build time -- 2022-03-13 06:01:57.957279
20220313 061408.626 INFO             PET0 !!!!!!!!!!!!!!!!!!!!!!!!!!!!!!!!!!!!!!!!!!!!!!!!!!!!!!
20220313 061408.626 INFO             PET0 !!! THE ESMF_LOG IS SET TO OUTPUT ALL LOG MESSAGES !!!
20220313 061408.626 INFO             PET0 !!!     THIS MAY CAUSE SLOWDOWN IN PERFORMANCE     !!!
20220313 061408.626 INFO             PET0 !!! FOR PRODUCTION RUNS, USE:                      !!!
20220313 061408.626 INFO             PET0 !!!                   ESMF_LOGKIND_Multi_On_Error  !!!
20220313 061408.626 INFO             PET0 !!!!!!!!!!!!!!!!!!!!!!!!!!!!!!!!!!!!!!!!!!!!!!!!!!!!!!
20220313 061408.626 INFO             PET0 Running with ESMF Version   : v8.3.0b09-96-g559b459836
20220313 061408.626 INFO             PET0 ESMF library build date/time: "Mar 13 2022" "05:59:55"
20220313 061408.626 INFO             PET0 ESMF library build location : /glade/scratch/rlong/esmf-testing/gfortran_9.1.0_openmpi_O_jedwards_pio_update2
20220313 061408.626 INFO             PET0 ESMF_COMM                   : openmpi
20220313 061408.626 INFO             PET0 ESMF_MOAB                   : enabled
20220313 061408.626 INFO             PET0 ESMF_LAPACK                 : enabled
20220313 061408.626 INFO             PET0 ESMF_NETCDF                 : enabled
20220313 061408.626 INFO             PET0 ESMF_PNETCDF                : disabled
20220313 061408.626 INFO             PET0 ESMF_PIO                    : enabled
20220313 061408.626 INFO             PET0 ESMF_YAMLCPP                : enabled
20220313 061408.627 INFO             PET0  Beginning Test, file ESMF_RouteHandleAdvancedUTest.F90, line 346
20220313 061408.627 INFO             PET0  NUMBER_OF_PROCESSORS           4
20220313 061408.633 INFO             PET0 ESMF_FieldRedistStoreNF(): Just entered routine.
20220313 061408.755 INFO             PET0 ESMF_FieldRedistStoreNF(): Leaving routine.
20220313 061408.755 INFO             PET0  PASS  Create RouteHandle for the original petList, ESMF_RouteHandleAdvancedUTest.F90, line 511
20220313 061408.755 INFO             PET0  PASS  Test RouteHandleIsCreated(), ESMF_RouteHandleAdvancedUTest.F90, line 519
20220313 061408.755 INFO             PET0  PASS  Test RouteHandleIsCreated() return value, ESMF_RouteHandleAdvancedUTest.F90, line 526
20220313 061408.755 INFO             PET0  PASS  Test RouteHandleGet(), ESMF_RouteHandleAdvancedUTest.F90, line 534
20220313 061408.765 INFO             PET0  PASS  Test RouteHandleWrite(), ESMF_RouteHandleAdvancedUTest.F90, line 542
20220313 061408.765 INFO             PET0  PASS  Test RouteHandleDestroy(), ESMF_RouteHandleAdvancedUTest.F90, line 550
20220313 061408.771 INFO             PET0  PASS  Test RouteHandleCreate(from file), ESMF_RouteHandleAdvancedUTest.F90, line 558
20220313 061408.773 INFO             PET0  PASS  Apply the read in Routehandle, ESMF_RouteHandleAdvancedUTest.F90, line 567
20220313 061408.773 INFO             PET0  PASS  Test RouteHandleDestroy() for the read in Routehandle, ESMF_RouteHandleAdvancedUTest.F90, line 575
20220313 061408.773 INFO             PET0 ESMF_FieldRedistStoreNF(): Just entered routine.
20220313 061408.893 INFO             PET0 ESMF_FieldRedistStoreNF(): Leaving routine.
20220313 061408.893 INFO             PET0  PASS  Create RouteHandle for the original petList, ESMF_RouteHandleAdvancedUTest.F90, line 585
20220313 061408.893 INFO             PET0  PASS  Transfer RouteHandle to a different petList, ESMF_RouteHandleAdvancedUTest.F90, line 602
20220313 061408.909 INFO             PET0 PIOc_sync Enter - MemInfo: [/proc/meminfo - SSI]	MemTotal:       65507008 kB
20220313 061408.909 INFO             PET0 PIOc_sync Enter - MemInfo: [/proc/meminfo - SSI]	MemFree:        50219072 kB
20220313 061408.909 INFO             PET0 PIOc_sync Enter - MemInfo: [/proc/meminfo - SSI]	MemAvailable:   49975560 kB
20220313 061408.910 INFO             PET0 PIOc_sync Enter - MemInfo: [/proc/meminfo - SSI]	Committed_AS:   12922492 kB
20220313 061408.910 INFO             PET0 PIOc_sync Enter - MemInfo: [/proc/meminfo - SSI]	CommittedPercent: 19.7269 %
20220313 061408.912 INFO             PET0 PIOc_sync Enter - MemInfo: [/proc/self/status]	VmPeak:	  529116 kB
20220313 061408.912 INFO             PET0 PIOc_sync Enter - MemInfo: [/proc/self/status]	VmSize:	  529116 kB
20220313 061408.912 INFO             PET0 PIOc_sync Enter - MemInfo: [/proc/self/status]	VmLck:	       0 kB
20220313 061408.912 INFO             PET0 PIOc_sync Enter - MemInfo: [/proc/self/status]	VmPin:	       0 kB
20220313 061408.912 INFO             PET0 PIOc_sync Enter - MemInfo: [/proc/self/status]	VmHWM:	   64860 kB
20220313 061408.912 INFO             PET0 PIOc_sync Enter - MemInfo: [/proc/self/status]	VmRSS:	   43976 kB
20220313 061408.912 INFO             PET0 PIOc_sync Enter - MemInfo: [/proc/self/status]	VmData:	   37992 kB
20220313 061408.912 INFO             PET0 PIOc_sync Enter - MemInfo: [/proc/self/status]	VmStk:	     148 kB
20220313 061408.912 INFO             PET0 PIOc_sync Enter - MemInfo: [/proc/self/status]	VmExe:	     216 kB
20220313 061408.912 INFO             PET0 PIOc_sync Enter - MemInfo: [/proc/self/status]	VmLib:	   49404 kB
20220313 061408.912 INFO             PET0 PIOc_sync Enter - MemInfo: [/proc/self/status]	VmPTE:	     776 kB
20220313 061408.912 INFO             PET0 PIOc_sync Enter - MemInfo: [/proc/self/status]	VmPMD:	      12 kB
20220313 061408.912 INFO             PET0 PIOc_sync Enter - MemInfo: [/proc/self/status]	VmSwap:	       0 kB
20220313 061408.912 INFO             PET0 PIOc_sync Enter - MemInfo: [/proc/self/status]	VmRSSPercent: 0.0671317 %
20220313 061408.912 INFO             PET0 PIOc_sync Enter - MemInfo: [malloc] Non-mmapped space allocated:                 9785344 Byte
20220313 061408.912 INFO             PET0 PIOc_sync Enter - MemInfo: [malloc] Space allocated in mmapped regions:         18362368 Byte
20220313 061408.912 INFO             PET0 PIOc_sync Enter - MemInfo: [malloc] Maximum total allocated space:                     0 Byte
20220313 061408.912 INFO             PET0 PIOc_sync Enter - MemInfo: [malloc] Space in freed fastbin blocks:                  1520 Byte
20220313 061408.912 INFO             PET0 PIOc_sync Enter - MemInfo: [malloc] Total allocated space:                       4510608 Byte
20220313 061408.912 INFO             PET0 PIOc_sync Enter - MemInfo: [malloc] Total free space:                            5274736 Byte
20220313 061408.912 INFO             PET0 PIOc_sync Enter - MemInfo: [malloc] Top-most, releasable space:                   135040 Byte
20220313 061408.912 INFO             PET0 PIOc_sync Enter - MemInfo: [malloc] Total space in use, mmap + non-mmap:        22872976 Byte
20220313 061408.912 INFO             PET0 PIOc_sync Enter - MemInfo: [malloc] Total space held (mmap + non-mmap):         28147712 Byte
20220313 061408.912 INFO             PET0 PIOc_sync Enter - MemInfo: [malloc] Total space used (mmap + non-mmap):         22882304 Byte
20220313 061408.912 INFO             PET0 PIOc_sync Enter - MemInfo: Wall-clock time since execution start:               0.287397 seconds
20220313 061408.913 INFO             PET0 PIOc_sync Exit - MemInfo: [/proc/meminfo - SSI]	MemTotal:       65507008 kB
20220313 061408.913 INFO             PET0 PIOc_sync Exit - MemInfo: [/proc/meminfo - SSI]	MemFree:        50219072 kB
20220313 061408.913 INFO             PET0 PIOc_sync Exit - MemInfo: [/proc/meminfo - SSI]	MemAvailable:   49975560 kB
20220313 061408.913 INFO             PET0 PIOc_sync Exit - MemInfo: [/proc/meminfo - SSI]	Committed_AS:   12922492 kB
20220313 061408.913 INFO             PET0 PIOc_sync Exit - MemInfo: [/proc/meminfo - SSI]	CommittedPercent: 19.7269 %
20220313 061408.913 INFO             PET0 PIOc_sync Exit - MemInfo: [/proc/self/status]	VmPeak:	  529116 kB
20220313 061408.913 INFO             PET0 PIOc_sync Exit - MemInfo: [/proc/self/status]	VmSize:	  529116 kB
20220313 061408.913 INFO             PET0 PIOc_sync Exit - MemInfo: [/proc/self/status]	VmLck:	       0 kB
20220313 061408.913 INFO             PET0 PIOc_sync Exit - MemInfo: [/proc/self/status]	VmPin:	       0 kB
20220313 061408.913 INFO             PET0 PIOc_sync Exit - MemInfo: [/proc/self/status]	VmHWM:	   64860 kB
20220313 061408.913 INFO             PET0 PIOc_sync Exit - MemInfo: [/proc/self/status]	VmRSS:	   44088 kB
20220313 061408.913 INFO             PET0 PIOc_sync Exit - MemInfo: [/proc/self/status]	VmData:	   37992 kB
20220313 061408.913 INFO             PET0 PIOc_sync Exit - MemInfo: [/proc/self/status]	VmStk:	     148 kB
20220313 061408.913 INFO             PET0 PIOc_sync Exit - MemInfo: [/proc/self/status]	VmExe:	     216 kB
20220313 061408.913 INFO             PET0 PIOc_sync Exit - MemInfo: [/proc/self/status]	VmLib:	   49404 kB
20220313 061408.913 INFO             PET0 PIOc_sync Exit - MemInfo: [/proc/self/status]	VmPTE:	     776 kB
20220313 061408.913 INFO             PET0 PIOc_sync Exit - MemInfo: [/proc/self/status]	VmPMD:	      12 kB
20220313 061408.913 INFO             PET0 PIOc_sync Exit - MemInfo: [/proc/self/status]	VmSwap:	       0 kB
20220313 061408.913 INFO             PET0 PIOc_sync Exit - MemInfo: [/proc/self/status]	VmRSSPercent: 0.0673027 %
20220313 061408.913 INFO             PET0 PIOc_sync Exit - MemInfo: [malloc] Non-mmapped space allocated:                 9785344 Byte
20220313 061408.913 INFO             PET0 PIOc_sync Exit - MemInfo: [malloc] Space allocated in mmapped regions:         18362368 Byte
20220313 061408.913 INFO             PET0 PIOc_sync Exit - MemInfo: [malloc] Maximum total allocated space:                     0 Byte
20220313 061408.913 INFO             PET0 PIOc_sync Exit - MemInfo: [malloc] Space in freed fastbin blocks:                  1744 Byte
20220313 061408.913 INFO             PET0 PIOc_sync Exit - MemInfo: [malloc] Total allocated space:                       4515360 Byte
20220313 061408.913 INFO             PET0 PIOc_sync Exit - MemInfo: [malloc] Total free space:                            5269984 Byte
20220313 061408.913 INFO             PET0 PIOc_sync Exit - MemInfo: [malloc] Top-most, releasable space:                   135040 Byte
20220313 061408.913 INFO             PET0 PIOc_sync Exit - MemInfo: [malloc] Total space in use, mmap + non-mmap:        22877728 Byte
20220313 061408.913 INFO             PET0 PIOc_sync Exit - MemInfo: [malloc] Total space held (mmap + non-mmap):         28147712 Byte
20220313 061408.913 INFO             PET0 PIOc_sync Exit - MemInfo: [malloc] Total space used (mmap + non-mmap):         22887056 Byte
20220313 061408.913 INFO             PET0 PIOc_sync Exit - MemInfo: Wall-clock time since execution start:               0.288127 seconds
20220313 061408.914 INFO             PET0 PIOc_freedecomp Enter - MemInfo: [/proc/meminfo - SSI]	MemTotal:       65507008 kB
20220313 061408.914 INFO             PET0 PIOc_freedecomp Enter - MemInfo: [/proc/meminfo - SSI]	MemFree:        50234192 kB
20220313 061408.914 INFO             PET0 PIOc_freedecomp Enter - MemInfo: [/proc/meminfo - SSI]	MemAvailable:   49990680 kB
20220313 061408.914 INFO             PET0 PIOc_freedecomp Enter - MemInfo: [/proc/meminfo - SSI]	Committed_AS:   12906104 kB
20220313 061408.914 INFO             PET0 PIOc_freedecomp Enter - MemInfo: [/proc/meminfo - SSI]	CommittedPercent: 19.7019 %
20220313 061408.914 INFO             PET0 PIOc_freedecomp Enter - MemInfo: [/proc/self/status]	VmPeak:	  529116 kB
20220313 061408.914 INFO             PET0 PIOc_freedecomp Enter - MemInfo: [/proc/self/status]	VmSize:	  512728 kB
20220313 061408.914 INFO             PET0 PIOc_freedecomp Enter - MemInfo: [/proc/self/status]	VmLck:	       0 kB
20220313 061408.914 INFO             PET0 PIOc_freedecomp Enter - MemInfo: [/proc/self/status]	VmPin:	       0 kB
20220313 061408.914 INFO             PET0 PIOc_freedecomp Enter - MemInfo: [/proc/self/status]	VmHWM:	   64860 kB
20220313 061408.914 INFO             PET0 PIOc_freedecomp Enter - MemInfo: [/proc/self/status]	VmRSS:	   27700 kB
20220313 061408.914 INFO             PET0 PIOc_freedecomp Enter - MemInfo: [/proc/self/status]	VmData:	   21604 kB
20220313 061408.914 INFO             PET0 PIOc_freedecomp Enter - MemInfo: [/proc/self/status]	VmStk:	     148 kB
20220313 061408.914 INFO             PET0 PIOc_freedecomp Enter - MemInfo: [/proc/self/status]	VmExe:	     216 kB
20220313 061408.914 INFO             PET0 PIOc_freedecomp Enter - MemInfo: [/proc/self/status]	VmLib:	   49404 kB
20220313 061408.914 INFO             PET0 PIOc_freedecomp Enter - MemInfo: [/proc/self/status]	VmPTE:	     744 kB
20220313 061408.914 INFO             PET0 PIOc_freedecomp Enter - MemInfo: [/proc/self/status]	VmPMD:	      12 kB
20220313 061408.914 INFO             PET0 PIOc_freedecomp Enter - MemInfo: [/proc/self/status]	VmSwap:	       0 kB
20220313 061408.914 INFO             PET0 PIOc_freedecomp Enter - MemInfo: [/proc/self/status]	VmRSSPercent: 0.0422856 %
20220313 061408.914 INFO             PET0 PIOc_freedecomp Enter - MemInfo: [malloc] Non-mmapped space allocated:                 9785344 Byte
20220313 061408.914 INFO             PET0 PIOc_freedecomp Enter - MemInfo: [malloc] Space allocated in mmapped regions:          1581056 Byte
20220313 061408.914 INFO             PET0 PIOc_freedecomp Enter - MemInfo: [malloc] Maximum total allocated space:                     0 Byte
20220313 061408.914 INFO             PET0 PIOc_freedecomp Enter - MemInfo: [malloc] Space in freed fastbin blocks:                  1776 Byte
20220313 061408.914 INFO             PET0 PIOc_freedecomp Enter - MemInfo: [malloc] Total allocated space:                       3977760 Byte
20220313 061408.914 INFO             PET0 PIOc_freedecomp Enter - MemInfo: [malloc] Total free space:                            5807584 Byte
20220313 061408.914 INFO             PET0 PIOc_freedecomp Enter - MemInfo: [malloc] Top-most, releasable space:                   135040 Byte
20220313 061408.914 INFO             PET0 PIOc_freedecomp Enter - MemInfo: [malloc] Total space in use, mmap + non-mmap:         5558816 Byte
20220313 061408.914 INFO             PET0 PIOc_freedecomp Enter - MemInfo: [malloc] Total space held (mmap + non-mmap):         11366400 Byte
20220313 061408.914 INFO             PET0 PIOc_freedecomp Enter - MemInfo: [malloc] Total space used (mmap + non-mmap):          5568144 Byte
20220313 061408.914 INFO             PET0 PIOc_freedecomp Enter - MemInfo: Wall-clock time since execution start:                0.28921 seconds
20220313 061408.914 INFO             PET0 PIOc_freedecomp Exit - MemInfo: [/proc/meminfo - SSI]	MemTotal:       65507008 kB
20220313 061408.914 INFO             PET0 PIOc_freedecomp Exit - MemInfo: [/proc/meminfo - SSI]	MemFree:        50234192 kB
20220313 061408.914 INFO             PET0 PIOc_freedecomp Exit - MemInfo: [/proc/meminfo - SSI]	MemAvailable:   49990680 kB
20220313 061408.914 INFO             PET0 PIOc_freedecomp Exit - MemInfo: [/proc/meminfo - SSI]	Committed_AS:   12906104 kB
20220313 061408.914 INFO             PET0 PIOc_freedecomp Exit - MemInfo: [/proc/meminfo - SSI]	CommittedPercent: 19.7019 %
20220313 061408.914 INFO             PET0 PIOc_freedecomp Exit - MemInfo: [/proc/self/status]	VmPeak:	  529116 kB
20220313 061408.914 INFO             PET0 PIOc_freedecomp Exit - MemInfo: [/proc/self/status]	VmSize:	  512728 kB
20220313 061408.914 INFO             PET0 PIOc_freedecomp Exit - MemInfo: [/proc/self/status]	VmLck:	       0 kB
20220313 061408.914 INFO             PET0 PIOc_freedecomp Exit - MemInfo: [/proc/self/status]	VmPin:	       0 kB
20220313 061408.914 INFO             PET0 PIOc_freedecomp Exit - MemInfo: [/proc/self/status]	VmHWM:	   64860 kB
20220313 061408.914 INFO             PET0 PIOc_freedecomp Exit - MemInfo: [/proc/self/status]	VmRSS:	   27704 kB
20220313 061408.914 INFO             PET0 PIOc_freedecomp Exit - MemInfo: [/proc/self/status]	VmData:	   21604 kB
20220313 061408.914 INFO             PET0 PIOc_freedecomp Exit - MemInfo: [/proc/self/status]	VmStk:	     148 kB
20220313 061408.914 INFO             PET0 PIOc_freedecomp Exit - MemInfo: [/proc/self/status]	VmExe:	     216 kB
20220313 061408.914 INFO             PET0 PIOc_freedecomp Exit - MemInfo: [/proc/self/status]	VmLib:	   49404 kB
20220313 061408.914 INFO             PET0 PIOc_freedecomp Exit - MemInfo: [/proc/self/status]	VmPTE:	     744 kB
20220313 061408.914 INFO             PET0 PIOc_freedecomp Exit - MemInfo: [/proc/self/status]	VmPMD:	      12 kB
20220313 061408.914 INFO             PET0 PIOc_freedecomp Exit - MemInfo: [/proc/self/status]	VmSwap:	       0 kB
20220313 061408.914 INFO             PET0 PIOc_freedecomp Exit - MemInfo: [/proc/self/status]	VmRSSPercent: 0.0422917 %
20220313 061408.914 INFO             PET0 PIOc_freedecomp Exit - MemInfo: [malloc] Non-mmapped space allocated:                 9785344 Byte
20220313 061408.914 INFO             PET0 PIOc_freedecomp Exit - MemInfo: [malloc] Space allocated in mmapped regions:          1581056 Byte
20220313 061408.914 INFO             PET0 PIOc_freedecomp Exit - MemInfo: [malloc] Maximum total allocated space:                     0 Byte
20220313 061408.914 INFO             PET0 PIOc_freedecomp Exit - MemInfo: [malloc] Space in freed fastbin blocks:                  2688 Byte
20220313 061408.914 INFO             PET0 PIOc_freedecomp Exit - MemInfo: [malloc] Total allocated space:                       3970992 Byte
20220313 061408.915 INFO             PET0 PIOc_freedecomp Exit - MemInfo: [malloc] Total free space:                            5814352 Byte
20220313 061408.915 INFO             PET0 PIOc_freedecomp Exit - MemInfo: [malloc] Top-most, releasable space:                   135040 Byte
20220313 061408.915 INFO             PET0 PIOc_freedecomp Exit - MemInfo: [malloc] Total space in use, mmap + non-mmap:         5552048 Byte
20220313 061408.915 INFO             PET0 PIOc_freedecomp Exit - MemInfo: [malloc] Total space held (mmap + non-mmap):         11366400 Byte
20220313 061408.915 INFO             PET0 PIOc_freedecomp Exit - MemInfo: [malloc] Total space used (mmap + non-mmap):          5561376 Byte
20220313 061408.915 INFO             PET0 PIOc_freedecomp Exit - MemInfo: Wall-clock time since execution start:                0.28957 seconds
20220313 061408.918 INFO             PET0 PIOc_sync Enter - MemInfo: [/proc/meminfo - SSI]	MemTotal:       65507008 kB
20220313 061408.918 INFO             PET0 PIOc_sync Enter - MemInfo: [/proc/meminfo - SSI]	MemFree:        50227640 kB
20220313 061408.918 INFO             PET0 PIOc_sync Enter - MemInfo: [/proc/meminfo - SSI]	MemAvailable:   49984128 kB
20220313 061408.918 INFO             PET0 PIOc_sync Enter - MemInfo: [/proc/meminfo - SSI]	Committed_AS:   12922488 kB
20220313 061408.918 INFO             PET0 PIOc_sync Enter - MemInfo: [/proc/meminfo - SSI]	CommittedPercent: 19.7269 %
20220313 061408.918 INFO             PET0 PIOc_sync Enter - MemInfo: [/proc/self/status]	VmPeak:	  529116 kB
20220313 061408.918 INFO             PET0 PIOc_sync Enter - MemInfo: [/proc/self/status]	VmSize:	  529112 kB
20220313 061408.918 INFO             PET0 PIOc_sync Enter - MemInfo: [/proc/self/status]	VmLck:	       0 kB
20220313 061408.918 INFO             PET0 PIOc_sync Enter - MemInfo: [/proc/self/status]	VmPin:	       0 kB
20220313 061408.918 INFO             PET0 PIOc_sync Enter - MemInfo: [/proc/self/status]	VmHWM:	   64860 kB
20220313 061408.918 INFO             PET0 PIOc_sync Enter - MemInfo: [/proc/self/status]	VmRSS:	   35784 kB
20220313 061408.918 INFO             PET0 PIOc_sync Enter - MemInfo: [/proc/self/status]	VmData:	   37988 kB
20220313 061408.918 INFO             PET0 PIOc_sync Enter - MemInfo: [/proc/self/status]	VmStk:	     148 kB
20220313 061408.918 INFO             PET0 PIOc_sync Enter - MemInfo: [/proc/self/status]	VmExe:	     216 kB
20220313 061408.918 INFO             PET0 PIOc_sync Enter - MemInfo: [/proc/self/status]	VmLib:	   49404 kB
20220313 061408.918 INFO             PET0 PIOc_sync Enter - MemInfo: [/proc/self/status]	VmPTE:	     764 kB
20220313 061408.918 INFO             PET0 PIOc_sync Enter - MemInfo: [/proc/self/status]	VmPMD:	      12 kB
20220313 061408.918 INFO             PET0 PIOc_sync Enter - MemInfo: [/proc/self/status]	VmSwap:	       0 kB
20220313 061408.918 INFO             PET0 PIOc_sync Enter - MemInfo: [/proc/self/status]	VmRSSPercent: 0.0546262 %
20220313 061408.918 INFO             PET0 PIOc_sync Enter - MemInfo: [malloc] Non-mmapped space allocated:                26562560 Byte
20220313 061408.918 INFO             PET0 PIOc_sync Enter - MemInfo: [malloc] Space allocated in mmapped regions:          1581056 Byte
20220313 061408.918 INFO             PET0 PIOc_sync Enter - MemInfo: [malloc] Maximum total allocated space:                     0 Byte
20220313 061408.918 INFO             PET0 PIOc_sync Enter - MemInfo: [malloc] Space in freed fastbin blocks:                  2080 Byte
20220313 061408.918 INFO             PET0 PIOc_sync Enter - MemInfo: [malloc] Total allocated space:                      21288560 Byte
20220313 061408.919 INFO             PET0 PIOc_sync Enter - MemInfo: [malloc] Total free space:                            5274000 Byte
20220313 061408.919 INFO             PET0 PIOc_sync Enter - MemInfo: [malloc] Top-most, releasable space:                   135024 Byte
20220313 061408.919 INFO             PET0 PIOc_sync Enter - MemInfo: [malloc] Total space in use, mmap + non-mmap:        22869616 Byte
20220313 061408.919 INFO             PET0 PIOc_sync Enter - MemInfo: [malloc] Total space held (mmap + non-mmap):         28143616 Byte
20220313 061408.919 INFO             PET0 PIOc_sync Enter - MemInfo: [malloc] Total space used (mmap + non-mmap):         22878944 Byte
20220313 061408.919 INFO             PET0 PIOc_sync Enter - MemInfo: Wall-clock time since execution start:               0.293575 seconds
20220313 061408.919 INFO             PET0 PIOc_sync Exit - MemInfo: [/proc/meminfo - SSI]	MemTotal:       65507008 kB
20220313 061408.919 INFO             PET0 PIOc_sync Exit - MemInfo: [/proc/meminfo - SSI]	MemFree:        50227640 kB
20220313 061408.919 INFO             PET0 PIOc_sync Exit - MemInfo: [/proc/meminfo - SSI]	MemAvailable:   49984128 kB
20220313 061408.919 INFO             PET0 PIOc_sync Exit - MemInfo: [/proc/meminfo - SSI]	Committed_AS:   12922488 kB
20220313 061408.919 INFO             PET0 PIOc_sync Exit - MemInfo: [/proc/meminfo - SSI]	CommittedPercent: 19.7269 %
20220313 061408.919 INFO             PET0 PIOc_sync Exit - MemInfo: [/proc/self/status]	VmPeak:	  529116 kB
20220313 061408.919 INFO             PET0 PIOc_sync Exit - MemInfo: [/proc/self/status]	VmSize:	  529112 kB
20220313 061408.919 INFO             PET0 PIOc_sync Exit - MemInfo: [/proc/self/status]	VmLck:	       0 kB
20220313 061408.919 INFO             PET0 PIOc_sync Exit - MemInfo: [/proc/self/status]	VmPin:	       0 kB
20220313 061408.919 INFO             PET0 PIOc_sync Exit - MemInfo: [/proc/self/status]	VmHWM:	   64860 kB
20220313 061408.919 INFO             PET0 PIOc_sync Exit - MemInfo: [/proc/self/status]	VmRSS:	   35784 kB
20220313 061408.919 INFO             PET0 PIOc_sync Exit - MemInfo: [/proc/self/status]	VmData:	   37988 kB
20220313 061408.919 INFO             PET0 PIOc_sync Exit - MemInfo: [/proc/self/status]	VmStk:	     148 kB
20220313 061408.919 INFO             PET0 PIOc_sync Exit - MemInfo: [/proc/self/status]	VmExe:	     216 kB
20220313 061408.919 INFO             PET0 PIOc_sync Exit - MemInfo: [/proc/self/status]	VmLib:	   49404 kB
20220313 061408.919 INFO             PET0 PIOc_sync Exit - MemInfo: [/proc/self/status]	VmPTE:	     764 kB
20220313 061408.919 INFO             PET0 PIOc_sync Exit - MemInfo: [/proc/self/status]	VmPMD:	      12 kB
20220313 061408.919 INFO             PET0 PIOc_sync Exit - MemInfo: [/proc/self/status]	VmSwap:	       0 kB
20220313 061408.919 INFO             PET0 PIOc_sync Exit - MemInfo: [/proc/self/status]	VmRSSPercent: 0.0546262 %
20220313 061408.919 INFO             PET0 PIOc_sync Exit - MemInfo: [malloc] Non-mmapped space allocated:                26562560 Byte
20220313 061408.919 INFO             PET0 PIOc_sync Exit - MemInfo: [malloc] Space allocated in mmapped regions:          1581056 Byte
20220313 061408.919 INFO             PET0 PIOc_sync Exit - MemInfo: [malloc] Maximum total allocated space:                     0 Byte
20220313 061408.919 INFO             PET0 PIOc_sync Exit - MemInfo: [malloc] Space in freed fastbin blocks:                  1744 Byte
20220313 061408.919 INFO             PET0 PIOc_sync Exit - MemInfo: [malloc] Total allocated space:                      21293312 Byte
20220313 061408.919 INFO             PET0 PIOc_sync Exit - MemInfo: [malloc] Total free space:                            5269248 Byte
20220313 061408.919 INFO             PET0 PIOc_sync Exit - MemInfo: [malloc] Top-most, releasable space:                   135024 Byte
20220313 061408.919 INFO             PET0 PIOc_sync Exit - MemInfo: [malloc] Total space in use, mmap + non-mmap:        22874368 Byte
20220313 061408.919 INFO             PET0 PIOc_sync Exit - MemInfo: [malloc] Total space held (mmap + non-mmap):         28143616 Byte
20220313 061408.919 INFO             PET0 PIOc_sync Exit - MemInfo: [malloc] Total space used (mmap + non-mmap):         22883696 Byte
20220313 061408.919 INFO             PET0 PIOc_sync Exit - MemInfo: Wall-clock time since execution start:               0.294045 seconds
20220313 061408.919 INFO             PET0 PIOc_freedecomp Enter - MemInfo: [/proc/meminfo - SSI]	MemTotal:       65507008 kB
20220313 061408.919 INFO             PET0 PIOc_freedecomp Enter - MemInfo: [/proc/meminfo - SSI]	MemFree:        50227640 kB
20220313 061408.919 INFO             PET0 PIOc_freedecomp Enter - MemInfo: [/proc/meminfo - SSI]	MemAvailable:   49984128 kB
20220313 061408.919 INFO             PET0 PIOc_freedecomp Enter - MemInfo: [/proc/meminfo - SSI]	Committed_AS:   12922488 kB
20220313 061408.919 INFO             PET0 PIOc_freedecomp Enter - MemInfo: [/proc/meminfo - SSI]	CommittedPercent: 19.7269 %
20220313 061408.919 INFO             PET0 PIOc_freedecomp Enter - MemInfo: [/proc/self/status]	VmPeak:	  529116 kB
20220313 061408.919 INFO             PET0 PIOc_freedecomp Enter - MemInfo: [/proc/self/status]	VmSize:	  529112 kB
20220313 061408.919 INFO             PET0 PIOc_freedecomp Enter - MemInfo: [/proc/self/status]	VmLck:	       0 kB
20220313 061408.919 INFO             PET0 PIOc_freedecomp Enter - MemInfo: [/proc/self/status]	VmPin:	       0 kB
20220313 061408.919 INFO             PET0 PIOc_freedecomp Enter - MemInfo: [/proc/self/status]	VmHWM:	   64860 kB
20220313 061408.919 INFO             PET0 PIOc_freedecomp Enter - MemInfo: [/proc/self/status]	VmRSS:	   35784 kB
20220313 061408.919 INFO             PET0 PIOc_freedecomp Enter - MemInfo: [/proc/self/status]	VmData:	   37988 kB
20220313 061408.919 INFO             PET0 PIOc_freedecomp Enter - MemInfo: [/proc/self/status]	VmStk:	     148 kB
20220313 061408.919 INFO             PET0 PIOc_freedecomp Enter - MemInfo: [/proc/self/status]	VmExe:	     216 kB
20220313 061408.919 INFO             PET0 PIOc_freedecomp Enter - MemInfo: [/proc/self/status]	VmLib:	   49404 kB
20220313 061408.919 INFO             PET0 PIOc_freedecomp Enter - MemInfo: [/proc/self/status]	VmPTE:	     764 kB
20220313 061408.919 INFO             PET0 PIOc_freedecomp Enter - MemInfo: [/proc/self/status]	VmPMD:	      12 kB
20220313 061408.919 INFO             PET0 PIOc_freedecomp Enter - MemInfo: [/proc/self/status]	VmSwap:	       0 kB
20220313 061408.919 INFO             PET0 PIOc_freedecomp Enter - MemInfo: [/proc/self/status]	VmRSSPercent: 0.0546262 %
20220313 061408.919 INFO             PET0 PIOc_freedecomp Enter - MemInfo: [malloc] Non-mmapped space allocated:                26562560 Byte
20220313 061408.919 INFO             PET0 PIOc_freedecomp Enter - MemInfo: [malloc] Space allocated in mmapped regions:          1581056 Byte
20220313 061408.919 INFO             PET0 PIOc_freedecomp Enter - MemInfo: [malloc] Maximum total allocated space:                     0 Byte
20220313 061408.919 INFO             PET0 PIOc_freedecomp Enter - MemInfo: [malloc] Space in freed fastbin blocks:                  1552 Byte
20220313 061408.919 INFO             PET0 PIOc_freedecomp Enter - MemInfo: [malloc] Total allocated space:                       3977728 Byte
20220313 061408.919 INFO             PET0 PIOc_freedecomp Enter - MemInfo: [malloc] Total free space:                           22584832 Byte
20220313 061408.919 INFO             PET0 PIOc_freedecomp Enter - MemInfo: [malloc] Top-most, releasable space:                 16912256 Byte
20220313 061408.919 INFO             PET0 PIOc_freedecomp Enter - MemInfo: [malloc] Total space in use, mmap + non-mmap:         5558784 Byte
20220313 061408.919 INFO             PET0 PIOc_freedecomp Enter - MemInfo: [malloc] Total space held (mmap + non-mmap):         28143616 Byte
20220313 061408.919 INFO             PET0 PIOc_freedecomp Enter - MemInfo: [malloc] Total space used (mmap + non-mmap):          5568112 Byte
20220313 061408.919 INFO             PET0 PIOc_freedecomp Enter - MemInfo: Wall-clock time since execution start:               0.294431 seconds
20220313 061408.919 INFO             PET0 PIOc_freedecomp Exit - MemInfo: [/proc/meminfo - SSI]	MemTotal:       65507008 kB
20220313 061408.919 INFO             PET0 PIOc_freedecomp Exit - MemInfo: [/proc/meminfo - SSI]	MemFree:        50227136 kB
20220313 061408.919 INFO             PET0 PIOc_freedecomp Exit - MemInfo: [/proc/meminfo - SSI]	MemAvailable:   49983624 kB
20220313 061408.919 INFO             PET0 PIOc_freedecomp Exit - MemInfo: [/proc/meminfo - SSI]	Committed_AS:   12922488 kB
20220313 061408.920 INFO             PET0 PIOc_freedecomp Exit - MemInfo: [/proc/meminfo - SSI]	CommittedPercent: 19.7269 %
20220313 061408.920 INFO             PET0 PIOc_freedecomp Exit - MemInfo: [/proc/self/status]	VmPeak:	  529116 kB
20220313 061408.920 INFO             PET0 PIOc_freedecomp Exit - MemInfo: [/proc/self/status]	VmSize:	  529112 kB
20220313 061408.920 INFO             PET0 PIOc_freedecomp Exit - MemInfo: [/proc/self/status]	VmLck:	       0 kB
20220313 061408.920 INFO             PET0 PIOc_freedecomp Exit - MemInfo: [/proc/self/status]	VmPin:	       0 kB
20220313 061408.920 INFO             PET0 PIOc_freedecomp Exit - MemInfo: [/proc/self/status]	VmHWM:	   64860 kB
20220313 061408.920 INFO             PET0 PIOc_freedecomp Exit - MemInfo: [/proc/self/status]	VmRSS:	   35784 kB
20220313 061408.920 INFO             PET0 PIOc_freedecomp Exit - MemInfo: [/proc/self/status]	VmData:	   37988 kB
20220313 061408.920 INFO             PET0 PIOc_freedecomp Exit - MemInfo: [/proc/self/status]	VmStk:	     148 kB
20220313 061408.920 INFO             PET0 PIOc_freedecomp Exit - MemInfo: [/proc/self/status]	VmExe:	     216 kB
20220313 061408.920 INFO             PET0 PIOc_freedecomp Exit - MemInfo: [/proc/self/status]	VmLib:	   49404 kB
20220313 061408.920 INFO             PET0 PIOc_freedecomp Exit - MemInfo: [/proc/self/status]	VmPTE:	     764 kB
20220313 061408.920 INFO             PET0 PIOc_freedecomp Exit - MemInfo: [/proc/self/status]	VmPMD:	      12 kB
20220313 061408.920 INFO             PET0 PIOc_freedecomp Exit - MemInfo: [/proc/self/status]	VmSwap:	       0 kB
20220313 061408.920 INFO             PET0 PIOc_freedecomp Exit - MemInfo: [/proc/self/status]	VmRSSPercent: 0.0546262 %
20220313 061408.920 INFO             PET0 PIOc_freedecomp Exit - MemInfo: [malloc] Non-mmapped space allocated:                26562560 Byte
20220313 061408.920 INFO             PET0 PIOc_freedecomp Exit - MemInfo: [malloc] Space allocated in mmapped regions:          1581056 Byte
20220313 061408.920 INFO             PET0 PIOc_freedecomp Exit - MemInfo: [malloc] Maximum total allocated space:                     0 Byte
20220313 061408.920 INFO             PET0 PIOc_freedecomp Exit - MemInfo: [malloc] Space in freed fastbin blocks:                  2944 Byte
20220313 061408.920 INFO             PET0 PIOc_freedecomp Exit - MemInfo: [malloc] Total allocated space:                       3970960 Byte
20220313 061408.920 INFO             PET0 PIOc_freedecomp Exit - MemInfo: [malloc] Total free space:                           22591600 Byte
20220313 061408.920 INFO             PET0 PIOc_freedecomp Exit - MemInfo: [malloc] Top-most, releasable space:                 16912256 Byte
20220313 061408.920 INFO             PET0 PIOc_freedecomp Exit - MemInfo: [malloc] Total space in use, mmap + non-mmap:         5552016 Byte
20220313 061408.920 INFO             PET0 PIOc_freedecomp Exit - MemInfo: [malloc] Total space held (mmap + non-mmap):         28143616 Byte
20220313 061408.920 INFO             PET0 PIOc_freedecomp Exit - MemInfo: [malloc] Total space used (mmap + non-mmap):          5561344 Byte
20220313 061408.920 INFO             PET0 PIOc_freedecomp Exit - MemInfo: Wall-clock time since execution start:               0.294785 seconds
20220313 061408.921 INFO             PET0 PIOc_sync Enter - MemInfo: [/proc/meminfo - SSI]	MemTotal:       65507008 kB
20220313 061408.921 INFO             PET0 PIOc_sync Enter - MemInfo: [/proc/meminfo - SSI]	MemFree:        50227136 kB
20220313 061408.921 INFO             PET0 PIOc_sync Enter - MemInfo: [/proc/meminfo - SSI]	MemAvailable:   49983624 kB
20220313 061408.921 INFO             PET0 PIOc_sync Enter - MemInfo: [/proc/meminfo - SSI]	Committed_AS:   12922488 kB
20220313 061408.921 INFO             PET0 PIOc_sync Enter - MemInfo: [/proc/meminfo - SSI]	CommittedPercent: 19.7269 %
20220313 061408.921 INFO             PET0 PIOc_sync Enter - MemInfo: [/proc/self/status]	VmPeak:	  537300 kB
20220313 061408.921 INFO             PET0 PIOc_sync Enter - MemInfo: [/proc/self/status]	VmSize:	  529112 kB
20220313 061408.921 INFO             PET0 PIOc_sync Enter - MemInfo: [/proc/self/status]	VmLck:	       0 kB
20220313 061408.921 INFO             PET0 PIOc_sync Enter - MemInfo: [/proc/self/status]	VmPin:	       0 kB
20220313 061408.921 INFO             PET0 PIOc_sync Enter - MemInfo: [/proc/self/status]	VmHWM:	   64860 kB
20220313 061408.921 INFO             PET0 PIOc_sync Enter - MemInfo: [/proc/self/status]	VmRSS:	   35784 kB
20220313 061408.921 INFO             PET0 PIOc_sync Enter - MemInfo: [/proc/self/status]	VmData:	   37988 kB
20220313 061408.921 INFO             PET0 PIOc_sync Enter - MemInfo: [/proc/self/status]	VmStk:	     148 kB
20220313 061408.921 INFO             PET0 PIOc_sync Enter - MemInfo: [/proc/self/status]	VmExe:	     216 kB
20220313 061408.921 INFO             PET0 PIOc_sync Enter - MemInfo: [/proc/self/status]	VmLib:	   49404 kB
20220313 061408.921 INFO             PET0 PIOc_sync Enter - MemInfo: [/proc/self/status]	VmPTE:	     764 kB
20220313 061408.921 INFO             PET0 PIOc_sync Enter - MemInfo: [/proc/self/status]	VmPMD:	      12 kB
20220313 061408.921 INFO             PET0 PIOc_sync Enter - MemInfo: [/proc/self/status]	VmSwap:	       0 kB
20220313 061408.921 INFO             PET0 PIOc_sync Enter - MemInfo: [/proc/self/status]	VmRSSPercent: 0.0546262 %
20220313 061408.921 INFO             PET0 PIOc_sync Enter - MemInfo: [malloc] Non-mmapped space allocated:                26562560 Byte
20220313 061408.921 INFO             PET0 PIOc_sync Enter - MemInfo: [malloc] Space allocated in mmapped regions:          1581056 Byte
20220313 061408.921 INFO             PET0 PIOc_sync Enter - MemInfo: [malloc] Maximum total allocated space:                     0 Byte
20220313 061408.921 INFO             PET0 PIOc_sync Enter - MemInfo: [malloc] Space in freed fastbin blocks:                  2528 Byte
20220313 061408.921 INFO             PET0 PIOc_sync Enter - MemInfo: [malloc] Total allocated space:                      21289344 Byte
20220313 061408.921 INFO             PET0 PIOc_sync Enter - MemInfo: [malloc] Total free space:                            5273216 Byte
20220313 061408.921 INFO             PET0 PIOc_sync Enter - MemInfo: [malloc] Top-most, releasable space:                   135024 Byte
20220313 061408.921 INFO             PET0 PIOc_sync Enter - MemInfo: [malloc] Total space in use, mmap + non-mmap:        22870400 Byte
20220313 061408.921 INFO             PET0 PIOc_sync Enter - MemInfo: [malloc] Total space held (mmap + non-mmap):         28143616 Byte
20220313 061408.921 INFO             PET0 PIOc_sync Enter - MemInfo: [malloc] Total space used (mmap + non-mmap):         22879728 Byte
20220313 061408.921 INFO             PET0 PIOc_sync Enter - MemInfo: Wall-clock time since execution start:               0.296091 seconds
20220313 061408.921 INFO             PET0 PIOc_sync Exit - MemInfo: [/proc/meminfo - SSI]	MemTotal:       65507008 kB
20220313 061408.921 INFO             PET0 PIOc_sync Exit - MemInfo: [/proc/meminfo - SSI]	MemFree:        50227136 kB
20220313 061408.921 INFO             PET0 PIOc_sync Exit - MemInfo: [/proc/meminfo - SSI]	MemAvailable:   49983624 kB
20220313 061408.921 INFO             PET0 PIOc_sync Exit - MemInfo: [/proc/meminfo - SSI]	Committed_AS:   12922488 kB
20220313 061408.921 INFO             PET0 PIOc_sync Exit - MemInfo: [/proc/meminfo - SSI]	CommittedPercent: 19.7269 %
20220313 061408.921 INFO             PET0 PIOc_sync Exit - MemInfo: [/proc/self/status]	VmPeak:	  537300 kB
20220313 061408.921 INFO             PET0 PIOc_sync Exit - MemInfo: [/proc/self/status]	VmSize:	  529112 kB
20220313 061408.921 INFO             PET0 PIOc_sync Exit - MemInfo: [/proc/self/status]	VmLck:	       0 kB
20220313 061408.921 INFO             PET0 PIOc_sync Exit - MemInfo: [/proc/self/status]	VmPin:	       0 kB
20220313 061408.921 INFO             PET0 PIOc_sync Exit - MemInfo: [/proc/self/status]	VmHWM:	   64860 kB
20220313 061408.921 INFO             PET0 PIOc_sync Exit - MemInfo: [/proc/self/status]	VmRSS:	   35784 kB
20220313 061408.921 INFO             PET0 PIOc_sync Exit - MemInfo: [/proc/self/status]	VmData:	   37988 kB
20220313 061408.921 INFO             PET0 PIOc_sync Exit - MemInfo: [/proc/self/status]	VmStk:	     148 kB
20220313 061408.921 INFO             PET0 PIOc_sync Exit - MemInfo: [/proc/self/status]	VmExe:	     216 kB
20220313 061408.921 INFO             PET0 PIOc_sync Exit - MemInfo: [/proc/self/status]	VmLib:	   49404 kB
20220313 061408.921 INFO             PET0 PIOc_sync Exit - MemInfo: [/proc/self/status]	VmPTE:	     764 kB
20220313 061408.921 INFO             PET0 PIOc_sync Exit - MemInfo: [/proc/self/status]	VmPMD:	      12 kB
20220313 061408.921 INFO             PET0 PIOc_sync Exit - MemInfo: [/proc/self/status]	VmSwap:	       0 kB
20220313 061408.921 INFO             PET0 PIOc_sync Exit - MemInfo: [/proc/self/status]	VmRSSPercent: 0.0546262 %
20220313 061408.921 INFO             PET0 PIOc_sync Exit - MemInfo: [malloc] Non-mmapped space allocated:                26562560 Byte
20220313 061408.921 INFO             PET0 PIOc_sync Exit - MemInfo: [malloc] Space allocated in mmapped regions:          1581056 Byte
20220313 061408.921 INFO             PET0 PIOc_sync Exit - MemInfo: [malloc] Maximum total allocated space:                     0 Byte
20220313 061408.921 INFO             PET0 PIOc_sync Exit - MemInfo: [malloc] Space in freed fastbin blocks:                  1840 Byte
20220313 061408.921 INFO             PET0 PIOc_sync Exit - MemInfo: [malloc] Total allocated space:                      21294112 Byte
20220313 061408.921 INFO             PET0 PIOc_sync Exit - MemInfo: [malloc] Total free space:                            5268448 Byte
20220313 061408.921 INFO             PET0 PIOc_sync Exit - MemInfo: [malloc] Top-most, releasable space:                   135024 Byte
20220313 061408.922 INFO             PET0 PIOc_sync Exit - MemInfo: [malloc] Total space in use, mmap + non-mmap:        22875168 Byte
20220313 061408.922 INFO             PET0 PIOc_sync Exit - MemInfo: [malloc] Total space held (mmap + non-mmap):         28143616 Byte
20220313 061408.922 INFO             PET0 PIOc_sync Exit - MemInfo: [malloc] Total space used (mmap + non-mmap):         22884496 Byte
20220313 061408.922 INFO             PET0 PIOc_sync Exit - MemInfo: Wall-clock time since execution start:               0.296558 seconds
20220313 061408.922 INFO             PET0 PIOc_freedecomp Enter - MemInfo: [/proc/meminfo - SSI]	MemTotal:       65507008 kB
20220313 061408.922 INFO             PET0 PIOc_freedecomp Enter - MemInfo: [/proc/meminfo - SSI]	MemFree:        50227136 kB
20220313 061408.922 INFO             PET0 PIOc_freedecomp Enter - MemInfo: [/proc/meminfo - SSI]	MemAvailable:   49983624 kB
20220313 061408.922 INFO             PET0 PIOc_freedecomp Enter - MemInfo: [/proc/meminfo - SSI]	Committed_AS:   12922488 kB
20220313 061408.922 INFO             PET0 PIOc_freedecomp Enter - MemInfo: [/proc/meminfo - SSI]	CommittedPercent: 19.7269 %
20220313 061408.922 INFO             PET0 PIOc_freedecomp Enter - MemInfo: [/proc/self/status]	VmPeak:	  537300 kB
20220313 061408.922 INFO             PET0 PIOc_freedecomp Enter - MemInfo: [/proc/self/status]	VmSize:	  529112 kB
20220313 061408.922 INFO             PET0 PIOc_freedecomp Enter - MemInfo: [/proc/self/status]	VmLck:	       0 kB
20220313 061408.922 INFO             PET0 PIOc_freedecomp Enter - MemInfo: [/proc/self/status]	VmPin:	       0 kB
20220313 061408.922 INFO             PET0 PIOc_freedecomp Enter - MemInfo: [/proc/self/status]	VmHWM:	   64860 kB
20220313 061408.922 INFO             PET0 PIOc_freedecomp Enter - MemInfo: [/proc/self/status]	VmRSS:	   35784 kB
20220313 061408.922 INFO             PET0 PIOc_freedecomp Enter - MemInfo: [/proc/self/status]	VmData:	   37988 kB
20220313 061408.922 INFO             PET0 PIOc_freedecomp Enter - MemInfo: [/proc/self/status]	VmStk:	     148 kB
20220313 061408.922 INFO             PET0 PIOc_freedecomp Enter - MemInfo: [/proc/self/status]	VmExe:	     216 kB
20220313 061408.922 INFO             PET0 PIOc_freedecomp Enter - MemInfo: [/proc/self/status]	VmLib:	   49404 kB
20220313 061408.922 INFO             PET0 PIOc_freedecomp Enter - MemInfo: [/proc/self/status]	VmPTE:	     764 kB
20220313 061408.922 INFO             PET0 PIOc_freedecomp Enter - MemInfo: [/proc/self/status]	VmPMD:	      12 kB
20220313 061408.922 INFO             PET0 PIOc_freedecomp Enter - MemInfo: [/proc/self/status]	VmSwap:	       0 kB
20220313 061408.922 INFO             PET0 PIOc_freedecomp Enter - MemInfo: [/proc/self/status]	VmRSSPercent: 0.0546262 %
20220313 061408.922 INFO             PET0 PIOc_freedecomp Enter - MemInfo: [malloc] Non-mmapped space allocated:                26562560 Byte
20220313 061408.922 INFO             PET0 PIOc_freedecomp Enter - MemInfo: [malloc] Space allocated in mmapped regions:          1581056 Byte
20220313 061408.922 INFO             PET0 PIOc_freedecomp Enter - MemInfo: [malloc] Maximum total allocated space:                     0 Byte
20220313 061408.922 INFO             PET0 PIOc_freedecomp Enter - MemInfo: [malloc] Space in freed fastbin blocks:                  1664 Byte
20220313 061408.922 INFO             PET0 PIOc_freedecomp Enter - MemInfo: [malloc] Total allocated space:                       3977712 Byte
20220313 061408.922 INFO             PET0 PIOc_freedecomp Enter - MemInfo: [malloc] Total free space:                           22584848 Byte
20220313 061408.922 INFO             PET0 PIOc_freedecomp Enter - MemInfo: [malloc] Top-most, releasable space:                 16912256 Byte
20220313 061408.922 INFO             PET0 PIOc_freedecomp Enter - MemInfo: [malloc] Total space in use, mmap + non-mmap:         5558768 Byte
20220313 061408.922 INFO             PET0 PIOc_freedecomp Enter - MemInfo: [malloc] Total space held (mmap + non-mmap):         28143616 Byte
20220313 061408.922 INFO             PET0 PIOc_freedecomp Enter - MemInfo: [malloc] Total space used (mmap + non-mmap):          5568096 Byte
20220313 061408.922 INFO             PET0 PIOc_freedecomp Enter - MemInfo: Wall-clock time since execution start:                0.29693 seconds
20220313 061408.922 INFO             PET0 PIOc_freedecomp Exit - MemInfo: [/proc/meminfo - SSI]	MemTotal:       65507008 kB
20220313 061408.922 INFO             PET0 PIOc_freedecomp Exit - MemInfo: [/proc/meminfo - SSI]	MemFree:        50227136 kB
20220313 061408.922 INFO             PET0 PIOc_freedecomp Exit - MemInfo: [/proc/meminfo - SSI]	MemAvailable:   49983624 kB
20220313 061408.922 INFO             PET0 PIOc_freedecomp Exit - MemInfo: [/proc/meminfo - SSI]	Committed_AS:   12922488 kB
20220313 061408.922 INFO             PET0 PIOc_freedecomp Exit - MemInfo: [/proc/meminfo - SSI]	CommittedPercent: 19.7269 %
20220313 061408.922 INFO             PET0 PIOc_freedecomp Exit - MemInfo: [/proc/self/status]	VmPeak:	  537300 kB
20220313 061408.922 INFO             PET0 PIOc_freedecomp Exit - MemInfo: [/proc/self/status]	VmSize:	  529112 kB
20220313 061408.922 INFO             PET0 PIOc_freedecomp Exit - MemInfo: [/proc/self/status]	VmLck:	       0 kB
20220313 061408.922 INFO             PET0 PIOc_freedecomp Exit - MemInfo: [/proc/self/status]	VmPin:	       0 kB
20220313 061408.922 INFO             PET0 PIOc_freedecomp Exit - MemInfo: [/proc/self/status]	VmHWM:	   64860 kB
20220313 061408.922 INFO             PET0 PIOc_freedecomp Exit - MemInfo: [/proc/self/status]	VmRSS:	   35784 kB
20220313 061408.922 INFO             PET0 PIOc_freedecomp Exit - MemInfo: [/proc/self/status]	VmData:	   37988 kB
20220313 061408.922 INFO             PET0 PIOc_freedecomp Exit - MemInfo: [/proc/self/status]	VmStk:	     148 kB
20220313 061408.922 INFO             PET0 PIOc_freedecomp Exit - MemInfo: [/proc/self/status]	VmExe:	     216 kB
20220313 061408.922 INFO             PET0 PIOc_freedecomp Exit - MemInfo: [/proc/self/status]	VmLib:	   49404 kB
20220313 061408.922 INFO             PET0 PIOc_freedecomp Exit - MemInfo: [/proc/self/status]	VmPTE:	     764 kB
20220313 061408.922 INFO             PET0 PIOc_freedecomp Exit - MemInfo: [/proc/self/status]	VmPMD:	      12 kB
20220313 061408.922 INFO             PET0 PIOc_freedecomp Exit - MemInfo: [/proc/self/status]	VmSwap:	       0 kB
20220313 061408.922 INFO             PET0 PIOc_freedecomp Exit - MemInfo: [/proc/self/status]	VmRSSPercent: 0.0546262 %
20220313 061408.922 INFO             PET0 PIOc_freedecomp Exit - MemInfo: [malloc] Non-mmapped space allocated:                26562560 Byte
20220313 061408.922 INFO             PET0 PIOc_freedecomp Exit - MemInfo: [malloc] Space allocated in mmapped regions:          1581056 Byte
20220313 061408.922 INFO             PET0 PIOc_freedecomp Exit - MemInfo: [malloc] Maximum total allocated space:                     0 Byte
20220313 061408.922 INFO             PET0 PIOc_freedecomp Exit - MemInfo: [malloc] Space in freed fastbin blocks:                  2576 Byte
20220313 061408.922 INFO             PET0 PIOc_freedecomp Exit - MemInfo: [malloc] Total allocated space:                       3970928 Byte
20220313 061408.922 INFO             PET0 PIOc_freedecomp Exit - MemInfo: [malloc] Total free space:                           22591632 Byte
20220313 061408.922 INFO             PET0 PIOc_freedecomp Exit - MemInfo: [malloc] Top-most, releasable space:                 16912256 Byte
20220313 061408.922 INFO             PET0 PIOc_freedecomp Exit - MemInfo: [malloc] Total space in use, mmap + non-mmap:         5551984 Byte
20220313 061408.922 INFO             PET0 PIOc_freedecomp Exit - MemInfo: [malloc] Total space held (mmap + non-mmap):         28143616 Byte
20220313 061408.922 INFO             PET0 PIOc_freedecomp Exit - MemInfo: [malloc] Total space used (mmap + non-mmap):          5561312 Byte
20220313 061408.922 INFO             PET0 PIOc_freedecomp Exit - MemInfo: Wall-clock time since execution start:               0.297279 seconds
20220313 061408.923 INFO             PET0 PIOc_sync Enter - MemInfo: [/proc/meminfo - SSI]	MemTotal:       65507008 kB
20220313 061408.923 INFO             PET0 PIOc_sync Enter - MemInfo: [/proc/meminfo - SSI]	MemFree:        50227136 kB
20220313 061408.923 INFO             PET0 PIOc_sync Enter - MemInfo: [/proc/meminfo - SSI]	MemAvailable:   49983624 kB
20220313 061408.923 INFO             PET0 PIOc_sync Enter - MemInfo: [/proc/meminfo - SSI]	Committed_AS:   12922488 kB
20220313 061408.923 INFO             PET0 PIOc_sync Enter - MemInfo: [/proc/meminfo - SSI]	CommittedPercent: 19.7269 %
20220313 061408.923 INFO             PET0 PIOc_sync Enter - MemInfo: [/proc/self/status]	VmPeak:	  537300 kB
20220313 061408.923 INFO             PET0 PIOc_sync Enter - MemInfo: [/proc/self/status]	VmSize:	  529112 kB
20220313 061408.923 INFO             PET0 PIOc_sync Enter - MemInfo: [/proc/self/status]	VmLck:	       0 kB
20220313 061408.923 INFO             PET0 PIOc_sync Enter - MemInfo: [/proc/self/status]	VmPin:	       0 kB
20220313 061408.923 INFO             PET0 PIOc_sync Enter - MemInfo: [/proc/self/status]	VmHWM:	   64860 kB
20220313 061408.923 INFO             PET0 PIOc_sync Enter - MemInfo: [/proc/self/status]	VmRSS:	   35784 kB
20220313 061408.923 INFO             PET0 PIOc_sync Enter - MemInfo: [/proc/self/status]	VmData:	   37988 kB
20220313 061408.923 INFO             PET0 PIOc_sync Enter - MemInfo: [/proc/self/status]	VmStk:	     148 kB
20220313 061408.923 INFO             PET0 PIOc_sync Enter - MemInfo: [/proc/self/status]	VmExe:	     216 kB
20220313 061408.923 INFO             PET0 PIOc_sync Enter - MemInfo: [/proc/self/status]	VmLib:	   49404 kB
20220313 061408.923 INFO             PET0 PIOc_sync Enter - MemInfo: [/proc/self/status]	VmPTE:	     764 kB
20220313 061408.923 INFO             PET0 PIOc_sync Enter - MemInfo: [/proc/self/status]	VmPMD:	      12 kB
20220313 061408.923 INFO             PET0 PIOc_sync Enter - MemInfo: [/proc/self/status]	VmSwap:	       0 kB
20220313 061408.923 INFO             PET0 PIOc_sync Enter - MemInfo: [/proc/self/status]	VmRSSPercent: 0.0546262 %
20220313 061408.923 INFO             PET0 PIOc_sync Enter - MemInfo: [malloc] Non-mmapped space allocated:                26562560 Byte
20220313 061408.924 INFO             PET0 PIOc_sync Enter - MemInfo: [malloc] Space allocated in mmapped regions:          1581056 Byte
20220313 061408.924 INFO             PET0 PIOc_sync Enter - MemInfo: [malloc] Maximum total allocated space:                     0 Byte
20220313 061408.924 INFO             PET0 PIOc_sync Enter - MemInfo: [malloc] Space in freed fastbin blocks:                  2992 Byte
20220313 061408.924 INFO             PET0 PIOc_sync Enter - MemInfo: [malloc] Total allocated space:                      21290032 Byte
20220313 061408.924 INFO             PET0 PIOc_sync Enter - MemInfo: [malloc] Total free space:                            5272528 Byte
20220313 061408.924 INFO             PET0 PIOc_sync Enter - MemInfo: [malloc] Top-most, releasable space:                   135024 Byte
20220313 061408.924 INFO             PET0 PIOc_sync Enter - MemInfo: [malloc] Total space in use, mmap + non-mmap:        22871088 Byte
20220313 061408.924 INFO             PET0 PIOc_sync Enter - MemInfo: [malloc] Total space held (mmap + non-mmap):         28143616 Byte
20220313 061408.924 INFO             PET0 PIOc_sync Enter - MemInfo: [malloc] Total space used (mmap + non-mmap):         22880416 Byte
20220313 061408.924 INFO             PET0 PIOc_sync Enter - MemInfo: Wall-clock time since execution start:               0.298612 seconds
20220313 061408.924 INFO             PET0 PIOc_sync Exit - MemInfo: [/proc/meminfo - SSI]	MemTotal:       65507008 kB
20220313 061408.924 INFO             PET0 PIOc_sync Exit - MemInfo: [/proc/meminfo - SSI]	MemFree:        50227136 kB
20220313 061408.924 INFO             PET0 PIOc_sync Exit - MemInfo: [/proc/meminfo - SSI]	MemAvailable:   49983624 kB
20220313 061408.924 INFO             PET0 PIOc_sync Exit - MemInfo: [/proc/meminfo - SSI]	Committed_AS:   12922488 kB
20220313 061408.924 INFO             PET0 PIOc_sync Exit - MemInfo: [/proc/meminfo - SSI]	CommittedPercent: 19.7269 %
20220313 061408.924 INFO             PET0 PIOc_sync Exit - MemInfo: [/proc/self/status]	VmPeak:	  537300 kB
20220313 061408.924 INFO             PET0 PIOc_sync Exit - MemInfo: [/proc/self/status]	VmSize:	  529112 kB
20220313 061408.924 INFO             PET0 PIOc_sync Exit - MemInfo: [/proc/self/status]	VmLck:	       0 kB
20220313 061408.924 INFO             PET0 PIOc_sync Exit - MemInfo: [/proc/self/status]	VmPin:	       0 kB
20220313 061408.924 INFO             PET0 PIOc_sync Exit - MemInfo: [/proc/self/status]	VmHWM:	   64860 kB
20220313 061408.924 INFO             PET0 PIOc_sync Exit - MemInfo: [/proc/self/status]	VmRSS:	   35784 kB
20220313 061408.924 INFO             PET0 PIOc_sync Exit - MemInfo: [/proc/self/status]	VmData:	   37988 kB
20220313 061408.924 INFO             PET0 PIOc_sync Exit - MemInfo: [/proc/self/status]	VmStk:	     148 kB
20220313 061408.924 INFO             PET0 PIOc_sync Exit - MemInfo: [/proc/self/status]	VmExe:	     216 kB
20220313 061408.924 INFO             PET0 PIOc_sync Exit - MemInfo: [/proc/self/status]	VmLib:	   49404 kB
20220313 061408.924 INFO             PET0 PIOc_sync Exit - MemInfo: [/proc/self/status]	VmPTE:	     764 kB
20220313 061408.924 INFO             PET0 PIOc_sync Exit - MemInfo: [/proc/self/status]	VmPMD:	      12 kB
20220313 061408.924 INFO             PET0 PIOc_sync Exit - MemInfo: [/proc/self/status]	VmSwap:	       0 kB
20220313 061408.924 INFO             PET0 PIOc_sync Exit - MemInfo: [/proc/self/status]	VmRSSPercent: 0.0546262 %
20220313 061408.924 INFO             PET0 PIOc_sync Exit - MemInfo: [malloc] Non-mmapped space allocated:                26562560 Byte
20220313 061408.924 INFO             PET0 PIOc_sync Exit - MemInfo: [malloc] Space allocated in mmapped regions:          1581056 Byte
20220313 061408.924 INFO             PET0 PIOc_sync Exit - MemInfo: [malloc] Maximum total allocated space:                     0 Byte
20220313 061408.924 INFO             PET0 PIOc_sync Exit - MemInfo: [malloc] Space in freed fastbin blocks:                  1744 Byte
20220313 061408.924 INFO             PET0 PIOc_sync Exit - MemInfo: [malloc] Total allocated space:                      21294832 Byte
20220313 061408.924 INFO             PET0 PIOc_sync Exit - MemInfo: [malloc] Total free space:                            5267728 Byte
20220313 061408.924 INFO             PET0 PIOc_sync Exit - MemInfo: [malloc] Top-most, releasable space:                   135024 Byte
20220313 061408.924 INFO             PET0 PIOc_sync Exit - MemInfo: [malloc] Total space in use, mmap + non-mmap:        22875888 Byte
20220313 061408.924 INFO             PET0 PIOc_sync Exit - MemInfo: [malloc] Total space held (mmap + non-mmap):         28143616 Byte
20220313 061408.924 INFO             PET0 PIOc_sync Exit - MemInfo: [malloc] Total space used (mmap + non-mmap):         22885216 Byte
20220313 061408.924 INFO             PET0 PIOc_sync Exit - MemInfo: Wall-clock time since execution start:               0.299071 seconds
20220313 061408.924 INFO             PET0 PIOc_freedecomp Enter - MemInfo: [/proc/meminfo - SSI]	MemTotal:       65507008 kB
20220313 061408.924 INFO             PET0 PIOc_freedecomp Enter - MemInfo: [/proc/meminfo - SSI]	MemFree:        50227136 kB
20220313 061408.924 INFO             PET0 PIOc_freedecomp Enter - MemInfo: [/proc/meminfo - SSI]	MemAvailable:   49983624 kB
20220313 061408.924 INFO             PET0 PIOc_freedecomp Enter - MemInfo: [/proc/meminfo - SSI]	Committed_AS:   12922488 kB
20220313 061408.924 INFO             PET0 PIOc_freedecomp Enter - MemInfo: [/proc/meminfo - SSI]	CommittedPercent: 19.7269 %
20220313 061408.924 INFO             PET0 PIOc_freedecomp Enter - MemInfo: [/proc/self/status]	VmPeak:	  537300 kB
20220313 061408.924 INFO             PET0 PIOc_freedecomp Enter - MemInfo: [/proc/self/status]	VmSize:	  529112 kB
20220313 061408.924 INFO             PET0 PIOc_freedecomp Enter - MemInfo: [/proc/self/status]	VmLck:	       0 kB
20220313 061408.924 INFO             PET0 PIOc_freedecomp Enter - MemInfo: [/proc/self/status]	VmPin:	       0 kB
20220313 061408.924 INFO             PET0 PIOc_freedecomp Enter - MemInfo: [/proc/self/status]	VmHWM:	   64860 kB
20220313 061408.924 INFO             PET0 PIOc_freedecomp Enter - MemInfo: [/proc/self/status]	VmRSS:	   35784 kB
20220313 061408.924 INFO             PET0 PIOc_freedecomp Enter - MemInfo: [/proc/self/status]	VmData:	   37988 kB
20220313 061408.924 INFO             PET0 PIOc_freedecomp Enter - MemInfo: [/proc/self/status]	VmStk:	     148 kB
20220313 061408.924 INFO             PET0 PIOc_freedecomp Enter - MemInfo: [/proc/self/status]	VmExe:	     216 kB
20220313 061408.924 INFO             PET0 PIOc_freedecomp Enter - MemInfo: [/proc/self/status]	VmLib:	   49404 kB
20220313 061408.924 INFO             PET0 PIOc_freedecomp Enter - MemInfo: [/proc/self/status]	VmPTE:	     764 kB
20220313 061408.924 INFO             PET0 PIOc_freedecomp Enter - MemInfo: [/proc/self/status]	VmPMD:	      12 kB
20220313 061408.924 INFO             PET0 PIOc_freedecomp Enter - MemInfo: [/proc/self/status]	VmSwap:	       0 kB
20220313 061408.924 INFO             PET0 PIOc_freedecomp Enter - MemInfo: [/proc/self/status]	VmRSSPercent: 0.0546262 %
20220313 061408.924 INFO             PET0 PIOc_freedecomp Enter - MemInfo: [malloc] Non-mmapped space allocated:                26562560 Byte
20220313 061408.924 INFO             PET0 PIOc_freedecomp Enter - MemInfo: [malloc] Space allocated in mmapped regions:          1581056 Byte
20220313 061408.924 INFO             PET0 PIOc_freedecomp Enter - MemInfo: [malloc] Maximum total allocated space:                     0 Byte
20220313 061408.924 INFO             PET0 PIOc_freedecomp Enter - MemInfo: [malloc] Space in freed fastbin blocks:                  1664 Byte
20220313 061408.924 INFO             PET0 PIOc_freedecomp Enter - MemInfo: [malloc] Total allocated space:                       3977760 Byte
20220313 061408.924 INFO             PET0 PIOc_freedecomp Enter - MemInfo: [malloc] Total free space:                           22584800 Byte
20220313 061408.924 INFO             PET0 PIOc_freedecomp Enter - MemInfo: [malloc] Top-most, releasable space:                 16912256 Byte
20220313 061408.924 INFO             PET0 PIOc_freedecomp Enter - MemInfo: [malloc] Total space in use, mmap + non-mmap:         5558816 Byte
20220313 061408.924 INFO             PET0 PIOc_freedecomp Enter - MemInfo: [malloc] Total space held (mmap + non-mmap):         28143616 Byte
20220313 061408.924 INFO             PET0 PIOc_freedecomp Enter - MemInfo: [malloc] Total space used (mmap + non-mmap):          5568144 Byte
20220313 061408.924 INFO             PET0 PIOc_freedecomp Enter - MemInfo: Wall-clock time since execution start:               0.299448 seconds
20220313 061408.924 INFO             PET0 PIOc_freedecomp Exit - MemInfo: [/proc/meminfo - SSI]	MemTotal:       65507008 kB
20220313 061408.924 INFO             PET0 PIOc_freedecomp Exit - MemInfo: [/proc/meminfo - SSI]	MemFree:        50227136 kB
20220313 061408.924 INFO             PET0 PIOc_freedecomp Exit - MemInfo: [/proc/meminfo - SSI]	MemAvailable:   49983624 kB
20220313 061408.924 INFO             PET0 PIOc_freedecomp Exit - MemInfo: [/proc/meminfo - SSI]	Committed_AS:   12922488 kB
20220313 061408.925 INFO             PET0 PIOc_freedecomp Exit - MemInfo: [/proc/meminfo - SSI]	CommittedPercent: 19.7269 %
20220313 061408.925 INFO             PET0 PIOc_freedecomp Exit - MemInfo: [/proc/self/status]	VmPeak:	  537300 kB
20220313 061408.925 INFO             PET0 PIOc_freedecomp Exit - MemInfo: [/proc/self/status]	VmSize:	  529112 kB
20220313 061408.925 INFO             PET0 PIOc_freedecomp Exit - MemInfo: [/proc/self/status]	VmLck:	       0 kB
20220313 061408.925 INFO             PET0 PIOc_freedecomp Exit - MemInfo: [/proc/self/status]	VmPin:	       0 kB
20220313 061408.925 INFO             PET0 PIOc_freedecomp Exit - MemInfo: [/proc/self/status]	VmHWM:	   64860 kB
20220313 061408.925 INFO             PET0 PIOc_freedecomp Exit - MemInfo: [/proc/self/status]	VmRSS:	   35784 kB
20220313 061408.925 INFO             PET0 PIOc_freedecomp Exit - MemInfo: [/proc/self/status]	VmData:	   37988 kB
20220313 061408.925 INFO             PET0 PIOc_freedecomp Exit - MemInfo: [/proc/self/status]	VmStk:	     148 kB
20220313 061408.925 INFO             PET0 PIOc_freedecomp Exit - MemInfo: [/proc/self/status]	VmExe:	     216 kB
20220313 061408.925 INFO             PET0 PIOc_freedecomp Exit - MemInfo: [/proc/self/status]	VmLib:	   49404 kB
20220313 061408.925 INFO             PET0 PIOc_freedecomp Exit - MemInfo: [/proc/self/status]	VmPTE:	     764 kB
20220313 061408.925 INFO             PET0 PIOc_freedecomp Exit - MemInfo: [/proc/self/status]	VmPMD:	      12 kB
20220313 061408.925 INFO             PET0 PIOc_freedecomp Exit - MemInfo: [/proc/self/status]	VmSwap:	       0 kB
20220313 061408.925 INFO             PET0 PIOc_freedecomp Exit - MemInfo: [/proc/self/status]	VmRSSPercent: 0.0546262 %
20220313 061408.925 INFO             PET0 PIOc_freedecomp Exit - MemInfo: [malloc] Non-mmapped space allocated:                26562560 Byte
20220313 061408.925 INFO             PET0 PIOc_freedecomp Exit - MemInfo: [malloc] Space allocated in mmapped regions:          1581056 Byte
20220313 061408.925 INFO             PET0 PIOc_freedecomp Exit - MemInfo: [malloc] Maximum total allocated space:                     0 Byte
20220313 061408.925 INFO             PET0 PIOc_freedecomp Exit - MemInfo: [malloc] Space in freed fastbin blocks:                  2896 Byte
20220313 061408.925 INFO             PET0 PIOc_freedecomp Exit - MemInfo: [malloc] Total allocated space:                       3970960 Byte
20220313 061408.925 INFO             PET0 PIOc_freedecomp Exit - MemInfo: [malloc] Total free space:                           22591600 Byte
20220313 061408.925 INFO             PET0 PIOc_freedecomp Exit - MemInfo: [malloc] Top-most, releasable space:                 16912256 Byte
20220313 061408.925 INFO             PET0 PIOc_freedecomp Exit - MemInfo: [malloc] Total space in use, mmap + non-mmap:         5552016 Byte
20220313 061408.925 INFO             PET0 PIOc_freedecomp Exit - MemInfo: [malloc] Total space held (mmap + non-mmap):         28143616 Byte
20220313 061408.925 INFO             PET0 PIOc_freedecomp Exit - MemInfo: [malloc] Total space used (mmap + non-mmap):          5561344 Byte
20220313 061408.925 INFO             PET0 PIOc_freedecomp Exit - MemInfo: Wall-clock time since execution start:                0.29979 seconds
20220313 061408.927 INFO             PET0  PASS  Test RouteHandleDestroy(), ESMF_RouteHandleAdvancedUTest.F90, line 633
20220313 061408.927 INFO             PET0  PASS  Apply the copied Routehandle, ESMF_RouteHandleAdvancedUTest.F90, line 643
20220313 061408.927 INFO             PET0  PASS  Test RouteHandleDestroy() for the copied Routehandle, ESMF_RouteHandleAdvancedUTest.F90, line 651
20220313 061408.927 INFO             PET0  PASS  Test ESMF_DynamicMaskSetR4R4R4(), ESMF_RouteHandleAdvancedUTest.F90, line 716
20220313 061408.927 INFO             PET0  PASS  Test ESMF_DynamicMaskSetR4R4R4V(), ESMF_RouteHandleAdvancedUTest.F90, line 725
20220313 061408.927 INFO             PET0  PASS  Test ESMF_DynamicMaskSetR4R8R4V(), ESMF_RouteHandleAdvancedUTest.F90, line 734
20220313 061408.927 INFO             PET0  Ending Test, file ESMF_RouteHandleAdvancedUTest.F90, line 749
20220313 061408.927 INFO             PET0 Finalizing ESMF
20220313 061408.627 INFO             PET1 !!!!!!!!!!!!!!!!!!!!!!!!!!!!!!!!!!!!!!!!!!!!!!!!!!!!!!
20220313 061408.627 INFO             PET1 !!! THE ESMF_LOG IS SET TO OUTPUT ALL LOG MESSAGES !!!
20220313 061408.627 INFO             PET1 !!!     THIS MAY CAUSE SLOWDOWN IN PERFORMANCE     !!!
20220313 061408.627 INFO             PET1 !!! FOR PRODUCTION RUNS, USE:                      !!!
20220313 061408.627 INFO             PET1 !!!                   ESMF_LOGKIND_Multi_On_Error  !!!
20220313 061408.627 INFO             PET1 !!!!!!!!!!!!!!!!!!!!!!!!!!!!!!!!!!!!!!!!!!!!!!!!!!!!!!
20220313 061408.627 INFO             PET1 Running with ESMF Version   : v8.3.0b09-96-g559b459836
20220313 061408.627 INFO             PET1 ESMF library build date/time: "Mar 13 2022" "05:59:55"
20220313 061408.627 INFO             PET1 ESMF library build location : /glade/scratch/rlong/esmf-testing/gfortran_9.1.0_openmpi_O_jedwards_pio_update2
20220313 061408.627 INFO             PET1 ESMF_COMM                   : openmpi
20220313 061408.627 INFO             PET1 ESMF_MOAB                   : enabled
20220313 061408.627 INFO             PET1 ESMF_LAPACK                 : enabled
20220313 061408.627 INFO             PET1 ESMF_NETCDF                 : enabled
20220313 061408.627 INFO             PET1 ESMF_PNETCDF                : disabled
20220313 061408.627 INFO             PET1 ESMF_PIO                    : enabled
20220313 061408.627 INFO             PET1 ESMF_YAMLCPP                : enabled
20220313 061408.627 INFO             PET1  Beginning Test, file ESMF_RouteHandleAdvancedUTest.F90, line 346
20220313 061408.627 INFO             PET1  NUMBER_OF_PROCESSORS           4
20220313 061408.633 INFO             PET1 ESMF_FieldRedistStoreNF(): Just entered routine.
20220313 061408.755 INFO             PET1 ESMF_FieldRedistStoreNF(): Leaving routine.
20220313 061408.755 INFO             PET1  PASS  Create RouteHandle for the original petList, ESMF_RouteHandleAdvancedUTest.F90, line 511
20220313 061408.755 INFO             PET1  PASS  Test RouteHandleIsCreated(), ESMF_RouteHandleAdvancedUTest.F90, line 519
20220313 061408.755 INFO             PET1  PASS  Test RouteHandleIsCreated() return value, ESMF_RouteHandleAdvancedUTest.F90, line 526
20220313 061408.755 INFO             PET1  PASS  Test RouteHandleGet(), ESMF_RouteHandleAdvancedUTest.F90, line 534
20220313 061408.765 INFO             PET1  PASS  Test RouteHandleWrite(), ESMF_RouteHandleAdvancedUTest.F90, line 542
20220313 061408.765 INFO             PET1  PASS  Test RouteHandleDestroy(), ESMF_RouteHandleAdvancedUTest.F90, line 550
20220313 061408.771 INFO             PET1  PASS  Test RouteHandleCreate(from file), ESMF_RouteHandleAdvancedUTest.F90, line 558
20220313 061408.773 INFO             PET1  PASS  Apply the read in Routehandle, ESMF_RouteHandleAdvancedUTest.F90, line 567
20220313 061408.773 INFO             PET1  PASS  Test RouteHandleDestroy() for the read in Routehandle, ESMF_RouteHandleAdvancedUTest.F90, line 575
20220313 061408.773 INFO             PET1 ESMF_FieldRedistStoreNF(): Just entered routine.
20220313 061408.893 INFO             PET1 ESMF_FieldRedistStoreNF(): Leaving routine.
20220313 061408.893 INFO             PET1  PASS  Create RouteHandle for the original petList, ESMF_RouteHandleAdvancedUTest.F90, line 585
20220313 061408.893 INFO             PET1  PASS  Transfer RouteHandle to a different petList, ESMF_RouteHandleAdvancedUTest.F90, line 602
20220313 061408.909 INFO             PET1 PIOc_sync Enter - MemInfo: [/proc/meminfo - SSI]	MemTotal:       65507008 kB
20220313 061408.909 INFO             PET1 PIOc_sync Enter - MemInfo: [/proc/meminfo - SSI]	MemFree:        50219072 kB
20220313 061408.909 INFO             PET1 PIOc_sync Enter - MemInfo: [/proc/meminfo - SSI]	MemAvailable:   49975560 kB
20220313 061408.910 INFO             PET1 PIOc_sync Enter - MemInfo: [/proc/meminfo - SSI]	Committed_AS:   12922492 kB
20220313 061408.910 INFO             PET1 PIOc_sync Enter - MemInfo: [/proc/meminfo - SSI]	CommittedPercent: 19.7269 %
20220313 061408.912 INFO             PET1 PIOc_sync Enter - MemInfo: [/proc/self/status]	VmPeak:	  516948 kB
20220313 061408.912 INFO             PET1 PIOc_sync Enter - MemInfo: [/proc/self/status]	VmSize:	  512724 kB
20220313 061408.912 INFO             PET1 PIOc_sync Enter - MemInfo: [/proc/self/status]	VmLck:	       0 kB
20220313 061408.912 INFO             PET1 PIOc_sync Enter - MemInfo: [/proc/self/status]	VmPin:	       0 kB
20220313 061408.912 INFO             PET1 PIOc_sync Enter - MemInfo: [/proc/self/status]	VmHWM:	   64848 kB
20220313 061408.912 INFO             PET1 PIOc_sync Enter - MemInfo: [/proc/self/status]	VmRSS:	   26480 kB
20220313 061408.912 INFO             PET1 PIOc_sync Enter - MemInfo: [/proc/self/status]	VmData:	   21600 kB
20220313 061408.912 INFO             PET1 PIOc_sync Enter - MemInfo: [/proc/self/status]	VmStk:	     148 kB
20220313 061408.912 INFO             PET1 PIOc_sync Enter - MemInfo: [/proc/self/status]	VmExe:	     216 kB
20220313 061408.912 INFO             PET1 PIOc_sync Enter - MemInfo: [/proc/self/status]	VmLib:	   49404 kB
20220313 061408.912 INFO             PET1 PIOc_sync Enter - MemInfo: [/proc/self/status]	VmPTE:	     752 kB
20220313 061408.912 INFO             PET1 PIOc_sync Enter - MemInfo: [/proc/self/status]	VmPMD:	      16 kB
20220313 061408.912 INFO             PET1 PIOc_sync Enter - MemInfo: [/proc/self/status]	VmSwap:	       0 kB
20220313 061408.912 INFO             PET1 PIOc_sync Enter - MemInfo: [/proc/self/status]	VmRSSPercent: 0.0404232 %
20220313 061408.912 INFO             PET1 PIOc_sync Enter - MemInfo: [malloc] Non-mmapped space allocated:                 9781248 Byte
20220313 061408.912 INFO             PET1 PIOc_sync Enter - MemInfo: [malloc] Space allocated in mmapped regions:          1581056 Byte
20220313 061408.912 INFO             PET1 PIOc_sync Enter - MemInfo: [malloc] Maximum total allocated space:                     0 Byte
20220313 061408.912 INFO             PET1 PIOc_sync Enter - MemInfo: [malloc] Space in freed fastbin blocks:                   880 Byte
20220313 061408.913 INFO             PET1 PIOc_sync Enter - MemInfo: [malloc] Total allocated space:                       3774208 Byte
20220313 061408.913 INFO             PET1 PIOc_sync Enter - MemInfo: [malloc] Total free space:                            6007040 Byte
20220313 061408.913 INFO             PET1 PIOc_sync Enter - MemInfo: [malloc] Top-most, releasable space:                   132608 Byte
20220313 061408.913 INFO             PET1 PIOc_sync Enter - MemInfo: [malloc] Total space in use, mmap + non-mmap:         5355264 Byte
20220313 061408.913 INFO             PET1 PIOc_sync Enter - MemInfo: [malloc] Total space held (mmap + non-mmap):         11362304 Byte
20220313 061408.913 INFO             PET1 PIOc_sync Enter - MemInfo: [malloc] Total space used (mmap + non-mmap):          5364592 Byte
20220313 061408.913 INFO             PET1 PIOc_sync Enter - MemInfo: Wall-clock time since execution start:               0.287604 seconds
20220313 061408.913 INFO             PET1 PIOc_sync Exit - MemInfo: [/proc/meminfo - SSI]	MemTotal:       65507008 kB
20220313 061408.913 INFO             PET1 PIOc_sync Exit - MemInfo: [/proc/meminfo - SSI]	MemFree:        50219072 kB
20220313 061408.913 INFO             PET1 PIOc_sync Exit - MemInfo: [/proc/meminfo - SSI]	MemAvailable:   49975560 kB
20220313 061408.913 INFO             PET1 PIOc_sync Exit - MemInfo: [/proc/meminfo - SSI]	Committed_AS:   12922492 kB
20220313 061408.913 INFO             PET1 PIOc_sync Exit - MemInfo: [/proc/meminfo - SSI]	CommittedPercent: 19.7269 %
20220313 061408.913 INFO             PET1 PIOc_sync Exit - MemInfo: [/proc/self/status]	VmPeak:	  516948 kB
20220313 061408.913 INFO             PET1 PIOc_sync Exit - MemInfo: [/proc/self/status]	VmSize:	  512724 kB
20220313 061408.913 INFO             PET1 PIOc_sync Exit - MemInfo: [/proc/self/status]	VmLck:	       0 kB
20220313 061408.913 INFO             PET1 PIOc_sync Exit - MemInfo: [/proc/self/status]	VmPin:	       0 kB
20220313 061408.913 INFO             PET1 PIOc_sync Exit - MemInfo: [/proc/self/status]	VmHWM:	   64848 kB
20220313 061408.913 INFO             PET1 PIOc_sync Exit - MemInfo: [/proc/self/status]	VmRSS:	   26544 kB
20220313 061408.913 INFO             PET1 PIOc_sync Exit - MemInfo: [/proc/self/status]	VmData:	   21600 kB
20220313 061408.913 INFO             PET1 PIOc_sync Exit - MemInfo: [/proc/self/status]	VmStk:	     148 kB
20220313 061408.913 INFO             PET1 PIOc_sync Exit - MemInfo: [/proc/self/status]	VmExe:	     216 kB
20220313 061408.913 INFO             PET1 PIOc_sync Exit - MemInfo: [/proc/self/status]	VmLib:	   49404 kB
20220313 061408.913 INFO             PET1 PIOc_sync Exit - MemInfo: [/proc/self/status]	VmPTE:	     752 kB
20220313 061408.913 INFO             PET1 PIOc_sync Exit - MemInfo: [/proc/self/status]	VmPMD:	      16 kB
20220313 061408.913 INFO             PET1 PIOc_sync Exit - MemInfo: [/proc/self/status]	VmSwap:	       0 kB
20220313 061408.913 INFO             PET1 PIOc_sync Exit - MemInfo: [/proc/self/status]	VmRSSPercent: 0.0405209 %
20220313 061408.913 INFO             PET1 PIOc_sync Exit - MemInfo: [malloc] Non-mmapped space allocated:                 9781248 Byte
20220313 061408.913 INFO             PET1 PIOc_sync Exit - MemInfo: [malloc] Space allocated in mmapped regions:          1581056 Byte
20220313 061408.913 INFO             PET1 PIOc_sync Exit - MemInfo: [malloc] Maximum total allocated space:                     0 Byte
20220313 061408.913 INFO             PET1 PIOc_sync Exit - MemInfo: [malloc] Space in freed fastbin blocks:                  1392 Byte
20220313 061408.913 INFO             PET1 PIOc_sync Exit - MemInfo: [malloc] Total allocated space:                       3774128 Byte
20220313 061408.913 INFO             PET1 PIOc_sync Exit - MemInfo: [malloc] Total free space:                            6007120 Byte
20220313 061408.913 INFO             PET1 PIOc_sync Exit - MemInfo: [malloc] Top-most, releasable space:                   132608 Byte
20220313 061408.913 INFO             PET1 PIOc_sync Exit - MemInfo: [malloc] Total space in use, mmap + non-mmap:         5355184 Byte
20220313 061408.913 INFO             PET1 PIOc_sync Exit - MemInfo: [malloc] Total space held (mmap + non-mmap):         11362304 Byte
20220313 061408.913 INFO             PET1 PIOc_sync Exit - MemInfo: [malloc] Total space used (mmap + non-mmap):          5364512 Byte
20220313 061408.913 INFO             PET1 PIOc_sync Exit - MemInfo: Wall-clock time since execution start:               0.288187 seconds
20220313 061408.914 INFO             PET1 PIOc_freedecomp Enter - MemInfo: [/proc/meminfo - SSI]	MemTotal:       65507008 kB
20220313 061408.914 INFO             PET1 PIOc_freedecomp Enter - MemInfo: [/proc/meminfo - SSI]	MemFree:        50234192 kB
20220313 061408.914 INFO             PET1 PIOc_freedecomp Enter - MemInfo: [/proc/meminfo - SSI]	MemAvailable:   49990680 kB
20220313 061408.914 INFO             PET1 PIOc_freedecomp Enter - MemInfo: [/proc/meminfo - SSI]	Committed_AS:   12906104 kB
20220313 061408.914 INFO             PET1 PIOc_freedecomp Enter - MemInfo: [/proc/meminfo - SSI]	CommittedPercent: 19.7019 %
20220313 061408.914 INFO             PET1 PIOc_freedecomp Enter - MemInfo: [/proc/self/status]	VmPeak:	  516948 kB
20220313 061408.914 INFO             PET1 PIOc_freedecomp Enter - MemInfo: [/proc/self/status]	VmSize:	  512724 kB
20220313 061408.914 INFO             PET1 PIOc_freedecomp Enter - MemInfo: [/proc/self/status]	VmLck:	       0 kB
20220313 061408.914 INFO             PET1 PIOc_freedecomp Enter - MemInfo: [/proc/self/status]	VmPin:	       0 kB
20220313 061408.914 INFO             PET1 PIOc_freedecomp Enter - MemInfo: [/proc/self/status]	VmHWM:	   64848 kB
20220313 061408.914 INFO             PET1 PIOc_freedecomp Enter - MemInfo: [/proc/self/status]	VmRSS:	   26544 kB
20220313 061408.914 INFO             PET1 PIOc_freedecomp Enter - MemInfo: [/proc/self/status]	VmData:	   21600 kB
20220313 061408.914 INFO             PET1 PIOc_freedecomp Enter - MemInfo: [/proc/self/status]	VmStk:	     148 kB
20220313 061408.914 INFO             PET1 PIOc_freedecomp Enter - MemInfo: [/proc/self/status]	VmExe:	     216 kB
20220313 061408.914 INFO             PET1 PIOc_freedecomp Enter - MemInfo: [/proc/self/status]	VmLib:	   49404 kB
20220313 061408.914 INFO             PET1 PIOc_freedecomp Enter - MemInfo: [/proc/self/status]	VmPTE:	     752 kB
20220313 061408.914 INFO             PET1 PIOc_freedecomp Enter - MemInfo: [/proc/self/status]	VmPMD:	      16 kB
20220313 061408.914 INFO             PET1 PIOc_freedecomp Enter - MemInfo: [/proc/self/status]	VmSwap:	       0 kB
20220313 061408.914 INFO             PET1 PIOc_freedecomp Enter - MemInfo: [/proc/self/status]	VmRSSPercent: 0.0405209 %
20220313 061408.914 INFO             PET1 PIOc_freedecomp Enter - MemInfo: [malloc] Non-mmapped space allocated:                 9781248 Byte
20220313 061408.914 INFO             PET1 PIOc_freedecomp Enter - MemInfo: [malloc] Space allocated in mmapped regions:          1581056 Byte
20220313 061408.914 INFO             PET1 PIOc_freedecomp Enter - MemInfo: [malloc] Maximum total allocated space:                     0 Byte
20220313 061408.914 INFO             PET1 PIOc_freedecomp Enter - MemInfo: [malloc] Space in freed fastbin blocks:                  1584 Byte
20220313 061408.914 INFO             PET1 PIOc_freedecomp Enter - MemInfo: [malloc] Total allocated space:                       3772480 Byte
20220313 061408.914 INFO             PET1 PIOc_freedecomp Enter - MemInfo: [malloc] Total free space:                            6008768 Byte
20220313 061408.914 INFO             PET1 PIOc_freedecomp Enter - MemInfo: [malloc] Top-most, releasable space:                   132608 Byte
20220313 061408.914 INFO             PET1 PIOc_freedecomp Enter - MemInfo: [malloc] Total space in use, mmap + non-mmap:         5353536 Byte
20220313 061408.914 INFO             PET1 PIOc_freedecomp Enter - MemInfo: [malloc] Total space held (mmap + non-mmap):         11362304 Byte
20220313 061408.914 INFO             PET1 PIOc_freedecomp Enter - MemInfo: [malloc] Total space used (mmap + non-mmap):          5362864 Byte
20220313 061408.914 INFO             PET1 PIOc_freedecomp Enter - MemInfo: Wall-clock time since execution start:               0.289259 seconds
20220313 061408.914 INFO             PET1 PIOc_freedecomp Exit - MemInfo: [/proc/meminfo - SSI]	MemTotal:       65507008 kB
20220313 061408.914 INFO             PET1 PIOc_freedecomp Exit - MemInfo: [/proc/meminfo - SSI]	MemFree:        50234192 kB
20220313 061408.914 INFO             PET1 PIOc_freedecomp Exit - MemInfo: [/proc/meminfo - SSI]	MemAvailable:   49990680 kB
20220313 061408.914 INFO             PET1 PIOc_freedecomp Exit - MemInfo: [/proc/meminfo - SSI]	Committed_AS:   12906104 kB
20220313 061408.914 INFO             PET1 PIOc_freedecomp Exit - MemInfo: [/proc/meminfo - SSI]	CommittedPercent: 19.7019 %
20220313 061408.914 INFO             PET1 PIOc_freedecomp Exit - MemInfo: [/proc/self/status]	VmPeak:	  516948 kB
20220313 061408.914 INFO             PET1 PIOc_freedecomp Exit - MemInfo: [/proc/self/status]	VmSize:	  512724 kB
20220313 061408.914 INFO             PET1 PIOc_freedecomp Exit - MemInfo: [/proc/self/status]	VmLck:	       0 kB
20220313 061408.914 INFO             PET1 PIOc_freedecomp Exit - MemInfo: [/proc/self/status]	VmPin:	       0 kB
20220313 061408.914 INFO             PET1 PIOc_freedecomp Exit - MemInfo: [/proc/self/status]	VmHWM:	   64848 kB
20220313 061408.914 INFO             PET1 PIOc_freedecomp Exit - MemInfo: [/proc/self/status]	VmRSS:	   26548 kB
20220313 061408.914 INFO             PET1 PIOc_freedecomp Exit - MemInfo: [/proc/self/status]	VmData:	   21600 kB
20220313 061408.914 INFO             PET1 PIOc_freedecomp Exit - MemInfo: [/proc/self/status]	VmStk:	     148 kB
20220313 061408.914 INFO             PET1 PIOc_freedecomp Exit - MemInfo: [/proc/self/status]	VmExe:	     216 kB
20220313 061408.914 INFO             PET1 PIOc_freedecomp Exit - MemInfo: [/proc/self/status]	VmLib:	   49404 kB
20220313 061408.914 INFO             PET1 PIOc_freedecomp Exit - MemInfo: [/proc/self/status]	VmPTE:	     752 kB
20220313 061408.914 INFO             PET1 PIOc_freedecomp Exit - MemInfo: [/proc/self/status]	VmPMD:	      16 kB
20220313 061408.915 INFO             PET1 PIOc_freedecomp Exit - MemInfo: [/proc/self/status]	VmSwap:	       0 kB
20220313 061408.915 INFO             PET1 PIOc_freedecomp Exit - MemInfo: [/proc/self/status]	VmRSSPercent: 0.040527 %
20220313 061408.915 INFO             PET1 PIOc_freedecomp Exit - MemInfo: [malloc] Non-mmapped space allocated:                 9781248 Byte
20220313 061408.915 INFO             PET1 PIOc_freedecomp Exit - MemInfo: [malloc] Space allocated in mmapped regions:          1581056 Byte
20220313 061408.915 INFO             PET1 PIOc_freedecomp Exit - MemInfo: [malloc] Maximum total allocated space:                     0 Byte
20220313 061408.915 INFO             PET1 PIOc_freedecomp Exit - MemInfo: [malloc] Space in freed fastbin blocks:                  2032 Byte
20220313 061408.915 INFO             PET1 PIOc_freedecomp Exit - MemInfo: [malloc] Total allocated space:                       3770512 Byte
20220313 061408.915 INFO             PET1 PIOc_freedecomp Exit - MemInfo: [malloc] Total free space:                            6010736 Byte
20220313 061408.915 INFO             PET1 PIOc_freedecomp Exit - MemInfo: [malloc] Top-most, releasable space:                   132608 Byte
20220313 061408.915 INFO             PET1 PIOc_freedecomp Exit - MemInfo: [malloc] Total space in use, mmap + non-mmap:         5351568 Byte
20220313 061408.915 INFO             PET1 PIOc_freedecomp Exit - MemInfo: [malloc] Total space held (mmap + non-mmap):         11362304 Byte
20220313 061408.915 INFO             PET1 PIOc_freedecomp Exit - MemInfo: [malloc] Total space used (mmap + non-mmap):          5360896 Byte
20220313 061408.915 INFO             PET1 PIOc_freedecomp Exit - MemInfo: Wall-clock time since execution start:                0.28967 seconds
20220313 061408.918 INFO             PET1 PIOc_sync Enter - MemInfo: [/proc/meminfo - SSI]	MemTotal:       65507008 kB
20220313 061408.918 INFO             PET1 PIOc_sync Enter - MemInfo: [/proc/meminfo - SSI]	MemFree:        50227640 kB
20220313 061408.918 INFO             PET1 PIOc_sync Enter - MemInfo: [/proc/meminfo - SSI]	MemAvailable:   49984128 kB
20220313 061408.918 INFO             PET1 PIOc_sync Enter - MemInfo: [/proc/meminfo - SSI]	Committed_AS:   12922488 kB
20220313 061408.918 INFO             PET1 PIOc_sync Enter - MemInfo: [/proc/meminfo - SSI]	CommittedPercent: 19.7269 %
20220313 061408.918 INFO             PET1 PIOc_sync Enter - MemInfo: [/proc/self/status]	VmPeak:	  516948 kB
20220313 061408.918 INFO             PET1 PIOc_sync Enter - MemInfo: [/proc/self/status]	VmSize:	  512724 kB
20220313 061408.918 INFO             PET1 PIOc_sync Enter - MemInfo: [/proc/self/status]	VmLck:	       0 kB
20220313 061408.918 INFO             PET1 PIOc_sync Enter - MemInfo: [/proc/self/status]	VmPin:	       0 kB
20220313 061408.918 INFO             PET1 PIOc_sync Enter - MemInfo: [/proc/self/status]	VmHWM:	   64848 kB
20220313 061408.918 INFO             PET1 PIOc_sync Enter - MemInfo: [/proc/self/status]	VmRSS:	   26552 kB
20220313 061408.918 INFO             PET1 PIOc_sync Enter - MemInfo: [/proc/self/status]	VmData:	   21600 kB
20220313 061408.918 INFO             PET1 PIOc_sync Enter - MemInfo: [/proc/self/status]	VmStk:	     148 kB
20220313 061408.918 INFO             PET1 PIOc_sync Enter - MemInfo: [/proc/self/status]	VmExe:	     216 kB
20220313 061408.918 INFO             PET1 PIOc_sync Enter - MemInfo: [/proc/self/status]	VmLib:	   49404 kB
20220313 061408.918 INFO             PET1 PIOc_sync Enter - MemInfo: [/proc/self/status]	VmPTE:	     752 kB
20220313 061408.918 INFO             PET1 PIOc_sync Enter - MemInfo: [/proc/self/status]	VmPMD:	      16 kB
20220313 061408.918 INFO             PET1 PIOc_sync Enter - MemInfo: [/proc/self/status]	VmSwap:	       0 kB
20220313 061408.918 INFO             PET1 PIOc_sync Enter - MemInfo: [/proc/self/status]	VmRSSPercent: 0.0405331 %
20220313 061408.918 INFO             PET1 PIOc_sync Enter - MemInfo: [malloc] Non-mmapped space allocated:                 9781248 Byte
20220313 061408.919 INFO             PET1 PIOc_sync Enter - MemInfo: [malloc] Space allocated in mmapped regions:          1581056 Byte
20220313 061408.919 INFO             PET1 PIOc_sync Enter - MemInfo: [malloc] Maximum total allocated space:                     0 Byte
20220313 061408.919 INFO             PET1 PIOc_sync Enter - MemInfo: [malloc] Space in freed fastbin blocks:                   976 Byte
20220313 061408.919 INFO             PET1 PIOc_sync Enter - MemInfo: [malloc] Total allocated space:                       3774432 Byte
20220313 061408.919 INFO             PET1 PIOc_sync Enter - MemInfo: [malloc] Total free space:                            6006816 Byte
20220313 061408.919 INFO             PET1 PIOc_sync Enter - MemInfo: [malloc] Top-most, releasable space:                   132608 Byte
20220313 061408.919 INFO             PET1 PIOc_sync Enter - MemInfo: [malloc] Total space in use, mmap + non-mmap:         5355488 Byte
20220313 061408.919 INFO             PET1 PIOc_sync Enter - MemInfo: [malloc] Total space held (mmap + non-mmap):         11362304 Byte
20220313 061408.919 INFO             PET1 PIOc_sync Enter - MemInfo: [malloc] Total space used (mmap + non-mmap):          5364816 Byte
20220313 061408.919 INFO             PET1 PIOc_sync Enter - MemInfo: Wall-clock time since execution start:               0.293633 seconds
20220313 061408.919 INFO             PET1 PIOc_sync Exit - MemInfo: [/proc/meminfo - SSI]	MemTotal:       65507008 kB
20220313 061408.919 INFO             PET1 PIOc_sync Exit - MemInfo: [/proc/meminfo - SSI]	MemFree:        50227640 kB
20220313 061408.919 INFO             PET1 PIOc_sync Exit - MemInfo: [/proc/meminfo - SSI]	MemAvailable:   49984128 kB
20220313 061408.919 INFO             PET1 PIOc_sync Exit - MemInfo: [/proc/meminfo - SSI]	Committed_AS:   12922488 kB
20220313 061408.919 INFO             PET1 PIOc_sync Exit - MemInfo: [/proc/meminfo - SSI]	CommittedPercent: 19.7269 %
20220313 061408.919 INFO             PET1 PIOc_sync Exit - MemInfo: [/proc/self/status]	VmPeak:	  516948 kB
20220313 061408.919 INFO             PET1 PIOc_sync Exit - MemInfo: [/proc/self/status]	VmSize:	  512724 kB
20220313 061408.919 INFO             PET1 PIOc_sync Exit - MemInfo: [/proc/self/status]	VmLck:	       0 kB
20220313 061408.919 INFO             PET1 PIOc_sync Exit - MemInfo: [/proc/self/status]	VmPin:	       0 kB
20220313 061408.919 INFO             PET1 PIOc_sync Exit - MemInfo: [/proc/self/status]	VmHWM:	   64848 kB
20220313 061408.919 INFO             PET1 PIOc_sync Exit - MemInfo: [/proc/self/status]	VmRSS:	   26552 kB
20220313 061408.919 INFO             PET1 PIOc_sync Exit - MemInfo: [/proc/self/status]	VmData:	   21600 kB
20220313 061408.919 INFO             PET1 PIOc_sync Exit - MemInfo: [/proc/self/status]	VmStk:	     148 kB
20220313 061408.919 INFO             PET1 PIOc_sync Exit - MemInfo: [/proc/self/status]	VmExe:	     216 kB
20220313 061408.919 INFO             PET1 PIOc_sync Exit - MemInfo: [/proc/self/status]	VmLib:	   49404 kB
20220313 061408.919 INFO             PET1 PIOc_sync Exit - MemInfo: [/proc/self/status]	VmPTE:	     752 kB
20220313 061408.919 INFO             PET1 PIOc_sync Exit - MemInfo: [/proc/self/status]	VmPMD:	      16 kB
20220313 061408.919 INFO             PET1 PIOc_sync Exit - MemInfo: [/proc/self/status]	VmSwap:	       0 kB
20220313 061408.919 INFO             PET1 PIOc_sync Exit - MemInfo: [/proc/self/status]	VmRSSPercent: 0.0405331 %
20220313 061408.919 INFO             PET1 PIOc_sync Exit - MemInfo: [malloc] Non-mmapped space allocated:                 9781248 Byte
20220313 061408.919 INFO             PET1 PIOc_sync Exit - MemInfo: [malloc] Space allocated in mmapped regions:          1581056 Byte
20220313 061408.919 INFO             PET1 PIOc_sync Exit - MemInfo: [malloc] Maximum total allocated space:                     0 Byte
20220313 061408.919 INFO             PET1 PIOc_sync Exit - MemInfo: [malloc] Space in freed fastbin blocks:                  1392 Byte
20220313 061408.919 INFO             PET1 PIOc_sync Exit - MemInfo: [malloc] Total allocated space:                       3774352 Byte
20220313 061408.919 INFO             PET1 PIOc_sync Exit - MemInfo: [malloc] Total free space:                            6006896 Byte
20220313 061408.919 INFO             PET1 PIOc_sync Exit - MemInfo: [malloc] Top-most, releasable space:                   132608 Byte
20220313 061408.919 INFO             PET1 PIOc_sync Exit - MemInfo: [malloc] Total space in use, mmap + non-mmap:         5355408 Byte
20220313 061408.919 INFO             PET1 PIOc_sync Exit - MemInfo: [malloc] Total space held (mmap + non-mmap):         11362304 Byte
20220313 061408.919 INFO             PET1 PIOc_sync Exit - MemInfo: [malloc] Total space used (mmap + non-mmap):          5364736 Byte
20220313 061408.919 INFO             PET1 PIOc_sync Exit - MemInfo: Wall-clock time since execution start:               0.294102 seconds
20220313 061408.919 INFO             PET1 PIOc_freedecomp Enter - MemInfo: [/proc/meminfo - SSI]	MemTotal:       65507008 kB
20220313 061408.919 INFO             PET1 PIOc_freedecomp Enter - MemInfo: [/proc/meminfo - SSI]	MemFree:        50227640 kB
20220313 061408.919 INFO             PET1 PIOc_freedecomp Enter - MemInfo: [/proc/meminfo - SSI]	MemAvailable:   49984128 kB
20220313 061408.919 INFO             PET1 PIOc_freedecomp Enter - MemInfo: [/proc/meminfo - SSI]	Committed_AS:   12922488 kB
20220313 061408.919 INFO             PET1 PIOc_freedecomp Enter - MemInfo: [/proc/meminfo - SSI]	CommittedPercent: 19.7269 %
20220313 061408.919 INFO             PET1 PIOc_freedecomp Enter - MemInfo: [/proc/self/status]	VmPeak:	  516948 kB
20220313 061408.919 INFO             PET1 PIOc_freedecomp Enter - MemInfo: [/proc/self/status]	VmSize:	  512724 kB
20220313 061408.919 INFO             PET1 PIOc_freedecomp Enter - MemInfo: [/proc/self/status]	VmLck:	       0 kB
20220313 061408.919 INFO             PET1 PIOc_freedecomp Enter - MemInfo: [/proc/self/status]	VmPin:	       0 kB
20220313 061408.919 INFO             PET1 PIOc_freedecomp Enter - MemInfo: [/proc/self/status]	VmHWM:	   64848 kB
20220313 061408.919 INFO             PET1 PIOc_freedecomp Enter - MemInfo: [/proc/self/status]	VmRSS:	   26552 kB
20220313 061408.919 INFO             PET1 PIOc_freedecomp Enter - MemInfo: [/proc/self/status]	VmData:	   21600 kB
20220313 061408.919 INFO             PET1 PIOc_freedecomp Enter - MemInfo: [/proc/self/status]	VmStk:	     148 kB
20220313 061408.919 INFO             PET1 PIOc_freedecomp Enter - MemInfo: [/proc/self/status]	VmExe:	     216 kB
20220313 061408.919 INFO             PET1 PIOc_freedecomp Enter - MemInfo: [/proc/self/status]	VmLib:	   49404 kB
20220313 061408.919 INFO             PET1 PIOc_freedecomp Enter - MemInfo: [/proc/self/status]	VmPTE:	     752 kB
20220313 061408.919 INFO             PET1 PIOc_freedecomp Enter - MemInfo: [/proc/self/status]	VmPMD:	      16 kB
20220313 061408.919 INFO             PET1 PIOc_freedecomp Enter - MemInfo: [/proc/self/status]	VmSwap:	       0 kB
20220313 061408.919 INFO             PET1 PIOc_freedecomp Enter - MemInfo: [/proc/self/status]	VmRSSPercent: 0.0405331 %
20220313 061408.919 INFO             PET1 PIOc_freedecomp Enter - MemInfo: [malloc] Non-mmapped space allocated:                 9781248 Byte
20220313 061408.919 INFO             PET1 PIOc_freedecomp Enter - MemInfo: [malloc] Space allocated in mmapped regions:          1581056 Byte
20220313 061408.919 INFO             PET1 PIOc_freedecomp Enter - MemInfo: [malloc] Maximum total allocated space:                     0 Byte
20220313 061408.919 INFO             PET1 PIOc_freedecomp Enter - MemInfo: [malloc] Space in freed fastbin blocks:                  1664 Byte
20220313 061408.919 INFO             PET1 PIOc_freedecomp Enter - MemInfo: [malloc] Total allocated space:                       3772576 Byte
20220313 061408.919 INFO             PET1 PIOc_freedecomp Enter - MemInfo: [malloc] Total free space:                            6008672 Byte
20220313 061408.919 INFO             PET1 PIOc_freedecomp Enter - MemInfo: [malloc] Top-most, releasable space:                   132608 Byte
20220313 061408.919 INFO             PET1 PIOc_freedecomp Enter - MemInfo: [malloc] Total space in use, mmap + non-mmap:         5353632 Byte
20220313 061408.919 INFO             PET1 PIOc_freedecomp Enter - MemInfo: [malloc] Total space held (mmap + non-mmap):         11362304 Byte
20220313 061408.920 INFO             PET1 PIOc_freedecomp Enter - MemInfo: [malloc] Total space used (mmap + non-mmap):          5362960 Byte
20220313 061408.920 INFO             PET1 PIOc_freedecomp Enter - MemInfo: Wall-clock time since execution start:               0.294535 seconds
20220313 061408.920 INFO             PET1 PIOc_freedecomp Exit - MemInfo: [/proc/meminfo - SSI]	MemTotal:       65507008 kB
20220313 061408.920 INFO             PET1 PIOc_freedecomp Exit - MemInfo: [/proc/meminfo - SSI]	MemFree:        50227136 kB
20220313 061408.920 INFO             PET1 PIOc_freedecomp Exit - MemInfo: [/proc/meminfo - SSI]	MemAvailable:   49983624 kB
20220313 061408.920 INFO             PET1 PIOc_freedecomp Exit - MemInfo: [/proc/meminfo - SSI]	Committed_AS:   12922488 kB
20220313 061408.920 INFO             PET1 PIOc_freedecomp Exit - MemInfo: [/proc/meminfo - SSI]	CommittedPercent: 19.7269 %
20220313 061408.920 INFO             PET1 PIOc_freedecomp Exit - MemInfo: [/proc/self/status]	VmPeak:	  516948 kB
20220313 061408.920 INFO             PET1 PIOc_freedecomp Exit - MemInfo: [/proc/self/status]	VmSize:	  512724 kB
20220313 061408.920 INFO             PET1 PIOc_freedecomp Exit - MemInfo: [/proc/self/status]	VmLck:	       0 kB
20220313 061408.920 INFO             PET1 PIOc_freedecomp Exit - MemInfo: [/proc/self/status]	VmPin:	       0 kB
20220313 061408.920 INFO             PET1 PIOc_freedecomp Exit - MemInfo: [/proc/self/status]	VmHWM:	   64848 kB
20220313 061408.920 INFO             PET1 PIOc_freedecomp Exit - MemInfo: [/proc/self/status]	VmRSS:	   26552 kB
20220313 061408.920 INFO             PET1 PIOc_freedecomp Exit - MemInfo: [/proc/self/status]	VmData:	   21600 kB
20220313 061408.920 INFO             PET1 PIOc_freedecomp Exit - MemInfo: [/proc/self/status]	VmStk:	     148 kB
20220313 061408.920 INFO             PET1 PIOc_freedecomp Exit - MemInfo: [/proc/self/status]	VmExe:	     216 kB
20220313 061408.920 INFO             PET1 PIOc_freedecomp Exit - MemInfo: [/proc/self/status]	VmLib:	   49404 kB
20220313 061408.920 INFO             PET1 PIOc_freedecomp Exit - MemInfo: [/proc/self/status]	VmPTE:	     752 kB
20220313 061408.920 INFO             PET1 PIOc_freedecomp Exit - MemInfo: [/proc/self/status]	VmPMD:	      16 kB
20220313 061408.920 INFO             PET1 PIOc_freedecomp Exit - MemInfo: [/proc/self/status]	VmSwap:	       0 kB
20220313 061408.920 INFO             PET1 PIOc_freedecomp Exit - MemInfo: [/proc/self/status]	VmRSSPercent: 0.0405331 %
20220313 061408.920 INFO             PET1 PIOc_freedecomp Exit - MemInfo: [malloc] Non-mmapped space allocated:                 9781248 Byte
20220313 061408.920 INFO             PET1 PIOc_freedecomp Exit - MemInfo: [malloc] Space allocated in mmapped regions:          1581056 Byte
20220313 061408.920 INFO             PET1 PIOc_freedecomp Exit - MemInfo: [malloc] Maximum total allocated space:                     0 Byte
20220313 061408.920 INFO             PET1 PIOc_freedecomp Exit - MemInfo: [malloc] Space in freed fastbin blocks:                  2032 Byte
20220313 061408.920 INFO             PET1 PIOc_freedecomp Exit - MemInfo: [malloc] Total allocated space:                       3770608 Byte
20220313 061408.920 INFO             PET1 PIOc_freedecomp Exit - MemInfo: [malloc] Total free space:                            6010640 Byte
20220313 061408.920 INFO             PET1 PIOc_freedecomp Exit - MemInfo: [malloc] Top-most, releasable space:                   132608 Byte
20220313 061408.920 INFO             PET1 PIOc_freedecomp Exit - MemInfo: [malloc] Total space in use, mmap + non-mmap:         5351664 Byte
20220313 061408.920 INFO             PET1 PIOc_freedecomp Exit - MemInfo: [malloc] Total space held (mmap + non-mmap):         11362304 Byte
20220313 061408.920 INFO             PET1 PIOc_freedecomp Exit - MemInfo: [malloc] Total space used (mmap + non-mmap):          5360992 Byte
20220313 061408.920 INFO             PET1 PIOc_freedecomp Exit - MemInfo: Wall-clock time since execution start:               0.294944 seconds
20220313 061408.921 INFO             PET1 PIOc_sync Enter - MemInfo: [/proc/meminfo - SSI]	MemTotal:       65507008 kB
20220313 061408.921 INFO             PET1 PIOc_sync Enter - MemInfo: [/proc/meminfo - SSI]	MemFree:        50227136 kB
20220313 061408.921 INFO             PET1 PIOc_sync Enter - MemInfo: [/proc/meminfo - SSI]	MemAvailable:   49983624 kB
20220313 061408.921 INFO             PET1 PIOc_sync Enter - MemInfo: [/proc/meminfo - SSI]	Committed_AS:   12922488 kB
20220313 061408.921 INFO             PET1 PIOc_sync Enter - MemInfo: [/proc/meminfo - SSI]	CommittedPercent: 19.7269 %
20220313 061408.921 INFO             PET1 PIOc_sync Enter - MemInfo: [/proc/self/status]	VmPeak:	  516948 kB
20220313 061408.921 INFO             PET1 PIOc_sync Enter - MemInfo: [/proc/self/status]	VmSize:	  512724 kB
20220313 061408.921 INFO             PET1 PIOc_sync Enter - MemInfo: [/proc/self/status]	VmLck:	       0 kB
20220313 061408.921 INFO             PET1 PIOc_sync Enter - MemInfo: [/proc/self/status]	VmPin:	       0 kB
20220313 061408.921 INFO             PET1 PIOc_sync Enter - MemInfo: [/proc/self/status]	VmHWM:	   64848 kB
20220313 061408.921 INFO             PET1 PIOc_sync Enter - MemInfo: [/proc/self/status]	VmRSS:	   26552 kB
20220313 061408.921 INFO             PET1 PIOc_sync Enter - MemInfo: [/proc/self/status]	VmData:	   21600 kB
20220313 061408.921 INFO             PET1 PIOc_sync Enter - MemInfo: [/proc/self/status]	VmStk:	     148 kB
20220313 061408.921 INFO             PET1 PIOc_sync Enter - MemInfo: [/proc/self/status]	VmExe:	     216 kB
20220313 061408.921 INFO             PET1 PIOc_sync Enter - MemInfo: [/proc/self/status]	VmLib:	   49404 kB
20220313 061408.921 INFO             PET1 PIOc_sync Enter - MemInfo: [/proc/self/status]	VmPTE:	     752 kB
20220313 061408.921 INFO             PET1 PIOc_sync Enter - MemInfo: [/proc/self/status]	VmPMD:	      16 kB
20220313 061408.921 INFO             PET1 PIOc_sync Enter - MemInfo: [/proc/self/status]	VmSwap:	       0 kB
20220313 061408.921 INFO             PET1 PIOc_sync Enter - MemInfo: [/proc/self/status]	VmRSSPercent: 0.0405331 %
20220313 061408.921 INFO             PET1 PIOc_sync Enter - MemInfo: [malloc] Non-mmapped space allocated:                 9781248 Byte
20220313 061408.921 INFO             PET1 PIOc_sync Enter - MemInfo: [malloc] Space allocated in mmapped regions:          1581056 Byte
20220313 061408.921 INFO             PET1 PIOc_sync Enter - MemInfo: [malloc] Maximum total allocated space:                     0 Byte
20220313 061408.921 INFO             PET1 PIOc_sync Enter - MemInfo: [malloc] Space in freed fastbin blocks:                   976 Byte
20220313 061408.921 INFO             PET1 PIOc_sync Enter - MemInfo: [malloc] Total allocated space:                       3774480 Byte
20220313 061408.921 INFO             PET1 PIOc_sync Enter - MemInfo: [malloc] Total free space:                            6006768 Byte
20220313 061408.921 INFO             PET1 PIOc_sync Enter - MemInfo: [malloc] Top-most, releasable space:                   132608 Byte
20220313 061408.921 INFO             PET1 PIOc_sync Enter - MemInfo: [malloc] Total space in use, mmap + non-mmap:         5355536 Byte
20220313 061408.921 INFO             PET1 PIOc_sync Enter - MemInfo: [malloc] Total space held (mmap + non-mmap):         11362304 Byte
20220313 061408.921 INFO             PET1 PIOc_sync Enter - MemInfo: [malloc] Total space used (mmap + non-mmap):          5364864 Byte
