build time -- 2022-03-13 03:22:09
20220313 033309.630 INFO             PET0 !!!!!!!!!!!!!!!!!!!!!!!!!!!!!!!!!!!!!!!!!!!!!!!!!!!!!!
20220313 033309.630 INFO             PET0 !!! THE ESMF_LOG IS SET TO OUTPUT ALL LOG MESSAGES !!!
20220313 033309.630 INFO             PET0 !!!     THIS MAY CAUSE SLOWDOWN IN PERFORMANCE     !!!
20220313 033309.630 INFO             PET0 !!! FOR PRODUCTION RUNS, USE:                      !!!
20220313 033309.630 INFO             PET0 !!!                   ESMF_LOGKIND_Multi_On_Error  !!!
20220313 033309.630 INFO             PET0 !!!!!!!!!!!!!!!!!!!!!!!!!!!!!!!!!!!!!!!!!!!!!!!!!!!!!!
20220313 033309.630 INFO             PET0 Running with ESMF Version   : v8.3.0b09-96-g559b459
20220313 033309.630 INFO             PET0 ESMF library build date/time: "Mar 13 2022" "03:20:48"
20220313 033309.631 INFO             PET0 ESMF library build location : /work/noaa/da/mpotts/sandbox/gfortran_8.3.0_openmpi_g_jedwards_pio_update2
20220313 033309.631 INFO             PET0 ESMF_COMM                   : openmpi
20220313 033309.631 INFO             PET0 ESMF_MOAB                   : enabled
20220313 033309.631 INFO             PET0 ESMF_LAPACK                 : enabled
20220313 033309.631 INFO             PET0 ESMF_NETCDF                 : enabled
20220313 033309.631 INFO             PET0 ESMF_PNETCDF                : disabled
20220313 033309.631 INFO             PET0 ESMF_PIO                    : enabled
20220313 033309.631 INFO             PET0 ESMF_YAMLCPP                : enabled
20220313 033309.631 INFO             PET0 Beginning Test, file ESMC_FieldRegridUTest.C, line 68
20220313 033309.631 INFO             PET0 Beginning Test, file ESMC_FieldRegridUTest.C, line 68NUMBER_OF_PROCESSORS 1
20220313 033309.632 INFO             PET0 PASS MeshCreate, ESMC_FieldRegridUTest.C, line 125
20220313 033309.632 INFO             PET0 PASS MeshAddNodes, ESMC_FieldRegridUTest.C, line 133
20220313 033309.634 INFO             PET0 PASS MeshAddElements, ESMC_FieldRegridUTest.C, line 142
20220313 033309.634 INFO             PET0 PASS MeshGetLocalNodeCount, ESMC_FieldRegridUTest.C, line 152
20220313 033309.634 INFO             PET0 PASS MeshGetLocalElementCount, ESMC_FieldRegridUTest.C, line 163
20220313 033309.635 INFO             PET0 PASS MeshCreate, ESMC_FieldRegridUTest.C, line 231
20220313 033309.635 INFO             PET0 PASS MeshAddNodes, ESMC_FieldRegridUTest.C, line 239
20220313 033309.635 INFO             PET0 PASS MeshAddElements, ESMC_FieldRegridUTest.C, line 248
20220313 033309.635 INFO             PET0 PASS MeshGetLocalNodeCount, ESMC_FieldRegridUTest.C, line 258
20220313 033309.635 INFO             PET0 PASS MeshGetLocalElementCount, ESMC_FieldRegridUTest.C, line 269
20220313 033309.636 INFO             PET0 PASS Create ESMC_Field object, ESMC_FieldRegridUTest.C, line 284
20220313 033309.636 INFO             PET0 PASS Create ESMC_Field object, ESMC_FieldRegridUTest.C, line 293
20220313 033309.636 INFO             PET0 PASS Get a void * C pointer to data from ESMC_Field object, ESMC_FieldRegridUTest.C, line 306
20220313 033309.636 INFO             PET0 PASS Get a void * C pointer to data from ESMC_Field object, ESMC_FieldRegridUTest.C, line 325
20220313 033309.636 INFO             PET0 PASS Create an InterArray for maskValues in ESMC_FieldRegridStore(), ESMC_FieldRegridUTest.C, line 343
20220313 033309.649 INFO             PET0 PIOc_sync Enter - MemInfo: [/proc/meminfo - SSI]	MemTotal:       196434604 kB
20220313 033309.649 INFO             PET0 PIOc_sync Enter - MemInfo: [/proc/meminfo - SSI]	MemFree:        184251312 kB
20220313 033309.649 INFO             PET0 PIOc_sync Enter - MemInfo: [/proc/meminfo - SSI]	MemAvailable:   191839912 kB
20220313 033309.649 INFO             PET0 PIOc_sync Enter - MemInfo: [/proc/meminfo - SSI]	Committed_AS:     492412 kB
20220313 033309.649 INFO             PET0 PIOc_sync Enter - MemInfo: [/proc/meminfo - SSI]	CommittedPercent: 0.250675 %
20220313 033309.649 INFO             PET0 PIOc_sync Enter - MemInfo: [/proc/self/status]	VmPeak:	  653040 kB
20220313 033309.649 INFO             PET0 PIOc_sync Enter - MemInfo: [/proc/self/status]	VmSize:	  653040 kB
20220313 033309.649 INFO             PET0 PIOc_sync Enter - MemInfo: [/proc/self/status]	VmLck:	       0 kB
20220313 033309.649 INFO             PET0 PIOc_sync Enter - MemInfo: [/proc/self/status]	VmPin:	       0 kB
20220313 033309.649 INFO             PET0 PIOc_sync Enter - MemInfo: [/proc/self/status]	VmHWM:	   71220 kB
20220313 033309.649 INFO             PET0 PIOc_sync Enter - MemInfo: [/proc/self/status]	VmRSS:	   40260 kB
20220313 033309.649 INFO             PET0 PIOc_sync Enter - MemInfo: [/proc/self/status]	VmData:	  195584 kB
20220313 033309.649 INFO             PET0 PIOc_sync Enter - MemInfo: [/proc/self/status]	VmStk:	     144 kB
20220313 033309.649 INFO             PET0 PIOc_sync Enter - MemInfo: [/proc/self/status]	VmExe:	     324 kB
20220313 033309.649 INFO             PET0 PIOc_sync Enter - MemInfo: [/proc/self/status]	VmLib:	   82396 kB
20220313 033309.649 INFO             PET0 PIOc_sync Enter - MemInfo: [/proc/self/status]	VmPTE:	     948 kB
20220313 033309.649 INFO             PET0 PIOc_sync Enter - MemInfo: [/proc/self/status]	VmSwap:	       0 kB
20220313 033309.649 INFO             PET0 PIOc_sync Enter - MemInfo: [/proc/self/status]	VmRSSPercent: 0.0204954 %
20220313 033309.649 INFO             PET0 PIOc_sync Enter - MemInfo: [malloc] Non-mmapped space allocated:                 3452928 Byte
20220313 033309.649 INFO             PET0 PIOc_sync Enter - MemInfo: [malloc] Space allocated in mmapped regions:         10502144 Byte
20220313 033309.649 INFO             PET0 PIOc_sync Enter - MemInfo: [malloc] Maximum total allocated space:                     0 Byte
20220313 033309.649 INFO             PET0 PIOc_sync Enter - MemInfo: [malloc] Space in freed fastbin blocks:                   944 Byte
20220313 033309.649 INFO             PET0 PIOc_sync Enter - MemInfo: [malloc] Total allocated space:                       3073536 Byte
20220313 033309.649 INFO             PET0 PIOc_sync Enter - MemInfo: [malloc] Total free space:                             379392 Byte
20220313 033309.649 INFO             PET0 PIOc_sync Enter - MemInfo: [malloc] Top-most, releasable space:                   170048 Byte
20220313 033309.649 INFO             PET0 PIOc_sync Enter - MemInfo: [malloc] Total space in use, mmap + non-mmap:        13575680 Byte
20220313 033309.649 INFO             PET0 PIOc_sync Enter - MemInfo: [malloc] Total space held (mmap + non-mmap):         13955072 Byte
20220313 033309.649 INFO             PET0 PIOc_sync Enter - MemInfo: [malloc] Total space used (mmap + non-mmap):         13585024 Byte
20220313 033309.649 INFO             PET0 PIOc_sync Enter - MemInfo: Wall-clock time since execution start:              0.0211915 seconds
20220313 033309.649 INFO             PET0 PIOc_sync Exit - MemInfo: [/proc/meminfo - SSI]	MemTotal:       196434604 kB
20220313 033309.649 INFO             PET0 PIOc_sync Exit - MemInfo: [/proc/meminfo - SSI]	MemFree:        184251312 kB
20220313 033309.649 INFO             PET0 PIOc_sync Exit - MemInfo: [/proc/meminfo - SSI]	MemAvailable:   191839912 kB
20220313 033309.649 INFO             PET0 PIOc_sync Exit - MemInfo: [/proc/meminfo - SSI]	Committed_AS:     492412 kB
20220313 033309.649 INFO             PET0 PIOc_sync Exit - MemInfo: [/proc/meminfo - SSI]	CommittedPercent: 0.250675 %
20220313 033309.650 INFO             PET0 PIOc_sync Exit - MemInfo: [/proc/self/status]	VmPeak:	  653040 kB
20220313 033309.650 INFO             PET0 PIOc_sync Exit - MemInfo: [/proc/self/status]	VmSize:	  653040 kB
20220313 033309.650 INFO             PET0 PIOc_sync Exit - MemInfo: [/proc/self/status]	VmLck:	       0 kB
20220313 033309.650 INFO             PET0 PIOc_sync Exit - MemInfo: [/proc/self/status]	VmPin:	       0 kB
20220313 033309.650 INFO             PET0 PIOc_sync Exit - MemInfo: [/proc/self/status]	VmHWM:	   71220 kB
20220313 033309.650 INFO             PET0 PIOc_sync Exit - MemInfo: [/proc/self/status]	VmRSS:	   40388 kB
20220313 033309.650 INFO             PET0 PIOc_sync Exit - MemInfo: [/proc/self/status]	VmData:	  195584 kB
20220313 033309.650 INFO             PET0 PIOc_sync Exit - MemInfo: [/proc/self/status]	VmStk:	     144 kB
20220313 033309.650 INFO             PET0 PIOc_sync Exit - MemInfo: [/proc/self/status]	VmExe:	     324 kB
20220313 033309.650 INFO             PET0 PIOc_sync Exit - MemInfo: [/proc/self/status]	VmLib:	   82396 kB
20220313 033309.650 INFO             PET0 PIOc_sync Exit - MemInfo: [/proc/self/status]	VmPTE:	     948 kB
20220313 033309.650 INFO             PET0 PIOc_sync Exit - MemInfo: [/proc/self/status]	VmSwap:	       0 kB
20220313 033309.650 INFO             PET0 PIOc_sync Exit - MemInfo: [/proc/self/status]	VmRSSPercent: 0.0205605 %
20220313 033309.650 INFO             PET0 PIOc_sync Exit - MemInfo: [malloc] Non-mmapped space allocated:                 3452928 Byte
20220313 033309.650 INFO             PET0 PIOc_sync Exit - MemInfo: [malloc] Space allocated in mmapped regions:         10502144 Byte
20220313 033309.650 INFO             PET0 PIOc_sync Exit - MemInfo: [malloc] Maximum total allocated space:                     0 Byte
20220313 033309.650 INFO             PET0 PIOc_sync Exit - MemInfo: [malloc] Space in freed fastbin blocks:                  1392 Byte
20220313 033309.650 INFO             PET0 PIOc_sync Exit - MemInfo: [malloc] Total allocated space:                       3073664 Byte
20220313 033309.650 INFO             PET0 PIOc_sync Exit - MemInfo: [malloc] Total free space:                             379264 Byte
20220313 033309.650 INFO             PET0 PIOc_sync Exit - MemInfo: [malloc] Top-most, releasable space:                   167776 Byte
20220313 033309.650 INFO             PET0 PIOc_sync Exit - MemInfo: [malloc] Total space in use, mmap + non-mmap:        13575808 Byte
20220313 033309.650 INFO             PET0 PIOc_sync Exit - MemInfo: [malloc] Total space held (mmap + non-mmap):         13955072 Byte
20220313 033309.650 INFO             PET0 PIOc_sync Exit - MemInfo: [malloc] Total space used (mmap + non-mmap):         13585152 Byte
20220313 033309.650 INFO             PET0 PIOc_sync Exit - MemInfo: Wall-clock time since execution start:              0.0217059 seconds
20220313 033309.651 INFO             PET0 PIOc_freedecomp Enter - MemInfo: [/proc/meminfo - SSI]	MemTotal:       196434604 kB
20220313 033309.651 INFO             PET0 PIOc_freedecomp Enter - MemInfo: [/proc/meminfo - SSI]	MemFree:        184258464 kB
20220313 033309.651 INFO             PET0 PIOc_freedecomp Enter - MemInfo: [/proc/meminfo - SSI]	MemAvailable:   191847064 kB
20220313 033309.651 INFO             PET0 PIOc_freedecomp Enter - MemInfo: [/proc/meminfo - SSI]	Committed_AS:     484216 kB
20220313 033309.651 INFO             PET0 PIOc_freedecomp Enter - MemInfo: [/proc/meminfo - SSI]	CommittedPercent: 0.246502 %
20220313 033309.651 INFO             PET0 PIOc_freedecomp Enter - MemInfo: [/proc/self/status]	VmPeak:	  653040 kB
20220313 033309.651 INFO             PET0 PIOc_freedecomp Enter - MemInfo: [/proc/self/status]	VmSize:	  644328 kB
20220313 033309.651 INFO             PET0 PIOc_freedecomp Enter - MemInfo: [/proc/self/status]	VmLck:	       0 kB
20220313 033309.651 INFO             PET0 PIOc_freedecomp Enter - MemInfo: [/proc/self/status]	VmPin:	       0 kB
20220313 033309.651 INFO             PET0 PIOc_freedecomp Enter - MemInfo: [/proc/self/status]	VmHWM:	   71220 kB
20220313 033309.651 INFO             PET0 PIOc_freedecomp Enter - MemInfo: [/proc/self/status]	VmRSS:	   32188 kB
20220313 033309.651 INFO             PET0 PIOc_freedecomp Enter - MemInfo: [/proc/self/status]	VmData:	  186872 kB
20220313 033309.651 INFO             PET0 PIOc_freedecomp Enter - MemInfo: [/proc/self/status]	VmStk:	     144 kB
20220313 033309.651 INFO             PET0 PIOc_freedecomp Enter - MemInfo: [/proc/self/status]	VmExe:	     324 kB
20220313 033309.651 INFO             PET0 PIOc_freedecomp Enter - MemInfo: [/proc/self/status]	VmLib:	   82396 kB
20220313 033309.651 INFO             PET0 PIOc_freedecomp Enter - MemInfo: [/proc/self/status]	VmPTE:	     932 kB
20220313 033309.651 INFO             PET0 PIOc_freedecomp Enter - MemInfo: [/proc/self/status]	VmSwap:	       0 kB
20220313 033309.651 INFO             PET0 PIOc_freedecomp Enter - MemInfo: [/proc/self/status]	VmRSSPercent: 0.0163861 %
20220313 033309.651 INFO             PET0 PIOc_freedecomp Enter - MemInfo: [malloc] Non-mmapped space allocated:                 3452928 Byte
20220313 033309.651 INFO             PET0 PIOc_freedecomp Enter - MemInfo: [malloc] Space allocated in mmapped regions:          1581056 Byte
20220313 033309.651 INFO             PET0 PIOc_freedecomp Enter - MemInfo: [malloc] Maximum total allocated space:                     0 Byte
20220313 033309.651 INFO             PET0 PIOc_freedecomp Enter - MemInfo: [malloc] Space in freed fastbin blocks:                  2288 Byte
20220313 033309.651 INFO             PET0 PIOc_freedecomp Enter - MemInfo: [malloc] Total allocated space:                       3060512 Byte
20220313 033309.651 INFO             PET0 PIOc_freedecomp Enter - MemInfo: [malloc] Total free space:                             392416 Byte
20220313 033309.651 INFO             PET0 PIOc_freedecomp Enter - MemInfo: [malloc] Top-most, releasable space:                   168496 Byte
20220313 033309.651 INFO             PET0 PIOc_freedecomp Enter - MemInfo: [malloc] Total space in use, mmap + non-mmap:         4641568 Byte
20220313 033309.651 INFO             PET0 PIOc_freedecomp Enter - MemInfo: [malloc] Total space held (mmap + non-mmap):          5033984 Byte
20220313 033309.651 INFO             PET0 PIOc_freedecomp Enter - MemInfo: [malloc] Total space used (mmap + non-mmap):          4650912 Byte
20220313 033309.651 INFO             PET0 PIOc_freedecomp Enter - MemInfo: Wall-clock time since execution start:              0.0228088 seconds
20220313 033309.651 INFO             PET0 PIOc_freedecomp Exit - MemInfo: [/proc/meminfo - SSI]	MemTotal:       196434604 kB
20220313 033309.651 INFO             PET0 PIOc_freedecomp Exit - MemInfo: [/proc/meminfo - SSI]	MemFree:        184258464 kB
20220313 033309.651 INFO             PET0 PIOc_freedecomp Exit - MemInfo: [/proc/meminfo - SSI]	MemAvailable:   191847064 kB
20220313 033309.651 INFO             PET0 PIOc_freedecomp Exit - MemInfo: [/proc/meminfo - SSI]	Committed_AS:     484216 kB
20220313 033309.651 INFO             PET0 PIOc_freedecomp Exit - MemInfo: [/proc/meminfo - SSI]	CommittedPercent: 0.246502 %
20220313 033309.651 INFO             PET0 PIOc_freedecomp Exit - MemInfo: [/proc/self/status]	VmPeak:	  653040 kB
20220313 033309.651 INFO             PET0 PIOc_freedecomp Exit - MemInfo: [/proc/self/status]	VmSize:	  644328 kB
20220313 033309.651 INFO             PET0 PIOc_freedecomp Exit - MemInfo: [/proc/self/status]	VmLck:	       0 kB
20220313 033309.651 INFO             PET0 PIOc_freedecomp Exit - MemInfo: [/proc/self/status]	VmPin:	       0 kB
20220313 033309.651 INFO             PET0 PIOc_freedecomp Exit - MemInfo: [/proc/self/status]	VmHWM:	   71220 kB
20220313 033309.651 INFO             PET0 PIOc_freedecomp Exit - MemInfo: [/proc/self/status]	VmRSS:	   32192 kB
20220313 033309.651 INFO             PET0 PIOc_freedecomp Exit - MemInfo: [/proc/self/status]	VmData:	  186872 kB
20220313 033309.651 INFO             PET0 PIOc_freedecomp Exit - MemInfo: [/proc/self/status]	VmStk:	     144 kB
20220313 033309.651 INFO             PET0 PIOc_freedecomp Exit - MemInfo: [/proc/self/status]	VmExe:	     324 kB
20220313 033309.651 INFO             PET0 PIOc_freedecomp Exit - MemInfo: [/proc/self/status]	VmLib:	   82396 kB
20220313 033309.651 INFO             PET0 PIOc_freedecomp Exit - MemInfo: [/proc/self/status]	VmPTE:	     932 kB
20220313 033309.651 INFO             PET0 PIOc_freedecomp Exit - MemInfo: [/proc/self/status]	VmSwap:	       0 kB
20220313 033309.651 INFO             PET0 PIOc_freedecomp Exit - MemInfo: [/proc/self/status]	VmRSSPercent: 0.0163882 %
20220313 033309.651 INFO             PET0 PIOc_freedecomp Exit - MemInfo: [malloc] Non-mmapped space allocated:                 3452928 Byte
20220313 033309.651 INFO             PET0 PIOc_freedecomp Exit - MemInfo: [malloc] Space allocated in mmapped regions:          1581056 Byte
20220313 033309.651 INFO             PET0 PIOc_freedecomp Exit - MemInfo: [malloc] Maximum total allocated space:                     0 Byte
20220313 033309.651 INFO             PET0 PIOc_freedecomp Exit - MemInfo: [malloc] Space in freed fastbin blocks:                  2272 Byte
20220313 033309.651 INFO             PET0 PIOc_freedecomp Exit - MemInfo: [malloc] Total allocated space:                       3056352 Byte
20220313 033309.651 INFO             PET0 PIOc_freedecomp Exit - MemInfo: [malloc] Total free space:                             396576 Byte
20220313 033309.651 INFO             PET0 PIOc_freedecomp Exit - MemInfo: [malloc] Top-most, releasable space:                   168496 Byte
20220313 033309.651 INFO             PET0 PIOc_freedecomp Exit - MemInfo: [malloc] Total space in use, mmap + non-mmap:         4637408 Byte
20220313 033309.651 INFO             PET0 PIOc_freedecomp Exit - MemInfo: [malloc] Total space held (mmap + non-mmap):          5033984 Byte
20220313 033309.651 INFO             PET0 PIOc_freedecomp Exit - MemInfo: [malloc] Total space used (mmap + non-mmap):          4646752 Byte
20220313 033309.651 INFO             PET0 PIOc_freedecomp Exit - MemInfo: Wall-clock time since execution start:              0.0231906 seconds
20220313 033309.654 INFO             PET0 PIOc_sync Enter - MemInfo: [/proc/meminfo - SSI]	MemTotal:       196434604 kB
20220313 033309.654 INFO             PET0 PIOc_sync Enter - MemInfo: [/proc/meminfo - SSI]	MemFree:        184253484 kB
20220313 033309.654 INFO             PET0 PIOc_sync Enter - MemInfo: [/proc/meminfo - SSI]	MemAvailable:   191842084 kB
20220313 033309.654 INFO             PET0 PIOc_sync Enter - MemInfo: [/proc/meminfo - SSI]	Committed_AS:     492356 kB
20220313 033309.654 INFO             PET0 PIOc_sync Enter - MemInfo: [/proc/meminfo - SSI]	CommittedPercent: 0.250646 %
20220313 033309.654 INFO             PET0 PIOc_sync Enter - MemInfo: [/proc/self/status]	VmPeak:	  653040 kB
20220313 033309.654 INFO             PET0 PIOc_sync Enter - MemInfo: [/proc/self/status]	VmSize:	  652984 kB
20220313 033309.654 INFO             PET0 PIOc_sync Enter - MemInfo: [/proc/self/status]	VmLck:	       0 kB
20220313 033309.654 INFO             PET0 PIOc_sync Enter - MemInfo: [/proc/self/status]	VmPin:	       0 kB
20220313 033309.654 INFO             PET0 PIOc_sync Enter - MemInfo: [/proc/self/status]	VmHWM:	   71220 kB
20220313 033309.654 INFO             PET0 PIOc_sync Enter - MemInfo: [/proc/self/status]	VmRSS:	   38032 kB
20220313 033309.654 INFO             PET0 PIOc_sync Enter - MemInfo: [/proc/self/status]	VmData:	  195528 kB
20220313 033309.654 INFO             PET0 PIOc_sync Enter - MemInfo: [/proc/self/status]	VmStk:	     144 kB
20220313 033309.654 INFO             PET0 PIOc_sync Enter - MemInfo: [/proc/self/status]	VmExe:	     324 kB
20220313 033309.654 INFO             PET0 PIOc_sync Enter - MemInfo: [/proc/self/status]	VmLib:	   82396 kB
20220313 033309.654 INFO             PET0 PIOc_sync Enter - MemInfo: [/proc/self/status]	VmPTE:	     944 kB
20220313 033309.654 INFO             PET0 PIOc_sync Enter - MemInfo: [/proc/self/status]	VmSwap:	       0 kB
20220313 033309.654 INFO             PET0 PIOc_sync Enter - MemInfo: [/proc/self/status]	VmRSSPercent: 0.0193612 %
20220313 033309.654 INFO             PET0 PIOc_sync Enter - MemInfo: [malloc] Non-mmapped space allocated:                12316672 Byte
20220313 033309.654 INFO             PET0 PIOc_sync Enter - MemInfo: [malloc] Space allocated in mmapped regions:          1581056 Byte
20220313 033309.654 INFO             PET0 PIOc_sync Enter - MemInfo: [malloc] Maximum total allocated space:                     0 Byte
20220313 033309.654 INFO             PET0 PIOc_sync Enter - MemInfo: [malloc] Space in freed fastbin blocks:                  2928 Byte
20220313 033309.654 INFO             PET0 PIOc_sync Enter - MemInfo: [malloc] Total allocated space:                      11986672 Byte
20220313 033309.654 INFO             PET0 PIOc_sync Enter - MemInfo: [malloc] Total free space:                             330000 Byte
20220313 033309.654 INFO             PET0 PIOc_sync Enter - MemInfo: [malloc] Top-most, releasable space:                   118672 Byte
20220313 033309.654 INFO             PET0 PIOc_sync Enter - MemInfo: [malloc] Total space in use, mmap + non-mmap:        13567728 Byte
20220313 033309.654 INFO             PET0 PIOc_sync Enter - MemInfo: [malloc] Total space held (mmap + non-mmap):         13897728 Byte
20220313 033309.654 INFO             PET0 PIOc_sync Enter - MemInfo: [malloc] Total space used (mmap + non-mmap):         13577072 Byte
20220313 033309.654 INFO             PET0 PIOc_sync Enter - MemInfo: Wall-clock time since execution start:              0.0259896 seconds
20220313 033309.654 INFO             PET0 PIOc_sync Exit - MemInfo: [/proc/meminfo - SSI]	MemTotal:       196434604 kB
20220313 033309.654 INFO             PET0 PIOc_sync Exit - MemInfo: [/proc/meminfo - SSI]	MemFree:        184253484 kB
20220313 033309.654 INFO             PET0 PIOc_sync Exit - MemInfo: [/proc/meminfo - SSI]	MemAvailable:   191842084 kB
20220313 033309.654 INFO             PET0 PIOc_sync Exit - MemInfo: [/proc/meminfo - SSI]	Committed_AS:     492356 kB
20220313 033309.654 INFO             PET0 PIOc_sync Exit - MemInfo: [/proc/meminfo - SSI]	CommittedPercent: 0.250646 %
20220313 033309.654 INFO             PET0 PIOc_sync Exit - MemInfo: [/proc/self/status]	VmPeak:	  653040 kB
20220313 033309.654 INFO             PET0 PIOc_sync Exit - MemInfo: [/proc/self/status]	VmSize:	  652984 kB
20220313 033309.654 INFO             PET0 PIOc_sync Exit - MemInfo: [/proc/self/status]	VmLck:	       0 kB
20220313 033309.654 INFO             PET0 PIOc_sync Exit - MemInfo: [/proc/self/status]	VmPin:	       0 kB
20220313 033309.654 INFO             PET0 PIOc_sync Exit - MemInfo: [/proc/self/status]	VmHWM:	   71220 kB
20220313 033309.654 INFO             PET0 PIOc_sync Exit - MemInfo: [/proc/self/status]	VmRSS:	   38052 kB
20220313 033309.654 INFO             PET0 PIOc_sync Exit - MemInfo: [/proc/self/status]	VmData:	  195528 kB
20220313 033309.654 INFO             PET0 PIOc_sync Exit - MemInfo: [/proc/self/status]	VmStk:	     144 kB
20220313 033309.654 INFO             PET0 PIOc_sync Exit - MemInfo: [/proc/self/status]	VmExe:	     324 kB
20220313 033309.654 INFO             PET0 PIOc_sync Exit - MemInfo: [/proc/self/status]	VmLib:	   82396 kB
20220313 033309.654 INFO             PET0 PIOc_sync Exit - MemInfo: [/proc/self/status]	VmPTE:	     944 kB
20220313 033309.654 INFO             PET0 PIOc_sync Exit - MemInfo: [/proc/self/status]	VmSwap:	       0 kB
20220313 033309.654 INFO             PET0 PIOc_sync Exit - MemInfo: [/proc/self/status]	VmRSSPercent: 0.0193713 %
20220313 033309.654 INFO             PET0 PIOc_sync Exit - MemInfo: [malloc] Non-mmapped space allocated:                12316672 Byte
20220313 033309.654 INFO             PET0 PIOc_sync Exit - MemInfo: [malloc] Space allocated in mmapped regions:          1581056 Byte
20220313 033309.654 INFO             PET0 PIOc_sync Exit - MemInfo: [malloc] Maximum total allocated space:                     0 Byte
20220313 033309.654 INFO             PET0 PIOc_sync Exit - MemInfo: [malloc] Space in freed fastbin blocks:                  1296 Byte
20220313 033309.654 INFO             PET0 PIOc_sync Exit - MemInfo: [malloc] Total allocated space:                      11987040 Byte
20220313 033309.654 INFO             PET0 PIOc_sync Exit - MemInfo: [malloc] Total free space:                             329632 Byte
20220313 033309.654 INFO             PET0 PIOc_sync Exit - MemInfo: [malloc] Top-most, releasable space:                   118832 Byte
20220313 033309.654 INFO             PET0 PIOc_sync Exit - MemInfo: [malloc] Total space in use, mmap + non-mmap:        13568096 Byte
20220313 033309.654 INFO             PET0 PIOc_sync Exit - MemInfo: [malloc] Total space held (mmap + non-mmap):         13897728 Byte
20220313 033309.654 INFO             PET0 PIOc_sync Exit - MemInfo: [malloc] Total space used (mmap + non-mmap):         13577440 Byte
20220313 033309.654 INFO             PET0 PIOc_sync Exit - MemInfo: Wall-clock time since execution start:              0.0263751 seconds
20220313 033309.655 INFO             PET0 PIOc_freedecomp Enter - MemInfo: [/proc/meminfo - SSI]	MemTotal:       196434604 kB
20220313 033309.655 INFO             PET0 PIOc_freedecomp Enter - MemInfo: [/proc/meminfo - SSI]	MemFree:        184253484 kB
20220313 033309.655 INFO             PET0 PIOc_freedecomp Enter - MemInfo: [/proc/meminfo - SSI]	MemAvailable:   191842084 kB
20220313 033309.655 INFO             PET0 PIOc_freedecomp Enter - MemInfo: [/proc/meminfo - SSI]	Committed_AS:     492356 kB
20220313 033309.655 INFO             PET0 PIOc_freedecomp Enter - MemInfo: [/proc/meminfo - SSI]	CommittedPercent: 0.250646 %
20220313 033309.655 INFO             PET0 PIOc_freedecomp Enter - MemInfo: [/proc/self/status]	VmPeak:	  653040 kB
20220313 033309.655 INFO             PET0 PIOc_freedecomp Enter - MemInfo: [/proc/self/status]	VmSize:	  652984 kB
20220313 033309.655 INFO             PET0 PIOc_freedecomp Enter - MemInfo: [/proc/self/status]	VmLck:	       0 kB
20220313 033309.655 INFO             PET0 PIOc_freedecomp Enter - MemInfo: [/proc/self/status]	VmPin:	       0 kB
20220313 033309.655 INFO             PET0 PIOc_freedecomp Enter - MemInfo: [/proc/self/status]	VmHWM:	   71220 kB
20220313 033309.655 INFO             PET0 PIOc_freedecomp Enter - MemInfo: [/proc/self/status]	VmRSS:	   38052 kB
20220313 033309.655 INFO             PET0 PIOc_freedecomp Enter - MemInfo: [/proc/self/status]	VmData:	  195528 kB
20220313 033309.655 INFO             PET0 PIOc_freedecomp Enter - MemInfo: [/proc/self/status]	VmStk:	     144 kB
20220313 033309.655 INFO             PET0 PIOc_freedecomp Enter - MemInfo: [/proc/self/status]	VmExe:	     324 kB
20220313 033309.655 INFO             PET0 PIOc_freedecomp Enter - MemInfo: [/proc/self/status]	VmLib:	   82396 kB
20220313 033309.655 INFO             PET0 PIOc_freedecomp Enter - MemInfo: [/proc/self/status]	VmPTE:	     944 kB
20220313 033309.655 INFO             PET0 PIOc_freedecomp Enter - MemInfo: [/proc/self/status]	VmSwap:	       0 kB
20220313 033309.655 INFO             PET0 PIOc_freedecomp Enter - MemInfo: [/proc/self/status]	VmRSSPercent: 0.0193713 %
20220313 033309.655 INFO             PET0 PIOc_freedecomp Enter - MemInfo: [malloc] Non-mmapped space allocated:                12316672 Byte
20220313 033309.655 INFO             PET0 PIOc_freedecomp Enter - MemInfo: [malloc] Space allocated in mmapped regions:          1581056 Byte
20220313 033309.655 INFO             PET0 PIOc_freedecomp Enter - MemInfo: [malloc] Maximum total allocated space:                     0 Byte
20220313 033309.655 INFO             PET0 PIOc_freedecomp Enter - MemInfo: [malloc] Space in freed fastbin blocks:                  1168 Byte
20220313 033309.655 INFO             PET0 PIOc_freedecomp Enter - MemInfo: [malloc] Total allocated space:                       3060528 Byte
20220313 033309.655 INFO             PET0 PIOc_freedecomp Enter - MemInfo: [malloc] Total free space:                            9256144 Byte
20220313 033309.655 INFO             PET0 PIOc_freedecomp Enter - MemInfo: [malloc] Top-most, releasable space:                   119712 Byte
20220313 033309.655 INFO             PET0 PIOc_freedecomp Enter - MemInfo: [malloc] Total space in use, mmap + non-mmap:         4641584 Byte
20220313 033309.655 INFO             PET0 PIOc_freedecomp Enter - MemInfo: [malloc] Total space held (mmap + non-mmap):         13897728 Byte
20220313 033309.655 INFO             PET0 PIOc_freedecomp Enter - MemInfo: [malloc] Total space used (mmap + non-mmap):          4650928 Byte
20220313 033309.655 INFO             PET0 PIOc_freedecomp Enter - MemInfo: Wall-clock time since execution start:              0.0269072 seconds
20220313 033309.655 INFO             PET0 PIOc_freedecomp Exit - MemInfo: [/proc/meminfo - SSI]	MemTotal:       196434604 kB
20220313 033309.655 INFO             PET0 PIOc_freedecomp Exit - MemInfo: [/proc/meminfo - SSI]	MemFree:        184253484 kB
20220313 033309.655 INFO             PET0 PIOc_freedecomp Exit - MemInfo: [/proc/meminfo - SSI]	MemAvailable:   191842084 kB
20220313 033309.655 INFO             PET0 PIOc_freedecomp Exit - MemInfo: [/proc/meminfo - SSI]	Committed_AS:     492356 kB
20220313 033309.655 INFO             PET0 PIOc_freedecomp Exit - MemInfo: [/proc/meminfo - SSI]	CommittedPercent: 0.250646 %
20220313 033309.655 INFO             PET0 PIOc_freedecomp Exit - MemInfo: [/proc/self/status]	VmPeak:	  653040 kB
20220313 033309.655 INFO             PET0 PIOc_freedecomp Exit - MemInfo: [/proc/self/status]	VmSize:	  652984 kB
20220313 033309.655 INFO             PET0 PIOc_freedecomp Exit - MemInfo: [/proc/self/status]	VmLck:	       0 kB
20220313 033309.655 INFO             PET0 PIOc_freedecomp Exit - MemInfo: [/proc/self/status]	VmPin:	       0 kB
20220313 033309.655 INFO             PET0 PIOc_freedecomp Exit - MemInfo: [/proc/self/status]	VmHWM:	   71220 kB
20220313 033309.655 INFO             PET0 PIOc_freedecomp Exit - MemInfo: [/proc/self/status]	VmRSS:	   38052 kB
20220313 033309.655 INFO             PET0 PIOc_freedecomp Exit - MemInfo: [/proc/self/status]	VmData:	  195528 kB
20220313 033309.655 INFO             PET0 PIOc_freedecomp Exit - MemInfo: [/proc/self/status]	VmStk:	     144 kB
20220313 033309.655 INFO             PET0 PIOc_freedecomp Exit - MemInfo: [/proc/self/status]	VmExe:	     324 kB
20220313 033309.655 INFO             PET0 PIOc_freedecomp Exit - MemInfo: [/proc/self/status]	VmLib:	   82396 kB
20220313 033309.655 INFO             PET0 PIOc_freedecomp Exit - MemInfo: [/proc/self/status]	VmPTE:	     944 kB
20220313 033309.655 INFO             PET0 PIOc_freedecomp Exit - MemInfo: [/proc/self/status]	VmSwap:	       0 kB
20220313 033309.655 INFO             PET0 PIOc_freedecomp Exit - MemInfo: [/proc/self/status]	VmRSSPercent: 0.0193713 %
20220313 033309.655 INFO             PET0 PIOc_freedecomp Exit - MemInfo: [malloc] Non-mmapped space allocated:                12316672 Byte
20220313 033309.655 INFO             PET0 PIOc_freedecomp Exit - MemInfo: [malloc] Space allocated in mmapped regions:          1581056 Byte
20220313 033309.655 INFO             PET0 PIOc_freedecomp Exit - MemInfo: [malloc] Maximum total allocated space:                     0 Byte
20220313 033309.655 INFO             PET0 PIOc_freedecomp Exit - MemInfo: [malloc] Space in freed fastbin blocks:                  1216 Byte
20220313 033309.655 INFO             PET0 PIOc_freedecomp Exit - MemInfo: [malloc] Total allocated space:                       3056384 Byte
20220313 033309.655 INFO             PET0 PIOc_freedecomp Exit - MemInfo: [malloc] Total free space:                            9260288 Byte
20220313 033309.655 INFO             PET0 PIOc_freedecomp Exit - MemInfo: [malloc] Top-most, releasable space:                  9046192 Byte
20220313 033309.655 INFO             PET0 PIOc_freedecomp Exit - MemInfo: [malloc] Total space in use, mmap + non-mmap:         4637440 Byte
20220313 033309.655 INFO             PET0 PIOc_freedecomp Exit - MemInfo: [malloc] Total space held (mmap + non-mmap):         13897728 Byte
20220313 033309.655 INFO             PET0 PIOc_freedecomp Exit - MemInfo: [malloc] Total space used (mmap + non-mmap):          4646784 Byte
20220313 033309.655 INFO             PET0 PIOc_freedecomp Exit - MemInfo: Wall-clock time since execution start:              0.0272815 seconds
20220313 033309.657 INFO             PET0 PIOc_sync Enter - MemInfo: [/proc/meminfo - SSI]	MemTotal:       196434604 kB
20220313 033309.657 INFO             PET0 PIOc_sync Enter - MemInfo: [/proc/meminfo - SSI]	MemFree:        184253484 kB
20220313 033309.657 INFO             PET0 PIOc_sync Enter - MemInfo: [/proc/meminfo - SSI]	MemAvailable:   191842084 kB
20220313 033309.657 INFO             PET0 PIOc_sync Enter - MemInfo: [/proc/meminfo - SSI]	Committed_AS:     492356 kB
20220313 033309.657 INFO             PET0 PIOc_sync Enter - MemInfo: [/proc/meminfo - SSI]	CommittedPercent: 0.250646 %
20220313 033309.657 INFO             PET0 PIOc_sync Enter - MemInfo: [/proc/self/status]	VmPeak:	  653040 kB
20220313 033309.657 INFO             PET0 PIOc_sync Enter - MemInfo: [/proc/self/status]	VmSize:	  652984 kB
20220313 033309.657 INFO             PET0 PIOc_sync Enter - MemInfo: [/proc/self/status]	VmLck:	       0 kB
20220313 033309.657 INFO             PET0 PIOc_sync Enter - MemInfo: [/proc/self/status]	VmPin:	       0 kB
20220313 033309.657 INFO             PET0 PIOc_sync Enter - MemInfo: [/proc/self/status]	VmHWM:	   71220 kB
20220313 033309.657 INFO             PET0 PIOc_sync Enter - MemInfo: [/proc/self/status]	VmRSS:	   38380 kB
20220313 033309.657 INFO             PET0 PIOc_sync Enter - MemInfo: [/proc/self/status]	VmData:	  195528 kB
20220313 033309.657 INFO             PET0 PIOc_sync Enter - MemInfo: [/proc/self/status]	VmStk:	     144 kB
20220313 033309.657 INFO             PET0 PIOc_sync Enter - MemInfo: [/proc/self/status]	VmExe:	     324 kB
20220313 033309.657 INFO             PET0 PIOc_sync Enter - MemInfo: [/proc/self/status]	VmLib:	   82396 kB
20220313 033309.657 INFO             PET0 PIOc_sync Enter - MemInfo: [/proc/self/status]	VmPTE:	     944 kB
20220313 033309.657 INFO             PET0 PIOc_sync Enter - MemInfo: [/proc/self/status]	VmSwap:	       0 kB
20220313 033309.657 INFO             PET0 PIOc_sync Enter - MemInfo: [/proc/self/status]	VmRSSPercent: 0.0195383 %
20220313 033309.657 INFO             PET0 PIOc_sync Enter - MemInfo: [malloc] Non-mmapped space allocated:                12316672 Byte
20220313 033309.657 INFO             PET0 PIOc_sync Enter - MemInfo: [malloc] Space allocated in mmapped regions:          1581056 Byte
20220313 033309.657 INFO             PET0 PIOc_sync Enter - MemInfo: [malloc] Maximum total allocated space:                     0 Byte
20220313 033309.657 INFO             PET0 PIOc_sync Enter - MemInfo: [malloc] Space in freed fastbin blocks:                  3120 Byte
20220313 033309.657 INFO             PET0 PIOc_sync Enter - MemInfo: [malloc] Total allocated space:                      11987088 Byte
20220313 033309.657 INFO             PET0 PIOc_sync Enter - MemInfo: [malloc] Total free space:                             329584 Byte
20220313 033309.657 INFO             PET0 PIOc_sync Enter - MemInfo: [malloc] Top-most, releasable space:                   118032 Byte
20220313 033309.657 INFO             PET0 PIOc_sync Enter - MemInfo: [malloc] Total space in use, mmap + non-mmap:        13568144 Byte
20220313 033309.657 INFO             PET0 PIOc_sync Enter - MemInfo: [malloc] Total space held (mmap + non-mmap):         13897728 Byte
20220313 033309.657 INFO             PET0 PIOc_sync Enter - MemInfo: [malloc] Total space used (mmap + non-mmap):         13577488 Byte
20220313 033309.657 INFO             PET0 PIOc_sync Enter - MemInfo: Wall-clock time since execution start:              0.0290173 seconds
20220313 033309.657 INFO             PET0 PIOc_sync Exit - MemInfo: [/proc/meminfo - SSI]	MemTotal:       196434604 kB
20220313 033309.657 INFO             PET0 PIOc_sync Exit - MemInfo: [/proc/meminfo - SSI]	MemFree:        184253484 kB
20220313 033309.657 INFO             PET0 PIOc_sync Exit - MemInfo: [/proc/meminfo - SSI]	MemAvailable:   191842084 kB
20220313 033309.657 INFO             PET0 PIOc_sync Exit - MemInfo: [/proc/meminfo - SSI]	Committed_AS:     492356 kB
20220313 033309.657 INFO             PET0 PIOc_sync Exit - MemInfo: [/proc/meminfo - SSI]	CommittedPercent: 0.250646 %
20220313 033309.657 INFO             PET0 PIOc_sync Exit - MemInfo: [/proc/self/status]	VmPeak:	  653040 kB
20220313 033309.657 INFO             PET0 PIOc_sync Exit - MemInfo: [/proc/self/status]	VmSize:	  652984 kB
20220313 033309.657 INFO             PET0 PIOc_sync Exit - MemInfo: [/proc/self/status]	VmLck:	       0 kB
20220313 033309.657 INFO             PET0 PIOc_sync Exit - MemInfo: [/proc/self/status]	VmPin:	       0 kB
20220313 033309.657 INFO             PET0 PIOc_sync Exit - MemInfo: [/proc/self/status]	VmHWM:	   71220 kB
20220313 033309.657 INFO             PET0 PIOc_sync Exit - MemInfo: [/proc/self/status]	VmRSS:	   38384 kB
20220313 033309.657 INFO             PET0 PIOc_sync Exit - MemInfo: [/proc/self/status]	VmData:	  195528 kB
20220313 033309.657 INFO             PET0 PIOc_sync Exit - MemInfo: [/proc/self/status]	VmStk:	     144 kB
20220313 033309.657 INFO             PET0 PIOc_sync Exit - MemInfo: [/proc/self/status]	VmExe:	     324 kB
20220313 033309.657 INFO             PET0 PIOc_sync Exit - MemInfo: [/proc/self/status]	VmLib:	   82396 kB
20220313 033309.657 INFO             PET0 PIOc_sync Exit - MemInfo: [/proc/self/status]	VmPTE:	     944 kB
20220313 033309.657 INFO             PET0 PIOc_sync Exit - MemInfo: [/proc/self/status]	VmSwap:	       0 kB
20220313 033309.657 INFO             PET0 PIOc_sync Exit - MemInfo: [/proc/self/status]	VmRSSPercent: 0.0195403 %
20220313 033309.657 INFO             PET0 PIOc_sync Exit - MemInfo: [malloc] Non-mmapped space allocated:                12316672 Byte
20220313 033309.657 INFO             PET0 PIOc_sync Exit - MemInfo: [malloc] Space allocated in mmapped regions:          1581056 Byte
20220313 033309.657 INFO             PET0 PIOc_sync Exit - MemInfo: [malloc] Maximum total allocated space:                     0 Byte
20220313 033309.657 INFO             PET0 PIOc_sync Exit - MemInfo: [malloc] Space in freed fastbin blocks:                   944 Byte
20220313 033309.657 INFO             PET0 PIOc_sync Exit - MemInfo: [malloc] Total allocated space:                      11987456 Byte
20220313 033309.657 INFO             PET0 PIOc_sync Exit - MemInfo: [malloc] Total free space:                             329216 Byte
20220313 033309.657 INFO             PET0 PIOc_sync Exit - MemInfo: [malloc] Top-most, releasable space:                   119840 Byte
20220313 033309.657 INFO             PET0 PIOc_sync Exit - MemInfo: [malloc] Total space in use, mmap + non-mmap:        13568512 Byte
20220313 033309.657 INFO             PET0 PIOc_sync Exit - MemInfo: [malloc] Total space held (mmap + non-mmap):         13897728 Byte
20220313 033309.657 INFO             PET0 PIOc_sync Exit - MemInfo: [malloc] Total space used (mmap + non-mmap):         13577856 Byte
20220313 033309.657 INFO             PET0 PIOc_sync Exit - MemInfo: Wall-clock time since execution start:               0.029424 seconds
20220313 033309.658 INFO             PET0 PIOc_freedecomp Enter - MemInfo: [/proc/meminfo - SSI]	MemTotal:       196434604 kB
20220313 033309.658 INFO             PET0 PIOc_freedecomp Enter - MemInfo: [/proc/meminfo - SSI]	MemFree:        184253484 kB
20220313 033309.658 INFO             PET0 PIOc_freedecomp Enter - MemInfo: [/proc/meminfo - SSI]	MemAvailable:   191842084 kB
20220313 033309.658 INFO             PET0 PIOc_freedecomp Enter - MemInfo: [/proc/meminfo - SSI]	Committed_AS:     492356 kB
20220313 033309.658 INFO             PET0 PIOc_freedecomp Enter - MemInfo: [/proc/meminfo - SSI]	CommittedPercent: 0.250646 %
20220313 033309.658 INFO             PET0 PIOc_freedecomp Enter - MemInfo: [/proc/self/status]	VmPeak:	  653040 kB
20220313 033309.658 INFO             PET0 PIOc_freedecomp Enter - MemInfo: [/proc/self/status]	VmSize:	  652984 kB
20220313 033309.658 INFO             PET0 PIOc_freedecomp Enter - MemInfo: [/proc/self/status]	VmLck:	       0 kB
20220313 033309.658 INFO             PET0 PIOc_freedecomp Enter - MemInfo: [/proc/self/status]	VmPin:	       0 kB
20220313 033309.658 INFO             PET0 PIOc_freedecomp Enter - MemInfo: [/proc/self/status]	VmHWM:	   71220 kB
20220313 033309.658 INFO             PET0 PIOc_freedecomp Enter - MemInfo: [/proc/self/status]	VmRSS:	   38384 kB
20220313 033309.658 INFO             PET0 PIOc_freedecomp Enter - MemInfo: [/proc/self/status]	VmData:	  195528 kB
20220313 033309.658 INFO             PET0 PIOc_freedecomp Enter - MemInfo: [/proc/self/status]	VmStk:	     144 kB
20220313 033309.658 INFO             PET0 PIOc_freedecomp Enter - MemInfo: [/proc/self/status]	VmExe:	     324 kB
20220313 033309.658 INFO             PET0 PIOc_freedecomp Enter - MemInfo: [/proc/self/status]	VmLib:	   82396 kB
20220313 033309.658 INFO             PET0 PIOc_freedecomp Enter - MemInfo: [/proc/self/status]	VmPTE:	     944 kB
20220313 033309.658 INFO             PET0 PIOc_freedecomp Enter - MemInfo: [/proc/self/status]	VmSwap:	       0 kB
20220313 033309.658 INFO             PET0 PIOc_freedecomp Enter - MemInfo: [/proc/self/status]	VmRSSPercent: 0.0195403 %
20220313 033309.658 INFO             PET0 PIOc_freedecomp Enter - MemInfo: [malloc] Non-mmapped space allocated:                12316672 Byte
20220313 033309.658 INFO             PET0 PIOc_freedecomp Enter - MemInfo: [malloc] Space allocated in mmapped regions:          1581056 Byte
20220313 033309.658 INFO             PET0 PIOc_freedecomp Enter - MemInfo: [malloc] Maximum total allocated space:                     0 Byte
20220313 033309.658 INFO             PET0 PIOc_freedecomp Enter - MemInfo: [malloc] Space in freed fastbin blocks:                  1280 Byte
20220313 033309.658 INFO             PET0 PIOc_freedecomp Enter - MemInfo: [malloc] Total allocated space:                       3060512 Byte
20220313 033309.658 INFO             PET0 PIOc_freedecomp Enter - MemInfo: [malloc] Total free space:                            9256160 Byte
20220313 033309.658 INFO             PET0 PIOc_freedecomp Enter - MemInfo: [malloc] Top-most, releasable space:                   119920 Byte
20220313 033309.658 INFO             PET0 PIOc_freedecomp Enter - MemInfo: [malloc] Total space in use, mmap + non-mmap:         4641568 Byte
20220313 033309.658 INFO             PET0 PIOc_freedecomp Enter - MemInfo: [malloc] Total space held (mmap + non-mmap):         13897728 Byte
20220313 033309.658 INFO             PET0 PIOc_freedecomp Enter - MemInfo: [malloc] Total space used (mmap + non-mmap):          4650912 Byte
20220313 033309.658 INFO             PET0 PIOc_freedecomp Enter - MemInfo: Wall-clock time since execution start:              0.0299532 seconds
20220313 033309.658 INFO             PET0 PIOc_freedecomp Exit - MemInfo: [/proc/meminfo - SSI]	MemTotal:       196434604 kB
20220313 033309.658 INFO             PET0 PIOc_freedecomp Exit - MemInfo: [/proc/meminfo - SSI]	MemFree:        184253484 kB
20220313 033309.658 INFO             PET0 PIOc_freedecomp Exit - MemInfo: [/proc/meminfo - SSI]	MemAvailable:   191842084 kB
20220313 033309.658 INFO             PET0 PIOc_freedecomp Exit - MemInfo: [/proc/meminfo - SSI]	Committed_AS:     492356 kB
20220313 033309.658 INFO             PET0 PIOc_freedecomp Exit - MemInfo: [/proc/meminfo - SSI]	CommittedPercent: 0.250646 %
20220313 033309.658 INFO             PET0 PIOc_freedecomp Exit - MemInfo: [/proc/self/status]	VmPeak:	  653040 kB
20220313 033309.658 INFO             PET0 PIOc_freedecomp Exit - MemInfo: [/proc/self/status]	VmSize:	  652984 kB
20220313 033309.658 INFO             PET0 PIOc_freedecomp Exit - MemInfo: [/proc/self/status]	VmLck:	       0 kB
20220313 033309.658 INFO             PET0 PIOc_freedecomp Exit - MemInfo: [/proc/self/status]	VmPin:	       0 kB
20220313 033309.658 INFO             PET0 PIOc_freedecomp Exit - MemInfo: [/proc/self/status]	VmHWM:	   71220 kB
20220313 033309.658 INFO             PET0 PIOc_freedecomp Exit - MemInfo: [/proc/self/status]	VmRSS:	   38384 kB
20220313 033309.658 INFO             PET0 PIOc_freedecomp Exit - MemInfo: [/proc/self/status]	VmData:	  195528 kB
20220313 033309.658 INFO             PET0 PIOc_freedecomp Exit - MemInfo: [/proc/self/status]	VmStk:	     144 kB
20220313 033309.658 INFO             PET0 PIOc_freedecomp Exit - MemInfo: [/proc/self/status]	VmExe:	     324 kB
20220313 033309.658 INFO             PET0 PIOc_freedecomp Exit - MemInfo: [/proc/self/status]	VmLib:	   82396 kB
20220313 033309.658 INFO             PET0 PIOc_freedecomp Exit - MemInfo: [/proc/self/status]	VmPTE:	     944 kB
20220313 033309.658 INFO             PET0 PIOc_freedecomp Exit - MemInfo: [/proc/self/status]	VmSwap:	       0 kB
20220313 033309.658 INFO             PET0 PIOc_freedecomp Exit - MemInfo: [/proc/self/status]	VmRSSPercent: 0.0195403 %
20220313 033309.658 INFO             PET0 PIOc_freedecomp Exit - MemInfo: [malloc] Non-mmapped space allocated:                12316672 Byte
20220313 033309.658 INFO             PET0 PIOc_freedecomp Exit - MemInfo: [malloc] Space allocated in mmapped regions:          1581056 Byte
20220313 033309.658 INFO             PET0 PIOc_freedecomp Exit - MemInfo: [malloc] Maximum total allocated space:                     0 Byte
20220313 033309.658 INFO             PET0 PIOc_freedecomp Exit - MemInfo: [malloc] Space in freed fastbin blocks:                   992 Byte
20220313 033309.658 INFO             PET0 PIOc_freedecomp Exit - MemInfo: [malloc] Total allocated space:                       3056368 Byte
20220313 033309.658 INFO             PET0 PIOc_freedecomp Exit - MemInfo: [malloc] Total free space:                            9260304 Byte
20220313 033309.658 INFO             PET0 PIOc_freedecomp Exit - MemInfo: [malloc] Top-most, releasable space:                  9046192 Byte
20220313 033309.658 INFO             PET0 PIOc_freedecomp Exit - MemInfo: [malloc] Total space in use, mmap + non-mmap:         4637424 Byte
20220313 033309.658 INFO             PET0 PIOc_freedecomp Exit - MemInfo: [malloc] Total space held (mmap + non-mmap):         13897728 Byte
20220313 033309.658 INFO             PET0 PIOc_freedecomp Exit - MemInfo: [malloc] Total space used (mmap + non-mmap):          4646768 Byte
20220313 033309.658 INFO             PET0 PIOc_freedecomp Exit - MemInfo: Wall-clock time since execution start:              0.0303293 seconds
20220313 033309.658 INFO             PET0 PASS Create an ESMC_RouteHandle via ESMC_FieldRegridStore(), ESMC_FieldRegridUTest.C, line 367
20220313 033309.658 INFO             PET0 PASS Execute ESMC_FieldRegrid(), ESMC_FieldRegridUTest.C, line 375
20220313 033309.661 INFO             PET0 PIOc_sync Enter - MemInfo: [/proc/meminfo - SSI]	MemTotal:       196434604 kB
20220313 033309.661 INFO             PET0 PIOc_sync Enter - MemInfo: [/proc/meminfo - SSI]	MemFree:        184251064 kB
20220313 033309.661 INFO             PET0 PIOc_sync Enter - MemInfo: [/proc/meminfo - SSI]	MemAvailable:   191839664 kB
20220313 033309.661 INFO             PET0 PIOc_sync Enter - MemInfo: [/proc/meminfo - SSI]	Committed_AS:     492356 kB
20220313 033309.661 INFO             PET0 PIOc_sync Enter - MemInfo: [/proc/meminfo - SSI]	CommittedPercent: 0.250646 %
20220313 033309.661 INFO             PET0 PIOc_sync Enter - MemInfo: [/proc/self/status]	VmPeak:	  653040 kB
20220313 033309.661 INFO             PET0 PIOc_sync Enter - MemInfo: [/proc/self/status]	VmSize:	  652984 kB
20220313 033309.661 INFO             PET0 PIOc_sync Enter - MemInfo: [/proc/self/status]	VmLck:	       0 kB
20220313 033309.661 INFO             PET0 PIOc_sync Enter - MemInfo: [/proc/self/status]	VmPin:	       0 kB
20220313 033309.661 INFO             PET0 PIOc_sync Enter - MemInfo: [/proc/self/status]	VmHWM:	   71220 kB
20220313 033309.661 INFO             PET0 PIOc_sync Enter - MemInfo: [/proc/self/status]	VmRSS:	   41004 kB
20220313 033309.661 INFO             PET0 PIOc_sync Enter - MemInfo: [/proc/self/status]	VmData:	  195528 kB
20220313 033309.661 INFO             PET0 PIOc_sync Enter - MemInfo: [/proc/self/status]	VmStk:	     144 kB
20220313 033309.661 INFO             PET0 PIOc_sync Enter - MemInfo: [/proc/self/status]	VmExe:	     324 kB
20220313 033309.661 INFO             PET0 PIOc_sync Enter - MemInfo: [/proc/self/status]	VmLib:	   82396 kB
20220313 033309.661 INFO             PET0 PIOc_sync Enter - MemInfo: [/proc/self/status]	VmPTE:	     948 kB
20220313 033309.661 INFO             PET0 PIOc_sync Enter - MemInfo: [/proc/self/status]	VmSwap:	       0 kB
20220313 033309.661 INFO             PET0 PIOc_sync Enter - MemInfo: [/proc/self/status]	VmRSSPercent: 0.0208741 %
20220313 033309.661 INFO             PET0 PIOc_sync Enter - MemInfo: [malloc] Non-mmapped space allocated:                12316672 Byte
20220313 033309.661 INFO             PET0 PIOc_sync Enter - MemInfo: [malloc] Space allocated in mmapped regions:          1581056 Byte
20220313 033309.661 INFO             PET0 PIOc_sync Enter - MemInfo: [malloc] Maximum total allocated space:                     0 Byte
20220313 033309.661 INFO             PET0 PIOc_sync Enter - MemInfo: [malloc] Space in freed fastbin blocks:                  1088 Byte
20220313 033309.661 INFO             PET0 PIOc_sync Enter - MemInfo: [malloc] Total allocated space:                      11992592 Byte
20220313 033309.661 INFO             PET0 PIOc_sync Enter - MemInfo: [malloc] Total free space:                             324080 Byte
20220313 033309.661 INFO             PET0 PIOc_sync Enter - MemInfo: [malloc] Top-most, releasable space:                   114704 Byte
20220313 033309.661 INFO             PET0 PIOc_sync Enter - MemInfo: [malloc] Total space in use, mmap + non-mmap:        13573648 Byte
20220313 033309.661 INFO             PET0 PIOc_sync Enter - MemInfo: [malloc] Total space held (mmap + non-mmap):         13897728 Byte
20220313 033309.661 INFO             PET0 PIOc_sync Enter - MemInfo: [malloc] Total space used (mmap + non-mmap):         13582992 Byte
20220313 033309.661 INFO             PET0 PIOc_sync Enter - MemInfo: Wall-clock time since execution start:              0.0331506 seconds
20220313 033309.661 INFO             PET0 PIOc_sync Exit - MemInfo: [/proc/meminfo - SSI]	MemTotal:       196434604 kB
20220313 033309.661 INFO             PET0 PIOc_sync Exit - MemInfo: [/proc/meminfo - SSI]	MemFree:        184251064 kB
20220313 033309.661 INFO             PET0 PIOc_sync Exit - MemInfo: [/proc/meminfo - SSI]	MemAvailable:   191839664 kB
20220313 033309.661 INFO             PET0 PIOc_sync Exit - MemInfo: [/proc/meminfo - SSI]	Committed_AS:     492356 kB
20220313 033309.661 INFO             PET0 PIOc_sync Exit - MemInfo: [/proc/meminfo - SSI]	CommittedPercent: 0.250646 %
20220313 033309.661 INFO             PET0 PIOc_sync Exit - MemInfo: [/proc/self/status]	VmPeak:	  653040 kB
20220313 033309.661 INFO             PET0 PIOc_sync Exit - MemInfo: [/proc/self/status]	VmSize:	  652984 kB
20220313 033309.661 INFO             PET0 PIOc_sync Exit - MemInfo: [/proc/self/status]	VmLck:	       0 kB
20220313 033309.661 INFO             PET0 PIOc_sync Exit - MemInfo: [/proc/self/status]	VmPin:	       0 kB
20220313 033309.661 INFO             PET0 PIOc_sync Exit - MemInfo: [/proc/self/status]	VmHWM:	   71220 kB
20220313 033309.661 INFO             PET0 PIOc_sync Exit - MemInfo: [/proc/self/status]	VmRSS:	   41012 kB
20220313 033309.661 INFO             PET0 PIOc_sync Exit - MemInfo: [/proc/self/status]	VmData:	  195528 kB
20220313 033309.661 INFO             PET0 PIOc_sync Exit - MemInfo: [/proc/self/status]	VmStk:	     144 kB
20220313 033309.661 INFO             PET0 PIOc_sync Exit - MemInfo: [/proc/self/status]	VmExe:	     324 kB
20220313 033309.661 INFO             PET0 PIOc_sync Exit - MemInfo: [/proc/self/status]	VmLib:	   82396 kB
20220313 033309.661 INFO             PET0 PIOc_sync Exit - MemInfo: [/proc/self/status]	VmPTE:	     948 kB
20220313 033309.661 INFO             PET0 PIOc_sync Exit - MemInfo: [/proc/self/status]	VmSwap:	       0 kB
20220313 033309.661 INFO             PET0 PIOc_sync Exit - MemInfo: [/proc/self/status]	VmRSSPercent: 0.0208782 %
20220313 033309.661 INFO             PET0 PIOc_sync Exit - MemInfo: [malloc] Non-mmapped space allocated:                12316672 Byte
20220313 033309.661 INFO             PET0 PIOc_sync Exit - MemInfo: [malloc] Space allocated in mmapped regions:          1581056 Byte
20220313 033309.661 INFO             PET0 PIOc_sync Exit - MemInfo: [malloc] Maximum total allocated space:                     0 Byte
20220313 033309.662 INFO             PET0 PIOc_sync Exit - MemInfo: [malloc] Space in freed fastbin blocks:                   944 Byte
20220313 033309.662 INFO             PET0 PIOc_sync Exit - MemInfo: [malloc] Total allocated space:                      11993200 Byte
20220313 033309.662 INFO             PET0 PIOc_sync Exit - MemInfo: [malloc] Total free space:                             323472 Byte
20220313 033309.662 INFO             PET0 PIOc_sync Exit - MemInfo: [malloc] Top-most, releasable space:                   114096 Byte
20220313 033309.662 INFO             PET0 PIOc_sync Exit - MemInfo: [malloc] Total space in use, mmap + non-mmap:        13574256 Byte
20220313 033309.662 INFO             PET0 PIOc_sync Exit - MemInfo: [malloc] Total space held (mmap + non-mmap):         13897728 Byte
20220313 033309.662 INFO             PET0 PIOc_sync Exit - MemInfo: [malloc] Total space used (mmap + non-mmap):         13583600 Byte
20220313 033309.662 INFO             PET0 PIOc_sync Exit - MemInfo: Wall-clock time since execution start:              0.0335504 seconds
20220313 033309.662 INFO             PET0 PIOc_freedecomp Enter - MemInfo: [/proc/meminfo - SSI]	MemTotal:       196434604 kB
20220313 033309.662 INFO             PET0 PIOc_freedecomp Enter - MemInfo: [/proc/meminfo - SSI]	MemFree:        184251064 kB
20220313 033309.662 INFO             PET0 PIOc_freedecomp Enter - MemInfo: [/proc/meminfo - SSI]	MemAvailable:   191839664 kB
20220313 033309.662 INFO             PET0 PIOc_freedecomp Enter - MemInfo: [/proc/meminfo - SSI]	Committed_AS:     492356 kB
20220313 033309.662 INFO             PET0 PIOc_freedecomp Enter - MemInfo: [/proc/meminfo - SSI]	CommittedPercent: 0.250646 %
20220313 033309.662 INFO             PET0 PIOc_freedecomp Enter - MemInfo: [/proc/self/status]	VmPeak:	  653040 kB
20220313 033309.662 INFO             PET0 PIOc_freedecomp Enter - MemInfo: [/proc/self/status]	VmSize:	  652984 kB
20220313 033309.662 INFO             PET0 PIOc_freedecomp Enter - MemInfo: [/proc/self/status]	VmLck:	       0 kB
20220313 033309.662 INFO             PET0 PIOc_freedecomp Enter - MemInfo: [/proc/self/status]	VmPin:	       0 kB
20220313 033309.662 INFO             PET0 PIOc_freedecomp Enter - MemInfo: [/proc/self/status]	VmHWM:	   71220 kB
20220313 033309.662 INFO             PET0 PIOc_freedecomp Enter - MemInfo: [/proc/self/status]	VmRSS:	   41012 kB
20220313 033309.662 INFO             PET0 PIOc_freedecomp Enter - MemInfo: [/proc/self/status]	VmData:	  195528 kB
20220313 033309.662 INFO             PET0 PIOc_freedecomp Enter - MemInfo: [/proc/self/status]	VmStk:	     144 kB
20220313 033309.662 INFO             PET0 PIOc_freedecomp Enter - MemInfo: [/proc/self/status]	VmExe:	     324 kB
20220313 033309.662 INFO             PET0 PIOc_freedecomp Enter - MemInfo: [/proc/self/status]	VmLib:	   82396 kB
20220313 033309.662 INFO             PET0 PIOc_freedecomp Enter - MemInfo: [/proc/self/status]	VmPTE:	     948 kB
20220313 033309.662 INFO             PET0 PIOc_freedecomp Enter - MemInfo: [/proc/self/status]	VmSwap:	       0 kB
20220313 033309.662 INFO             PET0 PIOc_freedecomp Enter - MemInfo: [/proc/self/status]	VmRSSPercent: 0.0208782 %
20220313 033309.662 INFO             PET0 PIOc_freedecomp Enter - MemInfo: [malloc] Non-mmapped space allocated:                12316672 Byte
20220313 033309.662 INFO             PET0 PIOc_freedecomp Enter - MemInfo: [malloc] Space allocated in mmapped regions:          1581056 Byte
20220313 033309.662 INFO             PET0 PIOc_freedecomp Enter - MemInfo: [malloc] Maximum total allocated space:                     0 Byte
20220313 033309.662 INFO             PET0 PIOc_freedecomp Enter - MemInfo: [malloc] Space in freed fastbin blocks:                  1168 Byte
20220313 033309.662 INFO             PET0 PIOc_freedecomp Enter - MemInfo: [malloc] Total allocated space:                       3066960 Byte
20220313 033309.662 INFO             PET0 PIOc_freedecomp Enter - MemInfo: [malloc] Total free space:                            9249712 Byte
20220313 033309.662 INFO             PET0 PIOc_freedecomp Enter - MemInfo: [malloc] Top-most, releasable space:                   114256 Byte
20220313 033309.662 INFO             PET0 PIOc_freedecomp Enter - MemInfo: [malloc] Total space in use, mmap + non-mmap:         4648016 Byte
20220313 033309.662 INFO             PET0 PIOc_freedecomp Enter - MemInfo: [malloc] Total space held (mmap + non-mmap):         13897728 Byte
20220313 033309.662 INFO             PET0 PIOc_freedecomp Enter - MemInfo: [malloc] Total space used (mmap + non-mmap):          4657360 Byte
20220313 033309.662 INFO             PET0 PIOc_freedecomp Enter - MemInfo: Wall-clock time since execution start:              0.0340705 seconds
20220313 033309.662 INFO             PET0 PIOc_freedecomp Exit - MemInfo: [/proc/meminfo - SSI]	MemTotal:       196434604 kB
20220313 033309.662 INFO             PET0 PIOc_freedecomp Exit - MemInfo: [/proc/meminfo - SSI]	MemFree:        184251064 kB
20220313 033309.662 INFO             PET0 PIOc_freedecomp Exit - MemInfo: [/proc/meminfo - SSI]	MemAvailable:   191839664 kB
20220313 033309.662 INFO             PET0 PIOc_freedecomp Exit - MemInfo: [/proc/meminfo - SSI]	Committed_AS:     492356 kB
20220313 033309.662 INFO             PET0 PIOc_freedecomp Exit - MemInfo: [/proc/meminfo - SSI]	CommittedPercent: 0.250646 %
20220313 033309.662 INFO             PET0 PIOc_freedecomp Exit - MemInfo: [/proc/self/status]	VmPeak:	  653040 kB
20220313 033309.662 INFO             PET0 PIOc_freedecomp Exit - MemInfo: [/proc/self/status]	VmSize:	  652984 kB
20220313 033309.662 INFO             PET0 PIOc_freedecomp Exit - MemInfo: [/proc/self/status]	VmLck:	       0 kB
20220313 033309.662 INFO             PET0 PIOc_freedecomp Exit - MemInfo: [/proc/self/status]	VmPin:	       0 kB
20220313 033309.662 INFO             PET0 PIOc_freedecomp Exit - MemInfo: [/proc/self/status]	VmHWM:	   71220 kB
20220313 033309.662 INFO             PET0 PIOc_freedecomp Exit - MemInfo: [/proc/self/status]	VmRSS:	   41012 kB
20220313 033309.662 INFO             PET0 PIOc_freedecomp Exit - MemInfo: [/proc/self/status]	VmData:	  195528 kB
20220313 033309.662 INFO             PET0 PIOc_freedecomp Exit - MemInfo: [/proc/self/status]	VmStk:	     144 kB
20220313 033309.662 INFO             PET0 PIOc_freedecomp Exit - MemInfo: [/proc/self/status]	VmExe:	     324 kB
20220313 033309.662 INFO             PET0 PIOc_freedecomp Exit - MemInfo: [/proc/self/status]	VmLib:	   82396 kB
20220313 033309.662 INFO             PET0 PIOc_freedecomp Exit - MemInfo: [/proc/self/status]	VmPTE:	     948 kB
20220313 033309.662 INFO             PET0 PIOc_freedecomp Exit - MemInfo: [/proc/self/status]	VmSwap:	       0 kB
20220313 033309.662 INFO             PET0 PIOc_freedecomp Exit - MemInfo: [/proc/self/status]	VmRSSPercent: 0.0208782 %
20220313 033309.662 INFO             PET0 PIOc_freedecomp Exit - MemInfo: [malloc] Non-mmapped space allocated:                12316672 Byte
20220313 033309.662 INFO             PET0 PIOc_freedecomp Exit - MemInfo: [malloc] Space allocated in mmapped regions:          1581056 Byte
20220313 033309.662 INFO             PET0 PIOc_freedecomp Exit - MemInfo: [malloc] Maximum total allocated space:                     0 Byte
20220313 033309.662 INFO             PET0 PIOc_freedecomp Exit - MemInfo: [malloc] Space in freed fastbin blocks:                  2368 Byte
20220313 033309.662 INFO             PET0 PIOc_freedecomp Exit - MemInfo: [malloc] Total allocated space:                       3064304 Byte
20220313 033309.662 INFO             PET0 PIOc_freedecomp Exit - MemInfo: [malloc] Total free space:                            9252368 Byte
20220313 033309.662 INFO             PET0 PIOc_freedecomp Exit - MemInfo: [malloc] Top-most, releasable space:                   114256 Byte
20220313 033309.662 INFO             PET0 PIOc_freedecomp Exit - MemInfo: [malloc] Total space in use, mmap + non-mmap:         4645360 Byte
20220313 033309.662 INFO             PET0 PIOc_freedecomp Exit - MemInfo: [malloc] Total space held (mmap + non-mmap):         13897728 Byte
20220313 033309.662 INFO             PET0 PIOc_freedecomp Exit - MemInfo: [malloc] Total space used (mmap + non-mmap):          4654704 Byte
20220313 033309.662 INFO             PET0 PIOc_freedecomp Exit - MemInfo: Wall-clock time since execution start:              0.0344405 seconds
20220313 033309.664 INFO             PET0 PIOc_sync Enter - MemInfo: [/proc/meminfo - SSI]	MemTotal:       196434604 kB
20220313 033309.664 INFO             PET0 PIOc_sync Enter - MemInfo: [/proc/meminfo - SSI]	MemFree:        184251320 kB
20220313 033309.664 INFO             PET0 PIOc_sync Enter - MemInfo: [/proc/meminfo - SSI]	MemAvailable:   191839920 kB
20220313 033309.664 INFO             PET0 PIOc_sync Enter - MemInfo: [/proc/meminfo - SSI]	Committed_AS:     492356 kB
20220313 033309.664 INFO             PET0 PIOc_sync Enter - MemInfo: [/proc/meminfo - SSI]	CommittedPercent: 0.250646 %
20220313 033309.664 INFO             PET0 PIOc_sync Enter - MemInfo: [/proc/self/status]	VmPeak:	  653040 kB
20220313 033309.664 INFO             PET0 PIOc_sync Enter - MemInfo: [/proc/self/status]	VmSize:	  652984 kB
20220313 033309.664 INFO             PET0 PIOc_sync Enter - MemInfo: [/proc/self/status]	VmLck:	       0 kB
20220313 033309.664 INFO             PET0 PIOc_sync Enter - MemInfo: [/proc/self/status]	VmPin:	       0 kB
20220313 033309.664 INFO             PET0 PIOc_sync Enter - MemInfo: [/proc/self/status]	VmHWM:	   71220 kB
20220313 033309.664 INFO             PET0 PIOc_sync Enter - MemInfo: [/proc/self/status]	VmRSS:	   41012 kB
20220313 033309.664 INFO             PET0 PIOc_sync Enter - MemInfo: [/proc/self/status]	VmData:	  195528 kB
20220313 033309.664 INFO             PET0 PIOc_sync Enter - MemInfo: [/proc/self/status]	VmStk:	     144 kB
20220313 033309.664 INFO             PET0 PIOc_sync Enter - MemInfo: [/proc/self/status]	VmExe:	     324 kB
20220313 033309.664 INFO             PET0 PIOc_sync Enter - MemInfo: [/proc/self/status]	VmLib:	   82396 kB
20220313 033309.664 INFO             PET0 PIOc_sync Enter - MemInfo: [/proc/self/status]	VmPTE:	     948 kB
20220313 033309.664 INFO             PET0 PIOc_sync Enter - MemInfo: [/proc/self/status]	VmSwap:	       0 kB
20220313 033309.664 INFO             PET0 PIOc_sync Enter - MemInfo: [/proc/self/status]	VmRSSPercent: 0.0208782 %
20220313 033309.664 INFO             PET0 PIOc_sync Enter - MemInfo: [malloc] Non-mmapped space allocated:                12316672 Byte
20220313 033309.664 INFO             PET0 PIOc_sync Enter - MemInfo: [malloc] Space allocated in mmapped regions:          1581056 Byte
20220313 033309.664 INFO             PET0 PIOc_sync Enter - MemInfo: [malloc] Maximum total allocated space:                     0 Byte
20220313 033309.664 INFO             PET0 PIOc_sync Enter - MemInfo: [malloc] Space in freed fastbin blocks:                  1696 Byte
20220313 033309.664 INFO             PET0 PIOc_sync Enter - MemInfo: [malloc] Total allocated space:                      11993360 Byte
20220313 033309.664 INFO             PET0 PIOc_sync Enter - MemInfo: [malloc] Total free space:                             323312 Byte
20220313 033309.664 INFO             PET0 PIOc_sync Enter - MemInfo: [malloc] Top-most, releasable space:                   113280 Byte
20220313 033309.664 INFO             PET0 PIOc_sync Enter - MemInfo: [malloc] Total space in use, mmap + non-mmap:        13574416 Byte
20220313 033309.664 INFO             PET0 PIOc_sync Enter - MemInfo: [malloc] Total space held (mmap + non-mmap):         13897728 Byte
20220313 033309.664 INFO             PET0 PIOc_sync Enter - MemInfo: [malloc] Total space used (mmap + non-mmap):         13583760 Byte
20220313 033309.664 INFO             PET0 PIOc_sync Enter - MemInfo: Wall-clock time since execution start:              0.0359224 seconds
20220313 033309.664 INFO             PET0 PIOc_sync Exit - MemInfo: [/proc/meminfo - SSI]	MemTotal:       196434604 kB
20220313 033309.664 INFO             PET0 PIOc_sync Exit - MemInfo: [/proc/meminfo - SSI]	MemFree:        184251320 kB
20220313 033309.664 INFO             PET0 PIOc_sync Exit - MemInfo: [/proc/meminfo - SSI]	MemAvailable:   191839920 kB
20220313 033309.664 INFO             PET0 PIOc_sync Exit - MemInfo: [/proc/meminfo - SSI]	Committed_AS:     492356 kB
20220313 033309.664 INFO             PET0 PIOc_sync Exit - MemInfo: [/proc/meminfo - SSI]	CommittedPercent: 0.250646 %
20220313 033309.664 INFO             PET0 PIOc_sync Exit - MemInfo: [/proc/self/status]	VmPeak:	  653040 kB
20220313 033309.664 INFO             PET0 PIOc_sync Exit - MemInfo: [/proc/self/status]	VmSize:	  652984 kB
20220313 033309.664 INFO             PET0 PIOc_sync Exit - MemInfo: [/proc/self/status]	VmLck:	       0 kB
20220313 033309.664 INFO             PET0 PIOc_sync Exit - MemInfo: [/proc/self/status]	VmPin:	       0 kB
20220313 033309.664 INFO             PET0 PIOc_sync Exit - MemInfo: [/proc/self/status]	VmHWM:	   71220 kB
20220313 033309.664 INFO             PET0 PIOc_sync Exit - MemInfo: [/proc/self/status]	VmRSS:	   41012 kB
20220313 033309.664 INFO             PET0 PIOc_sync Exit - MemInfo: [/proc/self/status]	VmData:	  195528 kB
20220313 033309.664 INFO             PET0 PIOc_sync Exit - MemInfo: [/proc/self/status]	VmStk:	     144 kB
20220313 033309.664 INFO             PET0 PIOc_sync Exit - MemInfo: [/proc/self/status]	VmExe:	     324 kB
20220313 033309.664 INFO             PET0 PIOc_sync Exit - MemInfo: [/proc/self/status]	VmLib:	   82396 kB
20220313 033309.664 INFO             PET0 PIOc_sync Exit - MemInfo: [/proc/self/status]	VmPTE:	     948 kB
20220313 033309.664 INFO             PET0 PIOc_sync Exit - MemInfo: [/proc/self/status]	VmSwap:	       0 kB
20220313 033309.664 INFO             PET0 PIOc_sync Exit - MemInfo: [/proc/self/status]	VmRSSPercent: 0.0208782 %
20220313 033309.664 INFO             PET0 PIOc_sync Exit - MemInfo: [malloc] Non-mmapped space allocated:                12316672 Byte
20220313 033309.664 INFO             PET0 PIOc_sync Exit - MemInfo: [malloc] Space allocated in mmapped regions:          1581056 Byte
20220313 033309.664 INFO             PET0 PIOc_sync Exit - MemInfo: [malloc] Maximum total allocated space:                     0 Byte
20220313 033309.664 INFO             PET0 PIOc_sync Exit - MemInfo: [malloc] Space in freed fastbin blocks:                   464 Byte
20220313 033309.664 INFO             PET0 PIOc_sync Exit - MemInfo: [malloc] Total allocated space:                      11993968 Byte
20220313 033309.664 INFO             PET0 PIOc_sync Exit - MemInfo: [malloc] Total free space:                             322704 Byte
20220313 033309.664 INFO             PET0 PIOc_sync Exit - MemInfo: [malloc] Top-most, releasable space:                   113248 Byte
20220313 033309.664 INFO             PET0 PIOc_sync Exit - MemInfo: [malloc] Total space in use, mmap + non-mmap:        13575024 Byte
20220313 033309.664 INFO             PET0 PIOc_sync Exit - MemInfo: [malloc] Total space held (mmap + non-mmap):         13897728 Byte
20220313 033309.664 INFO             PET0 PIOc_sync Exit - MemInfo: [malloc] Total space used (mmap + non-mmap):         13584368 Byte
20220313 033309.664 INFO             PET0 PIOc_sync Exit - MemInfo: Wall-clock time since execution start:              0.0363243 seconds
20220313 033309.665 INFO             PET0 PIOc_freedecomp Enter - MemInfo: [/proc/meminfo - SSI]	MemTotal:       196434604 kB
20220313 033309.665 INFO             PET0 PIOc_freedecomp Enter - MemInfo: [/proc/meminfo - SSI]	MemFree:        184251320 kB
20220313 033309.665 INFO             PET0 PIOc_freedecomp Enter - MemInfo: [/proc/meminfo - SSI]	MemAvailable:   191839920 kB
20220313 033309.665 INFO             PET0 PIOc_freedecomp Enter - MemInfo: [/proc/meminfo - SSI]	Committed_AS:     492356 kB
20220313 033309.665 INFO             PET0 PIOc_freedecomp Enter - MemInfo: [/proc/meminfo - SSI]	CommittedPercent: 0.250646 %
20220313 033309.665 INFO             PET0 PIOc_freedecomp Enter - MemInfo: [/proc/self/status]	VmPeak:	  653040 kB
20220313 033309.665 INFO             PET0 PIOc_freedecomp Enter - MemInfo: [/proc/self/status]	VmSize:	  652984 kB
20220313 033309.665 INFO             PET0 PIOc_freedecomp Enter - MemInfo: [/proc/self/status]	VmLck:	       0 kB
20220313 033309.665 INFO             PET0 PIOc_freedecomp Enter - MemInfo: [/proc/self/status]	VmPin:	       0 kB
20220313 033309.665 INFO             PET0 PIOc_freedecomp Enter - MemInfo: [/proc/self/status]	VmHWM:	   71220 kB
20220313 033309.665 INFO             PET0 PIOc_freedecomp Enter - MemInfo: [/proc/self/status]	VmRSS:	   41012 kB
20220313 033309.665 INFO             PET0 PIOc_freedecomp Enter - MemInfo: [/proc/self/status]	VmData:	  195528 kB
20220313 033309.665 INFO             PET0 PIOc_freedecomp Enter - MemInfo: [/proc/self/status]	VmStk:	     144 kB
20220313 033309.665 INFO             PET0 PIOc_freedecomp Enter - MemInfo: [/proc/self/status]	VmExe:	     324 kB
20220313 033309.665 INFO             PET0 PIOc_freedecomp Enter - MemInfo: [/proc/self/status]	VmLib:	   82396 kB
20220313 033309.665 INFO             PET0 PIOc_freedecomp Enter - MemInfo: [/proc/self/status]	VmPTE:	     948 kB
20220313 033309.665 INFO             PET0 PIOc_freedecomp Enter - MemInfo: [/proc/self/status]	VmSwap:	       0 kB
20220313 033309.665 INFO             PET0 PIOc_freedecomp Enter - MemInfo: [/proc/self/status]	VmRSSPercent: 0.0208782 %
20220313 033309.665 INFO             PET0 PIOc_freedecomp Enter - MemInfo: [malloc] Non-mmapped space allocated:                12316672 Byte
20220313 033309.665 INFO             PET0 PIOc_freedecomp Enter - MemInfo: [malloc] Space allocated in mmapped regions:          1581056 Byte
20220313 033309.665 INFO             PET0 PIOc_freedecomp Enter - MemInfo: [malloc] Maximum total allocated space:                     0 Byte
20220313 033309.665 INFO             PET0 PIOc_freedecomp Enter - MemInfo: [malloc] Space in freed fastbin blocks:                  1120 Byte
20220313 033309.665 INFO             PET0 PIOc_freedecomp Enter - MemInfo: [malloc] Total allocated space:                       3066960 Byte
20220313 033309.665 INFO             PET0 PIOc_freedecomp Enter - MemInfo: [malloc] Total free space:                            9249712 Byte
20220313 033309.665 INFO             PET0 PIOc_freedecomp Enter - MemInfo: [malloc] Top-most, releasable space:                   113248 Byte
20220313 033309.665 INFO             PET0 PIOc_freedecomp Enter - MemInfo: [malloc] Total space in use, mmap + non-mmap:         4648016 Byte
20220313 033309.665 INFO             PET0 PIOc_freedecomp Enter - MemInfo: [malloc] Total space held (mmap + non-mmap):         13897728 Byte
20220313 033309.665 INFO             PET0 PIOc_freedecomp Enter - MemInfo: [malloc] Total space used (mmap + non-mmap):          4657360 Byte
20220313 033309.665 INFO             PET0 PIOc_freedecomp Enter - MemInfo: Wall-clock time since execution start:              0.0368455 seconds
20220313 033309.665 INFO             PET0 PIOc_freedecomp Exit - MemInfo: [/proc/meminfo - SSI]	MemTotal:       196434604 kB
20220313 033309.665 INFO             PET0 PIOc_freedecomp Exit - MemInfo: [/proc/meminfo - SSI]	MemFree:        184251320 kB
20220313 033309.665 INFO             PET0 PIOc_freedecomp Exit - MemInfo: [/proc/meminfo - SSI]	MemAvailable:   191839920 kB
20220313 033309.665 INFO             PET0 PIOc_freedecomp Exit - MemInfo: [/proc/meminfo - SSI]	Committed_AS:     492356 kB
20220313 033309.665 INFO             PET0 PIOc_freedecomp Exit - MemInfo: [/proc/meminfo - SSI]	CommittedPercent: 0.250646 %
20220313 033309.665 INFO             PET0 PIOc_freedecomp Exit - MemInfo: [/proc/self/status]	VmPeak:	  653040 kB
20220313 033309.665 INFO             PET0 PIOc_freedecomp Exit - MemInfo: [/proc/self/status]	VmSize:	  652984 kB
20220313 033309.665 INFO             PET0 PIOc_freedecomp Exit - MemInfo: [/proc/self/status]	VmLck:	       0 kB
20220313 033309.665 INFO             PET0 PIOc_freedecomp Exit - MemInfo: [/proc/self/status]	VmPin:	       0 kB
20220313 033309.665 INFO             PET0 PIOc_freedecomp Exit - MemInfo: [/proc/self/status]	VmHWM:	   71220 kB
20220313 033309.665 INFO             PET0 PIOc_freedecomp Exit - MemInfo: [/proc/self/status]	VmRSS:	   41012 kB
20220313 033309.665 INFO             PET0 PIOc_freedecomp Exit - MemInfo: [/proc/self/status]	VmData:	  195528 kB
20220313 033309.665 INFO             PET0 PIOc_freedecomp Exit - MemInfo: [/proc/self/status]	VmStk:	     144 kB
20220313 033309.665 INFO             PET0 PIOc_freedecomp Exit - MemInfo: [/proc/self/status]	VmExe:	     324 kB
20220313 033309.665 INFO             PET0 PIOc_freedecomp Exit - MemInfo: [/proc/self/status]	VmLib:	   82396 kB
20220313 033309.665 INFO             PET0 PIOc_freedecomp Exit - MemInfo: [/proc/self/status]	VmPTE:	     948 kB
20220313 033309.665 INFO             PET0 PIOc_freedecomp Exit - MemInfo: [/proc/self/status]	VmSwap:	       0 kB
20220313 033309.665 INFO             PET0 PIOc_freedecomp Exit - MemInfo: [/proc/self/status]	VmRSSPercent: 0.0208782 %
20220313 033309.665 INFO             PET0 PIOc_freedecomp Exit - MemInfo: [malloc] Non-mmapped space allocated:                12316672 Byte
20220313 033309.665 INFO             PET0 PIOc_freedecomp Exit - MemInfo: [malloc] Space allocated in mmapped regions:          1581056 Byte
20220313 033309.665 INFO             PET0 PIOc_freedecomp Exit - MemInfo: [malloc] Maximum total allocated space:                     0 Byte
20220313 033309.665 INFO             PET0 PIOc_freedecomp Exit - MemInfo: [malloc] Space in freed fastbin blocks:                  2624 Byte
20220313 033309.665 INFO             PET0 PIOc_freedecomp Exit - MemInfo: [malloc] Total allocated space:                       3064304 Byte
20220313 033309.665 INFO             PET0 PIOc_freedecomp Exit - MemInfo: [malloc] Total free space:                            9252368 Byte
20220313 033309.665 INFO             PET0 PIOc_freedecomp Exit - MemInfo: [malloc] Top-most, releasable space:                   113248 Byte
20220313 033309.665 INFO             PET0 PIOc_freedecomp Exit - MemInfo: [malloc] Total space in use, mmap + non-mmap:         4645360 Byte
20220313 033309.665 INFO             PET0 PIOc_freedecomp Exit - MemInfo: [malloc] Total space held (mmap + non-mmap):         13897728 Byte
20220313 033309.665 INFO             PET0 PIOc_freedecomp Exit - MemInfo: [malloc] Total space used (mmap + non-mmap):          4654704 Byte
20220313 033309.665 INFO             PET0 PIOc_freedecomp Exit - MemInfo: Wall-clock time since execution start:              0.0372193 seconds
20220313 033309.666 INFO             PET0 PIOc_sync Enter - MemInfo: [/proc/meminfo - SSI]	MemTotal:       196434604 kB
20220313 033309.666 INFO             PET0 PIOc_sync Enter - MemInfo: [/proc/meminfo - SSI]	MemFree:        184251320 kB
20220313 033309.666 INFO             PET0 PIOc_sync Enter - MemInfo: [/proc/meminfo - SSI]	MemAvailable:   191839920 kB
20220313 033309.666 INFO             PET0 PIOc_sync Enter - MemInfo: [/proc/meminfo - SSI]	Committed_AS:     492356 kB
20220313 033309.666 INFO             PET0 PIOc_sync Enter - MemInfo: [/proc/meminfo - SSI]	CommittedPercent: 0.250646 %
20220313 033309.666 INFO             PET0 PIOc_sync Enter - MemInfo: [/proc/self/status]	VmPeak:	  653040 kB
20220313 033309.666 INFO             PET0 PIOc_sync Enter - MemInfo: [/proc/self/status]	VmSize:	  652984 kB
20220313 033309.666 INFO             PET0 PIOc_sync Enter - MemInfo: [/proc/self/status]	VmLck:	       0 kB
20220313 033309.666 INFO             PET0 PIOc_sync Enter - MemInfo: [/proc/self/status]	VmPin:	       0 kB
20220313 033309.667 INFO             PET0 PIOc_sync Enter - MemInfo: [/proc/self/status]	VmHWM:	   71220 kB
20220313 033309.667 INFO             PET0 PIOc_sync Enter - MemInfo: [/proc/self/status]	VmRSS:	   41012 kB
20220313 033309.667 INFO             PET0 PIOc_sync Enter - MemInfo: [/proc/self/status]	VmData:	  195528 kB
20220313 033309.667 INFO             PET0 PIOc_sync Enter - MemInfo: [/proc/self/status]	VmStk:	     144 kB
20220313 033309.667 INFO             PET0 PIOc_sync Enter - MemInfo: [/proc/self/status]	VmExe:	     324 kB
20220313 033309.667 INFO             PET0 PIOc_sync Enter - MemInfo: [/proc/self/status]	VmLib:	   82396 kB
20220313 033309.667 INFO             PET0 PIOc_sync Enter - MemInfo: [/proc/self/status]	VmPTE:	     948 kB
20220313 033309.667 INFO             PET0 PIOc_sync Enter - MemInfo: [/proc/self/status]	VmSwap:	       0 kB
20220313 033309.667 INFO             PET0 PIOc_sync Enter - MemInfo: [/proc/self/status]	VmRSSPercent: 0.0208782 %
20220313 033309.667 INFO             PET0 PIOc_sync Enter - MemInfo: [malloc] Non-mmapped space allocated:                12316672 Byte
20220313 033309.667 INFO             PET0 PIOc_sync Enter - MemInfo: [malloc] Space allocated in mmapped regions:          1581056 Byte
20220313 033309.667 INFO             PET0 PIOc_sync Enter - MemInfo: [malloc] Maximum total allocated space:                     0 Byte
20220313 033309.667 INFO             PET0 PIOc_sync Enter - MemInfo: [malloc] Space in freed fastbin blocks:                  2048 Byte
20220313 033309.667 INFO             PET0 PIOc_sync Enter - MemInfo: [malloc] Total allocated space:                      11994048 Byte
20220313 033309.667 INFO             PET0 PIOc_sync Enter - MemInfo: [malloc] Total free space:                             322624 Byte
20220313 033309.667 INFO             PET0 PIOc_sync Enter - MemInfo: [malloc] Top-most, releasable space:                   112240 Byte
20220313 033309.667 INFO             PET0 PIOc_sync Enter - MemInfo: [malloc] Total space in use, mmap + non-mmap:        13575104 Byte
20220313 033309.667 INFO             PET0 PIOc_sync Enter - MemInfo: [malloc] Total space held (mmap + non-mmap):         13897728 Byte
20220313 033309.667 INFO             PET0 PIOc_sync Enter - MemInfo: [malloc] Total space used (mmap + non-mmap):         13584448 Byte
20220313 033309.667 INFO             PET0 PIOc_sync Enter - MemInfo: Wall-clock time since execution start:              0.0386436 seconds
20220313 033309.667 INFO             PET0 PIOc_sync Exit - MemInfo: [/proc/meminfo - SSI]	MemTotal:       196434604 kB
20220313 033309.667 INFO             PET0 PIOc_sync Exit - MemInfo: [/proc/meminfo - SSI]	MemFree:        184251320 kB
20220313 033309.667 INFO             PET0 PIOc_sync Exit - MemInfo: [/proc/meminfo - SSI]	MemAvailable:   191839920 kB
20220313 033309.667 INFO             PET0 PIOc_sync Exit - MemInfo: [/proc/meminfo - SSI]	Committed_AS:     492356 kB
20220313 033309.667 INFO             PET0 PIOc_sync Exit - MemInfo: [/proc/meminfo - SSI]	CommittedPercent: 0.250646 %
20220313 033309.667 INFO             PET0 PIOc_sync Exit - MemInfo: [/proc/self/status]	VmPeak:	  653040 kB
20220313 033309.667 INFO             PET0 PIOc_sync Exit - MemInfo: [/proc/self/status]	VmSize:	  652984 kB
20220313 033309.667 INFO             PET0 PIOc_sync Exit - MemInfo: [/proc/self/status]	VmLck:	       0 kB
20220313 033309.667 INFO             PET0 PIOc_sync Exit - MemInfo: [/proc/self/status]	VmPin:	       0 kB
20220313 033309.667 INFO             PET0 PIOc_sync Exit - MemInfo: [/proc/self/status]	VmHWM:	   71220 kB
20220313 033309.667 INFO             PET0 PIOc_sync Exit - MemInfo: [/proc/self/status]	VmRSS:	   41012 kB
20220313 033309.667 INFO             PET0 PIOc_sync Exit - MemInfo: [/proc/self/status]	VmData:	  195528 kB
20220313 033309.667 INFO             PET0 PIOc_sync Exit - MemInfo: [/proc/self/status]	VmStk:	     144 kB
20220313 033309.667 INFO             PET0 PIOc_sync Exit - MemInfo: [/proc/self/status]	VmExe:	     324 kB
20220313 033309.667 INFO             PET0 PIOc_sync Exit - MemInfo: [/proc/self/status]	VmLib:	   82396 kB
20220313 033309.667 INFO             PET0 PIOc_sync Exit - MemInfo: [/proc/self/status]	VmPTE:	     948 kB
20220313 033309.667 INFO             PET0 PIOc_sync Exit - MemInfo: [/proc/self/status]	VmSwap:	       0 kB
20220313 033309.667 INFO             PET0 PIOc_sync Exit - MemInfo: [/proc/self/status]	VmRSSPercent: 0.0208782 %
20220313 033309.667 INFO             PET0 PIOc_sync Exit - MemInfo: [malloc] Non-mmapped space allocated:                12316672 Byte
20220313 033309.667 INFO             PET0 PIOc_sync Exit - MemInfo: [malloc] Space allocated in mmapped regions:          1581056 Byte
20220313 033309.667 INFO             PET0 PIOc_sync Exit - MemInfo: [malloc] Maximum total allocated space:                     0 Byte
20220313 033309.667 INFO             PET0 PIOc_sync Exit - MemInfo: [malloc] Space in freed fastbin blocks:                   464 Byte
20220313 033309.667 INFO             PET0 PIOc_sync Exit - MemInfo: [malloc] Total allocated space:                      11994704 Byte
20220313 033309.667 INFO             PET0 PIOc_sync Exit - MemInfo: [malloc] Total free space:                             321968 Byte
20220313 033309.667 INFO             PET0 PIOc_sync Exit - MemInfo: [malloc] Top-most, releasable space:                   112736 Byte
20220313 033309.667 INFO             PET0 PIOc_sync Exit - MemInfo: [malloc] Total space in use, mmap + non-mmap:        13575760 Byte
20220313 033309.667 INFO             PET0 PIOc_sync Exit - MemInfo: [malloc] Total space held (mmap + non-mmap):         13897728 Byte
20220313 033309.667 INFO             PET0 PIOc_sync Exit - MemInfo: [malloc] Total space used (mmap + non-mmap):         13585104 Byte
20220313 033309.667 INFO             PET0 PIOc_sync Exit - MemInfo: Wall-clock time since execution start:              0.0390709 seconds
20220313 033309.667 INFO             PET0 PIOc_freedecomp Enter - MemInfo: [/proc/meminfo - SSI]	MemTotal:       196434604 kB
20220313 033309.667 INFO             PET0 PIOc_freedecomp Enter - MemInfo: [/proc/meminfo - SSI]	MemFree:        184251320 kB
20220313 033309.667 INFO             PET0 PIOc_freedecomp Enter - MemInfo: [/proc/meminfo - SSI]	MemAvailable:   191839920 kB
20220313 033309.667 INFO             PET0 PIOc_freedecomp Enter - MemInfo: [/proc/meminfo - SSI]	Committed_AS:     492356 kB
20220313 033309.667 INFO             PET0 PIOc_freedecomp Enter - MemInfo: [/proc/meminfo - SSI]	CommittedPercent: 0.250646 %
20220313 033309.667 INFO             PET0 PIOc_freedecomp Enter - MemInfo: [/proc/self/status]	VmPeak:	  653040 kB
20220313 033309.667 INFO             PET0 PIOc_freedecomp Enter - MemInfo: [/proc/self/status]	VmSize:	  652984 kB
20220313 033309.667 INFO             PET0 PIOc_freedecomp Enter - MemInfo: [/proc/self/status]	VmLck:	       0 kB
20220313 033309.667 INFO             PET0 PIOc_freedecomp Enter - MemInfo: [/proc/self/status]	VmPin:	       0 kB
20220313 033309.667 INFO             PET0 PIOc_freedecomp Enter - MemInfo: [/proc/self/status]	VmHWM:	   71220 kB
20220313 033309.667 INFO             PET0 PIOc_freedecomp Enter - MemInfo: [/proc/self/status]	VmRSS:	   41012 kB
20220313 033309.667 INFO             PET0 PIOc_freedecomp Enter - MemInfo: [/proc/self/status]	VmData:	  195528 kB
20220313 033309.667 INFO             PET0 PIOc_freedecomp Enter - MemInfo: [/proc/self/status]	VmStk:	     144 kB
20220313 033309.667 INFO             PET0 PIOc_freedecomp Enter - MemInfo: [/proc/self/status]	VmExe:	     324 kB
20220313 033309.667 INFO             PET0 PIOc_freedecomp Enter - MemInfo: [/proc/self/status]	VmLib:	   82396 kB
20220313 033309.667 INFO             PET0 PIOc_freedecomp Enter - MemInfo: [/proc/self/status]	VmPTE:	     948 kB
20220313 033309.667 INFO             PET0 PIOc_freedecomp Enter - MemInfo: [/proc/self/status]	VmSwap:	       0 kB
20220313 033309.668 INFO             PET0 PIOc_freedecomp Enter - MemInfo: [/proc/self/status]	VmRSSPercent: 0.0208782 %
20220313 033309.668 INFO             PET0 PIOc_freedecomp Enter - MemInfo: [malloc] Non-mmapped space allocated:                12316672 Byte
20220313 033309.668 INFO             PET0 PIOc_freedecomp Enter - MemInfo: [malloc] Space allocated in mmapped regions:          1581056 Byte
20220313 033309.668 INFO             PET0 PIOc_freedecomp Enter - MemInfo: [malloc] Maximum total allocated space:                     0 Byte
20220313 033309.668 INFO             PET0 PIOc_freedecomp Enter - MemInfo: [malloc] Space in freed fastbin blocks:                  1120 Byte
20220313 033309.668 INFO             PET0 PIOc_freedecomp Enter - MemInfo: [malloc] Total allocated space:                       3066992 Byte
20220313 033309.668 INFO             PET0 PIOc_freedecomp Enter - MemInfo: [malloc] Total free space:                            9249680 Byte
20220313 033309.668 INFO             PET0 PIOc_freedecomp Enter - MemInfo: [malloc] Top-most, releasable space:                   112736 Byte
20220313 033309.668 INFO             PET0 PIOc_freedecomp Enter - MemInfo: [malloc] Total space in use, mmap + non-mmap:         4648048 Byte
20220313 033309.668 INFO             PET0 PIOc_freedecomp Enter - MemInfo: [malloc] Total space held (mmap + non-mmap):         13897728 Byte
20220313 033309.668 INFO             PET0 PIOc_freedecomp Enter - MemInfo: [malloc] Total space used (mmap + non-mmap):          4657392 Byte
20220313 033309.668 INFO             PET0 PIOc_freedecomp Enter - MemInfo: Wall-clock time since execution start:              0.0395672 seconds
20220313 033309.668 INFO             PET0 PIOc_freedecomp Exit - MemInfo: [/proc/meminfo - SSI]	MemTotal:       196434604 kB
20220313 033309.668 INFO             PET0 PIOc_freedecomp Exit - MemInfo: [/proc/meminfo - SSI]	MemFree:        184251320 kB
20220313 033309.668 INFO             PET0 PIOc_freedecomp Exit - MemInfo: [/proc/meminfo - SSI]	MemAvailable:   191839920 kB
20220313 033309.668 INFO             PET0 PIOc_freedecomp Exit - MemInfo: [/proc/meminfo - SSI]	Committed_AS:     492356 kB
20220313 033309.668 INFO             PET0 PIOc_freedecomp Exit - MemInfo: [/proc/meminfo - SSI]	CommittedPercent: 0.250646 %
20220313 033309.668 INFO             PET0 PIOc_freedecomp Exit - MemInfo: [/proc/self/status]	VmPeak:	  653040 kB
20220313 033309.668 INFO             PET0 PIOc_freedecomp Exit - MemInfo: [/proc/self/status]	VmSize:	  652984 kB
20220313 033309.668 INFO             PET0 PIOc_freedecomp Exit - MemInfo: [/proc/self/status]	VmLck:	       0 kB
20220313 033309.668 INFO             PET0 PIOc_freedecomp Exit - MemInfo: [/proc/self/status]	VmPin:	       0 kB
20220313 033309.668 INFO             PET0 PIOc_freedecomp Exit - MemInfo: [/proc/self/status]	VmHWM:	   71220 kB
20220313 033309.668 INFO             PET0 PIOc_freedecomp Exit - MemInfo: [/proc/self/status]	VmRSS:	   41012 kB
20220313 033309.668 INFO             PET0 PIOc_freedecomp Exit - MemInfo: [/proc/self/status]	VmData:	  195528 kB
20220313 033309.668 INFO             PET0 PIOc_freedecomp Exit - MemInfo: [/proc/self/status]	VmStk:	     144 kB
20220313 033309.668 INFO             PET0 PIOc_freedecomp Exit - MemInfo: [/proc/self/status]	VmExe:	     324 kB
20220313 033309.668 INFO             PET0 PIOc_freedecomp Exit - MemInfo: [/proc/self/status]	VmLib:	   82396 kB
20220313 033309.668 INFO             PET0 PIOc_freedecomp Exit - MemInfo: [/proc/self/status]	VmPTE:	     948 kB
20220313 033309.668 INFO             PET0 PIOc_freedecomp Exit - MemInfo: [/proc/self/status]	VmSwap:	       0 kB
20220313 033309.668 INFO             PET0 PIOc_freedecomp Exit - MemInfo: [/proc/self/status]	VmRSSPercent: 0.0208782 %
20220313 033309.668 INFO             PET0 PIOc_freedecomp Exit - MemInfo: [malloc] Non-mmapped space allocated:                12316672 Byte
20220313 033309.668 INFO             PET0 PIOc_freedecomp Exit - MemInfo: [malloc] Space allocated in mmapped regions:          1581056 Byte
20220313 033309.668 INFO             PET0 PIOc_freedecomp Exit - MemInfo: [malloc] Maximum total allocated space:                     0 Byte
20220313 033309.668 INFO             PET0 PIOc_freedecomp Exit - MemInfo: [malloc] Space in freed fastbin blocks:                  1152 Byte
20220313 033309.668 INFO             PET0 PIOc_freedecomp Exit - MemInfo: [malloc] Total allocated space:                       3064288 Byte
20220313 033309.668 INFO             PET0 PIOc_freedecomp Exit - MemInfo: [malloc] Total free space:                            9252384 Byte
20220313 033309.668 INFO             PET0 PIOc_freedecomp Exit - MemInfo: [malloc] Top-most, releasable space:                   115248 Byte
20220313 033309.668 INFO             PET0 PIOc_freedecomp Exit - MemInfo: [malloc] Total space in use, mmap + non-mmap:         4645344 Byte
20220313 033309.668 INFO             PET0 PIOc_freedecomp Exit - MemInfo: [malloc] Total space held (mmap + non-mmap):         13897728 Byte
20220313 033309.668 INFO             PET0 PIOc_freedecomp Exit - MemInfo: [malloc] Total space used (mmap + non-mmap):          4654688 Byte
20220313 033309.668 INFO             PET0 PIOc_freedecomp Exit - MemInfo: Wall-clock time since execution start:              0.0399453 seconds
20220313 033309.669 INFO             PET0 PIOc_sync Enter - MemInfo: [/proc/meminfo - SSI]	MemTotal:       196434604 kB
20220313 033309.669 INFO             PET0 PIOc_sync Enter - MemInfo: [/proc/meminfo - SSI]	MemFree:        184251320 kB
20220313 033309.669 INFO             PET0 PIOc_sync Enter - MemInfo: [/proc/meminfo - SSI]	MemAvailable:   191839920 kB
20220313 033309.669 INFO             PET0 PIOc_sync Enter - MemInfo: [/proc/meminfo - SSI]	Committed_AS:     492356 kB
20220313 033309.669 INFO             PET0 PIOc_sync Enter - MemInfo: [/proc/meminfo - SSI]	CommittedPercent: 0.250646 %
20220313 033309.669 INFO             PET0 PIOc_sync Enter - MemInfo: [/proc/self/status]	VmPeak:	  653040 kB
20220313 033309.669 INFO             PET0 PIOc_sync Enter - MemInfo: [/proc/self/status]	VmSize:	  652984 kB
20220313 033309.669 INFO             PET0 PIOc_sync Enter - MemInfo: [/proc/self/status]	VmLck:	       0 kB
20220313 033309.669 INFO             PET0 PIOc_sync Enter - MemInfo: [/proc/self/status]	VmPin:	       0 kB
20220313 033309.669 INFO             PET0 PIOc_sync Enter - MemInfo: [/proc/self/status]	VmHWM:	   71220 kB
20220313 033309.669 INFO             PET0 PIOc_sync Enter - MemInfo: [/proc/self/status]	VmRSS:	   41012 kB
20220313 033309.669 INFO             PET0 PIOc_sync Enter - MemInfo: [/proc/self/status]	VmData:	  195528 kB
20220313 033309.669 INFO             PET0 PIOc_sync Enter - MemInfo: [/proc/self/status]	VmStk:	     144 kB
20220313 033309.669 INFO             PET0 PIOc_sync Enter - MemInfo: [/proc/self/status]	VmExe:	     324 kB
20220313 033309.669 INFO             PET0 PIOc_sync Enter - MemInfo: [/proc/self/status]	VmLib:	   82396 kB
20220313 033309.669 INFO             PET0 PIOc_sync Enter - MemInfo: [/proc/self/status]	VmPTE:	     948 kB
20220313 033309.669 INFO             PET0 PIOc_sync Enter - MemInfo: [/proc/self/status]	VmSwap:	       0 kB
20220313 033309.669 INFO             PET0 PIOc_sync Enter - MemInfo: [/proc/self/status]	VmRSSPercent: 0.0208782 %
20220313 033309.669 INFO             PET0 PIOc_sync Enter - MemInfo: [malloc] Non-mmapped space allocated:                12316672 Byte
20220313 033309.669 INFO             PET0 PIOc_sync Enter - MemInfo: [malloc] Space allocated in mmapped regions:          1581056 Byte
20220313 033309.669 INFO             PET0 PIOc_sync Enter - MemInfo: [malloc] Maximum total allocated space:                     0 Byte
20220313 033309.669 INFO             PET0 PIOc_sync Enter - MemInfo: [malloc] Space in freed fastbin blocks:                  2496 Byte
20220313 033309.669 INFO             PET0 PIOc_sync Enter - MemInfo: [malloc] Total allocated space:                      11994816 Byte
20220313 033309.669 INFO             PET0 PIOc_sync Enter - MemInfo: [malloc] Total free space:                             321856 Byte
20220313 033309.669 INFO             PET0 PIOc_sync Enter - MemInfo: [malloc] Top-most, releasable space:                   110864 Byte
20220313 033309.669 INFO             PET0 PIOc_sync Enter - MemInfo: [malloc] Total space in use, mmap + non-mmap:        13575872 Byte
20220313 033309.669 INFO             PET0 PIOc_sync Enter - MemInfo: [malloc] Total space held (mmap + non-mmap):         13897728 Byte
20220313 033309.669 INFO             PET0 PIOc_sync Enter - MemInfo: [malloc] Total space used (mmap + non-mmap):         13585216 Byte
20220313 033309.669 INFO             PET0 PIOc_sync Enter - MemInfo: Wall-clock time since execution start:              0.0413386 seconds
20220313 033309.670 INFO             PET0 PIOc_sync Exit - MemInfo: [/proc/meminfo - SSI]	MemTotal:       196434604 kB
20220313 033309.670 INFO             PET0 PIOc_sync Exit - MemInfo: [/proc/meminfo - SSI]	MemFree:        184251320 kB
20220313 033309.670 INFO             PET0 PIOc_sync Exit - MemInfo: [/proc/meminfo - SSI]	MemAvailable:   191839920 kB
20220313 033309.670 INFO             PET0 PIOc_sync Exit - MemInfo: [/proc/meminfo - SSI]	Committed_AS:     492356 kB
20220313 033309.670 INFO             PET0 PIOc_sync Exit - MemInfo: [/proc/meminfo - SSI]	CommittedPercent: 0.250646 %
20220313 033309.670 INFO             PET0 PIOc_sync Exit - MemInfo: [/proc/self/status]	VmPeak:	  653040 kB
20220313 033309.670 INFO             PET0 PIOc_sync Exit - MemInfo: [/proc/self/status]	VmSize:	  652984 kB
20220313 033309.670 INFO             PET0 PIOc_sync Exit - MemInfo: [/proc/self/status]	VmLck:	       0 kB
20220313 033309.670 INFO             PET0 PIOc_sync Exit - MemInfo: [/proc/self/status]	VmPin:	       0 kB
20220313 033309.670 INFO             PET0 PIOc_sync Exit - MemInfo: [/proc/self/status]	VmHWM:	   71220 kB
20220313 033309.670 INFO             PET0 PIOc_sync Exit - MemInfo: [/proc/self/status]	VmRSS:	   41016 kB
20220313 033309.670 INFO             PET0 PIOc_sync Exit - MemInfo: [/proc/self/status]	VmData:	  195528 kB
20220313 033309.670 INFO             PET0 PIOc_sync Exit - MemInfo: [/proc/self/status]	VmStk:	     144 kB
20220313 033309.670 INFO             PET0 PIOc_sync Exit - MemInfo: [/proc/self/status]	VmExe:	     324 kB
20220313 033309.670 INFO             PET0 PIOc_sync Exit - MemInfo: [/proc/self/status]	VmLib:	   82396 kB
20220313 033309.670 INFO             PET0 PIOc_sync Exit - MemInfo: [/proc/self/status]	VmPTE:	     948 kB
20220313 033309.670 INFO             PET0 PIOc_sync Exit - MemInfo: [/proc/self/status]	VmSwap:	       0 kB
20220313 033309.670 INFO             PET0 PIOc_sync Exit - MemInfo: [/proc/self/status]	VmRSSPercent: 0.0208802 %
20220313 033309.670 INFO             PET0 PIOc_sync Exit - MemInfo: [malloc] Non-mmapped space allocated:                12316672 Byte
20220313 033309.670 INFO             PET0 PIOc_sync Exit - MemInfo: [malloc] Space allocated in mmapped regions:          1581056 Byte
20220313 033309.670 INFO             PET0 PIOc_sync Exit - MemInfo: [malloc] Maximum total allocated space:                     0 Byte
20220313 033309.670 INFO             PET0 PIOc_sync Exit - MemInfo: [malloc] Space in freed fastbin blocks:                  1360 Byte
20220313 033309.670 INFO             PET0 PIOc_sync Exit - MemInfo: [malloc] Total allocated space:                      11995424 Byte
20220313 033309.670 INFO             PET0 PIOc_sync Exit - MemInfo: [malloc] Total free space:                             321248 Byte
20220313 033309.670 INFO             PET0 PIOc_sync Exit - MemInfo: [malloc] Top-most, releasable space:                   110816 Byte
20220313 033309.670 INFO             PET0 PIOc_sync Exit - MemInfo: [malloc] Total space in use, mmap + non-mmap:        13576480 Byte
20220313 033309.670 INFO             PET0 PIOc_sync Exit - MemInfo: [malloc] Total space held (mmap + non-mmap):         13897728 Byte
20220313 033309.670 INFO             PET0 PIOc_sync Exit - MemInfo: [malloc] Total space used (mmap + non-mmap):         13585824 Byte
20220313 033309.670 INFO             PET0 PIOc_sync Exit - MemInfo: Wall-clock time since execution start:               0.041756 seconds
20220313 033309.670 INFO             PET0 PIOc_freedecomp Enter - MemInfo: [/proc/meminfo - SSI]	MemTotal:       196434604 kB
20220313 033309.670 INFO             PET0 PIOc_freedecomp Enter - MemInfo: [/proc/meminfo - SSI]	MemFree:        184251320 kB
20220313 033309.670 INFO             PET0 PIOc_freedecomp Enter - MemInfo: [/proc/meminfo - SSI]	MemAvailable:   191839920 kB
20220313 033309.670 INFO             PET0 PIOc_freedecomp Enter - MemInfo: [/proc/meminfo - SSI]	Committed_AS:     492356 kB
20220313 033309.670 INFO             PET0 PIOc_freedecomp Enter - MemInfo: [/proc/meminfo - SSI]	CommittedPercent: 0.250646 %
20220313 033309.670 INFO             PET0 PIOc_freedecomp Enter - MemInfo: [/proc/self/status]	VmPeak:	  653040 kB
20220313 033309.670 INFO             PET0 PIOc_freedecomp Enter - MemInfo: [/proc/self/status]	VmSize:	  652984 kB
20220313 033309.670 INFO             PET0 PIOc_freedecomp Enter - MemInfo: [/proc/self/status]	VmLck:	       0 kB
20220313 033309.670 INFO             PET0 PIOc_freedecomp Enter - MemInfo: [/proc/self/status]	VmPin:	       0 kB
20220313 033309.670 INFO             PET0 PIOc_freedecomp Enter - MemInfo: [/proc/self/status]	VmHWM:	   71220 kB
20220313 033309.670 INFO             PET0 PIOc_freedecomp Enter - MemInfo: [/proc/self/status]	VmRSS:	   41016 kB
20220313 033309.670 INFO             PET0 PIOc_freedecomp Enter - MemInfo: [/proc/self/status]	VmData:	  195528 kB
20220313 033309.670 INFO             PET0 PIOc_freedecomp Enter - MemInfo: [/proc/self/status]	VmStk:	     144 kB
20220313 033309.670 INFO             PET0 PIOc_freedecomp Enter - MemInfo: [/proc/self/status]	VmExe:	     324 kB
20220313 033309.670 INFO             PET0 PIOc_freedecomp Enter - MemInfo: [/proc/self/status]	VmLib:	   82396 kB
20220313 033309.670 INFO             PET0 PIOc_freedecomp Enter - MemInfo: [/proc/self/status]	VmPTE:	     948 kB
20220313 033309.670 INFO             PET0 PIOc_freedecomp Enter - MemInfo: [/proc/self/status]	VmSwap:	       0 kB
20220313 033309.670 INFO             PET0 PIOc_freedecomp Enter - MemInfo: [/proc/self/status]	VmRSSPercent: 0.0208802 %
20220313 033309.670 INFO             PET0 PIOc_freedecomp Enter - MemInfo: [malloc] Non-mmapped space allocated:                12316672 Byte
20220313 033309.670 INFO             PET0 PIOc_freedecomp Enter - MemInfo: [malloc] Space allocated in mmapped regions:          1581056 Byte
20220313 033309.670 INFO             PET0 PIOc_freedecomp Enter - MemInfo: [malloc] Maximum total allocated space:                     0 Byte
20220313 033309.670 INFO             PET0 PIOc_freedecomp Enter - MemInfo: [malloc] Space in freed fastbin blocks:                  1072 Byte
20220313 033309.670 INFO             PET0 PIOc_freedecomp Enter - MemInfo: [malloc] Total allocated space:                       3066960 Byte
20220313 033309.670 INFO             PET0 PIOc_freedecomp Enter - MemInfo: [malloc] Total free space:                            9249712 Byte
20220313 033309.670 INFO             PET0 PIOc_freedecomp Enter - MemInfo: [malloc] Top-most, releasable space:                   113312 Byte
20220313 033309.670 INFO             PET0 PIOc_freedecomp Enter - MemInfo: [malloc] Total space in use, mmap + non-mmap:         4648016 Byte
