build time -- 2022-03-12 04:20:58
20220312 054057.496 INFO             PET0 !!!!!!!!!!!!!!!!!!!!!!!!!!!!!!!!!!!!!!!!!!!!!!!!!!!!!!
20220312 054057.496 INFO             PET0 !!! THE ESMF_LOG IS SET TO OUTPUT ALL LOG MESSAGES !!!
20220312 054057.496 INFO             PET0 !!!     THIS MAY CAUSE SLOWDOWN IN PERFORMANCE     !!!
20220312 054057.496 INFO             PET0 !!! FOR PRODUCTION RUNS, USE:                      !!!
20220312 054057.496 INFO             PET0 !!!                   ESMF_LOGKIND_Multi_On_Error  !!!
20220312 054057.496 INFO             PET0 !!!!!!!!!!!!!!!!!!!!!!!!!!!!!!!!!!!!!!!!!!!!!!!!!!!!!!
20220312 054057.496 INFO             PET0 Running with ESMF Version   : v8.3.0b09-96-g559b459
20220312 054057.496 INFO             PET0 ESMF library build date/time: "Mar 12 2022" "04:14:42"
20220312 054057.496 INFO             PET0 ESMF library build location : /work/noaa/da/mpotts/sandbox/gfortran_8.3.0_openmpi_g_jedwards_pio_update2
20220312 054057.496 INFO             PET0 ESMF_COMM                   : openmpi
20220312 054057.497 INFO             PET0 ESMF_MOAB                   : enabled
20220312 054057.497 INFO             PET0 ESMF_LAPACK                 : enabled
20220312 054057.497 INFO             PET0 ESMF_NETCDF                 : enabled
20220312 054057.497 INFO             PET0 ESMF_PNETCDF                : disabled
20220312 054057.497 INFO             PET0 ESMF_PIO                    : enabled
20220312 054057.497 INFO             PET0 ESMF_YAMLCPP                : enabled
20220312 054057.497 INFO             PET0 Beginning Test, file ESMC_FieldRegridUTest.C, line 68
20220312 054057.497 INFO             PET0 Beginning Test, file ESMC_FieldRegridUTest.C, line 68NUMBER_OF_PROCESSORS 1
20220312 054057.498 INFO             PET0 PASS MeshCreate, ESMC_FieldRegridUTest.C, line 125
20220312 054057.498 INFO             PET0 PASS MeshAddNodes, ESMC_FieldRegridUTest.C, line 133
20220312 054057.500 INFO             PET0 PASS MeshAddElements, ESMC_FieldRegridUTest.C, line 142
20220312 054057.500 INFO             PET0 PASS MeshGetLocalNodeCount, ESMC_FieldRegridUTest.C, line 152
20220312 054057.500 INFO             PET0 PASS MeshGetLocalElementCount, ESMC_FieldRegridUTest.C, line 163
20220312 054057.500 INFO             PET0 PASS MeshCreate, ESMC_FieldRegridUTest.C, line 231
20220312 054057.500 INFO             PET0 PASS MeshAddNodes, ESMC_FieldRegridUTest.C, line 239
20220312 054057.501 INFO             PET0 PASS MeshAddElements, ESMC_FieldRegridUTest.C, line 248
20220312 054057.501 INFO             PET0 PASS MeshGetLocalNodeCount, ESMC_FieldRegridUTest.C, line 258
20220312 054057.501 INFO             PET0 PASS MeshGetLocalElementCount, ESMC_FieldRegridUTest.C, line 269
20220312 054057.502 INFO             PET0 PASS Create ESMC_Field object, ESMC_FieldRegridUTest.C, line 284
20220312 054057.502 INFO             PET0 PASS Create ESMC_Field object, ESMC_FieldRegridUTest.C, line 293
20220312 054057.502 INFO             PET0 PASS Get a void * C pointer to data from ESMC_Field object, ESMC_FieldRegridUTest.C, line 306
20220312 054057.502 INFO             PET0 PASS Get a void * C pointer to data from ESMC_Field object, ESMC_FieldRegridUTest.C, line 325
20220312 054057.502 INFO             PET0 PASS Create an InterArray for maskValues in ESMC_FieldRegridStore(), ESMC_FieldRegridUTest.C, line 343
20220312 054057.515 INFO             PET0 PIOc_sync Enter - MemInfo: [/proc/meminfo - SSI]	MemTotal:       196442820 kB
20220312 054057.515 INFO             PET0 PIOc_sync Enter - MemInfo: [/proc/meminfo - SSI]	MemFree:        186911652 kB
20220312 054057.515 INFO             PET0 PIOc_sync Enter - MemInfo: [/proc/meminfo - SSI]	MemAvailable:   191735792 kB
20220312 054057.515 INFO             PET0 PIOc_sync Enter - MemInfo: [/proc/meminfo - SSI]	Committed_AS:     473728 kB
20220312 054057.515 INFO             PET0 PIOc_sync Enter - MemInfo: [/proc/meminfo - SSI]	CommittedPercent: 0.241153 %
20220312 054057.515 INFO             PET0 PIOc_sync Enter - MemInfo: [/proc/self/status]	VmPeak:	  653040 kB
20220312 054057.515 INFO             PET0 PIOc_sync Enter - MemInfo: [/proc/self/status]	VmSize:	  653040 kB
20220312 054057.515 INFO             PET0 PIOc_sync Enter - MemInfo: [/proc/self/status]	VmLck:	       0 kB
20220312 054057.515 INFO             PET0 PIOc_sync Enter - MemInfo: [/proc/self/status]	VmPin:	       0 kB
20220312 054057.515 INFO             PET0 PIOc_sync Enter - MemInfo: [/proc/self/status]	VmHWM:	   71212 kB
20220312 054057.515 INFO             PET0 PIOc_sync Enter - MemInfo: [/proc/self/status]	VmRSS:	   40256 kB
20220312 054057.515 INFO             PET0 PIOc_sync Enter - MemInfo: [/proc/self/status]	VmData:	  195584 kB
20220312 054057.515 INFO             PET0 PIOc_sync Enter - MemInfo: [/proc/self/status]	VmStk:	     144 kB
20220312 054057.515 INFO             PET0 PIOc_sync Enter - MemInfo: [/proc/self/status]	VmExe:	     324 kB
20220312 054057.515 INFO             PET0 PIOc_sync Enter - MemInfo: [/proc/self/status]	VmLib:	   82396 kB
20220312 054057.515 INFO             PET0 PIOc_sync Enter - MemInfo: [/proc/self/status]	VmPTE:	     936 kB
20220312 054057.515 INFO             PET0 PIOc_sync Enter - MemInfo: [/proc/self/status]	VmSwap:	       0 kB
20220312 054057.515 INFO             PET0 PIOc_sync Enter - MemInfo: [/proc/self/status]	VmRSSPercent: 0.0204925 %
20220312 054057.515 INFO             PET0 PIOc_sync Enter - MemInfo: [malloc] Non-mmapped space allocated:                 3452928 Byte
20220312 054057.515 INFO             PET0 PIOc_sync Enter - MemInfo: [malloc] Space allocated in mmapped regions:         10502144 Byte
20220312 054057.515 INFO             PET0 PIOc_sync Enter - MemInfo: [malloc] Maximum total allocated space:                     0 Byte
20220312 054057.515 INFO             PET0 PIOc_sync Enter - MemInfo: [malloc] Space in freed fastbin blocks:                   944 Byte
20220312 054057.515 INFO             PET0 PIOc_sync Enter - MemInfo: [malloc] Total allocated space:                       3073728 Byte
20220312 054057.515 INFO             PET0 PIOc_sync Enter - MemInfo: [malloc] Total free space:                             379200 Byte
20220312 054057.515 INFO             PET0 PIOc_sync Enter - MemInfo: [malloc] Top-most, releasable space:                   169856 Byte
20220312 054057.515 INFO             PET0 PIOc_sync Enter - MemInfo: [malloc] Total space in use, mmap + non-mmap:        13575872 Byte
20220312 054057.515 INFO             PET0 PIOc_sync Enter - MemInfo: [malloc] Total space held (mmap + non-mmap):         13955072 Byte
20220312 054057.515 INFO             PET0 PIOc_sync Enter - MemInfo: [malloc] Total space used (mmap + non-mmap):         13585216 Byte
20220312 054057.515 INFO             PET0 PIOc_sync Enter - MemInfo: Wall-clock time since execution start:              0.0213853 seconds
20220312 054057.515 INFO             PET0 PIOc_sync Exit - MemInfo: [/proc/meminfo - SSI]	MemTotal:       196442820 kB
20220312 054057.515 INFO             PET0 PIOc_sync Exit - MemInfo: [/proc/meminfo - SSI]	MemFree:        186911652 kB
20220312 054057.515 INFO             PET0 PIOc_sync Exit - MemInfo: [/proc/meminfo - SSI]	MemAvailable:   191735792 kB
20220312 054057.515 INFO             PET0 PIOc_sync Exit - MemInfo: [/proc/meminfo - SSI]	Committed_AS:     473728 kB
20220312 054057.515 INFO             PET0 PIOc_sync Exit - MemInfo: [/proc/meminfo - SSI]	CommittedPercent: 0.241153 %
20220312 054057.515 INFO             PET0 PIOc_sync Exit - MemInfo: [/proc/self/status]	VmPeak:	  653040 kB
20220312 054057.515 INFO             PET0 PIOc_sync Exit - MemInfo: [/proc/self/status]	VmSize:	  653040 kB
20220312 054057.515 INFO             PET0 PIOc_sync Exit - MemInfo: [/proc/self/status]	VmLck:	       0 kB
20220312 054057.515 INFO             PET0 PIOc_sync Exit - MemInfo: [/proc/self/status]	VmPin:	       0 kB
20220312 054057.515 INFO             PET0 PIOc_sync Exit - MemInfo: [/proc/self/status]	VmHWM:	   71212 kB
20220312 054057.515 INFO             PET0 PIOc_sync Exit - MemInfo: [/proc/self/status]	VmRSS:	   40384 kB
20220312 054057.515 INFO             PET0 PIOc_sync Exit - MemInfo: [/proc/self/status]	VmData:	  195584 kB
20220312 054057.515 INFO             PET0 PIOc_sync Exit - MemInfo: [/proc/self/status]	VmStk:	     144 kB
20220312 054057.515 INFO             PET0 PIOc_sync Exit - MemInfo: [/proc/self/status]	VmExe:	     324 kB
20220312 054057.515 INFO             PET0 PIOc_sync Exit - MemInfo: [/proc/self/status]	VmLib:	   82396 kB
20220312 054057.515 INFO             PET0 PIOc_sync Exit - MemInfo: [/proc/self/status]	VmPTE:	     936 kB
20220312 054057.515 INFO             PET0 PIOc_sync Exit - MemInfo: [/proc/self/status]	VmSwap:	       0 kB
20220312 054057.516 INFO             PET0 PIOc_sync Exit - MemInfo: [/proc/self/status]	VmRSSPercent: 0.0205576 %
20220312 054057.516 INFO             PET0 PIOc_sync Exit - MemInfo: [malloc] Non-mmapped space allocated:                 3452928 Byte
20220312 054057.516 INFO             PET0 PIOc_sync Exit - MemInfo: [malloc] Space allocated in mmapped regions:         10502144 Byte
20220312 054057.516 INFO             PET0 PIOc_sync Exit - MemInfo: [malloc] Maximum total allocated space:                     0 Byte
20220312 054057.516 INFO             PET0 PIOc_sync Exit - MemInfo: [malloc] Space in freed fastbin blocks:                  1392 Byte
20220312 054057.516 INFO             PET0 PIOc_sync Exit - MemInfo: [malloc] Total allocated space:                       3073856 Byte
20220312 054057.516 INFO             PET0 PIOc_sync Exit - MemInfo: [malloc] Total free space:                             379072 Byte
20220312 054057.516 INFO             PET0 PIOc_sync Exit - MemInfo: [malloc] Top-most, releasable space:                   167584 Byte
20220312 054057.516 INFO             PET0 PIOc_sync Exit - MemInfo: [malloc] Total space in use, mmap + non-mmap:        13576000 Byte
20220312 054057.516 INFO             PET0 PIOc_sync Exit - MemInfo: [malloc] Total space held (mmap + non-mmap):         13955072 Byte
20220312 054057.516 INFO             PET0 PIOc_sync Exit - MemInfo: [malloc] Total space used (mmap + non-mmap):         13585344 Byte
20220312 054057.516 INFO             PET0 PIOc_sync Exit - MemInfo: Wall-clock time since execution start:              0.0218776 seconds
20220312 054057.516 INFO             PET0 PIOc_freedecomp Enter - MemInfo: [/proc/meminfo - SSI]	MemTotal:       196442820 kB
20220312 054057.516 INFO             PET0 PIOc_freedecomp Enter - MemInfo: [/proc/meminfo - SSI]	MemFree:        186918308 kB
20220312 054057.516 INFO             PET0 PIOc_freedecomp Enter - MemInfo: [/proc/meminfo - SSI]	MemAvailable:   191742448 kB
20220312 054057.516 INFO             PET0 PIOc_freedecomp Enter - MemInfo: [/proc/meminfo - SSI]	Committed_AS:     465532 kB
20220312 054057.516 INFO             PET0 PIOc_freedecomp Enter - MemInfo: [/proc/meminfo - SSI]	CommittedPercent: 0.236981 %
20220312 054057.516 INFO             PET0 PIOc_freedecomp Enter - MemInfo: [/proc/self/status]	VmPeak:	  653040 kB
20220312 054057.516 INFO             PET0 PIOc_freedecomp Enter - MemInfo: [/proc/self/status]	VmSize:	  644328 kB
20220312 054057.516 INFO             PET0 PIOc_freedecomp Enter - MemInfo: [/proc/self/status]	VmLck:	       0 kB
20220312 054057.516 INFO             PET0 PIOc_freedecomp Enter - MemInfo: [/proc/self/status]	VmPin:	       0 kB
20220312 054057.516 INFO             PET0 PIOc_freedecomp Enter - MemInfo: [/proc/self/status]	VmHWM:	   71212 kB
20220312 054057.516 INFO             PET0 PIOc_freedecomp Enter - MemInfo: [/proc/self/status]	VmRSS:	   32184 kB
20220312 054057.516 INFO             PET0 PIOc_freedecomp Enter - MemInfo: [/proc/self/status]	VmData:	  186872 kB
20220312 054057.516 INFO             PET0 PIOc_freedecomp Enter - MemInfo: [/proc/self/status]	VmStk:	     144 kB
20220312 054057.516 INFO             PET0 PIOc_freedecomp Enter - MemInfo: [/proc/self/status]	VmExe:	     324 kB
20220312 054057.516 INFO             PET0 PIOc_freedecomp Enter - MemInfo: [/proc/self/status]	VmLib:	   82396 kB
20220312 054057.516 INFO             PET0 PIOc_freedecomp Enter - MemInfo: [/proc/self/status]	VmPTE:	     920 kB
20220312 054057.516 INFO             PET0 PIOc_freedecomp Enter - MemInfo: [/proc/self/status]	VmSwap:	       0 kB
20220312 054057.516 INFO             PET0 PIOc_freedecomp Enter - MemInfo: [/proc/self/status]	VmRSSPercent: 0.0163834 %
20220312 054057.516 INFO             PET0 PIOc_freedecomp Enter - MemInfo: [malloc] Non-mmapped space allocated:                 3452928 Byte
20220312 054057.516 INFO             PET0 PIOc_freedecomp Enter - MemInfo: [malloc] Space allocated in mmapped regions:          1581056 Byte
20220312 054057.516 INFO             PET0 PIOc_freedecomp Enter - MemInfo: [malloc] Maximum total allocated space:                     0 Byte
20220312 054057.516 INFO             PET0 PIOc_freedecomp Enter - MemInfo: [malloc] Space in freed fastbin blocks:                  2288 Byte
20220312 054057.516 INFO             PET0 PIOc_freedecomp Enter - MemInfo: [malloc] Total allocated space:                       3060720 Byte
20220312 054057.516 INFO             PET0 PIOc_freedecomp Enter - MemInfo: [malloc] Total free space:                             392208 Byte
20220312 054057.516 INFO             PET0 PIOc_freedecomp Enter - MemInfo: [malloc] Top-most, releasable space:                   168304 Byte
20220312 054057.516 INFO             PET0 PIOc_freedecomp Enter - MemInfo: [malloc] Total space in use, mmap + non-mmap:         4641776 Byte
20220312 054057.516 INFO             PET0 PIOc_freedecomp Enter - MemInfo: [malloc] Total space held (mmap + non-mmap):          5033984 Byte
20220312 054057.516 INFO             PET0 PIOc_freedecomp Enter - MemInfo: [malloc] Total space used (mmap + non-mmap):          4651120 Byte
20220312 054057.516 INFO             PET0 PIOc_freedecomp Enter - MemInfo: Wall-clock time since execution start:              0.0226139 seconds
20220312 054057.516 INFO             PET0 PIOc_freedecomp Exit - MemInfo: [/proc/meminfo - SSI]	MemTotal:       196442820 kB
20220312 054057.516 INFO             PET0 PIOc_freedecomp Exit - MemInfo: [/proc/meminfo - SSI]	MemFree:        186918308 kB
20220312 054057.516 INFO             PET0 PIOc_freedecomp Exit - MemInfo: [/proc/meminfo - SSI]	MemAvailable:   191742448 kB
20220312 054057.516 INFO             PET0 PIOc_freedecomp Exit - MemInfo: [/proc/meminfo - SSI]	Committed_AS:     465532 kB
20220312 054057.516 INFO             PET0 PIOc_freedecomp Exit - MemInfo: [/proc/meminfo - SSI]	CommittedPercent: 0.236981 %
20220312 054057.517 INFO             PET0 PIOc_freedecomp Exit - MemInfo: [/proc/self/status]	VmPeak:	  653040 kB
20220312 054057.517 INFO             PET0 PIOc_freedecomp Exit - MemInfo: [/proc/self/status]	VmSize:	  644328 kB
20220312 054057.517 INFO             PET0 PIOc_freedecomp Exit - MemInfo: [/proc/self/status]	VmLck:	       0 kB
20220312 054057.517 INFO             PET0 PIOc_freedecomp Exit - MemInfo: [/proc/self/status]	VmPin:	       0 kB
20220312 054057.517 INFO             PET0 PIOc_freedecomp Exit - MemInfo: [/proc/self/status]	VmHWM:	   71212 kB
20220312 054057.517 INFO             PET0 PIOc_freedecomp Exit - MemInfo: [/proc/self/status]	VmRSS:	   32188 kB
20220312 054057.517 INFO             PET0 PIOc_freedecomp Exit - MemInfo: [/proc/self/status]	VmData:	  186872 kB
20220312 054057.517 INFO             PET0 PIOc_freedecomp Exit - MemInfo: [/proc/self/status]	VmStk:	     144 kB
20220312 054057.517 INFO             PET0 PIOc_freedecomp Exit - MemInfo: [/proc/self/status]	VmExe:	     324 kB
20220312 054057.517 INFO             PET0 PIOc_freedecomp Exit - MemInfo: [/proc/self/status]	VmLib:	   82396 kB
20220312 054057.517 INFO             PET0 PIOc_freedecomp Exit - MemInfo: [/proc/self/status]	VmPTE:	     920 kB
20220312 054057.517 INFO             PET0 PIOc_freedecomp Exit - MemInfo: [/proc/self/status]	VmSwap:	       0 kB
20220312 054057.517 INFO             PET0 PIOc_freedecomp Exit - MemInfo: [/proc/self/status]	VmRSSPercent: 0.0163854 %
20220312 054057.517 INFO             PET0 PIOc_freedecomp Exit - MemInfo: [malloc] Non-mmapped space allocated:                 3452928 Byte
20220312 054057.517 INFO             PET0 PIOc_freedecomp Exit - MemInfo: [malloc] Space allocated in mmapped regions:          1581056 Byte
20220312 054057.517 INFO             PET0 PIOc_freedecomp Exit - MemInfo: [malloc] Maximum total allocated space:                     0 Byte
20220312 054057.517 INFO             PET0 PIOc_freedecomp Exit - MemInfo: [malloc] Space in freed fastbin blocks:                  2272 Byte
20220312 054057.517 INFO             PET0 PIOc_freedecomp Exit - MemInfo: [malloc] Total allocated space:                       3056560 Byte
20220312 054057.517 INFO             PET0 PIOc_freedecomp Exit - MemInfo: [malloc] Total free space:                             396368 Byte
20220312 054057.517 INFO             PET0 PIOc_freedecomp Exit - MemInfo: [malloc] Top-most, releasable space:                   168304 Byte
20220312 054057.517 INFO             PET0 PIOc_freedecomp Exit - MemInfo: [malloc] Total space in use, mmap + non-mmap:         4637616 Byte
20220312 054057.517 INFO             PET0 PIOc_freedecomp Exit - MemInfo: [malloc] Total space held (mmap + non-mmap):          5033984 Byte
20220312 054057.517 INFO             PET0 PIOc_freedecomp Exit - MemInfo: [malloc] Total space used (mmap + non-mmap):          4646960 Byte
20220312 054057.517 INFO             PET0 PIOc_freedecomp Exit - MemInfo: Wall-clock time since execution start:              0.0229832 seconds
20220312 054057.519 INFO             PET0 PIOc_sync Enter - MemInfo: [/proc/meminfo - SSI]	MemTotal:       196442820 kB
20220312 054057.519 INFO             PET0 PIOc_sync Enter - MemInfo: [/proc/meminfo - SSI]	MemFree:        186914568 kB
20220312 054057.519 INFO             PET0 PIOc_sync Enter - MemInfo: [/proc/meminfo - SSI]	MemAvailable:   191738708 kB
20220312 054057.519 INFO             PET0 PIOc_sync Enter - MemInfo: [/proc/meminfo - SSI]	Committed_AS:     473672 kB
20220312 054057.519 INFO             PET0 PIOc_sync Enter - MemInfo: [/proc/meminfo - SSI]	CommittedPercent: 0.241125 %
20220312 054057.519 INFO             PET0 PIOc_sync Enter - MemInfo: [/proc/self/status]	VmPeak:	  653040 kB
20220312 054057.519 INFO             PET0 PIOc_sync Enter - MemInfo: [/proc/self/status]	VmSize:	  652984 kB
20220312 054057.519 INFO             PET0 PIOc_sync Enter - MemInfo: [/proc/self/status]	VmLck:	       0 kB
20220312 054057.519 INFO             PET0 PIOc_sync Enter - MemInfo: [/proc/self/status]	VmPin:	       0 kB
20220312 054057.519 INFO             PET0 PIOc_sync Enter - MemInfo: [/proc/self/status]	VmHWM:	   71212 kB
20220312 054057.519 INFO             PET0 PIOc_sync Enter - MemInfo: [/proc/self/status]	VmRSS:	   36676 kB
20220312 054057.519 INFO             PET0 PIOc_sync Enter - MemInfo: [/proc/self/status]	VmData:	  195528 kB
20220312 054057.519 INFO             PET0 PIOc_sync Enter - MemInfo: [/proc/self/status]	VmStk:	     144 kB
20220312 054057.519 INFO             PET0 PIOc_sync Enter - MemInfo: [/proc/self/status]	VmExe:	     324 kB
20220312 054057.519 INFO             PET0 PIOc_sync Enter - MemInfo: [/proc/self/status]	VmLib:	   82396 kB
20220312 054057.519 INFO             PET0 PIOc_sync Enter - MemInfo: [/proc/self/status]	VmPTE:	     932 kB
20220312 054057.519 INFO             PET0 PIOc_sync Enter - MemInfo: [/proc/self/status]	VmSwap:	       0 kB
20220312 054057.519 INFO             PET0 PIOc_sync Enter - MemInfo: [/proc/self/status]	VmRSSPercent: 0.0186701 %
20220312 054057.519 INFO             PET0 PIOc_sync Enter - MemInfo: [malloc] Non-mmapped space allocated:                12316672 Byte
20220312 054057.519 INFO             PET0 PIOc_sync Enter - MemInfo: [malloc] Space allocated in mmapped regions:          1581056 Byte
20220312 054057.519 INFO             PET0 PIOc_sync Enter - MemInfo: [malloc] Maximum total allocated space:                     0 Byte
20220312 054057.519 INFO             PET0 PIOc_sync Enter - MemInfo: [malloc] Space in freed fastbin blocks:                  2992 Byte
20220312 054057.519 INFO             PET0 PIOc_sync Enter - MemInfo: [malloc] Total allocated space:                      11986912 Byte
20220312 054057.519 INFO             PET0 PIOc_sync Enter - MemInfo: [malloc] Total free space:                             329760 Byte
20220312 054057.519 INFO             PET0 PIOc_sync Enter - MemInfo: [malloc] Top-most, releasable space:                   118400 Byte
20220312 054057.519 INFO             PET0 PIOc_sync Enter - MemInfo: [malloc] Total space in use, mmap + non-mmap:        13567968 Byte
20220312 054057.519 INFO             PET0 PIOc_sync Enter - MemInfo: [malloc] Total space held (mmap + non-mmap):         13897728 Byte
20220312 054057.519 INFO             PET0 PIOc_sync Enter - MemInfo: [malloc] Total space used (mmap + non-mmap):         13577312 Byte
20220312 054057.519 INFO             PET0 PIOc_sync Enter - MemInfo: Wall-clock time since execution start:              0.0250972 seconds
20220312 054057.519 INFO             PET0 PIOc_sync Exit - MemInfo: [/proc/meminfo - SSI]	MemTotal:       196442820 kB
20220312 054057.519 INFO             PET0 PIOc_sync Exit - MemInfo: [/proc/meminfo - SSI]	MemFree:        186914568 kB
20220312 054057.519 INFO             PET0 PIOc_sync Exit - MemInfo: [/proc/meminfo - SSI]	MemAvailable:   191738708 kB
20220312 054057.519 INFO             PET0 PIOc_sync Exit - MemInfo: [/proc/meminfo - SSI]	Committed_AS:     473672 kB
20220312 054057.519 INFO             PET0 PIOc_sync Exit - MemInfo: [/proc/meminfo - SSI]	CommittedPercent: 0.241125 %
20220312 054057.519 INFO             PET0 PIOc_sync Exit - MemInfo: [/proc/self/status]	VmPeak:	  653040 kB
20220312 054057.519 INFO             PET0 PIOc_sync Exit - MemInfo: [/proc/self/status]	VmSize:	  652984 kB
20220312 054057.519 INFO             PET0 PIOc_sync Exit - MemInfo: [/proc/self/status]	VmLck:	       0 kB
20220312 054057.519 INFO             PET0 PIOc_sync Exit - MemInfo: [/proc/self/status]	VmPin:	       0 kB
20220312 054057.519 INFO             PET0 PIOc_sync Exit - MemInfo: [/proc/self/status]	VmHWM:	   71212 kB
20220312 054057.519 INFO             PET0 PIOc_sync Exit - MemInfo: [/proc/self/status]	VmRSS:	   36696 kB
20220312 054057.519 INFO             PET0 PIOc_sync Exit - MemInfo: [/proc/self/status]	VmData:	  195528 kB
20220312 054057.519 INFO             PET0 PIOc_sync Exit - MemInfo: [/proc/self/status]	VmStk:	     144 kB
20220312 054057.519 INFO             PET0 PIOc_sync Exit - MemInfo: [/proc/self/status]	VmExe:	     324 kB
20220312 054057.519 INFO             PET0 PIOc_sync Exit - MemInfo: [/proc/self/status]	VmLib:	   82396 kB
20220312 054057.519 INFO             PET0 PIOc_sync Exit - MemInfo: [/proc/self/status]	VmPTE:	     932 kB
20220312 054057.519 INFO             PET0 PIOc_sync Exit - MemInfo: [/proc/self/status]	VmSwap:	       0 kB
20220312 054057.519 INFO             PET0 PIOc_sync Exit - MemInfo: [/proc/self/status]	VmRSSPercent: 0.0186802 %
20220312 054057.519 INFO             PET0 PIOc_sync Exit - MemInfo: [malloc] Non-mmapped space allocated:                12316672 Byte
20220312 054057.519 INFO             PET0 PIOc_sync Exit - MemInfo: [malloc] Space allocated in mmapped regions:          1581056 Byte
20220312 054057.519 INFO             PET0 PIOc_sync Exit - MemInfo: [malloc] Maximum total allocated space:                     0 Byte
20220312 054057.519 INFO             PET0 PIOc_sync Exit - MemInfo: [malloc] Space in freed fastbin blocks:                  1392 Byte
20220312 054057.519 INFO             PET0 PIOc_sync Exit - MemInfo: [malloc] Total allocated space:                      11987296 Byte
20220312 054057.519 INFO             PET0 PIOc_sync Exit - MemInfo: [malloc] Total free space:                             329376 Byte
20220312 054057.519 INFO             PET0 PIOc_sync Exit - MemInfo: [malloc] Top-most, releasable space:                   118576 Byte
20220312 054057.519 INFO             PET0 PIOc_sync Exit - MemInfo: [malloc] Total space in use, mmap + non-mmap:        13568352 Byte
20220312 054057.519 INFO             PET0 PIOc_sync Exit - MemInfo: [malloc] Total space held (mmap + non-mmap):         13897728 Byte
20220312 054057.519 INFO             PET0 PIOc_sync Exit - MemInfo: [malloc] Total space used (mmap + non-mmap):         13577696 Byte
20220312 054057.519 INFO             PET0 PIOc_sync Exit - MemInfo: Wall-clock time since execution start:              0.0254856 seconds
20220312 054057.519 INFO             PET0 PIOc_freedecomp Enter - MemInfo: [/proc/meminfo - SSI]	MemTotal:       196442820 kB
20220312 054057.520 INFO             PET0 PIOc_freedecomp Enter - MemInfo: [/proc/meminfo - SSI]	MemFree:        186914568 kB
20220312 054057.520 INFO             PET0 PIOc_freedecomp Enter - MemInfo: [/proc/meminfo - SSI]	MemAvailable:   191738708 kB
20220312 054057.520 INFO             PET0 PIOc_freedecomp Enter - MemInfo: [/proc/meminfo - SSI]	Committed_AS:     473672 kB
20220312 054057.520 INFO             PET0 PIOc_freedecomp Enter - MemInfo: [/proc/meminfo - SSI]	CommittedPercent: 0.241125 %
20220312 054057.520 INFO             PET0 PIOc_freedecomp Enter - MemInfo: [/proc/self/status]	VmPeak:	  653040 kB
20220312 054057.520 INFO             PET0 PIOc_freedecomp Enter - MemInfo: [/proc/self/status]	VmSize:	  652984 kB
20220312 054057.520 INFO             PET0 PIOc_freedecomp Enter - MemInfo: [/proc/self/status]	VmLck:	       0 kB
20220312 054057.520 INFO             PET0 PIOc_freedecomp Enter - MemInfo: [/proc/self/status]	VmPin:	       0 kB
20220312 054057.520 INFO             PET0 PIOc_freedecomp Enter - MemInfo: [/proc/self/status]	VmHWM:	   71212 kB
20220312 054057.520 INFO             PET0 PIOc_freedecomp Enter - MemInfo: [/proc/self/status]	VmRSS:	   36696 kB
20220312 054057.520 INFO             PET0 PIOc_freedecomp Enter - MemInfo: [/proc/self/status]	VmData:	  195528 kB
20220312 054057.520 INFO             PET0 PIOc_freedecomp Enter - MemInfo: [/proc/self/status]	VmStk:	     144 kB
20220312 054057.520 INFO             PET0 PIOc_freedecomp Enter - MemInfo: [/proc/self/status]	VmExe:	     324 kB
20220312 054057.520 INFO             PET0 PIOc_freedecomp Enter - MemInfo: [/proc/self/status]	VmLib:	   82396 kB
20220312 054057.520 INFO             PET0 PIOc_freedecomp Enter - MemInfo: [/proc/self/status]	VmPTE:	     932 kB
20220312 054057.520 INFO             PET0 PIOc_freedecomp Enter - MemInfo: [/proc/self/status]	VmSwap:	       0 kB
20220312 054057.520 INFO             PET0 PIOc_freedecomp Enter - MemInfo: [/proc/self/status]	VmRSSPercent: 0.0186802 %
20220312 054057.520 INFO             PET0 PIOc_freedecomp Enter - MemInfo: [malloc] Non-mmapped space allocated:                12316672 Byte
20220312 054057.520 INFO             PET0 PIOc_freedecomp Enter - MemInfo: [malloc] Space allocated in mmapped regions:          1581056 Byte
20220312 054057.520 INFO             PET0 PIOc_freedecomp Enter - MemInfo: [malloc] Maximum total allocated space:                     0 Byte
20220312 054057.520 INFO             PET0 PIOc_freedecomp Enter - MemInfo: [malloc] Space in freed fastbin blocks:                  1040 Byte
20220312 054057.520 INFO             PET0 PIOc_freedecomp Enter - MemInfo: [malloc] Total allocated space:                       3060768 Byte
20220312 054057.520 INFO             PET0 PIOc_freedecomp Enter - MemInfo: [malloc] Total free space:                            9255904 Byte
20220312 054057.520 INFO             PET0 PIOc_freedecomp Enter - MemInfo: [malloc] Top-most, releasable space:                   119248 Byte
20220312 054057.520 INFO             PET0 PIOc_freedecomp Enter - MemInfo: [malloc] Total space in use, mmap + non-mmap:         4641824 Byte
20220312 054057.520 INFO             PET0 PIOc_freedecomp Enter - MemInfo: [malloc] Total space held (mmap + non-mmap):         13897728 Byte
20220312 054057.520 INFO             PET0 PIOc_freedecomp Enter - MemInfo: [malloc] Total space used (mmap + non-mmap):          4651168 Byte
20220312 054057.520 INFO             PET0 PIOc_freedecomp Enter - MemInfo: Wall-clock time since execution start:              0.0260126 seconds
20220312 054057.520 INFO             PET0 PIOc_freedecomp Exit - MemInfo: [/proc/meminfo - SSI]	MemTotal:       196442820 kB
20220312 054057.520 INFO             PET0 PIOc_freedecomp Exit - MemInfo: [/proc/meminfo - SSI]	MemFree:        186914568 kB
20220312 054057.520 INFO             PET0 PIOc_freedecomp Exit - MemInfo: [/proc/meminfo - SSI]	MemAvailable:   191738708 kB
20220312 054057.520 INFO             PET0 PIOc_freedecomp Exit - MemInfo: [/proc/meminfo - SSI]	Committed_AS:     473672 kB
20220312 054057.520 INFO             PET0 PIOc_freedecomp Exit - MemInfo: [/proc/meminfo - SSI]	CommittedPercent: 0.241125 %
20220312 054057.520 INFO             PET0 PIOc_freedecomp Exit - MemInfo: [/proc/self/status]	VmPeak:	  653040 kB
20220312 054057.520 INFO             PET0 PIOc_freedecomp Exit - MemInfo: [/proc/self/status]	VmSize:	  652984 kB
20220312 054057.520 INFO             PET0 PIOc_freedecomp Exit - MemInfo: [/proc/self/status]	VmLck:	       0 kB
20220312 054057.520 INFO             PET0 PIOc_freedecomp Exit - MemInfo: [/proc/self/status]	VmPin:	       0 kB
20220312 054057.520 INFO             PET0 PIOc_freedecomp Exit - MemInfo: [/proc/self/status]	VmHWM:	   71212 kB
20220312 054057.520 INFO             PET0 PIOc_freedecomp Exit - MemInfo: [/proc/self/status]	VmRSS:	   36696 kB
20220312 054057.520 INFO             PET0 PIOc_freedecomp Exit - MemInfo: [/proc/self/status]	VmData:	  195528 kB
20220312 054057.520 INFO             PET0 PIOc_freedecomp Exit - MemInfo: [/proc/self/status]	VmStk:	     144 kB
20220312 054057.520 INFO             PET0 PIOc_freedecomp Exit - MemInfo: [/proc/self/status]	VmExe:	     324 kB
20220312 054057.520 INFO             PET0 PIOc_freedecomp Exit - MemInfo: [/proc/self/status]	VmLib:	   82396 kB
20220312 054057.520 INFO             PET0 PIOc_freedecomp Exit - MemInfo: [/proc/self/status]	VmPTE:	     932 kB
20220312 054057.520 INFO             PET0 PIOc_freedecomp Exit - MemInfo: [/proc/self/status]	VmSwap:	       0 kB
20220312 054057.520 INFO             PET0 PIOc_freedecomp Exit - MemInfo: [/proc/self/status]	VmRSSPercent: 0.0186802 %
20220312 054057.520 INFO             PET0 PIOc_freedecomp Exit - MemInfo: [malloc] Non-mmapped space allocated:                12316672 Byte
20220312 054057.520 INFO             PET0 PIOc_freedecomp Exit - MemInfo: [malloc] Space allocated in mmapped regions:          1581056 Byte
20220312 054057.520 INFO             PET0 PIOc_freedecomp Exit - MemInfo: [malloc] Maximum total allocated space:                     0 Byte
20220312 054057.520 INFO             PET0 PIOc_freedecomp Exit - MemInfo: [malloc] Space in freed fastbin blocks:                   944 Byte
20220312 054057.520 INFO             PET0 PIOc_freedecomp Exit - MemInfo: [malloc] Total allocated space:                       3056608 Byte
20220312 054057.520 INFO             PET0 PIOc_freedecomp Exit - MemInfo: [malloc] Total free space:                            9260064 Byte
20220312 054057.520 INFO             PET0 PIOc_freedecomp Exit - MemInfo: [malloc] Top-most, releasable space:                  9046000 Byte
20220312 054057.520 INFO             PET0 PIOc_freedecomp Exit - MemInfo: [malloc] Total space in use, mmap + non-mmap:         4637664 Byte
20220312 054057.520 INFO             PET0 PIOc_freedecomp Exit - MemInfo: [malloc] Total space held (mmap + non-mmap):         13897728 Byte
20220312 054057.520 INFO             PET0 PIOc_freedecomp Exit - MemInfo: [malloc] Total space used (mmap + non-mmap):          4647008 Byte
20220312 054057.520 INFO             PET0 PIOc_freedecomp Exit - MemInfo: Wall-clock time since execution start:              0.0263795 seconds
20220312 054057.522 INFO             PET0 PIOc_sync Enter - MemInfo: [/proc/meminfo - SSI]	MemTotal:       196442820 kB
20220312 054057.522 INFO             PET0 PIOc_sync Enter - MemInfo: [/proc/meminfo - SSI]	MemFree:        186914568 kB
20220312 054057.522 INFO             PET0 PIOc_sync Enter - MemInfo: [/proc/meminfo - SSI]	MemAvailable:   191738708 kB
20220312 054057.522 INFO             PET0 PIOc_sync Enter - MemInfo: [/proc/meminfo - SSI]	Committed_AS:     473672 kB
20220312 054057.522 INFO             PET0 PIOc_sync Enter - MemInfo: [/proc/meminfo - SSI]	CommittedPercent: 0.241125 %
20220312 054057.522 INFO             PET0 PIOc_sync Enter - MemInfo: [/proc/self/status]	VmPeak:	  653040 kB
20220312 054057.522 INFO             PET0 PIOc_sync Enter - MemInfo: [/proc/self/status]	VmSize:	  652984 kB
20220312 054057.522 INFO             PET0 PIOc_sync Enter - MemInfo: [/proc/self/status]	VmLck:	       0 kB
20220312 054057.522 INFO             PET0 PIOc_sync Enter - MemInfo: [/proc/self/status]	VmPin:	       0 kB
20220312 054057.522 INFO             PET0 PIOc_sync Enter - MemInfo: [/proc/self/status]	VmHWM:	   71212 kB
20220312 054057.522 INFO             PET0 PIOc_sync Enter - MemInfo: [/proc/self/status]	VmRSS:	   37024 kB
20220312 054057.522 INFO             PET0 PIOc_sync Enter - MemInfo: [/proc/self/status]	VmData:	  195528 kB
20220312 054057.522 INFO             PET0 PIOc_sync Enter - MemInfo: [/proc/self/status]	VmStk:	     144 kB
20220312 054057.522 INFO             PET0 PIOc_sync Enter - MemInfo: [/proc/self/status]	VmExe:	     324 kB
20220312 054057.522 INFO             PET0 PIOc_sync Enter - MemInfo: [/proc/self/status]	VmLib:	   82396 kB
20220312 054057.522 INFO             PET0 PIOc_sync Enter - MemInfo: [/proc/self/status]	VmPTE:	     932 kB
20220312 054057.522 INFO             PET0 PIOc_sync Enter - MemInfo: [/proc/self/status]	VmSwap:	       0 kB
20220312 054057.522 INFO             PET0 PIOc_sync Enter - MemInfo: [/proc/self/status]	VmRSSPercent: 0.0188472 %
20220312 054057.522 INFO             PET0 PIOc_sync Enter - MemInfo: [malloc] Non-mmapped space allocated:                12316672 Byte
20220312 054057.522 INFO             PET0 PIOc_sync Enter - MemInfo: [malloc] Space allocated in mmapped regions:          1581056 Byte
20220312 054057.522 INFO             PET0 PIOc_sync Enter - MemInfo: [malloc] Maximum total allocated space:                     0 Byte
20220312 054057.522 INFO             PET0 PIOc_sync Enter - MemInfo: [malloc] Space in freed fastbin blocks:                  3104 Byte
20220312 054057.522 INFO             PET0 PIOc_sync Enter - MemInfo: [malloc] Total allocated space:                      11987264 Byte
20220312 054057.522 INFO             PET0 PIOc_sync Enter - MemInfo: [malloc] Total free space:                             329408 Byte
20220312 054057.522 INFO             PET0 PIOc_sync Enter - MemInfo: [malloc] Top-most, releasable space:                   117872 Byte
20220312 054057.522 INFO             PET0 PIOc_sync Enter - MemInfo: [malloc] Total space in use, mmap + non-mmap:        13568320 Byte
20220312 054057.522 INFO             PET0 PIOc_sync Enter - MemInfo: [malloc] Total space held (mmap + non-mmap):         13897728 Byte
20220312 054057.522 INFO             PET0 PIOc_sync Enter - MemInfo: [malloc] Total space used (mmap + non-mmap):         13577664 Byte
20220312 054057.522 INFO             PET0 PIOc_sync Enter - MemInfo: Wall-clock time since execution start:              0.0280912 seconds
20220312 054057.522 INFO             PET0 PIOc_sync Exit - MemInfo: [/proc/meminfo - SSI]	MemTotal:       196442820 kB
20220312 054057.522 INFO             PET0 PIOc_sync Exit - MemInfo: [/proc/meminfo - SSI]	MemFree:        186914568 kB
20220312 054057.522 INFO             PET0 PIOc_sync Exit - MemInfo: [/proc/meminfo - SSI]	MemAvailable:   191738708 kB
20220312 054057.522 INFO             PET0 PIOc_sync Exit - MemInfo: [/proc/meminfo - SSI]	Committed_AS:     473672 kB
20220312 054057.522 INFO             PET0 PIOc_sync Exit - MemInfo: [/proc/meminfo - SSI]	CommittedPercent: 0.241125 %
20220312 054057.522 INFO             PET0 PIOc_sync Exit - MemInfo: [/proc/self/status]	VmPeak:	  653040 kB
20220312 054057.522 INFO             PET0 PIOc_sync Exit - MemInfo: [/proc/self/status]	VmSize:	  652984 kB
20220312 054057.522 INFO             PET0 PIOc_sync Exit - MemInfo: [/proc/self/status]	VmLck:	       0 kB
20220312 054057.522 INFO             PET0 PIOc_sync Exit - MemInfo: [/proc/self/status]	VmPin:	       0 kB
20220312 054057.522 INFO             PET0 PIOc_sync Exit - MemInfo: [/proc/self/status]	VmHWM:	   71212 kB
20220312 054057.522 INFO             PET0 PIOc_sync Exit - MemInfo: [/proc/self/status]	VmRSS:	   37024 kB
20220312 054057.522 INFO             PET0 PIOc_sync Exit - MemInfo: [/proc/self/status]	VmData:	  195528 kB
20220312 054057.522 INFO             PET0 PIOc_sync Exit - MemInfo: [/proc/self/status]	VmStk:	     144 kB
20220312 054057.522 INFO             PET0 PIOc_sync Exit - MemInfo: [/proc/self/status]	VmExe:	     324 kB
20220312 054057.522 INFO             PET0 PIOc_sync Exit - MemInfo: [/proc/self/status]	VmLib:	   82396 kB
20220312 054057.522 INFO             PET0 PIOc_sync Exit - MemInfo: [/proc/self/status]	VmPTE:	     932 kB
20220312 054057.522 INFO             PET0 PIOc_sync Exit - MemInfo: [/proc/self/status]	VmSwap:	       0 kB
20220312 054057.522 INFO             PET0 PIOc_sync Exit - MemInfo: [/proc/self/status]	VmRSSPercent: 0.0188472 %
20220312 054057.522 INFO             PET0 PIOc_sync Exit - MemInfo: [malloc] Non-mmapped space allocated:                12316672 Byte
20220312 054057.522 INFO             PET0 PIOc_sync Exit - MemInfo: [malloc] Space allocated in mmapped regions:          1581056 Byte
20220312 054057.522 INFO             PET0 PIOc_sync Exit - MemInfo: [malloc] Maximum total allocated space:                     0 Byte
20220312 054057.522 INFO             PET0 PIOc_sync Exit - MemInfo: [malloc] Space in freed fastbin blocks:                  1296 Byte
20220312 054057.522 INFO             PET0 PIOc_sync Exit - MemInfo: [malloc] Total allocated space:                      11987632 Byte
20220312 054057.522 INFO             PET0 PIOc_sync Exit - MemInfo: [malloc] Total free space:                             329040 Byte
20220312 054057.522 INFO             PET0 PIOc_sync Exit - MemInfo: [malloc] Top-most, releasable space:                   118352 Byte
20220312 054057.522 INFO             PET0 PIOc_sync Exit - MemInfo: [malloc] Total space in use, mmap + non-mmap:        13568688 Byte
20220312 054057.522 INFO             PET0 PIOc_sync Exit - MemInfo: [malloc] Total space held (mmap + non-mmap):         13897728 Byte
20220312 054057.522 INFO             PET0 PIOc_sync Exit - MemInfo: [malloc] Total space used (mmap + non-mmap):         13578048 Byte
20220312 054057.522 INFO             PET0 PIOc_sync Exit - MemInfo: Wall-clock time since execution start:              0.0284896 seconds
20220312 054057.522 INFO             PET0 PIOc_freedecomp Enter - MemInfo: [/proc/meminfo - SSI]	MemTotal:       196442820 kB
20220312 054057.522 INFO             PET0 PIOc_freedecomp Enter - MemInfo: [/proc/meminfo - SSI]	MemFree:        186914568 kB
20220312 054057.522 INFO             PET0 PIOc_freedecomp Enter - MemInfo: [/proc/meminfo - SSI]	MemAvailable:   191738708 kB
20220312 054057.522 INFO             PET0 PIOc_freedecomp Enter - MemInfo: [/proc/meminfo - SSI]	Committed_AS:     473672 kB
20220312 054057.522 INFO             PET0 PIOc_freedecomp Enter - MemInfo: [/proc/meminfo - SSI]	CommittedPercent: 0.241125 %
20220312 054057.523 INFO             PET0 PIOc_freedecomp Enter - MemInfo: [/proc/self/status]	VmPeak:	  653040 kB
20220312 054057.523 INFO             PET0 PIOc_freedecomp Enter - MemInfo: [/proc/self/status]	VmSize:	  652984 kB
20220312 054057.523 INFO             PET0 PIOc_freedecomp Enter - MemInfo: [/proc/self/status]	VmLck:	       0 kB
20220312 054057.523 INFO             PET0 PIOc_freedecomp Enter - MemInfo: [/proc/self/status]	VmPin:	       0 kB
20220312 054057.523 INFO             PET0 PIOc_freedecomp Enter - MemInfo: [/proc/self/status]	VmHWM:	   71212 kB
20220312 054057.523 INFO             PET0 PIOc_freedecomp Enter - MemInfo: [/proc/self/status]	VmRSS:	   37024 kB
20220312 054057.523 INFO             PET0 PIOc_freedecomp Enter - MemInfo: [/proc/self/status]	VmData:	  195528 kB
20220312 054057.523 INFO             PET0 PIOc_freedecomp Enter - MemInfo: [/proc/self/status]	VmStk:	     144 kB
20220312 054057.523 INFO             PET0 PIOc_freedecomp Enter - MemInfo: [/proc/self/status]	VmExe:	     324 kB
20220312 054057.523 INFO             PET0 PIOc_freedecomp Enter - MemInfo: [/proc/self/status]	VmLib:	   82396 kB
20220312 054057.523 INFO             PET0 PIOc_freedecomp Enter - MemInfo: [/proc/self/status]	VmPTE:	     932 kB
20220312 054057.523 INFO             PET0 PIOc_freedecomp Enter - MemInfo: [/proc/self/status]	VmSwap:	       0 kB
20220312 054057.523 INFO             PET0 PIOc_freedecomp Enter - MemInfo: [/proc/self/status]	VmRSSPercent: 0.0188472 %
20220312 054057.523 INFO             PET0 PIOc_freedecomp Enter - MemInfo: [malloc] Non-mmapped space allocated:                12316672 Byte
20220312 054057.523 INFO             PET0 PIOc_freedecomp Enter - MemInfo: [malloc] Space allocated in mmapped regions:          1581056 Byte
20220312 054057.523 INFO             PET0 PIOc_freedecomp Enter - MemInfo: [malloc] Maximum total allocated space:                     0 Byte
20220312 054057.523 INFO             PET0 PIOc_freedecomp Enter - MemInfo: [malloc] Space in freed fastbin blocks:                  1280 Byte
20220312 054057.523 INFO             PET0 PIOc_freedecomp Enter - MemInfo: [malloc] Total allocated space:                       3060704 Byte
20220312 054057.523 INFO             PET0 PIOc_freedecomp Enter - MemInfo: [malloc] Total free space:                            9255968 Byte
20220312 054057.523 INFO             PET0 PIOc_freedecomp Enter - MemInfo: [malloc] Top-most, releasable space:                   119760 Byte
20220312 054057.523 INFO             PET0 PIOc_freedecomp Enter - MemInfo: [malloc] Total space in use, mmap + non-mmap:         4641760 Byte
20220312 054057.523 INFO             PET0 PIOc_freedecomp Enter - MemInfo: [malloc] Total space held (mmap + non-mmap):         13897728 Byte
20220312 054057.523 INFO             PET0 PIOc_freedecomp Enter - MemInfo: [malloc] Total space used (mmap + non-mmap):          4651104 Byte
20220312 054057.523 INFO             PET0 PIOc_freedecomp Enter - MemInfo: Wall-clock time since execution start:              0.0289998 seconds
20220312 054057.523 INFO             PET0 PIOc_freedecomp Exit - MemInfo: [/proc/meminfo - SSI]	MemTotal:       196442820 kB
20220312 054057.523 INFO             PET0 PIOc_freedecomp Exit - MemInfo: [/proc/meminfo - SSI]	MemFree:        186914568 kB
20220312 054057.523 INFO             PET0 PIOc_freedecomp Exit - MemInfo: [/proc/meminfo - SSI]	MemAvailable:   191738708 kB
20220312 054057.523 INFO             PET0 PIOc_freedecomp Exit - MemInfo: [/proc/meminfo - SSI]	Committed_AS:     473672 kB
20220312 054057.523 INFO             PET0 PIOc_freedecomp Exit - MemInfo: [/proc/meminfo - SSI]	CommittedPercent: 0.241125 %
20220312 054057.523 INFO             PET0 PIOc_freedecomp Exit - MemInfo: [/proc/self/status]	VmPeak:	  653040 kB
20220312 054057.523 INFO             PET0 PIOc_freedecomp Exit - MemInfo: [/proc/self/status]	VmSize:	  652984 kB
20220312 054057.523 INFO             PET0 PIOc_freedecomp Exit - MemInfo: [/proc/self/status]	VmLck:	       0 kB
20220312 054057.523 INFO             PET0 PIOc_freedecomp Exit - MemInfo: [/proc/self/status]	VmPin:	       0 kB
20220312 054057.523 INFO             PET0 PIOc_freedecomp Exit - MemInfo: [/proc/self/status]	VmHWM:	   71212 kB
20220312 054057.523 INFO             PET0 PIOc_freedecomp Exit - MemInfo: [/proc/self/status]	VmRSS:	   37024 kB
20220312 054057.523 INFO             PET0 PIOc_freedecomp Exit - MemInfo: [/proc/self/status]	VmData:	  195528 kB
20220312 054057.523 INFO             PET0 PIOc_freedecomp Exit - MemInfo: [/proc/self/status]	VmStk:	     144 kB
20220312 054057.523 INFO             PET0 PIOc_freedecomp Exit - MemInfo: [/proc/self/status]	VmExe:	     324 kB
20220312 054057.523 INFO             PET0 PIOc_freedecomp Exit - MemInfo: [/proc/self/status]	VmLib:	   82396 kB
20220312 054057.523 INFO             PET0 PIOc_freedecomp Exit - MemInfo: [/proc/self/status]	VmPTE:	     932 kB
20220312 054057.523 INFO             PET0 PIOc_freedecomp Exit - MemInfo: [/proc/self/status]	VmSwap:	       0 kB
20220312 054057.523 INFO             PET0 PIOc_freedecomp Exit - MemInfo: [/proc/self/status]	VmRSSPercent: 0.0188472 %
20220312 054057.523 INFO             PET0 PIOc_freedecomp Exit - MemInfo: [malloc] Non-mmapped space allocated:                12316672 Byte
20220312 054057.523 INFO             PET0 PIOc_freedecomp Exit - MemInfo: [malloc] Space allocated in mmapped regions:          1581056 Byte
20220312 054057.523 INFO             PET0 PIOc_freedecomp Exit - MemInfo: [malloc] Maximum total allocated space:                     0 Byte
20220312 054057.523 INFO             PET0 PIOc_freedecomp Exit - MemInfo: [malloc] Space in freed fastbin blocks:                   992 Byte
20220312 054057.523 INFO             PET0 PIOc_freedecomp Exit - MemInfo: [malloc] Total allocated space:                       3056560 Byte
20220312 054057.523 INFO             PET0 PIOc_freedecomp Exit - MemInfo: [malloc] Total free space:                            9260112 Byte
20220312 054057.523 INFO             PET0 PIOc_freedecomp Exit - MemInfo: [malloc] Top-most, releasable space:                  9046000 Byte
20220312 054057.523 INFO             PET0 PIOc_freedecomp Exit - MemInfo: [malloc] Total space in use, mmap + non-mmap:         4637616 Byte
20220312 054057.523 INFO             PET0 PIOc_freedecomp Exit - MemInfo: [malloc] Total space held (mmap + non-mmap):         13897728 Byte
20220312 054057.523 INFO             PET0 PIOc_freedecomp Exit - MemInfo: [malloc] Total space used (mmap + non-mmap):          4646960 Byte
20220312 054057.523 INFO             PET0 PIOc_freedecomp Exit - MemInfo: Wall-clock time since execution start:              0.0293728 seconds
20220312 054057.523 INFO             PET0 PASS Create an ESMC_RouteHandle via ESMC_FieldRegridStore(), ESMC_FieldRegridUTest.C, line 367
20220312 054057.523 INFO             PET0 PASS Execute ESMC_FieldRegrid(), ESMC_FieldRegridUTest.C, line 375
20220312 054057.526 INFO             PET0 PIOc_sync Enter - MemInfo: [/proc/meminfo - SSI]	MemTotal:       196442820 kB
20220312 054057.526 INFO             PET0 PIOc_sync Enter - MemInfo: [/proc/meminfo - SSI]	MemFree:        186910536 kB
20220312 054057.526 INFO             PET0 PIOc_sync Enter - MemInfo: [/proc/meminfo - SSI]	MemAvailable:   191734676 kB
20220312 054057.526 INFO             PET0 PIOc_sync Enter - MemInfo: [/proc/meminfo - SSI]	Committed_AS:     473672 kB
20220312 054057.526 INFO             PET0 PIOc_sync Enter - MemInfo: [/proc/meminfo - SSI]	CommittedPercent: 0.241125 %
20220312 054057.526 INFO             PET0 PIOc_sync Enter - MemInfo: [/proc/self/status]	VmPeak:	  653040 kB
20220312 054057.526 INFO             PET0 PIOc_sync Enter - MemInfo: [/proc/self/status]	VmSize:	  652984 kB
20220312 054057.526 INFO             PET0 PIOc_sync Enter - MemInfo: [/proc/self/status]	VmLck:	       0 kB
20220312 054057.526 INFO             PET0 PIOc_sync Enter - MemInfo: [/proc/self/status]	VmPin:	       0 kB
20220312 054057.526 INFO             PET0 PIOc_sync Enter - MemInfo: [/proc/self/status]	VmHWM:	   71212 kB
20220312 054057.526 INFO             PET0 PIOc_sync Enter - MemInfo: [/proc/self/status]	VmRSS:	   40996 kB
20220312 054057.526 INFO             PET0 PIOc_sync Enter - MemInfo: [/proc/self/status]	VmData:	  195528 kB
20220312 054057.526 INFO             PET0 PIOc_sync Enter - MemInfo: [/proc/self/status]	VmStk:	     144 kB
20220312 054057.526 INFO             PET0 PIOc_sync Enter - MemInfo: [/proc/self/status]	VmExe:	     324 kB
20220312 054057.526 INFO             PET0 PIOc_sync Enter - MemInfo: [/proc/self/status]	VmLib:	   82396 kB
20220312 054057.526 INFO             PET0 PIOc_sync Enter - MemInfo: [/proc/self/status]	VmPTE:	     936 kB
20220312 054057.526 INFO             PET0 PIOc_sync Enter - MemInfo: [/proc/self/status]	VmSwap:	       0 kB
20220312 054057.526 INFO             PET0 PIOc_sync Enter - MemInfo: [/proc/self/status]	VmRSSPercent: 0.0208692 %
20220312 054057.526 INFO             PET0 PIOc_sync Enter - MemInfo: [malloc] Non-mmapped space allocated:                12316672 Byte
20220312 054057.526 INFO             PET0 PIOc_sync Enter - MemInfo: [malloc] Space allocated in mmapped regions:          1581056 Byte
20220312 054057.526 INFO             PET0 PIOc_sync Enter - MemInfo: [malloc] Maximum total allocated space:                     0 Byte
20220312 054057.526 INFO             PET0 PIOc_sync Enter - MemInfo: [malloc] Space in freed fastbin blocks:                  1088 Byte
20220312 054057.526 INFO             PET0 PIOc_sync Enter - MemInfo: [malloc] Total allocated space:                      11992720 Byte
20220312 054057.526 INFO             PET0 PIOc_sync Enter - MemInfo: [malloc] Total free space:                             323952 Byte
20220312 054057.526 INFO             PET0 PIOc_sync Enter - MemInfo: [malloc] Top-most, releasable space:                   114576 Byte
20220312 054057.526 INFO             PET0 PIOc_sync Enter - MemInfo: [malloc] Total space in use, mmap + non-mmap:        13573776 Byte
20220312 054057.526 INFO             PET0 PIOc_sync Enter - MemInfo: [malloc] Total space held (mmap + non-mmap):         13897728 Byte
20220312 054057.526 INFO             PET0 PIOc_sync Enter - MemInfo: [malloc] Total space used (mmap + non-mmap):         13583120 Byte
20220312 054057.526 INFO             PET0 PIOc_sync Enter - MemInfo: Wall-clock time since execution start:               0.032732 seconds
20220312 054057.527 INFO             PET0 PIOc_sync Exit - MemInfo: [/proc/meminfo - SSI]	MemTotal:       196442820 kB
20220312 054057.527 INFO             PET0 PIOc_sync Exit - MemInfo: [/proc/meminfo - SSI]	MemFree:        186910536 kB
20220312 054057.527 INFO             PET0 PIOc_sync Exit - MemInfo: [/proc/meminfo - SSI]	MemAvailable:   191734676 kB
20220312 054057.527 INFO             PET0 PIOc_sync Exit - MemInfo: [/proc/meminfo - SSI]	Committed_AS:     473672 kB
20220312 054057.527 INFO             PET0 PIOc_sync Exit - MemInfo: [/proc/meminfo - SSI]	CommittedPercent: 0.241125 %
20220312 054057.527 INFO             PET0 PIOc_sync Exit - MemInfo: [/proc/self/status]	VmPeak:	  653040 kB
20220312 054057.527 INFO             PET0 PIOc_sync Exit - MemInfo: [/proc/self/status]	VmSize:	  652984 kB
20220312 054057.527 INFO             PET0 PIOc_sync Exit - MemInfo: [/proc/self/status]	VmLck:	       0 kB
20220312 054057.527 INFO             PET0 PIOc_sync Exit - MemInfo: [/proc/self/status]	VmPin:	       0 kB
20220312 054057.527 INFO             PET0 PIOc_sync Exit - MemInfo: [/proc/self/status]	VmHWM:	   71212 kB
20220312 054057.527 INFO             PET0 PIOc_sync Exit - MemInfo: [/proc/self/status]	VmRSS:	   41004 kB
20220312 054057.527 INFO             PET0 PIOc_sync Exit - MemInfo: [/proc/self/status]	VmData:	  195528 kB
20220312 054057.527 INFO             PET0 PIOc_sync Exit - MemInfo: [/proc/self/status]	VmStk:	     144 kB
20220312 054057.527 INFO             PET0 PIOc_sync Exit - MemInfo: [/proc/self/status]	VmExe:	     324 kB
20220312 054057.527 INFO             PET0 PIOc_sync Exit - MemInfo: [/proc/self/status]	VmLib:	   82396 kB
20220312 054057.527 INFO             PET0 PIOc_sync Exit - MemInfo: [/proc/self/status]	VmPTE:	     936 kB
20220312 054057.527 INFO             PET0 PIOc_sync Exit - MemInfo: [/proc/self/status]	VmSwap:	       0 kB
20220312 054057.527 INFO             PET0 PIOc_sync Exit - MemInfo: [/proc/self/status]	VmRSSPercent: 0.0208732 %
20220312 054057.527 INFO             PET0 PIOc_sync Exit - MemInfo: [malloc] Non-mmapped space allocated:                12316672 Byte
20220312 054057.527 INFO             PET0 PIOc_sync Exit - MemInfo: [malloc] Space allocated in mmapped regions:          1581056 Byte
20220312 054057.527 INFO             PET0 PIOc_sync Exit - MemInfo: [malloc] Maximum total allocated space:                     0 Byte
20220312 054057.527 INFO             PET0 PIOc_sync Exit - MemInfo: [malloc] Space in freed fastbin blocks:                   944 Byte
20220312 054057.527 INFO             PET0 PIOc_sync Exit - MemInfo: [malloc] Total allocated space:                      11993328 Byte
20220312 054057.527 INFO             PET0 PIOc_sync Exit - MemInfo: [malloc] Total free space:                             323344 Byte
20220312 054057.527 INFO             PET0 PIOc_sync Exit - MemInfo: [malloc] Top-most, releasable space:                   113968 Byte
20220312 054057.527 INFO             PET0 PIOc_sync Exit - MemInfo: [malloc] Total space in use, mmap + non-mmap:        13574384 Byte
20220312 054057.527 INFO             PET0 PIOc_sync Exit - MemInfo: [malloc] Total space held (mmap + non-mmap):         13897728 Byte
20220312 054057.527 INFO             PET0 PIOc_sync Exit - MemInfo: [malloc] Total space used (mmap + non-mmap):         13583728 Byte
20220312 054057.527 INFO             PET0 PIOc_sync Exit - MemInfo: Wall-clock time since execution start:              0.0331285 seconds
20220312 054057.527 INFO             PET0 PIOc_freedecomp Enter - MemInfo: [/proc/meminfo - SSI]	MemTotal:       196442820 kB
20220312 054057.527 INFO             PET0 PIOc_freedecomp Enter - MemInfo: [/proc/meminfo - SSI]	MemFree:        186910536 kB
20220312 054057.527 INFO             PET0 PIOc_freedecomp Enter - MemInfo: [/proc/meminfo - SSI]	MemAvailable:   191734676 kB
20220312 054057.527 INFO             PET0 PIOc_freedecomp Enter - MemInfo: [/proc/meminfo - SSI]	Committed_AS:     473672 kB
20220312 054057.527 INFO             PET0 PIOc_freedecomp Enter - MemInfo: [/proc/meminfo - SSI]	CommittedPercent: 0.241125 %
20220312 054057.527 INFO             PET0 PIOc_freedecomp Enter - MemInfo: [/proc/self/status]	VmPeak:	  653040 kB
20220312 054057.527 INFO             PET0 PIOc_freedecomp Enter - MemInfo: [/proc/self/status]	VmSize:	  652984 kB
20220312 054057.527 INFO             PET0 PIOc_freedecomp Enter - MemInfo: [/proc/self/status]	VmLck:	       0 kB
20220312 054057.527 INFO             PET0 PIOc_freedecomp Enter - MemInfo: [/proc/self/status]	VmPin:	       0 kB
20220312 054057.527 INFO             PET0 PIOc_freedecomp Enter - MemInfo: [/proc/self/status]	VmHWM:	   71212 kB
20220312 054057.527 INFO             PET0 PIOc_freedecomp Enter - MemInfo: [/proc/self/status]	VmRSS:	   41004 kB
20220312 054057.527 INFO             PET0 PIOc_freedecomp Enter - MemInfo: [/proc/self/status]	VmData:	  195528 kB
20220312 054057.527 INFO             PET0 PIOc_freedecomp Enter - MemInfo: [/proc/self/status]	VmStk:	     144 kB
20220312 054057.527 INFO             PET0 PIOc_freedecomp Enter - MemInfo: [/proc/self/status]	VmExe:	     324 kB
20220312 054057.527 INFO             PET0 PIOc_freedecomp Enter - MemInfo: [/proc/self/status]	VmLib:	   82396 kB
20220312 054057.527 INFO             PET0 PIOc_freedecomp Enter - MemInfo: [/proc/self/status]	VmPTE:	     936 kB
20220312 054057.527 INFO             PET0 PIOc_freedecomp Enter - MemInfo: [/proc/self/status]	VmSwap:	       0 kB
20220312 054057.527 INFO             PET0 PIOc_freedecomp Enter - MemInfo: [/proc/self/status]	VmRSSPercent: 0.0208732 %
20220312 054057.527 INFO             PET0 PIOc_freedecomp Enter - MemInfo: [malloc] Non-mmapped space allocated:                12316672 Byte
20220312 054057.527 INFO             PET0 PIOc_freedecomp Enter - MemInfo: [malloc] Space allocated in mmapped regions:          1581056 Byte
20220312 054057.527 INFO             PET0 PIOc_freedecomp Enter - MemInfo: [malloc] Maximum total allocated space:                     0 Byte
20220312 054057.527 INFO             PET0 PIOc_freedecomp Enter - MemInfo: [malloc] Space in freed fastbin blocks:                  1168 Byte
20220312 054057.527 INFO             PET0 PIOc_freedecomp Enter - MemInfo: [malloc] Total allocated space:                       3067072 Byte
20220312 054057.527 INFO             PET0 PIOc_freedecomp Enter - MemInfo: [malloc] Total free space:                            9249600 Byte
20220312 054057.527 INFO             PET0 PIOc_freedecomp Enter - MemInfo: [malloc] Top-most, releasable space:                   114128 Byte
20220312 054057.527 INFO             PET0 PIOc_freedecomp Enter - MemInfo: [malloc] Total space in use, mmap + non-mmap:         4648128 Byte
20220312 054057.527 INFO             PET0 PIOc_freedecomp Enter - MemInfo: [malloc] Total space held (mmap + non-mmap):         13897728 Byte
20220312 054057.527 INFO             PET0 PIOc_freedecomp Enter - MemInfo: [malloc] Total space used (mmap + non-mmap):          4657472 Byte
20220312 054057.527 INFO             PET0 PIOc_freedecomp Enter - MemInfo: Wall-clock time since execution start:              0.0336386 seconds
20220312 054057.527 INFO             PET0 PIOc_freedecomp Exit - MemInfo: [/proc/meminfo - SSI]	MemTotal:       196442820 kB
20220312 054057.527 INFO             PET0 PIOc_freedecomp Exit - MemInfo: [/proc/meminfo - SSI]	MemFree:        186910536 kB
20220312 054057.527 INFO             PET0 PIOc_freedecomp Exit - MemInfo: [/proc/meminfo - SSI]	MemAvailable:   191734676 kB
20220312 054057.528 INFO             PET0 PIOc_freedecomp Exit - MemInfo: [/proc/meminfo - SSI]	Committed_AS:     473672 kB
20220312 054057.528 INFO             PET0 PIOc_freedecomp Exit - MemInfo: [/proc/meminfo - SSI]	CommittedPercent: 0.241125 %
20220312 054057.528 INFO             PET0 PIOc_freedecomp Exit - MemInfo: [/proc/self/status]	VmPeak:	  653040 kB
20220312 054057.528 INFO             PET0 PIOc_freedecomp Exit - MemInfo: [/proc/self/status]	VmSize:	  652984 kB
20220312 054057.528 INFO             PET0 PIOc_freedecomp Exit - MemInfo: [/proc/self/status]	VmLck:	       0 kB
20220312 054057.528 INFO             PET0 PIOc_freedecomp Exit - MemInfo: [/proc/self/status]	VmPin:	       0 kB
20220312 054057.528 INFO             PET0 PIOc_freedecomp Exit - MemInfo: [/proc/self/status]	VmHWM:	   71212 kB
20220312 054057.528 INFO             PET0 PIOc_freedecomp Exit - MemInfo: [/proc/self/status]	VmRSS:	   41004 kB
20220312 054057.528 INFO             PET0 PIOc_freedecomp Exit - MemInfo: [/proc/self/status]	VmData:	  195528 kB
20220312 054057.528 INFO             PET0 PIOc_freedecomp Exit - MemInfo: [/proc/self/status]	VmStk:	     144 kB
20220312 054057.528 INFO             PET0 PIOc_freedecomp Exit - MemInfo: [/proc/self/status]	VmExe:	     324 kB
20220312 054057.528 INFO             PET0 PIOc_freedecomp Exit - MemInfo: [/proc/self/status]	VmLib:	   82396 kB
20220312 054057.528 INFO             PET0 PIOc_freedecomp Exit - MemInfo: [/proc/self/status]	VmPTE:	     936 kB
20220312 054057.528 INFO             PET0 PIOc_freedecomp Exit - MemInfo: [/proc/self/status]	VmSwap:	       0 kB
20220312 054057.528 INFO             PET0 PIOc_freedecomp Exit - MemInfo: [/proc/self/status]	VmRSSPercent: 0.0208732 %
20220312 054057.528 INFO             PET0 PIOc_freedecomp Exit - MemInfo: [malloc] Non-mmapped space allocated:                12316672 Byte
20220312 054057.528 INFO             PET0 PIOc_freedecomp Exit - MemInfo: [malloc] Space allocated in mmapped regions:          1581056 Byte
20220312 054057.528 INFO             PET0 PIOc_freedecomp Exit - MemInfo: [malloc] Maximum total allocated space:                     0 Byte
20220312 054057.528 INFO             PET0 PIOc_freedecomp Exit - MemInfo: [malloc] Space in freed fastbin blocks:                  2256 Byte
20220312 054057.528 INFO             PET0 PIOc_freedecomp Exit - MemInfo: [malloc] Total allocated space:                       3064416 Byte
20220312 054057.528 INFO             PET0 PIOc_freedecomp Exit - MemInfo: [malloc] Total free space:                            9252256 Byte
20220312 054057.528 INFO             PET0 PIOc_freedecomp Exit - MemInfo: [malloc] Top-most, releasable space:                   114128 Byte
20220312 054057.528 INFO             PET0 PIOc_freedecomp Exit - MemInfo: [malloc] Total space in use, mmap + non-mmap:         4645472 Byte
20220312 054057.528 INFO             PET0 PIOc_freedecomp Exit - MemInfo: [malloc] Total space held (mmap + non-mmap):         13897728 Byte
20220312 054057.528 INFO             PET0 PIOc_freedecomp Exit - MemInfo: [malloc] Total space used (mmap + non-mmap):          4654816 Byte
20220312 054057.528 INFO             PET0 PIOc_freedecomp Exit - MemInfo: Wall-clock time since execution start:              0.0339952 seconds
20220312 054057.529 INFO             PET0 PIOc_sync Enter - MemInfo: [/proc/meminfo - SSI]	MemTotal:       196442820 kB
20220312 054057.529 INFO             PET0 PIOc_sync Enter - MemInfo: [/proc/meminfo - SSI]	MemFree:        186910536 kB
20220312 054057.529 INFO             PET0 PIOc_sync Enter - MemInfo: [/proc/meminfo - SSI]	MemAvailable:   191734676 kB
20220312 054057.529 INFO             PET0 PIOc_sync Enter - MemInfo: [/proc/meminfo - SSI]	Committed_AS:     473672 kB
20220312 054057.529 INFO             PET0 PIOc_sync Enter - MemInfo: [/proc/meminfo - SSI]	CommittedPercent: 0.241125 %
20220312 054057.529 INFO             PET0 PIOc_sync Enter - MemInfo: [/proc/self/status]	VmPeak:	  653040 kB
20220312 054057.529 INFO             PET0 PIOc_sync Enter - MemInfo: [/proc/self/status]	VmSize:	  652984 kB
20220312 054057.529 INFO             PET0 PIOc_sync Enter - MemInfo: [/proc/self/status]	VmLck:	       0 kB
20220312 054057.529 INFO             PET0 PIOc_sync Enter - MemInfo: [/proc/self/status]	VmPin:	       0 kB
20220312 054057.529 INFO             PET0 PIOc_sync Enter - MemInfo: [/proc/self/status]	VmHWM:	   71212 kB
20220312 054057.529 INFO             PET0 PIOc_sync Enter - MemInfo: [/proc/self/status]	VmRSS:	   41004 kB
20220312 054057.529 INFO             PET0 PIOc_sync Enter - MemInfo: [/proc/self/status]	VmData:	  195528 kB
20220312 054057.529 INFO             PET0 PIOc_sync Enter - MemInfo: [/proc/self/status]	VmStk:	     144 kB
20220312 054057.529 INFO             PET0 PIOc_sync Enter - MemInfo: [/proc/self/status]	VmExe:	     324 kB
20220312 054057.529 INFO             PET0 PIOc_sync Enter - MemInfo: [/proc/self/status]	VmLib:	   82396 kB
20220312 054057.529 INFO             PET0 PIOc_sync Enter - MemInfo: [/proc/self/status]	VmPTE:	     936 kB
20220312 054057.529 INFO             PET0 PIOc_sync Enter - MemInfo: [/proc/self/status]	VmSwap:	       0 kB
20220312 054057.529 INFO             PET0 PIOc_sync Enter - MemInfo: [/proc/self/status]	VmRSSPercent: 0.0208732 %
20220312 054057.529 INFO             PET0 PIOc_sync Enter - MemInfo: [malloc] Non-mmapped space allocated:                12316672 Byte
20220312 054057.529 INFO             PET0 PIOc_sync Enter - MemInfo: [malloc] Space allocated in mmapped regions:          1581056 Byte
20220312 054057.529 INFO             PET0 PIOc_sync Enter - MemInfo: [malloc] Maximum total allocated space:                     0 Byte
20220312 054057.529 INFO             PET0 PIOc_sync Enter - MemInfo: [malloc] Space in freed fastbin blocks:                  1696 Byte
20220312 054057.529 INFO             PET0 PIOc_sync Enter - MemInfo: [malloc] Total allocated space:                      11993488 Byte
20220312 054057.529 INFO             PET0 PIOc_sync Enter - MemInfo: [malloc] Total free space:                             323184 Byte
20220312 054057.529 INFO             PET0 PIOc_sync Enter - MemInfo: [malloc] Top-most, releasable space:                   113152 Byte
20220312 054057.529 INFO             PET0 PIOc_sync Enter - MemInfo: [malloc] Total space in use, mmap + non-mmap:        13574544 Byte
20220312 054057.529 INFO             PET0 PIOc_sync Enter - MemInfo: [malloc] Total space held (mmap + non-mmap):         13897728 Byte
20220312 054057.529 INFO             PET0 PIOc_sync Enter - MemInfo: [malloc] Total space used (mmap + non-mmap):         13583888 Byte
20220312 054057.529 INFO             PET0 PIOc_sync Enter - MemInfo: Wall-clock time since execution start:              0.0355049 seconds
20220312 054057.529 INFO             PET0 PIOc_sync Exit - MemInfo: [/proc/meminfo - SSI]	MemTotal:       196442820 kB
20220312 054057.529 INFO             PET0 PIOc_sync Exit - MemInfo: [/proc/meminfo - SSI]	MemFree:        186910536 kB
20220312 054057.529 INFO             PET0 PIOc_sync Exit - MemInfo: [/proc/meminfo - SSI]	MemAvailable:   191734676 kB
20220312 054057.529 INFO             PET0 PIOc_sync Exit - MemInfo: [/proc/meminfo - SSI]	Committed_AS:     473672 kB
20220312 054057.529 INFO             PET0 PIOc_sync Exit - MemInfo: [/proc/meminfo - SSI]	CommittedPercent: 0.241125 %
20220312 054057.529 INFO             PET0 PIOc_sync Exit - MemInfo: [/proc/self/status]	VmPeak:	  653040 kB
20220312 054057.529 INFO             PET0 PIOc_sync Exit - MemInfo: [/proc/self/status]	VmSize:	  652984 kB
20220312 054057.529 INFO             PET0 PIOc_sync Exit - MemInfo: [/proc/self/status]	VmLck:	       0 kB
20220312 054057.529 INFO             PET0 PIOc_sync Exit - MemInfo: [/proc/self/status]	VmPin:	       0 kB
20220312 054057.529 INFO             PET0 PIOc_sync Exit - MemInfo: [/proc/self/status]	VmHWM:	   71212 kB
20220312 054057.529 INFO             PET0 PIOc_sync Exit - MemInfo: [/proc/self/status]	VmRSS:	   41004 kB
20220312 054057.529 INFO             PET0 PIOc_sync Exit - MemInfo: [/proc/self/status]	VmData:	  195528 kB
20220312 054057.529 INFO             PET0 PIOc_sync Exit - MemInfo: [/proc/self/status]	VmStk:	     144 kB
20220312 054057.530 INFO             PET0 PIOc_sync Exit - MemInfo: [/proc/self/status]	VmExe:	     324 kB
20220312 054057.530 INFO             PET0 PIOc_sync Exit - MemInfo: [/proc/self/status]	VmLib:	   82396 kB
20220312 054057.530 INFO             PET0 PIOc_sync Exit - MemInfo: [/proc/self/status]	VmPTE:	     936 kB
20220312 054057.530 INFO             PET0 PIOc_sync Exit - MemInfo: [/proc/self/status]	VmSwap:	       0 kB
20220312 054057.530 INFO             PET0 PIOc_sync Exit - MemInfo: [/proc/self/status]	VmRSSPercent: 0.0208732 %
20220312 054057.530 INFO             PET0 PIOc_sync Exit - MemInfo: [malloc] Non-mmapped space allocated:                12316672 Byte
20220312 054057.530 INFO             PET0 PIOc_sync Exit - MemInfo: [malloc] Space allocated in mmapped regions:          1581056 Byte
20220312 054057.530 INFO             PET0 PIOc_sync Exit - MemInfo: [malloc] Maximum total allocated space:                     0 Byte
20220312 054057.530 INFO             PET0 PIOc_sync Exit - MemInfo: [malloc] Space in freed fastbin blocks:                   464 Byte
20220312 054057.530 INFO             PET0 PIOc_sync Exit - MemInfo: [malloc] Total allocated space:                      11994096 Byte
20220312 054057.530 INFO             PET0 PIOc_sync Exit - MemInfo: [malloc] Total free space:                             322576 Byte
20220312 054057.530 INFO             PET0 PIOc_sync Exit - MemInfo: [malloc] Top-most, releasable space:                   113120 Byte
20220312 054057.530 INFO             PET0 PIOc_sync Exit - MemInfo: [malloc] Total space in use, mmap + non-mmap:        13575152 Byte
20220312 054057.530 INFO             PET0 PIOc_sync Exit - MemInfo: [malloc] Total space held (mmap + non-mmap):         13897728 Byte
20220312 054057.530 INFO             PET0 PIOc_sync Exit - MemInfo: [malloc] Total space used (mmap + non-mmap):         13584496 Byte
20220312 054057.530 INFO             PET0 PIOc_sync Exit - MemInfo: Wall-clock time since execution start:              0.0359117 seconds
20220312 054057.530 INFO             PET0 PIOc_freedecomp Enter - MemInfo: [/proc/meminfo - SSI]	MemTotal:       196442820 kB
20220312 054057.530 INFO             PET0 PIOc_freedecomp Enter - MemInfo: [/proc/meminfo - SSI]	MemFree:        186910536 kB
20220312 054057.530 INFO             PET0 PIOc_freedecomp Enter - MemInfo: [/proc/meminfo - SSI]	MemAvailable:   191734676 kB
20220312 054057.530 INFO             PET0 PIOc_freedecomp Enter - MemInfo: [/proc/meminfo - SSI]	Committed_AS:     473672 kB
20220312 054057.530 INFO             PET0 PIOc_freedecomp Enter - MemInfo: [/proc/meminfo - SSI]	CommittedPercent: 0.241125 %
20220312 054057.530 INFO             PET0 PIOc_freedecomp Enter - MemInfo: [/proc/self/status]	VmPeak:	  653040 kB
20220312 054057.530 INFO             PET0 PIOc_freedecomp Enter - MemInfo: [/proc/self/status]	VmSize:	  652984 kB
20220312 054057.530 INFO             PET0 PIOc_freedecomp Enter - MemInfo: [/proc/self/status]	VmLck:	       0 kB
20220312 054057.530 INFO             PET0 PIOc_freedecomp Enter - MemInfo: [/proc/self/status]	VmPin:	       0 kB
20220312 054057.530 INFO             PET0 PIOc_freedecomp Enter - MemInfo: [/proc/self/status]	VmHWM:	   71212 kB
20220312 054057.530 INFO             PET0 PIOc_freedecomp Enter - MemInfo: [/proc/self/status]	VmRSS:	   41004 kB
20220312 054057.530 INFO             PET0 PIOc_freedecomp Enter - MemInfo: [/proc/self/status]	VmData:	  195528 kB
20220312 054057.530 INFO             PET0 PIOc_freedecomp Enter - MemInfo: [/proc/self/status]	VmStk:	     144 kB
20220312 054057.530 INFO             PET0 PIOc_freedecomp Enter - MemInfo: [/proc/self/status]	VmExe:	     324 kB
20220312 054057.530 INFO             PET0 PIOc_freedecomp Enter - MemInfo: [/proc/self/status]	VmLib:	   82396 kB
20220312 054057.530 INFO             PET0 PIOc_freedecomp Enter - MemInfo: [/proc/self/status]	VmPTE:	     936 kB
20220312 054057.530 INFO             PET0 PIOc_freedecomp Enter - MemInfo: [/proc/self/status]	VmSwap:	       0 kB
20220312 054057.530 INFO             PET0 PIOc_freedecomp Enter - MemInfo: [/proc/self/status]	VmRSSPercent: 0.0208732 %
20220312 054057.530 INFO             PET0 PIOc_freedecomp Enter - MemInfo: [malloc] Non-mmapped space allocated:                12316672 Byte
20220312 054057.530 INFO             PET0 PIOc_freedecomp Enter - MemInfo: [malloc] Space allocated in mmapped regions:          1581056 Byte
20220312 054057.530 INFO             PET0 PIOc_freedecomp Enter - MemInfo: [malloc] Maximum total allocated space:                     0 Byte
20220312 054057.530 INFO             PET0 PIOc_freedecomp Enter - MemInfo: [malloc] Space in freed fastbin blocks:                  1120 Byte
20220312 054057.530 INFO             PET0 PIOc_freedecomp Enter - MemInfo: [malloc] Total allocated space:                       3067104 Byte
20220312 054057.530 INFO             PET0 PIOc_freedecomp Enter - MemInfo: [malloc] Total free space:                            9249568 Byte
20220312 054057.530 INFO             PET0 PIOc_freedecomp Enter - MemInfo: [malloc] Top-most, releasable space:                   113120 Byte
20220312 054057.530 INFO             PET0 PIOc_freedecomp Enter - MemInfo: [malloc] Total space in use, mmap + non-mmap:         4648160 Byte
20220312 054057.530 INFO             PET0 PIOc_freedecomp Enter - MemInfo: [malloc] Total space held (mmap + non-mmap):         13897728 Byte
20220312 054057.530 INFO             PET0 PIOc_freedecomp Enter - MemInfo: [malloc] Total space used (mmap + non-mmap):          4657504 Byte
20220312 054057.530 INFO             PET0 PIOc_freedecomp Enter - MemInfo: Wall-clock time since execution start:              0.0364379 seconds
20220312 054057.530 INFO             PET0 PIOc_freedecomp Exit - MemInfo: [/proc/meminfo - SSI]	MemTotal:       196442820 kB
20220312 054057.530 INFO             PET0 PIOc_freedecomp Exit - MemInfo: [/proc/meminfo - SSI]	MemFree:        186910536 kB
20220312 054057.530 INFO             PET0 PIOc_freedecomp Exit - MemInfo: [/proc/meminfo - SSI]	MemAvailable:   191734676 kB
20220312 054057.530 INFO             PET0 PIOc_freedecomp Exit - MemInfo: [/proc/meminfo - SSI]	Committed_AS:     473672 kB
20220312 054057.530 INFO             PET0 PIOc_freedecomp Exit - MemInfo: [/proc/meminfo - SSI]	CommittedPercent: 0.241125 %
20220312 054057.530 INFO             PET0 PIOc_freedecomp Exit - MemInfo: [/proc/self/status]	VmPeak:	  653040 kB
20220312 054057.530 INFO             PET0 PIOc_freedecomp Exit - MemInfo: [/proc/self/status]	VmSize:	  652984 kB
20220312 054057.530 INFO             PET0 PIOc_freedecomp Exit - MemInfo: [/proc/self/status]	VmLck:	       0 kB
20220312 054057.530 INFO             PET0 PIOc_freedecomp Exit - MemInfo: [/proc/self/status]	VmPin:	       0 kB
20220312 054057.530 INFO             PET0 PIOc_freedecomp Exit - MemInfo: [/proc/self/status]	VmHWM:	   71212 kB
20220312 054057.530 INFO             PET0 PIOc_freedecomp Exit - MemInfo: [/proc/self/status]	VmRSS:	   41004 kB
20220312 054057.530 INFO             PET0 PIOc_freedecomp Exit - MemInfo: [/proc/self/status]	VmData:	  195528 kB
20220312 054057.530 INFO             PET0 PIOc_freedecomp Exit - MemInfo: [/proc/self/status]	VmStk:	     144 kB
20220312 054057.530 INFO             PET0 PIOc_freedecomp Exit - MemInfo: [/proc/self/status]	VmExe:	     324 kB
20220312 054057.530 INFO             PET0 PIOc_freedecomp Exit - MemInfo: [/proc/self/status]	VmLib:	   82396 kB
20220312 054057.530 INFO             PET0 PIOc_freedecomp Exit - MemInfo: [/proc/self/status]	VmPTE:	     936 kB
20220312 054057.530 INFO             PET0 PIOc_freedecomp Exit - MemInfo: [/proc/self/status]	VmSwap:	       0 kB
20220312 054057.530 INFO             PET0 PIOc_freedecomp Exit - MemInfo: [/proc/self/status]	VmRSSPercent: 0.0208732 %
20220312 054057.530 INFO             PET0 PIOc_freedecomp Exit - MemInfo: [malloc] Non-mmapped space allocated:                12316672 Byte
20220312 054057.530 INFO             PET0 PIOc_freedecomp Exit - MemInfo: [malloc] Space allocated in mmapped regions:          1581056 Byte
20220312 054057.530 INFO             PET0 PIOc_freedecomp Exit - MemInfo: [malloc] Maximum total allocated space:                     0 Byte
20220312 054057.530 INFO             PET0 PIOc_freedecomp Exit - MemInfo: [malloc] Space in freed fastbin blocks:                  2624 Byte
20220312 054057.530 INFO             PET0 PIOc_freedecomp Exit - MemInfo: [malloc] Total allocated space:                       3064448 Byte
20220312 054057.530 INFO             PET0 PIOc_freedecomp Exit - MemInfo: [malloc] Total free space:                            9252224 Byte
20220312 054057.530 INFO             PET0 PIOc_freedecomp Exit - MemInfo: [malloc] Top-most, releasable space:                   113120 Byte
20220312 054057.530 INFO             PET0 PIOc_freedecomp Exit - MemInfo: [malloc] Total space in use, mmap + non-mmap:         4645504 Byte
20220312 054057.530 INFO             PET0 PIOc_freedecomp Exit - MemInfo: [malloc] Total space held (mmap + non-mmap):         13897728 Byte
20220312 054057.531 INFO             PET0 PIOc_freedecomp Exit - MemInfo: [malloc] Total space used (mmap + non-mmap):          4654848 Byte
20220312 054057.531 INFO             PET0 PIOc_freedecomp Exit - MemInfo: Wall-clock time since execution start:              0.0367973 seconds
20220312 054057.532 INFO             PET0 PIOc_sync Enter - MemInfo: [/proc/meminfo - SSI]	MemTotal:       196442820 kB
20220312 054057.532 INFO             PET0 PIOc_sync Enter - MemInfo: [/proc/meminfo - SSI]	MemFree:        186910536 kB
20220312 054057.532 INFO             PET0 PIOc_sync Enter - MemInfo: [/proc/meminfo - SSI]	MemAvailable:   191734676 kB
20220312 054057.532 INFO             PET0 PIOc_sync Enter - MemInfo: [/proc/meminfo - SSI]	Committed_AS:     473672 kB
20220312 054057.532 INFO             PET0 PIOc_sync Enter - MemInfo: [/proc/meminfo - SSI]	CommittedPercent: 0.241125 %
20220312 054057.532 INFO             PET0 PIOc_sync Enter - MemInfo: [/proc/self/status]	VmPeak:	  653040 kB
20220312 054057.532 INFO             PET0 PIOc_sync Enter - MemInfo: [/proc/self/status]	VmSize:	  652984 kB
20220312 054057.532 INFO             PET0 PIOc_sync Enter - MemInfo: [/proc/self/status]	VmLck:	       0 kB
20220312 054057.532 INFO             PET0 PIOc_sync Enter - MemInfo: [/proc/self/status]	VmPin:	       0 kB
20220312 054057.532 INFO             PET0 PIOc_sync Enter - MemInfo: [/proc/self/status]	VmHWM:	   71212 kB
20220312 054057.532 INFO             PET0 PIOc_sync Enter - MemInfo: [/proc/self/status]	VmRSS:	   41004 kB
20220312 054057.532 INFO             PET0 PIOc_sync Enter - MemInfo: [/proc/self/status]	VmData:	  195528 kB
20220312 054057.532 INFO             PET0 PIOc_sync Enter - MemInfo: [/proc/self/status]	VmStk:	     144 kB
20220312 054057.532 INFO             PET0 PIOc_sync Enter - MemInfo: [/proc/self/status]	VmExe:	     324 kB
20220312 054057.532 INFO             PET0 PIOc_sync Enter - MemInfo: [/proc/self/status]	VmLib:	   82396 kB
20220312 054057.532 INFO             PET0 PIOc_sync Enter - MemInfo: [/proc/self/status]	VmPTE:	     936 kB
20220312 054057.532 INFO             PET0 PIOc_sync Enter - MemInfo: [/proc/self/status]	VmSwap:	       0 kB
20220312 054057.532 INFO             PET0 PIOc_sync Enter - MemInfo: [/proc/self/status]	VmRSSPercent: 0.0208732 %
20220312 054057.532 INFO             PET0 PIOc_sync Enter - MemInfo: [malloc] Non-mmapped space allocated:                12316672 Byte
20220312 054057.532 INFO             PET0 PIOc_sync Enter - MemInfo: [malloc] Space allocated in mmapped regions:          1581056 Byte
20220312 054057.532 INFO             PET0 PIOc_sync Enter - MemInfo: [malloc] Maximum total allocated space:                     0 Byte
20220312 054057.532 INFO             PET0 PIOc_sync Enter - MemInfo: [malloc] Space in freed fastbin blocks:                  2048 Byte
20220312 054057.532 INFO             PET0 PIOc_sync Enter - MemInfo: [malloc] Total allocated space:                      11994224 Byte
20220312 054057.532 INFO             PET0 PIOc_sync Enter - MemInfo: [malloc] Total free space:                             322448 Byte
20220312 054057.532 INFO             PET0 PIOc_sync Enter - MemInfo: [malloc] Top-most, releasable space:                   112064 Byte
20220312 054057.532 INFO             PET0 PIOc_sync Enter - MemInfo: [malloc] Total space in use, mmap + non-mmap:        13575280 Byte
20220312 054057.532 INFO             PET0 PIOc_sync Enter - MemInfo: [malloc] Total space held (mmap + non-mmap):         13897728 Byte
20220312 054057.532 INFO             PET0 PIOc_sync Enter - MemInfo: [malloc] Total space used (mmap + non-mmap):         13584624 Byte
20220312 054057.532 INFO             PET0 PIOc_sync Enter - MemInfo: Wall-clock time since execution start:              0.0383416 seconds
20220312 054057.532 INFO             PET0 PIOc_sync Exit - MemInfo: [/proc/meminfo - SSI]	MemTotal:       196442820 kB
20220312 054057.532 INFO             PET0 PIOc_sync Exit - MemInfo: [/proc/meminfo - SSI]	MemFree:        186910536 kB
20220312 054057.532 INFO             PET0 PIOc_sync Exit - MemInfo: [/proc/meminfo - SSI]	MemAvailable:   191734676 kB
20220312 054057.532 INFO             PET0 PIOc_sync Exit - MemInfo: [/proc/meminfo - SSI]	Committed_AS:     473672 kB
20220312 054057.532 INFO             PET0 PIOc_sync Exit - MemInfo: [/proc/meminfo - SSI]	CommittedPercent: 0.241125 %
20220312 054057.532 INFO             PET0 PIOc_sync Exit - MemInfo: [/proc/self/status]	VmPeak:	  653040 kB
20220312 054057.532 INFO             PET0 PIOc_sync Exit - MemInfo: [/proc/self/status]	VmSize:	  652984 kB
20220312 054057.532 INFO             PET0 PIOc_sync Exit - MemInfo: [/proc/self/status]	VmLck:	       0 kB
20220312 054057.532 INFO             PET0 PIOc_sync Exit - MemInfo: [/proc/self/status]	VmPin:	       0 kB
20220312 054057.532 INFO             PET0 PIOc_sync Exit - MemInfo: [/proc/self/status]	VmHWM:	   71212 kB
20220312 054057.532 INFO             PET0 PIOc_sync Exit - MemInfo: [/proc/self/status]	VmRSS:	   41004 kB
20220312 054057.532 INFO             PET0 PIOc_sync Exit - MemInfo: [/proc/self/status]	VmData:	  195528 kB
20220312 054057.532 INFO             PET0 PIOc_sync Exit - MemInfo: [/proc/self/status]	VmStk:	     144 kB
20220312 054057.532 INFO             PET0 PIOc_sync Exit - MemInfo: [/proc/self/status]	VmExe:	     324 kB
20220312 054057.532 INFO             PET0 PIOc_sync Exit - MemInfo: [/proc/self/status]	VmLib:	   82396 kB
20220312 054057.532 INFO             PET0 PIOc_sync Exit - MemInfo: [/proc/self/status]	VmPTE:	     936 kB
20220312 054057.532 INFO             PET0 PIOc_sync Exit - MemInfo: [/proc/self/status]	VmSwap:	       0 kB
20220312 054057.532 INFO             PET0 PIOc_sync Exit - MemInfo: [/proc/self/status]	VmRSSPercent: 0.0208732 %
20220312 054057.532 INFO             PET0 PIOc_sync Exit - MemInfo: [malloc] Non-mmapped space allocated:                12316672 Byte
20220312 054057.532 INFO             PET0 PIOc_sync Exit - MemInfo: [malloc] Space allocated in mmapped regions:          1581056 Byte
20220312 054057.532 INFO             PET0 PIOc_sync Exit - MemInfo: [malloc] Maximum total allocated space:                     0 Byte
20220312 054057.532 INFO             PET0 PIOc_sync Exit - MemInfo: [malloc] Space in freed fastbin blocks:                   464 Byte
20220312 054057.532 INFO             PET0 PIOc_sync Exit - MemInfo: [malloc] Total allocated space:                      11994880 Byte
20220312 054057.532 INFO             PET0 PIOc_sync Exit - MemInfo: [malloc] Total free space:                             321792 Byte
20220312 054057.532 INFO             PET0 PIOc_sync Exit - MemInfo: [malloc] Top-most, releasable space:                   112560 Byte
20220312 054057.532 INFO             PET0 PIOc_sync Exit - MemInfo: [malloc] Total space in use, mmap + non-mmap:        13575936 Byte
20220312 054057.532 INFO             PET0 PIOc_sync Exit - MemInfo: [malloc] Total space held (mmap + non-mmap):         13897728 Byte
20220312 054057.532 INFO             PET0 PIOc_sync Exit - MemInfo: [malloc] Total space used (mmap + non-mmap):         13585280 Byte
20220312 054057.532 INFO             PET0 PIOc_sync Exit - MemInfo: Wall-clock time since execution start:               0.038738 seconds
20220312 054057.533 INFO             PET0 PIOc_freedecomp Enter - MemInfo: [/proc/meminfo - SSI]	MemTotal:       196442820 kB
20220312 054057.533 INFO             PET0 PIOc_freedecomp Enter - MemInfo: [/proc/meminfo - SSI]	MemFree:        186910536 kB
20220312 054057.533 INFO             PET0 PIOc_freedecomp Enter - MemInfo: [/proc/meminfo - SSI]	MemAvailable:   191734676 kB
20220312 054057.533 INFO             PET0 PIOc_freedecomp Enter - MemInfo: [/proc/meminfo - SSI]	Committed_AS:     473672 kB
20220312 054057.533 INFO             PET0 PIOc_freedecomp Enter - MemInfo: [/proc/meminfo - SSI]	CommittedPercent: 0.241125 %
20220312 054057.533 INFO             PET0 PIOc_freedecomp Enter - MemInfo: [/proc/self/status]	VmPeak:	  653040 kB
20220312 054057.533 INFO             PET0 PIOc_freedecomp Enter - MemInfo: [/proc/self/status]	VmSize:	  652984 kB
20220312 054057.533 INFO             PET0 PIOc_freedecomp Enter - MemInfo: [/proc/self/status]	VmLck:	       0 kB
20220312 054057.533 INFO             PET0 PIOc_freedecomp Enter - MemInfo: [/proc/self/status]	VmPin:	       0 kB
20220312 054057.533 INFO             PET0 PIOc_freedecomp Enter - MemInfo: [/proc/self/status]	VmHWM:	   71212 kB
20220312 054057.533 INFO             PET0 PIOc_freedecomp Enter - MemInfo: [/proc/self/status]	VmRSS:	   41004 kB
20220312 054057.533 INFO             PET0 PIOc_freedecomp Enter - MemInfo: [/proc/self/status]	VmData:	  195528 kB
20220312 054057.533 INFO             PET0 PIOc_freedecomp Enter - MemInfo: [/proc/self/status]	VmStk:	     144 kB
20220312 054057.533 INFO             PET0 PIOc_freedecomp Enter - MemInfo: [/proc/self/status]	VmExe:	     324 kB
20220312 054057.533 INFO             PET0 PIOc_freedecomp Enter - MemInfo: [/proc/self/status]	VmLib:	   82396 kB
20220312 054057.533 INFO             PET0 PIOc_freedecomp Enter - MemInfo: [/proc/self/status]	VmPTE:	     936 kB
20220312 054057.533 INFO             PET0 PIOc_freedecomp Enter - MemInfo: [/proc/self/status]	VmSwap:	       0 kB
20220312 054057.533 INFO             PET0 PIOc_freedecomp Enter - MemInfo: [/proc/self/status]	VmRSSPercent: 0.0208732 %
20220312 054057.533 INFO             PET0 PIOc_freedecomp Enter - MemInfo: [malloc] Non-mmapped space allocated:                12316672 Byte
20220312 054057.533 INFO             PET0 PIOc_freedecomp Enter - MemInfo: [malloc] Space allocated in mmapped regions:          1581056 Byte
20220312 054057.533 INFO             PET0 PIOc_freedecomp Enter - MemInfo: [malloc] Maximum total allocated space:                     0 Byte
20220312 054057.533 INFO             PET0 PIOc_freedecomp Enter - MemInfo: [malloc] Space in freed fastbin blocks:                  1120 Byte
20220312 054057.533 INFO             PET0 PIOc_freedecomp Enter - MemInfo: [malloc] Total allocated space:                       3067152 Byte
20220312 054057.533 INFO             PET0 PIOc_freedecomp Enter - MemInfo: [malloc] Total free space:                            9249520 Byte
20220312 054057.533 INFO             PET0 PIOc_freedecomp Enter - MemInfo: [malloc] Top-most, releasable space:                   112560 Byte
20220312 054057.533 INFO             PET0 PIOc_freedecomp Enter - MemInfo: [malloc] Total space in use, mmap + non-mmap:         4648208 Byte
20220312 054057.533 INFO             PET0 PIOc_freedecomp Enter - MemInfo: [malloc] Total space held (mmap + non-mmap):         13897728 Byte
20220312 054057.533 INFO             PET0 PIOc_freedecomp Enter - MemInfo: [malloc] Total space used (mmap + non-mmap):          4657552 Byte
20220312 054057.533 INFO             PET0 PIOc_freedecomp Enter - MemInfo: Wall-clock time since execution start:              0.0392956 seconds
20220312 054057.533 INFO             PET0 PIOc_freedecomp Exit - MemInfo: [/proc/meminfo - SSI]	MemTotal:       196442820 kB
20220312 054057.533 INFO             PET0 PIOc_freedecomp Exit - MemInfo: [/proc/meminfo - SSI]	MemFree:        186910536 kB
20220312 054057.533 INFO             PET0 PIOc_freedecomp Exit - MemInfo: [/proc/meminfo - SSI]	MemAvailable:   191734676 kB
20220312 054057.533 INFO             PET0 PIOc_freedecomp Exit - MemInfo: [/proc/meminfo - SSI]	Committed_AS:     473672 kB
20220312 054057.533 INFO             PET0 PIOc_freedecomp Exit - MemInfo: [/proc/meminfo - SSI]	CommittedPercent: 0.241125 %
20220312 054057.533 INFO             PET0 PIOc_freedecomp Exit - MemInfo: [/proc/self/status]	VmPeak:	  653040 kB
20220312 054057.533 INFO             PET0 PIOc_freedecomp Exit - MemInfo: [/proc/self/status]	VmSize:	  652984 kB
20220312 054057.533 INFO             PET0 PIOc_freedecomp Exit - MemInfo: [/proc/self/status]	VmLck:	       0 kB
20220312 054057.533 INFO             PET0 PIOc_freedecomp Exit - MemInfo: [/proc/self/status]	VmPin:	       0 kB
20220312 054057.533 INFO             PET0 PIOc_freedecomp Exit - MemInfo: [/proc/self/status]	VmHWM:	   71212 kB
20220312 054057.533 INFO             PET0 PIOc_freedecomp Exit - MemInfo: [/proc/self/status]	VmRSS:	   41004 kB
20220312 054057.533 INFO             PET0 PIOc_freedecomp Exit - MemInfo: [/proc/self/status]	VmData:	  195528 kB
20220312 054057.533 INFO             PET0 PIOc_freedecomp Exit - MemInfo: [/proc/self/status]	VmStk:	     144 kB
20220312 054057.533 INFO             PET0 PIOc_freedecomp Exit - MemInfo: [/proc/self/status]	VmExe:	     324 kB
20220312 054057.533 INFO             PET0 PIOc_freedecomp Exit - MemInfo: [/proc/self/status]	VmLib:	   82396 kB
20220312 054057.533 INFO             PET0 PIOc_freedecomp Exit - MemInfo: [/proc/self/status]	VmPTE:	     936 kB
20220312 054057.533 INFO             PET0 PIOc_freedecomp Exit - MemInfo: [/proc/self/status]	VmSwap:	       0 kB
20220312 054057.533 INFO             PET0 PIOc_freedecomp Exit - MemInfo: [/proc/self/status]	VmRSSPercent: 0.0208732 %
20220312 054057.533 INFO             PET0 PIOc_freedecomp Exit - MemInfo: [malloc] Non-mmapped space allocated:                12316672 Byte
20220312 054057.533 INFO             PET0 PIOc_freedecomp Exit - MemInfo: [malloc] Space allocated in mmapped regions:          1581056 Byte
20220312 054057.533 INFO             PET0 PIOc_freedecomp Exit - MemInfo: [malloc] Maximum total allocated space:                     0 Byte
20220312 054057.533 INFO             PET0 PIOc_freedecomp Exit - MemInfo: [malloc] Space in freed fastbin blocks:                  1152 Byte
20220312 054057.533 INFO             PET0 PIOc_freedecomp Exit - MemInfo: [malloc] Total allocated space:                       3064448 Byte
20220312 054057.533 INFO             PET0 PIOc_freedecomp Exit - MemInfo: [malloc] Total free space:                            9252224 Byte
20220312 054057.533 INFO             PET0 PIOc_freedecomp Exit - MemInfo: [malloc] Top-most, releasable space:                   115072 Byte
20220312 054057.533 INFO             PET0 PIOc_freedecomp Exit - MemInfo: [malloc] Total space in use, mmap + non-mmap:         4645504 Byte
20220312 054057.533 INFO             PET0 PIOc_freedecomp Exit - MemInfo: [malloc] Total space held (mmap + non-mmap):         13897728 Byte
20220312 054057.533 INFO             PET0 PIOc_freedecomp Exit - MemInfo: [malloc] Total space used (mmap + non-mmap):          4654848 Byte
20220312 054057.533 INFO             PET0 PIOc_freedecomp Exit - MemInfo: Wall-clock time since execution start:              0.0396683 seconds
20220312 054057.535 INFO             PET0 PIOc_sync Enter - MemInfo: [/proc/meminfo - SSI]	MemTotal:       196442820 kB
20220312 054057.535 INFO             PET0 PIOc_sync Enter - MemInfo: [/proc/meminfo - SSI]	MemFree:        186910536 kB
20220312 054057.535 INFO             PET0 PIOc_sync Enter - MemInfo: [/proc/meminfo - SSI]	MemAvailable:   191734676 kB
20220312 054057.535 INFO             PET0 PIOc_sync Enter - MemInfo: [/proc/meminfo - SSI]	Committed_AS:     473672 kB
20220312 054057.535 INFO             PET0 PIOc_sync Enter - MemInfo: [/proc/meminfo - SSI]	CommittedPercent: 0.241125 %
20220312 054057.535 INFO             PET0 PIOc_sync Enter - MemInfo: [/proc/self/status]	VmPeak:	  653040 kB
20220312 054057.535 INFO             PET0 PIOc_sync Enter - MemInfo: [/proc/self/status]	VmSize:	  652984 kB
20220312 054057.535 INFO             PET0 PIOc_sync Enter - MemInfo: [/proc/self/status]	VmLck:	       0 kB
20220312 054057.535 INFO             PET0 PIOc_sync Enter - MemInfo: [/proc/self/status]	VmPin:	       0 kB
20220312 054057.535 INFO             PET0 PIOc_sync Enter - MemInfo: [/proc/self/status]	VmHWM:	   71212 kB
20220312 054057.535 INFO             PET0 PIOc_sync Enter - MemInfo: [/proc/self/status]	VmRSS:	   41004 kB
20220312 054057.535 INFO             PET0 PIOc_sync Enter - MemInfo: [/proc/self/status]	VmData:	  195528 kB
20220312 054057.535 INFO             PET0 PIOc_sync Enter - MemInfo: [/proc/self/status]	VmStk:	     144 kB
20220312 054057.535 INFO             PET0 PIOc_sync Enter - MemInfo: [/proc/self/status]	VmExe:	     324 kB
20220312 054057.535 INFO             PET0 PIOc_sync Enter - MemInfo: [/proc/self/status]	VmLib:	   82396 kB
20220312 054057.535 INFO             PET0 PIOc_sync Enter - MemInfo: [/proc/self/status]	VmPTE:	     936 kB
20220312 054057.535 INFO             PET0 PIOc_sync Enter - MemInfo: [/proc/self/status]	VmSwap:	       0 kB
20220312 054057.535 INFO             PET0 PIOc_sync Enter - MemInfo: [/proc/self/status]	VmRSSPercent: 0.0208732 %
20220312 054057.535 INFO             PET0 PIOc_sync Enter - MemInfo: [malloc] Non-mmapped space allocated:                12316672 Byte
20220312 054057.535 INFO             PET0 PIOc_sync Enter - MemInfo: [malloc] Space allocated in mmapped regions:          1581056 Byte
20220312 054057.535 INFO             PET0 PIOc_sync Enter - MemInfo: [malloc] Maximum total allocated space:                     0 Byte
20220312 054057.535 INFO             PET0 PIOc_sync Enter - MemInfo: [malloc] Space in freed fastbin blocks:                  2496 Byte
20220312 054057.535 INFO             PET0 PIOc_sync Enter - MemInfo: [malloc] Total allocated space:                      11994960 Byte
20220312 054057.535 INFO             PET0 PIOc_sync Enter - MemInfo: [malloc] Total free space:                             321712 Byte
20220312 054057.535 INFO             PET0 PIOc_sync Enter - MemInfo: [malloc] Top-most, releasable space:                   110720 Byte
20220312 054057.535 INFO             PET0 PIOc_sync Enter - MemInfo: [malloc] Total space in use, mmap + non-mmap:        13576016 Byte
20220312 054057.535 INFO             PET0 PIOc_sync Enter - MemInfo: [malloc] Total space held (mmap + non-mmap):         13897728 Byte
20220312 054057.535 INFO             PET0 PIOc_sync Enter - MemInfo: [malloc] Total space used (mmap + non-mmap):         13585360 Byte
20220312 054057.535 INFO             PET0 PIOc_sync Enter - MemInfo: Wall-clock time since execution start:              0.0411144 seconds
20220312 054057.535 INFO             PET0 PIOc_sync Exit - MemInfo: [/proc/meminfo - SSI]	MemTotal:       196442820 kB
20220312 054057.535 INFO             PET0 PIOc_sync Exit - MemInfo: [/proc/meminfo - SSI]	MemFree:        186910536 kB
20220312 054057.535 INFO             PET0 PIOc_sync Exit - MemInfo: [/proc/meminfo - SSI]	MemAvailable:   191734676 kB
20220312 054057.535 INFO             PET0 PIOc_sync Exit - MemInfo: [/proc/meminfo - SSI]	Committed_AS:     473672 kB
20220312 054057.535 INFO             PET0 PIOc_sync Exit - MemInfo: [/proc/meminfo - SSI]	CommittedPercent: 0.241125 %
20220312 054057.535 INFO             PET0 PIOc_sync Exit - MemInfo: [/proc/self/status]	VmPeak:	  653040 kB
20220312 054057.535 INFO             PET0 PIOc_sync Exit - MemInfo: [/proc/self/status]	VmSize:	  652984 kB
20220312 054057.535 INFO             PET0 PIOc_sync Exit - MemInfo: [/proc/self/status]	VmLck:	       0 kB
20220312 054057.535 INFO             PET0 PIOc_sync Exit - MemInfo: [/proc/self/status]	VmPin:	       0 kB
20220312 054057.535 INFO             PET0 PIOc_sync Exit - MemInfo: [/proc/self/status]	VmHWM:	   71212 kB
20220312 054057.535 INFO             PET0 PIOc_sync Exit - MemInfo: [/proc/self/status]	VmRSS:	   41008 kB
20220312 054057.535 INFO             PET0 PIOc_sync Exit - MemInfo: [/proc/self/status]	VmData:	  195528 kB
20220312 054057.535 INFO             PET0 PIOc_sync Exit - MemInfo: [/proc/self/status]	VmStk:	     144 kB
20220312 054057.535 INFO             PET0 PIOc_sync Exit - MemInfo: [/proc/self/status]	VmExe:	     324 kB
20220312 054057.535 INFO             PET0 PIOc_sync Exit - MemInfo: [/proc/self/status]	VmLib:	   82396 kB
20220312 054057.535 INFO             PET0 PIOc_sync Exit - MemInfo: [/proc/self/status]	VmPTE:	     936 kB
20220312 054057.535 INFO             PET0 PIOc_sync Exit - MemInfo: [/proc/self/status]	VmSwap:	       0 kB
20220312 054057.535 INFO             PET0 PIOc_sync Exit - MemInfo: [/proc/self/status]	VmRSSPercent: 0.0208753 %
20220312 054057.535 INFO             PET0 PIOc_sync Exit - MemInfo: [malloc] Non-mmapped space allocated:                12316672 Byte
20220312 054057.535 INFO             PET0 PIOc_sync Exit - MemInfo: [malloc] Space allocated in mmapped regions:          1581056 Byte
20220312 054057.535 INFO             PET0 PIOc_sync Exit - MemInfo: [malloc] Maximum total allocated space:                     0 Byte
20220312 054057.535 INFO             PET0 PIOc_sync Exit - MemInfo: [malloc] Space in freed fastbin blocks:                  1360 Byte
20220312 054057.535 INFO             PET0 PIOc_sync Exit - MemInfo: [malloc] Total allocated space:                      11995568 Byte
20220312 054057.535 INFO             PET0 PIOc_sync Exit - MemInfo: [malloc] Total free space:                             321104 Byte
20220312 054057.535 INFO             PET0 PIOc_sync Exit - MemInfo: [malloc] Top-most, releasable space:                   110672 Byte
20220312 054057.535 INFO             PET0 PIOc_sync Exit - MemInfo: [malloc] Total space in use, mmap + non-mmap:        13576624 Byte
20220312 054057.535 INFO             PET0 PIOc_sync Exit - MemInfo: [malloc] Total space held (mmap + non-mmap):         13897728 Byte
20220312 054057.535 INFO             PET0 PIOc_sync Exit - MemInfo: [malloc] Total space used (mmap + non-mmap):         13585968 Byte
20220312 054057.535 INFO             PET0 PIOc_sync Exit - MemInfo: Wall-clock time since execution start:              0.0415201 seconds
20220312 054057.535 INFO             PET0 PIOc_freedecomp Enter - MemInfo: [/proc/meminfo - SSI]	MemTotal:       196442820 kB
20220312 054057.536 INFO             PET0 PIOc_freedecomp Enter - MemInfo: [/proc/meminfo - SSI]	MemFree:        186910536 kB
20220312 054057.536 INFO             PET0 PIOc_freedecomp Enter - MemInfo: [/proc/meminfo - SSI]	MemAvailable:   191734676 kB
20220312 054057.536 INFO             PET0 PIOc_freedecomp Enter - MemInfo: [/proc/meminfo - SSI]	Committed_AS:     473672 kB
20220312 054057.536 INFO             PET0 PIOc_freedecomp Enter - MemInfo: [/proc/meminfo - SSI]	CommittedPercent: 0.241125 %
20220312 054057.536 INFO             PET0 PIOc_freedecomp Enter - MemInfo: [/proc/self/status]	VmPeak:	  653040 kB
20220312 054057.536 INFO             PET0 PIOc_freedecomp Enter - MemInfo: [/proc/self/status]	VmSize:	  652984 kB
20220312 054057.536 INFO             PET0 PIOc_freedecomp Enter - MemInfo: [/proc/self/status]	VmLck:	       0 kB
20220312 054057.536 INFO             PET0 PIOc_freedecomp Enter - MemInfo: [/proc/self/status]	VmPin:	       0 kB
20220312 054057.536 INFO             PET0 PIOc_freedecomp Enter - MemInfo: [/proc/self/status]	VmHWM:	   71212 kB
20220312 054057.536 INFO             PET0 PIOc_freedecomp Enter - MemInfo: [/proc/self/status]	VmRSS:	   41008 kB
20220312 054057.536 INFO             PET0 PIOc_freedecomp Enter - MemInfo: [/proc/self/status]	VmData:	  195528 kB
20220312 054057.536 INFO             PET0 PIOc_freedecomp Enter - MemInfo: [/proc/self/status]	VmStk:	     144 kB
20220312 054057.536 INFO             PET0 PIOc_freedecomp Enter - MemInfo: [/proc/self/status]	VmExe:	     324 kB
20220312 054057.536 INFO             PET0 PIOc_freedecomp Enter - MemInfo: [/proc/self/status]	VmLib:	   82396 kB
20220312 054057.536 INFO             PET0 PIOc_freedecomp Enter - MemInfo: [/proc/self/status]	VmPTE:	     936 kB
20220312 054057.536 INFO             PET0 PIOc_freedecomp Enter - MemInfo: [/proc/self/status]	VmSwap:	       0 kB
20220312 054057.536 INFO             PET0 PIOc_freedecomp Enter - MemInfo: [/proc/self/status]	VmRSSPercent: 0.0208753 %
20220312 054057.536 INFO             PET0 PIOc_freedecomp Enter - MemInfo: [malloc] Non-mmapped space allocated:                12316672 Byte
20220312 054057.536 INFO             PET0 PIOc_freedecomp Enter - MemInfo: [malloc] Space allocated in mmapped regions:          1581056 Byte
20220312 054057.536 INFO             PET0 PIOc_freedecomp Enter - MemInfo: [malloc] Maximum total allocated space:                     0 Byte
20220312 054057.536 INFO             PET0 PIOc_freedecomp Enter - MemInfo: [malloc] Space in freed fastbin blocks:                  1072 Byte
20220312 054057.536 INFO             PET0 PIOc_freedecomp Enter - MemInfo: [malloc] Total allocated space:                       3067104 Byte
20220312 054057.536 INFO             PET0 PIOc_freedecomp Enter - MemInfo: [malloc] Total free space:                            9249568 Byte
20220312 054057.536 INFO             PET0 PIOc_freedecomp Enter - MemInfo: [malloc] Top-most, releasable space:                   113168 Byte
20220312 054057.536 INFO             PET0 PIOc_freedecomp Enter - MemInfo: [malloc] Total space in use, mmap + non-mmap:         4648160 Byte
