build time -- 2022-03-12 04:20:58
20220312 054101.150 INFO             PET0 !!!!!!!!!!!!!!!!!!!!!!!!!!!!!!!!!!!!!!!!!!!!!!!!!!!!!!
20220312 054101.150 INFO             PET0 !!! THE ESMF_LOG IS SET TO OUTPUT ALL LOG MESSAGES !!!
20220312 054101.150 INFO             PET0 !!!     THIS MAY CAUSE SLOWDOWN IN PERFORMANCE     !!!
20220312 054101.150 INFO             PET0 !!! FOR PRODUCTION RUNS, USE:                      !!!
20220312 054101.150 INFO             PET0 !!!                   ESMF_LOGKIND_Multi_On_Error  !!!
20220312 054101.150 INFO             PET0 !!!!!!!!!!!!!!!!!!!!!!!!!!!!!!!!!!!!!!!!!!!!!!!!!!!!!!
20220312 054101.150 INFO             PET0 Running with ESMF Version   : v8.3.0b09-96-g559b459
20220312 054101.150 INFO             PET0 ESMF library build date/time: "Mar 12 2022" "04:14:42"
20220312 054101.150 INFO             PET0 ESMF library build location : /work/noaa/da/mpotts/sandbox/gfortran_8.3.0_openmpi_g_jedwards_pio_update2
20220312 054101.150 INFO             PET0 ESMF_COMM                   : openmpi
20220312 054101.151 INFO             PET0 ESMF_MOAB                   : enabled
20220312 054101.151 INFO             PET0 ESMF_LAPACK                 : enabled
20220312 054101.151 INFO             PET0 ESMF_NETCDF                 : enabled
20220312 054101.151 INFO             PET0 ESMF_PNETCDF                : disabled
20220312 054101.151 INFO             PET0 ESMF_PIO                    : enabled
20220312 054101.151 INFO             PET0 ESMF_YAMLCPP                : enabled
20220312 054101.151 INFO             PET0 Beginning Test, file ESMC_FieldGridRegridCsrvUTest.C, line 69
20220312 054101.151 INFO             PET0 Beginning Test, file ESMC_FieldGridRegridCsrvUTest.C, line 69NUMBER_OF_PROCESSORS 1
20220312 054101.152 INFO             PET0 PASS GridCreate, ESMC_FieldGridRegridCsrvUTest.C, line 114
20220312 054101.153 INFO             PET0 PASS GridAddCoord, ESMC_FieldGridRegridCsrvUTest.C, line 130
20220312 054101.153 INFO             PET0 PASS GridAddItem, ESMC_FieldGridRegridCsrvUTest.C, line 140
20220312 054101.153 INFO             PET0 PASS GridGetItem - mask, ESMC_FieldGridRegridCsrvUTest.C, line 151
20220312 054101.153 INFO             PET0 PASS GridGetCoord - X, ESMC_FieldGridRegridCsrvUTest.C, line 176
20220312 054101.153 INFO             PET0 PASS GridGetCoord - Y, ESMC_FieldGridRegridCsrvUTest.C, line 199
20220312 054101.153 INFO             PET0 PASS GridGetCoord - X, ESMC_FieldGridRegridCsrvUTest.C, line 224
20220312 054101.153 INFO             PET0 PASS GridGetCoord - Y, ESMC_FieldGridRegridCsrvUTest.C, line 247
20220312 054101.153 INFO             PET0 PASS GridAddItem - area, ESMC_FieldGridRegridCsrvUTest.C, line 271
20220312 054101.153 INFO             PET0 PASS GridGetItem - area, ESMC_FieldGridRegridCsrvUTest.C, line 282
20220312 054101.153 INFO             PET0 PASS MeshCreate, ESMC_FieldGridRegridCsrvUTest.C, line 366
20220312 054101.154 INFO             PET0 PASS MeshAddNodes, ESMC_FieldGridRegridCsrvUTest.C, line 374
20220312 054101.156 INFO             PET0 PASS MeshAddElements, ESMC_FieldGridRegridCsrvUTest.C, line 388
20220312 054101.156 INFO             PET0 PASS MeshGetLocalNodeCount, ESMC_FieldGridRegridCsrvUTest.C, line 398
20220312 054101.156 INFO             PET0 PASS MeshGetLocalElementCount, ESMC_FieldGridRegridCsrvUTest.C, line 409
20220312 054101.156 INFO             PET0 PASS Create ESMC_Field object from a Grid via TypeKind, ESMC_FieldGridRegridCsrvUTest.C, line 424
20220312 054101.157 INFO             PET0 PASS Create ESMC_Field object from a Mesh via TypeKind, ESMC_FieldGridRegridCsrvUTest.C, line 433
20220312 054101.157 INFO             PET0 PASS Get a void * C pointer to data from ESMC_Field object, ESMC_FieldGridRegridCsrvUTest.C, line 446
20220312 054101.157 INFO             PET0 PASS Get a void * C pointer to data from ESMC_Field object, ESMC_FieldGridRegridCsrvUTest.C, line 470
20220312 054101.157 INFO             PET0 PASS Create an InterArray for maskValues in ESMC_FieldRegridStore(), ESMC_FieldGridRegridCsrvUTest.C, line 485
20220312 054101.163 INFO             PET0 PASS Create an ESMC_RouteHandle via ESMC_FieldRegridStore(), ESMC_FieldGridRegridCsrvUTest.C, line 510
20220312 054101.163 INFO             PET0 PASS Execute ESMC_FieldRegrid(), ESMC_FieldGridRegridCsrvUTest.C, line 518
20220312 054101.169 INFO             PET0 PIOc_sync Enter - MemInfo: [/proc/meminfo - SSI]	MemTotal:       196442820 kB
20220312 054101.169 INFO             PET0 PIOc_sync Enter - MemInfo: [/proc/meminfo - SSI]	MemFree:        186909140 kB
20220312 054101.169 INFO             PET0 PIOc_sync Enter - MemInfo: [/proc/meminfo - SSI]	MemAvailable:   191734028 kB
20220312 054101.169 INFO             PET0 PIOc_sync Enter - MemInfo: [/proc/meminfo - SSI]	Committed_AS:     470868 kB
20220312 054101.169 INFO             PET0 PIOc_sync Enter - MemInfo: [/proc/meminfo - SSI]	CommittedPercent: 0.239697 %
20220312 054101.169 INFO             PET0 PIOc_sync Enter - MemInfo: [/proc/self/status]	VmPeak:	  653040 kB
20220312 054101.169 INFO             PET0 PIOc_sync Enter - MemInfo: [/proc/self/status]	VmSize:	  653040 kB
20220312 054101.169 INFO             PET0 PIOc_sync Enter - MemInfo: [/proc/self/status]	VmLck:	       0 kB
20220312 054101.169 INFO             PET0 PIOc_sync Enter - MemInfo: [/proc/self/status]	VmPin:	       0 kB
20220312 054101.169 INFO             PET0 PIOc_sync Enter - MemInfo: [/proc/self/status]	VmHWM:	   71208 kB
20220312 054101.169 INFO             PET0 PIOc_sync Enter - MemInfo: [/proc/self/status]	VmRSS:	   40172 kB
20220312 054101.169 INFO             PET0 PIOc_sync Enter - MemInfo: [/proc/self/status]	VmData:	  195584 kB
20220312 054101.169 INFO             PET0 PIOc_sync Enter - MemInfo: [/proc/self/status]	VmStk:	     144 kB
20220312 054101.169 INFO             PET0 PIOc_sync Enter - MemInfo: [/proc/self/status]	VmExe:	     324 kB
20220312 054101.169 INFO             PET0 PIOc_sync Enter - MemInfo: [/proc/self/status]	VmLib:	   82396 kB
20220312 054101.169 INFO             PET0 PIOc_sync Enter - MemInfo: [/proc/self/status]	VmPTE:	     932 kB
20220312 054101.169 INFO             PET0 PIOc_sync Enter - MemInfo: [/proc/self/status]	VmSwap:	       0 kB
20220312 054101.169 INFO             PET0 PIOc_sync Enter - MemInfo: [/proc/self/status]	VmRSSPercent: 0.0204497 %
20220312 054101.169 INFO             PET0 PIOc_sync Enter - MemInfo: [malloc] Non-mmapped space allocated:                 3452928 Byte
20220312 054101.169 INFO             PET0 PIOc_sync Enter - MemInfo: [malloc] Space allocated in mmapped regions:         10502144 Byte
20220312 054101.169 INFO             PET0 PIOc_sync Enter - MemInfo: [malloc] Maximum total allocated space:                     0 Byte
20220312 054101.169 INFO             PET0 PIOc_sync Enter - MemInfo: [malloc] Space in freed fastbin blocks:                  1088 Byte
20220312 054101.169 INFO             PET0 PIOc_sync Enter - MemInfo: [malloc] Total allocated space:                       3098672 Byte
20220312 054101.169 INFO             PET0 PIOc_sync Enter - MemInfo: [malloc] Total free space:                             354256 Byte
20220312 054101.169 INFO             PET0 PIOc_sync Enter - MemInfo: [malloc] Top-most, releasable space:                   144880 Byte
20220312 054101.169 INFO             PET0 PIOc_sync Enter - MemInfo: [malloc] Total space in use, mmap + non-mmap:        13600816 Byte
20220312 054101.169 INFO             PET0 PIOc_sync Enter - MemInfo: [malloc] Total space held (mmap + non-mmap):         13955072 Byte
20220312 054101.169 INFO             PET0 PIOc_sync Enter - MemInfo: [malloc] Total space used (mmap + non-mmap):         13610160 Byte
20220312 054101.169 INFO             PET0 PIOc_sync Enter - MemInfo: Wall-clock time since execution start:              0.0214089 seconds
20220312 054101.169 INFO             PET0 PIOc_sync Exit - MemInfo: [/proc/meminfo - SSI]	MemTotal:       196442820 kB
20220312 054101.169 INFO             PET0 PIOc_sync Exit - MemInfo: [/proc/meminfo - SSI]	MemFree:        186909140 kB
20220312 054101.169 INFO             PET0 PIOc_sync Exit - MemInfo: [/proc/meminfo - SSI]	MemAvailable:   191734028 kB
20220312 054101.169 INFO             PET0 PIOc_sync Exit - MemInfo: [/proc/meminfo - SSI]	Committed_AS:     470868 kB
20220312 054101.169 INFO             PET0 PIOc_sync Exit - MemInfo: [/proc/meminfo - SSI]	CommittedPercent: 0.239697 %
20220312 054101.170 INFO             PET0 PIOc_sync Exit - MemInfo: [/proc/self/status]	VmPeak:	  653040 kB
20220312 054101.170 INFO             PET0 PIOc_sync Exit - MemInfo: [/proc/self/status]	VmSize:	  653040 kB
20220312 054101.170 INFO             PET0 PIOc_sync Exit - MemInfo: [/proc/self/status]	VmLck:	       0 kB
20220312 054101.170 INFO             PET0 PIOc_sync Exit - MemInfo: [/proc/self/status]	VmPin:	       0 kB
20220312 054101.170 INFO             PET0 PIOc_sync Exit - MemInfo: [/proc/self/status]	VmHWM:	   71208 kB
20220312 054101.170 INFO             PET0 PIOc_sync Exit - MemInfo: [/proc/self/status]	VmRSS:	   40292 kB
20220312 054101.170 INFO             PET0 PIOc_sync Exit - MemInfo: [/proc/self/status]	VmData:	  195584 kB
20220312 054101.170 INFO             PET0 PIOc_sync Exit - MemInfo: [/proc/self/status]	VmStk:	     144 kB
20220312 054101.170 INFO             PET0 PIOc_sync Exit - MemInfo: [/proc/self/status]	VmExe:	     324 kB
20220312 054101.170 INFO             PET0 PIOc_sync Exit - MemInfo: [/proc/self/status]	VmLib:	   82396 kB
20220312 054101.170 INFO             PET0 PIOc_sync Exit - MemInfo: [/proc/self/status]	VmPTE:	     932 kB
20220312 054101.170 INFO             PET0 PIOc_sync Exit - MemInfo: [/proc/self/status]	VmSwap:	       0 kB
20220312 054101.170 INFO             PET0 PIOc_sync Exit - MemInfo: [/proc/self/status]	VmRSSPercent: 0.0205108 %
20220312 054101.170 INFO             PET0 PIOc_sync Exit - MemInfo: [malloc] Non-mmapped space allocated:                 3452928 Byte
20220312 054101.170 INFO             PET0 PIOc_sync Exit - MemInfo: [malloc] Space allocated in mmapped regions:         10502144 Byte
20220312 054101.170 INFO             PET0 PIOc_sync Exit - MemInfo: [malloc] Maximum total allocated space:                     0 Byte
20220312 054101.170 INFO             PET0 PIOc_sync Exit - MemInfo: [malloc] Space in freed fastbin blocks:                   944 Byte
20220312 054101.170 INFO             PET0 PIOc_sync Exit - MemInfo: [malloc] Total allocated space:                       3099280 Byte
20220312 054101.170 INFO             PET0 PIOc_sync Exit - MemInfo: [malloc] Total free space:                             353648 Byte
20220312 054101.170 INFO             PET0 PIOc_sync Exit - MemInfo: [malloc] Top-most, releasable space:                   144272 Byte
20220312 054101.170 INFO             PET0 PIOc_sync Exit - MemInfo: [malloc] Total space in use, mmap + non-mmap:        13601424 Byte
20220312 054101.170 INFO             PET0 PIOc_sync Exit - MemInfo: [malloc] Total space held (mmap + non-mmap):         13955072 Byte
20220312 054101.170 INFO             PET0 PIOc_sync Exit - MemInfo: [malloc] Total space used (mmap + non-mmap):         13610768 Byte
20220312 054101.170 INFO             PET0 PIOc_sync Exit - MemInfo: Wall-clock time since execution start:              0.0218799 seconds
20220312 054101.170 INFO             PET0 PIOc_freedecomp Enter - MemInfo: [/proc/meminfo - SSI]	MemTotal:       196442820 kB
20220312 054101.170 INFO             PET0 PIOc_freedecomp Enter - MemInfo: [/proc/meminfo - SSI]	MemFree:        186916292 kB
20220312 054101.170 INFO             PET0 PIOc_freedecomp Enter - MemInfo: [/proc/meminfo - SSI]	MemAvailable:   191741180 kB
20220312 054101.170 INFO             PET0 PIOc_freedecomp Enter - MemInfo: [/proc/meminfo - SSI]	Committed_AS:     462672 kB
20220312 054101.170 INFO             PET0 PIOc_freedecomp Enter - MemInfo: [/proc/meminfo - SSI]	CommittedPercent: 0.235525 %
20220312 054101.170 INFO             PET0 PIOc_freedecomp Enter - MemInfo: [/proc/self/status]	VmPeak:	  653040 kB
20220312 054101.170 INFO             PET0 PIOc_freedecomp Enter - MemInfo: [/proc/self/status]	VmSize:	  644328 kB
20220312 054101.170 INFO             PET0 PIOc_freedecomp Enter - MemInfo: [/proc/self/status]	VmLck:	       0 kB
20220312 054101.170 INFO             PET0 PIOc_freedecomp Enter - MemInfo: [/proc/self/status]	VmPin:	       0 kB
20220312 054101.170 INFO             PET0 PIOc_freedecomp Enter - MemInfo: [/proc/self/status]	VmHWM:	   71208 kB
20220312 054101.170 INFO             PET0 PIOc_freedecomp Enter - MemInfo: [/proc/self/status]	VmRSS:	   32092 kB
20220312 054101.170 INFO             PET0 PIOc_freedecomp Enter - MemInfo: [/proc/self/status]	VmData:	  186872 kB
20220312 054101.170 INFO             PET0 PIOc_freedecomp Enter - MemInfo: [/proc/self/status]	VmStk:	     144 kB
20220312 054101.170 INFO             PET0 PIOc_freedecomp Enter - MemInfo: [/proc/self/status]	VmExe:	     324 kB
20220312 054101.170 INFO             PET0 PIOc_freedecomp Enter - MemInfo: [/proc/self/status]	VmLib:	   82396 kB
20220312 054101.170 INFO             PET0 PIOc_freedecomp Enter - MemInfo: [/proc/self/status]	VmPTE:	     916 kB
20220312 054101.170 INFO             PET0 PIOc_freedecomp Enter - MemInfo: [/proc/self/status]	VmSwap:	       0 kB
20220312 054101.170 INFO             PET0 PIOc_freedecomp Enter - MemInfo: [/proc/self/status]	VmRSSPercent: 0.0163366 %
20220312 054101.170 INFO             PET0 PIOc_freedecomp Enter - MemInfo: [malloc] Non-mmapped space allocated:                 3452928 Byte
20220312 054101.170 INFO             PET0 PIOc_freedecomp Enter - MemInfo: [malloc] Space allocated in mmapped regions:          1581056 Byte
20220312 054101.170 INFO             PET0 PIOc_freedecomp Enter - MemInfo: [malloc] Maximum total allocated space:                     0 Byte
20220312 054101.170 INFO             PET0 PIOc_freedecomp Enter - MemInfo: [malloc] Space in freed fastbin blocks:                  2512 Byte
20220312 054101.170 INFO             PET0 PIOc_freedecomp Enter - MemInfo: [malloc] Total allocated space:                       3085968 Byte
20220312 054101.170 INFO             PET0 PIOc_freedecomp Enter - MemInfo: [malloc] Total free space:                             366960 Byte
20220312 054101.170 INFO             PET0 PIOc_freedecomp Enter - MemInfo: [malloc] Top-most, releasable space:                   144016 Byte
20220312 054101.170 INFO             PET0 PIOc_freedecomp Enter - MemInfo: [malloc] Total space in use, mmap + non-mmap:         4667024 Byte
20220312 054101.170 INFO             PET0 PIOc_freedecomp Enter - MemInfo: [malloc] Total space held (mmap + non-mmap):          5033984 Byte
20220312 054101.170 INFO             PET0 PIOc_freedecomp Enter - MemInfo: [malloc] Total space used (mmap + non-mmap):          4676368 Byte
20220312 054101.170 INFO             PET0 PIOc_freedecomp Enter - MemInfo: Wall-clock time since execution start:              0.0226595 seconds
20220312 054101.171 INFO             PET0 PIOc_freedecomp Exit - MemInfo: [/proc/meminfo - SSI]	MemTotal:       196442820 kB
20220312 054101.171 INFO             PET0 PIOc_freedecomp Exit - MemInfo: [/proc/meminfo - SSI]	MemFree:        186916292 kB
20220312 054101.171 INFO             PET0 PIOc_freedecomp Exit - MemInfo: [/proc/meminfo - SSI]	MemAvailable:   191741180 kB
20220312 054101.171 INFO             PET0 PIOc_freedecomp Exit - MemInfo: [/proc/meminfo - SSI]	Committed_AS:     462672 kB
20220312 054101.171 INFO             PET0 PIOc_freedecomp Exit - MemInfo: [/proc/meminfo - SSI]	CommittedPercent: 0.235525 %
20220312 054101.171 INFO             PET0 PIOc_freedecomp Exit - MemInfo: [/proc/self/status]	VmPeak:	  653040 kB
20220312 054101.171 INFO             PET0 PIOc_freedecomp Exit - MemInfo: [/proc/self/status]	VmSize:	  644328 kB
20220312 054101.171 INFO             PET0 PIOc_freedecomp Exit - MemInfo: [/proc/self/status]	VmLck:	       0 kB
20220312 054101.171 INFO             PET0 PIOc_freedecomp Exit - MemInfo: [/proc/self/status]	VmPin:	       0 kB
20220312 054101.171 INFO             PET0 PIOc_freedecomp Exit - MemInfo: [/proc/self/status]	VmHWM:	   71208 kB
20220312 054101.171 INFO             PET0 PIOc_freedecomp Exit - MemInfo: [/proc/self/status]	VmRSS:	   32096 kB
20220312 054101.171 INFO             PET0 PIOc_freedecomp Exit - MemInfo: [/proc/self/status]	VmData:	  186872 kB
20220312 054101.171 INFO             PET0 PIOc_freedecomp Exit - MemInfo: [/proc/self/status]	VmStk:	     144 kB
20220312 054101.171 INFO             PET0 PIOc_freedecomp Exit - MemInfo: [/proc/self/status]	VmExe:	     324 kB
20220312 054101.171 INFO             PET0 PIOc_freedecomp Exit - MemInfo: [/proc/self/status]	VmLib:	   82396 kB
20220312 054101.171 INFO             PET0 PIOc_freedecomp Exit - MemInfo: [/proc/self/status]	VmPTE:	     916 kB
20220312 054101.171 INFO             PET0 PIOc_freedecomp Exit - MemInfo: [/proc/self/status]	VmSwap:	       0 kB
20220312 054101.171 INFO             PET0 PIOc_freedecomp Exit - MemInfo: [/proc/self/status]	VmRSSPercent: 0.0163386 %
20220312 054101.171 INFO             PET0 PIOc_freedecomp Exit - MemInfo: [malloc] Non-mmapped space allocated:                 3452928 Byte
20220312 054101.171 INFO             PET0 PIOc_freedecomp Exit - MemInfo: [malloc] Space allocated in mmapped regions:          1581056 Byte
20220312 054101.171 INFO             PET0 PIOc_freedecomp Exit - MemInfo: [malloc] Maximum total allocated space:                     0 Byte
20220312 054101.171 INFO             PET0 PIOc_freedecomp Exit - MemInfo: [malloc] Space in freed fastbin blocks:                  2256 Byte
20220312 054101.171 INFO             PET0 PIOc_freedecomp Exit - MemInfo: [malloc] Total allocated space:                       3083312 Byte
20220312 054101.171 INFO             PET0 PIOc_freedecomp Exit - MemInfo: [malloc] Total free space:                             369616 Byte
20220312 054101.171 INFO             PET0 PIOc_freedecomp Exit - MemInfo: [malloc] Top-most, releasable space:                   144432 Byte
20220312 054101.171 INFO             PET0 PIOc_freedecomp Exit - MemInfo: [malloc] Total space in use, mmap + non-mmap:         4664368 Byte
20220312 054101.171 INFO             PET0 PIOc_freedecomp Exit - MemInfo: [malloc] Total space held (mmap + non-mmap):          5033984 Byte
20220312 054101.171 INFO             PET0 PIOc_freedecomp Exit - MemInfo: [malloc] Total space used (mmap + non-mmap):          4673712 Byte
20220312 054101.171 INFO             PET0 PIOc_freedecomp Exit - MemInfo: Wall-clock time since execution start:              0.0230289 seconds
20220312 054101.173 INFO             PET0 PIOc_sync Enter - MemInfo: [/proc/meminfo - SSI]	MemTotal:       196442820 kB
20220312 054101.173 INFO             PET0 PIOc_sync Enter - MemInfo: [/proc/meminfo - SSI]	MemFree:        186910380 kB
20220312 054101.173 INFO             PET0 PIOc_sync Enter - MemInfo: [/proc/meminfo - SSI]	MemAvailable:   191735268 kB
20220312 054101.173 INFO             PET0 PIOc_sync Enter - MemInfo: [/proc/meminfo - SSI]	Committed_AS:     470832 kB
20220312 054101.173 INFO             PET0 PIOc_sync Enter - MemInfo: [/proc/meminfo - SSI]	CommittedPercent: 0.239679 %
20220312 054101.173 INFO             PET0 PIOc_sync Enter - MemInfo: [/proc/self/status]	VmPeak:	  653040 kB
20220312 054101.173 INFO             PET0 PIOc_sync Enter - MemInfo: [/proc/self/status]	VmSize:	  653004 kB
20220312 054101.173 INFO             PET0 PIOc_sync Enter - MemInfo: [/proc/self/status]	VmLck:	       0 kB
20220312 054101.173 INFO             PET0 PIOc_sync Enter - MemInfo: [/proc/self/status]	VmPin:	       0 kB
20220312 054101.173 INFO             PET0 PIOc_sync Enter - MemInfo: [/proc/self/status]	VmHWM:	   71208 kB
20220312 054101.173 INFO             PET0 PIOc_sync Enter - MemInfo: [/proc/self/status]	VmRSS:	   38480 kB
20220312 054101.173 INFO             PET0 PIOc_sync Enter - MemInfo: [/proc/self/status]	VmData:	  195548 kB
20220312 054101.173 INFO             PET0 PIOc_sync Enter - MemInfo: [/proc/self/status]	VmStk:	     144 kB
20220312 054101.173 INFO             PET0 PIOc_sync Enter - MemInfo: [/proc/self/status]	VmExe:	     324 kB
20220312 054101.173 INFO             PET0 PIOc_sync Enter - MemInfo: [/proc/self/status]	VmLib:	   82396 kB
20220312 054101.173 INFO             PET0 PIOc_sync Enter - MemInfo: [/proc/self/status]	VmPTE:	     928 kB
20220312 054101.173 INFO             PET0 PIOc_sync Enter - MemInfo: [/proc/self/status]	VmSwap:	       0 kB
20220312 054101.173 INFO             PET0 PIOc_sync Enter - MemInfo: [/proc/self/status]	VmRSSPercent: 0.0195884 %
20220312 054101.173 INFO             PET0 PIOc_sync Enter - MemInfo: [malloc] Non-mmapped space allocated:                12337152 Byte
20220312 054101.173 INFO             PET0 PIOc_sync Enter - MemInfo: [malloc] Space allocated in mmapped regions:          1581056 Byte
20220312 054101.173 INFO             PET0 PIOc_sync Enter - MemInfo: [malloc] Maximum total allocated space:                     0 Byte
20220312 054101.173 INFO             PET0 PIOc_sync Enter - MemInfo: [malloc] Space in freed fastbin blocks:                  1648 Byte
20220312 054101.173 INFO             PET0 PIOc_sync Enter - MemInfo: [malloc] Total allocated space:                      12012480 Byte
20220312 054101.173 INFO             PET0 PIOc_sync Enter - MemInfo: [malloc] Total free space:                             324672 Byte
20220312 054101.173 INFO             PET0 PIOc_sync Enter - MemInfo: [malloc] Top-most, releasable space:                   114688 Byte
20220312 054101.173 INFO             PET0 PIOc_sync Enter - MemInfo: [malloc] Total space in use, mmap + non-mmap:        13593536 Byte
20220312 054101.173 INFO             PET0 PIOc_sync Enter - MemInfo: [malloc] Total space held (mmap + non-mmap):         13918208 Byte
20220312 054101.173 INFO             PET0 PIOc_sync Enter - MemInfo: [malloc] Total space used (mmap + non-mmap):         13602880 Byte
20220312 054101.173 INFO             PET0 PIOc_sync Enter - MemInfo: Wall-clock time since execution start:              0.0253985 seconds
20220312 054101.173 INFO             PET0 PIOc_sync Exit - MemInfo: [/proc/meminfo - SSI]	MemTotal:       196442820 kB
20220312 054101.173 INFO             PET0 PIOc_sync Exit - MemInfo: [/proc/meminfo - SSI]	MemFree:        186910380 kB
20220312 054101.173 INFO             PET0 PIOc_sync Exit - MemInfo: [/proc/meminfo - SSI]	MemAvailable:   191735268 kB
20220312 054101.173 INFO             PET0 PIOc_sync Exit - MemInfo: [/proc/meminfo - SSI]	Committed_AS:     470832 kB
20220312 054101.173 INFO             PET0 PIOc_sync Exit - MemInfo: [/proc/meminfo - SSI]	CommittedPercent: 0.239679 %
20220312 054101.173 INFO             PET0 PIOc_sync Exit - MemInfo: [/proc/self/status]	VmPeak:	  653040 kB
20220312 054101.173 INFO             PET0 PIOc_sync Exit - MemInfo: [/proc/self/status]	VmSize:	  653004 kB
20220312 054101.173 INFO             PET0 PIOc_sync Exit - MemInfo: [/proc/self/status]	VmLck:	       0 kB
20220312 054101.173 INFO             PET0 PIOc_sync Exit - MemInfo: [/proc/self/status]	VmPin:	       0 kB
20220312 054101.173 INFO             PET0 PIOc_sync Exit - MemInfo: [/proc/self/status]	VmHWM:	   71208 kB
20220312 054101.173 INFO             PET0 PIOc_sync Exit - MemInfo: [/proc/self/status]	VmRSS:	   38480 kB
20220312 054101.173 INFO             PET0 PIOc_sync Exit - MemInfo: [/proc/self/status]	VmData:	  195548 kB
20220312 054101.173 INFO             PET0 PIOc_sync Exit - MemInfo: [/proc/self/status]	VmStk:	     144 kB
20220312 054101.173 INFO             PET0 PIOc_sync Exit - MemInfo: [/proc/self/status]	VmExe:	     324 kB
20220312 054101.173 INFO             PET0 PIOc_sync Exit - MemInfo: [/proc/self/status]	VmLib:	   82396 kB
20220312 054101.173 INFO             PET0 PIOc_sync Exit - MemInfo: [/proc/self/status]	VmPTE:	     928 kB
20220312 054101.173 INFO             PET0 PIOc_sync Exit - MemInfo: [/proc/self/status]	VmSwap:	       0 kB
20220312 054101.174 INFO             PET0 PIOc_sync Exit - MemInfo: [/proc/self/status]	VmRSSPercent: 0.0195884 %
20220312 054101.174 INFO             PET0 PIOc_sync Exit - MemInfo: [malloc] Non-mmapped space allocated:                12337152 Byte
20220312 054101.174 INFO             PET0 PIOc_sync Exit - MemInfo: [malloc] Space allocated in mmapped regions:          1581056 Byte
20220312 054101.174 INFO             PET0 PIOc_sync Exit - MemInfo: [malloc] Maximum total allocated space:                     0 Byte
20220312 054101.174 INFO             PET0 PIOc_sync Exit - MemInfo: [malloc] Space in freed fastbin blocks:                   464 Byte
20220312 054101.174 INFO             PET0 PIOc_sync Exit - MemInfo: [malloc] Total allocated space:                      12013104 Byte
20220312 054101.174 INFO             PET0 PIOc_sync Exit - MemInfo: [malloc] Total free space:                             324048 Byte
20220312 054101.174 INFO             PET0 PIOc_sync Exit - MemInfo: [malloc] Top-most, releasable space:                   114512 Byte
20220312 054101.174 INFO             PET0 PIOc_sync Exit - MemInfo: [malloc] Total space in use, mmap + non-mmap:        13594160 Byte
20220312 054101.174 INFO             PET0 PIOc_sync Exit - MemInfo: [malloc] Total space held (mmap + non-mmap):         13918208 Byte
20220312 054101.174 INFO             PET0 PIOc_sync Exit - MemInfo: [malloc] Total space used (mmap + non-mmap):         13603504 Byte
20220312 054101.174 INFO             PET0 PIOc_sync Exit - MemInfo: Wall-clock time since execution start:              0.0257992 seconds
20220312 054101.174 INFO             PET0 PIOc_freedecomp Enter - MemInfo: [/proc/meminfo - SSI]	MemTotal:       196442820 kB
20220312 054101.174 INFO             PET0 PIOc_freedecomp Enter - MemInfo: [/proc/meminfo - SSI]	MemFree:        186910380 kB
20220312 054101.174 INFO             PET0 PIOc_freedecomp Enter - MemInfo: [/proc/meminfo - SSI]	MemAvailable:   191735268 kB
20220312 054101.174 INFO             PET0 PIOc_freedecomp Enter - MemInfo: [/proc/meminfo - SSI]	Committed_AS:     470832 kB
20220312 054101.174 INFO             PET0 PIOc_freedecomp Enter - MemInfo: [/proc/meminfo - SSI]	CommittedPercent: 0.239679 %
20220312 054101.174 INFO             PET0 PIOc_freedecomp Enter - MemInfo: [/proc/self/status]	VmPeak:	  653040 kB
20220312 054101.174 INFO             PET0 PIOc_freedecomp Enter - MemInfo: [/proc/self/status]	VmSize:	  653004 kB
20220312 054101.174 INFO             PET0 PIOc_freedecomp Enter - MemInfo: [/proc/self/status]	VmLck:	       0 kB
20220312 054101.174 INFO             PET0 PIOc_freedecomp Enter - MemInfo: [/proc/self/status]	VmPin:	       0 kB
20220312 054101.174 INFO             PET0 PIOc_freedecomp Enter - MemInfo: [/proc/self/status]	VmHWM:	   71208 kB
20220312 054101.174 INFO             PET0 PIOc_freedecomp Enter - MemInfo: [/proc/self/status]	VmRSS:	   38480 kB
20220312 054101.174 INFO             PET0 PIOc_freedecomp Enter - MemInfo: [/proc/self/status]	VmData:	  195548 kB
20220312 054101.174 INFO             PET0 PIOc_freedecomp Enter - MemInfo: [/proc/self/status]	VmStk:	     144 kB
20220312 054101.174 INFO             PET0 PIOc_freedecomp Enter - MemInfo: [/proc/self/status]	VmExe:	     324 kB
20220312 054101.174 INFO             PET0 PIOc_freedecomp Enter - MemInfo: [/proc/self/status]	VmLib:	   82396 kB
20220312 054101.174 INFO             PET0 PIOc_freedecomp Enter - MemInfo: [/proc/self/status]	VmPTE:	     928 kB
20220312 054101.174 INFO             PET0 PIOc_freedecomp Enter - MemInfo: [/proc/self/status]	VmSwap:	       0 kB
20220312 054101.174 INFO             PET0 PIOc_freedecomp Enter - MemInfo: [/proc/self/status]	VmRSSPercent: 0.0195884 %
20220312 054101.174 INFO             PET0 PIOc_freedecomp Enter - MemInfo: [malloc] Non-mmapped space allocated:                12337152 Byte
20220312 054101.174 INFO             PET0 PIOc_freedecomp Enter - MemInfo: [malloc] Space allocated in mmapped regions:          1581056 Byte
20220312 054101.174 INFO             PET0 PIOc_freedecomp Enter - MemInfo: [malloc] Maximum total allocated space:                     0 Byte
20220312 054101.174 INFO             PET0 PIOc_freedecomp Enter - MemInfo: [malloc] Space in freed fastbin blocks:                  1104 Byte
20220312 054101.174 INFO             PET0 PIOc_freedecomp Enter - MemInfo: [malloc] Total allocated space:                       3086048 Byte
20220312 054101.174 INFO             PET0 PIOc_freedecomp Enter - MemInfo: [malloc] Total free space:                            9251104 Byte
20220312 054101.174 INFO             PET0 PIOc_freedecomp Enter - MemInfo: [malloc] Top-most, releasable space:                   114512 Byte
20220312 054101.174 INFO             PET0 PIOc_freedecomp Enter - MemInfo: [malloc] Total space in use, mmap + non-mmap:         4667104 Byte
20220312 054101.174 INFO             PET0 PIOc_freedecomp Enter - MemInfo: [malloc] Total space held (mmap + non-mmap):         13918208 Byte
20220312 054101.174 INFO             PET0 PIOc_freedecomp Enter - MemInfo: [malloc] Total space used (mmap + non-mmap):          4676448 Byte
20220312 054101.174 INFO             PET0 PIOc_freedecomp Enter - MemInfo: Wall-clock time since execution start:              0.0263467 seconds
20220312 054101.174 INFO             PET0 PIOc_freedecomp Exit - MemInfo: [/proc/meminfo - SSI]	MemTotal:       196442820 kB
20220312 054101.174 INFO             PET0 PIOc_freedecomp Exit - MemInfo: [/proc/meminfo - SSI]	MemFree:        186910380 kB
20220312 054101.174 INFO             PET0 PIOc_freedecomp Exit - MemInfo: [/proc/meminfo - SSI]	MemAvailable:   191735268 kB
20220312 054101.174 INFO             PET0 PIOc_freedecomp Exit - MemInfo: [/proc/meminfo - SSI]	Committed_AS:     470832 kB
20220312 054101.174 INFO             PET0 PIOc_freedecomp Exit - MemInfo: [/proc/meminfo - SSI]	CommittedPercent: 0.239679 %
20220312 054101.174 INFO             PET0 PIOc_freedecomp Exit - MemInfo: [/proc/self/status]	VmPeak:	  653040 kB
20220312 054101.174 INFO             PET0 PIOc_freedecomp Exit - MemInfo: [/proc/self/status]	VmSize:	  653004 kB
20220312 054101.174 INFO             PET0 PIOc_freedecomp Exit - MemInfo: [/proc/self/status]	VmLck:	       0 kB
20220312 054101.174 INFO             PET0 PIOc_freedecomp Exit - MemInfo: [/proc/self/status]	VmPin:	       0 kB
20220312 054101.174 INFO             PET0 PIOc_freedecomp Exit - MemInfo: [/proc/self/status]	VmHWM:	   71208 kB
20220312 054101.174 INFO             PET0 PIOc_freedecomp Exit - MemInfo: [/proc/self/status]	VmRSS:	   38480 kB
20220312 054101.174 INFO             PET0 PIOc_freedecomp Exit - MemInfo: [/proc/self/status]	VmData:	  195548 kB
20220312 054101.174 INFO             PET0 PIOc_freedecomp Exit - MemInfo: [/proc/self/status]	VmStk:	     144 kB
20220312 054101.174 INFO             PET0 PIOc_freedecomp Exit - MemInfo: [/proc/self/status]	VmExe:	     324 kB
20220312 054101.174 INFO             PET0 PIOc_freedecomp Exit - MemInfo: [/proc/self/status]	VmLib:	   82396 kB
20220312 054101.174 INFO             PET0 PIOc_freedecomp Exit - MemInfo: [/proc/self/status]	VmPTE:	     928 kB
20220312 054101.174 INFO             PET0 PIOc_freedecomp Exit - MemInfo: [/proc/self/status]	VmSwap:	       0 kB
20220312 054101.174 INFO             PET0 PIOc_freedecomp Exit - MemInfo: [/proc/self/status]	VmRSSPercent: 0.0195884 %
20220312 054101.174 INFO             PET0 PIOc_freedecomp Exit - MemInfo: [malloc] Non-mmapped space allocated:                12337152 Byte
20220312 054101.174 INFO             PET0 PIOc_freedecomp Exit - MemInfo: [malloc] Space allocated in mmapped regions:          1581056 Byte
20220312 054101.174 INFO             PET0 PIOc_freedecomp Exit - MemInfo: [malloc] Maximum total allocated space:                     0 Byte
20220312 054101.174 INFO             PET0 PIOc_freedecomp Exit - MemInfo: [malloc] Space in freed fastbin blocks:                  2624 Byte
20220312 054101.174 INFO             PET0 PIOc_freedecomp Exit - MemInfo: [malloc] Total allocated space:                       3083376 Byte
20220312 054101.174 INFO             PET0 PIOc_freedecomp Exit - MemInfo: [malloc] Total free space:                            9253776 Byte
20220312 054101.174 INFO             PET0 PIOc_freedecomp Exit - MemInfo: [malloc] Top-most, releasable space:                   114512 Byte
20220312 054101.174 INFO             PET0 PIOc_freedecomp Exit - MemInfo: [malloc] Total space in use, mmap + non-mmap:         4664432 Byte
20220312 054101.174 INFO             PET0 PIOc_freedecomp Exit - MemInfo: [malloc] Total space held (mmap + non-mmap):         13918208 Byte
20220312 054101.174 INFO             PET0 PIOc_freedecomp Exit - MemInfo: [malloc] Total space used (mmap + non-mmap):          4673776 Byte
20220312 054101.175 INFO             PET0 PIOc_freedecomp Exit - MemInfo: Wall-clock time since execution start:              0.0267159 seconds
20220312 054101.176 INFO             PET0 PIOc_sync Enter - MemInfo: [/proc/meminfo - SSI]	MemTotal:       196442820 kB
20220312 054101.176 INFO             PET0 PIOc_sync Enter - MemInfo: [/proc/meminfo - SSI]	MemFree:        186910380 kB
20220312 054101.176 INFO             PET0 PIOc_sync Enter - MemInfo: [/proc/meminfo - SSI]	MemAvailable:   191735268 kB
20220312 054101.176 INFO             PET0 PIOc_sync Enter - MemInfo: [/proc/meminfo - SSI]	Committed_AS:     470832 kB
20220312 054101.176 INFO             PET0 PIOc_sync Enter - MemInfo: [/proc/meminfo - SSI]	CommittedPercent: 0.239679 %
20220312 054101.176 INFO             PET0 PIOc_sync Enter - MemInfo: [/proc/self/status]	VmPeak:	  653040 kB
20220312 054101.176 INFO             PET0 PIOc_sync Enter - MemInfo: [/proc/self/status]	VmSize:	  653004 kB
20220312 054101.176 INFO             PET0 PIOc_sync Enter - MemInfo: [/proc/self/status]	VmLck:	       0 kB
20220312 054101.176 INFO             PET0 PIOc_sync Enter - MemInfo: [/proc/self/status]	VmPin:	       0 kB
20220312 054101.176 INFO             PET0 PIOc_sync Enter - MemInfo: [/proc/self/status]	VmHWM:	   71208 kB
20220312 054101.176 INFO             PET0 PIOc_sync Enter - MemInfo: [/proc/self/status]	VmRSS:	   38828 kB
20220312 054101.176 INFO             PET0 PIOc_sync Enter - MemInfo: [/proc/self/status]	VmData:	  195548 kB
20220312 054101.176 INFO             PET0 PIOc_sync Enter - MemInfo: [/proc/self/status]	VmStk:	     144 kB
20220312 054101.176 INFO             PET0 PIOc_sync Enter - MemInfo: [/proc/self/status]	VmExe:	     324 kB
20220312 054101.176 INFO             PET0 PIOc_sync Enter - MemInfo: [/proc/self/status]	VmLib:	   82396 kB
20220312 054101.176 INFO             PET0 PIOc_sync Enter - MemInfo: [/proc/self/status]	VmPTE:	     928 kB
20220312 054101.176 INFO             PET0 PIOc_sync Enter - MemInfo: [/proc/self/status]	VmSwap:	       0 kB
20220312 054101.176 INFO             PET0 PIOc_sync Enter - MemInfo: [/proc/self/status]	VmRSSPercent: 0.0197655 %
20220312 054101.176 INFO             PET0 PIOc_sync Enter - MemInfo: [malloc] Non-mmapped space allocated:                12337152 Byte
20220312 054101.176 INFO             PET0 PIOc_sync Enter - MemInfo: [malloc] Space allocated in mmapped regions:          1581056 Byte
20220312 054101.176 INFO             PET0 PIOc_sync Enter - MemInfo: [malloc] Maximum total allocated space:                     0 Byte
20220312 054101.176 INFO             PET0 PIOc_sync Enter - MemInfo: [malloc] Space in freed fastbin blocks:                  2096 Byte
20220312 054101.176 INFO             PET0 PIOc_sync Enter - MemInfo: [malloc] Total allocated space:                      12013168 Byte
20220312 054101.176 INFO             PET0 PIOc_sync Enter - MemInfo: [malloc] Total free space:                             323984 Byte
20220312 054101.176 INFO             PET0 PIOc_sync Enter - MemInfo: [malloc] Top-most, releasable space:                   113552 Byte
20220312 054101.176 INFO             PET0 PIOc_sync Enter - MemInfo: [malloc] Total space in use, mmap + non-mmap:        13594224 Byte
20220312 054101.176 INFO             PET0 PIOc_sync Enter - MemInfo: [malloc] Total space held (mmap + non-mmap):         13918208 Byte
20220312 054101.176 INFO             PET0 PIOc_sync Enter - MemInfo: [malloc] Total space used (mmap + non-mmap):         13603568 Byte
20220312 054101.176 INFO             PET0 PIOc_sync Enter - MemInfo: Wall-clock time since execution start:              0.0282947 seconds
20220312 054101.176 INFO             PET0 PIOc_sync Exit - MemInfo: [/proc/meminfo - SSI]	MemTotal:       196442820 kB
20220312 054101.176 INFO             PET0 PIOc_sync Exit - MemInfo: [/proc/meminfo - SSI]	MemFree:        186910380 kB
20220312 054101.176 INFO             PET0 PIOc_sync Exit - MemInfo: [/proc/meminfo - SSI]	MemAvailable:   191735268 kB
20220312 054101.176 INFO             PET0 PIOc_sync Exit - MemInfo: [/proc/meminfo - SSI]	Committed_AS:     470832 kB
20220312 054101.176 INFO             PET0 PIOc_sync Exit - MemInfo: [/proc/meminfo - SSI]	CommittedPercent: 0.239679 %
20220312 054101.176 INFO             PET0 PIOc_sync Exit - MemInfo: [/proc/self/status]	VmPeak:	  653040 kB
20220312 054101.176 INFO             PET0 PIOc_sync Exit - MemInfo: [/proc/self/status]	VmSize:	  653004 kB
20220312 054101.176 INFO             PET0 PIOc_sync Exit - MemInfo: [/proc/self/status]	VmLck:	       0 kB
20220312 054101.176 INFO             PET0 PIOc_sync Exit - MemInfo: [/proc/self/status]	VmPin:	       0 kB
20220312 054101.176 INFO             PET0 PIOc_sync Exit - MemInfo: [/proc/self/status]	VmHWM:	   71208 kB
20220312 054101.176 INFO             PET0 PIOc_sync Exit - MemInfo: [/proc/self/status]	VmRSS:	   38828 kB
20220312 054101.176 INFO             PET0 PIOc_sync Exit - MemInfo: [/proc/self/status]	VmData:	  195548 kB
20220312 054101.176 INFO             PET0 PIOc_sync Exit - MemInfo: [/proc/self/status]	VmStk:	     144 kB
20220312 054101.176 INFO             PET0 PIOc_sync Exit - MemInfo: [/proc/self/status]	VmExe:	     324 kB
20220312 054101.176 INFO             PET0 PIOc_sync Exit - MemInfo: [/proc/self/status]	VmLib:	   82396 kB
20220312 054101.176 INFO             PET0 PIOc_sync Exit - MemInfo: [/proc/self/status]	VmPTE:	     928 kB
20220312 054101.176 INFO             PET0 PIOc_sync Exit - MemInfo: [/proc/self/status]	VmSwap:	       0 kB
20220312 054101.176 INFO             PET0 PIOc_sync Exit - MemInfo: [/proc/self/status]	VmRSSPercent: 0.0197655 %
20220312 054101.176 INFO             PET0 PIOc_sync Exit - MemInfo: [malloc] Non-mmapped space allocated:                12337152 Byte
20220312 054101.176 INFO             PET0 PIOc_sync Exit - MemInfo: [malloc] Space allocated in mmapped regions:          1581056 Byte
20220312 054101.176 INFO             PET0 PIOc_sync Exit - MemInfo: [malloc] Maximum total allocated space:                     0 Byte
20220312 054101.176 INFO             PET0 PIOc_sync Exit - MemInfo: [malloc] Space in freed fastbin blocks:                   464 Byte
20220312 054101.176 INFO             PET0 PIOc_sync Exit - MemInfo: [malloc] Total allocated space:                      12013808 Byte
20220312 054101.176 INFO             PET0 PIOc_sync Exit - MemInfo: [malloc] Total free space:                             323344 Byte
20220312 054101.176 INFO             PET0 PIOc_sync Exit - MemInfo: [malloc] Top-most, releasable space:                   114128 Byte
20220312 054101.176 INFO             PET0 PIOc_sync Exit - MemInfo: [malloc] Total space in use, mmap + non-mmap:        13594864 Byte
20220312 054101.176 INFO             PET0 PIOc_sync Exit - MemInfo: [malloc] Total space held (mmap + non-mmap):         13918208 Byte
20220312 054101.176 INFO             PET0 PIOc_sync Exit - MemInfo: [malloc] Total space used (mmap + non-mmap):         13604208 Byte
20220312 054101.176 INFO             PET0 PIOc_sync Exit - MemInfo: Wall-clock time since execution start:               0.028691 seconds
20220312 054101.177 INFO             PET0 PIOc_freedecomp Enter - MemInfo: [/proc/meminfo - SSI]	MemTotal:       196442820 kB
20220312 054101.177 INFO             PET0 PIOc_freedecomp Enter - MemInfo: [/proc/meminfo - SSI]	MemFree:        186910380 kB
20220312 054101.177 INFO             PET0 PIOc_freedecomp Enter - MemInfo: [/proc/meminfo - SSI]	MemAvailable:   191735268 kB
20220312 054101.177 INFO             PET0 PIOc_freedecomp Enter - MemInfo: [/proc/meminfo - SSI]	Committed_AS:     470832 kB
20220312 054101.177 INFO             PET0 PIOc_freedecomp Enter - MemInfo: [/proc/meminfo - SSI]	CommittedPercent: 0.239679 %
20220312 054101.177 INFO             PET0 PIOc_freedecomp Enter - MemInfo: [/proc/self/status]	VmPeak:	  653040 kB
20220312 054101.177 INFO             PET0 PIOc_freedecomp Enter - MemInfo: [/proc/self/status]	VmSize:	  653004 kB
20220312 054101.177 INFO             PET0 PIOc_freedecomp Enter - MemInfo: [/proc/self/status]	VmLck:	       0 kB
20220312 054101.177 INFO             PET0 PIOc_freedecomp Enter - MemInfo: [/proc/self/status]	VmPin:	       0 kB
20220312 054101.177 INFO             PET0 PIOc_freedecomp Enter - MemInfo: [/proc/self/status]	VmHWM:	   71208 kB
20220312 054101.177 INFO             PET0 PIOc_freedecomp Enter - MemInfo: [/proc/self/status]	VmRSS:	   38828 kB
20220312 054101.177 INFO             PET0 PIOc_freedecomp Enter - MemInfo: [/proc/self/status]	VmData:	  195548 kB
20220312 054101.177 INFO             PET0 PIOc_freedecomp Enter - MemInfo: [/proc/self/status]	VmStk:	     144 kB
20220312 054101.177 INFO             PET0 PIOc_freedecomp Enter - MemInfo: [/proc/self/status]	VmExe:	     324 kB
20220312 054101.177 INFO             PET0 PIOc_freedecomp Enter - MemInfo: [/proc/self/status]	VmLib:	   82396 kB
20220312 054101.177 INFO             PET0 PIOc_freedecomp Enter - MemInfo: [/proc/self/status]	VmPTE:	     928 kB
20220312 054101.177 INFO             PET0 PIOc_freedecomp Enter - MemInfo: [/proc/self/status]	VmSwap:	       0 kB
20220312 054101.177 INFO             PET0 PIOc_freedecomp Enter - MemInfo: [/proc/self/status]	VmRSSPercent: 0.0197655 %
20220312 054101.177 INFO             PET0 PIOc_freedecomp Enter - MemInfo: [malloc] Non-mmapped space allocated:                12337152 Byte
20220312 054101.177 INFO             PET0 PIOc_freedecomp Enter - MemInfo: [malloc] Space allocated in mmapped regions:          1581056 Byte
20220312 054101.177 INFO             PET0 PIOc_freedecomp Enter - MemInfo: [malloc] Maximum total allocated space:                     0 Byte
20220312 054101.177 INFO             PET0 PIOc_freedecomp Enter - MemInfo: [malloc] Space in freed fastbin blocks:                  1232 Byte
20220312 054101.177 INFO             PET0 PIOc_freedecomp Enter - MemInfo: [malloc] Total allocated space:                       3086048 Byte
20220312 054101.177 INFO             PET0 PIOc_freedecomp Enter - MemInfo: [malloc] Total free space:                            9251104 Byte
20220312 054101.177 INFO             PET0 PIOc_freedecomp Enter - MemInfo: [malloc] Top-most, releasable space:                   114128 Byte
20220312 054101.177 INFO             PET0 PIOc_freedecomp Enter - MemInfo: [malloc] Total space in use, mmap + non-mmap:         4667104 Byte
20220312 054101.177 INFO             PET0 PIOc_freedecomp Enter - MemInfo: [malloc] Total space held (mmap + non-mmap):         13918208 Byte
20220312 054101.177 INFO             PET0 PIOc_freedecomp Enter - MemInfo: [malloc] Total space used (mmap + non-mmap):          4676448 Byte
20220312 054101.177 INFO             PET0 PIOc_freedecomp Enter - MemInfo: Wall-clock time since execution start:              0.0292806 seconds
20220312 054101.177 INFO             PET0 PIOc_freedecomp Exit - MemInfo: [/proc/meminfo - SSI]	MemTotal:       196442820 kB
20220312 054101.177 INFO             PET0 PIOc_freedecomp Exit - MemInfo: [/proc/meminfo - SSI]	MemFree:        186910380 kB
20220312 054101.177 INFO             PET0 PIOc_freedecomp Exit - MemInfo: [/proc/meminfo - SSI]	MemAvailable:   191735268 kB
20220312 054101.177 INFO             PET0 PIOc_freedecomp Exit - MemInfo: [/proc/meminfo - SSI]	Committed_AS:     470832 kB
20220312 054101.177 INFO             PET0 PIOc_freedecomp Exit - MemInfo: [/proc/meminfo - SSI]	CommittedPercent: 0.239679 %
20220312 054101.177 INFO             PET0 PIOc_freedecomp Exit - MemInfo: [/proc/self/status]	VmPeak:	  653040 kB
20220312 054101.177 INFO             PET0 PIOc_freedecomp Exit - MemInfo: [/proc/self/status]	VmSize:	  653004 kB
20220312 054101.177 INFO             PET0 PIOc_freedecomp Exit - MemInfo: [/proc/self/status]	VmLck:	       0 kB
20220312 054101.177 INFO             PET0 PIOc_freedecomp Exit - MemInfo: [/proc/self/status]	VmPin:	       0 kB
20220312 054101.177 INFO             PET0 PIOc_freedecomp Exit - MemInfo: [/proc/self/status]	VmHWM:	   71208 kB
20220312 054101.177 INFO             PET0 PIOc_freedecomp Exit - MemInfo: [/proc/self/status]	VmRSS:	   38828 kB
20220312 054101.177 INFO             PET0 PIOc_freedecomp Exit - MemInfo: [/proc/self/status]	VmData:	  195548 kB
20220312 054101.177 INFO             PET0 PIOc_freedecomp Exit - MemInfo: [/proc/self/status]	VmStk:	     144 kB
20220312 054101.177 INFO             PET0 PIOc_freedecomp Exit - MemInfo: [/proc/self/status]	VmExe:	     324 kB
20220312 054101.177 INFO             PET0 PIOc_freedecomp Exit - MemInfo: [/proc/self/status]	VmLib:	   82396 kB
20220312 054101.177 INFO             PET0 PIOc_freedecomp Exit - MemInfo: [/proc/self/status]	VmPTE:	     928 kB
20220312 054101.177 INFO             PET0 PIOc_freedecomp Exit - MemInfo: [/proc/self/status]	VmSwap:	       0 kB
20220312 054101.177 INFO             PET0 PIOc_freedecomp Exit - MemInfo: [/proc/self/status]	VmRSSPercent: 0.0197655 %
20220312 054101.177 INFO             PET0 PIOc_freedecomp Exit - MemInfo: [malloc] Non-mmapped space allocated:                12337152 Byte
20220312 054101.177 INFO             PET0 PIOc_freedecomp Exit - MemInfo: [malloc] Space allocated in mmapped regions:          1581056 Byte
20220312 054101.177 INFO             PET0 PIOc_freedecomp Exit - MemInfo: [malloc] Maximum total allocated space:                     0 Byte
20220312 054101.177 INFO             PET0 PIOc_freedecomp Exit - MemInfo: [malloc] Space in freed fastbin blocks:                  1152 Byte
20220312 054101.177 INFO             PET0 PIOc_freedecomp Exit - MemInfo: [malloc] Total allocated space:                       3083360 Byte
20220312 054101.177 INFO             PET0 PIOc_freedecomp Exit - MemInfo: [malloc] Total free space:                            9253792 Byte
20220312 054101.177 INFO             PET0 PIOc_freedecomp Exit - MemInfo: [malloc] Top-most, releasable space:                   116640 Byte
20220312 054101.177 INFO             PET0 PIOc_freedecomp Exit - MemInfo: [malloc] Total space in use, mmap + non-mmap:         4664416 Byte
20220312 054101.177 INFO             PET0 PIOc_freedecomp Exit - MemInfo: [malloc] Total space held (mmap + non-mmap):         13918208 Byte
20220312 054101.177 INFO             PET0 PIOc_freedecomp Exit - MemInfo: [malloc] Total space used (mmap + non-mmap):          4673760 Byte
20220312 054101.177 INFO             PET0 PIOc_freedecomp Exit - MemInfo: Wall-clock time since execution start:              0.0296523 seconds
20220312 054101.179 INFO             PET0 PIOc_sync Enter - MemInfo: [/proc/meminfo - SSI]	MemTotal:       196442820 kB
20220312 054101.179 INFO             PET0 PIOc_sync Enter - MemInfo: [/proc/meminfo - SSI]	MemFree:        186910380 kB
20220312 054101.179 INFO             PET0 PIOc_sync Enter - MemInfo: [/proc/meminfo - SSI]	MemAvailable:   191735268 kB
20220312 054101.179 INFO             PET0 PIOc_sync Enter - MemInfo: [/proc/meminfo - SSI]	Committed_AS:     470832 kB
20220312 054101.179 INFO             PET0 PIOc_sync Enter - MemInfo: [/proc/meminfo - SSI]	CommittedPercent: 0.239679 %
20220312 054101.179 INFO             PET0 PIOc_sync Enter - MemInfo: [/proc/self/status]	VmPeak:	  653040 kB
20220312 054101.179 INFO             PET0 PIOc_sync Enter - MemInfo: [/proc/self/status]	VmSize:	  653004 kB
20220312 054101.179 INFO             PET0 PIOc_sync Enter - MemInfo: [/proc/self/status]	VmLck:	       0 kB
20220312 054101.179 INFO             PET0 PIOc_sync Enter - MemInfo: [/proc/self/status]	VmPin:	       0 kB
20220312 054101.179 INFO             PET0 PIOc_sync Enter - MemInfo: [/proc/self/status]	VmHWM:	   71208 kB
20220312 054101.179 INFO             PET0 PIOc_sync Enter - MemInfo: [/proc/self/status]	VmRSS:	   38828 kB
20220312 054101.179 INFO             PET0 PIOc_sync Enter - MemInfo: [/proc/self/status]	VmData:	  195548 kB
20220312 054101.179 INFO             PET0 PIOc_sync Enter - MemInfo: [/proc/self/status]	VmStk:	     144 kB
20220312 054101.179 INFO             PET0 PIOc_sync Enter - MemInfo: [/proc/self/status]	VmExe:	     324 kB
20220312 054101.179 INFO             PET0 PIOc_sync Enter - MemInfo: [/proc/self/status]	VmLib:	   82396 kB
20220312 054101.179 INFO             PET0 PIOc_sync Enter - MemInfo: [/proc/self/status]	VmPTE:	     928 kB
20220312 054101.179 INFO             PET0 PIOc_sync Enter - MemInfo: [/proc/self/status]	VmSwap:	       0 kB
20220312 054101.179 INFO             PET0 PIOc_sync Enter - MemInfo: [/proc/self/status]	VmRSSPercent: 0.0197655 %
20220312 054101.179 INFO             PET0 PIOc_sync Enter - MemInfo: [malloc] Non-mmapped space allocated:                12337152 Byte
20220312 054101.179 INFO             PET0 PIOc_sync Enter - MemInfo: [malloc] Space allocated in mmapped regions:          1581056 Byte
20220312 054101.179 INFO             PET0 PIOc_sync Enter - MemInfo: [malloc] Maximum total allocated space:                     0 Byte
20220312 054101.179 INFO             PET0 PIOc_sync Enter - MemInfo: [malloc] Space in freed fastbin blocks:                  2496 Byte
20220312 054101.179 INFO             PET0 PIOc_sync Enter - MemInfo: [malloc] Total allocated space:                      12013952 Byte
20220312 054101.179 INFO             PET0 PIOc_sync Enter - MemInfo: [malloc] Total free space:                             323200 Byte
20220312 054101.179 INFO             PET0 PIOc_sync Enter - MemInfo: [malloc] Top-most, releasable space:                   112208 Byte
20220312 054101.179 INFO             PET0 PIOc_sync Enter - MemInfo: [malloc] Total space in use, mmap + non-mmap:        13595008 Byte
20220312 054101.179 INFO             PET0 PIOc_sync Enter - MemInfo: [malloc] Total space held (mmap + non-mmap):         13918208 Byte
20220312 054101.179 INFO             PET0 PIOc_sync Enter - MemInfo: [malloc] Total space used (mmap + non-mmap):         13604352 Byte
20220312 054101.179 INFO             PET0 PIOc_sync Enter - MemInfo: Wall-clock time since execution start:              0.0311146 seconds
20220312 054101.179 INFO             PET0 PIOc_sync Exit - MemInfo: [/proc/meminfo - SSI]	MemTotal:       196442820 kB
20220312 054101.179 INFO             PET0 PIOc_sync Exit - MemInfo: [/proc/meminfo - SSI]	MemFree:        186910380 kB
20220312 054101.179 INFO             PET0 PIOc_sync Exit - MemInfo: [/proc/meminfo - SSI]	MemAvailable:   191735284 kB
20220312 054101.179 INFO             PET0 PIOc_sync Exit - MemInfo: [/proc/meminfo - SSI]	Committed_AS:     470832 kB
20220312 054101.179 INFO             PET0 PIOc_sync Exit - MemInfo: [/proc/meminfo - SSI]	CommittedPercent: 0.239679 %
20220312 054101.179 INFO             PET0 PIOc_sync Exit - MemInfo: [/proc/self/status]	VmPeak:	  653040 kB
20220312 054101.179 INFO             PET0 PIOc_sync Exit - MemInfo: [/proc/self/status]	VmSize:	  653004 kB
20220312 054101.179 INFO             PET0 PIOc_sync Exit - MemInfo: [/proc/self/status]	VmLck:	       0 kB
20220312 054101.179 INFO             PET0 PIOc_sync Exit - MemInfo: [/proc/self/status]	VmPin:	       0 kB
20220312 054101.179 INFO             PET0 PIOc_sync Exit - MemInfo: [/proc/self/status]	VmHWM:	   71208 kB
20220312 054101.179 INFO             PET0 PIOc_sync Exit - MemInfo: [/proc/self/status]	VmRSS:	   38828 kB
20220312 054101.179 INFO             PET0 PIOc_sync Exit - MemInfo: [/proc/self/status]	VmData:	  195548 kB
20220312 054101.179 INFO             PET0 PIOc_sync Exit - MemInfo: [/proc/self/status]	VmStk:	     144 kB
20220312 054101.179 INFO             PET0 PIOc_sync Exit - MemInfo: [/proc/self/status]	VmExe:	     324 kB
20220312 054101.179 INFO             PET0 PIOc_sync Exit - MemInfo: [/proc/self/status]	VmLib:	   82396 kB
20220312 054101.179 INFO             PET0 PIOc_sync Exit - MemInfo: [/proc/self/status]	VmPTE:	     928 kB
20220312 054101.179 INFO             PET0 PIOc_sync Exit - MemInfo: [/proc/self/status]	VmSwap:	       0 kB
20220312 054101.179 INFO             PET0 PIOc_sync Exit - MemInfo: [/proc/self/status]	VmRSSPercent: 0.0197655 %
20220312 054101.179 INFO             PET0 PIOc_sync Exit - MemInfo: [malloc] Non-mmapped space allocated:                12337152 Byte
20220312 054101.179 INFO             PET0 PIOc_sync Exit - MemInfo: [malloc] Space allocated in mmapped regions:          1581056 Byte
20220312 054101.179 INFO             PET0 PIOc_sync Exit - MemInfo: [malloc] Maximum total allocated space:                     0 Byte
20220312 054101.179 INFO             PET0 PIOc_sync Exit - MemInfo: [malloc] Space in freed fastbin blocks:                  1360 Byte
20220312 054101.179 INFO             PET0 PIOc_sync Exit - MemInfo: [malloc] Total allocated space:                      12014560 Byte
20220312 054101.179 INFO             PET0 PIOc_sync Exit - MemInfo: [malloc] Total free space:                             322592 Byte
20220312 054101.179 INFO             PET0 PIOc_sync Exit - MemInfo: [malloc] Top-most, releasable space:                   112160 Byte
20220312 054101.179 INFO             PET0 PIOc_sync Exit - MemInfo: [malloc] Total space in use, mmap + non-mmap:        13595616 Byte
20220312 054101.179 INFO             PET0 PIOc_sync Exit - MemInfo: [malloc] Total space held (mmap + non-mmap):         13918208 Byte
20220312 054101.179 INFO             PET0 PIOc_sync Exit - MemInfo: [malloc] Total space used (mmap + non-mmap):         13604960 Byte
20220312 054101.179 INFO             PET0 PIOc_sync Exit - MemInfo: Wall-clock time since execution start:              0.0315173 seconds
20220312 054101.180 INFO             PET0 PIOc_freedecomp Enter - MemInfo: [/proc/meminfo - SSI]	MemTotal:       196442820 kB
20220312 054101.180 INFO             PET0 PIOc_freedecomp Enter - MemInfo: [/proc/meminfo - SSI]	MemFree:        186910396 kB
20220312 054101.180 INFO             PET0 PIOc_freedecomp Enter - MemInfo: [/proc/meminfo - SSI]	MemAvailable:   191735284 kB
20220312 054101.180 INFO             PET0 PIOc_freedecomp Enter - MemInfo: [/proc/meminfo - SSI]	Committed_AS:     470832 kB
20220312 054101.180 INFO             PET0 PIOc_freedecomp Enter - MemInfo: [/proc/meminfo - SSI]	CommittedPercent: 0.239679 %
20220312 054101.180 INFO             PET0 PIOc_freedecomp Enter - MemInfo: [/proc/self/status]	VmPeak:	  653040 kB
20220312 054101.180 INFO             PET0 PIOc_freedecomp Enter - MemInfo: [/proc/self/status]	VmSize:	  653004 kB
20220312 054101.180 INFO             PET0 PIOc_freedecomp Enter - MemInfo: [/proc/self/status]	VmLck:	       0 kB
20220312 054101.180 INFO             PET0 PIOc_freedecomp Enter - MemInfo: [/proc/self/status]	VmPin:	       0 kB
20220312 054101.180 INFO             PET0 PIOc_freedecomp Enter - MemInfo: [/proc/self/status]	VmHWM:	   71208 kB
20220312 054101.180 INFO             PET0 PIOc_freedecomp Enter - MemInfo: [/proc/self/status]	VmRSS:	   38828 kB
20220312 054101.180 INFO             PET0 PIOc_freedecomp Enter - MemInfo: [/proc/self/status]	VmData:	  195548 kB
20220312 054101.180 INFO             PET0 PIOc_freedecomp Enter - MemInfo: [/proc/self/status]	VmStk:	     144 kB
20220312 054101.180 INFO             PET0 PIOc_freedecomp Enter - MemInfo: [/proc/self/status]	VmExe:	     324 kB
20220312 054101.180 INFO             PET0 PIOc_freedecomp Enter - MemInfo: [/proc/self/status]	VmLib:	   82396 kB
20220312 054101.180 INFO             PET0 PIOc_freedecomp Enter - MemInfo: [/proc/self/status]	VmPTE:	     928 kB
20220312 054101.180 INFO             PET0 PIOc_freedecomp Enter - MemInfo: [/proc/self/status]	VmSwap:	       0 kB
20220312 054101.180 INFO             PET0 PIOc_freedecomp Enter - MemInfo: [/proc/self/status]	VmRSSPercent: 0.0197655 %
20220312 054101.180 INFO             PET0 PIOc_freedecomp Enter - MemInfo: [malloc] Non-mmapped space allocated:                12337152 Byte
20220312 054101.180 INFO             PET0 PIOc_freedecomp Enter - MemInfo: [malloc] Space allocated in mmapped regions:          1581056 Byte
20220312 054101.180 INFO             PET0 PIOc_freedecomp Enter - MemInfo: [malloc] Maximum total allocated space:                     0 Byte
20220312 054101.180 INFO             PET0 PIOc_freedecomp Enter - MemInfo: [malloc] Space in freed fastbin blocks:                  1184 Byte
20220312 054101.180 INFO             PET0 PIOc_freedecomp Enter - MemInfo: [malloc] Total allocated space:                       3086064 Byte
20220312 054101.180 INFO             PET0 PIOc_freedecomp Enter - MemInfo: [malloc] Total free space:                            9251088 Byte
20220312 054101.180 INFO             PET0 PIOc_freedecomp Enter - MemInfo: [malloc] Top-most, releasable space:                   114656 Byte
20220312 054101.180 INFO             PET0 PIOc_freedecomp Enter - MemInfo: [malloc] Total space in use, mmap + non-mmap:         4667120 Byte
20220312 054101.180 INFO             PET0 PIOc_freedecomp Enter - MemInfo: [malloc] Total space held (mmap + non-mmap):         13918208 Byte
20220312 054101.180 INFO             PET0 PIOc_freedecomp Enter - MemInfo: [malloc] Total space used (mmap + non-mmap):          4676464 Byte
20220312 054101.180 INFO             PET0 PIOc_freedecomp Enter - MemInfo: Wall-clock time since execution start:              0.0320255 seconds
20220312 054101.180 INFO             PET0 PIOc_freedecomp Exit - MemInfo: [/proc/meminfo - SSI]	MemTotal:       196442820 kB
20220312 054101.180 INFO             PET0 PIOc_freedecomp Exit - MemInfo: [/proc/meminfo - SSI]	MemFree:        186910396 kB
20220312 054101.180 INFO             PET0 PIOc_freedecomp Exit - MemInfo: [/proc/meminfo - SSI]	MemAvailable:   191735284 kB
20220312 054101.180 INFO             PET0 PIOc_freedecomp Exit - MemInfo: [/proc/meminfo - SSI]	Committed_AS:     470832 kB
20220312 054101.180 INFO             PET0 PIOc_freedecomp Exit - MemInfo: [/proc/meminfo - SSI]	CommittedPercent: 0.239679 %
20220312 054101.180 INFO             PET0 PIOc_freedecomp Exit - MemInfo: [/proc/self/status]	VmPeak:	  653040 kB
20220312 054101.180 INFO             PET0 PIOc_freedecomp Exit - MemInfo: [/proc/self/status]	VmSize:	  653004 kB
20220312 054101.180 INFO             PET0 PIOc_freedecomp Exit - MemInfo: [/proc/self/status]	VmLck:	       0 kB
20220312 054101.180 INFO             PET0 PIOc_freedecomp Exit - MemInfo: [/proc/self/status]	VmPin:	       0 kB
20220312 054101.180 INFO             PET0 PIOc_freedecomp Exit - MemInfo: [/proc/self/status]	VmHWM:	   71208 kB
20220312 054101.180 INFO             PET0 PIOc_freedecomp Exit - MemInfo: [/proc/self/status]	VmRSS:	   38828 kB
20220312 054101.180 INFO             PET0 PIOc_freedecomp Exit - MemInfo: [/proc/self/status]	VmData:	  195548 kB
20220312 054101.180 INFO             PET0 PIOc_freedecomp Exit - MemInfo: [/proc/self/status]	VmStk:	     144 kB
20220312 054101.180 INFO             PET0 PIOc_freedecomp Exit - MemInfo: [/proc/self/status]	VmExe:	     324 kB
20220312 054101.180 INFO             PET0 PIOc_freedecomp Exit - MemInfo: [/proc/self/status]	VmLib:	   82396 kB
20220312 054101.180 INFO             PET0 PIOc_freedecomp Exit - MemInfo: [/proc/self/status]	VmPTE:	     928 kB
20220312 054101.180 INFO             PET0 PIOc_freedecomp Exit - MemInfo: [/proc/self/status]	VmSwap:	       0 kB
20220312 054101.180 INFO             PET0 PIOc_freedecomp Exit - MemInfo: [/proc/self/status]	VmRSSPercent: 0.0197655 %
20220312 054101.180 INFO             PET0 PIOc_freedecomp Exit - MemInfo: [malloc] Non-mmapped space allocated:                12337152 Byte
20220312 054101.180 INFO             PET0 PIOc_freedecomp Exit - MemInfo: [malloc] Space allocated in mmapped regions:          1581056 Byte
20220312 054101.180 INFO             PET0 PIOc_freedecomp Exit - MemInfo: [malloc] Maximum total allocated space:                     0 Byte
20220312 054101.180 INFO             PET0 PIOc_freedecomp Exit - MemInfo: [malloc] Space in freed fastbin blocks:                  2512 Byte
20220312 054101.180 INFO             PET0 PIOc_freedecomp Exit - MemInfo: [malloc] Total allocated space:                       3083408 Byte
20220312 054101.180 INFO             PET0 PIOc_freedecomp Exit - MemInfo: [malloc] Total free space:                            9253744 Byte
20220312 054101.180 INFO             PET0 PIOc_freedecomp Exit - MemInfo: [malloc] Top-most, releasable space:                   114656 Byte
20220312 054101.180 INFO             PET0 PIOc_freedecomp Exit - MemInfo: [malloc] Total space in use, mmap + non-mmap:         4664464 Byte
20220312 054101.180 INFO             PET0 PIOc_freedecomp Exit - MemInfo: [malloc] Total space held (mmap + non-mmap):         13918208 Byte
20220312 054101.180 INFO             PET0 PIOc_freedecomp Exit - MemInfo: [malloc] Total space used (mmap + non-mmap):          4673808 Byte
20220312 054101.180 INFO             PET0 PIOc_freedecomp Exit - MemInfo: Wall-clock time since execution start:              0.0323989 seconds
20220312 054101.180 INFO             PET0 PASS Execute ESMC_RouteHandlePrint(), ESMC_FieldGridRegridCsrvUTest.C, line 526
20220312 054101.180 INFO             PET0 PASS Release an ESMC_RouteHandle via ESMC_FieldRegridRelease(), ESMC_FieldGridRegridCsrvUTest.C, line 534
20220312 054101.182 INFO             PET0 PASS Execute ESMC_FieldRegridGetArea() - source, ESMC_FieldGridRegridCsrvUTest.C, line 584
20220312 054101.182 INFO             PET0 PASS Execute ESMC_FieldRegridGetArea() - destination, ESMC_FieldGridRegridCsrvUTest.C, line 606
20220312 054101.182 INFO             PET0 PASS Regridding Validation, ESMC_FieldGridRegridCsrvUTest.C, line 671
20220312 054101.182 INFO             PET0 PASS Destroy ESMC_Field object, ESMC_FieldGridRegridCsrvUTest.C, line 685
20220312 054101.182 INFO             PET0 PASS Destroy ESMC_Field object, ESMC_FieldGridRegridCsrvUTest.C, line 693
20220312 054101.182 INFO             PET0 PASS Destroy ESMC_Grid object, ESMC_FieldGridRegridCsrvUTest.C, line 701
20220312 054101.182 INFO             PET0 PASS Destroy ESMC_Mesh object, ESMC_FieldGridRegridCsrvUTest.C, line 709
20220312 054101.182 INFO             PET0 Ending Test, file ESMC_FieldGridRegridCsrvUTest.C, line 714
20220312 054101.182 INFO             PET0 Finalizing ESMF
