build time -- 2022-03-12 04:20:58
20220312 054105.797 INFO             PET0 !!!!!!!!!!!!!!!!!!!!!!!!!!!!!!!!!!!!!!!!!!!!!!!!!!!!!!
20220312 054105.797 INFO             PET0 !!! THE ESMF_LOG IS SET TO OUTPUT ALL LOG MESSAGES !!!
20220312 054105.797 INFO             PET0 !!!     THIS MAY CAUSE SLOWDOWN IN PERFORMANCE     !!!
20220312 054105.797 INFO             PET0 !!! FOR PRODUCTION RUNS, USE:                      !!!
20220312 054105.797 INFO             PET0 !!!                   ESMF_LOGKIND_Multi_On_Error  !!!
20220312 054105.797 INFO             PET0 !!!!!!!!!!!!!!!!!!!!!!!!!!!!!!!!!!!!!!!!!!!!!!!!!!!!!!
20220312 054105.797 INFO             PET0 Running with ESMF Version   : v8.3.0b09-96-g559b459
20220312 054105.798 INFO             PET0 ESMF library build date/time: "Mar 12 2022" "04:14:42"
20220312 054105.798 INFO             PET0 ESMF library build location : /work/noaa/da/mpotts/sandbox/gfortran_8.3.0_openmpi_g_jedwards_pio_update2
20220312 054105.798 INFO             PET0 ESMF_COMM                   : openmpi
20220312 054105.798 INFO             PET0 ESMF_MOAB                   : enabled
20220312 054105.798 INFO             PET0 ESMF_LAPACK                 : enabled
20220312 054105.798 INFO             PET0 ESMF_NETCDF                 : enabled
20220312 054105.798 INFO             PET0 ESMF_PNETCDF                : disabled
20220312 054105.798 INFO             PET0 ESMF_PIO                    : enabled
20220312 054105.798 INFO             PET0 ESMF_YAMLCPP                : enabled
20220312 054105.798 INFO             PET0 Beginning Test, file ESMC_FieldSMMFromFileUTest.C, line 41
20220312 054105.798 INFO             PET0 Beginning Test, file ESMC_FieldSMMFromFileUTest.C, line 41NUMBER_OF_PROCESSORS 4
20220312 054105.830 INFO             PET0 PIOc_sync Enter - MemInfo: [/proc/meminfo - SSI]	MemTotal:       196442820 kB
20220312 054105.830 INFO             PET0 PIOc_sync Enter - MemInfo: [/proc/meminfo - SSI]	MemFree:        186883228 kB
20220312 054105.830 INFO             PET0 PIOc_sync Enter - MemInfo: [/proc/meminfo - SSI]	MemAvailable:   191708376 kB
20220312 054105.830 INFO             PET0 PIOc_sync Enter - MemInfo: [/proc/meminfo - SSI]	Committed_AS:     653452 kB
20220312 054105.830 INFO             PET0 PIOc_sync Enter - MemInfo: [/proc/meminfo - SSI]	CommittedPercent: 0.332642 %
20220312 054105.830 INFO             PET0 PIOc_sync Enter - MemInfo: [/proc/self/status]	VmPeak:	  671528 kB
20220312 054105.830 INFO             PET0 PIOc_sync Enter - MemInfo: [/proc/self/status]	VmSize:	  671528 kB
20220312 054105.830 INFO             PET0 PIOc_sync Enter - MemInfo: [/proc/self/status]	VmLck:	       0 kB
20220312 054105.830 INFO             PET0 PIOc_sync Enter - MemInfo: [/proc/self/status]	VmPin:	       0 kB
20220312 054105.830 INFO             PET0 PIOc_sync Enter - MemInfo: [/proc/self/status]	VmHWM:	   71292 kB
20220312 054105.830 INFO             PET0 PIOc_sync Enter - MemInfo: [/proc/self/status]	VmRSS:	   41476 kB
20220312 054105.830 INFO             PET0 PIOc_sync Enter - MemInfo: [/proc/self/status]	VmData:	  195588 kB
20220312 054105.830 INFO             PET0 PIOc_sync Enter - MemInfo: [/proc/self/status]	VmStk:	     144 kB
20220312 054105.830 INFO             PET0 PIOc_sync Enter - MemInfo: [/proc/self/status]	VmExe:	     312 kB
20220312 054105.830 INFO             PET0 PIOc_sync Enter - MemInfo: [/proc/self/status]	VmLib:	   82436 kB
20220312 054105.830 INFO             PET0 PIOc_sync Enter - MemInfo: [/proc/self/status]	VmPTE:	     972 kB
20220312 054105.830 INFO             PET0 PIOc_sync Enter - MemInfo: [/proc/self/status]	VmSwap:	       0 kB
20220312 054105.830 INFO             PET0 PIOc_sync Enter - MemInfo: [/proc/self/status]	VmRSSPercent: 0.0211135 %
20220312 054105.830 INFO             PET0 PIOc_sync Enter - MemInfo: [malloc] Non-mmapped space allocated:                 3457024 Byte
20220312 054105.830 INFO             PET0 PIOc_sync Enter - MemInfo: [malloc] Space allocated in mmapped regions:         10502144 Byte
20220312 054105.830 INFO             PET0 PIOc_sync Enter - MemInfo: [malloc] Maximum total allocated space:                     0 Byte
20220312 054105.831 INFO             PET0 PIOc_sync Enter - MemInfo: [malloc] Space in freed fastbin blocks:                  1008 Byte
20220312 054105.831 INFO             PET0 PIOc_sync Enter - MemInfo: [malloc] Total allocated space:                       3153648 Byte
20220312 054105.831 INFO             PET0 PIOc_sync Enter - MemInfo: [malloc] Total free space:                             303376 Byte
20220312 054105.831 INFO             PET0 PIOc_sync Enter - MemInfo: [malloc] Top-most, releasable space:                   102864 Byte
20220312 054105.831 INFO             PET0 PIOc_sync Enter - MemInfo: [malloc] Total space in use, mmap + non-mmap:        13655792 Byte
20220312 054105.831 INFO             PET0 PIOc_sync Enter - MemInfo: [malloc] Total space held (mmap + non-mmap):         13959168 Byte
20220312 054105.831 INFO             PET0 PIOc_sync Enter - MemInfo: [malloc] Total space used (mmap + non-mmap):         13665136 Byte
20220312 054105.831 INFO             PET0 PIOc_sync Enter - MemInfo: Wall-clock time since execution start:              0.0393429 seconds
20220312 054105.831 INFO             PET0 PIOc_sync Exit - MemInfo: [/proc/meminfo - SSI]	MemTotal:       196442820 kB
20220312 054105.831 INFO             PET0 PIOc_sync Exit - MemInfo: [/proc/meminfo - SSI]	MemFree:        186883228 kB
20220312 054105.831 INFO             PET0 PIOc_sync Exit - MemInfo: [/proc/meminfo - SSI]	MemAvailable:   191708376 kB
20220312 054105.831 INFO             PET0 PIOc_sync Exit - MemInfo: [/proc/meminfo - SSI]	Committed_AS:     653452 kB
20220312 054105.831 INFO             PET0 PIOc_sync Exit - MemInfo: [/proc/meminfo - SSI]	CommittedPercent: 0.332642 %
20220312 054105.831 INFO             PET0 PIOc_sync Exit - MemInfo: [/proc/self/status]	VmPeak:	  671528 kB
20220312 054105.831 INFO             PET0 PIOc_sync Exit - MemInfo: [/proc/self/status]	VmSize:	  671528 kB
20220312 054105.831 INFO             PET0 PIOc_sync Exit - MemInfo: [/proc/self/status]	VmLck:	       0 kB
20220312 054105.831 INFO             PET0 PIOc_sync Exit - MemInfo: [/proc/self/status]	VmPin:	       0 kB
20220312 054105.831 INFO             PET0 PIOc_sync Exit - MemInfo: [/proc/self/status]	VmHWM:	   71292 kB
20220312 054105.831 INFO             PET0 PIOc_sync Exit - MemInfo: [/proc/self/status]	VmRSS:	   41592 kB
20220312 054105.831 INFO             PET0 PIOc_sync Exit - MemInfo: [/proc/self/status]	VmData:	  195588 kB
20220312 054105.831 INFO             PET0 PIOc_sync Exit - MemInfo: [/proc/self/status]	VmStk:	     144 kB
20220312 054105.831 INFO             PET0 PIOc_sync Exit - MemInfo: [/proc/self/status]	VmExe:	     312 kB
20220312 054105.831 INFO             PET0 PIOc_sync Exit - MemInfo: [/proc/self/status]	VmLib:	   82436 kB
20220312 054105.831 INFO             PET0 PIOc_sync Exit - MemInfo: [/proc/self/status]	VmPTE:	     972 kB
20220312 054105.831 INFO             PET0 PIOc_sync Exit - MemInfo: [/proc/self/status]	VmSwap:	       0 kB
20220312 054105.832 INFO             PET0 PIOc_sync Exit - MemInfo: [/proc/self/status]	VmRSSPercent: 0.0211726 %
20220312 054105.832 INFO             PET0 PIOc_sync Exit - MemInfo: [malloc] Non-mmapped space allocated:                 3457024 Byte
20220312 054105.832 INFO             PET0 PIOc_sync Exit - MemInfo: [malloc] Space allocated in mmapped regions:         10502144 Byte
20220312 054105.832 INFO             PET0 PIOc_sync Exit - MemInfo: [malloc] Maximum total allocated space:                     0 Byte
20220312 054105.832 INFO             PET0 PIOc_sync Exit - MemInfo: [malloc] Space in freed fastbin blocks:                  1600 Byte
20220312 054105.832 INFO             PET0 PIOc_sync Exit - MemInfo: [malloc] Total allocated space:                       3155984 Byte
20220312 054105.832 INFO             PET0 PIOc_sync Exit - MemInfo: [malloc] Total free space:                             301040 Byte
20220312 054105.832 INFO             PET0 PIOc_sync Exit - MemInfo: [malloc] Top-most, releasable space:                    95488 Byte
20220312 054105.832 INFO             PET0 PIOc_sync Exit - MemInfo: [malloc] Total space in use, mmap + non-mmap:        13658128 Byte
20220312 054105.832 INFO             PET0 PIOc_sync Exit - MemInfo: [malloc] Total space held (mmap + non-mmap):         13959168 Byte
20220312 054105.832 INFO             PET0 PIOc_sync Exit - MemInfo: [malloc] Total space used (mmap + non-mmap):         13667472 Byte
20220312 054105.832 INFO             PET0 PIOc_sync Exit - MemInfo: Wall-clock time since execution start:              0.0403754 seconds
20220312 054105.832 INFO             PET0 PIOc_freedecomp Enter - MemInfo: [/proc/meminfo - SSI]	MemTotal:       196442820 kB
20220312 054105.832 INFO             PET0 PIOc_freedecomp Enter - MemInfo: [/proc/meminfo - SSI]	MemFree:        186890132 kB
20220312 054105.832 INFO             PET0 PIOc_freedecomp Enter - MemInfo: [/proc/meminfo - SSI]	MemAvailable:   191715280 kB
20220312 054105.832 INFO             PET0 PIOc_freedecomp Enter - MemInfo: [/proc/meminfo - SSI]	Committed_AS:     645256 kB
20220312 054105.832 INFO             PET0 PIOc_freedecomp Enter - MemInfo: [/proc/meminfo - SSI]	CommittedPercent: 0.32847 %
20220312 054105.832 INFO             PET0 PIOc_freedecomp Enter - MemInfo: [/proc/self/status]	VmPeak:	  671528 kB
20220312 054105.832 INFO             PET0 PIOc_freedecomp Enter - MemInfo: [/proc/self/status]	VmSize:	  662816 kB
20220312 054105.832 INFO             PET0 PIOc_freedecomp Enter - MemInfo: [/proc/self/status]	VmLck:	       0 kB
20220312 054105.832 INFO             PET0 PIOc_freedecomp Enter - MemInfo: [/proc/self/status]	VmPin:	       0 kB
20220312 054105.832 INFO             PET0 PIOc_freedecomp Enter - MemInfo: [/proc/self/status]	VmHWM:	   71292 kB
20220312 054105.832 INFO             PET0 PIOc_freedecomp Enter - MemInfo: [/proc/self/status]	VmRSS:	   33396 kB
20220312 054105.832 INFO             PET0 PIOc_freedecomp Enter - MemInfo: [/proc/self/status]	VmData:	  186876 kB
20220312 054105.832 INFO             PET0 PIOc_freedecomp Enter - MemInfo: [/proc/self/status]	VmStk:	     144 kB
20220312 054105.832 INFO             PET0 PIOc_freedecomp Enter - MemInfo: [/proc/self/status]	VmExe:	     312 kB
20220312 054105.833 INFO             PET0 PIOc_freedecomp Enter - MemInfo: [/proc/self/status]	VmLib:	   82436 kB
20220312 054105.833 INFO             PET0 PIOc_freedecomp Enter - MemInfo: [/proc/self/status]	VmPTE:	     956 kB
20220312 054105.833 INFO             PET0 PIOc_freedecomp Enter - MemInfo: [/proc/self/status]	VmSwap:	       0 kB
20220312 054105.833 INFO             PET0 PIOc_freedecomp Enter - MemInfo: [/proc/self/status]	VmRSSPercent: 0.0170004 %
20220312 054105.833 INFO             PET0 PIOc_freedecomp Enter - MemInfo: [malloc] Non-mmapped space allocated:                 3457024 Byte
20220312 054105.833 INFO             PET0 PIOc_freedecomp Enter - MemInfo: [malloc] Space allocated in mmapped regions:          1581056 Byte
20220312 054105.833 INFO             PET0 PIOc_freedecomp Enter - MemInfo: [malloc] Maximum total allocated space:                     0 Byte
20220312 054105.833 INFO             PET0 PIOc_freedecomp Enter - MemInfo: [malloc] Space in freed fastbin blocks:                  2400 Byte
20220312 054105.833 INFO             PET0 PIOc_freedecomp Enter - MemInfo: [malloc] Total allocated space:                       3142816 Byte
20220312 054105.833 INFO             PET0 PIOc_freedecomp Enter - MemInfo: [malloc] Total free space:                             314208 Byte
20220312 054105.833 INFO             PET0 PIOc_freedecomp Enter - MemInfo: [malloc] Top-most, releasable space:                    95984 Byte
20220312 054105.833 INFO             PET0 PIOc_freedecomp Enter - MemInfo: [malloc] Total space in use, mmap + non-mmap:         4723872 Byte
20220312 054105.833 INFO             PET0 PIOc_freedecomp Enter - MemInfo: [malloc] Total space held (mmap + non-mmap):          5038080 Byte
20220312 054105.833 INFO             PET0 PIOc_freedecomp Enter - MemInfo: [malloc] Total space used (mmap + non-mmap):          4733216 Byte
20220312 054105.833 INFO             PET0 PIOc_freedecomp Enter - MemInfo: Wall-clock time since execution start:              0.0413654 seconds
20220312 054105.833 INFO             PET0 PIOc_freedecomp Exit - MemInfo: [/proc/meminfo - SSI]	MemTotal:       196442820 kB
20220312 054105.833 INFO             PET0 PIOc_freedecomp Exit - MemInfo: [/proc/meminfo - SSI]	MemFree:        186890132 kB
20220312 054105.833 INFO             PET0 PIOc_freedecomp Exit - MemInfo: [/proc/meminfo - SSI]	MemAvailable:   191715280 kB
20220312 054105.833 INFO             PET0 PIOc_freedecomp Exit - MemInfo: [/proc/meminfo - SSI]	Committed_AS:     645256 kB
20220312 054105.833 INFO             PET0 PIOc_freedecomp Exit - MemInfo: [/proc/meminfo - SSI]	CommittedPercent: 0.32847 %
20220312 054105.833 INFO             PET0 PIOc_freedecomp Exit - MemInfo: [/proc/self/status]	VmPeak:	  671528 kB
20220312 054105.833 INFO             PET0 PIOc_freedecomp Exit - MemInfo: [/proc/self/status]	VmSize:	  662816 kB
20220312 054105.833 INFO             PET0 PIOc_freedecomp Exit - MemInfo: [/proc/self/status]	VmLck:	       0 kB
20220312 054105.833 INFO             PET0 PIOc_freedecomp Exit - MemInfo: [/proc/self/status]	VmPin:	       0 kB
20220312 054105.833 INFO             PET0 PIOc_freedecomp Exit - MemInfo: [/proc/self/status]	VmHWM:	   71292 kB
20220312 054105.833 INFO             PET0 PIOc_freedecomp Exit - MemInfo: [/proc/self/status]	VmRSS:	   33396 kB
20220312 054105.833 INFO             PET0 PIOc_freedecomp Exit - MemInfo: [/proc/self/status]	VmData:	  186876 kB
20220312 054105.833 INFO             PET0 PIOc_freedecomp Exit - MemInfo: [/proc/self/status]	VmStk:	     144 kB
20220312 054105.833 INFO             PET0 PIOc_freedecomp Exit - MemInfo: [/proc/self/status]	VmExe:	     312 kB
20220312 054105.833 INFO             PET0 PIOc_freedecomp Exit - MemInfo: [/proc/self/status]	VmLib:	   82436 kB
20220312 054105.833 INFO             PET0 PIOc_freedecomp Exit - MemInfo: [/proc/self/status]	VmPTE:	     956 kB
20220312 054105.833 INFO             PET0 PIOc_freedecomp Exit - MemInfo: [/proc/self/status]	VmSwap:	       0 kB
20220312 054105.833 INFO             PET0 PIOc_freedecomp Exit - MemInfo: [/proc/self/status]	VmRSSPercent: 0.0170004 %
20220312 054105.833 INFO             PET0 PIOc_freedecomp Exit - MemInfo: [malloc] Non-mmapped space allocated:                 3457024 Byte
20220312 054105.833 INFO             PET0 PIOc_freedecomp Exit - MemInfo: [malloc] Space allocated in mmapped regions:          1581056 Byte
20220312 054105.833 INFO             PET0 PIOc_freedecomp Exit - MemInfo: [malloc] Maximum total allocated space:                     0 Byte
20220312 054105.833 INFO             PET0 PIOc_freedecomp Exit - MemInfo: [malloc] Space in freed fastbin blocks:                  2688 Byte
20220312 054105.833 INFO             PET0 PIOc_freedecomp Exit - MemInfo: [malloc] Total allocated space:                       3135072 Byte
20220312 054105.833 INFO             PET0 PIOc_freedecomp Exit - MemInfo: [malloc] Total free space:                             321952 Byte
20220312 054105.833 INFO             PET0 PIOc_freedecomp Exit - MemInfo: [malloc] Top-most, releasable space:                    95984 Byte
20220312 054105.833 INFO             PET0 PIOc_freedecomp Exit - MemInfo: [malloc] Total space in use, mmap + non-mmap:         4716128 Byte
20220312 054105.833 INFO             PET0 PIOc_freedecomp Exit - MemInfo: [malloc] Total space held (mmap + non-mmap):          5038080 Byte
20220312 054105.833 INFO             PET0 PIOc_freedecomp Exit - MemInfo: [malloc] Total space used (mmap + non-mmap):          4725472 Byte
20220312 054105.833 INFO             PET0 PIOc_freedecomp Exit - MemInfo: Wall-clock time since execution start:              0.0417453 seconds
20220312 054105.836 INFO             PET0 PIOc_sync Enter - MemInfo: [/proc/meminfo - SSI]	MemTotal:       196442820 kB
20220312 054105.836 INFO             PET0 PIOc_sync Enter - MemInfo: [/proc/meminfo - SSI]	MemFree:        186885648 kB
20220312 054105.836 INFO             PET0 PIOc_sync Enter - MemInfo: [/proc/meminfo - SSI]	MemAvailable:   191710796 kB
20220312 054105.836 INFO             PET0 PIOc_sync Enter - MemInfo: [/proc/meminfo - SSI]	Committed_AS:     653460 kB
20220312 054105.836 INFO             PET0 PIOc_sync Enter - MemInfo: [/proc/meminfo - SSI]	CommittedPercent: 0.332646 %
20220312 054105.836 INFO             PET0 PIOc_sync Enter - MemInfo: [/proc/self/status]	VmPeak:	  671536 kB
20220312 054105.836 INFO             PET0 PIOc_sync Enter - MemInfo: [/proc/self/status]	VmSize:	  671536 kB
20220312 054105.836 INFO             PET0 PIOc_sync Enter - MemInfo: [/proc/self/status]	VmLck:	       0 kB
20220312 054105.836 INFO             PET0 PIOc_sync Enter - MemInfo: [/proc/self/status]	VmPin:	       0 kB
20220312 054105.836 INFO             PET0 PIOc_sync Enter - MemInfo: [/proc/self/status]	VmHWM:	   71292 kB
20220312 054105.836 INFO             PET0 PIOc_sync Enter - MemInfo: [/proc/self/status]	VmRSS:	   38776 kB
20220312 054105.836 INFO             PET0 PIOc_sync Enter - MemInfo: [/proc/self/status]	VmData:	  195596 kB
20220312 054105.836 INFO             PET0 PIOc_sync Enter - MemInfo: [/proc/self/status]	VmStk:	     144 kB
20220312 054105.836 INFO             PET0 PIOc_sync Enter - MemInfo: [/proc/self/status]	VmExe:	     312 kB
20220312 054105.836 INFO             PET0 PIOc_sync Enter - MemInfo: [/proc/self/status]	VmLib:	   82436 kB
20220312 054105.836 INFO             PET0 PIOc_sync Enter - MemInfo: [/proc/self/status]	VmPTE:	     968 kB
20220312 054105.836 INFO             PET0 PIOc_sync Enter - MemInfo: [/proc/self/status]	VmSwap:	       0 kB
20220312 054105.836 INFO             PET0 PIOc_sync Enter - MemInfo: [/proc/self/status]	VmRSSPercent: 0.0197391 %
20220312 054105.836 INFO             PET0 PIOc_sync Enter - MemInfo: [malloc] Non-mmapped space allocated:                12386304 Byte
20220312 054105.836 INFO             PET0 PIOc_sync Enter - MemInfo: [malloc] Space allocated in mmapped regions:          1581056 Byte
20220312 054105.836 INFO             PET0 PIOc_sync Enter - MemInfo: [malloc] Maximum total allocated space:                     0 Byte
20220312 054105.836 INFO             PET0 PIOc_sync Enter - MemInfo: [malloc] Space in freed fastbin blocks:                  1520 Byte
20220312 054105.836 INFO             PET0 PIOc_sync Enter - MemInfo: [malloc] Total allocated space:                      12066816 Byte
20220312 054105.836 INFO             PET0 PIOc_sync Enter - MemInfo: [malloc] Total free space:                             319488 Byte
20220312 054105.836 INFO             PET0 PIOc_sync Enter - MemInfo: [malloc] Top-most, releasable space:                   118576 Byte
20220312 054105.836 INFO             PET0 PIOc_sync Enter - MemInfo: [malloc] Total space in use, mmap + non-mmap:        13647872 Byte
20220312 054105.836 INFO             PET0 PIOc_sync Enter - MemInfo: [malloc] Total space held (mmap + non-mmap):         13967360 Byte
20220312 054105.836 INFO             PET0 PIOc_sync Enter - MemInfo: [malloc] Total space used (mmap + non-mmap):         13657216 Byte
20220312 054105.836 INFO             PET0 PIOc_sync Enter - MemInfo: Wall-clock time since execution start:              0.0446421 seconds
20220312 054105.836 INFO             PET0 PIOc_sync Exit - MemInfo: [/proc/meminfo - SSI]	MemTotal:       196442820 kB
20220312 054105.836 INFO             PET0 PIOc_sync Exit - MemInfo: [/proc/meminfo - SSI]	MemFree:        186885648 kB
20220312 054105.836 INFO             PET0 PIOc_sync Exit - MemInfo: [/proc/meminfo - SSI]	MemAvailable:   191710796 kB
20220312 054105.836 INFO             PET0 PIOc_sync Exit - MemInfo: [/proc/meminfo - SSI]	Committed_AS:     653460 kB
20220312 054105.836 INFO             PET0 PIOc_sync Exit - MemInfo: [/proc/meminfo - SSI]	CommittedPercent: 0.332646 %
20220312 054105.836 INFO             PET0 PIOc_sync Exit - MemInfo: [/proc/self/status]	VmPeak:	  671536 kB
20220312 054105.836 INFO             PET0 PIOc_sync Exit - MemInfo: [/proc/self/status]	VmSize:	  671536 kB
20220312 054105.836 INFO             PET0 PIOc_sync Exit - MemInfo: [/proc/self/status]	VmLck:	       0 kB
20220312 054105.836 INFO             PET0 PIOc_sync Exit - MemInfo: [/proc/self/status]	VmPin:	       0 kB
20220312 054105.836 INFO             PET0 PIOc_sync Exit - MemInfo: [/proc/self/status]	VmHWM:	   71292 kB
20220312 054105.836 INFO             PET0 PIOc_sync Exit - MemInfo: [/proc/self/status]	VmRSS:	   38796 kB
20220312 054105.836 INFO             PET0 PIOc_sync Exit - MemInfo: [/proc/self/status]	VmData:	  195596 kB
20220312 054105.836 INFO             PET0 PIOc_sync Exit - MemInfo: [/proc/self/status]	VmStk:	     144 kB
20220312 054105.836 INFO             PET0 PIOc_sync Exit - MemInfo: [/proc/self/status]	VmExe:	     312 kB
20220312 054105.836 INFO             PET0 PIOc_sync Exit - MemInfo: [/proc/self/status]	VmLib:	   82436 kB
20220312 054105.836 INFO             PET0 PIOc_sync Exit - MemInfo: [/proc/self/status]	VmPTE:	     968 kB
20220312 054105.836 INFO             PET0 PIOc_sync Exit - MemInfo: [/proc/self/status]	VmSwap:	       0 kB
20220312 054105.837 INFO             PET0 PIOc_sync Exit - MemInfo: [/proc/self/status]	VmRSSPercent: 0.0197493 %
20220312 054105.837 INFO             PET0 PIOc_sync Exit - MemInfo: [malloc] Non-mmapped space allocated:                12386304 Byte
20220312 054105.837 INFO             PET0 PIOc_sync Exit - MemInfo: [malloc] Space allocated in mmapped regions:          1581056 Byte
20220312 054105.837 INFO             PET0 PIOc_sync Exit - MemInfo: [malloc] Maximum total allocated space:                     0 Byte
20220312 054105.837 INFO             PET0 PIOc_sync Exit - MemInfo: [malloc] Space in freed fastbin blocks:                  1600 Byte
20220312 054105.837 INFO             PET0 PIOc_sync Exit - MemInfo: [malloc] Total allocated space:                      12069408 Byte
20220312 054105.837 INFO             PET0 PIOc_sync Exit - MemInfo: [malloc] Total free space:                             316896 Byte
20220312 054105.837 INFO             PET0 PIOc_sync Exit - MemInfo: [malloc] Top-most, releasable space:                   112528 Byte
20220312 054105.837 INFO             PET0 PIOc_sync Exit - MemInfo: [malloc] Total space in use, mmap + non-mmap:        13650464 Byte
20220312 054105.837 INFO             PET0 PIOc_sync Exit - MemInfo: [malloc] Total space held (mmap + non-mmap):         13967360 Byte
20220312 054105.837 INFO             PET0 PIOc_sync Exit - MemInfo: [malloc] Total space used (mmap + non-mmap):         13659808 Byte
20220312 054105.837 INFO             PET0 PIOc_sync Exit - MemInfo: Wall-clock time since execution start:              0.0453365 seconds
20220312 054105.837 INFO             PET0 PIOc_freedecomp Enter - MemInfo: [/proc/meminfo - SSI]	MemTotal:       196442820 kB
20220312 054105.837 INFO             PET0 PIOc_freedecomp Enter - MemInfo: [/proc/meminfo - SSI]	MemFree:        186885648 kB
20220312 054105.837 INFO             PET0 PIOc_freedecomp Enter - MemInfo: [/proc/meminfo - SSI]	MemAvailable:   191710796 kB
20220312 054105.837 INFO             PET0 PIOc_freedecomp Enter - MemInfo: [/proc/meminfo - SSI]	Committed_AS:     653460 kB
20220312 054105.837 INFO             PET0 PIOc_freedecomp Enter - MemInfo: [/proc/meminfo - SSI]	CommittedPercent: 0.332646 %
20220312 054105.837 INFO             PET0 PIOc_freedecomp Enter - MemInfo: [/proc/self/status]	VmPeak:	  671536 kB
20220312 054105.837 INFO             PET0 PIOc_freedecomp Enter - MemInfo: [/proc/self/status]	VmSize:	  671536 kB
20220312 054105.837 INFO             PET0 PIOc_freedecomp Enter - MemInfo: [/proc/self/status]	VmLck:	       0 kB
20220312 054105.837 INFO             PET0 PIOc_freedecomp Enter - MemInfo: [/proc/self/status]	VmPin:	       0 kB
20220312 054105.837 INFO             PET0 PIOc_freedecomp Enter - MemInfo: [/proc/self/status]	VmHWM:	   71292 kB
20220312 054105.837 INFO             PET0 PIOc_freedecomp Enter - MemInfo: [/proc/self/status]	VmRSS:	   38800 kB
20220312 054105.837 INFO             PET0 PIOc_freedecomp Enter - MemInfo: [/proc/self/status]	VmData:	  195596 kB
20220312 054105.837 INFO             PET0 PIOc_freedecomp Enter - MemInfo: [/proc/self/status]	VmStk:	     144 kB
20220312 054105.837 INFO             PET0 PIOc_freedecomp Enter - MemInfo: [/proc/self/status]	VmExe:	     312 kB
20220312 054105.837 INFO             PET0 PIOc_freedecomp Enter - MemInfo: [/proc/self/status]	VmLib:	   82436 kB
20220312 054105.837 INFO             PET0 PIOc_freedecomp Enter - MemInfo: [/proc/self/status]	VmPTE:	     968 kB
20220312 054105.837 INFO             PET0 PIOc_freedecomp Enter - MemInfo: [/proc/self/status]	VmSwap:	       0 kB
20220312 054105.837 INFO             PET0 PIOc_freedecomp Enter - MemInfo: [/proc/self/status]	VmRSSPercent: 0.0197513 %
20220312 054105.837 INFO             PET0 PIOc_freedecomp Enter - MemInfo: [malloc] Non-mmapped space allocated:                12386304 Byte
20220312 054105.837 INFO             PET0 PIOc_freedecomp Enter - MemInfo: [malloc] Space allocated in mmapped regions:          1581056 Byte
20220312 054105.837 INFO             PET0 PIOc_freedecomp Enter - MemInfo: [malloc] Maximum total allocated space:                     0 Byte
20220312 054105.837 INFO             PET0 PIOc_freedecomp Enter - MemInfo: [malloc] Space in freed fastbin blocks:                  1504 Byte
20220312 054105.837 INFO             PET0 PIOc_freedecomp Enter - MemInfo: [malloc] Total allocated space:                       3142864 Byte
20220312 054105.837 INFO             PET0 PIOc_freedecomp Enter - MemInfo: [malloc] Total free space:                            9243440 Byte
20220312 054105.837 INFO             PET0 PIOc_freedecomp Enter - MemInfo: [malloc] Top-most, releasable space:                   113024 Byte
20220312 054105.837 INFO             PET0 PIOc_freedecomp Enter - MemInfo: [malloc] Total space in use, mmap + non-mmap:         4723920 Byte
20220312 054105.837 INFO             PET0 PIOc_freedecomp Enter - MemInfo: [malloc] Total space held (mmap + non-mmap):         13967360 Byte
20220312 054105.837 INFO             PET0 PIOc_freedecomp Enter - MemInfo: [malloc] Total space used (mmap + non-mmap):          4733264 Byte
20220312 054105.837 INFO             PET0 PIOc_freedecomp Enter - MemInfo: Wall-clock time since execution start:              0.0460453 seconds
20220312 054105.837 INFO             PET0 PIOc_freedecomp Exit - MemInfo: [/proc/meminfo - SSI]	MemTotal:       196442820 kB
20220312 054105.837 INFO             PET0 PIOc_freedecomp Exit - MemInfo: [/proc/meminfo - SSI]	MemFree:        186885648 kB
20220312 054105.837 INFO             PET0 PIOc_freedecomp Exit - MemInfo: [/proc/meminfo - SSI]	MemAvailable:   191710796 kB
20220312 054105.837 INFO             PET0 PIOc_freedecomp Exit - MemInfo: [/proc/meminfo - SSI]	Committed_AS:     653460 kB
20220312 054105.837 INFO             PET0 PIOc_freedecomp Exit - MemInfo: [/proc/meminfo - SSI]	CommittedPercent: 0.332646 %
20220312 054105.837 INFO             PET0 PIOc_freedecomp Exit - MemInfo: [/proc/self/status]	VmPeak:	  671536 kB
20220312 054105.837 INFO             PET0 PIOc_freedecomp Exit - MemInfo: [/proc/self/status]	VmSize:	  671536 kB
20220312 054105.838 INFO             PET0 PIOc_freedecomp Exit - MemInfo: [/proc/self/status]	VmLck:	       0 kB
20220312 054105.838 INFO             PET0 PIOc_freedecomp Exit - MemInfo: [/proc/self/status]	VmPin:	       0 kB
20220312 054105.838 INFO             PET0 PIOc_freedecomp Exit - MemInfo: [/proc/self/status]	VmHWM:	   71292 kB
20220312 054105.838 INFO             PET0 PIOc_freedecomp Exit - MemInfo: [/proc/self/status]	VmRSS:	   38800 kB
20220312 054105.838 INFO             PET0 PIOc_freedecomp Exit - MemInfo: [/proc/self/status]	VmData:	  195596 kB
20220312 054105.838 INFO             PET0 PIOc_freedecomp Exit - MemInfo: [/proc/self/status]	VmStk:	     144 kB
20220312 054105.838 INFO             PET0 PIOc_freedecomp Exit - MemInfo: [/proc/self/status]	VmExe:	     312 kB
20220312 054105.838 INFO             PET0 PIOc_freedecomp Exit - MemInfo: [/proc/self/status]	VmLib:	   82436 kB
20220312 054105.838 INFO             PET0 PIOc_freedecomp Exit - MemInfo: [/proc/self/status]	VmPTE:	     968 kB
20220312 054105.838 INFO             PET0 PIOc_freedecomp Exit - MemInfo: [/proc/self/status]	VmSwap:	       0 kB
20220312 054105.838 INFO             PET0 PIOc_freedecomp Exit - MemInfo: [/proc/self/status]	VmRSSPercent: 0.0197513 %
20220312 054105.838 INFO             PET0 PIOc_freedecomp Exit - MemInfo: [malloc] Non-mmapped space allocated:                12386304 Byte
20220312 054105.838 INFO             PET0 PIOc_freedecomp Exit - MemInfo: [malloc] Space allocated in mmapped regions:          1581056 Byte
20220312 054105.838 INFO             PET0 PIOc_freedecomp Exit - MemInfo: [malloc] Maximum total allocated space:                     0 Byte
20220312 054105.838 INFO             PET0 PIOc_freedecomp Exit - MemInfo: [malloc] Space in freed fastbin blocks:                  2976 Byte
20220312 054105.838 INFO             PET0 PIOc_freedecomp Exit - MemInfo: [malloc] Total allocated space:                       3135120 Byte
20220312 054105.838 INFO             PET0 PIOc_freedecomp Exit - MemInfo: [malloc] Total free space:                            9251184 Byte
20220312 054105.838 INFO             PET0 PIOc_freedecomp Exit - MemInfo: [malloc] Top-most, releasable space:                   113024 Byte
20220312 054105.838 INFO             PET0 PIOc_freedecomp Exit - MemInfo: [malloc] Total space in use, mmap + non-mmap:         4716176 Byte
20220312 054105.838 INFO             PET0 PIOc_freedecomp Exit - MemInfo: [malloc] Total space held (mmap + non-mmap):         13967360 Byte
20220312 054105.838 INFO             PET0 PIOc_freedecomp Exit - MemInfo: [malloc] Total space used (mmap + non-mmap):          4725520 Byte
20220312 054105.838 INFO             PET0 PIOc_freedecomp Exit - MemInfo: Wall-clock time since execution start:              0.0464231 seconds
20220312 054105.840 INFO             PET0 PIOc_sync Enter - MemInfo: [/proc/meminfo - SSI]	MemTotal:       196442820 kB
20220312 054105.840 INFO             PET0 PIOc_sync Enter - MemInfo: [/proc/meminfo - SSI]	MemFree:        186885648 kB
20220312 054105.840 INFO             PET0 PIOc_sync Enter - MemInfo: [/proc/meminfo - SSI]	MemAvailable:   191710796 kB
20220312 054105.840 INFO             PET0 PIOc_sync Enter - MemInfo: [/proc/meminfo - SSI]	Committed_AS:     653460 kB
20220312 054105.840 INFO             PET0 PIOc_sync Enter - MemInfo: [/proc/meminfo - SSI]	CommittedPercent: 0.332646 %
20220312 054105.840 INFO             PET0 PIOc_sync Enter - MemInfo: [/proc/self/status]	VmPeak:	  671540 kB
20220312 054105.840 INFO             PET0 PIOc_sync Enter - MemInfo: [/proc/self/status]	VmSize:	  671536 kB
20220312 054105.840 INFO             PET0 PIOc_sync Enter - MemInfo: [/proc/self/status]	VmLck:	       0 kB
20220312 054105.840 INFO             PET0 PIOc_sync Enter - MemInfo: [/proc/self/status]	VmPin:	       0 kB
20220312 054105.840 INFO             PET0 PIOc_sync Enter - MemInfo: [/proc/self/status]	VmHWM:	   71292 kB
20220312 054105.840 INFO             PET0 PIOc_sync Enter - MemInfo: [/proc/self/status]	VmRSS:	   39192 kB
20220312 054105.840 INFO             PET0 PIOc_sync Enter - MemInfo: [/proc/self/status]	VmData:	  195596 kB
20220312 054105.840 INFO             PET0 PIOc_sync Enter - MemInfo: [/proc/self/status]	VmStk:	     144 kB
20220312 054105.840 INFO             PET0 PIOc_sync Enter - MemInfo: [/proc/self/status]	VmExe:	     312 kB
20220312 054105.840 INFO             PET0 PIOc_sync Enter - MemInfo: [/proc/self/status]	VmLib:	   82436 kB
20220312 054105.840 INFO             PET0 PIOc_sync Enter - MemInfo: [/proc/self/status]	VmPTE:	     968 kB
20220312 054105.840 INFO             PET0 PIOc_sync Enter - MemInfo: [/proc/self/status]	VmSwap:	       0 kB
20220312 054105.840 INFO             PET0 PIOc_sync Enter - MemInfo: [/proc/self/status]	VmRSSPercent: 0.0199508 %
20220312 054105.840 INFO             PET0 PIOc_sync Enter - MemInfo: [malloc] Non-mmapped space allocated:                12386304 Byte
20220312 054105.840 INFO             PET0 PIOc_sync Enter - MemInfo: [malloc] Space allocated in mmapped regions:          1581056 Byte
20220312 054105.840 INFO             PET0 PIOc_sync Enter - MemInfo: [malloc] Maximum total allocated space:                     0 Byte
20220312 054105.840 INFO             PET0 PIOc_sync Enter - MemInfo: [malloc] Space in freed fastbin blocks:                  1664 Byte
20220312 054105.840 INFO             PET0 PIOc_sync Enter - MemInfo: [malloc] Total allocated space:                      12067200 Byte
20220312 054105.840 INFO             PET0 PIOc_sync Enter - MemInfo: [malloc] Total free space:                             319104 Byte
20220312 054105.840 INFO             PET0 PIOc_sync Enter - MemInfo: [malloc] Top-most, releasable space:                   117952 Byte
20220312 054105.840 INFO             PET0 PIOc_sync Enter - MemInfo: [malloc] Total space in use, mmap + non-mmap:        13648256 Byte
20220312 054105.840 INFO             PET0 PIOc_sync Enter - MemInfo: [malloc] Total space held (mmap + non-mmap):         13967360 Byte
20220312 054105.840 INFO             PET0 PIOc_sync Enter - MemInfo: [malloc] Total space used (mmap + non-mmap):         13657600 Byte
20220312 054105.840 INFO             PET0 PIOc_sync Enter - MemInfo: Wall-clock time since execution start:              0.0486951 seconds
20220312 054105.840 INFO             PET0 PIOc_sync Exit - MemInfo: [/proc/meminfo - SSI]	MemTotal:       196442820 kB
20220312 054105.840 INFO             PET0 PIOc_sync Exit - MemInfo: [/proc/meminfo - SSI]	MemFree:        186885648 kB
20220312 054105.840 INFO             PET0 PIOc_sync Exit - MemInfo: [/proc/meminfo - SSI]	MemAvailable:   191710796 kB
20220312 054105.840 INFO             PET0 PIOc_sync Exit - MemInfo: [/proc/meminfo - SSI]	Committed_AS:     653460 kB
20220312 054105.840 INFO             PET0 PIOc_sync Exit - MemInfo: [/proc/meminfo - SSI]	CommittedPercent: 0.332646 %
20220312 054105.840 INFO             PET0 PIOc_sync Exit - MemInfo: [/proc/self/status]	VmPeak:	  671540 kB
20220312 054105.840 INFO             PET0 PIOc_sync Exit - MemInfo: [/proc/self/status]	VmSize:	  671536 kB
20220312 054105.840 INFO             PET0 PIOc_sync Exit - MemInfo: [/proc/self/status]	VmLck:	       0 kB
20220312 054105.840 INFO             PET0 PIOc_sync Exit - MemInfo: [/proc/self/status]	VmPin:	       0 kB
20220312 054105.840 INFO             PET0 PIOc_sync Exit - MemInfo: [/proc/self/status]	VmHWM:	   71292 kB
20220312 054105.840 INFO             PET0 PIOc_sync Exit - MemInfo: [/proc/self/status]	VmRSS:	   39192 kB
20220312 054105.841 INFO             PET0 PIOc_sync Exit - MemInfo: [/proc/self/status]	VmData:	  195596 kB
20220312 054105.841 INFO             PET0 PIOc_sync Exit - MemInfo: [/proc/self/status]	VmStk:	     144 kB
20220312 054105.841 INFO             PET0 PIOc_sync Exit - MemInfo: [/proc/self/status]	VmExe:	     312 kB
20220312 054105.841 INFO             PET0 PIOc_sync Exit - MemInfo: [/proc/self/status]	VmLib:	   82436 kB
20220312 054105.841 INFO             PET0 PIOc_sync Exit - MemInfo: [/proc/self/status]	VmPTE:	     968 kB
20220312 054105.841 INFO             PET0 PIOc_sync Exit - MemInfo: [/proc/self/status]	VmSwap:	       0 kB
20220312 054105.841 INFO             PET0 PIOc_sync Exit - MemInfo: [/proc/self/status]	VmRSSPercent: 0.0199508 %
20220312 054105.841 INFO             PET0 PIOc_sync Exit - MemInfo: [malloc] Non-mmapped space allocated:                12386304 Byte
20220312 054105.841 INFO             PET0 PIOc_sync Exit - MemInfo: [malloc] Space allocated in mmapped regions:          1581056 Byte
20220312 054105.841 INFO             PET0 PIOc_sync Exit - MemInfo: [malloc] Maximum total allocated space:                     0 Byte
20220312 054105.841 INFO             PET0 PIOc_sync Exit - MemInfo: [malloc] Space in freed fastbin blocks:                  1696 Byte
20220312 054105.841 INFO             PET0 PIOc_sync Exit - MemInfo: [malloc] Total allocated space:                      12069792 Byte
20220312 054105.841 INFO             PET0 PIOc_sync Exit - MemInfo: [malloc] Total free space:                             316512 Byte
20220312 054105.841 INFO             PET0 PIOc_sync Exit - MemInfo: [malloc] Top-most, releasable space:                   112112 Byte
20220312 054105.841 INFO             PET0 PIOc_sync Exit - MemInfo: [malloc] Total space in use, mmap + non-mmap:        13650848 Byte
20220312 054105.841 INFO             PET0 PIOc_sync Exit - MemInfo: [malloc] Total space held (mmap + non-mmap):         13967360 Byte
20220312 054105.841 INFO             PET0 PIOc_sync Exit - MemInfo: [malloc] Total space used (mmap + non-mmap):         13660192 Byte
20220312 054105.841 INFO             PET0 PIOc_sync Exit - MemInfo: Wall-clock time since execution start:              0.0493981 seconds
20220312 054105.841 INFO             PET0 PIOc_freedecomp Enter - MemInfo: [/proc/meminfo - SSI]	MemTotal:       196442820 kB
20220312 054105.841 INFO             PET0 PIOc_freedecomp Enter - MemInfo: [/proc/meminfo - SSI]	MemFree:        186885648 kB
20220312 054105.841 INFO             PET0 PIOc_freedecomp Enter - MemInfo: [/proc/meminfo - SSI]	MemAvailable:   191710796 kB
20220312 054105.841 INFO             PET0 PIOc_freedecomp Enter - MemInfo: [/proc/meminfo - SSI]	Committed_AS:     653460 kB
20220312 054105.841 INFO             PET0 PIOc_freedecomp Enter - MemInfo: [/proc/meminfo - SSI]	CommittedPercent: 0.332646 %
20220312 054105.841 INFO             PET0 PIOc_freedecomp Enter - MemInfo: [/proc/self/status]	VmPeak:	  671540 kB
20220312 054105.841 INFO             PET0 PIOc_freedecomp Enter - MemInfo: [/proc/self/status]	VmSize:	  671536 kB
20220312 054105.841 INFO             PET0 PIOc_freedecomp Enter - MemInfo: [/proc/self/status]	VmLck:	       0 kB
20220312 054105.841 INFO             PET0 PIOc_freedecomp Enter - MemInfo: [/proc/self/status]	VmPin:	       0 kB
20220312 054105.841 INFO             PET0 PIOc_freedecomp Enter - MemInfo: [/proc/self/status]	VmHWM:	   71292 kB
20220312 054105.841 INFO             PET0 PIOc_freedecomp Enter - MemInfo: [/proc/self/status]	VmRSS:	   39192 kB
20220312 054105.841 INFO             PET0 PIOc_freedecomp Enter - MemInfo: [/proc/self/status]	VmData:	  195596 kB
20220312 054105.841 INFO             PET0 PIOc_freedecomp Enter - MemInfo: [/proc/self/status]	VmStk:	     144 kB
20220312 054105.841 INFO             PET0 PIOc_freedecomp Enter - MemInfo: [/proc/self/status]	VmExe:	     312 kB
20220312 054105.841 INFO             PET0 PIOc_freedecomp Enter - MemInfo: [/proc/self/status]	VmLib:	   82436 kB
20220312 054105.841 INFO             PET0 PIOc_freedecomp Enter - MemInfo: [/proc/self/status]	VmPTE:	     968 kB
20220312 054105.841 INFO             PET0 PIOc_freedecomp Enter - MemInfo: [/proc/self/status]	VmSwap:	       0 kB
20220312 054105.841 INFO             PET0 PIOc_freedecomp Enter - MemInfo: [/proc/self/status]	VmRSSPercent: 0.0199508 %
20220312 054105.841 INFO             PET0 PIOc_freedecomp Enter - MemInfo: [malloc] Non-mmapped space allocated:                12386304 Byte
20220312 054105.841 INFO             PET0 PIOc_freedecomp Enter - MemInfo: [malloc] Space allocated in mmapped regions:          1581056 Byte
20220312 054105.841 INFO             PET0 PIOc_freedecomp Enter - MemInfo: [malloc] Maximum total allocated space:                     0 Byte
20220312 054105.841 INFO             PET0 PIOc_freedecomp Enter - MemInfo: [malloc] Space in freed fastbin blocks:                  1296 Byte
20220312 054105.841 INFO             PET0 PIOc_freedecomp Enter - MemInfo: [malloc] Total allocated space:                       3142832 Byte
20220312 054105.841 INFO             PET0 PIOc_freedecomp Enter - MemInfo: [malloc] Total free space:                            9243472 Byte
20220312 054105.841 INFO             PET0 PIOc_freedecomp Enter - MemInfo: [malloc] Top-most, releasable space:                   112608 Byte
20220312 054105.841 INFO             PET0 PIOc_freedecomp Enter - MemInfo: [malloc] Total space in use, mmap + non-mmap:         4723888 Byte
20220312 054105.841 INFO             PET0 PIOc_freedecomp Enter - MemInfo: [malloc] Total space held (mmap + non-mmap):         13967360 Byte
20220312 054105.841 INFO             PET0 PIOc_freedecomp Enter - MemInfo: [malloc] Total space used (mmap + non-mmap):          4733232 Byte
20220312 054105.841 INFO             PET0 PIOc_freedecomp Enter - MemInfo: Wall-clock time since execution start:              0.0501801 seconds
20220312 054105.842 INFO             PET0 PIOc_freedecomp Exit - MemInfo: [/proc/meminfo - SSI]	MemTotal:       196442820 kB
20220312 054105.842 INFO             PET0 PIOc_freedecomp Exit - MemInfo: [/proc/meminfo - SSI]	MemFree:        186885648 kB
20220312 054105.842 INFO             PET0 PIOc_freedecomp Exit - MemInfo: [/proc/meminfo - SSI]	MemAvailable:   191710796 kB
20220312 054105.842 INFO             PET0 PIOc_freedecomp Exit - MemInfo: [/proc/meminfo - SSI]	Committed_AS:     653460 kB
20220312 054105.842 INFO             PET0 PIOc_freedecomp Exit - MemInfo: [/proc/meminfo - SSI]	CommittedPercent: 0.332646 %
20220312 054105.842 INFO             PET0 PIOc_freedecomp Exit - MemInfo: [/proc/self/status]	VmPeak:	  671540 kB
20220312 054105.842 INFO             PET0 PIOc_freedecomp Exit - MemInfo: [/proc/self/status]	VmSize:	  671536 kB
20220312 054105.842 INFO             PET0 PIOc_freedecomp Exit - MemInfo: [/proc/self/status]	VmLck:	       0 kB
20220312 054105.842 INFO             PET0 PIOc_freedecomp Exit - MemInfo: [/proc/self/status]	VmPin:	       0 kB
20220312 054105.842 INFO             PET0 PIOc_freedecomp Exit - MemInfo: [/proc/self/status]	VmHWM:	   71292 kB
20220312 054105.842 INFO             PET0 PIOc_freedecomp Exit - MemInfo: [/proc/self/status]	VmRSS:	   39192 kB
20220312 054105.842 INFO             PET0 PIOc_freedecomp Exit - MemInfo: [/proc/self/status]	VmData:	  195596 kB
20220312 054105.842 INFO             PET0 PIOc_freedecomp Exit - MemInfo: [/proc/self/status]	VmStk:	     144 kB
20220312 054105.842 INFO             PET0 PIOc_freedecomp Exit - MemInfo: [/proc/self/status]	VmExe:	     312 kB
20220312 054105.842 INFO             PET0 PIOc_freedecomp Exit - MemInfo: [/proc/self/status]	VmLib:	   82436 kB
20220312 054105.842 INFO             PET0 PIOc_freedecomp Exit - MemInfo: [/proc/self/status]	VmPTE:	     968 kB
20220312 054105.842 INFO             PET0 PIOc_freedecomp Exit - MemInfo: [/proc/self/status]	VmSwap:	       0 kB
20220312 054105.842 INFO             PET0 PIOc_freedecomp Exit - MemInfo: [/proc/self/status]	VmRSSPercent: 0.0199508 %
20220312 054105.842 INFO             PET0 PIOc_freedecomp Exit - MemInfo: [malloc] Non-mmapped space allocated:                12386304 Byte
20220312 054105.842 INFO             PET0 PIOc_freedecomp Exit - MemInfo: [malloc] Space allocated in mmapped regions:          1581056 Byte
20220312 054105.842 INFO             PET0 PIOc_freedecomp Exit - MemInfo: [malloc] Maximum total allocated space:                     0 Byte
20220312 054105.842 INFO             PET0 PIOc_freedecomp Exit - MemInfo: [malloc] Space in freed fastbin blocks:                  2720 Byte
20220312 054105.842 INFO             PET0 PIOc_freedecomp Exit - MemInfo: [malloc] Total allocated space:                       3135088 Byte
20220312 054105.842 INFO             PET0 PIOc_freedecomp Exit - MemInfo: [malloc] Total free space:                            9251216 Byte
20220312 054105.842 INFO             PET0 PIOc_freedecomp Exit - MemInfo: [malloc] Top-most, releasable space:                   112608 Byte
20220312 054105.842 INFO             PET0 PIOc_freedecomp Exit - MemInfo: [malloc] Total space in use, mmap + non-mmap:         4716144 Byte
20220312 054105.842 INFO             PET0 PIOc_freedecomp Exit - MemInfo: [malloc] Total space held (mmap + non-mmap):         13967360 Byte
20220312 054105.842 INFO             PET0 PIOc_freedecomp Exit - MemInfo: [malloc] Total space used (mmap + non-mmap):          4725488 Byte
20220312 054105.842 INFO             PET0 PIOc_freedecomp Exit - MemInfo: Wall-clock time since execution start:              0.0505607 seconds
20220312 054105.842 INFO             PET0 PASS ESMC_FieldRegridStoreFile test, ESMC_FieldSMMFromFileUTest.C, line 199
20220312 054105.849 INFO             PET0 PASS ESMC_FieldSMMStore from File test, ESMC_FieldSMMFromFileUTest.C, line 229
20220312 054105.849 INFO             PET0 PASS ESMC_FieldSMMStore From File validation, ESMC_FieldSMMFromFileUTest.C, line 257
20220312 054105.849 INFO             PET0 PASS ESMC_FieldRegridRelease, ESMC_FieldSMMFromFileUTest.C, line 271
20220312 054105.849 INFO             PET0 Ending Test, file ESMC_FieldSMMFromFileUTest.C, line 289
20220312 054105.849 INFO             PET0 Finalizing ESMF
20220312 054105.797 INFO             PET1 !!!!!!!!!!!!!!!!!!!!!!!!!!!!!!!!!!!!!!!!!!!!!!!!!!!!!!
20220312 054105.797 INFO             PET1 !!! THE ESMF_LOG IS SET TO OUTPUT ALL LOG MESSAGES !!!
20220312 054105.797 INFO             PET1 !!!     THIS MAY CAUSE SLOWDOWN IN PERFORMANCE     !!!
20220312 054105.797 INFO             PET1 !!! FOR PRODUCTION RUNS, USE:                      !!!
20220312 054105.797 INFO             PET1 !!!                   ESMF_LOGKIND_Multi_On_Error  !!!
20220312 054105.797 INFO             PET1 !!!!!!!!!!!!!!!!!!!!!!!!!!!!!!!!!!!!!!!!!!!!!!!!!!!!!!
20220312 054105.797 INFO             PET1 Running with ESMF Version   : v8.3.0b09-96-g559b459
20220312 054105.797 INFO             PET1 ESMF library build date/time: "Mar 12 2022" "04:14:42"
20220312 054105.797 INFO             PET1 ESMF library build location : /work/noaa/da/mpotts/sandbox/gfortran_8.3.0_openmpi_g_jedwards_pio_update2
20220312 054105.797 INFO             PET1 ESMF_COMM                   : openmpi
20220312 054105.798 INFO             PET1 ESMF_MOAB                   : enabled
20220312 054105.798 INFO             PET1 ESMF_LAPACK                 : enabled
20220312 054105.798 INFO             PET1 ESMF_NETCDF                 : enabled
20220312 054105.798 INFO             PET1 ESMF_PNETCDF                : disabled
20220312 054105.798 INFO             PET1 ESMF_PIO                    : enabled
20220312 054105.798 INFO             PET1 ESMF_YAMLCPP                : enabled
20220312 054105.798 INFO             PET1 Beginning Test, file ESMC_FieldSMMFromFileUTest.C, line 41
20220312 054105.798 INFO             PET1 Beginning Test, file ESMC_FieldSMMFromFileUTest.C, line 41NUMBER_OF_PROCESSORS 4
20220312 054105.831 INFO             PET1 PIOc_sync Enter - MemInfo: [/proc/meminfo - SSI]	MemTotal:       196442820 kB
20220312 054105.831 INFO             PET1 PIOc_sync Enter - MemInfo: [/proc/meminfo - SSI]	MemFree:        186883228 kB
20220312 054105.831 INFO             PET1 PIOc_sync Enter - MemInfo: [/proc/meminfo - SSI]	MemAvailable:   191708376 kB
20220312 054105.831 INFO             PET1 PIOc_sync Enter - MemInfo: [/proc/meminfo - SSI]	Committed_AS:     653452 kB
20220312 054105.831 INFO             PET1 PIOc_sync Enter - MemInfo: [/proc/meminfo - SSI]	CommittedPercent: 0.332642 %
20220312 054105.831 INFO             PET1 PIOc_sync Enter - MemInfo: [/proc/self/status]	VmPeak:	  662988 kB
20220312 054105.831 INFO             PET1 PIOc_sync Enter - MemInfo: [/proc/self/status]	VmSize:	  662988 kB
20220312 054105.831 INFO             PET1 PIOc_sync Enter - MemInfo: [/proc/self/status]	VmLck:	       0 kB
20220312 054105.831 INFO             PET1 PIOc_sync Enter - MemInfo: [/proc/self/status]	VmPin:	       0 kB
20220312 054105.831 INFO             PET1 PIOc_sync Enter - MemInfo: [/proc/self/status]	VmHWM:	   71276 kB
20220312 054105.831 INFO             PET1 PIOc_sync Enter - MemInfo: [/proc/self/status]	VmRSS:	   31888 kB
20220312 054105.831 INFO             PET1 PIOc_sync Enter - MemInfo: [/proc/self/status]	VmData:	  187048 kB
20220312 054105.831 INFO             PET1 PIOc_sync Enter - MemInfo: [/proc/self/status]	VmStk:	     144 kB
20220312 054105.831 INFO             PET1 PIOc_sync Enter - MemInfo: [/proc/self/status]	VmExe:	     312 kB
20220312 054105.831 INFO             PET1 PIOc_sync Enter - MemInfo: [/proc/self/status]	VmLib:	   82436 kB
20220312 054105.831 INFO             PET1 PIOc_sync Enter - MemInfo: [/proc/self/status]	VmPTE:	     948 kB
20220312 054105.831 INFO             PET1 PIOc_sync Enter - MemInfo: [/proc/self/status]	VmSwap:	       0 kB
20220312 054105.831 INFO             PET1 PIOc_sync Enter - MemInfo: [/proc/self/status]	VmRSSPercent: 0.0162327 %
20220312 054105.831 INFO             PET1 PIOc_sync Enter - MemInfo: [malloc] Non-mmapped space allocated:                 3633152 Byte
20220312 054105.831 INFO             PET1 PIOc_sync Enter - MemInfo: [malloc] Space allocated in mmapped regions:          1581056 Byte
20220312 054105.831 INFO             PET1 PIOc_sync Enter - MemInfo: [malloc] Maximum total allocated space:                     0 Byte
20220312 054105.831 INFO             PET1 PIOc_sync Enter - MemInfo: [malloc] Space in freed fastbin blocks:                  2944 Byte
20220312 054105.831 INFO             PET1 PIOc_sync Enter - MemInfo: [malloc] Total allocated space:                       2965344 Byte
20220312 054105.831 INFO             PET1 PIOc_sync Enter - MemInfo: [malloc] Total free space:                             667808 Byte
20220312 054105.831 INFO             PET1 PIOc_sync Enter - MemInfo: [malloc] Top-most, releasable space:                   452896 Byte
20220312 054105.831 INFO             PET1 PIOc_sync Enter - MemInfo: [malloc] Total space in use, mmap + non-mmap:         4546400 Byte
20220312 054105.831 INFO             PET1 PIOc_sync Enter - MemInfo: [malloc] Total space held (mmap + non-mmap):          5214208 Byte
20220312 054105.831 INFO             PET1 PIOc_sync Enter - MemInfo: [malloc] Total space used (mmap + non-mmap):          4555744 Byte
20220312 054105.831 INFO             PET1 PIOc_sync Enter - MemInfo: Wall-clock time since execution start:              0.0373328 seconds
20220312 054105.831 INFO             PET1 PIOc_sync Exit - MemInfo: [/proc/meminfo - SSI]	MemTotal:       196442820 kB
20220312 054105.831 INFO             PET1 PIOc_sync Exit - MemInfo: [/proc/meminfo - SSI]	MemFree:        186883228 kB
20220312 054105.831 INFO             PET1 PIOc_sync Exit - MemInfo: [/proc/meminfo - SSI]	MemAvailable:   191708376 kB
20220312 054105.831 INFO             PET1 PIOc_sync Exit - MemInfo: [/proc/meminfo - SSI]	Committed_AS:     653452 kB
20220312 054105.831 INFO             PET1 PIOc_sync Exit - MemInfo: [/proc/meminfo - SSI]	CommittedPercent: 0.332642 %
20220312 054105.832 INFO             PET1 PIOc_sync Exit - MemInfo: [/proc/self/status]	VmPeak:	  662988 kB
20220312 054105.832 INFO             PET1 PIOc_sync Exit - MemInfo: [/proc/self/status]	VmSize:	  662988 kB
20220312 054105.832 INFO             PET1 PIOc_sync Exit - MemInfo: [/proc/self/status]	VmLck:	       0 kB
20220312 054105.832 INFO             PET1 PIOc_sync Exit - MemInfo: [/proc/self/status]	VmPin:	       0 kB
20220312 054105.832 INFO             PET1 PIOc_sync Exit - MemInfo: [/proc/self/status]	VmHWM:	   71276 kB
20220312 054105.832 INFO             PET1 PIOc_sync Exit - MemInfo: [/proc/self/status]	VmRSS:	   31948 kB
20220312 054105.832 INFO             PET1 PIOc_sync Exit - MemInfo: [/proc/self/status]	VmData:	  187048 kB
20220312 054105.832 INFO             PET1 PIOc_sync Exit - MemInfo: [/proc/self/status]	VmStk:	     144 kB
20220312 054105.832 INFO             PET1 PIOc_sync Exit - MemInfo: [/proc/self/status]	VmExe:	     312 kB
20220312 054105.832 INFO             PET1 PIOc_sync Exit - MemInfo: [/proc/self/status]	VmLib:	   82436 kB
20220312 054105.832 INFO             PET1 PIOc_sync Exit - MemInfo: [/proc/self/status]	VmPTE:	     948 kB
20220312 054105.832 INFO             PET1 PIOc_sync Exit - MemInfo: [/proc/self/status]	VmSwap:	       0 kB
20220312 054105.832 INFO             PET1 PIOc_sync Exit - MemInfo: [/proc/self/status]	VmRSSPercent: 0.0162633 %
20220312 054105.832 INFO             PET1 PIOc_sync Exit - MemInfo: [malloc] Non-mmapped space allocated:                 3633152 Byte
20220312 054105.832 INFO             PET1 PIOc_sync Exit - MemInfo: [malloc] Space allocated in mmapped regions:          1581056 Byte
20220312 054105.832 INFO             PET1 PIOc_sync Exit - MemInfo: [malloc] Maximum total allocated space:                     0 Byte
20220312 054105.832 INFO             PET1 PIOc_sync Exit - MemInfo: [malloc] Space in freed fastbin blocks:                  1952 Byte
20220312 054105.832 INFO             PET1 PIOc_sync Exit - MemInfo: [malloc] Total allocated space:                       2964768 Byte
20220312 054105.832 INFO             PET1 PIOc_sync Exit - MemInfo: [malloc] Total free space:                             668384 Byte
20220312 054105.832 INFO             PET1 PIOc_sync Exit - MemInfo: [malloc] Top-most, releasable space:                   452896 Byte
20220312 054105.832 INFO             PET1 PIOc_sync Exit - MemInfo: [malloc] Total space in use, mmap + non-mmap:         4545824 Byte
20220312 054105.832 INFO             PET1 PIOc_sync Exit - MemInfo: [malloc] Total space held (mmap + non-mmap):          5214208 Byte
20220312 054105.832 INFO             PET1 PIOc_sync Exit - MemInfo: [malloc] Total space used (mmap + non-mmap):          4555168 Byte
20220312 054105.832 INFO             PET1 PIOc_sync Exit - MemInfo: Wall-clock time since execution start:              0.0379787 seconds
20220312 054105.832 INFO             PET1 PIOc_freedecomp Enter - MemInfo: [/proc/meminfo - SSI]	MemTotal:       196442820 kB
20220312 054105.832 INFO             PET1 PIOc_freedecomp Enter - MemInfo: [/proc/meminfo - SSI]	MemFree:        186890132 kB
20220312 054105.832 INFO             PET1 PIOc_freedecomp Enter - MemInfo: [/proc/meminfo - SSI]	MemAvailable:   191715280 kB
20220312 054105.832 INFO             PET1 PIOc_freedecomp Enter - MemInfo: [/proc/meminfo - SSI]	Committed_AS:     645256 kB
20220312 054105.832 INFO             PET1 PIOc_freedecomp Enter - MemInfo: [/proc/meminfo - SSI]	CommittedPercent: 0.32847 %
20220312 054105.832 INFO             PET1 PIOc_freedecomp Enter - MemInfo: [/proc/self/status]	VmPeak:	  662988 kB
20220312 054105.832 INFO             PET1 PIOc_freedecomp Enter - MemInfo: [/proc/self/status]	VmSize:	  662988 kB
20220312 054105.832 INFO             PET1 PIOc_freedecomp Enter - MemInfo: [/proc/self/status]	VmLck:	       0 kB
20220312 054105.832 INFO             PET1 PIOc_freedecomp Enter - MemInfo: [/proc/self/status]	VmPin:	       0 kB
20220312 054105.832 INFO             PET1 PIOc_freedecomp Enter - MemInfo: [/proc/self/status]	VmHWM:	   71276 kB
20220312 054105.832 INFO             PET1 PIOc_freedecomp Enter - MemInfo: [/proc/self/status]	VmRSS:	   31948 kB
20220312 054105.832 INFO             PET1 PIOc_freedecomp Enter - MemInfo: [/proc/self/status]	VmData:	  187048 kB
20220312 054105.832 INFO             PET1 PIOc_freedecomp Enter - MemInfo: [/proc/self/status]	VmStk:	     144 kB
20220312 054105.832 INFO             PET1 PIOc_freedecomp Enter - MemInfo: [/proc/self/status]	VmExe:	     312 kB
20220312 054105.832 INFO             PET1 PIOc_freedecomp Enter - MemInfo: [/proc/self/status]	VmLib:	   82436 kB
20220312 054105.832 INFO             PET1 PIOc_freedecomp Enter - MemInfo: [/proc/self/status]	VmPTE:	     948 kB
20220312 054105.832 INFO             PET1 PIOc_freedecomp Enter - MemInfo: [/proc/self/status]	VmSwap:	       0 kB
20220312 054105.832 INFO             PET1 PIOc_freedecomp Enter - MemInfo: [/proc/self/status]	VmRSSPercent: 0.0162633 %
20220312 054105.832 INFO             PET1 PIOc_freedecomp Enter - MemInfo: [malloc] Non-mmapped space allocated:                 3633152 Byte
20220312 054105.832 INFO             PET1 PIOc_freedecomp Enter - MemInfo: [malloc] Space allocated in mmapped regions:          1581056 Byte
20220312 054105.832 INFO             PET1 PIOc_freedecomp Enter - MemInfo: [malloc] Maximum total allocated space:                     0 Byte
20220312 054105.832 INFO             PET1 PIOc_freedecomp Enter - MemInfo: [malloc] Space in freed fastbin blocks:                  1904 Byte
20220312 054105.832 INFO             PET1 PIOc_freedecomp Enter - MemInfo: [malloc] Total allocated space:                       2963088 Byte
20220312 054105.832 INFO             PET1 PIOc_freedecomp Enter - MemInfo: [malloc] Total free space:                             670064 Byte
20220312 054105.832 INFO             PET1 PIOc_freedecomp Enter - MemInfo: [malloc] Top-most, releasable space:                   452896 Byte
20220312 054105.832 INFO             PET1 PIOc_freedecomp Enter - MemInfo: [malloc] Total space in use, mmap + non-mmap:         4544144 Byte
20220312 054105.832 INFO             PET1 PIOc_freedecomp Enter - MemInfo: [malloc] Total space held (mmap + non-mmap):          5214208 Byte
20220312 054105.832 INFO             PET1 PIOc_freedecomp Enter - MemInfo: [malloc] Total space used (mmap + non-mmap):          4553488 Byte
20220312 054105.832 INFO             PET1 PIOc_freedecomp Enter - MemInfo: Wall-clock time since execution start:              0.0386254 seconds
20220312 054105.832 INFO             PET1 PIOc_freedecomp Exit - MemInfo: [/proc/meminfo - SSI]	MemTotal:       196442820 kB
20220312 054105.832 INFO             PET1 PIOc_freedecomp Exit - MemInfo: [/proc/meminfo - SSI]	MemFree:        186890132 kB
20220312 054105.832 INFO             PET1 PIOc_freedecomp Exit - MemInfo: [/proc/meminfo - SSI]	MemAvailable:   191715280 kB
20220312 054105.832 INFO             PET1 PIOc_freedecomp Exit - MemInfo: [/proc/meminfo - SSI]	Committed_AS:     645256 kB
20220312 054105.833 INFO             PET1 PIOc_freedecomp Exit - MemInfo: [/proc/meminfo - SSI]	CommittedPercent: 0.32847 %
20220312 054105.833 INFO             PET1 PIOc_freedecomp Exit - MemInfo: [/proc/self/status]	VmPeak:	  662988 kB
20220312 054105.833 INFO             PET1 PIOc_freedecomp Exit - MemInfo: [/proc/self/status]	VmSize:	  662988 kB
20220312 054105.833 INFO             PET1 PIOc_freedecomp Exit - MemInfo: [/proc/self/status]	VmLck:	       0 kB
20220312 054105.833 INFO             PET1 PIOc_freedecomp Exit - MemInfo: [/proc/self/status]	VmPin:	       0 kB
20220312 054105.833 INFO             PET1 PIOc_freedecomp Exit - MemInfo: [/proc/self/status]	VmHWM:	   71276 kB
20220312 054105.833 INFO             PET1 PIOc_freedecomp Exit - MemInfo: [/proc/self/status]	VmRSS:	   31948 kB
20220312 054105.833 INFO             PET1 PIOc_freedecomp Exit - MemInfo: [/proc/self/status]	VmData:	  187048 kB
20220312 054105.833 INFO             PET1 PIOc_freedecomp Exit - MemInfo: [/proc/self/status]	VmStk:	     144 kB
20220312 054105.833 INFO             PET1 PIOc_freedecomp Exit - MemInfo: [/proc/self/status]	VmExe:	     312 kB
20220312 054105.833 INFO             PET1 PIOc_freedecomp Exit - MemInfo: [/proc/self/status]	VmLib:	   82436 kB
20220312 054105.833 INFO             PET1 PIOc_freedecomp Exit - MemInfo: [/proc/self/status]	VmPTE:	     948 kB
20220312 054105.833 INFO             PET1 PIOc_freedecomp Exit - MemInfo: [/proc/self/status]	VmSwap:	       0 kB
20220312 054105.833 INFO             PET1 PIOc_freedecomp Exit - MemInfo: [/proc/self/status]	VmRSSPercent: 0.0162633 %
20220312 054105.833 INFO             PET1 PIOc_freedecomp Exit - MemInfo: [malloc] Non-mmapped space allocated:                 3633152 Byte
20220312 054105.833 INFO             PET1 PIOc_freedecomp Exit - MemInfo: [malloc] Space allocated in mmapped regions:          1581056 Byte
20220312 054105.833 INFO             PET1 PIOc_freedecomp Exit - MemInfo: [malloc] Maximum total allocated space:                     0 Byte
20220312 054105.833 INFO             PET1 PIOc_freedecomp Exit - MemInfo: [malloc] Space in freed fastbin blocks:                  2128 Byte
20220312 054105.833 INFO             PET1 PIOc_freedecomp Exit - MemInfo: [malloc] Total allocated space:                       2960160 Byte
20220312 054105.833 INFO             PET1 PIOc_freedecomp Exit - MemInfo: [malloc] Total free space:                             672992 Byte
20220312 054105.833 INFO             PET1 PIOc_freedecomp Exit - MemInfo: [malloc] Top-most, releasable space:                   452896 Byte
20220312 054105.833 INFO             PET1 PIOc_freedecomp Exit - MemInfo: [malloc] Total space in use, mmap + non-mmap:         4541216 Byte
20220312 054105.833 INFO             PET1 PIOc_freedecomp Exit - MemInfo: [malloc] Total space held (mmap + non-mmap):          5214208 Byte
20220312 054105.833 INFO             PET1 PIOc_freedecomp Exit - MemInfo: [malloc] Total space used (mmap + non-mmap):          4550560 Byte
20220312 054105.833 INFO             PET1 PIOc_freedecomp Exit - MemInfo: Wall-clock time since execution start:              0.0389954 seconds
20220312 054105.835 INFO             PET1 PIOc_sync Enter - MemInfo: [/proc/meminfo - SSI]	MemTotal:       196442820 kB
20220312 054105.835 INFO             PET1 PIOc_sync Enter - MemInfo: [/proc/meminfo - SSI]	MemFree:        186885648 kB
20220312 054105.835 INFO             PET1 PIOc_sync Enter - MemInfo: [/proc/meminfo - SSI]	MemAvailable:   191710796 kB
20220312 054105.835 INFO             PET1 PIOc_sync Enter - MemInfo: [/proc/meminfo - SSI]	Committed_AS:     653460 kB
20220312 054105.835 INFO             PET1 PIOc_sync Enter - MemInfo: [/proc/meminfo - SSI]	CommittedPercent: 0.332646 %
20220312 054105.836 INFO             PET1 PIOc_sync Enter - MemInfo: [/proc/self/status]	VmPeak:	  662988 kB
20220312 054105.836 INFO             PET1 PIOc_sync Enter - MemInfo: [/proc/self/status]	VmSize:	  662988 kB
20220312 054105.836 INFO             PET1 PIOc_sync Enter - MemInfo: [/proc/self/status]	VmLck:	       0 kB
20220312 054105.836 INFO             PET1 PIOc_sync Enter - MemInfo: [/proc/self/status]	VmPin:	       0 kB
20220312 054105.836 INFO             PET1 PIOc_sync Enter - MemInfo: [/proc/self/status]	VmHWM:	   71276 kB
20220312 054105.836 INFO             PET1 PIOc_sync Enter - MemInfo: [/proc/self/status]	VmRSS:	   31952 kB
20220312 054105.836 INFO             PET1 PIOc_sync Enter - MemInfo: [/proc/self/status]	VmData:	  187048 kB
20220312 054105.836 INFO             PET1 PIOc_sync Enter - MemInfo: [/proc/self/status]	VmStk:	     144 kB
20220312 054105.836 INFO             PET1 PIOc_sync Enter - MemInfo: [/proc/self/status]	VmExe:	     312 kB
20220312 054105.836 INFO             PET1 PIOc_sync Enter - MemInfo: [/proc/self/status]	VmLib:	   82436 kB
20220312 054105.836 INFO             PET1 PIOc_sync Enter - MemInfo: [/proc/self/status]	VmPTE:	     948 kB
20220312 054105.836 INFO             PET1 PIOc_sync Enter - MemInfo: [/proc/self/status]	VmSwap:	       0 kB
20220312 054105.836 INFO             PET1 PIOc_sync Enter - MemInfo: [/proc/self/status]	VmRSSPercent: 0.0162653 %
20220312 054105.836 INFO             PET1 PIOc_sync Enter - MemInfo: [malloc] Non-mmapped space allocated:                 3633152 Byte
20220312 054105.836 INFO             PET1 PIOc_sync Enter - MemInfo: [malloc] Space allocated in mmapped regions:          1581056 Byte
20220312 054105.836 INFO             PET1 PIOc_sync Enter - MemInfo: [malloc] Maximum total allocated space:                     0 Byte
20220312 054105.836 INFO             PET1 PIOc_sync Enter - MemInfo: [malloc] Space in freed fastbin blocks:                  3008 Byte
20220312 054105.836 INFO             PET1 PIOc_sync Enter - MemInfo: [malloc] Total allocated space:                       2965152 Byte
20220312 054105.836 INFO             PET1 PIOc_sync Enter - MemInfo: [malloc] Total free space:                             668000 Byte
20220312 054105.836 INFO             PET1 PIOc_sync Enter - MemInfo: [malloc] Top-most, releasable space:                   452896 Byte
20220312 054105.836 INFO             PET1 PIOc_sync Enter - MemInfo: [malloc] Total space in use, mmap + non-mmap:         4546208 Byte
20220312 054105.836 INFO             PET1 PIOc_sync Enter - MemInfo: [malloc] Total space held (mmap + non-mmap):          5214208 Byte
20220312 054105.836 INFO             PET1 PIOc_sync Enter - MemInfo: [malloc] Total space used (mmap + non-mmap):          4555552 Byte
20220312 054105.836 INFO             PET1 PIOc_sync Enter - MemInfo: Wall-clock time since execution start:               0.041979 seconds
20220312 054105.836 INFO             PET1 PIOc_sync Exit - MemInfo: [/proc/meminfo - SSI]	MemTotal:       196442820 kB
20220312 054105.836 INFO             PET1 PIOc_sync Exit - MemInfo: [/proc/meminfo - SSI]	MemFree:        186885648 kB
20220312 054105.836 INFO             PET1 PIOc_sync Exit - MemInfo: [/proc/meminfo - SSI]	MemAvailable:   191710796 kB
20220312 054105.836 INFO             PET1 PIOc_sync Exit - MemInfo: [/proc/meminfo - SSI]	Committed_AS:     653460 kB
20220312 054105.836 INFO             PET1 PIOc_sync Exit - MemInfo: [/proc/meminfo - SSI]	CommittedPercent: 0.332646 %
20220312 054105.836 INFO             PET1 PIOc_sync Exit - MemInfo: [/proc/self/status]	VmPeak:	  662988 kB
20220312 054105.836 INFO             PET1 PIOc_sync Exit - MemInfo: [/proc/self/status]	VmSize:	  662988 kB
20220312 054105.836 INFO             PET1 PIOc_sync Exit - MemInfo: [/proc/self/status]	VmLck:	       0 kB
20220312 054105.836 INFO             PET1 PIOc_sync Exit - MemInfo: [/proc/self/status]	VmPin:	       0 kB
20220312 054105.836 INFO             PET1 PIOc_sync Exit - MemInfo: [/proc/self/status]	VmHWM:	   71276 kB
20220312 054105.836 INFO             PET1 PIOc_sync Exit - MemInfo: [/proc/self/status]	VmRSS:	   31952 kB
20220312 054105.836 INFO             PET1 PIOc_sync Exit - MemInfo: [/proc/self/status]	VmData:	  187048 kB
20220312 054105.836 INFO             PET1 PIOc_sync Exit - MemInfo: [/proc/self/status]	VmStk:	     144 kB
20220312 054105.836 INFO             PET1 PIOc_sync Exit - MemInfo: [/proc/self/status]	VmExe:	     312 kB
20220312 054105.836 INFO             PET1 PIOc_sync Exit - MemInfo: [/proc/self/status]	VmLib:	   82436 kB
20220312 054105.836 INFO             PET1 PIOc_sync Exit - MemInfo: [/proc/self/status]	VmPTE:	     948 kB
20220312 054105.836 INFO             PET1 PIOc_sync Exit - MemInfo: [/proc/self/status]	VmSwap:	       0 kB
20220312 054105.836 INFO             PET1 PIOc_sync Exit - MemInfo: [/proc/self/status]	VmRSSPercent: 0.0162653 %
20220312 054105.836 INFO             PET1 PIOc_sync Exit - MemInfo: [malloc] Non-mmapped space allocated:                 3633152 Byte
20220312 054105.836 INFO             PET1 PIOc_sync Exit - MemInfo: [malloc] Space allocated in mmapped regions:          1581056 Byte
20220312 054105.836 INFO             PET1 PIOc_sync Exit - MemInfo: [malloc] Maximum total allocated space:                     0 Byte
20220312 054105.836 INFO             PET1 PIOc_sync Exit - MemInfo: [malloc] Space in freed fastbin blocks:                  1584 Byte
20220312 054105.836 INFO             PET1 PIOc_sync Exit - MemInfo: [malloc] Total allocated space:                       2964848 Byte
20220312 054105.836 INFO             PET1 PIOc_sync Exit - MemInfo: [malloc] Total free space:                             668304 Byte
20220312 054105.836 INFO             PET1 PIOc_sync Exit - MemInfo: [malloc] Top-most, releasable space:                   452896 Byte
20220312 054105.836 INFO             PET1 PIOc_sync Exit - MemInfo: [malloc] Total space in use, mmap + non-mmap:         4545904 Byte
20220312 054105.836 INFO             PET1 PIOc_sync Exit - MemInfo: [malloc] Total space held (mmap + non-mmap):          5214208 Byte
20220312 054105.836 INFO             PET1 PIOc_sync Exit - MemInfo: [malloc] Total space used (mmap + non-mmap):          4555248 Byte
20220312 054105.836 INFO             PET1 PIOc_sync Exit - MemInfo: Wall-clock time since execution start:               0.042684 seconds
20220312 054105.837 INFO             PET1 PIOc_freedecomp Enter - MemInfo: [/proc/meminfo - SSI]	MemTotal:       196442820 kB
20220312 054105.837 INFO             PET1 PIOc_freedecomp Enter - MemInfo: [/proc/meminfo - SSI]	MemFree:        186885648 kB
20220312 054105.837 INFO             PET1 PIOc_freedecomp Enter - MemInfo: [/proc/meminfo - SSI]	MemAvailable:   191710796 kB
20220312 054105.837 INFO             PET1 PIOc_freedecomp Enter - MemInfo: [/proc/meminfo - SSI]	Committed_AS:     653460 kB
20220312 054105.837 INFO             PET1 PIOc_freedecomp Enter - MemInfo: [/proc/meminfo - SSI]	CommittedPercent: 0.332646 %
20220312 054105.837 INFO             PET1 PIOc_freedecomp Enter - MemInfo: [/proc/self/status]	VmPeak:	  662988 kB
20220312 054105.837 INFO             PET1 PIOc_freedecomp Enter - MemInfo: [/proc/self/status]	VmSize:	  662988 kB
20220312 054105.837 INFO             PET1 PIOc_freedecomp Enter - MemInfo: [/proc/self/status]	VmLck:	       0 kB
20220312 054105.837 INFO             PET1 PIOc_freedecomp Enter - MemInfo: [/proc/self/status]	VmPin:	       0 kB
20220312 054105.837 INFO             PET1 PIOc_freedecomp Enter - MemInfo: [/proc/self/status]	VmHWM:	   71276 kB
20220312 054105.837 INFO             PET1 PIOc_freedecomp Enter - MemInfo: [/proc/self/status]	VmRSS:	   31952 kB
20220312 054105.837 INFO             PET1 PIOc_freedecomp Enter - MemInfo: [/proc/self/status]	VmData:	  187048 kB
20220312 054105.837 INFO             PET1 PIOc_freedecomp Enter - MemInfo: [/proc/self/status]	VmStk:	     144 kB
20220312 054105.837 INFO             PET1 PIOc_freedecomp Enter - MemInfo: [/proc/self/status]	VmExe:	     312 kB
20220312 054105.837 INFO             PET1 PIOc_freedecomp Enter - MemInfo: [/proc/self/status]	VmLib:	   82436 kB
20220312 054105.837 INFO             PET1 PIOc_freedecomp Enter - MemInfo: [/proc/self/status]	VmPTE:	     948 kB
20220312 054105.837 INFO             PET1 PIOc_freedecomp Enter - MemInfo: [/proc/self/status]	VmSwap:	       0 kB
20220312 054105.837 INFO             PET1 PIOc_freedecomp Enter - MemInfo: [/proc/self/status]	VmRSSPercent: 0.0162653 %
20220312 054105.837 INFO             PET1 PIOc_freedecomp Enter - MemInfo: [malloc] Non-mmapped space allocated:                 3633152 Byte
20220312 054105.837 INFO             PET1 PIOc_freedecomp Enter - MemInfo: [malloc] Space allocated in mmapped regions:          1581056 Byte
20220312 054105.837 INFO             PET1 PIOc_freedecomp Enter - MemInfo: [malloc] Maximum total allocated space:                     0 Byte
20220312 054105.837 INFO             PET1 PIOc_freedecomp Enter - MemInfo: [malloc] Space in freed fastbin blocks:                  1776 Byte
20220312 054105.837 INFO             PET1 PIOc_freedecomp Enter - MemInfo: [malloc] Total allocated space:                       2963024 Byte
20220312 054105.837 INFO             PET1 PIOc_freedecomp Enter - MemInfo: [malloc] Total free space:                             670128 Byte
20220312 054105.837 INFO             PET1 PIOc_freedecomp Enter - MemInfo: [malloc] Top-most, releasable space:                   452896 Byte
20220312 054105.837 INFO             PET1 PIOc_freedecomp Enter - MemInfo: [malloc] Total space in use, mmap + non-mmap:         4544080 Byte
20220312 054105.837 INFO             PET1 PIOc_freedecomp Enter - MemInfo: [malloc] Total space held (mmap + non-mmap):          5214208 Byte
20220312 054105.837 INFO             PET1 PIOc_freedecomp Enter - MemInfo: [malloc] Total space used (mmap + non-mmap):          4553424 Byte
20220312 054105.837 INFO             PET1 PIOc_freedecomp Enter - MemInfo: Wall-clock time since execution start:              0.0436477 seconds
20220312 054105.837 INFO             PET1 PIOc_freedecomp Exit - MemInfo: [/proc/meminfo - SSI]	MemTotal:       196442820 kB
20220312 054105.837 INFO             PET1 PIOc_freedecomp Exit - MemInfo: [/proc/meminfo - SSI]	MemFree:        186885648 kB
20220312 054105.838 INFO             PET1 PIOc_freedecomp Exit - MemInfo: [/proc/meminfo - SSI]	MemAvailable:   191710796 kB
20220312 054105.838 INFO             PET1 PIOc_freedecomp Exit - MemInfo: [/proc/meminfo - SSI]	Committed_AS:     653460 kB
20220312 054105.838 INFO             PET1 PIOc_freedecomp Exit - MemInfo: [/proc/meminfo - SSI]	CommittedPercent: 0.332646 %
20220312 054105.838 INFO             PET1 PIOc_freedecomp Exit - MemInfo: [/proc/self/status]	VmPeak:	  662988 kB
20220312 054105.838 INFO             PET1 PIOc_freedecomp Exit - MemInfo: [/proc/self/status]	VmSize:	  662988 kB
20220312 054105.838 INFO             PET1 PIOc_freedecomp Exit - MemInfo: [/proc/self/status]	VmLck:	       0 kB
20220312 054105.838 INFO             PET1 PIOc_freedecomp Exit - MemInfo: [/proc/self/status]	VmPin:	       0 kB
20220312 054105.838 INFO             PET1 PIOc_freedecomp Exit - MemInfo: [/proc/self/status]	VmHWM:	   71276 kB
20220312 054105.838 INFO             PET1 PIOc_freedecomp Exit - MemInfo: [/proc/self/status]	VmRSS:	   31952 kB
20220312 054105.838 INFO             PET1 PIOc_freedecomp Exit - MemInfo: [/proc/self/status]	VmData:	  187048 kB
20220312 054105.838 INFO             PET1 PIOc_freedecomp Exit - MemInfo: [/proc/self/status]	VmStk:	     144 kB
20220312 054105.838 INFO             PET1 PIOc_freedecomp Exit - MemInfo: [/proc/self/status]	VmExe:	     312 kB
20220312 054105.838 INFO             PET1 PIOc_freedecomp Exit - MemInfo: [/proc/self/status]	VmLib:	   82436 kB
20220312 054105.838 INFO             PET1 PIOc_freedecomp Exit - MemInfo: [/proc/self/status]	VmPTE:	     948 kB
20220312 054105.838 INFO             PET1 PIOc_freedecomp Exit - MemInfo: [/proc/self/status]	VmSwap:	       0 kB
20220312 054105.838 INFO             PET1 PIOc_freedecomp Exit - MemInfo: [/proc/self/status]	VmRSSPercent: 0.0162653 %
20220312 054105.838 INFO             PET1 PIOc_freedecomp Exit - MemInfo: [malloc] Non-mmapped space allocated:                 3633152 Byte
20220312 054105.838 INFO             PET1 PIOc_freedecomp Exit - MemInfo: [malloc] Space allocated in mmapped regions:          1581056 Byte
20220312 054105.838 INFO             PET1 PIOc_freedecomp Exit - MemInfo: [malloc] Maximum total allocated space:                     0 Byte
20220312 054105.838 INFO             PET1 PIOc_freedecomp Exit - MemInfo: [malloc] Space in freed fastbin blocks:                  2240 Byte
20220312 054105.838 INFO             PET1 PIOc_freedecomp Exit - MemInfo: [malloc] Total allocated space:                       2960080 Byte
20220312 054105.838 INFO             PET1 PIOc_freedecomp Exit - MemInfo: [malloc] Total free space:                             673072 Byte
20220312 054105.838 INFO             PET1 PIOc_freedecomp Exit - MemInfo: [malloc] Top-most, releasable space:                   452896 Byte
20220312 054105.838 INFO             PET1 PIOc_freedecomp Exit - MemInfo: [malloc] Total space in use, mmap + non-mmap:         4541136 Byte
20220312 054105.838 INFO             PET1 PIOc_freedecomp Exit - MemInfo: [malloc] Total space held (mmap + non-mmap):          5214208 Byte
20220312 054105.838 INFO             PET1 PIOc_freedecomp Exit - MemInfo: [malloc] Total space used (mmap + non-mmap):          4550480 Byte
20220312 054105.838 INFO             PET1 PIOc_freedecomp Exit - MemInfo: Wall-clock time since execution start:              0.0440348 seconds
20220312 054105.839 INFO             PET1 PIOc_sync Enter - MemInfo: [/proc/meminfo - SSI]	MemTotal:       196442820 kB
20220312 054105.839 INFO             PET1 PIOc_sync Enter - MemInfo: [/proc/meminfo - SSI]	MemFree:        186885648 kB
20220312 054105.839 INFO             PET1 PIOc_sync Enter - MemInfo: [/proc/meminfo - SSI]	MemAvailable:   191710796 kB
20220312 054105.839 INFO             PET1 PIOc_sync Enter - MemInfo: [/proc/meminfo - SSI]	Committed_AS:     653460 kB
20220312 054105.839 INFO             PET1 PIOc_sync Enter - MemInfo: [/proc/meminfo - SSI]	CommittedPercent: 0.332646 %
20220312 054105.839 INFO             PET1 PIOc_sync Enter - MemInfo: [/proc/self/status]	VmPeak:	  662988 kB
20220312 054105.839 INFO             PET1 PIOc_sync Enter - MemInfo: [/proc/self/status]	VmSize:	  662988 kB
20220312 054105.839 INFO             PET1 PIOc_sync Enter - MemInfo: [/proc/self/status]	VmLck:	       0 kB
20220312 054105.839 INFO             PET1 PIOc_sync Enter - MemInfo: [/proc/self/status]	VmPin:	       0 kB
20220312 054105.840 INFO             PET1 PIOc_sync Enter - MemInfo: [/proc/self/status]	VmHWM:	   71276 kB
20220312 054105.840 INFO             PET1 PIOc_sync Enter - MemInfo: [/proc/self/status]	VmRSS:	   31952 kB
20220312 054105.840 INFO             PET1 PIOc_sync Enter - MemInfo: [/proc/self/status]	VmData:	  187048 kB
20220312 054105.840 INFO             PET1 PIOc_sync Enter - MemInfo: [/proc/self/status]	VmStk:	     144 kB
20220312 054105.840 INFO             PET1 PIOc_sync Enter - MemInfo: [/proc/self/status]	VmExe:	     312 kB
20220312 054105.840 INFO             PET1 PIOc_sync Enter - MemInfo: [/proc/self/status]	VmLib:	   82436 kB
20220312 054105.840 INFO             PET1 PIOc_sync Enter - MemInfo: [/proc/self/status]	VmPTE:	     948 kB
20220312 054105.840 INFO             PET1 PIOc_sync Enter - MemInfo: [/proc/self/status]	VmSwap:	       0 kB
20220312 054105.840 INFO             PET1 PIOc_sync Enter - MemInfo: [/proc/self/status]	VmRSSPercent: 0.0162653 %
20220312 054105.840 INFO             PET1 PIOc_sync Enter - MemInfo: [malloc] Non-mmapped space allocated:                 3633152 Byte
20220312 054105.840 INFO             PET1 PIOc_sync Enter - MemInfo: [malloc] Space allocated in mmapped regions:          1581056 Byte
20220312 054105.840 INFO             PET1 PIOc_sync Enter - MemInfo: [malloc] Maximum total allocated space:                     0 Byte
20220312 054105.840 INFO             PET1 PIOc_sync Enter - MemInfo: [malloc] Space in freed fastbin blocks:                  3024 Byte
20220312 054105.840 INFO             PET1 PIOc_sync Enter - MemInfo: [malloc] Total allocated space:                       2965312 Byte
20220312 054105.840 INFO             PET1 PIOc_sync Enter - MemInfo: [malloc] Total free space:                             667840 Byte
20220312 054105.840 INFO             PET1 PIOc_sync Enter - MemInfo: [malloc] Top-most, releasable space:                   452896 Byte
20220312 054105.840 INFO             PET1 PIOc_sync Enter - MemInfo: [malloc] Total space in use, mmap + non-mmap:         4546368 Byte
20220312 054105.840 INFO             PET1 PIOc_sync Enter - MemInfo: [malloc] Total space held (mmap + non-mmap):          5214208 Byte
20220312 054105.840 INFO             PET1 PIOc_sync Enter - MemInfo: [malloc] Total space used (mmap + non-mmap):          4555712 Byte
20220312 054105.840 INFO             PET1 PIOc_sync Enter - MemInfo: Wall-clock time since execution start:              0.0459487 seconds
20220312 054105.840 INFO             PET1 PIOc_sync Exit - MemInfo: [/proc/meminfo - SSI]	MemTotal:       196442820 kB
20220312 054105.840 INFO             PET1 PIOc_sync Exit - MemInfo: [/proc/meminfo - SSI]	MemFree:        186885648 kB
20220312 054105.840 INFO             PET1 PIOc_sync Exit - MemInfo: [/proc/meminfo - SSI]	MemAvailable:   191710796 kB
20220312 054105.840 INFO             PET1 PIOc_sync Exit - MemInfo: [/proc/meminfo - SSI]	Committed_AS:     653460 kB
20220312 054105.840 INFO             PET1 PIOc_sync Exit - MemInfo: [/proc/meminfo - SSI]	CommittedPercent: 0.332646 %
20220312 054105.840 INFO             PET1 PIOc_sync Exit - MemInfo: [/proc/self/status]	VmPeak:	  662988 kB
20220312 054105.840 INFO             PET1 PIOc_sync Exit - MemInfo: [/proc/self/status]	VmSize:	  662988 kB
20220312 054105.840 INFO             PET1 PIOc_sync Exit - MemInfo: [/proc/self/status]	VmLck:	       0 kB
20220312 054105.840 INFO             PET1 PIOc_sync Exit - MemInfo: [/proc/self/status]	VmPin:	       0 kB
20220312 054105.840 INFO             PET1 PIOc_sync Exit - MemInfo: [/proc/self/status]	VmHWM:	   71276 kB
20220312 054105.840 INFO             PET1 PIOc_sync Exit - MemInfo: [/proc/self/status]	VmRSS:	   31952 kB
20220312 054105.840 INFO             PET1 PIOc_sync Exit - MemInfo: [/proc/self/status]	VmData:	  187048 kB
20220312 054105.840 INFO             PET1 PIOc_sync Exit - MemInfo: [/proc/self/status]	VmStk:	     144 kB
20220312 054105.840 INFO             PET1 PIOc_sync Exit - MemInfo: [/proc/self/status]	VmExe:	     312 kB
20220312 054105.840 INFO             PET1 PIOc_sync Exit - MemInfo: [/proc/self/status]	VmLib:	   82436 kB
20220312 054105.840 INFO             PET1 PIOc_sync Exit - MemInfo: [/proc/self/status]	VmPTE:	     948 kB
20220312 054105.840 INFO             PET1 PIOc_sync Exit - MemInfo: [/proc/self/status]	VmSwap:	       0 kB
20220312 054105.840 INFO             PET1 PIOc_sync Exit - MemInfo: [/proc/self/status]	VmRSSPercent: 0.0162653 %
20220312 054105.840 INFO             PET1 PIOc_sync Exit - MemInfo: [malloc] Non-mmapped space allocated:                 3633152 Byte
20220312 054105.840 INFO             PET1 PIOc_sync Exit - MemInfo: [malloc] Space allocated in mmapped regions:          1581056 Byte
20220312 054105.840 INFO             PET1 PIOc_sync Exit - MemInfo: [malloc] Maximum total allocated space:                     0 Byte
20220312 054105.840 INFO             PET1 PIOc_sync Exit - MemInfo: [malloc] Space in freed fastbin blocks:                  1712 Byte
20220312 054105.840 INFO             PET1 PIOc_sync Exit - MemInfo: [malloc] Total allocated space:                       2964992 Byte
20220312 054105.840 INFO             PET1 PIOc_sync Exit - MemInfo: [malloc] Total free space:                             668160 Byte
20220312 054105.840 INFO             PET1 PIOc_sync Exit - MemInfo: [malloc] Top-most, releasable space:                   452896 Byte
20220312 054105.840 INFO             PET1 PIOc_sync Exit - MemInfo: [malloc] Total space in use, mmap + non-mmap:         4546048 Byte
20220312 054105.840 INFO             PET1 PIOc_sync Exit - MemInfo: [malloc] Total space held (mmap + non-mmap):          5214208 Byte
20220312 054105.840 INFO             PET1 PIOc_sync Exit - MemInfo: [malloc] Total space used (mmap + non-mmap):          4555392 Byte
20220312 054105.840 INFO             PET1 PIOc_sync Exit - MemInfo: Wall-clock time since execution start:              0.0466716 seconds
20220312 054105.841 INFO             PET1 PIOc_freedecomp Enter - MemInfo: [/proc/meminfo - SSI]	MemTotal:       196442820 kB
20220312 054105.841 INFO             PET1 PIOc_freedecomp Enter - MemInfo: [/proc/meminfo - SSI]	MemFree:        186885648 kB
20220312 054105.841 INFO             PET1 PIOc_freedecomp Enter - MemInfo: [/proc/meminfo - SSI]	MemAvailable:   191710796 kB
20220312 054105.841 INFO             PET1 PIOc_freedecomp Enter - MemInfo: [/proc/meminfo - SSI]	Committed_AS:     653460 kB
20220312 054105.841 INFO             PET1 PIOc_freedecomp Enter - MemInfo: [/proc/meminfo - SSI]	CommittedPercent: 0.332646 %
20220312 054105.841 INFO             PET1 PIOc_freedecomp Enter - MemInfo: [/proc/self/status]	VmPeak:	  662988 kB
20220312 054105.841 INFO             PET1 PIOc_freedecomp Enter - MemInfo: [/proc/self/status]	VmSize:	  662988 kB
20220312 054105.841 INFO             PET1 PIOc_freedecomp Enter - MemInfo: [/proc/self/status]	VmLck:	       0 kB
20220312 054105.841 INFO             PET1 PIOc_freedecomp Enter - MemInfo: [/proc/self/status]	VmPin:	       0 kB
20220312 054105.841 INFO             PET1 PIOc_freedecomp Enter - MemInfo: [/proc/self/status]	VmHWM:	   71276 kB
20220312 054105.841 INFO             PET1 PIOc_freedecomp Enter - MemInfo: [/proc/self/status]	VmRSS:	   31952 kB
20220312 054105.841 INFO             PET1 PIOc_freedecomp Enter - MemInfo: [/proc/self/status]	VmData:	  187048 kB
20220312 054105.841 INFO             PET1 PIOc_freedecomp Enter - MemInfo: [/proc/self/status]	VmStk:	     144 kB
20220312 054105.841 INFO             PET1 PIOc_freedecomp Enter - MemInfo: [/proc/self/status]	VmExe:	     312 kB
20220312 054105.841 INFO             PET1 PIOc_freedecomp Enter - MemInfo: [/proc/self/status]	VmLib:	   82436 kB
20220312 054105.841 INFO             PET1 PIOc_freedecomp Enter - MemInfo: [/proc/self/status]	VmPTE:	     948 kB
20220312 054105.841 INFO             PET1 PIOc_freedecomp Enter - MemInfo: [/proc/self/status]	VmSwap:	       0 kB
20220312 054105.841 INFO             PET1 PIOc_freedecomp Enter - MemInfo: [/proc/self/status]	VmRSSPercent: 0.0162653 %
20220312 054105.841 INFO             PET1 PIOc_freedecomp Enter - MemInfo: [malloc] Non-mmapped space allocated:                 3633152 Byte
20220312 054105.841 INFO             PET1 PIOc_freedecomp Enter - MemInfo: [malloc] Space allocated in mmapped regions:          1581056 Byte
20220312 054105.841 INFO             PET1 PIOc_freedecomp Enter - MemInfo: [malloc] Maximum total allocated space:                     0 Byte
20220312 054105.841 INFO             PET1 PIOc_freedecomp Enter - MemInfo: [malloc] Space in freed fastbin blocks:                  1904 Byte
20220312 054105.841 INFO             PET1 PIOc_freedecomp Enter - MemInfo: [malloc] Total allocated space:                       2963024 Byte
20220312 054105.841 INFO             PET1 PIOc_freedecomp Enter - MemInfo: [malloc] Total free space:                             670128 Byte
20220312 054105.841 INFO             PET1 PIOc_freedecomp Enter - MemInfo: [malloc] Top-most, releasable space:                   452896 Byte
20220312 054105.841 INFO             PET1 PIOc_freedecomp Enter - MemInfo: [malloc] Total space in use, mmap + non-mmap:         4544080 Byte
20220312 054105.841 INFO             PET1 PIOc_freedecomp Enter - MemInfo: [malloc] Total space held (mmap + non-mmap):          5214208 Byte
20220312 054105.841 INFO             PET1 PIOc_freedecomp Enter - MemInfo: [malloc] Total space used (mmap + non-mmap):          4553424 Byte
20220312 054105.841 INFO             PET1 PIOc_freedecomp Enter - MemInfo: Wall-clock time since execution start:              0.0475274 seconds
20220312 054105.841 INFO             PET1 PIOc_freedecomp Exit - MemInfo: [/proc/meminfo - SSI]	MemTotal:       196442820 kB
20220312 054105.841 INFO             PET1 PIOc_freedecomp Exit - MemInfo: [/proc/meminfo - SSI]	MemFree:        186885648 kB
20220312 054105.841 INFO             PET1 PIOc_freedecomp Exit - MemInfo: [/proc/meminfo - SSI]	MemAvailable:   191710796 kB
20220312 054105.841 INFO             PET1 PIOc_freedecomp Exit - MemInfo: [/proc/meminfo - SSI]	Committed_AS:     653460 kB
20220312 054105.841 INFO             PET1 PIOc_freedecomp Exit - MemInfo: [/proc/meminfo - SSI]	CommittedPercent: 0.332646 %
20220312 054105.841 INFO             PET1 PIOc_freedecomp Exit - MemInfo: [/proc/self/status]	VmPeak:	  662988 kB
20220312 054105.841 INFO             PET1 PIOc_freedecomp Exit - MemInfo: [/proc/self/status]	VmSize:	  662988 kB
20220312 054105.841 INFO             PET1 PIOc_freedecomp Exit - MemInfo: [/proc/self/status]	VmLck:	       0 kB
20220312 054105.841 INFO             PET1 PIOc_freedecomp Exit - MemInfo: [/proc/self/status]	VmPin:	       0 kB
20220312 054105.841 INFO             PET1 PIOc_freedecomp Exit - MemInfo: [/proc/self/status]	VmHWM:	   71276 kB
20220312 054105.841 INFO             PET1 PIOc_freedecomp Exit - MemInfo: [/proc/self/status]	VmRSS:	   31952 kB
20220312 054105.841 INFO             PET1 PIOc_freedecomp Exit - MemInfo: [/proc/self/status]	VmData:	  187048 kB
20220312 054105.841 INFO             PET1 PIOc_freedecomp Exit - MemInfo: [/proc/self/status]	VmStk:	     144 kB
20220312 054105.841 INFO             PET1 PIOc_freedecomp Exit - MemInfo: [/proc/self/status]	VmExe:	     312 kB
20220312 054105.842 INFO             PET1 PIOc_freedecomp Exit - MemInfo: [/proc/self/status]	VmLib:	   82436 kB
20220312 054105.842 INFO             PET1 PIOc_freedecomp Exit - MemInfo: [/proc/self/status]	VmPTE:	     948 kB
20220312 054105.842 INFO             PET1 PIOc_freedecomp Exit - MemInfo: [/proc/self/status]	VmSwap:	       0 kB
20220312 054105.842 INFO             PET1 PIOc_freedecomp Exit - MemInfo: [/proc/self/status]	VmRSSPercent: 0.0162653 %
20220312 054105.842 INFO             PET1 PIOc_freedecomp Exit - MemInfo: [malloc] Non-mmapped space allocated:                 3633152 Byte
20220312 054105.842 INFO             PET1 PIOc_freedecomp Exit - MemInfo: [malloc] Space allocated in mmapped regions:          1581056 Byte
20220312 054105.842 INFO             PET1 PIOc_freedecomp Exit - MemInfo: [malloc] Maximum total allocated space:                     0 Byte
20220312 054105.842 INFO             PET1 PIOc_freedecomp Exit - MemInfo: [malloc] Space in freed fastbin blocks:                  2256 Byte
20220312 054105.842 INFO             PET1 PIOc_freedecomp Exit - MemInfo: [malloc] Total allocated space:                       2960080 Byte
20220312 054105.842 INFO             PET1 PIOc_freedecomp Exit - MemInfo: [malloc] Total free space:                             673072 Byte
20220312 054105.842 INFO             PET1 PIOc_freedecomp Exit - MemInfo: [malloc] Top-most, releasable space:                   452896 Byte
20220312 054105.842 INFO             PET1 PIOc_freedecomp Exit - MemInfo: [malloc] Total space in use, mmap + non-mmap:         4541136 Byte
20220312 054105.842 INFO             PET1 PIOc_freedecomp Exit - MemInfo: [malloc] Total space held (mmap + non-mmap):          5214208 Byte
20220312 054105.842 INFO             PET1 PIOc_freedecomp Exit - MemInfo: [malloc] Total space used (mmap + non-mmap):          4550480 Byte
20220312 054105.842 INFO             PET1 PIOc_freedecomp Exit - MemInfo: Wall-clock time since execution start:              0.0478935 seconds
20220312 054105.842 INFO             PET1 PASS ESMC_FieldRegridStoreFile test, ESMC_FieldSMMFromFileUTest.C, line 199
20220312 054105.849 INFO             PET1 PASS ESMC_FieldSMMStore from File test, ESMC_FieldSMMFromFileUTest.C, line 229
20220312 054105.849 INFO             PET1 PASS ESMC_FieldSMMStore From File validation, ESMC_FieldSMMFromFileUTest.C, line 257
20220312 054105.849 INFO             PET1 PASS ESMC_FieldRegridRelease, ESMC_FieldSMMFromFileUTest.C, line 271
20220312 054105.849 INFO             PET1 Ending Test, file ESMC_FieldSMMFromFileUTest.C, line 289
20220312 054105.849 INFO             PET1 Finalizing ESMF
20220312 054105.797 INFO             PET2 !!!!!!!!!!!!!!!!!!!!!!!!!!!!!!!!!!!!!!!!!!!!!!!!!!!!!!
20220312 054105.797 INFO             PET2 !!! THE ESMF_LOG IS SET TO OUTPUT ALL LOG MESSAGES !!!
20220312 054105.797 INFO             PET2 !!!     THIS MAY CAUSE SLOWDOWN IN PERFORMANCE     !!!
20220312 054105.797 INFO             PET2 !!! FOR PRODUCTION RUNS, USE:                      !!!
20220312 054105.797 INFO             PET2 !!!                   ESMF_LOGKIND_Multi_On_Error  !!!
20220312 054105.797 INFO             PET2 !!!!!!!!!!!!!!!!!!!!!!!!!!!!!!!!!!!!!!!!!!!!!!!!!!!!!!
20220312 054105.797 INFO             PET2 Running with ESMF Version   : v8.3.0b09-96-g559b459
20220312 054105.797 INFO             PET2 ESMF library build date/time: "Mar 12 2022" "04:14:42"
20220312 054105.797 INFO             PET2 ESMF library build location : /work/noaa/da/mpotts/sandbox/gfortran_8.3.0_openmpi_g_jedwards_pio_update2
20220312 054105.797 INFO             PET2 ESMF_COMM                   : openmpi
20220312 054105.798 INFO             PET2 ESMF_MOAB                   : enabled
20220312 054105.798 INFO             PET2 ESMF_LAPACK                 : enabled
20220312 054105.798 INFO             PET2 ESMF_NETCDF                 : enabled
20220312 054105.798 INFO             PET2 ESMF_PNETCDF                : disabled
20220312 054105.798 INFO             PET2 ESMF_PIO                    : enabled
20220312 054105.798 INFO             PET2 ESMF_YAMLCPP                : enabled
20220312 054105.798 INFO             PET2 Beginning Test, file ESMC_FieldSMMFromFileUTest.C, line 41
20220312 054105.798 INFO             PET2 Beginning Test, file ESMC_FieldSMMFromFileUTest.C, line 41NUMBER_OF_PROCESSORS 4
20220312 054105.830 INFO             PET2 PIOc_sync Enter - MemInfo: [/proc/meminfo - SSI]	MemTotal:       196442820 kB
20220312 054105.830 INFO             PET2 PIOc_sync Enter - MemInfo: [/proc/meminfo - SSI]	MemFree:        186883228 kB
20220312 054105.830 INFO             PET2 PIOc_sync Enter - MemInfo: [/proc/meminfo - SSI]	MemAvailable:   191708376 kB
20220312 054105.830 INFO             PET2 PIOc_sync Enter - MemInfo: [/proc/meminfo - SSI]	Committed_AS:     653452 kB
20220312 054105.830 INFO             PET2 PIOc_sync Enter - MemInfo: [/proc/meminfo - SSI]	CommittedPercent: 0.332642 %
20220312 054105.830 INFO             PET2 PIOc_sync Enter - MemInfo: [/proc/self/status]	VmPeak:	  662980 kB
20220312 054105.830 INFO             PET2 PIOc_sync Enter - MemInfo: [/proc/self/status]	VmSize:	  662980 kB
20220312 054105.830 INFO             PET2 PIOc_sync Enter - MemInfo: [/proc/self/status]	VmLck:	       0 kB
20220312 054105.830 INFO             PET2 PIOc_sync Enter - MemInfo: [/proc/self/status]	VmPin:	       0 kB
20220312 054105.830 INFO             PET2 PIOc_sync Enter - MemInfo: [/proc/self/status]	VmHWM:	   73324 kB
20220312 054105.830 INFO             PET2 PIOc_sync Enter - MemInfo: [/proc/self/status]	VmRSS:	   33932 kB
20220312 054105.830 INFO             PET2 PIOc_sync Enter - MemInfo: [/proc/self/status]	VmData:	  187040 kB
20220312 054105.830 INFO             PET2 PIOc_sync Enter - MemInfo: [/proc/self/status]	VmStk:	     144 kB
20220312 054105.830 INFO             PET2 PIOc_sync Enter - MemInfo: [/proc/self/status]	VmExe:	     312 kB
20220312 054105.830 INFO             PET2 PIOc_sync Enter - MemInfo: [/proc/self/status]	VmLib:	   82436 kB
20220312 054105.830 INFO             PET2 PIOc_sync Enter - MemInfo: [/proc/self/status]	VmPTE:	     944 kB
20220312 054105.830 INFO             PET2 PIOc_sync Enter - MemInfo: [/proc/self/status]	VmSwap:	       0 kB
20220312 054105.830 INFO             PET2 PIOc_sync Enter - MemInfo: [/proc/self/status]	VmRSSPercent: 0.0172732 %
20220312 054105.830 INFO             PET2 PIOc_sync Enter - MemInfo: [malloc] Non-mmapped space allocated:                 3624960 Byte
20220312 054105.830 INFO             PET2 PIOc_sync Enter - MemInfo: [malloc] Space allocated in mmapped regions:          1581056 Byte
20220312 054105.830 INFO             PET2 PIOc_sync Enter - MemInfo: [malloc] Maximum total allocated space:                     0 Byte
20220312 054105.830 INFO             PET2 PIOc_sync Enter - MemInfo: [malloc] Space in freed fastbin blocks:                  2976 Byte
20220312 054105.830 INFO             PET2 PIOc_sync Enter - MemInfo: [malloc] Total allocated space:                       2965104 Byte
20220312 054105.830 INFO             PET2 PIOc_sync Enter - MemInfo: [malloc] Total free space:                             659856 Byte
20220312 054105.830 INFO             PET2 PIOc_sync Enter - MemInfo: [malloc] Top-most, releasable space:                   449472 Byte
20220312 054105.830 INFO             PET2 PIOc_sync Enter - MemInfo: [malloc] Total space in use, mmap + non-mmap:         4546160 Byte
20220312 054105.830 INFO             PET2 PIOc_sync Enter - MemInfo: [malloc] Total space held (mmap + non-mmap):          5206016 Byte
20220312 054105.830 INFO             PET2 PIOc_sync Enter - MemInfo: [malloc] Total space used (mmap + non-mmap):          4555504 Byte
20220312 054105.830 INFO             PET2 PIOc_sync Enter - MemInfo: Wall-clock time since execution start:              0.0429208 seconds
20220312 054105.831 INFO             PET2 PIOc_sync Exit - MemInfo: [/proc/meminfo - SSI]	MemTotal:       196442820 kB
20220312 054105.831 INFO             PET2 PIOc_sync Exit - MemInfo: [/proc/meminfo - SSI]	MemFree:        186883228 kB
20220312 054105.831 INFO             PET2 PIOc_sync Exit - MemInfo: [/proc/meminfo - SSI]	MemAvailable:   191708376 kB
20220312 054105.831 INFO             PET2 PIOc_sync Exit - MemInfo: [/proc/meminfo - SSI]	Committed_AS:     653452 kB
20220312 054105.831 INFO             PET2 PIOc_sync Exit - MemInfo: [/proc/meminfo - SSI]	CommittedPercent: 0.332642 %
20220312 054105.831 INFO             PET2 PIOc_sync Exit - MemInfo: [/proc/self/status]	VmPeak:	  662980 kB
20220312 054105.831 INFO             PET2 PIOc_sync Exit - MemInfo: [/proc/self/status]	VmSize:	  662980 kB
20220312 054105.831 INFO             PET2 PIOc_sync Exit - MemInfo: [/proc/self/status]	VmLck:	       0 kB
20220312 054105.831 INFO             PET2 PIOc_sync Exit - MemInfo: [/proc/self/status]	VmPin:	       0 kB
20220312 054105.831 INFO             PET2 PIOc_sync Exit - MemInfo: [/proc/self/status]	VmHWM:	   73324 kB
20220312 054105.831 INFO             PET2 PIOc_sync Exit - MemInfo: [/proc/self/status]	VmRSS:	   34000 kB
20220312 054105.831 INFO             PET2 PIOc_sync Exit - MemInfo: [/proc/self/status]	VmData:	  187040 kB
20220312 054105.831 INFO             PET2 PIOc_sync Exit - MemInfo: [/proc/self/status]	VmStk:	     144 kB
20220312 054105.831 INFO             PET2 PIOc_sync Exit - MemInfo: [/proc/self/status]	VmExe:	     312 kB
20220312 054105.831 INFO             PET2 PIOc_sync Exit - MemInfo: [/proc/self/status]	VmLib:	   82436 kB
20220312 054105.831 INFO             PET2 PIOc_sync Exit - MemInfo: [/proc/self/status]	VmPTE:	     944 kB
20220312 054105.831 INFO             PET2 PIOc_sync Exit - MemInfo: [/proc/self/status]	VmSwap:	       0 kB
20220312 054105.831 INFO             PET2 PIOc_sync Exit - MemInfo: [/proc/self/status]	VmRSSPercent: 0.0173078 %
20220312 054105.831 INFO             PET2 PIOc_sync Exit - MemInfo: [malloc] Non-mmapped space allocated:                 3624960 Byte
20220312 054105.831 INFO             PET2 PIOc_sync Exit - MemInfo: [malloc] Space allocated in mmapped regions:          1581056 Byte
20220312 054105.831 INFO             PET2 PIOc_sync Exit - MemInfo: [malloc] Maximum total allocated space:                     0 Byte
20220312 054105.831 INFO             PET2 PIOc_sync Exit - MemInfo: [malloc] Space in freed fastbin blocks:                  1696 Byte
20220312 054105.831 INFO             PET2 PIOc_sync Exit - MemInfo: [malloc] Total allocated space:                       2964528 Byte
20220312 054105.831 INFO             PET2 PIOc_sync Exit - MemInfo: [malloc] Total free space:                             660432 Byte
20220312 054105.831 INFO             PET2 PIOc_sync Exit - MemInfo: [malloc] Top-most, releasable space:                   449472 Byte
20220312 054105.831 INFO             PET2 PIOc_sync Exit - MemInfo: [malloc] Total space in use, mmap + non-mmap:         4545584 Byte
20220312 054105.832 INFO             PET2 PIOc_sync Exit - MemInfo: [malloc] Total space held (mmap + non-mmap):          5206016 Byte
20220312 054105.832 INFO             PET2 PIOc_sync Exit - MemInfo: [malloc] Total space used (mmap + non-mmap):          4554928 Byte
20220312 054105.832 INFO             PET2 PIOc_sync Exit - MemInfo: Wall-clock time since execution start:              0.0440101 seconds
20220312 054105.832 INFO             PET2 PIOc_freedecomp Enter - MemInfo: [/proc/meminfo - SSI]	MemTotal:       196442820 kB
20220312 054105.832 INFO             PET2 PIOc_freedecomp Enter - MemInfo: [/proc/meminfo - SSI]	MemFree:        186890132 kB
20220312 054105.832 INFO             PET2 PIOc_freedecomp Enter - MemInfo: [/proc/meminfo - SSI]	MemAvailable:   191715280 kB
20220312 054105.832 INFO             PET2 PIOc_freedecomp Enter - MemInfo: [/proc/meminfo - SSI]	Committed_AS:     645256 kB
