build time -- 2022-03-13 03:22:09
20220313 033455.649 INFO             PET0 !!!!!!!!!!!!!!!!!!!!!!!!!!!!!!!!!!!!!!!!!!!!!!!!!!!!!!
20220313 033455.649 INFO             PET0 !!! THE ESMF_LOG IS SET TO OUTPUT ALL LOG MESSAGES !!!
20220313 033455.649 INFO             PET0 !!!     THIS MAY CAUSE SLOWDOWN IN PERFORMANCE     !!!
20220313 033455.649 INFO             PET0 !!! FOR PRODUCTION RUNS, USE:                      !!!
20220313 033455.649 INFO             PET0 !!!                   ESMF_LOGKIND_Multi_On_Error  !!!
20220313 033455.649 INFO             PET0 !!!!!!!!!!!!!!!!!!!!!!!!!!!!!!!!!!!!!!!!!!!!!!!!!!!!!!
20220313 033455.649 INFO             PET0 Running with ESMF Version   : v8.3.0b09-96-g559b459
20220313 033455.649 INFO             PET0 ESMF library build date/time: "Mar 13 2022" "03:20:48"
20220313 033455.649 INFO             PET0 ESMF library build location : /work/noaa/da/mpotts/sandbox/gfortran_8.3.0_openmpi_g_jedwards_pio_update2
20220313 033455.649 INFO             PET0 ESMF_COMM                   : openmpi
20220313 033455.650 INFO             PET0 ESMF_MOAB                   : enabled
20220313 033455.650 INFO             PET0 ESMF_LAPACK                 : enabled
20220313 033455.650 INFO             PET0 ESMF_NETCDF                 : enabled
20220313 033455.650 INFO             PET0 ESMF_PNETCDF                : disabled
20220313 033455.650 INFO             PET0 ESMF_PIO                    : enabled
20220313 033455.650 INFO             PET0 ESMF_YAMLCPP                : enabled
20220313 033455.650 INFO             PET0  Beginning Test, file ESMF_FieldBundleIOUTest.F90, line 71
20220313 033455.650 INFO             PET0  NUMBER_OF_PROCESSORS           4
20220313 033455.651 INFO             PET0  PASS  Creating a Grid to use in Field Tests, ESMF_FieldBundleIOUTest.F90, line 92
20220313 033455.652 INFO             PET0  PASS  Create dimensions attribute package on shared Grid Test, ESMF_FieldBundleIOUTest.F90, line 102
20220313 033455.652 INFO             PET0  PASS  Set dimensions attribute package on Grid Test, ESMF_FieldBundleIOUTest.F90, line 113
20220313 033455.652 INFO             PET0  PASS  Creating a 2 DE/PET Grid to use in Field Tests, ESMF_FieldBundleIOUTest.F90, line 123
20220313 033455.652 INFO             PET0  PASS  Create dimensions attribute package on 2 DE/PET Grid Test, ESMF_FieldBundleIOUTest.F90, line 133
20220313 033455.652 INFO             PET0  PASS  Set dimensions attribute package on Grid Test, ESMF_FieldBundleIOUTest.F90, line 144
20220313 033455.653 INFO             PET0  PASS  Create a field from grid and fortran dummy array, ESMF_FieldBundleIOUTest.F90, line 182
20220313 033455.653 INFO             PET0  PASS  Create attribute package on Field(1) Test, ESMF_FieldBundleIOUTest.F90, line 195
20220313 033455.653 INFO             PET0  PASS  Set attribute values on Field(1) Test, ESMF_FieldBundleIOUTest.F90, line 208
20220313 033455.654 INFO             PET0  PASS  Create a field from grid and fortran dummy array, ESMF_FieldBundleIOUTest.F90, line 218
20220313 033455.654 INFO             PET0  PASS  Create attribute package on Field(2) Test, ESMF_FieldBundleIOUTest.F90, line 230
20220313 033455.654 INFO             PET0  PASS  Set attribute values on Field(2) Test, ESMF_FieldBundleIOUTest.F90, line 243
20220313 033455.654 INFO             PET0  PASS  Array Spec Set, ESMF_FieldBundleIOUTest.F90, line 253
20220313 033455.654 INFO             PET0  PASS  Create a field from 2 DE/PET grid, ESMF_FieldBundleIOUTest.F90, line 263
20220313 033455.654 INFO             PET0  PASS  Create attribute package on Field(3) Test, ESMF_FieldBundleIOUTest.F90, line 275
20220313 033455.654 INFO             PET0  PASS  Set attribute values on Field(3) Test, ESMF_FieldBundleIOUTest.F90, line 288
20220313 033455.654 INFO             PET0  PASS  Get and fill Farray_w from field DE 0, ESMF_FieldBundleIOUTest.F90, line 298
20220313 033455.654 INFO             PET0  PASS  Get and fill Farray_w from field DE 1, ESMF_FieldBundleIOUTest.F90, line 308
20220313 033455.655 INFO             PET0  PASS  Create a bundle from 3 fields, ESMF_FieldBundleIOUTest.F90, line 317
20220313 033455.655 INFO             PET0  PASS  Create attribute package on FieldBundle single Test, ESMF_FieldBundleIOUTest.F90, line 329
20220313 033455.655 INFO             PET0  PASS  Set attribute values on FieldBundle single Test, ESMF_FieldBundleIOUTest.F90, line 342
20220313 033455.667 INFO             PET0 PIOc_sync Enter - MemInfo: [/proc/meminfo - SSI]	MemTotal:       196434604 kB
20220313 033455.667 INFO             PET0 PIOc_sync Enter - MemInfo: [/proc/meminfo - SSI]	MemFree:        184272420 kB
20220313 033455.667 INFO             PET0 PIOc_sync Enter - MemInfo: [/proc/meminfo - SSI]	MemAvailable:   191812172 kB
20220313 033455.667 INFO             PET0 PIOc_sync Enter - MemInfo: [/proc/meminfo - SSI]	Committed_AS:     675160 kB
20220313 033455.667 INFO             PET0 PIOc_sync Enter - MemInfo: [/proc/meminfo - SSI]	CommittedPercent: 0.343707 %
20220313 033455.667 INFO             PET0 PIOc_sync Enter - MemInfo: [/proc/self/status]	VmPeak:	  678920 kB
20220313 033455.667 INFO             PET0 PIOc_sync Enter - MemInfo: [/proc/self/status]	VmSize:	  678920 kB
20220313 033455.667 INFO             PET0 PIOc_sync Enter - MemInfo: [/proc/self/status]	VmLck:	       0 kB
20220313 033455.667 INFO             PET0 PIOc_sync Enter - MemInfo: [/proc/self/status]	VmPin:	       0 kB
20220313 033455.667 INFO             PET0 PIOc_sync Enter - MemInfo: [/proc/self/status]	VmHWM:	   71732 kB
20220313 033455.667 INFO             PET0 PIOc_sync Enter - MemInfo: [/proc/self/status]	VmRSS:	   40444 kB
20220313 033455.667 INFO             PET0 PIOc_sync Enter - MemInfo: [/proc/self/status]	VmData:	  196096 kB
20220313 033455.667 INFO             PET0 PIOc_sync Enter - MemInfo: [/proc/self/status]	VmStk:	     144 kB
20220313 033455.667 INFO             PET0 PIOc_sync Enter - MemInfo: [/proc/self/status]	VmExe:	     364 kB
20220313 033455.667 INFO             PET0 PIOc_sync Enter - MemInfo: [/proc/self/status]	VmLib:	   83112 kB
20220313 033455.668 INFO             PET0 PIOc_sync Enter - MemInfo: [/proc/self/status]	VmPTE:	     984 kB
20220313 033455.668 INFO             PET0 PIOc_sync Enter - MemInfo: [/proc/self/status]	VmSwap:	       0 kB
20220313 033455.668 INFO             PET0 PIOc_sync Enter - MemInfo: [/proc/self/status]	VmRSSPercent: 0.020589 %
20220313 033455.668 INFO             PET0 PIOc_sync Enter - MemInfo: [malloc] Non-mmapped space allocated:                 3973120 Byte
20220313 033455.668 INFO             PET0 PIOc_sync Enter - MemInfo: [malloc] Space allocated in mmapped regions:         10502144 Byte
20220313 033455.668 INFO             PET0 PIOc_sync Enter - MemInfo: [malloc] Maximum total allocated space:                     0 Byte
20220313 033455.668 INFO             PET0 PIOc_sync Enter - MemInfo: [malloc] Space in freed fastbin blocks:                  2640 Byte
20220313 033455.668 INFO             PET0 PIOc_sync Enter - MemInfo: [malloc] Total allocated space:                       3307184 Byte
20220313 033455.668 INFO             PET0 PIOc_sync Enter - MemInfo: [malloc] Total free space:                             665936 Byte
20220313 033455.668 INFO             PET0 PIOc_sync Enter - MemInfo: [malloc] Top-most, releasable space:                   453904 Byte
20220313 033455.668 INFO             PET0 PIOc_sync Enter - MemInfo: [malloc] Total space in use, mmap + non-mmap:        13809328 Byte
20220313 033455.668 INFO             PET0 PIOc_sync Enter - MemInfo: [malloc] Total space held (mmap + non-mmap):         14475264 Byte
20220313 033455.668 INFO             PET0 PIOc_sync Enter - MemInfo: [malloc] Total space used (mmap + non-mmap):         13818672 Byte
20220313 033455.668 INFO             PET0 PIOc_sync Enter - MemInfo: Wall-clock time since execution start:              0.0222305 seconds
20220313 033455.668 INFO             PET0 PIOc_sync Exit - MemInfo: [/proc/meminfo - SSI]	MemTotal:       196434604 kB
20220313 033455.668 INFO             PET0 PIOc_sync Exit - MemInfo: [/proc/meminfo - SSI]	MemFree:        184272420 kB
20220313 033455.668 INFO             PET0 PIOc_sync Exit - MemInfo: [/proc/meminfo - SSI]	MemAvailable:   191812172 kB
20220313 033455.668 INFO             PET0 PIOc_sync Exit - MemInfo: [/proc/meminfo - SSI]	Committed_AS:     675160 kB
20220313 033455.668 INFO             PET0 PIOc_sync Exit - MemInfo: [/proc/meminfo - SSI]	CommittedPercent: 0.343707 %
20220313 033455.668 INFO             PET0 PIOc_sync Exit - MemInfo: [/proc/self/status]	VmPeak:	  678920 kB
20220313 033455.669 INFO             PET0 PIOc_sync Exit - MemInfo: [/proc/self/status]	VmSize:	  678920 kB
20220313 033455.669 INFO             PET0 PIOc_sync Exit - MemInfo: [/proc/self/status]	VmLck:	       0 kB
20220313 033455.669 INFO             PET0 PIOc_sync Exit - MemInfo: [/proc/self/status]	VmPin:	       0 kB
20220313 033455.669 INFO             PET0 PIOc_sync Exit - MemInfo: [/proc/self/status]	VmHWM:	   71732 kB
20220313 033455.669 INFO             PET0 PIOc_sync Exit - MemInfo: [/proc/self/status]	VmRSS:	   40616 kB
20220313 033455.669 INFO             PET0 PIOc_sync Exit - MemInfo: [/proc/self/status]	VmData:	  196096 kB
20220313 033455.669 INFO             PET0 PIOc_sync Exit - MemInfo: [/proc/self/status]	VmStk:	     144 kB
20220313 033455.669 INFO             PET0 PIOc_sync Exit - MemInfo: [/proc/self/status]	VmExe:	     364 kB
20220313 033455.669 INFO             PET0 PIOc_sync Exit - MemInfo: [/proc/self/status]	VmLib:	   83112 kB
20220313 033455.669 INFO             PET0 PIOc_sync Exit - MemInfo: [/proc/self/status]	VmPTE:	     984 kB
20220313 033455.669 INFO             PET0 PIOc_sync Exit - MemInfo: [/proc/self/status]	VmSwap:	       0 kB
20220313 033455.669 INFO             PET0 PIOc_sync Exit - MemInfo: [/proc/self/status]	VmRSSPercent: 0.0206766 %
20220313 033455.669 INFO             PET0 PIOc_sync Exit - MemInfo: [malloc] Non-mmapped space allocated:                 3973120 Byte
20220313 033455.669 INFO             PET0 PIOc_sync Exit - MemInfo: [malloc] Space allocated in mmapped regions:         10502144 Byte
20220313 033455.669 INFO             PET0 PIOc_sync Exit - MemInfo: [malloc] Maximum total allocated space:                     0 Byte
20220313 033455.669 INFO             PET0 PIOc_sync Exit - MemInfo: [malloc] Space in freed fastbin blocks:                  1040 Byte
20220313 033455.669 INFO             PET0 PIOc_sync Exit - MemInfo: [malloc] Total allocated space:                       3351536 Byte
20220313 033455.669 INFO             PET0 PIOc_sync Exit - MemInfo: [malloc] Total free space:                             621584 Byte
20220313 033455.669 INFO             PET0 PIOc_sync Exit - MemInfo: [malloc] Top-most, releasable space:                   417536 Byte
20220313 033455.669 INFO             PET0 PIOc_sync Exit - MemInfo: [malloc] Total space in use, mmap + non-mmap:        13853680 Byte
20220313 033455.669 INFO             PET0 PIOc_sync Exit - MemInfo: [malloc] Total space held (mmap + non-mmap):         14475264 Byte
20220313 033455.669 INFO             PET0 PIOc_sync Exit - MemInfo: [malloc] Total space used (mmap + non-mmap):         13863024 Byte
20220313 033455.669 INFO             PET0 PIOc_sync Exit - MemInfo: Wall-clock time since execution start:              0.0232549 seconds
20220313 033455.669 INFO             PET0 PIOc_freedecomp Enter - MemInfo: [/proc/meminfo - SSI]	MemTotal:       196434604 kB
20220313 033455.669 INFO             PET0 PIOc_freedecomp Enter - MemInfo: [/proc/meminfo - SSI]	MemFree:        184280216 kB
20220313 033455.669 INFO             PET0 PIOc_freedecomp Enter - MemInfo: [/proc/meminfo - SSI]	MemAvailable:   191819968 kB
20220313 033455.669 INFO             PET0 PIOc_freedecomp Enter - MemInfo: [/proc/meminfo - SSI]	Committed_AS:     667276 kB
20220313 033455.669 INFO             PET0 PIOc_freedecomp Enter - MemInfo: [/proc/meminfo - SSI]	CommittedPercent: 0.339694 %
20220313 033455.670 INFO             PET0 PIOc_freedecomp Enter - MemInfo: [/proc/self/status]	VmPeak:	  678920 kB
20220313 033455.670 INFO             PET0 PIOc_freedecomp Enter - MemInfo: [/proc/self/status]	VmSize:	  670208 kB
20220313 033455.670 INFO             PET0 PIOc_freedecomp Enter - MemInfo: [/proc/self/status]	VmLck:	       0 kB
20220313 033455.670 INFO             PET0 PIOc_freedecomp Enter - MemInfo: [/proc/self/status]	VmPin:	       0 kB
20220313 033455.670 INFO             PET0 PIOc_freedecomp Enter - MemInfo: [/proc/self/status]	VmHWM:	   71732 kB
20220313 033455.670 INFO             PET0 PIOc_freedecomp Enter - MemInfo: [/proc/self/status]	VmRSS:	   32420 kB
20220313 033455.670 INFO             PET0 PIOc_freedecomp Enter - MemInfo: [/proc/self/status]	VmData:	  187384 kB
20220313 033455.670 INFO             PET0 PIOc_freedecomp Enter - MemInfo: [/proc/self/status]	VmStk:	     144 kB
20220313 033455.670 INFO             PET0 PIOc_freedecomp Enter - MemInfo: [/proc/self/status]	VmExe:	     364 kB
20220313 033455.670 INFO             PET0 PIOc_freedecomp Enter - MemInfo: [/proc/self/status]	VmLib:	   83112 kB
20220313 033455.670 INFO             PET0 PIOc_freedecomp Enter - MemInfo: [/proc/self/status]	VmPTE:	     968 kB
20220313 033455.670 INFO             PET0 PIOc_freedecomp Enter - MemInfo: [/proc/self/status]	VmSwap:	       0 kB
20220313 033455.670 INFO             PET0 PIOc_freedecomp Enter - MemInfo: [/proc/self/status]	VmRSSPercent: 0.0165042 %
20220313 033455.670 INFO             PET0 PIOc_freedecomp Enter - MemInfo: [malloc] Non-mmapped space allocated:                 3973120 Byte
20220313 033455.670 INFO             PET0 PIOc_freedecomp Enter - MemInfo: [malloc] Space allocated in mmapped regions:          1581056 Byte
20220313 033455.670 INFO             PET0 PIOc_freedecomp Enter - MemInfo: [malloc] Maximum total allocated space:                     0 Byte
20220313 033455.670 INFO             PET0 PIOc_freedecomp Enter - MemInfo: [malloc] Space in freed fastbin blocks:                  4192 Byte
20220313 033455.670 INFO             PET0 PIOc_freedecomp Enter - MemInfo: [malloc] Total allocated space:                       3336144 Byte
20220313 033455.670 INFO             PET0 PIOc_freedecomp Enter - MemInfo: [malloc] Total free space:                             636976 Byte
20220313 033455.670 INFO             PET0 PIOc_freedecomp Enter - MemInfo: [malloc] Top-most, releasable space:                   417536 Byte
20220313 033455.670 INFO             PET0 PIOc_freedecomp Enter - MemInfo: [malloc] Total space in use, mmap + non-mmap:         4917200 Byte
20220313 033455.670 INFO             PET0 PIOc_freedecomp Enter - MemInfo: [malloc] Total space held (mmap + non-mmap):          5554176 Byte
20220313 033455.670 INFO             PET0 PIOc_freedecomp Enter - MemInfo: [malloc] Total space used (mmap + non-mmap):          4926544 Byte
20220313 033455.670 INFO             PET0 PIOc_freedecomp Enter - MemInfo: Wall-clock time since execution start:              0.0242909 seconds
20220313 033455.670 INFO             PET0 PIOc_freedecomp Exit - MemInfo: [/proc/meminfo - SSI]	MemTotal:       196434604 kB
20220313 033455.670 INFO             PET0 PIOc_freedecomp Exit - MemInfo: [/proc/meminfo - SSI]	MemFree:        184280216 kB
20220313 033455.670 INFO             PET0 PIOc_freedecomp Exit - MemInfo: [/proc/meminfo - SSI]	MemAvailable:   191819968 kB
20220313 033455.670 INFO             PET0 PIOc_freedecomp Exit - MemInfo: [/proc/meminfo - SSI]	Committed_AS:     667276 kB
20220313 033455.670 INFO             PET0 PIOc_freedecomp Exit - MemInfo: [/proc/meminfo - SSI]	CommittedPercent: 0.339694 %
20220313 033455.670 INFO             PET0 PIOc_freedecomp Exit - MemInfo: [/proc/self/status]	VmPeak:	  678920 kB
20220313 033455.670 INFO             PET0 PIOc_freedecomp Exit - MemInfo: [/proc/self/status]	VmSize:	  670208 kB
20220313 033455.670 INFO             PET0 PIOc_freedecomp Exit - MemInfo: [/proc/self/status]	VmLck:	       0 kB
20220313 033455.670 INFO             PET0 PIOc_freedecomp Exit - MemInfo: [/proc/self/status]	VmPin:	       0 kB
20220313 033455.670 INFO             PET0 PIOc_freedecomp Exit - MemInfo: [/proc/self/status]	VmHWM:	   71732 kB
20220313 033455.670 INFO             PET0 PIOc_freedecomp Exit - MemInfo: [/proc/self/status]	VmRSS:	   32420 kB
20220313 033455.670 INFO             PET0 PIOc_freedecomp Exit - MemInfo: [/proc/self/status]	VmData:	  187384 kB
20220313 033455.670 INFO             PET0 PIOc_freedecomp Exit - MemInfo: [/proc/self/status]	VmStk:	     144 kB
20220313 033455.670 INFO             PET0 PIOc_freedecomp Exit - MemInfo: [/proc/self/status]	VmExe:	     364 kB
20220313 033455.670 INFO             PET0 PIOc_freedecomp Exit - MemInfo: [/proc/self/status]	VmLib:	   83112 kB
20220313 033455.670 INFO             PET0 PIOc_freedecomp Exit - MemInfo: [/proc/self/status]	VmPTE:	     968 kB
20220313 033455.670 INFO             PET0 PIOc_freedecomp Exit - MemInfo: [/proc/self/status]	VmSwap:	       0 kB
20220313 033455.670 INFO             PET0 PIOc_freedecomp Exit - MemInfo: [/proc/self/status]	VmRSSPercent: 0.0165042 %
20220313 033455.670 INFO             PET0 PIOc_freedecomp Exit - MemInfo: [malloc] Non-mmapped space allocated:                 3973120 Byte
20220313 033455.670 INFO             PET0 PIOc_freedecomp Exit - MemInfo: [malloc] Space allocated in mmapped regions:          1581056 Byte
20220313 033455.670 INFO             PET0 PIOc_freedecomp Exit - MemInfo: [malloc] Maximum total allocated space:                     0 Byte
20220313 033455.670 INFO             PET0 PIOc_freedecomp Exit - MemInfo: [malloc] Space in freed fastbin blocks:                  1184 Byte
20220313 033455.670 INFO             PET0 PIOc_freedecomp Exit - MemInfo: [malloc] Total allocated space:                       3323792 Byte
20220313 033455.670 INFO             PET0 PIOc_freedecomp Exit - MemInfo: [malloc] Total free space:                             649328 Byte
20220313 033455.670 INFO             PET0 PIOc_freedecomp Exit - MemInfo: [malloc] Top-most, releasable space:                   425936 Byte
20220313 033455.670 INFO             PET0 PIOc_freedecomp Exit - MemInfo: [malloc] Total space in use, mmap + non-mmap:         4904848 Byte
20220313 033455.670 INFO             PET0 PIOc_freedecomp Exit - MemInfo: [malloc] Total space held (mmap + non-mmap):          5554176 Byte
20220313 033455.670 INFO             PET0 PIOc_freedecomp Exit - MemInfo: [malloc] Total space used (mmap + non-mmap):          4914192 Byte
20220313 033455.670 INFO             PET0 PIOc_freedecomp Exit - MemInfo: Wall-clock time since execution start:              0.0246862 seconds
20220313 033455.670 INFO             PET0 PIOc_freedecomp Enter - MemInfo: [/proc/meminfo - SSI]	MemTotal:       196434604 kB
20220313 033455.670 INFO             PET0 PIOc_freedecomp Enter - MemInfo: [/proc/meminfo - SSI]	MemFree:        184280216 kB
20220313 033455.670 INFO             PET0 PIOc_freedecomp Enter - MemInfo: [/proc/meminfo - SSI]	MemAvailable:   191819968 kB
20220313 033455.670 INFO             PET0 PIOc_freedecomp Enter - MemInfo: [/proc/meminfo - SSI]	Committed_AS:     667276 kB
20220313 033455.670 INFO             PET0 PIOc_freedecomp Enter - MemInfo: [/proc/meminfo - SSI]	CommittedPercent: 0.339694 %
20220313 033455.670 INFO             PET0 PIOc_freedecomp Enter - MemInfo: [/proc/self/status]	VmPeak:	  678920 kB
20220313 033455.670 INFO             PET0 PIOc_freedecomp Enter - MemInfo: [/proc/self/status]	VmSize:	  670208 kB
20220313 033455.670 INFO             PET0 PIOc_freedecomp Enter - MemInfo: [/proc/self/status]	VmLck:	       0 kB
20220313 033455.670 INFO             PET0 PIOc_freedecomp Enter - MemInfo: [/proc/self/status]	VmPin:	       0 kB
20220313 033455.670 INFO             PET0 PIOc_freedecomp Enter - MemInfo: [/proc/self/status]	VmHWM:	   71732 kB
20220313 033455.670 INFO             PET0 PIOc_freedecomp Enter - MemInfo: [/proc/self/status]	VmRSS:	   32420 kB
20220313 033455.670 INFO             PET0 PIOc_freedecomp Enter - MemInfo: [/proc/self/status]	VmData:	  187384 kB
20220313 033455.670 INFO             PET0 PIOc_freedecomp Enter - MemInfo: [/proc/self/status]	VmStk:	     144 kB
20220313 033455.670 INFO             PET0 PIOc_freedecomp Enter - MemInfo: [/proc/self/status]	VmExe:	     364 kB
20220313 033455.670 INFO             PET0 PIOc_freedecomp Enter - MemInfo: [/proc/self/status]	VmLib:	   83112 kB
20220313 033455.670 INFO             PET0 PIOc_freedecomp Enter - MemInfo: [/proc/self/status]	VmPTE:	     968 kB
20220313 033455.670 INFO             PET0 PIOc_freedecomp Enter - MemInfo: [/proc/self/status]	VmSwap:	       0 kB
20220313 033455.670 INFO             PET0 PIOc_freedecomp Enter - MemInfo: [/proc/self/status]	VmRSSPercent: 0.0165042 %
20220313 033455.670 INFO             PET0 PIOc_freedecomp Enter - MemInfo: [malloc] Non-mmapped space allocated:                 3973120 Byte
20220313 033455.670 INFO             PET0 PIOc_freedecomp Enter - MemInfo: [malloc] Space allocated in mmapped regions:          1581056 Byte
20220313 033455.670 INFO             PET0 PIOc_freedecomp Enter - MemInfo: [malloc] Maximum total allocated space:                     0 Byte
20220313 033455.670 INFO             PET0 PIOc_freedecomp Enter - MemInfo: [malloc] Space in freed fastbin blocks:                  2112 Byte
20220313 033455.670 INFO             PET0 PIOc_freedecomp Enter - MemInfo: [malloc] Total allocated space:                       3323664 Byte
20220313 033455.670 INFO             PET0 PIOc_freedecomp Enter - MemInfo: [malloc] Total free space:                             649456 Byte
20220313 033455.670 INFO             PET0 PIOc_freedecomp Enter - MemInfo: [malloc] Top-most, releasable space:                   425936 Byte
20220313 033455.670 INFO             PET0 PIOc_freedecomp Enter - MemInfo: [malloc] Total space in use, mmap + non-mmap:         4904720 Byte
20220313 033455.670 INFO             PET0 PIOc_freedecomp Enter - MemInfo: [malloc] Total space held (mmap + non-mmap):          5554176 Byte
20220313 033455.670 INFO             PET0 PIOc_freedecomp Enter - MemInfo: [malloc] Total space used (mmap + non-mmap):          4914064 Byte
20220313 033455.670 INFO             PET0 PIOc_freedecomp Enter - MemInfo: Wall-clock time since execution start:              0.0250637 seconds
20220313 033455.671 INFO             PET0 PIOc_freedecomp Exit - MemInfo: [/proc/meminfo - SSI]	MemTotal:       196434604 kB
20220313 033455.671 INFO             PET0 PIOc_freedecomp Exit - MemInfo: [/proc/meminfo - SSI]	MemFree:        184280216 kB
20220313 033455.671 INFO             PET0 PIOc_freedecomp Exit - MemInfo: [/proc/meminfo - SSI]	MemAvailable:   191819968 kB
20220313 033455.671 INFO             PET0 PIOc_freedecomp Exit - MemInfo: [/proc/meminfo - SSI]	Committed_AS:     667276 kB
20220313 033455.671 INFO             PET0 PIOc_freedecomp Exit - MemInfo: [/proc/meminfo - SSI]	CommittedPercent: 0.339694 %
20220313 033455.671 INFO             PET0 PIOc_freedecomp Exit - MemInfo: [/proc/self/status]	VmPeak:	  678920 kB
20220313 033455.671 INFO             PET0 PIOc_freedecomp Exit - MemInfo: [/proc/self/status]	VmSize:	  670208 kB
20220313 033455.671 INFO             PET0 PIOc_freedecomp Exit - MemInfo: [/proc/self/status]	VmLck:	       0 kB
20220313 033455.671 INFO             PET0 PIOc_freedecomp Exit - MemInfo: [/proc/self/status]	VmPin:	       0 kB
20220313 033455.671 INFO             PET0 PIOc_freedecomp Exit - MemInfo: [/proc/self/status]	VmHWM:	   71732 kB
20220313 033455.671 INFO             PET0 PIOc_freedecomp Exit - MemInfo: [/proc/self/status]	VmRSS:	   32420 kB
20220313 033455.671 INFO             PET0 PIOc_freedecomp Exit - MemInfo: [/proc/self/status]	VmData:	  187384 kB
20220313 033455.671 INFO             PET0 PIOc_freedecomp Exit - MemInfo: [/proc/self/status]	VmStk:	     144 kB
20220313 033455.671 INFO             PET0 PIOc_freedecomp Exit - MemInfo: [/proc/self/status]	VmExe:	     364 kB
20220313 033455.671 INFO             PET0 PIOc_freedecomp Exit - MemInfo: [/proc/self/status]	VmLib:	   83112 kB
20220313 033455.671 INFO             PET0 PIOc_freedecomp Exit - MemInfo: [/proc/self/status]	VmPTE:	     968 kB
20220313 033455.671 INFO             PET0 PIOc_freedecomp Exit - MemInfo: [/proc/self/status]	VmSwap:	       0 kB
20220313 033455.671 INFO             PET0 PIOc_freedecomp Exit - MemInfo: [/proc/self/status]	VmRSSPercent: 0.0165042 %
20220313 033455.671 INFO             PET0 PIOc_freedecomp Exit - MemInfo: [malloc] Non-mmapped space allocated:                 3973120 Byte
20220313 033455.671 INFO             PET0 PIOc_freedecomp Exit - MemInfo: [malloc] Space allocated in mmapped regions:          1581056 Byte
20220313 033455.671 INFO             PET0 PIOc_freedecomp Exit - MemInfo: [malloc] Maximum total allocated space:                     0 Byte
20220313 033455.671 INFO             PET0 PIOc_freedecomp Exit - MemInfo: [malloc] Space in freed fastbin blocks:                  1296 Byte
20220313 033455.671 INFO             PET0 PIOc_freedecomp Exit - MemInfo: [malloc] Total allocated space:                       3292640 Byte
20220313 033455.671 INFO             PET0 PIOc_freedecomp Exit - MemInfo: [malloc] Total free space:                             680480 Byte
20220313 033455.671 INFO             PET0 PIOc_freedecomp Exit - MemInfo: [malloc] Top-most, releasable space:                   452896 Byte
20220313 033455.671 INFO             PET0 PIOc_freedecomp Exit - MemInfo: [malloc] Total space in use, mmap + non-mmap:         4873696 Byte
20220313 033455.671 INFO             PET0 PIOc_freedecomp Exit - MemInfo: [malloc] Total space held (mmap + non-mmap):          5554176 Byte
20220313 033455.671 INFO             PET0 PIOc_freedecomp Exit - MemInfo: [malloc] Total space used (mmap + non-mmap):          4883040 Byte
20220313 033455.671 INFO             PET0 PIOc_freedecomp Exit - MemInfo: Wall-clock time since execution start:              0.0254445 seconds
20220313 033455.671 INFO             PET0 PIOc_freedecomp Enter - MemInfo: [/proc/meminfo - SSI]	MemTotal:       196434604 kB
20220313 033455.671 INFO             PET0 PIOc_freedecomp Enter - MemInfo: [/proc/meminfo - SSI]	MemFree:        184280216 kB
20220313 033455.671 INFO             PET0 PIOc_freedecomp Enter - MemInfo: [/proc/meminfo - SSI]	MemAvailable:   191819968 kB
20220313 033455.671 INFO             PET0 PIOc_freedecomp Enter - MemInfo: [/proc/meminfo - SSI]	Committed_AS:     667276 kB
20220313 033455.671 INFO             PET0 PIOc_freedecomp Enter - MemInfo: [/proc/meminfo - SSI]	CommittedPercent: 0.339694 %
20220313 033455.671 INFO             PET0 PIOc_freedecomp Enter - MemInfo: [/proc/self/status]	VmPeak:	  678920 kB
20220313 033455.671 INFO             PET0 PIOc_freedecomp Enter - MemInfo: [/proc/self/status]	VmSize:	  670208 kB
20220313 033455.671 INFO             PET0 PIOc_freedecomp Enter - MemInfo: [/proc/self/status]	VmLck:	       0 kB
20220313 033455.671 INFO             PET0 PIOc_freedecomp Enter - MemInfo: [/proc/self/status]	VmPin:	       0 kB
20220313 033455.671 INFO             PET0 PIOc_freedecomp Enter - MemInfo: [/proc/self/status]	VmHWM:	   71732 kB
20220313 033455.671 INFO             PET0 PIOc_freedecomp Enter - MemInfo: [/proc/self/status]	VmRSS:	   32420 kB
20220313 033455.671 INFO             PET0 PIOc_freedecomp Enter - MemInfo: [/proc/self/status]	VmData:	  187384 kB
20220313 033455.671 INFO             PET0 PIOc_freedecomp Enter - MemInfo: [/proc/self/status]	VmStk:	     144 kB
20220313 033455.671 INFO             PET0 PIOc_freedecomp Enter - MemInfo: [/proc/self/status]	VmExe:	     364 kB
20220313 033455.671 INFO             PET0 PIOc_freedecomp Enter - MemInfo: [/proc/self/status]	VmLib:	   83112 kB
20220313 033455.671 INFO             PET0 PIOc_freedecomp Enter - MemInfo: [/proc/self/status]	VmPTE:	     968 kB
20220313 033455.671 INFO             PET0 PIOc_freedecomp Enter - MemInfo: [/proc/self/status]	VmSwap:	       0 kB
20220313 033455.671 INFO             PET0 PIOc_freedecomp Enter - MemInfo: [/proc/self/status]	VmRSSPercent: 0.0165042 %
20220313 033455.671 INFO             PET0 PIOc_freedecomp Enter - MemInfo: [malloc] Non-mmapped space allocated:                 3973120 Byte
20220313 033455.671 INFO             PET0 PIOc_freedecomp Enter - MemInfo: [malloc] Space allocated in mmapped regions:          1581056 Byte
20220313 033455.671 INFO             PET0 PIOc_freedecomp Enter - MemInfo: [malloc] Maximum total allocated space:                     0 Byte
20220313 033455.671 INFO             PET0 PIOc_freedecomp Enter - MemInfo: [malloc] Space in freed fastbin blocks:                  1776 Byte
20220313 033455.671 INFO             PET0 PIOc_freedecomp Enter - MemInfo: [malloc] Total allocated space:                       3292496 Byte
20220313 033455.671 INFO             PET0 PIOc_freedecomp Enter - MemInfo: [malloc] Total free space:                             680624 Byte
20220313 033455.671 INFO             PET0 PIOc_freedecomp Enter - MemInfo: [malloc] Top-most, releasable space:                   452896 Byte
20220313 033455.671 INFO             PET0 PIOc_freedecomp Enter - MemInfo: [malloc] Total space in use, mmap + non-mmap:         4873552 Byte
20220313 033455.671 INFO             PET0 PIOc_freedecomp Enter - MemInfo: [malloc] Total space held (mmap + non-mmap):          5554176 Byte
20220313 033455.671 INFO             PET0 PIOc_freedecomp Enter - MemInfo: [malloc] Total space used (mmap + non-mmap):          4882896 Byte
20220313 033455.671 INFO             PET0 PIOc_freedecomp Enter - MemInfo: Wall-clock time since execution start:              0.0258118 seconds
20220313 033455.671 INFO             PET0 PIOc_freedecomp Exit - MemInfo: [/proc/meminfo - SSI]	MemTotal:       196434604 kB
20220313 033455.671 INFO             PET0 PIOc_freedecomp Exit - MemInfo: [/proc/meminfo - SSI]	MemFree:        184280216 kB
20220313 033455.671 INFO             PET0 PIOc_freedecomp Exit - MemInfo: [/proc/meminfo - SSI]	MemAvailable:   191819968 kB
20220313 033455.671 INFO             PET0 PIOc_freedecomp Exit - MemInfo: [/proc/meminfo - SSI]	Committed_AS:     667276 kB
20220313 033455.671 INFO             PET0 PIOc_freedecomp Exit - MemInfo: [/proc/meminfo - SSI]	CommittedPercent: 0.339694 %
20220313 033455.671 INFO             PET0 PIOc_freedecomp Exit - MemInfo: [/proc/self/status]	VmPeak:	  678920 kB
20220313 033455.671 INFO             PET0 PIOc_freedecomp Exit - MemInfo: [/proc/self/status]	VmSize:	  670208 kB
20220313 033455.671 INFO             PET0 PIOc_freedecomp Exit - MemInfo: [/proc/self/status]	VmLck:	       0 kB
20220313 033455.671 INFO             PET0 PIOc_freedecomp Exit - MemInfo: [/proc/self/status]	VmPin:	       0 kB
20220313 033455.671 INFO             PET0 PIOc_freedecomp Exit - MemInfo: [/proc/self/status]	VmHWM:	   71732 kB
20220313 033455.671 INFO             PET0 PIOc_freedecomp Exit - MemInfo: [/proc/self/status]	VmRSS:	   32420 kB
20220313 033455.671 INFO             PET0 PIOc_freedecomp Exit - MemInfo: [/proc/self/status]	VmData:	  187384 kB
20220313 033455.671 INFO             PET0 PIOc_freedecomp Exit - MemInfo: [/proc/self/status]	VmStk:	     144 kB
20220313 033455.671 INFO             PET0 PIOc_freedecomp Exit - MemInfo: [/proc/self/status]	VmExe:	     364 kB
20220313 033455.671 INFO             PET0 PIOc_freedecomp Exit - MemInfo: [/proc/self/status]	VmLib:	   83112 kB
20220313 033455.671 INFO             PET0 PIOc_freedecomp Exit - MemInfo: [/proc/self/status]	VmPTE:	     968 kB
20220313 033455.671 INFO             PET0 PIOc_freedecomp Exit - MemInfo: [/proc/self/status]	VmSwap:	       0 kB
20220313 033455.671 INFO             PET0 PIOc_freedecomp Exit - MemInfo: [/proc/self/status]	VmRSSPercent: 0.0165042 %
20220313 033455.671 INFO             PET0 PIOc_freedecomp Exit - MemInfo: [malloc] Non-mmapped space allocated:                 3973120 Byte
20220313 033455.671 INFO             PET0 PIOc_freedecomp Exit - MemInfo: [malloc] Space allocated in mmapped regions:          1581056 Byte
20220313 033455.672 INFO             PET0 PIOc_freedecomp Exit - MemInfo: [malloc] Maximum total allocated space:                     0 Byte
20220313 033455.672 INFO             PET0 PIOc_freedecomp Exit - MemInfo: [malloc] Space in freed fastbin blocks:                  1440 Byte
20220313 033455.672 INFO             PET0 PIOc_freedecomp Exit - MemInfo: [malloc] Total allocated space:                       3279520 Byte
20220313 033455.672 INFO             PET0 PIOc_freedecomp Exit - MemInfo: [malloc] Total free space:                             693600 Byte
20220313 033455.672 INFO             PET0 PIOc_freedecomp Exit - MemInfo: [malloc] Top-most, releasable space:                   453904 Byte
20220313 033455.672 INFO             PET0 PIOc_freedecomp Exit - MemInfo: [malloc] Total space in use, mmap + non-mmap:         4860576 Byte
20220313 033455.672 INFO             PET0 PIOc_freedecomp Exit - MemInfo: [malloc] Total space held (mmap + non-mmap):          5554176 Byte
20220313 033455.672 INFO             PET0 PIOc_freedecomp Exit - MemInfo: [malloc] Total space used (mmap + non-mmap):          4869920 Byte
20220313 033455.672 INFO             PET0 PIOc_freedecomp Exit - MemInfo: Wall-clock time since execution start:              0.0261799 seconds
20220313 033455.672 INFO             PET0  PASS  Writing a FieldBundle to a single file Test, ESMF_FieldBundleIOUTest.F90, line 355
20220313 033455.676 INFO             PET0 PIOc_sync Enter - MemInfo: [/proc/meminfo - SSI]	MemTotal:       196434604 kB
20220313 033455.676 INFO             PET0 PIOc_sync Enter - MemInfo: [/proc/meminfo - SSI]	MemFree:        184272816 kB
20220313 033455.676 INFO             PET0 PIOc_sync Enter - MemInfo: [/proc/meminfo - SSI]	MemAvailable:   191812568 kB
20220313 033455.676 INFO             PET0 PIOc_sync Enter - MemInfo: [/proc/meminfo - SSI]	Committed_AS:     675152 kB
20220313 033455.676 INFO             PET0 PIOc_sync Enter - MemInfo: [/proc/meminfo - SSI]	CommittedPercent: 0.343703 %
20220313 033455.676 INFO             PET0 PIOc_sync Enter - MemInfo: [/proc/self/status]	VmPeak:	  678920 kB
20220313 033455.676 INFO             PET0 PIOc_sync Enter - MemInfo: [/proc/self/status]	VmSize:	  678600 kB
20220313 033455.676 INFO             PET0 PIOc_sync Enter - MemInfo: [/proc/self/status]	VmLck:	       0 kB
20220313 033455.676 INFO             PET0 PIOc_sync Enter - MemInfo: [/proc/self/status]	VmPin:	       0 kB
20220313 033455.676 INFO             PET0 PIOc_sync Enter - MemInfo: [/proc/self/status]	VmHWM:	   71732 kB
20220313 033455.676 INFO             PET0 PIOc_sync Enter - MemInfo: [/proc/self/status]	VmRSS:	   41008 kB
20220313 033455.676 INFO             PET0 PIOc_sync Enter - MemInfo: [/proc/self/status]	VmData:	  195776 kB
20220313 033455.676 INFO             PET0 PIOc_sync Enter - MemInfo: [/proc/self/status]	VmStk:	     144 kB
20220313 033455.676 INFO             PET0 PIOc_sync Enter - MemInfo: [/proc/self/status]	VmExe:	     364 kB
20220313 033455.676 INFO             PET0 PIOc_sync Enter - MemInfo: [/proc/self/status]	VmLib:	   83112 kB
20220313 033455.676 INFO             PET0 PIOc_sync Enter - MemInfo: [/proc/self/status]	VmPTE:	     984 kB
20220313 033455.676 INFO             PET0 PIOc_sync Enter - MemInfo: [/proc/self/status]	VmSwap:	       0 kB
20220313 033455.676 INFO             PET0 PIOc_sync Enter - MemInfo: [/proc/self/status]	VmRSSPercent: 0.0208762 %
20220313 033455.676 INFO             PET0 PIOc_sync Enter - MemInfo: [malloc] Non-mmapped space allocated:                12566528 Byte
20220313 033455.676 INFO             PET0 PIOc_sync Enter - MemInfo: [malloc] Space allocated in mmapped regions:          1581056 Byte
20220313 033455.676 INFO             PET0 PIOc_sync Enter - MemInfo: [malloc] Maximum total allocated space:                     0 Byte
20220313 033455.676 INFO             PET0 PIOc_sync Enter - MemInfo: [malloc] Space in freed fastbin blocks:                  2144 Byte
20220313 033455.676 INFO             PET0 PIOc_sync Enter - MemInfo: [malloc] Total allocated space:                      12220688 Byte
20220313 033455.676 INFO             PET0 PIOc_sync Enter - MemInfo: [malloc] Total free space:                             345840 Byte
20220313 033455.676 INFO             PET0 PIOc_sync Enter - MemInfo: [malloc] Top-most, releasable space:                   134384 Byte
20220313 033455.676 INFO             PET0 PIOc_sync Enter - MemInfo: [malloc] Total space in use, mmap + non-mmap:        13801744 Byte
20220313 033455.676 INFO             PET0 PIOc_sync Enter - MemInfo: [malloc] Total space held (mmap + non-mmap):         14147584 Byte
20220313 033455.676 INFO             PET0 PIOc_sync Enter - MemInfo: [malloc] Total space used (mmap + non-mmap):         13811088 Byte
20220313 033455.676 INFO             PET0 PIOc_sync Enter - MemInfo: Wall-clock time since execution start:              0.0306833 seconds
20220313 033455.677 INFO             PET0 PIOc_sync Exit - MemInfo: [/proc/meminfo - SSI]	MemTotal:       196434604 kB
20220313 033455.677 INFO             PET0 PIOc_sync Exit - MemInfo: [/proc/meminfo - SSI]	MemFree:        184272816 kB
20220313 033455.677 INFO             PET0 PIOc_sync Exit - MemInfo: [/proc/meminfo - SSI]	MemAvailable:   191812568 kB
20220313 033455.677 INFO             PET0 PIOc_sync Exit - MemInfo: [/proc/meminfo - SSI]	Committed_AS:     675152 kB
20220313 033455.677 INFO             PET0 PIOc_sync Exit - MemInfo: [/proc/meminfo - SSI]	CommittedPercent: 0.343703 %
20220313 033455.677 INFO             PET0 PIOc_sync Exit - MemInfo: [/proc/self/status]	VmPeak:	  678920 kB
20220313 033455.677 INFO             PET0 PIOc_sync Exit - MemInfo: [/proc/self/status]	VmSize:	  678600 kB
20220313 033455.677 INFO             PET0 PIOc_sync Exit - MemInfo: [/proc/self/status]	VmLck:	       0 kB
20220313 033455.677 INFO             PET0 PIOc_sync Exit - MemInfo: [/proc/self/status]	VmPin:	       0 kB
20220313 033455.677 INFO             PET0 PIOc_sync Exit - MemInfo: [/proc/self/status]	VmHWM:	   71732 kB
20220313 033455.677 INFO             PET0 PIOc_sync Exit - MemInfo: [/proc/self/status]	VmRSS:	   41068 kB
20220313 033455.677 INFO             PET0 PIOc_sync Exit - MemInfo: [/proc/self/status]	VmData:	  195776 kB
20220313 033455.677 INFO             PET0 PIOc_sync Exit - MemInfo: [/proc/self/status]	VmStk:	     144 kB
20220313 033455.677 INFO             PET0 PIOc_sync Exit - MemInfo: [/proc/self/status]	VmExe:	     364 kB
20220313 033455.677 INFO             PET0 PIOc_sync Exit - MemInfo: [/proc/self/status]	VmLib:	   83112 kB
20220313 033455.677 INFO             PET0 PIOc_sync Exit - MemInfo: [/proc/self/status]	VmPTE:	     984 kB
20220313 033455.677 INFO             PET0 PIOc_sync Exit - MemInfo: [/proc/self/status]	VmSwap:	       0 kB
20220313 033455.677 INFO             PET0 PIOc_sync Exit - MemInfo: [/proc/self/status]	VmRSSPercent: 0.0209067 %
20220313 033455.677 INFO             PET0 PIOc_sync Exit - MemInfo: [malloc] Non-mmapped space allocated:                12566528 Byte
20220313 033455.677 INFO             PET0 PIOc_sync Exit - MemInfo: [malloc] Space allocated in mmapped regions:          1581056 Byte
20220313 033455.677 INFO             PET0 PIOc_sync Exit - MemInfo: [malloc] Maximum total allocated space:                     0 Byte
20220313 033455.677 INFO             PET0 PIOc_sync Exit - MemInfo: [malloc] Space in freed fastbin blocks:                  1072 Byte
20220313 033455.677 INFO             PET0 PIOc_sync Exit - MemInfo: [malloc] Total allocated space:                      12264928 Byte
20220313 033455.677 INFO             PET0 PIOc_sync Exit - MemInfo: [malloc] Total free space:                             301600 Byte
20220313 033455.677 INFO             PET0 PIOc_sync Exit - MemInfo: [malloc] Top-most, releasable space:                    97552 Byte
20220313 033455.677 INFO             PET0 PIOc_sync Exit - MemInfo: [malloc] Total space in use, mmap + non-mmap:        13845984 Byte
20220313 033455.677 INFO             PET0 PIOc_sync Exit - MemInfo: [malloc] Total space held (mmap + non-mmap):         14147584 Byte
20220313 033455.677 INFO             PET0 PIOc_sync Exit - MemInfo: [malloc] Total space used (mmap + non-mmap):         13855344 Byte
20220313 033455.677 INFO             PET0 PIOc_sync Exit - MemInfo: Wall-clock time since execution start:              0.0314745 seconds
20220313 033455.677 INFO             PET0 PIOc_freedecomp Enter - MemInfo: [/proc/meminfo - SSI]	MemTotal:       196434604 kB
20220313 033455.677 INFO             PET0 PIOc_freedecomp Enter - MemInfo: [/proc/meminfo - SSI]	MemFree:        184272816 kB
20220313 033455.677 INFO             PET0 PIOc_freedecomp Enter - MemInfo: [/proc/meminfo - SSI]	MemAvailable:   191812568 kB
20220313 033455.677 INFO             PET0 PIOc_freedecomp Enter - MemInfo: [/proc/meminfo - SSI]	Committed_AS:     675152 kB
20220313 033455.677 INFO             PET0 PIOc_freedecomp Enter - MemInfo: [/proc/meminfo - SSI]	CommittedPercent: 0.343703 %
20220313 033455.677 INFO             PET0 PIOc_freedecomp Enter - MemInfo: [/proc/self/status]	VmPeak:	  678920 kB
20220313 033455.678 INFO             PET0 PIOc_freedecomp Enter - MemInfo: [/proc/self/status]	VmSize:	  678600 kB
20220313 033455.678 INFO             PET0 PIOc_freedecomp Enter - MemInfo: [/proc/self/status]	VmLck:	       0 kB
20220313 033455.678 INFO             PET0 PIOc_freedecomp Enter - MemInfo: [/proc/self/status]	VmPin:	       0 kB
20220313 033455.678 INFO             PET0 PIOc_freedecomp Enter - MemInfo: [/proc/self/status]	VmHWM:	   71732 kB
20220313 033455.678 INFO             PET0 PIOc_freedecomp Enter - MemInfo: [/proc/self/status]	VmRSS:	   41072 kB
20220313 033455.678 INFO             PET0 PIOc_freedecomp Enter - MemInfo: [/proc/self/status]	VmData:	  195776 kB
20220313 033455.678 INFO             PET0 PIOc_freedecomp Enter - MemInfo: [/proc/self/status]	VmStk:	     144 kB
20220313 033455.678 INFO             PET0 PIOc_freedecomp Enter - MemInfo: [/proc/self/status]	VmExe:	     364 kB
20220313 033455.678 INFO             PET0 PIOc_freedecomp Enter - MemInfo: [/proc/self/status]	VmLib:	   83112 kB
20220313 033455.678 INFO             PET0 PIOc_freedecomp Enter - MemInfo: [/proc/self/status]	VmPTE:	     984 kB
20220313 033455.678 INFO             PET0 PIOc_freedecomp Enter - MemInfo: [/proc/self/status]	VmSwap:	       0 kB
20220313 033455.678 INFO             PET0 PIOc_freedecomp Enter - MemInfo: [/proc/self/status]	VmRSSPercent: 0.0209087 %
20220313 033455.678 INFO             PET0 PIOc_freedecomp Enter - MemInfo: [malloc] Non-mmapped space allocated:                12566528 Byte
20220313 033455.678 INFO             PET0 PIOc_freedecomp Enter - MemInfo: [malloc] Space allocated in mmapped regions:          1581056 Byte
20220313 033455.678 INFO             PET0 PIOc_freedecomp Enter - MemInfo: [malloc] Maximum total allocated space:                     0 Byte
20220313 033455.678 INFO             PET0 PIOc_freedecomp Enter - MemInfo: [malloc] Space in freed fastbin blocks:                  1296 Byte
20220313 033455.678 INFO             PET0 PIOc_freedecomp Enter - MemInfo: [malloc] Total allocated space:                       3337136 Byte
20220313 033455.678 INFO             PET0 PIOc_freedecomp Enter - MemInfo: [malloc] Total free space:                            9229392 Byte
20220313 033455.678 INFO             PET0 PIOc_freedecomp Enter - MemInfo: [malloc] Top-most, releasable space:                    97552 Byte
20220313 033455.678 INFO             PET0 PIOc_freedecomp Enter - MemInfo: [malloc] Total space in use, mmap + non-mmap:         4918192 Byte
20220313 033455.678 INFO             PET0 PIOc_freedecomp Enter - MemInfo: [malloc] Total space held (mmap + non-mmap):         14147584 Byte
20220313 033455.678 INFO             PET0 PIOc_freedecomp Enter - MemInfo: [malloc] Total space used (mmap + non-mmap):          4927536 Byte
20220313 033455.678 INFO             PET0 PIOc_freedecomp Enter - MemInfo: Wall-clock time since execution start:               0.032255 seconds
20220313 033455.678 INFO             PET0 PIOc_freedecomp Exit - MemInfo: [/proc/meminfo - SSI]	MemTotal:       196434604 kB
20220313 033455.678 INFO             PET0 PIOc_freedecomp Exit - MemInfo: [/proc/meminfo - SSI]	MemFree:        184272816 kB
20220313 033455.678 INFO             PET0 PIOc_freedecomp Exit - MemInfo: [/proc/meminfo - SSI]	MemAvailable:   191812568 kB
20220313 033455.678 INFO             PET0 PIOc_freedecomp Exit - MemInfo: [/proc/meminfo - SSI]	Committed_AS:     675152 kB
20220313 033455.678 INFO             PET0 PIOc_freedecomp Exit - MemInfo: [/proc/meminfo - SSI]	CommittedPercent: 0.343703 %
20220313 033455.678 INFO             PET0 PIOc_freedecomp Exit - MemInfo: [/proc/self/status]	VmPeak:	  678920 kB
20220313 033455.678 INFO             PET0 PIOc_freedecomp Exit - MemInfo: [/proc/self/status]	VmSize:	  678600 kB
20220313 033455.678 INFO             PET0 PIOc_freedecomp Exit - MemInfo: [/proc/self/status]	VmLck:	       0 kB
20220313 033455.678 INFO             PET0 PIOc_freedecomp Exit - MemInfo: [/proc/self/status]	VmPin:	       0 kB
20220313 033455.678 INFO             PET0 PIOc_freedecomp Exit - MemInfo: [/proc/self/status]	VmHWM:	   71732 kB
20220313 033455.678 INFO             PET0 PIOc_freedecomp Exit - MemInfo: [/proc/self/status]	VmRSS:	   41072 kB
20220313 033455.678 INFO             PET0 PIOc_freedecomp Exit - MemInfo: [/proc/self/status]	VmData:	  195776 kB
20220313 033455.678 INFO             PET0 PIOc_freedecomp Exit - MemInfo: [/proc/self/status]	VmStk:	     144 kB
20220313 033455.678 INFO             PET0 PIOc_freedecomp Exit - MemInfo: [/proc/self/status]	VmExe:	     364 kB
20220313 033455.678 INFO             PET0 PIOc_freedecomp Exit - MemInfo: [/proc/self/status]	VmLib:	   83112 kB
20220313 033455.678 INFO             PET0 PIOc_freedecomp Exit - MemInfo: [/proc/self/status]	VmPTE:	     984 kB
20220313 033455.678 INFO             PET0 PIOc_freedecomp Exit - MemInfo: [/proc/self/status]	VmSwap:	       0 kB
20220313 033455.678 INFO             PET0 PIOc_freedecomp Exit - MemInfo: [/proc/self/status]	VmRSSPercent: 0.0209087 %
20220313 033455.678 INFO             PET0 PIOc_freedecomp Exit - MemInfo: [malloc] Non-mmapped space allocated:                12566528 Byte
20220313 033455.678 INFO             PET0 PIOc_freedecomp Exit - MemInfo: [malloc] Space allocated in mmapped regions:          1581056 Byte
20220313 033455.678 INFO             PET0 PIOc_freedecomp Exit - MemInfo: [malloc] Maximum total allocated space:                     0 Byte
20220313 033455.678 INFO             PET0 PIOc_freedecomp Exit - MemInfo: [malloc] Space in freed fastbin blocks:                  1344 Byte
20220313 033455.678 INFO             PET0 PIOc_freedecomp Exit - MemInfo: [malloc] Total allocated space:                       3324800 Byte
20220313 033455.678 INFO             PET0 PIOc_freedecomp Exit - MemInfo: [malloc] Total free space:                            9241728 Byte
20220313 033455.678 INFO             PET0 PIOc_freedecomp Exit - MemInfo: [malloc] Top-most, releasable space:                   104912 Byte
20220313 033455.678 INFO             PET0 PIOc_freedecomp Exit - MemInfo: [malloc] Total space in use, mmap + non-mmap:         4905856 Byte
20220313 033455.678 INFO             PET0 PIOc_freedecomp Exit - MemInfo: [malloc] Total space held (mmap + non-mmap):         14147584 Byte
20220313 033455.678 INFO             PET0 PIOc_freedecomp Exit - MemInfo: [malloc] Total space used (mmap + non-mmap):          4915200 Byte
20220313 033455.678 INFO             PET0 PIOc_freedecomp Exit - MemInfo: Wall-clock time since execution start:               0.032643 seconds
20220313 033455.678 INFO             PET0 PIOc_freedecomp Enter - MemInfo: [/proc/meminfo - SSI]	MemTotal:       196434604 kB
20220313 033455.678 INFO             PET0 PIOc_freedecomp Enter - MemInfo: [/proc/meminfo - SSI]	MemFree:        184272816 kB
20220313 033455.678 INFO             PET0 PIOc_freedecomp Enter - MemInfo: [/proc/meminfo - SSI]	MemAvailable:   191812568 kB
20220313 033455.678 INFO             PET0 PIOc_freedecomp Enter - MemInfo: [/proc/meminfo - SSI]	Committed_AS:     675152 kB
20220313 033455.678 INFO             PET0 PIOc_freedecomp Enter - MemInfo: [/proc/meminfo - SSI]	CommittedPercent: 0.343703 %
20220313 033455.678 INFO             PET0 PIOc_freedecomp Enter - MemInfo: [/proc/self/status]	VmPeak:	  678920 kB
20220313 033455.678 INFO             PET0 PIOc_freedecomp Enter - MemInfo: [/proc/self/status]	VmSize:	  678600 kB
20220313 033455.678 INFO             PET0 PIOc_freedecomp Enter - MemInfo: [/proc/self/status]	VmLck:	       0 kB
20220313 033455.678 INFO             PET0 PIOc_freedecomp Enter - MemInfo: [/proc/self/status]	VmPin:	       0 kB
20220313 033455.678 INFO             PET0 PIOc_freedecomp Enter - MemInfo: [/proc/self/status]	VmHWM:	   71732 kB
20220313 033455.678 INFO             PET0 PIOc_freedecomp Enter - MemInfo: [/proc/self/status]	VmRSS:	   41072 kB
20220313 033455.678 INFO             PET0 PIOc_freedecomp Enter - MemInfo: [/proc/self/status]	VmData:	  195776 kB
20220313 033455.678 INFO             PET0 PIOc_freedecomp Enter - MemInfo: [/proc/self/status]	VmStk:	     144 kB
20220313 033455.678 INFO             PET0 PIOc_freedecomp Enter - MemInfo: [/proc/self/status]	VmExe:	     364 kB
20220313 033455.678 INFO             PET0 PIOc_freedecomp Enter - MemInfo: [/proc/self/status]	VmLib:	   83112 kB
20220313 033455.678 INFO             PET0 PIOc_freedecomp Enter - MemInfo: [/proc/self/status]	VmPTE:	     984 kB
20220313 033455.678 INFO             PET0 PIOc_freedecomp Enter - MemInfo: [/proc/self/status]	VmSwap:	       0 kB
20220313 033455.678 INFO             PET0 PIOc_freedecomp Enter - MemInfo: [/proc/self/status]	VmRSSPercent: 0.0209087 %
20220313 033455.678 INFO             PET0 PIOc_freedecomp Enter - MemInfo: [malloc] Non-mmapped space allocated:                12566528 Byte
20220313 033455.678 INFO             PET0 PIOc_freedecomp Enter - MemInfo: [malloc] Space allocated in mmapped regions:          1581056 Byte
20220313 033455.678 INFO             PET0 PIOc_freedecomp Enter - MemInfo: [malloc] Maximum total allocated space:                     0 Byte
20220313 033455.678 INFO             PET0 PIOc_freedecomp Enter - MemInfo: [malloc] Space in freed fastbin blocks:                  2096 Byte
20220313 033455.678 INFO             PET0 PIOc_freedecomp Enter - MemInfo: [malloc] Total allocated space:                       3324672 Byte
20220313 033455.678 INFO             PET0 PIOc_freedecomp Enter - MemInfo: [malloc] Total free space:                            9241856 Byte
20220313 033455.678 INFO             PET0 PIOc_freedecomp Enter - MemInfo: [malloc] Top-most, releasable space:                   105904 Byte
20220313 033455.678 INFO             PET0 PIOc_freedecomp Enter - MemInfo: [malloc] Total space in use, mmap + non-mmap:         4905728 Byte
20220313 033455.678 INFO             PET0 PIOc_freedecomp Enter - MemInfo: [malloc] Total space held (mmap + non-mmap):         14147584 Byte
20220313 033455.678 INFO             PET0 PIOc_freedecomp Enter - MemInfo: [malloc] Total space used (mmap + non-mmap):          4915072 Byte
20220313 033455.678 INFO             PET0 PIOc_freedecomp Enter - MemInfo: Wall-clock time since execution start:               0.033013 seconds
20220313 033455.679 INFO             PET0 PIOc_freedecomp Exit - MemInfo: [/proc/meminfo - SSI]	MemTotal:       196434604 kB
20220313 033455.679 INFO             PET0 PIOc_freedecomp Exit - MemInfo: [/proc/meminfo - SSI]	MemFree:        184272816 kB
20220313 033455.679 INFO             PET0 PIOc_freedecomp Exit - MemInfo: [/proc/meminfo - SSI]	MemAvailable:   191812568 kB
20220313 033455.679 INFO             PET0 PIOc_freedecomp Exit - MemInfo: [/proc/meminfo - SSI]	Committed_AS:     675152 kB
20220313 033455.679 INFO             PET0 PIOc_freedecomp Exit - MemInfo: [/proc/meminfo - SSI]	CommittedPercent: 0.343703 %
20220313 033455.679 INFO             PET0 PIOc_freedecomp Exit - MemInfo: [/proc/self/status]	VmPeak:	  678920 kB
20220313 033455.679 INFO             PET0 PIOc_freedecomp Exit - MemInfo: [/proc/self/status]	VmSize:	  678600 kB
20220313 033455.679 INFO             PET0 PIOc_freedecomp Exit - MemInfo: [/proc/self/status]	VmLck:	       0 kB
20220313 033455.679 INFO             PET0 PIOc_freedecomp Exit - MemInfo: [/proc/self/status]	VmPin:	       0 kB
20220313 033455.679 INFO             PET0 PIOc_freedecomp Exit - MemInfo: [/proc/self/status]	VmHWM:	   71732 kB
20220313 033455.679 INFO             PET0 PIOc_freedecomp Exit - MemInfo: [/proc/self/status]	VmRSS:	   41072 kB
20220313 033455.679 INFO             PET0 PIOc_freedecomp Exit - MemInfo: [/proc/self/status]	VmData:	  195776 kB
20220313 033455.679 INFO             PET0 PIOc_freedecomp Exit - MemInfo: [/proc/self/status]	VmStk:	     144 kB
20220313 033455.679 INFO             PET0 PIOc_freedecomp Exit - MemInfo: [/proc/self/status]	VmExe:	     364 kB
20220313 033455.679 INFO             PET0 PIOc_freedecomp Exit - MemInfo: [/proc/self/status]	VmLib:	   83112 kB
20220313 033455.679 INFO             PET0 PIOc_freedecomp Exit - MemInfo: [/proc/self/status]	VmPTE:	     984 kB
20220313 033455.679 INFO             PET0 PIOc_freedecomp Exit - MemInfo: [/proc/self/status]	VmSwap:	       0 kB
20220313 033455.679 INFO             PET0 PIOc_freedecomp Exit - MemInfo: [/proc/self/status]	VmRSSPercent: 0.0209087 %
20220313 033455.679 INFO             PET0 PIOc_freedecomp Exit - MemInfo: [malloc] Non-mmapped space allocated:                12566528 Byte
20220313 033455.679 INFO             PET0 PIOc_freedecomp Exit - MemInfo: [malloc] Space allocated in mmapped regions:          1581056 Byte
20220313 033455.679 INFO             PET0 PIOc_freedecomp Exit - MemInfo: [malloc] Maximum total allocated space:                     0 Byte
20220313 033455.679 INFO             PET0 PIOc_freedecomp Exit - MemInfo: [malloc] Space in freed fastbin blocks:                  1232 Byte
20220313 033455.679 INFO             PET0 PIOc_freedecomp Exit - MemInfo: [malloc] Total allocated space:                       3293648 Byte
20220313 033455.679 INFO             PET0 PIOc_freedecomp Exit - MemInfo: [malloc] Total free space:                            9272880 Byte
20220313 033455.679 INFO             PET0 PIOc_freedecomp Exit - MemInfo: [malloc] Top-most, releasable space:                   128192 Byte
20220313 033455.679 INFO             PET0 PIOc_freedecomp Exit - MemInfo: [malloc] Total space in use, mmap + non-mmap:         4874704 Byte
20220313 033455.679 INFO             PET0 PIOc_freedecomp Exit - MemInfo: [malloc] Total space held (mmap + non-mmap):         14147584 Byte
20220313 033455.679 INFO             PET0 PIOc_freedecomp Exit - MemInfo: [malloc] Total space used (mmap + non-mmap):          4884048 Byte
20220313 033455.679 INFO             PET0 PIOc_freedecomp Exit - MemInfo: Wall-clock time since execution start:              0.0333909 seconds
20220313 033455.679 INFO             PET0 PIOc_freedecomp Enter - MemInfo: [/proc/meminfo - SSI]	MemTotal:       196434604 kB
20220313 033455.679 INFO             PET0 PIOc_freedecomp Enter - MemInfo: [/proc/meminfo - SSI]	MemFree:        184272816 kB
20220313 033455.679 INFO             PET0 PIOc_freedecomp Enter - MemInfo: [/proc/meminfo - SSI]	MemAvailable:   191812568 kB
20220313 033455.679 INFO             PET0 PIOc_freedecomp Enter - MemInfo: [/proc/meminfo - SSI]	Committed_AS:     675152 kB
20220313 033455.679 INFO             PET0 PIOc_freedecomp Enter - MemInfo: [/proc/meminfo - SSI]	CommittedPercent: 0.343703 %
20220313 033455.679 INFO             PET0 PIOc_freedecomp Enter - MemInfo: [/proc/self/status]	VmPeak:	  678920 kB
20220313 033455.679 INFO             PET0 PIOc_freedecomp Enter - MemInfo: [/proc/self/status]	VmSize:	  678600 kB
20220313 033455.679 INFO             PET0 PIOc_freedecomp Enter - MemInfo: [/proc/self/status]	VmLck:	       0 kB
20220313 033455.679 INFO             PET0 PIOc_freedecomp Enter - MemInfo: [/proc/self/status]	VmPin:	       0 kB
20220313 033455.679 INFO             PET0 PIOc_freedecomp Enter - MemInfo: [/proc/self/status]	VmHWM:	   71732 kB
20220313 033455.679 INFO             PET0 PIOc_freedecomp Enter - MemInfo: [/proc/self/status]	VmRSS:	   41072 kB
20220313 033455.679 INFO             PET0 PIOc_freedecomp Enter - MemInfo: [/proc/self/status]	VmData:	  195776 kB
20220313 033455.679 INFO             PET0 PIOc_freedecomp Enter - MemInfo: [/proc/self/status]	VmStk:	     144 kB
20220313 033455.679 INFO             PET0 PIOc_freedecomp Enter - MemInfo: [/proc/self/status]	VmExe:	     364 kB
20220313 033455.679 INFO             PET0 PIOc_freedecomp Enter - MemInfo: [/proc/self/status]	VmLib:	   83112 kB
20220313 033455.679 INFO             PET0 PIOc_freedecomp Enter - MemInfo: [/proc/self/status]	VmPTE:	     984 kB
20220313 033455.679 INFO             PET0 PIOc_freedecomp Enter - MemInfo: [/proc/self/status]	VmSwap:	       0 kB
20220313 033455.679 INFO             PET0 PIOc_freedecomp Enter - MemInfo: [/proc/self/status]	VmRSSPercent: 0.0209087 %
20220313 033455.679 INFO             PET0 PIOc_freedecomp Enter - MemInfo: [malloc] Non-mmapped space allocated:                12566528 Byte
20220313 033455.679 INFO             PET0 PIOc_freedecomp Enter - MemInfo: [malloc] Space allocated in mmapped regions:          1581056 Byte
20220313 033455.679 INFO             PET0 PIOc_freedecomp Enter - MemInfo: [malloc] Maximum total allocated space:                     0 Byte
20220313 033455.679 INFO             PET0 PIOc_freedecomp Enter - MemInfo: [malloc] Space in freed fastbin blocks:                  1728 Byte
20220313 033455.679 INFO             PET0 PIOc_freedecomp Enter - MemInfo: [malloc] Total allocated space:                       3293520 Byte
20220313 033455.679 INFO             PET0 PIOc_freedecomp Enter - MemInfo: [malloc] Total free space:                            9273008 Byte
20220313 033455.679 INFO             PET0 PIOc_freedecomp Enter - MemInfo: [malloc] Top-most, releasable space:                   128192 Byte
20220313 033455.679 INFO             PET0 PIOc_freedecomp Enter - MemInfo: [malloc] Total space in use, mmap + non-mmap:         4874576 Byte
20220313 033455.679 INFO             PET0 PIOc_freedecomp Enter - MemInfo: [malloc] Total space held (mmap + non-mmap):         14147584 Byte
20220313 033455.679 INFO             PET0 PIOc_freedecomp Enter - MemInfo: [malloc] Total space used (mmap + non-mmap):          4883920 Byte
20220313 033455.679 INFO             PET0 PIOc_freedecomp Enter - MemInfo: Wall-clock time since execution start:               0.033758 seconds
20220313 033455.679 INFO             PET0 PIOc_freedecomp Exit - MemInfo: [/proc/meminfo - SSI]	MemTotal:       196434604 kB
20220313 033455.679 INFO             PET0 PIOc_freedecomp Exit - MemInfo: [/proc/meminfo - SSI]	MemFree:        184272816 kB
20220313 033455.679 INFO             PET0 PIOc_freedecomp Exit - MemInfo: [/proc/meminfo - SSI]	MemAvailable:   191812568 kB
20220313 033455.679 INFO             PET0 PIOc_freedecomp Exit - MemInfo: [/proc/meminfo - SSI]	Committed_AS:     675152 kB
20220313 033455.679 INFO             PET0 PIOc_freedecomp Exit - MemInfo: [/proc/meminfo - SSI]	CommittedPercent: 0.343703 %
20220313 033455.679 INFO             PET0 PIOc_freedecomp Exit - MemInfo: [/proc/self/status]	VmPeak:	  678920 kB
20220313 033455.679 INFO             PET0 PIOc_freedecomp Exit - MemInfo: [/proc/self/status]	VmSize:	  678600 kB
20220313 033455.679 INFO             PET0 PIOc_freedecomp Exit - MemInfo: [/proc/self/status]	VmLck:	       0 kB
20220313 033455.679 INFO             PET0 PIOc_freedecomp Exit - MemInfo: [/proc/self/status]	VmPin:	       0 kB
20220313 033455.679 INFO             PET0 PIOc_freedecomp Exit - MemInfo: [/proc/self/status]	VmHWM:	   71732 kB
20220313 033455.679 INFO             PET0 PIOc_freedecomp Exit - MemInfo: [/proc/self/status]	VmRSS:	   41072 kB
20220313 033455.679 INFO             PET0 PIOc_freedecomp Exit - MemInfo: [/proc/self/status]	VmData:	  195776 kB
20220313 033455.679 INFO             PET0 PIOc_freedecomp Exit - MemInfo: [/proc/self/status]	VmStk:	     144 kB
20220313 033455.679 INFO             PET0 PIOc_freedecomp Exit - MemInfo: [/proc/self/status]	VmExe:	     364 kB
20220313 033455.679 INFO             PET0 PIOc_freedecomp Exit - MemInfo: [/proc/self/status]	VmLib:	   83112 kB
20220313 033455.679 INFO             PET0 PIOc_freedecomp Exit - MemInfo: [/proc/self/status]	VmPTE:	     984 kB
20220313 033455.679 INFO             PET0 PIOc_freedecomp Exit - MemInfo: [/proc/self/status]	VmSwap:	       0 kB
20220313 033455.679 INFO             PET0 PIOc_freedecomp Exit - MemInfo: [/proc/self/status]	VmRSSPercent: 0.0209087 %
20220313 033455.679 INFO             PET0 PIOc_freedecomp Exit - MemInfo: [malloc] Non-mmapped space allocated:                12566528 Byte
20220313 033455.679 INFO             PET0 PIOc_freedecomp Exit - MemInfo: [malloc] Space allocated in mmapped regions:          1581056 Byte
20220313 033455.679 INFO             PET0 PIOc_freedecomp Exit - MemInfo: [malloc] Maximum total allocated space:                     0 Byte
20220313 033455.679 INFO             PET0 PIOc_freedecomp Exit - MemInfo: [malloc] Space in freed fastbin blocks:                  1248 Byte
20220313 033455.679 INFO             PET0 PIOc_freedecomp Exit - MemInfo: [malloc] Total allocated space:                       3280560 Byte
20220313 033455.679 INFO             PET0 PIOc_freedecomp Exit - MemInfo: [malloc] Total free space:                            9285968 Byte
20220313 033455.679 INFO             PET0 PIOc_freedecomp Exit - MemInfo: [malloc] Top-most, releasable space:                   128192 Byte
20220313 033455.680 INFO             PET0 PIOc_freedecomp Exit - MemInfo: [malloc] Total space in use, mmap + non-mmap:         4861616 Byte
20220313 033455.680 INFO             PET0 PIOc_freedecomp Exit - MemInfo: [malloc] Total space held (mmap + non-mmap):         14147584 Byte
20220313 033455.680 INFO             PET0 PIOc_freedecomp Exit - MemInfo: [malloc] Total space used (mmap + non-mmap):          4870960 Byte
20220313 033455.680 INFO             PET0 PIOc_freedecomp Exit - MemInfo: Wall-clock time since execution start:              0.0341261 seconds
20220313 033455.680 INFO             PET0  PASS  Writing a FieldBundle to a single file with timeslice Test, ESMF_FieldBundleIOUTest.F90, line 370
20220313 033455.681 INFO             PET0 PIOc_sync Enter - MemInfo: [/proc/meminfo - SSI]	MemTotal:       196434604 kB
20220313 033455.681 INFO             PET0 PIOc_sync Enter - MemInfo: [/proc/meminfo - SSI]	MemFree:        184272304 kB
20220313 033455.681 INFO             PET0 PIOc_sync Enter - MemInfo: [/proc/meminfo - SSI]	MemAvailable:   191812056 kB
20220313 033455.681 INFO             PET0 PIOc_sync Enter - MemInfo: [/proc/meminfo - SSI]	Committed_AS:     675152 kB
20220313 033455.682 INFO             PET0 PIOc_sync Enter - MemInfo: [/proc/meminfo - SSI]	CommittedPercent: 0.343703 %
20220313 033455.682 INFO             PET0 PIOc_sync Enter - MemInfo: [/proc/self/status]	VmPeak:	  678920 kB
20220313 033455.682 INFO             PET0 PIOc_sync Enter - MemInfo: [/proc/self/status]	VmSize:	  678600 kB
20220313 033455.682 INFO             PET0 PIOc_sync Enter - MemInfo: [/proc/self/status]	VmLck:	       0 kB
20220313 033455.682 INFO             PET0 PIOc_sync Enter - MemInfo: [/proc/self/status]	VmPin:	       0 kB
20220313 033455.682 INFO             PET0 PIOc_sync Enter - MemInfo: [/proc/self/status]	VmHWM:	   71732 kB
20220313 033455.682 INFO             PET0 PIOc_sync Enter - MemInfo: [/proc/self/status]	VmRSS:	   41136 kB
20220313 033455.682 INFO             PET0 PIOc_sync Enter - MemInfo: [/proc/self/status]	VmData:	  195776 kB
20220313 033455.682 INFO             PET0 PIOc_sync Enter - MemInfo: [/proc/self/status]	VmStk:	     144 kB
20220313 033455.682 INFO             PET0 PIOc_sync Enter - MemInfo: [/proc/self/status]	VmExe:	     364 kB
20220313 033455.682 INFO             PET0 PIOc_sync Enter - MemInfo: [/proc/self/status]	VmLib:	   83112 kB
20220313 033455.682 INFO             PET0 PIOc_sync Enter - MemInfo: [/proc/self/status]	VmPTE:	     984 kB
20220313 033455.682 INFO             PET0 PIOc_sync Enter - MemInfo: [/proc/self/status]	VmSwap:	       0 kB
20220313 033455.682 INFO             PET0 PIOc_sync Enter - MemInfo: [/proc/self/status]	VmRSSPercent: 0.0209413 %
20220313 033455.682 INFO             PET0 PIOc_sync Enter - MemInfo: [malloc] Non-mmapped space allocated:                12566528 Byte
20220313 033455.682 INFO             PET0 PIOc_sync Enter - MemInfo: [malloc] Space allocated in mmapped regions:          1581056 Byte
20220313 033455.682 INFO             PET0 PIOc_sync Enter - MemInfo: [malloc] Maximum total allocated space:                     0 Byte
20220313 033455.682 INFO             PET0 PIOc_sync Enter - MemInfo: [malloc] Space in freed fastbin blocks:                  2384 Byte
20220313 033455.682 INFO             PET0 PIOc_sync Enter - MemInfo: [malloc] Total allocated space:                      12226256 Byte
20220313 033455.682 INFO             PET0 PIOc_sync Enter - MemInfo: [malloc] Total free space:                             340272 Byte
20220313 033455.682 INFO             PET0 PIOc_sync Enter - MemInfo: [malloc] Top-most, releasable space:                   134384 Byte
20220313 033455.682 INFO             PET0 PIOc_sync Enter - MemInfo: [malloc] Total space in use, mmap + non-mmap:        13807312 Byte
20220313 033455.682 INFO             PET0 PIOc_sync Enter - MemInfo: [malloc] Total space held (mmap + non-mmap):         14147584 Byte
20220313 033455.682 INFO             PET0 PIOc_sync Enter - MemInfo: [malloc] Total space used (mmap + non-mmap):         13816656 Byte
20220313 033455.682 INFO             PET0 PIOc_sync Enter - MemInfo: Wall-clock time since execution start:               0.036346 seconds
20220313 033455.682 INFO             PET0 PIOc_sync Exit - MemInfo: [/proc/meminfo - SSI]	MemTotal:       196434604 kB
20220313 033455.682 INFO             PET0 PIOc_sync Exit - MemInfo: [/proc/meminfo - SSI]	MemFree:        184272304 kB
20220313 033455.682 INFO             PET0 PIOc_sync Exit - MemInfo: [/proc/meminfo - SSI]	MemAvailable:   191812056 kB
20220313 033455.682 INFO             PET0 PIOc_sync Exit - MemInfo: [/proc/meminfo - SSI]	Committed_AS:     675152 kB
20220313 033455.682 INFO             PET0 PIOc_sync Exit - MemInfo: [/proc/meminfo - SSI]	CommittedPercent: 0.343703 %
20220313 033455.682 INFO             PET0 PIOc_sync Exit - MemInfo: [/proc/self/status]	VmPeak:	  678920 kB
20220313 033455.682 INFO             PET0 PIOc_sync Exit - MemInfo: [/proc/self/status]	VmSize:	  678600 kB
20220313 033455.682 INFO             PET0 PIOc_sync Exit - MemInfo: [/proc/self/status]	VmLck:	       0 kB
20220313 033455.682 INFO             PET0 PIOc_sync Exit - MemInfo: [/proc/self/status]	VmPin:	       0 kB
20220313 033455.682 INFO             PET0 PIOc_sync Exit - MemInfo: [/proc/self/status]	VmHWM:	   71732 kB
20220313 033455.682 INFO             PET0 PIOc_sync Exit - MemInfo: [/proc/self/status]	VmRSS:	   41144 kB
20220313 033455.682 INFO             PET0 PIOc_sync Exit - MemInfo: [/proc/self/status]	VmData:	  195776 kB
20220313 033455.682 INFO             PET0 PIOc_sync Exit - MemInfo: [/proc/self/status]	VmStk:	     144 kB
20220313 033455.682 INFO             PET0 PIOc_sync Exit - MemInfo: [/proc/self/status]	VmExe:	     364 kB
20220313 033455.682 INFO             PET0 PIOc_sync Exit - MemInfo: [/proc/self/status]	VmLib:	   83112 kB
20220313 033455.682 INFO             PET0 PIOc_sync Exit - MemInfo: [/proc/self/status]	VmPTE:	     984 kB
20220313 033455.682 INFO             PET0 PIOc_sync Exit - MemInfo: [/proc/self/status]	VmSwap:	       0 kB
20220313 033455.682 INFO             PET0 PIOc_sync Exit - MemInfo: [/proc/self/status]	VmRSSPercent: 0.0209454 %
20220313 033455.682 INFO             PET0 PIOc_sync Exit - MemInfo: [malloc] Non-mmapped space allocated:                12566528 Byte
20220313 033455.682 INFO             PET0 PIOc_sync Exit - MemInfo: [malloc] Space allocated in mmapped regions:          1581056 Byte
20220313 033455.682 INFO             PET0 PIOc_sync Exit - MemInfo: [malloc] Maximum total allocated space:                     0 Byte
20220313 033455.682 INFO             PET0 PIOc_sync Exit - MemInfo: [malloc] Space in freed fastbin blocks:                  1072 Byte
20220313 033455.682 INFO             PET0 PIOc_sync Exit - MemInfo: [malloc] Total allocated space:                      12270480 Byte
20220313 033455.682 INFO             PET0 PIOc_sync Exit - MemInfo: [malloc] Total free space:                             296048 Byte
20220313 033455.682 INFO             PET0 PIOc_sync Exit - MemInfo: [malloc] Top-most, releasable space:                    92064 Byte
20220313 033455.682 INFO             PET0 PIOc_sync Exit - MemInfo: [malloc] Total space in use, mmap + non-mmap:        13851536 Byte
20220313 033455.682 INFO             PET0 PIOc_sync Exit - MemInfo: [malloc] Total space held (mmap + non-mmap):         14147584 Byte
20220313 033455.682 INFO             PET0 PIOc_sync Exit - MemInfo: [malloc] Total space used (mmap + non-mmap):         13860896 Byte
20220313 033455.682 INFO             PET0 PIOc_sync Exit - MemInfo: Wall-clock time since execution start:              0.0370888 seconds
20220313 033455.683 INFO             PET0 PIOc_freedecomp Enter - MemInfo: [/proc/meminfo - SSI]	MemTotal:       196434604 kB
20220313 033455.683 INFO             PET0 PIOc_freedecomp Enter - MemInfo: [/proc/meminfo - SSI]	MemFree:        184272304 kB
20220313 033455.683 INFO             PET0 PIOc_freedecomp Enter - MemInfo: [/proc/meminfo - SSI]	MemAvailable:   191812056 kB
20220313 033455.683 INFO             PET0 PIOc_freedecomp Enter - MemInfo: [/proc/meminfo - SSI]	Committed_AS:     675152 kB
20220313 033455.683 INFO             PET0 PIOc_freedecomp Enter - MemInfo: [/proc/meminfo - SSI]	CommittedPercent: 0.343703 %
20220313 033455.683 INFO             PET0 PIOc_freedecomp Enter - MemInfo: [/proc/self/status]	VmPeak:	  678920 kB
20220313 033455.683 INFO             PET0 PIOc_freedecomp Enter - MemInfo: [/proc/self/status]	VmSize:	  678600 kB
20220313 033455.683 INFO             PET0 PIOc_freedecomp Enter - MemInfo: [/proc/self/status]	VmLck:	       0 kB
20220313 033455.683 INFO             PET0 PIOc_freedecomp Enter - MemInfo: [/proc/self/status]	VmPin:	       0 kB
20220313 033455.683 INFO             PET0 PIOc_freedecomp Enter - MemInfo: [/proc/self/status]	VmHWM:	   71732 kB
20220313 033455.683 INFO             PET0 PIOc_freedecomp Enter - MemInfo: [/proc/self/status]	VmRSS:	   41148 kB
20220313 033455.683 INFO             PET0 PIOc_freedecomp Enter - MemInfo: [/proc/self/status]	VmData:	  195776 kB
20220313 033455.683 INFO             PET0 PIOc_freedecomp Enter - MemInfo: [/proc/self/status]	VmStk:	     144 kB
20220313 033455.683 INFO             PET0 PIOc_freedecomp Enter - MemInfo: [/proc/self/status]	VmExe:	     364 kB
20220313 033455.683 INFO             PET0 PIOc_freedecomp Enter - MemInfo: [/proc/self/status]	VmLib:	   83112 kB
20220313 033455.683 INFO             PET0 PIOc_freedecomp Enter - MemInfo: [/proc/self/status]	VmPTE:	     984 kB
20220313 033455.683 INFO             PET0 PIOc_freedecomp Enter - MemInfo: [/proc/self/status]	VmSwap:	       0 kB
20220313 033455.683 INFO             PET0 PIOc_freedecomp Enter - MemInfo: [/proc/self/status]	VmRSSPercent: 0.0209474 %
20220313 033455.683 INFO             PET0 PIOc_freedecomp Enter - MemInfo: [malloc] Non-mmapped space allocated:                12566528 Byte
20220313 033455.683 INFO             PET0 PIOc_freedecomp Enter - MemInfo: [malloc] Space allocated in mmapped regions:          1581056 Byte
20220313 033455.683 INFO             PET0 PIOc_freedecomp Enter - MemInfo: [malloc] Maximum total allocated space:                     0 Byte
20220313 033455.683 INFO             PET0 PIOc_freedecomp Enter - MemInfo: [malloc] Space in freed fastbin blocks:                  1408 Byte
20220313 033455.683 INFO             PET0 PIOc_freedecomp Enter - MemInfo: [malloc] Total allocated space:                       3342656 Byte
20220313 033455.683 INFO             PET0 PIOc_freedecomp Enter - MemInfo: [malloc] Total free space:                            9223872 Byte
20220313 033455.683 INFO             PET0 PIOc_freedecomp Enter - MemInfo: [malloc] Top-most, releasable space:                    92064 Byte
20220313 033455.683 INFO             PET0 PIOc_freedecomp Enter - MemInfo: [malloc] Total space in use, mmap + non-mmap:         4923712 Byte
20220313 033455.683 INFO             PET0 PIOc_freedecomp Enter - MemInfo: [malloc] Total space held (mmap + non-mmap):         14147584 Byte
20220313 033455.683 INFO             PET0 PIOc_freedecomp Enter - MemInfo: [malloc] Total space used (mmap + non-mmap):          4933056 Byte
20220313 033455.683 INFO             PET0 PIOc_freedecomp Enter - MemInfo: Wall-clock time since execution start:              0.0378849 seconds
20220313 033455.683 INFO             PET0 PIOc_freedecomp Exit - MemInfo: [/proc/meminfo - SSI]	MemTotal:       196434604 kB
20220313 033455.683 INFO             PET0 PIOc_freedecomp Exit - MemInfo: [/proc/meminfo - SSI]	MemFree:        184272304 kB
20220313 033455.683 INFO             PET0 PIOc_freedecomp Exit - MemInfo: [/proc/meminfo - SSI]	MemAvailable:   191812056 kB
20220313 033455.683 INFO             PET0 PIOc_freedecomp Exit - MemInfo: [/proc/meminfo - SSI]	Committed_AS:     675152 kB
20220313 033455.683 INFO             PET0 PIOc_freedecomp Exit - MemInfo: [/proc/meminfo - SSI]	CommittedPercent: 0.343703 %
20220313 033455.684 INFO             PET0 PIOc_freedecomp Exit - MemInfo: [/proc/self/status]	VmPeak:	  678920 kB
20220313 033455.684 INFO             PET0 PIOc_freedecomp Exit - MemInfo: [/proc/self/status]	VmSize:	  678600 kB
20220313 033455.684 INFO             PET0 PIOc_freedecomp Exit - MemInfo: [/proc/self/status]	VmLck:	       0 kB
20220313 033455.684 INFO             PET0 PIOc_freedecomp Exit - MemInfo: [/proc/self/status]	VmPin:	       0 kB
20220313 033455.684 INFO             PET0 PIOc_freedecomp Exit - MemInfo: [/proc/self/status]	VmHWM:	   71732 kB
20220313 033455.684 INFO             PET0 PIOc_freedecomp Exit - MemInfo: [/proc/self/status]	VmRSS:	   41148 kB
20220313 033455.684 INFO             PET0 PIOc_freedecomp Exit - MemInfo: [/proc/self/status]	VmData:	  195776 kB
20220313 033455.684 INFO             PET0 PIOc_freedecomp Exit - MemInfo: [/proc/self/status]	VmStk:	     144 kB
20220313 033455.684 INFO             PET0 PIOc_freedecomp Exit - MemInfo: [/proc/self/status]	VmExe:	     364 kB
20220313 033455.684 INFO             PET0 PIOc_freedecomp Exit - MemInfo: [/proc/self/status]	VmLib:	   83112 kB
20220313 033455.684 INFO             PET0 PIOc_freedecomp Exit - MemInfo: [/proc/self/status]	VmPTE:	     984 kB
20220313 033455.684 INFO             PET0 PIOc_freedecomp Exit - MemInfo: [/proc/self/status]	VmSwap:	       0 kB
20220313 033455.684 INFO             PET0 PIOc_freedecomp Exit - MemInfo: [/proc/self/status]	VmRSSPercent: 0.0209474 %
20220313 033455.684 INFO             PET0 PIOc_freedecomp Exit - MemInfo: [malloc] Non-mmapped space allocated:                12566528 Byte
20220313 033455.684 INFO             PET0 PIOc_freedecomp Exit - MemInfo: [malloc] Space allocated in mmapped regions:          1581056 Byte
20220313 033455.684 INFO             PET0 PIOc_freedecomp Exit - MemInfo: [malloc] Maximum total allocated space:                     0 Byte
20220313 033455.684 INFO             PET0 PIOc_freedecomp Exit - MemInfo: [malloc] Space in freed fastbin blocks:                  1568 Byte
20220313 033455.684 INFO             PET0 PIOc_freedecomp Exit - MemInfo: [malloc] Total allocated space:                       3330320 Byte
20220313 033455.684 INFO             PET0 PIOc_freedecomp Exit - MemInfo: [malloc] Total free space:                            9236208 Byte
20220313 033455.684 INFO             PET0 PIOc_freedecomp Exit - MemInfo: [malloc] Top-most, releasable space:                    99424 Byte
20220313 033455.684 INFO             PET0 PIOc_freedecomp Exit - MemInfo: [malloc] Total space in use, mmap + non-mmap:         4911376 Byte
20220313 033455.684 INFO             PET0 PIOc_freedecomp Exit - MemInfo: [malloc] Total space held (mmap + non-mmap):         14147584 Byte
20220313 033455.684 INFO             PET0 PIOc_freedecomp Exit - MemInfo: [malloc] Total space used (mmap + non-mmap):          4920736 Byte
20220313 033455.684 INFO             PET0 PIOc_freedecomp Exit - MemInfo: Wall-clock time since execution start:              0.0382637 seconds
20220313 033455.684 INFO             PET0 PIOc_freedecomp Enter - MemInfo: [/proc/meminfo - SSI]	MemTotal:       196434604 kB
20220313 033455.684 INFO             PET0 PIOc_freedecomp Enter - MemInfo: [/proc/meminfo - SSI]	MemFree:        184272304 kB
20220313 033455.684 INFO             PET0 PIOc_freedecomp Enter - MemInfo: [/proc/meminfo - SSI]	MemAvailable:   191812056 kB
20220313 033455.684 INFO             PET0 PIOc_freedecomp Enter - MemInfo: [/proc/meminfo - SSI]	Committed_AS:     675152 kB
20220313 033455.684 INFO             PET0 PIOc_freedecomp Enter - MemInfo: [/proc/meminfo - SSI]	CommittedPercent: 0.343703 %
20220313 033455.684 INFO             PET0 PIOc_freedecomp Enter - MemInfo: [/proc/self/status]	VmPeak:	  678920 kB
20220313 033455.684 INFO             PET0 PIOc_freedecomp Enter - MemInfo: [/proc/self/status]	VmSize:	  678600 kB
20220313 033455.684 INFO             PET0 PIOc_freedecomp Enter - MemInfo: [/proc/self/status]	VmLck:	       0 kB
20220313 033455.684 INFO             PET0 PIOc_freedecomp Enter - MemInfo: [/proc/self/status]	VmPin:	       0 kB
20220313 033455.684 INFO             PET0 PIOc_freedecomp Enter - MemInfo: [/proc/self/status]	VmHWM:	   71732 kB
20220313 033455.684 INFO             PET0 PIOc_freedecomp Enter - MemInfo: [/proc/self/status]	VmRSS:	   41148 kB
20220313 033455.684 INFO             PET0 PIOc_freedecomp Enter - MemInfo: [/proc/self/status]	VmData:	  195776 kB
20220313 033455.684 INFO             PET0 PIOc_freedecomp Enter - MemInfo: [/proc/self/status]	VmStk:	     144 kB
20220313 033455.684 INFO             PET0 PIOc_freedecomp Enter - MemInfo: [/proc/self/status]	VmExe:	     364 kB
20220313 033455.684 INFO             PET0 PIOc_freedecomp Enter - MemInfo: [/proc/self/status]	VmLib:	   83112 kB
20220313 033455.684 INFO             PET0 PIOc_freedecomp Enter - MemInfo: [/proc/self/status]	VmPTE:	     984 kB
20220313 033455.684 INFO             PET0 PIOc_freedecomp Enter - MemInfo: [/proc/self/status]	VmSwap:	       0 kB
20220313 033455.684 INFO             PET0 PIOc_freedecomp Enter - MemInfo: [/proc/self/status]	VmRSSPercent: 0.0209474 %
20220313 033455.684 INFO             PET0 PIOc_freedecomp Enter - MemInfo: [malloc] Non-mmapped space allocated:                12566528 Byte
20220313 033455.684 INFO             PET0 PIOc_freedecomp Enter - MemInfo: [malloc] Space allocated in mmapped regions:          1581056 Byte
20220313 033455.684 INFO             PET0 PIOc_freedecomp Enter - MemInfo: [malloc] Maximum total allocated space:                     0 Byte
20220313 033455.684 INFO             PET0 PIOc_freedecomp Enter - MemInfo: [malloc] Space in freed fastbin blocks:                  2240 Byte
20220313 033455.684 INFO             PET0 PIOc_freedecomp Enter - MemInfo: [malloc] Total allocated space:                       3330192 Byte
20220313 033455.684 INFO             PET0 PIOc_freedecomp Enter - MemInfo: [malloc] Total free space:                            9236336 Byte
20220313 033455.684 INFO             PET0 PIOc_freedecomp Enter - MemInfo: [malloc] Top-most, releasable space:                   100416 Byte
20220313 033455.684 INFO             PET0 PIOc_freedecomp Enter - MemInfo: [malloc] Total space in use, mmap + non-mmap:         4911248 Byte
20220313 033455.684 INFO             PET0 PIOc_freedecomp Enter - MemInfo: [malloc] Total space held (mmap + non-mmap):         14147584 Byte
20220313 033455.684 INFO             PET0 PIOc_freedecomp Enter - MemInfo: [malloc] Total space used (mmap + non-mmap):          4920608 Byte
20220313 033455.684 INFO             PET0 PIOc_freedecomp Enter - MemInfo: Wall-clock time since execution start:              0.0386413 seconds
20220313 033455.684 INFO             PET0 PIOc_freedecomp Exit - MemInfo: [/proc/meminfo - SSI]	MemTotal:       196434604 kB
20220313 033455.684 INFO             PET0 PIOc_freedecomp Exit - MemInfo: [/proc/meminfo - SSI]	MemFree:        184272304 kB
20220313 033455.684 INFO             PET0 PIOc_freedecomp Exit - MemInfo: [/proc/meminfo - SSI]	MemAvailable:   191812056 kB
20220313 033455.684 INFO             PET0 PIOc_freedecomp Exit - MemInfo: [/proc/meminfo - SSI]	Committed_AS:     675152 kB
20220313 033455.684 INFO             PET0 PIOc_freedecomp Exit - MemInfo: [/proc/meminfo - SSI]	CommittedPercent: 0.343703 %
20220313 033455.684 INFO             PET0 PIOc_freedecomp Exit - MemInfo: [/proc/self/status]	VmPeak:	  678920 kB
20220313 033455.684 INFO             PET0 PIOc_freedecomp Exit - MemInfo: [/proc/self/status]	VmSize:	  678600 kB
20220313 033455.684 INFO             PET0 PIOc_freedecomp Exit - MemInfo: [/proc/self/status]	VmLck:	       0 kB
20220313 033455.684 INFO             PET0 PIOc_freedecomp Exit - MemInfo: [/proc/self/status]	VmPin:	       0 kB
20220313 033455.684 INFO             PET0 PIOc_freedecomp Exit - MemInfo: [/proc/self/status]	VmHWM:	   71732 kB
20220313 033455.684 INFO             PET0 PIOc_freedecomp Exit - MemInfo: [/proc/self/status]	VmRSS:	   41148 kB
20220313 033455.684 INFO             PET0 PIOc_freedecomp Exit - MemInfo: [/proc/self/status]	VmData:	  195776 kB
20220313 033455.684 INFO             PET0 PIOc_freedecomp Exit - MemInfo: [/proc/self/status]	VmStk:	     144 kB
20220313 033455.684 INFO             PET0 PIOc_freedecomp Exit - MemInfo: [/proc/self/status]	VmExe:	     364 kB
20220313 033455.684 INFO             PET0 PIOc_freedecomp Exit - MemInfo: [/proc/self/status]	VmLib:	   83112 kB
20220313 033455.684 INFO             PET0 PIOc_freedecomp Exit - MemInfo: [/proc/self/status]	VmPTE:	     984 kB
20220313 033455.684 INFO             PET0 PIOc_freedecomp Exit - MemInfo: [/proc/self/status]	VmSwap:	       0 kB
20220313 033455.684 INFO             PET0 PIOc_freedecomp Exit - MemInfo: [/proc/self/status]	VmRSSPercent: 0.0209474 %
20220313 033455.684 INFO             PET0 PIOc_freedecomp Exit - MemInfo: [malloc] Non-mmapped space allocated:                12566528 Byte
20220313 033455.684 INFO             PET0 PIOc_freedecomp Exit - MemInfo: [malloc] Space allocated in mmapped regions:          1581056 Byte
20220313 033455.684 INFO             PET0 PIOc_freedecomp Exit - MemInfo: [malloc] Maximum total allocated space:                     0 Byte
20220313 033455.684 INFO             PET0 PIOc_freedecomp Exit - MemInfo: [malloc] Space in freed fastbin blocks:                  1456 Byte
20220313 033455.684 INFO             PET0 PIOc_freedecomp Exit - MemInfo: [malloc] Total allocated space:                       3299168 Byte
20220313 033455.684 INFO             PET0 PIOc_freedecomp Exit - MemInfo: [malloc] Total free space:                            9267360 Byte
20220313 033455.684 INFO             PET0 PIOc_freedecomp Exit - MemInfo: [malloc] Top-most, releasable space:                   122464 Byte
20220313 033455.684 INFO             PET0 PIOc_freedecomp Exit - MemInfo: [malloc] Total space in use, mmap + non-mmap:         4880224 Byte
20220313 033455.684 INFO             PET0 PIOc_freedecomp Exit - MemInfo: [malloc] Total space held (mmap + non-mmap):         14147584 Byte
20220313 033455.684 INFO             PET0 PIOc_freedecomp Exit - MemInfo: [malloc] Total space used (mmap + non-mmap):          4889584 Byte
20220313 033455.684 INFO             PET0 PIOc_freedecomp Exit - MemInfo: Wall-clock time since execution start:               0.039013 seconds
20220313 033455.685 INFO             PET0 PIOc_freedecomp Enter - MemInfo: [/proc/meminfo - SSI]	MemTotal:       196434604 kB
20220313 033455.685 INFO             PET0 PIOc_freedecomp Enter - MemInfo: [/proc/meminfo - SSI]	MemFree:        184272304 kB
20220313 033455.685 INFO             PET0 PIOc_freedecomp Enter - MemInfo: [/proc/meminfo - SSI]	MemAvailable:   191812056 kB
20220313 033455.685 INFO             PET0 PIOc_freedecomp Enter - MemInfo: [/proc/meminfo - SSI]	Committed_AS:     675152 kB
20220313 033455.685 INFO             PET0 PIOc_freedecomp Enter - MemInfo: [/proc/meminfo - SSI]	CommittedPercent: 0.343703 %
20220313 033455.685 INFO             PET0 PIOc_freedecomp Enter - MemInfo: [/proc/self/status]	VmPeak:	  678920 kB
20220313 033455.685 INFO             PET0 PIOc_freedecomp Enter - MemInfo: [/proc/self/status]	VmSize:	  678600 kB
20220313 033455.685 INFO             PET0 PIOc_freedecomp Enter - MemInfo: [/proc/self/status]	VmLck:	       0 kB
20220313 033455.685 INFO             PET0 PIOc_freedecomp Enter - MemInfo: [/proc/self/status]	VmPin:	       0 kB
20220313 033455.685 INFO             PET0 PIOc_freedecomp Enter - MemInfo: [/proc/self/status]	VmHWM:	   71732 kB
20220313 033455.685 INFO             PET0 PIOc_freedecomp Enter - MemInfo: [/proc/self/status]	VmRSS:	   41148 kB
20220313 033455.685 INFO             PET0 PIOc_freedecomp Enter - MemInfo: [/proc/self/status]	VmData:	  195776 kB
20220313 033455.685 INFO             PET0 PIOc_freedecomp Enter - MemInfo: [/proc/self/status]	VmStk:	     144 kB
20220313 033455.685 INFO             PET0 PIOc_freedecomp Enter - MemInfo: [/proc/self/status]	VmExe:	     364 kB
20220313 033455.685 INFO             PET0 PIOc_freedecomp Enter - MemInfo: [/proc/self/status]	VmLib:	   83112 kB
20220313 033455.685 INFO             PET0 PIOc_freedecomp Enter - MemInfo: [/proc/self/status]	VmPTE:	     984 kB
20220313 033455.685 INFO             PET0 PIOc_freedecomp Enter - MemInfo: [/proc/self/status]	VmSwap:	       0 kB
20220313 033455.685 INFO             PET0 PIOc_freedecomp Enter - MemInfo: [/proc/self/status]	VmRSSPercent: 0.0209474 %
20220313 033455.685 INFO             PET0 PIOc_freedecomp Enter - MemInfo: [malloc] Non-mmapped space allocated:                12566528 Byte
20220313 033455.685 INFO             PET0 PIOc_freedecomp Enter - MemInfo: [malloc] Space allocated in mmapped regions:          1581056 Byte
20220313 033455.685 INFO             PET0 PIOc_freedecomp Enter - MemInfo: [malloc] Maximum total allocated space:                     0 Byte
20220313 033455.685 INFO             PET0 PIOc_freedecomp Enter - MemInfo: [malloc] Space in freed fastbin blocks:                  2112 Byte
20220313 033455.685 INFO             PET0 PIOc_freedecomp Enter - MemInfo: [malloc] Total allocated space:                       3299040 Byte
20220313 033455.685 INFO             PET0 PIOc_freedecomp Enter - MemInfo: [malloc] Total free space:                            9267488 Byte
20220313 033455.685 INFO             PET0 PIOc_freedecomp Enter - MemInfo: [malloc] Top-most, releasable space:                   122464 Byte
20220313 033455.685 INFO             PET0 PIOc_freedecomp Enter - MemInfo: [malloc] Total space in use, mmap + non-mmap:         4880096 Byte
20220313 033455.685 INFO             PET0 PIOc_freedecomp Enter - MemInfo: [malloc] Total space held (mmap + non-mmap):         14147584 Byte
20220313 033455.685 INFO             PET0 PIOc_freedecomp Enter - MemInfo: [malloc] Total space used (mmap + non-mmap):          4889456 Byte
20220313 033455.685 INFO             PET0 PIOc_freedecomp Enter - MemInfo: Wall-clock time since execution start:              0.0393883 seconds
20220313 033455.685 INFO             PET0 PIOc_freedecomp Exit - MemInfo: [/proc/meminfo - SSI]	MemTotal:       196434604 kB
20220313 033455.685 INFO             PET0 PIOc_freedecomp Exit - MemInfo: [/proc/meminfo - SSI]	MemFree:        184272304 kB
20220313 033455.685 INFO             PET0 PIOc_freedecomp Exit - MemInfo: [/proc/meminfo - SSI]	MemAvailable:   191812056 kB
20220313 033455.685 INFO             PET0 PIOc_freedecomp Exit - MemInfo: [/proc/meminfo - SSI]	Committed_AS:     675152 kB
20220313 033455.685 INFO             PET0 PIOc_freedecomp Exit - MemInfo: [/proc/meminfo - SSI]	CommittedPercent: 0.343703 %
20220313 033455.685 INFO             PET0 PIOc_freedecomp Exit - MemInfo: [/proc/self/status]	VmPeak:	  678920 kB
20220313 033455.685 INFO             PET0 PIOc_freedecomp Exit - MemInfo: [/proc/self/status]	VmSize:	  678600 kB
20220313 033455.685 INFO             PET0 PIOc_freedecomp Exit - MemInfo: [/proc/self/status]	VmLck:	       0 kB
20220313 033455.685 INFO             PET0 PIOc_freedecomp Exit - MemInfo: [/proc/self/status]	VmPin:	       0 kB
20220313 033455.685 INFO             PET0 PIOc_freedecomp Exit - MemInfo: [/proc/self/status]	VmHWM:	   71732 kB
20220313 033455.685 INFO             PET0 PIOc_freedecomp Exit - MemInfo: [/proc/self/status]	VmRSS:	   41148 kB
20220313 033455.685 INFO             PET0 PIOc_freedecomp Exit - MemInfo: [/proc/self/status]	VmData:	  195776 kB
20220313 033455.685 INFO             PET0 PIOc_freedecomp Exit - MemInfo: [/proc/self/status]	VmStk:	     144 kB
20220313 033455.685 INFO             PET0 PIOc_freedecomp Exit - MemInfo: [/proc/self/status]	VmExe:	     364 kB
20220313 033455.685 INFO             PET0 PIOc_freedecomp Exit - MemInfo: [/proc/self/status]	VmLib:	   83112 kB
20220313 033455.685 INFO             PET0 PIOc_freedecomp Exit - MemInfo: [/proc/self/status]	VmPTE:	     984 kB
20220313 033455.685 INFO             PET0 PIOc_freedecomp Exit - MemInfo: [/proc/self/status]	VmSwap:	       0 kB
20220313 033455.685 INFO             PET0 PIOc_freedecomp Exit - MemInfo: [/proc/self/status]	VmRSSPercent: 0.0209474 %
20220313 033455.685 INFO             PET0 PIOc_freedecomp Exit - MemInfo: [malloc] Non-mmapped space allocated:                12566528 Byte
20220313 033455.685 INFO             PET0 PIOc_freedecomp Exit - MemInfo: [malloc] Space allocated in mmapped regions:          1581056 Byte
20220313 033455.685 INFO             PET0 PIOc_freedecomp Exit - MemInfo: [malloc] Maximum total allocated space:                     0 Byte
20220313 033455.685 INFO             PET0 PIOc_freedecomp Exit - MemInfo: [malloc] Space in freed fastbin blocks:                  1456 Byte
20220313 033455.685 INFO             PET0 PIOc_freedecomp Exit - MemInfo: [malloc] Total allocated space:                       3286096 Byte
20220313 033455.685 INFO             PET0 PIOc_freedecomp Exit - MemInfo: [malloc] Total free space:                            9280432 Byte
20220313 033455.685 INFO             PET0 PIOc_freedecomp Exit - MemInfo: [malloc] Top-most, releasable space:                   122464 Byte
20220313 033455.685 INFO             PET0 PIOc_freedecomp Exit - MemInfo: [malloc] Total space in use, mmap + non-mmap:         4867152 Byte
20220313 033455.685 INFO             PET0 PIOc_freedecomp Exit - MemInfo: [malloc] Total space held (mmap + non-mmap):         14147584 Byte
20220313 033455.685 INFO             PET0 PIOc_freedecomp Exit - MemInfo: [malloc] Total space used (mmap + non-mmap):          4876496 Byte
20220313 033455.685 INFO             PET0 PIOc_freedecomp Exit - MemInfo: Wall-clock time since execution start:              0.0397607 seconds
20220313 033455.685 INFO             PET0  PASS  Writing a FieldBundle to a single file with timeslice Test, ESMF_FieldBundleIOUTest.F90, line 388
20220313 033455.685 INFO             PET0  PASS  Create attribute package on FieldBundle multi Test, ESMF_FieldBundleIOUTest.F90, line 404
20220313 033455.685 INFO             PET0  PASS  Set attribute values on FieldBundle multi Test, ESMF_FieldBundleIOUTest.F90, line 417
20220313 033455.687 INFO             PET0 PIOc_sync Enter - MemInfo: [/proc/meminfo - SSI]	MemTotal:       196434604 kB
20220313 033455.687 INFO             PET0 PIOc_sync Enter - MemInfo: [/proc/meminfo - SSI]	MemFree:        184272304 kB
20220313 033455.687 INFO             PET0 PIOc_sync Enter - MemInfo: [/proc/meminfo - SSI]	MemAvailable:   191812056 kB
20220313 033455.687 INFO             PET0 PIOc_sync Enter - MemInfo: [/proc/meminfo - SSI]	Committed_AS:     675152 kB
20220313 033455.687 INFO             PET0 PIOc_sync Enter - MemInfo: [/proc/meminfo - SSI]	CommittedPercent: 0.343703 %
20220313 033455.688 INFO             PET0 PIOc_sync Enter - MemInfo: [/proc/self/status]	VmPeak:	  678920 kB
20220313 033455.688 INFO             PET0 PIOc_sync Enter - MemInfo: [/proc/self/status]	VmSize:	  678600 kB
20220313 033455.688 INFO             PET0 PIOc_sync Enter - MemInfo: [/proc/self/status]	VmLck:	       0 kB
20220313 033455.688 INFO             PET0 PIOc_sync Enter - MemInfo: [/proc/self/status]	VmPin:	       0 kB
20220313 033455.688 INFO             PET0 PIOc_sync Enter - MemInfo: [/proc/self/status]	VmHWM:	   71732 kB
20220313 033455.688 INFO             PET0 PIOc_sync Enter - MemInfo: [/proc/self/status]	VmRSS:	   41152 kB
20220313 033455.688 INFO             PET0 PIOc_sync Enter - MemInfo: [/proc/self/status]	VmData:	  195776 kB
20220313 033455.688 INFO             PET0 PIOc_sync Enter - MemInfo: [/proc/self/status]	VmStk:	     144 kB
20220313 033455.688 INFO             PET0 PIOc_sync Enter - MemInfo: [/proc/self/status]	VmExe:	     364 kB
20220313 033455.688 INFO             PET0 PIOc_sync Enter - MemInfo: [/proc/self/status]	VmLib:	   83112 kB
20220313 033455.688 INFO             PET0 PIOc_sync Enter - MemInfo: [/proc/self/status]	VmPTE:	     984 kB
20220313 033455.688 INFO             PET0 PIOc_sync Enter - MemInfo: [/proc/self/status]	VmSwap:	       0 kB
20220313 033455.688 INFO             PET0 PIOc_sync Enter - MemInfo: [/proc/self/status]	VmRSSPercent: 0.0209495 %
20220313 033455.688 INFO             PET0 PIOc_sync Enter - MemInfo: [malloc] Non-mmapped space allocated:                12566528 Byte
20220313 033455.688 INFO             PET0 PIOc_sync Enter - MemInfo: [malloc] Space allocated in mmapped regions:          1581056 Byte
20220313 033455.688 INFO             PET0 PIOc_sync Enter - MemInfo: [malloc] Maximum total allocated space:                     0 Byte
20220313 033455.688 INFO             PET0 PIOc_sync Enter - MemInfo: [malloc] Space in freed fastbin blocks:                  1200 Byte
20220313 033455.688 INFO             PET0 PIOc_sync Enter - MemInfo: [malloc] Total allocated space:                      12218656 Byte
20220313 033455.688 INFO             PET0 PIOc_sync Enter - MemInfo: [malloc] Total free space:                             347872 Byte
20220313 033455.688 INFO             PET0 PIOc_sync Enter - MemInfo: [malloc] Top-most, releasable space:                   134384 Byte
20220313 033455.688 INFO             PET0 PIOc_sync Enter - MemInfo: [malloc] Total space in use, mmap + non-mmap:        13799712 Byte
20220313 033455.688 INFO             PET0 PIOc_sync Enter - MemInfo: [malloc] Total space held (mmap + non-mmap):         14147584 Byte
20220313 033455.688 INFO             PET0 PIOc_sync Enter - MemInfo: [malloc] Total space used (mmap + non-mmap):         13809056 Byte
20220313 033455.688 INFO             PET0 PIOc_sync Enter - MemInfo: Wall-clock time since execution start:              0.0423219 seconds
20220313 033455.688 INFO             PET0 PIOc_sync Exit - MemInfo: [/proc/meminfo - SSI]	MemTotal:       196434604 kB
20220313 033455.688 INFO             PET0 PIOc_sync Exit - MemInfo: [/proc/meminfo - SSI]	MemFree:        184272304 kB
20220313 033455.688 INFO             PET0 PIOc_sync Exit - MemInfo: [/proc/meminfo - SSI]	MemAvailable:   191812056 kB
20220313 033455.688 INFO             PET0 PIOc_sync Exit - MemInfo: [/proc/meminfo - SSI]	Committed_AS:     675152 kB
20220313 033455.688 INFO             PET0 PIOc_sync Exit - MemInfo: [/proc/meminfo - SSI]	CommittedPercent: 0.343703 %
20220313 033455.688 INFO             PET0 PIOc_sync Exit - MemInfo: [/proc/self/status]	VmPeak:	  678920 kB
20220313 033455.688 INFO             PET0 PIOc_sync Exit - MemInfo: [/proc/self/status]	VmSize:	  678600 kB
20220313 033455.688 INFO             PET0 PIOc_sync Exit - MemInfo: [/proc/self/status]	VmLck:	       0 kB
20220313 033455.688 INFO             PET0 PIOc_sync Exit - MemInfo: [/proc/self/status]	VmPin:	       0 kB
20220313 033455.688 INFO             PET0 PIOc_sync Exit - MemInfo: [/proc/self/status]	VmHWM:	   71732 kB
20220313 033455.688 INFO             PET0 PIOc_sync Exit - MemInfo: [/proc/self/status]	VmRSS:	   41152 kB
20220313 033455.688 INFO             PET0 PIOc_sync Exit - MemInfo: [/proc/self/status]	VmData:	  195776 kB
20220313 033455.688 INFO             PET0 PIOc_sync Exit - MemInfo: [/proc/self/status]	VmStk:	     144 kB
20220313 033455.688 INFO             PET0 PIOc_sync Exit - MemInfo: [/proc/self/status]	VmExe:	     364 kB
20220313 033455.688 INFO             PET0 PIOc_sync Exit - MemInfo: [/proc/self/status]	VmLib:	   83112 kB
20220313 033455.688 INFO             PET0 PIOc_sync Exit - MemInfo: [/proc/self/status]	VmPTE:	     984 kB
20220313 033455.688 INFO             PET0 PIOc_sync Exit - MemInfo: [/proc/self/status]	VmSwap:	       0 kB
20220313 033455.688 INFO             PET0 PIOc_sync Exit - MemInfo: [/proc/self/status]	VmRSSPercent: 0.0209495 %
20220313 033455.688 INFO             PET0 PIOc_sync Exit - MemInfo: [malloc] Non-mmapped space allocated:                12566528 Byte
20220313 033455.688 INFO             PET0 PIOc_sync Exit - MemInfo: [malloc] Space allocated in mmapped regions:          1581056 Byte
20220313 033455.688 INFO             PET0 PIOc_sync Exit - MemInfo: [malloc] Maximum total allocated space:                     0 Byte
20220313 033455.688 INFO             PET0 PIOc_sync Exit - MemInfo: [malloc] Space in freed fastbin blocks:                  1152 Byte
20220313 033455.688 INFO             PET0 PIOc_sync Exit - MemInfo: [malloc] Total allocated space:                      12226992 Byte
20220313 033455.688 INFO             PET0 PIOc_sync Exit - MemInfo: [malloc] Total free space:                             339536 Byte
20220313 033455.688 INFO             PET0 PIOc_sync Exit - MemInfo: [malloc] Top-most, releasable space:                   130656 Byte
20220313 033455.688 INFO             PET0 PIOc_sync Exit - MemInfo: [malloc] Total space in use, mmap + non-mmap:        13808048 Byte
20220313 033455.688 INFO             PET0 PIOc_sync Exit - MemInfo: [malloc] Total space held (mmap + non-mmap):         14147584 Byte
20220313 033455.688 INFO             PET0 PIOc_sync Exit - MemInfo: [malloc] Total space used (mmap + non-mmap):         13817392 Byte
20220313 033455.688 INFO             PET0 PIOc_sync Exit - MemInfo: Wall-clock time since execution start:              0.0428338 seconds
20220313 033455.688 WARNING          PET0 ESMCI_PIO_Handler.C:1501 ESMCI::PIO_Handler::isOpen() File, multi.nc001, closed by PIO
20220313 033455.688 WARNING          PET0 ESMCI_PIO_Handler.C:1501 ESMCI::PIO_Handler::isOpen() File, multi.nc001, closed by PIO
20220313 033455.688 WARNING          PET0 ESMCI_PIO_Handler.C:1501 ESMCI::PIO_Handler::isOpen() File, multi.nc001, closed by PIO
20220313 033455.689 WARNING          PET0 ESMCI_PIO_Handler.C:1501 ESMCI::PIO_Handler::isOpen() File, multi.nc002, closed by PIO
20220313 033455.691 INFO             PET0 PIOc_sync Enter - MemInfo: [/proc/meminfo - SSI]	MemTotal:       196434604 kB
20220313 033455.691 INFO             PET0 PIOc_sync Enter - MemInfo: [/proc/meminfo - SSI]	MemFree:        184272304 kB
