build time -- 2022-03-12 04:20:58
20220312 053832.268 INFO             PET0 !!!!!!!!!!!!!!!!!!!!!!!!!!!!!!!!!!!!!!!!!!!!!!!!!!!!!!
20220312 053832.268 INFO             PET0 !!! THE ESMF_LOG IS SET TO OUTPUT ALL LOG MESSAGES !!!
20220312 053832.268 INFO             PET0 !!!     THIS MAY CAUSE SLOWDOWN IN PERFORMANCE     !!!
20220312 053832.268 INFO             PET0 !!! FOR PRODUCTION RUNS, USE:                      !!!
20220312 053832.268 INFO             PET0 !!!                   ESMF_LOGKIND_Multi_On_Error  !!!
20220312 053832.268 INFO             PET0 !!!!!!!!!!!!!!!!!!!!!!!!!!!!!!!!!!!!!!!!!!!!!!!!!!!!!!
20220312 053832.268 INFO             PET0 Running with ESMF Version   : v8.3.0b09-96-g559b459
20220312 053832.268 INFO             PET0 ESMF library build date/time: "Mar 12 2022" "04:14:42"
20220312 053832.268 INFO             PET0 ESMF library build location : /work/noaa/da/mpotts/sandbox/gfortran_8.3.0_openmpi_g_jedwards_pio_update2
20220312 053832.268 INFO             PET0 ESMF_COMM                   : openmpi
20220312 053832.269 INFO             PET0 ESMF_MOAB                   : enabled
20220312 053832.269 INFO             PET0 ESMF_LAPACK                 : enabled
20220312 053832.269 INFO             PET0 ESMF_NETCDF                 : enabled
20220312 053832.269 INFO             PET0 ESMF_PNETCDF                : disabled
20220312 053832.269 INFO             PET0 ESMF_PIO                    : enabled
20220312 053832.269 INFO             PET0 ESMF_YAMLCPP                : enabled
20220312 053832.269 INFO             PET0  Beginning Test, file ESMF_ArrayBundleIOUTest.F90, line 70
20220312 053832.269 INFO             PET0  NUMBER_OF_PROCESSORS           4
20220312 053832.270 INFO             PET0  PASS  ArrayCreate Allocate 2D ESMF_TYPEKIND_R8 Test, ESMF_ArrayBundleIOUTest.F90, line 109
20220312 053832.270 INFO             PET0  PASS  Obtain real Fortran Array Pointer for array 1, ESMF_ArrayBundleIOUTest.F90, line 117
20220312 053832.270 INFO             PET0  PASS  ArrayCreate Allocate 2D ESMF_TYPEKIND_I4 Test, ESMF_ArrayBundleIOUTest.F90, line 125
20220312 053832.270 INFO             PET0  PASS  Obtain integer Fortran Array Pointer for array 2, ESMF_ArrayBundleIOUTest.F90, line 133
20220312 053832.270 INFO             PET0  PASS  ArrayCreate Allocate 3D ESMF_TYPEKIND_I4 Test, ESMF_ArrayBundleIOUTest.F90, line 141
20220312 053832.270 INFO             PET0  PASS  Obtain Integer Fortran Array Pointer for array 2, ESMF_ArrayBundleIOUTest.F90, line 149
20220312 053832.271 INFO             PET0  PASS  ArrayBundleCreate Test, ESMF_ArrayBundleIOUTest.F90, line 158
20220312 053832.278 INFO             PET0 PIOc_sync Enter - MemInfo: [/proc/meminfo - SSI]	MemTotal:       196442820 kB
20220312 053832.278 INFO             PET0 PIOc_sync Enter - MemInfo: [/proc/meminfo - SSI]	MemFree:        186995188 kB
20220312 053832.278 INFO             PET0 PIOc_sync Enter - MemInfo: [/proc/meminfo - SSI]	MemAvailable:   191714936 kB
20220312 053832.278 INFO             PET0 PIOc_sync Enter - MemInfo: [/proc/meminfo - SSI]	Committed_AS:     650580 kB
20220312 053832.278 INFO             PET0 PIOc_sync Enter - MemInfo: [/proc/meminfo - SSI]	CommittedPercent: 0.33118 %
20220312 053832.279 INFO             PET0 PIOc_sync Enter - MemInfo: [/proc/self/status]	VmPeak:	  677924 kB
20220312 053832.279 INFO             PET0 PIOc_sync Enter - MemInfo: [/proc/self/status]	VmSize:	  677924 kB
20220312 053832.279 INFO             PET0 PIOc_sync Enter - MemInfo: [/proc/self/status]	VmLck:	       0 kB
20220312 053832.279 INFO             PET0 PIOc_sync Enter - MemInfo: [/proc/self/status]	VmPin:	       0 kB
20220312 053832.279 INFO             PET0 PIOc_sync Enter - MemInfo: [/proc/self/status]	VmHWM:	   71744 kB
20220312 053832.279 INFO             PET0 PIOc_sync Enter - MemInfo: [/proc/self/status]	VmRSS:	   38516 kB
20220312 053832.279 INFO             PET0 PIOc_sync Enter - MemInfo: [/proc/self/status]	VmData:	  195108 kB
20220312 053832.279 INFO             PET0 PIOc_sync Enter - MemInfo: [/proc/self/status]	VmStk:	     144 kB
20220312 053832.279 INFO             PET0 PIOc_sync Enter - MemInfo: [/proc/self/status]	VmExe:	     356 kB
20220312 053832.279 INFO             PET0 PIOc_sync Enter - MemInfo: [/proc/self/status]	VmLib:	   83112 kB
20220312 053832.279 INFO             PET0 PIOc_sync Enter - MemInfo: [/proc/self/status]	VmPTE:	     960 kB
20220312 053832.279 INFO             PET0 PIOc_sync Enter - MemInfo: [/proc/self/status]	VmSwap:	       0 kB
20220312 053832.279 INFO             PET0 PIOc_sync Enter - MemInfo: [/proc/self/status]	VmRSSPercent: 0.0196067 %
20220312 053832.279 INFO             PET0 PIOc_sync Enter - MemInfo: [malloc] Non-mmapped space allocated:                 2961408 Byte
20220312 053832.279 INFO             PET0 PIOc_sync Enter - MemInfo: [malloc] Space allocated in mmapped regions:         10502144 Byte
20220312 053832.279 INFO             PET0 PIOc_sync Enter - MemInfo: [malloc] Maximum total allocated space:                     0 Byte
20220312 053832.279 INFO             PET0 PIOc_sync Enter - MemInfo: [malloc] Space in freed fastbin blocks:                  1008 Byte
20220312 053832.279 INFO             PET0 PIOc_sync Enter - MemInfo: [malloc] Total allocated space:                       2672784 Byte
20220312 053832.279 INFO             PET0 PIOc_sync Enter - MemInfo: [malloc] Total free space:                             288624 Byte
20220312 053832.279 INFO             PET0 PIOc_sync Enter - MemInfo: [malloc] Top-most, releasable space:                    36704 Byte
20220312 053832.279 INFO             PET0 PIOc_sync Enter - MemInfo: [malloc] Total space in use, mmap + non-mmap:        13174928 Byte
20220312 053832.279 INFO             PET0 PIOc_sync Enter - MemInfo: [malloc] Total space held (mmap + non-mmap):         13463552 Byte
20220312 053832.279 INFO             PET0 PIOc_sync Enter - MemInfo: [malloc] Total space used (mmap + non-mmap):         13184272 Byte
20220312 053832.279 INFO             PET0 PIOc_sync Enter - MemInfo: Wall-clock time since execution start:              0.0147408 seconds
20220312 053832.280 INFO             PET0 PIOc_sync Exit - MemInfo: [/proc/meminfo - SSI]	MemTotal:       196442820 kB
20220312 053832.280 INFO             PET0 PIOc_sync Exit - MemInfo: [/proc/meminfo - SSI]	MemFree:        186994568 kB
20220312 053832.280 INFO             PET0 PIOc_sync Exit - MemInfo: [/proc/meminfo - SSI]	MemAvailable:   191714316 kB
20220312 053832.280 INFO             PET0 PIOc_sync Exit - MemInfo: [/proc/meminfo - SSI]	Committed_AS:     650580 kB
20220312 053832.280 INFO             PET0 PIOc_sync Exit - MemInfo: [/proc/meminfo - SSI]	CommittedPercent: 0.33118 %
20220312 053832.280 INFO             PET0 PIOc_sync Exit - MemInfo: [/proc/self/status]	VmPeak:	  678240 kB
20220312 053832.280 INFO             PET0 PIOc_sync Exit - MemInfo: [/proc/self/status]	VmSize:	  678240 kB
20220312 053832.280 INFO             PET0 PIOc_sync Exit - MemInfo: [/proc/self/status]	VmLck:	       0 kB
20220312 053832.280 INFO             PET0 PIOc_sync Exit - MemInfo: [/proc/self/status]	VmPin:	       0 kB
20220312 053832.280 INFO             PET0 PIOc_sync Exit - MemInfo: [/proc/self/status]	VmHWM:	   71744 kB
20220312 053832.280 INFO             PET0 PIOc_sync Exit - MemInfo: [/proc/self/status]	VmRSS:	   38792 kB
20220312 053832.280 INFO             PET0 PIOc_sync Exit - MemInfo: [/proc/self/status]	VmData:	  195424 kB
20220312 053832.280 INFO             PET0 PIOc_sync Exit - MemInfo: [/proc/self/status]	VmStk:	     144 kB
20220312 053832.280 INFO             PET0 PIOc_sync Exit - MemInfo: [/proc/self/status]	VmExe:	     356 kB
20220312 053832.280 INFO             PET0 PIOc_sync Exit - MemInfo: [/proc/self/status]	VmLib:	   83112 kB
20220312 053832.280 INFO             PET0 PIOc_sync Exit - MemInfo: [/proc/self/status]	VmPTE:	     960 kB
20220312 053832.280 INFO             PET0 PIOc_sync Exit - MemInfo: [/proc/self/status]	VmSwap:	       0 kB
20220312 053832.280 INFO             PET0 PIOc_sync Exit - MemInfo: [/proc/self/status]	VmRSSPercent: 0.0197472 %
20220312 053832.280 INFO             PET0 PIOc_sync Exit - MemInfo: [malloc] Non-mmapped space allocated:                 3284992 Byte
20220312 053832.280 INFO             PET0 PIOc_sync Exit - MemInfo: [malloc] Space allocated in mmapped regions:         10502144 Byte
20220312 053832.280 INFO             PET0 PIOc_sync Exit - MemInfo: [malloc] Maximum total allocated space:                     0 Byte
20220312 053832.280 INFO             PET0 PIOc_sync Exit - MemInfo: [malloc] Space in freed fastbin blocks:                  1040 Byte
20220312 053832.280 INFO             PET0 PIOc_sync Exit - MemInfo: [malloc] Total allocated space:                       2865072 Byte
20220312 053832.280 INFO             PET0 PIOc_sync Exit - MemInfo: [malloc] Total free space:                             419920 Byte
20220312 053832.280 INFO             PET0 PIOc_sync Exit - MemInfo: [malloc] Top-most, releasable space:                   204816 Byte
20220312 053832.280 INFO             PET0 PIOc_sync Exit - MemInfo: [malloc] Total space in use, mmap + non-mmap:        13367216 Byte
20220312 053832.280 INFO             PET0 PIOc_sync Exit - MemInfo: [malloc] Total space held (mmap + non-mmap):         13787136 Byte
20220312 053832.280 INFO             PET0 PIOc_sync Exit - MemInfo: [malloc] Total space used (mmap + non-mmap):         13376560 Byte
20220312 053832.280 INFO             PET0 PIOc_sync Exit - MemInfo: Wall-clock time since execution start:              0.0159363 seconds
20220312 053832.281 INFO             PET0 PIOc_freedecomp Enter - MemInfo: [/proc/meminfo - SSI]	MemTotal:       196442820 kB
20220312 053832.281 INFO             PET0 PIOc_freedecomp Enter - MemInfo: [/proc/meminfo - SSI]	MemFree:        187001952 kB
20220312 053832.281 INFO             PET0 PIOc_freedecomp Enter - MemInfo: [/proc/meminfo - SSI]	MemAvailable:   191721700 kB
20220312 053832.281 INFO             PET0 PIOc_freedecomp Enter - MemInfo: [/proc/meminfo - SSI]	Committed_AS:     642700 kB
20220312 053832.281 INFO             PET0 PIOc_freedecomp Enter - MemInfo: [/proc/meminfo - SSI]	CommittedPercent: 0.327169 %
20220312 053832.281 INFO             PET0 PIOc_freedecomp Enter - MemInfo: [/proc/self/status]	VmPeak:	  678240 kB
20220312 053832.281 INFO             PET0 PIOc_freedecomp Enter - MemInfo: [/proc/self/status]	VmSize:	  669528 kB
20220312 053832.281 INFO             PET0 PIOc_freedecomp Enter - MemInfo: [/proc/self/status]	VmLck:	       0 kB
20220312 053832.281 INFO             PET0 PIOc_freedecomp Enter - MemInfo: [/proc/self/status]	VmPin:	       0 kB
20220312 053832.281 INFO             PET0 PIOc_freedecomp Enter - MemInfo: [/proc/self/status]	VmHWM:	   71744 kB
20220312 053832.281 INFO             PET0 PIOc_freedecomp Enter - MemInfo: [/proc/self/status]	VmRSS:	   30592 kB
20220312 053832.281 INFO             PET0 PIOc_freedecomp Enter - MemInfo: [/proc/self/status]	VmData:	  186712 kB
20220312 053832.281 INFO             PET0 PIOc_freedecomp Enter - MemInfo: [/proc/self/status]	VmStk:	     144 kB
20220312 053832.281 INFO             PET0 PIOc_freedecomp Enter - MemInfo: [/proc/self/status]	VmExe:	     356 kB
20220312 053832.281 INFO             PET0 PIOc_freedecomp Enter - MemInfo: [/proc/self/status]	VmLib:	   83112 kB
20220312 053832.281 INFO             PET0 PIOc_freedecomp Enter - MemInfo: [/proc/self/status]	VmPTE:	     944 kB
20220312 053832.281 INFO             PET0 PIOc_freedecomp Enter - MemInfo: [/proc/self/status]	VmSwap:	       0 kB
20220312 053832.281 INFO             PET0 PIOc_freedecomp Enter - MemInfo: [/proc/self/status]	VmRSSPercent: 0.015573 %
20220312 053832.281 INFO             PET0 PIOc_freedecomp Enter - MemInfo: [malloc] Non-mmapped space allocated:                 3284992 Byte
20220312 053832.281 INFO             PET0 PIOc_freedecomp Enter - MemInfo: [malloc] Space allocated in mmapped regions:          1581056 Byte
20220312 053832.281 INFO             PET0 PIOc_freedecomp Enter - MemInfo: [malloc] Maximum total allocated space:                     0 Byte
20220312 053832.281 INFO             PET0 PIOc_freedecomp Enter - MemInfo: [malloc] Space in freed fastbin blocks:                  3648 Byte
20220312 053832.281 INFO             PET0 PIOc_freedecomp Enter - MemInfo: [malloc] Total allocated space:                       2850304 Byte
20220312 053832.281 INFO             PET0 PIOc_freedecomp Enter - MemInfo: [malloc] Total free space:                             434688 Byte
20220312 053832.281 INFO             PET0 PIOc_freedecomp Enter - MemInfo: [malloc] Top-most, releasable space:                   204816 Byte
20220312 053832.281 INFO             PET0 PIOc_freedecomp Enter - MemInfo: [malloc] Total space in use, mmap + non-mmap:         4431360 Byte
20220312 053832.281 INFO             PET0 PIOc_freedecomp Enter - MemInfo: [malloc] Total space held (mmap + non-mmap):          4866048 Byte
20220312 053832.281 INFO             PET0 PIOc_freedecomp Enter - MemInfo: [malloc] Total space used (mmap + non-mmap):          4440704 Byte
20220312 053832.281 INFO             PET0 PIOc_freedecomp Enter - MemInfo: Wall-clock time since execution start:              0.0169163 seconds
20220312 053832.281 INFO             PET0 PIOc_freedecomp Exit - MemInfo: [/proc/meminfo - SSI]	MemTotal:       196442820 kB
20220312 053832.281 INFO             PET0 PIOc_freedecomp Exit - MemInfo: [/proc/meminfo - SSI]	MemFree:        187001952 kB
20220312 053832.281 INFO             PET0 PIOc_freedecomp Exit - MemInfo: [/proc/meminfo - SSI]	MemAvailable:   191721700 kB
20220312 053832.281 INFO             PET0 PIOc_freedecomp Exit - MemInfo: [/proc/meminfo - SSI]	Committed_AS:     642700 kB
20220312 053832.281 INFO             PET0 PIOc_freedecomp Exit - MemInfo: [/proc/meminfo - SSI]	CommittedPercent: 0.327169 %
20220312 053832.281 INFO             PET0 PIOc_freedecomp Exit - MemInfo: [/proc/self/status]	VmPeak:	  678240 kB
20220312 053832.281 INFO             PET0 PIOc_freedecomp Exit - MemInfo: [/proc/self/status]	VmSize:	  669528 kB
20220312 053832.281 INFO             PET0 PIOc_freedecomp Exit - MemInfo: [/proc/self/status]	VmLck:	       0 kB
20220312 053832.281 INFO             PET0 PIOc_freedecomp Exit - MemInfo: [/proc/self/status]	VmPin:	       0 kB
20220312 053832.281 INFO             PET0 PIOc_freedecomp Exit - MemInfo: [/proc/self/status]	VmHWM:	   71744 kB
20220312 053832.281 INFO             PET0 PIOc_freedecomp Exit - MemInfo: [/proc/self/status]	VmRSS:	   30592 kB
20220312 053832.281 INFO             PET0 PIOc_freedecomp Exit - MemInfo: [/proc/self/status]	VmData:	  186712 kB
20220312 053832.281 INFO             PET0 PIOc_freedecomp Exit - MemInfo: [/proc/self/status]	VmStk:	     144 kB
20220312 053832.281 INFO             PET0 PIOc_freedecomp Exit - MemInfo: [/proc/self/status]	VmExe:	     356 kB
20220312 053832.281 INFO             PET0 PIOc_freedecomp Exit - MemInfo: [/proc/self/status]	VmLib:	   83112 kB
20220312 053832.281 INFO             PET0 PIOc_freedecomp Exit - MemInfo: [/proc/self/status]	VmPTE:	     944 kB
20220312 053832.281 INFO             PET0 PIOc_freedecomp Exit - MemInfo: [/proc/self/status]	VmSwap:	       0 kB
20220312 053832.281 INFO             PET0 PIOc_freedecomp Exit - MemInfo: [/proc/self/status]	VmRSSPercent: 0.015573 %
20220312 053832.281 INFO             PET0 PIOc_freedecomp Exit - MemInfo: [malloc] Non-mmapped space allocated:                 3284992 Byte
20220312 053832.281 INFO             PET0 PIOc_freedecomp Exit - MemInfo: [malloc] Space allocated in mmapped regions:          1581056 Byte
20220312 053832.281 INFO             PET0 PIOc_freedecomp Exit - MemInfo: [malloc] Maximum total allocated space:                     0 Byte
20220312 053832.281 INFO             PET0 PIOc_freedecomp Exit - MemInfo: [malloc] Space in freed fastbin blocks:                  1376 Byte
20220312 053832.281 INFO             PET0 PIOc_freedecomp Exit - MemInfo: [malloc] Total allocated space:                       2721680 Byte
20220312 053832.281 INFO             PET0 PIOc_freedecomp Exit - MemInfo: [malloc] Total free space:                             563312 Byte
20220312 053832.281 INFO             PET0 PIOc_freedecomp Exit - MemInfo: [malloc] Top-most, releasable space:                   326976 Byte
20220312 053832.281 INFO             PET0 PIOc_freedecomp Exit - MemInfo: [malloc] Total space in use, mmap + non-mmap:         4302736 Byte
20220312 053832.281 INFO             PET0 PIOc_freedecomp Exit - MemInfo: [malloc] Total space held (mmap + non-mmap):          4866048 Byte
20220312 053832.281 INFO             PET0 PIOc_freedecomp Exit - MemInfo: [malloc] Total space used (mmap + non-mmap):          4312080 Byte
20220312 053832.281 INFO             PET0 PIOc_freedecomp Exit - MemInfo: Wall-clock time since execution start:              0.0172946 seconds
20220312 053832.281 INFO             PET0 PIOc_freedecomp Enter - MemInfo: [/proc/meminfo - SSI]	MemTotal:       196442820 kB
20220312 053832.281 INFO             PET0 PIOc_freedecomp Enter - MemInfo: [/proc/meminfo - SSI]	MemFree:        187001952 kB
20220312 053832.281 INFO             PET0 PIOc_freedecomp Enter - MemInfo: [/proc/meminfo - SSI]	MemAvailable:   191721700 kB
20220312 053832.281 INFO             PET0 PIOc_freedecomp Enter - MemInfo: [/proc/meminfo - SSI]	Committed_AS:     642700 kB
20220312 053832.281 INFO             PET0 PIOc_freedecomp Enter - MemInfo: [/proc/meminfo - SSI]	CommittedPercent: 0.327169 %
20220312 053832.282 INFO             PET0 PIOc_freedecomp Enter - MemInfo: [/proc/self/status]	VmPeak:	  678240 kB
20220312 053832.282 INFO             PET0 PIOc_freedecomp Enter - MemInfo: [/proc/self/status]	VmSize:	  669528 kB
20220312 053832.282 INFO             PET0 PIOc_freedecomp Enter - MemInfo: [/proc/self/status]	VmLck:	       0 kB
20220312 053832.282 INFO             PET0 PIOc_freedecomp Enter - MemInfo: [/proc/self/status]	VmPin:	       0 kB
20220312 053832.282 INFO             PET0 PIOc_freedecomp Enter - MemInfo: [/proc/self/status]	VmHWM:	   71744 kB
20220312 053832.282 INFO             PET0 PIOc_freedecomp Enter - MemInfo: [/proc/self/status]	VmRSS:	   30592 kB
20220312 053832.282 INFO             PET0 PIOc_freedecomp Enter - MemInfo: [/proc/self/status]	VmData:	  186712 kB
20220312 053832.282 INFO             PET0 PIOc_freedecomp Enter - MemInfo: [/proc/self/status]	VmStk:	     144 kB
20220312 053832.282 INFO             PET0 PIOc_freedecomp Enter - MemInfo: [/proc/self/status]	VmExe:	     356 kB
20220312 053832.282 INFO             PET0 PIOc_freedecomp Enter - MemInfo: [/proc/self/status]	VmLib:	   83112 kB
20220312 053832.282 INFO             PET0 PIOc_freedecomp Enter - MemInfo: [/proc/self/status]	VmPTE:	     944 kB
20220312 053832.282 INFO             PET0 PIOc_freedecomp Enter - MemInfo: [/proc/self/status]	VmSwap:	       0 kB
20220312 053832.282 INFO             PET0 PIOc_freedecomp Enter - MemInfo: [/proc/self/status]	VmRSSPercent: 0.015573 %
20220312 053832.282 INFO             PET0 PIOc_freedecomp Enter - MemInfo: [malloc] Non-mmapped space allocated:                 3284992 Byte
20220312 053832.282 INFO             PET0 PIOc_freedecomp Enter - MemInfo: [malloc] Space allocated in mmapped regions:          1581056 Byte
20220312 053832.282 INFO             PET0 PIOc_freedecomp Enter - MemInfo: [malloc] Maximum total allocated space:                     0 Byte
20220312 053832.282 INFO             PET0 PIOc_freedecomp Enter - MemInfo: [malloc] Space in freed fastbin blocks:                  1824 Byte
20220312 053832.282 INFO             PET0 PIOc_freedecomp Enter - MemInfo: [malloc] Total allocated space:                       2721552 Byte
20220312 053832.282 INFO             PET0 PIOc_freedecomp Enter - MemInfo: [malloc] Total free space:                             563440 Byte
20220312 053832.282 INFO             PET0 PIOc_freedecomp Enter - MemInfo: [malloc] Top-most, releasable space:                   326976 Byte
20220312 053832.282 INFO             PET0 PIOc_freedecomp Enter - MemInfo: [malloc] Total space in use, mmap + non-mmap:         4302608 Byte
20220312 053832.282 INFO             PET0 PIOc_freedecomp Enter - MemInfo: [malloc] Total space held (mmap + non-mmap):          4866048 Byte
20220312 053832.282 INFO             PET0 PIOc_freedecomp Enter - MemInfo: [malloc] Total space used (mmap + non-mmap):          4311952 Byte
20220312 053832.282 INFO             PET0 PIOc_freedecomp Enter - MemInfo: Wall-clock time since execution start:              0.0176316 seconds
20220312 053832.282 INFO             PET0 PIOc_freedecomp Exit - MemInfo: [/proc/meminfo - SSI]	MemTotal:       196442820 kB
20220312 053832.282 INFO             PET0 PIOc_freedecomp Exit - MemInfo: [/proc/meminfo - SSI]	MemFree:        187001952 kB
20220312 053832.282 INFO             PET0 PIOc_freedecomp Exit - MemInfo: [/proc/meminfo - SSI]	MemAvailable:   191721700 kB
20220312 053832.282 INFO             PET0 PIOc_freedecomp Exit - MemInfo: [/proc/meminfo - SSI]	Committed_AS:     642700 kB
20220312 053832.282 INFO             PET0 PIOc_freedecomp Exit - MemInfo: [/proc/meminfo - SSI]	CommittedPercent: 0.327169 %
20220312 053832.282 INFO             PET0 PIOc_freedecomp Exit - MemInfo: [/proc/self/status]	VmPeak:	  678240 kB
20220312 053832.282 INFO             PET0 PIOc_freedecomp Exit - MemInfo: [/proc/self/status]	VmSize:	  669528 kB
20220312 053832.282 INFO             PET0 PIOc_freedecomp Exit - MemInfo: [/proc/self/status]	VmLck:	       0 kB
20220312 053832.282 INFO             PET0 PIOc_freedecomp Exit - MemInfo: [/proc/self/status]	VmPin:	       0 kB
20220312 053832.282 INFO             PET0 PIOc_freedecomp Exit - MemInfo: [/proc/self/status]	VmHWM:	   71744 kB
20220312 053832.282 INFO             PET0 PIOc_freedecomp Exit - MemInfo: [/proc/self/status]	VmRSS:	   30592 kB
20220312 053832.282 INFO             PET0 PIOc_freedecomp Exit - MemInfo: [/proc/self/status]	VmData:	  186712 kB
20220312 053832.282 INFO             PET0 PIOc_freedecomp Exit - MemInfo: [/proc/self/status]	VmStk:	     144 kB
20220312 053832.282 INFO             PET0 PIOc_freedecomp Exit - MemInfo: [/proc/self/status]	VmExe:	     356 kB
20220312 053832.282 INFO             PET0 PIOc_freedecomp Exit - MemInfo: [/proc/self/status]	VmLib:	   83112 kB
20220312 053832.282 INFO             PET0 PIOc_freedecomp Exit - MemInfo: [/proc/self/status]	VmPTE:	     944 kB
20220312 053832.282 INFO             PET0 PIOc_freedecomp Exit - MemInfo: [/proc/self/status]	VmSwap:	       0 kB
20220312 053832.282 INFO             PET0 PIOc_freedecomp Exit - MemInfo: [/proc/self/status]	VmRSSPercent: 0.015573 %
20220312 053832.282 INFO             PET0 PIOc_freedecomp Exit - MemInfo: [malloc] Non-mmapped space allocated:                 3284992 Byte
20220312 053832.282 INFO             PET0 PIOc_freedecomp Exit - MemInfo: [malloc] Space allocated in mmapped regions:          1581056 Byte
20220312 053832.282 INFO             PET0 PIOc_freedecomp Exit - MemInfo: [malloc] Maximum total allocated space:                     0 Byte
20220312 053832.282 INFO             PET0 PIOc_freedecomp Exit - MemInfo: [malloc] Space in freed fastbin blocks:                  1232 Byte
20220312 053832.282 INFO             PET0 PIOc_freedecomp Exit - MemInfo: [malloc] Total allocated space:                       2676448 Byte
20220312 053832.282 INFO             PET0 PIOc_freedecomp Exit - MemInfo: [malloc] Total free space:                             608544 Byte
20220312 053832.282 INFO             PET0 PIOc_freedecomp Exit - MemInfo: [malloc] Top-most, releasable space:                   360288 Byte
20220312 053832.282 INFO             PET0 PIOc_freedecomp Exit - MemInfo: [malloc] Total space in use, mmap + non-mmap:         4257504 Byte
20220312 053832.282 INFO             PET0 PIOc_freedecomp Exit - MemInfo: [malloc] Total space held (mmap + non-mmap):          4866048 Byte
20220312 053832.282 INFO             PET0 PIOc_freedecomp Exit - MemInfo: [malloc] Total space used (mmap + non-mmap):          4266848 Byte
20220312 053832.282 INFO             PET0 PIOc_freedecomp Exit - MemInfo: Wall-clock time since execution start:              0.0179965 seconds
20220312 053832.282 INFO             PET0 PIOc_freedecomp Enter - MemInfo: [/proc/meminfo - SSI]	MemTotal:       196442820 kB
20220312 053832.282 INFO             PET0 PIOc_freedecomp Enter - MemInfo: [/proc/meminfo - SSI]	MemFree:        187001952 kB
20220312 053832.282 INFO             PET0 PIOc_freedecomp Enter - MemInfo: [/proc/meminfo - SSI]	MemAvailable:   191721700 kB
20220312 053832.282 INFO             PET0 PIOc_freedecomp Enter - MemInfo: [/proc/meminfo - SSI]	Committed_AS:     642700 kB
20220312 053832.282 INFO             PET0 PIOc_freedecomp Enter - MemInfo: [/proc/meminfo - SSI]	CommittedPercent: 0.327169 %
20220312 053832.282 INFO             PET0 PIOc_freedecomp Enter - MemInfo: [/proc/self/status]	VmPeak:	  678240 kB
20220312 053832.282 INFO             PET0 PIOc_freedecomp Enter - MemInfo: [/proc/self/status]	VmSize:	  669528 kB
20220312 053832.282 INFO             PET0 PIOc_freedecomp Enter - MemInfo: [/proc/self/status]	VmLck:	       0 kB
20220312 053832.282 INFO             PET0 PIOc_freedecomp Enter - MemInfo: [/proc/self/status]	VmPin:	       0 kB
20220312 053832.282 INFO             PET0 PIOc_freedecomp Enter - MemInfo: [/proc/self/status]	VmHWM:	   71744 kB
20220312 053832.282 INFO             PET0 PIOc_freedecomp Enter - MemInfo: [/proc/self/status]	VmRSS:	   30592 kB
20220312 053832.282 INFO             PET0 PIOc_freedecomp Enter - MemInfo: [/proc/self/status]	VmData:	  186712 kB
20220312 053832.282 INFO             PET0 PIOc_freedecomp Enter - MemInfo: [/proc/self/status]	VmStk:	     144 kB
20220312 053832.282 INFO             PET0 PIOc_freedecomp Enter - MemInfo: [/proc/self/status]	VmExe:	     356 kB
20220312 053832.282 INFO             PET0 PIOc_freedecomp Enter - MemInfo: [/proc/self/status]	VmLib:	   83112 kB
20220312 053832.282 INFO             PET0 PIOc_freedecomp Enter - MemInfo: [/proc/self/status]	VmPTE:	     944 kB
20220312 053832.282 INFO             PET0 PIOc_freedecomp Enter - MemInfo: [/proc/self/status]	VmSwap:	       0 kB
20220312 053832.282 INFO             PET0 PIOc_freedecomp Enter - MemInfo: [/proc/self/status]	VmRSSPercent: 0.015573 %
20220312 053832.282 INFO             PET0 PIOc_freedecomp Enter - MemInfo: [malloc] Non-mmapped space allocated:                 3284992 Byte
20220312 053832.282 INFO             PET0 PIOc_freedecomp Enter - MemInfo: [malloc] Space allocated in mmapped regions:          1581056 Byte
20220312 053832.282 INFO             PET0 PIOc_freedecomp Enter - MemInfo: [malloc] Maximum total allocated space:                     0 Byte
20220312 053832.282 INFO             PET0 PIOc_freedecomp Enter - MemInfo: [malloc] Space in freed fastbin blocks:                  1952 Byte
20220312 053832.282 INFO             PET0 PIOc_freedecomp Enter - MemInfo: [malloc] Total allocated space:                       2676320 Byte
20220312 053832.282 INFO             PET0 PIOc_freedecomp Enter - MemInfo: [malloc] Total free space:                             608672 Byte
20220312 053832.282 INFO             PET0 PIOc_freedecomp Enter - MemInfo: [malloc] Top-most, releasable space:                   360288 Byte
20220312 053832.282 INFO             PET0 PIOc_freedecomp Enter - MemInfo: [malloc] Total space in use, mmap + non-mmap:         4257376 Byte
20220312 053832.282 INFO             PET0 PIOc_freedecomp Enter - MemInfo: [malloc] Total space held (mmap + non-mmap):          4866048 Byte
20220312 053832.282 INFO             PET0 PIOc_freedecomp Enter - MemInfo: [malloc] Total space used (mmap + non-mmap):          4266720 Byte
20220312 053832.282 INFO             PET0 PIOc_freedecomp Enter - MemInfo: Wall-clock time since execution start:              0.0183458 seconds
20220312 053832.282 INFO             PET0 PIOc_freedecomp Exit - MemInfo: [/proc/meminfo - SSI]	MemTotal:       196442820 kB
20220312 053832.282 INFO             PET0 PIOc_freedecomp Exit - MemInfo: [/proc/meminfo - SSI]	MemFree:        187001952 kB
20220312 053832.282 INFO             PET0 PIOc_freedecomp Exit - MemInfo: [/proc/meminfo - SSI]	MemAvailable:   191721700 kB
20220312 053832.282 INFO             PET0 PIOc_freedecomp Exit - MemInfo: [/proc/meminfo - SSI]	Committed_AS:     642700 kB
20220312 053832.283 INFO             PET0 PIOc_freedecomp Exit - MemInfo: [/proc/meminfo - SSI]	CommittedPercent: 0.327169 %
20220312 053832.283 INFO             PET0 PIOc_freedecomp Exit - MemInfo: [/proc/self/status]	VmPeak:	  678240 kB
20220312 053832.283 INFO             PET0 PIOc_freedecomp Exit - MemInfo: [/proc/self/status]	VmSize:	  669528 kB
20220312 053832.283 INFO             PET0 PIOc_freedecomp Exit - MemInfo: [/proc/self/status]	VmLck:	       0 kB
20220312 053832.283 INFO             PET0 PIOc_freedecomp Exit - MemInfo: [/proc/self/status]	VmPin:	       0 kB
20220312 053832.283 INFO             PET0 PIOc_freedecomp Exit - MemInfo: [/proc/self/status]	VmHWM:	   71744 kB
20220312 053832.283 INFO             PET0 PIOc_freedecomp Exit - MemInfo: [/proc/self/status]	VmRSS:	   30592 kB
20220312 053832.283 INFO             PET0 PIOc_freedecomp Exit - MemInfo: [/proc/self/status]	VmData:	  186712 kB
20220312 053832.283 INFO             PET0 PIOc_freedecomp Exit - MemInfo: [/proc/self/status]	VmStk:	     144 kB
20220312 053832.283 INFO             PET0 PIOc_freedecomp Exit - MemInfo: [/proc/self/status]	VmExe:	     356 kB
20220312 053832.283 INFO             PET0 PIOc_freedecomp Exit - MemInfo: [/proc/self/status]	VmLib:	   83112 kB
20220312 053832.283 INFO             PET0 PIOc_freedecomp Exit - MemInfo: [/proc/self/status]	VmPTE:	     944 kB
20220312 053832.283 INFO             PET0 PIOc_freedecomp Exit - MemInfo: [/proc/self/status]	VmSwap:	       0 kB
20220312 053832.283 INFO             PET0 PIOc_freedecomp Exit - MemInfo: [/proc/self/status]	VmRSSPercent: 0.015573 %
20220312 053832.283 INFO             PET0 PIOc_freedecomp Exit - MemInfo: [malloc] Non-mmapped space allocated:                 3284992 Byte
20220312 053832.283 INFO             PET0 PIOc_freedecomp Exit - MemInfo: [malloc] Space allocated in mmapped regions:          1581056 Byte
20220312 053832.283 INFO             PET0 PIOc_freedecomp Exit - MemInfo: [malloc] Maximum total allocated space:                     0 Byte
20220312 053832.283 INFO             PET0 PIOc_freedecomp Exit - MemInfo: [malloc] Space in freed fastbin blocks:                  2176 Byte
20220312 053832.283 INFO             PET0 PIOc_freedecomp Exit - MemInfo: [malloc] Total allocated space:                       2630624 Byte
20220312 053832.283 INFO             PET0 PIOc_freedecomp Exit - MemInfo: [malloc] Total free space:                             654368 Byte
20220312 053832.283 INFO             PET0 PIOc_freedecomp Exit - MemInfo: [malloc] Top-most, releasable space:                   360288 Byte
20220312 053832.283 INFO             PET0 PIOc_freedecomp Exit - MemInfo: [malloc] Total space in use, mmap + non-mmap:         4211680 Byte
20220312 053832.283 INFO             PET0 PIOc_freedecomp Exit - MemInfo: [malloc] Total space held (mmap + non-mmap):          4866048 Byte
20220312 053832.283 INFO             PET0 PIOc_freedecomp Exit - MemInfo: [malloc] Total space used (mmap + non-mmap):          4221024 Byte
20220312 053832.283 INFO             PET0 PIOc_freedecomp Exit - MemInfo: Wall-clock time since execution start:              0.0187012 seconds
20220312 053832.283 INFO             PET0  PASS  ArrayBundleWrite Single file Test, ESMF_ArrayBundleIOUTest.F90, line 167
20220312 053832.287 INFO             PET0 PIOc_sync Enter - MemInfo: [/proc/meminfo - SSI]	MemTotal:       196442820 kB
20220312 053832.287 INFO             PET0 PIOc_sync Enter - MemInfo: [/proc/meminfo - SSI]	MemFree:        186994692 kB
20220312 053832.287 INFO             PET0 PIOc_sync Enter - MemInfo: [/proc/meminfo - SSI]	MemAvailable:   191714440 kB
20220312 053832.287 INFO             PET0 PIOc_sync Enter - MemInfo: [/proc/meminfo - SSI]	Committed_AS:     650668 kB
20220312 053832.287 INFO             PET0 PIOc_sync Enter - MemInfo: [/proc/meminfo - SSI]	CommittedPercent: 0.331225 %
20220312 053832.287 INFO             PET0 PIOc_sync Enter - MemInfo: [/proc/self/status]	VmPeak:	  678240 kB
20220312 053832.287 INFO             PET0 PIOc_sync Enter - MemInfo: [/proc/self/status]	VmSize:	  678012 kB
20220312 053832.287 INFO             PET0 PIOc_sync Enter - MemInfo: [/proc/self/status]	VmLck:	       0 kB
20220312 053832.287 INFO             PET0 PIOc_sync Enter - MemInfo: [/proc/self/status]	VmPin:	       0 kB
20220312 053832.287 INFO             PET0 PIOc_sync Enter - MemInfo: [/proc/self/status]	VmHWM:	   71744 kB
20220312 053832.287 INFO             PET0 PIOc_sync Enter - MemInfo: [/proc/self/status]	VmRSS:	   39000 kB
20220312 053832.287 INFO             PET0 PIOc_sync Enter - MemInfo: [/proc/self/status]	VmData:	  195196 kB
20220312 053832.287 INFO             PET0 PIOc_sync Enter - MemInfo: [/proc/self/status]	VmStk:	     144 kB
20220312 053832.287 INFO             PET0 PIOc_sync Enter - MemInfo: [/proc/self/status]	VmExe:	     356 kB
20220312 053832.287 INFO             PET0 PIOc_sync Enter - MemInfo: [/proc/self/status]	VmLib:	   83112 kB
20220312 053832.287 INFO             PET0 PIOc_sync Enter - MemInfo: [/proc/self/status]	VmPTE:	     960 kB
20220312 053832.287 INFO             PET0 PIOc_sync Enter - MemInfo: [/proc/self/status]	VmSwap:	       0 kB
20220312 053832.287 INFO             PET0 PIOc_sync Enter - MemInfo: [/proc/self/status]	VmRSSPercent: 0.0198531 %
20220312 053832.287 INFO             PET0 PIOc_sync Enter - MemInfo: [malloc] Non-mmapped space allocated:                11972608 Byte
20220312 053832.287 INFO             PET0 PIOc_sync Enter - MemInfo: [malloc] Space allocated in mmapped regions:          1581056 Byte
20220312 053832.287 INFO             PET0 PIOc_sync Enter - MemInfo: [malloc] Maximum total allocated space:                     0 Byte
20220312 053832.287 INFO             PET0 PIOc_sync Enter - MemInfo: [malloc] Space in freed fastbin blocks:                  1056 Byte
20220312 053832.287 INFO             PET0 PIOc_sync Enter - MemInfo: [malloc] Total allocated space:                      11585920 Byte
20220312 053832.287 INFO             PET0 PIOc_sync Enter - MemInfo: [malloc] Total free space:                             386688 Byte
20220312 053832.287 INFO             PET0 PIOc_sync Enter - MemInfo: [malloc] Top-most, releasable space:                   134976 Byte
20220312 053832.287 INFO             PET0 PIOc_sync Enter - MemInfo: [malloc] Total space in use, mmap + non-mmap:        13166976 Byte
20220312 053832.288 INFO             PET0 PIOc_sync Enter - MemInfo: [malloc] Total space held (mmap + non-mmap):         13553664 Byte
20220312 053832.288 INFO             PET0 PIOc_sync Enter - MemInfo: [malloc] Total space used (mmap + non-mmap):         13176320 Byte
20220312 053832.288 INFO             PET0 PIOc_sync Enter - MemInfo: Wall-clock time since execution start:               0.023498 seconds
20220312 053832.288 INFO             PET0 PIOc_sync Exit - MemInfo: [/proc/meminfo - SSI]	MemTotal:       196442820 kB
20220312 053832.288 INFO             PET0 PIOc_sync Exit - MemInfo: [/proc/meminfo - SSI]	MemFree:        186994692 kB
20220312 053832.288 INFO             PET0 PIOc_sync Exit - MemInfo: [/proc/meminfo - SSI]	MemAvailable:   191714440 kB
20220312 053832.288 INFO             PET0 PIOc_sync Exit - MemInfo: [/proc/meminfo - SSI]	Committed_AS:     650668 kB
20220312 053832.288 INFO             PET0 PIOc_sync Exit - MemInfo: [/proc/meminfo - SSI]	CommittedPercent: 0.331225 %
20220312 053832.288 INFO             PET0 PIOc_sync Exit - MemInfo: [/proc/self/status]	VmPeak:	  678240 kB
20220312 053832.288 INFO             PET0 PIOc_sync Exit - MemInfo: [/proc/self/status]	VmSize:	  678160 kB
20220312 053832.288 INFO             PET0 PIOc_sync Exit - MemInfo: [/proc/self/status]	VmLck:	       0 kB
20220312 053832.288 INFO             PET0 PIOc_sync Exit - MemInfo: [/proc/self/status]	VmPin:	       0 kB
20220312 053832.288 INFO             PET0 PIOc_sync Exit - MemInfo: [/proc/self/status]	VmHWM:	   71744 kB
20220312 053832.288 INFO             PET0 PIOc_sync Exit - MemInfo: [/proc/self/status]	VmRSS:	   39160 kB
20220312 053832.288 INFO             PET0 PIOc_sync Exit - MemInfo: [/proc/self/status]	VmData:	  195344 kB
20220312 053832.288 INFO             PET0 PIOc_sync Exit - MemInfo: [/proc/self/status]	VmStk:	     144 kB
20220312 053832.288 INFO             PET0 PIOc_sync Exit - MemInfo: [/proc/self/status]	VmExe:	     356 kB
20220312 053832.288 INFO             PET0 PIOc_sync Exit - MemInfo: [/proc/self/status]	VmLib:	   83112 kB
20220312 053832.288 INFO             PET0 PIOc_sync Exit - MemInfo: [/proc/self/status]	VmPTE:	     960 kB
20220312 053832.288 INFO             PET0 PIOc_sync Exit - MemInfo: [/proc/self/status]	VmSwap:	       0 kB
20220312 053832.288 INFO             PET0 PIOc_sync Exit - MemInfo: [/proc/self/status]	VmRSSPercent: 0.0199346 %
20220312 053832.288 INFO             PET0 PIOc_sync Exit - MemInfo: [malloc] Non-mmapped space allocated:                12124160 Byte
20220312 053832.288 INFO             PET0 PIOc_sync Exit - MemInfo: [malloc] Space allocated in mmapped regions:          1581056 Byte
20220312 053832.288 INFO             PET0 PIOc_sync Exit - MemInfo: [malloc] Maximum total allocated space:                     0 Byte
20220312 053832.288 INFO             PET0 PIOc_sync Exit - MemInfo: [malloc] Space in freed fastbin blocks:                  1200 Byte
20220312 053832.288 INFO             PET0 PIOc_sync Exit - MemInfo: [malloc] Total allocated space:                      11778080 Byte
20220312 053832.288 INFO             PET0 PIOc_sync Exit - MemInfo: [malloc] Total free space:                             346080 Byte
20220312 053832.288 INFO             PET0 PIOc_sync Exit - MemInfo: [malloc] Top-most, releasable space:                   130048 Byte
20220312 053832.288 INFO             PET0 PIOc_sync Exit - MemInfo: [malloc] Total space in use, mmap + non-mmap:        13359136 Byte
20220312 053832.288 INFO             PET0 PIOc_sync Exit - MemInfo: [malloc] Total space held (mmap + non-mmap):         13705216 Byte
20220312 053832.288 INFO             PET0 PIOc_sync Exit - MemInfo: [malloc] Total space used (mmap + non-mmap):         13368480 Byte
20220312 053832.288 INFO             PET0 PIOc_sync Exit - MemInfo: Wall-clock time since execution start:              0.0243804 seconds
20220312 053832.289 INFO             PET0 PIOc_freedecomp Enter - MemInfo: [/proc/meminfo - SSI]	MemTotal:       196442820 kB
20220312 053832.289 INFO             PET0 PIOc_freedecomp Enter - MemInfo: [/proc/meminfo - SSI]	MemFree:        186994692 kB
20220312 053832.289 INFO             PET0 PIOc_freedecomp Enter - MemInfo: [/proc/meminfo - SSI]	MemAvailable:   191714440 kB
20220312 053832.289 INFO             PET0 PIOc_freedecomp Enter - MemInfo: [/proc/meminfo - SSI]	Committed_AS:     650668 kB
20220312 053832.289 INFO             PET0 PIOc_freedecomp Enter - MemInfo: [/proc/meminfo - SSI]	CommittedPercent: 0.331225 %
20220312 053832.289 INFO             PET0 PIOc_freedecomp Enter - MemInfo: [/proc/self/status]	VmPeak:	  678240 kB
20220312 053832.289 INFO             PET0 PIOc_freedecomp Enter - MemInfo: [/proc/self/status]	VmSize:	  678160 kB
20220312 053832.289 INFO             PET0 PIOc_freedecomp Enter - MemInfo: [/proc/self/status]	VmLck:	       0 kB
20220312 053832.289 INFO             PET0 PIOc_freedecomp Enter - MemInfo: [/proc/self/status]	VmPin:	       0 kB
20220312 053832.289 INFO             PET0 PIOc_freedecomp Enter - MemInfo: [/proc/self/status]	VmHWM:	   71744 kB
20220312 053832.289 INFO             PET0 PIOc_freedecomp Enter - MemInfo: [/proc/self/status]	VmRSS:	   39160 kB
20220312 053832.289 INFO             PET0 PIOc_freedecomp Enter - MemInfo: [/proc/self/status]	VmData:	  195344 kB
20220312 053832.289 INFO             PET0 PIOc_freedecomp Enter - MemInfo: [/proc/self/status]	VmStk:	     144 kB
20220312 053832.289 INFO             PET0 PIOc_freedecomp Enter - MemInfo: [/proc/self/status]	VmExe:	     356 kB
20220312 053832.289 INFO             PET0 PIOc_freedecomp Enter - MemInfo: [/proc/self/status]	VmLib:	   83112 kB
20220312 053832.289 INFO             PET0 PIOc_freedecomp Enter - MemInfo: [/proc/self/status]	VmPTE:	     960 kB
20220312 053832.289 INFO             PET0 PIOc_freedecomp Enter - MemInfo: [/proc/self/status]	VmSwap:	       0 kB
20220312 053832.289 INFO             PET0 PIOc_freedecomp Enter - MemInfo: [/proc/self/status]	VmRSSPercent: 0.0199346 %
20220312 053832.289 INFO             PET0 PIOc_freedecomp Enter - MemInfo: [malloc] Non-mmapped space allocated:                12124160 Byte
20220312 053832.289 INFO             PET0 PIOc_freedecomp Enter - MemInfo: [malloc] Space allocated in mmapped regions:          1581056 Byte
20220312 053832.289 INFO             PET0 PIOc_freedecomp Enter - MemInfo: [malloc] Maximum total allocated space:                     0 Byte
20220312 053832.289 INFO             PET0 PIOc_freedecomp Enter - MemInfo: [malloc] Space in freed fastbin blocks:                  1152 Byte
20220312 053832.289 INFO             PET0 PIOc_freedecomp Enter - MemInfo: [malloc] Total allocated space:                       2850256 Byte
20220312 053832.289 INFO             PET0 PIOc_freedecomp Enter - MemInfo: [malloc] Total free space:                            9273904 Byte
20220312 053832.289 INFO             PET0 PIOc_freedecomp Enter - MemInfo: [malloc] Top-most, releasable space:                   130048 Byte
20220312 053832.289 INFO             PET0 PIOc_freedecomp Enter - MemInfo: [malloc] Total space in use, mmap + non-mmap:         4431312 Byte
20220312 053832.289 INFO             PET0 PIOc_freedecomp Enter - MemInfo: [malloc] Total space held (mmap + non-mmap):         13705216 Byte
20220312 053832.289 INFO             PET0 PIOc_freedecomp Enter - MemInfo: [malloc] Total space used (mmap + non-mmap):          4440656 Byte
20220312 053832.289 INFO             PET0 PIOc_freedecomp Enter - MemInfo: Wall-clock time since execution start:              0.0251891 seconds
20220312 053832.289 INFO             PET0 PIOc_freedecomp Exit - MemInfo: [/proc/meminfo - SSI]	MemTotal:       196442820 kB
20220312 053832.289 INFO             PET0 PIOc_freedecomp Exit - MemInfo: [/proc/meminfo - SSI]	MemFree:        186994692 kB
20220312 053832.289 INFO             PET0 PIOc_freedecomp Exit - MemInfo: [/proc/meminfo - SSI]	MemAvailable:   191714440 kB
20220312 053832.289 INFO             PET0 PIOc_freedecomp Exit - MemInfo: [/proc/meminfo - SSI]	Committed_AS:     650668 kB
20220312 053832.289 INFO             PET0 PIOc_freedecomp Exit - MemInfo: [/proc/meminfo - SSI]	CommittedPercent: 0.331225 %
20220312 053832.289 INFO             PET0 PIOc_freedecomp Exit - MemInfo: [/proc/self/status]	VmPeak:	  678240 kB
20220312 053832.289 INFO             PET0 PIOc_freedecomp Exit - MemInfo: [/proc/self/status]	VmSize:	  678160 kB
20220312 053832.289 INFO             PET0 PIOc_freedecomp Exit - MemInfo: [/proc/self/status]	VmLck:	       0 kB
20220312 053832.289 INFO             PET0 PIOc_freedecomp Exit - MemInfo: [/proc/self/status]	VmPin:	       0 kB
20220312 053832.289 INFO             PET0 PIOc_freedecomp Exit - MemInfo: [/proc/self/status]	VmHWM:	   71744 kB
20220312 053832.289 INFO             PET0 PIOc_freedecomp Exit - MemInfo: [/proc/self/status]	VmRSS:	   39160 kB
20220312 053832.289 INFO             PET0 PIOc_freedecomp Exit - MemInfo: [/proc/self/status]	VmData:	  195344 kB
20220312 053832.289 INFO             PET0 PIOc_freedecomp Exit - MemInfo: [/proc/self/status]	VmStk:	     144 kB
20220312 053832.289 INFO             PET0 PIOc_freedecomp Exit - MemInfo: [/proc/self/status]	VmExe:	     356 kB
20220312 053832.289 INFO             PET0 PIOc_freedecomp Exit - MemInfo: [/proc/self/status]	VmLib:	   83112 kB
20220312 053832.289 INFO             PET0 PIOc_freedecomp Exit - MemInfo: [/proc/self/status]	VmPTE:	     960 kB
20220312 053832.289 INFO             PET0 PIOc_freedecomp Exit - MemInfo: [/proc/self/status]	VmSwap:	       0 kB
20220312 053832.289 INFO             PET0 PIOc_freedecomp Exit - MemInfo: [/proc/self/status]	VmRSSPercent: 0.0199346 %
20220312 053832.289 INFO             PET0 PIOc_freedecomp Exit - MemInfo: [malloc] Non-mmapped space allocated:                12124160 Byte
20220312 053832.289 INFO             PET0 PIOc_freedecomp Exit - MemInfo: [malloc] Space allocated in mmapped regions:          1581056 Byte
20220312 053832.290 INFO             PET0 PIOc_freedecomp Exit - MemInfo: [malloc] Maximum total allocated space:                     0 Byte
20220312 053832.290 INFO             PET0 PIOc_freedecomp Exit - MemInfo: [malloc] Space in freed fastbin blocks:                  1376 Byte
20220312 053832.290 INFO             PET0 PIOc_freedecomp Exit - MemInfo: [malloc] Total allocated space:                       2721648 Byte
20220312 053832.290 INFO             PET0 PIOc_freedecomp Exit - MemInfo: [malloc] Total free space:                            9402512 Byte
20220312 053832.290 INFO             PET0 PIOc_freedecomp Exit - MemInfo: [malloc] Top-most, releasable space:                   253216 Byte
20220312 053832.290 INFO             PET0 PIOc_freedecomp Exit - MemInfo: [malloc] Total space in use, mmap + non-mmap:         4302704 Byte
20220312 053832.290 INFO             PET0 PIOc_freedecomp Exit - MemInfo: [malloc] Total space held (mmap + non-mmap):         13705216 Byte
20220312 053832.290 INFO             PET0 PIOc_freedecomp Exit - MemInfo: [malloc] Total space used (mmap + non-mmap):          4312048 Byte
20220312 053832.290 INFO             PET0 PIOc_freedecomp Exit - MemInfo: Wall-clock time since execution start:              0.0255585 seconds
20220312 053832.290 INFO             PET0 PIOc_freedecomp Enter - MemInfo: [/proc/meminfo - SSI]	MemTotal:       196442820 kB
20220312 053832.290 INFO             PET0 PIOc_freedecomp Enter - MemInfo: [/proc/meminfo - SSI]	MemFree:        186994692 kB
20220312 053832.290 INFO             PET0 PIOc_freedecomp Enter - MemInfo: [/proc/meminfo - SSI]	MemAvailable:   191714440 kB
20220312 053832.290 INFO             PET0 PIOc_freedecomp Enter - MemInfo: [/proc/meminfo - SSI]	Committed_AS:     650668 kB
20220312 053832.290 INFO             PET0 PIOc_freedecomp Enter - MemInfo: [/proc/meminfo - SSI]	CommittedPercent: 0.331225 %
20220312 053832.290 INFO             PET0 PIOc_freedecomp Enter - MemInfo: [/proc/self/status]	VmPeak:	  678240 kB
20220312 053832.290 INFO             PET0 PIOc_freedecomp Enter - MemInfo: [/proc/self/status]	VmSize:	  678160 kB
20220312 053832.290 INFO             PET0 PIOc_freedecomp Enter - MemInfo: [/proc/self/status]	VmLck:	       0 kB
20220312 053832.290 INFO             PET0 PIOc_freedecomp Enter - MemInfo: [/proc/self/status]	VmPin:	       0 kB
20220312 053832.290 INFO             PET0 PIOc_freedecomp Enter - MemInfo: [/proc/self/status]	VmHWM:	   71744 kB
20220312 053832.290 INFO             PET0 PIOc_freedecomp Enter - MemInfo: [/proc/self/status]	VmRSS:	   39160 kB
20220312 053832.290 INFO             PET0 PIOc_freedecomp Enter - MemInfo: [/proc/self/status]	VmData:	  195344 kB
20220312 053832.290 INFO             PET0 PIOc_freedecomp Enter - MemInfo: [/proc/self/status]	VmStk:	     144 kB
20220312 053832.290 INFO             PET0 PIOc_freedecomp Enter - MemInfo: [/proc/self/status]	VmExe:	     356 kB
20220312 053832.290 INFO             PET0 PIOc_freedecomp Enter - MemInfo: [/proc/self/status]	VmLib:	   83112 kB
20220312 053832.290 INFO             PET0 PIOc_freedecomp Enter - MemInfo: [/proc/self/status]	VmPTE:	     960 kB
20220312 053832.290 INFO             PET0 PIOc_freedecomp Enter - MemInfo: [/proc/self/status]	VmSwap:	       0 kB
20220312 053832.290 INFO             PET0 PIOc_freedecomp Enter - MemInfo: [/proc/self/status]	VmRSSPercent: 0.0199346 %
20220312 053832.290 INFO             PET0 PIOc_freedecomp Enter - MemInfo: [malloc] Non-mmapped space allocated:                12124160 Byte
20220312 053832.290 INFO             PET0 PIOc_freedecomp Enter - MemInfo: [malloc] Space allocated in mmapped regions:          1581056 Byte
20220312 053832.290 INFO             PET0 PIOc_freedecomp Enter - MemInfo: [malloc] Maximum total allocated space:                     0 Byte
20220312 053832.290 INFO             PET0 PIOc_freedecomp Enter - MemInfo: [malloc] Space in freed fastbin blocks:                  1952 Byte
20220312 053832.290 INFO             PET0 PIOc_freedecomp Enter - MemInfo: [malloc] Total allocated space:                       2721520 Byte
20220312 053832.290 INFO             PET0 PIOc_freedecomp Enter - MemInfo: [malloc] Total free space:                            9402640 Byte
20220312 053832.290 INFO             PET0 PIOc_freedecomp Enter - MemInfo: [malloc] Top-most, releasable space:                   253216 Byte
20220312 053832.290 INFO             PET0 PIOc_freedecomp Enter - MemInfo: [malloc] Total space in use, mmap + non-mmap:         4302576 Byte
20220312 053832.290 INFO             PET0 PIOc_freedecomp Enter - MemInfo: [malloc] Total space held (mmap + non-mmap):         13705216 Byte
20220312 053832.290 INFO             PET0 PIOc_freedecomp Enter - MemInfo: [malloc] Total space used (mmap + non-mmap):          4311920 Byte
20220312 053832.290 INFO             PET0 PIOc_freedecomp Enter - MemInfo: Wall-clock time since execution start:              0.0259157 seconds
20220312 053832.290 INFO             PET0 PIOc_freedecomp Exit - MemInfo: [/proc/meminfo - SSI]	MemTotal:       196442820 kB
20220312 053832.290 INFO             PET0 PIOc_freedecomp Exit - MemInfo: [/proc/meminfo - SSI]	MemFree:        186994692 kB
20220312 053832.290 INFO             PET0 PIOc_freedecomp Exit - MemInfo: [/proc/meminfo - SSI]	MemAvailable:   191714440 kB
20220312 053832.290 INFO             PET0 PIOc_freedecomp Exit - MemInfo: [/proc/meminfo - SSI]	Committed_AS:     650668 kB
20220312 053832.290 INFO             PET0 PIOc_freedecomp Exit - MemInfo: [/proc/meminfo - SSI]	CommittedPercent: 0.331225 %
20220312 053832.290 INFO             PET0 PIOc_freedecomp Exit - MemInfo: [/proc/self/status]	VmPeak:	  678240 kB
20220312 053832.290 INFO             PET0 PIOc_freedecomp Exit - MemInfo: [/proc/self/status]	VmSize:	  678160 kB
20220312 053832.290 INFO             PET0 PIOc_freedecomp Exit - MemInfo: [/proc/self/status]	VmLck:	       0 kB
20220312 053832.290 INFO             PET0 PIOc_freedecomp Exit - MemInfo: [/proc/self/status]	VmPin:	       0 kB
20220312 053832.290 INFO             PET0 PIOc_freedecomp Exit - MemInfo: [/proc/self/status]	VmHWM:	   71744 kB
20220312 053832.290 INFO             PET0 PIOc_freedecomp Exit - MemInfo: [/proc/self/status]	VmRSS:	   39160 kB
20220312 053832.290 INFO             PET0 PIOc_freedecomp Exit - MemInfo: [/proc/self/status]	VmData:	  195344 kB
20220312 053832.290 INFO             PET0 PIOc_freedecomp Exit - MemInfo: [/proc/self/status]	VmStk:	     144 kB
20220312 053832.290 INFO             PET0 PIOc_freedecomp Exit - MemInfo: [/proc/self/status]	VmExe:	     356 kB
20220312 053832.290 INFO             PET0 PIOc_freedecomp Exit - MemInfo: [/proc/self/status]	VmLib:	   83112 kB
20220312 053832.290 INFO             PET0 PIOc_freedecomp Exit - MemInfo: [/proc/self/status]	VmPTE:	     960 kB
20220312 053832.290 INFO             PET0 PIOc_freedecomp Exit - MemInfo: [/proc/self/status]	VmSwap:	       0 kB
20220312 053832.290 INFO             PET0 PIOc_freedecomp Exit - MemInfo: [/proc/self/status]	VmRSSPercent: 0.0199346 %
20220312 053832.290 INFO             PET0 PIOc_freedecomp Exit - MemInfo: [malloc] Non-mmapped space allocated:                12124160 Byte
20220312 053832.290 INFO             PET0 PIOc_freedecomp Exit - MemInfo: [malloc] Space allocated in mmapped regions:          1581056 Byte
20220312 053832.290 INFO             PET0 PIOc_freedecomp Exit - MemInfo: [malloc] Maximum total allocated space:                     0 Byte
20220312 053832.290 INFO             PET0 PIOc_freedecomp Exit - MemInfo: [malloc] Space in freed fastbin blocks:                  1664 Byte
20220312 053832.290 INFO             PET0 PIOc_freedecomp Exit - MemInfo: [malloc] Total allocated space:                       2676400 Byte
20220312 053832.290 INFO             PET0 PIOc_freedecomp Exit - MemInfo: [malloc] Total free space:                            9447760 Byte
20220312 053832.290 INFO             PET0 PIOc_freedecomp Exit - MemInfo: [malloc] Top-most, releasable space:                  9199456 Byte
20220312 053832.290 INFO             PET0 PIOc_freedecomp Exit - MemInfo: [malloc] Total space in use, mmap + non-mmap:         4257456 Byte
20220312 053832.290 INFO             PET0 PIOc_freedecomp Exit - MemInfo: [malloc] Total space held (mmap + non-mmap):         13705216 Byte
20220312 053832.290 INFO             PET0 PIOc_freedecomp Exit - MemInfo: [malloc] Total space used (mmap + non-mmap):          4266800 Byte
20220312 053832.290 INFO             PET0 PIOc_freedecomp Exit - MemInfo: Wall-clock time since execution start:              0.0262799 seconds
20220312 053832.290 INFO             PET0 PIOc_freedecomp Enter - MemInfo: [/proc/meminfo - SSI]	MemTotal:       196442820 kB
20220312 053832.290 INFO             PET0 PIOc_freedecomp Enter - MemInfo: [/proc/meminfo - SSI]	MemFree:        186994692 kB
20220312 053832.290 INFO             PET0 PIOc_freedecomp Enter - MemInfo: [/proc/meminfo - SSI]	MemAvailable:   191714440 kB
20220312 053832.290 INFO             PET0 PIOc_freedecomp Enter - MemInfo: [/proc/meminfo - SSI]	Committed_AS:     650668 kB
20220312 053832.290 INFO             PET0 PIOc_freedecomp Enter - MemInfo: [/proc/meminfo - SSI]	CommittedPercent: 0.331225 %
20220312 053832.290 INFO             PET0 PIOc_freedecomp Enter - MemInfo: [/proc/self/status]	VmPeak:	  678240 kB
20220312 053832.290 INFO             PET0 PIOc_freedecomp Enter - MemInfo: [/proc/self/status]	VmSize:	  678160 kB
20220312 053832.290 INFO             PET0 PIOc_freedecomp Enter - MemInfo: [/proc/self/status]	VmLck:	       0 kB
20220312 053832.291 INFO             PET0 PIOc_freedecomp Enter - MemInfo: [/proc/self/status]	VmPin:	       0 kB
20220312 053832.291 INFO             PET0 PIOc_freedecomp Enter - MemInfo: [/proc/self/status]	VmHWM:	   71744 kB
20220312 053832.291 INFO             PET0 PIOc_freedecomp Enter - MemInfo: [/proc/self/status]	VmRSS:	   39160 kB
20220312 053832.291 INFO             PET0 PIOc_freedecomp Enter - MemInfo: [/proc/self/status]	VmData:	  195344 kB
20220312 053832.291 INFO             PET0 PIOc_freedecomp Enter - MemInfo: [/proc/self/status]	VmStk:	     144 kB
20220312 053832.291 INFO             PET0 PIOc_freedecomp Enter - MemInfo: [/proc/self/status]	VmExe:	     356 kB
20220312 053832.291 INFO             PET0 PIOc_freedecomp Enter - MemInfo: [/proc/self/status]	VmLib:	   83112 kB
20220312 053832.291 INFO             PET0 PIOc_freedecomp Enter - MemInfo: [/proc/self/status]	VmPTE:	     960 kB
20220312 053832.291 INFO             PET0 PIOc_freedecomp Enter - MemInfo: [/proc/self/status]	VmSwap:	       0 kB
20220312 053832.291 INFO             PET0 PIOc_freedecomp Enter - MemInfo: [/proc/self/status]	VmRSSPercent: 0.0199346 %
20220312 053832.291 INFO             PET0 PIOc_freedecomp Enter - MemInfo: [malloc] Non-mmapped space allocated:                12124160 Byte
20220312 053832.291 INFO             PET0 PIOc_freedecomp Enter - MemInfo: [malloc] Space allocated in mmapped regions:          1581056 Byte
20220312 053832.291 INFO             PET0 PIOc_freedecomp Enter - MemInfo: [malloc] Maximum total allocated space:                     0 Byte
20220312 053832.291 INFO             PET0 PIOc_freedecomp Enter - MemInfo: [malloc] Space in freed fastbin blocks:                  1856 Byte
20220312 053832.291 INFO             PET0 PIOc_freedecomp Enter - MemInfo: [malloc] Total allocated space:                       2676272 Byte
20220312 053832.291 INFO             PET0 PIOc_freedecomp Enter - MemInfo: [malloc] Total free space:                            9447888 Byte
20220312 053832.291 INFO             PET0 PIOc_freedecomp Enter - MemInfo: [malloc] Top-most, releasable space:                  9199456 Byte
20220312 053832.291 INFO             PET0 PIOc_freedecomp Enter - MemInfo: [malloc] Total space in use, mmap + non-mmap:         4257328 Byte
20220312 053832.291 INFO             PET0 PIOc_freedecomp Enter - MemInfo: [malloc] Total space held (mmap + non-mmap):         13705216 Byte
20220312 053832.291 INFO             PET0 PIOc_freedecomp Enter - MemInfo: [malloc] Total space used (mmap + non-mmap):          4266672 Byte
20220312 053832.291 INFO             PET0 PIOc_freedecomp Enter - MemInfo: Wall-clock time since execution start:              0.0266131 seconds
20220312 053832.291 INFO             PET0 PIOc_freedecomp Exit - MemInfo: [/proc/meminfo - SSI]	MemTotal:       196442820 kB
20220312 053832.291 INFO             PET0 PIOc_freedecomp Exit - MemInfo: [/proc/meminfo - SSI]	MemFree:        186994692 kB
20220312 053832.291 INFO             PET0 PIOc_freedecomp Exit - MemInfo: [/proc/meminfo - SSI]	MemAvailable:   191714440 kB
20220312 053832.291 INFO             PET0 PIOc_freedecomp Exit - MemInfo: [/proc/meminfo - SSI]	Committed_AS:     650668 kB
20220312 053832.291 INFO             PET0 PIOc_freedecomp Exit - MemInfo: [/proc/meminfo - SSI]	CommittedPercent: 0.331225 %
20220312 053832.291 INFO             PET0 PIOc_freedecomp Exit - MemInfo: [/proc/self/status]	VmPeak:	  678240 kB
20220312 053832.291 INFO             PET0 PIOc_freedecomp Exit - MemInfo: [/proc/self/status]	VmSize:	  678160 kB
20220312 053832.291 INFO             PET0 PIOc_freedecomp Exit - MemInfo: [/proc/self/status]	VmLck:	       0 kB
20220312 053832.291 INFO             PET0 PIOc_freedecomp Exit - MemInfo: [/proc/self/status]	VmPin:	       0 kB
20220312 053832.291 INFO             PET0 PIOc_freedecomp Exit - MemInfo: [/proc/self/status]	VmHWM:	   71744 kB
20220312 053832.291 INFO             PET0 PIOc_freedecomp Exit - MemInfo: [/proc/self/status]	VmRSS:	   39160 kB
20220312 053832.291 INFO             PET0 PIOc_freedecomp Exit - MemInfo: [/proc/self/status]	VmData:	  195344 kB
20220312 053832.291 INFO             PET0 PIOc_freedecomp Exit - MemInfo: [/proc/self/status]	VmStk:	     144 kB
20220312 053832.291 INFO             PET0 PIOc_freedecomp Exit - MemInfo: [/proc/self/status]	VmExe:	     356 kB
20220312 053832.291 INFO             PET0 PIOc_freedecomp Exit - MemInfo: [/proc/self/status]	VmLib:	   83112 kB
20220312 053832.291 INFO             PET0 PIOc_freedecomp Exit - MemInfo: [/proc/self/status]	VmPTE:	     960 kB
20220312 053832.291 INFO             PET0 PIOc_freedecomp Exit - MemInfo: [/proc/self/status]	VmSwap:	       0 kB
20220312 053832.291 INFO             PET0 PIOc_freedecomp Exit - MemInfo: [/proc/self/status]	VmRSSPercent: 0.0199346 %
20220312 053832.291 INFO             PET0 PIOc_freedecomp Exit - MemInfo: [malloc] Non-mmapped space allocated:                12124160 Byte
20220312 053832.291 INFO             PET0 PIOc_freedecomp Exit - MemInfo: [malloc] Space allocated in mmapped regions:          1581056 Byte
20220312 053832.291 INFO             PET0 PIOc_freedecomp Exit - MemInfo: [malloc] Maximum total allocated space:                     0 Byte
20220312 053832.291 INFO             PET0 PIOc_freedecomp Exit - MemInfo: [malloc] Space in freed fastbin blocks:                  2176 Byte
20220312 053832.291 INFO             PET0 PIOc_freedecomp Exit - MemInfo: [malloc] Total allocated space:                       2630576 Byte
20220312 053832.291 INFO             PET0 PIOc_freedecomp Exit - MemInfo: [malloc] Total free space:                            9493584 Byte
20220312 053832.291 INFO             PET0 PIOc_freedecomp Exit - MemInfo: [malloc] Top-most, releasable space:                  9199456 Byte
20220312 053832.291 INFO             PET0 PIOc_freedecomp Exit - MemInfo: [malloc] Total space in use, mmap + non-mmap:         4211632 Byte
20220312 053832.291 INFO             PET0 PIOc_freedecomp Exit - MemInfo: [malloc] Total space held (mmap + non-mmap):         13705216 Byte
20220312 053832.291 INFO             PET0 PIOc_freedecomp Exit - MemInfo: [malloc] Total space used (mmap + non-mmap):          4220976 Byte
20220312 053832.291 INFO             PET0 PIOc_freedecomp Exit - MemInfo: Wall-clock time since execution start:              0.0269664 seconds
20220312 053832.291 INFO             PET0  PASS  ArrayBundleWrite Single file with timeslice Test, ESMF_ArrayBundleIOUTest.F90, line 180
20220312 053832.293 INFO             PET0 PIOc_sync Enter - MemInfo: [/proc/meminfo - SSI]	MemTotal:       196442820 kB
20220312 053832.293 INFO             PET0 PIOc_sync Enter - MemInfo: [/proc/meminfo - SSI]	MemFree:        186994180 kB
20220312 053832.293 INFO             PET0 PIOc_sync Enter - MemInfo: [/proc/meminfo - SSI]	MemAvailable:   191713928 kB
20220312 053832.293 INFO             PET0 PIOc_sync Enter - MemInfo: [/proc/meminfo - SSI]	Committed_AS:     650668 kB
20220312 053832.293 INFO             PET0 PIOc_sync Enter - MemInfo: [/proc/meminfo - SSI]	CommittedPercent: 0.331225 %
20220312 053832.293 INFO             PET0 PIOc_sync Enter - MemInfo: [/proc/self/status]	VmPeak:	  678240 kB
20220312 053832.293 INFO             PET0 PIOc_sync Enter - MemInfo: [/proc/self/status]	VmSize:	  678160 kB
20220312 053832.293 INFO             PET0 PIOc_sync Enter - MemInfo: [/proc/self/status]	VmLck:	       0 kB
20220312 053832.293 INFO             PET0 PIOc_sync Enter - MemInfo: [/proc/self/status]	VmPin:	       0 kB
20220312 053832.293 INFO             PET0 PIOc_sync Enter - MemInfo: [/proc/self/status]	VmHWM:	   71744 kB
20220312 053832.293 INFO             PET0 PIOc_sync Enter - MemInfo: [/proc/self/status]	VmRSS:	   39324 kB
20220312 053832.293 INFO             PET0 PIOc_sync Enter - MemInfo: [/proc/self/status]	VmData:	  195344 kB
20220312 053832.293 INFO             PET0 PIOc_sync Enter - MemInfo: [/proc/self/status]	VmStk:	     144 kB
20220312 053832.293 INFO             PET0 PIOc_sync Enter - MemInfo: [/proc/self/status]	VmExe:	     356 kB
20220312 053832.293 INFO             PET0 PIOc_sync Enter - MemInfo: [/proc/self/status]	VmLib:	   83112 kB
20220312 053832.293 INFO             PET0 PIOc_sync Enter - MemInfo: [/proc/self/status]	VmPTE:	     960 kB
20220312 053832.294 INFO             PET0 PIOc_sync Enter - MemInfo: [/proc/self/status]	VmSwap:	       0 kB
20220312 053832.294 INFO             PET0 PIOc_sync Enter - MemInfo: [/proc/self/status]	VmRSSPercent: 0.020018 %
20220312 053832.294 INFO             PET0 PIOc_sync Enter - MemInfo: [malloc] Non-mmapped space allocated:                12124160 Byte
20220312 053832.294 INFO             PET0 PIOc_sync Enter - MemInfo: [malloc] Space allocated in mmapped regions:          1581056 Byte
20220312 053832.294 INFO             PET0 PIOc_sync Enter - MemInfo: [malloc] Maximum total allocated space:                     0 Byte
20220312 053832.294 INFO             PET0 PIOc_sync Enter - MemInfo: [malloc] Space in freed fastbin blocks:                  1072 Byte
20220312 053832.294 INFO             PET0 PIOc_sync Enter - MemInfo: [malloc] Total allocated space:                      11563456 Byte
20220312 053832.294 INFO             PET0 PIOc_sync Enter - MemInfo: [malloc] Total free space:                             560704 Byte
20220312 053832.294 INFO             PET0 PIOc_sync Enter - MemInfo: [malloc] Top-most, releasable space:                   286528 Byte
20220312 053832.294 INFO             PET0 PIOc_sync Enter - MemInfo: [malloc] Total space in use, mmap + non-mmap:        13144512 Byte
20220312 053832.294 INFO             PET0 PIOc_sync Enter - MemInfo: [malloc] Total space held (mmap + non-mmap):         13705216 Byte
20220312 053832.294 INFO             PET0 PIOc_sync Enter - MemInfo: [malloc] Total space used (mmap + non-mmap):         13153856 Byte
20220312 053832.294 INFO             PET0 PIOc_sync Enter - MemInfo: Wall-clock time since execution start:              0.0295775 seconds
20220312 053832.294 INFO             PET0 PIOc_sync Exit - MemInfo: [/proc/meminfo - SSI]	MemTotal:       196442820 kB
20220312 053832.294 INFO             PET0 PIOc_sync Exit - MemInfo: [/proc/meminfo - SSI]	MemFree:        186994180 kB
20220312 053832.294 INFO             PET0 PIOc_sync Exit - MemInfo: [/proc/meminfo - SSI]	MemAvailable:   191713928 kB
20220312 053832.294 INFO             PET0 PIOc_sync Exit - MemInfo: [/proc/meminfo - SSI]	Committed_AS:     650668 kB
20220312 053832.294 INFO             PET0 PIOc_sync Exit - MemInfo: [/proc/meminfo - SSI]	CommittedPercent: 0.331225 %
20220312 053832.294 INFO             PET0 PIOc_sync Exit - MemInfo: [/proc/self/status]	VmPeak:	  678240 kB
20220312 053832.294 INFO             PET0 PIOc_sync Exit - MemInfo: [/proc/self/status]	VmSize:	  678160 kB
20220312 053832.294 INFO             PET0 PIOc_sync Exit - MemInfo: [/proc/self/status]	VmLck:	       0 kB
20220312 053832.294 INFO             PET0 PIOc_sync Exit - MemInfo: [/proc/self/status]	VmPin:	       0 kB
20220312 053832.294 INFO             PET0 PIOc_sync Exit - MemInfo: [/proc/self/status]	VmHWM:	   71744 kB
20220312 053832.294 INFO             PET0 PIOc_sync Exit - MemInfo: [/proc/self/status]	VmRSS:	   39324 kB
20220312 053832.294 INFO             PET0 PIOc_sync Exit - MemInfo: [/proc/self/status]	VmData:	  195344 kB
20220312 053832.294 INFO             PET0 PIOc_sync Exit - MemInfo: [/proc/self/status]	VmStk:	     144 kB
20220312 053832.294 INFO             PET0 PIOc_sync Exit - MemInfo: [/proc/self/status]	VmExe:	     356 kB
20220312 053832.294 INFO             PET0 PIOc_sync Exit - MemInfo: [/proc/self/status]	VmLib:	   83112 kB
20220312 053832.294 INFO             PET0 PIOc_sync Exit - MemInfo: [/proc/self/status]	VmPTE:	     960 kB
20220312 053832.294 INFO             PET0 PIOc_sync Exit - MemInfo: [/proc/self/status]	VmSwap:	       0 kB
20220312 053832.294 INFO             PET0 PIOc_sync Exit - MemInfo: [/proc/self/status]	VmRSSPercent: 0.020018 %
20220312 053832.294 INFO             PET0 PIOc_sync Exit - MemInfo: [malloc] Non-mmapped space allocated:                12124160 Byte
20220312 053832.294 INFO             PET0 PIOc_sync Exit - MemInfo: [malloc] Space allocated in mmapped regions:          1581056 Byte
20220312 053832.294 INFO             PET0 PIOc_sync Exit - MemInfo: [malloc] Maximum total allocated space:                     0 Byte
20220312 053832.294 INFO             PET0 PIOc_sync Exit - MemInfo: [malloc] Space in freed fastbin blocks:                  1264 Byte
20220312 053832.294 INFO             PET0 PIOc_sync Exit - MemInfo: [malloc] Total allocated space:                      11602288 Byte
20220312 053832.294 INFO             PET0 PIOc_sync Exit - MemInfo: [malloc] Total free space:                             521872 Byte
20220312 053832.294 INFO             PET0 PIOc_sync Exit - MemInfo: [malloc] Top-most, releasable space:                   286528 Byte
20220312 053832.294 INFO             PET0 PIOc_sync Exit - MemInfo: [malloc] Total space in use, mmap + non-mmap:        13183344 Byte
20220312 053832.294 INFO             PET0 PIOc_sync Exit - MemInfo: [malloc] Total space held (mmap + non-mmap):         13705216 Byte
20220312 053832.294 INFO             PET0 PIOc_sync Exit - MemInfo: [malloc] Total space used (mmap + non-mmap):         13192688 Byte
20220312 053832.294 INFO             PET0 PIOc_sync Exit - MemInfo: Wall-clock time since execution start:              0.0302439 seconds
20220312 053832.294 WARNING          PET0 ESMCI_PIO_Handler.C:1501 ESMCI::PIO_Handler::isOpen() File, sep.nc000, closed by PIO
20220312 053832.294 WARNING          PET0 ESMCI_PIO_Handler.C:1501 ESMCI::PIO_Handler::isOpen() File, sep.nc000, closed by PIO
20220312 053832.294 WARNING          PET0 ESMCI_PIO_Handler.C:1501 ESMCI::PIO_Handler::isOpen() File, sep.nc000, closed by PIO
20220312 053832.294 WARNING          PET0 ESMCI_PIO_Handler.C:1501 ESMCI::PIO_Handler::isOpen() File, sep.nc001, closed by PIO
20220312 053832.297 INFO             PET0 PIOc_sync Enter - MemInfo: [/proc/meminfo - SSI]	MemTotal:       196442820 kB
20220312 053832.297 INFO             PET0 PIOc_sync Enter - MemInfo: [/proc/meminfo - SSI]	MemFree:        186994180 kB
20220312 053832.297 INFO             PET0 PIOc_sync Enter - MemInfo: [/proc/meminfo - SSI]	MemAvailable:   191713928 kB
20220312 053832.297 INFO             PET0 PIOc_sync Enter - MemInfo: [/proc/meminfo - SSI]	Committed_AS:     650668 kB
20220312 053832.297 INFO             PET0 PIOc_sync Enter - MemInfo: [/proc/meminfo - SSI]	CommittedPercent: 0.331225 %
20220312 053832.297 INFO             PET0 PIOc_sync Enter - MemInfo: [/proc/self/status]	VmPeak:	  678240 kB
20220312 053832.297 INFO             PET0 PIOc_sync Enter - MemInfo: [/proc/self/status]	VmSize:	  678160 kB
20220312 053832.297 INFO             PET0 PIOc_sync Enter - MemInfo: [/proc/self/status]	VmLck:	       0 kB
20220312 053832.297 INFO             PET0 PIOc_sync Enter - MemInfo: [/proc/self/status]	VmPin:	       0 kB
20220312 053832.297 INFO             PET0 PIOc_sync Enter - MemInfo: [/proc/self/status]	VmHWM:	   71744 kB
20220312 053832.297 INFO             PET0 PIOc_sync Enter - MemInfo: [/proc/self/status]	VmRSS:	   39328 kB
20220312 053832.297 INFO             PET0 PIOc_sync Enter - MemInfo: [/proc/self/status]	VmData:	  195344 kB
20220312 053832.297 INFO             PET0 PIOc_sync Enter - MemInfo: [/proc/self/status]	VmStk:	     144 kB
20220312 053832.297 INFO             PET0 PIOc_sync Enter - MemInfo: [/proc/self/status]	VmExe:	     356 kB
20220312 053832.297 INFO             PET0 PIOc_sync Enter - MemInfo: [/proc/self/status]	VmLib:	   83112 kB
20220312 053832.297 INFO             PET0 PIOc_sync Enter - MemInfo: [/proc/self/status]	VmPTE:	     960 kB
20220312 053832.297 INFO             PET0 PIOc_sync Enter - MemInfo: [/proc/self/status]	VmSwap:	       0 kB
20220312 053832.297 INFO             PET0 PIOc_sync Enter - MemInfo: [/proc/self/status]	VmRSSPercent: 0.0200201 %
20220312 053832.297 INFO             PET0 PIOc_sync Enter - MemInfo: [malloc] Non-mmapped space allocated:                12124160 Byte
20220312 053832.297 INFO             PET0 PIOc_sync Enter - MemInfo: [malloc] Space allocated in mmapped regions:          1581056 Byte
20220312 053832.297 INFO             PET0 PIOc_sync Enter - MemInfo: [malloc] Maximum total allocated space:                     0 Byte
20220312 053832.297 INFO             PET0 PIOc_sync Enter - MemInfo: [malloc] Space in freed fastbin blocks:                  1072 Byte
20220312 053832.297 INFO             PET0 PIOc_sync Enter - MemInfo: [malloc] Total allocated space:                      11612736 Byte
20220312 053832.297 INFO             PET0 PIOc_sync Enter - MemInfo: [malloc] Total free space:                             511424 Byte
20220312 053832.297 INFO             PET0 PIOc_sync Enter - MemInfo: [malloc] Top-most, releasable space:                   286528 Byte
20220312 053832.297 INFO             PET0 PIOc_sync Enter - MemInfo: [malloc] Total space in use, mmap + non-mmap:        13193792 Byte
20220312 053832.297 INFO             PET0 PIOc_sync Enter - MemInfo: [malloc] Total space held (mmap + non-mmap):         13705216 Byte
20220312 053832.297 INFO             PET0 PIOc_sync Enter - MemInfo: [malloc] Total space used (mmap + non-mmap):         13203136 Byte
20220312 053832.297 INFO             PET0 PIOc_sync Enter - MemInfo: Wall-clock time since execution start:              0.0327826 seconds
20220312 053832.297 INFO             PET0 PIOc_sync Exit - MemInfo: [/proc/meminfo - SSI]	MemTotal:       196442820 kB
20220312 053832.297 INFO             PET0 PIOc_sync Exit - MemInfo: [/proc/meminfo - SSI]	MemFree:        186994180 kB
20220312 053832.297 INFO             PET0 PIOc_sync Exit - MemInfo: [/proc/meminfo - SSI]	MemAvailable:   191713928 kB
20220312 053832.297 INFO             PET0 PIOc_sync Exit - MemInfo: [/proc/meminfo - SSI]	Committed_AS:     650668 kB
20220312 053832.297 INFO             PET0 PIOc_sync Exit - MemInfo: [/proc/meminfo - SSI]	CommittedPercent: 0.331225 %
20220312 053832.297 INFO             PET0 PIOc_sync Exit - MemInfo: [/proc/self/status]	VmPeak:	  678240 kB
20220312 053832.297 INFO             PET0 PIOc_sync Exit - MemInfo: [/proc/self/status]	VmSize:	  678160 kB
20220312 053832.297 INFO             PET0 PIOc_sync Exit - MemInfo: [/proc/self/status]	VmLck:	       0 kB
20220312 053832.297 INFO             PET0 PIOc_sync Exit - MemInfo: [/proc/self/status]	VmPin:	       0 kB
20220312 053832.297 INFO             PET0 PIOc_sync Exit - MemInfo: [/proc/self/status]	VmHWM:	   71744 kB
20220312 053832.297 INFO             PET0 PIOc_sync Exit - MemInfo: [/proc/self/status]	VmRSS:	   39328 kB
20220312 053832.297 INFO             PET0 PIOc_sync Exit - MemInfo: [/proc/self/status]	VmData:	  195344 kB
20220312 053832.297 INFO             PET0 PIOc_sync Exit - MemInfo: [/proc/self/status]	VmStk:	     144 kB
20220312 053832.297 INFO             PET0 PIOc_sync Exit - MemInfo: [/proc/self/status]	VmExe:	     356 kB
20220312 053832.297 INFO             PET0 PIOc_sync Exit - MemInfo: [/proc/self/status]	VmLib:	   83112 kB
20220312 053832.297 INFO             PET0 PIOc_sync Exit - MemInfo: [/proc/self/status]	VmPTE:	     960 kB
20220312 053832.297 INFO             PET0 PIOc_sync Exit - MemInfo: [/proc/self/status]	VmSwap:	       0 kB
20220312 053832.297 INFO             PET0 PIOc_sync Exit - MemInfo: [/proc/self/status]	VmRSSPercent: 0.0200201 %
20220312 053832.297 INFO             PET0 PIOc_sync Exit - MemInfo: [malloc] Non-mmapped space allocated:                12124160 Byte
20220312 053832.297 INFO             PET0 PIOc_sync Exit - MemInfo: [malloc] Space allocated in mmapped regions:          1581056 Byte
20220312 053832.297 INFO             PET0 PIOc_sync Exit - MemInfo: [malloc] Maximum total allocated space:                     0 Byte
20220312 053832.297 INFO             PET0 PIOc_sync Exit - MemInfo: [malloc] Space in freed fastbin blocks:                  1040 Byte
20220312 053832.297 INFO             PET0 PIOc_sync Exit - MemInfo: [malloc] Total allocated space:                      11651776 Byte
20220312 053832.297 INFO             PET0 PIOc_sync Exit - MemInfo: [malloc] Total free space:                             472384 Byte
20220312 053832.297 INFO             PET0 PIOc_sync Exit - MemInfo: [malloc] Top-most, releasable space:                   267936 Byte
20220312 053832.297 INFO             PET0 PIOc_sync Exit - MemInfo: [malloc] Total space in use, mmap + non-mmap:        13232832 Byte
20220312 053832.297 INFO             PET0 PIOc_sync Exit - MemInfo: [malloc] Total space held (mmap + non-mmap):         13705216 Byte
20220312 053832.297 INFO             PET0 PIOc_sync Exit - MemInfo: [malloc] Total space used (mmap + non-mmap):         13242192 Byte
20220312 053832.297 INFO             PET0 PIOc_sync Exit - MemInfo: Wall-clock time since execution start:              0.0334497 seconds
20220312 053832.298 WARNING          PET0 ESMCI_PIO_Handler.C:1501 ESMCI::PIO_Handler::isOpen() File, sep.nc001, closed by PIO
20220312 053832.298 WARNING          PET0 ESMCI_PIO_Handler.C:1501 ESMCI::PIO_Handler::isOpen() File, sep.nc001, closed by PIO
20220312 053832.298 WARNING          PET0 ESMCI_PIO_Handler.C:1501 ESMCI::PIO_Handler::isOpen() File, sep.nc001, closed by PIO
20220312 053832.298 WARNING          PET0 ESMCI_PIO_Handler.C:1501 ESMCI::PIO_Handler::isOpen() File, sep.nc002, closed by PIO
20220312 053832.300 INFO             PET0 PIOc_sync Enter - MemInfo: [/proc/meminfo - SSI]	MemTotal:       196442820 kB
20220312 053832.300 INFO             PET0 PIOc_sync Enter - MemInfo: [/proc/meminfo - SSI]	MemFree:        186994180 kB
20220312 053832.300 INFO             PET0 PIOc_sync Enter - MemInfo: [/proc/meminfo - SSI]	MemAvailable:   191713928 kB
20220312 053832.300 INFO             PET0 PIOc_sync Enter - MemInfo: [/proc/meminfo - SSI]	Committed_AS:     650668 kB
20220312 053832.300 INFO             PET0 PIOc_sync Enter - MemInfo: [/proc/meminfo - SSI]	CommittedPercent: 0.331225 %
20220312 053832.300 INFO             PET0 PIOc_sync Enter - MemInfo: [/proc/self/status]	VmPeak:	  678240 kB
20220312 053832.300 INFO             PET0 PIOc_sync Enter - MemInfo: [/proc/self/status]	VmSize:	  678160 kB
20220312 053832.300 INFO             PET0 PIOc_sync Enter - MemInfo: [/proc/self/status]	VmLck:	       0 kB
20220312 053832.300 INFO             PET0 PIOc_sync Enter - MemInfo: [/proc/self/status]	VmPin:	       0 kB
20220312 053832.300 INFO             PET0 PIOc_sync Enter - MemInfo: [/proc/self/status]	VmHWM:	   71744 kB
20220312 053832.300 INFO             PET0 PIOc_sync Enter - MemInfo: [/proc/self/status]	VmRSS:	   39328 kB
20220312 053832.300 INFO             PET0 PIOc_sync Enter - MemInfo: [/proc/self/status]	VmData:	  195344 kB
20220312 053832.300 INFO             PET0 PIOc_sync Enter - MemInfo: [/proc/self/status]	VmStk:	     144 kB
20220312 053832.300 INFO             PET0 PIOc_sync Enter - MemInfo: [/proc/self/status]	VmExe:	     356 kB
20220312 053832.300 INFO             PET0 PIOc_sync Enter - MemInfo: [/proc/self/status]	VmLib:	   83112 kB
20220312 053832.300 INFO             PET0 PIOc_sync Enter - MemInfo: [/proc/self/status]	VmPTE:	     960 kB
20220312 053832.300 INFO             PET0 PIOc_sync Enter - MemInfo: [/proc/self/status]	VmSwap:	       0 kB
20220312 053832.300 INFO             PET0 PIOc_sync Enter - MemInfo: [/proc/self/status]	VmRSSPercent: 0.0200201 %
20220312 053832.300 INFO             PET0 PIOc_sync Enter - MemInfo: [malloc] Non-mmapped space allocated:                12124160 Byte
20220312 053832.300 INFO             PET0 PIOc_sync Enter - MemInfo: [malloc] Space allocated in mmapped regions:          1581056 Byte
20220312 053832.300 INFO             PET0 PIOc_sync Enter - MemInfo: [malloc] Maximum total allocated space:                     0 Byte
20220312 053832.300 INFO             PET0 PIOc_sync Enter - MemInfo: [malloc] Space in freed fastbin blocks:                  1280 Byte
20220312 053832.300 INFO             PET0 PIOc_sync Enter - MemInfo: [malloc] Total allocated space:                      11667424 Byte
20220312 053832.300 INFO             PET0 PIOc_sync Enter - MemInfo: [malloc] Total free space:                             456736 Byte
20220312 053832.300 INFO             PET0 PIOc_sync Enter - MemInfo: [malloc] Top-most, releasable space:                   252080 Byte
20220312 053832.300 INFO             PET0 PIOc_sync Enter - MemInfo: [malloc] Total space in use, mmap + non-mmap:        13248480 Byte
20220312 053832.300 INFO             PET0 PIOc_sync Enter - MemInfo: [malloc] Total space held (mmap + non-mmap):         13705216 Byte
20220312 053832.300 INFO             PET0 PIOc_sync Enter - MemInfo: [malloc] Total space used (mmap + non-mmap):         13257824 Byte
20220312 053832.300 INFO             PET0 PIOc_sync Enter - MemInfo: Wall-clock time since execution start:              0.0360641 seconds
20220312 053832.301 INFO             PET0 PIOc_sync Exit - MemInfo: [/proc/meminfo - SSI]	MemTotal:       196442820 kB
20220312 053832.301 INFO             PET0 PIOc_sync Exit - MemInfo: [/proc/meminfo - SSI]	MemFree:        186994180 kB
20220312 053832.301 INFO             PET0 PIOc_sync Exit - MemInfo: [/proc/meminfo - SSI]	MemAvailable:   191713928 kB
20220312 053832.301 INFO             PET0 PIOc_sync Exit - MemInfo: [/proc/meminfo - SSI]	Committed_AS:     650668 kB
20220312 053832.301 INFO             PET0 PIOc_sync Exit - MemInfo: [/proc/meminfo - SSI]	CommittedPercent: 0.331225 %
20220312 053832.301 INFO             PET0 PIOc_sync Exit - MemInfo: [/proc/self/status]	VmPeak:	  678240 kB
20220312 053832.301 INFO             PET0 PIOc_sync Exit - MemInfo: [/proc/self/status]	VmSize:	  678160 kB
20220312 053832.301 INFO             PET0 PIOc_sync Exit - MemInfo: [/proc/self/status]	VmLck:	       0 kB
20220312 053832.301 INFO             PET0 PIOc_sync Exit - MemInfo: [/proc/self/status]	VmPin:	       0 kB
20220312 053832.301 INFO             PET0 PIOc_sync Exit - MemInfo: [/proc/self/status]	VmHWM:	   71744 kB
20220312 053832.301 INFO             PET0 PIOc_sync Exit - MemInfo: [/proc/self/status]	VmRSS:	   39344 kB
20220312 053832.301 INFO             PET0 PIOc_sync Exit - MemInfo: [/proc/self/status]	VmData:	  195344 kB
20220312 053832.301 INFO             PET0 PIOc_sync Exit - MemInfo: [/proc/self/status]	VmStk:	     144 kB
20220312 053832.301 INFO             PET0 PIOc_sync Exit - MemInfo: [/proc/self/status]	VmExe:	     356 kB
20220312 053832.301 INFO             PET0 PIOc_sync Exit - MemInfo: [/proc/self/status]	VmLib:	   83112 kB
20220312 053832.301 INFO             PET0 PIOc_sync Exit - MemInfo: [/proc/self/status]	VmPTE:	     960 kB
20220312 053832.301 INFO             PET0 PIOc_sync Exit - MemInfo: [/proc/self/status]	VmSwap:	       0 kB
20220312 053832.301 INFO             PET0 PIOc_sync Exit - MemInfo: [/proc/self/status]	VmRSSPercent: 0.0200282 %
20220312 053832.301 INFO             PET0 PIOc_sync Exit - MemInfo: [malloc] Non-mmapped space allocated:                12124160 Byte
20220312 053832.301 INFO             PET0 PIOc_sync Exit - MemInfo: [malloc] Space allocated in mmapped regions:          1581056 Byte
20220312 053832.301 INFO             PET0 PIOc_sync Exit - MemInfo: [malloc] Maximum total allocated space:                     0 Byte
20220312 053832.301 INFO             PET0 PIOc_sync Exit - MemInfo: [malloc] Space in freed fastbin blocks:                  1152 Byte
20220312 053832.301 INFO             PET0 PIOc_sync Exit - MemInfo: [malloc] Total allocated space:                      11780576 Byte
20220312 053832.301 INFO             PET0 PIOc_sync Exit - MemInfo: [malloc] Total free space:                             343584 Byte
20220312 053832.301 INFO             PET0 PIOc_sync Exit - MemInfo: [malloc] Top-most, releasable space:                   128912 Byte
20220312 053832.301 INFO             PET0 PIOc_sync Exit - MemInfo: [malloc] Total space in use, mmap + non-mmap:        13361632 Byte
20220312 053832.301 INFO             PET0 PIOc_sync Exit - MemInfo: [malloc] Total space held (mmap + non-mmap):         13705216 Byte
20220312 053832.301 INFO             PET0 PIOc_sync Exit - MemInfo: [malloc] Total space used (mmap + non-mmap):         13370976 Byte
20220312 053832.301 INFO             PET0 PIOc_sync Exit - MemInfo: Wall-clock time since execution start:              0.0367768 seconds
20220312 053832.301 INFO             PET0 PIOc_freedecomp Enter - MemInfo: [/proc/meminfo - SSI]	MemTotal:       196442820 kB
20220312 053832.301 INFO             PET0 PIOc_freedecomp Enter - MemInfo: [/proc/meminfo - SSI]	MemFree:        186994180 kB
20220312 053832.301 INFO             PET0 PIOc_freedecomp Enter - MemInfo: [/proc/meminfo - SSI]	MemAvailable:   191713928 kB
20220312 053832.301 INFO             PET0 PIOc_freedecomp Enter - MemInfo: [/proc/meminfo - SSI]	Committed_AS:     650668 kB
20220312 053832.301 INFO             PET0 PIOc_freedecomp Enter - MemInfo: [/proc/meminfo - SSI]	CommittedPercent: 0.331225 %
20220312 053832.301 INFO             PET0 PIOc_freedecomp Enter - MemInfo: [/proc/self/status]	VmPeak:	  678240 kB
20220312 053832.301 INFO             PET0 PIOc_freedecomp Enter - MemInfo: [/proc/self/status]	VmSize:	  678160 kB
20220312 053832.301 INFO             PET0 PIOc_freedecomp Enter - MemInfo: [/proc/self/status]	VmLck:	       0 kB
20220312 053832.301 INFO             PET0 PIOc_freedecomp Enter - MemInfo: [/proc/self/status]	VmPin:	       0 kB
20220312 053832.301 INFO             PET0 PIOc_freedecomp Enter - MemInfo: [/proc/self/status]	VmHWM:	   71744 kB
20220312 053832.301 INFO             PET0 PIOc_freedecomp Enter - MemInfo: [/proc/self/status]	VmRSS:	   39344 kB
20220312 053832.301 INFO             PET0 PIOc_freedecomp Enter - MemInfo: [/proc/self/status]	VmData:	  195344 kB
20220312 053832.301 INFO             PET0 PIOc_freedecomp Enter - MemInfo: [/proc/self/status]	VmStk:	     144 kB
20220312 053832.301 INFO             PET0 PIOc_freedecomp Enter - MemInfo: [/proc/self/status]	VmExe:	     356 kB
20220312 053832.301 INFO             PET0 PIOc_freedecomp Enter - MemInfo: [/proc/self/status]	VmLib:	   83112 kB
20220312 053832.301 INFO             PET0 PIOc_freedecomp Enter - MemInfo: [/proc/self/status]	VmPTE:	     960 kB
20220312 053832.301 INFO             PET0 PIOc_freedecomp Enter - MemInfo: [/proc/self/status]	VmSwap:	       0 kB
20220312 053832.301 INFO             PET0 PIOc_freedecomp Enter - MemInfo: [/proc/self/status]	VmRSSPercent: 0.0200282 %
20220312 053832.301 INFO             PET0 PIOc_freedecomp Enter - MemInfo: [malloc] Non-mmapped space allocated:                12124160 Byte
20220312 053832.301 INFO             PET0 PIOc_freedecomp Enter - MemInfo: [malloc] Space allocated in mmapped regions:          1581056 Byte
20220312 053832.301 INFO             PET0 PIOc_freedecomp Enter - MemInfo: [malloc] Maximum total allocated space:                     0 Byte
20220312 053832.301 INFO             PET0 PIOc_freedecomp Enter - MemInfo: [malloc] Space in freed fastbin blocks:                  1088 Byte
20220312 053832.301 INFO             PET0 PIOc_freedecomp Enter - MemInfo: [malloc] Total allocated space:                       2854208 Byte
20220312 053832.301 INFO             PET0 PIOc_freedecomp Enter - MemInfo: [malloc] Total free space:                            9269952 Byte
20220312 053832.301 INFO             PET0 PIOc_freedecomp Enter - MemInfo: [malloc] Top-most, releasable space:                   128912 Byte
20220312 053832.301 INFO             PET0 PIOc_freedecomp Enter - MemInfo: [malloc] Total space in use, mmap + non-mmap:         4435264 Byte
20220312 053832.301 INFO             PET0 PIOc_freedecomp Enter - MemInfo: [malloc] Total space held (mmap + non-mmap):         13705216 Byte
20220312 053832.301 INFO             PET0 PIOc_freedecomp Enter - MemInfo: [malloc] Total space used (mmap + non-mmap):          4444608 Byte
20220312 053832.301 INFO             PET0 PIOc_freedecomp Enter - MemInfo: Wall-clock time since execution start:              0.0373644 seconds
20220312 053832.301 INFO             PET0 PIOc_freedecomp Exit - MemInfo: [/proc/meminfo - SSI]	MemTotal:       196442820 kB
20220312 053832.302 INFO             PET0 PIOc_freedecomp Exit - MemInfo: [/proc/meminfo - SSI]	MemFree:        186994180 kB
20220312 053832.302 INFO             PET0 PIOc_freedecomp Exit - MemInfo: [/proc/meminfo - SSI]	MemAvailable:   191713928 kB
20220312 053832.302 INFO             PET0 PIOc_freedecomp Exit - MemInfo: [/proc/meminfo - SSI]	Committed_AS:     650668 kB
20220312 053832.302 INFO             PET0 PIOc_freedecomp Exit - MemInfo: [/proc/meminfo - SSI]	CommittedPercent: 0.331225 %
20220312 053832.302 INFO             PET0 PIOc_freedecomp Exit - MemInfo: [/proc/self/status]	VmPeak:	  678240 kB
20220312 053832.302 INFO             PET0 PIOc_freedecomp Exit - MemInfo: [/proc/self/status]	VmSize:	  678160 kB
20220312 053832.302 INFO             PET0 PIOc_freedecomp Exit - MemInfo: [/proc/self/status]	VmLck:	       0 kB
20220312 053832.302 INFO             PET0 PIOc_freedecomp Exit - MemInfo: [/proc/self/status]	VmPin:	       0 kB
20220312 053832.302 INFO             PET0 PIOc_freedecomp Exit - MemInfo: [/proc/self/status]	VmHWM:	   71744 kB
20220312 053832.302 INFO             PET0 PIOc_freedecomp Exit - MemInfo: [/proc/self/status]	VmRSS:	   39344 kB
20220312 053832.302 INFO             PET0 PIOc_freedecomp Exit - MemInfo: [/proc/self/status]	VmData:	  195344 kB
20220312 053832.302 INFO             PET0 PIOc_freedecomp Exit - MemInfo: [/proc/self/status]	VmStk:	     144 kB
20220312 053832.302 INFO             PET0 PIOc_freedecomp Exit - MemInfo: [/proc/self/status]	VmExe:	     356 kB
20220312 053832.302 INFO             PET0 PIOc_freedecomp Exit - MemInfo: [/proc/self/status]	VmLib:	   83112 kB
20220312 053832.302 INFO             PET0 PIOc_freedecomp Exit - MemInfo: [/proc/self/status]	VmPTE:	     960 kB
20220312 053832.302 INFO             PET0 PIOc_freedecomp Exit - MemInfo: [/proc/self/status]	VmSwap:	       0 kB
20220312 053832.302 INFO             PET0 PIOc_freedecomp Exit - MemInfo: [/proc/self/status]	VmRSSPercent: 0.0200282 %
20220312 053832.302 INFO             PET0 PIOc_freedecomp Exit - MemInfo: [malloc] Non-mmapped space allocated:                12124160 Byte
20220312 053832.302 INFO             PET0 PIOc_freedecomp Exit - MemInfo: [malloc] Space allocated in mmapped regions:          1581056 Byte
20220312 053832.302 INFO             PET0 PIOc_freedecomp Exit - MemInfo: [malloc] Maximum total allocated space:                     0 Byte
20220312 053832.302 INFO             PET0 PIOc_freedecomp Exit - MemInfo: [malloc] Space in freed fastbin blocks:                  1072 Byte
20220312 053832.302 INFO             PET0 PIOc_freedecomp Exit - MemInfo: [malloc] Total allocated space:                       2725632 Byte
20220312 053832.302 INFO             PET0 PIOc_freedecomp Exit - MemInfo: [malloc] Total free space:                            9398528 Byte
20220312 053832.302 INFO             PET0 PIOc_freedecomp Exit - MemInfo: [malloc] Top-most, releasable space:                   267936 Byte
20220312 053832.302 INFO             PET0 PIOc_freedecomp Exit - MemInfo: [malloc] Total space in use, mmap + non-mmap:         4306688 Byte
20220312 053832.302 INFO             PET0 PIOc_freedecomp Exit - MemInfo: [malloc] Total space held (mmap + non-mmap):         13705216 Byte
20220312 053832.302 INFO             PET0 PIOc_freedecomp Exit - MemInfo: [malloc] Total space used (mmap + non-mmap):          4316032 Byte
20220312 053832.302 INFO             PET0 PIOc_freedecomp Exit - MemInfo: Wall-clock time since execution start:               0.037705 seconds
20220312 053832.302 INFO             PET0 PIOc_freedecomp Enter - MemInfo: [/proc/meminfo - SSI]	MemTotal:       196442820 kB
20220312 053832.302 INFO             PET0 PIOc_freedecomp Enter - MemInfo: [/proc/meminfo - SSI]	MemFree:        186994180 kB
20220312 053832.302 INFO             PET0 PIOc_freedecomp Enter - MemInfo: [/proc/meminfo - SSI]	MemAvailable:   191713928 kB
20220312 053832.302 INFO             PET0 PIOc_freedecomp Enter - MemInfo: [/proc/meminfo - SSI]	Committed_AS:     650668 kB
20220312 053832.302 INFO             PET0 PIOc_freedecomp Enter - MemInfo: [/proc/meminfo - SSI]	CommittedPercent: 0.331225 %
20220312 053832.302 INFO             PET0 PIOc_freedecomp Enter - MemInfo: [/proc/self/status]	VmPeak:	  678240 kB
20220312 053832.302 INFO             PET0 PIOc_freedecomp Enter - MemInfo: [/proc/self/status]	VmSize:	  678160 kB
20220312 053832.302 INFO             PET0 PIOc_freedecomp Enter - MemInfo: [/proc/self/status]	VmLck:	       0 kB
20220312 053832.302 INFO             PET0 PIOc_freedecomp Enter - MemInfo: [/proc/self/status]	VmPin:	       0 kB
20220312 053832.302 INFO             PET0 PIOc_freedecomp Enter - MemInfo: [/proc/self/status]	VmHWM:	   71744 kB
20220312 053832.302 INFO             PET0 PIOc_freedecomp Enter - MemInfo: [/proc/self/status]	VmRSS:	   39344 kB
20220312 053832.302 INFO             PET0 PIOc_freedecomp Enter - MemInfo: [/proc/self/status]	VmData:	  195344 kB
20220312 053832.302 INFO             PET0 PIOc_freedecomp Enter - MemInfo: [/proc/self/status]	VmStk:	     144 kB
20220312 053832.302 INFO             PET0 PIOc_freedecomp Enter - MemInfo: [/proc/self/status]	VmExe:	     356 kB
20220312 053832.302 INFO             PET0 PIOc_freedecomp Enter - MemInfo: [/proc/self/status]	VmLib:	   83112 kB
20220312 053832.302 INFO             PET0 PIOc_freedecomp Enter - MemInfo: [/proc/self/status]	VmPTE:	     960 kB
20220312 053832.302 INFO             PET0 PIOc_freedecomp Enter - MemInfo: [/proc/self/status]	VmSwap:	       0 kB
20220312 053832.302 INFO             PET0 PIOc_freedecomp Enter - MemInfo: [/proc/self/status]	VmRSSPercent: 0.0200282 %
20220312 053832.302 INFO             PET0 PIOc_freedecomp Enter - MemInfo: [malloc] Non-mmapped space allocated:                12124160 Byte
20220312 053832.302 INFO             PET0 PIOc_freedecomp Enter - MemInfo: [malloc] Space allocated in mmapped regions:          1581056 Byte
20220312 053832.302 INFO             PET0 PIOc_freedecomp Enter - MemInfo: [malloc] Maximum total allocated space:                     0 Byte
20220312 053832.302 INFO             PET0 PIOc_freedecomp Enter - MemInfo: [malloc] Space in freed fastbin blocks:                  1728 Byte
20220312 053832.302 INFO             PET0 PIOc_freedecomp Enter - MemInfo: [malloc] Total allocated space:                       2725504 Byte
20220312 053832.302 INFO             PET0 PIOc_freedecomp Enter - MemInfo: [malloc] Total free space:                            9398656 Byte
20220312 053832.302 INFO             PET0 PIOc_freedecomp Enter - MemInfo: [malloc] Top-most, releasable space:                   267936 Byte
20220312 053832.302 INFO             PET0 PIOc_freedecomp Enter - MemInfo: [malloc] Total space in use, mmap + non-mmap:         4306560 Byte
20220312 053832.302 INFO             PET0 PIOc_freedecomp Enter - MemInfo: [malloc] Total space held (mmap + non-mmap):         13705216 Byte
20220312 053832.302 INFO             PET0 PIOc_freedecomp Enter - MemInfo: [malloc] Total space used (mmap + non-mmap):          4315904 Byte
20220312 053832.302 INFO             PET0 PIOc_freedecomp Enter - MemInfo: Wall-clock time since execution start:              0.0380693 seconds
20220312 053832.302 INFO             PET0 PIOc_freedecomp Exit - MemInfo: [/proc/meminfo - SSI]	MemTotal:       196442820 kB
20220312 053832.302 INFO             PET0 PIOc_freedecomp Exit - MemInfo: [/proc/meminfo - SSI]	MemFree:        186994180 kB
20220312 053832.302 INFO             PET0 PIOc_freedecomp Exit - MemInfo: [/proc/meminfo - SSI]	MemAvailable:   191713928 kB
20220312 053832.302 INFO             PET0 PIOc_freedecomp Exit - MemInfo: [/proc/meminfo - SSI]	Committed_AS:     650668 kB
20220312 053832.302 INFO             PET0 PIOc_freedecomp Exit - MemInfo: [/proc/meminfo - SSI]	CommittedPercent: 0.331225 %
20220312 053832.302 INFO             PET0 PIOc_freedecomp Exit - MemInfo: [/proc/self/status]	VmPeak:	  678240 kB
20220312 053832.302 INFO             PET0 PIOc_freedecomp Exit - MemInfo: [/proc/self/status]	VmSize:	  678160 kB
20220312 053832.302 INFO             PET0 PIOc_freedecomp Exit - MemInfo: [/proc/self/status]	VmLck:	       0 kB
20220312 053832.302 INFO             PET0 PIOc_freedecomp Exit - MemInfo: [/proc/self/status]	VmPin:	       0 kB
20220312 053832.302 INFO             PET0 PIOc_freedecomp Exit - MemInfo: [/proc/self/status]	VmHWM:	   71744 kB
20220312 053832.302 INFO             PET0 PIOc_freedecomp Exit - MemInfo: [/proc/self/status]	VmRSS:	   39344 kB
20220312 053832.302 INFO             PET0 PIOc_freedecomp Exit - MemInfo: [/proc/self/status]	VmData:	  195344 kB
20220312 053832.302 INFO             PET0 PIOc_freedecomp Exit - MemInfo: [/proc/self/status]	VmStk:	     144 kB
20220312 053832.302 INFO             PET0 PIOc_freedecomp Exit - MemInfo: [/proc/self/status]	VmExe:	     356 kB
20220312 053832.302 INFO             PET0 PIOc_freedecomp Exit - MemInfo: [/proc/self/status]	VmLib:	   83112 kB
20220312 053832.302 INFO             PET0 PIOc_freedecomp Exit - MemInfo: [/proc/self/status]	VmPTE:	     960 kB
20220312 053832.302 INFO             PET0 PIOc_freedecomp Exit - MemInfo: [/proc/self/status]	VmSwap:	       0 kB
20220312 053832.302 INFO             PET0 PIOc_freedecomp Exit - MemInfo: [/proc/self/status]	VmRSSPercent: 0.0200282 %
20220312 053832.302 INFO             PET0 PIOc_freedecomp Exit - MemInfo: [malloc] Non-mmapped space allocated:                12124160 Byte
20220312 053832.302 INFO             PET0 PIOc_freedecomp Exit - MemInfo: [malloc] Space allocated in mmapped regions:          1581056 Byte
20220312 053832.302 INFO             PET0 PIOc_freedecomp Exit - MemInfo: [malloc] Maximum total allocated space:                     0 Byte
20220312 053832.302 INFO             PET0 PIOc_freedecomp Exit - MemInfo: [malloc] Space in freed fastbin blocks:                  1344 Byte
20220312 053832.302 INFO             PET0 PIOc_freedecomp Exit - MemInfo: [malloc] Total allocated space:                       2680400 Byte
20220312 053832.302 INFO             PET0 PIOc_freedecomp Exit - MemInfo: [malloc] Total free space:                            9443760 Byte
20220312 053832.302 INFO             PET0 PIOc_freedecomp Exit - MemInfo: [malloc] Top-most, releasable space:                  9199456 Byte
20220312 053832.302 INFO             PET0 PIOc_freedecomp Exit - MemInfo: [malloc] Total space in use, mmap + non-mmap:         4261456 Byte
20220312 053832.302 INFO             PET0 PIOc_freedecomp Exit - MemInfo: [malloc] Total space held (mmap + non-mmap):         13705216 Byte
20220312 053832.302 INFO             PET0 PIOc_freedecomp Exit - MemInfo: [malloc] Total space used (mmap + non-mmap):          4270800 Byte
20220312 053832.302 INFO             PET0 PIOc_freedecomp Exit - MemInfo: Wall-clock time since execution start:               0.038425 seconds
20220312 053832.303 INFO             PET0 PIOc_freedecomp Enter - MemInfo: [/proc/meminfo - SSI]	MemTotal:       196442820 kB
20220312 053832.303 INFO             PET0 PIOc_freedecomp Enter - MemInfo: [/proc/meminfo - SSI]	MemFree:        186994180 kB
20220312 053832.303 INFO             PET0 PIOc_freedecomp Enter - MemInfo: [/proc/meminfo - SSI]	MemAvailable:   191713928 kB
20220312 053832.303 INFO             PET0 PIOc_freedecomp Enter - MemInfo: [/proc/meminfo - SSI]	Committed_AS:     650668 kB
20220312 053832.303 INFO             PET0 PIOc_freedecomp Enter - MemInfo: [/proc/meminfo - SSI]	CommittedPercent: 0.331225 %
20220312 053832.303 INFO             PET0 PIOc_freedecomp Enter - MemInfo: [/proc/self/status]	VmPeak:	  678240 kB
20220312 053832.303 INFO             PET0 PIOc_freedecomp Enter - MemInfo: [/proc/self/status]	VmSize:	  678160 kB
20220312 053832.303 INFO             PET0 PIOc_freedecomp Enter - MemInfo: [/proc/self/status]	VmLck:	       0 kB
20220312 053832.303 INFO             PET0 PIOc_freedecomp Enter - MemInfo: [/proc/self/status]	VmPin:	       0 kB
20220312 053832.303 INFO             PET0 PIOc_freedecomp Enter - MemInfo: [/proc/self/status]	VmHWM:	   71744 kB
20220312 053832.303 INFO             PET0 PIOc_freedecomp Enter - MemInfo: [/proc/self/status]	VmRSS:	   39344 kB
20220312 053832.303 INFO             PET0 PIOc_freedecomp Enter - MemInfo: [/proc/self/status]	VmData:	  195344 kB
20220312 053832.303 INFO             PET0 PIOc_freedecomp Enter - MemInfo: [/proc/self/status]	VmStk:	     144 kB
20220312 053832.303 INFO             PET0 PIOc_freedecomp Enter - MemInfo: [/proc/self/status]	VmExe:	     356 kB
20220312 053832.303 INFO             PET0 PIOc_freedecomp Enter - MemInfo: [/proc/self/status]	VmLib:	   83112 kB
20220312 053832.303 INFO             PET0 PIOc_freedecomp Enter - MemInfo: [/proc/self/status]	VmPTE:	     960 kB
20220312 053832.303 INFO             PET0 PIOc_freedecomp Enter - MemInfo: [/proc/self/status]	VmSwap:	       0 kB
20220312 053832.303 INFO             PET0 PIOc_freedecomp Enter - MemInfo: [/proc/self/status]	VmRSSPercent: 0.0200282 %
20220312 053832.303 INFO             PET0 PIOc_freedecomp Enter - MemInfo: [malloc] Non-mmapped space allocated:                12124160 Byte
