build time -- 2022-03-12 04:20:58
20220312 053752.917 INFO             PET0 !!!!!!!!!!!!!!!!!!!!!!!!!!!!!!!!!!!!!!!!!!!!!!!!!!!!!!
20220312 053752.917 INFO             PET0 !!! THE ESMF_LOG IS SET TO OUTPUT ALL LOG MESSAGES !!!
20220312 053752.917 INFO             PET0 !!!     THIS MAY CAUSE SLOWDOWN IN PERFORMANCE     !!!
20220312 053752.917 INFO             PET0 !!! FOR PRODUCTION RUNS, USE:                      !!!
20220312 053752.917 INFO             PET0 !!!                   ESMF_LOGKIND_Multi_On_Error  !!!
20220312 053752.917 INFO             PET0 !!!!!!!!!!!!!!!!!!!!!!!!!!!!!!!!!!!!!!!!!!!!!!!!!!!!!!
20220312 053752.917 INFO             PET0 Running with ESMF Version   : v8.3.0b09-96-g559b459
20220312 053752.917 INFO             PET0 ESMF library build date/time: "Mar 12 2022" "04:14:42"
20220312 053752.917 INFO             PET0 ESMF library build location : /work/noaa/da/mpotts/sandbox/gfortran_8.3.0_openmpi_g_jedwards_pio_update2
20220312 053752.917 INFO             PET0 ESMF_COMM                   : openmpi
20220312 053752.917 INFO             PET0 ESMF_MOAB                   : enabled
20220312 053752.917 INFO             PET0 ESMF_LAPACK                 : enabled
20220312 053752.917 INFO             PET0 ESMF_NETCDF                 : enabled
20220312 053752.917 INFO             PET0 ESMF_PNETCDF                : disabled
20220312 053752.917 INFO             PET0 ESMF_PIO                    : enabled
20220312 053752.917 INFO             PET0 ESMF_YAMLCPP                : enabled
20220312 053752.918 INFO             PET0  Beginning Test, file ESMF_RouteHandleAdvancedUTest.F90, line 346
20220312 053752.918 INFO             PET0  NUMBER_OF_PROCESSORS           4
20220312 053752.929 INFO             PET0 ESMF_FieldRedistStoreNF(): Just entered routine.
20220312 053753.501 INFO             PET0 ESMF_FieldRedistStoreNF(): Leaving routine.
20220312 053753.501 INFO             PET0  PASS  Create RouteHandle for the original petList, ESMF_RouteHandleAdvancedUTest.F90, line 511
20220312 053753.501 INFO             PET0  PASS  Test RouteHandleIsCreated(), ESMF_RouteHandleAdvancedUTest.F90, line 519
20220312 053753.501 INFO             PET0  PASS  Test RouteHandleIsCreated() return value, ESMF_RouteHandleAdvancedUTest.F90, line 526
20220312 053753.501 INFO             PET0  PASS  Test RouteHandleGet(), ESMF_RouteHandleAdvancedUTest.F90, line 534
20220312 053753.509 INFO             PET0  PASS  Test RouteHandleWrite(), ESMF_RouteHandleAdvancedUTest.F90, line 542
20220312 053753.509 INFO             PET0  PASS  Test RouteHandleDestroy(), ESMF_RouteHandleAdvancedUTest.F90, line 550
20220312 053753.511 INFO             PET0  PASS  Test RouteHandleCreate(from file), ESMF_RouteHandleAdvancedUTest.F90, line 558
20220312 053753.513 INFO             PET0  PASS  Apply the read in Routehandle, ESMF_RouteHandleAdvancedUTest.F90, line 567
20220312 053753.513 INFO             PET0  PASS  Test RouteHandleDestroy() for the read in Routehandle, ESMF_RouteHandleAdvancedUTest.F90, line 575
20220312 053753.513 INFO             PET0 ESMF_FieldRedistStoreNF(): Just entered routine.
20220312 053754.079 INFO             PET0 ESMF_FieldRedistStoreNF(): Leaving routine.
20220312 053754.079 INFO             PET0  PASS  Create RouteHandle for the original petList, ESMF_RouteHandleAdvancedUTest.F90, line 585
20220312 053754.079 INFO             PET0  PASS  Transfer RouteHandle to a different petList, ESMF_RouteHandleAdvancedUTest.F90, line 602
20220312 053754.097 INFO             PET0 PIOc_sync Enter - MemInfo: [/proc/meminfo - SSI]	MemTotal:       196442820 kB
20220312 053754.097 INFO             PET0 PIOc_sync Enter - MemInfo: [/proc/meminfo - SSI]	MemFree:        186971816 kB
20220312 053754.097 INFO             PET0 PIOc_sync Enter - MemInfo: [/proc/meminfo - SSI]	MemAvailable:   191666116 kB
20220312 053754.097 INFO             PET0 PIOc_sync Enter - MemInfo: [/proc/meminfo - SSI]	Committed_AS:     727980 kB
20220312 053754.097 INFO             PET0 PIOc_sync Enter - MemInfo: [/proc/meminfo - SSI]	CommittedPercent: 0.370581 %
20220312 053754.097 INFO             PET0 PIOc_sync Enter - MemInfo: [/proc/self/status]	VmPeak:	  690656 kB
20220312 053754.097 INFO             PET0 PIOc_sync Enter - MemInfo: [/proc/self/status]	VmSize:	  690380 kB
20220312 053754.097 INFO             PET0 PIOc_sync Enter - MemInfo: [/proc/self/status]	VmLck:	       0 kB
20220312 053754.097 INFO             PET0 PIOc_sync Enter - MemInfo: [/proc/self/status]	VmPin:	       0 kB
20220312 053754.098 INFO             PET0 PIOc_sync Enter - MemInfo: [/proc/self/status]	VmHWM:	   73780 kB
20220312 053754.098 INFO             PET0 PIOc_sync Enter - MemInfo: [/proc/self/status]	VmRSS:	   51208 kB
20220312 053754.098 INFO             PET0 PIOc_sync Enter - MemInfo: [/proc/self/status]	VmData:	  207576 kB
20220312 053754.098 INFO             PET0 PIOc_sync Enter - MemInfo: [/proc/self/status]	VmStk:	     144 kB
20220312 053754.098 INFO             PET0 PIOc_sync Enter - MemInfo: [/proc/self/status]	VmExe:	     344 kB
20220312 053754.098 INFO             PET0 PIOc_sync Enter - MemInfo: [/proc/self/status]	VmLib:	   83112 kB
20220312 053754.098 INFO             PET0 PIOc_sync Enter - MemInfo: [/proc/self/status]	VmPTE:	    1012 kB
20220312 053754.098 INFO             PET0 PIOc_sync Enter - MemInfo: [/proc/self/status]	VmSwap:	       0 kB
20220312 053754.098 INFO             PET0 PIOc_sync Enter - MemInfo: [/proc/self/status]	VmRSSPercent: 0.0260676 %
20220312 053754.098 INFO             PET0 PIOc_sync Enter - MemInfo: [malloc] Non-mmapped space allocated:                24649728 Byte
20220312 053754.098 INFO             PET0 PIOc_sync Enter - MemInfo: [malloc] Space allocated in mmapped regions:          1581056 Byte
20220312 053754.098 INFO             PET0 PIOc_sync Enter - MemInfo: [malloc] Maximum total allocated space:                     0 Byte
20220312 053754.098 INFO             PET0 PIOc_sync Enter - MemInfo: [malloc] Space in freed fastbin blocks:                  1696 Byte
20220312 053754.098 INFO             PET0 PIOc_sync Enter - MemInfo: [malloc] Total allocated space:                      12961664 Byte
20220312 053754.098 INFO             PET0 PIOc_sync Enter - MemInfo: [malloc] Total free space:                           11688064 Byte
20220312 053754.098 INFO             PET0 PIOc_sync Enter - MemInfo: [malloc] Top-most, releasable space:                  6718352 Byte
20220312 053754.098 INFO             PET0 PIOc_sync Enter - MemInfo: [malloc] Total space in use, mmap + non-mmap:        14542720 Byte
20220312 053754.098 INFO             PET0 PIOc_sync Enter - MemInfo: [malloc] Total space held (mmap + non-mmap):         26230784 Byte
20220312 053754.098 INFO             PET0 PIOc_sync Enter - MemInfo: [malloc] Total space used (mmap + non-mmap):         14552064 Byte
20220312 053754.098 INFO             PET0 PIOc_sync Enter - MemInfo: Wall-clock time since execution start:                1.18894 seconds
20220312 053754.098 INFO             PET0 PIOc_sync Exit - MemInfo: [/proc/meminfo - SSI]	MemTotal:       196442820 kB
20220312 053754.098 INFO             PET0 PIOc_sync Exit - MemInfo: [/proc/meminfo - SSI]	MemFree:        186971816 kB
20220312 053754.098 INFO             PET0 PIOc_sync Exit - MemInfo: [/proc/meminfo - SSI]	MemAvailable:   191666116 kB
20220312 053754.098 INFO             PET0 PIOc_sync Exit - MemInfo: [/proc/meminfo - SSI]	Committed_AS:     727980 kB
20220312 053754.098 INFO             PET0 PIOc_sync Exit - MemInfo: [/proc/meminfo - SSI]	CommittedPercent: 0.370581 %
20220312 053754.099 INFO             PET0 PIOc_sync Exit - MemInfo: [/proc/self/status]	VmPeak:	  690656 kB
20220312 053754.099 INFO             PET0 PIOc_sync Exit - MemInfo: [/proc/self/status]	VmSize:	  690380 kB
20220312 053754.099 INFO             PET0 PIOc_sync Exit - MemInfo: [/proc/self/status]	VmLck:	       0 kB
20220312 053754.099 INFO             PET0 PIOc_sync Exit - MemInfo: [/proc/self/status]	VmPin:	       0 kB
20220312 053754.099 INFO             PET0 PIOc_sync Exit - MemInfo: [/proc/self/status]	VmHWM:	   73780 kB
20220312 053754.099 INFO             PET0 PIOc_sync Exit - MemInfo: [/proc/self/status]	VmRSS:	   51312 kB
20220312 053754.099 INFO             PET0 PIOc_sync Exit - MemInfo: [/proc/self/status]	VmData:	  207576 kB
20220312 053754.099 INFO             PET0 PIOc_sync Exit - MemInfo: [/proc/self/status]	VmStk:	     144 kB
20220312 053754.099 INFO             PET0 PIOc_sync Exit - MemInfo: [/proc/self/status]	VmExe:	     344 kB
20220312 053754.099 INFO             PET0 PIOc_sync Exit - MemInfo: [/proc/self/status]	VmLib:	   83112 kB
20220312 053754.099 INFO             PET0 PIOc_sync Exit - MemInfo: [/proc/self/status]	VmPTE:	    1012 kB
20220312 053754.099 INFO             PET0 PIOc_sync Exit - MemInfo: [/proc/self/status]	VmSwap:	       0 kB
20220312 053754.099 INFO             PET0 PIOc_sync Exit - MemInfo: [/proc/self/status]	VmRSSPercent: 0.0261206 %
20220312 053754.099 INFO             PET0 PIOc_sync Exit - MemInfo: [malloc] Non-mmapped space allocated:                24649728 Byte
20220312 053754.099 INFO             PET0 PIOc_sync Exit - MemInfo: [malloc] Space allocated in mmapped regions:          1581056 Byte
20220312 053754.099 INFO             PET0 PIOc_sync Exit - MemInfo: [malloc] Maximum total allocated space:                     0 Byte
20220312 053754.099 INFO             PET0 PIOc_sync Exit - MemInfo: [malloc] Space in freed fastbin blocks:                  1824 Byte
20220312 053754.099 INFO             PET0 PIOc_sync Exit - MemInfo: [malloc] Total allocated space:                      12966416 Byte
20220312 053754.099 INFO             PET0 PIOc_sync Exit - MemInfo: [malloc] Total free space:                           11683312 Byte
20220312 053754.099 INFO             PET0 PIOc_sync Exit - MemInfo: [malloc] Top-most, releasable space:                  6718352 Byte
20220312 053754.099 INFO             PET0 PIOc_sync Exit - MemInfo: [malloc] Total space in use, mmap + non-mmap:        14547472 Byte
20220312 053754.099 INFO             PET0 PIOc_sync Exit - MemInfo: [malloc] Total space held (mmap + non-mmap):         26230784 Byte
20220312 053754.099 INFO             PET0 PIOc_sync Exit - MemInfo: [malloc] Total space used (mmap + non-mmap):         14556816 Byte
20220312 053754.099 INFO             PET0 PIOc_sync Exit - MemInfo: Wall-clock time since execution start:                1.19003 seconds
20220312 053754.100 INFO             PET0 PIOc_freedecomp Enter - MemInfo: [/proc/meminfo - SSI]	MemTotal:       196442820 kB
20220312 053754.100 INFO             PET0 PIOc_freedecomp Enter - MemInfo: [/proc/meminfo - SSI]	MemFree:        186971816 kB
20220312 053754.100 INFO             PET0 PIOc_freedecomp Enter - MemInfo: [/proc/meminfo - SSI]	MemAvailable:   191666116 kB
20220312 053754.100 INFO             PET0 PIOc_freedecomp Enter - MemInfo: [/proc/meminfo - SSI]	Committed_AS:     727980 kB
20220312 053754.100 INFO             PET0 PIOc_freedecomp Enter - MemInfo: [/proc/meminfo - SSI]	CommittedPercent: 0.370581 %
20220312 053754.100 INFO             PET0 PIOc_freedecomp Enter - MemInfo: [/proc/self/status]	VmPeak:	  690656 kB
20220312 053754.100 INFO             PET0 PIOc_freedecomp Enter - MemInfo: [/proc/self/status]	VmSize:	  690380 kB
20220312 053754.100 INFO             PET0 PIOc_freedecomp Enter - MemInfo: [/proc/self/status]	VmLck:	       0 kB
20220312 053754.100 INFO             PET0 PIOc_freedecomp Enter - MemInfo: [/proc/self/status]	VmPin:	       0 kB
20220312 053754.100 INFO             PET0 PIOc_freedecomp Enter - MemInfo: [/proc/self/status]	VmHWM:	   73780 kB
20220312 053754.100 INFO             PET0 PIOc_freedecomp Enter - MemInfo: [/proc/self/status]	VmRSS:	   51312 kB
20220312 053754.100 INFO             PET0 PIOc_freedecomp Enter - MemInfo: [/proc/self/status]	VmData:	  207576 kB
20220312 053754.100 INFO             PET0 PIOc_freedecomp Enter - MemInfo: [/proc/self/status]	VmStk:	     144 kB
20220312 053754.100 INFO             PET0 PIOc_freedecomp Enter - MemInfo: [/proc/self/status]	VmExe:	     344 kB
20220312 053754.100 INFO             PET0 PIOc_freedecomp Enter - MemInfo: [/proc/self/status]	VmLib:	   83112 kB
20220312 053754.100 INFO             PET0 PIOc_freedecomp Enter - MemInfo: [/proc/self/status]	VmPTE:	    1012 kB
20220312 053754.100 INFO             PET0 PIOc_freedecomp Enter - MemInfo: [/proc/self/status]	VmSwap:	       0 kB
20220312 053754.100 INFO             PET0 PIOc_freedecomp Enter - MemInfo: [/proc/self/status]	VmRSSPercent: 0.0261206 %
20220312 053754.100 INFO             PET0 PIOc_freedecomp Enter - MemInfo: [malloc] Non-mmapped space allocated:                24649728 Byte
20220312 053754.100 INFO             PET0 PIOc_freedecomp Enter - MemInfo: [malloc] Space allocated in mmapped regions:          1581056 Byte
20220312 053754.100 INFO             PET0 PIOc_freedecomp Enter - MemInfo: [malloc] Maximum total allocated space:                     0 Byte
20220312 053754.100 INFO             PET0 PIOc_freedecomp Enter - MemInfo: [malloc] Space in freed fastbin blocks:                  1840 Byte
20220312 053754.100 INFO             PET0 PIOc_freedecomp Enter - MemInfo: [malloc] Total allocated space:                       4040192 Byte
20220312 053754.100 INFO             PET0 PIOc_freedecomp Enter - MemInfo: [malloc] Total free space:                           20609536 Byte
20220312 053754.100 INFO             PET0 PIOc_freedecomp Enter - MemInfo: [malloc] Top-most, releasable space:                 15106976 Byte
20220312 053754.100 INFO             PET0 PIOc_freedecomp Enter - MemInfo: [malloc] Total space in use, mmap + non-mmap:         5621248 Byte
20220312 053754.100 INFO             PET0 PIOc_freedecomp Enter - MemInfo: [malloc] Total space held (mmap + non-mmap):         26230784 Byte
20220312 053754.100 INFO             PET0 PIOc_freedecomp Enter - MemInfo: [malloc] Total space used (mmap + non-mmap):          5630592 Byte
20220312 053754.100 INFO             PET0 PIOc_freedecomp Enter - MemInfo: Wall-clock time since execution start:                1.19118 seconds
20220312 053754.100 INFO             PET0 PIOc_freedecomp Exit - MemInfo: [/proc/meminfo - SSI]	MemTotal:       196442820 kB
20220312 053754.100 INFO             PET0 PIOc_freedecomp Exit - MemInfo: [/proc/meminfo - SSI]	MemFree:        186971816 kB
20220312 053754.100 INFO             PET0 PIOc_freedecomp Exit - MemInfo: [/proc/meminfo - SSI]	MemAvailable:   191666116 kB
20220312 053754.100 INFO             PET0 PIOc_freedecomp Exit - MemInfo: [/proc/meminfo - SSI]	Committed_AS:     727980 kB
20220312 053754.100 INFO             PET0 PIOc_freedecomp Exit - MemInfo: [/proc/meminfo - SSI]	CommittedPercent: 0.370581 %
20220312 053754.100 INFO             PET0 PIOc_freedecomp Exit - MemInfo: [/proc/self/status]	VmPeak:	  690656 kB
20220312 053754.100 INFO             PET0 PIOc_freedecomp Exit - MemInfo: [/proc/self/status]	VmSize:	  690380 kB
20220312 053754.100 INFO             PET0 PIOc_freedecomp Exit - MemInfo: [/proc/self/status]	VmLck:	       0 kB
20220312 053754.100 INFO             PET0 PIOc_freedecomp Exit - MemInfo: [/proc/self/status]	VmPin:	       0 kB
20220312 053754.100 INFO             PET0 PIOc_freedecomp Exit - MemInfo: [/proc/self/status]	VmHWM:	   73780 kB
20220312 053754.100 INFO             PET0 PIOc_freedecomp Exit - MemInfo: [/proc/self/status]	VmRSS:	   51316 kB
20220312 053754.100 INFO             PET0 PIOc_freedecomp Exit - MemInfo: [/proc/self/status]	VmData:	  207576 kB
20220312 053754.100 INFO             PET0 PIOc_freedecomp Exit - MemInfo: [/proc/self/status]	VmStk:	     144 kB
20220312 053754.100 INFO             PET0 PIOc_freedecomp Exit - MemInfo: [/proc/self/status]	VmExe:	     344 kB
20220312 053754.100 INFO             PET0 PIOc_freedecomp Exit - MemInfo: [/proc/self/status]	VmLib:	   83112 kB
20220312 053754.100 INFO             PET0 PIOc_freedecomp Exit - MemInfo: [/proc/self/status]	VmPTE:	    1012 kB
20220312 053754.100 INFO             PET0 PIOc_freedecomp Exit - MemInfo: [/proc/self/status]	VmSwap:	       0 kB
20220312 053754.100 INFO             PET0 PIOc_freedecomp Exit - MemInfo: [/proc/self/status]	VmRSSPercent: 0.0261226 %
20220312 053754.100 INFO             PET0 PIOc_freedecomp Exit - MemInfo: [malloc] Non-mmapped space allocated:                24649728 Byte
20220312 053754.100 INFO             PET0 PIOc_freedecomp Exit - MemInfo: [malloc] Space allocated in mmapped regions:          1581056 Byte
20220312 053754.101 INFO             PET0 PIOc_freedecomp Exit - MemInfo: [malloc] Maximum total allocated space:                     0 Byte
20220312 053754.101 INFO             PET0 PIOc_freedecomp Exit - MemInfo: [malloc] Space in freed fastbin blocks:                  3008 Byte
20220312 053754.101 INFO             PET0 PIOc_freedecomp Exit - MemInfo: [malloc] Total allocated space:                       4033424 Byte
20220312 053754.101 INFO             PET0 PIOc_freedecomp Exit - MemInfo: [malloc] Total free space:                           20616304 Byte
20220312 053754.101 INFO             PET0 PIOc_freedecomp Exit - MemInfo: [malloc] Top-most, releasable space:                 15106976 Byte
20220312 053754.101 INFO             PET0 PIOc_freedecomp Exit - MemInfo: [malloc] Total space in use, mmap + non-mmap:         5614480 Byte
20220312 053754.101 INFO             PET0 PIOc_freedecomp Exit - MemInfo: [malloc] Total space held (mmap + non-mmap):         26230784 Byte
20220312 053754.101 INFO             PET0 PIOc_freedecomp Exit - MemInfo: [malloc] Total space used (mmap + non-mmap):          5623840 Byte
20220312 053754.101 INFO             PET0 PIOc_freedecomp Exit - MemInfo: Wall-clock time since execution start:                 1.1918 seconds
20220312 053754.103 INFO             PET0 PIOc_sync Enter - MemInfo: [/proc/meminfo - SSI]	MemTotal:       196442820 kB
20220312 053754.103 INFO             PET0 PIOc_sync Enter - MemInfo: [/proc/meminfo - SSI]	MemFree:        186971816 kB
20220312 053754.103 INFO             PET0 PIOc_sync Enter - MemInfo: [/proc/meminfo - SSI]	MemAvailable:   191666116 kB
20220312 053754.103 INFO             PET0 PIOc_sync Enter - MemInfo: [/proc/meminfo - SSI]	Committed_AS:     727980 kB
20220312 053754.103 INFO             PET0 PIOc_sync Enter - MemInfo: [/proc/meminfo - SSI]	CommittedPercent: 0.370581 %
20220312 053754.103 INFO             PET0 PIOc_sync Enter - MemInfo: [/proc/self/status]	VmPeak:	  690656 kB
20220312 053754.103 INFO             PET0 PIOc_sync Enter - MemInfo: [/proc/self/status]	VmSize:	  690380 kB
20220312 053754.103 INFO             PET0 PIOc_sync Enter - MemInfo: [/proc/self/status]	VmLck:	       0 kB
20220312 053754.103 INFO             PET0 PIOc_sync Enter - MemInfo: [/proc/self/status]	VmPin:	       0 kB
20220312 053754.103 INFO             PET0 PIOc_sync Enter - MemInfo: [/proc/self/status]	VmHWM:	   73780 kB
20220312 053754.103 INFO             PET0 PIOc_sync Enter - MemInfo: [/proc/self/status]	VmRSS:	   51328 kB
20220312 053754.103 INFO             PET0 PIOc_sync Enter - MemInfo: [/proc/self/status]	VmData:	  207576 kB
20220312 053754.103 INFO             PET0 PIOc_sync Enter - MemInfo: [/proc/self/status]	VmStk:	     144 kB
20220312 053754.103 INFO             PET0 PIOc_sync Enter - MemInfo: [/proc/self/status]	VmExe:	     344 kB
20220312 053754.103 INFO             PET0 PIOc_sync Enter - MemInfo: [/proc/self/status]	VmLib:	   83112 kB
20220312 053754.103 INFO             PET0 PIOc_sync Enter - MemInfo: [/proc/self/status]	VmPTE:	    1012 kB
20220312 053754.103 INFO             PET0 PIOc_sync Enter - MemInfo: [/proc/self/status]	VmSwap:	       0 kB
20220312 053754.103 INFO             PET0 PIOc_sync Enter - MemInfo: [/proc/self/status]	VmRSSPercent: 0.0261287 %
20220312 053754.103 INFO             PET0 PIOc_sync Enter - MemInfo: [malloc] Non-mmapped space allocated:                24649728 Byte
20220312 053754.103 INFO             PET0 PIOc_sync Enter - MemInfo: [malloc] Space allocated in mmapped regions:          1581056 Byte
20220312 053754.103 INFO             PET0 PIOc_sync Enter - MemInfo: [malloc] Maximum total allocated space:                     0 Byte
20220312 053754.103 INFO             PET0 PIOc_sync Enter - MemInfo: [malloc] Space in freed fastbin blocks:                  2256 Byte
20220312 053754.103 INFO             PET0 PIOc_sync Enter - MemInfo: [malloc] Total allocated space:                      12962512 Byte
20220312 053754.103 INFO             PET0 PIOc_sync Enter - MemInfo: [malloc] Total free space:                           11687216 Byte
20220312 053754.103 INFO             PET0 PIOc_sync Enter - MemInfo: [malloc] Top-most, releasable space:                  6718352 Byte
20220312 053754.103 INFO             PET0 PIOc_sync Enter - MemInfo: [malloc] Total space in use, mmap + non-mmap:        14543568 Byte
20220312 053754.103 INFO             PET0 PIOc_sync Enter - MemInfo: [malloc] Total space held (mmap + non-mmap):         26230784 Byte
20220312 053754.103 INFO             PET0 PIOc_sync Enter - MemInfo: [malloc] Total space used (mmap + non-mmap):         14552912 Byte
20220312 053754.103 INFO             PET0 PIOc_sync Enter - MemInfo: Wall-clock time since execution start:                1.19458 seconds
20220312 053754.104 INFO             PET0 PIOc_sync Exit - MemInfo: [/proc/meminfo - SSI]	MemTotal:       196442820 kB
20220312 053754.104 INFO             PET0 PIOc_sync Exit - MemInfo: [/proc/meminfo - SSI]	MemFree:        186971816 kB
20220312 053754.104 INFO             PET0 PIOc_sync Exit - MemInfo: [/proc/meminfo - SSI]	MemAvailable:   191666116 kB
20220312 053754.104 INFO             PET0 PIOc_sync Exit - MemInfo: [/proc/meminfo - SSI]	Committed_AS:     727980 kB
20220312 053754.104 INFO             PET0 PIOc_sync Exit - MemInfo: [/proc/meminfo - SSI]	CommittedPercent: 0.370581 %
20220312 053754.104 INFO             PET0 PIOc_sync Exit - MemInfo: [/proc/self/status]	VmPeak:	  690656 kB
20220312 053754.104 INFO             PET0 PIOc_sync Exit - MemInfo: [/proc/self/status]	VmSize:	  690380 kB
20220312 053754.104 INFO             PET0 PIOc_sync Exit - MemInfo: [/proc/self/status]	VmLck:	       0 kB
20220312 053754.104 INFO             PET0 PIOc_sync Exit - MemInfo: [/proc/self/status]	VmPin:	       0 kB
20220312 053754.104 INFO             PET0 PIOc_sync Exit - MemInfo: [/proc/self/status]	VmHWM:	   73780 kB
20220312 053754.104 INFO             PET0 PIOc_sync Exit - MemInfo: [/proc/self/status]	VmRSS:	   51328 kB
20220312 053754.104 INFO             PET0 PIOc_sync Exit - MemInfo: [/proc/self/status]	VmData:	  207576 kB
20220312 053754.104 INFO             PET0 PIOc_sync Exit - MemInfo: [/proc/self/status]	VmStk:	     144 kB
20220312 053754.104 INFO             PET0 PIOc_sync Exit - MemInfo: [/proc/self/status]	VmExe:	     344 kB
20220312 053754.104 INFO             PET0 PIOc_sync Exit - MemInfo: [/proc/self/status]	VmLib:	   83112 kB
20220312 053754.104 INFO             PET0 PIOc_sync Exit - MemInfo: [/proc/self/status]	VmPTE:	    1012 kB
20220312 053754.104 INFO             PET0 PIOc_sync Exit - MemInfo: [/proc/self/status]	VmSwap:	       0 kB
20220312 053754.104 INFO             PET0 PIOc_sync Exit - MemInfo: [/proc/self/status]	VmRSSPercent: 0.0261287 %
20220312 053754.104 INFO             PET0 PIOc_sync Exit - MemInfo: [malloc] Non-mmapped space allocated:                24649728 Byte
20220312 053754.104 INFO             PET0 PIOc_sync Exit - MemInfo: [malloc] Space allocated in mmapped regions:          1581056 Byte
20220312 053754.104 INFO             PET0 PIOc_sync Exit - MemInfo: [malloc] Maximum total allocated space:                     0 Byte
20220312 053754.104 INFO             PET0 PIOc_sync Exit - MemInfo: [malloc] Space in freed fastbin blocks:                  1824 Byte
20220312 053754.104 INFO             PET0 PIOc_sync Exit - MemInfo: [malloc] Total allocated space:                      12967280 Byte
20220312 053754.104 INFO             PET0 PIOc_sync Exit - MemInfo: [malloc] Total free space:                           11682448 Byte
20220312 053754.104 INFO             PET0 PIOc_sync Exit - MemInfo: [malloc] Top-most, releasable space:                  6718352 Byte
20220312 053754.104 INFO             PET0 PIOc_sync Exit - MemInfo: [malloc] Total space in use, mmap + non-mmap:        14548336 Byte
20220312 053754.104 INFO             PET0 PIOc_sync Exit - MemInfo: [malloc] Total space held (mmap + non-mmap):         26230784 Byte
20220312 053754.104 INFO             PET0 PIOc_sync Exit - MemInfo: [malloc] Total space used (mmap + non-mmap):         14557680 Byte
20220312 053754.104 INFO             PET0 PIOc_sync Exit - MemInfo: Wall-clock time since execution start:                1.19546 seconds
20220312 053754.105 INFO             PET0 PIOc_freedecomp Enter - MemInfo: [/proc/meminfo - SSI]	MemTotal:       196442820 kB
20220312 053754.105 INFO             PET0 PIOc_freedecomp Enter - MemInfo: [/proc/meminfo - SSI]	MemFree:        186971816 kB
20220312 053754.105 INFO             PET0 PIOc_freedecomp Enter - MemInfo: [/proc/meminfo - SSI]	MemAvailable:   191666116 kB
20220312 053754.105 INFO             PET0 PIOc_freedecomp Enter - MemInfo: [/proc/meminfo - SSI]	Committed_AS:     727980 kB
20220312 053754.105 INFO             PET0 PIOc_freedecomp Enter - MemInfo: [/proc/meminfo - SSI]	CommittedPercent: 0.370581 %
20220312 053754.105 INFO             PET0 PIOc_freedecomp Enter - MemInfo: [/proc/self/status]	VmPeak:	  690656 kB
20220312 053754.105 INFO             PET0 PIOc_freedecomp Enter - MemInfo: [/proc/self/status]	VmSize:	  690380 kB
20220312 053754.105 INFO             PET0 PIOc_freedecomp Enter - MemInfo: [/proc/self/status]	VmLck:	       0 kB
20220312 053754.105 INFO             PET0 PIOc_freedecomp Enter - MemInfo: [/proc/self/status]	VmPin:	       0 kB
20220312 053754.105 INFO             PET0 PIOc_freedecomp Enter - MemInfo: [/proc/self/status]	VmHWM:	   73780 kB
20220312 053754.105 INFO             PET0 PIOc_freedecomp Enter - MemInfo: [/proc/self/status]	VmRSS:	   51328 kB
20220312 053754.105 INFO             PET0 PIOc_freedecomp Enter - MemInfo: [/proc/self/status]	VmData:	  207576 kB
20220312 053754.105 INFO             PET0 PIOc_freedecomp Enter - MemInfo: [/proc/self/status]	VmStk:	     144 kB
20220312 053754.105 INFO             PET0 PIOc_freedecomp Enter - MemInfo: [/proc/self/status]	VmExe:	     344 kB
20220312 053754.105 INFO             PET0 PIOc_freedecomp Enter - MemInfo: [/proc/self/status]	VmLib:	   83112 kB
20220312 053754.105 INFO             PET0 PIOc_freedecomp Enter - MemInfo: [/proc/self/status]	VmPTE:	    1012 kB
20220312 053754.105 INFO             PET0 PIOc_freedecomp Enter - MemInfo: [/proc/self/status]	VmSwap:	       0 kB
20220312 053754.105 INFO             PET0 PIOc_freedecomp Enter - MemInfo: [/proc/self/status]	VmRSSPercent: 0.0261287 %
20220312 053754.105 INFO             PET0 PIOc_freedecomp Enter - MemInfo: [malloc] Non-mmapped space allocated:                24649728 Byte
20220312 053754.105 INFO             PET0 PIOc_freedecomp Enter - MemInfo: [malloc] Space allocated in mmapped regions:          1581056 Byte
20220312 053754.105 INFO             PET0 PIOc_freedecomp Enter - MemInfo: [malloc] Maximum total allocated space:                     0 Byte
20220312 053754.105 INFO             PET0 PIOc_freedecomp Enter - MemInfo: [malloc] Space in freed fastbin blocks:                  1728 Byte
20220312 053754.105 INFO             PET0 PIOc_freedecomp Enter - MemInfo: [malloc] Total allocated space:                       4040256 Byte
20220312 053754.105 INFO             PET0 PIOc_freedecomp Enter - MemInfo: [malloc] Total free space:                           20609472 Byte
20220312 053754.105 INFO             PET0 PIOc_freedecomp Enter - MemInfo: [malloc] Top-most, releasable space:                 15106976 Byte
20220312 053754.105 INFO             PET0 PIOc_freedecomp Enter - MemInfo: [malloc] Total space in use, mmap + non-mmap:         5621312 Byte
20220312 053754.105 INFO             PET0 PIOc_freedecomp Enter - MemInfo: [malloc] Total space held (mmap + non-mmap):         26230784 Byte
20220312 053754.105 INFO             PET0 PIOc_freedecomp Enter - MemInfo: [malloc] Total space used (mmap + non-mmap):          5630656 Byte
20220312 053754.105 INFO             PET0 PIOc_freedecomp Enter - MemInfo: Wall-clock time since execution start:                1.19646 seconds
20220312 053754.105 INFO             PET0 PIOc_freedecomp Exit - MemInfo: [/proc/meminfo - SSI]	MemTotal:       196442820 kB
20220312 053754.105 INFO             PET0 PIOc_freedecomp Exit - MemInfo: [/proc/meminfo - SSI]	MemFree:        186971816 kB
20220312 053754.106 INFO             PET0 PIOc_freedecomp Exit - MemInfo: [/proc/meminfo - SSI]	MemAvailable:   191666116 kB
20220312 053754.106 INFO             PET0 PIOc_freedecomp Exit - MemInfo: [/proc/meminfo - SSI]	Committed_AS:     727980 kB
20220312 053754.106 INFO             PET0 PIOc_freedecomp Exit - MemInfo: [/proc/meminfo - SSI]	CommittedPercent: 0.370581 %
20220312 053754.106 INFO             PET0 PIOc_freedecomp Exit - MemInfo: [/proc/self/status]	VmPeak:	  690656 kB
20220312 053754.106 INFO             PET0 PIOc_freedecomp Exit - MemInfo: [/proc/self/status]	VmSize:	  690380 kB
20220312 053754.106 INFO             PET0 PIOc_freedecomp Exit - MemInfo: [/proc/self/status]	VmLck:	       0 kB
20220312 053754.106 INFO             PET0 PIOc_freedecomp Exit - MemInfo: [/proc/self/status]	VmPin:	       0 kB
20220312 053754.106 INFO             PET0 PIOc_freedecomp Exit - MemInfo: [/proc/self/status]	VmHWM:	   73780 kB
20220312 053754.106 INFO             PET0 PIOc_freedecomp Exit - MemInfo: [/proc/self/status]	VmRSS:	   51328 kB
20220312 053754.106 INFO             PET0 PIOc_freedecomp Exit - MemInfo: [/proc/self/status]	VmData:	  207576 kB
20220312 053754.106 INFO             PET0 PIOc_freedecomp Exit - MemInfo: [/proc/self/status]	VmStk:	     144 kB
20220312 053754.106 INFO             PET0 PIOc_freedecomp Exit - MemInfo: [/proc/self/status]	VmExe:	     344 kB
20220312 053754.106 INFO             PET0 PIOc_freedecomp Exit - MemInfo: [/proc/self/status]	VmLib:	   83112 kB
20220312 053754.106 INFO             PET0 PIOc_freedecomp Exit - MemInfo: [/proc/self/status]	VmPTE:	    1012 kB
20220312 053754.106 INFO             PET0 PIOc_freedecomp Exit - MemInfo: [/proc/self/status]	VmSwap:	       0 kB
20220312 053754.106 INFO             PET0 PIOc_freedecomp Exit - MemInfo: [/proc/self/status]	VmRSSPercent: 0.0261287 %
20220312 053754.106 INFO             PET0 PIOc_freedecomp Exit - MemInfo: [malloc] Non-mmapped space allocated:                24649728 Byte
20220312 053754.106 INFO             PET0 PIOc_freedecomp Exit - MemInfo: [malloc] Space allocated in mmapped regions:          1581056 Byte
20220312 053754.106 INFO             PET0 PIOc_freedecomp Exit - MemInfo: [malloc] Maximum total allocated space:                     0 Byte
20220312 053754.106 INFO             PET0 PIOc_freedecomp Exit - MemInfo: [malloc] Space in freed fastbin blocks:                  3312 Byte
20220312 053754.106 INFO             PET0 PIOc_freedecomp Exit - MemInfo: [malloc] Total allocated space:                       4033488 Byte
20220312 053754.106 INFO             PET0 PIOc_freedecomp Exit - MemInfo: [malloc] Total free space:                           20616240 Byte
20220312 053754.106 INFO             PET0 PIOc_freedecomp Exit - MemInfo: [malloc] Top-most, releasable space:                 15106976 Byte
20220312 053754.106 INFO             PET0 PIOc_freedecomp Exit - MemInfo: [malloc] Total space in use, mmap + non-mmap:         5614544 Byte
20220312 053754.106 INFO             PET0 PIOc_freedecomp Exit - MemInfo: [malloc] Total space held (mmap + non-mmap):         26230784 Byte
20220312 053754.106 INFO             PET0 PIOc_freedecomp Exit - MemInfo: [malloc] Total space used (mmap + non-mmap):          5623888 Byte
20220312 053754.106 INFO             PET0 PIOc_freedecomp Exit - MemInfo: Wall-clock time since execution start:                1.19706 seconds
20220312 053754.108 INFO             PET0 PIOc_sync Enter - MemInfo: [/proc/meminfo - SSI]	MemTotal:       196442820 kB
20220312 053754.108 INFO             PET0 PIOc_sync Enter - MemInfo: [/proc/meminfo - SSI]	MemFree:        186971708 kB
20220312 053754.108 INFO             PET0 PIOc_sync Enter - MemInfo: [/proc/meminfo - SSI]	MemAvailable:   191666280 kB
20220312 053754.108 INFO             PET0 PIOc_sync Enter - MemInfo: [/proc/meminfo - SSI]	Committed_AS:     727980 kB
20220312 053754.108 INFO             PET0 PIOc_sync Enter - MemInfo: [/proc/meminfo - SSI]	CommittedPercent: 0.370581 %
20220312 053754.108 INFO             PET0 PIOc_sync Enter - MemInfo: [/proc/self/status]	VmPeak:	  690656 kB
20220312 053754.108 INFO             PET0 PIOc_sync Enter - MemInfo: [/proc/self/status]	VmSize:	  690380 kB
20220312 053754.108 INFO             PET0 PIOc_sync Enter - MemInfo: [/proc/self/status]	VmLck:	       0 kB
20220312 053754.108 INFO             PET0 PIOc_sync Enter - MemInfo: [/proc/self/status]	VmPin:	       0 kB
20220312 053754.108 INFO             PET0 PIOc_sync Enter - MemInfo: [/proc/self/status]	VmHWM:	   73780 kB
20220312 053754.108 INFO             PET0 PIOc_sync Enter - MemInfo: [/proc/self/status]	VmRSS:	   51328 kB
20220312 053754.108 INFO             PET0 PIOc_sync Enter - MemInfo: [/proc/self/status]	VmData:	  207576 kB
20220312 053754.108 INFO             PET0 PIOc_sync Enter - MemInfo: [/proc/self/status]	VmStk:	     144 kB
20220312 053754.108 INFO             PET0 PIOc_sync Enter - MemInfo: [/proc/self/status]	VmExe:	     344 kB
20220312 053754.108 INFO             PET0 PIOc_sync Enter - MemInfo: [/proc/self/status]	VmLib:	   83112 kB
20220312 053754.108 INFO             PET0 PIOc_sync Enter - MemInfo: [/proc/self/status]	VmPTE:	    1012 kB
20220312 053754.108 INFO             PET0 PIOc_sync Enter - MemInfo: [/proc/self/status]	VmSwap:	       0 kB
20220312 053754.108 INFO             PET0 PIOc_sync Enter - MemInfo: [/proc/self/status]	VmRSSPercent: 0.0261287 %
20220312 053754.108 INFO             PET0 PIOc_sync Enter - MemInfo: [malloc] Non-mmapped space allocated:                24649728 Byte
20220312 053754.108 INFO             PET0 PIOc_sync Enter - MemInfo: [malloc] Space allocated in mmapped regions:          1581056 Byte
20220312 053754.108 INFO             PET0 PIOc_sync Enter - MemInfo: [malloc] Maximum total allocated space:                     0 Byte
20220312 053754.108 INFO             PET0 PIOc_sync Enter - MemInfo: [malloc] Space in freed fastbin blocks:                  2704 Byte
20220312 053754.108 INFO             PET0 PIOc_sync Enter - MemInfo: [malloc] Total allocated space:                      12963184 Byte
20220312 053754.108 INFO             PET0 PIOc_sync Enter - MemInfo: [malloc] Total free space:                           11686544 Byte
20220312 053754.108 INFO             PET0 PIOc_sync Enter - MemInfo: [malloc] Top-most, releasable space:                  6718352 Byte
20220312 053754.108 INFO             PET0 PIOc_sync Enter - MemInfo: [malloc] Total space in use, mmap + non-mmap:        14544240 Byte
20220312 053754.108 INFO             PET0 PIOc_sync Enter - MemInfo: [malloc] Total space held (mmap + non-mmap):         26230784 Byte
20220312 053754.108 INFO             PET0 PIOc_sync Enter - MemInfo: [malloc] Total space used (mmap + non-mmap):         14553584 Byte
20220312 053754.108 INFO             PET0 PIOc_sync Enter - MemInfo: Wall-clock time since execution start:                1.19896 seconds
20220312 053754.108 INFO             PET0 PIOc_sync Exit - MemInfo: [/proc/meminfo - SSI]	MemTotal:       196442820 kB
20220312 053754.108 INFO             PET0 PIOc_sync Exit - MemInfo: [/proc/meminfo - SSI]	MemFree:        186971708 kB
20220312 053754.108 INFO             PET0 PIOc_sync Exit - MemInfo: [/proc/meminfo - SSI]	MemAvailable:   191666280 kB
20220312 053754.108 INFO             PET0 PIOc_sync Exit - MemInfo: [/proc/meminfo - SSI]	Committed_AS:     727980 kB
20220312 053754.108 INFO             PET0 PIOc_sync Exit - MemInfo: [/proc/meminfo - SSI]	CommittedPercent: 0.370581 %
20220312 053754.108 INFO             PET0 PIOc_sync Exit - MemInfo: [/proc/self/status]	VmPeak:	  690656 kB
20220312 053754.108 INFO             PET0 PIOc_sync Exit - MemInfo: [/proc/self/status]	VmSize:	  690380 kB
20220312 053754.108 INFO             PET0 PIOc_sync Exit - MemInfo: [/proc/self/status]	VmLck:	       0 kB
20220312 053754.108 INFO             PET0 PIOc_sync Exit - MemInfo: [/proc/self/status]	VmPin:	       0 kB
20220312 053754.108 INFO             PET0 PIOc_sync Exit - MemInfo: [/proc/self/status]	VmHWM:	   73780 kB
20220312 053754.108 INFO             PET0 PIOc_sync Exit - MemInfo: [/proc/self/status]	VmRSS:	   51328 kB
20220312 053754.108 INFO             PET0 PIOc_sync Exit - MemInfo: [/proc/self/status]	VmData:	  207576 kB
20220312 053754.108 INFO             PET0 PIOc_sync Exit - MemInfo: [/proc/self/status]	VmStk:	     144 kB
20220312 053754.108 INFO             PET0 PIOc_sync Exit - MemInfo: [/proc/self/status]	VmExe:	     344 kB
20220312 053754.108 INFO             PET0 PIOc_sync Exit - MemInfo: [/proc/self/status]	VmLib:	   83112 kB
20220312 053754.108 INFO             PET0 PIOc_sync Exit - MemInfo: [/proc/self/status]	VmPTE:	    1012 kB
20220312 053754.108 INFO             PET0 PIOc_sync Exit - MemInfo: [/proc/self/status]	VmSwap:	       0 kB
20220312 053754.108 INFO             PET0 PIOc_sync Exit - MemInfo: [/proc/self/status]	VmRSSPercent: 0.0261287 %
20220312 053754.108 INFO             PET0 PIOc_sync Exit - MemInfo: [malloc] Non-mmapped space allocated:                24649728 Byte
20220312 053754.108 INFO             PET0 PIOc_sync Exit - MemInfo: [malloc] Space allocated in mmapped regions:          1581056 Byte
20220312 053754.108 INFO             PET0 PIOc_sync Exit - MemInfo: [malloc] Maximum total allocated space:                     0 Byte
20220312 053754.108 INFO             PET0 PIOc_sync Exit - MemInfo: [malloc] Space in freed fastbin blocks:                  1920 Byte
20220312 053754.108 INFO             PET0 PIOc_sync Exit - MemInfo: [malloc] Total allocated space:                      12967952 Byte
20220312 053754.108 INFO             PET0 PIOc_sync Exit - MemInfo: [malloc] Total free space:                           11681776 Byte
20220312 053754.108 INFO             PET0 PIOc_sync Exit - MemInfo: [malloc] Top-most, releasable space:                  6718352 Byte
20220312 053754.108 INFO             PET0 PIOc_sync Exit - MemInfo: [malloc] Total space in use, mmap + non-mmap:        14549008 Byte
20220312 053754.108 INFO             PET0 PIOc_sync Exit - MemInfo: [malloc] Total space held (mmap + non-mmap):         26230784 Byte
20220312 053754.108 INFO             PET0 PIOc_sync Exit - MemInfo: [malloc] Total space used (mmap + non-mmap):         14558368 Byte
20220312 053754.108 INFO             PET0 PIOc_sync Exit - MemInfo: Wall-clock time since execution start:                1.19959 seconds
20220312 053754.109 INFO             PET0 PIOc_freedecomp Enter - MemInfo: [/proc/meminfo - SSI]	MemTotal:       196442820 kB
20220312 053754.109 INFO             PET0 PIOc_freedecomp Enter - MemInfo: [/proc/meminfo - SSI]	MemFree:        186971708 kB
20220312 053754.109 INFO             PET0 PIOc_freedecomp Enter - MemInfo: [/proc/meminfo - SSI]	MemAvailable:   191666280 kB
20220312 053754.109 INFO             PET0 PIOc_freedecomp Enter - MemInfo: [/proc/meminfo - SSI]	Committed_AS:     727980 kB
20220312 053754.109 INFO             PET0 PIOc_freedecomp Enter - MemInfo: [/proc/meminfo - SSI]	CommittedPercent: 0.370581 %
20220312 053754.109 INFO             PET0 PIOc_freedecomp Enter - MemInfo: [/proc/self/status]	VmPeak:	  690656 kB
20220312 053754.109 INFO             PET0 PIOc_freedecomp Enter - MemInfo: [/proc/self/status]	VmSize:	  690380 kB
20220312 053754.109 INFO             PET0 PIOc_freedecomp Enter - MemInfo: [/proc/self/status]	VmLck:	       0 kB
20220312 053754.109 INFO             PET0 PIOc_freedecomp Enter - MemInfo: [/proc/self/status]	VmPin:	       0 kB
20220312 053754.109 INFO             PET0 PIOc_freedecomp Enter - MemInfo: [/proc/self/status]	VmHWM:	   73780 kB
20220312 053754.109 INFO             PET0 PIOc_freedecomp Enter - MemInfo: [/proc/self/status]	VmRSS:	   51328 kB
20220312 053754.109 INFO             PET0 PIOc_freedecomp Enter - MemInfo: [/proc/self/status]	VmData:	  207576 kB
20220312 053754.109 INFO             PET0 PIOc_freedecomp Enter - MemInfo: [/proc/self/status]	VmStk:	     144 kB
20220312 053754.109 INFO             PET0 PIOc_freedecomp Enter - MemInfo: [/proc/self/status]	VmExe:	     344 kB
20220312 053754.109 INFO             PET0 PIOc_freedecomp Enter - MemInfo: [/proc/self/status]	VmLib:	   83112 kB
20220312 053754.109 INFO             PET0 PIOc_freedecomp Enter - MemInfo: [/proc/self/status]	VmPTE:	    1012 kB
20220312 053754.109 INFO             PET0 PIOc_freedecomp Enter - MemInfo: [/proc/self/status]	VmSwap:	       0 kB
20220312 053754.109 INFO             PET0 PIOc_freedecomp Enter - MemInfo: [/proc/self/status]	VmRSSPercent: 0.0261287 %
20220312 053754.109 INFO             PET0 PIOc_freedecomp Enter - MemInfo: [malloc] Non-mmapped space allocated:                24649728 Byte
20220312 053754.109 INFO             PET0 PIOc_freedecomp Enter - MemInfo: [malloc] Space allocated in mmapped regions:          1581056 Byte
20220312 053754.109 INFO             PET0 PIOc_freedecomp Enter - MemInfo: [malloc] Maximum total allocated space:                     0 Byte
20220312 053754.109 INFO             PET0 PIOc_freedecomp Enter - MemInfo: [malloc] Space in freed fastbin blocks:                  1840 Byte
20220312 053754.109 INFO             PET0 PIOc_freedecomp Enter - MemInfo: [malloc] Total allocated space:                       4040208 Byte
20220312 053754.109 INFO             PET0 PIOc_freedecomp Enter - MemInfo: [malloc] Total free space:                           20609520 Byte
20220312 053754.109 INFO             PET0 PIOc_freedecomp Enter - MemInfo: [malloc] Top-most, releasable space:                 15106976 Byte
20220312 053754.109 INFO             PET0 PIOc_freedecomp Enter - MemInfo: [malloc] Total space in use, mmap + non-mmap:         5621264 Byte
20220312 053754.109 INFO             PET0 PIOc_freedecomp Enter - MemInfo: [malloc] Total space held (mmap + non-mmap):         26230784 Byte
20220312 053754.109 INFO             PET0 PIOc_freedecomp Enter - MemInfo: [malloc] Total space used (mmap + non-mmap):          5630608 Byte
20220312 053754.109 INFO             PET0 PIOc_freedecomp Enter - MemInfo: Wall-clock time since execution start:                1.20021 seconds
20220312 053754.109 INFO             PET0 PIOc_freedecomp Exit - MemInfo: [/proc/meminfo - SSI]	MemTotal:       196442820 kB
20220312 053754.109 INFO             PET0 PIOc_freedecomp Exit - MemInfo: [/proc/meminfo - SSI]	MemFree:        186971708 kB
20220312 053754.109 INFO             PET0 PIOc_freedecomp Exit - MemInfo: [/proc/meminfo - SSI]	MemAvailable:   191666280 kB
20220312 053754.109 INFO             PET0 PIOc_freedecomp Exit - MemInfo: [/proc/meminfo - SSI]	Committed_AS:     727980 kB
20220312 053754.109 INFO             PET0 PIOc_freedecomp Exit - MemInfo: [/proc/meminfo - SSI]	CommittedPercent: 0.370581 %
20220312 053754.109 INFO             PET0 PIOc_freedecomp Exit - MemInfo: [/proc/self/status]	VmPeak:	  690656 kB
20220312 053754.109 INFO             PET0 PIOc_freedecomp Exit - MemInfo: [/proc/self/status]	VmSize:	  690380 kB
20220312 053754.109 INFO             PET0 PIOc_freedecomp Exit - MemInfo: [/proc/self/status]	VmLck:	       0 kB
20220312 053754.109 INFO             PET0 PIOc_freedecomp Exit - MemInfo: [/proc/self/status]	VmPin:	       0 kB
20220312 053754.109 INFO             PET0 PIOc_freedecomp Exit - MemInfo: [/proc/self/status]	VmHWM:	   73780 kB
20220312 053754.109 INFO             PET0 PIOc_freedecomp Exit - MemInfo: [/proc/self/status]	VmRSS:	   51328 kB
20220312 053754.109 INFO             PET0 PIOc_freedecomp Exit - MemInfo: [/proc/self/status]	VmData:	  207576 kB
20220312 053754.109 INFO             PET0 PIOc_freedecomp Exit - MemInfo: [/proc/self/status]	VmStk:	     144 kB
20220312 053754.109 INFO             PET0 PIOc_freedecomp Exit - MemInfo: [/proc/self/status]	VmExe:	     344 kB
20220312 053754.109 INFO             PET0 PIOc_freedecomp Exit - MemInfo: [/proc/self/status]	VmLib:	   83112 kB
20220312 053754.109 INFO             PET0 PIOc_freedecomp Exit - MemInfo: [/proc/self/status]	VmPTE:	    1012 kB
20220312 053754.109 INFO             PET0 PIOc_freedecomp Exit - MemInfo: [/proc/self/status]	VmSwap:	       0 kB
20220312 053754.109 INFO             PET0 PIOc_freedecomp Exit - MemInfo: [/proc/self/status]	VmRSSPercent: 0.0261287 %
20220312 053754.109 INFO             PET0 PIOc_freedecomp Exit - MemInfo: [malloc] Non-mmapped space allocated:                24649728 Byte
20220312 053754.109 INFO             PET0 PIOc_freedecomp Exit - MemInfo: [malloc] Space allocated in mmapped regions:          1581056 Byte
20220312 053754.109 INFO             PET0 PIOc_freedecomp Exit - MemInfo: [malloc] Maximum total allocated space:                     0 Byte
20220312 053754.109 INFO             PET0 PIOc_freedecomp Exit - MemInfo: [malloc] Space in freed fastbin blocks:                  3024 Byte
20220312 053754.109 INFO             PET0 PIOc_freedecomp Exit - MemInfo: [malloc] Total allocated space:                       4033424 Byte
20220312 053754.109 INFO             PET0 PIOc_freedecomp Exit - MemInfo: [malloc] Total free space:                           20616304 Byte
20220312 053754.109 INFO             PET0 PIOc_freedecomp Exit - MemInfo: [malloc] Top-most, releasable space:                 15106976 Byte
20220312 053754.109 INFO             PET0 PIOc_freedecomp Exit - MemInfo: [malloc] Total space in use, mmap + non-mmap:         5614480 Byte
20220312 053754.109 INFO             PET0 PIOc_freedecomp Exit - MemInfo: [malloc] Total space held (mmap + non-mmap):         26230784 Byte
20220312 053754.109 INFO             PET0 PIOc_freedecomp Exit - MemInfo: [malloc] Total space used (mmap + non-mmap):          5623824 Byte
20220312 053754.109 INFO             PET0 PIOc_freedecomp Exit - MemInfo: Wall-clock time since execution start:                1.20057 seconds
20220312 053754.111 INFO             PET0 PIOc_sync Enter - MemInfo: [/proc/meminfo - SSI]	MemTotal:       196442820 kB
20220312 053754.111 INFO             PET0 PIOc_sync Enter - MemInfo: [/proc/meminfo - SSI]	MemFree:        186971956 kB
20220312 053754.111 INFO             PET0 PIOc_sync Enter - MemInfo: [/proc/meminfo - SSI]	MemAvailable:   191666528 kB
20220312 053754.111 INFO             PET0 PIOc_sync Enter - MemInfo: [/proc/meminfo - SSI]	Committed_AS:     727980 kB
20220312 053754.111 INFO             PET0 PIOc_sync Enter - MemInfo: [/proc/meminfo - SSI]	CommittedPercent: 0.370581 %
20220312 053754.111 INFO             PET0 PIOc_sync Enter - MemInfo: [/proc/self/status]	VmPeak:	  690656 kB
20220312 053754.111 INFO             PET0 PIOc_sync Enter - MemInfo: [/proc/self/status]	VmSize:	  690380 kB
20220312 053754.111 INFO             PET0 PIOc_sync Enter - MemInfo: [/proc/self/status]	VmLck:	       0 kB
20220312 053754.111 INFO             PET0 PIOc_sync Enter - MemInfo: [/proc/self/status]	VmPin:	       0 kB
20220312 053754.111 INFO             PET0 PIOc_sync Enter - MemInfo: [/proc/self/status]	VmHWM:	   73780 kB
20220312 053754.111 INFO             PET0 PIOc_sync Enter - MemInfo: [/proc/self/status]	VmRSS:	   51328 kB
20220312 053754.111 INFO             PET0 PIOc_sync Enter - MemInfo: [/proc/self/status]	VmData:	  207576 kB
20220312 053754.111 INFO             PET0 PIOc_sync Enter - MemInfo: [/proc/self/status]	VmStk:	     144 kB
20220312 053754.111 INFO             PET0 PIOc_sync Enter - MemInfo: [/proc/self/status]	VmExe:	     344 kB
20220312 053754.111 INFO             PET0 PIOc_sync Enter - MemInfo: [/proc/self/status]	VmLib:	   83112 kB
20220312 053754.111 INFO             PET0 PIOc_sync Enter - MemInfo: [/proc/self/status]	VmPTE:	    1012 kB
20220312 053754.111 INFO             PET0 PIOc_sync Enter - MemInfo: [/proc/self/status]	VmSwap:	       0 kB
20220312 053754.111 INFO             PET0 PIOc_sync Enter - MemInfo: [/proc/self/status]	VmRSSPercent: 0.0261287 %
20220312 053754.111 INFO             PET0 PIOc_sync Enter - MemInfo: [malloc] Non-mmapped space allocated:                24649728 Byte
20220312 053754.111 INFO             PET0 PIOc_sync Enter - MemInfo: [malloc] Space allocated in mmapped regions:          1581056 Byte
20220312 053754.111 INFO             PET0 PIOc_sync Enter - MemInfo: [malloc] Maximum total allocated space:                     0 Byte
20220312 053754.111 INFO             PET0 PIOc_sync Enter - MemInfo: [malloc] Space in freed fastbin blocks:                  3168 Byte
20220312 053754.111 INFO             PET0 PIOc_sync Enter - MemInfo: [malloc] Total allocated space:                      12963920 Byte
20220312 053754.111 INFO             PET0 PIOc_sync Enter - MemInfo: [malloc] Total free space:                           11685808 Byte
20220312 053754.111 INFO             PET0 PIOc_sync Enter - MemInfo: [malloc] Top-most, releasable space:                  6718352 Byte
20220312 053754.111 INFO             PET0 PIOc_sync Enter - MemInfo: [malloc] Total space in use, mmap + non-mmap:        14544976 Byte
20220312 053754.111 INFO             PET0 PIOc_sync Enter - MemInfo: [malloc] Total space held (mmap + non-mmap):         26230784 Byte
20220312 053754.111 INFO             PET0 PIOc_sync Enter - MemInfo: [malloc] Total space used (mmap + non-mmap):         14554320 Byte
20220312 053754.111 INFO             PET0 PIOc_sync Enter - MemInfo: Wall-clock time since execution start:                1.20253 seconds
20220312 053754.112 INFO             PET0 PIOc_sync Exit - MemInfo: [/proc/meminfo - SSI]	MemTotal:       196442820 kB
20220312 053754.112 INFO             PET0 PIOc_sync Exit - MemInfo: [/proc/meminfo - SSI]	MemFree:        186971956 kB
20220312 053754.112 INFO             PET0 PIOc_sync Exit - MemInfo: [/proc/meminfo - SSI]	MemAvailable:   191666528 kB
20220312 053754.112 INFO             PET0 PIOc_sync Exit - MemInfo: [/proc/meminfo - SSI]	Committed_AS:     727980 kB
20220312 053754.112 INFO             PET0 PIOc_sync Exit - MemInfo: [/proc/meminfo - SSI]	CommittedPercent: 0.370581 %
20220312 053754.112 INFO             PET0 PIOc_sync Exit - MemInfo: [/proc/self/status]	VmPeak:	  690656 kB
20220312 053754.112 INFO             PET0 PIOc_sync Exit - MemInfo: [/proc/self/status]	VmSize:	  690380 kB
20220312 053754.112 INFO             PET0 PIOc_sync Exit - MemInfo: [/proc/self/status]	VmLck:	       0 kB
20220312 053754.112 INFO             PET0 PIOc_sync Exit - MemInfo: [/proc/self/status]	VmPin:	       0 kB
20220312 053754.112 INFO             PET0 PIOc_sync Exit - MemInfo: [/proc/self/status]	VmHWM:	   73780 kB
20220312 053754.112 INFO             PET0 PIOc_sync Exit - MemInfo: [/proc/self/status]	VmRSS:	   51328 kB
20220312 053754.112 INFO             PET0 PIOc_sync Exit - MemInfo: [/proc/self/status]	VmData:	  207576 kB
20220312 053754.112 INFO             PET0 PIOc_sync Exit - MemInfo: [/proc/self/status]	VmStk:	     144 kB
20220312 053754.112 INFO             PET0 PIOc_sync Exit - MemInfo: [/proc/self/status]	VmExe:	     344 kB
20220312 053754.112 INFO             PET0 PIOc_sync Exit - MemInfo: [/proc/self/status]	VmLib:	   83112 kB
20220312 053754.112 INFO             PET0 PIOc_sync Exit - MemInfo: [/proc/self/status]	VmPTE:	    1012 kB
20220312 053754.112 INFO             PET0 PIOc_sync Exit - MemInfo: [/proc/self/status]	VmSwap:	       0 kB
20220312 053754.112 INFO             PET0 PIOc_sync Exit - MemInfo: [/proc/self/status]	VmRSSPercent: 0.0261287 %
20220312 053754.112 INFO             PET0 PIOc_sync Exit - MemInfo: [malloc] Non-mmapped space allocated:                24649728 Byte
20220312 053754.112 INFO             PET0 PIOc_sync Exit - MemInfo: [malloc] Space allocated in mmapped regions:          1581056 Byte
20220312 053754.112 INFO             PET0 PIOc_sync Exit - MemInfo: [malloc] Maximum total allocated space:                     0 Byte
20220312 053754.112 INFO             PET0 PIOc_sync Exit - MemInfo: [malloc] Space in freed fastbin blocks:                  1824 Byte
20220312 053754.112 INFO             PET0 PIOc_sync Exit - MemInfo: [malloc] Total allocated space:                      12968688 Byte
20220312 053754.112 INFO             PET0 PIOc_sync Exit - MemInfo: [malloc] Total free space:                           11681040 Byte
20220312 053754.112 INFO             PET0 PIOc_sync Exit - MemInfo: [malloc] Top-most, releasable space:                  6718352 Byte
20220312 053754.112 INFO             PET0 PIOc_sync Exit - MemInfo: [malloc] Total space in use, mmap + non-mmap:        14549744 Byte
20220312 053754.112 INFO             PET0 PIOc_sync Exit - MemInfo: [malloc] Total space held (mmap + non-mmap):         26230784 Byte
20220312 053754.112 INFO             PET0 PIOc_sync Exit - MemInfo: [malloc] Total space used (mmap + non-mmap):         14559088 Byte
20220312 053754.112 INFO             PET0 PIOc_sync Exit - MemInfo: Wall-clock time since execution start:                1.20301 seconds
20220312 053754.112 INFO             PET0 PIOc_freedecomp Enter - MemInfo: [/proc/meminfo - SSI]	MemTotal:       196442820 kB
20220312 053754.112 INFO             PET0 PIOc_freedecomp Enter - MemInfo: [/proc/meminfo - SSI]	MemFree:        186971956 kB
20220312 053754.112 INFO             PET0 PIOc_freedecomp Enter - MemInfo: [/proc/meminfo - SSI]	MemAvailable:   191666528 kB
20220312 053754.112 INFO             PET0 PIOc_freedecomp Enter - MemInfo: [/proc/meminfo - SSI]	Committed_AS:     727980 kB
20220312 053754.112 INFO             PET0 PIOc_freedecomp Enter - MemInfo: [/proc/meminfo - SSI]	CommittedPercent: 0.370581 %
20220312 053754.112 INFO             PET0 PIOc_freedecomp Enter - MemInfo: [/proc/self/status]	VmPeak:	  690656 kB
20220312 053754.112 INFO             PET0 PIOc_freedecomp Enter - MemInfo: [/proc/self/status]	VmSize:	  690380 kB
20220312 053754.112 INFO             PET0 PIOc_freedecomp Enter - MemInfo: [/proc/self/status]	VmLck:	       0 kB
20220312 053754.112 INFO             PET0 PIOc_freedecomp Enter - MemInfo: [/proc/self/status]	VmPin:	       0 kB
20220312 053754.112 INFO             PET0 PIOc_freedecomp Enter - MemInfo: [/proc/self/status]	VmHWM:	   73780 kB
20220312 053754.112 INFO             PET0 PIOc_freedecomp Enter - MemInfo: [/proc/self/status]	VmRSS:	   51328 kB
20220312 053754.112 INFO             PET0 PIOc_freedecomp Enter - MemInfo: [/proc/self/status]	VmData:	  207576 kB
20220312 053754.112 INFO             PET0 PIOc_freedecomp Enter - MemInfo: [/proc/self/status]	VmStk:	     144 kB
20220312 053754.112 INFO             PET0 PIOc_freedecomp Enter - MemInfo: [/proc/self/status]	VmExe:	     344 kB
20220312 053754.112 INFO             PET0 PIOc_freedecomp Enter - MemInfo: [/proc/self/status]	VmLib:	   83112 kB
20220312 053754.112 INFO             PET0 PIOc_freedecomp Enter - MemInfo: [/proc/self/status]	VmPTE:	    1012 kB
20220312 053754.112 INFO             PET0 PIOc_freedecomp Enter - MemInfo: [/proc/self/status]	VmSwap:	       0 kB
20220312 053754.112 INFO             PET0 PIOc_freedecomp Enter - MemInfo: [/proc/self/status]	VmRSSPercent: 0.0261287 %
20220312 053754.113 INFO             PET0 PIOc_freedecomp Enter - MemInfo: [malloc] Non-mmapped space allocated:                24649728 Byte
20220312 053754.113 INFO             PET0 PIOc_freedecomp Enter - MemInfo: [malloc] Space allocated in mmapped regions:          1581056 Byte
20220312 053754.113 INFO             PET0 PIOc_freedecomp Enter - MemInfo: [malloc] Maximum total allocated space:                     0 Byte
20220312 053754.113 INFO             PET0 PIOc_freedecomp Enter - MemInfo: [malloc] Space in freed fastbin blocks:                  1840 Byte
20220312 053754.113 INFO             PET0 PIOc_freedecomp Enter - MemInfo: [malloc] Total allocated space:                       4040176 Byte
20220312 053754.113 INFO             PET0 PIOc_freedecomp Enter - MemInfo: [malloc] Total free space:                           20609552 Byte
20220312 053754.113 INFO             PET0 PIOc_freedecomp Enter - MemInfo: [malloc] Top-most, releasable space:                 15106976 Byte
20220312 053754.113 INFO             PET0 PIOc_freedecomp Enter - MemInfo: [malloc] Total space in use, mmap + non-mmap:         5621232 Byte
20220312 053754.113 INFO             PET0 PIOc_freedecomp Enter - MemInfo: [malloc] Total space held (mmap + non-mmap):         26230784 Byte
20220312 053754.113 INFO             PET0 PIOc_freedecomp Enter - MemInfo: [malloc] Total space used (mmap + non-mmap):          5630576 Byte
20220312 053754.113 INFO             PET0 PIOc_freedecomp Enter - MemInfo: Wall-clock time since execution start:                1.20374 seconds
20220312 053754.113 INFO             PET0 PIOc_freedecomp Exit - MemInfo: [/proc/meminfo - SSI]	MemTotal:       196442820 kB
20220312 053754.113 INFO             PET0 PIOc_freedecomp Exit - MemInfo: [/proc/meminfo - SSI]	MemFree:        186971956 kB
20220312 053754.113 INFO             PET0 PIOc_freedecomp Exit - MemInfo: [/proc/meminfo - SSI]	MemAvailable:   191666528 kB
20220312 053754.113 INFO             PET0 PIOc_freedecomp Exit - MemInfo: [/proc/meminfo - SSI]	Committed_AS:     727980 kB
20220312 053754.113 INFO             PET0 PIOc_freedecomp Exit - MemInfo: [/proc/meminfo - SSI]	CommittedPercent: 0.370581 %
20220312 053754.113 INFO             PET0 PIOc_freedecomp Exit - MemInfo: [/proc/self/status]	VmPeak:	  690656 kB
20220312 053754.113 INFO             PET0 PIOc_freedecomp Exit - MemInfo: [/proc/self/status]	VmSize:	  690380 kB
20220312 053754.113 INFO             PET0 PIOc_freedecomp Exit - MemInfo: [/proc/self/status]	VmLck:	       0 kB
20220312 053754.113 INFO             PET0 PIOc_freedecomp Exit - MemInfo: [/proc/self/status]	VmPin:	       0 kB
20220312 053754.113 INFO             PET0 PIOc_freedecomp Exit - MemInfo: [/proc/self/status]	VmHWM:	   73780 kB
20220312 053754.113 INFO             PET0 PIOc_freedecomp Exit - MemInfo: [/proc/self/status]	VmRSS:	   51328 kB
20220312 053754.113 INFO             PET0 PIOc_freedecomp Exit - MemInfo: [/proc/self/status]	VmData:	  207576 kB
20220312 053754.113 INFO             PET0 PIOc_freedecomp Exit - MemInfo: [/proc/self/status]	VmStk:	     144 kB
20220312 053754.113 INFO             PET0 PIOc_freedecomp Exit - MemInfo: [/proc/self/status]	VmExe:	     344 kB
20220312 053754.113 INFO             PET0 PIOc_freedecomp Exit - MemInfo: [/proc/self/status]	VmLib:	   83112 kB
20220312 053754.113 INFO             PET0 PIOc_freedecomp Exit - MemInfo: [/proc/self/status]	VmPTE:	    1012 kB
20220312 053754.113 INFO             PET0 PIOc_freedecomp Exit - MemInfo: [/proc/self/status]	VmSwap:	       0 kB
20220312 053754.113 INFO             PET0 PIOc_freedecomp Exit - MemInfo: [/proc/self/status]	VmRSSPercent: 0.0261287 %
20220312 053754.113 INFO             PET0 PIOc_freedecomp Exit - MemInfo: [malloc] Non-mmapped space allocated:                24649728 Byte
20220312 053754.113 INFO             PET0 PIOc_freedecomp Exit - MemInfo: [malloc] Space allocated in mmapped regions:          1581056 Byte
20220312 053754.113 INFO             PET0 PIOc_freedecomp Exit - MemInfo: [malloc] Maximum total allocated space:                     0 Byte
20220312 053754.113 INFO             PET0 PIOc_freedecomp Exit - MemInfo: [malloc] Space in freed fastbin blocks:                  3056 Byte
20220312 053754.113 INFO             PET0 PIOc_freedecomp Exit - MemInfo: [malloc] Total allocated space:                       4033392 Byte
20220312 053754.113 INFO             PET0 PIOc_freedecomp Exit - MemInfo: [malloc] Total free space:                           20616336 Byte
20220312 053754.113 INFO             PET0 PIOc_freedecomp Exit - MemInfo: [malloc] Top-most, releasable space:                 15106976 Byte
20220312 053754.113 INFO             PET0 PIOc_freedecomp Exit - MemInfo: [malloc] Total space in use, mmap + non-mmap:         5614448 Byte
20220312 053754.113 INFO             PET0 PIOc_freedecomp Exit - MemInfo: [malloc] Total space held (mmap + non-mmap):         26230784 Byte
20220312 053754.113 INFO             PET0 PIOc_freedecomp Exit - MemInfo: [malloc] Total space used (mmap + non-mmap):          5623792 Byte
20220312 053754.113 INFO             PET0 PIOc_freedecomp Exit - MemInfo: Wall-clock time since execution start:                 1.2041 seconds
20220312 053754.115 INFO             PET0  PASS  Test RouteHandleDestroy(), ESMF_RouteHandleAdvancedUTest.F90, line 633
20220312 053754.115 INFO             PET0  PASS  Apply the copied Routehandle, ESMF_RouteHandleAdvancedUTest.F90, line 643
20220312 053754.115 INFO             PET0  PASS  Test RouteHandleDestroy() for the copied Routehandle, ESMF_RouteHandleAdvancedUTest.F90, line 651
20220312 053754.115 INFO             PET0  PASS  Test ESMF_DynamicMaskSetR4R4R4(), ESMF_RouteHandleAdvancedUTest.F90, line 716
20220312 053754.115 INFO             PET0  PASS  Test ESMF_DynamicMaskSetR4R4R4V(), ESMF_RouteHandleAdvancedUTest.F90, line 725
20220312 053754.115 INFO             PET0  PASS  Test ESMF_DynamicMaskSetR4R8R4V(), ESMF_RouteHandleAdvancedUTest.F90, line 734
20220312 053754.115 INFO             PET0  Ending Test, file ESMF_RouteHandleAdvancedUTest.F90, line 749
20220312 053754.115 INFO             PET0 Finalizing ESMF
20220312 053752.917 INFO             PET1 !!!!!!!!!!!!!!!!!!!!!!!!!!!!!!!!!!!!!!!!!!!!!!!!!!!!!!
20220312 053752.917 INFO             PET1 !!! THE ESMF_LOG IS SET TO OUTPUT ALL LOG MESSAGES !!!
20220312 053752.917 INFO             PET1 !!!     THIS MAY CAUSE SLOWDOWN IN PERFORMANCE     !!!
20220312 053752.917 INFO             PET1 !!! FOR PRODUCTION RUNS, USE:                      !!!
20220312 053752.917 INFO             PET1 !!!                   ESMF_LOGKIND_Multi_On_Error  !!!
20220312 053752.917 INFO             PET1 !!!!!!!!!!!!!!!!!!!!!!!!!!!!!!!!!!!!!!!!!!!!!!!!!!!!!!
20220312 053752.917 INFO             PET1 Running with ESMF Version   : v8.3.0b09-96-g559b459
20220312 053752.917 INFO             PET1 ESMF library build date/time: "Mar 12 2022" "04:14:42"
20220312 053752.917 INFO             PET1 ESMF library build location : /work/noaa/da/mpotts/sandbox/gfortran_8.3.0_openmpi_g_jedwards_pio_update2
20220312 053752.917 INFO             PET1 ESMF_COMM                   : openmpi
20220312 053752.918 INFO             PET1 ESMF_MOAB                   : enabled
20220312 053752.918 INFO             PET1 ESMF_LAPACK                 : enabled
20220312 053752.918 INFO             PET1 ESMF_NETCDF                 : enabled
20220312 053752.918 INFO             PET1 ESMF_PNETCDF                : disabled
20220312 053752.918 INFO             PET1 ESMF_PIO                    : enabled
20220312 053752.918 INFO             PET1 ESMF_YAMLCPP                : enabled
20220312 053752.918 INFO             PET1  Beginning Test, file ESMF_RouteHandleAdvancedUTest.F90, line 346
20220312 053752.918 INFO             PET1  NUMBER_OF_PROCESSORS           4
20220312 053752.929 INFO             PET1 ESMF_FieldRedistStoreNF(): Just entered routine.
20220312 053753.501 INFO             PET1 ESMF_FieldRedistStoreNF(): Leaving routine.
20220312 053753.501 INFO             PET1  PASS  Create RouteHandle for the original petList, ESMF_RouteHandleAdvancedUTest.F90, line 511
20220312 053753.501 INFO             PET1  PASS  Test RouteHandleIsCreated(), ESMF_RouteHandleAdvancedUTest.F90, line 519
20220312 053753.501 INFO             PET1  PASS  Test RouteHandleIsCreated() return value, ESMF_RouteHandleAdvancedUTest.F90, line 526
20220312 053753.501 INFO             PET1  PASS  Test RouteHandleGet(), ESMF_RouteHandleAdvancedUTest.F90, line 534
20220312 053753.509 INFO             PET1  PASS  Test RouteHandleWrite(), ESMF_RouteHandleAdvancedUTest.F90, line 542
20220312 053753.509 INFO             PET1  PASS  Test RouteHandleDestroy(), ESMF_RouteHandleAdvancedUTest.F90, line 550
20220312 053753.511 INFO             PET1  PASS  Test RouteHandleCreate(from file), ESMF_RouteHandleAdvancedUTest.F90, line 558
20220312 053753.513 INFO             PET1  PASS  Apply the read in Routehandle, ESMF_RouteHandleAdvancedUTest.F90, line 567
20220312 053753.513 INFO             PET1  PASS  Test RouteHandleDestroy() for the read in Routehandle, ESMF_RouteHandleAdvancedUTest.F90, line 575
20220312 053753.513 INFO             PET1 ESMF_FieldRedistStoreNF(): Just entered routine.
20220312 053754.079 INFO             PET1 ESMF_FieldRedistStoreNF(): Leaving routine.
20220312 053754.079 INFO             PET1  PASS  Create RouteHandle for the original petList, ESMF_RouteHandleAdvancedUTest.F90, line 585
20220312 053754.079 INFO             PET1  PASS  Transfer RouteHandle to a different petList, ESMF_RouteHandleAdvancedUTest.F90, line 602
20220312 053754.097 INFO             PET1 PIOc_sync Enter - MemInfo: [/proc/meminfo - SSI]	MemTotal:       196442820 kB
20220312 053754.097 INFO             PET1 PIOc_sync Enter - MemInfo: [/proc/meminfo - SSI]	MemFree:        186971816 kB
20220312 053754.097 INFO             PET1 PIOc_sync Enter - MemInfo: [/proc/meminfo - SSI]	MemAvailable:   191666620 kB
20220312 053754.097 INFO             PET1 PIOc_sync Enter - MemInfo: [/proc/meminfo - SSI]	Committed_AS:     727980 kB
20220312 053754.097 INFO             PET1 PIOc_sync Enter - MemInfo: [/proc/meminfo - SSI]	CommittedPercent: 0.370581 %
20220312 053754.097 INFO             PET1 PIOc_sync Enter - MemInfo: [/proc/self/status]	VmPeak:	  690660 kB
20220312 053754.097 INFO             PET1 PIOc_sync Enter - MemInfo: [/proc/self/status]	VmSize:	  690172 kB
20220312 053754.097 INFO             PET1 PIOc_sync Enter - MemInfo: [/proc/self/status]	VmLck:	       0 kB
20220312 053754.097 INFO             PET1 PIOc_sync Enter - MemInfo: [/proc/self/status]	VmPin:	       0 kB
20220312 053754.097 INFO             PET1 PIOc_sync Enter - MemInfo: [/proc/self/status]	VmHWM:	   71744 kB
20220312 053754.097 INFO             PET1 PIOc_sync Enter - MemInfo: [/proc/self/status]	VmRSS:	   44092 kB
20220312 053754.097 INFO             PET1 PIOc_sync Enter - MemInfo: [/proc/self/status]	VmData:	  207368 kB
20220312 053754.097 INFO             PET1 PIOc_sync Enter - MemInfo: [/proc/self/status]	VmStk:	     144 kB
20220312 053754.097 INFO             PET1 PIOc_sync Enter - MemInfo: [/proc/self/status]	VmExe:	     344 kB
20220312 053754.097 INFO             PET1 PIOc_sync Enter - MemInfo: [/proc/self/status]	VmLib:	   83112 kB
20220312 053754.097 INFO             PET1 PIOc_sync Enter - MemInfo: [/proc/self/status]	VmPTE:	     964 kB
20220312 053754.097 INFO             PET1 PIOc_sync Enter - MemInfo: [/proc/self/status]	VmSwap:	       0 kB
20220312 053754.097 INFO             PET1 PIOc_sync Enter - MemInfo: [/proc/self/status]	VmRSSPercent: 0.0224452 %
20220312 053754.097 INFO             PET1 PIOc_sync Enter - MemInfo: [malloc] Non-mmapped space allocated:                24436736 Byte
20220312 053754.097 INFO             PET1 PIOc_sync Enter - MemInfo: [malloc] Space allocated in mmapped regions:          1581056 Byte
20220312 053754.097 INFO             PET1 PIOc_sync Enter - MemInfo: [malloc] Maximum total allocated space:                     0 Byte
20220312 053754.097 INFO             PET1 PIOc_sync Enter - MemInfo: [malloc] Space in freed fastbin blocks:                  1120 Byte
20220312 053754.097 INFO             PET1 PIOc_sync Enter - MemInfo: [malloc] Total allocated space:                       3717040 Byte
20220312 053754.097 INFO             PET1 PIOc_sync Enter - MemInfo: [malloc] Total free space:                           20719696 Byte
20220312 053754.097 INFO             PET1 PIOc_sync Enter - MemInfo: [malloc] Top-most, releasable space:                 14789312 Byte
20220312 053754.097 INFO             PET1 PIOc_sync Enter - MemInfo: [malloc] Total space in use, mmap + non-mmap:         5298096 Byte
20220312 053754.097 INFO             PET1 PIOc_sync Enter - MemInfo: [malloc] Total space held (mmap + non-mmap):         26017792 Byte
20220312 053754.097 INFO             PET1 PIOc_sync Enter - MemInfo: [malloc] Total space used (mmap + non-mmap):          5307440 Byte
20220312 053754.097 INFO             PET1 PIOc_sync Enter - MemInfo: Wall-clock time since execution start:                1.18975 seconds
20220312 053754.098 INFO             PET1 PIOc_sync Exit - MemInfo: [/proc/meminfo - SSI]	MemTotal:       196442820 kB
20220312 053754.098 INFO             PET1 PIOc_sync Exit - MemInfo: [/proc/meminfo - SSI]	MemFree:        186971816 kB
20220312 053754.098 INFO             PET1 PIOc_sync Exit - MemInfo: [/proc/meminfo - SSI]	MemAvailable:   191666116 kB
20220312 053754.098 INFO             PET1 PIOc_sync Exit - MemInfo: [/proc/meminfo - SSI]	Committed_AS:     727980 kB
20220312 053754.098 INFO             PET1 PIOc_sync Exit - MemInfo: [/proc/meminfo - SSI]	CommittedPercent: 0.370581 %
20220312 053754.098 INFO             PET1 PIOc_sync Exit - MemInfo: [/proc/self/status]	VmPeak:	  690660 kB
20220312 053754.098 INFO             PET1 PIOc_sync Exit - MemInfo: [/proc/self/status]	VmSize:	  690172 kB
20220312 053754.098 INFO             PET1 PIOc_sync Exit - MemInfo: [/proc/self/status]	VmLck:	       0 kB
20220312 053754.098 INFO             PET1 PIOc_sync Exit - MemInfo: [/proc/self/status]	VmPin:	       0 kB
20220312 053754.098 INFO             PET1 PIOc_sync Exit - MemInfo: [/proc/self/status]	VmHWM:	   71744 kB
20220312 053754.098 INFO             PET1 PIOc_sync Exit - MemInfo: [/proc/self/status]	VmRSS:	   44156 kB
20220312 053754.098 INFO             PET1 PIOc_sync Exit - MemInfo: [/proc/self/status]	VmData:	  207368 kB
20220312 053754.098 INFO             PET1 PIOc_sync Exit - MemInfo: [/proc/self/status]	VmStk:	     144 kB
20220312 053754.098 INFO             PET1 PIOc_sync Exit - MemInfo: [/proc/self/status]	VmExe:	     344 kB
20220312 053754.098 INFO             PET1 PIOc_sync Exit - MemInfo: [/proc/self/status]	VmLib:	   83112 kB
20220312 053754.098 INFO             PET1 PIOc_sync Exit - MemInfo: [/proc/self/status]	VmPTE:	     964 kB
20220312 053754.098 INFO             PET1 PIOc_sync Exit - MemInfo: [/proc/self/status]	VmSwap:	       0 kB
20220312 053754.098 INFO             PET1 PIOc_sync Exit - MemInfo: [/proc/self/status]	VmRSSPercent: 0.0224778 %
20220312 053754.098 INFO             PET1 PIOc_sync Exit - MemInfo: [malloc] Non-mmapped space allocated:                24436736 Byte
20220312 053754.098 INFO             PET1 PIOc_sync Exit - MemInfo: [malloc] Space allocated in mmapped regions:          1581056 Byte
20220312 053754.098 INFO             PET1 PIOc_sync Exit - MemInfo: [malloc] Maximum total allocated space:                     0 Byte
20220312 053754.098 INFO             PET1 PIOc_sync Exit - MemInfo: [malloc] Space in freed fastbin blocks:                  1664 Byte
20220312 053754.098 INFO             PET1 PIOc_sync Exit - MemInfo: [malloc] Total allocated space:                       3716960 Byte
20220312 053754.098 INFO             PET1 PIOc_sync Exit - MemInfo: [malloc] Total free space:                           20719776 Byte
20220312 053754.098 INFO             PET1 PIOc_sync Exit - MemInfo: [malloc] Top-most, releasable space:                 14789312 Byte
20220312 053754.098 INFO             PET1 PIOc_sync Exit - MemInfo: [malloc] Total space in use, mmap + non-mmap:         5298016 Byte
20220312 053754.098 INFO             PET1 PIOc_sync Exit - MemInfo: [malloc] Total space held (mmap + non-mmap):         26017792 Byte
20220312 053754.098 INFO             PET1 PIOc_sync Exit - MemInfo: [malloc] Total space used (mmap + non-mmap):          5307360 Byte
20220312 053754.098 INFO             PET1 PIOc_sync Exit - MemInfo: Wall-clock time since execution start:                1.19104 seconds
20220312 053754.099 INFO             PET1 PIOc_freedecomp Enter - MemInfo: [/proc/meminfo - SSI]	MemTotal:       196442820 kB
20220312 053754.099 INFO             PET1 PIOc_freedecomp Enter - MemInfo: [/proc/meminfo - SSI]	MemFree:        186971816 kB
20220312 053754.099 INFO             PET1 PIOc_freedecomp Enter - MemInfo: [/proc/meminfo - SSI]	MemAvailable:   191666116 kB
20220312 053754.099 INFO             PET1 PIOc_freedecomp Enter - MemInfo: [/proc/meminfo - SSI]	Committed_AS:     727980 kB
20220312 053754.099 INFO             PET1 PIOc_freedecomp Enter - MemInfo: [/proc/meminfo - SSI]	CommittedPercent: 0.370581 %
20220312 053754.099 INFO             PET1 PIOc_freedecomp Enter - MemInfo: [/proc/self/status]	VmPeak:	  690660 kB
20220312 053754.099 INFO             PET1 PIOc_freedecomp Enter - MemInfo: [/proc/self/status]	VmSize:	  690172 kB
20220312 053754.099 INFO             PET1 PIOc_freedecomp Enter - MemInfo: [/proc/self/status]	VmLck:	       0 kB
20220312 053754.099 INFO             PET1 PIOc_freedecomp Enter - MemInfo: [/proc/self/status]	VmPin:	       0 kB
20220312 053754.099 INFO             PET1 PIOc_freedecomp Enter - MemInfo: [/proc/self/status]	VmHWM:	   71744 kB
20220312 053754.099 INFO             PET1 PIOc_freedecomp Enter - MemInfo: [/proc/self/status]	VmRSS:	   44156 kB
20220312 053754.099 INFO             PET1 PIOc_freedecomp Enter - MemInfo: [/proc/self/status]	VmData:	  207368 kB
20220312 053754.099 INFO             PET1 PIOc_freedecomp Enter - MemInfo: [/proc/self/status]	VmStk:	     144 kB
20220312 053754.099 INFO             PET1 PIOc_freedecomp Enter - MemInfo: [/proc/self/status]	VmExe:	     344 kB
20220312 053754.099 INFO             PET1 PIOc_freedecomp Enter - MemInfo: [/proc/self/status]	VmLib:	   83112 kB
20220312 053754.099 INFO             PET1 PIOc_freedecomp Enter - MemInfo: [/proc/self/status]	VmPTE:	     964 kB
20220312 053754.100 INFO             PET1 PIOc_freedecomp Enter - MemInfo: [/proc/self/status]	VmSwap:	       0 kB
20220312 053754.100 INFO             PET1 PIOc_freedecomp Enter - MemInfo: [/proc/self/status]	VmRSSPercent: 0.0224778 %
20220312 053754.100 INFO             PET1 PIOc_freedecomp Enter - MemInfo: [malloc] Non-mmapped space allocated:                24436736 Byte
20220312 053754.100 INFO             PET1 PIOc_freedecomp Enter - MemInfo: [malloc] Space allocated in mmapped regions:          1581056 Byte
20220312 053754.100 INFO             PET1 PIOc_freedecomp Enter - MemInfo: [malloc] Maximum total allocated space:                     0 Byte
20220312 053754.100 INFO             PET1 PIOc_freedecomp Enter - MemInfo: [malloc] Space in freed fastbin blocks:                  1856 Byte
20220312 053754.100 INFO             PET1 PIOc_freedecomp Enter - MemInfo: [malloc] Total allocated space:                       3715328 Byte
20220312 053754.100 INFO             PET1 PIOc_freedecomp Enter - MemInfo: [malloc] Total free space:                           20721408 Byte
20220312 053754.100 INFO             PET1 PIOc_freedecomp Enter - MemInfo: [malloc] Top-most, releasable space:                 14789312 Byte
20220312 053754.100 INFO             PET1 PIOc_freedecomp Enter - MemInfo: [malloc] Total space in use, mmap + non-mmap:         5296384 Byte
20220312 053754.100 INFO             PET1 PIOc_freedecomp Enter - MemInfo: [malloc] Total space held (mmap + non-mmap):         26017792 Byte
20220312 053754.100 INFO             PET1 PIOc_freedecomp Enter - MemInfo: [malloc] Total space used (mmap + non-mmap):          5305728 Byte
20220312 053754.100 INFO             PET1 PIOc_freedecomp Enter - MemInfo: Wall-clock time since execution start:                1.19228 seconds
20220312 053754.100 INFO             PET1 PIOc_freedecomp Exit - MemInfo: [/proc/meminfo - SSI]	MemTotal:       196442820 kB
20220312 053754.100 INFO             PET1 PIOc_freedecomp Exit - MemInfo: [/proc/meminfo - SSI]	MemFree:        186971816 kB
20220312 053754.100 INFO             PET1 PIOc_freedecomp Exit - MemInfo: [/proc/meminfo - SSI]	MemAvailable:   191666116 kB
20220312 053754.100 INFO             PET1 PIOc_freedecomp Exit - MemInfo: [/proc/meminfo - SSI]	Committed_AS:     727980 kB
20220312 053754.100 INFO             PET1 PIOc_freedecomp Exit - MemInfo: [/proc/meminfo - SSI]	CommittedPercent: 0.370581 %
20220312 053754.100 INFO             PET1 PIOc_freedecomp Exit - MemInfo: [/proc/self/status]	VmPeak:	  690660 kB
20220312 053754.100 INFO             PET1 PIOc_freedecomp Exit - MemInfo: [/proc/self/status]	VmSize:	  690172 kB
20220312 053754.100 INFO             PET1 PIOc_freedecomp Exit - MemInfo: [/proc/self/status]	VmLck:	       0 kB
20220312 053754.100 INFO             PET1 PIOc_freedecomp Exit - MemInfo: [/proc/self/status]	VmPin:	       0 kB
20220312 053754.100 INFO             PET1 PIOc_freedecomp Exit - MemInfo: [/proc/self/status]	VmHWM:	   71744 kB
20220312 053754.100 INFO             PET1 PIOc_freedecomp Exit - MemInfo: [/proc/self/status]	VmRSS:	   44160 kB
20220312 053754.100 INFO             PET1 PIOc_freedecomp Exit - MemInfo: [/proc/self/status]	VmData:	  207368 kB
20220312 053754.100 INFO             PET1 PIOc_freedecomp Exit - MemInfo: [/proc/self/status]	VmStk:	     144 kB
20220312 053754.100 INFO             PET1 PIOc_freedecomp Exit - MemInfo: [/proc/self/status]	VmExe:	     344 kB
20220312 053754.100 INFO             PET1 PIOc_freedecomp Exit - MemInfo: [/proc/self/status]	VmLib:	   83112 kB
20220312 053754.100 INFO             PET1 PIOc_freedecomp Exit - MemInfo: [/proc/self/status]	VmPTE:	     964 kB
20220312 053754.100 INFO             PET1 PIOc_freedecomp Exit - MemInfo: [/proc/self/status]	VmSwap:	       0 kB
20220312 053754.100 INFO             PET1 PIOc_freedecomp Exit - MemInfo: [/proc/self/status]	VmRSSPercent: 0.0224798 %
20220312 053754.100 INFO             PET1 PIOc_freedecomp Exit - MemInfo: [malloc] Non-mmapped space allocated:                24436736 Byte
20220312 053754.100 INFO             PET1 PIOc_freedecomp Exit - MemInfo: [malloc] Space allocated in mmapped regions:          1581056 Byte
20220312 053754.100 INFO             PET1 PIOc_freedecomp Exit - MemInfo: [malloc] Maximum total allocated space:                     0 Byte
20220312 053754.100 INFO             PET1 PIOc_freedecomp Exit - MemInfo: [malloc] Space in freed fastbin blocks:                  2352 Byte
20220312 053754.100 INFO             PET1 PIOc_freedecomp Exit - MemInfo: [malloc] Total allocated space:                       3713360 Byte
20220312 053754.100 INFO             PET1 PIOc_freedecomp Exit - MemInfo: [malloc] Total free space:                           20723376 Byte
20220312 053754.100 INFO             PET1 PIOc_freedecomp Exit - MemInfo: [malloc] Top-most, releasable space:                 14789312 Byte
20220312 053754.100 INFO             PET1 PIOc_freedecomp Exit - MemInfo: [malloc] Total space in use, mmap + non-mmap:         5294416 Byte
20220312 053754.100 INFO             PET1 PIOc_freedecomp Exit - MemInfo: [malloc] Total space held (mmap + non-mmap):         26017792 Byte
20220312 053754.100 INFO             PET1 PIOc_freedecomp Exit - MemInfo: [malloc] Total space used (mmap + non-mmap):          5303760 Byte
20220312 053754.100 INFO             PET1 PIOc_freedecomp Exit - MemInfo: Wall-clock time since execution start:                1.19264 seconds
20220312 053754.103 INFO             PET1 PIOc_sync Enter - MemInfo: [/proc/meminfo - SSI]	MemTotal:       196442820 kB
20220312 053754.103 INFO             PET1 PIOc_sync Enter - MemInfo: [/proc/meminfo - SSI]	MemFree:        186971816 kB
20220312 053754.103 INFO             PET1 PIOc_sync Enter - MemInfo: [/proc/meminfo - SSI]	MemAvailable:   191666116 kB
20220312 053754.103 INFO             PET1 PIOc_sync Enter - MemInfo: [/proc/meminfo - SSI]	Committed_AS:     727980 kB
20220312 053754.103 INFO             PET1 PIOc_sync Enter - MemInfo: [/proc/meminfo - SSI]	CommittedPercent: 0.370581 %
20220312 053754.103 INFO             PET1 PIOc_sync Enter - MemInfo: [/proc/self/status]	VmPeak:	  690660 kB
20220312 053754.103 INFO             PET1 PIOc_sync Enter - MemInfo: [/proc/self/status]	VmSize:	  690172 kB
20220312 053754.103 INFO             PET1 PIOc_sync Enter - MemInfo: [/proc/self/status]	VmLck:	       0 kB
20220312 053754.103 INFO             PET1 PIOc_sync Enter - MemInfo: [/proc/self/status]	VmPin:	       0 kB
20220312 053754.103 INFO             PET1 PIOc_sync Enter - MemInfo: [/proc/self/status]	VmHWM:	   71744 kB
20220312 053754.103 INFO             PET1 PIOc_sync Enter - MemInfo: [/proc/self/status]	VmRSS:	   44168 kB
20220312 053754.103 INFO             PET1 PIOc_sync Enter - MemInfo: [/proc/self/status]	VmData:	  207368 kB
20220312 053754.103 INFO             PET1 PIOc_sync Enter - MemInfo: [/proc/self/status]	VmStk:	     144 kB
20220312 053754.103 INFO             PET1 PIOc_sync Enter - MemInfo: [/proc/self/status]	VmExe:	     344 kB
20220312 053754.103 INFO             PET1 PIOc_sync Enter - MemInfo: [/proc/self/status]	VmLib:	   83112 kB
20220312 053754.103 INFO             PET1 PIOc_sync Enter - MemInfo: [/proc/self/status]	VmPTE:	     964 kB
20220312 053754.103 INFO             PET1 PIOc_sync Enter - MemInfo: [/proc/self/status]	VmSwap:	       0 kB
20220312 053754.103 INFO             PET1 PIOc_sync Enter - MemInfo: [/proc/self/status]	VmRSSPercent: 0.0224839 %
20220312 053754.103 INFO             PET1 PIOc_sync Enter - MemInfo: [malloc] Non-mmapped space allocated:                24436736 Byte
20220312 053754.103 INFO             PET1 PIOc_sync Enter - MemInfo: [malloc] Space allocated in mmapped regions:          1581056 Byte
20220312 053754.103 INFO             PET1 PIOc_sync Enter - MemInfo: [malloc] Maximum total allocated space:                     0 Byte
20220312 053754.103 INFO             PET1 PIOc_sync Enter - MemInfo: [malloc] Space in freed fastbin blocks:                  1152 Byte
20220312 053754.103 INFO             PET1 PIOc_sync Enter - MemInfo: [malloc] Total allocated space:                       3717264 Byte
20220312 053754.103 INFO             PET1 PIOc_sync Enter - MemInfo: [malloc] Total free space:                           20719472 Byte
20220312 053754.103 INFO             PET1 PIOc_sync Enter - MemInfo: [malloc] Top-most, releasable space:                 14789312 Byte
20220312 053754.103 INFO             PET1 PIOc_sync Enter - MemInfo: [malloc] Total space in use, mmap + non-mmap:         5298320 Byte
20220312 053754.103 INFO             PET1 PIOc_sync Enter - MemInfo: [malloc] Total space held (mmap + non-mmap):         26017792 Byte
20220312 053754.103 INFO             PET1 PIOc_sync Enter - MemInfo: [malloc] Total space used (mmap + non-mmap):          5307664 Byte
20220312 053754.103 INFO             PET1 PIOc_sync Enter - MemInfo: Wall-clock time since execution start:                1.19559 seconds
20220312 053754.104 INFO             PET1 PIOc_sync Exit - MemInfo: [/proc/meminfo - SSI]	MemTotal:       196442820 kB
20220312 053754.104 INFO             PET1 PIOc_sync Exit - MemInfo: [/proc/meminfo - SSI]	MemFree:        186971816 kB
20220312 053754.104 INFO             PET1 PIOc_sync Exit - MemInfo: [/proc/meminfo - SSI]	MemAvailable:   191666116 kB
20220312 053754.104 INFO             PET1 PIOc_sync Exit - MemInfo: [/proc/meminfo - SSI]	Committed_AS:     727980 kB
20220312 053754.104 INFO             PET1 PIOc_sync Exit - MemInfo: [/proc/meminfo - SSI]	CommittedPercent: 0.370581 %
20220312 053754.104 INFO             PET1 PIOc_sync Exit - MemInfo: [/proc/self/status]	VmPeak:	  690660 kB
20220312 053754.104 INFO             PET1 PIOc_sync Exit - MemInfo: [/proc/self/status]	VmSize:	  690172 kB
20220312 053754.104 INFO             PET1 PIOc_sync Exit - MemInfo: [/proc/self/status]	VmLck:	       0 kB
20220312 053754.104 INFO             PET1 PIOc_sync Exit - MemInfo: [/proc/self/status]	VmPin:	       0 kB
20220312 053754.104 INFO             PET1 PIOc_sync Exit - MemInfo: [/proc/self/status]	VmHWM:	   71744 kB
20220312 053754.104 INFO             PET1 PIOc_sync Exit - MemInfo: [/proc/self/status]	VmRSS:	   44168 kB
20220312 053754.104 INFO             PET1 PIOc_sync Exit - MemInfo: [/proc/self/status]	VmData:	  207368 kB
20220312 053754.104 INFO             PET1 PIOc_sync Exit - MemInfo: [/proc/self/status]	VmStk:	     144 kB
20220312 053754.104 INFO             PET1 PIOc_sync Exit - MemInfo: [/proc/self/status]	VmExe:	     344 kB
20220312 053754.104 INFO             PET1 PIOc_sync Exit - MemInfo: [/proc/self/status]	VmLib:	   83112 kB
20220312 053754.104 INFO             PET1 PIOc_sync Exit - MemInfo: [/proc/self/status]	VmPTE:	     964 kB
20220312 053754.104 INFO             PET1 PIOc_sync Exit - MemInfo: [/proc/self/status]	VmSwap:	       0 kB
20220312 053754.104 INFO             PET1 PIOc_sync Exit - MemInfo: [/proc/self/status]	VmRSSPercent: 0.0224839 %
20220312 053754.104 INFO             PET1 PIOc_sync Exit - MemInfo: [malloc] Non-mmapped space allocated:                24436736 Byte
20220312 053754.104 INFO             PET1 PIOc_sync Exit - MemInfo: [malloc] Space allocated in mmapped regions:          1581056 Byte
20220312 053754.104 INFO             PET1 PIOc_sync Exit - MemInfo: [malloc] Maximum total allocated space:                     0 Byte
20220312 053754.104 INFO             PET1 PIOc_sync Exit - MemInfo: [malloc] Space in freed fastbin blocks:                  1680 Byte
20220312 053754.104 INFO             PET1 PIOc_sync Exit - MemInfo: [malloc] Total allocated space:                       3717184 Byte
20220312 053754.104 INFO             PET1 PIOc_sync Exit - MemInfo: [malloc] Total free space:                           20719552 Byte
20220312 053754.104 INFO             PET1 PIOc_sync Exit - MemInfo: [malloc] Top-most, releasable space:                 14789312 Byte
20220312 053754.104 INFO             PET1 PIOc_sync Exit - MemInfo: [malloc] Total space in use, mmap + non-mmap:         5298240 Byte
20220312 053754.104 INFO             PET1 PIOc_sync Exit - MemInfo: [malloc] Total space held (mmap + non-mmap):         26017792 Byte
20220312 053754.104 INFO             PET1 PIOc_sync Exit - MemInfo: [malloc] Total space used (mmap + non-mmap):          5307584 Byte
20220312 053754.104 INFO             PET1 PIOc_sync Exit - MemInfo: Wall-clock time since execution start:                1.19662 seconds
20220312 053754.105 INFO             PET1 PIOc_freedecomp Enter - MemInfo: [/proc/meminfo - SSI]	MemTotal:       196442820 kB
20220312 053754.105 INFO             PET1 PIOc_freedecomp Enter - MemInfo: [/proc/meminfo - SSI]	MemFree:        186971816 kB
20220312 053754.105 INFO             PET1 PIOc_freedecomp Enter - MemInfo: [/proc/meminfo - SSI]	MemAvailable:   191666116 kB
20220312 053754.105 INFO             PET1 PIOc_freedecomp Enter - MemInfo: [/proc/meminfo - SSI]	Committed_AS:     727980 kB
20220312 053754.105 INFO             PET1 PIOc_freedecomp Enter - MemInfo: [/proc/meminfo - SSI]	CommittedPercent: 0.370581 %
20220312 053754.105 INFO             PET1 PIOc_freedecomp Enter - MemInfo: [/proc/self/status]	VmPeak:	  690660 kB
20220312 053754.105 INFO             PET1 PIOc_freedecomp Enter - MemInfo: [/proc/self/status]	VmSize:	  690172 kB
20220312 053754.105 INFO             PET1 PIOc_freedecomp Enter - MemInfo: [/proc/self/status]	VmLck:	       0 kB
20220312 053754.105 INFO             PET1 PIOc_freedecomp Enter - MemInfo: [/proc/self/status]	VmPin:	       0 kB
20220312 053754.105 INFO             PET1 PIOc_freedecomp Enter - MemInfo: [/proc/self/status]	VmHWM:	   71744 kB
20220312 053754.105 INFO             PET1 PIOc_freedecomp Enter - MemInfo: [/proc/self/status]	VmRSS:	   44168 kB
20220312 053754.105 INFO             PET1 PIOc_freedecomp Enter - MemInfo: [/proc/self/status]	VmData:	  207368 kB
20220312 053754.105 INFO             PET1 PIOc_freedecomp Enter - MemInfo: [/proc/self/status]	VmStk:	     144 kB
20220312 053754.105 INFO             PET1 PIOc_freedecomp Enter - MemInfo: [/proc/self/status]	VmExe:	     344 kB
20220312 053754.105 INFO             PET1 PIOc_freedecomp Enter - MemInfo: [/proc/self/status]	VmLib:	   83112 kB
20220312 053754.105 INFO             PET1 PIOc_freedecomp Enter - MemInfo: [/proc/self/status]	VmPTE:	     964 kB
20220312 053754.105 INFO             PET1 PIOc_freedecomp Enter - MemInfo: [/proc/self/status]	VmSwap:	       0 kB
20220312 053754.105 INFO             PET1 PIOc_freedecomp Enter - MemInfo: [/proc/self/status]	VmRSSPercent: 0.0224839 %
20220312 053754.105 INFO             PET1 PIOc_freedecomp Enter - MemInfo: [malloc] Non-mmapped space allocated:                24436736 Byte
20220312 053754.105 INFO             PET1 PIOc_freedecomp Enter - MemInfo: [malloc] Space allocated in mmapped regions:          1581056 Byte
20220312 053754.105 INFO             PET1 PIOc_freedecomp Enter - MemInfo: [malloc] Maximum total allocated space:                     0 Byte
20220312 053754.105 INFO             PET1 PIOc_freedecomp Enter - MemInfo: [malloc] Space in freed fastbin blocks:                  1856 Byte
20220312 053754.105 INFO             PET1 PIOc_freedecomp Enter - MemInfo: [malloc] Total allocated space:                       3715408 Byte
20220312 053754.105 INFO             PET1 PIOc_freedecomp Enter - MemInfo: [malloc] Total free space:                           20721328 Byte
20220312 053754.105 INFO             PET1 PIOc_freedecomp Enter - MemInfo: [malloc] Top-most, releasable space:                 14789312 Byte
20220312 053754.105 INFO             PET1 PIOc_freedecomp Enter - MemInfo: [malloc] Total space in use, mmap + non-mmap:         5296464 Byte
20220312 053754.105 INFO             PET1 PIOc_freedecomp Enter - MemInfo: [malloc] Total space held (mmap + non-mmap):         26017792 Byte
20220312 053754.105 INFO             PET1 PIOc_freedecomp Enter - MemInfo: [malloc] Total space used (mmap + non-mmap):          5305808 Byte
20220312 053754.105 INFO             PET1 PIOc_freedecomp Enter - MemInfo: Wall-clock time since execution start:                1.19757 seconds
20220312 053754.105 INFO             PET1 PIOc_freedecomp Exit - MemInfo: [/proc/meminfo - SSI]	MemTotal:       196442820 kB
20220312 053754.105 INFO             PET1 PIOc_freedecomp Exit - MemInfo: [/proc/meminfo - SSI]	MemFree:        186971816 kB
20220312 053754.105 INFO             PET1 PIOc_freedecomp Exit - MemInfo: [/proc/meminfo - SSI]	MemAvailable:   191666116 kB
20220312 053754.105 INFO             PET1 PIOc_freedecomp Exit - MemInfo: [/proc/meminfo - SSI]	Committed_AS:     727980 kB
20220312 053754.105 INFO             PET1 PIOc_freedecomp Exit - MemInfo: [/proc/meminfo - SSI]	CommittedPercent: 0.370581 %
20220312 053754.105 INFO             PET1 PIOc_freedecomp Exit - MemInfo: [/proc/self/status]	VmPeak:	  690660 kB
20220312 053754.105 INFO             PET1 PIOc_freedecomp Exit - MemInfo: [/proc/self/status]	VmSize:	  690172 kB
20220312 053754.105 INFO             PET1 PIOc_freedecomp Exit - MemInfo: [/proc/self/status]	VmLck:	       0 kB
20220312 053754.105 INFO             PET1 PIOc_freedecomp Exit - MemInfo: [/proc/self/status]	VmPin:	       0 kB
20220312 053754.105 INFO             PET1 PIOc_freedecomp Exit - MemInfo: [/proc/self/status]	VmHWM:	   71744 kB
20220312 053754.105 INFO             PET1 PIOc_freedecomp Exit - MemInfo: [/proc/self/status]	VmRSS:	   44168 kB
20220312 053754.105 INFO             PET1 PIOc_freedecomp Exit - MemInfo: [/proc/self/status]	VmData:	  207368 kB
20220312 053754.105 INFO             PET1 PIOc_freedecomp Exit - MemInfo: [/proc/self/status]	VmStk:	     144 kB
20220312 053754.105 INFO             PET1 PIOc_freedecomp Exit - MemInfo: [/proc/self/status]	VmExe:	     344 kB
20220312 053754.105 INFO             PET1 PIOc_freedecomp Exit - MemInfo: [/proc/self/status]	VmLib:	   83112 kB
20220312 053754.105 INFO             PET1 PIOc_freedecomp Exit - MemInfo: [/proc/self/status]	VmPTE:	     964 kB
20220312 053754.105 INFO             PET1 PIOc_freedecomp Exit - MemInfo: [/proc/self/status]	VmSwap:	       0 kB
20220312 053754.105 INFO             PET1 PIOc_freedecomp Exit - MemInfo: [/proc/self/status]	VmRSSPercent: 0.0224839 %
20220312 053754.105 INFO             PET1 PIOc_freedecomp Exit - MemInfo: [malloc] Non-mmapped space allocated:                24436736 Byte
20220312 053754.105 INFO             PET1 PIOc_freedecomp Exit - MemInfo: [malloc] Space allocated in mmapped regions:          1581056 Byte
20220312 053754.105 INFO             PET1 PIOc_freedecomp Exit - MemInfo: [malloc] Maximum total allocated space:                     0 Byte
20220312 053754.105 INFO             PET1 PIOc_freedecomp Exit - MemInfo: [malloc] Space in freed fastbin blocks:                  2352 Byte
20220312 053754.105 INFO             PET1 PIOc_freedecomp Exit - MemInfo: [malloc] Total allocated space:                       3713440 Byte
20220312 053754.105 INFO             PET1 PIOc_freedecomp Exit - MemInfo: [malloc] Total free space:                           20723296 Byte
20220312 053754.105 INFO             PET1 PIOc_freedecomp Exit - MemInfo: [malloc] Top-most, releasable space:                 14789312 Byte
20220312 053754.105 INFO             PET1 PIOc_freedecomp Exit - MemInfo: [malloc] Total space in use, mmap + non-mmap:         5294496 Byte
20220312 053754.105 INFO             PET1 PIOc_freedecomp Exit - MemInfo: [malloc] Total space held (mmap + non-mmap):         26017792 Byte
20220312 053754.105 INFO             PET1 PIOc_freedecomp Exit - MemInfo: [malloc] Total space used (mmap + non-mmap):          5303840 Byte
20220312 053754.105 INFO             PET1 PIOc_freedecomp Exit - MemInfo: Wall-clock time since execution start:                1.19793 seconds
20220312 053754.108 INFO             PET1 PIOc_sync Enter - MemInfo: [/proc/meminfo - SSI]	MemTotal:       196442820 kB
20220312 053754.108 INFO             PET1 PIOc_sync Enter - MemInfo: [/proc/meminfo - SSI]	MemFree:        186971708 kB
20220312 053754.108 INFO             PET1 PIOc_sync Enter - MemInfo: [/proc/meminfo - SSI]	MemAvailable:   191666280 kB
20220312 053754.108 INFO             PET1 PIOc_sync Enter - MemInfo: [/proc/meminfo - SSI]	Committed_AS:     727980 kB
20220312 053754.108 INFO             PET1 PIOc_sync Enter - MemInfo: [/proc/meminfo - SSI]	CommittedPercent: 0.370581 %
20220312 053754.108 INFO             PET1 PIOc_sync Enter - MemInfo: [/proc/self/status]	VmPeak:	  690660 kB
20220312 053754.108 INFO             PET1 PIOc_sync Enter - MemInfo: [/proc/self/status]	VmSize:	  690172 kB
20220312 053754.108 INFO             PET1 PIOc_sync Enter - MemInfo: [/proc/self/status]	VmLck:	       0 kB
20220312 053754.108 INFO             PET1 PIOc_sync Enter - MemInfo: [/proc/self/status]	VmPin:	       0 kB
20220312 053754.108 INFO             PET1 PIOc_sync Enter - MemInfo: [/proc/self/status]	VmHWM:	   71744 kB
20220312 053754.108 INFO             PET1 PIOc_sync Enter - MemInfo: [/proc/self/status]	VmRSS:	   44168 kB
20220312 053754.108 INFO             PET1 PIOc_sync Enter - MemInfo: [/proc/self/status]	VmData:	  207368 kB
20220312 053754.108 INFO             PET1 PIOc_sync Enter - MemInfo: [/proc/self/status]	VmStk:	     144 kB
20220312 053754.108 INFO             PET1 PIOc_sync Enter - MemInfo: [/proc/self/status]	VmExe:	     344 kB
20220312 053754.108 INFO             PET1 PIOc_sync Enter - MemInfo: [/proc/self/status]	VmLib:	   83112 kB
20220312 053754.108 INFO             PET1 PIOc_sync Enter - MemInfo: [/proc/self/status]	VmPTE:	     964 kB
20220312 053754.108 INFO             PET1 PIOc_sync Enter - MemInfo: [/proc/self/status]	VmSwap:	       0 kB
20220312 053754.108 INFO             PET1 PIOc_sync Enter - MemInfo: [/proc/self/status]	VmRSSPercent: 0.0224839 %
20220312 053754.108 INFO             PET1 PIOc_sync Enter - MemInfo: [malloc] Non-mmapped space allocated:                24436736 Byte
20220312 053754.108 INFO             PET1 PIOc_sync Enter - MemInfo: [malloc] Space allocated in mmapped regions:          1581056 Byte
20220312 053754.108 INFO             PET1 PIOc_sync Enter - MemInfo: [malloc] Maximum total allocated space:                     0 Byte
20220312 053754.108 INFO             PET1 PIOc_sync Enter - MemInfo: [malloc] Space in freed fastbin blocks:                  1152 Byte
20220312 053754.108 INFO             PET1 PIOc_sync Enter - MemInfo: [malloc] Total allocated space:                       3717328 Byte
20220312 053754.108 INFO             PET1 PIOc_sync Enter - MemInfo: [malloc] Total free space:                           20719408 Byte
20220312 053754.108 INFO             PET1 PIOc_sync Enter - MemInfo: [malloc] Top-most, releasable space:                 14789312 Byte
20220312 053754.108 INFO             PET1 PIOc_sync Enter - MemInfo: [malloc] Total space in use, mmap + non-mmap:         5298384 Byte
20220312 053754.108 INFO             PET1 PIOc_sync Enter - MemInfo: [malloc] Total space held (mmap + non-mmap):         26017792 Byte
20220312 053754.108 INFO             PET1 PIOc_sync Enter - MemInfo: [malloc] Total space used (mmap + non-mmap):          5307728 Byte
20220312 053754.108 INFO             PET1 PIOc_sync Enter - MemInfo: Wall-clock time since execution start:                1.20061 seconds
20220312 053754.108 INFO             PET1 PIOc_sync Exit - MemInfo: [/proc/meminfo - SSI]	MemTotal:       196442820 kB
20220312 053754.108 INFO             PET1 PIOc_sync Exit - MemInfo: [/proc/meminfo - SSI]	MemFree:        186971708 kB
20220312 053754.108 INFO             PET1 PIOc_sync Exit - MemInfo: [/proc/meminfo - SSI]	MemAvailable:   191666280 kB
20220312 053754.108 INFO             PET1 PIOc_sync Exit - MemInfo: [/proc/meminfo - SSI]	Committed_AS:     727980 kB
20220312 053754.108 INFO             PET1 PIOc_sync Exit - MemInfo: [/proc/meminfo - SSI]	CommittedPercent: 0.370581 %
20220312 053754.108 INFO             PET1 PIOc_sync Exit - MemInfo: [/proc/self/status]	VmPeak:	  690660 kB
20220312 053754.108 INFO             PET1 PIOc_sync Exit - MemInfo: [/proc/self/status]	VmSize:	  690172 kB
20220312 053754.108 INFO             PET1 PIOc_sync Exit - MemInfo: [/proc/self/status]	VmLck:	       0 kB
20220312 053754.108 INFO             PET1 PIOc_sync Exit - MemInfo: [/proc/self/status]	VmPin:	       0 kB
20220312 053754.108 INFO             PET1 PIOc_sync Exit - MemInfo: [/proc/self/status]	VmHWM:	   71744 kB
20220312 053754.108 INFO             PET1 PIOc_sync Exit - MemInfo: [/proc/self/status]	VmRSS:	   44168 kB
20220312 053754.108 INFO             PET1 PIOc_sync Exit - MemInfo: [/proc/self/status]	VmData:	  207368 kB
20220312 053754.108 INFO             PET1 PIOc_sync Exit - MemInfo: [/proc/self/status]	VmStk:	     144 kB
20220312 053754.108 INFO             PET1 PIOc_sync Exit - MemInfo: [/proc/self/status]	VmExe:	     344 kB
20220312 053754.108 INFO             PET1 PIOc_sync Exit - MemInfo: [/proc/self/status]	VmLib:	   83112 kB
20220312 053754.108 INFO             PET1 PIOc_sync Exit - MemInfo: [/proc/self/status]	VmPTE:	     964 kB
20220312 053754.108 INFO             PET1 PIOc_sync Exit - MemInfo: [/proc/self/status]	VmSwap:	       0 kB
20220312 053754.108 INFO             PET1 PIOc_sync Exit - MemInfo: [/proc/self/status]	VmRSSPercent: 0.0224839 %
20220312 053754.108 INFO             PET1 PIOc_sync Exit - MemInfo: [malloc] Non-mmapped space allocated:                24436736 Byte
20220312 053754.109 INFO             PET1 PIOc_sync Exit - MemInfo: [malloc] Space allocated in mmapped regions:          1581056 Byte
20220312 053754.109 INFO             PET1 PIOc_sync Exit - MemInfo: [malloc] Maximum total allocated space:                     0 Byte
20220312 053754.109 INFO             PET1 PIOc_sync Exit - MemInfo: [malloc] Space in freed fastbin blocks:                  1680 Byte
