build time -- 2022-03-13 03:22:09
20220313 033407.403 INFO             PET0 !!!!!!!!!!!!!!!!!!!!!!!!!!!!!!!!!!!!!!!!!!!!!!!!!!!!!!
20220313 033407.403 INFO             PET0 !!! THE ESMF_LOG IS SET TO OUTPUT ALL LOG MESSAGES !!!
20220313 033407.403 INFO             PET0 !!!     THIS MAY CAUSE SLOWDOWN IN PERFORMANCE     !!!
20220313 033407.403 INFO             PET0 !!! FOR PRODUCTION RUNS, USE:                      !!!
20220313 033407.403 INFO             PET0 !!!                   ESMF_LOGKIND_Multi_On_Error  !!!
20220313 033407.403 INFO             PET0 !!!!!!!!!!!!!!!!!!!!!!!!!!!!!!!!!!!!!!!!!!!!!!!!!!!!!!
20220313 033407.403 INFO             PET0 Running with ESMF Version   : v8.3.0b09-96-g559b459
20220313 033407.403 INFO             PET0 ESMF library build date/time: "Mar 13 2022" "03:20:48"
20220313 033407.403 INFO             PET0 ESMF library build location : /work/noaa/da/mpotts/sandbox/gfortran_8.3.0_openmpi_g_jedwards_pio_update2
20220313 033407.403 INFO             PET0 ESMF_COMM                   : openmpi
20220313 033407.404 INFO             PET0 ESMF_MOAB                   : enabled
20220313 033407.404 INFO             PET0 ESMF_LAPACK                 : enabled
20220313 033407.404 INFO             PET0 ESMF_NETCDF                 : enabled
20220313 033407.404 INFO             PET0 ESMF_PNETCDF                : disabled
20220313 033407.404 INFO             PET0 ESMF_PIO                    : enabled
20220313 033407.404 INFO             PET0 ESMF_YAMLCPP                : enabled
20220313 033407.404 INFO             PET0  Beginning Test, file ESMF_FieldIOUTest.F90, line 123
20220313 033407.404 INFO             PET0  NUMBER_OF_PROCESSORS           4
20220313 033407.404 INFO             PET0  PASS  Array Spec Set, ESMF_FieldIOUTest.F90, line 146
20220313 033407.405 INFO             PET0  PASS  Creating a Grid to use in Field Tests, ESMF_FieldIOUTest.F90, line 157
20220313 033407.406 INFO             PET0  PASS  Create a field from grid and fortran dummy array, ESMF_FieldIOUTest.F90, line 179
20220313 033407.406 INFO             PET0  PASS  Get Farray_w from field, ESMF_FieldIOUTest.F90, line 190
20220313 033407.414 INFO             PET0 PIOc_sync Enter - MemInfo: [/proc/meminfo - SSI]	MemTotal:       196434604 kB
20220313 033407.414 INFO             PET0 PIOc_sync Enter - MemInfo: [/proc/meminfo - SSI]	MemFree:        184279176 kB
20220313 033407.414 INFO             PET0 PIOc_sync Enter - MemInfo: [/proc/meminfo - SSI]	MemAvailable:   191811732 kB
20220313 033407.414 INFO             PET0 PIOc_sync Enter - MemInfo: [/proc/meminfo - SSI]	Committed_AS:     670724 kB
20220313 033407.414 INFO             PET0 PIOc_sync Enter - MemInfo: [/proc/meminfo - SSI]	CommittedPercent: 0.341449 %
20220313 033407.414 INFO             PET0 PIOc_sync Enter - MemInfo: [/proc/self/status]	VmPeak:	  677992 kB
20220313 033407.414 INFO             PET0 PIOc_sync Enter - MemInfo: [/proc/self/status]	VmSize:	  677992 kB
20220313 033407.414 INFO             PET0 PIOc_sync Enter - MemInfo: [/proc/self/status]	VmLck:	       0 kB
20220313 033407.414 INFO             PET0 PIOc_sync Enter - MemInfo: [/proc/self/status]	VmPin:	       0 kB
20220313 033407.414 INFO             PET0 PIOc_sync Enter - MemInfo: [/proc/self/status]	VmHWM:	   73788 kB
20220313 033407.414 INFO             PET0 PIOc_sync Enter - MemInfo: [/proc/self/status]	VmRSS:	   41072 kB
20220313 033407.414 INFO             PET0 PIOc_sync Enter - MemInfo: [/proc/self/status]	VmData:	  195108 kB
20220313 033407.414 INFO             PET0 PIOc_sync Enter - MemInfo: [/proc/self/status]	VmStk:	     144 kB
20220313 033407.414 INFO             PET0 PIOc_sync Enter - MemInfo: [/proc/self/status]	VmExe:	     424 kB
20220313 033407.414 INFO             PET0 PIOc_sync Enter - MemInfo: [/proc/self/status]	VmLib:	   83112 kB
20220313 033407.414 INFO             PET0 PIOc_sync Enter - MemInfo: [/proc/self/status]	VmPTE:	     976 kB
20220313 033407.414 INFO             PET0 PIOc_sync Enter - MemInfo: [/proc/self/status]	VmSwap:	       0 kB
20220313 033407.414 INFO             PET0 PIOc_sync Enter - MemInfo: [/proc/self/status]	VmRSSPercent: 0.0209087 %
20220313 033407.414 INFO             PET0 PIOc_sync Enter - MemInfo: [malloc] Non-mmapped space allocated:                 2961408 Byte
20220313 033407.415 INFO             PET0 PIOc_sync Enter - MemInfo: [malloc] Space allocated in mmapped regions:         10502144 Byte
20220313 033407.415 INFO             PET0 PIOc_sync Enter - MemInfo: [malloc] Maximum total allocated space:                     0 Byte
20220313 033407.415 INFO             PET0 PIOc_sync Enter - MemInfo: [malloc] Space in freed fastbin blocks:                   912 Byte
20220313 033407.415 INFO             PET0 PIOc_sync Enter - MemInfo: [malloc] Total allocated space:                       2645952 Byte
20220313 033407.415 INFO             PET0 PIOc_sync Enter - MemInfo: [malloc] Total free space:                             315456 Byte
20220313 033407.415 INFO             PET0 PIOc_sync Enter - MemInfo: [malloc] Top-most, releasable space:                   114928 Byte
20220313 033407.415 INFO             PET0 PIOc_sync Enter - MemInfo: [malloc] Total space in use, mmap + non-mmap:        13148096 Byte
20220313 033407.415 INFO             PET0 PIOc_sync Enter - MemInfo: [malloc] Total space held (mmap + non-mmap):         13463552 Byte
20220313 033407.415 INFO             PET0 PIOc_sync Enter - MemInfo: [malloc] Total space used (mmap + non-mmap):         13157440 Byte
20220313 033407.415 INFO             PET0 PIOc_sync Enter - MemInfo: Wall-clock time since execution start:              0.0181447 seconds
20220313 033407.416 INFO             PET0 PIOc_sync Exit - MemInfo: [/proc/meminfo - SSI]	MemTotal:       196434604 kB
20220313 033407.416 INFO             PET0 PIOc_sync Exit - MemInfo: [/proc/meminfo - SSI]	MemFree:        184279176 kB
20220313 033407.416 INFO             PET0 PIOc_sync Exit - MemInfo: [/proc/meminfo - SSI]	MemAvailable:   191811732 kB
20220313 033407.416 INFO             PET0 PIOc_sync Exit - MemInfo: [/proc/meminfo - SSI]	Committed_AS:     670724 kB
20220313 033407.416 INFO             PET0 PIOc_sync Exit - MemInfo: [/proc/meminfo - SSI]	CommittedPercent: 0.341449 %
20220313 033407.416 INFO             PET0 PIOc_sync Exit - MemInfo: [/proc/self/status]	VmPeak:	  677992 kB
20220313 033407.416 INFO             PET0 PIOc_sync Exit - MemInfo: [/proc/self/status]	VmSize:	  677992 kB
20220313 033407.416 INFO             PET0 PIOc_sync Exit - MemInfo: [/proc/self/status]	VmLck:	       0 kB
20220313 033407.416 INFO             PET0 PIOc_sync Exit - MemInfo: [/proc/self/status]	VmPin:	       0 kB
20220313 033407.416 INFO             PET0 PIOc_sync Exit - MemInfo: [/proc/self/status]	VmHWM:	   73788 kB
20220313 033407.416 INFO             PET0 PIOc_sync Exit - MemInfo: [/proc/self/status]	VmRSS:	   41200 kB
20220313 033407.416 INFO             PET0 PIOc_sync Exit - MemInfo: [/proc/self/status]	VmData:	  195108 kB
20220313 033407.416 INFO             PET0 PIOc_sync Exit - MemInfo: [/proc/self/status]	VmStk:	     144 kB
20220313 033407.416 INFO             PET0 PIOc_sync Exit - MemInfo: [/proc/self/status]	VmExe:	     424 kB
20220313 033407.416 INFO             PET0 PIOc_sync Exit - MemInfo: [/proc/self/status]	VmLib:	   83112 kB
20220313 033407.416 INFO             PET0 PIOc_sync Exit - MemInfo: [/proc/self/status]	VmPTE:	     976 kB
20220313 033407.416 INFO             PET0 PIOc_sync Exit - MemInfo: [/proc/self/status]	VmSwap:	       0 kB
20220313 033407.416 INFO             PET0 PIOc_sync Exit - MemInfo: [/proc/self/status]	VmRSSPercent: 0.0209739 %
20220313 033407.416 INFO             PET0 PIOc_sync Exit - MemInfo: [malloc] Non-mmapped space allocated:                 2961408 Byte
20220313 033407.416 INFO             PET0 PIOc_sync Exit - MemInfo: [malloc] Space allocated in mmapped regions:         10502144 Byte
20220313 033407.416 INFO             PET0 PIOc_sync Exit - MemInfo: [malloc] Maximum total allocated space:                     0 Byte
20220313 033407.416 INFO             PET0 PIOc_sync Exit - MemInfo: [malloc] Space in freed fastbin blocks:                  1040 Byte
20220313 033407.416 INFO             PET0 PIOc_sync Exit - MemInfo: [malloc] Total allocated space:                       2655472 Byte
20220313 033407.416 INFO             PET0 PIOc_sync Exit - MemInfo: [malloc] Total free space:                             305936 Byte
20220313 033407.416 INFO             PET0 PIOc_sync Exit - MemInfo: [malloc] Top-most, releasable space:                   103504 Byte
20220313 033407.416 INFO             PET0 PIOc_sync Exit - MemInfo: [malloc] Total space in use, mmap + non-mmap:        13157616 Byte
20220313 033407.416 INFO             PET0 PIOc_sync Exit - MemInfo: [malloc] Total space held (mmap + non-mmap):         13463552 Byte
20220313 033407.416 INFO             PET0 PIOc_sync Exit - MemInfo: [malloc] Total space used (mmap + non-mmap):         13166960 Byte
20220313 033407.416 INFO             PET0 PIOc_sync Exit - MemInfo: Wall-clock time since execution start:              0.0194999 seconds
20220313 033407.417 INFO             PET0 PIOc_freedecomp Enter - MemInfo: [/proc/meminfo - SSI]	MemTotal:       196434604 kB
20220313 033407.417 INFO             PET0 PIOc_freedecomp Enter - MemInfo: [/proc/meminfo - SSI]	MemFree:        184286328 kB
20220313 033407.417 INFO             PET0 PIOc_freedecomp Enter - MemInfo: [/proc/meminfo - SSI]	MemAvailable:   191818884 kB
20220313 033407.417 INFO             PET0 PIOc_freedecomp Enter - MemInfo: [/proc/meminfo - SSI]	Committed_AS:     662528 kB
20220313 033407.417 INFO             PET0 PIOc_freedecomp Enter - MemInfo: [/proc/meminfo - SSI]	CommittedPercent: 0.337277 %
20220313 033407.417 INFO             PET0 PIOc_freedecomp Enter - MemInfo: [/proc/self/status]	VmPeak:	  677992 kB
20220313 033407.417 INFO             PET0 PIOc_freedecomp Enter - MemInfo: [/proc/self/status]	VmSize:	  669280 kB
20220313 033407.417 INFO             PET0 PIOc_freedecomp Enter - MemInfo: [/proc/self/status]	VmLck:	       0 kB
20220313 033407.417 INFO             PET0 PIOc_freedecomp Enter - MemInfo: [/proc/self/status]	VmPin:	       0 kB
20220313 033407.417 INFO             PET0 PIOc_freedecomp Enter - MemInfo: [/proc/self/status]	VmHWM:	   73788 kB
20220313 033407.417 INFO             PET0 PIOc_freedecomp Enter - MemInfo: [/proc/self/status]	VmRSS:	   33000 kB
20220313 033407.417 INFO             PET0 PIOc_freedecomp Enter - MemInfo: [/proc/self/status]	VmData:	  186396 kB
20220313 033407.417 INFO             PET0 PIOc_freedecomp Enter - MemInfo: [/proc/self/status]	VmStk:	     144 kB
20220313 033407.417 INFO             PET0 PIOc_freedecomp Enter - MemInfo: [/proc/self/status]	VmExe:	     424 kB
20220313 033407.417 INFO             PET0 PIOc_freedecomp Enter - MemInfo: [/proc/self/status]	VmLib:	   83112 kB
20220313 033407.417 INFO             PET0 PIOc_freedecomp Enter - MemInfo: [/proc/self/status]	VmPTE:	     960 kB
20220313 033407.417 INFO             PET0 PIOc_freedecomp Enter - MemInfo: [/proc/self/status]	VmSwap:	       0 kB
20220313 033407.417 INFO             PET0 PIOc_freedecomp Enter - MemInfo: [/proc/self/status]	VmRSSPercent: 0.0167995 %
20220313 033407.417 INFO             PET0 PIOc_freedecomp Enter - MemInfo: [malloc] Non-mmapped space allocated:                 2961408 Byte
20220313 033407.417 INFO             PET0 PIOc_freedecomp Enter - MemInfo: [malloc] Space allocated in mmapped regions:          1581056 Byte
20220313 033407.417 INFO             PET0 PIOc_freedecomp Enter - MemInfo: [malloc] Maximum total allocated space:                     0 Byte
20220313 033407.417 INFO             PET0 PIOc_freedecomp Enter - MemInfo: [malloc] Space in freed fastbin blocks:                  2384 Byte
20220313 033407.417 INFO             PET0 PIOc_freedecomp Enter - MemInfo: [malloc] Total allocated space:                       2642208 Byte
20220313 033407.417 INFO             PET0 PIOc_freedecomp Enter - MemInfo: [malloc] Total free space:                             319200 Byte
20220313 033407.417 INFO             PET0 PIOc_freedecomp Enter - MemInfo: [malloc] Top-most, releasable space:                   103504 Byte
20220313 033407.417 INFO             PET0 PIOc_freedecomp Enter - MemInfo: [malloc] Total space in use, mmap + non-mmap:         4223264 Byte
20220313 033407.417 INFO             PET0 PIOc_freedecomp Enter - MemInfo: [malloc] Total space held (mmap + non-mmap):          4542464 Byte
20220313 033407.417 INFO             PET0 PIOc_freedecomp Enter - MemInfo: [malloc] Total space used (mmap + non-mmap):          4232608 Byte
20220313 033407.417 INFO             PET0 PIOc_freedecomp Enter - MemInfo: Wall-clock time since execution start:              0.0205008 seconds
20220313 033407.417 INFO             PET0 PIOc_freedecomp Exit - MemInfo: [/proc/meminfo - SSI]	MemTotal:       196434604 kB
20220313 033407.417 INFO             PET0 PIOc_freedecomp Exit - MemInfo: [/proc/meminfo - SSI]	MemFree:        184286328 kB
20220313 033407.417 INFO             PET0 PIOc_freedecomp Exit - MemInfo: [/proc/meminfo - SSI]	MemAvailable:   191818884 kB
20220313 033407.417 INFO             PET0 PIOc_freedecomp Exit - MemInfo: [/proc/meminfo - SSI]	Committed_AS:     662528 kB
20220313 033407.417 INFO             PET0 PIOc_freedecomp Exit - MemInfo: [/proc/meminfo - SSI]	CommittedPercent: 0.337277 %
20220313 033407.417 INFO             PET0 PIOc_freedecomp Exit - MemInfo: [/proc/self/status]	VmPeak:	  677992 kB
20220313 033407.417 INFO             PET0 PIOc_freedecomp Exit - MemInfo: [/proc/self/status]	VmSize:	  669280 kB
20220313 033407.417 INFO             PET0 PIOc_freedecomp Exit - MemInfo: [/proc/self/status]	VmLck:	       0 kB
20220313 033407.417 INFO             PET0 PIOc_freedecomp Exit - MemInfo: [/proc/self/status]	VmPin:	       0 kB
20220313 033407.417 INFO             PET0 PIOc_freedecomp Exit - MemInfo: [/proc/self/status]	VmHWM:	   73788 kB
20220313 033407.417 INFO             PET0 PIOc_freedecomp Exit - MemInfo: [/proc/self/status]	VmRSS:	   33004 kB
20220313 033407.417 INFO             PET0 PIOc_freedecomp Exit - MemInfo: [/proc/self/status]	VmData:	  186396 kB
20220313 033407.417 INFO             PET0 PIOc_freedecomp Exit - MemInfo: [/proc/self/status]	VmStk:	     144 kB
20220313 033407.417 INFO             PET0 PIOc_freedecomp Exit - MemInfo: [/proc/self/status]	VmExe:	     424 kB
20220313 033407.417 INFO             PET0 PIOc_freedecomp Exit - MemInfo: [/proc/self/status]	VmLib:	   83112 kB
20220313 033407.417 INFO             PET0 PIOc_freedecomp Exit - MemInfo: [/proc/self/status]	VmPTE:	     960 kB
20220313 033407.417 INFO             PET0 PIOc_freedecomp Exit - MemInfo: [/proc/self/status]	VmSwap:	       0 kB
20220313 033407.417 INFO             PET0 PIOc_freedecomp Exit - MemInfo: [/proc/self/status]	VmRSSPercent: 0.0168015 %
20220313 033407.417 INFO             PET0 PIOc_freedecomp Exit - MemInfo: [malloc] Non-mmapped space allocated:                 2961408 Byte
20220313 033407.417 INFO             PET0 PIOc_freedecomp Exit - MemInfo: [malloc] Space allocated in mmapped regions:          1581056 Byte
20220313 033407.417 INFO             PET0 PIOc_freedecomp Exit - MemInfo: [malloc] Maximum total allocated space:                     0 Byte
20220313 033407.417 INFO             PET0 PIOc_freedecomp Exit - MemInfo: [malloc] Space in freed fastbin blocks:                  1072 Byte
20220313 033407.417 INFO             PET0 PIOc_freedecomp Exit - MemInfo: [malloc] Total allocated space:                       2627120 Byte
20220313 033407.417 INFO             PET0 PIOc_freedecomp Exit - MemInfo: [malloc] Total free space:                             334288 Byte
20220313 033407.417 INFO             PET0 PIOc_freedecomp Exit - MemInfo: [malloc] Top-most, releasable space:                   106656 Byte
20220313 033407.417 INFO             PET0 PIOc_freedecomp Exit - MemInfo: [malloc] Total space in use, mmap + non-mmap:         4208176 Byte
20220313 033407.417 INFO             PET0 PIOc_freedecomp Exit - MemInfo: [malloc] Total space held (mmap + non-mmap):          4542464 Byte
20220313 033407.417 INFO             PET0 PIOc_freedecomp Exit - MemInfo: [malloc] Total space used (mmap + non-mmap):          4217520 Byte
20220313 033407.417 INFO             PET0 PIOc_freedecomp Exit - MemInfo: Wall-clock time since execution start:              0.0208619 seconds
20220313 033407.417 INFO             PET0  PASS  Write Fortran array in Field, ESMF_FieldIOUTest.F90, line 219
20220313 033407.418 INFO             PET0  PASS  Create a field from grid and fortran dummy array without halo, ESMF_FieldIOUTest.F90, line 233
20220313 033407.418 INFO             PET0  PASS  Get Farray_w from nohalo field, ESMF_FieldIOUTest.F90, line 244
20220313 033407.422 INFO             PET0 PIOc_sync Enter - MemInfo: [/proc/meminfo - SSI]	MemTotal:       196434604 kB
20220313 033407.422 INFO             PET0 PIOc_sync Enter - MemInfo: [/proc/meminfo - SSI]	MemFree:        184279052 kB
20220313 033407.422 INFO             PET0 PIOc_sync Enter - MemInfo: [/proc/meminfo - SSI]	MemAvailable:   191811608 kB
20220313 033407.422 INFO             PET0 PIOc_sync Enter - MemInfo: [/proc/meminfo - SSI]	Committed_AS:     670732 kB
20220313 033407.422 INFO             PET0 PIOc_sync Enter - MemInfo: [/proc/meminfo - SSI]	CommittedPercent: 0.341453 %
20220313 033407.422 INFO             PET0 PIOc_sync Enter - MemInfo: [/proc/self/status]	VmPeak:	  678000 kB
20220313 033407.422 INFO             PET0 PIOc_sync Enter - MemInfo: [/proc/self/status]	VmSize:	  678000 kB
20220313 033407.422 INFO             PET0 PIOc_sync Enter - MemInfo: [/proc/self/status]	VmLck:	       0 kB
20220313 033407.422 INFO             PET0 PIOc_sync Enter - MemInfo: [/proc/self/status]	VmPin:	       0 kB
20220313 033407.422 INFO             PET0 PIOc_sync Enter - MemInfo: [/proc/self/status]	VmHWM:	   73788 kB
20220313 033407.422 INFO             PET0 PIOc_sync Enter - MemInfo: [/proc/self/status]	VmRSS:	   41288 kB
20220313 033407.422 INFO             PET0 PIOc_sync Enter - MemInfo: [/proc/self/status]	VmData:	  195116 kB
20220313 033407.422 INFO             PET0 PIOc_sync Enter - MemInfo: [/proc/self/status]	VmStk:	     144 kB
20220313 033407.422 INFO             PET0 PIOc_sync Enter - MemInfo: [/proc/self/status]	VmExe:	     424 kB
20220313 033407.422 INFO             PET0 PIOc_sync Enter - MemInfo: [/proc/self/status]	VmLib:	   83112 kB
20220313 033407.422 INFO             PET0 PIOc_sync Enter - MemInfo: [/proc/self/status]	VmPTE:	     976 kB
20220313 033407.422 INFO             PET0 PIOc_sync Enter - MemInfo: [/proc/self/status]	VmSwap:	       0 kB
20220313 033407.422 INFO             PET0 PIOc_sync Enter - MemInfo: [/proc/self/status]	VmRSSPercent: 0.0210187 %
20220313 033407.422 INFO             PET0 PIOc_sync Enter - MemInfo: [malloc] Non-mmapped space allocated:                11890688 Byte
20220313 033407.422 INFO             PET0 PIOc_sync Enter - MemInfo: [malloc] Space allocated in mmapped regions:          1581056 Byte
20220313 033407.422 INFO             PET0 PIOc_sync Enter - MemInfo: [malloc] Maximum total allocated space:                     0 Byte
20220313 033407.422 INFO             PET0 PIOc_sync Enter - MemInfo: [malloc] Space in freed fastbin blocks:                  1072 Byte
20220313 033407.422 INFO             PET0 PIOc_sync Enter - MemInfo: [malloc] Total allocated space:                      11562832 Byte
20220313 033407.422 INFO             PET0 PIOc_sync Enter - MemInfo: [malloc] Total free space:                             327856 Byte
20220313 033407.422 INFO             PET0 PIOc_sync Enter - MemInfo: [malloc] Top-most, releasable space:                   126768 Byte
20220313 033407.422 INFO             PET0 PIOc_sync Enter - MemInfo: [malloc] Total space in use, mmap + non-mmap:        13143888 Byte
20220313 033407.422 INFO             PET0 PIOc_sync Enter - MemInfo: [malloc] Total space held (mmap + non-mmap):         13471744 Byte
20220313 033407.422 INFO             PET0 PIOc_sync Enter - MemInfo: [malloc] Total space used (mmap + non-mmap):         13153232 Byte
20220313 033407.422 INFO             PET0 PIOc_sync Enter - MemInfo: Wall-clock time since execution start:              0.0255613 seconds
20220313 033407.423 INFO             PET0 PIOc_sync Exit - MemInfo: [/proc/meminfo - SSI]	MemTotal:       196434604 kB
20220313 033407.423 INFO             PET0 PIOc_sync Exit - MemInfo: [/proc/meminfo - SSI]	MemFree:        184279052 kB
20220313 033407.423 INFO             PET0 PIOc_sync Exit - MemInfo: [/proc/meminfo - SSI]	MemAvailable:   191811608 kB
20220313 033407.423 INFO             PET0 PIOc_sync Exit - MemInfo: [/proc/meminfo - SSI]	Committed_AS:     670732 kB
20220313 033407.423 INFO             PET0 PIOc_sync Exit - MemInfo: [/proc/meminfo - SSI]	CommittedPercent: 0.341453 %
20220313 033407.423 INFO             PET0 PIOc_sync Exit - MemInfo: [/proc/self/status]	VmPeak:	  678000 kB
20220313 033407.423 INFO             PET0 PIOc_sync Exit - MemInfo: [/proc/self/status]	VmSize:	  678000 kB
20220313 033407.423 INFO             PET0 PIOc_sync Exit - MemInfo: [/proc/self/status]	VmLck:	       0 kB
20220313 033407.423 INFO             PET0 PIOc_sync Exit - MemInfo: [/proc/self/status]	VmPin:	       0 kB
20220313 033407.423 INFO             PET0 PIOc_sync Exit - MemInfo: [/proc/self/status]	VmHWM:	   73788 kB
20220313 033407.423 INFO             PET0 PIOc_sync Exit - MemInfo: [/proc/self/status]	VmRSS:	   41304 kB
20220313 033407.423 INFO             PET0 PIOc_sync Exit - MemInfo: [/proc/self/status]	VmData:	  195116 kB
20220313 033407.423 INFO             PET0 PIOc_sync Exit - MemInfo: [/proc/self/status]	VmStk:	     144 kB
20220313 033407.423 INFO             PET0 PIOc_sync Exit - MemInfo: [/proc/self/status]	VmExe:	     424 kB
20220313 033407.423 INFO             PET0 PIOc_sync Exit - MemInfo: [/proc/self/status]	VmLib:	   83112 kB
20220313 033407.423 INFO             PET0 PIOc_sync Exit - MemInfo: [/proc/self/status]	VmPTE:	     976 kB
20220313 033407.423 INFO             PET0 PIOc_sync Exit - MemInfo: [/proc/self/status]	VmSwap:	       0 kB
20220313 033407.423 INFO             PET0 PIOc_sync Exit - MemInfo: [/proc/self/status]	VmRSSPercent: 0.0210268 %
20220313 033407.423 INFO             PET0 PIOc_sync Exit - MemInfo: [malloc] Non-mmapped space allocated:                11890688 Byte
20220313 033407.423 INFO             PET0 PIOc_sync Exit - MemInfo: [malloc] Space allocated in mmapped regions:          1581056 Byte
20220313 033407.423 INFO             PET0 PIOc_sync Exit - MemInfo: [malloc] Maximum total allocated space:                     0 Byte
20220313 033407.423 INFO             PET0 PIOc_sync Exit - MemInfo: [malloc] Space in freed fastbin blocks:                  1152 Byte
20220313 033407.423 INFO             PET0 PIOc_sync Exit - MemInfo: [malloc] Total allocated space:                      11571184 Byte
20220313 033407.423 INFO             PET0 PIOc_sync Exit - MemInfo: [malloc] Total free space:                             319504 Byte
20220313 033407.423 INFO             PET0 PIOc_sync Exit - MemInfo: [malloc] Top-most, releasable space:                   110912 Byte
20220313 033407.423 INFO             PET0 PIOc_sync Exit - MemInfo: [malloc] Total space in use, mmap + non-mmap:        13152240 Byte
20220313 033407.423 INFO             PET0 PIOc_sync Exit - MemInfo: [malloc] Total space held (mmap + non-mmap):         13471744 Byte
20220313 033407.423 INFO             PET0 PIOc_sync Exit - MemInfo: [malloc] Total space used (mmap + non-mmap):         13161584 Byte
20220313 033407.423 INFO             PET0 PIOc_sync Exit - MemInfo: Wall-clock time since execution start:               0.026369 seconds
20220313 033407.423 INFO             PET0 PIOc_freedecomp Enter - MemInfo: [/proc/meminfo - SSI]	MemTotal:       196434604 kB
20220313 033407.423 INFO             PET0 PIOc_freedecomp Enter - MemInfo: [/proc/meminfo - SSI]	MemFree:        184279052 kB
20220313 033407.423 INFO             PET0 PIOc_freedecomp Enter - MemInfo: [/proc/meminfo - SSI]	MemAvailable:   191811608 kB
20220313 033407.423 INFO             PET0 PIOc_freedecomp Enter - MemInfo: [/proc/meminfo - SSI]	Committed_AS:     670732 kB
20220313 033407.423 INFO             PET0 PIOc_freedecomp Enter - MemInfo: [/proc/meminfo - SSI]	CommittedPercent: 0.341453 %
20220313 033407.423 INFO             PET0 PIOc_freedecomp Enter - MemInfo: [/proc/self/status]	VmPeak:	  678000 kB
20220313 033407.423 INFO             PET0 PIOc_freedecomp Enter - MemInfo: [/proc/self/status]	VmSize:	  678000 kB
20220313 033407.423 INFO             PET0 PIOc_freedecomp Enter - MemInfo: [/proc/self/status]	VmLck:	       0 kB
20220313 033407.423 INFO             PET0 PIOc_freedecomp Enter - MemInfo: [/proc/self/status]	VmPin:	       0 kB
20220313 033407.423 INFO             PET0 PIOc_freedecomp Enter - MemInfo: [/proc/self/status]	VmHWM:	   73788 kB
20220313 033407.423 INFO             PET0 PIOc_freedecomp Enter - MemInfo: [/proc/self/status]	VmRSS:	   41312 kB
20220313 033407.423 INFO             PET0 PIOc_freedecomp Enter - MemInfo: [/proc/self/status]	VmData:	  195116 kB
20220313 033407.423 INFO             PET0 PIOc_freedecomp Enter - MemInfo: [/proc/self/status]	VmStk:	     144 kB
20220313 033407.423 INFO             PET0 PIOc_freedecomp Enter - MemInfo: [/proc/self/status]	VmExe:	     424 kB
20220313 033407.423 INFO             PET0 PIOc_freedecomp Enter - MemInfo: [/proc/self/status]	VmLib:	   83112 kB
20220313 033407.423 INFO             PET0 PIOc_freedecomp Enter - MemInfo: [/proc/self/status]	VmPTE:	     976 kB
20220313 033407.423 INFO             PET0 PIOc_freedecomp Enter - MemInfo: [/proc/self/status]	VmSwap:	       0 kB
20220313 033407.423 INFO             PET0 PIOc_freedecomp Enter - MemInfo: [/proc/self/status]	VmRSSPercent: 0.0210309 %
20220313 033407.423 INFO             PET0 PIOc_freedecomp Enter - MemInfo: [malloc] Non-mmapped space allocated:                11890688 Byte
20220313 033407.423 INFO             PET0 PIOc_freedecomp Enter - MemInfo: [malloc] Space allocated in mmapped regions:          1581056 Byte
20220313 033407.423 INFO             PET0 PIOc_freedecomp Enter - MemInfo: [malloc] Maximum total allocated space:                     0 Byte
20220313 033407.424 INFO             PET0 PIOc_freedecomp Enter - MemInfo: [malloc] Space in freed fastbin blocks:                  1120 Byte
20220313 033407.424 INFO             PET0 PIOc_freedecomp Enter - MemInfo: [malloc] Total allocated space:                       2644976 Byte
20220313 033407.424 INFO             PET0 PIOc_freedecomp Enter - MemInfo: [malloc] Total free space:                            9245712 Byte
20220313 033407.424 INFO             PET0 PIOc_freedecomp Enter - MemInfo: [malloc] Top-most, releasable space:                   110912 Byte
20220313 033407.424 INFO             PET0 PIOc_freedecomp Enter - MemInfo: [malloc] Total space in use, mmap + non-mmap:         4226032 Byte
20220313 033407.424 INFO             PET0 PIOc_freedecomp Enter - MemInfo: [malloc] Total space held (mmap + non-mmap):         13471744 Byte
20220313 033407.424 INFO             PET0 PIOc_freedecomp Enter - MemInfo: [malloc] Total space used (mmap + non-mmap):          4235376 Byte
20220313 033407.424 INFO             PET0 PIOc_freedecomp Enter - MemInfo: Wall-clock time since execution start:              0.0271175 seconds
20220313 033407.424 INFO             PET0 PIOc_freedecomp Exit - MemInfo: [/proc/meminfo - SSI]	MemTotal:       196434604 kB
20220313 033407.424 INFO             PET0 PIOc_freedecomp Exit - MemInfo: [/proc/meminfo - SSI]	MemFree:        184279052 kB
20220313 033407.424 INFO             PET0 PIOc_freedecomp Exit - MemInfo: [/proc/meminfo - SSI]	MemAvailable:   191811608 kB
20220313 033407.424 INFO             PET0 PIOc_freedecomp Exit - MemInfo: [/proc/meminfo - SSI]	Committed_AS:     670732 kB
20220313 033407.424 INFO             PET0 PIOc_freedecomp Exit - MemInfo: [/proc/meminfo - SSI]	CommittedPercent: 0.341453 %
20220313 033407.424 INFO             PET0 PIOc_freedecomp Exit - MemInfo: [/proc/self/status]	VmPeak:	  678000 kB
20220313 033407.424 INFO             PET0 PIOc_freedecomp Exit - MemInfo: [/proc/self/status]	VmSize:	  678000 kB
20220313 033407.424 INFO             PET0 PIOc_freedecomp Exit - MemInfo: [/proc/self/status]	VmLck:	       0 kB
20220313 033407.424 INFO             PET0 PIOc_freedecomp Exit - MemInfo: [/proc/self/status]	VmPin:	       0 kB
20220313 033407.424 INFO             PET0 PIOc_freedecomp Exit - MemInfo: [/proc/self/status]	VmHWM:	   73788 kB
20220313 033407.424 INFO             PET0 PIOc_freedecomp Exit - MemInfo: [/proc/self/status]	VmRSS:	   41312 kB
20220313 033407.424 INFO             PET0 PIOc_freedecomp Exit - MemInfo: [/proc/self/status]	VmData:	  195116 kB
20220313 033407.424 INFO             PET0 PIOc_freedecomp Exit - MemInfo: [/proc/self/status]	VmStk:	     144 kB
20220313 033407.424 INFO             PET0 PIOc_freedecomp Exit - MemInfo: [/proc/self/status]	VmExe:	     424 kB
20220313 033407.424 INFO             PET0 PIOc_freedecomp Exit - MemInfo: [/proc/self/status]	VmLib:	   83112 kB
20220313 033407.424 INFO             PET0 PIOc_freedecomp Exit - MemInfo: [/proc/self/status]	VmPTE:	     976 kB
20220313 033407.424 INFO             PET0 PIOc_freedecomp Exit - MemInfo: [/proc/self/status]	VmSwap:	       0 kB
20220313 033407.424 INFO             PET0 PIOc_freedecomp Exit - MemInfo: [/proc/self/status]	VmRSSPercent: 0.0210309 %
20220313 033407.424 INFO             PET0 PIOc_freedecomp Exit - MemInfo: [malloc] Non-mmapped space allocated:                11890688 Byte
20220313 033407.424 INFO             PET0 PIOc_freedecomp Exit - MemInfo: [malloc] Space allocated in mmapped regions:          1581056 Byte
20220313 033407.424 INFO             PET0 PIOc_freedecomp Exit - MemInfo: [malloc] Maximum total allocated space:                     0 Byte
20220313 033407.424 INFO             PET0 PIOc_freedecomp Exit - MemInfo: [malloc] Space in freed fastbin blocks:                  1184 Byte
20220313 033407.424 INFO             PET0 PIOc_freedecomp Exit - MemInfo: [malloc] Total allocated space:                       2632016 Byte
20220313 033407.424 INFO             PET0 PIOc_freedecomp Exit - MemInfo: [malloc] Total free space:                            9258672 Byte
20220313 033407.424 INFO             PET0 PIOc_freedecomp Exit - MemInfo: [malloc] Top-most, releasable space:                   110912 Byte
20220313 033407.424 INFO             PET0 PIOc_freedecomp Exit - MemInfo: [malloc] Total space in use, mmap + non-mmap:         4213072 Byte
20220313 033407.424 INFO             PET0 PIOc_freedecomp Exit - MemInfo: [malloc] Total space held (mmap + non-mmap):         13471744 Byte
20220313 033407.424 INFO             PET0 PIOc_freedecomp Exit - MemInfo: [malloc] Total space used (mmap + non-mmap):          4222416 Byte
20220313 033407.424 INFO             PET0 PIOc_freedecomp Exit - MemInfo: Wall-clock time since execution start:              0.0275285 seconds
20220313 033407.424 INFO             PET0  PASS  Write Fortran array in nohalo Field, ESMF_FieldIOUTest.F90, line 268
20220313 033407.424 INFO             PET0  PASS  Create a field from grid and fortran dummy array without halo, ESMF_FieldIOUTest.F90, line 281
20220313 033407.427 INFO             PET0 PIOc_sync Enter - MemInfo: [/proc/meminfo - SSI]	MemTotal:       196434604 kB
20220313 033407.427 INFO             PET0 PIOc_sync Enter - MemInfo: [/proc/meminfo - SSI]	MemFree:        184278432 kB
20220313 033407.427 INFO             PET0 PIOc_sync Enter - MemInfo: [/proc/meminfo - SSI]	MemAvailable:   191810988 kB
20220313 033407.427 INFO             PET0 PIOc_sync Enter - MemInfo: [/proc/meminfo - SSI]	Committed_AS:     670732 kB
20220313 033407.427 INFO             PET0 PIOc_sync Enter - MemInfo: [/proc/meminfo - SSI]	CommittedPercent: 0.341453 %
20220313 033407.427 INFO             PET0 PIOc_sync Enter - MemInfo: [/proc/self/status]	VmPeak:	  678000 kB
20220313 033407.427 INFO             PET0 PIOc_sync Enter - MemInfo: [/proc/self/status]	VmSize:	  678000 kB
20220313 033407.427 INFO             PET0 PIOc_sync Enter - MemInfo: [/proc/self/status]	VmLck:	       0 kB
20220313 033407.427 INFO             PET0 PIOc_sync Enter - MemInfo: [/proc/self/status]	VmPin:	       0 kB
20220313 033407.427 INFO             PET0 PIOc_sync Enter - MemInfo: [/proc/self/status]	VmHWM:	   73788 kB
20220313 033407.427 INFO             PET0 PIOc_sync Enter - MemInfo: [/proc/self/status]	VmRSS:	   41708 kB
20220313 033407.427 INFO             PET0 PIOc_sync Enter - MemInfo: [/proc/self/status]	VmData:	  195116 kB
20220313 033407.427 INFO             PET0 PIOc_sync Enter - MemInfo: [/proc/self/status]	VmStk:	     144 kB
20220313 033407.427 INFO             PET0 PIOc_sync Enter - MemInfo: [/proc/self/status]	VmExe:	     424 kB
20220313 033407.427 INFO             PET0 PIOc_sync Enter - MemInfo: [/proc/self/status]	VmLib:	   83112 kB
20220313 033407.427 INFO             PET0 PIOc_sync Enter - MemInfo: [/proc/self/status]	VmPTE:	     976 kB
20220313 033407.427 INFO             PET0 PIOc_sync Enter - MemInfo: [/proc/self/status]	VmSwap:	       0 kB
20220313 033407.427 INFO             PET0 PIOc_sync Enter - MemInfo: [/proc/self/status]	VmRSSPercent: 0.0212325 %
20220313 033407.427 INFO             PET0 PIOc_sync Enter - MemInfo: [malloc] Non-mmapped space allocated:                11890688 Byte
20220313 033407.427 INFO             PET0 PIOc_sync Enter - MemInfo: [malloc] Space allocated in mmapped regions:          1581056 Byte
20220313 033407.427 INFO             PET0 PIOc_sync Enter - MemInfo: [malloc] Maximum total allocated space:                     0 Byte
20220313 033407.427 INFO             PET0 PIOc_sync Enter - MemInfo: [malloc] Space in freed fastbin blocks:                  1072 Byte
20220313 033407.427 INFO             PET0 PIOc_sync Enter - MemInfo: [malloc] Total allocated space:                      11568688 Byte
20220313 033407.427 INFO             PET0 PIOc_sync Enter - MemInfo: [malloc] Total free space:                             322000 Byte
20220313 033407.427 INFO             PET0 PIOc_sync Enter - MemInfo: [malloc] Top-most, releasable space:                   121520 Byte
20220313 033407.427 INFO             PET0 PIOc_sync Enter - MemInfo: [malloc] Total space in use, mmap + non-mmap:        13149744 Byte
20220313 033407.427 INFO             PET0 PIOc_sync Enter - MemInfo: [malloc] Total space held (mmap + non-mmap):         13471744 Byte
20220313 033407.427 INFO             PET0 PIOc_sync Enter - MemInfo: [malloc] Total space used (mmap + non-mmap):         13159088 Byte
20220313 033407.427 INFO             PET0 PIOc_sync Enter - MemInfo: Wall-clock time since execution start:              0.0303879 seconds
20220313 033407.427 INFO             PET0 PIOc_sync Exit - MemInfo: [/proc/meminfo - SSI]	MemTotal:       196434604 kB
20220313 033407.427 INFO             PET0 PIOc_sync Exit - MemInfo: [/proc/meminfo - SSI]	MemFree:        184278432 kB
20220313 033407.427 INFO             PET0 PIOc_sync Exit - MemInfo: [/proc/meminfo - SSI]	MemAvailable:   191810988 kB
20220313 033407.427 INFO             PET0 PIOc_sync Exit - MemInfo: [/proc/meminfo - SSI]	Committed_AS:     670732 kB
20220313 033407.427 INFO             PET0 PIOc_sync Exit - MemInfo: [/proc/meminfo - SSI]	CommittedPercent: 0.341453 %
20220313 033407.427 INFO             PET0 PIOc_sync Exit - MemInfo: [/proc/self/status]	VmPeak:	  678000 kB
20220313 033407.427 INFO             PET0 PIOc_sync Exit - MemInfo: [/proc/self/status]	VmSize:	  678000 kB
20220313 033407.427 INFO             PET0 PIOc_sync Exit - MemInfo: [/proc/self/status]	VmLck:	       0 kB
20220313 033407.427 INFO             PET0 PIOc_sync Exit - MemInfo: [/proc/self/status]	VmPin:	       0 kB
20220313 033407.427 INFO             PET0 PIOc_sync Exit - MemInfo: [/proc/self/status]	VmHWM:	   73788 kB
20220313 033407.427 INFO             PET0 PIOc_sync Exit - MemInfo: [/proc/self/status]	VmRSS:	   41712 kB
20220313 033407.427 INFO             PET0 PIOc_sync Exit - MemInfo: [/proc/self/status]	VmData:	  195116 kB
20220313 033407.427 INFO             PET0 PIOc_sync Exit - MemInfo: [/proc/self/status]	VmStk:	     144 kB
20220313 033407.427 INFO             PET0 PIOc_sync Exit - MemInfo: [/proc/self/status]	VmExe:	     424 kB
20220313 033407.427 INFO             PET0 PIOc_sync Exit - MemInfo: [/proc/self/status]	VmLib:	   83112 kB
20220313 033407.427 INFO             PET0 PIOc_sync Exit - MemInfo: [/proc/self/status]	VmPTE:	     976 kB
20220313 033407.428 INFO             PET0 PIOc_sync Exit - MemInfo: [/proc/self/status]	VmSwap:	       0 kB
20220313 033407.428 INFO             PET0 PIOc_sync Exit - MemInfo: [/proc/self/status]	VmRSSPercent: 0.0212345 %
20220313 033407.428 INFO             PET0 PIOc_sync Exit - MemInfo: [malloc] Non-mmapped space allocated:                11890688 Byte
20220313 033407.428 INFO             PET0 PIOc_sync Exit - MemInfo: [malloc] Space allocated in mmapped regions:          1581056 Byte
20220313 033407.428 INFO             PET0 PIOc_sync Exit - MemInfo: [malloc] Maximum total allocated space:                     0 Byte
20220313 033407.428 INFO             PET0 PIOc_sync Exit - MemInfo: [malloc] Space in freed fastbin blocks:                  1040 Byte
20220313 033407.428 INFO             PET0 PIOc_sync Exit - MemInfo: [malloc] Total allocated space:                      11578192 Byte
20220313 033407.428 INFO             PET0 PIOc_sync Exit - MemInfo: [malloc] Total free space:                             312496 Byte
20220313 033407.428 INFO             PET0 PIOc_sync Exit - MemInfo: [malloc] Top-most, releasable space:                   102720 Byte
20220313 033407.428 INFO             PET0 PIOc_sync Exit - MemInfo: [malloc] Total space in use, mmap + non-mmap:        13159248 Byte
20220313 033407.428 INFO             PET0 PIOc_sync Exit - MemInfo: [malloc] Total space held (mmap + non-mmap):         13471744 Byte
20220313 033407.428 INFO             PET0 PIOc_sync Exit - MemInfo: [malloc] Total space used (mmap + non-mmap):         13168592 Byte
20220313 033407.428 INFO             PET0 PIOc_sync Exit - MemInfo: Wall-clock time since execution start:              0.0311851 seconds
20220313 033407.428 INFO             PET0 PIOc_freedecomp Enter - MemInfo: [/proc/meminfo - SSI]	MemTotal:       196434604 kB
20220313 033407.428 INFO             PET0 PIOc_freedecomp Enter - MemInfo: [/proc/meminfo - SSI]	MemFree:        184278432 kB
20220313 033407.428 INFO             PET0 PIOc_freedecomp Enter - MemInfo: [/proc/meminfo - SSI]	MemAvailable:   191810988 kB
20220313 033407.428 INFO             PET0 PIOc_freedecomp Enter - MemInfo: [/proc/meminfo - SSI]	Committed_AS:     670732 kB
20220313 033407.428 INFO             PET0 PIOc_freedecomp Enter - MemInfo: [/proc/meminfo - SSI]	CommittedPercent: 0.341453 %
20220313 033407.428 INFO             PET0 PIOc_freedecomp Enter - MemInfo: [/proc/self/status]	VmPeak:	  678000 kB
20220313 033407.428 INFO             PET0 PIOc_freedecomp Enter - MemInfo: [/proc/self/status]	VmSize:	  678000 kB
20220313 033407.428 INFO             PET0 PIOc_freedecomp Enter - MemInfo: [/proc/self/status]	VmLck:	       0 kB
20220313 033407.428 INFO             PET0 PIOc_freedecomp Enter - MemInfo: [/proc/self/status]	VmPin:	       0 kB
20220313 033407.428 INFO             PET0 PIOc_freedecomp Enter - MemInfo: [/proc/self/status]	VmHWM:	   73788 kB
20220313 033407.428 INFO             PET0 PIOc_freedecomp Enter - MemInfo: [/proc/self/status]	VmRSS:	   41720 kB
20220313 033407.428 INFO             PET0 PIOc_freedecomp Enter - MemInfo: [/proc/self/status]	VmData:	  195116 kB
20220313 033407.428 INFO             PET0 PIOc_freedecomp Enter - MemInfo: [/proc/self/status]	VmStk:	     144 kB
20220313 033407.428 INFO             PET0 PIOc_freedecomp Enter - MemInfo: [/proc/self/status]	VmExe:	     424 kB
20220313 033407.428 INFO             PET0 PIOc_freedecomp Enter - MemInfo: [/proc/self/status]	VmLib:	   83112 kB
20220313 033407.428 INFO             PET0 PIOc_freedecomp Enter - MemInfo: [/proc/self/status]	VmPTE:	     976 kB
20220313 033407.428 INFO             PET0 PIOc_freedecomp Enter - MemInfo: [/proc/self/status]	VmSwap:	       0 kB
20220313 033407.428 INFO             PET0 PIOc_freedecomp Enter - MemInfo: [/proc/self/status]	VmRSSPercent: 0.0212386 %
20220313 033407.428 INFO             PET0 PIOc_freedecomp Enter - MemInfo: [malloc] Non-mmapped space allocated:                11890688 Byte
20220313 033407.428 INFO             PET0 PIOc_freedecomp Enter - MemInfo: [malloc] Space allocated in mmapped regions:          1581056 Byte
20220313 033407.428 INFO             PET0 PIOc_freedecomp Enter - MemInfo: [malloc] Maximum total allocated space:                     0 Byte
20220313 033407.428 INFO             PET0 PIOc_freedecomp Enter - MemInfo: [malloc] Space in freed fastbin blocks:                  1232 Byte
20220313 033407.428 INFO             PET0 PIOc_freedecomp Enter - MemInfo: [malloc] Total allocated space:                       2651984 Byte
20220313 033407.428 INFO             PET0 PIOc_freedecomp Enter - MemInfo: [malloc] Total free space:                            9238704 Byte
20220313 033407.428 INFO             PET0 PIOc_freedecomp Enter - MemInfo: [malloc] Top-most, releasable space:                   102720 Byte
20220313 033407.428 INFO             PET0 PIOc_freedecomp Enter - MemInfo: [malloc] Total space in use, mmap + non-mmap:         4233040 Byte
20220313 033407.428 INFO             PET0 PIOc_freedecomp Enter - MemInfo: [malloc] Total space held (mmap + non-mmap):         13471744 Byte
20220313 033407.428 INFO             PET0 PIOc_freedecomp Enter - MemInfo: [malloc] Total space used (mmap + non-mmap):          4242384 Byte
20220313 033407.428 INFO             PET0 PIOc_freedecomp Enter - MemInfo: Wall-clock time since execution start:              0.0319667 seconds
20220313 033407.429 INFO             PET0 PIOc_freedecomp Exit - MemInfo: [/proc/meminfo - SSI]	MemTotal:       196434604 kB
20220313 033407.429 INFO             PET0 PIOc_freedecomp Exit - MemInfo: [/proc/meminfo - SSI]	MemFree:        184278432 kB
20220313 033407.429 INFO             PET0 PIOc_freedecomp Exit - MemInfo: [/proc/meminfo - SSI]	MemAvailable:   191810988 kB
20220313 033407.429 INFO             PET0 PIOc_freedecomp Exit - MemInfo: [/proc/meminfo - SSI]	Committed_AS:     670732 kB
20220313 033407.429 INFO             PET0 PIOc_freedecomp Exit - MemInfo: [/proc/meminfo - SSI]	CommittedPercent: 0.341453 %
20220313 033407.429 INFO             PET0 PIOc_freedecomp Exit - MemInfo: [/proc/self/status]	VmPeak:	  678000 kB
20220313 033407.429 INFO             PET0 PIOc_freedecomp Exit - MemInfo: [/proc/self/status]	VmSize:	  678000 kB
20220313 033407.429 INFO             PET0 PIOc_freedecomp Exit - MemInfo: [/proc/self/status]	VmLck:	       0 kB
20220313 033407.429 INFO             PET0 PIOc_freedecomp Exit - MemInfo: [/proc/self/status]	VmPin:	       0 kB
20220313 033407.429 INFO             PET0 PIOc_freedecomp Exit - MemInfo: [/proc/self/status]	VmHWM:	   73788 kB
20220313 033407.429 INFO             PET0 PIOc_freedecomp Exit - MemInfo: [/proc/self/status]	VmRSS:	   41720 kB
20220313 033407.429 INFO             PET0 PIOc_freedecomp Exit - MemInfo: [/proc/self/status]	VmData:	  195116 kB
20220313 033407.429 INFO             PET0 PIOc_freedecomp Exit - MemInfo: [/proc/self/status]	VmStk:	     144 kB
20220313 033407.429 INFO             PET0 PIOc_freedecomp Exit - MemInfo: [/proc/self/status]	VmExe:	     424 kB
20220313 033407.429 INFO             PET0 PIOc_freedecomp Exit - MemInfo: [/proc/self/status]	VmLib:	   83112 kB
20220313 033407.429 INFO             PET0 PIOc_freedecomp Exit - MemInfo: [/proc/self/status]	VmPTE:	     976 kB
20220313 033407.429 INFO             PET0 PIOc_freedecomp Exit - MemInfo: [/proc/self/status]	VmSwap:	       0 kB
20220313 033407.429 INFO             PET0 PIOc_freedecomp Exit - MemInfo: [/proc/self/status]	VmRSSPercent: 0.0212386 %
20220313 033407.429 INFO             PET0 PIOc_freedecomp Exit - MemInfo: [malloc] Non-mmapped space allocated:                11890688 Byte
20220313 033407.429 INFO             PET0 PIOc_freedecomp Exit - MemInfo: [malloc] Space allocated in mmapped regions:          1581056 Byte
20220313 033407.429 INFO             PET0 PIOc_freedecomp Exit - MemInfo: [malloc] Maximum total allocated space:                     0 Byte
20220313 033407.429 INFO             PET0 PIOc_freedecomp Exit - MemInfo: [malloc] Space in freed fastbin blocks:                  1296 Byte
20220313 033407.429 INFO             PET0 PIOc_freedecomp Exit - MemInfo: [malloc] Total allocated space:                       2636912 Byte
20220313 033407.429 INFO             PET0 PIOc_freedecomp Exit - MemInfo: [malloc] Total free space:                            9253776 Byte
20220313 033407.429 INFO             PET0 PIOc_freedecomp Exit - MemInfo: [malloc] Top-most, releasable space:                   102720 Byte
20220313 033407.429 INFO             PET0 PIOc_freedecomp Exit - MemInfo: [malloc] Total space in use, mmap + non-mmap:         4217968 Byte
20220313 033407.429 INFO             PET0 PIOc_freedecomp Exit - MemInfo: [malloc] Total space held (mmap + non-mmap):         13471744 Byte
20220313 033407.429 INFO             PET0 PIOc_freedecomp Exit - MemInfo: [malloc] Total space used (mmap + non-mmap):          4227312 Byte
20220313 033407.429 INFO             PET0 PIOc_freedecomp Exit - MemInfo: Wall-clock time since execution start:              0.0323564 seconds
20220313 033407.430 INFO             PET0 PIOc_sync Enter - MemInfo: [/proc/meminfo - SSI]	MemTotal:       196434604 kB
20220313 033407.430 INFO             PET0 PIOc_sync Enter - MemInfo: [/proc/meminfo - SSI]	MemFree:        184278432 kB
20220313 033407.430 INFO             PET0 PIOc_sync Enter - MemInfo: [/proc/meminfo - SSI]	MemAvailable:   191810988 kB
20220313 033407.430 INFO             PET0 PIOc_sync Enter - MemInfo: [/proc/meminfo - SSI]	Committed_AS:     670732 kB
20220313 033407.430 INFO             PET0 PIOc_sync Enter - MemInfo: [/proc/meminfo - SSI]	CommittedPercent: 0.341453 %
20220313 033407.430 INFO             PET0 PIOc_sync Enter - MemInfo: [/proc/self/status]	VmPeak:	  678004 kB
20220313 033407.430 INFO             PET0 PIOc_sync Enter - MemInfo: [/proc/self/status]	VmSize:	  678000 kB
20220313 033407.430 INFO             PET0 PIOc_sync Enter - MemInfo: [/proc/self/status]	VmLck:	       0 kB
20220313 033407.430 INFO             PET0 PIOc_sync Enter - MemInfo: [/proc/self/status]	VmPin:	       0 kB
20220313 033407.430 INFO             PET0 PIOc_sync Enter - MemInfo: [/proc/self/status]	VmHWM:	   73788 kB
20220313 033407.430 INFO             PET0 PIOc_sync Enter - MemInfo: [/proc/self/status]	VmRSS:	   41736 kB
20220313 033407.430 INFO             PET0 PIOc_sync Enter - MemInfo: [/proc/self/status]	VmData:	  195116 kB
20220313 033407.431 INFO             PET0 PIOc_sync Enter - MemInfo: [/proc/self/status]	VmStk:	     144 kB
20220313 033407.431 INFO             PET0 PIOc_sync Enter - MemInfo: [/proc/self/status]	VmExe:	     424 kB
20220313 033407.431 INFO             PET0 PIOc_sync Enter - MemInfo: [/proc/self/status]	VmLib:	   83112 kB
20220313 033407.431 INFO             PET0 PIOc_sync Enter - MemInfo: [/proc/self/status]	VmPTE:	     980 kB
20220313 033407.431 INFO             PET0 PIOc_sync Enter - MemInfo: [/proc/self/status]	VmSwap:	       0 kB
20220313 033407.431 INFO             PET0 PIOc_sync Enter - MemInfo: [/proc/self/status]	VmRSSPercent: 0.0212468 %
20220313 033407.431 INFO             PET0 PIOc_sync Enter - MemInfo: [malloc] Non-mmapped space allocated:                11890688 Byte
20220313 033407.431 INFO             PET0 PIOc_sync Enter - MemInfo: [malloc] Space allocated in mmapped regions:          1581056 Byte
20220313 033407.431 INFO             PET0 PIOc_sync Enter - MemInfo: [malloc] Maximum total allocated space:                     0 Byte
20220313 033407.431 INFO             PET0 PIOc_sync Enter - MemInfo: [malloc] Space in freed fastbin blocks:                  1680 Byte
20220313 033407.431 INFO             PET0 PIOc_sync Enter - MemInfo: [malloc] Total allocated space:                      11568432 Byte
20220313 033407.431 INFO             PET0 PIOc_sync Enter - MemInfo: [malloc] Total free space:                             322256 Byte
20220313 033407.431 INFO             PET0 PIOc_sync Enter - MemInfo: [malloc] Top-most, releasable space:                   121120 Byte
20220313 033407.431 INFO             PET0 PIOc_sync Enter - MemInfo: [malloc] Total space in use, mmap + non-mmap:        13149488 Byte
20220313 033407.431 INFO             PET0 PIOc_sync Enter - MemInfo: [malloc] Total space held (mmap + non-mmap):         13471744 Byte
20220313 033407.431 INFO             PET0 PIOc_sync Enter - MemInfo: [malloc] Total space used (mmap + non-mmap):         13158832 Byte
20220313 033407.431 INFO             PET0 PIOc_sync Enter - MemInfo: Wall-clock time since execution start:              0.0341814 seconds
20220313 033407.431 INFO             PET0 PIOc_sync Exit - MemInfo: [/proc/meminfo - SSI]	MemTotal:       196434604 kB
20220313 033407.431 INFO             PET0 PIOc_sync Exit - MemInfo: [/proc/meminfo - SSI]	MemFree:        184278432 kB
20220313 033407.431 INFO             PET0 PIOc_sync Exit - MemInfo: [/proc/meminfo - SSI]	MemAvailable:   191810988 kB
20220313 033407.431 INFO             PET0 PIOc_sync Exit - MemInfo: [/proc/meminfo - SSI]	Committed_AS:     670732 kB
20220313 033407.431 INFO             PET0 PIOc_sync Exit - MemInfo: [/proc/meminfo - SSI]	CommittedPercent: 0.341453 %
20220313 033407.431 INFO             PET0 PIOc_sync Exit - MemInfo: [/proc/self/status]	VmPeak:	  678004 kB
20220313 033407.431 INFO             PET0 PIOc_sync Exit - MemInfo: [/proc/self/status]	VmSize:	  678000 kB
20220313 033407.431 INFO             PET0 PIOc_sync Exit - MemInfo: [/proc/self/status]	VmLck:	       0 kB
20220313 033407.431 INFO             PET0 PIOc_sync Exit - MemInfo: [/proc/self/status]	VmPin:	       0 kB
20220313 033407.431 INFO             PET0 PIOc_sync Exit - MemInfo: [/proc/self/status]	VmHWM:	   73788 kB
20220313 033407.431 INFO             PET0 PIOc_sync Exit - MemInfo: [/proc/self/status]	VmRSS:	   41736 kB
20220313 033407.431 INFO             PET0 PIOc_sync Exit - MemInfo: [/proc/self/status]	VmData:	  195116 kB
20220313 033407.431 INFO             PET0 PIOc_sync Exit - MemInfo: [/proc/self/status]	VmStk:	     144 kB
20220313 033407.431 INFO             PET0 PIOc_sync Exit - MemInfo: [/proc/self/status]	VmExe:	     424 kB
20220313 033407.431 INFO             PET0 PIOc_sync Exit - MemInfo: [/proc/self/status]	VmLib:	   83112 kB
20220313 033407.431 INFO             PET0 PIOc_sync Exit - MemInfo: [/proc/self/status]	VmPTE:	     980 kB
20220313 033407.431 INFO             PET0 PIOc_sync Exit - MemInfo: [/proc/self/status]	VmSwap:	       0 kB
20220313 033407.431 INFO             PET0 PIOc_sync Exit - MemInfo: [/proc/self/status]	VmRSSPercent: 0.0212468 %
20220313 033407.431 INFO             PET0 PIOc_sync Exit - MemInfo: [malloc] Non-mmapped space allocated:                11890688 Byte
20220313 033407.431 INFO             PET0 PIOc_sync Exit - MemInfo: [malloc] Space allocated in mmapped regions:          1581056 Byte
20220313 033407.431 INFO             PET0 PIOc_sync Exit - MemInfo: [malloc] Maximum total allocated space:                     0 Byte
20220313 033407.431 INFO             PET0 PIOc_sync Exit - MemInfo: [malloc] Space in freed fastbin blocks:                  1152 Byte
20220313 033407.431 INFO             PET0 PIOc_sync Exit - MemInfo: [malloc] Total allocated space:                      11576768 Byte
20220313 033407.431 INFO             PET0 PIOc_sync Exit - MemInfo: [malloc] Total free space:                             313920 Byte
20220313 033407.431 INFO             PET0 PIOc_sync Exit - MemInfo: [malloc] Top-most, releasable space:                   105104 Byte
20220313 033407.431 INFO             PET0 PIOc_sync Exit - MemInfo: [malloc] Total space in use, mmap + non-mmap:        13157824 Byte
20220313 033407.431 INFO             PET0 PIOc_sync Exit - MemInfo: [malloc] Total space held (mmap + non-mmap):         13471744 Byte
20220313 033407.431 INFO             PET0 PIOc_sync Exit - MemInfo: [malloc] Total space used (mmap + non-mmap):         13167168 Byte
20220313 033407.431 INFO             PET0 PIOc_sync Exit - MemInfo: Wall-clock time since execution start:              0.0347809 seconds
20220313 033407.432 INFO             PET0 PIOc_freedecomp Enter - MemInfo: [/proc/meminfo - SSI]	MemTotal:       196434604 kB
20220313 033407.432 INFO             PET0 PIOc_freedecomp Enter - MemInfo: [/proc/meminfo - SSI]	MemFree:        184278432 kB
20220313 033407.432 INFO             PET0 PIOc_freedecomp Enter - MemInfo: [/proc/meminfo - SSI]	MemAvailable:   191810988 kB
20220313 033407.432 INFO             PET0 PIOc_freedecomp Enter - MemInfo: [/proc/meminfo - SSI]	Committed_AS:     670732 kB
20220313 033407.432 INFO             PET0 PIOc_freedecomp Enter - MemInfo: [/proc/meminfo - SSI]	CommittedPercent: 0.341453 %
20220313 033407.432 INFO             PET0 PIOc_freedecomp Enter - MemInfo: [/proc/self/status]	VmPeak:	  678004 kB
20220313 033407.432 INFO             PET0 PIOc_freedecomp Enter - MemInfo: [/proc/self/status]	VmSize:	  678000 kB
20220313 033407.432 INFO             PET0 PIOc_freedecomp Enter - MemInfo: [/proc/self/status]	VmLck:	       0 kB
20220313 033407.432 INFO             PET0 PIOc_freedecomp Enter - MemInfo: [/proc/self/status]	VmPin:	       0 kB
20220313 033407.432 INFO             PET0 PIOc_freedecomp Enter - MemInfo: [/proc/self/status]	VmHWM:	   73788 kB
20220313 033407.432 INFO             PET0 PIOc_freedecomp Enter - MemInfo: [/proc/self/status]	VmRSS:	   41736 kB
20220313 033407.432 INFO             PET0 PIOc_freedecomp Enter - MemInfo: [/proc/self/status]	VmData:	  195116 kB
20220313 033407.432 INFO             PET0 PIOc_freedecomp Enter - MemInfo: [/proc/self/status]	VmStk:	     144 kB
20220313 033407.432 INFO             PET0 PIOc_freedecomp Enter - MemInfo: [/proc/self/status]	VmExe:	     424 kB
20220313 033407.432 INFO             PET0 PIOc_freedecomp Enter - MemInfo: [/proc/self/status]	VmLib:	   83112 kB
20220313 033407.432 INFO             PET0 PIOc_freedecomp Enter - MemInfo: [/proc/self/status]	VmPTE:	     980 kB
20220313 033407.432 INFO             PET0 PIOc_freedecomp Enter - MemInfo: [/proc/self/status]	VmSwap:	       0 kB
20220313 033407.432 INFO             PET0 PIOc_freedecomp Enter - MemInfo: [/proc/self/status]	VmRSSPercent: 0.0212468 %
20220313 033407.432 INFO             PET0 PIOc_freedecomp Enter - MemInfo: [malloc] Non-mmapped space allocated:                11890688 Byte
20220313 033407.432 INFO             PET0 PIOc_freedecomp Enter - MemInfo: [malloc] Space allocated in mmapped regions:          1581056 Byte
20220313 033407.432 INFO             PET0 PIOc_freedecomp Enter - MemInfo: [malloc] Maximum total allocated space:                     0 Byte
20220313 033407.432 INFO             PET0 PIOc_freedecomp Enter - MemInfo: [malloc] Space in freed fastbin blocks:                  1104 Byte
20220313 033407.432 INFO             PET0 PIOc_freedecomp Enter - MemInfo: [malloc] Total allocated space:                       2649888 Byte
20220313 033407.432 INFO             PET0 PIOc_freedecomp Enter - MemInfo: [malloc] Total free space:                            9240800 Byte
20220313 033407.432 INFO             PET0 PIOc_freedecomp Enter - MemInfo: [malloc] Top-most, releasable space:                   105104 Byte
20220313 033407.432 INFO             PET0 PIOc_freedecomp Enter - MemInfo: [malloc] Total space in use, mmap + non-mmap:         4230944 Byte
20220313 033407.432 INFO             PET0 PIOc_freedecomp Enter - MemInfo: [malloc] Total space held (mmap + non-mmap):         13471744 Byte
20220313 033407.432 INFO             PET0 PIOc_freedecomp Enter - MemInfo: [malloc] Total space used (mmap + non-mmap):          4240288 Byte
20220313 033407.432 INFO             PET0 PIOc_freedecomp Enter - MemInfo: Wall-clock time since execution start:              0.0353788 seconds
20220313 033407.432 INFO             PET0 PIOc_freedecomp Exit - MemInfo: [/proc/meminfo - SSI]	MemTotal:       196434604 kB
20220313 033407.432 INFO             PET0 PIOc_freedecomp Exit - MemInfo: [/proc/meminfo - SSI]	MemFree:        184278432 kB
20220313 033407.432 INFO             PET0 PIOc_freedecomp Exit - MemInfo: [/proc/meminfo - SSI]	MemAvailable:   191810988 kB
20220313 033407.432 INFO             PET0 PIOc_freedecomp Exit - MemInfo: [/proc/meminfo - SSI]	Committed_AS:     670732 kB
20220313 033407.432 INFO             PET0 PIOc_freedecomp Exit - MemInfo: [/proc/meminfo - SSI]	CommittedPercent: 0.341453 %
20220313 033407.432 INFO             PET0 PIOc_freedecomp Exit - MemInfo: [/proc/self/status]	VmPeak:	  678004 kB
20220313 033407.432 INFO             PET0 PIOc_freedecomp Exit - MemInfo: [/proc/self/status]	VmSize:	  678000 kB
20220313 033407.432 INFO             PET0 PIOc_freedecomp Exit - MemInfo: [/proc/self/status]	VmLck:	       0 kB
20220313 033407.432 INFO             PET0 PIOc_freedecomp Exit - MemInfo: [/proc/self/status]	VmPin:	       0 kB
20220313 033407.432 INFO             PET0 PIOc_freedecomp Exit - MemInfo: [/proc/self/status]	VmHWM:	   73788 kB
20220313 033407.432 INFO             PET0 PIOc_freedecomp Exit - MemInfo: [/proc/self/status]	VmRSS:	   41736 kB
20220313 033407.432 INFO             PET0 PIOc_freedecomp Exit - MemInfo: [/proc/self/status]	VmData:	  195116 kB
20220313 033407.432 INFO             PET0 PIOc_freedecomp Exit - MemInfo: [/proc/self/status]	VmStk:	     144 kB
20220313 033407.432 INFO             PET0 PIOc_freedecomp Exit - MemInfo: [/proc/self/status]	VmExe:	     424 kB
20220313 033407.432 INFO             PET0 PIOc_freedecomp Exit - MemInfo: [/proc/self/status]	VmLib:	   83112 kB
20220313 033407.432 INFO             PET0 PIOc_freedecomp Exit - MemInfo: [/proc/self/status]	VmPTE:	     980 kB
20220313 033407.432 INFO             PET0 PIOc_freedecomp Exit - MemInfo: [/proc/self/status]	VmSwap:	       0 kB
20220313 033407.432 INFO             PET0 PIOc_freedecomp Exit - MemInfo: [/proc/self/status]	VmRSSPercent: 0.0212468 %
20220313 033407.432 INFO             PET0 PIOc_freedecomp Exit - MemInfo: [malloc] Non-mmapped space allocated:                11890688 Byte
20220313 033407.432 INFO             PET0 PIOc_freedecomp Exit - MemInfo: [malloc] Space allocated in mmapped regions:          1581056 Byte
20220313 033407.432 INFO             PET0 PIOc_freedecomp Exit - MemInfo: [malloc] Maximum total allocated space:                     0 Byte
20220313 033407.432 INFO             PET0 PIOc_freedecomp Exit - MemInfo: [malloc] Space in freed fastbin blocks:                   912 Byte
20220313 033407.432 INFO             PET0 PIOc_freedecomp Exit - MemInfo: [malloc] Total allocated space:                       2636928 Byte
20220313 033407.432 INFO             PET0 PIOc_freedecomp Exit - MemInfo: [malloc] Total free space:                            9253760 Byte
20220313 033407.432 INFO             PET0 PIOc_freedecomp Exit - MemInfo: [malloc] Top-most, releasable space:                   105104 Byte
20220313 033407.432 INFO             PET0 PIOc_freedecomp Exit - MemInfo: [malloc] Total space in use, mmap + non-mmap:         4217984 Byte
20220313 033407.432 INFO             PET0 PIOc_freedecomp Exit - MemInfo: [malloc] Total space held (mmap + non-mmap):         13471744 Byte
20220313 033407.432 INFO             PET0 PIOc_freedecomp Exit - MemInfo: [malloc] Total space used (mmap + non-mmap):          4227328 Byte
20220313 033407.432 INFO             PET0 PIOc_freedecomp Exit - MemInfo: Wall-clock time since execution start:              0.0357509 seconds
20220313 033407.432 INFO             PET0  PASS  Write multiple Fields with same dimensions to a file, ESMF_FieldIOUTest.F90, line 292
20220313 033407.432 INFO             PET0  PASS  Create grid for field metadata test, ESMF_FieldIOUTest.F90, line 309
20220313 033407.433 INFO             PET0  PASS  Create field with global indices, ESMF_FieldIOUTest.F90, line 316
20220313 033407.433 INFO             PET0  PASS  Get Farray_md from field, ESMF_FieldIOUTest.F90, line 324
20220313 033407.436 INFO             PET0 PIOc_sync Enter - MemInfo: [/proc/meminfo - SSI]	MemTotal:       196434604 kB
20220313 033407.436 INFO             PET0 PIOc_sync Enter - MemInfo: [/proc/meminfo - SSI]	MemFree:        184278432 kB
20220313 033407.436 INFO             PET0 PIOc_sync Enter - MemInfo: [/proc/meminfo - SSI]	MemAvailable:   191810988 kB
20220313 033407.436 INFO             PET0 PIOc_sync Enter - MemInfo: [/proc/meminfo - SSI]	Committed_AS:     670732 kB
20220313 033407.436 INFO             PET0 PIOc_sync Enter - MemInfo: [/proc/meminfo - SSI]	CommittedPercent: 0.341453 %
20220313 033407.436 INFO             PET0 PIOc_sync Enter - MemInfo: [/proc/self/status]	VmPeak:	  678004 kB
20220313 033407.436 INFO             PET0 PIOc_sync Enter - MemInfo: [/proc/self/status]	VmSize:	  678000 kB
20220313 033407.436 INFO             PET0 PIOc_sync Enter - MemInfo: [/proc/self/status]	VmLck:	       0 kB
20220313 033407.436 INFO             PET0 PIOc_sync Enter - MemInfo: [/proc/self/status]	VmPin:	       0 kB
20220313 033407.436 INFO             PET0 PIOc_sync Enter - MemInfo: [/proc/self/status]	VmHWM:	   73788 kB
20220313 033407.436 INFO             PET0 PIOc_sync Enter - MemInfo: [/proc/self/status]	VmRSS:	   41736 kB
20220313 033407.436 INFO             PET0 PIOc_sync Enter - MemInfo: [/proc/self/status]	VmData:	  195116 kB
20220313 033407.436 INFO             PET0 PIOc_sync Enter - MemInfo: [/proc/self/status]	VmStk:	     144 kB
20220313 033407.436 INFO             PET0 PIOc_sync Enter - MemInfo: [/proc/self/status]	VmExe:	     424 kB
20220313 033407.436 INFO             PET0 PIOc_sync Enter - MemInfo: [/proc/self/status]	VmLib:	   83112 kB
20220313 033407.436 INFO             PET0 PIOc_sync Enter - MemInfo: [/proc/self/status]	VmPTE:	     980 kB
20220313 033407.436 INFO             PET0 PIOc_sync Enter - MemInfo: [/proc/self/status]	VmSwap:	       0 kB
20220313 033407.436 INFO             PET0 PIOc_sync Enter - MemInfo: [/proc/self/status]	VmRSSPercent: 0.0212468 %
20220313 033407.436 INFO             PET0 PIOc_sync Enter - MemInfo: [malloc] Non-mmapped space allocated:                11890688 Byte
20220313 033407.436 INFO             PET0 PIOc_sync Enter - MemInfo: [malloc] Space allocated in mmapped regions:          1581056 Byte
20220313 033407.436 INFO             PET0 PIOc_sync Enter - MemInfo: [malloc] Maximum total allocated space:                     0 Byte
20220313 033407.436 INFO             PET0 PIOc_sync Enter - MemInfo: [malloc] Space in freed fastbin blocks:                  1088 Byte
20220313 033407.436 INFO             PET0 PIOc_sync Enter - MemInfo: [malloc] Total allocated space:                      11587920 Byte
20220313 033407.436 INFO             PET0 PIOc_sync Enter - MemInfo: [malloc] Total free space:                             302768 Byte
20220313 033407.436 INFO             PET0 PIOc_sync Enter - MemInfo: [malloc] Top-most, releasable space:                   102304 Byte
20220313 033407.436 INFO             PET0 PIOc_sync Enter - MemInfo: [malloc] Total space in use, mmap + non-mmap:        13168976 Byte
20220313 033407.436 INFO             PET0 PIOc_sync Enter - MemInfo: [malloc] Total space held (mmap + non-mmap):         13471744 Byte
20220313 033407.436 INFO             PET0 PIOc_sync Enter - MemInfo: [malloc] Total space used (mmap + non-mmap):         13178320 Byte
20220313 033407.436 INFO             PET0 PIOc_sync Enter - MemInfo: Wall-clock time since execution start:              0.0394491 seconds
20220313 033407.436 INFO             PET0 PIOc_sync Exit - MemInfo: [/proc/meminfo - SSI]	MemTotal:       196434604 kB
20220313 033407.436 INFO             PET0 PIOc_sync Exit - MemInfo: [/proc/meminfo - SSI]	MemFree:        184278432 kB
20220313 033407.436 INFO             PET0 PIOc_sync Exit - MemInfo: [/proc/meminfo - SSI]	MemAvailable:   191810988 kB
20220313 033407.436 INFO             PET0 PIOc_sync Exit - MemInfo: [/proc/meminfo - SSI]	Committed_AS:     670732 kB
20220313 033407.436 INFO             PET0 PIOc_sync Exit - MemInfo: [/proc/meminfo - SSI]	CommittedPercent: 0.341453 %
20220313 033407.436 INFO             PET0 PIOc_sync Exit - MemInfo: [/proc/self/status]	VmPeak:	  678156 kB
20220313 033407.436 INFO             PET0 PIOc_sync Exit - MemInfo: [/proc/self/status]	VmSize:	  678156 kB
20220313 033407.436 INFO             PET0 PIOc_sync Exit - MemInfo: [/proc/self/status]	VmLck:	       0 kB
20220313 033407.436 INFO             PET0 PIOc_sync Exit - MemInfo: [/proc/self/status]	VmPin:	       0 kB
20220313 033407.436 INFO             PET0 PIOc_sync Exit - MemInfo: [/proc/self/status]	VmHWM:	   73788 kB
20220313 033407.436 INFO             PET0 PIOc_sync Exit - MemInfo: [/proc/self/status]	VmRSS:	   41788 kB
20220313 033407.436 INFO             PET0 PIOc_sync Exit - MemInfo: [/proc/self/status]	VmData:	  195272 kB
20220313 033407.436 INFO             PET0 PIOc_sync Exit - MemInfo: [/proc/self/status]	VmStk:	     144 kB
20220313 033407.436 INFO             PET0 PIOc_sync Exit - MemInfo: [/proc/self/status]	VmExe:	     424 kB
20220313 033407.436 INFO             PET0 PIOc_sync Exit - MemInfo: [/proc/self/status]	VmLib:	   83112 kB
20220313 033407.436 INFO             PET0 PIOc_sync Exit - MemInfo: [/proc/self/status]	VmPTE:	     980 kB
20220313 033407.436 INFO             PET0 PIOc_sync Exit - MemInfo: [/proc/self/status]	VmSwap:	       0 kB
20220313 033407.436 INFO             PET0 PIOc_sync Exit - MemInfo: [/proc/self/status]	VmRSSPercent: 0.0212732 %
20220313 033407.436 INFO             PET0 PIOc_sync Exit - MemInfo: [malloc] Non-mmapped space allocated:                12050432 Byte
20220313 033407.436 INFO             PET0 PIOc_sync Exit - MemInfo: [malloc] Space allocated in mmapped regions:          1581056 Byte
20220313 033407.436 INFO             PET0 PIOc_sync Exit - MemInfo: [malloc] Maximum total allocated space:                     0 Byte
20220313 033407.436 INFO             PET0 PIOc_sync Exit - MemInfo: [malloc] Space in freed fastbin blocks:                  1152 Byte
20220313 033407.436 INFO             PET0 PIOc_sync Exit - MemInfo: [malloc] Total allocated space:                      11637984 Byte
20220313 033407.436 INFO             PET0 PIOc_sync Exit - MemInfo: [malloc] Total free space:                             412448 Byte
20220313 033407.436 INFO             PET0 PIOc_sync Exit - MemInfo: [malloc] Top-most, releasable space:                   199392 Byte
20220313 033407.436 INFO             PET0 PIOc_sync Exit - MemInfo: [malloc] Total space in use, mmap + non-mmap:        13219040 Byte
20220313 033407.436 INFO             PET0 PIOc_sync Exit - MemInfo: [malloc] Total space held (mmap + non-mmap):         13631488 Byte
20220313 033407.436 INFO             PET0 PIOc_sync Exit - MemInfo: [malloc] Total space used (mmap + non-mmap):         13228384 Byte
20220313 033407.436 INFO             PET0 PIOc_sync Exit - MemInfo: Wall-clock time since execution start:              0.0399595 seconds
20220313 033407.437 INFO             PET0 PIOc_freedecomp Enter - MemInfo: [/proc/meminfo - SSI]	MemTotal:       196434604 kB
20220313 033407.437 INFO             PET0 PIOc_freedecomp Enter - MemInfo: [/proc/meminfo - SSI]	MemFree:        184278432 kB
20220313 033407.437 INFO             PET0 PIOc_freedecomp Enter - MemInfo: [/proc/meminfo - SSI]	MemAvailable:   191810988 kB
20220313 033407.437 INFO             PET0 PIOc_freedecomp Enter - MemInfo: [/proc/meminfo - SSI]	Committed_AS:     670732 kB
20220313 033407.437 INFO             PET0 PIOc_freedecomp Enter - MemInfo: [/proc/meminfo - SSI]	CommittedPercent: 0.341453 %
20220313 033407.437 INFO             PET0 PIOc_freedecomp Enter - MemInfo: [/proc/self/status]	VmPeak:	  678156 kB
20220313 033407.437 INFO             PET0 PIOc_freedecomp Enter - MemInfo: [/proc/self/status]	VmSize:	  678156 kB
20220313 033407.437 INFO             PET0 PIOc_freedecomp Enter - MemInfo: [/proc/self/status]	VmLck:	       0 kB
20220313 033407.437 INFO             PET0 PIOc_freedecomp Enter - MemInfo: [/proc/self/status]	VmPin:	       0 kB
20220313 033407.437 INFO             PET0 PIOc_freedecomp Enter - MemInfo: [/proc/self/status]	VmHWM:	   73788 kB
20220313 033407.437 INFO             PET0 PIOc_freedecomp Enter - MemInfo: [/proc/self/status]	VmRSS:	   41796 kB
20220313 033407.437 INFO             PET0 PIOc_freedecomp Enter - MemInfo: [/proc/self/status]	VmData:	  195272 kB
20220313 033407.437 INFO             PET0 PIOc_freedecomp Enter - MemInfo: [/proc/self/status]	VmStk:	     144 kB
20220313 033407.437 INFO             PET0 PIOc_freedecomp Enter - MemInfo: [/proc/self/status]	VmExe:	     424 kB
20220313 033407.437 INFO             PET0 PIOc_freedecomp Enter - MemInfo: [/proc/self/status]	VmLib:	   83112 kB
20220313 033407.437 INFO             PET0 PIOc_freedecomp Enter - MemInfo: [/proc/self/status]	VmPTE:	     980 kB
20220313 033407.437 INFO             PET0 PIOc_freedecomp Enter - MemInfo: [/proc/self/status]	VmSwap:	       0 kB
20220313 033407.437 INFO             PET0 PIOc_freedecomp Enter - MemInfo: [/proc/self/status]	VmRSSPercent: 0.0212773 %
20220313 033407.437 INFO             PET0 PIOc_freedecomp Enter - MemInfo: [malloc] Non-mmapped space allocated:                12050432 Byte
20220313 033407.437 INFO             PET0 PIOc_freedecomp Enter - MemInfo: [malloc] Space allocated in mmapped regions:          1581056 Byte
20220313 033407.437 INFO             PET0 PIOc_freedecomp Enter - MemInfo: [malloc] Maximum total allocated space:                     0 Byte
20220313 033407.437 INFO             PET0 PIOc_freedecomp Enter - MemInfo: [malloc] Space in freed fastbin blocks:                  1120 Byte
20220313 033407.437 INFO             PET0 PIOc_freedecomp Enter - MemInfo: [malloc] Total allocated space:                       2711792 Byte
20220313 033407.437 INFO             PET0 PIOc_freedecomp Enter - MemInfo: [malloc] Total free space:                            9338640 Byte
20220313 033407.437 INFO             PET0 PIOc_freedecomp Enter - MemInfo: [malloc] Top-most, releasable space:                   199392 Byte
20220313 033407.437 INFO             PET0 PIOc_freedecomp Enter - MemInfo: [malloc] Total space in use, mmap + non-mmap:         4292848 Byte
20220313 033407.437 INFO             PET0 PIOc_freedecomp Enter - MemInfo: [malloc] Total space held (mmap + non-mmap):         13631488 Byte
20220313 033407.437 INFO             PET0 PIOc_freedecomp Enter - MemInfo: [malloc] Total space used (mmap + non-mmap):          4302192 Byte
20220313 033407.437 INFO             PET0 PIOc_freedecomp Enter - MemInfo: Wall-clock time since execution start:              0.0405531 seconds
20220313 033407.437 INFO             PET0 PIOc_freedecomp Exit - MemInfo: [/proc/meminfo - SSI]	MemTotal:       196434604 kB
20220313 033407.437 INFO             PET0 PIOc_freedecomp Exit - MemInfo: [/proc/meminfo - SSI]	MemFree:        184278432 kB
20220313 033407.437 INFO             PET0 PIOc_freedecomp Exit - MemInfo: [/proc/meminfo - SSI]	MemAvailable:   191810988 kB
20220313 033407.437 INFO             PET0 PIOc_freedecomp Exit - MemInfo: [/proc/meminfo - SSI]	Committed_AS:     670732 kB
20220313 033407.437 INFO             PET0 PIOc_freedecomp Exit - MemInfo: [/proc/meminfo - SSI]	CommittedPercent: 0.341453 %
20220313 033407.437 INFO             PET0 PIOc_freedecomp Exit - MemInfo: [/proc/self/status]	VmPeak:	  678156 kB
20220313 033407.437 INFO             PET0 PIOc_freedecomp Exit - MemInfo: [/proc/self/status]	VmSize:	  678156 kB
20220313 033407.437 INFO             PET0 PIOc_freedecomp Exit - MemInfo: [/proc/self/status]	VmLck:	       0 kB
20220313 033407.437 INFO             PET0 PIOc_freedecomp Exit - MemInfo: [/proc/self/status]	VmPin:	       0 kB
20220313 033407.437 INFO             PET0 PIOc_freedecomp Exit - MemInfo: [/proc/self/status]	VmHWM:	   73788 kB
20220313 033407.437 INFO             PET0 PIOc_freedecomp Exit - MemInfo: [/proc/self/status]	VmRSS:	   41796 kB
20220313 033407.437 INFO             PET0 PIOc_freedecomp Exit - MemInfo: [/proc/self/status]	VmData:	  195272 kB
20220313 033407.437 INFO             PET0 PIOc_freedecomp Exit - MemInfo: [/proc/self/status]	VmStk:	     144 kB
20220313 033407.437 INFO             PET0 PIOc_freedecomp Exit - MemInfo: [/proc/self/status]	VmExe:	     424 kB
20220313 033407.437 INFO             PET0 PIOc_freedecomp Exit - MemInfo: [/proc/self/status]	VmLib:	   83112 kB
20220313 033407.437 INFO             PET0 PIOc_freedecomp Exit - MemInfo: [/proc/self/status]	VmPTE:	     980 kB
20220313 033407.437 INFO             PET0 PIOc_freedecomp Exit - MemInfo: [/proc/self/status]	VmSwap:	       0 kB
20220313 033407.437 INFO             PET0 PIOc_freedecomp Exit - MemInfo: [/proc/self/status]	VmRSSPercent: 0.0212773 %
20220313 033407.437 INFO             PET0 PIOc_freedecomp Exit - MemInfo: [malloc] Non-mmapped space allocated:                12050432 Byte
20220313 033407.437 INFO             PET0 PIOc_freedecomp Exit - MemInfo: [malloc] Space allocated in mmapped regions:          1581056 Byte
20220313 033407.437 INFO             PET0 PIOc_freedecomp Exit - MemInfo: [malloc] Maximum total allocated space:                     0 Byte
20220313 033407.437 INFO             PET0 PIOc_freedecomp Exit - MemInfo: [malloc] Space in freed fastbin blocks:                  2192 Byte
20220313 033407.437 INFO             PET0 PIOc_freedecomp Exit - MemInfo: [malloc] Total allocated space:                       2653440 Byte
20220313 033407.437 INFO             PET0 PIOc_freedecomp Exit - MemInfo: [malloc] Total free space:                            9396992 Byte
20220313 033407.437 INFO             PET0 PIOc_freedecomp Exit - MemInfo: [malloc] Top-most, releasable space:                   199392 Byte
20220313 033407.437 INFO             PET0 PIOc_freedecomp Exit - MemInfo: [malloc] Total space in use, mmap + non-mmap:         4234496 Byte
20220313 033407.437 INFO             PET0 PIOc_freedecomp Exit - MemInfo: [malloc] Total space held (mmap + non-mmap):         13631488 Byte
20220313 033407.437 INFO             PET0 PIOc_freedecomp Exit - MemInfo: [malloc] Total space used (mmap + non-mmap):          4243840 Byte
20220313 033407.437 INFO             PET0 PIOc_freedecomp Exit - MemInfo: Wall-clock time since execution start:              0.0409253 seconds
20220313 033407.437 INFO             PET0  PASS  Write Field to NetCDF file, ESMF_FieldIOUTest.F90, line 348
20220313 033407.438 INFO             PET0  PASS  Confirm NetCDF metadata - open file, ESMF_FieldIOUTest.F90, line 359
20220313 033407.438 INFO             PET0  PASS  Confirm NetCDF metadata - check dim 1, ESMF_FieldIOUTest.F90, line 369
20220313 033407.438 INFO             PET0  PASS  Confirm NetCDF metadata - check dim 1 len, ESMF_FieldIOUTest.F90, line 379
20220313 033407.438 INFO             PET0  PASS  Confirm NetCDF metadata - check dim 2, ESMF_FieldIOUTest.F90, line 389
20220313 033407.438 INFO             PET0  PASS  Confirm NetCDF metadata - check dim 2 len, ESMF_FieldIOUTest.F90, line 399
20220313 033407.438 INFO             PET0  PASS  Confirm NetCDF metadata - variable exists, ESMF_FieldIOUTest.F90, line 409
20220313 033407.438 INFO             PET0  PASS  Confirm NetCDF metadata - variable has expected dims, ESMF_FieldIOUTest.F90, line 420
20220313 033407.438 INFO             PET0  PASS  Confirm NetCDF data - check data for field, ESMF_FieldIOUTest.F90, line 445
20220313 033407.438 INFO             PET0  PASS  Confirm NetCDF data - close file, ESMF_FieldIOUTest.F90, line 456
20220313 033407.444 INFO             PET0 PIOc_sync Enter - MemInfo: [/proc/meminfo - SSI]	MemTotal:       196434604 kB
20220313 033407.444 INFO             PET0 PIOc_sync Enter - MemInfo: [/proc/meminfo - SSI]	MemFree:        184275888 kB
20220313 033407.444 INFO             PET0 PIOc_sync Enter - MemInfo: [/proc/meminfo - SSI]	MemAvailable:   191808444 kB
20220313 033407.444 INFO             PET0 PIOc_sync Enter - MemInfo: [/proc/meminfo - SSI]	Committed_AS:     673068 kB
20220313 033407.444 INFO             PET0 PIOc_sync Enter - MemInfo: [/proc/meminfo - SSI]	CommittedPercent: 0.342642 %
20220313 033407.444 INFO             PET0 PIOc_sync Enter - MemInfo: [/proc/self/status]	VmPeak:	  678160 kB
20220313 033407.444 INFO             PET0 PIOc_sync Enter - MemInfo: [/proc/self/status]	VmSize:	  678156 kB
20220313 033407.444 INFO             PET0 PIOc_sync Enter - MemInfo: [/proc/self/status]	VmLck:	       0 kB
20220313 033407.444 INFO             PET0 PIOc_sync Enter - MemInfo: [/proc/self/status]	VmPin:	       0 kB
20220313 033407.444 INFO             PET0 PIOc_sync Enter - MemInfo: [/proc/self/status]	VmHWM:	   73788 kB
20220313 033407.444 INFO             PET0 PIOc_sync Enter - MemInfo: [/proc/self/status]	VmRSS:	   41872 kB
20220313 033407.444 INFO             PET0 PIOc_sync Enter - MemInfo: [/proc/self/status]	VmData:	  195272 kB
20220313 033407.444 INFO             PET0 PIOc_sync Enter - MemInfo: [/proc/self/status]	VmStk:	     144 kB
20220313 033407.444 INFO             PET0 PIOc_sync Enter - MemInfo: [/proc/self/status]	VmExe:	     424 kB
20220313 033407.444 INFO             PET0 PIOc_sync Enter - MemInfo: [/proc/self/status]	VmLib:	   83112 kB
20220313 033407.444 INFO             PET0 PIOc_sync Enter - MemInfo: [/proc/self/status]	VmPTE:	     984 kB
20220313 033407.444 INFO             PET0 PIOc_sync Enter - MemInfo: [/proc/self/status]	VmSwap:	       0 kB
20220313 033407.444 INFO             PET0 PIOc_sync Enter - MemInfo: [/proc/self/status]	VmRSSPercent: 0.021316 %
20220313 033407.444 INFO             PET0 PIOc_sync Enter - MemInfo: [malloc] Non-mmapped space allocated:                12050432 Byte
20220313 033407.444 INFO             PET0 PIOc_sync Enter - MemInfo: [malloc] Space allocated in mmapped regions:          1581056 Byte
20220313 033407.444 INFO             PET0 PIOc_sync Enter - MemInfo: [malloc] Maximum total allocated space:                     0 Byte
20220313 033407.444 INFO             PET0 PIOc_sync Enter - MemInfo: [malloc] Space in freed fastbin blocks:                   912 Byte
20220313 033407.444 INFO             PET0 PIOc_sync Enter - MemInfo: [malloc] Total allocated space:                      11591344 Byte
20220313 033407.444 INFO             PET0 PIOc_sync Enter - MemInfo: [malloc] Total free space:                             459088 Byte
20220313 033407.444 INFO             PET0 PIOc_sync Enter - MemInfo: [malloc] Top-most, releasable space:                   258464 Byte
20220313 033407.444 INFO             PET0 PIOc_sync Enter - MemInfo: [malloc] Total space in use, mmap + non-mmap:        13172400 Byte
20220313 033407.445 INFO             PET0 PIOc_sync Enter - MemInfo: [malloc] Total space held (mmap + non-mmap):         13631488 Byte
20220313 033407.445 INFO             PET0 PIOc_sync Enter - MemInfo: [malloc] Total space used (mmap + non-mmap):         13181744 Byte
20220313 033407.445 INFO             PET0 PIOc_sync Enter - MemInfo: Wall-clock time since execution start:              0.0480871 seconds
20220313 033407.445 INFO             PET0 PIOc_sync Exit - MemInfo: [/proc/meminfo - SSI]	MemTotal:       196434604 kB
20220313 033407.445 INFO             PET0 PIOc_sync Exit - MemInfo: [/proc/meminfo - SSI]	MemFree:        184275888 kB
20220313 033407.445 INFO             PET0 PIOc_sync Exit - MemInfo: [/proc/meminfo - SSI]	MemAvailable:   191808444 kB
20220313 033407.445 INFO             PET0 PIOc_sync Exit - MemInfo: [/proc/meminfo - SSI]	Committed_AS:     673068 kB
20220313 033407.445 INFO             PET0 PIOc_sync Exit - MemInfo: [/proc/meminfo - SSI]	CommittedPercent: 0.342642 %
20220313 033407.445 INFO             PET0 PIOc_sync Exit - MemInfo: [/proc/self/status]	VmPeak:	  678160 kB
20220313 033407.445 INFO             PET0 PIOc_sync Exit - MemInfo: [/proc/self/status]	VmSize:	  678156 kB
20220313 033407.445 INFO             PET0 PIOc_sync Exit - MemInfo: [/proc/self/status]	VmLck:	       0 kB
20220313 033407.445 INFO             PET0 PIOc_sync Exit - MemInfo: [/proc/self/status]	VmPin:	       0 kB
20220313 033407.445 INFO             PET0 PIOc_sync Exit - MemInfo: [/proc/self/status]	VmHWM:	   73788 kB
20220313 033407.445 INFO             PET0 PIOc_sync Exit - MemInfo: [/proc/self/status]	VmRSS:	   41876 kB
20220313 033407.445 INFO             PET0 PIOc_sync Exit - MemInfo: [/proc/self/status]	VmData:	  195272 kB
20220313 033407.445 INFO             PET0 PIOc_sync Exit - MemInfo: [/proc/self/status]	VmStk:	     144 kB
20220313 033407.445 INFO             PET0 PIOc_sync Exit - MemInfo: [/proc/self/status]	VmExe:	     424 kB
20220313 033407.445 INFO             PET0 PIOc_sync Exit - MemInfo: [/proc/self/status]	VmLib:	   83112 kB
20220313 033407.445 INFO             PET0 PIOc_sync Exit - MemInfo: [/proc/self/status]	VmPTE:	     984 kB
20220313 033407.445 INFO             PET0 PIOc_sync Exit - MemInfo: [/proc/self/status]	VmSwap:	       0 kB
20220313 033407.445 INFO             PET0 PIOc_sync Exit - MemInfo: [/proc/self/status]	VmRSSPercent: 0.021318 %
20220313 033407.445 INFO             PET0 PIOc_sync Exit - MemInfo: [malloc] Non-mmapped space allocated:                12050432 Byte
20220313 033407.445 INFO             PET0 PIOc_sync Exit - MemInfo: [malloc] Space allocated in mmapped regions:          1581056 Byte
20220313 033407.445 INFO             PET0 PIOc_sync Exit - MemInfo: [malloc] Maximum total allocated space:                     0 Byte
20220313 033407.445 INFO             PET0 PIOc_sync Exit - MemInfo: [malloc] Space in freed fastbin blocks:                  1072 Byte
20220313 033407.445 INFO             PET0 PIOc_sync Exit - MemInfo: [malloc] Total allocated space:                      11600816 Byte
20220313 033407.445 INFO             PET0 PIOc_sync Exit - MemInfo: [malloc] Total free space:                             449616 Byte
20220313 033407.445 INFO             PET0 PIOc_sync Exit - MemInfo: [malloc] Top-most, releasable space:                   247072 Byte
20220313 033407.445 INFO             PET0 PIOc_sync Exit - MemInfo: [malloc] Total space in use, mmap + non-mmap:        13181872 Byte
20220313 033407.445 INFO             PET0 PIOc_sync Exit - MemInfo: [malloc] Total space held (mmap + non-mmap):         13631488 Byte
20220313 033407.445 INFO             PET0 PIOc_sync Exit - MemInfo: [malloc] Total space used (mmap + non-mmap):         13191216 Byte
20220313 033407.445 INFO             PET0 PIOc_sync Exit - MemInfo: Wall-clock time since execution start:              0.0487076 seconds
20220313 033407.446 INFO             PET0 PIOc_freedecomp Enter - MemInfo: [/proc/meminfo - SSI]	MemTotal:       196434604 kB
20220313 033407.446 INFO             PET0 PIOc_freedecomp Enter - MemInfo: [/proc/meminfo - SSI]	MemFree:        184275888 kB
20220313 033407.446 INFO             PET0 PIOc_freedecomp Enter - MemInfo: [/proc/meminfo - SSI]	MemAvailable:   191808444 kB
20220313 033407.446 INFO             PET0 PIOc_freedecomp Enter - MemInfo: [/proc/meminfo - SSI]	Committed_AS:     673068 kB
20220313 033407.446 INFO             PET0 PIOc_freedecomp Enter - MemInfo: [/proc/meminfo - SSI]	CommittedPercent: 0.342642 %
20220313 033407.446 INFO             PET0 PIOc_freedecomp Enter - MemInfo: [/proc/self/status]	VmPeak:	  678160 kB
20220313 033407.446 INFO             PET0 PIOc_freedecomp Enter - MemInfo: [/proc/self/status]	VmSize:	  678156 kB
20220313 033407.446 INFO             PET0 PIOc_freedecomp Enter - MemInfo: [/proc/self/status]	VmLck:	       0 kB
20220313 033407.446 INFO             PET0 PIOc_freedecomp Enter - MemInfo: [/proc/self/status]	VmPin:	       0 kB
20220313 033407.446 INFO             PET0 PIOc_freedecomp Enter - MemInfo: [/proc/self/status]	VmHWM:	   73788 kB
20220313 033407.446 INFO             PET0 PIOc_freedecomp Enter - MemInfo: [/proc/self/status]	VmRSS:	   41876 kB
20220313 033407.446 INFO             PET0 PIOc_freedecomp Enter - MemInfo: [/proc/self/status]	VmData:	  195272 kB
20220313 033407.446 INFO             PET0 PIOc_freedecomp Enter - MemInfo: [/proc/self/status]	VmStk:	     144 kB
20220313 033407.446 INFO             PET0 PIOc_freedecomp Enter - MemInfo: [/proc/self/status]	VmExe:	     424 kB
20220313 033407.446 INFO             PET0 PIOc_freedecomp Enter - MemInfo: [/proc/self/status]	VmLib:	   83112 kB
20220313 033407.446 INFO             PET0 PIOc_freedecomp Enter - MemInfo: [/proc/self/status]	VmPTE:	     984 kB
20220313 033407.446 INFO             PET0 PIOc_freedecomp Enter - MemInfo: [/proc/self/status]	VmSwap:	       0 kB
20220313 033407.446 INFO             PET0 PIOc_freedecomp Enter - MemInfo: [/proc/self/status]	VmRSSPercent: 0.021318 %
20220313 033407.446 INFO             PET0 PIOc_freedecomp Enter - MemInfo: [malloc] Non-mmapped space allocated:                12050432 Byte
20220313 033407.446 INFO             PET0 PIOc_freedecomp Enter - MemInfo: [malloc] Space allocated in mmapped regions:          1581056 Byte
20220313 033407.446 INFO             PET0 PIOc_freedecomp Enter - MemInfo: [malloc] Maximum total allocated space:                     0 Byte
20220313 033407.446 INFO             PET0 PIOc_freedecomp Enter - MemInfo: [malloc] Space in freed fastbin blocks:                  1200 Byte
20220313 033407.446 INFO             PET0 PIOc_freedecomp Enter - MemInfo: [malloc] Total allocated space:                       2674464 Byte
20220313 033407.446 INFO             PET0 PIOc_freedecomp Enter - MemInfo: [malloc] Total free space:                            9375968 Byte
20220313 033407.446 INFO             PET0 PIOc_freedecomp Enter - MemInfo: [malloc] Top-most, releasable space:                   247072 Byte
20220313 033407.446 INFO             PET0 PIOc_freedecomp Enter - MemInfo: [malloc] Total space in use, mmap + non-mmap:         4255520 Byte
20220313 033407.446 INFO             PET0 PIOc_freedecomp Enter - MemInfo: [malloc] Total space held (mmap + non-mmap):         13631488 Byte
20220313 033407.446 INFO             PET0 PIOc_freedecomp Enter - MemInfo: [malloc] Total space used (mmap + non-mmap):          4264864 Byte
20220313 033407.446 INFO             PET0 PIOc_freedecomp Enter - MemInfo: Wall-clock time since execution start:              0.0493902 seconds
20220313 033407.446 INFO             PET0 PIOc_freedecomp Exit - MemInfo: [/proc/meminfo - SSI]	MemTotal:       196434604 kB
20220313 033407.446 INFO             PET0 PIOc_freedecomp Exit - MemInfo: [/proc/meminfo - SSI]	MemFree:        184275888 kB
20220313 033407.446 INFO             PET0 PIOc_freedecomp Exit - MemInfo: [/proc/meminfo - SSI]	MemAvailable:   191808444 kB
20220313 033407.446 INFO             PET0 PIOc_freedecomp Exit - MemInfo: [/proc/meminfo - SSI]	Committed_AS:     673068 kB
20220313 033407.446 INFO             PET0 PIOc_freedecomp Exit - MemInfo: [/proc/meminfo - SSI]	CommittedPercent: 0.342642 %
20220313 033407.446 INFO             PET0 PIOc_freedecomp Exit - MemInfo: [/proc/self/status]	VmPeak:	  678160 kB
20220313 033407.446 INFO             PET0 PIOc_freedecomp Exit - MemInfo: [/proc/self/status]	VmSize:	  678156 kB
20220313 033407.446 INFO             PET0 PIOc_freedecomp Exit - MemInfo: [/proc/self/status]	VmLck:	       0 kB
20220313 033407.446 INFO             PET0 PIOc_freedecomp Exit - MemInfo: [/proc/self/status]	VmPin:	       0 kB
20220313 033407.446 INFO             PET0 PIOc_freedecomp Exit - MemInfo: [/proc/self/status]	VmHWM:	   73788 kB
20220313 033407.446 INFO             PET0 PIOc_freedecomp Exit - MemInfo: [/proc/self/status]	VmRSS:	   41876 kB
20220313 033407.446 INFO             PET0 PIOc_freedecomp Exit - MemInfo: [/proc/self/status]	VmData:	  195272 kB
20220313 033407.446 INFO             PET0 PIOc_freedecomp Exit - MemInfo: [/proc/self/status]	VmStk:	     144 kB
20220313 033407.446 INFO             PET0 PIOc_freedecomp Exit - MemInfo: [/proc/self/status]	VmExe:	     424 kB
20220313 033407.446 INFO             PET0 PIOc_freedecomp Exit - MemInfo: [/proc/self/status]	VmLib:	   83112 kB
20220313 033407.446 INFO             PET0 PIOc_freedecomp Exit - MemInfo: [/proc/self/status]	VmPTE:	     984 kB
20220313 033407.446 INFO             PET0 PIOc_freedecomp Exit - MemInfo: [/proc/self/status]	VmSwap:	       0 kB
20220313 033407.446 INFO             PET0 PIOc_freedecomp Exit - MemInfo: [/proc/self/status]	VmRSSPercent: 0.021318 %
20220313 033407.446 INFO             PET0 PIOc_freedecomp Exit - MemInfo: [malloc] Non-mmapped space allocated:                12050432 Byte
20220313 033407.446 INFO             PET0 PIOc_freedecomp Exit - MemInfo: [malloc] Space allocated in mmapped regions:          1581056 Byte
20220313 033407.446 INFO             PET0 PIOc_freedecomp Exit - MemInfo: [malloc] Maximum total allocated space:                     0 Byte
20220313 033407.446 INFO             PET0 PIOc_freedecomp Exit - MemInfo: [malloc] Space in freed fastbin blocks:                  1072 Byte
20220313 033407.446 INFO             PET0 PIOc_freedecomp Exit - MemInfo: [malloc] Total allocated space:                       2659392 Byte
20220313 033407.446 INFO             PET0 PIOc_freedecomp Exit - MemInfo: [malloc] Total free space:                            9391040 Byte
20220313 033407.446 INFO             PET0 PIOc_freedecomp Exit - MemInfo: [malloc] Top-most, releasable space:                   257648 Byte
20220313 033407.446 INFO             PET0 PIOc_freedecomp Exit - MemInfo: [malloc] Total space in use, mmap + non-mmap:         4240448 Byte
20220313 033407.446 INFO             PET0 PIOc_freedecomp Exit - MemInfo: [malloc] Total space held (mmap + non-mmap):         13631488 Byte
20220313 033407.446 INFO             PET0 PIOc_freedecomp Exit - MemInfo: [malloc] Total space used (mmap + non-mmap):          4249792 Byte
20220313 033407.446 INFO             PET0 PIOc_freedecomp Exit - MemInfo: Wall-clock time since execution start:              0.0497639 seconds
20220313 033407.450 INFO             PET0 PIOc_sync Enter - MemInfo: [/proc/meminfo - SSI]	MemTotal:       196434604 kB
20220313 033407.450 INFO             PET0 PIOc_sync Enter - MemInfo: [/proc/meminfo - SSI]	MemFree:        184275888 kB
20220313 033407.450 INFO             PET0 PIOc_sync Enter - MemInfo: [/proc/meminfo - SSI]	MemAvailable:   191808444 kB
20220313 033407.450 INFO             PET0 PIOc_sync Enter - MemInfo: [/proc/meminfo - SSI]	Committed_AS:     673068 kB
20220313 033407.450 INFO             PET0 PIOc_sync Enter - MemInfo: [/proc/meminfo - SSI]	CommittedPercent: 0.342642 %
20220313 033407.450 INFO             PET0 PIOc_sync Enter - MemInfo: [/proc/self/status]	VmPeak:	  678160 kB
20220313 033407.450 INFO             PET0 PIOc_sync Enter - MemInfo: [/proc/self/status]	VmSize:	  678156 kB
20220313 033407.450 INFO             PET0 PIOc_sync Enter - MemInfo: [/proc/self/status]	VmLck:	       0 kB
20220313 033407.450 INFO             PET0 PIOc_sync Enter - MemInfo: [/proc/self/status]	VmPin:	       0 kB
20220313 033407.450 INFO             PET0 PIOc_sync Enter - MemInfo: [/proc/self/status]	VmHWM:	   73788 kB
20220313 033407.450 INFO             PET0 PIOc_sync Enter - MemInfo: [/proc/self/status]	VmRSS:	   42020 kB
20220313 033407.450 INFO             PET0 PIOc_sync Enter - MemInfo: [/proc/self/status]	VmData:	  195272 kB
20220313 033407.450 INFO             PET0 PIOc_sync Enter - MemInfo: [/proc/self/status]	VmStk:	     144 kB
20220313 033407.450 INFO             PET0 PIOc_sync Enter - MemInfo: [/proc/self/status]	VmExe:	     424 kB
20220313 033407.450 INFO             PET0 PIOc_sync Enter - MemInfo: [/proc/self/status]	VmLib:	   83112 kB
20220313 033407.450 INFO             PET0 PIOc_sync Enter - MemInfo: [/proc/self/status]	VmPTE:	     984 kB
20220313 033407.450 INFO             PET0 PIOc_sync Enter - MemInfo: [/proc/self/status]	VmSwap:	       0 kB
20220313 033407.450 INFO             PET0 PIOc_sync Enter - MemInfo: [/proc/self/status]	VmRSSPercent: 0.0213913 %
20220313 033407.450 INFO             PET0 PIOc_sync Enter - MemInfo: [malloc] Non-mmapped space allocated:                12050432 Byte
20220313 033407.450 INFO             PET0 PIOc_sync Enter - MemInfo: [malloc] Space allocated in mmapped regions:          1581056 Byte
20220313 033407.450 INFO             PET0 PIOc_sync Enter - MemInfo: [malloc] Maximum total allocated space:                     0 Byte
20220313 033407.450 INFO             PET0 PIOc_sync Enter - MemInfo: [malloc] Space in freed fastbin blocks:                  1072 Byte
20220313 033407.450 INFO             PET0 PIOc_sync Enter - MemInfo: [malloc] Total allocated space:                      11594784 Byte
20220313 033407.450 INFO             PET0 PIOc_sync Enter - MemInfo: [malloc] Total free space:                             455648 Byte
20220313 033407.450 INFO             PET0 PIOc_sync Enter - MemInfo: [malloc] Top-most, releasable space:                   255200 Byte
20220313 033407.450 INFO             PET0 PIOc_sync Enter - MemInfo: [malloc] Total space in use, mmap + non-mmap:        13175840 Byte
20220313 033407.450 INFO             PET0 PIOc_sync Enter - MemInfo: [malloc] Total space held (mmap + non-mmap):         13631488 Byte
20220313 033407.450 INFO             PET0 PIOc_sync Enter - MemInfo: [malloc] Total space used (mmap + non-mmap):         13185184 Byte
20220313 033407.450 INFO             PET0 PIOc_sync Enter - MemInfo: Wall-clock time since execution start:              0.0536293 seconds
20220313 033407.451 INFO             PET0 PIOc_sync Exit - MemInfo: [/proc/meminfo - SSI]	MemTotal:       196434604 kB
20220313 033407.451 INFO             PET0 PIOc_sync Exit - MemInfo: [/proc/meminfo - SSI]	MemFree:        184275888 kB
20220313 033407.451 INFO             PET0 PIOc_sync Exit - MemInfo: [/proc/meminfo - SSI]	MemAvailable:   191808444 kB
20220313 033407.451 INFO             PET0 PIOc_sync Exit - MemInfo: [/proc/meminfo - SSI]	Committed_AS:     673068 kB
20220313 033407.451 INFO             PET0 PIOc_sync Exit - MemInfo: [/proc/meminfo - SSI]	CommittedPercent: 0.342642 %
20220313 033407.451 INFO             PET0 PIOc_sync Exit - MemInfo: [/proc/self/status]	VmPeak:	  678160 kB
20220313 033407.451 INFO             PET0 PIOc_sync Exit - MemInfo: [/proc/self/status]	VmSize:	  678156 kB
20220313 033407.451 INFO             PET0 PIOc_sync Exit - MemInfo: [/proc/self/status]	VmLck:	       0 kB
20220313 033407.451 INFO             PET0 PIOc_sync Exit - MemInfo: [/proc/self/status]	VmPin:	       0 kB
20220313 033407.451 INFO             PET0 PIOc_sync Exit - MemInfo: [/proc/self/status]	VmHWM:	   73788 kB
20220313 033407.451 INFO             PET0 PIOc_sync Exit - MemInfo: [/proc/self/status]	VmRSS:	   42020 kB
20220313 033407.451 INFO             PET0 PIOc_sync Exit - MemInfo: [/proc/self/status]	VmData:	  195272 kB
20220313 033407.451 INFO             PET0 PIOc_sync Exit - MemInfo: [/proc/self/status]	VmStk:	     144 kB
20220313 033407.451 INFO             PET0 PIOc_sync Exit - MemInfo: [/proc/self/status]	VmExe:	     424 kB
20220313 033407.451 INFO             PET0 PIOc_sync Exit - MemInfo: [/proc/self/status]	VmLib:	   83112 kB
20220313 033407.451 INFO             PET0 PIOc_sync Exit - MemInfo: [/proc/self/status]	VmPTE:	     984 kB
20220313 033407.451 INFO             PET0 PIOc_sync Exit - MemInfo: [/proc/self/status]	VmSwap:	       0 kB
20220313 033407.451 INFO             PET0 PIOc_sync Exit - MemInfo: [/proc/self/status]	VmRSSPercent: 0.0213913 %
20220313 033407.451 INFO             PET0 PIOc_sync Exit - MemInfo: [malloc] Non-mmapped space allocated:                12050432 Byte
20220313 033407.451 INFO             PET0 PIOc_sync Exit - MemInfo: [malloc] Space allocated in mmapped regions:          1581056 Byte
20220313 033407.451 INFO             PET0 PIOc_sync Exit - MemInfo: [malloc] Maximum total allocated space:                     0 Byte
20220313 033407.451 INFO             PET0 PIOc_sync Exit - MemInfo: [malloc] Space in freed fastbin blocks:                  1184 Byte
20220313 033407.451 INFO             PET0 PIOc_sync Exit - MemInfo: [malloc] Total allocated space:                      11603104 Byte
20220313 033407.451 INFO             PET0 PIOc_sync Exit - MemInfo: [malloc] Total free space:                             447328 Byte
20220313 033407.451 INFO             PET0 PIOc_sync Exit - MemInfo: [malloc] Top-most, releasable space:                   238688 Byte
20220313 033407.451 INFO             PET0 PIOc_sync Exit - MemInfo: [malloc] Total space in use, mmap + non-mmap:        13184160 Byte
20220313 033407.451 INFO             PET0 PIOc_sync Exit - MemInfo: [malloc] Total space held (mmap + non-mmap):         13631488 Byte
20220313 033407.451 INFO             PET0 PIOc_sync Exit - MemInfo: [malloc] Total space used (mmap + non-mmap):         13193504 Byte
20220313 033407.451 INFO             PET0 PIOc_sync Exit - MemInfo: Wall-clock time since execution start:              0.0544132 seconds
20220313 033407.451 INFO             PET0 PIOc_freedecomp Enter - MemInfo: [/proc/meminfo - SSI]	MemTotal:       196434604 kB
20220313 033407.451 INFO             PET0 PIOc_freedecomp Enter - MemInfo: [/proc/meminfo - SSI]	MemFree:        184275888 kB
20220313 033407.451 INFO             PET0 PIOc_freedecomp Enter - MemInfo: [/proc/meminfo - SSI]	MemAvailable:   191808444 kB
20220313 033407.451 INFO             PET0 PIOc_freedecomp Enter - MemInfo: [/proc/meminfo - SSI]	Committed_AS:     673068 kB
20220313 033407.451 INFO             PET0 PIOc_freedecomp Enter - MemInfo: [/proc/meminfo - SSI]	CommittedPercent: 0.342642 %
20220313 033407.451 INFO             PET0 PIOc_freedecomp Enter - MemInfo: [/proc/self/status]	VmPeak:	  678160 kB
20220313 033407.451 INFO             PET0 PIOc_freedecomp Enter - MemInfo: [/proc/self/status]	VmSize:	  678156 kB
20220313 033407.451 INFO             PET0 PIOc_freedecomp Enter - MemInfo: [/proc/self/status]	VmLck:	       0 kB
20220313 033407.451 INFO             PET0 PIOc_freedecomp Enter - MemInfo: [/proc/self/status]	VmPin:	       0 kB
20220313 033407.451 INFO             PET0 PIOc_freedecomp Enter - MemInfo: [/proc/self/status]	VmHWM:	   73788 kB
20220313 033407.451 INFO             PET0 PIOc_freedecomp Enter - MemInfo: [/proc/self/status]	VmRSS:	   42020 kB
20220313 033407.451 INFO             PET0 PIOc_freedecomp Enter - MemInfo: [/proc/self/status]	VmData:	  195272 kB
20220313 033407.451 INFO             PET0 PIOc_freedecomp Enter - MemInfo: [/proc/self/status]	VmStk:	     144 kB
20220313 033407.451 INFO             PET0 PIOc_freedecomp Enter - MemInfo: [/proc/self/status]	VmExe:	     424 kB
20220313 033407.452 INFO             PET0 PIOc_freedecomp Enter - MemInfo: [/proc/self/status]	VmLib:	   83112 kB
20220313 033407.452 INFO             PET0 PIOc_freedecomp Enter - MemInfo: [/proc/self/status]	VmPTE:	     984 kB
20220313 033407.452 INFO             PET0 PIOc_freedecomp Enter - MemInfo: [/proc/self/status]	VmSwap:	       0 kB
20220313 033407.452 INFO             PET0 PIOc_freedecomp Enter - MemInfo: [/proc/self/status]	VmRSSPercent: 0.0213913 %
20220313 033407.452 INFO             PET0 PIOc_freedecomp Enter - MemInfo: [malloc] Non-mmapped space allocated:                12050432 Byte
20220313 033407.452 INFO             PET0 PIOc_freedecomp Enter - MemInfo: [malloc] Space allocated in mmapped regions:          1581056 Byte
