build time -- 2022-03-13 03:22:09
20220313 033111.809 INFO             PET0 !!!!!!!!!!!!!!!!!!!!!!!!!!!!!!!!!!!!!!!!!!!!!!!!!!!!!!
20220313 033111.809 INFO             PET0 !!! THE ESMF_LOG IS SET TO OUTPUT ALL LOG MESSAGES !!!
20220313 033111.809 INFO             PET0 !!!     THIS MAY CAUSE SLOWDOWN IN PERFORMANCE     !!!
20220313 033111.809 INFO             PET0 !!! FOR PRODUCTION RUNS, USE:                      !!!
20220313 033111.809 INFO             PET0 !!!                   ESMF_LOGKIND_Multi_On_Error  !!!
20220313 033111.809 INFO             PET0 !!!!!!!!!!!!!!!!!!!!!!!!!!!!!!!!!!!!!!!!!!!!!!!!!!!!!!
20220313 033111.809 INFO             PET0 Running with ESMF Version   : v8.3.0b09-96-g559b459
20220313 033111.809 INFO             PET0 ESMF library build date/time: "Mar 13 2022" "03:20:48"
20220313 033111.809 INFO             PET0 ESMF library build location : /work/noaa/da/mpotts/sandbox/gfortran_8.3.0_openmpi_g_jedwards_pio_update2
20220313 033111.809 INFO             PET0 ESMF_COMM                   : openmpi
20220313 033111.812 INFO             PET0 ESMF_MOAB                   : enabled
20220313 033111.812 INFO             PET0 ESMF_LAPACK                 : enabled
20220313 033111.812 INFO             PET0 ESMF_NETCDF                 : enabled
20220313 033111.812 INFO             PET0 ESMF_PNETCDF                : disabled
20220313 033111.812 INFO             PET0 ESMF_PIO                    : enabled
20220313 033111.812 INFO             PET0 ESMF_YAMLCPP                : enabled
20220313 033111.823 INFO             PET0  Beginning Test, file ESMF_IOUTest.F90, line 57
20220313 033111.823 INFO             PET0  NUMBER_OF_PROCESSORS           4
20220313 033111.823 INFO             PET0 Starting Test:  ESMF_OutputWeightFile
20220313 033111.832 INFO             PET0 PIOc_sync Enter - MemInfo: [/proc/meminfo - SSI]	MemTotal:       196434604 kB
20220313 033111.832 INFO             PET0 PIOc_sync Enter - MemInfo: [/proc/meminfo - SSI]	MemFree:        184338352 kB
20220313 033111.832 INFO             PET0 PIOc_sync Enter - MemInfo: [/proc/meminfo - SSI]	MemAvailable:   191826572 kB
20220313 033111.832 INFO             PET0 PIOc_sync Enter - MemInfo: [/proc/meminfo - SSI]	Committed_AS:     664548 kB
20220313 033111.832 INFO             PET0 PIOc_sync Enter - MemInfo: [/proc/meminfo - SSI]	CommittedPercent: 0.338305 %
20220313 033111.832 INFO             PET0 PIOc_sync Enter - MemInfo: [/proc/self/status]	VmPeak:	  677892 kB
20220313 033111.832 INFO             PET0 PIOc_sync Enter - MemInfo: [/proc/self/status]	VmSize:	  677892 kB
20220313 033111.832 INFO             PET0 PIOc_sync Enter - MemInfo: [/proc/self/status]	VmLck:	       0 kB
20220313 033111.832 INFO             PET0 PIOc_sync Enter - MemInfo: [/proc/self/status]	VmPin:	       0 kB
20220313 033111.832 INFO             PET0 PIOc_sync Enter - MemInfo: [/proc/self/status]	VmHWM:	   73776 kB
20220313 033111.832 INFO             PET0 PIOc_sync Enter - MemInfo: [/proc/self/status]	VmRSS:	   40908 kB
20220313 033111.832 INFO             PET0 PIOc_sync Enter - MemInfo: [/proc/self/status]	VmData:	  195108 kB
20220313 033111.832 INFO             PET0 PIOc_sync Enter - MemInfo: [/proc/self/status]	VmStk:	     144 kB
20220313 033111.832 INFO             PET0 PIOc_sync Enter - MemInfo: [/proc/self/status]	VmExe:	     324 kB
20220313 033111.832 INFO             PET0 PIOc_sync Enter - MemInfo: [/proc/self/status]	VmLib:	   83112 kB
20220313 033111.832 INFO             PET0 PIOc_sync Enter - MemInfo: [/proc/self/status]	VmPTE:	     984 kB
20220313 033111.832 INFO             PET0 PIOc_sync Enter - MemInfo: [/proc/self/status]	VmSwap:	       0 kB
20220313 033111.832 INFO             PET0 PIOc_sync Enter - MemInfo: [/proc/self/status]	VmRSSPercent: 0.0208253 %
20220313 033111.832 INFO             PET0 PIOc_sync Enter - MemInfo: [malloc] Non-mmapped space allocated:                 2961408 Byte
20220313 033111.832 INFO             PET0 PIOc_sync Enter - MemInfo: [malloc] Space allocated in mmapped regions:         10502144 Byte
20220313 033111.832 INFO             PET0 PIOc_sync Enter - MemInfo: [malloc] Maximum total allocated space:                     0 Byte
20220313 033111.832 INFO             PET0 PIOc_sync Enter - MemInfo: [malloc] Space in freed fastbin blocks:                  1760 Byte
20220313 033111.832 INFO             PET0 PIOc_sync Enter - MemInfo: [malloc] Total allocated space:                       2639104 Byte
20220313 033111.832 INFO             PET0 PIOc_sync Enter - MemInfo: [malloc] Total free space:                             322304 Byte
20220313 033111.832 INFO             PET0 PIOc_sync Enter - MemInfo: [malloc] Top-most, releasable space:                   115744 Byte
20220313 033111.832 INFO             PET0 PIOc_sync Enter - MemInfo: [malloc] Total space in use, mmap + non-mmap:        13141248 Byte
20220313 033111.832 INFO             PET0 PIOc_sync Enter - MemInfo: [malloc] Total space held (mmap + non-mmap):         13463552 Byte
20220313 033111.832 INFO             PET0 PIOc_sync Enter - MemInfo: [malloc] Total space used (mmap + non-mmap):         13150592 Byte
20220313 033111.833 INFO             PET0 PIOc_sync Enter - MemInfo: Wall-clock time since execution start:              0.0270323 seconds
20220313 033111.833 INFO             PET0 PIOc_sync Exit - MemInfo: [/proc/meminfo - SSI]	MemTotal:       196434604 kB
20220313 033111.833 INFO             PET0 PIOc_sync Exit - MemInfo: [/proc/meminfo - SSI]	MemFree:        184338352 kB
20220313 033111.833 INFO             PET0 PIOc_sync Exit - MemInfo: [/proc/meminfo - SSI]	MemAvailable:   191826572 kB
20220313 033111.833 INFO             PET0 PIOc_sync Exit - MemInfo: [/proc/meminfo - SSI]	Committed_AS:     664548 kB
20220313 033111.833 INFO             PET0 PIOc_sync Exit - MemInfo: [/proc/meminfo - SSI]	CommittedPercent: 0.338305 %
20220313 033111.833 INFO             PET0 PIOc_sync Exit - MemInfo: [/proc/self/status]	VmPeak:	  677892 kB
20220313 033111.833 INFO             PET0 PIOc_sync Exit - MemInfo: [/proc/self/status]	VmSize:	  677892 kB
20220313 033111.833 INFO             PET0 PIOc_sync Exit - MemInfo: [/proc/self/status]	VmLck:	       0 kB
20220313 033111.833 INFO             PET0 PIOc_sync Exit - MemInfo: [/proc/self/status]	VmPin:	       0 kB
20220313 033111.833 INFO             PET0 PIOc_sync Exit - MemInfo: [/proc/self/status]	VmHWM:	   73776 kB
20220313 033111.833 INFO             PET0 PIOc_sync Exit - MemInfo: [/proc/self/status]	VmRSS:	   41052 kB
20220313 033111.833 INFO             PET0 PIOc_sync Exit - MemInfo: [/proc/self/status]	VmData:	  195108 kB
20220313 033111.833 INFO             PET0 PIOc_sync Exit - MemInfo: [/proc/self/status]	VmStk:	     144 kB
20220313 033111.833 INFO             PET0 PIOc_sync Exit - MemInfo: [/proc/self/status]	VmExe:	     324 kB
20220313 033111.833 INFO             PET0 PIOc_sync Exit - MemInfo: [/proc/self/status]	VmLib:	   83112 kB
20220313 033111.833 INFO             PET0 PIOc_sync Exit - MemInfo: [/proc/self/status]	VmPTE:	     984 kB
20220313 033111.833 INFO             PET0 PIOc_sync Exit - MemInfo: [/proc/self/status]	VmSwap:	       0 kB
20220313 033111.833 INFO             PET0 PIOc_sync Exit - MemInfo: [/proc/self/status]	VmRSSPercent: 0.0208986 %
20220313 033111.833 INFO             PET0 PIOc_sync Exit - MemInfo: [malloc] Non-mmapped space allocated:                 2961408 Byte
20220313 033111.833 INFO             PET0 PIOc_sync Exit - MemInfo: [malloc] Space allocated in mmapped regions:         10502144 Byte
20220313 033111.833 INFO             PET0 PIOc_sync Exit - MemInfo: [malloc] Maximum total allocated space:                     0 Byte
20220313 033111.833 INFO             PET0 PIOc_sync Exit - MemInfo: [malloc] Space in freed fastbin blocks:                  1552 Byte
20220313 033111.833 INFO             PET0 PIOc_sync Exit - MemInfo: [malloc] Total allocated space:                       2641872 Byte
20220313 033111.833 INFO             PET0 PIOc_sync Exit - MemInfo: [malloc] Total free space:                             319536 Byte
20220313 033111.833 INFO             PET0 PIOc_sync Exit - MemInfo: [malloc] Top-most, releasable space:                   115744 Byte
20220313 033111.833 INFO             PET0 PIOc_sync Exit - MemInfo: [malloc] Total space in use, mmap + non-mmap:        13144016 Byte
20220313 033111.833 INFO             PET0 PIOc_sync Exit - MemInfo: [malloc] Total space held (mmap + non-mmap):         13463552 Byte
20220313 033111.833 INFO             PET0 PIOc_sync Exit - MemInfo: [malloc] Total space used (mmap + non-mmap):         13153360 Byte
20220313 033111.833 INFO             PET0 PIOc_sync Exit - MemInfo: Wall-clock time since execution start:               0.027885 seconds
20220313 033111.834 INFO             PET0 PIOc_freedecomp Enter - MemInfo: [/proc/meminfo - SSI]	MemTotal:       196434604 kB
20220313 033111.834 INFO             PET0 PIOc_freedecomp Enter - MemInfo: [/proc/meminfo - SSI]	MemFree:        184345628 kB
20220313 033111.834 INFO             PET0 PIOc_freedecomp Enter - MemInfo: [/proc/meminfo - SSI]	MemAvailable:   191833848 kB
20220313 033111.834 INFO             PET0 PIOc_freedecomp Enter - MemInfo: [/proc/meminfo - SSI]	Committed_AS:     656352 kB
20220313 033111.834 INFO             PET0 PIOc_freedecomp Enter - MemInfo: [/proc/meminfo - SSI]	CommittedPercent: 0.334133 %
20220313 033111.834 INFO             PET0 PIOc_freedecomp Enter - MemInfo: [/proc/self/status]	VmPeak:	  677892 kB
20220313 033111.834 INFO             PET0 PIOc_freedecomp Enter - MemInfo: [/proc/self/status]	VmSize:	  669180 kB
20220313 033111.834 INFO             PET0 PIOc_freedecomp Enter - MemInfo: [/proc/self/status]	VmLck:	       0 kB
20220313 033111.834 INFO             PET0 PIOc_freedecomp Enter - MemInfo: [/proc/self/status]	VmPin:	       0 kB
20220313 033111.834 INFO             PET0 PIOc_freedecomp Enter - MemInfo: [/proc/self/status]	VmHWM:	   73776 kB
20220313 033111.834 INFO             PET0 PIOc_freedecomp Enter - MemInfo: [/proc/self/status]	VmRSS:	   32852 kB
20220313 033111.834 INFO             PET0 PIOc_freedecomp Enter - MemInfo: [/proc/self/status]	VmData:	  186396 kB
20220313 033111.834 INFO             PET0 PIOc_freedecomp Enter - MemInfo: [/proc/self/status]	VmStk:	     144 kB
20220313 033111.834 INFO             PET0 PIOc_freedecomp Enter - MemInfo: [/proc/self/status]	VmExe:	     324 kB
20220313 033111.834 INFO             PET0 PIOc_freedecomp Enter - MemInfo: [/proc/self/status]	VmLib:	   83112 kB
20220313 033111.834 INFO             PET0 PIOc_freedecomp Enter - MemInfo: [/proc/self/status]	VmPTE:	     968 kB
20220313 033111.834 INFO             PET0 PIOc_freedecomp Enter - MemInfo: [/proc/self/status]	VmSwap:	       0 kB
20220313 033111.834 INFO             PET0 PIOc_freedecomp Enter - MemInfo: [/proc/self/status]	VmRSSPercent: 0.0167241 %
20220313 033111.834 INFO             PET0 PIOc_freedecomp Enter - MemInfo: [malloc] Non-mmapped space allocated:                 2961408 Byte
20220313 033111.834 INFO             PET0 PIOc_freedecomp Enter - MemInfo: [malloc] Space allocated in mmapped regions:          1581056 Byte
20220313 033111.834 INFO             PET0 PIOc_freedecomp Enter - MemInfo: [malloc] Maximum total allocated space:                     0 Byte
20220313 033111.834 INFO             PET0 PIOc_freedecomp Enter - MemInfo: [malloc] Space in freed fastbin blocks:                  3008 Byte
20220313 033111.834 INFO             PET0 PIOc_freedecomp Enter - MemInfo: [malloc] Total allocated space:                       2628736 Byte
20220313 033111.834 INFO             PET0 PIOc_freedecomp Enter - MemInfo: [malloc] Total free space:                             332672 Byte
20220313 033111.834 INFO             PET0 PIOc_freedecomp Enter - MemInfo: [malloc] Top-most, releasable space:                   115744 Byte
20220313 033111.834 INFO             PET0 PIOc_freedecomp Enter - MemInfo: [malloc] Total space in use, mmap + non-mmap:         4209792 Byte
20220313 033111.834 INFO             PET0 PIOc_freedecomp Enter - MemInfo: [malloc] Total space held (mmap + non-mmap):          4542464 Byte
20220313 033111.834 INFO             PET0 PIOc_freedecomp Enter - MemInfo: [malloc] Total space used (mmap + non-mmap):          4219136 Byte
20220313 033111.834 INFO             PET0 PIOc_freedecomp Enter - MemInfo: Wall-clock time since execution start:              0.0288536 seconds
20220313 033111.834 INFO             PET0 PIOc_freedecomp Exit - MemInfo: [/proc/meminfo - SSI]	MemTotal:       196434604 kB
20220313 033111.834 INFO             PET0 PIOc_freedecomp Exit - MemInfo: [/proc/meminfo - SSI]	MemFree:        184345628 kB
20220313 033111.834 INFO             PET0 PIOc_freedecomp Exit - MemInfo: [/proc/meminfo - SSI]	MemAvailable:   191833848 kB
20220313 033111.834 INFO             PET0 PIOc_freedecomp Exit - MemInfo: [/proc/meminfo - SSI]	Committed_AS:     656352 kB
20220313 033111.835 INFO             PET0 PIOc_freedecomp Exit - MemInfo: [/proc/meminfo - SSI]	CommittedPercent: 0.334133 %
20220313 033111.835 INFO             PET0 PIOc_freedecomp Exit - MemInfo: [/proc/self/status]	VmPeak:	  677892 kB
20220313 033111.835 INFO             PET0 PIOc_freedecomp Exit - MemInfo: [/proc/self/status]	VmSize:	  669180 kB
20220313 033111.835 INFO             PET0 PIOc_freedecomp Exit - MemInfo: [/proc/self/status]	VmLck:	       0 kB
20220313 033111.835 INFO             PET0 PIOc_freedecomp Exit - MemInfo: [/proc/self/status]	VmPin:	       0 kB
20220313 033111.835 INFO             PET0 PIOc_freedecomp Exit - MemInfo: [/proc/self/status]	VmHWM:	   73776 kB
20220313 033111.835 INFO             PET0 PIOc_freedecomp Exit - MemInfo: [/proc/self/status]	VmRSS:	   32852 kB
20220313 033111.835 INFO             PET0 PIOc_freedecomp Exit - MemInfo: [/proc/self/status]	VmData:	  186396 kB
20220313 033111.835 INFO             PET0 PIOc_freedecomp Exit - MemInfo: [/proc/self/status]	VmStk:	     144 kB
20220313 033111.835 INFO             PET0 PIOc_freedecomp Exit - MemInfo: [/proc/self/status]	VmExe:	     324 kB
20220313 033111.835 INFO             PET0 PIOc_freedecomp Exit - MemInfo: [/proc/self/status]	VmLib:	   83112 kB
20220313 033111.835 INFO             PET0 PIOc_freedecomp Exit - MemInfo: [/proc/self/status]	VmPTE:	     968 kB
20220313 033111.835 INFO             PET0 PIOc_freedecomp Exit - MemInfo: [/proc/self/status]	VmSwap:	       0 kB
20220313 033111.835 INFO             PET0 PIOc_freedecomp Exit - MemInfo: [/proc/self/status]	VmRSSPercent: 0.0167241 %
20220313 033111.835 INFO             PET0 PIOc_freedecomp Exit - MemInfo: [malloc] Non-mmapped space allocated:                 2961408 Byte
20220313 033111.835 INFO             PET0 PIOc_freedecomp Exit - MemInfo: [malloc] Space allocated in mmapped regions:          1581056 Byte
20220313 033111.835 INFO             PET0 PIOc_freedecomp Exit - MemInfo: [malloc] Maximum total allocated space:                     0 Byte
20220313 033111.835 INFO             PET0 PIOc_freedecomp Exit - MemInfo: [malloc] Space in freed fastbin blocks:                  3456 Byte
20220313 033111.835 INFO             PET0 PIOc_freedecomp Exit - MemInfo: [malloc] Total allocated space:                       2623600 Byte
20220313 033111.835 INFO             PET0 PIOc_freedecomp Exit - MemInfo: [malloc] Total free space:                             337808 Byte
20220313 033111.835 INFO             PET0 PIOc_freedecomp Exit - MemInfo: [malloc] Top-most, releasable space:                   115744 Byte
20220313 033111.835 INFO             PET0 PIOc_freedecomp Exit - MemInfo: [malloc] Total space in use, mmap + non-mmap:         4204656 Byte
20220313 033111.835 INFO             PET0 PIOc_freedecomp Exit - MemInfo: [malloc] Total space held (mmap + non-mmap):          4542464 Byte
20220313 033111.835 INFO             PET0 PIOc_freedecomp Exit - MemInfo: [malloc] Total space used (mmap + non-mmap):          4214000 Byte
20220313 033111.835 INFO             PET0 PIOc_freedecomp Exit - MemInfo: Wall-clock time since execution start:               0.029238 seconds
20220313 033111.837 INFO             PET0 PIOc_sync Enter - MemInfo: [/proc/meminfo - SSI]	MemTotal:       196434604 kB
20220313 033111.837 INFO             PET0 PIOc_sync Enter - MemInfo: [/proc/meminfo - SSI]	MemFree:        184341888 kB
20220313 033111.837 INFO             PET0 PIOc_sync Enter - MemInfo: [/proc/meminfo - SSI]	MemAvailable:   191830108 kB
20220313 033111.837 INFO             PET0 PIOc_sync Enter - MemInfo: [/proc/meminfo - SSI]	Committed_AS:     664556 kB
20220313 033111.837 INFO             PET0 PIOc_sync Enter - MemInfo: [/proc/meminfo - SSI]	CommittedPercent: 0.338309 %
20220313 033111.837 INFO             PET0 PIOc_sync Enter - MemInfo: [/proc/self/status]	VmPeak:	  677900 kB
20220313 033111.837 INFO             PET0 PIOc_sync Enter - MemInfo: [/proc/self/status]	VmSize:	  677900 kB
20220313 033111.837 INFO             PET0 PIOc_sync Enter - MemInfo: [/proc/self/status]	VmLck:	       0 kB
20220313 033111.837 INFO             PET0 PIOc_sync Enter - MemInfo: [/proc/self/status]	VmPin:	       0 kB
20220313 033111.837 INFO             PET0 PIOc_sync Enter - MemInfo: [/proc/self/status]	VmHWM:	   73776 kB
20220313 033111.837 INFO             PET0 PIOc_sync Enter - MemInfo: [/proc/self/status]	VmRSS:	   37552 kB
20220313 033111.837 INFO             PET0 PIOc_sync Enter - MemInfo: [/proc/self/status]	VmData:	  195116 kB
20220313 033111.837 INFO             PET0 PIOc_sync Enter - MemInfo: [/proc/self/status]	VmStk:	     144 kB
20220313 033111.837 INFO             PET0 PIOc_sync Enter - MemInfo: [/proc/self/status]	VmExe:	     324 kB
20220313 033111.837 INFO             PET0 PIOc_sync Enter - MemInfo: [/proc/self/status]	VmLib:	   83112 kB
20220313 033111.837 INFO             PET0 PIOc_sync Enter - MemInfo: [/proc/self/status]	VmPTE:	     980 kB
20220313 033111.837 INFO             PET0 PIOc_sync Enter - MemInfo: [/proc/self/status]	VmSwap:	       0 kB
20220313 033111.837 INFO             PET0 PIOc_sync Enter - MemInfo: [/proc/self/status]	VmRSSPercent: 0.0191168 %
20220313 033111.837 INFO             PET0 PIOc_sync Enter - MemInfo: [malloc] Non-mmapped space allocated:                11890688 Byte
20220313 033111.837 INFO             PET0 PIOc_sync Enter - MemInfo: [malloc] Space allocated in mmapped regions:          1581056 Byte
20220313 033111.837 INFO             PET0 PIOc_sync Enter - MemInfo: [malloc] Maximum total allocated space:                     0 Byte
20220313 033111.837 INFO             PET0 PIOc_sync Enter - MemInfo: [malloc] Space in freed fastbin blocks:                  2064 Byte
20220313 033111.837 INFO             PET0 PIOc_sync Enter - MemInfo: [malloc] Total allocated space:                      11552496 Byte
20220313 033111.837 INFO             PET0 PIOc_sync Enter - MemInfo: [malloc] Total free space:                             338192 Byte
20220313 033111.837 INFO             PET0 PIOc_sync Enter - MemInfo: [malloc] Top-most, releasable space:                   132096 Byte
20220313 033111.837 INFO             PET0 PIOc_sync Enter - MemInfo: [malloc] Total space in use, mmap + non-mmap:        13133552 Byte
20220313 033111.837 INFO             PET0 PIOc_sync Enter - MemInfo: [malloc] Total space held (mmap + non-mmap):         13471744 Byte
20220313 033111.837 INFO             PET0 PIOc_sync Enter - MemInfo: [malloc] Total space used (mmap + non-mmap):         13142896 Byte
20220313 033111.837 INFO             PET0 PIOc_sync Enter - MemInfo: Wall-clock time since execution start:              0.0316663 seconds
20220313 033111.838 INFO             PET0 PIOc_sync Exit - MemInfo: [/proc/meminfo - SSI]	MemTotal:       196434604 kB
20220313 033111.838 INFO             PET0 PIOc_sync Exit - MemInfo: [/proc/meminfo - SSI]	MemFree:        184341888 kB
20220313 033111.838 INFO             PET0 PIOc_sync Exit - MemInfo: [/proc/meminfo - SSI]	MemAvailable:   191830108 kB
20220313 033111.838 INFO             PET0 PIOc_sync Exit - MemInfo: [/proc/meminfo - SSI]	Committed_AS:     664556 kB
20220313 033111.838 INFO             PET0 PIOc_sync Exit - MemInfo: [/proc/meminfo - SSI]	CommittedPercent: 0.338309 %
20220313 033111.838 INFO             PET0 PIOc_sync Exit - MemInfo: [/proc/self/status]	VmPeak:	  677900 kB
20220313 033111.838 INFO             PET0 PIOc_sync Exit - MemInfo: [/proc/self/status]	VmSize:	  677900 kB
20220313 033111.838 INFO             PET0 PIOc_sync Exit - MemInfo: [/proc/self/status]	VmLck:	       0 kB
20220313 033111.838 INFO             PET0 PIOc_sync Exit - MemInfo: [/proc/self/status]	VmPin:	       0 kB
20220313 033111.838 INFO             PET0 PIOc_sync Exit - MemInfo: [/proc/self/status]	VmHWM:	   73776 kB
20220313 033111.838 INFO             PET0 PIOc_sync Exit - MemInfo: [/proc/self/status]	VmRSS:	   37568 kB
20220313 033111.838 INFO             PET0 PIOc_sync Exit - MemInfo: [/proc/self/status]	VmData:	  195116 kB
20220313 033111.838 INFO             PET0 PIOc_sync Exit - MemInfo: [/proc/self/status]	VmStk:	     144 kB
20220313 033111.838 INFO             PET0 PIOc_sync Exit - MemInfo: [/proc/self/status]	VmExe:	     324 kB
20220313 033111.838 INFO             PET0 PIOc_sync Exit - MemInfo: [/proc/self/status]	VmLib:	   83112 kB
20220313 033111.838 INFO             PET0 PIOc_sync Exit - MemInfo: [/proc/self/status]	VmPTE:	     980 kB
20220313 033111.838 INFO             PET0 PIOc_sync Exit - MemInfo: [/proc/self/status]	VmSwap:	       0 kB
20220313 033111.838 INFO             PET0 PIOc_sync Exit - MemInfo: [/proc/self/status]	VmRSSPercent: 0.0191249 %
20220313 033111.838 INFO             PET0 PIOc_sync Exit - MemInfo: [malloc] Non-mmapped space allocated:                11890688 Byte
20220313 033111.838 INFO             PET0 PIOc_sync Exit - MemInfo: [malloc] Space allocated in mmapped regions:          1581056 Byte
20220313 033111.838 INFO             PET0 PIOc_sync Exit - MemInfo: [malloc] Maximum total allocated space:                     0 Byte
20220313 033111.838 INFO             PET0 PIOc_sync Exit - MemInfo: [malloc] Space in freed fastbin blocks:                  1568 Byte
20220313 033111.838 INFO             PET0 PIOc_sync Exit - MemInfo: [malloc] Total allocated space:                      11555328 Byte
20220313 033111.838 INFO             PET0 PIOc_sync Exit - MemInfo: [malloc] Total free space:                             335360 Byte
20220313 033111.838 INFO             PET0 PIOc_sync Exit - MemInfo: [malloc] Top-most, releasable space:                   132096 Byte
20220313 033111.838 INFO             PET0 PIOc_sync Exit - MemInfo: [malloc] Total space in use, mmap + non-mmap:        13136384 Byte
20220313 033111.838 INFO             PET0 PIOc_sync Exit - MemInfo: [malloc] Total space held (mmap + non-mmap):         13471744 Byte
20220313 033111.838 INFO             PET0 PIOc_sync Exit - MemInfo: [malloc] Total space used (mmap + non-mmap):         13145728 Byte
20220313 033111.838 INFO             PET0 PIOc_sync Exit - MemInfo: Wall-clock time since execution start:              0.0323426 seconds
20220313 033111.838 INFO             PET0 PIOc_freedecomp Enter - MemInfo: [/proc/meminfo - SSI]	MemTotal:       196434604 kB
20220313 033111.838 INFO             PET0 PIOc_freedecomp Enter - MemInfo: [/proc/meminfo - SSI]	MemFree:        184341888 kB
20220313 033111.838 INFO             PET0 PIOc_freedecomp Enter - MemInfo: [/proc/meminfo - SSI]	MemAvailable:   191830108 kB
20220313 033111.838 INFO             PET0 PIOc_freedecomp Enter - MemInfo: [/proc/meminfo - SSI]	Committed_AS:     664556 kB
20220313 033111.838 INFO             PET0 PIOc_freedecomp Enter - MemInfo: [/proc/meminfo - SSI]	CommittedPercent: 0.338309 %
20220313 033111.838 INFO             PET0 PIOc_freedecomp Enter - MemInfo: [/proc/self/status]	VmPeak:	  677900 kB
20220313 033111.838 INFO             PET0 PIOc_freedecomp Enter - MemInfo: [/proc/self/status]	VmSize:	  677900 kB
20220313 033111.838 INFO             PET0 PIOc_freedecomp Enter - MemInfo: [/proc/self/status]	VmLck:	       0 kB
20220313 033111.838 INFO             PET0 PIOc_freedecomp Enter - MemInfo: [/proc/self/status]	VmPin:	       0 kB
20220313 033111.838 INFO             PET0 PIOc_freedecomp Enter - MemInfo: [/proc/self/status]	VmHWM:	   73776 kB
20220313 033111.838 INFO             PET0 PIOc_freedecomp Enter - MemInfo: [/proc/self/status]	VmRSS:	   37568 kB
20220313 033111.838 INFO             PET0 PIOc_freedecomp Enter - MemInfo: [/proc/self/status]	VmData:	  195116 kB
20220313 033111.838 INFO             PET0 PIOc_freedecomp Enter - MemInfo: [/proc/self/status]	VmStk:	     144 kB
20220313 033111.838 INFO             PET0 PIOc_freedecomp Enter - MemInfo: [/proc/self/status]	VmExe:	     324 kB
20220313 033111.838 INFO             PET0 PIOc_freedecomp Enter - MemInfo: [/proc/self/status]	VmLib:	   83112 kB
20220313 033111.838 INFO             PET0 PIOc_freedecomp Enter - MemInfo: [/proc/self/status]	VmPTE:	     980 kB
20220313 033111.838 INFO             PET0 PIOc_freedecomp Enter - MemInfo: [/proc/self/status]	VmSwap:	       0 kB
20220313 033111.838 INFO             PET0 PIOc_freedecomp Enter - MemInfo: [/proc/self/status]	VmRSSPercent: 0.0191249 %
20220313 033111.839 INFO             PET0 PIOc_freedecomp Enter - MemInfo: [malloc] Non-mmapped space allocated:                11890688 Byte
20220313 033111.839 INFO             PET0 PIOc_freedecomp Enter - MemInfo: [malloc] Space allocated in mmapped regions:          1581056 Byte
20220313 033111.839 INFO             PET0 PIOc_freedecomp Enter - MemInfo: [malloc] Maximum total allocated space:                     0 Byte
20220313 033111.839 INFO             PET0 PIOc_freedecomp Enter - MemInfo: [malloc] Space in freed fastbin blocks:                  1952 Byte
20220313 033111.839 INFO             PET0 PIOc_freedecomp Enter - MemInfo: [malloc] Total allocated space:                       2628832 Byte
20220313 033111.839 INFO             PET0 PIOc_freedecomp Enter - MemInfo: [malloc] Total free space:                            9261856 Byte
20220313 033111.839 INFO             PET0 PIOc_freedecomp Enter - MemInfo: [malloc] Top-most, releasable space:                  9045024 Byte
20220313 033111.839 INFO             PET0 PIOc_freedecomp Enter - MemInfo: [malloc] Total space in use, mmap + non-mmap:         4209888 Byte
20220313 033111.839 INFO             PET0 PIOc_freedecomp Enter - MemInfo: [malloc] Total space held (mmap + non-mmap):         13471744 Byte
20220313 033111.839 INFO             PET0 PIOc_freedecomp Enter - MemInfo: [malloc] Total space used (mmap + non-mmap):          4219232 Byte
20220313 033111.839 INFO             PET0 PIOc_freedecomp Enter - MemInfo: Wall-clock time since execution start:              0.0331015 seconds
20220313 033111.839 INFO             PET0 PIOc_freedecomp Exit - MemInfo: [/proc/meminfo - SSI]	MemTotal:       196434604 kB
20220313 033111.839 INFO             PET0 PIOc_freedecomp Exit - MemInfo: [/proc/meminfo - SSI]	MemFree:        184341888 kB
20220313 033111.839 INFO             PET0 PIOc_freedecomp Exit - MemInfo: [/proc/meminfo - SSI]	MemAvailable:   191830108 kB
20220313 033111.839 INFO             PET0 PIOc_freedecomp Exit - MemInfo: [/proc/meminfo - SSI]	Committed_AS:     664556 kB
20220313 033111.839 INFO             PET0 PIOc_freedecomp Exit - MemInfo: [/proc/meminfo - SSI]	CommittedPercent: 0.338309 %
20220313 033111.839 INFO             PET0 PIOc_freedecomp Exit - MemInfo: [/proc/self/status]	VmPeak:	  677900 kB
20220313 033111.839 INFO             PET0 PIOc_freedecomp Exit - MemInfo: [/proc/self/status]	VmSize:	  677900 kB
20220313 033111.839 INFO             PET0 PIOc_freedecomp Exit - MemInfo: [/proc/self/status]	VmLck:	       0 kB
20220313 033111.839 INFO             PET0 PIOc_freedecomp Exit - MemInfo: [/proc/self/status]	VmPin:	       0 kB
20220313 033111.839 INFO             PET0 PIOc_freedecomp Exit - MemInfo: [/proc/self/status]	VmHWM:	   73776 kB
20220313 033111.839 INFO             PET0 PIOc_freedecomp Exit - MemInfo: [/proc/self/status]	VmRSS:	   37568 kB
20220313 033111.839 INFO             PET0 PIOc_freedecomp Exit - MemInfo: [/proc/self/status]	VmData:	  195116 kB
20220313 033111.839 INFO             PET0 PIOc_freedecomp Exit - MemInfo: [/proc/self/status]	VmStk:	     144 kB
20220313 033111.839 INFO             PET0 PIOc_freedecomp Exit - MemInfo: [/proc/self/status]	VmExe:	     324 kB
20220313 033111.839 INFO             PET0 PIOc_freedecomp Exit - MemInfo: [/proc/self/status]	VmLib:	   83112 kB
20220313 033111.839 INFO             PET0 PIOc_freedecomp Exit - MemInfo: [/proc/self/status]	VmPTE:	     980 kB
20220313 033111.839 INFO             PET0 PIOc_freedecomp Exit - MemInfo: [/proc/self/status]	VmSwap:	       0 kB
20220313 033111.839 INFO             PET0 PIOc_freedecomp Exit - MemInfo: [/proc/self/status]	VmRSSPercent: 0.0191249 %
20220313 033111.839 INFO             PET0 PIOc_freedecomp Exit - MemInfo: [malloc] Non-mmapped space allocated:                11890688 Byte
20220313 033111.839 INFO             PET0 PIOc_freedecomp Exit - MemInfo: [malloc] Space allocated in mmapped regions:          1581056 Byte
20220313 033111.839 INFO             PET0 PIOc_freedecomp Exit - MemInfo: [malloc] Maximum total allocated space:                     0 Byte
20220313 033111.839 INFO             PET0 PIOc_freedecomp Exit - MemInfo: [malloc] Space in freed fastbin blocks:                  3456 Byte
20220313 033111.839 INFO             PET0 PIOc_freedecomp Exit - MemInfo: [malloc] Total allocated space:                       2623680 Byte
20220313 033111.839 INFO             PET0 PIOc_freedecomp Exit - MemInfo: [malloc] Total free space:                            9267008 Byte
20220313 033111.839 INFO             PET0 PIOc_freedecomp Exit - MemInfo: [malloc] Top-most, releasable space:                  9045024 Byte
20220313 033111.839 INFO             PET0 PIOc_freedecomp Exit - MemInfo: [malloc] Total space in use, mmap + non-mmap:         4204736 Byte
20220313 033111.839 INFO             PET0 PIOc_freedecomp Exit - MemInfo: [malloc] Total space held (mmap + non-mmap):         13471744 Byte
20220313 033111.839 INFO             PET0 PIOc_freedecomp Exit - MemInfo: [malloc] Total space used (mmap + non-mmap):          4214080 Byte
20220313 033111.839 INFO             PET0 PIOc_freedecomp Exit - MemInfo: Wall-clock time since execution start:              0.0334845 seconds
20220313 033111.841 INFO             PET0 PIOc_sync Enter - MemInfo: [/proc/meminfo - SSI]	MemTotal:       196434604 kB
20220313 033111.841 INFO             PET0 PIOc_sync Enter - MemInfo: [/proc/meminfo - SSI]	MemFree:        184341888 kB
20220313 033111.841 INFO             PET0 PIOc_sync Enter - MemInfo: [/proc/meminfo - SSI]	MemAvailable:   191830108 kB
20220313 033111.841 INFO             PET0 PIOc_sync Enter - MemInfo: [/proc/meminfo - SSI]	Committed_AS:     664556 kB
20220313 033111.841 INFO             PET0 PIOc_sync Enter - MemInfo: [/proc/meminfo - SSI]	CommittedPercent: 0.338309 %
20220313 033111.841 INFO             PET0 PIOc_sync Enter - MemInfo: [/proc/self/status]	VmPeak:	  677904 kB
20220313 033111.841 INFO             PET0 PIOc_sync Enter - MemInfo: [/proc/self/status]	VmSize:	  677900 kB
20220313 033111.841 INFO             PET0 PIOc_sync Enter - MemInfo: [/proc/self/status]	VmLck:	       0 kB
20220313 033111.841 INFO             PET0 PIOc_sync Enter - MemInfo: [/proc/self/status]	VmPin:	       0 kB
20220313 033111.841 INFO             PET0 PIOc_sync Enter - MemInfo: [/proc/self/status]	VmHWM:	   73776 kB
20220313 033111.841 INFO             PET0 PIOc_sync Enter - MemInfo: [/proc/self/status]	VmRSS:	   37960 kB
20220313 033111.841 INFO             PET0 PIOc_sync Enter - MemInfo: [/proc/self/status]	VmData:	  195116 kB
20220313 033111.841 INFO             PET0 PIOc_sync Enter - MemInfo: [/proc/self/status]	VmStk:	     144 kB
20220313 033111.841 INFO             PET0 PIOc_sync Enter - MemInfo: [/proc/self/status]	VmExe:	     324 kB
20220313 033111.841 INFO             PET0 PIOc_sync Enter - MemInfo: [/proc/self/status]	VmLib:	   83112 kB
20220313 033111.841 INFO             PET0 PIOc_sync Enter - MemInfo: [/proc/self/status]	VmPTE:	     980 kB
20220313 033111.841 INFO             PET0 PIOc_sync Enter - MemInfo: [/proc/self/status]	VmSwap:	       0 kB
20220313 033111.841 INFO             PET0 PIOc_sync Enter - MemInfo: [/proc/self/status]	VmRSSPercent: 0.0193245 %
20220313 033111.841 INFO             PET0 PIOc_sync Enter - MemInfo: [malloc] Non-mmapped space allocated:                11890688 Byte
20220313 033111.841 INFO             PET0 PIOc_sync Enter - MemInfo: [malloc] Space allocated in mmapped regions:          1581056 Byte
20220313 033111.841 INFO             PET0 PIOc_sync Enter - MemInfo: [malloc] Maximum total allocated space:                     0 Byte
20220313 033111.841 INFO             PET0 PIOc_sync Enter - MemInfo: [malloc] Space in freed fastbin blocks:                  2400 Byte
20220313 033111.841 INFO             PET0 PIOc_sync Enter - MemInfo: [malloc] Total allocated space:                      11552864 Byte
20220313 033111.841 INFO             PET0 PIOc_sync Enter - MemInfo: [malloc] Total free space:                             337824 Byte
20220313 033111.841 INFO             PET0 PIOc_sync Enter - MemInfo: [malloc] Top-most, releasable space:                   132096 Byte
20220313 033111.841 INFO             PET0 PIOc_sync Enter - MemInfo: [malloc] Total space in use, mmap + non-mmap:        13133920 Byte
20220313 033111.841 INFO             PET0 PIOc_sync Enter - MemInfo: [malloc] Total space held (mmap + non-mmap):         13471744 Byte
20220313 033111.841 INFO             PET0 PIOc_sync Enter - MemInfo: [malloc] Total space used (mmap + non-mmap):         13143264 Byte
20220313 033111.841 INFO             PET0 PIOc_sync Enter - MemInfo: Wall-clock time since execution start:              0.0354607 seconds
20220313 033111.841 INFO             PET0 PIOc_sync Exit - MemInfo: [/proc/meminfo - SSI]	MemTotal:       196434604 kB
20220313 033111.841 INFO             PET0 PIOc_sync Exit - MemInfo: [/proc/meminfo - SSI]	MemFree:        184341888 kB
20220313 033111.841 INFO             PET0 PIOc_sync Exit - MemInfo: [/proc/meminfo - SSI]	MemAvailable:   191830108 kB
20220313 033111.841 INFO             PET0 PIOc_sync Exit - MemInfo: [/proc/meminfo - SSI]	Committed_AS:     664556 kB
20220313 033111.841 INFO             PET0 PIOc_sync Exit - MemInfo: [/proc/meminfo - SSI]	CommittedPercent: 0.338309 %
20220313 033111.841 INFO             PET0 PIOc_sync Exit - MemInfo: [/proc/self/status]	VmPeak:	  677904 kB
20220313 033111.841 INFO             PET0 PIOc_sync Exit - MemInfo: [/proc/self/status]	VmSize:	  677900 kB
20220313 033111.841 INFO             PET0 PIOc_sync Exit - MemInfo: [/proc/self/status]	VmLck:	       0 kB
20220313 033111.841 INFO             PET0 PIOc_sync Exit - MemInfo: [/proc/self/status]	VmPin:	       0 kB
20220313 033111.841 INFO             PET0 PIOc_sync Exit - MemInfo: [/proc/self/status]	VmHWM:	   73776 kB
20220313 033111.841 INFO             PET0 PIOc_sync Exit - MemInfo: [/proc/self/status]	VmRSS:	   37960 kB
20220313 033111.841 INFO             PET0 PIOc_sync Exit - MemInfo: [/proc/self/status]	VmData:	  195116 kB
20220313 033111.841 INFO             PET0 PIOc_sync Exit - MemInfo: [/proc/self/status]	VmStk:	     144 kB
20220313 033111.841 INFO             PET0 PIOc_sync Exit - MemInfo: [/proc/self/status]	VmExe:	     324 kB
20220313 033111.841 INFO             PET0 PIOc_sync Exit - MemInfo: [/proc/self/status]	VmLib:	   83112 kB
20220313 033111.841 INFO             PET0 PIOc_sync Exit - MemInfo: [/proc/self/status]	VmPTE:	     980 kB
20220313 033111.841 INFO             PET0 PIOc_sync Exit - MemInfo: [/proc/self/status]	VmSwap:	       0 kB
20220313 033111.841 INFO             PET0 PIOc_sync Exit - MemInfo: [/proc/self/status]	VmRSSPercent: 0.0193245 %
20220313 033111.841 INFO             PET0 PIOc_sync Exit - MemInfo: [malloc] Non-mmapped space allocated:                11890688 Byte
20220313 033111.841 INFO             PET0 PIOc_sync Exit - MemInfo: [malloc] Space allocated in mmapped regions:          1581056 Byte
20220313 033111.841 INFO             PET0 PIOc_sync Exit - MemInfo: [malloc] Maximum total allocated space:                     0 Byte
20220313 033111.841 INFO             PET0 PIOc_sync Exit - MemInfo: [malloc] Space in freed fastbin blocks:                  2288 Byte
20220313 033111.841 INFO             PET0 PIOc_sync Exit - MemInfo: [malloc] Total allocated space:                      11555680 Byte
20220313 033111.841 INFO             PET0 PIOc_sync Exit - MemInfo: [malloc] Total free space:                             335008 Byte
20220313 033111.841 INFO             PET0 PIOc_sync Exit - MemInfo: [malloc] Top-most, releasable space:                   131744 Byte
20220313 033111.841 INFO             PET0 PIOc_sync Exit - MemInfo: [malloc] Total space in use, mmap + non-mmap:        13136736 Byte
20220313 033111.841 INFO             PET0 PIOc_sync Exit - MemInfo: [malloc] Total space held (mmap + non-mmap):         13471744 Byte
20220313 033111.841 INFO             PET0 PIOc_sync Exit - MemInfo: [malloc] Total space used (mmap + non-mmap):         13146080 Byte
20220313 033111.841 INFO             PET0 PIOc_sync Exit - MemInfo: Wall-clock time since execution start:              0.0359574 seconds
20220313 033111.842 INFO             PET0 PIOc_freedecomp Enter - MemInfo: [/proc/meminfo - SSI]	MemTotal:       196434604 kB
20220313 033111.842 INFO             PET0 PIOc_freedecomp Enter - MemInfo: [/proc/meminfo - SSI]	MemFree:        184341888 kB
20220313 033111.842 INFO             PET0 PIOc_freedecomp Enter - MemInfo: [/proc/meminfo - SSI]	MemAvailable:   191830108 kB
20220313 033111.842 INFO             PET0 PIOc_freedecomp Enter - MemInfo: [/proc/meminfo - SSI]	Committed_AS:     664556 kB
20220313 033111.842 INFO             PET0 PIOc_freedecomp Enter - MemInfo: [/proc/meminfo - SSI]	CommittedPercent: 0.338309 %
20220313 033111.842 INFO             PET0 PIOc_freedecomp Enter - MemInfo: [/proc/self/status]	VmPeak:	  677904 kB
20220313 033111.842 INFO             PET0 PIOc_freedecomp Enter - MemInfo: [/proc/self/status]	VmSize:	  677900 kB
20220313 033111.842 INFO             PET0 PIOc_freedecomp Enter - MemInfo: [/proc/self/status]	VmLck:	       0 kB
20220313 033111.842 INFO             PET0 PIOc_freedecomp Enter - MemInfo: [/proc/self/status]	VmPin:	       0 kB
20220313 033111.842 INFO             PET0 PIOc_freedecomp Enter - MemInfo: [/proc/self/status]	VmHWM:	   73776 kB
20220313 033111.842 INFO             PET0 PIOc_freedecomp Enter - MemInfo: [/proc/self/status]	VmRSS:	   37960 kB
20220313 033111.842 INFO             PET0 PIOc_freedecomp Enter - MemInfo: [/proc/self/status]	VmData:	  195116 kB
20220313 033111.842 INFO             PET0 PIOc_freedecomp Enter - MemInfo: [/proc/self/status]	VmStk:	     144 kB
20220313 033111.842 INFO             PET0 PIOc_freedecomp Enter - MemInfo: [/proc/self/status]	VmExe:	     324 kB
20220313 033111.842 INFO             PET0 PIOc_freedecomp Enter - MemInfo: [/proc/self/status]	VmLib:	   83112 kB
20220313 033111.842 INFO             PET0 PIOc_freedecomp Enter - MemInfo: [/proc/self/status]	VmPTE:	     980 kB
20220313 033111.842 INFO             PET0 PIOc_freedecomp Enter - MemInfo: [/proc/self/status]	VmSwap:	       0 kB
20220313 033111.842 INFO             PET0 PIOc_freedecomp Enter - MemInfo: [/proc/self/status]	VmRSSPercent: 0.0193245 %
20220313 033111.842 INFO             PET0 PIOc_freedecomp Enter - MemInfo: [malloc] Non-mmapped space allocated:                11890688 Byte
20220313 033111.842 INFO             PET0 PIOc_freedecomp Enter - MemInfo: [malloc] Space allocated in mmapped regions:          1581056 Byte
20220313 033111.842 INFO             PET0 PIOc_freedecomp Enter - MemInfo: [malloc] Maximum total allocated space:                     0 Byte
20220313 033111.842 INFO             PET0 PIOc_freedecomp Enter - MemInfo: [malloc] Space in freed fastbin blocks:                  1728 Byte
20220313 033111.842 INFO             PET0 PIOc_freedecomp Enter - MemInfo: [malloc] Total allocated space:                       2628768 Byte
20220313 033111.842 INFO             PET0 PIOc_freedecomp Enter - MemInfo: [malloc] Total free space:                            9261920 Byte
20220313 033111.842 INFO             PET0 PIOc_freedecomp Enter - MemInfo: [malloc] Top-most, releasable space:                  9045024 Byte
20220313 033111.842 INFO             PET0 PIOc_freedecomp Enter - MemInfo: [malloc] Total space in use, mmap + non-mmap:         4209824 Byte
20220313 033111.842 INFO             PET0 PIOc_freedecomp Enter - MemInfo: [malloc] Total space held (mmap + non-mmap):         13471744 Byte
20220313 033111.842 INFO             PET0 PIOc_freedecomp Enter - MemInfo: [malloc] Total space used (mmap + non-mmap):          4219168 Byte
20220313 033111.842 INFO             PET0 PIOc_freedecomp Enter - MemInfo: Wall-clock time since execution start:              0.0366048 seconds
20220313 033111.842 INFO             PET0 PIOc_freedecomp Exit - MemInfo: [/proc/meminfo - SSI]	MemTotal:       196434604 kB
20220313 033111.842 INFO             PET0 PIOc_freedecomp Exit - MemInfo: [/proc/meminfo - SSI]	MemFree:        184341888 kB
20220313 033111.842 INFO             PET0 PIOc_freedecomp Exit - MemInfo: [/proc/meminfo - SSI]	MemAvailable:   191830108 kB
20220313 033111.842 INFO             PET0 PIOc_freedecomp Exit - MemInfo: [/proc/meminfo - SSI]	Committed_AS:     664556 kB
20220313 033111.842 INFO             PET0 PIOc_freedecomp Exit - MemInfo: [/proc/meminfo - SSI]	CommittedPercent: 0.338309 %
20220313 033111.842 INFO             PET0 PIOc_freedecomp Exit - MemInfo: [/proc/self/status]	VmPeak:	  677904 kB
20220313 033111.842 INFO             PET0 PIOc_freedecomp Exit - MemInfo: [/proc/self/status]	VmSize:	  677900 kB
20220313 033111.842 INFO             PET0 PIOc_freedecomp Exit - MemInfo: [/proc/self/status]	VmLck:	       0 kB
20220313 033111.842 INFO             PET0 PIOc_freedecomp Exit - MemInfo: [/proc/self/status]	VmPin:	       0 kB
20220313 033111.842 INFO             PET0 PIOc_freedecomp Exit - MemInfo: [/proc/self/status]	VmHWM:	   73776 kB
20220313 033111.842 INFO             PET0 PIOc_freedecomp Exit - MemInfo: [/proc/self/status]	VmRSS:	   37960 kB
20220313 033111.842 INFO             PET0 PIOc_freedecomp Exit - MemInfo: [/proc/self/status]	VmData:	  195116 kB
20220313 033111.842 INFO             PET0 PIOc_freedecomp Exit - MemInfo: [/proc/self/status]	VmStk:	     144 kB
20220313 033111.842 INFO             PET0 PIOc_freedecomp Exit - MemInfo: [/proc/self/status]	VmExe:	     324 kB
20220313 033111.842 INFO             PET0 PIOc_freedecomp Exit - MemInfo: [/proc/self/status]	VmLib:	   83112 kB
20220313 033111.842 INFO             PET0 PIOc_freedecomp Exit - MemInfo: [/proc/self/status]	VmPTE:	     980 kB
20220313 033111.842 INFO             PET0 PIOc_freedecomp Exit - MemInfo: [/proc/self/status]	VmSwap:	       0 kB
20220313 033111.842 INFO             PET0 PIOc_freedecomp Exit - MemInfo: [/proc/self/status]	VmRSSPercent: 0.0193245 %
20220313 033111.842 INFO             PET0 PIOc_freedecomp Exit - MemInfo: [malloc] Non-mmapped space allocated:                11890688 Byte
20220313 033111.842 INFO             PET0 PIOc_freedecomp Exit - MemInfo: [malloc] Space allocated in mmapped regions:          1581056 Byte
20220313 033111.842 INFO             PET0 PIOc_freedecomp Exit - MemInfo: [malloc] Maximum total allocated space:                     0 Byte
20220313 033111.842 INFO             PET0 PIOc_freedecomp Exit - MemInfo: [malloc] Space in freed fastbin blocks:                  3712 Byte
20220313 033111.842 INFO             PET0 PIOc_freedecomp Exit - MemInfo: [malloc] Total allocated space:                       2623632 Byte
20220313 033111.842 INFO             PET0 PIOc_freedecomp Exit - MemInfo: [malloc] Total free space:                            9267056 Byte
20220313 033111.842 INFO             PET0 PIOc_freedecomp Exit - MemInfo: [malloc] Top-most, releasable space:                  9045024 Byte
20220313 033111.842 INFO             PET0 PIOc_freedecomp Exit - MemInfo: [malloc] Total space in use, mmap + non-mmap:         4204688 Byte
20220313 033111.842 INFO             PET0 PIOc_freedecomp Exit - MemInfo: [malloc] Total space held (mmap + non-mmap):         13471744 Byte
20220313 033111.842 INFO             PET0 PIOc_freedecomp Exit - MemInfo: [malloc] Total space used (mmap + non-mmap):          4214032 Byte
20220313 033111.842 INFO             PET0 PIOc_freedecomp Exit - MemInfo: Wall-clock time since execution start:              0.0369782 seconds
20220313 033111.843 INFO             PET0  PASS  ESMF_OutputWeightFile, ESMF_IOUTest.F90, line 81
20220313 033111.846 INFO             PET0  PASS  call ESMF_OutputWeightFile with empty factor list on four PETs, ESMF_IOUTest.F90, line 191
20220313 033111.846 INFO             PET0  Ending Test, file ESMF_IOUTest.F90, line 201
20220313 033111.846 INFO             PET0 Finalizing ESMF
20220313 033111.819 INFO             PET1 !!!!!!!!!!!!!!!!!!!!!!!!!!!!!!!!!!!!!!!!!!!!!!!!!!!!!!
20220313 033111.819 INFO             PET1 !!! THE ESMF_LOG IS SET TO OUTPUT ALL LOG MESSAGES !!!
20220313 033111.819 INFO             PET1 !!!     THIS MAY CAUSE SLOWDOWN IN PERFORMANCE     !!!
20220313 033111.819 INFO             PET1 !!! FOR PRODUCTION RUNS, USE:                      !!!
20220313 033111.819 INFO             PET1 !!!                   ESMF_LOGKIND_Multi_On_Error  !!!
20220313 033111.819 INFO             PET1 !!!!!!!!!!!!!!!!!!!!!!!!!!!!!!!!!!!!!!!!!!!!!!!!!!!!!!
20220313 033111.819 INFO             PET1 Running with ESMF Version   : v8.3.0b09-96-g559b459
20220313 033111.819 INFO             PET1 ESMF library build date/time: "Mar 13 2022" "03:20:48"
20220313 033111.819 INFO             PET1 ESMF library build location : /work/noaa/da/mpotts/sandbox/gfortran_8.3.0_openmpi_g_jedwards_pio_update2
20220313 033111.819 INFO             PET1 ESMF_COMM                   : openmpi
20220313 033111.823 INFO             PET1 ESMF_MOAB                   : enabled
20220313 033111.823 INFO             PET1 ESMF_LAPACK                 : enabled
20220313 033111.823 INFO             PET1 ESMF_NETCDF                 : enabled
20220313 033111.823 INFO             PET1 ESMF_PNETCDF                : disabled
20220313 033111.823 INFO             PET1 ESMF_PIO                    : enabled
20220313 033111.823 INFO             PET1 ESMF_YAMLCPP                : enabled
20220313 033111.823 INFO             PET1  Beginning Test, file ESMF_IOUTest.F90, line 57
20220313 033111.823 INFO             PET1  NUMBER_OF_PROCESSORS           4
20220313 033111.823 INFO             PET1 Starting Test:  ESMF_OutputWeightFile
20220313 033111.832 INFO             PET1 PIOc_sync Enter - MemInfo: [/proc/meminfo - SSI]	MemTotal:       196434604 kB
20220313 033111.832 INFO             PET1 PIOc_sync Enter - MemInfo: [/proc/meminfo - SSI]	MemFree:        184338352 kB
20220313 033111.832 INFO             PET1 PIOc_sync Enter - MemInfo: [/proc/meminfo - SSI]	MemAvailable:   191826572 kB
20220313 033111.832 INFO             PET1 PIOc_sync Enter - MemInfo: [/proc/meminfo - SSI]	Committed_AS:     664548 kB
20220313 033111.832 INFO             PET1 PIOc_sync Enter - MemInfo: [/proc/meminfo - SSI]	CommittedPercent: 0.338305 %
20220313 033111.832 INFO             PET1 PIOc_sync Enter - MemInfo: [/proc/self/status]	VmPeak:	  669180 kB
20220313 033111.832 INFO             PET1 PIOc_sync Enter - MemInfo: [/proc/self/status]	VmSize:	  669180 kB
20220313 033111.832 INFO             PET1 PIOc_sync Enter - MemInfo: [/proc/self/status]	VmLck:	       0 kB
20220313 033111.832 INFO             PET1 PIOc_sync Enter - MemInfo: [/proc/self/status]	VmPin:	       0 kB
20220313 033111.832 INFO             PET1 PIOc_sync Enter - MemInfo: [/proc/self/status]	VmHWM:	   71728 kB
20220313 033111.832 INFO             PET1 PIOc_sync Enter - MemInfo: [/proc/self/status]	VmRSS:	   29464 kB
20220313 033111.832 INFO             PET1 PIOc_sync Enter - MemInfo: [/proc/self/status]	VmData:	  186396 kB
20220313 033111.832 INFO             PET1 PIOc_sync Enter - MemInfo: [/proc/self/status]	VmStk:	     144 kB
20220313 033111.832 INFO             PET1 PIOc_sync Enter - MemInfo: [/proc/self/status]	VmExe:	     324 kB
20220313 033111.832 INFO             PET1 PIOc_sync Enter - MemInfo: [/proc/self/status]	VmLib:	   83112 kB
20220313 033111.832 INFO             PET1 PIOc_sync Enter - MemInfo: [/proc/self/status]	VmPTE:	     944 kB
20220313 033111.832 INFO             PET1 PIOc_sync Enter - MemInfo: [/proc/self/status]	VmSwap:	       0 kB
20220313 033111.832 INFO             PET1 PIOc_sync Enter - MemInfo: [/proc/self/status]	VmRSSPercent: 0.0149994 %
20220313 033111.832 INFO             PET1 PIOc_sync Enter - MemInfo: [malloc] Non-mmapped space allocated:                 2961408 Byte
20220313 033111.832 INFO             PET1 PIOc_sync Enter - MemInfo: [malloc] Space allocated in mmapped regions:          1581056 Byte
20220313 033111.832 INFO             PET1 PIOc_sync Enter - MemInfo: [malloc] Maximum total allocated space:                     0 Byte
20220313 033111.832 INFO             PET1 PIOc_sync Enter - MemInfo: [malloc] Space in freed fastbin blocks:                  1120 Byte
20220313 033111.832 INFO             PET1 PIOc_sync Enter - MemInfo: [malloc] Total allocated space:                       2420480 Byte
20220313 033111.832 INFO             PET1 PIOc_sync Enter - MemInfo: [malloc] Total free space:                             540928 Byte
20220313 033111.832 INFO             PET1 PIOc_sync Enter - MemInfo: [malloc] Top-most, releasable space:                    35568 Byte
20220313 033111.832 INFO             PET1 PIOc_sync Enter - MemInfo: [malloc] Total space in use, mmap + non-mmap:         4001536 Byte
20220313 033111.832 INFO             PET1 PIOc_sync Enter - MemInfo: [malloc] Total space held (mmap + non-mmap):          4542464 Byte
20220313 033111.832 INFO             PET1 PIOc_sync Enter - MemInfo: [malloc] Total space used (mmap + non-mmap):          4010880 Byte
20220313 033111.832 INFO             PET1 PIOc_sync Enter - MemInfo: Wall-clock time since execution start:              0.0267361 seconds
20220313 033111.833 INFO             PET1 PIOc_sync Exit - MemInfo: [/proc/meminfo - SSI]	MemTotal:       196434604 kB
20220313 033111.833 INFO             PET1 PIOc_sync Exit - MemInfo: [/proc/meminfo - SSI]	MemFree:        184338352 kB
20220313 033111.833 INFO             PET1 PIOc_sync Exit - MemInfo: [/proc/meminfo - SSI]	MemAvailable:   191826572 kB
20220313 033111.833 INFO             PET1 PIOc_sync Exit - MemInfo: [/proc/meminfo - SSI]	Committed_AS:     664548 kB
20220313 033111.833 INFO             PET1 PIOc_sync Exit - MemInfo: [/proc/meminfo - SSI]	CommittedPercent: 0.338305 %
20220313 033111.833 INFO             PET1 PIOc_sync Exit - MemInfo: [/proc/self/status]	VmPeak:	  669180 kB
20220313 033111.833 INFO             PET1 PIOc_sync Exit - MemInfo: [/proc/self/status]	VmSize:	  669180 kB
20220313 033111.833 INFO             PET1 PIOc_sync Exit - MemInfo: [/proc/self/status]	VmLck:	       0 kB
20220313 033111.833 INFO             PET1 PIOc_sync Exit - MemInfo: [/proc/self/status]	VmPin:	       0 kB
20220313 033111.833 INFO             PET1 PIOc_sync Exit - MemInfo: [/proc/self/status]	VmHWM:	   71728 kB
20220313 033111.833 INFO             PET1 PIOc_sync Exit - MemInfo: [/proc/self/status]	VmRSS:	   29568 kB
20220313 033111.833 INFO             PET1 PIOc_sync Exit - MemInfo: [/proc/self/status]	VmData:	  186396 kB
20220313 033111.833 INFO             PET1 PIOc_sync Exit - MemInfo: [/proc/self/status]	VmStk:	     144 kB
20220313 033111.833 INFO             PET1 PIOc_sync Exit - MemInfo: [/proc/self/status]	VmExe:	     324 kB
20220313 033111.833 INFO             PET1 PIOc_sync Exit - MemInfo: [/proc/self/status]	VmLib:	   83112 kB
20220313 033111.833 INFO             PET1 PIOc_sync Exit - MemInfo: [/proc/self/status]	VmPTE:	     944 kB
20220313 033111.833 INFO             PET1 PIOc_sync Exit - MemInfo: [/proc/self/status]	VmSwap:	       0 kB
20220313 033111.833 INFO             PET1 PIOc_sync Exit - MemInfo: [/proc/self/status]	VmRSSPercent: 0.0150523 %
20220313 033111.833 INFO             PET1 PIOc_sync Exit - MemInfo: [malloc] Non-mmapped space allocated:                 2961408 Byte
20220313 033111.833 INFO             PET1 PIOc_sync Exit - MemInfo: [malloc] Space allocated in mmapped regions:          1581056 Byte
20220313 033111.833 INFO             PET1 PIOc_sync Exit - MemInfo: [malloc] Maximum total allocated space:                     0 Byte
20220313 033111.833 INFO             PET1 PIOc_sync Exit - MemInfo: [malloc] Space in freed fastbin blocks:                  1040 Byte
20220313 033111.833 INFO             PET1 PIOc_sync Exit - MemInfo: [malloc] Total allocated space:                       2420336 Byte
20220313 033111.833 INFO             PET1 PIOc_sync Exit - MemInfo: [malloc] Total free space:                             541072 Byte
20220313 033111.833 INFO             PET1 PIOc_sync Exit - MemInfo: [malloc] Top-most, releasable space:                    35568 Byte
20220313 033111.833 INFO             PET1 PIOc_sync Exit - MemInfo: [malloc] Total space in use, mmap + non-mmap:         4001392 Byte
20220313 033111.833 INFO             PET1 PIOc_sync Exit - MemInfo: [malloc] Total space held (mmap + non-mmap):          4542464 Byte
20220313 033111.833 INFO             PET1 PIOc_sync Exit - MemInfo: [malloc] Total space used (mmap + non-mmap):          4010736 Byte
20220313 033111.833 INFO             PET1 PIOc_sync Exit - MemInfo: Wall-clock time since execution start:              0.0279757 seconds
20220313 033111.834 INFO             PET1 PIOc_freedecomp Enter - MemInfo: [/proc/meminfo - SSI]	MemTotal:       196434604 kB
20220313 033111.834 INFO             PET1 PIOc_freedecomp Enter - MemInfo: [/proc/meminfo - SSI]	MemFree:        184345628 kB
20220313 033111.834 INFO             PET1 PIOc_freedecomp Enter - MemInfo: [/proc/meminfo - SSI]	MemAvailable:   191833848 kB
20220313 033111.834 INFO             PET1 PIOc_freedecomp Enter - MemInfo: [/proc/meminfo - SSI]	Committed_AS:     656352 kB
20220313 033111.834 INFO             PET1 PIOc_freedecomp Enter - MemInfo: [/proc/meminfo - SSI]	CommittedPercent: 0.334133 %
20220313 033111.834 INFO             PET1 PIOc_freedecomp Enter - MemInfo: [/proc/self/status]	VmPeak:	  669180 kB
20220313 033111.834 INFO             PET1 PIOc_freedecomp Enter - MemInfo: [/proc/self/status]	VmSize:	  669180 kB
20220313 033111.834 INFO             PET1 PIOc_freedecomp Enter - MemInfo: [/proc/self/status]	VmLck:	       0 kB
20220313 033111.834 INFO             PET1 PIOc_freedecomp Enter - MemInfo: [/proc/self/status]	VmPin:	       0 kB
20220313 033111.834 INFO             PET1 PIOc_freedecomp Enter - MemInfo: [/proc/self/status]	VmHWM:	   71728 kB
20220313 033111.834 INFO             PET1 PIOc_freedecomp Enter - MemInfo: [/proc/self/status]	VmRSS:	   29568 kB
20220313 033111.834 INFO             PET1 PIOc_freedecomp Enter - MemInfo: [/proc/self/status]	VmData:	  186396 kB
20220313 033111.834 INFO             PET1 PIOc_freedecomp Enter - MemInfo: [/proc/self/status]	VmStk:	     144 kB
20220313 033111.834 INFO             PET1 PIOc_freedecomp Enter - MemInfo: [/proc/self/status]	VmExe:	     324 kB
20220313 033111.834 INFO             PET1 PIOc_freedecomp Enter - MemInfo: [/proc/self/status]	VmLib:	   83112 kB
20220313 033111.834 INFO             PET1 PIOc_freedecomp Enter - MemInfo: [/proc/self/status]	VmPTE:	     944 kB
20220313 033111.834 INFO             PET1 PIOc_freedecomp Enter - MemInfo: [/proc/self/status]	VmSwap:	       0 kB
20220313 033111.834 INFO             PET1 PIOc_freedecomp Enter - MemInfo: [/proc/self/status]	VmRSSPercent: 0.0150523 %
20220313 033111.834 INFO             PET1 PIOc_freedecomp Enter - MemInfo: [malloc] Non-mmapped space allocated:                 2961408 Byte
20220313 033111.834 INFO             PET1 PIOc_freedecomp Enter - MemInfo: [malloc] Space allocated in mmapped regions:          1581056 Byte
20220313 033111.834 INFO             PET1 PIOc_freedecomp Enter - MemInfo: [malloc] Maximum total allocated space:                     0 Byte
20220313 033111.834 INFO             PET1 PIOc_freedecomp Enter - MemInfo: [malloc] Space in freed fastbin blocks:                  1728 Byte
20220313 033111.834 INFO             PET1 PIOc_freedecomp Enter - MemInfo: [malloc] Total allocated space:                       2418688 Byte
20220313 033111.834 INFO             PET1 PIOc_freedecomp Enter - MemInfo: [malloc] Total free space:                             542720 Byte
20220313 033111.834 INFO             PET1 PIOc_freedecomp Enter - MemInfo: [malloc] Top-most, releasable space:                    35568 Byte
20220313 033111.834 INFO             PET1 PIOc_freedecomp Enter - MemInfo: [malloc] Total space in use, mmap + non-mmap:         3999744 Byte
20220313 033111.834 INFO             PET1 PIOc_freedecomp Enter - MemInfo: [malloc] Total space held (mmap + non-mmap):          4542464 Byte
20220313 033111.834 INFO             PET1 PIOc_freedecomp Enter - MemInfo: [malloc] Total space used (mmap + non-mmap):          4009088 Byte
20220313 033111.834 INFO             PET1 PIOc_freedecomp Enter - MemInfo: Wall-clock time since execution start:              0.0287712 seconds
20220313 033111.834 INFO             PET1 PIOc_freedecomp Exit - MemInfo: [/proc/meminfo - SSI]	MemTotal:       196434604 kB
20220313 033111.834 INFO             PET1 PIOc_freedecomp Exit - MemInfo: [/proc/meminfo - SSI]	MemFree:        184345628 kB
20220313 033111.834 INFO             PET1 PIOc_freedecomp Exit - MemInfo: [/proc/meminfo - SSI]	MemAvailable:   191833848 kB
20220313 033111.834 INFO             PET1 PIOc_freedecomp Exit - MemInfo: [/proc/meminfo - SSI]	Committed_AS:     656352 kB
20220313 033111.834 INFO             PET1 PIOc_freedecomp Exit - MemInfo: [/proc/meminfo - SSI]	CommittedPercent: 0.334133 %
20220313 033111.834 INFO             PET1 PIOc_freedecomp Exit - MemInfo: [/proc/self/status]	VmPeak:	  669180 kB
20220313 033111.834 INFO             PET1 PIOc_freedecomp Exit - MemInfo: [/proc/self/status]	VmSize:	  669180 kB
20220313 033111.834 INFO             PET1 PIOc_freedecomp Exit - MemInfo: [/proc/self/status]	VmLck:	       0 kB
20220313 033111.834 INFO             PET1 PIOc_freedecomp Exit - MemInfo: [/proc/self/status]	VmPin:	       0 kB
20220313 033111.834 INFO             PET1 PIOc_freedecomp Exit - MemInfo: [/proc/self/status]	VmHWM:	   71728 kB
20220313 033111.834 INFO             PET1 PIOc_freedecomp Exit - MemInfo: [/proc/self/status]	VmRSS:	   29572 kB
20220313 033111.834 INFO             PET1 PIOc_freedecomp Exit - MemInfo: [/proc/self/status]	VmData:	  186396 kB
20220313 033111.834 INFO             PET1 PIOc_freedecomp Exit - MemInfo: [/proc/self/status]	VmStk:	     144 kB
20220313 033111.834 INFO             PET1 PIOc_freedecomp Exit - MemInfo: [/proc/self/status]	VmExe:	     324 kB
20220313 033111.834 INFO             PET1 PIOc_freedecomp Exit - MemInfo: [/proc/self/status]	VmLib:	   83112 kB
20220313 033111.834 INFO             PET1 PIOc_freedecomp Exit - MemInfo: [/proc/self/status]	VmPTE:	     944 kB
20220313 033111.835 INFO             PET1 PIOc_freedecomp Exit - MemInfo: [/proc/self/status]	VmSwap:	       0 kB
20220313 033111.835 INFO             PET1 PIOc_freedecomp Exit - MemInfo: [/proc/self/status]	VmRSSPercent: 0.0150544 %
20220313 033111.835 INFO             PET1 PIOc_freedecomp Exit - MemInfo: [malloc] Non-mmapped space allocated:                 2961408 Byte
20220313 033111.835 INFO             PET1 PIOc_freedecomp Exit - MemInfo: [malloc] Space allocated in mmapped regions:          1581056 Byte
20220313 033111.835 INFO             PET1 PIOc_freedecomp Exit - MemInfo: [malloc] Maximum total allocated space:                     0 Byte
20220313 033111.835 INFO             PET1 PIOc_freedecomp Exit - MemInfo: [malloc] Space in freed fastbin blocks:                  1072 Byte
20220313 033111.835 INFO             PET1 PIOc_freedecomp Exit - MemInfo: [malloc] Total allocated space:                       2416624 Byte
20220313 033111.835 INFO             PET1 PIOc_freedecomp Exit - MemInfo: [malloc] Total free space:                             544784 Byte
20220313 033111.835 INFO             PET1 PIOc_freedecomp Exit - MemInfo: [malloc] Top-most, releasable space:                    35568 Byte
20220313 033111.835 INFO             PET1 PIOc_freedecomp Exit - MemInfo: [malloc] Total space in use, mmap + non-mmap:         3997680 Byte
20220313 033111.835 INFO             PET1 PIOc_freedecomp Exit - MemInfo: [malloc] Total space held (mmap + non-mmap):          4542464 Byte
20220313 033111.835 INFO             PET1 PIOc_freedecomp Exit - MemInfo: [malloc] Total space used (mmap + non-mmap):          4007024 Byte
20220313 033111.835 INFO             PET1 PIOc_freedecomp Exit - MemInfo: Wall-clock time since execution start:              0.0291388 seconds
20220313 033111.837 INFO             PET1 PIOc_sync Enter - MemInfo: [/proc/meminfo - SSI]	MemTotal:       196434604 kB
20220313 033111.837 INFO             PET1 PIOc_sync Enter - MemInfo: [/proc/meminfo - SSI]	MemFree:        184341888 kB
20220313 033111.837 INFO             PET1 PIOc_sync Enter - MemInfo: [/proc/meminfo - SSI]	MemAvailable:   191830108 kB
20220313 033111.837 INFO             PET1 PIOc_sync Enter - MemInfo: [/proc/meminfo - SSI]	Committed_AS:     664556 kB
20220313 033111.837 INFO             PET1 PIOc_sync Enter - MemInfo: [/proc/meminfo - SSI]	CommittedPercent: 0.338309 %
20220313 033111.837 INFO             PET1 PIOc_sync Enter - MemInfo: [/proc/self/status]	VmPeak:	  669180 kB
20220313 033111.837 INFO             PET1 PIOc_sync Enter - MemInfo: [/proc/self/status]	VmSize:	  669180 kB
20220313 033111.837 INFO             PET1 PIOc_sync Enter - MemInfo: [/proc/self/status]	VmLck:	       0 kB
20220313 033111.837 INFO             PET1 PIOc_sync Enter - MemInfo: [/proc/self/status]	VmPin:	       0 kB
20220313 033111.837 INFO             PET1 PIOc_sync Enter - MemInfo: [/proc/self/status]	VmHWM:	   71728 kB
20220313 033111.837 INFO             PET1 PIOc_sync Enter - MemInfo: [/proc/self/status]	VmRSS:	   29596 kB
20220313 033111.837 INFO             PET1 PIOc_sync Enter - MemInfo: [/proc/self/status]	VmData:	  186396 kB
20220313 033111.837 INFO             PET1 PIOc_sync Enter - MemInfo: [/proc/self/status]	VmStk:	     144 kB
20220313 033111.837 INFO             PET1 PIOc_sync Enter - MemInfo: [/proc/self/status]	VmExe:	     324 kB
20220313 033111.837 INFO             PET1 PIOc_sync Enter - MemInfo: [/proc/self/status]	VmLib:	   83112 kB
20220313 033111.837 INFO             PET1 PIOc_sync Enter - MemInfo: [/proc/self/status]	VmPTE:	     948 kB
20220313 033111.837 INFO             PET1 PIOc_sync Enter - MemInfo: [/proc/self/status]	VmSwap:	       0 kB
20220313 033111.837 INFO             PET1 PIOc_sync Enter - MemInfo: [/proc/self/status]	VmRSSPercent: 0.0150666 %
20220313 033111.837 INFO             PET1 PIOc_sync Enter - MemInfo: [malloc] Non-mmapped space allocated:                 2961408 Byte
20220313 033111.837 INFO             PET1 PIOc_sync Enter - MemInfo: [malloc] Space allocated in mmapped regions:          1581056 Byte
20220313 033111.837 INFO             PET1 PIOc_sync Enter - MemInfo: [malloc] Maximum total allocated space:                     0 Byte
20220313 033111.837 INFO             PET1 PIOc_sync Enter - MemInfo: [malloc] Space in freed fastbin blocks:                  1280 Byte
20220313 033111.837 INFO             PET1 PIOc_sync Enter - MemInfo: [malloc] Total allocated space:                       2420592 Byte
20220313 033111.837 INFO             PET1 PIOc_sync Enter - MemInfo: [malloc] Total free space:                             540816 Byte
20220313 033111.837 INFO             PET1 PIOc_sync Enter - MemInfo: [malloc] Top-most, releasable space:                    35568 Byte
20220313 033111.837 INFO             PET1 PIOc_sync Enter - MemInfo: [malloc] Total space in use, mmap + non-mmap:         4001648 Byte
20220313 033111.837 INFO             PET1 PIOc_sync Enter - MemInfo: [malloc] Total space held (mmap + non-mmap):          4542464 Byte
20220313 033111.837 INFO             PET1 PIOc_sync Enter - MemInfo: [malloc] Total space used (mmap + non-mmap):          4010992 Byte
20220313 033111.837 INFO             PET1 PIOc_sync Enter - MemInfo: Wall-clock time since execution start:              0.0314317 seconds
20220313 033111.837 INFO             PET1 PIOc_sync Exit - MemInfo: [/proc/meminfo - SSI]	MemTotal:       196434604 kB
20220313 033111.837 INFO             PET1 PIOc_sync Exit - MemInfo: [/proc/meminfo - SSI]	MemFree:        184341888 kB
20220313 033111.837 INFO             PET1 PIOc_sync Exit - MemInfo: [/proc/meminfo - SSI]	MemAvailable:   191830108 kB
20220313 033111.837 INFO             PET1 PIOc_sync Exit - MemInfo: [/proc/meminfo - SSI]	Committed_AS:     664556 kB
20220313 033111.837 INFO             PET1 PIOc_sync Exit - MemInfo: [/proc/meminfo - SSI]	CommittedPercent: 0.338309 %
20220313 033111.838 INFO             PET1 PIOc_sync Exit - MemInfo: [/proc/self/status]	VmPeak:	  669180 kB
20220313 033111.838 INFO             PET1 PIOc_sync Exit - MemInfo: [/proc/self/status]	VmSize:	  669180 kB
20220313 033111.838 INFO             PET1 PIOc_sync Exit - MemInfo: [/proc/self/status]	VmLck:	       0 kB
20220313 033111.838 INFO             PET1 PIOc_sync Exit - MemInfo: [/proc/self/status]	VmPin:	       0 kB
20220313 033111.838 INFO             PET1 PIOc_sync Exit - MemInfo: [/proc/self/status]	VmHWM:	   71728 kB
20220313 033111.838 INFO             PET1 PIOc_sync Exit - MemInfo: [/proc/self/status]	VmRSS:	   29596 kB
20220313 033111.838 INFO             PET1 PIOc_sync Exit - MemInfo: [/proc/self/status]	VmData:	  186396 kB
20220313 033111.838 INFO             PET1 PIOc_sync Exit - MemInfo: [/proc/self/status]	VmStk:	     144 kB
20220313 033111.838 INFO             PET1 PIOc_sync Exit - MemInfo: [/proc/self/status]	VmExe:	     324 kB
20220313 033111.838 INFO             PET1 PIOc_sync Exit - MemInfo: [/proc/self/status]	VmLib:	   83112 kB
20220313 033111.838 INFO             PET1 PIOc_sync Exit - MemInfo: [/proc/self/status]	VmPTE:	     948 kB
20220313 033111.838 INFO             PET1 PIOc_sync Exit - MemInfo: [/proc/self/status]	VmSwap:	       0 kB
20220313 033111.838 INFO             PET1 PIOc_sync Exit - MemInfo: [/proc/self/status]	VmRSSPercent: 0.0150666 %
20220313 033111.838 INFO             PET1 PIOc_sync Exit - MemInfo: [malloc] Non-mmapped space allocated:                 2961408 Byte
20220313 033111.838 INFO             PET1 PIOc_sync Exit - MemInfo: [malloc] Space allocated in mmapped regions:          1581056 Byte
20220313 033111.838 INFO             PET1 PIOc_sync Exit - MemInfo: [malloc] Maximum total allocated space:                     0 Byte
20220313 033111.838 INFO             PET1 PIOc_sync Exit - MemInfo: [malloc] Space in freed fastbin blocks:                  1632 Byte
20220313 033111.838 INFO             PET1 PIOc_sync Exit - MemInfo: [malloc] Total allocated space:                       2420496 Byte
20220313 033111.838 INFO             PET1 PIOc_sync Exit - MemInfo: [malloc] Total free space:                             540912 Byte
20220313 033111.838 INFO             PET1 PIOc_sync Exit - MemInfo: [malloc] Top-most, releasable space:                    35568 Byte
20220313 033111.838 INFO             PET1 PIOc_sync Exit - MemInfo: [malloc] Total space in use, mmap + non-mmap:         4001552 Byte
20220313 033111.838 INFO             PET1 PIOc_sync Exit - MemInfo: [malloc] Total space held (mmap + non-mmap):          4542464 Byte
20220313 033111.838 INFO             PET1 PIOc_sync Exit - MemInfo: [malloc] Total space used (mmap + non-mmap):          4010896 Byte
20220313 033111.838 INFO             PET1 PIOc_sync Exit - MemInfo: Wall-clock time since execution start:              0.0322689 seconds
20220313 033111.838 INFO             PET1 PIOc_freedecomp Enter - MemInfo: [/proc/meminfo - SSI]	MemTotal:       196434604 kB
20220313 033111.838 INFO             PET1 PIOc_freedecomp Enter - MemInfo: [/proc/meminfo - SSI]	MemFree:        184341888 kB
20220313 033111.838 INFO             PET1 PIOc_freedecomp Enter - MemInfo: [/proc/meminfo - SSI]	MemAvailable:   191830108 kB
20220313 033111.838 INFO             PET1 PIOc_freedecomp Enter - MemInfo: [/proc/meminfo - SSI]	Committed_AS:     664556 kB
20220313 033111.838 INFO             PET1 PIOc_freedecomp Enter - MemInfo: [/proc/meminfo - SSI]	CommittedPercent: 0.338309 %
20220313 033111.838 INFO             PET1 PIOc_freedecomp Enter - MemInfo: [/proc/self/status]	VmPeak:	  669180 kB
20220313 033111.838 INFO             PET1 PIOc_freedecomp Enter - MemInfo: [/proc/self/status]	VmSize:	  669180 kB
20220313 033111.838 INFO             PET1 PIOc_freedecomp Enter - MemInfo: [/proc/self/status]	VmLck:	       0 kB
20220313 033111.838 INFO             PET1 PIOc_freedecomp Enter - MemInfo: [/proc/self/status]	VmPin:	       0 kB
20220313 033111.838 INFO             PET1 PIOc_freedecomp Enter - MemInfo: [/proc/self/status]	VmHWM:	   71728 kB
20220313 033111.838 INFO             PET1 PIOc_freedecomp Enter - MemInfo: [/proc/self/status]	VmRSS:	   29596 kB
20220313 033111.838 INFO             PET1 PIOc_freedecomp Enter - MemInfo: [/proc/self/status]	VmData:	  186396 kB
20220313 033111.838 INFO             PET1 PIOc_freedecomp Enter - MemInfo: [/proc/self/status]	VmStk:	     144 kB
20220313 033111.838 INFO             PET1 PIOc_freedecomp Enter - MemInfo: [/proc/self/status]	VmExe:	     324 kB
20220313 033111.838 INFO             PET1 PIOc_freedecomp Enter - MemInfo: [/proc/self/status]	VmLib:	   83112 kB
20220313 033111.838 INFO             PET1 PIOc_freedecomp Enter - MemInfo: [/proc/self/status]	VmPTE:	     948 kB
20220313 033111.838 INFO             PET1 PIOc_freedecomp Enter - MemInfo: [/proc/self/status]	VmSwap:	       0 kB
20220313 033111.838 INFO             PET1 PIOc_freedecomp Enter - MemInfo: [/proc/self/status]	VmRSSPercent: 0.0150666 %
20220313 033111.838 INFO             PET1 PIOc_freedecomp Enter - MemInfo: [malloc] Non-mmapped space allocated:                 2961408 Byte
20220313 033111.838 INFO             PET1 PIOc_freedecomp Enter - MemInfo: [malloc] Space allocated in mmapped regions:          1581056 Byte
20220313 033111.838 INFO             PET1 PIOc_freedecomp Enter - MemInfo: [malloc] Maximum total allocated space:                     0 Byte
20220313 033111.838 INFO             PET1 PIOc_freedecomp Enter - MemInfo: [malloc] Space in freed fastbin blocks:                  1728 Byte
20220313 033111.838 INFO             PET1 PIOc_freedecomp Enter - MemInfo: [malloc] Total allocated space:                       2418720 Byte
20220313 033111.838 INFO             PET1 PIOc_freedecomp Enter - MemInfo: [malloc] Total free space:                             542688 Byte
20220313 033111.838 INFO             PET1 PIOc_freedecomp Enter - MemInfo: [malloc] Top-most, releasable space:                    35568 Byte
20220313 033111.838 INFO             PET1 PIOc_freedecomp Enter - MemInfo: [malloc] Total space in use, mmap + non-mmap:         3999776 Byte
20220313 033111.838 INFO             PET1 PIOc_freedecomp Enter - MemInfo: [malloc] Total space held (mmap + non-mmap):          4542464 Byte
20220313 033111.838 INFO             PET1 PIOc_freedecomp Enter - MemInfo: [malloc] Total space used (mmap + non-mmap):          4009120 Byte
20220313 033111.838 INFO             PET1 PIOc_freedecomp Enter - MemInfo: Wall-clock time since execution start:              0.0329364 seconds
20220313 033111.838 INFO             PET1 PIOc_freedecomp Exit - MemInfo: [/proc/meminfo - SSI]	MemTotal:       196434604 kB
20220313 033111.839 INFO             PET1 PIOc_freedecomp Exit - MemInfo: [/proc/meminfo - SSI]	MemFree:        184341888 kB
20220313 033111.839 INFO             PET1 PIOc_freedecomp Exit - MemInfo: [/proc/meminfo - SSI]	MemAvailable:   191830108 kB
20220313 033111.839 INFO             PET1 PIOc_freedecomp Exit - MemInfo: [/proc/meminfo - SSI]	Committed_AS:     664556 kB
20220313 033111.839 INFO             PET1 PIOc_freedecomp Exit - MemInfo: [/proc/meminfo - SSI]	CommittedPercent: 0.338309 %
20220313 033111.839 INFO             PET1 PIOc_freedecomp Exit - MemInfo: [/proc/self/status]	VmPeak:	  669180 kB
20220313 033111.839 INFO             PET1 PIOc_freedecomp Exit - MemInfo: [/proc/self/status]	VmSize:	  669180 kB
20220313 033111.839 INFO             PET1 PIOc_freedecomp Exit - MemInfo: [/proc/self/status]	VmLck:	       0 kB
20220313 033111.839 INFO             PET1 PIOc_freedecomp Exit - MemInfo: [/proc/self/status]	VmPin:	       0 kB
20220313 033111.839 INFO             PET1 PIOc_freedecomp Exit - MemInfo: [/proc/self/status]	VmHWM:	   71728 kB
20220313 033111.839 INFO             PET1 PIOc_freedecomp Exit - MemInfo: [/proc/self/status]	VmRSS:	   29596 kB
20220313 033111.839 INFO             PET1 PIOc_freedecomp Exit - MemInfo: [/proc/self/status]	VmData:	  186396 kB
20220313 033111.839 INFO             PET1 PIOc_freedecomp Exit - MemInfo: [/proc/self/status]	VmStk:	     144 kB
20220313 033111.839 INFO             PET1 PIOc_freedecomp Exit - MemInfo: [/proc/self/status]	VmExe:	     324 kB
20220313 033111.839 INFO             PET1 PIOc_freedecomp Exit - MemInfo: [/proc/self/status]	VmLib:	   83112 kB
20220313 033111.839 INFO             PET1 PIOc_freedecomp Exit - MemInfo: [/proc/self/status]	VmPTE:	     948 kB
20220313 033111.839 INFO             PET1 PIOc_freedecomp Exit - MemInfo: [/proc/self/status]	VmSwap:	       0 kB
20220313 033111.839 INFO             PET1 PIOc_freedecomp Exit - MemInfo: [/proc/self/status]	VmRSSPercent: 0.0150666 %
20220313 033111.839 INFO             PET1 PIOc_freedecomp Exit - MemInfo: [malloc] Non-mmapped space allocated:                 2961408 Byte
20220313 033111.839 INFO             PET1 PIOc_freedecomp Exit - MemInfo: [malloc] Space allocated in mmapped regions:          1581056 Byte
20220313 033111.839 INFO             PET1 PIOc_freedecomp Exit - MemInfo: [malloc] Maximum total allocated space:                     0 Byte
20220313 033111.839 INFO             PET1 PIOc_freedecomp Exit - MemInfo: [malloc] Space in freed fastbin blocks:                  2256 Byte
20220313 033111.839 INFO             PET1 PIOc_freedecomp Exit - MemInfo: [malloc] Total allocated space:                       2416656 Byte
20220313 033111.839 INFO             PET1 PIOc_freedecomp Exit - MemInfo: [malloc] Total free space:                             544752 Byte
20220313 033111.839 INFO             PET1 PIOc_freedecomp Exit - MemInfo: [malloc] Top-most, releasable space:                    35568 Byte
20220313 033111.839 INFO             PET1 PIOc_freedecomp Exit - MemInfo: [malloc] Total space in use, mmap + non-mmap:         3997712 Byte
20220313 033111.839 INFO             PET1 PIOc_freedecomp Exit - MemInfo: [malloc] Total space held (mmap + non-mmap):          4542464 Byte
20220313 033111.839 INFO             PET1 PIOc_freedecomp Exit - MemInfo: [malloc] Total space used (mmap + non-mmap):          4007056 Byte
20220313 033111.839 INFO             PET1 PIOc_freedecomp Exit - MemInfo: Wall-clock time since execution start:              0.0333025 seconds
20220313 033111.841 INFO             PET1 PIOc_sync Enter - MemInfo: [/proc/meminfo - SSI]	MemTotal:       196434604 kB
20220313 033111.841 INFO             PET1 PIOc_sync Enter - MemInfo: [/proc/meminfo - SSI]	MemFree:        184341888 kB
20220313 033111.841 INFO             PET1 PIOc_sync Enter - MemInfo: [/proc/meminfo - SSI]	MemAvailable:   191830108 kB
20220313 033111.841 INFO             PET1 PIOc_sync Enter - MemInfo: [/proc/meminfo - SSI]	Committed_AS:     664556 kB
20220313 033111.841 INFO             PET1 PIOc_sync Enter - MemInfo: [/proc/meminfo - SSI]	CommittedPercent: 0.338309 %
20220313 033111.841 INFO             PET1 PIOc_sync Enter - MemInfo: [/proc/self/status]	VmPeak:	  669180 kB
20220313 033111.841 INFO             PET1 PIOc_sync Enter - MemInfo: [/proc/self/status]	VmSize:	  669180 kB
20220313 033111.841 INFO             PET1 PIOc_sync Enter - MemInfo: [/proc/self/status]	VmLck:	       0 kB
20220313 033111.841 INFO             PET1 PIOc_sync Enter - MemInfo: [/proc/self/status]	VmPin:	       0 kB
20220313 033111.841 INFO             PET1 PIOc_sync Enter - MemInfo: [/proc/self/status]	VmHWM:	   71728 kB
20220313 033111.841 INFO             PET1 PIOc_sync Enter - MemInfo: [/proc/self/status]	VmRSS:	   29596 kB
20220313 033111.841 INFO             PET1 PIOc_sync Enter - MemInfo: [/proc/self/status]	VmData:	  186396 kB
20220313 033111.841 INFO             PET1 PIOc_sync Enter - MemInfo: [/proc/self/status]	VmStk:	     144 kB
20220313 033111.841 INFO             PET1 PIOc_sync Enter - MemInfo: [/proc/self/status]	VmExe:	     324 kB
20220313 033111.841 INFO             PET1 PIOc_sync Enter - MemInfo: [/proc/self/status]	VmLib:	   83112 kB
20220313 033111.841 INFO             PET1 PIOc_sync Enter - MemInfo: [/proc/self/status]	VmPTE:	     948 kB
20220313 033111.841 INFO             PET1 PIOc_sync Enter - MemInfo: [/proc/self/status]	VmSwap:	       0 kB
20220313 033111.841 INFO             PET1 PIOc_sync Enter - MemInfo: [/proc/self/status]	VmRSSPercent: 0.0150666 %
20220313 033111.841 INFO             PET1 PIOc_sync Enter - MemInfo: [malloc] Non-mmapped space allocated:                 2961408 Byte
20220313 033111.841 INFO             PET1 PIOc_sync Enter - MemInfo: [malloc] Space allocated in mmapped regions:          1581056 Byte
20220313 033111.841 INFO             PET1 PIOc_sync Enter - MemInfo: [malloc] Maximum total allocated space:                     0 Byte
20220313 033111.841 INFO             PET1 PIOc_sync Enter - MemInfo: [malloc] Space in freed fastbin blocks:                  1280 Byte
20220313 033111.841 INFO             PET1 PIOc_sync Enter - MemInfo: [malloc] Total allocated space:                       2420736 Byte
20220313 033111.841 INFO             PET1 PIOc_sync Enter - MemInfo: [malloc] Total free space:                             540672 Byte
20220313 033111.841 INFO             PET1 PIOc_sync Enter - MemInfo: [malloc] Top-most, releasable space:                    35568 Byte
20220313 033111.841 INFO             PET1 PIOc_sync Enter - MemInfo: [malloc] Total space in use, mmap + non-mmap:         4001792 Byte
20220313 033111.841 INFO             PET1 PIOc_sync Enter - MemInfo: [malloc] Total space held (mmap + non-mmap):          4542464 Byte
20220313 033111.841 INFO             PET1 PIOc_sync Enter - MemInfo: [malloc] Total space used (mmap + non-mmap):          4011136 Byte
20220313 033111.841 INFO             PET1 PIOc_sync Enter - MemInfo: Wall-clock time since execution start:              0.0353891 seconds
20220313 033111.841 INFO             PET1 PIOc_sync Exit - MemInfo: [/proc/meminfo - SSI]	MemTotal:       196434604 kB
20220313 033111.841 INFO             PET1 PIOc_sync Exit - MemInfo: [/proc/meminfo - SSI]	MemFree:        184341888 kB
20220313 033111.841 INFO             PET1 PIOc_sync Exit - MemInfo: [/proc/meminfo - SSI]	MemAvailable:   191830108 kB
20220313 033111.841 INFO             PET1 PIOc_sync Exit - MemInfo: [/proc/meminfo - SSI]	Committed_AS:     664556 kB
20220313 033111.841 INFO             PET1 PIOc_sync Exit - MemInfo: [/proc/meminfo - SSI]	CommittedPercent: 0.338309 %
20220313 033111.841 INFO             PET1 PIOc_sync Exit - MemInfo: [/proc/self/status]	VmPeak:	  669180 kB
20220313 033111.841 INFO             PET1 PIOc_sync Exit - MemInfo: [/proc/self/status]	VmSize:	  669180 kB
20220313 033111.841 INFO             PET1 PIOc_sync Exit - MemInfo: [/proc/self/status]	VmLck:	       0 kB
20220313 033111.841 INFO             PET1 PIOc_sync Exit - MemInfo: [/proc/self/status]	VmPin:	       0 kB
20220313 033111.841 INFO             PET1 PIOc_sync Exit - MemInfo: [/proc/self/status]	VmHWM:	   71728 kB
20220313 033111.841 INFO             PET1 PIOc_sync Exit - MemInfo: [/proc/self/status]	VmRSS:	   29596 kB
20220313 033111.841 INFO             PET1 PIOc_sync Exit - MemInfo: [/proc/self/status]	VmData:	  186396 kB
20220313 033111.841 INFO             PET1 PIOc_sync Exit - MemInfo: [/proc/self/status]	VmStk:	     144 kB
20220313 033111.841 INFO             PET1 PIOc_sync Exit - MemInfo: [/proc/self/status]	VmExe:	     324 kB
20220313 033111.841 INFO             PET1 PIOc_sync Exit - MemInfo: [/proc/self/status]	VmLib:	   83112 kB
20220313 033111.841 INFO             PET1 PIOc_sync Exit - MemInfo: [/proc/self/status]	VmPTE:	     948 kB
20220313 033111.841 INFO             PET1 PIOc_sync Exit - MemInfo: [/proc/self/status]	VmSwap:	       0 kB
20220313 033111.841 INFO             PET1 PIOc_sync Exit - MemInfo: [/proc/self/status]	VmRSSPercent: 0.0150666 %
20220313 033111.841 INFO             PET1 PIOc_sync Exit - MemInfo: [malloc] Non-mmapped space allocated:                 2961408 Byte
20220313 033111.841 INFO             PET1 PIOc_sync Exit - MemInfo: [malloc] Space allocated in mmapped regions:          1581056 Byte
20220313 033111.841 INFO             PET1 PIOc_sync Exit - MemInfo: [malloc] Maximum total allocated space:                     0 Byte
20220313 033111.841 INFO             PET1 PIOc_sync Exit - MemInfo: [malloc] Space in freed fastbin blocks:                  1632 Byte
20220313 033111.841 INFO             PET1 PIOc_sync Exit - MemInfo: [malloc] Total allocated space:                       2420640 Byte
20220313 033111.841 INFO             PET1 PIOc_sync Exit - MemInfo: [malloc] Total free space:                             540768 Byte
20220313 033111.841 INFO             PET1 PIOc_sync Exit - MemInfo: [malloc] Top-most, releasable space:                    35568 Byte
20220313 033111.841 INFO             PET1 PIOc_sync Exit - MemInfo: [malloc] Total space in use, mmap + non-mmap:         4001696 Byte
20220313 033111.841 INFO             PET1 PIOc_sync Exit - MemInfo: [malloc] Total space held (mmap + non-mmap):          4542464 Byte
20220313 033111.842 INFO             PET1 PIOc_sync Exit - MemInfo: [malloc] Total space used (mmap + non-mmap):          4011040 Byte
20220313 033111.842 INFO             PET1 PIOc_sync Exit - MemInfo: Wall-clock time since execution start:              0.0360479 seconds
20220313 033111.842 INFO             PET1 PIOc_freedecomp Enter - MemInfo: [/proc/meminfo - SSI]	MemTotal:       196434604 kB
20220313 033111.842 INFO             PET1 PIOc_freedecomp Enter - MemInfo: [/proc/meminfo - SSI]	MemFree:        184341888 kB
20220313 033111.842 INFO             PET1 PIOc_freedecomp Enter - MemInfo: [/proc/meminfo - SSI]	MemAvailable:   191830108 kB
20220313 033111.842 INFO             PET1 PIOc_freedecomp Enter - MemInfo: [/proc/meminfo - SSI]	Committed_AS:     664556 kB
20220313 033111.842 INFO             PET1 PIOc_freedecomp Enter - MemInfo: [/proc/meminfo - SSI]	CommittedPercent: 0.338309 %
20220313 033111.842 INFO             PET1 PIOc_freedecomp Enter - MemInfo: [/proc/self/status]	VmPeak:	  669180 kB
20220313 033111.842 INFO             PET1 PIOc_freedecomp Enter - MemInfo: [/proc/self/status]	VmSize:	  669180 kB
20220313 033111.842 INFO             PET1 PIOc_freedecomp Enter - MemInfo: [/proc/self/status]	VmLck:	       0 kB
20220313 033111.842 INFO             PET1 PIOc_freedecomp Enter - MemInfo: [/proc/self/status]	VmPin:	       0 kB
20220313 033111.842 INFO             PET1 PIOc_freedecomp Enter - MemInfo: [/proc/self/status]	VmHWM:	   71728 kB
20220313 033111.842 INFO             PET1 PIOc_freedecomp Enter - MemInfo: [/proc/self/status]	VmRSS:	   29596 kB
20220313 033111.842 INFO             PET1 PIOc_freedecomp Enter - MemInfo: [/proc/self/status]	VmData:	  186396 kB
20220313 033111.842 INFO             PET1 PIOc_freedecomp Enter - MemInfo: [/proc/self/status]	VmStk:	     144 kB
20220313 033111.842 INFO             PET1 PIOc_freedecomp Enter - MemInfo: [/proc/self/status]	VmExe:	     324 kB
20220313 033111.842 INFO             PET1 PIOc_freedecomp Enter - MemInfo: [/proc/self/status]	VmLib:	   83112 kB
20220313 033111.842 INFO             PET1 PIOc_freedecomp Enter - MemInfo: [/proc/self/status]	VmPTE:	     948 kB
20220313 033111.842 INFO             PET1 PIOc_freedecomp Enter - MemInfo: [/proc/self/status]	VmSwap:	       0 kB
20220313 033111.842 INFO             PET1 PIOc_freedecomp Enter - MemInfo: [/proc/self/status]	VmRSSPercent: 0.0150666 %
20220313 033111.842 INFO             PET1 PIOc_freedecomp Enter - MemInfo: [malloc] Non-mmapped space allocated:                 2961408 Byte
20220313 033111.842 INFO             PET1 PIOc_freedecomp Enter - MemInfo: [malloc] Space allocated in mmapped regions:          1581056 Byte
20220313 033111.842 INFO             PET1 PIOc_freedecomp Enter - MemInfo: [malloc] Maximum total allocated space:                     0 Byte
20220313 033111.842 INFO             PET1 PIOc_freedecomp Enter - MemInfo: [malloc] Space in freed fastbin blocks:                  1840 Byte
20220313 033111.842 INFO             PET1 PIOc_freedecomp Enter - MemInfo: [malloc] Total allocated space:                       2418720 Byte
20220313 033111.842 INFO             PET1 PIOc_freedecomp Enter - MemInfo: [malloc] Total free space:                             542688 Byte
20220313 033111.842 INFO             PET1 PIOc_freedecomp Enter - MemInfo: [malloc] Top-most, releasable space:                    35568 Byte
20220313 033111.842 INFO             PET1 PIOc_freedecomp Enter - MemInfo: [malloc] Total space in use, mmap + non-mmap:         3999776 Byte
20220313 033111.842 INFO             PET1 PIOc_freedecomp Enter - MemInfo: [malloc] Total space held (mmap + non-mmap):          4542464 Byte
20220313 033111.842 INFO             PET1 PIOc_freedecomp Enter - MemInfo: [malloc] Total space used (mmap + non-mmap):          4009120 Byte
20220313 033111.842 INFO             PET1 PIOc_freedecomp Enter - MemInfo: Wall-clock time since execution start:              0.0365224 seconds
20220313 033111.842 INFO             PET1 PIOc_freedecomp Exit - MemInfo: [/proc/meminfo - SSI]	MemTotal:       196434604 kB
20220313 033111.842 INFO             PET1 PIOc_freedecomp Exit - MemInfo: [/proc/meminfo - SSI]	MemFree:        184341888 kB
20220313 033111.842 INFO             PET1 PIOc_freedecomp Exit - MemInfo: [/proc/meminfo - SSI]	MemAvailable:   191830108 kB
20220313 033111.842 INFO             PET1 PIOc_freedecomp Exit - MemInfo: [/proc/meminfo - SSI]	Committed_AS:     664556 kB
20220313 033111.842 INFO             PET1 PIOc_freedecomp Exit - MemInfo: [/proc/meminfo - SSI]	CommittedPercent: 0.338309 %
20220313 033111.842 INFO             PET1 PIOc_freedecomp Exit - MemInfo: [/proc/self/status]	VmPeak:	  669180 kB
20220313 033111.842 INFO             PET1 PIOc_freedecomp Exit - MemInfo: [/proc/self/status]	VmSize:	  669180 kB
20220313 033111.842 INFO             PET1 PIOc_freedecomp Exit - MemInfo: [/proc/self/status]	VmLck:	       0 kB
20220313 033111.842 INFO             PET1 PIOc_freedecomp Exit - MemInfo: [/proc/self/status]	VmPin:	       0 kB
20220313 033111.842 INFO             PET1 PIOc_freedecomp Exit - MemInfo: [/proc/self/status]	VmHWM:	   71728 kB
20220313 033111.842 INFO             PET1 PIOc_freedecomp Exit - MemInfo: [/proc/self/status]	VmRSS:	   29596 kB
20220313 033111.842 INFO             PET1 PIOc_freedecomp Exit - MemInfo: [/proc/self/status]	VmData:	  186396 kB
20220313 033111.842 INFO             PET1 PIOc_freedecomp Exit - MemInfo: [/proc/self/status]	VmStk:	     144 kB
20220313 033111.842 INFO             PET1 PIOc_freedecomp Exit - MemInfo: [/proc/self/status]	VmExe:	     324 kB
20220313 033111.842 INFO             PET1 PIOc_freedecomp Exit - MemInfo: [/proc/self/status]	VmLib:	   83112 kB
20220313 033111.842 INFO             PET1 PIOc_freedecomp Exit - MemInfo: [/proc/self/status]	VmPTE:	     948 kB
20220313 033111.842 INFO             PET1 PIOc_freedecomp Exit - MemInfo: [/proc/self/status]	VmSwap:	       0 kB
20220313 033111.842 INFO             PET1 PIOc_freedecomp Exit - MemInfo: [/proc/self/status]	VmRSSPercent: 0.0150666 %
20220313 033111.842 INFO             PET1 PIOc_freedecomp Exit - MemInfo: [malloc] Non-mmapped space allocated:                 2961408 Byte
20220313 033111.842 INFO             PET1 PIOc_freedecomp Exit - MemInfo: [malloc] Space allocated in mmapped regions:          1581056 Byte
20220313 033111.842 INFO             PET1 PIOc_freedecomp Exit - MemInfo: [malloc] Maximum total allocated space:                     0 Byte
20220313 033111.842 INFO             PET1 PIOc_freedecomp Exit - MemInfo: [malloc] Space in freed fastbin blocks:                  2128 Byte
20220313 033111.842 INFO             PET1 PIOc_freedecomp Exit - MemInfo: [malloc] Total allocated space:                       2416656 Byte
20220313 033111.842 INFO             PET1 PIOc_freedecomp Exit - MemInfo: [malloc] Total free space:                             544752 Byte
20220313 033111.842 INFO             PET1 PIOc_freedecomp Exit - MemInfo: [malloc] Top-most, releasable space:                    35568 Byte
20220313 033111.842 INFO             PET1 PIOc_freedecomp Exit - MemInfo: [malloc] Total space in use, mmap + non-mmap:         3997712 Byte
20220313 033111.842 INFO             PET1 PIOc_freedecomp Exit - MemInfo: [malloc] Total space held (mmap + non-mmap):          4542464 Byte
20220313 033111.842 INFO             PET1 PIOc_freedecomp Exit - MemInfo: [malloc] Total space used (mmap + non-mmap):          4007056 Byte
20220313 033111.842 INFO             PET1 PIOc_freedecomp Exit - MemInfo: Wall-clock time since execution start:              0.0368851 seconds
20220313 033111.842 INFO             PET1  PASS  ESMF_OutputWeightFile, ESMF_IOUTest.F90, line 81
20220313 033111.849 INFO             PET1  PASS  call ESMF_OutputWeightFile with empty factor list on four PETs, ESMF_IOUTest.F90, line 191
20220313 033111.849 INFO             PET1  Ending Test, file ESMF_IOUTest.F90, line 201
20220313 033111.849 INFO             PET1 Finalizing ESMF
20220313 033111.809 INFO             PET2 !!!!!!!!!!!!!!!!!!!!!!!!!!!!!!!!!!!!!!!!!!!!!!!!!!!!!!
20220313 033111.809 INFO             PET2 !!! THE ESMF_LOG IS SET TO OUTPUT ALL LOG MESSAGES !!!
20220313 033111.809 INFO             PET2 !!!     THIS MAY CAUSE SLOWDOWN IN PERFORMANCE     !!!
20220313 033111.809 INFO             PET2 !!! FOR PRODUCTION RUNS, USE:                      !!!
20220313 033111.809 INFO             PET2 !!!                   ESMF_LOGKIND_Multi_On_Error  !!!
20220313 033111.809 INFO             PET2 !!!!!!!!!!!!!!!!!!!!!!!!!!!!!!!!!!!!!!!!!!!!!!!!!!!!!!
20220313 033111.809 INFO             PET2 Running with ESMF Version   : v8.3.0b09-96-g559b459
20220313 033111.809 INFO             PET2 ESMF library build date/time: "Mar 13 2022" "03:20:48"
20220313 033111.809 INFO             PET2 ESMF library build location : /work/noaa/da/mpotts/sandbox/gfortran_8.3.0_openmpi_g_jedwards_pio_update2
20220313 033111.809 INFO             PET2 ESMF_COMM                   : openmpi
20220313 033111.812 INFO             PET2 ESMF_MOAB                   : enabled
20220313 033111.812 INFO             PET2 ESMF_LAPACK                 : enabled
20220313 033111.812 INFO             PET2 ESMF_NETCDF                 : enabled
20220313 033111.812 INFO             PET2 ESMF_PNETCDF                : disabled
20220313 033111.812 INFO             PET2 ESMF_PIO                    : enabled
20220313 033111.812 INFO             PET2 ESMF_YAMLCPP                : enabled
20220313 033111.823 INFO             PET2  Beginning Test, file ESMF_IOUTest.F90, line 57
20220313 033111.823 INFO             PET2  NUMBER_OF_PROCESSORS           4
20220313 033111.823 INFO             PET2 Starting Test:  ESMF_OutputWeightFile
20220313 033111.832 INFO             PET2 PIOc_sync Enter - MemInfo: [/proc/meminfo - SSI]	MemTotal:       196434604 kB
20220313 033111.832 INFO             PET2 PIOc_sync Enter - MemInfo: [/proc/meminfo - SSI]	MemFree:        184338352 kB
20220313 033111.832 INFO             PET2 PIOc_sync Enter - MemInfo: [/proc/meminfo - SSI]	MemAvailable:   191826572 kB
20220313 033111.832 INFO             PET2 PIOc_sync Enter - MemInfo: [/proc/meminfo - SSI]	Committed_AS:     664548 kB
20220313 033111.832 INFO             PET2 PIOc_sync Enter - MemInfo: [/proc/meminfo - SSI]	CommittedPercent: 0.338305 %
20220313 033111.832 INFO             PET2 PIOc_sync Enter - MemInfo: [/proc/self/status]	VmPeak:	  669180 kB
20220313 033111.832 INFO             PET2 PIOc_sync Enter - MemInfo: [/proc/self/status]	VmSize:	  669180 kB
20220313 033111.832 INFO             PET2 PIOc_sync Enter - MemInfo: [/proc/self/status]	VmLck:	       0 kB
20220313 033111.832 INFO             PET2 PIOc_sync Enter - MemInfo: [/proc/self/status]	VmPin:	       0 kB
20220313 033111.832 INFO             PET2 PIOc_sync Enter - MemInfo: [/proc/self/status]	VmHWM:	   73768 kB
20220313 033111.832 INFO             PET2 PIOc_sync Enter - MemInfo: [/proc/self/status]	VmRSS:	   31504 kB
20220313 033111.832 INFO             PET2 PIOc_sync Enter - MemInfo: [/proc/self/status]	VmData:	  186396 kB
20220313 033111.832 INFO             PET2 PIOc_sync Enter - MemInfo: [/proc/self/status]	VmStk:	     144 kB
20220313 033111.832 INFO             PET2 PIOc_sync Enter - MemInfo: [/proc/self/status]	VmExe:	     324 kB
20220313 033111.832 INFO             PET2 PIOc_sync Enter - MemInfo: [/proc/self/status]	VmLib:	   83112 kB
20220313 033111.832 INFO             PET2 PIOc_sync Enter - MemInfo: [/proc/self/status]	VmPTE:	     956 kB
20220313 033111.832 INFO             PET2 PIOc_sync Enter - MemInfo: [/proc/self/status]	VmSwap:	       0 kB
20220313 033111.832 INFO             PET2 PIOc_sync Enter - MemInfo: [/proc/self/status]	VmRSSPercent: 0.0160379 %
20220313 033111.833 INFO             PET2 PIOc_sync Enter - MemInfo: [malloc] Non-mmapped space allocated:                 2961408 Byte
20220313 033111.833 INFO             PET2 PIOc_sync Enter - MemInfo: [malloc] Space allocated in mmapped regions:          1581056 Byte
20220313 033111.833 INFO             PET2 PIOc_sync Enter - MemInfo: [malloc] Maximum total allocated space:                     0 Byte
20220313 033111.833 INFO             PET2 PIOc_sync Enter - MemInfo: [malloc] Space in freed fastbin blocks:                  1120 Byte
20220313 033111.833 INFO             PET2 PIOc_sync Enter - MemInfo: [malloc] Total allocated space:                       2420384 Byte
20220313 033111.833 INFO             PET2 PIOc_sync Enter - MemInfo: [malloc] Total free space:                             541024 Byte
20220313 033111.833 INFO             PET2 PIOc_sync Enter - MemInfo: [malloc] Top-most, releasable space:                    36720 Byte
20220313 033111.833 INFO             PET2 PIOc_sync Enter - MemInfo: [malloc] Total space in use, mmap + non-mmap:         4001440 Byte
20220313 033111.833 INFO             PET2 PIOc_sync Enter - MemInfo: [malloc] Total space held (mmap + non-mmap):          4542464 Byte
20220313 033111.833 INFO             PET2 PIOc_sync Enter - MemInfo: [malloc] Total space used (mmap + non-mmap):          4010784 Byte
20220313 033111.833 INFO             PET2 PIOc_sync Enter - MemInfo: Wall-clock time since execution start:              0.0271751 seconds
20220313 033111.833 INFO             PET2 PIOc_sync Exit - MemInfo: [/proc/meminfo - SSI]	MemTotal:       196434604 kB
20220313 033111.833 INFO             PET2 PIOc_sync Exit - MemInfo: [/proc/meminfo - SSI]	MemFree:        184338352 kB
20220313 033111.833 INFO             PET2 PIOc_sync Exit - MemInfo: [/proc/meminfo - SSI]	MemAvailable:   191826572 kB
20220313 033111.833 INFO             PET2 PIOc_sync Exit - MemInfo: [/proc/meminfo - SSI]	Committed_AS:     664548 kB
20220313 033111.833 INFO             PET2 PIOc_sync Exit - MemInfo: [/proc/meminfo - SSI]	CommittedPercent: 0.338305 %
20220313 033111.833 INFO             PET2 PIOc_sync Exit - MemInfo: [/proc/self/status]	VmPeak:	  669180 kB
20220313 033111.833 INFO             PET2 PIOc_sync Exit - MemInfo: [/proc/self/status]	VmSize:	  669180 kB
20220313 033111.833 INFO             PET2 PIOc_sync Exit - MemInfo: [/proc/self/status]	VmLck:	       0 kB
20220313 033111.833 INFO             PET2 PIOc_sync Exit - MemInfo: [/proc/self/status]	VmPin:	       0 kB
20220313 033111.833 INFO             PET2 PIOc_sync Exit - MemInfo: [/proc/self/status]	VmHWM:	   73768 kB
20220313 033111.833 INFO             PET2 PIOc_sync Exit - MemInfo: [/proc/self/status]	VmRSS:	   31608 kB
20220313 033111.833 INFO             PET2 PIOc_sync Exit - MemInfo: [/proc/self/status]	VmData:	  186396 kB
20220313 033111.833 INFO             PET2 PIOc_sync Exit - MemInfo: [/proc/self/status]	VmStk:	     144 kB
20220313 033111.833 INFO             PET2 PIOc_sync Exit - MemInfo: [/proc/self/status]	VmExe:	     324 kB
20220313 033111.833 INFO             PET2 PIOc_sync Exit - MemInfo: [/proc/self/status]	VmLib:	   83112 kB
20220313 033111.833 INFO             PET2 PIOc_sync Exit - MemInfo: [/proc/self/status]	VmPTE:	     956 kB
20220313 033111.833 INFO             PET2 PIOc_sync Exit - MemInfo: [/proc/self/status]	VmSwap:	       0 kB
20220313 033111.833 INFO             PET2 PIOc_sync Exit - MemInfo: [/proc/self/status]	VmRSSPercent: 0.0160909 %
20220313 033111.833 INFO             PET2 PIOc_sync Exit - MemInfo: [malloc] Non-mmapped space allocated:                 2961408 Byte
20220313 033111.833 INFO             PET2 PIOc_sync Exit - MemInfo: [malloc] Space allocated in mmapped regions:          1581056 Byte
20220313 033111.833 INFO             PET2 PIOc_sync Exit - MemInfo: [malloc] Maximum total allocated space:                     0 Byte
20220313 033111.833 INFO             PET2 PIOc_sync Exit - MemInfo: [malloc] Space in freed fastbin blocks:                  1040 Byte
20220313 033111.833 INFO             PET2 PIOc_sync Exit - MemInfo: [malloc] Total allocated space:                       2420240 Byte
20220313 033111.833 INFO             PET2 PIOc_sync Exit - MemInfo: [malloc] Total free space:                             541168 Byte
20220313 033111.833 INFO             PET2 PIOc_sync Exit - MemInfo: [malloc] Top-most, releasable space:                    36720 Byte
20220313 033111.833 INFO             PET2 PIOc_sync Exit - MemInfo: [malloc] Total space in use, mmap + non-mmap:         4001296 Byte
20220313 033111.833 INFO             PET2 PIOc_sync Exit - MemInfo: [malloc] Total space held (mmap + non-mmap):          4542464 Byte
20220313 033111.833 INFO             PET2 PIOc_sync Exit - MemInfo: [malloc] Total space used (mmap + non-mmap):          4010640 Byte
20220313 033111.833 INFO             PET2 PIOc_sync Exit - MemInfo: Wall-clock time since execution start:              0.0277896 seconds
20220313 033111.834 INFO             PET2 PIOc_freedecomp Enter - MemInfo: [/proc/meminfo - SSI]	MemTotal:       196434604 kB
20220313 033111.834 INFO             PET2 PIOc_freedecomp Enter - MemInfo: [/proc/meminfo - SSI]	MemFree:        184345628 kB
20220313 033111.834 INFO             PET2 PIOc_freedecomp Enter - MemInfo: [/proc/meminfo - SSI]	MemAvailable:   191833848 kB
20220313 033111.834 INFO             PET2 PIOc_freedecomp Enter - MemInfo: [/proc/meminfo - SSI]	Committed_AS:     656352 kB
20220313 033111.834 INFO             PET2 PIOc_freedecomp Enter - MemInfo: [/proc/meminfo - SSI]	CommittedPercent: 0.334133 %
20220313 033111.834 INFO             PET2 PIOc_freedecomp Enter - MemInfo: [/proc/self/status]	VmPeak:	  669180 kB
20220313 033111.834 INFO             PET2 PIOc_freedecomp Enter - MemInfo: [/proc/self/status]	VmSize:	  669180 kB
