build time -- 2022-03-13 03:22:09
20220313 033051.098 INFO             PET0 !!!!!!!!!!!!!!!!!!!!!!!!!!!!!!!!!!!!!!!!!!!!!!!!!!!!!!
20220313 033051.098 INFO             PET0 !!! THE ESMF_LOG IS SET TO OUTPUT ALL LOG MESSAGES !!!
20220313 033051.098 INFO             PET0 !!!     THIS MAY CAUSE SLOWDOWN IN PERFORMANCE     !!!
20220313 033051.098 INFO             PET0 !!! FOR PRODUCTION RUNS, USE:                      !!!
20220313 033051.098 INFO             PET0 !!!                   ESMF_LOGKIND_Multi_On_Error  !!!
20220313 033051.098 INFO             PET0 !!!!!!!!!!!!!!!!!!!!!!!!!!!!!!!!!!!!!!!!!!!!!!!!!!!!!!
20220313 033051.098 INFO             PET0 Running with ESMF Version   : v8.3.0b09-96-g559b459
20220313 033051.098 INFO             PET0 ESMF library build date/time: "Mar 13 2022" "03:20:48"
20220313 033051.098 INFO             PET0 ESMF library build location : /work/noaa/da/mpotts/sandbox/gfortran_8.3.0_openmpi_g_jedwards_pio_update2
20220313 033051.098 INFO             PET0 ESMF_COMM                   : openmpi
20220313 033051.099 INFO             PET0 ESMF_MOAB                   : enabled
20220313 033051.099 INFO             PET0 ESMF_LAPACK                 : enabled
20220313 033051.099 INFO             PET0 ESMF_NETCDF                 : enabled
20220313 033051.099 INFO             PET0 ESMF_PNETCDF                : disabled
20220313 033051.099 INFO             PET0 ESMF_PIO                    : enabled
20220313 033051.099 INFO             PET0 ESMF_YAMLCPP                : enabled
20220313 033051.099 INFO             PET0  Beginning Test, file ESMF_ArrayIOUTest.F90, line 103
20220313 033051.099 INFO             PET0  NUMBER_OF_PROCESSORS           6
20220313 033051.100 INFO             PET0  PASS  dstDistgrid Create Test, ESMF_ArrayIOUTest.F90, line 137
20220313 033051.100 INFO             PET0  PASS  Array Spec Set Test, ESMF_ArrayIOUTest.F90, line 145
20220313 033051.102 INFO             PET0  PASS  Array with Halo Create Test, ESMF_ArrayIOUTest.F90, line 160
20220313 033051.102 INFO             PET0  PASS  Array without Halo Create Test, ESMF_ArrayIOUTest.F90, line 170
20220313 033051.102 INFO             PET0  PASS  Accessing Fortran pointers for Arrays Test, ESMF_ArrayIOUTest.F90, line 225
20220313 033051.110 INFO             PET0 PIOc_sync Enter - MemInfo: [/proc/meminfo - SSI]	MemTotal:       196434604 kB
20220313 033051.110 INFO             PET0 PIOc_sync Enter - MemInfo: [/proc/meminfo - SSI]	MemFree:        184355828 kB
20220313 033051.110 INFO             PET0 PIOc_sync Enter - MemInfo: [/proc/meminfo - SSI]	MemAvailable:   191820332 kB
20220313 033051.110 INFO             PET0 PIOc_sync Enter - MemInfo: [/proc/meminfo - SSI]	Committed_AS:     791340 kB
20220313 033051.110 INFO             PET0 PIOc_sync Enter - MemInfo: [/proc/meminfo - SSI]	CommittedPercent: 0.402852 %
20220313 033051.110 INFO             PET0 PIOc_sync Enter - MemInfo: [/proc/self/status]	VmPeak:	  686412 kB
20220313 033051.110 INFO             PET0 PIOc_sync Enter - MemInfo: [/proc/self/status]	VmSize:	  686412 kB
20220313 033051.110 INFO             PET0 PIOc_sync Enter - MemInfo: [/proc/self/status]	VmLck:	       0 kB
20220313 033051.110 INFO             PET0 PIOc_sync Enter - MemInfo: [/proc/self/status]	VmPin:	       0 kB
20220313 033051.110 INFO             PET0 PIOc_sync Enter - MemInfo: [/proc/self/status]	VmHWM:	   71740 kB
20220313 033051.110 INFO             PET0 PIOc_sync Enter - MemInfo: [/proc/self/status]	VmRSS:	   38596 kB
20220313 033051.110 INFO             PET0 PIOc_sync Enter - MemInfo: [/proc/self/status]	VmData:	  195276 kB
20220313 033051.110 INFO             PET0 PIOc_sync Enter - MemInfo: [/proc/self/status]	VmStk:	     144 kB
20220313 033051.110 INFO             PET0 PIOc_sync Enter - MemInfo: [/proc/self/status]	VmExe:	     476 kB
20220313 033051.110 INFO             PET0 PIOc_sync Enter - MemInfo: [/proc/self/status]	VmLib:	   83112 kB
20220313 033051.110 INFO             PET0 PIOc_sync Enter - MemInfo: [/proc/self/status]	VmPTE:	     972 kB
20220313 033051.110 INFO             PET0 PIOc_sync Enter - MemInfo: [/proc/self/status]	VmSwap:	       0 kB
20220313 033051.110 INFO             PET0 PIOc_sync Enter - MemInfo: [/proc/self/status]	VmRSSPercent: 0.0196483 %
20220313 033051.110 INFO             PET0 PIOc_sync Enter - MemInfo: [malloc] Non-mmapped space allocated:                 3133440 Byte
20220313 033051.110 INFO             PET0 PIOc_sync Enter - MemInfo: [malloc] Space allocated in mmapped regions:         10502144 Byte
20220313 033051.110 INFO             PET0 PIOc_sync Enter - MemInfo: [malloc] Maximum total allocated space:                     0 Byte
20220313 033051.110 INFO             PET0 PIOc_sync Enter - MemInfo: [malloc] Space in freed fastbin blocks:                  1664 Byte
20220313 033051.110 INFO             PET0 PIOc_sync Enter - MemInfo: [malloc] Total allocated space:                       2778464 Byte
20220313 033051.110 INFO             PET0 PIOc_sync Enter - MemInfo: [malloc] Total free space:                             354976 Byte
20220313 033051.110 INFO             PET0 PIOc_sync Enter - MemInfo: [malloc] Top-most, releasable space:                   132896 Byte
20220313 033051.110 INFO             PET0 PIOc_sync Enter - MemInfo: [malloc] Total space in use, mmap + non-mmap:        13280608 Byte
20220313 033051.110 INFO             PET0 PIOc_sync Enter - MemInfo: [malloc] Total space held (mmap + non-mmap):         13635584 Byte
20220313 033051.110 INFO             PET0 PIOc_sync Enter - MemInfo: [malloc] Total space used (mmap + non-mmap):         13289952 Byte
20220313 033051.110 INFO             PET0 PIOc_sync Enter - MemInfo: Wall-clock time since execution start:              0.0157797 seconds
20220313 033051.110 INFO             PET0 PIOc_sync Exit - MemInfo: [/proc/meminfo - SSI]	MemTotal:       196434604 kB
20220313 033051.110 INFO             PET0 PIOc_sync Exit - MemInfo: [/proc/meminfo - SSI]	MemFree:        184355828 kB
20220313 033051.110 INFO             PET0 PIOc_sync Exit - MemInfo: [/proc/meminfo - SSI]	MemAvailable:   191820332 kB
20220313 033051.110 INFO             PET0 PIOc_sync Exit - MemInfo: [/proc/meminfo - SSI]	Committed_AS:     791340 kB
20220313 033051.110 INFO             PET0 PIOc_sync Exit - MemInfo: [/proc/meminfo - SSI]	CommittedPercent: 0.402852 %
20220313 033051.110 INFO             PET0 PIOc_sync Exit - MemInfo: [/proc/self/status]	VmPeak:	  686412 kB
20220313 033051.110 INFO             PET0 PIOc_sync Exit - MemInfo: [/proc/self/status]	VmSize:	  686412 kB
20220313 033051.111 INFO             PET0 PIOc_sync Exit - MemInfo: [/proc/self/status]	VmLck:	       0 kB
20220313 033051.111 INFO             PET0 PIOc_sync Exit - MemInfo: [/proc/self/status]	VmPin:	       0 kB
20220313 033051.111 INFO             PET0 PIOc_sync Exit - MemInfo: [/proc/self/status]	VmHWM:	   71740 kB
20220313 033051.111 INFO             PET0 PIOc_sync Exit - MemInfo: [/proc/self/status]	VmRSS:	   38728 kB
20220313 033051.111 INFO             PET0 PIOc_sync Exit - MemInfo: [/proc/self/status]	VmData:	  195276 kB
20220313 033051.111 INFO             PET0 PIOc_sync Exit - MemInfo: [/proc/self/status]	VmStk:	     144 kB
20220313 033051.111 INFO             PET0 PIOc_sync Exit - MemInfo: [/proc/self/status]	VmExe:	     476 kB
20220313 033051.111 INFO             PET0 PIOc_sync Exit - MemInfo: [/proc/self/status]	VmLib:	   83112 kB
20220313 033051.111 INFO             PET0 PIOc_sync Exit - MemInfo: [/proc/self/status]	VmPTE:	     972 kB
20220313 033051.111 INFO             PET0 PIOc_sync Exit - MemInfo: [/proc/self/status]	VmSwap:	       0 kB
20220313 033051.111 INFO             PET0 PIOc_sync Exit - MemInfo: [/proc/self/status]	VmRSSPercent: 0.0197155 %
20220313 033051.111 INFO             PET0 PIOc_sync Exit - MemInfo: [malloc] Non-mmapped space allocated:                 3133440 Byte
20220313 033051.111 INFO             PET0 PIOc_sync Exit - MemInfo: [malloc] Space allocated in mmapped regions:         10502144 Byte
20220313 033051.111 INFO             PET0 PIOc_sync Exit - MemInfo: [malloc] Maximum total allocated space:                     0 Byte
20220313 033051.111 INFO             PET0 PIOc_sync Exit - MemInfo: [malloc] Space in freed fastbin blocks:                  1904 Byte
20220313 033051.111 INFO             PET0 PIOc_sync Exit - MemInfo: [malloc] Total allocated space:                       2796192 Byte
20220313 033051.111 INFO             PET0 PIOc_sync Exit - MemInfo: [malloc] Total free space:                             337248 Byte
20220313 033051.111 INFO             PET0 PIOc_sync Exit - MemInfo: [malloc] Top-most, releasable space:                   124128 Byte
20220313 033051.111 INFO             PET0 PIOc_sync Exit - MemInfo: [malloc] Total space in use, mmap + non-mmap:        13298336 Byte
20220313 033051.111 INFO             PET0 PIOc_sync Exit - MemInfo: [malloc] Total space held (mmap + non-mmap):         13635584 Byte
20220313 033051.111 INFO             PET0 PIOc_sync Exit - MemInfo: [malloc] Total space used (mmap + non-mmap):         13307680 Byte
20220313 033051.111 INFO             PET0 PIOc_sync Exit - MemInfo: Wall-clock time since execution start:              0.0165239 seconds
20220313 033051.111 INFO             PET0 PIOc_freedecomp Enter - MemInfo: [/proc/meminfo - SSI]	MemTotal:       196434604 kB
20220313 033051.111 INFO             PET0 PIOc_freedecomp Enter - MemInfo: [/proc/meminfo - SSI]	MemFree:        184362600 kB
20220313 033051.111 INFO             PET0 PIOc_freedecomp Enter - MemInfo: [/proc/meminfo - SSI]	MemAvailable:   191827104 kB
20220313 033051.111 INFO             PET0 PIOc_freedecomp Enter - MemInfo: [/proc/meminfo - SSI]	Committed_AS:     783312 kB
20220313 033051.111 INFO             PET0 PIOc_freedecomp Enter - MemInfo: [/proc/meminfo - SSI]	CommittedPercent: 0.398765 %
20220313 033051.111 INFO             PET0 PIOc_freedecomp Enter - MemInfo: [/proc/self/status]	VmPeak:	  686412 kB
20220313 033051.111 INFO             PET0 PIOc_freedecomp Enter - MemInfo: [/proc/self/status]	VmSize:	  677700 kB
20220313 033051.111 INFO             PET0 PIOc_freedecomp Enter - MemInfo: [/proc/self/status]	VmLck:	       0 kB
20220313 033051.111 INFO             PET0 PIOc_freedecomp Enter - MemInfo: [/proc/self/status]	VmPin:	       0 kB
20220313 033051.111 INFO             PET0 PIOc_freedecomp Enter - MemInfo: [/proc/self/status]	VmHWM:	   71740 kB
20220313 033051.111 INFO             PET0 PIOc_freedecomp Enter - MemInfo: [/proc/self/status]	VmRSS:	   30536 kB
20220313 033051.111 INFO             PET0 PIOc_freedecomp Enter - MemInfo: [/proc/self/status]	VmData:	  186564 kB
20220313 033051.111 INFO             PET0 PIOc_freedecomp Enter - MemInfo: [/proc/self/status]	VmStk:	     144 kB
20220313 033051.111 INFO             PET0 PIOc_freedecomp Enter - MemInfo: [/proc/self/status]	VmExe:	     476 kB
20220313 033051.111 INFO             PET0 PIOc_freedecomp Enter - MemInfo: [/proc/self/status]	VmLib:	   83112 kB
20220313 033051.112 INFO             PET0 PIOc_freedecomp Enter - MemInfo: [/proc/self/status]	VmPTE:	     956 kB
20220313 033051.112 INFO             PET0 PIOc_freedecomp Enter - MemInfo: [/proc/self/status]	VmSwap:	       0 kB
20220313 033051.112 INFO             PET0 PIOc_freedecomp Enter - MemInfo: [/proc/self/status]	VmRSSPercent: 0.0155451 %
20220313 033051.112 INFO             PET0 PIOc_freedecomp Enter - MemInfo: [malloc] Non-mmapped space allocated:                 3133440 Byte
20220313 033051.112 INFO             PET0 PIOc_freedecomp Enter - MemInfo: [malloc] Space allocated in mmapped regions:          1581056 Byte
20220313 033051.112 INFO             PET0 PIOc_freedecomp Enter - MemInfo: [malloc] Maximum total allocated space:                     0 Byte
20220313 033051.112 INFO             PET0 PIOc_freedecomp Enter - MemInfo: [malloc] Space in freed fastbin blocks:                  3264 Byte
20220313 033051.112 INFO             PET0 PIOc_freedecomp Enter - MemInfo: [malloc] Total allocated space:                       2782800 Byte
20220313 033051.112 INFO             PET0 PIOc_freedecomp Enter - MemInfo: [malloc] Total free space:                             350640 Byte
20220313 033051.112 INFO             PET0 PIOc_freedecomp Enter - MemInfo: [malloc] Top-most, releasable space:                   124128 Byte
20220313 033051.112 INFO             PET0 PIOc_freedecomp Enter - MemInfo: [malloc] Total space in use, mmap + non-mmap:         4363856 Byte
20220313 033051.112 INFO             PET0 PIOc_freedecomp Enter - MemInfo: [malloc] Total space held (mmap + non-mmap):          4714496 Byte
20220313 033051.112 INFO             PET0 PIOc_freedecomp Enter - MemInfo: [malloc] Total space used (mmap + non-mmap):          4373200 Byte
20220313 033051.112 INFO             PET0 PIOc_freedecomp Enter - MemInfo: Wall-clock time since execution start:              0.0174768 seconds
20220313 033051.112 INFO             PET0 PIOc_freedecomp Exit - MemInfo: [/proc/meminfo - SSI]	MemTotal:       196434604 kB
20220313 033051.112 INFO             PET0 PIOc_freedecomp Exit - MemInfo: [/proc/meminfo - SSI]	MemFree:        184362600 kB
20220313 033051.112 INFO             PET0 PIOc_freedecomp Exit - MemInfo: [/proc/meminfo - SSI]	MemAvailable:   191827104 kB
20220313 033051.112 INFO             PET0 PIOc_freedecomp Exit - MemInfo: [/proc/meminfo - SSI]	Committed_AS:     783312 kB
20220313 033051.112 INFO             PET0 PIOc_freedecomp Exit - MemInfo: [/proc/meminfo - SSI]	CommittedPercent: 0.398765 %
20220313 033051.112 INFO             PET0 PIOc_freedecomp Exit - MemInfo: [/proc/self/status]	VmPeak:	  686412 kB
20220313 033051.112 INFO             PET0 PIOc_freedecomp Exit - MemInfo: [/proc/self/status]	VmSize:	  677700 kB
20220313 033051.112 INFO             PET0 PIOc_freedecomp Exit - MemInfo: [/proc/self/status]	VmLck:	       0 kB
20220313 033051.112 INFO             PET0 PIOc_freedecomp Exit - MemInfo: [/proc/self/status]	VmPin:	       0 kB
20220313 033051.112 INFO             PET0 PIOc_freedecomp Exit - MemInfo: [/proc/self/status]	VmHWM:	   71740 kB
20220313 033051.112 INFO             PET0 PIOc_freedecomp Exit - MemInfo: [/proc/self/status]	VmRSS:	   30536 kB
20220313 033051.112 INFO             PET0 PIOc_freedecomp Exit - MemInfo: [/proc/self/status]	VmData:	  186564 kB
20220313 033051.112 INFO             PET0 PIOc_freedecomp Exit - MemInfo: [/proc/self/status]	VmStk:	     144 kB
20220313 033051.112 INFO             PET0 PIOc_freedecomp Exit - MemInfo: [/proc/self/status]	VmExe:	     476 kB
20220313 033051.112 INFO             PET0 PIOc_freedecomp Exit - MemInfo: [/proc/self/status]	VmLib:	   83112 kB
20220313 033051.112 INFO             PET0 PIOc_freedecomp Exit - MemInfo: [/proc/self/status]	VmPTE:	     956 kB
20220313 033051.112 INFO             PET0 PIOc_freedecomp Exit - MemInfo: [/proc/self/status]	VmSwap:	       0 kB
20220313 033051.112 INFO             PET0 PIOc_freedecomp Exit - MemInfo: [/proc/self/status]	VmRSSPercent: 0.0155451 %
20220313 033051.112 INFO             PET0 PIOc_freedecomp Exit - MemInfo: [malloc] Non-mmapped space allocated:                 3133440 Byte
20220313 033051.112 INFO             PET0 PIOc_freedecomp Exit - MemInfo: [malloc] Space allocated in mmapped regions:          1581056 Byte
20220313 033051.112 INFO             PET0 PIOc_freedecomp Exit - MemInfo: [malloc] Maximum total allocated space:                     0 Byte
20220313 033051.112 INFO             PET0 PIOc_freedecomp Exit - MemInfo: [malloc] Space in freed fastbin blocks:                  2960 Byte
20220313 033051.112 INFO             PET0 PIOc_freedecomp Exit - MemInfo: [malloc] Total allocated space:                       2746960 Byte
20220313 033051.112 INFO             PET0 PIOc_freedecomp Exit - MemInfo: [malloc] Total free space:                             386480 Byte
20220313 033051.112 INFO             PET0 PIOc_freedecomp Exit - MemInfo: [malloc] Top-most, releasable space:                   124128 Byte
20220313 033051.112 INFO             PET0 PIOc_freedecomp Exit - MemInfo: [malloc] Total space in use, mmap + non-mmap:         4328016 Byte
20220313 033051.112 INFO             PET0 PIOc_freedecomp Exit - MemInfo: [malloc] Total space held (mmap + non-mmap):          4714496 Byte
20220313 033051.112 INFO             PET0 PIOc_freedecomp Exit - MemInfo: [malloc] Total space used (mmap + non-mmap):          4337360 Byte
20220313 033051.112 INFO             PET0 PIOc_freedecomp Exit - MemInfo: Wall-clock time since execution start:              0.0179306 seconds
20220313 033051.112 INFO             PET0  PASS  Write ESMF_Array with Halo to NetCDF Test, ESMF_ArrayIOUTest.F90, line 236
20220313 033051.113 WARNING          PET0 ESMCI_PIO_Handler.C:1319 ESMCI::PIO_Handler::open()  Unable to create file: file3D_withhalo.nc, (PIO/NetCDF error = NetCDF: File exists && NC_NOCLOBBER)
20220313 033051.113 ERROR            PET0 ESMCI_PIO_Handler.C:779 ESMCI::PIO_Handler::arrayWrite() Unable to read from file  - file not open
20220313 033051.113 ERROR            PET0 ESMCI_IO.C:736 ESMCI::IO::write() Unable to read from file  - Internal subroutine call returned Error
20220313 033051.113 ERROR            PET0 ESMCI_IO.C:956 ESMCI::IO::close() Unable to close file  - Internal subroutine call returned Error
20220313 033051.113 ERROR            PET0 ESMCI_IO.C:494 ESMCI::IO::write() Unable to read from file  - Internal subroutine call returned Error
20220313 033051.113 ERROR            PET0 ESMCI_Array.C:4093 ESMCI::Array::write() Unable to write to file  - Internal subroutine call returned Error
20220313 033051.113 ERROR            PET0 ESMCI_Array_F.C:801 c_esmc_arraywrite() Unable to write to file  - Internal subroutine call returned Error
20220313 033051.113 ERROR            PET0 ESMF_Array.F90:3994 ESMF_ArrayWrite Unable to write to file  - Internal subroutine call returned Error
20220313 033051.113 INFO             PET0  PASS  Write ESMF_Array with Halo Test overwrite test, ESMF_ArrayIOUTest.F90, line 250
20220313 033051.113 ERROR            PET0 ESMCI_IO_Handler.C:164 ESMCI::IO_Handler::create() Unknown I/O Format
20220313 033051.113 ERROR            PET0 ESMCI_IO.C:469 ESMCI::IO::write() Invalid argument  - Internal subroutine call returned Error
20220313 033051.113 ERROR            PET0 ESMCI_Array.C:4093 ESMCI::Array::write() Invalid argument  - Internal subroutine call returned Error
20220313 033051.113 ERROR            PET0 ESMCI_Array_F.C:801 c_esmc_arraywrite() Invalid argument  - Internal subroutine call returned Error
20220313 033051.113 ERROR            PET0 ESMF_Array.F90:3994 ESMF_ArrayWrite Invalid argument  - Internal subroutine call returned Error
20220313 033051.113 INFO             PET0  PASS  Write ESMF_Array with Halo to binary Test, ESMF_ArrayIOUTest.F90, line 264
20220313 033051.117 INFO             PET0 PIOc_sync Enter - MemInfo: [/proc/meminfo - SSI]	MemTotal:       196434604 kB
20220313 033051.117 INFO             PET0 PIOc_sync Enter - MemInfo: [/proc/meminfo - SSI]	MemFree:        184355456 kB
20220313 033051.117 INFO             PET0 PIOc_sync Enter - MemInfo: [/proc/meminfo - SSI]	MemAvailable:   191819960 kB
20220313 033051.117 INFO             PET0 PIOc_sync Enter - MemInfo: [/proc/meminfo - SSI]	Committed_AS:     791500 kB
20220313 033051.117 INFO             PET0 PIOc_sync Enter - MemInfo: [/proc/meminfo - SSI]	CommittedPercent: 0.402933 %
20220313 033051.117 INFO             PET0 PIOc_sync Enter - MemInfo: [/proc/self/status]	VmPeak:	  686412 kB
20220313 033051.117 INFO             PET0 PIOc_sync Enter - MemInfo: [/proc/self/status]	VmSize:	  686404 kB
20220313 033051.117 INFO             PET0 PIOc_sync Enter - MemInfo: [/proc/self/status]	VmLck:	       0 kB
20220313 033051.117 INFO             PET0 PIOc_sync Enter - MemInfo: [/proc/self/status]	VmPin:	       0 kB
20220313 033051.117 INFO             PET0 PIOc_sync Enter - MemInfo: [/proc/self/status]	VmHWM:	   71740 kB
20220313 033051.117 INFO             PET0 PIOc_sync Enter - MemInfo: [/proc/self/status]	VmRSS:	   39300 kB
20220313 033051.117 INFO             PET0 PIOc_sync Enter - MemInfo: [/proc/self/status]	VmData:	  195268 kB
20220313 033051.117 INFO             PET0 PIOc_sync Enter - MemInfo: [/proc/self/status]	VmStk:	     144 kB
20220313 033051.117 INFO             PET0 PIOc_sync Enter - MemInfo: [/proc/self/status]	VmExe:	     476 kB
20220313 033051.117 INFO             PET0 PIOc_sync Enter - MemInfo: [/proc/self/status]	VmLib:	   83112 kB
20220313 033051.117 INFO             PET0 PIOc_sync Enter - MemInfo: [/proc/self/status]	VmPTE:	     972 kB
20220313 033051.117 INFO             PET0 PIOc_sync Enter - MemInfo: [/proc/self/status]	VmSwap:	       0 kB
20220313 033051.117 INFO             PET0 PIOc_sync Enter - MemInfo: [/proc/self/status]	VmRSSPercent: 0.0200067 %
20220313 033051.117 INFO             PET0 PIOc_sync Enter - MemInfo: [malloc] Non-mmapped space allocated:                12046336 Byte
20220313 033051.117 INFO             PET0 PIOc_sync Enter - MemInfo: [malloc] Space allocated in mmapped regions:          1581056 Byte
20220313 033051.117 INFO             PET0 PIOc_sync Enter - MemInfo: [malloc] Maximum total allocated space:                     0 Byte
20220313 033051.117 INFO             PET0 PIOc_sync Enter - MemInfo: [malloc] Space in freed fastbin blocks:                  1712 Byte
20220313 033051.117 INFO             PET0 PIOc_sync Enter - MemInfo: [malloc] Total allocated space:                      11680416 Byte
20220313 033051.117 INFO             PET0 PIOc_sync Enter - MemInfo: [malloc] Total free space:                             365920 Byte
20220313 033051.117 INFO             PET0 PIOc_sync Enter - MemInfo: [malloc] Top-most, releasable space:                   133568 Byte
20220313 033051.117 INFO             PET0 PIOc_sync Enter - MemInfo: [malloc] Total space in use, mmap + non-mmap:        13261472 Byte
20220313 033051.117 INFO             PET0 PIOc_sync Enter - MemInfo: [malloc] Total space held (mmap + non-mmap):         13627392 Byte
20220313 033051.117 INFO             PET0 PIOc_sync Enter - MemInfo: [malloc] Total space used (mmap + non-mmap):         13270816 Byte
20220313 033051.117 INFO             PET0 PIOc_sync Enter - MemInfo: Wall-clock time since execution start:              0.0231503 seconds
20220313 033051.118 INFO             PET0 PIOc_sync Exit - MemInfo: [/proc/meminfo - SSI]	MemTotal:       196434604 kB
20220313 033051.118 INFO             PET0 PIOc_sync Exit - MemInfo: [/proc/meminfo - SSI]	MemFree:        184355456 kB
20220313 033051.118 INFO             PET0 PIOc_sync Exit - MemInfo: [/proc/meminfo - SSI]	MemAvailable:   191819960 kB
20220313 033051.118 INFO             PET0 PIOc_sync Exit - MemInfo: [/proc/meminfo - SSI]	Committed_AS:     791500 kB
20220313 033051.118 INFO             PET0 PIOc_sync Exit - MemInfo: [/proc/meminfo - SSI]	CommittedPercent: 0.402933 %
20220313 033051.118 INFO             PET0 PIOc_sync Exit - MemInfo: [/proc/self/status]	VmPeak:	  686412 kB
20220313 033051.118 INFO             PET0 PIOc_sync Exit - MemInfo: [/proc/self/status]	VmSize:	  686404 kB
20220313 033051.118 INFO             PET0 PIOc_sync Exit - MemInfo: [/proc/self/status]	VmLck:	       0 kB
20220313 033051.118 INFO             PET0 PIOc_sync Exit - MemInfo: [/proc/self/status]	VmPin:	       0 kB
20220313 033051.118 INFO             PET0 PIOc_sync Exit - MemInfo: [/proc/self/status]	VmHWM:	   71740 kB
20220313 033051.118 INFO             PET0 PIOc_sync Exit - MemInfo: [/proc/self/status]	VmRSS:	   39304 kB
20220313 033051.118 INFO             PET0 PIOc_sync Exit - MemInfo: [/proc/self/status]	VmData:	  195268 kB
20220313 033051.118 INFO             PET0 PIOc_sync Exit - MemInfo: [/proc/self/status]	VmStk:	     144 kB
20220313 033051.118 INFO             PET0 PIOc_sync Exit - MemInfo: [/proc/self/status]	VmExe:	     476 kB
20220313 033051.118 INFO             PET0 PIOc_sync Exit - MemInfo: [/proc/self/status]	VmLib:	   83112 kB
20220313 033051.118 INFO             PET0 PIOc_sync Exit - MemInfo: [/proc/self/status]	VmPTE:	     972 kB
20220313 033051.118 INFO             PET0 PIOc_sync Exit - MemInfo: [/proc/self/status]	VmSwap:	       0 kB
20220313 033051.118 INFO             PET0 PIOc_sync Exit - MemInfo: [/proc/self/status]	VmRSSPercent: 0.0200087 %
20220313 033051.118 INFO             PET0 PIOc_sync Exit - MemInfo: [malloc] Non-mmapped space allocated:                12046336 Byte
20220313 033051.118 INFO             PET0 PIOc_sync Exit - MemInfo: [malloc] Space allocated in mmapped regions:          1581056 Byte
20220313 033051.118 INFO             PET0 PIOc_sync Exit - MemInfo: [malloc] Maximum total allocated space:                     0 Byte
20220313 033051.118 INFO             PET0 PIOc_sync Exit - MemInfo: [malloc] Space in freed fastbin blocks:                  2304 Byte
20220313 033051.118 INFO             PET0 PIOc_sync Exit - MemInfo: [malloc] Total allocated space:                      11699712 Byte
20220313 033051.118 INFO             PET0 PIOc_sync Exit - MemInfo: [malloc] Total free space:                             346624 Byte
20220313 033051.118 INFO             PET0 PIOc_sync Exit - MemInfo: [malloc] Top-most, releasable space:                   133568 Byte
20220313 033051.118 INFO             PET0 PIOc_sync Exit - MemInfo: [malloc] Total space in use, mmap + non-mmap:        13280768 Byte
20220313 033051.118 INFO             PET0 PIOc_sync Exit - MemInfo: [malloc] Total space held (mmap + non-mmap):         13627392 Byte
20220313 033051.118 INFO             PET0 PIOc_sync Exit - MemInfo: [malloc] Total space used (mmap + non-mmap):         13290112 Byte
20220313 033051.118 INFO             PET0 PIOc_sync Exit - MemInfo: Wall-clock time since execution start:              0.0236882 seconds
20220313 033051.118 INFO             PET0 PIOc_freedecomp Enter - MemInfo: [/proc/meminfo - SSI]	MemTotal:       196434604 kB
20220313 033051.118 INFO             PET0 PIOc_freedecomp Enter - MemInfo: [/proc/meminfo - SSI]	MemFree:        184355456 kB
20220313 033051.118 INFO             PET0 PIOc_freedecomp Enter - MemInfo: [/proc/meminfo - SSI]	MemAvailable:   191819960 kB
20220313 033051.118 INFO             PET0 PIOc_freedecomp Enter - MemInfo: [/proc/meminfo - SSI]	Committed_AS:     791500 kB
20220313 033051.118 INFO             PET0 PIOc_freedecomp Enter - MemInfo: [/proc/meminfo - SSI]	CommittedPercent: 0.402933 %
20220313 033051.118 INFO             PET0 PIOc_freedecomp Enter - MemInfo: [/proc/self/status]	VmPeak:	  686412 kB
20220313 033051.118 INFO             PET0 PIOc_freedecomp Enter - MemInfo: [/proc/self/status]	VmSize:	  686404 kB
20220313 033051.118 INFO             PET0 PIOc_freedecomp Enter - MemInfo: [/proc/self/status]	VmLck:	       0 kB
20220313 033051.118 INFO             PET0 PIOc_freedecomp Enter - MemInfo: [/proc/self/status]	VmPin:	       0 kB
20220313 033051.118 INFO             PET0 PIOc_freedecomp Enter - MemInfo: [/proc/self/status]	VmHWM:	   71740 kB
20220313 033051.118 INFO             PET0 PIOc_freedecomp Enter - MemInfo: [/proc/self/status]	VmRSS:	   39312 kB
20220313 033051.118 INFO             PET0 PIOc_freedecomp Enter - MemInfo: [/proc/self/status]	VmData:	  195268 kB
20220313 033051.118 INFO             PET0 PIOc_freedecomp Enter - MemInfo: [/proc/self/status]	VmStk:	     144 kB
20220313 033051.118 INFO             PET0 PIOc_freedecomp Enter - MemInfo: [/proc/self/status]	VmExe:	     476 kB
20220313 033051.118 INFO             PET0 PIOc_freedecomp Enter - MemInfo: [/proc/self/status]	VmLib:	   83112 kB
20220313 033051.118 INFO             PET0 PIOc_freedecomp Enter - MemInfo: [/proc/self/status]	VmPTE:	     972 kB
20220313 033051.118 INFO             PET0 PIOc_freedecomp Enter - MemInfo: [/proc/self/status]	VmSwap:	       0 kB
20220313 033051.118 INFO             PET0 PIOc_freedecomp Enter - MemInfo: [/proc/self/status]	VmRSSPercent: 0.0200128 %
20220313 033051.118 INFO             PET0 PIOc_freedecomp Enter - MemInfo: [malloc] Non-mmapped space allocated:                12046336 Byte
20220313 033051.118 INFO             PET0 PIOc_freedecomp Enter - MemInfo: [malloc] Space allocated in mmapped regions:          1581056 Byte
20220313 033051.118 INFO             PET0 PIOc_freedecomp Enter - MemInfo: [malloc] Maximum total allocated space:                     0 Byte
20220313 033051.118 INFO             PET0 PIOc_freedecomp Enter - MemInfo: [malloc] Space in freed fastbin blocks:                  1648 Byte
20220313 033051.118 INFO             PET0 PIOc_freedecomp Enter - MemInfo: [malloc] Total allocated space:                       2773360 Byte
20220313 033051.118 INFO             PET0 PIOc_freedecomp Enter - MemInfo: [malloc] Total free space:                            9272976 Byte
20220313 033051.118 INFO             PET0 PIOc_freedecomp Enter - MemInfo: [malloc] Top-most, releasable space:                  9046496 Byte
20220313 033051.118 INFO             PET0 PIOc_freedecomp Enter - MemInfo: [malloc] Total space in use, mmap + non-mmap:         4354416 Byte
20220313 033051.118 INFO             PET0 PIOc_freedecomp Enter - MemInfo: [malloc] Total space held (mmap + non-mmap):         13627392 Byte
20220313 033051.118 INFO             PET0 PIOc_freedecomp Enter - MemInfo: [malloc] Total space used (mmap + non-mmap):          4363760 Byte
20220313 033051.118 INFO             PET0 PIOc_freedecomp Enter - MemInfo: Wall-clock time since execution start:              0.0243257 seconds
20220313 033051.119 INFO             PET0 PIOc_freedecomp Exit - MemInfo: [/proc/meminfo - SSI]	MemTotal:       196434604 kB
20220313 033051.119 INFO             PET0 PIOc_freedecomp Exit - MemInfo: [/proc/meminfo - SSI]	MemFree:        184355456 kB
20220313 033051.119 INFO             PET0 PIOc_freedecomp Exit - MemInfo: [/proc/meminfo - SSI]	MemAvailable:   191819960 kB
20220313 033051.119 INFO             PET0 PIOc_freedecomp Exit - MemInfo: [/proc/meminfo - SSI]	Committed_AS:     791500 kB
20220313 033051.119 INFO             PET0 PIOc_freedecomp Exit - MemInfo: [/proc/meminfo - SSI]	CommittedPercent: 0.402933 %
20220313 033051.119 INFO             PET0 PIOc_freedecomp Exit - MemInfo: [/proc/self/status]	VmPeak:	  686412 kB
20220313 033051.119 INFO             PET0 PIOc_freedecomp Exit - MemInfo: [/proc/self/status]	VmSize:	  686404 kB
20220313 033051.119 INFO             PET0 PIOc_freedecomp Exit - MemInfo: [/proc/self/status]	VmLck:	       0 kB
20220313 033051.119 INFO             PET0 PIOc_freedecomp Exit - MemInfo: [/proc/self/status]	VmPin:	       0 kB
20220313 033051.119 INFO             PET0 PIOc_freedecomp Exit - MemInfo: [/proc/self/status]	VmHWM:	   71740 kB
20220313 033051.119 INFO             PET0 PIOc_freedecomp Exit - MemInfo: [/proc/self/status]	VmRSS:	   39312 kB
20220313 033051.119 INFO             PET0 PIOc_freedecomp Exit - MemInfo: [/proc/self/status]	VmData:	  195268 kB
20220313 033051.119 INFO             PET0 PIOc_freedecomp Exit - MemInfo: [/proc/self/status]	VmStk:	     144 kB
20220313 033051.119 INFO             PET0 PIOc_freedecomp Exit - MemInfo: [/proc/self/status]	VmExe:	     476 kB
20220313 033051.119 INFO             PET0 PIOc_freedecomp Exit - MemInfo: [/proc/self/status]	VmLib:	   83112 kB
20220313 033051.119 INFO             PET0 PIOc_freedecomp Exit - MemInfo: [/proc/self/status]	VmPTE:	     972 kB
20220313 033051.119 INFO             PET0 PIOc_freedecomp Exit - MemInfo: [/proc/self/status]	VmSwap:	       0 kB
20220313 033051.119 INFO             PET0 PIOc_freedecomp Exit - MemInfo: [/proc/self/status]	VmRSSPercent: 0.0200128 %
20220313 033051.119 INFO             PET0 PIOc_freedecomp Exit - MemInfo: [malloc] Non-mmapped space allocated:                12046336 Byte
20220313 033051.119 INFO             PET0 PIOc_freedecomp Exit - MemInfo: [malloc] Space allocated in mmapped regions:          1581056 Byte
20220313 033051.119 INFO             PET0 PIOc_freedecomp Exit - MemInfo: [malloc] Maximum total allocated space:                     0 Byte
20220313 033051.119 INFO             PET0 PIOc_freedecomp Exit - MemInfo: [malloc] Space in freed fastbin blocks:                  2960 Byte
20220313 033051.119 INFO             PET0 PIOc_freedecomp Exit - MemInfo: [malloc] Total allocated space:                       2751184 Byte
20220313 033051.119 INFO             PET0 PIOc_freedecomp Exit - MemInfo: [malloc] Total free space:                            9295152 Byte
20220313 033051.119 INFO             PET0 PIOc_freedecomp Exit - MemInfo: [malloc] Top-most, releasable space:                  9046496 Byte
20220313 033051.119 INFO             PET0 PIOc_freedecomp Exit - MemInfo: [malloc] Total space in use, mmap + non-mmap:         4332240 Byte
20220313 033051.119 INFO             PET0 PIOc_freedecomp Exit - MemInfo: [malloc] Total space held (mmap + non-mmap):         13627392 Byte
20220313 033051.119 INFO             PET0 PIOc_freedecomp Exit - MemInfo: [malloc] Total space used (mmap + non-mmap):          4341584 Byte
20220313 033051.119 INFO             PET0 PIOc_freedecomp Exit - MemInfo: Wall-clock time since execution start:              0.0247598 seconds
20220313 033051.119 INFO             PET0  PASS  Write ESMF_Array without Halo to NetCDF Test, ESMF_ArrayIOUTest.F90, line 274
20220313 033051.119 INFO             PET0  PASS  Create Array without Halo for PIO Read, ESMF_ArrayIOUTest.F90, line 288
20220313 033051.120 INFO             PET0  PASS  Create Array with Halo for PIO Read, ESMF_ArrayIOUTest.F90, line 299
20220313 033051.121 INFO             PET0  PASS  Create Array with Halo for PIO Read, ESMF_ArrayIOUTest.F90, line 309
20220313 033051.122 WARNING          PET0 ESMCI_PIO_Handler.C:1344 ESMCI::PIO_Handler::open()  Unable to set fill on file: file3D_wouthalo.nc, (PIO/NetCDF error = NetCDF: Write to read only)
20220313 033051.123 INFO             PET0 PIOc_sync Enter - MemInfo: [/proc/meminfo - SSI]	MemTotal:       196434604 kB
20220313 033051.123 INFO             PET0 PIOc_sync Enter - MemInfo: [/proc/meminfo - SSI]	MemFree:        184355456 kB
20220313 033051.123 INFO             PET0 PIOc_sync Enter - MemInfo: [/proc/meminfo - SSI]	MemAvailable:   191819960 kB
20220313 033051.123 INFO             PET0 PIOc_sync Enter - MemInfo: [/proc/meminfo - SSI]	Committed_AS:     791500 kB
20220313 033051.123 INFO             PET0 PIOc_sync Enter - MemInfo: [/proc/meminfo - SSI]	CommittedPercent: 0.402933 %
20220313 033051.123 INFO             PET0 PIOc_sync Enter - MemInfo: [/proc/self/status]	VmPeak:	  686412 kB
20220313 033051.123 INFO             PET0 PIOc_sync Enter - MemInfo: [/proc/self/status]	VmSize:	  686404 kB
20220313 033051.123 INFO             PET0 PIOc_sync Enter - MemInfo: [/proc/self/status]	VmLck:	       0 kB
20220313 033051.123 INFO             PET0 PIOc_sync Enter - MemInfo: [/proc/self/status]	VmPin:	       0 kB
20220313 033051.123 INFO             PET0 PIOc_sync Enter - MemInfo: [/proc/self/status]	VmHWM:	   71740 kB
20220313 033051.123 INFO             PET0 PIOc_sync Enter - MemInfo: [/proc/self/status]	VmRSS:	   39396 kB
20220313 033051.123 INFO             PET0 PIOc_sync Enter - MemInfo: [/proc/self/status]	VmData:	  195268 kB
20220313 033051.123 INFO             PET0 PIOc_sync Enter - MemInfo: [/proc/self/status]	VmStk:	     144 kB
20220313 033051.123 INFO             PET0 PIOc_sync Enter - MemInfo: [/proc/self/status]	VmExe:	     476 kB
20220313 033051.123 INFO             PET0 PIOc_sync Enter - MemInfo: [/proc/self/status]	VmLib:	   83112 kB
20220313 033051.123 INFO             PET0 PIOc_sync Enter - MemInfo: [/proc/self/status]	VmPTE:	     972 kB
20220313 033051.123 INFO             PET0 PIOc_sync Enter - MemInfo: [/proc/self/status]	VmSwap:	       0 kB
20220313 033051.123 INFO             PET0 PIOc_sync Enter - MemInfo: [/proc/self/status]	VmRSSPercent: 0.0200555 %
20220313 033051.123 INFO             PET0 PIOc_sync Enter - MemInfo: [malloc] Non-mmapped space allocated:                12046336 Byte
20220313 033051.123 INFO             PET0 PIOc_sync Enter - MemInfo: [malloc] Space allocated in mmapped regions:          1581056 Byte
20220313 033051.123 INFO             PET0 PIOc_sync Enter - MemInfo: [malloc] Maximum total allocated space:                     0 Byte
20220313 033051.123 INFO             PET0 PIOc_sync Enter - MemInfo: [malloc] Space in freed fastbin blocks:                  1552 Byte
20220313 033051.123 INFO             PET0 PIOc_sync Enter - MemInfo: [malloc] Total allocated space:                      11739936 Byte
20220313 033051.123 INFO             PET0 PIOc_sync Enter - MemInfo: [malloc] Total free space:                             306400 Byte
20220313 033051.123 INFO             PET0 PIOc_sync Enter - MemInfo: [malloc] Top-most, releasable space:                   105984 Byte
20220313 033051.123 INFO             PET0 PIOc_sync Enter - MemInfo: [malloc] Total space in use, mmap + non-mmap:        13320992 Byte
20220313 033051.123 INFO             PET0 PIOc_sync Enter - MemInfo: [malloc] Total space held (mmap + non-mmap):         13627392 Byte
20220313 033051.123 INFO             PET0 PIOc_sync Enter - MemInfo: [malloc] Total space used (mmap + non-mmap):         13330336 Byte
20220313 033051.123 INFO             PET0 PIOc_sync Enter - MemInfo: Wall-clock time since execution start:              0.0292388 seconds
20220313 033051.124 INFO             PET0 PIOc_sync Exit - MemInfo: [/proc/meminfo - SSI]	MemTotal:       196434604 kB
20220313 033051.124 INFO             PET0 PIOc_sync Exit - MemInfo: [/proc/meminfo - SSI]	MemFree:        184355456 kB
20220313 033051.124 INFO             PET0 PIOc_sync Exit - MemInfo: [/proc/meminfo - SSI]	MemAvailable:   191819960 kB
20220313 033051.124 INFO             PET0 PIOc_sync Exit - MemInfo: [/proc/meminfo - SSI]	Committed_AS:     791500 kB
20220313 033051.124 INFO             PET0 PIOc_sync Exit - MemInfo: [/proc/meminfo - SSI]	CommittedPercent: 0.402933 %
20220313 033051.124 INFO             PET0 PIOc_sync Exit - MemInfo: [/proc/self/status]	VmPeak:	  686412 kB
20220313 033051.124 INFO             PET0 PIOc_sync Exit - MemInfo: [/proc/self/status]	VmSize:	  686404 kB
20220313 033051.124 INFO             PET0 PIOc_sync Exit - MemInfo: [/proc/self/status]	VmLck:	       0 kB
20220313 033051.124 INFO             PET0 PIOc_sync Exit - MemInfo: [/proc/self/status]	VmPin:	       0 kB
20220313 033051.124 INFO             PET0 PIOc_sync Exit - MemInfo: [/proc/self/status]	VmHWM:	   71740 kB
20220313 033051.124 INFO             PET0 PIOc_sync Exit - MemInfo: [/proc/self/status]	VmRSS:	   39404 kB
20220313 033051.124 INFO             PET0 PIOc_sync Exit - MemInfo: [/proc/self/status]	VmData:	  195268 kB
20220313 033051.124 INFO             PET0 PIOc_sync Exit - MemInfo: [/proc/self/status]	VmStk:	     144 kB
20220313 033051.124 INFO             PET0 PIOc_sync Exit - MemInfo: [/proc/self/status]	VmExe:	     476 kB
20220313 033051.124 INFO             PET0 PIOc_sync Exit - MemInfo: [/proc/self/status]	VmLib:	   83112 kB
20220313 033051.124 INFO             PET0 PIOc_sync Exit - MemInfo: [/proc/self/status]	VmPTE:	     972 kB
20220313 033051.124 INFO             PET0 PIOc_sync Exit - MemInfo: [/proc/self/status]	VmSwap:	       0 kB
20220313 033051.124 INFO             PET0 PIOc_sync Exit - MemInfo: [/proc/self/status]	VmRSSPercent: 0.0200596 %
20220313 033051.124 INFO             PET0 PIOc_sync Exit - MemInfo: [malloc] Non-mmapped space allocated:                12046336 Byte
20220313 033051.124 INFO             PET0 PIOc_sync Exit - MemInfo: [malloc] Space allocated in mmapped regions:          1581056 Byte
20220313 033051.124 INFO             PET0 PIOc_sync Exit - MemInfo: [malloc] Maximum total allocated space:                     0 Byte
20220313 033051.124 INFO             PET0 PIOc_sync Exit - MemInfo: [malloc] Space in freed fastbin blocks:                  1552 Byte
20220313 033051.124 INFO             PET0 PIOc_sync Exit - MemInfo: [malloc] Total allocated space:                      11739936 Byte
20220313 033051.124 INFO             PET0 PIOc_sync Exit - MemInfo: [malloc] Total free space:                             306400 Byte
20220313 033051.124 INFO             PET0 PIOc_sync Exit - MemInfo: [malloc] Top-most, releasable space:                   105984 Byte
20220313 033051.124 INFO             PET0 PIOc_sync Exit - MemInfo: [malloc] Total space in use, mmap + non-mmap:        13320992 Byte
20220313 033051.124 INFO             PET0 PIOc_sync Exit - MemInfo: [malloc] Total space held (mmap + non-mmap):         13627392 Byte
20220313 033051.124 INFO             PET0 PIOc_sync Exit - MemInfo: [malloc] Total space used (mmap + non-mmap):         13330336 Byte
20220313 033051.124 INFO             PET0 PIOc_sync Exit - MemInfo: Wall-clock time since execution start:              0.0295952 seconds
20220313 033051.124 INFO             PET0 PIOc_freedecomp Enter - MemInfo: [/proc/meminfo - SSI]	MemTotal:       196434604 kB
20220313 033051.124 INFO             PET0 PIOc_freedecomp Enter - MemInfo: [/proc/meminfo - SSI]	MemFree:        184355456 kB
20220313 033051.124 INFO             PET0 PIOc_freedecomp Enter - MemInfo: [/proc/meminfo - SSI]	MemAvailable:   191819960 kB
20220313 033051.124 INFO             PET0 PIOc_freedecomp Enter - MemInfo: [/proc/meminfo - SSI]	Committed_AS:     791500 kB
20220313 033051.124 INFO             PET0 PIOc_freedecomp Enter - MemInfo: [/proc/meminfo - SSI]	CommittedPercent: 0.402933 %
20220313 033051.124 INFO             PET0 PIOc_freedecomp Enter - MemInfo: [/proc/self/status]	VmPeak:	  686412 kB
20220313 033051.124 INFO             PET0 PIOc_freedecomp Enter - MemInfo: [/proc/self/status]	VmSize:	  686404 kB
20220313 033051.124 INFO             PET0 PIOc_freedecomp Enter - MemInfo: [/proc/self/status]	VmLck:	       0 kB
20220313 033051.124 INFO             PET0 PIOc_freedecomp Enter - MemInfo: [/proc/self/status]	VmPin:	       0 kB
20220313 033051.124 INFO             PET0 PIOc_freedecomp Enter - MemInfo: [/proc/self/status]	VmHWM:	   71740 kB
20220313 033051.124 INFO             PET0 PIOc_freedecomp Enter - MemInfo: [/proc/self/status]	VmRSS:	   39404 kB
20220313 033051.124 INFO             PET0 PIOc_freedecomp Enter - MemInfo: [/proc/self/status]	VmData:	  195268 kB
20220313 033051.124 INFO             PET0 PIOc_freedecomp Enter - MemInfo: [/proc/self/status]	VmStk:	     144 kB
20220313 033051.124 INFO             PET0 PIOc_freedecomp Enter - MemInfo: [/proc/self/status]	VmExe:	     476 kB
20220313 033051.124 INFO             PET0 PIOc_freedecomp Enter - MemInfo: [/proc/self/status]	VmLib:	   83112 kB
20220313 033051.124 INFO             PET0 PIOc_freedecomp Enter - MemInfo: [/proc/self/status]	VmPTE:	     972 kB
20220313 033051.124 INFO             PET0 PIOc_freedecomp Enter - MemInfo: [/proc/self/status]	VmSwap:	       0 kB
20220313 033051.124 INFO             PET0 PIOc_freedecomp Enter - MemInfo: [/proc/self/status]	VmRSSPercent: 0.0200596 %
20220313 033051.124 INFO             PET0 PIOc_freedecomp Enter - MemInfo: [malloc] Non-mmapped space allocated:                12046336 Byte
20220313 033051.124 INFO             PET0 PIOc_freedecomp Enter - MemInfo: [malloc] Space allocated in mmapped regions:          1581056 Byte
20220313 033051.124 INFO             PET0 PIOc_freedecomp Enter - MemInfo: [malloc] Maximum total allocated space:                     0 Byte
20220313 033051.124 INFO             PET0 PIOc_freedecomp Enter - MemInfo: [malloc] Space in freed fastbin blocks:                  1888 Byte
20220313 033051.124 INFO             PET0 PIOc_freedecomp Enter - MemInfo: [malloc] Total allocated space:                       2813648 Byte
20220313 033051.124 INFO             PET0 PIOc_freedecomp Enter - MemInfo: [malloc] Total free space:                            9232688 Byte
20220313 033051.124 INFO             PET0 PIOc_freedecomp Enter - MemInfo: [malloc] Top-most, releasable space:                   106720 Byte
20220313 033051.124 INFO             PET0 PIOc_freedecomp Enter - MemInfo: [malloc] Total space in use, mmap + non-mmap:         4394704 Byte
20220313 033051.124 INFO             PET0 PIOc_freedecomp Enter - MemInfo: [malloc] Total space held (mmap + non-mmap):         13627392 Byte
20220313 033051.124 INFO             PET0 PIOc_freedecomp Enter - MemInfo: [malloc] Total space used (mmap + non-mmap):          4404048 Byte
20220313 033051.124 INFO             PET0 PIOc_freedecomp Enter - MemInfo: Wall-clock time since execution start:               0.030079 seconds
20220313 033051.124 INFO             PET0 PIOc_freedecomp Exit - MemInfo: [/proc/meminfo - SSI]	MemTotal:       196434604 kB
20220313 033051.124 INFO             PET0 PIOc_freedecomp Exit - MemInfo: [/proc/meminfo - SSI]	MemFree:        184355456 kB
20220313 033051.124 INFO             PET0 PIOc_freedecomp Exit - MemInfo: [/proc/meminfo - SSI]	MemAvailable:   191819960 kB
20220313 033051.124 INFO             PET0 PIOc_freedecomp Exit - MemInfo: [/proc/meminfo - SSI]	Committed_AS:     791500 kB
20220313 033051.124 INFO             PET0 PIOc_freedecomp Exit - MemInfo: [/proc/meminfo - SSI]	CommittedPercent: 0.402933 %
20220313 033051.124 INFO             PET0 PIOc_freedecomp Exit - MemInfo: [/proc/self/status]	VmPeak:	  686412 kB
20220313 033051.124 INFO             PET0 PIOc_freedecomp Exit - MemInfo: [/proc/self/status]	VmSize:	  686404 kB
20220313 033051.124 INFO             PET0 PIOc_freedecomp Exit - MemInfo: [/proc/self/status]	VmLck:	       0 kB
20220313 033051.124 INFO             PET0 PIOc_freedecomp Exit - MemInfo: [/proc/self/status]	VmPin:	       0 kB
20220313 033051.124 INFO             PET0 PIOc_freedecomp Exit - MemInfo: [/proc/self/status]	VmHWM:	   71740 kB
20220313 033051.125 INFO             PET0 PIOc_freedecomp Exit - MemInfo: [/proc/self/status]	VmRSS:	   39404 kB
20220313 033051.125 INFO             PET0 PIOc_freedecomp Exit - MemInfo: [/proc/self/status]	VmData:	  195268 kB
20220313 033051.125 INFO             PET0 PIOc_freedecomp Exit - MemInfo: [/proc/self/status]	VmStk:	     144 kB
20220313 033051.125 INFO             PET0 PIOc_freedecomp Exit - MemInfo: [/proc/self/status]	VmExe:	     476 kB
20220313 033051.125 INFO             PET0 PIOc_freedecomp Exit - MemInfo: [/proc/self/status]	VmLib:	   83112 kB
20220313 033051.125 INFO             PET0 PIOc_freedecomp Exit - MemInfo: [/proc/self/status]	VmPTE:	     972 kB
20220313 033051.125 INFO             PET0 PIOc_freedecomp Exit - MemInfo: [/proc/self/status]	VmSwap:	       0 kB
20220313 033051.125 INFO             PET0 PIOc_freedecomp Exit - MemInfo: [/proc/self/status]	VmRSSPercent: 0.0200596 %
20220313 033051.125 INFO             PET0 PIOc_freedecomp Exit - MemInfo: [malloc] Non-mmapped space allocated:                12046336 Byte
20220313 033051.125 INFO             PET0 PIOc_freedecomp Exit - MemInfo: [malloc] Space allocated in mmapped regions:          1581056 Byte
20220313 033051.125 INFO             PET0 PIOc_freedecomp Exit - MemInfo: [malloc] Maximum total allocated space:                     0 Byte
20220313 033051.125 INFO             PET0 PIOc_freedecomp Exit - MemInfo: [malloc] Space in freed fastbin blocks:                  2144 Byte
20220313 033051.125 INFO             PET0 PIOc_freedecomp Exit - MemInfo: [malloc] Total allocated space:                       2791456 Byte
20220313 033051.125 INFO             PET0 PIOc_freedecomp Exit - MemInfo: [malloc] Total free space:                            9254880 Byte
20220313 033051.125 INFO             PET0 PIOc_freedecomp Exit - MemInfo: [malloc] Top-most, releasable space:                   124240 Byte
20220313 033051.125 INFO             PET0 PIOc_freedecomp Exit - MemInfo: [malloc] Total space in use, mmap + non-mmap:         4372512 Byte
20220313 033051.125 INFO             PET0 PIOc_freedecomp Exit - MemInfo: [malloc] Total space held (mmap + non-mmap):         13627392 Byte
20220313 033051.125 INFO             PET0 PIOc_freedecomp Exit - MemInfo: [malloc] Total space used (mmap + non-mmap):          4381856 Byte
20220313 033051.125 INFO             PET0 PIOc_freedecomp Exit - MemInfo: Wall-clock time since execution start:               0.030474 seconds
20220313 033051.125 INFO             PET0  PASS  Read ESMF_Array without Halo from NetCDF file Test, ESMF_ArrayIOUTest.F90, line 330
20220313 033051.125 INFO             PET0  PASS  Compare read in data to the existing data - 3D without halo, ESMF_ArrayIOUTest.F90, line 353
20220313 033051.126 WARNING          PET0 ESMCI_PIO_Handler.C:1344 ESMCI::PIO_Handler::open()  Unable to set fill on file: file3D_withhalo.nc, (PIO/NetCDF error = NetCDF: Write to read only)
20220313 033051.127 INFO             PET0 PIOc_sync Enter - MemInfo: [/proc/meminfo - SSI]	MemTotal:       196434604 kB
20220313 033051.127 INFO             PET0 PIOc_sync Enter - MemInfo: [/proc/meminfo - SSI]	MemFree:        184355456 kB
20220313 033051.127 INFO             PET0 PIOc_sync Enter - MemInfo: [/proc/meminfo - SSI]	MemAvailable:   191819960 kB
20220313 033051.127 INFO             PET0 PIOc_sync Enter - MemInfo: [/proc/meminfo - SSI]	Committed_AS:     791500 kB
20220313 033051.127 INFO             PET0 PIOc_sync Enter - MemInfo: [/proc/meminfo - SSI]	CommittedPercent: 0.402933 %
20220313 033051.127 INFO             PET0 PIOc_sync Enter - MemInfo: [/proc/self/status]	VmPeak:	  686412 kB
20220313 033051.127 INFO             PET0 PIOc_sync Enter - MemInfo: [/proc/self/status]	VmSize:	  686404 kB
20220313 033051.127 INFO             PET0 PIOc_sync Enter - MemInfo: [/proc/self/status]	VmLck:	       0 kB
20220313 033051.127 INFO             PET0 PIOc_sync Enter - MemInfo: [/proc/self/status]	VmPin:	       0 kB
20220313 033051.127 INFO             PET0 PIOc_sync Enter - MemInfo: [/proc/self/status]	VmHWM:	   71740 kB
20220313 033051.127 INFO             PET0 PIOc_sync Enter - MemInfo: [/proc/self/status]	VmRSS:	   39444 kB
20220313 033051.127 INFO             PET0 PIOc_sync Enter - MemInfo: [/proc/self/status]	VmData:	  195268 kB
20220313 033051.127 INFO             PET0 PIOc_sync Enter - MemInfo: [/proc/self/status]	VmStk:	     144 kB
20220313 033051.127 INFO             PET0 PIOc_sync Enter - MemInfo: [/proc/self/status]	VmExe:	     476 kB
20220313 033051.127 INFO             PET0 PIOc_sync Enter - MemInfo: [/proc/self/status]	VmLib:	   83112 kB
20220313 033051.127 INFO             PET0 PIOc_sync Enter - MemInfo: [/proc/self/status]	VmPTE:	     972 kB
20220313 033051.127 INFO             PET0 PIOc_sync Enter - MemInfo: [/proc/self/status]	VmSwap:	       0 kB
20220313 033051.127 INFO             PET0 PIOc_sync Enter - MemInfo: [/proc/self/status]	VmRSSPercent: 0.02008 %
20220313 033051.127 INFO             PET0 PIOc_sync Enter - MemInfo: [malloc] Non-mmapped space allocated:                12046336 Byte
20220313 033051.127 INFO             PET0 PIOc_sync Enter - MemInfo: [malloc] Space allocated in mmapped regions:          1581056 Byte
20220313 033051.127 INFO             PET0 PIOc_sync Enter - MemInfo: [malloc] Maximum total allocated space:                     0 Byte
20220313 033051.127 INFO             PET0 PIOc_sync Enter - MemInfo: [malloc] Space in freed fastbin blocks:                  1664 Byte
20220313 033051.127 INFO             PET0 PIOc_sync Enter - MemInfo: [malloc] Total allocated space:                      11753664 Byte
20220313 033051.127 INFO             PET0 PIOc_sync Enter - MemInfo: [malloc] Total free space:                             292672 Byte
20220313 033051.127 INFO             PET0 PIOc_sync Enter - MemInfo: [malloc] Top-most, releasable space:                    76240 Byte
20220313 033051.127 INFO             PET0 PIOc_sync Enter - MemInfo: [malloc] Total space in use, mmap + non-mmap:        13334720 Byte
20220313 033051.127 INFO             PET0 PIOc_sync Enter - MemInfo: [malloc] Total space held (mmap + non-mmap):         13627392 Byte
20220313 033051.127 INFO             PET0 PIOc_sync Enter - MemInfo: [malloc] Total space used (mmap + non-mmap):         13344064 Byte
20220313 033051.128 INFO             PET0 PIOc_sync Enter - MemInfo: Wall-clock time since execution start:                0.03335 seconds
20220313 033051.128 INFO             PET0 PIOc_sync Exit - MemInfo: [/proc/meminfo - SSI]	MemTotal:       196434604 kB
20220313 033051.128 INFO             PET0 PIOc_sync Exit - MemInfo: [/proc/meminfo - SSI]	MemFree:        184355456 kB
20220313 033051.128 INFO             PET0 PIOc_sync Exit - MemInfo: [/proc/meminfo - SSI]	MemAvailable:   191819960 kB
20220313 033051.128 INFO             PET0 PIOc_sync Exit - MemInfo: [/proc/meminfo - SSI]	Committed_AS:     791500 kB
20220313 033051.128 INFO             PET0 PIOc_sync Exit - MemInfo: [/proc/meminfo - SSI]	CommittedPercent: 0.402933 %
20220313 033051.128 INFO             PET0 PIOc_sync Exit - MemInfo: [/proc/self/status]	VmPeak:	  686412 kB
20220313 033051.128 INFO             PET0 PIOc_sync Exit - MemInfo: [/proc/self/status]	VmSize:	  686404 kB
20220313 033051.128 INFO             PET0 PIOc_sync Exit - MemInfo: [/proc/self/status]	VmLck:	       0 kB
20220313 033051.128 INFO             PET0 PIOc_sync Exit - MemInfo: [/proc/self/status]	VmPin:	       0 kB
20220313 033051.128 INFO             PET0 PIOc_sync Exit - MemInfo: [/proc/self/status]	VmHWM:	   71740 kB
20220313 033051.128 INFO             PET0 PIOc_sync Exit - MemInfo: [/proc/self/status]	VmRSS:	   39444 kB
20220313 033051.128 INFO             PET0 PIOc_sync Exit - MemInfo: [/proc/self/status]	VmData:	  195268 kB
20220313 033051.128 INFO             PET0 PIOc_sync Exit - MemInfo: [/proc/self/status]	VmStk:	     144 kB
20220313 033051.128 INFO             PET0 PIOc_sync Exit - MemInfo: [/proc/self/status]	VmExe:	     476 kB
20220313 033051.128 INFO             PET0 PIOc_sync Exit - MemInfo: [/proc/self/status]	VmLib:	   83112 kB
20220313 033051.128 INFO             PET0 PIOc_sync Exit - MemInfo: [/proc/self/status]	VmPTE:	     972 kB
20220313 033051.128 INFO             PET0 PIOc_sync Exit - MemInfo: [/proc/self/status]	VmSwap:	       0 kB
20220313 033051.128 INFO             PET0 PIOc_sync Exit - MemInfo: [/proc/self/status]	VmRSSPercent: 0.02008 %
20220313 033051.128 INFO             PET0 PIOc_sync Exit - MemInfo: [malloc] Non-mmapped space allocated:                12046336 Byte
20220313 033051.128 INFO             PET0 PIOc_sync Exit - MemInfo: [malloc] Space allocated in mmapped regions:          1581056 Byte
20220313 033051.128 INFO             PET0 PIOc_sync Exit - MemInfo: [malloc] Maximum total allocated space:                     0 Byte
20220313 033051.128 INFO             PET0 PIOc_sync Exit - MemInfo: [malloc] Space in freed fastbin blocks:                  2208 Byte
20220313 033051.128 INFO             PET0 PIOc_sync Exit - MemInfo: [malloc] Total allocated space:                      11753664 Byte
20220313 033051.128 INFO             PET0 PIOc_sync Exit - MemInfo: [malloc] Total free space:                             292672 Byte
20220313 033051.128 INFO             PET0 PIOc_sync Exit - MemInfo: [malloc] Top-most, releasable space:                    76240 Byte
20220313 033051.128 INFO             PET0 PIOc_sync Exit - MemInfo: [malloc] Total space in use, mmap + non-mmap:        13334720 Byte
20220313 033051.128 INFO             PET0 PIOc_sync Exit - MemInfo: [malloc] Total space held (mmap + non-mmap):         13627392 Byte
20220313 033051.128 INFO             PET0 PIOc_sync Exit - MemInfo: [malloc] Total space used (mmap + non-mmap):         13344064 Byte
20220313 033051.128 INFO             PET0 PIOc_sync Exit - MemInfo: Wall-clock time since execution start:              0.0338035 seconds
20220313 033051.128 INFO             PET0 PIOc_freedecomp Enter - MemInfo: [/proc/meminfo - SSI]	MemTotal:       196434604 kB
20220313 033051.128 INFO             PET0 PIOc_freedecomp Enter - MemInfo: [/proc/meminfo - SSI]	MemFree:        184355456 kB
20220313 033051.128 INFO             PET0 PIOc_freedecomp Enter - MemInfo: [/proc/meminfo - SSI]	MemAvailable:   191819960 kB
20220313 033051.128 INFO             PET0 PIOc_freedecomp Enter - MemInfo: [/proc/meminfo - SSI]	Committed_AS:     791500 kB
20220313 033051.128 INFO             PET0 PIOc_freedecomp Enter - MemInfo: [/proc/meminfo - SSI]	CommittedPercent: 0.402933 %
20220313 033051.128 INFO             PET0 PIOc_freedecomp Enter - MemInfo: [/proc/self/status]	VmPeak:	  686412 kB
20220313 033051.128 INFO             PET0 PIOc_freedecomp Enter - MemInfo: [/proc/self/status]	VmSize:	  686404 kB
20220313 033051.128 INFO             PET0 PIOc_freedecomp Enter - MemInfo: [/proc/self/status]	VmLck:	       0 kB
20220313 033051.128 INFO             PET0 PIOc_freedecomp Enter - MemInfo: [/proc/self/status]	VmPin:	       0 kB
20220313 033051.128 INFO             PET0 PIOc_freedecomp Enter - MemInfo: [/proc/self/status]	VmHWM:	   71740 kB
20220313 033051.128 INFO             PET0 PIOc_freedecomp Enter - MemInfo: [/proc/self/status]	VmRSS:	   39444 kB
20220313 033051.128 INFO             PET0 PIOc_freedecomp Enter - MemInfo: [/proc/self/status]	VmData:	  195268 kB
20220313 033051.128 INFO             PET0 PIOc_freedecomp Enter - MemInfo: [/proc/self/status]	VmStk:	     144 kB
20220313 033051.128 INFO             PET0 PIOc_freedecomp Enter - MemInfo: [/proc/self/status]	VmExe:	     476 kB
20220313 033051.128 INFO             PET0 PIOc_freedecomp Enter - MemInfo: [/proc/self/status]	VmLib:	   83112 kB
20220313 033051.128 INFO             PET0 PIOc_freedecomp Enter - MemInfo: [/proc/self/status]	VmPTE:	     972 kB
20220313 033051.128 INFO             PET0 PIOc_freedecomp Enter - MemInfo: [/proc/self/status]	VmSwap:	       0 kB
20220313 033051.129 INFO             PET0 PIOc_freedecomp Enter - MemInfo: [/proc/self/status]	VmRSSPercent: 0.02008 %
20220313 033051.129 INFO             PET0 PIOc_freedecomp Enter - MemInfo: [malloc] Non-mmapped space allocated:                12046336 Byte
20220313 033051.129 INFO             PET0 PIOc_freedecomp Enter - MemInfo: [malloc] Space allocated in mmapped regions:          1581056 Byte
20220313 033051.129 INFO             PET0 PIOc_freedecomp Enter - MemInfo: [malloc] Maximum total allocated space:                     0 Byte
20220313 033051.129 INFO             PET0 PIOc_freedecomp Enter - MemInfo: [malloc] Space in freed fastbin blocks:                  1888 Byte
20220313 033051.129 INFO             PET0 PIOc_freedecomp Enter - MemInfo: [malloc] Total allocated space:                       2827344 Byte
20220313 033051.129 INFO             PET0 PIOc_freedecomp Enter - MemInfo: [malloc] Total free space:                            9218992 Byte
20220313 033051.129 INFO             PET0 PIOc_freedecomp Enter - MemInfo: [malloc] Top-most, releasable space:                    76240 Byte
20220313 033051.129 INFO             PET0 PIOc_freedecomp Enter - MemInfo: [malloc] Total space in use, mmap + non-mmap:         4408400 Byte
20220313 033051.129 INFO             PET0 PIOc_freedecomp Enter - MemInfo: [malloc] Total space held (mmap + non-mmap):         13627392 Byte
20220313 033051.129 INFO             PET0 PIOc_freedecomp Enter - MemInfo: [malloc] Total space used (mmap + non-mmap):          4417744 Byte
20220313 033051.129 INFO             PET0 PIOc_freedecomp Enter - MemInfo: Wall-clock time since execution start:              0.0344387 seconds
20220313 033051.129 INFO             PET0 PIOc_freedecomp Exit - MemInfo: [/proc/meminfo - SSI]	MemTotal:       196434604 kB
20220313 033051.129 INFO             PET0 PIOc_freedecomp Exit - MemInfo: [/proc/meminfo - SSI]	MemFree:        184355456 kB
20220313 033051.129 INFO             PET0 PIOc_freedecomp Exit - MemInfo: [/proc/meminfo - SSI]	MemAvailable:   191819960 kB
20220313 033051.129 INFO             PET0 PIOc_freedecomp Exit - MemInfo: [/proc/meminfo - SSI]	Committed_AS:     791500 kB
20220313 033051.129 INFO             PET0 PIOc_freedecomp Exit - MemInfo: [/proc/meminfo - SSI]	CommittedPercent: 0.402933 %
20220313 033051.129 INFO             PET0 PIOc_freedecomp Exit - MemInfo: [/proc/self/status]	VmPeak:	  686412 kB
20220313 033051.129 INFO             PET0 PIOc_freedecomp Exit - MemInfo: [/proc/self/status]	VmSize:	  686404 kB
20220313 033051.129 INFO             PET0 PIOc_freedecomp Exit - MemInfo: [/proc/self/status]	VmLck:	       0 kB
20220313 033051.129 INFO             PET0 PIOc_freedecomp Exit - MemInfo: [/proc/self/status]	VmPin:	       0 kB
20220313 033051.129 INFO             PET0 PIOc_freedecomp Exit - MemInfo: [/proc/self/status]	VmHWM:	   71740 kB
20220313 033051.129 INFO             PET0 PIOc_freedecomp Exit - MemInfo: [/proc/self/status]	VmRSS:	   39444 kB
20220313 033051.129 INFO             PET0 PIOc_freedecomp Exit - MemInfo: [/proc/self/status]	VmData:	  195268 kB
20220313 033051.129 INFO             PET0 PIOc_freedecomp Exit - MemInfo: [/proc/self/status]	VmStk:	     144 kB
20220313 033051.129 INFO             PET0 PIOc_freedecomp Exit - MemInfo: [/proc/self/status]	VmExe:	     476 kB
20220313 033051.129 INFO             PET0 PIOc_freedecomp Exit - MemInfo: [/proc/self/status]	VmLib:	   83112 kB
20220313 033051.129 INFO             PET0 PIOc_freedecomp Exit - MemInfo: [/proc/self/status]	VmPTE:	     972 kB
20220313 033051.129 INFO             PET0 PIOc_freedecomp Exit - MemInfo: [/proc/self/status]	VmSwap:	       0 kB
20220313 033051.129 INFO             PET0 PIOc_freedecomp Exit - MemInfo: [/proc/self/status]	VmRSSPercent: 0.02008 %
20220313 033051.129 INFO             PET0 PIOc_freedecomp Exit - MemInfo: [malloc] Non-mmapped space allocated:                12046336 Byte
20220313 033051.129 INFO             PET0 PIOc_freedecomp Exit - MemInfo: [malloc] Space allocated in mmapped regions:          1581056 Byte
20220313 033051.129 INFO             PET0 PIOc_freedecomp Exit - MemInfo: [malloc] Maximum total allocated space:                     0 Byte
20220313 033051.129 INFO             PET0 PIOc_freedecomp Exit - MemInfo: [malloc] Space in freed fastbin blocks:                  2992 Byte
20220313 033051.129 INFO             PET0 PIOc_freedecomp Exit - MemInfo: [malloc] Total allocated space:                       2791488 Byte
20220313 033051.129 INFO             PET0 PIOc_freedecomp Exit - MemInfo: [malloc] Total free space:                            9254848 Byte
20220313 033051.129 INFO             PET0 PIOc_freedecomp Exit - MemInfo: [malloc] Top-most, releasable space:                    76240 Byte
20220313 033051.129 INFO             PET0 PIOc_freedecomp Exit - MemInfo: [malloc] Total space in use, mmap + non-mmap:         4372544 Byte
20220313 033051.129 INFO             PET0 PIOc_freedecomp Exit - MemInfo: [malloc] Total space held (mmap + non-mmap):         13627392 Byte
20220313 033051.129 INFO             PET0 PIOc_freedecomp Exit - MemInfo: [malloc] Total space used (mmap + non-mmap):          4381888 Byte
20220313 033051.129 INFO             PET0 PIOc_freedecomp Exit - MemInfo: Wall-clock time since execution start:              0.0348659 seconds
20220313 033051.129 INFO             PET0  PASS  Read ESMF_Array with Halo from NetCDF Test, ESMF_ArrayIOUTest.F90, line 380
20220313 033051.129 ERROR            PET0 ESMCI_IO_Handler.C:164 ESMCI::IO_Handler::create() Unknown I/O Format
20220313 033051.129 ERROR            PET0 ESMCI_IO.C:264 ESMCI::IO::read() Invalid argument  - Internal subroutine call returned Error
20220313 033051.129 ERROR            PET0 ESMCI_Array.C:3933 ESMCI::Array::read() Invalid argument  - Internal subroutine call returned Error
20220313 033051.129 ERROR            PET0 ESMCI_Array_F.C:831 c_esmc_arrayread() Invalid argument  - Internal subroutine call returned Error
20220313 033051.129 ERROR            PET0 ESMF_ArrayHa.F90:723 ESMF_ArrayRead Invalid argument  - Internal subroutine call returned Error
20220313 033051.129 INFO             PET0  PASS  Read ESMF_Array with Halo from binary Test, ESMF_ArrayIOUTest.F90, line 394
20220313 033051.129 INFO             PET0  PASS  Compare read in data to the existing NetCDF data - 3D with halo, ESMF_ArrayIOUTest.F90, line 412
20220313 033051.129 ERROR            PET0 ESMCI_Array.C:3914 ESMCI::Array::read() Invalid argument  - Array variable name not allowed in binary mode
20220313 033051.129 ERROR            PET0 ESMCI_Array_F.C:831 c_esmc_arrayread() Invalid argument  - Internal subroutine call returned Error
20220313 033051.129 ERROR            PET0 ESMF_ArrayHa.F90:723 ESMF_ArrayRead Invalid argument  - Internal subroutine call returned Error
20220313 033051.129 INFO             PET0  PASS  Read ESMF_Array variable with Halo from binary Test, ESMF_ArrayIOUTest.F90, line 430
20220313 033051.131 INFO             PET0 PIOc_sync Enter - MemInfo: [/proc/meminfo - SSI]	MemTotal:       196434604 kB
20220313 033051.131 INFO             PET0 PIOc_sync Enter - MemInfo: [/proc/meminfo - SSI]	MemFree:        184355456 kB
20220313 033051.132 INFO             PET0 PIOc_sync Enter - MemInfo: [/proc/meminfo - SSI]	MemAvailable:   191819960 kB
20220313 033051.132 INFO             PET0 PIOc_sync Enter - MemInfo: [/proc/meminfo - SSI]	Committed_AS:     791500 kB
20220313 033051.132 INFO             PET0 PIOc_sync Enter - MemInfo: [/proc/meminfo - SSI]	CommittedPercent: 0.402933 %
20220313 033051.132 INFO             PET0 PIOc_sync Enter - MemInfo: [/proc/self/status]	VmPeak:	  686412 kB
20220313 033051.132 INFO             PET0 PIOc_sync Enter - MemInfo: [/proc/self/status]	VmSize:	  686404 kB
20220313 033051.132 INFO             PET0 PIOc_sync Enter - MemInfo: [/proc/self/status]	VmLck:	       0 kB
20220313 033051.132 INFO             PET0 PIOc_sync Enter - MemInfo: [/proc/self/status]	VmPin:	       0 kB
20220313 033051.132 INFO             PET0 PIOc_sync Enter - MemInfo: [/proc/self/status]	VmHWM:	   71740 kB
20220313 033051.132 INFO             PET0 PIOc_sync Enter - MemInfo: [/proc/self/status]	VmRSS:	   39452 kB
20220313 033051.132 INFO             PET0 PIOc_sync Enter - MemInfo: [/proc/self/status]	VmData:	  195268 kB
20220313 033051.132 INFO             PET0 PIOc_sync Enter - MemInfo: [/proc/self/status]	VmStk:	     144 kB
20220313 033051.132 INFO             PET0 PIOc_sync Enter - MemInfo: [/proc/self/status]	VmExe:	     476 kB
20220313 033051.132 INFO             PET0 PIOc_sync Enter - MemInfo: [/proc/self/status]	VmLib:	   83112 kB
20220313 033051.132 INFO             PET0 PIOc_sync Enter - MemInfo: [/proc/self/status]	VmPTE:	     972 kB
20220313 033051.132 INFO             PET0 PIOc_sync Enter - MemInfo: [/proc/self/status]	VmSwap:	       0 kB
20220313 033051.132 INFO             PET0 PIOc_sync Enter - MemInfo: [/proc/self/status]	VmRSSPercent: 0.020084 %
20220313 033051.132 INFO             PET0 PIOc_sync Enter - MemInfo: [malloc] Non-mmapped space allocated:                12046336 Byte
20220313 033051.132 INFO             PET0 PIOc_sync Enter - MemInfo: [malloc] Space allocated in mmapped regions:          1581056 Byte
20220313 033051.132 INFO             PET0 PIOc_sync Enter - MemInfo: [malloc] Maximum total allocated space:                     0 Byte
20220313 033051.132 INFO             PET0 PIOc_sync Enter - MemInfo: [malloc] Space in freed fastbin blocks:                  1696 Byte
20220313 033051.132 INFO             PET0 PIOc_sync Enter - MemInfo: [malloc] Total allocated space:                      11736560 Byte
20220313 033051.132 INFO             PET0 PIOc_sync Enter - MemInfo: [malloc] Total free space:                             309776 Byte
20220313 033051.132 INFO             PET0 PIOc_sync Enter - MemInfo: [malloc] Top-most, releasable space:                    76464 Byte
20220313 033051.132 INFO             PET0 PIOc_sync Enter - MemInfo: [malloc] Total space in use, mmap + non-mmap:        13317616 Byte
20220313 033051.132 INFO             PET0 PIOc_sync Enter - MemInfo: [malloc] Total space held (mmap + non-mmap):         13627392 Byte
20220313 033051.132 INFO             PET0 PIOc_sync Enter - MemInfo: [malloc] Total space used (mmap + non-mmap):         13326960 Byte
20220313 033051.132 INFO             PET0 PIOc_sync Enter - MemInfo: Wall-clock time since execution start:              0.0376171 seconds
20220313 033051.132 INFO             PET0 PIOc_sync Exit - MemInfo: [/proc/meminfo - SSI]	MemTotal:       196434604 kB
20220313 033051.132 INFO             PET0 PIOc_sync Exit - MemInfo: [/proc/meminfo - SSI]	MemFree:        184355456 kB
20220313 033051.132 INFO             PET0 PIOc_sync Exit - MemInfo: [/proc/meminfo - SSI]	MemAvailable:   191819960 kB
20220313 033051.132 INFO             PET0 PIOc_sync Exit - MemInfo: [/proc/meminfo - SSI]	Committed_AS:     791500 kB
20220313 033051.132 INFO             PET0 PIOc_sync Exit - MemInfo: [/proc/meminfo - SSI]	CommittedPercent: 0.402933 %
20220313 033051.132 INFO             PET0 PIOc_sync Exit - MemInfo: [/proc/self/status]	VmPeak:	  686412 kB
20220313 033051.132 INFO             PET0 PIOc_sync Exit - MemInfo: [/proc/self/status]	VmSize:	  686404 kB
20220313 033051.132 INFO             PET0 PIOc_sync Exit - MemInfo: [/proc/self/status]	VmLck:	       0 kB
20220313 033051.132 INFO             PET0 PIOc_sync Exit - MemInfo: [/proc/self/status]	VmPin:	       0 kB
20220313 033051.132 INFO             PET0 PIOc_sync Exit - MemInfo: [/proc/self/status]	VmHWM:	   71740 kB
20220313 033051.132 INFO             PET0 PIOc_sync Exit - MemInfo: [/proc/self/status]	VmRSS:	   39452 kB
20220313 033051.132 INFO             PET0 PIOc_sync Exit - MemInfo: [/proc/self/status]	VmData:	  195268 kB
20220313 033051.132 INFO             PET0 PIOc_sync Exit - MemInfo: [/proc/self/status]	VmStk:	     144 kB
20220313 033051.132 INFO             PET0 PIOc_sync Exit - MemInfo: [/proc/self/status]	VmExe:	     476 kB
20220313 033051.132 INFO             PET0 PIOc_sync Exit - MemInfo: [/proc/self/status]	VmLib:	   83112 kB
20220313 033051.132 INFO             PET0 PIOc_sync Exit - MemInfo: [/proc/self/status]	VmPTE:	     972 kB
20220313 033051.132 INFO             PET0 PIOc_sync Exit - MemInfo: [/proc/self/status]	VmSwap:	       0 kB
20220313 033051.132 INFO             PET0 PIOc_sync Exit - MemInfo: [/proc/self/status]	VmRSSPercent: 0.020084 %
20220313 033051.132 INFO             PET0 PIOc_sync Exit - MemInfo: [malloc] Non-mmapped space allocated:                12046336 Byte
20220313 033051.132 INFO             PET0 PIOc_sync Exit - MemInfo: [malloc] Space allocated in mmapped regions:          1581056 Byte
20220313 033051.132 INFO             PET0 PIOc_sync Exit - MemInfo: [malloc] Maximum total allocated space:                     0 Byte
20220313 033051.132 INFO             PET0 PIOc_sync Exit - MemInfo: [malloc] Space in freed fastbin blocks:                  1872 Byte
20220313 033051.132 INFO             PET0 PIOc_sync Exit - MemInfo: [malloc] Total allocated space:                      11754304 Byte
20220313 033051.132 INFO             PET0 PIOc_sync Exit - MemInfo: [malloc] Total free space:                             292032 Byte
20220313 033051.132 INFO             PET0 PIOc_sync Exit - MemInfo: [malloc] Top-most, releasable space:                    76464 Byte
20220313 033051.132 INFO             PET0 PIOc_sync Exit - MemInfo: [malloc] Total space in use, mmap + non-mmap:        13335360 Byte
20220313 033051.132 INFO             PET0 PIOc_sync Exit - MemInfo: [malloc] Total space held (mmap + non-mmap):         13627392 Byte
20220313 033051.132 INFO             PET0 PIOc_sync Exit - MemInfo: [malloc] Total space used (mmap + non-mmap):         13344704 Byte
20220313 033051.132 INFO             PET0 PIOc_sync Exit - MemInfo: Wall-clock time since execution start:              0.0381809 seconds
20220313 033051.133 INFO             PET0 PIOc_freedecomp Enter - MemInfo: [/proc/meminfo - SSI]	MemTotal:       196434604 kB
20220313 033051.133 INFO             PET0 PIOc_freedecomp Enter - MemInfo: [/proc/meminfo - SSI]	MemFree:        184355456 kB
20220313 033051.133 INFO             PET0 PIOc_freedecomp Enter - MemInfo: [/proc/meminfo - SSI]	MemAvailable:   191819960 kB
20220313 033051.133 INFO             PET0 PIOc_freedecomp Enter - MemInfo: [/proc/meminfo - SSI]	Committed_AS:     791500 kB
20220313 033051.133 INFO             PET0 PIOc_freedecomp Enter - MemInfo: [/proc/meminfo - SSI]	CommittedPercent: 0.402933 %
20220313 033051.133 INFO             PET0 PIOc_freedecomp Enter - MemInfo: [/proc/self/status]	VmPeak:	  686412 kB
20220313 033051.133 INFO             PET0 PIOc_freedecomp Enter - MemInfo: [/proc/self/status]	VmSize:	  686404 kB
20220313 033051.133 INFO             PET0 PIOc_freedecomp Enter - MemInfo: [/proc/self/status]	VmLck:	       0 kB
20220313 033051.133 INFO             PET0 PIOc_freedecomp Enter - MemInfo: [/proc/self/status]	VmPin:	       0 kB
20220313 033051.133 INFO             PET0 PIOc_freedecomp Enter - MemInfo: [/proc/self/status]	VmHWM:	   71740 kB
20220313 033051.133 INFO             PET0 PIOc_freedecomp Enter - MemInfo: [/proc/self/status]	VmRSS:	   39456 kB
20220313 033051.133 INFO             PET0 PIOc_freedecomp Enter - MemInfo: [/proc/self/status]	VmData:	  195268 kB
20220313 033051.133 INFO             PET0 PIOc_freedecomp Enter - MemInfo: [/proc/self/status]	VmStk:	     144 kB
20220313 033051.133 INFO             PET0 PIOc_freedecomp Enter - MemInfo: [/proc/self/status]	VmExe:	     476 kB
20220313 033051.133 INFO             PET0 PIOc_freedecomp Enter - MemInfo: [/proc/self/status]	VmLib:	   83112 kB
20220313 033051.133 INFO             PET0 PIOc_freedecomp Enter - MemInfo: [/proc/self/status]	VmPTE:	     972 kB
20220313 033051.133 INFO             PET0 PIOc_freedecomp Enter - MemInfo: [/proc/self/status]	VmSwap:	       0 kB
20220313 033051.133 INFO             PET0 PIOc_freedecomp Enter - MemInfo: [/proc/self/status]	VmRSSPercent: 0.0200861 %
20220313 033051.133 INFO             PET0 PIOc_freedecomp Enter - MemInfo: [malloc] Non-mmapped space allocated:                12046336 Byte
20220313 033051.133 INFO             PET0 PIOc_freedecomp Enter - MemInfo: [malloc] Space allocated in mmapped regions:          1581056 Byte
20220313 033051.133 INFO             PET0 PIOc_freedecomp Enter - MemInfo: [malloc] Maximum total allocated space:                     0 Byte
20220313 033051.133 INFO             PET0 PIOc_freedecomp Enter - MemInfo: [malloc] Space in freed fastbin blocks:                  1776 Byte
20220313 033051.133 INFO             PET0 PIOc_freedecomp Enter - MemInfo: [malloc] Total allocated space:                       2827200 Byte
20220313 033051.133 INFO             PET0 PIOc_freedecomp Enter - MemInfo: [malloc] Total free space:                            9219136 Byte
20220313 033051.133 INFO             PET0 PIOc_freedecomp Enter - MemInfo: [malloc] Top-most, releasable space:                    76464 Byte
20220313 033051.133 INFO             PET0 PIOc_freedecomp Enter - MemInfo: [malloc] Total space in use, mmap + non-mmap:         4408256 Byte
20220313 033051.133 INFO             PET0 PIOc_freedecomp Enter - MemInfo: [malloc] Total space held (mmap + non-mmap):         13627392 Byte
20220313 033051.133 INFO             PET0 PIOc_freedecomp Enter - MemInfo: [malloc] Total space used (mmap + non-mmap):          4417600 Byte
20220313 033051.133 INFO             PET0 PIOc_freedecomp Enter - MemInfo: Wall-clock time since execution start:              0.0388828 seconds
20220313 033051.133 INFO             PET0 PIOc_freedecomp Exit - MemInfo: [/proc/meminfo - SSI]	MemTotal:       196434604 kB
20220313 033051.133 INFO             PET0 PIOc_freedecomp Exit - MemInfo: [/proc/meminfo - SSI]	MemFree:        184355456 kB
20220313 033051.133 INFO             PET0 PIOc_freedecomp Exit - MemInfo: [/proc/meminfo - SSI]	MemAvailable:   191819960 kB
20220313 033051.133 INFO             PET0 PIOc_freedecomp Exit - MemInfo: [/proc/meminfo - SSI]	Committed_AS:     791500 kB
20220313 033051.133 INFO             PET0 PIOc_freedecomp Exit - MemInfo: [/proc/meminfo - SSI]	CommittedPercent: 0.402933 %
20220313 033051.133 INFO             PET0 PIOc_freedecomp Exit - MemInfo: [/proc/self/status]	VmPeak:	  686412 kB
20220313 033051.133 INFO             PET0 PIOc_freedecomp Exit - MemInfo: [/proc/self/status]	VmSize:	  686404 kB
20220313 033051.133 INFO             PET0 PIOc_freedecomp Exit - MemInfo: [/proc/self/status]	VmLck:	       0 kB
20220313 033051.133 INFO             PET0 PIOc_freedecomp Exit - MemInfo: [/proc/self/status]	VmPin:	       0 kB
20220313 033051.133 INFO             PET0 PIOc_freedecomp Exit - MemInfo: [/proc/self/status]	VmHWM:	   71740 kB
20220313 033051.133 INFO             PET0 PIOc_freedecomp Exit - MemInfo: [/proc/self/status]	VmRSS:	   39456 kB
20220313 033051.133 INFO             PET0 PIOc_freedecomp Exit - MemInfo: [/proc/self/status]	VmData:	  195268 kB
20220313 033051.133 INFO             PET0 PIOc_freedecomp Exit - MemInfo: [/proc/self/status]	VmStk:	     144 kB
20220313 033051.133 INFO             PET0 PIOc_freedecomp Exit - MemInfo: [/proc/self/status]	VmExe:	     476 kB
20220313 033051.133 INFO             PET0 PIOc_freedecomp Exit - MemInfo: [/proc/self/status]	VmLib:	   83112 kB
20220313 033051.133 INFO             PET0 PIOc_freedecomp Exit - MemInfo: [/proc/self/status]	VmPTE:	     972 kB
20220313 033051.133 INFO             PET0 PIOc_freedecomp Exit - MemInfo: [/proc/self/status]	VmSwap:	       0 kB
20220313 033051.133 INFO             PET0 PIOc_freedecomp Exit - MemInfo: [/proc/self/status]	VmRSSPercent: 0.0200861 %
20220313 033051.133 INFO             PET0 PIOc_freedecomp Exit - MemInfo: [malloc] Non-mmapped space allocated:                12046336 Byte
20220313 033051.133 INFO             PET0 PIOc_freedecomp Exit - MemInfo: [malloc] Space allocated in mmapped regions:          1581056 Byte
20220313 033051.133 INFO             PET0 PIOc_freedecomp Exit - MemInfo: [malloc] Maximum total allocated space:                     0 Byte
20220313 033051.133 INFO             PET0 PIOc_freedecomp Exit - MemInfo: [malloc] Space in freed fastbin blocks:                  3120 Byte
20220313 033051.133 INFO             PET0 PIOc_freedecomp Exit - MemInfo: [malloc] Total allocated space:                       2791328 Byte
20220313 033051.133 INFO             PET0 PIOc_freedecomp Exit - MemInfo: [malloc] Total free space:                            9255008 Byte
20220313 033051.133 INFO             PET0 PIOc_freedecomp Exit - MemInfo: [malloc] Top-most, releasable space:                    76464 Byte
20220313 033051.133 INFO             PET0 PIOc_freedecomp Exit - MemInfo: [malloc] Total space in use, mmap + non-mmap:         4372384 Byte
20220313 033051.133 INFO             PET0 PIOc_freedecomp Exit - MemInfo: [malloc] Total space held (mmap + non-mmap):         13627392 Byte
20220313 033051.133 INFO             PET0 PIOc_freedecomp Exit - MemInfo: [malloc] Total space used (mmap + non-mmap):          4381728 Byte
20220313 033051.133 INFO             PET0 PIOc_freedecomp Exit - MemInfo: Wall-clock time since execution start:               0.039291 seconds
20220313 033051.133 INFO             PET0  PASS  Write ESMF_Array with Halo to NetCDF variable copy Test, ESMF_ArrayIOUTest.F90, line 442
20220313 033051.134 INFO             PET0  PASS  Destroy Array with Halo, ESMF_ArrayIOUTest.F90, line 453
20220313 033051.134 INFO             PET0  PASS  Destroy Array without Halo, ESMF_ArrayIOUTest.F90, line 460
20220313 033051.134 INFO             PET0  PASS  Destroy DistGrid, ESMF_ArrayIOUTest.F90, line 467
20220313 033051.134 INFO             PET0  PASS  dstDistgrid Create Test, ESMF_ArrayIOUTest.F90, line 485
20220313 033051.134 INFO             PET0  PASS  Array Spec Set Test, ESMF_ArrayIOUTest.F90, line 493
20220313 033051.134 INFO             PET0  PASS  Array with Halo Create Test, ESMF_ArrayIOUTest.F90, line 507
20220313 033051.134 INFO             PET0  PASS  Array without Halo Create Test, ESMF_ArrayIOUTest.F90, line 517
20220313 033051.137 INFO             PET0 PIOc_sync Enter - MemInfo: [/proc/meminfo - SSI]	MemTotal:       196434604 kB
20220313 033051.137 INFO             PET0 PIOc_sync Enter - MemInfo: [/proc/meminfo - SSI]	MemFree:        184355456 kB
20220313 033051.137 INFO             PET0 PIOc_sync Enter - MemInfo: [/proc/meminfo - SSI]	MemAvailable:   191819960 kB
20220313 033051.137 INFO             PET0 PIOc_sync Enter - MemInfo: [/proc/meminfo - SSI]	Committed_AS:     791500 kB
20220313 033051.137 INFO             PET0 PIOc_sync Enter - MemInfo: [/proc/meminfo - SSI]	CommittedPercent: 0.402933 %
20220313 033051.137 INFO             PET0 PIOc_sync Enter - MemInfo: [/proc/self/status]	VmPeak:	  686412 kB
20220313 033051.137 INFO             PET0 PIOc_sync Enter - MemInfo: [/proc/self/status]	VmSize:	  686404 kB
20220313 033051.137 INFO             PET0 PIOc_sync Enter - MemInfo: [/proc/self/status]	VmLck:	       0 kB
20220313 033051.137 INFO             PET0 PIOc_sync Enter - MemInfo: [/proc/self/status]	VmPin:	       0 kB
20220313 033051.137 INFO             PET0 PIOc_sync Enter - MemInfo: [/proc/self/status]	VmHWM:	   71740 kB
20220313 033051.137 INFO             PET0 PIOc_sync Enter - MemInfo: [/proc/self/status]	VmRSS:	   39572 kB
20220313 033051.137 INFO             PET0 PIOc_sync Enter - MemInfo: [/proc/self/status]	VmData:	  195268 kB
20220313 033051.137 INFO             PET0 PIOc_sync Enter - MemInfo: [/proc/self/status]	VmStk:	     144 kB
20220313 033051.137 INFO             PET0 PIOc_sync Enter - MemInfo: [/proc/self/status]	VmExe:	     476 kB
20220313 033051.137 INFO             PET0 PIOc_sync Enter - MemInfo: [/proc/self/status]	VmLib:	   83112 kB
20220313 033051.137 INFO             PET0 PIOc_sync Enter - MemInfo: [/proc/self/status]	VmPTE:	     972 kB
20220313 033051.137 INFO             PET0 PIOc_sync Enter - MemInfo: [/proc/self/status]	VmSwap:	       0 kB
20220313 033051.137 INFO             PET0 PIOc_sync Enter - MemInfo: [/proc/self/status]	VmRSSPercent: 0.0201451 %
20220313 033051.137 INFO             PET0 PIOc_sync Enter - MemInfo: [malloc] Non-mmapped space allocated:                12046336 Byte
20220313 033051.137 INFO             PET0 PIOc_sync Enter - MemInfo: [malloc] Space allocated in mmapped regions:          1581056 Byte
20220313 033051.137 INFO             PET0 PIOc_sync Enter - MemInfo: [malloc] Maximum total allocated space:                     0 Byte
20220313 033051.137 INFO             PET0 PIOc_sync Enter - MemInfo: [malloc] Space in freed fastbin blocks:                  1808 Byte
20220313 033051.137 INFO             PET0 PIOc_sync Enter - MemInfo: [malloc] Total allocated space:                      11726048 Byte
20220313 033051.137 INFO             PET0 PIOc_sync Enter - MemInfo: [malloc] Total free space:                             320288 Byte
20220313 033051.137 INFO             PET0 PIOc_sync Enter - MemInfo: [malloc] Top-most, releasable space:                   117136 Byte
20220313 033051.137 INFO             PET0 PIOc_sync Enter - MemInfo: [malloc] Total space in use, mmap + non-mmap:        13307104 Byte
20220313 033051.137 INFO             PET0 PIOc_sync Enter - MemInfo: [malloc] Total space held (mmap + non-mmap):         13627392 Byte
20220313 033051.137 INFO             PET0 PIOc_sync Enter - MemInfo: [malloc] Total space used (mmap + non-mmap):         13316448 Byte
20220313 033051.137 INFO             PET0 PIOc_sync Enter - MemInfo: Wall-clock time since execution start:               0.042705 seconds
20220313 033051.137 INFO             PET0 PIOc_sync Exit - MemInfo: [/proc/meminfo - SSI]	MemTotal:       196434604 kB
20220313 033051.137 INFO             PET0 PIOc_sync Exit - MemInfo: [/proc/meminfo - SSI]	MemFree:        184355456 kB
20220313 033051.137 INFO             PET0 PIOc_sync Exit - MemInfo: [/proc/meminfo - SSI]	MemAvailable:   191819960 kB
20220313 033051.137 INFO             PET0 PIOc_sync Exit - MemInfo: [/proc/meminfo - SSI]	Committed_AS:     791500 kB
20220313 033051.138 INFO             PET0 PIOc_sync Exit - MemInfo: [/proc/meminfo - SSI]	CommittedPercent: 0.402933 %
20220313 033051.138 INFO             PET0 PIOc_sync Exit - MemInfo: [/proc/self/status]	VmPeak:	  686412 kB
20220313 033051.138 INFO             PET0 PIOc_sync Exit - MemInfo: [/proc/self/status]	VmSize:	  686404 kB
20220313 033051.138 INFO             PET0 PIOc_sync Exit - MemInfo: [/proc/self/status]	VmLck:	       0 kB
20220313 033051.138 INFO             PET0 PIOc_sync Exit - MemInfo: [/proc/self/status]	VmPin:	       0 kB
20220313 033051.138 INFO             PET0 PIOc_sync Exit - MemInfo: [/proc/self/status]	VmHWM:	   71740 kB
20220313 033051.138 INFO             PET0 PIOc_sync Exit - MemInfo: [/proc/self/status]	VmRSS:	   39580 kB
20220313 033051.138 INFO             PET0 PIOc_sync Exit - MemInfo: [/proc/self/status]	VmData:	  195268 kB
20220313 033051.138 INFO             PET0 PIOc_sync Exit - MemInfo: [/proc/self/status]	VmStk:	     144 kB
20220313 033051.138 INFO             PET0 PIOc_sync Exit - MemInfo: [/proc/self/status]	VmExe:	     476 kB
20220313 033051.138 INFO             PET0 PIOc_sync Exit - MemInfo: [/proc/self/status]	VmLib:	   83112 kB
20220313 033051.138 INFO             PET0 PIOc_sync Exit - MemInfo: [/proc/self/status]	VmPTE:	     972 kB
20220313 033051.138 INFO             PET0 PIOc_sync Exit - MemInfo: [/proc/self/status]	VmSwap:	       0 kB
20220313 033051.138 INFO             PET0 PIOc_sync Exit - MemInfo: [/proc/self/status]	VmRSSPercent: 0.0201492 %
20220313 033051.138 INFO             PET0 PIOc_sync Exit - MemInfo: [malloc] Non-mmapped space allocated:                12046336 Byte
20220313 033051.138 INFO             PET0 PIOc_sync Exit - MemInfo: [malloc] Space allocated in mmapped regions:          1581056 Byte
20220313 033051.138 INFO             PET0 PIOc_sync Exit - MemInfo: [malloc] Maximum total allocated space:                     0 Byte
20220313 033051.138 INFO             PET0 PIOc_sync Exit - MemInfo: [malloc] Space in freed fastbin blocks:                  2096 Byte
20220313 033051.138 INFO             PET0 PIOc_sync Exit - MemInfo: [malloc] Total allocated space:                      11732352 Byte
20220313 033051.138 INFO             PET0 PIOc_sync Exit - MemInfo: [malloc] Total free space:                             313984 Byte
20220313 033051.138 INFO             PET0 PIOc_sync Exit - MemInfo: [malloc] Top-most, releasable space:                   108160 Byte
20220313 033051.138 INFO             PET0 PIOc_sync Exit - MemInfo: [malloc] Total space in use, mmap + non-mmap:        13313408 Byte
20220313 033051.138 INFO             PET0 PIOc_sync Exit - MemInfo: [malloc] Total space held (mmap + non-mmap):         13627392 Byte
20220313 033051.138 INFO             PET0 PIOc_sync Exit - MemInfo: [malloc] Total space used (mmap + non-mmap):         13322768 Byte
20220313 033051.138 INFO             PET0 PIOc_sync Exit - MemInfo: Wall-clock time since execution start:              0.0436021 seconds
20220313 033051.138 INFO             PET0 PIOc_freedecomp Enter - MemInfo: [/proc/meminfo - SSI]	MemTotal:       196434604 kB
20220313 033051.138 INFO             PET0 PIOc_freedecomp Enter - MemInfo: [/proc/meminfo - SSI]	MemFree:        184355456 kB
20220313 033051.138 INFO             PET0 PIOc_freedecomp Enter - MemInfo: [/proc/meminfo - SSI]	MemAvailable:   191819960 kB
20220313 033051.138 INFO             PET0 PIOc_freedecomp Enter - MemInfo: [/proc/meminfo - SSI]	Committed_AS:     791500 kB
20220313 033051.138 INFO             PET0 PIOc_freedecomp Enter - MemInfo: [/proc/meminfo - SSI]	CommittedPercent: 0.402933 %
20220313 033051.138 INFO             PET0 PIOc_freedecomp Enter - MemInfo: [/proc/self/status]	VmPeak:	  686412 kB
20220313 033051.138 INFO             PET0 PIOc_freedecomp Enter - MemInfo: [/proc/self/status]	VmSize:	  686404 kB
20220313 033051.138 INFO             PET0 PIOc_freedecomp Enter - MemInfo: [/proc/self/status]	VmLck:	       0 kB
20220313 033051.138 INFO             PET0 PIOc_freedecomp Enter - MemInfo: [/proc/self/status]	VmPin:	       0 kB
20220313 033051.138 INFO             PET0 PIOc_freedecomp Enter - MemInfo: [/proc/self/status]	VmHWM:	   71740 kB
20220313 033051.138 INFO             PET0 PIOc_freedecomp Enter - MemInfo: [/proc/self/status]	VmRSS:	   39580 kB
20220313 033051.139 INFO             PET0 PIOc_freedecomp Enter - MemInfo: [/proc/self/status]	VmData:	  195268 kB
20220313 033051.139 INFO             PET0 PIOc_freedecomp Enter - MemInfo: [/proc/self/status]	VmStk:	     144 kB
20220313 033051.139 INFO             PET0 PIOc_freedecomp Enter - MemInfo: [/proc/self/status]	VmExe:	     476 kB
20220313 033051.139 INFO             PET0 PIOc_freedecomp Enter - MemInfo: [/proc/self/status]	VmLib:	   83112 kB
20220313 033051.139 INFO             PET0 PIOc_freedecomp Enter - MemInfo: [/proc/self/status]	VmPTE:	     972 kB
20220313 033051.139 INFO             PET0 PIOc_freedecomp Enter - MemInfo: [/proc/self/status]	VmSwap:	       0 kB
20220313 033051.139 INFO             PET0 PIOc_freedecomp Enter - MemInfo: [/proc/self/status]	VmRSSPercent: 0.0201492 %
20220313 033051.139 INFO             PET0 PIOc_freedecomp Enter - MemInfo: [malloc] Non-mmapped space allocated:                12046336 Byte
20220313 033051.139 INFO             PET0 PIOc_freedecomp Enter - MemInfo: [malloc] Space allocated in mmapped regions:          1581056 Byte
20220313 033051.139 INFO             PET0 PIOc_freedecomp Enter - MemInfo: [malloc] Maximum total allocated space:                     0 Byte
20220313 033051.139 INFO             PET0 PIOc_freedecomp Enter - MemInfo: [malloc] Space in freed fastbin blocks:                  1888 Byte
20220313 033051.139 INFO             PET0 PIOc_freedecomp Enter - MemInfo: [malloc] Total allocated space:                       2806144 Byte
20220313 033051.139 INFO             PET0 PIOc_freedecomp Enter - MemInfo: [malloc] Total free space:                            9240192 Byte
20220313 033051.139 INFO             PET0 PIOc_freedecomp Enter - MemInfo: [malloc] Top-most, releasable space:                   108160 Byte
20220313 033051.139 INFO             PET0 PIOc_freedecomp Enter - MemInfo: [malloc] Total space in use, mmap + non-mmap:         4387200 Byte
20220313 033051.139 INFO             PET0 PIOc_freedecomp Enter - MemInfo: [malloc] Total space held (mmap + non-mmap):         13627392 Byte
20220313 033051.139 INFO             PET0 PIOc_freedecomp Enter - MemInfo: [malloc] Total space used (mmap + non-mmap):          4396544 Byte
20220313 033051.139 INFO             PET0 PIOc_freedecomp Enter - MemInfo: Wall-clock time since execution start:              0.0444901 seconds
20220313 033051.139 INFO             PET0 PIOc_freedecomp Exit - MemInfo: [/proc/meminfo - SSI]	MemTotal:       196434604 kB
20220313 033051.139 INFO             PET0 PIOc_freedecomp Exit - MemInfo: [/proc/meminfo - SSI]	MemFree:        184355456 kB
20220313 033051.139 INFO             PET0 PIOc_freedecomp Exit - MemInfo: [/proc/meminfo - SSI]	MemAvailable:   191819960 kB
20220313 033051.139 INFO             PET0 PIOc_freedecomp Exit - MemInfo: [/proc/meminfo - SSI]	Committed_AS:     791500 kB
20220313 033051.139 INFO             PET0 PIOc_freedecomp Exit - MemInfo: [/proc/meminfo - SSI]	CommittedPercent: 0.402933 %
20220313 033051.139 INFO             PET0 PIOc_freedecomp Exit - MemInfo: [/proc/self/status]	VmPeak:	  686412 kB
20220313 033051.139 INFO             PET0 PIOc_freedecomp Exit - MemInfo: [/proc/self/status]	VmSize:	  686404 kB
20220313 033051.139 INFO             PET0 PIOc_freedecomp Exit - MemInfo: [/proc/self/status]	VmLck:	       0 kB
20220313 033051.139 INFO             PET0 PIOc_freedecomp Exit - MemInfo: [/proc/self/status]	VmPin:	       0 kB
20220313 033051.139 INFO             PET0 PIOc_freedecomp Exit - MemInfo: [/proc/self/status]	VmHWM:	   71740 kB
20220313 033051.139 INFO             PET0 PIOc_freedecomp Exit - MemInfo: [/proc/self/status]	VmRSS:	   39580 kB
20220313 033051.139 INFO             PET0 PIOc_freedecomp Exit - MemInfo: [/proc/self/status]	VmData:	  195268 kB
20220313 033051.139 INFO             PET0 PIOc_freedecomp Exit - MemInfo: [/proc/self/status]	VmStk:	     144 kB
20220313 033051.139 INFO             PET0 PIOc_freedecomp Exit - MemInfo: [/proc/self/status]	VmExe:	     476 kB
20220313 033051.139 INFO             PET0 PIOc_freedecomp Exit - MemInfo: [/proc/self/status]	VmLib:	   83112 kB
20220313 033051.139 INFO             PET0 PIOc_freedecomp Exit - MemInfo: [/proc/self/status]	VmPTE:	     972 kB
20220313 033051.139 INFO             PET0 PIOc_freedecomp Exit - MemInfo: [/proc/self/status]	VmSwap:	       0 kB
20220313 033051.139 INFO             PET0 PIOc_freedecomp Exit - MemInfo: [/proc/self/status]	VmRSSPercent: 0.0201492 %
20220313 033051.139 INFO             PET0 PIOc_freedecomp Exit - MemInfo: [malloc] Non-mmapped space allocated:                12046336 Byte
20220313 033051.139 INFO             PET0 PIOc_freedecomp Exit - MemInfo: [malloc] Space allocated in mmapped regions:          1581056 Byte
20220313 033051.139 INFO             PET0 PIOc_freedecomp Exit - MemInfo: [malloc] Maximum total allocated space:                     0 Byte
20220313 033051.139 INFO             PET0 PIOc_freedecomp Exit - MemInfo: [malloc] Space in freed fastbin blocks:                  3280 Byte
20220313 033051.139 INFO             PET0 PIOc_freedecomp Exit - MemInfo: [malloc] Total allocated space:                       2796240 Byte
20220313 033051.139 INFO             PET0 PIOc_freedecomp Exit - MemInfo: [malloc] Total free space:                            9250096 Byte
20220313 033051.139 INFO             PET0 PIOc_freedecomp Exit - MemInfo: [malloc] Top-most, releasable space:                   108160 Byte
20220313 033051.139 INFO             PET0 PIOc_freedecomp Exit - MemInfo: [malloc] Total space in use, mmap + non-mmap:         4377296 Byte
20220313 033051.139 INFO             PET0 PIOc_freedecomp Exit - MemInfo: [malloc] Total space held (mmap + non-mmap):         13627392 Byte
20220313 033051.139 INFO             PET0 PIOc_freedecomp Exit - MemInfo: [malloc] Total space used (mmap + non-mmap):          4386640 Byte
20220313 033051.139 INFO             PET0 PIOc_freedecomp Exit - MemInfo: Wall-clock time since execution start:              0.0448929 seconds
20220313 033051.139 INFO             PET0  PASS  Write 2D ESMF_Array with Halo to NetCDF Test, ESMF_ArrayIOUTest.F90, line 547
20220313 033051.140 WARNING          PET0 ESMCI_PIO_Handler.C:1344 ESMCI::PIO_Handler::open()  Unable to set fill on file: file2D_withhalo.nc, (PIO/NetCDF error = NetCDF: Write to read only)
20220313 033051.140 INFO             PET0 PIOc_sync Enter - MemInfo: [/proc/meminfo - SSI]	MemTotal:       196434604 kB
20220313 033051.140 INFO             PET0 PIOc_sync Enter - MemInfo: [/proc/meminfo - SSI]	MemFree:        184355456 kB
20220313 033051.140 INFO             PET0 PIOc_sync Enter - MemInfo: [/proc/meminfo - SSI]	MemAvailable:   191819960 kB
20220313 033051.141 INFO             PET0 PIOc_sync Enter - MemInfo: [/proc/meminfo - SSI]	Committed_AS:     791500 kB
20220313 033051.141 INFO             PET0 PIOc_sync Enter - MemInfo: [/proc/meminfo - SSI]	CommittedPercent: 0.402933 %
20220313 033051.141 INFO             PET0 PIOc_sync Enter - MemInfo: [/proc/self/status]	VmPeak:	  686412 kB
20220313 033051.141 INFO             PET0 PIOc_sync Enter - MemInfo: [/proc/self/status]	VmSize:	  686404 kB
20220313 033051.141 INFO             PET0 PIOc_sync Enter - MemInfo: [/proc/self/status]	VmLck:	       0 kB
20220313 033051.141 INFO             PET0 PIOc_sync Enter - MemInfo: [/proc/self/status]	VmPin:	       0 kB
20220313 033051.141 INFO             PET0 PIOc_sync Enter - MemInfo: [/proc/self/status]	VmHWM:	   71740 kB
20220313 033051.141 INFO             PET0 PIOc_sync Enter - MemInfo: [/proc/self/status]	VmRSS:	   39596 kB
20220313 033051.141 INFO             PET0 PIOc_sync Enter - MemInfo: [/proc/self/status]	VmData:	  195268 kB
20220313 033051.141 INFO             PET0 PIOc_sync Enter - MemInfo: [/proc/self/status]	VmStk:	     144 kB
20220313 033051.141 INFO             PET0 PIOc_sync Enter - MemInfo: [/proc/self/status]	VmExe:	     476 kB
20220313 033051.141 INFO             PET0 PIOc_sync Enter - MemInfo: [/proc/self/status]	VmLib:	   83112 kB
20220313 033051.141 INFO             PET0 PIOc_sync Enter - MemInfo: [/proc/self/status]	VmPTE:	     972 kB
20220313 033051.141 INFO             PET0 PIOc_sync Enter - MemInfo: [/proc/self/status]	VmSwap:	       0 kB
20220313 033051.141 INFO             PET0 PIOc_sync Enter - MemInfo: [/proc/self/status]	VmRSSPercent: 0.0201573 %
20220313 033051.141 INFO             PET0 PIOc_sync Enter - MemInfo: [malloc] Non-mmapped space allocated:                12046336 Byte
20220313 033051.141 INFO             PET0 PIOc_sync Enter - MemInfo: [malloc] Space allocated in mmapped regions:          1581056 Byte
20220313 033051.141 INFO             PET0 PIOc_sync Enter - MemInfo: [malloc] Maximum total allocated space:                     0 Byte
20220313 033051.141 INFO             PET0 PIOc_sync Enter - MemInfo: [malloc] Space in freed fastbin blocks:                  1648 Byte
20220313 033051.141 INFO             PET0 PIOc_sync Enter - MemInfo: [malloc] Total allocated space:                      11731168 Byte
20220313 033051.141 INFO             PET0 PIOc_sync Enter - MemInfo: [malloc] Total free space:                             315168 Byte
20220313 033051.141 INFO             PET0 PIOc_sync Enter - MemInfo: [malloc] Top-most, releasable space:                   114800 Byte
20220313 033051.141 INFO             PET0 PIOc_sync Enter - MemInfo: [malloc] Total space in use, mmap + non-mmap:        13312224 Byte
20220313 033051.141 INFO             PET0 PIOc_sync Enter - MemInfo: [malloc] Total space held (mmap + non-mmap):         13627392 Byte
20220313 033051.141 INFO             PET0 PIOc_sync Enter - MemInfo: [malloc] Total space used (mmap + non-mmap):         13321568 Byte
20220313 033051.141 INFO             PET0 PIOc_sync Enter - MemInfo: Wall-clock time since execution start:              0.0465879 seconds
20220313 033051.141 INFO             PET0 PIOc_sync Exit - MemInfo: [/proc/meminfo - SSI]	MemTotal:       196434604 kB
20220313 033051.141 INFO             PET0 PIOc_sync Exit - MemInfo: [/proc/meminfo - SSI]	MemFree:        184355456 kB
20220313 033051.141 INFO             PET0 PIOc_sync Exit - MemInfo: [/proc/meminfo - SSI]	MemAvailable:   191819960 kB
20220313 033051.141 INFO             PET0 PIOc_sync Exit - MemInfo: [/proc/meminfo - SSI]	Committed_AS:     791500 kB
20220313 033051.141 INFO             PET0 PIOc_sync Exit - MemInfo: [/proc/meminfo - SSI]	CommittedPercent: 0.402933 %
20220313 033051.141 INFO             PET0 PIOc_sync Exit - MemInfo: [/proc/self/status]	VmPeak:	  686412 kB
20220313 033051.141 INFO             PET0 PIOc_sync Exit - MemInfo: [/proc/self/status]	VmSize:	  686404 kB
20220313 033051.141 INFO             PET0 PIOc_sync Exit - MemInfo: [/proc/self/status]	VmLck:	       0 kB
20220313 033051.141 INFO             PET0 PIOc_sync Exit - MemInfo: [/proc/self/status]	VmPin:	       0 kB
20220313 033051.141 INFO             PET0 PIOc_sync Exit - MemInfo: [/proc/self/status]	VmHWM:	   71740 kB
20220313 033051.141 INFO             PET0 PIOc_sync Exit - MemInfo: [/proc/self/status]	VmRSS:	   39596 kB
20220313 033051.141 INFO             PET0 PIOc_sync Exit - MemInfo: [/proc/self/status]	VmData:	  195268 kB
20220313 033051.141 INFO             PET0 PIOc_sync Exit - MemInfo: [/proc/self/status]	VmStk:	     144 kB
20220313 033051.141 INFO             PET0 PIOc_sync Exit - MemInfo: [/proc/self/status]	VmExe:	     476 kB
20220313 033051.141 INFO             PET0 PIOc_sync Exit - MemInfo: [/proc/self/status]	VmLib:	   83112 kB
20220313 033051.141 INFO             PET0 PIOc_sync Exit - MemInfo: [/proc/self/status]	VmPTE:	     972 kB
20220313 033051.141 INFO             PET0 PIOc_sync Exit - MemInfo: [/proc/self/status]	VmSwap:	       0 kB
