build time -- 2022-03-13 03:22:09
20220313 033036.149 INFO             PET0 !!!!!!!!!!!!!!!!!!!!!!!!!!!!!!!!!!!!!!!!!!!!!!!!!!!!!!
20220313 033036.149 INFO             PET0 !!! THE ESMF_LOG IS SET TO OUTPUT ALL LOG MESSAGES !!!
20220313 033036.149 INFO             PET0 !!!     THIS MAY CAUSE SLOWDOWN IN PERFORMANCE     !!!
20220313 033036.149 INFO             PET0 !!! FOR PRODUCTION RUNS, USE:                      !!!
20220313 033036.149 INFO             PET0 !!!                   ESMF_LOGKIND_Multi_On_Error  !!!
20220313 033036.149 INFO             PET0 !!!!!!!!!!!!!!!!!!!!!!!!!!!!!!!!!!!!!!!!!!!!!!!!!!!!!!
20220313 033036.149 INFO             PET0 Running with ESMF Version   : v8.3.0b09-96-g559b459
20220313 033036.149 INFO             PET0 ESMF library build date/time: "Mar 13 2022" "03:20:48"
20220313 033036.149 INFO             PET0 ESMF library build location : /work/noaa/da/mpotts/sandbox/gfortran_8.3.0_openmpi_g_jedwards_pio_update2
20220313 033036.149 INFO             PET0 ESMF_COMM                   : openmpi
20220313 033036.149 INFO             PET0 ESMF_MOAB                   : enabled
20220313 033036.149 INFO             PET0 ESMF_LAPACK                 : enabled
20220313 033036.149 INFO             PET0 ESMF_NETCDF                 : enabled
20220313 033036.149 INFO             PET0 ESMF_PNETCDF                : disabled
20220313 033036.149 INFO             PET0 ESMF_PIO                    : enabled
20220313 033036.149 INFO             PET0 ESMF_YAMLCPP                : enabled
20220313 033036.150 INFO             PET0  Beginning Test, file ESMF_RouteHandleAdvancedUTest.F90, line 346
20220313 033036.150 INFO             PET0  NUMBER_OF_PROCESSORS           4
20220313 033036.161 INFO             PET0 ESMF_FieldRedistStoreNF(): Just entered routine.
20220313 033036.724 INFO             PET0 ESMF_FieldRedistStoreNF(): Leaving routine.
20220313 033036.724 INFO             PET0  PASS  Create RouteHandle for the original petList, ESMF_RouteHandleAdvancedUTest.F90, line 511
20220313 033036.724 INFO             PET0  PASS  Test RouteHandleIsCreated(), ESMF_RouteHandleAdvancedUTest.F90, line 519
20220313 033036.724 INFO             PET0  PASS  Test RouteHandleIsCreated() return value, ESMF_RouteHandleAdvancedUTest.F90, line 526
20220313 033036.724 INFO             PET0  PASS  Test RouteHandleGet(), ESMF_RouteHandleAdvancedUTest.F90, line 534
20220313 033037.369 INFO             PET0  PASS  Test RouteHandleWrite(), ESMF_RouteHandleAdvancedUTest.F90, line 542
20220313 033037.369 INFO             PET0  PASS  Test RouteHandleDestroy(), ESMF_RouteHandleAdvancedUTest.F90, line 550
20220313 033037.372 INFO             PET0  PASS  Test RouteHandleCreate(from file), ESMF_RouteHandleAdvancedUTest.F90, line 558
20220313 033037.375 INFO             PET0  PASS  Apply the read in Routehandle, ESMF_RouteHandleAdvancedUTest.F90, line 567
20220313 033037.375 INFO             PET0  PASS  Test RouteHandleDestroy() for the read in Routehandle, ESMF_RouteHandleAdvancedUTest.F90, line 575
20220313 033037.375 INFO             PET0 ESMF_FieldRedistStoreNF(): Just entered routine.
20220313 033037.926 INFO             PET0 ESMF_FieldRedistStoreNF(): Leaving routine.
20220313 033037.926 INFO             PET0  PASS  Create RouteHandle for the original petList, ESMF_RouteHandleAdvancedUTest.F90, line 585
20220313 033037.926 INFO             PET0  PASS  Transfer RouteHandle to a different petList, ESMF_RouteHandleAdvancedUTest.F90, line 602
20220313 033037.937 INFO             PET0 PIOc_sync Enter - MemInfo: [/proc/meminfo - SSI]	MemTotal:       196434604 kB
20220313 033037.937 INFO             PET0 PIOc_sync Enter - MemInfo: [/proc/meminfo - SSI]	MemFree:        184338408 kB
20220313 033037.937 INFO             PET0 PIOc_sync Enter - MemInfo: [/proc/meminfo - SSI]	MemAvailable:   191796892 kB
20220313 033037.937 INFO             PET0 PIOc_sync Enter - MemInfo: [/proc/meminfo - SSI]	Committed_AS:     739456 kB
20220313 033037.937 INFO             PET0 PIOc_sync Enter - MemInfo: [/proc/meminfo - SSI]	CommittedPercent: 0.376439 %
20220313 033037.937 INFO             PET0 PIOc_sync Enter - MemInfo: [/proc/self/status]	VmPeak:	  690660 kB
20220313 033037.937 INFO             PET0 PIOc_sync Enter - MemInfo: [/proc/self/status]	VmSize:	  690384 kB
20220313 033037.937 INFO             PET0 PIOc_sync Enter - MemInfo: [/proc/self/status]	VmLck:	       0 kB
20220313 033037.937 INFO             PET0 PIOc_sync Enter - MemInfo: [/proc/self/status]	VmPin:	       0 kB
20220313 033037.937 INFO             PET0 PIOc_sync Enter - MemInfo: [/proc/self/status]	VmHWM:	   71728 kB
20220313 033037.937 INFO             PET0 PIOc_sync Enter - MemInfo: [/proc/self/status]	VmRSS:	   48968 kB
20220313 033037.937 INFO             PET0 PIOc_sync Enter - MemInfo: [/proc/self/status]	VmData:	  207580 kB
20220313 033037.937 INFO             PET0 PIOc_sync Enter - MemInfo: [/proc/self/status]	VmStk:	     144 kB
20220313 033037.937 INFO             PET0 PIOc_sync Enter - MemInfo: [/proc/self/status]	VmExe:	     344 kB
20220313 033037.937 INFO             PET0 PIOc_sync Enter - MemInfo: [/proc/self/status]	VmLib:	   83112 kB
20220313 033037.937 INFO             PET0 PIOc_sync Enter - MemInfo: [/proc/self/status]	VmPTE:	     992 kB
20220313 033037.937 INFO             PET0 PIOc_sync Enter - MemInfo: [/proc/self/status]	VmSwap:	       0 kB
20220313 033037.937 INFO             PET0 PIOc_sync Enter - MemInfo: [/proc/self/status]	VmRSSPercent: 0.0249284 %
20220313 033037.937 INFO             PET0 PIOc_sync Enter - MemInfo: [malloc] Non-mmapped space allocated:                24653824 Byte
20220313 033037.937 INFO             PET0 PIOc_sync Enter - MemInfo: [malloc] Space allocated in mmapped regions:          1581056 Byte
20220313 033037.937 INFO             PET0 PIOc_sync Enter - MemInfo: [malloc] Maximum total allocated space:                     0 Byte
20220313 033037.937 INFO             PET0 PIOc_sync Enter - MemInfo: [malloc] Space in freed fastbin blocks:                  1696 Byte
20220313 033037.937 INFO             PET0 PIOc_sync Enter - MemInfo: [malloc] Total allocated space:                      12963712 Byte
20220313 033037.937 INFO             PET0 PIOc_sync Enter - MemInfo: [malloc] Total free space:                           11690112 Byte
20220313 033037.937 INFO             PET0 PIOc_sync Enter - MemInfo: [malloc] Top-most, releasable space:                  6640240 Byte
20220313 033037.937 INFO             PET0 PIOc_sync Enter - MemInfo: [malloc] Total space in use, mmap + non-mmap:        14544768 Byte
20220313 033037.937 INFO             PET0 PIOc_sync Enter - MemInfo: [malloc] Total space held (mmap + non-mmap):         26234880 Byte
20220313 033037.937 INFO             PET0 PIOc_sync Enter - MemInfo: [malloc] Total space used (mmap + non-mmap):         14554112 Byte
20220313 033037.937 INFO             PET0 PIOc_sync Enter - MemInfo: Wall-clock time since execution start:                1.79258 seconds
20220313 033037.938 INFO             PET0 PIOc_sync Exit - MemInfo: [/proc/meminfo - SSI]	MemTotal:       196434604 kB
20220313 033037.938 INFO             PET0 PIOc_sync Exit - MemInfo: [/proc/meminfo - SSI]	MemFree:        184338408 kB
20220313 033037.938 INFO             PET0 PIOc_sync Exit - MemInfo: [/proc/meminfo - SSI]	MemAvailable:   191796892 kB
20220313 033037.938 INFO             PET0 PIOc_sync Exit - MemInfo: [/proc/meminfo - SSI]	Committed_AS:     739456 kB
20220313 033037.938 INFO             PET0 PIOc_sync Exit - MemInfo: [/proc/meminfo - SSI]	CommittedPercent: 0.376439 %
20220313 033037.939 INFO             PET0 PIOc_sync Exit - MemInfo: [/proc/self/status]	VmPeak:	  690660 kB
20220313 033037.939 INFO             PET0 PIOc_sync Exit - MemInfo: [/proc/self/status]	VmSize:	  690384 kB
20220313 033037.939 INFO             PET0 PIOc_sync Exit - MemInfo: [/proc/self/status]	VmLck:	       0 kB
20220313 033037.939 INFO             PET0 PIOc_sync Exit - MemInfo: [/proc/self/status]	VmPin:	       0 kB
20220313 033037.939 INFO             PET0 PIOc_sync Exit - MemInfo: [/proc/self/status]	VmHWM:	   71728 kB
20220313 033037.939 INFO             PET0 PIOc_sync Exit - MemInfo: [/proc/self/status]	VmRSS:	   49072 kB
20220313 033037.939 INFO             PET0 PIOc_sync Exit - MemInfo: [/proc/self/status]	VmData:	  207580 kB
20220313 033037.939 INFO             PET0 PIOc_sync Exit - MemInfo: [/proc/self/status]	VmStk:	     144 kB
20220313 033037.939 INFO             PET0 PIOc_sync Exit - MemInfo: [/proc/self/status]	VmExe:	     344 kB
20220313 033037.939 INFO             PET0 PIOc_sync Exit - MemInfo: [/proc/self/status]	VmLib:	   83112 kB
20220313 033037.939 INFO             PET0 PIOc_sync Exit - MemInfo: [/proc/self/status]	VmPTE:	     992 kB
20220313 033037.939 INFO             PET0 PIOc_sync Exit - MemInfo: [/proc/self/status]	VmSwap:	       0 kB
20220313 033037.939 INFO             PET0 PIOc_sync Exit - MemInfo: [/proc/self/status]	VmRSSPercent: 0.0249813 %
20220313 033037.939 INFO             PET0 PIOc_sync Exit - MemInfo: [malloc] Non-mmapped space allocated:                24653824 Byte
20220313 033037.939 INFO             PET0 PIOc_sync Exit - MemInfo: [malloc] Space allocated in mmapped regions:          1581056 Byte
20220313 033037.939 INFO             PET0 PIOc_sync Exit - MemInfo: [malloc] Maximum total allocated space:                     0 Byte
20220313 033037.939 INFO             PET0 PIOc_sync Exit - MemInfo: [malloc] Space in freed fastbin blocks:                  1824 Byte
20220313 033037.939 INFO             PET0 PIOc_sync Exit - MemInfo: [malloc] Total allocated space:                      12968464 Byte
20220313 033037.939 INFO             PET0 PIOc_sync Exit - MemInfo: [malloc] Total free space:                           11685360 Byte
20220313 033037.939 INFO             PET0 PIOc_sync Exit - MemInfo: [malloc] Top-most, releasable space:                  6640240 Byte
20220313 033037.939 INFO             PET0 PIOc_sync Exit - MemInfo: [malloc] Total space in use, mmap + non-mmap:        14549520 Byte
20220313 033037.939 INFO             PET0 PIOc_sync Exit - MemInfo: [malloc] Total space held (mmap + non-mmap):         26234880 Byte
20220313 033037.939 INFO             PET0 PIOc_sync Exit - MemInfo: [malloc] Total space used (mmap + non-mmap):         14558864 Byte
20220313 033037.939 INFO             PET0 PIOc_sync Exit - MemInfo: Wall-clock time since execution start:                1.79383 seconds
20220313 033037.939 INFO             PET0 PIOc_freedecomp Enter - MemInfo: [/proc/meminfo - SSI]	MemTotal:       196434604 kB
20220313 033037.939 INFO             PET0 PIOc_freedecomp Enter - MemInfo: [/proc/meminfo - SSI]	MemFree:        184338408 kB
20220313 033037.939 INFO             PET0 PIOc_freedecomp Enter - MemInfo: [/proc/meminfo - SSI]	MemAvailable:   191796892 kB
20220313 033037.939 INFO             PET0 PIOc_freedecomp Enter - MemInfo: [/proc/meminfo - SSI]	Committed_AS:     739456 kB
20220313 033037.939 INFO             PET0 PIOc_freedecomp Enter - MemInfo: [/proc/meminfo - SSI]	CommittedPercent: 0.376439 %
20220313 033037.939 INFO             PET0 PIOc_freedecomp Enter - MemInfo: [/proc/self/status]	VmPeak:	  690660 kB
20220313 033037.939 INFO             PET0 PIOc_freedecomp Enter - MemInfo: [/proc/self/status]	VmSize:	  690384 kB
20220313 033037.939 INFO             PET0 PIOc_freedecomp Enter - MemInfo: [/proc/self/status]	VmLck:	       0 kB
20220313 033037.939 INFO             PET0 PIOc_freedecomp Enter - MemInfo: [/proc/self/status]	VmPin:	       0 kB
20220313 033037.939 INFO             PET0 PIOc_freedecomp Enter - MemInfo: [/proc/self/status]	VmHWM:	   71728 kB
20220313 033037.939 INFO             PET0 PIOc_freedecomp Enter - MemInfo: [/proc/self/status]	VmRSS:	   49072 kB
20220313 033037.939 INFO             PET0 PIOc_freedecomp Enter - MemInfo: [/proc/self/status]	VmData:	  207580 kB
20220313 033037.939 INFO             PET0 PIOc_freedecomp Enter - MemInfo: [/proc/self/status]	VmStk:	     144 kB
20220313 033037.939 INFO             PET0 PIOc_freedecomp Enter - MemInfo: [/proc/self/status]	VmExe:	     344 kB
20220313 033037.939 INFO             PET0 PIOc_freedecomp Enter - MemInfo: [/proc/self/status]	VmLib:	   83112 kB
20220313 033037.939 INFO             PET0 PIOc_freedecomp Enter - MemInfo: [/proc/self/status]	VmPTE:	     992 kB
20220313 033037.939 INFO             PET0 PIOc_freedecomp Enter - MemInfo: [/proc/self/status]	VmSwap:	       0 kB
20220313 033037.939 INFO             PET0 PIOc_freedecomp Enter - MemInfo: [/proc/self/status]	VmRSSPercent: 0.0249813 %
20220313 033037.939 INFO             PET0 PIOc_freedecomp Enter - MemInfo: [malloc] Non-mmapped space allocated:                24653824 Byte
20220313 033037.939 INFO             PET0 PIOc_freedecomp Enter - MemInfo: [malloc] Space allocated in mmapped regions:          1581056 Byte
20220313 033037.939 INFO             PET0 PIOc_freedecomp Enter - MemInfo: [malloc] Maximum total allocated space:                     0 Byte
20220313 033037.940 INFO             PET0 PIOc_freedecomp Enter - MemInfo: [malloc] Space in freed fastbin blocks:                  1840 Byte
20220313 033037.940 INFO             PET0 PIOc_freedecomp Enter - MemInfo: [malloc] Total allocated space:                       4042240 Byte
20220313 033037.940 INFO             PET0 PIOc_freedecomp Enter - MemInfo: [malloc] Total free space:                           20611584 Byte
20220313 033037.940 INFO             PET0 PIOc_freedecomp Enter - MemInfo: [malloc] Top-most, releasable space:                 15028864 Byte
20220313 033037.940 INFO             PET0 PIOc_freedecomp Enter - MemInfo: [malloc] Total space in use, mmap + non-mmap:         5623296 Byte
20220313 033037.940 INFO             PET0 PIOc_freedecomp Enter - MemInfo: [malloc] Total space held (mmap + non-mmap):         26234880 Byte
20220313 033037.940 INFO             PET0 PIOc_freedecomp Enter - MemInfo: [malloc] Total space used (mmap + non-mmap):          5632640 Byte
20220313 033037.940 INFO             PET0 PIOc_freedecomp Enter - MemInfo: Wall-clock time since execution start:                1.79468 seconds
20220313 033037.940 INFO             PET0 PIOc_freedecomp Exit - MemInfo: [/proc/meminfo - SSI]	MemTotal:       196434604 kB
20220313 033037.940 INFO             PET0 PIOc_freedecomp Exit - MemInfo: [/proc/meminfo - SSI]	MemFree:        184338408 kB
20220313 033037.940 INFO             PET0 PIOc_freedecomp Exit - MemInfo: [/proc/meminfo - SSI]	MemAvailable:   191796892 kB
20220313 033037.940 INFO             PET0 PIOc_freedecomp Exit - MemInfo: [/proc/meminfo - SSI]	Committed_AS:     739456 kB
20220313 033037.940 INFO             PET0 PIOc_freedecomp Exit - MemInfo: [/proc/meminfo - SSI]	CommittedPercent: 0.376439 %
20220313 033037.940 INFO             PET0 PIOc_freedecomp Exit - MemInfo: [/proc/self/status]	VmPeak:	  690660 kB
20220313 033037.940 INFO             PET0 PIOc_freedecomp Exit - MemInfo: [/proc/self/status]	VmSize:	  690384 kB
20220313 033037.940 INFO             PET0 PIOc_freedecomp Exit - MemInfo: [/proc/self/status]	VmLck:	       0 kB
20220313 033037.940 INFO             PET0 PIOc_freedecomp Exit - MemInfo: [/proc/self/status]	VmPin:	       0 kB
20220313 033037.940 INFO             PET0 PIOc_freedecomp Exit - MemInfo: [/proc/self/status]	VmHWM:	   71728 kB
20220313 033037.940 INFO             PET0 PIOc_freedecomp Exit - MemInfo: [/proc/self/status]	VmRSS:	   49076 kB
20220313 033037.940 INFO             PET0 PIOc_freedecomp Exit - MemInfo: [/proc/self/status]	VmData:	  207580 kB
20220313 033037.940 INFO             PET0 PIOc_freedecomp Exit - MemInfo: [/proc/self/status]	VmStk:	     144 kB
20220313 033037.940 INFO             PET0 PIOc_freedecomp Exit - MemInfo: [/proc/self/status]	VmExe:	     344 kB
20220313 033037.940 INFO             PET0 PIOc_freedecomp Exit - MemInfo: [/proc/self/status]	VmLib:	   83112 kB
20220313 033037.940 INFO             PET0 PIOc_freedecomp Exit - MemInfo: [/proc/self/status]	VmPTE:	     992 kB
20220313 033037.940 INFO             PET0 PIOc_freedecomp Exit - MemInfo: [/proc/self/status]	VmSwap:	       0 kB
20220313 033037.940 INFO             PET0 PIOc_freedecomp Exit - MemInfo: [/proc/self/status]	VmRSSPercent: 0.0249834 %
20220313 033037.940 INFO             PET0 PIOc_freedecomp Exit - MemInfo: [malloc] Non-mmapped space allocated:                24653824 Byte
20220313 033037.940 INFO             PET0 PIOc_freedecomp Exit - MemInfo: [malloc] Space allocated in mmapped regions:          1581056 Byte
20220313 033037.940 INFO             PET0 PIOc_freedecomp Exit - MemInfo: [malloc] Maximum total allocated space:                     0 Byte
20220313 033037.940 INFO             PET0 PIOc_freedecomp Exit - MemInfo: [malloc] Space in freed fastbin blocks:                  3008 Byte
20220313 033037.940 INFO             PET0 PIOc_freedecomp Exit - MemInfo: [malloc] Total allocated space:                       4035472 Byte
20220313 033037.940 INFO             PET0 PIOc_freedecomp Exit - MemInfo: [malloc] Total free space:                           20618352 Byte
20220313 033037.940 INFO             PET0 PIOc_freedecomp Exit - MemInfo: [malloc] Top-most, releasable space:                 15028864 Byte
20220313 033037.940 INFO             PET0 PIOc_freedecomp Exit - MemInfo: [malloc] Total space in use, mmap + non-mmap:         5616528 Byte
20220313 033037.940 INFO             PET0 PIOc_freedecomp Exit - MemInfo: [malloc] Total space held (mmap + non-mmap):         26234880 Byte
20220313 033037.940 INFO             PET0 PIOc_freedecomp Exit - MemInfo: [malloc] Total space used (mmap + non-mmap):          5625888 Byte
20220313 033037.940 INFO             PET0 PIOc_freedecomp Exit - MemInfo: Wall-clock time since execution start:                1.79507 seconds
20220313 033037.942 INFO             PET0 PIOc_sync Enter - MemInfo: [/proc/meminfo - SSI]	MemTotal:       196434604 kB
20220313 033037.942 INFO             PET0 PIOc_sync Enter - MemInfo: [/proc/meminfo - SSI]	MemFree:        184338408 kB
20220313 033037.942 INFO             PET0 PIOc_sync Enter - MemInfo: [/proc/meminfo - SSI]	MemAvailable:   191796892 kB
20220313 033037.942 INFO             PET0 PIOc_sync Enter - MemInfo: [/proc/meminfo - SSI]	Committed_AS:     739456 kB
20220313 033037.942 INFO             PET0 PIOc_sync Enter - MemInfo: [/proc/meminfo - SSI]	CommittedPercent: 0.376439 %
20220313 033037.942 INFO             PET0 PIOc_sync Enter - MemInfo: [/proc/self/status]	VmPeak:	  690660 kB
20220313 033037.942 INFO             PET0 PIOc_sync Enter - MemInfo: [/proc/self/status]	VmSize:	  690384 kB
20220313 033037.942 INFO             PET0 PIOc_sync Enter - MemInfo: [/proc/self/status]	VmLck:	       0 kB
20220313 033037.942 INFO             PET0 PIOc_sync Enter - MemInfo: [/proc/self/status]	VmPin:	       0 kB
20220313 033037.942 INFO             PET0 PIOc_sync Enter - MemInfo: [/proc/self/status]	VmHWM:	   71728 kB
20220313 033037.942 INFO             PET0 PIOc_sync Enter - MemInfo: [/proc/self/status]	VmRSS:	   49088 kB
20220313 033037.942 INFO             PET0 PIOc_sync Enter - MemInfo: [/proc/self/status]	VmData:	  207580 kB
20220313 033037.942 INFO             PET0 PIOc_sync Enter - MemInfo: [/proc/self/status]	VmStk:	     144 kB
20220313 033037.942 INFO             PET0 PIOc_sync Enter - MemInfo: [/proc/self/status]	VmExe:	     344 kB
20220313 033037.942 INFO             PET0 PIOc_sync Enter - MemInfo: [/proc/self/status]	VmLib:	   83112 kB
20220313 033037.942 INFO             PET0 PIOc_sync Enter - MemInfo: [/proc/self/status]	VmPTE:	     992 kB
20220313 033037.942 INFO             PET0 PIOc_sync Enter - MemInfo: [/proc/self/status]	VmSwap:	       0 kB
20220313 033037.942 INFO             PET0 PIOc_sync Enter - MemInfo: [/proc/self/status]	VmRSSPercent: 0.0249895 %
20220313 033037.942 INFO             PET0 PIOc_sync Enter - MemInfo: [malloc] Non-mmapped space allocated:                24653824 Byte
20220313 033037.942 INFO             PET0 PIOc_sync Enter - MemInfo: [malloc] Space allocated in mmapped regions:          1581056 Byte
20220313 033037.942 INFO             PET0 PIOc_sync Enter - MemInfo: [malloc] Maximum total allocated space:                     0 Byte
20220313 033037.942 INFO             PET0 PIOc_sync Enter - MemInfo: [malloc] Space in freed fastbin blocks:                  2256 Byte
20220313 033037.942 INFO             PET0 PIOc_sync Enter - MemInfo: [malloc] Total allocated space:                      12964592 Byte
20220313 033037.942 INFO             PET0 PIOc_sync Enter - MemInfo: [malloc] Total free space:                           11689232 Byte
20220313 033037.942 INFO             PET0 PIOc_sync Enter - MemInfo: [malloc] Top-most, releasable space:                  6640240 Byte
20220313 033037.942 INFO             PET0 PIOc_sync Enter - MemInfo: [malloc] Total space in use, mmap + non-mmap:        14545648 Byte
20220313 033037.942 INFO             PET0 PIOc_sync Enter - MemInfo: [malloc] Total space held (mmap + non-mmap):         26234880 Byte
20220313 033037.942 INFO             PET0 PIOc_sync Enter - MemInfo: [malloc] Total space used (mmap + non-mmap):         14554992 Byte
20220313 033037.942 INFO             PET0 PIOc_sync Enter - MemInfo: Wall-clock time since execution start:                1.79719 seconds
20220313 033037.942 INFO             PET0 PIOc_sync Exit - MemInfo: [/proc/meminfo - SSI]	MemTotal:       196434604 kB
20220313 033037.942 INFO             PET0 PIOc_sync Exit - MemInfo: [/proc/meminfo - SSI]	MemFree:        184338408 kB
20220313 033037.942 INFO             PET0 PIOc_sync Exit - MemInfo: [/proc/meminfo - SSI]	MemAvailable:   191796892 kB
20220313 033037.942 INFO             PET0 PIOc_sync Exit - MemInfo: [/proc/meminfo - SSI]	Committed_AS:     739456 kB
20220313 033037.942 INFO             PET0 PIOc_sync Exit - MemInfo: [/proc/meminfo - SSI]	CommittedPercent: 0.376439 %
20220313 033037.942 INFO             PET0 PIOc_sync Exit - MemInfo: [/proc/self/status]	VmPeak:	  690660 kB
20220313 033037.942 INFO             PET0 PIOc_sync Exit - MemInfo: [/proc/self/status]	VmSize:	  690384 kB
20220313 033037.942 INFO             PET0 PIOc_sync Exit - MemInfo: [/proc/self/status]	VmLck:	       0 kB
20220313 033037.942 INFO             PET0 PIOc_sync Exit - MemInfo: [/proc/self/status]	VmPin:	       0 kB
20220313 033037.942 INFO             PET0 PIOc_sync Exit - MemInfo: [/proc/self/status]	VmHWM:	   71728 kB
20220313 033037.942 INFO             PET0 PIOc_sync Exit - MemInfo: [/proc/self/status]	VmRSS:	   49088 kB
20220313 033037.942 INFO             PET0 PIOc_sync Exit - MemInfo: [/proc/self/status]	VmData:	  207580 kB
20220313 033037.942 INFO             PET0 PIOc_sync Exit - MemInfo: [/proc/self/status]	VmStk:	     144 kB
20220313 033037.942 INFO             PET0 PIOc_sync Exit - MemInfo: [/proc/self/status]	VmExe:	     344 kB
20220313 033037.942 INFO             PET0 PIOc_sync Exit - MemInfo: [/proc/self/status]	VmLib:	   83112 kB
20220313 033037.942 INFO             PET0 PIOc_sync Exit - MemInfo: [/proc/self/status]	VmPTE:	     992 kB
20220313 033037.942 INFO             PET0 PIOc_sync Exit - MemInfo: [/proc/self/status]	VmSwap:	       0 kB
20220313 033037.942 INFO             PET0 PIOc_sync Exit - MemInfo: [/proc/self/status]	VmRSSPercent: 0.0249895 %
20220313 033037.942 INFO             PET0 PIOc_sync Exit - MemInfo: [malloc] Non-mmapped space allocated:                24653824 Byte
20220313 033037.942 INFO             PET0 PIOc_sync Exit - MemInfo: [malloc] Space allocated in mmapped regions:          1581056 Byte
20220313 033037.942 INFO             PET0 PIOc_sync Exit - MemInfo: [malloc] Maximum total allocated space:                     0 Byte
20220313 033037.942 INFO             PET0 PIOc_sync Exit - MemInfo: [malloc] Space in freed fastbin blocks:                  1824 Byte
20220313 033037.942 INFO             PET0 PIOc_sync Exit - MemInfo: [malloc] Total allocated space:                      12969344 Byte
20220313 033037.942 INFO             PET0 PIOc_sync Exit - MemInfo: [malloc] Total free space:                           11684480 Byte
20220313 033037.942 INFO             PET0 PIOc_sync Exit - MemInfo: [malloc] Top-most, releasable space:                  6640240 Byte
20220313 033037.942 INFO             PET0 PIOc_sync Exit - MemInfo: [malloc] Total space in use, mmap + non-mmap:        14550400 Byte
20220313 033037.943 INFO             PET0 PIOc_sync Exit - MemInfo: [malloc] Total space held (mmap + non-mmap):         26234880 Byte
20220313 033037.943 INFO             PET0 PIOc_sync Exit - MemInfo: [malloc] Total space used (mmap + non-mmap):         14559744 Byte
20220313 033037.943 INFO             PET0 PIOc_sync Exit - MemInfo: Wall-clock time since execution start:                1.79768 seconds
20220313 033037.943 INFO             PET0 PIOc_freedecomp Enter - MemInfo: [/proc/meminfo - SSI]	MemTotal:       196434604 kB
20220313 033037.943 INFO             PET0 PIOc_freedecomp Enter - MemInfo: [/proc/meminfo - SSI]	MemFree:        184338408 kB
20220313 033037.943 INFO             PET0 PIOc_freedecomp Enter - MemInfo: [/proc/meminfo - SSI]	MemAvailable:   191796892 kB
20220313 033037.943 INFO             PET0 PIOc_freedecomp Enter - MemInfo: [/proc/meminfo - SSI]	Committed_AS:     739456 kB
20220313 033037.943 INFO             PET0 PIOc_freedecomp Enter - MemInfo: [/proc/meminfo - SSI]	CommittedPercent: 0.376439 %
20220313 033037.943 INFO             PET0 PIOc_freedecomp Enter - MemInfo: [/proc/self/status]	VmPeak:	  690660 kB
20220313 033037.943 INFO             PET0 PIOc_freedecomp Enter - MemInfo: [/proc/self/status]	VmSize:	  690384 kB
20220313 033037.943 INFO             PET0 PIOc_freedecomp Enter - MemInfo: [/proc/self/status]	VmLck:	       0 kB
20220313 033037.943 INFO             PET0 PIOc_freedecomp Enter - MemInfo: [/proc/self/status]	VmPin:	       0 kB
20220313 033037.943 INFO             PET0 PIOc_freedecomp Enter - MemInfo: [/proc/self/status]	VmHWM:	   71728 kB
20220313 033037.943 INFO             PET0 PIOc_freedecomp Enter - MemInfo: [/proc/self/status]	VmRSS:	   49088 kB
20220313 033037.943 INFO             PET0 PIOc_freedecomp Enter - MemInfo: [/proc/self/status]	VmData:	  207580 kB
20220313 033037.943 INFO             PET0 PIOc_freedecomp Enter - MemInfo: [/proc/self/status]	VmStk:	     144 kB
20220313 033037.943 INFO             PET0 PIOc_freedecomp Enter - MemInfo: [/proc/self/status]	VmExe:	     344 kB
20220313 033037.943 INFO             PET0 PIOc_freedecomp Enter - MemInfo: [/proc/self/status]	VmLib:	   83112 kB
20220313 033037.943 INFO             PET0 PIOc_freedecomp Enter - MemInfo: [/proc/self/status]	VmPTE:	     992 kB
20220313 033037.943 INFO             PET0 PIOc_freedecomp Enter - MemInfo: [/proc/self/status]	VmSwap:	       0 kB
20220313 033037.943 INFO             PET0 PIOc_freedecomp Enter - MemInfo: [/proc/self/status]	VmRSSPercent: 0.0249895 %
20220313 033037.943 INFO             PET0 PIOc_freedecomp Enter - MemInfo: [malloc] Non-mmapped space allocated:                24653824 Byte
20220313 033037.943 INFO             PET0 PIOc_freedecomp Enter - MemInfo: [malloc] Space allocated in mmapped regions:          1581056 Byte
20220313 033037.943 INFO             PET0 PIOc_freedecomp Enter - MemInfo: [malloc] Maximum total allocated space:                     0 Byte
20220313 033037.943 INFO             PET0 PIOc_freedecomp Enter - MemInfo: [malloc] Space in freed fastbin blocks:                  1600 Byte
20220313 033037.943 INFO             PET0 PIOc_freedecomp Enter - MemInfo: [malloc] Total allocated space:                       4042288 Byte
20220313 033037.943 INFO             PET0 PIOc_freedecomp Enter - MemInfo: [malloc] Total free space:                           20611536 Byte
20220313 033037.943 INFO             PET0 PIOc_freedecomp Enter - MemInfo: [malloc] Top-most, releasable space:                 15028864 Byte
20220313 033037.943 INFO             PET0 PIOc_freedecomp Enter - MemInfo: [malloc] Total space in use, mmap + non-mmap:         5623344 Byte
20220313 033037.943 INFO             PET0 PIOc_freedecomp Enter - MemInfo: [malloc] Total space held (mmap + non-mmap):         26234880 Byte
20220313 033037.943 INFO             PET0 PIOc_freedecomp Enter - MemInfo: [malloc] Total space used (mmap + non-mmap):          5632688 Byte
20220313 033037.943 INFO             PET0 PIOc_freedecomp Enter - MemInfo: Wall-clock time since execution start:                1.79826 seconds
20220313 033037.943 INFO             PET0 PIOc_freedecomp Exit - MemInfo: [/proc/meminfo - SSI]	MemTotal:       196434604 kB
20220313 033037.943 INFO             PET0 PIOc_freedecomp Exit - MemInfo: [/proc/meminfo - SSI]	MemFree:        184338408 kB
20220313 033037.943 INFO             PET0 PIOc_freedecomp Exit - MemInfo: [/proc/meminfo - SSI]	MemAvailable:   191796892 kB
20220313 033037.943 INFO             PET0 PIOc_freedecomp Exit - MemInfo: [/proc/meminfo - SSI]	Committed_AS:     739456 kB
20220313 033037.943 INFO             PET0 PIOc_freedecomp Exit - MemInfo: [/proc/meminfo - SSI]	CommittedPercent: 0.376439 %
20220313 033037.943 INFO             PET0 PIOc_freedecomp Exit - MemInfo: [/proc/self/status]	VmPeak:	  690660 kB
20220313 033037.943 INFO             PET0 PIOc_freedecomp Exit - MemInfo: [/proc/self/status]	VmSize:	  690384 kB
20220313 033037.943 INFO             PET0 PIOc_freedecomp Exit - MemInfo: [/proc/self/status]	VmLck:	       0 kB
20220313 033037.943 INFO             PET0 PIOc_freedecomp Exit - MemInfo: [/proc/self/status]	VmPin:	       0 kB
20220313 033037.943 INFO             PET0 PIOc_freedecomp Exit - MemInfo: [/proc/self/status]	VmHWM:	   71728 kB
20220313 033037.943 INFO             PET0 PIOc_freedecomp Exit - MemInfo: [/proc/self/status]	VmRSS:	   49088 kB
20220313 033037.943 INFO             PET0 PIOc_freedecomp Exit - MemInfo: [/proc/self/status]	VmData:	  207580 kB
20220313 033037.943 INFO             PET0 PIOc_freedecomp Exit - MemInfo: [/proc/self/status]	VmStk:	     144 kB
20220313 033037.943 INFO             PET0 PIOc_freedecomp Exit - MemInfo: [/proc/self/status]	VmExe:	     344 kB
20220313 033037.943 INFO             PET0 PIOc_freedecomp Exit - MemInfo: [/proc/self/status]	VmLib:	   83112 kB
20220313 033037.943 INFO             PET0 PIOc_freedecomp Exit - MemInfo: [/proc/self/status]	VmPTE:	     992 kB
20220313 033037.943 INFO             PET0 PIOc_freedecomp Exit - MemInfo: [/proc/self/status]	VmSwap:	       0 kB
20220313 033037.943 INFO             PET0 PIOc_freedecomp Exit - MemInfo: [/proc/self/status]	VmRSSPercent: 0.0249895 %
20220313 033037.943 INFO             PET0 PIOc_freedecomp Exit - MemInfo: [malloc] Non-mmapped space allocated:                24653824 Byte
20220313 033037.943 INFO             PET0 PIOc_freedecomp Exit - MemInfo: [malloc] Space allocated in mmapped regions:          1581056 Byte
20220313 033037.943 INFO             PET0 PIOc_freedecomp Exit - MemInfo: [malloc] Maximum total allocated space:                     0 Byte
20220313 033037.943 INFO             PET0 PIOc_freedecomp Exit - MemInfo: [malloc] Space in freed fastbin blocks:                  3040 Byte
20220313 033037.943 INFO             PET0 PIOc_freedecomp Exit - MemInfo: [malloc] Total allocated space:                       4035520 Byte
20220313 033037.943 INFO             PET0 PIOc_freedecomp Exit - MemInfo: [malloc] Total free space:                           20618304 Byte
20220313 033037.943 INFO             PET0 PIOc_freedecomp Exit - MemInfo: [malloc] Top-most, releasable space:                 15028864 Byte
20220313 033037.943 INFO             PET0 PIOc_freedecomp Exit - MemInfo: [malloc] Total space in use, mmap + non-mmap:         5616576 Byte
20220313 033037.943 INFO             PET0 PIOc_freedecomp Exit - MemInfo: [malloc] Total space held (mmap + non-mmap):         26234880 Byte
20220313 033037.943 INFO             PET0 PIOc_freedecomp Exit - MemInfo: [malloc] Total space used (mmap + non-mmap):          5625936 Byte
20220313 033037.943 INFO             PET0 PIOc_freedecomp Exit - MemInfo: Wall-clock time since execution start:                1.79862 seconds
20220313 033037.945 INFO             PET0 PIOc_sync Enter - MemInfo: [/proc/meminfo - SSI]	MemTotal:       196434604 kB
20220313 033037.945 INFO             PET0 PIOc_sync Enter - MemInfo: [/proc/meminfo - SSI]	MemFree:        184338408 kB
20220313 033037.945 INFO             PET0 PIOc_sync Enter - MemInfo: [/proc/meminfo - SSI]	MemAvailable:   191796892 kB
20220313 033037.945 INFO             PET0 PIOc_sync Enter - MemInfo: [/proc/meminfo - SSI]	Committed_AS:     739456 kB
20220313 033037.945 INFO             PET0 PIOc_sync Enter - MemInfo: [/proc/meminfo - SSI]	CommittedPercent: 0.376439 %
20220313 033037.945 INFO             PET0 PIOc_sync Enter - MemInfo: [/proc/self/status]	VmPeak:	  690660 kB
20220313 033037.945 INFO             PET0 PIOc_sync Enter - MemInfo: [/proc/self/status]	VmSize:	  690384 kB
20220313 033037.945 INFO             PET0 PIOc_sync Enter - MemInfo: [/proc/self/status]	VmLck:	       0 kB
20220313 033037.945 INFO             PET0 PIOc_sync Enter - MemInfo: [/proc/self/status]	VmPin:	       0 kB
20220313 033037.945 INFO             PET0 PIOc_sync Enter - MemInfo: [/proc/self/status]	VmHWM:	   71728 kB
20220313 033037.945 INFO             PET0 PIOc_sync Enter - MemInfo: [/proc/self/status]	VmRSS:	   49088 kB
20220313 033037.945 INFO             PET0 PIOc_sync Enter - MemInfo: [/proc/self/status]	VmData:	  207580 kB
20220313 033037.945 INFO             PET0 PIOc_sync Enter - MemInfo: [/proc/self/status]	VmStk:	     144 kB
20220313 033037.945 INFO             PET0 PIOc_sync Enter - MemInfo: [/proc/self/status]	VmExe:	     344 kB
20220313 033037.945 INFO             PET0 PIOc_sync Enter - MemInfo: [/proc/self/status]	VmLib:	   83112 kB
20220313 033037.945 INFO             PET0 PIOc_sync Enter - MemInfo: [/proc/self/status]	VmPTE:	     992 kB
20220313 033037.945 INFO             PET0 PIOc_sync Enter - MemInfo: [/proc/self/status]	VmSwap:	       0 kB
20220313 033037.945 INFO             PET0 PIOc_sync Enter - MemInfo: [/proc/self/status]	VmRSSPercent: 0.0249895 %
20220313 033037.945 INFO             PET0 PIOc_sync Enter - MemInfo: [malloc] Non-mmapped space allocated:                24653824 Byte
20220313 033037.945 INFO             PET0 PIOc_sync Enter - MemInfo: [malloc] Space allocated in mmapped regions:          1581056 Byte
20220313 033037.945 INFO             PET0 PIOc_sync Enter - MemInfo: [malloc] Maximum total allocated space:                     0 Byte
20220313 033037.945 INFO             PET0 PIOc_sync Enter - MemInfo: [malloc] Space in freed fastbin blocks:                  2704 Byte
20220313 033037.945 INFO             PET0 PIOc_sync Enter - MemInfo: [malloc] Total allocated space:                      12965264 Byte
20220313 033037.945 INFO             PET0 PIOc_sync Enter - MemInfo: [malloc] Total free space:                           11688560 Byte
20220313 033037.945 INFO             PET0 PIOc_sync Enter - MemInfo: [malloc] Top-most, releasable space:                  6640240 Byte
20220313 033037.945 INFO             PET0 PIOc_sync Enter - MemInfo: [malloc] Total space in use, mmap + non-mmap:        14546320 Byte
20220313 033037.945 INFO             PET0 PIOc_sync Enter - MemInfo: [malloc] Total space held (mmap + non-mmap):         26234880 Byte
20220313 033037.945 INFO             PET0 PIOc_sync Enter - MemInfo: [malloc] Total space used (mmap + non-mmap):         14555664 Byte
20220313 033037.945 INFO             PET0 PIOc_sync Enter - MemInfo: Wall-clock time since execution start:                1.80059 seconds
20220313 033037.946 INFO             PET0 PIOc_sync Exit - MemInfo: [/proc/meminfo - SSI]	MemTotal:       196434604 kB
20220313 033037.946 INFO             PET0 PIOc_sync Exit - MemInfo: [/proc/meminfo - SSI]	MemFree:        184338408 kB
20220313 033037.946 INFO             PET0 PIOc_sync Exit - MemInfo: [/proc/meminfo - SSI]	MemAvailable:   191796892 kB
20220313 033037.946 INFO             PET0 PIOc_sync Exit - MemInfo: [/proc/meminfo - SSI]	Committed_AS:     739456 kB
20220313 033037.946 INFO             PET0 PIOc_sync Exit - MemInfo: [/proc/meminfo - SSI]	CommittedPercent: 0.376439 %
20220313 033037.946 INFO             PET0 PIOc_sync Exit - MemInfo: [/proc/self/status]	VmPeak:	  690660 kB
20220313 033037.946 INFO             PET0 PIOc_sync Exit - MemInfo: [/proc/self/status]	VmSize:	  690384 kB
20220313 033037.946 INFO             PET0 PIOc_sync Exit - MemInfo: [/proc/self/status]	VmLck:	       0 kB
20220313 033037.946 INFO             PET0 PIOc_sync Exit - MemInfo: [/proc/self/status]	VmPin:	       0 kB
20220313 033037.946 INFO             PET0 PIOc_sync Exit - MemInfo: [/proc/self/status]	VmHWM:	   71728 kB
20220313 033037.946 INFO             PET0 PIOc_sync Exit - MemInfo: [/proc/self/status]	VmRSS:	   49088 kB
20220313 033037.946 INFO             PET0 PIOc_sync Exit - MemInfo: [/proc/self/status]	VmData:	  207580 kB
20220313 033037.946 INFO             PET0 PIOc_sync Exit - MemInfo: [/proc/self/status]	VmStk:	     144 kB
20220313 033037.946 INFO             PET0 PIOc_sync Exit - MemInfo: [/proc/self/status]	VmExe:	     344 kB
20220313 033037.946 INFO             PET0 PIOc_sync Exit - MemInfo: [/proc/self/status]	VmLib:	   83112 kB
20220313 033037.946 INFO             PET0 PIOc_sync Exit - MemInfo: [/proc/self/status]	VmPTE:	     992 kB
20220313 033037.946 INFO             PET0 PIOc_sync Exit - MemInfo: [/proc/self/status]	VmSwap:	       0 kB
20220313 033037.946 INFO             PET0 PIOc_sync Exit - MemInfo: [/proc/self/status]	VmRSSPercent: 0.0249895 %
20220313 033037.946 INFO             PET0 PIOc_sync Exit - MemInfo: [malloc] Non-mmapped space allocated:                24653824 Byte
20220313 033037.946 INFO             PET0 PIOc_sync Exit - MemInfo: [malloc] Space allocated in mmapped regions:          1581056 Byte
20220313 033037.946 INFO             PET0 PIOc_sync Exit - MemInfo: [malloc] Maximum total allocated space:                     0 Byte
20220313 033037.946 INFO             PET0 PIOc_sync Exit - MemInfo: [malloc] Space in freed fastbin blocks:                  1824 Byte
20220313 033037.946 INFO             PET0 PIOc_sync Exit - MemInfo: [malloc] Total allocated space:                      12970032 Byte
20220313 033037.946 INFO             PET0 PIOc_sync Exit - MemInfo: [malloc] Total free space:                           11683792 Byte
20220313 033037.946 INFO             PET0 PIOc_sync Exit - MemInfo: [malloc] Top-most, releasable space:                  6640240 Byte
20220313 033037.946 INFO             PET0 PIOc_sync Exit - MemInfo: [malloc] Total space in use, mmap + non-mmap:        14551088 Byte
20220313 033037.946 INFO             PET0 PIOc_sync Exit - MemInfo: [malloc] Total space held (mmap + non-mmap):         26234880 Byte
20220313 033037.946 INFO             PET0 PIOc_sync Exit - MemInfo: [malloc] Total space used (mmap + non-mmap):         14560432 Byte
20220313 033037.946 INFO             PET0 PIOc_sync Exit - MemInfo: Wall-clock time since execution start:                1.80108 seconds
20220313 033037.946 INFO             PET0 PIOc_freedecomp Enter - MemInfo: [/proc/meminfo - SSI]	MemTotal:       196434604 kB
20220313 033037.946 INFO             PET0 PIOc_freedecomp Enter - MemInfo: [/proc/meminfo - SSI]	MemFree:        184338408 kB
20220313 033037.946 INFO             PET0 PIOc_freedecomp Enter - MemInfo: [/proc/meminfo - SSI]	MemAvailable:   191796892 kB
20220313 033037.946 INFO             PET0 PIOc_freedecomp Enter - MemInfo: [/proc/meminfo - SSI]	Committed_AS:     739456 kB
20220313 033037.946 INFO             PET0 PIOc_freedecomp Enter - MemInfo: [/proc/meminfo - SSI]	CommittedPercent: 0.376439 %
20220313 033037.946 INFO             PET0 PIOc_freedecomp Enter - MemInfo: [/proc/self/status]	VmPeak:	  690660 kB
20220313 033037.946 INFO             PET0 PIOc_freedecomp Enter - MemInfo: [/proc/self/status]	VmSize:	  690384 kB
20220313 033037.946 INFO             PET0 PIOc_freedecomp Enter - MemInfo: [/proc/self/status]	VmLck:	       0 kB
20220313 033037.946 INFO             PET0 PIOc_freedecomp Enter - MemInfo: [/proc/self/status]	VmPin:	       0 kB
20220313 033037.946 INFO             PET0 PIOc_freedecomp Enter - MemInfo: [/proc/self/status]	VmHWM:	   71728 kB
20220313 033037.946 INFO             PET0 PIOc_freedecomp Enter - MemInfo: [/proc/self/status]	VmRSS:	   49088 kB
20220313 033037.946 INFO             PET0 PIOc_freedecomp Enter - MemInfo: [/proc/self/status]	VmData:	  207580 kB
20220313 033037.946 INFO             PET0 PIOc_freedecomp Enter - MemInfo: [/proc/self/status]	VmStk:	     144 kB
20220313 033037.946 INFO             PET0 PIOc_freedecomp Enter - MemInfo: [/proc/self/status]	VmExe:	     344 kB
20220313 033037.946 INFO             PET0 PIOc_freedecomp Enter - MemInfo: [/proc/self/status]	VmLib:	   83112 kB
20220313 033037.946 INFO             PET0 PIOc_freedecomp Enter - MemInfo: [/proc/self/status]	VmPTE:	     992 kB
20220313 033037.946 INFO             PET0 PIOc_freedecomp Enter - MemInfo: [/proc/self/status]	VmSwap:	       0 kB
20220313 033037.946 INFO             PET0 PIOc_freedecomp Enter - MemInfo: [/proc/self/status]	VmRSSPercent: 0.0249895 %
20220313 033037.946 INFO             PET0 PIOc_freedecomp Enter - MemInfo: [malloc] Non-mmapped space allocated:                24653824 Byte
20220313 033037.946 INFO             PET0 PIOc_freedecomp Enter - MemInfo: [malloc] Space allocated in mmapped regions:          1581056 Byte
20220313 033037.946 INFO             PET0 PIOc_freedecomp Enter - MemInfo: [malloc] Maximum total allocated space:                     0 Byte
20220313 033037.946 INFO             PET0 PIOc_freedecomp Enter - MemInfo: [malloc] Space in freed fastbin blocks:                  1712 Byte
20220313 033037.946 INFO             PET0 PIOc_freedecomp Enter - MemInfo: [malloc] Total allocated space:                       4042256 Byte
20220313 033037.946 INFO             PET0 PIOc_freedecomp Enter - MemInfo: [malloc] Total free space:                           20611568 Byte
20220313 033037.947 INFO             PET0 PIOc_freedecomp Enter - MemInfo: [malloc] Top-most, releasable space:                 15028864 Byte
20220313 033037.947 INFO             PET0 PIOc_freedecomp Enter - MemInfo: [malloc] Total space in use, mmap + non-mmap:         5623312 Byte
20220313 033037.947 INFO             PET0 PIOc_freedecomp Enter - MemInfo: [malloc] Total space held (mmap + non-mmap):         26234880 Byte
20220313 033037.947 INFO             PET0 PIOc_freedecomp Enter - MemInfo: [malloc] Total space used (mmap + non-mmap):          5632656 Byte
20220313 033037.947 INFO             PET0 PIOc_freedecomp Enter - MemInfo: Wall-clock time since execution start:                1.80167 seconds
20220313 033037.947 INFO             PET0 PIOc_freedecomp Exit - MemInfo: [/proc/meminfo - SSI]	MemTotal:       196434604 kB
20220313 033037.947 INFO             PET0 PIOc_freedecomp Exit - MemInfo: [/proc/meminfo - SSI]	MemFree:        184338408 kB
20220313 033037.947 INFO             PET0 PIOc_freedecomp Exit - MemInfo: [/proc/meminfo - SSI]	MemAvailable:   191796892 kB
20220313 033037.947 INFO             PET0 PIOc_freedecomp Exit - MemInfo: [/proc/meminfo - SSI]	Committed_AS:     739456 kB
20220313 033037.947 INFO             PET0 PIOc_freedecomp Exit - MemInfo: [/proc/meminfo - SSI]	CommittedPercent: 0.376439 %
20220313 033037.947 INFO             PET0 PIOc_freedecomp Exit - MemInfo: [/proc/self/status]	VmPeak:	  690660 kB
20220313 033037.947 INFO             PET0 PIOc_freedecomp Exit - MemInfo: [/proc/self/status]	VmSize:	  690384 kB
20220313 033037.947 INFO             PET0 PIOc_freedecomp Exit - MemInfo: [/proc/self/status]	VmLck:	       0 kB
20220313 033037.947 INFO             PET0 PIOc_freedecomp Exit - MemInfo: [/proc/self/status]	VmPin:	       0 kB
20220313 033037.947 INFO             PET0 PIOc_freedecomp Exit - MemInfo: [/proc/self/status]	VmHWM:	   71728 kB
20220313 033037.947 INFO             PET0 PIOc_freedecomp Exit - MemInfo: [/proc/self/status]	VmRSS:	   49088 kB
20220313 033037.947 INFO             PET0 PIOc_freedecomp Exit - MemInfo: [/proc/self/status]	VmData:	  207580 kB
20220313 033037.947 INFO             PET0 PIOc_freedecomp Exit - MemInfo: [/proc/self/status]	VmStk:	     144 kB
20220313 033037.947 INFO             PET0 PIOc_freedecomp Exit - MemInfo: [/proc/self/status]	VmExe:	     344 kB
20220313 033037.947 INFO             PET0 PIOc_freedecomp Exit - MemInfo: [/proc/self/status]	VmLib:	   83112 kB
20220313 033037.947 INFO             PET0 PIOc_freedecomp Exit - MemInfo: [/proc/self/status]	VmPTE:	     992 kB
20220313 033037.947 INFO             PET0 PIOc_freedecomp Exit - MemInfo: [/proc/self/status]	VmSwap:	       0 kB
20220313 033037.947 INFO             PET0 PIOc_freedecomp Exit - MemInfo: [/proc/self/status]	VmRSSPercent: 0.0249895 %
20220313 033037.947 INFO             PET0 PIOc_freedecomp Exit - MemInfo: [malloc] Non-mmapped space allocated:                24653824 Byte
20220313 033037.947 INFO             PET0 PIOc_freedecomp Exit - MemInfo: [malloc] Space allocated in mmapped regions:          1581056 Byte
20220313 033037.947 INFO             PET0 PIOc_freedecomp Exit - MemInfo: [malloc] Maximum total allocated space:                     0 Byte
20220313 033037.947 INFO             PET0 PIOc_freedecomp Exit - MemInfo: [malloc] Space in freed fastbin blocks:                  2800 Byte
20220313 033037.947 INFO             PET0 PIOc_freedecomp Exit - MemInfo: [malloc] Total allocated space:                       4035472 Byte
20220313 033037.947 INFO             PET0 PIOc_freedecomp Exit - MemInfo: [malloc] Total free space:                           20618352 Byte
20220313 033037.947 INFO             PET0 PIOc_freedecomp Exit - MemInfo: [malloc] Top-most, releasable space:                 15028864 Byte
20220313 033037.947 INFO             PET0 PIOc_freedecomp Exit - MemInfo: [malloc] Total space in use, mmap + non-mmap:         5616528 Byte
20220313 033037.947 INFO             PET0 PIOc_freedecomp Exit - MemInfo: [malloc] Total space held (mmap + non-mmap):         26234880 Byte
20220313 033037.947 INFO             PET0 PIOc_freedecomp Exit - MemInfo: [malloc] Total space used (mmap + non-mmap):          5625872 Byte
20220313 033037.947 INFO             PET0 PIOc_freedecomp Exit - MemInfo: Wall-clock time since execution start:                1.80204 seconds
20220313 033037.948 INFO             PET0 PIOc_sync Enter - MemInfo: [/proc/meminfo - SSI]	MemTotal:       196434604 kB
20220313 033037.949 INFO             PET0 PIOc_sync Enter - MemInfo: [/proc/meminfo - SSI]	MemFree:        184338408 kB
20220313 033037.949 INFO             PET0 PIOc_sync Enter - MemInfo: [/proc/meminfo - SSI]	MemAvailable:   191796892 kB
20220313 033037.949 INFO             PET0 PIOc_sync Enter - MemInfo: [/proc/meminfo - SSI]	Committed_AS:     739456 kB
20220313 033037.949 INFO             PET0 PIOc_sync Enter - MemInfo: [/proc/meminfo - SSI]	CommittedPercent: 0.376439 %
20220313 033037.949 INFO             PET0 PIOc_sync Enter - MemInfo: [/proc/self/status]	VmPeak:	  690660 kB
20220313 033037.949 INFO             PET0 PIOc_sync Enter - MemInfo: [/proc/self/status]	VmSize:	  690384 kB
20220313 033037.949 INFO             PET0 PIOc_sync Enter - MemInfo: [/proc/self/status]	VmLck:	       0 kB
20220313 033037.949 INFO             PET0 PIOc_sync Enter - MemInfo: [/proc/self/status]	VmPin:	       0 kB
20220313 033037.949 INFO             PET0 PIOc_sync Enter - MemInfo: [/proc/self/status]	VmHWM:	   71728 kB
20220313 033037.949 INFO             PET0 PIOc_sync Enter - MemInfo: [/proc/self/status]	VmRSS:	   49088 kB
20220313 033037.949 INFO             PET0 PIOc_sync Enter - MemInfo: [/proc/self/status]	VmData:	  207580 kB
20220313 033037.949 INFO             PET0 PIOc_sync Enter - MemInfo: [/proc/self/status]	VmStk:	     144 kB
20220313 033037.949 INFO             PET0 PIOc_sync Enter - MemInfo: [/proc/self/status]	VmExe:	     344 kB
20220313 033037.949 INFO             PET0 PIOc_sync Enter - MemInfo: [/proc/self/status]	VmLib:	   83112 kB
20220313 033037.949 INFO             PET0 PIOc_sync Enter - MemInfo: [/proc/self/status]	VmPTE:	     992 kB
20220313 033037.949 INFO             PET0 PIOc_sync Enter - MemInfo: [/proc/self/status]	VmSwap:	       0 kB
20220313 033037.949 INFO             PET0 PIOc_sync Enter - MemInfo: [/proc/self/status]	VmRSSPercent: 0.0249895 %
20220313 033037.949 INFO             PET0 PIOc_sync Enter - MemInfo: [malloc] Non-mmapped space allocated:                24653824 Byte
20220313 033037.949 INFO             PET0 PIOc_sync Enter - MemInfo: [malloc] Space allocated in mmapped regions:          1581056 Byte
20220313 033037.949 INFO             PET0 PIOc_sync Enter - MemInfo: [malloc] Maximum total allocated space:                     0 Byte
20220313 033037.949 INFO             PET0 PIOc_sync Enter - MemInfo: [malloc] Space in freed fastbin blocks:                  3168 Byte
20220313 033037.949 INFO             PET0 PIOc_sync Enter - MemInfo: [malloc] Total allocated space:                      12966000 Byte
20220313 033037.949 INFO             PET0 PIOc_sync Enter - MemInfo: [malloc] Total free space:                           11687824 Byte
20220313 033037.949 INFO             PET0 PIOc_sync Enter - MemInfo: [malloc] Top-most, releasable space:                  6640240 Byte
20220313 033037.949 INFO             PET0 PIOc_sync Enter - MemInfo: [malloc] Total space in use, mmap + non-mmap:        14547056 Byte
20220313 033037.949 INFO             PET0 PIOc_sync Enter - MemInfo: [malloc] Total space held (mmap + non-mmap):         26234880 Byte
20220313 033037.949 INFO             PET0 PIOc_sync Enter - MemInfo: [malloc] Total space used (mmap + non-mmap):         14556400 Byte
20220313 033037.949 INFO             PET0 PIOc_sync Enter - MemInfo: Wall-clock time since execution start:                1.80391 seconds
20220313 033037.949 INFO             PET0 PIOc_sync Exit - MemInfo: [/proc/meminfo - SSI]	MemTotal:       196434604 kB
20220313 033037.949 INFO             PET0 PIOc_sync Exit - MemInfo: [/proc/meminfo - SSI]	MemFree:        184338152 kB
20220313 033037.949 INFO             PET0 PIOc_sync Exit - MemInfo: [/proc/meminfo - SSI]	MemAvailable:   191796636 kB
20220313 033037.949 INFO             PET0 PIOc_sync Exit - MemInfo: [/proc/meminfo - SSI]	Committed_AS:     739456 kB
20220313 033037.949 INFO             PET0 PIOc_sync Exit - MemInfo: [/proc/meminfo - SSI]	CommittedPercent: 0.376439 %
20220313 033037.949 INFO             PET0 PIOc_sync Exit - MemInfo: [/proc/self/status]	VmPeak:	  690660 kB
20220313 033037.949 INFO             PET0 PIOc_sync Exit - MemInfo: [/proc/self/status]	VmSize:	  690384 kB
20220313 033037.949 INFO             PET0 PIOc_sync Exit - MemInfo: [/proc/self/status]	VmLck:	       0 kB
20220313 033037.949 INFO             PET0 PIOc_sync Exit - MemInfo: [/proc/self/status]	VmPin:	       0 kB
20220313 033037.949 INFO             PET0 PIOc_sync Exit - MemInfo: [/proc/self/status]	VmHWM:	   71728 kB
20220313 033037.949 INFO             PET0 PIOc_sync Exit - MemInfo: [/proc/self/status]	VmRSS:	   49088 kB
20220313 033037.949 INFO             PET0 PIOc_sync Exit - MemInfo: [/proc/self/status]	VmData:	  207580 kB
20220313 033037.949 INFO             PET0 PIOc_sync Exit - MemInfo: [/proc/self/status]	VmStk:	     144 kB
20220313 033037.949 INFO             PET0 PIOc_sync Exit - MemInfo: [/proc/self/status]	VmExe:	     344 kB
20220313 033037.949 INFO             PET0 PIOc_sync Exit - MemInfo: [/proc/self/status]	VmLib:	   83112 kB
20220313 033037.949 INFO             PET0 PIOc_sync Exit - MemInfo: [/proc/self/status]	VmPTE:	     992 kB
20220313 033037.949 INFO             PET0 PIOc_sync Exit - MemInfo: [/proc/self/status]	VmSwap:	       0 kB
20220313 033037.949 INFO             PET0 PIOc_sync Exit - MemInfo: [/proc/self/status]	VmRSSPercent: 0.0249895 %
20220313 033037.949 INFO             PET0 PIOc_sync Exit - MemInfo: [malloc] Non-mmapped space allocated:                24653824 Byte
20220313 033037.949 INFO             PET0 PIOc_sync Exit - MemInfo: [malloc] Space allocated in mmapped regions:          1581056 Byte
20220313 033037.949 INFO             PET0 PIOc_sync Exit - MemInfo: [malloc] Maximum total allocated space:                     0 Byte
20220313 033037.949 INFO             PET0 PIOc_sync Exit - MemInfo: [malloc] Space in freed fastbin blocks:                  1824 Byte
20220313 033037.949 INFO             PET0 PIOc_sync Exit - MemInfo: [malloc] Total allocated space:                      12970768 Byte
20220313 033037.949 INFO             PET0 PIOc_sync Exit - MemInfo: [malloc] Total free space:                           11683056 Byte
20220313 033037.949 INFO             PET0 PIOc_sync Exit - MemInfo: [malloc] Top-most, releasable space:                  6640240 Byte
20220313 033037.949 INFO             PET0 PIOc_sync Exit - MemInfo: [malloc] Total space in use, mmap + non-mmap:        14551824 Byte
20220313 033037.949 INFO             PET0 PIOc_sync Exit - MemInfo: [malloc] Total space held (mmap + non-mmap):         26234880 Byte
20220313 033037.949 INFO             PET0 PIOc_sync Exit - MemInfo: [malloc] Total space used (mmap + non-mmap):         14561168 Byte
20220313 033037.949 INFO             PET0 PIOc_sync Exit - MemInfo: Wall-clock time since execution start:                1.80447 seconds
20220313 033037.950 INFO             PET0 PIOc_freedecomp Enter - MemInfo: [/proc/meminfo - SSI]	MemTotal:       196434604 kB
20220313 033037.950 INFO             PET0 PIOc_freedecomp Enter - MemInfo: [/proc/meminfo - SSI]	MemFree:        184338152 kB
20220313 033037.950 INFO             PET0 PIOc_freedecomp Enter - MemInfo: [/proc/meminfo - SSI]	MemAvailable:   191796636 kB
20220313 033037.950 INFO             PET0 PIOc_freedecomp Enter - MemInfo: [/proc/meminfo - SSI]	Committed_AS:     739456 kB
20220313 033037.950 INFO             PET0 PIOc_freedecomp Enter - MemInfo: [/proc/meminfo - SSI]	CommittedPercent: 0.376439 %
20220313 033037.950 INFO             PET0 PIOc_freedecomp Enter - MemInfo: [/proc/self/status]	VmPeak:	  690660 kB
20220313 033037.950 INFO             PET0 PIOc_freedecomp Enter - MemInfo: [/proc/self/status]	VmSize:	  690384 kB
20220313 033037.950 INFO             PET0 PIOc_freedecomp Enter - MemInfo: [/proc/self/status]	VmLck:	       0 kB
20220313 033037.950 INFO             PET0 PIOc_freedecomp Enter - MemInfo: [/proc/self/status]	VmPin:	       0 kB
20220313 033037.950 INFO             PET0 PIOc_freedecomp Enter - MemInfo: [/proc/self/status]	VmHWM:	   71728 kB
20220313 033037.950 INFO             PET0 PIOc_freedecomp Enter - MemInfo: [/proc/self/status]	VmRSS:	   49088 kB
20220313 033037.950 INFO             PET0 PIOc_freedecomp Enter - MemInfo: [/proc/self/status]	VmData:	  207580 kB
20220313 033037.950 INFO             PET0 PIOc_freedecomp Enter - MemInfo: [/proc/self/status]	VmStk:	     144 kB
20220313 033037.950 INFO             PET0 PIOc_freedecomp Enter - MemInfo: [/proc/self/status]	VmExe:	     344 kB
20220313 033037.950 INFO             PET0 PIOc_freedecomp Enter - MemInfo: [/proc/self/status]	VmLib:	   83112 kB
20220313 033037.950 INFO             PET0 PIOc_freedecomp Enter - MemInfo: [/proc/self/status]	VmPTE:	     992 kB
20220313 033037.950 INFO             PET0 PIOc_freedecomp Enter - MemInfo: [/proc/self/status]	VmSwap:	       0 kB
20220313 033037.950 INFO             PET0 PIOc_freedecomp Enter - MemInfo: [/proc/self/status]	VmRSSPercent: 0.0249895 %
20220313 033037.950 INFO             PET0 PIOc_freedecomp Enter - MemInfo: [malloc] Non-mmapped space allocated:                24653824 Byte
20220313 033037.950 INFO             PET0 PIOc_freedecomp Enter - MemInfo: [malloc] Space allocated in mmapped regions:          1581056 Byte
20220313 033037.950 INFO             PET0 PIOc_freedecomp Enter - MemInfo: [malloc] Maximum total allocated space:                     0 Byte
20220313 033037.950 INFO             PET0 PIOc_freedecomp Enter - MemInfo: [malloc] Space in freed fastbin blocks:                  1824 Byte
20220313 033037.950 INFO             PET0 PIOc_freedecomp Enter - MemInfo: [malloc] Total allocated space:                       4042256 Byte
20220313 033037.950 INFO             PET0 PIOc_freedecomp Enter - MemInfo: [malloc] Total free space:                           20611568 Byte
20220313 033037.950 INFO             PET0 PIOc_freedecomp Enter - MemInfo: [malloc] Top-most, releasable space:                 15028864 Byte
20220313 033037.950 INFO             PET0 PIOc_freedecomp Enter - MemInfo: [malloc] Total space in use, mmap + non-mmap:         5623312 Byte
20220313 033037.950 INFO             PET0 PIOc_freedecomp Enter - MemInfo: [malloc] Total space held (mmap + non-mmap):         26234880 Byte
20220313 033037.950 INFO             PET0 PIOc_freedecomp Enter - MemInfo: [malloc] Total space used (mmap + non-mmap):          5632656 Byte
20220313 033037.950 INFO             PET0 PIOc_freedecomp Enter - MemInfo: Wall-clock time since execution start:                1.80519 seconds
20220313 033037.950 INFO             PET0 PIOc_freedecomp Exit - MemInfo: [/proc/meminfo - SSI]	MemTotal:       196434604 kB
20220313 033037.950 INFO             PET0 PIOc_freedecomp Exit - MemInfo: [/proc/meminfo - SSI]	MemFree:        184338152 kB
20220313 033037.950 INFO             PET0 PIOc_freedecomp Exit - MemInfo: [/proc/meminfo - SSI]	MemAvailable:   191796636 kB
20220313 033037.950 INFO             PET0 PIOc_freedecomp Exit - MemInfo: [/proc/meminfo - SSI]	Committed_AS:     739456 kB
20220313 033037.950 INFO             PET0 PIOc_freedecomp Exit - MemInfo: [/proc/meminfo - SSI]	CommittedPercent: 0.376439 %
20220313 033037.950 INFO             PET0 PIOc_freedecomp Exit - MemInfo: [/proc/self/status]	VmPeak:	  690660 kB
20220313 033037.950 INFO             PET0 PIOc_freedecomp Exit - MemInfo: [/proc/self/status]	VmSize:	  690384 kB
20220313 033037.950 INFO             PET0 PIOc_freedecomp Exit - MemInfo: [/proc/self/status]	VmLck:	       0 kB
20220313 033037.950 INFO             PET0 PIOc_freedecomp Exit - MemInfo: [/proc/self/status]	VmPin:	       0 kB
20220313 033037.950 INFO             PET0 PIOc_freedecomp Exit - MemInfo: [/proc/self/status]	VmHWM:	   71728 kB
20220313 033037.950 INFO             PET0 PIOc_freedecomp Exit - MemInfo: [/proc/self/status]	VmRSS:	   49088 kB
20220313 033037.950 INFO             PET0 PIOc_freedecomp Exit - MemInfo: [/proc/self/status]	VmData:	  207580 kB
20220313 033037.950 INFO             PET0 PIOc_freedecomp Exit - MemInfo: [/proc/self/status]	VmStk:	     144 kB
20220313 033037.950 INFO             PET0 PIOc_freedecomp Exit - MemInfo: [/proc/self/status]	VmExe:	     344 kB
20220313 033037.950 INFO             PET0 PIOc_freedecomp Exit - MemInfo: [/proc/self/status]	VmLib:	   83112 kB
20220313 033037.950 INFO             PET0 PIOc_freedecomp Exit - MemInfo: [/proc/self/status]	VmPTE:	     992 kB
20220313 033037.950 INFO             PET0 PIOc_freedecomp Exit - MemInfo: [/proc/self/status]	VmSwap:	       0 kB
20220313 033037.950 INFO             PET0 PIOc_freedecomp Exit - MemInfo: [/proc/self/status]	VmRSSPercent: 0.0249895 %
20220313 033037.950 INFO             PET0 PIOc_freedecomp Exit - MemInfo: [malloc] Non-mmapped space allocated:                24653824 Byte
20220313 033037.950 INFO             PET0 PIOc_freedecomp Exit - MemInfo: [malloc] Space allocated in mmapped regions:          1581056 Byte
20220313 033037.950 INFO             PET0 PIOc_freedecomp Exit - MemInfo: [malloc] Maximum total allocated space:                     0 Byte
20220313 033037.950 INFO             PET0 PIOc_freedecomp Exit - MemInfo: [malloc] Space in freed fastbin blocks:                  2928 Byte
20220313 033037.950 INFO             PET0 PIOc_freedecomp Exit - MemInfo: [malloc] Total allocated space:                       4035472 Byte
20220313 033037.950 INFO             PET0 PIOc_freedecomp Exit - MemInfo: [malloc] Total free space:                           20618352 Byte
20220313 033037.950 INFO             PET0 PIOc_freedecomp Exit - MemInfo: [malloc] Top-most, releasable space:                 15028864 Byte
20220313 033037.950 INFO             PET0 PIOc_freedecomp Exit - MemInfo: [malloc] Total space in use, mmap + non-mmap:         5616528 Byte
20220313 033037.950 INFO             PET0 PIOc_freedecomp Exit - MemInfo: [malloc] Total space held (mmap + non-mmap):         26234880 Byte
20220313 033037.950 INFO             PET0 PIOc_freedecomp Exit - MemInfo: [malloc] Total space used (mmap + non-mmap):          5625872 Byte
20220313 033037.950 INFO             PET0 PIOc_freedecomp Exit - MemInfo: Wall-clock time since execution start:                1.80556 seconds
20220313 033037.952 INFO             PET0  PASS  Test RouteHandleDestroy(), ESMF_RouteHandleAdvancedUTest.F90, line 633
20220313 033037.953 INFO             PET0  PASS  Apply the copied Routehandle, ESMF_RouteHandleAdvancedUTest.F90, line 643
20220313 033037.953 INFO             PET0  PASS  Test RouteHandleDestroy() for the copied Routehandle, ESMF_RouteHandleAdvancedUTest.F90, line 651
20220313 033037.953 INFO             PET0  PASS  Test ESMF_DynamicMaskSetR4R4R4(), ESMF_RouteHandleAdvancedUTest.F90, line 716
20220313 033037.953 INFO             PET0  PASS  Test ESMF_DynamicMaskSetR4R4R4V(), ESMF_RouteHandleAdvancedUTest.F90, line 725
20220313 033037.953 INFO             PET0  PASS  Test ESMF_DynamicMaskSetR4R8R4V(), ESMF_RouteHandleAdvancedUTest.F90, line 734
20220313 033037.953 INFO             PET0  Ending Test, file ESMF_RouteHandleAdvancedUTest.F90, line 749
20220313 033037.953 INFO             PET0 Finalizing ESMF
20220313 033036.149 INFO             PET1 !!!!!!!!!!!!!!!!!!!!!!!!!!!!!!!!!!!!!!!!!!!!!!!!!!!!!!
20220313 033036.149 INFO             PET1 !!! THE ESMF_LOG IS SET TO OUTPUT ALL LOG MESSAGES !!!
20220313 033036.149 INFO             PET1 !!!     THIS MAY CAUSE SLOWDOWN IN PERFORMANCE     !!!
20220313 033036.149 INFO             PET1 !!! FOR PRODUCTION RUNS, USE:                      !!!
20220313 033036.149 INFO             PET1 !!!                   ESMF_LOGKIND_Multi_On_Error  !!!
20220313 033036.149 INFO             PET1 !!!!!!!!!!!!!!!!!!!!!!!!!!!!!!!!!!!!!!!!!!!!!!!!!!!!!!
20220313 033036.149 INFO             PET1 Running with ESMF Version   : v8.3.0b09-96-g559b459
20220313 033036.149 INFO             PET1 ESMF library build date/time: "Mar 13 2022" "03:20:48"
20220313 033036.149 INFO             PET1 ESMF library build location : /work/noaa/da/mpotts/sandbox/gfortran_8.3.0_openmpi_g_jedwards_pio_update2
20220313 033036.149 INFO             PET1 ESMF_COMM                   : openmpi
20220313 033036.150 INFO             PET1 ESMF_MOAB                   : enabled
20220313 033036.150 INFO             PET1 ESMF_LAPACK                 : enabled
20220313 033036.150 INFO             PET1 ESMF_NETCDF                 : enabled
20220313 033036.150 INFO             PET1 ESMF_PNETCDF                : disabled
20220313 033036.150 INFO             PET1 ESMF_PIO                    : enabled
20220313 033036.150 INFO             PET1 ESMF_YAMLCPP                : enabled
20220313 033036.150 INFO             PET1  Beginning Test, file ESMF_RouteHandleAdvancedUTest.F90, line 346
20220313 033036.150 INFO             PET1  NUMBER_OF_PROCESSORS           4
20220313 033036.161 INFO             PET1 ESMF_FieldRedistStoreNF(): Just entered routine.
20220313 033036.724 INFO             PET1 ESMF_FieldRedistStoreNF(): Leaving routine.
20220313 033036.724 INFO             PET1  PASS  Create RouteHandle for the original petList, ESMF_RouteHandleAdvancedUTest.F90, line 511
20220313 033036.724 INFO             PET1  PASS  Test RouteHandleIsCreated(), ESMF_RouteHandleAdvancedUTest.F90, line 519
20220313 033036.724 INFO             PET1  PASS  Test RouteHandleIsCreated() return value, ESMF_RouteHandleAdvancedUTest.F90, line 526
20220313 033036.724 INFO             PET1  PASS  Test RouteHandleGet(), ESMF_RouteHandleAdvancedUTest.F90, line 534
20220313 033037.369 INFO             PET1  PASS  Test RouteHandleWrite(), ESMF_RouteHandleAdvancedUTest.F90, line 542
20220313 033037.369 INFO             PET1  PASS  Test RouteHandleDestroy(), ESMF_RouteHandleAdvancedUTest.F90, line 550
20220313 033037.372 INFO             PET1  PASS  Test RouteHandleCreate(from file), ESMF_RouteHandleAdvancedUTest.F90, line 558
20220313 033037.375 INFO             PET1  PASS  Apply the read in Routehandle, ESMF_RouteHandleAdvancedUTest.F90, line 567
20220313 033037.375 INFO             PET1  PASS  Test RouteHandleDestroy() for the read in Routehandle, ESMF_RouteHandleAdvancedUTest.F90, line 575
20220313 033037.375 INFO             PET1 ESMF_FieldRedistStoreNF(): Just entered routine.
20220313 033037.926 INFO             PET1 ESMF_FieldRedistStoreNF(): Leaving routine.
20220313 033037.926 INFO             PET1  PASS  Create RouteHandle for the original petList, ESMF_RouteHandleAdvancedUTest.F90, line 585
20220313 033037.926 INFO             PET1  PASS  Transfer RouteHandle to a different petList, ESMF_RouteHandleAdvancedUTest.F90, line 602
20220313 033037.938 INFO             PET1 PIOc_sync Enter - MemInfo: [/proc/meminfo - SSI]	MemTotal:       196434604 kB
20220313 033037.938 INFO             PET1 PIOc_sync Enter - MemInfo: [/proc/meminfo - SSI]	MemFree:        184338408 kB
20220313 033037.938 INFO             PET1 PIOc_sync Enter - MemInfo: [/proc/meminfo - SSI]	MemAvailable:   191796892 kB
20220313 033037.938 INFO             PET1 PIOc_sync Enter - MemInfo: [/proc/meminfo - SSI]	Committed_AS:     739456 kB
20220313 033037.938 INFO             PET1 PIOc_sync Enter - MemInfo: [/proc/meminfo - SSI]	CommittedPercent: 0.376439 %
20220313 033037.938 INFO             PET1 PIOc_sync Enter - MemInfo: [/proc/self/status]	VmPeak:	  690656 kB
20220313 033037.938 INFO             PET1 PIOc_sync Enter - MemInfo: [/proc/self/status]	VmSize:	  690168 kB
20220313 033037.938 INFO             PET1 PIOc_sync Enter - MemInfo: [/proc/self/status]	VmLck:	       0 kB
20220313 033037.938 INFO             PET1 PIOc_sync Enter - MemInfo: [/proc/self/status]	VmPin:	       0 kB
20220313 033037.938 INFO             PET1 PIOc_sync Enter - MemInfo: [/proc/self/status]	VmHWM:	   71736 kB
20220313 033037.938 INFO             PET1 PIOc_sync Enter - MemInfo: [/proc/self/status]	VmRSS:	   42788 kB
20220313 033037.938 INFO             PET1 PIOc_sync Enter - MemInfo: [/proc/self/status]	VmData:	  207364 kB
20220313 033037.938 INFO             PET1 PIOc_sync Enter - MemInfo: [/proc/self/status]	VmStk:	     144 kB
20220313 033037.938 INFO             PET1 PIOc_sync Enter - MemInfo: [/proc/self/status]	VmExe:	     344 kB
20220313 033037.938 INFO             PET1 PIOc_sync Enter - MemInfo: [/proc/self/status]	VmLib:	   83112 kB
20220313 033037.938 INFO             PET1 PIOc_sync Enter - MemInfo: [/proc/self/status]	VmPTE:	     984 kB
20220313 033037.938 INFO             PET1 PIOc_sync Enter - MemInfo: [/proc/self/status]	VmSwap:	       0 kB
20220313 033037.938 INFO             PET1 PIOc_sync Enter - MemInfo: [/proc/self/status]	VmRSSPercent: 0.0217823 %
20220313 033037.938 INFO             PET1 PIOc_sync Enter - MemInfo: [malloc] Non-mmapped space allocated:                24432640 Byte
20220313 033037.938 INFO             PET1 PIOc_sync Enter - MemInfo: [malloc] Space allocated in mmapped regions:          1581056 Byte
20220313 033037.938 INFO             PET1 PIOc_sync Enter - MemInfo: [malloc] Maximum total allocated space:                     0 Byte
20220313 033037.938 INFO             PET1 PIOc_sync Enter - MemInfo: [malloc] Space in freed fastbin blocks:                  1120 Byte
20220313 033037.938 INFO             PET1 PIOc_sync Enter - MemInfo: [malloc] Total allocated space:                       3714896 Byte
20220313 033037.938 INFO             PET1 PIOc_sync Enter - MemInfo: [malloc] Total free space:                           20717744 Byte
20220313 033037.938 INFO             PET1 PIOc_sync Enter - MemInfo: [malloc] Top-most, releasable space:                 14787344 Byte
20220313 033037.938 INFO             PET1 PIOc_sync Enter - MemInfo: [malloc] Total space in use, mmap + non-mmap:         5295952 Byte
20220313 033037.938 INFO             PET1 PIOc_sync Enter - MemInfo: [malloc] Total space held (mmap + non-mmap):         26013696 Byte
20220313 033037.938 INFO             PET1 PIOc_sync Enter - MemInfo: [malloc] Total space used (mmap + non-mmap):          5305296 Byte
20220313 033037.938 INFO             PET1 PIOc_sync Enter - MemInfo: Wall-clock time since execution start:                 1.7932 seconds
20220313 033037.938 INFO             PET1 PIOc_sync Exit - MemInfo: [/proc/meminfo - SSI]	MemTotal:       196434604 kB
20220313 033037.938 INFO             PET1 PIOc_sync Exit - MemInfo: [/proc/meminfo - SSI]	MemFree:        184338408 kB
20220313 033037.938 INFO             PET1 PIOc_sync Exit - MemInfo: [/proc/meminfo - SSI]	MemAvailable:   191796892 kB
20220313 033037.938 INFO             PET1 PIOc_sync Exit - MemInfo: [/proc/meminfo - SSI]	Committed_AS:     739456 kB
20220313 033037.938 INFO             PET1 PIOc_sync Exit - MemInfo: [/proc/meminfo - SSI]	CommittedPercent: 0.376439 %
20220313 033037.938 INFO             PET1 PIOc_sync Exit - MemInfo: [/proc/self/status]	VmPeak:	  690656 kB
20220313 033037.938 INFO             PET1 PIOc_sync Exit - MemInfo: [/proc/self/status]	VmSize:	  690168 kB
20220313 033037.938 INFO             PET1 PIOc_sync Exit - MemInfo: [/proc/self/status]	VmLck:	       0 kB
20220313 033037.938 INFO             PET1 PIOc_sync Exit - MemInfo: [/proc/self/status]	VmPin:	       0 kB
20220313 033037.938 INFO             PET1 PIOc_sync Exit - MemInfo: [/proc/self/status]	VmHWM:	   71736 kB
20220313 033037.938 INFO             PET1 PIOc_sync Exit - MemInfo: [/proc/self/status]	VmRSS:	   42852 kB
20220313 033037.938 INFO             PET1 PIOc_sync Exit - MemInfo: [/proc/self/status]	VmData:	  207364 kB
20220313 033037.938 INFO             PET1 PIOc_sync Exit - MemInfo: [/proc/self/status]	VmStk:	     144 kB
20220313 033037.938 INFO             PET1 PIOc_sync Exit - MemInfo: [/proc/self/status]	VmExe:	     344 kB
20220313 033037.938 INFO             PET1 PIOc_sync Exit - MemInfo: [/proc/self/status]	VmLib:	   83112 kB
20220313 033037.938 INFO             PET1 PIOc_sync Exit - MemInfo: [/proc/self/status]	VmPTE:	     984 kB
20220313 033037.938 INFO             PET1 PIOc_sync Exit - MemInfo: [/proc/self/status]	VmSwap:	       0 kB
20220313 033037.938 INFO             PET1 PIOc_sync Exit - MemInfo: [/proc/self/status]	VmRSSPercent: 0.0218149 %
20220313 033037.938 INFO             PET1 PIOc_sync Exit - MemInfo: [malloc] Non-mmapped space allocated:                24432640 Byte
20220313 033037.938 INFO             PET1 PIOc_sync Exit - MemInfo: [malloc] Space allocated in mmapped regions:          1581056 Byte
20220313 033037.938 INFO             PET1 PIOc_sync Exit - MemInfo: [malloc] Maximum total allocated space:                     0 Byte
20220313 033037.938 INFO             PET1 PIOc_sync Exit - MemInfo: [malloc] Space in freed fastbin blocks:                  1792 Byte
20220313 033037.938 INFO             PET1 PIOc_sync Exit - MemInfo: [malloc] Total allocated space:                       3714816 Byte
20220313 033037.938 INFO             PET1 PIOc_sync Exit - MemInfo: [malloc] Total free space:                           20717824 Byte
20220313 033037.938 INFO             PET1 PIOc_sync Exit - MemInfo: [malloc] Top-most, releasable space:                 14787344 Byte
20220313 033037.938 INFO             PET1 PIOc_sync Exit - MemInfo: [malloc] Total space in use, mmap + non-mmap:         5295872 Byte
20220313 033037.938 INFO             PET1 PIOc_sync Exit - MemInfo: [malloc] Total space held (mmap + non-mmap):         26013696 Byte
20220313 033037.938 INFO             PET1 PIOc_sync Exit - MemInfo: [malloc] Total space used (mmap + non-mmap):          5305216 Byte
20220313 033037.938 INFO             PET1 PIOc_sync Exit - MemInfo: Wall-clock time since execution start:                1.79367 seconds
20220313 033037.939 INFO             PET1 PIOc_freedecomp Enter - MemInfo: [/proc/meminfo - SSI]	MemTotal:       196434604 kB
20220313 033037.939 INFO             PET1 PIOc_freedecomp Enter - MemInfo: [/proc/meminfo - SSI]	MemFree:        184338408 kB
20220313 033037.939 INFO             PET1 PIOc_freedecomp Enter - MemInfo: [/proc/meminfo - SSI]	MemAvailable:   191796892 kB
20220313 033037.939 INFO             PET1 PIOc_freedecomp Enter - MemInfo: [/proc/meminfo - SSI]	Committed_AS:     739456 kB
20220313 033037.939 INFO             PET1 PIOc_freedecomp Enter - MemInfo: [/proc/meminfo - SSI]	CommittedPercent: 0.376439 %
20220313 033037.939 INFO             PET1 PIOc_freedecomp Enter - MemInfo: [/proc/self/status]	VmPeak:	  690656 kB
20220313 033037.939 INFO             PET1 PIOc_freedecomp Enter - MemInfo: [/proc/self/status]	VmSize:	  690168 kB
20220313 033037.939 INFO             PET1 PIOc_freedecomp Enter - MemInfo: [/proc/self/status]	VmLck:	       0 kB
20220313 033037.939 INFO             PET1 PIOc_freedecomp Enter - MemInfo: [/proc/self/status]	VmPin:	       0 kB
20220313 033037.939 INFO             PET1 PIOc_freedecomp Enter - MemInfo: [/proc/self/status]	VmHWM:	   71736 kB
20220313 033037.939 INFO             PET1 PIOc_freedecomp Enter - MemInfo: [/proc/self/status]	VmRSS:	   42852 kB
20220313 033037.939 INFO             PET1 PIOc_freedecomp Enter - MemInfo: [/proc/self/status]	VmData:	  207364 kB
20220313 033037.939 INFO             PET1 PIOc_freedecomp Enter - MemInfo: [/proc/self/status]	VmStk:	     144 kB
20220313 033037.939 INFO             PET1 PIOc_freedecomp Enter - MemInfo: [/proc/self/status]	VmExe:	     344 kB
20220313 033037.939 INFO             PET1 PIOc_freedecomp Enter - MemInfo: [/proc/self/status]	VmLib:	   83112 kB
20220313 033037.939 INFO             PET1 PIOc_freedecomp Enter - MemInfo: [/proc/self/status]	VmPTE:	     984 kB
20220313 033037.939 INFO             PET1 PIOc_freedecomp Enter - MemInfo: [/proc/self/status]	VmSwap:	       0 kB
20220313 033037.939 INFO             PET1 PIOc_freedecomp Enter - MemInfo: [/proc/self/status]	VmRSSPercent: 0.0218149 %
20220313 033037.939 INFO             PET1 PIOc_freedecomp Enter - MemInfo: [malloc] Non-mmapped space allocated:                24432640 Byte
20220313 033037.939 INFO             PET1 PIOc_freedecomp Enter - MemInfo: [malloc] Space allocated in mmapped regions:          1581056 Byte
20220313 033037.939 INFO             PET1 PIOc_freedecomp Enter - MemInfo: [malloc] Maximum total allocated space:                     0 Byte
20220313 033037.939 INFO             PET1 PIOc_freedecomp Enter - MemInfo: [malloc] Space in freed fastbin blocks:                  1856 Byte
20220313 033037.939 INFO             PET1 PIOc_freedecomp Enter - MemInfo: [malloc] Total allocated space:                       3713184 Byte
20220313 033037.939 INFO             PET1 PIOc_freedecomp Enter - MemInfo: [malloc] Total free space:                           20719456 Byte
20220313 033037.939 INFO             PET1 PIOc_freedecomp Enter - MemInfo: [malloc] Top-most, releasable space:                 14787344 Byte
20220313 033037.939 INFO             PET1 PIOc_freedecomp Enter - MemInfo: [malloc] Total space in use, mmap + non-mmap:         5294240 Byte
20220313 033037.939 INFO             PET1 PIOc_freedecomp Enter - MemInfo: [malloc] Total space held (mmap + non-mmap):         26013696 Byte
20220313 033037.939 INFO             PET1 PIOc_freedecomp Enter - MemInfo: [malloc] Total space used (mmap + non-mmap):          5303584 Byte
20220313 033037.939 INFO             PET1 PIOc_freedecomp Enter - MemInfo: Wall-clock time since execution start:                1.79456 seconds
20220313 033037.939 INFO             PET1 PIOc_freedecomp Exit - MemInfo: [/proc/meminfo - SSI]	MemTotal:       196434604 kB
20220313 033037.939 INFO             PET1 PIOc_freedecomp Exit - MemInfo: [/proc/meminfo - SSI]	MemFree:        184338408 kB
20220313 033037.939 INFO             PET1 PIOc_freedecomp Exit - MemInfo: [/proc/meminfo - SSI]	MemAvailable:   191796892 kB
20220313 033037.939 INFO             PET1 PIOc_freedecomp Exit - MemInfo: [/proc/meminfo - SSI]	Committed_AS:     739456 kB
20220313 033037.939 INFO             PET1 PIOc_freedecomp Exit - MemInfo: [/proc/meminfo - SSI]	CommittedPercent: 0.376439 %
20220313 033037.939 INFO             PET1 PIOc_freedecomp Exit - MemInfo: [/proc/self/status]	VmPeak:	  690656 kB
20220313 033037.940 INFO             PET1 PIOc_freedecomp Exit - MemInfo: [/proc/self/status]	VmSize:	  690168 kB
20220313 033037.940 INFO             PET1 PIOc_freedecomp Exit - MemInfo: [/proc/self/status]	VmLck:	       0 kB
20220313 033037.940 INFO             PET1 PIOc_freedecomp Exit - MemInfo: [/proc/self/status]	VmPin:	       0 kB
20220313 033037.940 INFO             PET1 PIOc_freedecomp Exit - MemInfo: [/proc/self/status]	VmHWM:	   71736 kB
20220313 033037.940 INFO             PET1 PIOc_freedecomp Exit - MemInfo: [/proc/self/status]	VmRSS:	   42856 kB
20220313 033037.940 INFO             PET1 PIOc_freedecomp Exit - MemInfo: [/proc/self/status]	VmData:	  207364 kB
20220313 033037.940 INFO             PET1 PIOc_freedecomp Exit - MemInfo: [/proc/self/status]	VmStk:	     144 kB
20220313 033037.940 INFO             PET1 PIOc_freedecomp Exit - MemInfo: [/proc/self/status]	VmExe:	     344 kB
20220313 033037.940 INFO             PET1 PIOc_freedecomp Exit - MemInfo: [/proc/self/status]	VmLib:	   83112 kB
20220313 033037.940 INFO             PET1 PIOc_freedecomp Exit - MemInfo: [/proc/self/status]	VmPTE:	     984 kB
20220313 033037.940 INFO             PET1 PIOc_freedecomp Exit - MemInfo: [/proc/self/status]	VmSwap:	       0 kB
20220313 033037.940 INFO             PET1 PIOc_freedecomp Exit - MemInfo: [/proc/self/status]	VmRSSPercent: 0.0218169 %
20220313 033037.940 INFO             PET1 PIOc_freedecomp Exit - MemInfo: [malloc] Non-mmapped space allocated:                24432640 Byte
20220313 033037.940 INFO             PET1 PIOc_freedecomp Exit - MemInfo: [malloc] Space allocated in mmapped regions:          1581056 Byte
20220313 033037.940 INFO             PET1 PIOc_freedecomp Exit - MemInfo: [malloc] Maximum total allocated space:                     0 Byte
20220313 033037.940 INFO             PET1 PIOc_freedecomp Exit - MemInfo: [malloc] Space in freed fastbin blocks:                  2352 Byte
20220313 033037.940 INFO             PET1 PIOc_freedecomp Exit - MemInfo: [malloc] Total allocated space:                       3711216 Byte
20220313 033037.940 INFO             PET1 PIOc_freedecomp Exit - MemInfo: [malloc] Total free space:                           20721424 Byte
20220313 033037.940 INFO             PET1 PIOc_freedecomp Exit - MemInfo: [malloc] Top-most, releasable space:                 14787344 Byte
20220313 033037.940 INFO             PET1 PIOc_freedecomp Exit - MemInfo: [malloc] Total space in use, mmap + non-mmap:         5292272 Byte
20220313 033037.940 INFO             PET1 PIOc_freedecomp Exit - MemInfo: [malloc] Total space held (mmap + non-mmap):         26013696 Byte
20220313 033037.940 INFO             PET1 PIOc_freedecomp Exit - MemInfo: [malloc] Total space used (mmap + non-mmap):          5301616 Byte
20220313 033037.940 INFO             PET1 PIOc_freedecomp Exit - MemInfo: Wall-clock time since execution start:                1.79492 seconds
20220313 033037.942 INFO             PET1 PIOc_sync Enter - MemInfo: [/proc/meminfo - SSI]	MemTotal:       196434604 kB
20220313 033037.942 INFO             PET1 PIOc_sync Enter - MemInfo: [/proc/meminfo - SSI]	MemFree:        184338408 kB
20220313 033037.942 INFO             PET1 PIOc_sync Enter - MemInfo: [/proc/meminfo - SSI]	MemAvailable:   191796892 kB
20220313 033037.942 INFO             PET1 PIOc_sync Enter - MemInfo: [/proc/meminfo - SSI]	Committed_AS:     739456 kB
20220313 033037.942 INFO             PET1 PIOc_sync Enter - MemInfo: [/proc/meminfo - SSI]	CommittedPercent: 0.376439 %
20220313 033037.942 INFO             PET1 PIOc_sync Enter - MemInfo: [/proc/self/status]	VmPeak:	  690656 kB
20220313 033037.942 INFO             PET1 PIOc_sync Enter - MemInfo: [/proc/self/status]	VmSize:	  690168 kB
20220313 033037.942 INFO             PET1 PIOc_sync Enter - MemInfo: [/proc/self/status]	VmLck:	       0 kB
20220313 033037.942 INFO             PET1 PIOc_sync Enter - MemInfo: [/proc/self/status]	VmPin:	       0 kB
20220313 033037.942 INFO             PET1 PIOc_sync Enter - MemInfo: [/proc/self/status]	VmHWM:	   71736 kB
20220313 033037.942 INFO             PET1 PIOc_sync Enter - MemInfo: [/proc/self/status]	VmRSS:	   42864 kB
20220313 033037.942 INFO             PET1 PIOc_sync Enter - MemInfo: [/proc/self/status]	VmData:	  207364 kB
20220313 033037.942 INFO             PET1 PIOc_sync Enter - MemInfo: [/proc/self/status]	VmStk:	     144 kB
20220313 033037.942 INFO             PET1 PIOc_sync Enter - MemInfo: [/proc/self/status]	VmExe:	     344 kB
20220313 033037.942 INFO             PET1 PIOc_sync Enter - MemInfo: [/proc/self/status]	VmLib:	   83112 kB
20220313 033037.942 INFO             PET1 PIOc_sync Enter - MemInfo: [/proc/self/status]	VmPTE:	     984 kB
20220313 033037.942 INFO             PET1 PIOc_sync Enter - MemInfo: [/proc/self/status]	VmSwap:	       0 kB
20220313 033037.942 INFO             PET1 PIOc_sync Enter - MemInfo: [/proc/self/status]	VmRSSPercent: 0.021821 %
20220313 033037.942 INFO             PET1 PIOc_sync Enter - MemInfo: [malloc] Non-mmapped space allocated:                24432640 Byte
20220313 033037.942 INFO             PET1 PIOc_sync Enter - MemInfo: [malloc] Space allocated in mmapped regions:          1581056 Byte
20220313 033037.942 INFO             PET1 PIOc_sync Enter - MemInfo: [malloc] Maximum total allocated space:                     0 Byte
20220313 033037.942 INFO             PET1 PIOc_sync Enter - MemInfo: [malloc] Space in freed fastbin blocks:                  1152 Byte
20220313 033037.942 INFO             PET1 PIOc_sync Enter - MemInfo: [malloc] Total allocated space:                       3715056 Byte
20220313 033037.942 INFO             PET1 PIOc_sync Enter - MemInfo: [malloc] Total free space:                           20717584 Byte
20220313 033037.942 INFO             PET1 PIOc_sync Enter - MemInfo: [malloc] Top-most, releasable space:                 14787344 Byte
20220313 033037.942 INFO             PET1 PIOc_sync Enter - MemInfo: [malloc] Total space in use, mmap + non-mmap:         5296112 Byte
20220313 033037.942 INFO             PET1 PIOc_sync Enter - MemInfo: [malloc] Total space held (mmap + non-mmap):         26013696 Byte
20220313 033037.942 INFO             PET1 PIOc_sync Enter - MemInfo: [malloc] Total space used (mmap + non-mmap):          5305456 Byte
20220313 033037.942 INFO             PET1 PIOc_sync Enter - MemInfo: Wall-clock time since execution start:                1.79706 seconds
20220313 033037.942 INFO             PET1 PIOc_sync Exit - MemInfo: [/proc/meminfo - SSI]	MemTotal:       196434604 kB
20220313 033037.942 INFO             PET1 PIOc_sync Exit - MemInfo: [/proc/meminfo - SSI]	MemFree:        184338408 kB
20220313 033037.942 INFO             PET1 PIOc_sync Exit - MemInfo: [/proc/meminfo - SSI]	MemAvailable:   191796892 kB
20220313 033037.942 INFO             PET1 PIOc_sync Exit - MemInfo: [/proc/meminfo - SSI]	Committed_AS:     739456 kB
20220313 033037.942 INFO             PET1 PIOc_sync Exit - MemInfo: [/proc/meminfo - SSI]	CommittedPercent: 0.376439 %
20220313 033037.943 INFO             PET1 PIOc_sync Exit - MemInfo: [/proc/self/status]	VmPeak:	  690656 kB
20220313 033037.943 INFO             PET1 PIOc_sync Exit - MemInfo: [/proc/self/status]	VmSize:	  690168 kB
20220313 033037.943 INFO             PET1 PIOc_sync Exit - MemInfo: [/proc/self/status]	VmLck:	       0 kB
20220313 033037.943 INFO             PET1 PIOc_sync Exit - MemInfo: [/proc/self/status]	VmPin:	       0 kB
20220313 033037.943 INFO             PET1 PIOc_sync Exit - MemInfo: [/proc/self/status]	VmHWM:	   71736 kB
20220313 033037.943 INFO             PET1 PIOc_sync Exit - MemInfo: [/proc/self/status]	VmRSS:	   42864 kB
20220313 033037.943 INFO             PET1 PIOc_sync Exit - MemInfo: [/proc/self/status]	VmData:	  207364 kB
20220313 033037.943 INFO             PET1 PIOc_sync Exit - MemInfo: [/proc/self/status]	VmStk:	     144 kB
20220313 033037.943 INFO             PET1 PIOc_sync Exit - MemInfo: [/proc/self/status]	VmExe:	     344 kB
20220313 033037.943 INFO             PET1 PIOc_sync Exit - MemInfo: [/proc/self/status]	VmLib:	   83112 kB
20220313 033037.943 INFO             PET1 PIOc_sync Exit - MemInfo: [/proc/self/status]	VmPTE:	     984 kB
20220313 033037.943 INFO             PET1 PIOc_sync Exit - MemInfo: [/proc/self/status]	VmSwap:	       0 kB
20220313 033037.943 INFO             PET1 PIOc_sync Exit - MemInfo: [/proc/self/status]	VmRSSPercent: 0.021821 %
20220313 033037.943 INFO             PET1 PIOc_sync Exit - MemInfo: [malloc] Non-mmapped space allocated:                24432640 Byte
20220313 033037.943 INFO             PET1 PIOc_sync Exit - MemInfo: [malloc] Space allocated in mmapped regions:          1581056 Byte
20220313 033037.943 INFO             PET1 PIOc_sync Exit - MemInfo: [malloc] Maximum total allocated space:                     0 Byte
20220313 033037.943 INFO             PET1 PIOc_sync Exit - MemInfo: [malloc] Space in freed fastbin blocks:                  1680 Byte
20220313 033037.943 INFO             PET1 PIOc_sync Exit - MemInfo: [malloc] Total allocated space:                       3714976 Byte
20220313 033037.943 INFO             PET1 PIOc_sync Exit - MemInfo: [malloc] Total free space:                           20717664 Byte
20220313 033037.943 INFO             PET1 PIOc_sync Exit - MemInfo: [malloc] Top-most, releasable space:                 14787344 Byte
20220313 033037.943 INFO             PET1 PIOc_sync Exit - MemInfo: [malloc] Total space in use, mmap + non-mmap:         5296032 Byte
20220313 033037.943 INFO             PET1 PIOc_sync Exit - MemInfo: [malloc] Total space held (mmap + non-mmap):         26013696 Byte
20220313 033037.943 INFO             PET1 PIOc_sync Exit - MemInfo: [malloc] Total space used (mmap + non-mmap):          5305376 Byte
20220313 033037.943 INFO             PET1 PIOc_sync Exit - MemInfo: Wall-clock time since execution start:                1.79794 seconds
20220313 033037.943 INFO             PET1 PIOc_freedecomp Enter - MemInfo: [/proc/meminfo - SSI]	MemTotal:       196434604 kB
20220313 033037.943 INFO             PET1 PIOc_freedecomp Enter - MemInfo: [/proc/meminfo - SSI]	MemFree:        184338408 kB
20220313 033037.943 INFO             PET1 PIOc_freedecomp Enter - MemInfo: [/proc/meminfo - SSI]	MemAvailable:   191796892 kB
20220313 033037.943 INFO             PET1 PIOc_freedecomp Enter - MemInfo: [/proc/meminfo - SSI]	Committed_AS:     739456 kB
20220313 033037.943 INFO             PET1 PIOc_freedecomp Enter - MemInfo: [/proc/meminfo - SSI]	CommittedPercent: 0.376439 %
20220313 033037.943 INFO             PET1 PIOc_freedecomp Enter - MemInfo: [/proc/self/status]	VmPeak:	  690656 kB
20220313 033037.943 INFO             PET1 PIOc_freedecomp Enter - MemInfo: [/proc/self/status]	VmSize:	  690168 kB
20220313 033037.943 INFO             PET1 PIOc_freedecomp Enter - MemInfo: [/proc/self/status]	VmLck:	       0 kB
20220313 033037.943 INFO             PET1 PIOc_freedecomp Enter - MemInfo: [/proc/self/status]	VmPin:	       0 kB
20220313 033037.943 INFO             PET1 PIOc_freedecomp Enter - MemInfo: [/proc/self/status]	VmHWM:	   71736 kB
20220313 033037.943 INFO             PET1 PIOc_freedecomp Enter - MemInfo: [/proc/self/status]	VmRSS:	   42864 kB
20220313 033037.943 INFO             PET1 PIOc_freedecomp Enter - MemInfo: [/proc/self/status]	VmData:	  207364 kB
20220313 033037.943 INFO             PET1 PIOc_freedecomp Enter - MemInfo: [/proc/self/status]	VmStk:	     144 kB
20220313 033037.943 INFO             PET1 PIOc_freedecomp Enter - MemInfo: [/proc/self/status]	VmExe:	     344 kB
20220313 033037.943 INFO             PET1 PIOc_freedecomp Enter - MemInfo: [/proc/self/status]	VmLib:	   83112 kB
20220313 033037.943 INFO             PET1 PIOc_freedecomp Enter - MemInfo: [/proc/self/status]	VmPTE:	     984 kB
20220313 033037.943 INFO             PET1 PIOc_freedecomp Enter - MemInfo: [/proc/self/status]	VmSwap:	       0 kB
20220313 033037.943 INFO             PET1 PIOc_freedecomp Enter - MemInfo: [/proc/self/status]	VmRSSPercent: 0.021821 %
20220313 033037.943 INFO             PET1 PIOc_freedecomp Enter - MemInfo: [malloc] Non-mmapped space allocated:                24432640 Byte
20220313 033037.943 INFO             PET1 PIOc_freedecomp Enter - MemInfo: [malloc] Space allocated in mmapped regions:          1581056 Byte
20220313 033037.943 INFO             PET1 PIOc_freedecomp Enter - MemInfo: [malloc] Maximum total allocated space:                     0 Byte
20220313 033037.943 INFO             PET1 PIOc_freedecomp Enter - MemInfo: [malloc] Space in freed fastbin blocks:                  1856 Byte
20220313 033037.943 INFO             PET1 PIOc_freedecomp Enter - MemInfo: [malloc] Total allocated space:                       3713200 Byte
20220313 033037.943 INFO             PET1 PIOc_freedecomp Enter - MemInfo: [malloc] Total free space:                           20719440 Byte
20220313 033037.943 INFO             PET1 PIOc_freedecomp Enter - MemInfo: [malloc] Top-most, releasable space:                 14787344 Byte
20220313 033037.943 INFO             PET1 PIOc_freedecomp Enter - MemInfo: [malloc] Total space in use, mmap + non-mmap:         5294256 Byte
20220313 033037.943 INFO             PET1 PIOc_freedecomp Enter - MemInfo: [malloc] Total space held (mmap + non-mmap):         26013696 Byte
20220313 033037.943 INFO             PET1 PIOc_freedecomp Enter - MemInfo: [malloc] Total space used (mmap + non-mmap):          5303600 Byte
20220313 033037.943 INFO             PET1 PIOc_freedecomp Enter - MemInfo: Wall-clock time since execution start:                1.79851 seconds
20220313 033037.943 INFO             PET1 PIOc_freedecomp Exit - MemInfo: [/proc/meminfo - SSI]	MemTotal:       196434604 kB
20220313 033037.943 INFO             PET1 PIOc_freedecomp Exit - MemInfo: [/proc/meminfo - SSI]	MemFree:        184338408 kB
20220313 033037.943 INFO             PET1 PIOc_freedecomp Exit - MemInfo: [/proc/meminfo - SSI]	MemAvailable:   191796892 kB
20220313 033037.943 INFO             PET1 PIOc_freedecomp Exit - MemInfo: [/proc/meminfo - SSI]	Committed_AS:     739456 kB
20220313 033037.943 INFO             PET1 PIOc_freedecomp Exit - MemInfo: [/proc/meminfo - SSI]	CommittedPercent: 0.376439 %
20220313 033037.943 INFO             PET1 PIOc_freedecomp Exit - MemInfo: [/proc/self/status]	VmPeak:	  690656 kB
20220313 033037.943 INFO             PET1 PIOc_freedecomp Exit - MemInfo: [/proc/self/status]	VmSize:	  690168 kB
20220313 033037.943 INFO             PET1 PIOc_freedecomp Exit - MemInfo: [/proc/self/status]	VmLck:	       0 kB
20220313 033037.943 INFO             PET1 PIOc_freedecomp Exit - MemInfo: [/proc/self/status]	VmPin:	       0 kB
20220313 033037.943 INFO             PET1 PIOc_freedecomp Exit - MemInfo: [/proc/self/status]	VmHWM:	   71736 kB
20220313 033037.943 INFO             PET1 PIOc_freedecomp Exit - MemInfo: [/proc/self/status]	VmRSS:	   42864 kB
20220313 033037.943 INFO             PET1 PIOc_freedecomp Exit - MemInfo: [/proc/self/status]	VmData:	  207364 kB
20220313 033037.943 INFO             PET1 PIOc_freedecomp Exit - MemInfo: [/proc/self/status]	VmStk:	     144 kB
20220313 033037.944 INFO             PET1 PIOc_freedecomp Exit - MemInfo: [/proc/self/status]	VmExe:	     344 kB
20220313 033037.944 INFO             PET1 PIOc_freedecomp Exit - MemInfo: [/proc/self/status]	VmLib:	   83112 kB
20220313 033037.944 INFO             PET1 PIOc_freedecomp Exit - MemInfo: [/proc/self/status]	VmPTE:	     984 kB
20220313 033037.944 INFO             PET1 PIOc_freedecomp Exit - MemInfo: [/proc/self/status]	VmSwap:	       0 kB
20220313 033037.944 INFO             PET1 PIOc_freedecomp Exit - MemInfo: [/proc/self/status]	VmRSSPercent: 0.021821 %
20220313 033037.944 INFO             PET1 PIOc_freedecomp Exit - MemInfo: [malloc] Non-mmapped space allocated:                24432640 Byte
20220313 033037.944 INFO             PET1 PIOc_freedecomp Exit - MemInfo: [malloc] Space allocated in mmapped regions:          1581056 Byte
20220313 033037.944 INFO             PET1 PIOc_freedecomp Exit - MemInfo: [malloc] Maximum total allocated space:                     0 Byte
20220313 033037.944 INFO             PET1 PIOc_freedecomp Exit - MemInfo: [malloc] Space in freed fastbin blocks:                  2480 Byte
20220313 033037.944 INFO             PET1 PIOc_freedecomp Exit - MemInfo: [malloc] Total allocated space:                       3711232 Byte
20220313 033037.944 INFO             PET1 PIOc_freedecomp Exit - MemInfo: [malloc] Total free space:                           20721408 Byte
20220313 033037.944 INFO             PET1 PIOc_freedecomp Exit - MemInfo: [malloc] Top-most, releasable space:                 14787344 Byte
20220313 033037.944 INFO             PET1 PIOc_freedecomp Exit - MemInfo: [malloc] Total space in use, mmap + non-mmap:         5292288 Byte
20220313 033037.944 INFO             PET1 PIOc_freedecomp Exit - MemInfo: [malloc] Total space held (mmap + non-mmap):         26013696 Byte
20220313 033037.944 INFO             PET1 PIOc_freedecomp Exit - MemInfo: [malloc] Total space used (mmap + non-mmap):          5301632 Byte
20220313 033037.944 INFO             PET1 PIOc_freedecomp Exit - MemInfo: Wall-clock time since execution start:                1.79886 seconds
20220313 033037.945 INFO             PET1 PIOc_sync Enter - MemInfo: [/proc/meminfo - SSI]	MemTotal:       196434604 kB
20220313 033037.945 INFO             PET1 PIOc_sync Enter - MemInfo: [/proc/meminfo - SSI]	MemFree:        184338408 kB
20220313 033037.945 INFO             PET1 PIOc_sync Enter - MemInfo: [/proc/meminfo - SSI]	MemAvailable:   191796892 kB
20220313 033037.945 INFO             PET1 PIOc_sync Enter - MemInfo: [/proc/meminfo - SSI]	Committed_AS:     739456 kB
20220313 033037.945 INFO             PET1 PIOc_sync Enter - MemInfo: [/proc/meminfo - SSI]	CommittedPercent: 0.376439 %
20220313 033037.945 INFO             PET1 PIOc_sync Enter - MemInfo: [/proc/self/status]	VmPeak:	  690656 kB
20220313 033037.945 INFO             PET1 PIOc_sync Enter - MemInfo: [/proc/self/status]	VmSize:	  690168 kB
20220313 033037.945 INFO             PET1 PIOc_sync Enter - MemInfo: [/proc/self/status]	VmLck:	       0 kB
20220313 033037.945 INFO             PET1 PIOc_sync Enter - MemInfo: [/proc/self/status]	VmPin:	       0 kB
20220313 033037.945 INFO             PET1 PIOc_sync Enter - MemInfo: [/proc/self/status]	VmHWM:	   71736 kB
20220313 033037.945 INFO             PET1 PIOc_sync Enter - MemInfo: [/proc/self/status]	VmRSS:	   42864 kB
20220313 033037.945 INFO             PET1 PIOc_sync Enter - MemInfo: [/proc/self/status]	VmData:	  207364 kB
20220313 033037.945 INFO             PET1 PIOc_sync Enter - MemInfo: [/proc/self/status]	VmStk:	     144 kB
20220313 033037.945 INFO             PET1 PIOc_sync Enter - MemInfo: [/proc/self/status]	VmExe:	     344 kB
20220313 033037.945 INFO             PET1 PIOc_sync Enter - MemInfo: [/proc/self/status]	VmLib:	   83112 kB
20220313 033037.945 INFO             PET1 PIOc_sync Enter - MemInfo: [/proc/self/status]	VmPTE:	     984 kB
20220313 033037.945 INFO             PET1 PIOc_sync Enter - MemInfo: [/proc/self/status]	VmSwap:	       0 kB
20220313 033037.945 INFO             PET1 PIOc_sync Enter - MemInfo: [/proc/self/status]	VmRSSPercent: 0.021821 %
20220313 033037.945 INFO             PET1 PIOc_sync Enter - MemInfo: [malloc] Non-mmapped space allocated:                24432640 Byte
20220313 033037.945 INFO             PET1 PIOc_sync Enter - MemInfo: [malloc] Space allocated in mmapped regions:          1581056 Byte
20220313 033037.945 INFO             PET1 PIOc_sync Enter - MemInfo: [malloc] Maximum total allocated space:                     0 Byte
20220313 033037.945 INFO             PET1 PIOc_sync Enter - MemInfo: [malloc] Space in freed fastbin blocks:                  1152 Byte
20220313 033037.945 INFO             PET1 PIOc_sync Enter - MemInfo: [malloc] Total allocated space:                       3715184 Byte
20220313 033037.945 INFO             PET1 PIOc_sync Enter - MemInfo: [malloc] Total free space:                           20717456 Byte
20220313 033037.945 INFO             PET1 PIOc_sync Enter - MemInfo: [malloc] Top-most, releasable space:                 14787344 Byte
20220313 033037.945 INFO             PET1 PIOc_sync Enter - MemInfo: [malloc] Total space in use, mmap + non-mmap:         5296240 Byte
20220313 033037.945 INFO             PET1 PIOc_sync Enter - MemInfo: [malloc] Total space held (mmap + non-mmap):         26013696 Byte
20220313 033037.945 INFO             PET1 PIOc_sync Enter - MemInfo: [malloc] Total space used (mmap + non-mmap):          5305584 Byte
20220313 033037.945 INFO             PET1 PIOc_sync Enter - MemInfo: Wall-clock time since execution start:                1.80046 seconds
20220313 033037.946 INFO             PET1 PIOc_sync Exit - MemInfo: [/proc/meminfo - SSI]	MemTotal:       196434604 kB
20220313 033037.946 INFO             PET1 PIOc_sync Exit - MemInfo: [/proc/meminfo - SSI]	MemFree:        184338408 kB
20220313 033037.946 INFO             PET1 PIOc_sync Exit - MemInfo: [/proc/meminfo - SSI]	MemAvailable:   191796892 kB
20220313 033037.946 INFO             PET1 PIOc_sync Exit - MemInfo: [/proc/meminfo - SSI]	Committed_AS:     739456 kB
20220313 033037.946 INFO             PET1 PIOc_sync Exit - MemInfo: [/proc/meminfo - SSI]	CommittedPercent: 0.376439 %
20220313 033037.946 INFO             PET1 PIOc_sync Exit - MemInfo: [/proc/self/status]	VmPeak:	  690656 kB
20220313 033037.946 INFO             PET1 PIOc_sync Exit - MemInfo: [/proc/self/status]	VmSize:	  690168 kB
20220313 033037.946 INFO             PET1 PIOc_sync Exit - MemInfo: [/proc/self/status]	VmLck:	       0 kB
20220313 033037.946 INFO             PET1 PIOc_sync Exit - MemInfo: [/proc/self/status]	VmPin:	       0 kB
20220313 033037.946 INFO             PET1 PIOc_sync Exit - MemInfo: [/proc/self/status]	VmHWM:	   71736 kB
20220313 033037.946 INFO             PET1 PIOc_sync Exit - MemInfo: [/proc/self/status]	VmRSS:	   42864 kB
20220313 033037.946 INFO             PET1 PIOc_sync Exit - MemInfo: [/proc/self/status]	VmData:	  207364 kB
20220313 033037.946 INFO             PET1 PIOc_sync Exit - MemInfo: [/proc/self/status]	VmStk:	     144 kB
20220313 033037.946 INFO             PET1 PIOc_sync Exit - MemInfo: [/proc/self/status]	VmExe:	     344 kB
20220313 033037.946 INFO             PET1 PIOc_sync Exit - MemInfo: [/proc/self/status]	VmLib:	   83112 kB
20220313 033037.946 INFO             PET1 PIOc_sync Exit - MemInfo: [/proc/self/status]	VmPTE:	     984 kB
20220313 033037.946 INFO             PET1 PIOc_sync Exit - MemInfo: [/proc/self/status]	VmSwap:	       0 kB
20220313 033037.946 INFO             PET1 PIOc_sync Exit - MemInfo: [/proc/self/status]	VmRSSPercent: 0.021821 %
20220313 033037.946 INFO             PET1 PIOc_sync Exit - MemInfo: [malloc] Non-mmapped space allocated:                24432640 Byte
20220313 033037.946 INFO             PET1 PIOc_sync Exit - MemInfo: [malloc] Space allocated in mmapped regions:          1581056 Byte
20220313 033037.946 INFO             PET1 PIOc_sync Exit - MemInfo: [malloc] Maximum total allocated space:                     0 Byte
20220313 033037.946 INFO             PET1 PIOc_sync Exit - MemInfo: [malloc] Space in freed fastbin blocks:                  1936 Byte
