build time -- 2022-03-12 04:20:58
20220312 054201.213 INFO             PET0 !!!!!!!!!!!!!!!!!!!!!!!!!!!!!!!!!!!!!!!!!!!!!!!!!!!!!!
20220312 054201.214 INFO             PET0 !!! THE ESMF_LOG IS SET TO OUTPUT ALL LOG MESSAGES !!!
20220312 054201.214 INFO             PET0 !!!     THIS MAY CAUSE SLOWDOWN IN PERFORMANCE     !!!
20220312 054201.214 INFO             PET0 !!! FOR PRODUCTION RUNS, USE:                      !!!
20220312 054201.214 INFO             PET0 !!!                   ESMF_LOGKIND_Multi_On_Error  !!!
20220312 054201.214 INFO             PET0 !!!!!!!!!!!!!!!!!!!!!!!!!!!!!!!!!!!!!!!!!!!!!!!!!!!!!!
20220312 054201.214 INFO             PET0 Running with ESMF Version   : v8.3.0b09-96-g559b459
20220312 054201.214 INFO             PET0 ESMF library build date/time: "Mar 12 2022" "04:14:42"
20220312 054201.214 INFO             PET0 ESMF library build location : /work/noaa/da/mpotts/sandbox/gfortran_8.3.0_openmpi_g_jedwards_pio_update2
20220312 054201.214 INFO             PET0 ESMF_COMM                   : openmpi
20220312 054201.214 INFO             PET0 ESMF_MOAB                   : enabled
20220312 054201.214 INFO             PET0 ESMF_LAPACK                 : enabled
20220312 054201.214 INFO             PET0 ESMF_NETCDF                 : enabled
20220312 054201.214 INFO             PET0 ESMF_PNETCDF                : disabled
20220312 054201.214 INFO             PET0 ESMF_PIO                    : enabled
20220312 054201.214 INFO             PET0 ESMF_YAMLCPP                : enabled
20220312 054201.215 INFO             PET0  Beginning Test, file ESMF_FieldIOUTest.F90, line 123
20220312 054201.215 INFO             PET0  NUMBER_OF_PROCESSORS           4
20220312 054201.215 INFO             PET0  PASS  Array Spec Set, ESMF_FieldIOUTest.F90, line 146
20220312 054201.216 INFO             PET0  PASS  Creating a Grid to use in Field Tests, ESMF_FieldIOUTest.F90, line 157
20220312 054201.217 INFO             PET0  PASS  Create a field from grid and fortran dummy array, ESMF_FieldIOUTest.F90, line 179
20220312 054201.217 INFO             PET0  PASS  Get Farray_w from field, ESMF_FieldIOUTest.F90, line 190
20220312 054201.224 INFO             PET0 PIOc_sync Enter - MemInfo: [/proc/meminfo - SSI]	MemTotal:       196442820 kB
20220312 054201.224 INFO             PET0 PIOc_sync Enter - MemInfo: [/proc/meminfo - SSI]	MemFree:        186883648 kB
20220312 054201.224 INFO             PET0 PIOc_sync Enter - MemInfo: [/proc/meminfo - SSI]	MemAvailable:   191709304 kB
20220312 054201.224 INFO             PET0 PIOc_sync Enter - MemInfo: [/proc/meminfo - SSI]	Committed_AS:     652380 kB
20220312 054201.224 INFO             PET0 PIOc_sync Enter - MemInfo: [/proc/meminfo - SSI]	CommittedPercent: 0.332097 %
20220312 054201.224 INFO             PET0 PIOc_sync Enter - MemInfo: [/proc/self/status]	VmPeak:	  677992 kB
20220312 054201.224 INFO             PET0 PIOc_sync Enter - MemInfo: [/proc/self/status]	VmSize:	  677992 kB
20220312 054201.224 INFO             PET0 PIOc_sync Enter - MemInfo: [/proc/self/status]	VmLck:	       0 kB
20220312 054201.224 INFO             PET0 PIOc_sync Enter - MemInfo: [/proc/self/status]	VmPin:	       0 kB
20220312 054201.224 INFO             PET0 PIOc_sync Enter - MemInfo: [/proc/self/status]	VmHWM:	   71736 kB
20220312 054201.224 INFO             PET0 PIOc_sync Enter - MemInfo: [/proc/self/status]	VmRSS:	   39032 kB
20220312 054201.224 INFO             PET0 PIOc_sync Enter - MemInfo: [/proc/self/status]	VmData:	  195108 kB
20220312 054201.224 INFO             PET0 PIOc_sync Enter - MemInfo: [/proc/self/status]	VmStk:	     144 kB
20220312 054201.224 INFO             PET0 PIOc_sync Enter - MemInfo: [/proc/self/status]	VmExe:	     424 kB
20220312 054201.224 INFO             PET0 PIOc_sync Enter - MemInfo: [/proc/self/status]	VmLib:	   83112 kB
20220312 054201.224 INFO             PET0 PIOc_sync Enter - MemInfo: [/proc/self/status]	VmPTE:	     972 kB
20220312 054201.224 INFO             PET0 PIOc_sync Enter - MemInfo: [/proc/self/status]	VmSwap:	       0 kB
20220312 054201.224 INFO             PET0 PIOc_sync Enter - MemInfo: [/proc/self/status]	VmRSSPercent: 0.0198694 %
20220312 054201.224 INFO             PET0 PIOc_sync Enter - MemInfo: [malloc] Non-mmapped space allocated:                 2961408 Byte
20220312 054201.224 INFO             PET0 PIOc_sync Enter - MemInfo: [malloc] Space allocated in mmapped regions:         10502144 Byte
20220312 054201.224 INFO             PET0 PIOc_sync Enter - MemInfo: [malloc] Maximum total allocated space:                     0 Byte
20220312 054201.224 INFO             PET0 PIOc_sync Enter - MemInfo: [malloc] Space in freed fastbin blocks:                  1712 Byte
20220312 054201.224 INFO             PET0 PIOc_sync Enter - MemInfo: [malloc] Total allocated space:                       2646016 Byte
20220312 054201.224 INFO             PET0 PIOc_sync Enter - MemInfo: [malloc] Total free space:                             315392 Byte
20220312 054201.224 INFO             PET0 PIOc_sync Enter - MemInfo: [malloc] Top-most, releasable space:                    36496 Byte
20220312 054201.225 INFO             PET0 PIOc_sync Enter - MemInfo: [malloc] Total space in use, mmap + non-mmap:        13148160 Byte
20220312 054201.225 INFO             PET0 PIOc_sync Enter - MemInfo: [malloc] Total space held (mmap + non-mmap):         13463552 Byte
20220312 054201.225 INFO             PET0 PIOc_sync Enter - MemInfo: [malloc] Total space used (mmap + non-mmap):         13157504 Byte
20220312 054201.225 INFO             PET0 PIOc_sync Enter - MemInfo: Wall-clock time since execution start:              0.0141964 seconds
20220312 054201.225 INFO             PET0 PIOc_sync Exit - MemInfo: [/proc/meminfo - SSI]	MemTotal:       196442820 kB
20220312 054201.225 INFO             PET0 PIOc_sync Exit - MemInfo: [/proc/meminfo - SSI]	MemFree:        186883648 kB
20220312 054201.225 INFO             PET0 PIOc_sync Exit - MemInfo: [/proc/meminfo - SSI]	MemAvailable:   191709304 kB
20220312 054201.225 INFO             PET0 PIOc_sync Exit - MemInfo: [/proc/meminfo - SSI]	Committed_AS:     652380 kB
20220312 054201.225 INFO             PET0 PIOc_sync Exit - MemInfo: [/proc/meminfo - SSI]	CommittedPercent: 0.332097 %
20220312 054201.225 INFO             PET0 PIOc_sync Exit - MemInfo: [/proc/self/status]	VmPeak:	  678152 kB
20220312 054201.225 INFO             PET0 PIOc_sync Exit - MemInfo: [/proc/self/status]	VmSize:	  678152 kB
20220312 054201.225 INFO             PET0 PIOc_sync Exit - MemInfo: [/proc/self/status]	VmLck:	       0 kB
20220312 054201.225 INFO             PET0 PIOc_sync Exit - MemInfo: [/proc/self/status]	VmPin:	       0 kB
20220312 054201.225 INFO             PET0 PIOc_sync Exit - MemInfo: [/proc/self/status]	VmHWM:	   71736 kB
20220312 054201.225 INFO             PET0 PIOc_sync Exit - MemInfo: [/proc/self/status]	VmRSS:	   39180 kB
20220312 054201.225 INFO             PET0 PIOc_sync Exit - MemInfo: [/proc/self/status]	VmData:	  195268 kB
20220312 054201.225 INFO             PET0 PIOc_sync Exit - MemInfo: [/proc/self/status]	VmStk:	     144 kB
20220312 054201.225 INFO             PET0 PIOc_sync Exit - MemInfo: [/proc/self/status]	VmExe:	     424 kB
20220312 054201.225 INFO             PET0 PIOc_sync Exit - MemInfo: [/proc/self/status]	VmLib:	   83112 kB
20220312 054201.225 INFO             PET0 PIOc_sync Exit - MemInfo: [/proc/self/status]	VmPTE:	     972 kB
20220312 054201.225 INFO             PET0 PIOc_sync Exit - MemInfo: [/proc/self/status]	VmSwap:	       0 kB
20220312 054201.226 INFO             PET0 PIOc_sync Exit - MemInfo: [/proc/self/status]	VmRSSPercent: 0.0199447 %
20220312 054201.226 INFO             PET0 PIOc_sync Exit - MemInfo: [malloc] Non-mmapped space allocated:                 3125248 Byte
20220312 054201.226 INFO             PET0 PIOc_sync Exit - MemInfo: [malloc] Space allocated in mmapped regions:         10502144 Byte
20220312 054201.226 INFO             PET0 PIOc_sync Exit - MemInfo: [malloc] Maximum total allocated space:                     0 Byte
20220312 054201.226 INFO             PET0 PIOc_sync Exit - MemInfo: [malloc] Space in freed fastbin blocks:                  1776 Byte
20220312 054201.226 INFO             PET0 PIOc_sync Exit - MemInfo: [malloc] Total allocated space:                       2655520 Byte
20220312 054201.226 INFO             PET0 PIOc_sync Exit - MemInfo: [malloc] Total free space:                             469728 Byte
20220312 054201.226 INFO             PET0 PIOc_sync Exit - MemInfo: [malloc] Top-most, releasable space:                   200336 Byte
20220312 054201.226 INFO             PET0 PIOc_sync Exit - MemInfo: [malloc] Total space in use, mmap + non-mmap:        13157664 Byte
20220312 054201.226 INFO             PET0 PIOc_sync Exit - MemInfo: [malloc] Total space held (mmap + non-mmap):         13627392 Byte
20220312 054201.226 INFO             PET0 PIOc_sync Exit - MemInfo: [malloc] Total space used (mmap + non-mmap):         13167008 Byte
20220312 054201.226 INFO             PET0 PIOc_sync Exit - MemInfo: Wall-clock time since execution start:              0.0152512 seconds
20220312 054201.226 INFO             PET0 PIOc_freedecomp Enter - MemInfo: [/proc/meminfo - SSI]	MemTotal:       196442820 kB
20220312 054201.226 INFO             PET0 PIOc_freedecomp Enter - MemInfo: [/proc/meminfo - SSI]	MemFree:        186890676 kB
20220312 054201.226 INFO             PET0 PIOc_freedecomp Enter - MemInfo: [/proc/meminfo - SSI]	MemAvailable:   191716332 kB
20220312 054201.226 INFO             PET0 PIOc_freedecomp Enter - MemInfo: [/proc/meminfo - SSI]	Committed_AS:     644344 kB
20220312 054201.226 INFO             PET0 PIOc_freedecomp Enter - MemInfo: [/proc/meminfo - SSI]	CommittedPercent: 0.328006 %
20220312 054201.226 INFO             PET0 PIOc_freedecomp Enter - MemInfo: [/proc/self/status]	VmPeak:	  678152 kB
20220312 054201.226 INFO             PET0 PIOc_freedecomp Enter - MemInfo: [/proc/self/status]	VmSize:	  669440 kB
20220312 054201.226 INFO             PET0 PIOc_freedecomp Enter - MemInfo: [/proc/self/status]	VmLck:	       0 kB
20220312 054201.226 INFO             PET0 PIOc_freedecomp Enter - MemInfo: [/proc/self/status]	VmPin:	       0 kB
20220312 054201.226 INFO             PET0 PIOc_freedecomp Enter - MemInfo: [/proc/self/status]	VmHWM:	   71736 kB
20220312 054201.226 INFO             PET0 PIOc_freedecomp Enter - MemInfo: [/proc/self/status]	VmRSS:	   30984 kB
20220312 054201.226 INFO             PET0 PIOc_freedecomp Enter - MemInfo: [/proc/self/status]	VmData:	  186556 kB
20220312 054201.226 INFO             PET0 PIOc_freedecomp Enter - MemInfo: [/proc/self/status]	VmStk:	     144 kB
20220312 054201.226 INFO             PET0 PIOc_freedecomp Enter - MemInfo: [/proc/self/status]	VmExe:	     424 kB
20220312 054201.226 INFO             PET0 PIOc_freedecomp Enter - MemInfo: [/proc/self/status]	VmLib:	   83112 kB
20220312 054201.226 INFO             PET0 PIOc_freedecomp Enter - MemInfo: [/proc/self/status]	VmPTE:	     956 kB
20220312 054201.227 INFO             PET0 PIOc_freedecomp Enter - MemInfo: [/proc/self/status]	VmSwap:	       0 kB
20220312 054201.227 INFO             PET0 PIOc_freedecomp Enter - MemInfo: [/proc/self/status]	VmRSSPercent: 0.0157725 %
20220312 054201.227 INFO             PET0 PIOc_freedecomp Enter - MemInfo: [malloc] Non-mmapped space allocated:                 3125248 Byte
20220312 054201.227 INFO             PET0 PIOc_freedecomp Enter - MemInfo: [malloc] Space allocated in mmapped regions:          1581056 Byte
20220312 054201.227 INFO             PET0 PIOc_freedecomp Enter - MemInfo: [malloc] Maximum total allocated space:                     0 Byte
20220312 054201.227 INFO             PET0 PIOc_freedecomp Enter - MemInfo: [malloc] Space in freed fastbin blocks:                  3136 Byte
20220312 054201.227 INFO             PET0 PIOc_freedecomp Enter - MemInfo: [malloc] Total allocated space:                       2642256 Byte
20220312 054201.227 INFO             PET0 PIOc_freedecomp Enter - MemInfo: [malloc] Total free space:                             482992 Byte
20220312 054201.227 INFO             PET0 PIOc_freedecomp Enter - MemInfo: [malloc] Top-most, releasable space:                   200336 Byte
20220312 054201.227 INFO             PET0 PIOc_freedecomp Enter - MemInfo: [malloc] Total space in use, mmap + non-mmap:         4223312 Byte
20220312 054201.227 INFO             PET0 PIOc_freedecomp Enter - MemInfo: [malloc] Total space held (mmap + non-mmap):          4706304 Byte
20220312 054201.227 INFO             PET0 PIOc_freedecomp Enter - MemInfo: [malloc] Total space used (mmap + non-mmap):          4232656 Byte
20220312 054201.227 INFO             PET0 PIOc_freedecomp Enter - MemInfo: Wall-clock time since execution start:              0.0162669 seconds
20220312 054201.227 INFO             PET0 PIOc_freedecomp Exit - MemInfo: [/proc/meminfo - SSI]	MemTotal:       196442820 kB
20220312 054201.227 INFO             PET0 PIOc_freedecomp Exit - MemInfo: [/proc/meminfo - SSI]	MemFree:        186890676 kB
20220312 054201.227 INFO             PET0 PIOc_freedecomp Exit - MemInfo: [/proc/meminfo - SSI]	MemAvailable:   191716332 kB
20220312 054201.227 INFO             PET0 PIOc_freedecomp Exit - MemInfo: [/proc/meminfo - SSI]	Committed_AS:     644344 kB
20220312 054201.227 INFO             PET0 PIOc_freedecomp Exit - MemInfo: [/proc/meminfo - SSI]	CommittedPercent: 0.328006 %
20220312 054201.227 INFO             PET0 PIOc_freedecomp Exit - MemInfo: [/proc/self/status]	VmPeak:	  678152 kB
20220312 054201.227 INFO             PET0 PIOc_freedecomp Exit - MemInfo: [/proc/self/status]	VmSize:	  669440 kB
20220312 054201.227 INFO             PET0 PIOc_freedecomp Exit - MemInfo: [/proc/self/status]	VmLck:	       0 kB
20220312 054201.227 INFO             PET0 PIOc_freedecomp Exit - MemInfo: [/proc/self/status]	VmPin:	       0 kB
20220312 054201.227 INFO             PET0 PIOc_freedecomp Exit - MemInfo: [/proc/self/status]	VmHWM:	   71736 kB
20220312 054201.227 INFO             PET0 PIOc_freedecomp Exit - MemInfo: [/proc/self/status]	VmRSS:	   30988 kB
20220312 054201.227 INFO             PET0 PIOc_freedecomp Exit - MemInfo: [/proc/self/status]	VmData:	  186556 kB
20220312 054201.227 INFO             PET0 PIOc_freedecomp Exit - MemInfo: [/proc/self/status]	VmStk:	     144 kB
20220312 054201.227 INFO             PET0 PIOc_freedecomp Exit - MemInfo: [/proc/self/status]	VmExe:	     424 kB
20220312 054201.227 INFO             PET0 PIOc_freedecomp Exit - MemInfo: [/proc/self/status]	VmLib:	   83112 kB
20220312 054201.227 INFO             PET0 PIOc_freedecomp Exit - MemInfo: [/proc/self/status]	VmPTE:	     956 kB
20220312 054201.227 INFO             PET0 PIOc_freedecomp Exit - MemInfo: [/proc/self/status]	VmSwap:	       0 kB
20220312 054201.227 INFO             PET0 PIOc_freedecomp Exit - MemInfo: [/proc/self/status]	VmRSSPercent: 0.0157746 %
20220312 054201.227 INFO             PET0 PIOc_freedecomp Exit - MemInfo: [malloc] Non-mmapped space allocated:                 3125248 Byte
20220312 054201.227 INFO             PET0 PIOc_freedecomp Exit - MemInfo: [malloc] Space allocated in mmapped regions:          1581056 Byte
20220312 054201.227 INFO             PET0 PIOc_freedecomp Exit - MemInfo: [malloc] Maximum total allocated space:                     0 Byte
20220312 054201.227 INFO             PET0 PIOc_freedecomp Exit - MemInfo: [malloc] Space in freed fastbin blocks:                  1712 Byte
20220312 054201.227 INFO             PET0 PIOc_freedecomp Exit - MemInfo: [malloc] Total allocated space:                       2627200 Byte
20220312 054201.227 INFO             PET0 PIOc_freedecomp Exit - MemInfo: [malloc] Total free space:                             498048 Byte
20220312 054201.227 INFO             PET0 PIOc_freedecomp Exit - MemInfo: [malloc] Top-most, releasable space:                   200336 Byte
20220312 054201.227 INFO             PET0 PIOc_freedecomp Exit - MemInfo: [malloc] Total space in use, mmap + non-mmap:         4208256 Byte
20220312 054201.227 INFO             PET0 PIOc_freedecomp Exit - MemInfo: [malloc] Total space held (mmap + non-mmap):          4706304 Byte
20220312 054201.227 INFO             PET0 PIOc_freedecomp Exit - MemInfo: [malloc] Total space used (mmap + non-mmap):          4217600 Byte
20220312 054201.227 INFO             PET0 PIOc_freedecomp Exit - MemInfo: Wall-clock time since execution start:              0.0166288 seconds
20220312 054201.227 INFO             PET0  PASS  Write Fortran array in Field, ESMF_FieldIOUTest.F90, line 219
20220312 054201.227 INFO             PET0  PASS  Create a field from grid and fortran dummy array without halo, ESMF_FieldIOUTest.F90, line 233
20220312 054201.227 INFO             PET0  PASS  Get Farray_w from nohalo field, ESMF_FieldIOUTest.F90, line 244
20220312 054201.230 INFO             PET0 PIOc_sync Enter - MemInfo: [/proc/meminfo - SSI]	MemTotal:       196442820 kB
20220312 054201.230 INFO             PET0 PIOc_sync Enter - MemInfo: [/proc/meminfo - SSI]	MemFree:        186882708 kB
20220312 054201.230 INFO             PET0 PIOc_sync Enter - MemInfo: [/proc/meminfo - SSI]	MemAvailable:   191708364 kB
20220312 054201.230 INFO             PET0 PIOc_sync Enter - MemInfo: [/proc/meminfo - SSI]	Committed_AS:     652468 kB
20220312 054201.230 INFO             PET0 PIOc_sync Enter - MemInfo: [/proc/meminfo - SSI]	CommittedPercent: 0.332141 %
20220312 054201.230 INFO             PET0 PIOc_sync Enter - MemInfo: [/proc/self/status]	VmPeak:	  678152 kB
20220312 054201.230 INFO             PET0 PIOc_sync Enter - MemInfo: [/proc/self/status]	VmSize:	  678080 kB
20220312 054201.231 INFO             PET0 PIOc_sync Enter - MemInfo: [/proc/self/status]	VmLck:	       0 kB
20220312 054201.231 INFO             PET0 PIOc_sync Enter - MemInfo: [/proc/self/status]	VmPin:	       0 kB
20220312 054201.231 INFO             PET0 PIOc_sync Enter - MemInfo: [/proc/self/status]	VmHWM:	   71736 kB
20220312 054201.231 INFO             PET0 PIOc_sync Enter - MemInfo: [/proc/self/status]	VmRSS:	   39488 kB
20220312 054201.231 INFO             PET0 PIOc_sync Enter - MemInfo: [/proc/self/status]	VmData:	  195196 kB
20220312 054201.231 INFO             PET0 PIOc_sync Enter - MemInfo: [/proc/self/status]	VmStk:	     144 kB
20220312 054201.231 INFO             PET0 PIOc_sync Enter - MemInfo: [/proc/self/status]	VmExe:	     424 kB
20220312 054201.231 INFO             PET0 PIOc_sync Enter - MemInfo: [/proc/self/status]	VmLib:	   83112 kB
20220312 054201.231 INFO             PET0 PIOc_sync Enter - MemInfo: [/proc/self/status]	VmPTE:	     972 kB
20220312 054201.231 INFO             PET0 PIOc_sync Enter - MemInfo: [/proc/self/status]	VmSwap:	       0 kB
20220312 054201.231 INFO             PET0 PIOc_sync Enter - MemInfo: [/proc/self/status]	VmRSSPercent: 0.0201015 %
20220312 054201.231 INFO             PET0 PIOc_sync Enter - MemInfo: [malloc] Non-mmapped space allocated:                11972608 Byte
20220312 054201.231 INFO             PET0 PIOc_sync Enter - MemInfo: [malloc] Space allocated in mmapped regions:          1581056 Byte
20220312 054201.231 INFO             PET0 PIOc_sync Enter - MemInfo: [malloc] Maximum total allocated space:                     0 Byte
20220312 054201.231 INFO             PET0 PIOc_sync Enter - MemInfo: [malloc] Space in freed fastbin blocks:                  1872 Byte
20220312 054201.231 INFO             PET0 PIOc_sync Enter - MemInfo: [malloc] Total allocated space:                      11562896 Byte
20220312 054201.231 INFO             PET0 PIOc_sync Enter - MemInfo: [malloc] Total free space:                             409712 Byte
20220312 054201.231 INFO             PET0 PIOc_sync Enter - MemInfo: [malloc] Top-most, releasable space:                   134768 Byte
20220312 054201.231 INFO             PET0 PIOc_sync Enter - MemInfo: [malloc] Total space in use, mmap + non-mmap:        13143952 Byte
20220312 054201.231 INFO             PET0 PIOc_sync Enter - MemInfo: [malloc] Total space held (mmap + non-mmap):         13553664 Byte
20220312 054201.231 INFO             PET0 PIOc_sync Enter - MemInfo: [malloc] Total space used (mmap + non-mmap):         13153296 Byte
20220312 054201.231 INFO             PET0 PIOc_sync Enter - MemInfo: Wall-clock time since execution start:              0.0202838 seconds
20220312 054201.231 INFO             PET0 PIOc_sync Exit - MemInfo: [/proc/meminfo - SSI]	MemTotal:       196442820 kB
20220312 054201.231 INFO             PET0 PIOc_sync Exit - MemInfo: [/proc/meminfo - SSI]	MemFree:        186882708 kB
20220312 054201.231 INFO             PET0 PIOc_sync Exit - MemInfo: [/proc/meminfo - SSI]	MemAvailable:   191708364 kB
20220312 054201.231 INFO             PET0 PIOc_sync Exit - MemInfo: [/proc/meminfo - SSI]	Committed_AS:     652468 kB
20220312 054201.231 INFO             PET0 PIOc_sync Exit - MemInfo: [/proc/meminfo - SSI]	CommittedPercent: 0.332141 %
20220312 054201.231 INFO             PET0 PIOc_sync Exit - MemInfo: [/proc/self/status]	VmPeak:	  678152 kB
20220312 054201.231 INFO             PET0 PIOc_sync Exit - MemInfo: [/proc/self/status]	VmSize:	  678080 kB
20220312 054201.231 INFO             PET0 PIOc_sync Exit - MemInfo: [/proc/self/status]	VmLck:	       0 kB
20220312 054201.231 INFO             PET0 PIOc_sync Exit - MemInfo: [/proc/self/status]	VmPin:	       0 kB
20220312 054201.231 INFO             PET0 PIOc_sync Exit - MemInfo: [/proc/self/status]	VmHWM:	   71736 kB
20220312 054201.231 INFO             PET0 PIOc_sync Exit - MemInfo: [/proc/self/status]	VmRSS:	   39488 kB
20220312 054201.231 INFO             PET0 PIOc_sync Exit - MemInfo: [/proc/self/status]	VmData:	  195196 kB
20220312 054201.231 INFO             PET0 PIOc_sync Exit - MemInfo: [/proc/self/status]	VmStk:	     144 kB
20220312 054201.231 INFO             PET0 PIOc_sync Exit - MemInfo: [/proc/self/status]	VmExe:	     424 kB
20220312 054201.231 INFO             PET0 PIOc_sync Exit - MemInfo: [/proc/self/status]	VmLib:	   83112 kB
20220312 054201.231 INFO             PET0 PIOc_sync Exit - MemInfo: [/proc/self/status]	VmPTE:	     972 kB
20220312 054201.231 INFO             PET0 PIOc_sync Exit - MemInfo: [/proc/self/status]	VmSwap:	       0 kB
20220312 054201.231 INFO             PET0 PIOc_sync Exit - MemInfo: [/proc/self/status]	VmRSSPercent: 0.0201015 %
20220312 054201.231 INFO             PET0 PIOc_sync Exit - MemInfo: [malloc] Non-mmapped space allocated:                11972608 Byte
20220312 054201.231 INFO             PET0 PIOc_sync Exit - MemInfo: [malloc] Space allocated in mmapped regions:          1581056 Byte
20220312 054201.231 INFO             PET0 PIOc_sync Exit - MemInfo: [malloc] Maximum total allocated space:                     0 Byte
20220312 054201.231 INFO             PET0 PIOc_sync Exit - MemInfo: [malloc] Space in freed fastbin blocks:                  1792 Byte
20220312 054201.231 INFO             PET0 PIOc_sync Exit - MemInfo: [malloc] Total allocated space:                      11571248 Byte
20220312 054201.231 INFO             PET0 PIOc_sync Exit - MemInfo: [malloc] Total free space:                             401360 Byte
20220312 054201.231 INFO             PET0 PIOc_sync Exit - MemInfo: [malloc] Top-most, releasable space:                   134768 Byte
20220312 054201.231 INFO             PET0 PIOc_sync Exit - MemInfo: [malloc] Total space in use, mmap + non-mmap:        13152304 Byte
20220312 054201.231 INFO             PET0 PIOc_sync Exit - MemInfo: [malloc] Total space held (mmap + non-mmap):         13553664 Byte
20220312 054201.231 INFO             PET0 PIOc_sync Exit - MemInfo: [malloc] Total space used (mmap + non-mmap):         13161648 Byte
20220312 054201.231 INFO             PET0 PIOc_sync Exit - MemInfo: Wall-clock time since execution start:              0.0208683 seconds
20220312 054201.232 INFO             PET0 PIOc_freedecomp Enter - MemInfo: [/proc/meminfo - SSI]	MemTotal:       196442820 kB
20220312 054201.232 INFO             PET0 PIOc_freedecomp Enter - MemInfo: [/proc/meminfo - SSI]	MemFree:        186882708 kB
20220312 054201.232 INFO             PET0 PIOc_freedecomp Enter - MemInfo: [/proc/meminfo - SSI]	MemAvailable:   191708364 kB
20220312 054201.232 INFO             PET0 PIOc_freedecomp Enter - MemInfo: [/proc/meminfo - SSI]	Committed_AS:     652468 kB
20220312 054201.232 INFO             PET0 PIOc_freedecomp Enter - MemInfo: [/proc/meminfo - SSI]	CommittedPercent: 0.332141 %
20220312 054201.232 INFO             PET0 PIOc_freedecomp Enter - MemInfo: [/proc/self/status]	VmPeak:	  678152 kB
20220312 054201.232 INFO             PET0 PIOc_freedecomp Enter - MemInfo: [/proc/self/status]	VmSize:	  678080 kB
20220312 054201.232 INFO             PET0 PIOc_freedecomp Enter - MemInfo: [/proc/self/status]	VmLck:	       0 kB
20220312 054201.232 INFO             PET0 PIOc_freedecomp Enter - MemInfo: [/proc/self/status]	VmPin:	       0 kB
20220312 054201.232 INFO             PET0 PIOc_freedecomp Enter - MemInfo: [/proc/self/status]	VmHWM:	   71736 kB
20220312 054201.232 INFO             PET0 PIOc_freedecomp Enter - MemInfo: [/proc/self/status]	VmRSS:	   39488 kB
20220312 054201.232 INFO             PET0 PIOc_freedecomp Enter - MemInfo: [/proc/self/status]	VmData:	  195196 kB
20220312 054201.232 INFO             PET0 PIOc_freedecomp Enter - MemInfo: [/proc/self/status]	VmStk:	     144 kB
20220312 054201.232 INFO             PET0 PIOc_freedecomp Enter - MemInfo: [/proc/self/status]	VmExe:	     424 kB
20220312 054201.232 INFO             PET0 PIOc_freedecomp Enter - MemInfo: [/proc/self/status]	VmLib:	   83112 kB
20220312 054201.232 INFO             PET0 PIOc_freedecomp Enter - MemInfo: [/proc/self/status]	VmPTE:	     972 kB
20220312 054201.232 INFO             PET0 PIOc_freedecomp Enter - MemInfo: [/proc/self/status]	VmSwap:	       0 kB
20220312 054201.232 INFO             PET0 PIOc_freedecomp Enter - MemInfo: [/proc/self/status]	VmRSSPercent: 0.0201015 %
20220312 054201.232 INFO             PET0 PIOc_freedecomp Enter - MemInfo: [malloc] Non-mmapped space allocated:                11972608 Byte
20220312 054201.232 INFO             PET0 PIOc_freedecomp Enter - MemInfo: [malloc] Space allocated in mmapped regions:          1581056 Byte
20220312 054201.232 INFO             PET0 PIOc_freedecomp Enter - MemInfo: [malloc] Maximum total allocated space:                     0 Byte
20220312 054201.232 INFO             PET0 PIOc_freedecomp Enter - MemInfo: [malloc] Space in freed fastbin blocks:                  1872 Byte
20220312 054201.232 INFO             PET0 PIOc_freedecomp Enter - MemInfo: [malloc] Total allocated space:                       2644992 Byte
20220312 054201.232 INFO             PET0 PIOc_freedecomp Enter - MemInfo: [malloc] Total free space:                            9327616 Byte
20220312 054201.232 INFO             PET0 PIOc_freedecomp Enter - MemInfo: [malloc] Top-most, releasable space:                  9047696 Byte
20220312 054201.232 INFO             PET0 PIOc_freedecomp Enter - MemInfo: [malloc] Total space in use, mmap + non-mmap:         4226048 Byte
20220312 054201.232 INFO             PET0 PIOc_freedecomp Enter - MemInfo: [malloc] Total space held (mmap + non-mmap):         13553664 Byte
20220312 054201.232 INFO             PET0 PIOc_freedecomp Enter - MemInfo: [malloc] Total space used (mmap + non-mmap):          4235392 Byte
20220312 054201.232 INFO             PET0 PIOc_freedecomp Enter - MemInfo: Wall-clock time since execution start:              0.0214741 seconds
20220312 054201.232 INFO             PET0 PIOc_freedecomp Exit - MemInfo: [/proc/meminfo - SSI]	MemTotal:       196442820 kB
20220312 054201.232 INFO             PET0 PIOc_freedecomp Exit - MemInfo: [/proc/meminfo - SSI]	MemFree:        186882708 kB
20220312 054201.232 INFO             PET0 PIOc_freedecomp Exit - MemInfo: [/proc/meminfo - SSI]	MemAvailable:   191708364 kB
20220312 054201.232 INFO             PET0 PIOc_freedecomp Exit - MemInfo: [/proc/meminfo - SSI]	Committed_AS:     652468 kB
20220312 054201.232 INFO             PET0 PIOc_freedecomp Exit - MemInfo: [/proc/meminfo - SSI]	CommittedPercent: 0.332141 %
20220312 054201.232 INFO             PET0 PIOc_freedecomp Exit - MemInfo: [/proc/self/status]	VmPeak:	  678152 kB
20220312 054201.232 INFO             PET0 PIOc_freedecomp Exit - MemInfo: [/proc/self/status]	VmSize:	  678080 kB
20220312 054201.232 INFO             PET0 PIOc_freedecomp Exit - MemInfo: [/proc/self/status]	VmLck:	       0 kB
20220312 054201.232 INFO             PET0 PIOc_freedecomp Exit - MemInfo: [/proc/self/status]	VmPin:	       0 kB
20220312 054201.232 INFO             PET0 PIOc_freedecomp Exit - MemInfo: [/proc/self/status]	VmHWM:	   71736 kB
20220312 054201.232 INFO             PET0 PIOc_freedecomp Exit - MemInfo: [/proc/self/status]	VmRSS:	   39488 kB
20220312 054201.232 INFO             PET0 PIOc_freedecomp Exit - MemInfo: [/proc/self/status]	VmData:	  195196 kB
20220312 054201.232 INFO             PET0 PIOc_freedecomp Exit - MemInfo: [/proc/self/status]	VmStk:	     144 kB
20220312 054201.232 INFO             PET0 PIOc_freedecomp Exit - MemInfo: [/proc/self/status]	VmExe:	     424 kB
20220312 054201.232 INFO             PET0 PIOc_freedecomp Exit - MemInfo: [/proc/self/status]	VmLib:	   83112 kB
20220312 054201.232 INFO             PET0 PIOc_freedecomp Exit - MemInfo: [/proc/self/status]	VmPTE:	     972 kB
20220312 054201.232 INFO             PET0 PIOc_freedecomp Exit - MemInfo: [/proc/self/status]	VmSwap:	       0 kB
20220312 054201.232 INFO             PET0 PIOc_freedecomp Exit - MemInfo: [/proc/self/status]	VmRSSPercent: 0.0201015 %
20220312 054201.232 INFO             PET0 PIOc_freedecomp Exit - MemInfo: [malloc] Non-mmapped space allocated:                11972608 Byte
20220312 054201.232 INFO             PET0 PIOc_freedecomp Exit - MemInfo: [malloc] Space allocated in mmapped regions:          1581056 Byte
20220312 054201.232 INFO             PET0 PIOc_freedecomp Exit - MemInfo: [malloc] Maximum total allocated space:                     0 Byte
20220312 054201.232 INFO             PET0 PIOc_freedecomp Exit - MemInfo: [malloc] Space in freed fastbin blocks:                  3456 Byte
20220312 054201.232 INFO             PET0 PIOc_freedecomp Exit - MemInfo: [malloc] Total allocated space:                       2632032 Byte
20220312 054201.232 INFO             PET0 PIOc_freedecomp Exit - MemInfo: [malloc] Total free space:                            9340576 Byte
20220312 054201.232 INFO             PET0 PIOc_freedecomp Exit - MemInfo: [malloc] Top-most, releasable space:                  9047696 Byte
20220312 054201.232 INFO             PET0 PIOc_freedecomp Exit - MemInfo: [malloc] Total space in use, mmap + non-mmap:         4213088 Byte
20220312 054201.232 INFO             PET0 PIOc_freedecomp Exit - MemInfo: [malloc] Total space held (mmap + non-mmap):         13553664 Byte
20220312 054201.232 INFO             PET0 PIOc_freedecomp Exit - MemInfo: [malloc] Total space used (mmap + non-mmap):          4222432 Byte
20220312 054201.232 INFO             PET0 PIOc_freedecomp Exit - MemInfo: Wall-clock time since execution start:              0.0218612 seconds
20220312 054201.232 INFO             PET0  PASS  Write Fortran array in nohalo Field, ESMF_FieldIOUTest.F90, line 268
20220312 054201.232 INFO             PET0  PASS  Create a field from grid and fortran dummy array without halo, ESMF_FieldIOUTest.F90, line 281
20220312 054201.241 INFO             PET0 PIOc_sync Enter - MemInfo: [/proc/meminfo - SSI]	MemTotal:       196442820 kB
20220312 054201.241 INFO             PET0 PIOc_sync Enter - MemInfo: [/proc/meminfo - SSI]	MemFree:        186882708 kB
20220312 054201.241 INFO             PET0 PIOc_sync Enter - MemInfo: [/proc/meminfo - SSI]	MemAvailable:   191708364 kB
20220312 054201.241 INFO             PET0 PIOc_sync Enter - MemInfo: [/proc/meminfo - SSI]	Committed_AS:     652468 kB
20220312 054201.241 INFO             PET0 PIOc_sync Enter - MemInfo: [/proc/meminfo - SSI]	CommittedPercent: 0.332141 %
20220312 054201.241 INFO             PET0 PIOc_sync Enter - MemInfo: [/proc/self/status]	VmPeak:	  678152 kB
20220312 054201.241 INFO             PET0 PIOc_sync Enter - MemInfo: [/proc/self/status]	VmSize:	  678080 kB
20220312 054201.241 INFO             PET0 PIOc_sync Enter - MemInfo: [/proc/self/status]	VmLck:	       0 kB
20220312 054201.241 INFO             PET0 PIOc_sync Enter - MemInfo: [/proc/self/status]	VmPin:	       0 kB
20220312 054201.241 INFO             PET0 PIOc_sync Enter - MemInfo: [/proc/self/status]	VmHWM:	   71736 kB
20220312 054201.241 INFO             PET0 PIOc_sync Enter - MemInfo: [/proc/self/status]	VmRSS:	   39800 kB
20220312 054201.241 INFO             PET0 PIOc_sync Enter - MemInfo: [/proc/self/status]	VmData:	  195196 kB
20220312 054201.241 INFO             PET0 PIOc_sync Enter - MemInfo: [/proc/self/status]	VmStk:	     144 kB
20220312 054201.241 INFO             PET0 PIOc_sync Enter - MemInfo: [/proc/self/status]	VmExe:	     424 kB
20220312 054201.241 INFO             PET0 PIOc_sync Enter - MemInfo: [/proc/self/status]	VmLib:	   83112 kB
20220312 054201.241 INFO             PET0 PIOc_sync Enter - MemInfo: [/proc/self/status]	VmPTE:	     972 kB
20220312 054201.241 INFO             PET0 PIOc_sync Enter - MemInfo: [/proc/self/status]	VmSwap:	       0 kB
20220312 054201.241 INFO             PET0 PIOc_sync Enter - MemInfo: [/proc/self/status]	VmRSSPercent: 0.0202603 %
20220312 054201.241 INFO             PET0 PIOc_sync Enter - MemInfo: [malloc] Non-mmapped space allocated:                11972608 Byte
20220312 054201.241 INFO             PET0 PIOc_sync Enter - MemInfo: [malloc] Space allocated in mmapped regions:          1581056 Byte
20220312 054201.241 INFO             PET0 PIOc_sync Enter - MemInfo: [malloc] Maximum total allocated space:                     0 Byte
20220312 054201.241 INFO             PET0 PIOc_sync Enter - MemInfo: [malloc] Space in freed fastbin blocks:                  1712 Byte
20220312 054201.241 INFO             PET0 PIOc_sync Enter - MemInfo: [malloc] Total allocated space:                      11568688 Byte
20220312 054201.241 INFO             PET0 PIOc_sync Enter - MemInfo: [malloc] Total free space:                             403920 Byte
20220312 054201.242 INFO             PET0 PIOc_sync Enter - MemInfo: [malloc] Top-most, releasable space:                   134768 Byte
20220312 054201.242 INFO             PET0 PIOc_sync Enter - MemInfo: [malloc] Total space in use, mmap + non-mmap:        13149744 Byte
20220312 054201.242 INFO             PET0 PIOc_sync Enter - MemInfo: [malloc] Total space held (mmap + non-mmap):         13553664 Byte
20220312 054201.242 INFO             PET0 PIOc_sync Enter - MemInfo: [malloc] Total space used (mmap + non-mmap):         13159088 Byte
20220312 054201.242 INFO             PET0 PIOc_sync Enter - MemInfo: Wall-clock time since execution start:              0.0311792 seconds
20220312 054201.242 INFO             PET0 PIOc_sync Exit - MemInfo: [/proc/meminfo - SSI]	MemTotal:       196442820 kB
20220312 054201.242 INFO             PET0 PIOc_sync Exit - MemInfo: [/proc/meminfo - SSI]	MemFree:        186882708 kB
20220312 054201.242 INFO             PET0 PIOc_sync Exit - MemInfo: [/proc/meminfo - SSI]	MemAvailable:   191708364 kB
20220312 054201.242 INFO             PET0 PIOc_sync Exit - MemInfo: [/proc/meminfo - SSI]	Committed_AS:     652468 kB
20220312 054201.242 INFO             PET0 PIOc_sync Exit - MemInfo: [/proc/meminfo - SSI]	CommittedPercent: 0.332141 %
20220312 054201.242 INFO             PET0 PIOc_sync Exit - MemInfo: [/proc/self/status]	VmPeak:	  678152 kB
20220312 054201.242 INFO             PET0 PIOc_sync Exit - MemInfo: [/proc/self/status]	VmSize:	  678080 kB
20220312 054201.242 INFO             PET0 PIOc_sync Exit - MemInfo: [/proc/self/status]	VmLck:	       0 kB
20220312 054201.242 INFO             PET0 PIOc_sync Exit - MemInfo: [/proc/self/status]	VmPin:	       0 kB
20220312 054201.242 INFO             PET0 PIOc_sync Exit - MemInfo: [/proc/self/status]	VmHWM:	   71736 kB
20220312 054201.242 INFO             PET0 PIOc_sync Exit - MemInfo: [/proc/self/status]	VmRSS:	   39800 kB
20220312 054201.242 INFO             PET0 PIOc_sync Exit - MemInfo: [/proc/self/status]	VmData:	  195196 kB
20220312 054201.242 INFO             PET0 PIOc_sync Exit - MemInfo: [/proc/self/status]	VmStk:	     144 kB
20220312 054201.242 INFO             PET0 PIOc_sync Exit - MemInfo: [/proc/self/status]	VmExe:	     424 kB
20220312 054201.242 INFO             PET0 PIOc_sync Exit - MemInfo: [/proc/self/status]	VmLib:	   83112 kB
20220312 054201.242 INFO             PET0 PIOc_sync Exit - MemInfo: [/proc/self/status]	VmPTE:	     972 kB
20220312 054201.242 INFO             PET0 PIOc_sync Exit - MemInfo: [/proc/self/status]	VmSwap:	       0 kB
20220312 054201.242 INFO             PET0 PIOc_sync Exit - MemInfo: [/proc/self/status]	VmRSSPercent: 0.0202603 %
20220312 054201.242 INFO             PET0 PIOc_sync Exit - MemInfo: [malloc] Non-mmapped space allocated:                11972608 Byte
20220312 054201.242 INFO             PET0 PIOc_sync Exit - MemInfo: [malloc] Space allocated in mmapped regions:          1581056 Byte
20220312 054201.242 INFO             PET0 PIOc_sync Exit - MemInfo: [malloc] Maximum total allocated space:                     0 Byte
20220312 054201.242 INFO             PET0 PIOc_sync Exit - MemInfo: [malloc] Space in freed fastbin blocks:                  1680 Byte
20220312 054201.242 INFO             PET0 PIOc_sync Exit - MemInfo: [malloc] Total allocated space:                      11578176 Byte
20220312 054201.242 INFO             PET0 PIOc_sync Exit - MemInfo: [malloc] Total free space:                             394432 Byte
20220312 054201.242 INFO             PET0 PIOc_sync Exit - MemInfo: [malloc] Top-most, releasable space:                   134768 Byte
20220312 054201.242 INFO             PET0 PIOc_sync Exit - MemInfo: [malloc] Total space in use, mmap + non-mmap:        13159232 Byte
20220312 054201.242 INFO             PET0 PIOc_sync Exit - MemInfo: [malloc] Total space held (mmap + non-mmap):         13553664 Byte
20220312 054201.242 INFO             PET0 PIOc_sync Exit - MemInfo: [malloc] Total space used (mmap + non-mmap):         13168576 Byte
20220312 054201.242 INFO             PET0 PIOc_sync Exit - MemInfo: Wall-clock time since execution start:              0.0316986 seconds
20220312 054201.242 INFO             PET0 PIOc_freedecomp Enter - MemInfo: [/proc/meminfo - SSI]	MemTotal:       196442820 kB
20220312 054201.242 INFO             PET0 PIOc_freedecomp Enter - MemInfo: [/proc/meminfo - SSI]	MemFree:        186882708 kB
20220312 054201.242 INFO             PET0 PIOc_freedecomp Enter - MemInfo: [/proc/meminfo - SSI]	MemAvailable:   191708364 kB
20220312 054201.242 INFO             PET0 PIOc_freedecomp Enter - MemInfo: [/proc/meminfo - SSI]	Committed_AS:     652468 kB
20220312 054201.242 INFO             PET0 PIOc_freedecomp Enter - MemInfo: [/proc/meminfo - SSI]	CommittedPercent: 0.332141 %
20220312 054201.242 INFO             PET0 PIOc_freedecomp Enter - MemInfo: [/proc/self/status]	VmPeak:	  678152 kB
20220312 054201.242 INFO             PET0 PIOc_freedecomp Enter - MemInfo: [/proc/self/status]	VmSize:	  678080 kB
20220312 054201.242 INFO             PET0 PIOc_freedecomp Enter - MemInfo: [/proc/self/status]	VmLck:	       0 kB
20220312 054201.243 INFO             PET0 PIOc_freedecomp Enter - MemInfo: [/proc/self/status]	VmPin:	       0 kB
20220312 054201.243 INFO             PET0 PIOc_freedecomp Enter - MemInfo: [/proc/self/status]	VmHWM:	   71736 kB
20220312 054201.243 INFO             PET0 PIOc_freedecomp Enter - MemInfo: [/proc/self/status]	VmRSS:	   39800 kB
20220312 054201.243 INFO             PET0 PIOc_freedecomp Enter - MemInfo: [/proc/self/status]	VmData:	  195196 kB
20220312 054201.243 INFO             PET0 PIOc_freedecomp Enter - MemInfo: [/proc/self/status]	VmStk:	     144 kB
20220312 054201.243 INFO             PET0 PIOc_freedecomp Enter - MemInfo: [/proc/self/status]	VmExe:	     424 kB
20220312 054201.243 INFO             PET0 PIOc_freedecomp Enter - MemInfo: [/proc/self/status]	VmLib:	   83112 kB
20220312 054201.243 INFO             PET0 PIOc_freedecomp Enter - MemInfo: [/proc/self/status]	VmPTE:	     972 kB
20220312 054201.243 INFO             PET0 PIOc_freedecomp Enter - MemInfo: [/proc/self/status]	VmSwap:	       0 kB
20220312 054201.243 INFO             PET0 PIOc_freedecomp Enter - MemInfo: [/proc/self/status]	VmRSSPercent: 0.0202603 %
20220312 054201.243 INFO             PET0 PIOc_freedecomp Enter - MemInfo: [malloc] Non-mmapped space allocated:                11972608 Byte
20220312 054201.243 INFO             PET0 PIOc_freedecomp Enter - MemInfo: [malloc] Space allocated in mmapped regions:          1581056 Byte
20220312 054201.243 INFO             PET0 PIOc_freedecomp Enter - MemInfo: [malloc] Maximum total allocated space:                     0 Byte
20220312 054201.243 INFO             PET0 PIOc_freedecomp Enter - MemInfo: [malloc] Space in freed fastbin blocks:                  1856 Byte
20220312 054201.243 INFO             PET0 PIOc_freedecomp Enter - MemInfo: [malloc] Total allocated space:                       2651968 Byte
20220312 054201.243 INFO             PET0 PIOc_freedecomp Enter - MemInfo: [malloc] Total free space:                            9320640 Byte
20220312 054201.243 INFO             PET0 PIOc_freedecomp Enter - MemInfo: [malloc] Top-most, releasable space:                  9047696 Byte
20220312 054201.243 INFO             PET0 PIOc_freedecomp Enter - MemInfo: [malloc] Total space in use, mmap + non-mmap:         4233024 Byte
20220312 054201.243 INFO             PET0 PIOc_freedecomp Enter - MemInfo: [malloc] Total space held (mmap + non-mmap):         13553664 Byte
20220312 054201.243 INFO             PET0 PIOc_freedecomp Enter - MemInfo: [malloc] Total space used (mmap + non-mmap):          4242368 Byte
20220312 054201.243 INFO             PET0 PIOc_freedecomp Enter - MemInfo: Wall-clock time since execution start:              0.0323043 seconds
20220312 054201.243 INFO             PET0 PIOc_freedecomp Exit - MemInfo: [/proc/meminfo - SSI]	MemTotal:       196442820 kB
20220312 054201.243 INFO             PET0 PIOc_freedecomp Exit - MemInfo: [/proc/meminfo - SSI]	MemFree:        186882708 kB
20220312 054201.243 INFO             PET0 PIOc_freedecomp Exit - MemInfo: [/proc/meminfo - SSI]	MemAvailable:   191708364 kB
20220312 054201.243 INFO             PET0 PIOc_freedecomp Exit - MemInfo: [/proc/meminfo - SSI]	Committed_AS:     652468 kB
20220312 054201.243 INFO             PET0 PIOc_freedecomp Exit - MemInfo: [/proc/meminfo - SSI]	CommittedPercent: 0.332141 %
20220312 054201.243 INFO             PET0 PIOc_freedecomp Exit - MemInfo: [/proc/self/status]	VmPeak:	  678152 kB
20220312 054201.243 INFO             PET0 PIOc_freedecomp Exit - MemInfo: [/proc/self/status]	VmSize:	  678080 kB
20220312 054201.243 INFO             PET0 PIOc_freedecomp Exit - MemInfo: [/proc/self/status]	VmLck:	       0 kB
20220312 054201.243 INFO             PET0 PIOc_freedecomp Exit - MemInfo: [/proc/self/status]	VmPin:	       0 kB
20220312 054201.243 INFO             PET0 PIOc_freedecomp Exit - MemInfo: [/proc/self/status]	VmHWM:	   71736 kB
20220312 054201.243 INFO             PET0 PIOc_freedecomp Exit - MemInfo: [/proc/self/status]	VmRSS:	   39800 kB
20220312 054201.243 INFO             PET0 PIOc_freedecomp Exit - MemInfo: [/proc/self/status]	VmData:	  195196 kB
20220312 054201.243 INFO             PET0 PIOc_freedecomp Exit - MemInfo: [/proc/self/status]	VmStk:	     144 kB
20220312 054201.243 INFO             PET0 PIOc_freedecomp Exit - MemInfo: [/proc/self/status]	VmExe:	     424 kB
20220312 054201.243 INFO             PET0 PIOc_freedecomp Exit - MemInfo: [/proc/self/status]	VmLib:	   83112 kB
20220312 054201.243 INFO             PET0 PIOc_freedecomp Exit - MemInfo: [/proc/self/status]	VmPTE:	     972 kB
20220312 054201.243 INFO             PET0 PIOc_freedecomp Exit - MemInfo: [/proc/self/status]	VmSwap:	       0 kB
20220312 054201.243 INFO             PET0 PIOc_freedecomp Exit - MemInfo: [/proc/self/status]	VmRSSPercent: 0.0202603 %
20220312 054201.243 INFO             PET0 PIOc_freedecomp Exit - MemInfo: [malloc] Non-mmapped space allocated:                11972608 Byte
20220312 054201.243 INFO             PET0 PIOc_freedecomp Exit - MemInfo: [malloc] Space allocated in mmapped regions:          1581056 Byte
20220312 054201.243 INFO             PET0 PIOc_freedecomp Exit - MemInfo: [malloc] Maximum total allocated space:                     0 Byte
20220312 054201.243 INFO             PET0 PIOc_freedecomp Exit - MemInfo: [malloc] Space in freed fastbin blocks:                  3344 Byte
20220312 054201.243 INFO             PET0 PIOc_freedecomp Exit - MemInfo: [malloc] Total allocated space:                       2636912 Byte
20220312 054201.243 INFO             PET0 PIOc_freedecomp Exit - MemInfo: [malloc] Total free space:                            9335696 Byte
20220312 054201.243 INFO             PET0 PIOc_freedecomp Exit - MemInfo: [malloc] Top-most, releasable space:                  9047696 Byte
20220312 054201.243 INFO             PET0 PIOc_freedecomp Exit - MemInfo: [malloc] Total space in use, mmap + non-mmap:         4217968 Byte
20220312 054201.243 INFO             PET0 PIOc_freedecomp Exit - MemInfo: [malloc] Total space held (mmap + non-mmap):         13553664 Byte
20220312 054201.243 INFO             PET0 PIOc_freedecomp Exit - MemInfo: [malloc] Total space used (mmap + non-mmap):          4227312 Byte
20220312 054201.243 INFO             PET0 PIOc_freedecomp Exit - MemInfo: Wall-clock time since execution start:              0.0326886 seconds
20220312 054201.245 INFO             PET0 PIOc_sync Enter - MemInfo: [/proc/meminfo - SSI]	MemTotal:       196442820 kB
20220312 054201.245 INFO             PET0 PIOc_sync Enter - MemInfo: [/proc/meminfo - SSI]	MemFree:        186882708 kB
20220312 054201.245 INFO             PET0 PIOc_sync Enter - MemInfo: [/proc/meminfo - SSI]	MemAvailable:   191708364 kB
20220312 054201.245 INFO             PET0 PIOc_sync Enter - MemInfo: [/proc/meminfo - SSI]	Committed_AS:     652468 kB
20220312 054201.245 INFO             PET0 PIOc_sync Enter - MemInfo: [/proc/meminfo - SSI]	CommittedPercent: 0.332141 %
20220312 054201.245 INFO             PET0 PIOc_sync Enter - MemInfo: [/proc/self/status]	VmPeak:	  678152 kB
20220312 054201.245 INFO             PET0 PIOc_sync Enter - MemInfo: [/proc/self/status]	VmSize:	  678080 kB
20220312 054201.245 INFO             PET0 PIOc_sync Enter - MemInfo: [/proc/self/status]	VmLck:	       0 kB
20220312 054201.245 INFO             PET0 PIOc_sync Enter - MemInfo: [/proc/self/status]	VmPin:	       0 kB
20220312 054201.245 INFO             PET0 PIOc_sync Enter - MemInfo: [/proc/self/status]	VmHWM:	   71736 kB
20220312 054201.245 INFO             PET0 PIOc_sync Enter - MemInfo: [/proc/self/status]	VmRSS:	   39816 kB
20220312 054201.245 INFO             PET0 PIOc_sync Enter - MemInfo: [/proc/self/status]	VmData:	  195196 kB
20220312 054201.245 INFO             PET0 PIOc_sync Enter - MemInfo: [/proc/self/status]	VmStk:	     144 kB
20220312 054201.245 INFO             PET0 PIOc_sync Enter - MemInfo: [/proc/self/status]	VmExe:	     424 kB
20220312 054201.245 INFO             PET0 PIOc_sync Enter - MemInfo: [/proc/self/status]	VmLib:	   83112 kB
20220312 054201.245 INFO             PET0 PIOc_sync Enter - MemInfo: [/proc/self/status]	VmPTE:	     976 kB
20220312 054201.245 INFO             PET0 PIOc_sync Enter - MemInfo: [/proc/self/status]	VmSwap:	       0 kB
20220312 054201.245 INFO             PET0 PIOc_sync Enter - MemInfo: [/proc/self/status]	VmRSSPercent: 0.0202685 %
20220312 054201.245 INFO             PET0 PIOc_sync Enter - MemInfo: [malloc] Non-mmapped space allocated:                11972608 Byte
20220312 054201.245 INFO             PET0 PIOc_sync Enter - MemInfo: [malloc] Space allocated in mmapped regions:          1581056 Byte
20220312 054201.245 INFO             PET0 PIOc_sync Enter - MemInfo: [malloc] Maximum total allocated space:                     0 Byte
20220312 054201.245 INFO             PET0 PIOc_sync Enter - MemInfo: [malloc] Space in freed fastbin blocks:                  2400 Byte
20220312 054201.245 INFO             PET0 PIOc_sync Enter - MemInfo: [malloc] Total allocated space:                      11568464 Byte
20220312 054201.245 INFO             PET0 PIOc_sync Enter - MemInfo: [malloc] Total free space:                             404144 Byte
20220312 054201.245 INFO             PET0 PIOc_sync Enter - MemInfo: [malloc] Top-most, releasable space:                   134768 Byte
20220312 054201.245 INFO             PET0 PIOc_sync Enter - MemInfo: [malloc] Total space in use, mmap + non-mmap:        13149520 Byte
20220312 054201.245 INFO             PET0 PIOc_sync Enter - MemInfo: [malloc] Total space held (mmap + non-mmap):         13553664 Byte
20220312 054201.245 INFO             PET0 PIOc_sync Enter - MemInfo: [malloc] Total space used (mmap + non-mmap):         13158864 Byte
20220312 054201.245 INFO             PET0 PIOc_sync Enter - MemInfo: Wall-clock time since execution start:              0.0348697 seconds
20220312 054201.246 INFO             PET0 PIOc_sync Exit - MemInfo: [/proc/meminfo - SSI]	MemTotal:       196442820 kB
20220312 054201.246 INFO             PET0 PIOc_sync Exit - MemInfo: [/proc/meminfo - SSI]	MemFree:        186882708 kB
20220312 054201.246 INFO             PET0 PIOc_sync Exit - MemInfo: [/proc/meminfo - SSI]	MemAvailable:   191708364 kB
20220312 054201.246 INFO             PET0 PIOc_sync Exit - MemInfo: [/proc/meminfo - SSI]	Committed_AS:     652468 kB
20220312 054201.246 INFO             PET0 PIOc_sync Exit - MemInfo: [/proc/meminfo - SSI]	CommittedPercent: 0.332141 %
20220312 054201.246 INFO             PET0 PIOc_sync Exit - MemInfo: [/proc/self/status]	VmPeak:	  678152 kB
20220312 054201.246 INFO             PET0 PIOc_sync Exit - MemInfo: [/proc/self/status]	VmSize:	  678080 kB
20220312 054201.246 INFO             PET0 PIOc_sync Exit - MemInfo: [/proc/self/status]	VmLck:	       0 kB
20220312 054201.246 INFO             PET0 PIOc_sync Exit - MemInfo: [/proc/self/status]	VmPin:	       0 kB
20220312 054201.246 INFO             PET0 PIOc_sync Exit - MemInfo: [/proc/self/status]	VmHWM:	   71736 kB
20220312 054201.246 INFO             PET0 PIOc_sync Exit - MemInfo: [/proc/self/status]	VmRSS:	   39816 kB
20220312 054201.246 INFO             PET0 PIOc_sync Exit - MemInfo: [/proc/self/status]	VmData:	  195196 kB
20220312 054201.246 INFO             PET0 PIOc_sync Exit - MemInfo: [/proc/self/status]	VmStk:	     144 kB
20220312 054201.246 INFO             PET0 PIOc_sync Exit - MemInfo: [/proc/self/status]	VmExe:	     424 kB
20220312 054201.246 INFO             PET0 PIOc_sync Exit - MemInfo: [/proc/self/status]	VmLib:	   83112 kB
20220312 054201.246 INFO             PET0 PIOc_sync Exit - MemInfo: [/proc/self/status]	VmPTE:	     976 kB
20220312 054201.246 INFO             PET0 PIOc_sync Exit - MemInfo: [/proc/self/status]	VmSwap:	       0 kB
20220312 054201.246 INFO             PET0 PIOc_sync Exit - MemInfo: [/proc/self/status]	VmRSSPercent: 0.0202685 %
20220312 054201.246 INFO             PET0 PIOc_sync Exit - MemInfo: [malloc] Non-mmapped space allocated:                11972608 Byte
20220312 054201.246 INFO             PET0 PIOc_sync Exit - MemInfo: [malloc] Space allocated in mmapped regions:          1581056 Byte
20220312 054201.246 INFO             PET0 PIOc_sync Exit - MemInfo: [malloc] Maximum total allocated space:                     0 Byte
20220312 054201.246 INFO             PET0 PIOc_sync Exit - MemInfo: [malloc] Space in freed fastbin blocks:                  1792 Byte
20220312 054201.246 INFO             PET0 PIOc_sync Exit - MemInfo: [malloc] Total allocated space:                      11576816 Byte
20220312 054201.246 INFO             PET0 PIOc_sync Exit - MemInfo: [malloc] Total free space:                             395792 Byte
20220312 054201.246 INFO             PET0 PIOc_sync Exit - MemInfo: [malloc] Top-most, releasable space:                   134768 Byte
20220312 054201.246 INFO             PET0 PIOc_sync Exit - MemInfo: [malloc] Total space in use, mmap + non-mmap:        13157872 Byte
20220312 054201.246 INFO             PET0 PIOc_sync Exit - MemInfo: [malloc] Total space held (mmap + non-mmap):         13553664 Byte
20220312 054201.246 INFO             PET0 PIOc_sync Exit - MemInfo: [malloc] Total space used (mmap + non-mmap):         13167216 Byte
20220312 054201.246 INFO             PET0 PIOc_sync Exit - MemInfo: Wall-clock time since execution start:              0.0356127 seconds
20220312 054201.247 INFO             PET0 PIOc_freedecomp Enter - MemInfo: [/proc/meminfo - SSI]	MemTotal:       196442820 kB
20220312 054201.247 INFO             PET0 PIOc_freedecomp Enter - MemInfo: [/proc/meminfo - SSI]	MemFree:        186882708 kB
20220312 054201.247 INFO             PET0 PIOc_freedecomp Enter - MemInfo: [/proc/meminfo - SSI]	MemAvailable:   191708364 kB
20220312 054201.247 INFO             PET0 PIOc_freedecomp Enter - MemInfo: [/proc/meminfo - SSI]	Committed_AS:     652468 kB
20220312 054201.247 INFO             PET0 PIOc_freedecomp Enter - MemInfo: [/proc/meminfo - SSI]	CommittedPercent: 0.332141 %
20220312 054201.247 INFO             PET0 PIOc_freedecomp Enter - MemInfo: [/proc/self/status]	VmPeak:	  678152 kB
20220312 054201.247 INFO             PET0 PIOc_freedecomp Enter - MemInfo: [/proc/self/status]	VmSize:	  678080 kB
20220312 054201.247 INFO             PET0 PIOc_freedecomp Enter - MemInfo: [/proc/self/status]	VmLck:	       0 kB
20220312 054201.247 INFO             PET0 PIOc_freedecomp Enter - MemInfo: [/proc/self/status]	VmPin:	       0 kB
20220312 054201.247 INFO             PET0 PIOc_freedecomp Enter - MemInfo: [/proc/self/status]	VmHWM:	   71736 kB
20220312 054201.247 INFO             PET0 PIOc_freedecomp Enter - MemInfo: [/proc/self/status]	VmRSS:	   39816 kB
20220312 054201.247 INFO             PET0 PIOc_freedecomp Enter - MemInfo: [/proc/self/status]	VmData:	  195196 kB
20220312 054201.247 INFO             PET0 PIOc_freedecomp Enter - MemInfo: [/proc/self/status]	VmStk:	     144 kB
20220312 054201.247 INFO             PET0 PIOc_freedecomp Enter - MemInfo: [/proc/self/status]	VmExe:	     424 kB
20220312 054201.247 INFO             PET0 PIOc_freedecomp Enter - MemInfo: [/proc/self/status]	VmLib:	   83112 kB
20220312 054201.247 INFO             PET0 PIOc_freedecomp Enter - MemInfo: [/proc/self/status]	VmPTE:	     976 kB
20220312 054201.247 INFO             PET0 PIOc_freedecomp Enter - MemInfo: [/proc/self/status]	VmSwap:	       0 kB
20220312 054201.247 INFO             PET0 PIOc_freedecomp Enter - MemInfo: [/proc/self/status]	VmRSSPercent: 0.0202685 %
20220312 054201.247 INFO             PET0 PIOc_freedecomp Enter - MemInfo: [malloc] Non-mmapped space allocated:                11972608 Byte
20220312 054201.247 INFO             PET0 PIOc_freedecomp Enter - MemInfo: [malloc] Space allocated in mmapped regions:          1581056 Byte
20220312 054201.247 INFO             PET0 PIOc_freedecomp Enter - MemInfo: [malloc] Maximum total allocated space:                     0 Byte
20220312 054201.247 INFO             PET0 PIOc_freedecomp Enter - MemInfo: [malloc] Space in freed fastbin blocks:                  2000 Byte
20220312 054201.247 INFO             PET0 PIOc_freedecomp Enter - MemInfo: [malloc] Total allocated space:                       2649904 Byte
20220312 054201.247 INFO             PET0 PIOc_freedecomp Enter - MemInfo: [malloc] Total free space:                            9322704 Byte
20220312 054201.247 INFO             PET0 PIOc_freedecomp Enter - MemInfo: [malloc] Top-most, releasable space:                  9047696 Byte
20220312 054201.247 INFO             PET0 PIOc_freedecomp Enter - MemInfo: [malloc] Total space in use, mmap + non-mmap:         4230960 Byte
20220312 054201.247 INFO             PET0 PIOc_freedecomp Enter - MemInfo: [malloc] Total space held (mmap + non-mmap):         13553664 Byte
20220312 054201.247 INFO             PET0 PIOc_freedecomp Enter - MemInfo: [malloc] Total space used (mmap + non-mmap):          4240304 Byte
20220312 054201.247 INFO             PET0 PIOc_freedecomp Enter - MemInfo: Wall-clock time since execution start:              0.0364603 seconds
20220312 054201.247 INFO             PET0 PIOc_freedecomp Exit - MemInfo: [/proc/meminfo - SSI]	MemTotal:       196442820 kB
20220312 054201.247 INFO             PET0 PIOc_freedecomp Exit - MemInfo: [/proc/meminfo - SSI]	MemFree:        186882708 kB
20220312 054201.247 INFO             PET0 PIOc_freedecomp Exit - MemInfo: [/proc/meminfo - SSI]	MemAvailable:   191708364 kB
20220312 054201.247 INFO             PET0 PIOc_freedecomp Exit - MemInfo: [/proc/meminfo - SSI]	Committed_AS:     652468 kB
20220312 054201.247 INFO             PET0 PIOc_freedecomp Exit - MemInfo: [/proc/meminfo - SSI]	CommittedPercent: 0.332141 %
20220312 054201.247 INFO             PET0 PIOc_freedecomp Exit - MemInfo: [/proc/self/status]	VmPeak:	  678152 kB
20220312 054201.247 INFO             PET0 PIOc_freedecomp Exit - MemInfo: [/proc/self/status]	VmSize:	  678080 kB
20220312 054201.247 INFO             PET0 PIOc_freedecomp Exit - MemInfo: [/proc/self/status]	VmLck:	       0 kB
20220312 054201.247 INFO             PET0 PIOc_freedecomp Exit - MemInfo: [/proc/self/status]	VmPin:	       0 kB
20220312 054201.247 INFO             PET0 PIOc_freedecomp Exit - MemInfo: [/proc/self/status]	VmHWM:	   71736 kB
20220312 054201.247 INFO             PET0 PIOc_freedecomp Exit - MemInfo: [/proc/self/status]	VmRSS:	   39816 kB
20220312 054201.247 INFO             PET0 PIOc_freedecomp Exit - MemInfo: [/proc/self/status]	VmData:	  195196 kB
20220312 054201.247 INFO             PET0 PIOc_freedecomp Exit - MemInfo: [/proc/self/status]	VmStk:	     144 kB
20220312 054201.247 INFO             PET0 PIOc_freedecomp Exit - MemInfo: [/proc/self/status]	VmExe:	     424 kB
20220312 054201.247 INFO             PET0 PIOc_freedecomp Exit - MemInfo: [/proc/self/status]	VmLib:	   83112 kB
20220312 054201.247 INFO             PET0 PIOc_freedecomp Exit - MemInfo: [/proc/self/status]	VmPTE:	     976 kB
20220312 054201.247 INFO             PET0 PIOc_freedecomp Exit - MemInfo: [/proc/self/status]	VmSwap:	       0 kB
20220312 054201.247 INFO             PET0 PIOc_freedecomp Exit - MemInfo: [/proc/self/status]	VmRSSPercent: 0.0202685 %
20220312 054201.247 INFO             PET0 PIOc_freedecomp Exit - MemInfo: [malloc] Non-mmapped space allocated:                11972608 Byte
20220312 054201.247 INFO             PET0 PIOc_freedecomp Exit - MemInfo: [malloc] Space allocated in mmapped regions:          1581056 Byte
20220312 054201.247 INFO             PET0 PIOc_freedecomp Exit - MemInfo: [malloc] Maximum total allocated space:                     0 Byte
20220312 054201.247 INFO             PET0 PIOc_freedecomp Exit - MemInfo: [malloc] Space in freed fastbin blocks:                  3456 Byte
20220312 054201.247 INFO             PET0 PIOc_freedecomp Exit - MemInfo: [malloc] Total allocated space:                       2636960 Byte
20220312 054201.247 INFO             PET0 PIOc_freedecomp Exit - MemInfo: [malloc] Total free space:                            9335648 Byte
20220312 054201.247 INFO             PET0 PIOc_freedecomp Exit - MemInfo: [malloc] Top-most, releasable space:                  9047696 Byte
20220312 054201.247 INFO             PET0 PIOc_freedecomp Exit - MemInfo: [malloc] Total space in use, mmap + non-mmap:         4218016 Byte
20220312 054201.247 INFO             PET0 PIOc_freedecomp Exit - MemInfo: [malloc] Total space held (mmap + non-mmap):         13553664 Byte
20220312 054201.247 INFO             PET0 PIOc_freedecomp Exit - MemInfo: [malloc] Total space used (mmap + non-mmap):          4227360 Byte
20220312 054201.247 INFO             PET0 PIOc_freedecomp Exit - MemInfo: Wall-clock time since execution start:              0.0368978 seconds
20220312 054201.247 INFO             PET0  PASS  Write multiple Fields with same dimensions to a file, ESMF_FieldIOUTest.F90, line 292
20220312 054201.247 INFO             PET0  PASS  Create grid for field metadata test, ESMF_FieldIOUTest.F90, line 309
20220312 054201.248 INFO             PET0  PASS  Create field with global indices, ESMF_FieldIOUTest.F90, line 316
20220312 054201.248 INFO             PET0  PASS  Get Farray_md from field, ESMF_FieldIOUTest.F90, line 324
20220312 054201.250 INFO             PET0 PIOc_sync Enter - MemInfo: [/proc/meminfo - SSI]	MemTotal:       196442820 kB
20220312 054201.250 INFO             PET0 PIOc_sync Enter - MemInfo: [/proc/meminfo - SSI]	MemFree:        186882708 kB
20220312 054201.250 INFO             PET0 PIOc_sync Enter - MemInfo: [/proc/meminfo - SSI]	MemAvailable:   191708364 kB
20220312 054201.250 INFO             PET0 PIOc_sync Enter - MemInfo: [/proc/meminfo - SSI]	Committed_AS:     652468 kB
20220312 054201.250 INFO             PET0 PIOc_sync Enter - MemInfo: [/proc/meminfo - SSI]	CommittedPercent: 0.332141 %
20220312 054201.250 INFO             PET0 PIOc_sync Enter - MemInfo: [/proc/self/status]	VmPeak:	  678152 kB
20220312 054201.250 INFO             PET0 PIOc_sync Enter - MemInfo: [/proc/self/status]	VmSize:	  678080 kB
20220312 054201.250 INFO             PET0 PIOc_sync Enter - MemInfo: [/proc/self/status]	VmLck:	       0 kB
20220312 054201.250 INFO             PET0 PIOc_sync Enter - MemInfo: [/proc/self/status]	VmPin:	       0 kB
20220312 054201.250 INFO             PET0 PIOc_sync Enter - MemInfo: [/proc/self/status]	VmHWM:	   71736 kB
20220312 054201.250 INFO             PET0 PIOc_sync Enter - MemInfo: [/proc/self/status]	VmRSS:	   39816 kB
20220312 054201.250 INFO             PET0 PIOc_sync Enter - MemInfo: [/proc/self/status]	VmData:	  195196 kB
20220312 054201.250 INFO             PET0 PIOc_sync Enter - MemInfo: [/proc/self/status]	VmStk:	     144 kB
20220312 054201.250 INFO             PET0 PIOc_sync Enter - MemInfo: [/proc/self/status]	VmExe:	     424 kB
20220312 054201.250 INFO             PET0 PIOc_sync Enter - MemInfo: [/proc/self/status]	VmLib:	   83112 kB
20220312 054201.250 INFO             PET0 PIOc_sync Enter - MemInfo: [/proc/self/status]	VmPTE:	     976 kB
20220312 054201.250 INFO             PET0 PIOc_sync Enter - MemInfo: [/proc/self/status]	VmSwap:	       0 kB
20220312 054201.250 INFO             PET0 PIOc_sync Enter - MemInfo: [/proc/self/status]	VmRSSPercent: 0.0202685 %
20220312 054201.250 INFO             PET0 PIOc_sync Enter - MemInfo: [malloc] Non-mmapped space allocated:                11972608 Byte
20220312 054201.250 INFO             PET0 PIOc_sync Enter - MemInfo: [malloc] Space allocated in mmapped regions:          1581056 Byte
20220312 054201.250 INFO             PET0 PIOc_sync Enter - MemInfo: [malloc] Maximum total allocated space:                     0 Byte
20220312 054201.250 INFO             PET0 PIOc_sync Enter - MemInfo: [malloc] Space in freed fastbin blocks:                  1712 Byte
20220312 054201.250 INFO             PET0 PIOc_sync Enter - MemInfo: [malloc] Total allocated space:                      11587920 Byte
20220312 054201.250 INFO             PET0 PIOc_sync Enter - MemInfo: [malloc] Total free space:                             384688 Byte
20220312 054201.250 INFO             PET0 PIOc_sync Enter - MemInfo: [malloc] Top-most, releasable space:                   134768 Byte
20220312 054201.250 INFO             PET0 PIOc_sync Enter - MemInfo: [malloc] Total space in use, mmap + non-mmap:        13168976 Byte
20220312 054201.251 INFO             PET0 PIOc_sync Enter - MemInfo: [malloc] Total space held (mmap + non-mmap):         13553664 Byte
20220312 054201.251 INFO             PET0 PIOc_sync Enter - MemInfo: [malloc] Total space used (mmap + non-mmap):         13178320 Byte
20220312 054201.251 INFO             PET0 PIOc_sync Enter - MemInfo: Wall-clock time since execution start:              0.0401676 seconds
20220312 054201.251 INFO             PET0 PIOc_sync Exit - MemInfo: [/proc/meminfo - SSI]	MemTotal:       196442820 kB
20220312 054201.251 INFO             PET0 PIOc_sync Exit - MemInfo: [/proc/meminfo - SSI]	MemFree:        186882708 kB
20220312 054201.251 INFO             PET0 PIOc_sync Exit - MemInfo: [/proc/meminfo - SSI]	MemAvailable:   191708364 kB
20220312 054201.251 INFO             PET0 PIOc_sync Exit - MemInfo: [/proc/meminfo - SSI]	Committed_AS:     652468 kB
20220312 054201.251 INFO             PET0 PIOc_sync Exit - MemInfo: [/proc/meminfo - SSI]	CommittedPercent: 0.332141 %
20220312 054201.251 INFO             PET0 PIOc_sync Exit - MemInfo: [/proc/self/status]	VmPeak:	  678152 kB
20220312 054201.251 INFO             PET0 PIOc_sync Exit - MemInfo: [/proc/self/status]	VmSize:	  678080 kB
20220312 054201.251 INFO             PET0 PIOc_sync Exit - MemInfo: [/proc/self/status]	VmLck:	       0 kB
20220312 054201.251 INFO             PET0 PIOc_sync Exit - MemInfo: [/proc/self/status]	VmPin:	       0 kB
20220312 054201.251 INFO             PET0 PIOc_sync Exit - MemInfo: [/proc/self/status]	VmHWM:	   71736 kB
20220312 054201.251 INFO             PET0 PIOc_sync Exit - MemInfo: [/proc/self/status]	VmRSS:	   39816 kB
20220312 054201.251 INFO             PET0 PIOc_sync Exit - MemInfo: [/proc/self/status]	VmData:	  195196 kB
20220312 054201.251 INFO             PET0 PIOc_sync Exit - MemInfo: [/proc/self/status]	VmStk:	     144 kB
20220312 054201.251 INFO             PET0 PIOc_sync Exit - MemInfo: [/proc/self/status]	VmExe:	     424 kB
20220312 054201.251 INFO             PET0 PIOc_sync Exit - MemInfo: [/proc/self/status]	VmLib:	   83112 kB
20220312 054201.251 INFO             PET0 PIOc_sync Exit - MemInfo: [/proc/self/status]	VmPTE:	     976 kB
20220312 054201.251 INFO             PET0 PIOc_sync Exit - MemInfo: [/proc/self/status]	VmSwap:	       0 kB
20220312 054201.251 INFO             PET0 PIOc_sync Exit - MemInfo: [/proc/self/status]	VmRSSPercent: 0.0202685 %
20220312 054201.251 INFO             PET0 PIOc_sync Exit - MemInfo: [malloc] Non-mmapped space allocated:                11972608 Byte
20220312 054201.251 INFO             PET0 PIOc_sync Exit - MemInfo: [malloc] Space allocated in mmapped regions:          1581056 Byte
20220312 054201.251 INFO             PET0 PIOc_sync Exit - MemInfo: [malloc] Maximum total allocated space:                     0 Byte
20220312 054201.251 INFO             PET0 PIOc_sync Exit - MemInfo: [malloc] Space in freed fastbin blocks:                  1792 Byte
20220312 054201.251 INFO             PET0 PIOc_sync Exit - MemInfo: [malloc] Total allocated space:                      11637968 Byte
20220312 054201.251 INFO             PET0 PIOc_sync Exit - MemInfo: [malloc] Total free space:                             334640 Byte
20220312 054201.251 INFO             PET0 PIOc_sync Exit - MemInfo: [malloc] Top-most, releasable space:                   121600 Byte
20220312 054201.251 INFO             PET0 PIOc_sync Exit - MemInfo: [malloc] Total space in use, mmap + non-mmap:        13219024 Byte
20220312 054201.251 INFO             PET0 PIOc_sync Exit - MemInfo: [malloc] Total space held (mmap + non-mmap):         13553664 Byte
20220312 054201.251 INFO             PET0 PIOc_sync Exit - MemInfo: [malloc] Total space used (mmap + non-mmap):         13228368 Byte
20220312 054201.251 INFO             PET0 PIOc_sync Exit - MemInfo: Wall-clock time since execution start:              0.0409358 seconds
20220312 054201.252 INFO             PET0 PIOc_freedecomp Enter - MemInfo: [/proc/meminfo - SSI]	MemTotal:       196442820 kB
20220312 054201.252 INFO             PET0 PIOc_freedecomp Enter - MemInfo: [/proc/meminfo - SSI]	MemFree:        186882708 kB
20220312 054201.252 INFO             PET0 PIOc_freedecomp Enter - MemInfo: [/proc/meminfo - SSI]	MemAvailable:   191708364 kB
20220312 054201.252 INFO             PET0 PIOc_freedecomp Enter - MemInfo: [/proc/meminfo - SSI]	Committed_AS:     652468 kB
20220312 054201.252 INFO             PET0 PIOc_freedecomp Enter - MemInfo: [/proc/meminfo - SSI]	CommittedPercent: 0.332141 %
20220312 054201.252 INFO             PET0 PIOc_freedecomp Enter - MemInfo: [/proc/self/status]	VmPeak:	  678152 kB
20220312 054201.252 INFO             PET0 PIOc_freedecomp Enter - MemInfo: [/proc/self/status]	VmSize:	  678080 kB
20220312 054201.252 INFO             PET0 PIOc_freedecomp Enter - MemInfo: [/proc/self/status]	VmLck:	       0 kB
20220312 054201.252 INFO             PET0 PIOc_freedecomp Enter - MemInfo: [/proc/self/status]	VmPin:	       0 kB
20220312 054201.252 INFO             PET0 PIOc_freedecomp Enter - MemInfo: [/proc/self/status]	VmHWM:	   71736 kB
20220312 054201.252 INFO             PET0 PIOc_freedecomp Enter - MemInfo: [/proc/self/status]	VmRSS:	   39816 kB
20220312 054201.252 INFO             PET0 PIOc_freedecomp Enter - MemInfo: [/proc/self/status]	VmData:	  195196 kB
20220312 054201.252 INFO             PET0 PIOc_freedecomp Enter - MemInfo: [/proc/self/status]	VmStk:	     144 kB
20220312 054201.252 INFO             PET0 PIOc_freedecomp Enter - MemInfo: [/proc/self/status]	VmExe:	     424 kB
20220312 054201.252 INFO             PET0 PIOc_freedecomp Enter - MemInfo: [/proc/self/status]	VmLib:	   83112 kB
20220312 054201.252 INFO             PET0 PIOc_freedecomp Enter - MemInfo: [/proc/self/status]	VmPTE:	     976 kB
20220312 054201.252 INFO             PET0 PIOc_freedecomp Enter - MemInfo: [/proc/self/status]	VmSwap:	       0 kB
20220312 054201.252 INFO             PET0 PIOc_freedecomp Enter - MemInfo: [/proc/self/status]	VmRSSPercent: 0.0202685 %
20220312 054201.252 INFO             PET0 PIOc_freedecomp Enter - MemInfo: [malloc] Non-mmapped space allocated:                11972608 Byte
20220312 054201.252 INFO             PET0 PIOc_freedecomp Enter - MemInfo: [malloc] Space allocated in mmapped regions:          1581056 Byte
20220312 054201.252 INFO             PET0 PIOc_freedecomp Enter - MemInfo: [malloc] Maximum total allocated space:                     0 Byte
20220312 054201.252 INFO             PET0 PIOc_freedecomp Enter - MemInfo: [malloc] Space in freed fastbin blocks:                  1760 Byte
20220312 054201.252 INFO             PET0 PIOc_freedecomp Enter - MemInfo: [malloc] Total allocated space:                       2711776 Byte
20220312 054201.252 INFO             PET0 PIOc_freedecomp Enter - MemInfo: [malloc] Total free space:                            9260832 Byte
20220312 054201.252 INFO             PET0 PIOc_freedecomp Enter - MemInfo: [malloc] Top-most, releasable space:                   124640 Byte
20220312 054201.252 INFO             PET0 PIOc_freedecomp Enter - MemInfo: [malloc] Total space in use, mmap + non-mmap:         4292832 Byte
20220312 054201.252 INFO             PET0 PIOc_freedecomp Enter - MemInfo: [malloc] Total space held (mmap + non-mmap):         13553664 Byte
20220312 054201.252 INFO             PET0 PIOc_freedecomp Enter - MemInfo: [malloc] Total space used (mmap + non-mmap):          4302176 Byte
20220312 054201.252 INFO             PET0 PIOc_freedecomp Enter - MemInfo: Wall-clock time since execution start:              0.0417785 seconds
20220312 054201.252 INFO             PET0 PIOc_freedecomp Exit - MemInfo: [/proc/meminfo - SSI]	MemTotal:       196442820 kB
20220312 054201.252 INFO             PET0 PIOc_freedecomp Exit - MemInfo: [/proc/meminfo - SSI]	MemFree:        186882708 kB
20220312 054201.252 INFO             PET0 PIOc_freedecomp Exit - MemInfo: [/proc/meminfo - SSI]	MemAvailable:   191708364 kB
20220312 054201.252 INFO             PET0 PIOc_freedecomp Exit - MemInfo: [/proc/meminfo - SSI]	Committed_AS:     652468 kB
20220312 054201.252 INFO             PET0 PIOc_freedecomp Exit - MemInfo: [/proc/meminfo - SSI]	CommittedPercent: 0.332141 %
20220312 054201.252 INFO             PET0 PIOc_freedecomp Exit - MemInfo: [/proc/self/status]	VmPeak:	  678152 kB
20220312 054201.252 INFO             PET0 PIOc_freedecomp Exit - MemInfo: [/proc/self/status]	VmSize:	  678080 kB
20220312 054201.252 INFO             PET0 PIOc_freedecomp Exit - MemInfo: [/proc/self/status]	VmLck:	       0 kB
20220312 054201.252 INFO             PET0 PIOc_freedecomp Exit - MemInfo: [/proc/self/status]	VmPin:	       0 kB
20220312 054201.252 INFO             PET0 PIOc_freedecomp Exit - MemInfo: [/proc/self/status]	VmHWM:	   71736 kB
20220312 054201.252 INFO             PET0 PIOc_freedecomp Exit - MemInfo: [/proc/self/status]	VmRSS:	   39816 kB
20220312 054201.252 INFO             PET0 PIOc_freedecomp Exit - MemInfo: [/proc/self/status]	VmData:	  195196 kB
20220312 054201.252 INFO             PET0 PIOc_freedecomp Exit - MemInfo: [/proc/self/status]	VmStk:	     144 kB
20220312 054201.252 INFO             PET0 PIOc_freedecomp Exit - MemInfo: [/proc/self/status]	VmExe:	     424 kB
20220312 054201.252 INFO             PET0 PIOc_freedecomp Exit - MemInfo: [/proc/self/status]	VmLib:	   83112 kB
20220312 054201.252 INFO             PET0 PIOc_freedecomp Exit - MemInfo: [/proc/self/status]	VmPTE:	     976 kB
20220312 054201.252 INFO             PET0 PIOc_freedecomp Exit - MemInfo: [/proc/self/status]	VmSwap:	       0 kB
20220312 054201.252 INFO             PET0 PIOc_freedecomp Exit - MemInfo: [/proc/self/status]	VmRSSPercent: 0.0202685 %
20220312 054201.252 INFO             PET0 PIOc_freedecomp Exit - MemInfo: [malloc] Non-mmapped space allocated:                11972608 Byte
20220312 054201.252 INFO             PET0 PIOc_freedecomp Exit - MemInfo: [malloc] Space allocated in mmapped regions:          1581056 Byte
20220312 054201.252 INFO             PET0 PIOc_freedecomp Exit - MemInfo: [malloc] Maximum total allocated space:                     0 Byte
20220312 054201.253 INFO             PET0 PIOc_freedecomp Exit - MemInfo: [malloc] Space in freed fastbin blocks:                  1968 Byte
20220312 054201.253 INFO             PET0 PIOc_freedecomp Exit - MemInfo: [malloc] Total allocated space:                       2653440 Byte
20220312 054201.253 INFO             PET0 PIOc_freedecomp Exit - MemInfo: [malloc] Total free space:                            9319168 Byte
20220312 054201.253 INFO             PET0 PIOc_freedecomp Exit - MemInfo: [malloc] Top-most, releasable space:                  9047696 Byte
20220312 054201.253 INFO             PET0 PIOc_freedecomp Exit - MemInfo: [malloc] Total space in use, mmap + non-mmap:         4234496 Byte
20220312 054201.253 INFO             PET0 PIOc_freedecomp Exit - MemInfo: [malloc] Total space held (mmap + non-mmap):         13553664 Byte
20220312 054201.253 INFO             PET0 PIOc_freedecomp Exit - MemInfo: [malloc] Total space used (mmap + non-mmap):          4243840 Byte
20220312 054201.253 INFO             PET0 PIOc_freedecomp Exit - MemInfo: Wall-clock time since execution start:              0.0422186 seconds
20220312 054201.253 INFO             PET0  PASS  Write Field to NetCDF file, ESMF_FieldIOUTest.F90, line 348
20220312 054201.253 INFO             PET0  PASS  Confirm NetCDF metadata - open file, ESMF_FieldIOUTest.F90, line 359
20220312 054201.253 INFO             PET0  PASS  Confirm NetCDF metadata - check dim 1, ESMF_FieldIOUTest.F90, line 369
20220312 054201.253 INFO             PET0  PASS  Confirm NetCDF metadata - check dim 1 len, ESMF_FieldIOUTest.F90, line 379
20220312 054201.253 INFO             PET0  PASS  Confirm NetCDF metadata - check dim 2, ESMF_FieldIOUTest.F90, line 389
20220312 054201.253 INFO             PET0  PASS  Confirm NetCDF metadata - check dim 2 len, ESMF_FieldIOUTest.F90, line 399
20220312 054201.254 INFO             PET0  PASS  Confirm NetCDF metadata - variable exists, ESMF_FieldIOUTest.F90, line 409
20220312 054201.254 INFO             PET0  PASS  Confirm NetCDF metadata - variable has expected dims, ESMF_FieldIOUTest.F90, line 420
20220312 054201.254 INFO             PET0  PASS  Confirm NetCDF data - check data for field, ESMF_FieldIOUTest.F90, line 445
20220312 054201.254 INFO             PET0  PASS  Confirm NetCDF data - close file, ESMF_FieldIOUTest.F90, line 456
20220312 054201.271 INFO             PET0 PIOc_sync Enter - MemInfo: [/proc/meminfo - SSI]	MemTotal:       196442820 kB
20220312 054201.271 INFO             PET0 PIOc_sync Enter - MemInfo: [/proc/meminfo - SSI]	MemFree:        186880288 kB
20220312 054201.271 INFO             PET0 PIOc_sync Enter - MemInfo: [/proc/meminfo - SSI]	MemAvailable:   191705944 kB
20220312 054201.271 INFO             PET0 PIOc_sync Enter - MemInfo: [/proc/meminfo - SSI]	Committed_AS:     654820 kB
20220312 054201.271 INFO             PET0 PIOc_sync Enter - MemInfo: [/proc/meminfo - SSI]	CommittedPercent: 0.333339 %
20220312 054201.271 INFO             PET0 PIOc_sync Enter - MemInfo: [/proc/self/status]	VmPeak:	  678152 kB
20220312 054201.271 INFO             PET0 PIOc_sync Enter - MemInfo: [/proc/self/status]	VmSize:	  678080 kB
20220312 054201.271 INFO             PET0 PIOc_sync Enter - MemInfo: [/proc/self/status]	VmLck:	       0 kB
20220312 054201.271 INFO             PET0 PIOc_sync Enter - MemInfo: [/proc/self/status]	VmPin:	       0 kB
20220312 054201.271 INFO             PET0 PIOc_sync Enter - MemInfo: [/proc/self/status]	VmHWM:	   71736 kB
20220312 054201.271 INFO             PET0 PIOc_sync Enter - MemInfo: [/proc/self/status]	VmRSS:	   39892 kB
20220312 054201.271 INFO             PET0 PIOc_sync Enter - MemInfo: [/proc/self/status]	VmData:	  195196 kB
20220312 054201.271 INFO             PET0 PIOc_sync Enter - MemInfo: [/proc/self/status]	VmStk:	     144 kB
20220312 054201.271 INFO             PET0 PIOc_sync Enter - MemInfo: [/proc/self/status]	VmExe:	     424 kB
20220312 054201.271 INFO             PET0 PIOc_sync Enter - MemInfo: [/proc/self/status]	VmLib:	   83112 kB
20220312 054201.271 INFO             PET0 PIOc_sync Enter - MemInfo: [/proc/self/status]	VmPTE:	     976 kB
20220312 054201.271 INFO             PET0 PIOc_sync Enter - MemInfo: [/proc/self/status]	VmSwap:	       0 kB
20220312 054201.271 INFO             PET0 PIOc_sync Enter - MemInfo: [/proc/self/status]	VmRSSPercent: 0.0203072 %
20220312 054201.271 INFO             PET0 PIOc_sync Enter - MemInfo: [malloc] Non-mmapped space allocated:                11972608 Byte
20220312 054201.271 INFO             PET0 PIOc_sync Enter - MemInfo: [malloc] Space allocated in mmapped regions:          1581056 Byte
20220312 054201.271 INFO             PET0 PIOc_sync Enter - MemInfo: [malloc] Maximum total allocated space:                     0 Byte
20220312 054201.271 INFO             PET0 PIOc_sync Enter - MemInfo: [malloc] Space in freed fastbin blocks:                  1808 Byte
20220312 054201.271 INFO             PET0 PIOc_sync Enter - MemInfo: [malloc] Total allocated space:                      11591312 Byte
20220312 054201.271 INFO             PET0 PIOc_sync Enter - MemInfo: [malloc] Total free space:                             381296 Byte
20220312 054201.271 INFO             PET0 PIOc_sync Enter - MemInfo: [malloc] Top-most, releasable space:                   134768 Byte
20220312 054201.271 INFO             PET0 PIOc_sync Enter - MemInfo: [malloc] Total space in use, mmap + non-mmap:        13172368 Byte
20220312 054201.271 INFO             PET0 PIOc_sync Enter - MemInfo: [malloc] Total space held (mmap + non-mmap):         13553664 Byte
20220312 054201.271 INFO             PET0 PIOc_sync Enter - MemInfo: [malloc] Total space used (mmap + non-mmap):         13181712 Byte
20220312 054201.271 INFO             PET0 PIOc_sync Enter - MemInfo: Wall-clock time since execution start:              0.0604488 seconds
20220312 054201.271 INFO             PET0 PIOc_sync Exit - MemInfo: [/proc/meminfo - SSI]	MemTotal:       196442820 kB
20220312 054201.271 INFO             PET0 PIOc_sync Exit - MemInfo: [/proc/meminfo - SSI]	MemFree:        186880288 kB
20220312 054201.271 INFO             PET0 PIOc_sync Exit - MemInfo: [/proc/meminfo - SSI]	MemAvailable:   191705944 kB
20220312 054201.271 INFO             PET0 PIOc_sync Exit - MemInfo: [/proc/meminfo - SSI]	Committed_AS:     654820 kB
20220312 054201.271 INFO             PET0 PIOc_sync Exit - MemInfo: [/proc/meminfo - SSI]	CommittedPercent: 0.333339 %
20220312 054201.271 INFO             PET0 PIOc_sync Exit - MemInfo: [/proc/self/status]	VmPeak:	  678152 kB
20220312 054201.271 INFO             PET0 PIOc_sync Exit - MemInfo: [/proc/self/status]	VmSize:	  678080 kB
20220312 054201.271 INFO             PET0 PIOc_sync Exit - MemInfo: [/proc/self/status]	VmLck:	       0 kB
20220312 054201.271 INFO             PET0 PIOc_sync Exit - MemInfo: [/proc/self/status]	VmPin:	       0 kB
20220312 054201.271 INFO             PET0 PIOc_sync Exit - MemInfo: [/proc/self/status]	VmHWM:	   71736 kB
20220312 054201.271 INFO             PET0 PIOc_sync Exit - MemInfo: [/proc/self/status]	VmRSS:	   39892 kB
20220312 054201.271 INFO             PET0 PIOc_sync Exit - MemInfo: [/proc/self/status]	VmData:	  195196 kB
20220312 054201.271 INFO             PET0 PIOc_sync Exit - MemInfo: [/proc/self/status]	VmStk:	     144 kB
20220312 054201.271 INFO             PET0 PIOc_sync Exit - MemInfo: [/proc/self/status]	VmExe:	     424 kB
20220312 054201.271 INFO             PET0 PIOc_sync Exit - MemInfo: [/proc/self/status]	VmLib:	   83112 kB
20220312 054201.271 INFO             PET0 PIOc_sync Exit - MemInfo: [/proc/self/status]	VmPTE:	     976 kB
20220312 054201.271 INFO             PET0 PIOc_sync Exit - MemInfo: [/proc/self/status]	VmSwap:	       0 kB
20220312 054201.271 INFO             PET0 PIOc_sync Exit - MemInfo: [/proc/self/status]	VmRSSPercent: 0.0203072 %
20220312 054201.271 INFO             PET0 PIOc_sync Exit - MemInfo: [malloc] Non-mmapped space allocated:                11972608 Byte
20220312 054201.271 INFO             PET0 PIOc_sync Exit - MemInfo: [malloc] Space allocated in mmapped regions:          1581056 Byte
20220312 054201.271 INFO             PET0 PIOc_sync Exit - MemInfo: [malloc] Maximum total allocated space:                     0 Byte
20220312 054201.271 INFO             PET0 PIOc_sync Exit - MemInfo: [malloc] Space in freed fastbin blocks:                  1712 Byte
20220312 054201.271 INFO             PET0 PIOc_sync Exit - MemInfo: [malloc] Total allocated space:                      11600768 Byte
20220312 054201.271 INFO             PET0 PIOc_sync Exit - MemInfo: [malloc] Total free space:                             371840 Byte
20220312 054201.271 INFO             PET0 PIOc_sync Exit - MemInfo: [malloc] Top-most, releasable space:                   134768 Byte
20220312 054201.271 INFO             PET0 PIOc_sync Exit - MemInfo: [malloc] Total space in use, mmap + non-mmap:        13181824 Byte
20220312 054201.271 INFO             PET0 PIOc_sync Exit - MemInfo: [malloc] Total space held (mmap + non-mmap):         13553664 Byte
20220312 054201.271 INFO             PET0 PIOc_sync Exit - MemInfo: [malloc] Total space used (mmap + non-mmap):         13191168 Byte
20220312 054201.271 INFO             PET0 PIOc_sync Exit - MemInfo: Wall-clock time since execution start:              0.0609708 seconds
20220312 054201.272 INFO             PET0 PIOc_freedecomp Enter - MemInfo: [/proc/meminfo - SSI]	MemTotal:       196442820 kB
20220312 054201.272 INFO             PET0 PIOc_freedecomp Enter - MemInfo: [/proc/meminfo - SSI]	MemFree:        186880288 kB
20220312 054201.272 INFO             PET0 PIOc_freedecomp Enter - MemInfo: [/proc/meminfo - SSI]	MemAvailable:   191705944 kB
20220312 054201.272 INFO             PET0 PIOc_freedecomp Enter - MemInfo: [/proc/meminfo - SSI]	Committed_AS:     654820 kB
20220312 054201.272 INFO             PET0 PIOc_freedecomp Enter - MemInfo: [/proc/meminfo - SSI]	CommittedPercent: 0.333339 %
20220312 054201.272 INFO             PET0 PIOc_freedecomp Enter - MemInfo: [/proc/self/status]	VmPeak:	  678152 kB
20220312 054201.272 INFO             PET0 PIOc_freedecomp Enter - MemInfo: [/proc/self/status]	VmSize:	  678080 kB
20220312 054201.272 INFO             PET0 PIOc_freedecomp Enter - MemInfo: [/proc/self/status]	VmLck:	       0 kB
20220312 054201.272 INFO             PET0 PIOc_freedecomp Enter - MemInfo: [/proc/self/status]	VmPin:	       0 kB
20220312 054201.272 INFO             PET0 PIOc_freedecomp Enter - MemInfo: [/proc/self/status]	VmHWM:	   71736 kB
20220312 054201.272 INFO             PET0 PIOc_freedecomp Enter - MemInfo: [/proc/self/status]	VmRSS:	   39892 kB
20220312 054201.272 INFO             PET0 PIOc_freedecomp Enter - MemInfo: [/proc/self/status]	VmData:	  195196 kB
20220312 054201.272 INFO             PET0 PIOc_freedecomp Enter - MemInfo: [/proc/self/status]	VmStk:	     144 kB
20220312 054201.272 INFO             PET0 PIOc_freedecomp Enter - MemInfo: [/proc/self/status]	VmExe:	     424 kB
20220312 054201.272 INFO             PET0 PIOc_freedecomp Enter - MemInfo: [/proc/self/status]	VmLib:	   83112 kB
20220312 054201.272 INFO             PET0 PIOc_freedecomp Enter - MemInfo: [/proc/self/status]	VmPTE:	     976 kB
20220312 054201.272 INFO             PET0 PIOc_freedecomp Enter - MemInfo: [/proc/self/status]	VmSwap:	       0 kB
20220312 054201.272 INFO             PET0 PIOc_freedecomp Enter - MemInfo: [/proc/self/status]	VmRSSPercent: 0.0203072 %
20220312 054201.272 INFO             PET0 PIOc_freedecomp Enter - MemInfo: [malloc] Non-mmapped space allocated:                11972608 Byte
20220312 054201.272 INFO             PET0 PIOc_freedecomp Enter - MemInfo: [malloc] Space allocated in mmapped regions:          1581056 Byte
20220312 054201.272 INFO             PET0 PIOc_freedecomp Enter - MemInfo: [malloc] Maximum total allocated space:                     0 Byte
20220312 054201.272 INFO             PET0 PIOc_freedecomp Enter - MemInfo: [malloc] Space in freed fastbin blocks:                  1760 Byte
20220312 054201.272 INFO             PET0 PIOc_freedecomp Enter - MemInfo: [malloc] Total allocated space:                       2674464 Byte
20220312 054201.272 INFO             PET0 PIOc_freedecomp Enter - MemInfo: [malloc] Total free space:                            9298144 Byte
20220312 054201.272 INFO             PET0 PIOc_freedecomp Enter - MemInfo: [malloc] Top-most, releasable space:                  9047696 Byte
20220312 054201.272 INFO             PET0 PIOc_freedecomp Enter - MemInfo: [malloc] Total space in use, mmap + non-mmap:         4255520 Byte
20220312 054201.272 INFO             PET0 PIOc_freedecomp Enter - MemInfo: [malloc] Total space held (mmap + non-mmap):         13553664 Byte
20220312 054201.272 INFO             PET0 PIOc_freedecomp Enter - MemInfo: [malloc] Total space used (mmap + non-mmap):          4264864 Byte
20220312 054201.272 INFO             PET0 PIOc_freedecomp Enter - MemInfo: Wall-clock time since execution start:              0.0616046 seconds
20220312 054201.272 INFO             PET0 PIOc_freedecomp Exit - MemInfo: [/proc/meminfo - SSI]	MemTotal:       196442820 kB
20220312 054201.272 INFO             PET0 PIOc_freedecomp Exit - MemInfo: [/proc/meminfo - SSI]	MemFree:        186880288 kB
20220312 054201.272 INFO             PET0 PIOc_freedecomp Exit - MemInfo: [/proc/meminfo - SSI]	MemAvailable:   191705944 kB
20220312 054201.272 INFO             PET0 PIOc_freedecomp Exit - MemInfo: [/proc/meminfo - SSI]	Committed_AS:     654820 kB
20220312 054201.272 INFO             PET0 PIOc_freedecomp Exit - MemInfo: [/proc/meminfo - SSI]	CommittedPercent: 0.333339 %
20220312 054201.272 INFO             PET0 PIOc_freedecomp Exit - MemInfo: [/proc/self/status]	VmPeak:	  678152 kB
20220312 054201.272 INFO             PET0 PIOc_freedecomp Exit - MemInfo: [/proc/self/status]	VmSize:	  678080 kB
20220312 054201.272 INFO             PET0 PIOc_freedecomp Exit - MemInfo: [/proc/self/status]	VmLck:	       0 kB
20220312 054201.272 INFO             PET0 PIOc_freedecomp Exit - MemInfo: [/proc/self/status]	VmPin:	       0 kB
20220312 054201.272 INFO             PET0 PIOc_freedecomp Exit - MemInfo: [/proc/self/status]	VmHWM:	   71736 kB
20220312 054201.272 INFO             PET0 PIOc_freedecomp Exit - MemInfo: [/proc/self/status]	VmRSS:	   39892 kB
20220312 054201.272 INFO             PET0 PIOc_freedecomp Exit - MemInfo: [/proc/self/status]	VmData:	  195196 kB
20220312 054201.272 INFO             PET0 PIOc_freedecomp Exit - MemInfo: [/proc/self/status]	VmStk:	     144 kB
20220312 054201.272 INFO             PET0 PIOc_freedecomp Exit - MemInfo: [/proc/self/status]	VmExe:	     424 kB
20220312 054201.272 INFO             PET0 PIOc_freedecomp Exit - MemInfo: [/proc/self/status]	VmLib:	   83112 kB
20220312 054201.272 INFO             PET0 PIOc_freedecomp Exit - MemInfo: [/proc/self/status]	VmPTE:	     976 kB
20220312 054201.272 INFO             PET0 PIOc_freedecomp Exit - MemInfo: [/proc/self/status]	VmSwap:	       0 kB
20220312 054201.272 INFO             PET0 PIOc_freedecomp Exit - MemInfo: [/proc/self/status]	VmRSSPercent: 0.0203072 %
20220312 054201.272 INFO             PET0 PIOc_freedecomp Exit - MemInfo: [malloc] Non-mmapped space allocated:                11972608 Byte
20220312 054201.272 INFO             PET0 PIOc_freedecomp Exit - MemInfo: [malloc] Space allocated in mmapped regions:          1581056 Byte
20220312 054201.272 INFO             PET0 PIOc_freedecomp Exit - MemInfo: [malloc] Maximum total allocated space:                     0 Byte
20220312 054201.272 INFO             PET0 PIOc_freedecomp Exit - MemInfo: [malloc] Space in freed fastbin blocks:                  3344 Byte
20220312 054201.272 INFO             PET0 PIOc_freedecomp Exit - MemInfo: [malloc] Total allocated space:                       2659408 Byte
20220312 054201.272 INFO             PET0 PIOc_freedecomp Exit - MemInfo: [malloc] Total free space:                            9313200 Byte
20220312 054201.272 INFO             PET0 PIOc_freedecomp Exit - MemInfo: [malloc] Top-most, releasable space:                  9047696 Byte
20220312 054201.272 INFO             PET0 PIOc_freedecomp Exit - MemInfo: [malloc] Total space in use, mmap + non-mmap:         4240464 Byte
20220312 054201.272 INFO             PET0 PIOc_freedecomp Exit - MemInfo: [malloc] Total space held (mmap + non-mmap):         13553664 Byte
20220312 054201.272 INFO             PET0 PIOc_freedecomp Exit - MemInfo: [malloc] Total space used (mmap + non-mmap):          4249808 Byte
20220312 054201.272 INFO             PET0 PIOc_freedecomp Exit - MemInfo: Wall-clock time since execution start:              0.0619931 seconds
20220312 054201.275 INFO             PET0 PIOc_sync Enter - MemInfo: [/proc/meminfo - SSI]	MemTotal:       196442820 kB
20220312 054201.275 INFO             PET0 PIOc_sync Enter - MemInfo: [/proc/meminfo - SSI]	MemFree:        186880288 kB
20220312 054201.275 INFO             PET0 PIOc_sync Enter - MemInfo: [/proc/meminfo - SSI]	MemAvailable:   191705944 kB
20220312 054201.275 INFO             PET0 PIOc_sync Enter - MemInfo: [/proc/meminfo - SSI]	Committed_AS:     654820 kB
20220312 054201.275 INFO             PET0 PIOc_sync Enter - MemInfo: [/proc/meminfo - SSI]	CommittedPercent: 0.333339 %
20220312 054201.275 INFO             PET0 PIOc_sync Enter - MemInfo: [/proc/self/status]	VmPeak:	  678152 kB
20220312 054201.275 INFO             PET0 PIOc_sync Enter - MemInfo: [/proc/self/status]	VmSize:	  678080 kB
20220312 054201.275 INFO             PET0 PIOc_sync Enter - MemInfo: [/proc/self/status]	VmLck:	       0 kB
20220312 054201.275 INFO             PET0 PIOc_sync Enter - MemInfo: [/proc/self/status]	VmPin:	       0 kB
20220312 054201.275 INFO             PET0 PIOc_sync Enter - MemInfo: [/proc/self/status]	VmHWM:	   71736 kB
20220312 054201.275 INFO             PET0 PIOc_sync Enter - MemInfo: [/proc/self/status]	VmRSS:	   40036 kB
20220312 054201.275 INFO             PET0 PIOc_sync Enter - MemInfo: [/proc/self/status]	VmData:	  195196 kB
20220312 054201.275 INFO             PET0 PIOc_sync Enter - MemInfo: [/proc/self/status]	VmStk:	     144 kB
20220312 054201.275 INFO             PET0 PIOc_sync Enter - MemInfo: [/proc/self/status]	VmExe:	     424 kB
20220312 054201.275 INFO             PET0 PIOc_sync Enter - MemInfo: [/proc/self/status]	VmLib:	   83112 kB
20220312 054201.275 INFO             PET0 PIOc_sync Enter - MemInfo: [/proc/self/status]	VmPTE:	     976 kB
20220312 054201.275 INFO             PET0 PIOc_sync Enter - MemInfo: [/proc/self/status]	VmSwap:	       0 kB
20220312 054201.275 INFO             PET0 PIOc_sync Enter - MemInfo: [/proc/self/status]	VmRSSPercent: 0.0203805 %
20220312 054201.275 INFO             PET0 PIOc_sync Enter - MemInfo: [malloc] Non-mmapped space allocated:                11972608 Byte
20220312 054201.275 INFO             PET0 PIOc_sync Enter - MemInfo: [malloc] Space allocated in mmapped regions:          1581056 Byte
20220312 054201.275 INFO             PET0 PIOc_sync Enter - MemInfo: [malloc] Maximum total allocated space:                     0 Byte
20220312 054201.275 INFO             PET0 PIOc_sync Enter - MemInfo: [malloc] Space in freed fastbin blocks:                  1712 Byte
20220312 054201.275 INFO             PET0 PIOc_sync Enter - MemInfo: [malloc] Total allocated space:                      11594880 Byte
20220312 054201.275 INFO             PET0 PIOc_sync Enter - MemInfo: [malloc] Total free space:                             377728 Byte
20220312 054201.275 INFO             PET0 PIOc_sync Enter - MemInfo: [malloc] Top-most, releasable space:                   134768 Byte
20220312 054201.275 INFO             PET0 PIOc_sync Enter - MemInfo: [malloc] Total space in use, mmap + non-mmap:        13175936 Byte
20220312 054201.275 INFO             PET0 PIOc_sync Enter - MemInfo: [malloc] Total space held (mmap + non-mmap):         13553664 Byte
20220312 054201.275 INFO             PET0 PIOc_sync Enter - MemInfo: [malloc] Total space used (mmap + non-mmap):         13185280 Byte
20220312 054201.275 INFO             PET0 PIOc_sync Enter - MemInfo: Wall-clock time since execution start:              0.0651037 seconds
20220312 054201.276 INFO             PET0 PIOc_sync Exit - MemInfo: [/proc/meminfo - SSI]	MemTotal:       196442820 kB
20220312 054201.276 INFO             PET0 PIOc_sync Exit - MemInfo: [/proc/meminfo - SSI]	MemFree:        186880288 kB
20220312 054201.276 INFO             PET0 PIOc_sync Exit - MemInfo: [/proc/meminfo - SSI]	MemAvailable:   191705944 kB
20220312 054201.276 INFO             PET0 PIOc_sync Exit - MemInfo: [/proc/meminfo - SSI]	Committed_AS:     654820 kB
20220312 054201.276 INFO             PET0 PIOc_sync Exit - MemInfo: [/proc/meminfo - SSI]	CommittedPercent: 0.333339 %
20220312 054201.276 INFO             PET0 PIOc_sync Exit - MemInfo: [/proc/self/status]	VmPeak:	  678152 kB
20220312 054201.276 INFO             PET0 PIOc_sync Exit - MemInfo: [/proc/self/status]	VmSize:	  678080 kB
20220312 054201.276 INFO             PET0 PIOc_sync Exit - MemInfo: [/proc/self/status]	VmLck:	       0 kB
20220312 054201.276 INFO             PET0 PIOc_sync Exit - MemInfo: [/proc/self/status]	VmPin:	       0 kB
20220312 054201.276 INFO             PET0 PIOc_sync Exit - MemInfo: [/proc/self/status]	VmHWM:	   71736 kB
20220312 054201.276 INFO             PET0 PIOc_sync Exit - MemInfo: [/proc/self/status]	VmRSS:	   40036 kB
20220312 054201.276 INFO             PET0 PIOc_sync Exit - MemInfo: [/proc/self/status]	VmData:	  195196 kB
20220312 054201.276 INFO             PET0 PIOc_sync Exit - MemInfo: [/proc/self/status]	VmStk:	     144 kB
20220312 054201.276 INFO             PET0 PIOc_sync Exit - MemInfo: [/proc/self/status]	VmExe:	     424 kB
20220312 054201.276 INFO             PET0 PIOc_sync Exit - MemInfo: [/proc/self/status]	VmLib:	   83112 kB
20220312 054201.276 INFO             PET0 PIOc_sync Exit - MemInfo: [/proc/self/status]	VmPTE:	     976 kB
20220312 054201.276 INFO             PET0 PIOc_sync Exit - MemInfo: [/proc/self/status]	VmSwap:	       0 kB
20220312 054201.276 INFO             PET0 PIOc_sync Exit - MemInfo: [/proc/self/status]	VmRSSPercent: 0.0203805 %
20220312 054201.276 INFO             PET0 PIOc_sync Exit - MemInfo: [malloc] Non-mmapped space allocated:                11972608 Byte
20220312 054201.276 INFO             PET0 PIOc_sync Exit - MemInfo: [malloc] Space allocated in mmapped regions:          1581056 Byte
20220312 054201.276 INFO             PET0 PIOc_sync Exit - MemInfo: [malloc] Maximum total allocated space:                     0 Byte
20220312 054201.276 INFO             PET0 PIOc_sync Exit - MemInfo: [malloc] Space in freed fastbin blocks:                  1824 Byte
20220312 054201.276 INFO             PET0 PIOc_sync Exit - MemInfo: [malloc] Total allocated space:                      11603200 Byte
20220312 054201.276 INFO             PET0 PIOc_sync Exit - MemInfo: [malloc] Total free space:                             369408 Byte
20220312 054201.276 INFO             PET0 PIOc_sync Exit - MemInfo: [malloc] Top-most, releasable space:                   134768 Byte
20220312 054201.276 INFO             PET0 PIOc_sync Exit - MemInfo: [malloc] Total space in use, mmap + non-mmap:        13184256 Byte
20220312 054201.276 INFO             PET0 PIOc_sync Exit - MemInfo: [malloc] Total space held (mmap + non-mmap):         13553664 Byte
20220312 054201.276 INFO             PET0 PIOc_sync Exit - MemInfo: [malloc] Total space used (mmap + non-mmap):         13193600 Byte
20220312 054201.276 INFO             PET0 PIOc_sync Exit - MemInfo: Wall-clock time since execution start:              0.0658449 seconds
20220312 054201.277 INFO             PET0 PIOc_freedecomp Enter - MemInfo: [/proc/meminfo - SSI]	MemTotal:       196442820 kB
20220312 054201.277 INFO             PET0 PIOc_freedecomp Enter - MemInfo: [/proc/meminfo - SSI]	MemFree:        186880288 kB
20220312 054201.277 INFO             PET0 PIOc_freedecomp Enter - MemInfo: [/proc/meminfo - SSI]	MemAvailable:   191705944 kB
20220312 054201.277 INFO             PET0 PIOc_freedecomp Enter - MemInfo: [/proc/meminfo - SSI]	Committed_AS:     654820 kB
20220312 054201.277 INFO             PET0 PIOc_freedecomp Enter - MemInfo: [/proc/meminfo - SSI]	CommittedPercent: 0.333339 %
20220312 054201.277 INFO             PET0 PIOc_freedecomp Enter - MemInfo: [/proc/self/status]	VmPeak:	  678152 kB
20220312 054201.277 INFO             PET0 PIOc_freedecomp Enter - MemInfo: [/proc/self/status]	VmSize:	  678080 kB
20220312 054201.277 INFO             PET0 PIOc_freedecomp Enter - MemInfo: [/proc/self/status]	VmLck:	       0 kB
20220312 054201.277 INFO             PET0 PIOc_freedecomp Enter - MemInfo: [/proc/self/status]	VmPin:	       0 kB
20220312 054201.277 INFO             PET0 PIOc_freedecomp Enter - MemInfo: [/proc/self/status]	VmHWM:	   71736 kB
20220312 054201.277 INFO             PET0 PIOc_freedecomp Enter - MemInfo: [/proc/self/status]	VmRSS:	   40036 kB
20220312 054201.277 INFO             PET0 PIOc_freedecomp Enter - MemInfo: [/proc/self/status]	VmData:	  195196 kB
20220312 054201.277 INFO             PET0 PIOc_freedecomp Enter - MemInfo: [/proc/self/status]	VmStk:	     144 kB
20220312 054201.277 INFO             PET0 PIOc_freedecomp Enter - MemInfo: [/proc/self/status]	VmExe:	     424 kB
20220312 054201.277 INFO             PET0 PIOc_freedecomp Enter - MemInfo: [/proc/self/status]	VmLib:	   83112 kB
20220312 054201.277 INFO             PET0 PIOc_freedecomp Enter - MemInfo: [/proc/self/status]	VmPTE:	     976 kB
20220312 054201.277 INFO             PET0 PIOc_freedecomp Enter - MemInfo: [/proc/self/status]	VmSwap:	       0 kB
20220312 054201.277 INFO             PET0 PIOc_freedecomp Enter - MemInfo: [/proc/self/status]	VmRSSPercent: 0.0203805 %
20220312 054201.277 INFO             PET0 PIOc_freedecomp Enter - MemInfo: [malloc] Non-mmapped space allocated:                11972608 Byte
20220312 054201.277 INFO             PET0 PIOc_freedecomp Enter - MemInfo: [malloc] Space allocated in mmapped regions:          1581056 Byte
