build time -- 2022-03-13 03:22:09
20220313 033105.881 INFO             PET0 !!!!!!!!!!!!!!!!!!!!!!!!!!!!!!!!!!!!!!!!!!!!!!!!!!!!!!
20220313 033105.881 INFO             PET0 !!! THE ESMF_LOG IS SET TO OUTPUT ALL LOG MESSAGES !!!
20220313 033105.881 INFO             PET0 !!!     THIS MAY CAUSE SLOWDOWN IN PERFORMANCE     !!!
20220313 033105.881 INFO             PET0 !!! FOR PRODUCTION RUNS, USE:                      !!!
20220313 033105.881 INFO             PET0 !!!                   ESMF_LOGKIND_Multi_On_Error  !!!
20220313 033105.881 INFO             PET0 !!!!!!!!!!!!!!!!!!!!!!!!!!!!!!!!!!!!!!!!!!!!!!!!!!!!!!
20220313 033105.881 INFO             PET0 Running with ESMF Version   : v8.3.0b09-96-g559b459
20220313 033105.881 INFO             PET0 ESMF library build date/time: "Mar 13 2022" "03:20:48"
20220313 033105.881 INFO             PET0 ESMF library build location : /work/noaa/da/mpotts/sandbox/gfortran_8.3.0_openmpi_g_jedwards_pio_update2
20220313 033105.881 INFO             PET0 ESMF_COMM                   : openmpi
20220313 033105.897 INFO             PET0 ESMF_MOAB                   : enabled
20220313 033105.897 INFO             PET0 ESMF_LAPACK                 : enabled
20220313 033105.897 INFO             PET0 ESMF_NETCDF                 : enabled
20220313 033105.897 INFO             PET0 ESMF_PNETCDF                : disabled
20220313 033105.897 INFO             PET0 ESMF_PIO                    : enabled
20220313 033105.897 INFO             PET0 ESMF_YAMLCPP                : enabled
20220313 033105.897 INFO             PET0  Beginning Test, file ESMF_ArrayBundleIOUTest.F90, line 70
20220313 033105.897 INFO             PET0  NUMBER_OF_PROCESSORS           4
20220313 033105.898 INFO             PET0  PASS  ArrayCreate Allocate 2D ESMF_TYPEKIND_R8 Test, ESMF_ArrayBundleIOUTest.F90, line 109
20220313 033105.899 INFO             PET0  PASS  Obtain real Fortran Array Pointer for array 1, ESMF_ArrayBundleIOUTest.F90, line 117
20220313 033105.899 INFO             PET0  PASS  ArrayCreate Allocate 2D ESMF_TYPEKIND_I4 Test, ESMF_ArrayBundleIOUTest.F90, line 125
20220313 033105.899 INFO             PET0  PASS  Obtain integer Fortran Array Pointer for array 2, ESMF_ArrayBundleIOUTest.F90, line 133
20220313 033105.899 INFO             PET0  PASS  ArrayCreate Allocate 3D ESMF_TYPEKIND_I4 Test, ESMF_ArrayBundleIOUTest.F90, line 141
20220313 033105.899 INFO             PET0  PASS  Obtain Integer Fortran Array Pointer for array 2, ESMF_ArrayBundleIOUTest.F90, line 149
20220313 033105.899 INFO             PET0  PASS  ArrayBundleCreate Test, ESMF_ArrayBundleIOUTest.F90, line 158
20220313 033105.907 INFO             PET0 PIOc_sync Enter - MemInfo: [/proc/meminfo - SSI]	MemTotal:       196434604 kB
20220313 033105.907 INFO             PET0 PIOc_sync Enter - MemInfo: [/proc/meminfo - SSI]	MemFree:        184346884 kB
20220313 033105.907 INFO             PET0 PIOc_sync Enter - MemInfo: [/proc/meminfo - SSI]	MemAvailable:   191831072 kB
20220313 033105.907 INFO             PET0 PIOc_sync Enter - MemInfo: [/proc/meminfo - SSI]	Committed_AS:     667704 kB
20220313 033105.907 INFO             PET0 PIOc_sync Enter - MemInfo: [/proc/meminfo - SSI]	CommittedPercent: 0.339912 %
20220313 033105.907 INFO             PET0 PIOc_sync Enter - MemInfo: [/proc/self/status]	VmPeak:	  677924 kB
20220313 033105.907 INFO             PET0 PIOc_sync Enter - MemInfo: [/proc/self/status]	VmSize:	  677924 kB
20220313 033105.907 INFO             PET0 PIOc_sync Enter - MemInfo: [/proc/self/status]	VmLck:	       0 kB
20220313 033105.907 INFO             PET0 PIOc_sync Enter - MemInfo: [/proc/self/status]	VmPin:	       0 kB
20220313 033105.907 INFO             PET0 PIOc_sync Enter - MemInfo: [/proc/self/status]	VmHWM:	   71744 kB
20220313 033105.907 INFO             PET0 PIOc_sync Enter - MemInfo: [/proc/self/status]	VmRSS:	   38492 kB
20220313 033105.907 INFO             PET0 PIOc_sync Enter - MemInfo: [/proc/self/status]	VmData:	  195108 kB
20220313 033105.907 INFO             PET0 PIOc_sync Enter - MemInfo: [/proc/self/status]	VmStk:	     144 kB
20220313 033105.907 INFO             PET0 PIOc_sync Enter - MemInfo: [/proc/self/status]	VmExe:	     356 kB
20220313 033105.907 INFO             PET0 PIOc_sync Enter - MemInfo: [/proc/self/status]	VmLib:	   83112 kB
20220313 033105.907 INFO             PET0 PIOc_sync Enter - MemInfo: [/proc/self/status]	VmPTE:	     944 kB
20220313 033105.907 INFO             PET0 PIOc_sync Enter - MemInfo: [/proc/self/status]	VmSwap:	       0 kB
20220313 033105.907 INFO             PET0 PIOc_sync Enter - MemInfo: [/proc/self/status]	VmRSSPercent: 0.0195953 %
20220313 033105.908 INFO             PET0 PIOc_sync Enter - MemInfo: [malloc] Non-mmapped space allocated:                 2961408 Byte
20220313 033105.908 INFO             PET0 PIOc_sync Enter - MemInfo: [malloc] Space allocated in mmapped regions:         10502144 Byte
20220313 033105.908 INFO             PET0 PIOc_sync Enter - MemInfo: [malloc] Maximum total allocated space:                     0 Byte
20220313 033105.908 INFO             PET0 PIOc_sync Enter - MemInfo: [malloc] Space in freed fastbin blocks:                  1056 Byte
20220313 033105.908 INFO             PET0 PIOc_sync Enter - MemInfo: [malloc] Total allocated space:                       2672880 Byte
20220313 033105.908 INFO             PET0 PIOc_sync Enter - MemInfo: [malloc] Total free space:                             288528 Byte
20220313 033105.908 INFO             PET0 PIOc_sync Enter - MemInfo: [malloc] Top-most, releasable space:                    82256 Byte
20220313 033105.908 INFO             PET0 PIOc_sync Enter - MemInfo: [malloc] Total space in use, mmap + non-mmap:        13175024 Byte
20220313 033105.908 INFO             PET0 PIOc_sync Enter - MemInfo: [malloc] Total space held (mmap + non-mmap):         13463552 Byte
20220313 033105.908 INFO             PET0 PIOc_sync Enter - MemInfo: [malloc] Total space used (mmap + non-mmap):         13184384 Byte
20220313 033105.908 INFO             PET0 PIOc_sync Enter - MemInfo: Wall-clock time since execution start:               0.187267 seconds
20220313 033105.908 INFO             PET0 PIOc_sync Exit - MemInfo: [/proc/meminfo - SSI]	MemTotal:       196434604 kB
20220313 033105.908 INFO             PET0 PIOc_sync Exit - MemInfo: [/proc/meminfo - SSI]	MemFree:        184346884 kB
20220313 033105.908 INFO             PET0 PIOc_sync Exit - MemInfo: [/proc/meminfo - SSI]	MemAvailable:   191831072 kB
20220313 033105.908 INFO             PET0 PIOc_sync Exit - MemInfo: [/proc/meminfo - SSI]	Committed_AS:     667704 kB
20220313 033105.908 INFO             PET0 PIOc_sync Exit - MemInfo: [/proc/meminfo - SSI]	CommittedPercent: 0.339912 %
20220313 033105.908 INFO             PET0 PIOc_sync Exit - MemInfo: [/proc/self/status]	VmPeak:	  678240 kB
20220313 033105.908 INFO             PET0 PIOc_sync Exit - MemInfo: [/proc/self/status]	VmSize:	  678240 kB
20220313 033105.908 INFO             PET0 PIOc_sync Exit - MemInfo: [/proc/self/status]	VmLck:	       0 kB
20220313 033105.908 INFO             PET0 PIOc_sync Exit - MemInfo: [/proc/self/status]	VmPin:	       0 kB
20220313 033105.908 INFO             PET0 PIOc_sync Exit - MemInfo: [/proc/self/status]	VmHWM:	   71744 kB
20220313 033105.908 INFO             PET0 PIOc_sync Exit - MemInfo: [/proc/self/status]	VmRSS:	   38792 kB
20220313 033105.908 INFO             PET0 PIOc_sync Exit - MemInfo: [/proc/self/status]	VmData:	  195424 kB
20220313 033105.908 INFO             PET0 PIOc_sync Exit - MemInfo: [/proc/self/status]	VmStk:	     144 kB
20220313 033105.908 INFO             PET0 PIOc_sync Exit - MemInfo: [/proc/self/status]	VmExe:	     356 kB
20220313 033105.908 INFO             PET0 PIOc_sync Exit - MemInfo: [/proc/self/status]	VmLib:	   83112 kB
20220313 033105.908 INFO             PET0 PIOc_sync Exit - MemInfo: [/proc/self/status]	VmPTE:	     944 kB
20220313 033105.908 INFO             PET0 PIOc_sync Exit - MemInfo: [/proc/self/status]	VmSwap:	       0 kB
20220313 033105.908 INFO             PET0 PIOc_sync Exit - MemInfo: [/proc/self/status]	VmRSSPercent: 0.019748 %
20220313 033105.908 INFO             PET0 PIOc_sync Exit - MemInfo: [malloc] Non-mmapped space allocated:                 3284992 Byte
20220313 033105.908 INFO             PET0 PIOc_sync Exit - MemInfo: [malloc] Space allocated in mmapped regions:         10502144 Byte
20220313 033105.908 INFO             PET0 PIOc_sync Exit - MemInfo: [malloc] Maximum total allocated space:                     0 Byte
20220313 033105.908 INFO             PET0 PIOc_sync Exit - MemInfo: [malloc] Space in freed fastbin blocks:                  1040 Byte
20220313 033105.908 INFO             PET0 PIOc_sync Exit - MemInfo: [malloc] Total allocated space:                       2865152 Byte
20220313 033105.909 INFO             PET0 PIOc_sync Exit - MemInfo: [malloc] Total free space:                             419840 Byte
20220313 033105.909 INFO             PET0 PIOc_sync Exit - MemInfo: [malloc] Top-most, releasable space:                   204624 Byte
20220313 033105.909 INFO             PET0 PIOc_sync Exit - MemInfo: [malloc] Total space in use, mmap + non-mmap:        13367296 Byte
20220313 033105.909 INFO             PET0 PIOc_sync Exit - MemInfo: [malloc] Total space held (mmap + non-mmap):         13787136 Byte
20220313 033105.909 INFO             PET0 PIOc_sync Exit - MemInfo: [malloc] Total space used (mmap + non-mmap):         13376640 Byte
20220313 033105.909 INFO             PET0 PIOc_sync Exit - MemInfo: Wall-clock time since execution start:               0.188213 seconds
20220313 033105.909 INFO             PET0 PIOc_freedecomp Enter - MemInfo: [/proc/meminfo - SSI]	MemTotal:       196434604 kB
20220313 033105.909 INFO             PET0 PIOc_freedecomp Enter - MemInfo: [/proc/meminfo - SSI]	MemFree:        184354020 kB
20220313 033105.909 INFO             PET0 PIOc_freedecomp Enter - MemInfo: [/proc/meminfo - SSI]	MemAvailable:   191838208 kB
20220313 033105.909 INFO             PET0 PIOc_freedecomp Enter - MemInfo: [/proc/meminfo - SSI]	Committed_AS:     659824 kB
20220313 033105.909 INFO             PET0 PIOc_freedecomp Enter - MemInfo: [/proc/meminfo - SSI]	CommittedPercent: 0.3359 %
20220313 033105.909 INFO             PET0 PIOc_freedecomp Enter - MemInfo: [/proc/self/status]	VmPeak:	  678240 kB
20220313 033105.909 INFO             PET0 PIOc_freedecomp Enter - MemInfo: [/proc/self/status]	VmSize:	  669528 kB
20220313 033105.909 INFO             PET0 PIOc_freedecomp Enter - MemInfo: [/proc/self/status]	VmLck:	       0 kB
20220313 033105.909 INFO             PET0 PIOc_freedecomp Enter - MemInfo: [/proc/self/status]	VmPin:	       0 kB
20220313 033105.909 INFO             PET0 PIOc_freedecomp Enter - MemInfo: [/proc/self/status]	VmHWM:	   71744 kB
20220313 033105.909 INFO             PET0 PIOc_freedecomp Enter - MemInfo: [/proc/self/status]	VmRSS:	   30592 kB
20220313 033105.909 INFO             PET0 PIOc_freedecomp Enter - MemInfo: [/proc/self/status]	VmData:	  186712 kB
20220313 033105.909 INFO             PET0 PIOc_freedecomp Enter - MemInfo: [/proc/self/status]	VmStk:	     144 kB
20220313 033105.909 INFO             PET0 PIOc_freedecomp Enter - MemInfo: [/proc/self/status]	VmExe:	     356 kB
20220313 033105.909 INFO             PET0 PIOc_freedecomp Enter - MemInfo: [/proc/self/status]	VmLib:	   83112 kB
20220313 033105.909 INFO             PET0 PIOc_freedecomp Enter - MemInfo: [/proc/self/status]	VmPTE:	     928 kB
20220313 033105.909 INFO             PET0 PIOc_freedecomp Enter - MemInfo: [/proc/self/status]	VmSwap:	       0 kB
20220313 033105.909 INFO             PET0 PIOc_freedecomp Enter - MemInfo: [/proc/self/status]	VmRSSPercent: 0.0155736 %
20220313 033105.909 INFO             PET0 PIOc_freedecomp Enter - MemInfo: [malloc] Non-mmapped space allocated:                 3284992 Byte
20220313 033105.909 INFO             PET0 PIOc_freedecomp Enter - MemInfo: [malloc] Space allocated in mmapped regions:          1581056 Byte
20220313 033105.909 INFO             PET0 PIOc_freedecomp Enter - MemInfo: [malloc] Maximum total allocated space:                     0 Byte
20220313 033105.909 INFO             PET0 PIOc_freedecomp Enter - MemInfo: [malloc] Space in freed fastbin blocks:                  3776 Byte
20220313 033105.909 INFO             PET0 PIOc_freedecomp Enter - MemInfo: [malloc] Total allocated space:                       2850384 Byte
20220313 033105.910 INFO             PET0 PIOc_freedecomp Enter - MemInfo: [malloc] Total free space:                             434608 Byte
20220313 033105.910 INFO             PET0 PIOc_freedecomp Enter - MemInfo: [malloc] Top-most, releasable space:                   204624 Byte
20220313 033105.910 INFO             PET0 PIOc_freedecomp Enter - MemInfo: [malloc] Total space in use, mmap + non-mmap:         4431440 Byte
20220313 033105.910 INFO             PET0 PIOc_freedecomp Enter - MemInfo: [malloc] Total space held (mmap + non-mmap):          4866048 Byte
20220313 033105.910 INFO             PET0 PIOc_freedecomp Enter - MemInfo: [malloc] Total space used (mmap + non-mmap):          4440784 Byte
20220313 033105.910 INFO             PET0 PIOc_freedecomp Enter - MemInfo: Wall-clock time since execution start:               0.189218 seconds
20220313 033105.910 INFO             PET0 PIOc_freedecomp Exit - MemInfo: [/proc/meminfo - SSI]	MemTotal:       196434604 kB
20220313 033105.910 INFO             PET0 PIOc_freedecomp Exit - MemInfo: [/proc/meminfo - SSI]	MemFree:        184354020 kB
20220313 033105.910 INFO             PET0 PIOc_freedecomp Exit - MemInfo: [/proc/meminfo - SSI]	MemAvailable:   191838208 kB
20220313 033105.910 INFO             PET0 PIOc_freedecomp Exit - MemInfo: [/proc/meminfo - SSI]	Committed_AS:     659824 kB
20220313 033105.910 INFO             PET0 PIOc_freedecomp Exit - MemInfo: [/proc/meminfo - SSI]	CommittedPercent: 0.3359 %
20220313 033105.910 INFO             PET0 PIOc_freedecomp Exit - MemInfo: [/proc/self/status]	VmPeak:	  678240 kB
20220313 033105.910 INFO             PET0 PIOc_freedecomp Exit - MemInfo: [/proc/self/status]	VmSize:	  669528 kB
20220313 033105.910 INFO             PET0 PIOc_freedecomp Exit - MemInfo: [/proc/self/status]	VmLck:	       0 kB
20220313 033105.910 INFO             PET0 PIOc_freedecomp Exit - MemInfo: [/proc/self/status]	VmPin:	       0 kB
20220313 033105.910 INFO             PET0 PIOc_freedecomp Exit - MemInfo: [/proc/self/status]	VmHWM:	   71744 kB
20220313 033105.910 INFO             PET0 PIOc_freedecomp Exit - MemInfo: [/proc/self/status]	VmRSS:	   30592 kB
20220313 033105.910 INFO             PET0 PIOc_freedecomp Exit - MemInfo: [/proc/self/status]	VmData:	  186712 kB
20220313 033105.910 INFO             PET0 PIOc_freedecomp Exit - MemInfo: [/proc/self/status]	VmStk:	     144 kB
20220313 033105.910 INFO             PET0 PIOc_freedecomp Exit - MemInfo: [/proc/self/status]	VmExe:	     356 kB
20220313 033105.910 INFO             PET0 PIOc_freedecomp Exit - MemInfo: [/proc/self/status]	VmLib:	   83112 kB
20220313 033105.910 INFO             PET0 PIOc_freedecomp Exit - MemInfo: [/proc/self/status]	VmPTE:	     928 kB
20220313 033105.910 INFO             PET0 PIOc_freedecomp Exit - MemInfo: [/proc/self/status]	VmSwap:	       0 kB
20220313 033105.910 INFO             PET0 PIOc_freedecomp Exit - MemInfo: [/proc/self/status]	VmRSSPercent: 0.0155736 %
20220313 033105.910 INFO             PET0 PIOc_freedecomp Exit - MemInfo: [malloc] Non-mmapped space allocated:                 3284992 Byte
20220313 033105.910 INFO             PET0 PIOc_freedecomp Exit - MemInfo: [malloc] Space allocated in mmapped regions:          1581056 Byte
20220313 033105.910 INFO             PET0 PIOc_freedecomp Exit - MemInfo: [malloc] Maximum total allocated space:                     0 Byte
20220313 033105.910 INFO             PET0 PIOc_freedecomp Exit - MemInfo: [malloc] Space in freed fastbin blocks:                  1264 Byte
20220313 033105.910 INFO             PET0 PIOc_freedecomp Exit - MemInfo: [malloc] Total allocated space:                       2721744 Byte
20220313 033105.910 INFO             PET0 PIOc_freedecomp Exit - MemInfo: [malloc] Total free space:                             563248 Byte
20220313 033105.910 INFO             PET0 PIOc_freedecomp Exit - MemInfo: [malloc] Top-most, releasable space:                   328880 Byte
20220313 033105.910 INFO             PET0 PIOc_freedecomp Exit - MemInfo: [malloc] Total space in use, mmap + non-mmap:         4302800 Byte
20220313 033105.910 INFO             PET0 PIOc_freedecomp Exit - MemInfo: [malloc] Total space held (mmap + non-mmap):          4866048 Byte
20220313 033105.910 INFO             PET0 PIOc_freedecomp Exit - MemInfo: [malloc] Total space used (mmap + non-mmap):          4312144 Byte
20220313 033105.910 INFO             PET0 PIOc_freedecomp Exit - MemInfo: Wall-clock time since execution start:               0.189606 seconds
20220313 033105.910 INFO             PET0 PIOc_freedecomp Enter - MemInfo: [/proc/meminfo - SSI]	MemTotal:       196434604 kB
20220313 033105.910 INFO             PET0 PIOc_freedecomp Enter - MemInfo: [/proc/meminfo - SSI]	MemFree:        184354020 kB
20220313 033105.910 INFO             PET0 PIOc_freedecomp Enter - MemInfo: [/proc/meminfo - SSI]	MemAvailable:   191838208 kB
20220313 033105.910 INFO             PET0 PIOc_freedecomp Enter - MemInfo: [/proc/meminfo - SSI]	Committed_AS:     659824 kB
20220313 033105.910 INFO             PET0 PIOc_freedecomp Enter - MemInfo: [/proc/meminfo - SSI]	CommittedPercent: 0.3359 %
20220313 033105.910 INFO             PET0 PIOc_freedecomp Enter - MemInfo: [/proc/self/status]	VmPeak:	  678240 kB
20220313 033105.910 INFO             PET0 PIOc_freedecomp Enter - MemInfo: [/proc/self/status]	VmSize:	  669528 kB
20220313 033105.910 INFO             PET0 PIOc_freedecomp Enter - MemInfo: [/proc/self/status]	VmLck:	       0 kB
20220313 033105.910 INFO             PET0 PIOc_freedecomp Enter - MemInfo: [/proc/self/status]	VmPin:	       0 kB
20220313 033105.910 INFO             PET0 PIOc_freedecomp Enter - MemInfo: [/proc/self/status]	VmHWM:	   71744 kB
20220313 033105.910 INFO             PET0 PIOc_freedecomp Enter - MemInfo: [/proc/self/status]	VmRSS:	   30592 kB
20220313 033105.910 INFO             PET0 PIOc_freedecomp Enter - MemInfo: [/proc/self/status]	VmData:	  186712 kB
20220313 033105.910 INFO             PET0 PIOc_freedecomp Enter - MemInfo: [/proc/self/status]	VmStk:	     144 kB
20220313 033105.910 INFO             PET0 PIOc_freedecomp Enter - MemInfo: [/proc/self/status]	VmExe:	     356 kB
20220313 033105.910 INFO             PET0 PIOc_freedecomp Enter - MemInfo: [/proc/self/status]	VmLib:	   83112 kB
20220313 033105.910 INFO             PET0 PIOc_freedecomp Enter - MemInfo: [/proc/self/status]	VmPTE:	     928 kB
20220313 033105.910 INFO             PET0 PIOc_freedecomp Enter - MemInfo: [/proc/self/status]	VmSwap:	       0 kB
20220313 033105.910 INFO             PET0 PIOc_freedecomp Enter - MemInfo: [/proc/self/status]	VmRSSPercent: 0.0155736 %
20220313 033105.910 INFO             PET0 PIOc_freedecomp Enter - MemInfo: [malloc] Non-mmapped space allocated:                 3284992 Byte
20220313 033105.910 INFO             PET0 PIOc_freedecomp Enter - MemInfo: [malloc] Space allocated in mmapped regions:          1581056 Byte
20220313 033105.910 INFO             PET0 PIOc_freedecomp Enter - MemInfo: [malloc] Maximum total allocated space:                     0 Byte
20220313 033105.910 INFO             PET0 PIOc_freedecomp Enter - MemInfo: [malloc] Space in freed fastbin blocks:                  1984 Byte
20220313 033105.910 INFO             PET0 PIOc_freedecomp Enter - MemInfo: [malloc] Total allocated space:                       2721616 Byte
20220313 033105.910 INFO             PET0 PIOc_freedecomp Enter - MemInfo: [malloc] Total free space:                             563376 Byte
20220313 033105.910 INFO             PET0 PIOc_freedecomp Enter - MemInfo: [malloc] Top-most, releasable space:                   328880 Byte
20220313 033105.910 INFO             PET0 PIOc_freedecomp Enter - MemInfo: [malloc] Total space in use, mmap + non-mmap:         4302672 Byte
20220313 033105.910 INFO             PET0 PIOc_freedecomp Enter - MemInfo: [malloc] Total space held (mmap + non-mmap):          4866048 Byte
20220313 033105.910 INFO             PET0 PIOc_freedecomp Enter - MemInfo: [malloc] Total space used (mmap + non-mmap):          4312016 Byte
20220313 033105.910 INFO             PET0 PIOc_freedecomp Enter - MemInfo: Wall-clock time since execution start:               0.189942 seconds
20220313 033105.910 INFO             PET0 PIOc_freedecomp Exit - MemInfo: [/proc/meminfo - SSI]	MemTotal:       196434604 kB
20220313 033105.910 INFO             PET0 PIOc_freedecomp Exit - MemInfo: [/proc/meminfo - SSI]	MemFree:        184354020 kB
20220313 033105.910 INFO             PET0 PIOc_freedecomp Exit - MemInfo: [/proc/meminfo - SSI]	MemAvailable:   191838208 kB
20220313 033105.910 INFO             PET0 PIOc_freedecomp Exit - MemInfo: [/proc/meminfo - SSI]	Committed_AS:     659824 kB
20220313 033105.910 INFO             PET0 PIOc_freedecomp Exit - MemInfo: [/proc/meminfo - SSI]	CommittedPercent: 0.3359 %
20220313 033105.910 INFO             PET0 PIOc_freedecomp Exit - MemInfo: [/proc/self/status]	VmPeak:	  678240 kB
20220313 033105.910 INFO             PET0 PIOc_freedecomp Exit - MemInfo: [/proc/self/status]	VmSize:	  669528 kB
20220313 033105.910 INFO             PET0 PIOc_freedecomp Exit - MemInfo: [/proc/self/status]	VmLck:	       0 kB
20220313 033105.910 INFO             PET0 PIOc_freedecomp Exit - MemInfo: [/proc/self/status]	VmPin:	       0 kB
20220313 033105.910 INFO             PET0 PIOc_freedecomp Exit - MemInfo: [/proc/self/status]	VmHWM:	   71744 kB
20220313 033105.910 INFO             PET0 PIOc_freedecomp Exit - MemInfo: [/proc/self/status]	VmRSS:	   30592 kB
20220313 033105.911 INFO             PET0 PIOc_freedecomp Exit - MemInfo: [/proc/self/status]	VmData:	  186712 kB
20220313 033105.911 INFO             PET0 PIOc_freedecomp Exit - MemInfo: [/proc/self/status]	VmStk:	     144 kB
20220313 033105.911 INFO             PET0 PIOc_freedecomp Exit - MemInfo: [/proc/self/status]	VmExe:	     356 kB
20220313 033105.911 INFO             PET0 PIOc_freedecomp Exit - MemInfo: [/proc/self/status]	VmLib:	   83112 kB
20220313 033105.911 INFO             PET0 PIOc_freedecomp Exit - MemInfo: [/proc/self/status]	VmPTE:	     928 kB
20220313 033105.911 INFO             PET0 PIOc_freedecomp Exit - MemInfo: [/proc/self/status]	VmSwap:	       0 kB
20220313 033105.911 INFO             PET0 PIOc_freedecomp Exit - MemInfo: [/proc/self/status]	VmRSSPercent: 0.0155736 %
20220313 033105.911 INFO             PET0 PIOc_freedecomp Exit - MemInfo: [malloc] Non-mmapped space allocated:                 3284992 Byte
20220313 033105.911 INFO             PET0 PIOc_freedecomp Exit - MemInfo: [malloc] Space allocated in mmapped regions:          1581056 Byte
20220313 033105.911 INFO             PET0 PIOc_freedecomp Exit - MemInfo: [malloc] Maximum total allocated space:                     0 Byte
20220313 033105.911 INFO             PET0 PIOc_freedecomp Exit - MemInfo: [malloc] Space in freed fastbin blocks:                  1232 Byte
20220313 033105.911 INFO             PET0 PIOc_freedecomp Exit - MemInfo: [malloc] Total allocated space:                       2676528 Byte
20220313 033105.911 INFO             PET0 PIOc_freedecomp Exit - MemInfo: [malloc] Total free space:                             608464 Byte
20220313 033105.911 INFO             PET0 PIOc_freedecomp Exit - MemInfo: [malloc] Top-most, releasable space:                   366720 Byte
20220313 033105.911 INFO             PET0 PIOc_freedecomp Exit - MemInfo: [malloc] Total space in use, mmap + non-mmap:         4257584 Byte
20220313 033105.911 INFO             PET0 PIOc_freedecomp Exit - MemInfo: [malloc] Total space held (mmap + non-mmap):          4866048 Byte
20220313 033105.911 INFO             PET0 PIOc_freedecomp Exit - MemInfo: [malloc] Total space used (mmap + non-mmap):          4266928 Byte
20220313 033105.911 INFO             PET0 PIOc_freedecomp Exit - MemInfo: Wall-clock time since execution start:               0.190293 seconds
20220313 033105.911 INFO             PET0 PIOc_freedecomp Enter - MemInfo: [/proc/meminfo - SSI]	MemTotal:       196434604 kB
20220313 033105.911 INFO             PET0 PIOc_freedecomp Enter - MemInfo: [/proc/meminfo - SSI]	MemFree:        184354020 kB
20220313 033105.911 INFO             PET0 PIOc_freedecomp Enter - MemInfo: [/proc/meminfo - SSI]	MemAvailable:   191838208 kB
20220313 033105.911 INFO             PET0 PIOc_freedecomp Enter - MemInfo: [/proc/meminfo - SSI]	Committed_AS:     659824 kB
20220313 033105.911 INFO             PET0 PIOc_freedecomp Enter - MemInfo: [/proc/meminfo - SSI]	CommittedPercent: 0.3359 %
20220313 033105.911 INFO             PET0 PIOc_freedecomp Enter - MemInfo: [/proc/self/status]	VmPeak:	  678240 kB
20220313 033105.911 INFO             PET0 PIOc_freedecomp Enter - MemInfo: [/proc/self/status]	VmSize:	  669528 kB
20220313 033105.911 INFO             PET0 PIOc_freedecomp Enter - MemInfo: [/proc/self/status]	VmLck:	       0 kB
20220313 033105.911 INFO             PET0 PIOc_freedecomp Enter - MemInfo: [/proc/self/status]	VmPin:	       0 kB
20220313 033105.911 INFO             PET0 PIOc_freedecomp Enter - MemInfo: [/proc/self/status]	VmHWM:	   71744 kB
20220313 033105.911 INFO             PET0 PIOc_freedecomp Enter - MemInfo: [/proc/self/status]	VmRSS:	   30592 kB
20220313 033105.911 INFO             PET0 PIOc_freedecomp Enter - MemInfo: [/proc/self/status]	VmData:	  186712 kB
20220313 033105.911 INFO             PET0 PIOc_freedecomp Enter - MemInfo: [/proc/self/status]	VmStk:	     144 kB
20220313 033105.911 INFO             PET0 PIOc_freedecomp Enter - MemInfo: [/proc/self/status]	VmExe:	     356 kB
20220313 033105.911 INFO             PET0 PIOc_freedecomp Enter - MemInfo: [/proc/self/status]	VmLib:	   83112 kB
20220313 033105.911 INFO             PET0 PIOc_freedecomp Enter - MemInfo: [/proc/self/status]	VmPTE:	     928 kB
20220313 033105.911 INFO             PET0 PIOc_freedecomp Enter - MemInfo: [/proc/self/status]	VmSwap:	       0 kB
20220313 033105.911 INFO             PET0 PIOc_freedecomp Enter - MemInfo: [/proc/self/status]	VmRSSPercent: 0.0155736 %
20220313 033105.911 INFO             PET0 PIOc_freedecomp Enter - MemInfo: [malloc] Non-mmapped space allocated:                 3284992 Byte
20220313 033105.911 INFO             PET0 PIOc_freedecomp Enter - MemInfo: [malloc] Space allocated in mmapped regions:          1581056 Byte
20220313 033105.911 INFO             PET0 PIOc_freedecomp Enter - MemInfo: [malloc] Maximum total allocated space:                     0 Byte
20220313 033105.911 INFO             PET0 PIOc_freedecomp Enter - MemInfo: [malloc] Space in freed fastbin blocks:                  1856 Byte
20220313 033105.911 INFO             PET0 PIOc_freedecomp Enter - MemInfo: [malloc] Total allocated space:                       2676400 Byte
20220313 033105.911 INFO             PET0 PIOc_freedecomp Enter - MemInfo: [malloc] Total free space:                             608592 Byte
20220313 033105.911 INFO             PET0 PIOc_freedecomp Enter - MemInfo: [malloc] Top-most, releasable space:                   366720 Byte
20220313 033105.911 INFO             PET0 PIOc_freedecomp Enter - MemInfo: [malloc] Total space in use, mmap + non-mmap:         4257456 Byte
20220313 033105.911 INFO             PET0 PIOc_freedecomp Enter - MemInfo: [malloc] Total space held (mmap + non-mmap):          4866048 Byte
20220313 033105.911 INFO             PET0 PIOc_freedecomp Enter - MemInfo: [malloc] Total space used (mmap + non-mmap):          4266800 Byte
20220313 033105.911 INFO             PET0 PIOc_freedecomp Enter - MemInfo: Wall-clock time since execution start:               0.190645 seconds
20220313 033105.911 INFO             PET0 PIOc_freedecomp Exit - MemInfo: [/proc/meminfo - SSI]	MemTotal:       196434604 kB
20220313 033105.911 INFO             PET0 PIOc_freedecomp Exit - MemInfo: [/proc/meminfo - SSI]	MemFree:        184354020 kB
20220313 033105.911 INFO             PET0 PIOc_freedecomp Exit - MemInfo: [/proc/meminfo - SSI]	MemAvailable:   191838208 kB
20220313 033105.911 INFO             PET0 PIOc_freedecomp Exit - MemInfo: [/proc/meminfo - SSI]	Committed_AS:     659824 kB
20220313 033105.911 INFO             PET0 PIOc_freedecomp Exit - MemInfo: [/proc/meminfo - SSI]	CommittedPercent: 0.3359 %
20220313 033105.911 INFO             PET0 PIOc_freedecomp Exit - MemInfo: [/proc/self/status]	VmPeak:	  678240 kB
20220313 033105.911 INFO             PET0 PIOc_freedecomp Exit - MemInfo: [/proc/self/status]	VmSize:	  669528 kB
20220313 033105.911 INFO             PET0 PIOc_freedecomp Exit - MemInfo: [/proc/self/status]	VmLck:	       0 kB
20220313 033105.911 INFO             PET0 PIOc_freedecomp Exit - MemInfo: [/proc/self/status]	VmPin:	       0 kB
20220313 033105.911 INFO             PET0 PIOc_freedecomp Exit - MemInfo: [/proc/self/status]	VmHWM:	   71744 kB
20220313 033105.911 INFO             PET0 PIOc_freedecomp Exit - MemInfo: [/proc/self/status]	VmRSS:	   30592 kB
20220313 033105.911 INFO             PET0 PIOc_freedecomp Exit - MemInfo: [/proc/self/status]	VmData:	  186712 kB
20220313 033105.911 INFO             PET0 PIOc_freedecomp Exit - MemInfo: [/proc/self/status]	VmStk:	     144 kB
20220313 033105.911 INFO             PET0 PIOc_freedecomp Exit - MemInfo: [/proc/self/status]	VmExe:	     356 kB
20220313 033105.911 INFO             PET0 PIOc_freedecomp Exit - MemInfo: [/proc/self/status]	VmLib:	   83112 kB
20220313 033105.911 INFO             PET0 PIOc_freedecomp Exit - MemInfo: [/proc/self/status]	VmPTE:	     928 kB
20220313 033105.911 INFO             PET0 PIOc_freedecomp Exit - MemInfo: [/proc/self/status]	VmSwap:	       0 kB
20220313 033105.911 INFO             PET0 PIOc_freedecomp Exit - MemInfo: [/proc/self/status]	VmRSSPercent: 0.0155736 %
20220313 033105.911 INFO             PET0 PIOc_freedecomp Exit - MemInfo: [malloc] Non-mmapped space allocated:                 3284992 Byte
20220313 033105.911 INFO             PET0 PIOc_freedecomp Exit - MemInfo: [malloc] Space allocated in mmapped regions:          1581056 Byte
20220313 033105.911 INFO             PET0 PIOc_freedecomp Exit - MemInfo: [malloc] Maximum total allocated space:                     0 Byte
20220313 033105.911 INFO             PET0 PIOc_freedecomp Exit - MemInfo: [malloc] Space in freed fastbin blocks:                  1232 Byte
20220313 033105.911 INFO             PET0 PIOc_freedecomp Exit - MemInfo: [malloc] Total allocated space:                       2630688 Byte
20220313 033105.911 INFO             PET0 PIOc_freedecomp Exit - MemInfo: [malloc] Total free space:                             654304 Byte
20220313 033105.911 INFO             PET0 PIOc_freedecomp Exit - MemInfo: [malloc] Top-most, releasable space:                   418000 Byte
20220313 033105.911 INFO             PET0 PIOc_freedecomp Exit - MemInfo: [malloc] Total space in use, mmap + non-mmap:         4211744 Byte
20220313 033105.911 INFO             PET0 PIOc_freedecomp Exit - MemInfo: [malloc] Total space held (mmap + non-mmap):          4866048 Byte
20220313 033105.911 INFO             PET0 PIOc_freedecomp Exit - MemInfo: [malloc] Total space used (mmap + non-mmap):          4221088 Byte
20220313 033105.911 INFO             PET0 PIOc_freedecomp Exit - MemInfo: Wall-clock time since execution start:               0.190991 seconds
20220313 033105.911 INFO             PET0  PASS  ArrayBundleWrite Single file Test, ESMF_ArrayBundleIOUTest.F90, line 167
20220313 033105.996 INFO             PET0 PIOc_sync Enter - MemInfo: [/proc/meminfo - SSI]	MemTotal:       196434604 kB
20220313 033105.996 INFO             PET0 PIOc_sync Enter - MemInfo: [/proc/meminfo - SSI]	MemFree:        184346388 kB
20220313 033105.996 INFO             PET0 PIOc_sync Enter - MemInfo: [/proc/meminfo - SSI]	MemAvailable:   191830576 kB
20220313 033105.996 INFO             PET0 PIOc_sync Enter - MemInfo: [/proc/meminfo - SSI]	Committed_AS:     667712 kB
20220313 033105.996 INFO             PET0 PIOc_sync Enter - MemInfo: [/proc/meminfo - SSI]	CommittedPercent: 0.339916 %
20220313 033105.996 INFO             PET0 PIOc_sync Enter - MemInfo: [/proc/self/status]	VmPeak:	  678240 kB
20220313 033105.996 INFO             PET0 PIOc_sync Enter - MemInfo: [/proc/self/status]	VmSize:	  677932 kB
20220313 033105.996 INFO             PET0 PIOc_sync Enter - MemInfo: [/proc/self/status]	VmLck:	       0 kB
20220313 033105.996 INFO             PET0 PIOc_sync Enter - MemInfo: [/proc/self/status]	VmPin:	       0 kB
20220313 033105.996 INFO             PET0 PIOc_sync Enter - MemInfo: [/proc/self/status]	VmHWM:	   71744 kB
20220313 033105.996 INFO             PET0 PIOc_sync Enter - MemInfo: [/proc/self/status]	VmRSS:	   39032 kB
20220313 033105.996 INFO             PET0 PIOc_sync Enter - MemInfo: [/proc/self/status]	VmData:	  195116 kB
20220313 033105.996 INFO             PET0 PIOc_sync Enter - MemInfo: [/proc/self/status]	VmStk:	     144 kB
20220313 033105.996 INFO             PET0 PIOc_sync Enter - MemInfo: [/proc/self/status]	VmExe:	     356 kB
20220313 033105.996 INFO             PET0 PIOc_sync Enter - MemInfo: [/proc/self/status]	VmLib:	   83112 kB
20220313 033105.996 INFO             PET0 PIOc_sync Enter - MemInfo: [/proc/self/status]	VmPTE:	     944 kB
20220313 033105.996 INFO             PET0 PIOc_sync Enter - MemInfo: [/proc/self/status]	VmSwap:	       0 kB
20220313 033105.996 INFO             PET0 PIOc_sync Enter - MemInfo: [/proc/self/status]	VmRSSPercent: 0.0198702 %
20220313 033105.996 INFO             PET0 PIOc_sync Enter - MemInfo: [malloc] Non-mmapped space allocated:                11890688 Byte
20220313 033105.996 INFO             PET0 PIOc_sync Enter - MemInfo: [malloc] Space allocated in mmapped regions:          1581056 Byte
20220313 033105.996 INFO             PET0 PIOc_sync Enter - MemInfo: [malloc] Maximum total allocated space:                     0 Byte
20220313 033105.996 INFO             PET0 PIOc_sync Enter - MemInfo: [malloc] Space in freed fastbin blocks:                  1008 Byte
20220313 033105.996 INFO             PET0 PIOc_sync Enter - MemInfo: [malloc] Total allocated space:                      11586064 Byte
20220313 033105.996 INFO             PET0 PIOc_sync Enter - MemInfo: [malloc] Total free space:                             304624 Byte
20220313 033105.996 INFO             PET0 PIOc_sync Enter - MemInfo: [malloc] Top-most, releasable space:                    98448 Byte
20220313 033105.996 INFO             PET0 PIOc_sync Enter - MemInfo: [malloc] Total space in use, mmap + non-mmap:        13167120 Byte
20220313 033105.996 INFO             PET0 PIOc_sync Enter - MemInfo: [malloc] Total space held (mmap + non-mmap):         13471744 Byte
20220313 033105.996 INFO             PET0 PIOc_sync Enter - MemInfo: [malloc] Total space used (mmap + non-mmap):         13176464 Byte
20220313 033105.996 INFO             PET0 PIOc_sync Enter - MemInfo: Wall-clock time since execution start:               0.275686 seconds
20220313 033105.997 INFO             PET0 PIOc_sync Exit - MemInfo: [/proc/meminfo - SSI]	MemTotal:       196434604 kB
20220313 033105.997 INFO             PET0 PIOc_sync Exit - MemInfo: [/proc/meminfo - SSI]	MemFree:        184346388 kB
20220313 033105.997 INFO             PET0 PIOc_sync Exit - MemInfo: [/proc/meminfo - SSI]	MemAvailable:   191830576 kB
20220313 033105.997 INFO             PET0 PIOc_sync Exit - MemInfo: [/proc/meminfo - SSI]	Committed_AS:     667712 kB
20220313 033105.997 INFO             PET0 PIOc_sync Exit - MemInfo: [/proc/meminfo - SSI]	CommittedPercent: 0.339916 %
20220313 033105.997 INFO             PET0 PIOc_sync Exit - MemInfo: [/proc/self/status]	VmPeak:	  678240 kB
20220313 033105.997 INFO             PET0 PIOc_sync Exit - MemInfo: [/proc/self/status]	VmSize:	  678232 kB
20220313 033105.997 INFO             PET0 PIOc_sync Exit - MemInfo: [/proc/self/status]	VmLck:	       0 kB
20220313 033105.997 INFO             PET0 PIOc_sync Exit - MemInfo: [/proc/self/status]	VmPin:	       0 kB
20220313 033105.997 INFO             PET0 PIOc_sync Exit - MemInfo: [/proc/self/status]	VmHWM:	   71744 kB
20220313 033105.997 INFO             PET0 PIOc_sync Exit - MemInfo: [/proc/self/status]	VmRSS:	   39252 kB
20220313 033105.997 INFO             PET0 PIOc_sync Exit - MemInfo: [/proc/self/status]	VmData:	  195416 kB
20220313 033105.997 INFO             PET0 PIOc_sync Exit - MemInfo: [/proc/self/status]	VmStk:	     144 kB
20220313 033105.997 INFO             PET0 PIOc_sync Exit - MemInfo: [/proc/self/status]	VmExe:	     356 kB
20220313 033105.997 INFO             PET0 PIOc_sync Exit - MemInfo: [/proc/self/status]	VmLib:	   83112 kB
20220313 033105.997 INFO             PET0 PIOc_sync Exit - MemInfo: [/proc/self/status]	VmPTE:	     944 kB
20220313 033105.997 INFO             PET0 PIOc_sync Exit - MemInfo: [/proc/self/status]	VmSwap:	       0 kB
20220313 033105.997 INFO             PET0 PIOc_sync Exit - MemInfo: [/proc/self/status]	VmRSSPercent: 0.0199822 %
20220313 033105.997 INFO             PET0 PIOc_sync Exit - MemInfo: [malloc] Non-mmapped space allocated:                12197888 Byte
20220313 033105.997 INFO             PET0 PIOc_sync Exit - MemInfo: [malloc] Space allocated in mmapped regions:          1581056 Byte
20220313 033105.997 INFO             PET0 PIOc_sync Exit - MemInfo: [malloc] Maximum total allocated space:                     0 Byte
20220313 033105.997 INFO             PET0 PIOc_sync Exit - MemInfo: [malloc] Space in freed fastbin blocks:                  1360 Byte
20220313 033105.997 INFO             PET0 PIOc_sync Exit - MemInfo: [malloc] Total allocated space:                      11778224 Byte
20220313 033105.997 INFO             PET0 PIOc_sync Exit - MemInfo: [malloc] Total free space:                             419664 Byte
20220313 033105.997 INFO             PET0 PIOc_sync Exit - MemInfo: [malloc] Top-most, releasable space:                   203600 Byte
20220313 033105.997 INFO             PET0 PIOc_sync Exit - MemInfo: [malloc] Total space in use, mmap + non-mmap:        13359280 Byte
20220313 033105.997 INFO             PET0 PIOc_sync Exit - MemInfo: [malloc] Total space held (mmap + non-mmap):         13778944 Byte
20220313 033105.997 INFO             PET0 PIOc_sync Exit - MemInfo: [malloc] Total space used (mmap + non-mmap):         13368624 Byte
20220313 033105.997 INFO             PET0 PIOc_sync Exit - MemInfo: Wall-clock time since execution start:               0.276604 seconds
20220313 033105.997 INFO             PET0 PIOc_freedecomp Enter - MemInfo: [/proc/meminfo - SSI]	MemTotal:       196434604 kB
20220313 033105.997 INFO             PET0 PIOc_freedecomp Enter - MemInfo: [/proc/meminfo - SSI]	MemFree:        184346388 kB
20220313 033105.997 INFO             PET0 PIOc_freedecomp Enter - MemInfo: [/proc/meminfo - SSI]	MemAvailable:   191830576 kB
20220313 033105.997 INFO             PET0 PIOc_freedecomp Enter - MemInfo: [/proc/meminfo - SSI]	Committed_AS:     667712 kB
20220313 033105.997 INFO             PET0 PIOc_freedecomp Enter - MemInfo: [/proc/meminfo - SSI]	CommittedPercent: 0.339916 %
20220313 033105.997 INFO             PET0 PIOc_freedecomp Enter - MemInfo: [/proc/self/status]	VmPeak:	  678240 kB
20220313 033105.997 INFO             PET0 PIOc_freedecomp Enter - MemInfo: [/proc/self/status]	VmSize:	  678232 kB
20220313 033105.997 INFO             PET0 PIOc_freedecomp Enter - MemInfo: [/proc/self/status]	VmLck:	       0 kB
20220313 033105.997 INFO             PET0 PIOc_freedecomp Enter - MemInfo: [/proc/self/status]	VmPin:	       0 kB
20220313 033105.997 INFO             PET0 PIOc_freedecomp Enter - MemInfo: [/proc/self/status]	VmHWM:	   71744 kB
20220313 033105.997 INFO             PET0 PIOc_freedecomp Enter - MemInfo: [/proc/self/status]	VmRSS:	   39252 kB
20220313 033105.997 INFO             PET0 PIOc_freedecomp Enter - MemInfo: [/proc/self/status]	VmData:	  195416 kB
20220313 033105.997 INFO             PET0 PIOc_freedecomp Enter - MemInfo: [/proc/self/status]	VmStk:	     144 kB
20220313 033105.997 INFO             PET0 PIOc_freedecomp Enter - MemInfo: [/proc/self/status]	VmExe:	     356 kB
20220313 033105.997 INFO             PET0 PIOc_freedecomp Enter - MemInfo: [/proc/self/status]	VmLib:	   83112 kB
20220313 033105.997 INFO             PET0 PIOc_freedecomp Enter - MemInfo: [/proc/self/status]	VmPTE:	     944 kB
20220313 033105.997 INFO             PET0 PIOc_freedecomp Enter - MemInfo: [/proc/self/status]	VmSwap:	       0 kB
20220313 033105.997 INFO             PET0 PIOc_freedecomp Enter - MemInfo: [/proc/self/status]	VmRSSPercent: 0.0199822 %
20220313 033105.997 INFO             PET0 PIOc_freedecomp Enter - MemInfo: [malloc] Non-mmapped space allocated:                12197888 Byte
20220313 033105.998 INFO             PET0 PIOc_freedecomp Enter - MemInfo: [malloc] Space allocated in mmapped regions:          1581056 Byte
20220313 033105.998 INFO             PET0 PIOc_freedecomp Enter - MemInfo: [malloc] Maximum total allocated space:                     0 Byte
20220313 033105.998 INFO             PET0 PIOc_freedecomp Enter - MemInfo: [malloc] Space in freed fastbin blocks:                  1152 Byte
20220313 033105.998 INFO             PET0 PIOc_freedecomp Enter - MemInfo: [malloc] Total allocated space:                       2850416 Byte
20220313 033105.998 INFO             PET0 PIOc_freedecomp Enter - MemInfo: [malloc] Total free space:                            9347472 Byte
20220313 033105.998 INFO             PET0 PIOc_freedecomp Enter - MemInfo: [malloc] Top-most, releasable space:                   203600 Byte
20220313 033105.998 INFO             PET0 PIOc_freedecomp Enter - MemInfo: [malloc] Total space in use, mmap + non-mmap:         4431472 Byte
20220313 033105.998 INFO             PET0 PIOc_freedecomp Enter - MemInfo: [malloc] Total space held (mmap + non-mmap):         13778944 Byte
20220313 033105.998 INFO             PET0 PIOc_freedecomp Enter - MemInfo: [malloc] Total space used (mmap + non-mmap):          4440816 Byte
20220313 033105.998 INFO             PET0 PIOc_freedecomp Enter - MemInfo: Wall-clock time since execution start:               0.277255 seconds
20220313 033105.998 INFO             PET0 PIOc_freedecomp Exit - MemInfo: [/proc/meminfo - SSI]	MemTotal:       196434604 kB
20220313 033105.998 INFO             PET0 PIOc_freedecomp Exit - MemInfo: [/proc/meminfo - SSI]	MemFree:        184346388 kB
20220313 033105.998 INFO             PET0 PIOc_freedecomp Exit - MemInfo: [/proc/meminfo - SSI]	MemAvailable:   191830576 kB
20220313 033105.998 INFO             PET0 PIOc_freedecomp Exit - MemInfo: [/proc/meminfo - SSI]	Committed_AS:     667712 kB
20220313 033105.998 INFO             PET0 PIOc_freedecomp Exit - MemInfo: [/proc/meminfo - SSI]	CommittedPercent: 0.339916 %
20220313 033105.998 INFO             PET0 PIOc_freedecomp Exit - MemInfo: [/proc/self/status]	VmPeak:	  678240 kB
20220313 033105.998 INFO             PET0 PIOc_freedecomp Exit - MemInfo: [/proc/self/status]	VmSize:	  678232 kB
20220313 033105.998 INFO             PET0 PIOc_freedecomp Exit - MemInfo: [/proc/self/status]	VmLck:	       0 kB
20220313 033105.998 INFO             PET0 PIOc_freedecomp Exit - MemInfo: [/proc/self/status]	VmPin:	       0 kB
20220313 033105.998 INFO             PET0 PIOc_freedecomp Exit - MemInfo: [/proc/self/status]	VmHWM:	   71744 kB
20220313 033105.998 INFO             PET0 PIOc_freedecomp Exit - MemInfo: [/proc/self/status]	VmRSS:	   39252 kB
20220313 033105.998 INFO             PET0 PIOc_freedecomp Exit - MemInfo: [/proc/self/status]	VmData:	  195416 kB
20220313 033105.998 INFO             PET0 PIOc_freedecomp Exit - MemInfo: [/proc/self/status]	VmStk:	     144 kB
20220313 033105.998 INFO             PET0 PIOc_freedecomp Exit - MemInfo: [/proc/self/status]	VmExe:	     356 kB
20220313 033105.998 INFO             PET0 PIOc_freedecomp Exit - MemInfo: [/proc/self/status]	VmLib:	   83112 kB
20220313 033105.998 INFO             PET0 PIOc_freedecomp Exit - MemInfo: [/proc/self/status]	VmPTE:	     944 kB
20220313 033105.998 INFO             PET0 PIOc_freedecomp Exit - MemInfo: [/proc/self/status]	VmSwap:	       0 kB
20220313 033105.998 INFO             PET0 PIOc_freedecomp Exit - MemInfo: [/proc/self/status]	VmRSSPercent: 0.0199822 %
20220313 033105.998 INFO             PET0 PIOc_freedecomp Exit - MemInfo: [malloc] Non-mmapped space allocated:                12197888 Byte
20220313 033105.998 INFO             PET0 PIOc_freedecomp Exit - MemInfo: [malloc] Space allocated in mmapped regions:          1581056 Byte
20220313 033105.998 INFO             PET0 PIOc_freedecomp Exit - MemInfo: [malloc] Maximum total allocated space:                     0 Byte
20220313 033105.998 INFO             PET0 PIOc_freedecomp Exit - MemInfo: [malloc] Space in freed fastbin blocks:                  1376 Byte
20220313 033105.998 INFO             PET0 PIOc_freedecomp Exit - MemInfo: [malloc] Total allocated space:                       2721792 Byte
20220313 033105.998 INFO             PET0 PIOc_freedecomp Exit - MemInfo: [malloc] Total free space:                            9476096 Byte
20220313 033105.998 INFO             PET0 PIOc_freedecomp Exit - MemInfo: [malloc] Top-most, releasable space:                   327856 Byte
20220313 033105.998 INFO             PET0 PIOc_freedecomp Exit - MemInfo: [malloc] Total space in use, mmap + non-mmap:         4302848 Byte
20220313 033105.998 INFO             PET0 PIOc_freedecomp Exit - MemInfo: [malloc] Total space held (mmap + non-mmap):         13778944 Byte
20220313 033105.998 INFO             PET0 PIOc_freedecomp Exit - MemInfo: [malloc] Total space used (mmap + non-mmap):          4312192 Byte
20220313 033105.998 INFO             PET0 PIOc_freedecomp Exit - MemInfo: Wall-clock time since execution start:               0.277632 seconds
20220313 033105.998 INFO             PET0 PIOc_freedecomp Enter - MemInfo: [/proc/meminfo - SSI]	MemTotal:       196434604 kB
20220313 033105.998 INFO             PET0 PIOc_freedecomp Enter - MemInfo: [/proc/meminfo - SSI]	MemFree:        184346388 kB
20220313 033105.998 INFO             PET0 PIOc_freedecomp Enter - MemInfo: [/proc/meminfo - SSI]	MemAvailable:   191830576 kB
20220313 033105.998 INFO             PET0 PIOc_freedecomp Enter - MemInfo: [/proc/meminfo - SSI]	Committed_AS:     667712 kB
20220313 033105.998 INFO             PET0 PIOc_freedecomp Enter - MemInfo: [/proc/meminfo - SSI]	CommittedPercent: 0.339916 %
20220313 033105.998 INFO             PET0 PIOc_freedecomp Enter - MemInfo: [/proc/self/status]	VmPeak:	  678240 kB
20220313 033105.998 INFO             PET0 PIOc_freedecomp Enter - MemInfo: [/proc/self/status]	VmSize:	  678232 kB
20220313 033105.998 INFO             PET0 PIOc_freedecomp Enter - MemInfo: [/proc/self/status]	VmLck:	       0 kB
20220313 033105.998 INFO             PET0 PIOc_freedecomp Enter - MemInfo: [/proc/self/status]	VmPin:	       0 kB
20220313 033105.998 INFO             PET0 PIOc_freedecomp Enter - MemInfo: [/proc/self/status]	VmHWM:	   71744 kB
20220313 033105.998 INFO             PET0 PIOc_freedecomp Enter - MemInfo: [/proc/self/status]	VmRSS:	   39252 kB
20220313 033105.998 INFO             PET0 PIOc_freedecomp Enter - MemInfo: [/proc/self/status]	VmData:	  195416 kB
20220313 033105.998 INFO             PET0 PIOc_freedecomp Enter - MemInfo: [/proc/self/status]	VmStk:	     144 kB
20220313 033105.998 INFO             PET0 PIOc_freedecomp Enter - MemInfo: [/proc/self/status]	VmExe:	     356 kB
20220313 033105.998 INFO             PET0 PIOc_freedecomp Enter - MemInfo: [/proc/self/status]	VmLib:	   83112 kB
20220313 033105.998 INFO             PET0 PIOc_freedecomp Enter - MemInfo: [/proc/self/status]	VmPTE:	     944 kB
20220313 033105.998 INFO             PET0 PIOc_freedecomp Enter - MemInfo: [/proc/self/status]	VmSwap:	       0 kB
20220313 033105.998 INFO             PET0 PIOc_freedecomp Enter - MemInfo: [/proc/self/status]	VmRSSPercent: 0.0199822 %
20220313 033105.998 INFO             PET0 PIOc_freedecomp Enter - MemInfo: [malloc] Non-mmapped space allocated:                12197888 Byte
20220313 033105.998 INFO             PET0 PIOc_freedecomp Enter - MemInfo: [malloc] Space allocated in mmapped regions:          1581056 Byte
20220313 033105.998 INFO             PET0 PIOc_freedecomp Enter - MemInfo: [malloc] Maximum total allocated space:                     0 Byte
20220313 033105.998 INFO             PET0 PIOc_freedecomp Enter - MemInfo: [malloc] Space in freed fastbin blocks:                  2064 Byte
20220313 033105.998 INFO             PET0 PIOc_freedecomp Enter - MemInfo: [malloc] Total allocated space:                       2721664 Byte
20220313 033105.998 INFO             PET0 PIOc_freedecomp Enter - MemInfo: [malloc] Total free space:                            9476224 Byte
20220313 033105.998 INFO             PET0 PIOc_freedecomp Enter - MemInfo: [malloc] Top-most, releasable space:                   327856 Byte
20220313 033105.998 INFO             PET0 PIOc_freedecomp Enter - MemInfo: [malloc] Total space in use, mmap + non-mmap:         4302720 Byte
20220313 033105.998 INFO             PET0 PIOc_freedecomp Enter - MemInfo: [malloc] Total space held (mmap + non-mmap):         13778944 Byte
20220313 033105.998 INFO             PET0 PIOc_freedecomp Enter - MemInfo: [malloc] Total space used (mmap + non-mmap):          4312064 Byte
20220313 033105.998 INFO             PET0 PIOc_freedecomp Enter - MemInfo: Wall-clock time since execution start:               0.277998 seconds
20220313 033105.998 INFO             PET0 PIOc_freedecomp Exit - MemInfo: [/proc/meminfo - SSI]	MemTotal:       196434604 kB
20220313 033105.998 INFO             PET0 PIOc_freedecomp Exit - MemInfo: [/proc/meminfo - SSI]	MemFree:        184346388 kB
20220313 033105.998 INFO             PET0 PIOc_freedecomp Exit - MemInfo: [/proc/meminfo - SSI]	MemAvailable:   191830576 kB
20220313 033105.998 INFO             PET0 PIOc_freedecomp Exit - MemInfo: [/proc/meminfo - SSI]	Committed_AS:     667712 kB
20220313 033105.998 INFO             PET0 PIOc_freedecomp Exit - MemInfo: [/proc/meminfo - SSI]	CommittedPercent: 0.339916 %
20220313 033105.999 INFO             PET0 PIOc_freedecomp Exit - MemInfo: [/proc/self/status]	VmPeak:	  678240 kB
20220313 033105.999 INFO             PET0 PIOc_freedecomp Exit - MemInfo: [/proc/self/status]	VmSize:	  678232 kB
20220313 033105.999 INFO             PET0 PIOc_freedecomp Exit - MemInfo: [/proc/self/status]	VmLck:	       0 kB
20220313 033105.999 INFO             PET0 PIOc_freedecomp Exit - MemInfo: [/proc/self/status]	VmPin:	       0 kB
20220313 033105.999 INFO             PET0 PIOc_freedecomp Exit - MemInfo: [/proc/self/status]	VmHWM:	   71744 kB
20220313 033105.999 INFO             PET0 PIOc_freedecomp Exit - MemInfo: [/proc/self/status]	VmRSS:	   39252 kB
20220313 033105.999 INFO             PET0 PIOc_freedecomp Exit - MemInfo: [/proc/self/status]	VmData:	  195416 kB
20220313 033105.999 INFO             PET0 PIOc_freedecomp Exit - MemInfo: [/proc/self/status]	VmStk:	     144 kB
20220313 033105.999 INFO             PET0 PIOc_freedecomp Exit - MemInfo: [/proc/self/status]	VmExe:	     356 kB
20220313 033105.999 INFO             PET0 PIOc_freedecomp Exit - MemInfo: [/proc/self/status]	VmLib:	   83112 kB
20220313 033105.999 INFO             PET0 PIOc_freedecomp Exit - MemInfo: [/proc/self/status]	VmPTE:	     944 kB
20220313 033105.999 INFO             PET0 PIOc_freedecomp Exit - MemInfo: [/proc/self/status]	VmSwap:	       0 kB
20220313 033105.999 INFO             PET0 PIOc_freedecomp Exit - MemInfo: [/proc/self/status]	VmRSSPercent: 0.0199822 %
20220313 033105.999 INFO             PET0 PIOc_freedecomp Exit - MemInfo: [malloc] Non-mmapped space allocated:                12197888 Byte
20220313 033105.999 INFO             PET0 PIOc_freedecomp Exit - MemInfo: [malloc] Space allocated in mmapped regions:          1581056 Byte
20220313 033105.999 INFO             PET0 PIOc_freedecomp Exit - MemInfo: [malloc] Maximum total allocated space:                     0 Byte
20220313 033105.999 INFO             PET0 PIOc_freedecomp Exit - MemInfo: [malloc] Space in freed fastbin blocks:                  1472 Byte
20220313 033105.999 INFO             PET0 PIOc_freedecomp Exit - MemInfo: [malloc] Total allocated space:                       2676544 Byte
20220313 033105.999 INFO             PET0 PIOc_freedecomp Exit - MemInfo: [malloc] Total free space:                            9521344 Byte
20220313 033105.999 INFO             PET0 PIOc_freedecomp Exit - MemInfo: [malloc] Top-most, releasable space:                   361920 Byte
20220313 033105.999 INFO             PET0 PIOc_freedecomp Exit - MemInfo: [malloc] Total space in use, mmap + non-mmap:         4257600 Byte
20220313 033105.999 INFO             PET0 PIOc_freedecomp Exit - MemInfo: [malloc] Total space held (mmap + non-mmap):         13778944 Byte
20220313 033105.999 INFO             PET0 PIOc_freedecomp Exit - MemInfo: [malloc] Total space used (mmap + non-mmap):          4266944 Byte
20220313 033105.999 INFO             PET0 PIOc_freedecomp Exit - MemInfo: Wall-clock time since execution start:               0.278344 seconds
20220313 033105.999 INFO             PET0 PIOc_freedecomp Enter - MemInfo: [/proc/meminfo - SSI]	MemTotal:       196434604 kB
20220313 033105.999 INFO             PET0 PIOc_freedecomp Enter - MemInfo: [/proc/meminfo - SSI]	MemFree:        184346388 kB
20220313 033105.999 INFO             PET0 PIOc_freedecomp Enter - MemInfo: [/proc/meminfo - SSI]	MemAvailable:   191830576 kB
20220313 033105.999 INFO             PET0 PIOc_freedecomp Enter - MemInfo: [/proc/meminfo - SSI]	Committed_AS:     667712 kB
20220313 033105.999 INFO             PET0 PIOc_freedecomp Enter - MemInfo: [/proc/meminfo - SSI]	CommittedPercent: 0.339916 %
20220313 033105.999 INFO             PET0 PIOc_freedecomp Enter - MemInfo: [/proc/self/status]	VmPeak:	  678240 kB
20220313 033105.999 INFO             PET0 PIOc_freedecomp Enter - MemInfo: [/proc/self/status]	VmSize:	  678232 kB
20220313 033105.999 INFO             PET0 PIOc_freedecomp Enter - MemInfo: [/proc/self/status]	VmLck:	       0 kB
20220313 033105.999 INFO             PET0 PIOc_freedecomp Enter - MemInfo: [/proc/self/status]	VmPin:	       0 kB
20220313 033105.999 INFO             PET0 PIOc_freedecomp Enter - MemInfo: [/proc/self/status]	VmHWM:	   71744 kB
20220313 033105.999 INFO             PET0 PIOc_freedecomp Enter - MemInfo: [/proc/self/status]	VmRSS:	   39252 kB
20220313 033105.999 INFO             PET0 PIOc_freedecomp Enter - MemInfo: [/proc/self/status]	VmData:	  195416 kB
20220313 033105.999 INFO             PET0 PIOc_freedecomp Enter - MemInfo: [/proc/self/status]	VmStk:	     144 kB
20220313 033105.999 INFO             PET0 PIOc_freedecomp Enter - MemInfo: [/proc/self/status]	VmExe:	     356 kB
20220313 033105.999 INFO             PET0 PIOc_freedecomp Enter - MemInfo: [/proc/self/status]	VmLib:	   83112 kB
20220313 033105.999 INFO             PET0 PIOc_freedecomp Enter - MemInfo: [/proc/self/status]	VmPTE:	     944 kB
20220313 033105.999 INFO             PET0 PIOc_freedecomp Enter - MemInfo: [/proc/self/status]	VmSwap:	       0 kB
20220313 033105.999 INFO             PET0 PIOc_freedecomp Enter - MemInfo: [/proc/self/status]	VmRSSPercent: 0.0199822 %
20220313 033105.999 INFO             PET0 PIOc_freedecomp Enter - MemInfo: [malloc] Non-mmapped space allocated:                12197888 Byte
20220313 033105.999 INFO             PET0 PIOc_freedecomp Enter - MemInfo: [malloc] Space allocated in mmapped regions:          1581056 Byte
20220313 033105.999 INFO             PET0 PIOc_freedecomp Enter - MemInfo: [malloc] Maximum total allocated space:                     0 Byte
20220313 033105.999 INFO             PET0 PIOc_freedecomp Enter - MemInfo: [malloc] Space in freed fastbin blocks:                  2096 Byte
20220313 033105.999 INFO             PET0 PIOc_freedecomp Enter - MemInfo: [malloc] Total allocated space:                       2676416 Byte
20220313 033105.999 INFO             PET0 PIOc_freedecomp Enter - MemInfo: [malloc] Total free space:                            9521472 Byte
20220313 033105.999 INFO             PET0 PIOc_freedecomp Enter - MemInfo: [malloc] Top-most, releasable space:                   361920 Byte
20220313 033105.999 INFO             PET0 PIOc_freedecomp Enter - MemInfo: [malloc] Total space in use, mmap + non-mmap:         4257472 Byte
20220313 033105.999 INFO             PET0 PIOc_freedecomp Enter - MemInfo: [malloc] Total space held (mmap + non-mmap):         13778944 Byte
20220313 033105.999 INFO             PET0 PIOc_freedecomp Enter - MemInfo: [malloc] Total space used (mmap + non-mmap):          4266816 Byte
20220313 033105.999 INFO             PET0 PIOc_freedecomp Enter - MemInfo: Wall-clock time since execution start:               0.278681 seconds
20220313 033105.999 INFO             PET0 PIOc_freedecomp Exit - MemInfo: [/proc/meminfo - SSI]	MemTotal:       196434604 kB
20220313 033105.999 INFO             PET0 PIOc_freedecomp Exit - MemInfo: [/proc/meminfo - SSI]	MemFree:        184346388 kB
20220313 033105.999 INFO             PET0 PIOc_freedecomp Exit - MemInfo: [/proc/meminfo - SSI]	MemAvailable:   191830576 kB
20220313 033105.999 INFO             PET0 PIOc_freedecomp Exit - MemInfo: [/proc/meminfo - SSI]	Committed_AS:     667712 kB
20220313 033105.999 INFO             PET0 PIOc_freedecomp Exit - MemInfo: [/proc/meminfo - SSI]	CommittedPercent: 0.339916 %
20220313 033105.999 INFO             PET0 PIOc_freedecomp Exit - MemInfo: [/proc/self/status]	VmPeak:	  678240 kB
20220313 033105.999 INFO             PET0 PIOc_freedecomp Exit - MemInfo: [/proc/self/status]	VmSize:	  678232 kB
20220313 033105.999 INFO             PET0 PIOc_freedecomp Exit - MemInfo: [/proc/self/status]	VmLck:	       0 kB
20220313 033105.999 INFO             PET0 PIOc_freedecomp Exit - MemInfo: [/proc/self/status]	VmPin:	       0 kB
20220313 033105.999 INFO             PET0 PIOc_freedecomp Exit - MemInfo: [/proc/self/status]	VmHWM:	   71744 kB
20220313 033105.999 INFO             PET0 PIOc_freedecomp Exit - MemInfo: [/proc/self/status]	VmRSS:	   39252 kB
20220313 033105.999 INFO             PET0 PIOc_freedecomp Exit - MemInfo: [/proc/self/status]	VmData:	  195416 kB
20220313 033105.999 INFO             PET0 PIOc_freedecomp Exit - MemInfo: [/proc/self/status]	VmStk:	     144 kB
20220313 033105.999 INFO             PET0 PIOc_freedecomp Exit - MemInfo: [/proc/self/status]	VmExe:	     356 kB
20220313 033105.999 INFO             PET0 PIOc_freedecomp Exit - MemInfo: [/proc/self/status]	VmLib:	   83112 kB
20220313 033105.999 INFO             PET0 PIOc_freedecomp Exit - MemInfo: [/proc/self/status]	VmPTE:	     944 kB
20220313 033105.999 INFO             PET0 PIOc_freedecomp Exit - MemInfo: [/proc/self/status]	VmSwap:	       0 kB
20220313 033105.999 INFO             PET0 PIOc_freedecomp Exit - MemInfo: [/proc/self/status]	VmRSSPercent: 0.0199822 %
20220313 033105.999 INFO             PET0 PIOc_freedecomp Exit - MemInfo: [malloc] Non-mmapped space allocated:                12197888 Byte
20220313 033105.999 INFO             PET0 PIOc_freedecomp Exit - MemInfo: [malloc] Space allocated in mmapped regions:          1581056 Byte
20220313 033105.999 INFO             PET0 PIOc_freedecomp Exit - MemInfo: [malloc] Maximum total allocated space:                     0 Byte
20220313 033105.999 INFO             PET0 PIOc_freedecomp Exit - MemInfo: [malloc] Space in freed fastbin blocks:                  2288 Byte
20220313 033105.999 INFO             PET0 PIOc_freedecomp Exit - MemInfo: [malloc] Total allocated space:                       2630720 Byte
20220313 033105.999 INFO             PET0 PIOc_freedecomp Exit - MemInfo: [malloc] Total free space:                            9567168 Byte
20220313 033105.999 INFO             PET0 PIOc_freedecomp Exit - MemInfo: [malloc] Top-most, releasable space:                   361920 Byte
20220313 033105.999 INFO             PET0 PIOc_freedecomp Exit - MemInfo: [malloc] Total space in use, mmap + non-mmap:         4211776 Byte
20220313 033105.999 INFO             PET0 PIOc_freedecomp Exit - MemInfo: [malloc] Total space held (mmap + non-mmap):         13778944 Byte
20220313 033105.999 INFO             PET0 PIOc_freedecomp Exit - MemInfo: [malloc] Total space used (mmap + non-mmap):          4221120 Byte
20220313 033105.999 INFO             PET0 PIOc_freedecomp Exit - MemInfo: Wall-clock time since execution start:               0.279021 seconds
20220313 033105.999 INFO             PET0  PASS  ArrayBundleWrite Single file with timeslice Test, ESMF_ArrayBundleIOUTest.F90, line 180
20220313 033106.003 INFO             PET0 PIOc_sync Enter - MemInfo: [/proc/meminfo - SSI]	MemTotal:       196434604 kB
20220313 033106.003 INFO             PET0 PIOc_sync Enter - MemInfo: [/proc/meminfo - SSI]	MemFree:        184345876 kB
20220313 033106.003 INFO             PET0 PIOc_sync Enter - MemInfo: [/proc/meminfo - SSI]	MemAvailable:   191830064 kB
20220313 033106.003 INFO             PET0 PIOc_sync Enter - MemInfo: [/proc/meminfo - SSI]	Committed_AS:     667712 kB
20220313 033106.003 INFO             PET0 PIOc_sync Enter - MemInfo: [/proc/meminfo - SSI]	CommittedPercent: 0.339916 %
20220313 033106.003 INFO             PET0 PIOc_sync Enter - MemInfo: [/proc/self/status]	VmPeak:	  678240 kB
20220313 033106.003 INFO             PET0 PIOc_sync Enter - MemInfo: [/proc/self/status]	VmSize:	  678232 kB
20220313 033106.003 INFO             PET0 PIOc_sync Enter - MemInfo: [/proc/self/status]	VmLck:	       0 kB
20220313 033106.003 INFO             PET0 PIOc_sync Enter - MemInfo: [/proc/self/status]	VmPin:	       0 kB
20220313 033106.003 INFO             PET0 PIOc_sync Enter - MemInfo: [/proc/self/status]	VmHWM:	   71744 kB
20220313 033106.003 INFO             PET0 PIOc_sync Enter - MemInfo: [/proc/self/status]	VmRSS:	   39336 kB
20220313 033106.003 INFO             PET0 PIOc_sync Enter - MemInfo: [/proc/self/status]	VmData:	  195416 kB
20220313 033106.003 INFO             PET0 PIOc_sync Enter - MemInfo: [/proc/self/status]	VmStk:	     144 kB
20220313 033106.003 INFO             PET0 PIOc_sync Enter - MemInfo: [/proc/self/status]	VmExe:	     356 kB
20220313 033106.003 INFO             PET0 PIOc_sync Enter - MemInfo: [/proc/self/status]	VmLib:	   83112 kB
20220313 033106.003 INFO             PET0 PIOc_sync Enter - MemInfo: [/proc/self/status]	VmPTE:	     944 kB
20220313 033106.003 INFO             PET0 PIOc_sync Enter - MemInfo: [/proc/self/status]	VmSwap:	       0 kB
20220313 033106.003 INFO             PET0 PIOc_sync Enter - MemInfo: [/proc/self/status]	VmRSSPercent: 0.020025 %
20220313 033106.004 INFO             PET0 PIOc_sync Enter - MemInfo: [malloc] Non-mmapped space allocated:                12197888 Byte
20220313 033106.004 INFO             PET0 PIOc_sync Enter - MemInfo: [malloc] Space allocated in mmapped regions:          1581056 Byte
20220313 033106.004 INFO             PET0 PIOc_sync Enter - MemInfo: [malloc] Maximum total allocated space:                     0 Byte
20220313 033106.004 INFO             PET0 PIOc_sync Enter - MemInfo: [malloc] Space in freed fastbin blocks:                  1072 Byte
20220313 033106.004 INFO             PET0 PIOc_sync Enter - MemInfo: [malloc] Total allocated space:                      11563568 Byte
20220313 033106.004 INFO             PET0 PIOc_sync Enter - MemInfo: [malloc] Total free space:                             634320 Byte
20220313 033106.004 INFO             PET0 PIOc_sync Enter - MemInfo: [malloc] Top-most, releasable space:                   429056 Byte
20220313 033106.004 INFO             PET0 PIOc_sync Enter - MemInfo: [malloc] Total space in use, mmap + non-mmap:        13144624 Byte
20220313 033106.004 INFO             PET0 PIOc_sync Enter - MemInfo: [malloc] Total space held (mmap + non-mmap):         13778944 Byte
20220313 033106.004 INFO             PET0 PIOc_sync Enter - MemInfo: [malloc] Total space used (mmap + non-mmap):         13153968 Byte
20220313 033106.004 INFO             PET0 PIOc_sync Enter - MemInfo: Wall-clock time since execution start:               0.283245 seconds
20220313 033106.004 INFO             PET0 PIOc_sync Exit - MemInfo: [/proc/meminfo - SSI]	MemTotal:       196434604 kB
20220313 033106.004 INFO             PET0 PIOc_sync Exit - MemInfo: [/proc/meminfo - SSI]	MemFree:        184345876 kB
20220313 033106.004 INFO             PET0 PIOc_sync Exit - MemInfo: [/proc/meminfo - SSI]	MemAvailable:   191830064 kB
20220313 033106.004 INFO             PET0 PIOc_sync Exit - MemInfo: [/proc/meminfo - SSI]	Committed_AS:     667712 kB
20220313 033106.004 INFO             PET0 PIOc_sync Exit - MemInfo: [/proc/meminfo - SSI]	CommittedPercent: 0.339916 %
20220313 033106.004 INFO             PET0 PIOc_sync Exit - MemInfo: [/proc/self/status]	VmPeak:	  678240 kB
20220313 033106.004 INFO             PET0 PIOc_sync Exit - MemInfo: [/proc/self/status]	VmSize:	  678232 kB
20220313 033106.004 INFO             PET0 PIOc_sync Exit - MemInfo: [/proc/self/status]	VmLck:	       0 kB
20220313 033106.004 INFO             PET0 PIOc_sync Exit - MemInfo: [/proc/self/status]	VmPin:	       0 kB
20220313 033106.004 INFO             PET0 PIOc_sync Exit - MemInfo: [/proc/self/status]	VmHWM:	   71744 kB
20220313 033106.004 INFO             PET0 PIOc_sync Exit - MemInfo: [/proc/self/status]	VmRSS:	   39336 kB
20220313 033106.004 INFO             PET0 PIOc_sync Exit - MemInfo: [/proc/self/status]	VmData:	  195416 kB
20220313 033106.004 INFO             PET0 PIOc_sync Exit - MemInfo: [/proc/self/status]	VmStk:	     144 kB
20220313 033106.004 INFO             PET0 PIOc_sync Exit - MemInfo: [/proc/self/status]	VmExe:	     356 kB
20220313 033106.004 INFO             PET0 PIOc_sync Exit - MemInfo: [/proc/self/status]	VmLib:	   83112 kB
20220313 033106.004 INFO             PET0 PIOc_sync Exit - MemInfo: [/proc/self/status]	VmPTE:	     944 kB
20220313 033106.004 INFO             PET0 PIOc_sync Exit - MemInfo: [/proc/self/status]	VmSwap:	       0 kB
20220313 033106.004 INFO             PET0 PIOc_sync Exit - MemInfo: [/proc/self/status]	VmRSSPercent: 0.020025 %
20220313 033106.004 INFO             PET0 PIOc_sync Exit - MemInfo: [malloc] Non-mmapped space allocated:                12197888 Byte
20220313 033106.004 INFO             PET0 PIOc_sync Exit - MemInfo: [malloc] Space allocated in mmapped regions:          1581056 Byte
20220313 033106.004 INFO             PET0 PIOc_sync Exit - MemInfo: [malloc] Maximum total allocated space:                     0 Byte
20220313 033106.004 INFO             PET0 PIOc_sync Exit - MemInfo: [malloc] Space in freed fastbin blocks:                  1152 Byte
20220313 033106.004 INFO             PET0 PIOc_sync Exit - MemInfo: [malloc] Total allocated space:                      11602400 Byte
20220313 033106.004 INFO             PET0 PIOc_sync Exit - MemInfo: [malloc] Total free space:                             595488 Byte
20220313 033106.004 INFO             PET0 PIOc_sync Exit - MemInfo: [malloc] Top-most, releasable space:                   384752 Byte
20220313 033106.004 INFO             PET0 PIOc_sync Exit - MemInfo: [malloc] Total space in use, mmap + non-mmap:        13183456 Byte
20220313 033106.004 INFO             PET0 PIOc_sync Exit - MemInfo: [malloc] Total space held (mmap + non-mmap):         13778944 Byte
20220313 033106.004 INFO             PET0 PIOc_sync Exit - MemInfo: [malloc] Total space used (mmap + non-mmap):         13192800 Byte
20220313 033106.004 INFO             PET0 PIOc_sync Exit - MemInfo: Wall-clock time since execution start:               0.283765 seconds
20220313 033106.004 WARNING          PET0 ESMCI_PIO_Handler.C:1501 ESMCI::PIO_Handler::isOpen() File, sep.nc000, closed by PIO
20220313 033106.004 WARNING          PET0 ESMCI_PIO_Handler.C:1501 ESMCI::PIO_Handler::isOpen() File, sep.nc000, closed by PIO
20220313 033106.004 WARNING          PET0 ESMCI_PIO_Handler.C:1501 ESMCI::PIO_Handler::isOpen() File, sep.nc000, closed by PIO
20220313 033106.004 WARNING          PET0 ESMCI_PIO_Handler.C:1501 ESMCI::PIO_Handler::isOpen() File, sep.nc001, closed by PIO
20220313 033106.010 INFO             PET0 PIOc_sync Enter - MemInfo: [/proc/meminfo - SSI]	MemTotal:       196434604 kB
20220313 033106.010 INFO             PET0 PIOc_sync Enter - MemInfo: [/proc/meminfo - SSI]	MemFree:        184345876 kB
20220313 033106.010 INFO             PET0 PIOc_sync Enter - MemInfo: [/proc/meminfo - SSI]	MemAvailable:   191830064 kB
20220313 033106.010 INFO             PET0 PIOc_sync Enter - MemInfo: [/proc/meminfo - SSI]	Committed_AS:     667712 kB
20220313 033106.010 INFO             PET0 PIOc_sync Enter - MemInfo: [/proc/meminfo - SSI]	CommittedPercent: 0.339916 %
20220313 033106.010 INFO             PET0 PIOc_sync Enter - MemInfo: [/proc/self/status]	VmPeak:	  678240 kB
20220313 033106.010 INFO             PET0 PIOc_sync Enter - MemInfo: [/proc/self/status]	VmSize:	  678232 kB
20220313 033106.010 INFO             PET0 PIOc_sync Enter - MemInfo: [/proc/self/status]	VmLck:	       0 kB
20220313 033106.010 INFO             PET0 PIOc_sync Enter - MemInfo: [/proc/self/status]	VmPin:	       0 kB
20220313 033106.010 INFO             PET0 PIOc_sync Enter - MemInfo: [/proc/self/status]	VmHWM:	   71744 kB
20220313 033106.010 INFO             PET0 PIOc_sync Enter - MemInfo: [/proc/self/status]	VmRSS:	   39340 kB
20220313 033106.010 INFO             PET0 PIOc_sync Enter - MemInfo: [/proc/self/status]	VmData:	  195416 kB
20220313 033106.010 INFO             PET0 PIOc_sync Enter - MemInfo: [/proc/self/status]	VmStk:	     144 kB
20220313 033106.010 INFO             PET0 PIOc_sync Enter - MemInfo: [/proc/self/status]	VmExe:	     356 kB
20220313 033106.010 INFO             PET0 PIOc_sync Enter - MemInfo: [/proc/self/status]	VmLib:	   83112 kB
20220313 033106.010 INFO             PET0 PIOc_sync Enter - MemInfo: [/proc/self/status]	VmPTE:	     944 kB
20220313 033106.010 INFO             PET0 PIOc_sync Enter - MemInfo: [/proc/self/status]	VmSwap:	       0 kB
20220313 033106.010 INFO             PET0 PIOc_sync Enter - MemInfo: [/proc/self/status]	VmRSSPercent: 0.020027 %
20220313 033106.010 INFO             PET0 PIOc_sync Enter - MemInfo: [malloc] Non-mmapped space allocated:                12197888 Byte
20220313 033106.010 INFO             PET0 PIOc_sync Enter - MemInfo: [malloc] Space allocated in mmapped regions:          1581056 Byte
20220313 033106.010 INFO             PET0 PIOc_sync Enter - MemInfo: [malloc] Maximum total allocated space:                     0 Byte
20220313 033106.010 INFO             PET0 PIOc_sync Enter - MemInfo: [malloc] Space in freed fastbin blocks:                  1216 Byte
20220313 033106.010 INFO             PET0 PIOc_sync Enter - MemInfo: [malloc] Total allocated space:                      11612816 Byte
20220313 033106.010 INFO             PET0 PIOc_sync Enter - MemInfo: [malloc] Total free space:                             585072 Byte
20220313 033106.010 INFO             PET0 PIOc_sync Enter - MemInfo: [malloc] Top-most, releasable space:                   379312 Byte
20220313 033106.010 INFO             PET0 PIOc_sync Enter - MemInfo: [malloc] Total space in use, mmap + non-mmap:        13193872 Byte
20220313 033106.010 INFO             PET0 PIOc_sync Enter - MemInfo: [malloc] Total space held (mmap + non-mmap):         13778944 Byte
20220313 033106.010 INFO             PET0 PIOc_sync Enter - MemInfo: [malloc] Total space used (mmap + non-mmap):         13203216 Byte
20220313 033106.010 INFO             PET0 PIOc_sync Enter - MemInfo: Wall-clock time since execution start:               0.289563 seconds
20220313 033106.010 INFO             PET0 PIOc_sync Exit - MemInfo: [/proc/meminfo - SSI]	MemTotal:       196434604 kB
20220313 033106.010 INFO             PET0 PIOc_sync Exit - MemInfo: [/proc/meminfo - SSI]	MemFree:        184345876 kB
20220313 033106.010 INFO             PET0 PIOc_sync Exit - MemInfo: [/proc/meminfo - SSI]	MemAvailable:   191830064 kB
20220313 033106.010 INFO             PET0 PIOc_sync Exit - MemInfo: [/proc/meminfo - SSI]	Committed_AS:     667712 kB
20220313 033106.010 INFO             PET0 PIOc_sync Exit - MemInfo: [/proc/meminfo - SSI]	CommittedPercent: 0.339916 %
20220313 033106.010 INFO             PET0 PIOc_sync Exit - MemInfo: [/proc/self/status]	VmPeak:	  678240 kB
20220313 033106.010 INFO             PET0 PIOc_sync Exit - MemInfo: [/proc/self/status]	VmSize:	  678232 kB
20220313 033106.010 INFO             PET0 PIOc_sync Exit - MemInfo: [/proc/self/status]	VmLck:	       0 kB
20220313 033106.010 INFO             PET0 PIOc_sync Exit - MemInfo: [/proc/self/status]	VmPin:	       0 kB
20220313 033106.010 INFO             PET0 PIOc_sync Exit - MemInfo: [/proc/self/status]	VmHWM:	   71744 kB
20220313 033106.010 INFO             PET0 PIOc_sync Exit - MemInfo: [/proc/self/status]	VmRSS:	   39340 kB
20220313 033106.010 INFO             PET0 PIOc_sync Exit - MemInfo: [/proc/self/status]	VmData:	  195416 kB
20220313 033106.010 INFO             PET0 PIOc_sync Exit - MemInfo: [/proc/self/status]	VmStk:	     144 kB
20220313 033106.010 INFO             PET0 PIOc_sync Exit - MemInfo: [/proc/self/status]	VmExe:	     356 kB
20220313 033106.010 INFO             PET0 PIOc_sync Exit - MemInfo: [/proc/self/status]	VmLib:	   83112 kB
20220313 033106.010 INFO             PET0 PIOc_sync Exit - MemInfo: [/proc/self/status]	VmPTE:	     944 kB
20220313 033106.010 INFO             PET0 PIOc_sync Exit - MemInfo: [/proc/self/status]	VmSwap:	       0 kB
20220313 033106.010 INFO             PET0 PIOc_sync Exit - MemInfo: [/proc/self/status]	VmRSSPercent: 0.020027 %
20220313 033106.010 INFO             PET0 PIOc_sync Exit - MemInfo: [malloc] Non-mmapped space allocated:                12197888 Byte
20220313 033106.010 INFO             PET0 PIOc_sync Exit - MemInfo: [malloc] Space allocated in mmapped regions:          1581056 Byte
20220313 033106.010 INFO             PET0 PIOc_sync Exit - MemInfo: [malloc] Maximum total allocated space:                     0 Byte
20220313 033106.010 INFO             PET0 PIOc_sync Exit - MemInfo: [malloc] Space in freed fastbin blocks:                  1152 Byte
20220313 033106.010 INFO             PET0 PIOc_sync Exit - MemInfo: [malloc] Total allocated space:                      11651856 Byte
20220313 033106.010 INFO             PET0 PIOc_sync Exit - MemInfo: [malloc] Total free space:                             546032 Byte
20220313 033106.010 INFO             PET0 PIOc_sync Exit - MemInfo: [malloc] Top-most, releasable space:                   336880 Byte
20220313 033106.010 INFO             PET0 PIOc_sync Exit - MemInfo: [malloc] Total space in use, mmap + non-mmap:        13232912 Byte
20220313 033106.010 INFO             PET0 PIOc_sync Exit - MemInfo: [malloc] Total space held (mmap + non-mmap):         13778944 Byte
20220313 033106.010 INFO             PET0 PIOc_sync Exit - MemInfo: [malloc] Total space used (mmap + non-mmap):         13242256 Byte
20220313 033106.010 INFO             PET0 PIOc_sync Exit - MemInfo: Wall-clock time since execution start:               0.290063 seconds
20220313 033106.011 WARNING          PET0 ESMCI_PIO_Handler.C:1501 ESMCI::PIO_Handler::isOpen() File, sep.nc001, closed by PIO
20220313 033106.011 WARNING          PET0 ESMCI_PIO_Handler.C:1501 ESMCI::PIO_Handler::isOpen() File, sep.nc001, closed by PIO
20220313 033106.011 WARNING          PET0 ESMCI_PIO_Handler.C:1501 ESMCI::PIO_Handler::isOpen() File, sep.nc001, closed by PIO
20220313 033106.011 WARNING          PET0 ESMCI_PIO_Handler.C:1501 ESMCI::PIO_Handler::isOpen() File, sep.nc002, closed by PIO
20220313 033106.015 INFO             PET0 PIOc_sync Enter - MemInfo: [/proc/meminfo - SSI]	MemTotal:       196434604 kB
20220313 033106.015 INFO             PET0 PIOc_sync Enter - MemInfo: [/proc/meminfo - SSI]	MemFree:        184345876 kB
20220313 033106.015 INFO             PET0 PIOc_sync Enter - MemInfo: [/proc/meminfo - SSI]	MemAvailable:   191830064 kB
20220313 033106.015 INFO             PET0 PIOc_sync Enter - MemInfo: [/proc/meminfo - SSI]	Committed_AS:     667712 kB
20220313 033106.015 INFO             PET0 PIOc_sync Enter - MemInfo: [/proc/meminfo - SSI]	CommittedPercent: 0.339916 %
20220313 033106.015 INFO             PET0 PIOc_sync Enter - MemInfo: [/proc/self/status]	VmPeak:	  678240 kB
20220313 033106.015 INFO             PET0 PIOc_sync Enter - MemInfo: [/proc/self/status]	VmSize:	  678232 kB
20220313 033106.015 INFO             PET0 PIOc_sync Enter - MemInfo: [/proc/self/status]	VmLck:	       0 kB
20220313 033106.015 INFO             PET0 PIOc_sync Enter - MemInfo: [/proc/self/status]	VmPin:	       0 kB
20220313 033106.015 INFO             PET0 PIOc_sync Enter - MemInfo: [/proc/self/status]	VmHWM:	   71744 kB
20220313 033106.015 INFO             PET0 PIOc_sync Enter - MemInfo: [/proc/self/status]	VmRSS:	   39340 kB
20220313 033106.015 INFO             PET0 PIOc_sync Enter - MemInfo: [/proc/self/status]	VmData:	  195416 kB
20220313 033106.015 INFO             PET0 PIOc_sync Enter - MemInfo: [/proc/self/status]	VmStk:	     144 kB
20220313 033106.015 INFO             PET0 PIOc_sync Enter - MemInfo: [/proc/self/status]	VmExe:	     356 kB
20220313 033106.015 INFO             PET0 PIOc_sync Enter - MemInfo: [/proc/self/status]	VmLib:	   83112 kB
20220313 033106.015 INFO             PET0 PIOc_sync Enter - MemInfo: [/proc/self/status]	VmPTE:	     944 kB
20220313 033106.015 INFO             PET0 PIOc_sync Enter - MemInfo: [/proc/self/status]	VmSwap:	       0 kB
20220313 033106.015 INFO             PET0 PIOc_sync Enter - MemInfo: [/proc/self/status]	VmRSSPercent: 0.020027 %
20220313 033106.015 INFO             PET0 PIOc_sync Enter - MemInfo: [malloc] Non-mmapped space allocated:                12197888 Byte
20220313 033106.015 INFO             PET0 PIOc_sync Enter - MemInfo: [malloc] Space allocated in mmapped regions:          1581056 Byte
20220313 033106.015 INFO             PET0 PIOc_sync Enter - MemInfo: [malloc] Maximum total allocated space:                     0 Byte
20220313 033106.015 INFO             PET0 PIOc_sync Enter - MemInfo: [malloc] Space in freed fastbin blocks:                  1136 Byte
20220313 033106.015 INFO             PET0 PIOc_sync Enter - MemInfo: [malloc] Total allocated space:                      11667536 Byte
20220313 033106.015 INFO             PET0 PIOc_sync Enter - MemInfo: [malloc] Total free space:                             530352 Byte
20220313 033106.015 INFO             PET0 PIOc_sync Enter - MemInfo: [malloc] Top-most, releasable space:                   318048 Byte
20220313 033106.015 INFO             PET0 PIOc_sync Enter - MemInfo: [malloc] Total space in use, mmap + non-mmap:        13248592 Byte
20220313 033106.015 INFO             PET0 PIOc_sync Enter - MemInfo: [malloc] Total space held (mmap + non-mmap):         13778944 Byte
20220313 033106.015 INFO             PET0 PIOc_sync Enter - MemInfo: [malloc] Total space used (mmap + non-mmap):         13257936 Byte
20220313 033106.016 INFO             PET0 PIOc_sync Enter - MemInfo: Wall-clock time since execution start:               0.295173 seconds
20220313 033106.016 INFO             PET0 PIOc_sync Exit - MemInfo: [/proc/meminfo - SSI]	MemTotal:       196434604 kB
20220313 033106.016 INFO             PET0 PIOc_sync Exit - MemInfo: [/proc/meminfo - SSI]	MemFree:        184345876 kB
20220313 033106.016 INFO             PET0 PIOc_sync Exit - MemInfo: [/proc/meminfo - SSI]	MemAvailable:   191830064 kB
20220313 033106.016 INFO             PET0 PIOc_sync Exit - MemInfo: [/proc/meminfo - SSI]	Committed_AS:     667712 kB
20220313 033106.016 INFO             PET0 PIOc_sync Exit - MemInfo: [/proc/meminfo - SSI]	CommittedPercent: 0.339916 %
20220313 033106.016 INFO             PET0 PIOc_sync Exit - MemInfo: [/proc/self/status]	VmPeak:	  678240 kB
20220313 033106.016 INFO             PET0 PIOc_sync Exit - MemInfo: [/proc/self/status]	VmSize:	  678232 kB
20220313 033106.016 INFO             PET0 PIOc_sync Exit - MemInfo: [/proc/self/status]	VmLck:	       0 kB
20220313 033106.016 INFO             PET0 PIOc_sync Exit - MemInfo: [/proc/self/status]	VmPin:	       0 kB
20220313 033106.016 INFO             PET0 PIOc_sync Exit - MemInfo: [/proc/self/status]	VmHWM:	   71744 kB
20220313 033106.016 INFO             PET0 PIOc_sync Exit - MemInfo: [/proc/self/status]	VmRSS:	   39344 kB
20220313 033106.016 INFO             PET0 PIOc_sync Exit - MemInfo: [/proc/self/status]	VmData:	  195416 kB
20220313 033106.016 INFO             PET0 PIOc_sync Exit - MemInfo: [/proc/self/status]	VmStk:	     144 kB
20220313 033106.016 INFO             PET0 PIOc_sync Exit - MemInfo: [/proc/self/status]	VmExe:	     356 kB
20220313 033106.016 INFO             PET0 PIOc_sync Exit - MemInfo: [/proc/self/status]	VmLib:	   83112 kB
20220313 033106.016 INFO             PET0 PIOc_sync Exit - MemInfo: [/proc/self/status]	VmPTE:	     944 kB
20220313 033106.016 INFO             PET0 PIOc_sync Exit - MemInfo: [/proc/self/status]	VmSwap:	       0 kB
20220313 033106.016 INFO             PET0 PIOc_sync Exit - MemInfo: [/proc/self/status]	VmRSSPercent: 0.0200291 %
20220313 033106.016 INFO             PET0 PIOc_sync Exit - MemInfo: [malloc] Non-mmapped space allocated:                12197888 Byte
20220313 033106.016 INFO             PET0 PIOc_sync Exit - MemInfo: [malloc] Space allocated in mmapped regions:          1581056 Byte
20220313 033106.016 INFO             PET0 PIOc_sync Exit - MemInfo: [malloc] Maximum total allocated space:                     0 Byte
20220313 033106.016 INFO             PET0 PIOc_sync Exit - MemInfo: [malloc] Space in freed fastbin blocks:                  1264 Byte
20220313 033106.016 INFO             PET0 PIOc_sync Exit - MemInfo: [malloc] Total allocated space:                      11780704 Byte
20220313 033106.016 INFO             PET0 PIOc_sync Exit - MemInfo: [malloc] Total free space:                             417184 Byte
20220313 033106.016 INFO             PET0 PIOc_sync Exit - MemInfo: [malloc] Top-most, releasable space:                   195632 Byte
20220313 033106.016 INFO             PET0 PIOc_sync Exit - MemInfo: [malloc] Total space in use, mmap + non-mmap:        13361760 Byte
20220313 033106.016 INFO             PET0 PIOc_sync Exit - MemInfo: [malloc] Total space held (mmap + non-mmap):         13778944 Byte
20220313 033106.016 INFO             PET0 PIOc_sync Exit - MemInfo: [malloc] Total space used (mmap + non-mmap):         13371104 Byte
20220313 033106.016 INFO             PET0 PIOc_sync Exit - MemInfo: Wall-clock time since execution start:               0.295892 seconds
20220313 033106.017 INFO             PET0 PIOc_freedecomp Enter - MemInfo: [/proc/meminfo - SSI]	MemTotal:       196434604 kB
20220313 033106.017 INFO             PET0 PIOc_freedecomp Enter - MemInfo: [/proc/meminfo - SSI]	MemFree:        184345876 kB
20220313 033106.017 INFO             PET0 PIOc_freedecomp Enter - MemInfo: [/proc/meminfo - SSI]	MemAvailable:   191830064 kB
20220313 033106.017 INFO             PET0 PIOc_freedecomp Enter - MemInfo: [/proc/meminfo - SSI]	Committed_AS:     667712 kB
20220313 033106.017 INFO             PET0 PIOc_freedecomp Enter - MemInfo: [/proc/meminfo - SSI]	CommittedPercent: 0.339916 %
20220313 033106.017 INFO             PET0 PIOc_freedecomp Enter - MemInfo: [/proc/self/status]	VmPeak:	  678240 kB
20220313 033106.017 INFO             PET0 PIOc_freedecomp Enter - MemInfo: [/proc/self/status]	VmSize:	  678232 kB
20220313 033106.017 INFO             PET0 PIOc_freedecomp Enter - MemInfo: [/proc/self/status]	VmLck:	       0 kB
20220313 033106.017 INFO             PET0 PIOc_freedecomp Enter - MemInfo: [/proc/self/status]	VmPin:	       0 kB
20220313 033106.017 INFO             PET0 PIOc_freedecomp Enter - MemInfo: [/proc/self/status]	VmHWM:	   71744 kB
20220313 033106.017 INFO             PET0 PIOc_freedecomp Enter - MemInfo: [/proc/self/status]	VmRSS:	   39344 kB
20220313 033106.017 INFO             PET0 PIOc_freedecomp Enter - MemInfo: [/proc/self/status]	VmData:	  195416 kB
20220313 033106.017 INFO             PET0 PIOc_freedecomp Enter - MemInfo: [/proc/self/status]	VmStk:	     144 kB
20220313 033106.017 INFO             PET0 PIOc_freedecomp Enter - MemInfo: [/proc/self/status]	VmExe:	     356 kB
20220313 033106.017 INFO             PET0 PIOc_freedecomp Enter - MemInfo: [/proc/self/status]	VmLib:	   83112 kB
20220313 033106.017 INFO             PET0 PIOc_freedecomp Enter - MemInfo: [/proc/self/status]	VmPTE:	     944 kB
20220313 033106.017 INFO             PET0 PIOc_freedecomp Enter - MemInfo: [/proc/self/status]	VmSwap:	       0 kB
20220313 033106.017 INFO             PET0 PIOc_freedecomp Enter - MemInfo: [/proc/self/status]	VmRSSPercent: 0.0200291 %
20220313 033106.017 INFO             PET0 PIOc_freedecomp Enter - MemInfo: [malloc] Non-mmapped space allocated:                12197888 Byte
20220313 033106.017 INFO             PET0 PIOc_freedecomp Enter - MemInfo: [malloc] Space allocated in mmapped regions:          1581056 Byte
20220313 033106.017 INFO             PET0 PIOc_freedecomp Enter - MemInfo: [malloc] Maximum total allocated space:                     0 Byte
20220313 033106.017 INFO             PET0 PIOc_freedecomp Enter - MemInfo: [malloc] Space in freed fastbin blocks:                  1312 Byte
20220313 033106.017 INFO             PET0 PIOc_freedecomp Enter - MemInfo: [malloc] Total allocated space:                       2854304 Byte
20220313 033106.017 INFO             PET0 PIOc_freedecomp Enter - MemInfo: [malloc] Total free space:                            9343584 Byte
20220313 033106.017 INFO             PET0 PIOc_freedecomp Enter - MemInfo: [malloc] Top-most, releasable space:                   202400 Byte
20220313 033106.017 INFO             PET0 PIOc_freedecomp Enter - MemInfo: [malloc] Total space in use, mmap + non-mmap:         4435360 Byte
20220313 033106.017 INFO             PET0 PIOc_freedecomp Enter - MemInfo: [malloc] Total space held (mmap + non-mmap):         13778944 Byte
20220313 033106.017 INFO             PET0 PIOc_freedecomp Enter - MemInfo: [malloc] Total space used (mmap + non-mmap):          4444704 Byte
20220313 033106.017 INFO             PET0 PIOc_freedecomp Enter - MemInfo: Wall-clock time since execution start:               0.296713 seconds
20220313 033106.017 INFO             PET0 PIOc_freedecomp Exit - MemInfo: [/proc/meminfo - SSI]	MemTotal:       196434604 kB
20220313 033106.017 INFO             PET0 PIOc_freedecomp Exit - MemInfo: [/proc/meminfo - SSI]	MemFree:        184345876 kB
20220313 033106.017 INFO             PET0 PIOc_freedecomp Exit - MemInfo: [/proc/meminfo - SSI]	MemAvailable:   191830064 kB
20220313 033106.017 INFO             PET0 PIOc_freedecomp Exit - MemInfo: [/proc/meminfo - SSI]	Committed_AS:     667712 kB
20220313 033106.017 INFO             PET0 PIOc_freedecomp Exit - MemInfo: [/proc/meminfo - SSI]	CommittedPercent: 0.339916 %
20220313 033106.017 INFO             PET0 PIOc_freedecomp Exit - MemInfo: [/proc/self/status]	VmPeak:	  678240 kB
20220313 033106.017 INFO             PET0 PIOc_freedecomp Exit - MemInfo: [/proc/self/status]	VmSize:	  678232 kB
20220313 033106.017 INFO             PET0 PIOc_freedecomp Exit - MemInfo: [/proc/self/status]	VmLck:	       0 kB
20220313 033106.017 INFO             PET0 PIOc_freedecomp Exit - MemInfo: [/proc/self/status]	VmPin:	       0 kB
20220313 033106.017 INFO             PET0 PIOc_freedecomp Exit - MemInfo: [/proc/self/status]	VmHWM:	   71744 kB
20220313 033106.017 INFO             PET0 PIOc_freedecomp Exit - MemInfo: [/proc/self/status]	VmRSS:	   39344 kB
20220313 033106.017 INFO             PET0 PIOc_freedecomp Exit - MemInfo: [/proc/self/status]	VmData:	  195416 kB
20220313 033106.017 INFO             PET0 PIOc_freedecomp Exit - MemInfo: [/proc/self/status]	VmStk:	     144 kB
20220313 033106.017 INFO             PET0 PIOc_freedecomp Exit - MemInfo: [/proc/self/status]	VmExe:	     356 kB
20220313 033106.017 INFO             PET0 PIOc_freedecomp Exit - MemInfo: [/proc/self/status]	VmLib:	   83112 kB
20220313 033106.017 INFO             PET0 PIOc_freedecomp Exit - MemInfo: [/proc/self/status]	VmPTE:	     944 kB
20220313 033106.017 INFO             PET0 PIOc_freedecomp Exit - MemInfo: [/proc/self/status]	VmSwap:	       0 kB
20220313 033106.017 INFO             PET0 PIOc_freedecomp Exit - MemInfo: [/proc/self/status]	VmRSSPercent: 0.0200291 %
20220313 033106.017 INFO             PET0 PIOc_freedecomp Exit - MemInfo: [malloc] Non-mmapped space allocated:                12197888 Byte
20220313 033106.017 INFO             PET0 PIOc_freedecomp Exit - MemInfo: [malloc] Space allocated in mmapped regions:          1581056 Byte
20220313 033106.017 INFO             PET0 PIOc_freedecomp Exit - MemInfo: [malloc] Maximum total allocated space:                     0 Byte
20220313 033106.017 INFO             PET0 PIOc_freedecomp Exit - MemInfo: [malloc] Space in freed fastbin blocks:                   960 Byte
20220313 033106.017 INFO             PET0 PIOc_freedecomp Exit - MemInfo: [malloc] Total allocated space:                       2725696 Byte
20220313 033106.017 INFO             PET0 PIOc_freedecomp Exit - MemInfo: [malloc] Total free space:                            9472192 Byte
20220313 033106.017 INFO             PET0 PIOc_freedecomp Exit - MemInfo: [malloc] Top-most, releasable space:                   341472 Byte
20220313 033106.017 INFO             PET0 PIOc_freedecomp Exit - MemInfo: [malloc] Total space in use, mmap + non-mmap:         4306752 Byte
20220313 033106.017 INFO             PET0 PIOc_freedecomp Exit - MemInfo: [malloc] Total space held (mmap + non-mmap):         13778944 Byte
20220313 033106.017 INFO             PET0 PIOc_freedecomp Exit - MemInfo: [malloc] Total space used (mmap + non-mmap):          4316096 Byte
20220313 033106.017 INFO             PET0 PIOc_freedecomp Exit - MemInfo: Wall-clock time since execution start:               0.297059 seconds
20220313 033106.018 INFO             PET0 PIOc_freedecomp Enter - MemInfo: [/proc/meminfo - SSI]	MemTotal:       196434604 kB
20220313 033106.018 INFO             PET0 PIOc_freedecomp Enter - MemInfo: [/proc/meminfo - SSI]	MemFree:        184345876 kB
20220313 033106.018 INFO             PET0 PIOc_freedecomp Enter - MemInfo: [/proc/meminfo - SSI]	MemAvailable:   191830064 kB
20220313 033106.018 INFO             PET0 PIOc_freedecomp Enter - MemInfo: [/proc/meminfo - SSI]	Committed_AS:     667712 kB
20220313 033106.018 INFO             PET0 PIOc_freedecomp Enter - MemInfo: [/proc/meminfo - SSI]	CommittedPercent: 0.339916 %
20220313 033106.018 INFO             PET0 PIOc_freedecomp Enter - MemInfo: [/proc/self/status]	VmPeak:	  678240 kB
20220313 033106.018 INFO             PET0 PIOc_freedecomp Enter - MemInfo: [/proc/self/status]	VmSize:	  678232 kB
20220313 033106.018 INFO             PET0 PIOc_freedecomp Enter - MemInfo: [/proc/self/status]	VmLck:	       0 kB
20220313 033106.018 INFO             PET0 PIOc_freedecomp Enter - MemInfo: [/proc/self/status]	VmPin:	       0 kB
20220313 033106.018 INFO             PET0 PIOc_freedecomp Enter - MemInfo: [/proc/self/status]	VmHWM:	   71744 kB
20220313 033106.018 INFO             PET0 PIOc_freedecomp Enter - MemInfo: [/proc/self/status]	VmRSS:	   39344 kB
20220313 033106.018 INFO             PET0 PIOc_freedecomp Enter - MemInfo: [/proc/self/status]	VmData:	  195416 kB
20220313 033106.018 INFO             PET0 PIOc_freedecomp Enter - MemInfo: [/proc/self/status]	VmStk:	     144 kB
20220313 033106.018 INFO             PET0 PIOc_freedecomp Enter - MemInfo: [/proc/self/status]	VmExe:	     356 kB
20220313 033106.018 INFO             PET0 PIOc_freedecomp Enter - MemInfo: [/proc/self/status]	VmLib:	   83112 kB
20220313 033106.018 INFO             PET0 PIOc_freedecomp Enter - MemInfo: [/proc/self/status]	VmPTE:	     944 kB
20220313 033106.018 INFO             PET0 PIOc_freedecomp Enter - MemInfo: [/proc/self/status]	VmSwap:	       0 kB
20220313 033106.018 INFO             PET0 PIOc_freedecomp Enter - MemInfo: [/proc/self/status]	VmRSSPercent: 0.0200291 %
20220313 033106.018 INFO             PET0 PIOc_freedecomp Enter - MemInfo: [malloc] Non-mmapped space allocated:                12197888 Byte
20220313 033106.018 INFO             PET0 PIOc_freedecomp Enter - MemInfo: [malloc] Space allocated in mmapped regions:          1581056 Byte
20220313 033106.018 INFO             PET0 PIOc_freedecomp Enter - MemInfo: [malloc] Maximum total allocated space:                     0 Byte
20220313 033106.018 INFO             PET0 PIOc_freedecomp Enter - MemInfo: [malloc] Space in freed fastbin blocks:                  1728 Byte
20220313 033106.018 INFO             PET0 PIOc_freedecomp Enter - MemInfo: [malloc] Total allocated space:                       2725568 Byte
20220313 033106.018 INFO             PET0 PIOc_freedecomp Enter - MemInfo: [malloc] Total free space:                            9472320 Byte
20220313 033106.018 INFO             PET0 PIOc_freedecomp Enter - MemInfo: [malloc] Top-most, releasable space:                   341472 Byte
20220313 033106.018 INFO             PET0 PIOc_freedecomp Enter - MemInfo: [malloc] Total space in use, mmap + non-mmap:         4306624 Byte
20220313 033106.018 INFO             PET0 PIOc_freedecomp Enter - MemInfo: [malloc] Total space held (mmap + non-mmap):         13778944 Byte
20220313 033106.018 INFO             PET0 PIOc_freedecomp Enter - MemInfo: [malloc] Total space used (mmap + non-mmap):          4315968 Byte
20220313 033106.018 INFO             PET0 PIOc_freedecomp Enter - MemInfo: Wall-clock time since execution start:               0.297429 seconds
20220313 033106.018 INFO             PET0 PIOc_freedecomp Exit - MemInfo: [/proc/meminfo - SSI]	MemTotal:       196434604 kB
20220313 033106.018 INFO             PET0 PIOc_freedecomp Exit - MemInfo: [/proc/meminfo - SSI]	MemFree:        184345876 kB
20220313 033106.018 INFO             PET0 PIOc_freedecomp Exit - MemInfo: [/proc/meminfo - SSI]	MemAvailable:   191830064 kB
20220313 033106.018 INFO             PET0 PIOc_freedecomp Exit - MemInfo: [/proc/meminfo - SSI]	Committed_AS:     667712 kB
20220313 033106.018 INFO             PET0 PIOc_freedecomp Exit - MemInfo: [/proc/meminfo - SSI]	CommittedPercent: 0.339916 %
20220313 033106.018 INFO             PET0 PIOc_freedecomp Exit - MemInfo: [/proc/self/status]	VmPeak:	  678240 kB
20220313 033106.018 INFO             PET0 PIOc_freedecomp Exit - MemInfo: [/proc/self/status]	VmSize:	  678232 kB
20220313 033106.018 INFO             PET0 PIOc_freedecomp Exit - MemInfo: [/proc/self/status]	VmLck:	       0 kB
20220313 033106.018 INFO             PET0 PIOc_freedecomp Exit - MemInfo: [/proc/self/status]	VmPin:	       0 kB
20220313 033106.018 INFO             PET0 PIOc_freedecomp Exit - MemInfo: [/proc/self/status]	VmHWM:	   71744 kB
20220313 033106.018 INFO             PET0 PIOc_freedecomp Exit - MemInfo: [/proc/self/status]	VmRSS:	   39344 kB
20220313 033106.018 INFO             PET0 PIOc_freedecomp Exit - MemInfo: [/proc/self/status]	VmData:	  195416 kB
20220313 033106.018 INFO             PET0 PIOc_freedecomp Exit - MemInfo: [/proc/self/status]	VmStk:	     144 kB
20220313 033106.018 INFO             PET0 PIOc_freedecomp Exit - MemInfo: [/proc/self/status]	VmExe:	     356 kB
20220313 033106.018 INFO             PET0 PIOc_freedecomp Exit - MemInfo: [/proc/self/status]	VmLib:	   83112 kB
20220313 033106.018 INFO             PET0 PIOc_freedecomp Exit - MemInfo: [/proc/self/status]	VmPTE:	     944 kB
20220313 033106.018 INFO             PET0 PIOc_freedecomp Exit - MemInfo: [/proc/self/status]	VmSwap:	       0 kB
20220313 033106.018 INFO             PET0 PIOc_freedecomp Exit - MemInfo: [/proc/self/status]	VmRSSPercent: 0.0200291 %
20220313 033106.018 INFO             PET0 PIOc_freedecomp Exit - MemInfo: [malloc] Non-mmapped space allocated:                12197888 Byte
20220313 033106.018 INFO             PET0 PIOc_freedecomp Exit - MemInfo: [malloc] Space allocated in mmapped regions:          1581056 Byte
20220313 033106.018 INFO             PET0 PIOc_freedecomp Exit - MemInfo: [malloc] Maximum total allocated space:                     0 Byte
20220313 033106.018 INFO             PET0 PIOc_freedecomp Exit - MemInfo: [malloc] Space in freed fastbin blocks:                  1168 Byte
20220313 033106.018 INFO             PET0 PIOc_freedecomp Exit - MemInfo: [malloc] Total allocated space:                       2680480 Byte
20220313 033106.018 INFO             PET0 PIOc_freedecomp Exit - MemInfo: [malloc] Total free space:                            9517408 Byte
20220313 033106.018 INFO             PET0 PIOc_freedecomp Exit - MemInfo: [malloc] Top-most, releasable space:                   381424 Byte
20220313 033106.018 INFO             PET0 PIOc_freedecomp Exit - MemInfo: [malloc] Total space in use, mmap + non-mmap:         4261536 Byte
20220313 033106.018 INFO             PET0 PIOc_freedecomp Exit - MemInfo: [malloc] Total space held (mmap + non-mmap):         13778944 Byte
20220313 033106.018 INFO             PET0 PIOc_freedecomp Exit - MemInfo: [malloc] Total space used (mmap + non-mmap):          4270880 Byte
20220313 033106.018 INFO             PET0 PIOc_freedecomp Exit - MemInfo: Wall-clock time since execution start:               0.297778 seconds
20220313 033106.018 INFO             PET0 PIOc_freedecomp Enter - MemInfo: [/proc/meminfo - SSI]	MemTotal:       196434604 kB
20220313 033106.018 INFO             PET0 PIOc_freedecomp Enter - MemInfo: [/proc/meminfo - SSI]	MemFree:        184345876 kB
20220313 033106.018 INFO             PET0 PIOc_freedecomp Enter - MemInfo: [/proc/meminfo - SSI]	MemAvailable:   191830064 kB
20220313 033106.018 INFO             PET0 PIOc_freedecomp Enter - MemInfo: [/proc/meminfo - SSI]	Committed_AS:     667712 kB
20220313 033106.018 INFO             PET0 PIOc_freedecomp Enter - MemInfo: [/proc/meminfo - SSI]	CommittedPercent: 0.339916 %
20220313 033106.018 INFO             PET0 PIOc_freedecomp Enter - MemInfo: [/proc/self/status]	VmPeak:	  678240 kB
20220313 033106.018 INFO             PET0 PIOc_freedecomp Enter - MemInfo: [/proc/self/status]	VmSize:	  678232 kB
20220313 033106.018 INFO             PET0 PIOc_freedecomp Enter - MemInfo: [/proc/self/status]	VmLck:	       0 kB
20220313 033106.018 INFO             PET0 PIOc_freedecomp Enter - MemInfo: [/proc/self/status]	VmPin:	       0 kB
20220313 033106.018 INFO             PET0 PIOc_freedecomp Enter - MemInfo: [/proc/self/status]	VmHWM:	   71744 kB
20220313 033106.018 INFO             PET0 PIOc_freedecomp Enter - MemInfo: [/proc/self/status]	VmRSS:	   39344 kB
20220313 033106.018 INFO             PET0 PIOc_freedecomp Enter - MemInfo: [/proc/self/status]	VmData:	  195416 kB
20220313 033106.018 INFO             PET0 PIOc_freedecomp Enter - MemInfo: [/proc/self/status]	VmStk:	     144 kB
20220313 033106.018 INFO             PET0 PIOc_freedecomp Enter - MemInfo: [/proc/self/status]	VmExe:	     356 kB
20220313 033106.018 INFO             PET0 PIOc_freedecomp Enter - MemInfo: [/proc/self/status]	VmLib:	   83112 kB
20220313 033106.018 INFO             PET0 PIOc_freedecomp Enter - MemInfo: [/proc/self/status]	VmPTE:	     944 kB
20220313 033106.018 INFO             PET0 PIOc_freedecomp Enter - MemInfo: [/proc/self/status]	VmSwap:	       0 kB
20220313 033106.018 INFO             PET0 PIOc_freedecomp Enter - MemInfo: [/proc/self/status]	VmRSSPercent: 0.0200291 %
20220313 033106.018 INFO             PET0 PIOc_freedecomp Enter - MemInfo: [malloc] Non-mmapped space allocated:                12197888 Byte
