build time -- 2022-03-12 04:20:58
20220312 053840.202 INFO             PET0 !!!!!!!!!!!!!!!!!!!!!!!!!!!!!!!!!!!!!!!!!!!!!!!!!!!!!!
20220312 053840.202 INFO             PET0 !!! THE ESMF_LOG IS SET TO OUTPUT ALL LOG MESSAGES !!!
20220312 053840.202 INFO             PET0 !!!     THIS MAY CAUSE SLOWDOWN IN PERFORMANCE     !!!
20220312 053840.202 INFO             PET0 !!! FOR PRODUCTION RUNS, USE:                      !!!
20220312 053840.202 INFO             PET0 !!!                   ESMF_LOGKIND_Multi_On_Error  !!!
20220312 053840.202 INFO             PET0 !!!!!!!!!!!!!!!!!!!!!!!!!!!!!!!!!!!!!!!!!!!!!!!!!!!!!!
20220312 053840.202 INFO             PET0 Running with ESMF Version   : v8.3.0b09-96-g559b459
20220312 053840.202 INFO             PET0 ESMF library build date/time: "Mar 12 2022" "04:14:42"
20220312 053840.202 INFO             PET0 ESMF library build location : /work/noaa/da/mpotts/sandbox/gfortran_8.3.0_openmpi_g_jedwards_pio_update2
20220312 053840.202 INFO             PET0 ESMF_COMM                   : openmpi
20220312 053840.203 INFO             PET0 ESMF_MOAB                   : enabled
20220312 053840.203 INFO             PET0 ESMF_LAPACK                 : enabled
20220312 053840.203 INFO             PET0 ESMF_NETCDF                 : enabled
20220312 053840.203 INFO             PET0 ESMF_PNETCDF                : disabled
20220312 053840.203 INFO             PET0 ESMF_PIO                    : enabled
20220312 053840.203 INFO             PET0 ESMF_YAMLCPP                : enabled
20220312 053840.203 INFO             PET0  Beginning Test, file ESMF_IOUTest.F90, line 57
20220312 053840.203 INFO             PET0  NUMBER_OF_PROCESSORS           4
20220312 053840.203 INFO             PET0 Starting Test:  ESMF_OutputWeightFile
20220312 053840.213 INFO             PET0 PIOc_sync Enter - MemInfo: [/proc/meminfo - SSI]	MemTotal:       196442820 kB
20220312 053840.213 INFO             PET0 PIOc_sync Enter - MemInfo: [/proc/meminfo - SSI]	MemFree:        186991080 kB
20220312 053840.213 INFO             PET0 PIOc_sync Enter - MemInfo: [/proc/meminfo - SSI]	MemAvailable:   191716408 kB
20220312 053840.213 INFO             PET0 PIOc_sync Enter - MemInfo: [/proc/meminfo - SSI]	Committed_AS:     653160 kB
20220312 053840.213 INFO             PET0 PIOc_sync Enter - MemInfo: [/proc/meminfo - SSI]	CommittedPercent: 0.332494 %
20220312 053840.213 INFO             PET0 PIOc_sync Enter - MemInfo: [/proc/self/status]	VmPeak:	  677892 kB
20220312 053840.213 INFO             PET0 PIOc_sync Enter - MemInfo: [/proc/self/status]	VmSize:	  677892 kB
20220312 053840.213 INFO             PET0 PIOc_sync Enter - MemInfo: [/proc/self/status]	VmLck:	       0 kB
20220312 053840.213 INFO             PET0 PIOc_sync Enter - MemInfo: [/proc/self/status]	VmPin:	       0 kB
20220312 053840.213 INFO             PET0 PIOc_sync Enter - MemInfo: [/proc/self/status]	VmHWM:	   71740 kB
20220312 053840.213 INFO             PET0 PIOc_sync Enter - MemInfo: [/proc/self/status]	VmRSS:	   38876 kB
20220312 053840.213 INFO             PET0 PIOc_sync Enter - MemInfo: [/proc/self/status]	VmData:	  195108 kB
20220312 053840.213 INFO             PET0 PIOc_sync Enter - MemInfo: [/proc/self/status]	VmStk:	     144 kB
20220312 053840.213 INFO             PET0 PIOc_sync Enter - MemInfo: [/proc/self/status]	VmExe:	     324 kB
20220312 053840.213 INFO             PET0 PIOc_sync Enter - MemInfo: [/proc/self/status]	VmLib:	   83112 kB
20220312 053840.213 INFO             PET0 PIOc_sync Enter - MemInfo: [/proc/self/status]	VmPTE:	     968 kB
20220312 053840.213 INFO             PET0 PIOc_sync Enter - MemInfo: [/proc/self/status]	VmSwap:	       0 kB
20220312 053840.213 INFO             PET0 PIOc_sync Enter - MemInfo: [/proc/self/status]	VmRSSPercent: 0.01979 %
20220312 053840.213 INFO             PET0 PIOc_sync Enter - MemInfo: [malloc] Non-mmapped space allocated:                 2961408 Byte
20220312 053840.213 INFO             PET0 PIOc_sync Enter - MemInfo: [malloc] Space allocated in mmapped regions:         10502144 Byte
20220312 053840.213 INFO             PET0 PIOc_sync Enter - MemInfo: [malloc] Maximum total allocated space:                     0 Byte
20220312 053840.213 INFO             PET0 PIOc_sync Enter - MemInfo: [malloc] Space in freed fastbin blocks:                  1760 Byte
20220312 053840.213 INFO             PET0 PIOc_sync Enter - MemInfo: [malloc] Total allocated space:                       2638992 Byte
20220312 053840.213 INFO             PET0 PIOc_sync Enter - MemInfo: [malloc] Total free space:                             322416 Byte
20220312 053840.213 INFO             PET0 PIOc_sync Enter - MemInfo: [malloc] Top-most, releasable space:                    36848 Byte
20220312 053840.213 INFO             PET0 PIOc_sync Enter - MemInfo: [malloc] Total space in use, mmap + non-mmap:        13141136 Byte
20220312 053840.213 INFO             PET0 PIOc_sync Enter - MemInfo: [malloc] Total space held (mmap + non-mmap):         13463552 Byte
20220312 053840.213 INFO             PET0 PIOc_sync Enter - MemInfo: [malloc] Total space used (mmap + non-mmap):         13150480 Byte
20220312 053840.213 INFO             PET0 PIOc_sync Enter - MemInfo: Wall-clock time since execution start:              0.0150563 seconds
20220312 053840.214 INFO             PET0 PIOc_sync Exit - MemInfo: [/proc/meminfo - SSI]	MemTotal:       196442820 kB
20220312 053840.214 INFO             PET0 PIOc_sync Exit - MemInfo: [/proc/meminfo - SSI]	MemFree:        186991080 kB
20220312 053840.214 INFO             PET0 PIOc_sync Exit - MemInfo: [/proc/meminfo - SSI]	MemAvailable:   191716408 kB
20220312 053840.214 INFO             PET0 PIOc_sync Exit - MemInfo: [/proc/meminfo - SSI]	Committed_AS:     653160 kB
20220312 053840.214 INFO             PET0 PIOc_sync Exit - MemInfo: [/proc/meminfo - SSI]	CommittedPercent: 0.332494 %
20220312 053840.214 INFO             PET0 PIOc_sync Exit - MemInfo: [/proc/self/status]	VmPeak:	  677892 kB
20220312 053840.214 INFO             PET0 PIOc_sync Exit - MemInfo: [/proc/self/status]	VmSize:	  677892 kB
20220312 053840.214 INFO             PET0 PIOc_sync Exit - MemInfo: [/proc/self/status]	VmLck:	       0 kB
20220312 053840.214 INFO             PET0 PIOc_sync Exit - MemInfo: [/proc/self/status]	VmPin:	       0 kB
20220312 053840.214 INFO             PET0 PIOc_sync Exit - MemInfo: [/proc/self/status]	VmHWM:	   71740 kB
20220312 053840.214 INFO             PET0 PIOc_sync Exit - MemInfo: [/proc/self/status]	VmRSS:	   39028 kB
20220312 053840.214 INFO             PET0 PIOc_sync Exit - MemInfo: [/proc/self/status]	VmData:	  195108 kB
20220312 053840.214 INFO             PET0 PIOc_sync Exit - MemInfo: [/proc/self/status]	VmStk:	     144 kB
20220312 053840.214 INFO             PET0 PIOc_sync Exit - MemInfo: [/proc/self/status]	VmExe:	     324 kB
20220312 053840.214 INFO             PET0 PIOc_sync Exit - MemInfo: [/proc/self/status]	VmLib:	   83112 kB
20220312 053840.214 INFO             PET0 PIOc_sync Exit - MemInfo: [/proc/self/status]	VmPTE:	     968 kB
20220312 053840.214 INFO             PET0 PIOc_sync Exit - MemInfo: [/proc/self/status]	VmSwap:	       0 kB
20220312 053840.214 INFO             PET0 PIOc_sync Exit - MemInfo: [/proc/self/status]	VmRSSPercent: 0.0198674 %
20220312 053840.214 INFO             PET0 PIOc_sync Exit - MemInfo: [malloc] Non-mmapped space allocated:                 2961408 Byte
20220312 053840.214 INFO             PET0 PIOc_sync Exit - MemInfo: [malloc] Space allocated in mmapped regions:         10502144 Byte
20220312 053840.214 INFO             PET0 PIOc_sync Exit - MemInfo: [malloc] Maximum total allocated space:                     0 Byte
20220312 053840.214 INFO             PET0 PIOc_sync Exit - MemInfo: [malloc] Space in freed fastbin blocks:                  1648 Byte
20220312 053840.214 INFO             PET0 PIOc_sync Exit - MemInfo: [malloc] Total allocated space:                       2641760 Byte
20220312 053840.214 INFO             PET0 PIOc_sync Exit - MemInfo: [malloc] Total free space:                             319648 Byte
20220312 053840.214 INFO             PET0 PIOc_sync Exit - MemInfo: [malloc] Top-most, releasable space:                    36848 Byte
20220312 053840.214 INFO             PET0 PIOc_sync Exit - MemInfo: [malloc] Total space in use, mmap + non-mmap:        13143904 Byte
20220312 053840.214 INFO             PET0 PIOc_sync Exit - MemInfo: [malloc] Total space held (mmap + non-mmap):         13463552 Byte
20220312 053840.214 INFO             PET0 PIOc_sync Exit - MemInfo: [malloc] Total space used (mmap + non-mmap):         13153248 Byte
20220312 053840.214 INFO             PET0 PIOc_sync Exit - MemInfo: Wall-clock time since execution start:              0.0157592 seconds
20220312 053840.215 INFO             PET0 PIOc_freedecomp Enter - MemInfo: [/proc/meminfo - SSI]	MemTotal:       196442820 kB
20220312 053840.215 INFO             PET0 PIOc_freedecomp Enter - MemInfo: [/proc/meminfo - SSI]	MemFree:        186998720 kB
20220312 053840.215 INFO             PET0 PIOc_freedecomp Enter - MemInfo: [/proc/meminfo - SSI]	MemAvailable:   191724048 kB
20220312 053840.215 INFO             PET0 PIOc_freedecomp Enter - MemInfo: [/proc/meminfo - SSI]	Committed_AS:     644964 kB
20220312 053840.215 INFO             PET0 PIOc_freedecomp Enter - MemInfo: [/proc/meminfo - SSI]	CommittedPercent: 0.328321 %
20220312 053840.215 INFO             PET0 PIOc_freedecomp Enter - MemInfo: [/proc/self/status]	VmPeak:	  677892 kB
20220312 053840.215 INFO             PET0 PIOc_freedecomp Enter - MemInfo: [/proc/self/status]	VmSize:	  669180 kB
20220312 053840.215 INFO             PET0 PIOc_freedecomp Enter - MemInfo: [/proc/self/status]	VmLck:	       0 kB
20220312 053840.215 INFO             PET0 PIOc_freedecomp Enter - MemInfo: [/proc/self/status]	VmPin:	       0 kB
20220312 053840.215 INFO             PET0 PIOc_freedecomp Enter - MemInfo: [/proc/self/status]	VmHWM:	   71740 kB
20220312 053840.215 INFO             PET0 PIOc_freedecomp Enter - MemInfo: [/proc/self/status]	VmRSS:	   30832 kB
20220312 053840.215 INFO             PET0 PIOc_freedecomp Enter - MemInfo: [/proc/self/status]	VmData:	  186396 kB
20220312 053840.215 INFO             PET0 PIOc_freedecomp Enter - MemInfo: [/proc/self/status]	VmStk:	     144 kB
20220312 053840.215 INFO             PET0 PIOc_freedecomp Enter - MemInfo: [/proc/self/status]	VmExe:	     324 kB
20220312 053840.215 INFO             PET0 PIOc_freedecomp Enter - MemInfo: [/proc/self/status]	VmLib:	   83112 kB
20220312 053840.215 INFO             PET0 PIOc_freedecomp Enter - MemInfo: [/proc/self/status]	VmPTE:	     952 kB
20220312 053840.215 INFO             PET0 PIOc_freedecomp Enter - MemInfo: [/proc/self/status]	VmSwap:	       0 kB
20220312 053840.215 INFO             PET0 PIOc_freedecomp Enter - MemInfo: [/proc/self/status]	VmRSSPercent: 0.0156952 %
20220312 053840.215 INFO             PET0 PIOc_freedecomp Enter - MemInfo: [malloc] Non-mmapped space allocated:                 2961408 Byte
20220312 053840.215 INFO             PET0 PIOc_freedecomp Enter - MemInfo: [malloc] Space allocated in mmapped regions:          1581056 Byte
20220312 053840.215 INFO             PET0 PIOc_freedecomp Enter - MemInfo: [malloc] Maximum total allocated space:                     0 Byte
20220312 053840.215 INFO             PET0 PIOc_freedecomp Enter - MemInfo: [malloc] Space in freed fastbin blocks:                  2880 Byte
20220312 053840.215 INFO             PET0 PIOc_freedecomp Enter - MemInfo: [malloc] Total allocated space:                       2628640 Byte
20220312 053840.215 INFO             PET0 PIOc_freedecomp Enter - MemInfo: [malloc] Total free space:                             332768 Byte
20220312 053840.215 INFO             PET0 PIOc_freedecomp Enter - MemInfo: [malloc] Top-most, releasable space:                    36848 Byte
20220312 053840.215 INFO             PET0 PIOc_freedecomp Enter - MemInfo: [malloc] Total space in use, mmap + non-mmap:         4209696 Byte
20220312 053840.215 INFO             PET0 PIOc_freedecomp Enter - MemInfo: [malloc] Total space held (mmap + non-mmap):          4542464 Byte
20220312 053840.215 INFO             PET0 PIOc_freedecomp Enter - MemInfo: [malloc] Total space used (mmap + non-mmap):          4219040 Byte
20220312 053840.215 INFO             PET0 PIOc_freedecomp Enter - MemInfo: Wall-clock time since execution start:               0.016729 seconds
20220312 053840.215 INFO             PET0 PIOc_freedecomp Exit - MemInfo: [/proc/meminfo - SSI]	MemTotal:       196442820 kB
20220312 053840.215 INFO             PET0 PIOc_freedecomp Exit - MemInfo: [/proc/meminfo - SSI]	MemFree:        186998720 kB
20220312 053840.215 INFO             PET0 PIOc_freedecomp Exit - MemInfo: [/proc/meminfo - SSI]	MemAvailable:   191724048 kB
20220312 053840.215 INFO             PET0 PIOc_freedecomp Exit - MemInfo: [/proc/meminfo - SSI]	Committed_AS:     644964 kB
20220312 053840.215 INFO             PET0 PIOc_freedecomp Exit - MemInfo: [/proc/meminfo - SSI]	CommittedPercent: 0.328321 %
20220312 053840.215 INFO             PET0 PIOc_freedecomp Exit - MemInfo: [/proc/self/status]	VmPeak:	  677892 kB
20220312 053840.215 INFO             PET0 PIOc_freedecomp Exit - MemInfo: [/proc/self/status]	VmSize:	  669180 kB
20220312 053840.215 INFO             PET0 PIOc_freedecomp Exit - MemInfo: [/proc/self/status]	VmLck:	       0 kB
20220312 053840.215 INFO             PET0 PIOc_freedecomp Exit - MemInfo: [/proc/self/status]	VmPin:	       0 kB
20220312 053840.215 INFO             PET0 PIOc_freedecomp Exit - MemInfo: [/proc/self/status]	VmHWM:	   71740 kB
20220312 053840.215 INFO             PET0 PIOc_freedecomp Exit - MemInfo: [/proc/self/status]	VmRSS:	   30832 kB
20220312 053840.215 INFO             PET0 PIOc_freedecomp Exit - MemInfo: [/proc/self/status]	VmData:	  186396 kB
20220312 053840.215 INFO             PET0 PIOc_freedecomp Exit - MemInfo: [/proc/self/status]	VmStk:	     144 kB
20220312 053840.215 INFO             PET0 PIOc_freedecomp Exit - MemInfo: [/proc/self/status]	VmExe:	     324 kB
20220312 053840.215 INFO             PET0 PIOc_freedecomp Exit - MemInfo: [/proc/self/status]	VmLib:	   83112 kB
20220312 053840.215 INFO             PET0 PIOc_freedecomp Exit - MemInfo: [/proc/self/status]	VmPTE:	     952 kB
20220312 053840.215 INFO             PET0 PIOc_freedecomp Exit - MemInfo: [/proc/self/status]	VmSwap:	       0 kB
20220312 053840.215 INFO             PET0 PIOc_freedecomp Exit - MemInfo: [/proc/self/status]	VmRSSPercent: 0.0156952 %
20220312 053840.215 INFO             PET0 PIOc_freedecomp Exit - MemInfo: [malloc] Non-mmapped space allocated:                 2961408 Byte
20220312 053840.215 INFO             PET0 PIOc_freedecomp Exit - MemInfo: [malloc] Space allocated in mmapped regions:          1581056 Byte
20220312 053840.215 INFO             PET0 PIOc_freedecomp Exit - MemInfo: [malloc] Maximum total allocated space:                     0 Byte
20220312 053840.215 INFO             PET0 PIOc_freedecomp Exit - MemInfo: [malloc] Space in freed fastbin blocks:                  3648 Byte
20220312 053840.215 INFO             PET0 PIOc_freedecomp Exit - MemInfo: [malloc] Total allocated space:                       2623504 Byte
20220312 053840.215 INFO             PET0 PIOc_freedecomp Exit - MemInfo: [malloc] Total free space:                             337904 Byte
20220312 053840.215 INFO             PET0 PIOc_freedecomp Exit - MemInfo: [malloc] Top-most, releasable space:                    36848 Byte
20220312 053840.215 INFO             PET0 PIOc_freedecomp Exit - MemInfo: [malloc] Total space in use, mmap + non-mmap:         4204560 Byte
20220312 053840.215 INFO             PET0 PIOc_freedecomp Exit - MemInfo: [malloc] Total space held (mmap + non-mmap):          4542464 Byte
20220312 053840.215 INFO             PET0 PIOc_freedecomp Exit - MemInfo: [malloc] Total space used (mmap + non-mmap):          4213904 Byte
20220312 053840.215 INFO             PET0 PIOc_freedecomp Exit - MemInfo: Wall-clock time since execution start:               0.017109 seconds
20220312 053840.218 INFO             PET0 PIOc_sync Enter - MemInfo: [/proc/meminfo - SSI]	MemTotal:       196442820 kB
20220312 053840.218 INFO             PET0 PIOc_sync Enter - MemInfo: [/proc/meminfo - SSI]	MemFree:        186994740 kB
20220312 053840.218 INFO             PET0 PIOc_sync Enter - MemInfo: [/proc/meminfo - SSI]	MemAvailable:   191720068 kB
20220312 053840.218 INFO             PET0 PIOc_sync Enter - MemInfo: [/proc/meminfo - SSI]	Committed_AS:     653248 kB
20220312 053840.218 INFO             PET0 PIOc_sync Enter - MemInfo: [/proc/meminfo - SSI]	CommittedPercent: 0.332538 %
20220312 053840.218 INFO             PET0 PIOc_sync Enter - MemInfo: [/proc/self/status]	VmPeak:	  677980 kB
20220312 053840.218 INFO             PET0 PIOc_sync Enter - MemInfo: [/proc/self/status]	VmSize:	  677980 kB
20220312 053840.218 INFO             PET0 PIOc_sync Enter - MemInfo: [/proc/self/status]	VmLck:	       0 kB
20220312 053840.218 INFO             PET0 PIOc_sync Enter - MemInfo: [/proc/self/status]	VmPin:	       0 kB
20220312 053840.218 INFO             PET0 PIOc_sync Enter - MemInfo: [/proc/self/status]	VmHWM:	   71740 kB
20220312 053840.218 INFO             PET0 PIOc_sync Enter - MemInfo: [/proc/self/status]	VmRSS:	   35840 kB
20220312 053840.218 INFO             PET0 PIOc_sync Enter - MemInfo: [/proc/self/status]	VmData:	  195196 kB
20220312 053840.218 INFO             PET0 PIOc_sync Enter - MemInfo: [/proc/self/status]	VmStk:	     144 kB
20220312 053840.218 INFO             PET0 PIOc_sync Enter - MemInfo: [/proc/self/status]	VmExe:	     324 kB
20220312 053840.218 INFO             PET0 PIOc_sync Enter - MemInfo: [/proc/self/status]	VmLib:	   83112 kB
20220312 053840.218 INFO             PET0 PIOc_sync Enter - MemInfo: [/proc/self/status]	VmPTE:	     964 kB
20220312 053840.218 INFO             PET0 PIOc_sync Enter - MemInfo: [/proc/self/status]	VmSwap:	       0 kB
20220312 053840.218 INFO             PET0 PIOc_sync Enter - MemInfo: [/proc/self/status]	VmRSSPercent: 0.0182445 %
20220312 053840.218 INFO             PET0 PIOc_sync Enter - MemInfo: [malloc] Non-mmapped space allocated:                11972608 Byte
20220312 053840.218 INFO             PET0 PIOc_sync Enter - MemInfo: [malloc] Space allocated in mmapped regions:          1581056 Byte
20220312 053840.218 INFO             PET0 PIOc_sync Enter - MemInfo: [malloc] Maximum total allocated space:                     0 Byte
20220312 053840.218 INFO             PET0 PIOc_sync Enter - MemInfo: [malloc] Space in freed fastbin blocks:                  2064 Byte
20220312 053840.218 INFO             PET0 PIOc_sync Enter - MemInfo: [malloc] Total allocated space:                      11552368 Byte
20220312 053840.218 INFO             PET0 PIOc_sync Enter - MemInfo: [malloc] Total free space:                             420240 Byte
20220312 053840.218 INFO             PET0 PIOc_sync Enter - MemInfo: [malloc] Top-most, releasable space:                   135120 Byte
20220312 053840.218 INFO             PET0 PIOc_sync Enter - MemInfo: [malloc] Total space in use, mmap + non-mmap:        13133424 Byte
20220312 053840.218 INFO             PET0 PIOc_sync Enter - MemInfo: [malloc] Total space held (mmap + non-mmap):         13553664 Byte
20220312 053840.218 INFO             PET0 PIOc_sync Enter - MemInfo: [malloc] Total space used (mmap + non-mmap):         13142768 Byte
20220312 053840.218 INFO             PET0 PIOc_sync Enter - MemInfo: Wall-clock time since execution start:              0.0197749 seconds
20220312 053840.219 INFO             PET0 PIOc_sync Exit - MemInfo: [/proc/meminfo - SSI]	MemTotal:       196442820 kB
20220312 053840.219 INFO             PET0 PIOc_sync Exit - MemInfo: [/proc/meminfo - SSI]	MemFree:        186994740 kB
20220312 053840.219 INFO             PET0 PIOc_sync Exit - MemInfo: [/proc/meminfo - SSI]	MemAvailable:   191720068 kB
20220312 053840.219 INFO             PET0 PIOc_sync Exit - MemInfo: [/proc/meminfo - SSI]	Committed_AS:     653248 kB
20220312 053840.219 INFO             PET0 PIOc_sync Exit - MemInfo: [/proc/meminfo - SSI]	CommittedPercent: 0.332538 %
20220312 053840.219 INFO             PET0 PIOc_sync Exit - MemInfo: [/proc/self/status]	VmPeak:	  677980 kB
20220312 053840.219 INFO             PET0 PIOc_sync Exit - MemInfo: [/proc/self/status]	VmSize:	  677980 kB
20220312 053840.219 INFO             PET0 PIOc_sync Exit - MemInfo: [/proc/self/status]	VmLck:	       0 kB
20220312 053840.219 INFO             PET0 PIOc_sync Exit - MemInfo: [/proc/self/status]	VmPin:	       0 kB
20220312 053840.219 INFO             PET0 PIOc_sync Exit - MemInfo: [/proc/self/status]	VmHWM:	   71740 kB
20220312 053840.219 INFO             PET0 PIOc_sync Exit - MemInfo: [/proc/self/status]	VmRSS:	   35844 kB
20220312 053840.219 INFO             PET0 PIOc_sync Exit - MemInfo: [/proc/self/status]	VmData:	  195196 kB
20220312 053840.219 INFO             PET0 PIOc_sync Exit - MemInfo: [/proc/self/status]	VmStk:	     144 kB
20220312 053840.219 INFO             PET0 PIOc_sync Exit - MemInfo: [/proc/self/status]	VmExe:	     324 kB
20220312 053840.219 INFO             PET0 PIOc_sync Exit - MemInfo: [/proc/self/status]	VmLib:	   83112 kB
20220312 053840.219 INFO             PET0 PIOc_sync Exit - MemInfo: [/proc/self/status]	VmPTE:	     964 kB
20220312 053840.219 INFO             PET0 PIOc_sync Exit - MemInfo: [/proc/self/status]	VmSwap:	       0 kB
20220312 053840.219 INFO             PET0 PIOc_sync Exit - MemInfo: [/proc/self/status]	VmRSSPercent: 0.0182465 %
20220312 053840.219 INFO             PET0 PIOc_sync Exit - MemInfo: [malloc] Non-mmapped space allocated:                11972608 Byte
20220312 053840.219 INFO             PET0 PIOc_sync Exit - MemInfo: [malloc] Space allocated in mmapped regions:          1581056 Byte
20220312 053840.219 INFO             PET0 PIOc_sync Exit - MemInfo: [malloc] Maximum total allocated space:                     0 Byte
20220312 053840.219 INFO             PET0 PIOc_sync Exit - MemInfo: [malloc] Space in freed fastbin blocks:                  1552 Byte
20220312 053840.219 INFO             PET0 PIOc_sync Exit - MemInfo: [malloc] Total allocated space:                      11555216 Byte
20220312 053840.219 INFO             PET0 PIOc_sync Exit - MemInfo: [malloc] Total free space:                             417392 Byte
20220312 053840.219 INFO             PET0 PIOc_sync Exit - MemInfo: [malloc] Top-most, releasable space:                   135120 Byte
20220312 053840.219 INFO             PET0 PIOc_sync Exit - MemInfo: [malloc] Total space in use, mmap + non-mmap:        13136272 Byte
20220312 053840.219 INFO             PET0 PIOc_sync Exit - MemInfo: [malloc] Total space held (mmap + non-mmap):         13553664 Byte
20220312 053840.219 INFO             PET0 PIOc_sync Exit - MemInfo: [malloc] Total space used (mmap + non-mmap):         13145616 Byte
20220312 053840.219 INFO             PET0 PIOc_sync Exit - MemInfo: Wall-clock time since execution start:              0.0204373 seconds
20220312 053840.219 INFO             PET0 PIOc_freedecomp Enter - MemInfo: [/proc/meminfo - SSI]	MemTotal:       196442820 kB
20220312 053840.219 INFO             PET0 PIOc_freedecomp Enter - MemInfo: [/proc/meminfo - SSI]	MemFree:        186994740 kB
20220312 053840.219 INFO             PET0 PIOc_freedecomp Enter - MemInfo: [/proc/meminfo - SSI]	MemAvailable:   191720068 kB
20220312 053840.219 INFO             PET0 PIOc_freedecomp Enter - MemInfo: [/proc/meminfo - SSI]	Committed_AS:     653248 kB
20220312 053840.219 INFO             PET0 PIOc_freedecomp Enter - MemInfo: [/proc/meminfo - SSI]	CommittedPercent: 0.332538 %
20220312 053840.219 INFO             PET0 PIOc_freedecomp Enter - MemInfo: [/proc/self/status]	VmPeak:	  677980 kB
20220312 053840.219 INFO             PET0 PIOc_freedecomp Enter - MemInfo: [/proc/self/status]	VmSize:	  677980 kB
20220312 053840.219 INFO             PET0 PIOc_freedecomp Enter - MemInfo: [/proc/self/status]	VmLck:	       0 kB
20220312 053840.219 INFO             PET0 PIOc_freedecomp Enter - MemInfo: [/proc/self/status]	VmPin:	       0 kB
20220312 053840.219 INFO             PET0 PIOc_freedecomp Enter - MemInfo: [/proc/self/status]	VmHWM:	   71740 kB
20220312 053840.219 INFO             PET0 PIOc_freedecomp Enter - MemInfo: [/proc/self/status]	VmRSS:	   35844 kB
20220312 053840.219 INFO             PET0 PIOc_freedecomp Enter - MemInfo: [/proc/self/status]	VmData:	  195196 kB
20220312 053840.219 INFO             PET0 PIOc_freedecomp Enter - MemInfo: [/proc/self/status]	VmStk:	     144 kB
20220312 053840.219 INFO             PET0 PIOc_freedecomp Enter - MemInfo: [/proc/self/status]	VmExe:	     324 kB
20220312 053840.219 INFO             PET0 PIOc_freedecomp Enter - MemInfo: [/proc/self/status]	VmLib:	   83112 kB
20220312 053840.219 INFO             PET0 PIOc_freedecomp Enter - MemInfo: [/proc/self/status]	VmPTE:	     964 kB
20220312 053840.219 INFO             PET0 PIOc_freedecomp Enter - MemInfo: [/proc/self/status]	VmSwap:	       0 kB
20220312 053840.220 INFO             PET0 PIOc_freedecomp Enter - MemInfo: [/proc/self/status]	VmRSSPercent: 0.0182465 %
20220312 053840.220 INFO             PET0 PIOc_freedecomp Enter - MemInfo: [malloc] Non-mmapped space allocated:                11972608 Byte
20220312 053840.220 INFO             PET0 PIOc_freedecomp Enter - MemInfo: [malloc] Space allocated in mmapped regions:          1581056 Byte
20220312 053840.220 INFO             PET0 PIOc_freedecomp Enter - MemInfo: [malloc] Maximum total allocated space:                     0 Byte
20220312 053840.220 INFO             PET0 PIOc_freedecomp Enter - MemInfo: [malloc] Space in freed fastbin blocks:                  1824 Byte
20220312 053840.220 INFO             PET0 PIOc_freedecomp Enter - MemInfo: [malloc] Total allocated space:                       2628752 Byte
20220312 053840.220 INFO             PET0 PIOc_freedecomp Enter - MemInfo: [malloc] Total free space:                            9343856 Byte
20220312 053840.220 INFO             PET0 PIOc_freedecomp Enter - MemInfo: [malloc] Top-most, releasable space:                  9048048 Byte
20220312 053840.220 INFO             PET0 PIOc_freedecomp Enter - MemInfo: [malloc] Total space in use, mmap + non-mmap:         4209808 Byte
20220312 053840.220 INFO             PET0 PIOc_freedecomp Enter - MemInfo: [malloc] Total space held (mmap + non-mmap):         13553664 Byte
20220312 053840.220 INFO             PET0 PIOc_freedecomp Enter - MemInfo: [malloc] Total space used (mmap + non-mmap):          4219152 Byte
20220312 053840.220 INFO             PET0 PIOc_freedecomp Enter - MemInfo: Wall-clock time since execution start:              0.0212034 seconds
20220312 053840.220 INFO             PET0 PIOc_freedecomp Exit - MemInfo: [/proc/meminfo - SSI]	MemTotal:       196442820 kB
20220312 053840.220 INFO             PET0 PIOc_freedecomp Exit - MemInfo: [/proc/meminfo - SSI]	MemFree:        186994740 kB
20220312 053840.220 INFO             PET0 PIOc_freedecomp Exit - MemInfo: [/proc/meminfo - SSI]	MemAvailable:   191720068 kB
20220312 053840.220 INFO             PET0 PIOc_freedecomp Exit - MemInfo: [/proc/meminfo - SSI]	Committed_AS:     653248 kB
20220312 053840.220 INFO             PET0 PIOc_freedecomp Exit - MemInfo: [/proc/meminfo - SSI]	CommittedPercent: 0.332538 %
20220312 053840.220 INFO             PET0 PIOc_freedecomp Exit - MemInfo: [/proc/self/status]	VmPeak:	  677980 kB
20220312 053840.220 INFO             PET0 PIOc_freedecomp Exit - MemInfo: [/proc/self/status]	VmSize:	  677980 kB
20220312 053840.220 INFO             PET0 PIOc_freedecomp Exit - MemInfo: [/proc/self/status]	VmLck:	       0 kB
20220312 053840.220 INFO             PET0 PIOc_freedecomp Exit - MemInfo: [/proc/self/status]	VmPin:	       0 kB
20220312 053840.220 INFO             PET0 PIOc_freedecomp Exit - MemInfo: [/proc/self/status]	VmHWM:	   71740 kB
20220312 053840.220 INFO             PET0 PIOc_freedecomp Exit - MemInfo: [/proc/self/status]	VmRSS:	   35844 kB
20220312 053840.220 INFO             PET0 PIOc_freedecomp Exit - MemInfo: [/proc/self/status]	VmData:	  195196 kB
20220312 053840.220 INFO             PET0 PIOc_freedecomp Exit - MemInfo: [/proc/self/status]	VmStk:	     144 kB
20220312 053840.220 INFO             PET0 PIOc_freedecomp Exit - MemInfo: [/proc/self/status]	VmExe:	     324 kB
20220312 053840.220 INFO             PET0 PIOc_freedecomp Exit - MemInfo: [/proc/self/status]	VmLib:	   83112 kB
20220312 053840.220 INFO             PET0 PIOc_freedecomp Exit - MemInfo: [/proc/self/status]	VmPTE:	     964 kB
20220312 053840.220 INFO             PET0 PIOc_freedecomp Exit - MemInfo: [/proc/self/status]	VmSwap:	       0 kB
20220312 053840.220 INFO             PET0 PIOc_freedecomp Exit - MemInfo: [/proc/self/status]	VmRSSPercent: 0.0182465 %
20220312 053840.220 INFO             PET0 PIOc_freedecomp Exit - MemInfo: [malloc] Non-mmapped space allocated:                11972608 Byte
20220312 053840.220 INFO             PET0 PIOc_freedecomp Exit - MemInfo: [malloc] Space allocated in mmapped regions:          1581056 Byte
20220312 053840.220 INFO             PET0 PIOc_freedecomp Exit - MemInfo: [malloc] Maximum total allocated space:                     0 Byte
20220312 053840.220 INFO             PET0 PIOc_freedecomp Exit - MemInfo: [malloc] Space in freed fastbin blocks:                  3216 Byte
20220312 053840.220 INFO             PET0 PIOc_freedecomp Exit - MemInfo: [malloc] Total allocated space:                       2623584 Byte
20220312 053840.220 INFO             PET0 PIOc_freedecomp Exit - MemInfo: [malloc] Total free space:                            9349024 Byte
20220312 053840.220 INFO             PET0 PIOc_freedecomp Exit - MemInfo: [malloc] Top-most, releasable space:                  9048048 Byte
20220312 053840.220 INFO             PET0 PIOc_freedecomp Exit - MemInfo: [malloc] Total space in use, mmap + non-mmap:         4204640 Byte
20220312 053840.220 INFO             PET0 PIOc_freedecomp Exit - MemInfo: [malloc] Total space held (mmap + non-mmap):         13553664 Byte
20220312 053840.220 INFO             PET0 PIOc_freedecomp Exit - MemInfo: [malloc] Total space used (mmap + non-mmap):          4213984 Byte
20220312 053840.220 INFO             PET0 PIOc_freedecomp Exit - MemInfo: Wall-clock time since execution start:              0.0215811 seconds
20220312 053840.222 INFO             PET0 PIOc_sync Enter - MemInfo: [/proc/meminfo - SSI]	MemTotal:       196442820 kB
20220312 053840.222 INFO             PET0 PIOc_sync Enter - MemInfo: [/proc/meminfo - SSI]	MemFree:        186994120 kB
20220312 053840.222 INFO             PET0 PIOc_sync Enter - MemInfo: [/proc/meminfo - SSI]	MemAvailable:   191719448 kB
20220312 053840.222 INFO             PET0 PIOc_sync Enter - MemInfo: [/proc/meminfo - SSI]	Committed_AS:     653248 kB
20220312 053840.222 INFO             PET0 PIOc_sync Enter - MemInfo: [/proc/meminfo - SSI]	CommittedPercent: 0.332538 %
20220312 053840.222 INFO             PET0 PIOc_sync Enter - MemInfo: [/proc/self/status]	VmPeak:	  677984 kB
20220312 053840.222 INFO             PET0 PIOc_sync Enter - MemInfo: [/proc/self/status]	VmSize:	  677980 kB
20220312 053840.222 INFO             PET0 PIOc_sync Enter - MemInfo: [/proc/self/status]	VmLck:	       0 kB
20220312 053840.222 INFO             PET0 PIOc_sync Enter - MemInfo: [/proc/self/status]	VmPin:	       0 kB
20220312 053840.222 INFO             PET0 PIOc_sync Enter - MemInfo: [/proc/self/status]	VmHWM:	   71740 kB
20220312 053840.222 INFO             PET0 PIOc_sync Enter - MemInfo: [/proc/self/status]	VmRSS:	   36320 kB
20220312 053840.222 INFO             PET0 PIOc_sync Enter - MemInfo: [/proc/self/status]	VmData:	  195196 kB
20220312 053840.222 INFO             PET0 PIOc_sync Enter - MemInfo: [/proc/self/status]	VmStk:	     144 kB
20220312 053840.222 INFO             PET0 PIOc_sync Enter - MemInfo: [/proc/self/status]	VmExe:	     324 kB
20220312 053840.222 INFO             PET0 PIOc_sync Enter - MemInfo: [/proc/self/status]	VmLib:	   83112 kB
20220312 053840.222 INFO             PET0 PIOc_sync Enter - MemInfo: [/proc/self/status]	VmPTE:	     964 kB
20220312 053840.222 INFO             PET0 PIOc_sync Enter - MemInfo: [/proc/self/status]	VmSwap:	       0 kB
20220312 053840.222 INFO             PET0 PIOc_sync Enter - MemInfo: [/proc/self/status]	VmRSSPercent: 0.0184888 %
20220312 053840.222 INFO             PET0 PIOc_sync Enter - MemInfo: [malloc] Non-mmapped space allocated:                11972608 Byte
20220312 053840.222 INFO             PET0 PIOc_sync Enter - MemInfo: [malloc] Space allocated in mmapped regions:          1581056 Byte
20220312 053840.222 INFO             PET0 PIOc_sync Enter - MemInfo: [malloc] Maximum total allocated space:                     0 Byte
20220312 053840.222 INFO             PET0 PIOc_sync Enter - MemInfo: [malloc] Space in freed fastbin blocks:                  2400 Byte
20220312 053840.222 INFO             PET0 PIOc_sync Enter - MemInfo: [malloc] Total allocated space:                      11552736 Byte
20220312 053840.222 INFO             PET0 PIOc_sync Enter - MemInfo: [malloc] Total free space:                             419872 Byte
20220312 053840.222 INFO             PET0 PIOc_sync Enter - MemInfo: [malloc] Top-most, releasable space:                   135120 Byte
20220312 053840.222 INFO             PET0 PIOc_sync Enter - MemInfo: [malloc] Total space in use, mmap + non-mmap:        13133792 Byte
20220312 053840.222 INFO             PET0 PIOc_sync Enter - MemInfo: [malloc] Total space held (mmap + non-mmap):         13553664 Byte
20220312 053840.222 INFO             PET0 PIOc_sync Enter - MemInfo: [malloc] Total space used (mmap + non-mmap):         13143136 Byte
20220312 053840.222 INFO             PET0 PIOc_sync Enter - MemInfo: Wall-clock time since execution start:              0.0236457 seconds
20220312 053840.222 INFO             PET0 PIOc_sync Exit - MemInfo: [/proc/meminfo - SSI]	MemTotal:       196442820 kB
20220312 053840.222 INFO             PET0 PIOc_sync Exit - MemInfo: [/proc/meminfo - SSI]	MemFree:        186994120 kB
20220312 053840.222 INFO             PET0 PIOc_sync Exit - MemInfo: [/proc/meminfo - SSI]	MemAvailable:   191719448 kB
20220312 053840.222 INFO             PET0 PIOc_sync Exit - MemInfo: [/proc/meminfo - SSI]	Committed_AS:     653248 kB
20220312 053840.222 INFO             PET0 PIOc_sync Exit - MemInfo: [/proc/meminfo - SSI]	CommittedPercent: 0.332538 %
20220312 053840.223 INFO             PET0 PIOc_sync Exit - MemInfo: [/proc/self/status]	VmPeak:	  677984 kB
20220312 053840.223 INFO             PET0 PIOc_sync Exit - MemInfo: [/proc/self/status]	VmSize:	  677980 kB
20220312 053840.223 INFO             PET0 PIOc_sync Exit - MemInfo: [/proc/self/status]	VmLck:	       0 kB
20220312 053840.223 INFO             PET0 PIOc_sync Exit - MemInfo: [/proc/self/status]	VmPin:	       0 kB
20220312 053840.223 INFO             PET0 PIOc_sync Exit - MemInfo: [/proc/self/status]	VmHWM:	   71740 kB
20220312 053840.223 INFO             PET0 PIOc_sync Exit - MemInfo: [/proc/self/status]	VmRSS:	   36320 kB
20220312 053840.223 INFO             PET0 PIOc_sync Exit - MemInfo: [/proc/self/status]	VmData:	  195196 kB
20220312 053840.223 INFO             PET0 PIOc_sync Exit - MemInfo: [/proc/self/status]	VmStk:	     144 kB
20220312 053840.223 INFO             PET0 PIOc_sync Exit - MemInfo: [/proc/self/status]	VmExe:	     324 kB
20220312 053840.223 INFO             PET0 PIOc_sync Exit - MemInfo: [/proc/self/status]	VmLib:	   83112 kB
20220312 053840.223 INFO             PET0 PIOc_sync Exit - MemInfo: [/proc/self/status]	VmPTE:	     964 kB
20220312 053840.223 INFO             PET0 PIOc_sync Exit - MemInfo: [/proc/self/status]	VmSwap:	       0 kB
20220312 053840.223 INFO             PET0 PIOc_sync Exit - MemInfo: [/proc/self/status]	VmRSSPercent: 0.0184888 %
20220312 053840.223 INFO             PET0 PIOc_sync Exit - MemInfo: [malloc] Non-mmapped space allocated:                11972608 Byte
20220312 053840.223 INFO             PET0 PIOc_sync Exit - MemInfo: [malloc] Space allocated in mmapped regions:          1581056 Byte
20220312 053840.223 INFO             PET0 PIOc_sync Exit - MemInfo: [malloc] Maximum total allocated space:                     0 Byte
20220312 053840.223 INFO             PET0 PIOc_sync Exit - MemInfo: [malloc] Space in freed fastbin blocks:                  1552 Byte
20220312 053840.223 INFO             PET0 PIOc_sync Exit - MemInfo: [malloc] Total allocated space:                      11555552 Byte
20220312 053840.223 INFO             PET0 PIOc_sync Exit - MemInfo: [malloc] Total free space:                             417056 Byte
20220312 053840.223 INFO             PET0 PIOc_sync Exit - MemInfo: [malloc] Top-most, releasable space:                   135120 Byte
20220312 053840.223 INFO             PET0 PIOc_sync Exit - MemInfo: [malloc] Total space in use, mmap + non-mmap:        13136608 Byte
20220312 053840.223 INFO             PET0 PIOc_sync Exit - MemInfo: [malloc] Total space held (mmap + non-mmap):         13553664 Byte
20220312 053840.223 INFO             PET0 PIOc_sync Exit - MemInfo: [malloc] Total space used (mmap + non-mmap):         13145952 Byte
20220312 053840.223 INFO             PET0 PIOc_sync Exit - MemInfo: Wall-clock time since execution start:              0.0243061 seconds
20220312 053840.223 INFO             PET0 PIOc_freedecomp Enter - MemInfo: [/proc/meminfo - SSI]	MemTotal:       196442820 kB
20220312 053840.223 INFO             PET0 PIOc_freedecomp Enter - MemInfo: [/proc/meminfo - SSI]	MemFree:        186994120 kB
20220312 053840.223 INFO             PET0 PIOc_freedecomp Enter - MemInfo: [/proc/meminfo - SSI]	MemAvailable:   191719448 kB
20220312 053840.223 INFO             PET0 PIOc_freedecomp Enter - MemInfo: [/proc/meminfo - SSI]	Committed_AS:     653248 kB
20220312 053840.223 INFO             PET0 PIOc_freedecomp Enter - MemInfo: [/proc/meminfo - SSI]	CommittedPercent: 0.332538 %
20220312 053840.223 INFO             PET0 PIOc_freedecomp Enter - MemInfo: [/proc/self/status]	VmPeak:	  677984 kB
20220312 053840.223 INFO             PET0 PIOc_freedecomp Enter - MemInfo: [/proc/self/status]	VmSize:	  677980 kB
20220312 053840.223 INFO             PET0 PIOc_freedecomp Enter - MemInfo: [/proc/self/status]	VmLck:	       0 kB
20220312 053840.223 INFO             PET0 PIOc_freedecomp Enter - MemInfo: [/proc/self/status]	VmPin:	       0 kB
20220312 053840.223 INFO             PET0 PIOc_freedecomp Enter - MemInfo: [/proc/self/status]	VmHWM:	   71740 kB
20220312 053840.223 INFO             PET0 PIOc_freedecomp Enter - MemInfo: [/proc/self/status]	VmRSS:	   36320 kB
20220312 053840.223 INFO             PET0 PIOc_freedecomp Enter - MemInfo: [/proc/self/status]	VmData:	  195196 kB
20220312 053840.223 INFO             PET0 PIOc_freedecomp Enter - MemInfo: [/proc/self/status]	VmStk:	     144 kB
20220312 053840.223 INFO             PET0 PIOc_freedecomp Enter - MemInfo: [/proc/self/status]	VmExe:	     324 kB
20220312 053840.223 INFO             PET0 PIOc_freedecomp Enter - MemInfo: [/proc/self/status]	VmLib:	   83112 kB
20220312 053840.223 INFO             PET0 PIOc_freedecomp Enter - MemInfo: [/proc/self/status]	VmPTE:	     964 kB
20220312 053840.223 INFO             PET0 PIOc_freedecomp Enter - MemInfo: [/proc/self/status]	VmSwap:	       0 kB
20220312 053840.223 INFO             PET0 PIOc_freedecomp Enter - MemInfo: [/proc/self/status]	VmRSSPercent: 0.0184888 %
20220312 053840.223 INFO             PET0 PIOc_freedecomp Enter - MemInfo: [malloc] Non-mmapped space allocated:                11972608 Byte
20220312 053840.223 INFO             PET0 PIOc_freedecomp Enter - MemInfo: [malloc] Space allocated in mmapped regions:          1581056 Byte
20220312 053840.223 INFO             PET0 PIOc_freedecomp Enter - MemInfo: [malloc] Maximum total allocated space:                     0 Byte
20220312 053840.223 INFO             PET0 PIOc_freedecomp Enter - MemInfo: [malloc] Space in freed fastbin blocks:                  1600 Byte
20220312 053840.223 INFO             PET0 PIOc_freedecomp Enter - MemInfo: [malloc] Total allocated space:                       2628624 Byte
20220312 053840.223 INFO             PET0 PIOc_freedecomp Enter - MemInfo: [malloc] Total free space:                            9343984 Byte
20220312 053840.223 INFO             PET0 PIOc_freedecomp Enter - MemInfo: [malloc] Top-most, releasable space:                  9048048 Byte
20220312 053840.223 INFO             PET0 PIOc_freedecomp Enter - MemInfo: [malloc] Total space in use, mmap + non-mmap:         4209680 Byte
20220312 053840.223 INFO             PET0 PIOc_freedecomp Enter - MemInfo: [malloc] Total space held (mmap + non-mmap):         13553664 Byte
20220312 053840.223 INFO             PET0 PIOc_freedecomp Enter - MemInfo: [malloc] Total space used (mmap + non-mmap):          4219024 Byte
20220312 053840.223 INFO             PET0 PIOc_freedecomp Enter - MemInfo: Wall-clock time since execution start:                0.02503 seconds
20220312 053840.224 INFO             PET0 PIOc_freedecomp Exit - MemInfo: [/proc/meminfo - SSI]	MemTotal:       196442820 kB
20220312 053840.224 INFO             PET0 PIOc_freedecomp Exit - MemInfo: [/proc/meminfo - SSI]	MemFree:        186994120 kB
20220312 053840.224 INFO             PET0 PIOc_freedecomp Exit - MemInfo: [/proc/meminfo - SSI]	MemAvailable:   191719448 kB
20220312 053840.224 INFO             PET0 PIOc_freedecomp Exit - MemInfo: [/proc/meminfo - SSI]	Committed_AS:     653248 kB
20220312 053840.224 INFO             PET0 PIOc_freedecomp Exit - MemInfo: [/proc/meminfo - SSI]	CommittedPercent: 0.332538 %
20220312 053840.224 INFO             PET0 PIOc_freedecomp Exit - MemInfo: [/proc/self/status]	VmPeak:	  677984 kB
20220312 053840.224 INFO             PET0 PIOc_freedecomp Exit - MemInfo: [/proc/self/status]	VmSize:	  677980 kB
20220312 053840.224 INFO             PET0 PIOc_freedecomp Exit - MemInfo: [/proc/self/status]	VmLck:	       0 kB
20220312 053840.224 INFO             PET0 PIOc_freedecomp Exit - MemInfo: [/proc/self/status]	VmPin:	       0 kB
20220312 053840.224 INFO             PET0 PIOc_freedecomp Exit - MemInfo: [/proc/self/status]	VmHWM:	   71740 kB
20220312 053840.224 INFO             PET0 PIOc_freedecomp Exit - MemInfo: [/proc/self/status]	VmRSS:	   36320 kB
20220312 053840.224 INFO             PET0 PIOc_freedecomp Exit - MemInfo: [/proc/self/status]	VmData:	  195196 kB
20220312 053840.224 INFO             PET0 PIOc_freedecomp Exit - MemInfo: [/proc/self/status]	VmStk:	     144 kB
20220312 053840.224 INFO             PET0 PIOc_freedecomp Exit - MemInfo: [/proc/self/status]	VmExe:	     324 kB
20220312 053840.224 INFO             PET0 PIOc_freedecomp Exit - MemInfo: [/proc/self/status]	VmLib:	   83112 kB
20220312 053840.224 INFO             PET0 PIOc_freedecomp Exit - MemInfo: [/proc/self/status]	VmPTE:	     964 kB
20220312 053840.224 INFO             PET0 PIOc_freedecomp Exit - MemInfo: [/proc/self/status]	VmSwap:	       0 kB
20220312 053840.224 INFO             PET0 PIOc_freedecomp Exit - MemInfo: [/proc/self/status]	VmRSSPercent: 0.0184888 %
20220312 053840.224 INFO             PET0 PIOc_freedecomp Exit - MemInfo: [malloc] Non-mmapped space allocated:                11972608 Byte
20220312 053840.224 INFO             PET0 PIOc_freedecomp Exit - MemInfo: [malloc] Space allocated in mmapped regions:          1581056 Byte
20220312 053840.224 INFO             PET0 PIOc_freedecomp Exit - MemInfo: [malloc] Maximum total allocated space:                     0 Byte
20220312 053840.224 INFO             PET0 PIOc_freedecomp Exit - MemInfo: [malloc] Space in freed fastbin blocks:                  3712 Byte
20220312 053840.224 INFO             PET0 PIOc_freedecomp Exit - MemInfo: [malloc] Total allocated space:                       2623488 Byte
20220312 053840.224 INFO             PET0 PIOc_freedecomp Exit - MemInfo: [malloc] Total free space:                            9349120 Byte
20220312 053840.224 INFO             PET0 PIOc_freedecomp Exit - MemInfo: [malloc] Top-most, releasable space:                  9048048 Byte
20220312 053840.224 INFO             PET0 PIOc_freedecomp Exit - MemInfo: [malloc] Total space in use, mmap + non-mmap:         4204544 Byte
20220312 053840.224 INFO             PET0 PIOc_freedecomp Exit - MemInfo: [malloc] Total space held (mmap + non-mmap):         13553664 Byte
20220312 053840.224 INFO             PET0 PIOc_freedecomp Exit - MemInfo: [malloc] Total space used (mmap + non-mmap):          4213888 Byte
20220312 053840.224 INFO             PET0 PIOc_freedecomp Exit - MemInfo: Wall-clock time since execution start:              0.0254072 seconds
20220312 053840.224 INFO             PET0  PASS  ESMF_OutputWeightFile, ESMF_IOUTest.F90, line 81
20220312 053840.227 INFO             PET0  PASS  call ESMF_OutputWeightFile with empty factor list on four PETs, ESMF_IOUTest.F90, line 191
20220312 053840.227 INFO             PET0  Ending Test, file ESMF_IOUTest.F90, line 201
20220312 053840.227 INFO             PET0 Finalizing ESMF
20220312 053840.202 INFO             PET1 !!!!!!!!!!!!!!!!!!!!!!!!!!!!!!!!!!!!!!!!!!!!!!!!!!!!!!
20220312 053840.202 INFO             PET1 !!! THE ESMF_LOG IS SET TO OUTPUT ALL LOG MESSAGES !!!
20220312 053840.202 INFO             PET1 !!!     THIS MAY CAUSE SLOWDOWN IN PERFORMANCE     !!!
20220312 053840.202 INFO             PET1 !!! FOR PRODUCTION RUNS, USE:                      !!!
20220312 053840.202 INFO             PET1 !!!                   ESMF_LOGKIND_Multi_On_Error  !!!
20220312 053840.202 INFO             PET1 !!!!!!!!!!!!!!!!!!!!!!!!!!!!!!!!!!!!!!!!!!!!!!!!!!!!!!
20220312 053840.202 INFO             PET1 Running with ESMF Version   : v8.3.0b09-96-g559b459
20220312 053840.202 INFO             PET1 ESMF library build date/time: "Mar 12 2022" "04:14:42"
20220312 053840.202 INFO             PET1 ESMF library build location : /work/noaa/da/mpotts/sandbox/gfortran_8.3.0_openmpi_g_jedwards_pio_update2
20220312 053840.202 INFO             PET1 ESMF_COMM                   : openmpi
20220312 053840.202 INFO             PET1 ESMF_MOAB                   : enabled
20220312 053840.202 INFO             PET1 ESMF_LAPACK                 : enabled
20220312 053840.202 INFO             PET1 ESMF_NETCDF                 : enabled
20220312 053840.202 INFO             PET1 ESMF_PNETCDF                : disabled
20220312 053840.202 INFO             PET1 ESMF_PIO                    : enabled
20220312 053840.202 INFO             PET1 ESMF_YAMLCPP                : enabled
20220312 053840.203 INFO             PET1  Beginning Test, file ESMF_IOUTest.F90, line 57
20220312 053840.203 INFO             PET1  NUMBER_OF_PROCESSORS           4
20220312 053840.203 INFO             PET1 Starting Test:  ESMF_OutputWeightFile
20220312 053840.213 INFO             PET1 PIOc_sync Enter - MemInfo: [/proc/meminfo - SSI]	MemTotal:       196442820 kB
20220312 053840.213 INFO             PET1 PIOc_sync Enter - MemInfo: [/proc/meminfo - SSI]	MemFree:        186991080 kB
20220312 053840.213 INFO             PET1 PIOc_sync Enter - MemInfo: [/proc/meminfo - SSI]	MemAvailable:   191716408 kB
20220312 053840.213 INFO             PET1 PIOc_sync Enter - MemInfo: [/proc/meminfo - SSI]	Committed_AS:     653160 kB
20220312 053840.213 INFO             PET1 PIOc_sync Enter - MemInfo: [/proc/meminfo - SSI]	CommittedPercent: 0.332494 %
20220312 053840.213 INFO             PET1 PIOc_sync Enter - MemInfo: [/proc/self/status]	VmPeak:	  669276 kB
20220312 053840.213 INFO             PET1 PIOc_sync Enter - MemInfo: [/proc/self/status]	VmSize:	  669276 kB
20220312 053840.213 INFO             PET1 PIOc_sync Enter - MemInfo: [/proc/self/status]	VmLck:	       0 kB
20220312 053840.213 INFO             PET1 PIOc_sync Enter - MemInfo: [/proc/self/status]	VmPin:	       0 kB
20220312 053840.213 INFO             PET1 PIOc_sync Enter - MemInfo: [/proc/self/status]	VmHWM:	   71732 kB
20220312 053840.213 INFO             PET1 PIOc_sync Enter - MemInfo: [/proc/self/status]	VmRSS:	   29428 kB
20220312 053840.213 INFO             PET1 PIOc_sync Enter - MemInfo: [/proc/self/status]	VmData:	  186492 kB
20220312 053840.213 INFO             PET1 PIOc_sync Enter - MemInfo: [/proc/self/status]	VmStk:	     144 kB
20220312 053840.213 INFO             PET1 PIOc_sync Enter - MemInfo: [/proc/self/status]	VmExe:	     324 kB
20220312 053840.213 INFO             PET1 PIOc_sync Enter - MemInfo: [/proc/self/status]	VmLib:	   83112 kB
20220312 053840.213 INFO             PET1 PIOc_sync Enter - MemInfo: [/proc/self/status]	VmPTE:	     956 kB
20220312 053840.213 INFO             PET1 PIOc_sync Enter - MemInfo: [/proc/self/status]	VmSwap:	       0 kB
20220312 053840.213 INFO             PET1 PIOc_sync Enter - MemInfo: [/proc/self/status]	VmRSSPercent: 0.0149804 %
20220312 053840.213 INFO             PET1 PIOc_sync Enter - MemInfo: [malloc] Non-mmapped space allocated:                 3059712 Byte
20220312 053840.213 INFO             PET1 PIOc_sync Enter - MemInfo: [malloc] Space allocated in mmapped regions:          1581056 Byte
20220312 053840.213 INFO             PET1 PIOc_sync Enter - MemInfo: [malloc] Maximum total allocated space:                     0 Byte
20220312 053840.213 INFO             PET1 PIOc_sync Enter - MemInfo: [malloc] Space in freed fastbin blocks:                  1120 Byte
20220312 053840.213 INFO             PET1 PIOc_sync Enter - MemInfo: [malloc] Total allocated space:                       2420496 Byte
20220312 053840.213 INFO             PET1 PIOc_sync Enter - MemInfo: [malloc] Total free space:                             639216 Byte
20220312 053840.213 INFO             PET1 PIOc_sync Enter - MemInfo: [malloc] Top-most, releasable space:                   134048 Byte
20220312 053840.214 INFO             PET1 PIOc_sync Enter - MemInfo: [malloc] Total space in use, mmap + non-mmap:         4001552 Byte
20220312 053840.214 INFO             PET1 PIOc_sync Enter - MemInfo: [malloc] Total space held (mmap + non-mmap):          4640768 Byte
20220312 053840.214 INFO             PET1 PIOc_sync Enter - MemInfo: [malloc] Total space used (mmap + non-mmap):          4010896 Byte
20220312 053840.214 INFO             PET1 PIOc_sync Enter - MemInfo: Wall-clock time since execution start:              0.0238161 seconds
20220312 053840.214 INFO             PET1 PIOc_sync Exit - MemInfo: [/proc/meminfo - SSI]	MemTotal:       196442820 kB
20220312 053840.214 INFO             PET1 PIOc_sync Exit - MemInfo: [/proc/meminfo - SSI]	MemFree:        186991080 kB
20220312 053840.214 INFO             PET1 PIOc_sync Exit - MemInfo: [/proc/meminfo - SSI]	MemAvailable:   191716408 kB
20220312 053840.214 INFO             PET1 PIOc_sync Exit - MemInfo: [/proc/meminfo - SSI]	Committed_AS:     653160 kB
20220312 053840.214 INFO             PET1 PIOc_sync Exit - MemInfo: [/proc/meminfo - SSI]	CommittedPercent: 0.332494 %
20220312 053840.214 INFO             PET1 PIOc_sync Exit - MemInfo: [/proc/self/status]	VmPeak:	  669276 kB
20220312 053840.214 INFO             PET1 PIOc_sync Exit - MemInfo: [/proc/self/status]	VmSize:	  669276 kB
20220312 053840.214 INFO             PET1 PIOc_sync Exit - MemInfo: [/proc/self/status]	VmLck:	       0 kB
20220312 053840.214 INFO             PET1 PIOc_sync Exit - MemInfo: [/proc/self/status]	VmPin:	       0 kB
20220312 053840.214 INFO             PET1 PIOc_sync Exit - MemInfo: [/proc/self/status]	VmHWM:	   71732 kB
20220312 053840.214 INFO             PET1 PIOc_sync Exit - MemInfo: [/proc/self/status]	VmRSS:	   29524 kB
20220312 053840.214 INFO             PET1 PIOc_sync Exit - MemInfo: [/proc/self/status]	VmData:	  186492 kB
20220312 053840.214 INFO             PET1 PIOc_sync Exit - MemInfo: [/proc/self/status]	VmStk:	     144 kB
20220312 053840.214 INFO             PET1 PIOc_sync Exit - MemInfo: [/proc/self/status]	VmExe:	     324 kB
20220312 053840.214 INFO             PET1 PIOc_sync Exit - MemInfo: [/proc/self/status]	VmLib:	   83112 kB
20220312 053840.214 INFO             PET1 PIOc_sync Exit - MemInfo: [/proc/self/status]	VmPTE:	     956 kB
20220312 053840.214 INFO             PET1 PIOc_sync Exit - MemInfo: [/proc/self/status]	VmSwap:	       0 kB
20220312 053840.214 INFO             PET1 PIOc_sync Exit - MemInfo: [/proc/self/status]	VmRSSPercent: 0.0150293 %
20220312 053840.214 INFO             PET1 PIOc_sync Exit - MemInfo: [malloc] Non-mmapped space allocated:                 3059712 Byte
20220312 053840.214 INFO             PET1 PIOc_sync Exit - MemInfo: [malloc] Space allocated in mmapped regions:          1581056 Byte
20220312 053840.214 INFO             PET1 PIOc_sync Exit - MemInfo: [malloc] Maximum total allocated space:                     0 Byte
20220312 053840.214 INFO             PET1 PIOc_sync Exit - MemInfo: [malloc] Space in freed fastbin blocks:                  1584 Byte
20220312 053840.214 INFO             PET1 PIOc_sync Exit - MemInfo: [malloc] Total allocated space:                       2420352 Byte
20220312 053840.214 INFO             PET1 PIOc_sync Exit - MemInfo: [malloc] Total free space:                             639360 Byte
20220312 053840.214 INFO             PET1 PIOc_sync Exit - MemInfo: [malloc] Top-most, releasable space:                   134048 Byte
20220312 053840.214 INFO             PET1 PIOc_sync Exit - MemInfo: [malloc] Total space in use, mmap + non-mmap:         4001408 Byte
20220312 053840.214 INFO             PET1 PIOc_sync Exit - MemInfo: [malloc] Total space held (mmap + non-mmap):          4640768 Byte
20220312 053840.214 INFO             PET1 PIOc_sync Exit - MemInfo: [malloc] Total space used (mmap + non-mmap):          4010752 Byte
20220312 053840.214 INFO             PET1 PIOc_sync Exit - MemInfo: Wall-clock time since execution start:              0.0244806 seconds
20220312 053840.215 INFO             PET1 PIOc_freedecomp Enter - MemInfo: [/proc/meminfo - SSI]	MemTotal:       196442820 kB
20220312 053840.215 INFO             PET1 PIOc_freedecomp Enter - MemInfo: [/proc/meminfo - SSI]	MemFree:        186998720 kB
20220312 053840.215 INFO             PET1 PIOc_freedecomp Enter - MemInfo: [/proc/meminfo - SSI]	MemAvailable:   191724048 kB
20220312 053840.215 INFO             PET1 PIOc_freedecomp Enter - MemInfo: [/proc/meminfo - SSI]	Committed_AS:     644964 kB
20220312 053840.215 INFO             PET1 PIOc_freedecomp Enter - MemInfo: [/proc/meminfo - SSI]	CommittedPercent: 0.328321 %
20220312 053840.215 INFO             PET1 PIOc_freedecomp Enter - MemInfo: [/proc/self/status]	VmPeak:	  669276 kB
20220312 053840.215 INFO             PET1 PIOc_freedecomp Enter - MemInfo: [/proc/self/status]	VmSize:	  669276 kB
20220312 053840.215 INFO             PET1 PIOc_freedecomp Enter - MemInfo: [/proc/self/status]	VmLck:	       0 kB
20220312 053840.215 INFO             PET1 PIOc_freedecomp Enter - MemInfo: [/proc/self/status]	VmPin:	       0 kB
20220312 053840.215 INFO             PET1 PIOc_freedecomp Enter - MemInfo: [/proc/self/status]	VmHWM:	   71732 kB
20220312 053840.215 INFO             PET1 PIOc_freedecomp Enter - MemInfo: [/proc/self/status]	VmRSS:	   29524 kB
20220312 053840.215 INFO             PET1 PIOc_freedecomp Enter - MemInfo: [/proc/self/status]	VmData:	  186492 kB
20220312 053840.215 INFO             PET1 PIOc_freedecomp Enter - MemInfo: [/proc/self/status]	VmStk:	     144 kB
20220312 053840.215 INFO             PET1 PIOc_freedecomp Enter - MemInfo: [/proc/self/status]	VmExe:	     324 kB
20220312 053840.215 INFO             PET1 PIOc_freedecomp Enter - MemInfo: [/proc/self/status]	VmLib:	   83112 kB
20220312 053840.215 INFO             PET1 PIOc_freedecomp Enter - MemInfo: [/proc/self/status]	VmPTE:	     956 kB
20220312 053840.215 INFO             PET1 PIOc_freedecomp Enter - MemInfo: [/proc/self/status]	VmSwap:	       0 kB
20220312 053840.215 INFO             PET1 PIOc_freedecomp Enter - MemInfo: [/proc/self/status]	VmRSSPercent: 0.0150293 %
20220312 053840.215 INFO             PET1 PIOc_freedecomp Enter - MemInfo: [malloc] Non-mmapped space allocated:                 3059712 Byte
20220312 053840.215 INFO             PET1 PIOc_freedecomp Enter - MemInfo: [malloc] Space allocated in mmapped regions:          1581056 Byte
20220312 053840.215 INFO             PET1 PIOc_freedecomp Enter - MemInfo: [malloc] Maximum total allocated space:                     0 Byte
20220312 053840.215 INFO             PET1 PIOc_freedecomp Enter - MemInfo: [malloc] Space in freed fastbin blocks:                  1472 Byte
20220312 053840.215 INFO             PET1 PIOc_freedecomp Enter - MemInfo: [malloc] Total allocated space:                       2418688 Byte
20220312 053840.215 INFO             PET1 PIOc_freedecomp Enter - MemInfo: [malloc] Total free space:                             641024 Byte
20220312 053840.215 INFO             PET1 PIOc_freedecomp Enter - MemInfo: [malloc] Top-most, releasable space:                   134048 Byte
20220312 053840.215 INFO             PET1 PIOc_freedecomp Enter - MemInfo: [malloc] Total space in use, mmap + non-mmap:         3999744 Byte
20220312 053840.215 INFO             PET1 PIOc_freedecomp Enter - MemInfo: [malloc] Total space held (mmap + non-mmap):          4640768 Byte
20220312 053840.215 INFO             PET1 PIOc_freedecomp Enter - MemInfo: [malloc] Total space used (mmap + non-mmap):          4009088 Byte
20220312 053840.215 INFO             PET1 PIOc_freedecomp Enter - MemInfo: Wall-clock time since execution start:              0.0251229 seconds
20220312 053840.215 INFO             PET1 PIOc_freedecomp Exit - MemInfo: [/proc/meminfo - SSI]	MemTotal:       196442820 kB
20220312 053840.215 INFO             PET1 PIOc_freedecomp Exit - MemInfo: [/proc/meminfo - SSI]	MemFree:        186998720 kB
20220312 053840.215 INFO             PET1 PIOc_freedecomp Exit - MemInfo: [/proc/meminfo - SSI]	MemAvailable:   191724048 kB
20220312 053840.215 INFO             PET1 PIOc_freedecomp Exit - MemInfo: [/proc/meminfo - SSI]	Committed_AS:     644964 kB
20220312 053840.215 INFO             PET1 PIOc_freedecomp Exit - MemInfo: [/proc/meminfo - SSI]	CommittedPercent: 0.328321 %
20220312 053840.215 INFO             PET1 PIOc_freedecomp Exit - MemInfo: [/proc/self/status]	VmPeak:	  669276 kB
20220312 053840.215 INFO             PET1 PIOc_freedecomp Exit - MemInfo: [/proc/self/status]	VmSize:	  669276 kB
20220312 053840.215 INFO             PET1 PIOc_freedecomp Exit - MemInfo: [/proc/self/status]	VmLck:	       0 kB
20220312 053840.215 INFO             PET1 PIOc_freedecomp Exit - MemInfo: [/proc/self/status]	VmPin:	       0 kB
20220312 053840.215 INFO             PET1 PIOc_freedecomp Exit - MemInfo: [/proc/self/status]	VmHWM:	   71732 kB
20220312 053840.215 INFO             PET1 PIOc_freedecomp Exit - MemInfo: [/proc/self/status]	VmRSS:	   29524 kB
20220312 053840.215 INFO             PET1 PIOc_freedecomp Exit - MemInfo: [/proc/self/status]	VmData:	  186492 kB
20220312 053840.215 INFO             PET1 PIOc_freedecomp Exit - MemInfo: [/proc/self/status]	VmStk:	     144 kB
20220312 053840.215 INFO             PET1 PIOc_freedecomp Exit - MemInfo: [/proc/self/status]	VmExe:	     324 kB
20220312 053840.215 INFO             PET1 PIOc_freedecomp Exit - MemInfo: [/proc/self/status]	VmLib:	   83112 kB
20220312 053840.215 INFO             PET1 PIOc_freedecomp Exit - MemInfo: [/proc/self/status]	VmPTE:	     956 kB
20220312 053840.215 INFO             PET1 PIOc_freedecomp Exit - MemInfo: [/proc/self/status]	VmSwap:	       0 kB
20220312 053840.215 INFO             PET1 PIOc_freedecomp Exit - MemInfo: [/proc/self/status]	VmRSSPercent: 0.0150293 %
20220312 053840.215 INFO             PET1 PIOc_freedecomp Exit - MemInfo: [malloc] Non-mmapped space allocated:                 3059712 Byte
20220312 053840.215 INFO             PET1 PIOc_freedecomp Exit - MemInfo: [malloc] Space allocated in mmapped regions:          1581056 Byte
20220312 053840.215 INFO             PET1 PIOc_freedecomp Exit - MemInfo: [malloc] Maximum total allocated space:                     0 Byte
20220312 053840.215 INFO             PET1 PIOc_freedecomp Exit - MemInfo: [malloc] Space in freed fastbin blocks:                  2000 Byte
20220312 053840.215 INFO             PET1 PIOc_freedecomp Exit - MemInfo: [malloc] Total allocated space:                       2416624 Byte
20220312 053840.215 INFO             PET1 PIOc_freedecomp Exit - MemInfo: [malloc] Total free space:                             643088 Byte
20220312 053840.215 INFO             PET1 PIOc_freedecomp Exit - MemInfo: [malloc] Top-most, releasable space:                   134048 Byte
20220312 053840.215 INFO             PET1 PIOc_freedecomp Exit - MemInfo: [malloc] Total space in use, mmap + non-mmap:         3997680 Byte
20220312 053840.215 INFO             PET1 PIOc_freedecomp Exit - MemInfo: [malloc] Total space held (mmap + non-mmap):          4640768 Byte
20220312 053840.215 INFO             PET1 PIOc_freedecomp Exit - MemInfo: [malloc] Total space used (mmap + non-mmap):          4007024 Byte
20220312 053840.215 INFO             PET1 PIOc_freedecomp Exit - MemInfo: Wall-clock time since execution start:               0.025493 seconds
20220312 053840.218 INFO             PET1 PIOc_sync Enter - MemInfo: [/proc/meminfo - SSI]	MemTotal:       196442820 kB
20220312 053840.218 INFO             PET1 PIOc_sync Enter - MemInfo: [/proc/meminfo - SSI]	MemFree:        186994740 kB
20220312 053840.218 INFO             PET1 PIOc_sync Enter - MemInfo: [/proc/meminfo - SSI]	MemAvailable:   191720068 kB
20220312 053840.218 INFO             PET1 PIOc_sync Enter - MemInfo: [/proc/meminfo - SSI]	Committed_AS:     653248 kB
20220312 053840.218 INFO             PET1 PIOc_sync Enter - MemInfo: [/proc/meminfo - SSI]	CommittedPercent: 0.332538 %
20220312 053840.218 INFO             PET1 PIOc_sync Enter - MemInfo: [/proc/self/status]	VmPeak:	  669276 kB
20220312 053840.218 INFO             PET1 PIOc_sync Enter - MemInfo: [/proc/self/status]	VmSize:	  669276 kB
20220312 053840.218 INFO             PET1 PIOc_sync Enter - MemInfo: [/proc/self/status]	VmLck:	       0 kB
20220312 053840.218 INFO             PET1 PIOc_sync Enter - MemInfo: [/proc/self/status]	VmPin:	       0 kB
20220312 053840.218 INFO             PET1 PIOc_sync Enter - MemInfo: [/proc/self/status]	VmHWM:	   71732 kB
20220312 053840.218 INFO             PET1 PIOc_sync Enter - MemInfo: [/proc/self/status]	VmRSS:	   29544 kB
20220312 053840.218 INFO             PET1 PIOc_sync Enter - MemInfo: [/proc/self/status]	VmData:	  186492 kB
20220312 053840.218 INFO             PET1 PIOc_sync Enter - MemInfo: [/proc/self/status]	VmStk:	     144 kB
20220312 053840.218 INFO             PET1 PIOc_sync Enter - MemInfo: [/proc/self/status]	VmExe:	     324 kB
20220312 053840.218 INFO             PET1 PIOc_sync Enter - MemInfo: [/proc/self/status]	VmLib:	   83112 kB
20220312 053840.218 INFO             PET1 PIOc_sync Enter - MemInfo: [/proc/self/status]	VmPTE:	     956 kB
20220312 053840.218 INFO             PET1 PIOc_sync Enter - MemInfo: [/proc/self/status]	VmSwap:	       0 kB
20220312 053840.218 INFO             PET1 PIOc_sync Enter - MemInfo: [/proc/self/status]	VmRSSPercent: 0.0150395 %
20220312 053840.218 INFO             PET1 PIOc_sync Enter - MemInfo: [malloc] Non-mmapped space allocated:                 3059712 Byte
20220312 053840.218 INFO             PET1 PIOc_sync Enter - MemInfo: [malloc] Space allocated in mmapped regions:          1581056 Byte
20220312 053840.218 INFO             PET1 PIOc_sync Enter - MemInfo: [malloc] Maximum total allocated space:                     0 Byte
20220312 053840.218 INFO             PET1 PIOc_sync Enter - MemInfo: [malloc] Space in freed fastbin blocks:                  1280 Byte
20220312 053840.218 INFO             PET1 PIOc_sync Enter - MemInfo: [malloc] Total allocated space:                       2420576 Byte
20220312 053840.218 INFO             PET1 PIOc_sync Enter - MemInfo: [malloc] Total free space:                             639136 Byte
20220312 053840.218 INFO             PET1 PIOc_sync Enter - MemInfo: [malloc] Top-most, releasable space:                   134048 Byte
20220312 053840.218 INFO             PET1 PIOc_sync Enter - MemInfo: [malloc] Total space in use, mmap + non-mmap:         4001632 Byte
20220312 053840.218 INFO             PET1 PIOc_sync Enter - MemInfo: [malloc] Total space held (mmap + non-mmap):          4640768 Byte
20220312 053840.218 INFO             PET1 PIOc_sync Enter - MemInfo: [malloc] Total space used (mmap + non-mmap):          4010976 Byte
20220312 053840.218 INFO             PET1 PIOc_sync Enter - MemInfo: Wall-clock time since execution start:              0.0282507 seconds
20220312 053840.218 INFO             PET1 PIOc_sync Exit - MemInfo: [/proc/meminfo - SSI]	MemTotal:       196442820 kB
20220312 053840.218 INFO             PET1 PIOc_sync Exit - MemInfo: [/proc/meminfo - SSI]	MemFree:        186994740 kB
20220312 053840.218 INFO             PET1 PIOc_sync Exit - MemInfo: [/proc/meminfo - SSI]	MemAvailable:   191720068 kB
20220312 053840.218 INFO             PET1 PIOc_sync Exit - MemInfo: [/proc/meminfo - SSI]	Committed_AS:     653248 kB
20220312 053840.218 INFO             PET1 PIOc_sync Exit - MemInfo: [/proc/meminfo - SSI]	CommittedPercent: 0.332538 %
20220312 053840.218 INFO             PET1 PIOc_sync Exit - MemInfo: [/proc/self/status]	VmPeak:	  669276 kB
20220312 053840.218 INFO             PET1 PIOc_sync Exit - MemInfo: [/proc/self/status]	VmSize:	  669276 kB
20220312 053840.218 INFO             PET1 PIOc_sync Exit - MemInfo: [/proc/self/status]	VmLck:	       0 kB
20220312 053840.219 INFO             PET1 PIOc_sync Exit - MemInfo: [/proc/self/status]	VmPin:	       0 kB
20220312 053840.219 INFO             PET1 PIOc_sync Exit - MemInfo: [/proc/self/status]	VmHWM:	   71732 kB
20220312 053840.219 INFO             PET1 PIOc_sync Exit - MemInfo: [/proc/self/status]	VmRSS:	   29544 kB
20220312 053840.219 INFO             PET1 PIOc_sync Exit - MemInfo: [/proc/self/status]	VmData:	  186492 kB
20220312 053840.219 INFO             PET1 PIOc_sync Exit - MemInfo: [/proc/self/status]	VmStk:	     144 kB
20220312 053840.219 INFO             PET1 PIOc_sync Exit - MemInfo: [/proc/self/status]	VmExe:	     324 kB
20220312 053840.219 INFO             PET1 PIOc_sync Exit - MemInfo: [/proc/self/status]	VmLib:	   83112 kB
20220312 053840.219 INFO             PET1 PIOc_sync Exit - MemInfo: [/proc/self/status]	VmPTE:	     956 kB
20220312 053840.219 INFO             PET1 PIOc_sync Exit - MemInfo: [/proc/self/status]	VmSwap:	       0 kB
20220312 053840.219 INFO             PET1 PIOc_sync Exit - MemInfo: [/proc/self/status]	VmRSSPercent: 0.0150395 %
20220312 053840.219 INFO             PET1 PIOc_sync Exit - MemInfo: [malloc] Non-mmapped space allocated:                 3059712 Byte
20220312 053840.219 INFO             PET1 PIOc_sync Exit - MemInfo: [malloc] Space allocated in mmapped regions:          1581056 Byte
20220312 053840.219 INFO             PET1 PIOc_sync Exit - MemInfo: [malloc] Maximum total allocated space:                     0 Byte
20220312 053840.219 INFO             PET1 PIOc_sync Exit - MemInfo: [malloc] Space in freed fastbin blocks:                  1632 Byte
20220312 053840.219 INFO             PET1 PIOc_sync Exit - MemInfo: [malloc] Total allocated space:                       2420480 Byte
20220312 053840.219 INFO             PET1 PIOc_sync Exit - MemInfo: [malloc] Total free space:                             639232 Byte
20220312 053840.219 INFO             PET1 PIOc_sync Exit - MemInfo: [malloc] Top-most, releasable space:                   134048 Byte
20220312 053840.219 INFO             PET1 PIOc_sync Exit - MemInfo: [malloc] Total space in use, mmap + non-mmap:         4001536 Byte
20220312 053840.219 INFO             PET1 PIOc_sync Exit - MemInfo: [malloc] Total space held (mmap + non-mmap):          4640768 Byte
20220312 053840.219 INFO             PET1 PIOc_sync Exit - MemInfo: [malloc] Total space used (mmap + non-mmap):          4010880 Byte
20220312 053840.219 INFO             PET1 PIOc_sync Exit - MemInfo: Wall-clock time since execution start:              0.0289313 seconds
20220312 053840.219 INFO             PET1 PIOc_freedecomp Enter - MemInfo: [/proc/meminfo - SSI]	MemTotal:       196442820 kB
20220312 053840.219 INFO             PET1 PIOc_freedecomp Enter - MemInfo: [/proc/meminfo - SSI]	MemFree:        186994740 kB
20220312 053840.219 INFO             PET1 PIOc_freedecomp Enter - MemInfo: [/proc/meminfo - SSI]	MemAvailable:   191720068 kB
20220312 053840.219 INFO             PET1 PIOc_freedecomp Enter - MemInfo: [/proc/meminfo - SSI]	Committed_AS:     653248 kB
20220312 053840.219 INFO             PET1 PIOc_freedecomp Enter - MemInfo: [/proc/meminfo - SSI]	CommittedPercent: 0.332538 %
20220312 053840.219 INFO             PET1 PIOc_freedecomp Enter - MemInfo: [/proc/self/status]	VmPeak:	  669276 kB
20220312 053840.219 INFO             PET1 PIOc_freedecomp Enter - MemInfo: [/proc/self/status]	VmSize:	  669276 kB
20220312 053840.219 INFO             PET1 PIOc_freedecomp Enter - MemInfo: [/proc/self/status]	VmLck:	       0 kB
20220312 053840.219 INFO             PET1 PIOc_freedecomp Enter - MemInfo: [/proc/self/status]	VmPin:	       0 kB
20220312 053840.219 INFO             PET1 PIOc_freedecomp Enter - MemInfo: [/proc/self/status]	VmHWM:	   71732 kB
20220312 053840.219 INFO             PET1 PIOc_freedecomp Enter - MemInfo: [/proc/self/status]	VmRSS:	   29544 kB
20220312 053840.219 INFO             PET1 PIOc_freedecomp Enter - MemInfo: [/proc/self/status]	VmData:	  186492 kB
20220312 053840.219 INFO             PET1 PIOc_freedecomp Enter - MemInfo: [/proc/self/status]	VmStk:	     144 kB
20220312 053840.219 INFO             PET1 PIOc_freedecomp Enter - MemInfo: [/proc/self/status]	VmExe:	     324 kB
20220312 053840.219 INFO             PET1 PIOc_freedecomp Enter - MemInfo: [/proc/self/status]	VmLib:	   83112 kB
20220312 053840.219 INFO             PET1 PIOc_freedecomp Enter - MemInfo: [/proc/self/status]	VmPTE:	     956 kB
20220312 053840.219 INFO             PET1 PIOc_freedecomp Enter - MemInfo: [/proc/self/status]	VmSwap:	       0 kB
20220312 053840.219 INFO             PET1 PIOc_freedecomp Enter - MemInfo: [/proc/self/status]	VmRSSPercent: 0.0150395 %
20220312 053840.219 INFO             PET1 PIOc_freedecomp Enter - MemInfo: [malloc] Non-mmapped space allocated:                 3059712 Byte
20220312 053840.219 INFO             PET1 PIOc_freedecomp Enter - MemInfo: [malloc] Space allocated in mmapped regions:          1581056 Byte
20220312 053840.219 INFO             PET1 PIOc_freedecomp Enter - MemInfo: [malloc] Maximum total allocated space:                     0 Byte
20220312 053840.219 INFO             PET1 PIOc_freedecomp Enter - MemInfo: [malloc] Space in freed fastbin blocks:                  1600 Byte
20220312 053840.219 INFO             PET1 PIOc_freedecomp Enter - MemInfo: [malloc] Total allocated space:                       2418704 Byte
20220312 053840.219 INFO             PET1 PIOc_freedecomp Enter - MemInfo: [malloc] Total free space:                             641008 Byte
20220312 053840.219 INFO             PET1 PIOc_freedecomp Enter - MemInfo: [malloc] Top-most, releasable space:                   134048 Byte
20220312 053840.219 INFO             PET1 PIOc_freedecomp Enter - MemInfo: [malloc] Total space in use, mmap + non-mmap:         3999760 Byte
20220312 053840.219 INFO             PET1 PIOc_freedecomp Enter - MemInfo: [malloc] Total space held (mmap + non-mmap):          4640768 Byte
20220312 053840.219 INFO             PET1 PIOc_freedecomp Enter - MemInfo: [malloc] Total space used (mmap + non-mmap):          4009104 Byte
20220312 053840.219 INFO             PET1 PIOc_freedecomp Enter - MemInfo: Wall-clock time since execution start:              0.0297664 seconds
20220312 053840.220 INFO             PET1 PIOc_freedecomp Exit - MemInfo: [/proc/meminfo - SSI]	MemTotal:       196442820 kB
20220312 053840.220 INFO             PET1 PIOc_freedecomp Exit - MemInfo: [/proc/meminfo - SSI]	MemFree:        186994740 kB
20220312 053840.220 INFO             PET1 PIOc_freedecomp Exit - MemInfo: [/proc/meminfo - SSI]	MemAvailable:   191720068 kB
20220312 053840.220 INFO             PET1 PIOc_freedecomp Exit - MemInfo: [/proc/meminfo - SSI]	Committed_AS:     653248 kB
20220312 053840.220 INFO             PET1 PIOc_freedecomp Exit - MemInfo: [/proc/meminfo - SSI]	CommittedPercent: 0.332538 %
20220312 053840.220 INFO             PET1 PIOc_freedecomp Exit - MemInfo: [/proc/self/status]	VmPeak:	  669276 kB
20220312 053840.220 INFO             PET1 PIOc_freedecomp Exit - MemInfo: [/proc/self/status]	VmSize:	  669276 kB
20220312 053840.220 INFO             PET1 PIOc_freedecomp Exit - MemInfo: [/proc/self/status]	VmLck:	       0 kB
20220312 053840.220 INFO             PET1 PIOc_freedecomp Exit - MemInfo: [/proc/self/status]	VmPin:	       0 kB
20220312 053840.220 INFO             PET1 PIOc_freedecomp Exit - MemInfo: [/proc/self/status]	VmHWM:	   71732 kB
20220312 053840.220 INFO             PET1 PIOc_freedecomp Exit - MemInfo: [/proc/self/status]	VmRSS:	   29544 kB
20220312 053840.220 INFO             PET1 PIOc_freedecomp Exit - MemInfo: [/proc/self/status]	VmData:	  186492 kB
20220312 053840.220 INFO             PET1 PIOc_freedecomp Exit - MemInfo: [/proc/self/status]	VmStk:	     144 kB
20220312 053840.220 INFO             PET1 PIOc_freedecomp Exit - MemInfo: [/proc/self/status]	VmExe:	     324 kB
20220312 053840.220 INFO             PET1 PIOc_freedecomp Exit - MemInfo: [/proc/self/status]	VmLib:	   83112 kB
20220312 053840.220 INFO             PET1 PIOc_freedecomp Exit - MemInfo: [/proc/self/status]	VmPTE:	     956 kB
20220312 053840.220 INFO             PET1 PIOc_freedecomp Exit - MemInfo: [/proc/self/status]	VmSwap:	       0 kB
20220312 053840.220 INFO             PET1 PIOc_freedecomp Exit - MemInfo: [/proc/self/status]	VmRSSPercent: 0.0150395 %
20220312 053840.220 INFO             PET1 PIOc_freedecomp Exit - MemInfo: [malloc] Non-mmapped space allocated:                 3059712 Byte
20220312 053840.220 INFO             PET1 PIOc_freedecomp Exit - MemInfo: [malloc] Space allocated in mmapped regions:          1581056 Byte
20220312 053840.220 INFO             PET1 PIOc_freedecomp Exit - MemInfo: [malloc] Maximum total allocated space:                     0 Byte
20220312 053840.220 INFO             PET1 PIOc_freedecomp Exit - MemInfo: [malloc] Space in freed fastbin blocks:                  2000 Byte
20220312 053840.220 INFO             PET1 PIOc_freedecomp Exit - MemInfo: [malloc] Total allocated space:                       2416640 Byte
20220312 053840.220 INFO             PET1 PIOc_freedecomp Exit - MemInfo: [malloc] Total free space:                             643072 Byte
20220312 053840.220 INFO             PET1 PIOc_freedecomp Exit - MemInfo: [malloc] Top-most, releasable space:                   134048 Byte
20220312 053840.220 INFO             PET1 PIOc_freedecomp Exit - MemInfo: [malloc] Total space in use, mmap + non-mmap:         3997696 Byte
20220312 053840.220 INFO             PET1 PIOc_freedecomp Exit - MemInfo: [malloc] Total space held (mmap + non-mmap):          4640768 Byte
20220312 053840.220 INFO             PET1 PIOc_freedecomp Exit - MemInfo: [malloc] Total space used (mmap + non-mmap):          4007040 Byte
20220312 053840.220 INFO             PET1 PIOc_freedecomp Exit - MemInfo: Wall-clock time since execution start:              0.0301258 seconds
20220312 053840.222 INFO             PET1 PIOc_sync Enter - MemInfo: [/proc/meminfo - SSI]	MemTotal:       196442820 kB
20220312 053840.222 INFO             PET1 PIOc_sync Enter - MemInfo: [/proc/meminfo - SSI]	MemFree:        186994120 kB
20220312 053840.222 INFO             PET1 PIOc_sync Enter - MemInfo: [/proc/meminfo - SSI]	MemAvailable:   191719448 kB
20220312 053840.222 INFO             PET1 PIOc_sync Enter - MemInfo: [/proc/meminfo - SSI]	Committed_AS:     653248 kB
20220312 053840.222 INFO             PET1 PIOc_sync Enter - MemInfo: [/proc/meminfo - SSI]	CommittedPercent: 0.332538 %
20220312 053840.222 INFO             PET1 PIOc_sync Enter - MemInfo: [/proc/self/status]	VmPeak:	  669276 kB
20220312 053840.222 INFO             PET1 PIOc_sync Enter - MemInfo: [/proc/self/status]	VmSize:	  669276 kB
20220312 053840.222 INFO             PET1 PIOc_sync Enter - MemInfo: [/proc/self/status]	VmLck:	       0 kB
20220312 053840.222 INFO             PET1 PIOc_sync Enter - MemInfo: [/proc/self/status]	VmPin:	       0 kB
20220312 053840.222 INFO             PET1 PIOc_sync Enter - MemInfo: [/proc/self/status]	VmHWM:	   71732 kB
20220312 053840.222 INFO             PET1 PIOc_sync Enter - MemInfo: [/proc/self/status]	VmRSS:	   29548 kB
20220312 053840.222 INFO             PET1 PIOc_sync Enter - MemInfo: [/proc/self/status]	VmData:	  186492 kB
20220312 053840.222 INFO             PET1 PIOc_sync Enter - MemInfo: [/proc/self/status]	VmStk:	     144 kB
20220312 053840.222 INFO             PET1 PIOc_sync Enter - MemInfo: [/proc/self/status]	VmExe:	     324 kB
20220312 053840.222 INFO             PET1 PIOc_sync Enter - MemInfo: [/proc/self/status]	VmLib:	   83112 kB
20220312 053840.222 INFO             PET1 PIOc_sync Enter - MemInfo: [/proc/self/status]	VmPTE:	     956 kB
20220312 053840.222 INFO             PET1 PIOc_sync Enter - MemInfo: [/proc/self/status]	VmSwap:	       0 kB
20220312 053840.222 INFO             PET1 PIOc_sync Enter - MemInfo: [/proc/self/status]	VmRSSPercent: 0.0150415 %
20220312 053840.222 INFO             PET1 PIOc_sync Enter - MemInfo: [malloc] Non-mmapped space allocated:                 3059712 Byte
20220312 053840.222 INFO             PET1 PIOc_sync Enter - MemInfo: [malloc] Space allocated in mmapped regions:          1581056 Byte
20220312 053840.222 INFO             PET1 PIOc_sync Enter - MemInfo: [malloc] Maximum total allocated space:                     0 Byte
20220312 053840.222 INFO             PET1 PIOc_sync Enter - MemInfo: [malloc] Space in freed fastbin blocks:                  1280 Byte
20220312 053840.222 INFO             PET1 PIOc_sync Enter - MemInfo: [malloc] Total allocated space:                       2420736 Byte
20220312 053840.222 INFO             PET1 PIOc_sync Enter - MemInfo: [malloc] Total free space:                             638976 Byte
20220312 053840.222 INFO             PET1 PIOc_sync Enter - MemInfo: [malloc] Top-most, releasable space:                   134048 Byte
20220312 053840.222 INFO             PET1 PIOc_sync Enter - MemInfo: [malloc] Total space in use, mmap + non-mmap:         4001792 Byte
20220312 053840.222 INFO             PET1 PIOc_sync Enter - MemInfo: [malloc] Total space held (mmap + non-mmap):          4640768 Byte
20220312 053840.222 INFO             PET1 PIOc_sync Enter - MemInfo: [malloc] Total space used (mmap + non-mmap):          4011136 Byte
20220312 053840.222 INFO             PET1 PIOc_sync Enter - MemInfo: Wall-clock time since execution start:              0.0321224 seconds
20220312 053840.222 INFO             PET1 PIOc_sync Exit - MemInfo: [/proc/meminfo - SSI]	MemTotal:       196442820 kB
20220312 053840.222 INFO             PET1 PIOc_sync Exit - MemInfo: [/proc/meminfo - SSI]	MemFree:        186994120 kB
20220312 053840.222 INFO             PET1 PIOc_sync Exit - MemInfo: [/proc/meminfo - SSI]	MemAvailable:   191719448 kB
20220312 053840.222 INFO             PET1 PIOc_sync Exit - MemInfo: [/proc/meminfo - SSI]	Committed_AS:     653248 kB
20220312 053840.222 INFO             PET1 PIOc_sync Exit - MemInfo: [/proc/meminfo - SSI]	CommittedPercent: 0.332538 %
20220312 053840.222 INFO             PET1 PIOc_sync Exit - MemInfo: [/proc/self/status]	VmPeak:	  669276 kB
20220312 053840.222 INFO             PET1 PIOc_sync Exit - MemInfo: [/proc/self/status]	VmSize:	  669276 kB
20220312 053840.222 INFO             PET1 PIOc_sync Exit - MemInfo: [/proc/self/status]	VmLck:	       0 kB
20220312 053840.222 INFO             PET1 PIOc_sync Exit - MemInfo: [/proc/self/status]	VmPin:	       0 kB
20220312 053840.222 INFO             PET1 PIOc_sync Exit - MemInfo: [/proc/self/status]	VmHWM:	   71732 kB
20220312 053840.222 INFO             PET1 PIOc_sync Exit - MemInfo: [/proc/self/status]	VmRSS:	   29548 kB
20220312 053840.222 INFO             PET1 PIOc_sync Exit - MemInfo: [/proc/self/status]	VmData:	  186492 kB
20220312 053840.222 INFO             PET1 PIOc_sync Exit - MemInfo: [/proc/self/status]	VmStk:	     144 kB
20220312 053840.222 INFO             PET1 PIOc_sync Exit - MemInfo: [/proc/self/status]	VmExe:	     324 kB
20220312 053840.222 INFO             PET1 PIOc_sync Exit - MemInfo: [/proc/self/status]	VmLib:	   83112 kB
20220312 053840.222 INFO             PET1 PIOc_sync Exit - MemInfo: [/proc/self/status]	VmPTE:	     956 kB
20220312 053840.222 INFO             PET1 PIOc_sync Exit - MemInfo: [/proc/self/status]	VmSwap:	       0 kB
20220312 053840.222 INFO             PET1 PIOc_sync Exit - MemInfo: [/proc/self/status]	VmRSSPercent: 0.0150415 %
20220312 053840.222 INFO             PET1 PIOc_sync Exit - MemInfo: [malloc] Non-mmapped space allocated:                 3059712 Byte
20220312 053840.222 INFO             PET1 PIOc_sync Exit - MemInfo: [malloc] Space allocated in mmapped regions:          1581056 Byte
20220312 053840.222 INFO             PET1 PIOc_sync Exit - MemInfo: [malloc] Maximum total allocated space:                     0 Byte
20220312 053840.222 INFO             PET1 PIOc_sync Exit - MemInfo: [malloc] Space in freed fastbin blocks:                  1632 Byte
20220312 053840.222 INFO             PET1 PIOc_sync Exit - MemInfo: [malloc] Total allocated space:                       2420640 Byte
20220312 053840.222 INFO             PET1 PIOc_sync Exit - MemInfo: [malloc] Total free space:                             639072 Byte
20220312 053840.222 INFO             PET1 PIOc_sync Exit - MemInfo: [malloc] Top-most, releasable space:                   134048 Byte
20220312 053840.222 INFO             PET1 PIOc_sync Exit - MemInfo: [malloc] Total space in use, mmap + non-mmap:         4001696 Byte
20220312 053840.223 INFO             PET1 PIOc_sync Exit - MemInfo: [malloc] Total space held (mmap + non-mmap):          4640768 Byte
20220312 053840.223 INFO             PET1 PIOc_sync Exit - MemInfo: [malloc] Total space used (mmap + non-mmap):          4011040 Byte
20220312 053840.223 INFO             PET1 PIOc_sync Exit - MemInfo: Wall-clock time since execution start:               0.032799 seconds
20220312 053840.223 INFO             PET1 PIOc_freedecomp Enter - MemInfo: [/proc/meminfo - SSI]	MemTotal:       196442820 kB
20220312 053840.223 INFO             PET1 PIOc_freedecomp Enter - MemInfo: [/proc/meminfo - SSI]	MemFree:        186994120 kB
20220312 053840.223 INFO             PET1 PIOc_freedecomp Enter - MemInfo: [/proc/meminfo - SSI]	MemAvailable:   191719448 kB
20220312 053840.223 INFO             PET1 PIOc_freedecomp Enter - MemInfo: [/proc/meminfo - SSI]	Committed_AS:     653248 kB
20220312 053840.223 INFO             PET1 PIOc_freedecomp Enter - MemInfo: [/proc/meminfo - SSI]	CommittedPercent: 0.332538 %
20220312 053840.223 INFO             PET1 PIOc_freedecomp Enter - MemInfo: [/proc/self/status]	VmPeak:	  669276 kB
20220312 053840.223 INFO             PET1 PIOc_freedecomp Enter - MemInfo: [/proc/self/status]	VmSize:	  669276 kB
20220312 053840.223 INFO             PET1 PIOc_freedecomp Enter - MemInfo: [/proc/self/status]	VmLck:	       0 kB
20220312 053840.223 INFO             PET1 PIOc_freedecomp Enter - MemInfo: [/proc/self/status]	VmPin:	       0 kB
20220312 053840.223 INFO             PET1 PIOc_freedecomp Enter - MemInfo: [/proc/self/status]	VmHWM:	   71732 kB
20220312 053840.223 INFO             PET1 PIOc_freedecomp Enter - MemInfo: [/proc/self/status]	VmRSS:	   29548 kB
20220312 053840.223 INFO             PET1 PIOc_freedecomp Enter - MemInfo: [/proc/self/status]	VmData:	  186492 kB
20220312 053840.223 INFO             PET1 PIOc_freedecomp Enter - MemInfo: [/proc/self/status]	VmStk:	     144 kB
20220312 053840.223 INFO             PET1 PIOc_freedecomp Enter - MemInfo: [/proc/self/status]	VmExe:	     324 kB
20220312 053840.223 INFO             PET1 PIOc_freedecomp Enter - MemInfo: [/proc/self/status]	VmLib:	   83112 kB
20220312 053840.223 INFO             PET1 PIOc_freedecomp Enter - MemInfo: [/proc/self/status]	VmPTE:	     956 kB
20220312 053840.223 INFO             PET1 PIOc_freedecomp Enter - MemInfo: [/proc/self/status]	VmSwap:	       0 kB
20220312 053840.223 INFO             PET1 PIOc_freedecomp Enter - MemInfo: [/proc/self/status]	VmRSSPercent: 0.0150415 %
20220312 053840.223 INFO             PET1 PIOc_freedecomp Enter - MemInfo: [malloc] Non-mmapped space allocated:                 3059712 Byte
20220312 053840.223 INFO             PET1 PIOc_freedecomp Enter - MemInfo: [malloc] Space allocated in mmapped regions:          1581056 Byte
20220312 053840.223 INFO             PET1 PIOc_freedecomp Enter - MemInfo: [malloc] Maximum total allocated space:                     0 Byte
20220312 053840.223 INFO             PET1 PIOc_freedecomp Enter - MemInfo: [malloc] Space in freed fastbin blocks:                  1728 Byte
20220312 053840.223 INFO             PET1 PIOc_freedecomp Enter - MemInfo: [malloc] Total allocated space:                       2418720 Byte
20220312 053840.223 INFO             PET1 PIOc_freedecomp Enter - MemInfo: [malloc] Total free space:                             640992 Byte
20220312 053840.223 INFO             PET1 PIOc_freedecomp Enter - MemInfo: [malloc] Top-most, releasable space:                   134048 Byte
20220312 053840.223 INFO             PET1 PIOc_freedecomp Enter - MemInfo: [malloc] Total space in use, mmap + non-mmap:         3999776 Byte
20220312 053840.223 INFO             PET1 PIOc_freedecomp Enter - MemInfo: [malloc] Total space held (mmap + non-mmap):          4640768 Byte
20220312 053840.223 INFO             PET1 PIOc_freedecomp Enter - MemInfo: [malloc] Total space used (mmap + non-mmap):          4009120 Byte
20220312 053840.223 INFO             PET1 PIOc_freedecomp Enter - MemInfo: Wall-clock time since execution start:              0.0335214 seconds
20220312 053840.223 INFO             PET1 PIOc_freedecomp Exit - MemInfo: [/proc/meminfo - SSI]	MemTotal:       196442820 kB
20220312 053840.223 INFO             PET1 PIOc_freedecomp Exit - MemInfo: [/proc/meminfo - SSI]	MemFree:        186994120 kB
20220312 053840.223 INFO             PET1 PIOc_freedecomp Exit - MemInfo: [/proc/meminfo - SSI]	MemAvailable:   191719448 kB
20220312 053840.223 INFO             PET1 PIOc_freedecomp Exit - MemInfo: [/proc/meminfo - SSI]	Committed_AS:     653248 kB
20220312 053840.223 INFO             PET1 PIOc_freedecomp Exit - MemInfo: [/proc/meminfo - SSI]	CommittedPercent: 0.332538 %
20220312 053840.223 INFO             PET1 PIOc_freedecomp Exit - MemInfo: [/proc/self/status]	VmPeak:	  669276 kB
20220312 053840.223 INFO             PET1 PIOc_freedecomp Exit - MemInfo: [/proc/self/status]	VmSize:	  669276 kB
20220312 053840.223 INFO             PET1 PIOc_freedecomp Exit - MemInfo: [/proc/self/status]	VmLck:	       0 kB
20220312 053840.223 INFO             PET1 PIOc_freedecomp Exit - MemInfo: [/proc/self/status]	VmPin:	       0 kB
20220312 053840.223 INFO             PET1 PIOc_freedecomp Exit - MemInfo: [/proc/self/status]	VmHWM:	   71732 kB
20220312 053840.223 INFO             PET1 PIOc_freedecomp Exit - MemInfo: [/proc/self/status]	VmRSS:	   29548 kB
20220312 053840.223 INFO             PET1 PIOc_freedecomp Exit - MemInfo: [/proc/self/status]	VmData:	  186492 kB
20220312 053840.223 INFO             PET1 PIOc_freedecomp Exit - MemInfo: [/proc/self/status]	VmStk:	     144 kB
20220312 053840.224 INFO             PET1 PIOc_freedecomp Exit - MemInfo: [/proc/self/status]	VmExe:	     324 kB
20220312 053840.224 INFO             PET1 PIOc_freedecomp Exit - MemInfo: [/proc/self/status]	VmLib:	   83112 kB
20220312 053840.224 INFO             PET1 PIOc_freedecomp Exit - MemInfo: [/proc/self/status]	VmPTE:	     956 kB
20220312 053840.224 INFO             PET1 PIOc_freedecomp Exit - MemInfo: [/proc/self/status]	VmSwap:	       0 kB
20220312 053840.224 INFO             PET1 PIOc_freedecomp Exit - MemInfo: [/proc/self/status]	VmRSSPercent: 0.0150415 %
20220312 053840.224 INFO             PET1 PIOc_freedecomp Exit - MemInfo: [malloc] Non-mmapped space allocated:                 3059712 Byte
20220312 053840.224 INFO             PET1 PIOc_freedecomp Exit - MemInfo: [malloc] Space allocated in mmapped regions:          1581056 Byte
20220312 053840.224 INFO             PET1 PIOc_freedecomp Exit - MemInfo: [malloc] Maximum total allocated space:                     0 Byte
20220312 053840.224 INFO             PET1 PIOc_freedecomp Exit - MemInfo: [malloc] Space in freed fastbin blocks:                  2128 Byte
20220312 053840.224 INFO             PET1 PIOc_freedecomp Exit - MemInfo: [malloc] Total allocated space:                       2416656 Byte
20220312 053840.224 INFO             PET1 PIOc_freedecomp Exit - MemInfo: [malloc] Total free space:                             643056 Byte
20220312 053840.224 INFO             PET1 PIOc_freedecomp Exit - MemInfo: [malloc] Top-most, releasable space:                   134048 Byte
20220312 053840.224 INFO             PET1 PIOc_freedecomp Exit - MemInfo: [malloc] Total space in use, mmap + non-mmap:         3997712 Byte
20220312 053840.224 INFO             PET1 PIOc_freedecomp Exit - MemInfo: [malloc] Total space held (mmap + non-mmap):          4640768 Byte
20220312 053840.224 INFO             PET1 PIOc_freedecomp Exit - MemInfo: [malloc] Total space used (mmap + non-mmap):          4007056 Byte
20220312 053840.224 INFO             PET1 PIOc_freedecomp Exit - MemInfo: Wall-clock time since execution start:               0.033882 seconds
20220312 053840.224 INFO             PET1  PASS  ESMF_OutputWeightFile, ESMF_IOUTest.F90, line 81
20220312 053840.230 INFO             PET1  PASS  call ESMF_OutputWeightFile with empty factor list on four PETs, ESMF_IOUTest.F90, line 191
20220312 053840.230 INFO             PET1  Ending Test, file ESMF_IOUTest.F90, line 201
20220312 053840.230 INFO             PET1 Finalizing ESMF
20220312 053840.202 INFO             PET2 !!!!!!!!!!!!!!!!!!!!!!!!!!!!!!!!!!!!!!!!!!!!!!!!!!!!!!
20220312 053840.202 INFO             PET2 !!! THE ESMF_LOG IS SET TO OUTPUT ALL LOG MESSAGES !!!
20220312 053840.202 INFO             PET2 !!!     THIS MAY CAUSE SLOWDOWN IN PERFORMANCE     !!!
20220312 053840.202 INFO             PET2 !!! FOR PRODUCTION RUNS, USE:                      !!!
20220312 053840.202 INFO             PET2 !!!                   ESMF_LOGKIND_Multi_On_Error  !!!
20220312 053840.202 INFO             PET2 !!!!!!!!!!!!!!!!!!!!!!!!!!!!!!!!!!!!!!!!!!!!!!!!!!!!!!
20220312 053840.202 INFO             PET2 Running with ESMF Version   : v8.3.0b09-96-g559b459
20220312 053840.202 INFO             PET2 ESMF library build date/time: "Mar 12 2022" "04:14:42"
20220312 053840.202 INFO             PET2 ESMF library build location : /work/noaa/da/mpotts/sandbox/gfortran_8.3.0_openmpi_g_jedwards_pio_update2
20220312 053840.202 INFO             PET2 ESMF_COMM                   : openmpi
20220312 053840.203 INFO             PET2 ESMF_MOAB                   : enabled
20220312 053840.203 INFO             PET2 ESMF_LAPACK                 : enabled
20220312 053840.203 INFO             PET2 ESMF_NETCDF                 : enabled
20220312 053840.203 INFO             PET2 ESMF_PNETCDF                : disabled
20220312 053840.203 INFO             PET2 ESMF_PIO                    : enabled
20220312 053840.203 INFO             PET2 ESMF_YAMLCPP                : enabled
20220312 053840.203 INFO             PET2  Beginning Test, file ESMF_IOUTest.F90, line 57
20220312 053840.203 INFO             PET2  NUMBER_OF_PROCESSORS           4
20220312 053840.203 INFO             PET2 Starting Test:  ESMF_OutputWeightFile
20220312 053840.213 INFO             PET2 PIOc_sync Enter - MemInfo: [/proc/meminfo - SSI]	MemTotal:       196442820 kB
20220312 053840.213 INFO             PET2 PIOc_sync Enter - MemInfo: [/proc/meminfo - SSI]	MemFree:        186991080 kB
20220312 053840.213 INFO             PET2 PIOc_sync Enter - MemInfo: [/proc/meminfo - SSI]	MemAvailable:   191716408 kB
20220312 053840.213 INFO             PET2 PIOc_sync Enter - MemInfo: [/proc/meminfo - SSI]	Committed_AS:     653160 kB
20220312 053840.213 INFO             PET2 PIOc_sync Enter - MemInfo: [/proc/meminfo - SSI]	CommittedPercent: 0.332494 %
20220312 053840.213 INFO             PET2 PIOc_sync Enter - MemInfo: [/proc/self/status]	VmPeak:	  669180 kB
20220312 053840.213 INFO             PET2 PIOc_sync Enter - MemInfo: [/proc/self/status]	VmSize:	  669180 kB
20220312 053840.213 INFO             PET2 PIOc_sync Enter - MemInfo: [/proc/self/status]	VmLck:	       0 kB
20220312 053840.213 INFO             PET2 PIOc_sync Enter - MemInfo: [/proc/self/status]	VmPin:	       0 kB
20220312 053840.213 INFO             PET2 PIOc_sync Enter - MemInfo: [/proc/self/status]	VmHWM:	   71736 kB
20220312 053840.213 INFO             PET2 PIOc_sync Enter - MemInfo: [/proc/self/status]	VmRSS:	   29460 kB
20220312 053840.213 INFO             PET2 PIOc_sync Enter - MemInfo: [/proc/self/status]	VmData:	  186396 kB
20220312 053840.213 INFO             PET2 PIOc_sync Enter - MemInfo: [/proc/self/status]	VmStk:	     144 kB
20220312 053840.213 INFO             PET2 PIOc_sync Enter - MemInfo: [/proc/self/status]	VmExe:	     324 kB
20220312 053840.213 INFO             PET2 PIOc_sync Enter - MemInfo: [/proc/self/status]	VmLib:	   83112 kB
20220312 053840.213 INFO             PET2 PIOc_sync Enter - MemInfo: [/proc/self/status]	VmPTE:	     932 kB
20220312 053840.213 INFO             PET2 PIOc_sync Enter - MemInfo: [/proc/self/status]	VmSwap:	       0 kB
20220312 053840.213 INFO             PET2 PIOc_sync Enter - MemInfo: [/proc/self/status]	VmRSSPercent: 0.0149967 %
20220312 053840.213 INFO             PET2 PIOc_sync Enter - MemInfo: [malloc] Non-mmapped space allocated:                 2961408 Byte
20220312 053840.213 INFO             PET2 PIOc_sync Enter - MemInfo: [malloc] Space allocated in mmapped regions:          1581056 Byte
20220312 053840.213 INFO             PET2 PIOc_sync Enter - MemInfo: [malloc] Maximum total allocated space:                     0 Byte
20220312 053840.213 INFO             PET2 PIOc_sync Enter - MemInfo: [malloc] Space in freed fastbin blocks:                  1120 Byte
20220312 053840.213 INFO             PET2 PIOc_sync Enter - MemInfo: [malloc] Total allocated space:                       2420304 Byte
20220312 053840.213 INFO             PET2 PIOc_sync Enter - MemInfo: [malloc] Total free space:                             541104 Byte
20220312 053840.213 INFO             PET2 PIOc_sync Enter - MemInfo: [malloc] Top-most, releasable space:                    36720 Byte
20220312 053840.213 INFO             PET2 PIOc_sync Enter - MemInfo: [malloc] Total space in use, mmap + non-mmap:         4001360 Byte
20220312 053840.213 INFO             PET2 PIOc_sync Enter - MemInfo: [malloc] Total space held (mmap + non-mmap):          4542464 Byte
20220312 053840.213 INFO             PET2 PIOc_sync Enter - MemInfo: [malloc] Total space used (mmap + non-mmap):          4010704 Byte
20220312 053840.213 INFO             PET2 PIOc_sync Enter - MemInfo: Wall-clock time since execution start:              0.0149985 seconds
20220312 053840.214 INFO             PET2 PIOc_sync Exit - MemInfo: [/proc/meminfo - SSI]	MemTotal:       196442820 kB
20220312 053840.214 INFO             PET2 PIOc_sync Exit - MemInfo: [/proc/meminfo - SSI]	MemFree:        186991080 kB
20220312 053840.214 INFO             PET2 PIOc_sync Exit - MemInfo: [/proc/meminfo - SSI]	MemAvailable:   191716408 kB
20220312 053840.214 INFO             PET2 PIOc_sync Exit - MemInfo: [/proc/meminfo - SSI]	Committed_AS:     653160 kB
20220312 053840.214 INFO             PET2 PIOc_sync Exit - MemInfo: [/proc/meminfo - SSI]	CommittedPercent: 0.332494 %
20220312 053840.214 INFO             PET2 PIOc_sync Exit - MemInfo: [/proc/self/status]	VmPeak:	  669180 kB
20220312 053840.214 INFO             PET2 PIOc_sync Exit - MemInfo: [/proc/self/status]	VmSize:	  669180 kB
20220312 053840.214 INFO             PET2 PIOc_sync Exit - MemInfo: [/proc/self/status]	VmLck:	       0 kB
20220312 053840.214 INFO             PET2 PIOc_sync Exit - MemInfo: [/proc/self/status]	VmPin:	       0 kB
20220312 053840.214 INFO             PET2 PIOc_sync Exit - MemInfo: [/proc/self/status]	VmHWM:	   71736 kB
20220312 053840.214 INFO             PET2 PIOc_sync Exit - MemInfo: [/proc/self/status]	VmRSS:	   29556 kB
20220312 053840.214 INFO             PET2 PIOc_sync Exit - MemInfo: [/proc/self/status]	VmData:	  186396 kB
20220312 053840.214 INFO             PET2 PIOc_sync Exit - MemInfo: [/proc/self/status]	VmStk:	     144 kB
20220312 053840.214 INFO             PET2 PIOc_sync Exit - MemInfo: [/proc/self/status]	VmExe:	     324 kB
20220312 053840.214 INFO             PET2 PIOc_sync Exit - MemInfo: [/proc/self/status]	VmLib:	   83112 kB
20220312 053840.214 INFO             PET2 PIOc_sync Exit - MemInfo: [/proc/self/status]	VmPTE:	     932 kB
20220312 053840.214 INFO             PET2 PIOc_sync Exit - MemInfo: [/proc/self/status]	VmSwap:	       0 kB
20220312 053840.214 INFO             PET2 PIOc_sync Exit - MemInfo: [/proc/self/status]	VmRSSPercent: 0.0150456 %
20220312 053840.214 INFO             PET2 PIOc_sync Exit - MemInfo: [malloc] Non-mmapped space allocated:                 2961408 Byte
20220312 053840.214 INFO             PET2 PIOc_sync Exit - MemInfo: [malloc] Space allocated in mmapped regions:          1581056 Byte
20220312 053840.214 INFO             PET2 PIOc_sync Exit - MemInfo: [malloc] Maximum total allocated space:                     0 Byte
20220312 053840.214 INFO             PET2 PIOc_sync Exit - MemInfo: [malloc] Space in freed fastbin blocks:                  1040 Byte
20220312 053840.214 INFO             PET2 PIOc_sync Exit - MemInfo: [malloc] Total allocated space:                       2420160 Byte
20220312 053840.214 INFO             PET2 PIOc_sync Exit - MemInfo: [malloc] Total free space:                             541248 Byte
20220312 053840.214 INFO             PET2 PIOc_sync Exit - MemInfo: [malloc] Top-most, releasable space:                    36720 Byte
20220312 053840.214 INFO             PET2 PIOc_sync Exit - MemInfo: [malloc] Total space in use, mmap + non-mmap:         4001216 Byte
20220312 053840.214 INFO             PET2 PIOc_sync Exit - MemInfo: [malloc] Total space held (mmap + non-mmap):          4542464 Byte
20220312 053840.214 INFO             PET2 PIOc_sync Exit - MemInfo: [malloc] Total space used (mmap + non-mmap):          4010560 Byte
20220312 053840.214 INFO             PET2 PIOc_sync Exit - MemInfo: Wall-clock time since execution start:              0.0157493 seconds
20220312 053840.215 INFO             PET2 PIOc_freedecomp Enter - MemInfo: [/proc/meminfo - SSI]	MemTotal:       196442820 kB
20220312 053840.215 INFO             PET2 PIOc_freedecomp Enter - MemInfo: [/proc/meminfo - SSI]	MemFree:        186998720 kB
20220312 053840.215 INFO             PET2 PIOc_freedecomp Enter - MemInfo: [/proc/meminfo - SSI]	MemAvailable:   191724048 kB
20220312 053840.215 INFO             PET2 PIOc_freedecomp Enter - MemInfo: [/proc/meminfo - SSI]	Committed_AS:     644964 kB
20220312 053840.215 INFO             PET2 PIOc_freedecomp Enter - MemInfo: [/proc/meminfo - SSI]	CommittedPercent: 0.328321 %
20220312 053840.215 INFO             PET2 PIOc_freedecomp Enter - MemInfo: [/proc/self/status]	VmPeak:	  669180 kB
20220312 053840.215 INFO             PET2 PIOc_freedecomp Enter - MemInfo: [/proc/self/status]	VmSize:	  669180 kB
