build time -- 2022-03-13 03:22:09
20220313 033448.044 INFO             PET0 !!!!!!!!!!!!!!!!!!!!!!!!!!!!!!!!!!!!!!!!!!!!!!!!!!!!!!
20220313 033448.044 INFO             PET0 !!! THE ESMF_LOG IS SET TO OUTPUT ALL LOG MESSAGES !!!
20220313 033448.044 INFO             PET0 !!!     THIS MAY CAUSE SLOWDOWN IN PERFORMANCE     !!!
20220313 033448.044 INFO             PET0 !!! FOR PRODUCTION RUNS, USE:                      !!!
20220313 033448.044 INFO             PET0 !!!                   ESMF_LOGKIND_Multi_On_Error  !!!
20220313 033448.044 INFO             PET0 !!!!!!!!!!!!!!!!!!!!!!!!!!!!!!!!!!!!!!!!!!!!!!!!!!!!!!
20220313 033448.044 INFO             PET0 Running with ESMF Version   : v8.3.0b09-96-g559b459
20220313 033448.044 INFO             PET0 ESMF library build date/time: "Mar 13 2022" "03:20:48"
20220313 033448.044 INFO             PET0 ESMF library build location : /work/noaa/da/mpotts/sandbox/gfortran_8.3.0_openmpi_g_jedwards_pio_update2
20220313 033448.044 INFO             PET0 ESMF_COMM                   : openmpi
20220313 033448.044 INFO             PET0 ESMF_MOAB                   : enabled
20220313 033448.044 INFO             PET0 ESMF_LAPACK                 : enabled
20220313 033448.044 INFO             PET0 ESMF_NETCDF                 : enabled
20220313 033448.044 INFO             PET0 ESMF_PNETCDF                : disabled
20220313 033448.044 INFO             PET0 ESMF_PIO                    : enabled
20220313 033448.044 INFO             PET0 ESMF_YAMLCPP                : enabled
20220313 033448.044 INFO             PET0  Beginning Test, file ESMF_FieldSMMFromFileUTest.F90, line 287
20220313 033448.045 INFO             PET0  NUMBER_OF_PROCESSORS           4
20220313 033448.479 INFO             PET0  PASS  ESMF_FieldSMMFromFile Unit Test, ESMF_FieldSMMFromFileUTest.F90, line 300
20220313 033448.491 INFO             PET0 PIOc_sync Enter - MemInfo: [/proc/meminfo - SSI]	MemTotal:       196434604 kB
20220313 033448.491 INFO             PET0 PIOc_sync Enter - MemInfo: [/proc/meminfo - SSI]	MemFree:        184213356 kB
20220313 033448.491 INFO             PET0 PIOc_sync Enter - MemInfo: [/proc/meminfo - SSI]	MemAvailable:   191752100 kB
20220313 033448.491 INFO             PET0 PIOc_sync Enter - MemInfo: [/proc/meminfo - SSI]	Committed_AS:     768824 kB
20220313 033448.491 INFO             PET0 PIOc_sync Enter - MemInfo: [/proc/meminfo - SSI]	CommittedPercent: 0.391389 %
20220313 033448.491 INFO             PET0 PIOc_sync Enter - MemInfo: [/proc/self/status]	VmPeak:	  712992 kB
20220313 033448.491 INFO             PET0 PIOc_sync Enter - MemInfo: [/proc/self/status]	VmSize:	  712992 kB
20220313 033448.491 INFO             PET0 PIOc_sync Enter - MemInfo: [/proc/self/status]	VmLck:	       0 kB
20220313 033448.491 INFO             PET0 PIOc_sync Enter - MemInfo: [/proc/self/status]	VmPin:	       0 kB
20220313 033448.491 INFO             PET0 PIOc_sync Enter - MemInfo: [/proc/self/status]	VmHWM:	   73776 kB
20220313 033448.491 INFO             PET0 PIOc_sync Enter - MemInfo: [/proc/self/status]	VmRSS:	   68620 kB
20220313 033448.491 INFO             PET0 PIOc_sync Enter - MemInfo: [/proc/self/status]	VmData:	  230208 kB
20220313 033448.491 INFO             PET0 PIOc_sync Enter - MemInfo: [/proc/self/status]	VmStk:	     144 kB
20220313 033448.491 INFO             PET0 PIOc_sync Enter - MemInfo: [/proc/self/status]	VmExe:	     324 kB
20220313 033448.491 INFO             PET0 PIOc_sync Enter - MemInfo: [/proc/self/status]	VmLib:	   83112 kB
20220313 033448.491 INFO             PET0 PIOc_sync Enter - MemInfo: [/proc/self/status]	VmPTE:	    1048 kB
20220313 033448.491 INFO             PET0 PIOc_sync Enter - MemInfo: [/proc/self/status]	VmSwap:	       0 kB
20220313 033448.491 INFO             PET0 PIOc_sync Enter - MemInfo: [/proc/self/status]	VmRSSPercent: 0.0349327 %
20220313 033448.491 INFO             PET0 PIOc_sync Enter - MemInfo: [malloc] Non-mmapped space allocated:                47824896 Byte
20220313 033448.491 INFO             PET0 PIOc_sync Enter - MemInfo: [malloc] Space allocated in mmapped regions:          1581056 Byte
20220313 033448.491 INFO             PET0 PIOc_sync Enter - MemInfo: [malloc] Maximum total allocated space:                     0 Byte
20220313 033448.491 INFO             PET0 PIOc_sync Enter - MemInfo: [malloc] Space in freed fastbin blocks:                  1760 Byte
20220313 033448.491 INFO             PET0 PIOc_sync Enter - MemInfo: [malloc] Total allocated space:                      37398096 Byte
20220313 033448.491 INFO             PET0 PIOc_sync Enter - MemInfo: [malloc] Total free space:                           10426800 Byte
20220313 033448.491 INFO             PET0 PIOc_sync Enter - MemInfo: [malloc] Top-most, releasable space:                  8522832 Byte
20220313 033448.491 INFO             PET0 PIOc_sync Enter - MemInfo: [malloc] Total space in use, mmap + non-mmap:        38979152 Byte
20220313 033448.491 INFO             PET0 PIOc_sync Enter - MemInfo: [malloc] Total space held (mmap + non-mmap):         49405952 Byte
20220313 033448.491 INFO             PET0 PIOc_sync Enter - MemInfo: [malloc] Total space used (mmap + non-mmap):         38988496 Byte
20220313 033448.491 INFO             PET0 PIOc_sync Enter - MemInfo: Wall-clock time since execution start:               0.456761 seconds
20220313 033448.492 INFO             PET0 PIOc_sync Exit - MemInfo: [/proc/meminfo - SSI]	MemTotal:       196434604 kB
20220313 033448.492 INFO             PET0 PIOc_sync Exit - MemInfo: [/proc/meminfo - SSI]	MemFree:        184213356 kB
20220313 033448.492 INFO             PET0 PIOc_sync Exit - MemInfo: [/proc/meminfo - SSI]	MemAvailable:   191752100 kB
20220313 033448.492 INFO             PET0 PIOc_sync Exit - MemInfo: [/proc/meminfo - SSI]	Committed_AS:     768824 kB
20220313 033448.492 INFO             PET0 PIOc_sync Exit - MemInfo: [/proc/meminfo - SSI]	CommittedPercent: 0.391389 %
20220313 033448.492 INFO             PET0 PIOc_sync Exit - MemInfo: [/proc/self/status]	VmPeak:	  712992 kB
20220313 033448.492 INFO             PET0 PIOc_sync Exit - MemInfo: [/proc/self/status]	VmSize:	  712992 kB
20220313 033448.492 INFO             PET0 PIOc_sync Exit - MemInfo: [/proc/self/status]	VmLck:	       0 kB
20220313 033448.492 INFO             PET0 PIOc_sync Exit - MemInfo: [/proc/self/status]	VmPin:	       0 kB
20220313 033448.492 INFO             PET0 PIOc_sync Exit - MemInfo: [/proc/self/status]	VmHWM:	   73776 kB
20220313 033448.492 INFO             PET0 PIOc_sync Exit - MemInfo: [/proc/self/status]	VmRSS:	   68676 kB
20220313 033448.492 INFO             PET0 PIOc_sync Exit - MemInfo: [/proc/self/status]	VmData:	  230208 kB
20220313 033448.492 INFO             PET0 PIOc_sync Exit - MemInfo: [/proc/self/status]	VmStk:	     144 kB
20220313 033448.492 INFO             PET0 PIOc_sync Exit - MemInfo: [/proc/self/status]	VmExe:	     324 kB
20220313 033448.492 INFO             PET0 PIOc_sync Exit - MemInfo: [/proc/self/status]	VmLib:	   83112 kB
20220313 033448.492 INFO             PET0 PIOc_sync Exit - MemInfo: [/proc/self/status]	VmPTE:	    1048 kB
20220313 033448.492 INFO             PET0 PIOc_sync Exit - MemInfo: [/proc/self/status]	VmSwap:	       0 kB
20220313 033448.492 INFO             PET0 PIOc_sync Exit - MemInfo: [/proc/self/status]	VmRSSPercent: 0.0349613 %
20220313 033448.492 INFO             PET0 PIOc_sync Exit - MemInfo: [malloc] Non-mmapped space allocated:                47824896 Byte
20220313 033448.492 INFO             PET0 PIOc_sync Exit - MemInfo: [malloc] Space allocated in mmapped regions:          1581056 Byte
20220313 033448.492 INFO             PET0 PIOc_sync Exit - MemInfo: [malloc] Maximum total allocated space:                     0 Byte
20220313 033448.492 INFO             PET0 PIOc_sync Exit - MemInfo: [malloc] Space in freed fastbin blocks:                  2240 Byte
20220313 033448.492 INFO             PET0 PIOc_sync Exit - MemInfo: [malloc] Total allocated space:                      37400448 Byte
20220313 033448.492 INFO             PET0 PIOc_sync Exit - MemInfo: [malloc] Total free space:                           10424448 Byte
20220313 033448.492 INFO             PET0 PIOc_sync Exit - MemInfo: [malloc] Top-most, releasable space:                  8522832 Byte
20220313 033448.492 INFO             PET0 PIOc_sync Exit - MemInfo: [malloc] Total space in use, mmap + non-mmap:        38981504 Byte
20220313 033448.492 INFO             PET0 PIOc_sync Exit - MemInfo: [malloc] Total space held (mmap + non-mmap):         49405952 Byte
20220313 033448.492 INFO             PET0 PIOc_sync Exit - MemInfo: [malloc] Total space used (mmap + non-mmap):         38990848 Byte
20220313 033448.492 INFO             PET0 PIOc_sync Exit - MemInfo: Wall-clock time since execution start:               0.457517 seconds
20220313 033448.492 INFO             PET0 PIOc_freedecomp Enter - MemInfo: [/proc/meminfo - SSI]	MemTotal:       196434604 kB
20220313 033448.492 INFO             PET0 PIOc_freedecomp Enter - MemInfo: [/proc/meminfo - SSI]	MemFree:        184213356 kB
20220313 033448.492 INFO             PET0 PIOc_freedecomp Enter - MemInfo: [/proc/meminfo - SSI]	MemAvailable:   191752100 kB
20220313 033448.492 INFO             PET0 PIOc_freedecomp Enter - MemInfo: [/proc/meminfo - SSI]	Committed_AS:     768824 kB
20220313 033448.492 INFO             PET0 PIOc_freedecomp Enter - MemInfo: [/proc/meminfo - SSI]	CommittedPercent: 0.391389 %
20220313 033448.492 INFO             PET0 PIOc_freedecomp Enter - MemInfo: [/proc/self/status]	VmPeak:	  712992 kB
20220313 033448.492 INFO             PET0 PIOc_freedecomp Enter - MemInfo: [/proc/self/status]	VmSize:	  712992 kB
20220313 033448.492 INFO             PET0 PIOc_freedecomp Enter - MemInfo: [/proc/self/status]	VmLck:	       0 kB
20220313 033448.492 INFO             PET0 PIOc_freedecomp Enter - MemInfo: [/proc/self/status]	VmPin:	       0 kB
20220313 033448.492 INFO             PET0 PIOc_freedecomp Enter - MemInfo: [/proc/self/status]	VmHWM:	   73776 kB
20220313 033448.492 INFO             PET0 PIOc_freedecomp Enter - MemInfo: [/proc/self/status]	VmRSS:	   68676 kB
20220313 033448.492 INFO             PET0 PIOc_freedecomp Enter - MemInfo: [/proc/self/status]	VmData:	  230208 kB
20220313 033448.492 INFO             PET0 PIOc_freedecomp Enter - MemInfo: [/proc/self/status]	VmStk:	     144 kB
20220313 033448.492 INFO             PET0 PIOc_freedecomp Enter - MemInfo: [/proc/self/status]	VmExe:	     324 kB
20220313 033448.492 INFO             PET0 PIOc_freedecomp Enter - MemInfo: [/proc/self/status]	VmLib:	   83112 kB
20220313 033448.492 INFO             PET0 PIOc_freedecomp Enter - MemInfo: [/proc/self/status]	VmPTE:	    1048 kB
20220313 033448.492 INFO             PET0 PIOc_freedecomp Enter - MemInfo: [/proc/self/status]	VmSwap:	       0 kB
20220313 033448.492 INFO             PET0 PIOc_freedecomp Enter - MemInfo: [/proc/self/status]	VmRSSPercent: 0.0349613 %
20220313 033448.493 INFO             PET0 PIOc_freedecomp Enter - MemInfo: [malloc] Non-mmapped space allocated:                47824896 Byte
20220313 033448.493 INFO             PET0 PIOc_freedecomp Enter - MemInfo: [malloc] Space allocated in mmapped regions:          1581056 Byte
20220313 033448.493 INFO             PET0 PIOc_freedecomp Enter - MemInfo: [malloc] Maximum total allocated space:                     0 Byte
20220313 033448.493 INFO             PET0 PIOc_freedecomp Enter - MemInfo: [malloc] Space in freed fastbin blocks:                  2528 Byte
20220313 033448.493 INFO             PET0 PIOc_freedecomp Enter - MemInfo: [malloc] Total allocated space:                      28998672 Byte
20220313 033448.493 INFO             PET0 PIOc_freedecomp Enter - MemInfo: [malloc] Total free space:                           18826224 Byte
20220313 033448.493 INFO             PET0 PIOc_freedecomp Enter - MemInfo: [malloc] Top-most, releasable space:                  8522832 Byte
20220313 033448.493 INFO             PET0 PIOc_freedecomp Enter - MemInfo: [malloc] Total space in use, mmap + non-mmap:        30579728 Byte
20220313 033448.493 INFO             PET0 PIOc_freedecomp Enter - MemInfo: [malloc] Total space held (mmap + non-mmap):         49405952 Byte
20220313 033448.493 INFO             PET0 PIOc_freedecomp Enter - MemInfo: [malloc] Total space used (mmap + non-mmap):         30589072 Byte
20220313 033448.493 INFO             PET0 PIOc_freedecomp Enter - MemInfo: Wall-clock time since execution start:               0.458164 seconds
20220313 033448.493 INFO             PET0 PIOc_freedecomp Exit - MemInfo: [/proc/meminfo - SSI]	MemTotal:       196434604 kB
20220313 033448.493 INFO             PET0 PIOc_freedecomp Exit - MemInfo: [/proc/meminfo - SSI]	MemFree:        184213356 kB
20220313 033448.493 INFO             PET0 PIOc_freedecomp Exit - MemInfo: [/proc/meminfo - SSI]	MemAvailable:   191752100 kB
20220313 033448.493 INFO             PET0 PIOc_freedecomp Exit - MemInfo: [/proc/meminfo - SSI]	Committed_AS:     768824 kB
20220313 033448.493 INFO             PET0 PIOc_freedecomp Exit - MemInfo: [/proc/meminfo - SSI]	CommittedPercent: 0.391389 %
20220313 033448.493 INFO             PET0 PIOc_freedecomp Exit - MemInfo: [/proc/self/status]	VmPeak:	  712992 kB
20220313 033448.493 INFO             PET0 PIOc_freedecomp Exit - MemInfo: [/proc/self/status]	VmSize:	  712992 kB
20220313 033448.493 INFO             PET0 PIOc_freedecomp Exit - MemInfo: [/proc/self/status]	VmLck:	       0 kB
20220313 033448.493 INFO             PET0 PIOc_freedecomp Exit - MemInfo: [/proc/self/status]	VmPin:	       0 kB
20220313 033448.493 INFO             PET0 PIOc_freedecomp Exit - MemInfo: [/proc/self/status]	VmHWM:	   73776 kB
20220313 033448.493 INFO             PET0 PIOc_freedecomp Exit - MemInfo: [/proc/self/status]	VmRSS:	   68680 kB
20220313 033448.493 INFO             PET0 PIOc_freedecomp Exit - MemInfo: [/proc/self/status]	VmData:	  230208 kB
20220313 033448.493 INFO             PET0 PIOc_freedecomp Exit - MemInfo: [/proc/self/status]	VmStk:	     144 kB
20220313 033448.493 INFO             PET0 PIOc_freedecomp Exit - MemInfo: [/proc/self/status]	VmExe:	     324 kB
20220313 033448.493 INFO             PET0 PIOc_freedecomp Exit - MemInfo: [/proc/self/status]	VmLib:	   83112 kB
20220313 033448.493 INFO             PET0 PIOc_freedecomp Exit - MemInfo: [/proc/self/status]	VmPTE:	    1048 kB
20220313 033448.493 INFO             PET0 PIOc_freedecomp Exit - MemInfo: [/proc/self/status]	VmSwap:	       0 kB
20220313 033448.493 INFO             PET0 PIOc_freedecomp Exit - MemInfo: [/proc/self/status]	VmRSSPercent: 0.0349633 %
20220313 033448.493 INFO             PET0 PIOc_freedecomp Exit - MemInfo: [malloc] Non-mmapped space allocated:                47824896 Byte
20220313 033448.493 INFO             PET0 PIOc_freedecomp Exit - MemInfo: [malloc] Space allocated in mmapped regions:          1581056 Byte
20220313 033448.493 INFO             PET0 PIOc_freedecomp Exit - MemInfo: [malloc] Maximum total allocated space:                     0 Byte
20220313 033448.493 INFO             PET0 PIOc_freedecomp Exit - MemInfo: [malloc] Space in freed fastbin blocks:                  3280 Byte
20220313 033448.493 INFO             PET0 PIOc_freedecomp Exit - MemInfo: [malloc] Total allocated space:                      28990928 Byte
20220313 033448.493 INFO             PET0 PIOc_freedecomp Exit - MemInfo: [malloc] Total free space:                           18833968 Byte
20220313 033448.493 INFO             PET0 PIOc_freedecomp Exit - MemInfo: [malloc] Top-most, releasable space:                  8522832 Byte
20220313 033448.493 INFO             PET0 PIOc_freedecomp Exit - MemInfo: [malloc] Total space in use, mmap + non-mmap:        30571984 Byte
20220313 033448.493 INFO             PET0 PIOc_freedecomp Exit - MemInfo: [malloc] Total space held (mmap + non-mmap):         49405952 Byte
20220313 033448.493 INFO             PET0 PIOc_freedecomp Exit - MemInfo: [malloc] Total space used (mmap + non-mmap):         30581328 Byte
20220313 033448.493 INFO             PET0 PIOc_freedecomp Exit - MemInfo: Wall-clock time since execution start:               0.458534 seconds
20220313 033448.495 INFO             PET0 PIOc_sync Enter - MemInfo: [/proc/meminfo - SSI]	MemTotal:       196434604 kB
20220313 033448.495 INFO             PET0 PIOc_sync Enter - MemInfo: [/proc/meminfo - SSI]	MemFree:        184213356 kB
20220313 033448.495 INFO             PET0 PIOc_sync Enter - MemInfo: [/proc/meminfo - SSI]	MemAvailable:   191752100 kB
20220313 033448.495 INFO             PET0 PIOc_sync Enter - MemInfo: [/proc/meminfo - SSI]	Committed_AS:     768824 kB
20220313 033448.495 INFO             PET0 PIOc_sync Enter - MemInfo: [/proc/meminfo - SSI]	CommittedPercent: 0.391389 %
20220313 033448.495 INFO             PET0 PIOc_sync Enter - MemInfo: [/proc/self/status]	VmPeak:	  712996 kB
20220313 033448.495 INFO             PET0 PIOc_sync Enter - MemInfo: [/proc/self/status]	VmSize:	  712992 kB
20220313 033448.495 INFO             PET0 PIOc_sync Enter - MemInfo: [/proc/self/status]	VmLck:	       0 kB
20220313 033448.495 INFO             PET0 PIOc_sync Enter - MemInfo: [/proc/self/status]	VmPin:	       0 kB
20220313 033448.495 INFO             PET0 PIOc_sync Enter - MemInfo: [/proc/self/status]	VmHWM:	   73776 kB
20220313 033448.495 INFO             PET0 PIOc_sync Enter - MemInfo: [/proc/self/status]	VmRSS:	   68684 kB
20220313 033448.495 INFO             PET0 PIOc_sync Enter - MemInfo: [/proc/self/status]	VmData:	  230208 kB
20220313 033448.495 INFO             PET0 PIOc_sync Enter - MemInfo: [/proc/self/status]	VmStk:	     144 kB
20220313 033448.495 INFO             PET0 PIOc_sync Enter - MemInfo: [/proc/self/status]	VmExe:	     324 kB
20220313 033448.495 INFO             PET0 PIOc_sync Enter - MemInfo: [/proc/self/status]	VmLib:	   83112 kB
20220313 033448.495 INFO             PET0 PIOc_sync Enter - MemInfo: [/proc/self/status]	VmPTE:	    1048 kB
20220313 033448.495 INFO             PET0 PIOc_sync Enter - MemInfo: [/proc/self/status]	VmSwap:	       0 kB
20220313 033448.495 INFO             PET0 PIOc_sync Enter - MemInfo: [/proc/self/status]	VmRSSPercent: 0.0349653 %
20220313 033448.495 INFO             PET0 PIOc_sync Enter - MemInfo: [malloc] Non-mmapped space allocated:                47824896 Byte
20220313 033448.495 INFO             PET0 PIOc_sync Enter - MemInfo: [malloc] Space allocated in mmapped regions:          1581056 Byte
20220313 033448.495 INFO             PET0 PIOc_sync Enter - MemInfo: [malloc] Maximum total allocated space:                     0 Byte
20220313 033448.495 INFO             PET0 PIOc_sync Enter - MemInfo: [malloc] Space in freed fastbin blocks:                  2064 Byte
20220313 033448.495 INFO             PET0 PIOc_sync Enter - MemInfo: [malloc] Total allocated space:                      37398320 Byte
20220313 033448.495 INFO             PET0 PIOc_sync Enter - MemInfo: [malloc] Total free space:                           10426576 Byte
20220313 033448.495 INFO             PET0 PIOc_sync Enter - MemInfo: [malloc] Top-most, releasable space:                  8522832 Byte
20220313 033448.495 INFO             PET0 PIOc_sync Enter - MemInfo: [malloc] Total space in use, mmap + non-mmap:        38979376 Byte
20220313 033448.495 INFO             PET0 PIOc_sync Enter - MemInfo: [malloc] Total space held (mmap + non-mmap):         49405952 Byte
20220313 033448.495 INFO             PET0 PIOc_sync Enter - MemInfo: [malloc] Total space used (mmap + non-mmap):         38988720 Byte
20220313 033448.495 INFO             PET0 PIOc_sync Enter - MemInfo: Wall-clock time since execution start:               0.460694 seconds
20220313 033448.495 INFO             PET0 PIOc_sync Exit - MemInfo: [/proc/meminfo - SSI]	MemTotal:       196434604 kB
20220313 033448.495 INFO             PET0 PIOc_sync Exit - MemInfo: [/proc/meminfo - SSI]	MemFree:        184213356 kB
20220313 033448.495 INFO             PET0 PIOc_sync Exit - MemInfo: [/proc/meminfo - SSI]	MemAvailable:   191752100 kB
20220313 033448.495 INFO             PET0 PIOc_sync Exit - MemInfo: [/proc/meminfo - SSI]	Committed_AS:     768824 kB
20220313 033448.495 INFO             PET0 PIOc_sync Exit - MemInfo: [/proc/meminfo - SSI]	CommittedPercent: 0.391389 %
20220313 033448.495 INFO             PET0 PIOc_sync Exit - MemInfo: [/proc/self/status]	VmPeak:	  712996 kB
20220313 033448.495 INFO             PET0 PIOc_sync Exit - MemInfo: [/proc/self/status]	VmSize:	  712992 kB
20220313 033448.495 INFO             PET0 PIOc_sync Exit - MemInfo: [/proc/self/status]	VmLck:	       0 kB
20220313 033448.495 INFO             PET0 PIOc_sync Exit - MemInfo: [/proc/self/status]	VmPin:	       0 kB
20220313 033448.496 INFO             PET0 PIOc_sync Exit - MemInfo: [/proc/self/status]	VmHWM:	   73776 kB
20220313 033448.496 INFO             PET0 PIOc_sync Exit - MemInfo: [/proc/self/status]	VmRSS:	   68684 kB
20220313 033448.496 INFO             PET0 PIOc_sync Exit - MemInfo: [/proc/self/status]	VmData:	  230208 kB
20220313 033448.496 INFO             PET0 PIOc_sync Exit - MemInfo: [/proc/self/status]	VmStk:	     144 kB
20220313 033448.496 INFO             PET0 PIOc_sync Exit - MemInfo: [/proc/self/status]	VmExe:	     324 kB
20220313 033448.496 INFO             PET0 PIOc_sync Exit - MemInfo: [/proc/self/status]	VmLib:	   83112 kB
20220313 033448.496 INFO             PET0 PIOc_sync Exit - MemInfo: [/proc/self/status]	VmPTE:	    1048 kB
20220313 033448.496 INFO             PET0 PIOc_sync Exit - MemInfo: [/proc/self/status]	VmSwap:	       0 kB
20220313 033448.496 INFO             PET0 PIOc_sync Exit - MemInfo: [/proc/self/status]	VmRSSPercent: 0.0349653 %
20220313 033448.496 INFO             PET0 PIOc_sync Exit - MemInfo: [malloc] Non-mmapped space allocated:                47824896 Byte
20220313 033448.496 INFO             PET0 PIOc_sync Exit - MemInfo: [malloc] Space allocated in mmapped regions:          1581056 Byte
20220313 033448.496 INFO             PET0 PIOc_sync Exit - MemInfo: [malloc] Maximum total allocated space:                     0 Byte
20220313 033448.496 INFO             PET0 PIOc_sync Exit - MemInfo: [malloc] Space in freed fastbin blocks:                  2240 Byte
20220313 033448.496 INFO             PET0 PIOc_sync Exit - MemInfo: [malloc] Total allocated space:                      37400928 Byte
20220313 033448.496 INFO             PET0 PIOc_sync Exit - MemInfo: [malloc] Total free space:                           10423968 Byte
20220313 033448.496 INFO             PET0 PIOc_sync Exit - MemInfo: [malloc] Top-most, releasable space:                  8522832 Byte
20220313 033448.496 INFO             PET0 PIOc_sync Exit - MemInfo: [malloc] Total space in use, mmap + non-mmap:        38981984 Byte
20220313 033448.496 INFO             PET0 PIOc_sync Exit - MemInfo: [malloc] Total space held (mmap + non-mmap):         49405952 Byte
20220313 033448.496 INFO             PET0 PIOc_sync Exit - MemInfo: [malloc] Total space used (mmap + non-mmap):         38991328 Byte
20220313 033448.496 INFO             PET0 PIOc_sync Exit - MemInfo: Wall-clock time since execution start:                 0.4612 seconds
20220313 033448.496 INFO             PET0 PIOc_freedecomp Enter - MemInfo: [/proc/meminfo - SSI]	MemTotal:       196434604 kB
20220313 033448.496 INFO             PET0 PIOc_freedecomp Enter - MemInfo: [/proc/meminfo - SSI]	MemFree:        184213356 kB
20220313 033448.496 INFO             PET0 PIOc_freedecomp Enter - MemInfo: [/proc/meminfo - SSI]	MemAvailable:   191752100 kB
20220313 033448.496 INFO             PET0 PIOc_freedecomp Enter - MemInfo: [/proc/meminfo - SSI]	Committed_AS:     768824 kB
20220313 033448.496 INFO             PET0 PIOc_freedecomp Enter - MemInfo: [/proc/meminfo - SSI]	CommittedPercent: 0.391389 %
20220313 033448.496 INFO             PET0 PIOc_freedecomp Enter - MemInfo: [/proc/self/status]	VmPeak:	  712996 kB
20220313 033448.496 INFO             PET0 PIOc_freedecomp Enter - MemInfo: [/proc/self/status]	VmSize:	  712992 kB
20220313 033448.496 INFO             PET0 PIOc_freedecomp Enter - MemInfo: [/proc/self/status]	VmLck:	       0 kB
20220313 033448.496 INFO             PET0 PIOc_freedecomp Enter - MemInfo: [/proc/self/status]	VmPin:	       0 kB
20220313 033448.496 INFO             PET0 PIOc_freedecomp Enter - MemInfo: [/proc/self/status]	VmHWM:	   73776 kB
20220313 033448.496 INFO             PET0 PIOc_freedecomp Enter - MemInfo: [/proc/self/status]	VmRSS:	   68684 kB
20220313 033448.496 INFO             PET0 PIOc_freedecomp Enter - MemInfo: [/proc/self/status]	VmData:	  230208 kB
20220313 033448.496 INFO             PET0 PIOc_freedecomp Enter - MemInfo: [/proc/self/status]	VmStk:	     144 kB
20220313 033448.496 INFO             PET0 PIOc_freedecomp Enter - MemInfo: [/proc/self/status]	VmExe:	     324 kB
20220313 033448.496 INFO             PET0 PIOc_freedecomp Enter - MemInfo: [/proc/self/status]	VmLib:	   83112 kB
20220313 033448.496 INFO             PET0 PIOc_freedecomp Enter - MemInfo: [/proc/self/status]	VmPTE:	    1048 kB
20220313 033448.496 INFO             PET0 PIOc_freedecomp Enter - MemInfo: [/proc/self/status]	VmSwap:	       0 kB
20220313 033448.496 INFO             PET0 PIOc_freedecomp Enter - MemInfo: [/proc/self/status]	VmRSSPercent: 0.0349653 %
20220313 033448.496 INFO             PET0 PIOc_freedecomp Enter - MemInfo: [malloc] Non-mmapped space allocated:                47824896 Byte
20220313 033448.496 INFO             PET0 PIOc_freedecomp Enter - MemInfo: [malloc] Space allocated in mmapped regions:          1581056 Byte
20220313 033448.496 INFO             PET0 PIOc_freedecomp Enter - MemInfo: [malloc] Maximum total allocated space:                     0 Byte
20220313 033448.496 INFO             PET0 PIOc_freedecomp Enter - MemInfo: [malloc] Space in freed fastbin blocks:                  2608 Byte
20220313 033448.496 INFO             PET0 PIOc_freedecomp Enter - MemInfo: [malloc] Total allocated space:                      28998720 Byte
20220313 033448.496 INFO             PET0 PIOc_freedecomp Enter - MemInfo: [malloc] Total free space:                           18826176 Byte
20220313 033448.496 INFO             PET0 PIOc_freedecomp Enter - MemInfo: [malloc] Top-most, releasable space:                  8522832 Byte
20220313 033448.496 INFO             PET0 PIOc_freedecomp Enter - MemInfo: [malloc] Total space in use, mmap + non-mmap:        30579776 Byte
20220313 033448.496 INFO             PET0 PIOc_freedecomp Enter - MemInfo: [malloc] Total space held (mmap + non-mmap):         49405952 Byte
20220313 033448.496 INFO             PET0 PIOc_freedecomp Enter - MemInfo: [malloc] Total space used (mmap + non-mmap):         30589120 Byte
20220313 033448.496 INFO             PET0 PIOc_freedecomp Enter - MemInfo: Wall-clock time since execution start:               0.461878 seconds
20220313 033448.496 INFO             PET0 PIOc_freedecomp Exit - MemInfo: [/proc/meminfo - SSI]	MemTotal:       196434604 kB
20220313 033448.496 INFO             PET0 PIOc_freedecomp Exit - MemInfo: [/proc/meminfo - SSI]	MemFree:        184213356 kB
20220313 033448.496 INFO             PET0 PIOc_freedecomp Exit - MemInfo: [/proc/meminfo - SSI]	MemAvailable:   191752100 kB
20220313 033448.496 INFO             PET0 PIOc_freedecomp Exit - MemInfo: [/proc/meminfo - SSI]	Committed_AS:     768824 kB
20220313 033448.496 INFO             PET0 PIOc_freedecomp Exit - MemInfo: [/proc/meminfo - SSI]	CommittedPercent: 0.391389 %
20220313 033448.497 INFO             PET0 PIOc_freedecomp Exit - MemInfo: [/proc/self/status]	VmPeak:	  712996 kB
20220313 033448.497 INFO             PET0 PIOc_freedecomp Exit - MemInfo: [/proc/self/status]	VmSize:	  712992 kB
20220313 033448.497 INFO             PET0 PIOc_freedecomp Exit - MemInfo: [/proc/self/status]	VmLck:	       0 kB
20220313 033448.497 INFO             PET0 PIOc_freedecomp Exit - MemInfo: [/proc/self/status]	VmPin:	       0 kB
20220313 033448.497 INFO             PET0 PIOc_freedecomp Exit - MemInfo: [/proc/self/status]	VmHWM:	   73776 kB
20220313 033448.497 INFO             PET0 PIOc_freedecomp Exit - MemInfo: [/proc/self/status]	VmRSS:	   68684 kB
20220313 033448.497 INFO             PET0 PIOc_freedecomp Exit - MemInfo: [/proc/self/status]	VmData:	  230208 kB
20220313 033448.497 INFO             PET0 PIOc_freedecomp Exit - MemInfo: [/proc/self/status]	VmStk:	     144 kB
20220313 033448.497 INFO             PET0 PIOc_freedecomp Exit - MemInfo: [/proc/self/status]	VmExe:	     324 kB
20220313 033448.497 INFO             PET0 PIOc_freedecomp Exit - MemInfo: [/proc/self/status]	VmLib:	   83112 kB
20220313 033448.497 INFO             PET0 PIOc_freedecomp Exit - MemInfo: [/proc/self/status]	VmPTE:	    1048 kB
20220313 033448.497 INFO             PET0 PIOc_freedecomp Exit - MemInfo: [/proc/self/status]	VmSwap:	       0 kB
20220313 033448.497 INFO             PET0 PIOc_freedecomp Exit - MemInfo: [/proc/self/status]	VmRSSPercent: 0.0349653 %
20220313 033448.497 INFO             PET0 PIOc_freedecomp Exit - MemInfo: [malloc] Non-mmapped space allocated:                47824896 Byte
20220313 033448.497 INFO             PET0 PIOc_freedecomp Exit - MemInfo: [malloc] Space allocated in mmapped regions:          1581056 Byte
20220313 033448.497 INFO             PET0 PIOc_freedecomp Exit - MemInfo: [malloc] Maximum total allocated space:                     0 Byte
20220313 033448.497 INFO             PET0 PIOc_freedecomp Exit - MemInfo: [malloc] Space in freed fastbin blocks:                  3568 Byte
20220313 033448.497 INFO             PET0 PIOc_freedecomp Exit - MemInfo: [malloc] Total allocated space:                      28990960 Byte
20220313 033448.497 INFO             PET0 PIOc_freedecomp Exit - MemInfo: [malloc] Total free space:                           18833936 Byte
20220313 033448.497 INFO             PET0 PIOc_freedecomp Exit - MemInfo: [malloc] Top-most, releasable space:                  8522832 Byte
20220313 033448.497 INFO             PET0 PIOc_freedecomp Exit - MemInfo: [malloc] Total space in use, mmap + non-mmap:        30572016 Byte
20220313 033448.497 INFO             PET0 PIOc_freedecomp Exit - MemInfo: [malloc] Total space held (mmap + non-mmap):         49405952 Byte
20220313 033448.497 INFO             PET0 PIOc_freedecomp Exit - MemInfo: [malloc] Total space used (mmap + non-mmap):         30581360 Byte
20220313 033448.497 INFO             PET0 PIOc_freedecomp Exit - MemInfo: Wall-clock time since execution start:               0.462254 seconds
20220313 033448.499 INFO             PET0 PIOc_sync Enter - MemInfo: [/proc/meminfo - SSI]	MemTotal:       196434604 kB
20220313 033448.499 INFO             PET0 PIOc_sync Enter - MemInfo: [/proc/meminfo - SSI]	MemFree:        184213356 kB
20220313 033448.499 INFO             PET0 PIOc_sync Enter - MemInfo: [/proc/meminfo - SSI]	MemAvailable:   191752100 kB
20220313 033448.499 INFO             PET0 PIOc_sync Enter - MemInfo: [/proc/meminfo - SSI]	Committed_AS:     768824 kB
20220313 033448.499 INFO             PET0 PIOc_sync Enter - MemInfo: [/proc/meminfo - SSI]	CommittedPercent: 0.391389 %
20220313 033448.499 INFO             PET0 PIOc_sync Enter - MemInfo: [/proc/self/status]	VmPeak:	  712996 kB
20220313 033448.499 INFO             PET0 PIOc_sync Enter - MemInfo: [/proc/self/status]	VmSize:	  712992 kB
20220313 033448.499 INFO             PET0 PIOc_sync Enter - MemInfo: [/proc/self/status]	VmLck:	       0 kB
20220313 033448.499 INFO             PET0 PIOc_sync Enter - MemInfo: [/proc/self/status]	VmPin:	       0 kB
20220313 033448.499 INFO             PET0 PIOc_sync Enter - MemInfo: [/proc/self/status]	VmHWM:	   73776 kB
20220313 033448.499 INFO             PET0 PIOc_sync Enter - MemInfo: [/proc/self/status]	VmRSS:	   68684 kB
20220313 033448.499 INFO             PET0 PIOc_sync Enter - MemInfo: [/proc/self/status]	VmData:	  230208 kB
20220313 033448.499 INFO             PET0 PIOc_sync Enter - MemInfo: [/proc/self/status]	VmStk:	     144 kB
20220313 033448.499 INFO             PET0 PIOc_sync Enter - MemInfo: [/proc/self/status]	VmExe:	     324 kB
20220313 033448.499 INFO             PET0 PIOc_sync Enter - MemInfo: [/proc/self/status]	VmLib:	   83112 kB
20220313 033448.499 INFO             PET0 PIOc_sync Enter - MemInfo: [/proc/self/status]	VmPTE:	    1048 kB
20220313 033448.499 INFO             PET0 PIOc_sync Enter - MemInfo: [/proc/self/status]	VmSwap:	       0 kB
20220313 033448.499 INFO             PET0 PIOc_sync Enter - MemInfo: [/proc/self/status]	VmRSSPercent: 0.0349653 %
20220313 033448.499 INFO             PET0 PIOc_sync Enter - MemInfo: [malloc] Non-mmapped space allocated:                47824896 Byte
20220313 033448.499 INFO             PET0 PIOc_sync Enter - MemInfo: [malloc] Space allocated in mmapped regions:          1581056 Byte
20220313 033448.499 INFO             PET0 PIOc_sync Enter - MemInfo: [malloc] Maximum total allocated space:                     0 Byte
20220313 033448.499 INFO             PET0 PIOc_sync Enter - MemInfo: [malloc] Space in freed fastbin blocks:                  2320 Byte
20220313 033448.499 INFO             PET0 PIOc_sync Enter - MemInfo: [malloc] Total allocated space:                      37398720 Byte
20220313 033448.499 INFO             PET0 PIOc_sync Enter - MemInfo: [malloc] Total free space:                           10426176 Byte
20220313 033448.499 INFO             PET0 PIOc_sync Enter - MemInfo: [malloc] Top-most, releasable space:                  8522832 Byte
20220313 033448.499 INFO             PET0 PIOc_sync Enter - MemInfo: [malloc] Total space in use, mmap + non-mmap:        38979776 Byte
20220313 033448.499 INFO             PET0 PIOc_sync Enter - MemInfo: [malloc] Total space held (mmap + non-mmap):         49405952 Byte
20220313 033448.499 INFO             PET0 PIOc_sync Enter - MemInfo: [malloc] Total space used (mmap + non-mmap):         38989120 Byte
20220313 033448.499 INFO             PET0 PIOc_sync Enter - MemInfo: Wall-clock time since execution start:                0.46436 seconds
20220313 033448.499 INFO             PET0 PIOc_sync Exit - MemInfo: [/proc/meminfo - SSI]	MemTotal:       196434604 kB
20220313 033448.499 INFO             PET0 PIOc_sync Exit - MemInfo: [/proc/meminfo - SSI]	MemFree:        184213356 kB
20220313 033448.499 INFO             PET0 PIOc_sync Exit - MemInfo: [/proc/meminfo - SSI]	MemAvailable:   191752100 kB
20220313 033448.499 INFO             PET0 PIOc_sync Exit - MemInfo: [/proc/meminfo - SSI]	Committed_AS:     768824 kB
20220313 033448.499 INFO             PET0 PIOc_sync Exit - MemInfo: [/proc/meminfo - SSI]	CommittedPercent: 0.391389 %
20220313 033448.499 INFO             PET0 PIOc_sync Exit - MemInfo: [/proc/self/status]	VmPeak:	  712996 kB
20220313 033448.499 INFO             PET0 PIOc_sync Exit - MemInfo: [/proc/self/status]	VmSize:	  712992 kB
20220313 033448.499 INFO             PET0 PIOc_sync Exit - MemInfo: [/proc/self/status]	VmLck:	       0 kB
20220313 033448.499 INFO             PET0 PIOc_sync Exit - MemInfo: [/proc/self/status]	VmPin:	       0 kB
20220313 033448.499 INFO             PET0 PIOc_sync Exit - MemInfo: [/proc/self/status]	VmHWM:	   73776 kB
20220313 033448.499 INFO             PET0 PIOc_sync Exit - MemInfo: [/proc/self/status]	VmRSS:	   68684 kB
20220313 033448.499 INFO             PET0 PIOc_sync Exit - MemInfo: [/proc/self/status]	VmData:	  230208 kB
20220313 033448.499 INFO             PET0 PIOc_sync Exit - MemInfo: [/proc/self/status]	VmStk:	     144 kB
20220313 033448.499 INFO             PET0 PIOc_sync Exit - MemInfo: [/proc/self/status]	VmExe:	     324 kB
20220313 033448.499 INFO             PET0 PIOc_sync Exit - MemInfo: [/proc/self/status]	VmLib:	   83112 kB
20220313 033448.499 INFO             PET0 PIOc_sync Exit - MemInfo: [/proc/self/status]	VmPTE:	    1048 kB
20220313 033448.499 INFO             PET0 PIOc_sync Exit - MemInfo: [/proc/self/status]	VmSwap:	       0 kB
20220313 033448.499 INFO             PET0 PIOc_sync Exit - MemInfo: [/proc/self/status]	VmRSSPercent: 0.0349653 %
20220313 033448.499 INFO             PET0 PIOc_sync Exit - MemInfo: [malloc] Non-mmapped space allocated:                47824896 Byte
20220313 033448.499 INFO             PET0 PIOc_sync Exit - MemInfo: [malloc] Space allocated in mmapped regions:          1581056 Byte
20220313 033448.499 INFO             PET0 PIOc_sync Exit - MemInfo: [malloc] Maximum total allocated space:                     0 Byte
20220313 033448.499 INFO             PET0 PIOc_sync Exit - MemInfo: [malloc] Space in freed fastbin blocks:                  2240 Byte
20220313 033448.499 INFO             PET0 PIOc_sync Exit - MemInfo: [malloc] Total allocated space:                      37401312 Byte
20220313 033448.499 INFO             PET0 PIOc_sync Exit - MemInfo: [malloc] Total free space:                           10423584 Byte
20220313 033448.499 INFO             PET0 PIOc_sync Exit - MemInfo: [malloc] Top-most, releasable space:                  8522832 Byte
20220313 033448.499 INFO             PET0 PIOc_sync Exit - MemInfo: [malloc] Total space in use, mmap + non-mmap:        38982368 Byte
20220313 033448.499 INFO             PET0 PIOc_sync Exit - MemInfo: [malloc] Total space held (mmap + non-mmap):         49405952 Byte
20220313 033448.499 INFO             PET0 PIOc_sync Exit - MemInfo: [malloc] Total space used (mmap + non-mmap):         38991712 Byte
20220313 033448.499 INFO             PET0 PIOc_sync Exit - MemInfo: Wall-clock time since execution start:               0.464801 seconds
20220313 033448.500 INFO             PET0 PIOc_freedecomp Enter - MemInfo: [/proc/meminfo - SSI]	MemTotal:       196434604 kB
20220313 033448.500 INFO             PET0 PIOc_freedecomp Enter - MemInfo: [/proc/meminfo - SSI]	MemFree:        184213356 kB
20220313 033448.500 INFO             PET0 PIOc_freedecomp Enter - MemInfo: [/proc/meminfo - SSI]	MemAvailable:   191752100 kB
20220313 033448.500 INFO             PET0 PIOc_freedecomp Enter - MemInfo: [/proc/meminfo - SSI]	Committed_AS:     768824 kB
20220313 033448.500 INFO             PET0 PIOc_freedecomp Enter - MemInfo: [/proc/meminfo - SSI]	CommittedPercent: 0.391389 %
20220313 033448.500 INFO             PET0 PIOc_freedecomp Enter - MemInfo: [/proc/self/status]	VmPeak:	  712996 kB
20220313 033448.500 INFO             PET0 PIOc_freedecomp Enter - MemInfo: [/proc/self/status]	VmSize:	  712992 kB
20220313 033448.500 INFO             PET0 PIOc_freedecomp Enter - MemInfo: [/proc/self/status]	VmLck:	       0 kB
20220313 033448.500 INFO             PET0 PIOc_freedecomp Enter - MemInfo: [/proc/self/status]	VmPin:	       0 kB
20220313 033448.500 INFO             PET0 PIOc_freedecomp Enter - MemInfo: [/proc/self/status]	VmHWM:	   73776 kB
20220313 033448.500 INFO             PET0 PIOc_freedecomp Enter - MemInfo: [/proc/self/status]	VmRSS:	   68684 kB
20220313 033448.500 INFO             PET0 PIOc_freedecomp Enter - MemInfo: [/proc/self/status]	VmData:	  230208 kB
20220313 033448.500 INFO             PET0 PIOc_freedecomp Enter - MemInfo: [/proc/self/status]	VmStk:	     144 kB
20220313 033448.500 INFO             PET0 PIOc_freedecomp Enter - MemInfo: [/proc/self/status]	VmExe:	     324 kB
20220313 033448.500 INFO             PET0 PIOc_freedecomp Enter - MemInfo: [/proc/self/status]	VmLib:	   83112 kB
20220313 033448.500 INFO             PET0 PIOc_freedecomp Enter - MemInfo: [/proc/self/status]	VmPTE:	    1048 kB
20220313 033448.500 INFO             PET0 PIOc_freedecomp Enter - MemInfo: [/proc/self/status]	VmSwap:	       0 kB
20220313 033448.500 INFO             PET0 PIOc_freedecomp Enter - MemInfo: [/proc/self/status]	VmRSSPercent: 0.0349653 %
20220313 033448.500 INFO             PET0 PIOc_freedecomp Enter - MemInfo: [malloc] Non-mmapped space allocated:                47824896 Byte
20220313 033448.500 INFO             PET0 PIOc_freedecomp Enter - MemInfo: [malloc] Space allocated in mmapped regions:          1581056 Byte
20220313 033448.500 INFO             PET0 PIOc_freedecomp Enter - MemInfo: [malloc] Maximum total allocated space:                     0 Byte
20220313 033448.500 INFO             PET0 PIOc_freedecomp Enter - MemInfo: [malloc] Space in freed fastbin blocks:                  2880 Byte
20220313 033448.500 INFO             PET0 PIOc_freedecomp Enter - MemInfo: [malloc] Total allocated space:                      28998656 Byte
20220313 033448.500 INFO             PET0 PIOc_freedecomp Enter - MemInfo: [malloc] Total free space:                           18826240 Byte
20220313 033448.500 INFO             PET0 PIOc_freedecomp Enter - MemInfo: [malloc] Top-most, releasable space:                  8522832 Byte
20220313 033448.500 INFO             PET0 PIOc_freedecomp Enter - MemInfo: [malloc] Total space in use, mmap + non-mmap:        30579712 Byte
20220313 033448.500 INFO             PET0 PIOc_freedecomp Enter - MemInfo: [malloc] Total space held (mmap + non-mmap):         49405952 Byte
20220313 033448.500 INFO             PET0 PIOc_freedecomp Enter - MemInfo: [malloc] Total space used (mmap + non-mmap):         30589056 Byte
20220313 033448.500 INFO             PET0 PIOc_freedecomp Enter - MemInfo: Wall-clock time since execution start:               0.465424 seconds
20220313 033448.500 INFO             PET0 PIOc_freedecomp Exit - MemInfo: [/proc/meminfo - SSI]	MemTotal:       196434604 kB
20220313 033448.500 INFO             PET0 PIOc_freedecomp Exit - MemInfo: [/proc/meminfo - SSI]	MemFree:        184213356 kB
20220313 033448.500 INFO             PET0 PIOc_freedecomp Exit - MemInfo: [/proc/meminfo - SSI]	MemAvailable:   191752100 kB
20220313 033448.500 INFO             PET0 PIOc_freedecomp Exit - MemInfo: [/proc/meminfo - SSI]	Committed_AS:     768824 kB
20220313 033448.500 INFO             PET0 PIOc_freedecomp Exit - MemInfo: [/proc/meminfo - SSI]	CommittedPercent: 0.391389 %
20220313 033448.500 INFO             PET0 PIOc_freedecomp Exit - MemInfo: [/proc/self/status]	VmPeak:	  712996 kB
20220313 033448.500 INFO             PET0 PIOc_freedecomp Exit - MemInfo: [/proc/self/status]	VmSize:	  712992 kB
20220313 033448.500 INFO             PET0 PIOc_freedecomp Exit - MemInfo: [/proc/self/status]	VmLck:	       0 kB
20220313 033448.500 INFO             PET0 PIOc_freedecomp Exit - MemInfo: [/proc/self/status]	VmPin:	       0 kB
20220313 033448.500 INFO             PET0 PIOc_freedecomp Exit - MemInfo: [/proc/self/status]	VmHWM:	   73776 kB
20220313 033448.500 INFO             PET0 PIOc_freedecomp Exit - MemInfo: [/proc/self/status]	VmRSS:	   68684 kB
20220313 033448.500 INFO             PET0 PIOc_freedecomp Exit - MemInfo: [/proc/self/status]	VmData:	  230208 kB
20220313 033448.500 INFO             PET0 PIOc_freedecomp Exit - MemInfo: [/proc/self/status]	VmStk:	     144 kB
20220313 033448.500 INFO             PET0 PIOc_freedecomp Exit - MemInfo: [/proc/self/status]	VmExe:	     324 kB
20220313 033448.500 INFO             PET0 PIOc_freedecomp Exit - MemInfo: [/proc/self/status]	VmLib:	   83112 kB
20220313 033448.500 INFO             PET0 PIOc_freedecomp Exit - MemInfo: [/proc/self/status]	VmPTE:	    1048 kB
20220313 033448.500 INFO             PET0 PIOc_freedecomp Exit - MemInfo: [/proc/self/status]	VmSwap:	       0 kB
20220313 033448.500 INFO             PET0 PIOc_freedecomp Exit - MemInfo: [/proc/self/status]	VmRSSPercent: 0.0349653 %
20220313 033448.500 INFO             PET0 PIOc_freedecomp Exit - MemInfo: [malloc] Non-mmapped space allocated:                47824896 Byte
20220313 033448.500 INFO             PET0 PIOc_freedecomp Exit - MemInfo: [malloc] Space allocated in mmapped regions:          1581056 Byte
20220313 033448.500 INFO             PET0 PIOc_freedecomp Exit - MemInfo: [malloc] Maximum total allocated space:                     0 Byte
20220313 033448.500 INFO             PET0 PIOc_freedecomp Exit - MemInfo: [malloc] Space in freed fastbin blocks:                  3264 Byte
20220313 033448.500 INFO             PET0 PIOc_freedecomp Exit - MemInfo: [malloc] Total allocated space:                      28990928 Byte
20220313 033448.500 INFO             PET0 PIOc_freedecomp Exit - MemInfo: [malloc] Total free space:                           18833968 Byte
20220313 033448.500 INFO             PET0 PIOc_freedecomp Exit - MemInfo: [malloc] Top-most, releasable space:                  8522832 Byte
20220313 033448.500 INFO             PET0 PIOc_freedecomp Exit - MemInfo: [malloc] Total space in use, mmap + non-mmap:        30571984 Byte
20220313 033448.500 INFO             PET0 PIOc_freedecomp Exit - MemInfo: [malloc] Total space held (mmap + non-mmap):         49405952 Byte
20220313 033448.500 INFO             PET0 PIOc_freedecomp Exit - MemInfo: [malloc] Total space used (mmap + non-mmap):         30581328 Byte
20220313 033448.500 INFO             PET0 PIOc_freedecomp Exit - MemInfo: Wall-clock time since execution start:               0.465781 seconds
20220313 033448.504 INFO             PET0  PASS  ESMF_FieldRegridStoreFromFile Unit Test, ESMF_FieldSMMFromFileUTest.F90, line 315
20220313 033448.504 INFO             PET0  Ending Test, file ESMF_FieldSMMFromFileUTest.F90, line 322
20220313 033448.504 INFO             PET0 Finalizing ESMF
20220313 033448.043 INFO             PET1 !!!!!!!!!!!!!!!!!!!!!!!!!!!!!!!!!!!!!!!!!!!!!!!!!!!!!!
20220313 033448.043 INFO             PET1 !!! THE ESMF_LOG IS SET TO OUTPUT ALL LOG MESSAGES !!!
20220313 033448.043 INFO             PET1 !!!     THIS MAY CAUSE SLOWDOWN IN PERFORMANCE     !!!
20220313 033448.043 INFO             PET1 !!! FOR PRODUCTION RUNS, USE:                      !!!
20220313 033448.043 INFO             PET1 !!!                   ESMF_LOGKIND_Multi_On_Error  !!!
20220313 033448.043 INFO             PET1 !!!!!!!!!!!!!!!!!!!!!!!!!!!!!!!!!!!!!!!!!!!!!!!!!!!!!!
20220313 033448.043 INFO             PET1 Running with ESMF Version   : v8.3.0b09-96-g559b459
20220313 033448.043 INFO             PET1 ESMF library build date/time: "Mar 13 2022" "03:20:48"
20220313 033448.043 INFO             PET1 ESMF library build location : /work/noaa/da/mpotts/sandbox/gfortran_8.3.0_openmpi_g_jedwards_pio_update2
20220313 033448.043 INFO             PET1 ESMF_COMM                   : openmpi
20220313 033448.044 INFO             PET1 ESMF_MOAB                   : enabled
20220313 033448.044 INFO             PET1 ESMF_LAPACK                 : enabled
20220313 033448.044 INFO             PET1 ESMF_NETCDF                 : enabled
20220313 033448.044 INFO             PET1 ESMF_PNETCDF                : disabled
20220313 033448.044 INFO             PET1 ESMF_PIO                    : enabled
20220313 033448.044 INFO             PET1 ESMF_YAMLCPP                : enabled
20220313 033448.045 INFO             PET1  Beginning Test, file ESMF_FieldSMMFromFileUTest.F90, line 287
20220313 033448.045 INFO             PET1  NUMBER_OF_PROCESSORS           4
20220313 033448.477 INFO             PET1  PASS  ESMF_FieldSMMFromFile Unit Test, ESMF_FieldSMMFromFileUTest.F90, line 300
20220313 033448.491 INFO             PET1 PIOc_sync Enter - MemInfo: [/proc/meminfo - SSI]	MemTotal:       196434604 kB
20220313 033448.491 INFO             PET1 PIOc_sync Enter - MemInfo: [/proc/meminfo - SSI]	MemFree:        184213356 kB
20220313 033448.491 INFO             PET1 PIOc_sync Enter - MemInfo: [/proc/meminfo - SSI]	MemAvailable:   191752100 kB
20220313 033448.491 INFO             PET1 PIOc_sync Enter - MemInfo: [/proc/meminfo - SSI]	Committed_AS:     768824 kB
20220313 033448.491 INFO             PET1 PIOc_sync Enter - MemInfo: [/proc/meminfo - SSI]	CommittedPercent: 0.391389 %
20220313 033448.491 INFO             PET1 PIOc_sync Enter - MemInfo: [/proc/self/status]	VmPeak:	  688672 kB
20220313 033448.491 INFO             PET1 PIOc_sync Enter - MemInfo: [/proc/self/status]	VmSize:	  688672 kB
20220313 033448.491 INFO             PET1 PIOc_sync Enter - MemInfo: [/proc/self/status]	VmLck:	       0 kB
20220313 033448.491 INFO             PET1 PIOc_sync Enter - MemInfo: [/proc/self/status]	VmPin:	       0 kB
20220313 033448.491 INFO             PET1 PIOc_sync Enter - MemInfo: [/proc/self/status]	VmHWM:	   71736 kB
20220313 033448.491 INFO             PET1 PIOc_sync Enter - MemInfo: [/proc/self/status]	VmRSS:	   47944 kB
20220313 033448.491 INFO             PET1 PIOc_sync Enter - MemInfo: [/proc/self/status]	VmData:	  205888 kB
20220313 033448.491 INFO             PET1 PIOc_sync Enter - MemInfo: [/proc/self/status]	VmStk:	     144 kB
20220313 033448.491 INFO             PET1 PIOc_sync Enter - MemInfo: [/proc/self/status]	VmExe:	     324 kB
20220313 033448.491 INFO             PET1 PIOc_sync Enter - MemInfo: [/proc/self/status]	VmLib:	   83112 kB
20220313 033448.491 INFO             PET1 PIOc_sync Enter - MemInfo: [/proc/self/status]	VmPTE:	    1000 kB
20220313 033448.491 INFO             PET1 PIOc_sync Enter - MemInfo: [/proc/self/status]	VmSwap:	       0 kB
20220313 033448.491 INFO             PET1 PIOc_sync Enter - MemInfo: [/proc/self/status]	VmRSSPercent: 0.0244071 %
20220313 033448.491 INFO             PET1 PIOc_sync Enter - MemInfo: [malloc] Non-mmapped space allocated:                22921216 Byte
20220313 033448.491 INFO             PET1 PIOc_sync Enter - MemInfo: [malloc] Space allocated in mmapped regions:          1581056 Byte
20220313 033448.491 INFO             PET1 PIOc_sync Enter - MemInfo: [malloc] Maximum total allocated space:                     0 Byte
20220313 033448.491 INFO             PET1 PIOc_sync Enter - MemInfo: [malloc] Space in freed fastbin blocks:                  2928 Byte
20220313 033448.491 INFO             PET1 PIOc_sync Enter - MemInfo: [malloc] Total allocated space:                      12222560 Byte
20220313 033448.491 INFO             PET1 PIOc_sync Enter - MemInfo: [malloc] Total free space:                           10698656 Byte
20220313 033448.491 INFO             PET1 PIOc_sync Enter - MemInfo: [malloc] Top-most, releasable space:                  8521776 Byte
20220313 033448.491 INFO             PET1 PIOc_sync Enter - MemInfo: [malloc] Total space in use, mmap + non-mmap:        13803616 Byte
20220313 033448.491 INFO             PET1 PIOc_sync Enter - MemInfo: [malloc] Total space held (mmap + non-mmap):         24502272 Byte
20220313 033448.491 INFO             PET1 PIOc_sync Enter - MemInfo: [malloc] Total space used (mmap + non-mmap):         13812960 Byte
20220313 033448.491 INFO             PET1 PIOc_sync Enter - MemInfo: Wall-clock time since execution start:               0.450876 seconds
20220313 033448.492 INFO             PET1 PIOc_sync Exit - MemInfo: [/proc/meminfo - SSI]	MemTotal:       196434604 kB
20220313 033448.492 INFO             PET1 PIOc_sync Exit - MemInfo: [/proc/meminfo - SSI]	MemFree:        184213356 kB
20220313 033448.492 INFO             PET1 PIOc_sync Exit - MemInfo: [/proc/meminfo - SSI]	MemAvailable:   191752100 kB
20220313 033448.492 INFO             PET1 PIOc_sync Exit - MemInfo: [/proc/meminfo - SSI]	Committed_AS:     768824 kB
20220313 033448.492 INFO             PET1 PIOc_sync Exit - MemInfo: [/proc/meminfo - SSI]	CommittedPercent: 0.391389 %
20220313 033448.492 INFO             PET1 PIOc_sync Exit - MemInfo: [/proc/self/status]	VmPeak:	  688672 kB
20220313 033448.492 INFO             PET1 PIOc_sync Exit - MemInfo: [/proc/self/status]	VmSize:	  688672 kB
20220313 033448.492 INFO             PET1 PIOc_sync Exit - MemInfo: [/proc/self/status]	VmLck:	       0 kB
20220313 033448.492 INFO             PET1 PIOc_sync Exit - MemInfo: [/proc/self/status]	VmPin:	       0 kB
20220313 033448.492 INFO             PET1 PIOc_sync Exit - MemInfo: [/proc/self/status]	VmHWM:	   71736 kB
20220313 033448.492 INFO             PET1 PIOc_sync Exit - MemInfo: [/proc/self/status]	VmRSS:	   48008 kB
20220313 033448.492 INFO             PET1 PIOc_sync Exit - MemInfo: [/proc/self/status]	VmData:	  205888 kB
20220313 033448.492 INFO             PET1 PIOc_sync Exit - MemInfo: [/proc/self/status]	VmStk:	     144 kB
20220313 033448.492 INFO             PET1 PIOc_sync Exit - MemInfo: [/proc/self/status]	VmExe:	     324 kB
20220313 033448.492 INFO             PET1 PIOc_sync Exit - MemInfo: [/proc/self/status]	VmLib:	   83112 kB
20220313 033448.492 INFO             PET1 PIOc_sync Exit - MemInfo: [/proc/self/status]	VmPTE:	    1000 kB
20220313 033448.492 INFO             PET1 PIOc_sync Exit - MemInfo: [/proc/self/status]	VmSwap:	       0 kB
20220313 033448.492 INFO             PET1 PIOc_sync Exit - MemInfo: [/proc/self/status]	VmRSSPercent: 0.0244397 %
20220313 033448.492 INFO             PET1 PIOc_sync Exit - MemInfo: [malloc] Non-mmapped space allocated:                22921216 Byte
20220313 033448.492 INFO             PET1 PIOc_sync Exit - MemInfo: [malloc] Space allocated in mmapped regions:          1581056 Byte
20220313 033448.492 INFO             PET1 PIOc_sync Exit - MemInfo: [malloc] Maximum total allocated space:                     0 Byte
20220313 033448.492 INFO             PET1 PIOc_sync Exit - MemInfo: [malloc] Space in freed fastbin blocks:                  1584 Byte
20220313 033448.492 INFO             PET1 PIOc_sync Exit - MemInfo: [malloc] Total allocated space:                      12221984 Byte
20220313 033448.492 INFO             PET1 PIOc_sync Exit - MemInfo: [malloc] Total free space:                           10699232 Byte
20220313 033448.492 INFO             PET1 PIOc_sync Exit - MemInfo: [malloc] Top-most, releasable space:                  8521776 Byte
20220313 033448.492 INFO             PET1 PIOc_sync Exit - MemInfo: [malloc] Total space in use, mmap + non-mmap:        13803040 Byte
20220313 033448.492 INFO             PET1 PIOc_sync Exit - MemInfo: [malloc] Total space held (mmap + non-mmap):         24502272 Byte
20220313 033448.492 INFO             PET1 PIOc_sync Exit - MemInfo: [malloc] Total space used (mmap + non-mmap):         13812384 Byte
20220313 033448.492 INFO             PET1 PIOc_sync Exit - MemInfo: Wall-clock time since execution start:               0.452159 seconds
20220313 033448.493 INFO             PET1 PIOc_freedecomp Enter - MemInfo: [/proc/meminfo - SSI]	MemTotal:       196434604 kB
20220313 033448.493 INFO             PET1 PIOc_freedecomp Enter - MemInfo: [/proc/meminfo - SSI]	MemFree:        184213356 kB
20220313 033448.493 INFO             PET1 PIOc_freedecomp Enter - MemInfo: [/proc/meminfo - SSI]	MemAvailable:   191752100 kB
20220313 033448.493 INFO             PET1 PIOc_freedecomp Enter - MemInfo: [/proc/meminfo - SSI]	Committed_AS:     768824 kB
20220313 033448.493 INFO             PET1 PIOc_freedecomp Enter - MemInfo: [/proc/meminfo - SSI]	CommittedPercent: 0.391389 %
20220313 033448.493 INFO             PET1 PIOc_freedecomp Enter - MemInfo: [/proc/self/status]	VmPeak:	  688672 kB
20220313 033448.493 INFO             PET1 PIOc_freedecomp Enter - MemInfo: [/proc/self/status]	VmSize:	  688672 kB
20220313 033448.493 INFO             PET1 PIOc_freedecomp Enter - MemInfo: [/proc/self/status]	VmLck:	       0 kB
20220313 033448.493 INFO             PET1 PIOc_freedecomp Enter - MemInfo: [/proc/self/status]	VmPin:	       0 kB
20220313 033448.493 INFO             PET1 PIOc_freedecomp Enter - MemInfo: [/proc/self/status]	VmHWM:	   71736 kB
20220313 033448.493 INFO             PET1 PIOc_freedecomp Enter - MemInfo: [/proc/self/status]	VmRSS:	   48008 kB
20220313 033448.493 INFO             PET1 PIOc_freedecomp Enter - MemInfo: [/proc/self/status]	VmData:	  205888 kB
20220313 033448.493 INFO             PET1 PIOc_freedecomp Enter - MemInfo: [/proc/self/status]	VmStk:	     144 kB
20220313 033448.493 INFO             PET1 PIOc_freedecomp Enter - MemInfo: [/proc/self/status]	VmExe:	     324 kB
20220313 033448.493 INFO             PET1 PIOc_freedecomp Enter - MemInfo: [/proc/self/status]	VmLib:	   83112 kB
20220313 033448.493 INFO             PET1 PIOc_freedecomp Enter - MemInfo: [/proc/self/status]	VmPTE:	    1000 kB
20220313 033448.493 INFO             PET1 PIOc_freedecomp Enter - MemInfo: [/proc/self/status]	VmSwap:	       0 kB
20220313 033448.493 INFO             PET1 PIOc_freedecomp Enter - MemInfo: [/proc/self/status]	VmRSSPercent: 0.0244397 %
20220313 033448.493 INFO             PET1 PIOc_freedecomp Enter - MemInfo: [malloc] Non-mmapped space allocated:                22921216 Byte
20220313 033448.493 INFO             PET1 PIOc_freedecomp Enter - MemInfo: [malloc] Space allocated in mmapped regions:          1581056 Byte
20220313 033448.493 INFO             PET1 PIOc_freedecomp Enter - MemInfo: [malloc] Maximum total allocated space:                     0 Byte
20220313 033448.493 INFO             PET1 PIOc_freedecomp Enter - MemInfo: [malloc] Space in freed fastbin blocks:                  1904 Byte
20220313 033448.493 INFO             PET1 PIOc_freedecomp Enter - MemInfo: [malloc] Total allocated space:                      12220304 Byte
20220313 033448.493 INFO             PET1 PIOc_freedecomp Enter - MemInfo: [malloc] Total free space:                           10700912 Byte
20220313 033448.493 INFO             PET1 PIOc_freedecomp Enter - MemInfo: [malloc] Top-most, releasable space:                  8521776 Byte
20220313 033448.493 INFO             PET1 PIOc_freedecomp Enter - MemInfo: [malloc] Total space in use, mmap + non-mmap:        13801360 Byte
20220313 033448.493 INFO             PET1 PIOc_freedecomp Enter - MemInfo: [malloc] Total space held (mmap + non-mmap):         24502272 Byte
20220313 033448.493 INFO             PET1 PIOc_freedecomp Enter - MemInfo: [malloc] Total space used (mmap + non-mmap):         13810704 Byte
20220313 033448.493 INFO             PET1 PIOc_freedecomp Enter - MemInfo: Wall-clock time since execution start:               0.452788 seconds
20220313 033448.493 INFO             PET1 PIOc_freedecomp Exit - MemInfo: [/proc/meminfo - SSI]	MemTotal:       196434604 kB
20220313 033448.493 INFO             PET1 PIOc_freedecomp Exit - MemInfo: [/proc/meminfo - SSI]	MemFree:        184213356 kB
20220313 033448.493 INFO             PET1 PIOc_freedecomp Exit - MemInfo: [/proc/meminfo - SSI]	MemAvailable:   191752100 kB
20220313 033448.493 INFO             PET1 PIOc_freedecomp Exit - MemInfo: [/proc/meminfo - SSI]	Committed_AS:     768824 kB
20220313 033448.493 INFO             PET1 PIOc_freedecomp Exit - MemInfo: [/proc/meminfo - SSI]	CommittedPercent: 0.391389 %
20220313 033448.493 INFO             PET1 PIOc_freedecomp Exit - MemInfo: [/proc/self/status]	VmPeak:	  688672 kB
20220313 033448.493 INFO             PET1 PIOc_freedecomp Exit - MemInfo: [/proc/self/status]	VmSize:	  688672 kB
20220313 033448.493 INFO             PET1 PIOc_freedecomp Exit - MemInfo: [/proc/self/status]	VmLck:	       0 kB
20220313 033448.493 INFO             PET1 PIOc_freedecomp Exit - MemInfo: [/proc/self/status]	VmPin:	       0 kB
20220313 033448.493 INFO             PET1 PIOc_freedecomp Exit - MemInfo: [/proc/self/status]	VmHWM:	   71736 kB
20220313 033448.493 INFO             PET1 PIOc_freedecomp Exit - MemInfo: [/proc/self/status]	VmRSS:	   48012 kB
20220313 033448.493 INFO             PET1 PIOc_freedecomp Exit - MemInfo: [/proc/self/status]	VmData:	  205888 kB
20220313 033448.493 INFO             PET1 PIOc_freedecomp Exit - MemInfo: [/proc/self/status]	VmStk:	     144 kB
20220313 033448.493 INFO             PET1 PIOc_freedecomp Exit - MemInfo: [/proc/self/status]	VmExe:	     324 kB
20220313 033448.493 INFO             PET1 PIOc_freedecomp Exit - MemInfo: [/proc/self/status]	VmLib:	   83112 kB
20220313 033448.493 INFO             PET1 PIOc_freedecomp Exit - MemInfo: [/proc/self/status]	VmPTE:	    1000 kB
20220313 033448.493 INFO             PET1 PIOc_freedecomp Exit - MemInfo: [/proc/self/status]	VmSwap:	       0 kB
20220313 033448.493 INFO             PET1 PIOc_freedecomp Exit - MemInfo: [/proc/self/status]	VmRSSPercent: 0.0244417 %
20220313 033448.493 INFO             PET1 PIOc_freedecomp Exit - MemInfo: [malloc] Non-mmapped space allocated:                22921216 Byte
20220313 033448.493 INFO             PET1 PIOc_freedecomp Exit - MemInfo: [malloc] Space allocated in mmapped regions:          1581056 Byte
20220313 033448.493 INFO             PET1 PIOc_freedecomp Exit - MemInfo: [malloc] Maximum total allocated space:                     0 Byte
20220313 033448.493 INFO             PET1 PIOc_freedecomp Exit - MemInfo: [malloc] Space in freed fastbin blocks:                  2256 Byte
20220313 033448.493 INFO             PET1 PIOc_freedecomp Exit - MemInfo: [malloc] Total allocated space:                      12217376 Byte
20220313 033448.493 INFO             PET1 PIOc_freedecomp Exit - MemInfo: [malloc] Total free space:                           10703840 Byte
20220313 033448.493 INFO             PET1 PIOc_freedecomp Exit - MemInfo: [malloc] Top-most, releasable space:                  8521776 Byte
20220313 033448.493 INFO             PET1 PIOc_freedecomp Exit - MemInfo: [malloc] Total space in use, mmap + non-mmap:        13798432 Byte
20220313 033448.493 INFO             PET1 PIOc_freedecomp Exit - MemInfo: [malloc] Total space held (mmap + non-mmap):         24502272 Byte
20220313 033448.493 INFO             PET1 PIOc_freedecomp Exit - MemInfo: [malloc] Total space used (mmap + non-mmap):         13807776 Byte
20220313 033448.493 INFO             PET1 PIOc_freedecomp Exit - MemInfo: Wall-clock time since execution start:               0.453151 seconds
20220313 033448.495 INFO             PET1 PIOc_sync Enter - MemInfo: [/proc/meminfo - SSI]	MemTotal:       196434604 kB
20220313 033448.495 INFO             PET1 PIOc_sync Enter - MemInfo: [/proc/meminfo - SSI]	MemFree:        184213356 kB
20220313 033448.495 INFO             PET1 PIOc_sync Enter - MemInfo: [/proc/meminfo - SSI]	MemAvailable:   191752100 kB
20220313 033448.495 INFO             PET1 PIOc_sync Enter - MemInfo: [/proc/meminfo - SSI]	Committed_AS:     768824 kB
20220313 033448.495 INFO             PET1 PIOc_sync Enter - MemInfo: [/proc/meminfo - SSI]	CommittedPercent: 0.391389 %
20220313 033448.495 INFO             PET1 PIOc_sync Enter - MemInfo: [/proc/self/status]	VmPeak:	  688672 kB
20220313 033448.495 INFO             PET1 PIOc_sync Enter - MemInfo: [/proc/self/status]	VmSize:	  688672 kB
20220313 033448.495 INFO             PET1 PIOc_sync Enter - MemInfo: [/proc/self/status]	VmLck:	       0 kB
20220313 033448.495 INFO             PET1 PIOc_sync Enter - MemInfo: [/proc/self/status]	VmPin:	       0 kB
20220313 033448.495 INFO             PET1 PIOc_sync Enter - MemInfo: [/proc/self/status]	VmHWM:	   71736 kB
20220313 033448.495 INFO             PET1 PIOc_sync Enter - MemInfo: [/proc/self/status]	VmRSS:	   48016 kB
20220313 033448.495 INFO             PET1 PIOc_sync Enter - MemInfo: [/proc/self/status]	VmData:	  205888 kB
20220313 033448.495 INFO             PET1 PIOc_sync Enter - MemInfo: [/proc/self/status]	VmStk:	     144 kB
20220313 033448.495 INFO             PET1 PIOc_sync Enter - MemInfo: [/proc/self/status]	VmExe:	     324 kB
20220313 033448.495 INFO             PET1 PIOc_sync Enter - MemInfo: [/proc/self/status]	VmLib:	   83112 kB
20220313 033448.495 INFO             PET1 PIOc_sync Enter - MemInfo: [/proc/self/status]	VmPTE:	    1000 kB
20220313 033448.495 INFO             PET1 PIOc_sync Enter - MemInfo: [/proc/self/status]	VmSwap:	       0 kB
20220313 033448.495 INFO             PET1 PIOc_sync Enter - MemInfo: [/proc/self/status]	VmRSSPercent: 0.0244438 %
20220313 033448.495 INFO             PET1 PIOc_sync Enter - MemInfo: [malloc] Non-mmapped space allocated:                22921216 Byte
20220313 033448.495 INFO             PET1 PIOc_sync Enter - MemInfo: [malloc] Space allocated in mmapped regions:          1581056 Byte
20220313 033448.495 INFO             PET1 PIOc_sync Enter - MemInfo: [malloc] Maximum total allocated space:                     0 Byte
20220313 033448.495 INFO             PET1 PIOc_sync Enter - MemInfo: [malloc] Space in freed fastbin blocks:                  3056 Byte
20220313 033448.495 INFO             PET1 PIOc_sync Enter - MemInfo: [malloc] Total allocated space:                      12280016 Byte
20220313 033448.495 INFO             PET1 PIOc_sync Enter - MemInfo: [malloc] Total free space:                           10641200 Byte
20220313 033448.495 INFO             PET1 PIOc_sync Enter - MemInfo: [malloc] Top-most, releasable space:                  8521776 Byte
20220313 033448.495 INFO             PET1 PIOc_sync Enter - MemInfo: [malloc] Total space in use, mmap + non-mmap:        13861072 Byte
20220313 033448.495 INFO             PET1 PIOc_sync Enter - MemInfo: [malloc] Total space held (mmap + non-mmap):         24502272 Byte
20220313 033448.495 INFO             PET1 PIOc_sync Enter - MemInfo: [malloc] Total space used (mmap + non-mmap):         13870416 Byte
20220313 033448.495 INFO             PET1 PIOc_sync Enter - MemInfo: Wall-clock time since execution start:                0.45504 seconds
20220313 033448.496 INFO             PET1 PIOc_sync Exit - MemInfo: [/proc/meminfo - SSI]	MemTotal:       196434604 kB
20220313 033448.496 INFO             PET1 PIOc_sync Exit - MemInfo: [/proc/meminfo - SSI]	MemFree:        184213356 kB
20220313 033448.496 INFO             PET1 PIOc_sync Exit - MemInfo: [/proc/meminfo - SSI]	MemAvailable:   191752100 kB
20220313 033448.496 INFO             PET1 PIOc_sync Exit - MemInfo: [/proc/meminfo - SSI]	Committed_AS:     768824 kB
20220313 033448.496 INFO             PET1 PIOc_sync Exit - MemInfo: [/proc/meminfo - SSI]	CommittedPercent: 0.391389 %
20220313 033448.496 INFO             PET1 PIOc_sync Exit - MemInfo: [/proc/self/status]	VmPeak:	  688672 kB
20220313 033448.496 INFO             PET1 PIOc_sync Exit - MemInfo: [/proc/self/status]	VmSize:	  688672 kB
20220313 033448.496 INFO             PET1 PIOc_sync Exit - MemInfo: [/proc/self/status]	VmLck:	       0 kB
20220313 033448.496 INFO             PET1 PIOc_sync Exit - MemInfo: [/proc/self/status]	VmPin:	       0 kB
20220313 033448.496 INFO             PET1 PIOc_sync Exit - MemInfo: [/proc/self/status]	VmHWM:	   71736 kB
20220313 033448.496 INFO             PET1 PIOc_sync Exit - MemInfo: [/proc/self/status]	VmRSS:	   48016 kB
20220313 033448.496 INFO             PET1 PIOc_sync Exit - MemInfo: [/proc/self/status]	VmData:	  205888 kB
20220313 033448.496 INFO             PET1 PIOc_sync Exit - MemInfo: [/proc/self/status]	VmStk:	     144 kB
20220313 033448.496 INFO             PET1 PIOc_sync Exit - MemInfo: [/proc/self/status]	VmExe:	     324 kB
20220313 033448.496 INFO             PET1 PIOc_sync Exit - MemInfo: [/proc/self/status]	VmLib:	   83112 kB
20220313 033448.496 INFO             PET1 PIOc_sync Exit - MemInfo: [/proc/self/status]	VmPTE:	    1000 kB
20220313 033448.496 INFO             PET1 PIOc_sync Exit - MemInfo: [/proc/self/status]	VmSwap:	       0 kB
20220313 033448.496 INFO             PET1 PIOc_sync Exit - MemInfo: [/proc/self/status]	VmRSSPercent: 0.0244438 %
20220313 033448.496 INFO             PET1 PIOc_sync Exit - MemInfo: [malloc] Non-mmapped space allocated:                22921216 Byte
20220313 033448.496 INFO             PET1 PIOc_sync Exit - MemInfo: [malloc] Space allocated in mmapped regions:          1581056 Byte
20220313 033448.496 INFO             PET1 PIOc_sync Exit - MemInfo: [malloc] Maximum total allocated space:                     0 Byte
20220313 033448.496 INFO             PET1 PIOc_sync Exit - MemInfo: [malloc] Space in freed fastbin blocks:                  1584 Byte
20220313 033448.496 INFO             PET1 PIOc_sync Exit - MemInfo: [malloc] Total allocated space:                      12279712 Byte
20220313 033448.496 INFO             PET1 PIOc_sync Exit - MemInfo: [malloc] Total free space:                           10641504 Byte
20220313 033448.496 INFO             PET1 PIOc_sync Exit - MemInfo: [malloc] Top-most, releasable space:                  8521776 Byte
20220313 033448.496 INFO             PET1 PIOc_sync Exit - MemInfo: [malloc] Total space in use, mmap + non-mmap:        13860768 Byte
20220313 033448.496 INFO             PET1 PIOc_sync Exit - MemInfo: [malloc] Total space held (mmap + non-mmap):         24502272 Byte
20220313 033448.496 INFO             PET1 PIOc_sync Exit - MemInfo: [malloc] Total space used (mmap + non-mmap):         13870112 Byte
20220313 033448.496 INFO             PET1 PIOc_sync Exit - MemInfo: Wall-clock time since execution start:               0.455924 seconds
20220313 033448.496 INFO             PET1 PIOc_freedecomp Enter - MemInfo: [/proc/meminfo - SSI]	MemTotal:       196434604 kB
20220313 033448.496 INFO             PET1 PIOc_freedecomp Enter - MemInfo: [/proc/meminfo - SSI]	MemFree:        184213356 kB
20220313 033448.496 INFO             PET1 PIOc_freedecomp Enter - MemInfo: [/proc/meminfo - SSI]	MemAvailable:   191752100 kB
20220313 033448.496 INFO             PET1 PIOc_freedecomp Enter - MemInfo: [/proc/meminfo - SSI]	Committed_AS:     768824 kB
20220313 033448.496 INFO             PET1 PIOc_freedecomp Enter - MemInfo: [/proc/meminfo - SSI]	CommittedPercent: 0.391389 %
20220313 033448.496 INFO             PET1 PIOc_freedecomp Enter - MemInfo: [/proc/self/status]	VmPeak:	  688672 kB
20220313 033448.496 INFO             PET1 PIOc_freedecomp Enter - MemInfo: [/proc/self/status]	VmSize:	  688672 kB
20220313 033448.496 INFO             PET1 PIOc_freedecomp Enter - MemInfo: [/proc/self/status]	VmLck:	       0 kB
20220313 033448.496 INFO             PET1 PIOc_freedecomp Enter - MemInfo: [/proc/self/status]	VmPin:	       0 kB
20220313 033448.496 INFO             PET1 PIOc_freedecomp Enter - MemInfo: [/proc/self/status]	VmHWM:	   71736 kB
20220313 033448.496 INFO             PET1 PIOc_freedecomp Enter - MemInfo: [/proc/self/status]	VmRSS:	   48016 kB
20220313 033448.496 INFO             PET1 PIOc_freedecomp Enter - MemInfo: [/proc/self/status]	VmData:	  205888 kB
20220313 033448.496 INFO             PET1 PIOc_freedecomp Enter - MemInfo: [/proc/self/status]	VmStk:	     144 kB
20220313 033448.496 INFO             PET1 PIOc_freedecomp Enter - MemInfo: [/proc/self/status]	VmExe:	     324 kB
20220313 033448.496 INFO             PET1 PIOc_freedecomp Enter - MemInfo: [/proc/self/status]	VmLib:	   83112 kB
20220313 033448.496 INFO             PET1 PIOc_freedecomp Enter - MemInfo: [/proc/self/status]	VmPTE:	    1000 kB
20220313 033448.496 INFO             PET1 PIOc_freedecomp Enter - MemInfo: [/proc/self/status]	VmSwap:	       0 kB
20220313 033448.496 INFO             PET1 PIOc_freedecomp Enter - MemInfo: [/proc/self/status]	VmRSSPercent: 0.0244438 %
20220313 033448.496 INFO             PET1 PIOc_freedecomp Enter - MemInfo: [malloc] Non-mmapped space allocated:                22921216 Byte
20220313 033448.496 INFO             PET1 PIOc_freedecomp Enter - MemInfo: [malloc] Space allocated in mmapped regions:          1581056 Byte
20220313 033448.496 INFO             PET1 PIOc_freedecomp Enter - MemInfo: [malloc] Maximum total allocated space:                     0 Byte
20220313 033448.496 INFO             PET1 PIOc_freedecomp Enter - MemInfo: [malloc] Space in freed fastbin blocks:                  1648 Byte
20220313 033448.496 INFO             PET1 PIOc_freedecomp Enter - MemInfo: [malloc] Total allocated space:                      12277888 Byte
20220313 033448.496 INFO             PET1 PIOc_freedecomp Enter - MemInfo: [malloc] Total free space:                           10643328 Byte
20220313 033448.496 INFO             PET1 PIOc_freedecomp Enter - MemInfo: [malloc] Top-most, releasable space:                  8521776 Byte
20220313 033448.496 INFO             PET1 PIOc_freedecomp Enter - MemInfo: [malloc] Total space in use, mmap + non-mmap:        13858944 Byte
20220313 033448.496 INFO             PET1 PIOc_freedecomp Enter - MemInfo: [malloc] Total space held (mmap + non-mmap):         24502272 Byte
20220313 033448.496 INFO             PET1 PIOc_freedecomp Enter - MemInfo: [malloc] Total space used (mmap + non-mmap):         13868288 Byte
20220313 033448.496 INFO             PET1 PIOc_freedecomp Enter - MemInfo: Wall-clock time since execution start:               0.456489 seconds
20220313 033448.497 INFO             PET1 PIOc_freedecomp Exit - MemInfo: [/proc/meminfo - SSI]	MemTotal:       196434604 kB
20220313 033448.497 INFO             PET1 PIOc_freedecomp Exit - MemInfo: [/proc/meminfo - SSI]	MemFree:        184213356 kB
20220313 033448.497 INFO             PET1 PIOc_freedecomp Exit - MemInfo: [/proc/meminfo - SSI]	MemAvailable:   191752100 kB
20220313 033448.497 INFO             PET1 PIOc_freedecomp Exit - MemInfo: [/proc/meminfo - SSI]	Committed_AS:     768824 kB
20220313 033448.497 INFO             PET1 PIOc_freedecomp Exit - MemInfo: [/proc/meminfo - SSI]	CommittedPercent: 0.391389 %
20220313 033448.497 INFO             PET1 PIOc_freedecomp Exit - MemInfo: [/proc/self/status]	VmPeak:	  688672 kB
20220313 033448.497 INFO             PET1 PIOc_freedecomp Exit - MemInfo: [/proc/self/status]	VmSize:	  688672 kB
20220313 033448.497 INFO             PET1 PIOc_freedecomp Exit - MemInfo: [/proc/self/status]	VmLck:	       0 kB
20220313 033448.497 INFO             PET1 PIOc_freedecomp Exit - MemInfo: [/proc/self/status]	VmPin:	       0 kB
20220313 033448.497 INFO             PET1 PIOc_freedecomp Exit - MemInfo: [/proc/self/status]	VmHWM:	   71736 kB
20220313 033448.497 INFO             PET1 PIOc_freedecomp Exit - MemInfo: [/proc/self/status]	VmRSS:	   48016 kB
20220313 033448.497 INFO             PET1 PIOc_freedecomp Exit - MemInfo: [/proc/self/status]	VmData:	  205888 kB
20220313 033448.497 INFO             PET1 PIOc_freedecomp Exit - MemInfo: [/proc/self/status]	VmStk:	     144 kB
20220313 033448.497 INFO             PET1 PIOc_freedecomp Exit - MemInfo: [/proc/self/status]	VmExe:	     324 kB
20220313 033448.497 INFO             PET1 PIOc_freedecomp Exit - MemInfo: [/proc/self/status]	VmLib:	   83112 kB
20220313 033448.497 INFO             PET1 PIOc_freedecomp Exit - MemInfo: [/proc/self/status]	VmPTE:	    1000 kB
20220313 033448.497 INFO             PET1 PIOc_freedecomp Exit - MemInfo: [/proc/self/status]	VmSwap:	       0 kB
20220313 033448.497 INFO             PET1 PIOc_freedecomp Exit - MemInfo: [/proc/self/status]	VmRSSPercent: 0.0244438 %
20220313 033448.497 INFO             PET1 PIOc_freedecomp Exit - MemInfo: [malloc] Non-mmapped space allocated:                22921216 Byte
20220313 033448.497 INFO             PET1 PIOc_freedecomp Exit - MemInfo: [malloc] Space allocated in mmapped regions:          1581056 Byte
20220313 033448.497 INFO             PET1 PIOc_freedecomp Exit - MemInfo: [malloc] Maximum total allocated space:                     0 Byte
20220313 033448.497 INFO             PET1 PIOc_freedecomp Exit - MemInfo: [malloc] Space in freed fastbin blocks:                  2000 Byte
20220313 033448.497 INFO             PET1 PIOc_freedecomp Exit - MemInfo: [malloc] Total allocated space:                      12274944 Byte
20220313 033448.497 INFO             PET1 PIOc_freedecomp Exit - MemInfo: [malloc] Total free space:                           10646272 Byte
20220313 033448.497 INFO             PET1 PIOc_freedecomp Exit - MemInfo: [malloc] Top-most, releasable space:                  8521776 Byte
20220313 033448.497 INFO             PET1 PIOc_freedecomp Exit - MemInfo: [malloc] Total space in use, mmap + non-mmap:        13856000 Byte
20220313 033448.497 INFO             PET1 PIOc_freedecomp Exit - MemInfo: [malloc] Total space held (mmap + non-mmap):         24502272 Byte
20220313 033448.497 INFO             PET1 PIOc_freedecomp Exit - MemInfo: [malloc] Total space used (mmap + non-mmap):         13865344 Byte
20220313 033448.497 INFO             PET1 PIOc_freedecomp Exit - MemInfo: Wall-clock time since execution start:                0.45688 seconds
20220313 033448.498 INFO             PET1 PIOc_sync Enter - MemInfo: [/proc/meminfo - SSI]	MemTotal:       196434604 kB
20220313 033448.498 INFO             PET1 PIOc_sync Enter - MemInfo: [/proc/meminfo - SSI]	MemFree:        184213356 kB
20220313 033448.498 INFO             PET1 PIOc_sync Enter - MemInfo: [/proc/meminfo - SSI]	MemAvailable:   191752100 kB
20220313 033448.498 INFO             PET1 PIOc_sync Enter - MemInfo: [/proc/meminfo - SSI]	Committed_AS:     768824 kB
20220313 033448.498 INFO             PET1 PIOc_sync Enter - MemInfo: [/proc/meminfo - SSI]	CommittedPercent: 0.391389 %
20220313 033448.498 INFO             PET1 PIOc_sync Enter - MemInfo: [/proc/self/status]	VmPeak:	  688672 kB
20220313 033448.498 INFO             PET1 PIOc_sync Enter - MemInfo: [/proc/self/status]	VmSize:	  688672 kB
20220313 033448.498 INFO             PET1 PIOc_sync Enter - MemInfo: [/proc/self/status]	VmLck:	       0 kB
20220313 033448.498 INFO             PET1 PIOc_sync Enter - MemInfo: [/proc/self/status]	VmPin:	       0 kB
20220313 033448.498 INFO             PET1 PIOc_sync Enter - MemInfo: [/proc/self/status]	VmHWM:	   71736 kB
20220313 033448.498 INFO             PET1 PIOc_sync Enter - MemInfo: [/proc/self/status]	VmRSS:	   48016 kB
20220313 033448.498 INFO             PET1 PIOc_sync Enter - MemInfo: [/proc/self/status]	VmData:	  205888 kB
20220313 033448.498 INFO             PET1 PIOc_sync Enter - MemInfo: [/proc/self/status]	VmStk:	     144 kB
20220313 033448.498 INFO             PET1 PIOc_sync Enter - MemInfo: [/proc/self/status]	VmExe:	     324 kB
20220313 033448.498 INFO             PET1 PIOc_sync Enter - MemInfo: [/proc/self/status]	VmLib:	   83112 kB
20220313 033448.498 INFO             PET1 PIOc_sync Enter - MemInfo: [/proc/self/status]	VmPTE:	    1000 kB
20220313 033448.498 INFO             PET1 PIOc_sync Enter - MemInfo: [/proc/self/status]	VmSwap:	       0 kB
20220313 033448.498 INFO             PET1 PIOc_sync Enter - MemInfo: [/proc/self/status]	VmRSSPercent: 0.0244438 %
20220313 033448.499 INFO             PET1 PIOc_sync Enter - MemInfo: [malloc] Non-mmapped space allocated:                22921216 Byte
20220313 033448.499 INFO             PET1 PIOc_sync Enter - MemInfo: [malloc] Space allocated in mmapped regions:          1581056 Byte
20220313 033448.499 INFO             PET1 PIOc_sync Enter - MemInfo: [malloc] Maximum total allocated space:                     0 Byte
20220313 033448.499 INFO             PET1 PIOc_sync Enter - MemInfo: [malloc] Space in freed fastbin blocks:                  3008 Byte
20220313 033448.499 INFO             PET1 PIOc_sync Enter - MemInfo: [malloc] Total allocated space:                      12280096 Byte
20220313 033448.499 INFO             PET1 PIOc_sync Enter - MemInfo: [malloc] Total free space:                           10641120 Byte
20220313 033448.499 INFO             PET1 PIOc_sync Enter - MemInfo: [malloc] Top-most, releasable space:                  8521776 Byte
20220313 033448.499 INFO             PET1 PIOc_sync Enter - MemInfo: [malloc] Total space in use, mmap + non-mmap:        13861152 Byte
20220313 033448.499 INFO             PET1 PIOc_sync Enter - MemInfo: [malloc] Total space held (mmap + non-mmap):         24502272 Byte
20220313 033448.499 INFO             PET1 PIOc_sync Enter - MemInfo: [malloc] Total space used (mmap + non-mmap):         13870496 Byte
20220313 033448.499 INFO             PET1 PIOc_sync Enter - MemInfo: Wall-clock time since execution start:               0.458605 seconds
20220313 033448.499 INFO             PET1 PIOc_sync Exit - MemInfo: [/proc/meminfo - SSI]	MemTotal:       196434604 kB
20220313 033448.499 INFO             PET1 PIOc_sync Exit - MemInfo: [/proc/meminfo - SSI]	MemFree:        184213356 kB
20220313 033448.499 INFO             PET1 PIOc_sync Exit - MemInfo: [/proc/meminfo - SSI]	MemAvailable:   191752100 kB
20220313 033448.499 INFO             PET1 PIOc_sync Exit - MemInfo: [/proc/meminfo - SSI]	Committed_AS:     768824 kB
20220313 033448.499 INFO             PET1 PIOc_sync Exit - MemInfo: [/proc/meminfo - SSI]	CommittedPercent: 0.391389 %
20220313 033448.499 INFO             PET1 PIOc_sync Exit - MemInfo: [/proc/self/status]	VmPeak:	  688672 kB
20220313 033448.499 INFO             PET1 PIOc_sync Exit - MemInfo: [/proc/self/status]	VmSize:	  688672 kB
20220313 033448.499 INFO             PET1 PIOc_sync Exit - MemInfo: [/proc/self/status]	VmLck:	       0 kB
20220313 033448.499 INFO             PET1 PIOc_sync Exit - MemInfo: [/proc/self/status]	VmPin:	       0 kB
20220313 033448.499 INFO             PET1 PIOc_sync Exit - MemInfo: [/proc/self/status]	VmHWM:	   71736 kB
20220313 033448.499 INFO             PET1 PIOc_sync Exit - MemInfo: [/proc/self/status]	VmRSS:	   48016 kB
20220313 033448.499 INFO             PET1 PIOc_sync Exit - MemInfo: [/proc/self/status]	VmData:	  205888 kB
20220313 033448.499 INFO             PET1 PIOc_sync Exit - MemInfo: [/proc/self/status]	VmStk:	     144 kB
20220313 033448.499 INFO             PET1 PIOc_sync Exit - MemInfo: [/proc/self/status]	VmExe:	     324 kB
20220313 033448.499 INFO             PET1 PIOc_sync Exit - MemInfo: [/proc/self/status]	VmLib:	   83112 kB
20220313 033448.499 INFO             PET1 PIOc_sync Exit - MemInfo: [/proc/self/status]	VmPTE:	    1000 kB
20220313 033448.499 INFO             PET1 PIOc_sync Exit - MemInfo: [/proc/self/status]	VmSwap:	       0 kB
20220313 033448.499 INFO             PET1 PIOc_sync Exit - MemInfo: [/proc/self/status]	VmRSSPercent: 0.0244438 %
20220313 033448.499 INFO             PET1 PIOc_sync Exit - MemInfo: [malloc] Non-mmapped space allocated:                22921216 Byte
20220313 033448.499 INFO             PET1 PIOc_sync Exit - MemInfo: [malloc] Space allocated in mmapped regions:          1581056 Byte
20220313 033448.499 INFO             PET1 PIOc_sync Exit - MemInfo: [malloc] Maximum total allocated space:                     0 Byte
20220313 033448.499 INFO             PET1 PIOc_sync Exit - MemInfo: [malloc] Space in freed fastbin blocks:                  1712 Byte
20220313 033448.499 INFO             PET1 PIOc_sync Exit - MemInfo: [malloc] Total allocated space:                      12279776 Byte
20220313 033448.499 INFO             PET1 PIOc_sync Exit - MemInfo: [malloc] Total free space:                           10641440 Byte
20220313 033448.499 INFO             PET1 PIOc_sync Exit - MemInfo: [malloc] Top-most, releasable space:                  8521776 Byte
20220313 033448.499 INFO             PET1 PIOc_sync Exit - MemInfo: [malloc] Total space in use, mmap + non-mmap:        13860832 Byte
20220313 033448.499 INFO             PET1 PIOc_sync Exit - MemInfo: [malloc] Total space held (mmap + non-mmap):         24502272 Byte
20220313 033448.500 INFO             PET1 PIOc_sync Exit - MemInfo: [malloc] Total space used (mmap + non-mmap):         13870176 Byte
20220313 033448.500 INFO             PET1 PIOc_sync Exit - MemInfo: Wall-clock time since execution start:               0.459514 seconds
20220313 033448.500 INFO             PET1 PIOc_freedecomp Enter - MemInfo: [/proc/meminfo - SSI]	MemTotal:       196434604 kB
20220313 033448.500 INFO             PET1 PIOc_freedecomp Enter - MemInfo: [/proc/meminfo - SSI]	MemFree:        184213356 kB
20220313 033448.500 INFO             PET1 PIOc_freedecomp Enter - MemInfo: [/proc/meminfo - SSI]	MemAvailable:   191752100 kB
20220313 033448.500 INFO             PET1 PIOc_freedecomp Enter - MemInfo: [/proc/meminfo - SSI]	Committed_AS:     768824 kB
20220313 033448.500 INFO             PET1 PIOc_freedecomp Enter - MemInfo: [/proc/meminfo - SSI]	CommittedPercent: 0.391389 %
20220313 033448.500 INFO             PET1 PIOc_freedecomp Enter - MemInfo: [/proc/self/status]	VmPeak:	  688672 kB
20220313 033448.500 INFO             PET1 PIOc_freedecomp Enter - MemInfo: [/proc/self/status]	VmSize:	  688672 kB
20220313 033448.500 INFO             PET1 PIOc_freedecomp Enter - MemInfo: [/proc/self/status]	VmLck:	       0 kB
20220313 033448.500 INFO             PET1 PIOc_freedecomp Enter - MemInfo: [/proc/self/status]	VmPin:	       0 kB
20220313 033448.500 INFO             PET1 PIOc_freedecomp Enter - MemInfo: [/proc/self/status]	VmHWM:	   71736 kB
20220313 033448.500 INFO             PET1 PIOc_freedecomp Enter - MemInfo: [/proc/self/status]	VmRSS:	   48016 kB
20220313 033448.500 INFO             PET1 PIOc_freedecomp Enter - MemInfo: [/proc/self/status]	VmData:	  205888 kB
20220313 033448.500 INFO             PET1 PIOc_freedecomp Enter - MemInfo: [/proc/self/status]	VmStk:	     144 kB
20220313 033448.500 INFO             PET1 PIOc_freedecomp Enter - MemInfo: [/proc/self/status]	VmExe:	     324 kB
20220313 033448.500 INFO             PET1 PIOc_freedecomp Enter - MemInfo: [/proc/self/status]	VmLib:	   83112 kB
20220313 033448.500 INFO             PET1 PIOc_freedecomp Enter - MemInfo: [/proc/self/status]	VmPTE:	    1000 kB
20220313 033448.500 INFO             PET1 PIOc_freedecomp Enter - MemInfo: [/proc/self/status]	VmSwap:	       0 kB
20220313 033448.500 INFO             PET1 PIOc_freedecomp Enter - MemInfo: [/proc/self/status]	VmRSSPercent: 0.0244438 %
20220313 033448.500 INFO             PET1 PIOc_freedecomp Enter - MemInfo: [malloc] Non-mmapped space allocated:                22921216 Byte
20220313 033448.500 INFO             PET1 PIOc_freedecomp Enter - MemInfo: [malloc] Space allocated in mmapped regions:          1581056 Byte
20220313 033448.500 INFO             PET1 PIOc_freedecomp Enter - MemInfo: [malloc] Maximum total allocated space:                     0 Byte
20220313 033448.500 INFO             PET1 PIOc_freedecomp Enter - MemInfo: [malloc] Space in freed fastbin blocks:                  2032 Byte
20220313 033448.500 INFO             PET1 PIOc_freedecomp Enter - MemInfo: [malloc] Total allocated space:                      12277808 Byte
20220313 033448.500 INFO             PET1 PIOc_freedecomp Enter - MemInfo: [malloc] Total free space:                           10643408 Byte
20220313 033448.500 INFO             PET1 PIOc_freedecomp Enter - MemInfo: [malloc] Top-most, releasable space:                  8521776 Byte
20220313 033448.500 INFO             PET1 PIOc_freedecomp Enter - MemInfo: [malloc] Total space in use, mmap + non-mmap:        13858864 Byte
20220313 033448.500 INFO             PET1 PIOc_freedecomp Enter - MemInfo: [malloc] Total space held (mmap + non-mmap):         24502272 Byte
20220313 033448.500 INFO             PET1 PIOc_freedecomp Enter - MemInfo: [malloc] Total space used (mmap + non-mmap):         13868208 Byte
20220313 033448.500 INFO             PET1 PIOc_freedecomp Enter - MemInfo: Wall-clock time since execution start:                0.46003 seconds
20220313 033448.500 INFO             PET1 PIOc_freedecomp Exit - MemInfo: [/proc/meminfo - SSI]	MemTotal:       196434604 kB
20220313 033448.500 INFO             PET1 PIOc_freedecomp Exit - MemInfo: [/proc/meminfo - SSI]	MemFree:        184213356 kB
20220313 033448.500 INFO             PET1 PIOc_freedecomp Exit - MemInfo: [/proc/meminfo - SSI]	MemAvailable:   191752100 kB
20220313 033448.500 INFO             PET1 PIOc_freedecomp Exit - MemInfo: [/proc/meminfo - SSI]	Committed_AS:     768824 kB
20220313 033448.500 INFO             PET1 PIOc_freedecomp Exit - MemInfo: [/proc/meminfo - SSI]	CommittedPercent: 0.391389 %
20220313 033448.500 INFO             PET1 PIOc_freedecomp Exit - MemInfo: [/proc/self/status]	VmPeak:	  688672 kB
20220313 033448.500 INFO             PET1 PIOc_freedecomp Exit - MemInfo: [/proc/self/status]	VmSize:	  688672 kB
20220313 033448.500 INFO             PET1 PIOc_freedecomp Exit - MemInfo: [/proc/self/status]	VmLck:	       0 kB
20220313 033448.500 INFO             PET1 PIOc_freedecomp Exit - MemInfo: [/proc/self/status]	VmPin:	       0 kB
20220313 033448.500 INFO             PET1 PIOc_freedecomp Exit - MemInfo: [/proc/self/status]	VmHWM:	   71736 kB
20220313 033448.500 INFO             PET1 PIOc_freedecomp Exit - MemInfo: [/proc/self/status]	VmRSS:	   48016 kB
20220313 033448.500 INFO             PET1 PIOc_freedecomp Exit - MemInfo: [/proc/self/status]	VmData:	  205888 kB
20220313 033448.500 INFO             PET1 PIOc_freedecomp Exit - MemInfo: [/proc/self/status]	VmStk:	     144 kB
20220313 033448.500 INFO             PET1 PIOc_freedecomp Exit - MemInfo: [/proc/self/status]	VmExe:	     324 kB
20220313 033448.500 INFO             PET1 PIOc_freedecomp Exit - MemInfo: [/proc/self/status]	VmLib:	   83112 kB
20220313 033448.500 INFO             PET1 PIOc_freedecomp Exit - MemInfo: [/proc/self/status]	VmPTE:	    1000 kB
20220313 033448.500 INFO             PET1 PIOc_freedecomp Exit - MemInfo: [/proc/self/status]	VmSwap:	       0 kB
20220313 033448.500 INFO             PET1 PIOc_freedecomp Exit - MemInfo: [/proc/self/status]	VmRSSPercent: 0.0244438 %
20220313 033448.500 INFO             PET1 PIOc_freedecomp Exit - MemInfo: [malloc] Non-mmapped space allocated:                22921216 Byte
20220313 033448.500 INFO             PET1 PIOc_freedecomp Exit - MemInfo: [malloc] Space allocated in mmapped regions:          1581056 Byte
20220313 033448.500 INFO             PET1 PIOc_freedecomp Exit - MemInfo: [malloc] Maximum total allocated space:                     0 Byte
20220313 033448.500 INFO             PET1 PIOc_freedecomp Exit - MemInfo: [malloc] Space in freed fastbin blocks:                  2128 Byte
20220313 033448.500 INFO             PET1 PIOc_freedecomp Exit - MemInfo: [malloc] Total allocated space:                      12274880 Byte
20220313 033448.500 INFO             PET1 PIOc_freedecomp Exit - MemInfo: [malloc] Total free space:                           10646336 Byte
20220313 033448.500 INFO             PET1 PIOc_freedecomp Exit - MemInfo: [malloc] Top-most, releasable space:                  8521776 Byte
20220313 033448.500 INFO             PET1 PIOc_freedecomp Exit - MemInfo: [malloc] Total space in use, mmap + non-mmap:        13855936 Byte
20220313 033448.500 INFO             PET1 PIOc_freedecomp Exit - MemInfo: [malloc] Total space held (mmap + non-mmap):         24502272 Byte
20220313 033448.500 INFO             PET1 PIOc_freedecomp Exit - MemInfo: [malloc] Total space used (mmap + non-mmap):         13865280 Byte
20220313 033448.500 INFO             PET1 PIOc_freedecomp Exit - MemInfo: Wall-clock time since execution start:               0.460391 seconds
20220313 033448.504 INFO             PET1  PASS  ESMF_FieldRegridStoreFromFile Unit Test, ESMF_FieldSMMFromFileUTest.F90, line 315
20220313 033448.504 INFO             PET1  Ending Test, file ESMF_FieldSMMFromFileUTest.F90, line 322
20220313 033448.504 INFO             PET1 Finalizing ESMF
20220313 033448.044 INFO             PET2 !!!!!!!!!!!!!!!!!!!!!!!!!!!!!!!!!!!!!!!!!!!!!!!!!!!!!!
20220313 033448.044 INFO             PET2 !!! THE ESMF_LOG IS SET TO OUTPUT ALL LOG MESSAGES !!!
20220313 033448.044 INFO             PET2 !!!     THIS MAY CAUSE SLOWDOWN IN PERFORMANCE     !!!
20220313 033448.044 INFO             PET2 !!! FOR PRODUCTION RUNS, USE:                      !!!
20220313 033448.044 INFO             PET2 !!!                   ESMF_LOGKIND_Multi_On_Error  !!!
20220313 033448.044 INFO             PET2 !!!!!!!!!!!!!!!!!!!!!!!!!!!!!!!!!!!!!!!!!!!!!!!!!!!!!!
20220313 033448.044 INFO             PET2 Running with ESMF Version   : v8.3.0b09-96-g559b459
20220313 033448.044 INFO             PET2 ESMF library build date/time: "Mar 13 2022" "03:20:48"
20220313 033448.044 INFO             PET2 ESMF library build location : /work/noaa/da/mpotts/sandbox/gfortran_8.3.0_openmpi_g_jedwards_pio_update2
20220313 033448.044 INFO             PET2 ESMF_COMM                   : openmpi
20220313 033448.044 INFO             PET2 ESMF_MOAB                   : enabled
20220313 033448.044 INFO             PET2 ESMF_LAPACK                 : enabled
20220313 033448.044 INFO             PET2 ESMF_NETCDF                 : enabled
20220313 033448.044 INFO             PET2 ESMF_PNETCDF                : disabled
20220313 033448.044 INFO             PET2 ESMF_PIO                    : enabled
20220313 033448.044 INFO             PET2 ESMF_YAMLCPP                : enabled
20220313 033448.044 INFO             PET2  Beginning Test, file ESMF_FieldSMMFromFileUTest.F90, line 287
20220313 033448.045 INFO             PET2  NUMBER_OF_PROCESSORS           4
20220313 033448.477 INFO             PET2  PASS  ESMF_FieldSMMFromFile Unit Test, ESMF_FieldSMMFromFileUTest.F90, line 300
20220313 033448.491 INFO             PET2 PIOc_sync Enter - MemInfo: [/proc/meminfo - SSI]	MemTotal:       196434604 kB
20220313 033448.491 INFO             PET2 PIOc_sync Enter - MemInfo: [/proc/meminfo - SSI]	MemFree:        184213356 kB
20220313 033448.491 INFO             PET2 PIOc_sync Enter - MemInfo: [/proc/meminfo - SSI]	MemAvailable:   191752100 kB
20220313 033448.491 INFO             PET2 PIOc_sync Enter - MemInfo: [/proc/meminfo - SSI]	Committed_AS:     768824 kB
20220313 033448.491 INFO             PET2 PIOc_sync Enter - MemInfo: [/proc/meminfo - SSI]	CommittedPercent: 0.391389 %
20220313 033448.491 INFO             PET2 PIOc_sync Enter - MemInfo: [/proc/self/status]	VmPeak:	  688680 kB
20220313 033448.491 INFO             PET2 PIOc_sync Enter - MemInfo: [/proc/self/status]	VmSize:	  688680 kB
20220313 033448.491 INFO             PET2 PIOc_sync Enter - MemInfo: [/proc/self/status]	VmLck:	       0 kB
20220313 033448.491 INFO             PET2 PIOc_sync Enter - MemInfo: [/proc/self/status]	VmPin:	       0 kB
20220313 033448.491 INFO             PET2 PIOc_sync Enter - MemInfo: [/proc/self/status]	VmHWM:	   71732 kB
20220313 033448.491 INFO             PET2 PIOc_sync Enter - MemInfo: [/proc/self/status]	VmRSS:	   47768 kB
20220313 033448.491 INFO             PET2 PIOc_sync Enter - MemInfo: [/proc/self/status]	VmData:	  205896 kB
20220313 033448.491 INFO             PET2 PIOc_sync Enter - MemInfo: [/proc/self/status]	VmStk:	     144 kB
20220313 033448.491 INFO             PET2 PIOc_sync Enter - MemInfo: [/proc/self/status]	VmExe:	     324 kB
20220313 033448.491 INFO             PET2 PIOc_sync Enter - MemInfo: [/proc/self/status]	VmLib:	   83112 kB
20220313 033448.491 INFO             PET2 PIOc_sync Enter - MemInfo: [/proc/self/status]	VmPTE:	     992 kB
20220313 033448.491 INFO             PET2 PIOc_sync Enter - MemInfo: [/proc/self/status]	VmSwap:	       0 kB
20220313 033448.491 INFO             PET2 PIOc_sync Enter - MemInfo: [/proc/self/status]	VmRSSPercent: 0.0243175 %
20220313 033448.491 INFO             PET2 PIOc_sync Enter - MemInfo: [malloc] Non-mmapped space allocated:                22929408 Byte
20220313 033448.491 INFO             PET2 PIOc_sync Enter - MemInfo: [malloc] Space allocated in mmapped regions:          1581056 Byte
20220313 033448.491 INFO             PET2 PIOc_sync Enter - MemInfo: [malloc] Maximum total allocated space:                     0 Byte
20220313 033448.491 INFO             PET2 PIOc_sync Enter - MemInfo: [malloc] Space in freed fastbin blocks:                  3008 Byte
20220313 033448.491 INFO             PET2 PIOc_sync Enter - MemInfo: [malloc] Total allocated space:                      12222960 Byte
20220313 033448.491 INFO             PET2 PIOc_sync Enter - MemInfo: [malloc] Total free space:                           10706448 Byte
20220313 033448.491 INFO             PET2 PIOc_sync Enter - MemInfo: [malloc] Top-most, releasable space:                  8521920 Byte
20220313 033448.491 INFO             PET2 PIOc_sync Enter - MemInfo: [malloc] Total space in use, mmap + non-mmap:        13804016 Byte
20220313 033448.491 INFO             PET2 PIOc_sync Enter - MemInfo: [malloc] Total space held (mmap + non-mmap):         24510464 Byte
20220313 033448.491 INFO             PET2 PIOc_sync Enter - MemInfo: [malloc] Total space used (mmap + non-mmap):         13813360 Byte
20220313 033448.491 INFO             PET2 PIOc_sync Enter - MemInfo: Wall-clock time since execution start:               0.456938 seconds
20220313 033448.492 INFO             PET2 PIOc_sync Exit - MemInfo: [/proc/meminfo - SSI]	MemTotal:       196434604 kB
20220313 033448.492 INFO             PET2 PIOc_sync Exit - MemInfo: [/proc/meminfo - SSI]	MemFree:        184213356 kB
20220313 033448.492 INFO             PET2 PIOc_sync Exit - MemInfo: [/proc/meminfo - SSI]	MemAvailable:   191752100 kB
20220313 033448.492 INFO             PET2 PIOc_sync Exit - MemInfo: [/proc/meminfo - SSI]	Committed_AS:     768824 kB
20220313 033448.492 INFO             PET2 PIOc_sync Exit - MemInfo: [/proc/meminfo - SSI]	CommittedPercent: 0.391389 %
20220313 033448.492 INFO             PET2 PIOc_sync Exit - MemInfo: [/proc/self/status]	VmPeak:	  688680 kB
20220313 033448.492 INFO             PET2 PIOc_sync Exit - MemInfo: [/proc/self/status]	VmSize:	  688680 kB
20220313 033448.492 INFO             PET2 PIOc_sync Exit - MemInfo: [/proc/self/status]	VmLck:	       0 kB
20220313 033448.492 INFO             PET2 PIOc_sync Exit - MemInfo: [/proc/self/status]	VmPin:	       0 kB
20220313 033448.492 INFO             PET2 PIOc_sync Exit - MemInfo: [/proc/self/status]	VmHWM:	   71732 kB
20220313 033448.492 INFO             PET2 PIOc_sync Exit - MemInfo: [/proc/self/status]	VmRSS:	   47832 kB
20220313 033448.492 INFO             PET2 PIOc_sync Exit - MemInfo: [/proc/self/status]	VmData:	  205896 kB
20220313 033448.492 INFO             PET2 PIOc_sync Exit - MemInfo: [/proc/self/status]	VmStk:	     144 kB
20220313 033448.492 INFO             PET2 PIOc_sync Exit - MemInfo: [/proc/self/status]	VmExe:	     324 kB
20220313 033448.492 INFO             PET2 PIOc_sync Exit - MemInfo: [/proc/self/status]	VmLib:	   83112 kB
20220313 033448.492 INFO             PET2 PIOc_sync Exit - MemInfo: [/proc/self/status]	VmPTE:	     992 kB
20220313 033448.492 INFO             PET2 PIOc_sync Exit - MemInfo: [/proc/self/status]	VmSwap:	       0 kB
20220313 033448.492 INFO             PET2 PIOc_sync Exit - MemInfo: [/proc/self/status]	VmRSSPercent: 0.0243501 %
20220313 033448.492 INFO             PET2 PIOc_sync Exit - MemInfo: [malloc] Non-mmapped space allocated:                22929408 Byte
20220313 033448.492 INFO             PET2 PIOc_sync Exit - MemInfo: [malloc] Space allocated in mmapped regions:          1581056 Byte
20220313 033448.492 INFO             PET2 PIOc_sync Exit - MemInfo: [malloc] Maximum total allocated space:                     0 Byte
20220313 033448.492 INFO             PET2 PIOc_sync Exit - MemInfo: [malloc] Space in freed fastbin blocks:                  1584 Byte
20220313 033448.492 INFO             PET2 PIOc_sync Exit - MemInfo: [malloc] Total allocated space:                      12222384 Byte
20220313 033448.492 INFO             PET2 PIOc_sync Exit - MemInfo: [malloc] Total free space:                           10707024 Byte
20220313 033448.492 INFO             PET2 PIOc_sync Exit - MemInfo: [malloc] Top-most, releasable space:                  8521920 Byte
20220313 033448.492 INFO             PET2 PIOc_sync Exit - MemInfo: [malloc] Total space in use, mmap + non-mmap:        13803440 Byte
20220313 033448.492 INFO             PET2 PIOc_sync Exit - MemInfo: [malloc] Total space held (mmap + non-mmap):         24510464 Byte
20220313 033448.492 INFO             PET2 PIOc_sync Exit - MemInfo: [malloc] Total space used (mmap + non-mmap):         13812784 Byte
20220313 033448.492 INFO             PET2 PIOc_sync Exit - MemInfo: Wall-clock time since execution start:               0.457427 seconds
20220313 033448.492 INFO             PET2 PIOc_freedecomp Enter - MemInfo: [/proc/meminfo - SSI]	MemTotal:       196434604 kB
20220313 033448.492 INFO             PET2 PIOc_freedecomp Enter - MemInfo: [/proc/meminfo - SSI]	MemFree:        184213356 kB
20220313 033448.492 INFO             PET2 PIOc_freedecomp Enter - MemInfo: [/proc/meminfo - SSI]	MemAvailable:   191752100 kB
20220313 033448.492 INFO             PET2 PIOc_freedecomp Enter - MemInfo: [/proc/meminfo - SSI]	Committed_AS:     768824 kB
20220313 033448.492 INFO             PET2 PIOc_freedecomp Enter - MemInfo: [/proc/meminfo - SSI]	CommittedPercent: 0.391389 %
20220313 033448.492 INFO             PET2 PIOc_freedecomp Enter - MemInfo: [/proc/self/status]	VmPeak:	  688680 kB
20220313 033448.492 INFO             PET2 PIOc_freedecomp Enter - MemInfo: [/proc/self/status]	VmSize:	  688680 kB
20220313 033448.492 INFO             PET2 PIOc_freedecomp Enter - MemInfo: [/proc/self/status]	VmLck:	       0 kB
