build time -- 2022-03-12 04:20:58
20220312 054246.289 INFO             PET0 !!!!!!!!!!!!!!!!!!!!!!!!!!!!!!!!!!!!!!!!!!!!!!!!!!!!!!
20220312 054246.289 INFO             PET0 !!! THE ESMF_LOG IS SET TO OUTPUT ALL LOG MESSAGES !!!
20220312 054246.289 INFO             PET0 !!!     THIS MAY CAUSE SLOWDOWN IN PERFORMANCE     !!!
20220312 054246.289 INFO             PET0 !!! FOR PRODUCTION RUNS, USE:                      !!!
20220312 054246.289 INFO             PET0 !!!                   ESMF_LOGKIND_Multi_On_Error  !!!
20220312 054246.289 INFO             PET0 !!!!!!!!!!!!!!!!!!!!!!!!!!!!!!!!!!!!!!!!!!!!!!!!!!!!!!
20220312 054246.289 INFO             PET0 Running with ESMF Version   : v8.3.0b09-96-g559b459
20220312 054246.289 INFO             PET0 ESMF library build date/time: "Mar 12 2022" "04:14:42"
20220312 054246.289 INFO             PET0 ESMF library build location : /work/noaa/da/mpotts/sandbox/gfortran_8.3.0_openmpi_g_jedwards_pio_update2
20220312 054246.289 INFO             PET0 ESMF_COMM                   : openmpi
20220312 054246.290 INFO             PET0 ESMF_MOAB                   : enabled
20220312 054246.290 INFO             PET0 ESMF_LAPACK                 : enabled
20220312 054246.290 INFO             PET0 ESMF_NETCDF                 : enabled
20220312 054246.290 INFO             PET0 ESMF_PNETCDF                : disabled
20220312 054246.290 INFO             PET0 ESMF_PIO                    : enabled
20220312 054246.290 INFO             PET0 ESMF_YAMLCPP                : enabled
20220312 054246.290 INFO             PET0  Beginning Test, file ESMF_FieldSMMFromFileUTest.F90, line 287
20220312 054246.290 INFO             PET0  NUMBER_OF_PROCESSORS           4
20220312 054246.726 INFO             PET0  PASS  ESMF_FieldSMMFromFile Unit Test, ESMF_FieldSMMFromFileUTest.F90, line 300
20220312 054246.737 INFO             PET0 PIOc_sync Enter - MemInfo: [/proc/meminfo - SSI]	MemTotal:       196442820 kB
20220312 054246.737 INFO             PET0 PIOc_sync Enter - MemInfo: [/proc/meminfo - SSI]	MemFree:        186806220 kB
20220312 054246.737 INFO             PET0 PIOc_sync Enter - MemInfo: [/proc/meminfo - SSI]	MemAvailable:   191640008 kB
20220312 054246.737 INFO             PET0 PIOc_sync Enter - MemInfo: [/proc/meminfo - SSI]	Committed_AS:     748280 kB
20220312 054246.737 INFO             PET0 PIOc_sync Enter - MemInfo: [/proc/meminfo - SSI]	CommittedPercent: 0.380915 %
20220312 054246.737 INFO             PET0 PIOc_sync Enter - MemInfo: [/proc/self/status]	VmPeak:	  712992 kB
20220312 054246.737 INFO             PET0 PIOc_sync Enter - MemInfo: [/proc/self/status]	VmSize:	  712992 kB
20220312 054246.737 INFO             PET0 PIOc_sync Enter - MemInfo: [/proc/self/status]	VmLck:	       0 kB
20220312 054246.737 INFO             PET0 PIOc_sync Enter - MemInfo: [/proc/self/status]	VmPin:	       0 kB
20220312 054246.737 INFO             PET0 PIOc_sync Enter - MemInfo: [/proc/self/status]	VmHWM:	   71732 kB
20220312 054246.737 INFO             PET0 PIOc_sync Enter - MemInfo: [/proc/self/status]	VmRSS:	   68304 kB
20220312 054246.737 INFO             PET0 PIOc_sync Enter - MemInfo: [/proc/self/status]	VmData:	  230208 kB
20220312 054246.737 INFO             PET0 PIOc_sync Enter - MemInfo: [/proc/self/status]	VmStk:	     144 kB
20220312 054246.737 INFO             PET0 PIOc_sync Enter - MemInfo: [/proc/self/status]	VmExe:	     324 kB
20220312 054246.737 INFO             PET0 PIOc_sync Enter - MemInfo: [/proc/self/status]	VmLib:	   83112 kB
20220312 054246.737 INFO             PET0 PIOc_sync Enter - MemInfo: [/proc/self/status]	VmPTE:	    1032 kB
20220312 054246.737 INFO             PET0 PIOc_sync Enter - MemInfo: [/proc/self/status]	VmSwap:	       0 kB
20220312 054246.737 INFO             PET0 PIOc_sync Enter - MemInfo: [/proc/self/status]	VmRSSPercent: 0.0347704 %
20220312 054246.737 INFO             PET0 PIOc_sync Enter - MemInfo: [malloc] Non-mmapped space allocated:                47824896 Byte
20220312 054246.737 INFO             PET0 PIOc_sync Enter - MemInfo: [malloc] Space allocated in mmapped regions:          1581056 Byte
20220312 054246.737 INFO             PET0 PIOc_sync Enter - MemInfo: [malloc] Maximum total allocated space:                     0 Byte
20220312 054246.738 INFO             PET0 PIOc_sync Enter - MemInfo: [malloc] Space in freed fastbin blocks:                  1232 Byte
20220312 054246.738 INFO             PET0 PIOc_sync Enter - MemInfo: [malloc] Total allocated space:                      37398192 Byte
20220312 054246.738 INFO             PET0 PIOc_sync Enter - MemInfo: [malloc] Total free space:                           10426704 Byte
20220312 054246.738 INFO             PET0 PIOc_sync Enter - MemInfo: [malloc] Top-most, releasable space:                  8522800 Byte
20220312 054246.738 INFO             PET0 PIOc_sync Enter - MemInfo: [malloc] Total space in use, mmap + non-mmap:        38979248 Byte
20220312 054246.738 INFO             PET0 PIOc_sync Enter - MemInfo: [malloc] Total space held (mmap + non-mmap):         49405952 Byte
20220312 054246.738 INFO             PET0 PIOc_sync Enter - MemInfo: [malloc] Total space used (mmap + non-mmap):         38988592 Byte
20220312 054246.738 INFO             PET0 PIOc_sync Enter - MemInfo: Wall-clock time since execution start:               0.453461 seconds
20220312 054246.738 INFO             PET0 PIOc_sync Exit - MemInfo: [/proc/meminfo - SSI]	MemTotal:       196442820 kB
20220312 054246.738 INFO             PET0 PIOc_sync Exit - MemInfo: [/proc/meminfo - SSI]	MemFree:        186806220 kB
20220312 054246.738 INFO             PET0 PIOc_sync Exit - MemInfo: [/proc/meminfo - SSI]	MemAvailable:   191640008 kB
20220312 054246.738 INFO             PET0 PIOc_sync Exit - MemInfo: [/proc/meminfo - SSI]	Committed_AS:     748280 kB
20220312 054246.738 INFO             PET0 PIOc_sync Exit - MemInfo: [/proc/meminfo - SSI]	CommittedPercent: 0.380915 %
20220312 054246.738 INFO             PET0 PIOc_sync Exit - MemInfo: [/proc/self/status]	VmPeak:	  712992 kB
20220312 054246.738 INFO             PET0 PIOc_sync Exit - MemInfo: [/proc/self/status]	VmSize:	  712992 kB
20220312 054246.738 INFO             PET0 PIOc_sync Exit - MemInfo: [/proc/self/status]	VmLck:	       0 kB
20220312 054246.739 INFO             PET0 PIOc_sync Exit - MemInfo: [/proc/self/status]	VmPin:	       0 kB
20220312 054246.739 INFO             PET0 PIOc_sync Exit - MemInfo: [/proc/self/status]	VmHWM:	   71732 kB
20220312 054246.739 INFO             PET0 PIOc_sync Exit - MemInfo: [/proc/self/status]	VmRSS:	   68360 kB
20220312 054246.739 INFO             PET0 PIOc_sync Exit - MemInfo: [/proc/self/status]	VmData:	  230208 kB
20220312 054246.739 INFO             PET0 PIOc_sync Exit - MemInfo: [/proc/self/status]	VmStk:	     144 kB
20220312 054246.739 INFO             PET0 PIOc_sync Exit - MemInfo: [/proc/self/status]	VmExe:	     324 kB
20220312 054246.739 INFO             PET0 PIOc_sync Exit - MemInfo: [/proc/self/status]	VmLib:	   83112 kB
20220312 054246.739 INFO             PET0 PIOc_sync Exit - MemInfo: [/proc/self/status]	VmPTE:	    1032 kB
20220312 054246.739 INFO             PET0 PIOc_sync Exit - MemInfo: [/proc/self/status]	VmSwap:	       0 kB
20220312 054246.739 INFO             PET0 PIOc_sync Exit - MemInfo: [/proc/self/status]	VmRSSPercent: 0.0347989 %
20220312 054246.739 INFO             PET0 PIOc_sync Exit - MemInfo: [malloc] Non-mmapped space allocated:                47824896 Byte
20220312 054246.739 INFO             PET0 PIOc_sync Exit - MemInfo: [malloc] Space allocated in mmapped regions:          1581056 Byte
20220312 054246.739 INFO             PET0 PIOc_sync Exit - MemInfo: [malloc] Maximum total allocated space:                     0 Byte
20220312 054246.739 INFO             PET0 PIOc_sync Exit - MemInfo: [malloc] Space in freed fastbin blocks:                  1600 Byte
20220312 054246.739 INFO             PET0 PIOc_sync Exit - MemInfo: [malloc] Total allocated space:                      37400528 Byte
20220312 054246.739 INFO             PET0 PIOc_sync Exit - MemInfo: [malloc] Total free space:                           10424368 Byte
20220312 054246.739 INFO             PET0 PIOc_sync Exit - MemInfo: [malloc] Top-most, releasable space:                  8522800 Byte
20220312 054246.739 INFO             PET0 PIOc_sync Exit - MemInfo: [malloc] Total space in use, mmap + non-mmap:        38981584 Byte
20220312 054246.739 INFO             PET0 PIOc_sync Exit - MemInfo: [malloc] Total space held (mmap + non-mmap):         49405952 Byte
20220312 054246.739 INFO             PET0 PIOc_sync Exit - MemInfo: [malloc] Total space used (mmap + non-mmap):         38990928 Byte
20220312 054246.739 INFO             PET0 PIOc_sync Exit - MemInfo: Wall-clock time since execution start:               0.454564 seconds
20220312 054246.739 INFO             PET0 PIOc_freedecomp Enter - MemInfo: [/proc/meminfo - SSI]	MemTotal:       196442820 kB
20220312 054246.739 INFO             PET0 PIOc_freedecomp Enter - MemInfo: [/proc/meminfo - SSI]	MemFree:        186806220 kB
20220312 054246.739 INFO             PET0 PIOc_freedecomp Enter - MemInfo: [/proc/meminfo - SSI]	MemAvailable:   191640008 kB
20220312 054246.739 INFO             PET0 PIOc_freedecomp Enter - MemInfo: [/proc/meminfo - SSI]	Committed_AS:     748280 kB
20220312 054246.739 INFO             PET0 PIOc_freedecomp Enter - MemInfo: [/proc/meminfo - SSI]	CommittedPercent: 0.380915 %
20220312 054246.739 INFO             PET0 PIOc_freedecomp Enter - MemInfo: [/proc/self/status]	VmPeak:	  712992 kB
20220312 054246.739 INFO             PET0 PIOc_freedecomp Enter - MemInfo: [/proc/self/status]	VmSize:	  712992 kB
20220312 054246.739 INFO             PET0 PIOc_freedecomp Enter - MemInfo: [/proc/self/status]	VmLck:	       0 kB
20220312 054246.739 INFO             PET0 PIOc_freedecomp Enter - MemInfo: [/proc/self/status]	VmPin:	       0 kB
20220312 054246.739 INFO             PET0 PIOc_freedecomp Enter - MemInfo: [/proc/self/status]	VmHWM:	   71732 kB
20220312 054246.739 INFO             PET0 PIOc_freedecomp Enter - MemInfo: [/proc/self/status]	VmRSS:	   68360 kB
20220312 054246.739 INFO             PET0 PIOc_freedecomp Enter - MemInfo: [/proc/self/status]	VmData:	  230208 kB
20220312 054246.739 INFO             PET0 PIOc_freedecomp Enter - MemInfo: [/proc/self/status]	VmStk:	     144 kB
20220312 054246.739 INFO             PET0 PIOc_freedecomp Enter - MemInfo: [/proc/self/status]	VmExe:	     324 kB
20220312 054246.739 INFO             PET0 PIOc_freedecomp Enter - MemInfo: [/proc/self/status]	VmLib:	   83112 kB
20220312 054246.739 INFO             PET0 PIOc_freedecomp Enter - MemInfo: [/proc/self/status]	VmPTE:	    1032 kB
20220312 054246.739 INFO             PET0 PIOc_freedecomp Enter - MemInfo: [/proc/self/status]	VmSwap:	       0 kB
20220312 054246.739 INFO             PET0 PIOc_freedecomp Enter - MemInfo: [/proc/self/status]	VmRSSPercent: 0.0347989 %
20220312 054246.739 INFO             PET0 PIOc_freedecomp Enter - MemInfo: [malloc] Non-mmapped space allocated:                47824896 Byte
20220312 054246.739 INFO             PET0 PIOc_freedecomp Enter - MemInfo: [malloc] Space allocated in mmapped regions:          1581056 Byte
20220312 054246.739 INFO             PET0 PIOc_freedecomp Enter - MemInfo: [malloc] Maximum total allocated space:                     0 Byte
20220312 054246.739 INFO             PET0 PIOc_freedecomp Enter - MemInfo: [malloc] Space in freed fastbin blocks:                  1776 Byte
20220312 054246.739 INFO             PET0 PIOc_freedecomp Enter - MemInfo: [malloc] Total allocated space:                      28998768 Byte
20220312 054246.739 INFO             PET0 PIOc_freedecomp Enter - MemInfo: [malloc] Total free space:                           18826128 Byte
20220312 054246.739 INFO             PET0 PIOc_freedecomp Enter - MemInfo: [malloc] Top-most, releasable space:                  8522800 Byte
20220312 054246.739 INFO             PET0 PIOc_freedecomp Enter - MemInfo: [malloc] Total space in use, mmap + non-mmap:        30579824 Byte
20220312 054246.739 INFO             PET0 PIOc_freedecomp Enter - MemInfo: [malloc] Total space held (mmap + non-mmap):         49405952 Byte
20220312 054246.739 INFO             PET0 PIOc_freedecomp Enter - MemInfo: [malloc] Total space used (mmap + non-mmap):         30589168 Byte
20220312 054246.739 INFO             PET0 PIOc_freedecomp Enter - MemInfo: Wall-clock time since execution start:                0.45529 seconds
20220312 054246.740 INFO             PET0 PIOc_freedecomp Exit - MemInfo: [/proc/meminfo - SSI]	MemTotal:       196442820 kB
20220312 054246.740 INFO             PET0 PIOc_freedecomp Exit - MemInfo: [/proc/meminfo - SSI]	MemFree:        186806220 kB
20220312 054246.740 INFO             PET0 PIOc_freedecomp Exit - MemInfo: [/proc/meminfo - SSI]	MemAvailable:   191640008 kB
20220312 054246.740 INFO             PET0 PIOc_freedecomp Exit - MemInfo: [/proc/meminfo - SSI]	Committed_AS:     748280 kB
20220312 054246.740 INFO             PET0 PIOc_freedecomp Exit - MemInfo: [/proc/meminfo - SSI]	CommittedPercent: 0.380915 %
20220312 054246.740 INFO             PET0 PIOc_freedecomp Exit - MemInfo: [/proc/self/status]	VmPeak:	  712992 kB
20220312 054246.740 INFO             PET0 PIOc_freedecomp Exit - MemInfo: [/proc/self/status]	VmSize:	  712992 kB
20220312 054246.740 INFO             PET0 PIOc_freedecomp Exit - MemInfo: [/proc/self/status]	VmLck:	       0 kB
20220312 054246.740 INFO             PET0 PIOc_freedecomp Exit - MemInfo: [/proc/self/status]	VmPin:	       0 kB
20220312 054246.740 INFO             PET0 PIOc_freedecomp Exit - MemInfo: [/proc/self/status]	VmHWM:	   71732 kB
20220312 054246.740 INFO             PET0 PIOc_freedecomp Exit - MemInfo: [/proc/self/status]	VmRSS:	   68364 kB
20220312 054246.740 INFO             PET0 PIOc_freedecomp Exit - MemInfo: [/proc/self/status]	VmData:	  230208 kB
20220312 054246.740 INFO             PET0 PIOc_freedecomp Exit - MemInfo: [/proc/self/status]	VmStk:	     144 kB
20220312 054246.740 INFO             PET0 PIOc_freedecomp Exit - MemInfo: [/proc/self/status]	VmExe:	     324 kB
20220312 054246.740 INFO             PET0 PIOc_freedecomp Exit - MemInfo: [/proc/self/status]	VmLib:	   83112 kB
20220312 054246.740 INFO             PET0 PIOc_freedecomp Exit - MemInfo: [/proc/self/status]	VmPTE:	    1032 kB
20220312 054246.740 INFO             PET0 PIOc_freedecomp Exit - MemInfo: [/proc/self/status]	VmSwap:	       0 kB
20220312 054246.740 INFO             PET0 PIOc_freedecomp Exit - MemInfo: [/proc/self/status]	VmRSSPercent: 0.034801 %
20220312 054246.740 INFO             PET0 PIOc_freedecomp Exit - MemInfo: [malloc] Non-mmapped space allocated:                47824896 Byte
20220312 054246.740 INFO             PET0 PIOc_freedecomp Exit - MemInfo: [malloc] Space allocated in mmapped regions:          1581056 Byte
20220312 054246.740 INFO             PET0 PIOc_freedecomp Exit - MemInfo: [malloc] Maximum total allocated space:                     0 Byte
20220312 054246.740 INFO             PET0 PIOc_freedecomp Exit - MemInfo: [malloc] Space in freed fastbin blocks:                  2752 Byte
20220312 054246.740 INFO             PET0 PIOc_freedecomp Exit - MemInfo: [malloc] Total allocated space:                      28991040 Byte
20220312 054246.740 INFO             PET0 PIOc_freedecomp Exit - MemInfo: [malloc] Total free space:                           18833856 Byte
20220312 054246.740 INFO             PET0 PIOc_freedecomp Exit - MemInfo: [malloc] Top-most, releasable space:                  8522800 Byte
20220312 054246.740 INFO             PET0 PIOc_freedecomp Exit - MemInfo: [malloc] Total space in use, mmap + non-mmap:        30572096 Byte
20220312 054246.740 INFO             PET0 PIOc_freedecomp Exit - MemInfo: [malloc] Total space held (mmap + non-mmap):         49405952 Byte
20220312 054246.740 INFO             PET0 PIOc_freedecomp Exit - MemInfo: [malloc] Total space used (mmap + non-mmap):         30581440 Byte
20220312 054246.740 INFO             PET0 PIOc_freedecomp Exit - MemInfo: Wall-clock time since execution start:               0.455644 seconds
20220312 054246.742 INFO             PET0 PIOc_sync Enter - MemInfo: [/proc/meminfo - SSI]	MemTotal:       196442820 kB
20220312 054246.742 INFO             PET0 PIOc_sync Enter - MemInfo: [/proc/meminfo - SSI]	MemFree:        186806220 kB
20220312 054246.742 INFO             PET0 PIOc_sync Enter - MemInfo: [/proc/meminfo - SSI]	MemAvailable:   191640008 kB
20220312 054246.742 INFO             PET0 PIOc_sync Enter - MemInfo: [/proc/meminfo - SSI]	Committed_AS:     748280 kB
20220312 054246.742 INFO             PET0 PIOc_sync Enter - MemInfo: [/proc/meminfo - SSI]	CommittedPercent: 0.380915 %
20220312 054246.742 INFO             PET0 PIOc_sync Enter - MemInfo: [/proc/self/status]	VmPeak:	  712996 kB
20220312 054246.742 INFO             PET0 PIOc_sync Enter - MemInfo: [/proc/self/status]	VmSize:	  712992 kB
20220312 054246.742 INFO             PET0 PIOc_sync Enter - MemInfo: [/proc/self/status]	VmLck:	       0 kB
20220312 054246.742 INFO             PET0 PIOc_sync Enter - MemInfo: [/proc/self/status]	VmPin:	       0 kB
20220312 054246.742 INFO             PET0 PIOc_sync Enter - MemInfo: [/proc/self/status]	VmHWM:	   71732 kB
20220312 054246.742 INFO             PET0 PIOc_sync Enter - MemInfo: [/proc/self/status]	VmRSS:	   68368 kB
20220312 054246.742 INFO             PET0 PIOc_sync Enter - MemInfo: [/proc/self/status]	VmData:	  230208 kB
20220312 054246.742 INFO             PET0 PIOc_sync Enter - MemInfo: [/proc/self/status]	VmStk:	     144 kB
20220312 054246.742 INFO             PET0 PIOc_sync Enter - MemInfo: [/proc/self/status]	VmExe:	     324 kB
20220312 054246.742 INFO             PET0 PIOc_sync Enter - MemInfo: [/proc/self/status]	VmLib:	   83112 kB
20220312 054246.742 INFO             PET0 PIOc_sync Enter - MemInfo: [/proc/self/status]	VmPTE:	    1032 kB
20220312 054246.742 INFO             PET0 PIOc_sync Enter - MemInfo: [/proc/self/status]	VmSwap:	       0 kB
20220312 054246.742 INFO             PET0 PIOc_sync Enter - MemInfo: [/proc/self/status]	VmRSSPercent: 0.034803 %
20220312 054246.742 INFO             PET0 PIOc_sync Enter - MemInfo: [malloc] Non-mmapped space allocated:                47824896 Byte
20220312 054246.742 INFO             PET0 PIOc_sync Enter - MemInfo: [malloc] Space allocated in mmapped regions:          1581056 Byte
20220312 054246.742 INFO             PET0 PIOc_sync Enter - MemInfo: [malloc] Maximum total allocated space:                     0 Byte
20220312 054246.742 INFO             PET0 PIOc_sync Enter - MemInfo: [malloc] Space in freed fastbin blocks:                  1424 Byte
20220312 054246.742 INFO             PET0 PIOc_sync Enter - MemInfo: [malloc] Total allocated space:                      37398432 Byte
20220312 054246.742 INFO             PET0 PIOc_sync Enter - MemInfo: [malloc] Total free space:                           10426464 Byte
20220312 054246.742 INFO             PET0 PIOc_sync Enter - MemInfo: [malloc] Top-most, releasable space:                  8522800 Byte
20220312 054246.742 INFO             PET0 PIOc_sync Enter - MemInfo: [malloc] Total space in use, mmap + non-mmap:        38979488 Byte
20220312 054246.742 INFO             PET0 PIOc_sync Enter - MemInfo: [malloc] Total space held (mmap + non-mmap):         49405952 Byte
20220312 054246.742 INFO             PET0 PIOc_sync Enter - MemInfo: [malloc] Total space used (mmap + non-mmap):         38988832 Byte
20220312 054246.742 INFO             PET0 PIOc_sync Enter - MemInfo: Wall-clock time since execution start:               0.457746 seconds
20220312 054246.742 INFO             PET0 PIOc_sync Exit - MemInfo: [/proc/meminfo - SSI]	MemTotal:       196442820 kB
20220312 054246.742 INFO             PET0 PIOc_sync Exit - MemInfo: [/proc/meminfo - SSI]	MemFree:        186806220 kB
20220312 054246.742 INFO             PET0 PIOc_sync Exit - MemInfo: [/proc/meminfo - SSI]	MemAvailable:   191640008 kB
20220312 054246.742 INFO             PET0 PIOc_sync Exit - MemInfo: [/proc/meminfo - SSI]	Committed_AS:     748280 kB
20220312 054246.742 INFO             PET0 PIOc_sync Exit - MemInfo: [/proc/meminfo - SSI]	CommittedPercent: 0.380915 %
20220312 054246.742 INFO             PET0 PIOc_sync Exit - MemInfo: [/proc/self/status]	VmPeak:	  712996 kB
20220312 054246.742 INFO             PET0 PIOc_sync Exit - MemInfo: [/proc/self/status]	VmSize:	  712992 kB
20220312 054246.742 INFO             PET0 PIOc_sync Exit - MemInfo: [/proc/self/status]	VmLck:	       0 kB
20220312 054246.742 INFO             PET0 PIOc_sync Exit - MemInfo: [/proc/self/status]	VmPin:	       0 kB
20220312 054246.742 INFO             PET0 PIOc_sync Exit - MemInfo: [/proc/self/status]	VmHWM:	   71732 kB
20220312 054246.742 INFO             PET0 PIOc_sync Exit - MemInfo: [/proc/self/status]	VmRSS:	   68368 kB
20220312 054246.742 INFO             PET0 PIOc_sync Exit - MemInfo: [/proc/self/status]	VmData:	  230208 kB
20220312 054246.742 INFO             PET0 PIOc_sync Exit - MemInfo: [/proc/self/status]	VmStk:	     144 kB
20220312 054246.742 INFO             PET0 PIOc_sync Exit - MemInfo: [/proc/self/status]	VmExe:	     324 kB
20220312 054246.742 INFO             PET0 PIOc_sync Exit - MemInfo: [/proc/self/status]	VmLib:	   83112 kB
20220312 054246.742 INFO             PET0 PIOc_sync Exit - MemInfo: [/proc/self/status]	VmPTE:	    1032 kB
20220312 054246.742 INFO             PET0 PIOc_sync Exit - MemInfo: [/proc/self/status]	VmSwap:	       0 kB
20220312 054246.742 INFO             PET0 PIOc_sync Exit - MemInfo: [/proc/self/status]	VmRSSPercent: 0.034803 %
20220312 054246.742 INFO             PET0 PIOc_sync Exit - MemInfo: [malloc] Non-mmapped space allocated:                47824896 Byte
20220312 054246.742 INFO             PET0 PIOc_sync Exit - MemInfo: [malloc] Space allocated in mmapped regions:          1581056 Byte
20220312 054246.742 INFO             PET0 PIOc_sync Exit - MemInfo: [malloc] Maximum total allocated space:                     0 Byte
20220312 054246.742 INFO             PET0 PIOc_sync Exit - MemInfo: [malloc] Space in freed fastbin blocks:                  1600 Byte
20220312 054246.742 INFO             PET0 PIOc_sync Exit - MemInfo: [malloc] Total allocated space:                      37401024 Byte
20220312 054246.742 INFO             PET0 PIOc_sync Exit - MemInfo: [malloc] Total free space:                           10423872 Byte
20220312 054246.742 INFO             PET0 PIOc_sync Exit - MemInfo: [malloc] Top-most, releasable space:                  8522800 Byte
20220312 054246.742 INFO             PET0 PIOc_sync Exit - MemInfo: [malloc] Total space in use, mmap + non-mmap:        38982080 Byte
20220312 054246.742 INFO             PET0 PIOc_sync Exit - MemInfo: [malloc] Total space held (mmap + non-mmap):         49405952 Byte
20220312 054246.742 INFO             PET0 PIOc_sync Exit - MemInfo: [malloc] Total space used (mmap + non-mmap):         38991424 Byte
20220312 054246.742 INFO             PET0 PIOc_sync Exit - MemInfo: Wall-clock time since execution start:               0.458255 seconds
20220312 054246.743 INFO             PET0 PIOc_freedecomp Enter - MemInfo: [/proc/meminfo - SSI]	MemTotal:       196442820 kB
20220312 054246.743 INFO             PET0 PIOc_freedecomp Enter - MemInfo: [/proc/meminfo - SSI]	MemFree:        186806220 kB
20220312 054246.743 INFO             PET0 PIOc_freedecomp Enter - MemInfo: [/proc/meminfo - SSI]	MemAvailable:   191640008 kB
20220312 054246.743 INFO             PET0 PIOc_freedecomp Enter - MemInfo: [/proc/meminfo - SSI]	Committed_AS:     748280 kB
20220312 054246.743 INFO             PET0 PIOc_freedecomp Enter - MemInfo: [/proc/meminfo - SSI]	CommittedPercent: 0.380915 %
20220312 054246.743 INFO             PET0 PIOc_freedecomp Enter - MemInfo: [/proc/self/status]	VmPeak:	  712996 kB
20220312 054246.743 INFO             PET0 PIOc_freedecomp Enter - MemInfo: [/proc/self/status]	VmSize:	  712992 kB
20220312 054246.743 INFO             PET0 PIOc_freedecomp Enter - MemInfo: [/proc/self/status]	VmLck:	       0 kB
20220312 054246.743 INFO             PET0 PIOc_freedecomp Enter - MemInfo: [/proc/self/status]	VmPin:	       0 kB
20220312 054246.743 INFO             PET0 PIOc_freedecomp Enter - MemInfo: [/proc/self/status]	VmHWM:	   71732 kB
20220312 054246.743 INFO             PET0 PIOc_freedecomp Enter - MemInfo: [/proc/self/status]	VmRSS:	   68368 kB
20220312 054246.743 INFO             PET0 PIOc_freedecomp Enter - MemInfo: [/proc/self/status]	VmData:	  230208 kB
20220312 054246.743 INFO             PET0 PIOc_freedecomp Enter - MemInfo: [/proc/self/status]	VmStk:	     144 kB
20220312 054246.743 INFO             PET0 PIOc_freedecomp Enter - MemInfo: [/proc/self/status]	VmExe:	     324 kB
20220312 054246.743 INFO             PET0 PIOc_freedecomp Enter - MemInfo: [/proc/self/status]	VmLib:	   83112 kB
20220312 054246.743 INFO             PET0 PIOc_freedecomp Enter - MemInfo: [/proc/self/status]	VmPTE:	    1032 kB
20220312 054246.743 INFO             PET0 PIOc_freedecomp Enter - MemInfo: [/proc/self/status]	VmSwap:	       0 kB
20220312 054246.743 INFO             PET0 PIOc_freedecomp Enter - MemInfo: [/proc/self/status]	VmRSSPercent: 0.034803 %
20220312 054246.743 INFO             PET0 PIOc_freedecomp Enter - MemInfo: [malloc] Non-mmapped space allocated:                47824896 Byte
20220312 054246.743 INFO             PET0 PIOc_freedecomp Enter - MemInfo: [malloc] Space allocated in mmapped regions:          1581056 Byte
20220312 054246.743 INFO             PET0 PIOc_freedecomp Enter - MemInfo: [malloc] Maximum total allocated space:                     0 Byte
20220312 054246.743 INFO             PET0 PIOc_freedecomp Enter - MemInfo: [malloc] Space in freed fastbin blocks:                  2128 Byte
20220312 054246.743 INFO             PET0 PIOc_freedecomp Enter - MemInfo: [malloc] Total allocated space:                      28998768 Byte
20220312 054246.743 INFO             PET0 PIOc_freedecomp Enter - MemInfo: [malloc] Total free space:                           18826128 Byte
20220312 054246.743 INFO             PET0 PIOc_freedecomp Enter - MemInfo: [malloc] Top-most, releasable space:                  8522800 Byte
20220312 054246.743 INFO             PET0 PIOc_freedecomp Enter - MemInfo: [malloc] Total space in use, mmap + non-mmap:        30579824 Byte
20220312 054246.743 INFO             PET0 PIOc_freedecomp Enter - MemInfo: [malloc] Total space held (mmap + non-mmap):         49405952 Byte
20220312 054246.743 INFO             PET0 PIOc_freedecomp Enter - MemInfo: [malloc] Total space used (mmap + non-mmap):         30589168 Byte
20220312 054246.743 INFO             PET0 PIOc_freedecomp Enter - MemInfo: Wall-clock time since execution start:               0.458976 seconds
20220312 054246.743 INFO             PET0 PIOc_freedecomp Exit - MemInfo: [/proc/meminfo - SSI]	MemTotal:       196442820 kB
20220312 054246.743 INFO             PET0 PIOc_freedecomp Exit - MemInfo: [/proc/meminfo - SSI]	MemFree:        186806220 kB
20220312 054246.743 INFO             PET0 PIOc_freedecomp Exit - MemInfo: [/proc/meminfo - SSI]	MemAvailable:   191640008 kB
20220312 054246.743 INFO             PET0 PIOc_freedecomp Exit - MemInfo: [/proc/meminfo - SSI]	Committed_AS:     748280 kB
20220312 054246.743 INFO             PET0 PIOc_freedecomp Exit - MemInfo: [/proc/meminfo - SSI]	CommittedPercent: 0.380915 %
20220312 054246.743 INFO             PET0 PIOc_freedecomp Exit - MemInfo: [/proc/self/status]	VmPeak:	  712996 kB
20220312 054246.743 INFO             PET0 PIOc_freedecomp Exit - MemInfo: [/proc/self/status]	VmSize:	  712992 kB
20220312 054246.743 INFO             PET0 PIOc_freedecomp Exit - MemInfo: [/proc/self/status]	VmLck:	       0 kB
20220312 054246.743 INFO             PET0 PIOc_freedecomp Exit - MemInfo: [/proc/self/status]	VmPin:	       0 kB
20220312 054246.743 INFO             PET0 PIOc_freedecomp Exit - MemInfo: [/proc/self/status]	VmHWM:	   71732 kB
20220312 054246.743 INFO             PET0 PIOc_freedecomp Exit - MemInfo: [/proc/self/status]	VmRSS:	   68368 kB
20220312 054246.743 INFO             PET0 PIOc_freedecomp Exit - MemInfo: [/proc/self/status]	VmData:	  230208 kB
20220312 054246.743 INFO             PET0 PIOc_freedecomp Exit - MemInfo: [/proc/self/status]	VmStk:	     144 kB
20220312 054246.743 INFO             PET0 PIOc_freedecomp Exit - MemInfo: [/proc/self/status]	VmExe:	     324 kB
20220312 054246.743 INFO             PET0 PIOc_freedecomp Exit - MemInfo: [/proc/self/status]	VmLib:	   83112 kB
20220312 054246.743 INFO             PET0 PIOc_freedecomp Exit - MemInfo: [/proc/self/status]	VmPTE:	    1032 kB
20220312 054246.743 INFO             PET0 PIOc_freedecomp Exit - MemInfo: [/proc/self/status]	VmSwap:	       0 kB
20220312 054246.743 INFO             PET0 PIOc_freedecomp Exit - MemInfo: [/proc/self/status]	VmRSSPercent: 0.034803 %
20220312 054246.743 INFO             PET0 PIOc_freedecomp Exit - MemInfo: [malloc] Non-mmapped space allocated:                47824896 Byte
20220312 054246.743 INFO             PET0 PIOc_freedecomp Exit - MemInfo: [malloc] Space allocated in mmapped regions:          1581056 Byte
20220312 054246.743 INFO             PET0 PIOc_freedecomp Exit - MemInfo: [malloc] Maximum total allocated space:                     0 Byte
20220312 054246.743 INFO             PET0 PIOc_freedecomp Exit - MemInfo: [malloc] Space in freed fastbin blocks:                  2752 Byte
20220312 054246.743 INFO             PET0 PIOc_freedecomp Exit - MemInfo: [malloc] Total allocated space:                      28991040 Byte
20220312 054246.743 INFO             PET0 PIOc_freedecomp Exit - MemInfo: [malloc] Total free space:                           18833856 Byte
20220312 054246.743 INFO             PET0 PIOc_freedecomp Exit - MemInfo: [malloc] Top-most, releasable space:                  8522800 Byte
20220312 054246.743 INFO             PET0 PIOc_freedecomp Exit - MemInfo: [malloc] Total space in use, mmap + non-mmap:        30572096 Byte
20220312 054246.743 INFO             PET0 PIOc_freedecomp Exit - MemInfo: [malloc] Total space held (mmap + non-mmap):         49405952 Byte
20220312 054246.743 INFO             PET0 PIOc_freedecomp Exit - MemInfo: [malloc] Total space used (mmap + non-mmap):         30581440 Byte
20220312 054246.743 INFO             PET0 PIOc_freedecomp Exit - MemInfo: Wall-clock time since execution start:               0.459349 seconds
20220312 054246.745 INFO             PET0 PIOc_sync Enter - MemInfo: [/proc/meminfo - SSI]	MemTotal:       196442820 kB
20220312 054246.745 INFO             PET0 PIOc_sync Enter - MemInfo: [/proc/meminfo - SSI]	MemFree:        186806220 kB
20220312 054246.745 INFO             PET0 PIOc_sync Enter - MemInfo: [/proc/meminfo - SSI]	MemAvailable:   191640008 kB
20220312 054246.745 INFO             PET0 PIOc_sync Enter - MemInfo: [/proc/meminfo - SSI]	Committed_AS:     748280 kB
20220312 054246.745 INFO             PET0 PIOc_sync Enter - MemInfo: [/proc/meminfo - SSI]	CommittedPercent: 0.380915 %
20220312 054246.745 INFO             PET0 PIOc_sync Enter - MemInfo: [/proc/self/status]	VmPeak:	  712996 kB
20220312 054246.745 INFO             PET0 PIOc_sync Enter - MemInfo: [/proc/self/status]	VmSize:	  712992 kB
20220312 054246.745 INFO             PET0 PIOc_sync Enter - MemInfo: [/proc/self/status]	VmLck:	       0 kB
20220312 054246.745 INFO             PET0 PIOc_sync Enter - MemInfo: [/proc/self/status]	VmPin:	       0 kB
20220312 054246.745 INFO             PET0 PIOc_sync Enter - MemInfo: [/proc/self/status]	VmHWM:	   71732 kB
20220312 054246.745 INFO             PET0 PIOc_sync Enter - MemInfo: [/proc/self/status]	VmRSS:	   68368 kB
20220312 054246.745 INFO             PET0 PIOc_sync Enter - MemInfo: [/proc/self/status]	VmData:	  230208 kB
20220312 054246.745 INFO             PET0 PIOc_sync Enter - MemInfo: [/proc/self/status]	VmStk:	     144 kB
20220312 054246.745 INFO             PET0 PIOc_sync Enter - MemInfo: [/proc/self/status]	VmExe:	     324 kB
20220312 054246.745 INFO             PET0 PIOc_sync Enter - MemInfo: [/proc/self/status]	VmLib:	   83112 kB
20220312 054246.745 INFO             PET0 PIOc_sync Enter - MemInfo: [/proc/self/status]	VmPTE:	    1032 kB
20220312 054246.745 INFO             PET0 PIOc_sync Enter - MemInfo: [/proc/self/status]	VmSwap:	       0 kB
20220312 054246.745 INFO             PET0 PIOc_sync Enter - MemInfo: [/proc/self/status]	VmRSSPercent: 0.034803 %
20220312 054246.745 INFO             PET0 PIOc_sync Enter - MemInfo: [malloc] Non-mmapped space allocated:                47824896 Byte
20220312 054246.745 INFO             PET0 PIOc_sync Enter - MemInfo: [malloc] Space allocated in mmapped regions:          1581056 Byte
20220312 054246.745 INFO             PET0 PIOc_sync Enter - MemInfo: [malloc] Maximum total allocated space:                     0 Byte
20220312 054246.745 INFO             PET0 PIOc_sync Enter - MemInfo: [malloc] Space in freed fastbin blocks:                  1680 Byte
20220312 054246.745 INFO             PET0 PIOc_sync Enter - MemInfo: [malloc] Total allocated space:                      37398896 Byte
20220312 054246.745 INFO             PET0 PIOc_sync Enter - MemInfo: [malloc] Total free space:                           10426000 Byte
20220312 054246.745 INFO             PET0 PIOc_sync Enter - MemInfo: [malloc] Top-most, releasable space:                  8522800 Byte
20220312 054246.745 INFO             PET0 PIOc_sync Enter - MemInfo: [malloc] Total space in use, mmap + non-mmap:        38979952 Byte
20220312 054246.745 INFO             PET0 PIOc_sync Enter - MemInfo: [malloc] Total space held (mmap + non-mmap):         49405952 Byte
20220312 054246.745 INFO             PET0 PIOc_sync Enter - MemInfo: [malloc] Total space used (mmap + non-mmap):         38989296 Byte
20220312 054246.745 INFO             PET0 PIOc_sync Enter - MemInfo: Wall-clock time since execution start:               0.461353 seconds
20220312 054246.746 INFO             PET0 PIOc_sync Exit - MemInfo: [/proc/meminfo - SSI]	MemTotal:       196442820 kB
20220312 054246.746 INFO             PET0 PIOc_sync Exit - MemInfo: [/proc/meminfo - SSI]	MemFree:        186806220 kB
20220312 054246.746 INFO             PET0 PIOc_sync Exit - MemInfo: [/proc/meminfo - SSI]	MemAvailable:   191640008 kB
20220312 054246.746 INFO             PET0 PIOc_sync Exit - MemInfo: [/proc/meminfo - SSI]	Committed_AS:     748280 kB
20220312 054246.746 INFO             PET0 PIOc_sync Exit - MemInfo: [/proc/meminfo - SSI]	CommittedPercent: 0.380915 %
20220312 054246.746 INFO             PET0 PIOc_sync Exit - MemInfo: [/proc/self/status]	VmPeak:	  712996 kB
20220312 054246.746 INFO             PET0 PIOc_sync Exit - MemInfo: [/proc/self/status]	VmSize:	  712992 kB
20220312 054246.746 INFO             PET0 PIOc_sync Exit - MemInfo: [/proc/self/status]	VmLck:	       0 kB
20220312 054246.746 INFO             PET0 PIOc_sync Exit - MemInfo: [/proc/self/status]	VmPin:	       0 kB
20220312 054246.746 INFO             PET0 PIOc_sync Exit - MemInfo: [/proc/self/status]	VmHWM:	   71732 kB
20220312 054246.746 INFO             PET0 PIOc_sync Exit - MemInfo: [/proc/self/status]	VmRSS:	   68368 kB
20220312 054246.746 INFO             PET0 PIOc_sync Exit - MemInfo: [/proc/self/status]	VmData:	  230208 kB
20220312 054246.746 INFO             PET0 PIOc_sync Exit - MemInfo: [/proc/self/status]	VmStk:	     144 kB
20220312 054246.746 INFO             PET0 PIOc_sync Exit - MemInfo: [/proc/self/status]	VmExe:	     324 kB
20220312 054246.746 INFO             PET0 PIOc_sync Exit - MemInfo: [/proc/self/status]	VmLib:	   83112 kB
20220312 054246.746 INFO             PET0 PIOc_sync Exit - MemInfo: [/proc/self/status]	VmPTE:	    1032 kB
20220312 054246.746 INFO             PET0 PIOc_sync Exit - MemInfo: [/proc/self/status]	VmSwap:	       0 kB
20220312 054246.746 INFO             PET0 PIOc_sync Exit - MemInfo: [/proc/self/status]	VmRSSPercent: 0.034803 %
20220312 054246.746 INFO             PET0 PIOc_sync Exit - MemInfo: [malloc] Non-mmapped space allocated:                47824896 Byte
20220312 054246.746 INFO             PET0 PIOc_sync Exit - MemInfo: [malloc] Space allocated in mmapped regions:          1581056 Byte
20220312 054246.746 INFO             PET0 PIOc_sync Exit - MemInfo: [malloc] Maximum total allocated space:                     0 Byte
20220312 054246.746 INFO             PET0 PIOc_sync Exit - MemInfo: [malloc] Space in freed fastbin blocks:                  1600 Byte
20220312 054246.746 INFO             PET0 PIOc_sync Exit - MemInfo: [malloc] Total allocated space:                      37401504 Byte
20220312 054246.746 INFO             PET0 PIOc_sync Exit - MemInfo: [malloc] Total free space:                           10423392 Byte
20220312 054246.746 INFO             PET0 PIOc_sync Exit - MemInfo: [malloc] Top-most, releasable space:                  8522800 Byte
20220312 054246.746 INFO             PET0 PIOc_sync Exit - MemInfo: [malloc] Total space in use, mmap + non-mmap:        38982560 Byte
20220312 054246.746 INFO             PET0 PIOc_sync Exit - MemInfo: [malloc] Total space held (mmap + non-mmap):         49405952 Byte
20220312 054246.746 INFO             PET0 PIOc_sync Exit - MemInfo: [malloc] Total space used (mmap + non-mmap):         38991904 Byte
20220312 054246.746 INFO             PET0 PIOc_sync Exit - MemInfo: Wall-clock time since execution start:               0.461872 seconds
20220312 054246.746 INFO             PET0 PIOc_freedecomp Enter - MemInfo: [/proc/meminfo - SSI]	MemTotal:       196442820 kB
20220312 054246.746 INFO             PET0 PIOc_freedecomp Enter - MemInfo: [/proc/meminfo - SSI]	MemFree:        186806220 kB
20220312 054246.746 INFO             PET0 PIOc_freedecomp Enter - MemInfo: [/proc/meminfo - SSI]	MemAvailable:   191640008 kB
20220312 054246.746 INFO             PET0 PIOc_freedecomp Enter - MemInfo: [/proc/meminfo - SSI]	Committed_AS:     748280 kB
20220312 054246.746 INFO             PET0 PIOc_freedecomp Enter - MemInfo: [/proc/meminfo - SSI]	CommittedPercent: 0.380915 %
20220312 054246.747 INFO             PET0 PIOc_freedecomp Enter - MemInfo: [/proc/self/status]	VmPeak:	  712996 kB
20220312 054246.747 INFO             PET0 PIOc_freedecomp Enter - MemInfo: [/proc/self/status]	VmSize:	  712992 kB
20220312 054246.747 INFO             PET0 PIOc_freedecomp Enter - MemInfo: [/proc/self/status]	VmLck:	       0 kB
20220312 054246.747 INFO             PET0 PIOc_freedecomp Enter - MemInfo: [/proc/self/status]	VmPin:	       0 kB
20220312 054246.747 INFO             PET0 PIOc_freedecomp Enter - MemInfo: [/proc/self/status]	VmHWM:	   71732 kB
20220312 054246.747 INFO             PET0 PIOc_freedecomp Enter - MemInfo: [/proc/self/status]	VmRSS:	   68368 kB
20220312 054246.747 INFO             PET0 PIOc_freedecomp Enter - MemInfo: [/proc/self/status]	VmData:	  230208 kB
20220312 054246.747 INFO             PET0 PIOc_freedecomp Enter - MemInfo: [/proc/self/status]	VmStk:	     144 kB
20220312 054246.747 INFO             PET0 PIOc_freedecomp Enter - MemInfo: [/proc/self/status]	VmExe:	     324 kB
20220312 054246.747 INFO             PET0 PIOc_freedecomp Enter - MemInfo: [/proc/self/status]	VmLib:	   83112 kB
20220312 054246.747 INFO             PET0 PIOc_freedecomp Enter - MemInfo: [/proc/self/status]	VmPTE:	    1032 kB
20220312 054246.747 INFO             PET0 PIOc_freedecomp Enter - MemInfo: [/proc/self/status]	VmSwap:	       0 kB
20220312 054246.747 INFO             PET0 PIOc_freedecomp Enter - MemInfo: [/proc/self/status]	VmRSSPercent: 0.034803 %
20220312 054246.747 INFO             PET0 PIOc_freedecomp Enter - MemInfo: [malloc] Non-mmapped space allocated:                47824896 Byte
20220312 054246.747 INFO             PET0 PIOc_freedecomp Enter - MemInfo: [malloc] Space allocated in mmapped regions:          1581056 Byte
20220312 054246.747 INFO             PET0 PIOc_freedecomp Enter - MemInfo: [malloc] Maximum total allocated space:                     0 Byte
20220312 054246.747 INFO             PET0 PIOc_freedecomp Enter - MemInfo: [malloc] Space in freed fastbin blocks:                  2272 Byte
20220312 054246.747 INFO             PET0 PIOc_freedecomp Enter - MemInfo: [malloc] Total allocated space:                      28998816 Byte
20220312 054246.747 INFO             PET0 PIOc_freedecomp Enter - MemInfo: [malloc] Total free space:                           18826080 Byte
20220312 054246.747 INFO             PET0 PIOc_freedecomp Enter - MemInfo: [malloc] Top-most, releasable space:                  8522800 Byte
20220312 054246.747 INFO             PET0 PIOc_freedecomp Enter - MemInfo: [malloc] Total space in use, mmap + non-mmap:        30579872 Byte
20220312 054246.747 INFO             PET0 PIOc_freedecomp Enter - MemInfo: [malloc] Total space held (mmap + non-mmap):         49405952 Byte
20220312 054246.747 INFO             PET0 PIOc_freedecomp Enter - MemInfo: [malloc] Total space used (mmap + non-mmap):         30589216 Byte
20220312 054246.747 INFO             PET0 PIOc_freedecomp Enter - MemInfo: Wall-clock time since execution start:               0.462584 seconds
20220312 054246.747 INFO             PET0 PIOc_freedecomp Exit - MemInfo: [/proc/meminfo - SSI]	MemTotal:       196442820 kB
20220312 054246.747 INFO             PET0 PIOc_freedecomp Exit - MemInfo: [/proc/meminfo - SSI]	MemFree:        186806220 kB
20220312 054246.747 INFO             PET0 PIOc_freedecomp Exit - MemInfo: [/proc/meminfo - SSI]	MemAvailable:   191640008 kB
20220312 054246.747 INFO             PET0 PIOc_freedecomp Exit - MemInfo: [/proc/meminfo - SSI]	Committed_AS:     748280 kB
20220312 054246.747 INFO             PET0 PIOc_freedecomp Exit - MemInfo: [/proc/meminfo - SSI]	CommittedPercent: 0.380915 %
20220312 054246.747 INFO             PET0 PIOc_freedecomp Exit - MemInfo: [/proc/self/status]	VmPeak:	  712996 kB
20220312 054246.747 INFO             PET0 PIOc_freedecomp Exit - MemInfo: [/proc/self/status]	VmSize:	  712992 kB
20220312 054246.747 INFO             PET0 PIOc_freedecomp Exit - MemInfo: [/proc/self/status]	VmLck:	       0 kB
20220312 054246.747 INFO             PET0 PIOc_freedecomp Exit - MemInfo: [/proc/self/status]	VmPin:	       0 kB
20220312 054246.747 INFO             PET0 PIOc_freedecomp Exit - MemInfo: [/proc/self/status]	VmHWM:	   71732 kB
20220312 054246.747 INFO             PET0 PIOc_freedecomp Exit - MemInfo: [/proc/self/status]	VmRSS:	   68368 kB
20220312 054246.747 INFO             PET0 PIOc_freedecomp Exit - MemInfo: [/proc/self/status]	VmData:	  230208 kB
20220312 054246.747 INFO             PET0 PIOc_freedecomp Exit - MemInfo: [/proc/self/status]	VmStk:	     144 kB
20220312 054246.747 INFO             PET0 PIOc_freedecomp Exit - MemInfo: [/proc/self/status]	VmExe:	     324 kB
20220312 054246.747 INFO             PET0 PIOc_freedecomp Exit - MemInfo: [/proc/self/status]	VmLib:	   83112 kB
20220312 054246.747 INFO             PET0 PIOc_freedecomp Exit - MemInfo: [/proc/self/status]	VmPTE:	    1032 kB
20220312 054246.747 INFO             PET0 PIOc_freedecomp Exit - MemInfo: [/proc/self/status]	VmSwap:	       0 kB
20220312 054246.747 INFO             PET0 PIOc_freedecomp Exit - MemInfo: [/proc/self/status]	VmRSSPercent: 0.034803 %
20220312 054246.747 INFO             PET0 PIOc_freedecomp Exit - MemInfo: [malloc] Non-mmapped space allocated:                47824896 Byte
20220312 054246.747 INFO             PET0 PIOc_freedecomp Exit - MemInfo: [malloc] Space allocated in mmapped regions:          1581056 Byte
20220312 054246.747 INFO             PET0 PIOc_freedecomp Exit - MemInfo: [malloc] Maximum total allocated space:                     0 Byte
20220312 054246.747 INFO             PET0 PIOc_freedecomp Exit - MemInfo: [malloc] Space in freed fastbin blocks:                  2848 Byte
20220312 054246.747 INFO             PET0 PIOc_freedecomp Exit - MemInfo: [malloc] Total allocated space:                      28991056 Byte
20220312 054246.747 INFO             PET0 PIOc_freedecomp Exit - MemInfo: [malloc] Total free space:                           18833840 Byte
20220312 054246.747 INFO             PET0 PIOc_freedecomp Exit - MemInfo: [malloc] Top-most, releasable space:                  8522800 Byte
20220312 054246.747 INFO             PET0 PIOc_freedecomp Exit - MemInfo: [malloc] Total space in use, mmap + non-mmap:        30572112 Byte
20220312 054246.747 INFO             PET0 PIOc_freedecomp Exit - MemInfo: [malloc] Total space held (mmap + non-mmap):         49405952 Byte
20220312 054246.747 INFO             PET0 PIOc_freedecomp Exit - MemInfo: [malloc] Total space used (mmap + non-mmap):         30581456 Byte
20220312 054246.747 INFO             PET0 PIOc_freedecomp Exit - MemInfo: Wall-clock time since execution start:               0.462943 seconds
20220312 054246.750 INFO             PET0  PASS  ESMF_FieldRegridStoreFromFile Unit Test, ESMF_FieldSMMFromFileUTest.F90, line 315
20220312 054246.750 INFO             PET0  Ending Test, file ESMF_FieldSMMFromFileUTest.F90, line 322
20220312 054246.750 INFO             PET0 Finalizing ESMF
20220312 054246.289 INFO             PET1 !!!!!!!!!!!!!!!!!!!!!!!!!!!!!!!!!!!!!!!!!!!!!!!!!!!!!!
20220312 054246.289 INFO             PET1 !!! THE ESMF_LOG IS SET TO OUTPUT ALL LOG MESSAGES !!!
20220312 054246.289 INFO             PET1 !!!     THIS MAY CAUSE SLOWDOWN IN PERFORMANCE     !!!
20220312 054246.289 INFO             PET1 !!! FOR PRODUCTION RUNS, USE:                      !!!
20220312 054246.289 INFO             PET1 !!!                   ESMF_LOGKIND_Multi_On_Error  !!!
20220312 054246.289 INFO             PET1 !!!!!!!!!!!!!!!!!!!!!!!!!!!!!!!!!!!!!!!!!!!!!!!!!!!!!!
20220312 054246.289 INFO             PET1 Running with ESMF Version   : v8.3.0b09-96-g559b459
20220312 054246.289 INFO             PET1 ESMF library build date/time: "Mar 12 2022" "04:14:42"
20220312 054246.289 INFO             PET1 ESMF library build location : /work/noaa/da/mpotts/sandbox/gfortran_8.3.0_openmpi_g_jedwards_pio_update2
20220312 054246.289 INFO             PET1 ESMF_COMM                   : openmpi
20220312 054246.290 INFO             PET1 ESMF_MOAB                   : enabled
20220312 054246.290 INFO             PET1 ESMF_LAPACK                 : enabled
20220312 054246.290 INFO             PET1 ESMF_NETCDF                 : enabled
20220312 054246.290 INFO             PET1 ESMF_PNETCDF                : disabled
20220312 054246.290 INFO             PET1 ESMF_PIO                    : enabled
20220312 054246.290 INFO             PET1 ESMF_YAMLCPP                : enabled
20220312 054246.290 INFO             PET1  Beginning Test, file ESMF_FieldSMMFromFileUTest.F90, line 287
20220312 054246.290 INFO             PET1  NUMBER_OF_PROCESSORS           4
20220312 054246.724 INFO             PET1  PASS  ESMF_FieldSMMFromFile Unit Test, ESMF_FieldSMMFromFileUTest.F90, line 300
20220312 054246.738 INFO             PET1 PIOc_sync Enter - MemInfo: [/proc/meminfo - SSI]	MemTotal:       196442820 kB
20220312 054246.738 INFO             PET1 PIOc_sync Enter - MemInfo: [/proc/meminfo - SSI]	MemFree:        186806220 kB
20220312 054246.738 INFO             PET1 PIOc_sync Enter - MemInfo: [/proc/meminfo - SSI]	MemAvailable:   191640008 kB
20220312 054246.738 INFO             PET1 PIOc_sync Enter - MemInfo: [/proc/meminfo - SSI]	Committed_AS:     748280 kB
20220312 054246.738 INFO             PET1 PIOc_sync Enter - MemInfo: [/proc/meminfo - SSI]	CommittedPercent: 0.380915 %
20220312 054246.738 INFO             PET1 PIOc_sync Enter - MemInfo: [/proc/self/status]	VmPeak:	  688672 kB
20220312 054246.738 INFO             PET1 PIOc_sync Enter - MemInfo: [/proc/self/status]	VmSize:	  688672 kB
20220312 054246.738 INFO             PET1 PIOc_sync Enter - MemInfo: [/proc/self/status]	VmLck:	       0 kB
20220312 054246.738 INFO             PET1 PIOc_sync Enter - MemInfo: [/proc/self/status]	VmPin:	       0 kB
20220312 054246.738 INFO             PET1 PIOc_sync Enter - MemInfo: [/proc/self/status]	VmHWM:	   73764 kB
20220312 054246.738 INFO             PET1 PIOc_sync Enter - MemInfo: [/proc/self/status]	VmRSS:	   50852 kB
20220312 054246.738 INFO             PET1 PIOc_sync Enter - MemInfo: [/proc/self/status]	VmData:	  205888 kB
20220312 054246.738 INFO             PET1 PIOc_sync Enter - MemInfo: [/proc/self/status]	VmStk:	     144 kB
20220312 054246.738 INFO             PET1 PIOc_sync Enter - MemInfo: [/proc/self/status]	VmExe:	     324 kB
20220312 054246.738 INFO             PET1 PIOc_sync Enter - MemInfo: [/proc/self/status]	VmLib:	   83112 kB
20220312 054246.738 INFO             PET1 PIOc_sync Enter - MemInfo: [/proc/self/status]	VmPTE:	     992 kB
20220312 054246.738 INFO             PET1 PIOc_sync Enter - MemInfo: [/proc/self/status]	VmSwap:	       0 kB
20220312 054246.738 INFO             PET1 PIOc_sync Enter - MemInfo: [/proc/self/status]	VmRSSPercent: 0.0258864 %
20220312 054246.738 INFO             PET1 PIOc_sync Enter - MemInfo: [malloc] Non-mmapped space allocated:                22921216 Byte
20220312 054246.738 INFO             PET1 PIOc_sync Enter - MemInfo: [malloc] Space allocated in mmapped regions:          1581056 Byte
20220312 054246.738 INFO             PET1 PIOc_sync Enter - MemInfo: [malloc] Maximum total allocated space:                     0 Byte
20220312 054246.738 INFO             PET1 PIOc_sync Enter - MemInfo: [malloc] Space in freed fastbin blocks:                  1056 Byte
20220312 054246.738 INFO             PET1 PIOc_sync Enter - MemInfo: [malloc] Total allocated space:                      12279680 Byte
20220312 054246.738 INFO             PET1 PIOc_sync Enter - MemInfo: [malloc] Total free space:                           10641536 Byte
20220312 054246.738 INFO             PET1 PIOc_sync Enter - MemInfo: [malloc] Top-most, releasable space:                  8521968 Byte
20220312 054246.738 INFO             PET1 PIOc_sync Enter - MemInfo: [malloc] Total space in use, mmap + non-mmap:        13860736 Byte
20220312 054246.738 INFO             PET1 PIOc_sync Enter - MemInfo: [malloc] Total space held (mmap + non-mmap):         24502272 Byte
20220312 054246.738 INFO             PET1 PIOc_sync Enter - MemInfo: [malloc] Total space used (mmap + non-mmap):         13870080 Byte
20220312 054246.738 INFO             PET1 PIOc_sync Enter - MemInfo: Wall-clock time since execution start:               0.452702 seconds
20220312 054246.738 INFO             PET1 PIOc_sync Exit - MemInfo: [/proc/meminfo - SSI]	MemTotal:       196442820 kB
20220312 054246.738 INFO             PET1 PIOc_sync Exit - MemInfo: [/proc/meminfo - SSI]	MemFree:        186806220 kB
20220312 054246.739 INFO             PET1 PIOc_sync Exit - MemInfo: [/proc/meminfo - SSI]	MemAvailable:   191640008 kB
20220312 054246.739 INFO             PET1 PIOc_sync Exit - MemInfo: [/proc/meminfo - SSI]	Committed_AS:     748280 kB
20220312 054246.739 INFO             PET1 PIOc_sync Exit - MemInfo: [/proc/meminfo - SSI]	CommittedPercent: 0.380915 %
20220312 054246.739 INFO             PET1 PIOc_sync Exit - MemInfo: [/proc/self/status]	VmPeak:	  688672 kB
20220312 054246.739 INFO             PET1 PIOc_sync Exit - MemInfo: [/proc/self/status]	VmSize:	  688672 kB
20220312 054246.739 INFO             PET1 PIOc_sync Exit - MemInfo: [/proc/self/status]	VmLck:	       0 kB
20220312 054246.739 INFO             PET1 PIOc_sync Exit - MemInfo: [/proc/self/status]	VmPin:	       0 kB
20220312 054246.739 INFO             PET1 PIOc_sync Exit - MemInfo: [/proc/self/status]	VmHWM:	   73764 kB
20220312 054246.739 INFO             PET1 PIOc_sync Exit - MemInfo: [/proc/self/status]	VmRSS:	   50916 kB
20220312 054246.739 INFO             PET1 PIOc_sync Exit - MemInfo: [/proc/self/status]	VmData:	  205888 kB
20220312 054246.739 INFO             PET1 PIOc_sync Exit - MemInfo: [/proc/self/status]	VmStk:	     144 kB
20220312 054246.739 INFO             PET1 PIOc_sync Exit - MemInfo: [/proc/self/status]	VmExe:	     324 kB
20220312 054246.739 INFO             PET1 PIOc_sync Exit - MemInfo: [/proc/self/status]	VmLib:	   83112 kB
20220312 054246.739 INFO             PET1 PIOc_sync Exit - MemInfo: [/proc/self/status]	VmPTE:	     992 kB
20220312 054246.739 INFO             PET1 PIOc_sync Exit - MemInfo: [/proc/self/status]	VmSwap:	       0 kB
20220312 054246.739 INFO             PET1 PIOc_sync Exit - MemInfo: [/proc/self/status]	VmRSSPercent: 0.025919 %
20220312 054246.739 INFO             PET1 PIOc_sync Exit - MemInfo: [malloc] Non-mmapped space allocated:                22921216 Byte
20220312 054246.739 INFO             PET1 PIOc_sync Exit - MemInfo: [malloc] Space allocated in mmapped regions:          1581056 Byte
20220312 054246.739 INFO             PET1 PIOc_sync Exit - MemInfo: [malloc] Maximum total allocated space:                     0 Byte
20220312 054246.739 INFO             PET1 PIOc_sync Exit - MemInfo: [malloc] Space in freed fastbin blocks:                  1584 Byte
20220312 054246.739 INFO             PET1 PIOc_sync Exit - MemInfo: [malloc] Total allocated space:                      12279104 Byte
20220312 054246.739 INFO             PET1 PIOc_sync Exit - MemInfo: [malloc] Total free space:                           10642112 Byte
20220312 054246.739 INFO             PET1 PIOc_sync Exit - MemInfo: [malloc] Top-most, releasable space:                  8521968 Byte
20220312 054246.739 INFO             PET1 PIOc_sync Exit - MemInfo: [malloc] Total space in use, mmap + non-mmap:        13860160 Byte
20220312 054246.739 INFO             PET1 PIOc_sync Exit - MemInfo: [malloc] Total space held (mmap + non-mmap):         24502272 Byte
20220312 054246.739 INFO             PET1 PIOc_sync Exit - MemInfo: [malloc] Total space used (mmap + non-mmap):         13869504 Byte
20220312 054246.739 INFO             PET1 PIOc_sync Exit - MemInfo: Wall-clock time since execution start:               0.453377 seconds
20220312 054246.739 INFO             PET1 PIOc_freedecomp Enter - MemInfo: [/proc/meminfo - SSI]	MemTotal:       196442820 kB
20220312 054246.739 INFO             PET1 PIOc_freedecomp Enter - MemInfo: [/proc/meminfo - SSI]	MemFree:        186806220 kB
20220312 054246.739 INFO             PET1 PIOc_freedecomp Enter - MemInfo: [/proc/meminfo - SSI]	MemAvailable:   191640008 kB
20220312 054246.739 INFO             PET1 PIOc_freedecomp Enter - MemInfo: [/proc/meminfo - SSI]	Committed_AS:     748280 kB
20220312 054246.739 INFO             PET1 PIOc_freedecomp Enter - MemInfo: [/proc/meminfo - SSI]	CommittedPercent: 0.380915 %
20220312 054246.739 INFO             PET1 PIOc_freedecomp Enter - MemInfo: [/proc/self/status]	VmPeak:	  688672 kB
20220312 054246.739 INFO             PET1 PIOc_freedecomp Enter - MemInfo: [/proc/self/status]	VmSize:	  688672 kB
20220312 054246.739 INFO             PET1 PIOc_freedecomp Enter - MemInfo: [/proc/self/status]	VmLck:	       0 kB
20220312 054246.739 INFO             PET1 PIOc_freedecomp Enter - MemInfo: [/proc/self/status]	VmPin:	       0 kB
20220312 054246.739 INFO             PET1 PIOc_freedecomp Enter - MemInfo: [/proc/self/status]	VmHWM:	   73764 kB
20220312 054246.739 INFO             PET1 PIOc_freedecomp Enter - MemInfo: [/proc/self/status]	VmRSS:	   50916 kB
20220312 054246.739 INFO             PET1 PIOc_freedecomp Enter - MemInfo: [/proc/self/status]	VmData:	  205888 kB
20220312 054246.739 INFO             PET1 PIOc_freedecomp Enter - MemInfo: [/proc/self/status]	VmStk:	     144 kB
20220312 054246.739 INFO             PET1 PIOc_freedecomp Enter - MemInfo: [/proc/self/status]	VmExe:	     324 kB
20220312 054246.739 INFO             PET1 PIOc_freedecomp Enter - MemInfo: [/proc/self/status]	VmLib:	   83112 kB
20220312 054246.739 INFO             PET1 PIOc_freedecomp Enter - MemInfo: [/proc/self/status]	VmPTE:	     992 kB
20220312 054246.739 INFO             PET1 PIOc_freedecomp Enter - MemInfo: [/proc/self/status]	VmSwap:	       0 kB
20220312 054246.739 INFO             PET1 PIOc_freedecomp Enter - MemInfo: [/proc/self/status]	VmRSSPercent: 0.025919 %
20220312 054246.739 INFO             PET1 PIOc_freedecomp Enter - MemInfo: [malloc] Non-mmapped space allocated:                22921216 Byte
20220312 054246.739 INFO             PET1 PIOc_freedecomp Enter - MemInfo: [malloc] Space allocated in mmapped regions:          1581056 Byte
20220312 054246.739 INFO             PET1 PIOc_freedecomp Enter - MemInfo: [malloc] Maximum total allocated space:                     0 Byte
20220312 054246.739 INFO             PET1 PIOc_freedecomp Enter - MemInfo: [malloc] Space in freed fastbin blocks:                  1888 Byte
20220312 054246.739 INFO             PET1 PIOc_freedecomp Enter - MemInfo: [malloc] Total allocated space:                      12277424 Byte
20220312 054246.739 INFO             PET1 PIOc_freedecomp Enter - MemInfo: [malloc] Total free space:                           10643792 Byte
20220312 054246.739 INFO             PET1 PIOc_freedecomp Enter - MemInfo: [malloc] Top-most, releasable space:                  8521968 Byte
20220312 054246.739 INFO             PET1 PIOc_freedecomp Enter - MemInfo: [malloc] Total space in use, mmap + non-mmap:        13858480 Byte
20220312 054246.739 INFO             PET1 PIOc_freedecomp Enter - MemInfo: [malloc] Total space held (mmap + non-mmap):         24502272 Byte
20220312 054246.739 INFO             PET1 PIOc_freedecomp Enter - MemInfo: [malloc] Total space used (mmap + non-mmap):         13867824 Byte
20220312 054246.739 INFO             PET1 PIOc_freedecomp Enter - MemInfo: Wall-clock time since execution start:               0.453922 seconds
20220312 054246.739 INFO             PET1 PIOc_freedecomp Exit - MemInfo: [/proc/meminfo - SSI]	MemTotal:       196442820 kB
20220312 054246.739 INFO             PET1 PIOc_freedecomp Exit - MemInfo: [/proc/meminfo - SSI]	MemFree:        186806220 kB
20220312 054246.739 INFO             PET1 PIOc_freedecomp Exit - MemInfo: [/proc/meminfo - SSI]	MemAvailable:   191640008 kB
20220312 054246.739 INFO             PET1 PIOc_freedecomp Exit - MemInfo: [/proc/meminfo - SSI]	Committed_AS:     748280 kB
20220312 054246.739 INFO             PET1 PIOc_freedecomp Exit - MemInfo: [/proc/meminfo - SSI]	CommittedPercent: 0.380915 %
20220312 054246.740 INFO             PET1 PIOc_freedecomp Exit - MemInfo: [/proc/self/status]	VmPeak:	  688672 kB
20220312 054246.740 INFO             PET1 PIOc_freedecomp Exit - MemInfo: [/proc/self/status]	VmSize:	  688672 kB
20220312 054246.740 INFO             PET1 PIOc_freedecomp Exit - MemInfo: [/proc/self/status]	VmLck:	       0 kB
20220312 054246.740 INFO             PET1 PIOc_freedecomp Exit - MemInfo: [/proc/self/status]	VmPin:	       0 kB
20220312 054246.740 INFO             PET1 PIOc_freedecomp Exit - MemInfo: [/proc/self/status]	VmHWM:	   73764 kB
20220312 054246.740 INFO             PET1 PIOc_freedecomp Exit - MemInfo: [/proc/self/status]	VmRSS:	   50920 kB
20220312 054246.740 INFO             PET1 PIOc_freedecomp Exit - MemInfo: [/proc/self/status]	VmData:	  205888 kB
20220312 054246.740 INFO             PET1 PIOc_freedecomp Exit - MemInfo: [/proc/self/status]	VmStk:	     144 kB
20220312 054246.740 INFO             PET1 PIOc_freedecomp Exit - MemInfo: [/proc/self/status]	VmExe:	     324 kB
20220312 054246.740 INFO             PET1 PIOc_freedecomp Exit - MemInfo: [/proc/self/status]	VmLib:	   83112 kB
20220312 054246.740 INFO             PET1 PIOc_freedecomp Exit - MemInfo: [/proc/self/status]	VmPTE:	     992 kB
20220312 054246.740 INFO             PET1 PIOc_freedecomp Exit - MemInfo: [/proc/self/status]	VmSwap:	       0 kB
20220312 054246.740 INFO             PET1 PIOc_freedecomp Exit - MemInfo: [/proc/self/status]	VmRSSPercent: 0.025921 %
20220312 054246.740 INFO             PET1 PIOc_freedecomp Exit - MemInfo: [malloc] Non-mmapped space allocated:                22921216 Byte
20220312 054246.740 INFO             PET1 PIOc_freedecomp Exit - MemInfo: [malloc] Space allocated in mmapped regions:          1581056 Byte
20220312 054246.740 INFO             PET1 PIOc_freedecomp Exit - MemInfo: [malloc] Maximum total allocated space:                     0 Byte
20220312 054246.740 INFO             PET1 PIOc_freedecomp Exit - MemInfo: [malloc] Space in freed fastbin blocks:                  2256 Byte
20220312 054246.740 INFO             PET1 PIOc_freedecomp Exit - MemInfo: [malloc] Total allocated space:                      12274496 Byte
20220312 054246.740 INFO             PET1 PIOc_freedecomp Exit - MemInfo: [malloc] Total free space:                           10646720 Byte
20220312 054246.740 INFO             PET1 PIOc_freedecomp Exit - MemInfo: [malloc] Top-most, releasable space:                  8521968 Byte
20220312 054246.740 INFO             PET1 PIOc_freedecomp Exit - MemInfo: [malloc] Total space in use, mmap + non-mmap:        13855552 Byte
20220312 054246.740 INFO             PET1 PIOc_freedecomp Exit - MemInfo: [malloc] Total space held (mmap + non-mmap):         24502272 Byte
20220312 054246.740 INFO             PET1 PIOc_freedecomp Exit - MemInfo: [malloc] Total space used (mmap + non-mmap):         13864896 Byte
20220312 054246.740 INFO             PET1 PIOc_freedecomp Exit - MemInfo: Wall-clock time since execution start:               0.454284 seconds
20220312 054246.741 INFO             PET1 PIOc_sync Enter - MemInfo: [/proc/meminfo - SSI]	MemTotal:       196442820 kB
20220312 054246.741 INFO             PET1 PIOc_sync Enter - MemInfo: [/proc/meminfo - SSI]	MemFree:        186806220 kB
20220312 054246.741 INFO             PET1 PIOc_sync Enter - MemInfo: [/proc/meminfo - SSI]	MemAvailable:   191640008 kB
20220312 054246.741 INFO             PET1 PIOc_sync Enter - MemInfo: [/proc/meminfo - SSI]	Committed_AS:     748280 kB
20220312 054246.741 INFO             PET1 PIOc_sync Enter - MemInfo: [/proc/meminfo - SSI]	CommittedPercent: 0.380915 %
20220312 054246.741 INFO             PET1 PIOc_sync Enter - MemInfo: [/proc/self/status]	VmPeak:	  688672 kB
20220312 054246.741 INFO             PET1 PIOc_sync Enter - MemInfo: [/proc/self/status]	VmSize:	  688672 kB
20220312 054246.741 INFO             PET1 PIOc_sync Enter - MemInfo: [/proc/self/status]	VmLck:	       0 kB
20220312 054246.741 INFO             PET1 PIOc_sync Enter - MemInfo: [/proc/self/status]	VmPin:	       0 kB
20220312 054246.741 INFO             PET1 PIOc_sync Enter - MemInfo: [/proc/self/status]	VmHWM:	   73764 kB
20220312 054246.741 INFO             PET1 PIOc_sync Enter - MemInfo: [/proc/self/status]	VmRSS:	   50924 kB
20220312 054246.741 INFO             PET1 PIOc_sync Enter - MemInfo: [/proc/self/status]	VmData:	  205888 kB
20220312 054246.741 INFO             PET1 PIOc_sync Enter - MemInfo: [/proc/self/status]	VmStk:	     144 kB
20220312 054246.741 INFO             PET1 PIOc_sync Enter - MemInfo: [/proc/self/status]	VmExe:	     324 kB
20220312 054246.741 INFO             PET1 PIOc_sync Enter - MemInfo: [/proc/self/status]	VmLib:	   83112 kB
20220312 054246.741 INFO             PET1 PIOc_sync Enter - MemInfo: [/proc/self/status]	VmPTE:	     992 kB
20220312 054246.741 INFO             PET1 PIOc_sync Enter - MemInfo: [/proc/self/status]	VmSwap:	       0 kB
20220312 054246.742 INFO             PET1 PIOc_sync Enter - MemInfo: [/proc/self/status]	VmRSSPercent: 0.0259231 %
20220312 054246.742 INFO             PET1 PIOc_sync Enter - MemInfo: [malloc] Non-mmapped space allocated:                22921216 Byte
20220312 054246.742 INFO             PET1 PIOc_sync Enter - MemInfo: [malloc] Space allocated in mmapped regions:          1581056 Byte
20220312 054246.742 INFO             PET1 PIOc_sync Enter - MemInfo: [malloc] Maximum total allocated space:                     0 Byte
20220312 054246.742 INFO             PET1 PIOc_sync Enter - MemInfo: [malloc] Space in freed fastbin blocks:                  2976 Byte
20220312 054246.742 INFO             PET1 PIOc_sync Enter - MemInfo: [malloc] Total allocated space:                      12279616 Byte
20220312 054246.742 INFO             PET1 PIOc_sync Enter - MemInfo: [malloc] Total free space:                           10641600 Byte
20220312 054246.742 INFO             PET1 PIOc_sync Enter - MemInfo: [malloc] Top-most, releasable space:                  8521968 Byte
20220312 054246.742 INFO             PET1 PIOc_sync Enter - MemInfo: [malloc] Total space in use, mmap + non-mmap:        13860672 Byte
20220312 054246.742 INFO             PET1 PIOc_sync Enter - MemInfo: [malloc] Total space held (mmap + non-mmap):         24502272 Byte
20220312 054246.742 INFO             PET1 PIOc_sync Enter - MemInfo: [malloc] Total space used (mmap + non-mmap):         13870016 Byte
20220312 054246.742 INFO             PET1 PIOc_sync Enter - MemInfo: Wall-clock time since execution start:               0.456207 seconds
20220312 054246.742 INFO             PET1 PIOc_sync Exit - MemInfo: [/proc/meminfo - SSI]	MemTotal:       196442820 kB
20220312 054246.742 INFO             PET1 PIOc_sync Exit - MemInfo: [/proc/meminfo - SSI]	MemFree:        186806220 kB
20220312 054246.742 INFO             PET1 PIOc_sync Exit - MemInfo: [/proc/meminfo - SSI]	MemAvailable:   191640008 kB
20220312 054246.742 INFO             PET1 PIOc_sync Exit - MemInfo: [/proc/meminfo - SSI]	Committed_AS:     748280 kB
20220312 054246.742 INFO             PET1 PIOc_sync Exit - MemInfo: [/proc/meminfo - SSI]	CommittedPercent: 0.380915 %
20220312 054246.742 INFO             PET1 PIOc_sync Exit - MemInfo: [/proc/self/status]	VmPeak:	  688672 kB
20220312 054246.742 INFO             PET1 PIOc_sync Exit - MemInfo: [/proc/self/status]	VmSize:	  688672 kB
20220312 054246.742 INFO             PET1 PIOc_sync Exit - MemInfo: [/proc/self/status]	VmLck:	       0 kB
20220312 054246.742 INFO             PET1 PIOc_sync Exit - MemInfo: [/proc/self/status]	VmPin:	       0 kB
20220312 054246.742 INFO             PET1 PIOc_sync Exit - MemInfo: [/proc/self/status]	VmHWM:	   73764 kB
20220312 054246.742 INFO             PET1 PIOc_sync Exit - MemInfo: [/proc/self/status]	VmRSS:	   50924 kB
20220312 054246.742 INFO             PET1 PIOc_sync Exit - MemInfo: [/proc/self/status]	VmData:	  205888 kB
20220312 054246.742 INFO             PET1 PIOc_sync Exit - MemInfo: [/proc/self/status]	VmStk:	     144 kB
20220312 054246.742 INFO             PET1 PIOc_sync Exit - MemInfo: [/proc/self/status]	VmExe:	     324 kB
20220312 054246.742 INFO             PET1 PIOc_sync Exit - MemInfo: [/proc/self/status]	VmLib:	   83112 kB
20220312 054246.742 INFO             PET1 PIOc_sync Exit - MemInfo: [/proc/self/status]	VmPTE:	     992 kB
20220312 054246.742 INFO             PET1 PIOc_sync Exit - MemInfo: [/proc/self/status]	VmSwap:	       0 kB
20220312 054246.742 INFO             PET1 PIOc_sync Exit - MemInfo: [/proc/self/status]	VmRSSPercent: 0.0259231 %
20220312 054246.742 INFO             PET1 PIOc_sync Exit - MemInfo: [malloc] Non-mmapped space allocated:                22921216 Byte
20220312 054246.742 INFO             PET1 PIOc_sync Exit - MemInfo: [malloc] Space allocated in mmapped regions:          1581056 Byte
20220312 054246.742 INFO             PET1 PIOc_sync Exit - MemInfo: [malloc] Maximum total allocated space:                     0 Byte
20220312 054246.742 INFO             PET1 PIOc_sync Exit - MemInfo: [malloc] Space in freed fastbin blocks:                  1680 Byte
20220312 054246.742 INFO             PET1 PIOc_sync Exit - MemInfo: [malloc] Total allocated space:                      12279312 Byte
20220312 054246.742 INFO             PET1 PIOc_sync Exit - MemInfo: [malloc] Total free space:                           10641904 Byte
20220312 054246.742 INFO             PET1 PIOc_sync Exit - MemInfo: [malloc] Top-most, releasable space:                  8521968 Byte
20220312 054246.742 INFO             PET1 PIOc_sync Exit - MemInfo: [malloc] Total space in use, mmap + non-mmap:        13860368 Byte
20220312 054246.742 INFO             PET1 PIOc_sync Exit - MemInfo: [malloc] Total space held (mmap + non-mmap):         24502272 Byte
20220312 054246.742 INFO             PET1 PIOc_sync Exit - MemInfo: [malloc] Total space used (mmap + non-mmap):         13869712 Byte
20220312 054246.742 INFO             PET1 PIOc_sync Exit - MemInfo: Wall-clock time since execution start:               0.457074 seconds
20220312 054246.743 INFO             PET1 PIOc_freedecomp Enter - MemInfo: [/proc/meminfo - SSI]	MemTotal:       196442820 kB
20220312 054246.743 INFO             PET1 PIOc_freedecomp Enter - MemInfo: [/proc/meminfo - SSI]	MemFree:        186806220 kB
20220312 054246.743 INFO             PET1 PIOc_freedecomp Enter - MemInfo: [/proc/meminfo - SSI]	MemAvailable:   191640008 kB
20220312 054246.743 INFO             PET1 PIOc_freedecomp Enter - MemInfo: [/proc/meminfo - SSI]	Committed_AS:     748280 kB
20220312 054246.743 INFO             PET1 PIOc_freedecomp Enter - MemInfo: [/proc/meminfo - SSI]	CommittedPercent: 0.380915 %
20220312 054246.743 INFO             PET1 PIOc_freedecomp Enter - MemInfo: [/proc/self/status]	VmPeak:	  688672 kB
20220312 054246.743 INFO             PET1 PIOc_freedecomp Enter - MemInfo: [/proc/self/status]	VmSize:	  688672 kB
20220312 054246.743 INFO             PET1 PIOc_freedecomp Enter - MemInfo: [/proc/self/status]	VmLck:	       0 kB
20220312 054246.743 INFO             PET1 PIOc_freedecomp Enter - MemInfo: [/proc/self/status]	VmPin:	       0 kB
20220312 054246.743 INFO             PET1 PIOc_freedecomp Enter - MemInfo: [/proc/self/status]	VmHWM:	   73764 kB
20220312 054246.743 INFO             PET1 PIOc_freedecomp Enter - MemInfo: [/proc/self/status]	VmRSS:	   50924 kB
20220312 054246.743 INFO             PET1 PIOc_freedecomp Enter - MemInfo: [/proc/self/status]	VmData:	  205888 kB
20220312 054246.743 INFO             PET1 PIOc_freedecomp Enter - MemInfo: [/proc/self/status]	VmStk:	     144 kB
20220312 054246.743 INFO             PET1 PIOc_freedecomp Enter - MemInfo: [/proc/self/status]	VmExe:	     324 kB
20220312 054246.743 INFO             PET1 PIOc_freedecomp Enter - MemInfo: [/proc/self/status]	VmLib:	   83112 kB
20220312 054246.743 INFO             PET1 PIOc_freedecomp Enter - MemInfo: [/proc/self/status]	VmPTE:	     992 kB
20220312 054246.743 INFO             PET1 PIOc_freedecomp Enter - MemInfo: [/proc/self/status]	VmSwap:	       0 kB
20220312 054246.743 INFO             PET1 PIOc_freedecomp Enter - MemInfo: [/proc/self/status]	VmRSSPercent: 0.0259231 %
20220312 054246.743 INFO             PET1 PIOc_freedecomp Enter - MemInfo: [malloc] Non-mmapped space allocated:                22921216 Byte
20220312 054246.743 INFO             PET1 PIOc_freedecomp Enter - MemInfo: [malloc] Space allocated in mmapped regions:          1581056 Byte
20220312 054246.743 INFO             PET1 PIOc_freedecomp Enter - MemInfo: [malloc] Maximum total allocated space:                     0 Byte
20220312 054246.743 INFO             PET1 PIOc_freedecomp Enter - MemInfo: [malloc] Space in freed fastbin blocks:                  1776 Byte
20220312 054246.743 INFO             PET1 PIOc_freedecomp Enter - MemInfo: [malloc] Total allocated space:                      12277488 Byte
20220312 054246.743 INFO             PET1 PIOc_freedecomp Enter - MemInfo: [malloc] Total free space:                           10643728 Byte
20220312 054246.743 INFO             PET1 PIOc_freedecomp Enter - MemInfo: [malloc] Top-most, releasable space:                  8521968 Byte
20220312 054246.743 INFO             PET1 PIOc_freedecomp Enter - MemInfo: [malloc] Total space in use, mmap + non-mmap:        13858544 Byte
20220312 054246.743 INFO             PET1 PIOc_freedecomp Enter - MemInfo: [malloc] Total space held (mmap + non-mmap):         24502272 Byte
20220312 054246.743 INFO             PET1 PIOc_freedecomp Enter - MemInfo: [malloc] Total space used (mmap + non-mmap):         13867888 Byte
20220312 054246.743 INFO             PET1 PIOc_freedecomp Enter - MemInfo: Wall-clock time since execution start:               0.457515 seconds
20220312 054246.743 INFO             PET1 PIOc_freedecomp Exit - MemInfo: [/proc/meminfo - SSI]	MemTotal:       196442820 kB
20220312 054246.743 INFO             PET1 PIOc_freedecomp Exit - MemInfo: [/proc/meminfo - SSI]	MemFree:        186806220 kB
20220312 054246.743 INFO             PET1 PIOc_freedecomp Exit - MemInfo: [/proc/meminfo - SSI]	MemAvailable:   191640008 kB
20220312 054246.743 INFO             PET1 PIOc_freedecomp Exit - MemInfo: [/proc/meminfo - SSI]	Committed_AS:     748280 kB
20220312 054246.743 INFO             PET1 PIOc_freedecomp Exit - MemInfo: [/proc/meminfo - SSI]	CommittedPercent: 0.380915 %
20220312 054246.743 INFO             PET1 PIOc_freedecomp Exit - MemInfo: [/proc/self/status]	VmPeak:	  688672 kB
20220312 054246.743 INFO             PET1 PIOc_freedecomp Exit - MemInfo: [/proc/self/status]	VmSize:	  688672 kB
20220312 054246.743 INFO             PET1 PIOc_freedecomp Exit - MemInfo: [/proc/self/status]	VmLck:	       0 kB
20220312 054246.743 INFO             PET1 PIOc_freedecomp Exit - MemInfo: [/proc/self/status]	VmPin:	       0 kB
20220312 054246.743 INFO             PET1 PIOc_freedecomp Exit - MemInfo: [/proc/self/status]	VmHWM:	   73764 kB
20220312 054246.743 INFO             PET1 PIOc_freedecomp Exit - MemInfo: [/proc/self/status]	VmRSS:	   50924 kB
20220312 054246.743 INFO             PET1 PIOc_freedecomp Exit - MemInfo: [/proc/self/status]	VmData:	  205888 kB
20220312 054246.743 INFO             PET1 PIOc_freedecomp Exit - MemInfo: [/proc/self/status]	VmStk:	     144 kB
20220312 054246.743 INFO             PET1 PIOc_freedecomp Exit - MemInfo: [/proc/self/status]	VmExe:	     324 kB
20220312 054246.743 INFO             PET1 PIOc_freedecomp Exit - MemInfo: [/proc/self/status]	VmLib:	   83112 kB
20220312 054246.743 INFO             PET1 PIOc_freedecomp Exit - MemInfo: [/proc/self/status]	VmPTE:	     992 kB
20220312 054246.743 INFO             PET1 PIOc_freedecomp Exit - MemInfo: [/proc/self/status]	VmSwap:	       0 kB
20220312 054246.743 INFO             PET1 PIOc_freedecomp Exit - MemInfo: [/proc/self/status]	VmRSSPercent: 0.0259231 %
20220312 054246.743 INFO             PET1 PIOc_freedecomp Exit - MemInfo: [malloc] Non-mmapped space allocated:                22921216 Byte
20220312 054246.743 INFO             PET1 PIOc_freedecomp Exit - MemInfo: [malloc] Space allocated in mmapped regions:          1581056 Byte
20220312 054246.743 INFO             PET1 PIOc_freedecomp Exit - MemInfo: [malloc] Maximum total allocated space:                     0 Byte
20220312 054246.743 INFO             PET1 PIOc_freedecomp Exit - MemInfo: [malloc] Space in freed fastbin blocks:                  2144 Byte
20220312 054246.743 INFO             PET1 PIOc_freedecomp Exit - MemInfo: [malloc] Total allocated space:                      12274544 Byte
20220312 054246.743 INFO             PET1 PIOc_freedecomp Exit - MemInfo: [malloc] Total free space:                           10646672 Byte
20220312 054246.743 INFO             PET1 PIOc_freedecomp Exit - MemInfo: [malloc] Top-most, releasable space:                  8521968 Byte
20220312 054246.743 INFO             PET1 PIOc_freedecomp Exit - MemInfo: [malloc] Total space in use, mmap + non-mmap:        13855600 Byte
20220312 054246.743 INFO             PET1 PIOc_freedecomp Exit - MemInfo: [malloc] Total space held (mmap + non-mmap):         24502272 Byte
20220312 054246.743 INFO             PET1 PIOc_freedecomp Exit - MemInfo: [malloc] Total space used (mmap + non-mmap):         13864944 Byte
20220312 054246.743 INFO             PET1 PIOc_freedecomp Exit - MemInfo: Wall-clock time since execution start:               0.457899 seconds
20220312 054246.745 INFO             PET1 PIOc_sync Enter - MemInfo: [/proc/meminfo - SSI]	MemTotal:       196442820 kB
20220312 054246.745 INFO             PET1 PIOc_sync Enter - MemInfo: [/proc/meminfo - SSI]	MemFree:        186806220 kB
20220312 054246.745 INFO             PET1 PIOc_sync Enter - MemInfo: [/proc/meminfo - SSI]	MemAvailable:   191640008 kB
20220312 054246.745 INFO             PET1 PIOc_sync Enter - MemInfo: [/proc/meminfo - SSI]	Committed_AS:     748280 kB
20220312 054246.745 INFO             PET1 PIOc_sync Enter - MemInfo: [/proc/meminfo - SSI]	CommittedPercent: 0.380915 %
20220312 054246.745 INFO             PET1 PIOc_sync Enter - MemInfo: [/proc/self/status]	VmPeak:	  688672 kB
20220312 054246.745 INFO             PET1 PIOc_sync Enter - MemInfo: [/proc/self/status]	VmSize:	  688672 kB
20220312 054246.745 INFO             PET1 PIOc_sync Enter - MemInfo: [/proc/self/status]	VmLck:	       0 kB
20220312 054246.745 INFO             PET1 PIOc_sync Enter - MemInfo: [/proc/self/status]	VmPin:	       0 kB
20220312 054246.745 INFO             PET1 PIOc_sync Enter - MemInfo: [/proc/self/status]	VmHWM:	   73764 kB
20220312 054246.745 INFO             PET1 PIOc_sync Enter - MemInfo: [/proc/self/status]	VmRSS:	   50924 kB
20220312 054246.745 INFO             PET1 PIOc_sync Enter - MemInfo: [/proc/self/status]	VmData:	  205888 kB
20220312 054246.745 INFO             PET1 PIOc_sync Enter - MemInfo: [/proc/self/status]	VmStk:	     144 kB
20220312 054246.745 INFO             PET1 PIOc_sync Enter - MemInfo: [/proc/self/status]	VmExe:	     324 kB
20220312 054246.745 INFO             PET1 PIOc_sync Enter - MemInfo: [/proc/self/status]	VmLib:	   83112 kB
20220312 054246.745 INFO             PET1 PIOc_sync Enter - MemInfo: [/proc/self/status]	VmPTE:	     992 kB
20220312 054246.745 INFO             PET1 PIOc_sync Enter - MemInfo: [/proc/self/status]	VmSwap:	       0 kB
20220312 054246.745 INFO             PET1 PIOc_sync Enter - MemInfo: [/proc/self/status]	VmRSSPercent: 0.0259231 %
20220312 054246.745 INFO             PET1 PIOc_sync Enter - MemInfo: [malloc] Non-mmapped space allocated:                22921216 Byte
20220312 054246.745 INFO             PET1 PIOc_sync Enter - MemInfo: [malloc] Space allocated in mmapped regions:          1581056 Byte
20220312 054246.745 INFO             PET1 PIOc_sync Enter - MemInfo: [malloc] Maximum total allocated space:                     0 Byte
20220312 054246.745 INFO             PET1 PIOc_sync Enter - MemInfo: [malloc] Space in freed fastbin blocks:                  2960 Byte
20220312 054246.745 INFO             PET1 PIOc_sync Enter - MemInfo: [malloc] Total allocated space:                      12279680 Byte
20220312 054246.745 INFO             PET1 PIOc_sync Enter - MemInfo: [malloc] Total free space:                           10641536 Byte
20220312 054246.745 INFO             PET1 PIOc_sync Enter - MemInfo: [malloc] Top-most, releasable space:                  8521968 Byte
20220312 054246.745 INFO             PET1 PIOc_sync Enter - MemInfo: [malloc] Total space in use, mmap + non-mmap:        13860736 Byte
20220312 054246.745 INFO             PET1 PIOc_sync Enter - MemInfo: [malloc] Total space held (mmap + non-mmap):         24502272 Byte
20220312 054246.745 INFO             PET1 PIOc_sync Enter - MemInfo: [malloc] Total space used (mmap + non-mmap):         13870080 Byte
20220312 054246.745 INFO             PET1 PIOc_sync Enter - MemInfo: Wall-clock time since execution start:               0.459786 seconds
20220312 054246.746 INFO             PET1 PIOc_sync Exit - MemInfo: [/proc/meminfo - SSI]	MemTotal:       196442820 kB
20220312 054246.746 INFO             PET1 PIOc_sync Exit - MemInfo: [/proc/meminfo - SSI]	MemFree:        186806220 kB
20220312 054246.746 INFO             PET1 PIOc_sync Exit - MemInfo: [/proc/meminfo - SSI]	MemAvailable:   191640008 kB
20220312 054246.746 INFO             PET1 PIOc_sync Exit - MemInfo: [/proc/meminfo - SSI]	Committed_AS:     748280 kB
20220312 054246.746 INFO             PET1 PIOc_sync Exit - MemInfo: [/proc/meminfo - SSI]	CommittedPercent: 0.380915 %
20220312 054246.746 INFO             PET1 PIOc_sync Exit - MemInfo: [/proc/self/status]	VmPeak:	  688672 kB
20220312 054246.746 INFO             PET1 PIOc_sync Exit - MemInfo: [/proc/self/status]	VmSize:	  688672 kB
20220312 054246.746 INFO             PET1 PIOc_sync Exit - MemInfo: [/proc/self/status]	VmLck:	       0 kB
20220312 054246.746 INFO             PET1 PIOc_sync Exit - MemInfo: [/proc/self/status]	VmPin:	       0 kB
20220312 054246.746 INFO             PET1 PIOc_sync Exit - MemInfo: [/proc/self/status]	VmHWM:	   73764 kB
20220312 054246.746 INFO             PET1 PIOc_sync Exit - MemInfo: [/proc/self/status]	VmRSS:	   50924 kB
20220312 054246.746 INFO             PET1 PIOc_sync Exit - MemInfo: [/proc/self/status]	VmData:	  205888 kB
20220312 054246.746 INFO             PET1 PIOc_sync Exit - MemInfo: [/proc/self/status]	VmStk:	     144 kB
20220312 054246.746 INFO             PET1 PIOc_sync Exit - MemInfo: [/proc/self/status]	VmExe:	     324 kB
20220312 054246.746 INFO             PET1 PIOc_sync Exit - MemInfo: [/proc/self/status]	VmLib:	   83112 kB
20220312 054246.746 INFO             PET1 PIOc_sync Exit - MemInfo: [/proc/self/status]	VmPTE:	     992 kB
20220312 054246.746 INFO             PET1 PIOc_sync Exit - MemInfo: [/proc/self/status]	VmSwap:	       0 kB
20220312 054246.746 INFO             PET1 PIOc_sync Exit - MemInfo: [/proc/self/status]	VmRSSPercent: 0.0259231 %
20220312 054246.746 INFO             PET1 PIOc_sync Exit - MemInfo: [malloc] Non-mmapped space allocated:                22921216 Byte
20220312 054246.746 INFO             PET1 PIOc_sync Exit - MemInfo: [malloc] Space allocated in mmapped regions:          1581056 Byte
20220312 054246.746 INFO             PET1 PIOc_sync Exit - MemInfo: [malloc] Maximum total allocated space:                     0 Byte
20220312 054246.746 INFO             PET1 PIOc_sync Exit - MemInfo: [malloc] Space in freed fastbin blocks:                  1712 Byte
20220312 054246.746 INFO             PET1 PIOc_sync Exit - MemInfo: [malloc] Total allocated space:                      12279360 Byte
20220312 054246.746 INFO             PET1 PIOc_sync Exit - MemInfo: [malloc] Total free space:                           10641856 Byte
20220312 054246.746 INFO             PET1 PIOc_sync Exit - MemInfo: [malloc] Top-most, releasable space:                  8521968 Byte
20220312 054246.746 INFO             PET1 PIOc_sync Exit - MemInfo: [malloc] Total space in use, mmap + non-mmap:        13860416 Byte
20220312 054246.746 INFO             PET1 PIOc_sync Exit - MemInfo: [malloc] Total space held (mmap + non-mmap):         24502272 Byte
20220312 054246.746 INFO             PET1 PIOc_sync Exit - MemInfo: [malloc] Total space used (mmap + non-mmap):         13869760 Byte
20220312 054246.746 INFO             PET1 PIOc_sync Exit - MemInfo: Wall-clock time since execution start:                 0.4607 seconds
20220312 054246.746 INFO             PET1 PIOc_freedecomp Enter - MemInfo: [/proc/meminfo - SSI]	MemTotal:       196442820 kB
20220312 054246.746 INFO             PET1 PIOc_freedecomp Enter - MemInfo: [/proc/meminfo - SSI]	MemFree:        186806220 kB
20220312 054246.746 INFO             PET1 PIOc_freedecomp Enter - MemInfo: [/proc/meminfo - SSI]	MemAvailable:   191640008 kB
20220312 054246.746 INFO             PET1 PIOc_freedecomp Enter - MemInfo: [/proc/meminfo - SSI]	Committed_AS:     748280 kB
20220312 054246.746 INFO             PET1 PIOc_freedecomp Enter - MemInfo: [/proc/meminfo - SSI]	CommittedPercent: 0.380915 %
20220312 054246.746 INFO             PET1 PIOc_freedecomp Enter - MemInfo: [/proc/self/status]	VmPeak:	  688672 kB
20220312 054246.746 INFO             PET1 PIOc_freedecomp Enter - MemInfo: [/proc/self/status]	VmSize:	  688672 kB
20220312 054246.746 INFO             PET1 PIOc_freedecomp Enter - MemInfo: [/proc/self/status]	VmLck:	       0 kB
20220312 054246.746 INFO             PET1 PIOc_freedecomp Enter - MemInfo: [/proc/self/status]	VmPin:	       0 kB
20220312 054246.746 INFO             PET1 PIOc_freedecomp Enter - MemInfo: [/proc/self/status]	VmHWM:	   73764 kB
20220312 054246.746 INFO             PET1 PIOc_freedecomp Enter - MemInfo: [/proc/self/status]	VmRSS:	   50924 kB
20220312 054246.746 INFO             PET1 PIOc_freedecomp Enter - MemInfo: [/proc/self/status]	VmData:	  205888 kB
20220312 054246.746 INFO             PET1 PIOc_freedecomp Enter - MemInfo: [/proc/self/status]	VmStk:	     144 kB
20220312 054246.746 INFO             PET1 PIOc_freedecomp Enter - MemInfo: [/proc/self/status]	VmExe:	     324 kB
20220312 054246.746 INFO             PET1 PIOc_freedecomp Enter - MemInfo: [/proc/self/status]	VmLib:	   83112 kB
20220312 054246.746 INFO             PET1 PIOc_freedecomp Enter - MemInfo: [/proc/self/status]	VmPTE:	     992 kB
20220312 054246.746 INFO             PET1 PIOc_freedecomp Enter - MemInfo: [/proc/self/status]	VmSwap:	       0 kB
20220312 054246.746 INFO             PET1 PIOc_freedecomp Enter - MemInfo: [/proc/self/status]	VmRSSPercent: 0.0259231 %
20220312 054246.746 INFO             PET1 PIOc_freedecomp Enter - MemInfo: [malloc] Non-mmapped space allocated:                22921216 Byte
20220312 054246.746 INFO             PET1 PIOc_freedecomp Enter - MemInfo: [malloc] Space allocated in mmapped regions:          1581056 Byte
20220312 054246.746 INFO             PET1 PIOc_freedecomp Enter - MemInfo: [malloc] Maximum total allocated space:                     0 Byte
20220312 054246.746 INFO             PET1 PIOc_freedecomp Enter - MemInfo: [malloc] Space in freed fastbin blocks:                  1904 Byte
20220312 054246.746 INFO             PET1 PIOc_freedecomp Enter - MemInfo: [malloc] Total allocated space:                      12277392 Byte
20220312 054246.746 INFO             PET1 PIOc_freedecomp Enter - MemInfo: [malloc] Total free space:                           10643824 Byte
20220312 054246.746 INFO             PET1 PIOc_freedecomp Enter - MemInfo: [malloc] Top-most, releasable space:                  8521968 Byte
20220312 054246.746 INFO             PET1 PIOc_freedecomp Enter - MemInfo: [malloc] Total space in use, mmap + non-mmap:        13858448 Byte
20220312 054246.746 INFO             PET1 PIOc_freedecomp Enter - MemInfo: [malloc] Total space held (mmap + non-mmap):         24502272 Byte
20220312 054246.746 INFO             PET1 PIOc_freedecomp Enter - MemInfo: [malloc] Total space used (mmap + non-mmap):         13867792 Byte
20220312 054246.747 INFO             PET1 PIOc_freedecomp Enter - MemInfo: Wall-clock time since execution start:               0.461136 seconds
20220312 054246.747 INFO             PET1 PIOc_freedecomp Exit - MemInfo: [/proc/meminfo - SSI]	MemTotal:       196442820 kB
20220312 054246.747 INFO             PET1 PIOc_freedecomp Exit - MemInfo: [/proc/meminfo - SSI]	MemFree:        186806220 kB
20220312 054246.747 INFO             PET1 PIOc_freedecomp Exit - MemInfo: [/proc/meminfo - SSI]	MemAvailable:   191640008 kB
20220312 054246.747 INFO             PET1 PIOc_freedecomp Exit - MemInfo: [/proc/meminfo - SSI]	Committed_AS:     748280 kB
20220312 054246.747 INFO             PET1 PIOc_freedecomp Exit - MemInfo: [/proc/meminfo - SSI]	CommittedPercent: 0.380915 %
20220312 054246.747 INFO             PET1 PIOc_freedecomp Exit - MemInfo: [/proc/self/status]	VmPeak:	  688672 kB
20220312 054246.747 INFO             PET1 PIOc_freedecomp Exit - MemInfo: [/proc/self/status]	VmSize:	  688672 kB
20220312 054246.747 INFO             PET1 PIOc_freedecomp Exit - MemInfo: [/proc/self/status]	VmLck:	       0 kB
20220312 054246.747 INFO             PET1 PIOc_freedecomp Exit - MemInfo: [/proc/self/status]	VmPin:	       0 kB
20220312 054246.747 INFO             PET1 PIOc_freedecomp Exit - MemInfo: [/proc/self/status]	VmHWM:	   73764 kB
20220312 054246.747 INFO             PET1 PIOc_freedecomp Exit - MemInfo: [/proc/self/status]	VmRSS:	   50924 kB
20220312 054246.747 INFO             PET1 PIOc_freedecomp Exit - MemInfo: [/proc/self/status]	VmData:	  205888 kB
20220312 054246.747 INFO             PET1 PIOc_freedecomp Exit - MemInfo: [/proc/self/status]	VmStk:	     144 kB
20220312 054246.747 INFO             PET1 PIOc_freedecomp Exit - MemInfo: [/proc/self/status]	VmExe:	     324 kB
20220312 054246.747 INFO             PET1 PIOc_freedecomp Exit - MemInfo: [/proc/self/status]	VmLib:	   83112 kB
20220312 054246.747 INFO             PET1 PIOc_freedecomp Exit - MemInfo: [/proc/self/status]	VmPTE:	     992 kB
20220312 054246.747 INFO             PET1 PIOc_freedecomp Exit - MemInfo: [/proc/self/status]	VmSwap:	       0 kB
20220312 054246.747 INFO             PET1 PIOc_freedecomp Exit - MemInfo: [/proc/self/status]	VmRSSPercent: 0.0259231 %
20220312 054246.747 INFO             PET1 PIOc_freedecomp Exit - MemInfo: [malloc] Non-mmapped space allocated:                22921216 Byte
20220312 054246.747 INFO             PET1 PIOc_freedecomp Exit - MemInfo: [malloc] Space allocated in mmapped regions:          1581056 Byte
20220312 054246.747 INFO             PET1 PIOc_freedecomp Exit - MemInfo: [malloc] Maximum total allocated space:                     0 Byte
20220312 054246.747 INFO             PET1 PIOc_freedecomp Exit - MemInfo: [malloc] Space in freed fastbin blocks:                  2128 Byte
20220312 054246.747 INFO             PET1 PIOc_freedecomp Exit - MemInfo: [malloc] Total allocated space:                      12274464 Byte
20220312 054246.747 INFO             PET1 PIOc_freedecomp Exit - MemInfo: [malloc] Total free space:                           10646752 Byte
20220312 054246.747 INFO             PET1 PIOc_freedecomp Exit - MemInfo: [malloc] Top-most, releasable space:                  8521968 Byte
20220312 054246.747 INFO             PET1 PIOc_freedecomp Exit - MemInfo: [malloc] Total space in use, mmap + non-mmap:        13855520 Byte
20220312 054246.747 INFO             PET1 PIOc_freedecomp Exit - MemInfo: [malloc] Total space held (mmap + non-mmap):         24502272 Byte
20220312 054246.747 INFO             PET1 PIOc_freedecomp Exit - MemInfo: [malloc] Total space used (mmap + non-mmap):         13864864 Byte
20220312 054246.747 INFO             PET1 PIOc_freedecomp Exit - MemInfo: Wall-clock time since execution start:               0.461487 seconds
20220312 054246.750 INFO             PET1  PASS  ESMF_FieldRegridStoreFromFile Unit Test, ESMF_FieldSMMFromFileUTest.F90, line 315
20220312 054246.750 INFO             PET1  Ending Test, file ESMF_FieldSMMFromFileUTest.F90, line 322
20220312 054246.750 INFO             PET1 Finalizing ESMF
20220312 054246.289 INFO             PET2 !!!!!!!!!!!!!!!!!!!!!!!!!!!!!!!!!!!!!!!!!!!!!!!!!!!!!!
20220312 054246.289 INFO             PET2 !!! THE ESMF_LOG IS SET TO OUTPUT ALL LOG MESSAGES !!!
20220312 054246.289 INFO             PET2 !!!     THIS MAY CAUSE SLOWDOWN IN PERFORMANCE     !!!
20220312 054246.289 INFO             PET2 !!! FOR PRODUCTION RUNS, USE:                      !!!
20220312 054246.289 INFO             PET2 !!!                   ESMF_LOGKIND_Multi_On_Error  !!!
20220312 054246.289 INFO             PET2 !!!!!!!!!!!!!!!!!!!!!!!!!!!!!!!!!!!!!!!!!!!!!!!!!!!!!!
20220312 054246.289 INFO             PET2 Running with ESMF Version   : v8.3.0b09-96-g559b459
20220312 054246.289 INFO             PET2 ESMF library build date/time: "Mar 12 2022" "04:14:42"
20220312 054246.289 INFO             PET2 ESMF library build location : /work/noaa/da/mpotts/sandbox/gfortran_8.3.0_openmpi_g_jedwards_pio_update2
20220312 054246.289 INFO             PET2 ESMF_COMM                   : openmpi
20220312 054246.290 INFO             PET2 ESMF_MOAB                   : enabled
20220312 054246.290 INFO             PET2 ESMF_LAPACK                 : enabled
20220312 054246.290 INFO             PET2 ESMF_NETCDF                 : enabled
20220312 054246.290 INFO             PET2 ESMF_PNETCDF                : disabled
20220312 054246.290 INFO             PET2 ESMF_PIO                    : enabled
20220312 054246.290 INFO             PET2 ESMF_YAMLCPP                : enabled
20220312 054246.290 INFO             PET2  Beginning Test, file ESMF_FieldSMMFromFileUTest.F90, line 287
20220312 054246.290 INFO             PET2  NUMBER_OF_PROCESSORS           4
20220312 054246.724 INFO             PET2  PASS  ESMF_FieldSMMFromFile Unit Test, ESMF_FieldSMMFromFileUTest.F90, line 300
20220312 054246.737 INFO             PET2 PIOc_sync Enter - MemInfo: [/proc/meminfo - SSI]	MemTotal:       196442820 kB
20220312 054246.737 INFO             PET2 PIOc_sync Enter - MemInfo: [/proc/meminfo - SSI]	MemFree:        186806220 kB
20220312 054246.737 INFO             PET2 PIOc_sync Enter - MemInfo: [/proc/meminfo - SSI]	MemAvailable:   191640008 kB
20220312 054246.737 INFO             PET2 PIOc_sync Enter - MemInfo: [/proc/meminfo - SSI]	Committed_AS:     748280 kB
20220312 054246.737 INFO             PET2 PIOc_sync Enter - MemInfo: [/proc/meminfo - SSI]	CommittedPercent: 0.380915 %
20220312 054246.737 INFO             PET2 PIOc_sync Enter - MemInfo: [/proc/self/status]	VmPeak:	  688680 kB
20220312 054246.737 INFO             PET2 PIOc_sync Enter - MemInfo: [/proc/self/status]	VmSize:	  688680 kB
20220312 054246.737 INFO             PET2 PIOc_sync Enter - MemInfo: [/proc/self/status]	VmLck:	       0 kB
20220312 054246.737 INFO             PET2 PIOc_sync Enter - MemInfo: [/proc/self/status]	VmPin:	       0 kB
20220312 054246.737 INFO             PET2 PIOc_sync Enter - MemInfo: [/proc/self/status]	VmHWM:	   71724 kB
20220312 054246.737 INFO             PET2 PIOc_sync Enter - MemInfo: [/proc/self/status]	VmRSS:	   47412 kB
20220312 054246.737 INFO             PET2 PIOc_sync Enter - MemInfo: [/proc/self/status]	VmData:	  205896 kB
20220312 054246.737 INFO             PET2 PIOc_sync Enter - MemInfo: [/proc/self/status]	VmStk:	     144 kB
20220312 054246.737 INFO             PET2 PIOc_sync Enter - MemInfo: [/proc/self/status]	VmExe:	     324 kB
20220312 054246.737 INFO             PET2 PIOc_sync Enter - MemInfo: [/proc/self/status]	VmLib:	   83112 kB
20220312 054246.737 INFO             PET2 PIOc_sync Enter - MemInfo: [/proc/self/status]	VmPTE:	     988 kB
20220312 054246.737 INFO             PET2 PIOc_sync Enter - MemInfo: [/proc/self/status]	VmSwap:	       0 kB
20220312 054246.737 INFO             PET2 PIOc_sync Enter - MemInfo: [/proc/self/status]	VmRSSPercent: 0.0241353 %
20220312 054246.737 INFO             PET2 PIOc_sync Enter - MemInfo: [malloc] Non-mmapped space allocated:                22929408 Byte
20220312 054246.737 INFO             PET2 PIOc_sync Enter - MemInfo: [malloc] Space allocated in mmapped regions:          1581056 Byte
20220312 054246.737 INFO             PET2 PIOc_sync Enter - MemInfo: [malloc] Maximum total allocated space:                     0 Byte
20220312 054246.737 INFO             PET2 PIOc_sync Enter - MemInfo: [malloc] Space in freed fastbin blocks:                  2976 Byte
20220312 054246.737 INFO             PET2 PIOc_sync Enter - MemInfo: [malloc] Total allocated space:                      12221984 Byte
20220312 054246.737 INFO             PET2 PIOc_sync Enter - MemInfo: [malloc] Total free space:                           10707424 Byte
20220312 054246.737 INFO             PET2 PIOc_sync Enter - MemInfo: [malloc] Top-most, releasable space:                  8522048 Byte
20220312 054246.737 INFO             PET2 PIOc_sync Enter - MemInfo: [malloc] Total space in use, mmap + non-mmap:        13803040 Byte
20220312 054246.737 INFO             PET2 PIOc_sync Enter - MemInfo: [malloc] Total space held (mmap + non-mmap):         24510464 Byte
20220312 054246.737 INFO             PET2 PIOc_sync Enter - MemInfo: [malloc] Total space used (mmap + non-mmap):         13812384 Byte
20220312 054246.737 INFO             PET2 PIOc_sync Enter - MemInfo: Wall-clock time since execution start:               0.456742 seconds
20220312 054246.739 INFO             PET2 PIOc_sync Exit - MemInfo: [/proc/meminfo - SSI]	MemTotal:       196442820 kB
20220312 054246.739 INFO             PET2 PIOc_sync Exit - MemInfo: [/proc/meminfo - SSI]	MemFree:        186806220 kB
20220312 054246.739 INFO             PET2 PIOc_sync Exit - MemInfo: [/proc/meminfo - SSI]	MemAvailable:   191640008 kB
20220312 054246.739 INFO             PET2 PIOc_sync Exit - MemInfo: [/proc/meminfo - SSI]	Committed_AS:     748280 kB
20220312 054246.739 INFO             PET2 PIOc_sync Exit - MemInfo: [/proc/meminfo - SSI]	CommittedPercent: 0.380915 %
20220312 054246.739 INFO             PET2 PIOc_sync Exit - MemInfo: [/proc/self/status]	VmPeak:	  688680 kB
20220312 054246.739 INFO             PET2 PIOc_sync Exit - MemInfo: [/proc/self/status]	VmSize:	  688680 kB
20220312 054246.739 INFO             PET2 PIOc_sync Exit - MemInfo: [/proc/self/status]	VmLck:	       0 kB
20220312 054246.739 INFO             PET2 PIOc_sync Exit - MemInfo: [/proc/self/status]	VmPin:	       0 kB
20220312 054246.739 INFO             PET2 PIOc_sync Exit - MemInfo: [/proc/self/status]	VmHWM:	   71724 kB
20220312 054246.739 INFO             PET2 PIOc_sync Exit - MemInfo: [/proc/self/status]	VmRSS:	   47476 kB
20220312 054246.739 INFO             PET2 PIOc_sync Exit - MemInfo: [/proc/self/status]	VmData:	  205896 kB
20220312 054246.739 INFO             PET2 PIOc_sync Exit - MemInfo: [/proc/self/status]	VmStk:	     144 kB
20220312 054246.739 INFO             PET2 PIOc_sync Exit - MemInfo: [/proc/self/status]	VmExe:	     324 kB
20220312 054246.739 INFO             PET2 PIOc_sync Exit - MemInfo: [/proc/self/status]	VmLib:	   83112 kB
20220312 054246.739 INFO             PET2 PIOc_sync Exit - MemInfo: [/proc/self/status]	VmPTE:	     988 kB
20220312 054246.739 INFO             PET2 PIOc_sync Exit - MemInfo: [/proc/self/status]	VmSwap:	       0 kB
20220312 054246.739 INFO             PET2 PIOc_sync Exit - MemInfo: [/proc/self/status]	VmRSSPercent: 0.0241678 %
20220312 054246.739 INFO             PET2 PIOc_sync Exit - MemInfo: [malloc] Non-mmapped space allocated:                22929408 Byte
20220312 054246.739 INFO             PET2 PIOc_sync Exit - MemInfo: [malloc] Space allocated in mmapped regions:          1581056 Byte
20220312 054246.739 INFO             PET2 PIOc_sync Exit - MemInfo: [malloc] Maximum total allocated space:                     0 Byte
20220312 054246.739 INFO             PET2 PIOc_sync Exit - MemInfo: [malloc] Space in freed fastbin blocks:                  1584 Byte
20220312 054246.739 INFO             PET2 PIOc_sync Exit - MemInfo: [malloc] Total allocated space:                      12221408 Byte
20220312 054246.739 INFO             PET2 PIOc_sync Exit - MemInfo: [malloc] Total free space:                           10708000 Byte
20220312 054246.739 INFO             PET2 PIOc_sync Exit - MemInfo: [malloc] Top-most, releasable space:                  8522048 Byte
20220312 054246.739 INFO             PET2 PIOc_sync Exit - MemInfo: [malloc] Total space in use, mmap + non-mmap:        13802464 Byte
20220312 054246.739 INFO             PET2 PIOc_sync Exit - MemInfo: [malloc] Total space held (mmap + non-mmap):         24510464 Byte
20220312 054246.739 INFO             PET2 PIOc_sync Exit - MemInfo: [malloc] Total space used (mmap + non-mmap):         13811808 Byte
20220312 054246.739 INFO             PET2 PIOc_sync Exit - MemInfo: Wall-clock time since execution start:               0.458161 seconds
20220312 054246.739 INFO             PET2 PIOc_freedecomp Enter - MemInfo: [/proc/meminfo - SSI]	MemTotal:       196442820 kB
20220312 054246.739 INFO             PET2 PIOc_freedecomp Enter - MemInfo: [/proc/meminfo - SSI]	MemFree:        186806220 kB
20220312 054246.739 INFO             PET2 PIOc_freedecomp Enter - MemInfo: [/proc/meminfo - SSI]	MemAvailable:   191640008 kB
20220312 054246.739 INFO             PET2 PIOc_freedecomp Enter - MemInfo: [/proc/meminfo - SSI]	Committed_AS:     748280 kB
20220312 054246.739 INFO             PET2 PIOc_freedecomp Enter - MemInfo: [/proc/meminfo - SSI]	CommittedPercent: 0.380915 %
20220312 054246.739 INFO             PET2 PIOc_freedecomp Enter - MemInfo: [/proc/self/status]	VmPeak:	  688680 kB
20220312 054246.739 INFO             PET2 PIOc_freedecomp Enter - MemInfo: [/proc/self/status]	VmSize:	  688680 kB
20220312 054246.739 INFO             PET2 PIOc_freedecomp Enter - MemInfo: [/proc/self/status]	VmLck:	       0 kB
