build time -- 2022-03-14 01:14:31.457989
20220314 013227.880 INFO             PET0 !!!!!!!!!!!!!!!!!!!!!!!!!!!!!!!!!!!!!!!!!!!!!!!!!!!!!!
20220314 013227.880 INFO             PET0 !!! THE ESMF_LOG IS SET TO OUTPUT ALL LOG MESSAGES !!!
20220314 013227.880 INFO             PET0 !!!     THIS MAY CAUSE SLOWDOWN IN PERFORMANCE     !!!
20220314 013227.880 INFO             PET0 !!! FOR PRODUCTION RUNS, USE:                      !!!
20220314 013227.880 INFO             PET0 !!!                   ESMF_LOGKIND_Multi_On_Error  !!!
20220314 013227.880 INFO             PET0 !!!!!!!!!!!!!!!!!!!!!!!!!!!!!!!!!!!!!!!!!!!!!!!!!!!!!!
20220314 013227.880 INFO             PET0 Running with ESMF Version   : v8.3.0b09-96-g559b459836
20220314 013227.880 INFO             PET0 ESMF library build date/time: "Mar 14 2022" "01:12:17"
20220314 013227.880 INFO             PET0 ESMF library build location : /gpfsm/dnb04/projects/p98/mpotts/esmf/intel_2020_intelmpi_O_jedwards_pio_update2
20220314 013227.880 INFO             PET0 ESMF_COMM                   : intelmpi
20220314 013227.881 INFO             PET0 ESMF_MOAB                   : enabled
20220314 013227.881 INFO             PET0 ESMF_LAPACK                 : enabled
20220314 013227.881 INFO             PET0 ESMF_NETCDF                 : enabled
20220314 013227.881 INFO             PET0 ESMF_PNETCDF                : disabled
20220314 013227.881 INFO             PET0 ESMF_PIO                    : enabled
20220314 013227.881 INFO             PET0 ESMF_YAMLCPP                : enabled
20220314 013227.881 INFO             PET0 Beginning Test, file ESMC_FieldRegridUTest.C, line 68
20220314 013227.881 INFO             PET0 Beginning Test, file ESMC_FieldRegridUTest.C, line 68NUMBER_OF_PROCESSORS 1
20220314 013227.881 INFO             PET0 PASS MeshCreate, ESMC_FieldRegridUTest.C, line 125
20220314 013227.882 INFO             PET0 PASS MeshAddNodes, ESMC_FieldRegridUTest.C, line 133
20220314 013227.882 INFO             PET0 PASS MeshAddElements, ESMC_FieldRegridUTest.C, line 142
20220314 013227.882 INFO             PET0 PASS MeshGetLocalNodeCount, ESMC_FieldRegridUTest.C, line 152
20220314 013227.882 INFO             PET0 PASS MeshGetLocalElementCount, ESMC_FieldRegridUTest.C, line 163
20220314 013227.882 INFO             PET0 PASS MeshCreate, ESMC_FieldRegridUTest.C, line 231
20220314 013227.882 INFO             PET0 PASS MeshAddNodes, ESMC_FieldRegridUTest.C, line 239
20220314 013227.882 INFO             PET0 PASS MeshAddElements, ESMC_FieldRegridUTest.C, line 248
20220314 013227.882 INFO             PET0 PASS MeshGetLocalNodeCount, ESMC_FieldRegridUTest.C, line 258
20220314 013227.882 INFO             PET0 PASS MeshGetLocalElementCount, ESMC_FieldRegridUTest.C, line 269
20220314 013227.883 INFO             PET0 PASS Create ESMC_Field object, ESMC_FieldRegridUTest.C, line 284
20220314 013227.883 INFO             PET0 PASS Create ESMC_Field object, ESMC_FieldRegridUTest.C, line 293
20220314 013227.884 INFO             PET0 PASS Get a void * C pointer to data from ESMC_Field object, ESMC_FieldRegridUTest.C, line 306
20220314 013227.884 INFO             PET0 PASS Get a void * C pointer to data from ESMC_Field object, ESMC_FieldRegridUTest.C, line 325
20220314 013227.884 INFO             PET0 PASS Create an InterArray for maskValues in ESMC_FieldRegridStore(), ESMC_FieldRegridUTest.C, line 343
20220314 013227.890 INFO             PET0 PIOc_sync Enter - MemInfo: [/proc/meminfo - SSI]	MemTotal:       131394444 kB
20220314 013227.890 INFO             PET0 PIOc_sync Enter - MemInfo: [/proc/meminfo - SSI]	MemFree:        124317268 kB
20220314 013227.890 INFO             PET0 PIOc_sync Enter - MemInfo: [/proc/meminfo - SSI]	MemAvailable:   123913784 kB
20220314 013227.890 INFO             PET0 PIOc_sync Enter - MemInfo: [/proc/meminfo - SSI]	Committed_AS:    5533884 kB
20220314 013227.890 INFO             PET0 PIOc_sync Enter - MemInfo: [/proc/meminfo - SSI]	CommittedPercent: 4.21166 %
20220314 013227.890 INFO             PET0 PIOc_sync Enter - MemInfo: [/proc/self/status]	VmPeak:	 2622004 kB
20220314 013227.891 INFO             PET0 PIOc_sync Enter - MemInfo: [/proc/self/status]	VmSize:	 2610684 kB
20220314 013227.891 INFO             PET0 PIOc_sync Enter - MemInfo: [/proc/self/status]	VmLck:	       0 kB
20220314 013227.891 INFO             PET0 PIOc_sync Enter - MemInfo: [/proc/self/status]	VmPin:	   71516 kB
20220314 013227.891 INFO             PET0 PIOc_sync Enter - MemInfo: [/proc/self/status]	VmHWM:	  140224 kB
20220314 013227.891 INFO             PET0 PIOc_sync Enter - MemInfo: [/proc/self/status]	VmRSS:	  140224 kB
20220314 013227.891 INFO             PET0 PIOc_sync Enter - MemInfo: [/proc/self/status]	VmData:	 2404876 kB
20220314 013227.891 INFO             PET0 PIOc_sync Enter - MemInfo: [/proc/self/status]	VmStk:	     512 kB
20220314 013227.891 INFO             PET0 PIOc_sync Enter - MemInfo: [/proc/self/status]	VmExe:	     320 kB
20220314 013227.891 INFO             PET0 PIOc_sync Enter - MemInfo: [/proc/self/status]	VmLib:	  104128 kB
20220314 013227.891 INFO             PET0 PIOc_sync Enter - MemInfo: [/proc/self/status]	VmPTE:	     612 kB
20220314 013227.891 INFO             PET0 PIOc_sync Enter - MemInfo: [/proc/self/status]	VmPMD:	      32 kB
20220314 013227.891 INFO             PET0 PIOc_sync Enter - MemInfo: [/proc/self/status]	VmSwap:	       0 kB
20220314 013227.891 INFO             PET0 PIOc_sync Enter - MemInfo: [/proc/self/status]	VmRSSPercent: 0.10672 %
20220314 013227.891 INFO             PET0 PIOc_sync Enter - MemInfo: [malloc] Non-mmapped space allocated:                 3244032 Byte
20220314 013227.891 INFO             PET0 PIOc_sync Enter - MemInfo: [malloc] Space allocated in mmapped regions:         76042240 Byte
20220314 013227.891 INFO             PET0 PIOc_sync Enter - MemInfo: [malloc] Maximum total allocated space:                     0 Byte
20220314 013227.891 INFO             PET0 PIOc_sync Enter - MemInfo: [malloc] Space in freed fastbin blocks:                   400 Byte
20220314 013227.891 INFO             PET0 PIOc_sync Enter - MemInfo: [malloc] Total allocated space:                       3049712 Byte
20220314 013227.891 INFO             PET0 PIOc_sync Enter - MemInfo: [malloc] Total free space:                             194320 Byte
20220314 013227.891 INFO             PET0 PIOc_sync Enter - MemInfo: [malloc] Top-most, releasable space:                    60480 Byte
20220314 013227.891 INFO             PET0 PIOc_sync Enter - MemInfo: [malloc] Total space in use, mmap + non-mmap:        79091952 Byte
20220314 013227.891 INFO             PET0 PIOc_sync Enter - MemInfo: [malloc] Total space held (mmap + non-mmap):         79286272 Byte
20220314 013227.891 INFO             PET0 PIOc_sync Enter - MemInfo: [malloc] Total space used (mmap + non-mmap):         79101312 Byte
20220314 013227.891 INFO             PET0 PIOc_sync Enter - MemInfo: Wall-clock time since execution start:              0.0164101 seconds
20220314 013227.892 INFO             PET0 PIOc_sync Exit - MemInfo: [/proc/meminfo - SSI]	MemTotal:       131394444 kB
20220314 013227.892 INFO             PET0 PIOc_sync Exit - MemInfo: [/proc/meminfo - SSI]	MemFree:        124317268 kB
20220314 013227.892 INFO             PET0 PIOc_sync Exit - MemInfo: [/proc/meminfo - SSI]	MemAvailable:   123913784 kB
20220314 013227.892 INFO             PET0 PIOc_sync Exit - MemInfo: [/proc/meminfo - SSI]	Committed_AS:    5533884 kB
20220314 013227.892 INFO             PET0 PIOc_sync Exit - MemInfo: [/proc/meminfo - SSI]	CommittedPercent: 4.21166 %
20220314 013227.892 INFO             PET0 PIOc_sync Exit - MemInfo: [/proc/self/status]	VmPeak:	 2622004 kB
20220314 013227.892 INFO             PET0 PIOc_sync Exit - MemInfo: [/proc/self/status]	VmSize:	 2610684 kB
20220314 013227.892 INFO             PET0 PIOc_sync Exit - MemInfo: [/proc/self/status]	VmLck:	       0 kB
20220314 013227.892 INFO             PET0 PIOc_sync Exit - MemInfo: [/proc/self/status]	VmPin:	   71516 kB
20220314 013227.892 INFO             PET0 PIOc_sync Exit - MemInfo: [/proc/self/status]	VmHWM:	  140348 kB
20220314 013227.892 INFO             PET0 PIOc_sync Exit - MemInfo: [/proc/self/status]	VmRSS:	  140348 kB
20220314 013227.892 INFO             PET0 PIOc_sync Exit - MemInfo: [/proc/self/status]	VmData:	 2404876 kB
20220314 013227.892 INFO             PET0 PIOc_sync Exit - MemInfo: [/proc/self/status]	VmStk:	     512 kB
20220314 013227.892 INFO             PET0 PIOc_sync Exit - MemInfo: [/proc/self/status]	VmExe:	     320 kB
20220314 013227.892 INFO             PET0 PIOc_sync Exit - MemInfo: [/proc/self/status]	VmLib:	  104128 kB
20220314 013227.892 INFO             PET0 PIOc_sync Exit - MemInfo: [/proc/self/status]	VmPTE:	     612 kB
20220314 013227.892 INFO             PET0 PIOc_sync Exit - MemInfo: [/proc/self/status]	VmPMD:	      32 kB
20220314 013227.892 INFO             PET0 PIOc_sync Exit - MemInfo: [/proc/self/status]	VmSwap:	       0 kB
20220314 013227.892 INFO             PET0 PIOc_sync Exit - MemInfo: [/proc/self/status]	VmRSSPercent: 0.106814 %
20220314 013227.892 INFO             PET0 PIOc_sync Exit - MemInfo: [malloc] Non-mmapped space allocated:                 3244032 Byte
20220314 013227.892 INFO             PET0 PIOc_sync Exit - MemInfo: [malloc] Space allocated in mmapped regions:         76042240 Byte
20220314 013227.892 INFO             PET0 PIOc_sync Exit - MemInfo: [malloc] Maximum total allocated space:                     0 Byte
20220314 013227.893 INFO             PET0 PIOc_sync Exit - MemInfo: [malloc] Space in freed fastbin blocks:                   576 Byte
20220314 013227.893 INFO             PET0 PIOc_sync Exit - MemInfo: [malloc] Total allocated space:                       3048480 Byte
20220314 013227.893 INFO             PET0 PIOc_sync Exit - MemInfo: [malloc] Total free space:                             195552 Byte
20220314 013227.893 INFO             PET0 PIOc_sync Exit - MemInfo: [malloc] Top-most, releasable space:                    60480 Byte
20220314 013227.893 INFO             PET0 PIOc_sync Exit - MemInfo: [malloc] Total space in use, mmap + non-mmap:        79090720 Byte
20220314 013227.893 INFO             PET0 PIOc_sync Exit - MemInfo: [malloc] Total space held (mmap + non-mmap):         79286272 Byte
20220314 013227.893 INFO             PET0 PIOc_sync Exit - MemInfo: [malloc] Total space used (mmap + non-mmap):         79100080 Byte
20220314 013227.893 INFO             PET0 PIOc_sync Exit - MemInfo: Wall-clock time since execution start:              0.0180495 seconds
20220314 013227.893 INFO             PET0 PIOc_freedecomp Enter - MemInfo: [/proc/meminfo - SSI]	MemTotal:       131394444 kB
20220314 013227.893 INFO             PET0 PIOc_freedecomp Enter - MemInfo: [/proc/meminfo - SSI]	MemFree:        124318480 kB
20220314 013227.893 INFO             PET0 PIOc_freedecomp Enter - MemInfo: [/proc/meminfo - SSI]	MemAvailable:   123914996 kB
20220314 013227.893 INFO             PET0 PIOc_freedecomp Enter - MemInfo: [/proc/meminfo - SSI]	Committed_AS:    5533884 kB
20220314 013227.893 INFO             PET0 PIOc_freedecomp Enter - MemInfo: [/proc/meminfo - SSI]	CommittedPercent: 4.21166 %
20220314 013227.893 INFO             PET0 PIOc_freedecomp Enter - MemInfo: [/proc/self/status]	VmPeak:	 2622004 kB
20220314 013227.893 INFO             PET0 PIOc_freedecomp Enter - MemInfo: [/proc/self/status]	VmSize:	 2608116 kB
20220314 013227.893 INFO             PET0 PIOc_freedecomp Enter - MemInfo: [/proc/self/status]	VmLck:	       0 kB
20220314 013227.893 INFO             PET0 PIOc_freedecomp Enter - MemInfo: [/proc/self/status]	VmPin:	   71516 kB
20220314 013227.893 INFO             PET0 PIOc_freedecomp Enter - MemInfo: [/proc/self/status]	VmHWM:	  140348 kB
20220314 013227.893 INFO             PET0 PIOc_freedecomp Enter - MemInfo: [/proc/self/status]	VmRSS:	  138296 kB
20220314 013227.893 INFO             PET0 PIOc_freedecomp Enter - MemInfo: [/proc/self/status]	VmData:	 2402308 kB
20220314 013227.893 INFO             PET0 PIOc_freedecomp Enter - MemInfo: [/proc/self/status]	VmStk:	     512 kB
20220314 013227.893 INFO             PET0 PIOc_freedecomp Enter - MemInfo: [/proc/self/status]	VmExe:	     320 kB
20220314 013227.893 INFO             PET0 PIOc_freedecomp Enter - MemInfo: [/proc/self/status]	VmLib:	  104128 kB
20220314 013227.893 INFO             PET0 PIOc_freedecomp Enter - MemInfo: [/proc/self/status]	VmPTE:	     608 kB
20220314 013227.893 INFO             PET0 PIOc_freedecomp Enter - MemInfo: [/proc/self/status]	VmPMD:	      32 kB
20220314 013227.893 INFO             PET0 PIOc_freedecomp Enter - MemInfo: [/proc/self/status]	VmSwap:	       0 kB
20220314 013227.893 INFO             PET0 PIOc_freedecomp Enter - MemInfo: [/proc/self/status]	VmRSSPercent: 0.105253 %
20220314 013227.893 INFO             PET0 PIOc_freedecomp Enter - MemInfo: [malloc] Non-mmapped space allocated:                 3244032 Byte
20220314 013227.893 INFO             PET0 PIOc_freedecomp Enter - MemInfo: [malloc] Space allocated in mmapped regions:         73412608 Byte
20220314 013227.893 INFO             PET0 PIOc_freedecomp Enter - MemInfo: [malloc] Maximum total allocated space:                     0 Byte
20220314 013227.893 INFO             PET0 PIOc_freedecomp Enter - MemInfo: [malloc] Space in freed fastbin blocks:                   688 Byte
20220314 013227.893 INFO             PET0 PIOc_freedecomp Enter - MemInfo: [malloc] Total allocated space:                       3035408 Byte
20220314 013227.893 INFO             PET0 PIOc_freedecomp Enter - MemInfo: [malloc] Total free space:                             208624 Byte
20220314 013227.893 INFO             PET0 PIOc_freedecomp Enter - MemInfo: [malloc] Top-most, releasable space:                    70976 Byte
20220314 013227.893 INFO             PET0 PIOc_freedecomp Enter - MemInfo: [malloc] Total space in use, mmap + non-mmap:        76448016 Byte
20220314 013227.893 INFO             PET0 PIOc_freedecomp Enter - MemInfo: [malloc] Total space held (mmap + non-mmap):         76656640 Byte
20220314 013227.893 INFO             PET0 PIOc_freedecomp Enter - MemInfo: [malloc] Total space used (mmap + non-mmap):         76457392 Byte
20220314 013227.894 INFO             PET0 PIOc_freedecomp Enter - MemInfo: Wall-clock time since execution start:               0.018945 seconds
20220314 013227.894 INFO             PET0 PIOc_freedecomp Exit - MemInfo: [/proc/meminfo - SSI]	MemTotal:       131394444 kB
20220314 013227.894 INFO             PET0 PIOc_freedecomp Exit - MemInfo: [/proc/meminfo - SSI]	MemFree:        124318480 kB
20220314 013227.894 INFO             PET0 PIOc_freedecomp Exit - MemInfo: [/proc/meminfo - SSI]	MemAvailable:   123914996 kB
20220314 013227.894 INFO             PET0 PIOc_freedecomp Exit - MemInfo: [/proc/meminfo - SSI]	Committed_AS:    5533884 kB
20220314 013227.894 INFO             PET0 PIOc_freedecomp Exit - MemInfo: [/proc/meminfo - SSI]	CommittedPercent: 4.21166 %
20220314 013227.894 INFO             PET0 PIOc_freedecomp Exit - MemInfo: [/proc/self/status]	VmPeak:	 2622004 kB
20220314 013227.894 INFO             PET0 PIOc_freedecomp Exit - MemInfo: [/proc/self/status]	VmSize:	 2608116 kB
20220314 013227.894 INFO             PET0 PIOc_freedecomp Exit - MemInfo: [/proc/self/status]	VmLck:	       0 kB
20220314 013227.894 INFO             PET0 PIOc_freedecomp Exit - MemInfo: [/proc/self/status]	VmPin:	   71516 kB
20220314 013227.894 INFO             PET0 PIOc_freedecomp Exit - MemInfo: [/proc/self/status]	VmHWM:	  140348 kB
20220314 013227.894 INFO             PET0 PIOc_freedecomp Exit - MemInfo: [/proc/self/status]	VmRSS:	  138300 kB
20220314 013227.894 INFO             PET0 PIOc_freedecomp Exit - MemInfo: [/proc/self/status]	VmData:	 2402308 kB
20220314 013227.894 INFO             PET0 PIOc_freedecomp Exit - MemInfo: [/proc/self/status]	VmStk:	     512 kB
20220314 013227.894 INFO             PET0 PIOc_freedecomp Exit - MemInfo: [/proc/self/status]	VmExe:	     320 kB
20220314 013227.894 INFO             PET0 PIOc_freedecomp Exit - MemInfo: [/proc/self/status]	VmLib:	  104128 kB
20220314 013227.894 INFO             PET0 PIOc_freedecomp Exit - MemInfo: [/proc/self/status]	VmPTE:	     608 kB
20220314 013227.894 INFO             PET0 PIOc_freedecomp Exit - MemInfo: [/proc/self/status]	VmPMD:	      32 kB
20220314 013227.894 INFO             PET0 PIOc_freedecomp Exit - MemInfo: [/proc/self/status]	VmSwap:	       0 kB
20220314 013227.894 INFO             PET0 PIOc_freedecomp Exit - MemInfo: [/proc/self/status]	VmRSSPercent: 0.105256 %
20220314 013227.894 INFO             PET0 PIOc_freedecomp Exit - MemInfo: [malloc] Non-mmapped space allocated:                 3244032 Byte
20220314 013227.894 INFO             PET0 PIOc_freedecomp Exit - MemInfo: [malloc] Space allocated in mmapped regions:         73412608 Byte
20220314 013227.894 INFO             PET0 PIOc_freedecomp Exit - MemInfo: [malloc] Maximum total allocated space:                     0 Byte
20220314 013227.894 INFO             PET0 PIOc_freedecomp Exit - MemInfo: [malloc] Space in freed fastbin blocks:                   304 Byte
20220314 013227.894 INFO             PET0 PIOc_freedecomp Exit - MemInfo: [malloc] Total allocated space:                       3032608 Byte
20220314 013227.894 INFO             PET0 PIOc_freedecomp Exit - MemInfo: [malloc] Total free space:                             211424 Byte
20220314 013227.894 INFO             PET0 PIOc_freedecomp Exit - MemInfo: [malloc] Top-most, releasable space:                    71536 Byte
20220314 013227.894 INFO             PET0 PIOc_freedecomp Exit - MemInfo: [malloc] Total space in use, mmap + non-mmap:        76445216 Byte
20220314 013227.894 INFO             PET0 PIOc_freedecomp Exit - MemInfo: [malloc] Total space held (mmap + non-mmap):         76656640 Byte
20220314 013227.894 INFO             PET0 PIOc_freedecomp Exit - MemInfo: [malloc] Total space used (mmap + non-mmap):         76454576 Byte
20220314 013227.894 INFO             PET0 PIOc_freedecomp Exit - MemInfo: Wall-clock time since execution start:              0.0195276 seconds
20220314 013227.895 INFO             PET0 PIOc_sync Enter - MemInfo: [/proc/meminfo - SSI]	MemTotal:       131394444 kB
20220314 013227.895 INFO             PET0 PIOc_sync Enter - MemInfo: [/proc/meminfo - SSI]	MemFree:        124318480 kB
20220314 013227.895 INFO             PET0 PIOc_sync Enter - MemInfo: [/proc/meminfo - SSI]	MemAvailable:   123914996 kB
20220314 013227.895 INFO             PET0 PIOc_sync Enter - MemInfo: [/proc/meminfo - SSI]	Committed_AS:    5533884 kB
20220314 013227.895 INFO             PET0 PIOc_sync Enter - MemInfo: [/proc/meminfo - SSI]	CommittedPercent: 4.21166 %
20220314 013227.895 INFO             PET0 PIOc_sync Enter - MemInfo: [/proc/self/status]	VmPeak:	 2622004 kB
20220314 013227.895 INFO             PET0 PIOc_sync Enter - MemInfo: [/proc/self/status]	VmSize:	 2610736 kB
20220314 013227.895 INFO             PET0 PIOc_sync Enter - MemInfo: [/proc/self/status]	VmLck:	       0 kB
20220314 013227.895 INFO             PET0 PIOc_sync Enter - MemInfo: [/proc/self/status]	VmPin:	   71516 kB
20220314 013227.895 INFO             PET0 PIOc_sync Enter - MemInfo: [/proc/self/status]	VmHWM:	  140348 kB
20220314 013227.895 INFO             PET0 PIOc_sync Enter - MemInfo: [/proc/self/status]	VmRSS:	  139412 kB
20220314 013227.895 INFO             PET0 PIOc_sync Enter - MemInfo: [/proc/self/status]	VmData:	 2404928 kB
20220314 013227.895 INFO             PET0 PIOc_sync Enter - MemInfo: [/proc/self/status]	VmStk:	     512 kB
20220314 013227.895 INFO             PET0 PIOc_sync Enter - MemInfo: [/proc/self/status]	VmExe:	     320 kB
20220314 013227.895 INFO             PET0 PIOc_sync Enter - MemInfo: [/proc/self/status]	VmLib:	  104128 kB
20220314 013227.895 INFO             PET0 PIOc_sync Enter - MemInfo: [/proc/self/status]	VmPTE:	     612 kB
20220314 013227.895 INFO             PET0 PIOc_sync Enter - MemInfo: [/proc/self/status]	VmPMD:	      32 kB
20220314 013227.895 INFO             PET0 PIOc_sync Enter - MemInfo: [/proc/self/status]	VmSwap:	       0 kB
20220314 013227.896 INFO             PET0 PIOc_sync Enter - MemInfo: [/proc/self/status]	VmRSSPercent: 0.106102 %
20220314 013227.896 INFO             PET0 PIOc_sync Enter - MemInfo: [malloc] Non-mmapped space allocated:                 5926912 Byte
20220314 013227.896 INFO             PET0 PIOc_sync Enter - MemInfo: [malloc] Space allocated in mmapped regions:         73412608 Byte
20220314 013227.896 INFO             PET0 PIOc_sync Enter - MemInfo: [malloc] Maximum total allocated space:                     0 Byte
20220314 013227.896 INFO             PET0 PIOc_sync Enter - MemInfo: [malloc] Space in freed fastbin blocks:                   144 Byte
20220314 013227.896 INFO             PET0 PIOc_sync Enter - MemInfo: [malloc] Total allocated space:                       5671376 Byte
20220314 013227.896 INFO             PET0 PIOc_sync Enter - MemInfo: [malloc] Total free space:                             255536 Byte
20220314 013227.896 INFO             PET0 PIOc_sync Enter - MemInfo: [malloc] Top-most, releasable space:                   120416 Byte
20220314 013227.896 INFO             PET0 PIOc_sync Enter - MemInfo: [malloc] Total space in use, mmap + non-mmap:        79083984 Byte
20220314 013227.896 INFO             PET0 PIOc_sync Enter - MemInfo: [malloc] Total space held (mmap + non-mmap):         79339520 Byte
20220314 013227.896 INFO             PET0 PIOc_sync Enter - MemInfo: [malloc] Total space used (mmap + non-mmap):         79093360 Byte
20220314 013227.896 INFO             PET0 PIOc_sync Enter - MemInfo: Wall-clock time since execution start:              0.0211381 seconds
20220314 013227.896 INFO             PET0 PIOc_sync Exit - MemInfo: [/proc/meminfo - SSI]	MemTotal:       131394444 kB
20220314 013227.896 INFO             PET0 PIOc_sync Exit - MemInfo: [/proc/meminfo - SSI]	MemFree:        124318480 kB
20220314 013227.896 INFO             PET0 PIOc_sync Exit - MemInfo: [/proc/meminfo - SSI]	MemAvailable:   123914996 kB
20220314 013227.896 INFO             PET0 PIOc_sync Exit - MemInfo: [/proc/meminfo - SSI]	Committed_AS:    5533884 kB
20220314 013227.896 INFO             PET0 PIOc_sync Exit - MemInfo: [/proc/meminfo - SSI]	CommittedPercent: 4.21166 %
20220314 013227.896 INFO             PET0 PIOc_sync Exit - MemInfo: [/proc/self/status]	VmPeak:	 2622004 kB
20220314 013227.896 INFO             PET0 PIOc_sync Exit - MemInfo: [/proc/self/status]	VmSize:	 2610736 kB
20220314 013227.896 INFO             PET0 PIOc_sync Exit - MemInfo: [/proc/self/status]	VmLck:	       0 kB
20220314 013227.896 INFO             PET0 PIOc_sync Exit - MemInfo: [/proc/self/status]	VmPin:	   71516 kB
20220314 013227.896 INFO             PET0 PIOc_sync Exit - MemInfo: [/proc/self/status]	VmHWM:	  140348 kB
20220314 013227.896 INFO             PET0 PIOc_sync Exit - MemInfo: [/proc/self/status]	VmRSS:	  139424 kB
20220314 013227.896 INFO             PET0 PIOc_sync Exit - MemInfo: [/proc/self/status]	VmData:	 2404928 kB
20220314 013227.896 INFO             PET0 PIOc_sync Exit - MemInfo: [/proc/self/status]	VmStk:	     512 kB
20220314 013227.896 INFO             PET0 PIOc_sync Exit - MemInfo: [/proc/self/status]	VmExe:	     320 kB
20220314 013227.896 INFO             PET0 PIOc_sync Exit - MemInfo: [/proc/self/status]	VmLib:	  104128 kB
20220314 013227.896 INFO             PET0 PIOc_sync Exit - MemInfo: [/proc/self/status]	VmPTE:	     612 kB
20220314 013227.896 INFO             PET0 PIOc_sync Exit - MemInfo: [/proc/self/status]	VmPMD:	      32 kB
20220314 013227.896 INFO             PET0 PIOc_sync Exit - MemInfo: [/proc/self/status]	VmSwap:	       0 kB
20220314 013227.896 INFO             PET0 PIOc_sync Exit - MemInfo: [/proc/self/status]	VmRSSPercent: 0.106111 %
20220314 013227.896 INFO             PET0 PIOc_sync Exit - MemInfo: [malloc] Non-mmapped space allocated:                 5926912 Byte
20220314 013227.896 INFO             PET0 PIOc_sync Exit - MemInfo: [malloc] Space allocated in mmapped regions:         73412608 Byte
20220314 013227.896 INFO             PET0 PIOc_sync Exit - MemInfo: [malloc] Maximum total allocated space:                     0 Byte
20220314 013227.896 INFO             PET0 PIOc_sync Exit - MemInfo: [malloc] Space in freed fastbin blocks:                   352 Byte
20220314 013227.896 INFO             PET0 PIOc_sync Exit - MemInfo: [malloc] Total allocated space:                       5670400 Byte
20220314 013227.896 INFO             PET0 PIOc_sync Exit - MemInfo: [malloc] Total free space:                             256512 Byte
20220314 013227.896 INFO             PET0 PIOc_sync Exit - MemInfo: [malloc] Top-most, releasable space:                   120944 Byte
20220314 013227.896 INFO             PET0 PIOc_sync Exit - MemInfo: [malloc] Total space in use, mmap + non-mmap:        79083008 Byte
20220314 013227.896 INFO             PET0 PIOc_sync Exit - MemInfo: [malloc] Total space held (mmap + non-mmap):         79339520 Byte
20220314 013227.896 INFO             PET0 PIOc_sync Exit - MemInfo: [malloc] Total space used (mmap + non-mmap):         79092368 Byte
20220314 013227.896 INFO             PET0 PIOc_sync Exit - MemInfo: Wall-clock time since execution start:              0.0217747 seconds
20220314 013227.896 INFO             PET0 PIOc_freedecomp Enter - MemInfo: [/proc/meminfo - SSI]	MemTotal:       131394444 kB
20220314 013227.896 INFO             PET0 PIOc_freedecomp Enter - MemInfo: [/proc/meminfo - SSI]	MemFree:        124318480 kB
20220314 013227.896 INFO             PET0 PIOc_freedecomp Enter - MemInfo: [/proc/meminfo - SSI]	MemAvailable:   123914996 kB
20220314 013227.896 INFO             PET0 PIOc_freedecomp Enter - MemInfo: [/proc/meminfo - SSI]	Committed_AS:    5533884 kB
20220314 013227.897 INFO             PET0 PIOc_freedecomp Enter - MemInfo: [/proc/meminfo - SSI]	CommittedPercent: 4.21166 %
20220314 013227.897 INFO             PET0 PIOc_freedecomp Enter - MemInfo: [/proc/self/status]	VmPeak:	 2622004 kB
20220314 013227.897 INFO             PET0 PIOc_freedecomp Enter - MemInfo: [/proc/self/status]	VmSize:	 2610736 kB
20220314 013227.897 INFO             PET0 PIOc_freedecomp Enter - MemInfo: [/proc/self/status]	VmLck:	       0 kB
20220314 013227.897 INFO             PET0 PIOc_freedecomp Enter - MemInfo: [/proc/self/status]	VmPin:	   71516 kB
20220314 013227.897 INFO             PET0 PIOc_freedecomp Enter - MemInfo: [/proc/self/status]	VmHWM:	  140348 kB
20220314 013227.897 INFO             PET0 PIOc_freedecomp Enter - MemInfo: [/proc/self/status]	VmRSS:	  139424 kB
20220314 013227.897 INFO             PET0 PIOc_freedecomp Enter - MemInfo: [/proc/self/status]	VmData:	 2404928 kB
20220314 013227.897 INFO             PET0 PIOc_freedecomp Enter - MemInfo: [/proc/self/status]	VmStk:	     512 kB
20220314 013227.897 INFO             PET0 PIOc_freedecomp Enter - MemInfo: [/proc/self/status]	VmExe:	     320 kB
20220314 013227.897 INFO             PET0 PIOc_freedecomp Enter - MemInfo: [/proc/self/status]	VmLib:	  104128 kB
20220314 013227.897 INFO             PET0 PIOc_freedecomp Enter - MemInfo: [/proc/self/status]	VmPTE:	     612 kB
20220314 013227.897 INFO             PET0 PIOc_freedecomp Enter - MemInfo: [/proc/self/status]	VmPMD:	      32 kB
20220314 013227.897 INFO             PET0 PIOc_freedecomp Enter - MemInfo: [/proc/self/status]	VmSwap:	       0 kB
20220314 013227.897 INFO             PET0 PIOc_freedecomp Enter - MemInfo: [/proc/self/status]	VmRSSPercent: 0.106111 %
20220314 013227.897 INFO             PET0 PIOc_freedecomp Enter - MemInfo: [malloc] Non-mmapped space allocated:                 5926912 Byte
20220314 013227.897 INFO             PET0 PIOc_freedecomp Enter - MemInfo: [malloc] Space allocated in mmapped regions:         73412608 Byte
20220314 013227.897 INFO             PET0 PIOc_freedecomp Enter - MemInfo: [malloc] Maximum total allocated space:                     0 Byte
20220314 013227.897 INFO             PET0 PIOc_freedecomp Enter - MemInfo: [malloc] Space in freed fastbin blocks:                   480 Byte
20220314 013227.897 INFO             PET0 PIOc_freedecomp Enter - MemInfo: [malloc] Total allocated space:                       3035408 Byte
20220314 013227.897 INFO             PET0 PIOc_freedecomp Enter - MemInfo: [malloc] Total free space:                            2891504 Byte
20220314 013227.897 INFO             PET0 PIOc_freedecomp Enter - MemInfo: [malloc] Top-most, releasable space:                   120944 Byte
20220314 013227.897 INFO             PET0 PIOc_freedecomp Enter - MemInfo: [malloc] Total space in use, mmap + non-mmap:        76448016 Byte
20220314 013227.897 INFO             PET0 PIOc_freedecomp Enter - MemInfo: [malloc] Total space held (mmap + non-mmap):         79339520 Byte
20220314 013227.897 INFO             PET0 PIOc_freedecomp Enter - MemInfo: [malloc] Total space used (mmap + non-mmap):         76457376 Byte
20220314 013227.897 INFO             PET0 PIOc_freedecomp Enter - MemInfo: Wall-clock time since execution start:              0.0223972 seconds
20220314 013227.897 INFO             PET0 PIOc_freedecomp Exit - MemInfo: [/proc/meminfo - SSI]	MemTotal:       131394444 kB
20220314 013227.897 INFO             PET0 PIOc_freedecomp Exit - MemInfo: [/proc/meminfo - SSI]	MemFree:        124318480 kB
20220314 013227.897 INFO             PET0 PIOc_freedecomp Exit - MemInfo: [/proc/meminfo - SSI]	MemAvailable:   123914996 kB
20220314 013227.897 INFO             PET0 PIOc_freedecomp Exit - MemInfo: [/proc/meminfo - SSI]	Committed_AS:    5533884 kB
20220314 013227.897 INFO             PET0 PIOc_freedecomp Exit - MemInfo: [/proc/meminfo - SSI]	CommittedPercent: 4.21166 %
20220314 013227.897 INFO             PET0 PIOc_freedecomp Exit - MemInfo: [/proc/self/status]	VmPeak:	 2622004 kB
20220314 013227.897 INFO             PET0 PIOc_freedecomp Exit - MemInfo: [/proc/self/status]	VmSize:	 2610736 kB
20220314 013227.897 INFO             PET0 PIOc_freedecomp Exit - MemInfo: [/proc/self/status]	VmLck:	       0 kB
20220314 013227.897 INFO             PET0 PIOc_freedecomp Exit - MemInfo: [/proc/self/status]	VmPin:	   71516 kB
20220314 013227.897 INFO             PET0 PIOc_freedecomp Exit - MemInfo: [/proc/self/status]	VmHWM:	  140348 kB
20220314 013227.897 INFO             PET0 PIOc_freedecomp Exit - MemInfo: [/proc/self/status]	VmRSS:	  139424 kB
20220314 013227.897 INFO             PET0 PIOc_freedecomp Exit - MemInfo: [/proc/self/status]	VmData:	 2404928 kB
20220314 013227.897 INFO             PET0 PIOc_freedecomp Exit - MemInfo: [/proc/self/status]	VmStk:	     512 kB
20220314 013227.897 INFO             PET0 PIOc_freedecomp Exit - MemInfo: [/proc/self/status]	VmExe:	     320 kB
20220314 013227.897 INFO             PET0 PIOc_freedecomp Exit - MemInfo: [/proc/self/status]	VmLib:	  104128 kB
20220314 013227.897 INFO             PET0 PIOc_freedecomp Exit - MemInfo: [/proc/self/status]	VmPTE:	     612 kB
20220314 013227.897 INFO             PET0 PIOc_freedecomp Exit - MemInfo: [/proc/self/status]	VmPMD:	      32 kB
20220314 013227.897 INFO             PET0 PIOc_freedecomp Exit - MemInfo: [/proc/self/status]	VmSwap:	       0 kB
20220314 013227.897 INFO             PET0 PIOc_freedecomp Exit - MemInfo: [/proc/self/status]	VmRSSPercent: 0.106111 %
20220314 013227.897 INFO             PET0 PIOc_freedecomp Exit - MemInfo: [malloc] Non-mmapped space allocated:                 5926912 Byte
20220314 013227.897 INFO             PET0 PIOc_freedecomp Exit - MemInfo: [malloc] Space allocated in mmapped regions:         73412608 Byte
20220314 013227.897 INFO             PET0 PIOc_freedecomp Exit - MemInfo: [malloc] Maximum total allocated space:                     0 Byte
20220314 013227.897 INFO             PET0 PIOc_freedecomp Exit - MemInfo: [malloc] Space in freed fastbin blocks:                   432 Byte
20220314 013227.897 INFO             PET0 PIOc_freedecomp Exit - MemInfo: [malloc] Total allocated space:                       3032608 Byte
20220314 013227.897 INFO             PET0 PIOc_freedecomp Exit - MemInfo: [malloc] Total free space:                            2894304 Byte
20220314 013227.897 INFO             PET0 PIOc_freedecomp Exit - MemInfo: [malloc] Top-most, releasable space:                  2754416 Byte
20220314 013227.897 INFO             PET0 PIOc_freedecomp Exit - MemInfo: [malloc] Total space in use, mmap + non-mmap:        76445216 Byte
20220314 013227.897 INFO             PET0 PIOc_freedecomp Exit - MemInfo: [malloc] Total space held (mmap + non-mmap):         79339520 Byte
20220314 013227.897 INFO             PET0 PIOc_freedecomp Exit - MemInfo: [malloc] Total space used (mmap + non-mmap):         76454576 Byte
20220314 013227.898 INFO             PET0 PIOc_freedecomp Exit - MemInfo: Wall-clock time since execution start:              0.0229386 seconds
20220314 013227.898 INFO             PET0 PIOc_sync Enter - MemInfo: [/proc/meminfo - SSI]	MemTotal:       131394444 kB
20220314 013227.898 INFO             PET0 PIOc_sync Enter - MemInfo: [/proc/meminfo - SSI]	MemFree:        124317516 kB
20220314 013227.898 INFO             PET0 PIOc_sync Enter - MemInfo: [/proc/meminfo - SSI]	MemAvailable:   123914032 kB
20220314 013227.898 INFO             PET0 PIOc_sync Enter - MemInfo: [/proc/meminfo - SSI]	Committed_AS:    5533884 kB
20220314 013227.898 INFO             PET0 PIOc_sync Enter - MemInfo: [/proc/meminfo - SSI]	CommittedPercent: 4.21166 %
20220314 013227.898 INFO             PET0 PIOc_sync Enter - MemInfo: [/proc/self/status]	VmPeak:	 2622004 kB
20220314 013227.898 INFO             PET0 PIOc_sync Enter - MemInfo: [/proc/self/status]	VmSize:	 2610736 kB
20220314 013227.898 INFO             PET0 PIOc_sync Enter - MemInfo: [/proc/self/status]	VmLck:	       0 kB
20220314 013227.898 INFO             PET0 PIOc_sync Enter - MemInfo: [/proc/self/status]	VmPin:	   71516 kB
20220314 013227.898 INFO             PET0 PIOc_sync Enter - MemInfo: [/proc/self/status]	VmHWM:	  140348 kB
20220314 013227.898 INFO             PET0 PIOc_sync Enter - MemInfo: [/proc/self/status]	VmRSS:	  139860 kB
20220314 013227.898 INFO             PET0 PIOc_sync Enter - MemInfo: [/proc/self/status]	VmData:	 2404928 kB
20220314 013227.898 INFO             PET0 PIOc_sync Enter - MemInfo: [/proc/self/status]	VmStk:	     512 kB
20220314 013227.898 INFO             PET0 PIOc_sync Enter - MemInfo: [/proc/self/status]	VmExe:	     320 kB
20220314 013227.898 INFO             PET0 PIOc_sync Enter - MemInfo: [/proc/self/status]	VmLib:	  104128 kB
20220314 013227.898 INFO             PET0 PIOc_sync Enter - MemInfo: [/proc/self/status]	VmPTE:	     612 kB
20220314 013227.898 INFO             PET0 PIOc_sync Enter - MemInfo: [/proc/self/status]	VmPMD:	      32 kB
20220314 013227.898 INFO             PET0 PIOc_sync Enter - MemInfo: [/proc/self/status]	VmSwap:	       0 kB
20220314 013227.899 INFO             PET0 PIOc_sync Enter - MemInfo: [/proc/self/status]	VmRSSPercent: 0.106443 %
20220314 013227.899 INFO             PET0 PIOc_sync Enter - MemInfo: [malloc] Non-mmapped space allocated:                 5926912 Byte
20220314 013227.899 INFO             PET0 PIOc_sync Enter - MemInfo: [malloc] Space allocated in mmapped regions:         73412608 Byte
20220314 013227.899 INFO             PET0 PIOc_sync Enter - MemInfo: [malloc] Maximum total allocated space:                     0 Byte
20220314 013227.899 INFO             PET0 PIOc_sync Enter - MemInfo: [malloc] Space in freed fastbin blocks:                   144 Byte
20220314 013227.899 INFO             PET0 PIOc_sync Enter - MemInfo: [malloc] Total allocated space:                       5671824 Byte
20220314 013227.899 INFO             PET0 PIOc_sync Enter - MemInfo: [malloc] Total free space:                             255088 Byte
20220314 013227.899 INFO             PET0 PIOc_sync Enter - MemInfo: [malloc] Top-most, releasable space:                   119968 Byte
20220314 013227.899 INFO             PET0 PIOc_sync Enter - MemInfo: [malloc] Total space in use, mmap + non-mmap:        79084432 Byte
20220314 013227.899 INFO             PET0 PIOc_sync Enter - MemInfo: [malloc] Total space held (mmap + non-mmap):         79339520 Byte
20220314 013227.899 INFO             PET0 PIOc_sync Enter - MemInfo: [malloc] Total space used (mmap + non-mmap):         79093792 Byte
20220314 013227.899 INFO             PET0 PIOc_sync Enter - MemInfo: Wall-clock time since execution start:              0.0241298 seconds
20220314 013227.899 INFO             PET0 PIOc_sync Exit - MemInfo: [/proc/meminfo - SSI]	MemTotal:       131394444 kB
20220314 013227.899 INFO             PET0 PIOc_sync Exit - MemInfo: [/proc/meminfo - SSI]	MemFree:        124317516 kB
20220314 013227.899 INFO             PET0 PIOc_sync Exit - MemInfo: [/proc/meminfo - SSI]	MemAvailable:   123914032 kB
20220314 013227.899 INFO             PET0 PIOc_sync Exit - MemInfo: [/proc/meminfo - SSI]	Committed_AS:    5533884 kB
20220314 013227.899 INFO             PET0 PIOc_sync Exit - MemInfo: [/proc/meminfo - SSI]	CommittedPercent: 4.21166 %
20220314 013227.899 INFO             PET0 PIOc_sync Exit - MemInfo: [/proc/self/status]	VmPeak:	 2622004 kB
20220314 013227.899 INFO             PET0 PIOc_sync Exit - MemInfo: [/proc/self/status]	VmSize:	 2610736 kB
20220314 013227.899 INFO             PET0 PIOc_sync Exit - MemInfo: [/proc/self/status]	VmLck:	       0 kB
20220314 013227.899 INFO             PET0 PIOc_sync Exit - MemInfo: [/proc/self/status]	VmPin:	   71516 kB
20220314 013227.899 INFO             PET0 PIOc_sync Exit - MemInfo: [/proc/self/status]	VmHWM:	  140348 kB
20220314 013227.899 INFO             PET0 PIOc_sync Exit - MemInfo: [/proc/self/status]	VmRSS:	  139860 kB
20220314 013227.899 INFO             PET0 PIOc_sync Exit - MemInfo: [/proc/self/status]	VmData:	 2404928 kB
20220314 013227.899 INFO             PET0 PIOc_sync Exit - MemInfo: [/proc/self/status]	VmStk:	     512 kB
20220314 013227.899 INFO             PET0 PIOc_sync Exit - MemInfo: [/proc/self/status]	VmExe:	     320 kB
20220314 013227.899 INFO             PET0 PIOc_sync Exit - MemInfo: [/proc/self/status]	VmLib:	  104128 kB
20220314 013227.899 INFO             PET0 PIOc_sync Exit - MemInfo: [/proc/self/status]	VmPTE:	     612 kB
20220314 013227.899 INFO             PET0 PIOc_sync Exit - MemInfo: [/proc/self/status]	VmPMD:	      32 kB
20220314 013227.899 INFO             PET0 PIOc_sync Exit - MemInfo: [/proc/self/status]	VmSwap:	       0 kB
20220314 013227.899 INFO             PET0 PIOc_sync Exit - MemInfo: [/proc/self/status]	VmRSSPercent: 0.106443 %
20220314 013227.899 INFO             PET0 PIOc_sync Exit - MemInfo: [malloc] Non-mmapped space allocated:                 5926912 Byte
20220314 013227.899 INFO             PET0 PIOc_sync Exit - MemInfo: [malloc] Space allocated in mmapped regions:         73412608 Byte
20220314 013227.899 INFO             PET0 PIOc_sync Exit - MemInfo: [malloc] Maximum total allocated space:                     0 Byte
20220314 013227.899 INFO             PET0 PIOc_sync Exit - MemInfo: [malloc] Space in freed fastbin blocks:                   352 Byte
20220314 013227.899 INFO             PET0 PIOc_sync Exit - MemInfo: [malloc] Total allocated space:                       5670864 Byte
20220314 013227.899 INFO             PET0 PIOc_sync Exit - MemInfo: [malloc] Total free space:                             256048 Byte
20220314 013227.899 INFO             PET0 PIOc_sync Exit - MemInfo: [malloc] Top-most, releasable space:                   120496 Byte
20220314 013227.899 INFO             PET0 PIOc_sync Exit - MemInfo: [malloc] Total space in use, mmap + non-mmap:        79083472 Byte
20220314 013227.899 INFO             PET0 PIOc_sync Exit - MemInfo: [malloc] Total space held (mmap + non-mmap):         79339520 Byte
20220314 013227.899 INFO             PET0 PIOc_sync Exit - MemInfo: [malloc] Total space used (mmap + non-mmap):         79092832 Byte
20220314 013227.899 INFO             PET0 PIOc_sync Exit - MemInfo: Wall-clock time since execution start:              0.0247827 seconds
20220314 013227.899 INFO             PET0 PIOc_freedecomp Enter - MemInfo: [/proc/meminfo - SSI]	MemTotal:       131394444 kB
20220314 013227.899 INFO             PET0 PIOc_freedecomp Enter - MemInfo: [/proc/meminfo - SSI]	MemFree:        124317516 kB
20220314 013227.899 INFO             PET0 PIOc_freedecomp Enter - MemInfo: [/proc/meminfo - SSI]	MemAvailable:   123914032 kB
20220314 013227.899 INFO             PET0 PIOc_freedecomp Enter - MemInfo: [/proc/meminfo - SSI]	Committed_AS:    5533884 kB
20220314 013227.900 INFO             PET0 PIOc_freedecomp Enter - MemInfo: [/proc/meminfo - SSI]	CommittedPercent: 4.21166 %
20220314 013227.900 INFO             PET0 PIOc_freedecomp Enter - MemInfo: [/proc/self/status]	VmPeak:	 2622004 kB
20220314 013227.900 INFO             PET0 PIOc_freedecomp Enter - MemInfo: [/proc/self/status]	VmSize:	 2610736 kB
20220314 013227.900 INFO             PET0 PIOc_freedecomp Enter - MemInfo: [/proc/self/status]	VmLck:	       0 kB
20220314 013227.900 INFO             PET0 PIOc_freedecomp Enter - MemInfo: [/proc/self/status]	VmPin:	   71516 kB
20220314 013227.900 INFO             PET0 PIOc_freedecomp Enter - MemInfo: [/proc/self/status]	VmHWM:	  140348 kB
20220314 013227.900 INFO             PET0 PIOc_freedecomp Enter - MemInfo: [/proc/self/status]	VmRSS:	  139860 kB
20220314 013227.900 INFO             PET0 PIOc_freedecomp Enter - MemInfo: [/proc/self/status]	VmData:	 2404928 kB
20220314 013227.900 INFO             PET0 PIOc_freedecomp Enter - MemInfo: [/proc/self/status]	VmStk:	     512 kB
20220314 013227.900 INFO             PET0 PIOc_freedecomp Enter - MemInfo: [/proc/self/status]	VmExe:	     320 kB
20220314 013227.900 INFO             PET0 PIOc_freedecomp Enter - MemInfo: [/proc/self/status]	VmLib:	  104128 kB
20220314 013227.900 INFO             PET0 PIOc_freedecomp Enter - MemInfo: [/proc/self/status]	VmPTE:	     612 kB
20220314 013227.900 INFO             PET0 PIOc_freedecomp Enter - MemInfo: [/proc/self/status]	VmPMD:	      32 kB
20220314 013227.900 INFO             PET0 PIOc_freedecomp Enter - MemInfo: [/proc/self/status]	VmSwap:	       0 kB
20220314 013227.900 INFO             PET0 PIOc_freedecomp Enter - MemInfo: [/proc/self/status]	VmRSSPercent: 0.106443 %
20220314 013227.900 INFO             PET0 PIOc_freedecomp Enter - MemInfo: [malloc] Non-mmapped space allocated:                 5926912 Byte
20220314 013227.900 INFO             PET0 PIOc_freedecomp Enter - MemInfo: [malloc] Space allocated in mmapped regions:         73412608 Byte
20220314 013227.900 INFO             PET0 PIOc_freedecomp Enter - MemInfo: [malloc] Maximum total allocated space:                     0 Byte
20220314 013227.900 INFO             PET0 PIOc_freedecomp Enter - MemInfo: [malloc] Space in freed fastbin blocks:                   480 Byte
20220314 013227.900 INFO             PET0 PIOc_freedecomp Enter - MemInfo: [malloc] Total allocated space:                       3035408 Byte
20220314 013227.900 INFO             PET0 PIOc_freedecomp Enter - MemInfo: [malloc] Total free space:                            2891504 Byte
20220314 013227.900 INFO             PET0 PIOc_freedecomp Enter - MemInfo: [malloc] Top-most, releasable space:                   120496 Byte
20220314 013227.900 INFO             PET0 PIOc_freedecomp Enter - MemInfo: [malloc] Total space in use, mmap + non-mmap:        76448016 Byte
20220314 013227.900 INFO             PET0 PIOc_freedecomp Enter - MemInfo: [malloc] Total space held (mmap + non-mmap):         79339520 Byte
20220314 013227.900 INFO             PET0 PIOc_freedecomp Enter - MemInfo: [malloc] Total space used (mmap + non-mmap):         76457376 Byte
20220314 013227.900 INFO             PET0 PIOc_freedecomp Enter - MemInfo: Wall-clock time since execution start:              0.0253494 seconds
20220314 013227.900 INFO             PET0 PIOc_freedecomp Exit - MemInfo: [/proc/meminfo - SSI]	MemTotal:       131394444 kB
20220314 013227.900 INFO             PET0 PIOc_freedecomp Exit - MemInfo: [/proc/meminfo - SSI]	MemFree:        124317516 kB
20220314 013227.900 INFO             PET0 PIOc_freedecomp Exit - MemInfo: [/proc/meminfo - SSI]	MemAvailable:   123914032 kB
20220314 013227.900 INFO             PET0 PIOc_freedecomp Exit - MemInfo: [/proc/meminfo - SSI]	Committed_AS:    5533884 kB
20220314 013227.900 INFO             PET0 PIOc_freedecomp Exit - MemInfo: [/proc/meminfo - SSI]	CommittedPercent: 4.21166 %
20220314 013227.900 INFO             PET0 PIOc_freedecomp Exit - MemInfo: [/proc/self/status]	VmPeak:	 2622004 kB
20220314 013227.900 INFO             PET0 PIOc_freedecomp Exit - MemInfo: [/proc/self/status]	VmSize:	 2610736 kB
20220314 013227.900 INFO             PET0 PIOc_freedecomp Exit - MemInfo: [/proc/self/status]	VmLck:	       0 kB
20220314 013227.900 INFO             PET0 PIOc_freedecomp Exit - MemInfo: [/proc/self/status]	VmPin:	   71516 kB
20220314 013227.900 INFO             PET0 PIOc_freedecomp Exit - MemInfo: [/proc/self/status]	VmHWM:	  140348 kB
20220314 013227.900 INFO             PET0 PIOc_freedecomp Exit - MemInfo: [/proc/self/status]	VmRSS:	  139860 kB
20220314 013227.900 INFO             PET0 PIOc_freedecomp Exit - MemInfo: [/proc/self/status]	VmData:	 2404928 kB
20220314 013227.900 INFO             PET0 PIOc_freedecomp Exit - MemInfo: [/proc/self/status]	VmStk:	     512 kB
20220314 013227.900 INFO             PET0 PIOc_freedecomp Exit - MemInfo: [/proc/self/status]	VmExe:	     320 kB
20220314 013227.900 INFO             PET0 PIOc_freedecomp Exit - MemInfo: [/proc/self/status]	VmLib:	  104128 kB
20220314 013227.900 INFO             PET0 PIOc_freedecomp Exit - MemInfo: [/proc/self/status]	VmPTE:	     612 kB
20220314 013227.900 INFO             PET0 PIOc_freedecomp Exit - MemInfo: [/proc/self/status]	VmPMD:	      32 kB
20220314 013227.900 INFO             PET0 PIOc_freedecomp Exit - MemInfo: [/proc/self/status]	VmSwap:	       0 kB
20220314 013227.900 INFO             PET0 PIOc_freedecomp Exit - MemInfo: [/proc/self/status]	VmRSSPercent: 0.106443 %
20220314 013227.900 INFO             PET0 PIOc_freedecomp Exit - MemInfo: [malloc] Non-mmapped space allocated:                 5926912 Byte
20220314 013227.900 INFO             PET0 PIOc_freedecomp Exit - MemInfo: [malloc] Space allocated in mmapped regions:         73412608 Byte
20220314 013227.900 INFO             PET0 PIOc_freedecomp Exit - MemInfo: [malloc] Maximum total allocated space:                     0 Byte
20220314 013227.900 INFO             PET0 PIOc_freedecomp Exit - MemInfo: [malloc] Space in freed fastbin blocks:                   432 Byte
20220314 013227.900 INFO             PET0 PIOc_freedecomp Exit - MemInfo: [malloc] Total allocated space:                       3032608 Byte
20220314 013227.900 INFO             PET0 PIOc_freedecomp Exit - MemInfo: [malloc] Total free space:                            2894304 Byte
20220314 013227.900 INFO             PET0 PIOc_freedecomp Exit - MemInfo: [malloc] Top-most, releasable space:                  2754416 Byte
20220314 013227.900 INFO             PET0 PIOc_freedecomp Exit - MemInfo: [malloc] Total space in use, mmap + non-mmap:        76445216 Byte
20220314 013227.900 INFO             PET0 PIOc_freedecomp Exit - MemInfo: [malloc] Total space held (mmap + non-mmap):         79339520 Byte
20220314 013227.900 INFO             PET0 PIOc_freedecomp Exit - MemInfo: [malloc] Total space used (mmap + non-mmap):         76454576 Byte
20220314 013227.900 INFO             PET0 PIOc_freedecomp Exit - MemInfo: Wall-clock time since execution start:              0.0258862 seconds
20220314 013227.901 INFO             PET0 PASS Create an ESMC_RouteHandle via ESMC_FieldRegridStore(), ESMC_FieldRegridUTest.C, line 367
20220314 013227.901 INFO             PET0 PASS Execute ESMC_FieldRegrid(), ESMC_FieldRegridUTest.C, line 375
20220314 013227.905 INFO             PET0 PIOc_sync Enter - MemInfo: [/proc/meminfo - SSI]	MemTotal:       131394444 kB
20220314 013227.905 INFO             PET0 PIOc_sync Enter - MemInfo: [/proc/meminfo - SSI]	MemFree:        124316524 kB
20220314 013227.905 INFO             PET0 PIOc_sync Enter - MemInfo: [/proc/meminfo - SSI]	MemAvailable:   123913040 kB
20220314 013227.905 INFO             PET0 PIOc_sync Enter - MemInfo: [/proc/meminfo - SSI]	Committed_AS:    5533884 kB
20220314 013227.906 INFO             PET0 PIOc_sync Enter - MemInfo: [/proc/meminfo - SSI]	CommittedPercent: 4.21166 %
20220314 013227.906 INFO             PET0 PIOc_sync Enter - MemInfo: [/proc/self/status]	VmPeak:	 2622004 kB
20220314 013227.906 INFO             PET0 PIOc_sync Enter - MemInfo: [/proc/self/status]	VmSize:	 2610736 kB
20220314 013227.906 INFO             PET0 PIOc_sync Enter - MemInfo: [/proc/self/status]	VmLck:	       0 kB
20220314 013227.906 INFO             PET0 PIOc_sync Enter - MemInfo: [/proc/self/status]	VmPin:	   71516 kB
20220314 013227.906 INFO             PET0 PIOc_sync Enter - MemInfo: [/proc/self/status]	VmHWM:	  140952 kB
20220314 013227.906 INFO             PET0 PIOc_sync Enter - MemInfo: [/proc/self/status]	VmRSS:	  140952 kB
20220314 013227.906 INFO             PET0 PIOc_sync Enter - MemInfo: [/proc/self/status]	VmData:	 2404928 kB
20220314 013227.906 INFO             PET0 PIOc_sync Enter - MemInfo: [/proc/self/status]	VmStk:	     512 kB
20220314 013227.906 INFO             PET0 PIOc_sync Enter - MemInfo: [/proc/self/status]	VmExe:	     320 kB
20220314 013227.906 INFO             PET0 PIOc_sync Enter - MemInfo: [/proc/self/status]	VmLib:	  104128 kB
20220314 013227.906 INFO             PET0 PIOc_sync Enter - MemInfo: [/proc/self/status]	VmPTE:	     612 kB
20220314 013227.906 INFO             PET0 PIOc_sync Enter - MemInfo: [/proc/self/status]	VmPMD:	      32 kB
20220314 013227.906 INFO             PET0 PIOc_sync Enter - MemInfo: [/proc/self/status]	VmSwap:	       0 kB
20220314 013227.906 INFO             PET0 PIOc_sync Enter - MemInfo: [/proc/self/status]	VmRSSPercent: 0.107274 %
20220314 013227.906 INFO             PET0 PIOc_sync Enter - MemInfo: [malloc] Non-mmapped space allocated:                 5926912 Byte
20220314 013227.906 INFO             PET0 PIOc_sync Enter - MemInfo: [malloc] Space allocated in mmapped regions:         73412608 Byte
20220314 013227.906 INFO             PET0 PIOc_sync Enter - MemInfo: [malloc] Maximum total allocated space:                     0 Byte
20220314 013227.906 INFO             PET0 PIOc_sync Enter - MemInfo: [malloc] Space in freed fastbin blocks:                   512 Byte
20220314 013227.906 INFO             PET0 PIOc_sync Enter - MemInfo: [malloc] Total allocated space:                       5678832 Byte
20220314 013227.906 INFO             PET0 PIOc_sync Enter - MemInfo: [malloc] Total free space:                             248080 Byte
20220314 013227.906 INFO             PET0 PIOc_sync Enter - MemInfo: [malloc] Top-most, releasable space:                   114320 Byte
20220314 013227.906 INFO             PET0 PIOc_sync Enter - MemInfo: [malloc] Total space in use, mmap + non-mmap:        79091440 Byte
20220314 013227.906 INFO             PET0 PIOc_sync Enter - MemInfo: [malloc] Total space held (mmap + non-mmap):         79339520 Byte
20220314 013227.906 INFO             PET0 PIOc_sync Enter - MemInfo: [malloc] Total space used (mmap + non-mmap):         79100800 Byte
20220314 013227.906 INFO             PET0 PIOc_sync Enter - MemInfo: Wall-clock time since execution start:              0.0313559 seconds
20220314 013227.906 INFO             PET0 PIOc_sync Exit - MemInfo: [/proc/meminfo - SSI]	MemTotal:       131394444 kB
20220314 013227.906 INFO             PET0 PIOc_sync Exit - MemInfo: [/proc/meminfo - SSI]	MemFree:        124316524 kB
20220314 013227.906 INFO             PET0 PIOc_sync Exit - MemInfo: [/proc/meminfo - SSI]	MemAvailable:   123913040 kB
20220314 013227.906 INFO             PET0 PIOc_sync Exit - MemInfo: [/proc/meminfo - SSI]	Committed_AS:    5533884 kB
20220314 013227.906 INFO             PET0 PIOc_sync Exit - MemInfo: [/proc/meminfo - SSI]	CommittedPercent: 4.21166 %
20220314 013227.906 INFO             PET0 PIOc_sync Exit - MemInfo: [/proc/self/status]	VmPeak:	 2622004 kB
20220314 013227.906 INFO             PET0 PIOc_sync Exit - MemInfo: [/proc/self/status]	VmSize:	 2610736 kB
20220314 013227.906 INFO             PET0 PIOc_sync Exit - MemInfo: [/proc/self/status]	VmLck:	       0 kB
20220314 013227.906 INFO             PET0 PIOc_sync Exit - MemInfo: [/proc/self/status]	VmPin:	   71516 kB
20220314 013227.906 INFO             PET0 PIOc_sync Exit - MemInfo: [/proc/self/status]	VmHWM:	  140960 kB
20220314 013227.906 INFO             PET0 PIOc_sync Exit - MemInfo: [/proc/self/status]	VmRSS:	  140960 kB
20220314 013227.906 INFO             PET0 PIOc_sync Exit - MemInfo: [/proc/self/status]	VmData:	 2404928 kB
20220314 013227.906 INFO             PET0 PIOc_sync Exit - MemInfo: [/proc/self/status]	VmStk:	     512 kB
20220314 013227.906 INFO             PET0 PIOc_sync Exit - MemInfo: [/proc/self/status]	VmExe:	     320 kB
20220314 013227.906 INFO             PET0 PIOc_sync Exit - MemInfo: [/proc/self/status]	VmLib:	  104128 kB
20220314 013227.906 INFO             PET0 PIOc_sync Exit - MemInfo: [/proc/self/status]	VmPTE:	     612 kB
20220314 013227.906 INFO             PET0 PIOc_sync Exit - MemInfo: [/proc/self/status]	VmPMD:	      32 kB
20220314 013227.906 INFO             PET0 PIOc_sync Exit - MemInfo: [/proc/self/status]	VmSwap:	       0 kB
20220314 013227.906 INFO             PET0 PIOc_sync Exit - MemInfo: [/proc/self/status]	VmRSSPercent: 0.10728 %
20220314 013227.906 INFO             PET0 PIOc_sync Exit - MemInfo: [malloc] Non-mmapped space allocated:                 5926912 Byte
20220314 013227.906 INFO             PET0 PIOc_sync Exit - MemInfo: [malloc] Space allocated in mmapped regions:         73412608 Byte
20220314 013227.906 INFO             PET0 PIOc_sync Exit - MemInfo: [malloc] Maximum total allocated space:                     0 Byte
20220314 013227.906 INFO             PET0 PIOc_sync Exit - MemInfo: [malloc] Space in freed fastbin blocks:                   144 Byte
20220314 013227.906 INFO             PET0 PIOc_sync Exit - MemInfo: [malloc] Total allocated space:                       5678096 Byte
20220314 013227.906 INFO             PET0 PIOc_sync Exit - MemInfo: [malloc] Total free space:                             248816 Byte
20220314 013227.906 INFO             PET0 PIOc_sync Exit - MemInfo: [malloc] Top-most, releasable space:                   114912 Byte
20220314 013227.906 INFO             PET0 PIOc_sync Exit - MemInfo: [malloc] Total space in use, mmap + non-mmap:        79090704 Byte
20220314 013227.906 INFO             PET0 PIOc_sync Exit - MemInfo: [malloc] Total space held (mmap + non-mmap):         79339520 Byte
20220314 013227.906 INFO             PET0 PIOc_sync Exit - MemInfo: [malloc] Total space used (mmap + non-mmap):         79100064 Byte
20220314 013227.907 INFO             PET0 PIOc_sync Exit - MemInfo: Wall-clock time since execution start:              0.0319403 seconds
20220314 013227.907 INFO             PET0 PIOc_freedecomp Enter - MemInfo: [/proc/meminfo - SSI]	MemTotal:       131394444 kB
20220314 013227.907 INFO             PET0 PIOc_freedecomp Enter - MemInfo: [/proc/meminfo - SSI]	MemFree:        124316524 kB
20220314 013227.907 INFO             PET0 PIOc_freedecomp Enter - MemInfo: [/proc/meminfo - SSI]	MemAvailable:   123913040 kB
20220314 013227.907 INFO             PET0 PIOc_freedecomp Enter - MemInfo: [/proc/meminfo - SSI]	Committed_AS:    5533884 kB
20220314 013227.907 INFO             PET0 PIOc_freedecomp Enter - MemInfo: [/proc/meminfo - SSI]	CommittedPercent: 4.21166 %
20220314 013227.907 INFO             PET0 PIOc_freedecomp Enter - MemInfo: [/proc/self/status]	VmPeak:	 2622004 kB
20220314 013227.907 INFO             PET0 PIOc_freedecomp Enter - MemInfo: [/proc/self/status]	VmSize:	 2610736 kB
20220314 013227.907 INFO             PET0 PIOc_freedecomp Enter - MemInfo: [/proc/self/status]	VmLck:	       0 kB
20220314 013227.907 INFO             PET0 PIOc_freedecomp Enter - MemInfo: [/proc/self/status]	VmPin:	   71516 kB
20220314 013227.907 INFO             PET0 PIOc_freedecomp Enter - MemInfo: [/proc/self/status]	VmHWM:	  140960 kB
20220314 013227.907 INFO             PET0 PIOc_freedecomp Enter - MemInfo: [/proc/self/status]	VmRSS:	  140960 kB
20220314 013227.907 INFO             PET0 PIOc_freedecomp Enter - MemInfo: [/proc/self/status]	VmData:	 2404928 kB
20220314 013227.907 INFO             PET0 PIOc_freedecomp Enter - MemInfo: [/proc/self/status]	VmStk:	     512 kB
20220314 013227.907 INFO             PET0 PIOc_freedecomp Enter - MemInfo: [/proc/self/status]	VmExe:	     320 kB
20220314 013227.907 INFO             PET0 PIOc_freedecomp Enter - MemInfo: [/proc/self/status]	VmLib:	  104128 kB
20220314 013227.907 INFO             PET0 PIOc_freedecomp Enter - MemInfo: [/proc/self/status]	VmPTE:	     612 kB
20220314 013227.907 INFO             PET0 PIOc_freedecomp Enter - MemInfo: [/proc/self/status]	VmPMD:	      32 kB
20220314 013227.907 INFO             PET0 PIOc_freedecomp Enter - MemInfo: [/proc/self/status]	VmSwap:	       0 kB
20220314 013227.907 INFO             PET0 PIOc_freedecomp Enter - MemInfo: [/proc/self/status]	VmRSSPercent: 0.10728 %
20220314 013227.907 INFO             PET0 PIOc_freedecomp Enter - MemInfo: [malloc] Non-mmapped space allocated:                 5926912 Byte
20220314 013227.907 INFO             PET0 PIOc_freedecomp Enter - MemInfo: [malloc] Space allocated in mmapped regions:         73412608 Byte
20220314 013227.907 INFO             PET0 PIOc_freedecomp Enter - MemInfo: [malloc] Maximum total allocated space:                     0 Byte
20220314 013227.907 INFO             PET0 PIOc_freedecomp Enter - MemInfo: [malloc] Space in freed fastbin blocks:                   528 Byte
20220314 013227.907 INFO             PET0 PIOc_freedecomp Enter - MemInfo: [malloc] Total allocated space:                       3043344 Byte
20220314 013227.907 INFO             PET0 PIOc_freedecomp Enter - MemInfo: [malloc] Total free space:                            2883568 Byte
20220314 013227.907 INFO             PET0 PIOc_freedecomp Enter - MemInfo: [malloc] Top-most, releasable space:                   114992 Byte
20220314 013227.907 INFO             PET0 PIOc_freedecomp Enter - MemInfo: [malloc] Total space in use, mmap + non-mmap:        76455952 Byte
20220314 013227.907 INFO             PET0 PIOc_freedecomp Enter - MemInfo: [malloc] Total space held (mmap + non-mmap):         79339520 Byte
20220314 013227.907 INFO             PET0 PIOc_freedecomp Enter - MemInfo: [malloc] Total space used (mmap + non-mmap):         76465312 Byte
20220314 013227.907 INFO             PET0 PIOc_freedecomp Enter - MemInfo: Wall-clock time since execution start:              0.0326804 seconds
20220314 013227.907 INFO             PET0 PIOc_freedecomp Exit - MemInfo: [/proc/meminfo - SSI]	MemTotal:       131394444 kB
20220314 013227.907 INFO             PET0 PIOc_freedecomp Exit - MemInfo: [/proc/meminfo - SSI]	MemFree:        124316524 kB
20220314 013227.907 INFO             PET0 PIOc_freedecomp Exit - MemInfo: [/proc/meminfo - SSI]	MemAvailable:   123913040 kB
20220314 013227.907 INFO             PET0 PIOc_freedecomp Exit - MemInfo: [/proc/meminfo - SSI]	Committed_AS:    5533884 kB
20220314 013227.907 INFO             PET0 PIOc_freedecomp Exit - MemInfo: [/proc/meminfo - SSI]	CommittedPercent: 4.21166 %
20220314 013227.907 INFO             PET0 PIOc_freedecomp Exit - MemInfo: [/proc/self/status]	VmPeak:	 2622004 kB
20220314 013227.907 INFO             PET0 PIOc_freedecomp Exit - MemInfo: [/proc/self/status]	VmSize:	 2610736 kB
20220314 013227.907 INFO             PET0 PIOc_freedecomp Exit - MemInfo: [/proc/self/status]	VmLck:	       0 kB
20220314 013227.907 INFO             PET0 PIOc_freedecomp Exit - MemInfo: [/proc/self/status]	VmPin:	   71516 kB
20220314 013227.907 INFO             PET0 PIOc_freedecomp Exit - MemInfo: [/proc/self/status]	VmHWM:	  140960 kB
20220314 013227.907 INFO             PET0 PIOc_freedecomp Exit - MemInfo: [/proc/self/status]	VmRSS:	  140960 kB
20220314 013227.908 INFO             PET0 PIOc_freedecomp Exit - MemInfo: [/proc/self/status]	VmData:	 2404928 kB
20220314 013227.908 INFO             PET0 PIOc_freedecomp Exit - MemInfo: [/proc/self/status]	VmStk:	     512 kB
20220314 013227.908 INFO             PET0 PIOc_freedecomp Exit - MemInfo: [/proc/self/status]	VmExe:	     320 kB
20220314 013227.908 INFO             PET0 PIOc_freedecomp Exit - MemInfo: [/proc/self/status]	VmLib:	  104128 kB
20220314 013227.908 INFO             PET0 PIOc_freedecomp Exit - MemInfo: [/proc/self/status]	VmPTE:	     612 kB
20220314 013227.908 INFO             PET0 PIOc_freedecomp Exit - MemInfo: [/proc/self/status]	VmPMD:	      32 kB
20220314 013227.908 INFO             PET0 PIOc_freedecomp Exit - MemInfo: [/proc/self/status]	VmSwap:	       0 kB
20220314 013227.908 INFO             PET0 PIOc_freedecomp Exit - MemInfo: [/proc/self/status]	VmRSSPercent: 0.10728 %
20220314 013227.908 INFO             PET0 PIOc_freedecomp Exit - MemInfo: [malloc] Non-mmapped space allocated:                 5926912 Byte
20220314 013227.908 INFO             PET0 PIOc_freedecomp Exit - MemInfo: [malloc] Space allocated in mmapped regions:         73412608 Byte
20220314 013227.908 INFO             PET0 PIOc_freedecomp Exit - MemInfo: [malloc] Maximum total allocated space:                     0 Byte
20220314 013227.908 INFO             PET0 PIOc_freedecomp Exit - MemInfo: [malloc] Space in freed fastbin blocks:                   848 Byte
20220314 013227.908 INFO             PET0 PIOc_freedecomp Exit - MemInfo: [malloc] Total allocated space:                       3042032 Byte
20220314 013227.908 INFO             PET0 PIOc_freedecomp Exit - MemInfo: [malloc] Total free space:                            2884880 Byte
20220314 013227.908 INFO             PET0 PIOc_freedecomp Exit - MemInfo: [malloc] Top-most, releasable space:                   114992 Byte
20220314 013227.908 INFO             PET0 PIOc_freedecomp Exit - MemInfo: [malloc] Total space in use, mmap + non-mmap:        76454640 Byte
20220314 013227.908 INFO             PET0 PIOc_freedecomp Exit - MemInfo: [malloc] Total space held (mmap + non-mmap):         79339520 Byte
20220314 013227.908 INFO             PET0 PIOc_freedecomp Exit - MemInfo: [malloc] Total space used (mmap + non-mmap):         76464000 Byte
20220314 013227.908 INFO             PET0 PIOc_freedecomp Exit - MemInfo: Wall-clock time since execution start:              0.0332012 seconds
20220314 013227.908 INFO             PET0 PIOc_sync Enter - MemInfo: [/proc/meminfo - SSI]	MemTotal:       131394444 kB
20220314 013227.908 INFO             PET0 PIOc_sync Enter - MemInfo: [/proc/meminfo - SSI]	MemFree:        124316524 kB
20220314 013227.908 INFO             PET0 PIOc_sync Enter - MemInfo: [/proc/meminfo - SSI]	MemAvailable:   123913040 kB
20220314 013227.908 INFO             PET0 PIOc_sync Enter - MemInfo: [/proc/meminfo - SSI]	Committed_AS:    5533884 kB
20220314 013227.908 INFO             PET0 PIOc_sync Enter - MemInfo: [/proc/meminfo - SSI]	CommittedPercent: 4.21166 %
20220314 013227.908 INFO             PET0 PIOc_sync Enter - MemInfo: [/proc/self/status]	VmPeak:	 2622004 kB
20220314 013227.908 INFO             PET0 PIOc_sync Enter - MemInfo: [/proc/self/status]	VmSize:	 2610736 kB
20220314 013227.908 INFO             PET0 PIOc_sync Enter - MemInfo: [/proc/self/status]	VmLck:	       0 kB
20220314 013227.908 INFO             PET0 PIOc_sync Enter - MemInfo: [/proc/self/status]	VmPin:	   71516 kB
20220314 013227.908 INFO             PET0 PIOc_sync Enter - MemInfo: [/proc/self/status]	VmHWM:	  140964 kB
20220314 013227.908 INFO             PET0 PIOc_sync Enter - MemInfo: [/proc/self/status]	VmRSS:	  140964 kB
20220314 013227.908 INFO             PET0 PIOc_sync Enter - MemInfo: [/proc/self/status]	VmData:	 2404928 kB
20220314 013227.908 INFO             PET0 PIOc_sync Enter - MemInfo: [/proc/self/status]	VmStk:	     512 kB
20220314 013227.908 INFO             PET0 PIOc_sync Enter - MemInfo: [/proc/self/status]	VmExe:	     320 kB
20220314 013227.909 INFO             PET0 PIOc_sync Enter - MemInfo: [/proc/self/status]	VmLib:	  104128 kB
20220314 013227.909 INFO             PET0 PIOc_sync Enter - MemInfo: [/proc/self/status]	VmPTE:	     612 kB
20220314 013227.909 INFO             PET0 PIOc_sync Enter - MemInfo: [/proc/self/status]	VmPMD:	      32 kB
20220314 013227.909 INFO             PET0 PIOc_sync Enter - MemInfo: [/proc/self/status]	VmSwap:	       0 kB
20220314 013227.909 INFO             PET0 PIOc_sync Enter - MemInfo: [/proc/self/status]	VmRSSPercent: 0.107283 %
20220314 013227.909 INFO             PET0 PIOc_sync Enter - MemInfo: [malloc] Non-mmapped space allocated:                 5926912 Byte
20220314 013227.909 INFO             PET0 PIOc_sync Enter - MemInfo: [malloc] Space allocated in mmapped regions:         73412608 Byte
20220314 013227.909 INFO             PET0 PIOc_sync Enter - MemInfo: [malloc] Maximum total allocated space:                     0 Byte
20220314 013227.909 INFO             PET0 PIOc_sync Enter - MemInfo: [malloc] Space in freed fastbin blocks:                   144 Byte
20220314 013227.909 INFO             PET0 PIOc_sync Enter - MemInfo: [malloc] Total allocated space:                       5679600 Byte
20220314 013227.909 INFO             PET0 PIOc_sync Enter - MemInfo: [malloc] Total free space:                             247312 Byte
20220314 013227.909 INFO             PET0 PIOc_sync Enter - MemInfo: [malloc] Top-most, releasable space:                   113584 Byte
20220314 013227.909 INFO             PET0 PIOc_sync Enter - MemInfo: [malloc] Total space in use, mmap + non-mmap:        79092208 Byte
20220314 013227.909 INFO             PET0 PIOc_sync Enter - MemInfo: [malloc] Total space held (mmap + non-mmap):         79339520 Byte
20220314 013227.909 INFO             PET0 PIOc_sync Enter - MemInfo: [malloc] Total space used (mmap + non-mmap):         79101568 Byte
20220314 013227.909 INFO             PET0 PIOc_sync Enter - MemInfo: Wall-clock time since execution start:              0.0341656 seconds
20220314 013227.909 INFO             PET0 PIOc_sync Exit - MemInfo: [/proc/meminfo - SSI]	MemTotal:       131394444 kB
20220314 013227.909 INFO             PET0 PIOc_sync Exit - MemInfo: [/proc/meminfo - SSI]	MemFree:        124316524 kB
20220314 013227.909 INFO             PET0 PIOc_sync Exit - MemInfo: [/proc/meminfo - SSI]	MemAvailable:   123913040 kB
20220314 013227.909 INFO             PET0 PIOc_sync Exit - MemInfo: [/proc/meminfo - SSI]	Committed_AS:    5533884 kB
20220314 013227.909 INFO             PET0 PIOc_sync Exit - MemInfo: [/proc/meminfo - SSI]	CommittedPercent: 4.21166 %
20220314 013227.909 INFO             PET0 PIOc_sync Exit - MemInfo: [/proc/self/status]	VmPeak:	 2622004 kB
20220314 013227.909 INFO             PET0 PIOc_sync Exit - MemInfo: [/proc/self/status]	VmSize:	 2610736 kB
20220314 013227.909 INFO             PET0 PIOc_sync Exit - MemInfo: [/proc/self/status]	VmLck:	       0 kB
20220314 013227.909 INFO             PET0 PIOc_sync Exit - MemInfo: [/proc/self/status]	VmPin:	   71516 kB
20220314 013227.909 INFO             PET0 PIOc_sync Exit - MemInfo: [/proc/self/status]	VmHWM:	  140964 kB
20220314 013227.909 INFO             PET0 PIOc_sync Exit - MemInfo: [/proc/self/status]	VmRSS:	  140964 kB
20220314 013227.909 INFO             PET0 PIOc_sync Exit - MemInfo: [/proc/self/status]	VmData:	 2404928 kB
20220314 013227.909 INFO             PET0 PIOc_sync Exit - MemInfo: [/proc/self/status]	VmStk:	     512 kB
20220314 013227.909 INFO             PET0 PIOc_sync Exit - MemInfo: [/proc/self/status]	VmExe:	     320 kB
20220314 013227.909 INFO             PET0 PIOc_sync Exit - MemInfo: [/proc/self/status]	VmLib:	  104128 kB
20220314 013227.909 INFO             PET0 PIOc_sync Exit - MemInfo: [/proc/self/status]	VmPTE:	     612 kB
20220314 013227.909 INFO             PET0 PIOc_sync Exit - MemInfo: [/proc/self/status]	VmPMD:	      32 kB
20220314 013227.909 INFO             PET0 PIOc_sync Exit - MemInfo: [/proc/self/status]	VmSwap:	       0 kB
20220314 013227.909 INFO             PET0 PIOc_sync Exit - MemInfo: [/proc/self/status]	VmRSSPercent: 0.107283 %
20220314 013227.909 INFO             PET0 PIOc_sync Exit - MemInfo: [malloc] Non-mmapped space allocated:                 5926912 Byte
20220314 013227.909 INFO             PET0 PIOc_sync Exit - MemInfo: [malloc] Space allocated in mmapped regions:         73412608 Byte
20220314 013227.909 INFO             PET0 PIOc_sync Exit - MemInfo: [malloc] Maximum total allocated space:                     0 Byte
20220314 013227.909 INFO             PET0 PIOc_sync Exit - MemInfo: [malloc] Space in freed fastbin blocks:                   160 Byte
20220314 013227.909 INFO             PET0 PIOc_sync Exit - MemInfo: [malloc] Total allocated space:                       5678864 Byte
20220314 013227.909 INFO             PET0 PIOc_sync Exit - MemInfo: [malloc] Total free space:                             248048 Byte
20220314 013227.909 INFO             PET0 PIOc_sync Exit - MemInfo: [malloc] Top-most, releasable space:                   114208 Byte
20220314 013227.909 INFO             PET0 PIOc_sync Exit - MemInfo: [malloc] Total space in use, mmap + non-mmap:        79091472 Byte
20220314 013227.909 INFO             PET0 PIOc_sync Exit - MemInfo: [malloc] Total space held (mmap + non-mmap):         79339520 Byte
20220314 013227.909 INFO             PET0 PIOc_sync Exit - MemInfo: [malloc] Total space used (mmap + non-mmap):         79100832 Byte
20220314 013227.909 INFO             PET0 PIOc_sync Exit - MemInfo: Wall-clock time since execution start:              0.0347499 seconds
20220314 013227.909 INFO             PET0 PIOc_freedecomp Enter - MemInfo: [/proc/meminfo - SSI]	MemTotal:       131394444 kB
20220314 013227.909 INFO             PET0 PIOc_freedecomp Enter - MemInfo: [/proc/meminfo - SSI]	MemFree:        124316524 kB
20220314 013227.909 INFO             PET0 PIOc_freedecomp Enter - MemInfo: [/proc/meminfo - SSI]	MemAvailable:   123913040 kB
20220314 013227.909 INFO             PET0 PIOc_freedecomp Enter - MemInfo: [/proc/meminfo - SSI]	Committed_AS:    5533884 kB
20220314 013227.909 INFO             PET0 PIOc_freedecomp Enter - MemInfo: [/proc/meminfo - SSI]	CommittedPercent: 4.21166 %
20220314 013227.910 INFO             PET0 PIOc_freedecomp Enter - MemInfo: [/proc/self/status]	VmPeak:	 2622004 kB
20220314 013227.910 INFO             PET0 PIOc_freedecomp Enter - MemInfo: [/proc/self/status]	VmSize:	 2610736 kB
20220314 013227.910 INFO             PET0 PIOc_freedecomp Enter - MemInfo: [/proc/self/status]	VmLck:	       0 kB
20220314 013227.910 INFO             PET0 PIOc_freedecomp Enter - MemInfo: [/proc/self/status]	VmPin:	   71516 kB
20220314 013227.910 INFO             PET0 PIOc_freedecomp Enter - MemInfo: [/proc/self/status]	VmHWM:	  140964 kB
20220314 013227.910 INFO             PET0 PIOc_freedecomp Enter - MemInfo: [/proc/self/status]	VmRSS:	  140964 kB
20220314 013227.910 INFO             PET0 PIOc_freedecomp Enter - MemInfo: [/proc/self/status]	VmData:	 2404928 kB
20220314 013227.910 INFO             PET0 PIOc_freedecomp Enter - MemInfo: [/proc/self/status]	VmStk:	     512 kB
20220314 013227.910 INFO             PET0 PIOc_freedecomp Enter - MemInfo: [/proc/self/status]	VmExe:	     320 kB
20220314 013227.910 INFO             PET0 PIOc_freedecomp Enter - MemInfo: [/proc/self/status]	VmLib:	  104128 kB
20220314 013227.910 INFO             PET0 PIOc_freedecomp Enter - MemInfo: [/proc/self/status]	VmPTE:	     612 kB
20220314 013227.910 INFO             PET0 PIOc_freedecomp Enter - MemInfo: [/proc/self/status]	VmPMD:	      32 kB
20220314 013227.910 INFO             PET0 PIOc_freedecomp Enter - MemInfo: [/proc/self/status]	VmSwap:	       0 kB
20220314 013227.910 INFO             PET0 PIOc_freedecomp Enter - MemInfo: [/proc/self/status]	VmRSSPercent: 0.107283 %
20220314 013227.910 INFO             PET0 PIOc_freedecomp Enter - MemInfo: [malloc] Non-mmapped space allocated:                 5926912 Byte
20220314 013227.910 INFO             PET0 PIOc_freedecomp Enter - MemInfo: [malloc] Space allocated in mmapped regions:         73412608 Byte
20220314 013227.910 INFO             PET0 PIOc_freedecomp Enter - MemInfo: [malloc] Maximum total allocated space:                     0 Byte
20220314 013227.910 INFO             PET0 PIOc_freedecomp Enter - MemInfo: [malloc] Space in freed fastbin blocks:                   368 Byte
20220314 013227.910 INFO             PET0 PIOc_freedecomp Enter - MemInfo: [malloc] Total allocated space:                       3043360 Byte
20220314 013227.910 INFO             PET0 PIOc_freedecomp Enter - MemInfo: [malloc] Total free space:                            2883552 Byte
20220314 013227.910 INFO             PET0 PIOc_freedecomp Enter - MemInfo: [malloc] Top-most, releasable space:                   115984 Byte
20220314 013227.910 INFO             PET0 PIOc_freedecomp Enter - MemInfo: [malloc] Total space in use, mmap + non-mmap:        76455968 Byte
20220314 013227.910 INFO             PET0 PIOc_freedecomp Enter - MemInfo: [malloc] Total space held (mmap + non-mmap):         79339520 Byte
20220314 013227.910 INFO             PET0 PIOc_freedecomp Enter - MemInfo: [malloc] Total space used (mmap + non-mmap):         76465328 Byte
20220314 013227.910 INFO             PET0 PIOc_freedecomp Enter - MemInfo: Wall-clock time since execution start:              0.0352937 seconds
20220314 013227.910 INFO             PET0 PIOc_freedecomp Exit - MemInfo: [/proc/meminfo - SSI]	MemTotal:       131394444 kB
20220314 013227.910 INFO             PET0 PIOc_freedecomp Exit - MemInfo: [/proc/meminfo - SSI]	MemFree:        124316524 kB
20220314 013227.910 INFO             PET0 PIOc_freedecomp Exit - MemInfo: [/proc/meminfo - SSI]	MemAvailable:   123913040 kB
20220314 013227.910 INFO             PET0 PIOc_freedecomp Exit - MemInfo: [/proc/meminfo - SSI]	Committed_AS:    5533884 kB
20220314 013227.910 INFO             PET0 PIOc_freedecomp Exit - MemInfo: [/proc/meminfo - SSI]	CommittedPercent: 4.21166 %
20220314 013227.910 INFO             PET0 PIOc_freedecomp Exit - MemInfo: [/proc/self/status]	VmPeak:	 2622004 kB
20220314 013227.910 INFO             PET0 PIOc_freedecomp Exit - MemInfo: [/proc/self/status]	VmSize:	 2610736 kB
20220314 013227.910 INFO             PET0 PIOc_freedecomp Exit - MemInfo: [/proc/self/status]	VmLck:	       0 kB
20220314 013227.910 INFO             PET0 PIOc_freedecomp Exit - MemInfo: [/proc/self/status]	VmPin:	   71516 kB
20220314 013227.910 INFO             PET0 PIOc_freedecomp Exit - MemInfo: [/proc/self/status]	VmHWM:	  140964 kB
20220314 013227.910 INFO             PET0 PIOc_freedecomp Exit - MemInfo: [/proc/self/status]	VmRSS:	  140964 kB
20220314 013227.910 INFO             PET0 PIOc_freedecomp Exit - MemInfo: [/proc/self/status]	VmData:	 2404928 kB
20220314 013227.910 INFO             PET0 PIOc_freedecomp Exit - MemInfo: [/proc/self/status]	VmStk:	     512 kB
20220314 013227.910 INFO             PET0 PIOc_freedecomp Exit - MemInfo: [/proc/self/status]	VmExe:	     320 kB
20220314 013227.910 INFO             PET0 PIOc_freedecomp Exit - MemInfo: [/proc/self/status]	VmLib:	  104128 kB
20220314 013227.910 INFO             PET0 PIOc_freedecomp Exit - MemInfo: [/proc/self/status]	VmPTE:	     612 kB
20220314 013227.910 INFO             PET0 PIOc_freedecomp Exit - MemInfo: [/proc/self/status]	VmPMD:	      32 kB
20220314 013227.910 INFO             PET0 PIOc_freedecomp Exit - MemInfo: [/proc/self/status]	VmSwap:	       0 kB
20220314 013227.910 INFO             PET0 PIOc_freedecomp Exit - MemInfo: [/proc/self/status]	VmRSSPercent: 0.107283 %
20220314 013227.910 INFO             PET0 PIOc_freedecomp Exit - MemInfo: [malloc] Non-mmapped space allocated:                 5926912 Byte
20220314 013227.910 INFO             PET0 PIOc_freedecomp Exit - MemInfo: [malloc] Space allocated in mmapped regions:         73412608 Byte
20220314 013227.910 INFO             PET0 PIOc_freedecomp Exit - MemInfo: [malloc] Maximum total allocated space:                     0 Byte
20220314 013227.910 INFO             PET0 PIOc_freedecomp Exit - MemInfo: [malloc] Space in freed fastbin blocks:                   352 Byte
20220314 013227.910 INFO             PET0 PIOc_freedecomp Exit - MemInfo: [malloc] Total allocated space:                       3042048 Byte
20220314 013227.910 INFO             PET0 PIOc_freedecomp Exit - MemInfo: [malloc] Total free space:                            2884864 Byte
20220314 013227.910 INFO             PET0 PIOc_freedecomp Exit - MemInfo: [malloc] Top-most, releasable space:                   116512 Byte
20220314 013227.910 INFO             PET0 PIOc_freedecomp Exit - MemInfo: [malloc] Total space in use, mmap + non-mmap:        76454656 Byte
20220314 013227.910 INFO             PET0 PIOc_freedecomp Exit - MemInfo: [malloc] Total space held (mmap + non-mmap):         79339520 Byte
20220314 013227.910 INFO             PET0 PIOc_freedecomp Exit - MemInfo: [malloc] Total space used (mmap + non-mmap):         76464016 Byte
20220314 013227.910 INFO             PET0 PIOc_freedecomp Exit - MemInfo: Wall-clock time since execution start:              0.0358085 seconds
20220314 013227.911 INFO             PET0 PIOc_sync Enter - MemInfo: [/proc/meminfo - SSI]	MemTotal:       131394444 kB
20220314 013227.911 INFO             PET0 PIOc_sync Enter - MemInfo: [/proc/meminfo - SSI]	MemFree:        124316524 kB
20220314 013227.911 INFO             PET0 PIOc_sync Enter - MemInfo: [/proc/meminfo - SSI]	MemAvailable:   123913040 kB
20220314 013227.911 INFO             PET0 PIOc_sync Enter - MemInfo: [/proc/meminfo - SSI]	Committed_AS:    5533884 kB
20220314 013227.911 INFO             PET0 PIOc_sync Enter - MemInfo: [/proc/meminfo - SSI]	CommittedPercent: 4.21166 %
20220314 013227.911 INFO             PET0 PIOc_sync Enter - MemInfo: [/proc/self/status]	VmPeak:	 2622004 kB
20220314 013227.911 INFO             PET0 PIOc_sync Enter - MemInfo: [/proc/self/status]	VmSize:	 2610736 kB
20220314 013227.912 INFO             PET0 PIOc_sync Enter - MemInfo: [/proc/self/status]	VmLck:	       0 kB
20220314 013227.912 INFO             PET0 PIOc_sync Enter - MemInfo: [/proc/self/status]	VmPin:	   71516 kB
20220314 013227.912 INFO             PET0 PIOc_sync Enter - MemInfo: [/proc/self/status]	VmHWM:	  140964 kB
20220314 013227.912 INFO             PET0 PIOc_sync Enter - MemInfo: [/proc/self/status]	VmRSS:	  140964 kB
20220314 013227.912 INFO             PET0 PIOc_sync Enter - MemInfo: [/proc/self/status]	VmData:	 2404928 kB
20220314 013227.912 INFO             PET0 PIOc_sync Enter - MemInfo: [/proc/self/status]	VmStk:	     512 kB
20220314 013227.912 INFO             PET0 PIOc_sync Enter - MemInfo: [/proc/self/status]	VmExe:	     320 kB
20220314 013227.912 INFO             PET0 PIOc_sync Enter - MemInfo: [/proc/self/status]	VmLib:	  104128 kB
20220314 013227.912 INFO             PET0 PIOc_sync Enter - MemInfo: [/proc/self/status]	VmPTE:	     612 kB
20220314 013227.912 INFO             PET0 PIOc_sync Enter - MemInfo: [/proc/self/status]	VmPMD:	      32 kB
20220314 013227.912 INFO             PET0 PIOc_sync Enter - MemInfo: [/proc/self/status]	VmSwap:	       0 kB
20220314 013227.912 INFO             PET0 PIOc_sync Enter - MemInfo: [/proc/self/status]	VmRSSPercent: 0.107283 %
20220314 013227.912 INFO             PET0 PIOc_sync Enter - MemInfo: [malloc] Non-mmapped space allocated:                 5926912 Byte
20220314 013227.912 INFO             PET0 PIOc_sync Enter - MemInfo: [malloc] Space allocated in mmapped regions:         73412608 Byte
20220314 013227.912 INFO             PET0 PIOc_sync Enter - MemInfo: [malloc] Maximum total allocated space:                     0 Byte
20220314 013227.912 INFO             PET0 PIOc_sync Enter - MemInfo: [malloc] Space in freed fastbin blocks:                   144 Byte
20220314 013227.912 INFO             PET0 PIOc_sync Enter - MemInfo: [malloc] Total allocated space:                       5680352 Byte
20220314 013227.912 INFO             PET0 PIOc_sync Enter - MemInfo: [malloc] Total free space:                             246560 Byte
20220314 013227.912 INFO             PET0 PIOc_sync Enter - MemInfo: [malloc] Top-most, releasable space:                   112336 Byte
20220314 013227.912 INFO             PET0 PIOc_sync Enter - MemInfo: [malloc] Total space in use, mmap + non-mmap:        79092960 Byte
20220314 013227.912 INFO             PET0 PIOc_sync Enter - MemInfo: [malloc] Total space held (mmap + non-mmap):         79339520 Byte
20220314 013227.912 INFO             PET0 PIOc_sync Enter - MemInfo: [malloc] Total space used (mmap + non-mmap):         79102320 Byte
20220314 013227.912 INFO             PET0 PIOc_sync Enter - MemInfo: Wall-clock time since execution start:              0.0372468 seconds
20220314 013227.912 INFO             PET0 PIOc_sync Exit - MemInfo: [/proc/meminfo - SSI]	MemTotal:       131394444 kB
20220314 013227.912 INFO             PET0 PIOc_sync Exit - MemInfo: [/proc/meminfo - SSI]	MemFree:        124316524 kB
20220314 013227.912 INFO             PET0 PIOc_sync Exit - MemInfo: [/proc/meminfo - SSI]	MemAvailable:   123913040 kB
20220314 013227.912 INFO             PET0 PIOc_sync Exit - MemInfo: [/proc/meminfo - SSI]	Committed_AS:    5533884 kB
20220314 013227.912 INFO             PET0 PIOc_sync Exit - MemInfo: [/proc/meminfo - SSI]	CommittedPercent: 4.21166 %
20220314 013227.912 INFO             PET0 PIOc_sync Exit - MemInfo: [/proc/self/status]	VmPeak:	 2622004 kB
20220314 013227.912 INFO             PET0 PIOc_sync Exit - MemInfo: [/proc/self/status]	VmSize:	 2610736 kB
20220314 013227.912 INFO             PET0 PIOc_sync Exit - MemInfo: [/proc/self/status]	VmLck:	       0 kB
20220314 013227.912 INFO             PET0 PIOc_sync Exit - MemInfo: [/proc/self/status]	VmPin:	   71516 kB
20220314 013227.912 INFO             PET0 PIOc_sync Exit - MemInfo: [/proc/self/status]	VmHWM:	  140964 kB
20220314 013227.912 INFO             PET0 PIOc_sync Exit - MemInfo: [/proc/self/status]	VmRSS:	  140964 kB
20220314 013227.912 INFO             PET0 PIOc_sync Exit - MemInfo: [/proc/self/status]	VmData:	 2404928 kB
20220314 013227.912 INFO             PET0 PIOc_sync Exit - MemInfo: [/proc/self/status]	VmStk:	     512 kB
20220314 013227.912 INFO             PET0 PIOc_sync Exit - MemInfo: [/proc/self/status]	VmExe:	     320 kB
20220314 013227.912 INFO             PET0 PIOc_sync Exit - MemInfo: [/proc/self/status]	VmLib:	  104128 kB
20220314 013227.912 INFO             PET0 PIOc_sync Exit - MemInfo: [/proc/self/status]	VmPTE:	     612 kB
20220314 013227.912 INFO             PET0 PIOc_sync Exit - MemInfo: [/proc/self/status]	VmPMD:	      32 kB
20220314 013227.912 INFO             PET0 PIOc_sync Exit - MemInfo: [/proc/self/status]	VmSwap:	       0 kB
20220314 013227.912 INFO             PET0 PIOc_sync Exit - MemInfo: [/proc/self/status]	VmRSSPercent: 0.107283 %
20220314 013227.912 INFO             PET0 PIOc_sync Exit - MemInfo: [malloc] Non-mmapped space allocated:                 5926912 Byte
20220314 013227.912 INFO             PET0 PIOc_sync Exit - MemInfo: [malloc] Space allocated in mmapped regions:         73412608 Byte
20220314 013227.912 INFO             PET0 PIOc_sync Exit - MemInfo: [malloc] Maximum total allocated space:                     0 Byte
20220314 013227.912 INFO             PET0 PIOc_sync Exit - MemInfo: [malloc] Space in freed fastbin blocks:                   144 Byte
20220314 013227.912 INFO             PET0 PIOc_sync Exit - MemInfo: [malloc] Total allocated space:                       5679632 Byte
20220314 013227.912 INFO             PET0 PIOc_sync Exit - MemInfo: [malloc] Total free space:                             247280 Byte
20220314 013227.912 INFO             PET0 PIOc_sync Exit - MemInfo: [malloc] Top-most, releasable space:                   112960 Byte
20220314 013227.912 INFO             PET0 PIOc_sync Exit - MemInfo: [malloc] Total space in use, mmap + non-mmap:        79092240 Byte
20220314 013227.912 INFO             PET0 PIOc_sync Exit - MemInfo: [malloc] Total space held (mmap + non-mmap):         79339520 Byte
20220314 013227.912 INFO             PET0 PIOc_sync Exit - MemInfo: [malloc] Total space used (mmap + non-mmap):         79101600 Byte
20220314 013227.912 INFO             PET0 PIOc_sync Exit - MemInfo: Wall-clock time since execution start:              0.0378231 seconds
20220314 013227.913 INFO             PET0 PIOc_freedecomp Enter - MemInfo: [/proc/meminfo - SSI]	MemTotal:       131394444 kB
20220314 013227.913 INFO             PET0 PIOc_freedecomp Enter - MemInfo: [/proc/meminfo - SSI]	MemFree:        124316524 kB
20220314 013227.913 INFO             PET0 PIOc_freedecomp Enter - MemInfo: [/proc/meminfo - SSI]	MemAvailable:   123913040 kB
20220314 013227.913 INFO             PET0 PIOc_freedecomp Enter - MemInfo: [/proc/meminfo - SSI]	Committed_AS:    5533884 kB
20220314 013227.913 INFO             PET0 PIOc_freedecomp Enter - MemInfo: [/proc/meminfo - SSI]	CommittedPercent: 4.21166 %
20220314 013227.913 INFO             PET0 PIOc_freedecomp Enter - MemInfo: [/proc/self/status]	VmPeak:	 2622004 kB
20220314 013227.913 INFO             PET0 PIOc_freedecomp Enter - MemInfo: [/proc/self/status]	VmSize:	 2610736 kB
20220314 013227.913 INFO             PET0 PIOc_freedecomp Enter - MemInfo: [/proc/self/status]	VmLck:	       0 kB
20220314 013227.913 INFO             PET0 PIOc_freedecomp Enter - MemInfo: [/proc/self/status]	VmPin:	   71516 kB
20220314 013227.913 INFO             PET0 PIOc_freedecomp Enter - MemInfo: [/proc/self/status]	VmHWM:	  140964 kB
20220314 013227.913 INFO             PET0 PIOc_freedecomp Enter - MemInfo: [/proc/self/status]	VmRSS:	  140964 kB
20220314 013227.913 INFO             PET0 PIOc_freedecomp Enter - MemInfo: [/proc/self/status]	VmData:	 2404928 kB
20220314 013227.913 INFO             PET0 PIOc_freedecomp Enter - MemInfo: [/proc/self/status]	VmStk:	     512 kB
20220314 013227.913 INFO             PET0 PIOc_freedecomp Enter - MemInfo: [/proc/self/status]	VmExe:	     320 kB
20220314 013227.913 INFO             PET0 PIOc_freedecomp Enter - MemInfo: [/proc/self/status]	VmLib:	  104128 kB
20220314 013227.913 INFO             PET0 PIOc_freedecomp Enter - MemInfo: [/proc/self/status]	VmPTE:	     612 kB
20220314 013227.913 INFO             PET0 PIOc_freedecomp Enter - MemInfo: [/proc/self/status]	VmPMD:	      32 kB
20220314 013227.913 INFO             PET0 PIOc_freedecomp Enter - MemInfo: [/proc/self/status]	VmSwap:	       0 kB
20220314 013227.913 INFO             PET0 PIOc_freedecomp Enter - MemInfo: [/proc/self/status]	VmRSSPercent: 0.107283 %
20220314 013227.913 INFO             PET0 PIOc_freedecomp Enter - MemInfo: [malloc] Non-mmapped space allocated:                 5926912 Byte
20220314 013227.913 INFO             PET0 PIOc_freedecomp Enter - MemInfo: [malloc] Space allocated in mmapped regions:         73412608 Byte
20220314 013227.913 INFO             PET0 PIOc_freedecomp Enter - MemInfo: [malloc] Maximum total allocated space:                     0 Byte
20220314 013227.913 INFO             PET0 PIOc_freedecomp Enter - MemInfo: [malloc] Space in freed fastbin blocks:                   368 Byte
20220314 013227.913 INFO             PET0 PIOc_freedecomp Enter - MemInfo: [malloc] Total allocated space:                       3043360 Byte
20220314 013227.913 INFO             PET0 PIOc_freedecomp Enter - MemInfo: [malloc] Total free space:                            2883552 Byte
20220314 013227.913 INFO             PET0 PIOc_freedecomp Enter - MemInfo: [malloc] Top-most, releasable space:                   115232 Byte
20220314 013227.913 INFO             PET0 PIOc_freedecomp Enter - MemInfo: [malloc] Total space in use, mmap + non-mmap:        76455968 Byte
20220314 013227.913 INFO             PET0 PIOc_freedecomp Enter - MemInfo: [malloc] Total space held (mmap + non-mmap):         79339520 Byte
20220314 013227.913 INFO             PET0 PIOc_freedecomp Enter - MemInfo: [malloc] Total space used (mmap + non-mmap):         76465328 Byte
20220314 013227.913 INFO             PET0 PIOc_freedecomp Enter - MemInfo: Wall-clock time since execution start:              0.0384893 seconds
20220314 013227.913 INFO             PET0 PIOc_freedecomp Exit - MemInfo: [/proc/meminfo - SSI]	MemTotal:       131394444 kB
20220314 013227.913 INFO             PET0 PIOc_freedecomp Exit - MemInfo: [/proc/meminfo - SSI]	MemFree:        124316524 kB
20220314 013227.913 INFO             PET0 PIOc_freedecomp Exit - MemInfo: [/proc/meminfo - SSI]	MemAvailable:   123913040 kB
20220314 013227.913 INFO             PET0 PIOc_freedecomp Exit - MemInfo: [/proc/meminfo - SSI]	Committed_AS:    5533884 kB
20220314 013227.913 INFO             PET0 PIOc_freedecomp Exit - MemInfo: [/proc/meminfo - SSI]	CommittedPercent: 4.21166 %
20220314 013227.913 INFO             PET0 PIOc_freedecomp Exit - MemInfo: [/proc/self/status]	VmPeak:	 2622004 kB
20220314 013227.913 INFO             PET0 PIOc_freedecomp Exit - MemInfo: [/proc/self/status]	VmSize:	 2610736 kB
20220314 013227.913 INFO             PET0 PIOc_freedecomp Exit - MemInfo: [/proc/self/status]	VmLck:	       0 kB
20220314 013227.913 INFO             PET0 PIOc_freedecomp Exit - MemInfo: [/proc/self/status]	VmPin:	   71516 kB
20220314 013227.913 INFO             PET0 PIOc_freedecomp Exit - MemInfo: [/proc/self/status]	VmHWM:	  140964 kB
20220314 013227.913 INFO             PET0 PIOc_freedecomp Exit - MemInfo: [/proc/self/status]	VmRSS:	  140964 kB
20220314 013227.913 INFO             PET0 PIOc_freedecomp Exit - MemInfo: [/proc/self/status]	VmData:	 2404928 kB
20220314 013227.913 INFO             PET0 PIOc_freedecomp Exit - MemInfo: [/proc/self/status]	VmStk:	     512 kB
20220314 013227.913 INFO             PET0 PIOc_freedecomp Exit - MemInfo: [/proc/self/status]	VmExe:	     320 kB
20220314 013227.913 INFO             PET0 PIOc_freedecomp Exit - MemInfo: [/proc/self/status]	VmLib:	  104128 kB
20220314 013227.913 INFO             PET0 PIOc_freedecomp Exit - MemInfo: [/proc/self/status]	VmPTE:	     612 kB
20220314 013227.913 INFO             PET0 PIOc_freedecomp Exit - MemInfo: [/proc/self/status]	VmPMD:	      32 kB
20220314 013227.913 INFO             PET0 PIOc_freedecomp Exit - MemInfo: [/proc/self/status]	VmSwap:	       0 kB
20220314 013227.913 INFO             PET0 PIOc_freedecomp Exit - MemInfo: [/proc/self/status]	VmRSSPercent: 0.107283 %
20220314 013227.913 INFO             PET0 PIOc_freedecomp Exit - MemInfo: [malloc] Non-mmapped space allocated:                 5926912 Byte
20220314 013227.913 INFO             PET0 PIOc_freedecomp Exit - MemInfo: [malloc] Space allocated in mmapped regions:         73412608 Byte
20220314 013227.913 INFO             PET0 PIOc_freedecomp Exit - MemInfo: [malloc] Maximum total allocated space:                     0 Byte
20220314 013227.913 INFO             PET0 PIOc_freedecomp Exit - MemInfo: [malloc] Space in freed fastbin blocks:                   352 Byte
20220314 013227.913 INFO             PET0 PIOc_freedecomp Exit - MemInfo: [malloc] Total allocated space:                       3042048 Byte
20220314 013227.913 INFO             PET0 PIOc_freedecomp Exit - MemInfo: [malloc] Total free space:                            2884864 Byte
20220314 013227.914 INFO             PET0 PIOc_freedecomp Exit - MemInfo: [malloc] Top-most, releasable space:                   115760 Byte
20220314 013227.914 INFO             PET0 PIOc_freedecomp Exit - MemInfo: [malloc] Total space in use, mmap + non-mmap:        76454656 Byte
20220314 013227.914 INFO             PET0 PIOc_freedecomp Exit - MemInfo: [malloc] Total space held (mmap + non-mmap):         79339520 Byte
20220314 013227.914 INFO             PET0 PIOc_freedecomp Exit - MemInfo: [malloc] Total space used (mmap + non-mmap):         76464016 Byte
20220314 013227.914 INFO             PET0 PIOc_freedecomp Exit - MemInfo: Wall-clock time since execution start:              0.0389949 seconds
20220314 013227.914 INFO             PET0 PIOc_sync Enter - MemInfo: [/proc/meminfo - SSI]	MemTotal:       131394444 kB
20220314 013227.914 INFO             PET0 PIOc_sync Enter - MemInfo: [/proc/meminfo - SSI]	MemFree:        124316524 kB
20220314 013227.914 INFO             PET0 PIOc_sync Enter - MemInfo: [/proc/meminfo - SSI]	MemAvailable:   123913040 kB
20220314 013227.914 INFO             PET0 PIOc_sync Enter - MemInfo: [/proc/meminfo - SSI]	Committed_AS:    5533884 kB
20220314 013227.914 INFO             PET0 PIOc_sync Enter - MemInfo: [/proc/meminfo - SSI]	CommittedPercent: 4.21166 %
20220314 013227.914 INFO             PET0 PIOc_sync Enter - MemInfo: [/proc/self/status]	VmPeak:	 2622004 kB
20220314 013227.914 INFO             PET0 PIOc_sync Enter - MemInfo: [/proc/self/status]	VmSize:	 2610736 kB
20220314 013227.914 INFO             PET0 PIOc_sync Enter - MemInfo: [/proc/self/status]	VmLck:	       0 kB
20220314 013227.914 INFO             PET0 PIOc_sync Enter - MemInfo: [/proc/self/status]	VmPin:	   71516 kB
20220314 013227.914 INFO             PET0 PIOc_sync Enter - MemInfo: [/proc/self/status]	VmHWM:	  140964 kB
20220314 013227.914 INFO             PET0 PIOc_sync Enter - MemInfo: [/proc/self/status]	VmRSS:	  140964 kB
20220314 013227.914 INFO             PET0 PIOc_sync Enter - MemInfo: [/proc/self/status]	VmData:	 2404928 kB
20220314 013227.914 INFO             PET0 PIOc_sync Enter - MemInfo: [/proc/self/status]	VmStk:	     512 kB
20220314 013227.914 INFO             PET0 PIOc_sync Enter - MemInfo: [/proc/self/status]	VmExe:	     320 kB
20220314 013227.914 INFO             PET0 PIOc_sync Enter - MemInfo: [/proc/self/status]	VmLib:	  104128 kB
20220314 013227.914 INFO             PET0 PIOc_sync Enter - MemInfo: [/proc/self/status]	VmPTE:	     612 kB
20220314 013227.914 INFO             PET0 PIOc_sync Enter - MemInfo: [/proc/self/status]	VmPMD:	      32 kB
20220314 013227.914 INFO             PET0 PIOc_sync Enter - MemInfo: [/proc/self/status]	VmSwap:	       0 kB
20220314 013227.914 INFO             PET0 PIOc_sync Enter - MemInfo: [/proc/self/status]	VmRSSPercent: 0.107283 %
20220314 013227.914 INFO             PET0 PIOc_sync Enter - MemInfo: [malloc] Non-mmapped space allocated:                 5926912 Byte
20220314 013227.914 INFO             PET0 PIOc_sync Enter - MemInfo: [malloc] Space allocated in mmapped regions:         73412608 Byte
20220314 013227.914 INFO             PET0 PIOc_sync Enter - MemInfo: [malloc] Maximum total allocated space:                     0 Byte
20220314 013227.914 INFO             PET0 PIOc_sync Enter - MemInfo: [malloc] Space in freed fastbin blocks:                   144 Byte
20220314 013227.914 INFO             PET0 PIOc_sync Enter - MemInfo: [malloc] Total allocated space:                       5681072 Byte
20220314 013227.914 INFO             PET0 PIOc_sync Enter - MemInfo: [malloc] Total free space:                             245840 Byte
20220314 013227.914 INFO             PET0 PIOc_sync Enter - MemInfo: [malloc] Top-most, releasable space:                   110912 Byte
20220314 013227.914 INFO             PET0 PIOc_sync Enter - MemInfo: [malloc] Total space in use, mmap + non-mmap:        79093680 Byte
20220314 013227.914 INFO             PET0 PIOc_sync Enter - MemInfo: [malloc] Total space held (mmap + non-mmap):         79339520 Byte
20220314 013227.914 INFO             PET0 PIOc_sync Enter - MemInfo: [malloc] Total space used (mmap + non-mmap):         79103040 Byte
20220314 013227.915 INFO             PET0 PIOc_sync Enter - MemInfo: Wall-clock time since execution start:              0.0399401 seconds
20220314 013227.915 INFO             PET0 PIOc_sync Exit - MemInfo: [/proc/meminfo - SSI]	MemTotal:       131394444 kB
20220314 013227.915 INFO             PET0 PIOc_sync Exit - MemInfo: [/proc/meminfo - SSI]	MemFree:        124316524 kB
20220314 013227.915 INFO             PET0 PIOc_sync Exit - MemInfo: [/proc/meminfo - SSI]	MemAvailable:   123913040 kB
20220314 013227.915 INFO             PET0 PIOc_sync Exit - MemInfo: [/proc/meminfo - SSI]	Committed_AS:    5533884 kB
20220314 013227.915 INFO             PET0 PIOc_sync Exit - MemInfo: [/proc/meminfo - SSI]	CommittedPercent: 4.21166 %
20220314 013227.915 INFO             PET0 PIOc_sync Exit - MemInfo: [/proc/self/status]	VmPeak:	 2622004 kB
20220314 013227.915 INFO             PET0 PIOc_sync Exit - MemInfo: [/proc/self/status]	VmSize:	 2610736 kB
20220314 013227.915 INFO             PET0 PIOc_sync Exit - MemInfo: [/proc/self/status]	VmLck:	       0 kB
20220314 013227.915 INFO             PET0 PIOc_sync Exit - MemInfo: [/proc/self/status]	VmPin:	   71516 kB
20220314 013227.915 INFO             PET0 PIOc_sync Exit - MemInfo: [/proc/self/status]	VmHWM:	  140968 kB
20220314 013227.915 INFO             PET0 PIOc_sync Exit - MemInfo: [/proc/self/status]	VmRSS:	  140968 kB
20220314 013227.915 INFO             PET0 PIOc_sync Exit - MemInfo: [/proc/self/status]	VmData:	 2404928 kB
20220314 013227.915 INFO             PET0 PIOc_sync Exit - MemInfo: [/proc/self/status]	VmStk:	     512 kB
20220314 013227.915 INFO             PET0 PIOc_sync Exit - MemInfo: [/proc/self/status]	VmExe:	     320 kB
20220314 013227.915 INFO             PET0 PIOc_sync Exit - MemInfo: [/proc/self/status]	VmLib:	  104128 kB
20220314 013227.915 INFO             PET0 PIOc_sync Exit - MemInfo: [/proc/self/status]	VmPTE:	     612 kB
20220314 013227.915 INFO             PET0 PIOc_sync Exit - MemInfo: [/proc/self/status]	VmPMD:	      32 kB
20220314 013227.915 INFO             PET0 PIOc_sync Exit - MemInfo: [/proc/self/status]	VmSwap:	       0 kB
20220314 013227.915 INFO             PET0 PIOc_sync Exit - MemInfo: [/proc/self/status]	VmRSSPercent: 0.107286 %
20220314 013227.915 INFO             PET0 PIOc_sync Exit - MemInfo: [malloc] Non-mmapped space allocated:                 5926912 Byte
20220314 013227.915 INFO             PET0 PIOc_sync Exit - MemInfo: [malloc] Space allocated in mmapped regions:         73412608 Byte
20220314 013227.915 INFO             PET0 PIOc_sync Exit - MemInfo: [malloc] Maximum total allocated space:                     0 Byte
20220314 013227.915 INFO             PET0 PIOc_sync Exit - MemInfo: [malloc] Space in freed fastbin blocks:                   144 Byte
20220314 013227.915 INFO             PET0 PIOc_sync Exit - MemInfo: [malloc] Total allocated space:                       5680352 Byte
20220314 013227.915 INFO             PET0 PIOc_sync Exit - MemInfo: [malloc] Total free space:                             246560 Byte
20220314 013227.915 INFO             PET0 PIOc_sync Exit - MemInfo: [malloc] Top-most, releasable space:                   111536 Byte
20220314 013227.915 INFO             PET0 PIOc_sync Exit - MemInfo: [malloc] Total space in use, mmap + non-mmap:        79092960 Byte
20220314 013227.915 INFO             PET0 PIOc_sync Exit - MemInfo: [malloc] Total space held (mmap + non-mmap):         79339520 Byte
20220314 013227.915 INFO             PET0 PIOc_sync Exit - MemInfo: [malloc] Total space used (mmap + non-mmap):         79102320 Byte
20220314 013227.915 INFO             PET0 PIOc_sync Exit - MemInfo: Wall-clock time since execution start:              0.0405508 seconds
20220314 013227.915 INFO             PET0 PIOc_freedecomp Enter - MemInfo: [/proc/meminfo - SSI]	MemTotal:       131394444 kB
20220314 013227.915 INFO             PET0 PIOc_freedecomp Enter - MemInfo: [/proc/meminfo - SSI]	MemFree:        124316524 kB
20220314 013227.915 INFO             PET0 PIOc_freedecomp Enter - MemInfo: [/proc/meminfo - SSI]	MemAvailable:   123913040 kB
20220314 013227.915 INFO             PET0 PIOc_freedecomp Enter - MemInfo: [/proc/meminfo - SSI]	Committed_AS:    5533884 kB
