build time -- 2022-03-12 01:15:23.324414
20220312 013526.467 INFO             PET0 !!!!!!!!!!!!!!!!!!!!!!!!!!!!!!!!!!!!!!!!!!!!!!!!!!!!!!
20220312 013526.467 INFO             PET0 !!! THE ESMF_LOG IS SET TO OUTPUT ALL LOG MESSAGES !!!
20220312 013526.467 INFO             PET0 !!!     THIS MAY CAUSE SLOWDOWN IN PERFORMANCE     !!!
20220312 013526.467 INFO             PET0 !!! FOR PRODUCTION RUNS, USE:                      !!!
20220312 013526.467 INFO             PET0 !!!                   ESMF_LOGKIND_Multi_On_Error  !!!
20220312 013526.467 INFO             PET0 !!!!!!!!!!!!!!!!!!!!!!!!!!!!!!!!!!!!!!!!!!!!!!!!!!!!!!
20220312 013526.467 INFO             PET0 Running with ESMF Version   : v8.3.0b09-96-g559b459836
20220312 013526.468 INFO             PET0 ESMF library build date/time: "Mar 12 2022" "01:13:12"
20220312 013526.468 INFO             PET0 ESMF library build location : /gpfsm/dnb04/projects/p98/mpotts/esmf/intel_2020_intelmpi_O_jedwards_pio_update2
20220312 013526.468 INFO             PET0 ESMF_COMM                   : intelmpi
20220312 013526.468 INFO             PET0 ESMF_MOAB                   : enabled
20220312 013526.468 INFO             PET0 ESMF_LAPACK                 : enabled
20220312 013526.468 INFO             PET0 ESMF_NETCDF                 : enabled
20220312 013526.468 INFO             PET0 ESMF_PNETCDF                : disabled
20220312 013526.468 INFO             PET0 ESMF_PIO                    : enabled
20220312 013526.468 INFO             PET0 ESMF_YAMLCPP                : enabled
20220312 013526.468 INFO             PET0 Beginning Test, file ESMC_FieldGridRegridCsrvUTest.C, line 69
20220312 013526.469 INFO             PET0 Beginning Test, file ESMC_FieldGridRegridCsrvUTest.C, line 69NUMBER_OF_PROCESSORS 1
20220312 013526.469 INFO             PET0 PASS GridCreate, ESMC_FieldGridRegridCsrvUTest.C, line 114
20220312 013526.469 INFO             PET0 PASS GridAddCoord, ESMC_FieldGridRegridCsrvUTest.C, line 130
20220312 013526.469 INFO             PET0 PASS GridAddItem, ESMC_FieldGridRegridCsrvUTest.C, line 140
20220312 013526.470 INFO             PET0 PASS GridGetItem - mask, ESMC_FieldGridRegridCsrvUTest.C, line 151
20220312 013526.470 INFO             PET0 PASS GridGetCoord - X, ESMC_FieldGridRegridCsrvUTest.C, line 176
20220312 013526.470 INFO             PET0 PASS GridGetCoord - Y, ESMC_FieldGridRegridCsrvUTest.C, line 199
20220312 013526.470 INFO             PET0 PASS GridGetCoord - X, ESMC_FieldGridRegridCsrvUTest.C, line 224
20220312 013526.470 INFO             PET0 PASS GridGetCoord - Y, ESMC_FieldGridRegridCsrvUTest.C, line 247
20220312 013526.470 INFO             PET0 PASS GridAddItem - area, ESMC_FieldGridRegridCsrvUTest.C, line 271
20220312 013526.470 INFO             PET0 PASS GridGetItem - area, ESMC_FieldGridRegridCsrvUTest.C, line 282
20220312 013526.470 INFO             PET0 PASS MeshCreate, ESMC_FieldGridRegridCsrvUTest.C, line 366
20220312 013526.470 INFO             PET0 PASS MeshAddNodes, ESMC_FieldGridRegridCsrvUTest.C, line 374
20220312 013526.470 INFO             PET0 PASS MeshAddElements, ESMC_FieldGridRegridCsrvUTest.C, line 388
20220312 013526.471 INFO             PET0 PASS MeshGetLocalNodeCount, ESMC_FieldGridRegridCsrvUTest.C, line 398
20220312 013526.471 INFO             PET0 PASS MeshGetLocalElementCount, ESMC_FieldGridRegridCsrvUTest.C, line 409
20220312 013526.471 INFO             PET0 PASS Create ESMC_Field object from a Grid via TypeKind, ESMC_FieldGridRegridCsrvUTest.C, line 424
20220312 013526.471 INFO             PET0 PASS Create ESMC_Field object from a Mesh via TypeKind, ESMC_FieldGridRegridCsrvUTest.C, line 433
20220312 013526.471 INFO             PET0 PASS Get a void * C pointer to data from ESMC_Field object, ESMC_FieldGridRegridCsrvUTest.C, line 446
20220312 013526.471 INFO             PET0 PASS Get a void * C pointer to data from ESMC_Field object, ESMC_FieldGridRegridCsrvUTest.C, line 470
20220312 013526.471 INFO             PET0 PASS Create an InterArray for maskValues in ESMC_FieldRegridStore(), ESMC_FieldGridRegridCsrvUTest.C, line 485
20220312 013526.473 INFO             PET0 PASS Create an ESMC_RouteHandle via ESMC_FieldRegridStore(), ESMC_FieldGridRegridCsrvUTest.C, line 510
20220312 013526.473 INFO             PET0 PASS Execute ESMC_FieldRegrid(), ESMC_FieldGridRegridCsrvUTest.C, line 518
20220312 013526.478 INFO             PET0 PIOc_sync Enter - MemInfo: [/proc/meminfo - SSI]	MemTotal:       131394444 kB
20220312 013526.478 INFO             PET0 PIOc_sync Enter - MemInfo: [/proc/meminfo - SSI]	MemFree:        119191700 kB
20220312 013526.478 INFO             PET0 PIOc_sync Enter - MemInfo: [/proc/meminfo - SSI]	MemAvailable:   118842508 kB
20220312 013526.478 INFO             PET0 PIOc_sync Enter - MemInfo: [/proc/meminfo - SSI]	Committed_AS:    5374352 kB
20220312 013526.478 INFO             PET0 PIOc_sync Enter - MemInfo: [/proc/meminfo - SSI]	CommittedPercent: 4.09024 %
20220312 013526.478 INFO             PET0 PIOc_sync Enter - MemInfo: [/proc/self/status]	VmPeak:	 2622008 kB
20220312 013526.478 INFO             PET0 PIOc_sync Enter - MemInfo: [/proc/self/status]	VmSize:	 2610720 kB
20220312 013526.478 INFO             PET0 PIOc_sync Enter - MemInfo: [/proc/self/status]	VmLck:	       0 kB
20220312 013526.478 INFO             PET0 PIOc_sync Enter - MemInfo: [/proc/self/status]	VmPin:	   71516 kB
20220312 013526.478 INFO             PET0 PIOc_sync Enter - MemInfo: [/proc/self/status]	VmHWM:	  140104 kB
20220312 013526.478 INFO             PET0 PIOc_sync Enter - MemInfo: [/proc/self/status]	VmRSS:	  140104 kB
20220312 013526.478 INFO             PET0 PIOc_sync Enter - MemInfo: [/proc/self/status]	VmData:	 2404908 kB
20220312 013526.478 INFO             PET0 PIOc_sync Enter - MemInfo: [/proc/self/status]	VmStk:	     512 kB
20220312 013526.478 INFO             PET0 PIOc_sync Enter - MemInfo: [/proc/self/status]	VmExe:	     324 kB
20220312 013526.478 INFO             PET0 PIOc_sync Enter - MemInfo: [/proc/self/status]	VmLib:	  104128 kB
20220312 013526.478 INFO             PET0 PIOc_sync Enter - MemInfo: [/proc/self/status]	VmPTE:	     608 kB
20220312 013526.478 INFO             PET0 PIOc_sync Enter - MemInfo: [/proc/self/status]	VmPMD:	      32 kB
20220312 013526.478 INFO             PET0 PIOc_sync Enter - MemInfo: [/proc/self/status]	VmSwap:	       0 kB
20220312 013526.478 INFO             PET0 PIOc_sync Enter - MemInfo: [/proc/self/status]	VmRSSPercent: 0.106629 %
20220312 013526.478 INFO             PET0 PIOc_sync Enter - MemInfo: [malloc] Non-mmapped space allocated:                 3276800 Byte
20220312 013526.478 INFO             PET0 PIOc_sync Enter - MemInfo: [malloc] Space allocated in mmapped regions:         76042240 Byte
20220312 013526.478 INFO             PET0 PIOc_sync Enter - MemInfo: [malloc] Maximum total allocated space:                     0 Byte
20220312 013526.478 INFO             PET0 PIOc_sync Enter - MemInfo: [malloc] Space in freed fastbin blocks:                   512 Byte
20220312 013526.478 INFO             PET0 PIOc_sync Enter - MemInfo: [malloc] Total allocated space:                       3073920 Byte
20220312 013526.478 INFO             PET0 PIOc_sync Enter - MemInfo: [malloc] Total free space:                             202880 Byte
20220312 013526.478 INFO             PET0 PIOc_sync Enter - MemInfo: [malloc] Top-most, releasable space:                    69120 Byte
20220312 013526.478 INFO             PET0 PIOc_sync Enter - MemInfo: [malloc] Total space in use, mmap + non-mmap:        79116160 Byte
20220312 013526.478 INFO             PET0 PIOc_sync Enter - MemInfo: [malloc] Total space held (mmap + non-mmap):         79319040 Byte
20220312 013526.478 INFO             PET0 PIOc_sync Enter - MemInfo: [malloc] Total space used (mmap + non-mmap):         79125520 Byte
20220312 013526.478 INFO             PET0 PIOc_sync Enter - MemInfo: Wall-clock time since execution start:              0.0169034 seconds
20220312 013526.479 INFO             PET0 PIOc_sync Exit - MemInfo: [/proc/meminfo - SSI]	MemTotal:       131394444 kB
20220312 013526.479 INFO             PET0 PIOc_sync Exit - MemInfo: [/proc/meminfo - SSI]	MemFree:        119191700 kB
20220312 013526.479 INFO             PET0 PIOc_sync Exit - MemInfo: [/proc/meminfo - SSI]	MemAvailable:   118842508 kB
20220312 013526.479 INFO             PET0 PIOc_sync Exit - MemInfo: [/proc/meminfo - SSI]	Committed_AS:    5374352 kB
20220312 013526.479 INFO             PET0 PIOc_sync Exit - MemInfo: [/proc/meminfo - SSI]	CommittedPercent: 4.09024 %
20220312 013526.479 INFO             PET0 PIOc_sync Exit - MemInfo: [/proc/self/status]	VmPeak:	 2622008 kB
20220312 013526.479 INFO             PET0 PIOc_sync Exit - MemInfo: [/proc/self/status]	VmSize:	 2610720 kB
20220312 013526.479 INFO             PET0 PIOc_sync Exit - MemInfo: [/proc/self/status]	VmLck:	       0 kB
20220312 013526.479 INFO             PET0 PIOc_sync Exit - MemInfo: [/proc/self/status]	VmPin:	   71516 kB
20220312 013526.479 INFO             PET0 PIOc_sync Exit - MemInfo: [/proc/self/status]	VmHWM:	  140216 kB
20220312 013526.479 INFO             PET0 PIOc_sync Exit - MemInfo: [/proc/self/status]	VmRSS:	  140216 kB
20220312 013526.479 INFO             PET0 PIOc_sync Exit - MemInfo: [/proc/self/status]	VmData:	 2404908 kB
20220312 013526.479 INFO             PET0 PIOc_sync Exit - MemInfo: [/proc/self/status]	VmStk:	     512 kB
20220312 013526.479 INFO             PET0 PIOc_sync Exit - MemInfo: [/proc/self/status]	VmExe:	     324 kB
20220312 013526.479 INFO             PET0 PIOc_sync Exit - MemInfo: [/proc/self/status]	VmLib:	  104128 kB
20220312 013526.479 INFO             PET0 PIOc_sync Exit - MemInfo: [/proc/self/status]	VmPTE:	     608 kB
20220312 013526.479 INFO             PET0 PIOc_sync Exit - MemInfo: [/proc/self/status]	VmPMD:	      32 kB
20220312 013526.479 INFO             PET0 PIOc_sync Exit - MemInfo: [/proc/self/status]	VmSwap:	       0 kB
20220312 013526.479 INFO             PET0 PIOc_sync Exit - MemInfo: [/proc/self/status]	VmRSSPercent: 0.106714 %
20220312 013526.479 INFO             PET0 PIOc_sync Exit - MemInfo: [malloc] Non-mmapped space allocated:                 3276800 Byte
20220312 013526.479 INFO             PET0 PIOc_sync Exit - MemInfo: [malloc] Space allocated in mmapped regions:         76042240 Byte
20220312 013526.479 INFO             PET0 PIOc_sync Exit - MemInfo: [malloc] Maximum total allocated space:                     0 Byte
20220312 013526.479 INFO             PET0 PIOc_sync Exit - MemInfo: [malloc] Space in freed fastbin blocks:                   144 Byte
20220312 013526.479 INFO             PET0 PIOc_sync Exit - MemInfo: [malloc] Total allocated space:                       3073184 Byte
20220312 013526.479 INFO             PET0 PIOc_sync Exit - MemInfo: [malloc] Total free space:                             203616 Byte
20220312 013526.479 INFO             PET0 PIOc_sync Exit - MemInfo: [malloc] Top-most, releasable space:                    69824 Byte
20220312 013526.479 INFO             PET0 PIOc_sync Exit - MemInfo: [malloc] Total space in use, mmap + non-mmap:        79115424 Byte
20220312 013526.479 INFO             PET0 PIOc_sync Exit - MemInfo: [malloc] Total space held (mmap + non-mmap):         79319040 Byte
20220312 013526.479 INFO             PET0 PIOc_sync Exit - MemInfo: [malloc] Total space used (mmap + non-mmap):         79124784 Byte
20220312 013526.479 INFO             PET0 PIOc_sync Exit - MemInfo: Wall-clock time since execution start:              0.0176307 seconds
20220312 013526.479 INFO             PET0 PIOc_freedecomp Enter - MemInfo: [/proc/meminfo - SSI]	MemTotal:       131394444 kB
20220312 013526.479 INFO             PET0 PIOc_freedecomp Enter - MemInfo: [/proc/meminfo - SSI]	MemFree:        119192508 kB
20220312 013526.479 INFO             PET0 PIOc_freedecomp Enter - MemInfo: [/proc/meminfo - SSI]	MemAvailable:   118843316 kB
20220312 013526.479 INFO             PET0 PIOc_freedecomp Enter - MemInfo: [/proc/meminfo - SSI]	Committed_AS:    5374352 kB
20220312 013526.479 INFO             PET0 PIOc_freedecomp Enter - MemInfo: [/proc/meminfo - SSI]	CommittedPercent: 4.09024 %
20220312 013526.480 INFO             PET0 PIOc_freedecomp Enter - MemInfo: [/proc/self/status]	VmPeak:	 2622008 kB
20220312 013526.480 INFO             PET0 PIOc_freedecomp Enter - MemInfo: [/proc/self/status]	VmSize:	 2608152 kB
20220312 013526.480 INFO             PET0 PIOc_freedecomp Enter - MemInfo: [/proc/self/status]	VmLck:	       0 kB
20220312 013526.480 INFO             PET0 PIOc_freedecomp Enter - MemInfo: [/proc/self/status]	VmPin:	   71516 kB
20220312 013526.480 INFO             PET0 PIOc_freedecomp Enter - MemInfo: [/proc/self/status]	VmHWM:	  140216 kB
20220312 013526.480 INFO             PET0 PIOc_freedecomp Enter - MemInfo: [/proc/self/status]	VmRSS:	  138164 kB
20220312 013526.480 INFO             PET0 PIOc_freedecomp Enter - MemInfo: [/proc/self/status]	VmData:	 2402340 kB
20220312 013526.480 INFO             PET0 PIOc_freedecomp Enter - MemInfo: [/proc/self/status]	VmStk:	     512 kB
20220312 013526.480 INFO             PET0 PIOc_freedecomp Enter - MemInfo: [/proc/self/status]	VmExe:	     324 kB
20220312 013526.480 INFO             PET0 PIOc_freedecomp Enter - MemInfo: [/proc/self/status]	VmLib:	  104128 kB
20220312 013526.480 INFO             PET0 PIOc_freedecomp Enter - MemInfo: [/proc/self/status]	VmPTE:	     604 kB
20220312 013526.480 INFO             PET0 PIOc_freedecomp Enter - MemInfo: [/proc/self/status]	VmPMD:	      32 kB
20220312 013526.480 INFO             PET0 PIOc_freedecomp Enter - MemInfo: [/proc/self/status]	VmSwap:	       0 kB
20220312 013526.480 INFO             PET0 PIOc_freedecomp Enter - MemInfo: [/proc/self/status]	VmRSSPercent: 0.105152 %
20220312 013526.480 INFO             PET0 PIOc_freedecomp Enter - MemInfo: [malloc] Non-mmapped space allocated:                 3276800 Byte
20220312 013526.480 INFO             PET0 PIOc_freedecomp Enter - MemInfo: [malloc] Space allocated in mmapped regions:         73412608 Byte
20220312 013526.480 INFO             PET0 PIOc_freedecomp Enter - MemInfo: [malloc] Maximum total allocated space:                     0 Byte
20220312 013526.480 INFO             PET0 PIOc_freedecomp Enter - MemInfo: [malloc] Space in freed fastbin blocks:                  1216 Byte
20220312 013526.480 INFO             PET0 PIOc_freedecomp Enter - MemInfo: [malloc] Total allocated space:                       3059904 Byte
20220312 013526.480 INFO             PET0 PIOc_freedecomp Enter - MemInfo: [malloc] Total free space:                             216896 Byte
20220312 013526.480 INFO             PET0 PIOc_freedecomp Enter - MemInfo: [malloc] Top-most, releasable space:                    69824 Byte
20220312 013526.480 INFO             PET0 PIOc_freedecomp Enter - MemInfo: [malloc] Total space in use, mmap + non-mmap:        76472512 Byte
20220312 013526.480 INFO             PET0 PIOc_freedecomp Enter - MemInfo: [malloc] Total space held (mmap + non-mmap):         76689408 Byte
20220312 013526.480 INFO             PET0 PIOc_freedecomp Enter - MemInfo: [malloc] Total space used (mmap + non-mmap):         76481872 Byte
20220312 013526.480 INFO             PET0 PIOc_freedecomp Enter - MemInfo: Wall-clock time since execution start:              0.0182904 seconds
20220312 013526.480 INFO             PET0 PIOc_freedecomp Exit - MemInfo: [/proc/meminfo - SSI]	MemTotal:       131394444 kB
20220312 013526.480 INFO             PET0 PIOc_freedecomp Exit - MemInfo: [/proc/meminfo - SSI]	MemFree:        119192508 kB
20220312 013526.480 INFO             PET0 PIOc_freedecomp Exit - MemInfo: [/proc/meminfo - SSI]	MemAvailable:   118843316 kB
20220312 013526.480 INFO             PET0 PIOc_freedecomp Exit - MemInfo: [/proc/meminfo - SSI]	Committed_AS:    5374352 kB
20220312 013526.480 INFO             PET0 PIOc_freedecomp Exit - MemInfo: [/proc/meminfo - SSI]	CommittedPercent: 4.09024 %
20220312 013526.480 INFO             PET0 PIOc_freedecomp Exit - MemInfo: [/proc/self/status]	VmPeak:	 2622008 kB
20220312 013526.480 INFO             PET0 PIOc_freedecomp Exit - MemInfo: [/proc/self/status]	VmSize:	 2608152 kB
20220312 013526.480 INFO             PET0 PIOc_freedecomp Exit - MemInfo: [/proc/self/status]	VmLck:	       0 kB
20220312 013526.480 INFO             PET0 PIOc_freedecomp Exit - MemInfo: [/proc/self/status]	VmPin:	   71516 kB
20220312 013526.480 INFO             PET0 PIOc_freedecomp Exit - MemInfo: [/proc/self/status]	VmHWM:	  140216 kB
20220312 013526.480 INFO             PET0 PIOc_freedecomp Exit - MemInfo: [/proc/self/status]	VmRSS:	  138164 kB
20220312 013526.480 INFO             PET0 PIOc_freedecomp Exit - MemInfo: [/proc/self/status]	VmData:	 2402340 kB
20220312 013526.480 INFO             PET0 PIOc_freedecomp Exit - MemInfo: [/proc/self/status]	VmStk:	     512 kB
20220312 013526.480 INFO             PET0 PIOc_freedecomp Exit - MemInfo: [/proc/self/status]	VmExe:	     324 kB
20220312 013526.480 INFO             PET0 PIOc_freedecomp Exit - MemInfo: [/proc/self/status]	VmLib:	  104128 kB
20220312 013526.480 INFO             PET0 PIOc_freedecomp Exit - MemInfo: [/proc/self/status]	VmPTE:	     604 kB
20220312 013526.480 INFO             PET0 PIOc_freedecomp Exit - MemInfo: [/proc/self/status]	VmPMD:	      32 kB
20220312 013526.480 INFO             PET0 PIOc_freedecomp Exit - MemInfo: [/proc/self/status]	VmSwap:	       0 kB
20220312 013526.480 INFO             PET0 PIOc_freedecomp Exit - MemInfo: [/proc/self/status]	VmRSSPercent: 0.105152 %
20220312 013526.480 INFO             PET0 PIOc_freedecomp Exit - MemInfo: [malloc] Non-mmapped space allocated:                 3276800 Byte
20220312 013526.480 INFO             PET0 PIOc_freedecomp Exit - MemInfo: [malloc] Space allocated in mmapped regions:         73412608 Byte
20220312 013526.480 INFO             PET0 PIOc_freedecomp Exit - MemInfo: [malloc] Maximum total allocated space:                     0 Byte
20220312 013526.480 INFO             PET0 PIOc_freedecomp Exit - MemInfo: [malloc] Space in freed fastbin blocks:                   144 Byte
20220312 013526.480 INFO             PET0 PIOc_freedecomp Exit - MemInfo: [malloc] Total allocated space:                       3058592 Byte
20220312 013526.480 INFO             PET0 PIOc_freedecomp Exit - MemInfo: [malloc] Total free space:                             218208 Byte
20220312 013526.480 INFO             PET0 PIOc_freedecomp Exit - MemInfo: [malloc] Top-most, releasable space:                    83184 Byte
20220312 013526.480 INFO             PET0 PIOc_freedecomp Exit - MemInfo: [malloc] Total space in use, mmap + non-mmap:        76471200 Byte
20220312 013526.480 INFO             PET0 PIOc_freedecomp Exit - MemInfo: [malloc] Total space held (mmap + non-mmap):         76689408 Byte
20220312 013526.480 INFO             PET0 PIOc_freedecomp Exit - MemInfo: [malloc] Total space used (mmap + non-mmap):         76480560 Byte
20220312 013526.480 INFO             PET0 PIOc_freedecomp Exit - MemInfo: Wall-clock time since execution start:              0.0187556 seconds
20220312 013526.481 INFO             PET0 PIOc_sync Enter - MemInfo: [/proc/meminfo - SSI]	MemTotal:       131394444 kB
20220312 013526.481 INFO             PET0 PIOc_sync Enter - MemInfo: [/proc/meminfo - SSI]	MemFree:        119192508 kB
20220312 013526.481 INFO             PET0 PIOc_sync Enter - MemInfo: [/proc/meminfo - SSI]	MemAvailable:   118843316 kB
20220312 013526.481 INFO             PET0 PIOc_sync Enter - MemInfo: [/proc/meminfo - SSI]	Committed_AS:    5374352 kB
20220312 013526.481 INFO             PET0 PIOc_sync Enter - MemInfo: [/proc/meminfo - SSI]	CommittedPercent: 4.09024 %
20220312 013526.481 INFO             PET0 PIOc_sync Enter - MemInfo: [/proc/self/status]	VmPeak:	 2622008 kB
20220312 013526.481 INFO             PET0 PIOc_sync Enter - MemInfo: [/proc/self/status]	VmSize:	 2610760 kB
20220312 013526.481 INFO             PET0 PIOc_sync Enter - MemInfo: [/proc/self/status]	VmLck:	       0 kB
20220312 013526.481 INFO             PET0 PIOc_sync Enter - MemInfo: [/proc/self/status]	VmPin:	   71516 kB
20220312 013526.481 INFO             PET0 PIOc_sync Enter - MemInfo: [/proc/self/status]	VmHWM:	  140216 kB
20220312 013526.481 INFO             PET0 PIOc_sync Enter - MemInfo: [/proc/self/status]	VmRSS:	  139288 kB
20220312 013526.481 INFO             PET0 PIOc_sync Enter - MemInfo: [/proc/self/status]	VmData:	 2404948 kB
20220312 013526.481 INFO             PET0 PIOc_sync Enter - MemInfo: [/proc/self/status]	VmStk:	     512 kB
20220312 013526.481 INFO             PET0 PIOc_sync Enter - MemInfo: [/proc/self/status]	VmExe:	     324 kB
20220312 013526.481 INFO             PET0 PIOc_sync Enter - MemInfo: [/proc/self/status]	VmLib:	  104128 kB
20220312 013526.481 INFO             PET0 PIOc_sync Enter - MemInfo: [/proc/self/status]	VmPTE:	     608 kB
20220312 013526.481 INFO             PET0 PIOc_sync Enter - MemInfo: [/proc/self/status]	VmPMD:	      32 kB
20220312 013526.481 INFO             PET0 PIOc_sync Enter - MemInfo: [/proc/self/status]	VmSwap:	       0 kB
20220312 013526.482 INFO             PET0 PIOc_sync Enter - MemInfo: [/proc/self/status]	VmRSSPercent: 0.106008 %
20220312 013526.482 INFO             PET0 PIOc_sync Enter - MemInfo: [malloc] Non-mmapped space allocated:                 5947392 Byte
20220312 013526.482 INFO             PET0 PIOc_sync Enter - MemInfo: [malloc] Space allocated in mmapped regions:         73412608 Byte
20220312 013526.482 INFO             PET0 PIOc_sync Enter - MemInfo: [malloc] Maximum total allocated space:                     0 Byte
20220312 013526.482 INFO             PET0 PIOc_sync Enter - MemInfo: [malloc] Space in freed fastbin blocks:                   160 Byte
20220312 013526.482 INFO             PET0 PIOc_sync Enter - MemInfo: [malloc] Total allocated space:                       5696144 Byte
20220312 013526.482 INFO             PET0 PIOc_sync Enter - MemInfo: [malloc] Total free space:                             251248 Byte
20220312 013526.482 INFO             PET0 PIOc_sync Enter - MemInfo: [malloc] Top-most, releasable space:                   117520 Byte
20220312 013526.482 INFO             PET0 PIOc_sync Enter - MemInfo: [malloc] Total space in use, mmap + non-mmap:        79108752 Byte
20220312 013526.482 INFO             PET0 PIOc_sync Enter - MemInfo: [malloc] Total space held (mmap + non-mmap):         79360000 Byte
20220312 013526.482 INFO             PET0 PIOc_sync Enter - MemInfo: [malloc] Total space used (mmap + non-mmap):         79118112 Byte
20220312 013526.482 INFO             PET0 PIOc_sync Enter - MemInfo: Wall-clock time since execution start:              0.0201603 seconds
20220312 013526.482 INFO             PET0 PIOc_sync Exit - MemInfo: [/proc/meminfo - SSI]	MemTotal:       131394444 kB
20220312 013526.482 INFO             PET0 PIOc_sync Exit - MemInfo: [/proc/meminfo - SSI]	MemFree:        119192508 kB
20220312 013526.482 INFO             PET0 PIOc_sync Exit - MemInfo: [/proc/meminfo - SSI]	MemAvailable:   118843316 kB
20220312 013526.482 INFO             PET0 PIOc_sync Exit - MemInfo: [/proc/meminfo - SSI]	Committed_AS:    5374352 kB
20220312 013526.482 INFO             PET0 PIOc_sync Exit - MemInfo: [/proc/meminfo - SSI]	CommittedPercent: 4.09024 %
20220312 013526.482 INFO             PET0 PIOc_sync Exit - MemInfo: [/proc/self/status]	VmPeak:	 2622008 kB
20220312 013526.482 INFO             PET0 PIOc_sync Exit - MemInfo: [/proc/self/status]	VmSize:	 2610760 kB
20220312 013526.482 INFO             PET0 PIOc_sync Exit - MemInfo: [/proc/self/status]	VmLck:	       0 kB
20220312 013526.482 INFO             PET0 PIOc_sync Exit - MemInfo: [/proc/self/status]	VmPin:	   71516 kB
20220312 013526.482 INFO             PET0 PIOc_sync Exit - MemInfo: [/proc/self/status]	VmHWM:	  140216 kB
20220312 013526.482 INFO             PET0 PIOc_sync Exit - MemInfo: [/proc/self/status]	VmRSS:	  139296 kB
20220312 013526.482 INFO             PET0 PIOc_sync Exit - MemInfo: [/proc/self/status]	VmData:	 2404948 kB
20220312 013526.482 INFO             PET0 PIOc_sync Exit - MemInfo: [/proc/self/status]	VmStk:	     512 kB
20220312 013526.482 INFO             PET0 PIOc_sync Exit - MemInfo: [/proc/self/status]	VmExe:	     324 kB
20220312 013526.482 INFO             PET0 PIOc_sync Exit - MemInfo: [/proc/self/status]	VmLib:	  104128 kB
20220312 013526.482 INFO             PET0 PIOc_sync Exit - MemInfo: [/proc/self/status]	VmPTE:	     608 kB
20220312 013526.482 INFO             PET0 PIOc_sync Exit - MemInfo: [/proc/self/status]	VmPMD:	      32 kB
20220312 013526.482 INFO             PET0 PIOc_sync Exit - MemInfo: [/proc/self/status]	VmSwap:	       0 kB
20220312 013526.482 INFO             PET0 PIOc_sync Exit - MemInfo: [/proc/self/status]	VmRSSPercent: 0.106014 %
20220312 013526.482 INFO             PET0 PIOc_sync Exit - MemInfo: [malloc] Non-mmapped space allocated:                 5947392 Byte
20220312 013526.482 INFO             PET0 PIOc_sync Exit - MemInfo: [malloc] Space allocated in mmapped regions:         73412608 Byte
20220312 013526.482 INFO             PET0 PIOc_sync Exit - MemInfo: [malloc] Maximum total allocated space:                     0 Byte
20220312 013526.482 INFO             PET0 PIOc_sync Exit - MemInfo: [malloc] Space in freed fastbin blocks:                   160 Byte
20220312 013526.482 INFO             PET0 PIOc_sync Exit - MemInfo: [malloc] Total allocated space:                       5695408 Byte
20220312 013526.482 INFO             PET0 PIOc_sync Exit - MemInfo: [malloc] Total free space:                             251984 Byte
20220312 013526.482 INFO             PET0 PIOc_sync Exit - MemInfo: [malloc] Top-most, releasable space:                   118144 Byte
20220312 013526.482 INFO             PET0 PIOc_sync Exit - MemInfo: [malloc] Total space in use, mmap + non-mmap:        79108016 Byte
20220312 013526.482 INFO             PET0 PIOc_sync Exit - MemInfo: [malloc] Total space held (mmap + non-mmap):         79360000 Byte
20220312 013526.482 INFO             PET0 PIOc_sync Exit - MemInfo: [malloc] Total space used (mmap + non-mmap):         79117376 Byte
20220312 013526.482 INFO             PET0 PIOc_sync Exit - MemInfo: Wall-clock time since execution start:              0.0206653 seconds
20220312 013526.482 INFO             PET0 PIOc_freedecomp Enter - MemInfo: [/proc/meminfo - SSI]	MemTotal:       131394444 kB
20220312 013526.482 INFO             PET0 PIOc_freedecomp Enter - MemInfo: [/proc/meminfo - SSI]	MemFree:        119192508 kB
20220312 013526.482 INFO             PET0 PIOc_freedecomp Enter - MemInfo: [/proc/meminfo - SSI]	MemAvailable:   118843316 kB
20220312 013526.482 INFO             PET0 PIOc_freedecomp Enter - MemInfo: [/proc/meminfo - SSI]	Committed_AS:    5374352 kB
20220312 013526.482 INFO             PET0 PIOc_freedecomp Enter - MemInfo: [/proc/meminfo - SSI]	CommittedPercent: 4.09024 %
20220312 013526.482 INFO             PET0 PIOc_freedecomp Enter - MemInfo: [/proc/self/status]	VmPeak:	 2622008 kB
20220312 013526.482 INFO             PET0 PIOc_freedecomp Enter - MemInfo: [/proc/self/status]	VmSize:	 2610760 kB
20220312 013526.482 INFO             PET0 PIOc_freedecomp Enter - MemInfo: [/proc/self/status]	VmLck:	       0 kB
20220312 013526.482 INFO             PET0 PIOc_freedecomp Enter - MemInfo: [/proc/self/status]	VmPin:	   71516 kB
20220312 013526.482 INFO             PET0 PIOc_freedecomp Enter - MemInfo: [/proc/self/status]	VmHWM:	  140216 kB
20220312 013526.482 INFO             PET0 PIOc_freedecomp Enter - MemInfo: [/proc/self/status]	VmRSS:	  139296 kB
20220312 013526.482 INFO             PET0 PIOc_freedecomp Enter - MemInfo: [/proc/self/status]	VmData:	 2404948 kB
20220312 013526.482 INFO             PET0 PIOc_freedecomp Enter - MemInfo: [/proc/self/status]	VmStk:	     512 kB
20220312 013526.482 INFO             PET0 PIOc_freedecomp Enter - MemInfo: [/proc/self/status]	VmExe:	     324 kB
20220312 013526.482 INFO             PET0 PIOc_freedecomp Enter - MemInfo: [/proc/self/status]	VmLib:	  104128 kB
20220312 013526.482 INFO             PET0 PIOc_freedecomp Enter - MemInfo: [/proc/self/status]	VmPTE:	     608 kB
20220312 013526.482 INFO             PET0 PIOc_freedecomp Enter - MemInfo: [/proc/self/status]	VmPMD:	      32 kB
20220312 013526.482 INFO             PET0 PIOc_freedecomp Enter - MemInfo: [/proc/self/status]	VmSwap:	       0 kB
20220312 013526.483 INFO             PET0 PIOc_freedecomp Enter - MemInfo: [/proc/self/status]	VmRSSPercent: 0.106014 %
20220312 013526.483 INFO             PET0 PIOc_freedecomp Enter - MemInfo: [malloc] Non-mmapped space allocated:                 5947392 Byte
20220312 013526.483 INFO             PET0 PIOc_freedecomp Enter - MemInfo: [malloc] Space allocated in mmapped regions:         73412608 Byte
20220312 013526.483 INFO             PET0 PIOc_freedecomp Enter - MemInfo: [malloc] Maximum total allocated space:                     0 Byte
20220312 013526.483 INFO             PET0 PIOc_freedecomp Enter - MemInfo: [malloc] Space in freed fastbin blocks:                   240 Byte
20220312 013526.483 INFO             PET0 PIOc_freedecomp Enter - MemInfo: [malloc] Total allocated space:                       3059904 Byte
20220312 013526.483 INFO             PET0 PIOc_freedecomp Enter - MemInfo: [malloc] Total free space:                            2887488 Byte
20220312 013526.483 INFO             PET0 PIOc_freedecomp Enter - MemInfo: [malloc] Top-most, releasable space:                   118432 Byte
20220312 013526.483 INFO             PET0 PIOc_freedecomp Enter - MemInfo: [malloc] Total space in use, mmap + non-mmap:        76472512 Byte
20220312 013526.483 INFO             PET0 PIOc_freedecomp Enter - MemInfo: [malloc] Total space held (mmap + non-mmap):         79360000 Byte
20220312 013526.483 INFO             PET0 PIOc_freedecomp Enter - MemInfo: [malloc] Total space used (mmap + non-mmap):         76481872 Byte
20220312 013526.483 INFO             PET0 PIOc_freedecomp Enter - MemInfo: Wall-clock time since execution start:              0.0211437 seconds
20220312 013526.483 INFO             PET0 PIOc_freedecomp Exit - MemInfo: [/proc/meminfo - SSI]	MemTotal:       131394444 kB
20220312 013526.483 INFO             PET0 PIOc_freedecomp Exit - MemInfo: [/proc/meminfo - SSI]	MemFree:        119192508 kB
20220312 013526.483 INFO             PET0 PIOc_freedecomp Exit - MemInfo: [/proc/meminfo - SSI]	MemAvailable:   118843316 kB
20220312 013526.483 INFO             PET0 PIOc_freedecomp Exit - MemInfo: [/proc/meminfo - SSI]	Committed_AS:    5374352 kB
20220312 013526.483 INFO             PET0 PIOc_freedecomp Exit - MemInfo: [/proc/meminfo - SSI]	CommittedPercent: 4.09024 %
20220312 013526.483 INFO             PET0 PIOc_freedecomp Exit - MemInfo: [/proc/self/status]	VmPeak:	 2622008 kB
20220312 013526.483 INFO             PET0 PIOc_freedecomp Exit - MemInfo: [/proc/self/status]	VmSize:	 2610760 kB
20220312 013526.483 INFO             PET0 PIOc_freedecomp Exit - MemInfo: [/proc/self/status]	VmLck:	       0 kB
20220312 013526.483 INFO             PET0 PIOc_freedecomp Exit - MemInfo: [/proc/self/status]	VmPin:	   71516 kB
20220312 013526.483 INFO             PET0 PIOc_freedecomp Exit - MemInfo: [/proc/self/status]	VmHWM:	  140216 kB
20220312 013526.483 INFO             PET0 PIOc_freedecomp Exit - MemInfo: [/proc/self/status]	VmRSS:	  139296 kB
20220312 013526.483 INFO             PET0 PIOc_freedecomp Exit - MemInfo: [/proc/self/status]	VmData:	 2404948 kB
20220312 013526.483 INFO             PET0 PIOc_freedecomp Exit - MemInfo: [/proc/self/status]	VmStk:	     512 kB
20220312 013526.483 INFO             PET0 PIOc_freedecomp Exit - MemInfo: [/proc/self/status]	VmExe:	     324 kB
20220312 013526.483 INFO             PET0 PIOc_freedecomp Exit - MemInfo: [/proc/self/status]	VmLib:	  104128 kB
20220312 013526.483 INFO             PET0 PIOc_freedecomp Exit - MemInfo: [/proc/self/status]	VmPTE:	     608 kB
20220312 013526.483 INFO             PET0 PIOc_freedecomp Exit - MemInfo: [/proc/self/status]	VmPMD:	      32 kB
20220312 013526.483 INFO             PET0 PIOc_freedecomp Exit - MemInfo: [/proc/self/status]	VmSwap:	       0 kB
20220312 013526.483 INFO             PET0 PIOc_freedecomp Exit - MemInfo: [/proc/self/status]	VmRSSPercent: 0.106014 %
20220312 013526.483 INFO             PET0 PIOc_freedecomp Exit - MemInfo: [malloc] Non-mmapped space allocated:                 5947392 Byte
20220312 013526.483 INFO             PET0 PIOc_freedecomp Exit - MemInfo: [malloc] Space allocated in mmapped regions:         73412608 Byte
20220312 013526.483 INFO             PET0 PIOc_freedecomp Exit - MemInfo: [malloc] Maximum total allocated space:                     0 Byte
20220312 013526.483 INFO             PET0 PIOc_freedecomp Exit - MemInfo: [malloc] Space in freed fastbin blocks:                   720 Byte
20220312 013526.483 INFO             PET0 PIOc_freedecomp Exit - MemInfo: [malloc] Total allocated space:                       3058592 Byte
20220312 013526.483 INFO             PET0 PIOc_freedecomp Exit - MemInfo: [malloc] Total free space:                            2888800 Byte
20220312 013526.483 INFO             PET0 PIOc_freedecomp Exit - MemInfo: [malloc] Top-most, releasable space:                   118432 Byte
20220312 013526.483 INFO             PET0 PIOc_freedecomp Exit - MemInfo: [malloc] Total space in use, mmap + non-mmap:        76471200 Byte
20220312 013526.483 INFO             PET0 PIOc_freedecomp Exit - MemInfo: [malloc] Total space held (mmap + non-mmap):         79360000 Byte
20220312 013526.483 INFO             PET0 PIOc_freedecomp Exit - MemInfo: [malloc] Total space used (mmap + non-mmap):         76480560 Byte
20220312 013526.483 INFO             PET0 PIOc_freedecomp Exit - MemInfo: Wall-clock time since execution start:               0.021594 seconds
20220312 013526.485 INFO             PET0 PIOc_sync Enter - MemInfo: [/proc/meminfo - SSI]	MemTotal:       131394444 kB
20220312 013526.485 INFO             PET0 PIOc_sync Enter - MemInfo: [/proc/meminfo - SSI]	MemFree:        119191824 kB
20220312 013526.485 INFO             PET0 PIOc_sync Enter - MemInfo: [/proc/meminfo - SSI]	MemAvailable:   118842768 kB
20220312 013526.485 INFO             PET0 PIOc_sync Enter - MemInfo: [/proc/meminfo - SSI]	Committed_AS:    5374352 kB
20220312 013526.485 INFO             PET0 PIOc_sync Enter - MemInfo: [/proc/meminfo - SSI]	CommittedPercent: 4.09024 %
20220312 013526.485 INFO             PET0 PIOc_sync Enter - MemInfo: [/proc/self/status]	VmPeak:	 2622008 kB
20220312 013526.485 INFO             PET0 PIOc_sync Enter - MemInfo: [/proc/self/status]	VmSize:	 2610760 kB
20220312 013526.485 INFO             PET0 PIOc_sync Enter - MemInfo: [/proc/self/status]	VmLck:	       0 kB
20220312 013526.485 INFO             PET0 PIOc_sync Enter - MemInfo: [/proc/self/status]	VmPin:	   71516 kB
20220312 013526.485 INFO             PET0 PIOc_sync Enter - MemInfo: [/proc/self/status]	VmHWM:	  140216 kB
20220312 013526.485 INFO             PET0 PIOc_sync Enter - MemInfo: [/proc/self/status]	VmRSS:	  139720 kB
20220312 013526.485 INFO             PET0 PIOc_sync Enter - MemInfo: [/proc/self/status]	VmData:	 2404948 kB
20220312 013526.485 INFO             PET0 PIOc_sync Enter - MemInfo: [/proc/self/status]	VmStk:	     512 kB
20220312 013526.485 INFO             PET0 PIOc_sync Enter - MemInfo: [/proc/self/status]	VmExe:	     324 kB
20220312 013526.485 INFO             PET0 PIOc_sync Enter - MemInfo: [/proc/self/status]	VmLib:	  104128 kB
20220312 013526.485 INFO             PET0 PIOc_sync Enter - MemInfo: [/proc/self/status]	VmPTE:	     608 kB
20220312 013526.485 INFO             PET0 PIOc_sync Enter - MemInfo: [/proc/self/status]	VmPMD:	      32 kB
20220312 013526.485 INFO             PET0 PIOc_sync Enter - MemInfo: [/proc/self/status]	VmSwap:	       0 kB
20220312 013526.485 INFO             PET0 PIOc_sync Enter - MemInfo: [/proc/self/status]	VmRSSPercent: 0.106336 %
20220312 013526.485 INFO             PET0 PIOc_sync Enter - MemInfo: [malloc] Non-mmapped space allocated:                 5947392 Byte
20220312 013526.485 INFO             PET0 PIOc_sync Enter - MemInfo: [malloc] Space allocated in mmapped regions:         73412608 Byte
20220312 013526.485 INFO             PET0 PIOc_sync Enter - MemInfo: [malloc] Maximum total allocated space:                     0 Byte
20220312 013526.485 INFO             PET0 PIOc_sync Enter - MemInfo: [malloc] Space in freed fastbin blocks:                   144 Byte
20220312 013526.485 INFO             PET0 PIOc_sync Enter - MemInfo: [malloc] Total allocated space:                       5696896 Byte
20220312 013526.485 INFO             PET0 PIOc_sync Enter - MemInfo: [malloc] Total free space:                             250496 Byte
20220312 013526.485 INFO             PET0 PIOc_sync Enter - MemInfo: [malloc] Top-most, releasable space:                   116272 Byte
20220312 013526.485 INFO             PET0 PIOc_sync Enter - MemInfo: [malloc] Total space in use, mmap + non-mmap:        79109504 Byte
20220312 013526.485 INFO             PET0 PIOc_sync Enter - MemInfo: [malloc] Total space held (mmap + non-mmap):         79360000 Byte
20220312 013526.485 INFO             PET0 PIOc_sync Enter - MemInfo: [malloc] Total space used (mmap + non-mmap):         79118864 Byte
20220312 013526.485 INFO             PET0 PIOc_sync Enter - MemInfo: Wall-clock time since execution start:              0.0237095 seconds
20220312 013526.485 INFO             PET0 PIOc_sync Exit - MemInfo: [/proc/meminfo - SSI]	MemTotal:       131394444 kB
20220312 013526.485 INFO             PET0 PIOc_sync Exit - MemInfo: [/proc/meminfo - SSI]	MemFree:        119191824 kB
20220312 013526.485 INFO             PET0 PIOc_sync Exit - MemInfo: [/proc/meminfo - SSI]	MemAvailable:   118842768 kB
20220312 013526.485 INFO             PET0 PIOc_sync Exit - MemInfo: [/proc/meminfo - SSI]	Committed_AS:    5374352 kB
20220312 013526.485 INFO             PET0 PIOc_sync Exit - MemInfo: [/proc/meminfo - SSI]	CommittedPercent: 4.09024 %
20220312 013526.485 INFO             PET0 PIOc_sync Exit - MemInfo: [/proc/self/status]	VmPeak:	 2622008 kB
20220312 013526.485 INFO             PET0 PIOc_sync Exit - MemInfo: [/proc/self/status]	VmSize:	 2610760 kB
20220312 013526.485 INFO             PET0 PIOc_sync Exit - MemInfo: [/proc/self/status]	VmLck:	       0 kB
20220312 013526.485 INFO             PET0 PIOc_sync Exit - MemInfo: [/proc/self/status]	VmPin:	   71516 kB
20220312 013526.485 INFO             PET0 PIOc_sync Exit - MemInfo: [/proc/self/status]	VmHWM:	  140216 kB
20220312 013526.486 INFO             PET0 PIOc_sync Exit - MemInfo: [/proc/self/status]	VmRSS:	  139720 kB
20220312 013526.486 INFO             PET0 PIOc_sync Exit - MemInfo: [/proc/self/status]	VmData:	 2404948 kB
20220312 013526.486 INFO             PET0 PIOc_sync Exit - MemInfo: [/proc/self/status]	VmStk:	     512 kB
20220312 013526.486 INFO             PET0 PIOc_sync Exit - MemInfo: [/proc/self/status]	VmExe:	     324 kB
20220312 013526.486 INFO             PET0 PIOc_sync Exit - MemInfo: [/proc/self/status]	VmLib:	  104128 kB
20220312 013526.486 INFO             PET0 PIOc_sync Exit - MemInfo: [/proc/self/status]	VmPTE:	     608 kB
20220312 013526.486 INFO             PET0 PIOc_sync Exit - MemInfo: [/proc/self/status]	VmPMD:	      32 kB
20220312 013526.486 INFO             PET0 PIOc_sync Exit - MemInfo: [/proc/self/status]	VmSwap:	       0 kB
20220312 013526.486 INFO             PET0 PIOc_sync Exit - MemInfo: [/proc/self/status]	VmRSSPercent: 0.106336 %
20220312 013526.486 INFO             PET0 PIOc_sync Exit - MemInfo: [malloc] Non-mmapped space allocated:                 5947392 Byte
20220312 013526.486 INFO             PET0 PIOc_sync Exit - MemInfo: [malloc] Space allocated in mmapped regions:         73412608 Byte
20220312 013526.486 INFO             PET0 PIOc_sync Exit - MemInfo: [malloc] Maximum total allocated space:                     0 Byte
20220312 013526.486 INFO             PET0 PIOc_sync Exit - MemInfo: [malloc] Space in freed fastbin blocks:                   144 Byte
20220312 013526.486 INFO             PET0 PIOc_sync Exit - MemInfo: [malloc] Total allocated space:                       5696176 Byte
20220312 013526.486 INFO             PET0 PIOc_sync Exit - MemInfo: [malloc] Total free space:                             251216 Byte
20220312 013526.486 INFO             PET0 PIOc_sync Exit - MemInfo: [malloc] Top-most, releasable space:                   116896 Byte
20220312 013526.486 INFO             PET0 PIOc_sync Exit - MemInfo: [malloc] Total space in use, mmap + non-mmap:        79108784 Byte
20220312 013526.486 INFO             PET0 PIOc_sync Exit - MemInfo: [malloc] Total space held (mmap + non-mmap):         79360000 Byte
20220312 013526.486 INFO             PET0 PIOc_sync Exit - MemInfo: [malloc] Total space used (mmap + non-mmap):         79118144 Byte
20220312 013526.486 INFO             PET0 PIOc_sync Exit - MemInfo: Wall-clock time since execution start:              0.0242182 seconds
20220312 013526.486 INFO             PET0 PIOc_freedecomp Enter - MemInfo: [/proc/meminfo - SSI]	MemTotal:       131394444 kB
20220312 013526.486 INFO             PET0 PIOc_freedecomp Enter - MemInfo: [/proc/meminfo - SSI]	MemFree:        119191824 kB
20220312 013526.486 INFO             PET0 PIOc_freedecomp Enter - MemInfo: [/proc/meminfo - SSI]	MemAvailable:   118842768 kB
20220312 013526.486 INFO             PET0 PIOc_freedecomp Enter - MemInfo: [/proc/meminfo - SSI]	Committed_AS:    5374352 kB
20220312 013526.486 INFO             PET0 PIOc_freedecomp Enter - MemInfo: [/proc/meminfo - SSI]	CommittedPercent: 4.09024 %
20220312 013526.486 INFO             PET0 PIOc_freedecomp Enter - MemInfo: [/proc/self/status]	VmPeak:	 2622008 kB
20220312 013526.486 INFO             PET0 PIOc_freedecomp Enter - MemInfo: [/proc/self/status]	VmSize:	 2610760 kB
20220312 013526.486 INFO             PET0 PIOc_freedecomp Enter - MemInfo: [/proc/self/status]	VmLck:	       0 kB
20220312 013526.486 INFO             PET0 PIOc_freedecomp Enter - MemInfo: [/proc/self/status]	VmPin:	   71516 kB
20220312 013526.486 INFO             PET0 PIOc_freedecomp Enter - MemInfo: [/proc/self/status]	VmHWM:	  140216 kB
20220312 013526.486 INFO             PET0 PIOc_freedecomp Enter - MemInfo: [/proc/self/status]	VmRSS:	  139720 kB
20220312 013526.486 INFO             PET0 PIOc_freedecomp Enter - MemInfo: [/proc/self/status]	VmData:	 2404948 kB
20220312 013526.486 INFO             PET0 PIOc_freedecomp Enter - MemInfo: [/proc/self/status]	VmStk:	     512 kB
20220312 013526.486 INFO             PET0 PIOc_freedecomp Enter - MemInfo: [/proc/self/status]	VmExe:	     324 kB
20220312 013526.486 INFO             PET0 PIOc_freedecomp Enter - MemInfo: [/proc/self/status]	VmLib:	  104128 kB
20220312 013526.486 INFO             PET0 PIOc_freedecomp Enter - MemInfo: [/proc/self/status]	VmPTE:	     608 kB
20220312 013526.486 INFO             PET0 PIOc_freedecomp Enter - MemInfo: [/proc/self/status]	VmPMD:	      32 kB
20220312 013526.486 INFO             PET0 PIOc_freedecomp Enter - MemInfo: [/proc/self/status]	VmSwap:	       0 kB
20220312 013526.486 INFO             PET0 PIOc_freedecomp Enter - MemInfo: [/proc/self/status]	VmRSSPercent: 0.106336 %
20220312 013526.486 INFO             PET0 PIOc_freedecomp Enter - MemInfo: [malloc] Non-mmapped space allocated:                 5947392 Byte
20220312 013526.486 INFO             PET0 PIOc_freedecomp Enter - MemInfo: [malloc] Space allocated in mmapped regions:         73412608 Byte
20220312 013526.486 INFO             PET0 PIOc_freedecomp Enter - MemInfo: [malloc] Maximum total allocated space:                     0 Byte
20220312 013526.486 INFO             PET0 PIOc_freedecomp Enter - MemInfo: [malloc] Space in freed fastbin blocks:                   240 Byte
20220312 013526.486 INFO             PET0 PIOc_freedecomp Enter - MemInfo: [malloc] Total allocated space:                       3059904 Byte
20220312 013526.486 INFO             PET0 PIOc_freedecomp Enter - MemInfo: [malloc] Total free space:                            2887488 Byte
20220312 013526.486 INFO             PET0 PIOc_freedecomp Enter - MemInfo: [malloc] Top-most, releasable space:                   119200 Byte
20220312 013526.486 INFO             PET0 PIOc_freedecomp Enter - MemInfo: [malloc] Total space in use, mmap + non-mmap:        76472512 Byte
20220312 013526.486 INFO             PET0 PIOc_freedecomp Enter - MemInfo: [malloc] Total space held (mmap + non-mmap):         79360000 Byte
20220312 013526.486 INFO             PET0 PIOc_freedecomp Enter - MemInfo: [malloc] Total space used (mmap + non-mmap):         76481872 Byte
20220312 013526.486 INFO             PET0 PIOc_freedecomp Enter - MemInfo: Wall-clock time since execution start:              0.0248282 seconds
20220312 013526.486 INFO             PET0 PIOc_freedecomp Exit - MemInfo: [/proc/meminfo - SSI]	MemTotal:       131394444 kB
20220312 013526.486 INFO             PET0 PIOc_freedecomp Exit - MemInfo: [/proc/meminfo - SSI]	MemFree:        119191824 kB
20220312 013526.486 INFO             PET0 PIOc_freedecomp Exit - MemInfo: [/proc/meminfo - SSI]	MemAvailable:   118842768 kB
20220312 013526.486 INFO             PET0 PIOc_freedecomp Exit - MemInfo: [/proc/meminfo - SSI]	Committed_AS:    5374352 kB
20220312 013526.486 INFO             PET0 PIOc_freedecomp Exit - MemInfo: [/proc/meminfo - SSI]	CommittedPercent: 4.09024 %
20220312 013526.487 INFO             PET0 PIOc_freedecomp Exit - MemInfo: [/proc/self/status]	VmPeak:	 2622008 kB
20220312 013526.487 INFO             PET0 PIOc_freedecomp Exit - MemInfo: [/proc/self/status]	VmSize:	 2610760 kB
20220312 013526.487 INFO             PET0 PIOc_freedecomp Exit - MemInfo: [/proc/self/status]	VmLck:	       0 kB
20220312 013526.487 INFO             PET0 PIOc_freedecomp Exit - MemInfo: [/proc/self/status]	VmPin:	   71516 kB
20220312 013526.487 INFO             PET0 PIOc_freedecomp Exit - MemInfo: [/proc/self/status]	VmHWM:	  140216 kB
20220312 013526.487 INFO             PET0 PIOc_freedecomp Exit - MemInfo: [/proc/self/status]	VmRSS:	  139720 kB
20220312 013526.487 INFO             PET0 PIOc_freedecomp Exit - MemInfo: [/proc/self/status]	VmData:	 2404948 kB
20220312 013526.487 INFO             PET0 PIOc_freedecomp Exit - MemInfo: [/proc/self/status]	VmStk:	     512 kB
20220312 013526.487 INFO             PET0 PIOc_freedecomp Exit - MemInfo: [/proc/self/status]	VmExe:	     324 kB
20220312 013526.487 INFO             PET0 PIOc_freedecomp Exit - MemInfo: [/proc/self/status]	VmLib:	  104128 kB
20220312 013526.487 INFO             PET0 PIOc_freedecomp Exit - MemInfo: [/proc/self/status]	VmPTE:	     608 kB
20220312 013526.487 INFO             PET0 PIOc_freedecomp Exit - MemInfo: [/proc/self/status]	VmPMD:	      32 kB
20220312 013526.487 INFO             PET0 PIOc_freedecomp Exit - MemInfo: [/proc/self/status]	VmSwap:	       0 kB
20220312 013526.487 INFO             PET0 PIOc_freedecomp Exit - MemInfo: [/proc/self/status]	VmRSSPercent: 0.106336 %
20220312 013526.487 INFO             PET0 PIOc_freedecomp Exit - MemInfo: [malloc] Non-mmapped space allocated:                 5947392 Byte
20220312 013526.487 INFO             PET0 PIOc_freedecomp Exit - MemInfo: [malloc] Space allocated in mmapped regions:         73412608 Byte
20220312 013526.487 INFO             PET0 PIOc_freedecomp Exit - MemInfo: [malloc] Maximum total allocated space:                     0 Byte
20220312 013526.487 INFO             PET0 PIOc_freedecomp Exit - MemInfo: [malloc] Space in freed fastbin blocks:                   144 Byte
20220312 013526.487 INFO             PET0 PIOc_freedecomp Exit - MemInfo: [malloc] Total allocated space:                       3058592 Byte
20220312 013526.487 INFO             PET0 PIOc_freedecomp Exit - MemInfo: [malloc] Total free space:                            2888800 Byte
20220312 013526.487 INFO             PET0 PIOc_freedecomp Exit - MemInfo: [malloc] Top-most, releasable space:                  2753776 Byte
20220312 013526.487 INFO             PET0 PIOc_freedecomp Exit - MemInfo: [malloc] Total space in use, mmap + non-mmap:        76471200 Byte
20220312 013526.487 INFO             PET0 PIOc_freedecomp Exit - MemInfo: [malloc] Total space held (mmap + non-mmap):         79360000 Byte
20220312 013526.487 INFO             PET0 PIOc_freedecomp Exit - MemInfo: [malloc] Total space used (mmap + non-mmap):         76480560 Byte
20220312 013526.487 INFO             PET0 PIOc_freedecomp Exit - MemInfo: Wall-clock time since execution start:              0.0252751 seconds
20220312 013526.487 INFO             PET0 PIOc_sync Enter - MemInfo: [/proc/meminfo - SSI]	MemTotal:       131394444 kB
20220312 013526.487 INFO             PET0 PIOc_sync Enter - MemInfo: [/proc/meminfo - SSI]	MemFree:        119191824 kB
20220312 013526.487 INFO             PET0 PIOc_sync Enter - MemInfo: [/proc/meminfo - SSI]	MemAvailable:   118842768 kB
20220312 013526.487 INFO             PET0 PIOc_sync Enter - MemInfo: [/proc/meminfo - SSI]	Committed_AS:    5374352 kB
20220312 013526.487 INFO             PET0 PIOc_sync Enter - MemInfo: [/proc/meminfo - SSI]	CommittedPercent: 4.09024 %
20220312 013526.487 INFO             PET0 PIOc_sync Enter - MemInfo: [/proc/self/status]	VmPeak:	 2622008 kB
20220312 013526.487 INFO             PET0 PIOc_sync Enter - MemInfo: [/proc/self/status]	VmSize:	 2610760 kB
20220312 013526.487 INFO             PET0 PIOc_sync Enter - MemInfo: [/proc/self/status]	VmLck:	       0 kB
20220312 013526.487 INFO             PET0 PIOc_sync Enter - MemInfo: [/proc/self/status]	VmPin:	   71516 kB
20220312 013526.487 INFO             PET0 PIOc_sync Enter - MemInfo: [/proc/self/status]	VmHWM:	  140216 kB
20220312 013526.487 INFO             PET0 PIOc_sync Enter - MemInfo: [/proc/self/status]	VmRSS:	  139720 kB
20220312 013526.487 INFO             PET0 PIOc_sync Enter - MemInfo: [/proc/self/status]	VmData:	 2404948 kB
20220312 013526.487 INFO             PET0 PIOc_sync Enter - MemInfo: [/proc/self/status]	VmStk:	     512 kB
20220312 013526.487 INFO             PET0 PIOc_sync Enter - MemInfo: [/proc/self/status]	VmExe:	     324 kB
20220312 013526.488 INFO             PET0 PIOc_sync Enter - MemInfo: [/proc/self/status]	VmLib:	  104128 kB
20220312 013526.488 INFO             PET0 PIOc_sync Enter - MemInfo: [/proc/self/status]	VmPTE:	     608 kB
20220312 013526.488 INFO             PET0 PIOc_sync Enter - MemInfo: [/proc/self/status]	VmPMD:	      32 kB
20220312 013526.488 INFO             PET0 PIOc_sync Enter - MemInfo: [/proc/self/status]	VmSwap:	       0 kB
20220312 013526.488 INFO             PET0 PIOc_sync Enter - MemInfo: [/proc/self/status]	VmRSSPercent: 0.106336 %
20220312 013526.488 INFO             PET0 PIOc_sync Enter - MemInfo: [malloc] Non-mmapped space allocated:                 5947392 Byte
20220312 013526.488 INFO             PET0 PIOc_sync Enter - MemInfo: [malloc] Space allocated in mmapped regions:         73412608 Byte
20220312 013526.488 INFO             PET0 PIOc_sync Enter - MemInfo: [malloc] Maximum total allocated space:                     0 Byte
20220312 013526.488 INFO             PET0 PIOc_sync Enter - MemInfo: [malloc] Space in freed fastbin blocks:                   144 Byte
20220312 013526.488 INFO             PET0 PIOc_sync Enter - MemInfo: [malloc] Total allocated space:                       5697616 Byte
20220312 013526.488 INFO             PET0 PIOc_sync Enter - MemInfo: [malloc] Total free space:                             249776 Byte
20220312 013526.488 INFO             PET0 PIOc_sync Enter - MemInfo: [malloc] Top-most, releasable space:                   114864 Byte
20220312 013526.488 INFO             PET0 PIOc_sync Enter - MemInfo: [malloc] Total space in use, mmap + non-mmap:        79110224 Byte
20220312 013526.488 INFO             PET0 PIOc_sync Enter - MemInfo: [malloc] Total space held (mmap + non-mmap):         79360000 Byte
20220312 013526.488 INFO             PET0 PIOc_sync Enter - MemInfo: [malloc] Total space used (mmap + non-mmap):         79119584 Byte
20220312 013526.488 INFO             PET0 PIOc_sync Enter - MemInfo: Wall-clock time since execution start:              0.0261836 seconds
20220312 013526.488 INFO             PET0 PIOc_sync Exit - MemInfo: [/proc/meminfo - SSI]	MemTotal:       131394444 kB
20220312 013526.488 INFO             PET0 PIOc_sync Exit - MemInfo: [/proc/meminfo - SSI]	MemFree:        119191824 kB
20220312 013526.488 INFO             PET0 PIOc_sync Exit - MemInfo: [/proc/meminfo - SSI]	MemAvailable:   118842768 kB
20220312 013526.488 INFO             PET0 PIOc_sync Exit - MemInfo: [/proc/meminfo - SSI]	Committed_AS:    5374352 kB
20220312 013526.488 INFO             PET0 PIOc_sync Exit - MemInfo: [/proc/meminfo - SSI]	CommittedPercent: 4.09024 %
20220312 013526.488 INFO             PET0 PIOc_sync Exit - MemInfo: [/proc/self/status]	VmPeak:	 2622008 kB
20220312 013526.488 INFO             PET0 PIOc_sync Exit - MemInfo: [/proc/self/status]	VmSize:	 2610760 kB
20220312 013526.488 INFO             PET0 PIOc_sync Exit - MemInfo: [/proc/self/status]	VmLck:	       0 kB
20220312 013526.488 INFO             PET0 PIOc_sync Exit - MemInfo: [/proc/self/status]	VmPin:	   71516 kB
20220312 013526.488 INFO             PET0 PIOc_sync Exit - MemInfo: [/proc/self/status]	VmHWM:	  140216 kB
20220312 013526.488 INFO             PET0 PIOc_sync Exit - MemInfo: [/proc/self/status]	VmRSS:	  139724 kB
20220312 013526.488 INFO             PET0 PIOc_sync Exit - MemInfo: [/proc/self/status]	VmData:	 2404948 kB
20220312 013526.488 INFO             PET0 PIOc_sync Exit - MemInfo: [/proc/self/status]	VmStk:	     512 kB
20220312 013526.488 INFO             PET0 PIOc_sync Exit - MemInfo: [/proc/self/status]	VmExe:	     324 kB
20220312 013526.488 INFO             PET0 PIOc_sync Exit - MemInfo: [/proc/self/status]	VmLib:	  104128 kB
20220312 013526.488 INFO             PET0 PIOc_sync Exit - MemInfo: [/proc/self/status]	VmPTE:	     608 kB
20220312 013526.488 INFO             PET0 PIOc_sync Exit - MemInfo: [/proc/self/status]	VmPMD:	      32 kB
20220312 013526.488 INFO             PET0 PIOc_sync Exit - MemInfo: [/proc/self/status]	VmSwap:	       0 kB
20220312 013526.488 INFO             PET0 PIOc_sync Exit - MemInfo: [/proc/self/status]	VmRSSPercent: 0.106339 %
20220312 013526.488 INFO             PET0 PIOc_sync Exit - MemInfo: [malloc] Non-mmapped space allocated:                 5947392 Byte
20220312 013526.488 INFO             PET0 PIOc_sync Exit - MemInfo: [malloc] Space allocated in mmapped regions:         73412608 Byte
20220312 013526.488 INFO             PET0 PIOc_sync Exit - MemInfo: [malloc] Maximum total allocated space:                     0 Byte
20220312 013526.488 INFO             PET0 PIOc_sync Exit - MemInfo: [malloc] Space in freed fastbin blocks:                   352 Byte
20220312 013526.488 INFO             PET0 PIOc_sync Exit - MemInfo: [malloc] Total allocated space:                       5696896 Byte
20220312 013526.488 INFO             PET0 PIOc_sync Exit - MemInfo: [malloc] Total free space:                             250496 Byte
20220312 013526.488 INFO             PET0 PIOc_sync Exit - MemInfo: [malloc] Top-most, releasable space:                   115488 Byte
20220312 013526.488 INFO             PET0 PIOc_sync Exit - MemInfo: [malloc] Total space in use, mmap + non-mmap:        79109504 Byte
20220312 013526.488 INFO             PET0 PIOc_sync Exit - MemInfo: [malloc] Total space held (mmap + non-mmap):         79360000 Byte
20220312 013526.488 INFO             PET0 PIOc_sync Exit - MemInfo: [malloc] Total space used (mmap + non-mmap):         79118864 Byte
20220312 013526.488 INFO             PET0 PIOc_sync Exit - MemInfo: Wall-clock time since execution start:              0.0266787 seconds
20220312 013526.488 INFO             PET0 PIOc_freedecomp Enter - MemInfo: [/proc/meminfo - SSI]	MemTotal:       131394444 kB
20220312 013526.488 INFO             PET0 PIOc_freedecomp Enter - MemInfo: [/proc/meminfo - SSI]	MemFree:        119191824 kB
20220312 013526.488 INFO             PET0 PIOc_freedecomp Enter - MemInfo: [/proc/meminfo - SSI]	MemAvailable:   118842768 kB
20220312 013526.488 INFO             PET0 PIOc_freedecomp Enter - MemInfo: [/proc/meminfo - SSI]	Committed_AS:    5374352 kB
20220312 013526.488 INFO             PET0 PIOc_freedecomp Enter - MemInfo: [/proc/meminfo - SSI]	CommittedPercent: 4.09024 %
20220312 013526.488 INFO             PET0 PIOc_freedecomp Enter - MemInfo: [/proc/self/status]	VmPeak:	 2622008 kB
20220312 013526.488 INFO             PET0 PIOc_freedecomp Enter - MemInfo: [/proc/self/status]	VmSize:	 2610760 kB
20220312 013526.488 INFO             PET0 PIOc_freedecomp Enter - MemInfo: [/proc/self/status]	VmLck:	       0 kB
20220312 013526.488 INFO             PET0 PIOc_freedecomp Enter - MemInfo: [/proc/self/status]	VmPin:	   71516 kB
20220312 013526.488 INFO             PET0 PIOc_freedecomp Enter - MemInfo: [/proc/self/status]	VmHWM:	  140216 kB
20220312 013526.488 INFO             PET0 PIOc_freedecomp Enter - MemInfo: [/proc/self/status]	VmRSS:	  139724 kB
20220312 013526.488 INFO             PET0 PIOc_freedecomp Enter - MemInfo: [/proc/self/status]	VmData:	 2404948 kB
20220312 013526.488 INFO             PET0 PIOc_freedecomp Enter - MemInfo: [/proc/self/status]	VmStk:	     512 kB
20220312 013526.488 INFO             PET0 PIOc_freedecomp Enter - MemInfo: [/proc/self/status]	VmExe:	     324 kB
20220312 013526.488 INFO             PET0 PIOc_freedecomp Enter - MemInfo: [/proc/self/status]	VmLib:	  104128 kB
20220312 013526.488 INFO             PET0 PIOc_freedecomp Enter - MemInfo: [/proc/self/status]	VmPTE:	     608 kB
20220312 013526.488 INFO             PET0 PIOc_freedecomp Enter - MemInfo: [/proc/self/status]	VmPMD:	      32 kB
20220312 013526.488 INFO             PET0 PIOc_freedecomp Enter - MemInfo: [/proc/self/status]	VmSwap:	       0 kB
20220312 013526.489 INFO             PET0 PIOc_freedecomp Enter - MemInfo: [/proc/self/status]	VmRSSPercent: 0.106339 %
20220312 013526.489 INFO             PET0 PIOc_freedecomp Enter - MemInfo: [malloc] Non-mmapped space allocated:                 5947392 Byte
20220312 013526.489 INFO             PET0 PIOc_freedecomp Enter - MemInfo: [malloc] Space allocated in mmapped regions:         73412608 Byte
20220312 013526.489 INFO             PET0 PIOc_freedecomp Enter - MemInfo: [malloc] Maximum total allocated space:                     0 Byte
20220312 013526.489 INFO             PET0 PIOc_freedecomp Enter - MemInfo: [malloc] Space in freed fastbin blocks:                   368 Byte
20220312 013526.489 INFO             PET0 PIOc_freedecomp Enter - MemInfo: [malloc] Total allocated space:                       3059904 Byte
20220312 013526.489 INFO             PET0 PIOc_freedecomp Enter - MemInfo: [malloc] Total free space:                            2887488 Byte
20220312 013526.489 INFO             PET0 PIOc_freedecomp Enter - MemInfo: [malloc] Top-most, releasable space:                   118464 Byte
20220312 013526.489 INFO             PET0 PIOc_freedecomp Enter - MemInfo: [malloc] Total space in use, mmap + non-mmap:        76472512 Byte
20220312 013526.489 INFO             PET0 PIOc_freedecomp Enter - MemInfo: [malloc] Total space held (mmap + non-mmap):         79360000 Byte
20220312 013526.489 INFO             PET0 PIOc_freedecomp Enter - MemInfo: [malloc] Total space used (mmap + non-mmap):         76481872 Byte
20220312 013526.489 INFO             PET0 PIOc_freedecomp Enter - MemInfo: Wall-clock time since execution start:              0.0271389 seconds
20220312 013526.489 INFO             PET0 PIOc_freedecomp Exit - MemInfo: [/proc/meminfo - SSI]	MemTotal:       131394444 kB
20220312 013526.489 INFO             PET0 PIOc_freedecomp Exit - MemInfo: [/proc/meminfo - SSI]	MemFree:        119191824 kB
20220312 013526.489 INFO             PET0 PIOc_freedecomp Exit - MemInfo: [/proc/meminfo - SSI]	MemAvailable:   118842768 kB
20220312 013526.489 INFO             PET0 PIOc_freedecomp Exit - MemInfo: [/proc/meminfo - SSI]	Committed_AS:    5374352 kB
20220312 013526.489 INFO             PET0 PIOc_freedecomp Exit - MemInfo: [/proc/meminfo - SSI]	CommittedPercent: 4.09024 %
20220312 013526.489 INFO             PET0 PIOc_freedecomp Exit - MemInfo: [/proc/self/status]	VmPeak:	 2622008 kB
20220312 013526.489 INFO             PET0 PIOc_freedecomp Exit - MemInfo: [/proc/self/status]	VmSize:	 2610760 kB
20220312 013526.489 INFO             PET0 PIOc_freedecomp Exit - MemInfo: [/proc/self/status]	VmLck:	       0 kB
20220312 013526.489 INFO             PET0 PIOc_freedecomp Exit - MemInfo: [/proc/self/status]	VmPin:	   71516 kB
20220312 013526.489 INFO             PET0 PIOc_freedecomp Exit - MemInfo: [/proc/self/status]	VmHWM:	  140216 kB
20220312 013526.489 INFO             PET0 PIOc_freedecomp Exit - MemInfo: [/proc/self/status]	VmRSS:	  139724 kB
20220312 013526.489 INFO             PET0 PIOc_freedecomp Exit - MemInfo: [/proc/self/status]	VmData:	 2404948 kB
20220312 013526.489 INFO             PET0 PIOc_freedecomp Exit - MemInfo: [/proc/self/status]	VmStk:	     512 kB
20220312 013526.489 INFO             PET0 PIOc_freedecomp Exit - MemInfo: [/proc/self/status]	VmExe:	     324 kB
20220312 013526.489 INFO             PET0 PIOc_freedecomp Exit - MemInfo: [/proc/self/status]	VmLib:	  104128 kB
20220312 013526.489 INFO             PET0 PIOc_freedecomp Exit - MemInfo: [/proc/self/status]	VmPTE:	     608 kB
20220312 013526.489 INFO             PET0 PIOc_freedecomp Exit - MemInfo: [/proc/self/status]	VmPMD:	      32 kB
20220312 013526.489 INFO             PET0 PIOc_freedecomp Exit - MemInfo: [/proc/self/status]	VmSwap:	       0 kB
20220312 013526.489 INFO             PET0 PIOc_freedecomp Exit - MemInfo: [/proc/self/status]	VmRSSPercent: 0.106339 %
20220312 013526.489 INFO             PET0 PIOc_freedecomp Exit - MemInfo: [malloc] Non-mmapped space allocated:                 5947392 Byte
20220312 013526.489 INFO             PET0 PIOc_freedecomp Exit - MemInfo: [malloc] Space allocated in mmapped regions:         73412608 Byte
20220312 013526.489 INFO             PET0 PIOc_freedecomp Exit - MemInfo: [malloc] Maximum total allocated space:                     0 Byte
20220312 013526.489 INFO             PET0 PIOc_freedecomp Exit - MemInfo: [malloc] Space in freed fastbin blocks:                   224 Byte
20220312 013526.489 INFO             PET0 PIOc_freedecomp Exit - MemInfo: [malloc] Total allocated space:                       3058592 Byte
20220312 013526.489 INFO             PET0 PIOc_freedecomp Exit - MemInfo: [malloc] Total free space:                            2888800 Byte
20220312 013526.489 INFO             PET0 PIOc_freedecomp Exit - MemInfo: [malloc] Top-most, releasable space:                   118992 Byte
20220312 013526.489 INFO             PET0 PIOc_freedecomp Exit - MemInfo: [malloc] Total space in use, mmap + non-mmap:        76471200 Byte
20220312 013526.489 INFO             PET0 PIOc_freedecomp Exit - MemInfo: [malloc] Total space held (mmap + non-mmap):         79360000 Byte
20220312 013526.489 INFO             PET0 PIOc_freedecomp Exit - MemInfo: [malloc] Total space used (mmap + non-mmap):         76480560 Byte
20220312 013526.489 INFO             PET0 PIOc_freedecomp Exit - MemInfo: Wall-clock time since execution start:              0.0275644 seconds
20220312 013526.489 INFO             PET0 PASS Execute ESMC_RouteHandlePrint(), ESMC_FieldGridRegridCsrvUTest.C, line 526
20220312 013526.489 INFO             PET0 PASS Release an ESMC_RouteHandle via ESMC_FieldRegridRelease(), ESMC_FieldGridRegridCsrvUTest.C, line 534
20220312 013526.490 INFO             PET0 PASS Execute ESMC_FieldRegridGetArea() - source, ESMC_FieldGridRegridCsrvUTest.C, line 584
20220312 013526.490 INFO             PET0 PASS Execute ESMC_FieldRegridGetArea() - destination, ESMC_FieldGridRegridCsrvUTest.C, line 606
20220312 013526.490 INFO             PET0 PASS Regridding Validation, ESMC_FieldGridRegridCsrvUTest.C, line 671
20220312 013526.490 INFO             PET0 PASS Destroy ESMC_Field object, ESMC_FieldGridRegridCsrvUTest.C, line 685
20220312 013526.490 INFO             PET0 PASS Destroy ESMC_Field object, ESMC_FieldGridRegridCsrvUTest.C, line 693
20220312 013526.490 INFO             PET0 PASS Destroy ESMC_Grid object, ESMC_FieldGridRegridCsrvUTest.C, line 701
20220312 013526.490 INFO             PET0 PASS Destroy ESMC_Mesh object, ESMC_FieldGridRegridCsrvUTest.C, line 709
20220312 013526.490 INFO             PET0 Ending Test, file ESMC_FieldGridRegridCsrvUTest.C, line 714
20220312 013526.490 INFO             PET0 Finalizing ESMF
