build time -- 2022-03-13 01:15:01.558894
20220313 013430.467 INFO             PET0 !!!!!!!!!!!!!!!!!!!!!!!!!!!!!!!!!!!!!!!!!!!!!!!!!!!!!!
20220313 013430.467 INFO             PET0 !!! THE ESMF_LOG IS SET TO OUTPUT ALL LOG MESSAGES !!!
20220313 013430.467 INFO             PET0 !!!     THIS MAY CAUSE SLOWDOWN IN PERFORMANCE     !!!
20220313 013430.467 INFO             PET0 !!! FOR PRODUCTION RUNS, USE:                      !!!
20220313 013430.467 INFO             PET0 !!!                   ESMF_LOGKIND_Multi_On_Error  !!!
20220313 013430.467 INFO             PET0 !!!!!!!!!!!!!!!!!!!!!!!!!!!!!!!!!!!!!!!!!!!!!!!!!!!!!!
20220313 013430.467 INFO             PET0 Running with ESMF Version   : v8.3.0b09-96-g559b459836
20220313 013430.467 INFO             PET0 ESMF library build date/time: "Mar 13 2022" "01:12:50"
20220313 013430.467 INFO             PET0 ESMF library build location : /gpfsm/dnb04/projects/p98/mpotts/esmf/intel_2020_intelmpi_O_jedwards_pio_update2
20220313 013430.467 INFO             PET0 ESMF_COMM                   : intelmpi
20220313 013430.468 INFO             PET0 ESMF_MOAB                   : enabled
20220313 013430.468 INFO             PET0 ESMF_LAPACK                 : enabled
20220313 013430.468 INFO             PET0 ESMF_NETCDF                 : enabled
20220313 013430.468 INFO             PET0 ESMF_PNETCDF                : disabled
20220313 013430.468 INFO             PET0 ESMF_PIO                    : enabled
20220313 013430.468 INFO             PET0 ESMF_YAMLCPP                : enabled
20220313 013430.468 INFO             PET0 Beginning Test, file ESMC_FieldSMMFromFileUTest.C, line 41
20220313 013430.468 INFO             PET0 Beginning Test, file ESMC_FieldSMMFromFileUTest.C, line 41NUMBER_OF_PROCESSORS 4
20220313 013430.479 INFO             PET0 PIOc_sync Enter - MemInfo: [/proc/meminfo - SSI]	MemTotal:       131394444 kB
20220313 013430.479 INFO             PET0 PIOc_sync Enter - MemInfo: [/proc/meminfo - SSI]	MemFree:        119121200 kB
20220313 013430.479 INFO             PET0 PIOc_sync Enter - MemInfo: [/proc/meminfo - SSI]	MemAvailable:   118723936 kB
20220313 013430.479 INFO             PET0 PIOc_sync Enter - MemInfo: [/proc/meminfo - SSI]	Committed_AS:    3868684 kB
20220313 013430.479 INFO             PET0 PIOc_sync Enter - MemInfo: [/proc/meminfo - SSI]	CommittedPercent: 2.94433 %
20220313 013430.479 INFO             PET0 PIOc_sync Enter - MemInfo: [/proc/self/status]	VmPeak:	 3797520 kB
20220313 013430.479 INFO             PET0 PIOc_sync Enter - MemInfo: [/proc/self/status]	VmSize:	 3797520 kB
20220313 013430.479 INFO             PET0 PIOc_sync Enter - MemInfo: [/proc/self/status]	VmLck:	       0 kB
20220313 013430.479 INFO             PET0 PIOc_sync Enter - MemInfo: [/proc/self/status]	VmPin:	   82140 kB
20220313 013430.479 INFO             PET0 PIOc_sync Enter - MemInfo: [/proc/self/status]	VmHWM:	  151096 kB
20220313 013430.479 INFO             PET0 PIOc_sync Enter - MemInfo: [/proc/self/status]	VmRSS:	  151096 kB
20220313 013430.479 INFO             PET0 PIOc_sync Enter - MemInfo: [/proc/self/status]	VmData:	  269316 kB
20220313 013430.479 INFO             PET0 PIOc_sync Enter - MemInfo: [/proc/self/status]	VmStk:	     512 kB
20220313 013430.479 INFO             PET0 PIOc_sync Enter - MemInfo: [/proc/self/status]	VmExe:	     316 kB
20220313 013430.479 INFO             PET0 PIOc_sync Enter - MemInfo: [/proc/self/status]	VmLib:	  104128 kB
20220313 013430.479 INFO             PET0 PIOc_sync Enter - MemInfo: [/proc/self/status]	VmPTE:	     728 kB
20220313 013430.479 INFO             PET0 PIOc_sync Enter - MemInfo: [/proc/self/status]	VmPMD:	      32 kB
20220313 013430.479 INFO             PET0 PIOc_sync Enter - MemInfo: [/proc/self/status]	VmSwap:	       0 kB
20220313 013430.480 INFO             PET0 PIOc_sync Enter - MemInfo: [/proc/self/status]	VmRSSPercent: 0.114994 %
20220313 013430.480 INFO             PET0 PIOc_sync Enter - MemInfo: [malloc] Non-mmapped space allocated:                 3362816 Byte
20220313 013430.480 INFO             PET0 PIOc_sync Enter - MemInfo: [malloc] Space allocated in mmapped regions:         88629248 Byte
20220313 013430.480 INFO             PET0 PIOc_sync Enter - MemInfo: [malloc] Maximum total allocated space:                     0 Byte
20220313 013430.480 INFO             PET0 PIOc_sync Enter - MemInfo: [malloc] Space in freed fastbin blocks:                   144 Byte
20220313 013430.480 INFO             PET0 PIOc_sync Enter - MemInfo: [malloc] Total allocated space:                       3144480 Byte
20220313 013430.480 INFO             PET0 PIOc_sync Enter - MemInfo: [malloc] Total free space:                             218336 Byte
20220313 013430.480 INFO             PET0 PIOc_sync Enter - MemInfo: [malloc] Top-most, releasable space:                    86096 Byte
20220313 013430.480 INFO             PET0 PIOc_sync Enter - MemInfo: [malloc] Total space in use, mmap + non-mmap:        91773728 Byte
20220313 013430.480 INFO             PET0 PIOc_sync Enter - MemInfo: [malloc] Total space held (mmap + non-mmap):         91992064 Byte
20220313 013430.480 INFO             PET0 PIOc_sync Enter - MemInfo: [malloc] Total space used (mmap + non-mmap):         91783088 Byte
20220313 013430.480 INFO             PET0 PIOc_sync Enter - MemInfo: Wall-clock time since execution start:              0.0201855 seconds
20220313 013430.480 INFO             PET0 PIOc_sync Exit - MemInfo: [/proc/meminfo - SSI]	MemTotal:       131394444 kB
20220313 013430.480 INFO             PET0 PIOc_sync Exit - MemInfo: [/proc/meminfo - SSI]	MemFree:        119121200 kB
20220313 013430.480 INFO             PET0 PIOc_sync Exit - MemInfo: [/proc/meminfo - SSI]	MemAvailable:   118723936 kB
20220313 013430.481 INFO             PET0 PIOc_sync Exit - MemInfo: [/proc/meminfo - SSI]	Committed_AS:    3868684 kB
20220313 013430.481 INFO             PET0 PIOc_sync Exit - MemInfo: [/proc/meminfo - SSI]	CommittedPercent: 2.94433 %
20220313 013430.481 INFO             PET0 PIOc_sync Exit - MemInfo: [/proc/self/status]	VmPeak:	 3797520 kB
20220313 013430.481 INFO             PET0 PIOc_sync Exit - MemInfo: [/proc/self/status]	VmSize:	 3797520 kB
20220313 013430.481 INFO             PET0 PIOc_sync Exit - MemInfo: [/proc/self/status]	VmLck:	       0 kB
20220313 013430.481 INFO             PET0 PIOc_sync Exit - MemInfo: [/proc/self/status]	VmPin:	   82140 kB
20220313 013430.481 INFO             PET0 PIOc_sync Exit - MemInfo: [/proc/self/status]	VmHWM:	  151252 kB
20220313 013430.481 INFO             PET0 PIOc_sync Exit - MemInfo: [/proc/self/status]	VmRSS:	  151252 kB
20220313 013430.481 INFO             PET0 PIOc_sync Exit - MemInfo: [/proc/self/status]	VmData:	  269316 kB
20220313 013430.481 INFO             PET0 PIOc_sync Exit - MemInfo: [/proc/self/status]	VmStk:	     512 kB
20220313 013430.481 INFO             PET0 PIOc_sync Exit - MemInfo: [/proc/self/status]	VmExe:	     316 kB
20220313 013430.481 INFO             PET0 PIOc_sync Exit - MemInfo: [/proc/self/status]	VmLib:	  104128 kB
20220313 013430.481 INFO             PET0 PIOc_sync Exit - MemInfo: [/proc/self/status]	VmPTE:	     728 kB
20220313 013430.481 INFO             PET0 PIOc_sync Exit - MemInfo: [/proc/self/status]	VmPMD:	      32 kB
20220313 013430.481 INFO             PET0 PIOc_sync Exit - MemInfo: [/proc/self/status]	VmSwap:	       0 kB
20220313 013430.481 INFO             PET0 PIOc_sync Exit - MemInfo: [/proc/self/status]	VmRSSPercent: 0.115113 %
20220313 013430.481 INFO             PET0 PIOc_sync Exit - MemInfo: [malloc] Non-mmapped space allocated:                 3362816 Byte
20220313 013430.481 INFO             PET0 PIOc_sync Exit - MemInfo: [malloc] Space allocated in mmapped regions:         88629248 Byte
20220313 013430.481 INFO             PET0 PIOc_sync Exit - MemInfo: [malloc] Maximum total allocated space:                     0 Byte
20220313 013430.481 INFO             PET0 PIOc_sync Exit - MemInfo: [malloc] Space in freed fastbin blocks:                   352 Byte
20220313 013430.481 INFO             PET0 PIOc_sync Exit - MemInfo: [malloc] Total allocated space:                       3143280 Byte
20220313 013430.481 INFO             PET0 PIOc_sync Exit - MemInfo: [malloc] Total free space:                             219536 Byte
20220313 013430.481 INFO             PET0 PIOc_sync Exit - MemInfo: [malloc] Top-most, releasable space:                    86096 Byte
20220313 013430.481 INFO             PET0 PIOc_sync Exit - MemInfo: [malloc] Total space in use, mmap + non-mmap:        91772528 Byte
20220313 013430.481 INFO             PET0 PIOc_sync Exit - MemInfo: [malloc] Total space held (mmap + non-mmap):         91992064 Byte
20220313 013430.481 INFO             PET0 PIOc_sync Exit - MemInfo: [malloc] Total space used (mmap + non-mmap):         91781888 Byte
20220313 013430.481 INFO             PET0 PIOc_sync Exit - MemInfo: Wall-clock time since execution start:              0.0213172 seconds
20220313 013430.481 INFO             PET0 PIOc_freedecomp Enter - MemInfo: [/proc/meminfo - SSI]	MemTotal:       131394444 kB
20220313 013430.481 INFO             PET0 PIOc_freedecomp Enter - MemInfo: [/proc/meminfo - SSI]	MemFree:        119122412 kB
20220313 013430.481 INFO             PET0 PIOc_freedecomp Enter - MemInfo: [/proc/meminfo - SSI]	MemAvailable:   118725148 kB
20220313 013430.481 INFO             PET0 PIOc_freedecomp Enter - MemInfo: [/proc/meminfo - SSI]	Committed_AS:    3868684 kB
20220313 013430.481 INFO             PET0 PIOc_freedecomp Enter - MemInfo: [/proc/meminfo - SSI]	CommittedPercent: 2.94433 %
20220313 013430.481 INFO             PET0 PIOc_freedecomp Enter - MemInfo: [/proc/self/status]	VmPeak:	 3797520 kB
20220313 013430.481 INFO             PET0 PIOc_freedecomp Enter - MemInfo: [/proc/self/status]	VmSize:	 3794952 kB
20220313 013430.481 INFO             PET0 PIOc_freedecomp Enter - MemInfo: [/proc/self/status]	VmLck:	       0 kB
20220313 013430.481 INFO             PET0 PIOc_freedecomp Enter - MemInfo: [/proc/self/status]	VmPin:	   82140 kB
20220313 013430.481 INFO             PET0 PIOc_freedecomp Enter - MemInfo: [/proc/self/status]	VmHWM:	  151252 kB
20220313 013430.481 INFO             PET0 PIOc_freedecomp Enter - MemInfo: [/proc/self/status]	VmRSS:	  149200 kB
20220313 013430.481 INFO             PET0 PIOc_freedecomp Enter - MemInfo: [/proc/self/status]	VmData:	  266748 kB
20220313 013430.481 INFO             PET0 PIOc_freedecomp Enter - MemInfo: [/proc/self/status]	VmStk:	     512 kB
20220313 013430.481 INFO             PET0 PIOc_freedecomp Enter - MemInfo: [/proc/self/status]	VmExe:	     316 kB
20220313 013430.481 INFO             PET0 PIOc_freedecomp Enter - MemInfo: [/proc/self/status]	VmLib:	  104128 kB
20220313 013430.481 INFO             PET0 PIOc_freedecomp Enter - MemInfo: [/proc/self/status]	VmPTE:	     724 kB
20220313 013430.481 INFO             PET0 PIOc_freedecomp Enter - MemInfo: [/proc/self/status]	VmPMD:	      32 kB
20220313 013430.481 INFO             PET0 PIOc_freedecomp Enter - MemInfo: [/proc/self/status]	VmSwap:	       0 kB
20220313 013430.481 INFO             PET0 PIOc_freedecomp Enter - MemInfo: [/proc/self/status]	VmRSSPercent: 0.113551 %
20220313 013430.481 INFO             PET0 PIOc_freedecomp Enter - MemInfo: [malloc] Non-mmapped space allocated:                 3362816 Byte
20220313 013430.481 INFO             PET0 PIOc_freedecomp Enter - MemInfo: [malloc] Space allocated in mmapped regions:         85999616 Byte
20220313 013430.481 INFO             PET0 PIOc_freedecomp Enter - MemInfo: [malloc] Maximum total allocated space:                     0 Byte
20220313 013430.481 INFO             PET0 PIOc_freedecomp Enter - MemInfo: [malloc] Space in freed fastbin blocks:                   704 Byte
20220313 013430.481 INFO             PET0 PIOc_freedecomp Enter - MemInfo: [malloc] Total allocated space:                       3130192 Byte
20220313 013430.481 INFO             PET0 PIOc_freedecomp Enter - MemInfo: [malloc] Total free space:                             232624 Byte
20220313 013430.481 INFO             PET0 PIOc_freedecomp Enter - MemInfo: [malloc] Top-most, releasable space:                    96592 Byte
20220313 013430.482 INFO             PET0 PIOc_freedecomp Enter - MemInfo: [malloc] Total space in use, mmap + non-mmap:        89129808 Byte
20220313 013430.482 INFO             PET0 PIOc_freedecomp Enter - MemInfo: [malloc] Total space held (mmap + non-mmap):         89362432 Byte
20220313 013430.482 INFO             PET0 PIOc_freedecomp Enter - MemInfo: [malloc] Total space used (mmap + non-mmap):         89139168 Byte
20220313 013430.482 INFO             PET0 PIOc_freedecomp Enter - MemInfo: Wall-clock time since execution start:              0.0220594 seconds
20220313 013430.482 INFO             PET0 PIOc_freedecomp Exit - MemInfo: [/proc/meminfo - SSI]	MemTotal:       131394444 kB
20220313 013430.482 INFO             PET0 PIOc_freedecomp Exit - MemInfo: [/proc/meminfo - SSI]	MemFree:        119122412 kB
20220313 013430.482 INFO             PET0 PIOc_freedecomp Exit - MemInfo: [/proc/meminfo - SSI]	MemAvailable:   118725148 kB
20220313 013430.482 INFO             PET0 PIOc_freedecomp Exit - MemInfo: [/proc/meminfo - SSI]	Committed_AS:    3868684 kB
20220313 013430.482 INFO             PET0 PIOc_freedecomp Exit - MemInfo: [/proc/meminfo - SSI]	CommittedPercent: 2.94433 %
20220313 013430.482 INFO             PET0 PIOc_freedecomp Exit - MemInfo: [/proc/self/status]	VmPeak:	 3797520 kB
20220313 013430.482 INFO             PET0 PIOc_freedecomp Exit - MemInfo: [/proc/self/status]	VmSize:	 3794952 kB
20220313 013430.482 INFO             PET0 PIOc_freedecomp Exit - MemInfo: [/proc/self/status]	VmLck:	       0 kB
20220313 013430.482 INFO             PET0 PIOc_freedecomp Exit - MemInfo: [/proc/self/status]	VmPin:	   82140 kB
20220313 013430.482 INFO             PET0 PIOc_freedecomp Exit - MemInfo: [/proc/self/status]	VmHWM:	  151252 kB
20220313 013430.482 INFO             PET0 PIOc_freedecomp Exit - MemInfo: [/proc/self/status]	VmRSS:	  149200 kB
20220313 013430.482 INFO             PET0 PIOc_freedecomp Exit - MemInfo: [/proc/self/status]	VmData:	  266748 kB
20220313 013430.482 INFO             PET0 PIOc_freedecomp Exit - MemInfo: [/proc/self/status]	VmStk:	     512 kB
20220313 013430.482 INFO             PET0 PIOc_freedecomp Exit - MemInfo: [/proc/self/status]	VmExe:	     316 kB
20220313 013430.482 INFO             PET0 PIOc_freedecomp Exit - MemInfo: [/proc/self/status]	VmLib:	  104128 kB
20220313 013430.482 INFO             PET0 PIOc_freedecomp Exit - MemInfo: [/proc/self/status]	VmPTE:	     724 kB
20220313 013430.482 INFO             PET0 PIOc_freedecomp Exit - MemInfo: [/proc/self/status]	VmPMD:	      32 kB
20220313 013430.482 INFO             PET0 PIOc_freedecomp Exit - MemInfo: [/proc/self/status]	VmSwap:	       0 kB
20220313 013430.482 INFO             PET0 PIOc_freedecomp Exit - MemInfo: [/proc/self/status]	VmRSSPercent: 0.113551 %
20220313 013430.482 INFO             PET0 PIOc_freedecomp Exit - MemInfo: [malloc] Non-mmapped space allocated:                 3362816 Byte
20220313 013430.482 INFO             PET0 PIOc_freedecomp Exit - MemInfo: [malloc] Space allocated in mmapped regions:         85999616 Byte
20220313 013430.482 INFO             PET0 PIOc_freedecomp Exit - MemInfo: [malloc] Maximum total allocated space:                     0 Byte
20220313 013430.482 INFO             PET0 PIOc_freedecomp Exit - MemInfo: [malloc] Space in freed fastbin blocks:                   432 Byte
20220313 013430.482 INFO             PET0 PIOc_freedecomp Exit - MemInfo: [malloc] Total allocated space:                       3125808 Byte
20220313 013430.482 INFO             PET0 PIOc_freedecomp Exit - MemInfo: [malloc] Total free space:                             237008 Byte
20220313 013430.482 INFO             PET0 PIOc_freedecomp Exit - MemInfo: [malloc] Top-most, releasable space:                    99216 Byte
20220313 013430.482 INFO             PET0 PIOc_freedecomp Exit - MemInfo: [malloc] Total space in use, mmap + non-mmap:        89125424 Byte
20220313 013430.482 INFO             PET0 PIOc_freedecomp Exit - MemInfo: [malloc] Total space held (mmap + non-mmap):         89362432 Byte
20220313 013430.482 INFO             PET0 PIOc_freedecomp Exit - MemInfo: [malloc] Total space used (mmap + non-mmap):         89134784 Byte
20220313 013430.482 INFO             PET0 PIOc_freedecomp Exit - MemInfo: Wall-clock time since execution start:              0.0224023 seconds
20220313 013430.483 INFO             PET0 PIOc_sync Enter - MemInfo: [/proc/meminfo - SSI]	MemTotal:       131394444 kB
20220313 013430.483 INFO             PET0 PIOc_sync Enter - MemInfo: [/proc/meminfo - SSI]	MemFree:        119121944 kB
20220313 013430.483 INFO             PET0 PIOc_sync Enter - MemInfo: [/proc/meminfo - SSI]	MemAvailable:   118724680 kB
20220313 013430.483 INFO             PET0 PIOc_sync Enter - MemInfo: [/proc/meminfo - SSI]	Committed_AS:    3868684 kB
20220313 013430.483 INFO             PET0 PIOc_sync Enter - MemInfo: [/proc/meminfo - SSI]	CommittedPercent: 2.94433 %
20220313 013430.483 INFO             PET0 PIOc_sync Enter - MemInfo: [/proc/self/status]	VmPeak:	 3797544 kB
20220313 013430.483 INFO             PET0 PIOc_sync Enter - MemInfo: [/proc/self/status]	VmSize:	 3797544 kB
20220313 013430.483 INFO             PET0 PIOc_sync Enter - MemInfo: [/proc/self/status]	VmLck:	       0 kB
20220313 013430.483 INFO             PET0 PIOc_sync Enter - MemInfo: [/proc/self/status]	VmPin:	   82140 kB
20220313 013430.483 INFO             PET0 PIOc_sync Enter - MemInfo: [/proc/self/status]	VmHWM:	  151252 kB
20220313 013430.483 INFO             PET0 PIOc_sync Enter - MemInfo: [/proc/self/status]	VmRSS:	  150368 kB
20220313 013430.483 INFO             PET0 PIOc_sync Enter - MemInfo: [/proc/self/status]	VmData:	  269340 kB
20220313 013430.483 INFO             PET0 PIOc_sync Enter - MemInfo: [/proc/self/status]	VmStk:	     512 kB
20220313 013430.483 INFO             PET0 PIOc_sync Enter - MemInfo: [/proc/self/status]	VmExe:	     316 kB
20220313 013430.483 INFO             PET0 PIOc_sync Enter - MemInfo: [/proc/self/status]	VmLib:	  104128 kB
20220313 013430.483 INFO             PET0 PIOc_sync Enter - MemInfo: [/proc/self/status]	VmPTE:	     728 kB
20220313 013430.483 INFO             PET0 PIOc_sync Enter - MemInfo: [/proc/self/status]	VmPMD:	      32 kB
20220313 013430.483 INFO             PET0 PIOc_sync Enter - MemInfo: [/proc/self/status]	VmSwap:	       0 kB
20220313 013430.483 INFO             PET0 PIOc_sync Enter - MemInfo: [/proc/self/status]	VmRSSPercent: 0.11444 %
20220313 013430.483 INFO             PET0 PIOc_sync Enter - MemInfo: [malloc] Non-mmapped space allocated:                 6017024 Byte
20220313 013430.483 INFO             PET0 PIOc_sync Enter - MemInfo: [malloc] Space allocated in mmapped regions:         85999616 Byte
20220313 013430.483 INFO             PET0 PIOc_sync Enter - MemInfo: [malloc] Maximum total allocated space:                     0 Byte
20220313 013430.483 INFO             PET0 PIOc_sync Enter - MemInfo: [malloc] Space in freed fastbin blocks:                   544 Byte
20220313 013430.483 INFO             PET0 PIOc_sync Enter - MemInfo: [malloc] Total allocated space:                       5766112 Byte
20220313 013430.483 INFO             PET0 PIOc_sync Enter - MemInfo: [malloc] Total free space:                             250912 Byte
20220313 013430.483 INFO             PET0 PIOc_sync Enter - MemInfo: [malloc] Top-most, releasable space:                   117552 Byte
20220313 013430.483 INFO             PET0 PIOc_sync Enter - MemInfo: [malloc] Total space in use, mmap + non-mmap:        91765728 Byte
20220313 013430.483 INFO             PET0 PIOc_sync Enter - MemInfo: [malloc] Total space held (mmap + non-mmap):         92016640 Byte
20220313 013430.483 INFO             PET0 PIOc_sync Enter - MemInfo: [malloc] Total space used (mmap + non-mmap):         91775088 Byte
20220313 013430.483 INFO             PET0 PIOc_sync Enter - MemInfo: Wall-clock time since execution start:              0.0237997 seconds
20220313 013430.483 INFO             PET0 PIOc_sync Exit - MemInfo: [/proc/meminfo - SSI]	MemTotal:       131394444 kB
20220313 013430.484 INFO             PET0 PIOc_sync Exit - MemInfo: [/proc/meminfo - SSI]	MemFree:        119121944 kB
20220313 013430.484 INFO             PET0 PIOc_sync Exit - MemInfo: [/proc/meminfo - SSI]	MemAvailable:   118724680 kB
20220313 013430.484 INFO             PET0 PIOc_sync Exit - MemInfo: [/proc/meminfo - SSI]	Committed_AS:    3868684 kB
20220313 013430.484 INFO             PET0 PIOc_sync Exit - MemInfo: [/proc/meminfo - SSI]	CommittedPercent: 2.94433 %
20220313 013430.484 INFO             PET0 PIOc_sync Exit - MemInfo: [/proc/self/status]	VmPeak:	 3797544 kB
20220313 013430.484 INFO             PET0 PIOc_sync Exit - MemInfo: [/proc/self/status]	VmSize:	 3797544 kB
20220313 013430.484 INFO             PET0 PIOc_sync Exit - MemInfo: [/proc/self/status]	VmLck:	       0 kB
20220313 013430.484 INFO             PET0 PIOc_sync Exit - MemInfo: [/proc/self/status]	VmPin:	   82140 kB
20220313 013430.484 INFO             PET0 PIOc_sync Exit - MemInfo: [/proc/self/status]	VmHWM:	  151252 kB
20220313 013430.484 INFO             PET0 PIOc_sync Exit - MemInfo: [/proc/self/status]	VmRSS:	  150408 kB
20220313 013430.484 INFO             PET0 PIOc_sync Exit - MemInfo: [/proc/self/status]	VmData:	  269340 kB
20220313 013430.484 INFO             PET0 PIOc_sync Exit - MemInfo: [/proc/self/status]	VmStk:	     512 kB
20220313 013430.484 INFO             PET0 PIOc_sync Exit - MemInfo: [/proc/self/status]	VmExe:	     316 kB
20220313 013430.484 INFO             PET0 PIOc_sync Exit - MemInfo: [/proc/self/status]	VmLib:	  104128 kB
20220313 013430.484 INFO             PET0 PIOc_sync Exit - MemInfo: [/proc/self/status]	VmPTE:	     728 kB
20220313 013430.484 INFO             PET0 PIOc_sync Exit - MemInfo: [/proc/self/status]	VmPMD:	      32 kB
20220313 013430.484 INFO             PET0 PIOc_sync Exit - MemInfo: [/proc/self/status]	VmSwap:	       0 kB
20220313 013430.484 INFO             PET0 PIOc_sync Exit - MemInfo: [/proc/self/status]	VmRSSPercent: 0.114471 %
20220313 013430.484 INFO             PET0 PIOc_sync Exit - MemInfo: [malloc] Non-mmapped space allocated:                 6017024 Byte
20220313 013430.484 INFO             PET0 PIOc_sync Exit - MemInfo: [malloc] Space allocated in mmapped regions:         85999616 Byte
20220313 013430.484 INFO             PET0 PIOc_sync Exit - MemInfo: [malloc] Maximum total allocated space:                     0 Byte
20220313 013430.484 INFO             PET0 PIOc_sync Exit - MemInfo: [malloc] Space in freed fastbin blocks:                   480 Byte
20220313 013430.484 INFO             PET0 PIOc_sync Exit - MemInfo: [malloc] Total allocated space:                       5765136 Byte
20220313 013430.484 INFO             PET0 PIOc_sync Exit - MemInfo: [malloc] Total free space:                             251888 Byte
20220313 013430.484 INFO             PET0 PIOc_sync Exit - MemInfo: [malloc] Top-most, releasable space:                   117552 Byte
20220313 013430.484 INFO             PET0 PIOc_sync Exit - MemInfo: [malloc] Total space in use, mmap + non-mmap:        91764752 Byte
20220313 013430.484 INFO             PET0 PIOc_sync Exit - MemInfo: [malloc] Total space held (mmap + non-mmap):         92016640 Byte
20220313 013430.484 INFO             PET0 PIOc_sync Exit - MemInfo: [malloc] Total space used (mmap + non-mmap):         91774112 Byte
20220313 013430.484 INFO             PET0 PIOc_sync Exit - MemInfo: Wall-clock time since execution start:              0.0243239 seconds
20220313 013430.484 INFO             PET0 PIOc_freedecomp Enter - MemInfo: [/proc/meminfo - SSI]	MemTotal:       131394444 kB
20220313 013430.484 INFO             PET0 PIOc_freedecomp Enter - MemInfo: [/proc/meminfo - SSI]	MemFree:        119121944 kB
20220313 013430.484 INFO             PET0 PIOc_freedecomp Enter - MemInfo: [/proc/meminfo - SSI]	MemAvailable:   118724680 kB
20220313 013430.484 INFO             PET0 PIOc_freedecomp Enter - MemInfo: [/proc/meminfo - SSI]	Committed_AS:    3868684 kB
20220313 013430.484 INFO             PET0 PIOc_freedecomp Enter - MemInfo: [/proc/meminfo - SSI]	CommittedPercent: 2.94433 %
20220313 013430.484 INFO             PET0 PIOc_freedecomp Enter - MemInfo: [/proc/self/status]	VmPeak:	 3797544 kB
20220313 013430.484 INFO             PET0 PIOc_freedecomp Enter - MemInfo: [/proc/self/status]	VmSize:	 3797544 kB
20220313 013430.484 INFO             PET0 PIOc_freedecomp Enter - MemInfo: [/proc/self/status]	VmLck:	       0 kB
20220313 013430.484 INFO             PET0 PIOc_freedecomp Enter - MemInfo: [/proc/self/status]	VmPin:	   82140 kB
20220313 013430.484 INFO             PET0 PIOc_freedecomp Enter - MemInfo: [/proc/self/status]	VmHWM:	  151252 kB
20220313 013430.484 INFO             PET0 PIOc_freedecomp Enter - MemInfo: [/proc/self/status]	VmRSS:	  150408 kB
20220313 013430.484 INFO             PET0 PIOc_freedecomp Enter - MemInfo: [/proc/self/status]	VmData:	  269340 kB
20220313 013430.484 INFO             PET0 PIOc_freedecomp Enter - MemInfo: [/proc/self/status]	VmStk:	     512 kB
20220313 013430.484 INFO             PET0 PIOc_freedecomp Enter - MemInfo: [/proc/self/status]	VmExe:	     316 kB
20220313 013430.484 INFO             PET0 PIOc_freedecomp Enter - MemInfo: [/proc/self/status]	VmLib:	  104128 kB
20220313 013430.484 INFO             PET0 PIOc_freedecomp Enter - MemInfo: [/proc/self/status]	VmPTE:	     728 kB
20220313 013430.484 INFO             PET0 PIOc_freedecomp Enter - MemInfo: [/proc/self/status]	VmPMD:	      32 kB
20220313 013430.484 INFO             PET0 PIOc_freedecomp Enter - MemInfo: [/proc/self/status]	VmSwap:	       0 kB
20220313 013430.484 INFO             PET0 PIOc_freedecomp Enter - MemInfo: [/proc/self/status]	VmRSSPercent: 0.114471 %
20220313 013430.484 INFO             PET0 PIOc_freedecomp Enter - MemInfo: [malloc] Non-mmapped space allocated:                 6017024 Byte
20220313 013430.484 INFO             PET0 PIOc_freedecomp Enter - MemInfo: [malloc] Space allocated in mmapped regions:         85999616 Byte
20220313 013430.484 INFO             PET0 PIOc_freedecomp Enter - MemInfo: [malloc] Maximum total allocated space:                     0 Byte
20220313 013430.484 INFO             PET0 PIOc_freedecomp Enter - MemInfo: [malloc] Space in freed fastbin blocks:                   624 Byte
20220313 013430.484 INFO             PET0 PIOc_freedecomp Enter - MemInfo: [malloc] Total allocated space:                       3130144 Byte
20220313 013430.484 INFO             PET0 PIOc_freedecomp Enter - MemInfo: [malloc] Total free space:                            2886880 Byte
20220313 013430.484 INFO             PET0 PIOc_freedecomp Enter - MemInfo: [malloc] Top-most, releasable space:                   117552 Byte
20220313 013430.484 INFO             PET0 PIOc_freedecomp Enter - MemInfo: [malloc] Total space in use, mmap + non-mmap:        89129760 Byte
20220313 013430.484 INFO             PET0 PIOc_freedecomp Enter - MemInfo: [malloc] Total space held (mmap + non-mmap):         92016640 Byte
20220313 013430.484 INFO             PET0 PIOc_freedecomp Enter - MemInfo: [malloc] Total space used (mmap + non-mmap):         89139136 Byte
20220313 013430.484 INFO             PET0 PIOc_freedecomp Enter - MemInfo: Wall-clock time since execution start:              0.0246875 seconds
20220313 013430.484 INFO             PET0 PIOc_freedecomp Exit - MemInfo: [/proc/meminfo - SSI]	MemTotal:       131394444 kB
20220313 013430.484 INFO             PET0 PIOc_freedecomp Exit - MemInfo: [/proc/meminfo - SSI]	MemFree:        119121944 kB
20220313 013430.484 INFO             PET0 PIOc_freedecomp Exit - MemInfo: [/proc/meminfo - SSI]	MemAvailable:   118724680 kB
20220313 013430.484 INFO             PET0 PIOc_freedecomp Exit - MemInfo: [/proc/meminfo - SSI]	Committed_AS:    3868684 kB
20220313 013430.484 INFO             PET0 PIOc_freedecomp Exit - MemInfo: [/proc/meminfo - SSI]	CommittedPercent: 2.94433 %
20220313 013430.484 INFO             PET0 PIOc_freedecomp Exit - MemInfo: [/proc/self/status]	VmPeak:	 3797544 kB
20220313 013430.484 INFO             PET0 PIOc_freedecomp Exit - MemInfo: [/proc/self/status]	VmSize:	 3797544 kB
20220313 013430.484 INFO             PET0 PIOc_freedecomp Exit - MemInfo: [/proc/self/status]	VmLck:	       0 kB
20220313 013430.484 INFO             PET0 PIOc_freedecomp Exit - MemInfo: [/proc/self/status]	VmPin:	   82140 kB
20220313 013430.484 INFO             PET0 PIOc_freedecomp Exit - MemInfo: [/proc/self/status]	VmHWM:	  151252 kB
20220313 013430.484 INFO             PET0 PIOc_freedecomp Exit - MemInfo: [/proc/self/status]	VmRSS:	  150408 kB
20220313 013430.484 INFO             PET0 PIOc_freedecomp Exit - MemInfo: [/proc/self/status]	VmData:	  269340 kB
20220313 013430.484 INFO             PET0 PIOc_freedecomp Exit - MemInfo: [/proc/self/status]	VmStk:	     512 kB
20220313 013430.484 INFO             PET0 PIOc_freedecomp Exit - MemInfo: [/proc/self/status]	VmExe:	     316 kB
20220313 013430.484 INFO             PET0 PIOc_freedecomp Exit - MemInfo: [/proc/self/status]	VmLib:	  104128 kB
20220313 013430.484 INFO             PET0 PIOc_freedecomp Exit - MemInfo: [/proc/self/status]	VmPTE:	     728 kB
20220313 013430.484 INFO             PET0 PIOc_freedecomp Exit - MemInfo: [/proc/self/status]	VmPMD:	      32 kB
20220313 013430.484 INFO             PET0 PIOc_freedecomp Exit - MemInfo: [/proc/self/status]	VmSwap:	       0 kB
20220313 013430.484 INFO             PET0 PIOc_freedecomp Exit - MemInfo: [/proc/self/status]	VmRSSPercent: 0.114471 %
20220313 013430.484 INFO             PET0 PIOc_freedecomp Exit - MemInfo: [malloc] Non-mmapped space allocated:                 6017024 Byte
20220313 013430.484 INFO             PET0 PIOc_freedecomp Exit - MemInfo: [malloc] Space allocated in mmapped regions:         85999616 Byte
20220313 013430.484 INFO             PET0 PIOc_freedecomp Exit - MemInfo: [malloc] Maximum total allocated space:                     0 Byte
20220313 013430.484 INFO             PET0 PIOc_freedecomp Exit - MemInfo: [malloc] Space in freed fastbin blocks:                   352 Byte
20220313 013430.484 INFO             PET0 PIOc_freedecomp Exit - MemInfo: [malloc] Total allocated space:                       3125808 Byte
20220313 013430.484 INFO             PET0 PIOc_freedecomp Exit - MemInfo: [malloc] Total free space:                            2891216 Byte
20220313 013430.484 INFO             PET0 PIOc_freedecomp Exit - MemInfo: [malloc] Top-most, releasable space:                  2753424 Byte
20220313 013430.484 INFO             PET0 PIOc_freedecomp Exit - MemInfo: [malloc] Total space in use, mmap + non-mmap:        89125424 Byte
20220313 013430.484 INFO             PET0 PIOc_freedecomp Exit - MemInfo: [malloc] Total space held (mmap + non-mmap):         92016640 Byte
20220313 013430.484 INFO             PET0 PIOc_freedecomp Exit - MemInfo: [malloc] Total space used (mmap + non-mmap):         89134784 Byte
20220313 013430.485 INFO             PET0 PIOc_freedecomp Exit - MemInfo: Wall-clock time since execution start:              0.0250268 seconds
20220313 013430.485 INFO             PET0 PIOc_sync Enter - MemInfo: [/proc/meminfo - SSI]	MemTotal:       131394444 kB
20220313 013430.485 INFO             PET0 PIOc_sync Enter - MemInfo: [/proc/meminfo - SSI]	MemFree:        119121448 kB
20220313 013430.485 INFO             PET0 PIOc_sync Enter - MemInfo: [/proc/meminfo - SSI]	MemAvailable:   118724184 kB
20220313 013430.485 INFO             PET0 PIOc_sync Enter - MemInfo: [/proc/meminfo - SSI]	Committed_AS:    3868684 kB
20220313 013430.485 INFO             PET0 PIOc_sync Enter - MemInfo: [/proc/meminfo - SSI]	CommittedPercent: 2.94433 %
20220313 013430.486 INFO             PET0 PIOc_sync Enter - MemInfo: [/proc/self/status]	VmPeak:	 3798564 kB
20220313 013430.486 INFO             PET0 PIOc_sync Enter - MemInfo: [/proc/self/status]	VmSize:	 3797544 kB
20220313 013430.486 INFO             PET0 PIOc_sync Enter - MemInfo: [/proc/self/status]	VmLck:	       0 kB
20220313 013430.486 INFO             PET0 PIOc_sync Enter - MemInfo: [/proc/self/status]	VmPin:	   82140 kB
20220313 013430.486 INFO             PET0 PIOc_sync Enter - MemInfo: [/proc/self/status]	VmHWM:	  151252 kB
20220313 013430.486 INFO             PET0 PIOc_sync Enter - MemInfo: [/proc/self/status]	VmRSS:	  150832 kB
20220313 013430.486 INFO             PET0 PIOc_sync Enter - MemInfo: [/proc/self/status]	VmData:	  269340 kB
20220313 013430.486 INFO             PET0 PIOc_sync Enter - MemInfo: [/proc/self/status]	VmStk:	     512 kB
20220313 013430.486 INFO             PET0 PIOc_sync Enter - MemInfo: [/proc/self/status]	VmExe:	     316 kB
20220313 013430.486 INFO             PET0 PIOc_sync Enter - MemInfo: [/proc/self/status]	VmLib:	  104128 kB
20220313 013430.486 INFO             PET0 PIOc_sync Enter - MemInfo: [/proc/self/status]	VmPTE:	     728 kB
20220313 013430.486 INFO             PET0 PIOc_sync Enter - MemInfo: [/proc/self/status]	VmPMD:	      32 kB
20220313 013430.486 INFO             PET0 PIOc_sync Enter - MemInfo: [/proc/self/status]	VmSwap:	       0 kB
20220313 013430.486 INFO             PET0 PIOc_sync Enter - MemInfo: [/proc/self/status]	VmRSSPercent: 0.114793 %
20220313 013430.486 INFO             PET0 PIOc_sync Enter - MemInfo: [malloc] Non-mmapped space allocated:                 6017024 Byte
20220313 013430.486 INFO             PET0 PIOc_sync Enter - MemInfo: [malloc] Space allocated in mmapped regions:         85999616 Byte
20220313 013430.486 INFO             PET0 PIOc_sync Enter - MemInfo: [malloc] Maximum total allocated space:                     0 Byte
20220313 013430.486 INFO             PET0 PIOc_sync Enter - MemInfo: [malloc] Space in freed fastbin blocks:                   784 Byte
20220313 013430.486 INFO             PET0 PIOc_sync Enter - MemInfo: [malloc] Total allocated space:                       5766576 Byte
20220313 013430.486 INFO             PET0 PIOc_sync Enter - MemInfo: [malloc] Total free space:                             250448 Byte
20220313 013430.486 INFO             PET0 PIOc_sync Enter - MemInfo: [malloc] Top-most, releasable space:                   117104 Byte
20220313 013430.486 INFO             PET0 PIOc_sync Enter - MemInfo: [malloc] Total space in use, mmap + non-mmap:        91766192 Byte
20220313 013430.486 INFO             PET0 PIOc_sync Enter - MemInfo: [malloc] Total space held (mmap + non-mmap):         92016640 Byte
20220313 013430.486 INFO             PET0 PIOc_sync Enter - MemInfo: [malloc] Total space used (mmap + non-mmap):         91775552 Byte
20220313 013430.486 INFO             PET0 PIOc_sync Enter - MemInfo: Wall-clock time since execution start:              0.0262634 seconds
20220313 013430.486 INFO             PET0 PIOc_sync Exit - MemInfo: [/proc/meminfo - SSI]	MemTotal:       131394444 kB
20220313 013430.486 INFO             PET0 PIOc_sync Exit - MemInfo: [/proc/meminfo - SSI]	MemFree:        119121448 kB
20220313 013430.486 INFO             PET0 PIOc_sync Exit - MemInfo: [/proc/meminfo - SSI]	MemAvailable:   118724184 kB
20220313 013430.486 INFO             PET0 PIOc_sync Exit - MemInfo: [/proc/meminfo - SSI]	Committed_AS:    3868684 kB
20220313 013430.486 INFO             PET0 PIOc_sync Exit - MemInfo: [/proc/meminfo - SSI]	CommittedPercent: 2.94433 %
20220313 013430.486 INFO             PET0 PIOc_sync Exit - MemInfo: [/proc/self/status]	VmPeak:	 3798564 kB
20220313 013430.486 INFO             PET0 PIOc_sync Exit - MemInfo: [/proc/self/status]	VmSize:	 3797544 kB
20220313 013430.486 INFO             PET0 PIOc_sync Exit - MemInfo: [/proc/self/status]	VmLck:	       0 kB
20220313 013430.486 INFO             PET0 PIOc_sync Exit - MemInfo: [/proc/self/status]	VmPin:	   82140 kB
20220313 013430.486 INFO             PET0 PIOc_sync Exit - MemInfo: [/proc/self/status]	VmHWM:	  151252 kB
20220313 013430.486 INFO             PET0 PIOc_sync Exit - MemInfo: [/proc/self/status]	VmRSS:	  150856 kB
20220313 013430.486 INFO             PET0 PIOc_sync Exit - MemInfo: [/proc/self/status]	VmData:	  269340 kB
20220313 013430.486 INFO             PET0 PIOc_sync Exit - MemInfo: [/proc/self/status]	VmStk:	     512 kB
20220313 013430.486 INFO             PET0 PIOc_sync Exit - MemInfo: [/proc/self/status]	VmExe:	     316 kB
20220313 013430.486 INFO             PET0 PIOc_sync Exit - MemInfo: [/proc/self/status]	VmLib:	  104128 kB
20220313 013430.486 INFO             PET0 PIOc_sync Exit - MemInfo: [/proc/self/status]	VmPTE:	     728 kB
20220313 013430.486 INFO             PET0 PIOc_sync Exit - MemInfo: [/proc/self/status]	VmPMD:	      32 kB
20220313 013430.486 INFO             PET0 PIOc_sync Exit - MemInfo: [/proc/self/status]	VmSwap:	       0 kB
20220313 013430.486 INFO             PET0 PIOc_sync Exit - MemInfo: [/proc/self/status]	VmRSSPercent: 0.114812 %
20220313 013430.486 INFO             PET0 PIOc_sync Exit - MemInfo: [malloc] Non-mmapped space allocated:                 6017024 Byte
20220313 013430.486 INFO             PET0 PIOc_sync Exit - MemInfo: [malloc] Space allocated in mmapped regions:         85999616 Byte
20220313 013430.486 INFO             PET0 PIOc_sync Exit - MemInfo: [malloc] Maximum total allocated space:                     0 Byte
20220313 013430.486 INFO             PET0 PIOc_sync Exit - MemInfo: [malloc] Space in freed fastbin blocks:                   352 Byte
20220313 013430.486 INFO             PET0 PIOc_sync Exit - MemInfo: [malloc] Total allocated space:                       5765600 Byte
20220313 013430.486 INFO             PET0 PIOc_sync Exit - MemInfo: [malloc] Total free space:                             251424 Byte
20220313 013430.486 INFO             PET0 PIOc_sync Exit - MemInfo: [malloc] Top-most, releasable space:                   117104 Byte
20220313 013430.486 INFO             PET0 PIOc_sync Exit - MemInfo: [malloc] Total space in use, mmap + non-mmap:        91765216 Byte
20220313 013430.486 INFO             PET0 PIOc_sync Exit - MemInfo: [malloc] Total space held (mmap + non-mmap):         92016640 Byte
20220313 013430.486 INFO             PET0 PIOc_sync Exit - MemInfo: [malloc] Total space used (mmap + non-mmap):         91774576 Byte
20220313 013430.486 INFO             PET0 PIOc_sync Exit - MemInfo: Wall-clock time since execution start:              0.0267535 seconds
20220313 013430.486 INFO             PET0 PIOc_freedecomp Enter - MemInfo: [/proc/meminfo - SSI]	MemTotal:       131394444 kB
20220313 013430.486 INFO             PET0 PIOc_freedecomp Enter - MemInfo: [/proc/meminfo - SSI]	MemFree:        119121448 kB
20220313 013430.486 INFO             PET0 PIOc_freedecomp Enter - MemInfo: [/proc/meminfo - SSI]	MemAvailable:   118724184 kB
20220313 013430.486 INFO             PET0 PIOc_freedecomp Enter - MemInfo: [/proc/meminfo - SSI]	Committed_AS:    3868684 kB
20220313 013430.486 INFO             PET0 PIOc_freedecomp Enter - MemInfo: [/proc/meminfo - SSI]	CommittedPercent: 2.94433 %
20220313 013430.486 INFO             PET0 PIOc_freedecomp Enter - MemInfo: [/proc/self/status]	VmPeak:	 3798564 kB
20220313 013430.486 INFO             PET0 PIOc_freedecomp Enter - MemInfo: [/proc/self/status]	VmSize:	 3797544 kB
20220313 013430.486 INFO             PET0 PIOc_freedecomp Enter - MemInfo: [/proc/self/status]	VmLck:	       0 kB
20220313 013430.486 INFO             PET0 PIOc_freedecomp Enter - MemInfo: [/proc/self/status]	VmPin:	   82140 kB
20220313 013430.486 INFO             PET0 PIOc_freedecomp Enter - MemInfo: [/proc/self/status]	VmHWM:	  151252 kB
20220313 013430.486 INFO             PET0 PIOc_freedecomp Enter - MemInfo: [/proc/self/status]	VmRSS:	  150856 kB
20220313 013430.486 INFO             PET0 PIOc_freedecomp Enter - MemInfo: [/proc/self/status]	VmData:	  269340 kB
20220313 013430.486 INFO             PET0 PIOc_freedecomp Enter - MemInfo: [/proc/self/status]	VmStk:	     512 kB
20220313 013430.486 INFO             PET0 PIOc_freedecomp Enter - MemInfo: [/proc/self/status]	VmExe:	     316 kB
20220313 013430.486 INFO             PET0 PIOc_freedecomp Enter - MemInfo: [/proc/self/status]	VmLib:	  104128 kB
20220313 013430.486 INFO             PET0 PIOc_freedecomp Enter - MemInfo: [/proc/self/status]	VmPTE:	     728 kB
20220313 013430.486 INFO             PET0 PIOc_freedecomp Enter - MemInfo: [/proc/self/status]	VmPMD:	      32 kB
20220313 013430.486 INFO             PET0 PIOc_freedecomp Enter - MemInfo: [/proc/self/status]	VmSwap:	       0 kB
20220313 013430.486 INFO             PET0 PIOc_freedecomp Enter - MemInfo: [/proc/self/status]	VmRSSPercent: 0.114812 %
20220313 013430.486 INFO             PET0 PIOc_freedecomp Enter - MemInfo: [malloc] Non-mmapped space allocated:                 6017024 Byte
20220313 013430.487 INFO             PET0 PIOc_freedecomp Enter - MemInfo: [malloc] Space allocated in mmapped regions:         85999616 Byte
20220313 013430.487 INFO             PET0 PIOc_freedecomp Enter - MemInfo: [malloc] Maximum total allocated space:                     0 Byte
20220313 013430.487 INFO             PET0 PIOc_freedecomp Enter - MemInfo: [malloc] Space in freed fastbin blocks:                   624 Byte
20220313 013430.487 INFO             PET0 PIOc_freedecomp Enter - MemInfo: [malloc] Total allocated space:                       3130160 Byte
20220313 013430.487 INFO             PET0 PIOc_freedecomp Enter - MemInfo: [malloc] Total free space:                            2886864 Byte
20220313 013430.487 INFO             PET0 PIOc_freedecomp Enter - MemInfo: [malloc] Top-most, releasable space:                   117104 Byte
20220313 013430.487 INFO             PET0 PIOc_freedecomp Enter - MemInfo: [malloc] Total space in use, mmap + non-mmap:        89129776 Byte
20220313 013430.487 INFO             PET0 PIOc_freedecomp Enter - MemInfo: [malloc] Total space held (mmap + non-mmap):         92016640 Byte
20220313 013430.487 INFO             PET0 PIOc_freedecomp Enter - MemInfo: [malloc] Total space used (mmap + non-mmap):         89139152 Byte
20220313 013430.487 INFO             PET0 PIOc_freedecomp Enter - MemInfo: Wall-clock time since execution start:              0.0271081 seconds
20220313 013430.487 INFO             PET0 PIOc_freedecomp Exit - MemInfo: [/proc/meminfo - SSI]	MemTotal:       131394444 kB
20220313 013430.487 INFO             PET0 PIOc_freedecomp Exit - MemInfo: [/proc/meminfo - SSI]	MemFree:        119121448 kB
20220313 013430.487 INFO             PET0 PIOc_freedecomp Exit - MemInfo: [/proc/meminfo - SSI]	MemAvailable:   118724184 kB
20220313 013430.487 INFO             PET0 PIOc_freedecomp Exit - MemInfo: [/proc/meminfo - SSI]	Committed_AS:    3868684 kB
20220313 013430.487 INFO             PET0 PIOc_freedecomp Exit - MemInfo: [/proc/meminfo - SSI]	CommittedPercent: 2.94433 %
20220313 013430.487 INFO             PET0 PIOc_freedecomp Exit - MemInfo: [/proc/self/status]	VmPeak:	 3798564 kB
20220313 013430.487 INFO             PET0 PIOc_freedecomp Exit - MemInfo: [/proc/self/status]	VmSize:	 3797544 kB
20220313 013430.487 INFO             PET0 PIOc_freedecomp Exit - MemInfo: [/proc/self/status]	VmLck:	       0 kB
20220313 013430.487 INFO             PET0 PIOc_freedecomp Exit - MemInfo: [/proc/self/status]	VmPin:	   82140 kB
20220313 013430.487 INFO             PET0 PIOc_freedecomp Exit - MemInfo: [/proc/self/status]	VmHWM:	  151252 kB
20220313 013430.487 INFO             PET0 PIOc_freedecomp Exit - MemInfo: [/proc/self/status]	VmRSS:	  150856 kB
20220313 013430.487 INFO             PET0 PIOc_freedecomp Exit - MemInfo: [/proc/self/status]	VmData:	  269340 kB
20220313 013430.487 INFO             PET0 PIOc_freedecomp Exit - MemInfo: [/proc/self/status]	VmStk:	     512 kB
20220313 013430.487 INFO             PET0 PIOc_freedecomp Exit - MemInfo: [/proc/self/status]	VmExe:	     316 kB
20220313 013430.487 INFO             PET0 PIOc_freedecomp Exit - MemInfo: [/proc/self/status]	VmLib:	  104128 kB
20220313 013430.487 INFO             PET0 PIOc_freedecomp Exit - MemInfo: [/proc/self/status]	VmPTE:	     728 kB
20220313 013430.487 INFO             PET0 PIOc_freedecomp Exit - MemInfo: [/proc/self/status]	VmPMD:	      32 kB
20220313 013430.487 INFO             PET0 PIOc_freedecomp Exit - MemInfo: [/proc/self/status]	VmSwap:	       0 kB
20220313 013430.487 INFO             PET0 PIOc_freedecomp Exit - MemInfo: [/proc/self/status]	VmRSSPercent: 0.114812 %
20220313 013430.487 INFO             PET0 PIOc_freedecomp Exit - MemInfo: [malloc] Non-mmapped space allocated:                 6017024 Byte
20220313 013430.487 INFO             PET0 PIOc_freedecomp Exit - MemInfo: [malloc] Space allocated in mmapped regions:         85999616 Byte
20220313 013430.487 INFO             PET0 PIOc_freedecomp Exit - MemInfo: [malloc] Maximum total allocated space:                     0 Byte
20220313 013430.487 INFO             PET0 PIOc_freedecomp Exit - MemInfo: [malloc] Space in freed fastbin blocks:                   432 Byte
20220313 013430.487 INFO             PET0 PIOc_freedecomp Exit - MemInfo: [malloc] Total allocated space:                       3125824 Byte
20220313 013430.487 INFO             PET0 PIOc_freedecomp Exit - MemInfo: [malloc] Total free space:                            2891200 Byte
20220313 013430.487 INFO             PET0 PIOc_freedecomp Exit - MemInfo: [malloc] Top-most, releasable space:                  2753424 Byte
20220313 013430.487 INFO             PET0 PIOc_freedecomp Exit - MemInfo: [malloc] Total space in use, mmap + non-mmap:        89125440 Byte
20220313 013430.487 INFO             PET0 PIOc_freedecomp Exit - MemInfo: [malloc] Total space held (mmap + non-mmap):         92016640 Byte
20220313 013430.487 INFO             PET0 PIOc_freedecomp Exit - MemInfo: [malloc] Total space used (mmap + non-mmap):         89134800 Byte
20220313 013430.487 INFO             PET0 PIOc_freedecomp Exit - MemInfo: Wall-clock time since execution start:               0.027444 seconds
20220313 013430.487 INFO             PET0 PASS ESMC_FieldRegridStoreFile test, ESMC_FieldSMMFromFileUTest.C, line 199
20220313 013430.490 INFO             PET0 PASS ESMC_FieldSMMStore from File test, ESMC_FieldSMMFromFileUTest.C, line 229
20220313 013430.490 INFO             PET0 PASS ESMC_FieldSMMStore From File validation, ESMC_FieldSMMFromFileUTest.C, line 257
20220313 013430.491 INFO             PET0 PASS ESMC_FieldRegridRelease, ESMC_FieldSMMFromFileUTest.C, line 271
20220313 013430.491 INFO             PET0 Ending Test, file ESMC_FieldSMMFromFileUTest.C, line 289
20220313 013430.491 INFO             PET0 Finalizing ESMF
20220313 013430.467 INFO             PET1 !!!!!!!!!!!!!!!!!!!!!!!!!!!!!!!!!!!!!!!!!!!!!!!!!!!!!!
20220313 013430.467 INFO             PET1 !!! THE ESMF_LOG IS SET TO OUTPUT ALL LOG MESSAGES !!!
20220313 013430.467 INFO             PET1 !!!     THIS MAY CAUSE SLOWDOWN IN PERFORMANCE     !!!
20220313 013430.467 INFO             PET1 !!! FOR PRODUCTION RUNS, USE:                      !!!
20220313 013430.467 INFO             PET1 !!!                   ESMF_LOGKIND_Multi_On_Error  !!!
20220313 013430.467 INFO             PET1 !!!!!!!!!!!!!!!!!!!!!!!!!!!!!!!!!!!!!!!!!!!!!!!!!!!!!!
20220313 013430.467 INFO             PET1 Running with ESMF Version   : v8.3.0b09-96-g559b459836
20220313 013430.467 INFO             PET1 ESMF library build date/time: "Mar 13 2022" "01:12:50"
20220313 013430.467 INFO             PET1 ESMF library build location : /gpfsm/dnb04/projects/p98/mpotts/esmf/intel_2020_intelmpi_O_jedwards_pio_update2
20220313 013430.467 INFO             PET1 ESMF_COMM                   : intelmpi
20220313 013430.468 INFO             PET1 ESMF_MOAB                   : enabled
20220313 013430.468 INFO             PET1 ESMF_LAPACK                 : enabled
20220313 013430.468 INFO             PET1 ESMF_NETCDF                 : enabled
20220313 013430.468 INFO             PET1 ESMF_PNETCDF                : disabled
20220313 013430.468 INFO             PET1 ESMF_PIO                    : enabled
20220313 013430.468 INFO             PET1 ESMF_YAMLCPP                : enabled
20220313 013430.468 INFO             PET1 Beginning Test, file ESMC_FieldSMMFromFileUTest.C, line 41
20220313 013430.468 INFO             PET1 Beginning Test, file ESMC_FieldSMMFromFileUTest.C, line 41NUMBER_OF_PROCESSORS 4
20220313 013430.479 INFO             PET1 PIOc_sync Enter - MemInfo: [/proc/meminfo - SSI]	MemTotal:       131394444 kB
20220313 013430.479 INFO             PET1 PIOc_sync Enter - MemInfo: [/proc/meminfo - SSI]	MemFree:        119121200 kB
20220313 013430.479 INFO             PET1 PIOc_sync Enter - MemInfo: [/proc/meminfo - SSI]	MemAvailable:   118723936 kB
20220313 013430.479 INFO             PET1 PIOc_sync Enter - MemInfo: [/proc/meminfo - SSI]	Committed_AS:    3868684 kB
20220313 013430.479 INFO             PET1 PIOc_sync Enter - MemInfo: [/proc/meminfo - SSI]	CommittedPercent: 2.94433 %
20220313 013430.479 INFO             PET1 PIOc_sync Enter - MemInfo: [/proc/self/status]	VmPeak:	 3796576 kB
20220313 013430.479 INFO             PET1 PIOc_sync Enter - MemInfo: [/proc/self/status]	VmSize:	 3794992 kB
20220313 013430.479 INFO             PET1 PIOc_sync Enter - MemInfo: [/proc/self/status]	VmLck:	       0 kB
20220313 013430.479 INFO             PET1 PIOc_sync Enter - MemInfo: [/proc/self/status]	VmPin:	   82140 kB
20220313 013430.479 INFO             PET1 PIOc_sync Enter - MemInfo: [/proc/self/status]	VmHWM:	  146960 kB
20220313 013430.479 INFO             PET1 PIOc_sync Enter - MemInfo: [/proc/self/status]	VmRSS:	  146960 kB
20220313 013430.479 INFO             PET1 PIOc_sync Enter - MemInfo: [/proc/self/status]	VmData:	  266788 kB
20220313 013430.479 INFO             PET1 PIOc_sync Enter - MemInfo: [/proc/self/status]	VmStk:	     512 kB
20220313 013430.479 INFO             PET1 PIOc_sync Enter - MemInfo: [/proc/self/status]	VmExe:	     316 kB
20220313 013430.479 INFO             PET1 PIOc_sync Enter - MemInfo: [/proc/self/status]	VmLib:	  104128 kB
20220313 013430.479 INFO             PET1 PIOc_sync Enter - MemInfo: [/proc/self/status]	VmPTE:	     696 kB
20220313 013430.479 INFO             PET1 PIOc_sync Enter - MemInfo: [/proc/self/status]	VmPMD:	      28 kB
20220313 013430.480 INFO             PET1 PIOc_sync Enter - MemInfo: [/proc/self/status]	VmSwap:	       0 kB
20220313 013430.480 INFO             PET1 PIOc_sync Enter - MemInfo: [/proc/self/status]	VmRSSPercent: 0.111846 %
20220313 013430.480 INFO             PET1 PIOc_sync Enter - MemInfo: [malloc] Non-mmapped space allocated:                 3403776 Byte
20220313 013430.480 INFO             PET1 PIOc_sync Enter - MemInfo: [malloc] Space allocated in mmapped regions:         85999616 Byte
20220313 013430.480 INFO             PET1 PIOc_sync Enter - MemInfo: [malloc] Maximum total allocated space:                     0 Byte
20220313 013430.480 INFO             PET1 PIOc_sync Enter - MemInfo: [malloc] Space in freed fastbin blocks:                  2416 Byte
20220313 013430.480 INFO             PET1 PIOc_sync Enter - MemInfo: [malloc] Total allocated space:                       2776720 Byte
20220313 013430.480 INFO             PET1 PIOc_sync Enter - MemInfo: [malloc] Total free space:                             627056 Byte
20220313 013430.480 INFO             PET1 PIOc_sync Enter - MemInfo: [malloc] Top-most, releasable space:                   451200 Byte
20220313 013430.480 INFO             PET1 PIOc_sync Enter - MemInfo: [malloc] Total space in use, mmap + non-mmap:        88776336 Byte
20220313 013430.480 INFO             PET1 PIOc_sync Enter - MemInfo: [malloc] Total space held (mmap + non-mmap):         89403392 Byte
20220313 013430.480 INFO             PET1 PIOc_sync Enter - MemInfo: [malloc] Total space used (mmap + non-mmap):         88785696 Byte
20220313 013430.480 INFO             PET1 PIOc_sync Enter - MemInfo: Wall-clock time since execution start:              0.0208378 seconds
20220313 013430.480 INFO             PET1 PIOc_sync Exit - MemInfo: [/proc/meminfo - SSI]	MemTotal:       131394444 kB
20220313 013430.480 INFO             PET1 PIOc_sync Exit - MemInfo: [/proc/meminfo - SSI]	MemFree:        119121200 kB
20220313 013430.480 INFO             PET1 PIOc_sync Exit - MemInfo: [/proc/meminfo - SSI]	MemAvailable:   118723936 kB
20220313 013430.480 INFO             PET1 PIOc_sync Exit - MemInfo: [/proc/meminfo - SSI]	Committed_AS:    3868684 kB
20220313 013430.481 INFO             PET1 PIOc_sync Exit - MemInfo: [/proc/meminfo - SSI]	CommittedPercent: 2.94433 %
20220313 013430.481 INFO             PET1 PIOc_sync Exit - MemInfo: [/proc/self/status]	VmPeak:	 3796576 kB
20220313 013430.481 INFO             PET1 PIOc_sync Exit - MemInfo: [/proc/self/status]	VmSize:	 3794992 kB
20220313 013430.481 INFO             PET1 PIOc_sync Exit - MemInfo: [/proc/self/status]	VmLck:	       0 kB
20220313 013430.481 INFO             PET1 PIOc_sync Exit - MemInfo: [/proc/self/status]	VmPin:	   82140 kB
20220313 013430.481 INFO             PET1 PIOc_sync Exit - MemInfo: [/proc/self/status]	VmHWM:	  147012 kB
20220313 013430.481 INFO             PET1 PIOc_sync Exit - MemInfo: [/proc/self/status]	VmRSS:	  147012 kB
20220313 013430.481 INFO             PET1 PIOc_sync Exit - MemInfo: [/proc/self/status]	VmData:	  266788 kB
20220313 013430.481 INFO             PET1 PIOc_sync Exit - MemInfo: [/proc/self/status]	VmStk:	     512 kB
20220313 013430.481 INFO             PET1 PIOc_sync Exit - MemInfo: [/proc/self/status]	VmExe:	     316 kB
20220313 013430.481 INFO             PET1 PIOc_sync Exit - MemInfo: [/proc/self/status]	VmLib:	  104128 kB
20220313 013430.481 INFO             PET1 PIOc_sync Exit - MemInfo: [/proc/self/status]	VmPTE:	     696 kB
20220313 013430.481 INFO             PET1 PIOc_sync Exit - MemInfo: [/proc/self/status]	VmPMD:	      28 kB
20220313 013430.481 INFO             PET1 PIOc_sync Exit - MemInfo: [/proc/self/status]	VmSwap:	       0 kB
20220313 013430.481 INFO             PET1 PIOc_sync Exit - MemInfo: [/proc/self/status]	VmRSSPercent: 0.111886 %
20220313 013430.481 INFO             PET1 PIOc_sync Exit - MemInfo: [malloc] Non-mmapped space allocated:                 3403776 Byte
20220313 013430.481 INFO             PET1 PIOc_sync Exit - MemInfo: [malloc] Space allocated in mmapped regions:         85999616 Byte
20220313 013430.481 INFO             PET1 PIOc_sync Exit - MemInfo: [malloc] Maximum total allocated space:                     0 Byte
20220313 013430.481 INFO             PET1 PIOc_sync Exit - MemInfo: [malloc] Space in freed fastbin blocks:                   608 Byte
20220313 013430.481 INFO             PET1 PIOc_sync Exit - MemInfo: [malloc] Total allocated space:                       2775456 Byte
20220313 013430.481 INFO             PET1 PIOc_sync Exit - MemInfo: [malloc] Total free space:                             628320 Byte
20220313 013430.481 INFO             PET1 PIOc_sync Exit - MemInfo: [malloc] Top-most, releasable space:                   451200 Byte
20220313 013430.481 INFO             PET1 PIOc_sync Exit - MemInfo: [malloc] Total space in use, mmap + non-mmap:        88775072 Byte
20220313 013430.481 INFO             PET1 PIOc_sync Exit - MemInfo: [malloc] Total space held (mmap + non-mmap):         89403392 Byte
20220313 013430.481 INFO             PET1 PIOc_sync Exit - MemInfo: [malloc] Total space used (mmap + non-mmap):         88784432 Byte
20220313 013430.481 INFO             PET1 PIOc_sync Exit - MemInfo: Wall-clock time since execution start:              0.0219491 seconds
20220313 013430.481 INFO             PET1 PIOc_freedecomp Enter - MemInfo: [/proc/meminfo - SSI]	MemTotal:       131394444 kB
20220313 013430.481 INFO             PET1 PIOc_freedecomp Enter - MemInfo: [/proc/meminfo - SSI]	MemFree:        119122412 kB
20220313 013430.481 INFO             PET1 PIOc_freedecomp Enter - MemInfo: [/proc/meminfo - SSI]	MemAvailable:   118725148 kB
20220313 013430.481 INFO             PET1 PIOc_freedecomp Enter - MemInfo: [/proc/meminfo - SSI]	Committed_AS:    3868684 kB
20220313 013430.481 INFO             PET1 PIOc_freedecomp Enter - MemInfo: [/proc/meminfo - SSI]	CommittedPercent: 2.94433 %
20220313 013430.481 INFO             PET1 PIOc_freedecomp Enter - MemInfo: [/proc/self/status]	VmPeak:	 3796576 kB
20220313 013430.481 INFO             PET1 PIOc_freedecomp Enter - MemInfo: [/proc/self/status]	VmSize:	 3794992 kB
20220313 013430.481 INFO             PET1 PIOc_freedecomp Enter - MemInfo: [/proc/self/status]	VmLck:	       0 kB
20220313 013430.481 INFO             PET1 PIOc_freedecomp Enter - MemInfo: [/proc/self/status]	VmPin:	   82140 kB
20220313 013430.481 INFO             PET1 PIOc_freedecomp Enter - MemInfo: [/proc/self/status]	VmHWM:	  147016 kB
20220313 013430.481 INFO             PET1 PIOc_freedecomp Enter - MemInfo: [/proc/self/status]	VmRSS:	  147016 kB
20220313 013430.481 INFO             PET1 PIOc_freedecomp Enter - MemInfo: [/proc/self/status]	VmData:	  266788 kB
20220313 013430.481 INFO             PET1 PIOc_freedecomp Enter - MemInfo: [/proc/self/status]	VmStk:	     512 kB
20220313 013430.481 INFO             PET1 PIOc_freedecomp Enter - MemInfo: [/proc/self/status]	VmExe:	     316 kB
20220313 013430.481 INFO             PET1 PIOc_freedecomp Enter - MemInfo: [/proc/self/status]	VmLib:	  104128 kB
20220313 013430.481 INFO             PET1 PIOc_freedecomp Enter - MemInfo: [/proc/self/status]	VmPTE:	     696 kB
20220313 013430.481 INFO             PET1 PIOc_freedecomp Enter - MemInfo: [/proc/self/status]	VmPMD:	      28 kB
20220313 013430.481 INFO             PET1 PIOc_freedecomp Enter - MemInfo: [/proc/self/status]	VmSwap:	       0 kB
20220313 013430.481 INFO             PET1 PIOc_freedecomp Enter - MemInfo: [/proc/self/status]	VmRSSPercent: 0.111889 %
20220313 013430.481 INFO             PET1 PIOc_freedecomp Enter - MemInfo: [malloc] Non-mmapped space allocated:                 3403776 Byte
20220313 013430.481 INFO             PET1 PIOc_freedecomp Enter - MemInfo: [malloc] Space allocated in mmapped regions:         85999616 Byte
20220313 013430.481 INFO             PET1 PIOc_freedecomp Enter - MemInfo: [malloc] Maximum total allocated space:                     0 Byte
20220313 013430.481 INFO             PET1 PIOc_freedecomp Enter - MemInfo: [malloc] Space in freed fastbin blocks:                   720 Byte
20220313 013430.481 INFO             PET1 PIOc_freedecomp Enter - MemInfo: [malloc] Total allocated space:                       2773824 Byte
20220313 013430.481 INFO             PET1 PIOc_freedecomp Enter - MemInfo: [malloc] Total free space:                             629952 Byte
20220313 013430.481 INFO             PET1 PIOc_freedecomp Enter - MemInfo: [malloc] Top-most, releasable space:                   451200 Byte
20220313 013430.481 INFO             PET1 PIOc_freedecomp Enter - MemInfo: [malloc] Total space in use, mmap + non-mmap:        88773440 Byte
20220313 013430.481 INFO             PET1 PIOc_freedecomp Enter - MemInfo: [malloc] Total space held (mmap + non-mmap):         89403392 Byte
20220313 013430.482 INFO             PET1 PIOc_freedecomp Enter - MemInfo: [malloc] Total space used (mmap + non-mmap):         88782800 Byte
20220313 013430.482 INFO             PET1 PIOc_freedecomp Enter - MemInfo: Wall-clock time since execution start:              0.0226825 seconds
20220313 013430.482 INFO             PET1 PIOc_freedecomp Exit - MemInfo: [/proc/meminfo - SSI]	MemTotal:       131394444 kB
20220313 013430.482 INFO             PET1 PIOc_freedecomp Exit - MemInfo: [/proc/meminfo - SSI]	MemFree:        119122412 kB
20220313 013430.482 INFO             PET1 PIOc_freedecomp Exit - MemInfo: [/proc/meminfo - SSI]	MemAvailable:   118725148 kB
20220313 013430.482 INFO             PET1 PIOc_freedecomp Exit - MemInfo: [/proc/meminfo - SSI]	Committed_AS:    3868684 kB
20220313 013430.482 INFO             PET1 PIOc_freedecomp Exit - MemInfo: [/proc/meminfo - SSI]	CommittedPercent: 2.94433 %
20220313 013430.482 INFO             PET1 PIOc_freedecomp Exit - MemInfo: [/proc/self/status]	VmPeak:	 3796576 kB
20220313 013430.482 INFO             PET1 PIOc_freedecomp Exit - MemInfo: [/proc/self/status]	VmSize:	 3794992 kB
20220313 013430.482 INFO             PET1 PIOc_freedecomp Exit - MemInfo: [/proc/self/status]	VmLck:	       0 kB
20220313 013430.482 INFO             PET1 PIOc_freedecomp Exit - MemInfo: [/proc/self/status]	VmPin:	   82140 kB
20220313 013430.482 INFO             PET1 PIOc_freedecomp Exit - MemInfo: [/proc/self/status]	VmHWM:	  147016 kB
20220313 013430.482 INFO             PET1 PIOc_freedecomp Exit - MemInfo: [/proc/self/status]	VmRSS:	  147016 kB
20220313 013430.482 INFO             PET1 PIOc_freedecomp Exit - MemInfo: [/proc/self/status]	VmData:	  266788 kB
20220313 013430.482 INFO             PET1 PIOc_freedecomp Exit - MemInfo: [/proc/self/status]	VmStk:	     512 kB
20220313 013430.482 INFO             PET1 PIOc_freedecomp Exit - MemInfo: [/proc/self/status]	VmExe:	     316 kB
20220313 013430.482 INFO             PET1 PIOc_freedecomp Exit - MemInfo: [/proc/self/status]	VmLib:	  104128 kB
20220313 013430.482 INFO             PET1 PIOc_freedecomp Exit - MemInfo: [/proc/self/status]	VmPTE:	     696 kB
20220313 013430.482 INFO             PET1 PIOc_freedecomp Exit - MemInfo: [/proc/self/status]	VmPMD:	      28 kB
20220313 013430.482 INFO             PET1 PIOc_freedecomp Exit - MemInfo: [/proc/self/status]	VmSwap:	       0 kB
20220313 013430.482 INFO             PET1 PIOc_freedecomp Exit - MemInfo: [/proc/self/status]	VmRSSPercent: 0.111889 %
20220313 013430.482 INFO             PET1 PIOc_freedecomp Exit - MemInfo: [malloc] Non-mmapped space allocated:                 3403776 Byte
20220313 013430.482 INFO             PET1 PIOc_freedecomp Exit - MemInfo: [malloc] Space allocated in mmapped regions:         85999616 Byte
20220313 013430.482 INFO             PET1 PIOc_freedecomp Exit - MemInfo: [malloc] Maximum total allocated space:                     0 Byte
20220313 013430.482 INFO             PET1 PIOc_freedecomp Exit - MemInfo: [malloc] Space in freed fastbin blocks:                   720 Byte
20220313 013430.482 INFO             PET1 PIOc_freedecomp Exit - MemInfo: [malloc] Total allocated space:                       2771584 Byte
20220313 013430.482 INFO             PET1 PIOc_freedecomp Exit - MemInfo: [malloc] Total free space:                             632192 Byte
20220313 013430.482 INFO             PET1 PIOc_freedecomp Exit - MemInfo: [malloc] Top-most, releasable space:                   451200 Byte
20220313 013430.482 INFO             PET1 PIOc_freedecomp Exit - MemInfo: [malloc] Total space in use, mmap + non-mmap:        88771200 Byte
20220313 013430.482 INFO             PET1 PIOc_freedecomp Exit - MemInfo: [malloc] Total space held (mmap + non-mmap):         89403392 Byte
20220313 013430.482 INFO             PET1 PIOc_freedecomp Exit - MemInfo: [malloc] Total space used (mmap + non-mmap):         88780560 Byte
20220313 013430.482 INFO             PET1 PIOc_freedecomp Exit - MemInfo: Wall-clock time since execution start:              0.0230163 seconds
20220313 013430.483 INFO             PET1 PIOc_sync Enter - MemInfo: [/proc/meminfo - SSI]	MemTotal:       131394444 kB
20220313 013430.483 INFO             PET1 PIOc_sync Enter - MemInfo: [/proc/meminfo - SSI]	MemFree:        119121944 kB
20220313 013430.483 INFO             PET1 PIOc_sync Enter - MemInfo: [/proc/meminfo - SSI]	MemAvailable:   118724680 kB
20220313 013430.483 INFO             PET1 PIOc_sync Enter - MemInfo: [/proc/meminfo - SSI]	Committed_AS:    3868684 kB
20220313 013430.483 INFO             PET1 PIOc_sync Enter - MemInfo: [/proc/meminfo - SSI]	CommittedPercent: 2.94433 %
20220313 013430.483 INFO             PET1 PIOc_sync Enter - MemInfo: [/proc/self/status]	VmPeak:	 3796576 kB
20220313 013430.483 INFO             PET1 PIOc_sync Enter - MemInfo: [/proc/self/status]	VmSize:	 3794992 kB
20220313 013430.483 INFO             PET1 PIOc_sync Enter - MemInfo: [/proc/self/status]	VmLck:	       0 kB
20220313 013430.483 INFO             PET1 PIOc_sync Enter - MemInfo: [/proc/self/status]	VmPin:	   82140 kB
20220313 013430.483 INFO             PET1 PIOc_sync Enter - MemInfo: [/proc/self/status]	VmHWM:	  147288 kB
20220313 013430.483 INFO             PET1 PIOc_sync Enter - MemInfo: [/proc/self/status]	VmRSS:	  147288 kB
20220313 013430.483 INFO             PET1 PIOc_sync Enter - MemInfo: [/proc/self/status]	VmData:	  266788 kB
20220313 013430.483 INFO             PET1 PIOc_sync Enter - MemInfo: [/proc/self/status]	VmStk:	     512 kB
20220313 013430.483 INFO             PET1 PIOc_sync Enter - MemInfo: [/proc/self/status]	VmExe:	     316 kB
20220313 013430.483 INFO             PET1 PIOc_sync Enter - MemInfo: [/proc/self/status]	VmLib:	  104128 kB
20220313 013430.483 INFO             PET1 PIOc_sync Enter - MemInfo: [/proc/self/status]	VmPTE:	     696 kB
20220313 013430.483 INFO             PET1 PIOc_sync Enter - MemInfo: [/proc/self/status]	VmPMD:	      28 kB
20220313 013430.483 INFO             PET1 PIOc_sync Enter - MemInfo: [/proc/self/status]	VmSwap:	       0 kB
20220313 013430.483 INFO             PET1 PIOc_sync Enter - MemInfo: [/proc/self/status]	VmRSSPercent: 0.112096 %
20220313 013430.483 INFO             PET1 PIOc_sync Enter - MemInfo: [malloc] Non-mmapped space allocated:                 3403776 Byte
20220313 013430.483 INFO             PET1 PIOc_sync Enter - MemInfo: [malloc] Space allocated in mmapped regions:         85999616 Byte
20220313 013430.483 INFO             PET1 PIOc_sync Enter - MemInfo: [malloc] Maximum total allocated space:                     0 Byte
20220313 013430.483 INFO             PET1 PIOc_sync Enter - MemInfo: [malloc] Space in freed fastbin blocks:                  2448 Byte
20220313 013430.483 INFO             PET1 PIOc_sync Enter - MemInfo: [malloc] Total allocated space:                       2776624 Byte
20220313 013430.483 INFO             PET1 PIOc_sync Enter - MemInfo: [malloc] Total free space:                             627152 Byte
20220313 013430.483 INFO             PET1 PIOc_sync Enter - MemInfo: [malloc] Top-most, releasable space:                   451200 Byte
20220313 013430.483 INFO             PET1 PIOc_sync Enter - MemInfo: [malloc] Total space in use, mmap + non-mmap:        88776240 Byte
20220313 013430.483 INFO             PET1 PIOc_sync Enter - MemInfo: [malloc] Total space held (mmap + non-mmap):         89403392 Byte
20220313 013430.483 INFO             PET1 PIOc_sync Enter - MemInfo: [malloc] Total space used (mmap + non-mmap):         88785600 Byte
20220313 013430.483 INFO             PET1 PIOc_sync Enter - MemInfo: Wall-clock time since execution start:              0.0244444 seconds
20220313 013430.483 INFO             PET1 PIOc_sync Exit - MemInfo: [/proc/meminfo - SSI]	MemTotal:       131394444 kB
20220313 013430.483 INFO             PET1 PIOc_sync Exit - MemInfo: [/proc/meminfo - SSI]	MemFree:        119121944 kB
20220313 013430.483 INFO             PET1 PIOc_sync Exit - MemInfo: [/proc/meminfo - SSI]	MemAvailable:   118724680 kB
20220313 013430.484 INFO             PET1 PIOc_sync Exit - MemInfo: [/proc/meminfo - SSI]	Committed_AS:    3868684 kB
20220313 013430.484 INFO             PET1 PIOc_sync Exit - MemInfo: [/proc/meminfo - SSI]	CommittedPercent: 2.94433 %
20220313 013430.484 INFO             PET1 PIOc_sync Exit - MemInfo: [/proc/self/status]	VmPeak:	 3796576 kB
20220313 013430.484 INFO             PET1 PIOc_sync Exit - MemInfo: [/proc/self/status]	VmSize:	 3794992 kB
20220313 013430.484 INFO             PET1 PIOc_sync Exit - MemInfo: [/proc/self/status]	VmLck:	       0 kB
20220313 013430.484 INFO             PET1 PIOc_sync Exit - MemInfo: [/proc/self/status]	VmPin:	   82140 kB
20220313 013430.484 INFO             PET1 PIOc_sync Exit - MemInfo: [/proc/self/status]	VmHWM:	  147292 kB
20220313 013430.484 INFO             PET1 PIOc_sync Exit - MemInfo: [/proc/self/status]	VmRSS:	  147292 kB
20220313 013430.484 INFO             PET1 PIOc_sync Exit - MemInfo: [/proc/self/status]	VmData:	  266788 kB
20220313 013430.484 INFO             PET1 PIOc_sync Exit - MemInfo: [/proc/self/status]	VmStk:	     512 kB
20220313 013430.484 INFO             PET1 PIOc_sync Exit - MemInfo: [/proc/self/status]	VmExe:	     316 kB
20220313 013430.484 INFO             PET1 PIOc_sync Exit - MemInfo: [/proc/self/status]	VmLib:	  104128 kB
20220313 013430.484 INFO             PET1 PIOc_sync Exit - MemInfo: [/proc/self/status]	VmPTE:	     696 kB
20220313 013430.484 INFO             PET1 PIOc_sync Exit - MemInfo: [/proc/self/status]	VmPMD:	      28 kB
20220313 013430.484 INFO             PET1 PIOc_sync Exit - MemInfo: [/proc/self/status]	VmSwap:	       0 kB
20220313 013430.484 INFO             PET1 PIOc_sync Exit - MemInfo: [/proc/self/status]	VmRSSPercent: 0.112099 %
20220313 013430.484 INFO             PET1 PIOc_sync Exit - MemInfo: [malloc] Non-mmapped space allocated:                 3403776 Byte
20220313 013430.484 INFO             PET1 PIOc_sync Exit - MemInfo: [malloc] Space allocated in mmapped regions:         85999616 Byte
20220313 013430.484 INFO             PET1 PIOc_sync Exit - MemInfo: [malloc] Maximum total allocated space:                     0 Byte
20220313 013430.484 INFO             PET1 PIOc_sync Exit - MemInfo: [malloc] Space in freed fastbin blocks:                   624 Byte
20220313 013430.484 INFO             PET1 PIOc_sync Exit - MemInfo: [malloc] Total allocated space:                       2775616 Byte
20220313 013430.484 INFO             PET1 PIOc_sync Exit - MemInfo: [malloc] Total free space:                             628160 Byte
20220313 013430.484 INFO             PET1 PIOc_sync Exit - MemInfo: [malloc] Top-most, releasable space:                   451200 Byte
20220313 013430.484 INFO             PET1 PIOc_sync Exit - MemInfo: [malloc] Total space in use, mmap + non-mmap:        88775232 Byte
20220313 013430.484 INFO             PET1 PIOc_sync Exit - MemInfo: [malloc] Total space held (mmap + non-mmap):         89403392 Byte
20220313 013430.484 INFO             PET1 PIOc_sync Exit - MemInfo: [malloc] Total space used (mmap + non-mmap):         88784592 Byte
20220313 013430.484 INFO             PET1 PIOc_sync Exit - MemInfo: Wall-clock time since execution start:              0.0249564 seconds
20220313 013430.484 INFO             PET1 PIOc_freedecomp Enter - MemInfo: [/proc/meminfo - SSI]	MemTotal:       131394444 kB
20220313 013430.484 INFO             PET1 PIOc_freedecomp Enter - MemInfo: [/proc/meminfo - SSI]	MemFree:        119121944 kB
20220313 013430.484 INFO             PET1 PIOc_freedecomp Enter - MemInfo: [/proc/meminfo - SSI]	MemAvailable:   118724680 kB
20220313 013430.484 INFO             PET1 PIOc_freedecomp Enter - MemInfo: [/proc/meminfo - SSI]	Committed_AS:    3868684 kB
20220313 013430.484 INFO             PET1 PIOc_freedecomp Enter - MemInfo: [/proc/meminfo - SSI]	CommittedPercent: 2.94433 %
20220313 013430.484 INFO             PET1 PIOc_freedecomp Enter - MemInfo: [/proc/self/status]	VmPeak:	 3796576 kB
20220313 013430.484 INFO             PET1 PIOc_freedecomp Enter - MemInfo: [/proc/self/status]	VmSize:	 3794992 kB
20220313 013430.484 INFO             PET1 PIOc_freedecomp Enter - MemInfo: [/proc/self/status]	VmLck:	       0 kB
20220313 013430.484 INFO             PET1 PIOc_freedecomp Enter - MemInfo: [/proc/self/status]	VmPin:	   82140 kB
20220313 013430.484 INFO             PET1 PIOc_freedecomp Enter - MemInfo: [/proc/self/status]	VmHWM:	  147292 kB
20220313 013430.484 INFO             PET1 PIOc_freedecomp Enter - MemInfo: [/proc/self/status]	VmRSS:	  147292 kB
20220313 013430.484 INFO             PET1 PIOc_freedecomp Enter - MemInfo: [/proc/self/status]	VmData:	  266788 kB
20220313 013430.484 INFO             PET1 PIOc_freedecomp Enter - MemInfo: [/proc/self/status]	VmStk:	     512 kB
20220313 013430.484 INFO             PET1 PIOc_freedecomp Enter - MemInfo: [/proc/self/status]	VmExe:	     316 kB
20220313 013430.484 INFO             PET1 PIOc_freedecomp Enter - MemInfo: [/proc/self/status]	VmLib:	  104128 kB
20220313 013430.484 INFO             PET1 PIOc_freedecomp Enter - MemInfo: [/proc/self/status]	VmPTE:	     696 kB
20220313 013430.484 INFO             PET1 PIOc_freedecomp Enter - MemInfo: [/proc/self/status]	VmPMD:	      28 kB
20220313 013430.484 INFO             PET1 PIOc_freedecomp Enter - MemInfo: [/proc/self/status]	VmSwap:	       0 kB
20220313 013430.484 INFO             PET1 PIOc_freedecomp Enter - MemInfo: [/proc/self/status]	VmRSSPercent: 0.112099 %
20220313 013430.484 INFO             PET1 PIOc_freedecomp Enter - MemInfo: [malloc] Non-mmapped space allocated:                 3403776 Byte
20220313 013430.484 INFO             PET1 PIOc_freedecomp Enter - MemInfo: [malloc] Space allocated in mmapped regions:         85999616 Byte
20220313 013430.484 INFO             PET1 PIOc_freedecomp Enter - MemInfo: [malloc] Maximum total allocated space:                     0 Byte
20220313 013430.484 INFO             PET1 PIOc_freedecomp Enter - MemInfo: [malloc] Space in freed fastbin blocks:                   944 Byte
20220313 013430.484 INFO             PET1 PIOc_freedecomp Enter - MemInfo: [malloc] Total allocated space:                       2773840 Byte
20220313 013430.484 INFO             PET1 PIOc_freedecomp Enter - MemInfo: [malloc] Total free space:                             629936 Byte
20220313 013430.484 INFO             PET1 PIOc_freedecomp Enter - MemInfo: [malloc] Top-most, releasable space:                   451200 Byte
20220313 013430.484 INFO             PET1 PIOc_freedecomp Enter - MemInfo: [malloc] Total space in use, mmap + non-mmap:        88773456 Byte
20220313 013430.484 INFO             PET1 PIOc_freedecomp Enter - MemInfo: [malloc] Total space held (mmap + non-mmap):         89403392 Byte
20220313 013430.484 INFO             PET1 PIOc_freedecomp Enter - MemInfo: [malloc] Total space used (mmap + non-mmap):         88782816 Byte
20220313 013430.484 INFO             PET1 PIOc_freedecomp Enter - MemInfo: Wall-clock time since execution start:               0.025322 seconds
20220313 013430.484 INFO             PET1 PIOc_freedecomp Exit - MemInfo: [/proc/meminfo - SSI]	MemTotal:       131394444 kB
20220313 013430.484 INFO             PET1 PIOc_freedecomp Exit - MemInfo: [/proc/meminfo - SSI]	MemFree:        119121944 kB
20220313 013430.484 INFO             PET1 PIOc_freedecomp Exit - MemInfo: [/proc/meminfo - SSI]	MemAvailable:   118724680 kB
20220313 013430.484 INFO             PET1 PIOc_freedecomp Exit - MemInfo: [/proc/meminfo - SSI]	Committed_AS:    3868684 kB
20220313 013430.484 INFO             PET1 PIOc_freedecomp Exit - MemInfo: [/proc/meminfo - SSI]	CommittedPercent: 2.94433 %
20220313 013430.484 INFO             PET1 PIOc_freedecomp Exit - MemInfo: [/proc/self/status]	VmPeak:	 3796576 kB
20220313 013430.484 INFO             PET1 PIOc_freedecomp Exit - MemInfo: [/proc/self/status]	VmSize:	 3794992 kB
20220313 013430.484 INFO             PET1 PIOc_freedecomp Exit - MemInfo: [/proc/self/status]	VmLck:	       0 kB
20220313 013430.484 INFO             PET1 PIOc_freedecomp Exit - MemInfo: [/proc/self/status]	VmPin:	   82140 kB
20220313 013430.484 INFO             PET1 PIOc_freedecomp Exit - MemInfo: [/proc/self/status]	VmHWM:	  147292 kB
20220313 013430.484 INFO             PET1 PIOc_freedecomp Exit - MemInfo: [/proc/self/status]	VmRSS:	  147292 kB
20220313 013430.484 INFO             PET1 PIOc_freedecomp Exit - MemInfo: [/proc/self/status]	VmData:	  266788 kB
20220313 013430.484 INFO             PET1 PIOc_freedecomp Exit - MemInfo: [/proc/self/status]	VmStk:	     512 kB
20220313 013430.484 INFO             PET1 PIOc_freedecomp Exit - MemInfo: [/proc/self/status]	VmExe:	     316 kB
20220313 013430.484 INFO             PET1 PIOc_freedecomp Exit - MemInfo: [/proc/self/status]	VmLib:	  104128 kB
20220313 013430.484 INFO             PET1 PIOc_freedecomp Exit - MemInfo: [/proc/self/status]	VmPTE:	     696 kB
20220313 013430.484 INFO             PET1 PIOc_freedecomp Exit - MemInfo: [/proc/self/status]	VmPMD:	      28 kB
20220313 013430.484 INFO             PET1 PIOc_freedecomp Exit - MemInfo: [/proc/self/status]	VmSwap:	       0 kB
20220313 013430.484 INFO             PET1 PIOc_freedecomp Exit - MemInfo: [/proc/self/status]	VmRSSPercent: 0.112099 %
20220313 013430.484 INFO             PET1 PIOc_freedecomp Exit - MemInfo: [malloc] Non-mmapped space allocated:                 3403776 Byte
20220313 013430.484 INFO             PET1 PIOc_freedecomp Exit - MemInfo: [malloc] Space allocated in mmapped regions:         85999616 Byte
20220313 013430.484 INFO             PET1 PIOc_freedecomp Exit - MemInfo: [malloc] Maximum total allocated space:                     0 Byte
20220313 013430.484 INFO             PET1 PIOc_freedecomp Exit - MemInfo: [malloc] Space in freed fastbin blocks:                   848 Byte
20220313 013430.484 INFO             PET1 PIOc_freedecomp Exit - MemInfo: [malloc] Total allocated space:                       2771600 Byte
20220313 013430.484 INFO             PET1 PIOc_freedecomp Exit - MemInfo: [malloc] Total free space:                             632176 Byte
20220313 013430.484 INFO             PET1 PIOc_freedecomp Exit - MemInfo: [malloc] Top-most, releasable space:                   451200 Byte
20220313 013430.484 INFO             PET1 PIOc_freedecomp Exit - MemInfo: [malloc] Total space in use, mmap + non-mmap:        88771216 Byte
20220313 013430.484 INFO             PET1 PIOc_freedecomp Exit - MemInfo: [malloc] Total space held (mmap + non-mmap):         89403392 Byte
20220313 013430.484 INFO             PET1 PIOc_freedecomp Exit - MemInfo: [malloc] Total space used (mmap + non-mmap):         88780576 Byte
20220313 013430.484 INFO             PET1 PIOc_freedecomp Exit - MemInfo: Wall-clock time since execution start:               0.025654 seconds
20220313 013430.485 INFO             PET1 PIOc_sync Enter - MemInfo: [/proc/meminfo - SSI]	MemTotal:       131394444 kB
20220313 013430.485 INFO             PET1 PIOc_sync Enter - MemInfo: [/proc/meminfo - SSI]	MemFree:        119121448 kB
20220313 013430.485 INFO             PET1 PIOc_sync Enter - MemInfo: [/proc/meminfo - SSI]	MemAvailable:   118724184 kB
20220313 013430.485 INFO             PET1 PIOc_sync Enter - MemInfo: [/proc/meminfo - SSI]	Committed_AS:    3868684 kB
20220313 013430.485 INFO             PET1 PIOc_sync Enter - MemInfo: [/proc/meminfo - SSI]	CommittedPercent: 2.94433 %
20220313 013430.486 INFO             PET1 PIOc_sync Enter - MemInfo: [/proc/self/status]	VmPeak:	 3796576 kB
20220313 013430.486 INFO             PET1 PIOc_sync Enter - MemInfo: [/proc/self/status]	VmSize:	 3794992 kB
20220313 013430.486 INFO             PET1 PIOc_sync Enter - MemInfo: [/proc/self/status]	VmLck:	       0 kB
20220313 013430.486 INFO             PET1 PIOc_sync Enter - MemInfo: [/proc/self/status]	VmPin:	   82140 kB
20220313 013430.486 INFO             PET1 PIOc_sync Enter - MemInfo: [/proc/self/status]	VmHWM:	  147488 kB
20220313 013430.486 INFO             PET1 PIOc_sync Enter - MemInfo: [/proc/self/status]	VmRSS:	  147488 kB
20220313 013430.486 INFO             PET1 PIOc_sync Enter - MemInfo: [/proc/self/status]	VmData:	  266788 kB
20220313 013430.486 INFO             PET1 PIOc_sync Enter - MemInfo: [/proc/self/status]	VmStk:	     512 kB
20220313 013430.486 INFO             PET1 PIOc_sync Enter - MemInfo: [/proc/self/status]	VmExe:	     316 kB
20220313 013430.486 INFO             PET1 PIOc_sync Enter - MemInfo: [/proc/self/status]	VmLib:	  104128 kB
20220313 013430.486 INFO             PET1 PIOc_sync Enter - MemInfo: [/proc/self/status]	VmPTE:	     696 kB
20220313 013430.486 INFO             PET1 PIOc_sync Enter - MemInfo: [/proc/self/status]	VmPMD:	      28 kB
20220313 013430.486 INFO             PET1 PIOc_sync Enter - MemInfo: [/proc/self/status]	VmSwap:	       0 kB
20220313 013430.486 INFO             PET1 PIOc_sync Enter - MemInfo: [/proc/self/status]	VmRSSPercent: 0.112248 %
20220313 013430.486 INFO             PET1 PIOc_sync Enter - MemInfo: [malloc] Non-mmapped space allocated:                 3403776 Byte
20220313 013430.486 INFO             PET1 PIOc_sync Enter - MemInfo: [malloc] Space allocated in mmapped regions:         85999616 Byte
20220313 013430.486 INFO             PET1 PIOc_sync Enter - MemInfo: [malloc] Maximum total allocated space:                     0 Byte
20220313 013430.486 INFO             PET1 PIOc_sync Enter - MemInfo: [malloc] Space in freed fastbin blocks:                  2432 Byte
20220313 013430.486 INFO             PET1 PIOc_sync Enter - MemInfo: [malloc] Total allocated space:                       2776784 Byte
20220313 013430.486 INFO             PET1 PIOc_sync Enter - MemInfo: [malloc] Total free space:                             626992 Byte
20220313 013430.486 INFO             PET1 PIOc_sync Enter - MemInfo: [malloc] Top-most, releasable space:                   451200 Byte
20220313 013430.486 INFO             PET1 PIOc_sync Enter - MemInfo: [malloc] Total space in use, mmap + non-mmap:        88776400 Byte
20220313 013430.486 INFO             PET1 PIOc_sync Enter - MemInfo: [malloc] Total space held (mmap + non-mmap):         89403392 Byte
20220313 013430.486 INFO             PET1 PIOc_sync Enter - MemInfo: [malloc] Total space used (mmap + non-mmap):         88785760 Byte
20220313 013430.486 INFO             PET1 PIOc_sync Enter - MemInfo: Wall-clock time since execution start:               0.026914 seconds
20220313 013430.486 INFO             PET1 PIOc_sync Exit - MemInfo: [/proc/meminfo - SSI]	MemTotal:       131394444 kB
20220313 013430.486 INFO             PET1 PIOc_sync Exit - MemInfo: [/proc/meminfo - SSI]	MemFree:        119121448 kB
20220313 013430.486 INFO             PET1 PIOc_sync Exit - MemInfo: [/proc/meminfo - SSI]	MemAvailable:   118724184 kB
20220313 013430.486 INFO             PET1 PIOc_sync Exit - MemInfo: [/proc/meminfo - SSI]	Committed_AS:    3868684 kB
20220313 013430.486 INFO             PET1 PIOc_sync Exit - MemInfo: [/proc/meminfo - SSI]	CommittedPercent: 2.94433 %
20220313 013430.486 INFO             PET1 PIOc_sync Exit - MemInfo: [/proc/self/status]	VmPeak:	 3796576 kB
20220313 013430.486 INFO             PET1 PIOc_sync Exit - MemInfo: [/proc/self/status]	VmSize:	 3794992 kB
20220313 013430.486 INFO             PET1 PIOc_sync Exit - MemInfo: [/proc/self/status]	VmLck:	       0 kB
20220313 013430.486 INFO             PET1 PIOc_sync Exit - MemInfo: [/proc/self/status]	VmPin:	   82140 kB
20220313 013430.486 INFO             PET1 PIOc_sync Exit - MemInfo: [/proc/self/status]	VmHWM:	  147488 kB
20220313 013430.486 INFO             PET1 PIOc_sync Exit - MemInfo: [/proc/self/status]	VmRSS:	  147488 kB
20220313 013430.486 INFO             PET1 PIOc_sync Exit - MemInfo: [/proc/self/status]	VmData:	  266788 kB
20220313 013430.486 INFO             PET1 PIOc_sync Exit - MemInfo: [/proc/self/status]	VmStk:	     512 kB
20220313 013430.486 INFO             PET1 PIOc_sync Exit - MemInfo: [/proc/self/status]	VmExe:	     316 kB
20220313 013430.486 INFO             PET1 PIOc_sync Exit - MemInfo: [/proc/self/status]	VmLib:	  104128 kB
20220313 013430.486 INFO             PET1 PIOc_sync Exit - MemInfo: [/proc/self/status]	VmPTE:	     696 kB
20220313 013430.486 INFO             PET1 PIOc_sync Exit - MemInfo: [/proc/self/status]	VmPMD:	      28 kB
20220313 013430.486 INFO             PET1 PIOc_sync Exit - MemInfo: [/proc/self/status]	VmSwap:	       0 kB
20220313 013430.486 INFO             PET1 PIOc_sync Exit - MemInfo: [/proc/self/status]	VmRSSPercent: 0.112248 %
20220313 013430.486 INFO             PET1 PIOc_sync Exit - MemInfo: [malloc] Non-mmapped space allocated:                 3403776 Byte
20220313 013430.486 INFO             PET1 PIOc_sync Exit - MemInfo: [malloc] Space allocated in mmapped regions:         85999616 Byte
20220313 013430.486 INFO             PET1 PIOc_sync Exit - MemInfo: [malloc] Maximum total allocated space:                     0 Byte
20220313 013430.486 INFO             PET1 PIOc_sync Exit - MemInfo: [malloc] Space in freed fastbin blocks:                   608 Byte
20220313 013430.486 INFO             PET1 PIOc_sync Exit - MemInfo: [malloc] Total allocated space:                       2775760 Byte
20220313 013430.486 INFO             PET1 PIOc_sync Exit - MemInfo: [malloc] Total free space:                             628016 Byte
20220313 013430.486 INFO             PET1 PIOc_sync Exit - MemInfo: [malloc] Top-most, releasable space:                   451200 Byte
20220313 013430.486 INFO             PET1 PIOc_sync Exit - MemInfo: [malloc] Total space in use, mmap + non-mmap:        88775376 Byte
20220313 013430.486 INFO             PET1 PIOc_sync Exit - MemInfo: [malloc] Total space held (mmap + non-mmap):         89403392 Byte
20220313 013430.486 INFO             PET1 PIOc_sync Exit - MemInfo: [malloc] Total space used (mmap + non-mmap):         88784736 Byte
20220313 013430.486 INFO             PET1 PIOc_sync Exit - MemInfo: Wall-clock time since execution start:              0.0273937 seconds
20220313 013430.486 INFO             PET1 PIOc_freedecomp Enter - MemInfo: [/proc/meminfo - SSI]	MemTotal:       131394444 kB
20220313 013430.486 INFO             PET1 PIOc_freedecomp Enter - MemInfo: [/proc/meminfo - SSI]	MemFree:        119121448 kB
20220313 013430.486 INFO             PET1 PIOc_freedecomp Enter - MemInfo: [/proc/meminfo - SSI]	MemAvailable:   118724184 kB
20220313 013430.486 INFO             PET1 PIOc_freedecomp Enter - MemInfo: [/proc/meminfo - SSI]	Committed_AS:    3868684 kB
20220313 013430.486 INFO             PET1 PIOc_freedecomp Enter - MemInfo: [/proc/meminfo - SSI]	CommittedPercent: 2.94433 %
20220313 013430.486 INFO             PET1 PIOc_freedecomp Enter - MemInfo: [/proc/self/status]	VmPeak:	 3796576 kB
20220313 013430.486 INFO             PET1 PIOc_freedecomp Enter - MemInfo: [/proc/self/status]	VmSize:	 3794992 kB
20220313 013430.486 INFO             PET1 PIOc_freedecomp Enter - MemInfo: [/proc/self/status]	VmLck:	       0 kB
20220313 013430.486 INFO             PET1 PIOc_freedecomp Enter - MemInfo: [/proc/self/status]	VmPin:	   82140 kB
20220313 013430.486 INFO             PET1 PIOc_freedecomp Enter - MemInfo: [/proc/self/status]	VmHWM:	  147488 kB
20220313 013430.486 INFO             PET1 PIOc_freedecomp Enter - MemInfo: [/proc/self/status]	VmRSS:	  147488 kB
20220313 013430.486 INFO             PET1 PIOc_freedecomp Enter - MemInfo: [/proc/self/status]	VmData:	  266788 kB
20220313 013430.486 INFO             PET1 PIOc_freedecomp Enter - MemInfo: [/proc/self/status]	VmStk:	     512 kB
20220313 013430.486 INFO             PET1 PIOc_freedecomp Enter - MemInfo: [/proc/self/status]	VmExe:	     316 kB
20220313 013430.486 INFO             PET1 PIOc_freedecomp Enter - MemInfo: [/proc/self/status]	VmLib:	  104128 kB
20220313 013430.486 INFO             PET1 PIOc_freedecomp Enter - MemInfo: [/proc/self/status]	VmPTE:	     696 kB
20220313 013430.486 INFO             PET1 PIOc_freedecomp Enter - MemInfo: [/proc/self/status]	VmPMD:	      28 kB
20220313 013430.486 INFO             PET1 PIOc_freedecomp Enter - MemInfo: [/proc/self/status]	VmSwap:	       0 kB
20220313 013430.486 INFO             PET1 PIOc_freedecomp Enter - MemInfo: [/proc/self/status]	VmRSSPercent: 0.112248 %
20220313 013430.486 INFO             PET1 PIOc_freedecomp Enter - MemInfo: [malloc] Non-mmapped space allocated:                 3403776 Byte
20220313 013430.487 INFO             PET1 PIOc_freedecomp Enter - MemInfo: [malloc] Space allocated in mmapped regions:         85999616 Byte
20220313 013430.487 INFO             PET1 PIOc_freedecomp Enter - MemInfo: [malloc] Maximum total allocated space:                     0 Byte
20220313 013430.487 INFO             PET1 PIOc_freedecomp Enter - MemInfo: [malloc] Space in freed fastbin blocks:                   848 Byte
20220313 013430.487 INFO             PET1 PIOc_freedecomp Enter - MemInfo: [malloc] Total allocated space:                       2773840 Byte
20220313 013430.487 INFO             PET1 PIOc_freedecomp Enter - MemInfo: [malloc] Total free space:                             629936 Byte
20220313 013430.487 INFO             PET1 PIOc_freedecomp Enter - MemInfo: [malloc] Top-most, releasable space:                   451200 Byte
20220313 013430.487 INFO             PET1 PIOc_freedecomp Enter - MemInfo: [malloc] Total space in use, mmap + non-mmap:        88773456 Byte
20220313 013430.487 INFO             PET1 PIOc_freedecomp Enter - MemInfo: [malloc] Total space held (mmap + non-mmap):         89403392 Byte
20220313 013430.487 INFO             PET1 PIOc_freedecomp Enter - MemInfo: [malloc] Total space used (mmap + non-mmap):         88782816 Byte
20220313 013430.487 INFO             PET1 PIOc_freedecomp Enter - MemInfo: Wall-clock time since execution start:              0.0277563 seconds
20220313 013430.487 INFO             PET1 PIOc_freedecomp Exit - MemInfo: [/proc/meminfo - SSI]	MemTotal:       131394444 kB
20220313 013430.487 INFO             PET1 PIOc_freedecomp Exit - MemInfo: [/proc/meminfo - SSI]	MemFree:        119121448 kB
20220313 013430.487 INFO             PET1 PIOc_freedecomp Exit - MemInfo: [/proc/meminfo - SSI]	MemAvailable:   118724184 kB
20220313 013430.487 INFO             PET1 PIOc_freedecomp Exit - MemInfo: [/proc/meminfo - SSI]	Committed_AS:    3868684 kB
20220313 013430.487 INFO             PET1 PIOc_freedecomp Exit - MemInfo: [/proc/meminfo - SSI]	CommittedPercent: 2.94433 %
20220313 013430.487 INFO             PET1 PIOc_freedecomp Exit - MemInfo: [/proc/self/status]	VmPeak:	 3796576 kB
20220313 013430.487 INFO             PET1 PIOc_freedecomp Exit - MemInfo: [/proc/self/status]	VmSize:	 3794992 kB
20220313 013430.487 INFO             PET1 PIOc_freedecomp Exit - MemInfo: [/proc/self/status]	VmLck:	       0 kB
20220313 013430.487 INFO             PET1 PIOc_freedecomp Exit - MemInfo: [/proc/self/status]	VmPin:	   82140 kB
20220313 013430.487 INFO             PET1 PIOc_freedecomp Exit - MemInfo: [/proc/self/status]	VmHWM:	  147488 kB
20220313 013430.487 INFO             PET1 PIOc_freedecomp Exit - MemInfo: [/proc/self/status]	VmRSS:	  147488 kB
20220313 013430.487 INFO             PET1 PIOc_freedecomp Exit - MemInfo: [/proc/self/status]	VmData:	  266788 kB
20220313 013430.487 INFO             PET1 PIOc_freedecomp Exit - MemInfo: [/proc/self/status]	VmStk:	     512 kB
20220313 013430.487 INFO             PET1 PIOc_freedecomp Exit - MemInfo: [/proc/self/status]	VmExe:	     316 kB
20220313 013430.487 INFO             PET1 PIOc_freedecomp Exit - MemInfo: [/proc/self/status]	VmLib:	  104128 kB
20220313 013430.487 INFO             PET1 PIOc_freedecomp Exit - MemInfo: [/proc/self/status]	VmPTE:	     696 kB
20220313 013430.487 INFO             PET1 PIOc_freedecomp Exit - MemInfo: [/proc/self/status]	VmPMD:	      28 kB
20220313 013430.487 INFO             PET1 PIOc_freedecomp Exit - MemInfo: [/proc/self/status]	VmSwap:	       0 kB
20220313 013430.487 INFO             PET1 PIOc_freedecomp Exit - MemInfo: [/proc/self/status]	VmRSSPercent: 0.112248 %
20220313 013430.487 INFO             PET1 PIOc_freedecomp Exit - MemInfo: [malloc] Non-mmapped space allocated:                 3403776 Byte
20220313 013430.487 INFO             PET1 PIOc_freedecomp Exit - MemInfo: [malloc] Space allocated in mmapped regions:         85999616 Byte
20220313 013430.487 INFO             PET1 PIOc_freedecomp Exit - MemInfo: [malloc] Maximum total allocated space:                     0 Byte
20220313 013430.487 INFO             PET1 PIOc_freedecomp Exit - MemInfo: [malloc] Space in freed fastbin blocks:                   848 Byte
20220313 013430.487 INFO             PET1 PIOc_freedecomp Exit - MemInfo: [malloc] Total allocated space:                       2771600 Byte
20220313 013430.487 INFO             PET1 PIOc_freedecomp Exit - MemInfo: [malloc] Total free space:                             632176 Byte
20220313 013430.487 INFO             PET1 PIOc_freedecomp Exit - MemInfo: [malloc] Top-most, releasable space:                   451200 Byte
20220313 013430.487 INFO             PET1 PIOc_freedecomp Exit - MemInfo: [malloc] Total space in use, mmap + non-mmap:        88771216 Byte
20220313 013430.487 INFO             PET1 PIOc_freedecomp Exit - MemInfo: [malloc] Total space held (mmap + non-mmap):         89403392 Byte
20220313 013430.487 INFO             PET1 PIOc_freedecomp Exit - MemInfo: [malloc] Total space used (mmap + non-mmap):         88780576 Byte
20220313 013430.487 INFO             PET1 PIOc_freedecomp Exit - MemInfo: Wall-clock time since execution start:              0.0280923 seconds
20220313 013430.487 INFO             PET1 PASS ESMC_FieldRegridStoreFile test, ESMC_FieldSMMFromFileUTest.C, line 199
20220313 013430.490 INFO             PET1 PASS ESMC_FieldSMMStore from File test, ESMC_FieldSMMFromFileUTest.C, line 229
20220313 013430.491 INFO             PET1 PASS ESMC_FieldSMMStore From File validation, ESMC_FieldSMMFromFileUTest.C, line 257
20220313 013430.491 INFO             PET1 PASS ESMC_FieldRegridRelease, ESMC_FieldSMMFromFileUTest.C, line 271
20220313 013430.491 INFO             PET1 Ending Test, file ESMC_FieldSMMFromFileUTest.C, line 289
20220313 013430.491 INFO             PET1 Finalizing ESMF
20220313 013430.467 INFO             PET2 !!!!!!!!!!!!!!!!!!!!!!!!!!!!!!!!!!!!!!!!!!!!!!!!!!!!!!
20220313 013430.468 INFO             PET2 !!! THE ESMF_LOG IS SET TO OUTPUT ALL LOG MESSAGES !!!
20220313 013430.468 INFO             PET2 !!!     THIS MAY CAUSE SLOWDOWN IN PERFORMANCE     !!!
20220313 013430.468 INFO             PET2 !!! FOR PRODUCTION RUNS, USE:                      !!!
20220313 013430.468 INFO             PET2 !!!                   ESMF_LOGKIND_Multi_On_Error  !!!
20220313 013430.468 INFO             PET2 !!!!!!!!!!!!!!!!!!!!!!!!!!!!!!!!!!!!!!!!!!!!!!!!!!!!!!
20220313 013430.468 INFO             PET2 Running with ESMF Version   : v8.3.0b09-96-g559b459836
20220313 013430.468 INFO             PET2 ESMF library build date/time: "Mar 13 2022" "01:12:50"
20220313 013430.468 INFO             PET2 ESMF library build location : /gpfsm/dnb04/projects/p98/mpotts/esmf/intel_2020_intelmpi_O_jedwards_pio_update2
20220313 013430.468 INFO             PET2 ESMF_COMM                   : intelmpi
20220313 013430.468 INFO             PET2 ESMF_MOAB                   : enabled
20220313 013430.468 INFO             PET2 ESMF_LAPACK                 : enabled
20220313 013430.468 INFO             PET2 ESMF_NETCDF                 : enabled
20220313 013430.468 INFO             PET2 ESMF_PNETCDF                : disabled
20220313 013430.468 INFO             PET2 ESMF_PIO                    : enabled
20220313 013430.468 INFO             PET2 ESMF_YAMLCPP                : enabled
20220313 013430.468 INFO             PET2 Beginning Test, file ESMC_FieldSMMFromFileUTest.C, line 41
20220313 013430.468 INFO             PET2 Beginning Test, file ESMC_FieldSMMFromFileUTest.C, line 41NUMBER_OF_PROCESSORS 4
20220313 013430.479 INFO             PET2 PIOc_sync Enter - MemInfo: [/proc/meminfo - SSI]	MemTotal:       131394444 kB
20220313 013430.479 INFO             PET2 PIOc_sync Enter - MemInfo: [/proc/meminfo - SSI]	MemFree:        119121200 kB
20220313 013430.479 INFO             PET2 PIOc_sync Enter - MemInfo: [/proc/meminfo - SSI]	MemAvailable:   118723936 kB
20220313 013430.479 INFO             PET2 PIOc_sync Enter - MemInfo: [/proc/meminfo - SSI]	Committed_AS:    3868684 kB
20220313 013430.479 INFO             PET2 PIOc_sync Enter - MemInfo: [/proc/meminfo - SSI]	CommittedPercent: 2.94433 %
20220313 013430.479 INFO             PET2 PIOc_sync Enter - MemInfo: [/proc/self/status]	VmPeak:	 3796312 kB
20220313 013430.479 INFO             PET2 PIOc_sync Enter - MemInfo: [/proc/self/status]	VmSize:	 3772456 kB
20220313 013430.479 INFO             PET2 PIOc_sync Enter - MemInfo: [/proc/self/status]	VmLck:	       0 kB
20220313 013430.479 INFO             PET2 PIOc_sync Enter - MemInfo: [/proc/self/status]	VmPin:	   82140 kB
20220313 013430.479 INFO             PET2 PIOc_sync Enter - MemInfo: [/proc/self/status]	VmHWM:	  147772 kB
20220313 013430.479 INFO             PET2 PIOc_sync Enter - MemInfo: [/proc/self/status]	VmRSS:	  147772 kB
20220313 013430.480 INFO             PET2 PIOc_sync Enter - MemInfo: [/proc/self/status]	VmData:	  244252 kB
20220313 013430.480 INFO             PET2 PIOc_sync Enter - MemInfo: [/proc/self/status]	VmStk:	     512 kB
20220313 013430.480 INFO             PET2 PIOc_sync Enter - MemInfo: [/proc/self/status]	VmExe:	     316 kB
20220313 013430.480 INFO             PET2 PIOc_sync Enter - MemInfo: [/proc/self/status]	VmLib:	  104128 kB
20220313 013430.480 INFO             PET2 PIOc_sync Enter - MemInfo: [/proc/self/status]	VmPTE:	     708 kB
20220313 013430.480 INFO             PET2 PIOc_sync Enter - MemInfo: [/proc/self/status]	VmPMD:	      32 kB
20220313 013430.480 INFO             PET2 PIOc_sync Enter - MemInfo: [/proc/self/status]	VmSwap:	       0 kB
20220313 013430.480 INFO             PET2 PIOc_sync Enter - MemInfo: [/proc/self/status]	VmRSSPercent: 0.112464 %
20220313 013430.480 INFO             PET2 PIOc_sync Enter - MemInfo: [malloc] Non-mmapped space allocated:                26468352 Byte
20220313 013430.480 INFO             PET2 PIOc_sync Enter - MemInfo: [malloc] Space allocated in mmapped regions:         62926848 Byte
20220313 013430.480 INFO             PET2 PIOc_sync Enter - MemInfo: [malloc] Maximum total allocated space:                     0 Byte
20220313 013430.480 INFO             PET2 PIOc_sync Enter - MemInfo: [malloc] Space in freed fastbin blocks:                  2400 Byte
20220313 013430.480 INFO             PET2 PIOc_sync Enter - MemInfo: [malloc] Total allocated space:                      23748320 Byte
20220313 013430.480 INFO             PET2 PIOc_sync Enter - MemInfo: [malloc] Total free space:                            2720032 Byte
20220313 013430.480 INFO             PET2 PIOc_sync Enter - MemInfo: [malloc] Top-most, releasable space:                   453392 Byte
20220313 013430.480 INFO             PET2 PIOc_sync Enter - MemInfo: [malloc] Total space in use, mmap + non-mmap:        86675168 Byte
20220313 013430.480 INFO             PET2 PIOc_sync Enter - MemInfo: [malloc] Total space held (mmap + non-mmap):         89395200 Byte
20220313 013430.480 INFO             PET2 PIOc_sync Enter - MemInfo: [malloc] Total space used (mmap + non-mmap):         86684528 Byte
20220313 013430.480 INFO             PET2 PIOc_sync Enter - MemInfo: Wall-clock time since execution start:              0.0209974 seconds
20220313 013430.480 INFO             PET2 PIOc_sync Exit - MemInfo: [/proc/meminfo - SSI]	MemTotal:       131394444 kB
20220313 013430.480 INFO             PET2 PIOc_sync Exit - MemInfo: [/proc/meminfo - SSI]	MemFree:        119121200 kB
20220313 013430.481 INFO             PET2 PIOc_sync Exit - MemInfo: [/proc/meminfo - SSI]	MemAvailable:   118723936 kB
20220313 013430.481 INFO             PET2 PIOc_sync Exit - MemInfo: [/proc/meminfo - SSI]	Committed_AS:    3868684 kB
20220313 013430.481 INFO             PET2 PIOc_sync Exit - MemInfo: [/proc/meminfo - SSI]	CommittedPercent: 2.94433 %
20220313 013430.481 INFO             PET2 PIOc_sync Exit - MemInfo: [/proc/self/status]	VmPeak:	 3796312 kB
20220313 013430.481 INFO             PET2 PIOc_sync Exit - MemInfo: [/proc/self/status]	VmSize:	 3772456 kB
20220313 013430.481 INFO             PET2 PIOc_sync Exit - MemInfo: [/proc/self/status]	VmLck:	       0 kB
20220313 013430.481 INFO             PET2 PIOc_sync Exit - MemInfo: [/proc/self/status]	VmPin:	   82140 kB
20220313 013430.481 INFO             PET2 PIOc_sync Exit - MemInfo: [/proc/self/status]	VmHWM:	  147828 kB
20220313 013430.481 INFO             PET2 PIOc_sync Exit - MemInfo: [/proc/self/status]	VmRSS:	  147828 kB
