build time -- 2022-03-14 01:14:31.457989
20220314 013108.329 INFO             PET0 !!!!!!!!!!!!!!!!!!!!!!!!!!!!!!!!!!!!!!!!!!!!!!!!!!!!!!
20220314 013108.329 INFO             PET0 !!! THE ESMF_LOG IS SET TO OUTPUT ALL LOG MESSAGES !!!
20220314 013108.329 INFO             PET0 !!!     THIS MAY CAUSE SLOWDOWN IN PERFORMANCE     !!!
20220314 013108.329 INFO             PET0 !!! FOR PRODUCTION RUNS, USE:                      !!!
20220314 013108.329 INFO             PET0 !!!                   ESMF_LOGKIND_Multi_On_Error  !!!
20220314 013108.329 INFO             PET0 !!!!!!!!!!!!!!!!!!!!!!!!!!!!!!!!!!!!!!!!!!!!!!!!!!!!!!
20220314 013108.329 INFO             PET0 Running with ESMF Version   : v8.3.0b09-96-g559b459836
20220314 013108.329 INFO             PET0 ESMF library build date/time: "Mar 14 2022" "01:12:17"
20220314 013108.329 INFO             PET0 ESMF library build location : /gpfsm/dnb04/projects/p98/mpotts/esmf/intel_2020_intelmpi_O_jedwards_pio_update2
20220314 013108.329 INFO             PET0 ESMF_COMM                   : intelmpi
20220314 013108.329 INFO             PET0 ESMF_MOAB                   : enabled
20220314 013108.329 INFO             PET0 ESMF_LAPACK                 : enabled
20220314 013108.329 INFO             PET0 ESMF_NETCDF                 : enabled
20220314 013108.329 INFO             PET0 ESMF_PNETCDF                : disabled
20220314 013108.329 INFO             PET0 ESMF_PIO                    : enabled
20220314 013108.329 INFO             PET0 ESMF_YAMLCPP                : enabled
20220314 013108.330 INFO             PET0  Beginning Test, file ESMF_IOUTest.F90, line 57
20220314 013108.330 INFO             PET0  NUMBER_OF_PROCESSORS           4
20220314 013108.330 INFO             PET0 Starting Test:  ESMF_OutputWeightFile
20220314 013108.335 INFO             PET0 PIOc_sync Enter - MemInfo: [/proc/meminfo - SSI]	MemTotal:       131394444 kB
20220314 013108.335 INFO             PET0 PIOc_sync Enter - MemInfo: [/proc/meminfo - SSI]	MemFree:        123884276 kB
20220314 013108.335 INFO             PET0 PIOc_sync Enter - MemInfo: [/proc/meminfo - SSI]	MemAvailable:   123506508 kB
20220314 013108.335 INFO             PET0 PIOc_sync Enter - MemInfo: [/proc/meminfo - SSI]	Committed_AS:    3910440 kB
20220314 013108.335 INFO             PET0 PIOc_sync Enter - MemInfo: [/proc/meminfo - SSI]	CommittedPercent: 2.97611 %
20220314 013108.336 INFO             PET0 PIOc_sync Enter - MemInfo: [/proc/self/status]	VmPeak:	 3798100 kB
20220314 013108.336 INFO             PET0 PIOc_sync Enter - MemInfo: [/proc/self/status]	VmSize:	 3786800 kB
20220314 013108.336 INFO             PET0 PIOc_sync Enter - MemInfo: [/proc/self/status]	VmLck:	       0 kB
20220314 013108.336 INFO             PET0 PIOc_sync Enter - MemInfo: [/proc/self/status]	VmPin:	   71900 kB
20220314 013108.336 INFO             PET0 PIOc_sync Enter - MemInfo: [/proc/self/status]	VmHWM:	  139704 kB
20220314 013108.336 INFO             PET0 PIOc_sync Enter - MemInfo: [/proc/self/status]	VmRSS:	  139704 kB
20220314 013108.336 INFO             PET0 PIOc_sync Enter - MemInfo: [/proc/self/status]	VmData:	  256904 kB
20220314 013108.336 INFO             PET0 PIOc_sync Enter - MemInfo: [/proc/self/status]	VmStk:	     512 kB
20220314 013108.336 INFO             PET0 PIOc_sync Enter - MemInfo: [/proc/self/status]	VmExe:	    1940 kB
20220314 013108.336 INFO             PET0 PIOc_sync Enter - MemInfo: [/proc/self/status]	VmLib:	  104128 kB
20220314 013108.336 INFO             PET0 PIOc_sync Enter - MemInfo: [/proc/self/status]	VmPTE:	     692 kB
20220314 013108.336 INFO             PET0 PIOc_sync Enter - MemInfo: [/proc/self/status]	VmPMD:	      32 kB
20220314 013108.336 INFO             PET0 PIOc_sync Enter - MemInfo: [/proc/self/status]	VmSwap:	       0 kB
20220314 013108.336 INFO             PET0 PIOc_sync Enter - MemInfo: [/proc/self/status]	VmRSSPercent: 0.106324 %
20220314 013108.336 INFO             PET0 PIOc_sync Enter - MemInfo: [malloc] Non-mmapped space allocated:                 2904064 Byte
20220314 013108.336 INFO             PET0 PIOc_sync Enter - MemInfo: [malloc] Space allocated in mmapped regions:         76042240 Byte
20220314 013108.336 INFO             PET0 PIOc_sync Enter - MemInfo: [malloc] Maximum total allocated space:                     0 Byte
20220314 013108.336 INFO             PET0 PIOc_sync Enter - MemInfo: [malloc] Space in freed fastbin blocks:                   352 Byte
20220314 013108.336 INFO             PET0 PIOc_sync Enter - MemInfo: [malloc] Total allocated space:                       2717808 Byte
20220314 013108.336 INFO             PET0 PIOc_sync Enter - MemInfo: [malloc] Total free space:                             186256 Byte
20220314 013108.336 INFO             PET0 PIOc_sync Enter - MemInfo: [malloc] Top-most, releasable space:                    53888 Byte
20220314 013108.336 INFO             PET0 PIOc_sync Enter - MemInfo: [malloc] Total space in use, mmap + non-mmap:        78760048 Byte
20220314 013108.336 INFO             PET0 PIOc_sync Enter - MemInfo: [malloc] Total space held (mmap + non-mmap):         78946304 Byte
20220314 013108.336 INFO             PET0 PIOc_sync Enter - MemInfo: [malloc] Total space used (mmap + non-mmap):         78769408 Byte
20220314 013108.336 INFO             PET0 PIOc_sync Enter - MemInfo: Wall-clock time since execution start:              0.0165573 seconds
20220314 013108.337 INFO             PET0 PIOc_sync Exit - MemInfo: [/proc/meminfo - SSI]	MemTotal:       131394444 kB
20220314 013108.337 INFO             PET0 PIOc_sync Exit - MemInfo: [/proc/meminfo - SSI]	MemFree:        123883780 kB
20220314 013108.337 INFO             PET0 PIOc_sync Exit - MemInfo: [/proc/meminfo - SSI]	MemAvailable:   123506012 kB
20220314 013108.337 INFO             PET0 PIOc_sync Exit - MemInfo: [/proc/meminfo - SSI]	Committed_AS:    3910440 kB
20220314 013108.337 INFO             PET0 PIOc_sync Exit - MemInfo: [/proc/meminfo - SSI]	CommittedPercent: 2.97611 %
20220314 013108.337 INFO             PET0 PIOc_sync Exit - MemInfo: [/proc/self/status]	VmPeak:	 3798100 kB
20220314 013108.337 INFO             PET0 PIOc_sync Exit - MemInfo: [/proc/self/status]	VmSize:	 3786800 kB
20220314 013108.337 INFO             PET0 PIOc_sync Exit - MemInfo: [/proc/self/status]	VmLck:	       0 kB
20220314 013108.337 INFO             PET0 PIOc_sync Exit - MemInfo: [/proc/self/status]	VmPin:	   71900 kB
20220314 013108.337 INFO             PET0 PIOc_sync Exit - MemInfo: [/proc/self/status]	VmHWM:	  139956 kB
20220314 013108.337 INFO             PET0 PIOc_sync Exit - MemInfo: [/proc/self/status]	VmRSS:	  139956 kB
20220314 013108.337 INFO             PET0 PIOc_sync Exit - MemInfo: [/proc/self/status]	VmData:	  256904 kB
20220314 013108.337 INFO             PET0 PIOc_sync Exit - MemInfo: [/proc/self/status]	VmStk:	     512 kB
20220314 013108.337 INFO             PET0 PIOc_sync Exit - MemInfo: [/proc/self/status]	VmExe:	    1940 kB
20220314 013108.337 INFO             PET0 PIOc_sync Exit - MemInfo: [/proc/self/status]	VmLib:	  104128 kB
20220314 013108.337 INFO             PET0 PIOc_sync Exit - MemInfo: [/proc/self/status]	VmPTE:	     692 kB
20220314 013108.337 INFO             PET0 PIOc_sync Exit - MemInfo: [/proc/self/status]	VmPMD:	      32 kB
20220314 013108.337 INFO             PET0 PIOc_sync Exit - MemInfo: [/proc/self/status]	VmSwap:	       0 kB
20220314 013108.337 INFO             PET0 PIOc_sync Exit - MemInfo: [/proc/self/status]	VmRSSPercent: 0.106516 %
20220314 013108.337 INFO             PET0 PIOc_sync Exit - MemInfo: [malloc] Non-mmapped space allocated:                 2904064 Byte
20220314 013108.337 INFO             PET0 PIOc_sync Exit - MemInfo: [malloc] Space allocated in mmapped regions:         76042240 Byte
20220314 013108.337 INFO             PET0 PIOc_sync Exit - MemInfo: [malloc] Maximum total allocated space:                     0 Byte
20220314 013108.337 INFO             PET0 PIOc_sync Exit - MemInfo: [malloc] Space in freed fastbin blocks:                   720 Byte
20220314 013108.337 INFO             PET0 PIOc_sync Exit - MemInfo: [malloc] Total allocated space:                       2717008 Byte
20220314 013108.337 INFO             PET0 PIOc_sync Exit - MemInfo: [malloc] Total free space:                             187056 Byte
20220314 013108.337 INFO             PET0 PIOc_sync Exit - MemInfo: [malloc] Top-most, releasable space:                    53552 Byte
20220314 013108.337 INFO             PET0 PIOc_sync Exit - MemInfo: [malloc] Total space in use, mmap + non-mmap:        78759248 Byte
20220314 013108.337 INFO             PET0 PIOc_sync Exit - MemInfo: [malloc] Total space held (mmap + non-mmap):         78946304 Byte
20220314 013108.337 INFO             PET0 PIOc_sync Exit - MemInfo: [malloc] Total space used (mmap + non-mmap):         78768608 Byte
20220314 013108.337 INFO             PET0 PIOc_sync Exit - MemInfo: Wall-clock time since execution start:              0.0180289 seconds
20220314 013108.338 INFO             PET0 PIOc_freedecomp Enter - MemInfo: [/proc/meminfo - SSI]	MemTotal:       131394444 kB
20220314 013108.338 INFO             PET0 PIOc_freedecomp Enter - MemInfo: [/proc/meminfo - SSI]	MemFree:        123884588 kB
20220314 013108.338 INFO             PET0 PIOc_freedecomp Enter - MemInfo: [/proc/meminfo - SSI]	MemAvailable:   123506820 kB
20220314 013108.338 INFO             PET0 PIOc_freedecomp Enter - MemInfo: [/proc/meminfo - SSI]	Committed_AS:    3910440 kB
20220314 013108.338 INFO             PET0 PIOc_freedecomp Enter - MemInfo: [/proc/meminfo - SSI]	CommittedPercent: 2.97611 %
20220314 013108.338 INFO             PET0 PIOc_freedecomp Enter - MemInfo: [/proc/self/status]	VmPeak:	 3798100 kB
20220314 013108.338 INFO             PET0 PIOc_freedecomp Enter - MemInfo: [/proc/self/status]	VmSize:	 3784232 kB
20220314 013108.338 INFO             PET0 PIOc_freedecomp Enter - MemInfo: [/proc/self/status]	VmLck:	       0 kB
20220314 013108.338 INFO             PET0 PIOc_freedecomp Enter - MemInfo: [/proc/self/status]	VmPin:	   71900 kB
20220314 013108.338 INFO             PET0 PIOc_freedecomp Enter - MemInfo: [/proc/self/status]	VmHWM:	  139956 kB
20220314 013108.338 INFO             PET0 PIOc_freedecomp Enter - MemInfo: [/proc/self/status]	VmRSS:	  137904 kB
20220314 013108.338 INFO             PET0 PIOc_freedecomp Enter - MemInfo: [/proc/self/status]	VmData:	  254336 kB
20220314 013108.338 INFO             PET0 PIOc_freedecomp Enter - MemInfo: [/proc/self/status]	VmStk:	     512 kB
20220314 013108.338 INFO             PET0 PIOc_freedecomp Enter - MemInfo: [/proc/self/status]	VmExe:	    1940 kB
20220314 013108.338 INFO             PET0 PIOc_freedecomp Enter - MemInfo: [/proc/self/status]	VmLib:	  104128 kB
20220314 013108.338 INFO             PET0 PIOc_freedecomp Enter - MemInfo: [/proc/self/status]	VmPTE:	     688 kB
20220314 013108.338 INFO             PET0 PIOc_freedecomp Enter - MemInfo: [/proc/self/status]	VmPMD:	      32 kB
20220314 013108.338 INFO             PET0 PIOc_freedecomp Enter - MemInfo: [/proc/self/status]	VmSwap:	       0 kB
20220314 013108.338 INFO             PET0 PIOc_freedecomp Enter - MemInfo: [/proc/self/status]	VmRSSPercent: 0.104954 %
20220314 013108.338 INFO             PET0 PIOc_freedecomp Enter - MemInfo: [malloc] Non-mmapped space allocated:                 2904064 Byte
20220314 013108.338 INFO             PET0 PIOc_freedecomp Enter - MemInfo: [malloc] Space allocated in mmapped regions:         73412608 Byte
20220314 013108.338 INFO             PET0 PIOc_freedecomp Enter - MemInfo: [malloc] Maximum total allocated space:                     0 Byte
20220314 013108.338 INFO             PET0 PIOc_freedecomp Enter - MemInfo: [malloc] Space in freed fastbin blocks:                  1216 Byte
20220314 013108.338 INFO             PET0 PIOc_freedecomp Enter - MemInfo: [malloc] Total allocated space:                       2703904 Byte
20220314 013108.338 INFO             PET0 PIOc_freedecomp Enter - MemInfo: [malloc] Total free space:                             200160 Byte
20220314 013108.338 INFO             PET0 PIOc_freedecomp Enter - MemInfo: [malloc] Top-most, releasable space:                    53920 Byte
20220314 013108.338 INFO             PET0 PIOc_freedecomp Enter - MemInfo: [malloc] Total space in use, mmap + non-mmap:        76116512 Byte
20220314 013108.338 INFO             PET0 PIOc_freedecomp Enter - MemInfo: [malloc] Total space held (mmap + non-mmap):         76316672 Byte
20220314 013108.338 INFO             PET0 PIOc_freedecomp Enter - MemInfo: [malloc] Total space used (mmap + non-mmap):         76125872 Byte
20220314 013108.338 INFO             PET0 PIOc_freedecomp Enter - MemInfo: Wall-clock time since execution start:              0.0189033 seconds
20220314 013108.338 INFO             PET0 PIOc_freedecomp Exit - MemInfo: [/proc/meminfo - SSI]	MemTotal:       131394444 kB
20220314 013108.338 INFO             PET0 PIOc_freedecomp Exit - MemInfo: [/proc/meminfo - SSI]	MemFree:        123884588 kB
20220314 013108.338 INFO             PET0 PIOc_freedecomp Exit - MemInfo: [/proc/meminfo - SSI]	MemAvailable:   123506820 kB
20220314 013108.338 INFO             PET0 PIOc_freedecomp Exit - MemInfo: [/proc/meminfo - SSI]	Committed_AS:    3910440 kB
20220314 013108.338 INFO             PET0 PIOc_freedecomp Exit - MemInfo: [/proc/meminfo - SSI]	CommittedPercent: 2.97611 %
20220314 013108.338 INFO             PET0 PIOc_freedecomp Exit - MemInfo: [/proc/self/status]	VmPeak:	 3798100 kB
20220314 013108.338 INFO             PET0 PIOc_freedecomp Exit - MemInfo: [/proc/self/status]	VmSize:	 3784232 kB
20220314 013108.338 INFO             PET0 PIOc_freedecomp Exit - MemInfo: [/proc/self/status]	VmLck:	       0 kB
20220314 013108.338 INFO             PET0 PIOc_freedecomp Exit - MemInfo: [/proc/self/status]	VmPin:	   71900 kB
20220314 013108.338 INFO             PET0 PIOc_freedecomp Exit - MemInfo: [/proc/self/status]	VmHWM:	  139956 kB
20220314 013108.338 INFO             PET0 PIOc_freedecomp Exit - MemInfo: [/proc/self/status]	VmRSS:	  137904 kB
20220314 013108.338 INFO             PET0 PIOc_freedecomp Exit - MemInfo: [/proc/self/status]	VmData:	  254336 kB
20220314 013108.338 INFO             PET0 PIOc_freedecomp Exit - MemInfo: [/proc/self/status]	VmStk:	     512 kB
20220314 013108.338 INFO             PET0 PIOc_freedecomp Exit - MemInfo: [/proc/self/status]	VmExe:	    1940 kB
20220314 013108.338 INFO             PET0 PIOc_freedecomp Exit - MemInfo: [/proc/self/status]	VmLib:	  104128 kB
20220314 013108.338 INFO             PET0 PIOc_freedecomp Exit - MemInfo: [/proc/self/status]	VmPTE:	     688 kB
20220314 013108.338 INFO             PET0 PIOc_freedecomp Exit - MemInfo: [/proc/self/status]	VmPMD:	      32 kB
20220314 013108.338 INFO             PET0 PIOc_freedecomp Exit - MemInfo: [/proc/self/status]	VmSwap:	       0 kB
20220314 013108.338 INFO             PET0 PIOc_freedecomp Exit - MemInfo: [/proc/self/status]	VmRSSPercent: 0.104954 %
20220314 013108.338 INFO             PET0 PIOc_freedecomp Exit - MemInfo: [malloc] Non-mmapped space allocated:                 2904064 Byte
20220314 013108.338 INFO             PET0 PIOc_freedecomp Exit - MemInfo: [malloc] Space allocated in mmapped regions:         73412608 Byte
20220314 013108.338 INFO             PET0 PIOc_freedecomp Exit - MemInfo: [malloc] Maximum total allocated space:                     0 Byte
20220314 013108.338 INFO             PET0 PIOc_freedecomp Exit - MemInfo: [malloc] Space in freed fastbin blocks:                   944 Byte
20220314 013108.338 INFO             PET0 PIOc_freedecomp Exit - MemInfo: [malloc] Total allocated space:                       2702160 Byte
20220314 013108.338 INFO             PET0 PIOc_freedecomp Exit - MemInfo: [malloc] Total free space:                             201904 Byte
20220314 013108.338 INFO             PET0 PIOc_freedecomp Exit - MemInfo: [malloc] Top-most, releasable space:                    53920 Byte
20220314 013108.338 INFO             PET0 PIOc_freedecomp Exit - MemInfo: [malloc] Total space in use, mmap + non-mmap:        76114768 Byte
20220314 013108.338 INFO             PET0 PIOc_freedecomp Exit - MemInfo: [malloc] Total space held (mmap + non-mmap):         76316672 Byte
20220314 013108.338 INFO             PET0 PIOc_freedecomp Exit - MemInfo: [malloc] Total space used (mmap + non-mmap):         76124128 Byte
20220314 013108.339 INFO             PET0 PIOc_freedecomp Exit - MemInfo: Wall-clock time since execution start:               0.019261 seconds
20220314 013108.340 INFO             PET0 PIOc_sync Enter - MemInfo: [/proc/meminfo - SSI]	MemTotal:       131394444 kB
20220314 013108.340 INFO             PET0 PIOc_sync Enter - MemInfo: [/proc/meminfo - SSI]	MemFree:        123884588 kB
20220314 013108.340 INFO             PET0 PIOc_sync Enter - MemInfo: [/proc/meminfo - SSI]	MemAvailable:   123506820 kB
20220314 013108.340 INFO             PET0 PIOc_sync Enter - MemInfo: [/proc/meminfo - SSI]	Committed_AS:    3910440 kB
20220314 013108.340 INFO             PET0 PIOc_sync Enter - MemInfo: [/proc/meminfo - SSI]	CommittedPercent: 2.97611 %
20220314 013108.340 INFO             PET0 PIOc_sync Enter - MemInfo: [/proc/self/status]	VmPeak:	 3798100 kB
20220314 013108.340 INFO             PET0 PIOc_sync Enter - MemInfo: [/proc/self/status]	VmSize:	 3786856 kB
20220314 013108.340 INFO             PET0 PIOc_sync Enter - MemInfo: [/proc/self/status]	VmLck:	       0 kB
20220314 013108.340 INFO             PET0 PIOc_sync Enter - MemInfo: [/proc/self/status]	VmPin:	   71900 kB
20220314 013108.340 INFO             PET0 PIOc_sync Enter - MemInfo: [/proc/self/status]	VmHWM:	  139956 kB
20220314 013108.340 INFO             PET0 PIOc_sync Enter - MemInfo: [/proc/self/status]	VmRSS:	  139068 kB
20220314 013108.340 INFO             PET0 PIOc_sync Enter - MemInfo: [/proc/self/status]	VmData:	  256960 kB
20220314 013108.340 INFO             PET0 PIOc_sync Enter - MemInfo: [/proc/self/status]	VmStk:	     512 kB
20220314 013108.340 INFO             PET0 PIOc_sync Enter - MemInfo: [/proc/self/status]	VmExe:	    1940 kB
20220314 013108.340 INFO             PET0 PIOc_sync Enter - MemInfo: [/proc/self/status]	VmLib:	  104128 kB
20220314 013108.340 INFO             PET0 PIOc_sync Enter - MemInfo: [/proc/self/status]	VmPTE:	     692 kB
20220314 013108.340 INFO             PET0 PIOc_sync Enter - MemInfo: [/proc/self/status]	VmPMD:	      32 kB
20220314 013108.340 INFO             PET0 PIOc_sync Enter - MemInfo: [/proc/self/status]	VmSwap:	       0 kB
20220314 013108.340 INFO             PET0 PIOc_sync Enter - MemInfo: [/proc/self/status]	VmRSSPercent: 0.10584 %
20220314 013108.340 INFO             PET0 PIOc_sync Enter - MemInfo: [malloc] Non-mmapped space allocated:                 5591040 Byte
20220314 013108.340 INFO             PET0 PIOc_sync Enter - MemInfo: [malloc] Space allocated in mmapped regions:         73412608 Byte
20220314 013108.340 INFO             PET0 PIOc_sync Enter - MemInfo: [malloc] Maximum total allocated space:                     0 Byte
20220314 013108.340 INFO             PET0 PIOc_sync Enter - MemInfo: [malloc] Space in freed fastbin blocks:                   144 Byte
20220314 013108.340 INFO             PET0 PIOc_sync Enter - MemInfo: [malloc] Total allocated space:                       5339616 Byte
20220314 013108.340 INFO             PET0 PIOc_sync Enter - MemInfo: [malloc] Total free space:                             251424 Byte
20220314 013108.340 INFO             PET0 PIOc_sync Enter - MemInfo: [malloc] Top-most, releasable space:                   119136 Byte
20220314 013108.340 INFO             PET0 PIOc_sync Enter - MemInfo: [malloc] Total space in use, mmap + non-mmap:        78752224 Byte
20220314 013108.340 INFO             PET0 PIOc_sync Enter - MemInfo: [malloc] Total space held (mmap + non-mmap):         79003648 Byte
20220314 013108.340 INFO             PET0 PIOc_sync Enter - MemInfo: [malloc] Total space used (mmap + non-mmap):         78761584 Byte
20220314 013108.340 INFO             PET0 PIOc_sync Enter - MemInfo: Wall-clock time since execution start:              0.0207932 seconds
20220314 013108.340 INFO             PET0 PIOc_sync Exit - MemInfo: [/proc/meminfo - SSI]	MemTotal:       131394444 kB
20220314 013108.340 INFO             PET0 PIOc_sync Exit - MemInfo: [/proc/meminfo - SSI]	MemFree:        123884588 kB
20220314 013108.340 INFO             PET0 PIOc_sync Exit - MemInfo: [/proc/meminfo - SSI]	MemAvailable:   123506820 kB
20220314 013108.340 INFO             PET0 PIOc_sync Exit - MemInfo: [/proc/meminfo - SSI]	Committed_AS:    3910440 kB
20220314 013108.340 INFO             PET0 PIOc_sync Exit - MemInfo: [/proc/meminfo - SSI]	CommittedPercent: 2.97611 %
20220314 013108.340 INFO             PET0 PIOc_sync Exit - MemInfo: [/proc/self/status]	VmPeak:	 3798100 kB
20220314 013108.340 INFO             PET0 PIOc_sync Exit - MemInfo: [/proc/self/status]	VmSize:	 3786856 kB
20220314 013108.340 INFO             PET0 PIOc_sync Exit - MemInfo: [/proc/self/status]	VmLck:	       0 kB
20220314 013108.340 INFO             PET0 PIOc_sync Exit - MemInfo: [/proc/self/status]	VmPin:	   71900 kB
20220314 013108.340 INFO             PET0 PIOc_sync Exit - MemInfo: [/proc/self/status]	VmHWM:	  139956 kB
20220314 013108.340 INFO             PET0 PIOc_sync Exit - MemInfo: [/proc/self/status]	VmRSS:	  139088 kB
20220314 013108.340 INFO             PET0 PIOc_sync Exit - MemInfo: [/proc/self/status]	VmData:	  256960 kB
20220314 013108.340 INFO             PET0 PIOc_sync Exit - MemInfo: [/proc/self/status]	VmStk:	     512 kB
20220314 013108.340 INFO             PET0 PIOc_sync Exit - MemInfo: [/proc/self/status]	VmExe:	    1940 kB
20220314 013108.340 INFO             PET0 PIOc_sync Exit - MemInfo: [/proc/self/status]	VmLib:	  104128 kB
20220314 013108.340 INFO             PET0 PIOc_sync Exit - MemInfo: [/proc/self/status]	VmPTE:	     692 kB
20220314 013108.340 INFO             PET0 PIOc_sync Exit - MemInfo: [/proc/self/status]	VmPMD:	      32 kB
20220314 013108.340 INFO             PET0 PIOc_sync Exit - MemInfo: [/proc/self/status]	VmSwap:	       0 kB
20220314 013108.340 INFO             PET0 PIOc_sync Exit - MemInfo: [/proc/self/status]	VmRSSPercent: 0.105855 %
20220314 013108.340 INFO             PET0 PIOc_sync Exit - MemInfo: [malloc] Non-mmapped space allocated:                 5591040 Byte
20220314 013108.340 INFO             PET0 PIOc_sync Exit - MemInfo: [malloc] Space allocated in mmapped regions:         73412608 Byte
20220314 013108.340 INFO             PET0 PIOc_sync Exit - MemInfo: [malloc] Maximum total allocated space:                     0 Byte
20220314 013108.340 INFO             PET0 PIOc_sync Exit - MemInfo: [malloc] Space in freed fastbin blocks:                   144 Byte
20220314 013108.341 INFO             PET0 PIOc_sync Exit - MemInfo: [malloc] Total allocated space:                       5338864 Byte
20220314 013108.341 INFO             PET0 PIOc_sync Exit - MemInfo: [malloc] Total free space:                             252176 Byte
20220314 013108.341 INFO             PET0 PIOc_sync Exit - MemInfo: [malloc] Top-most, releasable space:                   119664 Byte
20220314 013108.341 INFO             PET0 PIOc_sync Exit - MemInfo: [malloc] Total space in use, mmap + non-mmap:        78751472 Byte
20220314 013108.341 INFO             PET0 PIOc_sync Exit - MemInfo: [malloc] Total space held (mmap + non-mmap):         79003648 Byte
20220314 013108.341 INFO             PET0 PIOc_sync Exit - MemInfo: [malloc] Total space used (mmap + non-mmap):         78760832 Byte
20220314 013108.341 INFO             PET0 PIOc_sync Exit - MemInfo: Wall-clock time since execution start:              0.0213278 seconds
20220314 013108.341 INFO             PET0 PIOc_freedecomp Enter - MemInfo: [/proc/meminfo - SSI]	MemTotal:       131394444 kB
20220314 013108.341 INFO             PET0 PIOc_freedecomp Enter - MemInfo: [/proc/meminfo - SSI]	MemFree:        123884588 kB
20220314 013108.341 INFO             PET0 PIOc_freedecomp Enter - MemInfo: [/proc/meminfo - SSI]	MemAvailable:   123506820 kB
20220314 013108.341 INFO             PET0 PIOc_freedecomp Enter - MemInfo: [/proc/meminfo - SSI]	Committed_AS:    3910440 kB
20220314 013108.341 INFO             PET0 PIOc_freedecomp Enter - MemInfo: [/proc/meminfo - SSI]	CommittedPercent: 2.97611 %
20220314 013108.341 INFO             PET0 PIOc_freedecomp Enter - MemInfo: [/proc/self/status]	VmPeak:	 3798100 kB
20220314 013108.341 INFO             PET0 PIOc_freedecomp Enter - MemInfo: [/proc/self/status]	VmSize:	 3786856 kB
20220314 013108.341 INFO             PET0 PIOc_freedecomp Enter - MemInfo: [/proc/self/status]	VmLck:	       0 kB
20220314 013108.341 INFO             PET0 PIOc_freedecomp Enter - MemInfo: [/proc/self/status]	VmPin:	   71900 kB
20220314 013108.341 INFO             PET0 PIOc_freedecomp Enter - MemInfo: [/proc/self/status]	VmHWM:	  139956 kB
20220314 013108.341 INFO             PET0 PIOc_freedecomp Enter - MemInfo: [/proc/self/status]	VmRSS:	  139088 kB
20220314 013108.341 INFO             PET0 PIOc_freedecomp Enter - MemInfo: [/proc/self/status]	VmData:	  256960 kB
20220314 013108.341 INFO             PET0 PIOc_freedecomp Enter - MemInfo: [/proc/self/status]	VmStk:	     512 kB
20220314 013108.341 INFO             PET0 PIOc_freedecomp Enter - MemInfo: [/proc/self/status]	VmExe:	    1940 kB
20220314 013108.341 INFO             PET0 PIOc_freedecomp Enter - MemInfo: [/proc/self/status]	VmLib:	  104128 kB
20220314 013108.341 INFO             PET0 PIOc_freedecomp Enter - MemInfo: [/proc/self/status]	VmPTE:	     692 kB
20220314 013108.341 INFO             PET0 PIOc_freedecomp Enter - MemInfo: [/proc/self/status]	VmPMD:	      32 kB
20220314 013108.341 INFO             PET0 PIOc_freedecomp Enter - MemInfo: [/proc/self/status]	VmSwap:	       0 kB
20220314 013108.341 INFO             PET0 PIOc_freedecomp Enter - MemInfo: [/proc/self/status]	VmRSSPercent: 0.105855 %
20220314 013108.341 INFO             PET0 PIOc_freedecomp Enter - MemInfo: [malloc] Non-mmapped space allocated:                 5591040 Byte
20220314 013108.341 INFO             PET0 PIOc_freedecomp Enter - MemInfo: [malloc] Space allocated in mmapped regions:         73412608 Byte
20220314 013108.341 INFO             PET0 PIOc_freedecomp Enter - MemInfo: [malloc] Maximum total allocated space:                     0 Byte
20220314 013108.341 INFO             PET0 PIOc_freedecomp Enter - MemInfo: [malloc] Space in freed fastbin blocks:                   240 Byte
20220314 013108.341 INFO             PET0 PIOc_freedecomp Enter - MemInfo: [malloc] Total allocated space:                       2703920 Byte
20220314 013108.341 INFO             PET0 PIOc_freedecomp Enter - MemInfo: [malloc] Total free space:                            2887120 Byte
20220314 013108.341 INFO             PET0 PIOc_freedecomp Enter - MemInfo: [malloc] Top-most, releasable space:                   120576 Byte
20220314 013108.341 INFO             PET0 PIOc_freedecomp Enter - MemInfo: [malloc] Total space in use, mmap + non-mmap:        76116528 Byte
20220314 013108.341 INFO             PET0 PIOc_freedecomp Enter - MemInfo: [malloc] Total space held (mmap + non-mmap):         79003648 Byte
20220314 013108.341 INFO             PET0 PIOc_freedecomp Enter - MemInfo: [malloc] Total space used (mmap + non-mmap):         76125888 Byte
20220314 013108.341 INFO             PET0 PIOc_freedecomp Enter - MemInfo: Wall-clock time since execution start:              0.0217108 seconds
20220314 013108.341 INFO             PET0 PIOc_freedecomp Exit - MemInfo: [/proc/meminfo - SSI]	MemTotal:       131394444 kB
20220314 013108.341 INFO             PET0 PIOc_freedecomp Exit - MemInfo: [/proc/meminfo - SSI]	MemFree:        123884588 kB
20220314 013108.341 INFO             PET0 PIOc_freedecomp Exit - MemInfo: [/proc/meminfo - SSI]	MemAvailable:   123506820 kB
20220314 013108.341 INFO             PET0 PIOc_freedecomp Exit - MemInfo: [/proc/meminfo - SSI]	Committed_AS:    3910440 kB
20220314 013108.341 INFO             PET0 PIOc_freedecomp Exit - MemInfo: [/proc/meminfo - SSI]	CommittedPercent: 2.97611 %
20220314 013108.341 INFO             PET0 PIOc_freedecomp Exit - MemInfo: [/proc/self/status]	VmPeak:	 3798100 kB
20220314 013108.341 INFO             PET0 PIOc_freedecomp Exit - MemInfo: [/proc/self/status]	VmSize:	 3786856 kB
20220314 013108.341 INFO             PET0 PIOc_freedecomp Exit - MemInfo: [/proc/self/status]	VmLck:	       0 kB
20220314 013108.341 INFO             PET0 PIOc_freedecomp Exit - MemInfo: [/proc/self/status]	VmPin:	   71900 kB
20220314 013108.341 INFO             PET0 PIOc_freedecomp Exit - MemInfo: [/proc/self/status]	VmHWM:	  139956 kB
20220314 013108.341 INFO             PET0 PIOc_freedecomp Exit - MemInfo: [/proc/self/status]	VmRSS:	  139088 kB
20220314 013108.341 INFO             PET0 PIOc_freedecomp Exit - MemInfo: [/proc/self/status]	VmData:	  256960 kB
20220314 013108.341 INFO             PET0 PIOc_freedecomp Exit - MemInfo: [/proc/self/status]	VmStk:	     512 kB
20220314 013108.341 INFO             PET0 PIOc_freedecomp Exit - MemInfo: [/proc/self/status]	VmExe:	    1940 kB
20220314 013108.341 INFO             PET0 PIOc_freedecomp Exit - MemInfo: [/proc/self/status]	VmLib:	  104128 kB
20220314 013108.341 INFO             PET0 PIOc_freedecomp Exit - MemInfo: [/proc/self/status]	VmPTE:	     692 kB
20220314 013108.341 INFO             PET0 PIOc_freedecomp Exit - MemInfo: [/proc/self/status]	VmPMD:	      32 kB
20220314 013108.341 INFO             PET0 PIOc_freedecomp Exit - MemInfo: [/proc/self/status]	VmSwap:	       0 kB
20220314 013108.341 INFO             PET0 PIOc_freedecomp Exit - MemInfo: [/proc/self/status]	VmRSSPercent: 0.105855 %
20220314 013108.341 INFO             PET0 PIOc_freedecomp Exit - MemInfo: [malloc] Non-mmapped space allocated:                 5591040 Byte
20220314 013108.341 INFO             PET0 PIOc_freedecomp Exit - MemInfo: [malloc] Space allocated in mmapped regions:         73412608 Byte
20220314 013108.341 INFO             PET0 PIOc_freedecomp Exit - MemInfo: [malloc] Maximum total allocated space:                     0 Byte
20220314 013108.341 INFO             PET0 PIOc_freedecomp Exit - MemInfo: [malloc] Space in freed fastbin blocks:                   144 Byte
20220314 013108.341 INFO             PET0 PIOc_freedecomp Exit - MemInfo: [malloc] Total allocated space:                       2702160 Byte
20220314 013108.341 INFO             PET0 PIOc_freedecomp Exit - MemInfo: [malloc] Total free space:                            2888880 Byte
20220314 013108.341 INFO             PET0 PIOc_freedecomp Exit - MemInfo: [malloc] Top-most, releasable space:                  2754832 Byte
20220314 013108.341 INFO             PET0 PIOc_freedecomp Exit - MemInfo: [malloc] Total space in use, mmap + non-mmap:        76114768 Byte
20220314 013108.341 INFO             PET0 PIOc_freedecomp Exit - MemInfo: [malloc] Total space held (mmap + non-mmap):         79003648 Byte
20220314 013108.341 INFO             PET0 PIOc_freedecomp Exit - MemInfo: [malloc] Total space used (mmap + non-mmap):         76124128 Byte
20220314 013108.341 INFO             PET0 PIOc_freedecomp Exit - MemInfo: Wall-clock time since execution start:              0.0220676 seconds
20220314 013108.342 INFO             PET0 PIOc_sync Enter - MemInfo: [/proc/meminfo - SSI]	MemTotal:       131394444 kB
20220314 013108.342 INFO             PET0 PIOc_sync Enter - MemInfo: [/proc/meminfo - SSI]	MemFree:        123884152 kB
20220314 013108.342 INFO             PET0 PIOc_sync Enter - MemInfo: [/proc/meminfo - SSI]	MemAvailable:   123506384 kB
20220314 013108.342 INFO             PET0 PIOc_sync Enter - MemInfo: [/proc/meminfo - SSI]	Committed_AS:    3910440 kB
20220314 013108.342 INFO             PET0 PIOc_sync Enter - MemInfo: [/proc/meminfo - SSI]	CommittedPercent: 2.97611 %
20220314 013108.342 INFO             PET0 PIOc_sync Enter - MemInfo: [/proc/self/status]	VmPeak:	 3798100 kB
20220314 013108.342 INFO             PET0 PIOc_sync Enter - MemInfo: [/proc/self/status]	VmSize:	 3786856 kB
20220314 013108.342 INFO             PET0 PIOc_sync Enter - MemInfo: [/proc/self/status]	VmLck:	       0 kB
20220314 013108.342 INFO             PET0 PIOc_sync Enter - MemInfo: [/proc/self/status]	VmPin:	   71900 kB
20220314 013108.342 INFO             PET0 PIOc_sync Enter - MemInfo: [/proc/self/status]	VmHWM:	  139956 kB
20220314 013108.342 INFO             PET0 PIOc_sync Enter - MemInfo: [/proc/self/status]	VmRSS:	  139572 kB
20220314 013108.342 INFO             PET0 PIOc_sync Enter - MemInfo: [/proc/self/status]	VmData:	  256960 kB
20220314 013108.342 INFO             PET0 PIOc_sync Enter - MemInfo: [/proc/self/status]	VmStk:	     512 kB
20220314 013108.342 INFO             PET0 PIOc_sync Enter - MemInfo: [/proc/self/status]	VmExe:	    1940 kB
20220314 013108.342 INFO             PET0 PIOc_sync Enter - MemInfo: [/proc/self/status]	VmLib:	  104128 kB
20220314 013108.342 INFO             PET0 PIOc_sync Enter - MemInfo: [/proc/self/status]	VmPTE:	     692 kB
20220314 013108.342 INFO             PET0 PIOc_sync Enter - MemInfo: [/proc/self/status]	VmPMD:	      32 kB
20220314 013108.342 INFO             PET0 PIOc_sync Enter - MemInfo: [/proc/self/status]	VmSwap:	       0 kB
20220314 013108.342 INFO             PET0 PIOc_sync Enter - MemInfo: [/proc/self/status]	VmRSSPercent: 0.106224 %
20220314 013108.343 INFO             PET0 PIOc_sync Enter - MemInfo: [malloc] Non-mmapped space allocated:                 5591040 Byte
20220314 013108.343 INFO             PET0 PIOc_sync Enter - MemInfo: [malloc] Space allocated in mmapped regions:         73412608 Byte
20220314 013108.343 INFO             PET0 PIOc_sync Enter - MemInfo: [malloc] Maximum total allocated space:                     0 Byte
20220314 013108.343 INFO             PET0 PIOc_sync Enter - MemInfo: [malloc] Space in freed fastbin blocks:                   144 Byte
20220314 013108.343 INFO             PET0 PIOc_sync Enter - MemInfo: [malloc] Total allocated space:                       5340032 Byte
20220314 013108.343 INFO             PET0 PIOc_sync Enter - MemInfo: [malloc] Total free space:                             251008 Byte
20220314 013108.343 INFO             PET0 PIOc_sync Enter - MemInfo: [malloc] Top-most, releasable space:                   118496 Byte
20220314 013108.343 INFO             PET0 PIOc_sync Enter - MemInfo: [malloc] Total space in use, mmap + non-mmap:        78752640 Byte
20220314 013108.343 INFO             PET0 PIOc_sync Enter - MemInfo: [malloc] Total space held (mmap + non-mmap):         79003648 Byte
20220314 013108.343 INFO             PET0 PIOc_sync Enter - MemInfo: [malloc] Total space used (mmap + non-mmap):         78762000 Byte
20220314 013108.343 INFO             PET0 PIOc_sync Enter - MemInfo: Wall-clock time since execution start:              0.0233732 seconds
20220314 013108.343 INFO             PET0 PIOc_sync Exit - MemInfo: [/proc/meminfo - SSI]	MemTotal:       131394444 kB
20220314 013108.343 INFO             PET0 PIOc_sync Exit - MemInfo: [/proc/meminfo - SSI]	MemFree:        123884152 kB
20220314 013108.343 INFO             PET0 PIOc_sync Exit - MemInfo: [/proc/meminfo - SSI]	MemAvailable:   123506384 kB
20220314 013108.343 INFO             PET0 PIOc_sync Exit - MemInfo: [/proc/meminfo - SSI]	Committed_AS:    3910440 kB
20220314 013108.343 INFO             PET0 PIOc_sync Exit - MemInfo: [/proc/meminfo - SSI]	CommittedPercent: 2.97611 %
20220314 013108.343 INFO             PET0 PIOc_sync Exit - MemInfo: [/proc/self/status]	VmPeak:	 3798100 kB
20220314 013108.343 INFO             PET0 PIOc_sync Exit - MemInfo: [/proc/self/status]	VmSize:	 3786856 kB
20220314 013108.343 INFO             PET0 PIOc_sync Exit - MemInfo: [/proc/self/status]	VmLck:	       0 kB
20220314 013108.343 INFO             PET0 PIOc_sync Exit - MemInfo: [/proc/self/status]	VmPin:	   71900 kB
20220314 013108.343 INFO             PET0 PIOc_sync Exit - MemInfo: [/proc/self/status]	VmHWM:	  139956 kB
20220314 013108.343 INFO             PET0 PIOc_sync Exit - MemInfo: [/proc/self/status]	VmRSS:	  139580 kB
20220314 013108.343 INFO             PET0 PIOc_sync Exit - MemInfo: [/proc/self/status]	VmData:	  256960 kB
20220314 013108.343 INFO             PET0 PIOc_sync Exit - MemInfo: [/proc/self/status]	VmStk:	     512 kB
20220314 013108.343 INFO             PET0 PIOc_sync Exit - MemInfo: [/proc/self/status]	VmExe:	    1940 kB
20220314 013108.343 INFO             PET0 PIOc_sync Exit - MemInfo: [/proc/self/status]	VmLib:	  104128 kB
20220314 013108.343 INFO             PET0 PIOc_sync Exit - MemInfo: [/proc/self/status]	VmPTE:	     692 kB
20220314 013108.343 INFO             PET0 PIOc_sync Exit - MemInfo: [/proc/self/status]	VmPMD:	      32 kB
20220314 013108.343 INFO             PET0 PIOc_sync Exit - MemInfo: [/proc/self/status]	VmSwap:	       0 kB
20220314 013108.343 INFO             PET0 PIOc_sync Exit - MemInfo: [/proc/self/status]	VmRSSPercent: 0.10623 %
20220314 013108.343 INFO             PET0 PIOc_sync Exit - MemInfo: [malloc] Non-mmapped space allocated:                 5591040 Byte
20220314 013108.343 INFO             PET0 PIOc_sync Exit - MemInfo: [malloc] Space allocated in mmapped regions:         73412608 Byte
20220314 013108.343 INFO             PET0 PIOc_sync Exit - MemInfo: [malloc] Maximum total allocated space:                     0 Byte
20220314 013108.343 INFO             PET0 PIOc_sync Exit - MemInfo: [malloc] Space in freed fastbin blocks:                   144 Byte
20220314 013108.343 INFO             PET0 PIOc_sync Exit - MemInfo: [malloc] Total allocated space:                       5339280 Byte
20220314 013108.343 INFO             PET0 PIOc_sync Exit - MemInfo: [malloc] Total free space:                             251760 Byte
20220314 013108.343 INFO             PET0 PIOc_sync Exit - MemInfo: [malloc] Top-most, releasable space:                   119024 Byte
20220314 013108.343 INFO             PET0 PIOc_sync Exit - MemInfo: [malloc] Total space in use, mmap + non-mmap:        78751888 Byte
20220314 013108.343 INFO             PET0 PIOc_sync Exit - MemInfo: [malloc] Total space held (mmap + non-mmap):         79003648 Byte
20220314 013108.343 INFO             PET0 PIOc_sync Exit - MemInfo: [malloc] Total space used (mmap + non-mmap):         78761248 Byte
20220314 013108.343 INFO             PET0 PIOc_sync Exit - MemInfo: Wall-clock time since execution start:              0.0239167 seconds
20220314 013108.343 INFO             PET0 PIOc_freedecomp Enter - MemInfo: [/proc/meminfo - SSI]	MemTotal:       131394444 kB
20220314 013108.343 INFO             PET0 PIOc_freedecomp Enter - MemInfo: [/proc/meminfo - SSI]	MemFree:        123884152 kB
20220314 013108.343 INFO             PET0 PIOc_freedecomp Enter - MemInfo: [/proc/meminfo - SSI]	MemAvailable:   123506384 kB
20220314 013108.343 INFO             PET0 PIOc_freedecomp Enter - MemInfo: [/proc/meminfo - SSI]	Committed_AS:    3910440 kB
20220314 013108.343 INFO             PET0 PIOc_freedecomp Enter - MemInfo: [/proc/meminfo - SSI]	CommittedPercent: 2.97611 %
20220314 013108.343 INFO             PET0 PIOc_freedecomp Enter - MemInfo: [/proc/self/status]	VmPeak:	 3798100 kB
20220314 013108.343 INFO             PET0 PIOc_freedecomp Enter - MemInfo: [/proc/self/status]	VmSize:	 3786856 kB
20220314 013108.343 INFO             PET0 PIOc_freedecomp Enter - MemInfo: [/proc/self/status]	VmLck:	       0 kB
20220314 013108.343 INFO             PET0 PIOc_freedecomp Enter - MemInfo: [/proc/self/status]	VmPin:	   71900 kB
20220314 013108.343 INFO             PET0 PIOc_freedecomp Enter - MemInfo: [/proc/self/status]	VmHWM:	  139956 kB
20220314 013108.343 INFO             PET0 PIOc_freedecomp Enter - MemInfo: [/proc/self/status]	VmRSS:	  139580 kB
20220314 013108.343 INFO             PET0 PIOc_freedecomp Enter - MemInfo: [/proc/self/status]	VmData:	  256960 kB
20220314 013108.343 INFO             PET0 PIOc_freedecomp Enter - MemInfo: [/proc/self/status]	VmStk:	     512 kB
20220314 013108.343 INFO             PET0 PIOc_freedecomp Enter - MemInfo: [/proc/self/status]	VmExe:	    1940 kB
20220314 013108.343 INFO             PET0 PIOc_freedecomp Enter - MemInfo: [/proc/self/status]	VmLib:	  104128 kB
20220314 013108.343 INFO             PET0 PIOc_freedecomp Enter - MemInfo: [/proc/self/status]	VmPTE:	     692 kB
20220314 013108.343 INFO             PET0 PIOc_freedecomp Enter - MemInfo: [/proc/self/status]	VmPMD:	      32 kB
20220314 013108.343 INFO             PET0 PIOc_freedecomp Enter - MemInfo: [/proc/self/status]	VmSwap:	       0 kB
20220314 013108.343 INFO             PET0 PIOc_freedecomp Enter - MemInfo: [/proc/self/status]	VmRSSPercent: 0.10623 %
20220314 013108.343 INFO             PET0 PIOc_freedecomp Enter - MemInfo: [malloc] Non-mmapped space allocated:                 5591040 Byte
20220314 013108.343 INFO             PET0 PIOc_freedecomp Enter - MemInfo: [malloc] Space allocated in mmapped regions:         73412608 Byte
20220314 013108.343 INFO             PET0 PIOc_freedecomp Enter - MemInfo: [malloc] Maximum total allocated space:                     0 Byte
20220314 013108.343 INFO             PET0 PIOc_freedecomp Enter - MemInfo: [malloc] Space in freed fastbin blocks:                   496 Byte
20220314 013108.344 INFO             PET0 PIOc_freedecomp Enter - MemInfo: [malloc] Total allocated space:                       2703888 Byte
20220314 013108.344 INFO             PET0 PIOc_freedecomp Enter - MemInfo: [malloc] Total free space:                            2887152 Byte
20220314 013108.344 INFO             PET0 PIOc_freedecomp Enter - MemInfo: [malloc] Top-most, releasable space:                   119664 Byte
20220314 013108.344 INFO             PET0 PIOc_freedecomp Enter - MemInfo: [malloc] Total space in use, mmap + non-mmap:        76116496 Byte
20220314 013108.344 INFO             PET0 PIOc_freedecomp Enter - MemInfo: [malloc] Total space held (mmap + non-mmap):         79003648 Byte
20220314 013108.344 INFO             PET0 PIOc_freedecomp Enter - MemInfo: [malloc] Total space used (mmap + non-mmap):         76125856 Byte
20220314 013108.344 INFO             PET0 PIOc_freedecomp Enter - MemInfo: Wall-clock time since execution start:              0.0243292 seconds
20220314 013108.344 INFO             PET0 PIOc_freedecomp Exit - MemInfo: [/proc/meminfo - SSI]	MemTotal:       131394444 kB
20220314 013108.344 INFO             PET0 PIOc_freedecomp Exit - MemInfo: [/proc/meminfo - SSI]	MemFree:        123884152 kB
20220314 013108.344 INFO             PET0 PIOc_freedecomp Exit - MemInfo: [/proc/meminfo - SSI]	MemAvailable:   123506384 kB
20220314 013108.344 INFO             PET0 PIOc_freedecomp Exit - MemInfo: [/proc/meminfo - SSI]	Committed_AS:    3910440 kB
20220314 013108.344 INFO             PET0 PIOc_freedecomp Exit - MemInfo: [/proc/meminfo - SSI]	CommittedPercent: 2.97611 %
20220314 013108.344 INFO             PET0 PIOc_freedecomp Exit - MemInfo: [/proc/self/status]	VmPeak:	 3798100 kB
20220314 013108.344 INFO             PET0 PIOc_freedecomp Exit - MemInfo: [/proc/self/status]	VmSize:	 3786856 kB
20220314 013108.344 INFO             PET0 PIOc_freedecomp Exit - MemInfo: [/proc/self/status]	VmLck:	       0 kB
20220314 013108.344 INFO             PET0 PIOc_freedecomp Exit - MemInfo: [/proc/self/status]	VmPin:	   71900 kB
20220314 013108.344 INFO             PET0 PIOc_freedecomp Exit - MemInfo: [/proc/self/status]	VmHWM:	  139956 kB
20220314 013108.344 INFO             PET0 PIOc_freedecomp Exit - MemInfo: [/proc/self/status]	VmRSS:	  139580 kB
20220314 013108.344 INFO             PET0 PIOc_freedecomp Exit - MemInfo: [/proc/self/status]	VmData:	  256960 kB
20220314 013108.344 INFO             PET0 PIOc_freedecomp Exit - MemInfo: [/proc/self/status]	VmStk:	     512 kB
20220314 013108.344 INFO             PET0 PIOc_freedecomp Exit - MemInfo: [/proc/self/status]	VmExe:	    1940 kB
20220314 013108.344 INFO             PET0 PIOc_freedecomp Exit - MemInfo: [/proc/self/status]	VmLib:	  104128 kB
20220314 013108.344 INFO             PET0 PIOc_freedecomp Exit - MemInfo: [/proc/self/status]	VmPTE:	     692 kB
20220314 013108.344 INFO             PET0 PIOc_freedecomp Exit - MemInfo: [/proc/self/status]	VmPMD:	      32 kB
20220314 013108.344 INFO             PET0 PIOc_freedecomp Exit - MemInfo: [/proc/self/status]	VmSwap:	       0 kB
20220314 013108.344 INFO             PET0 PIOc_freedecomp Exit - MemInfo: [/proc/self/status]	VmRSSPercent: 0.10623 %
20220314 013108.344 INFO             PET0 PIOc_freedecomp Exit - MemInfo: [malloc] Non-mmapped space allocated:                 5591040 Byte
20220314 013108.344 INFO             PET0 PIOc_freedecomp Exit - MemInfo: [malloc] Space allocated in mmapped regions:         73412608 Byte
20220314 013108.344 INFO             PET0 PIOc_freedecomp Exit - MemInfo: [malloc] Maximum total allocated space:                     0 Byte
20220314 013108.344 INFO             PET0 PIOc_freedecomp Exit - MemInfo: [malloc] Space in freed fastbin blocks:                   944 Byte
20220314 013108.344 INFO             PET0 PIOc_freedecomp Exit - MemInfo: [malloc] Total allocated space:                       2702144 Byte
20220314 013108.344 INFO             PET0 PIOc_freedecomp Exit - MemInfo: [malloc] Total free space:                            2888896 Byte
20220314 013108.344 INFO             PET0 PIOc_freedecomp Exit - MemInfo: [malloc] Top-most, releasable space:                   119664 Byte
20220314 013108.344 INFO             PET0 PIOc_freedecomp Exit - MemInfo: [malloc] Total space in use, mmap + non-mmap:        76114752 Byte
20220314 013108.344 INFO             PET0 PIOc_freedecomp Exit - MemInfo: [malloc] Total space held (mmap + non-mmap):         79003648 Byte
20220314 013108.344 INFO             PET0 PIOc_freedecomp Exit - MemInfo: [malloc] Total space used (mmap + non-mmap):         76124112 Byte
20220314 013108.344 INFO             PET0 PIOc_freedecomp Exit - MemInfo: Wall-clock time since execution start:              0.0246855 seconds
20220314 013108.344 INFO             PET0  PASS  ESMF_OutputWeightFile, ESMF_IOUTest.F90, line 81
20220314 013108.346 INFO             PET0  PASS  call ESMF_OutputWeightFile with empty factor list on four PETs, ESMF_IOUTest.F90, line 191
20220314 013108.346 INFO             PET0  Ending Test, file ESMF_IOUTest.F90, line 201
20220314 013108.346 INFO             PET0 Finalizing ESMF
20220314 013108.329 INFO             PET1 !!!!!!!!!!!!!!!!!!!!!!!!!!!!!!!!!!!!!!!!!!!!!!!!!!!!!!
20220314 013108.329 INFO             PET1 !!! THE ESMF_LOG IS SET TO OUTPUT ALL LOG MESSAGES !!!
20220314 013108.329 INFO             PET1 !!!     THIS MAY CAUSE SLOWDOWN IN PERFORMANCE     !!!
20220314 013108.329 INFO             PET1 !!! FOR PRODUCTION RUNS, USE:                      !!!
20220314 013108.329 INFO             PET1 !!!                   ESMF_LOGKIND_Multi_On_Error  !!!
20220314 013108.329 INFO             PET1 !!!!!!!!!!!!!!!!!!!!!!!!!!!!!!!!!!!!!!!!!!!!!!!!!!!!!!
20220314 013108.329 INFO             PET1 Running with ESMF Version   : v8.3.0b09-96-g559b459836
20220314 013108.329 INFO             PET1 ESMF library build date/time: "Mar 14 2022" "01:12:17"
20220314 013108.329 INFO             PET1 ESMF library build location : /gpfsm/dnb04/projects/p98/mpotts/esmf/intel_2020_intelmpi_O_jedwards_pio_update2
20220314 013108.329 INFO             PET1 ESMF_COMM                   : intelmpi
20220314 013108.329 INFO             PET1 ESMF_MOAB                   : enabled
20220314 013108.329 INFO             PET1 ESMF_LAPACK                 : enabled
20220314 013108.329 INFO             PET1 ESMF_NETCDF                 : enabled
20220314 013108.329 INFO             PET1 ESMF_PNETCDF                : disabled
20220314 013108.329 INFO             PET1 ESMF_PIO                    : enabled
20220314 013108.329 INFO             PET1 ESMF_YAMLCPP                : enabled
20220314 013108.330 INFO             PET1  Beginning Test, file ESMF_IOUTest.F90, line 57
20220314 013108.330 INFO             PET1  NUMBER_OF_PROCESSORS           4
20220314 013108.330 INFO             PET1 Starting Test:  ESMF_OutputWeightFile
20220314 013108.335 INFO             PET1 PIOc_sync Enter - MemInfo: [/proc/meminfo - SSI]	MemTotal:       131394444 kB
20220314 013108.335 INFO             PET1 PIOc_sync Enter - MemInfo: [/proc/meminfo - SSI]	MemFree:        123884276 kB
20220314 013108.335 INFO             PET1 PIOc_sync Enter - MemInfo: [/proc/meminfo - SSI]	MemAvailable:   123506508 kB
20220314 013108.335 INFO             PET1 PIOc_sync Enter - MemInfo: [/proc/meminfo - SSI]	Committed_AS:    3910440 kB
20220314 013108.335 INFO             PET1 PIOc_sync Enter - MemInfo: [/proc/meminfo - SSI]	CommittedPercent: 2.97611 %
20220314 013108.335 INFO             PET1 PIOc_sync Enter - MemInfo: [/proc/self/status]	VmPeak:	 3800264 kB
20220314 013108.336 INFO             PET1 PIOc_sync Enter - MemInfo: [/proc/self/status]	VmSize:	 3798168 kB
20220314 013108.336 INFO             PET1 PIOc_sync Enter - MemInfo: [/proc/self/status]	VmLck:	       0 kB
20220314 013108.336 INFO             PET1 PIOc_sync Enter - MemInfo: [/proc/self/status]	VmPin:	   82140 kB
20220314 013108.336 INFO             PET1 PIOc_sync Enter - MemInfo: [/proc/self/status]	VmHWM:	  143540 kB
20220314 013108.336 INFO             PET1 PIOc_sync Enter - MemInfo: [/proc/self/status]	VmRSS:	  143540 kB
20220314 013108.336 INFO             PET1 PIOc_sync Enter - MemInfo: [/proc/self/status]	VmData:	  268272 kB
20220314 013108.336 INFO             PET1 PIOc_sync Enter - MemInfo: [/proc/self/status]	VmStk:	     512 kB
20220314 013108.336 INFO             PET1 PIOc_sync Enter - MemInfo: [/proc/self/status]	VmExe:	    1940 kB
20220314 013108.336 INFO             PET1 PIOc_sync Enter - MemInfo: [/proc/self/status]	VmLib:	  104128 kB
20220314 013108.336 INFO             PET1 PIOc_sync Enter - MemInfo: [/proc/self/status]	VmPTE:	     688 kB
20220314 013108.336 INFO             PET1 PIOc_sync Enter - MemInfo: [/proc/self/status]	VmPMD:	      28 kB
20220314 013108.336 INFO             PET1 PIOc_sync Enter - MemInfo: [/proc/self/status]	VmSwap:	       0 kB
20220314 013108.336 INFO             PET1 PIOc_sync Enter - MemInfo: [/proc/self/status]	VmRSSPercent: 0.109244 %
20220314 013108.336 INFO             PET1 PIOc_sync Enter - MemInfo: [malloc] Non-mmapped space allocated:                 2490368 Byte
20220314 013108.336 INFO             PET1 PIOc_sync Enter - MemInfo: [malloc] Space allocated in mmapped regions:         85999616 Byte
20220314 013108.336 INFO             PET1 PIOc_sync Enter - MemInfo: [malloc] Maximum total allocated space:                     0 Byte
20220314 013108.336 INFO             PET1 PIOc_sync Enter - MemInfo: [malloc] Space in freed fastbin blocks:                   672 Byte
20220314 013108.336 INFO             PET1 PIOc_sync Enter - MemInfo: [malloc] Total allocated space:                       2253504 Byte
20220314 013108.336 INFO             PET1 PIOc_sync Enter - MemInfo: [malloc] Total free space:                             236864 Byte
20220314 013108.336 INFO             PET1 PIOc_sync Enter - MemInfo: [malloc] Top-most, releasable space:                   103776 Byte
20220314 013108.336 INFO             PET1 PIOc_sync Enter - MemInfo: [malloc] Total space in use, mmap + non-mmap:        88253120 Byte
20220314 013108.336 INFO             PET1 PIOc_sync Enter - MemInfo: [malloc] Total space held (mmap + non-mmap):         88489984 Byte
20220314 013108.336 INFO             PET1 PIOc_sync Enter - MemInfo: [malloc] Total space used (mmap + non-mmap):         88262480 Byte
20220314 013108.336 INFO             PET1 PIOc_sync Enter - MemInfo: Wall-clock time since execution start:              0.0175415 seconds
20220314 013108.337 INFO             PET1 PIOc_sync Exit - MemInfo: [/proc/meminfo - SSI]	MemTotal:       131394444 kB
20220314 013108.337 INFO             PET1 PIOc_sync Exit - MemInfo: [/proc/meminfo - SSI]	MemFree:        123883780 kB
20220314 013108.337 INFO             PET1 PIOc_sync Exit - MemInfo: [/proc/meminfo - SSI]	MemAvailable:   123506012 kB
20220314 013108.337 INFO             PET1 PIOc_sync Exit - MemInfo: [/proc/meminfo - SSI]	Committed_AS:    3910440 kB
20220314 013108.337 INFO             PET1 PIOc_sync Exit - MemInfo: [/proc/meminfo - SSI]	CommittedPercent: 2.97611 %
20220314 013108.337 INFO             PET1 PIOc_sync Exit - MemInfo: [/proc/self/status]	VmPeak:	 3800264 kB
20220314 013108.337 INFO             PET1 PIOc_sync Exit - MemInfo: [/proc/self/status]	VmSize:	 3798168 kB
20220314 013108.337 INFO             PET1 PIOc_sync Exit - MemInfo: [/proc/self/status]	VmLck:	       0 kB
20220314 013108.337 INFO             PET1 PIOc_sync Exit - MemInfo: [/proc/self/status]	VmPin:	   82140 kB
20220314 013108.337 INFO             PET1 PIOc_sync Exit - MemInfo: [/proc/self/status]	VmHWM:	  143708 kB
20220314 013108.337 INFO             PET1 PIOc_sync Exit - MemInfo: [/proc/self/status]	VmRSS:	  143708 kB
20220314 013108.337 INFO             PET1 PIOc_sync Exit - MemInfo: [/proc/self/status]	VmData:	  268272 kB
20220314 013108.337 INFO             PET1 PIOc_sync Exit - MemInfo: [/proc/self/status]	VmStk:	     512 kB
20220314 013108.337 INFO             PET1 PIOc_sync Exit - MemInfo: [/proc/self/status]	VmExe:	    1940 kB
20220314 013108.337 INFO             PET1 PIOc_sync Exit - MemInfo: [/proc/self/status]	VmLib:	  104128 kB
20220314 013108.337 INFO             PET1 PIOc_sync Exit - MemInfo: [/proc/self/status]	VmPTE:	     688 kB
20220314 013108.337 INFO             PET1 PIOc_sync Exit - MemInfo: [/proc/self/status]	VmPMD:	      28 kB
20220314 013108.337 INFO             PET1 PIOc_sync Exit - MemInfo: [/proc/self/status]	VmSwap:	       0 kB
20220314 013108.337 INFO             PET1 PIOc_sync Exit - MemInfo: [/proc/self/status]	VmRSSPercent: 0.109371 %
20220314 013108.337 INFO             PET1 PIOc_sync Exit - MemInfo: [malloc] Non-mmapped space allocated:                 2490368 Byte
20220314 013108.337 INFO             PET1 PIOc_sync Exit - MemInfo: [malloc] Space allocated in mmapped regions:         85999616 Byte
20220314 013108.337 INFO             PET1 PIOc_sync Exit - MemInfo: [malloc] Maximum total allocated space:                     0 Byte
20220314 013108.337 INFO             PET1 PIOc_sync Exit - MemInfo: [malloc] Space in freed fastbin blocks:                   192 Byte
20220314 013108.337 INFO             PET1 PIOc_sync Exit - MemInfo: [malloc] Total allocated space:                       2252672 Byte
20220314 013108.337 INFO             PET1 PIOc_sync Exit - MemInfo: [malloc] Total free space:                             237696 Byte
20220314 013108.337 INFO             PET1 PIOc_sync Exit - MemInfo: [malloc] Top-most, releasable space:                   105184 Byte
20220314 013108.337 INFO             PET1 PIOc_sync Exit - MemInfo: [malloc] Total space in use, mmap + non-mmap:        88252288 Byte
20220314 013108.337 INFO             PET1 PIOc_sync Exit - MemInfo: [malloc] Total space held (mmap + non-mmap):         88489984 Byte
20220314 013108.337 INFO             PET1 PIOc_sync Exit - MemInfo: [malloc] Total space used (mmap + non-mmap):         88261648 Byte
20220314 013108.337 INFO             PET1 PIOc_sync Exit - MemInfo: Wall-clock time since execution start:              0.0189915 seconds
20220314 013108.338 INFO             PET1 PIOc_freedecomp Enter - MemInfo: [/proc/meminfo - SSI]	MemTotal:       131394444 kB
20220314 013108.338 INFO             PET1 PIOc_freedecomp Enter - MemInfo: [/proc/meminfo - SSI]	MemFree:        123884588 kB
20220314 013108.338 INFO             PET1 PIOc_freedecomp Enter - MemInfo: [/proc/meminfo - SSI]	MemAvailable:   123506820 kB
20220314 013108.338 INFO             PET1 PIOc_freedecomp Enter - MemInfo: [/proc/meminfo - SSI]	Committed_AS:    3910440 kB
20220314 013108.338 INFO             PET1 PIOc_freedecomp Enter - MemInfo: [/proc/meminfo - SSI]	CommittedPercent: 2.97611 %
20220314 013108.338 INFO             PET1 PIOc_freedecomp Enter - MemInfo: [/proc/self/status]	VmPeak:	 3800264 kB
20220314 013108.338 INFO             PET1 PIOc_freedecomp Enter - MemInfo: [/proc/self/status]	VmSize:	 3798168 kB
20220314 013108.338 INFO             PET1 PIOc_freedecomp Enter - MemInfo: [/proc/self/status]	VmLck:	       0 kB
20220314 013108.338 INFO             PET1 PIOc_freedecomp Enter - MemInfo: [/proc/self/status]	VmPin:	   82140 kB
20220314 013108.338 INFO             PET1 PIOc_freedecomp Enter - MemInfo: [/proc/self/status]	VmHWM:	  143712 kB
20220314 013108.338 INFO             PET1 PIOc_freedecomp Enter - MemInfo: [/proc/self/status]	VmRSS:	  143712 kB
20220314 013108.338 INFO             PET1 PIOc_freedecomp Enter - MemInfo: [/proc/self/status]	VmData:	  268272 kB
20220314 013108.338 INFO             PET1 PIOc_freedecomp Enter - MemInfo: [/proc/self/status]	VmStk:	     512 kB
20220314 013108.338 INFO             PET1 PIOc_freedecomp Enter - MemInfo: [/proc/self/status]	VmExe:	    1940 kB
20220314 013108.338 INFO             PET1 PIOc_freedecomp Enter - MemInfo: [/proc/self/status]	VmLib:	  104128 kB
20220314 013108.338 INFO             PET1 PIOc_freedecomp Enter - MemInfo: [/proc/self/status]	VmPTE:	     688 kB
20220314 013108.338 INFO             PET1 PIOc_freedecomp Enter - MemInfo: [/proc/self/status]	VmPMD:	      28 kB
20220314 013108.338 INFO             PET1 PIOc_freedecomp Enter - MemInfo: [/proc/self/status]	VmSwap:	       0 kB
20220314 013108.338 INFO             PET1 PIOc_freedecomp Enter - MemInfo: [/proc/self/status]	VmRSSPercent: 0.109374 %
20220314 013108.338 INFO             PET1 PIOc_freedecomp Enter - MemInfo: [malloc] Non-mmapped space allocated:                 2490368 Byte
20220314 013108.338 INFO             PET1 PIOc_freedecomp Enter - MemInfo: [malloc] Space allocated in mmapped regions:         85999616 Byte
20220314 013108.338 INFO             PET1 PIOc_freedecomp Enter - MemInfo: [malloc] Maximum total allocated space:                     0 Byte
20220314 013108.338 INFO             PET1 PIOc_freedecomp Enter - MemInfo: [malloc] Space in freed fastbin blocks:                   368 Byte
20220314 013108.338 INFO             PET1 PIOc_freedecomp Enter - MemInfo: [malloc] Total allocated space:                       2251072 Byte
20220314 013108.338 INFO             PET1 PIOc_freedecomp Enter - MemInfo: [malloc] Total free space:                             239296 Byte
20220314 013108.338 INFO             PET1 PIOc_freedecomp Enter - MemInfo: [malloc] Top-most, releasable space:                   106016 Byte
20220314 013108.338 INFO             PET1 PIOc_freedecomp Enter - MemInfo: [malloc] Total space in use, mmap + non-mmap:        88250688 Byte
20220314 013108.338 INFO             PET1 PIOc_freedecomp Enter - MemInfo: [malloc] Total space held (mmap + non-mmap):         88489984 Byte
20220314 013108.338 INFO             PET1 PIOc_freedecomp Enter - MemInfo: [malloc] Total space used (mmap + non-mmap):         88260048 Byte
20220314 013108.338 INFO             PET1 PIOc_freedecomp Enter - MemInfo: Wall-clock time since execution start:              0.0198588 seconds
20220314 013108.338 INFO             PET1 PIOc_freedecomp Exit - MemInfo: [/proc/meminfo - SSI]	MemTotal:       131394444 kB
20220314 013108.338 INFO             PET1 PIOc_freedecomp Exit - MemInfo: [/proc/meminfo - SSI]	MemFree:        123884588 kB
20220314 013108.338 INFO             PET1 PIOc_freedecomp Exit - MemInfo: [/proc/meminfo - SSI]	MemAvailable:   123506820 kB
20220314 013108.338 INFO             PET1 PIOc_freedecomp Exit - MemInfo: [/proc/meminfo - SSI]	Committed_AS:    3910440 kB
20220314 013108.338 INFO             PET1 PIOc_freedecomp Exit - MemInfo: [/proc/meminfo - SSI]	CommittedPercent: 2.97611 %
20220314 013108.338 INFO             PET1 PIOc_freedecomp Exit - MemInfo: [/proc/self/status]	VmPeak:	 3800264 kB
20220314 013108.338 INFO             PET1 PIOc_freedecomp Exit - MemInfo: [/proc/self/status]	VmSize:	 3798168 kB
20220314 013108.338 INFO             PET1 PIOc_freedecomp Exit - MemInfo: [/proc/self/status]	VmLck:	       0 kB
20220314 013108.338 INFO             PET1 PIOc_freedecomp Exit - MemInfo: [/proc/self/status]	VmPin:	   82140 kB
20220314 013108.338 INFO             PET1 PIOc_freedecomp Exit - MemInfo: [/proc/self/status]	VmHWM:	  143712 kB
20220314 013108.338 INFO             PET1 PIOc_freedecomp Exit - MemInfo: [/proc/self/status]	VmRSS:	  143712 kB
20220314 013108.338 INFO             PET1 PIOc_freedecomp Exit - MemInfo: [/proc/self/status]	VmData:	  268272 kB
20220314 013108.338 INFO             PET1 PIOc_freedecomp Exit - MemInfo: [/proc/self/status]	VmStk:	     512 kB
20220314 013108.338 INFO             PET1 PIOc_freedecomp Exit - MemInfo: [/proc/self/status]	VmExe:	    1940 kB
20220314 013108.338 INFO             PET1 PIOc_freedecomp Exit - MemInfo: [/proc/self/status]	VmLib:	  104128 kB
20220314 013108.338 INFO             PET1 PIOc_freedecomp Exit - MemInfo: [/proc/self/status]	VmPTE:	     688 kB
20220314 013108.338 INFO             PET1 PIOc_freedecomp Exit - MemInfo: [/proc/self/status]	VmPMD:	      28 kB
20220314 013108.338 INFO             PET1 PIOc_freedecomp Exit - MemInfo: [/proc/self/status]	VmSwap:	       0 kB
20220314 013108.338 INFO             PET1 PIOc_freedecomp Exit - MemInfo: [/proc/self/status]	VmRSSPercent: 0.109374 %
20220314 013108.338 INFO             PET1 PIOc_freedecomp Exit - MemInfo: [malloc] Non-mmapped space allocated:                 2490368 Byte
20220314 013108.338 INFO             PET1 PIOc_freedecomp Exit - MemInfo: [malloc] Space allocated in mmapped regions:         85999616 Byte
20220314 013108.338 INFO             PET1 PIOc_freedecomp Exit - MemInfo: [malloc] Maximum total allocated space:                     0 Byte
20220314 013108.338 INFO             PET1 PIOc_freedecomp Exit - MemInfo: [malloc] Space in freed fastbin blocks:                   352 Byte
20220314 013108.338 INFO             PET1 PIOc_freedecomp Exit - MemInfo: [malloc] Total allocated space:                       2249696 Byte
20220314 013108.338 INFO             PET1 PIOc_freedecomp Exit - MemInfo: [malloc] Total free space:                             240672 Byte
20220314 013108.338 INFO             PET1 PIOc_freedecomp Exit - MemInfo: [malloc] Top-most, releasable space:                   106672 Byte
20220314 013108.338 INFO             PET1 PIOc_freedecomp Exit - MemInfo: [malloc] Total space in use, mmap + non-mmap:        88249312 Byte
20220314 013108.338 INFO             PET1 PIOc_freedecomp Exit - MemInfo: [malloc] Total space held (mmap + non-mmap):         88489984 Byte
20220314 013108.338 INFO             PET1 PIOc_freedecomp Exit - MemInfo: [malloc] Total space used (mmap + non-mmap):         88258672 Byte
20220314 013108.338 INFO             PET1 PIOc_freedecomp Exit - MemInfo: Wall-clock time since execution start:              0.0202083 seconds
20220314 013108.340 INFO             PET1 PIOc_sync Enter - MemInfo: [/proc/meminfo - SSI]	MemTotal:       131394444 kB
20220314 013108.340 INFO             PET1 PIOc_sync Enter - MemInfo: [/proc/meminfo - SSI]	MemFree:        123884588 kB
20220314 013108.340 INFO             PET1 PIOc_sync Enter - MemInfo: [/proc/meminfo - SSI]	MemAvailable:   123506820 kB
20220314 013108.340 INFO             PET1 PIOc_sync Enter - MemInfo: [/proc/meminfo - SSI]	Committed_AS:    3910440 kB
20220314 013108.340 INFO             PET1 PIOc_sync Enter - MemInfo: [/proc/meminfo - SSI]	CommittedPercent: 2.97611 %
20220314 013108.340 INFO             PET1 PIOc_sync Enter - MemInfo: [/proc/self/status]	VmPeak:	 3800264 kB
20220314 013108.340 INFO             PET1 PIOc_sync Enter - MemInfo: [/proc/self/status]	VmSize:	 3798168 kB
20220314 013108.340 INFO             PET1 PIOc_sync Enter - MemInfo: [/proc/self/status]	VmLck:	       0 kB
20220314 013108.340 INFO             PET1 PIOc_sync Enter - MemInfo: [/proc/self/status]	VmPin:	   82140 kB
20220314 013108.340 INFO             PET1 PIOc_sync Enter - MemInfo: [/proc/self/status]	VmHWM:	  143912 kB
20220314 013108.340 INFO             PET1 PIOc_sync Enter - MemInfo: [/proc/self/status]	VmRSS:	  143912 kB
20220314 013108.340 INFO             PET1 PIOc_sync Enter - MemInfo: [/proc/self/status]	VmData:	  268272 kB
20220314 013108.340 INFO             PET1 PIOc_sync Enter - MemInfo: [/proc/self/status]	VmStk:	     512 kB
20220314 013108.340 INFO             PET1 PIOc_sync Enter - MemInfo: [/proc/self/status]	VmExe:	    1940 kB
20220314 013108.340 INFO             PET1 PIOc_sync Enter - MemInfo: [/proc/self/status]	VmLib:	  104128 kB
20220314 013108.340 INFO             PET1 PIOc_sync Enter - MemInfo: [/proc/self/status]	VmPTE:	     688 kB
20220314 013108.340 INFO             PET1 PIOc_sync Enter - MemInfo: [/proc/self/status]	VmPMD:	      28 kB
20220314 013108.340 INFO             PET1 PIOc_sync Enter - MemInfo: [/proc/self/status]	VmSwap:	       0 kB
20220314 013108.340 INFO             PET1 PIOc_sync Enter - MemInfo: [/proc/self/status]	VmRSSPercent: 0.109527 %
20220314 013108.340 INFO             PET1 PIOc_sync Enter - MemInfo: [malloc] Non-mmapped space allocated:                 2490368 Byte
20220314 013108.340 INFO             PET1 PIOc_sync Enter - MemInfo: [malloc] Space allocated in mmapped regions:         85999616 Byte
20220314 013108.340 INFO             PET1 PIOc_sync Enter - MemInfo: [malloc] Maximum total allocated space:                     0 Byte
20220314 013108.340 INFO             PET1 PIOc_sync Enter - MemInfo: [malloc] Space in freed fastbin blocks:                   896 Byte
20220314 013108.340 INFO             PET1 PIOc_sync Enter - MemInfo: [malloc] Total allocated space:                       2253600 Byte
20220314 013108.340 INFO             PET1 PIOc_sync Enter - MemInfo: [malloc] Total free space:                             236768 Byte
20220314 013108.340 INFO             PET1 PIOc_sync Enter - MemInfo: [malloc] Top-most, releasable space:                   103456 Byte
20220314 013108.340 INFO             PET1 PIOc_sync Enter - MemInfo: [malloc] Total space in use, mmap + non-mmap:        88253216 Byte
20220314 013108.340 INFO             PET1 PIOc_sync Enter - MemInfo: [malloc] Total space held (mmap + non-mmap):         88489984 Byte
20220314 013108.340 INFO             PET1 PIOc_sync Enter - MemInfo: [malloc] Total space used (mmap + non-mmap):         88262576 Byte
20220314 013108.340 INFO             PET1 PIOc_sync Enter - MemInfo: Wall-clock time since execution start:              0.0217637 seconds
20220314 013108.340 INFO             PET1 PIOc_sync Exit - MemInfo: [/proc/meminfo - SSI]	MemTotal:       131394444 kB
20220314 013108.340 INFO             PET1 PIOc_sync Exit - MemInfo: [/proc/meminfo - SSI]	MemFree:        123884588 kB
20220314 013108.340 INFO             PET1 PIOc_sync Exit - MemInfo: [/proc/meminfo - SSI]	MemAvailable:   123506820 kB
20220314 013108.340 INFO             PET1 PIOc_sync Exit - MemInfo: [/proc/meminfo - SSI]	Committed_AS:    3910440 kB
20220314 013108.340 INFO             PET1 PIOc_sync Exit - MemInfo: [/proc/meminfo - SSI]	CommittedPercent: 2.97611 %
20220314 013108.340 INFO             PET1 PIOc_sync Exit - MemInfo: [/proc/self/status]	VmPeak:	 3800264 kB
20220314 013108.340 INFO             PET1 PIOc_sync Exit - MemInfo: [/proc/self/status]	VmSize:	 3798168 kB
20220314 013108.340 INFO             PET1 PIOc_sync Exit - MemInfo: [/proc/self/status]	VmLck:	       0 kB
20220314 013108.340 INFO             PET1 PIOc_sync Exit - MemInfo: [/proc/self/status]	VmPin:	   82140 kB
20220314 013108.340 INFO             PET1 PIOc_sync Exit - MemInfo: [/proc/self/status]	VmHWM:	  143916 kB
20220314 013108.340 INFO             PET1 PIOc_sync Exit - MemInfo: [/proc/self/status]	VmRSS:	  143916 kB
20220314 013108.340 INFO             PET1 PIOc_sync Exit - MemInfo: [/proc/self/status]	VmData:	  268272 kB
20220314 013108.340 INFO             PET1 PIOc_sync Exit - MemInfo: [/proc/self/status]	VmStk:	     512 kB
20220314 013108.340 INFO             PET1 PIOc_sync Exit - MemInfo: [/proc/self/status]	VmExe:	    1940 kB
20220314 013108.340 INFO             PET1 PIOc_sync Exit - MemInfo: [/proc/self/status]	VmLib:	  104128 kB
20220314 013108.340 INFO             PET1 PIOc_sync Exit - MemInfo: [/proc/self/status]	VmPTE:	     688 kB
20220314 013108.340 INFO             PET1 PIOc_sync Exit - MemInfo: [/proc/self/status]	VmPMD:	      28 kB
20220314 013108.340 INFO             PET1 PIOc_sync Exit - MemInfo: [/proc/self/status]	VmSwap:	       0 kB
20220314 013108.340 INFO             PET1 PIOc_sync Exit - MemInfo: [/proc/self/status]	VmRSSPercent: 0.10953 %
20220314 013108.340 INFO             PET1 PIOc_sync Exit - MemInfo: [malloc] Non-mmapped space allocated:                 2490368 Byte
20220314 013108.340 INFO             PET1 PIOc_sync Exit - MemInfo: [malloc] Space allocated in mmapped regions:         85999616 Byte
20220314 013108.340 INFO             PET1 PIOc_sync Exit - MemInfo: [malloc] Maximum total allocated space:                     0 Byte
20220314 013108.340 INFO             PET1 PIOc_sync Exit - MemInfo: [malloc] Space in freed fastbin blocks:                   144 Byte
20220314 013108.340 INFO             PET1 PIOc_sync Exit - MemInfo: [malloc] Total allocated space:                       2252816 Byte
20220314 013108.340 INFO             PET1 PIOc_sync Exit - MemInfo: [malloc] Total free space:                             237552 Byte
20220314 013108.341 INFO             PET1 PIOc_sync Exit - MemInfo: [malloc] Top-most, releasable space:                   104784 Byte
20220314 013108.341 INFO             PET1 PIOc_sync Exit - MemInfo: [malloc] Total space in use, mmap + non-mmap:        88252432 Byte
20220314 013108.341 INFO             PET1 PIOc_sync Exit - MemInfo: [malloc] Total space held (mmap + non-mmap):         88489984 Byte
20220314 013108.341 INFO             PET1 PIOc_sync Exit - MemInfo: [malloc] Total space used (mmap + non-mmap):         88261792 Byte
20220314 013108.341 INFO             PET1 PIOc_sync Exit - MemInfo: Wall-clock time since execution start:              0.0222996 seconds
20220314 013108.341 INFO             PET1 PIOc_freedecomp Enter - MemInfo: [/proc/meminfo - SSI]	MemTotal:       131394444 kB
20220314 013108.341 INFO             PET1 PIOc_freedecomp Enter - MemInfo: [/proc/meminfo - SSI]	MemFree:        123884588 kB
20220314 013108.341 INFO             PET1 PIOc_freedecomp Enter - MemInfo: [/proc/meminfo - SSI]	MemAvailable:   123506820 kB
20220314 013108.341 INFO             PET1 PIOc_freedecomp Enter - MemInfo: [/proc/meminfo - SSI]	Committed_AS:    3910440 kB
20220314 013108.341 INFO             PET1 PIOc_freedecomp Enter - MemInfo: [/proc/meminfo - SSI]	CommittedPercent: 2.97611 %
20220314 013108.341 INFO             PET1 PIOc_freedecomp Enter - MemInfo: [/proc/self/status]	VmPeak:	 3800264 kB
20220314 013108.341 INFO             PET1 PIOc_freedecomp Enter - MemInfo: [/proc/self/status]	VmSize:	 3798168 kB
20220314 013108.341 INFO             PET1 PIOc_freedecomp Enter - MemInfo: [/proc/self/status]	VmLck:	       0 kB
20220314 013108.341 INFO             PET1 PIOc_freedecomp Enter - MemInfo: [/proc/self/status]	VmPin:	   82140 kB
20220314 013108.341 INFO             PET1 PIOc_freedecomp Enter - MemInfo: [/proc/self/status]	VmHWM:	  143916 kB
20220314 013108.341 INFO             PET1 PIOc_freedecomp Enter - MemInfo: [/proc/self/status]	VmRSS:	  143916 kB
20220314 013108.341 INFO             PET1 PIOc_freedecomp Enter - MemInfo: [/proc/self/status]	VmData:	  268272 kB
20220314 013108.341 INFO             PET1 PIOc_freedecomp Enter - MemInfo: [/proc/self/status]	VmStk:	     512 kB
20220314 013108.341 INFO             PET1 PIOc_freedecomp Enter - MemInfo: [/proc/self/status]	VmExe:	    1940 kB
20220314 013108.341 INFO             PET1 PIOc_freedecomp Enter - MemInfo: [/proc/self/status]	VmLib:	  104128 kB
20220314 013108.341 INFO             PET1 PIOc_freedecomp Enter - MemInfo: [/proc/self/status]	VmPTE:	     688 kB
20220314 013108.341 INFO             PET1 PIOc_freedecomp Enter - MemInfo: [/proc/self/status]	VmPMD:	      28 kB
20220314 013108.341 INFO             PET1 PIOc_freedecomp Enter - MemInfo: [/proc/self/status]	VmSwap:	       0 kB
20220314 013108.341 INFO             PET1 PIOc_freedecomp Enter - MemInfo: [/proc/self/status]	VmRSSPercent: 0.10953 %
20220314 013108.341 INFO             PET1 PIOc_freedecomp Enter - MemInfo: [malloc] Non-mmapped space allocated:                 2490368 Byte
20220314 013108.341 INFO             PET1 PIOc_freedecomp Enter - MemInfo: [malloc] Space allocated in mmapped regions:         85999616 Byte
20220314 013108.341 INFO             PET1 PIOc_freedecomp Enter - MemInfo: [malloc] Maximum total allocated space:                     0 Byte
20220314 013108.341 INFO             PET1 PIOc_freedecomp Enter - MemInfo: [malloc] Space in freed fastbin blocks:                   368 Byte
20220314 013108.341 INFO             PET1 PIOc_freedecomp Enter - MemInfo: [malloc] Total allocated space:                       2251056 Byte
20220314 013108.341 INFO             PET1 PIOc_freedecomp Enter - MemInfo: [malloc] Total free space:                             239312 Byte
20220314 013108.341 INFO             PET1 PIOc_freedecomp Enter - MemInfo: [malloc] Top-most, releasable space:                   105088 Byte
20220314 013108.341 INFO             PET1 PIOc_freedecomp Enter - MemInfo: [malloc] Total space in use, mmap + non-mmap:        88250672 Byte
20220314 013108.341 INFO             PET1 PIOc_freedecomp Enter - MemInfo: [malloc] Total space held (mmap + non-mmap):         88489984 Byte
20220314 013108.341 INFO             PET1 PIOc_freedecomp Enter - MemInfo: [malloc] Total space used (mmap + non-mmap):         88260032 Byte
20220314 013108.341 INFO             PET1 PIOc_freedecomp Enter - MemInfo: Wall-clock time since execution start:              0.0226816 seconds
20220314 013108.341 INFO             PET1 PIOc_freedecomp Exit - MemInfo: [/proc/meminfo - SSI]	MemTotal:       131394444 kB
20220314 013108.341 INFO             PET1 PIOc_freedecomp Exit - MemInfo: [/proc/meminfo - SSI]	MemFree:        123884588 kB
20220314 013108.341 INFO             PET1 PIOc_freedecomp Exit - MemInfo: [/proc/meminfo - SSI]	MemAvailable:   123506820 kB
20220314 013108.341 INFO             PET1 PIOc_freedecomp Exit - MemInfo: [/proc/meminfo - SSI]	Committed_AS:    3910440 kB
20220314 013108.341 INFO             PET1 PIOc_freedecomp Exit - MemInfo: [/proc/meminfo - SSI]	CommittedPercent: 2.97611 %
20220314 013108.341 INFO             PET1 PIOc_freedecomp Exit - MemInfo: [/proc/self/status]	VmPeak:	 3800264 kB
20220314 013108.341 INFO             PET1 PIOc_freedecomp Exit - MemInfo: [/proc/self/status]	VmSize:	 3798168 kB
20220314 013108.341 INFO             PET1 PIOc_freedecomp Exit - MemInfo: [/proc/self/status]	VmLck:	       0 kB
20220314 013108.341 INFO             PET1 PIOc_freedecomp Exit - MemInfo: [/proc/self/status]	VmPin:	   82140 kB
20220314 013108.341 INFO             PET1 PIOc_freedecomp Exit - MemInfo: [/proc/self/status]	VmHWM:	  143916 kB
20220314 013108.341 INFO             PET1 PIOc_freedecomp Exit - MemInfo: [/proc/self/status]	VmRSS:	  143916 kB
20220314 013108.341 INFO             PET1 PIOc_freedecomp Exit - MemInfo: [/proc/self/status]	VmData:	  268272 kB
20220314 013108.341 INFO             PET1 PIOc_freedecomp Exit - MemInfo: [/proc/self/status]	VmStk:	     512 kB
20220314 013108.341 INFO             PET1 PIOc_freedecomp Exit - MemInfo: [/proc/self/status]	VmExe:	    1940 kB
20220314 013108.341 INFO             PET1 PIOc_freedecomp Exit - MemInfo: [/proc/self/status]	VmLib:	  104128 kB
20220314 013108.341 INFO             PET1 PIOc_freedecomp Exit - MemInfo: [/proc/self/status]	VmPTE:	     688 kB
20220314 013108.341 INFO             PET1 PIOc_freedecomp Exit - MemInfo: [/proc/self/status]	VmPMD:	      28 kB
20220314 013108.341 INFO             PET1 PIOc_freedecomp Exit - MemInfo: [/proc/self/status]	VmSwap:	       0 kB
20220314 013108.341 INFO             PET1 PIOc_freedecomp Exit - MemInfo: [/proc/self/status]	VmRSSPercent: 0.10953 %
20220314 013108.341 INFO             PET1 PIOc_freedecomp Exit - MemInfo: [malloc] Non-mmapped space allocated:                 2490368 Byte
20220314 013108.341 INFO             PET1 PIOc_freedecomp Exit - MemInfo: [malloc] Space allocated in mmapped regions:         85999616 Byte
20220314 013108.341 INFO             PET1 PIOc_freedecomp Exit - MemInfo: [malloc] Maximum total allocated space:                     0 Byte
20220314 013108.341 INFO             PET1 PIOc_freedecomp Exit - MemInfo: [malloc] Space in freed fastbin blocks:                   320 Byte
20220314 013108.341 INFO             PET1 PIOc_freedecomp Exit - MemInfo: [malloc] Total allocated space:                       2249696 Byte
20220314 013108.341 INFO             PET1 PIOc_freedecomp Exit - MemInfo: [malloc] Total free space:                             240672 Byte
20220314 013108.341 INFO             PET1 PIOc_freedecomp Exit - MemInfo: [malloc] Top-most, releasable space:                   105616 Byte
20220314 013108.341 INFO             PET1 PIOc_freedecomp Exit - MemInfo: [malloc] Total space in use, mmap + non-mmap:        88249312 Byte
20220314 013108.341 INFO             PET1 PIOc_freedecomp Exit - MemInfo: [malloc] Total space held (mmap + non-mmap):         88489984 Byte
20220314 013108.341 INFO             PET1 PIOc_freedecomp Exit - MemInfo: [malloc] Total space used (mmap + non-mmap):         88258672 Byte
20220314 013108.341 INFO             PET1 PIOc_freedecomp Exit - MemInfo: Wall-clock time since execution start:              0.0230269 seconds
20220314 013108.342 INFO             PET1 PIOc_sync Enter - MemInfo: [/proc/meminfo - SSI]	MemTotal:       131394444 kB
20220314 013108.342 INFO             PET1 PIOc_sync Enter - MemInfo: [/proc/meminfo - SSI]	MemFree:        123884152 kB
20220314 013108.342 INFO             PET1 PIOc_sync Enter - MemInfo: [/proc/meminfo - SSI]	MemAvailable:   123506384 kB
20220314 013108.342 INFO             PET1 PIOc_sync Enter - MemInfo: [/proc/meminfo - SSI]	Committed_AS:    3910440 kB
20220314 013108.342 INFO             PET1 PIOc_sync Enter - MemInfo: [/proc/meminfo - SSI]	CommittedPercent: 2.97611 %
20220314 013108.342 INFO             PET1 PIOc_sync Enter - MemInfo: [/proc/self/status]	VmPeak:	 3800264 kB
20220314 013108.342 INFO             PET1 PIOc_sync Enter - MemInfo: [/proc/self/status]	VmSize:	 3798168 kB
20220314 013108.342 INFO             PET1 PIOc_sync Enter - MemInfo: [/proc/self/status]	VmLck:	       0 kB
20220314 013108.342 INFO             PET1 PIOc_sync Enter - MemInfo: [/proc/self/status]	VmPin:	   82140 kB
20220314 013108.342 INFO             PET1 PIOc_sync Enter - MemInfo: [/proc/self/status]	VmHWM:	  143964 kB
20220314 013108.342 INFO             PET1 PIOc_sync Enter - MemInfo: [/proc/self/status]	VmRSS:	  143964 kB
20220314 013108.342 INFO             PET1 PIOc_sync Enter - MemInfo: [/proc/self/status]	VmData:	  268272 kB
20220314 013108.342 INFO             PET1 PIOc_sync Enter - MemInfo: [/proc/self/status]	VmStk:	     512 kB
20220314 013108.342 INFO             PET1 PIOc_sync Enter - MemInfo: [/proc/self/status]	VmExe:	    1940 kB
20220314 013108.342 INFO             PET1 PIOc_sync Enter - MemInfo: [/proc/self/status]	VmLib:	  104128 kB
20220314 013108.342 INFO             PET1 PIOc_sync Enter - MemInfo: [/proc/self/status]	VmPTE:	     688 kB
20220314 013108.342 INFO             PET1 PIOc_sync Enter - MemInfo: [/proc/self/status]	VmPMD:	      28 kB
20220314 013108.342 INFO             PET1 PIOc_sync Enter - MemInfo: [/proc/self/status]	VmSwap:	       0 kB
20220314 013108.342 INFO             PET1 PIOc_sync Enter - MemInfo: [/proc/self/status]	VmRSSPercent: 0.109566 %
20220314 013108.343 INFO             PET1 PIOc_sync Enter - MemInfo: [malloc] Non-mmapped space allocated:                 2490368 Byte
20220314 013108.343 INFO             PET1 PIOc_sync Enter - MemInfo: [malloc] Space allocated in mmapped regions:         85999616 Byte
20220314 013108.343 INFO             PET1 PIOc_sync Enter - MemInfo: [malloc] Maximum total allocated space:                     0 Byte
20220314 013108.343 INFO             PET1 PIOc_sync Enter - MemInfo: [malloc] Space in freed fastbin blocks:                   144 Byte
20220314 013108.343 INFO             PET1 PIOc_sync Enter - MemInfo: [malloc] Total allocated space:                       2253744 Byte
20220314 013108.343 INFO             PET1 PIOc_sync Enter - MemInfo: [malloc] Total free space:                             236624 Byte
20220314 013108.343 INFO             PET1 PIOc_sync Enter - MemInfo: [malloc] Top-most, releasable space:                   103920 Byte
20220314 013108.343 INFO             PET1 PIOc_sync Enter - MemInfo: [malloc] Total space in use, mmap + non-mmap:        88253360 Byte
20220314 013108.343 INFO             PET1 PIOc_sync Enter - MemInfo: [malloc] Total space held (mmap + non-mmap):         88489984 Byte
20220314 013108.343 INFO             PET1 PIOc_sync Enter - MemInfo: [malloc] Total space used (mmap + non-mmap):         88262720 Byte
20220314 013108.343 INFO             PET1 PIOc_sync Enter - MemInfo: Wall-clock time since execution start:              0.0243465 seconds
20220314 013108.343 INFO             PET1 PIOc_sync Exit - MemInfo: [/proc/meminfo - SSI]	MemTotal:       131394444 kB
20220314 013108.343 INFO             PET1 PIOc_sync Exit - MemInfo: [/proc/meminfo - SSI]	MemFree:        123884152 kB
20220314 013108.343 INFO             PET1 PIOc_sync Exit - MemInfo: [/proc/meminfo - SSI]	MemAvailable:   123506384 kB
20220314 013108.343 INFO             PET1 PIOc_sync Exit - MemInfo: [/proc/meminfo - SSI]	Committed_AS:    3910440 kB
20220314 013108.343 INFO             PET1 PIOc_sync Exit - MemInfo: [/proc/meminfo - SSI]	CommittedPercent: 2.97611 %
20220314 013108.343 INFO             PET1 PIOc_sync Exit - MemInfo: [/proc/self/status]	VmPeak:	 3800264 kB
20220314 013108.343 INFO             PET1 PIOc_sync Exit - MemInfo: [/proc/self/status]	VmSize:	 3798168 kB
20220314 013108.343 INFO             PET1 PIOc_sync Exit - MemInfo: [/proc/self/status]	VmLck:	       0 kB
20220314 013108.343 INFO             PET1 PIOc_sync Exit - MemInfo: [/proc/self/status]	VmPin:	   82140 kB
20220314 013108.343 INFO             PET1 PIOc_sync Exit - MemInfo: [/proc/self/status]	VmHWM:	  143964 kB
20220314 013108.343 INFO             PET1 PIOc_sync Exit - MemInfo: [/proc/self/status]	VmRSS:	  143964 kB
20220314 013108.343 INFO             PET1 PIOc_sync Exit - MemInfo: [/proc/self/status]	VmData:	  268272 kB
20220314 013108.343 INFO             PET1 PIOc_sync Exit - MemInfo: [/proc/self/status]	VmStk:	     512 kB
20220314 013108.343 INFO             PET1 PIOc_sync Exit - MemInfo: [/proc/self/status]	VmExe:	    1940 kB
20220314 013108.343 INFO             PET1 PIOc_sync Exit - MemInfo: [/proc/self/status]	VmLib:	  104128 kB
20220314 013108.343 INFO             PET1 PIOc_sync Exit - MemInfo: [/proc/self/status]	VmPTE:	     688 kB
20220314 013108.343 INFO             PET1 PIOc_sync Exit - MemInfo: [/proc/self/status]	VmPMD:	      28 kB
20220314 013108.343 INFO             PET1 PIOc_sync Exit - MemInfo: [/proc/self/status]	VmSwap:	       0 kB
20220314 013108.343 INFO             PET1 PIOc_sync Exit - MemInfo: [/proc/self/status]	VmRSSPercent: 0.109566 %
20220314 013108.343 INFO             PET1 PIOc_sync Exit - MemInfo: [malloc] Non-mmapped space allocated:                 2490368 Byte
20220314 013108.343 INFO             PET1 PIOc_sync Exit - MemInfo: [malloc] Space allocated in mmapped regions:         85999616 Byte
20220314 013108.343 INFO             PET1 PIOc_sync Exit - MemInfo: [malloc] Maximum total allocated space:                     0 Byte
20220314 013108.343 INFO             PET1 PIOc_sync Exit - MemInfo: [malloc] Space in freed fastbin blocks:                   144 Byte
20220314 013108.343 INFO             PET1 PIOc_sync Exit - MemInfo: [malloc] Total allocated space:                       2252960 Byte
20220314 013108.343 INFO             PET1 PIOc_sync Exit - MemInfo: [malloc] Total free space:                             237408 Byte
20220314 013108.343 INFO             PET1 PIOc_sync Exit - MemInfo: [malloc] Top-most, releasable space:                   104576 Byte
20220314 013108.343 INFO             PET1 PIOc_sync Exit - MemInfo: [malloc] Total space in use, mmap + non-mmap:        88252576 Byte
20220314 013108.343 INFO             PET1 PIOc_sync Exit - MemInfo: [malloc] Total space held (mmap + non-mmap):         88489984 Byte
20220314 013108.343 INFO             PET1 PIOc_sync Exit - MemInfo: [malloc] Total space used (mmap + non-mmap):         88261936 Byte
20220314 013108.343 INFO             PET1 PIOc_sync Exit - MemInfo: Wall-clock time since execution start:              0.0248961 seconds
20220314 013108.343 INFO             PET1 PIOc_freedecomp Enter - MemInfo: [/proc/meminfo - SSI]	MemTotal:       131394444 kB
20220314 013108.343 INFO             PET1 PIOc_freedecomp Enter - MemInfo: [/proc/meminfo - SSI]	MemFree:        123884152 kB
20220314 013108.343 INFO             PET1 PIOc_freedecomp Enter - MemInfo: [/proc/meminfo - SSI]	MemAvailable:   123506384 kB
20220314 013108.343 INFO             PET1 PIOc_freedecomp Enter - MemInfo: [/proc/meminfo - SSI]	Committed_AS:    3910440 kB
20220314 013108.343 INFO             PET1 PIOc_freedecomp Enter - MemInfo: [/proc/meminfo - SSI]	CommittedPercent: 2.97611 %
20220314 013108.343 INFO             PET1 PIOc_freedecomp Enter - MemInfo: [/proc/self/status]	VmPeak:	 3800264 kB
20220314 013108.343 INFO             PET1 PIOc_freedecomp Enter - MemInfo: [/proc/self/status]	VmSize:	 3798168 kB
20220314 013108.343 INFO             PET1 PIOc_freedecomp Enter - MemInfo: [/proc/self/status]	VmLck:	       0 kB
20220314 013108.343 INFO             PET1 PIOc_freedecomp Enter - MemInfo: [/proc/self/status]	VmPin:	   82140 kB
20220314 013108.343 INFO             PET1 PIOc_freedecomp Enter - MemInfo: [/proc/self/status]	VmHWM:	  143964 kB
20220314 013108.343 INFO             PET1 PIOc_freedecomp Enter - MemInfo: [/proc/self/status]	VmRSS:	  143964 kB
20220314 013108.343 INFO             PET1 PIOc_freedecomp Enter - MemInfo: [/proc/self/status]	VmData:	  268272 kB
20220314 013108.343 INFO             PET1 PIOc_freedecomp Enter - MemInfo: [/proc/self/status]	VmStk:	     512 kB
20220314 013108.343 INFO             PET1 PIOc_freedecomp Enter - MemInfo: [/proc/self/status]	VmExe:	    1940 kB
20220314 013108.343 INFO             PET1 PIOc_freedecomp Enter - MemInfo: [/proc/self/status]	VmLib:	  104128 kB
20220314 013108.343 INFO             PET1 PIOc_freedecomp Enter - MemInfo: [/proc/self/status]	VmPTE:	     688 kB
20220314 013108.343 INFO             PET1 PIOc_freedecomp Enter - MemInfo: [/proc/self/status]	VmPMD:	      28 kB
20220314 013108.343 INFO             PET1 PIOc_freedecomp Enter - MemInfo: [/proc/self/status]	VmSwap:	       0 kB
20220314 013108.343 INFO             PET1 PIOc_freedecomp Enter - MemInfo: [/proc/self/status]	VmRSSPercent: 0.109566 %
20220314 013108.343 INFO             PET1 PIOc_freedecomp Enter - MemInfo: [malloc] Non-mmapped space allocated:                 2490368 Byte
20220314 013108.343 INFO             PET1 PIOc_freedecomp Enter - MemInfo: [malloc] Space allocated in mmapped regions:         85999616 Byte
20220314 013108.343 INFO             PET1 PIOc_freedecomp Enter - MemInfo: [malloc] Maximum total allocated space:                     0 Byte
20220314 013108.343 INFO             PET1 PIOc_freedecomp Enter - MemInfo: [malloc] Space in freed fastbin blocks:                   240 Byte
20220314 013108.343 INFO             PET1 PIOc_freedecomp Enter - MemInfo: [malloc] Total allocated space:                       2251072 Byte
20220314 013108.343 INFO             PET1 PIOc_freedecomp Enter - MemInfo: [malloc] Total free space:                             239296 Byte
20220314 013108.343 INFO             PET1 PIOc_freedecomp Enter - MemInfo: [malloc] Top-most, releasable space:                   104880 Byte
20220314 013108.343 INFO             PET1 PIOc_freedecomp Enter - MemInfo: [malloc] Total space in use, mmap + non-mmap:        88250688 Byte
20220314 013108.344 INFO             PET1 PIOc_freedecomp Enter - MemInfo: [malloc] Total space held (mmap + non-mmap):         88489984 Byte
20220314 013108.344 INFO             PET1 PIOc_freedecomp Enter - MemInfo: [malloc] Total space used (mmap + non-mmap):         88260048 Byte
20220314 013108.344 INFO             PET1 PIOc_freedecomp Enter - MemInfo: Wall-clock time since execution start:              0.0252752 seconds
20220314 013108.344 INFO             PET1 PIOc_freedecomp Exit - MemInfo: [/proc/meminfo - SSI]	MemTotal:       131394444 kB
20220314 013108.344 INFO             PET1 PIOc_freedecomp Exit - MemInfo: [/proc/meminfo - SSI]	MemFree:        123884152 kB
20220314 013108.344 INFO             PET1 PIOc_freedecomp Exit - MemInfo: [/proc/meminfo - SSI]	MemAvailable:   123506384 kB
20220314 013108.344 INFO             PET1 PIOc_freedecomp Exit - MemInfo: [/proc/meminfo - SSI]	Committed_AS:    3910440 kB
20220314 013108.344 INFO             PET1 PIOc_freedecomp Exit - MemInfo: [/proc/meminfo - SSI]	CommittedPercent: 2.97611 %
20220314 013108.344 INFO             PET1 PIOc_freedecomp Exit - MemInfo: [/proc/self/status]	VmPeak:	 3800264 kB
20220314 013108.344 INFO             PET1 PIOc_freedecomp Exit - MemInfo: [/proc/self/status]	VmSize:	 3798168 kB
20220314 013108.344 INFO             PET1 PIOc_freedecomp Exit - MemInfo: [/proc/self/status]	VmLck:	       0 kB
20220314 013108.344 INFO             PET1 PIOc_freedecomp Exit - MemInfo: [/proc/self/status]	VmPin:	   82140 kB
20220314 013108.344 INFO             PET1 PIOc_freedecomp Exit - MemInfo: [/proc/self/status]	VmHWM:	  143964 kB
20220314 013108.344 INFO             PET1 PIOc_freedecomp Exit - MemInfo: [/proc/self/status]	VmRSS:	  143964 kB
20220314 013108.344 INFO             PET1 PIOc_freedecomp Exit - MemInfo: [/proc/self/status]	VmData:	  268272 kB
20220314 013108.344 INFO             PET1 PIOc_freedecomp Exit - MemInfo: [/proc/self/status]	VmStk:	     512 kB
20220314 013108.344 INFO             PET1 PIOc_freedecomp Exit - MemInfo: [/proc/self/status]	VmExe:	    1940 kB
20220314 013108.344 INFO             PET1 PIOc_freedecomp Exit - MemInfo: [/proc/self/status]	VmLib:	  104128 kB
20220314 013108.344 INFO             PET1 PIOc_freedecomp Exit - MemInfo: [/proc/self/status]	VmPTE:	     688 kB
20220314 013108.344 INFO             PET1 PIOc_freedecomp Exit - MemInfo: [/proc/self/status]	VmPMD:	      28 kB
20220314 013108.344 INFO             PET1 PIOc_freedecomp Exit - MemInfo: [/proc/self/status]	VmSwap:	       0 kB
20220314 013108.344 INFO             PET1 PIOc_freedecomp Exit - MemInfo: [/proc/self/status]	VmRSSPercent: 0.109566 %
20220314 013108.344 INFO             PET1 PIOc_freedecomp Exit - MemInfo: [malloc] Non-mmapped space allocated:                 2490368 Byte
20220314 013108.344 INFO             PET1 PIOc_freedecomp Exit - MemInfo: [malloc] Space allocated in mmapped regions:         85999616 Byte
20220314 013108.344 INFO             PET1 PIOc_freedecomp Exit - MemInfo: [malloc] Maximum total allocated space:                     0 Byte
20220314 013108.344 INFO             PET1 PIOc_freedecomp Exit - MemInfo: [malloc] Space in freed fastbin blocks:                   352 Byte
20220314 013108.344 INFO             PET1 PIOc_freedecomp Exit - MemInfo: [malloc] Total allocated space:                       2249696 Byte
20220314 013108.344 INFO             PET1 PIOc_freedecomp Exit - MemInfo: [malloc] Total free space:                             240672 Byte
20220314 013108.344 INFO             PET1 PIOc_freedecomp Exit - MemInfo: [malloc] Top-most, releasable space:                   105408 Byte
20220314 013108.344 INFO             PET1 PIOc_freedecomp Exit - MemInfo: [malloc] Total space in use, mmap + non-mmap:        88249312 Byte
20220314 013108.344 INFO             PET1 PIOc_freedecomp Exit - MemInfo: [malloc] Total space held (mmap + non-mmap):         88489984 Byte
20220314 013108.344 INFO             PET1 PIOc_freedecomp Exit - MemInfo: [malloc] Total space used (mmap + non-mmap):         88258672 Byte
20220314 013108.344 INFO             PET1 PIOc_freedecomp Exit - MemInfo: Wall-clock time since execution start:              0.0256236 seconds
20220314 013108.344 INFO             PET1  PASS  ESMF_OutputWeightFile, ESMF_IOUTest.F90, line 81
20220314 013108.348 INFO             PET1  PASS  call ESMF_OutputWeightFile with empty factor list on four PETs, ESMF_IOUTest.F90, line 191
20220314 013108.348 INFO             PET1  Ending Test, file ESMF_IOUTest.F90, line 201
20220314 013108.348 INFO             PET1 Finalizing ESMF
20220314 013108.329 INFO             PET2 !!!!!!!!!!!!!!!!!!!!!!!!!!!!!!!!!!!!!!!!!!!!!!!!!!!!!!
20220314 013108.329 INFO             PET2 !!! THE ESMF_LOG IS SET TO OUTPUT ALL LOG MESSAGES !!!
20220314 013108.329 INFO             PET2 !!!     THIS MAY CAUSE SLOWDOWN IN PERFORMANCE     !!!
20220314 013108.329 INFO             PET2 !!! FOR PRODUCTION RUNS, USE:                      !!!
20220314 013108.329 INFO             PET2 !!!                   ESMF_LOGKIND_Multi_On_Error  !!!
20220314 013108.329 INFO             PET2 !!!!!!!!!!!!!!!!!!!!!!!!!!!!!!!!!!!!!!!!!!!!!!!!!!!!!!
20220314 013108.329 INFO             PET2 Running with ESMF Version   : v8.3.0b09-96-g559b459836
20220314 013108.329 INFO             PET2 ESMF library build date/time: "Mar 14 2022" "01:12:17"
20220314 013108.329 INFO             PET2 ESMF library build location : /gpfsm/dnb04/projects/p98/mpotts/esmf/intel_2020_intelmpi_O_jedwards_pio_update2
20220314 013108.329 INFO             PET2 ESMF_COMM                   : intelmpi
20220314 013108.330 INFO             PET2 ESMF_MOAB                   : enabled
20220314 013108.330 INFO             PET2 ESMF_LAPACK                 : enabled
20220314 013108.330 INFO             PET2 ESMF_NETCDF                 : enabled
20220314 013108.330 INFO             PET2 ESMF_PNETCDF                : disabled
20220314 013108.330 INFO             PET2 ESMF_PIO                    : enabled
20220314 013108.330 INFO             PET2 ESMF_YAMLCPP                : enabled
20220314 013108.330 INFO             PET2  Beginning Test, file ESMF_IOUTest.F90, line 57
20220314 013108.330 INFO             PET2  NUMBER_OF_PROCESSORS           4
20220314 013108.330 INFO             PET2 Starting Test:  ESMF_OutputWeightFile
20220314 013108.335 INFO             PET2 PIOc_sync Enter - MemInfo: [/proc/meminfo - SSI]	MemTotal:       131394444 kB
20220314 013108.335 INFO             PET2 PIOc_sync Enter - MemInfo: [/proc/meminfo - SSI]	MemFree:        123884276 kB
20220314 013108.335 INFO             PET2 PIOc_sync Enter - MemInfo: [/proc/meminfo - SSI]	MemAvailable:   123506508 kB
20220314 013108.335 INFO             PET2 PIOc_sync Enter - MemInfo: [/proc/meminfo - SSI]	Committed_AS:    3910440 kB
20220314 013108.335 INFO             PET2 PIOc_sync Enter - MemInfo: [/proc/meminfo - SSI]	CommittedPercent: 2.97611 %
20220314 013108.336 INFO             PET2 PIOc_sync Enter - MemInfo: [/proc/self/status]	VmPeak:	 3798344 kB
20220314 013108.336 INFO             PET2 PIOc_sync Enter - MemInfo: [/proc/self/status]	VmSize:	 3773588 kB
20220314 013108.336 INFO             PET2 PIOc_sync Enter - MemInfo: [/proc/self/status]	VmLck:	       0 kB
20220314 013108.336 INFO             PET2 PIOc_sync Enter - MemInfo: [/proc/self/status]	VmPin:	   82140 kB
20220314 013108.336 INFO             PET2 PIOc_sync Enter - MemInfo: [/proc/self/status]	VmHWM:	  147984 kB
20220314 013108.336 INFO             PET2 PIOc_sync Enter - MemInfo: [/proc/self/status]	VmRSS:	  147984 kB
20220314 013108.336 INFO             PET2 PIOc_sync Enter - MemInfo: [/proc/self/status]	VmData:	  243692 kB
20220314 013108.336 INFO             PET2 PIOc_sync Enter - MemInfo: [/proc/self/status]	VmStk:	     512 kB
20220314 013108.336 INFO             PET2 PIOc_sync Enter - MemInfo: [/proc/self/status]	VmExe:	    1940 kB
20220314 013108.336 INFO             PET2 PIOc_sync Enter - MemInfo: [/proc/self/status]	VmLib:	  104128 kB
20220314 013108.336 INFO             PET2 PIOc_sync Enter - MemInfo: [/proc/self/status]	VmPTE:	     704 kB
20220314 013108.336 INFO             PET2 PIOc_sync Enter - MemInfo: [/proc/self/status]	VmPMD:	      32 kB
20220314 013108.336 INFO             PET2 PIOc_sync Enter - MemInfo: [/proc/self/status]	VmSwap:	       0 kB
20220314 013108.336 INFO             PET2 PIOc_sync Enter - MemInfo: [/proc/self/status]	VmRSSPercent: 0.112626 %
20220314 013108.336 INFO             PET2 PIOc_sync Enter - MemInfo: [malloc] Non-mmapped space allocated:                25559040 Byte
20220314 013108.336 INFO             PET2 PIOc_sync Enter - MemInfo: [malloc] Space allocated in mmapped regions:         62926848 Byte
20220314 013108.336 INFO             PET2 PIOc_sync Enter - MemInfo: [malloc] Maximum total allocated space:                     0 Byte
20220314 013108.336 INFO             PET2 PIOc_sync Enter - MemInfo: [malloc] Space in freed fastbin blocks:                   672 Byte
20220314 013108.336 INFO             PET2 PIOc_sync Enter - MemInfo: [malloc] Total allocated space:                      23225024 Byte
20220314 013108.336 INFO             PET2 PIOc_sync Enter - MemInfo: [malloc] Total free space:                            2334016 Byte
20220314 013108.336 INFO             PET2 PIOc_sync Enter - MemInfo: [malloc] Top-most, releasable space:                   103360 Byte
20220314 013108.336 INFO             PET2 PIOc_sync Enter - MemInfo: [malloc] Total space in use, mmap + non-mmap:        86151872 Byte
20220314 013108.336 INFO             PET2 PIOc_sync Enter - MemInfo: [malloc] Total space held (mmap + non-mmap):         88485888 Byte
20220314 013108.336 INFO             PET2 PIOc_sync Enter - MemInfo: [malloc] Total space used (mmap + non-mmap):         86161232 Byte
20220314 013108.336 INFO             PET2 PIOc_sync Enter - MemInfo: Wall-clock time since execution start:              0.0172221 seconds
20220314 013108.337 INFO             PET2 PIOc_sync Exit - MemInfo: [/proc/meminfo - SSI]	MemTotal:       131394444 kB
20220314 013108.337 INFO             PET2 PIOc_sync Exit - MemInfo: [/proc/meminfo - SSI]	MemFree:        123883780 kB
20220314 013108.337 INFO             PET2 PIOc_sync Exit - MemInfo: [/proc/meminfo - SSI]	MemAvailable:   123506012 kB
20220314 013108.337 INFO             PET2 PIOc_sync Exit - MemInfo: [/proc/meminfo - SSI]	Committed_AS:    3910440 kB
20220314 013108.337 INFO             PET2 PIOc_sync Exit - MemInfo: [/proc/meminfo - SSI]	CommittedPercent: 2.97611 %
20220314 013108.337 INFO             PET2 PIOc_sync Exit - MemInfo: [/proc/self/status]	VmPeak:	 3798344 kB
20220314 013108.337 INFO             PET2 PIOc_sync Exit - MemInfo: [/proc/self/status]	VmSize:	 3773588 kB
20220314 013108.337 INFO             PET2 PIOc_sync Exit - MemInfo: [/proc/self/status]	VmLck:	       0 kB
20220314 013108.337 INFO             PET2 PIOc_sync Exit - MemInfo: [/proc/self/status]	VmPin:	   82140 kB
20220314 013108.337 INFO             PET2 PIOc_sync Exit - MemInfo: [/proc/self/status]	VmHWM:	  148132 kB
20220314 013108.337 INFO             PET2 PIOc_sync Exit - MemInfo: [/proc/self/status]	VmRSS:	  148132 kB
20220314 013108.337 INFO             PET2 PIOc_sync Exit - MemInfo: [/proc/self/status]	VmData:	  243692 kB
20220314 013108.337 INFO             PET2 PIOc_sync Exit - MemInfo: [/proc/self/status]	VmStk:	     512 kB
20220314 013108.337 INFO             PET2 PIOc_sync Exit - MemInfo: [/proc/self/status]	VmExe:	    1940 kB
20220314 013108.337 INFO             PET2 PIOc_sync Exit - MemInfo: [/proc/self/status]	VmLib:	  104128 kB
