build time -- 2022-03-12 01:15:23.324414
20220312 013553.736 INFO             PET0 !!!!!!!!!!!!!!!!!!!!!!!!!!!!!!!!!!!!!!!!!!!!!!!!!!!!!!
20220312 013553.736 INFO             PET0 !!! THE ESMF_LOG IS SET TO OUTPUT ALL LOG MESSAGES !!!
20220312 013553.736 INFO             PET0 !!!     THIS MAY CAUSE SLOWDOWN IN PERFORMANCE     !!!
20220312 013553.736 INFO             PET0 !!! FOR PRODUCTION RUNS, USE:                      !!!
20220312 013553.736 INFO             PET0 !!!                   ESMF_LOGKIND_Multi_On_Error  !!!
20220312 013553.736 INFO             PET0 !!!!!!!!!!!!!!!!!!!!!!!!!!!!!!!!!!!!!!!!!!!!!!!!!!!!!!
20220312 013553.736 INFO             PET0 Running with ESMF Version   : v8.3.0b09-96-g559b459836
20220312 013553.736 INFO             PET0 ESMF library build date/time: "Mar 12 2022" "01:13:12"
20220312 013553.736 INFO             PET0 ESMF library build location : /gpfsm/dnb04/projects/p98/mpotts/esmf/intel_2020_intelmpi_O_jedwards_pio_update2
20220312 013553.736 INFO             PET0 ESMF_COMM                   : intelmpi
20220312 013553.737 INFO             PET0 ESMF_MOAB                   : enabled
20220312 013553.737 INFO             PET0 ESMF_LAPACK                 : enabled
20220312 013553.737 INFO             PET0 ESMF_NETCDF                 : enabled
20220312 013553.737 INFO             PET0 ESMF_PNETCDF                : disabled
20220312 013553.737 INFO             PET0 ESMF_PIO                    : enabled
20220312 013553.737 INFO             PET0 ESMF_YAMLCPP                : enabled
20220312 013553.737 INFO             PET0  Beginning Test, file ESMF_FieldIOUTest.F90, line 123
20220312 013553.737 INFO             PET0  NUMBER_OF_PROCESSORS           4
20220312 013553.737 INFO             PET0  PASS  Array Spec Set, ESMF_FieldIOUTest.F90, line 146
20220312 013553.738 INFO             PET0  PASS  Creating a Grid to use in Field Tests, ESMF_FieldIOUTest.F90, line 157
20220312 013553.738 INFO             PET0  PASS  Create a field from grid and fortran dummy array, ESMF_FieldIOUTest.F90, line 179
20220312 013553.738 INFO             PET0  PASS  Get Farray_w from field, ESMF_FieldIOUTest.F90, line 190
20220312 013553.743 INFO             PET0 PIOc_sync Enter - MemInfo: [/proc/meminfo - SSI]	MemTotal:       131394444 kB
20220312 013553.743 INFO             PET0 PIOc_sync Enter - MemInfo: [/proc/meminfo - SSI]	MemFree:        118793244 kB
20220312 013553.743 INFO             PET0 PIOc_sync Enter - MemInfo: [/proc/meminfo - SSI]	MemAvailable:   118450856 kB
20220312 013553.743 INFO             PET0 PIOc_sync Enter - MemInfo: [/proc/meminfo - SSI]	Committed_AS:    3883584 kB
20220312 013553.743 INFO             PET0 PIOc_sync Enter - MemInfo: [/proc/meminfo - SSI]	CommittedPercent: 2.95567 %
20220312 013553.743 INFO             PET0 PIOc_sync Enter - MemInfo: [/proc/self/status]	VmPeak:	 3800224 kB
20220312 013553.743 INFO             PET0 PIOc_sync Enter - MemInfo: [/proc/self/status]	VmSize:	 3788924 kB
20220312 013553.743 INFO             PET0 PIOc_sync Enter - MemInfo: [/proc/self/status]	VmLck:	       0 kB
20220312 013553.743 INFO             PET0 PIOc_sync Enter - MemInfo: [/proc/self/status]	VmPin:	   71900 kB
20220312 013553.743 INFO             PET0 PIOc_sync Enter - MemInfo: [/proc/self/status]	VmHWM:	  139792 kB
20220312 013553.743 INFO             PET0 PIOc_sync Enter - MemInfo: [/proc/self/status]	VmRSS:	  139792 kB
20220312 013553.743 INFO             PET0 PIOc_sync Enter - MemInfo: [/proc/self/status]	VmData:	  258952 kB
20220312 013553.743 INFO             PET0 PIOc_sync Enter - MemInfo: [/proc/self/status]	VmStk:	     512 kB
20220312 013553.743 INFO             PET0 PIOc_sync Enter - MemInfo: [/proc/self/status]	VmExe:	    2016 kB
20220312 013553.743 INFO             PET0 PIOc_sync Enter - MemInfo: [/proc/self/status]	VmLib:	  104128 kB
20220312 013553.743 INFO             PET0 PIOc_sync Enter - MemInfo: [/proc/self/status]	VmPTE:	     688 kB
20220312 013553.743 INFO             PET0 PIOc_sync Enter - MemInfo: [/proc/self/status]	VmPMD:	      32 kB
20220312 013553.743 INFO             PET0 PIOc_sync Enter - MemInfo: [/proc/self/status]	VmSwap:	       0 kB
20220312 013553.743 INFO             PET0 PIOc_sync Enter - MemInfo: [/proc/self/status]	VmRSSPercent: 0.106391 %
20220312 013553.743 INFO             PET0 PIOc_sync Enter - MemInfo: [malloc] Non-mmapped space allocated:                 2904064 Byte
20220312 013553.743 INFO             PET0 PIOc_sync Enter - MemInfo: [malloc] Space allocated in mmapped regions:         76042240 Byte
20220312 013553.743 INFO             PET0 PIOc_sync Enter - MemInfo: [malloc] Maximum total allocated space:                     0 Byte
20220312 013553.743 INFO             PET0 PIOc_sync Enter - MemInfo: [malloc] Space in freed fastbin blocks:                   448 Byte
20220312 013553.743 INFO             PET0 PIOc_sync Enter - MemInfo: [malloc] Total allocated space:                       2723216 Byte
20220312 013553.743 INFO             PET0 PIOc_sync Enter - MemInfo: [malloc] Total free space:                             180848 Byte
20220312 013553.743 INFO             PET0 PIOc_sync Enter - MemInfo: [malloc] Top-most, releasable space:                    48288 Byte
20220312 013553.743 INFO             PET0 PIOc_sync Enter - MemInfo: [malloc] Total space in use, mmap + non-mmap:        78765456 Byte
20220312 013553.743 INFO             PET0 PIOc_sync Enter - MemInfo: [malloc] Total space held (mmap + non-mmap):         78946304 Byte
20220312 013553.743 INFO             PET0 PIOc_sync Enter - MemInfo: [malloc] Total space used (mmap + non-mmap):         78774816 Byte
20220312 013553.743 INFO             PET0 PIOc_sync Enter - MemInfo: Wall-clock time since execution start:              0.0142161 seconds
20220312 013553.744 INFO             PET0 PIOc_sync Exit - MemInfo: [/proc/meminfo - SSI]	MemTotal:       131394444 kB
20220312 013553.744 INFO             PET0 PIOc_sync Exit - MemInfo: [/proc/meminfo - SSI]	MemFree:        118793244 kB
20220312 013553.744 INFO             PET0 PIOc_sync Exit - MemInfo: [/proc/meminfo - SSI]	MemAvailable:   118450856 kB
20220312 013553.744 INFO             PET0 PIOc_sync Exit - MemInfo: [/proc/meminfo - SSI]	Committed_AS:    3883584 kB
20220312 013553.744 INFO             PET0 PIOc_sync Exit - MemInfo: [/proc/meminfo - SSI]	CommittedPercent: 2.95567 %
20220312 013553.744 INFO             PET0 PIOc_sync Exit - MemInfo: [/proc/self/status]	VmPeak:	 3800224 kB
20220312 013553.744 INFO             PET0 PIOc_sync Exit - MemInfo: [/proc/self/status]	VmSize:	 3788924 kB
20220312 013553.744 INFO             PET0 PIOc_sync Exit - MemInfo: [/proc/self/status]	VmLck:	       0 kB
20220312 013553.744 INFO             PET0 PIOc_sync Exit - MemInfo: [/proc/self/status]	VmPin:	   71900 kB
20220312 013553.744 INFO             PET0 PIOc_sync Exit - MemInfo: [/proc/self/status]	VmHWM:	  139988 kB
20220312 013553.744 INFO             PET0 PIOc_sync Exit - MemInfo: [/proc/self/status]	VmRSS:	  139988 kB
20220312 013553.744 INFO             PET0 PIOc_sync Exit - MemInfo: [/proc/self/status]	VmData:	  258952 kB
20220312 013553.744 INFO             PET0 PIOc_sync Exit - MemInfo: [/proc/self/status]	VmStk:	     512 kB
20220312 013553.744 INFO             PET0 PIOc_sync Exit - MemInfo: [/proc/self/status]	VmExe:	    2016 kB
20220312 013553.744 INFO             PET0 PIOc_sync Exit - MemInfo: [/proc/self/status]	VmLib:	  104128 kB
20220312 013553.744 INFO             PET0 PIOc_sync Exit - MemInfo: [/proc/self/status]	VmPTE:	     688 kB
20220312 013553.744 INFO             PET0 PIOc_sync Exit - MemInfo: [/proc/self/status]	VmPMD:	      32 kB
20220312 013553.744 INFO             PET0 PIOc_sync Exit - MemInfo: [/proc/self/status]	VmSwap:	       0 kB
20220312 013553.744 INFO             PET0 PIOc_sync Exit - MemInfo: [/proc/self/status]	VmRSSPercent: 0.10654 %
20220312 013553.744 INFO             PET0 PIOc_sync Exit - MemInfo: [malloc] Non-mmapped space allocated:                 2904064 Byte
20220312 013553.744 INFO             PET0 PIOc_sync Exit - MemInfo: [malloc] Space allocated in mmapped regions:         76042240 Byte
20220312 013553.744 INFO             PET0 PIOc_sync Exit - MemInfo: [malloc] Maximum total allocated space:                     0 Byte
20220312 013553.744 INFO             PET0 PIOc_sync Exit - MemInfo: [malloc] Space in freed fastbin blocks:                   544 Byte
20220312 013553.744 INFO             PET0 PIOc_sync Exit - MemInfo: [malloc] Total allocated space:                       2721808 Byte
20220312 013553.744 INFO             PET0 PIOc_sync Exit - MemInfo: [malloc] Total free space:                             182256 Byte
20220312 013553.744 INFO             PET0 PIOc_sync Exit - MemInfo: [malloc] Top-most, releasable space:                    49024 Byte
20220312 013553.744 INFO             PET0 PIOc_sync Exit - MemInfo: [malloc] Total space in use, mmap + non-mmap:        78764048 Byte
20220312 013553.744 INFO             PET0 PIOc_sync Exit - MemInfo: [malloc] Total space held (mmap + non-mmap):         78946304 Byte
20220312 013553.744 INFO             PET0 PIOc_sync Exit - MemInfo: [malloc] Total space used (mmap + non-mmap):         78773408 Byte
20220312 013553.744 INFO             PET0 PIOc_sync Exit - MemInfo: Wall-clock time since execution start:              0.0155334 seconds
20220312 013553.744 INFO             PET0 PIOc_freedecomp Enter - MemInfo: [/proc/meminfo - SSI]	MemTotal:       131394444 kB
20220312 013553.744 INFO             PET0 PIOc_freedecomp Enter - MemInfo: [/proc/meminfo - SSI]	MemFree:        118794456 kB
20220312 013553.744 INFO             PET0 PIOc_freedecomp Enter - MemInfo: [/proc/meminfo - SSI]	MemAvailable:   118452068 kB
20220312 013553.745 INFO             PET0 PIOc_freedecomp Enter - MemInfo: [/proc/meminfo - SSI]	Committed_AS:    3883584 kB
20220312 013553.745 INFO             PET0 PIOc_freedecomp Enter - MemInfo: [/proc/meminfo - SSI]	CommittedPercent: 2.95567 %
20220312 013553.745 INFO             PET0 PIOc_freedecomp Enter - MemInfo: [/proc/self/status]	VmPeak:	 3800224 kB
20220312 013553.745 INFO             PET0 PIOc_freedecomp Enter - MemInfo: [/proc/self/status]	VmSize:	 3786356 kB
20220312 013553.745 INFO             PET0 PIOc_freedecomp Enter - MemInfo: [/proc/self/status]	VmLck:	       0 kB
20220312 013553.745 INFO             PET0 PIOc_freedecomp Enter - MemInfo: [/proc/self/status]	VmPin:	   71900 kB
20220312 013553.745 INFO             PET0 PIOc_freedecomp Enter - MemInfo: [/proc/self/status]	VmHWM:	  139988 kB
20220312 013553.745 INFO             PET0 PIOc_freedecomp Enter - MemInfo: [/proc/self/status]	VmRSS:	  137936 kB
20220312 013553.745 INFO             PET0 PIOc_freedecomp Enter - MemInfo: [/proc/self/status]	VmData:	  256384 kB
20220312 013553.745 INFO             PET0 PIOc_freedecomp Enter - MemInfo: [/proc/self/status]	VmStk:	     512 kB
20220312 013553.745 INFO             PET0 PIOc_freedecomp Enter - MemInfo: [/proc/self/status]	VmExe:	    2016 kB
20220312 013553.745 INFO             PET0 PIOc_freedecomp Enter - MemInfo: [/proc/self/status]	VmLib:	  104128 kB
20220312 013553.745 INFO             PET0 PIOc_freedecomp Enter - MemInfo: [/proc/self/status]	VmPTE:	     684 kB
20220312 013553.745 INFO             PET0 PIOc_freedecomp Enter - MemInfo: [/proc/self/status]	VmPMD:	      32 kB
20220312 013553.745 INFO             PET0 PIOc_freedecomp Enter - MemInfo: [/proc/self/status]	VmSwap:	       0 kB
20220312 013553.745 INFO             PET0 PIOc_freedecomp Enter - MemInfo: [/proc/self/status]	VmRSSPercent: 0.104979 %
20220312 013553.745 INFO             PET0 PIOc_freedecomp Enter - MemInfo: [malloc] Non-mmapped space allocated:                 2904064 Byte
20220312 013553.745 INFO             PET0 PIOc_freedecomp Enter - MemInfo: [malloc] Space allocated in mmapped regions:         73412608 Byte
20220312 013553.745 INFO             PET0 PIOc_freedecomp Enter - MemInfo: [malloc] Maximum total allocated space:                     0 Byte
20220312 013553.745 INFO             PET0 PIOc_freedecomp Enter - MemInfo: [malloc] Space in freed fastbin blocks:                  1392 Byte
20220312 013553.745 INFO             PET0 PIOc_freedecomp Enter - MemInfo: [malloc] Total allocated space:                       2708544 Byte
20220312 013553.745 INFO             PET0 PIOc_freedecomp Enter - MemInfo: [malloc] Total free space:                             195520 Byte
20220312 013553.745 INFO             PET0 PIOc_freedecomp Enter - MemInfo: [malloc] Top-most, releasable space:                    59520 Byte
20220312 013553.745 INFO             PET0 PIOc_freedecomp Enter - MemInfo: [malloc] Total space in use, mmap + non-mmap:        76121152 Byte
20220312 013553.745 INFO             PET0 PIOc_freedecomp Enter - MemInfo: [malloc] Total space held (mmap + non-mmap):         76316672 Byte
20220312 013553.745 INFO             PET0 PIOc_freedecomp Enter - MemInfo: [malloc] Total space used (mmap + non-mmap):         76130512 Byte
20220312 013553.745 INFO             PET0 PIOc_freedecomp Enter - MemInfo: Wall-clock time since execution start:              0.0161006 seconds
20220312 013553.745 INFO             PET0 PIOc_freedecomp Exit - MemInfo: [/proc/meminfo - SSI]	MemTotal:       131394444 kB
20220312 013553.745 INFO             PET0 PIOc_freedecomp Exit - MemInfo: [/proc/meminfo - SSI]	MemFree:        118794456 kB
20220312 013553.745 INFO             PET0 PIOc_freedecomp Exit - MemInfo: [/proc/meminfo - SSI]	MemAvailable:   118452068 kB
20220312 013553.745 INFO             PET0 PIOc_freedecomp Exit - MemInfo: [/proc/meminfo - SSI]	Committed_AS:    3883584 kB
20220312 013553.745 INFO             PET0 PIOc_freedecomp Exit - MemInfo: [/proc/meminfo - SSI]	CommittedPercent: 2.95567 %
20220312 013553.745 INFO             PET0 PIOc_freedecomp Exit - MemInfo: [/proc/self/status]	VmPeak:	 3800224 kB
20220312 013553.745 INFO             PET0 PIOc_freedecomp Exit - MemInfo: [/proc/self/status]	VmSize:	 3786356 kB
20220312 013553.745 INFO             PET0 PIOc_freedecomp Exit - MemInfo: [/proc/self/status]	VmLck:	       0 kB
20220312 013553.745 INFO             PET0 PIOc_freedecomp Exit - MemInfo: [/proc/self/status]	VmPin:	   71900 kB
20220312 013553.745 INFO             PET0 PIOc_freedecomp Exit - MemInfo: [/proc/self/status]	VmHWM:	  139988 kB
20220312 013553.745 INFO             PET0 PIOc_freedecomp Exit - MemInfo: [/proc/self/status]	VmRSS:	  137936 kB
20220312 013553.745 INFO             PET0 PIOc_freedecomp Exit - MemInfo: [/proc/self/status]	VmData:	  256384 kB
20220312 013553.745 INFO             PET0 PIOc_freedecomp Exit - MemInfo: [/proc/self/status]	VmStk:	     512 kB
20220312 013553.745 INFO             PET0 PIOc_freedecomp Exit - MemInfo: [/proc/self/status]	VmExe:	    2016 kB
20220312 013553.745 INFO             PET0 PIOc_freedecomp Exit - MemInfo: [/proc/self/status]	VmLib:	  104128 kB
20220312 013553.745 INFO             PET0 PIOc_freedecomp Exit - MemInfo: [/proc/self/status]	VmPTE:	     684 kB
20220312 013553.745 INFO             PET0 PIOc_freedecomp Exit - MemInfo: [/proc/self/status]	VmPMD:	      32 kB
20220312 013553.745 INFO             PET0 PIOc_freedecomp Exit - MemInfo: [/proc/self/status]	VmSwap:	       0 kB
20220312 013553.745 INFO             PET0 PIOc_freedecomp Exit - MemInfo: [/proc/self/status]	VmRSSPercent: 0.104979 %
20220312 013553.745 INFO             PET0 PIOc_freedecomp Exit - MemInfo: [malloc] Non-mmapped space allocated:                 2904064 Byte
20220312 013553.745 INFO             PET0 PIOc_freedecomp Exit - MemInfo: [malloc] Space allocated in mmapped regions:         73412608 Byte
20220312 013553.745 INFO             PET0 PIOc_freedecomp Exit - MemInfo: [malloc] Maximum total allocated space:                     0 Byte
20220312 013553.745 INFO             PET0 PIOc_freedecomp Exit - MemInfo: [malloc] Space in freed fastbin blocks:                   800 Byte
20220312 013553.745 INFO             PET0 PIOc_freedecomp Exit - MemInfo: [malloc] Total allocated space:                       2704192 Byte
20220312 013553.745 INFO             PET0 PIOc_freedecomp Exit - MemInfo: [malloc] Total free space:                             199872 Byte
20220312 013553.745 INFO             PET0 PIOc_freedecomp Exit - MemInfo: [malloc] Top-most, releasable space:                    60256 Byte
20220312 013553.745 INFO             PET0 PIOc_freedecomp Exit - MemInfo: [malloc] Total space in use, mmap + non-mmap:        76116800 Byte
20220312 013553.745 INFO             PET0 PIOc_freedecomp Exit - MemInfo: [malloc] Total space held (mmap + non-mmap):         76316672 Byte
20220312 013553.745 INFO             PET0 PIOc_freedecomp Exit - MemInfo: [malloc] Total space used (mmap + non-mmap):         76126160 Byte
20220312 013553.745 INFO             PET0 PIOc_freedecomp Exit - MemInfo: Wall-clock time since execution start:              0.0164306 seconds
20220312 013553.745 INFO             PET0  PASS  Write Fortran array in Field, ESMF_FieldIOUTest.F90, line 219
20220312 013553.745 INFO             PET0  PASS  Create a field from grid and fortran dummy array without halo, ESMF_FieldIOUTest.F90, line 233
20220312 013553.745 INFO             PET0  PASS  Get Farray_w from nohalo field, ESMF_FieldIOUTest.F90, line 244
20220312 013553.747 INFO             PET0 PIOc_sync Enter - MemInfo: [/proc/meminfo - SSI]	MemTotal:       131394444 kB
20220312 013553.747 INFO             PET0 PIOc_sync Enter - MemInfo: [/proc/meminfo - SSI]	MemFree:        118793492 kB
20220312 013553.747 INFO             PET0 PIOc_sync Enter - MemInfo: [/proc/meminfo - SSI]	MemAvailable:   118451104 kB
20220312 013553.747 INFO             PET0 PIOc_sync Enter - MemInfo: [/proc/meminfo - SSI]	Committed_AS:    3883584 kB
20220312 013553.747 INFO             PET0 PIOc_sync Enter - MemInfo: [/proc/meminfo - SSI]	CommittedPercent: 2.95567 %
20220312 013553.747 INFO             PET0 PIOc_sync Enter - MemInfo: [/proc/self/status]	VmPeak:	 3800224 kB
20220312 013553.747 INFO             PET0 PIOc_sync Enter - MemInfo: [/proc/self/status]	VmSize:	 3788988 kB
20220312 013553.747 INFO             PET0 PIOc_sync Enter - MemInfo: [/proc/self/status]	VmLck:	       0 kB
20220312 013553.747 INFO             PET0 PIOc_sync Enter - MemInfo: [/proc/self/status]	VmPin:	   71900 kB
20220312 013553.747 INFO             PET0 PIOc_sync Enter - MemInfo: [/proc/self/status]	VmHWM:	  140116 kB
20220312 013553.747 INFO             PET0 PIOc_sync Enter - MemInfo: [/proc/self/status]	VmRSS:	  140116 kB
20220312 013553.747 INFO             PET0 PIOc_sync Enter - MemInfo: [/proc/self/status]	VmData:	  259016 kB
20220312 013553.747 INFO             PET0 PIOc_sync Enter - MemInfo: [/proc/self/status]	VmStk:	     512 kB
20220312 013553.747 INFO             PET0 PIOc_sync Enter - MemInfo: [/proc/self/status]	VmExe:	    2016 kB
20220312 013553.747 INFO             PET0 PIOc_sync Enter - MemInfo: [/proc/self/status]	VmLib:	  104128 kB
20220312 013553.747 INFO             PET0 PIOc_sync Enter - MemInfo: [/proc/self/status]	VmPTE:	     688 kB
20220312 013553.747 INFO             PET0 PIOc_sync Enter - MemInfo: [/proc/self/status]	VmPMD:	      32 kB
20220312 013553.747 INFO             PET0 PIOc_sync Enter - MemInfo: [/proc/self/status]	VmSwap:	       0 kB
20220312 013553.747 INFO             PET0 PIOc_sync Enter - MemInfo: [/proc/self/status]	VmRSSPercent: 0.106638 %
20220312 013553.747 INFO             PET0 PIOc_sync Enter - MemInfo: [malloc] Non-mmapped space allocated:                 5599232 Byte
20220312 013553.747 INFO             PET0 PIOc_sync Enter - MemInfo: [malloc] Space allocated in mmapped regions:         73412608 Byte
20220312 013553.747 INFO             PET0 PIOc_sync Enter - MemInfo: [malloc] Maximum total allocated space:                     0 Byte
20220312 013553.747 INFO             PET0 PIOc_sync Enter - MemInfo: [malloc] Space in freed fastbin blocks:                   192 Byte
20220312 013553.747 INFO             PET0 PIOc_sync Enter - MemInfo: [malloc] Total allocated space:                       5347728 Byte
20220312 013553.747 INFO             PET0 PIOc_sync Enter - MemInfo: [malloc] Total free space:                             251504 Byte
20220312 013553.747 INFO             PET0 PIOc_sync Enter - MemInfo: [malloc] Top-most, releasable space:                   119168 Byte
20220312 013553.747 INFO             PET0 PIOc_sync Enter - MemInfo: [malloc] Total space in use, mmap + non-mmap:        78760336 Byte
20220312 013553.747 INFO             PET0 PIOc_sync Enter - MemInfo: [malloc] Total space held (mmap + non-mmap):         79011840 Byte
20220312 013553.747 INFO             PET0 PIOc_sync Enter - MemInfo: [malloc] Total space used (mmap + non-mmap):         78769696 Byte
20220312 013553.747 INFO             PET0 PIOc_sync Enter - MemInfo: Wall-clock time since execution start:              0.0187484 seconds
20220312 013553.748 INFO             PET0 PIOc_sync Exit - MemInfo: [/proc/meminfo - SSI]	MemTotal:       131394444 kB
20220312 013553.748 INFO             PET0 PIOc_sync Exit - MemInfo: [/proc/meminfo - SSI]	MemFree:        118793492 kB
20220312 013553.748 INFO             PET0 PIOc_sync Exit - MemInfo: [/proc/meminfo - SSI]	MemAvailable:   118451104 kB
20220312 013553.748 INFO             PET0 PIOc_sync Exit - MemInfo: [/proc/meminfo - SSI]	Committed_AS:    3883584 kB
20220312 013553.748 INFO             PET0 PIOc_sync Exit - MemInfo: [/proc/meminfo - SSI]	CommittedPercent: 2.95567 %
20220312 013553.748 INFO             PET0 PIOc_sync Exit - MemInfo: [/proc/self/status]	VmPeak:	 3800224 kB
20220312 013553.748 INFO             PET0 PIOc_sync Exit - MemInfo: [/proc/self/status]	VmSize:	 3788988 kB
20220312 013553.748 INFO             PET0 PIOc_sync Exit - MemInfo: [/proc/self/status]	VmLck:	       0 kB
20220312 013553.748 INFO             PET0 PIOc_sync Exit - MemInfo: [/proc/self/status]	VmPin:	   71900 kB
20220312 013553.748 INFO             PET0 PIOc_sync Exit - MemInfo: [/proc/self/status]	VmHWM:	  140132 kB
20220312 013553.748 INFO             PET0 PIOc_sync Exit - MemInfo: [/proc/self/status]	VmRSS:	  140132 kB
20220312 013553.748 INFO             PET0 PIOc_sync Exit - MemInfo: [/proc/self/status]	VmData:	  259016 kB
20220312 013553.748 INFO             PET0 PIOc_sync Exit - MemInfo: [/proc/self/status]	VmStk:	     512 kB
20220312 013553.748 INFO             PET0 PIOc_sync Exit - MemInfo: [/proc/self/status]	VmExe:	    2016 kB
20220312 013553.748 INFO             PET0 PIOc_sync Exit - MemInfo: [/proc/self/status]	VmLib:	  104128 kB
20220312 013553.748 INFO             PET0 PIOc_sync Exit - MemInfo: [/proc/self/status]	VmPTE:	     688 kB
20220312 013553.748 INFO             PET0 PIOc_sync Exit - MemInfo: [/proc/self/status]	VmPMD:	      32 kB
20220312 013553.748 INFO             PET0 PIOc_sync Exit - MemInfo: [/proc/self/status]	VmSwap:	       0 kB
20220312 013553.748 INFO             PET0 PIOc_sync Exit - MemInfo: [/proc/self/status]	VmRSSPercent: 0.10665 %
20220312 013553.748 INFO             PET0 PIOc_sync Exit - MemInfo: [malloc] Non-mmapped space allocated:                 5599232 Byte
20220312 013553.748 INFO             PET0 PIOc_sync Exit - MemInfo: [malloc] Space allocated in mmapped regions:         73412608 Byte
20220312 013553.748 INFO             PET0 PIOc_sync Exit - MemInfo: [malloc] Maximum total allocated space:                     0 Byte
20220312 013553.748 INFO             PET0 PIOc_sync Exit - MemInfo: [malloc] Space in freed fastbin blocks:                   144 Byte
20220312 013553.748 INFO             PET0 PIOc_sync Exit - MemInfo: [malloc] Total allocated space:                       5346624 Byte
20220312 013553.748 INFO             PET0 PIOc_sync Exit - MemInfo: [malloc] Total free space:                             252608 Byte
20220312 013553.748 INFO             PET0 PIOc_sync Exit - MemInfo: [malloc] Top-most, releasable space:                   120112 Byte
20220312 013553.748 INFO             PET0 PIOc_sync Exit - MemInfo: [malloc] Total space in use, mmap + non-mmap:        78759232 Byte
20220312 013553.748 INFO             PET0 PIOc_sync Exit - MemInfo: [malloc] Total space held (mmap + non-mmap):         79011840 Byte
20220312 013553.748 INFO             PET0 PIOc_sync Exit - MemInfo: [malloc] Total space used (mmap + non-mmap):         78768592 Byte
20220312 013553.748 INFO             PET0 PIOc_sync Exit - MemInfo: Wall-clock time since execution start:               0.019511 seconds
20220312 013553.748 INFO             PET0 PIOc_freedecomp Enter - MemInfo: [/proc/meminfo - SSI]	MemTotal:       131394444 kB
20220312 013553.748 INFO             PET0 PIOc_freedecomp Enter - MemInfo: [/proc/meminfo - SSI]	MemFree:        118793492 kB
20220312 013553.748 INFO             PET0 PIOc_freedecomp Enter - MemInfo: [/proc/meminfo - SSI]	MemAvailable:   118451104 kB
20220312 013553.748 INFO             PET0 PIOc_freedecomp Enter - MemInfo: [/proc/meminfo - SSI]	Committed_AS:    3883584 kB
20220312 013553.748 INFO             PET0 PIOc_freedecomp Enter - MemInfo: [/proc/meminfo - SSI]	CommittedPercent: 2.95567 %
20220312 013553.748 INFO             PET0 PIOc_freedecomp Enter - MemInfo: [/proc/self/status]	VmPeak:	 3800224 kB
20220312 013553.748 INFO             PET0 PIOc_freedecomp Enter - MemInfo: [/proc/self/status]	VmSize:	 3788988 kB
20220312 013553.748 INFO             PET0 PIOc_freedecomp Enter - MemInfo: [/proc/self/status]	VmLck:	       0 kB
20220312 013553.748 INFO             PET0 PIOc_freedecomp Enter - MemInfo: [/proc/self/status]	VmPin:	   71900 kB
20220312 013553.748 INFO             PET0 PIOc_freedecomp Enter - MemInfo: [/proc/self/status]	VmHWM:	  140132 kB
20220312 013553.748 INFO             PET0 PIOc_freedecomp Enter - MemInfo: [/proc/self/status]	VmRSS:	  140132 kB
20220312 013553.748 INFO             PET0 PIOc_freedecomp Enter - MemInfo: [/proc/self/status]	VmData:	  259016 kB
20220312 013553.748 INFO             PET0 PIOc_freedecomp Enter - MemInfo: [/proc/self/status]	VmStk:	     512 kB
20220312 013553.748 INFO             PET0 PIOc_freedecomp Enter - MemInfo: [/proc/self/status]	VmExe:	    2016 kB
20220312 013553.748 INFO             PET0 PIOc_freedecomp Enter - MemInfo: [/proc/self/status]	VmLib:	  104128 kB
20220312 013553.748 INFO             PET0 PIOc_freedecomp Enter - MemInfo: [/proc/self/status]	VmPTE:	     688 kB
20220312 013553.748 INFO             PET0 PIOc_freedecomp Enter - MemInfo: [/proc/self/status]	VmPMD:	      32 kB
20220312 013553.748 INFO             PET0 PIOc_freedecomp Enter - MemInfo: [/proc/self/status]	VmSwap:	       0 kB
20220312 013553.749 INFO             PET0 PIOc_freedecomp Enter - MemInfo: [/proc/self/status]	VmRSSPercent: 0.10665 %
20220312 013553.749 INFO             PET0 PIOc_freedecomp Enter - MemInfo: [malloc] Non-mmapped space allocated:                 5599232 Byte
20220312 013553.749 INFO             PET0 PIOc_freedecomp Enter - MemInfo: [malloc] Space allocated in mmapped regions:         73412608 Byte
20220312 013553.749 INFO             PET0 PIOc_freedecomp Enter - MemInfo: [malloc] Maximum total allocated space:                     0 Byte
20220312 013553.749 INFO             PET0 PIOc_freedecomp Enter - MemInfo: [malloc] Space in freed fastbin blocks:                   496 Byte
20220312 013553.749 INFO             PET0 PIOc_freedecomp Enter - MemInfo: [malloc] Total allocated space:                       2711904 Byte
20220312 013553.749 INFO             PET0 PIOc_freedecomp Enter - MemInfo: [malloc] Total free space:                            2887328 Byte
20220312 013553.749 INFO             PET0 PIOc_freedecomp Enter - MemInfo: [malloc] Top-most, releasable space:                   130608 Byte
20220312 013553.749 INFO             PET0 PIOc_freedecomp Enter - MemInfo: [malloc] Total space in use, mmap + non-mmap:        76124512 Byte
20220312 013553.749 INFO             PET0 PIOc_freedecomp Enter - MemInfo: [malloc] Total space held (mmap + non-mmap):         79011840 Byte
20220312 013553.749 INFO             PET0 PIOc_freedecomp Enter - MemInfo: [malloc] Total space used (mmap + non-mmap):         76133872 Byte
20220312 013553.749 INFO             PET0 PIOc_freedecomp Enter - MemInfo: Wall-clock time since execution start:              0.0199491 seconds
20220312 013553.749 INFO             PET0 PIOc_freedecomp Exit - MemInfo: [/proc/meminfo - SSI]	MemTotal:       131394444 kB
20220312 013553.749 INFO             PET0 PIOc_freedecomp Exit - MemInfo: [/proc/meminfo - SSI]	MemFree:        118793492 kB
20220312 013553.749 INFO             PET0 PIOc_freedecomp Exit - MemInfo: [/proc/meminfo - SSI]	MemAvailable:   118451104 kB
20220312 013553.749 INFO             PET0 PIOc_freedecomp Exit - MemInfo: [/proc/meminfo - SSI]	Committed_AS:    3883584 kB
20220312 013553.749 INFO             PET0 PIOc_freedecomp Exit - MemInfo: [/proc/meminfo - SSI]	CommittedPercent: 2.95567 %
20220312 013553.749 INFO             PET0 PIOc_freedecomp Exit - MemInfo: [/proc/self/status]	VmPeak:	 3800224 kB
20220312 013553.749 INFO             PET0 PIOc_freedecomp Exit - MemInfo: [/proc/self/status]	VmSize:	 3788988 kB
20220312 013553.749 INFO             PET0 PIOc_freedecomp Exit - MemInfo: [/proc/self/status]	VmLck:	       0 kB
20220312 013553.749 INFO             PET0 PIOc_freedecomp Exit - MemInfo: [/proc/self/status]	VmPin:	   71900 kB
20220312 013553.749 INFO             PET0 PIOc_freedecomp Exit - MemInfo: [/proc/self/status]	VmHWM:	  140132 kB
20220312 013553.749 INFO             PET0 PIOc_freedecomp Exit - MemInfo: [/proc/self/status]	VmRSS:	  140132 kB
20220312 013553.749 INFO             PET0 PIOc_freedecomp Exit - MemInfo: [/proc/self/status]	VmData:	  259016 kB
20220312 013553.749 INFO             PET0 PIOc_freedecomp Exit - MemInfo: [/proc/self/status]	VmStk:	     512 kB
20220312 013553.749 INFO             PET0 PIOc_freedecomp Exit - MemInfo: [/proc/self/status]	VmExe:	    2016 kB
20220312 013553.749 INFO             PET0 PIOc_freedecomp Exit - MemInfo: [/proc/self/status]	VmLib:	  104128 kB
20220312 013553.749 INFO             PET0 PIOc_freedecomp Exit - MemInfo: [/proc/self/status]	VmPTE:	     688 kB
20220312 013553.749 INFO             PET0 PIOc_freedecomp Exit - MemInfo: [/proc/self/status]	VmPMD:	      32 kB
20220312 013553.749 INFO             PET0 PIOc_freedecomp Exit - MemInfo: [/proc/self/status]	VmSwap:	       0 kB
20220312 013553.749 INFO             PET0 PIOc_freedecomp Exit - MemInfo: [/proc/self/status]	VmRSSPercent: 0.10665 %
20220312 013553.749 INFO             PET0 PIOc_freedecomp Exit - MemInfo: [malloc] Non-mmapped space allocated:                 5599232 Byte
20220312 013553.749 INFO             PET0 PIOc_freedecomp Exit - MemInfo: [malloc] Space allocated in mmapped regions:         73412608 Byte
20220312 013553.749 INFO             PET0 PIOc_freedecomp Exit - MemInfo: [malloc] Maximum total allocated space:                     0 Byte
20220312 013553.749 INFO             PET0 PIOc_freedecomp Exit - MemInfo: [malloc] Space in freed fastbin blocks:                   432 Byte
20220312 013553.749 INFO             PET0 PIOc_freedecomp Exit - MemInfo: [malloc] Total allocated space:                       2708224 Byte
20220312 013553.749 INFO             PET0 PIOc_freedecomp Exit - MemInfo: [malloc] Total free space:                            2891008 Byte
20220312 013553.749 INFO             PET0 PIOc_freedecomp Exit - MemInfo: [malloc] Top-most, releasable space:                  2755456 Byte
20220312 013553.749 INFO             PET0 PIOc_freedecomp Exit - MemInfo: [malloc] Total space in use, mmap + non-mmap:        76120832 Byte
20220312 013553.749 INFO             PET0 PIOc_freedecomp Exit - MemInfo: [malloc] Total space held (mmap + non-mmap):         79011840 Byte
20220312 013553.749 INFO             PET0 PIOc_freedecomp Exit - MemInfo: [malloc] Total space used (mmap + non-mmap):         76130192 Byte
20220312 013553.749 INFO             PET0 PIOc_freedecomp Exit - MemInfo: Wall-clock time since execution start:              0.0202755 seconds
20220312 013553.749 INFO             PET0  PASS  Write Fortran array in nohalo Field, ESMF_FieldIOUTest.F90, line 268
20220312 013553.749 INFO             PET0  PASS  Create a field from grid and fortran dummy array without halo, ESMF_FieldIOUTest.F90, line 281
20220312 013553.750 INFO             PET0 PIOc_sync Enter - MemInfo: [/proc/meminfo - SSI]	MemTotal:       131394444 kB
20220312 013553.750 INFO             PET0 PIOc_sync Enter - MemInfo: [/proc/meminfo - SSI]	MemFree:        118792996 kB
20220312 013553.750 INFO             PET0 PIOc_sync Enter - MemInfo: [/proc/meminfo - SSI]	MemAvailable:   118450608 kB
20220312 013553.750 INFO             PET0 PIOc_sync Enter - MemInfo: [/proc/meminfo - SSI]	Committed_AS:    3883584 kB
20220312 013553.750 INFO             PET0 PIOc_sync Enter - MemInfo: [/proc/meminfo - SSI]	CommittedPercent: 2.95567 %
20220312 013553.750 INFO             PET0 PIOc_sync Enter - MemInfo: [/proc/self/status]	VmPeak:	 3800224 kB
20220312 013553.750 INFO             PET0 PIOc_sync Enter - MemInfo: [/proc/self/status]	VmSize:	 3788988 kB
20220312 013553.750 INFO             PET0 PIOc_sync Enter - MemInfo: [/proc/self/status]	VmLck:	       0 kB
20220312 013553.750 INFO             PET0 PIOc_sync Enter - MemInfo: [/proc/self/status]	VmPin:	   71900 kB
20220312 013553.750 INFO             PET0 PIOc_sync Enter - MemInfo: [/proc/self/status]	VmHWM:	  140640 kB
20220312 013553.750 INFO             PET0 PIOc_sync Enter - MemInfo: [/proc/self/status]	VmRSS:	  140640 kB
20220312 013553.750 INFO             PET0 PIOc_sync Enter - MemInfo: [/proc/self/status]	VmData:	  259016 kB
20220312 013553.750 INFO             PET0 PIOc_sync Enter - MemInfo: [/proc/self/status]	VmStk:	     512 kB
20220312 013553.750 INFO             PET0 PIOc_sync Enter - MemInfo: [/proc/self/status]	VmExe:	    2016 kB
20220312 013553.750 INFO             PET0 PIOc_sync Enter - MemInfo: [/proc/self/status]	VmLib:	  104128 kB
20220312 013553.750 INFO             PET0 PIOc_sync Enter - MemInfo: [/proc/self/status]	VmPTE:	     688 kB
20220312 013553.750 INFO             PET0 PIOc_sync Enter - MemInfo: [/proc/self/status]	VmPMD:	      32 kB
20220312 013553.750 INFO             PET0 PIOc_sync Enter - MemInfo: [/proc/self/status]	VmSwap:	       0 kB
20220312 013553.750 INFO             PET0 PIOc_sync Enter - MemInfo: [/proc/self/status]	VmRSSPercent: 0.107036 %
20220312 013553.750 INFO             PET0 PIOc_sync Enter - MemInfo: [malloc] Non-mmapped space allocated:                 5599232 Byte
20220312 013553.750 INFO             PET0 PIOc_sync Enter - MemInfo: [malloc] Space allocated in mmapped regions:         73412608 Byte
20220312 013553.750 INFO             PET0 PIOc_sync Enter - MemInfo: [malloc] Maximum total allocated space:                     0 Byte
20220312 013553.750 INFO             PET0 PIOc_sync Enter - MemInfo: [malloc] Space in freed fastbin blocks:                   144 Byte
20220312 013553.750 INFO             PET0 PIOc_sync Enter - MemInfo: [malloc] Total allocated space:                       5352736 Byte
20220312 013553.750 INFO             PET0 PIOc_sync Enter - MemInfo: [malloc] Total free space:                             246496 Byte
20220312 013553.750 INFO             PET0 PIOc_sync Enter - MemInfo: [malloc] Top-most, releasable space:                   113808 Byte
20220312 013553.750 INFO             PET0 PIOc_sync Enter - MemInfo: [malloc] Total space in use, mmap + non-mmap:        78765344 Byte
20220312 013553.750 INFO             PET0 PIOc_sync Enter - MemInfo: [malloc] Total space held (mmap + non-mmap):         79011840 Byte
20220312 013553.750 INFO             PET0 PIOc_sync Enter - MemInfo: [malloc] Total space used (mmap + non-mmap):         78774704 Byte
20220312 013553.750 INFO             PET0 PIOc_sync Enter - MemInfo: Wall-clock time since execution start:              0.0217768 seconds
20220312 013553.751 INFO             PET0 PIOc_sync Exit - MemInfo: [/proc/meminfo - SSI]	MemTotal:       131394444 kB
20220312 013553.751 INFO             PET0 PIOc_sync Exit - MemInfo: [/proc/meminfo - SSI]	MemFree:        118792996 kB
20220312 013553.751 INFO             PET0 PIOc_sync Exit - MemInfo: [/proc/meminfo - SSI]	MemAvailable:   118450608 kB
20220312 013553.751 INFO             PET0 PIOc_sync Exit - MemInfo: [/proc/meminfo - SSI]	Committed_AS:    3883584 kB
20220312 013553.751 INFO             PET0 PIOc_sync Exit - MemInfo: [/proc/meminfo - SSI]	CommittedPercent: 2.95567 %
20220312 013553.751 INFO             PET0 PIOc_sync Exit - MemInfo: [/proc/self/status]	VmPeak:	 3800224 kB
20220312 013553.751 INFO             PET0 PIOc_sync Exit - MemInfo: [/proc/self/status]	VmSize:	 3788988 kB
20220312 013553.751 INFO             PET0 PIOc_sync Exit - MemInfo: [/proc/self/status]	VmLck:	       0 kB
20220312 013553.751 INFO             PET0 PIOc_sync Exit - MemInfo: [/proc/self/status]	VmPin:	   71900 kB
20220312 013553.751 INFO             PET0 PIOc_sync Exit - MemInfo: [/proc/self/status]	VmHWM:	  140648 kB
20220312 013553.751 INFO             PET0 PIOc_sync Exit - MemInfo: [/proc/self/status]	VmRSS:	  140648 kB
20220312 013553.751 INFO             PET0 PIOc_sync Exit - MemInfo: [/proc/self/status]	VmData:	  259016 kB
20220312 013553.751 INFO             PET0 PIOc_sync Exit - MemInfo: [/proc/self/status]	VmStk:	     512 kB
20220312 013553.751 INFO             PET0 PIOc_sync Exit - MemInfo: [/proc/self/status]	VmExe:	    2016 kB
20220312 013553.751 INFO             PET0 PIOc_sync Exit - MemInfo: [/proc/self/status]	VmLib:	  104128 kB
20220312 013553.751 INFO             PET0 PIOc_sync Exit - MemInfo: [/proc/self/status]	VmPTE:	     688 kB
20220312 013553.751 INFO             PET0 PIOc_sync Exit - MemInfo: [/proc/self/status]	VmPMD:	      32 kB
20220312 013553.751 INFO             PET0 PIOc_sync Exit - MemInfo: [/proc/self/status]	VmSwap:	       0 kB
20220312 013553.751 INFO             PET0 PIOc_sync Exit - MemInfo: [/proc/self/status]	VmRSSPercent: 0.107043 %
20220312 013553.751 INFO             PET0 PIOc_sync Exit - MemInfo: [malloc] Non-mmapped space allocated:                 5599232 Byte
20220312 013553.751 INFO             PET0 PIOc_sync Exit - MemInfo: [malloc] Space allocated in mmapped regions:         73412608 Byte
20220312 013553.751 INFO             PET0 PIOc_sync Exit - MemInfo: [malloc] Maximum total allocated space:                     0 Byte
20220312 013553.751 INFO             PET0 PIOc_sync Exit - MemInfo: [malloc] Space in freed fastbin blocks:                   352 Byte
20220312 013553.751 INFO             PET0 PIOc_sync Exit - MemInfo: [malloc] Total allocated space:                       5351328 Byte
20220312 013553.751 INFO             PET0 PIOc_sync Exit - MemInfo: [malloc] Total free space:                             247904 Byte
20220312 013553.751 INFO             PET0 PIOc_sync Exit - MemInfo: [malloc] Top-most, releasable space:                   114544 Byte
20220312 013553.751 INFO             PET0 PIOc_sync Exit - MemInfo: [malloc] Total space in use, mmap + non-mmap:        78763936 Byte
20220312 013553.751 INFO             PET0 PIOc_sync Exit - MemInfo: [malloc] Total space held (mmap + non-mmap):         79011840 Byte
20220312 013553.751 INFO             PET0 PIOc_sync Exit - MemInfo: [malloc] Total space used (mmap + non-mmap):         78773296 Byte
20220312 013553.751 INFO             PET0 PIOc_sync Exit - MemInfo: Wall-clock time since execution start:              0.0225228 seconds
20220312 013553.751 INFO             PET0 PIOc_freedecomp Enter - MemInfo: [/proc/meminfo - SSI]	MemTotal:       131394444 kB
20220312 013553.751 INFO             PET0 PIOc_freedecomp Enter - MemInfo: [/proc/meminfo - SSI]	MemFree:        118792996 kB
20220312 013553.751 INFO             PET0 PIOc_freedecomp Enter - MemInfo: [/proc/meminfo - SSI]	MemAvailable:   118450608 kB
20220312 013553.751 INFO             PET0 PIOc_freedecomp Enter - MemInfo: [/proc/meminfo - SSI]	Committed_AS:    3883584 kB
20220312 013553.751 INFO             PET0 PIOc_freedecomp Enter - MemInfo: [/proc/meminfo - SSI]	CommittedPercent: 2.95567 %
20220312 013553.751 INFO             PET0 PIOc_freedecomp Enter - MemInfo: [/proc/self/status]	VmPeak:	 3800224 kB
20220312 013553.751 INFO             PET0 PIOc_freedecomp Enter - MemInfo: [/proc/self/status]	VmSize:	 3788988 kB
20220312 013553.751 INFO             PET0 PIOc_freedecomp Enter - MemInfo: [/proc/self/status]	VmLck:	       0 kB
20220312 013553.751 INFO             PET0 PIOc_freedecomp Enter - MemInfo: [/proc/self/status]	VmPin:	   71900 kB
20220312 013553.751 INFO             PET0 PIOc_freedecomp Enter - MemInfo: [/proc/self/status]	VmHWM:	  140648 kB
20220312 013553.751 INFO             PET0 PIOc_freedecomp Enter - MemInfo: [/proc/self/status]	VmRSS:	  140648 kB
20220312 013553.751 INFO             PET0 PIOc_freedecomp Enter - MemInfo: [/proc/self/status]	VmData:	  259016 kB
20220312 013553.751 INFO             PET0 PIOc_freedecomp Enter - MemInfo: [/proc/self/status]	VmStk:	     512 kB
20220312 013553.751 INFO             PET0 PIOc_freedecomp Enter - MemInfo: [/proc/self/status]	VmExe:	    2016 kB
20220312 013553.751 INFO             PET0 PIOc_freedecomp Enter - MemInfo: [/proc/self/status]	VmLib:	  104128 kB
20220312 013553.751 INFO             PET0 PIOc_freedecomp Enter - MemInfo: [/proc/self/status]	VmPTE:	     688 kB
20220312 013553.752 INFO             PET0 PIOc_freedecomp Enter - MemInfo: [/proc/self/status]	VmPMD:	      32 kB
20220312 013553.752 INFO             PET0 PIOc_freedecomp Enter - MemInfo: [/proc/self/status]	VmSwap:	       0 kB
20220312 013553.752 INFO             PET0 PIOc_freedecomp Enter - MemInfo: [/proc/self/status]	VmRSSPercent: 0.107043 %
20220312 013553.752 INFO             PET0 PIOc_freedecomp Enter - MemInfo: [malloc] Non-mmapped space allocated:                 5599232 Byte
20220312 013553.752 INFO             PET0 PIOc_freedecomp Enter - MemInfo: [malloc] Space allocated in mmapped regions:         73412608 Byte
20220312 013553.752 INFO             PET0 PIOc_freedecomp Enter - MemInfo: [malloc] Maximum total allocated space:                     0 Byte
20220312 013553.752 INFO             PET0 PIOc_freedecomp Enter - MemInfo: [malloc] Space in freed fastbin blocks:                   416 Byte
20220312 013553.752 INFO             PET0 PIOc_freedecomp Enter - MemInfo: [malloc] Total allocated space:                       2716576 Byte
20220312 013553.752 INFO             PET0 PIOc_freedecomp Enter - MemInfo: [malloc] Total free space:                            2882656 Byte
20220312 013553.752 INFO             PET0 PIOc_freedecomp Enter - MemInfo: [malloc] Top-most, releasable space:                   125040 Byte
20220312 013553.752 INFO             PET0 PIOc_freedecomp Enter - MemInfo: [malloc] Total space in use, mmap + non-mmap:        76129184 Byte
20220312 013553.752 INFO             PET0 PIOc_freedecomp Enter - MemInfo: [malloc] Total space held (mmap + non-mmap):         79011840 Byte
20220312 013553.752 INFO             PET0 PIOc_freedecomp Enter - MemInfo: [malloc] Total space used (mmap + non-mmap):         76138544 Byte
20220312 013553.752 INFO             PET0 PIOc_freedecomp Enter - MemInfo: Wall-clock time since execution start:              0.0229638 seconds
20220312 013553.752 INFO             PET0 PIOc_freedecomp Exit - MemInfo: [/proc/meminfo - SSI]	MemTotal:       131394444 kB
20220312 013553.752 INFO             PET0 PIOc_freedecomp Exit - MemInfo: [/proc/meminfo - SSI]	MemFree:        118792996 kB
20220312 013553.752 INFO             PET0 PIOc_freedecomp Exit - MemInfo: [/proc/meminfo - SSI]	MemAvailable:   118450608 kB
20220312 013553.752 INFO             PET0 PIOc_freedecomp Exit - MemInfo: [/proc/meminfo - SSI]	Committed_AS:    3883584 kB
20220312 013553.752 INFO             PET0 PIOc_freedecomp Exit - MemInfo: [/proc/meminfo - SSI]	CommittedPercent: 2.95567 %
20220312 013553.752 INFO             PET0 PIOc_freedecomp Exit - MemInfo: [/proc/self/status]	VmPeak:	 3800224 kB
20220312 013553.752 INFO             PET0 PIOc_freedecomp Exit - MemInfo: [/proc/self/status]	VmSize:	 3788988 kB
20220312 013553.752 INFO             PET0 PIOc_freedecomp Exit - MemInfo: [/proc/self/status]	VmLck:	       0 kB
20220312 013553.752 INFO             PET0 PIOc_freedecomp Exit - MemInfo: [/proc/self/status]	VmPin:	   71900 kB
20220312 013553.752 INFO             PET0 PIOc_freedecomp Exit - MemInfo: [/proc/self/status]	VmHWM:	  140648 kB
20220312 013553.752 INFO             PET0 PIOc_freedecomp Exit - MemInfo: [/proc/self/status]	VmRSS:	  140648 kB
20220312 013553.752 INFO             PET0 PIOc_freedecomp Exit - MemInfo: [/proc/self/status]	VmData:	  259016 kB
20220312 013553.752 INFO             PET0 PIOc_freedecomp Exit - MemInfo: [/proc/self/status]	VmStk:	     512 kB
20220312 013553.752 INFO             PET0 PIOc_freedecomp Exit - MemInfo: [/proc/self/status]	VmExe:	    2016 kB
20220312 013553.752 INFO             PET0 PIOc_freedecomp Exit - MemInfo: [/proc/self/status]	VmLib:	  104128 kB
20220312 013553.752 INFO             PET0 PIOc_freedecomp Exit - MemInfo: [/proc/self/status]	VmPTE:	     688 kB
20220312 013553.752 INFO             PET0 PIOc_freedecomp Exit - MemInfo: [/proc/self/status]	VmPMD:	      32 kB
20220312 013553.752 INFO             PET0 PIOc_freedecomp Exit - MemInfo: [/proc/self/status]	VmSwap:	       0 kB
20220312 013553.752 INFO             PET0 PIOc_freedecomp Exit - MemInfo: [/proc/self/status]	VmRSSPercent: 0.107043 %
20220312 013553.752 INFO             PET0 PIOc_freedecomp Exit - MemInfo: [malloc] Non-mmapped space allocated:                 5599232 Byte
20220312 013553.752 INFO             PET0 PIOc_freedecomp Exit - MemInfo: [malloc] Space allocated in mmapped regions:         73412608 Byte
20220312 013553.752 INFO             PET0 PIOc_freedecomp Exit - MemInfo: [malloc] Maximum total allocated space:                     0 Byte
20220312 013553.752 INFO             PET0 PIOc_freedecomp Exit - MemInfo: [malloc] Space in freed fastbin blocks:                   144 Byte
20220312 013553.752 INFO             PET0 PIOc_freedecomp Exit - MemInfo: [malloc] Total allocated space:                       2712256 Byte
20220312 013553.752 INFO             PET0 PIOc_freedecomp Exit - MemInfo: [malloc] Total free space:                            2886976 Byte
20220312 013553.752 INFO             PET0 PIOc_freedecomp Exit - MemInfo: [malloc] Top-most, releasable space:                  2754240 Byte
20220312 013553.752 INFO             PET0 PIOc_freedecomp Exit - MemInfo: [malloc] Total space in use, mmap + non-mmap:        76124864 Byte
20220312 013553.752 INFO             PET0 PIOc_freedecomp Exit - MemInfo: [malloc] Total space held (mmap + non-mmap):         79011840 Byte
20220312 013553.752 INFO             PET0 PIOc_freedecomp Exit - MemInfo: [malloc] Total space used (mmap + non-mmap):         76134224 Byte
20220312 013553.752 INFO             PET0 PIOc_freedecomp Exit - MemInfo: Wall-clock time since execution start:              0.0232936 seconds
20220312 013553.753 INFO             PET0 PIOc_sync Enter - MemInfo: [/proc/meminfo - SSI]	MemTotal:       131394444 kB
20220312 013553.753 INFO             PET0 PIOc_sync Enter - MemInfo: [/proc/meminfo - SSI]	MemFree:        118792996 kB
20220312 013553.753 INFO             PET0 PIOc_sync Enter - MemInfo: [/proc/meminfo - SSI]	MemAvailable:   118450608 kB
20220312 013553.753 INFO             PET0 PIOc_sync Enter - MemInfo: [/proc/meminfo - SSI]	Committed_AS:    3883584 kB
20220312 013553.753 INFO             PET0 PIOc_sync Enter - MemInfo: [/proc/meminfo - SSI]	CommittedPercent: 2.95567 %
20220312 013553.753 INFO             PET0 PIOc_sync Enter - MemInfo: [/proc/self/status]	VmPeak:	 3800224 kB
20220312 013553.753 INFO             PET0 PIOc_sync Enter - MemInfo: [/proc/self/status]	VmSize:	 3788988 kB
20220312 013553.753 INFO             PET0 PIOc_sync Enter - MemInfo: [/proc/self/status]	VmLck:	       0 kB
20220312 013553.753 INFO             PET0 PIOc_sync Enter - MemInfo: [/proc/self/status]	VmPin:	   71900 kB
20220312 013553.753 INFO             PET0 PIOc_sync Enter - MemInfo: [/proc/self/status]	VmHWM:	  140728 kB
20220312 013553.753 INFO             PET0 PIOc_sync Enter - MemInfo: [/proc/self/status]	VmRSS:	  140728 kB
20220312 013553.753 INFO             PET0 PIOc_sync Enter - MemInfo: [/proc/self/status]	VmData:	  259016 kB
20220312 013553.753 INFO             PET0 PIOc_sync Enter - MemInfo: [/proc/self/status]	VmStk:	     512 kB
20220312 013553.753 INFO             PET0 PIOc_sync Enter - MemInfo: [/proc/self/status]	VmExe:	    2016 kB
20220312 013553.753 INFO             PET0 PIOc_sync Enter - MemInfo: [/proc/self/status]	VmLib:	  104128 kB
20220312 013553.753 INFO             PET0 PIOc_sync Enter - MemInfo: [/proc/self/status]	VmPTE:	     688 kB
20220312 013553.753 INFO             PET0 PIOc_sync Enter - MemInfo: [/proc/self/status]	VmPMD:	      32 kB
20220312 013553.753 INFO             PET0 PIOc_sync Enter - MemInfo: [/proc/self/status]	VmSwap:	       0 kB
20220312 013553.753 INFO             PET0 PIOc_sync Enter - MemInfo: [/proc/self/status]	VmRSSPercent: 0.107103 %
20220312 013553.753 INFO             PET0 PIOc_sync Enter - MemInfo: [malloc] Non-mmapped space allocated:                 5599232 Byte
20220312 013553.753 INFO             PET0 PIOc_sync Enter - MemInfo: [malloc] Space allocated in mmapped regions:         73412608 Byte
20220312 013553.753 INFO             PET0 PIOc_sync Enter - MemInfo: [malloc] Maximum total allocated space:                     0 Byte
20220312 013553.753 INFO             PET0 PIOc_sync Enter - MemInfo: [malloc] Space in freed fastbin blocks:                   144 Byte
20220312 013553.753 INFO             PET0 PIOc_sync Enter - MemInfo: [malloc] Total allocated space:                       5352448 Byte
20220312 013553.753 INFO             PET0 PIOc_sync Enter - MemInfo: [malloc] Total free space:                             246784 Byte
20220312 013553.753 INFO             PET0 PIOc_sync Enter - MemInfo: [malloc] Top-most, releasable space:                   113840 Byte
20220312 013553.753 INFO             PET0 PIOc_sync Enter - MemInfo: [malloc] Total space in use, mmap + non-mmap:        78765056 Byte
20220312 013553.753 INFO             PET0 PIOc_sync Enter - MemInfo: [malloc] Total space held (mmap + non-mmap):         79011840 Byte
20220312 013553.753 INFO             PET0 PIOc_sync Enter - MemInfo: [malloc] Total space used (mmap + non-mmap):         78774416 Byte
20220312 013553.753 INFO             PET0 PIOc_sync Enter - MemInfo: Wall-clock time since execution start:              0.0243438 seconds
20220312 013553.753 INFO             PET0 PIOc_sync Exit - MemInfo: [/proc/meminfo - SSI]	MemTotal:       131394444 kB
20220312 013553.753 INFO             PET0 PIOc_sync Exit - MemInfo: [/proc/meminfo - SSI]	MemFree:        118792996 kB
20220312 013553.753 INFO             PET0 PIOc_sync Exit - MemInfo: [/proc/meminfo - SSI]	MemAvailable:   118450608 kB
20220312 013553.753 INFO             PET0 PIOc_sync Exit - MemInfo: [/proc/meminfo - SSI]	Committed_AS:    3883584 kB
20220312 013553.753 INFO             PET0 PIOc_sync Exit - MemInfo: [/proc/meminfo - SSI]	CommittedPercent: 2.95567 %
20220312 013553.753 INFO             PET0 PIOc_sync Exit - MemInfo: [/proc/self/status]	VmPeak:	 3800224 kB
20220312 013553.753 INFO             PET0 PIOc_sync Exit - MemInfo: [/proc/self/status]	VmSize:	 3788988 kB
20220312 013553.753 INFO             PET0 PIOc_sync Exit - MemInfo: [/proc/self/status]	VmLck:	       0 kB
20220312 013553.753 INFO             PET0 PIOc_sync Exit - MemInfo: [/proc/self/status]	VmPin:	   71900 kB
20220312 013553.753 INFO             PET0 PIOc_sync Exit - MemInfo: [/proc/self/status]	VmHWM:	  140736 kB
20220312 013553.753 INFO             PET0 PIOc_sync Exit - MemInfo: [/proc/self/status]	VmRSS:	  140736 kB
20220312 013553.753 INFO             PET0 PIOc_sync Exit - MemInfo: [/proc/self/status]	VmData:	  259016 kB
20220312 013553.753 INFO             PET0 PIOc_sync Exit - MemInfo: [/proc/self/status]	VmStk:	     512 kB
20220312 013553.753 INFO             PET0 PIOc_sync Exit - MemInfo: [/proc/self/status]	VmExe:	    2016 kB
20220312 013553.753 INFO             PET0 PIOc_sync Exit - MemInfo: [/proc/self/status]	VmLib:	  104128 kB
20220312 013553.753 INFO             PET0 PIOc_sync Exit - MemInfo: [/proc/self/status]	VmPTE:	     688 kB
20220312 013553.753 INFO             PET0 PIOc_sync Exit - MemInfo: [/proc/self/status]	VmPMD:	      32 kB
20220312 013553.753 INFO             PET0 PIOc_sync Exit - MemInfo: [/proc/self/status]	VmSwap:	       0 kB
20220312 013553.753 INFO             PET0 PIOc_sync Exit - MemInfo: [/proc/self/status]	VmRSSPercent: 0.10711 %
20220312 013553.753 INFO             PET0 PIOc_sync Exit - MemInfo: [malloc] Non-mmapped space allocated:                 5599232 Byte
20220312 013553.753 INFO             PET0 PIOc_sync Exit - MemInfo: [malloc] Space allocated in mmapped regions:         73412608 Byte
20220312 013553.753 INFO             PET0 PIOc_sync Exit - MemInfo: [malloc] Maximum total allocated space:                     0 Byte
20220312 013553.753 INFO             PET0 PIOc_sync Exit - MemInfo: [malloc] Space in freed fastbin blocks:                   144 Byte
20220312 013553.753 INFO             PET0 PIOc_sync Exit - MemInfo: [malloc] Total allocated space:                       5351328 Byte
20220312 013553.753 INFO             PET0 PIOc_sync Exit - MemInfo: [malloc] Total free space:                             247904 Byte
20220312 013553.753 INFO             PET0 PIOc_sync Exit - MemInfo: [malloc] Top-most, releasable space:                   114784 Byte
20220312 013553.753 INFO             PET0 PIOc_sync Exit - MemInfo: [malloc] Total space in use, mmap + non-mmap:        78763936 Byte
20220312 013553.753 INFO             PET0 PIOc_sync Exit - MemInfo: [malloc] Total space held (mmap + non-mmap):         79011840 Byte
20220312 013553.753 INFO             PET0 PIOc_sync Exit - MemInfo: [malloc] Total space used (mmap + non-mmap):         78773296 Byte
20220312 013553.753 INFO             PET0 PIOc_sync Exit - MemInfo: Wall-clock time since execution start:              0.0248148 seconds
20220312 013553.754 INFO             PET0 PIOc_freedecomp Enter - MemInfo: [/proc/meminfo - SSI]	MemTotal:       131394444 kB
20220312 013553.754 INFO             PET0 PIOc_freedecomp Enter - MemInfo: [/proc/meminfo - SSI]	MemFree:        118792996 kB
20220312 013553.754 INFO             PET0 PIOc_freedecomp Enter - MemInfo: [/proc/meminfo - SSI]	MemAvailable:   118450608 kB
20220312 013553.754 INFO             PET0 PIOc_freedecomp Enter - MemInfo: [/proc/meminfo - SSI]	Committed_AS:    3883584 kB
20220312 013553.754 INFO             PET0 PIOc_freedecomp Enter - MemInfo: [/proc/meminfo - SSI]	CommittedPercent: 2.95567 %
20220312 013553.754 INFO             PET0 PIOc_freedecomp Enter - MemInfo: [/proc/self/status]	VmPeak:	 3800224 kB
20220312 013553.754 INFO             PET0 PIOc_freedecomp Enter - MemInfo: [/proc/self/status]	VmSize:	 3788988 kB
20220312 013553.754 INFO             PET0 PIOc_freedecomp Enter - MemInfo: [/proc/self/status]	VmLck:	       0 kB
20220312 013553.754 INFO             PET0 PIOc_freedecomp Enter - MemInfo: [/proc/self/status]	VmPin:	   71900 kB
20220312 013553.754 INFO             PET0 PIOc_freedecomp Enter - MemInfo: [/proc/self/status]	VmHWM:	  140736 kB
20220312 013553.754 INFO             PET0 PIOc_freedecomp Enter - MemInfo: [/proc/self/status]	VmRSS:	  140736 kB
20220312 013553.754 INFO             PET0 PIOc_freedecomp Enter - MemInfo: [/proc/self/status]	VmData:	  259016 kB
20220312 013553.754 INFO             PET0 PIOc_freedecomp Enter - MemInfo: [/proc/self/status]	VmStk:	     512 kB
20220312 013553.754 INFO             PET0 PIOc_freedecomp Enter - MemInfo: [/proc/self/status]	VmExe:	    2016 kB
20220312 013553.754 INFO             PET0 PIOc_freedecomp Enter - MemInfo: [/proc/self/status]	VmLib:	  104128 kB
20220312 013553.754 INFO             PET0 PIOc_freedecomp Enter - MemInfo: [/proc/self/status]	VmPTE:	     688 kB
20220312 013553.754 INFO             PET0 PIOc_freedecomp Enter - MemInfo: [/proc/self/status]	VmPMD:	      32 kB
20220312 013553.754 INFO             PET0 PIOc_freedecomp Enter - MemInfo: [/proc/self/status]	VmSwap:	       0 kB
20220312 013553.754 INFO             PET0 PIOc_freedecomp Enter - MemInfo: [/proc/self/status]	VmRSSPercent: 0.10711 %
20220312 013553.754 INFO             PET0 PIOc_freedecomp Enter - MemInfo: [malloc] Non-mmapped space allocated:                 5599232 Byte
20220312 013553.754 INFO             PET0 PIOc_freedecomp Enter - MemInfo: [malloc] Space allocated in mmapped regions:         73412608 Byte
20220312 013553.754 INFO             PET0 PIOc_freedecomp Enter - MemInfo: [malloc] Maximum total allocated space:                     0 Byte
20220312 013553.754 INFO             PET0 PIOc_freedecomp Enter - MemInfo: [malloc] Space in freed fastbin blocks:                   656 Byte
20220312 013553.754 INFO             PET0 PIOc_freedecomp Enter - MemInfo: [malloc] Total allocated space:                       2715904 Byte
20220312 013553.754 INFO             PET0 PIOc_freedecomp Enter - MemInfo: [malloc] Total free space:                            2883328 Byte
20220312 013553.754 INFO             PET0 PIOc_freedecomp Enter - MemInfo: [malloc] Top-most, releasable space:                   114784 Byte
20220312 013553.754 INFO             PET0 PIOc_freedecomp Enter - MemInfo: [malloc] Total space in use, mmap + non-mmap:        76128512 Byte
20220312 013553.754 INFO             PET0 PIOc_freedecomp Enter - MemInfo: [malloc] Total space held (mmap + non-mmap):         79011840 Byte
20220312 013553.754 INFO             PET0 PIOc_freedecomp Enter - MemInfo: [malloc] Total space used (mmap + non-mmap):         76137872 Byte
20220312 013553.754 INFO             PET0 PIOc_freedecomp Enter - MemInfo: Wall-clock time since execution start:              0.0251702 seconds
20220312 013553.754 INFO             PET0 PIOc_freedecomp Exit - MemInfo: [/proc/meminfo - SSI]	MemTotal:       131394444 kB
20220312 013553.754 INFO             PET0 PIOc_freedecomp Exit - MemInfo: [/proc/meminfo - SSI]	MemFree:        118792996 kB
20220312 013553.754 INFO             PET0 PIOc_freedecomp Exit - MemInfo: [/proc/meminfo - SSI]	MemAvailable:   118450608 kB
20220312 013553.754 INFO             PET0 PIOc_freedecomp Exit - MemInfo: [/proc/meminfo - SSI]	Committed_AS:    3883584 kB
20220312 013553.754 INFO             PET0 PIOc_freedecomp Exit - MemInfo: [/proc/meminfo - SSI]	CommittedPercent: 2.95567 %
20220312 013553.754 INFO             PET0 PIOc_freedecomp Exit - MemInfo: [/proc/self/status]	VmPeak:	 3800224 kB
20220312 013553.754 INFO             PET0 PIOc_freedecomp Exit - MemInfo: [/proc/self/status]	VmSize:	 3788988 kB
20220312 013553.754 INFO             PET0 PIOc_freedecomp Exit - MemInfo: [/proc/self/status]	VmLck:	       0 kB
20220312 013553.754 INFO             PET0 PIOc_freedecomp Exit - MemInfo: [/proc/self/status]	VmPin:	   71900 kB
20220312 013553.754 INFO             PET0 PIOc_freedecomp Exit - MemInfo: [/proc/self/status]	VmHWM:	  140736 kB
20220312 013553.754 INFO             PET0 PIOc_freedecomp Exit - MemInfo: [/proc/self/status]	VmRSS:	  140736 kB
20220312 013553.754 INFO             PET0 PIOc_freedecomp Exit - MemInfo: [/proc/self/status]	VmData:	  259016 kB
20220312 013553.754 INFO             PET0 PIOc_freedecomp Exit - MemInfo: [/proc/self/status]	VmStk:	     512 kB
20220312 013553.754 INFO             PET0 PIOc_freedecomp Exit - MemInfo: [/proc/self/status]	VmExe:	    2016 kB
20220312 013553.754 INFO             PET0 PIOc_freedecomp Exit - MemInfo: [/proc/self/status]	VmLib:	  104128 kB
20220312 013553.754 INFO             PET0 PIOc_freedecomp Exit - MemInfo: [/proc/self/status]	VmPTE:	     688 kB
20220312 013553.754 INFO             PET0 PIOc_freedecomp Exit - MemInfo: [/proc/self/status]	VmPMD:	      32 kB
20220312 013553.754 INFO             PET0 PIOc_freedecomp Exit - MemInfo: [/proc/self/status]	VmSwap:	       0 kB
20220312 013553.754 INFO             PET0 PIOc_freedecomp Exit - MemInfo: [/proc/self/status]	VmRSSPercent: 0.10711 %
20220312 013553.754 INFO             PET0 PIOc_freedecomp Exit - MemInfo: [malloc] Non-mmapped space allocated:                 5599232 Byte
20220312 013553.754 INFO             PET0 PIOc_freedecomp Exit - MemInfo: [malloc] Space allocated in mmapped regions:         73412608 Byte
20220312 013553.754 INFO             PET0 PIOc_freedecomp Exit - MemInfo: [malloc] Maximum total allocated space:                     0 Byte
20220312 013553.754 INFO             PET0 PIOc_freedecomp Exit - MemInfo: [malloc] Space in freed fastbin blocks:                   272 Byte
20220312 013553.754 INFO             PET0 PIOc_freedecomp Exit - MemInfo: [malloc] Total allocated space:                       2712240 Byte
20220312 013553.754 INFO             PET0 PIOc_freedecomp Exit - MemInfo: [malloc] Total free space:                            2886992 Byte
20220312 013553.754 INFO             PET0 PIOc_freedecomp Exit - MemInfo: [malloc] Top-most, releasable space:                   120752 Byte
20220312 013553.754 INFO             PET0 PIOc_freedecomp Exit - MemInfo: [malloc] Total space in use, mmap + non-mmap:        76124848 Byte
20220312 013553.754 INFO             PET0 PIOc_freedecomp Exit - MemInfo: [malloc] Total space held (mmap + non-mmap):         79011840 Byte
20220312 013553.754 INFO             PET0 PIOc_freedecomp Exit - MemInfo: [malloc] Total space used (mmap + non-mmap):         76134208 Byte
20220312 013553.754 INFO             PET0 PIOc_freedecomp Exit - MemInfo: Wall-clock time since execution start:              0.0254968 seconds
20220312 013553.754 INFO             PET0  PASS  Write multiple Fields with same dimensions to a file, ESMF_FieldIOUTest.F90, line 292
20220312 013553.754 INFO             PET0  PASS  Create grid for field metadata test, ESMF_FieldIOUTest.F90, line 309
20220312 013553.754 INFO             PET0  PASS  Create field with global indices, ESMF_FieldIOUTest.F90, line 316
20220312 013553.755 INFO             PET0  PASS  Get Farray_md from field, ESMF_FieldIOUTest.F90, line 324
20220312 013553.756 INFO             PET0 PIOc_sync Enter - MemInfo: [/proc/meminfo - SSI]	MemTotal:       131394444 kB
20220312 013553.756 INFO             PET0 PIOc_sync Enter - MemInfo: [/proc/meminfo - SSI]	MemFree:        118791012 kB
20220312 013553.756 INFO             PET0 PIOc_sync Enter - MemInfo: [/proc/meminfo - SSI]	MemAvailable:   118448624 kB
20220312 013553.756 INFO             PET0 PIOc_sync Enter - MemInfo: [/proc/meminfo - SSI]	Committed_AS:    3883584 kB
20220312 013553.756 INFO             PET0 PIOc_sync Enter - MemInfo: [/proc/meminfo - SSI]	CommittedPercent: 2.95567 %
20220312 013553.756 INFO             PET0 PIOc_sync Enter - MemInfo: [/proc/self/status]	VmPeak:	 3800224 kB
20220312 013553.756 INFO             PET0 PIOc_sync Enter - MemInfo: [/proc/self/status]	VmSize:	 3791048 kB
20220312 013553.756 INFO             PET0 PIOc_sync Enter - MemInfo: [/proc/self/status]	VmLck:	       0 kB
20220312 013553.756 INFO             PET0 PIOc_sync Enter - MemInfo: [/proc/self/status]	VmPin:	   71900 kB
20220312 013553.756 INFO             PET0 PIOc_sync Enter - MemInfo: [/proc/self/status]	VmHWM:	  142824 kB
20220312 013553.757 INFO             PET0 PIOc_sync Enter - MemInfo: [/proc/self/status]	VmRSS:	  142824 kB
20220312 013553.757 INFO             PET0 PIOc_sync Enter - MemInfo: [/proc/self/status]	VmData:	  261076 kB
20220312 013553.757 INFO             PET0 PIOc_sync Enter - MemInfo: [/proc/self/status]	VmStk:	     512 kB
20220312 013553.757 INFO             PET0 PIOc_sync Enter - MemInfo: [/proc/self/status]	VmExe:	    2016 kB
20220312 013553.757 INFO             PET0 PIOc_sync Enter - MemInfo: [/proc/self/status]	VmLib:	  104128 kB
20220312 013553.757 INFO             PET0 PIOc_sync Enter - MemInfo: [/proc/self/status]	VmPTE:	     692 kB
20220312 013553.757 INFO             PET0 PIOc_sync Enter - MemInfo: [/proc/self/status]	VmPMD:	      32 kB
20220312 013553.757 INFO             PET0 PIOc_sync Enter - MemInfo: [/proc/self/status]	VmSwap:	       0 kB
20220312 013553.757 INFO             PET0 PIOc_sync Enter - MemInfo: [/proc/self/status]	VmRSSPercent: 0.108699 %
20220312 013553.757 INFO             PET0 PIOc_sync Enter - MemInfo: [malloc] Non-mmapped space allocated:                 7708672 Byte
20220312 013553.757 INFO             PET0 PIOc_sync Enter - MemInfo: [malloc] Space allocated in mmapped regions:         73412608 Byte
20220312 013553.757 INFO             PET0 PIOc_sync Enter - MemInfo: [malloc] Maximum total allocated space:                     0 Byte
20220312 013553.757 INFO             PET0 PIOc_sync Enter - MemInfo: [malloc] Space in freed fastbin blocks:                   448 Byte
20220312 013553.757 INFO             PET0 PIOc_sync Enter - MemInfo: [malloc] Total allocated space:                       5370608 Byte
20220312 013553.757 INFO             PET0 PIOc_sync Enter - MemInfo: [malloc] Total free space:                            2338064 Byte
20220312 013553.757 INFO             PET0 PIOc_sync Enter - MemInfo: [malloc] Top-most, releasable space:                   133024 Byte
20220312 013553.757 INFO             PET0 PIOc_sync Enter - MemInfo: [malloc] Total space in use, mmap + non-mmap:        78783216 Byte
20220312 013553.757 INFO             PET0 PIOc_sync Enter - MemInfo: [malloc] Total space held (mmap + non-mmap):         81121280 Byte
20220312 013553.757 INFO             PET0 PIOc_sync Enter - MemInfo: [malloc] Total space used (mmap + non-mmap):         78792576 Byte
20220312 013553.757 INFO             PET0 PIOc_sync Enter - MemInfo: Wall-clock time since execution start:              0.0280036 seconds
20220312 013553.757 INFO             PET0 PIOc_sync Exit - MemInfo: [/proc/meminfo - SSI]	MemTotal:       131394444 kB
20220312 013553.757 INFO             PET0 PIOc_sync Exit - MemInfo: [/proc/meminfo - SSI]	MemFree:        118791012 kB
20220312 013553.757 INFO             PET0 PIOc_sync Exit - MemInfo: [/proc/meminfo - SSI]	MemAvailable:   118448624 kB
20220312 013553.757 INFO             PET0 PIOc_sync Exit - MemInfo: [/proc/meminfo - SSI]	Committed_AS:    3883584 kB
20220312 013553.757 INFO             PET0 PIOc_sync Exit - MemInfo: [/proc/meminfo - SSI]	CommittedPercent: 2.95567 %
20220312 013553.757 INFO             PET0 PIOc_sync Exit - MemInfo: [/proc/self/status]	VmPeak:	 3800224 kB
20220312 013553.757 INFO             PET0 PIOc_sync Exit - MemInfo: [/proc/self/status]	VmSize:	 3791048 kB
20220312 013553.757 INFO             PET0 PIOc_sync Exit - MemInfo: [/proc/self/status]	VmLck:	       0 kB
20220312 013553.757 INFO             PET0 PIOc_sync Exit - MemInfo: [/proc/self/status]	VmPin:	   71900 kB
20220312 013553.757 INFO             PET0 PIOc_sync Exit - MemInfo: [/proc/self/status]	VmHWM:	  142836 kB
20220312 013553.757 INFO             PET0 PIOc_sync Exit - MemInfo: [/proc/self/status]	VmRSS:	  142836 kB
20220312 013553.757 INFO             PET0 PIOc_sync Exit - MemInfo: [/proc/self/status]	VmData:	  261076 kB
20220312 013553.757 INFO             PET0 PIOc_sync Exit - MemInfo: [/proc/self/status]	VmStk:	     512 kB
20220312 013553.757 INFO             PET0 PIOc_sync Exit - MemInfo: [/proc/self/status]	VmExe:	    2016 kB
20220312 013553.757 INFO             PET0 PIOc_sync Exit - MemInfo: [/proc/self/status]	VmLib:	  104128 kB
20220312 013553.757 INFO             PET0 PIOc_sync Exit - MemInfo: [/proc/self/status]	VmPTE:	     692 kB
20220312 013553.757 INFO             PET0 PIOc_sync Exit - MemInfo: [/proc/self/status]	VmPMD:	      32 kB
20220312 013553.757 INFO             PET0 PIOc_sync Exit - MemInfo: [/proc/self/status]	VmSwap:	       0 kB
20220312 013553.757 INFO             PET0 PIOc_sync Exit - MemInfo: [/proc/self/status]	VmRSSPercent: 0.108708 %
20220312 013553.757 INFO             PET0 PIOc_sync Exit - MemInfo: [malloc] Non-mmapped space allocated:                 7708672 Byte
20220312 013553.757 INFO             PET0 PIOc_sync Exit - MemInfo: [malloc] Space allocated in mmapped regions:         73412608 Byte
20220312 013553.757 INFO             PET0 PIOc_sync Exit - MemInfo: [malloc] Maximum total allocated space:                     0 Byte
20220312 013553.757 INFO             PET0 PIOc_sync Exit - MemInfo: [malloc] Space in freed fastbin blocks:                   384 Byte
20220312 013553.757 INFO             PET0 PIOc_sync Exit - MemInfo: [malloc] Total allocated space:                       5368976 Byte
20220312 013553.757 INFO             PET0 PIOc_sync Exit - MemInfo: [malloc] Total free space:                            2339696 Byte
20220312 013553.757 INFO             PET0 PIOc_sync Exit - MemInfo: [malloc] Top-most, releasable space:                   133024 Byte
20220312 013553.757 INFO             PET0 PIOc_sync Exit - MemInfo: [malloc] Total space in use, mmap + non-mmap:        78781584 Byte
20220312 013553.757 INFO             PET0 PIOc_sync Exit - MemInfo: [malloc] Total space held (mmap + non-mmap):         81121280 Byte
20220312 013553.757 INFO             PET0 PIOc_sync Exit - MemInfo: [malloc] Total space used (mmap + non-mmap):         78790944 Byte
20220312 013553.757 INFO             PET0 PIOc_sync Exit - MemInfo: Wall-clock time since execution start:              0.0287398 seconds
20220312 013553.758 INFO             PET0 PIOc_freedecomp Enter - MemInfo: [/proc/meminfo - SSI]	MemTotal:       131394444 kB
20220312 013553.758 INFO             PET0 PIOc_freedecomp Enter - MemInfo: [/proc/meminfo - SSI]	MemFree:        118791012 kB
20220312 013553.758 INFO             PET0 PIOc_freedecomp Enter - MemInfo: [/proc/meminfo - SSI]	MemAvailable:   118448624 kB
20220312 013553.758 INFO             PET0 PIOc_freedecomp Enter - MemInfo: [/proc/meminfo - SSI]	Committed_AS:    3883584 kB
20220312 013553.758 INFO             PET0 PIOc_freedecomp Enter - MemInfo: [/proc/meminfo - SSI]	CommittedPercent: 2.95567 %
20220312 013553.758 INFO             PET0 PIOc_freedecomp Enter - MemInfo: [/proc/self/status]	VmPeak:	 3800224 kB
20220312 013553.758 INFO             PET0 PIOc_freedecomp Enter - MemInfo: [/proc/self/status]	VmSize:	 3791048 kB
20220312 013553.758 INFO             PET0 PIOc_freedecomp Enter - MemInfo: [/proc/self/status]	VmLck:	       0 kB
20220312 013553.758 INFO             PET0 PIOc_freedecomp Enter - MemInfo: [/proc/self/status]	VmPin:	   71900 kB
20220312 013553.758 INFO             PET0 PIOc_freedecomp Enter - MemInfo: [/proc/self/status]	VmHWM:	  142836 kB
20220312 013553.758 INFO             PET0 PIOc_freedecomp Enter - MemInfo: [/proc/self/status]	VmRSS:	  142836 kB
20220312 013553.758 INFO             PET0 PIOc_freedecomp Enter - MemInfo: [/proc/self/status]	VmData:	  261076 kB
20220312 013553.758 INFO             PET0 PIOc_freedecomp Enter - MemInfo: [/proc/self/status]	VmStk:	     512 kB
20220312 013553.758 INFO             PET0 PIOc_freedecomp Enter - MemInfo: [/proc/self/status]	VmExe:	    2016 kB
20220312 013553.758 INFO             PET0 PIOc_freedecomp Enter - MemInfo: [/proc/self/status]	VmLib:	  104128 kB
20220312 013553.758 INFO             PET0 PIOc_freedecomp Enter - MemInfo: [/proc/self/status]	VmPTE:	     692 kB
20220312 013553.758 INFO             PET0 PIOc_freedecomp Enter - MemInfo: [/proc/self/status]	VmPMD:	      32 kB
20220312 013553.758 INFO             PET0 PIOc_freedecomp Enter - MemInfo: [/proc/self/status]	VmSwap:	       0 kB
20220312 013553.758 INFO             PET0 PIOc_freedecomp Enter - MemInfo: [/proc/self/status]	VmRSSPercent: 0.108708 %
20220312 013553.758 INFO             PET0 PIOc_freedecomp Enter - MemInfo: [malloc] Non-mmapped space allocated:                 7708672 Byte
20220312 013553.758 INFO             PET0 PIOc_freedecomp Enter - MemInfo: [malloc] Space allocated in mmapped regions:         73412608 Byte
20220312 013553.758 INFO             PET0 PIOc_freedecomp Enter - MemInfo: [malloc] Maximum total allocated space:                     0 Byte
20220312 013553.758 INFO             PET0 PIOc_freedecomp Enter - MemInfo: [malloc] Space in freed fastbin blocks:                   416 Byte
20220312 013553.758 INFO             PET0 PIOc_freedecomp Enter - MemInfo: [malloc] Total allocated space:                       2734192 Byte
20220312 013553.758 INFO             PET0 PIOc_freedecomp Enter - MemInfo: [malloc] Total free space:                            4974480 Byte
20220312 013553.758 INFO             PET0 PIOc_freedecomp Enter - MemInfo: [malloc] Top-most, releasable space:                  2230192 Byte
20220312 013553.758 INFO             PET0 PIOc_freedecomp Enter - MemInfo: [malloc] Total space in use, mmap + non-mmap:        76146800 Byte
20220312 013553.758 INFO             PET0 PIOc_freedecomp Enter - MemInfo: [malloc] Total space held (mmap + non-mmap):         81121280 Byte
20220312 013553.758 INFO             PET0 PIOc_freedecomp Enter - MemInfo: [malloc] Total space used (mmap + non-mmap):         76156160 Byte
20220312 013553.758 INFO             PET0 PIOc_freedecomp Enter - MemInfo: Wall-clock time since execution start:              0.0291708 seconds
20220312 013553.758 INFO             PET0 PIOc_freedecomp Exit - MemInfo: [/proc/meminfo - SSI]	MemTotal:       131394444 kB
20220312 013553.758 INFO             PET0 PIOc_freedecomp Exit - MemInfo: [/proc/meminfo - SSI]	MemFree:        118791012 kB
20220312 013553.758 INFO             PET0 PIOc_freedecomp Exit - MemInfo: [/proc/meminfo - SSI]	MemAvailable:   118448624 kB
20220312 013553.758 INFO             PET0 PIOc_freedecomp Exit - MemInfo: [/proc/meminfo - SSI]	Committed_AS:    3883584 kB
20220312 013553.758 INFO             PET0 PIOc_freedecomp Exit - MemInfo: [/proc/meminfo - SSI]	CommittedPercent: 2.95567 %
20220312 013553.758 INFO             PET0 PIOc_freedecomp Exit - MemInfo: [/proc/self/status]	VmPeak:	 3800224 kB
20220312 013553.758 INFO             PET0 PIOc_freedecomp Exit - MemInfo: [/proc/self/status]	VmSize:	 3791048 kB
20220312 013553.758 INFO             PET0 PIOc_freedecomp Exit - MemInfo: [/proc/self/status]	VmLck:	       0 kB
20220312 013553.758 INFO             PET0 PIOc_freedecomp Exit - MemInfo: [/proc/self/status]	VmPin:	   71900 kB
20220312 013553.758 INFO             PET0 PIOc_freedecomp Exit - MemInfo: [/proc/self/status]	VmHWM:	  142836 kB
20220312 013553.758 INFO             PET0 PIOc_freedecomp Exit - MemInfo: [/proc/self/status]	VmRSS:	  142836 kB
20220312 013553.758 INFO             PET0 PIOc_freedecomp Exit - MemInfo: [/proc/self/status]	VmData:	  261076 kB
20220312 013553.758 INFO             PET0 PIOc_freedecomp Exit - MemInfo: [/proc/self/status]	VmStk:	     512 kB
20220312 013553.758 INFO             PET0 PIOc_freedecomp Exit - MemInfo: [/proc/self/status]	VmExe:	    2016 kB
20220312 013553.758 INFO             PET0 PIOc_freedecomp Exit - MemInfo: [/proc/self/status]	VmLib:	  104128 kB
20220312 013553.758 INFO             PET0 PIOc_freedecomp Exit - MemInfo: [/proc/self/status]	VmPTE:	     692 kB
20220312 013553.758 INFO             PET0 PIOc_freedecomp Exit - MemInfo: [/proc/self/status]	VmPMD:	      32 kB
20220312 013553.758 INFO             PET0 PIOc_freedecomp Exit - MemInfo: [/proc/self/status]	VmSwap:	       0 kB
20220312 013553.758 INFO             PET0 PIOc_freedecomp Exit - MemInfo: [/proc/self/status]	VmRSSPercent: 0.108708 %
20220312 013553.758 INFO             PET0 PIOc_freedecomp Exit - MemInfo: [malloc] Non-mmapped space allocated:                 7708672 Byte
20220312 013553.758 INFO             PET0 PIOc_freedecomp Exit - MemInfo: [malloc] Space allocated in mmapped regions:         73412608 Byte
20220312 013553.758 INFO             PET0 PIOc_freedecomp Exit - MemInfo: [malloc] Maximum total allocated space:                     0 Byte
20220312 013553.758 INFO             PET0 PIOc_freedecomp Exit - MemInfo: [malloc] Space in freed fastbin blocks:                   272 Byte
20220312 013553.758 INFO             PET0 PIOc_freedecomp Exit - MemInfo: [malloc] Total allocated space:                       2727360 Byte
20220312 013553.758 INFO             PET0 PIOc_freedecomp Exit - MemInfo: [malloc] Total free space:                            4981312 Byte
20220312 013553.758 INFO             PET0 PIOc_freedecomp Exit - MemInfo: [malloc] Top-most, releasable space:                  2230192 Byte
20220312 013553.758 INFO             PET0 PIOc_freedecomp Exit - MemInfo: [malloc] Total space in use, mmap + non-mmap:        76139968 Byte
20220312 013553.758 INFO             PET0 PIOc_freedecomp Exit - MemInfo: [malloc] Total space held (mmap + non-mmap):         81121280 Byte
20220312 013553.758 INFO             PET0 PIOc_freedecomp Exit - MemInfo: [malloc] Total space used (mmap + non-mmap):         76149328 Byte
20220312 013553.758 INFO             PET0 PIOc_freedecomp Exit - MemInfo: Wall-clock time since execution start:              0.0294985 seconds
20220312 013553.758 INFO             PET0  PASS  Write Field to NetCDF file, ESMF_FieldIOUTest.F90, line 348
20220312 013553.758 INFO             PET0  PASS  Confirm NetCDF metadata - open file, ESMF_FieldIOUTest.F90, line 359
20220312 013553.758 INFO             PET0  PASS  Confirm NetCDF metadata - check dim 1, ESMF_FieldIOUTest.F90, line 369
20220312 013553.758 INFO             PET0  PASS  Confirm NetCDF metadata - check dim 1 len, ESMF_FieldIOUTest.F90, line 379
20220312 013553.758 INFO             PET0  PASS  Confirm NetCDF metadata - check dim 2, ESMF_FieldIOUTest.F90, line 389
20220312 013553.758 INFO             PET0  PASS  Confirm NetCDF metadata - check dim 2 len, ESMF_FieldIOUTest.F90, line 399
20220312 013553.758 INFO             PET0  PASS  Confirm NetCDF metadata - variable exists, ESMF_FieldIOUTest.F90, line 409
20220312 013553.759 INFO             PET0  PASS  Confirm NetCDF metadata - variable has expected dims, ESMF_FieldIOUTest.F90, line 420
20220312 013553.759 INFO             PET0  PASS  Confirm NetCDF data - check data for field, ESMF_FieldIOUTest.F90, line 445
20220312 013553.759 INFO             PET0  PASS  Confirm NetCDF data - close file, ESMF_FieldIOUTest.F90, line 456
20220312 013553.762 INFO             PET0 PIOc_sync Enter - MemInfo: [/proc/meminfo - SSI]	MemTotal:       131394444 kB
20220312 013553.762 INFO             PET0 PIOc_sync Enter - MemInfo: [/proc/meminfo - SSI]	MemFree:        118786860 kB
20220312 013553.762 INFO             PET0 PIOc_sync Enter - MemInfo: [/proc/meminfo - SSI]	MemAvailable:   118444472 kB
20220312 013553.762 INFO             PET0 PIOc_sync Enter - MemInfo: [/proc/meminfo - SSI]	Committed_AS:    3883584 kB
20220312 013553.762 INFO             PET0 PIOc_sync Enter - MemInfo: [/proc/meminfo - SSI]	CommittedPercent: 2.95567 %
20220312 013553.762 INFO             PET0 PIOc_sync Enter - MemInfo: [/proc/self/status]	VmPeak:	 3800224 kB
20220312 013553.762 INFO             PET0 PIOc_sync Enter - MemInfo: [/proc/self/status]	VmSize:	 3791048 kB
20220312 013553.762 INFO             PET0 PIOc_sync Enter - MemInfo: [/proc/self/status]	VmLck:	       0 kB
20220312 013553.762 INFO             PET0 PIOc_sync Enter - MemInfo: [/proc/self/status]	VmPin:	   71900 kB
20220312 013553.762 INFO             PET0 PIOc_sync Enter - MemInfo: [/proc/self/status]	VmHWM:	  143016 kB
20220312 013553.762 INFO             PET0 PIOc_sync Enter - MemInfo: [/proc/self/status]	VmRSS:	  143016 kB
20220312 013553.762 INFO             PET0 PIOc_sync Enter - MemInfo: [/proc/self/status]	VmData:	  261076 kB
20220312 013553.762 INFO             PET0 PIOc_sync Enter - MemInfo: [/proc/self/status]	VmStk:	     512 kB
20220312 013553.762 INFO             PET0 PIOc_sync Enter - MemInfo: [/proc/self/status]	VmExe:	    2016 kB
20220312 013553.762 INFO             PET0 PIOc_sync Enter - MemInfo: [/proc/self/status]	VmLib:	  104128 kB
20220312 013553.762 INFO             PET0 PIOc_sync Enter - MemInfo: [/proc/self/status]	VmPTE:	     692 kB
20220312 013553.762 INFO             PET0 PIOc_sync Enter - MemInfo: [/proc/self/status]	VmPMD:	      32 kB
20220312 013553.762 INFO             PET0 PIOc_sync Enter - MemInfo: [/proc/self/status]	VmSwap:	       0 kB
20220312 013553.762 INFO             PET0 PIOc_sync Enter - MemInfo: [/proc/self/status]	VmRSSPercent: 0.108845 %
20220312 013553.762 INFO             PET0 PIOc_sync Enter - MemInfo: [malloc] Non-mmapped space allocated:                 7708672 Byte
20220312 013553.762 INFO             PET0 PIOc_sync Enter - MemInfo: [malloc] Space allocated in mmapped regions:         73412608 Byte
20220312 013553.762 INFO             PET0 PIOc_sync Enter - MemInfo: [malloc] Maximum total allocated space:                     0 Byte
20220312 013553.762 INFO             PET0 PIOc_sync Enter - MemInfo: [malloc] Space in freed fastbin blocks:                   448 Byte
20220312 013553.762 INFO             PET0 PIOc_sync Enter - MemInfo: [malloc] Total allocated space:                       5372784 Byte
20220312 013553.762 INFO             PET0 PIOc_sync Enter - MemInfo: [malloc] Total free space:                            2335888 Byte
20220312 013553.762 INFO             PET0 PIOc_sync Enter - MemInfo: [malloc] Top-most, releasable space:                   133024 Byte
20220312 013553.762 INFO             PET0 PIOc_sync Enter - MemInfo: [malloc] Total space in use, mmap + non-mmap:        78785392 Byte
20220312 013553.762 INFO             PET0 PIOc_sync Enter - MemInfo: [malloc] Total space held (mmap + non-mmap):         81121280 Byte
20220312 013553.762 INFO             PET0 PIOc_sync Enter - MemInfo: [malloc] Total space used (mmap + non-mmap):         78794752 Byte
20220312 013553.762 INFO             PET0 PIOc_sync Enter - MemInfo: Wall-clock time since execution start:              0.0332494 seconds
20220312 013553.762 INFO             PET0 PIOc_sync Exit - MemInfo: [/proc/meminfo - SSI]	MemTotal:       131394444 kB
20220312 013553.762 INFO             PET0 PIOc_sync Exit - MemInfo: [/proc/meminfo - SSI]	MemFree:        118786860 kB
20220312 013553.762 INFO             PET0 PIOc_sync Exit - MemInfo: [/proc/meminfo - SSI]	MemAvailable:   118444472 kB
20220312 013553.762 INFO             PET0 PIOc_sync Exit - MemInfo: [/proc/meminfo - SSI]	Committed_AS:    3883584 kB
20220312 013553.762 INFO             PET0 PIOc_sync Exit - MemInfo: [/proc/meminfo - SSI]	CommittedPercent: 2.95567 %
20220312 013553.762 INFO             PET0 PIOc_sync Exit - MemInfo: [/proc/self/status]	VmPeak:	 3800224 kB
20220312 013553.762 INFO             PET0 PIOc_sync Exit - MemInfo: [/proc/self/status]	VmSize:	 3791048 kB
20220312 013553.762 INFO             PET0 PIOc_sync Exit - MemInfo: [/proc/self/status]	VmLck:	       0 kB
20220312 013553.762 INFO             PET0 PIOc_sync Exit - MemInfo: [/proc/self/status]	VmPin:	   71900 kB
20220312 013553.762 INFO             PET0 PIOc_sync Exit - MemInfo: [/proc/self/status]	VmHWM:	  143028 kB
20220312 013553.762 INFO             PET0 PIOc_sync Exit - MemInfo: [/proc/self/status]	VmRSS:	  143028 kB
20220312 013553.763 INFO             PET0 PIOc_sync Exit - MemInfo: [/proc/self/status]	VmData:	  261076 kB
20220312 013553.763 INFO             PET0 PIOc_sync Exit - MemInfo: [/proc/self/status]	VmStk:	     512 kB
20220312 013553.763 INFO             PET0 PIOc_sync Exit - MemInfo: [/proc/self/status]	VmExe:	    2016 kB
20220312 013553.763 INFO             PET0 PIOc_sync Exit - MemInfo: [/proc/self/status]	VmLib:	  104128 kB
20220312 013553.763 INFO             PET0 PIOc_sync Exit - MemInfo: [/proc/self/status]	VmPTE:	     692 kB
20220312 013553.763 INFO             PET0 PIOc_sync Exit - MemInfo: [/proc/self/status]	VmPMD:	      32 kB
20220312 013553.763 INFO             PET0 PIOc_sync Exit - MemInfo: [/proc/self/status]	VmSwap:	       0 kB
20220312 013553.763 INFO             PET0 PIOc_sync Exit - MemInfo: [/proc/self/status]	VmRSSPercent: 0.108854 %
20220312 013553.763 INFO             PET0 PIOc_sync Exit - MemInfo: [malloc] Non-mmapped space allocated:                 7708672 Byte
20220312 013553.763 INFO             PET0 PIOc_sync Exit - MemInfo: [malloc] Space allocated in mmapped regions:         73412608 Byte
20220312 013553.763 INFO             PET0 PIOc_sync Exit - MemInfo: [malloc] Maximum total allocated space:                     0 Byte
20220312 013553.763 INFO             PET0 PIOc_sync Exit - MemInfo: [malloc] Space in freed fastbin blocks:                   384 Byte
20220312 013553.763 INFO             PET0 PIOc_sync Exit - MemInfo: [malloc] Total allocated space:                       5371344 Byte
20220312 013553.763 INFO             PET0 PIOc_sync Exit - MemInfo: [malloc] Total free space:                            2337328 Byte
20220312 013553.763 INFO             PET0 PIOc_sync Exit - MemInfo: [malloc] Top-most, releasable space:                   133024 Byte
20220312 013553.763 INFO             PET0 PIOc_sync Exit - MemInfo: [malloc] Total space in use, mmap + non-mmap:        78783952 Byte
20220312 013553.763 INFO             PET0 PIOc_sync Exit - MemInfo: [malloc] Total space held (mmap + non-mmap):         81121280 Byte
20220312 013553.763 INFO             PET0 PIOc_sync Exit - MemInfo: [malloc] Total space used (mmap + non-mmap):         78793312 Byte
20220312 013553.763 INFO             PET0 PIOc_sync Exit - MemInfo: Wall-clock time since execution start:              0.0340044 seconds
20220312 013553.763 INFO             PET0 PIOc_freedecomp Enter - MemInfo: [/proc/meminfo - SSI]	MemTotal:       131394444 kB
20220312 013553.763 INFO             PET0 PIOc_freedecomp Enter - MemInfo: [/proc/meminfo - SSI]	MemFree:        118786860 kB
20220312 013553.763 INFO             PET0 PIOc_freedecomp Enter - MemInfo: [/proc/meminfo - SSI]	MemAvailable:   118444472 kB
20220312 013553.763 INFO             PET0 PIOc_freedecomp Enter - MemInfo: [/proc/meminfo - SSI]	Committed_AS:    3883584 kB
20220312 013553.763 INFO             PET0 PIOc_freedecomp Enter - MemInfo: [/proc/meminfo - SSI]	CommittedPercent: 2.95567 %
20220312 013553.763 INFO             PET0 PIOc_freedecomp Enter - MemInfo: [/proc/self/status]	VmPeak:	 3800224 kB
20220312 013553.763 INFO             PET0 PIOc_freedecomp Enter - MemInfo: [/proc/self/status]	VmSize:	 3791048 kB
20220312 013553.763 INFO             PET0 PIOc_freedecomp Enter - MemInfo: [/proc/self/status]	VmLck:	       0 kB
20220312 013553.763 INFO             PET0 PIOc_freedecomp Enter - MemInfo: [/proc/self/status]	VmPin:	   71900 kB
20220312 013553.763 INFO             PET0 PIOc_freedecomp Enter - MemInfo: [/proc/self/status]	VmHWM:	  143028 kB
20220312 013553.763 INFO             PET0 PIOc_freedecomp Enter - MemInfo: [/proc/self/status]	VmRSS:	  143028 kB
20220312 013553.763 INFO             PET0 PIOc_freedecomp Enter - MemInfo: [/proc/self/status]	VmData:	  261076 kB
20220312 013553.763 INFO             PET0 PIOc_freedecomp Enter - MemInfo: [/proc/self/status]	VmStk:	     512 kB
20220312 013553.763 INFO             PET0 PIOc_freedecomp Enter - MemInfo: [/proc/self/status]	VmExe:	    2016 kB
20220312 013553.763 INFO             PET0 PIOc_freedecomp Enter - MemInfo: [/proc/self/status]	VmLib:	  104128 kB
20220312 013553.763 INFO             PET0 PIOc_freedecomp Enter - MemInfo: [/proc/self/status]	VmPTE:	     692 kB
20220312 013553.763 INFO             PET0 PIOc_freedecomp Enter - MemInfo: [/proc/self/status]	VmPMD:	      32 kB
20220312 013553.763 INFO             PET0 PIOc_freedecomp Enter - MemInfo: [/proc/self/status]	VmSwap:	       0 kB
20220312 013553.763 INFO             PET0 PIOc_freedecomp Enter - MemInfo: [/proc/self/status]	VmRSSPercent: 0.108854 %
20220312 013553.763 INFO             PET0 PIOc_freedecomp Enter - MemInfo: [malloc] Non-mmapped space allocated:                 7708672 Byte
20220312 013553.763 INFO             PET0 PIOc_freedecomp Enter - MemInfo: [malloc] Space allocated in mmapped regions:         73412608 Byte
20220312 013553.763 INFO             PET0 PIOc_freedecomp Enter - MemInfo: [malloc] Maximum total allocated space:                     0 Byte
20220312 013553.763 INFO             PET0 PIOc_freedecomp Enter - MemInfo: [malloc] Space in freed fastbin blocks:                   576 Byte
20220312 013553.763 INFO             PET0 PIOc_freedecomp Enter - MemInfo: [malloc] Total allocated space:                       2736496 Byte
20220312 013553.763 INFO             PET0 PIOc_freedecomp Enter - MemInfo: [malloc] Total free space:                            4972176 Byte
20220312 013553.763 INFO             PET0 PIOc_freedecomp Enter - MemInfo: [malloc] Top-most, releasable space:                  2230192 Byte
20220312 013553.763 INFO             PET0 PIOc_freedecomp Enter - MemInfo: [malloc] Total space in use, mmap + non-mmap:        76149104 Byte
20220312 013553.763 INFO             PET0 PIOc_freedecomp Enter - MemInfo: [malloc] Total space held (mmap + non-mmap):         81121280 Byte
20220312 013553.763 INFO             PET0 PIOc_freedecomp Enter - MemInfo: [malloc] Total space used (mmap + non-mmap):         76158464 Byte
20220312 013553.763 INFO             PET0 PIOc_freedecomp Enter - MemInfo: Wall-clock time since execution start:              0.0344634 seconds
20220312 013553.763 INFO             PET0 PIOc_freedecomp Exit - MemInfo: [/proc/meminfo - SSI]	MemTotal:       131394444 kB
20220312 013553.763 INFO             PET0 PIOc_freedecomp Exit - MemInfo: [/proc/meminfo - SSI]	MemFree:        118786860 kB
20220312 013553.763 INFO             PET0 PIOc_freedecomp Exit - MemInfo: [/proc/meminfo - SSI]	MemAvailable:   118444472 kB
20220312 013553.763 INFO             PET0 PIOc_freedecomp Exit - MemInfo: [/proc/meminfo - SSI]	Committed_AS:    3883584 kB
20220312 013553.763 INFO             PET0 PIOc_freedecomp Exit - MemInfo: [/proc/meminfo - SSI]	CommittedPercent: 2.95567 %
20220312 013553.763 INFO             PET0 PIOc_freedecomp Exit - MemInfo: [/proc/self/status]	VmPeak:	 3800224 kB
20220312 013553.763 INFO             PET0 PIOc_freedecomp Exit - MemInfo: [/proc/self/status]	VmSize:	 3791048 kB
20220312 013553.763 INFO             PET0 PIOc_freedecomp Exit - MemInfo: [/proc/self/status]	VmLck:	       0 kB
20220312 013553.763 INFO             PET0 PIOc_freedecomp Exit - MemInfo: [/proc/self/status]	VmPin:	   71900 kB
20220312 013553.763 INFO             PET0 PIOc_freedecomp Exit - MemInfo: [/proc/self/status]	VmHWM:	  143028 kB
20220312 013553.763 INFO             PET0 PIOc_freedecomp Exit - MemInfo: [/proc/self/status]	VmRSS:	  143028 kB
20220312 013553.763 INFO             PET0 PIOc_freedecomp Exit - MemInfo: [/proc/self/status]	VmData:	  261076 kB
20220312 013553.763 INFO             PET0 PIOc_freedecomp Exit - MemInfo: [/proc/self/status]	VmStk:	     512 kB
20220312 013553.763 INFO             PET0 PIOc_freedecomp Exit - MemInfo: [/proc/self/status]	VmExe:	    2016 kB
20220312 013553.763 INFO             PET0 PIOc_freedecomp Exit - MemInfo: [/proc/self/status]	VmLib:	  104128 kB
20220312 013553.763 INFO             PET0 PIOc_freedecomp Exit - MemInfo: [/proc/self/status]	VmPTE:	     692 kB
20220312 013553.763 INFO             PET0 PIOc_freedecomp Exit - MemInfo: [/proc/self/status]	VmPMD:	      32 kB
20220312 013553.763 INFO             PET0 PIOc_freedecomp Exit - MemInfo: [/proc/self/status]	VmSwap:	       0 kB
20220312 013553.763 INFO             PET0 PIOc_freedecomp Exit - MemInfo: [/proc/self/status]	VmRSSPercent: 0.108854 %
20220312 013553.763 INFO             PET0 PIOc_freedecomp Exit - MemInfo: [malloc] Non-mmapped space allocated:                 7708672 Byte
20220312 013553.763 INFO             PET0 PIOc_freedecomp Exit - MemInfo: [malloc] Space allocated in mmapped regions:         73412608 Byte
20220312 013553.763 INFO             PET0 PIOc_freedecomp Exit - MemInfo: [malloc] Maximum total allocated space:                     0 Byte
20220312 013553.763 INFO             PET0 PIOc_freedecomp Exit - MemInfo: [malloc] Space in freed fastbin blocks:                   272 Byte
20220312 013553.763 INFO             PET0 PIOc_freedecomp Exit - MemInfo: [malloc] Total allocated space:                       2732192 Byte
20220312 013553.763 INFO             PET0 PIOc_freedecomp Exit - MemInfo: [malloc] Total free space:                            4976480 Byte
20220312 013553.763 INFO             PET0 PIOc_freedecomp Exit - MemInfo: [malloc] Top-most, releasable space:                  2230192 Byte
20220312 013553.763 INFO             PET0 PIOc_freedecomp Exit - MemInfo: [malloc] Total space in use, mmap + non-mmap:        76144800 Byte
20220312 013553.763 INFO             PET0 PIOc_freedecomp Exit - MemInfo: [malloc] Total space held (mmap + non-mmap):         81121280 Byte
20220312 013553.763 INFO             PET0 PIOc_freedecomp Exit - MemInfo: [malloc] Total space used (mmap + non-mmap):         76154160 Byte
20220312 013553.763 INFO             PET0 PIOc_freedecomp Exit - MemInfo: Wall-clock time since execution start:              0.0348023 seconds
20220312 013553.765 INFO             PET0 PIOc_sync Enter - MemInfo: [/proc/meminfo - SSI]	MemTotal:       131394444 kB
20220312 013553.765 INFO             PET0 PIOc_sync Enter - MemInfo: [/proc/meminfo - SSI]	MemFree:        118787056 kB
20220312 013553.765 INFO             PET0 PIOc_sync Enter - MemInfo: [/proc/meminfo - SSI]	MemAvailable:   118444668 kB
20220312 013553.765 INFO             PET0 PIOc_sync Enter - MemInfo: [/proc/meminfo - SSI]	Committed_AS:    3883584 kB
20220312 013553.765 INFO             PET0 PIOc_sync Enter - MemInfo: [/proc/meminfo - SSI]	CommittedPercent: 2.95567 %
20220312 013553.765 INFO             PET0 PIOc_sync Enter - MemInfo: [/proc/self/status]	VmPeak:	 3800224 kB
20220312 013553.765 INFO             PET0 PIOc_sync Enter - MemInfo: [/proc/self/status]	VmSize:	 3791048 kB
20220312 013553.765 INFO             PET0 PIOc_sync Enter - MemInfo: [/proc/self/status]	VmLck:	       0 kB
20220312 013553.765 INFO             PET0 PIOc_sync Enter - MemInfo: [/proc/self/status]	VmPin:	   71900 kB
20220312 013553.765 INFO             PET0 PIOc_sync Enter - MemInfo: [/proc/self/status]	VmHWM:	  143192 kB
20220312 013553.765 INFO             PET0 PIOc_sync Enter - MemInfo: [/proc/self/status]	VmRSS:	  143192 kB
20220312 013553.765 INFO             PET0 PIOc_sync Enter - MemInfo: [/proc/self/status]	VmData:	  261076 kB
20220312 013553.765 INFO             PET0 PIOc_sync Enter - MemInfo: [/proc/self/status]	VmStk:	     512 kB
20220312 013553.765 INFO             PET0 PIOc_sync Enter - MemInfo: [/proc/self/status]	VmExe:	    2016 kB
20220312 013553.765 INFO             PET0 PIOc_sync Enter - MemInfo: [/proc/self/status]	VmLib:	  104128 kB
20220312 013553.765 INFO             PET0 PIOc_sync Enter - MemInfo: [/proc/self/status]	VmPTE:	     692 kB
20220312 013553.765 INFO             PET0 PIOc_sync Enter - MemInfo: [/proc/self/status]	VmPMD:	      32 kB
20220312 013553.765 INFO             PET0 PIOc_sync Enter - MemInfo: [/proc/self/status]	VmSwap:	       0 kB
20220312 013553.765 INFO             PET0 PIOc_sync Enter - MemInfo: [/proc/self/status]	VmRSSPercent: 0.108979 %
20220312 013553.765 INFO             PET0 PIOc_sync Enter - MemInfo: [malloc] Non-mmapped space allocated:                 7708672 Byte
20220312 013553.765 INFO             PET0 PIOc_sync Enter - MemInfo: [malloc] Space allocated in mmapped regions:         73412608 Byte
20220312 013553.765 INFO             PET0 PIOc_sync Enter - MemInfo: [malloc] Maximum total allocated space:                     0 Byte
20220312 013553.765 INFO             PET0 PIOc_sync Enter - MemInfo: [malloc] Space in freed fastbin blocks:                   448 Byte
20220312 013553.765 INFO             PET0 PIOc_sync Enter - MemInfo: [malloc] Total allocated space:                       5375904 Byte
20220312 013553.765 INFO             PET0 PIOc_sync Enter - MemInfo: [malloc] Total free space:                            2332768 Byte
20220312 013553.765 INFO             PET0 PIOc_sync Enter - MemInfo: [malloc] Top-most, releasable space:                   133024 Byte
20220312 013553.765 INFO             PET0 PIOc_sync Enter - MemInfo: [malloc] Total space in use, mmap + non-mmap:        78788512 Byte
20220312 013553.765 INFO             PET0 PIOc_sync Enter - MemInfo: [malloc] Total space held (mmap + non-mmap):         81121280 Byte
20220312 013553.765 INFO             PET0 PIOc_sync Enter - MemInfo: [malloc] Total space used (mmap + non-mmap):         78797872 Byte
20220312 013553.765 INFO             PET0 PIOc_sync Enter - MemInfo: Wall-clock time since execution start:              0.0362268 seconds
20220312 013553.765 INFO             PET0 PIOc_sync Exit - MemInfo: [/proc/meminfo - SSI]	MemTotal:       131394444 kB
20220312 013553.765 INFO             PET0 PIOc_sync Exit - MemInfo: [/proc/meminfo - SSI]	MemFree:        118787056 kB
20220312 013553.765 INFO             PET0 PIOc_sync Exit - MemInfo: [/proc/meminfo - SSI]	MemAvailable:   118444668 kB
20220312 013553.765 INFO             PET0 PIOc_sync Exit - MemInfo: [/proc/meminfo - SSI]	Committed_AS:    3883584 kB
20220312 013553.765 INFO             PET0 PIOc_sync Exit - MemInfo: [/proc/meminfo - SSI]	CommittedPercent: 2.95567 %
20220312 013553.765 INFO             PET0 PIOc_sync Exit - MemInfo: [/proc/self/status]	VmPeak:	 3800224 kB
20220312 013553.765 INFO             PET0 PIOc_sync Exit - MemInfo: [/proc/self/status]	VmSize:	 3791048 kB
20220312 013553.765 INFO             PET0 PIOc_sync Exit - MemInfo: [/proc/self/status]	VmLck:	       0 kB
20220312 013553.765 INFO             PET0 PIOc_sync Exit - MemInfo: [/proc/self/status]	VmPin:	   71900 kB
20220312 013553.765 INFO             PET0 PIOc_sync Exit - MemInfo: [/proc/self/status]	VmHWM:	  143196 kB
20220312 013553.765 INFO             PET0 PIOc_sync Exit - MemInfo: [/proc/self/status]	VmRSS:	  143196 kB
20220312 013553.765 INFO             PET0 PIOc_sync Exit - MemInfo: [/proc/self/status]	VmData:	  261076 kB
20220312 013553.765 INFO             PET0 PIOc_sync Exit - MemInfo: [/proc/self/status]	VmStk:	     512 kB
20220312 013553.765 INFO             PET0 PIOc_sync Exit - MemInfo: [/proc/self/status]	VmExe:	    2016 kB
20220312 013553.765 INFO             PET0 PIOc_sync Exit - MemInfo: [/proc/self/status]	VmLib:	  104128 kB
20220312 013553.765 INFO             PET0 PIOc_sync Exit - MemInfo: [/proc/self/status]	VmPTE:	     692 kB
20220312 013553.765 INFO             PET0 PIOc_sync Exit - MemInfo: [/proc/self/status]	VmPMD:	      32 kB
20220312 013553.766 INFO             PET0 PIOc_sync Exit - MemInfo: [/proc/self/status]	VmSwap:	       0 kB
20220312 013553.766 INFO             PET0 PIOc_sync Exit - MemInfo: [/proc/self/status]	VmRSSPercent: 0.108982 %
20220312 013553.766 INFO             PET0 PIOc_sync Exit - MemInfo: [malloc] Non-mmapped space allocated:                 7708672 Byte
20220312 013553.766 INFO             PET0 PIOc_sync Exit - MemInfo: [malloc] Space allocated in mmapped regions:         73412608 Byte
20220312 013553.766 INFO             PET0 PIOc_sync Exit - MemInfo: [malloc] Maximum total allocated space:                     0 Byte
20220312 013553.766 INFO             PET0 PIOc_sync Exit - MemInfo: [malloc] Space in freed fastbin blocks:                   384 Byte
20220312 013553.766 INFO             PET0 PIOc_sync Exit - MemInfo: [malloc] Total allocated space:                       5374784 Byte
20220312 013553.766 INFO             PET0 PIOc_sync Exit - MemInfo: [malloc] Total free space:                            2333888 Byte
20220312 013553.766 INFO             PET0 PIOc_sync Exit - MemInfo: [malloc] Top-most, releasable space:                   133024 Byte
20220312 013553.766 INFO             PET0 PIOc_sync Exit - MemInfo: [malloc] Total space in use, mmap + non-mmap:        78787392 Byte
