build time -- 2022-03-13 01:15:01.558894
20220313 013252.445 INFO             PET0 !!!!!!!!!!!!!!!!!!!!!!!!!!!!!!!!!!!!!!!!!!!!!!!!!!!!!!
20220313 013252.445 INFO             PET0 !!! THE ESMF_LOG IS SET TO OUTPUT ALL LOG MESSAGES !!!
20220313 013252.445 INFO             PET0 !!!     THIS MAY CAUSE SLOWDOWN IN PERFORMANCE     !!!
20220313 013252.445 INFO             PET0 !!! FOR PRODUCTION RUNS, USE:                      !!!
20220313 013252.445 INFO             PET0 !!!                   ESMF_LOGKIND_Multi_On_Error  !!!
20220313 013252.445 INFO             PET0 !!!!!!!!!!!!!!!!!!!!!!!!!!!!!!!!!!!!!!!!!!!!!!!!!!!!!!
20220313 013252.445 INFO             PET0 Running with ESMF Version   : v8.3.0b09-96-g559b459836
20220313 013252.445 INFO             PET0 ESMF library build date/time: "Mar 13 2022" "01:12:50"
20220313 013252.445 INFO             PET0 ESMF library build location : /gpfsm/dnb04/projects/p98/mpotts/esmf/intel_2020_intelmpi_O_jedwards_pio_update2
20220313 013252.445 INFO             PET0 ESMF_COMM                   : intelmpi
20220313 013252.446 INFO             PET0 ESMF_MOAB                   : enabled
20220313 013252.446 INFO             PET0 ESMF_LAPACK                 : enabled
20220313 013252.446 INFO             PET0 ESMF_NETCDF                 : enabled
20220313 013252.446 INFO             PET0 ESMF_PNETCDF                : disabled
20220313 013252.446 INFO             PET0 ESMF_PIO                    : enabled
20220313 013252.446 INFO             PET0 ESMF_YAMLCPP                : enabled
20220313 013252.446 INFO             PET0  Beginning Test, file ESMF_IOUTest.F90, line 57
20220313 013252.446 INFO             PET0  NUMBER_OF_PROCESSORS           4
20220313 013252.446 INFO             PET0 Starting Test:  ESMF_OutputWeightFile
20220313 013252.451 INFO             PET0 PIOc_sync Enter - MemInfo: [/proc/meminfo - SSI]	MemTotal:       131394444 kB
20220313 013252.451 INFO             PET0 PIOc_sync Enter - MemInfo: [/proc/meminfo - SSI]	MemFree:        119107848 kB
20220313 013252.451 INFO             PET0 PIOc_sync Enter - MemInfo: [/proc/meminfo - SSI]	MemAvailable:   118715032 kB
20220313 013252.451 INFO             PET0 PIOc_sync Enter - MemInfo: [/proc/meminfo - SSI]	Committed_AS:    3875132 kB
20220313 013252.451 INFO             PET0 PIOc_sync Enter - MemInfo: [/proc/meminfo - SSI]	CommittedPercent: 2.94924 %
20220313 013252.451 INFO             PET0 PIOc_sync Enter - MemInfo: [/proc/self/status]	VmPeak:	 3799092 kB
20220313 013252.451 INFO             PET0 PIOc_sync Enter - MemInfo: [/proc/self/status]	VmSize:	 3799092 kB
20220313 013252.451 INFO             PET0 PIOc_sync Enter - MemInfo: [/proc/self/status]	VmLck:	       0 kB
20220313 013252.451 INFO             PET0 PIOc_sync Enter - MemInfo: [/proc/self/status]	VmPin:	   82140 kB
20220313 013252.451 INFO             PET0 PIOc_sync Enter - MemInfo: [/proc/self/status]	VmHWM:	  149992 kB
20220313 013252.451 INFO             PET0 PIOc_sync Enter - MemInfo: [/proc/self/status]	VmRSS:	  149992 kB
20220313 013252.451 INFO             PET0 PIOc_sync Enter - MemInfo: [/proc/self/status]	VmData:	  269196 kB
20220313 013252.451 INFO             PET0 PIOc_sync Enter - MemInfo: [/proc/self/status]	VmStk:	     512 kB
20220313 013252.451 INFO             PET0 PIOc_sync Enter - MemInfo: [/proc/self/status]	VmExe:	    1940 kB
20220313 013252.451 INFO             PET0 PIOc_sync Enter - MemInfo: [/proc/self/status]	VmLib:	  104128 kB
20220313 013252.451 INFO             PET0 PIOc_sync Enter - MemInfo: [/proc/self/status]	VmPTE:	     716 kB
20220313 013252.451 INFO             PET0 PIOc_sync Enter - MemInfo: [/proc/self/status]	VmPMD:	      32 kB
20220313 013252.451 INFO             PET0 PIOc_sync Enter - MemInfo: [/proc/self/status]	VmSwap:	       0 kB
20220313 013252.451 INFO             PET0 PIOc_sync Enter - MemInfo: [/proc/self/status]	VmRSSPercent: 0.114154 %
20220313 013252.451 INFO             PET0 PIOc_sync Enter - MemInfo: [malloc] Non-mmapped space allocated:                 2904064 Byte
20220313 013252.451 INFO             PET0 PIOc_sync Enter - MemInfo: [malloc] Space allocated in mmapped regions:         88629248 Byte
20220313 013252.451 INFO             PET0 PIOc_sync Enter - MemInfo: [malloc] Maximum total allocated space:                     0 Byte
20220313 013252.451 INFO             PET0 PIOc_sync Enter - MemInfo: [malloc] Space in freed fastbin blocks:                   352 Byte
20220313 013252.451 INFO             PET0 PIOc_sync Enter - MemInfo: [malloc] Total allocated space:                       2718064 Byte
20220313 013252.451 INFO             PET0 PIOc_sync Enter - MemInfo: [malloc] Total free space:                             186000 Byte
20220313 013252.451 INFO             PET0 PIOc_sync Enter - MemInfo: [malloc] Top-most, releasable space:                    53632 Byte
20220313 013252.451 INFO             PET0 PIOc_sync Enter - MemInfo: [malloc] Total space in use, mmap + non-mmap:        91347312 Byte
20220313 013252.451 INFO             PET0 PIOc_sync Enter - MemInfo: [malloc] Total space held (mmap + non-mmap):         91533312 Byte
20220313 013252.451 INFO             PET0 PIOc_sync Enter - MemInfo: [malloc] Total space used (mmap + non-mmap):         91356672 Byte
20220313 013252.451 INFO             PET0 PIOc_sync Enter - MemInfo: Wall-clock time since execution start:              0.0149149 seconds
20220313 013252.453 INFO             PET0 PIOc_sync Exit - MemInfo: [/proc/meminfo - SSI]	MemTotal:       131394444 kB
20220313 013252.453 INFO             PET0 PIOc_sync Exit - MemInfo: [/proc/meminfo - SSI]	MemFree:        119105428 kB
20220313 013252.453 INFO             PET0 PIOc_sync Exit - MemInfo: [/proc/meminfo - SSI]	MemAvailable:   118712612 kB
20220313 013252.453 INFO             PET0 PIOc_sync Exit - MemInfo: [/proc/meminfo - SSI]	Committed_AS:    3875132 kB
20220313 013252.453 INFO             PET0 PIOc_sync Exit - MemInfo: [/proc/meminfo - SSI]	CommittedPercent: 2.94924 %
20220313 013252.453 INFO             PET0 PIOc_sync Exit - MemInfo: [/proc/self/status]	VmPeak:	 3801140 kB
20220313 013252.453 INFO             PET0 PIOc_sync Exit - MemInfo: [/proc/self/status]	VmSize:	 3801140 kB
20220313 013252.453 INFO             PET0 PIOc_sync Exit - MemInfo: [/proc/self/status]	VmLck:	       0 kB
20220313 013252.453 INFO             PET0 PIOc_sync Exit - MemInfo: [/proc/self/status]	VmPin:	   82140 kB
20220313 013252.453 INFO             PET0 PIOc_sync Exit - MemInfo: [/proc/self/status]	VmHWM:	  152284 kB
20220313 013252.453 INFO             PET0 PIOc_sync Exit - MemInfo: [/proc/self/status]	VmRSS:	  152284 kB
20220313 013252.453 INFO             PET0 PIOc_sync Exit - MemInfo: [/proc/self/status]	VmData:	  271244 kB
20220313 013252.453 INFO             PET0 PIOc_sync Exit - MemInfo: [/proc/self/status]	VmStk:	     512 kB
20220313 013252.453 INFO             PET0 PIOc_sync Exit - MemInfo: [/proc/self/status]	VmExe:	    1940 kB
20220313 013252.453 INFO             PET0 PIOc_sync Exit - MemInfo: [/proc/self/status]	VmLib:	  104128 kB
20220313 013252.453 INFO             PET0 PIOc_sync Exit - MemInfo: [/proc/self/status]	VmPTE:	     720 kB
20220313 013252.453 INFO             PET0 PIOc_sync Exit - MemInfo: [/proc/self/status]	VmPMD:	      32 kB
20220313 013252.453 INFO             PET0 PIOc_sync Exit - MemInfo: [/proc/self/status]	VmSwap:	       0 kB
20220313 013252.453 INFO             PET0 PIOc_sync Exit - MemInfo: [/proc/self/status]	VmRSSPercent: 0.115898 %
20220313 013252.453 INFO             PET0 PIOc_sync Exit - MemInfo: [malloc] Non-mmapped space allocated:                 2904064 Byte
20220313 013252.453 INFO             PET0 PIOc_sync Exit - MemInfo: [malloc] Space allocated in mmapped regions:         88629248 Byte
20220313 013252.453 INFO             PET0 PIOc_sync Exit - MemInfo: [malloc] Maximum total allocated space:                     0 Byte
20220313 013252.453 INFO             PET0 PIOc_sync Exit - MemInfo: [malloc] Space in freed fastbin blocks:                   720 Byte
20220313 013252.453 INFO             PET0 PIOc_sync Exit - MemInfo: [malloc] Total allocated space:                       2717264 Byte
20220313 013252.453 INFO             PET0 PIOc_sync Exit - MemInfo: [malloc] Total free space:                             186800 Byte
20220313 013252.453 INFO             PET0 PIOc_sync Exit - MemInfo: [malloc] Top-most, releasable space:                    53296 Byte
20220313 013252.453 INFO             PET0 PIOc_sync Exit - MemInfo: [malloc] Total space in use, mmap + non-mmap:        91346512 Byte
20220313 013252.453 INFO             PET0 PIOc_sync Exit - MemInfo: [malloc] Total space held (mmap + non-mmap):         91533312 Byte
20220313 013252.453 INFO             PET0 PIOc_sync Exit - MemInfo: [malloc] Total space used (mmap + non-mmap):         91355872 Byte
20220313 013252.453 INFO             PET0 PIOc_sync Exit - MemInfo: Wall-clock time since execution start:               0.016758 seconds
20220313 013252.453 INFO             PET0 PIOc_freedecomp Enter - MemInfo: [/proc/meminfo - SSI]	MemTotal:       131394444 kB
20220313 013252.453 INFO             PET0 PIOc_freedecomp Enter - MemInfo: [/proc/meminfo - SSI]	MemFree:        119106640 kB
20220313 013252.453 INFO             PET0 PIOc_freedecomp Enter - MemInfo: [/proc/meminfo - SSI]	MemAvailable:   118713824 kB
20220313 013252.453 INFO             PET0 PIOc_freedecomp Enter - MemInfo: [/proc/meminfo - SSI]	Committed_AS:    3875132 kB
20220313 013252.453 INFO             PET0 PIOc_freedecomp Enter - MemInfo: [/proc/meminfo - SSI]	CommittedPercent: 2.94924 %
20220313 013252.453 INFO             PET0 PIOc_freedecomp Enter - MemInfo: [/proc/self/status]	VmPeak:	 3801140 kB
20220313 013252.454 INFO             PET0 PIOc_freedecomp Enter - MemInfo: [/proc/self/status]	VmSize:	 3798572 kB
20220313 013252.454 INFO             PET0 PIOc_freedecomp Enter - MemInfo: [/proc/self/status]	VmLck:	       0 kB
20220313 013252.454 INFO             PET0 PIOc_freedecomp Enter - MemInfo: [/proc/self/status]	VmPin:	   82140 kB
20220313 013252.454 INFO             PET0 PIOc_freedecomp Enter - MemInfo: [/proc/self/status]	VmHWM:	  152284 kB
20220313 013252.454 INFO             PET0 PIOc_freedecomp Enter - MemInfo: [/proc/self/status]	VmRSS:	  150232 kB
20220313 013252.454 INFO             PET0 PIOc_freedecomp Enter - MemInfo: [/proc/self/status]	VmData:	  268676 kB
20220313 013252.454 INFO             PET0 PIOc_freedecomp Enter - MemInfo: [/proc/self/status]	VmStk:	     512 kB
20220313 013252.454 INFO             PET0 PIOc_freedecomp Enter - MemInfo: [/proc/self/status]	VmExe:	    1940 kB
20220313 013252.454 INFO             PET0 PIOc_freedecomp Enter - MemInfo: [/proc/self/status]	VmLib:	  104128 kB
20220313 013252.454 INFO             PET0 PIOc_freedecomp Enter - MemInfo: [/proc/self/status]	VmPTE:	     716 kB
20220313 013252.454 INFO             PET0 PIOc_freedecomp Enter - MemInfo: [/proc/self/status]	VmPMD:	      32 kB
20220313 013252.454 INFO             PET0 PIOc_freedecomp Enter - MemInfo: [/proc/self/status]	VmSwap:	       0 kB
20220313 013252.454 INFO             PET0 PIOc_freedecomp Enter - MemInfo: [/proc/self/status]	VmRSSPercent: 0.114337 %
20220313 013252.454 INFO             PET0 PIOc_freedecomp Enter - MemInfo: [malloc] Non-mmapped space allocated:                 2904064 Byte
20220313 013252.454 INFO             PET0 PIOc_freedecomp Enter - MemInfo: [malloc] Space allocated in mmapped regions:         85999616 Byte
20220313 013252.454 INFO             PET0 PIOc_freedecomp Enter - MemInfo: [malloc] Maximum total allocated space:                     0 Byte
20220313 013252.454 INFO             PET0 PIOc_freedecomp Enter - MemInfo: [malloc] Space in freed fastbin blocks:                  1216 Byte
20220313 013252.454 INFO             PET0 PIOc_freedecomp Enter - MemInfo: [malloc] Total allocated space:                       2704160 Byte
20220313 013252.454 INFO             PET0 PIOc_freedecomp Enter - MemInfo: [malloc] Total free space:                             199904 Byte
20220313 013252.454 INFO             PET0 PIOc_freedecomp Enter - MemInfo: [malloc] Top-most, releasable space:                    53664 Byte
20220313 013252.454 INFO             PET0 PIOc_freedecomp Enter - MemInfo: [malloc] Total space in use, mmap + non-mmap:        88703776 Byte
20220313 013252.454 INFO             PET0 PIOc_freedecomp Enter - MemInfo: [malloc] Total space held (mmap + non-mmap):         88903680 Byte
20220313 013252.454 INFO             PET0 PIOc_freedecomp Enter - MemInfo: [malloc] Total space used (mmap + non-mmap):         88713136 Byte
20220313 013252.454 INFO             PET0 PIOc_freedecomp Enter - MemInfo: Wall-clock time since execution start:              0.0173339 seconds
20220313 013252.454 INFO             PET0 PIOc_freedecomp Exit - MemInfo: [/proc/meminfo - SSI]	MemTotal:       131394444 kB
20220313 013252.454 INFO             PET0 PIOc_freedecomp Exit - MemInfo: [/proc/meminfo - SSI]	MemFree:        119106640 kB
20220313 013252.454 INFO             PET0 PIOc_freedecomp Exit - MemInfo: [/proc/meminfo - SSI]	MemAvailable:   118713824 kB
20220313 013252.454 INFO             PET0 PIOc_freedecomp Exit - MemInfo: [/proc/meminfo - SSI]	Committed_AS:    3875132 kB
20220313 013252.454 INFO             PET0 PIOc_freedecomp Exit - MemInfo: [/proc/meminfo - SSI]	CommittedPercent: 2.94924 %
20220313 013252.454 INFO             PET0 PIOc_freedecomp Exit - MemInfo: [/proc/self/status]	VmPeak:	 3801140 kB
20220313 013252.454 INFO             PET0 PIOc_freedecomp Exit - MemInfo: [/proc/self/status]	VmSize:	 3798572 kB
20220313 013252.454 INFO             PET0 PIOc_freedecomp Exit - MemInfo: [/proc/self/status]	VmLck:	       0 kB
20220313 013252.454 INFO             PET0 PIOc_freedecomp Exit - MemInfo: [/proc/self/status]	VmPin:	   82140 kB
20220313 013252.454 INFO             PET0 PIOc_freedecomp Exit - MemInfo: [/proc/self/status]	VmHWM:	  152284 kB
20220313 013252.454 INFO             PET0 PIOc_freedecomp Exit - MemInfo: [/proc/self/status]	VmRSS:	  150232 kB
20220313 013252.454 INFO             PET0 PIOc_freedecomp Exit - MemInfo: [/proc/self/status]	VmData:	  268676 kB
20220313 013252.454 INFO             PET0 PIOc_freedecomp Exit - MemInfo: [/proc/self/status]	VmStk:	     512 kB
20220313 013252.454 INFO             PET0 PIOc_freedecomp Exit - MemInfo: [/proc/self/status]	VmExe:	    1940 kB
20220313 013252.454 INFO             PET0 PIOc_freedecomp Exit - MemInfo: [/proc/self/status]	VmLib:	  104128 kB
20220313 013252.454 INFO             PET0 PIOc_freedecomp Exit - MemInfo: [/proc/self/status]	VmPTE:	     716 kB
20220313 013252.454 INFO             PET0 PIOc_freedecomp Exit - MemInfo: [/proc/self/status]	VmPMD:	      32 kB
20220313 013252.454 INFO             PET0 PIOc_freedecomp Exit - MemInfo: [/proc/self/status]	VmSwap:	       0 kB
20220313 013252.454 INFO             PET0 PIOc_freedecomp Exit - MemInfo: [/proc/self/status]	VmRSSPercent: 0.114337 %
20220313 013252.454 INFO             PET0 PIOc_freedecomp Exit - MemInfo: [malloc] Non-mmapped space allocated:                 2904064 Byte
20220313 013252.454 INFO             PET0 PIOc_freedecomp Exit - MemInfo: [malloc] Space allocated in mmapped regions:         85999616 Byte
20220313 013252.454 INFO             PET0 PIOc_freedecomp Exit - MemInfo: [malloc] Maximum total allocated space:                     0 Byte
20220313 013252.454 INFO             PET0 PIOc_freedecomp Exit - MemInfo: [malloc] Space in freed fastbin blocks:                   944 Byte
20220313 013252.454 INFO             PET0 PIOc_freedecomp Exit - MemInfo: [malloc] Total allocated space:                       2702416 Byte
20220313 013252.454 INFO             PET0 PIOc_freedecomp Exit - MemInfo: [malloc] Total free space:                             201648 Byte
20220313 013252.454 INFO             PET0 PIOc_freedecomp Exit - MemInfo: [malloc] Top-most, releasable space:                    53664 Byte
20220313 013252.454 INFO             PET0 PIOc_freedecomp Exit - MemInfo: [malloc] Total space in use, mmap + non-mmap:        88702032 Byte
20220313 013252.454 INFO             PET0 PIOc_freedecomp Exit - MemInfo: [malloc] Total space held (mmap + non-mmap):         88903680 Byte
20220313 013252.454 INFO             PET0 PIOc_freedecomp Exit - MemInfo: [malloc] Total space used (mmap + non-mmap):         88711392 Byte
20220313 013252.454 INFO             PET0 PIOc_freedecomp Exit - MemInfo: Wall-clock time since execution start:              0.0176656 seconds
20220313 013252.455 INFO             PET0 PIOc_sync Enter - MemInfo: [/proc/meminfo - SSI]	MemTotal:       131394444 kB
20220313 013252.455 INFO             PET0 PIOc_sync Enter - MemInfo: [/proc/meminfo - SSI]	MemFree:        119106640 kB
20220313 013252.455 INFO             PET0 PIOc_sync Enter - MemInfo: [/proc/meminfo - SSI]	MemAvailable:   118713824 kB
20220313 013252.455 INFO             PET0 PIOc_sync Enter - MemInfo: [/proc/meminfo - SSI]	Committed_AS:    3875132 kB
20220313 013252.455 INFO             PET0 PIOc_sync Enter - MemInfo: [/proc/meminfo - SSI]	CommittedPercent: 2.94924 %
20220313 013252.455 INFO             PET0 PIOc_sync Enter - MemInfo: [/proc/self/status]	VmPeak:	 3801196 kB
20220313 013252.455 INFO             PET0 PIOc_sync Enter - MemInfo: [/proc/self/status]	VmSize:	 3801196 kB
20220313 013252.455 INFO             PET0 PIOc_sync Enter - MemInfo: [/proc/self/status]	VmLck:	       0 kB
20220313 013252.455 INFO             PET0 PIOc_sync Enter - MemInfo: [/proc/self/status]	VmPin:	   82140 kB
20220313 013252.455 INFO             PET0 PIOc_sync Enter - MemInfo: [/proc/self/status]	VmHWM:	  152284 kB
20220313 013252.455 INFO             PET0 PIOc_sync Enter - MemInfo: [/proc/self/status]	VmRSS:	  151396 kB
20220313 013252.455 INFO             PET0 PIOc_sync Enter - MemInfo: [/proc/self/status]	VmData:	  271300 kB
20220313 013252.455 INFO             PET0 PIOc_sync Enter - MemInfo: [/proc/self/status]	VmStk:	     512 kB
20220313 013252.455 INFO             PET0 PIOc_sync Enter - MemInfo: [/proc/self/status]	VmExe:	    1940 kB
20220313 013252.455 INFO             PET0 PIOc_sync Enter - MemInfo: [/proc/self/status]	VmLib:	  104128 kB
20220313 013252.455 INFO             PET0 PIOc_sync Enter - MemInfo: [/proc/self/status]	VmPTE:	     720 kB
20220313 013252.455 INFO             PET0 PIOc_sync Enter - MemInfo: [/proc/self/status]	VmPMD:	      32 kB
20220313 013252.455 INFO             PET0 PIOc_sync Enter - MemInfo: [/proc/self/status]	VmSwap:	       0 kB
20220313 013252.455 INFO             PET0 PIOc_sync Enter - MemInfo: [/proc/self/status]	VmRSSPercent: 0.115223 %
20220313 013252.455 INFO             PET0 PIOc_sync Enter - MemInfo: [malloc] Non-mmapped space allocated:                 5591040 Byte
20220313 013252.455 INFO             PET0 PIOc_sync Enter - MemInfo: [malloc] Space allocated in mmapped regions:         85999616 Byte
20220313 013252.455 INFO             PET0 PIOc_sync Enter - MemInfo: [malloc] Maximum total allocated space:                     0 Byte
20220313 013252.455 INFO             PET0 PIOc_sync Enter - MemInfo: [malloc] Space in freed fastbin blocks:                   144 Byte
20220313 013252.455 INFO             PET0 PIOc_sync Enter - MemInfo: [malloc] Total allocated space:                       5339872 Byte
20220313 013252.455 INFO             PET0 PIOc_sync Enter - MemInfo: [malloc] Total free space:                             251168 Byte
20220313 013252.455 INFO             PET0 PIOc_sync Enter - MemInfo: [malloc] Top-most, releasable space:                   118880 Byte
20220313 013252.455 INFO             PET0 PIOc_sync Enter - MemInfo: [malloc] Total space in use, mmap + non-mmap:        91339488 Byte
20220313 013252.455 INFO             PET0 PIOc_sync Enter - MemInfo: [malloc] Total space held (mmap + non-mmap):         91590656 Byte
20220313 013252.455 INFO             PET0 PIOc_sync Enter - MemInfo: [malloc] Total space used (mmap + non-mmap):         91348848 Byte
20220313 013252.455 INFO             PET0 PIOc_sync Enter - MemInfo: Wall-clock time since execution start:               0.019019 seconds
20220313 013252.456 INFO             PET0 PIOc_sync Exit - MemInfo: [/proc/meminfo - SSI]	MemTotal:       131394444 kB
20220313 013252.456 INFO             PET0 PIOc_sync Exit - MemInfo: [/proc/meminfo - SSI]	MemFree:        119106640 kB
20220313 013252.456 INFO             PET0 PIOc_sync Exit - MemInfo: [/proc/meminfo - SSI]	MemAvailable:   118713824 kB
20220313 013252.456 INFO             PET0 PIOc_sync Exit - MemInfo: [/proc/meminfo - SSI]	Committed_AS:    3875132 kB
20220313 013252.456 INFO             PET0 PIOc_sync Exit - MemInfo: [/proc/meminfo - SSI]	CommittedPercent: 2.94924 %
20220313 013252.456 INFO             PET0 PIOc_sync Exit - MemInfo: [/proc/self/status]	VmPeak:	 3801196 kB
20220313 013252.456 INFO             PET0 PIOc_sync Exit - MemInfo: [/proc/self/status]	VmSize:	 3801196 kB
20220313 013252.456 INFO             PET0 PIOc_sync Exit - MemInfo: [/proc/self/status]	VmLck:	       0 kB
20220313 013252.456 INFO             PET0 PIOc_sync Exit - MemInfo: [/proc/self/status]	VmPin:	   82140 kB
20220313 013252.456 INFO             PET0 PIOc_sync Exit - MemInfo: [/proc/self/status]	VmHWM:	  152284 kB
20220313 013252.456 INFO             PET0 PIOc_sync Exit - MemInfo: [/proc/self/status]	VmRSS:	  151416 kB
20220313 013252.456 INFO             PET0 PIOc_sync Exit - MemInfo: [/proc/self/status]	VmData:	  271300 kB
20220313 013252.456 INFO             PET0 PIOc_sync Exit - MemInfo: [/proc/self/status]	VmStk:	     512 kB
20220313 013252.456 INFO             PET0 PIOc_sync Exit - MemInfo: [/proc/self/status]	VmExe:	    1940 kB
20220313 013252.456 INFO             PET0 PIOc_sync Exit - MemInfo: [/proc/self/status]	VmLib:	  104128 kB
20220313 013252.456 INFO             PET0 PIOc_sync Exit - MemInfo: [/proc/self/status]	VmPTE:	     720 kB
20220313 013252.456 INFO             PET0 PIOc_sync Exit - MemInfo: [/proc/self/status]	VmPMD:	      32 kB
20220313 013252.456 INFO             PET0 PIOc_sync Exit - MemInfo: [/proc/self/status]	VmSwap:	       0 kB
20220313 013252.456 INFO             PET0 PIOc_sync Exit - MemInfo: [/proc/self/status]	VmRSSPercent: 0.115238 %
20220313 013252.456 INFO             PET0 PIOc_sync Exit - MemInfo: [malloc] Non-mmapped space allocated:                 5591040 Byte
20220313 013252.456 INFO             PET0 PIOc_sync Exit - MemInfo: [malloc] Space allocated in mmapped regions:         85999616 Byte
20220313 013252.456 INFO             PET0 PIOc_sync Exit - MemInfo: [malloc] Maximum total allocated space:                     0 Byte
20220313 013252.456 INFO             PET0 PIOc_sync Exit - MemInfo: [malloc] Space in freed fastbin blocks:                   144 Byte
20220313 013252.456 INFO             PET0 PIOc_sync Exit - MemInfo: [malloc] Total allocated space:                       5339120 Byte
20220313 013252.456 INFO             PET0 PIOc_sync Exit - MemInfo: [malloc] Total free space:                             251920 Byte
20220313 013252.456 INFO             PET0 PIOc_sync Exit - MemInfo: [malloc] Top-most, releasable space:                   119408 Byte
20220313 013252.456 INFO             PET0 PIOc_sync Exit - MemInfo: [malloc] Total space in use, mmap + non-mmap:        91338736 Byte
20220313 013252.456 INFO             PET0 PIOc_sync Exit - MemInfo: [malloc] Total space held (mmap + non-mmap):         91590656 Byte
20220313 013252.456 INFO             PET0 PIOc_sync Exit - MemInfo: [malloc] Total space used (mmap + non-mmap):         91348096 Byte
20220313 013252.456 INFO             PET0 PIOc_sync Exit - MemInfo: Wall-clock time since execution start:              0.0195249 seconds
20220313 013252.456 INFO             PET0 PIOc_freedecomp Enter - MemInfo: [/proc/meminfo - SSI]	MemTotal:       131394444 kB
20220313 013252.456 INFO             PET0 PIOc_freedecomp Enter - MemInfo: [/proc/meminfo - SSI]	MemFree:        119106640 kB
20220313 013252.456 INFO             PET0 PIOc_freedecomp Enter - MemInfo: [/proc/meminfo - SSI]	MemAvailable:   118713824 kB
20220313 013252.456 INFO             PET0 PIOc_freedecomp Enter - MemInfo: [/proc/meminfo - SSI]	Committed_AS:    3875132 kB
20220313 013252.456 INFO             PET0 PIOc_freedecomp Enter - MemInfo: [/proc/meminfo - SSI]	CommittedPercent: 2.94924 %
20220313 013252.456 INFO             PET0 PIOc_freedecomp Enter - MemInfo: [/proc/self/status]	VmPeak:	 3801196 kB
20220313 013252.456 INFO             PET0 PIOc_freedecomp Enter - MemInfo: [/proc/self/status]	VmSize:	 3801196 kB
20220313 013252.456 INFO             PET0 PIOc_freedecomp Enter - MemInfo: [/proc/self/status]	VmLck:	       0 kB
20220313 013252.456 INFO             PET0 PIOc_freedecomp Enter - MemInfo: [/proc/self/status]	VmPin:	   82140 kB
20220313 013252.456 INFO             PET0 PIOc_freedecomp Enter - MemInfo: [/proc/self/status]	VmHWM:	  152284 kB
20220313 013252.456 INFO             PET0 PIOc_freedecomp Enter - MemInfo: [/proc/self/status]	VmRSS:	  151416 kB
20220313 013252.456 INFO             PET0 PIOc_freedecomp Enter - MemInfo: [/proc/self/status]	VmData:	  271300 kB
20220313 013252.456 INFO             PET0 PIOc_freedecomp Enter - MemInfo: [/proc/self/status]	VmStk:	     512 kB
20220313 013252.456 INFO             PET0 PIOc_freedecomp Enter - MemInfo: [/proc/self/status]	VmExe:	    1940 kB
20220313 013252.456 INFO             PET0 PIOc_freedecomp Enter - MemInfo: [/proc/self/status]	VmLib:	  104128 kB
20220313 013252.456 INFO             PET0 PIOc_freedecomp Enter - MemInfo: [/proc/self/status]	VmPTE:	     720 kB
20220313 013252.456 INFO             PET0 PIOc_freedecomp Enter - MemInfo: [/proc/self/status]	VmPMD:	      32 kB
20220313 013252.456 INFO             PET0 PIOc_freedecomp Enter - MemInfo: [/proc/self/status]	VmSwap:	       0 kB
20220313 013252.456 INFO             PET0 PIOc_freedecomp Enter - MemInfo: [/proc/self/status]	VmRSSPercent: 0.115238 %
20220313 013252.456 INFO             PET0 PIOc_freedecomp Enter - MemInfo: [malloc] Non-mmapped space allocated:                 5591040 Byte
20220313 013252.456 INFO             PET0 PIOc_freedecomp Enter - MemInfo: [malloc] Space allocated in mmapped regions:         85999616 Byte
20220313 013252.456 INFO             PET0 PIOc_freedecomp Enter - MemInfo: [malloc] Maximum total allocated space:                     0 Byte
20220313 013252.456 INFO             PET0 PIOc_freedecomp Enter - MemInfo: [malloc] Space in freed fastbin blocks:                   240 Byte
20220313 013252.456 INFO             PET0 PIOc_freedecomp Enter - MemInfo: [malloc] Total allocated space:                       2704176 Byte
20220313 013252.456 INFO             PET0 PIOc_freedecomp Enter - MemInfo: [malloc] Total free space:                            2886864 Byte
20220313 013252.456 INFO             PET0 PIOc_freedecomp Enter - MemInfo: [malloc] Top-most, releasable space:                   120320 Byte
20220313 013252.456 INFO             PET0 PIOc_freedecomp Enter - MemInfo: [malloc] Total space in use, mmap + non-mmap:        88703792 Byte
20220313 013252.456 INFO             PET0 PIOc_freedecomp Enter - MemInfo: [malloc] Total space held (mmap + non-mmap):         91590656 Byte
20220313 013252.456 INFO             PET0 PIOc_freedecomp Enter - MemInfo: [malloc] Total space used (mmap + non-mmap):         88713152 Byte
20220313 013252.456 INFO             PET0 PIOc_freedecomp Enter - MemInfo: Wall-clock time since execution start:                0.01988 seconds
20220313 013252.456 INFO             PET0 PIOc_freedecomp Exit - MemInfo: [/proc/meminfo - SSI]	MemTotal:       131394444 kB
20220313 013252.456 INFO             PET0 PIOc_freedecomp Exit - MemInfo: [/proc/meminfo - SSI]	MemFree:        119106640 kB
20220313 013252.456 INFO             PET0 PIOc_freedecomp Exit - MemInfo: [/proc/meminfo - SSI]	MemAvailable:   118713824 kB
20220313 013252.456 INFO             PET0 PIOc_freedecomp Exit - MemInfo: [/proc/meminfo - SSI]	Committed_AS:    3875132 kB
20220313 013252.456 INFO             PET0 PIOc_freedecomp Exit - MemInfo: [/proc/meminfo - SSI]	CommittedPercent: 2.94924 %
20220313 013252.456 INFO             PET0 PIOc_freedecomp Exit - MemInfo: [/proc/self/status]	VmPeak:	 3801196 kB
20220313 013252.456 INFO             PET0 PIOc_freedecomp Exit - MemInfo: [/proc/self/status]	VmSize:	 3801196 kB
20220313 013252.456 INFO             PET0 PIOc_freedecomp Exit - MemInfo: [/proc/self/status]	VmLck:	       0 kB
20220313 013252.456 INFO             PET0 PIOc_freedecomp Exit - MemInfo: [/proc/self/status]	VmPin:	   82140 kB
20220313 013252.456 INFO             PET0 PIOc_freedecomp Exit - MemInfo: [/proc/self/status]	VmHWM:	  152284 kB
20220313 013252.456 INFO             PET0 PIOc_freedecomp Exit - MemInfo: [/proc/self/status]	VmRSS:	  151416 kB
20220313 013252.456 INFO             PET0 PIOc_freedecomp Exit - MemInfo: [/proc/self/status]	VmData:	  271300 kB
20220313 013252.456 INFO             PET0 PIOc_freedecomp Exit - MemInfo: [/proc/self/status]	VmStk:	     512 kB
20220313 013252.456 INFO             PET0 PIOc_freedecomp Exit - MemInfo: [/proc/self/status]	VmExe:	    1940 kB
20220313 013252.456 INFO             PET0 PIOc_freedecomp Exit - MemInfo: [/proc/self/status]	VmLib:	  104128 kB
20220313 013252.456 INFO             PET0 PIOc_freedecomp Exit - MemInfo: [/proc/self/status]	VmPTE:	     720 kB
20220313 013252.456 INFO             PET0 PIOc_freedecomp Exit - MemInfo: [/proc/self/status]	VmPMD:	      32 kB
20220313 013252.456 INFO             PET0 PIOc_freedecomp Exit - MemInfo: [/proc/self/status]	VmSwap:	       0 kB
20220313 013252.456 INFO             PET0 PIOc_freedecomp Exit - MemInfo: [/proc/self/status]	VmRSSPercent: 0.115238 %
20220313 013252.457 INFO             PET0 PIOc_freedecomp Exit - MemInfo: [malloc] Non-mmapped space allocated:                 5591040 Byte
20220313 013252.457 INFO             PET0 PIOc_freedecomp Exit - MemInfo: [malloc] Space allocated in mmapped regions:         85999616 Byte
20220313 013252.457 INFO             PET0 PIOc_freedecomp Exit - MemInfo: [malloc] Maximum total allocated space:                     0 Byte
20220313 013252.457 INFO             PET0 PIOc_freedecomp Exit - MemInfo: [malloc] Space in freed fastbin blocks:                   144 Byte
20220313 013252.457 INFO             PET0 PIOc_freedecomp Exit - MemInfo: [malloc] Total allocated space:                       2702416 Byte
20220313 013252.457 INFO             PET0 PIOc_freedecomp Exit - MemInfo: [malloc] Total free space:                            2888624 Byte
20220313 013252.457 INFO             PET0 PIOc_freedecomp Exit - MemInfo: [malloc] Top-most, releasable space:                  2754576 Byte
20220313 013252.457 INFO             PET0 PIOc_freedecomp Exit - MemInfo: [malloc] Total space in use, mmap + non-mmap:        88702032 Byte
20220313 013252.457 INFO             PET0 PIOc_freedecomp Exit - MemInfo: [malloc] Total space held (mmap + non-mmap):         91590656 Byte
20220313 013252.457 INFO             PET0 PIOc_freedecomp Exit - MemInfo: [malloc] Total space used (mmap + non-mmap):         88711392 Byte
20220313 013252.457 INFO             PET0 PIOc_freedecomp Exit - MemInfo: Wall-clock time since execution start:              0.0202136 seconds
20220313 013252.457 INFO             PET0 PIOc_sync Enter - MemInfo: [/proc/meminfo - SSI]	MemTotal:       131394444 kB
20220313 013252.457 INFO             PET0 PIOc_sync Enter - MemInfo: [/proc/meminfo - SSI]	MemFree:        119106172 kB
20220313 013252.457 INFO             PET0 PIOc_sync Enter - MemInfo: [/proc/meminfo - SSI]	MemAvailable:   118713356 kB
20220313 013252.457 INFO             PET0 PIOc_sync Enter - MemInfo: [/proc/meminfo - SSI]	Committed_AS:    3875132 kB
20220313 013252.457 INFO             PET0 PIOc_sync Enter - MemInfo: [/proc/meminfo - SSI]	CommittedPercent: 2.94924 %
20220313 013252.458 INFO             PET0 PIOc_sync Enter - MemInfo: [/proc/self/status]	VmPeak:	 3802216 kB
20220313 013252.458 INFO             PET0 PIOc_sync Enter - MemInfo: [/proc/self/status]	VmSize:	 3801196 kB
20220313 013252.458 INFO             PET0 PIOc_sync Enter - MemInfo: [/proc/self/status]	VmLck:	       0 kB
20220313 013252.458 INFO             PET0 PIOc_sync Enter - MemInfo: [/proc/self/status]	VmPin:	   82140 kB
20220313 013252.458 INFO             PET0 PIOc_sync Enter - MemInfo: [/proc/self/status]	VmHWM:	  152284 kB
20220313 013252.458 INFO             PET0 PIOc_sync Enter - MemInfo: [/proc/self/status]	VmRSS:	  151896 kB
20220313 013252.458 INFO             PET0 PIOc_sync Enter - MemInfo: [/proc/self/status]	VmData:	  271300 kB
20220313 013252.458 INFO             PET0 PIOc_sync Enter - MemInfo: [/proc/self/status]	VmStk:	     512 kB
20220313 013252.458 INFO             PET0 PIOc_sync Enter - MemInfo: [/proc/self/status]	VmExe:	    1940 kB
20220313 013252.458 INFO             PET0 PIOc_sync Enter - MemInfo: [/proc/self/status]	VmLib:	  104128 kB
20220313 013252.458 INFO             PET0 PIOc_sync Enter - MemInfo: [/proc/self/status]	VmPTE:	     720 kB
20220313 013252.458 INFO             PET0 PIOc_sync Enter - MemInfo: [/proc/self/status]	VmPMD:	      32 kB
20220313 013252.458 INFO             PET0 PIOc_sync Enter - MemInfo: [/proc/self/status]	VmSwap:	       0 kB
20220313 013252.458 INFO             PET0 PIOc_sync Enter - MemInfo: [/proc/self/status]	VmRSSPercent: 0.115603 %
20220313 013252.458 INFO             PET0 PIOc_sync Enter - MemInfo: [malloc] Non-mmapped space allocated:                 5591040 Byte
20220313 013252.458 INFO             PET0 PIOc_sync Enter - MemInfo: [malloc] Space allocated in mmapped regions:         85999616 Byte
20220313 013252.458 INFO             PET0 PIOc_sync Enter - MemInfo: [malloc] Maximum total allocated space:                     0 Byte
20220313 013252.458 INFO             PET0 PIOc_sync Enter - MemInfo: [malloc] Space in freed fastbin blocks:                   144 Byte
20220313 013252.458 INFO             PET0 PIOc_sync Enter - MemInfo: [malloc] Total allocated space:                       5340288 Byte
20220313 013252.458 INFO             PET0 PIOc_sync Enter - MemInfo: [malloc] Total free space:                             250752 Byte
20220313 013252.458 INFO             PET0 PIOc_sync Enter - MemInfo: [malloc] Top-most, releasable space:                   118240 Byte
20220313 013252.458 INFO             PET0 PIOc_sync Enter - MemInfo: [malloc] Total space in use, mmap + non-mmap:        91339904 Byte
20220313 013252.458 INFO             PET0 PIOc_sync Enter - MemInfo: [malloc] Total space held (mmap + non-mmap):         91590656 Byte
20220313 013252.458 INFO             PET0 PIOc_sync Enter - MemInfo: [malloc] Total space used (mmap + non-mmap):         91349264 Byte
20220313 013252.458 INFO             PET0 PIOc_sync Enter - MemInfo: Wall-clock time since execution start:              0.0213638 seconds
20220313 013252.458 INFO             PET0 PIOc_sync Exit - MemInfo: [/proc/meminfo - SSI]	MemTotal:       131394444 kB
20220313 013252.458 INFO             PET0 PIOc_sync Exit - MemInfo: [/proc/meminfo - SSI]	MemFree:        119106172 kB
20220313 013252.458 INFO             PET0 PIOc_sync Exit - MemInfo: [/proc/meminfo - SSI]	MemAvailable:   118713356 kB
20220313 013252.458 INFO             PET0 PIOc_sync Exit - MemInfo: [/proc/meminfo - SSI]	Committed_AS:    3875132 kB
20220313 013252.458 INFO             PET0 PIOc_sync Exit - MemInfo: [/proc/meminfo - SSI]	CommittedPercent: 2.94924 %
20220313 013252.458 INFO             PET0 PIOc_sync Exit - MemInfo: [/proc/self/status]	VmPeak:	 3802216 kB
20220313 013252.458 INFO             PET0 PIOc_sync Exit - MemInfo: [/proc/self/status]	VmSize:	 3801196 kB
20220313 013252.458 INFO             PET0 PIOc_sync Exit - MemInfo: [/proc/self/status]	VmLck:	       0 kB
20220313 013252.458 INFO             PET0 PIOc_sync Exit - MemInfo: [/proc/self/status]	VmPin:	   82140 kB
20220313 013252.458 INFO             PET0 PIOc_sync Exit - MemInfo: [/proc/self/status]	VmHWM:	  152284 kB
20220313 013252.458 INFO             PET0 PIOc_sync Exit - MemInfo: [/proc/self/status]	VmRSS:	  151908 kB
20220313 013252.458 INFO             PET0 PIOc_sync Exit - MemInfo: [/proc/self/status]	VmData:	  271300 kB
20220313 013252.458 INFO             PET0 PIOc_sync Exit - MemInfo: [/proc/self/status]	VmStk:	     512 kB
20220313 013252.458 INFO             PET0 PIOc_sync Exit - MemInfo: [/proc/self/status]	VmExe:	    1940 kB
20220313 013252.458 INFO             PET0 PIOc_sync Exit - MemInfo: [/proc/self/status]	VmLib:	  104128 kB
20220313 013252.458 INFO             PET0 PIOc_sync Exit - MemInfo: [/proc/self/status]	VmPTE:	     720 kB
20220313 013252.458 INFO             PET0 PIOc_sync Exit - MemInfo: [/proc/self/status]	VmPMD:	      32 kB
20220313 013252.458 INFO             PET0 PIOc_sync Exit - MemInfo: [/proc/self/status]	VmSwap:	       0 kB
20220313 013252.458 INFO             PET0 PIOc_sync Exit - MemInfo: [/proc/self/status]	VmRSSPercent: 0.115612 %
20220313 013252.458 INFO             PET0 PIOc_sync Exit - MemInfo: [malloc] Non-mmapped space allocated:                 5591040 Byte
20220313 013252.458 INFO             PET0 PIOc_sync Exit - MemInfo: [malloc] Space allocated in mmapped regions:         85999616 Byte
20220313 013252.458 INFO             PET0 PIOc_sync Exit - MemInfo: [malloc] Maximum total allocated space:                     0 Byte
20220313 013252.458 INFO             PET0 PIOc_sync Exit - MemInfo: [malloc] Space in freed fastbin blocks:                   144 Byte
20220313 013252.458 INFO             PET0 PIOc_sync Exit - MemInfo: [malloc] Total allocated space:                       5339536 Byte
20220313 013252.458 INFO             PET0 PIOc_sync Exit - MemInfo: [malloc] Total free space:                             251504 Byte
20220313 013252.458 INFO             PET0 PIOc_sync Exit - MemInfo: [malloc] Top-most, releasable space:                   118768 Byte
20220313 013252.458 INFO             PET0 PIOc_sync Exit - MemInfo: [malloc] Total space in use, mmap + non-mmap:        91339152 Byte
20220313 013252.458 INFO             PET0 PIOc_sync Exit - MemInfo: [malloc] Total space held (mmap + non-mmap):         91590656 Byte
20220313 013252.458 INFO             PET0 PIOc_sync Exit - MemInfo: [malloc] Total space used (mmap + non-mmap):         91348512 Byte
20220313 013252.458 INFO             PET0 PIOc_sync Exit - MemInfo: Wall-clock time since execution start:              0.0218078 seconds
20220313 013252.458 INFO             PET0 PIOc_freedecomp Enter - MemInfo: [/proc/meminfo - SSI]	MemTotal:       131394444 kB
20220313 013252.458 INFO             PET0 PIOc_freedecomp Enter - MemInfo: [/proc/meminfo - SSI]	MemFree:        119106172 kB
20220313 013252.458 INFO             PET0 PIOc_freedecomp Enter - MemInfo: [/proc/meminfo - SSI]	MemAvailable:   118713356 kB
20220313 013252.458 INFO             PET0 PIOc_freedecomp Enter - MemInfo: [/proc/meminfo - SSI]	Committed_AS:    3875132 kB
20220313 013252.458 INFO             PET0 PIOc_freedecomp Enter - MemInfo: [/proc/meminfo - SSI]	CommittedPercent: 2.94924 %
20220313 013252.458 INFO             PET0 PIOc_freedecomp Enter - MemInfo: [/proc/self/status]	VmPeak:	 3802216 kB
20220313 013252.458 INFO             PET0 PIOc_freedecomp Enter - MemInfo: [/proc/self/status]	VmSize:	 3801196 kB
20220313 013252.458 INFO             PET0 PIOc_freedecomp Enter - MemInfo: [/proc/self/status]	VmLck:	       0 kB
20220313 013252.458 INFO             PET0 PIOc_freedecomp Enter - MemInfo: [/proc/self/status]	VmPin:	   82140 kB
20220313 013252.458 INFO             PET0 PIOc_freedecomp Enter - MemInfo: [/proc/self/status]	VmHWM:	  152284 kB
20220313 013252.458 INFO             PET0 PIOc_freedecomp Enter - MemInfo: [/proc/self/status]	VmRSS:	  151908 kB
20220313 013252.458 INFO             PET0 PIOc_freedecomp Enter - MemInfo: [/proc/self/status]	VmData:	  271300 kB
20220313 013252.458 INFO             PET0 PIOc_freedecomp Enter - MemInfo: [/proc/self/status]	VmStk:	     512 kB
20220313 013252.458 INFO             PET0 PIOc_freedecomp Enter - MemInfo: [/proc/self/status]	VmExe:	    1940 kB
20220313 013252.458 INFO             PET0 PIOc_freedecomp Enter - MemInfo: [/proc/self/status]	VmLib:	  104128 kB
20220313 013252.458 INFO             PET0 PIOc_freedecomp Enter - MemInfo: [/proc/self/status]	VmPTE:	     720 kB
20220313 013252.458 INFO             PET0 PIOc_freedecomp Enter - MemInfo: [/proc/self/status]	VmPMD:	      32 kB
20220313 013252.458 INFO             PET0 PIOc_freedecomp Enter - MemInfo: [/proc/self/status]	VmSwap:	       0 kB
20220313 013252.458 INFO             PET0 PIOc_freedecomp Enter - MemInfo: [/proc/self/status]	VmRSSPercent: 0.115612 %
20220313 013252.458 INFO             PET0 PIOc_freedecomp Enter - MemInfo: [malloc] Non-mmapped space allocated:                 5591040 Byte
20220313 013252.458 INFO             PET0 PIOc_freedecomp Enter - MemInfo: [malloc] Space allocated in mmapped regions:         85999616 Byte
20220313 013252.458 INFO             PET0 PIOc_freedecomp Enter - MemInfo: [malloc] Maximum total allocated space:                     0 Byte
20220313 013252.458 INFO             PET0 PIOc_freedecomp Enter - MemInfo: [malloc] Space in freed fastbin blocks:                   496 Byte
20220313 013252.458 INFO             PET0 PIOc_freedecomp Enter - MemInfo: [malloc] Total allocated space:                       2704144 Byte
20220313 013252.459 INFO             PET0 PIOc_freedecomp Enter - MemInfo: [malloc] Total free space:                            2886896 Byte
20220313 013252.459 INFO             PET0 PIOc_freedecomp Enter - MemInfo: [malloc] Top-most, releasable space:                   119408 Byte
20220313 013252.459 INFO             PET0 PIOc_freedecomp Enter - MemInfo: [malloc] Total space in use, mmap + non-mmap:        88703760 Byte
20220313 013252.459 INFO             PET0 PIOc_freedecomp Enter - MemInfo: [malloc] Total space held (mmap + non-mmap):         91590656 Byte
20220313 013252.459 INFO             PET0 PIOc_freedecomp Enter - MemInfo: [malloc] Total space used (mmap + non-mmap):         88713120 Byte
20220313 013252.459 INFO             PET0 PIOc_freedecomp Enter - MemInfo: Wall-clock time since execution start:              0.0221654 seconds
20220313 013252.459 INFO             PET0 PIOc_freedecomp Exit - MemInfo: [/proc/meminfo - SSI]	MemTotal:       131394444 kB
20220313 013252.459 INFO             PET0 PIOc_freedecomp Exit - MemInfo: [/proc/meminfo - SSI]	MemFree:        119106172 kB
20220313 013252.459 INFO             PET0 PIOc_freedecomp Exit - MemInfo: [/proc/meminfo - SSI]	MemAvailable:   118713356 kB
20220313 013252.459 INFO             PET0 PIOc_freedecomp Exit - MemInfo: [/proc/meminfo - SSI]	Committed_AS:    3875132 kB
20220313 013252.459 INFO             PET0 PIOc_freedecomp Exit - MemInfo: [/proc/meminfo - SSI]	CommittedPercent: 2.94924 %
20220313 013252.459 INFO             PET0 PIOc_freedecomp Exit - MemInfo: [/proc/self/status]	VmPeak:	 3802216 kB
20220313 013252.459 INFO             PET0 PIOc_freedecomp Exit - MemInfo: [/proc/self/status]	VmSize:	 3801196 kB
20220313 013252.459 INFO             PET0 PIOc_freedecomp Exit - MemInfo: [/proc/self/status]	VmLck:	       0 kB
20220313 013252.459 INFO             PET0 PIOc_freedecomp Exit - MemInfo: [/proc/self/status]	VmPin:	   82140 kB
20220313 013252.459 INFO             PET0 PIOc_freedecomp Exit - MemInfo: [/proc/self/status]	VmHWM:	  152284 kB
20220313 013252.459 INFO             PET0 PIOc_freedecomp Exit - MemInfo: [/proc/self/status]	VmRSS:	  151908 kB
20220313 013252.459 INFO             PET0 PIOc_freedecomp Exit - MemInfo: [/proc/self/status]	VmData:	  271300 kB
20220313 013252.459 INFO             PET0 PIOc_freedecomp Exit - MemInfo: [/proc/self/status]	VmStk:	     512 kB
20220313 013252.459 INFO             PET0 PIOc_freedecomp Exit - MemInfo: [/proc/self/status]	VmExe:	    1940 kB
20220313 013252.459 INFO             PET0 PIOc_freedecomp Exit - MemInfo: [/proc/self/status]	VmLib:	  104128 kB
20220313 013252.459 INFO             PET0 PIOc_freedecomp Exit - MemInfo: [/proc/self/status]	VmPTE:	     720 kB
20220313 013252.459 INFO             PET0 PIOc_freedecomp Exit - MemInfo: [/proc/self/status]	VmPMD:	      32 kB
20220313 013252.459 INFO             PET0 PIOc_freedecomp Exit - MemInfo: [/proc/self/status]	VmSwap:	       0 kB
20220313 013252.459 INFO             PET0 PIOc_freedecomp Exit - MemInfo: [/proc/self/status]	VmRSSPercent: 0.115612 %
20220313 013252.459 INFO             PET0 PIOc_freedecomp Exit - MemInfo: [malloc] Non-mmapped space allocated:                 5591040 Byte
20220313 013252.459 INFO             PET0 PIOc_freedecomp Exit - MemInfo: [malloc] Space allocated in mmapped regions:         85999616 Byte
20220313 013252.459 INFO             PET0 PIOc_freedecomp Exit - MemInfo: [malloc] Maximum total allocated space:                     0 Byte
20220313 013252.459 INFO             PET0 PIOc_freedecomp Exit - MemInfo: [malloc] Space in freed fastbin blocks:                   944 Byte
20220313 013252.459 INFO             PET0 PIOc_freedecomp Exit - MemInfo: [malloc] Total allocated space:                       2702400 Byte
20220313 013252.459 INFO             PET0 PIOc_freedecomp Exit - MemInfo: [malloc] Total free space:                            2888640 Byte
20220313 013252.459 INFO             PET0 PIOc_freedecomp Exit - MemInfo: [malloc] Top-most, releasable space:                   119408 Byte
20220313 013252.459 INFO             PET0 PIOc_freedecomp Exit - MemInfo: [malloc] Total space in use, mmap + non-mmap:        88702016 Byte
20220313 013252.459 INFO             PET0 PIOc_freedecomp Exit - MemInfo: [malloc] Total space held (mmap + non-mmap):         91590656 Byte
20220313 013252.459 INFO             PET0 PIOc_freedecomp Exit - MemInfo: [malloc] Total space used (mmap + non-mmap):         88711376 Byte
20220313 013252.459 INFO             PET0 PIOc_freedecomp Exit - MemInfo: Wall-clock time since execution start:              0.0224945 seconds
20220313 013252.459 INFO             PET0  PASS  ESMF_OutputWeightFile, ESMF_IOUTest.F90, line 81
20220313 013252.461 INFO             PET0  PASS  call ESMF_OutputWeightFile with empty factor list on four PETs, ESMF_IOUTest.F90, line 191
20220313 013252.461 INFO             PET0  Ending Test, file ESMF_IOUTest.F90, line 201
20220313 013252.461 INFO             PET0 Finalizing ESMF
20220313 013252.445 INFO             PET1 !!!!!!!!!!!!!!!!!!!!!!!!!!!!!!!!!!!!!!!!!!!!!!!!!!!!!!
20220313 013252.445 INFO             PET1 !!! THE ESMF_LOG IS SET TO OUTPUT ALL LOG MESSAGES !!!
20220313 013252.445 INFO             PET1 !!!     THIS MAY CAUSE SLOWDOWN IN PERFORMANCE     !!!
20220313 013252.445 INFO             PET1 !!! FOR PRODUCTION RUNS, USE:                      !!!
20220313 013252.445 INFO             PET1 !!!                   ESMF_LOGKIND_Multi_On_Error  !!!
20220313 013252.445 INFO             PET1 !!!!!!!!!!!!!!!!!!!!!!!!!!!!!!!!!!!!!!!!!!!!!!!!!!!!!!
20220313 013252.445 INFO             PET1 Running with ESMF Version   : v8.3.0b09-96-g559b459836
20220313 013252.445 INFO             PET1 ESMF library build date/time: "Mar 13 2022" "01:12:50"
20220313 013252.445 INFO             PET1 ESMF library build location : /gpfsm/dnb04/projects/p98/mpotts/esmf/intel_2020_intelmpi_O_jedwards_pio_update2
20220313 013252.445 INFO             PET1 ESMF_COMM                   : intelmpi
20220313 013252.446 INFO             PET1 ESMF_MOAB                   : enabled
20220313 013252.446 INFO             PET1 ESMF_LAPACK                 : enabled
20220313 013252.446 INFO             PET1 ESMF_NETCDF                 : enabled
20220313 013252.446 INFO             PET1 ESMF_PNETCDF                : disabled
20220313 013252.446 INFO             PET1 ESMF_PIO                    : enabled
20220313 013252.446 INFO             PET1 ESMF_YAMLCPP                : enabled
20220313 013252.446 INFO             PET1  Beginning Test, file ESMF_IOUTest.F90, line 57
20220313 013252.446 INFO             PET1  NUMBER_OF_PROCESSORS           4
20220313 013252.446 INFO             PET1 Starting Test:  ESMF_OutputWeightFile
20220313 013252.451 INFO             PET1 PIOc_sync Enter - MemInfo: [/proc/meminfo - SSI]	MemTotal:       131394444 kB
20220313 013252.451 INFO             PET1 PIOc_sync Enter - MemInfo: [/proc/meminfo - SSI]	MemFree:        119107848 kB
20220313 013252.451 INFO             PET1 PIOc_sync Enter - MemInfo: [/proc/meminfo - SSI]	MemAvailable:   118715032 kB
20220313 013252.451 INFO             PET1 PIOc_sync Enter - MemInfo: [/proc/meminfo - SSI]	Committed_AS:    3875132 kB
20220313 013252.451 INFO             PET1 PIOc_sync Enter - MemInfo: [/proc/meminfo - SSI]	CommittedPercent: 2.94924 %
20220313 013252.451 INFO             PET1 PIOc_sync Enter - MemInfo: [/proc/self/status]	VmPeak:	 3798612 kB
20220313 013252.451 INFO             PET1 PIOc_sync Enter - MemInfo: [/proc/self/status]	VmSize:	 3796120 kB
20220313 013252.451 INFO             PET1 PIOc_sync Enter - MemInfo: [/proc/self/status]	VmLck:	       0 kB
20220313 013252.451 INFO             PET1 PIOc_sync Enter - MemInfo: [/proc/self/status]	VmPin:	   82140 kB
20220313 013252.451 INFO             PET1 PIOc_sync Enter - MemInfo: [/proc/self/status]	VmHWM:	  143564 kB
20220313 013252.451 INFO             PET1 PIOc_sync Enter - MemInfo: [/proc/self/status]	VmRSS:	  143564 kB
20220313 013252.451 INFO             PET1 PIOc_sync Enter - MemInfo: [/proc/self/status]	VmData:	  266224 kB
20220313 013252.451 INFO             PET1 PIOc_sync Enter - MemInfo: [/proc/self/status]	VmStk:	     512 kB
20220313 013252.451 INFO             PET1 PIOc_sync Enter - MemInfo: [/proc/self/status]	VmExe:	    1940 kB
20220313 013252.451 INFO             PET1 PIOc_sync Enter - MemInfo: [/proc/self/status]	VmLib:	  104128 kB
20220313 013252.451 INFO             PET1 PIOc_sync Enter - MemInfo: [/proc/self/status]	VmPTE:	     688 kB
20220313 013252.451 INFO             PET1 PIOc_sync Enter - MemInfo: [/proc/self/status]	VmPMD:	      28 kB
20220313 013252.451 INFO             PET1 PIOc_sync Enter - MemInfo: [/proc/self/status]	VmSwap:	       0 kB
20220313 013252.451 INFO             PET1 PIOc_sync Enter - MemInfo: [/proc/self/status]	VmRSSPercent: 0.109262 %
20220313 013252.451 INFO             PET1 PIOc_sync Enter - MemInfo: [malloc] Non-mmapped space allocated:                 2490368 Byte
20220313 013252.451 INFO             PET1 PIOc_sync Enter - MemInfo: [malloc] Space allocated in mmapped regions:         85999616 Byte
20220313 013252.451 INFO             PET1 PIOc_sync Enter - MemInfo: [malloc] Maximum total allocated space:                     0 Byte
20220313 013252.451 INFO             PET1 PIOc_sync Enter - MemInfo: [malloc] Space in freed fastbin blocks:                   672 Byte
20220313 013252.451 INFO             PET1 PIOc_sync Enter - MemInfo: [malloc] Total allocated space:                       2253456 Byte
20220313 013252.451 INFO             PET1 PIOc_sync Enter - MemInfo: [malloc] Total free space:                             236912 Byte
20220313 013252.451 INFO             PET1 PIOc_sync Enter - MemInfo: [malloc] Top-most, releasable space:                   102992 Byte
20220313 013252.451 INFO             PET1 PIOc_sync Enter - MemInfo: [malloc] Total space in use, mmap + non-mmap:        88253072 Byte
20220313 013252.451 INFO             PET1 PIOc_sync Enter - MemInfo: [malloc] Total space held (mmap + non-mmap):         88489984 Byte
20220313 013252.451 INFO             PET1 PIOc_sync Enter - MemInfo: [malloc] Total space used (mmap + non-mmap):         88262432 Byte
20220313 013252.451 INFO             PET1 PIOc_sync Enter - MemInfo: Wall-clock time since execution start:              0.0156795 seconds
20220313 013252.453 INFO             PET1 PIOc_sync Exit - MemInfo: [/proc/meminfo - SSI]	MemTotal:       131394444 kB
20220313 013252.453 INFO             PET1 PIOc_sync Exit - MemInfo: [/proc/meminfo - SSI]	MemFree:        119105428 kB
20220313 013252.453 INFO             PET1 PIOc_sync Exit - MemInfo: [/proc/meminfo - SSI]	MemAvailable:   118712612 kB
20220313 013252.453 INFO             PET1 PIOc_sync Exit - MemInfo: [/proc/meminfo - SSI]	Committed_AS:    3875132 kB
20220313 013252.453 INFO             PET1 PIOc_sync Exit - MemInfo: [/proc/meminfo - SSI]	CommittedPercent: 2.94924 %
20220313 013252.453 INFO             PET1 PIOc_sync Exit - MemInfo: [/proc/self/status]	VmPeak:	 3798612 kB
20220313 013252.453 INFO             PET1 PIOc_sync Exit - MemInfo: [/proc/self/status]	VmSize:	 3796120 kB
20220313 013252.453 INFO             PET1 PIOc_sync Exit - MemInfo: [/proc/self/status]	VmLck:	       0 kB
20220313 013252.453 INFO             PET1 PIOc_sync Exit - MemInfo: [/proc/self/status]	VmPin:	   82140 kB
20220313 013252.453 INFO             PET1 PIOc_sync Exit - MemInfo: [/proc/self/status]	VmHWM:	  143736 kB
20220313 013252.453 INFO             PET1 PIOc_sync Exit - MemInfo: [/proc/self/status]	VmRSS:	  143736 kB
20220313 013252.453 INFO             PET1 PIOc_sync Exit - MemInfo: [/proc/self/status]	VmData:	  266224 kB
20220313 013252.453 INFO             PET1 PIOc_sync Exit - MemInfo: [/proc/self/status]	VmStk:	     512 kB
20220313 013252.453 INFO             PET1 PIOc_sync Exit - MemInfo: [/proc/self/status]	VmExe:	    1940 kB
20220313 013252.453 INFO             PET1 PIOc_sync Exit - MemInfo: [/proc/self/status]	VmLib:	  104128 kB
20220313 013252.453 INFO             PET1 PIOc_sync Exit - MemInfo: [/proc/self/status]	VmPTE:	     688 kB
20220313 013252.453 INFO             PET1 PIOc_sync Exit - MemInfo: [/proc/self/status]	VmPMD:	      28 kB
20220313 013252.453 INFO             PET1 PIOc_sync Exit - MemInfo: [/proc/self/status]	VmSwap:	       0 kB
20220313 013252.453 INFO             PET1 PIOc_sync Exit - MemInfo: [/proc/self/status]	VmRSSPercent: 0.109393 %
20220313 013252.453 INFO             PET1 PIOc_sync Exit - MemInfo: [malloc] Non-mmapped space allocated:                 2490368 Byte
20220313 013252.453 INFO             PET1 PIOc_sync Exit - MemInfo: [malloc] Space allocated in mmapped regions:         85999616 Byte
20220313 013252.453 INFO             PET1 PIOc_sync Exit - MemInfo: [malloc] Maximum total allocated space:                     0 Byte
20220313 013252.453 INFO             PET1 PIOc_sync Exit - MemInfo: [malloc] Space in freed fastbin blocks:                   192 Byte
20220313 013252.453 INFO             PET1 PIOc_sync Exit - MemInfo: [malloc] Total allocated space:                       2252624 Byte
20220313 013252.453 INFO             PET1 PIOc_sync Exit - MemInfo: [malloc] Total free space:                             237744 Byte
20220313 013252.453 INFO             PET1 PIOc_sync Exit - MemInfo: [malloc] Top-most, releasable space:                   104400 Byte
20220313 013252.453 INFO             PET1 PIOc_sync Exit - MemInfo: [malloc] Total space in use, mmap + non-mmap:        88252240 Byte
20220313 013252.453 INFO             PET1 PIOc_sync Exit - MemInfo: [malloc] Total space held (mmap + non-mmap):         88489984 Byte
20220313 013252.453 INFO             PET1 PIOc_sync Exit - MemInfo: [malloc] Total space used (mmap + non-mmap):         88261600 Byte
20220313 013252.453 INFO             PET1 PIOc_sync Exit - MemInfo: Wall-clock time since execution start:              0.0175131 seconds
20220313 013252.453 INFO             PET1 PIOc_freedecomp Enter - MemInfo: [/proc/meminfo - SSI]	MemTotal:       131394444 kB
20220313 013252.453 INFO             PET1 PIOc_freedecomp Enter - MemInfo: [/proc/meminfo - SSI]	MemFree:        119106640 kB
20220313 013252.453 INFO             PET1 PIOc_freedecomp Enter - MemInfo: [/proc/meminfo - SSI]	MemAvailable:   118713824 kB
20220313 013252.453 INFO             PET1 PIOc_freedecomp Enter - MemInfo: [/proc/meminfo - SSI]	Committed_AS:    3875132 kB
20220313 013252.453 INFO             PET1 PIOc_freedecomp Enter - MemInfo: [/proc/meminfo - SSI]	CommittedPercent: 2.94924 %
20220313 013252.453 INFO             PET1 PIOc_freedecomp Enter - MemInfo: [/proc/self/status]	VmPeak:	 3798612 kB
20220313 013252.453 INFO             PET1 PIOc_freedecomp Enter - MemInfo: [/proc/self/status]	VmSize:	 3796120 kB
20220313 013252.453 INFO             PET1 PIOc_freedecomp Enter - MemInfo: [/proc/self/status]	VmLck:	       0 kB
20220313 013252.453 INFO             PET1 PIOc_freedecomp Enter - MemInfo: [/proc/self/status]	VmPin:	   82140 kB
20220313 013252.454 INFO             PET1 PIOc_freedecomp Enter - MemInfo: [/proc/self/status]	VmHWM:	  143740 kB
20220313 013252.454 INFO             PET1 PIOc_freedecomp Enter - MemInfo: [/proc/self/status]	VmRSS:	  143740 kB
20220313 013252.454 INFO             PET1 PIOc_freedecomp Enter - MemInfo: [/proc/self/status]	VmData:	  266224 kB
20220313 013252.454 INFO             PET1 PIOc_freedecomp Enter - MemInfo: [/proc/self/status]	VmStk:	     512 kB
20220313 013252.454 INFO             PET1 PIOc_freedecomp Enter - MemInfo: [/proc/self/status]	VmExe:	    1940 kB
20220313 013252.454 INFO             PET1 PIOc_freedecomp Enter - MemInfo: [/proc/self/status]	VmLib:	  104128 kB
20220313 013252.454 INFO             PET1 PIOc_freedecomp Enter - MemInfo: [/proc/self/status]	VmPTE:	     688 kB
20220313 013252.454 INFO             PET1 PIOc_freedecomp Enter - MemInfo: [/proc/self/status]	VmPMD:	      28 kB
20220313 013252.454 INFO             PET1 PIOc_freedecomp Enter - MemInfo: [/proc/self/status]	VmSwap:	       0 kB
20220313 013252.454 INFO             PET1 PIOc_freedecomp Enter - MemInfo: [/proc/self/status]	VmRSSPercent: 0.109396 %
20220313 013252.454 INFO             PET1 PIOc_freedecomp Enter - MemInfo: [malloc] Non-mmapped space allocated:                 2490368 Byte
20220313 013252.454 INFO             PET1 PIOc_freedecomp Enter - MemInfo: [malloc] Space allocated in mmapped regions:         85999616 Byte
20220313 013252.454 INFO             PET1 PIOc_freedecomp Enter - MemInfo: [malloc] Maximum total allocated space:                     0 Byte
20220313 013252.454 INFO             PET1 PIOc_freedecomp Enter - MemInfo: [malloc] Space in freed fastbin blocks:                   368 Byte
20220313 013252.454 INFO             PET1 PIOc_freedecomp Enter - MemInfo: [malloc] Total allocated space:                       2251024 Byte
20220313 013252.454 INFO             PET1 PIOc_freedecomp Enter - MemInfo: [malloc] Total free space:                             239344 Byte
20220313 013252.454 INFO             PET1 PIOc_freedecomp Enter - MemInfo: [malloc] Top-most, releasable space:                   105232 Byte
20220313 013252.454 INFO             PET1 PIOc_freedecomp Enter - MemInfo: [malloc] Total space in use, mmap + non-mmap:        88250640 Byte
20220313 013252.454 INFO             PET1 PIOc_freedecomp Enter - MemInfo: [malloc] Total space held (mmap + non-mmap):         88489984 Byte
20220313 013252.454 INFO             PET1 PIOc_freedecomp Enter - MemInfo: [malloc] Total space used (mmap + non-mmap):         88260000 Byte
20220313 013252.454 INFO             PET1 PIOc_freedecomp Enter - MemInfo: Wall-clock time since execution start:               0.018072 seconds
20220313 013252.454 INFO             PET1 PIOc_freedecomp Exit - MemInfo: [/proc/meminfo - SSI]	MemTotal:       131394444 kB
20220313 013252.454 INFO             PET1 PIOc_freedecomp Exit - MemInfo: [/proc/meminfo - SSI]	MemFree:        119106640 kB
20220313 013252.454 INFO             PET1 PIOc_freedecomp Exit - MemInfo: [/proc/meminfo - SSI]	MemAvailable:   118713824 kB
20220313 013252.454 INFO             PET1 PIOc_freedecomp Exit - MemInfo: [/proc/meminfo - SSI]	Committed_AS:    3875132 kB
20220313 013252.454 INFO             PET1 PIOc_freedecomp Exit - MemInfo: [/proc/meminfo - SSI]	CommittedPercent: 2.94924 %
20220313 013252.454 INFO             PET1 PIOc_freedecomp Exit - MemInfo: [/proc/self/status]	VmPeak:	 3798612 kB
20220313 013252.454 INFO             PET1 PIOc_freedecomp Exit - MemInfo: [/proc/self/status]	VmSize:	 3796120 kB
20220313 013252.454 INFO             PET1 PIOc_freedecomp Exit - MemInfo: [/proc/self/status]	VmLck:	       0 kB
20220313 013252.454 INFO             PET1 PIOc_freedecomp Exit - MemInfo: [/proc/self/status]	VmPin:	   82140 kB
20220313 013252.454 INFO             PET1 PIOc_freedecomp Exit - MemInfo: [/proc/self/status]	VmHWM:	  143740 kB
20220313 013252.454 INFO             PET1 PIOc_freedecomp Exit - MemInfo: [/proc/self/status]	VmRSS:	  143740 kB
20220313 013252.454 INFO             PET1 PIOc_freedecomp Exit - MemInfo: [/proc/self/status]	VmData:	  266224 kB
20220313 013252.454 INFO             PET1 PIOc_freedecomp Exit - MemInfo: [/proc/self/status]	VmStk:	     512 kB
20220313 013252.454 INFO             PET1 PIOc_freedecomp Exit - MemInfo: [/proc/self/status]	VmExe:	    1940 kB
20220313 013252.454 INFO             PET1 PIOc_freedecomp Exit - MemInfo: [/proc/self/status]	VmLib:	  104128 kB
20220313 013252.454 INFO             PET1 PIOc_freedecomp Exit - MemInfo: [/proc/self/status]	VmPTE:	     688 kB
20220313 013252.454 INFO             PET1 PIOc_freedecomp Exit - MemInfo: [/proc/self/status]	VmPMD:	      28 kB
20220313 013252.454 INFO             PET1 PIOc_freedecomp Exit - MemInfo: [/proc/self/status]	VmSwap:	       0 kB
20220313 013252.454 INFO             PET1 PIOc_freedecomp Exit - MemInfo: [/proc/self/status]	VmRSSPercent: 0.109396 %
20220313 013252.454 INFO             PET1 PIOc_freedecomp Exit - MemInfo: [malloc] Non-mmapped space allocated:                 2490368 Byte
20220313 013252.454 INFO             PET1 PIOc_freedecomp Exit - MemInfo: [malloc] Space allocated in mmapped regions:         85999616 Byte
20220313 013252.454 INFO             PET1 PIOc_freedecomp Exit - MemInfo: [malloc] Maximum total allocated space:                     0 Byte
20220313 013252.454 INFO             PET1 PIOc_freedecomp Exit - MemInfo: [malloc] Space in freed fastbin blocks:                   352 Byte
20220313 013252.454 INFO             PET1 PIOc_freedecomp Exit - MemInfo: [malloc] Total allocated space:                       2249648 Byte
20220313 013252.454 INFO             PET1 PIOc_freedecomp Exit - MemInfo: [malloc] Total free space:                             240720 Byte
20220313 013252.454 INFO             PET1 PIOc_freedecomp Exit - MemInfo: [malloc] Top-most, releasable space:                   105888 Byte
20220313 013252.454 INFO             PET1 PIOc_freedecomp Exit - MemInfo: [malloc] Total space in use, mmap + non-mmap:        88249264 Byte
20220313 013252.454 INFO             PET1 PIOc_freedecomp Exit - MemInfo: [malloc] Total space held (mmap + non-mmap):         88489984 Byte
20220313 013252.454 INFO             PET1 PIOc_freedecomp Exit - MemInfo: [malloc] Total space used (mmap + non-mmap):         88258624 Byte
20220313 013252.454 INFO             PET1 PIOc_freedecomp Exit - MemInfo: Wall-clock time since execution start:              0.0184005 seconds
20220313 013252.455 INFO             PET1 PIOc_sync Enter - MemInfo: [/proc/meminfo - SSI]	MemTotal:       131394444 kB
20220313 013252.455 INFO             PET1 PIOc_sync Enter - MemInfo: [/proc/meminfo - SSI]	MemFree:        119106640 kB
20220313 013252.455 INFO             PET1 PIOc_sync Enter - MemInfo: [/proc/meminfo - SSI]	MemAvailable:   118713824 kB
20220313 013252.455 INFO             PET1 PIOc_sync Enter - MemInfo: [/proc/meminfo - SSI]	Committed_AS:    3875132 kB
20220313 013252.455 INFO             PET1 PIOc_sync Enter - MemInfo: [/proc/meminfo - SSI]	CommittedPercent: 2.94924 %
20220313 013252.455 INFO             PET1 PIOc_sync Enter - MemInfo: [/proc/self/status]	VmPeak:	 3798612 kB
20220313 013252.455 INFO             PET1 PIOc_sync Enter - MemInfo: [/proc/self/status]	VmSize:	 3796120 kB
20220313 013252.455 INFO             PET1 PIOc_sync Enter - MemInfo: [/proc/self/status]	VmLck:	       0 kB
20220313 013252.455 INFO             PET1 PIOc_sync Enter - MemInfo: [/proc/self/status]	VmPin:	   82140 kB
20220313 013252.455 INFO             PET1 PIOc_sync Enter - MemInfo: [/proc/self/status]	VmHWM:	  143944 kB
20220313 013252.455 INFO             PET1 PIOc_sync Enter - MemInfo: [/proc/self/status]	VmRSS:	  143944 kB
20220313 013252.455 INFO             PET1 PIOc_sync Enter - MemInfo: [/proc/self/status]	VmData:	  266224 kB
20220313 013252.455 INFO             PET1 PIOc_sync Enter - MemInfo: [/proc/self/status]	VmStk:	     512 kB
20220313 013252.455 INFO             PET1 PIOc_sync Enter - MemInfo: [/proc/self/status]	VmExe:	    1940 kB
20220313 013252.455 INFO             PET1 PIOc_sync Enter - MemInfo: [/proc/self/status]	VmLib:	  104128 kB
20220313 013252.455 INFO             PET1 PIOc_sync Enter - MemInfo: [/proc/self/status]	VmPTE:	     688 kB
20220313 013252.455 INFO             PET1 PIOc_sync Enter - MemInfo: [/proc/self/status]	VmPMD:	      28 kB
20220313 013252.455 INFO             PET1 PIOc_sync Enter - MemInfo: [/proc/self/status]	VmSwap:	       0 kB
20220313 013252.455 INFO             PET1 PIOc_sync Enter - MemInfo: [/proc/self/status]	VmRSSPercent: 0.109551 %
20220313 013252.455 INFO             PET1 PIOc_sync Enter - MemInfo: [malloc] Non-mmapped space allocated:                 2490368 Byte
20220313 013252.455 INFO             PET1 PIOc_sync Enter - MemInfo: [malloc] Space allocated in mmapped regions:         85999616 Byte
20220313 013252.455 INFO             PET1 PIOc_sync Enter - MemInfo: [malloc] Maximum total allocated space:                     0 Byte
20220313 013252.455 INFO             PET1 PIOc_sync Enter - MemInfo: [malloc] Space in freed fastbin blocks:                   896 Byte
20220313 013252.455 INFO             PET1 PIOc_sync Enter - MemInfo: [malloc] Total allocated space:                       2253552 Byte
20220313 013252.455 INFO             PET1 PIOc_sync Enter - MemInfo: [malloc] Total free space:                             236816 Byte
20220313 013252.455 INFO             PET1 PIOc_sync Enter - MemInfo: [malloc] Top-most, releasable space:                   102672 Byte
20220313 013252.455 INFO             PET1 PIOc_sync Enter - MemInfo: [malloc] Total space in use, mmap + non-mmap:        88253168 Byte
20220313 013252.455 INFO             PET1 PIOc_sync Enter - MemInfo: [malloc] Total space held (mmap + non-mmap):         88489984 Byte
20220313 013252.455 INFO             PET1 PIOc_sync Enter - MemInfo: [malloc] Total space used (mmap + non-mmap):         88262528 Byte
20220313 013252.455 INFO             PET1 PIOc_sync Enter - MemInfo: Wall-clock time since execution start:              0.0197695 seconds
20220313 013252.456 INFO             PET1 PIOc_sync Exit - MemInfo: [/proc/meminfo - SSI]	MemTotal:       131394444 kB
20220313 013252.456 INFO             PET1 PIOc_sync Exit - MemInfo: [/proc/meminfo - SSI]	MemFree:        119106640 kB
20220313 013252.456 INFO             PET1 PIOc_sync Exit - MemInfo: [/proc/meminfo - SSI]	MemAvailable:   118713824 kB
20220313 013252.456 INFO             PET1 PIOc_sync Exit - MemInfo: [/proc/meminfo - SSI]	Committed_AS:    3875132 kB
20220313 013252.456 INFO             PET1 PIOc_sync Exit - MemInfo: [/proc/meminfo - SSI]	CommittedPercent: 2.94924 %
20220313 013252.456 INFO             PET1 PIOc_sync Exit - MemInfo: [/proc/self/status]	VmPeak:	 3798612 kB
20220313 013252.456 INFO             PET1 PIOc_sync Exit - MemInfo: [/proc/self/status]	VmSize:	 3796120 kB
20220313 013252.456 INFO             PET1 PIOc_sync Exit - MemInfo: [/proc/self/status]	VmLck:	       0 kB
20220313 013252.456 INFO             PET1 PIOc_sync Exit - MemInfo: [/proc/self/status]	VmPin:	   82140 kB
20220313 013252.456 INFO             PET1 PIOc_sync Exit - MemInfo: [/proc/self/status]	VmHWM:	  143944 kB
20220313 013252.456 INFO             PET1 PIOc_sync Exit - MemInfo: [/proc/self/status]	VmRSS:	  143944 kB
20220313 013252.456 INFO             PET1 PIOc_sync Exit - MemInfo: [/proc/self/status]	VmData:	  266224 kB
20220313 013252.456 INFO             PET1 PIOc_sync Exit - MemInfo: [/proc/self/status]	VmStk:	     512 kB
20220313 013252.456 INFO             PET1 PIOc_sync Exit - MemInfo: [/proc/self/status]	VmExe:	    1940 kB
20220313 013252.456 INFO             PET1 PIOc_sync Exit - MemInfo: [/proc/self/status]	VmLib:	  104128 kB
20220313 013252.456 INFO             PET1 PIOc_sync Exit - MemInfo: [/proc/self/status]	VmPTE:	     688 kB
20220313 013252.456 INFO             PET1 PIOc_sync Exit - MemInfo: [/proc/self/status]	VmPMD:	      28 kB
20220313 013252.456 INFO             PET1 PIOc_sync Exit - MemInfo: [/proc/self/status]	VmSwap:	       0 kB
20220313 013252.456 INFO             PET1 PIOc_sync Exit - MemInfo: [/proc/self/status]	VmRSSPercent: 0.109551 %
20220313 013252.456 INFO             PET1 PIOc_sync Exit - MemInfo: [malloc] Non-mmapped space allocated:                 2490368 Byte
20220313 013252.456 INFO             PET1 PIOc_sync Exit - MemInfo: [malloc] Space allocated in mmapped regions:         85999616 Byte
20220313 013252.456 INFO             PET1 PIOc_sync Exit - MemInfo: [malloc] Maximum total allocated space:                     0 Byte
20220313 013252.456 INFO             PET1 PIOc_sync Exit - MemInfo: [malloc] Space in freed fastbin blocks:                   144 Byte
20220313 013252.456 INFO             PET1 PIOc_sync Exit - MemInfo: [malloc] Total allocated space:                       2252768 Byte
20220313 013252.456 INFO             PET1 PIOc_sync Exit - MemInfo: [malloc] Total free space:                             237600 Byte
20220313 013252.456 INFO             PET1 PIOc_sync Exit - MemInfo: [malloc] Top-most, releasable space:                   104000 Byte
20220313 013252.456 INFO             PET1 PIOc_sync Exit - MemInfo: [malloc] Total space in use, mmap + non-mmap:        88252384 Byte
20220313 013252.456 INFO             PET1 PIOc_sync Exit - MemInfo: [malloc] Total space held (mmap + non-mmap):         88489984 Byte
20220313 013252.456 INFO             PET1 PIOc_sync Exit - MemInfo: [malloc] Total space used (mmap + non-mmap):         88261744 Byte
20220313 013252.456 INFO             PET1 PIOc_sync Exit - MemInfo: Wall-clock time since execution start:              0.0202698 seconds
20220313 013252.456 INFO             PET1 PIOc_freedecomp Enter - MemInfo: [/proc/meminfo - SSI]	MemTotal:       131394444 kB
20220313 013252.456 INFO             PET1 PIOc_freedecomp Enter - MemInfo: [/proc/meminfo - SSI]	MemFree:        119106640 kB
20220313 013252.456 INFO             PET1 PIOc_freedecomp Enter - MemInfo: [/proc/meminfo - SSI]	MemAvailable:   118713824 kB
20220313 013252.456 INFO             PET1 PIOc_freedecomp Enter - MemInfo: [/proc/meminfo - SSI]	Committed_AS:    3875132 kB
20220313 013252.456 INFO             PET1 PIOc_freedecomp Enter - MemInfo: [/proc/meminfo - SSI]	CommittedPercent: 2.94924 %
20220313 013252.456 INFO             PET1 PIOc_freedecomp Enter - MemInfo: [/proc/self/status]	VmPeak:	 3798612 kB
20220313 013252.456 INFO             PET1 PIOc_freedecomp Enter - MemInfo: [/proc/self/status]	VmSize:	 3796120 kB
20220313 013252.456 INFO             PET1 PIOc_freedecomp Enter - MemInfo: [/proc/self/status]	VmLck:	       0 kB
20220313 013252.456 INFO             PET1 PIOc_freedecomp Enter - MemInfo: [/proc/self/status]	VmPin:	   82140 kB
20220313 013252.456 INFO             PET1 PIOc_freedecomp Enter - MemInfo: [/proc/self/status]	VmHWM:	  143944 kB
20220313 013252.456 INFO             PET1 PIOc_freedecomp Enter - MemInfo: [/proc/self/status]	VmRSS:	  143944 kB
20220313 013252.456 INFO             PET1 PIOc_freedecomp Enter - MemInfo: [/proc/self/status]	VmData:	  266224 kB
20220313 013252.456 INFO             PET1 PIOc_freedecomp Enter - MemInfo: [/proc/self/status]	VmStk:	     512 kB
20220313 013252.456 INFO             PET1 PIOc_freedecomp Enter - MemInfo: [/proc/self/status]	VmExe:	    1940 kB
20220313 013252.456 INFO             PET1 PIOc_freedecomp Enter - MemInfo: [/proc/self/status]	VmLib:	  104128 kB
20220313 013252.456 INFO             PET1 PIOc_freedecomp Enter - MemInfo: [/proc/self/status]	VmPTE:	     688 kB
20220313 013252.456 INFO             PET1 PIOc_freedecomp Enter - MemInfo: [/proc/self/status]	VmPMD:	      28 kB
20220313 013252.456 INFO             PET1 PIOc_freedecomp Enter - MemInfo: [/proc/self/status]	VmSwap:	       0 kB
20220313 013252.456 INFO             PET1 PIOc_freedecomp Enter - MemInfo: [/proc/self/status]	VmRSSPercent: 0.109551 %
20220313 013252.456 INFO             PET1 PIOc_freedecomp Enter - MemInfo: [malloc] Non-mmapped space allocated:                 2490368 Byte
20220313 013252.456 INFO             PET1 PIOc_freedecomp Enter - MemInfo: [malloc] Space allocated in mmapped regions:         85999616 Byte
20220313 013252.456 INFO             PET1 PIOc_freedecomp Enter - MemInfo: [malloc] Maximum total allocated space:                     0 Byte
20220313 013252.456 INFO             PET1 PIOc_freedecomp Enter - MemInfo: [malloc] Space in freed fastbin blocks:                   368 Byte
20220313 013252.456 INFO             PET1 PIOc_freedecomp Enter - MemInfo: [malloc] Total allocated space:                       2251008 Byte
20220313 013252.456 INFO             PET1 PIOc_freedecomp Enter - MemInfo: [malloc] Total free space:                             239360 Byte
20220313 013252.456 INFO             PET1 PIOc_freedecomp Enter - MemInfo: [malloc] Top-most, releasable space:                   104304 Byte
20220313 013252.456 INFO             PET1 PIOc_freedecomp Enter - MemInfo: [malloc] Total space in use, mmap + non-mmap:        88250624 Byte
20220313 013252.456 INFO             PET1 PIOc_freedecomp Enter - MemInfo: [malloc] Total space held (mmap + non-mmap):         88489984 Byte
20220313 013252.456 INFO             PET1 PIOc_freedecomp Enter - MemInfo: [malloc] Total space used (mmap + non-mmap):         88259984 Byte
20220313 013252.456 INFO             PET1 PIOc_freedecomp Enter - MemInfo: Wall-clock time since execution start:              0.0206324 seconds
20220313 013252.456 INFO             PET1 PIOc_freedecomp Exit - MemInfo: [/proc/meminfo - SSI]	MemTotal:       131394444 kB
20220313 013252.456 INFO             PET1 PIOc_freedecomp Exit - MemInfo: [/proc/meminfo - SSI]	MemFree:        119106640 kB
20220313 013252.456 INFO             PET1 PIOc_freedecomp Exit - MemInfo: [/proc/meminfo - SSI]	MemAvailable:   118713824 kB
20220313 013252.456 INFO             PET1 PIOc_freedecomp Exit - MemInfo: [/proc/meminfo - SSI]	Committed_AS:    3875132 kB
20220313 013252.456 INFO             PET1 PIOc_freedecomp Exit - MemInfo: [/proc/meminfo - SSI]	CommittedPercent: 2.94924 %
20220313 013252.456 INFO             PET1 PIOc_freedecomp Exit - MemInfo: [/proc/self/status]	VmPeak:	 3798612 kB
20220313 013252.456 INFO             PET1 PIOc_freedecomp Exit - MemInfo: [/proc/self/status]	VmSize:	 3796120 kB
20220313 013252.456 INFO             PET1 PIOc_freedecomp Exit - MemInfo: [/proc/self/status]	VmLck:	       0 kB
20220313 013252.456 INFO             PET1 PIOc_freedecomp Exit - MemInfo: [/proc/self/status]	VmPin:	   82140 kB
20220313 013252.456 INFO             PET1 PIOc_freedecomp Exit - MemInfo: [/proc/self/status]	VmHWM:	  143944 kB
20220313 013252.456 INFO             PET1 PIOc_freedecomp Exit - MemInfo: [/proc/self/status]	VmRSS:	  143944 kB
20220313 013252.456 INFO             PET1 PIOc_freedecomp Exit - MemInfo: [/proc/self/status]	VmData:	  266224 kB
20220313 013252.456 INFO             PET1 PIOc_freedecomp Exit - MemInfo: [/proc/self/status]	VmStk:	     512 kB
20220313 013252.456 INFO             PET1 PIOc_freedecomp Exit - MemInfo: [/proc/self/status]	VmExe:	    1940 kB
20220313 013252.456 INFO             PET1 PIOc_freedecomp Exit - MemInfo: [/proc/self/status]	VmLib:	  104128 kB
20220313 013252.456 INFO             PET1 PIOc_freedecomp Exit - MemInfo: [/proc/self/status]	VmPTE:	     688 kB
20220313 013252.456 INFO             PET1 PIOc_freedecomp Exit - MemInfo: [/proc/self/status]	VmPMD:	      28 kB
20220313 013252.456 INFO             PET1 PIOc_freedecomp Exit - MemInfo: [/proc/self/status]	VmSwap:	       0 kB
20220313 013252.456 INFO             PET1 PIOc_freedecomp Exit - MemInfo: [/proc/self/status]	VmRSSPercent: 0.109551 %
20220313 013252.456 INFO             PET1 PIOc_freedecomp Exit - MemInfo: [malloc] Non-mmapped space allocated:                 2490368 Byte
20220313 013252.456 INFO             PET1 PIOc_freedecomp Exit - MemInfo: [malloc] Space allocated in mmapped regions:         85999616 Byte
20220313 013252.457 INFO             PET1 PIOc_freedecomp Exit - MemInfo: [malloc] Maximum total allocated space:                     0 Byte
20220313 013252.457 INFO             PET1 PIOc_freedecomp Exit - MemInfo: [malloc] Space in freed fastbin blocks:                   320 Byte
20220313 013252.457 INFO             PET1 PIOc_freedecomp Exit - MemInfo: [malloc] Total allocated space:                       2249648 Byte
20220313 013252.457 INFO             PET1 PIOc_freedecomp Exit - MemInfo: [malloc] Total free space:                             240720 Byte
20220313 013252.457 INFO             PET1 PIOc_freedecomp Exit - MemInfo: [malloc] Top-most, releasable space:                   104832 Byte
20220313 013252.457 INFO             PET1 PIOc_freedecomp Exit - MemInfo: [malloc] Total space in use, mmap + non-mmap:        88249264 Byte
20220313 013252.457 INFO             PET1 PIOc_freedecomp Exit - MemInfo: [malloc] Total space held (mmap + non-mmap):         88489984 Byte
20220313 013252.457 INFO             PET1 PIOc_freedecomp Exit - MemInfo: [malloc] Total space used (mmap + non-mmap):         88258624 Byte
20220313 013252.457 INFO             PET1 PIOc_freedecomp Exit - MemInfo: Wall-clock time since execution start:              0.0209589 seconds
20220313 013252.457 INFO             PET1 PIOc_sync Enter - MemInfo: [/proc/meminfo - SSI]	MemTotal:       131394444 kB
20220313 013252.457 INFO             PET1 PIOc_sync Enter - MemInfo: [/proc/meminfo - SSI]	MemFree:        119106172 kB
20220313 013252.457 INFO             PET1 PIOc_sync Enter - MemInfo: [/proc/meminfo - SSI]	MemAvailable:   118713356 kB
20220313 013252.457 INFO             PET1 PIOc_sync Enter - MemInfo: [/proc/meminfo - SSI]	Committed_AS:    3875132 kB
20220313 013252.457 INFO             PET1 PIOc_sync Enter - MemInfo: [/proc/meminfo - SSI]	CommittedPercent: 2.94924 %
20220313 013252.458 INFO             PET1 PIOc_sync Enter - MemInfo: [/proc/self/status]	VmPeak:	 3798612 kB
20220313 013252.458 INFO             PET1 PIOc_sync Enter - MemInfo: [/proc/self/status]	VmSize:	 3796120 kB
20220313 013252.458 INFO             PET1 PIOc_sync Enter - MemInfo: [/proc/self/status]	VmLck:	       0 kB
20220313 013252.458 INFO             PET1 PIOc_sync Enter - MemInfo: [/proc/self/status]	VmPin:	   82140 kB
20220313 013252.458 INFO             PET1 PIOc_sync Enter - MemInfo: [/proc/self/status]	VmHWM:	  144044 kB
20220313 013252.458 INFO             PET1 PIOc_sync Enter - MemInfo: [/proc/self/status]	VmRSS:	  144044 kB
20220313 013252.458 INFO             PET1 PIOc_sync Enter - MemInfo: [/proc/self/status]	VmData:	  266224 kB
20220313 013252.458 INFO             PET1 PIOc_sync Enter - MemInfo: [/proc/self/status]	VmStk:	     512 kB
20220313 013252.458 INFO             PET1 PIOc_sync Enter - MemInfo: [/proc/self/status]	VmExe:	    1940 kB
20220313 013252.458 INFO             PET1 PIOc_sync Enter - MemInfo: [/proc/self/status]	VmLib:	  104128 kB
20220313 013252.458 INFO             PET1 PIOc_sync Enter - MemInfo: [/proc/self/status]	VmPTE:	     688 kB
20220313 013252.458 INFO             PET1 PIOc_sync Enter - MemInfo: [/proc/self/status]	VmPMD:	      28 kB
20220313 013252.458 INFO             PET1 PIOc_sync Enter - MemInfo: [/proc/self/status]	VmSwap:	       0 kB
20220313 013252.458 INFO             PET1 PIOc_sync Enter - MemInfo: [/proc/self/status]	VmRSSPercent: 0.109627 %
20220313 013252.458 INFO             PET1 PIOc_sync Enter - MemInfo: [malloc] Non-mmapped space allocated:                 2490368 Byte
20220313 013252.458 INFO             PET1 PIOc_sync Enter - MemInfo: [malloc] Space allocated in mmapped regions:         85999616 Byte
20220313 013252.458 INFO             PET1 PIOc_sync Enter - MemInfo: [malloc] Maximum total allocated space:                     0 Byte
20220313 013252.458 INFO             PET1 PIOc_sync Enter - MemInfo: [malloc] Space in freed fastbin blocks:                   144 Byte
20220313 013252.458 INFO             PET1 PIOc_sync Enter - MemInfo: [malloc] Total allocated space:                       2253696 Byte
20220313 013252.458 INFO             PET1 PIOc_sync Enter - MemInfo: [malloc] Total free space:                             236672 Byte
20220313 013252.458 INFO             PET1 PIOc_sync Enter - MemInfo: [malloc] Top-most, releasable space:                   103136 Byte
20220313 013252.458 INFO             PET1 PIOc_sync Enter - MemInfo: [malloc] Total space in use, mmap + non-mmap:        88253312 Byte
20220313 013252.458 INFO             PET1 PIOc_sync Enter - MemInfo: [malloc] Total space held (mmap + non-mmap):         88489984 Byte
20220313 013252.458 INFO             PET1 PIOc_sync Enter - MemInfo: [malloc] Total space used (mmap + non-mmap):         88262672 Byte
20220313 013252.458 INFO             PET1 PIOc_sync Enter - MemInfo: Wall-clock time since execution start:              0.0221194 seconds
20220313 013252.458 INFO             PET1 PIOc_sync Exit - MemInfo: [/proc/meminfo - SSI]	MemTotal:       131394444 kB
20220313 013252.458 INFO             PET1 PIOc_sync Exit - MemInfo: [/proc/meminfo - SSI]	MemFree:        119106172 kB
20220313 013252.458 INFO             PET1 PIOc_sync Exit - MemInfo: [/proc/meminfo - SSI]	MemAvailable:   118713356 kB
20220313 013252.458 INFO             PET1 PIOc_sync Exit - MemInfo: [/proc/meminfo - SSI]	Committed_AS:    3875132 kB
20220313 013252.458 INFO             PET1 PIOc_sync Exit - MemInfo: [/proc/meminfo - SSI]	CommittedPercent: 2.94924 %
20220313 013252.458 INFO             PET1 PIOc_sync Exit - MemInfo: [/proc/self/status]	VmPeak:	 3798612 kB
20220313 013252.458 INFO             PET1 PIOc_sync Exit - MemInfo: [/proc/self/status]	VmSize:	 3796120 kB
20220313 013252.458 INFO             PET1 PIOc_sync Exit - MemInfo: [/proc/self/status]	VmLck:	       0 kB
20220313 013252.458 INFO             PET1 PIOc_sync Exit - MemInfo: [/proc/self/status]	VmPin:	   82140 kB
20220313 013252.458 INFO             PET1 PIOc_sync Exit - MemInfo: [/proc/self/status]	VmHWM:	  144044 kB
20220313 013252.458 INFO             PET1 PIOc_sync Exit - MemInfo: [/proc/self/status]	VmRSS:	  144044 kB
20220313 013252.458 INFO             PET1 PIOc_sync Exit - MemInfo: [/proc/self/status]	VmData:	  266224 kB
20220313 013252.458 INFO             PET1 PIOc_sync Exit - MemInfo: [/proc/self/status]	VmStk:	     512 kB
20220313 013252.458 INFO             PET1 PIOc_sync Exit - MemInfo: [/proc/self/status]	VmExe:	    1940 kB
20220313 013252.458 INFO             PET1 PIOc_sync Exit - MemInfo: [/proc/self/status]	VmLib:	  104128 kB
20220313 013252.458 INFO             PET1 PIOc_sync Exit - MemInfo: [/proc/self/status]	VmPTE:	     688 kB
20220313 013252.458 INFO             PET1 PIOc_sync Exit - MemInfo: [/proc/self/status]	VmPMD:	      28 kB
20220313 013252.458 INFO             PET1 PIOc_sync Exit - MemInfo: [/proc/self/status]	VmSwap:	       0 kB
20220313 013252.458 INFO             PET1 PIOc_sync Exit - MemInfo: [/proc/self/status]	VmRSSPercent: 0.109627 %
20220313 013252.458 INFO             PET1 PIOc_sync Exit - MemInfo: [malloc] Non-mmapped space allocated:                 2490368 Byte
20220313 013252.458 INFO             PET1 PIOc_sync Exit - MemInfo: [malloc] Space allocated in mmapped regions:         85999616 Byte
20220313 013252.458 INFO             PET1 PIOc_sync Exit - MemInfo: [malloc] Maximum total allocated space:                     0 Byte
20220313 013252.458 INFO             PET1 PIOc_sync Exit - MemInfo: [malloc] Space in freed fastbin blocks:                   144 Byte
20220313 013252.458 INFO             PET1 PIOc_sync Exit - MemInfo: [malloc] Total allocated space:                       2252912 Byte
20220313 013252.458 INFO             PET1 PIOc_sync Exit - MemInfo: [malloc] Total free space:                             237456 Byte
20220313 013252.458 INFO             PET1 PIOc_sync Exit - MemInfo: [malloc] Top-most, releasable space:                   103792 Byte
20220313 013252.458 INFO             PET1 PIOc_sync Exit - MemInfo: [malloc] Total space in use, mmap + non-mmap:        88252528 Byte
20220313 013252.458 INFO             PET1 PIOc_sync Exit - MemInfo: [malloc] Total space held (mmap + non-mmap):         88489984 Byte
20220313 013252.458 INFO             PET1 PIOc_sync Exit - MemInfo: [malloc] Total space used (mmap + non-mmap):         88261888 Byte
20220313 013252.458 INFO             PET1 PIOc_sync Exit - MemInfo: Wall-clock time since execution start:              0.0225562 seconds
20220313 013252.458 INFO             PET1 PIOc_freedecomp Enter - MemInfo: [/proc/meminfo - SSI]	MemTotal:       131394444 kB
20220313 013252.458 INFO             PET1 PIOc_freedecomp Enter - MemInfo: [/proc/meminfo - SSI]	MemFree:        119106172 kB
20220313 013252.458 INFO             PET1 PIOc_freedecomp Enter - MemInfo: [/proc/meminfo - SSI]	MemAvailable:   118713356 kB
20220313 013252.458 INFO             PET1 PIOc_freedecomp Enter - MemInfo: [/proc/meminfo - SSI]	Committed_AS:    3875132 kB
20220313 013252.458 INFO             PET1 PIOc_freedecomp Enter - MemInfo: [/proc/meminfo - SSI]	CommittedPercent: 2.94924 %
20220313 013252.458 INFO             PET1 PIOc_freedecomp Enter - MemInfo: [/proc/self/status]	VmPeak:	 3798612 kB
20220313 013252.458 INFO             PET1 PIOc_freedecomp Enter - MemInfo: [/proc/self/status]	VmSize:	 3796120 kB
20220313 013252.458 INFO             PET1 PIOc_freedecomp Enter - MemInfo: [/proc/self/status]	VmLck:	       0 kB
20220313 013252.458 INFO             PET1 PIOc_freedecomp Enter - MemInfo: [/proc/self/status]	VmPin:	   82140 kB
20220313 013252.458 INFO             PET1 PIOc_freedecomp Enter - MemInfo: [/proc/self/status]	VmHWM:	  144044 kB
20220313 013252.458 INFO             PET1 PIOc_freedecomp Enter - MemInfo: [/proc/self/status]	VmRSS:	  144044 kB
20220313 013252.458 INFO             PET1 PIOc_freedecomp Enter - MemInfo: [/proc/self/status]	VmData:	  266224 kB
20220313 013252.458 INFO             PET1 PIOc_freedecomp Enter - MemInfo: [/proc/self/status]	VmStk:	     512 kB
20220313 013252.458 INFO             PET1 PIOc_freedecomp Enter - MemInfo: [/proc/self/status]	VmExe:	    1940 kB
20220313 013252.458 INFO             PET1 PIOc_freedecomp Enter - MemInfo: [/proc/self/status]	VmLib:	  104128 kB
20220313 013252.458 INFO             PET1 PIOc_freedecomp Enter - MemInfo: [/proc/self/status]	VmPTE:	     688 kB
20220313 013252.458 INFO             PET1 PIOc_freedecomp Enter - MemInfo: [/proc/self/status]	VmPMD:	      28 kB
20220313 013252.458 INFO             PET1 PIOc_freedecomp Enter - MemInfo: [/proc/self/status]	VmSwap:	       0 kB
20220313 013252.458 INFO             PET1 PIOc_freedecomp Enter - MemInfo: [/proc/self/status]	VmRSSPercent: 0.109627 %
20220313 013252.458 INFO             PET1 PIOc_freedecomp Enter - MemInfo: [malloc] Non-mmapped space allocated:                 2490368 Byte
20220313 013252.458 INFO             PET1 PIOc_freedecomp Enter - MemInfo: [malloc] Space allocated in mmapped regions:         85999616 Byte
20220313 013252.458 INFO             PET1 PIOc_freedecomp Enter - MemInfo: [malloc] Maximum total allocated space:                     0 Byte
20220313 013252.458 INFO             PET1 PIOc_freedecomp Enter - MemInfo: [malloc] Space in freed fastbin blocks:                   240 Byte
20220313 013252.458 INFO             PET1 PIOc_freedecomp Enter - MemInfo: [malloc] Total allocated space:                       2251024 Byte
20220313 013252.458 INFO             PET1 PIOc_freedecomp Enter - MemInfo: [malloc] Total free space:                             239344 Byte
20220313 013252.458 INFO             PET1 PIOc_freedecomp Enter - MemInfo: [malloc] Top-most, releasable space:                   104096 Byte
20220313 013252.459 INFO             PET1 PIOc_freedecomp Enter - MemInfo: [malloc] Total space in use, mmap + non-mmap:        88250640 Byte
20220313 013252.459 INFO             PET1 PIOc_freedecomp Enter - MemInfo: [malloc] Total space held (mmap + non-mmap):         88489984 Byte
20220313 013252.459 INFO             PET1 PIOc_freedecomp Enter - MemInfo: [malloc] Total space used (mmap + non-mmap):         88260000 Byte
20220313 013252.459 INFO             PET1 PIOc_freedecomp Enter - MemInfo: Wall-clock time since execution start:              0.0229146 seconds
20220313 013252.459 INFO             PET1 PIOc_freedecomp Exit - MemInfo: [/proc/meminfo - SSI]	MemTotal:       131394444 kB
20220313 013252.459 INFO             PET1 PIOc_freedecomp Exit - MemInfo: [/proc/meminfo - SSI]	MemFree:        119106172 kB
20220313 013252.459 INFO             PET1 PIOc_freedecomp Exit - MemInfo: [/proc/meminfo - SSI]	MemAvailable:   118713356 kB
20220313 013252.459 INFO             PET1 PIOc_freedecomp Exit - MemInfo: [/proc/meminfo - SSI]	Committed_AS:    3875132 kB
20220313 013252.459 INFO             PET1 PIOc_freedecomp Exit - MemInfo: [/proc/meminfo - SSI]	CommittedPercent: 2.94924 %
20220313 013252.459 INFO             PET1 PIOc_freedecomp Exit - MemInfo: [/proc/self/status]	VmPeak:	 3798612 kB
20220313 013252.459 INFO             PET1 PIOc_freedecomp Exit - MemInfo: [/proc/self/status]	VmSize:	 3796120 kB
20220313 013252.459 INFO             PET1 PIOc_freedecomp Exit - MemInfo: [/proc/self/status]	VmLck:	       0 kB
20220313 013252.459 INFO             PET1 PIOc_freedecomp Exit - MemInfo: [/proc/self/status]	VmPin:	   82140 kB
20220313 013252.459 INFO             PET1 PIOc_freedecomp Exit - MemInfo: [/proc/self/status]	VmHWM:	  144044 kB
20220313 013252.459 INFO             PET1 PIOc_freedecomp Exit - MemInfo: [/proc/self/status]	VmRSS:	  144044 kB
20220313 013252.459 INFO             PET1 PIOc_freedecomp Exit - MemInfo: [/proc/self/status]	VmData:	  266224 kB
20220313 013252.459 INFO             PET1 PIOc_freedecomp Exit - MemInfo: [/proc/self/status]	VmStk:	     512 kB
20220313 013252.459 INFO             PET1 PIOc_freedecomp Exit - MemInfo: [/proc/self/status]	VmExe:	    1940 kB
20220313 013252.459 INFO             PET1 PIOc_freedecomp Exit - MemInfo: [/proc/self/status]	VmLib:	  104128 kB
20220313 013252.459 INFO             PET1 PIOc_freedecomp Exit - MemInfo: [/proc/self/status]	VmPTE:	     688 kB
20220313 013252.459 INFO             PET1 PIOc_freedecomp Exit - MemInfo: [/proc/self/status]	VmPMD:	      28 kB
20220313 013252.459 INFO             PET1 PIOc_freedecomp Exit - MemInfo: [/proc/self/status]	VmSwap:	       0 kB
20220313 013252.459 INFO             PET1 PIOc_freedecomp Exit - MemInfo: [/proc/self/status]	VmRSSPercent: 0.109627 %
20220313 013252.459 INFO             PET1 PIOc_freedecomp Exit - MemInfo: [malloc] Non-mmapped space allocated:                 2490368 Byte
20220313 013252.459 INFO             PET1 PIOc_freedecomp Exit - MemInfo: [malloc] Space allocated in mmapped regions:         85999616 Byte
20220313 013252.459 INFO             PET1 PIOc_freedecomp Exit - MemInfo: [malloc] Maximum total allocated space:                     0 Byte
20220313 013252.459 INFO             PET1 PIOc_freedecomp Exit - MemInfo: [malloc] Space in freed fastbin blocks:                   352 Byte
20220313 013252.459 INFO             PET1 PIOc_freedecomp Exit - MemInfo: [malloc] Total allocated space:                       2249648 Byte
20220313 013252.459 INFO             PET1 PIOc_freedecomp Exit - MemInfo: [malloc] Total free space:                             240720 Byte
20220313 013252.459 INFO             PET1 PIOc_freedecomp Exit - MemInfo: [malloc] Top-most, releasable space:                   104624 Byte
20220313 013252.459 INFO             PET1 PIOc_freedecomp Exit - MemInfo: [malloc] Total space in use, mmap + non-mmap:        88249264 Byte
20220313 013252.459 INFO             PET1 PIOc_freedecomp Exit - MemInfo: [malloc] Total space held (mmap + non-mmap):         88489984 Byte
20220313 013252.459 INFO             PET1 PIOc_freedecomp Exit - MemInfo: [malloc] Total space used (mmap + non-mmap):         88258624 Byte
20220313 013252.459 INFO             PET1 PIOc_freedecomp Exit - MemInfo: Wall-clock time since execution start:              0.0232359 seconds
20220313 013252.459 INFO             PET1  PASS  ESMF_OutputWeightFile, ESMF_IOUTest.F90, line 81
20220313 013252.463 INFO             PET1  PASS  call ESMF_OutputWeightFile with empty factor list on four PETs, ESMF_IOUTest.F90, line 191
20220313 013252.463 INFO             PET1  Ending Test, file ESMF_IOUTest.F90, line 201
20220313 013252.463 INFO             PET1 Finalizing ESMF
20220313 013252.445 INFO             PET2 !!!!!!!!!!!!!!!!!!!!!!!!!!!!!!!!!!!!!!!!!!!!!!!!!!!!!!
20220313 013252.445 INFO             PET2 !!! THE ESMF_LOG IS SET TO OUTPUT ALL LOG MESSAGES !!!
20220313 013252.445 INFO             PET2 !!!     THIS MAY CAUSE SLOWDOWN IN PERFORMANCE     !!!
20220313 013252.445 INFO             PET2 !!! FOR PRODUCTION RUNS, USE:                      !!!
20220313 013252.445 INFO             PET2 !!!                   ESMF_LOGKIND_Multi_On_Error  !!!
20220313 013252.445 INFO             PET2 !!!!!!!!!!!!!!!!!!!!!!!!!!!!!!!!!!!!!!!!!!!!!!!!!!!!!!
20220313 013252.445 INFO             PET2 Running with ESMF Version   : v8.3.0b09-96-g559b459836
20220313 013252.445 INFO             PET2 ESMF library build date/time: "Mar 13 2022" "01:12:50"
20220313 013252.445 INFO             PET2 ESMF library build location : /gpfsm/dnb04/projects/p98/mpotts/esmf/intel_2020_intelmpi_O_jedwards_pio_update2
20220313 013252.445 INFO             PET2 ESMF_COMM                   : intelmpi
20220313 013252.446 INFO             PET2 ESMF_MOAB                   : enabled
20220313 013252.446 INFO             PET2 ESMF_LAPACK                 : enabled
20220313 013252.446 INFO             PET2 ESMF_NETCDF                 : enabled
20220313 013252.446 INFO             PET2 ESMF_PNETCDF                : disabled
20220313 013252.446 INFO             PET2 ESMF_PIO                    : enabled
20220313 013252.446 INFO             PET2 ESMF_YAMLCPP                : enabled
20220313 013252.446 INFO             PET2  Beginning Test, file ESMF_IOUTest.F90, line 57
20220313 013252.446 INFO             PET2  NUMBER_OF_PROCESSORS           4
20220313 013252.446 INFO             PET2 Starting Test:  ESMF_OutputWeightFile
20220313 013252.451 INFO             PET2 PIOc_sync Enter - MemInfo: [/proc/meminfo - SSI]	MemTotal:       131394444 kB
20220313 013252.451 INFO             PET2 PIOc_sync Enter - MemInfo: [/proc/meminfo - SSI]	MemFree:        119107848 kB
20220313 013252.451 INFO             PET2 PIOc_sync Enter - MemInfo: [/proc/meminfo - SSI]	MemAvailable:   118715032 kB
20220313 013252.451 INFO             PET2 PIOc_sync Enter - MemInfo: [/proc/meminfo - SSI]	Committed_AS:    3875132 kB
20220313 013252.451 INFO             PET2 PIOc_sync Enter - MemInfo: [/proc/meminfo - SSI]	CommittedPercent: 2.94924 %
20220313 013252.451 INFO             PET2 PIOc_sync Enter - MemInfo: [/proc/self/status]	VmPeak:	 3800392 kB
20220313 013252.451 INFO             PET2 PIOc_sync Enter - MemInfo: [/proc/self/status]	VmSize:	 3763344 kB
20220313 013252.451 INFO             PET2 PIOc_sync Enter - MemInfo: [/proc/self/status]	VmLck:	       0 kB
20220313 013252.451 INFO             PET2 PIOc_sync Enter - MemInfo: [/proc/self/status]	VmPin:	   71900 kB
20220313 013252.451 INFO             PET2 PIOc_sync Enter - MemInfo: [/proc/self/status]	VmHWM:	  137740 kB
20220313 013252.451 INFO             PET2 PIOc_sync Enter - MemInfo: [/proc/self/status]	VmRSS:	  137740 kB
20220313 013252.451 INFO             PET2 PIOc_sync Enter - MemInfo: [/proc/self/status]	VmData:	  233448 kB
20220313 013252.451 INFO             PET2 PIOc_sync Enter - MemInfo: [/proc/self/status]	VmStk:	     512 kB
20220313 013252.451 INFO             PET2 PIOc_sync Enter - MemInfo: [/proc/self/status]	VmExe:	    1940 kB
20220313 013252.451 INFO             PET2 PIOc_sync Enter - MemInfo: [/proc/self/status]	VmLib:	  104128 kB
20220313 013252.451 INFO             PET2 PIOc_sync Enter - MemInfo: [/proc/self/status]	VmPTE:	     684 kB
20220313 013252.451 INFO             PET2 PIOc_sync Enter - MemInfo: [/proc/self/status]	VmPMD:	      32 kB
20220313 013252.451 INFO             PET2 PIOc_sync Enter - MemInfo: [/proc/self/status]	VmSwap:	       0 kB
20220313 013252.451 INFO             PET2 PIOc_sync Enter - MemInfo: [/proc/self/status]	VmRSSPercent: 0.104829 %
20220313 013252.451 INFO             PET2 PIOc_sync Enter - MemInfo: [malloc] Non-mmapped space allocated:                25559040 Byte
20220313 013252.451 INFO             PET2 PIOc_sync Enter - MemInfo: [malloc] Space allocated in mmapped regions:         50339840 Byte
20220313 013252.451 INFO             PET2 PIOc_sync Enter - MemInfo: [malloc] Maximum total allocated space:                     0 Byte
20220313 013252.451 INFO             PET2 PIOc_sync Enter - MemInfo: [malloc] Space in freed fastbin blocks:                   672 Byte
20220313 013252.451 INFO             PET2 PIOc_sync Enter - MemInfo: [malloc] Total allocated space:                      23224800 Byte
20220313 013252.451 INFO             PET2 PIOc_sync Enter - MemInfo: [malloc] Total free space:                            2334240 Byte
20220313 013252.451 INFO             PET2 PIOc_sync Enter - MemInfo: [malloc] Top-most, releasable space:                   103584 Byte
20220313 013252.451 INFO             PET2 PIOc_sync Enter - MemInfo: [malloc] Total space in use, mmap + non-mmap:        73564640 Byte
20220313 013252.451 INFO             PET2 PIOc_sync Enter - MemInfo: [malloc] Total space held (mmap + non-mmap):         75898880 Byte
20220313 013252.451 INFO             PET2 PIOc_sync Enter - MemInfo: [malloc] Total space used (mmap + non-mmap):         73574000 Byte
20220313 013252.451 INFO             PET2 PIOc_sync Enter - MemInfo: Wall-clock time since execution start:               0.015015 seconds
20220313 013252.453 INFO             PET2 PIOc_sync Exit - MemInfo: [/proc/meminfo - SSI]	MemTotal:       131394444 kB
20220313 013252.453 INFO             PET2 PIOc_sync Exit - MemInfo: [/proc/meminfo - SSI]	MemFree:        119105428 kB
20220313 013252.453 INFO             PET2 PIOc_sync Exit - MemInfo: [/proc/meminfo - SSI]	MemAvailable:   118712612 kB
20220313 013252.453 INFO             PET2 PIOc_sync Exit - MemInfo: [/proc/meminfo - SSI]	Committed_AS:    3875132 kB
20220313 013252.453 INFO             PET2 PIOc_sync Exit - MemInfo: [/proc/meminfo - SSI]	CommittedPercent: 2.94924 %
20220313 013252.453 INFO             PET2 PIOc_sync Exit - MemInfo: [/proc/self/status]	VmPeak:	 3800392 kB
20220313 013252.453 INFO             PET2 PIOc_sync Exit - MemInfo: [/proc/self/status]	VmSize:	 3763344 kB
20220313 013252.453 INFO             PET2 PIOc_sync Exit - MemInfo: [/proc/self/status]	VmLck:	       0 kB
20220313 013252.453 INFO             PET2 PIOc_sync Exit - MemInfo: [/proc/self/status]	VmPin:	   71900 kB
20220313 013252.453 INFO             PET2 PIOc_sync Exit - MemInfo: [/proc/self/status]	VmHWM:	  137888 kB
20220313 013252.453 INFO             PET2 PIOc_sync Exit - MemInfo: [/proc/self/status]	VmRSS:	  137888 kB
20220313 013252.453 INFO             PET2 PIOc_sync Exit - MemInfo: [/proc/self/status]	VmData:	  233448 kB
20220313 013252.453 INFO             PET2 PIOc_sync Exit - MemInfo: [/proc/self/status]	VmStk:	     512 kB
20220313 013252.453 INFO             PET2 PIOc_sync Exit - MemInfo: [/proc/self/status]	VmExe:	    1940 kB
20220313 013252.453 INFO             PET2 PIOc_sync Exit - MemInfo: [/proc/self/status]	VmLib:	  104128 kB
