build time -- 2022-03-12 01:15:23.324414
20220312 013616.610 INFO             PET0 !!!!!!!!!!!!!!!!!!!!!!!!!!!!!!!!!!!!!!!!!!!!!!!!!!!!!!
20220312 013616.610 INFO             PET0 !!! THE ESMF_LOG IS SET TO OUTPUT ALL LOG MESSAGES !!!
20220312 013616.610 INFO             PET0 !!!     THIS MAY CAUSE SLOWDOWN IN PERFORMANCE     !!!
20220312 013616.610 INFO             PET0 !!! FOR PRODUCTION RUNS, USE:                      !!!
20220312 013616.610 INFO             PET0 !!!                   ESMF_LOGKIND_Multi_On_Error  !!!
20220312 013616.610 INFO             PET0 !!!!!!!!!!!!!!!!!!!!!!!!!!!!!!!!!!!!!!!!!!!!!!!!!!!!!!
20220312 013616.610 INFO             PET0 Running with ESMF Version   : v8.3.0b09-96-g559b459836
20220312 013616.610 INFO             PET0 ESMF library build date/time: "Mar 12 2022" "01:13:12"
20220312 013616.610 INFO             PET0 ESMF library build location : /gpfsm/dnb04/projects/p98/mpotts/esmf/intel_2020_intelmpi_O_jedwards_pio_update2
20220312 013616.610 INFO             PET0 ESMF_COMM                   : intelmpi
20220312 013616.611 INFO             PET0 ESMF_MOAB                   : enabled
20220312 013616.611 INFO             PET0 ESMF_LAPACK                 : enabled
20220312 013616.611 INFO             PET0 ESMF_NETCDF                 : enabled
20220312 013616.611 INFO             PET0 ESMF_PNETCDF                : disabled
20220312 013616.611 INFO             PET0 ESMF_PIO                    : enabled
20220312 013616.611 INFO             PET0 ESMF_YAMLCPP                : enabled
20220312 013616.611 INFO             PET0  Beginning Test, file ESMF_FieldSMMFromFileUTest.F90, line 287
20220312 013616.611 INFO             PET0  NUMBER_OF_PROCESSORS           4
20220312 013616.720 INFO             PET0  PASS  ESMF_FieldSMMFromFile Unit Test, ESMF_FieldSMMFromFileUTest.F90, line 300
20220312 013616.725 INFO             PET0 PIOc_sync Enter - MemInfo: [/proc/meminfo - SSI]	MemTotal:       131394444 kB
20220312 013616.725 INFO             PET0 PIOc_sync Enter - MemInfo: [/proc/meminfo - SSI]	MemFree:        118748556 kB
20220312 013616.725 INFO             PET0 PIOc_sync Enter - MemInfo: [/proc/meminfo - SSI]	MemAvailable:   118412640 kB
20220312 013616.725 INFO             PET0 PIOc_sync Enter - MemInfo: [/proc/meminfo - SSI]	Committed_AS:    3880564 kB
20220312 013616.725 INFO             PET0 PIOc_sync Enter - MemInfo: [/proc/meminfo - SSI]	CommittedPercent: 2.95337 %
20220312 013616.725 INFO             PET0 PIOc_sync Enter - MemInfo: [/proc/self/status]	VmPeak:	 3802756 kB
20220312 013616.725 INFO             PET0 PIOc_sync Enter - MemInfo: [/proc/self/status]	VmSize:	 3801736 kB
20220312 013616.725 INFO             PET0 PIOc_sync Enter - MemInfo: [/proc/self/status]	VmLck:	       0 kB
20220312 013616.725 INFO             PET0 PIOc_sync Enter - MemInfo: [/proc/self/status]	VmPin:	   71900 kB
20220312 013616.725 INFO             PET0 PIOc_sync Enter - MemInfo: [/proc/self/status]	VmHWM:	  157736 kB
20220312 013616.725 INFO             PET0 PIOc_sync Enter - MemInfo: [/proc/self/status]	VmRSS:	  157736 kB
20220312 013616.725 INFO             PET0 PIOc_sync Enter - MemInfo: [/proc/self/status]	VmData:	  271828 kB
20220312 013616.725 INFO             PET0 PIOc_sync Enter - MemInfo: [/proc/self/status]	VmStk:	     512 kB
20220312 013616.725 INFO             PET0 PIOc_sync Enter - MemInfo: [/proc/self/status]	VmExe:	    1952 kB
20220312 013616.725 INFO             PET0 PIOc_sync Enter - MemInfo: [/proc/self/status]	VmLib:	  104128 kB
20220312 013616.725 INFO             PET0 PIOc_sync Enter - MemInfo: [/proc/self/status]	VmPTE:	     716 kB
20220312 013616.725 INFO             PET0 PIOc_sync Enter - MemInfo: [/proc/self/status]	VmPMD:	      32 kB
20220312 013616.725 INFO             PET0 PIOc_sync Enter - MemInfo: [/proc/self/status]	VmSwap:	       0 kB
20220312 013616.725 INFO             PET0 PIOc_sync Enter - MemInfo: [/proc/self/status]	VmRSSPercent: 0.120048 %
20220312 013616.725 INFO             PET0 PIOc_sync Enter - MemInfo: [malloc] Non-mmapped space allocated:                16621568 Byte
20220312 013616.725 INFO             PET0 PIOc_sync Enter - MemInfo: [malloc] Space allocated in mmapped regions:         73412608 Byte
20220312 013616.725 INFO             PET0 PIOc_sync Enter - MemInfo: [malloc] Maximum total allocated space:                     0 Byte
20220312 013616.725 INFO             PET0 PIOc_sync Enter - MemInfo: [malloc] Space in freed fastbin blocks:                   400 Byte
20220312 013616.725 INFO             PET0 PIOc_sync Enter - MemInfo: [malloc] Total allocated space:                      12261344 Byte
20220312 013616.725 INFO             PET0 PIOc_sync Enter - MemInfo: [malloc] Total free space:                            4360224 Byte
20220312 013616.725 INFO             PET0 PIOc_sync Enter - MemInfo: [malloc] Top-most, releasable space:                  2231536 Byte
20220312 013616.725 INFO             PET0 PIOc_sync Enter - MemInfo: [malloc] Total space in use, mmap + non-mmap:        85673952 Byte
20220312 013616.725 INFO             PET0 PIOc_sync Enter - MemInfo: [malloc] Total space held (mmap + non-mmap):         90034176 Byte
20220312 013616.725 INFO             PET0 PIOc_sync Enter - MemInfo: [malloc] Total space used (mmap + non-mmap):         85683312 Byte
20220312 013616.725 INFO             PET0 PIOc_sync Enter - MemInfo: Wall-clock time since execution start:               0.127173 seconds
20220312 013616.726 INFO             PET0 PIOc_sync Exit - MemInfo: [/proc/meminfo - SSI]	MemTotal:       131394444 kB
20220312 013616.726 INFO             PET0 PIOc_sync Exit - MemInfo: [/proc/meminfo - SSI]	MemFree:        118748556 kB
20220312 013616.726 INFO             PET0 PIOc_sync Exit - MemInfo: [/proc/meminfo - SSI]	MemAvailable:   118412640 kB
20220312 013616.726 INFO             PET0 PIOc_sync Exit - MemInfo: [/proc/meminfo - SSI]	Committed_AS:    3880564 kB
20220312 013616.726 INFO             PET0 PIOc_sync Exit - MemInfo: [/proc/meminfo - SSI]	CommittedPercent: 2.95337 %
20220312 013616.726 INFO             PET0 PIOc_sync Exit - MemInfo: [/proc/self/status]	VmPeak:	 3802756 kB
20220312 013616.726 INFO             PET0 PIOc_sync Exit - MemInfo: [/proc/self/status]	VmSize:	 3801736 kB
20220312 013616.726 INFO             PET0 PIOc_sync Exit - MemInfo: [/proc/self/status]	VmLck:	       0 kB
20220312 013616.726 INFO             PET0 PIOc_sync Exit - MemInfo: [/proc/self/status]	VmPin:	   71900 kB
20220312 013616.726 INFO             PET0 PIOc_sync Exit - MemInfo: [/proc/self/status]	VmHWM:	  157816 kB
20220312 013616.726 INFO             PET0 PIOc_sync Exit - MemInfo: [/proc/self/status]	VmRSS:	  157816 kB
20220312 013616.726 INFO             PET0 PIOc_sync Exit - MemInfo: [/proc/self/status]	VmData:	  271828 kB
20220312 013616.726 INFO             PET0 PIOc_sync Exit - MemInfo: [/proc/self/status]	VmStk:	     512 kB
20220312 013616.726 INFO             PET0 PIOc_sync Exit - MemInfo: [/proc/self/status]	VmExe:	    1952 kB
20220312 013616.726 INFO             PET0 PIOc_sync Exit - MemInfo: [/proc/self/status]	VmLib:	  104128 kB
20220312 013616.726 INFO             PET0 PIOc_sync Exit - MemInfo: [/proc/self/status]	VmPTE:	     716 kB
20220312 013616.726 INFO             PET0 PIOc_sync Exit - MemInfo: [/proc/self/status]	VmPMD:	      32 kB
20220312 013616.726 INFO             PET0 PIOc_sync Exit - MemInfo: [/proc/self/status]	VmSwap:	       0 kB
20220312 013616.726 INFO             PET0 PIOc_sync Exit - MemInfo: [/proc/self/status]	VmRSSPercent: 0.120109 %
20220312 013616.726 INFO             PET0 PIOc_sync Exit - MemInfo: [malloc] Non-mmapped space allocated:                16621568 Byte
20220312 013616.726 INFO             PET0 PIOc_sync Exit - MemInfo: [malloc] Space allocated in mmapped regions:         73412608 Byte
20220312 013616.726 INFO             PET0 PIOc_sync Exit - MemInfo: [malloc] Maximum total allocated space:                     0 Byte
20220312 013616.726 INFO             PET0 PIOc_sync Exit - MemInfo: [malloc] Space in freed fastbin blocks:                   384 Byte
20220312 013616.726 INFO             PET0 PIOc_sync Exit - MemInfo: [malloc] Total allocated space:                      12260128 Byte
20220312 013616.726 INFO             PET0 PIOc_sync Exit - MemInfo: [malloc] Total free space:                            4361440 Byte
20220312 013616.726 INFO             PET0 PIOc_sync Exit - MemInfo: [malloc] Top-most, releasable space:                  2231536 Byte
20220312 013616.726 INFO             PET0 PIOc_sync Exit - MemInfo: [malloc] Total space in use, mmap + non-mmap:        85672736 Byte
20220312 013616.726 INFO             PET0 PIOc_sync Exit - MemInfo: [malloc] Total space held (mmap + non-mmap):         90034176 Byte
20220312 013616.726 INFO             PET0 PIOc_sync Exit - MemInfo: [malloc] Total space used (mmap + non-mmap):         85682096 Byte
20220312 013616.726 INFO             PET0 PIOc_sync Exit - MemInfo: Wall-clock time since execution start:               0.127991 seconds
20220312 013616.726 INFO             PET0 PIOc_freedecomp Enter - MemInfo: [/proc/meminfo - SSI]	MemTotal:       131394444 kB
20220312 013616.726 INFO             PET0 PIOc_freedecomp Enter - MemInfo: [/proc/meminfo - SSI]	MemFree:        118748556 kB
20220312 013616.726 INFO             PET0 PIOc_freedecomp Enter - MemInfo: [/proc/meminfo - SSI]	MemAvailable:   118412640 kB
20220312 013616.726 INFO             PET0 PIOc_freedecomp Enter - MemInfo: [/proc/meminfo - SSI]	Committed_AS:    3880564 kB
20220312 013616.726 INFO             PET0 PIOc_freedecomp Enter - MemInfo: [/proc/meminfo - SSI]	CommittedPercent: 2.95337 %
20220312 013616.726 INFO             PET0 PIOc_freedecomp Enter - MemInfo: [/proc/self/status]	VmPeak:	 3802756 kB
20220312 013616.726 INFO             PET0 PIOc_freedecomp Enter - MemInfo: [/proc/self/status]	VmSize:	 3801736 kB
20220312 013616.726 INFO             PET0 PIOc_freedecomp Enter - MemInfo: [/proc/self/status]	VmLck:	       0 kB
20220312 013616.726 INFO             PET0 PIOc_freedecomp Enter - MemInfo: [/proc/self/status]	VmPin:	   71900 kB
20220312 013616.726 INFO             PET0 PIOc_freedecomp Enter - MemInfo: [/proc/self/status]	VmHWM:	  157820 kB
20220312 013616.726 INFO             PET0 PIOc_freedecomp Enter - MemInfo: [/proc/self/status]	VmRSS:	  157820 kB
20220312 013616.726 INFO             PET0 PIOc_freedecomp Enter - MemInfo: [/proc/self/status]	VmData:	  271828 kB
20220312 013616.726 INFO             PET0 PIOc_freedecomp Enter - MemInfo: [/proc/self/status]	VmStk:	     512 kB
20220312 013616.726 INFO             PET0 PIOc_freedecomp Enter - MemInfo: [/proc/self/status]	VmExe:	    1952 kB
20220312 013616.726 INFO             PET0 PIOc_freedecomp Enter - MemInfo: [/proc/self/status]	VmLib:	  104128 kB
20220312 013616.726 INFO             PET0 PIOc_freedecomp Enter - MemInfo: [/proc/self/status]	VmPTE:	     716 kB
20220312 013616.726 INFO             PET0 PIOc_freedecomp Enter - MemInfo: [/proc/self/status]	VmPMD:	      32 kB
20220312 013616.726 INFO             PET0 PIOc_freedecomp Enter - MemInfo: [/proc/self/status]	VmSwap:	       0 kB
20220312 013616.726 INFO             PET0 PIOc_freedecomp Enter - MemInfo: [/proc/self/status]	VmRSSPercent: 0.120112 %
20220312 013616.726 INFO             PET0 PIOc_freedecomp Enter - MemInfo: [malloc] Non-mmapped space allocated:                16621568 Byte
20220312 013616.726 INFO             PET0 PIOc_freedecomp Enter - MemInfo: [malloc] Space allocated in mmapped regions:         73412608 Byte
20220312 013616.726 INFO             PET0 PIOc_freedecomp Enter - MemInfo: [malloc] Maximum total allocated space:                     0 Byte
20220312 013616.726 INFO             PET0 PIOc_freedecomp Enter - MemInfo: [malloc] Space in freed fastbin blocks:                  1056 Byte
20220312 013616.726 INFO             PET0 PIOc_freedecomp Enter - MemInfo: [malloc] Total allocated space:                      10149872 Byte
20220312 013616.726 INFO             PET0 PIOc_freedecomp Enter - MemInfo: [malloc] Total free space:                            6471696 Byte
20220312 013616.726 INFO             PET0 PIOc_freedecomp Enter - MemInfo: [malloc] Top-most, releasable space:                  2231536 Byte
20220312 013616.726 INFO             PET0 PIOc_freedecomp Enter - MemInfo: [malloc] Total space in use, mmap + non-mmap:        83562480 Byte
20220312 013616.726 INFO             PET0 PIOc_freedecomp Enter - MemInfo: [malloc] Total space held (mmap + non-mmap):         90034176 Byte
20220312 013616.726 INFO             PET0 PIOc_freedecomp Enter - MemInfo: [malloc] Total space used (mmap + non-mmap):         83571840 Byte
20220312 013616.726 INFO             PET0 PIOc_freedecomp Enter - MemInfo: Wall-clock time since execution start:               0.128469 seconds
20220312 013616.726 INFO             PET0 PIOc_freedecomp Exit - MemInfo: [/proc/meminfo - SSI]	MemTotal:       131394444 kB
20220312 013616.726 INFO             PET0 PIOc_freedecomp Exit - MemInfo: [/proc/meminfo - SSI]	MemFree:        118748556 kB
20220312 013616.726 INFO             PET0 PIOc_freedecomp Exit - MemInfo: [/proc/meminfo - SSI]	MemAvailable:   118412640 kB
20220312 013616.726 INFO             PET0 PIOc_freedecomp Exit - MemInfo: [/proc/meminfo - SSI]	Committed_AS:    3880564 kB
20220312 013616.726 INFO             PET0 PIOc_freedecomp Exit - MemInfo: [/proc/meminfo - SSI]	CommittedPercent: 2.95337 %
20220312 013616.726 INFO             PET0 PIOc_freedecomp Exit - MemInfo: [/proc/self/status]	VmPeak:	 3802756 kB
20220312 013616.726 INFO             PET0 PIOc_freedecomp Exit - MemInfo: [/proc/self/status]	VmSize:	 3801736 kB
20220312 013616.726 INFO             PET0 PIOc_freedecomp Exit - MemInfo: [/proc/self/status]	VmLck:	       0 kB
20220312 013616.726 INFO             PET0 PIOc_freedecomp Exit - MemInfo: [/proc/self/status]	VmPin:	   71900 kB
20220312 013616.726 INFO             PET0 PIOc_freedecomp Exit - MemInfo: [/proc/self/status]	VmHWM:	  157820 kB
20220312 013616.726 INFO             PET0 PIOc_freedecomp Exit - MemInfo: [/proc/self/status]	VmRSS:	  157820 kB
20220312 013616.727 INFO             PET0 PIOc_freedecomp Exit - MemInfo: [/proc/self/status]	VmData:	  271828 kB
20220312 013616.727 INFO             PET0 PIOc_freedecomp Exit - MemInfo: [/proc/self/status]	VmStk:	     512 kB
20220312 013616.727 INFO             PET0 PIOc_freedecomp Exit - MemInfo: [/proc/self/status]	VmExe:	    1952 kB
20220312 013616.727 INFO             PET0 PIOc_freedecomp Exit - MemInfo: [/proc/self/status]	VmLib:	  104128 kB
20220312 013616.727 INFO             PET0 PIOc_freedecomp Exit - MemInfo: [/proc/self/status]	VmPTE:	     716 kB
20220312 013616.727 INFO             PET0 PIOc_freedecomp Exit - MemInfo: [/proc/self/status]	VmPMD:	      32 kB
20220312 013616.727 INFO             PET0 PIOc_freedecomp Exit - MemInfo: [/proc/self/status]	VmSwap:	       0 kB
20220312 013616.727 INFO             PET0 PIOc_freedecomp Exit - MemInfo: [/proc/self/status]	VmRSSPercent: 0.120112 %
20220312 013616.727 INFO             PET0 PIOc_freedecomp Exit - MemInfo: [malloc] Non-mmapped space allocated:                16621568 Byte
20220312 013616.727 INFO             PET0 PIOc_freedecomp Exit - MemInfo: [malloc] Space allocated in mmapped regions:         73412608 Byte
20220312 013616.727 INFO             PET0 PIOc_freedecomp Exit - MemInfo: [malloc] Maximum total allocated space:                     0 Byte
20220312 013616.727 INFO             PET0 PIOc_freedecomp Exit - MemInfo: [malloc] Space in freed fastbin blocks:                   736 Byte
20220312 013616.727 INFO             PET0 PIOc_freedecomp Exit - MemInfo: [malloc] Total allocated space:                      10145488 Byte
20220312 013616.727 INFO             PET0 PIOc_freedecomp Exit - MemInfo: [malloc] Total free space:                            6476080 Byte
20220312 013616.727 INFO             PET0 PIOc_freedecomp Exit - MemInfo: [malloc] Top-most, releasable space:                  2231536 Byte
20220312 013616.727 INFO             PET0 PIOc_freedecomp Exit - MemInfo: [malloc] Total space in use, mmap + non-mmap:        83558096 Byte
20220312 013616.727 INFO             PET0 PIOc_freedecomp Exit - MemInfo: [malloc] Total space held (mmap + non-mmap):         90034176 Byte
20220312 013616.727 INFO             PET0 PIOc_freedecomp Exit - MemInfo: [malloc] Total space used (mmap + non-mmap):         83567456 Byte
20220312 013616.727 INFO             PET0 PIOc_freedecomp Exit - MemInfo: Wall-clock time since execution start:               0.128829 seconds
20220312 013616.727 INFO             PET0 PIOc_sync Enter - MemInfo: [/proc/meminfo - SSI]	MemTotal:       131394444 kB
20220312 013616.727 INFO             PET0 PIOc_sync Enter - MemInfo: [/proc/meminfo - SSI]	MemFree:        118748556 kB
20220312 013616.727 INFO             PET0 PIOc_sync Enter - MemInfo: [/proc/meminfo - SSI]	MemAvailable:   118412640 kB
20220312 013616.727 INFO             PET0 PIOc_sync Enter - MemInfo: [/proc/meminfo - SSI]	Committed_AS:    3880564 kB
20220312 013616.727 INFO             PET0 PIOc_sync Enter - MemInfo: [/proc/meminfo - SSI]	CommittedPercent: 2.95337 %
20220312 013616.727 INFO             PET0 PIOc_sync Enter - MemInfo: [/proc/self/status]	VmPeak:	 3802756 kB
20220312 013616.727 INFO             PET0 PIOc_sync Enter - MemInfo: [/proc/self/status]	VmSize:	 3801736 kB
20220312 013616.727 INFO             PET0 PIOc_sync Enter - MemInfo: [/proc/self/status]	VmLck:	       0 kB
20220312 013616.727 INFO             PET0 PIOc_sync Enter - MemInfo: [/proc/self/status]	VmPin:	   71900 kB
20220312 013616.727 INFO             PET0 PIOc_sync Enter - MemInfo: [/proc/self/status]	VmHWM:	  157828 kB
20220312 013616.727 INFO             PET0 PIOc_sync Enter - MemInfo: [/proc/self/status]	VmRSS:	  157828 kB
20220312 013616.728 INFO             PET0 PIOc_sync Enter - MemInfo: [/proc/self/status]	VmData:	  271828 kB
20220312 013616.728 INFO             PET0 PIOc_sync Enter - MemInfo: [/proc/self/status]	VmStk:	     512 kB
20220312 013616.728 INFO             PET0 PIOc_sync Enter - MemInfo: [/proc/self/status]	VmExe:	    1952 kB
20220312 013616.728 INFO             PET0 PIOc_sync Enter - MemInfo: [/proc/self/status]	VmLib:	  104128 kB
20220312 013616.728 INFO             PET0 PIOc_sync Enter - MemInfo: [/proc/self/status]	VmPTE:	     716 kB
20220312 013616.728 INFO             PET0 PIOc_sync Enter - MemInfo: [/proc/self/status]	VmPMD:	      32 kB
20220312 013616.728 INFO             PET0 PIOc_sync Enter - MemInfo: [/proc/self/status]	VmSwap:	       0 kB
20220312 013616.728 INFO             PET0 PIOc_sync Enter - MemInfo: [/proc/self/status]	VmRSSPercent: 0.120118 %
20220312 013616.728 INFO             PET0 PIOc_sync Enter - MemInfo: [malloc] Non-mmapped space allocated:                16621568 Byte
20220312 013616.728 INFO             PET0 PIOc_sync Enter - MemInfo: [malloc] Space allocated in mmapped regions:         73412608 Byte
20220312 013616.728 INFO             PET0 PIOc_sync Enter - MemInfo: [malloc] Maximum total allocated space:                     0 Byte
20220312 013616.728 INFO             PET0 PIOc_sync Enter - MemInfo: [malloc] Space in freed fastbin blocks:                   544 Byte
20220312 013616.728 INFO             PET0 PIOc_sync Enter - MemInfo: [malloc] Total allocated space:                      12261440 Byte
20220312 013616.728 INFO             PET0 PIOc_sync Enter - MemInfo: [malloc] Total free space:                            4360128 Byte
20220312 013616.728 INFO             PET0 PIOc_sync Enter - MemInfo: [malloc] Top-most, releasable space:                  2231536 Byte
20220312 013616.728 INFO             PET0 PIOc_sync Enter - MemInfo: [malloc] Total space in use, mmap + non-mmap:        85674048 Byte
20220312 013616.728 INFO             PET0 PIOc_sync Enter - MemInfo: [malloc] Total space held (mmap + non-mmap):         90034176 Byte
20220312 013616.728 INFO             PET0 PIOc_sync Enter - MemInfo: [malloc] Total space used (mmap + non-mmap):         85683408 Byte
20220312 013616.728 INFO             PET0 PIOc_sync Enter - MemInfo: Wall-clock time since execution start:               0.129833 seconds
20220312 013616.728 INFO             PET0 PIOc_sync Exit - MemInfo: [/proc/meminfo - SSI]	MemTotal:       131394444 kB
20220312 013616.728 INFO             PET0 PIOc_sync Exit - MemInfo: [/proc/meminfo - SSI]	MemFree:        118748556 kB
20220312 013616.728 INFO             PET0 PIOc_sync Exit - MemInfo: [/proc/meminfo - SSI]	MemAvailable:   118412640 kB
20220312 013616.728 INFO             PET0 PIOc_sync Exit - MemInfo: [/proc/meminfo - SSI]	Committed_AS:    3880564 kB
20220312 013616.728 INFO             PET0 PIOc_sync Exit - MemInfo: [/proc/meminfo - SSI]	CommittedPercent: 2.95337 %
20220312 013616.728 INFO             PET0 PIOc_sync Exit - MemInfo: [/proc/self/status]	VmPeak:	 3802756 kB
20220312 013616.728 INFO             PET0 PIOc_sync Exit - MemInfo: [/proc/self/status]	VmSize:	 3801736 kB
20220312 013616.728 INFO             PET0 PIOc_sync Exit - MemInfo: [/proc/self/status]	VmLck:	       0 kB
20220312 013616.728 INFO             PET0 PIOc_sync Exit - MemInfo: [/proc/self/status]	VmPin:	   71900 kB
20220312 013616.728 INFO             PET0 PIOc_sync Exit - MemInfo: [/proc/self/status]	VmHWM:	  157832 kB
20220312 013616.728 INFO             PET0 PIOc_sync Exit - MemInfo: [/proc/self/status]	VmRSS:	  157832 kB
20220312 013616.728 INFO             PET0 PIOc_sync Exit - MemInfo: [/proc/self/status]	VmData:	  271828 kB
20220312 013616.728 INFO             PET0 PIOc_sync Exit - MemInfo: [/proc/self/status]	VmStk:	     512 kB
20220312 013616.728 INFO             PET0 PIOc_sync Exit - MemInfo: [/proc/self/status]	VmExe:	    1952 kB
20220312 013616.728 INFO             PET0 PIOc_sync Exit - MemInfo: [/proc/self/status]	VmLib:	  104128 kB
20220312 013616.728 INFO             PET0 PIOc_sync Exit - MemInfo: [/proc/self/status]	VmPTE:	     716 kB
20220312 013616.728 INFO             PET0 PIOc_sync Exit - MemInfo: [/proc/self/status]	VmPMD:	      32 kB
20220312 013616.728 INFO             PET0 PIOc_sync Exit - MemInfo: [/proc/self/status]	VmSwap:	       0 kB
20220312 013616.728 INFO             PET0 PIOc_sync Exit - MemInfo: [/proc/self/status]	VmRSSPercent: 0.120121 %
20220312 013616.728 INFO             PET0 PIOc_sync Exit - MemInfo: [malloc] Non-mmapped space allocated:                16621568 Byte
20220312 013616.728 INFO             PET0 PIOc_sync Exit - MemInfo: [malloc] Space allocated in mmapped regions:         73412608 Byte
20220312 013616.728 INFO             PET0 PIOc_sync Exit - MemInfo: [malloc] Maximum total allocated space:                     0 Byte
20220312 013616.728 INFO             PET0 PIOc_sync Exit - MemInfo: [malloc] Space in freed fastbin blocks:                   512 Byte
20220312 013616.728 INFO             PET0 PIOc_sync Exit - MemInfo: [malloc] Total allocated space:                      12260464 Byte
20220312 013616.728 INFO             PET0 PIOc_sync Exit - MemInfo: [malloc] Total free space:                            4361104 Byte
20220312 013616.728 INFO             PET0 PIOc_sync Exit - MemInfo: [malloc] Top-most, releasable space:                  2231536 Byte
20220312 013616.728 INFO             PET0 PIOc_sync Exit - MemInfo: [malloc] Total space in use, mmap + non-mmap:        85673072 Byte
20220312 013616.728 INFO             PET0 PIOc_sync Exit - MemInfo: [malloc] Total space held (mmap + non-mmap):         90034176 Byte
20220312 013616.728 INFO             PET0 PIOc_sync Exit - MemInfo: [malloc] Total space used (mmap + non-mmap):         85682432 Byte
20220312 013616.728 INFO             PET0 PIOc_sync Exit - MemInfo: Wall-clock time since execution start:               0.130369 seconds
20220312 013616.728 INFO             PET0 PIOc_freedecomp Enter - MemInfo: [/proc/meminfo - SSI]	MemTotal:       131394444 kB
20220312 013616.728 INFO             PET0 PIOc_freedecomp Enter - MemInfo: [/proc/meminfo - SSI]	MemFree:        118748556 kB
20220312 013616.728 INFO             PET0 PIOc_freedecomp Enter - MemInfo: [/proc/meminfo - SSI]	MemAvailable:   118412640 kB
20220312 013616.728 INFO             PET0 PIOc_freedecomp Enter - MemInfo: [/proc/meminfo - SSI]	Committed_AS:    3880564 kB
20220312 013616.728 INFO             PET0 PIOc_freedecomp Enter - MemInfo: [/proc/meminfo - SSI]	CommittedPercent: 2.95337 %
20220312 013616.728 INFO             PET0 PIOc_freedecomp Enter - MemInfo: [/proc/self/status]	VmPeak:	 3802756 kB
20220312 013616.728 INFO             PET0 PIOc_freedecomp Enter - MemInfo: [/proc/self/status]	VmSize:	 3801736 kB
20220312 013616.728 INFO             PET0 PIOc_freedecomp Enter - MemInfo: [/proc/self/status]	VmLck:	       0 kB
20220312 013616.728 INFO             PET0 PIOc_freedecomp Enter - MemInfo: [/proc/self/status]	VmPin:	   71900 kB
20220312 013616.728 INFO             PET0 PIOc_freedecomp Enter - MemInfo: [/proc/self/status]	VmHWM:	  157832 kB
20220312 013616.728 INFO             PET0 PIOc_freedecomp Enter - MemInfo: [/proc/self/status]	VmRSS:	  157832 kB
20220312 013616.728 INFO             PET0 PIOc_freedecomp Enter - MemInfo: [/proc/self/status]	VmData:	  271828 kB
20220312 013616.728 INFO             PET0 PIOc_freedecomp Enter - MemInfo: [/proc/self/status]	VmStk:	     512 kB
20220312 013616.728 INFO             PET0 PIOc_freedecomp Enter - MemInfo: [/proc/self/status]	VmExe:	    1952 kB
20220312 013616.728 INFO             PET0 PIOc_freedecomp Enter - MemInfo: [/proc/self/status]	VmLib:	  104128 kB
20220312 013616.728 INFO             PET0 PIOc_freedecomp Enter - MemInfo: [/proc/self/status]	VmPTE:	     716 kB
20220312 013616.728 INFO             PET0 PIOc_freedecomp Enter - MemInfo: [/proc/self/status]	VmPMD:	      32 kB
20220312 013616.728 INFO             PET0 PIOc_freedecomp Enter - MemInfo: [/proc/self/status]	VmSwap:	       0 kB
20220312 013616.729 INFO             PET0 PIOc_freedecomp Enter - MemInfo: [/proc/self/status]	VmRSSPercent: 0.120121 %
20220312 013616.729 INFO             PET0 PIOc_freedecomp Enter - MemInfo: [malloc] Non-mmapped space allocated:                16621568 Byte
20220312 013616.729 INFO             PET0 PIOc_freedecomp Enter - MemInfo: [malloc] Space allocated in mmapped regions:         73412608 Byte
20220312 013616.729 INFO             PET0 PIOc_freedecomp Enter - MemInfo: [malloc] Maximum total allocated space:                     0 Byte
20220312 013616.729 INFO             PET0 PIOc_freedecomp Enter - MemInfo: [malloc] Space in freed fastbin blocks:                  1280 Byte
20220312 013616.729 INFO             PET0 PIOc_freedecomp Enter - MemInfo: [malloc] Total allocated space:                      10149824 Byte
20220312 013616.729 INFO             PET0 PIOc_freedecomp Enter - MemInfo: [malloc] Total free space:                            6471744 Byte
20220312 013616.729 INFO             PET0 PIOc_freedecomp Enter - MemInfo: [malloc] Top-most, releasable space:                  2231536 Byte
20220312 013616.729 INFO             PET0 PIOc_freedecomp Enter - MemInfo: [malloc] Total space in use, mmap + non-mmap:        83562432 Byte
20220312 013616.729 INFO             PET0 PIOc_freedecomp Enter - MemInfo: [malloc] Total space held (mmap + non-mmap):         90034176 Byte
20220312 013616.729 INFO             PET0 PIOc_freedecomp Enter - MemInfo: [malloc] Total space used (mmap + non-mmap):         83571792 Byte
20220312 013616.729 INFO             PET0 PIOc_freedecomp Enter - MemInfo: Wall-clock time since execution start:               0.130776 seconds
20220312 013616.729 INFO             PET0 PIOc_freedecomp Exit - MemInfo: [/proc/meminfo - SSI]	MemTotal:       131394444 kB
20220312 013616.729 INFO             PET0 PIOc_freedecomp Exit - MemInfo: [/proc/meminfo - SSI]	MemFree:        118748556 kB
20220312 013616.729 INFO             PET0 PIOc_freedecomp Exit - MemInfo: [/proc/meminfo - SSI]	MemAvailable:   118412640 kB
20220312 013616.729 INFO             PET0 PIOc_freedecomp Exit - MemInfo: [/proc/meminfo - SSI]	Committed_AS:    3880564 kB
20220312 013616.729 INFO             PET0 PIOc_freedecomp Exit - MemInfo: [/proc/meminfo - SSI]	CommittedPercent: 2.95337 %
20220312 013616.729 INFO             PET0 PIOc_freedecomp Exit - MemInfo: [/proc/self/status]	VmPeak:	 3802756 kB
20220312 013616.729 INFO             PET0 PIOc_freedecomp Exit - MemInfo: [/proc/self/status]	VmSize:	 3801736 kB
20220312 013616.729 INFO             PET0 PIOc_freedecomp Exit - MemInfo: [/proc/self/status]	VmLck:	       0 kB
20220312 013616.729 INFO             PET0 PIOc_freedecomp Exit - MemInfo: [/proc/self/status]	VmPin:	   71900 kB
20220312 013616.729 INFO             PET0 PIOc_freedecomp Exit - MemInfo: [/proc/self/status]	VmHWM:	  157832 kB
20220312 013616.729 INFO             PET0 PIOc_freedecomp Exit - MemInfo: [/proc/self/status]	VmRSS:	  157832 kB
20220312 013616.729 INFO             PET0 PIOc_freedecomp Exit - MemInfo: [/proc/self/status]	VmData:	  271828 kB
20220312 013616.729 INFO             PET0 PIOc_freedecomp Exit - MemInfo: [/proc/self/status]	VmStk:	     512 kB
20220312 013616.729 INFO             PET0 PIOc_freedecomp Exit - MemInfo: [/proc/self/status]	VmExe:	    1952 kB
20220312 013616.729 INFO             PET0 PIOc_freedecomp Exit - MemInfo: [/proc/self/status]	VmLib:	  104128 kB
20220312 013616.729 INFO             PET0 PIOc_freedecomp Exit - MemInfo: [/proc/self/status]	VmPTE:	     716 kB
20220312 013616.729 INFO             PET0 PIOc_freedecomp Exit - MemInfo: [/proc/self/status]	VmPMD:	      32 kB
20220312 013616.729 INFO             PET0 PIOc_freedecomp Exit - MemInfo: [/proc/self/status]	VmSwap:	       0 kB
20220312 013616.729 INFO             PET0 PIOc_freedecomp Exit - MemInfo: [/proc/self/status]	VmRSSPercent: 0.120121 %
20220312 013616.729 INFO             PET0 PIOc_freedecomp Exit - MemInfo: [malloc] Non-mmapped space allocated:                16621568 Byte
20220312 013616.729 INFO             PET0 PIOc_freedecomp Exit - MemInfo: [malloc] Space allocated in mmapped regions:         73412608 Byte
20220312 013616.729 INFO             PET0 PIOc_freedecomp Exit - MemInfo: [malloc] Maximum total allocated space:                     0 Byte
20220312 013616.729 INFO             PET0 PIOc_freedecomp Exit - MemInfo: [malloc] Space in freed fastbin blocks:                   880 Byte
20220312 013616.729 INFO             PET0 PIOc_freedecomp Exit - MemInfo: [malloc] Total allocated space:                      10145488 Byte
20220312 013616.729 INFO             PET0 PIOc_freedecomp Exit - MemInfo: [malloc] Total free space:                            6476080 Byte
20220312 013616.729 INFO             PET0 PIOc_freedecomp Exit - MemInfo: [malloc] Top-most, releasable space:                  2231536 Byte
20220312 013616.729 INFO             PET0 PIOc_freedecomp Exit - MemInfo: [malloc] Total space in use, mmap + non-mmap:        83558096 Byte
20220312 013616.729 INFO             PET0 PIOc_freedecomp Exit - MemInfo: [malloc] Total space held (mmap + non-mmap):         90034176 Byte
20220312 013616.729 INFO             PET0 PIOc_freedecomp Exit - MemInfo: [malloc] Total space used (mmap + non-mmap):         83567456 Byte
20220312 013616.729 INFO             PET0 PIOc_freedecomp Exit - MemInfo: Wall-clock time since execution start:               0.131132 seconds
20220312 013616.730 INFO             PET0 PIOc_sync Enter - MemInfo: [/proc/meminfo - SSI]	MemTotal:       131394444 kB
20220312 013616.730 INFO             PET0 PIOc_sync Enter - MemInfo: [/proc/meminfo - SSI]	MemFree:        118748556 kB
20220312 013616.730 INFO             PET0 PIOc_sync Enter - MemInfo: [/proc/meminfo - SSI]	MemAvailable:   118412640 kB
20220312 013616.730 INFO             PET0 PIOc_sync Enter - MemInfo: [/proc/meminfo - SSI]	Committed_AS:    3880564 kB
20220312 013616.730 INFO             PET0 PIOc_sync Enter - MemInfo: [/proc/meminfo - SSI]	CommittedPercent: 2.95337 %
20220312 013616.730 INFO             PET0 PIOc_sync Enter - MemInfo: [/proc/self/status]	VmPeak:	 3802756 kB
20220312 013616.730 INFO             PET0 PIOc_sync Enter - MemInfo: [/proc/self/status]	VmSize:	 3801736 kB
20220312 013616.730 INFO             PET0 PIOc_sync Enter - MemInfo: [/proc/self/status]	VmLck:	       0 kB
20220312 013616.730 INFO             PET0 PIOc_sync Enter - MemInfo: [/proc/self/status]	VmPin:	   71900 kB
20220312 013616.730 INFO             PET0 PIOc_sync Enter - MemInfo: [/proc/self/status]	VmHWM:	  157840 kB
20220312 013616.730 INFO             PET0 PIOc_sync Enter - MemInfo: [/proc/self/status]	VmRSS:	  157840 kB
20220312 013616.730 INFO             PET0 PIOc_sync Enter - MemInfo: [/proc/self/status]	VmData:	  271828 kB
20220312 013616.730 INFO             PET0 PIOc_sync Enter - MemInfo: [/proc/self/status]	VmStk:	     512 kB
20220312 013616.730 INFO             PET0 PIOc_sync Enter - MemInfo: [/proc/self/status]	VmExe:	    1952 kB
20220312 013616.730 INFO             PET0 PIOc_sync Enter - MemInfo: [/proc/self/status]	VmLib:	  104128 kB
20220312 013616.730 INFO             PET0 PIOc_sync Enter - MemInfo: [/proc/self/status]	VmPTE:	     716 kB
20220312 013616.730 INFO             PET0 PIOc_sync Enter - MemInfo: [/proc/self/status]	VmPMD:	      32 kB
20220312 013616.730 INFO             PET0 PIOc_sync Enter - MemInfo: [/proc/self/status]	VmSwap:	       0 kB
20220312 013616.730 INFO             PET0 PIOc_sync Enter - MemInfo: [/proc/self/status]	VmRSSPercent: 0.120127 %
20220312 013616.730 INFO             PET0 PIOc_sync Enter - MemInfo: [malloc] Non-mmapped space allocated:                16621568 Byte
20220312 013616.730 INFO             PET0 PIOc_sync Enter - MemInfo: [malloc] Space allocated in mmapped regions:         73412608 Byte
20220312 013616.730 INFO             PET0 PIOc_sync Enter - MemInfo: [malloc] Maximum total allocated space:                     0 Byte
20220312 013616.730 INFO             PET0 PIOc_sync Enter - MemInfo: [malloc] Space in freed fastbin blocks:                   944 Byte
20220312 013616.730 INFO             PET0 PIOc_sync Enter - MemInfo: [malloc] Total allocated space:                      12261904 Byte
20220312 013616.730 INFO             PET0 PIOc_sync Enter - MemInfo: [malloc] Total free space:                            4359664 Byte
20220312 013616.730 INFO             PET0 PIOc_sync Enter - MemInfo: [malloc] Top-most, releasable space:                  2231536 Byte
20220312 013616.730 INFO             PET0 PIOc_sync Enter - MemInfo: [malloc] Total space in use, mmap + non-mmap:        85674512 Byte
20220312 013616.730 INFO             PET0 PIOc_sync Enter - MemInfo: [malloc] Total space held (mmap + non-mmap):         90034176 Byte
20220312 013616.730 INFO             PET0 PIOc_sync Enter - MemInfo: [malloc] Total space used (mmap + non-mmap):         85683872 Byte
20220312 013616.730 INFO             PET0 PIOc_sync Enter - MemInfo: Wall-clock time since execution start:               0.132098 seconds
20220312 013616.730 INFO             PET0 PIOc_sync Exit - MemInfo: [/proc/meminfo - SSI]	MemTotal:       131394444 kB
20220312 013616.730 INFO             PET0 PIOc_sync Exit - MemInfo: [/proc/meminfo - SSI]	MemFree:        118748556 kB
20220312 013616.730 INFO             PET0 PIOc_sync Exit - MemInfo: [/proc/meminfo - SSI]	MemAvailable:   118412640 kB
20220312 013616.730 INFO             PET0 PIOc_sync Exit - MemInfo: [/proc/meminfo - SSI]	Committed_AS:    3880564 kB
20220312 013616.730 INFO             PET0 PIOc_sync Exit - MemInfo: [/proc/meminfo - SSI]	CommittedPercent: 2.95337 %
20220312 013616.730 INFO             PET0 PIOc_sync Exit - MemInfo: [/proc/self/status]	VmPeak:	 3802756 kB
20220312 013616.730 INFO             PET0 PIOc_sync Exit - MemInfo: [/proc/self/status]	VmSize:	 3801736 kB
20220312 013616.730 INFO             PET0 PIOc_sync Exit - MemInfo: [/proc/self/status]	VmLck:	       0 kB
20220312 013616.730 INFO             PET0 PIOc_sync Exit - MemInfo: [/proc/self/status]	VmPin:	   71900 kB
20220312 013616.730 INFO             PET0 PIOc_sync Exit - MemInfo: [/proc/self/status]	VmHWM:	  157844 kB
20220312 013616.730 INFO             PET0 PIOc_sync Exit - MemInfo: [/proc/self/status]	VmRSS:	  157844 kB
20220312 013616.730 INFO             PET0 PIOc_sync Exit - MemInfo: [/proc/self/status]	VmData:	  271828 kB
20220312 013616.730 INFO             PET0 PIOc_sync Exit - MemInfo: [/proc/self/status]	VmStk:	     512 kB
20220312 013616.730 INFO             PET0 PIOc_sync Exit - MemInfo: [/proc/self/status]	VmExe:	    1952 kB
20220312 013616.730 INFO             PET0 PIOc_sync Exit - MemInfo: [/proc/self/status]	VmLib:	  104128 kB
20220312 013616.730 INFO             PET0 PIOc_sync Exit - MemInfo: [/proc/self/status]	VmPTE:	     716 kB
20220312 013616.730 INFO             PET0 PIOc_sync Exit - MemInfo: [/proc/self/status]	VmPMD:	      32 kB
20220312 013616.730 INFO             PET0 PIOc_sync Exit - MemInfo: [/proc/self/status]	VmSwap:	       0 kB
20220312 013616.730 INFO             PET0 PIOc_sync Exit - MemInfo: [/proc/self/status]	VmRSSPercent: 0.12013 %
20220312 013616.730 INFO             PET0 PIOc_sync Exit - MemInfo: [malloc] Non-mmapped space allocated:                16621568 Byte
20220312 013616.730 INFO             PET0 PIOc_sync Exit - MemInfo: [malloc] Space allocated in mmapped regions:         73412608 Byte
20220312 013616.730 INFO             PET0 PIOc_sync Exit - MemInfo: [malloc] Maximum total allocated space:                     0 Byte
20220312 013616.730 INFO             PET0 PIOc_sync Exit - MemInfo: [malloc] Space in freed fastbin blocks:                   384 Byte
20220312 013616.730 INFO             PET0 PIOc_sync Exit - MemInfo: [malloc] Total allocated space:                      12260944 Byte
20220312 013616.730 INFO             PET0 PIOc_sync Exit - MemInfo: [malloc] Total free space:                            4360624 Byte
20220312 013616.730 INFO             PET0 PIOc_sync Exit - MemInfo: [malloc] Top-most, releasable space:                  2231536 Byte
20220312 013616.730 INFO             PET0 PIOc_sync Exit - MemInfo: [malloc] Total space in use, mmap + non-mmap:        85673552 Byte
20220312 013616.730 INFO             PET0 PIOc_sync Exit - MemInfo: [malloc] Total space held (mmap + non-mmap):         90034176 Byte
20220312 013616.730 INFO             PET0 PIOc_sync Exit - MemInfo: [malloc] Total space used (mmap + non-mmap):         85682912 Byte
20220312 013616.730 INFO             PET0 PIOc_sync Exit - MemInfo: Wall-clock time since execution start:                0.13258 seconds
20220312 013616.730 INFO             PET0 PIOc_freedecomp Enter - MemInfo: [/proc/meminfo - SSI]	MemTotal:       131394444 kB
20220312 013616.731 INFO             PET0 PIOc_freedecomp Enter - MemInfo: [/proc/meminfo - SSI]	MemFree:        118748556 kB
20220312 013616.731 INFO             PET0 PIOc_freedecomp Enter - MemInfo: [/proc/meminfo - SSI]	MemAvailable:   118412640 kB
20220312 013616.731 INFO             PET0 PIOc_freedecomp Enter - MemInfo: [/proc/meminfo - SSI]	Committed_AS:    3880564 kB
20220312 013616.731 INFO             PET0 PIOc_freedecomp Enter - MemInfo: [/proc/meminfo - SSI]	CommittedPercent: 2.95337 %
20220312 013616.731 INFO             PET0 PIOc_freedecomp Enter - MemInfo: [/proc/self/status]	VmPeak:	 3802756 kB
20220312 013616.731 INFO             PET0 PIOc_freedecomp Enter - MemInfo: [/proc/self/status]	VmSize:	 3801736 kB
20220312 013616.731 INFO             PET0 PIOc_freedecomp Enter - MemInfo: [/proc/self/status]	VmLck:	       0 kB
20220312 013616.731 INFO             PET0 PIOc_freedecomp Enter - MemInfo: [/proc/self/status]	VmPin:	   71900 kB
20220312 013616.731 INFO             PET0 PIOc_freedecomp Enter - MemInfo: [/proc/self/status]	VmHWM:	  157844 kB
20220312 013616.731 INFO             PET0 PIOc_freedecomp Enter - MemInfo: [/proc/self/status]	VmRSS:	  157844 kB
20220312 013616.731 INFO             PET0 PIOc_freedecomp Enter - MemInfo: [/proc/self/status]	VmData:	  271828 kB
20220312 013616.731 INFO             PET0 PIOc_freedecomp Enter - MemInfo: [/proc/self/status]	VmStk:	     512 kB
20220312 013616.731 INFO             PET0 PIOc_freedecomp Enter - MemInfo: [/proc/self/status]	VmExe:	    1952 kB
20220312 013616.731 INFO             PET0 PIOc_freedecomp Enter - MemInfo: [/proc/self/status]	VmLib:	  104128 kB
20220312 013616.731 INFO             PET0 PIOc_freedecomp Enter - MemInfo: [/proc/self/status]	VmPTE:	     716 kB
20220312 013616.731 INFO             PET0 PIOc_freedecomp Enter - MemInfo: [/proc/self/status]	VmPMD:	      32 kB
20220312 013616.731 INFO             PET0 PIOc_freedecomp Enter - MemInfo: [/proc/self/status]	VmSwap:	       0 kB
20220312 013616.731 INFO             PET0 PIOc_freedecomp Enter - MemInfo: [/proc/self/status]	VmRSSPercent: 0.12013 %
20220312 013616.731 INFO             PET0 PIOc_freedecomp Enter - MemInfo: [malloc] Non-mmapped space allocated:                16621568 Byte
20220312 013616.731 INFO             PET0 PIOc_freedecomp Enter - MemInfo: [malloc] Space allocated in mmapped regions:         73412608 Byte
20220312 013616.731 INFO             PET0 PIOc_freedecomp Enter - MemInfo: [malloc] Maximum total allocated space:                     0 Byte
20220312 013616.731 INFO             PET0 PIOc_freedecomp Enter - MemInfo: [malloc] Space in freed fastbin blocks:                  1536 Byte
20220312 013616.731 INFO             PET0 PIOc_freedecomp Enter - MemInfo: [malloc] Total allocated space:                      10149824 Byte
20220312 013616.731 INFO             PET0 PIOc_freedecomp Enter - MemInfo: [malloc] Total free space:                            6471744 Byte
20220312 013616.731 INFO             PET0 PIOc_freedecomp Enter - MemInfo: [malloc] Top-most, releasable space:                  2231536 Byte
20220312 013616.731 INFO             PET0 PIOc_freedecomp Enter - MemInfo: [malloc] Total space in use, mmap + non-mmap:        83562432 Byte
20220312 013616.731 INFO             PET0 PIOc_freedecomp Enter - MemInfo: [malloc] Total space held (mmap + non-mmap):         90034176 Byte
20220312 013616.731 INFO             PET0 PIOc_freedecomp Enter - MemInfo: [malloc] Total space used (mmap + non-mmap):         83571792 Byte
20220312 013616.731 INFO             PET0 PIOc_freedecomp Enter - MemInfo: Wall-clock time since execution start:               0.132973 seconds
20220312 013616.731 INFO             PET0 PIOc_freedecomp Exit - MemInfo: [/proc/meminfo - SSI]	MemTotal:       131394444 kB
20220312 013616.731 INFO             PET0 PIOc_freedecomp Exit - MemInfo: [/proc/meminfo - SSI]	MemFree:        118748556 kB
20220312 013616.731 INFO             PET0 PIOc_freedecomp Exit - MemInfo: [/proc/meminfo - SSI]	MemAvailable:   118412640 kB
20220312 013616.731 INFO             PET0 PIOc_freedecomp Exit - MemInfo: [/proc/meminfo - SSI]	Committed_AS:    3880564 kB
20220312 013616.731 INFO             PET0 PIOc_freedecomp Exit - MemInfo: [/proc/meminfo - SSI]	CommittedPercent: 2.95337 %
20220312 013616.731 INFO             PET0 PIOc_freedecomp Exit - MemInfo: [/proc/self/status]	VmPeak:	 3802756 kB
20220312 013616.731 INFO             PET0 PIOc_freedecomp Exit - MemInfo: [/proc/self/status]	VmSize:	 3801736 kB
20220312 013616.731 INFO             PET0 PIOc_freedecomp Exit - MemInfo: [/proc/self/status]	VmLck:	       0 kB
20220312 013616.731 INFO             PET0 PIOc_freedecomp Exit - MemInfo: [/proc/self/status]	VmPin:	   71900 kB
20220312 013616.731 INFO             PET0 PIOc_freedecomp Exit - MemInfo: [/proc/self/status]	VmHWM:	  157844 kB
20220312 013616.731 INFO             PET0 PIOc_freedecomp Exit - MemInfo: [/proc/self/status]	VmRSS:	  157844 kB
20220312 013616.731 INFO             PET0 PIOc_freedecomp Exit - MemInfo: [/proc/self/status]	VmData:	  271828 kB
20220312 013616.731 INFO             PET0 PIOc_freedecomp Exit - MemInfo: [/proc/self/status]	VmStk:	     512 kB
20220312 013616.731 INFO             PET0 PIOc_freedecomp Exit - MemInfo: [/proc/self/status]	VmExe:	    1952 kB
20220312 013616.731 INFO             PET0 PIOc_freedecomp Exit - MemInfo: [/proc/self/status]	VmLib:	  104128 kB
20220312 013616.731 INFO             PET0 PIOc_freedecomp Exit - MemInfo: [/proc/self/status]	VmPTE:	     716 kB
20220312 013616.731 INFO             PET0 PIOc_freedecomp Exit - MemInfo: [/proc/self/status]	VmPMD:	      32 kB
20220312 013616.731 INFO             PET0 PIOc_freedecomp Exit - MemInfo: [/proc/self/status]	VmSwap:	       0 kB
20220312 013616.731 INFO             PET0 PIOc_freedecomp Exit - MemInfo: [/proc/self/status]	VmRSSPercent: 0.12013 %
20220312 013616.731 INFO             PET0 PIOc_freedecomp Exit - MemInfo: [malloc] Non-mmapped space allocated:                16621568 Byte
20220312 013616.731 INFO             PET0 PIOc_freedecomp Exit - MemInfo: [malloc] Space allocated in mmapped regions:         73412608 Byte
20220312 013616.731 INFO             PET0 PIOc_freedecomp Exit - MemInfo: [malloc] Maximum total allocated space:                     0 Byte
20220312 013616.731 INFO             PET0 PIOc_freedecomp Exit - MemInfo: [malloc] Space in freed fastbin blocks:                   752 Byte
20220312 013616.731 INFO             PET0 PIOc_freedecomp Exit - MemInfo: [malloc] Total allocated space:                      10145488 Byte
20220312 013616.731 INFO             PET0 PIOc_freedecomp Exit - MemInfo: [malloc] Total free space:                            6476080 Byte
20220312 013616.731 INFO             PET0 PIOc_freedecomp Exit - MemInfo: [malloc] Top-most, releasable space:                  2231536 Byte
20220312 013616.731 INFO             PET0 PIOc_freedecomp Exit - MemInfo: [malloc] Total space in use, mmap + non-mmap:        83558096 Byte
20220312 013616.731 INFO             PET0 PIOc_freedecomp Exit - MemInfo: [malloc] Total space held (mmap + non-mmap):         90034176 Byte
20220312 013616.731 INFO             PET0 PIOc_freedecomp Exit - MemInfo: [malloc] Total space used (mmap + non-mmap):         83567456 Byte
20220312 013616.731 INFO             PET0 PIOc_freedecomp Exit - MemInfo: Wall-clock time since execution start:               0.133327 seconds
20220312 013616.733 INFO             PET0  PASS  ESMF_FieldRegridStoreFromFile Unit Test, ESMF_FieldSMMFromFileUTest.F90, line 315
20220312 013616.733 INFO             PET0  Ending Test, file ESMF_FieldSMMFromFileUTest.F90, line 322
20220312 013616.733 INFO             PET0 Finalizing ESMF
20220312 013616.610 INFO             PET1 !!!!!!!!!!!!!!!!!!!!!!!!!!!!!!!!!!!!!!!!!!!!!!!!!!!!!!
20220312 013616.610 INFO             PET1 !!! THE ESMF_LOG IS SET TO OUTPUT ALL LOG MESSAGES !!!
20220312 013616.610 INFO             PET1 !!!     THIS MAY CAUSE SLOWDOWN IN PERFORMANCE     !!!
20220312 013616.610 INFO             PET1 !!! FOR PRODUCTION RUNS, USE:                      !!!
20220312 013616.610 INFO             PET1 !!!                   ESMF_LOGKIND_Multi_On_Error  !!!
20220312 013616.610 INFO             PET1 !!!!!!!!!!!!!!!!!!!!!!!!!!!!!!!!!!!!!!!!!!!!!!!!!!!!!!
20220312 013616.610 INFO             PET1 Running with ESMF Version   : v8.3.0b09-96-g559b459836
20220312 013616.610 INFO             PET1 ESMF library build date/time: "Mar 12 2022" "01:13:12"
20220312 013616.610 INFO             PET1 ESMF library build location : /gpfsm/dnb04/projects/p98/mpotts/esmf/intel_2020_intelmpi_O_jedwards_pio_update2
20220312 013616.610 INFO             PET1 ESMF_COMM                   : intelmpi
20220312 013616.611 INFO             PET1 ESMF_MOAB                   : enabled
20220312 013616.611 INFO             PET1 ESMF_LAPACK                 : enabled
20220312 013616.611 INFO             PET1 ESMF_NETCDF                 : enabled
20220312 013616.611 INFO             PET1 ESMF_PNETCDF                : disabled
20220312 013616.611 INFO             PET1 ESMF_PIO                    : enabled
20220312 013616.611 INFO             PET1 ESMF_YAMLCPP                : enabled
20220312 013616.611 INFO             PET1  Beginning Test, file ESMF_FieldSMMFromFileUTest.F90, line 287
20220312 013616.611 INFO             PET1  NUMBER_OF_PROCESSORS           4
20220312 013616.719 INFO             PET1  PASS  ESMF_FieldSMMFromFile Unit Test, ESMF_FieldSMMFromFileUTest.F90, line 300
20220312 013616.725 INFO             PET1 PIOc_sync Enter - MemInfo: [/proc/meminfo - SSI]	MemTotal:       131394444 kB
20220312 013616.725 INFO             PET1 PIOc_sync Enter - MemInfo: [/proc/meminfo - SSI]	MemFree:        118748556 kB
20220312 013616.725 INFO             PET1 PIOc_sync Enter - MemInfo: [/proc/meminfo - SSI]	MemAvailable:   118412640 kB
20220312 013616.725 INFO             PET1 PIOc_sync Enter - MemInfo: [/proc/meminfo - SSI]	Committed_AS:    3880564 kB
20220312 013616.725 INFO             PET1 PIOc_sync Enter - MemInfo: [/proc/meminfo - SSI]	CommittedPercent: 2.95337 %
20220312 013616.725 INFO             PET1 PIOc_sync Enter - MemInfo: [/proc/self/status]	VmPeak:	 3804832 kB
20220312 013616.725 INFO             PET1 PIOc_sync Enter - MemInfo: [/proc/self/status]	VmSize:	 3803812 kB
20220312 013616.725 INFO             PET1 PIOc_sync Enter - MemInfo: [/proc/self/status]	VmLck:	       0 kB
20220312 013616.725 INFO             PET1 PIOc_sync Enter - MemInfo: [/proc/self/status]	VmPin:	   82140 kB
20220312 013616.725 INFO             PET1 PIOc_sync Enter - MemInfo: [/proc/self/status]	VmHWM:	  160152 kB
20220312 013616.725 INFO             PET1 PIOc_sync Enter - MemInfo: [/proc/self/status]	VmRSS:	  160152 kB
20220312 013616.725 INFO             PET1 PIOc_sync Enter - MemInfo: [/proc/self/status]	VmData:	  273904 kB
20220312 013616.725 INFO             PET1 PIOc_sync Enter - MemInfo: [/proc/self/status]	VmStk:	     512 kB
20220312 013616.725 INFO             PET1 PIOc_sync Enter - MemInfo: [/proc/self/status]	VmExe:	    1952 kB
20220312 013616.725 INFO             PET1 PIOc_sync Enter - MemInfo: [/proc/self/status]	VmLib:	  104128 kB
20220312 013616.725 INFO             PET1 PIOc_sync Enter - MemInfo: [/proc/self/status]	VmPTE:	     720 kB
20220312 013616.725 INFO             PET1 PIOc_sync Enter - MemInfo: [/proc/self/status]	VmPMD:	      28 kB
20220312 013616.725 INFO             PET1 PIOc_sync Enter - MemInfo: [/proc/self/status]	VmSwap:	       0 kB
20220312 013616.725 INFO             PET1 PIOc_sync Enter - MemInfo: [/proc/self/status]	VmRSSPercent: 0.121886 %
20220312 013616.725 INFO             PET1 PIOc_sync Enter - MemInfo: [malloc] Non-mmapped space allocated:                10354688 Byte
20220312 013616.725 INFO             PET1 PIOc_sync Enter - MemInfo: [malloc] Space allocated in mmapped regions:         85999616 Byte
20220312 013616.725 INFO             PET1 PIOc_sync Enter - MemInfo: [malloc] Maximum total allocated space:                     0 Byte
20220312 013616.725 INFO             PET1 PIOc_sync Enter - MemInfo: [malloc] Space in freed fastbin blocks:                  2448 Byte
20220312 013616.725 INFO             PET1 PIOc_sync Enter - MemInfo: [malloc] Total allocated space:                       6009728 Byte
20220312 013616.725 INFO             PET1 PIOc_sync Enter - MemInfo: [malloc] Total free space:                            4344960 Byte
20220312 013616.725 INFO             PET1 PIOc_sync Enter - MemInfo: [malloc] Top-most, releasable space:                  2228400 Byte
20220312 013616.725 INFO             PET1 PIOc_sync Enter - MemInfo: [malloc] Total space in use, mmap + non-mmap:        92009344 Byte
20220312 013616.725 INFO             PET1 PIOc_sync Enter - MemInfo: [malloc] Total space held (mmap + non-mmap):         96354304 Byte
20220312 013616.725 INFO             PET1 PIOc_sync Enter - MemInfo: [malloc] Total space used (mmap + non-mmap):         92018704 Byte
20220312 013616.725 INFO             PET1 PIOc_sync Enter - MemInfo: Wall-clock time since execution start:               0.127766 seconds
20220312 013616.726 INFO             PET1 PIOc_sync Exit - MemInfo: [/proc/meminfo - SSI]	MemTotal:       131394444 kB
20220312 013616.726 INFO             PET1 PIOc_sync Exit - MemInfo: [/proc/meminfo - SSI]	MemFree:        118748556 kB
20220312 013616.726 INFO             PET1 PIOc_sync Exit - MemInfo: [/proc/meminfo - SSI]	MemAvailable:   118412640 kB
20220312 013616.726 INFO             PET1 PIOc_sync Exit - MemInfo: [/proc/meminfo - SSI]	Committed_AS:    3880564 kB
20220312 013616.726 INFO             PET1 PIOc_sync Exit - MemInfo: [/proc/meminfo - SSI]	CommittedPercent: 2.95337 %
20220312 013616.726 INFO             PET1 PIOc_sync Exit - MemInfo: [/proc/self/status]	VmPeak:	 3804832 kB
20220312 013616.726 INFO             PET1 PIOc_sync Exit - MemInfo: [/proc/self/status]	VmSize:	 3803812 kB
20220312 013616.726 INFO             PET1 PIOc_sync Exit - MemInfo: [/proc/self/status]	VmLck:	       0 kB
20220312 013616.726 INFO             PET1 PIOc_sync Exit - MemInfo: [/proc/self/status]	VmPin:	   82140 kB
20220312 013616.726 INFO             PET1 PIOc_sync Exit - MemInfo: [/proc/self/status]	VmHWM:	  160224 kB
20220312 013616.726 INFO             PET1 PIOc_sync Exit - MemInfo: [/proc/self/status]	VmRSS:	  160224 kB
20220312 013616.726 INFO             PET1 PIOc_sync Exit - MemInfo: [/proc/self/status]	VmData:	  273904 kB
20220312 013616.726 INFO             PET1 PIOc_sync Exit - MemInfo: [/proc/self/status]	VmStk:	     512 kB
20220312 013616.726 INFO             PET1 PIOc_sync Exit - MemInfo: [/proc/self/status]	VmExe:	    1952 kB
20220312 013616.726 INFO             PET1 PIOc_sync Exit - MemInfo: [/proc/self/status]	VmLib:	  104128 kB
20220312 013616.726 INFO             PET1 PIOc_sync Exit - MemInfo: [/proc/self/status]	VmPTE:	     720 kB
20220312 013616.726 INFO             PET1 PIOc_sync Exit - MemInfo: [/proc/self/status]	VmPMD:	      28 kB
20220312 013616.726 INFO             PET1 PIOc_sync Exit - MemInfo: [/proc/self/status]	VmSwap:	       0 kB
20220312 013616.726 INFO             PET1 PIOc_sync Exit - MemInfo: [/proc/self/status]	VmRSSPercent: 0.121941 %
20220312 013616.726 INFO             PET1 PIOc_sync Exit - MemInfo: [malloc] Non-mmapped space allocated:                10354688 Byte
20220312 013616.726 INFO             PET1 PIOc_sync Exit - MemInfo: [malloc] Space allocated in mmapped regions:         85999616 Byte
20220312 013616.726 INFO             PET1 PIOc_sync Exit - MemInfo: [malloc] Maximum total allocated space:                     0 Byte
20220312 013616.726 INFO             PET1 PIOc_sync Exit - MemInfo: [malloc] Space in freed fastbin blocks:                   480 Byte
20220312 013616.726 INFO             PET1 PIOc_sync Exit - MemInfo: [malloc] Total allocated space:                       6008464 Byte
20220312 013616.726 INFO             PET1 PIOc_sync Exit - MemInfo: [malloc] Total free space:                            4346224 Byte
20220312 013616.726 INFO             PET1 PIOc_sync Exit - MemInfo: [malloc] Top-most, releasable space:                  2228400 Byte
20220312 013616.726 INFO             PET1 PIOc_sync Exit - MemInfo: [malloc] Total space in use, mmap + non-mmap:        92008080 Byte
20220312 013616.726 INFO             PET1 PIOc_sync Exit - MemInfo: [malloc] Total space held (mmap + non-mmap):         96354304 Byte
20220312 013616.726 INFO             PET1 PIOc_sync Exit - MemInfo: [malloc] Total space used (mmap + non-mmap):         92017440 Byte
20220312 013616.726 INFO             PET1 PIOc_sync Exit - MemInfo: Wall-clock time since execution start:               0.128575 seconds
20220312 013616.726 INFO             PET1 PIOc_freedecomp Enter - MemInfo: [/proc/meminfo - SSI]	MemTotal:       131394444 kB
20220312 013616.726 INFO             PET1 PIOc_freedecomp Enter - MemInfo: [/proc/meminfo - SSI]	MemFree:        118748556 kB
20220312 013616.726 INFO             PET1 PIOc_freedecomp Enter - MemInfo: [/proc/meminfo - SSI]	MemAvailable:   118412640 kB
20220312 013616.726 INFO             PET1 PIOc_freedecomp Enter - MemInfo: [/proc/meminfo - SSI]	Committed_AS:    3880564 kB
20220312 013616.726 INFO             PET1 PIOc_freedecomp Enter - MemInfo: [/proc/meminfo - SSI]	CommittedPercent: 2.95337 %
20220312 013616.726 INFO             PET1 PIOc_freedecomp Enter - MemInfo: [/proc/self/status]	VmPeak:	 3804832 kB
20220312 013616.726 INFO             PET1 PIOc_freedecomp Enter - MemInfo: [/proc/self/status]	VmSize:	 3803812 kB
20220312 013616.726 INFO             PET1 PIOc_freedecomp Enter - MemInfo: [/proc/self/status]	VmLck:	       0 kB
20220312 013616.726 INFO             PET1 PIOc_freedecomp Enter - MemInfo: [/proc/self/status]	VmPin:	   82140 kB
20220312 013616.726 INFO             PET1 PIOc_freedecomp Enter - MemInfo: [/proc/self/status]	VmHWM:	  160228 kB
20220312 013616.726 INFO             PET1 PIOc_freedecomp Enter - MemInfo: [/proc/self/status]	VmRSS:	  160228 kB
20220312 013616.726 INFO             PET1 PIOc_freedecomp Enter - MemInfo: [/proc/self/status]	VmData:	  273904 kB
20220312 013616.726 INFO             PET1 PIOc_freedecomp Enter - MemInfo: [/proc/self/status]	VmStk:	     512 kB
20220312 013616.726 INFO             PET1 PIOc_freedecomp Enter - MemInfo: [/proc/self/status]	VmExe:	    1952 kB
20220312 013616.726 INFO             PET1 PIOc_freedecomp Enter - MemInfo: [/proc/self/status]	VmLib:	  104128 kB
20220312 013616.726 INFO             PET1 PIOc_freedecomp Enter - MemInfo: [/proc/self/status]	VmPTE:	     720 kB
20220312 013616.726 INFO             PET1 PIOc_freedecomp Enter - MemInfo: [/proc/self/status]	VmPMD:	      28 kB
20220312 013616.726 INFO             PET1 PIOc_freedecomp Enter - MemInfo: [/proc/self/status]	VmSwap:	       0 kB
20220312 013616.726 INFO             PET1 PIOc_freedecomp Enter - MemInfo: [/proc/self/status]	VmRSSPercent: 0.121944 %
20220312 013616.726 INFO             PET1 PIOc_freedecomp Enter - MemInfo: [malloc] Non-mmapped space allocated:                10354688 Byte
20220312 013616.726 INFO             PET1 PIOc_freedecomp Enter - MemInfo: [malloc] Space allocated in mmapped regions:         85999616 Byte
20220312 013616.726 INFO             PET1 PIOc_freedecomp Enter - MemInfo: [malloc] Maximum total allocated space:                     0 Byte
20220312 013616.726 INFO             PET1 PIOc_freedecomp Enter - MemInfo: [malloc] Space in freed fastbin blocks:                   576 Byte
20220312 013616.726 INFO             PET1 PIOc_freedecomp Enter - MemInfo: [malloc] Total allocated space:                       6006848 Byte
20220312 013616.726 INFO             PET1 PIOc_freedecomp Enter - MemInfo: [malloc] Total free space:                            4347840 Byte
20220312 013616.726 INFO             PET1 PIOc_freedecomp Enter - MemInfo: [malloc] Top-most, releasable space:                  2228400 Byte
20220312 013616.726 INFO             PET1 PIOc_freedecomp Enter - MemInfo: [malloc] Total space in use, mmap + non-mmap:        92006464 Byte
20220312 013616.726 INFO             PET1 PIOc_freedecomp Enter - MemInfo: [malloc] Total space held (mmap + non-mmap):         96354304 Byte
20220312 013616.726 INFO             PET1 PIOc_freedecomp Enter - MemInfo: [malloc] Total space used (mmap + non-mmap):         92015824 Byte
20220312 013616.726 INFO             PET1 PIOc_freedecomp Enter - MemInfo: Wall-clock time since execution start:               0.129061 seconds
20220312 013616.726 INFO             PET1 PIOc_freedecomp Exit - MemInfo: [/proc/meminfo - SSI]	MemTotal:       131394444 kB
20220312 013616.726 INFO             PET1 PIOc_freedecomp Exit - MemInfo: [/proc/meminfo - SSI]	MemFree:        118748556 kB
20220312 013616.726 INFO             PET1 PIOc_freedecomp Exit - MemInfo: [/proc/meminfo - SSI]	MemAvailable:   118412640 kB
20220312 013616.726 INFO             PET1 PIOc_freedecomp Exit - MemInfo: [/proc/meminfo - SSI]	Committed_AS:    3880564 kB
20220312 013616.726 INFO             PET1 PIOc_freedecomp Exit - MemInfo: [/proc/meminfo - SSI]	CommittedPercent: 2.95337 %
20220312 013616.726 INFO             PET1 PIOc_freedecomp Exit - MemInfo: [/proc/self/status]	VmPeak:	 3804832 kB
20220312 013616.726 INFO             PET1 PIOc_freedecomp Exit - MemInfo: [/proc/self/status]	VmSize:	 3803812 kB
20220312 013616.726 INFO             PET1 PIOc_freedecomp Exit - MemInfo: [/proc/self/status]	VmLck:	       0 kB
20220312 013616.726 INFO             PET1 PIOc_freedecomp Exit - MemInfo: [/proc/self/status]	VmPin:	   82140 kB
20220312 013616.726 INFO             PET1 PIOc_freedecomp Exit - MemInfo: [/proc/self/status]	VmHWM:	  160228 kB
20220312 013616.726 INFO             PET1 PIOc_freedecomp Exit - MemInfo: [/proc/self/status]	VmRSS:	  160228 kB
20220312 013616.727 INFO             PET1 PIOc_freedecomp Exit - MemInfo: [/proc/self/status]	VmData:	  273904 kB
20220312 013616.727 INFO             PET1 PIOc_freedecomp Exit - MemInfo: [/proc/self/status]	VmStk:	     512 kB
20220312 013616.727 INFO             PET1 PIOc_freedecomp Exit - MemInfo: [/proc/self/status]	VmExe:	    1952 kB
20220312 013616.727 INFO             PET1 PIOc_freedecomp Exit - MemInfo: [/proc/self/status]	VmLib:	  104128 kB
20220312 013616.727 INFO             PET1 PIOc_freedecomp Exit - MemInfo: [/proc/self/status]	VmPTE:	     720 kB
20220312 013616.727 INFO             PET1 PIOc_freedecomp Exit - MemInfo: [/proc/self/status]	VmPMD:	      28 kB
20220312 013616.727 INFO             PET1 PIOc_freedecomp Exit - MemInfo: [/proc/self/status]	VmSwap:	       0 kB
20220312 013616.727 INFO             PET1 PIOc_freedecomp Exit - MemInfo: [/proc/self/status]	VmRSSPercent: 0.121944 %
20220312 013616.727 INFO             PET1 PIOc_freedecomp Exit - MemInfo: [malloc] Non-mmapped space allocated:                10354688 Byte
20220312 013616.727 INFO             PET1 PIOc_freedecomp Exit - MemInfo: [malloc] Space allocated in mmapped regions:         85999616 Byte
20220312 013616.727 INFO             PET1 PIOc_freedecomp Exit - MemInfo: [malloc] Maximum total allocated space:                     0 Byte
20220312 013616.727 INFO             PET1 PIOc_freedecomp Exit - MemInfo: [malloc] Space in freed fastbin blocks:                   720 Byte
20220312 013616.727 INFO             PET1 PIOc_freedecomp Exit - MemInfo: [malloc] Total allocated space:                       6004608 Byte
20220312 013616.727 INFO             PET1 PIOc_freedecomp Exit - MemInfo: [malloc] Total free space:                            4350080 Byte
20220312 013616.727 INFO             PET1 PIOc_freedecomp Exit - MemInfo: [malloc] Top-most, releasable space:                  2228400 Byte
20220312 013616.727 INFO             PET1 PIOc_freedecomp Exit - MemInfo: [malloc] Total space in use, mmap + non-mmap:        92004224 Byte
20220312 013616.727 INFO             PET1 PIOc_freedecomp Exit - MemInfo: [malloc] Total space held (mmap + non-mmap):         96354304 Byte
20220312 013616.727 INFO             PET1 PIOc_freedecomp Exit - MemInfo: [malloc] Total space used (mmap + non-mmap):         92013584 Byte
20220312 013616.727 INFO             PET1 PIOc_freedecomp Exit - MemInfo: Wall-clock time since execution start:               0.129418 seconds
20220312 013616.727 INFO             PET1 PIOc_sync Enter - MemInfo: [/proc/meminfo - SSI]	MemTotal:       131394444 kB
20220312 013616.727 INFO             PET1 PIOc_sync Enter - MemInfo: [/proc/meminfo - SSI]	MemFree:        118748556 kB
20220312 013616.727 INFO             PET1 PIOc_sync Enter - MemInfo: [/proc/meminfo - SSI]	MemAvailable:   118412640 kB
20220312 013616.727 INFO             PET1 PIOc_sync Enter - MemInfo: [/proc/meminfo - SSI]	Committed_AS:    3880564 kB
20220312 013616.727 INFO             PET1 PIOc_sync Enter - MemInfo: [/proc/meminfo - SSI]	CommittedPercent: 2.95337 %
20220312 013616.727 INFO             PET1 PIOc_sync Enter - MemInfo: [/proc/self/status]	VmPeak:	 3804832 kB
20220312 013616.727 INFO             PET1 PIOc_sync Enter - MemInfo: [/proc/self/status]	VmSize:	 3803812 kB
20220312 013616.727 INFO             PET1 PIOc_sync Enter - MemInfo: [/proc/self/status]	VmLck:	       0 kB
20220312 013616.727 INFO             PET1 PIOc_sync Enter - MemInfo: [/proc/self/status]	VmPin:	   82140 kB
20220312 013616.727 INFO             PET1 PIOc_sync Enter - MemInfo: [/proc/self/status]	VmHWM:	  160288 kB
20220312 013616.727 INFO             PET1 PIOc_sync Enter - MemInfo: [/proc/self/status]	VmRSS:	  160288 kB
20220312 013616.728 INFO             PET1 PIOc_sync Enter - MemInfo: [/proc/self/status]	VmData:	  273904 kB
20220312 013616.728 INFO             PET1 PIOc_sync Enter - MemInfo: [/proc/self/status]	VmStk:	     512 kB
20220312 013616.728 INFO             PET1 PIOc_sync Enter - MemInfo: [/proc/self/status]	VmExe:	    1952 kB
20220312 013616.728 INFO             PET1 PIOc_sync Enter - MemInfo: [/proc/self/status]	VmLib:	  104128 kB
20220312 013616.728 INFO             PET1 PIOc_sync Enter - MemInfo: [/proc/self/status]	VmPTE:	     720 kB
20220312 013616.728 INFO             PET1 PIOc_sync Enter - MemInfo: [/proc/self/status]	VmPMD:	      28 kB
20220312 013616.728 INFO             PET1 PIOc_sync Enter - MemInfo: [/proc/self/status]	VmSwap:	       0 kB
20220312 013616.728 INFO             PET1 PIOc_sync Enter - MemInfo: [/proc/self/status]	VmRSSPercent: 0.12199 %
20220312 013616.728 INFO             PET1 PIOc_sync Enter - MemInfo: [malloc] Non-mmapped space allocated:                10354688 Byte
20220312 013616.728 INFO             PET1 PIOc_sync Enter - MemInfo: [malloc] Space allocated in mmapped regions:         85999616 Byte
20220312 013616.728 INFO             PET1 PIOc_sync Enter - MemInfo: [malloc] Maximum total allocated space:                     0 Byte
20220312 013616.728 INFO             PET1 PIOc_sync Enter - MemInfo: [malloc] Space in freed fastbin blocks:                  2672 Byte
20220312 013616.728 INFO             PET1 PIOc_sync Enter - MemInfo: [malloc] Total allocated space:                       6009600 Byte
20220312 013616.728 INFO             PET1 PIOc_sync Enter - MemInfo: [malloc] Total free space:                            4345088 Byte
20220312 013616.728 INFO             PET1 PIOc_sync Enter - MemInfo: [malloc] Top-most, releasable space:                  2228400 Byte
20220312 013616.728 INFO             PET1 PIOc_sync Enter - MemInfo: [malloc] Total space in use, mmap + non-mmap:        92009216 Byte
20220312 013616.728 INFO             PET1 PIOc_sync Enter - MemInfo: [malloc] Total space held (mmap + non-mmap):         96354304 Byte
20220312 013616.728 INFO             PET1 PIOc_sync Enter - MemInfo: [malloc] Total space used (mmap + non-mmap):         92018576 Byte
20220312 013616.728 INFO             PET1 PIOc_sync Enter - MemInfo: Wall-clock time since execution start:               0.130419 seconds
20220312 013616.728 INFO             PET1 PIOc_sync Exit - MemInfo: [/proc/meminfo - SSI]	MemTotal:       131394444 kB
20220312 013616.728 INFO             PET1 PIOc_sync Exit - MemInfo: [/proc/meminfo - SSI]	MemFree:        118748556 kB
20220312 013616.728 INFO             PET1 PIOc_sync Exit - MemInfo: [/proc/meminfo - SSI]	MemAvailable:   118412640 kB
20220312 013616.728 INFO             PET1 PIOc_sync Exit - MemInfo: [/proc/meminfo - SSI]	Committed_AS:    3880564 kB
20220312 013616.728 INFO             PET1 PIOc_sync Exit - MemInfo: [/proc/meminfo - SSI]	CommittedPercent: 2.95337 %
20220312 013616.728 INFO             PET1 PIOc_sync Exit - MemInfo: [/proc/self/status]	VmPeak:	 3804832 kB
20220312 013616.728 INFO             PET1 PIOc_sync Exit - MemInfo: [/proc/self/status]	VmSize:	 3803812 kB
20220312 013616.728 INFO             PET1 PIOc_sync Exit - MemInfo: [/proc/self/status]	VmLck:	       0 kB
20220312 013616.728 INFO             PET1 PIOc_sync Exit - MemInfo: [/proc/self/status]	VmPin:	   82140 kB
20220312 013616.728 INFO             PET1 PIOc_sync Exit - MemInfo: [/proc/self/status]	VmHWM:	  160288 kB
20220312 013616.728 INFO             PET1 PIOc_sync Exit - MemInfo: [/proc/self/status]	VmRSS:	  160288 kB
20220312 013616.728 INFO             PET1 PIOc_sync Exit - MemInfo: [/proc/self/status]	VmData:	  273904 kB
20220312 013616.728 INFO             PET1 PIOc_sync Exit - MemInfo: [/proc/self/status]	VmStk:	     512 kB
20220312 013616.728 INFO             PET1 PIOc_sync Exit - MemInfo: [/proc/self/status]	VmExe:	    1952 kB
20220312 013616.728 INFO             PET1 PIOc_sync Exit - MemInfo: [/proc/self/status]	VmLib:	  104128 kB
20220312 013616.728 INFO             PET1 PIOc_sync Exit - MemInfo: [/proc/self/status]	VmPTE:	     720 kB
20220312 013616.728 INFO             PET1 PIOc_sync Exit - MemInfo: [/proc/self/status]	VmPMD:	      28 kB
20220312 013616.728 INFO             PET1 PIOc_sync Exit - MemInfo: [/proc/self/status]	VmSwap:	       0 kB
20220312 013616.728 INFO             PET1 PIOc_sync Exit - MemInfo: [/proc/self/status]	VmRSSPercent: 0.12199 %
20220312 013616.728 INFO             PET1 PIOc_sync Exit - MemInfo: [malloc] Non-mmapped space allocated:                10354688 Byte
20220312 013616.728 INFO             PET1 PIOc_sync Exit - MemInfo: [malloc] Space allocated in mmapped regions:         85999616 Byte
20220312 013616.728 INFO             PET1 PIOc_sync Exit - MemInfo: [malloc] Maximum total allocated space:                     0 Byte
20220312 013616.728 INFO             PET1 PIOc_sync Exit - MemInfo: [malloc] Space in freed fastbin blocks:                   608 Byte
20220312 013616.728 INFO             PET1 PIOc_sync Exit - MemInfo: [malloc] Total allocated space:                       6008592 Byte
20220312 013616.728 INFO             PET1 PIOc_sync Exit - MemInfo: [malloc] Total free space:                            4346096 Byte
20220312 013616.728 INFO             PET1 PIOc_sync Exit - MemInfo: [malloc] Top-most, releasable space:                  2228400 Byte
20220312 013616.728 INFO             PET1 PIOc_sync Exit - MemInfo: [malloc] Total space in use, mmap + non-mmap:        92008208 Byte
20220312 013616.728 INFO             PET1 PIOc_sync Exit - MemInfo: [malloc] Total space held (mmap + non-mmap):         96354304 Byte
20220312 013616.728 INFO             PET1 PIOc_sync Exit - MemInfo: [malloc] Total space used (mmap + non-mmap):         92017568 Byte
20220312 013616.728 INFO             PET1 PIOc_sync Exit - MemInfo: Wall-clock time since execution start:               0.130932 seconds
20220312 013616.728 INFO             PET1 PIOc_freedecomp Enter - MemInfo: [/proc/meminfo - SSI]	MemTotal:       131394444 kB
20220312 013616.728 INFO             PET1 PIOc_freedecomp Enter - MemInfo: [/proc/meminfo - SSI]	MemFree:        118748556 kB
20220312 013616.728 INFO             PET1 PIOc_freedecomp Enter - MemInfo: [/proc/meminfo - SSI]	MemAvailable:   118412640 kB
20220312 013616.728 INFO             PET1 PIOc_freedecomp Enter - MemInfo: [/proc/meminfo - SSI]	Committed_AS:    3880564 kB
20220312 013616.728 INFO             PET1 PIOc_freedecomp Enter - MemInfo: [/proc/meminfo - SSI]	CommittedPercent: 2.95337 %
20220312 013616.728 INFO             PET1 PIOc_freedecomp Enter - MemInfo: [/proc/self/status]	VmPeak:	 3804832 kB
20220312 013616.728 INFO             PET1 PIOc_freedecomp Enter - MemInfo: [/proc/self/status]	VmSize:	 3803812 kB
20220312 013616.728 INFO             PET1 PIOc_freedecomp Enter - MemInfo: [/proc/self/status]	VmLck:	       0 kB
20220312 013616.728 INFO             PET1 PIOc_freedecomp Enter - MemInfo: [/proc/self/status]	VmPin:	   82140 kB
20220312 013616.728 INFO             PET1 PIOc_freedecomp Enter - MemInfo: [/proc/self/status]	VmHWM:	  160288 kB
20220312 013616.728 INFO             PET1 PIOc_freedecomp Enter - MemInfo: [/proc/self/status]	VmRSS:	  160288 kB
20220312 013616.728 INFO             PET1 PIOc_freedecomp Enter - MemInfo: [/proc/self/status]	VmData:	  273904 kB
20220312 013616.728 INFO             PET1 PIOc_freedecomp Enter - MemInfo: [/proc/self/status]	VmStk:	     512 kB
20220312 013616.728 INFO             PET1 PIOc_freedecomp Enter - MemInfo: [/proc/self/status]	VmExe:	    1952 kB
20220312 013616.728 INFO             PET1 PIOc_freedecomp Enter - MemInfo: [/proc/self/status]	VmLib:	  104128 kB
20220312 013616.728 INFO             PET1 PIOc_freedecomp Enter - MemInfo: [/proc/self/status]	VmPTE:	     720 kB
20220312 013616.728 INFO             PET1 PIOc_freedecomp Enter - MemInfo: [/proc/self/status]	VmPMD:	      28 kB
20220312 013616.728 INFO             PET1 PIOc_freedecomp Enter - MemInfo: [/proc/self/status]	VmSwap:	       0 kB
20220312 013616.729 INFO             PET1 PIOc_freedecomp Enter - MemInfo: [/proc/self/status]	VmRSSPercent: 0.12199 %
20220312 013616.729 INFO             PET1 PIOc_freedecomp Enter - MemInfo: [malloc] Non-mmapped space allocated:                10354688 Byte
20220312 013616.729 INFO             PET1 PIOc_freedecomp Enter - MemInfo: [malloc] Space allocated in mmapped regions:         85999616 Byte
20220312 013616.729 INFO             PET1 PIOc_freedecomp Enter - MemInfo: [malloc] Maximum total allocated space:                     0 Byte
20220312 013616.729 INFO             PET1 PIOc_freedecomp Enter - MemInfo: [malloc] Space in freed fastbin blocks:                   704 Byte
20220312 013616.729 INFO             PET1 PIOc_freedecomp Enter - MemInfo: [malloc] Total allocated space:                       6006832 Byte
20220312 013616.729 INFO             PET1 PIOc_freedecomp Enter - MemInfo: [malloc] Total free space:                            4347856 Byte
20220312 013616.729 INFO             PET1 PIOc_freedecomp Enter - MemInfo: [malloc] Top-most, releasable space:                  2228400 Byte
20220312 013616.729 INFO             PET1 PIOc_freedecomp Enter - MemInfo: [malloc] Total space in use, mmap + non-mmap:        92006448 Byte
20220312 013616.729 INFO             PET1 PIOc_freedecomp Enter - MemInfo: [malloc] Total space held (mmap + non-mmap):         96354304 Byte
20220312 013616.729 INFO             PET1 PIOc_freedecomp Enter - MemInfo: [malloc] Total space used (mmap + non-mmap):         92015808 Byte
20220312 013616.729 INFO             PET1 PIOc_freedecomp Enter - MemInfo: Wall-clock time since execution start:               0.131359 seconds
20220312 013616.729 INFO             PET1 PIOc_freedecomp Exit - MemInfo: [/proc/meminfo - SSI]	MemTotal:       131394444 kB
20220312 013616.729 INFO             PET1 PIOc_freedecomp Exit - MemInfo: [/proc/meminfo - SSI]	MemFree:        118748556 kB
20220312 013616.729 INFO             PET1 PIOc_freedecomp Exit - MemInfo: [/proc/meminfo - SSI]	MemAvailable:   118412640 kB
20220312 013616.729 INFO             PET1 PIOc_freedecomp Exit - MemInfo: [/proc/meminfo - SSI]	Committed_AS:    3880564 kB
20220312 013616.729 INFO             PET1 PIOc_freedecomp Exit - MemInfo: [/proc/meminfo - SSI]	CommittedPercent: 2.95337 %
20220312 013616.729 INFO             PET1 PIOc_freedecomp Exit - MemInfo: [/proc/self/status]	VmPeak:	 3804832 kB
20220312 013616.729 INFO             PET1 PIOc_freedecomp Exit - MemInfo: [/proc/self/status]	VmSize:	 3803812 kB
20220312 013616.729 INFO             PET1 PIOc_freedecomp Exit - MemInfo: [/proc/self/status]	VmLck:	       0 kB
20220312 013616.729 INFO             PET1 PIOc_freedecomp Exit - MemInfo: [/proc/self/status]	VmPin:	   82140 kB
20220312 013616.729 INFO             PET1 PIOc_freedecomp Exit - MemInfo: [/proc/self/status]	VmHWM:	  160288 kB
20220312 013616.729 INFO             PET1 PIOc_freedecomp Exit - MemInfo: [/proc/self/status]	VmRSS:	  160288 kB
20220312 013616.729 INFO             PET1 PIOc_freedecomp Exit - MemInfo: [/proc/self/status]	VmData:	  273904 kB
20220312 013616.729 INFO             PET1 PIOc_freedecomp Exit - MemInfo: [/proc/self/status]	VmStk:	     512 kB
20220312 013616.729 INFO             PET1 PIOc_freedecomp Exit - MemInfo: [/proc/self/status]	VmExe:	    1952 kB
20220312 013616.729 INFO             PET1 PIOc_freedecomp Exit - MemInfo: [/proc/self/status]	VmLib:	  104128 kB
20220312 013616.729 INFO             PET1 PIOc_freedecomp Exit - MemInfo: [/proc/self/status]	VmPTE:	     720 kB
20220312 013616.729 INFO             PET1 PIOc_freedecomp Exit - MemInfo: [/proc/self/status]	VmPMD:	      28 kB
20220312 013616.729 INFO             PET1 PIOc_freedecomp Exit - MemInfo: [/proc/self/status]	VmSwap:	       0 kB
20220312 013616.729 INFO             PET1 PIOc_freedecomp Exit - MemInfo: [/proc/self/status]	VmRSSPercent: 0.12199 %
20220312 013616.729 INFO             PET1 PIOc_freedecomp Exit - MemInfo: [malloc] Non-mmapped space allocated:                10354688 Byte
20220312 013616.729 INFO             PET1 PIOc_freedecomp Exit - MemInfo: [malloc] Space allocated in mmapped regions:         85999616 Byte
20220312 013616.729 INFO             PET1 PIOc_freedecomp Exit - MemInfo: [malloc] Maximum total allocated space:                     0 Byte
20220312 013616.729 INFO             PET1 PIOc_freedecomp Exit - MemInfo: [malloc] Space in freed fastbin blocks:                   720 Byte
20220312 013616.729 INFO             PET1 PIOc_freedecomp Exit - MemInfo: [malloc] Total allocated space:                       6004576 Byte
20220312 013616.729 INFO             PET1 PIOc_freedecomp Exit - MemInfo: [malloc] Total free space:                            4350112 Byte
20220312 013616.729 INFO             PET1 PIOc_freedecomp Exit - MemInfo: [malloc] Top-most, releasable space:                  2228400 Byte
20220312 013616.729 INFO             PET1 PIOc_freedecomp Exit - MemInfo: [malloc] Total space in use, mmap + non-mmap:        92004192 Byte
20220312 013616.729 INFO             PET1 PIOc_freedecomp Exit - MemInfo: [malloc] Total space held (mmap + non-mmap):         96354304 Byte
20220312 013616.729 INFO             PET1 PIOc_freedecomp Exit - MemInfo: [malloc] Total space used (mmap + non-mmap):         92013552 Byte
20220312 013616.729 INFO             PET1 PIOc_freedecomp Exit - MemInfo: Wall-clock time since execution start:               0.131713 seconds
20220312 013616.730 INFO             PET1 PIOc_sync Enter - MemInfo: [/proc/meminfo - SSI]	MemTotal:       131394444 kB
20220312 013616.730 INFO             PET1 PIOc_sync Enter - MemInfo: [/proc/meminfo - SSI]	MemFree:        118748556 kB
20220312 013616.730 INFO             PET1 PIOc_sync Enter - MemInfo: [/proc/meminfo - SSI]	MemAvailable:   118412640 kB
20220312 013616.730 INFO             PET1 PIOc_sync Enter - MemInfo: [/proc/meminfo - SSI]	Committed_AS:    3880564 kB
20220312 013616.730 INFO             PET1 PIOc_sync Enter - MemInfo: [/proc/meminfo - SSI]	CommittedPercent: 2.95337 %
20220312 013616.730 INFO             PET1 PIOc_sync Enter - MemInfo: [/proc/self/status]	VmPeak:	 3804832 kB
20220312 013616.730 INFO             PET1 PIOc_sync Enter - MemInfo: [/proc/self/status]	VmSize:	 3803812 kB
20220312 013616.730 INFO             PET1 PIOc_sync Enter - MemInfo: [/proc/self/status]	VmLck:	       0 kB
20220312 013616.730 INFO             PET1 PIOc_sync Enter - MemInfo: [/proc/self/status]	VmPin:	   82140 kB
20220312 013616.730 INFO             PET1 PIOc_sync Enter - MemInfo: [/proc/self/status]	VmHWM:	  160344 kB
20220312 013616.730 INFO             PET1 PIOc_sync Enter - MemInfo: [/proc/self/status]	VmRSS:	  160344 kB
20220312 013616.730 INFO             PET1 PIOc_sync Enter - MemInfo: [/proc/self/status]	VmData:	  273904 kB
20220312 013616.730 INFO             PET1 PIOc_sync Enter - MemInfo: [/proc/self/status]	VmStk:	     512 kB
20220312 013616.730 INFO             PET1 PIOc_sync Enter - MemInfo: [/proc/self/status]	VmExe:	    1952 kB
20220312 013616.730 INFO             PET1 PIOc_sync Enter - MemInfo: [/proc/self/status]	VmLib:	  104128 kB
20220312 013616.730 INFO             PET1 PIOc_sync Enter - MemInfo: [/proc/self/status]	VmPTE:	     720 kB
20220312 013616.730 INFO             PET1 PIOc_sync Enter - MemInfo: [/proc/self/status]	VmPMD:	      28 kB
20220312 013616.730 INFO             PET1 PIOc_sync Enter - MemInfo: [/proc/self/status]	VmSwap:	       0 kB
20220312 013616.730 INFO             PET1 PIOc_sync Enter - MemInfo: [/proc/self/status]	VmRSSPercent: 0.122033 %
20220312 013616.730 INFO             PET1 PIOc_sync Enter - MemInfo: [malloc] Non-mmapped space allocated:                10354688 Byte
20220312 013616.730 INFO             PET1 PIOc_sync Enter - MemInfo: [malloc] Space allocated in mmapped regions:         85999616 Byte
20220312 013616.730 INFO             PET1 PIOc_sync Enter - MemInfo: [malloc] Maximum total allocated space:                     0 Byte
20220312 013616.730 INFO             PET1 PIOc_sync Enter - MemInfo: [malloc] Space in freed fastbin blocks:                  2592 Byte
20220312 013616.730 INFO             PET1 PIOc_sync Enter - MemInfo: [malloc] Total allocated space:                       6009728 Byte
20220312 013616.730 INFO             PET1 PIOc_sync Enter - MemInfo: [malloc] Total free space:                            4344960 Byte
20220312 013616.730 INFO             PET1 PIOc_sync Enter - MemInfo: [malloc] Top-most, releasable space:                  2228400 Byte
20220312 013616.730 INFO             PET1 PIOc_sync Enter - MemInfo: [malloc] Total space in use, mmap + non-mmap:        92009344 Byte
20220312 013616.730 INFO             PET1 PIOc_sync Enter - MemInfo: [malloc] Total space held (mmap + non-mmap):         96354304 Byte
20220312 013616.730 INFO             PET1 PIOc_sync Enter - MemInfo: [malloc] Total space used (mmap + non-mmap):         92018704 Byte
20220312 013616.730 INFO             PET1 PIOc_sync Enter - MemInfo: Wall-clock time since execution start:                0.13269 seconds
20220312 013616.730 INFO             PET1 PIOc_sync Exit - MemInfo: [/proc/meminfo - SSI]	MemTotal:       131394444 kB
20220312 013616.730 INFO             PET1 PIOc_sync Exit - MemInfo: [/proc/meminfo - SSI]	MemFree:        118748556 kB
20220312 013616.730 INFO             PET1 PIOc_sync Exit - MemInfo: [/proc/meminfo - SSI]	MemAvailable:   118412640 kB
20220312 013616.730 INFO             PET1 PIOc_sync Exit - MemInfo: [/proc/meminfo - SSI]	Committed_AS:    3880564 kB
20220312 013616.730 INFO             PET1 PIOc_sync Exit - MemInfo: [/proc/meminfo - SSI]	CommittedPercent: 2.95337 %
20220312 013616.730 INFO             PET1 PIOc_sync Exit - MemInfo: [/proc/self/status]	VmPeak:	 3804832 kB
20220312 013616.730 INFO             PET1 PIOc_sync Exit - MemInfo: [/proc/self/status]	VmSize:	 3803812 kB
20220312 013616.730 INFO             PET1 PIOc_sync Exit - MemInfo: [/proc/self/status]	VmLck:	       0 kB
20220312 013616.730 INFO             PET1 PIOc_sync Exit - MemInfo: [/proc/self/status]	VmPin:	   82140 kB
20220312 013616.730 INFO             PET1 PIOc_sync Exit - MemInfo: [/proc/self/status]	VmHWM:	  160344 kB
20220312 013616.730 INFO             PET1 PIOc_sync Exit - MemInfo: [/proc/self/status]	VmRSS:	  160344 kB
20220312 013616.730 INFO             PET1 PIOc_sync Exit - MemInfo: [/proc/self/status]	VmData:	  273904 kB
20220312 013616.730 INFO             PET1 PIOc_sync Exit - MemInfo: [/proc/self/status]	VmStk:	     512 kB
20220312 013616.730 INFO             PET1 PIOc_sync Exit - MemInfo: [/proc/self/status]	VmExe:	    1952 kB
20220312 013616.730 INFO             PET1 PIOc_sync Exit - MemInfo: [/proc/self/status]	VmLib:	  104128 kB
20220312 013616.730 INFO             PET1 PIOc_sync Exit - MemInfo: [/proc/self/status]	VmPTE:	     720 kB
20220312 013616.730 INFO             PET1 PIOc_sync Exit - MemInfo: [/proc/self/status]	VmPMD:	      28 kB
20220312 013616.730 INFO             PET1 PIOc_sync Exit - MemInfo: [/proc/self/status]	VmSwap:	       0 kB
20220312 013616.730 INFO             PET1 PIOc_sync Exit - MemInfo: [/proc/self/status]	VmRSSPercent: 0.122033 %
20220312 013616.730 INFO             PET1 PIOc_sync Exit - MemInfo: [malloc] Non-mmapped space allocated:                10354688 Byte
20220312 013616.730 INFO             PET1 PIOc_sync Exit - MemInfo: [malloc] Space allocated in mmapped regions:         85999616 Byte
20220312 013616.730 INFO             PET1 PIOc_sync Exit - MemInfo: [malloc] Maximum total allocated space:                     0 Byte
20220312 013616.730 INFO             PET1 PIOc_sync Exit - MemInfo: [malloc] Space in freed fastbin blocks:                   608 Byte
20220312 013616.730 INFO             PET1 PIOc_sync Exit - MemInfo: [malloc] Total allocated space:                       6008720 Byte
20220312 013616.730 INFO             PET1 PIOc_sync Exit - MemInfo: [malloc] Total free space:                            4345968 Byte
20220312 013616.730 INFO             PET1 PIOc_sync Exit - MemInfo: [malloc] Top-most, releasable space:                  2228400 Byte
20220312 013616.730 INFO             PET1 PIOc_sync Exit - MemInfo: [malloc] Total space in use, mmap + non-mmap:        92008336 Byte
20220312 013616.730 INFO             PET1 PIOc_sync Exit - MemInfo: [malloc] Total space held (mmap + non-mmap):         96354304 Byte
20220312 013616.730 INFO             PET1 PIOc_sync Exit - MemInfo: [malloc] Total space used (mmap + non-mmap):         92017696 Byte
20220312 013616.730 INFO             PET1 PIOc_sync Exit - MemInfo: Wall-clock time since execution start:               0.133164 seconds
20220312 013616.730 INFO             PET1 PIOc_freedecomp Enter - MemInfo: [/proc/meminfo - SSI]	MemTotal:       131394444 kB
20220312 013616.731 INFO             PET1 PIOc_freedecomp Enter - MemInfo: [/proc/meminfo - SSI]	MemFree:        118748556 kB
20220312 013616.731 INFO             PET1 PIOc_freedecomp Enter - MemInfo: [/proc/meminfo - SSI]	MemAvailable:   118412640 kB
20220312 013616.731 INFO             PET1 PIOc_freedecomp Enter - MemInfo: [/proc/meminfo - SSI]	Committed_AS:    3880564 kB
20220312 013616.731 INFO             PET1 PIOc_freedecomp Enter - MemInfo: [/proc/meminfo - SSI]	CommittedPercent: 2.95337 %
20220312 013616.731 INFO             PET1 PIOc_freedecomp Enter - MemInfo: [/proc/self/status]	VmPeak:	 3804832 kB
20220312 013616.731 INFO             PET1 PIOc_freedecomp Enter - MemInfo: [/proc/self/status]	VmSize:	 3803812 kB
20220312 013616.731 INFO             PET1 PIOc_freedecomp Enter - MemInfo: [/proc/self/status]	VmLck:	       0 kB
20220312 013616.731 INFO             PET1 PIOc_freedecomp Enter - MemInfo: [/proc/self/status]	VmPin:	   82140 kB
20220312 013616.731 INFO             PET1 PIOc_freedecomp Enter - MemInfo: [/proc/self/status]	VmHWM:	  160344 kB
20220312 013616.731 INFO             PET1 PIOc_freedecomp Enter - MemInfo: [/proc/self/status]	VmRSS:	  160344 kB
20220312 013616.731 INFO             PET1 PIOc_freedecomp Enter - MemInfo: [/proc/self/status]	VmData:	  273904 kB
20220312 013616.731 INFO             PET1 PIOc_freedecomp Enter - MemInfo: [/proc/self/status]	VmStk:	     512 kB
20220312 013616.731 INFO             PET1 PIOc_freedecomp Enter - MemInfo: [/proc/self/status]	VmExe:	    1952 kB
20220312 013616.731 INFO             PET1 PIOc_freedecomp Enter - MemInfo: [/proc/self/status]	VmLib:	  104128 kB
20220312 013616.731 INFO             PET1 PIOc_freedecomp Enter - MemInfo: [/proc/self/status]	VmPTE:	     720 kB
20220312 013616.731 INFO             PET1 PIOc_freedecomp Enter - MemInfo: [/proc/self/status]	VmPMD:	      28 kB
20220312 013616.731 INFO             PET1 PIOc_freedecomp Enter - MemInfo: [/proc/self/status]	VmSwap:	       0 kB
20220312 013616.731 INFO             PET1 PIOc_freedecomp Enter - MemInfo: [/proc/self/status]	VmRSSPercent: 0.122033 %
20220312 013616.731 INFO             PET1 PIOc_freedecomp Enter - MemInfo: [malloc] Non-mmapped space allocated:                10354688 Byte
20220312 013616.731 INFO             PET1 PIOc_freedecomp Enter - MemInfo: [malloc] Space allocated in mmapped regions:         85999616 Byte
20220312 013616.731 INFO             PET1 PIOc_freedecomp Enter - MemInfo: [malloc] Maximum total allocated space:                     0 Byte
20220312 013616.731 INFO             PET1 PIOc_freedecomp Enter - MemInfo: [malloc] Space in freed fastbin blocks:                   800 Byte
20220312 013616.731 INFO             PET1 PIOc_freedecomp Enter - MemInfo: [malloc] Total allocated space:                       6006816 Byte
20220312 013616.731 INFO             PET1 PIOc_freedecomp Enter - MemInfo: [malloc] Total free space:                            4347872 Byte
20220312 013616.731 INFO             PET1 PIOc_freedecomp Enter - MemInfo: [malloc] Top-most, releasable space:                  2228400 Byte
20220312 013616.731 INFO             PET1 PIOc_freedecomp Enter - MemInfo: [malloc] Total space in use, mmap + non-mmap:        92006432 Byte
20220312 013616.731 INFO             PET1 PIOc_freedecomp Enter - MemInfo: [malloc] Total space held (mmap + non-mmap):         96354304 Byte
20220312 013616.731 INFO             PET1 PIOc_freedecomp Enter - MemInfo: [malloc] Total space used (mmap + non-mmap):         92015792 Byte
20220312 013616.731 INFO             PET1 PIOc_freedecomp Enter - MemInfo: Wall-clock time since execution start:               0.133557 seconds
20220312 013616.731 INFO             PET1 PIOc_freedecomp Exit - MemInfo: [/proc/meminfo - SSI]	MemTotal:       131394444 kB
20220312 013616.731 INFO             PET1 PIOc_freedecomp Exit - MemInfo: [/proc/meminfo - SSI]	MemFree:        118748556 kB
20220312 013616.731 INFO             PET1 PIOc_freedecomp Exit - MemInfo: [/proc/meminfo - SSI]	MemAvailable:   118412640 kB
20220312 013616.731 INFO             PET1 PIOc_freedecomp Exit - MemInfo: [/proc/meminfo - SSI]	Committed_AS:    3880564 kB
20220312 013616.731 INFO             PET1 PIOc_freedecomp Exit - MemInfo: [/proc/meminfo - SSI]	CommittedPercent: 2.95337 %
20220312 013616.731 INFO             PET1 PIOc_freedecomp Exit - MemInfo: [/proc/self/status]	VmPeak:	 3804832 kB
20220312 013616.731 INFO             PET1 PIOc_freedecomp Exit - MemInfo: [/proc/self/status]	VmSize:	 3803812 kB
20220312 013616.731 INFO             PET1 PIOc_freedecomp Exit - MemInfo: [/proc/self/status]	VmLck:	       0 kB
20220312 013616.731 INFO             PET1 PIOc_freedecomp Exit - MemInfo: [/proc/self/status]	VmPin:	   82140 kB
20220312 013616.731 INFO             PET1 PIOc_freedecomp Exit - MemInfo: [/proc/self/status]	VmHWM:	  160344 kB
20220312 013616.731 INFO             PET1 PIOc_freedecomp Exit - MemInfo: [/proc/self/status]	VmRSS:	  160344 kB
20220312 013616.731 INFO             PET1 PIOc_freedecomp Exit - MemInfo: [/proc/self/status]	VmData:	  273904 kB
20220312 013616.731 INFO             PET1 PIOc_freedecomp Exit - MemInfo: [/proc/self/status]	VmStk:	     512 kB
20220312 013616.731 INFO             PET1 PIOc_freedecomp Exit - MemInfo: [/proc/self/status]	VmExe:	    1952 kB
20220312 013616.731 INFO             PET1 PIOc_freedecomp Exit - MemInfo: [/proc/self/status]	VmLib:	  104128 kB
20220312 013616.731 INFO             PET1 PIOc_freedecomp Exit - MemInfo: [/proc/self/status]	VmPTE:	     720 kB
20220312 013616.731 INFO             PET1 PIOc_freedecomp Exit - MemInfo: [/proc/self/status]	VmPMD:	      28 kB
20220312 013616.731 INFO             PET1 PIOc_freedecomp Exit - MemInfo: [/proc/self/status]	VmSwap:	       0 kB
20220312 013616.731 INFO             PET1 PIOc_freedecomp Exit - MemInfo: [/proc/self/status]	VmRSSPercent: 0.122033 %
20220312 013616.731 INFO             PET1 PIOc_freedecomp Exit - MemInfo: [malloc] Non-mmapped space allocated:                10354688 Byte
20220312 013616.731 INFO             PET1 PIOc_freedecomp Exit - MemInfo: [malloc] Space allocated in mmapped regions:         85999616 Byte
20220312 013616.731 INFO             PET1 PIOc_freedecomp Exit - MemInfo: [malloc] Maximum total allocated space:                     0 Byte
20220312 013616.731 INFO             PET1 PIOc_freedecomp Exit - MemInfo: [malloc] Space in freed fastbin blocks:                   592 Byte
20220312 013616.731 INFO             PET1 PIOc_freedecomp Exit - MemInfo: [malloc] Total allocated space:                       6004576 Byte
20220312 013616.731 INFO             PET1 PIOc_freedecomp Exit - MemInfo: [malloc] Total free space:                            4350112 Byte
20220312 013616.731 INFO             PET1 PIOc_freedecomp Exit - MemInfo: [malloc] Top-most, releasable space:                  2228400 Byte
20220312 013616.731 INFO             PET1 PIOc_freedecomp Exit - MemInfo: [malloc] Total space in use, mmap + non-mmap:        92004192 Byte
20220312 013616.731 INFO             PET1 PIOc_freedecomp Exit - MemInfo: [malloc] Total space held (mmap + non-mmap):         96354304 Byte
20220312 013616.731 INFO             PET1 PIOc_freedecomp Exit - MemInfo: [malloc] Total space used (mmap + non-mmap):         92013552 Byte
20220312 013616.731 INFO             PET1 PIOc_freedecomp Exit - MemInfo: Wall-clock time since execution start:                 0.1339 seconds
20220312 013616.733 INFO             PET1  PASS  ESMF_FieldRegridStoreFromFile Unit Test, ESMF_FieldSMMFromFileUTest.F90, line 315
20220312 013616.733 INFO             PET1  Ending Test, file ESMF_FieldSMMFromFileUTest.F90, line 322
20220312 013616.733 INFO             PET1 Finalizing ESMF
20220312 013616.610 INFO             PET2 !!!!!!!!!!!!!!!!!!!!!!!!!!!!!!!!!!!!!!!!!!!!!!!!!!!!!!
20220312 013616.610 INFO             PET2 !!! THE ESMF_LOG IS SET TO OUTPUT ALL LOG MESSAGES !!!
20220312 013616.610 INFO             PET2 !!!     THIS MAY CAUSE SLOWDOWN IN PERFORMANCE     !!!
20220312 013616.610 INFO             PET2 !!! FOR PRODUCTION RUNS, USE:                      !!!
20220312 013616.610 INFO             PET2 !!!                   ESMF_LOGKIND_Multi_On_Error  !!!
20220312 013616.610 INFO             PET2 !!!!!!!!!!!!!!!!!!!!!!!!!!!!!!!!!!!!!!!!!!!!!!!!!!!!!!
20220312 013616.610 INFO             PET2 Running with ESMF Version   : v8.3.0b09-96-g559b459836
20220312 013616.610 INFO             PET2 ESMF library build date/time: "Mar 12 2022" "01:13:12"
20220312 013616.610 INFO             PET2 ESMF library build location : /gpfsm/dnb04/projects/p98/mpotts/esmf/intel_2020_intelmpi_O_jedwards_pio_update2
20220312 013616.610 INFO             PET2 ESMF_COMM                   : intelmpi
20220312 013616.611 INFO             PET2 ESMF_MOAB                   : enabled
20220312 013616.611 INFO             PET2 ESMF_LAPACK                 : enabled
20220312 013616.611 INFO             PET2 ESMF_NETCDF                 : enabled
20220312 013616.611 INFO             PET2 ESMF_PNETCDF                : disabled
20220312 013616.611 INFO             PET2 ESMF_PIO                    : enabled
20220312 013616.611 INFO             PET2 ESMF_YAMLCPP                : enabled
20220312 013616.611 INFO             PET2  Beginning Test, file ESMF_FieldSMMFromFileUTest.F90, line 287
20220312 013616.611 INFO             PET2  NUMBER_OF_PROCESSORS           4
20220312 013616.719 INFO             PET2  PASS  ESMF_FieldSMMFromFile Unit Test, ESMF_FieldSMMFromFileUTest.F90, line 300
20220312 013616.725 INFO             PET2 PIOc_sync Enter - MemInfo: [/proc/meminfo - SSI]	MemTotal:       131394444 kB
20220312 013616.725 INFO             PET2 PIOc_sync Enter - MemInfo: [/proc/meminfo - SSI]	MemFree:        118748556 kB
20220312 013616.725 INFO             PET2 PIOc_sync Enter - MemInfo: [/proc/meminfo - SSI]	MemAvailable:   118412640 kB
20220312 013616.725 INFO             PET2 PIOc_sync Enter - MemInfo: [/proc/meminfo - SSI]	Committed_AS:    3880564 kB
20220312 013616.725 INFO             PET2 PIOc_sync Enter - MemInfo: [/proc/meminfo - SSI]	CommittedPercent: 2.95337 %
20220312 013616.725 INFO             PET2 PIOc_sync Enter - MemInfo: [/proc/self/status]	VmPeak:	 3798636 kB
20220312 013616.725 INFO             PET2 PIOc_sync Enter - MemInfo: [/proc/self/status]	VmSize:	 3781236 kB
20220312 013616.725 INFO             PET2 PIOc_sync Enter - MemInfo: [/proc/self/status]	VmLck:	       0 kB
20220312 013616.725 INFO             PET2 PIOc_sync Enter - MemInfo: [/proc/self/status]	VmPin:	   82140 kB
20220312 013616.725 INFO             PET2 PIOc_sync Enter - MemInfo: [/proc/self/status]	VmHWM:	  163292 kB
20220312 013616.725 INFO             PET2 PIOc_sync Enter - MemInfo: [/proc/self/status]	VmRSS:	  163292 kB
20220312 013616.725 INFO             PET2 PIOc_sync Enter - MemInfo: [/proc/self/status]	VmData:	  251328 kB
20220312 013616.725 INFO             PET2 PIOc_sync Enter - MemInfo: [/proc/self/status]	VmStk:	     512 kB
20220312 013616.725 INFO             PET2 PIOc_sync Enter - MemInfo: [/proc/self/status]	VmExe:	    1952 kB
20220312 013616.725 INFO             PET2 PIOc_sync Enter - MemInfo: [/proc/self/status]	VmLib:	  104128 kB
20220312 013616.725 INFO             PET2 PIOc_sync Enter - MemInfo: [/proc/self/status]	VmPTE:	     740 kB
20220312 013616.725 INFO             PET2 PIOc_sync Enter - MemInfo: [/proc/self/status]	VmPMD:	      32 kB
20220312 013616.725 INFO             PET2 PIOc_sync Enter - MemInfo: [/proc/self/status]	VmSwap:	       0 kB
20220312 013616.725 INFO             PET2 PIOc_sync Enter - MemInfo: [/proc/self/status]	VmRSSPercent: 0.124276 %
20220312 013616.725 INFO             PET2 PIOc_sync Enter - MemInfo: [malloc] Non-mmapped space allocated:                33378304 Byte
20220312 013616.725 INFO             PET2 PIOc_sync Enter - MemInfo: [malloc] Space allocated in mmapped regions:         62926848 Byte
20220312 013616.725 INFO             PET2 PIOc_sync Enter - MemInfo: [malloc] Maximum total allocated space:                     0 Byte
20220312 013616.725 INFO             PET2 PIOc_sync Enter - MemInfo: [malloc] Space in freed fastbin blocks:                  2560 Byte
20220312 013616.725 INFO             PET2 PIOc_sync Enter - MemInfo: [malloc] Total allocated space:                      26981040 Byte
20220312 013616.725 INFO             PET2 PIOc_sync Enter - MemInfo: [malloc] Total free space:                            6397264 Byte
20220312 013616.725 INFO             PET2 PIOc_sync Enter - MemInfo: [malloc] Top-most, releasable space:                  2231664 Byte
20220312 013616.725 INFO             PET2 PIOc_sync Enter - MemInfo: [malloc] Total space in use, mmap + non-mmap:        89907888 Byte
20220312 013616.725 INFO             PET2 PIOc_sync Enter - MemInfo: [malloc] Total space held (mmap + non-mmap):         96305152 Byte
20220312 013616.725 INFO             PET2 PIOc_sync Enter - MemInfo: [malloc] Total space used (mmap + non-mmap):         89917248 Byte
20220312 013616.725 INFO             PET2 PIOc_sync Enter - MemInfo: Wall-clock time since execution start:               0.126682 seconds
20220312 013616.726 INFO             PET2 PIOc_sync Exit - MemInfo: [/proc/meminfo - SSI]	MemTotal:       131394444 kB
20220312 013616.726 INFO             PET2 PIOc_sync Exit - MemInfo: [/proc/meminfo - SSI]	MemFree:        118748556 kB
20220312 013616.726 INFO             PET2 PIOc_sync Exit - MemInfo: [/proc/meminfo - SSI]	MemAvailable:   118412640 kB
20220312 013616.726 INFO             PET2 PIOc_sync Exit - MemInfo: [/proc/meminfo - SSI]	Committed_AS:    3880564 kB
20220312 013616.726 INFO             PET2 PIOc_sync Exit - MemInfo: [/proc/meminfo - SSI]	CommittedPercent: 2.95337 %
20220312 013616.726 INFO             PET2 PIOc_sync Exit - MemInfo: [/proc/self/status]	VmPeak:	 3798636 kB
20220312 013616.726 INFO             PET2 PIOc_sync Exit - MemInfo: [/proc/self/status]	VmSize:	 3781236 kB
20220312 013616.726 INFO             PET2 PIOc_sync Exit - MemInfo: [/proc/self/status]	VmLck:	       0 kB
20220312 013616.726 INFO             PET2 PIOc_sync Exit - MemInfo: [/proc/self/status]	VmPin:	   82140 kB
20220312 013616.726 INFO             PET2 PIOc_sync Exit - MemInfo: [/proc/self/status]	VmHWM:	  163368 kB
20220312 013616.726 INFO             PET2 PIOc_sync Exit - MemInfo: [/proc/self/status]	VmRSS:	  163368 kB
20220312 013616.726 INFO             PET2 PIOc_sync Exit - MemInfo: [/proc/self/status]	VmData:	  251328 kB
20220312 013616.726 INFO             PET2 PIOc_sync Exit - MemInfo: [/proc/self/status]	VmStk:	     512 kB
20220312 013616.726 INFO             PET2 PIOc_sync Exit - MemInfo: [/proc/self/status]	VmExe:	    1952 kB
20220312 013616.726 INFO             PET2 PIOc_sync Exit - MemInfo: [/proc/self/status]	VmLib:	  104128 kB
