build time -- 2022-03-14 01:14:31.457989
20220314 013324.428 INFO             PET0 !!!!!!!!!!!!!!!!!!!!!!!!!!!!!!!!!!!!!!!!!!!!!!!!!!!!!!
20220314 013324.428 INFO             PET0 !!! THE ESMF_LOG IS SET TO OUTPUT ALL LOG MESSAGES !!!
20220314 013324.428 INFO             PET0 !!!     THIS MAY CAUSE SLOWDOWN IN PERFORMANCE     !!!
20220314 013324.428 INFO             PET0 !!! FOR PRODUCTION RUNS, USE:                      !!!
20220314 013324.428 INFO             PET0 !!!                   ESMF_LOGKIND_Multi_On_Error  !!!
20220314 013324.428 INFO             PET0 !!!!!!!!!!!!!!!!!!!!!!!!!!!!!!!!!!!!!!!!!!!!!!!!!!!!!!
20220314 013324.428 INFO             PET0 Running with ESMF Version   : v8.3.0b09-96-g559b459836
20220314 013324.428 INFO             PET0 ESMF library build date/time: "Mar 14 2022" "01:12:17"
20220314 013324.428 INFO             PET0 ESMF library build location : /gpfsm/dnb04/projects/p98/mpotts/esmf/intel_2020_intelmpi_O_jedwards_pio_update2
20220314 013324.428 INFO             PET0 ESMF_COMM                   : intelmpi
20220314 013324.428 INFO             PET0 ESMF_MOAB                   : enabled
20220314 013324.428 INFO             PET0 ESMF_LAPACK                 : enabled
20220314 013324.428 INFO             PET0 ESMF_NETCDF                 : enabled
20220314 013324.428 INFO             PET0 ESMF_PNETCDF                : disabled
20220314 013324.428 INFO             PET0 ESMF_PIO                    : enabled
20220314 013324.428 INFO             PET0 ESMF_YAMLCPP                : enabled
20220314 013324.429 INFO             PET0  Beginning Test, file ESMF_FieldSMMFromFileUTest.F90, line 287
20220314 013324.429 INFO             PET0  NUMBER_OF_PROCESSORS           4
20220314 013324.528 INFO             PET0  PASS  ESMF_FieldSMMFromFile Unit Test, ESMF_FieldSMMFromFileUTest.F90, line 300
20220314 013324.532 INFO             PET0 PIOc_sync Enter - MemInfo: [/proc/meminfo - SSI]	MemTotal:       131394444 kB
20220314 013324.532 INFO             PET0 PIOc_sync Enter - MemInfo: [/proc/meminfo - SSI]	MemFree:        123890092 kB
20220314 013324.532 INFO             PET0 PIOc_sync Enter - MemInfo: [/proc/meminfo - SSI]	MemAvailable:   123488224 kB
20220314 013324.532 INFO             PET0 PIOc_sync Enter - MemInfo: [/proc/meminfo - SSI]	Committed_AS:    3925604 kB
20220314 013324.532 INFO             PET0 PIOc_sync Enter - MemInfo: [/proc/meminfo - SSI]	CommittedPercent: 2.98765 %
20220314 013324.532 INFO             PET0 PIOc_sync Enter - MemInfo: [/proc/self/status]	VmPeak:	 3800644 kB
20220314 013324.532 INFO             PET0 PIOc_sync Enter - MemInfo: [/proc/self/status]	VmSize:	 3799624 kB
20220314 013324.532 INFO             PET0 PIOc_sync Enter - MemInfo: [/proc/self/status]	VmLck:	       0 kB
20220314 013324.532 INFO             PET0 PIOc_sync Enter - MemInfo: [/proc/self/status]	VmPin:	   71900 kB
20220314 013324.532 INFO             PET0 PIOc_sync Enter - MemInfo: [/proc/self/status]	VmHWM:	  157776 kB
20220314 013324.532 INFO             PET0 PIOc_sync Enter - MemInfo: [/proc/self/status]	VmRSS:	  157776 kB
20220314 013324.533 INFO             PET0 PIOc_sync Enter - MemInfo: [/proc/self/status]	VmData:	  269716 kB
20220314 013324.533 INFO             PET0 PIOc_sync Enter - MemInfo: [/proc/self/status]	VmStk:	     512 kB
20220314 013324.533 INFO             PET0 PIOc_sync Enter - MemInfo: [/proc/self/status]	VmExe:	    1952 kB
20220314 013324.533 INFO             PET0 PIOc_sync Enter - MemInfo: [/proc/self/status]	VmLib:	  104128 kB
20220314 013324.533 INFO             PET0 PIOc_sync Enter - MemInfo: [/proc/self/status]	VmPTE:	     716 kB
20220314 013324.533 INFO             PET0 PIOc_sync Enter - MemInfo: [/proc/self/status]	VmPMD:	      32 kB
20220314 013324.533 INFO             PET0 PIOc_sync Enter - MemInfo: [/proc/self/status]	VmSwap:	       0 kB
20220314 013324.533 INFO             PET0 PIOc_sync Enter - MemInfo: [/proc/self/status]	VmRSSPercent: 0.120078 %
20220314 013324.533 INFO             PET0 PIOc_sync Enter - MemInfo: [malloc] Non-mmapped space allocated:                16556032 Byte
20220314 013324.533 INFO             PET0 PIOc_sync Enter - MemInfo: [malloc] Space allocated in mmapped regions:         73412608 Byte
20220314 013324.533 INFO             PET0 PIOc_sync Enter - MemInfo: [malloc] Maximum total allocated space:                     0 Byte
20220314 013324.533 INFO             PET0 PIOc_sync Enter - MemInfo: [malloc] Space in freed fastbin blocks:                   352 Byte
20220314 013324.533 INFO             PET0 PIOc_sync Enter - MemInfo: [malloc] Total allocated space:                      12196016 Byte
20220314 013324.533 INFO             PET0 PIOc_sync Enter - MemInfo: [malloc] Total free space:                            4360016 Byte
20220314 013324.533 INFO             PET0 PIOc_sync Enter - MemInfo: [malloc] Top-most, releasable space:                  2231488 Byte
20220314 013324.533 INFO             PET0 PIOc_sync Enter - MemInfo: [malloc] Total space in use, mmap + non-mmap:        85608624 Byte
20220314 013324.533 INFO             PET0 PIOc_sync Enter - MemInfo: [malloc] Total space held (mmap + non-mmap):         89968640 Byte
20220314 013324.533 INFO             PET0 PIOc_sync Enter - MemInfo: [malloc] Total space used (mmap + non-mmap):         85617984 Byte
20220314 013324.533 INFO             PET0 PIOc_sync Enter - MemInfo: Wall-clock time since execution start:               0.111895 seconds
20220314 013324.533 INFO             PET0 PIOc_sync Exit - MemInfo: [/proc/meminfo - SSI]	MemTotal:       131394444 kB
20220314 013324.533 INFO             PET0 PIOc_sync Exit - MemInfo: [/proc/meminfo - SSI]	MemFree:        123890092 kB
20220314 013324.533 INFO             PET0 PIOc_sync Exit - MemInfo: [/proc/meminfo - SSI]	MemAvailable:   123488224 kB
20220314 013324.533 INFO             PET0 PIOc_sync Exit - MemInfo: [/proc/meminfo - SSI]	Committed_AS:    3925604 kB
20220314 013324.533 INFO             PET0 PIOc_sync Exit - MemInfo: [/proc/meminfo - SSI]	CommittedPercent: 2.98765 %
20220314 013324.533 INFO             PET0 PIOc_sync Exit - MemInfo: [/proc/self/status]	VmPeak:	 3800644 kB
20220314 013324.533 INFO             PET0 PIOc_sync Exit - MemInfo: [/proc/self/status]	VmSize:	 3799624 kB
20220314 013324.533 INFO             PET0 PIOc_sync Exit - MemInfo: [/proc/self/status]	VmLck:	       0 kB
20220314 013324.533 INFO             PET0 PIOc_sync Exit - MemInfo: [/proc/self/status]	VmPin:	   71900 kB
20220314 013324.533 INFO             PET0 PIOc_sync Exit - MemInfo: [/proc/self/status]	VmHWM:	  157856 kB
20220314 013324.533 INFO             PET0 PIOc_sync Exit - MemInfo: [/proc/self/status]	VmRSS:	  157856 kB
20220314 013324.533 INFO             PET0 PIOc_sync Exit - MemInfo: [/proc/self/status]	VmData:	  269716 kB
20220314 013324.533 INFO             PET0 PIOc_sync Exit - MemInfo: [/proc/self/status]	VmStk:	     512 kB
20220314 013324.533 INFO             PET0 PIOc_sync Exit - MemInfo: [/proc/self/status]	VmExe:	    1952 kB
20220314 013324.533 INFO             PET0 PIOc_sync Exit - MemInfo: [/proc/self/status]	VmLib:	  104128 kB
20220314 013324.533 INFO             PET0 PIOc_sync Exit - MemInfo: [/proc/self/status]	VmPTE:	     716 kB
20220314 013324.533 INFO             PET0 PIOc_sync Exit - MemInfo: [/proc/self/status]	VmPMD:	      32 kB
20220314 013324.533 INFO             PET0 PIOc_sync Exit - MemInfo: [/proc/self/status]	VmSwap:	       0 kB
20220314 013324.533 INFO             PET0 PIOc_sync Exit - MemInfo: [/proc/self/status]	VmRSSPercent: 0.120139 %
20220314 013324.533 INFO             PET0 PIOc_sync Exit - MemInfo: [malloc] Non-mmapped space allocated:                16556032 Byte
20220314 013324.533 INFO             PET0 PIOc_sync Exit - MemInfo: [malloc] Space allocated in mmapped regions:         73412608 Byte
20220314 013324.533 INFO             PET0 PIOc_sync Exit - MemInfo: [malloc] Maximum total allocated space:                     0 Byte
20220314 013324.533 INFO             PET0 PIOc_sync Exit - MemInfo: [malloc] Space in freed fastbin blocks:                   640 Byte
20220314 013324.533 INFO             PET0 PIOc_sync Exit - MemInfo: [malloc] Total allocated space:                      12194784 Byte
20220314 013324.533 INFO             PET0 PIOc_sync Exit - MemInfo: [malloc] Total free space:                            4361248 Byte
20220314 013324.533 INFO             PET0 PIOc_sync Exit - MemInfo: [malloc] Top-most, releasable space:                  2231488 Byte
20220314 013324.533 INFO             PET0 PIOc_sync Exit - MemInfo: [malloc] Total space in use, mmap + non-mmap:        85607392 Byte
20220314 013324.533 INFO             PET0 PIOc_sync Exit - MemInfo: [malloc] Total space held (mmap + non-mmap):         89968640 Byte
20220314 013324.533 INFO             PET0 PIOc_sync Exit - MemInfo: [malloc] Total space used (mmap + non-mmap):         85616752 Byte
20220314 013324.533 INFO             PET0 PIOc_sync Exit - MemInfo: Wall-clock time since execution start:               0.112656 seconds
20220314 013324.534 INFO             PET0 PIOc_freedecomp Enter - MemInfo: [/proc/meminfo - SSI]	MemTotal:       131394444 kB
20220314 013324.534 INFO             PET0 PIOc_freedecomp Enter - MemInfo: [/proc/meminfo - SSI]	MemFree:        123890092 kB
20220314 013324.534 INFO             PET0 PIOc_freedecomp Enter - MemInfo: [/proc/meminfo - SSI]	MemAvailable:   123488224 kB
20220314 013324.534 INFO             PET0 PIOc_freedecomp Enter - MemInfo: [/proc/meminfo - SSI]	Committed_AS:    3925604 kB
20220314 013324.534 INFO             PET0 PIOc_freedecomp Enter - MemInfo: [/proc/meminfo - SSI]	CommittedPercent: 2.98765 %
20220314 013324.534 INFO             PET0 PIOc_freedecomp Enter - MemInfo: [/proc/self/status]	VmPeak:	 3800644 kB
20220314 013324.534 INFO             PET0 PIOc_freedecomp Enter - MemInfo: [/proc/self/status]	VmSize:	 3799624 kB
20220314 013324.534 INFO             PET0 PIOc_freedecomp Enter - MemInfo: [/proc/self/status]	VmLck:	       0 kB
20220314 013324.534 INFO             PET0 PIOc_freedecomp Enter - MemInfo: [/proc/self/status]	VmPin:	   71900 kB
20220314 013324.534 INFO             PET0 PIOc_freedecomp Enter - MemInfo: [/proc/self/status]	VmHWM:	  157860 kB
20220314 013324.534 INFO             PET0 PIOc_freedecomp Enter - MemInfo: [/proc/self/status]	VmRSS:	  157860 kB
20220314 013324.534 INFO             PET0 PIOc_freedecomp Enter - MemInfo: [/proc/self/status]	VmData:	  269716 kB
20220314 013324.534 INFO             PET0 PIOc_freedecomp Enter - MemInfo: [/proc/self/status]	VmStk:	     512 kB
20220314 013324.534 INFO             PET0 PIOc_freedecomp Enter - MemInfo: [/proc/self/status]	VmExe:	    1952 kB
20220314 013324.534 INFO             PET0 PIOc_freedecomp Enter - MemInfo: [/proc/self/status]	VmLib:	  104128 kB
20220314 013324.534 INFO             PET0 PIOc_freedecomp Enter - MemInfo: [/proc/self/status]	VmPTE:	     716 kB
20220314 013324.534 INFO             PET0 PIOc_freedecomp Enter - MemInfo: [/proc/self/status]	VmPMD:	      32 kB
20220314 013324.534 INFO             PET0 PIOc_freedecomp Enter - MemInfo: [/proc/self/status]	VmSwap:	       0 kB
20220314 013324.534 INFO             PET0 PIOc_freedecomp Enter - MemInfo: [/proc/self/status]	VmRSSPercent: 0.120142 %
20220314 013324.534 INFO             PET0 PIOc_freedecomp Enter - MemInfo: [malloc] Non-mmapped space allocated:                16556032 Byte
20220314 013324.534 INFO             PET0 PIOc_freedecomp Enter - MemInfo: [malloc] Space allocated in mmapped regions:         73412608 Byte
20220314 013324.534 INFO             PET0 PIOc_freedecomp Enter - MemInfo: [malloc] Maximum total allocated space:                     0 Byte
20220314 013324.534 INFO             PET0 PIOc_freedecomp Enter - MemInfo: [malloc] Space in freed fastbin blocks:                  1040 Byte
20220314 013324.534 INFO             PET0 PIOc_freedecomp Enter - MemInfo: [malloc] Total allocated space:                      10084544 Byte
20220314 013324.534 INFO             PET0 PIOc_freedecomp Enter - MemInfo: [malloc] Total free space:                            6471488 Byte
20220314 013324.534 INFO             PET0 PIOc_freedecomp Enter - MemInfo: [malloc] Top-most, releasable space:                  2231488 Byte
20220314 013324.534 INFO             PET0 PIOc_freedecomp Enter - MemInfo: [malloc] Total space in use, mmap + non-mmap:        83497152 Byte
20220314 013324.534 INFO             PET0 PIOc_freedecomp Enter - MemInfo: [malloc] Total space held (mmap + non-mmap):         89968640 Byte
20220314 013324.534 INFO             PET0 PIOc_freedecomp Enter - MemInfo: [malloc] Total space used (mmap + non-mmap):         83506512 Byte
20220314 013324.534 INFO             PET0 PIOc_freedecomp Enter - MemInfo: Wall-clock time since execution start:               0.113118 seconds
20220314 013324.534 INFO             PET0 PIOc_freedecomp Exit - MemInfo: [/proc/meminfo - SSI]	MemTotal:       131394444 kB
20220314 013324.534 INFO             PET0 PIOc_freedecomp Exit - MemInfo: [/proc/meminfo - SSI]	MemFree:        123890092 kB
20220314 013324.534 INFO             PET0 PIOc_freedecomp Exit - MemInfo: [/proc/meminfo - SSI]	MemAvailable:   123488224 kB
20220314 013324.534 INFO             PET0 PIOc_freedecomp Exit - MemInfo: [/proc/meminfo - SSI]	Committed_AS:    3925604 kB
20220314 013324.534 INFO             PET0 PIOc_freedecomp Exit - MemInfo: [/proc/meminfo - SSI]	CommittedPercent: 2.98765 %
20220314 013324.534 INFO             PET0 PIOc_freedecomp Exit - MemInfo: [/proc/self/status]	VmPeak:	 3800644 kB
20220314 013324.534 INFO             PET0 PIOc_freedecomp Exit - MemInfo: [/proc/self/status]	VmSize:	 3799624 kB
20220314 013324.534 INFO             PET0 PIOc_freedecomp Exit - MemInfo: [/proc/self/status]	VmLck:	       0 kB
20220314 013324.534 INFO             PET0 PIOc_freedecomp Exit - MemInfo: [/proc/self/status]	VmPin:	   71900 kB
20220314 013324.534 INFO             PET0 PIOc_freedecomp Exit - MemInfo: [/proc/self/status]	VmHWM:	  157860 kB
20220314 013324.534 INFO             PET0 PIOc_freedecomp Exit - MemInfo: [/proc/self/status]	VmRSS:	  157860 kB
20220314 013324.534 INFO             PET0 PIOc_freedecomp Exit - MemInfo: [/proc/self/status]	VmData:	  269716 kB
20220314 013324.534 INFO             PET0 PIOc_freedecomp Exit - MemInfo: [/proc/self/status]	VmStk:	     512 kB
20220314 013324.534 INFO             PET0 PIOc_freedecomp Exit - MemInfo: [/proc/self/status]	VmExe:	    1952 kB
20220314 013324.534 INFO             PET0 PIOc_freedecomp Exit - MemInfo: [/proc/self/status]	VmLib:	  104128 kB
20220314 013324.534 INFO             PET0 PIOc_freedecomp Exit - MemInfo: [/proc/self/status]	VmPTE:	     716 kB
20220314 013324.534 INFO             PET0 PIOc_freedecomp Exit - MemInfo: [/proc/self/status]	VmPMD:	      32 kB
20220314 013324.534 INFO             PET0 PIOc_freedecomp Exit - MemInfo: [/proc/self/status]	VmSwap:	       0 kB
20220314 013324.534 INFO             PET0 PIOc_freedecomp Exit - MemInfo: [/proc/self/status]	VmRSSPercent: 0.120142 %
20220314 013324.534 INFO             PET0 PIOc_freedecomp Exit - MemInfo: [malloc] Non-mmapped space allocated:                16556032 Byte
20220314 013324.534 INFO             PET0 PIOc_freedecomp Exit - MemInfo: [malloc] Space allocated in mmapped regions:         73412608 Byte
20220314 013324.534 INFO             PET0 PIOc_freedecomp Exit - MemInfo: [malloc] Maximum total allocated space:                     0 Byte
20220314 013324.534 INFO             PET0 PIOc_freedecomp Exit - MemInfo: [malloc] Space in freed fastbin blocks:                   720 Byte
20220314 013324.534 INFO             PET0 PIOc_freedecomp Exit - MemInfo: [malloc] Total allocated space:                      10080176 Byte
20220314 013324.534 INFO             PET0 PIOc_freedecomp Exit - MemInfo: [malloc] Total free space:                            6475856 Byte
20220314 013324.534 INFO             PET0 PIOc_freedecomp Exit - MemInfo: [malloc] Top-most, releasable space:                  2231488 Byte
20220314 013324.534 INFO             PET0 PIOc_freedecomp Exit - MemInfo: [malloc] Total space in use, mmap + non-mmap:        83492784 Byte
20220314 013324.534 INFO             PET0 PIOc_freedecomp Exit - MemInfo: [malloc] Total space held (mmap + non-mmap):         89968640 Byte
20220314 013324.534 INFO             PET0 PIOc_freedecomp Exit - MemInfo: [malloc] Total space used (mmap + non-mmap):         83502144 Byte
20220314 013324.534 INFO             PET0 PIOc_freedecomp Exit - MemInfo: Wall-clock time since execution start:               0.113458 seconds
20220314 013324.535 INFO             PET0 PIOc_sync Enter - MemInfo: [/proc/meminfo - SSI]	MemTotal:       131394444 kB
20220314 013324.535 INFO             PET0 PIOc_sync Enter - MemInfo: [/proc/meminfo - SSI]	MemFree:        123890092 kB
20220314 013324.535 INFO             PET0 PIOc_sync Enter - MemInfo: [/proc/meminfo - SSI]	MemAvailable:   123488224 kB
20220314 013324.535 INFO             PET0 PIOc_sync Enter - MemInfo: [/proc/meminfo - SSI]	Committed_AS:    3925604 kB
20220314 013324.535 INFO             PET0 PIOc_sync Enter - MemInfo: [/proc/meminfo - SSI]	CommittedPercent: 2.98765 %
20220314 013324.535 INFO             PET0 PIOc_sync Enter - MemInfo: [/proc/self/status]	VmPeak:	 3800644 kB
20220314 013324.535 INFO             PET0 PIOc_sync Enter - MemInfo: [/proc/self/status]	VmSize:	 3799624 kB
20220314 013324.535 INFO             PET0 PIOc_sync Enter - MemInfo: [/proc/self/status]	VmLck:	       0 kB
20220314 013324.535 INFO             PET0 PIOc_sync Enter - MemInfo: [/proc/self/status]	VmPin:	   71900 kB
20220314 013324.535 INFO             PET0 PIOc_sync Enter - MemInfo: [/proc/self/status]	VmHWM:	  157872 kB
20220314 013324.535 INFO             PET0 PIOc_sync Enter - MemInfo: [/proc/self/status]	VmRSS:	  157872 kB
20220314 013324.535 INFO             PET0 PIOc_sync Enter - MemInfo: [/proc/self/status]	VmData:	  269716 kB
20220314 013324.535 INFO             PET0 PIOc_sync Enter - MemInfo: [/proc/self/status]	VmStk:	     512 kB
20220314 013324.535 INFO             PET0 PIOc_sync Enter - MemInfo: [/proc/self/status]	VmExe:	    1952 kB
20220314 013324.535 INFO             PET0 PIOc_sync Enter - MemInfo: [/proc/self/status]	VmLib:	  104128 kB
20220314 013324.535 INFO             PET0 PIOc_sync Enter - MemInfo: [/proc/self/status]	VmPTE:	     716 kB
20220314 013324.535 INFO             PET0 PIOc_sync Enter - MemInfo: [/proc/self/status]	VmPMD:	      32 kB
20220314 013324.535 INFO             PET0 PIOc_sync Enter - MemInfo: [/proc/self/status]	VmSwap:	       0 kB
20220314 013324.535 INFO             PET0 PIOc_sync Enter - MemInfo: [/proc/self/status]	VmRSSPercent: 0.120151 %
20220314 013324.535 INFO             PET0 PIOc_sync Enter - MemInfo: [malloc] Non-mmapped space allocated:                16556032 Byte
20220314 013324.535 INFO             PET0 PIOc_sync Enter - MemInfo: [malloc] Space allocated in mmapped regions:         73412608 Byte
20220314 013324.535 INFO             PET0 PIOc_sync Enter - MemInfo: [malloc] Maximum total allocated space:                     0 Byte
20220314 013324.535 INFO             PET0 PIOc_sync Enter - MemInfo: [malloc] Space in freed fastbin blocks:                   640 Byte
20220314 013324.535 INFO             PET0 PIOc_sync Enter - MemInfo: [malloc] Total allocated space:                      12196176 Byte
20220314 013324.535 INFO             PET0 PIOc_sync Enter - MemInfo: [malloc] Total free space:                            4359856 Byte
20220314 013324.535 INFO             PET0 PIOc_sync Enter - MemInfo: [malloc] Top-most, releasable space:                  2231488 Byte
20220314 013324.535 INFO             PET0 PIOc_sync Enter - MemInfo: [malloc] Total space in use, mmap + non-mmap:        85608784 Byte
20220314 013324.535 INFO             PET0 PIOc_sync Enter - MemInfo: [malloc] Total space held (mmap + non-mmap):         89968640 Byte
20220314 013324.535 INFO             PET0 PIOc_sync Enter - MemInfo: [malloc] Total space used (mmap + non-mmap):         85618144 Byte
20220314 013324.535 INFO             PET0 PIOc_sync Enter - MemInfo: Wall-clock time since execution start:               0.114426 seconds
20220314 013324.535 INFO             PET0 PIOc_sync Exit - MemInfo: [/proc/meminfo - SSI]	MemTotal:       131394444 kB
20220314 013324.535 INFO             PET0 PIOc_sync Exit - MemInfo: [/proc/meminfo - SSI]	MemFree:        123890092 kB
20220314 013324.535 INFO             PET0 PIOc_sync Exit - MemInfo: [/proc/meminfo - SSI]	MemAvailable:   123488224 kB
20220314 013324.535 INFO             PET0 PIOc_sync Exit - MemInfo: [/proc/meminfo - SSI]	Committed_AS:    3925604 kB
20220314 013324.535 INFO             PET0 PIOc_sync Exit - MemInfo: [/proc/meminfo - SSI]	CommittedPercent: 2.98765 %
20220314 013324.535 INFO             PET0 PIOc_sync Exit - MemInfo: [/proc/self/status]	VmPeak:	 3800644 kB
20220314 013324.535 INFO             PET0 PIOc_sync Exit - MemInfo: [/proc/self/status]	VmSize:	 3799624 kB
20220314 013324.536 INFO             PET0 PIOc_sync Exit - MemInfo: [/proc/self/status]	VmLck:	       0 kB
20220314 013324.536 INFO             PET0 PIOc_sync Exit - MemInfo: [/proc/self/status]	VmPin:	   71900 kB
20220314 013324.536 INFO             PET0 PIOc_sync Exit - MemInfo: [/proc/self/status]	VmHWM:	  157876 kB
20220314 013324.536 INFO             PET0 PIOc_sync Exit - MemInfo: [/proc/self/status]	VmRSS:	  157876 kB
20220314 013324.536 INFO             PET0 PIOc_sync Exit - MemInfo: [/proc/self/status]	VmData:	  269716 kB
20220314 013324.536 INFO             PET0 PIOc_sync Exit - MemInfo: [/proc/self/status]	VmStk:	     512 kB
20220314 013324.536 INFO             PET0 PIOc_sync Exit - MemInfo: [/proc/self/status]	VmExe:	    1952 kB
20220314 013324.536 INFO             PET0 PIOc_sync Exit - MemInfo: [/proc/self/status]	VmLib:	  104128 kB
20220314 013324.536 INFO             PET0 PIOc_sync Exit - MemInfo: [/proc/self/status]	VmPTE:	     716 kB
20220314 013324.536 INFO             PET0 PIOc_sync Exit - MemInfo: [/proc/self/status]	VmPMD:	      32 kB
20220314 013324.536 INFO             PET0 PIOc_sync Exit - MemInfo: [/proc/self/status]	VmSwap:	       0 kB
20220314 013324.536 INFO             PET0 PIOc_sync Exit - MemInfo: [/proc/self/status]	VmRSSPercent: 0.120154 %
20220314 013324.536 INFO             PET0 PIOc_sync Exit - MemInfo: [malloc] Non-mmapped space allocated:                16556032 Byte
20220314 013324.536 INFO             PET0 PIOc_sync Exit - MemInfo: [malloc] Space allocated in mmapped regions:         73412608 Byte
20220314 013324.536 INFO             PET0 PIOc_sync Exit - MemInfo: [malloc] Maximum total allocated space:                     0 Byte
20220314 013324.536 INFO             PET0 PIOc_sync Exit - MemInfo: [malloc] Space in freed fastbin blocks:                   384 Byte
20220314 013324.536 INFO             PET0 PIOc_sync Exit - MemInfo: [malloc] Total allocated space:                      12195200 Byte
20220314 013324.536 INFO             PET0 PIOc_sync Exit - MemInfo: [malloc] Total free space:                            4360832 Byte
20220314 013324.536 INFO             PET0 PIOc_sync Exit - MemInfo: [malloc] Top-most, releasable space:                  2231488 Byte
20220314 013324.536 INFO             PET0 PIOc_sync Exit - MemInfo: [malloc] Total space in use, mmap + non-mmap:        85607808 Byte
20220314 013324.536 INFO             PET0 PIOc_sync Exit - MemInfo: [malloc] Total space held (mmap + non-mmap):         89968640 Byte
20220314 013324.536 INFO             PET0 PIOc_sync Exit - MemInfo: [malloc] Total space used (mmap + non-mmap):         85617168 Byte
20220314 013324.536 INFO             PET0 PIOc_sync Exit - MemInfo: Wall-clock time since execution start:                0.11489 seconds
20220314 013324.536 INFO             PET0 PIOc_freedecomp Enter - MemInfo: [/proc/meminfo - SSI]	MemTotal:       131394444 kB
20220314 013324.536 INFO             PET0 PIOc_freedecomp Enter - MemInfo: [/proc/meminfo - SSI]	MemFree:        123890092 kB
20220314 013324.536 INFO             PET0 PIOc_freedecomp Enter - MemInfo: [/proc/meminfo - SSI]	MemAvailable:   123488224 kB
20220314 013324.536 INFO             PET0 PIOc_freedecomp Enter - MemInfo: [/proc/meminfo - SSI]	Committed_AS:    3925604 kB
20220314 013324.536 INFO             PET0 PIOc_freedecomp Enter - MemInfo: [/proc/meminfo - SSI]	CommittedPercent: 2.98765 %
20220314 013324.536 INFO             PET0 PIOc_freedecomp Enter - MemInfo: [/proc/self/status]	VmPeak:	 3800644 kB
20220314 013324.536 INFO             PET0 PIOc_freedecomp Enter - MemInfo: [/proc/self/status]	VmSize:	 3799624 kB
20220314 013324.536 INFO             PET0 PIOc_freedecomp Enter - MemInfo: [/proc/self/status]	VmLck:	       0 kB
20220314 013324.536 INFO             PET0 PIOc_freedecomp Enter - MemInfo: [/proc/self/status]	VmPin:	   71900 kB
20220314 013324.536 INFO             PET0 PIOc_freedecomp Enter - MemInfo: [/proc/self/status]	VmHWM:	  157876 kB
20220314 013324.536 INFO             PET0 PIOc_freedecomp Enter - MemInfo: [/proc/self/status]	VmRSS:	  157876 kB
20220314 013324.536 INFO             PET0 PIOc_freedecomp Enter - MemInfo: [/proc/self/status]	VmData:	  269716 kB
20220314 013324.536 INFO             PET0 PIOc_freedecomp Enter - MemInfo: [/proc/self/status]	VmStk:	     512 kB
20220314 013324.536 INFO             PET0 PIOc_freedecomp Enter - MemInfo: [/proc/self/status]	VmExe:	    1952 kB
20220314 013324.536 INFO             PET0 PIOc_freedecomp Enter - MemInfo: [/proc/self/status]	VmLib:	  104128 kB
20220314 013324.536 INFO             PET0 PIOc_freedecomp Enter - MemInfo: [/proc/self/status]	VmPTE:	     716 kB
20220314 013324.536 INFO             PET0 PIOc_freedecomp Enter - MemInfo: [/proc/self/status]	VmPMD:	      32 kB
20220314 013324.536 INFO             PET0 PIOc_freedecomp Enter - MemInfo: [/proc/self/status]	VmSwap:	       0 kB
20220314 013324.536 INFO             PET0 PIOc_freedecomp Enter - MemInfo: [/proc/self/status]	VmRSSPercent: 0.120154 %
20220314 013324.536 INFO             PET0 PIOc_freedecomp Enter - MemInfo: [malloc] Non-mmapped space allocated:                16556032 Byte
20220314 013324.536 INFO             PET0 PIOc_freedecomp Enter - MemInfo: [malloc] Space allocated in mmapped regions:         73412608 Byte
20220314 013324.536 INFO             PET0 PIOc_freedecomp Enter - MemInfo: [malloc] Maximum total allocated space:                     0 Byte
20220314 013324.536 INFO             PET0 PIOc_freedecomp Enter - MemInfo: [malloc] Space in freed fastbin blocks:                  1184 Byte
20220314 013324.536 INFO             PET0 PIOc_freedecomp Enter - MemInfo: [malloc] Total allocated space:                      10084528 Byte
20220314 013324.536 INFO             PET0 PIOc_freedecomp Enter - MemInfo: [malloc] Total free space:                            6471504 Byte
20220314 013324.536 INFO             PET0 PIOc_freedecomp Enter - MemInfo: [malloc] Top-most, releasable space:                  2231488 Byte
20220314 013324.536 INFO             PET0 PIOc_freedecomp Enter - MemInfo: [malloc] Total space in use, mmap + non-mmap:        83497136 Byte
20220314 013324.536 INFO             PET0 PIOc_freedecomp Enter - MemInfo: [malloc] Total space held (mmap + non-mmap):         89968640 Byte
20220314 013324.536 INFO             PET0 PIOc_freedecomp Enter - MemInfo: [malloc] Total space used (mmap + non-mmap):         83506496 Byte
20220314 013324.536 INFO             PET0 PIOc_freedecomp Enter - MemInfo: Wall-clock time since execution start:               0.115243 seconds
20220314 013324.536 INFO             PET0 PIOc_freedecomp Exit - MemInfo: [/proc/meminfo - SSI]	MemTotal:       131394444 kB
20220314 013324.536 INFO             PET0 PIOc_freedecomp Exit - MemInfo: [/proc/meminfo - SSI]	MemFree:        123890092 kB
20220314 013324.536 INFO             PET0 PIOc_freedecomp Exit - MemInfo: [/proc/meminfo - SSI]	MemAvailable:   123488224 kB
20220314 013324.536 INFO             PET0 PIOc_freedecomp Exit - MemInfo: [/proc/meminfo - SSI]	Committed_AS:    3925604 kB
20220314 013324.536 INFO             PET0 PIOc_freedecomp Exit - MemInfo: [/proc/meminfo - SSI]	CommittedPercent: 2.98765 %
20220314 013324.536 INFO             PET0 PIOc_freedecomp Exit - MemInfo: [/proc/self/status]	VmPeak:	 3800644 kB
20220314 013324.536 INFO             PET0 PIOc_freedecomp Exit - MemInfo: [/proc/self/status]	VmSize:	 3799624 kB
20220314 013324.536 INFO             PET0 PIOc_freedecomp Exit - MemInfo: [/proc/self/status]	VmLck:	       0 kB
20220314 013324.536 INFO             PET0 PIOc_freedecomp Exit - MemInfo: [/proc/self/status]	VmPin:	   71900 kB
20220314 013324.536 INFO             PET0 PIOc_freedecomp Exit - MemInfo: [/proc/self/status]	VmHWM:	  157876 kB
20220314 013324.536 INFO             PET0 PIOc_freedecomp Exit - MemInfo: [/proc/self/status]	VmRSS:	  157876 kB
20220314 013324.536 INFO             PET0 PIOc_freedecomp Exit - MemInfo: [/proc/self/status]	VmData:	  269716 kB
20220314 013324.536 INFO             PET0 PIOc_freedecomp Exit - MemInfo: [/proc/self/status]	VmStk:	     512 kB
20220314 013324.536 INFO             PET0 PIOc_freedecomp Exit - MemInfo: [/proc/self/status]	VmExe:	    1952 kB
20220314 013324.536 INFO             PET0 PIOc_freedecomp Exit - MemInfo: [/proc/self/status]	VmLib:	  104128 kB
20220314 013324.536 INFO             PET0 PIOc_freedecomp Exit - MemInfo: [/proc/self/status]	VmPTE:	     716 kB
20220314 013324.536 INFO             PET0 PIOc_freedecomp Exit - MemInfo: [/proc/self/status]	VmPMD:	      32 kB
20220314 013324.536 INFO             PET0 PIOc_freedecomp Exit - MemInfo: [/proc/self/status]	VmSwap:	       0 kB
20220314 013324.536 INFO             PET0 PIOc_freedecomp Exit - MemInfo: [/proc/self/status]	VmRSSPercent: 0.120154 %
20220314 013324.536 INFO             PET0 PIOc_freedecomp Exit - MemInfo: [malloc] Non-mmapped space allocated:                16556032 Byte
20220314 013324.536 INFO             PET0 PIOc_freedecomp Exit - MemInfo: [malloc] Space allocated in mmapped regions:         73412608 Byte
20220314 013324.536 INFO             PET0 PIOc_freedecomp Exit - MemInfo: [malloc] Maximum total allocated space:                     0 Byte
20220314 013324.536 INFO             PET0 PIOc_freedecomp Exit - MemInfo: [malloc] Space in freed fastbin blocks:                   768 Byte
20220314 013324.536 INFO             PET0 PIOc_freedecomp Exit - MemInfo: [malloc] Total allocated space:                      10080176 Byte
20220314 013324.536 INFO             PET0 PIOc_freedecomp Exit - MemInfo: [malloc] Total free space:                            6475856 Byte
20220314 013324.536 INFO             PET0 PIOc_freedecomp Exit - MemInfo: [malloc] Top-most, releasable space:                  2231488 Byte
20220314 013324.536 INFO             PET0 PIOc_freedecomp Exit - MemInfo: [malloc] Total space in use, mmap + non-mmap:        83492784 Byte
20220314 013324.536 INFO             PET0 PIOc_freedecomp Exit - MemInfo: [malloc] Total space held (mmap + non-mmap):         89968640 Byte
20220314 013324.536 INFO             PET0 PIOc_freedecomp Exit - MemInfo: [malloc] Total space used (mmap + non-mmap):         83502144 Byte
20220314 013324.536 INFO             PET0 PIOc_freedecomp Exit - MemInfo: Wall-clock time since execution start:                0.11558 seconds
20220314 013324.537 INFO             PET0 PIOc_sync Enter - MemInfo: [/proc/meminfo - SSI]	MemTotal:       131394444 kB
20220314 013324.537 INFO             PET0 PIOc_sync Enter - MemInfo: [/proc/meminfo - SSI]	MemFree:        123890092 kB
20220314 013324.537 INFO             PET0 PIOc_sync Enter - MemInfo: [/proc/meminfo - SSI]	MemAvailable:   123488224 kB
20220314 013324.537 INFO             PET0 PIOc_sync Enter - MemInfo: [/proc/meminfo - SSI]	Committed_AS:    3925604 kB
20220314 013324.537 INFO             PET0 PIOc_sync Enter - MemInfo: [/proc/meminfo - SSI]	CommittedPercent: 2.98765 %
20220314 013324.537 INFO             PET0 PIOc_sync Enter - MemInfo: [/proc/self/status]	VmPeak:	 3800644 kB
20220314 013324.537 INFO             PET0 PIOc_sync Enter - MemInfo: [/proc/self/status]	VmSize:	 3799624 kB
20220314 013324.537 INFO             PET0 PIOc_sync Enter - MemInfo: [/proc/self/status]	VmLck:	       0 kB
20220314 013324.537 INFO             PET0 PIOc_sync Enter - MemInfo: [/proc/self/status]	VmPin:	   71900 kB
20220314 013324.537 INFO             PET0 PIOc_sync Enter - MemInfo: [/proc/self/status]	VmHWM:	  157884 kB
20220314 013324.537 INFO             PET0 PIOc_sync Enter - MemInfo: [/proc/self/status]	VmRSS:	  157884 kB
20220314 013324.537 INFO             PET0 PIOc_sync Enter - MemInfo: [/proc/self/status]	VmData:	  269716 kB
20220314 013324.537 INFO             PET0 PIOc_sync Enter - MemInfo: [/proc/self/status]	VmStk:	     512 kB
20220314 013324.537 INFO             PET0 PIOc_sync Enter - MemInfo: [/proc/self/status]	VmExe:	    1952 kB
20220314 013324.537 INFO             PET0 PIOc_sync Enter - MemInfo: [/proc/self/status]	VmLib:	  104128 kB
20220314 013324.537 INFO             PET0 PIOc_sync Enter - MemInfo: [/proc/self/status]	VmPTE:	     716 kB
20220314 013324.537 INFO             PET0 PIOc_sync Enter - MemInfo: [/proc/self/status]	VmPMD:	      32 kB
20220314 013324.537 INFO             PET0 PIOc_sync Enter - MemInfo: [/proc/self/status]	VmSwap:	       0 kB
20220314 013324.537 INFO             PET0 PIOc_sync Enter - MemInfo: [/proc/self/status]	VmRSSPercent: 0.12016 %
20220314 013324.537 INFO             PET0 PIOc_sync Enter - MemInfo: [malloc] Non-mmapped space allocated:                16556032 Byte
20220314 013324.537 INFO             PET0 PIOc_sync Enter - MemInfo: [malloc] Space allocated in mmapped regions:         73412608 Byte
20220314 013324.537 INFO             PET0 PIOc_sync Enter - MemInfo: [malloc] Maximum total allocated space:                     0 Byte
20220314 013324.537 INFO             PET0 PIOc_sync Enter - MemInfo: [malloc] Space in freed fastbin blocks:                   768 Byte
20220314 013324.537 INFO             PET0 PIOc_sync Enter - MemInfo: [malloc] Total allocated space:                      12196624 Byte
20220314 013324.537 INFO             PET0 PIOc_sync Enter - MemInfo: [malloc] Total free space:                            4359408 Byte
20220314 013324.537 INFO             PET0 PIOc_sync Enter - MemInfo: [malloc] Top-most, releasable space:                  2231488 Byte
20220314 013324.537 INFO             PET0 PIOc_sync Enter - MemInfo: [malloc] Total space in use, mmap + non-mmap:        85609232 Byte
20220314 013324.537 INFO             PET0 PIOc_sync Enter - MemInfo: [malloc] Total space held (mmap + non-mmap):         89968640 Byte
20220314 013324.537 INFO             PET0 PIOc_sync Enter - MemInfo: [malloc] Total space used (mmap + non-mmap):         85618592 Byte
20220314 013324.537 INFO             PET0 PIOc_sync Enter - MemInfo: Wall-clock time since execution start:               0.116481 seconds
20220314 013324.537 INFO             PET0 PIOc_sync Exit - MemInfo: [/proc/meminfo - SSI]	MemTotal:       131394444 kB
20220314 013324.537 INFO             PET0 PIOc_sync Exit - MemInfo: [/proc/meminfo - SSI]	MemFree:        123890092 kB
20220314 013324.537 INFO             PET0 PIOc_sync Exit - MemInfo: [/proc/meminfo - SSI]	MemAvailable:   123488224 kB
20220314 013324.537 INFO             PET0 PIOc_sync Exit - MemInfo: [/proc/meminfo - SSI]	Committed_AS:    3925604 kB
20220314 013324.537 INFO             PET0 PIOc_sync Exit - MemInfo: [/proc/meminfo - SSI]	CommittedPercent: 2.98765 %
20220314 013324.538 INFO             PET0 PIOc_sync Exit - MemInfo: [/proc/self/status]	VmPeak:	 3800644 kB
20220314 013324.538 INFO             PET0 PIOc_sync Exit - MemInfo: [/proc/self/status]	VmSize:	 3799624 kB
20220314 013324.538 INFO             PET0 PIOc_sync Exit - MemInfo: [/proc/self/status]	VmLck:	       0 kB
20220314 013324.538 INFO             PET0 PIOc_sync Exit - MemInfo: [/proc/self/status]	VmPin:	   71900 kB
20220314 013324.538 INFO             PET0 PIOc_sync Exit - MemInfo: [/proc/self/status]	VmHWM:	  157888 kB
20220314 013324.538 INFO             PET0 PIOc_sync Exit - MemInfo: [/proc/self/status]	VmRSS:	  157888 kB
20220314 013324.538 INFO             PET0 PIOc_sync Exit - MemInfo: [/proc/self/status]	VmData:	  269716 kB
20220314 013324.538 INFO             PET0 PIOc_sync Exit - MemInfo: [/proc/self/status]	VmStk:	     512 kB
20220314 013324.538 INFO             PET0 PIOc_sync Exit - MemInfo: [/proc/self/status]	VmExe:	    1952 kB
20220314 013324.538 INFO             PET0 PIOc_sync Exit - MemInfo: [/proc/self/status]	VmLib:	  104128 kB
20220314 013324.538 INFO             PET0 PIOc_sync Exit - MemInfo: [/proc/self/status]	VmPTE:	     716 kB
20220314 013324.538 INFO             PET0 PIOc_sync Exit - MemInfo: [/proc/self/status]	VmPMD:	      32 kB
20220314 013324.538 INFO             PET0 PIOc_sync Exit - MemInfo: [/proc/self/status]	VmSwap:	       0 kB
20220314 013324.538 INFO             PET0 PIOc_sync Exit - MemInfo: [/proc/self/status]	VmRSSPercent: 0.120163 %
20220314 013324.538 INFO             PET0 PIOc_sync Exit - MemInfo: [malloc] Non-mmapped space allocated:                16556032 Byte
20220314 013324.538 INFO             PET0 PIOc_sync Exit - MemInfo: [malloc] Space allocated in mmapped regions:         73412608 Byte
20220314 013324.538 INFO             PET0 PIOc_sync Exit - MemInfo: [malloc] Maximum total allocated space:                     0 Byte
20220314 013324.538 INFO             PET0 PIOc_sync Exit - MemInfo: [malloc] Space in freed fastbin blocks:                   384 Byte
20220314 013324.538 INFO             PET0 PIOc_sync Exit - MemInfo: [malloc] Total allocated space:                      12195648 Byte
20220314 013324.538 INFO             PET0 PIOc_sync Exit - MemInfo: [malloc] Total free space:                            4360384 Byte
20220314 013324.538 INFO             PET0 PIOc_sync Exit - MemInfo: [malloc] Top-most, releasable space:                  2231488 Byte
20220314 013324.538 INFO             PET0 PIOc_sync Exit - MemInfo: [malloc] Total space in use, mmap + non-mmap:        85608256 Byte
20220314 013324.538 INFO             PET0 PIOc_sync Exit - MemInfo: [malloc] Total space held (mmap + non-mmap):         89968640 Byte
20220314 013324.538 INFO             PET0 PIOc_sync Exit - MemInfo: [malloc] Total space used (mmap + non-mmap):         85617616 Byte
20220314 013324.538 INFO             PET0 PIOc_sync Exit - MemInfo: Wall-clock time since execution start:               0.116926 seconds
20220314 013324.538 INFO             PET0 PIOc_freedecomp Enter - MemInfo: [/proc/meminfo - SSI]	MemTotal:       131394444 kB
20220314 013324.538 INFO             PET0 PIOc_freedecomp Enter - MemInfo: [/proc/meminfo - SSI]	MemFree:        123890092 kB
20220314 013324.538 INFO             PET0 PIOc_freedecomp Enter - MemInfo: [/proc/meminfo - SSI]	MemAvailable:   123488224 kB
20220314 013324.538 INFO             PET0 PIOc_freedecomp Enter - MemInfo: [/proc/meminfo - SSI]	Committed_AS:    3925604 kB
20220314 013324.538 INFO             PET0 PIOc_freedecomp Enter - MemInfo: [/proc/meminfo - SSI]	CommittedPercent: 2.98765 %
20220314 013324.538 INFO             PET0 PIOc_freedecomp Enter - MemInfo: [/proc/self/status]	VmPeak:	 3800644 kB
20220314 013324.538 INFO             PET0 PIOc_freedecomp Enter - MemInfo: [/proc/self/status]	VmSize:	 3799624 kB
20220314 013324.538 INFO             PET0 PIOc_freedecomp Enter - MemInfo: [/proc/self/status]	VmLck:	       0 kB
20220314 013324.538 INFO             PET0 PIOc_freedecomp Enter - MemInfo: [/proc/self/status]	VmPin:	   71900 kB
20220314 013324.538 INFO             PET0 PIOc_freedecomp Enter - MemInfo: [/proc/self/status]	VmHWM:	  157888 kB
20220314 013324.538 INFO             PET0 PIOc_freedecomp Enter - MemInfo: [/proc/self/status]	VmRSS:	  157888 kB
20220314 013324.538 INFO             PET0 PIOc_freedecomp Enter - MemInfo: [/proc/self/status]	VmData:	  269716 kB
20220314 013324.538 INFO             PET0 PIOc_freedecomp Enter - MemInfo: [/proc/self/status]	VmStk:	     512 kB
20220314 013324.538 INFO             PET0 PIOc_freedecomp Enter - MemInfo: [/proc/self/status]	VmExe:	    1952 kB
20220314 013324.538 INFO             PET0 PIOc_freedecomp Enter - MemInfo: [/proc/self/status]	VmLib:	  104128 kB
20220314 013324.538 INFO             PET0 PIOc_freedecomp Enter - MemInfo: [/proc/self/status]	VmPTE:	     716 kB
20220314 013324.538 INFO             PET0 PIOc_freedecomp Enter - MemInfo: [/proc/self/status]	VmPMD:	      32 kB
20220314 013324.538 INFO             PET0 PIOc_freedecomp Enter - MemInfo: [/proc/self/status]	VmSwap:	       0 kB
20220314 013324.538 INFO             PET0 PIOc_freedecomp Enter - MemInfo: [/proc/self/status]	VmRSSPercent: 0.120163 %
20220314 013324.538 INFO             PET0 PIOc_freedecomp Enter - MemInfo: [malloc] Non-mmapped space allocated:                16556032 Byte
20220314 013324.538 INFO             PET0 PIOc_freedecomp Enter - MemInfo: [malloc] Space allocated in mmapped regions:         73412608 Byte
20220314 013324.538 INFO             PET0 PIOc_freedecomp Enter - MemInfo: [malloc] Maximum total allocated space:                     0 Byte
20220314 013324.538 INFO             PET0 PIOc_freedecomp Enter - MemInfo: [malloc] Space in freed fastbin blocks:                  1424 Byte
20220314 013324.538 INFO             PET0 PIOc_freedecomp Enter - MemInfo: [malloc] Total allocated space:                      10084528 Byte
20220314 013324.538 INFO             PET0 PIOc_freedecomp Enter - MemInfo: [malloc] Total free space:                            6471504 Byte
20220314 013324.538 INFO             PET0 PIOc_freedecomp Enter - MemInfo: [malloc] Top-most, releasable space:                  2231488 Byte
20220314 013324.538 INFO             PET0 PIOc_freedecomp Enter - MemInfo: [malloc] Total space in use, mmap + non-mmap:        83497136 Byte
20220314 013324.538 INFO             PET0 PIOc_freedecomp Enter - MemInfo: [malloc] Total space held (mmap + non-mmap):         89968640 Byte
20220314 013324.538 INFO             PET0 PIOc_freedecomp Enter - MemInfo: [malloc] Total space used (mmap + non-mmap):         83506496 Byte
20220314 013324.538 INFO             PET0 PIOc_freedecomp Enter - MemInfo: Wall-clock time since execution start:               0.117283 seconds
20220314 013324.538 INFO             PET0 PIOc_freedecomp Exit - MemInfo: [/proc/meminfo - SSI]	MemTotal:       131394444 kB
20220314 013324.538 INFO             PET0 PIOc_freedecomp Exit - MemInfo: [/proc/meminfo - SSI]	MemFree:        123890092 kB
20220314 013324.538 INFO             PET0 PIOc_freedecomp Exit - MemInfo: [/proc/meminfo - SSI]	MemAvailable:   123488224 kB
20220314 013324.538 INFO             PET0 PIOc_freedecomp Exit - MemInfo: [/proc/meminfo - SSI]	Committed_AS:    3925604 kB
20220314 013324.538 INFO             PET0 PIOc_freedecomp Exit - MemInfo: [/proc/meminfo - SSI]	CommittedPercent: 2.98765 %
20220314 013324.538 INFO             PET0 PIOc_freedecomp Exit - MemInfo: [/proc/self/status]	VmPeak:	 3800644 kB
20220314 013324.538 INFO             PET0 PIOc_freedecomp Exit - MemInfo: [/proc/self/status]	VmSize:	 3799624 kB
20220314 013324.538 INFO             PET0 PIOc_freedecomp Exit - MemInfo: [/proc/self/status]	VmLck:	       0 kB
20220314 013324.538 INFO             PET0 PIOc_freedecomp Exit - MemInfo: [/proc/self/status]	VmPin:	   71900 kB
20220314 013324.538 INFO             PET0 PIOc_freedecomp Exit - MemInfo: [/proc/self/status]	VmHWM:	  157888 kB
20220314 013324.538 INFO             PET0 PIOc_freedecomp Exit - MemInfo: [/proc/self/status]	VmRSS:	  157888 kB
20220314 013324.538 INFO             PET0 PIOc_freedecomp Exit - MemInfo: [/proc/self/status]	VmData:	  269716 kB
20220314 013324.538 INFO             PET0 PIOc_freedecomp Exit - MemInfo: [/proc/self/status]	VmStk:	     512 kB
20220314 013324.538 INFO             PET0 PIOc_freedecomp Exit - MemInfo: [/proc/self/status]	VmExe:	    1952 kB
20220314 013324.538 INFO             PET0 PIOc_freedecomp Exit - MemInfo: [/proc/self/status]	VmLib:	  104128 kB
20220314 013324.538 INFO             PET0 PIOc_freedecomp Exit - MemInfo: [/proc/self/status]	VmPTE:	     716 kB
20220314 013324.538 INFO             PET0 PIOc_freedecomp Exit - MemInfo: [/proc/self/status]	VmPMD:	      32 kB
20220314 013324.538 INFO             PET0 PIOc_freedecomp Exit - MemInfo: [/proc/self/status]	VmSwap:	       0 kB
20220314 013324.538 INFO             PET0 PIOc_freedecomp Exit - MemInfo: [/proc/self/status]	VmRSSPercent: 0.120163 %
20220314 013324.538 INFO             PET0 PIOc_freedecomp Exit - MemInfo: [malloc] Non-mmapped space allocated:                16556032 Byte
20220314 013324.538 INFO             PET0 PIOc_freedecomp Exit - MemInfo: [malloc] Space allocated in mmapped regions:         73412608 Byte
20220314 013324.538 INFO             PET0 PIOc_freedecomp Exit - MemInfo: [malloc] Maximum total allocated space:                     0 Byte
20220314 013324.538 INFO             PET0 PIOc_freedecomp Exit - MemInfo: [malloc] Space in freed fastbin blocks:                   768 Byte
20220314 013324.538 INFO             PET0 PIOc_freedecomp Exit - MemInfo: [malloc] Total allocated space:                      10080176 Byte
20220314 013324.538 INFO             PET0 PIOc_freedecomp Exit - MemInfo: [malloc] Total free space:                            6475856 Byte
20220314 013324.538 INFO             PET0 PIOc_freedecomp Exit - MemInfo: [malloc] Top-most, releasable space:                  2231488 Byte
20220314 013324.538 INFO             PET0 PIOc_freedecomp Exit - MemInfo: [malloc] Total space in use, mmap + non-mmap:        83492784 Byte
20220314 013324.538 INFO             PET0 PIOc_freedecomp Exit - MemInfo: [malloc] Total space held (mmap + non-mmap):         89968640 Byte
20220314 013324.538 INFO             PET0 PIOc_freedecomp Exit - MemInfo: [malloc] Total space used (mmap + non-mmap):         83502144 Byte
20220314 013324.538 INFO             PET0 PIOc_freedecomp Exit - MemInfo: Wall-clock time since execution start:               0.117616 seconds
20220314 013324.540 INFO             PET0  PASS  ESMF_FieldRegridStoreFromFile Unit Test, ESMF_FieldSMMFromFileUTest.F90, line 315
20220314 013324.540 INFO             PET0  Ending Test, file ESMF_FieldSMMFromFileUTest.F90, line 322
20220314 013324.540 INFO             PET0 Finalizing ESMF
20220314 013324.428 INFO             PET1 !!!!!!!!!!!!!!!!!!!!!!!!!!!!!!!!!!!!!!!!!!!!!!!!!!!!!!
20220314 013324.428 INFO             PET1 !!! THE ESMF_LOG IS SET TO OUTPUT ALL LOG MESSAGES !!!
20220314 013324.428 INFO             PET1 !!!     THIS MAY CAUSE SLOWDOWN IN PERFORMANCE     !!!
20220314 013324.428 INFO             PET1 !!! FOR PRODUCTION RUNS, USE:                      !!!
20220314 013324.428 INFO             PET1 !!!                   ESMF_LOGKIND_Multi_On_Error  !!!
20220314 013324.428 INFO             PET1 !!!!!!!!!!!!!!!!!!!!!!!!!!!!!!!!!!!!!!!!!!!!!!!!!!!!!!
20220314 013324.428 INFO             PET1 Running with ESMF Version   : v8.3.0b09-96-g559b459836
20220314 013324.428 INFO             PET1 ESMF library build date/time: "Mar 14 2022" "01:12:17"
20220314 013324.428 INFO             PET1 ESMF library build location : /gpfsm/dnb04/projects/p98/mpotts/esmf/intel_2020_intelmpi_O_jedwards_pio_update2
20220314 013324.428 INFO             PET1 ESMF_COMM                   : intelmpi
20220314 013324.428 INFO             PET1 ESMF_MOAB                   : enabled
20220314 013324.428 INFO             PET1 ESMF_LAPACK                 : enabled
20220314 013324.428 INFO             PET1 ESMF_NETCDF                 : enabled
20220314 013324.428 INFO             PET1 ESMF_PNETCDF                : disabled
20220314 013324.428 INFO             PET1 ESMF_PIO                    : enabled
20220314 013324.428 INFO             PET1 ESMF_YAMLCPP                : enabled
20220314 013324.429 INFO             PET1  Beginning Test, file ESMF_FieldSMMFromFileUTest.F90, line 287
20220314 013324.429 INFO             PET1  NUMBER_OF_PROCESSORS           4
20220314 013324.527 INFO             PET1  PASS  ESMF_FieldSMMFromFile Unit Test, ESMF_FieldSMMFromFileUTest.F90, line 300
20220314 013324.532 INFO             PET1 PIOc_sync Enter - MemInfo: [/proc/meminfo - SSI]	MemTotal:       131394444 kB
20220314 013324.532 INFO             PET1 PIOc_sync Enter - MemInfo: [/proc/meminfo - SSI]	MemFree:        123890092 kB
20220314 013324.532 INFO             PET1 PIOc_sync Enter - MemInfo: [/proc/meminfo - SSI]	MemAvailable:   123488224 kB
20220314 013324.532 INFO             PET1 PIOc_sync Enter - MemInfo: [/proc/meminfo - SSI]	Committed_AS:    3925604 kB
20220314 013324.532 INFO             PET1 PIOc_sync Enter - MemInfo: [/proc/meminfo - SSI]	CommittedPercent: 2.98765 %
20220314 013324.532 INFO             PET1 PIOc_sync Enter - MemInfo: [/proc/self/status]	VmPeak:	 3808864 kB
20220314 013324.532 INFO             PET1 PIOc_sync Enter - MemInfo: [/proc/self/status]	VmSize:	 3807844 kB
20220314 013324.532 INFO             PET1 PIOc_sync Enter - MemInfo: [/proc/self/status]	VmLck:	       0 kB
20220314 013324.532 INFO             PET1 PIOc_sync Enter - MemInfo: [/proc/self/status]	VmPin:	   82140 kB
20220314 013324.532 INFO             PET1 PIOc_sync Enter - MemInfo: [/proc/self/status]	VmHWM:	  160132 kB
20220314 013324.532 INFO             PET1 PIOc_sync Enter - MemInfo: [/proc/self/status]	VmRSS:	  160132 kB
20220314 013324.533 INFO             PET1 PIOc_sync Enter - MemInfo: [/proc/self/status]	VmData:	  277936 kB
20220314 013324.533 INFO             PET1 PIOc_sync Enter - MemInfo: [/proc/self/status]	VmStk:	     512 kB
20220314 013324.533 INFO             PET1 PIOc_sync Enter - MemInfo: [/proc/self/status]	VmExe:	    1952 kB
20220314 013324.533 INFO             PET1 PIOc_sync Enter - MemInfo: [/proc/self/status]	VmLib:	  104128 kB
20220314 013324.533 INFO             PET1 PIOc_sync Enter - MemInfo: [/proc/self/status]	VmPTE:	     724 kB
20220314 013324.533 INFO             PET1 PIOc_sync Enter - MemInfo: [/proc/self/status]	VmPMD:	      28 kB
20220314 013324.533 INFO             PET1 PIOc_sync Enter - MemInfo: [/proc/self/status]	VmSwap:	       0 kB
20220314 013324.533 INFO             PET1 PIOc_sync Enter - MemInfo: [/proc/self/status]	VmRSSPercent: 0.121871 %
20220314 013324.533 INFO             PET1 PIOc_sync Enter - MemInfo: [malloc] Non-mmapped space allocated:                10289152 Byte
20220314 013324.533 INFO             PET1 PIOc_sync Enter - MemInfo: [malloc] Space allocated in mmapped regions:         85999616 Byte
20220314 013324.533 INFO             PET1 PIOc_sync Enter - MemInfo: [malloc] Maximum total allocated space:                     0 Byte
20220314 013324.533 INFO             PET1 PIOc_sync Enter - MemInfo: [malloc] Space in freed fastbin blocks:                  2464 Byte
20220314 013324.533 INFO             PET1 PIOc_sync Enter - MemInfo: [malloc] Total allocated space:                       5944080 Byte
20220314 013324.533 INFO             PET1 PIOc_sync Enter - MemInfo: [malloc] Total free space:                            4345072 Byte
20220314 013324.533 INFO             PET1 PIOc_sync Enter - MemInfo: [malloc] Top-most, releasable space:                  2228480 Byte
20220314 013324.533 INFO             PET1 PIOc_sync Enter - MemInfo: [malloc] Total space in use, mmap + non-mmap:        91943696 Byte
20220314 013324.533 INFO             PET1 PIOc_sync Enter - MemInfo: [malloc] Total space held (mmap + non-mmap):         96288768 Byte
20220314 013324.533 INFO             PET1 PIOc_sync Enter - MemInfo: [malloc] Total space used (mmap + non-mmap):         91953056 Byte
20220314 013324.533 INFO             PET1 PIOc_sync Enter - MemInfo: Wall-clock time since execution start:               0.112441 seconds
20220314 013324.533 INFO             PET1 PIOc_sync Exit - MemInfo: [/proc/meminfo - SSI]	MemTotal:       131394444 kB
20220314 013324.533 INFO             PET1 PIOc_sync Exit - MemInfo: [/proc/meminfo - SSI]	MemFree:        123890092 kB
20220314 013324.533 INFO             PET1 PIOc_sync Exit - MemInfo: [/proc/meminfo - SSI]	MemAvailable:   123488224 kB
20220314 013324.533 INFO             PET1 PIOc_sync Exit - MemInfo: [/proc/meminfo - SSI]	Committed_AS:    3925604 kB
20220314 013324.533 INFO             PET1 PIOc_sync Exit - MemInfo: [/proc/meminfo - SSI]	CommittedPercent: 2.98765 %
20220314 013324.533 INFO             PET1 PIOc_sync Exit - MemInfo: [/proc/self/status]	VmPeak:	 3808864 kB
20220314 013324.533 INFO             PET1 PIOc_sync Exit - MemInfo: [/proc/self/status]	VmSize:	 3807844 kB
20220314 013324.533 INFO             PET1 PIOc_sync Exit - MemInfo: [/proc/self/status]	VmLck:	       0 kB
20220314 013324.533 INFO             PET1 PIOc_sync Exit - MemInfo: [/proc/self/status]	VmPin:	   82140 kB
20220314 013324.533 INFO             PET1 PIOc_sync Exit - MemInfo: [/proc/self/status]	VmHWM:	  160184 kB
20220314 013324.533 INFO             PET1 PIOc_sync Exit - MemInfo: [/proc/self/status]	VmRSS:	  160184 kB
20220314 013324.533 INFO             PET1 PIOc_sync Exit - MemInfo: [/proc/self/status]	VmData:	  277936 kB
20220314 013324.533 INFO             PET1 PIOc_sync Exit - MemInfo: [/proc/self/status]	VmStk:	     512 kB
20220314 013324.533 INFO             PET1 PIOc_sync Exit - MemInfo: [/proc/self/status]	VmExe:	    1952 kB
20220314 013324.533 INFO             PET1 PIOc_sync Exit - MemInfo: [/proc/self/status]	VmLib:	  104128 kB
20220314 013324.533 INFO             PET1 PIOc_sync Exit - MemInfo: [/proc/self/status]	VmPTE:	     724 kB
20220314 013324.533 INFO             PET1 PIOc_sync Exit - MemInfo: [/proc/self/status]	VmPMD:	      28 kB
20220314 013324.533 INFO             PET1 PIOc_sync Exit - MemInfo: [/proc/self/status]	VmSwap:	       0 kB
20220314 013324.533 INFO             PET1 PIOc_sync Exit - MemInfo: [/proc/self/status]	VmRSSPercent: 0.121911 %
20220314 013324.533 INFO             PET1 PIOc_sync Exit - MemInfo: [malloc] Non-mmapped space allocated:                10289152 Byte
20220314 013324.533 INFO             PET1 PIOc_sync Exit - MemInfo: [malloc] Space allocated in mmapped regions:         85999616 Byte
20220314 013324.533 INFO             PET1 PIOc_sync Exit - MemInfo: [malloc] Maximum total allocated space:                     0 Byte
20220314 013324.533 INFO             PET1 PIOc_sync Exit - MemInfo: [malloc] Space in freed fastbin blocks:                   864 Byte
20220314 013324.533 INFO             PET1 PIOc_sync Exit - MemInfo: [malloc] Total allocated space:                       5942816 Byte
20220314 013324.533 INFO             PET1 PIOc_sync Exit - MemInfo: [malloc] Total free space:                            4346336 Byte
20220314 013324.533 INFO             PET1 PIOc_sync Exit - MemInfo: [malloc] Top-most, releasable space:                  2228480 Byte
20220314 013324.533 INFO             PET1 PIOc_sync Exit - MemInfo: [malloc] Total space in use, mmap + non-mmap:        91942432 Byte
20220314 013324.533 INFO             PET1 PIOc_sync Exit - MemInfo: [malloc] Total space held (mmap + non-mmap):         96288768 Byte
20220314 013324.533 INFO             PET1 PIOc_sync Exit - MemInfo: [malloc] Total space used (mmap + non-mmap):         91951792 Byte
20220314 013324.533 INFO             PET1 PIOc_sync Exit - MemInfo: Wall-clock time since execution start:               0.113192 seconds
20220314 013324.534 INFO             PET1 PIOc_freedecomp Enter - MemInfo: [/proc/meminfo - SSI]	MemTotal:       131394444 kB
20220314 013324.534 INFO             PET1 PIOc_freedecomp Enter - MemInfo: [/proc/meminfo - SSI]	MemFree:        123890092 kB
20220314 013324.534 INFO             PET1 PIOc_freedecomp Enter - MemInfo: [/proc/meminfo - SSI]	MemAvailable:   123488224 kB
20220314 013324.534 INFO             PET1 PIOc_freedecomp Enter - MemInfo: [/proc/meminfo - SSI]	Committed_AS:    3925604 kB
20220314 013324.534 INFO             PET1 PIOc_freedecomp Enter - MemInfo: [/proc/meminfo - SSI]	CommittedPercent: 2.98765 %
20220314 013324.534 INFO             PET1 PIOc_freedecomp Enter - MemInfo: [/proc/self/status]	VmPeak:	 3808864 kB
20220314 013324.534 INFO             PET1 PIOc_freedecomp Enter - MemInfo: [/proc/self/status]	VmSize:	 3807844 kB
20220314 013324.534 INFO             PET1 PIOc_freedecomp Enter - MemInfo: [/proc/self/status]	VmLck:	       0 kB
20220314 013324.534 INFO             PET1 PIOc_freedecomp Enter - MemInfo: [/proc/self/status]	VmPin:	   82140 kB
20220314 013324.534 INFO             PET1 PIOc_freedecomp Enter - MemInfo: [/proc/self/status]	VmHWM:	  160188 kB
20220314 013324.534 INFO             PET1 PIOc_freedecomp Enter - MemInfo: [/proc/self/status]	VmRSS:	  160188 kB
20220314 013324.534 INFO             PET1 PIOc_freedecomp Enter - MemInfo: [/proc/self/status]	VmData:	  277936 kB
20220314 013324.534 INFO             PET1 PIOc_freedecomp Enter - MemInfo: [/proc/self/status]	VmStk:	     512 kB
20220314 013324.534 INFO             PET1 PIOc_freedecomp Enter - MemInfo: [/proc/self/status]	VmExe:	    1952 kB
20220314 013324.534 INFO             PET1 PIOc_freedecomp Enter - MemInfo: [/proc/self/status]	VmLib:	  104128 kB
20220314 013324.534 INFO             PET1 PIOc_freedecomp Enter - MemInfo: [/proc/self/status]	VmPTE:	     724 kB
20220314 013324.534 INFO             PET1 PIOc_freedecomp Enter - MemInfo: [/proc/self/status]	VmPMD:	      28 kB
20220314 013324.534 INFO             PET1 PIOc_freedecomp Enter - MemInfo: [/proc/self/status]	VmSwap:	       0 kB
20220314 013324.534 INFO             PET1 PIOc_freedecomp Enter - MemInfo: [/proc/self/status]	VmRSSPercent: 0.121914 %
20220314 013324.534 INFO             PET1 PIOc_freedecomp Enter - MemInfo: [malloc] Non-mmapped space allocated:                10289152 Byte
20220314 013324.534 INFO             PET1 PIOc_freedecomp Enter - MemInfo: [malloc] Space allocated in mmapped regions:         85999616 Byte
20220314 013324.534 INFO             PET1 PIOc_freedecomp Enter - MemInfo: [malloc] Maximum total allocated space:                     0 Byte
20220314 013324.534 INFO             PET1 PIOc_freedecomp Enter - MemInfo: [malloc] Space in freed fastbin blocks:                   832 Byte
20220314 013324.534 INFO             PET1 PIOc_freedecomp Enter - MemInfo: [malloc] Total allocated space:                       5941200 Byte
20220314 013324.534 INFO             PET1 PIOc_freedecomp Enter - MemInfo: [malloc] Total free space:                            4347952 Byte
20220314 013324.534 INFO             PET1 PIOc_freedecomp Enter - MemInfo: [malloc] Top-most, releasable space:                  2228480 Byte
20220314 013324.534 INFO             PET1 PIOc_freedecomp Enter - MemInfo: [malloc] Total space in use, mmap + non-mmap:        91940816 Byte
20220314 013324.534 INFO             PET1 PIOc_freedecomp Enter - MemInfo: [malloc] Total space held (mmap + non-mmap):         96288768 Byte
20220314 013324.534 INFO             PET1 PIOc_freedecomp Enter - MemInfo: [malloc] Total space used (mmap + non-mmap):         91950176 Byte
20220314 013324.534 INFO             PET1 PIOc_freedecomp Enter - MemInfo: Wall-clock time since execution start:                0.11366 seconds
20220314 013324.534 INFO             PET1 PIOc_freedecomp Exit - MemInfo: [/proc/meminfo - SSI]	MemTotal:       131394444 kB
20220314 013324.534 INFO             PET1 PIOc_freedecomp Exit - MemInfo: [/proc/meminfo - SSI]	MemFree:        123890092 kB
20220314 013324.534 INFO             PET1 PIOc_freedecomp Exit - MemInfo: [/proc/meminfo - SSI]	MemAvailable:   123488224 kB
20220314 013324.534 INFO             PET1 PIOc_freedecomp Exit - MemInfo: [/proc/meminfo - SSI]	Committed_AS:    3925604 kB
20220314 013324.534 INFO             PET1 PIOc_freedecomp Exit - MemInfo: [/proc/meminfo - SSI]	CommittedPercent: 2.98765 %
20220314 013324.534 INFO             PET1 PIOc_freedecomp Exit - MemInfo: [/proc/self/status]	VmPeak:	 3808864 kB
20220314 013324.534 INFO             PET1 PIOc_freedecomp Exit - MemInfo: [/proc/self/status]	VmSize:	 3807844 kB
20220314 013324.534 INFO             PET1 PIOc_freedecomp Exit - MemInfo: [/proc/self/status]	VmLck:	       0 kB
20220314 013324.534 INFO             PET1 PIOc_freedecomp Exit - MemInfo: [/proc/self/status]	VmPin:	   82140 kB
20220314 013324.534 INFO             PET1 PIOc_freedecomp Exit - MemInfo: [/proc/self/status]	VmHWM:	  160188 kB
20220314 013324.534 INFO             PET1 PIOc_freedecomp Exit - MemInfo: [/proc/self/status]	VmRSS:	  160188 kB
20220314 013324.534 INFO             PET1 PIOc_freedecomp Exit - MemInfo: [/proc/self/status]	VmData:	  277936 kB
20220314 013324.534 INFO             PET1 PIOc_freedecomp Exit - MemInfo: [/proc/self/status]	VmStk:	     512 kB
20220314 013324.534 INFO             PET1 PIOc_freedecomp Exit - MemInfo: [/proc/self/status]	VmExe:	    1952 kB
20220314 013324.534 INFO             PET1 PIOc_freedecomp Exit - MemInfo: [/proc/self/status]	VmLib:	  104128 kB
20220314 013324.534 INFO             PET1 PIOc_freedecomp Exit - MemInfo: [/proc/self/status]	VmPTE:	     724 kB
20220314 013324.534 INFO             PET1 PIOc_freedecomp Exit - MemInfo: [/proc/self/status]	VmPMD:	      28 kB
20220314 013324.534 INFO             PET1 PIOc_freedecomp Exit - MemInfo: [/proc/self/status]	VmSwap:	       0 kB
20220314 013324.534 INFO             PET1 PIOc_freedecomp Exit - MemInfo: [/proc/self/status]	VmRSSPercent: 0.121914 %
20220314 013324.534 INFO             PET1 PIOc_freedecomp Exit - MemInfo: [malloc] Non-mmapped space allocated:                10289152 Byte
20220314 013324.534 INFO             PET1 PIOc_freedecomp Exit - MemInfo: [malloc] Space allocated in mmapped regions:         85999616 Byte
20220314 013324.534 INFO             PET1 PIOc_freedecomp Exit - MemInfo: [malloc] Maximum total allocated space:                     0 Byte
20220314 013324.534 INFO             PET1 PIOc_freedecomp Exit - MemInfo: [malloc] Space in freed fastbin blocks:                   848 Byte
20220314 013324.534 INFO             PET1 PIOc_freedecomp Exit - MemInfo: [malloc] Total allocated space:                       5938960 Byte
20220314 013324.534 INFO             PET1 PIOc_freedecomp Exit - MemInfo: [malloc] Total free space:                            4350192 Byte
20220314 013324.534 INFO             PET1 PIOc_freedecomp Exit - MemInfo: [malloc] Top-most, releasable space:                  2228480 Byte
20220314 013324.534 INFO             PET1 PIOc_freedecomp Exit - MemInfo: [malloc] Total space in use, mmap + non-mmap:        91938576 Byte
20220314 013324.534 INFO             PET1 PIOc_freedecomp Exit - MemInfo: [malloc] Total space held (mmap + non-mmap):         96288768 Byte
20220314 013324.534 INFO             PET1 PIOc_freedecomp Exit - MemInfo: [malloc] Total space used (mmap + non-mmap):         91947936 Byte
20220314 013324.534 INFO             PET1 PIOc_freedecomp Exit - MemInfo: Wall-clock time since execution start:               0.113992 seconds
20220314 013324.535 INFO             PET1 PIOc_sync Enter - MemInfo: [/proc/meminfo - SSI]	MemTotal:       131394444 kB
20220314 013324.535 INFO             PET1 PIOc_sync Enter - MemInfo: [/proc/meminfo - SSI]	MemFree:        123890092 kB
20220314 013324.535 INFO             PET1 PIOc_sync Enter - MemInfo: [/proc/meminfo - SSI]	MemAvailable:   123488224 kB
20220314 013324.535 INFO             PET1 PIOc_sync Enter - MemInfo: [/proc/meminfo - SSI]	Committed_AS:    3925604 kB
20220314 013324.535 INFO             PET1 PIOc_sync Enter - MemInfo: [/proc/meminfo - SSI]	CommittedPercent: 2.98765 %
20220314 013324.535 INFO             PET1 PIOc_sync Enter - MemInfo: [/proc/self/status]	VmPeak:	 3808864 kB
20220314 013324.535 INFO             PET1 PIOc_sync Enter - MemInfo: [/proc/self/status]	VmSize:	 3807844 kB
20220314 013324.535 INFO             PET1 PIOc_sync Enter - MemInfo: [/proc/self/status]	VmLck:	       0 kB
20220314 013324.535 INFO             PET1 PIOc_sync Enter - MemInfo: [/proc/self/status]	VmPin:	   82140 kB
20220314 013324.535 INFO             PET1 PIOc_sync Enter - MemInfo: [/proc/self/status]	VmHWM:	  160248 kB
20220314 013324.535 INFO             PET1 PIOc_sync Enter - MemInfo: [/proc/self/status]	VmRSS:	  160248 kB
20220314 013324.535 INFO             PET1 PIOc_sync Enter - MemInfo: [/proc/self/status]	VmData:	  277936 kB
20220314 013324.535 INFO             PET1 PIOc_sync Enter - MemInfo: [/proc/self/status]	VmStk:	     512 kB
20220314 013324.535 INFO             PET1 PIOc_sync Enter - MemInfo: [/proc/self/status]	VmExe:	    1952 kB
20220314 013324.535 INFO             PET1 PIOc_sync Enter - MemInfo: [/proc/self/status]	VmLib:	  104128 kB
20220314 013324.535 INFO             PET1 PIOc_sync Enter - MemInfo: [/proc/self/status]	VmPTE:	     724 kB
20220314 013324.535 INFO             PET1 PIOc_sync Enter - MemInfo: [/proc/self/status]	VmPMD:	      28 kB
20220314 013324.535 INFO             PET1 PIOc_sync Enter - MemInfo: [/proc/self/status]	VmSwap:	       0 kB
20220314 013324.535 INFO             PET1 PIOc_sync Enter - MemInfo: [/proc/self/status]	VmRSSPercent: 0.121959 %
20220314 013324.535 INFO             PET1 PIOc_sync Enter - MemInfo: [malloc] Non-mmapped space allocated:                10289152 Byte
20220314 013324.535 INFO             PET1 PIOc_sync Enter - MemInfo: [malloc] Space allocated in mmapped regions:         85999616 Byte
20220314 013324.535 INFO             PET1 PIOc_sync Enter - MemInfo: [malloc] Maximum total allocated space:                     0 Byte
20220314 013324.535 INFO             PET1 PIOc_sync Enter - MemInfo: [malloc] Space in freed fastbin blocks:                  2528 Byte
20220314 013324.535 INFO             PET1 PIOc_sync Enter - MemInfo: [malloc] Total allocated space:                       5943968 Byte
20220314 013324.535 INFO             PET1 PIOc_sync Enter - MemInfo: [malloc] Total free space:                            4345184 Byte
20220314 013324.535 INFO             PET1 PIOc_sync Enter - MemInfo: [malloc] Top-most, releasable space:                  2228480 Byte
20220314 013324.535 INFO             PET1 PIOc_sync Enter - MemInfo: [malloc] Total space in use, mmap + non-mmap:        91943584 Byte
20220314 013324.535 INFO             PET1 PIOc_sync Enter - MemInfo: [malloc] Total space held (mmap + non-mmap):         96288768 Byte
20220314 013324.535 INFO             PET1 PIOc_sync Enter - MemInfo: [malloc] Total space used (mmap + non-mmap):         91952944 Byte
20220314 013324.535 INFO             PET1 PIOc_sync Enter - MemInfo: Wall-clock time since execution start:               0.114976 seconds
20220314 013324.535 INFO             PET1 PIOc_sync Exit - MemInfo: [/proc/meminfo - SSI]	MemTotal:       131394444 kB
20220314 013324.535 INFO             PET1 PIOc_sync Exit - MemInfo: [/proc/meminfo - SSI]	MemFree:        123890092 kB
20220314 013324.535 INFO             PET1 PIOc_sync Exit - MemInfo: [/proc/meminfo - SSI]	MemAvailable:   123488224 kB
20220314 013324.535 INFO             PET1 PIOc_sync Exit - MemInfo: [/proc/meminfo - SSI]	Committed_AS:    3925604 kB
20220314 013324.535 INFO             PET1 PIOc_sync Exit - MemInfo: [/proc/meminfo - SSI]	CommittedPercent: 2.98765 %
20220314 013324.535 INFO             PET1 PIOc_sync Exit - MemInfo: [/proc/self/status]	VmPeak:	 3808864 kB
20220314 013324.535 INFO             PET1 PIOc_sync Exit - MemInfo: [/proc/self/status]	VmSize:	 3807844 kB
20220314 013324.535 INFO             PET1 PIOc_sync Exit - MemInfo: [/proc/self/status]	VmLck:	       0 kB
20220314 013324.536 INFO             PET1 PIOc_sync Exit - MemInfo: [/proc/self/status]	VmPin:	   82140 kB
20220314 013324.536 INFO             PET1 PIOc_sync Exit - MemInfo: [/proc/self/status]	VmHWM:	  160248 kB
20220314 013324.536 INFO             PET1 PIOc_sync Exit - MemInfo: [/proc/self/status]	VmRSS:	  160248 kB
20220314 013324.536 INFO             PET1 PIOc_sync Exit - MemInfo: [/proc/self/status]	VmData:	  277936 kB
20220314 013324.536 INFO             PET1 PIOc_sync Exit - MemInfo: [/proc/self/status]	VmStk:	     512 kB
20220314 013324.536 INFO             PET1 PIOc_sync Exit - MemInfo: [/proc/self/status]	VmExe:	    1952 kB
20220314 013324.536 INFO             PET1 PIOc_sync Exit - MemInfo: [/proc/self/status]	VmLib:	  104128 kB
20220314 013324.536 INFO             PET1 PIOc_sync Exit - MemInfo: [/proc/self/status]	VmPTE:	     724 kB
20220314 013324.536 INFO             PET1 PIOc_sync Exit - MemInfo: [/proc/self/status]	VmPMD:	      28 kB
20220314 013324.536 INFO             PET1 PIOc_sync Exit - MemInfo: [/proc/self/status]	VmSwap:	       0 kB
20220314 013324.536 INFO             PET1 PIOc_sync Exit - MemInfo: [/proc/self/status]	VmRSSPercent: 0.121959 %
20220314 013324.536 INFO             PET1 PIOc_sync Exit - MemInfo: [malloc] Non-mmapped space allocated:                10289152 Byte
20220314 013324.536 INFO             PET1 PIOc_sync Exit - MemInfo: [malloc] Space allocated in mmapped regions:         85999616 Byte
20220314 013324.536 INFO             PET1 PIOc_sync Exit - MemInfo: [malloc] Maximum total allocated space:                     0 Byte
20220314 013324.536 INFO             PET1 PIOc_sync Exit - MemInfo: [malloc] Space in freed fastbin blocks:                   624 Byte
20220314 013324.536 INFO             PET1 PIOc_sync Exit - MemInfo: [malloc] Total allocated space:                       5942960 Byte
20220314 013324.536 INFO             PET1 PIOc_sync Exit - MemInfo: [malloc] Total free space:                            4346192 Byte
20220314 013324.536 INFO             PET1 PIOc_sync Exit - MemInfo: [malloc] Top-most, releasable space:                  2228480 Byte
20220314 013324.536 INFO             PET1 PIOc_sync Exit - MemInfo: [malloc] Total space in use, mmap + non-mmap:        91942576 Byte
20220314 013324.536 INFO             PET1 PIOc_sync Exit - MemInfo: [malloc] Total space held (mmap + non-mmap):         96288768 Byte
20220314 013324.536 INFO             PET1 PIOc_sync Exit - MemInfo: [malloc] Total space used (mmap + non-mmap):         91951936 Byte
20220314 013324.536 INFO             PET1 PIOc_sync Exit - MemInfo: Wall-clock time since execution start:               0.115432 seconds
20220314 013324.536 INFO             PET1 PIOc_freedecomp Enter - MemInfo: [/proc/meminfo - SSI]	MemTotal:       131394444 kB
20220314 013324.536 INFO             PET1 PIOc_freedecomp Enter - MemInfo: [/proc/meminfo - SSI]	MemFree:        123890092 kB
20220314 013324.536 INFO             PET1 PIOc_freedecomp Enter - MemInfo: [/proc/meminfo - SSI]	MemAvailable:   123488224 kB
20220314 013324.536 INFO             PET1 PIOc_freedecomp Enter - MemInfo: [/proc/meminfo - SSI]	Committed_AS:    3925604 kB
20220314 013324.536 INFO             PET1 PIOc_freedecomp Enter - MemInfo: [/proc/meminfo - SSI]	CommittedPercent: 2.98765 %
20220314 013324.536 INFO             PET1 PIOc_freedecomp Enter - MemInfo: [/proc/self/status]	VmPeak:	 3808864 kB
20220314 013324.536 INFO             PET1 PIOc_freedecomp Enter - MemInfo: [/proc/self/status]	VmSize:	 3807844 kB
20220314 013324.536 INFO             PET1 PIOc_freedecomp Enter - MemInfo: [/proc/self/status]	VmLck:	       0 kB
20220314 013324.536 INFO             PET1 PIOc_freedecomp Enter - MemInfo: [/proc/self/status]	VmPin:	   82140 kB
20220314 013324.536 INFO             PET1 PIOc_freedecomp Enter - MemInfo: [/proc/self/status]	VmHWM:	  160248 kB
20220314 013324.536 INFO             PET1 PIOc_freedecomp Enter - MemInfo: [/proc/self/status]	VmRSS:	  160248 kB
20220314 013324.536 INFO             PET1 PIOc_freedecomp Enter - MemInfo: [/proc/self/status]	VmData:	  277936 kB
20220314 013324.536 INFO             PET1 PIOc_freedecomp Enter - MemInfo: [/proc/self/status]	VmStk:	     512 kB
20220314 013324.536 INFO             PET1 PIOc_freedecomp Enter - MemInfo: [/proc/self/status]	VmExe:	    1952 kB
20220314 013324.536 INFO             PET1 PIOc_freedecomp Enter - MemInfo: [/proc/self/status]	VmLib:	  104128 kB
20220314 013324.536 INFO             PET1 PIOc_freedecomp Enter - MemInfo: [/proc/self/status]	VmPTE:	     724 kB
20220314 013324.536 INFO             PET1 PIOc_freedecomp Enter - MemInfo: [/proc/self/status]	VmPMD:	      28 kB
20220314 013324.536 INFO             PET1 PIOc_freedecomp Enter - MemInfo: [/proc/self/status]	VmSwap:	       0 kB
20220314 013324.536 INFO             PET1 PIOc_freedecomp Enter - MemInfo: [/proc/self/status]	VmRSSPercent: 0.121959 %
20220314 013324.536 INFO             PET1 PIOc_freedecomp Enter - MemInfo: [malloc] Non-mmapped space allocated:                10289152 Byte
20220314 013324.536 INFO             PET1 PIOc_freedecomp Enter - MemInfo: [malloc] Space allocated in mmapped regions:         85999616 Byte
20220314 013324.536 INFO             PET1 PIOc_freedecomp Enter - MemInfo: [malloc] Maximum total allocated space:                     0 Byte
20220314 013324.536 INFO             PET1 PIOc_freedecomp Enter - MemInfo: [malloc] Space in freed fastbin blocks:                   704 Byte
20220314 013324.536 INFO             PET1 PIOc_freedecomp Enter - MemInfo: [malloc] Total allocated space:                       5941200 Byte
20220314 013324.536 INFO             PET1 PIOc_freedecomp Enter - MemInfo: [malloc] Total free space:                            4347952 Byte
20220314 013324.536 INFO             PET1 PIOc_freedecomp Enter - MemInfo: [malloc] Top-most, releasable space:                  2228480 Byte
20220314 013324.536 INFO             PET1 PIOc_freedecomp Enter - MemInfo: [malloc] Total space in use, mmap + non-mmap:        91940816 Byte
20220314 013324.536 INFO             PET1 PIOc_freedecomp Enter - MemInfo: [malloc] Total space held (mmap + non-mmap):         96288768 Byte
20220314 013324.536 INFO             PET1 PIOc_freedecomp Enter - MemInfo: [malloc] Total space used (mmap + non-mmap):         91950176 Byte
20220314 013324.536 INFO             PET1 PIOc_freedecomp Enter - MemInfo: Wall-clock time since execution start:               0.115795 seconds
20220314 013324.536 INFO             PET1 PIOc_freedecomp Exit - MemInfo: [/proc/meminfo - SSI]	MemTotal:       131394444 kB
20220314 013324.536 INFO             PET1 PIOc_freedecomp Exit - MemInfo: [/proc/meminfo - SSI]	MemFree:        123890092 kB
20220314 013324.536 INFO             PET1 PIOc_freedecomp Exit - MemInfo: [/proc/meminfo - SSI]	MemAvailable:   123488224 kB
20220314 013324.536 INFO             PET1 PIOc_freedecomp Exit - MemInfo: [/proc/meminfo - SSI]	Committed_AS:    3925604 kB
20220314 013324.536 INFO             PET1 PIOc_freedecomp Exit - MemInfo: [/proc/meminfo - SSI]	CommittedPercent: 2.98765 %
20220314 013324.536 INFO             PET1 PIOc_freedecomp Exit - MemInfo: [/proc/self/status]	VmPeak:	 3808864 kB
20220314 013324.536 INFO             PET1 PIOc_freedecomp Exit - MemInfo: [/proc/self/status]	VmSize:	 3807844 kB
20220314 013324.536 INFO             PET1 PIOc_freedecomp Exit - MemInfo: [/proc/self/status]	VmLck:	       0 kB
20220314 013324.536 INFO             PET1 PIOc_freedecomp Exit - MemInfo: [/proc/self/status]	VmPin:	   82140 kB
20220314 013324.536 INFO             PET1 PIOc_freedecomp Exit - MemInfo: [/proc/self/status]	VmHWM:	  160248 kB
20220314 013324.536 INFO             PET1 PIOc_freedecomp Exit - MemInfo: [/proc/self/status]	VmRSS:	  160248 kB
20220314 013324.536 INFO             PET1 PIOc_freedecomp Exit - MemInfo: [/proc/self/status]	VmData:	  277936 kB
20220314 013324.536 INFO             PET1 PIOc_freedecomp Exit - MemInfo: [/proc/self/status]	VmStk:	     512 kB
20220314 013324.536 INFO             PET1 PIOc_freedecomp Exit - MemInfo: [/proc/self/status]	VmExe:	    1952 kB
20220314 013324.536 INFO             PET1 PIOc_freedecomp Exit - MemInfo: [/proc/self/status]	VmLib:	  104128 kB
20220314 013324.536 INFO             PET1 PIOc_freedecomp Exit - MemInfo: [/proc/self/status]	VmPTE:	     724 kB
20220314 013324.536 INFO             PET1 PIOc_freedecomp Exit - MemInfo: [/proc/self/status]	VmPMD:	      28 kB
20220314 013324.536 INFO             PET1 PIOc_freedecomp Exit - MemInfo: [/proc/self/status]	VmSwap:	       0 kB
20220314 013324.536 INFO             PET1 PIOc_freedecomp Exit - MemInfo: [/proc/self/status]	VmRSSPercent: 0.121959 %
20220314 013324.536 INFO             PET1 PIOc_freedecomp Exit - MemInfo: [malloc] Non-mmapped space allocated:                10289152 Byte
20220314 013324.536 INFO             PET1 PIOc_freedecomp Exit - MemInfo: [malloc] Space allocated in mmapped regions:         85999616 Byte
20220314 013324.536 INFO             PET1 PIOc_freedecomp Exit - MemInfo: [malloc] Maximum total allocated space:                     0 Byte
20220314 013324.536 INFO             PET1 PIOc_freedecomp Exit - MemInfo: [malloc] Space in freed fastbin blocks:                   720 Byte
20220314 013324.536 INFO             PET1 PIOc_freedecomp Exit - MemInfo: [malloc] Total allocated space:                       5938960 Byte
20220314 013324.536 INFO             PET1 PIOc_freedecomp Exit - MemInfo: [malloc] Total free space:                            4350192 Byte
20220314 013324.536 INFO             PET1 PIOc_freedecomp Exit - MemInfo: [malloc] Top-most, releasable space:                  2228480 Byte
20220314 013324.536 INFO             PET1 PIOc_freedecomp Exit - MemInfo: [malloc] Total space in use, mmap + non-mmap:        91938576 Byte
20220314 013324.536 INFO             PET1 PIOc_freedecomp Exit - MemInfo: [malloc] Total space held (mmap + non-mmap):         96288768 Byte
20220314 013324.536 INFO             PET1 PIOc_freedecomp Exit - MemInfo: [malloc] Total space used (mmap + non-mmap):         91947936 Byte
20220314 013324.536 INFO             PET1 PIOc_freedecomp Exit - MemInfo: Wall-clock time since execution start:               0.116123 seconds
20220314 013324.537 INFO             PET1 PIOc_sync Enter - MemInfo: [/proc/meminfo - SSI]	MemTotal:       131394444 kB
20220314 013324.537 INFO             PET1 PIOc_sync Enter - MemInfo: [/proc/meminfo - SSI]	MemFree:        123890092 kB
20220314 013324.537 INFO             PET1 PIOc_sync Enter - MemInfo: [/proc/meminfo - SSI]	MemAvailable:   123488224 kB
20220314 013324.537 INFO             PET1 PIOc_sync Enter - MemInfo: [/proc/meminfo - SSI]	Committed_AS:    3925604 kB
20220314 013324.537 INFO             PET1 PIOc_sync Enter - MemInfo: [/proc/meminfo - SSI]	CommittedPercent: 2.98765 %
20220314 013324.537 INFO             PET1 PIOc_sync Enter - MemInfo: [/proc/self/status]	VmPeak:	 3808864 kB
20220314 013324.537 INFO             PET1 PIOc_sync Enter - MemInfo: [/proc/self/status]	VmSize:	 3807844 kB
20220314 013324.537 INFO             PET1 PIOc_sync Enter - MemInfo: [/proc/self/status]	VmLck:	       0 kB
20220314 013324.537 INFO             PET1 PIOc_sync Enter - MemInfo: [/proc/self/status]	VmPin:	   82140 kB
20220314 013324.537 INFO             PET1 PIOc_sync Enter - MemInfo: [/proc/self/status]	VmHWM:	  160304 kB
20220314 013324.537 INFO             PET1 PIOc_sync Enter - MemInfo: [/proc/self/status]	VmRSS:	  160304 kB
20220314 013324.537 INFO             PET1 PIOc_sync Enter - MemInfo: [/proc/self/status]	VmData:	  277936 kB
20220314 013324.537 INFO             PET1 PIOc_sync Enter - MemInfo: [/proc/self/status]	VmStk:	     512 kB
20220314 013324.537 INFO             PET1 PIOc_sync Enter - MemInfo: [/proc/self/status]	VmExe:	    1952 kB
20220314 013324.537 INFO             PET1 PIOc_sync Enter - MemInfo: [/proc/self/status]	VmLib:	  104128 kB
20220314 013324.537 INFO             PET1 PIOc_sync Enter - MemInfo: [/proc/self/status]	VmPTE:	     724 kB
20220314 013324.537 INFO             PET1 PIOc_sync Enter - MemInfo: [/proc/self/status]	VmPMD:	      28 kB
20220314 013324.537 INFO             PET1 PIOc_sync Enter - MemInfo: [/proc/self/status]	VmSwap:	       0 kB
20220314 013324.537 INFO             PET1 PIOc_sync Enter - MemInfo: [/proc/self/status]	VmRSSPercent: 0.122002 %
20220314 013324.537 INFO             PET1 PIOc_sync Enter - MemInfo: [malloc] Non-mmapped space allocated:                10289152 Byte
20220314 013324.537 INFO             PET1 PIOc_sync Enter - MemInfo: [malloc] Space allocated in mmapped regions:         85999616 Byte
20220314 013324.537 INFO             PET1 PIOc_sync Enter - MemInfo: [malloc] Maximum total allocated space:                     0 Byte
20220314 013324.537 INFO             PET1 PIOc_sync Enter - MemInfo: [malloc] Space in freed fastbin blocks:                  2496 Byte
20220314 013324.537 INFO             PET1 PIOc_sync Enter - MemInfo: [malloc] Total allocated space:                       5944128 Byte
20220314 013324.537 INFO             PET1 PIOc_sync Enter - MemInfo: [malloc] Total free space:                            4345024 Byte
20220314 013324.537 INFO             PET1 PIOc_sync Enter - MemInfo: [malloc] Top-most, releasable space:                  2228480 Byte
20220314 013324.537 INFO             PET1 PIOc_sync Enter - MemInfo: [malloc] Total space in use, mmap + non-mmap:        91943744 Byte
20220314 013324.537 INFO             PET1 PIOc_sync Enter - MemInfo: [malloc] Total space held (mmap + non-mmap):         96288768 Byte
20220314 013324.537 INFO             PET1 PIOc_sync Enter - MemInfo: [malloc] Total space used (mmap + non-mmap):         91953104 Byte
20220314 013324.537 INFO             PET1 PIOc_sync Enter - MemInfo: Wall-clock time since execution start:               0.117024 seconds
20220314 013324.537 INFO             PET1 PIOc_sync Exit - MemInfo: [/proc/meminfo - SSI]	MemTotal:       131394444 kB
20220314 013324.537 INFO             PET1 PIOc_sync Exit - MemInfo: [/proc/meminfo - SSI]	MemFree:        123890092 kB
20220314 013324.537 INFO             PET1 PIOc_sync Exit - MemInfo: [/proc/meminfo - SSI]	MemAvailable:   123488224 kB
20220314 013324.537 INFO             PET1 PIOc_sync Exit - MemInfo: [/proc/meminfo - SSI]	Committed_AS:    3925604 kB
20220314 013324.537 INFO             PET1 PIOc_sync Exit - MemInfo: [/proc/meminfo - SSI]	CommittedPercent: 2.98765 %
20220314 013324.538 INFO             PET1 PIOc_sync Exit - MemInfo: [/proc/self/status]	VmPeak:	 3808864 kB
20220314 013324.538 INFO             PET1 PIOc_sync Exit - MemInfo: [/proc/self/status]	VmSize:	 3807844 kB
20220314 013324.538 INFO             PET1 PIOc_sync Exit - MemInfo: [/proc/self/status]	VmLck:	       0 kB
20220314 013324.538 INFO             PET1 PIOc_sync Exit - MemInfo: [/proc/self/status]	VmPin:	   82140 kB
20220314 013324.538 INFO             PET1 PIOc_sync Exit - MemInfo: [/proc/self/status]	VmHWM:	  160304 kB
20220314 013324.538 INFO             PET1 PIOc_sync Exit - MemInfo: [/proc/self/status]	VmRSS:	  160304 kB
20220314 013324.538 INFO             PET1 PIOc_sync Exit - MemInfo: [/proc/self/status]	VmData:	  277936 kB
20220314 013324.538 INFO             PET1 PIOc_sync Exit - MemInfo: [/proc/self/status]	VmStk:	     512 kB
20220314 013324.538 INFO             PET1 PIOc_sync Exit - MemInfo: [/proc/self/status]	VmExe:	    1952 kB
20220314 013324.538 INFO             PET1 PIOc_sync Exit - MemInfo: [/proc/self/status]	VmLib:	  104128 kB
20220314 013324.538 INFO             PET1 PIOc_sync Exit - MemInfo: [/proc/self/status]	VmPTE:	     724 kB
20220314 013324.538 INFO             PET1 PIOc_sync Exit - MemInfo: [/proc/self/status]	VmPMD:	      28 kB
20220314 013324.538 INFO             PET1 PIOc_sync Exit - MemInfo: [/proc/self/status]	VmSwap:	       0 kB
20220314 013324.538 INFO             PET1 PIOc_sync Exit - MemInfo: [/proc/self/status]	VmRSSPercent: 0.122002 %
20220314 013324.538 INFO             PET1 PIOc_sync Exit - MemInfo: [malloc] Non-mmapped space allocated:                10289152 Byte
20220314 013324.538 INFO             PET1 PIOc_sync Exit - MemInfo: [malloc] Space allocated in mmapped regions:         85999616 Byte
20220314 013324.538 INFO             PET1 PIOc_sync Exit - MemInfo: [malloc] Maximum total allocated space:                     0 Byte
20220314 013324.538 INFO             PET1 PIOc_sync Exit - MemInfo: [malloc] Space in freed fastbin blocks:                   624 Byte
20220314 013324.538 INFO             PET1 PIOc_sync Exit - MemInfo: [malloc] Total allocated space:                       5943120 Byte
20220314 013324.538 INFO             PET1 PIOc_sync Exit - MemInfo: [malloc] Total free space:                            4346032 Byte
20220314 013324.538 INFO             PET1 PIOc_sync Exit - MemInfo: [malloc] Top-most, releasable space:                  2228480 Byte
20220314 013324.538 INFO             PET1 PIOc_sync Exit - MemInfo: [malloc] Total space in use, mmap + non-mmap:        91942736 Byte
20220314 013324.538 INFO             PET1 PIOc_sync Exit - MemInfo: [malloc] Total space held (mmap + non-mmap):         96288768 Byte
20220314 013324.538 INFO             PET1 PIOc_sync Exit - MemInfo: [malloc] Total space used (mmap + non-mmap):         91952096 Byte
20220314 013324.538 INFO             PET1 PIOc_sync Exit - MemInfo: Wall-clock time since execution start:               0.117461 seconds
20220314 013324.538 INFO             PET1 PIOc_freedecomp Enter - MemInfo: [/proc/meminfo - SSI]	MemTotal:       131394444 kB
20220314 013324.538 INFO             PET1 PIOc_freedecomp Enter - MemInfo: [/proc/meminfo - SSI]	MemFree:        123890092 kB
20220314 013324.538 INFO             PET1 PIOc_freedecomp Enter - MemInfo: [/proc/meminfo - SSI]	MemAvailable:   123488224 kB
20220314 013324.538 INFO             PET1 PIOc_freedecomp Enter - MemInfo: [/proc/meminfo - SSI]	Committed_AS:    3925604 kB
20220314 013324.538 INFO             PET1 PIOc_freedecomp Enter - MemInfo: [/proc/meminfo - SSI]	CommittedPercent: 2.98765 %
20220314 013324.538 INFO             PET1 PIOc_freedecomp Enter - MemInfo: [/proc/self/status]	VmPeak:	 3808864 kB
20220314 013324.538 INFO             PET1 PIOc_freedecomp Enter - MemInfo: [/proc/self/status]	VmSize:	 3807844 kB
20220314 013324.538 INFO             PET1 PIOc_freedecomp Enter - MemInfo: [/proc/self/status]	VmLck:	       0 kB
20220314 013324.538 INFO             PET1 PIOc_freedecomp Enter - MemInfo: [/proc/self/status]	VmPin:	   82140 kB
20220314 013324.538 INFO             PET1 PIOc_freedecomp Enter - MemInfo: [/proc/self/status]	VmHWM:	  160304 kB
20220314 013324.538 INFO             PET1 PIOc_freedecomp Enter - MemInfo: [/proc/self/status]	VmRSS:	  160304 kB
20220314 013324.538 INFO             PET1 PIOc_freedecomp Enter - MemInfo: [/proc/self/status]	VmData:	  277936 kB
20220314 013324.538 INFO             PET1 PIOc_freedecomp Enter - MemInfo: [/proc/self/status]	VmStk:	     512 kB
20220314 013324.538 INFO             PET1 PIOc_freedecomp Enter - MemInfo: [/proc/self/status]	VmExe:	    1952 kB
20220314 013324.538 INFO             PET1 PIOc_freedecomp Enter - MemInfo: [/proc/self/status]	VmLib:	  104128 kB
20220314 013324.538 INFO             PET1 PIOc_freedecomp Enter - MemInfo: [/proc/self/status]	VmPTE:	     724 kB
20220314 013324.538 INFO             PET1 PIOc_freedecomp Enter - MemInfo: [/proc/self/status]	VmPMD:	      28 kB
20220314 013324.538 INFO             PET1 PIOc_freedecomp Enter - MemInfo: [/proc/self/status]	VmSwap:	       0 kB
20220314 013324.538 INFO             PET1 PIOc_freedecomp Enter - MemInfo: [/proc/self/status]	VmRSSPercent: 0.122002 %
20220314 013324.538 INFO             PET1 PIOc_freedecomp Enter - MemInfo: [malloc] Non-mmapped space allocated:                10289152 Byte
20220314 013324.538 INFO             PET1 PIOc_freedecomp Enter - MemInfo: [malloc] Space allocated in mmapped regions:         85999616 Byte
20220314 013324.538 INFO             PET1 PIOc_freedecomp Enter - MemInfo: [malloc] Maximum total allocated space:                     0 Byte
20220314 013324.538 INFO             PET1 PIOc_freedecomp Enter - MemInfo: [malloc] Space in freed fastbin blocks:                   704 Byte
20220314 013324.538 INFO             PET1 PIOc_freedecomp Enter - MemInfo: [malloc] Total allocated space:                       5941216 Byte
20220314 013324.538 INFO             PET1 PIOc_freedecomp Enter - MemInfo: [malloc] Total free space:                            4347936 Byte
20220314 013324.538 INFO             PET1 PIOc_freedecomp Enter - MemInfo: [malloc] Top-most, releasable space:                  2228480 Byte
20220314 013324.538 INFO             PET1 PIOc_freedecomp Enter - MemInfo: [malloc] Total space in use, mmap + non-mmap:        91940832 Byte
20220314 013324.538 INFO             PET1 PIOc_freedecomp Enter - MemInfo: [malloc] Total space held (mmap + non-mmap):         96288768 Byte
20220314 013324.538 INFO             PET1 PIOc_freedecomp Enter - MemInfo: [malloc] Total space used (mmap + non-mmap):         91950192 Byte
20220314 013324.538 INFO             PET1 PIOc_freedecomp Enter - MemInfo: Wall-clock time since execution start:               0.117825 seconds
20220314 013324.538 INFO             PET1 PIOc_freedecomp Exit - MemInfo: [/proc/meminfo - SSI]	MemTotal:       131394444 kB
20220314 013324.538 INFO             PET1 PIOc_freedecomp Exit - MemInfo: [/proc/meminfo - SSI]	MemFree:        123890092 kB
20220314 013324.538 INFO             PET1 PIOc_freedecomp Exit - MemInfo: [/proc/meminfo - SSI]	MemAvailable:   123488224 kB
20220314 013324.538 INFO             PET1 PIOc_freedecomp Exit - MemInfo: [/proc/meminfo - SSI]	Committed_AS:    3925604 kB
20220314 013324.538 INFO             PET1 PIOc_freedecomp Exit - MemInfo: [/proc/meminfo - SSI]	CommittedPercent: 2.98765 %
20220314 013324.538 INFO             PET1 PIOc_freedecomp Exit - MemInfo: [/proc/self/status]	VmPeak:	 3808864 kB
20220314 013324.538 INFO             PET1 PIOc_freedecomp Exit - MemInfo: [/proc/self/status]	VmSize:	 3807844 kB
20220314 013324.538 INFO             PET1 PIOc_freedecomp Exit - MemInfo: [/proc/self/status]	VmLck:	       0 kB
20220314 013324.538 INFO             PET1 PIOc_freedecomp Exit - MemInfo: [/proc/self/status]	VmPin:	   82140 kB
20220314 013324.538 INFO             PET1 PIOc_freedecomp Exit - MemInfo: [/proc/self/status]	VmHWM:	  160304 kB
20220314 013324.538 INFO             PET1 PIOc_freedecomp Exit - MemInfo: [/proc/self/status]	VmRSS:	  160304 kB
20220314 013324.538 INFO             PET1 PIOc_freedecomp Exit - MemInfo: [/proc/self/status]	VmData:	  277936 kB
20220314 013324.538 INFO             PET1 PIOc_freedecomp Exit - MemInfo: [/proc/self/status]	VmStk:	     512 kB
20220314 013324.538 INFO             PET1 PIOc_freedecomp Exit - MemInfo: [/proc/self/status]	VmExe:	    1952 kB
20220314 013324.538 INFO             PET1 PIOc_freedecomp Exit - MemInfo: [/proc/self/status]	VmLib:	  104128 kB
20220314 013324.538 INFO             PET1 PIOc_freedecomp Exit - MemInfo: [/proc/self/status]	VmPTE:	     724 kB
20220314 013324.538 INFO             PET1 PIOc_freedecomp Exit - MemInfo: [/proc/self/status]	VmPMD:	      28 kB
20220314 013324.538 INFO             PET1 PIOc_freedecomp Exit - MemInfo: [/proc/self/status]	VmSwap:	       0 kB
20220314 013324.538 INFO             PET1 PIOc_freedecomp Exit - MemInfo: [/proc/self/status]	VmRSSPercent: 0.122002 %
20220314 013324.538 INFO             PET1 PIOc_freedecomp Exit - MemInfo: [malloc] Non-mmapped space allocated:                10289152 Byte
20220314 013324.538 INFO             PET1 PIOc_freedecomp Exit - MemInfo: [malloc] Space allocated in mmapped regions:         85999616 Byte
20220314 013324.538 INFO             PET1 PIOc_freedecomp Exit - MemInfo: [malloc] Maximum total allocated space:                     0 Byte
20220314 013324.538 INFO             PET1 PIOc_freedecomp Exit - MemInfo: [malloc] Space in freed fastbin blocks:                   720 Byte
20220314 013324.538 INFO             PET1 PIOc_freedecomp Exit - MemInfo: [malloc] Total allocated space:                       5938976 Byte
20220314 013324.538 INFO             PET1 PIOc_freedecomp Exit - MemInfo: [malloc] Total free space:                            4350176 Byte
20220314 013324.538 INFO             PET1 PIOc_freedecomp Exit - MemInfo: [malloc] Top-most, releasable space:                  2228480 Byte
20220314 013324.538 INFO             PET1 PIOc_freedecomp Exit - MemInfo: [malloc] Total space in use, mmap + non-mmap:        91938592 Byte
20220314 013324.538 INFO             PET1 PIOc_freedecomp Exit - MemInfo: [malloc] Total space held (mmap + non-mmap):         96288768 Byte
20220314 013324.538 INFO             PET1 PIOc_freedecomp Exit - MemInfo: [malloc] Total space used (mmap + non-mmap):         91947952 Byte
20220314 013324.538 INFO             PET1 PIOc_freedecomp Exit - MemInfo: Wall-clock time since execution start:               0.118152 seconds
20220314 013324.540 INFO             PET1  PASS  ESMF_FieldRegridStoreFromFile Unit Test, ESMF_FieldSMMFromFileUTest.F90, line 315
20220314 013324.540 INFO             PET1  Ending Test, file ESMF_FieldSMMFromFileUTest.F90, line 322
20220314 013324.540 INFO             PET1 Finalizing ESMF
20220314 013324.428 INFO             PET2 !!!!!!!!!!!!!!!!!!!!!!!!!!!!!!!!!!!!!!!!!!!!!!!!!!!!!!
20220314 013324.428 INFO             PET2 !!! THE ESMF_LOG IS SET TO OUTPUT ALL LOG MESSAGES !!!
20220314 013324.428 INFO             PET2 !!!     THIS MAY CAUSE SLOWDOWN IN PERFORMANCE     !!!
20220314 013324.428 INFO             PET2 !!! FOR PRODUCTION RUNS, USE:                      !!!
20220314 013324.428 INFO             PET2 !!!                   ESMF_LOGKIND_Multi_On_Error  !!!
20220314 013324.428 INFO             PET2 !!!!!!!!!!!!!!!!!!!!!!!!!!!!!!!!!!!!!!!!!!!!!!!!!!!!!!
20220314 013324.428 INFO             PET2 Running with ESMF Version   : v8.3.0b09-96-g559b459836
20220314 013324.428 INFO             PET2 ESMF library build date/time: "Mar 14 2022" "01:12:17"
20220314 013324.428 INFO             PET2 ESMF library build location : /gpfsm/dnb04/projects/p98/mpotts/esmf/intel_2020_intelmpi_O_jedwards_pio_update2
20220314 013324.428 INFO             PET2 ESMF_COMM                   : intelmpi
20220314 013324.429 INFO             PET2 ESMF_MOAB                   : enabled
20220314 013324.429 INFO             PET2 ESMF_LAPACK                 : enabled
20220314 013324.429 INFO             PET2 ESMF_NETCDF                 : enabled
20220314 013324.429 INFO             PET2 ESMF_PNETCDF                : disabled
20220314 013324.429 INFO             PET2 ESMF_PIO                    : enabled
20220314 013324.429 INFO             PET2 ESMF_YAMLCPP                : enabled
20220314 013324.429 INFO             PET2  Beginning Test, file ESMF_FieldSMMFromFileUTest.F90, line 287
20220314 013324.429 INFO             PET2  NUMBER_OF_PROCESSORS           4
20220314 013324.527 INFO             PET2  PASS  ESMF_FieldSMMFromFile Unit Test, ESMF_FieldSMMFromFileUTest.F90, line 300
20220314 013324.532 INFO             PET2 PIOc_sync Enter - MemInfo: [/proc/meminfo - SSI]	MemTotal:       131394444 kB
20220314 013324.532 INFO             PET2 PIOc_sync Enter - MemInfo: [/proc/meminfo - SSI]	MemFree:        123890092 kB
20220314 013324.532 INFO             PET2 PIOc_sync Enter - MemInfo: [/proc/meminfo - SSI]	MemAvailable:   123488224 kB
20220314 013324.532 INFO             PET2 PIOc_sync Enter - MemInfo: [/proc/meminfo - SSI]	Committed_AS:    3925604 kB
20220314 013324.532 INFO             PET2 PIOc_sync Enter - MemInfo: [/proc/meminfo - SSI]	CommittedPercent: 2.98765 %
20220314 013324.532 INFO             PET2 PIOc_sync Enter - MemInfo: [/proc/self/status]	VmPeak:	 3800408 kB
20220314 013324.532 INFO             PET2 PIOc_sync Enter - MemInfo: [/proc/self/status]	VmSize:	 3783220 kB
20220314 013324.532 INFO             PET2 PIOc_sync Enter - MemInfo: [/proc/self/status]	VmLck:	       0 kB
20220314 013324.533 INFO             PET2 PIOc_sync Enter - MemInfo: [/proc/self/status]	VmPin:	   82140 kB
20220314 013324.533 INFO             PET2 PIOc_sync Enter - MemInfo: [/proc/self/status]	VmHWM:	  161116 kB
20220314 013324.533 INFO             PET2 PIOc_sync Enter - MemInfo: [/proc/self/status]	VmRSS:	  161116 kB
20220314 013324.533 INFO             PET2 PIOc_sync Enter - MemInfo: [/proc/self/status]	VmData:	  253312 kB
20220314 013324.533 INFO             PET2 PIOc_sync Enter - MemInfo: [/proc/self/status]	VmStk:	     512 kB
20220314 013324.533 INFO             PET2 PIOc_sync Enter - MemInfo: [/proc/self/status]	VmExe:	    1952 kB
20220314 013324.533 INFO             PET2 PIOc_sync Enter - MemInfo: [/proc/self/status]	VmLib:	  104128 kB
20220314 013324.533 INFO             PET2 PIOc_sync Enter - MemInfo: [/proc/self/status]	VmPTE:	     736 kB
20220314 013324.533 INFO             PET2 PIOc_sync Enter - MemInfo: [/proc/self/status]	VmPMD:	      32 kB
20220314 013324.533 INFO             PET2 PIOc_sync Enter - MemInfo: [/proc/self/status]	VmSwap:	       0 kB
20220314 013324.533 INFO             PET2 PIOc_sync Enter - MemInfo: [/proc/self/status]	VmRSSPercent: 0.12262 %
20220314 013324.533 INFO             PET2 PIOc_sync Enter - MemInfo: [malloc] Non-mmapped space allocated:                33312768 Byte
20220314 013324.533 INFO             PET2 PIOc_sync Enter - MemInfo: [malloc] Space allocated in mmapped regions:         62926848 Byte
20220314 013324.533 INFO             PET2 PIOc_sync Enter - MemInfo: [malloc] Maximum total allocated space:                     0 Byte
20220314 013324.533 INFO             PET2 PIOc_sync Enter - MemInfo: [malloc] Space in freed fastbin blocks:                  2448 Byte
20220314 013324.533 INFO             PET2 PIOc_sync Enter - MemInfo: [malloc] Total allocated space:                      26915680 Byte
20220314 013324.533 INFO             PET2 PIOc_sync Enter - MemInfo: [malloc] Total free space:                            6397088 Byte
20220314 013324.533 INFO             PET2 PIOc_sync Enter - MemInfo: [malloc] Top-most, releasable space:                  2232032 Byte
20220314 013324.533 INFO             PET2 PIOc_sync Enter - MemInfo: [malloc] Total space in use, mmap + non-mmap:        89842528 Byte
20220314 013324.533 INFO             PET2 PIOc_sync Enter - MemInfo: [malloc] Total space held (mmap + non-mmap):         96239616 Byte
20220314 013324.533 INFO             PET2 PIOc_sync Enter - MemInfo: [malloc] Total space used (mmap + non-mmap):         89851888 Byte
20220314 013324.533 INFO             PET2 PIOc_sync Enter - MemInfo: Wall-clock time since execution start:               0.112865 seconds
20220314 013324.533 INFO             PET2 PIOc_sync Exit - MemInfo: [/proc/meminfo - SSI]	MemTotal:       131394444 kB
20220314 013324.533 INFO             PET2 PIOc_sync Exit - MemInfo: [/proc/meminfo - SSI]	MemFree:        123890092 kB
20220314 013324.533 INFO             PET2 PIOc_sync Exit - MemInfo: [/proc/meminfo - SSI]	MemAvailable:   123488224 kB
20220314 013324.533 INFO             PET2 PIOc_sync Exit - MemInfo: [/proc/meminfo - SSI]	Committed_AS:    3925604 kB
20220314 013324.533 INFO             PET2 PIOc_sync Exit - MemInfo: [/proc/meminfo - SSI]	CommittedPercent: 2.98765 %
20220314 013324.533 INFO             PET2 PIOc_sync Exit - MemInfo: [/proc/self/status]	VmPeak:	 3800408 kB
20220314 013324.533 INFO             PET2 PIOc_sync Exit - MemInfo: [/proc/self/status]	VmSize:	 3783220 kB
20220314 013324.533 INFO             PET2 PIOc_sync Exit - MemInfo: [/proc/self/status]	VmLck:	       0 kB
20220314 013324.533 INFO             PET2 PIOc_sync Exit - MemInfo: [/proc/self/status]	VmPin:	   82140 kB
20220314 013324.533 INFO             PET2 PIOc_sync Exit - MemInfo: [/proc/self/status]	VmHWM:	  161168 kB
20220314 013324.533 INFO             PET2 PIOc_sync Exit - MemInfo: [/proc/self/status]	VmRSS:	  161168 kB
20220314 013324.533 INFO             PET2 PIOc_sync Exit - MemInfo: [/proc/self/status]	VmData:	  253312 kB
20220314 013324.533 INFO             PET2 PIOc_sync Exit - MemInfo: [/proc/self/status]	VmStk:	     512 kB
20220314 013324.533 INFO             PET2 PIOc_sync Exit - MemInfo: [/proc/self/status]	VmExe:	    1952 kB
20220314 013324.533 INFO             PET2 PIOc_sync Exit - MemInfo: [/proc/self/status]	VmLib:	  104128 kB
