build time -- 2022-03-13 01:15:01.558894
20220313 013518.837 INFO             PET0 !!!!!!!!!!!!!!!!!!!!!!!!!!!!!!!!!!!!!!!!!!!!!!!!!!!!!!
20220313 013518.837 INFO             PET0 !!! THE ESMF_LOG IS SET TO OUTPUT ALL LOG MESSAGES !!!
20220313 013518.837 INFO             PET0 !!!     THIS MAY CAUSE SLOWDOWN IN PERFORMANCE     !!!
20220313 013518.837 INFO             PET0 !!! FOR PRODUCTION RUNS, USE:                      !!!
20220313 013518.837 INFO             PET0 !!!                   ESMF_LOGKIND_Multi_On_Error  !!!
20220313 013518.837 INFO             PET0 !!!!!!!!!!!!!!!!!!!!!!!!!!!!!!!!!!!!!!!!!!!!!!!!!!!!!!
20220313 013518.837 INFO             PET0 Running with ESMF Version   : v8.3.0b09-96-g559b459836
20220313 013518.837 INFO             PET0 ESMF library build date/time: "Mar 13 2022" "01:12:50"
20220313 013518.837 INFO             PET0 ESMF library build location : /gpfsm/dnb04/projects/p98/mpotts/esmf/intel_2020_intelmpi_O_jedwards_pio_update2
20220313 013518.837 INFO             PET0 ESMF_COMM                   : intelmpi
20220313 013518.838 INFO             PET0 ESMF_MOAB                   : enabled
20220313 013518.838 INFO             PET0 ESMF_LAPACK                 : enabled
20220313 013518.838 INFO             PET0 ESMF_NETCDF                 : enabled
20220313 013518.838 INFO             PET0 ESMF_PNETCDF                : disabled
20220313 013518.838 INFO             PET0 ESMF_PIO                    : enabled
20220313 013518.838 INFO             PET0 ESMF_YAMLCPP                : enabled
20220313 013518.838 INFO             PET0  Beginning Test, file ESMF_FieldSMMFromFileUTest.F90, line 287
20220313 013518.838 INFO             PET0  NUMBER_OF_PROCESSORS           4
20220313 013518.938 INFO             PET0  PASS  ESMF_FieldSMMFromFile Unit Test, ESMF_FieldSMMFromFileUTest.F90, line 300
20220313 013518.942 INFO             PET0 PIOc_sync Enter - MemInfo: [/proc/meminfo - SSI]	MemTotal:       131394444 kB
20220313 013518.942 INFO             PET0 PIOc_sync Enter - MemInfo: [/proc/meminfo - SSI]	MemFree:        119066352 kB
20220313 013518.942 INFO             PET0 PIOc_sync Enter - MemInfo: [/proc/meminfo - SSI]	MemAvailable:   118673068 kB
20220313 013518.942 INFO             PET0 PIOc_sync Enter - MemInfo: [/proc/meminfo - SSI]	Committed_AS:    3882916 kB
20220313 013518.942 INFO             PET0 PIOc_sync Enter - MemInfo: [/proc/meminfo - SSI]	CommittedPercent: 2.95516 %
20220313 013518.942 INFO             PET0 PIOc_sync Enter - MemInfo: [/proc/self/status]	VmPeak:	 3812936 kB
20220313 013518.942 INFO             PET0 PIOc_sync Enter - MemInfo: [/proc/self/status]	VmSize:	 3811916 kB
20220313 013518.942 INFO             PET0 PIOc_sync Enter - MemInfo: [/proc/self/status]	VmLck:	       0 kB
20220313 013518.942 INFO             PET0 PIOc_sync Enter - MemInfo: [/proc/self/status]	VmPin:	   82140 kB
20220313 013518.942 INFO             PET0 PIOc_sync Enter - MemInfo: [/proc/self/status]	VmHWM:	  165936 kB
20220313 013518.942 INFO             PET0 PIOc_sync Enter - MemInfo: [/proc/self/status]	VmRSS:	  165936 kB
20220313 013518.942 INFO             PET0 PIOc_sync Enter - MemInfo: [/proc/self/status]	VmData:	  282008 kB
20220313 013518.942 INFO             PET0 PIOc_sync Enter - MemInfo: [/proc/self/status]	VmStk:	     512 kB
20220313 013518.942 INFO             PET0 PIOc_sync Enter - MemInfo: [/proc/self/status]	VmExe:	    1952 kB
20220313 013518.942 INFO             PET0 PIOc_sync Enter - MemInfo: [/proc/self/status]	VmLib:	  104128 kB
20220313 013518.942 INFO             PET0 PIOc_sync Enter - MemInfo: [/proc/self/status]	VmPTE:	     736 kB
20220313 013518.942 INFO             PET0 PIOc_sync Enter - MemInfo: [/proc/self/status]	VmPMD:	      32 kB
20220313 013518.942 INFO             PET0 PIOc_sync Enter - MemInfo: [/proc/self/status]	VmSwap:	       0 kB
20220313 013518.942 INFO             PET0 PIOc_sync Enter - MemInfo: [/proc/self/status]	VmRSSPercent: 0.126288 %
20220313 013518.942 INFO             PET0 PIOc_sync Enter - MemInfo: [malloc] Non-mmapped space allocated:                16556032 Byte
20220313 013518.942 INFO             PET0 PIOc_sync Enter - MemInfo: [malloc] Space allocated in mmapped regions:         85999616 Byte
20220313 013518.942 INFO             PET0 PIOc_sync Enter - MemInfo: [malloc] Maximum total allocated space:                     0 Byte
20220313 013518.942 INFO             PET0 PIOc_sync Enter - MemInfo: [malloc] Space in freed fastbin blocks:                   512 Byte
20220313 013518.942 INFO             PET0 PIOc_sync Enter - MemInfo: [malloc] Total allocated space:                      12196240 Byte
20220313 013518.942 INFO             PET0 PIOc_sync Enter - MemInfo: [malloc] Total free space:                            4359792 Byte
20220313 013518.942 INFO             PET0 PIOc_sync Enter - MemInfo: [malloc] Top-most, releasable space:                  2231232 Byte
20220313 013518.942 INFO             PET0 PIOc_sync Enter - MemInfo: [malloc] Total space in use, mmap + non-mmap:        98195856 Byte
20220313 013518.943 INFO             PET0 PIOc_sync Enter - MemInfo: [malloc] Total space held (mmap + non-mmap):        102555648 Byte
20220313 013518.943 INFO             PET0 PIOc_sync Enter - MemInfo: [malloc] Total space used (mmap + non-mmap):         98205216 Byte
20220313 013518.943 INFO             PET0 PIOc_sync Enter - MemInfo: Wall-clock time since execution start:               0.113394 seconds
20220313 013518.943 INFO             PET0 PIOc_sync Exit - MemInfo: [/proc/meminfo - SSI]	MemTotal:       131394444 kB
20220313 013518.943 INFO             PET0 PIOc_sync Exit - MemInfo: [/proc/meminfo - SSI]	MemFree:        119066352 kB
20220313 013518.943 INFO             PET0 PIOc_sync Exit - MemInfo: [/proc/meminfo - SSI]	MemAvailable:   118673068 kB
20220313 013518.943 INFO             PET0 PIOc_sync Exit - MemInfo: [/proc/meminfo - SSI]	Committed_AS:    3882916 kB
20220313 013518.943 INFO             PET0 PIOc_sync Exit - MemInfo: [/proc/meminfo - SSI]	CommittedPercent: 2.95516 %
20220313 013518.943 INFO             PET0 PIOc_sync Exit - MemInfo: [/proc/self/status]	VmPeak:	 3812936 kB
20220313 013518.943 INFO             PET0 PIOc_sync Exit - MemInfo: [/proc/self/status]	VmSize:	 3811916 kB
20220313 013518.943 INFO             PET0 PIOc_sync Exit - MemInfo: [/proc/self/status]	VmLck:	       0 kB
20220313 013518.943 INFO             PET0 PIOc_sync Exit - MemInfo: [/proc/self/status]	VmPin:	   82140 kB
20220313 013518.943 INFO             PET0 PIOc_sync Exit - MemInfo: [/proc/self/status]	VmHWM:	  166016 kB
20220313 013518.943 INFO             PET0 PIOc_sync Exit - MemInfo: [/proc/self/status]	VmRSS:	  166016 kB
20220313 013518.943 INFO             PET0 PIOc_sync Exit - MemInfo: [/proc/self/status]	VmData:	  282008 kB
20220313 013518.943 INFO             PET0 PIOc_sync Exit - MemInfo: [/proc/self/status]	VmStk:	     512 kB
20220313 013518.943 INFO             PET0 PIOc_sync Exit - MemInfo: [/proc/self/status]	VmExe:	    1952 kB
20220313 013518.943 INFO             PET0 PIOc_sync Exit - MemInfo: [/proc/self/status]	VmLib:	  104128 kB
20220313 013518.943 INFO             PET0 PIOc_sync Exit - MemInfo: [/proc/self/status]	VmPTE:	     736 kB
20220313 013518.943 INFO             PET0 PIOc_sync Exit - MemInfo: [/proc/self/status]	VmPMD:	      32 kB
20220313 013518.943 INFO             PET0 PIOc_sync Exit - MemInfo: [/proc/self/status]	VmSwap:	       0 kB
20220313 013518.943 INFO             PET0 PIOc_sync Exit - MemInfo: [/proc/self/status]	VmRSSPercent: 0.126349 %
20220313 013518.943 INFO             PET0 PIOc_sync Exit - MemInfo: [malloc] Non-mmapped space allocated:                16556032 Byte
20220313 013518.943 INFO             PET0 PIOc_sync Exit - MemInfo: [malloc] Space allocated in mmapped regions:         85999616 Byte
20220313 013518.943 INFO             PET0 PIOc_sync Exit - MemInfo: [malloc] Maximum total allocated space:                     0 Byte
20220313 013518.943 INFO             PET0 PIOc_sync Exit - MemInfo: [malloc] Space in freed fastbin blocks:                   384 Byte
20220313 013518.943 INFO             PET0 PIOc_sync Exit - MemInfo: [malloc] Total allocated space:                      12195008 Byte
20220313 013518.943 INFO             PET0 PIOc_sync Exit - MemInfo: [malloc] Total free space:                            4361024 Byte
20220313 013518.943 INFO             PET0 PIOc_sync Exit - MemInfo: [malloc] Top-most, releasable space:                  2231232 Byte
20220313 013518.943 INFO             PET0 PIOc_sync Exit - MemInfo: [malloc] Total space in use, mmap + non-mmap:        98194624 Byte
20220313 013518.943 INFO             PET0 PIOc_sync Exit - MemInfo: [malloc] Total space held (mmap + non-mmap):        102555648 Byte
20220313 013518.943 INFO             PET0 PIOc_sync Exit - MemInfo: [malloc] Total space used (mmap + non-mmap):         98203984 Byte
20220313 013518.943 INFO             PET0 PIOc_sync Exit - MemInfo: Wall-clock time since execution start:               0.114139 seconds
20220313 013518.943 INFO             PET0 PIOc_freedecomp Enter - MemInfo: [/proc/meminfo - SSI]	MemTotal:       131394444 kB
20220313 013518.943 INFO             PET0 PIOc_freedecomp Enter - MemInfo: [/proc/meminfo - SSI]	MemFree:        119066352 kB
20220313 013518.943 INFO             PET0 PIOc_freedecomp Enter - MemInfo: [/proc/meminfo - SSI]	MemAvailable:   118673068 kB
20220313 013518.943 INFO             PET0 PIOc_freedecomp Enter - MemInfo: [/proc/meminfo - SSI]	Committed_AS:    3882916 kB
20220313 013518.943 INFO             PET0 PIOc_freedecomp Enter - MemInfo: [/proc/meminfo - SSI]	CommittedPercent: 2.95516 %
20220313 013518.944 INFO             PET0 PIOc_freedecomp Enter - MemInfo: [/proc/self/status]	VmPeak:	 3812936 kB
20220313 013518.944 INFO             PET0 PIOc_freedecomp Enter - MemInfo: [/proc/self/status]	VmSize:	 3811916 kB
20220313 013518.944 INFO             PET0 PIOc_freedecomp Enter - MemInfo: [/proc/self/status]	VmLck:	       0 kB
20220313 013518.944 INFO             PET0 PIOc_freedecomp Enter - MemInfo: [/proc/self/status]	VmPin:	   82140 kB
20220313 013518.944 INFO             PET0 PIOc_freedecomp Enter - MemInfo: [/proc/self/status]	VmHWM:	  166020 kB
20220313 013518.944 INFO             PET0 PIOc_freedecomp Enter - MemInfo: [/proc/self/status]	VmRSS:	  166020 kB
20220313 013518.944 INFO             PET0 PIOc_freedecomp Enter - MemInfo: [/proc/self/status]	VmData:	  282008 kB
20220313 013518.944 INFO             PET0 PIOc_freedecomp Enter - MemInfo: [/proc/self/status]	VmStk:	     512 kB
20220313 013518.944 INFO             PET0 PIOc_freedecomp Enter - MemInfo: [/proc/self/status]	VmExe:	    1952 kB
20220313 013518.944 INFO             PET0 PIOc_freedecomp Enter - MemInfo: [/proc/self/status]	VmLib:	  104128 kB
20220313 013518.944 INFO             PET0 PIOc_freedecomp Enter - MemInfo: [/proc/self/status]	VmPTE:	     736 kB
20220313 013518.944 INFO             PET0 PIOc_freedecomp Enter - MemInfo: [/proc/self/status]	VmPMD:	      32 kB
20220313 013518.944 INFO             PET0 PIOc_freedecomp Enter - MemInfo: [/proc/self/status]	VmSwap:	       0 kB
20220313 013518.944 INFO             PET0 PIOc_freedecomp Enter - MemInfo: [/proc/self/status]	VmRSSPercent: 0.126352 %
20220313 013518.944 INFO             PET0 PIOc_freedecomp Enter - MemInfo: [malloc] Non-mmapped space allocated:                16556032 Byte
20220313 013518.944 INFO             PET0 PIOc_freedecomp Enter - MemInfo: [malloc] Space allocated in mmapped regions:         85999616 Byte
20220313 013518.944 INFO             PET0 PIOc_freedecomp Enter - MemInfo: [malloc] Maximum total allocated space:                     0 Byte
20220313 013518.944 INFO             PET0 PIOc_freedecomp Enter - MemInfo: [malloc] Space in freed fastbin blocks:                   992 Byte
20220313 013518.944 INFO             PET0 PIOc_freedecomp Enter - MemInfo: [malloc] Total allocated space:                      10084736 Byte
20220313 013518.944 INFO             PET0 PIOc_freedecomp Enter - MemInfo: [malloc] Total free space:                            6471296 Byte
20220313 013518.944 INFO             PET0 PIOc_freedecomp Enter - MemInfo: [malloc] Top-most, releasable space:                  2231232 Byte
20220313 013518.944 INFO             PET0 PIOc_freedecomp Enter - MemInfo: [malloc] Total space in use, mmap + non-mmap:        96084352 Byte
20220313 013518.944 INFO             PET0 PIOc_freedecomp Enter - MemInfo: [malloc] Total space held (mmap + non-mmap):        102555648 Byte
20220313 013518.944 INFO             PET0 PIOc_freedecomp Enter - MemInfo: [malloc] Total space used (mmap + non-mmap):         96093712 Byte
20220313 013518.944 INFO             PET0 PIOc_freedecomp Enter - MemInfo: Wall-clock time since execution start:               0.114628 seconds
20220313 013518.944 INFO             PET0 PIOc_freedecomp Exit - MemInfo: [/proc/meminfo - SSI]	MemTotal:       131394444 kB
20220313 013518.944 INFO             PET0 PIOc_freedecomp Exit - MemInfo: [/proc/meminfo - SSI]	MemFree:        119066352 kB
20220313 013518.944 INFO             PET0 PIOc_freedecomp Exit - MemInfo: [/proc/meminfo - SSI]	MemAvailable:   118673068 kB
20220313 013518.944 INFO             PET0 PIOc_freedecomp Exit - MemInfo: [/proc/meminfo - SSI]	Committed_AS:    3882916 kB
20220313 013518.944 INFO             PET0 PIOc_freedecomp Exit - MemInfo: [/proc/meminfo - SSI]	CommittedPercent: 2.95516 %
20220313 013518.944 INFO             PET0 PIOc_freedecomp Exit - MemInfo: [/proc/self/status]	VmPeak:	 3812936 kB
20220313 013518.944 INFO             PET0 PIOc_freedecomp Exit - MemInfo: [/proc/self/status]	VmSize:	 3811916 kB
20220313 013518.944 INFO             PET0 PIOc_freedecomp Exit - MemInfo: [/proc/self/status]	VmLck:	       0 kB
20220313 013518.944 INFO             PET0 PIOc_freedecomp Exit - MemInfo: [/proc/self/status]	VmPin:	   82140 kB
20220313 013518.944 INFO             PET0 PIOc_freedecomp Exit - MemInfo: [/proc/self/status]	VmHWM:	  166020 kB
20220313 013518.944 INFO             PET0 PIOc_freedecomp Exit - MemInfo: [/proc/self/status]	VmRSS:	  166020 kB
20220313 013518.944 INFO             PET0 PIOc_freedecomp Exit - MemInfo: [/proc/self/status]	VmData:	  282008 kB
20220313 013518.944 INFO             PET0 PIOc_freedecomp Exit - MemInfo: [/proc/self/status]	VmStk:	     512 kB
20220313 013518.944 INFO             PET0 PIOc_freedecomp Exit - MemInfo: [/proc/self/status]	VmExe:	    1952 kB
20220313 013518.944 INFO             PET0 PIOc_freedecomp Exit - MemInfo: [/proc/self/status]	VmLib:	  104128 kB
20220313 013518.944 INFO             PET0 PIOc_freedecomp Exit - MemInfo: [/proc/self/status]	VmPTE:	     736 kB
20220313 013518.944 INFO             PET0 PIOc_freedecomp Exit - MemInfo: [/proc/self/status]	VmPMD:	      32 kB
20220313 013518.944 INFO             PET0 PIOc_freedecomp Exit - MemInfo: [/proc/self/status]	VmSwap:	       0 kB
20220313 013518.944 INFO             PET0 PIOc_freedecomp Exit - MemInfo: [/proc/self/status]	VmRSSPercent: 0.126352 %
20220313 013518.944 INFO             PET0 PIOc_freedecomp Exit - MemInfo: [malloc] Non-mmapped space allocated:                16556032 Byte
20220313 013518.944 INFO             PET0 PIOc_freedecomp Exit - MemInfo: [malloc] Space allocated in mmapped regions:         85999616 Byte
20220313 013518.944 INFO             PET0 PIOc_freedecomp Exit - MemInfo: [malloc] Maximum total allocated space:                     0 Byte
20220313 013518.944 INFO             PET0 PIOc_freedecomp Exit - MemInfo: [malloc] Space in freed fastbin blocks:                   752 Byte
20220313 013518.944 INFO             PET0 PIOc_freedecomp Exit - MemInfo: [malloc] Total allocated space:                      10080400 Byte
20220313 013518.944 INFO             PET0 PIOc_freedecomp Exit - MemInfo: [malloc] Total free space:                            6475632 Byte
20220313 013518.944 INFO             PET0 PIOc_freedecomp Exit - MemInfo: [malloc] Top-most, releasable space:                  2231232 Byte
20220313 013518.944 INFO             PET0 PIOc_freedecomp Exit - MemInfo: [malloc] Total space in use, mmap + non-mmap:        96080016 Byte
20220313 013518.944 INFO             PET0 PIOc_freedecomp Exit - MemInfo: [malloc] Total space held (mmap + non-mmap):        102555648 Byte
20220313 013518.944 INFO             PET0 PIOc_freedecomp Exit - MemInfo: [malloc] Total space used (mmap + non-mmap):         96089376 Byte
20220313 013518.944 INFO             PET0 PIOc_freedecomp Exit - MemInfo: Wall-clock time since execution start:               0.114953 seconds
20220313 013518.945 INFO             PET0 PIOc_sync Enter - MemInfo: [/proc/meminfo - SSI]	MemTotal:       131394444 kB
20220313 013518.945 INFO             PET0 PIOc_sync Enter - MemInfo: [/proc/meminfo - SSI]	MemFree:        119066352 kB
20220313 013518.945 INFO             PET0 PIOc_sync Enter - MemInfo: [/proc/meminfo - SSI]	MemAvailable:   118673068 kB
20220313 013518.945 INFO             PET0 PIOc_sync Enter - MemInfo: [/proc/meminfo - SSI]	Committed_AS:    3882916 kB
20220313 013518.945 INFO             PET0 PIOc_sync Enter - MemInfo: [/proc/meminfo - SSI]	CommittedPercent: 2.95516 %
20220313 013518.945 INFO             PET0 PIOc_sync Enter - MemInfo: [/proc/self/status]	VmPeak:	 3812936 kB
20220313 013518.945 INFO             PET0 PIOc_sync Enter - MemInfo: [/proc/self/status]	VmSize:	 3811916 kB
20220313 013518.945 INFO             PET0 PIOc_sync Enter - MemInfo: [/proc/self/status]	VmLck:	       0 kB
20220313 013518.945 INFO             PET0 PIOc_sync Enter - MemInfo: [/proc/self/status]	VmPin:	   82140 kB
20220313 013518.945 INFO             PET0 PIOc_sync Enter - MemInfo: [/proc/self/status]	VmHWM:	  166028 kB
20220313 013518.945 INFO             PET0 PIOc_sync Enter - MemInfo: [/proc/self/status]	VmRSS:	  166028 kB
20220313 013518.945 INFO             PET0 PIOc_sync Enter - MemInfo: [/proc/self/status]	VmData:	  282008 kB
20220313 013518.945 INFO             PET0 PIOc_sync Enter - MemInfo: [/proc/self/status]	VmStk:	     512 kB
20220313 013518.945 INFO             PET0 PIOc_sync Enter - MemInfo: [/proc/self/status]	VmExe:	    1952 kB
20220313 013518.945 INFO             PET0 PIOc_sync Enter - MemInfo: [/proc/self/status]	VmLib:	  104128 kB
20220313 013518.945 INFO             PET0 PIOc_sync Enter - MemInfo: [/proc/self/status]	VmPTE:	     736 kB
20220313 013518.945 INFO             PET0 PIOc_sync Enter - MemInfo: [/proc/self/status]	VmPMD:	      32 kB
20220313 013518.945 INFO             PET0 PIOc_sync Enter - MemInfo: [/proc/self/status]	VmSwap:	       0 kB
20220313 013518.945 INFO             PET0 PIOc_sync Enter - MemInfo: [/proc/self/status]	VmRSSPercent: 0.126358 %
20220313 013518.945 INFO             PET0 PIOc_sync Enter - MemInfo: [malloc] Non-mmapped space allocated:                16556032 Byte
20220313 013518.945 INFO             PET0 PIOc_sync Enter - MemInfo: [malloc] Space allocated in mmapped regions:         85999616 Byte
20220313 013518.945 INFO             PET0 PIOc_sync Enter - MemInfo: [malloc] Maximum total allocated space:                     0 Byte
20220313 013518.945 INFO             PET0 PIOc_sync Enter - MemInfo: [malloc] Space in freed fastbin blocks:                   608 Byte
20220313 013518.945 INFO             PET0 PIOc_sync Enter - MemInfo: [malloc] Total allocated space:                      12196368 Byte
20220313 013518.945 INFO             PET0 PIOc_sync Enter - MemInfo: [malloc] Total free space:                            4359664 Byte
20220313 013518.945 INFO             PET0 PIOc_sync Enter - MemInfo: [malloc] Top-most, releasable space:                  2231232 Byte
20220313 013518.945 INFO             PET0 PIOc_sync Enter - MemInfo: [malloc] Total space in use, mmap + non-mmap:        98195984 Byte
20220313 013518.945 INFO             PET0 PIOc_sync Enter - MemInfo: [malloc] Total space held (mmap + non-mmap):        102555648 Byte
20220313 013518.945 INFO             PET0 PIOc_sync Enter - MemInfo: [malloc] Total space used (mmap + non-mmap):         98205344 Byte
20220313 013518.945 INFO             PET0 PIOc_sync Enter - MemInfo: Wall-clock time since execution start:               0.115865 seconds
20220313 013518.945 INFO             PET0 PIOc_sync Exit - MemInfo: [/proc/meminfo - SSI]	MemTotal:       131394444 kB
20220313 013518.945 INFO             PET0 PIOc_sync Exit - MemInfo: [/proc/meminfo - SSI]	MemFree:        119066352 kB
20220313 013518.945 INFO             PET0 PIOc_sync Exit - MemInfo: [/proc/meminfo - SSI]	MemAvailable:   118673068 kB
20220313 013518.945 INFO             PET0 PIOc_sync Exit - MemInfo: [/proc/meminfo - SSI]	Committed_AS:    3882916 kB
20220313 013518.945 INFO             PET0 PIOc_sync Exit - MemInfo: [/proc/meminfo - SSI]	CommittedPercent: 2.95516 %
20220313 013518.945 INFO             PET0 PIOc_sync Exit - MemInfo: [/proc/self/status]	VmPeak:	 3812936 kB
20220313 013518.945 INFO             PET0 PIOc_sync Exit - MemInfo: [/proc/self/status]	VmSize:	 3811916 kB
20220313 013518.945 INFO             PET0 PIOc_sync Exit - MemInfo: [/proc/self/status]	VmLck:	       0 kB
20220313 013518.945 INFO             PET0 PIOc_sync Exit - MemInfo: [/proc/self/status]	VmPin:	   82140 kB
20220313 013518.945 INFO             PET0 PIOc_sync Exit - MemInfo: [/proc/self/status]	VmHWM:	  166032 kB
20220313 013518.945 INFO             PET0 PIOc_sync Exit - MemInfo: [/proc/self/status]	VmRSS:	  166032 kB
20220313 013518.945 INFO             PET0 PIOc_sync Exit - MemInfo: [/proc/self/status]	VmData:	  282008 kB
20220313 013518.945 INFO             PET0 PIOc_sync Exit - MemInfo: [/proc/self/status]	VmStk:	     512 kB
20220313 013518.945 INFO             PET0 PIOc_sync Exit - MemInfo: [/proc/self/status]	VmExe:	    1952 kB
20220313 013518.945 INFO             PET0 PIOc_sync Exit - MemInfo: [/proc/self/status]	VmLib:	  104128 kB
20220313 013518.945 INFO             PET0 PIOc_sync Exit - MemInfo: [/proc/self/status]	VmPTE:	     736 kB
20220313 013518.945 INFO             PET0 PIOc_sync Exit - MemInfo: [/proc/self/status]	VmPMD:	      32 kB
20220313 013518.945 INFO             PET0 PIOc_sync Exit - MemInfo: [/proc/self/status]	VmSwap:	       0 kB
20220313 013518.945 INFO             PET0 PIOc_sync Exit - MemInfo: [/proc/self/status]	VmRSSPercent: 0.126362 %
20220313 013518.945 INFO             PET0 PIOc_sync Exit - MemInfo: [malloc] Non-mmapped space allocated:                16556032 Byte
20220313 013518.945 INFO             PET0 PIOc_sync Exit - MemInfo: [malloc] Space allocated in mmapped regions:         85999616 Byte
20220313 013518.945 INFO             PET0 PIOc_sync Exit - MemInfo: [malloc] Maximum total allocated space:                     0 Byte
20220313 013518.945 INFO             PET0 PIOc_sync Exit - MemInfo: [malloc] Space in freed fastbin blocks:                   384 Byte
20220313 013518.945 INFO             PET0 PIOc_sync Exit - MemInfo: [malloc] Total allocated space:                      12195392 Byte
20220313 013518.945 INFO             PET0 PIOc_sync Exit - MemInfo: [malloc] Total free space:                            4360640 Byte
20220313 013518.945 INFO             PET0 PIOc_sync Exit - MemInfo: [malloc] Top-most, releasable space:                  2231232 Byte
20220313 013518.945 INFO             PET0 PIOc_sync Exit - MemInfo: [malloc] Total space in use, mmap + non-mmap:        98195008 Byte
20220313 013518.945 INFO             PET0 PIOc_sync Exit - MemInfo: [malloc] Total space held (mmap + non-mmap):        102555648 Byte
20220313 013518.945 INFO             PET0 PIOc_sync Exit - MemInfo: [malloc] Total space used (mmap + non-mmap):         98204368 Byte
20220313 013518.945 INFO             PET0 PIOc_sync Exit - MemInfo: Wall-clock time since execution start:               0.116313 seconds
20220313 013518.945 INFO             PET0 PIOc_freedecomp Enter - MemInfo: [/proc/meminfo - SSI]	MemTotal:       131394444 kB
20220313 013518.946 INFO             PET0 PIOc_freedecomp Enter - MemInfo: [/proc/meminfo - SSI]	MemFree:        119066352 kB
20220313 013518.946 INFO             PET0 PIOc_freedecomp Enter - MemInfo: [/proc/meminfo - SSI]	MemAvailable:   118673068 kB
20220313 013518.946 INFO             PET0 PIOc_freedecomp Enter - MemInfo: [/proc/meminfo - SSI]	Committed_AS:    3882916 kB
20220313 013518.946 INFO             PET0 PIOc_freedecomp Enter - MemInfo: [/proc/meminfo - SSI]	CommittedPercent: 2.95516 %
20220313 013518.946 INFO             PET0 PIOc_freedecomp Enter - MemInfo: [/proc/self/status]	VmPeak:	 3812936 kB
20220313 013518.946 INFO             PET0 PIOc_freedecomp Enter - MemInfo: [/proc/self/status]	VmSize:	 3811916 kB
20220313 013518.946 INFO             PET0 PIOc_freedecomp Enter - MemInfo: [/proc/self/status]	VmLck:	       0 kB
20220313 013518.946 INFO             PET0 PIOc_freedecomp Enter - MemInfo: [/proc/self/status]	VmPin:	   82140 kB
20220313 013518.946 INFO             PET0 PIOc_freedecomp Enter - MemInfo: [/proc/self/status]	VmHWM:	  166032 kB
20220313 013518.946 INFO             PET0 PIOc_freedecomp Enter - MemInfo: [/proc/self/status]	VmRSS:	  166032 kB
20220313 013518.946 INFO             PET0 PIOc_freedecomp Enter - MemInfo: [/proc/self/status]	VmData:	  282008 kB
20220313 013518.946 INFO             PET0 PIOc_freedecomp Enter - MemInfo: [/proc/self/status]	VmStk:	     512 kB
20220313 013518.946 INFO             PET0 PIOc_freedecomp Enter - MemInfo: [/proc/self/status]	VmExe:	    1952 kB
20220313 013518.946 INFO             PET0 PIOc_freedecomp Enter - MemInfo: [/proc/self/status]	VmLib:	  104128 kB
20220313 013518.946 INFO             PET0 PIOc_freedecomp Enter - MemInfo: [/proc/self/status]	VmPTE:	     736 kB
20220313 013518.946 INFO             PET0 PIOc_freedecomp Enter - MemInfo: [/proc/self/status]	VmPMD:	      32 kB
20220313 013518.946 INFO             PET0 PIOc_freedecomp Enter - MemInfo: [/proc/self/status]	VmSwap:	       0 kB
20220313 013518.946 INFO             PET0 PIOc_freedecomp Enter - MemInfo: [/proc/self/status]	VmRSSPercent: 0.126362 %
20220313 013518.946 INFO             PET0 PIOc_freedecomp Enter - MemInfo: [malloc] Non-mmapped space allocated:                16556032 Byte
20220313 013518.946 INFO             PET0 PIOc_freedecomp Enter - MemInfo: [malloc] Space allocated in mmapped regions:         85999616 Byte
20220313 013518.946 INFO             PET0 PIOc_freedecomp Enter - MemInfo: [malloc] Maximum total allocated space:                     0 Byte
20220313 013518.946 INFO             PET0 PIOc_freedecomp Enter - MemInfo: [malloc] Space in freed fastbin blocks:                  1200 Byte
20220313 013518.946 INFO             PET0 PIOc_freedecomp Enter - MemInfo: [malloc] Total allocated space:                      10084720 Byte
20220313 013518.946 INFO             PET0 PIOc_freedecomp Enter - MemInfo: [malloc] Total free space:                            6471312 Byte
20220313 013518.946 INFO             PET0 PIOc_freedecomp Enter - MemInfo: [malloc] Top-most, releasable space:                  2231232 Byte
20220313 013518.946 INFO             PET0 PIOc_freedecomp Enter - MemInfo: [malloc] Total space in use, mmap + non-mmap:        96084336 Byte
20220313 013518.946 INFO             PET0 PIOc_freedecomp Enter - MemInfo: [malloc] Total space held (mmap + non-mmap):        102555648 Byte
20220313 013518.946 INFO             PET0 PIOc_freedecomp Enter - MemInfo: [malloc] Total space used (mmap + non-mmap):         96093696 Byte
20220313 013518.946 INFO             PET0 PIOc_freedecomp Enter - MemInfo: Wall-clock time since execution start:               0.116662 seconds
20220313 013518.946 INFO             PET0 PIOc_freedecomp Exit - MemInfo: [/proc/meminfo - SSI]	MemTotal:       131394444 kB
20220313 013518.946 INFO             PET0 PIOc_freedecomp Exit - MemInfo: [/proc/meminfo - SSI]	MemFree:        119066352 kB
20220313 013518.946 INFO             PET0 PIOc_freedecomp Exit - MemInfo: [/proc/meminfo - SSI]	MemAvailable:   118673068 kB
20220313 013518.946 INFO             PET0 PIOc_freedecomp Exit - MemInfo: [/proc/meminfo - SSI]	Committed_AS:    3882916 kB
20220313 013518.946 INFO             PET0 PIOc_freedecomp Exit - MemInfo: [/proc/meminfo - SSI]	CommittedPercent: 2.95516 %
20220313 013518.946 INFO             PET0 PIOc_freedecomp Exit - MemInfo: [/proc/self/status]	VmPeak:	 3812936 kB
20220313 013518.946 INFO             PET0 PIOc_freedecomp Exit - MemInfo: [/proc/self/status]	VmSize:	 3811916 kB
20220313 013518.946 INFO             PET0 PIOc_freedecomp Exit - MemInfo: [/proc/self/status]	VmLck:	       0 kB
20220313 013518.946 INFO             PET0 PIOc_freedecomp Exit - MemInfo: [/proc/self/status]	VmPin:	   82140 kB
20220313 013518.946 INFO             PET0 PIOc_freedecomp Exit - MemInfo: [/proc/self/status]	VmHWM:	  166032 kB
20220313 013518.946 INFO             PET0 PIOc_freedecomp Exit - MemInfo: [/proc/self/status]	VmRSS:	  166032 kB
20220313 013518.946 INFO             PET0 PIOc_freedecomp Exit - MemInfo: [/proc/self/status]	VmData:	  282008 kB
20220313 013518.946 INFO             PET0 PIOc_freedecomp Exit - MemInfo: [/proc/self/status]	VmStk:	     512 kB
20220313 013518.946 INFO             PET0 PIOc_freedecomp Exit - MemInfo: [/proc/self/status]	VmExe:	    1952 kB
20220313 013518.946 INFO             PET0 PIOc_freedecomp Exit - MemInfo: [/proc/self/status]	VmLib:	  104128 kB
20220313 013518.946 INFO             PET0 PIOc_freedecomp Exit - MemInfo: [/proc/self/status]	VmPTE:	     736 kB
20220313 013518.946 INFO             PET0 PIOc_freedecomp Exit - MemInfo: [/proc/self/status]	VmPMD:	      32 kB
20220313 013518.946 INFO             PET0 PIOc_freedecomp Exit - MemInfo: [/proc/self/status]	VmSwap:	       0 kB
20220313 013518.946 INFO             PET0 PIOc_freedecomp Exit - MemInfo: [/proc/self/status]	VmRSSPercent: 0.126362 %
20220313 013518.946 INFO             PET0 PIOc_freedecomp Exit - MemInfo: [malloc] Non-mmapped space allocated:                16556032 Byte
20220313 013518.946 INFO             PET0 PIOc_freedecomp Exit - MemInfo: [malloc] Space allocated in mmapped regions:         85999616 Byte
20220313 013518.946 INFO             PET0 PIOc_freedecomp Exit - MemInfo: [malloc] Maximum total allocated space:                     0 Byte
20220313 013518.946 INFO             PET0 PIOc_freedecomp Exit - MemInfo: [malloc] Space in freed fastbin blocks:                   832 Byte
20220313 013518.946 INFO             PET0 PIOc_freedecomp Exit - MemInfo: [malloc] Total allocated space:                      10080368 Byte
20220313 013518.946 INFO             PET0 PIOc_freedecomp Exit - MemInfo: [malloc] Total free space:                            6475664 Byte
20220313 013518.946 INFO             PET0 PIOc_freedecomp Exit - MemInfo: [malloc] Top-most, releasable space:                  2231232 Byte
20220313 013518.946 INFO             PET0 PIOc_freedecomp Exit - MemInfo: [malloc] Total space in use, mmap + non-mmap:        96079984 Byte
20220313 013518.946 INFO             PET0 PIOc_freedecomp Exit - MemInfo: [malloc] Total space held (mmap + non-mmap):        102555648 Byte
20220313 013518.946 INFO             PET0 PIOc_freedecomp Exit - MemInfo: [malloc] Total space used (mmap + non-mmap):         96089344 Byte
20220313 013518.946 INFO             PET0 PIOc_freedecomp Exit - MemInfo: Wall-clock time since execution start:               0.116987 seconds
20220313 013518.947 INFO             PET0 PIOc_sync Enter - MemInfo: [/proc/meminfo - SSI]	MemTotal:       131394444 kB
20220313 013518.947 INFO             PET0 PIOc_sync Enter - MemInfo: [/proc/meminfo - SSI]	MemFree:        119066352 kB
20220313 013518.947 INFO             PET0 PIOc_sync Enter - MemInfo: [/proc/meminfo - SSI]	MemAvailable:   118673068 kB
20220313 013518.947 INFO             PET0 PIOc_sync Enter - MemInfo: [/proc/meminfo - SSI]	Committed_AS:    3882916 kB
20220313 013518.947 INFO             PET0 PIOc_sync Enter - MemInfo: [/proc/meminfo - SSI]	CommittedPercent: 2.95516 %
20220313 013518.947 INFO             PET0 PIOc_sync Enter - MemInfo: [/proc/self/status]	VmPeak:	 3812936 kB
20220313 013518.947 INFO             PET0 PIOc_sync Enter - MemInfo: [/proc/self/status]	VmSize:	 3811916 kB
20220313 013518.947 INFO             PET0 PIOc_sync Enter - MemInfo: [/proc/self/status]	VmLck:	       0 kB
20220313 013518.947 INFO             PET0 PIOc_sync Enter - MemInfo: [/proc/self/status]	VmPin:	   82140 kB
20220313 013518.947 INFO             PET0 PIOc_sync Enter - MemInfo: [/proc/self/status]	VmHWM:	  166040 kB
20220313 013518.947 INFO             PET0 PIOc_sync Enter - MemInfo: [/proc/self/status]	VmRSS:	  166040 kB
20220313 013518.947 INFO             PET0 PIOc_sync Enter - MemInfo: [/proc/self/status]	VmData:	  282008 kB
20220313 013518.947 INFO             PET0 PIOc_sync Enter - MemInfo: [/proc/self/status]	VmStk:	     512 kB
20220313 013518.947 INFO             PET0 PIOc_sync Enter - MemInfo: [/proc/self/status]	VmExe:	    1952 kB
20220313 013518.947 INFO             PET0 PIOc_sync Enter - MemInfo: [/proc/self/status]	VmLib:	  104128 kB
20220313 013518.947 INFO             PET0 PIOc_sync Enter - MemInfo: [/proc/self/status]	VmPTE:	     736 kB
20220313 013518.947 INFO             PET0 PIOc_sync Enter - MemInfo: [/proc/self/status]	VmPMD:	      32 kB
20220313 013518.947 INFO             PET0 PIOc_sync Enter - MemInfo: [/proc/self/status]	VmSwap:	       0 kB
20220313 013518.947 INFO             PET0 PIOc_sync Enter - MemInfo: [/proc/self/status]	VmRSSPercent: 0.126368 %
20220313 013518.947 INFO             PET0 PIOc_sync Enter - MemInfo: [malloc] Non-mmapped space allocated:                16556032 Byte
20220313 013518.947 INFO             PET0 PIOc_sync Enter - MemInfo: [malloc] Space allocated in mmapped regions:         85999616 Byte
20220313 013518.947 INFO             PET0 PIOc_sync Enter - MemInfo: [malloc] Maximum total allocated space:                     0 Byte
20220313 013518.947 INFO             PET0 PIOc_sync Enter - MemInfo: [malloc] Space in freed fastbin blocks:                   800 Byte
20220313 013518.947 INFO             PET0 PIOc_sync Enter - MemInfo: [malloc] Total allocated space:                      12196784 Byte
20220313 013518.947 INFO             PET0 PIOc_sync Enter - MemInfo: [malloc] Total free space:                            4359248 Byte
20220313 013518.947 INFO             PET0 PIOc_sync Enter - MemInfo: [malloc] Top-most, releasable space:                  2231232 Byte
20220313 013518.947 INFO             PET0 PIOc_sync Enter - MemInfo: [malloc] Total space in use, mmap + non-mmap:        98196400 Byte
20220313 013518.947 INFO             PET0 PIOc_sync Enter - MemInfo: [malloc] Total space held (mmap + non-mmap):        102555648 Byte
20220313 013518.947 INFO             PET0 PIOc_sync Enter - MemInfo: [malloc] Total space used (mmap + non-mmap):         98205760 Byte
20220313 013518.947 INFO             PET0 PIOc_sync Enter - MemInfo: Wall-clock time since execution start:               0.117924 seconds
20220313 013518.947 INFO             PET0 PIOc_sync Exit - MemInfo: [/proc/meminfo - SSI]	MemTotal:       131394444 kB
20220313 013518.947 INFO             PET0 PIOc_sync Exit - MemInfo: [/proc/meminfo - SSI]	MemFree:        119066352 kB
20220313 013518.947 INFO             PET0 PIOc_sync Exit - MemInfo: [/proc/meminfo - SSI]	MemAvailable:   118673068 kB
20220313 013518.947 INFO             PET0 PIOc_sync Exit - MemInfo: [/proc/meminfo - SSI]	Committed_AS:    3882916 kB
20220313 013518.947 INFO             PET0 PIOc_sync Exit - MemInfo: [/proc/meminfo - SSI]	CommittedPercent: 2.95516 %
20220313 013518.947 INFO             PET0 PIOc_sync Exit - MemInfo: [/proc/self/status]	VmPeak:	 3812936 kB
20220313 013518.947 INFO             PET0 PIOc_sync Exit - MemInfo: [/proc/self/status]	VmSize:	 3811916 kB
20220313 013518.947 INFO             PET0 PIOc_sync Exit - MemInfo: [/proc/self/status]	VmLck:	       0 kB
20220313 013518.947 INFO             PET0 PIOc_sync Exit - MemInfo: [/proc/self/status]	VmPin:	   82140 kB
20220313 013518.947 INFO             PET0 PIOc_sync Exit - MemInfo: [/proc/self/status]	VmHWM:	  166044 kB
20220313 013518.947 INFO             PET0 PIOc_sync Exit - MemInfo: [/proc/self/status]	VmRSS:	  166044 kB
20220313 013518.947 INFO             PET0 PIOc_sync Exit - MemInfo: [/proc/self/status]	VmData:	  282008 kB
20220313 013518.947 INFO             PET0 PIOc_sync Exit - MemInfo: [/proc/self/status]	VmStk:	     512 kB
20220313 013518.947 INFO             PET0 PIOc_sync Exit - MemInfo: [/proc/self/status]	VmExe:	    1952 kB
20220313 013518.947 INFO             PET0 PIOc_sync Exit - MemInfo: [/proc/self/status]	VmLib:	  104128 kB
20220313 013518.947 INFO             PET0 PIOc_sync Exit - MemInfo: [/proc/self/status]	VmPTE:	     736 kB
20220313 013518.947 INFO             PET0 PIOc_sync Exit - MemInfo: [/proc/self/status]	VmPMD:	      32 kB
20220313 013518.947 INFO             PET0 PIOc_sync Exit - MemInfo: [/proc/self/status]	VmSwap:	       0 kB
20220313 013518.947 INFO             PET0 PIOc_sync Exit - MemInfo: [/proc/self/status]	VmRSSPercent: 0.126371 %
20220313 013518.947 INFO             PET0 PIOc_sync Exit - MemInfo: [malloc] Non-mmapped space allocated:                16556032 Byte
20220313 013518.947 INFO             PET0 PIOc_sync Exit - MemInfo: [malloc] Space allocated in mmapped regions:         85999616 Byte
20220313 013518.947 INFO             PET0 PIOc_sync Exit - MemInfo: [malloc] Maximum total allocated space:                     0 Byte
20220313 013518.947 INFO             PET0 PIOc_sync Exit - MemInfo: [malloc] Space in freed fastbin blocks:                   352 Byte
20220313 013518.947 INFO             PET0 PIOc_sync Exit - MemInfo: [malloc] Total allocated space:                      12195808 Byte
20220313 013518.947 INFO             PET0 PIOc_sync Exit - MemInfo: [malloc] Total free space:                            4360224 Byte
20220313 013518.947 INFO             PET0 PIOc_sync Exit - MemInfo: [malloc] Top-most, releasable space:                  2231232 Byte
20220313 013518.948 INFO             PET0 PIOc_sync Exit - MemInfo: [malloc] Total space in use, mmap + non-mmap:        98195424 Byte
20220313 013518.948 INFO             PET0 PIOc_sync Exit - MemInfo: [malloc] Total space held (mmap + non-mmap):        102555648 Byte
20220313 013518.948 INFO             PET0 PIOc_sync Exit - MemInfo: [malloc] Total space used (mmap + non-mmap):         98204784 Byte
20220313 013518.948 INFO             PET0 PIOc_sync Exit - MemInfo: Wall-clock time since execution start:               0.118403 seconds
20220313 013518.948 INFO             PET0 PIOc_freedecomp Enter - MemInfo: [/proc/meminfo - SSI]	MemTotal:       131394444 kB
20220313 013518.948 INFO             PET0 PIOc_freedecomp Enter - MemInfo: [/proc/meminfo - SSI]	MemFree:        119066352 kB
20220313 013518.948 INFO             PET0 PIOc_freedecomp Enter - MemInfo: [/proc/meminfo - SSI]	MemAvailable:   118673068 kB
20220313 013518.948 INFO             PET0 PIOc_freedecomp Enter - MemInfo: [/proc/meminfo - SSI]	Committed_AS:    3882916 kB
20220313 013518.948 INFO             PET0 PIOc_freedecomp Enter - MemInfo: [/proc/meminfo - SSI]	CommittedPercent: 2.95516 %
20220313 013518.948 INFO             PET0 PIOc_freedecomp Enter - MemInfo: [/proc/self/status]	VmPeak:	 3812936 kB
20220313 013518.948 INFO             PET0 PIOc_freedecomp Enter - MemInfo: [/proc/self/status]	VmSize:	 3811916 kB
20220313 013518.948 INFO             PET0 PIOc_freedecomp Enter - MemInfo: [/proc/self/status]	VmLck:	       0 kB
20220313 013518.948 INFO             PET0 PIOc_freedecomp Enter - MemInfo: [/proc/self/status]	VmPin:	   82140 kB
20220313 013518.948 INFO             PET0 PIOc_freedecomp Enter - MemInfo: [/proc/self/status]	VmHWM:	  166044 kB
20220313 013518.948 INFO             PET0 PIOc_freedecomp Enter - MemInfo: [/proc/self/status]	VmRSS:	  166044 kB
20220313 013518.948 INFO             PET0 PIOc_freedecomp Enter - MemInfo: [/proc/self/status]	VmData:	  282008 kB
20220313 013518.948 INFO             PET0 PIOc_freedecomp Enter - MemInfo: [/proc/self/status]	VmStk:	     512 kB
20220313 013518.948 INFO             PET0 PIOc_freedecomp Enter - MemInfo: [/proc/self/status]	VmExe:	    1952 kB
20220313 013518.948 INFO             PET0 PIOc_freedecomp Enter - MemInfo: [/proc/self/status]	VmLib:	  104128 kB
20220313 013518.948 INFO             PET0 PIOc_freedecomp Enter - MemInfo: [/proc/self/status]	VmPTE:	     736 kB
20220313 013518.948 INFO             PET0 PIOc_freedecomp Enter - MemInfo: [/proc/self/status]	VmPMD:	      32 kB
20220313 013518.948 INFO             PET0 PIOc_freedecomp Enter - MemInfo: [/proc/self/status]	VmSwap:	       0 kB
20220313 013518.948 INFO             PET0 PIOc_freedecomp Enter - MemInfo: [/proc/self/status]	VmRSSPercent: 0.126371 %
20220313 013518.948 INFO             PET0 PIOc_freedecomp Enter - MemInfo: [malloc] Non-mmapped space allocated:                16556032 Byte
20220313 013518.948 INFO             PET0 PIOc_freedecomp Enter - MemInfo: [malloc] Space allocated in mmapped regions:         85999616 Byte
20220313 013518.948 INFO             PET0 PIOc_freedecomp Enter - MemInfo: [malloc] Maximum total allocated space:                     0 Byte
20220313 013518.948 INFO             PET0 PIOc_freedecomp Enter - MemInfo: [malloc] Space in freed fastbin blocks:                  1392 Byte
20220313 013518.948 INFO             PET0 PIOc_freedecomp Enter - MemInfo: [malloc] Total allocated space:                      10084720 Byte
20220313 013518.948 INFO             PET0 PIOc_freedecomp Enter - MemInfo: [malloc] Total free space:                            6471312 Byte
20220313 013518.948 INFO             PET0 PIOc_freedecomp Enter - MemInfo: [malloc] Top-most, releasable space:                  2231232 Byte
20220313 013518.948 INFO             PET0 PIOc_freedecomp Enter - MemInfo: [malloc] Total space in use, mmap + non-mmap:        96084336 Byte
20220313 013518.948 INFO             PET0 PIOc_freedecomp Enter - MemInfo: [malloc] Total space held (mmap + non-mmap):        102555648 Byte
20220313 013518.948 INFO             PET0 PIOc_freedecomp Enter - MemInfo: [malloc] Total space used (mmap + non-mmap):         96093696 Byte
20220313 013518.948 INFO             PET0 PIOc_freedecomp Enter - MemInfo: Wall-clock time since execution start:               0.118779 seconds
20220313 013518.948 INFO             PET0 PIOc_freedecomp Exit - MemInfo: [/proc/meminfo - SSI]	MemTotal:       131394444 kB
20220313 013518.948 INFO             PET0 PIOc_freedecomp Exit - MemInfo: [/proc/meminfo - SSI]	MemFree:        119066352 kB
20220313 013518.948 INFO             PET0 PIOc_freedecomp Exit - MemInfo: [/proc/meminfo - SSI]	MemAvailable:   118673068 kB
20220313 013518.948 INFO             PET0 PIOc_freedecomp Exit - MemInfo: [/proc/meminfo - SSI]	Committed_AS:    3882916 kB
20220313 013518.948 INFO             PET0 PIOc_freedecomp Exit - MemInfo: [/proc/meminfo - SSI]	CommittedPercent: 2.95516 %
20220313 013518.948 INFO             PET0 PIOc_freedecomp Exit - MemInfo: [/proc/self/status]	VmPeak:	 3812936 kB
20220313 013518.948 INFO             PET0 PIOc_freedecomp Exit - MemInfo: [/proc/self/status]	VmSize:	 3811916 kB
20220313 013518.948 INFO             PET0 PIOc_freedecomp Exit - MemInfo: [/proc/self/status]	VmLck:	       0 kB
20220313 013518.948 INFO             PET0 PIOc_freedecomp Exit - MemInfo: [/proc/self/status]	VmPin:	   82140 kB
20220313 013518.948 INFO             PET0 PIOc_freedecomp Exit - MemInfo: [/proc/self/status]	VmHWM:	  166044 kB
20220313 013518.948 INFO             PET0 PIOc_freedecomp Exit - MemInfo: [/proc/self/status]	VmRSS:	  166044 kB
20220313 013518.948 INFO             PET0 PIOc_freedecomp Exit - MemInfo: [/proc/self/status]	VmData:	  282008 kB
20220313 013518.948 INFO             PET0 PIOc_freedecomp Exit - MemInfo: [/proc/self/status]	VmStk:	     512 kB
20220313 013518.948 INFO             PET0 PIOc_freedecomp Exit - MemInfo: [/proc/self/status]	VmExe:	    1952 kB
20220313 013518.948 INFO             PET0 PIOc_freedecomp Exit - MemInfo: [/proc/self/status]	VmLib:	  104128 kB
20220313 013518.948 INFO             PET0 PIOc_freedecomp Exit - MemInfo: [/proc/self/status]	VmPTE:	     736 kB
20220313 013518.948 INFO             PET0 PIOc_freedecomp Exit - MemInfo: [/proc/self/status]	VmPMD:	      32 kB
20220313 013518.948 INFO             PET0 PIOc_freedecomp Exit - MemInfo: [/proc/self/status]	VmSwap:	       0 kB
20220313 013518.948 INFO             PET0 PIOc_freedecomp Exit - MemInfo: [/proc/self/status]	VmRSSPercent: 0.126371 %
20220313 013518.948 INFO             PET0 PIOc_freedecomp Exit - MemInfo: [malloc] Non-mmapped space allocated:                16556032 Byte
20220313 013518.948 INFO             PET0 PIOc_freedecomp Exit - MemInfo: [malloc] Space allocated in mmapped regions:         85999616 Byte
20220313 013518.948 INFO             PET0 PIOc_freedecomp Exit - MemInfo: [malloc] Maximum total allocated space:                     0 Byte
20220313 013518.948 INFO             PET0 PIOc_freedecomp Exit - MemInfo: [malloc] Space in freed fastbin blocks:                   768 Byte
20220313 013518.948 INFO             PET0 PIOc_freedecomp Exit - MemInfo: [malloc] Total allocated space:                      10080368 Byte
20220313 013518.948 INFO             PET0 PIOc_freedecomp Exit - MemInfo: [malloc] Total free space:                            6475664 Byte
20220313 013518.948 INFO             PET0 PIOc_freedecomp Exit - MemInfo: [malloc] Top-most, releasable space:                  2231232 Byte
20220313 013518.948 INFO             PET0 PIOc_freedecomp Exit - MemInfo: [malloc] Total space in use, mmap + non-mmap:        96079984 Byte
20220313 013518.948 INFO             PET0 PIOc_freedecomp Exit - MemInfo: [malloc] Total space held (mmap + non-mmap):        102555648 Byte
20220313 013518.948 INFO             PET0 PIOc_freedecomp Exit - MemInfo: [malloc] Total space used (mmap + non-mmap):         96089344 Byte
20220313 013518.948 INFO             PET0 PIOc_freedecomp Exit - MemInfo: Wall-clock time since execution start:               0.119103 seconds
20220313 013518.950 INFO             PET0  PASS  ESMF_FieldRegridStoreFromFile Unit Test, ESMF_FieldSMMFromFileUTest.F90, line 315
20220313 013518.950 INFO             PET0  Ending Test, file ESMF_FieldSMMFromFileUTest.F90, line 322
20220313 013518.950 INFO             PET0 Finalizing ESMF
20220313 013518.837 INFO             PET1 !!!!!!!!!!!!!!!!!!!!!!!!!!!!!!!!!!!!!!!!!!!!!!!!!!!!!!
20220313 013518.837 INFO             PET1 !!! THE ESMF_LOG IS SET TO OUTPUT ALL LOG MESSAGES !!!
20220313 013518.837 INFO             PET1 !!!     THIS MAY CAUSE SLOWDOWN IN PERFORMANCE     !!!
20220313 013518.837 INFO             PET1 !!! FOR PRODUCTION RUNS, USE:                      !!!
20220313 013518.837 INFO             PET1 !!!                   ESMF_LOGKIND_Multi_On_Error  !!!
20220313 013518.837 INFO             PET1 !!!!!!!!!!!!!!!!!!!!!!!!!!!!!!!!!!!!!!!!!!!!!!!!!!!!!!
20220313 013518.837 INFO             PET1 Running with ESMF Version   : v8.3.0b09-96-g559b459836
20220313 013518.837 INFO             PET1 ESMF library build date/time: "Mar 13 2022" "01:12:50"
20220313 013518.837 INFO             PET1 ESMF library build location : /gpfsm/dnb04/projects/p98/mpotts/esmf/intel_2020_intelmpi_O_jedwards_pio_update2
20220313 013518.837 INFO             PET1 ESMF_COMM                   : intelmpi
20220313 013518.837 INFO             PET1 ESMF_MOAB                   : enabled
20220313 013518.837 INFO             PET1 ESMF_LAPACK                 : enabled
20220313 013518.837 INFO             PET1 ESMF_NETCDF                 : enabled
20220313 013518.837 INFO             PET1 ESMF_PNETCDF                : disabled
20220313 013518.837 INFO             PET1 ESMF_PIO                    : enabled
20220313 013518.837 INFO             PET1 ESMF_YAMLCPP                : enabled
20220313 013518.838 INFO             PET1  Beginning Test, file ESMF_FieldSMMFromFileUTest.F90, line 287
20220313 013518.838 INFO             PET1  NUMBER_OF_PROCESSORS           4
20220313 013518.937 INFO             PET1  PASS  ESMF_FieldSMMFromFile Unit Test, ESMF_FieldSMMFromFileUTest.F90, line 300
20220313 013518.942 INFO             PET1 PIOc_sync Enter - MemInfo: [/proc/meminfo - SSI]	MemTotal:       131394444 kB
20220313 013518.942 INFO             PET1 PIOc_sync Enter - MemInfo: [/proc/meminfo - SSI]	MemFree:        119066352 kB
20220313 013518.942 INFO             PET1 PIOc_sync Enter - MemInfo: [/proc/meminfo - SSI]	MemAvailable:   118673068 kB
20220313 013518.942 INFO             PET1 PIOc_sync Enter - MemInfo: [/proc/meminfo - SSI]	Committed_AS:    3882916 kB
20220313 013518.942 INFO             PET1 PIOc_sync Enter - MemInfo: [/proc/meminfo - SSI]	CommittedPercent: 2.95516 %
20220313 013518.942 INFO             PET1 PIOc_sync Enter - MemInfo: [/proc/self/status]	VmPeak:	 3806820 kB
20220313 013518.942 INFO             PET1 PIOc_sync Enter - MemInfo: [/proc/self/status]	VmSize:	 3805800 kB
20220313 013518.942 INFO             PET1 PIOc_sync Enter - MemInfo: [/proc/self/status]	VmLck:	       0 kB
20220313 013518.942 INFO             PET1 PIOc_sync Enter - MemInfo: [/proc/self/status]	VmPin:	   82140 kB
20220313 013518.942 INFO             PET1 PIOc_sync Enter - MemInfo: [/proc/self/status]	VmHWM:	  158008 kB
20220313 013518.942 INFO             PET1 PIOc_sync Enter - MemInfo: [/proc/self/status]	VmRSS:	  158008 kB
20220313 013518.942 INFO             PET1 PIOc_sync Enter - MemInfo: [/proc/self/status]	VmData:	  275892 kB
20220313 013518.942 INFO             PET1 PIOc_sync Enter - MemInfo: [/proc/self/status]	VmStk:	     512 kB
20220313 013518.942 INFO             PET1 PIOc_sync Enter - MemInfo: [/proc/self/status]	VmExe:	    1952 kB
20220313 013518.942 INFO             PET1 PIOc_sync Enter - MemInfo: [/proc/self/status]	VmLib:	  104128 kB
20220313 013518.942 INFO             PET1 PIOc_sync Enter - MemInfo: [/proc/self/status]	VmPTE:	     720 kB
20220313 013518.942 INFO             PET1 PIOc_sync Enter - MemInfo: [/proc/self/status]	VmPMD:	      28 kB
20220313 013518.942 INFO             PET1 PIOc_sync Enter - MemInfo: [/proc/self/status]	VmSwap:	       0 kB
20220313 013518.942 INFO             PET1 PIOc_sync Enter - MemInfo: [/proc/self/status]	VmRSSPercent: 0.120255 %
20220313 013518.942 INFO             PET1 PIOc_sync Enter - MemInfo: [malloc] Non-mmapped space allocated:                10293248 Byte
20220313 013518.942 INFO             PET1 PIOc_sync Enter - MemInfo: [malloc] Space allocated in mmapped regions:         85999616 Byte
20220313 013518.942 INFO             PET1 PIOc_sync Enter - MemInfo: [malloc] Maximum total allocated space:                     0 Byte
20220313 013518.942 INFO             PET1 PIOc_sync Enter - MemInfo: [malloc] Space in freed fastbin blocks:                  2464 Byte
20220313 013518.942 INFO             PET1 PIOc_sync Enter - MemInfo: [malloc] Total allocated space:                       5944288 Byte
20220313 013518.942 INFO             PET1 PIOc_sync Enter - MemInfo: [malloc] Total free space:                            4348960 Byte
20220313 013518.942 INFO             PET1 PIOc_sync Enter - MemInfo: [malloc] Top-most, releasable space:                  2232112 Byte
20220313 013518.942 INFO             PET1 PIOc_sync Enter - MemInfo: [malloc] Total space in use, mmap + non-mmap:        91943904 Byte
20220313 013518.943 INFO             PET1 PIOc_sync Enter - MemInfo: [malloc] Total space held (mmap + non-mmap):         96292864 Byte
20220313 013518.943 INFO             PET1 PIOc_sync Enter - MemInfo: [malloc] Total space used (mmap + non-mmap):         91953264 Byte
20220313 013518.943 INFO             PET1 PIOc_sync Enter - MemInfo: Wall-clock time since execution start:               0.113998 seconds
20220313 013518.943 INFO             PET1 PIOc_sync Exit - MemInfo: [/proc/meminfo - SSI]	MemTotal:       131394444 kB
20220313 013518.943 INFO             PET1 PIOc_sync Exit - MemInfo: [/proc/meminfo - SSI]	MemFree:        119066352 kB
20220313 013518.943 INFO             PET1 PIOc_sync Exit - MemInfo: [/proc/meminfo - SSI]	MemAvailable:   118673068 kB
20220313 013518.943 INFO             PET1 PIOc_sync Exit - MemInfo: [/proc/meminfo - SSI]	Committed_AS:    3882916 kB
20220313 013518.943 INFO             PET1 PIOc_sync Exit - MemInfo: [/proc/meminfo - SSI]	CommittedPercent: 2.95516 %
20220313 013518.943 INFO             PET1 PIOc_sync Exit - MemInfo: [/proc/self/status]	VmPeak:	 3806820 kB
20220313 013518.943 INFO             PET1 PIOc_sync Exit - MemInfo: [/proc/self/status]	VmSize:	 3805800 kB
20220313 013518.943 INFO             PET1 PIOc_sync Exit - MemInfo: [/proc/self/status]	VmLck:	       0 kB
20220313 013518.943 INFO             PET1 PIOc_sync Exit - MemInfo: [/proc/self/status]	VmPin:	   82140 kB
20220313 013518.943 INFO             PET1 PIOc_sync Exit - MemInfo: [/proc/self/status]	VmHWM:	  158072 kB
20220313 013518.943 INFO             PET1 PIOc_sync Exit - MemInfo: [/proc/self/status]	VmRSS:	  158072 kB
20220313 013518.943 INFO             PET1 PIOc_sync Exit - MemInfo: [/proc/self/status]	VmData:	  275892 kB
20220313 013518.943 INFO             PET1 PIOc_sync Exit - MemInfo: [/proc/self/status]	VmStk:	     512 kB
20220313 013518.943 INFO             PET1 PIOc_sync Exit - MemInfo: [/proc/self/status]	VmExe:	    1952 kB
20220313 013518.943 INFO             PET1 PIOc_sync Exit - MemInfo: [/proc/self/status]	VmLib:	  104128 kB
20220313 013518.943 INFO             PET1 PIOc_sync Exit - MemInfo: [/proc/self/status]	VmPTE:	     720 kB
20220313 013518.943 INFO             PET1 PIOc_sync Exit - MemInfo: [/proc/self/status]	VmPMD:	      28 kB
20220313 013518.943 INFO             PET1 PIOc_sync Exit - MemInfo: [/proc/self/status]	VmSwap:	       0 kB
20220313 013518.943 INFO             PET1 PIOc_sync Exit - MemInfo: [/proc/self/status]	VmRSSPercent: 0.120303 %
20220313 013518.943 INFO             PET1 PIOc_sync Exit - MemInfo: [malloc] Non-mmapped space allocated:                10293248 Byte
20220313 013518.943 INFO             PET1 PIOc_sync Exit - MemInfo: [malloc] Space allocated in mmapped regions:         85999616 Byte
20220313 013518.943 INFO             PET1 PIOc_sync Exit - MemInfo: [malloc] Maximum total allocated space:                     0 Byte
20220313 013518.943 INFO             PET1 PIOc_sync Exit - MemInfo: [malloc] Space in freed fastbin blocks:                   608 Byte
20220313 013518.943 INFO             PET1 PIOc_sync Exit - MemInfo: [malloc] Total allocated space:                       5943024 Byte
20220313 013518.943 INFO             PET1 PIOc_sync Exit - MemInfo: [malloc] Total free space:                            4350224 Byte
20220313 013518.943 INFO             PET1 PIOc_sync Exit - MemInfo: [malloc] Top-most, releasable space:                  2232112 Byte
20220313 013518.943 INFO             PET1 PIOc_sync Exit - MemInfo: [malloc] Total space in use, mmap + non-mmap:        91942640 Byte
20220313 013518.943 INFO             PET1 PIOc_sync Exit - MemInfo: [malloc] Total space held (mmap + non-mmap):         96292864 Byte
20220313 013518.943 INFO             PET1 PIOc_sync Exit - MemInfo: [malloc] Total space used (mmap + non-mmap):         91952000 Byte
20220313 013518.943 INFO             PET1 PIOc_sync Exit - MemInfo: Wall-clock time since execution start:               0.114736 seconds
20220313 013518.943 INFO             PET1 PIOc_freedecomp Enter - MemInfo: [/proc/meminfo - SSI]	MemTotal:       131394444 kB
20220313 013518.943 INFO             PET1 PIOc_freedecomp Enter - MemInfo: [/proc/meminfo - SSI]	MemFree:        119066352 kB
20220313 013518.943 INFO             PET1 PIOc_freedecomp Enter - MemInfo: [/proc/meminfo - SSI]	MemAvailable:   118673068 kB
20220313 013518.943 INFO             PET1 PIOc_freedecomp Enter - MemInfo: [/proc/meminfo - SSI]	Committed_AS:    3882916 kB
20220313 013518.943 INFO             PET1 PIOc_freedecomp Enter - MemInfo: [/proc/meminfo - SSI]	CommittedPercent: 2.95516 %
20220313 013518.944 INFO             PET1 PIOc_freedecomp Enter - MemInfo: [/proc/self/status]	VmPeak:	 3806820 kB
20220313 013518.944 INFO             PET1 PIOc_freedecomp Enter - MemInfo: [/proc/self/status]	VmSize:	 3805800 kB
20220313 013518.944 INFO             PET1 PIOc_freedecomp Enter - MemInfo: [/proc/self/status]	VmLck:	       0 kB
20220313 013518.944 INFO             PET1 PIOc_freedecomp Enter - MemInfo: [/proc/self/status]	VmPin:	   82140 kB
20220313 013518.944 INFO             PET1 PIOc_freedecomp Enter - MemInfo: [/proc/self/status]	VmHWM:	  158076 kB
20220313 013518.944 INFO             PET1 PIOc_freedecomp Enter - MemInfo: [/proc/self/status]	VmRSS:	  158076 kB
20220313 013518.944 INFO             PET1 PIOc_freedecomp Enter - MemInfo: [/proc/self/status]	VmData:	  275892 kB
20220313 013518.944 INFO             PET1 PIOc_freedecomp Enter - MemInfo: [/proc/self/status]	VmStk:	     512 kB
20220313 013518.944 INFO             PET1 PIOc_freedecomp Enter - MemInfo: [/proc/self/status]	VmExe:	    1952 kB
20220313 013518.944 INFO             PET1 PIOc_freedecomp Enter - MemInfo: [/proc/self/status]	VmLib:	  104128 kB
20220313 013518.944 INFO             PET1 PIOc_freedecomp Enter - MemInfo: [/proc/self/status]	VmPTE:	     720 kB
20220313 013518.944 INFO             PET1 PIOc_freedecomp Enter - MemInfo: [/proc/self/status]	VmPMD:	      28 kB
20220313 013518.944 INFO             PET1 PIOc_freedecomp Enter - MemInfo: [/proc/self/status]	VmSwap:	       0 kB
20220313 013518.944 INFO             PET1 PIOc_freedecomp Enter - MemInfo: [/proc/self/status]	VmRSSPercent: 0.120306 %
20220313 013518.944 INFO             PET1 PIOc_freedecomp Enter - MemInfo: [malloc] Non-mmapped space allocated:                10293248 Byte
20220313 013518.944 INFO             PET1 PIOc_freedecomp Enter - MemInfo: [malloc] Space allocated in mmapped regions:         85999616 Byte
20220313 013518.944 INFO             PET1 PIOc_freedecomp Enter - MemInfo: [malloc] Maximum total allocated space:                     0 Byte
20220313 013518.944 INFO             PET1 PIOc_freedecomp Enter - MemInfo: [malloc] Space in freed fastbin blocks:                   704 Byte
20220313 013518.944 INFO             PET1 PIOc_freedecomp Enter - MemInfo: [malloc] Total allocated space:                       5941408 Byte
20220313 013518.944 INFO             PET1 PIOc_freedecomp Enter - MemInfo: [malloc] Total free space:                            4351840 Byte
20220313 013518.944 INFO             PET1 PIOc_freedecomp Enter - MemInfo: [malloc] Top-most, releasable space:                  2232112 Byte
20220313 013518.944 INFO             PET1 PIOc_freedecomp Enter - MemInfo: [malloc] Total space in use, mmap + non-mmap:        91941024 Byte
20220313 013518.944 INFO             PET1 PIOc_freedecomp Enter - MemInfo: [malloc] Total space held (mmap + non-mmap):         96292864 Byte
20220313 013518.944 INFO             PET1 PIOc_freedecomp Enter - MemInfo: [malloc] Total space used (mmap + non-mmap):         91950384 Byte
20220313 013518.944 INFO             PET1 PIOc_freedecomp Enter - MemInfo: Wall-clock time since execution start:               0.115231 seconds
20220313 013518.944 INFO             PET1 PIOc_freedecomp Exit - MemInfo: [/proc/meminfo - SSI]	MemTotal:       131394444 kB
20220313 013518.944 INFO             PET1 PIOc_freedecomp Exit - MemInfo: [/proc/meminfo - SSI]	MemFree:        119066352 kB
20220313 013518.944 INFO             PET1 PIOc_freedecomp Exit - MemInfo: [/proc/meminfo - SSI]	MemAvailable:   118673068 kB
20220313 013518.944 INFO             PET1 PIOc_freedecomp Exit - MemInfo: [/proc/meminfo - SSI]	Committed_AS:    3882916 kB
20220313 013518.944 INFO             PET1 PIOc_freedecomp Exit - MemInfo: [/proc/meminfo - SSI]	CommittedPercent: 2.95516 %
20220313 013518.944 INFO             PET1 PIOc_freedecomp Exit - MemInfo: [/proc/self/status]	VmPeak:	 3806820 kB
20220313 013518.944 INFO             PET1 PIOc_freedecomp Exit - MemInfo: [/proc/self/status]	VmSize:	 3805800 kB
20220313 013518.944 INFO             PET1 PIOc_freedecomp Exit - MemInfo: [/proc/self/status]	VmLck:	       0 kB
20220313 013518.944 INFO             PET1 PIOc_freedecomp Exit - MemInfo: [/proc/self/status]	VmPin:	   82140 kB
20220313 013518.944 INFO             PET1 PIOc_freedecomp Exit - MemInfo: [/proc/self/status]	VmHWM:	  158076 kB
20220313 013518.944 INFO             PET1 PIOc_freedecomp Exit - MemInfo: [/proc/self/status]	VmRSS:	  158076 kB
20220313 013518.944 INFO             PET1 PIOc_freedecomp Exit - MemInfo: [/proc/self/status]	VmData:	  275892 kB
20220313 013518.944 INFO             PET1 PIOc_freedecomp Exit - MemInfo: [/proc/self/status]	VmStk:	     512 kB
20220313 013518.944 INFO             PET1 PIOc_freedecomp Exit - MemInfo: [/proc/self/status]	VmExe:	    1952 kB
20220313 013518.944 INFO             PET1 PIOc_freedecomp Exit - MemInfo: [/proc/self/status]	VmLib:	  104128 kB
20220313 013518.944 INFO             PET1 PIOc_freedecomp Exit - MemInfo: [/proc/self/status]	VmPTE:	     720 kB
20220313 013518.944 INFO             PET1 PIOc_freedecomp Exit - MemInfo: [/proc/self/status]	VmPMD:	      28 kB
20220313 013518.944 INFO             PET1 PIOc_freedecomp Exit - MemInfo: [/proc/self/status]	VmSwap:	       0 kB
20220313 013518.944 INFO             PET1 PIOc_freedecomp Exit - MemInfo: [/proc/self/status]	VmRSSPercent: 0.120306 %
20220313 013518.944 INFO             PET1 PIOc_freedecomp Exit - MemInfo: [malloc] Non-mmapped space allocated:                10293248 Byte
20220313 013518.944 INFO             PET1 PIOc_freedecomp Exit - MemInfo: [malloc] Space allocated in mmapped regions:         85999616 Byte
20220313 013518.944 INFO             PET1 PIOc_freedecomp Exit - MemInfo: [malloc] Maximum total allocated space:                     0 Byte
20220313 013518.944 INFO             PET1 PIOc_freedecomp Exit - MemInfo: [malloc] Space in freed fastbin blocks:                   848 Byte
20220313 013518.944 INFO             PET1 PIOc_freedecomp Exit - MemInfo: [malloc] Total allocated space:                       5939168 Byte
20220313 013518.944 INFO             PET1 PIOc_freedecomp Exit - MemInfo: [malloc] Total free space:                            4354080 Byte
20220313 013518.944 INFO             PET1 PIOc_freedecomp Exit - MemInfo: [malloc] Top-most, releasable space:                  2232112 Byte
20220313 013518.944 INFO             PET1 PIOc_freedecomp Exit - MemInfo: [malloc] Total space in use, mmap + non-mmap:        91938784 Byte
20220313 013518.944 INFO             PET1 PIOc_freedecomp Exit - MemInfo: [malloc] Total space held (mmap + non-mmap):         96292864 Byte
20220313 013518.944 INFO             PET1 PIOc_freedecomp Exit - MemInfo: [malloc] Total space used (mmap + non-mmap):         91948160 Byte
20220313 013518.944 INFO             PET1 PIOc_freedecomp Exit - MemInfo: Wall-clock time since execution start:               0.115556 seconds
20220313 013518.945 INFO             PET1 PIOc_sync Enter - MemInfo: [/proc/meminfo - SSI]	MemTotal:       131394444 kB
20220313 013518.945 INFO             PET1 PIOc_sync Enter - MemInfo: [/proc/meminfo - SSI]	MemFree:        119066352 kB
20220313 013518.945 INFO             PET1 PIOc_sync Enter - MemInfo: [/proc/meminfo - SSI]	MemAvailable:   118673068 kB
20220313 013518.945 INFO             PET1 PIOc_sync Enter - MemInfo: [/proc/meminfo - SSI]	Committed_AS:    3882916 kB
20220313 013518.945 INFO             PET1 PIOc_sync Enter - MemInfo: [/proc/meminfo - SSI]	CommittedPercent: 2.95516 %
20220313 013518.945 INFO             PET1 PIOc_sync Enter - MemInfo: [/proc/self/status]	VmPeak:	 3806820 kB
20220313 013518.945 INFO             PET1 PIOc_sync Enter - MemInfo: [/proc/self/status]	VmSize:	 3805800 kB
20220313 013518.945 INFO             PET1 PIOc_sync Enter - MemInfo: [/proc/self/status]	VmLck:	       0 kB
20220313 013518.945 INFO             PET1 PIOc_sync Enter - MemInfo: [/proc/self/status]	VmPin:	   82140 kB
20220313 013518.945 INFO             PET1 PIOc_sync Enter - MemInfo: [/proc/self/status]	VmHWM:	  158232 kB
20220313 013518.945 INFO             PET1 PIOc_sync Enter - MemInfo: [/proc/self/status]	VmRSS:	  158232 kB
20220313 013518.945 INFO             PET1 PIOc_sync Enter - MemInfo: [/proc/self/status]	VmData:	  275892 kB
20220313 013518.945 INFO             PET1 PIOc_sync Enter - MemInfo: [/proc/self/status]	VmStk:	     512 kB
20220313 013518.945 INFO             PET1 PIOc_sync Enter - MemInfo: [/proc/self/status]	VmExe:	    1952 kB
20220313 013518.945 INFO             PET1 PIOc_sync Enter - MemInfo: [/proc/self/status]	VmLib:	  104128 kB
20220313 013518.945 INFO             PET1 PIOc_sync Enter - MemInfo: [/proc/self/status]	VmPTE:	     720 kB
20220313 013518.945 INFO             PET1 PIOc_sync Enter - MemInfo: [/proc/self/status]	VmPMD:	      28 kB
20220313 013518.945 INFO             PET1 PIOc_sync Enter - MemInfo: [/proc/self/status]	VmSwap:	       0 kB
20220313 013518.945 INFO             PET1 PIOc_sync Enter - MemInfo: [/proc/self/status]	VmRSSPercent: 0.120425 %
20220313 013518.945 INFO             PET1 PIOc_sync Enter - MemInfo: [malloc] Non-mmapped space allocated:                10293248 Byte
20220313 013518.945 INFO             PET1 PIOc_sync Enter - MemInfo: [malloc] Space allocated in mmapped regions:         85999616 Byte
20220313 013518.945 INFO             PET1 PIOc_sync Enter - MemInfo: [malloc] Maximum total allocated space:                     0 Byte
20220313 013518.945 INFO             PET1 PIOc_sync Enter - MemInfo: [malloc] Space in freed fastbin blocks:                  2560 Byte
20220313 013518.945 INFO             PET1 PIOc_sync Enter - MemInfo: [malloc] Total allocated space:                       5944192 Byte
20220313 013518.945 INFO             PET1 PIOc_sync Enter - MemInfo: [malloc] Total free space:                            4349056 Byte
20220313 013518.945 INFO             PET1 PIOc_sync Enter - MemInfo: [malloc] Top-most, releasable space:                  2232112 Byte
20220313 013518.945 INFO             PET1 PIOc_sync Enter - MemInfo: [malloc] Total space in use, mmap + non-mmap:        91943808 Byte
20220313 013518.945 INFO             PET1 PIOc_sync Enter - MemInfo: [malloc] Total space held (mmap + non-mmap):         96292864 Byte
20220313 013518.945 INFO             PET1 PIOc_sync Enter - MemInfo: [malloc] Total space used (mmap + non-mmap):         91953168 Byte
20220313 013518.945 INFO             PET1 PIOc_sync Enter - MemInfo: Wall-clock time since execution start:               0.116462 seconds
20220313 013518.945 INFO             PET1 PIOc_sync Exit - MemInfo: [/proc/meminfo - SSI]	MemTotal:       131394444 kB
20220313 013518.945 INFO             PET1 PIOc_sync Exit - MemInfo: [/proc/meminfo - SSI]	MemFree:        119066352 kB
20220313 013518.945 INFO             PET1 PIOc_sync Exit - MemInfo: [/proc/meminfo - SSI]	MemAvailable:   118673068 kB
20220313 013518.945 INFO             PET1 PIOc_sync Exit - MemInfo: [/proc/meminfo - SSI]	Committed_AS:    3882916 kB
20220313 013518.945 INFO             PET1 PIOc_sync Exit - MemInfo: [/proc/meminfo - SSI]	CommittedPercent: 2.95516 %
20220313 013518.945 INFO             PET1 PIOc_sync Exit - MemInfo: [/proc/self/status]	VmPeak:	 3806820 kB
20220313 013518.945 INFO             PET1 PIOc_sync Exit - MemInfo: [/proc/self/status]	VmSize:	 3805800 kB
20220313 013518.945 INFO             PET1 PIOc_sync Exit - MemInfo: [/proc/self/status]	VmLck:	       0 kB
20220313 013518.945 INFO             PET1 PIOc_sync Exit - MemInfo: [/proc/self/status]	VmPin:	   82140 kB
20220313 013518.945 INFO             PET1 PIOc_sync Exit - MemInfo: [/proc/self/status]	VmHWM:	  158232 kB
20220313 013518.945 INFO             PET1 PIOc_sync Exit - MemInfo: [/proc/self/status]	VmRSS:	  158232 kB
20220313 013518.945 INFO             PET1 PIOc_sync Exit - MemInfo: [/proc/self/status]	VmData:	  275892 kB
20220313 013518.945 INFO             PET1 PIOc_sync Exit - MemInfo: [/proc/self/status]	VmStk:	     512 kB
20220313 013518.945 INFO             PET1 PIOc_sync Exit - MemInfo: [/proc/self/status]	VmExe:	    1952 kB
20220313 013518.945 INFO             PET1 PIOc_sync Exit - MemInfo: [/proc/self/status]	VmLib:	  104128 kB
20220313 013518.945 INFO             PET1 PIOc_sync Exit - MemInfo: [/proc/self/status]	VmPTE:	     720 kB
20220313 013518.945 INFO             PET1 PIOc_sync Exit - MemInfo: [/proc/self/status]	VmPMD:	      28 kB
20220313 013518.945 INFO             PET1 PIOc_sync Exit - MemInfo: [/proc/self/status]	VmSwap:	       0 kB
20220313 013518.945 INFO             PET1 PIOc_sync Exit - MemInfo: [/proc/self/status]	VmRSSPercent: 0.120425 %
20220313 013518.945 INFO             PET1 PIOc_sync Exit - MemInfo: [malloc] Non-mmapped space allocated:                10293248 Byte
20220313 013518.945 INFO             PET1 PIOc_sync Exit - MemInfo: [malloc] Space allocated in mmapped regions:         85999616 Byte
20220313 013518.945 INFO             PET1 PIOc_sync Exit - MemInfo: [malloc] Maximum total allocated space:                     0 Byte
20220313 013518.945 INFO             PET1 PIOc_sync Exit - MemInfo: [malloc] Space in freed fastbin blocks:                   608 Byte
20220313 013518.945 INFO             PET1 PIOc_sync Exit - MemInfo: [malloc] Total allocated space:                       5943168 Byte
20220313 013518.945 INFO             PET1 PIOc_sync Exit - MemInfo: [malloc] Total free space:                            4350080 Byte
20220313 013518.945 INFO             PET1 PIOc_sync Exit - MemInfo: [malloc] Top-most, releasable space:                  2232112 Byte
20220313 013518.945 INFO             PET1 PIOc_sync Exit - MemInfo: [malloc] Total space in use, mmap + non-mmap:        91942784 Byte
20220313 013518.945 INFO             PET1 PIOc_sync Exit - MemInfo: [malloc] Total space held (mmap + non-mmap):         96292864 Byte
20220313 013518.945 INFO             PET1 PIOc_sync Exit - MemInfo: [malloc] Total space used (mmap + non-mmap):         91952144 Byte
20220313 013518.945 INFO             PET1 PIOc_sync Exit - MemInfo: Wall-clock time since execution start:               0.116911 seconds
20220313 013518.945 INFO             PET1 PIOc_freedecomp Enter - MemInfo: [/proc/meminfo - SSI]	MemTotal:       131394444 kB
20220313 013518.946 INFO             PET1 PIOc_freedecomp Enter - MemInfo: [/proc/meminfo - SSI]	MemFree:        119066352 kB
20220313 013518.946 INFO             PET1 PIOc_freedecomp Enter - MemInfo: [/proc/meminfo - SSI]	MemAvailable:   118673068 kB
20220313 013518.946 INFO             PET1 PIOc_freedecomp Enter - MemInfo: [/proc/meminfo - SSI]	Committed_AS:    3882916 kB
20220313 013518.946 INFO             PET1 PIOc_freedecomp Enter - MemInfo: [/proc/meminfo - SSI]	CommittedPercent: 2.95516 %
20220313 013518.946 INFO             PET1 PIOc_freedecomp Enter - MemInfo: [/proc/self/status]	VmPeak:	 3806820 kB
20220313 013518.946 INFO             PET1 PIOc_freedecomp Enter - MemInfo: [/proc/self/status]	VmSize:	 3805800 kB
20220313 013518.946 INFO             PET1 PIOc_freedecomp Enter - MemInfo: [/proc/self/status]	VmLck:	       0 kB
20220313 013518.946 INFO             PET1 PIOc_freedecomp Enter - MemInfo: [/proc/self/status]	VmPin:	   82140 kB
20220313 013518.946 INFO             PET1 PIOc_freedecomp Enter - MemInfo: [/proc/self/status]	VmHWM:	  158232 kB
20220313 013518.946 INFO             PET1 PIOc_freedecomp Enter - MemInfo: [/proc/self/status]	VmRSS:	  158232 kB
20220313 013518.946 INFO             PET1 PIOc_freedecomp Enter - MemInfo: [/proc/self/status]	VmData:	  275892 kB
20220313 013518.946 INFO             PET1 PIOc_freedecomp Enter - MemInfo: [/proc/self/status]	VmStk:	     512 kB
20220313 013518.946 INFO             PET1 PIOc_freedecomp Enter - MemInfo: [/proc/self/status]	VmExe:	    1952 kB
20220313 013518.946 INFO             PET1 PIOc_freedecomp Enter - MemInfo: [/proc/self/status]	VmLib:	  104128 kB
20220313 013518.946 INFO             PET1 PIOc_freedecomp Enter - MemInfo: [/proc/self/status]	VmPTE:	     720 kB
20220313 013518.946 INFO             PET1 PIOc_freedecomp Enter - MemInfo: [/proc/self/status]	VmPMD:	      28 kB
20220313 013518.946 INFO             PET1 PIOc_freedecomp Enter - MemInfo: [/proc/self/status]	VmSwap:	       0 kB
20220313 013518.946 INFO             PET1 PIOc_freedecomp Enter - MemInfo: [/proc/self/status]	VmRSSPercent: 0.120425 %
20220313 013518.946 INFO             PET1 PIOc_freedecomp Enter - MemInfo: [malloc] Non-mmapped space allocated:                10293248 Byte
20220313 013518.946 INFO             PET1 PIOc_freedecomp Enter - MemInfo: [malloc] Space allocated in mmapped regions:         85999616 Byte
20220313 013518.946 INFO             PET1 PIOc_freedecomp Enter - MemInfo: [malloc] Maximum total allocated space:                     0 Byte
20220313 013518.946 INFO             PET1 PIOc_freedecomp Enter - MemInfo: [malloc] Space in freed fastbin blocks:                   704 Byte
20220313 013518.946 INFO             PET1 PIOc_freedecomp Enter - MemInfo: [malloc] Total allocated space:                       5941392 Byte
20220313 013518.946 INFO             PET1 PIOc_freedecomp Enter - MemInfo: [malloc] Total free space:                            4351856 Byte
20220313 013518.946 INFO             PET1 PIOc_freedecomp Enter - MemInfo: [malloc] Top-most, releasable space:                  2232112 Byte
20220313 013518.946 INFO             PET1 PIOc_freedecomp Enter - MemInfo: [malloc] Total space in use, mmap + non-mmap:        91941008 Byte
20220313 013518.946 INFO             PET1 PIOc_freedecomp Enter - MemInfo: [malloc] Total space held (mmap + non-mmap):         96292864 Byte
20220313 013518.946 INFO             PET1 PIOc_freedecomp Enter - MemInfo: [malloc] Total space used (mmap + non-mmap):         91950368 Byte
20220313 013518.946 INFO             PET1 PIOc_freedecomp Enter - MemInfo: Wall-clock time since execution start:               0.117259 seconds
20220313 013518.946 INFO             PET1 PIOc_freedecomp Exit - MemInfo: [/proc/meminfo - SSI]	MemTotal:       131394444 kB
20220313 013518.946 INFO             PET1 PIOc_freedecomp Exit - MemInfo: [/proc/meminfo - SSI]	MemFree:        119066352 kB
20220313 013518.946 INFO             PET1 PIOc_freedecomp Exit - MemInfo: [/proc/meminfo - SSI]	MemAvailable:   118673068 kB
20220313 013518.946 INFO             PET1 PIOc_freedecomp Exit - MemInfo: [/proc/meminfo - SSI]	Committed_AS:    3882916 kB
20220313 013518.946 INFO             PET1 PIOc_freedecomp Exit - MemInfo: [/proc/meminfo - SSI]	CommittedPercent: 2.95516 %
20220313 013518.946 INFO             PET1 PIOc_freedecomp Exit - MemInfo: [/proc/self/status]	VmPeak:	 3806820 kB
20220313 013518.946 INFO             PET1 PIOc_freedecomp Exit - MemInfo: [/proc/self/status]	VmSize:	 3805800 kB
20220313 013518.946 INFO             PET1 PIOc_freedecomp Exit - MemInfo: [/proc/self/status]	VmLck:	       0 kB
20220313 013518.946 INFO             PET1 PIOc_freedecomp Exit - MemInfo: [/proc/self/status]	VmPin:	   82140 kB
20220313 013518.946 INFO             PET1 PIOc_freedecomp Exit - MemInfo: [/proc/self/status]	VmHWM:	  158232 kB
20220313 013518.946 INFO             PET1 PIOc_freedecomp Exit - MemInfo: [/proc/self/status]	VmRSS:	  158232 kB
20220313 013518.946 INFO             PET1 PIOc_freedecomp Exit - MemInfo: [/proc/self/status]	VmData:	  275892 kB
20220313 013518.946 INFO             PET1 PIOc_freedecomp Exit - MemInfo: [/proc/self/status]	VmStk:	     512 kB
20220313 013518.946 INFO             PET1 PIOc_freedecomp Exit - MemInfo: [/proc/self/status]	VmExe:	    1952 kB
20220313 013518.946 INFO             PET1 PIOc_freedecomp Exit - MemInfo: [/proc/self/status]	VmLib:	  104128 kB
20220313 013518.946 INFO             PET1 PIOc_freedecomp Exit - MemInfo: [/proc/self/status]	VmPTE:	     720 kB
20220313 013518.946 INFO             PET1 PIOc_freedecomp Exit - MemInfo: [/proc/self/status]	VmPMD:	      28 kB
20220313 013518.946 INFO             PET1 PIOc_freedecomp Exit - MemInfo: [/proc/self/status]	VmSwap:	       0 kB
20220313 013518.946 INFO             PET1 PIOc_freedecomp Exit - MemInfo: [/proc/self/status]	VmRSSPercent: 0.120425 %
20220313 013518.946 INFO             PET1 PIOc_freedecomp Exit - MemInfo: [malloc] Non-mmapped space allocated:                10293248 Byte
20220313 013518.946 INFO             PET1 PIOc_freedecomp Exit - MemInfo: [malloc] Space allocated in mmapped regions:         85999616 Byte
20220313 013518.946 INFO             PET1 PIOc_freedecomp Exit - MemInfo: [malloc] Maximum total allocated space:                     0 Byte
20220313 013518.946 INFO             PET1 PIOc_freedecomp Exit - MemInfo: [malloc] Space in freed fastbin blocks:                   720 Byte
20220313 013518.946 INFO             PET1 PIOc_freedecomp Exit - MemInfo: [malloc] Total allocated space:                       5939152 Byte
20220313 013518.946 INFO             PET1 PIOc_freedecomp Exit - MemInfo: [malloc] Total free space:                            4354096 Byte
20220313 013518.946 INFO             PET1 PIOc_freedecomp Exit - MemInfo: [malloc] Top-most, releasable space:                  2232112 Byte
20220313 013518.946 INFO             PET1 PIOc_freedecomp Exit - MemInfo: [malloc] Total space in use, mmap + non-mmap:        91938768 Byte
20220313 013518.946 INFO             PET1 PIOc_freedecomp Exit - MemInfo: [malloc] Total space held (mmap + non-mmap):         96292864 Byte
20220313 013518.946 INFO             PET1 PIOc_freedecomp Exit - MemInfo: [malloc] Total space used (mmap + non-mmap):         91948144 Byte
20220313 013518.946 INFO             PET1 PIOc_freedecomp Exit - MemInfo: Wall-clock time since execution start:               0.117579 seconds
20220313 013518.947 INFO             PET1 PIOc_sync Enter - MemInfo: [/proc/meminfo - SSI]	MemTotal:       131394444 kB
20220313 013518.947 INFO             PET1 PIOc_sync Enter - MemInfo: [/proc/meminfo - SSI]	MemFree:        119066352 kB
20220313 013518.947 INFO             PET1 PIOc_sync Enter - MemInfo: [/proc/meminfo - SSI]	MemAvailable:   118673068 kB
20220313 013518.947 INFO             PET1 PIOc_sync Enter - MemInfo: [/proc/meminfo - SSI]	Committed_AS:    3882916 kB
20220313 013518.947 INFO             PET1 PIOc_sync Enter - MemInfo: [/proc/meminfo - SSI]	CommittedPercent: 2.95516 %
20220313 013518.947 INFO             PET1 PIOc_sync Enter - MemInfo: [/proc/self/status]	VmPeak:	 3806820 kB
20220313 013518.947 INFO             PET1 PIOc_sync Enter - MemInfo: [/proc/self/status]	VmSize:	 3805800 kB
20220313 013518.947 INFO             PET1 PIOc_sync Enter - MemInfo: [/proc/self/status]	VmLck:	       0 kB
20220313 013518.947 INFO             PET1 PIOc_sync Enter - MemInfo: [/proc/self/status]	VmPin:	   82140 kB
20220313 013518.947 INFO             PET1 PIOc_sync Enter - MemInfo: [/proc/self/status]	VmHWM:	  158336 kB
20220313 013518.947 INFO             PET1 PIOc_sync Enter - MemInfo: [/proc/self/status]	VmRSS:	  158336 kB
20220313 013518.947 INFO             PET1 PIOc_sync Enter - MemInfo: [/proc/self/status]	VmData:	  275892 kB
20220313 013518.947 INFO             PET1 PIOc_sync Enter - MemInfo: [/proc/self/status]	VmStk:	     512 kB
20220313 013518.947 INFO             PET1 PIOc_sync Enter - MemInfo: [/proc/self/status]	VmExe:	    1952 kB
20220313 013518.947 INFO             PET1 PIOc_sync Enter - MemInfo: [/proc/self/status]	VmLib:	  104128 kB
20220313 013518.947 INFO             PET1 PIOc_sync Enter - MemInfo: [/proc/self/status]	VmPTE:	     720 kB
20220313 013518.947 INFO             PET1 PIOc_sync Enter - MemInfo: [/proc/self/status]	VmPMD:	      28 kB
20220313 013518.947 INFO             PET1 PIOc_sync Enter - MemInfo: [/proc/self/status]	VmSwap:	       0 kB
20220313 013518.947 INFO             PET1 PIOc_sync Enter - MemInfo: [/proc/self/status]	VmRSSPercent: 0.120504 %
20220313 013518.947 INFO             PET1 PIOc_sync Enter - MemInfo: [malloc] Non-mmapped space allocated:                10293248 Byte
20220313 013518.947 INFO             PET1 PIOc_sync Enter - MemInfo: [malloc] Space allocated in mmapped regions:         85999616 Byte
20220313 013518.947 INFO             PET1 PIOc_sync Enter - MemInfo: [malloc] Maximum total allocated space:                     0 Byte
20220313 013518.947 INFO             PET1 PIOc_sync Enter - MemInfo: [malloc] Space in freed fastbin blocks:                  2544 Byte
20220313 013518.947 INFO             PET1 PIOc_sync Enter - MemInfo: [malloc] Total allocated space:                       5944304 Byte
20220313 013518.947 INFO             PET1 PIOc_sync Enter - MemInfo: [malloc] Total free space:                            4348944 Byte
20220313 013518.947 INFO             PET1 PIOc_sync Enter - MemInfo: [malloc] Top-most, releasable space:                  2232112 Byte
20220313 013518.947 INFO             PET1 PIOc_sync Enter - MemInfo: [malloc] Total space in use, mmap + non-mmap:        91943920 Byte
20220313 013518.947 INFO             PET1 PIOc_sync Enter - MemInfo: [malloc] Total space held (mmap + non-mmap):         96292864 Byte
20220313 013518.947 INFO             PET1 PIOc_sync Enter - MemInfo: [malloc] Total space used (mmap + non-mmap):         91953280 Byte
20220313 013518.947 INFO             PET1 PIOc_sync Enter - MemInfo: Wall-clock time since execution start:               0.118521 seconds
20220313 013518.947 INFO             PET1 PIOc_sync Exit - MemInfo: [/proc/meminfo - SSI]	MemTotal:       131394444 kB
20220313 013518.947 INFO             PET1 PIOc_sync Exit - MemInfo: [/proc/meminfo - SSI]	MemFree:        119066352 kB
20220313 013518.947 INFO             PET1 PIOc_sync Exit - MemInfo: [/proc/meminfo - SSI]	MemAvailable:   118673068 kB
20220313 013518.947 INFO             PET1 PIOc_sync Exit - MemInfo: [/proc/meminfo - SSI]	Committed_AS:    3882916 kB
20220313 013518.947 INFO             PET1 PIOc_sync Exit - MemInfo: [/proc/meminfo - SSI]	CommittedPercent: 2.95516 %
20220313 013518.947 INFO             PET1 PIOc_sync Exit - MemInfo: [/proc/self/status]	VmPeak:	 3806820 kB
20220313 013518.947 INFO             PET1 PIOc_sync Exit - MemInfo: [/proc/self/status]	VmSize:	 3805800 kB
20220313 013518.947 INFO             PET1 PIOc_sync Exit - MemInfo: [/proc/self/status]	VmLck:	       0 kB
20220313 013518.947 INFO             PET1 PIOc_sync Exit - MemInfo: [/proc/self/status]	VmPin:	   82140 kB
20220313 013518.947 INFO             PET1 PIOc_sync Exit - MemInfo: [/proc/self/status]	VmHWM:	  158336 kB
20220313 013518.947 INFO             PET1 PIOc_sync Exit - MemInfo: [/proc/self/status]	VmRSS:	  158336 kB
20220313 013518.947 INFO             PET1 PIOc_sync Exit - MemInfo: [/proc/self/status]	VmData:	  275892 kB
20220313 013518.947 INFO             PET1 PIOc_sync Exit - MemInfo: [/proc/self/status]	VmStk:	     512 kB
20220313 013518.947 INFO             PET1 PIOc_sync Exit - MemInfo: [/proc/self/status]	VmExe:	    1952 kB
20220313 013518.947 INFO             PET1 PIOc_sync Exit - MemInfo: [/proc/self/status]	VmLib:	  104128 kB
20220313 013518.947 INFO             PET1 PIOc_sync Exit - MemInfo: [/proc/self/status]	VmPTE:	     720 kB
20220313 013518.947 INFO             PET1 PIOc_sync Exit - MemInfo: [/proc/self/status]	VmPMD:	      28 kB
20220313 013518.947 INFO             PET1 PIOc_sync Exit - MemInfo: [/proc/self/status]	VmSwap:	       0 kB
20220313 013518.947 INFO             PET1 PIOc_sync Exit - MemInfo: [/proc/self/status]	VmRSSPercent: 0.120504 %
20220313 013518.947 INFO             PET1 PIOc_sync Exit - MemInfo: [malloc] Non-mmapped space allocated:                10293248 Byte
20220313 013518.947 INFO             PET1 PIOc_sync Exit - MemInfo: [malloc] Space allocated in mmapped regions:         85999616 Byte
20220313 013518.947 INFO             PET1 PIOc_sync Exit - MemInfo: [malloc] Maximum total allocated space:                     0 Byte
20220313 013518.947 INFO             PET1 PIOc_sync Exit - MemInfo: [malloc] Space in freed fastbin blocks:                   608 Byte
20220313 013518.947 INFO             PET1 PIOc_sync Exit - MemInfo: [malloc] Total allocated space:                       5943296 Byte
20220313 013518.947 INFO             PET1 PIOc_sync Exit - MemInfo: [malloc] Total free space:                            4349952 Byte
20220313 013518.947 INFO             PET1 PIOc_sync Exit - MemInfo: [malloc] Top-most, releasable space:                  2232112 Byte
20220313 013518.947 INFO             PET1 PIOc_sync Exit - MemInfo: [malloc] Total space in use, mmap + non-mmap:        91942912 Byte
20220313 013518.948 INFO             PET1 PIOc_sync Exit - MemInfo: [malloc] Total space held (mmap + non-mmap):         96292864 Byte
20220313 013518.948 INFO             PET1 PIOc_sync Exit - MemInfo: [malloc] Total space used (mmap + non-mmap):         91952272 Byte
20220313 013518.948 INFO             PET1 PIOc_sync Exit - MemInfo: Wall-clock time since execution start:               0.118993 seconds
20220313 013518.948 INFO             PET1 PIOc_freedecomp Enter - MemInfo: [/proc/meminfo - SSI]	MemTotal:       131394444 kB
20220313 013518.948 INFO             PET1 PIOc_freedecomp Enter - MemInfo: [/proc/meminfo - SSI]	MemFree:        119066352 kB
20220313 013518.948 INFO             PET1 PIOc_freedecomp Enter - MemInfo: [/proc/meminfo - SSI]	MemAvailable:   118673068 kB
20220313 013518.948 INFO             PET1 PIOc_freedecomp Enter - MemInfo: [/proc/meminfo - SSI]	Committed_AS:    3882916 kB
20220313 013518.948 INFO             PET1 PIOc_freedecomp Enter - MemInfo: [/proc/meminfo - SSI]	CommittedPercent: 2.95516 %
20220313 013518.948 INFO             PET1 PIOc_freedecomp Enter - MemInfo: [/proc/self/status]	VmPeak:	 3806820 kB
20220313 013518.948 INFO             PET1 PIOc_freedecomp Enter - MemInfo: [/proc/self/status]	VmSize:	 3805800 kB
20220313 013518.948 INFO             PET1 PIOc_freedecomp Enter - MemInfo: [/proc/self/status]	VmLck:	       0 kB
20220313 013518.948 INFO             PET1 PIOc_freedecomp Enter - MemInfo: [/proc/self/status]	VmPin:	   82140 kB
20220313 013518.948 INFO             PET1 PIOc_freedecomp Enter - MemInfo: [/proc/self/status]	VmHWM:	  158336 kB
20220313 013518.948 INFO             PET1 PIOc_freedecomp Enter - MemInfo: [/proc/self/status]	VmRSS:	  158336 kB
20220313 013518.948 INFO             PET1 PIOc_freedecomp Enter - MemInfo: [/proc/self/status]	VmData:	  275892 kB
20220313 013518.948 INFO             PET1 PIOc_freedecomp Enter - MemInfo: [/proc/self/status]	VmStk:	     512 kB
20220313 013518.948 INFO             PET1 PIOc_freedecomp Enter - MemInfo: [/proc/self/status]	VmExe:	    1952 kB
20220313 013518.948 INFO             PET1 PIOc_freedecomp Enter - MemInfo: [/proc/self/status]	VmLib:	  104128 kB
20220313 013518.948 INFO             PET1 PIOc_freedecomp Enter - MemInfo: [/proc/self/status]	VmPTE:	     720 kB
20220313 013518.948 INFO             PET1 PIOc_freedecomp Enter - MemInfo: [/proc/self/status]	VmPMD:	      28 kB
20220313 013518.948 INFO             PET1 PIOc_freedecomp Enter - MemInfo: [/proc/self/status]	VmSwap:	       0 kB
20220313 013518.948 INFO             PET1 PIOc_freedecomp Enter - MemInfo: [/proc/self/status]	VmRSSPercent: 0.120504 %
20220313 013518.948 INFO             PET1 PIOc_freedecomp Enter - MemInfo: [malloc] Non-mmapped space allocated:                10293248 Byte
20220313 013518.948 INFO             PET1 PIOc_freedecomp Enter - MemInfo: [malloc] Space allocated in mmapped regions:         85999616 Byte
20220313 013518.948 INFO             PET1 PIOc_freedecomp Enter - MemInfo: [malloc] Maximum total allocated space:                     0 Byte
20220313 013518.948 INFO             PET1 PIOc_freedecomp Enter - MemInfo: [malloc] Space in freed fastbin blocks:                   704 Byte
20220313 013518.948 INFO             PET1 PIOc_freedecomp Enter - MemInfo: [malloc] Total allocated space:                       5941392 Byte
20220313 013518.948 INFO             PET1 PIOc_freedecomp Enter - MemInfo: [malloc] Total free space:                            4351856 Byte
20220313 013518.948 INFO             PET1 PIOc_freedecomp Enter - MemInfo: [malloc] Top-most, releasable space:                  2232112 Byte
20220313 013518.948 INFO             PET1 PIOc_freedecomp Enter - MemInfo: [malloc] Total space in use, mmap + non-mmap:        91941008 Byte
20220313 013518.948 INFO             PET1 PIOc_freedecomp Enter - MemInfo: [malloc] Total space held (mmap + non-mmap):         96292864 Byte
20220313 013518.948 INFO             PET1 PIOc_freedecomp Enter - MemInfo: [malloc] Total space used (mmap + non-mmap):         91950368 Byte
20220313 013518.948 INFO             PET1 PIOc_freedecomp Enter - MemInfo: Wall-clock time since execution start:               0.119381 seconds
20220313 013518.948 INFO             PET1 PIOc_freedecomp Exit - MemInfo: [/proc/meminfo - SSI]	MemTotal:       131394444 kB
20220313 013518.948 INFO             PET1 PIOc_freedecomp Exit - MemInfo: [/proc/meminfo - SSI]	MemFree:        119066352 kB
20220313 013518.948 INFO             PET1 PIOc_freedecomp Exit - MemInfo: [/proc/meminfo - SSI]	MemAvailable:   118673068 kB
20220313 013518.948 INFO             PET1 PIOc_freedecomp Exit - MemInfo: [/proc/meminfo - SSI]	Committed_AS:    3882916 kB
20220313 013518.948 INFO             PET1 PIOc_freedecomp Exit - MemInfo: [/proc/meminfo - SSI]	CommittedPercent: 2.95516 %
20220313 013518.948 INFO             PET1 PIOc_freedecomp Exit - MemInfo: [/proc/self/status]	VmPeak:	 3806820 kB
20220313 013518.948 INFO             PET1 PIOc_freedecomp Exit - MemInfo: [/proc/self/status]	VmSize:	 3805800 kB
20220313 013518.948 INFO             PET1 PIOc_freedecomp Exit - MemInfo: [/proc/self/status]	VmLck:	       0 kB
20220313 013518.948 INFO             PET1 PIOc_freedecomp Exit - MemInfo: [/proc/self/status]	VmPin:	   82140 kB
20220313 013518.948 INFO             PET1 PIOc_freedecomp Exit - MemInfo: [/proc/self/status]	VmHWM:	  158336 kB
20220313 013518.948 INFO             PET1 PIOc_freedecomp Exit - MemInfo: [/proc/self/status]	VmRSS:	  158336 kB
20220313 013518.948 INFO             PET1 PIOc_freedecomp Exit - MemInfo: [/proc/self/status]	VmData:	  275892 kB
20220313 013518.948 INFO             PET1 PIOc_freedecomp Exit - MemInfo: [/proc/self/status]	VmStk:	     512 kB
20220313 013518.948 INFO             PET1 PIOc_freedecomp Exit - MemInfo: [/proc/self/status]	VmExe:	    1952 kB
20220313 013518.948 INFO             PET1 PIOc_freedecomp Exit - MemInfo: [/proc/self/status]	VmLib:	  104128 kB
20220313 013518.948 INFO             PET1 PIOc_freedecomp Exit - MemInfo: [/proc/self/status]	VmPTE:	     720 kB
20220313 013518.948 INFO             PET1 PIOc_freedecomp Exit - MemInfo: [/proc/self/status]	VmPMD:	      28 kB
20220313 013518.948 INFO             PET1 PIOc_freedecomp Exit - MemInfo: [/proc/self/status]	VmSwap:	       0 kB
20220313 013518.948 INFO             PET1 PIOc_freedecomp Exit - MemInfo: [/proc/self/status]	VmRSSPercent: 0.120504 %
20220313 013518.948 INFO             PET1 PIOc_freedecomp Exit - MemInfo: [malloc] Non-mmapped space allocated:                10293248 Byte
20220313 013518.948 INFO             PET1 PIOc_freedecomp Exit - MemInfo: [malloc] Space allocated in mmapped regions:         85999616 Byte
20220313 013518.948 INFO             PET1 PIOc_freedecomp Exit - MemInfo: [malloc] Maximum total allocated space:                     0 Byte
20220313 013518.948 INFO             PET1 PIOc_freedecomp Exit - MemInfo: [malloc] Space in freed fastbin blocks:                   720 Byte
20220313 013518.948 INFO             PET1 PIOc_freedecomp Exit - MemInfo: [malloc] Total allocated space:                       5939152 Byte
20220313 013518.948 INFO             PET1 PIOc_freedecomp Exit - MemInfo: [malloc] Total free space:                            4354096 Byte
20220313 013518.948 INFO             PET1 PIOc_freedecomp Exit - MemInfo: [malloc] Top-most, releasable space:                  2232112 Byte
20220313 013518.948 INFO             PET1 PIOc_freedecomp Exit - MemInfo: [malloc] Total space in use, mmap + non-mmap:        91938768 Byte
20220313 013518.948 INFO             PET1 PIOc_freedecomp Exit - MemInfo: [malloc] Total space held (mmap + non-mmap):         96292864 Byte
20220313 013518.948 INFO             PET1 PIOc_freedecomp Exit - MemInfo: [malloc] Total space used (mmap + non-mmap):         91948128 Byte
20220313 013518.948 INFO             PET1 PIOc_freedecomp Exit - MemInfo: Wall-clock time since execution start:               0.119698 seconds
20220313 013518.950 INFO             PET1  PASS  ESMF_FieldRegridStoreFromFile Unit Test, ESMF_FieldSMMFromFileUTest.F90, line 315
20220313 013518.950 INFO             PET1  Ending Test, file ESMF_FieldSMMFromFileUTest.F90, line 322
20220313 013518.950 INFO             PET1 Finalizing ESMF
20220313 013518.837 INFO             PET2 !!!!!!!!!!!!!!!!!!!!!!!!!!!!!!!!!!!!!!!!!!!!!!!!!!!!!!
20220313 013518.837 INFO             PET2 !!! THE ESMF_LOG IS SET TO OUTPUT ALL LOG MESSAGES !!!
20220313 013518.837 INFO             PET2 !!!     THIS MAY CAUSE SLOWDOWN IN PERFORMANCE     !!!
20220313 013518.837 INFO             PET2 !!! FOR PRODUCTION RUNS, USE:                      !!!
20220313 013518.837 INFO             PET2 !!!                   ESMF_LOGKIND_Multi_On_Error  !!!
20220313 013518.837 INFO             PET2 !!!!!!!!!!!!!!!!!!!!!!!!!!!!!!!!!!!!!!!!!!!!!!!!!!!!!!
20220313 013518.837 INFO             PET2 Running with ESMF Version   : v8.3.0b09-96-g559b459836
20220313 013518.837 INFO             PET2 ESMF library build date/time: "Mar 13 2022" "01:12:50"
20220313 013518.837 INFO             PET2 ESMF library build location : /gpfsm/dnb04/projects/p98/mpotts/esmf/intel_2020_intelmpi_O_jedwards_pio_update2
20220313 013518.838 INFO             PET2 ESMF_COMM                   : intelmpi
20220313 013518.838 INFO             PET2 ESMF_MOAB                   : enabled
20220313 013518.838 INFO             PET2 ESMF_LAPACK                 : enabled
20220313 013518.838 INFO             PET2 ESMF_NETCDF                 : enabled
20220313 013518.838 INFO             PET2 ESMF_PNETCDF                : disabled
20220313 013518.838 INFO             PET2 ESMF_PIO                    : enabled
20220313 013518.838 INFO             PET2 ESMF_YAMLCPP                : enabled
20220313 013518.838 INFO             PET2  Beginning Test, file ESMF_FieldSMMFromFileUTest.F90, line 287
20220313 013518.838 INFO             PET2  NUMBER_OF_PROCESSORS           4
20220313 013518.937 INFO             PET2  PASS  ESMF_FieldSMMFromFile Unit Test, ESMF_FieldSMMFromFileUTest.F90, line 300
20220313 013518.942 INFO             PET2 PIOc_sync Enter - MemInfo: [/proc/meminfo - SSI]	MemTotal:       131394444 kB
20220313 013518.942 INFO             PET2 PIOc_sync Enter - MemInfo: [/proc/meminfo - SSI]	MemFree:        119066352 kB
20220313 013518.942 INFO             PET2 PIOc_sync Enter - MemInfo: [/proc/meminfo - SSI]	MemAvailable:   118673068 kB
20220313 013518.942 INFO             PET2 PIOc_sync Enter - MemInfo: [/proc/meminfo - SSI]	Committed_AS:    3882916 kB
20220313 013518.942 INFO             PET2 PIOc_sync Enter - MemInfo: [/proc/meminfo - SSI]	CommittedPercent: 2.95516 %
20220313 013518.942 INFO             PET2 PIOc_sync Enter - MemInfo: [/proc/self/status]	VmPeak:	 3800672 kB
20220313 013518.942 INFO             PET2 PIOc_sync Enter - MemInfo: [/proc/self/status]	VmSize:	 3770928 kB
20220313 013518.942 INFO             PET2 PIOc_sync Enter - MemInfo: [/proc/self/status]	VmLck:	       0 kB
20220313 013518.942 INFO             PET2 PIOc_sync Enter - MemInfo: [/proc/self/status]	VmPin:	   71900 kB
20220313 013518.942 INFO             PET2 PIOc_sync Enter - MemInfo: [/proc/self/status]	VmHWM:	  153216 kB
20220313 013518.942 INFO             PET2 PIOc_sync Enter - MemInfo: [/proc/self/status]	VmRSS:	  153216 kB
20220313 013518.942 INFO             PET2 PIOc_sync Enter - MemInfo: [/proc/self/status]	VmData:	  241020 kB
20220313 013518.942 INFO             PET2 PIOc_sync Enter - MemInfo: [/proc/self/status]	VmStk:	     512 kB
20220313 013518.942 INFO             PET2 PIOc_sync Enter - MemInfo: [/proc/self/status]	VmExe:	    1952 kB
20220313 013518.942 INFO             PET2 PIOc_sync Enter - MemInfo: [/proc/self/status]	VmLib:	  104128 kB
20220313 013518.942 INFO             PET2 PIOc_sync Enter - MemInfo: [/proc/self/status]	VmPTE:	     720 kB
20220313 013518.942 INFO             PET2 PIOc_sync Enter - MemInfo: [/proc/self/status]	VmPMD:	      32 kB
20220313 013518.942 INFO             PET2 PIOc_sync Enter - MemInfo: [/proc/self/status]	VmSwap:	       0 kB
20220313 013518.942 INFO             PET2 PIOc_sync Enter - MemInfo: [/proc/self/status]	VmRSSPercent: 0.116608 %
20220313 013518.942 INFO             PET2 PIOc_sync Enter - MemInfo: [malloc] Non-mmapped space allocated:                33312768 Byte
20220313 013518.942 INFO             PET2 PIOc_sync Enter - MemInfo: [malloc] Space allocated in mmapped regions:         50339840 Byte
20220313 013518.942 INFO             PET2 PIOc_sync Enter - MemInfo: [malloc] Maximum total allocated space:                     0 Byte
20220313 013518.942 INFO             PET2 PIOc_sync Enter - MemInfo: [malloc] Space in freed fastbin blocks:                  2528 Byte
20220313 013518.943 INFO             PET2 PIOc_sync Enter - MemInfo: [malloc] Total allocated space:                      26915296 Byte
20220313 013518.943 INFO             PET2 PIOc_sync Enter - MemInfo: [malloc] Total free space:                            6397472 Byte
20220313 013518.943 INFO             PET2 PIOc_sync Enter - MemInfo: [malloc] Top-most, releasable space:                  2231888 Byte
20220313 013518.943 INFO             PET2 PIOc_sync Enter - MemInfo: [malloc] Total space in use, mmap + non-mmap:        77255136 Byte
20220313 013518.943 INFO             PET2 PIOc_sync Enter - MemInfo: [malloc] Total space held (mmap + non-mmap):         83652608 Byte
20220313 013518.943 INFO             PET2 PIOc_sync Enter - MemInfo: [malloc] Total space used (mmap + non-mmap):         77264496 Byte
20220313 013518.943 INFO             PET2 PIOc_sync Enter - MemInfo: Wall-clock time since execution start:               0.113345 seconds
20220313 013518.943 INFO             PET2 PIOc_sync Exit - MemInfo: [/proc/meminfo - SSI]	MemTotal:       131394444 kB
20220313 013518.943 INFO             PET2 PIOc_sync Exit - MemInfo: [/proc/meminfo - SSI]	MemFree:        119066352 kB
20220313 013518.943 INFO             PET2 PIOc_sync Exit - MemInfo: [/proc/meminfo - SSI]	MemAvailable:   118673068 kB
20220313 013518.943 INFO             PET2 PIOc_sync Exit - MemInfo: [/proc/meminfo - SSI]	Committed_AS:    3882916 kB
20220313 013518.943 INFO             PET2 PIOc_sync Exit - MemInfo: [/proc/meminfo - SSI]	CommittedPercent: 2.95516 %
20220313 013518.943 INFO             PET2 PIOc_sync Exit - MemInfo: [/proc/self/status]	VmPeak:	 3800672 kB
20220313 013518.943 INFO             PET2 PIOc_sync Exit - MemInfo: [/proc/self/status]	VmSize:	 3770928 kB
20220313 013518.943 INFO             PET2 PIOc_sync Exit - MemInfo: [/proc/self/status]	VmLck:	       0 kB
20220313 013518.943 INFO             PET2 PIOc_sync Exit - MemInfo: [/proc/self/status]	VmPin:	   71900 kB
20220313 013518.943 INFO             PET2 PIOc_sync Exit - MemInfo: [/proc/self/status]	VmHWM:	  153268 kB
20220313 013518.943 INFO             PET2 PIOc_sync Exit - MemInfo: [/proc/self/status]	VmRSS:	  153268 kB
20220313 013518.943 INFO             PET2 PIOc_sync Exit - MemInfo: [/proc/self/status]	VmData:	  241020 kB
20220313 013518.943 INFO             PET2 PIOc_sync Exit - MemInfo: [/proc/self/status]	VmStk:	     512 kB
20220313 013518.943 INFO             PET2 PIOc_sync Exit - MemInfo: [/proc/self/status]	VmExe:	    1952 kB
20220313 013518.943 INFO             PET2 PIOc_sync Exit - MemInfo: [/proc/self/status]	VmLib:	  104128 kB
