build time -- 2022-03-12 01:15:23.324414
20220312 013317.389 INFO             PET0 !!!!!!!!!!!!!!!!!!!!!!!!!!!!!!!!!!!!!!!!!!!!!!!!!!!!!!
20220312 013317.389 INFO             PET0 !!! THE ESMF_LOG IS SET TO OUTPUT ALL LOG MESSAGES !!!
20220312 013317.389 INFO             PET0 !!!     THIS MAY CAUSE SLOWDOWN IN PERFORMANCE     !!!
20220312 013317.389 INFO             PET0 !!! FOR PRODUCTION RUNS, USE:                      !!!
20220312 013317.389 INFO             PET0 !!!                   ESMF_LOGKIND_Multi_On_Error  !!!
20220312 013317.389 INFO             PET0 !!!!!!!!!!!!!!!!!!!!!!!!!!!!!!!!!!!!!!!!!!!!!!!!!!!!!!
20220312 013317.389 INFO             PET0 Running with ESMF Version   : v8.3.0b09-96-g559b459836
20220312 013317.389 INFO             PET0 ESMF library build date/time: "Mar 12 2022" "01:13:12"
20220312 013317.389 INFO             PET0 ESMF library build location : /gpfsm/dnb04/projects/p98/mpotts/esmf/intel_2020_intelmpi_O_jedwards_pio_update2
20220312 013317.389 INFO             PET0 ESMF_COMM                   : intelmpi
20220312 013317.390 INFO             PET0 ESMF_MOAB                   : enabled
20220312 013317.390 INFO             PET0 ESMF_LAPACK                 : enabled
20220312 013317.390 INFO             PET0 ESMF_NETCDF                 : enabled
20220312 013317.390 INFO             PET0 ESMF_PNETCDF                : disabled
20220312 013317.390 INFO             PET0 ESMF_PIO                    : enabled
20220312 013317.390 INFO             PET0 ESMF_YAMLCPP                : enabled
20220312 013317.391 INFO             PET0  Beginning Test, file ESMF_RouteHandleAdvancedUTest.F90, line 346
20220312 013317.391 INFO             PET0  NUMBER_OF_PROCESSORS           4
20220312 013317.397 INFO             PET0 ESMF_FieldRedistStoreNF(): Just entered routine.
20220312 013317.486 INFO             PET0 ESMF_FieldRedistStoreNF(): Leaving routine.
20220312 013317.486 INFO             PET0  PASS  Create RouteHandle for the original petList, ESMF_RouteHandleAdvancedUTest.F90, line 511
20220312 013317.486 INFO             PET0  PASS  Test RouteHandleIsCreated(), ESMF_RouteHandleAdvancedUTest.F90, line 519
20220312 013317.486 INFO             PET0  PASS  Test RouteHandleIsCreated() return value, ESMF_RouteHandleAdvancedUTest.F90, line 526
20220312 013317.486 INFO             PET0  PASS  Test RouteHandleGet(), ESMF_RouteHandleAdvancedUTest.F90, line 534
20220312 013317.497 INFO             PET0  PASS  Test RouteHandleWrite(), ESMF_RouteHandleAdvancedUTest.F90, line 542
20220312 013317.497 INFO             PET0  PASS  Test RouteHandleDestroy(), ESMF_RouteHandleAdvancedUTest.F90, line 550
20220312 013317.499 INFO             PET0  PASS  Test RouteHandleCreate(from file), ESMF_RouteHandleAdvancedUTest.F90, line 558
20220312 013317.499 INFO             PET0  PASS  Apply the read in Routehandle, ESMF_RouteHandleAdvancedUTest.F90, line 567
20220312 013317.499 INFO             PET0  PASS  Test RouteHandleDestroy() for the read in Routehandle, ESMF_RouteHandleAdvancedUTest.F90, line 575
20220312 013317.499 INFO             PET0 ESMF_FieldRedistStoreNF(): Just entered routine.
20220312 013317.586 INFO             PET0 ESMF_FieldRedistStoreNF(): Leaving routine.
20220312 013317.587 INFO             PET0  PASS  Create RouteHandle for the original petList, ESMF_RouteHandleAdvancedUTest.F90, line 585
20220312 013317.587 INFO             PET0  PASS  Transfer RouteHandle to a different petList, ESMF_RouteHandleAdvancedUTest.F90, line 602
20220312 013317.627 INFO             PET0 PIOc_sync Enter - MemInfo: [/proc/meminfo - SSI]	MemTotal:       131394444 kB
20220312 013317.627 INFO             PET0 PIOc_sync Enter - MemInfo: [/proc/meminfo - SSI]	MemFree:        118728268 kB
20220312 013317.627 INFO             PET0 PIOc_sync Enter - MemInfo: [/proc/meminfo - SSI]	MemAvailable:   118420920 kB
20220312 013317.627 INFO             PET0 PIOc_sync Enter - MemInfo: [/proc/meminfo - SSI]	Committed_AS:    3956140 kB
20220312 013317.627 INFO             PET0 PIOc_sync Enter - MemInfo: [/proc/meminfo - SSI]	CommittedPercent: 3.01089 %
20220312 013317.627 INFO             PET0 PIOc_sync Enter - MemInfo: [/proc/self/status]	VmPeak:	 3827484 kB
20220312 013317.627 INFO             PET0 PIOc_sync Enter - MemInfo: [/proc/self/status]	VmSize:	 3827484 kB
20220312 013317.627 INFO             PET0 PIOc_sync Enter - MemInfo: [/proc/self/status]	VmLck:	       0 kB
20220312 013317.627 INFO             PET0 PIOc_sync Enter - MemInfo: [/proc/self/status]	VmPin:	   82140 kB
20220312 013317.627 INFO             PET0 PIOc_sync Enter - MemInfo: [/proc/self/status]	VmHWM:	  169388 kB
20220312 013317.627 INFO             PET0 PIOc_sync Enter - MemInfo: [/proc/self/status]	VmRSS:	  169388 kB
20220312 013317.627 INFO             PET0 PIOc_sync Enter - MemInfo: [/proc/self/status]	VmData:	  297568 kB
20220312 013317.627 INFO             PET0 PIOc_sync Enter - MemInfo: [/proc/self/status]	VmStk:	     512 kB
20220312 013317.627 INFO             PET0 PIOc_sync Enter - MemInfo: [/proc/self/status]	VmExe:	    1960 kB
20220312 013317.627 INFO             PET0 PIOc_sync Enter - MemInfo: [/proc/self/status]	VmLib:	  104128 kB
20220312 013317.627 INFO             PET0 PIOc_sync Enter - MemInfo: [/proc/self/status]	VmPTE:	     744 kB
20220312 013317.627 INFO             PET0 PIOc_sync Enter - MemInfo: [/proc/self/status]	VmPMD:	      32 kB
20220312 013317.627 INFO             PET0 PIOc_sync Enter - MemInfo: [/proc/self/status]	VmSwap:	       0 kB
20220312 013317.628 INFO             PET0 PIOc_sync Enter - MemInfo: [/proc/self/status]	VmRSSPercent: 0.128916 %
20220312 013317.628 INFO             PET0 PIOc_sync Enter - MemInfo: [malloc] Non-mmapped space allocated:                13615104 Byte
20220312 013317.628 INFO             PET0 PIOc_sync Enter - MemInfo: [malloc] Space allocated in mmapped regions:         85999616 Byte
20220312 013317.628 INFO             PET0 PIOc_sync Enter - MemInfo: [malloc] Maximum total allocated space:                     0 Byte
20220312 013317.628 INFO             PET0 PIOc_sync Enter - MemInfo: [malloc] Space in freed fastbin blocks:                   512 Byte
20220312 013317.628 INFO             PET0 PIOc_sync Enter - MemInfo: [malloc] Total allocated space:                       6413632 Byte
20220312 013317.628 INFO             PET0 PIOc_sync Enter - MemInfo: [malloc] Total free space:                            7201472 Byte
20220312 013317.628 INFO             PET0 PIOc_sync Enter - MemInfo: [malloc] Top-most, releasable space:                  2492912 Byte
20220312 013317.628 INFO             PET0 PIOc_sync Enter - MemInfo: [malloc] Total space in use, mmap + non-mmap:        92413248 Byte
20220312 013317.628 INFO             PET0 PIOc_sync Enter - MemInfo: [malloc] Total space held (mmap + non-mmap):         99614720 Byte
20220312 013317.628 INFO             PET0 PIOc_sync Enter - MemInfo: [malloc] Total space used (mmap + non-mmap):         92422608 Byte
20220312 013317.628 INFO             PET0 PIOc_sync Enter - MemInfo: Wall-clock time since execution start:               0.246722 seconds
20220312 013317.629 INFO             PET0 PIOc_sync Exit - MemInfo: [/proc/meminfo - SSI]	MemTotal:       131394444 kB
20220312 013317.629 INFO             PET0 PIOc_sync Exit - MemInfo: [/proc/meminfo - SSI]	MemFree:        118727772 kB
20220312 013317.629 INFO             PET0 PIOc_sync Exit - MemInfo: [/proc/meminfo - SSI]	MemAvailable:   118420896 kB
20220312 013317.629 INFO             PET0 PIOc_sync Exit - MemInfo: [/proc/meminfo - SSI]	Committed_AS:    3956140 kB
20220312 013317.629 INFO             PET0 PIOc_sync Exit - MemInfo: [/proc/meminfo - SSI]	CommittedPercent: 3.01089 %
20220312 013317.629 INFO             PET0 PIOc_sync Exit - MemInfo: [/proc/self/status]	VmPeak:	 3827484 kB
20220312 013317.629 INFO             PET0 PIOc_sync Exit - MemInfo: [/proc/self/status]	VmSize:	 3827484 kB
20220312 013317.629 INFO             PET0 PIOc_sync Exit - MemInfo: [/proc/self/status]	VmLck:	       0 kB
20220312 013317.629 INFO             PET0 PIOc_sync Exit - MemInfo: [/proc/self/status]	VmPin:	   82140 kB
20220312 013317.629 INFO             PET0 PIOc_sync Exit - MemInfo: [/proc/self/status]	VmHWM:	  169532 kB
20220312 013317.629 INFO             PET0 PIOc_sync Exit - MemInfo: [/proc/self/status]	VmRSS:	  169532 kB
20220312 013317.629 INFO             PET0 PIOc_sync Exit - MemInfo: [/proc/self/status]	VmData:	  297568 kB
20220312 013317.629 INFO             PET0 PIOc_sync Exit - MemInfo: [/proc/self/status]	VmStk:	     512 kB
20220312 013317.629 INFO             PET0 PIOc_sync Exit - MemInfo: [/proc/self/status]	VmExe:	    1960 kB
20220312 013317.629 INFO             PET0 PIOc_sync Exit - MemInfo: [/proc/self/status]	VmLib:	  104128 kB
20220312 013317.629 INFO             PET0 PIOc_sync Exit - MemInfo: [/proc/self/status]	VmPTE:	     744 kB
20220312 013317.629 INFO             PET0 PIOc_sync Exit - MemInfo: [/proc/self/status]	VmPMD:	      32 kB
20220312 013317.629 INFO             PET0 PIOc_sync Exit - MemInfo: [/proc/self/status]	VmSwap:	       0 kB
20220312 013317.629 INFO             PET0 PIOc_sync Exit - MemInfo: [/proc/self/status]	VmRSSPercent: 0.129025 %
20220312 013317.629 INFO             PET0 PIOc_sync Exit - MemInfo: [malloc] Non-mmapped space allocated:                13615104 Byte
20220312 013317.629 INFO             PET0 PIOc_sync Exit - MemInfo: [malloc] Space allocated in mmapped regions:         85999616 Byte
20220312 013317.629 INFO             PET0 PIOc_sync Exit - MemInfo: [malloc] Maximum total allocated space:                     0 Byte
20220312 013317.629 INFO             PET0 PIOc_sync Exit - MemInfo: [malloc] Space in freed fastbin blocks:                   560 Byte
20220312 013317.629 INFO             PET0 PIOc_sync Exit - MemInfo: [malloc] Total allocated space:                       6412896 Byte
20220312 013317.629 INFO             PET0 PIOc_sync Exit - MemInfo: [malloc] Total free space:                            7202208 Byte
20220312 013317.629 INFO             PET0 PIOc_sync Exit - MemInfo: [malloc] Top-most, releasable space:                  2492912 Byte
20220312 013317.629 INFO             PET0 PIOc_sync Exit - MemInfo: [malloc] Total space in use, mmap + non-mmap:        92412512 Byte
20220312 013317.629 INFO             PET0 PIOc_sync Exit - MemInfo: [malloc] Total space held (mmap + non-mmap):         99614720 Byte
20220312 013317.629 INFO             PET0 PIOc_sync Exit - MemInfo: [malloc] Total space used (mmap + non-mmap):         92421872 Byte
20220312 013317.629 INFO             PET0 PIOc_sync Exit - MemInfo: Wall-clock time since execution start:               0.248292 seconds
20220312 013317.629 INFO             PET0 PIOc_freedecomp Enter - MemInfo: [/proc/meminfo - SSI]	MemTotal:       131394444 kB
20220312 013317.629 INFO             PET0 PIOc_freedecomp Enter - MemInfo: [/proc/meminfo - SSI]	MemFree:        118727772 kB
20220312 013317.629 INFO             PET0 PIOc_freedecomp Enter - MemInfo: [/proc/meminfo - SSI]	MemAvailable:   118420896 kB
20220312 013317.629 INFO             PET0 PIOc_freedecomp Enter - MemInfo: [/proc/meminfo - SSI]	Committed_AS:    3956140 kB
20220312 013317.629 INFO             PET0 PIOc_freedecomp Enter - MemInfo: [/proc/meminfo - SSI]	CommittedPercent: 3.01089 %
20220312 013317.629 INFO             PET0 PIOc_freedecomp Enter - MemInfo: [/proc/self/status]	VmPeak:	 3827484 kB
20220312 013317.629 INFO             PET0 PIOc_freedecomp Enter - MemInfo: [/proc/self/status]	VmSize:	 3827484 kB
20220312 013317.629 INFO             PET0 PIOc_freedecomp Enter - MemInfo: [/proc/self/status]	VmLck:	       0 kB
20220312 013317.629 INFO             PET0 PIOc_freedecomp Enter - MemInfo: [/proc/self/status]	VmPin:	   82140 kB
20220312 013317.629 INFO             PET0 PIOc_freedecomp Enter - MemInfo: [/proc/self/status]	VmHWM:	  169536 kB
20220312 013317.629 INFO             PET0 PIOc_freedecomp Enter - MemInfo: [/proc/self/status]	VmRSS:	  169536 kB
20220312 013317.629 INFO             PET0 PIOc_freedecomp Enter - MemInfo: [/proc/self/status]	VmData:	  297568 kB
20220312 013317.629 INFO             PET0 PIOc_freedecomp Enter - MemInfo: [/proc/self/status]	VmStk:	     512 kB
20220312 013317.629 INFO             PET0 PIOc_freedecomp Enter - MemInfo: [/proc/self/status]	VmExe:	    1960 kB
20220312 013317.629 INFO             PET0 PIOc_freedecomp Enter - MemInfo: [/proc/self/status]	VmLib:	  104128 kB
20220312 013317.629 INFO             PET0 PIOc_freedecomp Enter - MemInfo: [/proc/self/status]	VmPTE:	     744 kB
20220312 013317.629 INFO             PET0 PIOc_freedecomp Enter - MemInfo: [/proc/self/status]	VmPMD:	      32 kB
20220312 013317.629 INFO             PET0 PIOc_freedecomp Enter - MemInfo: [/proc/self/status]	VmSwap:	       0 kB
20220312 013317.629 INFO             PET0 PIOc_freedecomp Enter - MemInfo: [/proc/self/status]	VmRSSPercent: 0.129028 %
20220312 013317.630 INFO             PET0 PIOc_freedecomp Enter - MemInfo: [malloc] Non-mmapped space allocated:                13615104 Byte
20220312 013317.630 INFO             PET0 PIOc_freedecomp Enter - MemInfo: [malloc] Space allocated in mmapped regions:         85999616 Byte
20220312 013317.630 INFO             PET0 PIOc_freedecomp Enter - MemInfo: [malloc] Maximum total allocated space:                     0 Byte
20220312 013317.630 INFO             PET0 PIOc_freedecomp Enter - MemInfo: [malloc] Space in freed fastbin blocks:                   272 Byte
20220312 013317.630 INFO             PET0 PIOc_freedecomp Enter - MemInfo: [malloc] Total allocated space:                       3778144 Byte
20220312 013317.630 INFO             PET0 PIOc_freedecomp Enter - MemInfo: [malloc] Total free space:                            9836960 Byte
20220312 013317.630 INFO             PET0 PIOc_freedecomp Enter - MemInfo: [malloc] Top-most, releasable space:                  2492912 Byte
20220312 013317.630 INFO             PET0 PIOc_freedecomp Enter - MemInfo: [malloc] Total space in use, mmap + non-mmap:        89777760 Byte
20220312 013317.630 INFO             PET0 PIOc_freedecomp Enter - MemInfo: [malloc] Total space held (mmap + non-mmap):         99614720 Byte
20220312 013317.630 INFO             PET0 PIOc_freedecomp Enter - MemInfo: [malloc] Total space used (mmap + non-mmap):         89787120 Byte
20220312 013317.630 INFO             PET0 PIOc_freedecomp Enter - MemInfo: Wall-clock time since execution start:               0.248688 seconds
20220312 013317.630 INFO             PET0 PIOc_freedecomp Exit - MemInfo: [/proc/meminfo - SSI]	MemTotal:       131394444 kB
20220312 013317.630 INFO             PET0 PIOc_freedecomp Exit - MemInfo: [/proc/meminfo - SSI]	MemFree:        118727772 kB
20220312 013317.630 INFO             PET0 PIOc_freedecomp Exit - MemInfo: [/proc/meminfo - SSI]	MemAvailable:   118420896 kB
20220312 013317.630 INFO             PET0 PIOc_freedecomp Exit - MemInfo: [/proc/meminfo - SSI]	Committed_AS:    3956140 kB
20220312 013317.630 INFO             PET0 PIOc_freedecomp Exit - MemInfo: [/proc/meminfo - SSI]	CommittedPercent: 3.01089 %
20220312 013317.630 INFO             PET0 PIOc_freedecomp Exit - MemInfo: [/proc/self/status]	VmPeak:	 3827484 kB
20220312 013317.630 INFO             PET0 PIOc_freedecomp Exit - MemInfo: [/proc/self/status]	VmSize:	 3827484 kB
20220312 013317.630 INFO             PET0 PIOc_freedecomp Exit - MemInfo: [/proc/self/status]	VmLck:	       0 kB
20220312 013317.630 INFO             PET0 PIOc_freedecomp Exit - MemInfo: [/proc/self/status]	VmPin:	   82140 kB
20220312 013317.630 INFO             PET0 PIOc_freedecomp Exit - MemInfo: [/proc/self/status]	VmHWM:	  169540 kB
20220312 013317.630 INFO             PET0 PIOc_freedecomp Exit - MemInfo: [/proc/self/status]	VmRSS:	  169540 kB
20220312 013317.630 INFO             PET0 PIOc_freedecomp Exit - MemInfo: [/proc/self/status]	VmData:	  297568 kB
20220312 013317.630 INFO             PET0 PIOc_freedecomp Exit - MemInfo: [/proc/self/status]	VmStk:	     512 kB
20220312 013317.630 INFO             PET0 PIOc_freedecomp Exit - MemInfo: [/proc/self/status]	VmExe:	    1960 kB
20220312 013317.630 INFO             PET0 PIOc_freedecomp Exit - MemInfo: [/proc/self/status]	VmLib:	  104128 kB
20220312 013317.630 INFO             PET0 PIOc_freedecomp Exit - MemInfo: [/proc/self/status]	VmPTE:	     744 kB
20220312 013317.630 INFO             PET0 PIOc_freedecomp Exit - MemInfo: [/proc/self/status]	VmPMD:	      32 kB
20220312 013317.630 INFO             PET0 PIOc_freedecomp Exit - MemInfo: [/proc/self/status]	VmSwap:	       0 kB
20220312 013317.630 INFO             PET0 PIOc_freedecomp Exit - MemInfo: [/proc/self/status]	VmRSSPercent: 0.129031 %
20220312 013317.630 INFO             PET0 PIOc_freedecomp Exit - MemInfo: [malloc] Non-mmapped space allocated:                13615104 Byte
20220312 013317.630 INFO             PET0 PIOc_freedecomp Exit - MemInfo: [malloc] Space allocated in mmapped regions:         85999616 Byte
20220312 013317.630 INFO             PET0 PIOc_freedecomp Exit - MemInfo: [malloc] Maximum total allocated space:                     0 Byte
20220312 013317.630 INFO             PET0 PIOc_freedecomp Exit - MemInfo: [malloc] Space in freed fastbin blocks:                   272 Byte
20220312 013317.630 INFO             PET0 PIOc_freedecomp Exit - MemInfo: [malloc] Total allocated space:                       3776688 Byte
20220312 013317.630 INFO             PET0 PIOc_freedecomp Exit - MemInfo: [malloc] Total free space:                            9838416 Byte
20220312 013317.630 INFO             PET0 PIOc_freedecomp Exit - MemInfo: [malloc] Top-most, releasable space:                  2492912 Byte
20220312 013317.630 INFO             PET0 PIOc_freedecomp Exit - MemInfo: [malloc] Total space in use, mmap + non-mmap:        89776304 Byte
20220312 013317.630 INFO             PET0 PIOc_freedecomp Exit - MemInfo: [malloc] Total space held (mmap + non-mmap):         99614720 Byte
20220312 013317.630 INFO             PET0 PIOc_freedecomp Exit - MemInfo: [malloc] Total space used (mmap + non-mmap):         89785664 Byte
20220312 013317.630 INFO             PET0 PIOc_freedecomp Exit - MemInfo: Wall-clock time since execution start:               0.249053 seconds
20220312 013317.631 INFO             PET0 PIOc_sync Enter - MemInfo: [/proc/meminfo - SSI]	MemTotal:       131394444 kB
20220312 013317.631 INFO             PET0 PIOc_sync Enter - MemInfo: [/proc/meminfo - SSI]	MemFree:        118727772 kB
20220312 013317.631 INFO             PET0 PIOc_sync Enter - MemInfo: [/proc/meminfo - SSI]	MemAvailable:   118420896 kB
20220312 013317.631 INFO             PET0 PIOc_sync Enter - MemInfo: [/proc/meminfo - SSI]	Committed_AS:    3956140 kB
20220312 013317.631 INFO             PET0 PIOc_sync Enter - MemInfo: [/proc/meminfo - SSI]	CommittedPercent: 3.01089 %
20220312 013317.631 INFO             PET0 PIOc_sync Enter - MemInfo: [/proc/self/status]	VmPeak:	 3828504 kB
20220312 013317.631 INFO             PET0 PIOc_sync Enter - MemInfo: [/proc/self/status]	VmSize:	 3827484 kB
20220312 013317.631 INFO             PET0 PIOc_sync Enter - MemInfo: [/proc/self/status]	VmLck:	       0 kB
20220312 013317.631 INFO             PET0 PIOc_sync Enter - MemInfo: [/proc/self/status]	VmPin:	   82140 kB
20220312 013317.631 INFO             PET0 PIOc_sync Enter - MemInfo: [/proc/self/status]	VmHWM:	  169596 kB
20220312 013317.631 INFO             PET0 PIOc_sync Enter - MemInfo: [/proc/self/status]	VmRSS:	  169596 kB
20220312 013317.631 INFO             PET0 PIOc_sync Enter - MemInfo: [/proc/self/status]	VmData:	  297568 kB
20220312 013317.631 INFO             PET0 PIOc_sync Enter - MemInfo: [/proc/self/status]	VmStk:	     512 kB
20220312 013317.631 INFO             PET0 PIOc_sync Enter - MemInfo: [/proc/self/status]	VmExe:	    1960 kB
20220312 013317.631 INFO             PET0 PIOc_sync Enter - MemInfo: [/proc/self/status]	VmLib:	  104128 kB
20220312 013317.631 INFO             PET0 PIOc_sync Enter - MemInfo: [/proc/self/status]	VmPTE:	     744 kB
20220312 013317.631 INFO             PET0 PIOc_sync Enter - MemInfo: [/proc/self/status]	VmPMD:	      32 kB
20220312 013317.631 INFO             PET0 PIOc_sync Enter - MemInfo: [/proc/self/status]	VmSwap:	       0 kB
20220312 013317.631 INFO             PET0 PIOc_sync Enter - MemInfo: [/proc/self/status]	VmRSSPercent: 0.129074 %
20220312 013317.631 INFO             PET0 PIOc_sync Enter - MemInfo: [malloc] Non-mmapped space allocated:                13615104 Byte
20220312 013317.631 INFO             PET0 PIOc_sync Enter - MemInfo: [malloc] Space allocated in mmapped regions:         85999616 Byte
20220312 013317.631 INFO             PET0 PIOc_sync Enter - MemInfo: [malloc] Maximum total allocated space:                     0 Byte
20220312 013317.631 INFO             PET0 PIOc_sync Enter - MemInfo: [malloc] Space in freed fastbin blocks:                   144 Byte
20220312 013317.631 INFO             PET0 PIOc_sync Enter - MemInfo: [malloc] Total allocated space:                       6414384 Byte
20220312 013317.631 INFO             PET0 PIOc_sync Enter - MemInfo: [malloc] Total free space:                            7200720 Byte
20220312 013317.631 INFO             PET0 PIOc_sync Enter - MemInfo: [malloc] Top-most, releasable space:                  2492912 Byte
20220312 013317.631 INFO             PET0 PIOc_sync Enter - MemInfo: [malloc] Total space in use, mmap + non-mmap:        92414000 Byte
20220312 013317.631 INFO             PET0 PIOc_sync Enter - MemInfo: [malloc] Total space held (mmap + non-mmap):         99614720 Byte
20220312 013317.631 INFO             PET0 PIOc_sync Enter - MemInfo: [malloc] Total space used (mmap + non-mmap):         92423360 Byte
20220312 013317.631 INFO             PET0 PIOc_sync Enter - MemInfo: Wall-clock time since execution start:               0.250158 seconds
20220312 013317.632 INFO             PET0 PIOc_sync Exit - MemInfo: [/proc/meminfo - SSI]	MemTotal:       131394444 kB
20220312 013317.632 INFO             PET0 PIOc_sync Exit - MemInfo: [/proc/meminfo - SSI]	MemFree:        118727772 kB
20220312 013317.632 INFO             PET0 PIOc_sync Exit - MemInfo: [/proc/meminfo - SSI]	MemAvailable:   118420896 kB
20220312 013317.632 INFO             PET0 PIOc_sync Exit - MemInfo: [/proc/meminfo - SSI]	Committed_AS:    3956140 kB
20220312 013317.632 INFO             PET0 PIOc_sync Exit - MemInfo: [/proc/meminfo - SSI]	CommittedPercent: 3.01089 %
20220312 013317.632 INFO             PET0 PIOc_sync Exit - MemInfo: [/proc/self/status]	VmPeak:	 3828504 kB
20220312 013317.632 INFO             PET0 PIOc_sync Exit - MemInfo: [/proc/self/status]	VmSize:	 3827484 kB
20220312 013317.632 INFO             PET0 PIOc_sync Exit - MemInfo: [/proc/self/status]	VmLck:	       0 kB
20220312 013317.632 INFO             PET0 PIOc_sync Exit - MemInfo: [/proc/self/status]	VmPin:	   82140 kB
20220312 013317.632 INFO             PET0 PIOc_sync Exit - MemInfo: [/proc/self/status]	VmHWM:	  169600 kB
20220312 013317.632 INFO             PET0 PIOc_sync Exit - MemInfo: [/proc/self/status]	VmRSS:	  169600 kB
20220312 013317.632 INFO             PET0 PIOc_sync Exit - MemInfo: [/proc/self/status]	VmData:	  297568 kB
20220312 013317.632 INFO             PET0 PIOc_sync Exit - MemInfo: [/proc/self/status]	VmStk:	     512 kB
20220312 013317.632 INFO             PET0 PIOc_sync Exit - MemInfo: [/proc/self/status]	VmExe:	    1960 kB
20220312 013317.632 INFO             PET0 PIOc_sync Exit - MemInfo: [/proc/self/status]	VmLib:	  104128 kB
20220312 013317.632 INFO             PET0 PIOc_sync Exit - MemInfo: [/proc/self/status]	VmPTE:	     744 kB
20220312 013317.632 INFO             PET0 PIOc_sync Exit - MemInfo: [/proc/self/status]	VmPMD:	      32 kB
20220312 013317.632 INFO             PET0 PIOc_sync Exit - MemInfo: [/proc/self/status]	VmSwap:	       0 kB
20220312 013317.632 INFO             PET0 PIOc_sync Exit - MemInfo: [/proc/self/status]	VmRSSPercent: 0.129077 %
20220312 013317.632 INFO             PET0 PIOc_sync Exit - MemInfo: [malloc] Non-mmapped space allocated:                13615104 Byte
20220312 013317.632 INFO             PET0 PIOc_sync Exit - MemInfo: [malloc] Space allocated in mmapped regions:         85999616 Byte
20220312 013317.632 INFO             PET0 PIOc_sync Exit - MemInfo: [malloc] Maximum total allocated space:                     0 Byte
20220312 013317.632 INFO             PET0 PIOc_sync Exit - MemInfo: [malloc] Space in freed fastbin blocks:                   736 Byte
20220312 013317.632 INFO             PET0 PIOc_sync Exit - MemInfo: [malloc] Total allocated space:                       6413648 Byte
20220312 013317.632 INFO             PET0 PIOc_sync Exit - MemInfo: [malloc] Total free space:                            7201456 Byte
20220312 013317.632 INFO             PET0 PIOc_sync Exit - MemInfo: [malloc] Top-most, releasable space:                  2492912 Byte
20220312 013317.632 INFO             PET0 PIOc_sync Exit - MemInfo: [malloc] Total space in use, mmap + non-mmap:        92413264 Byte
20220312 013317.632 INFO             PET0 PIOc_sync Exit - MemInfo: [malloc] Total space held (mmap + non-mmap):         99614720 Byte
20220312 013317.632 INFO             PET0 PIOc_sync Exit - MemInfo: [malloc] Total space used (mmap + non-mmap):         92422624 Byte
20220312 013317.632 INFO             PET0 PIOc_sync Exit - MemInfo: Wall-clock time since execution start:               0.250932 seconds
20220312 013317.632 INFO             PET0 PIOc_freedecomp Enter - MemInfo: [/proc/meminfo - SSI]	MemTotal:       131394444 kB
20220312 013317.632 INFO             PET0 PIOc_freedecomp Enter - MemInfo: [/proc/meminfo - SSI]	MemFree:        118727772 kB
20220312 013317.632 INFO             PET0 PIOc_freedecomp Enter - MemInfo: [/proc/meminfo - SSI]	MemAvailable:   118420896 kB
20220312 013317.632 INFO             PET0 PIOc_freedecomp Enter - MemInfo: [/proc/meminfo - SSI]	Committed_AS:    3956140 kB
20220312 013317.632 INFO             PET0 PIOc_freedecomp Enter - MemInfo: [/proc/meminfo - SSI]	CommittedPercent: 3.01089 %
20220312 013317.632 INFO             PET0 PIOc_freedecomp Enter - MemInfo: [/proc/self/status]	VmPeak:	 3828504 kB
20220312 013317.632 INFO             PET0 PIOc_freedecomp Enter - MemInfo: [/proc/self/status]	VmSize:	 3827484 kB
20220312 013317.632 INFO             PET0 PIOc_freedecomp Enter - MemInfo: [/proc/self/status]	VmLck:	       0 kB
20220312 013317.632 INFO             PET0 PIOc_freedecomp Enter - MemInfo: [/proc/self/status]	VmPin:	   82140 kB
20220312 013317.632 INFO             PET0 PIOc_freedecomp Enter - MemInfo: [/proc/self/status]	VmHWM:	  169600 kB
20220312 013317.632 INFO             PET0 PIOc_freedecomp Enter - MemInfo: [/proc/self/status]	VmRSS:	  169600 kB
20220312 013317.632 INFO             PET0 PIOc_freedecomp Enter - MemInfo: [/proc/self/status]	VmData:	  297568 kB
20220312 013317.632 INFO             PET0 PIOc_freedecomp Enter - MemInfo: [/proc/self/status]	VmStk:	     512 kB
20220312 013317.632 INFO             PET0 PIOc_freedecomp Enter - MemInfo: [/proc/self/status]	VmExe:	    1960 kB
20220312 013317.632 INFO             PET0 PIOc_freedecomp Enter - MemInfo: [/proc/self/status]	VmLib:	  104128 kB
20220312 013317.632 INFO             PET0 PIOc_freedecomp Enter - MemInfo: [/proc/self/status]	VmPTE:	     744 kB
20220312 013317.632 INFO             PET0 PIOc_freedecomp Enter - MemInfo: [/proc/self/status]	VmPMD:	      32 kB
20220312 013317.632 INFO             PET0 PIOc_freedecomp Enter - MemInfo: [/proc/self/status]	VmSwap:	       0 kB
20220312 013317.632 INFO             PET0 PIOc_freedecomp Enter - MemInfo: [/proc/self/status]	VmRSSPercent: 0.129077 %
20220312 013317.632 INFO             PET0 PIOc_freedecomp Enter - MemInfo: [malloc] Non-mmapped space allocated:                13615104 Byte
20220312 013317.632 INFO             PET0 PIOc_freedecomp Enter - MemInfo: [malloc] Space allocated in mmapped regions:         85999616 Byte
20220312 013317.632 INFO             PET0 PIOc_freedecomp Enter - MemInfo: [malloc] Maximum total allocated space:                     0 Byte
20220312 013317.632 INFO             PET0 PIOc_freedecomp Enter - MemInfo: [malloc] Space in freed fastbin blocks:                   368 Byte
20220312 013317.632 INFO             PET0 PIOc_freedecomp Enter - MemInfo: [malloc] Total allocated space:                       3778144 Byte
20220312 013317.632 INFO             PET0 PIOc_freedecomp Enter - MemInfo: [malloc] Total free space:                            9836960 Byte
20220312 013317.632 INFO             PET0 PIOc_freedecomp Enter - MemInfo: [malloc] Top-most, releasable space:                  2492912 Byte
20220312 013317.632 INFO             PET0 PIOc_freedecomp Enter - MemInfo: [malloc] Total space in use, mmap + non-mmap:        89777760 Byte
20220312 013317.632 INFO             PET0 PIOc_freedecomp Enter - MemInfo: [malloc] Total space held (mmap + non-mmap):         99614720 Byte
20220312 013317.632 INFO             PET0 PIOc_freedecomp Enter - MemInfo: [malloc] Total space used (mmap + non-mmap):         89787120 Byte
20220312 013317.632 INFO             PET0 PIOc_freedecomp Enter - MemInfo: Wall-clock time since execution start:               0.251459 seconds
20220312 013317.632 INFO             PET0 PIOc_freedecomp Exit - MemInfo: [/proc/meminfo - SSI]	MemTotal:       131394444 kB
20220312 013317.632 INFO             PET0 PIOc_freedecomp Exit - MemInfo: [/proc/meminfo - SSI]	MemFree:        118727772 kB
20220312 013317.632 INFO             PET0 PIOc_freedecomp Exit - MemInfo: [/proc/meminfo - SSI]	MemAvailable:   118420896 kB
20220312 013317.632 INFO             PET0 PIOc_freedecomp Exit - MemInfo: [/proc/meminfo - SSI]	Committed_AS:    3956140 kB
20220312 013317.632 INFO             PET0 PIOc_freedecomp Exit - MemInfo: [/proc/meminfo - SSI]	CommittedPercent: 3.01089 %
20220312 013317.633 INFO             PET0 PIOc_freedecomp Exit - MemInfo: [/proc/self/status]	VmPeak:	 3828504 kB
20220312 013317.633 INFO             PET0 PIOc_freedecomp Exit - MemInfo: [/proc/self/status]	VmSize:	 3827484 kB
20220312 013317.633 INFO             PET0 PIOc_freedecomp Exit - MemInfo: [/proc/self/status]	VmLck:	       0 kB
20220312 013317.633 INFO             PET0 PIOc_freedecomp Exit - MemInfo: [/proc/self/status]	VmPin:	   82140 kB
20220312 013317.633 INFO             PET0 PIOc_freedecomp Exit - MemInfo: [/proc/self/status]	VmHWM:	  169600 kB
20220312 013317.633 INFO             PET0 PIOc_freedecomp Exit - MemInfo: [/proc/self/status]	VmRSS:	  169600 kB
20220312 013317.633 INFO             PET0 PIOc_freedecomp Exit - MemInfo: [/proc/self/status]	VmData:	  297568 kB
20220312 013317.633 INFO             PET0 PIOc_freedecomp Exit - MemInfo: [/proc/self/status]	VmStk:	     512 kB
20220312 013317.633 INFO             PET0 PIOc_freedecomp Exit - MemInfo: [/proc/self/status]	VmExe:	    1960 kB
20220312 013317.633 INFO             PET0 PIOc_freedecomp Exit - MemInfo: [/proc/self/status]	VmLib:	  104128 kB
20220312 013317.633 INFO             PET0 PIOc_freedecomp Exit - MemInfo: [/proc/self/status]	VmPTE:	     744 kB
20220312 013317.633 INFO             PET0 PIOc_freedecomp Exit - MemInfo: [/proc/self/status]	VmPMD:	      32 kB
20220312 013317.633 INFO             PET0 PIOc_freedecomp Exit - MemInfo: [/proc/self/status]	VmSwap:	       0 kB
20220312 013317.633 INFO             PET0 PIOc_freedecomp Exit - MemInfo: [/proc/self/status]	VmRSSPercent: 0.129077 %
20220312 013317.633 INFO             PET0 PIOc_freedecomp Exit - MemInfo: [malloc] Non-mmapped space allocated:                13615104 Byte
20220312 013317.633 INFO             PET0 PIOc_freedecomp Exit - MemInfo: [malloc] Space allocated in mmapped regions:         85999616 Byte
20220312 013317.633 INFO             PET0 PIOc_freedecomp Exit - MemInfo: [malloc] Maximum total allocated space:                     0 Byte
20220312 013317.633 INFO             PET0 PIOc_freedecomp Exit - MemInfo: [malloc] Space in freed fastbin blocks:                   352 Byte
20220312 013317.633 INFO             PET0 PIOc_freedecomp Exit - MemInfo: [malloc] Total allocated space:                       3776688 Byte
20220312 013317.633 INFO             PET0 PIOc_freedecomp Exit - MemInfo: [malloc] Total free space:                            9838416 Byte
20220312 013317.633 INFO             PET0 PIOc_freedecomp Exit - MemInfo: [malloc] Top-most, releasable space:                  2492912 Byte
20220312 013317.633 INFO             PET0 PIOc_freedecomp Exit - MemInfo: [malloc] Total space in use, mmap + non-mmap:        89776304 Byte
20220312 013317.633 INFO             PET0 PIOc_freedecomp Exit - MemInfo: [malloc] Total space held (mmap + non-mmap):         99614720 Byte
20220312 013317.633 INFO             PET0 PIOc_freedecomp Exit - MemInfo: [malloc] Total space used (mmap + non-mmap):         89785664 Byte
20220312 013317.633 INFO             PET0 PIOc_freedecomp Exit - MemInfo: Wall-clock time since execution start:               0.251826 seconds
20220312 013317.633 INFO             PET0 PIOc_sync Enter - MemInfo: [/proc/meminfo - SSI]	MemTotal:       131394444 kB
20220312 013317.633 INFO             PET0 PIOc_sync Enter - MemInfo: [/proc/meminfo - SSI]	MemFree:        118727772 kB
20220312 013317.633 INFO             PET0 PIOc_sync Enter - MemInfo: [/proc/meminfo - SSI]	MemAvailable:   118420896 kB
20220312 013317.633 INFO             PET0 PIOc_sync Enter - MemInfo: [/proc/meminfo - SSI]	Committed_AS:    3956140 kB
20220312 013317.634 INFO             PET0 PIOc_sync Enter - MemInfo: [/proc/meminfo - SSI]	CommittedPercent: 3.01089 %
20220312 013317.634 INFO             PET0 PIOc_sync Enter - MemInfo: [/proc/self/status]	VmPeak:	 3828504 kB
20220312 013317.634 INFO             PET0 PIOc_sync Enter - MemInfo: [/proc/self/status]	VmSize:	 3827484 kB
20220312 013317.634 INFO             PET0 PIOc_sync Enter - MemInfo: [/proc/self/status]	VmLck:	       0 kB
20220312 013317.634 INFO             PET0 PIOc_sync Enter - MemInfo: [/proc/self/status]	VmPin:	   82140 kB
20220312 013317.634 INFO             PET0 PIOc_sync Enter - MemInfo: [/proc/self/status]	VmHWM:	  169644 kB
20220312 013317.634 INFO             PET0 PIOc_sync Enter - MemInfo: [/proc/self/status]	VmRSS:	  169644 kB
20220312 013317.634 INFO             PET0 PIOc_sync Enter - MemInfo: [/proc/self/status]	VmData:	  297568 kB
20220312 013317.634 INFO             PET0 PIOc_sync Enter - MemInfo: [/proc/self/status]	VmStk:	     512 kB
20220312 013317.634 INFO             PET0 PIOc_sync Enter - MemInfo: [/proc/self/status]	VmExe:	    1960 kB
20220312 013317.634 INFO             PET0 PIOc_sync Enter - MemInfo: [/proc/self/status]	VmLib:	  104128 kB
20220312 013317.634 INFO             PET0 PIOc_sync Enter - MemInfo: [/proc/self/status]	VmPTE:	     744 kB
20220312 013317.634 INFO             PET0 PIOc_sync Enter - MemInfo: [/proc/self/status]	VmPMD:	      32 kB
20220312 013317.634 INFO             PET0 PIOc_sync Enter - MemInfo: [/proc/self/status]	VmSwap:	       0 kB
20220312 013317.634 INFO             PET0 PIOc_sync Enter - MemInfo: [/proc/self/status]	VmRSSPercent: 0.12911 %
20220312 013317.634 INFO             PET0 PIOc_sync Enter - MemInfo: [malloc] Non-mmapped space allocated:                13615104 Byte
20220312 013317.634 INFO             PET0 PIOc_sync Enter - MemInfo: [malloc] Space allocated in mmapped regions:         85999616 Byte
20220312 013317.634 INFO             PET0 PIOc_sync Enter - MemInfo: [malloc] Maximum total allocated space:                     0 Byte
20220312 013317.634 INFO             PET0 PIOc_sync Enter - MemInfo: [malloc] Space in freed fastbin blocks:                   144 Byte
20220312 013317.634 INFO             PET0 PIOc_sync Enter - MemInfo: [malloc] Total allocated space:                       6415136 Byte
20220312 013317.634 INFO             PET0 PIOc_sync Enter - MemInfo: [malloc] Total free space:                            7199968 Byte
20220312 013317.634 INFO             PET0 PIOc_sync Enter - MemInfo: [malloc] Top-most, releasable space:                  2492912 Byte
20220312 013317.634 INFO             PET0 PIOc_sync Enter - MemInfo: [malloc] Total space in use, mmap + non-mmap:        92414752 Byte
20220312 013317.634 INFO             PET0 PIOc_sync Enter - MemInfo: [malloc] Total space held (mmap + non-mmap):         99614720 Byte
20220312 013317.634 INFO             PET0 PIOc_sync Enter - MemInfo: [malloc] Total space used (mmap + non-mmap):         92424112 Byte
20220312 013317.634 INFO             PET0 PIOc_sync Enter - MemInfo: Wall-clock time since execution start:               0.252857 seconds
20220312 013317.634 INFO             PET0 PIOc_sync Exit - MemInfo: [/proc/meminfo - SSI]	MemTotal:       131394444 kB
20220312 013317.634 INFO             PET0 PIOc_sync Exit - MemInfo: [/proc/meminfo - SSI]	MemFree:        118727772 kB
20220312 013317.634 INFO             PET0 PIOc_sync Exit - MemInfo: [/proc/meminfo - SSI]	MemAvailable:   118420896 kB
20220312 013317.634 INFO             PET0 PIOc_sync Exit - MemInfo: [/proc/meminfo - SSI]	Committed_AS:    3956140 kB
20220312 013317.634 INFO             PET0 PIOc_sync Exit - MemInfo: [/proc/meminfo - SSI]	CommittedPercent: 3.01089 %
20220312 013317.634 INFO             PET0 PIOc_sync Exit - MemInfo: [/proc/self/status]	VmPeak:	 3828504 kB
20220312 013317.634 INFO             PET0 PIOc_sync Exit - MemInfo: [/proc/self/status]	VmSize:	 3827484 kB
20220312 013317.634 INFO             PET0 PIOc_sync Exit - MemInfo: [/proc/self/status]	VmLck:	       0 kB
20220312 013317.634 INFO             PET0 PIOc_sync Exit - MemInfo: [/proc/self/status]	VmPin:	   82140 kB
20220312 013317.634 INFO             PET0 PIOc_sync Exit - MemInfo: [/proc/self/status]	VmHWM:	  169652 kB
20220312 013317.634 INFO             PET0 PIOc_sync Exit - MemInfo: [/proc/self/status]	VmRSS:	  169652 kB
20220312 013317.634 INFO             PET0 PIOc_sync Exit - MemInfo: [/proc/self/status]	VmData:	  297568 kB
20220312 013317.634 INFO             PET0 PIOc_sync Exit - MemInfo: [/proc/self/status]	VmStk:	     512 kB
20220312 013317.634 INFO             PET0 PIOc_sync Exit - MemInfo: [/proc/self/status]	VmExe:	    1960 kB
20220312 013317.634 INFO             PET0 PIOc_sync Exit - MemInfo: [/proc/self/status]	VmLib:	  104128 kB
20220312 013317.634 INFO             PET0 PIOc_sync Exit - MemInfo: [/proc/self/status]	VmPTE:	     744 kB
20220312 013317.634 INFO             PET0 PIOc_sync Exit - MemInfo: [/proc/self/status]	VmPMD:	      32 kB
20220312 013317.634 INFO             PET0 PIOc_sync Exit - MemInfo: [/proc/self/status]	VmSwap:	       0 kB
20220312 013317.634 INFO             PET0 PIOc_sync Exit - MemInfo: [/proc/self/status]	VmRSSPercent: 0.129117 %
20220312 013317.634 INFO             PET0 PIOc_sync Exit - MemInfo: [malloc] Non-mmapped space allocated:                13615104 Byte
20220312 013317.634 INFO             PET0 PIOc_sync Exit - MemInfo: [malloc] Space allocated in mmapped regions:         85999616 Byte
20220312 013317.634 INFO             PET0 PIOc_sync Exit - MemInfo: [malloc] Maximum total allocated space:                     0 Byte
20220312 013317.634 INFO             PET0 PIOc_sync Exit - MemInfo: [malloc] Space in freed fastbin blocks:                   352 Byte
20220312 013317.634 INFO             PET0 PIOc_sync Exit - MemInfo: [malloc] Total allocated space:                       6414416 Byte
20220312 013317.634 INFO             PET0 PIOc_sync Exit - MemInfo: [malloc] Total free space:                            7200688 Byte
20220312 013317.634 INFO             PET0 PIOc_sync Exit - MemInfo: [malloc] Top-most, releasable space:                  2492912 Byte
20220312 013317.634 INFO             PET0 PIOc_sync Exit - MemInfo: [malloc] Total space in use, mmap + non-mmap:        92414032 Byte
20220312 013317.634 INFO             PET0 PIOc_sync Exit - MemInfo: [malloc] Total space held (mmap + non-mmap):         99614720 Byte
20220312 013317.634 INFO             PET0 PIOc_sync Exit - MemInfo: [malloc] Total space used (mmap + non-mmap):         92423392 Byte
20220312 013317.634 INFO             PET0 PIOc_sync Exit - MemInfo: Wall-clock time since execution start:               0.253327 seconds
20220312 013317.634 INFO             PET0 PIOc_freedecomp Enter - MemInfo: [/proc/meminfo - SSI]	MemTotal:       131394444 kB
20220312 013317.634 INFO             PET0 PIOc_freedecomp Enter - MemInfo: [/proc/meminfo - SSI]	MemFree:        118727772 kB
20220312 013317.634 INFO             PET0 PIOc_freedecomp Enter - MemInfo: [/proc/meminfo - SSI]	MemAvailable:   118420896 kB
20220312 013317.634 INFO             PET0 PIOc_freedecomp Enter - MemInfo: [/proc/meminfo - SSI]	Committed_AS:    3956140 kB
20220312 013317.634 INFO             PET0 PIOc_freedecomp Enter - MemInfo: [/proc/meminfo - SSI]	CommittedPercent: 3.01089 %
20220312 013317.634 INFO             PET0 PIOc_freedecomp Enter - MemInfo: [/proc/self/status]	VmPeak:	 3828504 kB
20220312 013317.634 INFO             PET0 PIOc_freedecomp Enter - MemInfo: [/proc/self/status]	VmSize:	 3827484 kB
20220312 013317.634 INFO             PET0 PIOc_freedecomp Enter - MemInfo: [/proc/self/status]	VmLck:	       0 kB
20220312 013317.634 INFO             PET0 PIOc_freedecomp Enter - MemInfo: [/proc/self/status]	VmPin:	   82140 kB
20220312 013317.634 INFO             PET0 PIOc_freedecomp Enter - MemInfo: [/proc/self/status]	VmHWM:	  169652 kB
20220312 013317.634 INFO             PET0 PIOc_freedecomp Enter - MemInfo: [/proc/self/status]	VmRSS:	  169652 kB
20220312 013317.634 INFO             PET0 PIOc_freedecomp Enter - MemInfo: [/proc/self/status]	VmData:	  297568 kB
20220312 013317.634 INFO             PET0 PIOc_freedecomp Enter - MemInfo: [/proc/self/status]	VmStk:	     512 kB
20220312 013317.634 INFO             PET0 PIOc_freedecomp Enter - MemInfo: [/proc/self/status]	VmExe:	    1960 kB
20220312 013317.634 INFO             PET0 PIOc_freedecomp Enter - MemInfo: [/proc/self/status]	VmLib:	  104128 kB
20220312 013317.634 INFO             PET0 PIOc_freedecomp Enter - MemInfo: [/proc/self/status]	VmPTE:	     744 kB
20220312 013317.634 INFO             PET0 PIOc_freedecomp Enter - MemInfo: [/proc/self/status]	VmPMD:	      32 kB
20220312 013317.634 INFO             PET0 PIOc_freedecomp Enter - MemInfo: [/proc/self/status]	VmSwap:	       0 kB
20220312 013317.635 INFO             PET0 PIOc_freedecomp Enter - MemInfo: [/proc/self/status]	VmRSSPercent: 0.129117 %
20220312 013317.635 INFO             PET0 PIOc_freedecomp Enter - MemInfo: [malloc] Non-mmapped space allocated:                13615104 Byte
20220312 013317.635 INFO             PET0 PIOc_freedecomp Enter - MemInfo: [malloc] Space allocated in mmapped regions:         85999616 Byte
20220312 013317.635 INFO             PET0 PIOc_freedecomp Enter - MemInfo: [malloc] Maximum total allocated space:                     0 Byte
20220312 013317.635 INFO             PET0 PIOc_freedecomp Enter - MemInfo: [malloc] Space in freed fastbin blocks:                   368 Byte
20220312 013317.635 INFO             PET0 PIOc_freedecomp Enter - MemInfo: [malloc] Total allocated space:                       3778144 Byte
20220312 013317.635 INFO             PET0 PIOc_freedecomp Enter - MemInfo: [malloc] Total free space:                            9836960 Byte
20220312 013317.635 INFO             PET0 PIOc_freedecomp Enter - MemInfo: [malloc] Top-most, releasable space:                  2492912 Byte
20220312 013317.635 INFO             PET0 PIOc_freedecomp Enter - MemInfo: [malloc] Total space in use, mmap + non-mmap:        89777760 Byte
20220312 013317.635 INFO             PET0 PIOc_freedecomp Enter - MemInfo: [malloc] Total space held (mmap + non-mmap):         99614720 Byte
20220312 013317.635 INFO             PET0 PIOc_freedecomp Enter - MemInfo: [malloc] Total space used (mmap + non-mmap):         89787120 Byte
20220312 013317.635 INFO             PET0 PIOc_freedecomp Enter - MemInfo: Wall-clock time since execution start:               0.253704 seconds
20220312 013317.635 INFO             PET0 PIOc_freedecomp Exit - MemInfo: [/proc/meminfo - SSI]	MemTotal:       131394444 kB
20220312 013317.635 INFO             PET0 PIOc_freedecomp Exit - MemInfo: [/proc/meminfo - SSI]	MemFree:        118727772 kB
20220312 013317.635 INFO             PET0 PIOc_freedecomp Exit - MemInfo: [/proc/meminfo - SSI]	MemAvailable:   118420896 kB
20220312 013317.635 INFO             PET0 PIOc_freedecomp Exit - MemInfo: [/proc/meminfo - SSI]	Committed_AS:    3956140 kB
20220312 013317.635 INFO             PET0 PIOc_freedecomp Exit - MemInfo: [/proc/meminfo - SSI]	CommittedPercent: 3.01089 %
20220312 013317.635 INFO             PET0 PIOc_freedecomp Exit - MemInfo: [/proc/self/status]	VmPeak:	 3828504 kB
20220312 013317.635 INFO             PET0 PIOc_freedecomp Exit - MemInfo: [/proc/self/status]	VmSize:	 3827484 kB
20220312 013317.635 INFO             PET0 PIOc_freedecomp Exit - MemInfo: [/proc/self/status]	VmLck:	       0 kB
20220312 013317.635 INFO             PET0 PIOc_freedecomp Exit - MemInfo: [/proc/self/status]	VmPin:	   82140 kB
20220312 013317.635 INFO             PET0 PIOc_freedecomp Exit - MemInfo: [/proc/self/status]	VmHWM:	  169652 kB
20220312 013317.635 INFO             PET0 PIOc_freedecomp Exit - MemInfo: [/proc/self/status]	VmRSS:	  169652 kB
20220312 013317.635 INFO             PET0 PIOc_freedecomp Exit - MemInfo: [/proc/self/status]	VmData:	  297568 kB
20220312 013317.635 INFO             PET0 PIOc_freedecomp Exit - MemInfo: [/proc/self/status]	VmStk:	     512 kB
20220312 013317.635 INFO             PET0 PIOc_freedecomp Exit - MemInfo: [/proc/self/status]	VmExe:	    1960 kB
20220312 013317.635 INFO             PET0 PIOc_freedecomp Exit - MemInfo: [/proc/self/status]	VmLib:	  104128 kB
20220312 013317.635 INFO             PET0 PIOc_freedecomp Exit - MemInfo: [/proc/self/status]	VmPTE:	     744 kB
20220312 013317.635 INFO             PET0 PIOc_freedecomp Exit - MemInfo: [/proc/self/status]	VmPMD:	      32 kB
20220312 013317.635 INFO             PET0 PIOc_freedecomp Exit - MemInfo: [/proc/self/status]	VmSwap:	       0 kB
20220312 013317.635 INFO             PET0 PIOc_freedecomp Exit - MemInfo: [/proc/self/status]	VmRSSPercent: 0.129117 %
20220312 013317.635 INFO             PET0 PIOc_freedecomp Exit - MemInfo: [malloc] Non-mmapped space allocated:                13615104 Byte
20220312 013317.635 INFO             PET0 PIOc_freedecomp Exit - MemInfo: [malloc] Space allocated in mmapped regions:         85999616 Byte
20220312 013317.635 INFO             PET0 PIOc_freedecomp Exit - MemInfo: [malloc] Maximum total allocated space:                     0 Byte
20220312 013317.635 INFO             PET0 PIOc_freedecomp Exit - MemInfo: [malloc] Space in freed fastbin blocks:                   352 Byte
20220312 013317.635 INFO             PET0 PIOc_freedecomp Exit - MemInfo: [malloc] Total allocated space:                       3776688 Byte
20220312 013317.635 INFO             PET0 PIOc_freedecomp Exit - MemInfo: [malloc] Total free space:                            9838416 Byte
20220312 013317.635 INFO             PET0 PIOc_freedecomp Exit - MemInfo: [malloc] Top-most, releasable space:                  2492912 Byte
20220312 013317.635 INFO             PET0 PIOc_freedecomp Exit - MemInfo: [malloc] Total space in use, mmap + non-mmap:        89776304 Byte
20220312 013317.635 INFO             PET0 PIOc_freedecomp Exit - MemInfo: [malloc] Total space held (mmap + non-mmap):         99614720 Byte
20220312 013317.635 INFO             PET0 PIOc_freedecomp Exit - MemInfo: [malloc] Total space used (mmap + non-mmap):         89785664 Byte
20220312 013317.635 INFO             PET0 PIOc_freedecomp Exit - MemInfo: Wall-clock time since execution start:               0.254052 seconds
20220312 013317.636 INFO             PET0 PIOc_sync Enter - MemInfo: [/proc/meminfo - SSI]	MemTotal:       131394444 kB
20220312 013317.636 INFO             PET0 PIOc_sync Enter - MemInfo: [/proc/meminfo - SSI]	MemFree:        118727772 kB
20220312 013317.636 INFO             PET0 PIOc_sync Enter - MemInfo: [/proc/meminfo - SSI]	MemAvailable:   118420896 kB
20220312 013317.636 INFO             PET0 PIOc_sync Enter - MemInfo: [/proc/meminfo - SSI]	Committed_AS:    3956140 kB
20220312 013317.636 INFO             PET0 PIOc_sync Enter - MemInfo: [/proc/meminfo - SSI]	CommittedPercent: 3.01089 %
20220312 013317.636 INFO             PET0 PIOc_sync Enter - MemInfo: [/proc/self/status]	VmPeak:	 3828504 kB
20220312 013317.636 INFO             PET0 PIOc_sync Enter - MemInfo: [/proc/self/status]	VmSize:	 3827484 kB
20220312 013317.636 INFO             PET0 PIOc_sync Enter - MemInfo: [/proc/self/status]	VmLck:	       0 kB
20220312 013317.636 INFO             PET0 PIOc_sync Enter - MemInfo: [/proc/self/status]	VmPin:	   82140 kB
20220312 013317.636 INFO             PET0 PIOc_sync Enter - MemInfo: [/proc/self/status]	VmHWM:	  169708 kB
20220312 013317.636 INFO             PET0 PIOc_sync Enter - MemInfo: [/proc/self/status]	VmRSS:	  169708 kB
20220312 013317.636 INFO             PET0 PIOc_sync Enter - MemInfo: [/proc/self/status]	VmData:	  297568 kB
20220312 013317.636 INFO             PET0 PIOc_sync Enter - MemInfo: [/proc/self/status]	VmStk:	     512 kB
20220312 013317.636 INFO             PET0 PIOc_sync Enter - MemInfo: [/proc/self/status]	VmExe:	    1960 kB
20220312 013317.636 INFO             PET0 PIOc_sync Enter - MemInfo: [/proc/self/status]	VmLib:	  104128 kB
20220312 013317.636 INFO             PET0 PIOc_sync Enter - MemInfo: [/proc/self/status]	VmPTE:	     744 kB
20220312 013317.636 INFO             PET0 PIOc_sync Enter - MemInfo: [/proc/self/status]	VmPMD:	      32 kB
20220312 013317.636 INFO             PET0 PIOc_sync Enter - MemInfo: [/proc/self/status]	VmSwap:	       0 kB
20220312 013317.636 INFO             PET0 PIOc_sync Enter - MemInfo: [/proc/self/status]	VmRSSPercent: 0.129159 %
20220312 013317.636 INFO             PET0 PIOc_sync Enter - MemInfo: [malloc] Non-mmapped space allocated:                13615104 Byte
20220312 013317.636 INFO             PET0 PIOc_sync Enter - MemInfo: [malloc] Space allocated in mmapped regions:         85999616 Byte
20220312 013317.636 INFO             PET0 PIOc_sync Enter - MemInfo: [malloc] Maximum total allocated space:                     0 Byte
20220312 013317.636 INFO             PET0 PIOc_sync Enter - MemInfo: [malloc] Space in freed fastbin blocks:                   144 Byte
20220312 013317.636 INFO             PET0 PIOc_sync Enter - MemInfo: [malloc] Total allocated space:                       6415856 Byte
20220312 013317.636 INFO             PET0 PIOc_sync Enter - MemInfo: [malloc] Total free space:                            7199248 Byte
20220312 013317.636 INFO             PET0 PIOc_sync Enter - MemInfo: [malloc] Top-most, releasable space:                  2492912 Byte
20220312 013317.636 INFO             PET0 PIOc_sync Enter - MemInfo: [malloc] Total space in use, mmap + non-mmap:        92415472 Byte
20220312 013317.636 INFO             PET0 PIOc_sync Enter - MemInfo: [malloc] Total space held (mmap + non-mmap):         99614720 Byte
20220312 013317.636 INFO             PET0 PIOc_sync Enter - MemInfo: [malloc] Total space used (mmap + non-mmap):         92424832 Byte
20220312 013317.636 INFO             PET0 PIOc_sync Enter - MemInfo: Wall-clock time since execution start:               0.255046 seconds
20220312 013317.636 INFO             PET0 PIOc_sync Exit - MemInfo: [/proc/meminfo - SSI]	MemTotal:       131394444 kB
20220312 013317.636 INFO             PET0 PIOc_sync Exit - MemInfo: [/proc/meminfo - SSI]	MemFree:        118727772 kB
20220312 013317.636 INFO             PET0 PIOc_sync Exit - MemInfo: [/proc/meminfo - SSI]	MemAvailable:   118420896 kB
20220312 013317.636 INFO             PET0 PIOc_sync Exit - MemInfo: [/proc/meminfo - SSI]	Committed_AS:    3956140 kB
20220312 013317.636 INFO             PET0 PIOc_sync Exit - MemInfo: [/proc/meminfo - SSI]	CommittedPercent: 3.01089 %
20220312 013317.636 INFO             PET0 PIOc_sync Exit - MemInfo: [/proc/self/status]	VmPeak:	 3828504 kB
20220312 013317.636 INFO             PET0 PIOc_sync Exit - MemInfo: [/proc/self/status]	VmSize:	 3827484 kB
20220312 013317.636 INFO             PET0 PIOc_sync Exit - MemInfo: [/proc/self/status]	VmLck:	       0 kB
20220312 013317.636 INFO             PET0 PIOc_sync Exit - MemInfo: [/proc/self/status]	VmPin:	   82140 kB
20220312 013317.636 INFO             PET0 PIOc_sync Exit - MemInfo: [/proc/self/status]	VmHWM:	  169716 kB
20220312 013317.636 INFO             PET0 PIOc_sync Exit - MemInfo: [/proc/self/status]	VmRSS:	  169716 kB
20220312 013317.636 INFO             PET0 PIOc_sync Exit - MemInfo: [/proc/self/status]	VmData:	  297568 kB
20220312 013317.636 INFO             PET0 PIOc_sync Exit - MemInfo: [/proc/self/status]	VmStk:	     512 kB
20220312 013317.636 INFO             PET0 PIOc_sync Exit - MemInfo: [/proc/self/status]	VmExe:	    1960 kB
20220312 013317.636 INFO             PET0 PIOc_sync Exit - MemInfo: [/proc/self/status]	VmLib:	  104128 kB
20220312 013317.636 INFO             PET0 PIOc_sync Exit - MemInfo: [/proc/self/status]	VmPTE:	     744 kB
20220312 013317.636 INFO             PET0 PIOc_sync Exit - MemInfo: [/proc/self/status]	VmPMD:	      32 kB
20220312 013317.636 INFO             PET0 PIOc_sync Exit - MemInfo: [/proc/self/status]	VmSwap:	       0 kB
20220312 013317.636 INFO             PET0 PIOc_sync Exit - MemInfo: [/proc/self/status]	VmRSSPercent: 0.129165 %
20220312 013317.636 INFO             PET0 PIOc_sync Exit - MemInfo: [malloc] Non-mmapped space allocated:                13615104 Byte
20220312 013317.636 INFO             PET0 PIOc_sync Exit - MemInfo: [malloc] Space allocated in mmapped regions:         85999616 Byte
20220312 013317.636 INFO             PET0 PIOc_sync Exit - MemInfo: [malloc] Maximum total allocated space:                     0 Byte
20220312 013317.636 INFO             PET0 PIOc_sync Exit - MemInfo: [malloc] Space in freed fastbin blocks:                   352 Byte
20220312 013317.636 INFO             PET0 PIOc_sync Exit - MemInfo: [malloc] Total allocated space:                       6415136 Byte
20220312 013317.636 INFO             PET0 PIOc_sync Exit - MemInfo: [malloc] Total free space:                            7199968 Byte
20220312 013317.636 INFO             PET0 PIOc_sync Exit - MemInfo: [malloc] Top-most, releasable space:                  2492912 Byte
20220312 013317.636 INFO             PET0 PIOc_sync Exit - MemInfo: [malloc] Total space in use, mmap + non-mmap:        92414752 Byte
20220312 013317.636 INFO             PET0 PIOc_sync Exit - MemInfo: [malloc] Total space held (mmap + non-mmap):         99614720 Byte
20220312 013317.636 INFO             PET0 PIOc_sync Exit - MemInfo: [malloc] Total space used (mmap + non-mmap):         92424112 Byte
20220312 013317.636 INFO             PET0 PIOc_sync Exit - MemInfo: Wall-clock time since execution start:               0.255564 seconds
20220312 013317.637 INFO             PET0 PIOc_freedecomp Enter - MemInfo: [/proc/meminfo - SSI]	MemTotal:       131394444 kB
20220312 013317.637 INFO             PET0 PIOc_freedecomp Enter - MemInfo: [/proc/meminfo - SSI]	MemFree:        118727772 kB
20220312 013317.637 INFO             PET0 PIOc_freedecomp Enter - MemInfo: [/proc/meminfo - SSI]	MemAvailable:   118420896 kB
20220312 013317.637 INFO             PET0 PIOc_freedecomp Enter - MemInfo: [/proc/meminfo - SSI]	Committed_AS:    3956140 kB
20220312 013317.637 INFO             PET0 PIOc_freedecomp Enter - MemInfo: [/proc/meminfo - SSI]	CommittedPercent: 3.01089 %
20220312 013317.637 INFO             PET0 PIOc_freedecomp Enter - MemInfo: [/proc/self/status]	VmPeak:	 3828504 kB
20220312 013317.637 INFO             PET0 PIOc_freedecomp Enter - MemInfo: [/proc/self/status]	VmSize:	 3827484 kB
20220312 013317.637 INFO             PET0 PIOc_freedecomp Enter - MemInfo: [/proc/self/status]	VmLck:	       0 kB
20220312 013317.637 INFO             PET0 PIOc_freedecomp Enter - MemInfo: [/proc/self/status]	VmPin:	   82140 kB
20220312 013317.637 INFO             PET0 PIOc_freedecomp Enter - MemInfo: [/proc/self/status]	VmHWM:	  169716 kB
20220312 013317.637 INFO             PET0 PIOc_freedecomp Enter - MemInfo: [/proc/self/status]	VmRSS:	  169716 kB
20220312 013317.637 INFO             PET0 PIOc_freedecomp Enter - MemInfo: [/proc/self/status]	VmData:	  297568 kB
20220312 013317.637 INFO             PET0 PIOc_freedecomp Enter - MemInfo: [/proc/self/status]	VmStk:	     512 kB
20220312 013317.637 INFO             PET0 PIOc_freedecomp Enter - MemInfo: [/proc/self/status]	VmExe:	    1960 kB
20220312 013317.637 INFO             PET0 PIOc_freedecomp Enter - MemInfo: [/proc/self/status]	VmLib:	  104128 kB
20220312 013317.637 INFO             PET0 PIOc_freedecomp Enter - MemInfo: [/proc/self/status]	VmPTE:	     744 kB
20220312 013317.637 INFO             PET0 PIOc_freedecomp Enter - MemInfo: [/proc/self/status]	VmPMD:	      32 kB
20220312 013317.637 INFO             PET0 PIOc_freedecomp Enter - MemInfo: [/proc/self/status]	VmSwap:	       0 kB
20220312 013317.637 INFO             PET0 PIOc_freedecomp Enter - MemInfo: [/proc/self/status]	VmRSSPercent: 0.129165 %
20220312 013317.637 INFO             PET0 PIOc_freedecomp Enter - MemInfo: [malloc] Non-mmapped space allocated:                13615104 Byte
20220312 013317.637 INFO             PET0 PIOc_freedecomp Enter - MemInfo: [malloc] Space allocated in mmapped regions:         85999616 Byte
20220312 013317.637 INFO             PET0 PIOc_freedecomp Enter - MemInfo: [malloc] Maximum total allocated space:                     0 Byte
20220312 013317.637 INFO             PET0 PIOc_freedecomp Enter - MemInfo: [malloc] Space in freed fastbin blocks:                   368 Byte
20220312 013317.637 INFO             PET0 PIOc_freedecomp Enter - MemInfo: [malloc] Total allocated space:                       3778144 Byte
20220312 013317.637 INFO             PET0 PIOc_freedecomp Enter - MemInfo: [malloc] Total free space:                            9836960 Byte
20220312 013317.637 INFO             PET0 PIOc_freedecomp Enter - MemInfo: [malloc] Top-most, releasable space:                  2492912 Byte
20220312 013317.637 INFO             PET0 PIOc_freedecomp Enter - MemInfo: [malloc] Total space in use, mmap + non-mmap:        89777760 Byte
20220312 013317.637 INFO             PET0 PIOc_freedecomp Enter - MemInfo: [malloc] Total space held (mmap + non-mmap):         99614720 Byte
20220312 013317.637 INFO             PET0 PIOc_freedecomp Enter - MemInfo: [malloc] Total space used (mmap + non-mmap):         89787120 Byte
20220312 013317.637 INFO             PET0 PIOc_freedecomp Enter - MemInfo: Wall-clock time since execution start:                0.25593 seconds
20220312 013317.637 INFO             PET0 PIOc_freedecomp Exit - MemInfo: [/proc/meminfo - SSI]	MemTotal:       131394444 kB
20220312 013317.637 INFO             PET0 PIOc_freedecomp Exit - MemInfo: [/proc/meminfo - SSI]	MemFree:        118727772 kB
20220312 013317.637 INFO             PET0 PIOc_freedecomp Exit - MemInfo: [/proc/meminfo - SSI]	MemAvailable:   118420896 kB
20220312 013317.637 INFO             PET0 PIOc_freedecomp Exit - MemInfo: [/proc/meminfo - SSI]	Committed_AS:    3956140 kB
20220312 013317.637 INFO             PET0 PIOc_freedecomp Exit - MemInfo: [/proc/meminfo - SSI]	CommittedPercent: 3.01089 %
20220312 013317.637 INFO             PET0 PIOc_freedecomp Exit - MemInfo: [/proc/self/status]	VmPeak:	 3828504 kB
20220312 013317.637 INFO             PET0 PIOc_freedecomp Exit - MemInfo: [/proc/self/status]	VmSize:	 3827484 kB
20220312 013317.637 INFO             PET0 PIOc_freedecomp Exit - MemInfo: [/proc/self/status]	VmLck:	       0 kB
20220312 013317.637 INFO             PET0 PIOc_freedecomp Exit - MemInfo: [/proc/self/status]	VmPin:	   82140 kB
20220312 013317.637 INFO             PET0 PIOc_freedecomp Exit - MemInfo: [/proc/self/status]	VmHWM:	  169716 kB
20220312 013317.637 INFO             PET0 PIOc_freedecomp Exit - MemInfo: [/proc/self/status]	VmRSS:	  169716 kB
20220312 013317.637 INFO             PET0 PIOc_freedecomp Exit - MemInfo: [/proc/self/status]	VmData:	  297568 kB
20220312 013317.637 INFO             PET0 PIOc_freedecomp Exit - MemInfo: [/proc/self/status]	VmStk:	     512 kB
20220312 013317.637 INFO             PET0 PIOc_freedecomp Exit - MemInfo: [/proc/self/status]	VmExe:	    1960 kB
20220312 013317.637 INFO             PET0 PIOc_freedecomp Exit - MemInfo: [/proc/self/status]	VmLib:	  104128 kB
20220312 013317.637 INFO             PET0 PIOc_freedecomp Exit - MemInfo: [/proc/self/status]	VmPTE:	     744 kB
20220312 013317.637 INFO             PET0 PIOc_freedecomp Exit - MemInfo: [/proc/self/status]	VmPMD:	      32 kB
20220312 013317.637 INFO             PET0 PIOc_freedecomp Exit - MemInfo: [/proc/self/status]	VmSwap:	       0 kB
20220312 013317.637 INFO             PET0 PIOc_freedecomp Exit - MemInfo: [/proc/self/status]	VmRSSPercent: 0.129165 %
20220312 013317.637 INFO             PET0 PIOc_freedecomp Exit - MemInfo: [malloc] Non-mmapped space allocated:                13615104 Byte
20220312 013317.637 INFO             PET0 PIOc_freedecomp Exit - MemInfo: [malloc] Space allocated in mmapped regions:         85999616 Byte
20220312 013317.637 INFO             PET0 PIOc_freedecomp Exit - MemInfo: [malloc] Maximum total allocated space:                     0 Byte
20220312 013317.637 INFO             PET0 PIOc_freedecomp Exit - MemInfo: [malloc] Space in freed fastbin blocks:                   848 Byte
20220312 013317.637 INFO             PET0 PIOc_freedecomp Exit - MemInfo: [malloc] Total allocated space:                       3776688 Byte
20220312 013317.637 INFO             PET0 PIOc_freedecomp Exit - MemInfo: [malloc] Total free space:                            9838416 Byte
20220312 013317.637 INFO             PET0 PIOc_freedecomp Exit - MemInfo: [malloc] Top-most, releasable space:                  2492912 Byte
20220312 013317.637 INFO             PET0 PIOc_freedecomp Exit - MemInfo: [malloc] Total space in use, mmap + non-mmap:        89776304 Byte
20220312 013317.637 INFO             PET0 PIOc_freedecomp Exit - MemInfo: [malloc] Total space held (mmap + non-mmap):         99614720 Byte
20220312 013317.637 INFO             PET0 PIOc_freedecomp Exit - MemInfo: [malloc] Total space used (mmap + non-mmap):         89785664 Byte
20220312 013317.637 INFO             PET0 PIOc_freedecomp Exit - MemInfo: Wall-clock time since execution start:               0.256275 seconds
20220312 013317.639 INFO             PET0  PASS  Test RouteHandleDestroy(), ESMF_RouteHandleAdvancedUTest.F90, line 633
20220312 013317.639 INFO             PET0  PASS  Apply the copied Routehandle, ESMF_RouteHandleAdvancedUTest.F90, line 643
20220312 013317.639 INFO             PET0  PASS  Test RouteHandleDestroy() for the copied Routehandle, ESMF_RouteHandleAdvancedUTest.F90, line 651
20220312 013317.639 INFO             PET0  PASS  Test ESMF_DynamicMaskSetR4R4R4(), ESMF_RouteHandleAdvancedUTest.F90, line 716
20220312 013317.639 INFO             PET0  PASS  Test ESMF_DynamicMaskSetR4R4R4V(), ESMF_RouteHandleAdvancedUTest.F90, line 725
20220312 013317.639 INFO             PET0  PASS  Test ESMF_DynamicMaskSetR4R8R4V(), ESMF_RouteHandleAdvancedUTest.F90, line 734
20220312 013317.639 INFO             PET0  Ending Test, file ESMF_RouteHandleAdvancedUTest.F90, line 749
20220312 013317.639 INFO             PET0 Finalizing ESMF
20220312 013317.389 INFO             PET1 !!!!!!!!!!!!!!!!!!!!!!!!!!!!!!!!!!!!!!!!!!!!!!!!!!!!!!
20220312 013317.389 INFO             PET1 !!! THE ESMF_LOG IS SET TO OUTPUT ALL LOG MESSAGES !!!
20220312 013317.389 INFO             PET1 !!!     THIS MAY CAUSE SLOWDOWN IN PERFORMANCE     !!!
20220312 013317.389 INFO             PET1 !!! FOR PRODUCTION RUNS, USE:                      !!!
20220312 013317.389 INFO             PET1 !!!                   ESMF_LOGKIND_Multi_On_Error  !!!
20220312 013317.389 INFO             PET1 !!!!!!!!!!!!!!!!!!!!!!!!!!!!!!!!!!!!!!!!!!!!!!!!!!!!!!
20220312 013317.389 INFO             PET1 Running with ESMF Version   : v8.3.0b09-96-g559b459836
20220312 013317.389 INFO             PET1 ESMF library build date/time: "Mar 12 2022" "01:13:12"
20220312 013317.389 INFO             PET1 ESMF library build location : /gpfsm/dnb04/projects/p98/mpotts/esmf/intel_2020_intelmpi_O_jedwards_pio_update2
20220312 013317.389 INFO             PET1 ESMF_COMM                   : intelmpi
20220312 013317.390 INFO             PET1 ESMF_MOAB                   : enabled
20220312 013317.390 INFO             PET1 ESMF_LAPACK                 : enabled
20220312 013317.390 INFO             PET1 ESMF_NETCDF                 : enabled
20220312 013317.390 INFO             PET1 ESMF_PNETCDF                : disabled
20220312 013317.390 INFO             PET1 ESMF_PIO                    : enabled
20220312 013317.390 INFO             PET1 ESMF_YAMLCPP                : enabled
20220312 013317.390 INFO             PET1  Beginning Test, file ESMF_RouteHandleAdvancedUTest.F90, line 346
20220312 013317.390 INFO             PET1  NUMBER_OF_PROCESSORS           4
20220312 013317.397 INFO             PET1 ESMF_FieldRedistStoreNF(): Just entered routine.
20220312 013317.486 INFO             PET1 ESMF_FieldRedistStoreNF(): Leaving routine.
20220312 013317.486 INFO             PET1  PASS  Create RouteHandle for the original petList, ESMF_RouteHandleAdvancedUTest.F90, line 511
20220312 013317.486 INFO             PET1  PASS  Test RouteHandleIsCreated(), ESMF_RouteHandleAdvancedUTest.F90, line 519
20220312 013317.486 INFO             PET1  PASS  Test RouteHandleIsCreated() return value, ESMF_RouteHandleAdvancedUTest.F90, line 526
20220312 013317.486 INFO             PET1  PASS  Test RouteHandleGet(), ESMF_RouteHandleAdvancedUTest.F90, line 534
20220312 013317.497 INFO             PET1  PASS  Test RouteHandleWrite(), ESMF_RouteHandleAdvancedUTest.F90, line 542
20220312 013317.497 INFO             PET1  PASS  Test RouteHandleDestroy(), ESMF_RouteHandleAdvancedUTest.F90, line 550
20220312 013317.500 INFO             PET1  PASS  Test RouteHandleCreate(from file), ESMF_RouteHandleAdvancedUTest.F90, line 558
20220312 013317.500 INFO             PET1  PASS  Apply the read in Routehandle, ESMF_RouteHandleAdvancedUTest.F90, line 567
20220312 013317.500 INFO             PET1  PASS  Test RouteHandleDestroy() for the read in Routehandle, ESMF_RouteHandleAdvancedUTest.F90, line 575
20220312 013317.500 INFO             PET1 ESMF_FieldRedistStoreNF(): Just entered routine.
20220312 013317.586 INFO             PET1 ESMF_FieldRedistStoreNF(): Leaving routine.
20220312 013317.587 INFO             PET1  PASS  Create RouteHandle for the original petList, ESMF_RouteHandleAdvancedUTest.F90, line 585
20220312 013317.587 INFO             PET1  PASS  Transfer RouteHandle to a different petList, ESMF_RouteHandleAdvancedUTest.F90, line 602
20220312 013317.627 INFO             PET1 PIOc_sync Enter - MemInfo: [/proc/meminfo - SSI]	MemTotal:       131394444 kB
20220312 013317.627 INFO             PET1 PIOc_sync Enter - MemInfo: [/proc/meminfo - SSI]	MemFree:        118728268 kB
20220312 013317.627 INFO             PET1 PIOc_sync Enter - MemInfo: [/proc/meminfo - SSI]	MemAvailable:   118420920 kB
20220312 013317.627 INFO             PET1 PIOc_sync Enter - MemInfo: [/proc/meminfo - SSI]	Committed_AS:    3956140 kB
20220312 013317.627 INFO             PET1 PIOc_sync Enter - MemInfo: [/proc/meminfo - SSI]	CommittedPercent: 3.01089 %
20220312 013317.627 INFO             PET1 PIOc_sync Enter - MemInfo: [/proc/self/status]	VmPeak:	 3827476 kB
20220312 013317.627 INFO             PET1 PIOc_sync Enter - MemInfo: [/proc/self/status]	VmSize:	 3827476 kB
20220312 013317.627 INFO             PET1 PIOc_sync Enter - MemInfo: [/proc/self/status]	VmLck:	       0 kB
20220312 013317.627 INFO             PET1 PIOc_sync Enter - MemInfo: [/proc/self/status]	VmPin:	   82140 kB
20220312 013317.627 INFO             PET1 PIOc_sync Enter - MemInfo: [/proc/self/status]	VmHWM:	  166960 kB
20220312 013317.627 INFO             PET1 PIOc_sync Enter - MemInfo: [/proc/self/status]	VmRSS:	  166960 kB
20220312 013317.627 INFO             PET1 PIOc_sync Enter - MemInfo: [/proc/self/status]	VmData:	  297560 kB
20220312 013317.627 INFO             PET1 PIOc_sync Enter - MemInfo: [/proc/self/status]	VmStk:	     512 kB
20220312 013317.627 INFO             PET1 PIOc_sync Enter - MemInfo: [/proc/self/status]	VmExe:	    1960 kB
20220312 013317.627 INFO             PET1 PIOc_sync Enter - MemInfo: [/proc/self/status]	VmLib:	  104128 kB
20220312 013317.627 INFO             PET1 PIOc_sync Enter - MemInfo: [/proc/self/status]	VmPTE:	     720 kB
20220312 013317.627 INFO             PET1 PIOc_sync Enter - MemInfo: [/proc/self/status]	VmPMD:	      28 kB
20220312 013317.627 INFO             PET1 PIOc_sync Enter - MemInfo: [/proc/self/status]	VmSwap:	       0 kB
20220312 013317.627 INFO             PET1 PIOc_sync Enter - MemInfo: [/proc/self/status]	VmRSSPercent: 0.127068 %
20220312 013317.628 INFO             PET1 PIOc_sync Enter - MemInfo: [malloc] Non-mmapped space allocated:                13606912 Byte
20220312 013317.628 INFO             PET1 PIOc_sync Enter - MemInfo: [malloc] Space allocated in mmapped regions:         85999616 Byte
20220312 013317.628 INFO             PET1 PIOc_sync Enter - MemInfo: [malloc] Maximum total allocated space:                     0 Byte
20220312 013317.628 INFO             PET1 PIOc_sync Enter - MemInfo: [malloc] Space in freed fastbin blocks:                   512 Byte
20220312 013317.628 INFO             PET1 PIOc_sync Enter - MemInfo: [malloc] Total allocated space:                       3327360 Byte
20220312 013317.628 INFO             PET1 PIOc_sync Enter - MemInfo: [malloc] Total free space:                           10279552 Byte
20220312 013317.628 INFO             PET1 PIOc_sync Enter - MemInfo: [malloc] Top-most, releasable space:                  2492704 Byte
20220312 013317.628 INFO             PET1 PIOc_sync Enter - MemInfo: [malloc] Total space in use, mmap + non-mmap:        89326976 Byte
20220312 013317.628 INFO             PET1 PIOc_sync Enter - MemInfo: [malloc] Total space held (mmap + non-mmap):         99606528 Byte
20220312 013317.628 INFO             PET1 PIOc_sync Enter - MemInfo: [malloc] Total space used (mmap + non-mmap):         89336336 Byte
20220312 013317.628 INFO             PET1 PIOc_sync Enter - MemInfo: Wall-clock time since execution start:               0.247532 seconds
20220312 013317.629 INFO             PET1 PIOc_sync Exit - MemInfo: [/proc/meminfo - SSI]	MemTotal:       131394444 kB
20220312 013317.629 INFO             PET1 PIOc_sync Exit - MemInfo: [/proc/meminfo - SSI]	MemFree:        118727772 kB
20220312 013317.629 INFO             PET1 PIOc_sync Exit - MemInfo: [/proc/meminfo - SSI]	MemAvailable:   118420896 kB
20220312 013317.629 INFO             PET1 PIOc_sync Exit - MemInfo: [/proc/meminfo - SSI]	Committed_AS:    3956140 kB
20220312 013317.629 INFO             PET1 PIOc_sync Exit - MemInfo: [/proc/meminfo - SSI]	CommittedPercent: 3.01089 %
20220312 013317.629 INFO             PET1 PIOc_sync Exit - MemInfo: [/proc/self/status]	VmPeak:	 3827476 kB
20220312 013317.629 INFO             PET1 PIOc_sync Exit - MemInfo: [/proc/self/status]	VmSize:	 3827476 kB
20220312 013317.629 INFO             PET1 PIOc_sync Exit - MemInfo: [/proc/self/status]	VmLck:	       0 kB
20220312 013317.629 INFO             PET1 PIOc_sync Exit - MemInfo: [/proc/self/status]	VmPin:	   82140 kB
20220312 013317.629 INFO             PET1 PIOc_sync Exit - MemInfo: [/proc/self/status]	VmHWM:	  167024 kB
20220312 013317.629 INFO             PET1 PIOc_sync Exit - MemInfo: [/proc/self/status]	VmRSS:	  167024 kB
20220312 013317.629 INFO             PET1 PIOc_sync Exit - MemInfo: [/proc/self/status]	VmData:	  297560 kB
20220312 013317.629 INFO             PET1 PIOc_sync Exit - MemInfo: [/proc/self/status]	VmStk:	     512 kB
20220312 013317.629 INFO             PET1 PIOc_sync Exit - MemInfo: [/proc/self/status]	VmExe:	    1960 kB
20220312 013317.629 INFO             PET1 PIOc_sync Exit - MemInfo: [/proc/self/status]	VmLib:	  104128 kB
20220312 013317.629 INFO             PET1 PIOc_sync Exit - MemInfo: [/proc/self/status]	VmPTE:	     720 kB
20220312 013317.629 INFO             PET1 PIOc_sync Exit - MemInfo: [/proc/self/status]	VmPMD:	      28 kB
20220312 013317.629 INFO             PET1 PIOc_sync Exit - MemInfo: [/proc/self/status]	VmSwap:	       0 kB
20220312 013317.629 INFO             PET1 PIOc_sync Exit - MemInfo: [/proc/self/status]	VmRSSPercent: 0.127116 %
20220312 013317.629 INFO             PET1 PIOc_sync Exit - MemInfo: [malloc] Non-mmapped space allocated:                13606912 Byte
20220312 013317.629 INFO             PET1 PIOc_sync Exit - MemInfo: [malloc] Space allocated in mmapped regions:         85999616 Byte
20220312 013317.629 INFO             PET1 PIOc_sync Exit - MemInfo: [malloc] Maximum total allocated space:                     0 Byte
20220312 013317.629 INFO             PET1 PIOc_sync Exit - MemInfo: [malloc] Space in freed fastbin blocks:                   144 Byte
20220312 013317.629 INFO             PET1 PIOc_sync Exit - MemInfo: [malloc] Total allocated space:                       3326592 Byte
20220312 013317.629 INFO             PET1 PIOc_sync Exit - MemInfo: [malloc] Total free space:                           10280320 Byte
20220312 013317.629 INFO             PET1 PIOc_sync Exit - MemInfo: [malloc] Top-most, releasable space:                  2492704 Byte
20220312 013317.629 INFO             PET1 PIOc_sync Exit - MemInfo: [malloc] Total space in use, mmap + non-mmap:        89326208 Byte
20220312 013317.629 INFO             PET1 PIOc_sync Exit - MemInfo: [malloc] Total space held (mmap + non-mmap):         99606528 Byte
20220312 013317.629 INFO             PET1 PIOc_sync Exit - MemInfo: [malloc] Total space used (mmap + non-mmap):         89335568 Byte
20220312 013317.629 INFO             PET1 PIOc_sync Exit - MemInfo: Wall-clock time since execution start:               0.249095 seconds
20220312 013317.629 INFO             PET1 PIOc_freedecomp Enter - MemInfo: [/proc/meminfo - SSI]	MemTotal:       131394444 kB
20220312 013317.629 INFO             PET1 PIOc_freedecomp Enter - MemInfo: [/proc/meminfo - SSI]	MemFree:        118727772 kB
20220312 013317.629 INFO             PET1 PIOc_freedecomp Enter - MemInfo: [/proc/meminfo - SSI]	MemAvailable:   118420896 kB
20220312 013317.629 INFO             PET1 PIOc_freedecomp Enter - MemInfo: [/proc/meminfo - SSI]	Committed_AS:    3956140 kB
20220312 013317.629 INFO             PET1 PIOc_freedecomp Enter - MemInfo: [/proc/meminfo - SSI]	CommittedPercent: 3.01089 %
20220312 013317.629 INFO             PET1 PIOc_freedecomp Enter - MemInfo: [/proc/self/status]	VmPeak:	 3827476 kB
20220312 013317.629 INFO             PET1 PIOc_freedecomp Enter - MemInfo: [/proc/self/status]	VmSize:	 3827476 kB
20220312 013317.629 INFO             PET1 PIOc_freedecomp Enter - MemInfo: [/proc/self/status]	VmLck:	       0 kB
20220312 013317.629 INFO             PET1 PIOc_freedecomp Enter - MemInfo: [/proc/self/status]	VmPin:	   82140 kB
20220312 013317.629 INFO             PET1 PIOc_freedecomp Enter - MemInfo: [/proc/self/status]	VmHWM:	  167028 kB
20220312 013317.629 INFO             PET1 PIOc_freedecomp Enter - MemInfo: [/proc/self/status]	VmRSS:	  167028 kB
20220312 013317.629 INFO             PET1 PIOc_freedecomp Enter - MemInfo: [/proc/self/status]	VmData:	  297560 kB
20220312 013317.629 INFO             PET1 PIOc_freedecomp Enter - MemInfo: [/proc/self/status]	VmStk:	     512 kB
20220312 013317.629 INFO             PET1 PIOc_freedecomp Enter - MemInfo: [/proc/self/status]	VmExe:	    1960 kB
20220312 013317.629 INFO             PET1 PIOc_freedecomp Enter - MemInfo: [/proc/self/status]	VmLib:	  104128 kB
20220312 013317.629 INFO             PET1 PIOc_freedecomp Enter - MemInfo: [/proc/self/status]	VmPTE:	     720 kB
20220312 013317.629 INFO             PET1 PIOc_freedecomp Enter - MemInfo: [/proc/self/status]	VmPMD:	      28 kB
20220312 013317.629 INFO             PET1 PIOc_freedecomp Enter - MemInfo: [/proc/self/status]	VmSwap:	       0 kB
20220312 013317.629 INFO             PET1 PIOc_freedecomp Enter - MemInfo: [/proc/self/status]	VmRSSPercent: 0.12712 %
20220312 013317.630 INFO             PET1 PIOc_freedecomp Enter - MemInfo: [malloc] Non-mmapped space allocated:                13606912 Byte
20220312 013317.630 INFO             PET1 PIOc_freedecomp Enter - MemInfo: [malloc] Space allocated in mmapped regions:         85999616 Byte
20220312 013317.630 INFO             PET1 PIOc_freedecomp Enter - MemInfo: [malloc] Maximum total allocated space:                     0 Byte
20220312 013317.630 INFO             PET1 PIOc_freedecomp Enter - MemInfo: [malloc] Space in freed fastbin blocks:                   368 Byte
20220312 013317.630 INFO             PET1 PIOc_freedecomp Enter - MemInfo: [malloc] Total allocated space:                       3324976 Byte
20220312 013317.630 INFO             PET1 PIOc_freedecomp Enter - MemInfo: [malloc] Total free space:                           10281936 Byte
20220312 013317.630 INFO             PET1 PIOc_freedecomp Enter - MemInfo: [malloc] Top-most, releasable space:                  2492704 Byte
20220312 013317.630 INFO             PET1 PIOc_freedecomp Enter - MemInfo: [malloc] Total space in use, mmap + non-mmap:        89324592 Byte
20220312 013317.630 INFO             PET1 PIOc_freedecomp Enter - MemInfo: [malloc] Total space held (mmap + non-mmap):         99606528 Byte
20220312 013317.630 INFO             PET1 PIOc_freedecomp Enter - MemInfo: [malloc] Total space used (mmap + non-mmap):         89333952 Byte
20220312 013317.630 INFO             PET1 PIOc_freedecomp Enter - MemInfo: Wall-clock time since execution start:               0.249491 seconds
20220312 013317.630 INFO             PET1 PIOc_freedecomp Exit - MemInfo: [/proc/meminfo - SSI]	MemTotal:       131394444 kB
20220312 013317.630 INFO             PET1 PIOc_freedecomp Exit - MemInfo: [/proc/meminfo - SSI]	MemFree:        118727772 kB
20220312 013317.630 INFO             PET1 PIOc_freedecomp Exit - MemInfo: [/proc/meminfo - SSI]	MemAvailable:   118420896 kB
20220312 013317.630 INFO             PET1 PIOc_freedecomp Exit - MemInfo: [/proc/meminfo - SSI]	Committed_AS:    3956140 kB
20220312 013317.630 INFO             PET1 PIOc_freedecomp Exit - MemInfo: [/proc/meminfo - SSI]	CommittedPercent: 3.01089 %
20220312 013317.630 INFO             PET1 PIOc_freedecomp Exit - MemInfo: [/proc/self/status]	VmPeak:	 3827476 kB
20220312 013317.630 INFO             PET1 PIOc_freedecomp Exit - MemInfo: [/proc/self/status]	VmSize:	 3827476 kB
20220312 013317.630 INFO             PET1 PIOc_freedecomp Exit - MemInfo: [/proc/self/status]	VmLck:	       0 kB
20220312 013317.630 INFO             PET1 PIOc_freedecomp Exit - MemInfo: [/proc/self/status]	VmPin:	   82140 kB
20220312 013317.630 INFO             PET1 PIOc_freedecomp Exit - MemInfo: [/proc/self/status]	VmHWM:	  167032 kB
20220312 013317.630 INFO             PET1 PIOc_freedecomp Exit - MemInfo: [/proc/self/status]	VmRSS:	  167032 kB
20220312 013317.630 INFO             PET1 PIOc_freedecomp Exit - MemInfo: [/proc/self/status]	VmData:	  297560 kB
20220312 013317.630 INFO             PET1 PIOc_freedecomp Exit - MemInfo: [/proc/self/status]	VmStk:	     512 kB
20220312 013317.630 INFO             PET1 PIOc_freedecomp Exit - MemInfo: [/proc/self/status]	VmExe:	    1960 kB
20220312 013317.630 INFO             PET1 PIOc_freedecomp Exit - MemInfo: [/proc/self/status]	VmLib:	  104128 kB
20220312 013317.630 INFO             PET1 PIOc_freedecomp Exit - MemInfo: [/proc/self/status]	VmPTE:	     720 kB
20220312 013317.630 INFO             PET1 PIOc_freedecomp Exit - MemInfo: [/proc/self/status]	VmPMD:	      28 kB
20220312 013317.630 INFO             PET1 PIOc_freedecomp Exit - MemInfo: [/proc/self/status]	VmSwap:	       0 kB
20220312 013317.630 INFO             PET1 PIOc_freedecomp Exit - MemInfo: [/proc/self/status]	VmRSSPercent: 0.127123 %
20220312 013317.630 INFO             PET1 PIOc_freedecomp Exit - MemInfo: [malloc] Non-mmapped space allocated:                13606912 Byte
20220312 013317.630 INFO             PET1 PIOc_freedecomp Exit - MemInfo: [malloc] Space allocated in mmapped regions:         85999616 Byte
20220312 013317.630 INFO             PET1 PIOc_freedecomp Exit - MemInfo: [malloc] Maximum total allocated space:                     0 Byte
20220312 013317.630 INFO             PET1 PIOc_freedecomp Exit - MemInfo: [malloc] Space in freed fastbin blocks:                   816 Byte
20220312 013317.630 INFO             PET1 PIOc_freedecomp Exit - MemInfo: [malloc] Total allocated space:                       3323696 Byte
20220312 013317.630 INFO             PET1 PIOc_freedecomp Exit - MemInfo: [malloc] Total free space:                           10283216 Byte
20220312 013317.630 INFO             PET1 PIOc_freedecomp Exit - MemInfo: [malloc] Top-most, releasable space:                  2492704 Byte
20220312 013317.630 INFO             PET1 PIOc_freedecomp Exit - MemInfo: [malloc] Total space in use, mmap + non-mmap:        89323312 Byte
20220312 013317.630 INFO             PET1 PIOc_freedecomp Exit - MemInfo: [malloc] Total space held (mmap + non-mmap):         99606528 Byte
20220312 013317.630 INFO             PET1 PIOc_freedecomp Exit - MemInfo: [malloc] Total space used (mmap + non-mmap):         89332672 Byte
20220312 013317.630 INFO             PET1 PIOc_freedecomp Exit - MemInfo: Wall-clock time since execution start:               0.249861 seconds
20220312 013317.631 INFO             PET1 PIOc_sync Enter - MemInfo: [/proc/meminfo - SSI]	MemTotal:       131394444 kB
20220312 013317.631 INFO             PET1 PIOc_sync Enter - MemInfo: [/proc/meminfo - SSI]	MemFree:        118727772 kB
20220312 013317.631 INFO             PET1 PIOc_sync Enter - MemInfo: [/proc/meminfo - SSI]	MemAvailable:   118420896 kB
20220312 013317.631 INFO             PET1 PIOc_sync Enter - MemInfo: [/proc/meminfo - SSI]	Committed_AS:    3956140 kB
20220312 013317.631 INFO             PET1 PIOc_sync Enter - MemInfo: [/proc/meminfo - SSI]	CommittedPercent: 3.01089 %
20220312 013317.631 INFO             PET1 PIOc_sync Enter - MemInfo: [/proc/self/status]	VmPeak:	 3827476 kB
20220312 013317.631 INFO             PET1 PIOc_sync Enter - MemInfo: [/proc/self/status]	VmSize:	 3827476 kB
20220312 013317.631 INFO             PET1 PIOc_sync Enter - MemInfo: [/proc/self/status]	VmLck:	       0 kB
20220312 013317.631 INFO             PET1 PIOc_sync Enter - MemInfo: [/proc/self/status]	VmPin:	   82140 kB
20220312 013317.631 INFO             PET1 PIOc_sync Enter - MemInfo: [/proc/self/status]	VmHWM:	  167088 kB
20220312 013317.631 INFO             PET1 PIOc_sync Enter - MemInfo: [/proc/self/status]	VmRSS:	  167088 kB
20220312 013317.631 INFO             PET1 PIOc_sync Enter - MemInfo: [/proc/self/status]	VmData:	  297560 kB
20220312 013317.631 INFO             PET1 PIOc_sync Enter - MemInfo: [/proc/self/status]	VmStk:	     512 kB
20220312 013317.631 INFO             PET1 PIOc_sync Enter - MemInfo: [/proc/self/status]	VmExe:	    1960 kB
20220312 013317.631 INFO             PET1 PIOc_sync Enter - MemInfo: [/proc/self/status]	VmLib:	  104128 kB
20220312 013317.631 INFO             PET1 PIOc_sync Enter - MemInfo: [/proc/self/status]	VmPTE:	     720 kB
20220312 013317.631 INFO             PET1 PIOc_sync Enter - MemInfo: [/proc/self/status]	VmPMD:	      28 kB
20220312 013317.631 INFO             PET1 PIOc_sync Enter - MemInfo: [/proc/self/status]	VmSwap:	       0 kB
20220312 013317.631 INFO             PET1 PIOc_sync Enter - MemInfo: [/proc/self/status]	VmRSSPercent: 0.127165 %
20220312 013317.631 INFO             PET1 PIOc_sync Enter - MemInfo: [malloc] Non-mmapped space allocated:                13606912 Byte
20220312 013317.631 INFO             PET1 PIOc_sync Enter - MemInfo: [malloc] Space allocated in mmapped regions:         85999616 Byte
20220312 013317.631 INFO             PET1 PIOc_sync Enter - MemInfo: [malloc] Maximum total allocated space:                     0 Byte
20220312 013317.631 INFO             PET1 PIOc_sync Enter - MemInfo: [malloc] Space in freed fastbin blocks:                   512 Byte
20220312 013317.631 INFO             PET1 PIOc_sync Enter - MemInfo: [malloc] Total allocated space:                       3327520 Byte
20220312 013317.631 INFO             PET1 PIOc_sync Enter - MemInfo: [malloc] Total free space:                           10279392 Byte
20220312 013317.631 INFO             PET1 PIOc_sync Enter - MemInfo: [malloc] Top-most, releasable space:                  2492704 Byte
20220312 013317.631 INFO             PET1 PIOc_sync Enter - MemInfo: [malloc] Total space in use, mmap + non-mmap:        89327136 Byte
20220312 013317.631 INFO             PET1 PIOc_sync Enter - MemInfo: [malloc] Total space held (mmap + non-mmap):         99606528 Byte
20220312 013317.631 INFO             PET1 PIOc_sync Enter - MemInfo: [malloc] Total space used (mmap + non-mmap):         89336496 Byte
20220312 013317.631 INFO             PET1 PIOc_sync Enter - MemInfo: Wall-clock time since execution start:               0.250966 seconds
20220312 013317.632 INFO             PET1 PIOc_sync Exit - MemInfo: [/proc/meminfo - SSI]	MemTotal:       131394444 kB
20220312 013317.632 INFO             PET1 PIOc_sync Exit - MemInfo: [/proc/meminfo - SSI]	MemFree:        118727772 kB
20220312 013317.632 INFO             PET1 PIOc_sync Exit - MemInfo: [/proc/meminfo - SSI]	MemAvailable:   118420896 kB
20220312 013317.632 INFO             PET1 PIOc_sync Exit - MemInfo: [/proc/meminfo - SSI]	Committed_AS:    3956140 kB
20220312 013317.632 INFO             PET1 PIOc_sync Exit - MemInfo: [/proc/meminfo - SSI]	CommittedPercent: 3.01089 %
20220312 013317.632 INFO             PET1 PIOc_sync Exit - MemInfo: [/proc/self/status]	VmPeak:	 3827476 kB
20220312 013317.632 INFO             PET1 PIOc_sync Exit - MemInfo: [/proc/self/status]	VmSize:	 3827476 kB
20220312 013317.632 INFO             PET1 PIOc_sync Exit - MemInfo: [/proc/self/status]	VmLck:	       0 kB
20220312 013317.632 INFO             PET1 PIOc_sync Exit - MemInfo: [/proc/self/status]	VmPin:	   82140 kB
20220312 013317.632 INFO             PET1 PIOc_sync Exit - MemInfo: [/proc/self/status]	VmHWM:	  167088 kB
20220312 013317.632 INFO             PET1 PIOc_sync Exit - MemInfo: [/proc/self/status]	VmRSS:	  167088 kB
20220312 013317.632 INFO             PET1 PIOc_sync Exit - MemInfo: [/proc/self/status]	VmData:	  297560 kB
20220312 013317.632 INFO             PET1 PIOc_sync Exit - MemInfo: [/proc/self/status]	VmStk:	     512 kB
20220312 013317.632 INFO             PET1 PIOc_sync Exit - MemInfo: [/proc/self/status]	VmExe:	    1960 kB
20220312 013317.632 INFO             PET1 PIOc_sync Exit - MemInfo: [/proc/self/status]	VmLib:	  104128 kB
20220312 013317.632 INFO             PET1 PIOc_sync Exit - MemInfo: [/proc/self/status]	VmPTE:	     720 kB
20220312 013317.632 INFO             PET1 PIOc_sync Exit - MemInfo: [/proc/self/status]	VmPMD:	      28 kB
20220312 013317.632 INFO             PET1 PIOc_sync Exit - MemInfo: [/proc/self/status]	VmSwap:	       0 kB
20220312 013317.632 INFO             PET1 PIOc_sync Exit - MemInfo: [/proc/self/status]	VmRSSPercent: 0.127165 %
20220312 013317.632 INFO             PET1 PIOc_sync Exit - MemInfo: [malloc] Non-mmapped space allocated:                13606912 Byte
20220312 013317.632 INFO             PET1 PIOc_sync Exit - MemInfo: [malloc] Space allocated in mmapped regions:         85999616 Byte
20220312 013317.632 INFO             PET1 PIOc_sync Exit - MemInfo: [malloc] Maximum total allocated space:                     0 Byte
20220312 013317.632 INFO             PET1 PIOc_sync Exit - MemInfo: [malloc] Space in freed fastbin blocks:                   288 Byte
20220312 013317.632 INFO             PET1 PIOc_sync Exit - MemInfo: [malloc] Total allocated space:                       3326736 Byte
20220312 013317.632 INFO             PET1 PIOc_sync Exit - MemInfo: [malloc] Total free space:                           10280176 Byte
20220312 013317.632 INFO             PET1 PIOc_sync Exit - MemInfo: [malloc] Top-most, releasable space:                  2492704 Byte
20220312 013317.632 INFO             PET1 PIOc_sync Exit - MemInfo: [malloc] Total space in use, mmap + non-mmap:        89326352 Byte
20220312 013317.632 INFO             PET1 PIOc_sync Exit - MemInfo: [malloc] Total space held (mmap + non-mmap):         99606528 Byte
20220312 013317.632 INFO             PET1 PIOc_sync Exit - MemInfo: [malloc] Total space used (mmap + non-mmap):         89335712 Byte
20220312 013317.632 INFO             PET1 PIOc_sync Exit - MemInfo: Wall-clock time since execution start:               0.251731 seconds
20220312 013317.632 INFO             PET1 PIOc_freedecomp Enter - MemInfo: [/proc/meminfo - SSI]	MemTotal:       131394444 kB
20220312 013317.632 INFO             PET1 PIOc_freedecomp Enter - MemInfo: [/proc/meminfo - SSI]	MemFree:        118727772 kB
20220312 013317.632 INFO             PET1 PIOc_freedecomp Enter - MemInfo: [/proc/meminfo - SSI]	MemAvailable:   118420896 kB
20220312 013317.632 INFO             PET1 PIOc_freedecomp Enter - MemInfo: [/proc/meminfo - SSI]	Committed_AS:    3956140 kB
20220312 013317.632 INFO             PET1 PIOc_freedecomp Enter - MemInfo: [/proc/meminfo - SSI]	CommittedPercent: 3.01089 %
20220312 013317.632 INFO             PET1 PIOc_freedecomp Enter - MemInfo: [/proc/self/status]	VmPeak:	 3827476 kB
20220312 013317.632 INFO             PET1 PIOc_freedecomp Enter - MemInfo: [/proc/self/status]	VmSize:	 3827476 kB
20220312 013317.632 INFO             PET1 PIOc_freedecomp Enter - MemInfo: [/proc/self/status]	VmLck:	       0 kB
20220312 013317.632 INFO             PET1 PIOc_freedecomp Enter - MemInfo: [/proc/self/status]	VmPin:	   82140 kB
20220312 013317.632 INFO             PET1 PIOc_freedecomp Enter - MemInfo: [/proc/self/status]	VmHWM:	  167088 kB
20220312 013317.632 INFO             PET1 PIOc_freedecomp Enter - MemInfo: [/proc/self/status]	VmRSS:	  167088 kB
20220312 013317.632 INFO             PET1 PIOc_freedecomp Enter - MemInfo: [/proc/self/status]	VmData:	  297560 kB
20220312 013317.632 INFO             PET1 PIOc_freedecomp Enter - MemInfo: [/proc/self/status]	VmStk:	     512 kB
20220312 013317.632 INFO             PET1 PIOc_freedecomp Enter - MemInfo: [/proc/self/status]	VmExe:	    1960 kB
20220312 013317.632 INFO             PET1 PIOc_freedecomp Enter - MemInfo: [/proc/self/status]	VmLib:	  104128 kB
20220312 013317.632 INFO             PET1 PIOc_freedecomp Enter - MemInfo: [/proc/self/status]	VmPTE:	     720 kB
20220312 013317.632 INFO             PET1 PIOc_freedecomp Enter - MemInfo: [/proc/self/status]	VmPMD:	      28 kB
20220312 013317.632 INFO             PET1 PIOc_freedecomp Enter - MemInfo: [/proc/self/status]	VmSwap:	       0 kB
20220312 013317.632 INFO             PET1 PIOc_freedecomp Enter - MemInfo: [/proc/self/status]	VmRSSPercent: 0.127165 %
20220312 013317.632 INFO             PET1 PIOc_freedecomp Enter - MemInfo: [malloc] Non-mmapped space allocated:                13606912 Byte
20220312 013317.632 INFO             PET1 PIOc_freedecomp Enter - MemInfo: [malloc] Space allocated in mmapped regions:         85999616 Byte
20220312 013317.632 INFO             PET1 PIOc_freedecomp Enter - MemInfo: [malloc] Maximum total allocated space:                     0 Byte
20220312 013317.632 INFO             PET1 PIOc_freedecomp Enter - MemInfo: [malloc] Space in freed fastbin blocks:                   448 Byte
20220312 013317.632 INFO             PET1 PIOc_freedecomp Enter - MemInfo: [malloc] Total allocated space:                       3324976 Byte
20220312 013317.632 INFO             PET1 PIOc_freedecomp Enter - MemInfo: [malloc] Total free space:                           10281936 Byte
20220312 013317.632 INFO             PET1 PIOc_freedecomp Enter - MemInfo: [malloc] Top-most, releasable space:                  2492704 Byte
20220312 013317.632 INFO             PET1 PIOc_freedecomp Enter - MemInfo: [malloc] Total space in use, mmap + non-mmap:        89324592 Byte
20220312 013317.632 INFO             PET1 PIOc_freedecomp Enter - MemInfo: [malloc] Total space held (mmap + non-mmap):         99606528 Byte
20220312 013317.632 INFO             PET1 PIOc_freedecomp Enter - MemInfo: [malloc] Total space used (mmap + non-mmap):         89333952 Byte
20220312 013317.632 INFO             PET1 PIOc_freedecomp Enter - MemInfo: Wall-clock time since execution start:               0.252258 seconds
20220312 013317.632 INFO             PET1 PIOc_freedecomp Exit - MemInfo: [/proc/meminfo - SSI]	MemTotal:       131394444 kB
20220312 013317.632 INFO             PET1 PIOc_freedecomp Exit - MemInfo: [/proc/meminfo - SSI]	MemFree:        118727772 kB
20220312 013317.632 INFO             PET1 PIOc_freedecomp Exit - MemInfo: [/proc/meminfo - SSI]	MemAvailable:   118420896 kB
20220312 013317.632 INFO             PET1 PIOc_freedecomp Exit - MemInfo: [/proc/meminfo - SSI]	Committed_AS:    3956140 kB
20220312 013317.632 INFO             PET1 PIOc_freedecomp Exit - MemInfo: [/proc/meminfo - SSI]	CommittedPercent: 3.01089 %
20220312 013317.632 INFO             PET1 PIOc_freedecomp Exit - MemInfo: [/proc/self/status]	VmPeak:	 3827476 kB
20220312 013317.633 INFO             PET1 PIOc_freedecomp Exit - MemInfo: [/proc/self/status]	VmSize:	 3827476 kB
20220312 013317.633 INFO             PET1 PIOc_freedecomp Exit - MemInfo: [/proc/self/status]	VmLck:	       0 kB
20220312 013317.633 INFO             PET1 PIOc_freedecomp Exit - MemInfo: [/proc/self/status]	VmPin:	   82140 kB
20220312 013317.633 INFO             PET1 PIOc_freedecomp Exit - MemInfo: [/proc/self/status]	VmHWM:	  167088 kB
20220312 013317.633 INFO             PET1 PIOc_freedecomp Exit - MemInfo: [/proc/self/status]	VmRSS:	  167088 kB
20220312 013317.633 INFO             PET1 PIOc_freedecomp Exit - MemInfo: [/proc/self/status]	VmData:	  297560 kB
20220312 013317.633 INFO             PET1 PIOc_freedecomp Exit - MemInfo: [/proc/self/status]	VmStk:	     512 kB
20220312 013317.633 INFO             PET1 PIOc_freedecomp Exit - MemInfo: [/proc/self/status]	VmExe:	    1960 kB
20220312 013317.633 INFO             PET1 PIOc_freedecomp Exit - MemInfo: [/proc/self/status]	VmLib:	  104128 kB
20220312 013317.633 INFO             PET1 PIOc_freedecomp Exit - MemInfo: [/proc/self/status]	VmPTE:	     720 kB
20220312 013317.633 INFO             PET1 PIOc_freedecomp Exit - MemInfo: [/proc/self/status]	VmPMD:	      28 kB
20220312 013317.633 INFO             PET1 PIOc_freedecomp Exit - MemInfo: [/proc/self/status]	VmSwap:	       0 kB
20220312 013317.633 INFO             PET1 PIOc_freedecomp Exit - MemInfo: [/proc/self/status]	VmRSSPercent: 0.127165 %
20220312 013317.633 INFO             PET1 PIOc_freedecomp Exit - MemInfo: [malloc] Non-mmapped space allocated:                13606912 Byte
20220312 013317.633 INFO             PET1 PIOc_freedecomp Exit - MemInfo: [malloc] Space allocated in mmapped regions:         85999616 Byte
20220312 013317.633 INFO             PET1 PIOc_freedecomp Exit - MemInfo: [malloc] Maximum total allocated space:                     0 Byte
20220312 013317.633 INFO             PET1 PIOc_freedecomp Exit - MemInfo: [malloc] Space in freed fastbin blocks:                   816 Byte
20220312 013317.633 INFO             PET1 PIOc_freedecomp Exit - MemInfo: [malloc] Total allocated space:                       3323696 Byte
20220312 013317.633 INFO             PET1 PIOc_freedecomp Exit - MemInfo: [malloc] Total free space:                           10283216 Byte
20220312 013317.633 INFO             PET1 PIOc_freedecomp Exit - MemInfo: [malloc] Top-most, releasable space:                  2492704 Byte
20220312 013317.633 INFO             PET1 PIOc_freedecomp Exit - MemInfo: [malloc] Total space in use, mmap + non-mmap:        89323312 Byte
20220312 013317.633 INFO             PET1 PIOc_freedecomp Exit - MemInfo: [malloc] Total space held (mmap + non-mmap):         99606528 Byte
20220312 013317.633 INFO             PET1 PIOc_freedecomp Exit - MemInfo: [malloc] Total space used (mmap + non-mmap):         89332672 Byte
20220312 013317.633 INFO             PET1 PIOc_freedecomp Exit - MemInfo: Wall-clock time since execution start:               0.252626 seconds
20220312 013317.633 INFO             PET1 PIOc_sync Enter - MemInfo: [/proc/meminfo - SSI]	MemTotal:       131394444 kB
20220312 013317.633 INFO             PET1 PIOc_sync Enter - MemInfo: [/proc/meminfo - SSI]	MemFree:        118727772 kB
20220312 013317.633 INFO             PET1 PIOc_sync Enter - MemInfo: [/proc/meminfo - SSI]	MemAvailable:   118420896 kB
20220312 013317.633 INFO             PET1 PIOc_sync Enter - MemInfo: [/proc/meminfo - SSI]	Committed_AS:    3956140 kB
20220312 013317.633 INFO             PET1 PIOc_sync Enter - MemInfo: [/proc/meminfo - SSI]	CommittedPercent: 3.01089 %
20220312 013317.634 INFO             PET1 PIOc_sync Enter - MemInfo: [/proc/self/status]	VmPeak:	 3827476 kB
20220312 013317.634 INFO             PET1 PIOc_sync Enter - MemInfo: [/proc/self/status]	VmSize:	 3827476 kB
20220312 013317.634 INFO             PET1 PIOc_sync Enter - MemInfo: [/proc/self/status]	VmLck:	       0 kB
20220312 013317.634 INFO             PET1 PIOc_sync Enter - MemInfo: [/proc/self/status]	VmPin:	   82140 kB
20220312 013317.634 INFO             PET1 PIOc_sync Enter - MemInfo: [/proc/self/status]	VmHWM:	  167124 kB
20220312 013317.634 INFO             PET1 PIOc_sync Enter - MemInfo: [/proc/self/status]	VmRSS:	  167124 kB
20220312 013317.634 INFO             PET1 PIOc_sync Enter - MemInfo: [/proc/self/status]	VmData:	  297560 kB
20220312 013317.634 INFO             PET1 PIOc_sync Enter - MemInfo: [/proc/self/status]	VmStk:	     512 kB
20220312 013317.634 INFO             PET1 PIOc_sync Enter - MemInfo: [/proc/self/status]	VmExe:	    1960 kB
20220312 013317.634 INFO             PET1 PIOc_sync Enter - MemInfo: [/proc/self/status]	VmLib:	  104128 kB
20220312 013317.634 INFO             PET1 PIOc_sync Enter - MemInfo: [/proc/self/status]	VmPTE:	     720 kB
20220312 013317.634 INFO             PET1 PIOc_sync Enter - MemInfo: [/proc/self/status]	VmPMD:	      28 kB
20220312 013317.634 INFO             PET1 PIOc_sync Enter - MemInfo: [/proc/self/status]	VmSwap:	       0 kB
20220312 013317.634 INFO             PET1 PIOc_sync Enter - MemInfo: [/proc/self/status]	VmRSSPercent: 0.127193 %
20220312 013317.634 INFO             PET1 PIOc_sync Enter - MemInfo: [malloc] Non-mmapped space allocated:                13606912 Byte
20220312 013317.634 INFO             PET1 PIOc_sync Enter - MemInfo: [malloc] Space allocated in mmapped regions:         85999616 Byte
20220312 013317.634 INFO             PET1 PIOc_sync Enter - MemInfo: [malloc] Maximum total allocated space:                     0 Byte
20220312 013317.634 INFO             PET1 PIOc_sync Enter - MemInfo: [malloc] Space in freed fastbin blocks:                   512 Byte
20220312 013317.634 INFO             PET1 PIOc_sync Enter - MemInfo: [malloc] Total allocated space:                       3327648 Byte
20220312 013317.634 INFO             PET1 PIOc_sync Enter - MemInfo: [malloc] Total free space:                           10279264 Byte
20220312 013317.634 INFO             PET1 PIOc_sync Enter - MemInfo: [malloc] Top-most, releasable space:                  2492704 Byte
20220312 013317.634 INFO             PET1 PIOc_sync Enter - MemInfo: [malloc] Total space in use, mmap + non-mmap:        89327264 Byte
20220312 013317.634 INFO             PET1 PIOc_sync Enter - MemInfo: [malloc] Total space held (mmap + non-mmap):         99606528 Byte
