build time -- 2022-03-12 01:15:23.324414
20220312 013406.065 INFO             PET0 !!!!!!!!!!!!!!!!!!!!!!!!!!!!!!!!!!!!!!!!!!!!!!!!!!!!!!
20220312 013406.065 INFO             PET0 !!! THE ESMF_LOG IS SET TO OUTPUT ALL LOG MESSAGES !!!
20220312 013406.065 INFO             PET0 !!!     THIS MAY CAUSE SLOWDOWN IN PERFORMANCE     !!!
20220312 013406.065 INFO             PET0 !!! FOR PRODUCTION RUNS, USE:                      !!!
20220312 013406.065 INFO             PET0 !!!                   ESMF_LOGKIND_Multi_On_Error  !!!
20220312 013406.065 INFO             PET0 !!!!!!!!!!!!!!!!!!!!!!!!!!!!!!!!!!!!!!!!!!!!!!!!!!!!!!
20220312 013406.065 INFO             PET0 Running with ESMF Version   : v8.3.0b09-96-g559b459836
20220312 013406.065 INFO             PET0 ESMF library build date/time: "Mar 12 2022" "01:13:12"
20220312 013406.065 INFO             PET0 ESMF library build location : /gpfsm/dnb04/projects/p98/mpotts/esmf/intel_2020_intelmpi_O_jedwards_pio_update2
20220312 013406.065 INFO             PET0 ESMF_COMM                   : intelmpi
20220312 013406.065 INFO             PET0 ESMF_MOAB                   : enabled
20220312 013406.065 INFO             PET0 ESMF_LAPACK                 : enabled
20220312 013406.065 INFO             PET0 ESMF_NETCDF                 : enabled
20220312 013406.065 INFO             PET0 ESMF_PNETCDF                : disabled
20220312 013406.065 INFO             PET0 ESMF_PIO                    : enabled
20220312 013406.065 INFO             PET0 ESMF_YAMLCPP                : enabled
20220312 013406.065 INFO             PET0  Beginning Test, file ESMF_IOUTest.F90, line 57
20220312 013406.065 INFO             PET0  NUMBER_OF_PROCESSORS           4
20220312 013406.065 INFO             PET0 Starting Test:  ESMF_OutputWeightFile
20220312 013406.070 INFO             PET0 PIOc_sync Enter - MemInfo: [/proc/meminfo - SSI]	MemTotal:       131394444 kB
20220312 013406.070 INFO             PET0 PIOc_sync Enter - MemInfo: [/proc/meminfo - SSI]	MemFree:        118751860 kB
20220312 013406.070 INFO             PET0 PIOc_sync Enter - MemInfo: [/proc/meminfo - SSI]	MemAvailable:   118455680 kB
20220312 013406.070 INFO             PET0 PIOc_sync Enter - MemInfo: [/proc/meminfo - SSI]	Committed_AS:    3867320 kB
20220312 013406.070 INFO             PET0 PIOc_sync Enter - MemInfo: [/proc/meminfo - SSI]	CommittedPercent: 2.94329 %
20220312 013406.070 INFO             PET0 PIOc_sync Enter - MemInfo: [/proc/self/status]	VmPeak:	 3801140 kB
20220312 013406.070 INFO             PET0 PIOc_sync Enter - MemInfo: [/proc/self/status]	VmSize:	 3801140 kB
20220312 013406.070 INFO             PET0 PIOc_sync Enter - MemInfo: [/proc/self/status]	VmLck:	       0 kB
20220312 013406.070 INFO             PET0 PIOc_sync Enter - MemInfo: [/proc/self/status]	VmPin:	   82140 kB
20220312 013406.070 INFO             PET0 PIOc_sync Enter - MemInfo: [/proc/self/status]	VmHWM:	  147952 kB
20220312 013406.070 INFO             PET0 PIOc_sync Enter - MemInfo: [/proc/self/status]	VmRSS:	  147952 kB
20220312 013406.070 INFO             PET0 PIOc_sync Enter - MemInfo: [/proc/self/status]	VmData:	  271244 kB
20220312 013406.070 INFO             PET0 PIOc_sync Enter - MemInfo: [/proc/self/status]	VmStk:	     512 kB
20220312 013406.070 INFO             PET0 PIOc_sync Enter - MemInfo: [/proc/self/status]	VmExe:	    1940 kB
20220312 013406.070 INFO             PET0 PIOc_sync Enter - MemInfo: [/proc/self/status]	VmLib:	  104128 kB
20220312 013406.070 INFO             PET0 PIOc_sync Enter - MemInfo: [/proc/self/status]	VmPTE:	     712 kB
20220312 013406.070 INFO             PET0 PIOc_sync Enter - MemInfo: [/proc/self/status]	VmPMD:	      32 kB
20220312 013406.070 INFO             PET0 PIOc_sync Enter - MemInfo: [/proc/self/status]	VmSwap:	       0 kB
20220312 013406.070 INFO             PET0 PIOc_sync Enter - MemInfo: [/proc/self/status]	VmRSSPercent: 0.112601 %
20220312 013406.071 INFO             PET0 PIOc_sync Enter - MemInfo: [malloc] Non-mmapped space allocated:                 2904064 Byte
20220312 013406.071 INFO             PET0 PIOc_sync Enter - MemInfo: [malloc] Space allocated in mmapped regions:         88629248 Byte
20220312 013406.071 INFO             PET0 PIOc_sync Enter - MemInfo: [malloc] Maximum total allocated space:                     0 Byte
20220312 013406.071 INFO             PET0 PIOc_sync Enter - MemInfo: [malloc] Space in freed fastbin blocks:                   352 Byte
20220312 013406.071 INFO             PET0 PIOc_sync Enter - MemInfo: [malloc] Total allocated space:                       2718064 Byte
20220312 013406.071 INFO             PET0 PIOc_sync Enter - MemInfo: [malloc] Total free space:                             186000 Byte
20220312 013406.071 INFO             PET0 PIOc_sync Enter - MemInfo: [malloc] Top-most, releasable space:                    53632 Byte
20220312 013406.071 INFO             PET0 PIOc_sync Enter - MemInfo: [malloc] Total space in use, mmap + non-mmap:        91347312 Byte
20220312 013406.071 INFO             PET0 PIOc_sync Enter - MemInfo: [malloc] Total space held (mmap + non-mmap):         91533312 Byte
20220312 013406.071 INFO             PET0 PIOc_sync Enter - MemInfo: [malloc] Total space used (mmap + non-mmap):         91356672 Byte
20220312 013406.071 INFO             PET0 PIOc_sync Enter - MemInfo: Wall-clock time since execution start:              0.0145534 seconds
20220312 013406.071 INFO             PET0 PIOc_sync Exit - MemInfo: [/proc/meminfo - SSI]	MemTotal:       131394444 kB
20220312 013406.071 INFO             PET0 PIOc_sync Exit - MemInfo: [/proc/meminfo - SSI]	MemFree:        118751860 kB
20220312 013406.071 INFO             PET0 PIOc_sync Exit - MemInfo: [/proc/meminfo - SSI]	MemAvailable:   118455680 kB
20220312 013406.071 INFO             PET0 PIOc_sync Exit - MemInfo: [/proc/meminfo - SSI]	Committed_AS:    3867320 kB
20220312 013406.071 INFO             PET0 PIOc_sync Exit - MemInfo: [/proc/meminfo - SSI]	CommittedPercent: 2.94329 %
20220312 013406.071 INFO             PET0 PIOc_sync Exit - MemInfo: [/proc/self/status]	VmPeak:	 3801140 kB
20220312 013406.071 INFO             PET0 PIOc_sync Exit - MemInfo: [/proc/self/status]	VmSize:	 3801140 kB
20220312 013406.071 INFO             PET0 PIOc_sync Exit - MemInfo: [/proc/self/status]	VmLck:	       0 kB
20220312 013406.071 INFO             PET0 PIOc_sync Exit - MemInfo: [/proc/self/status]	VmPin:	   82140 kB
20220312 013406.071 INFO             PET0 PIOc_sync Exit - MemInfo: [/proc/self/status]	VmHWM:	  148192 kB
20220312 013406.071 INFO             PET0 PIOc_sync Exit - MemInfo: [/proc/self/status]	VmRSS:	  148192 kB
20220312 013406.071 INFO             PET0 PIOc_sync Exit - MemInfo: [/proc/self/status]	VmData:	  271244 kB
20220312 013406.071 INFO             PET0 PIOc_sync Exit - MemInfo: [/proc/self/status]	VmStk:	     512 kB
20220312 013406.071 INFO             PET0 PIOc_sync Exit - MemInfo: [/proc/self/status]	VmExe:	    1940 kB
20220312 013406.071 INFO             PET0 PIOc_sync Exit - MemInfo: [/proc/self/status]	VmLib:	  104128 kB
20220312 013406.071 INFO             PET0 PIOc_sync Exit - MemInfo: [/proc/self/status]	VmPTE:	     712 kB
20220312 013406.071 INFO             PET0 PIOc_sync Exit - MemInfo: [/proc/self/status]	VmPMD:	      32 kB
20220312 013406.071 INFO             PET0 PIOc_sync Exit - MemInfo: [/proc/self/status]	VmSwap:	       0 kB
20220312 013406.071 INFO             PET0 PIOc_sync Exit - MemInfo: [/proc/self/status]	VmRSSPercent: 0.112784 %
20220312 013406.071 INFO             PET0 PIOc_sync Exit - MemInfo: [malloc] Non-mmapped space allocated:                 2904064 Byte
20220312 013406.071 INFO             PET0 PIOc_sync Exit - MemInfo: [malloc] Space allocated in mmapped regions:         88629248 Byte
20220312 013406.071 INFO             PET0 PIOc_sync Exit - MemInfo: [malloc] Maximum total allocated space:                     0 Byte
20220312 013406.071 INFO             PET0 PIOc_sync Exit - MemInfo: [malloc] Space in freed fastbin blocks:                   720 Byte
20220312 013406.071 INFO             PET0 PIOc_sync Exit - MemInfo: [malloc] Total allocated space:                       2717264 Byte
20220312 013406.071 INFO             PET0 PIOc_sync Exit - MemInfo: [malloc] Total free space:                             186800 Byte
20220312 013406.071 INFO             PET0 PIOc_sync Exit - MemInfo: [malloc] Top-most, releasable space:                    53296 Byte
20220312 013406.071 INFO             PET0 PIOc_sync Exit - MemInfo: [malloc] Total space in use, mmap + non-mmap:        91346512 Byte
20220312 013406.071 INFO             PET0 PIOc_sync Exit - MemInfo: [malloc] Total space held (mmap + non-mmap):         91533312 Byte
20220312 013406.071 INFO             PET0 PIOc_sync Exit - MemInfo: [malloc] Total space used (mmap + non-mmap):         91355872 Byte
20220312 013406.071 INFO             PET0 PIOc_sync Exit - MemInfo: Wall-clock time since execution start:              0.0153592 seconds
20220312 013406.072 INFO             PET0 PIOc_freedecomp Enter - MemInfo: [/proc/meminfo - SSI]	MemTotal:       131394444 kB
20220312 013406.072 INFO             PET0 PIOc_freedecomp Enter - MemInfo: [/proc/meminfo - SSI]	MemFree:        118751976 kB
20220312 013406.072 INFO             PET0 PIOc_freedecomp Enter - MemInfo: [/proc/meminfo - SSI]	MemAvailable:   118455796 kB
20220312 013406.072 INFO             PET0 PIOc_freedecomp Enter - MemInfo: [/proc/meminfo - SSI]	Committed_AS:    3867320 kB
20220312 013406.072 INFO             PET0 PIOc_freedecomp Enter - MemInfo: [/proc/meminfo - SSI]	CommittedPercent: 2.94329 %
20220312 013406.072 INFO             PET0 PIOc_freedecomp Enter - MemInfo: [/proc/self/status]	VmPeak:	 3801140 kB
20220312 013406.072 INFO             PET0 PIOc_freedecomp Enter - MemInfo: [/proc/self/status]	VmSize:	 3798572 kB
20220312 013406.072 INFO             PET0 PIOc_freedecomp Enter - MemInfo: [/proc/self/status]	VmLck:	       0 kB
20220312 013406.072 INFO             PET0 PIOc_freedecomp Enter - MemInfo: [/proc/self/status]	VmPin:	   82140 kB
20220312 013406.072 INFO             PET0 PIOc_freedecomp Enter - MemInfo: [/proc/self/status]	VmHWM:	  148192 kB
20220312 013406.072 INFO             PET0 PIOc_freedecomp Enter - MemInfo: [/proc/self/status]	VmRSS:	  146140 kB
20220312 013406.072 INFO             PET0 PIOc_freedecomp Enter - MemInfo: [/proc/self/status]	VmData:	  268676 kB
20220312 013406.072 INFO             PET0 PIOc_freedecomp Enter - MemInfo: [/proc/self/status]	VmStk:	     512 kB
20220312 013406.072 INFO             PET0 PIOc_freedecomp Enter - MemInfo: [/proc/self/status]	VmExe:	    1940 kB
20220312 013406.072 INFO             PET0 PIOc_freedecomp Enter - MemInfo: [/proc/self/status]	VmLib:	  104128 kB
20220312 013406.072 INFO             PET0 PIOc_freedecomp Enter - MemInfo: [/proc/self/status]	VmPTE:	     708 kB
20220312 013406.072 INFO             PET0 PIOc_freedecomp Enter - MemInfo: [/proc/self/status]	VmPMD:	      32 kB
20220312 013406.072 INFO             PET0 PIOc_freedecomp Enter - MemInfo: [/proc/self/status]	VmSwap:	       0 kB
20220312 013406.072 INFO             PET0 PIOc_freedecomp Enter - MemInfo: [/proc/self/status]	VmRSSPercent: 0.111222 %
20220312 013406.072 INFO             PET0 PIOc_freedecomp Enter - MemInfo: [malloc] Non-mmapped space allocated:                 2904064 Byte
20220312 013406.072 INFO             PET0 PIOc_freedecomp Enter - MemInfo: [malloc] Space allocated in mmapped regions:         85999616 Byte
20220312 013406.072 INFO             PET0 PIOc_freedecomp Enter - MemInfo: [malloc] Maximum total allocated space:                     0 Byte
20220312 013406.072 INFO             PET0 PIOc_freedecomp Enter - MemInfo: [malloc] Space in freed fastbin blocks:                  1216 Byte
20220312 013406.072 INFO             PET0 PIOc_freedecomp Enter - MemInfo: [malloc] Total allocated space:                       2704160 Byte
20220312 013406.072 INFO             PET0 PIOc_freedecomp Enter - MemInfo: [malloc] Total free space:                             199904 Byte
20220312 013406.072 INFO             PET0 PIOc_freedecomp Enter - MemInfo: [malloc] Top-most, releasable space:                    53664 Byte
20220312 013406.072 INFO             PET0 PIOc_freedecomp Enter - MemInfo: [malloc] Total space in use, mmap + non-mmap:        88703776 Byte
20220312 013406.072 INFO             PET0 PIOc_freedecomp Enter - MemInfo: [malloc] Total space held (mmap + non-mmap):         88903680 Byte
20220312 013406.072 INFO             PET0 PIOc_freedecomp Enter - MemInfo: [malloc] Total space used (mmap + non-mmap):         88713136 Byte
20220312 013406.072 INFO             PET0 PIOc_freedecomp Enter - MemInfo: Wall-clock time since execution start:              0.0163705 seconds
20220312 013406.072 INFO             PET0 PIOc_freedecomp Exit - MemInfo: [/proc/meminfo - SSI]	MemTotal:       131394444 kB
20220312 013406.073 INFO             PET0 PIOc_freedecomp Exit - MemInfo: [/proc/meminfo - SSI]	MemFree:        118751976 kB
20220312 013406.073 INFO             PET0 PIOc_freedecomp Exit - MemInfo: [/proc/meminfo - SSI]	MemAvailable:   118455796 kB
20220312 013406.073 INFO             PET0 PIOc_freedecomp Exit - MemInfo: [/proc/meminfo - SSI]	Committed_AS:    3867320 kB
20220312 013406.073 INFO             PET0 PIOc_freedecomp Exit - MemInfo: [/proc/meminfo - SSI]	CommittedPercent: 2.94329 %
20220312 013406.073 INFO             PET0 PIOc_freedecomp Exit - MemInfo: [/proc/self/status]	VmPeak:	 3801140 kB
20220312 013406.073 INFO             PET0 PIOc_freedecomp Exit - MemInfo: [/proc/self/status]	VmSize:	 3798572 kB
20220312 013406.073 INFO             PET0 PIOc_freedecomp Exit - MemInfo: [/proc/self/status]	VmLck:	       0 kB
20220312 013406.073 INFO             PET0 PIOc_freedecomp Exit - MemInfo: [/proc/self/status]	VmPin:	   82140 kB
20220312 013406.073 INFO             PET0 PIOc_freedecomp Exit - MemInfo: [/proc/self/status]	VmHWM:	  148192 kB
20220312 013406.073 INFO             PET0 PIOc_freedecomp Exit - MemInfo: [/proc/self/status]	VmRSS:	  146140 kB
20220312 013406.073 INFO             PET0 PIOc_freedecomp Exit - MemInfo: [/proc/self/status]	VmData:	  268676 kB
20220312 013406.073 INFO             PET0 PIOc_freedecomp Exit - MemInfo: [/proc/self/status]	VmStk:	     512 kB
20220312 013406.073 INFO             PET0 PIOc_freedecomp Exit - MemInfo: [/proc/self/status]	VmExe:	    1940 kB
20220312 013406.073 INFO             PET0 PIOc_freedecomp Exit - MemInfo: [/proc/self/status]	VmLib:	  104128 kB
20220312 013406.073 INFO             PET0 PIOc_freedecomp Exit - MemInfo: [/proc/self/status]	VmPTE:	     708 kB
20220312 013406.073 INFO             PET0 PIOc_freedecomp Exit - MemInfo: [/proc/self/status]	VmPMD:	      32 kB
20220312 013406.073 INFO             PET0 PIOc_freedecomp Exit - MemInfo: [/proc/self/status]	VmSwap:	       0 kB
20220312 013406.073 INFO             PET0 PIOc_freedecomp Exit - MemInfo: [/proc/self/status]	VmRSSPercent: 0.111222 %
20220312 013406.073 INFO             PET0 PIOc_freedecomp Exit - MemInfo: [malloc] Non-mmapped space allocated:                 2904064 Byte
20220312 013406.073 INFO             PET0 PIOc_freedecomp Exit - MemInfo: [malloc] Space allocated in mmapped regions:         85999616 Byte
20220312 013406.073 INFO             PET0 PIOc_freedecomp Exit - MemInfo: [malloc] Maximum total allocated space:                     0 Byte
20220312 013406.073 INFO             PET0 PIOc_freedecomp Exit - MemInfo: [malloc] Space in freed fastbin blocks:                   944 Byte
20220312 013406.073 INFO             PET0 PIOc_freedecomp Exit - MemInfo: [malloc] Total allocated space:                       2702416 Byte
20220312 013406.073 INFO             PET0 PIOc_freedecomp Exit - MemInfo: [malloc] Total free space:                             201648 Byte
20220312 013406.073 INFO             PET0 PIOc_freedecomp Exit - MemInfo: [malloc] Top-most, releasable space:                    53664 Byte
20220312 013406.073 INFO             PET0 PIOc_freedecomp Exit - MemInfo: [malloc] Total space in use, mmap + non-mmap:        88702032 Byte
20220312 013406.073 INFO             PET0 PIOc_freedecomp Exit - MemInfo: [malloc] Total space held (mmap + non-mmap):         88903680 Byte
20220312 013406.073 INFO             PET0 PIOc_freedecomp Exit - MemInfo: [malloc] Total space used (mmap + non-mmap):         88711392 Byte
20220312 013406.073 INFO             PET0 PIOc_freedecomp Exit - MemInfo: Wall-clock time since execution start:              0.0167096 seconds
20220312 013406.074 INFO             PET0 PIOc_sync Enter - MemInfo: [/proc/meminfo - SSI]	MemTotal:       131394444 kB
20220312 013406.074 INFO             PET0 PIOc_sync Enter - MemInfo: [/proc/meminfo - SSI]	MemFree:        118751976 kB
20220312 013406.074 INFO             PET0 PIOc_sync Enter - MemInfo: [/proc/meminfo - SSI]	MemAvailable:   118455796 kB
20220312 013406.074 INFO             PET0 PIOc_sync Enter - MemInfo: [/proc/meminfo - SSI]	Committed_AS:    3867320 kB
20220312 013406.074 INFO             PET0 PIOc_sync Enter - MemInfo: [/proc/meminfo - SSI]	CommittedPercent: 2.94329 %
20220312 013406.074 INFO             PET0 PIOc_sync Enter - MemInfo: [/proc/self/status]	VmPeak:	 3801196 kB
20220312 013406.074 INFO             PET0 PIOc_sync Enter - MemInfo: [/proc/self/status]	VmSize:	 3801196 kB
20220312 013406.074 INFO             PET0 PIOc_sync Enter - MemInfo: [/proc/self/status]	VmLck:	       0 kB
20220312 013406.074 INFO             PET0 PIOc_sync Enter - MemInfo: [/proc/self/status]	VmPin:	   82140 kB
20220312 013406.074 INFO             PET0 PIOc_sync Enter - MemInfo: [/proc/self/status]	VmHWM:	  148192 kB
20220312 013406.074 INFO             PET0 PIOc_sync Enter - MemInfo: [/proc/self/status]	VmRSS:	  147300 kB
20220312 013406.074 INFO             PET0 PIOc_sync Enter - MemInfo: [/proc/self/status]	VmData:	  271300 kB
20220312 013406.074 INFO             PET0 PIOc_sync Enter - MemInfo: [/proc/self/status]	VmStk:	     512 kB
20220312 013406.074 INFO             PET0 PIOc_sync Enter - MemInfo: [/proc/self/status]	VmExe:	    1940 kB
20220312 013406.074 INFO             PET0 PIOc_sync Enter - MemInfo: [/proc/self/status]	VmLib:	  104128 kB
20220312 013406.074 INFO             PET0 PIOc_sync Enter - MemInfo: [/proc/self/status]	VmPTE:	     712 kB
20220312 013406.074 INFO             PET0 PIOc_sync Enter - MemInfo: [/proc/self/status]	VmPMD:	      32 kB
20220312 013406.074 INFO             PET0 PIOc_sync Enter - MemInfo: [/proc/self/status]	VmSwap:	       0 kB
20220312 013406.074 INFO             PET0 PIOc_sync Enter - MemInfo: [/proc/self/status]	VmRSSPercent: 0.112105 %
20220312 013406.074 INFO             PET0 PIOc_sync Enter - MemInfo: [malloc] Non-mmapped space allocated:                 5591040 Byte
20220312 013406.074 INFO             PET0 PIOc_sync Enter - MemInfo: [malloc] Space allocated in mmapped regions:         85999616 Byte
20220312 013406.074 INFO             PET0 PIOc_sync Enter - MemInfo: [malloc] Maximum total allocated space:                     0 Byte
20220312 013406.074 INFO             PET0 PIOc_sync Enter - MemInfo: [malloc] Space in freed fastbin blocks:                   144 Byte
20220312 013406.074 INFO             PET0 PIOc_sync Enter - MemInfo: [malloc] Total allocated space:                       5339872 Byte
20220312 013406.074 INFO             PET0 PIOc_sync Enter - MemInfo: [malloc] Total free space:                             251168 Byte
20220312 013406.074 INFO             PET0 PIOc_sync Enter - MemInfo: [malloc] Top-most, releasable space:                   118880 Byte
20220312 013406.074 INFO             PET0 PIOc_sync Enter - MemInfo: [malloc] Total space in use, mmap + non-mmap:        91339488 Byte
20220312 013406.074 INFO             PET0 PIOc_sync Enter - MemInfo: [malloc] Total space held (mmap + non-mmap):         91590656 Byte
20220312 013406.074 INFO             PET0 PIOc_sync Enter - MemInfo: [malloc] Total space used (mmap + non-mmap):         91348848 Byte
20220312 013406.074 INFO             PET0 PIOc_sync Enter - MemInfo: Wall-clock time since execution start:              0.0181248 seconds
20220312 013406.074 INFO             PET0 PIOc_sync Exit - MemInfo: [/proc/meminfo - SSI]	MemTotal:       131394444 kB
20220312 013406.074 INFO             PET0 PIOc_sync Exit - MemInfo: [/proc/meminfo - SSI]	MemFree:        118751976 kB
20220312 013406.074 INFO             PET0 PIOc_sync Exit - MemInfo: [/proc/meminfo - SSI]	MemAvailable:   118455796 kB
20220312 013406.074 INFO             PET0 PIOc_sync Exit - MemInfo: [/proc/meminfo - SSI]	Committed_AS:    3867320 kB
20220312 013406.074 INFO             PET0 PIOc_sync Exit - MemInfo: [/proc/meminfo - SSI]	CommittedPercent: 2.94329 %
20220312 013406.074 INFO             PET0 PIOc_sync Exit - MemInfo: [/proc/self/status]	VmPeak:	 3801196 kB
20220312 013406.074 INFO             PET0 PIOc_sync Exit - MemInfo: [/proc/self/status]	VmSize:	 3801196 kB
20220312 013406.074 INFO             PET0 PIOc_sync Exit - MemInfo: [/proc/self/status]	VmLck:	       0 kB
20220312 013406.074 INFO             PET0 PIOc_sync Exit - MemInfo: [/proc/self/status]	VmPin:	   82140 kB
20220312 013406.075 INFO             PET0 PIOc_sync Exit - MemInfo: [/proc/self/status]	VmHWM:	  148192 kB
20220312 013406.075 INFO             PET0 PIOc_sync Exit - MemInfo: [/proc/self/status]	VmRSS:	  147320 kB
20220312 013406.075 INFO             PET0 PIOc_sync Exit - MemInfo: [/proc/self/status]	VmData:	  271300 kB
20220312 013406.075 INFO             PET0 PIOc_sync Exit - MemInfo: [/proc/self/status]	VmStk:	     512 kB
20220312 013406.075 INFO             PET0 PIOc_sync Exit - MemInfo: [/proc/self/status]	VmExe:	    1940 kB
20220312 013406.075 INFO             PET0 PIOc_sync Exit - MemInfo: [/proc/self/status]	VmLib:	  104128 kB
20220312 013406.075 INFO             PET0 PIOc_sync Exit - MemInfo: [/proc/self/status]	VmPTE:	     712 kB
20220312 013406.075 INFO             PET0 PIOc_sync Exit - MemInfo: [/proc/self/status]	VmPMD:	      32 kB
20220312 013406.075 INFO             PET0 PIOc_sync Exit - MemInfo: [/proc/self/status]	VmSwap:	       0 kB
20220312 013406.075 INFO             PET0 PIOc_sync Exit - MemInfo: [/proc/self/status]	VmRSSPercent: 0.11212 %
20220312 013406.075 INFO             PET0 PIOc_sync Exit - MemInfo: [malloc] Non-mmapped space allocated:                 5591040 Byte
20220312 013406.075 INFO             PET0 PIOc_sync Exit - MemInfo: [malloc] Space allocated in mmapped regions:         85999616 Byte
20220312 013406.075 INFO             PET0 PIOc_sync Exit - MemInfo: [malloc] Maximum total allocated space:                     0 Byte
20220312 013406.075 INFO             PET0 PIOc_sync Exit - MemInfo: [malloc] Space in freed fastbin blocks:                   144 Byte
20220312 013406.075 INFO             PET0 PIOc_sync Exit - MemInfo: [malloc] Total allocated space:                       5339120 Byte
20220312 013406.075 INFO             PET0 PIOc_sync Exit - MemInfo: [malloc] Total free space:                             251920 Byte
20220312 013406.075 INFO             PET0 PIOc_sync Exit - MemInfo: [malloc] Top-most, releasable space:                   119408 Byte
20220312 013406.075 INFO             PET0 PIOc_sync Exit - MemInfo: [malloc] Total space in use, mmap + non-mmap:        91338736 Byte
20220312 013406.075 INFO             PET0 PIOc_sync Exit - MemInfo: [malloc] Total space held (mmap + non-mmap):         91590656 Byte
20220312 013406.075 INFO             PET0 PIOc_sync Exit - MemInfo: [malloc] Total space used (mmap + non-mmap):         91348096 Byte
20220312 013406.075 INFO             PET0 PIOc_sync Exit - MemInfo: Wall-clock time since execution start:              0.0185961 seconds
20220312 013406.075 INFO             PET0 PIOc_freedecomp Enter - MemInfo: [/proc/meminfo - SSI]	MemTotal:       131394444 kB
20220312 013406.075 INFO             PET0 PIOc_freedecomp Enter - MemInfo: [/proc/meminfo - SSI]	MemFree:        118751976 kB
20220312 013406.075 INFO             PET0 PIOc_freedecomp Enter - MemInfo: [/proc/meminfo - SSI]	MemAvailable:   118455796 kB
20220312 013406.075 INFO             PET0 PIOc_freedecomp Enter - MemInfo: [/proc/meminfo - SSI]	Committed_AS:    3867320 kB
20220312 013406.075 INFO             PET0 PIOc_freedecomp Enter - MemInfo: [/proc/meminfo - SSI]	CommittedPercent: 2.94329 %
20220312 013406.075 INFO             PET0 PIOc_freedecomp Enter - MemInfo: [/proc/self/status]	VmPeak:	 3801196 kB
20220312 013406.075 INFO             PET0 PIOc_freedecomp Enter - MemInfo: [/proc/self/status]	VmSize:	 3801196 kB
20220312 013406.075 INFO             PET0 PIOc_freedecomp Enter - MemInfo: [/proc/self/status]	VmLck:	       0 kB
20220312 013406.075 INFO             PET0 PIOc_freedecomp Enter - MemInfo: [/proc/self/status]	VmPin:	   82140 kB
20220312 013406.075 INFO             PET0 PIOc_freedecomp Enter - MemInfo: [/proc/self/status]	VmHWM:	  148192 kB
20220312 013406.075 INFO             PET0 PIOc_freedecomp Enter - MemInfo: [/proc/self/status]	VmRSS:	  147320 kB
20220312 013406.075 INFO             PET0 PIOc_freedecomp Enter - MemInfo: [/proc/self/status]	VmData:	  271300 kB
20220312 013406.075 INFO             PET0 PIOc_freedecomp Enter - MemInfo: [/proc/self/status]	VmStk:	     512 kB
20220312 013406.075 INFO             PET0 PIOc_freedecomp Enter - MemInfo: [/proc/self/status]	VmExe:	    1940 kB
20220312 013406.075 INFO             PET0 PIOc_freedecomp Enter - MemInfo: [/proc/self/status]	VmLib:	  104128 kB
20220312 013406.075 INFO             PET0 PIOc_freedecomp Enter - MemInfo: [/proc/self/status]	VmPTE:	     712 kB
20220312 013406.075 INFO             PET0 PIOc_freedecomp Enter - MemInfo: [/proc/self/status]	VmPMD:	      32 kB
20220312 013406.075 INFO             PET0 PIOc_freedecomp Enter - MemInfo: [/proc/self/status]	VmSwap:	       0 kB
20220312 013406.075 INFO             PET0 PIOc_freedecomp Enter - MemInfo: [/proc/self/status]	VmRSSPercent: 0.11212 %
20220312 013406.075 INFO             PET0 PIOc_freedecomp Enter - MemInfo: [malloc] Non-mmapped space allocated:                 5591040 Byte
20220312 013406.075 INFO             PET0 PIOc_freedecomp Enter - MemInfo: [malloc] Space allocated in mmapped regions:         85999616 Byte
20220312 013406.075 INFO             PET0 PIOc_freedecomp Enter - MemInfo: [malloc] Maximum total allocated space:                     0 Byte
20220312 013406.075 INFO             PET0 PIOc_freedecomp Enter - MemInfo: [malloc] Space in freed fastbin blocks:                   368 Byte
20220312 013406.075 INFO             PET0 PIOc_freedecomp Enter - MemInfo: [malloc] Total allocated space:                       2704176 Byte
20220312 013406.075 INFO             PET0 PIOc_freedecomp Enter - MemInfo: [malloc] Total free space:                            2886864 Byte
20220312 013406.075 INFO             PET0 PIOc_freedecomp Enter - MemInfo: [malloc] Top-most, releasable space:                   120320 Byte
20220312 013406.075 INFO             PET0 PIOc_freedecomp Enter - MemInfo: [malloc] Total space in use, mmap + non-mmap:        88703792 Byte
20220312 013406.075 INFO             PET0 PIOc_freedecomp Enter - MemInfo: [malloc] Total space held (mmap + non-mmap):         91590656 Byte
20220312 013406.075 INFO             PET0 PIOc_freedecomp Enter - MemInfo: [malloc] Total space used (mmap + non-mmap):         88713152 Byte
20220312 013406.075 INFO             PET0 PIOc_freedecomp Enter - MemInfo: Wall-clock time since execution start:              0.0189582 seconds
20220312 013406.075 INFO             PET0 PIOc_freedecomp Exit - MemInfo: [/proc/meminfo - SSI]	MemTotal:       131394444 kB
20220312 013406.075 INFO             PET0 PIOc_freedecomp Exit - MemInfo: [/proc/meminfo - SSI]	MemFree:        118751976 kB
20220312 013406.075 INFO             PET0 PIOc_freedecomp Exit - MemInfo: [/proc/meminfo - SSI]	MemAvailable:   118455796 kB
20220312 013406.075 INFO             PET0 PIOc_freedecomp Exit - MemInfo: [/proc/meminfo - SSI]	Committed_AS:    3867320 kB
20220312 013406.075 INFO             PET0 PIOc_freedecomp Exit - MemInfo: [/proc/meminfo - SSI]	CommittedPercent: 2.94329 %
20220312 013406.075 INFO             PET0 PIOc_freedecomp Exit - MemInfo: [/proc/self/status]	VmPeak:	 3801196 kB
20220312 013406.075 INFO             PET0 PIOc_freedecomp Exit - MemInfo: [/proc/self/status]	VmSize:	 3801196 kB
20220312 013406.075 INFO             PET0 PIOc_freedecomp Exit - MemInfo: [/proc/self/status]	VmLck:	       0 kB
20220312 013406.075 INFO             PET0 PIOc_freedecomp Exit - MemInfo: [/proc/self/status]	VmPin:	   82140 kB
20220312 013406.075 INFO             PET0 PIOc_freedecomp Exit - MemInfo: [/proc/self/status]	VmHWM:	  148192 kB
20220312 013406.075 INFO             PET0 PIOc_freedecomp Exit - MemInfo: [/proc/self/status]	VmRSS:	  147320 kB
20220312 013406.075 INFO             PET0 PIOc_freedecomp Exit - MemInfo: [/proc/self/status]	VmData:	  271300 kB
20220312 013406.075 INFO             PET0 PIOc_freedecomp Exit - MemInfo: [/proc/self/status]	VmStk:	     512 kB
20220312 013406.075 INFO             PET0 PIOc_freedecomp Exit - MemInfo: [/proc/self/status]	VmExe:	    1940 kB
20220312 013406.075 INFO             PET0 PIOc_freedecomp Exit - MemInfo: [/proc/self/status]	VmLib:	  104128 kB
20220312 013406.075 INFO             PET0 PIOc_freedecomp Exit - MemInfo: [/proc/self/status]	VmPTE:	     712 kB
20220312 013406.075 INFO             PET0 PIOc_freedecomp Exit - MemInfo: [/proc/self/status]	VmPMD:	      32 kB
20220312 013406.075 INFO             PET0 PIOc_freedecomp Exit - MemInfo: [/proc/self/status]	VmSwap:	       0 kB
20220312 013406.075 INFO             PET0 PIOc_freedecomp Exit - MemInfo: [/proc/self/status]	VmRSSPercent: 0.11212 %
20220312 013406.075 INFO             PET0 PIOc_freedecomp Exit - MemInfo: [malloc] Non-mmapped space allocated:                 5591040 Byte
20220312 013406.075 INFO             PET0 PIOc_freedecomp Exit - MemInfo: [malloc] Space allocated in mmapped regions:         85999616 Byte
20220312 013406.075 INFO             PET0 PIOc_freedecomp Exit - MemInfo: [malloc] Maximum total allocated space:                     0 Byte
20220312 013406.075 INFO             PET0 PIOc_freedecomp Exit - MemInfo: [malloc] Space in freed fastbin blocks:                   144 Byte
20220312 013406.075 INFO             PET0 PIOc_freedecomp Exit - MemInfo: [malloc] Total allocated space:                       2702416 Byte
20220312 013406.075 INFO             PET0 PIOc_freedecomp Exit - MemInfo: [malloc] Total free space:                            2888624 Byte
20220312 013406.075 INFO             PET0 PIOc_freedecomp Exit - MemInfo: [malloc] Top-most, releasable space:                  2754576 Byte
20220312 013406.075 INFO             PET0 PIOc_freedecomp Exit - MemInfo: [malloc] Total space in use, mmap + non-mmap:        88702032 Byte
20220312 013406.075 INFO             PET0 PIOc_freedecomp Exit - MemInfo: [malloc] Total space held (mmap + non-mmap):         91590656 Byte
20220312 013406.075 INFO             PET0 PIOc_freedecomp Exit - MemInfo: [malloc] Total space used (mmap + non-mmap):         88711392 Byte
20220312 013406.075 INFO             PET0 PIOc_freedecomp Exit - MemInfo: Wall-clock time since execution start:              0.0192978 seconds
20220312 013406.076 INFO             PET0 PIOc_sync Enter - MemInfo: [/proc/meminfo - SSI]	MemTotal:       131394444 kB
20220312 013406.076 INFO             PET0 PIOc_sync Enter - MemInfo: [/proc/meminfo - SSI]	MemFree:        118751480 kB
20220312 013406.076 INFO             PET0 PIOc_sync Enter - MemInfo: [/proc/meminfo - SSI]	MemAvailable:   118455300 kB
20220312 013406.076 INFO             PET0 PIOc_sync Enter - MemInfo: [/proc/meminfo - SSI]	Committed_AS:    3867320 kB
20220312 013406.076 INFO             PET0 PIOc_sync Enter - MemInfo: [/proc/meminfo - SSI]	CommittedPercent: 2.94329 %
20220312 013406.076 INFO             PET0 PIOc_sync Enter - MemInfo: [/proc/self/status]	VmPeak:	 3802216 kB
20220312 013406.076 INFO             PET0 PIOc_sync Enter - MemInfo: [/proc/self/status]	VmSize:	 3801196 kB
20220312 013406.076 INFO             PET0 PIOc_sync Enter - MemInfo: [/proc/self/status]	VmLck:	       0 kB
20220312 013406.076 INFO             PET0 PIOc_sync Enter - MemInfo: [/proc/self/status]	VmPin:	   82140 kB
20220312 013406.076 INFO             PET0 PIOc_sync Enter - MemInfo: [/proc/self/status]	VmHWM:	  148192 kB
20220312 013406.076 INFO             PET0 PIOc_sync Enter - MemInfo: [/proc/self/status]	VmRSS:	  147800 kB
20220312 013406.076 INFO             PET0 PIOc_sync Enter - MemInfo: [/proc/self/status]	VmData:	  271300 kB
20220312 013406.076 INFO             PET0 PIOc_sync Enter - MemInfo: [/proc/self/status]	VmStk:	     512 kB
20220312 013406.076 INFO             PET0 PIOc_sync Enter - MemInfo: [/proc/self/status]	VmExe:	    1940 kB
20220312 013406.076 INFO             PET0 PIOc_sync Enter - MemInfo: [/proc/self/status]	VmLib:	  104128 kB
20220312 013406.076 INFO             PET0 PIOc_sync Enter - MemInfo: [/proc/self/status]	VmPTE:	     712 kB
20220312 013406.076 INFO             PET0 PIOc_sync Enter - MemInfo: [/proc/self/status]	VmPMD:	      32 kB
20220312 013406.076 INFO             PET0 PIOc_sync Enter - MemInfo: [/proc/self/status]	VmSwap:	       0 kB
20220312 013406.077 INFO             PET0 PIOc_sync Enter - MemInfo: [/proc/self/status]	VmRSSPercent: 0.112486 %
20220312 013406.077 INFO             PET0 PIOc_sync Enter - MemInfo: [malloc] Non-mmapped space allocated:                 5591040 Byte
20220312 013406.077 INFO             PET0 PIOc_sync Enter - MemInfo: [malloc] Space allocated in mmapped regions:         85999616 Byte
20220312 013406.077 INFO             PET0 PIOc_sync Enter - MemInfo: [malloc] Maximum total allocated space:                     0 Byte
20220312 013406.077 INFO             PET0 PIOc_sync Enter - MemInfo: [malloc] Space in freed fastbin blocks:                   144 Byte
20220312 013406.077 INFO             PET0 PIOc_sync Enter - MemInfo: [malloc] Total allocated space:                       5340320 Byte
20220312 013406.077 INFO             PET0 PIOc_sync Enter - MemInfo: [malloc] Total free space:                             250720 Byte
20220312 013406.077 INFO             PET0 PIOc_sync Enter - MemInfo: [malloc] Top-most, releasable space:                   118256 Byte
20220312 013406.077 INFO             PET0 PIOc_sync Enter - MemInfo: [malloc] Total space in use, mmap + non-mmap:        91339936 Byte
20220312 013406.077 INFO             PET0 PIOc_sync Enter - MemInfo: [malloc] Total space held (mmap + non-mmap):         91590656 Byte
20220312 013406.077 INFO             PET0 PIOc_sync Enter - MemInfo: [malloc] Total space used (mmap + non-mmap):         91349296 Byte
20220312 013406.077 INFO             PET0 PIOc_sync Enter - MemInfo: Wall-clock time since execution start:              0.0205279 seconds
20220312 013406.077 INFO             PET0 PIOc_sync Exit - MemInfo: [/proc/meminfo - SSI]	MemTotal:       131394444 kB
20220312 013406.077 INFO             PET0 PIOc_sync Exit - MemInfo: [/proc/meminfo - SSI]	MemFree:        118751480 kB
20220312 013406.077 INFO             PET0 PIOc_sync Exit - MemInfo: [/proc/meminfo - SSI]	MemAvailable:   118455300 kB
20220312 013406.077 INFO             PET0 PIOc_sync Exit - MemInfo: [/proc/meminfo - SSI]	Committed_AS:    3867320 kB
20220312 013406.077 INFO             PET0 PIOc_sync Exit - MemInfo: [/proc/meminfo - SSI]	CommittedPercent: 2.94329 %
20220312 013406.077 INFO             PET0 PIOc_sync Exit - MemInfo: [/proc/self/status]	VmPeak:	 3802216 kB
20220312 013406.077 INFO             PET0 PIOc_sync Exit - MemInfo: [/proc/self/status]	VmSize:	 3801196 kB
20220312 013406.077 INFO             PET0 PIOc_sync Exit - MemInfo: [/proc/self/status]	VmLck:	       0 kB
20220312 013406.077 INFO             PET0 PIOc_sync Exit - MemInfo: [/proc/self/status]	VmPin:	   82140 kB
20220312 013406.077 INFO             PET0 PIOc_sync Exit - MemInfo: [/proc/self/status]	VmHWM:	  148192 kB
20220312 013406.077 INFO             PET0 PIOc_sync Exit - MemInfo: [/proc/self/status]	VmRSS:	  147808 kB
20220312 013406.077 INFO             PET0 PIOc_sync Exit - MemInfo: [/proc/self/status]	VmData:	  271300 kB
20220312 013406.077 INFO             PET0 PIOc_sync Exit - MemInfo: [/proc/self/status]	VmStk:	     512 kB
20220312 013406.077 INFO             PET0 PIOc_sync Exit - MemInfo: [/proc/self/status]	VmExe:	    1940 kB
20220312 013406.077 INFO             PET0 PIOc_sync Exit - MemInfo: [/proc/self/status]	VmLib:	  104128 kB
20220312 013406.077 INFO             PET0 PIOc_sync Exit - MemInfo: [/proc/self/status]	VmPTE:	     712 kB
20220312 013406.077 INFO             PET0 PIOc_sync Exit - MemInfo: [/proc/self/status]	VmPMD:	      32 kB
20220312 013406.077 INFO             PET0 PIOc_sync Exit - MemInfo: [/proc/self/status]	VmSwap:	       0 kB
20220312 013406.077 INFO             PET0 PIOc_sync Exit - MemInfo: [/proc/self/status]	VmRSSPercent: 0.112492 %
20220312 013406.077 INFO             PET0 PIOc_sync Exit - MemInfo: [malloc] Non-mmapped space allocated:                 5591040 Byte
20220312 013406.077 INFO             PET0 PIOc_sync Exit - MemInfo: [malloc] Space allocated in mmapped regions:         85999616 Byte
20220312 013406.077 INFO             PET0 PIOc_sync Exit - MemInfo: [malloc] Maximum total allocated space:                     0 Byte
20220312 013406.077 INFO             PET0 PIOc_sync Exit - MemInfo: [malloc] Space in freed fastbin blocks:                   144 Byte
20220312 013406.077 INFO             PET0 PIOc_sync Exit - MemInfo: [malloc] Total allocated space:                       5339568 Byte
20220312 013406.077 INFO             PET0 PIOc_sync Exit - MemInfo: [malloc] Total free space:                             251472 Byte
20220312 013406.077 INFO             PET0 PIOc_sync Exit - MemInfo: [malloc] Top-most, releasable space:                   118784 Byte
20220312 013406.077 INFO             PET0 PIOc_sync Exit - MemInfo: [malloc] Total space in use, mmap + non-mmap:        91339184 Byte
20220312 013406.077 INFO             PET0 PIOc_sync Exit - MemInfo: [malloc] Total space held (mmap + non-mmap):         91590656 Byte
20220312 013406.077 INFO             PET0 PIOc_sync Exit - MemInfo: [malloc] Total space used (mmap + non-mmap):         91348544 Byte
20220312 013406.077 INFO             PET0 PIOc_sync Exit - MemInfo: Wall-clock time since execution start:              0.0209853 seconds
20220312 013406.077 INFO             PET0 PIOc_freedecomp Enter - MemInfo: [/proc/meminfo - SSI]	MemTotal:       131394444 kB
20220312 013406.077 INFO             PET0 PIOc_freedecomp Enter - MemInfo: [/proc/meminfo - SSI]	MemFree:        118751480 kB
20220312 013406.077 INFO             PET0 PIOc_freedecomp Enter - MemInfo: [/proc/meminfo - SSI]	MemAvailable:   118455300 kB
20220312 013406.077 INFO             PET0 PIOc_freedecomp Enter - MemInfo: [/proc/meminfo - SSI]	Committed_AS:    3867320 kB
20220312 013406.077 INFO             PET0 PIOc_freedecomp Enter - MemInfo: [/proc/meminfo - SSI]	CommittedPercent: 2.94329 %
20220312 013406.077 INFO             PET0 PIOc_freedecomp Enter - MemInfo: [/proc/self/status]	VmPeak:	 3802216 kB
20220312 013406.077 INFO             PET0 PIOc_freedecomp Enter - MemInfo: [/proc/self/status]	VmSize:	 3801196 kB
20220312 013406.077 INFO             PET0 PIOc_freedecomp Enter - MemInfo: [/proc/self/status]	VmLck:	       0 kB
20220312 013406.077 INFO             PET0 PIOc_freedecomp Enter - MemInfo: [/proc/self/status]	VmPin:	   82140 kB
20220312 013406.077 INFO             PET0 PIOc_freedecomp Enter - MemInfo: [/proc/self/status]	VmHWM:	  148192 kB
20220312 013406.077 INFO             PET0 PIOc_freedecomp Enter - MemInfo: [/proc/self/status]	VmRSS:	  147808 kB
20220312 013406.077 INFO             PET0 PIOc_freedecomp Enter - MemInfo: [/proc/self/status]	VmData:	  271300 kB
20220312 013406.077 INFO             PET0 PIOc_freedecomp Enter - MemInfo: [/proc/self/status]	VmStk:	     512 kB
20220312 013406.077 INFO             PET0 PIOc_freedecomp Enter - MemInfo: [/proc/self/status]	VmExe:	    1940 kB
20220312 013406.077 INFO             PET0 PIOc_freedecomp Enter - MemInfo: [/proc/self/status]	VmLib:	  104128 kB
20220312 013406.077 INFO             PET0 PIOc_freedecomp Enter - MemInfo: [/proc/self/status]	VmPTE:	     712 kB
20220312 013406.077 INFO             PET0 PIOc_freedecomp Enter - MemInfo: [/proc/self/status]	VmPMD:	      32 kB
20220312 013406.077 INFO             PET0 PIOc_freedecomp Enter - MemInfo: [/proc/self/status]	VmSwap:	       0 kB
20220312 013406.077 INFO             PET0 PIOc_freedecomp Enter - MemInfo: [/proc/self/status]	VmRSSPercent: 0.112492 %
20220312 013406.077 INFO             PET0 PIOc_freedecomp Enter - MemInfo: [malloc] Non-mmapped space allocated:                 5591040 Byte
20220312 013406.077 INFO             PET0 PIOc_freedecomp Enter - MemInfo: [malloc] Space allocated in mmapped regions:         85999616 Byte
20220312 013406.077 INFO             PET0 PIOc_freedecomp Enter - MemInfo: [malloc] Maximum total allocated space:                     0 Byte
20220312 013406.077 INFO             PET0 PIOc_freedecomp Enter - MemInfo: [malloc] Space in freed fastbin blocks:                   368 Byte
20220312 013406.077 INFO             PET0 PIOc_freedecomp Enter - MemInfo: [malloc] Total allocated space:                       2704160 Byte
20220312 013406.077 INFO             PET0 PIOc_freedecomp Enter - MemInfo: [malloc] Total free space:                            2886880 Byte
20220312 013406.077 INFO             PET0 PIOc_freedecomp Enter - MemInfo: [malloc] Top-most, releasable space:                   119888 Byte
20220312 013406.077 INFO             PET0 PIOc_freedecomp Enter - MemInfo: [malloc] Total space in use, mmap + non-mmap:        88703776 Byte
20220312 013406.077 INFO             PET0 PIOc_freedecomp Enter - MemInfo: [malloc] Total space held (mmap + non-mmap):         91590656 Byte
20220312 013406.077 INFO             PET0 PIOc_freedecomp Enter - MemInfo: [malloc] Total space used (mmap + non-mmap):         88713136 Byte
20220312 013406.077 INFO             PET0 PIOc_freedecomp Enter - MemInfo: Wall-clock time since execution start:              0.0213486 seconds
20220312 013406.077 INFO             PET0 PIOc_freedecomp Exit - MemInfo: [/proc/meminfo - SSI]	MemTotal:       131394444 kB
20220312 013406.077 INFO             PET0 PIOc_freedecomp Exit - MemInfo: [/proc/meminfo - SSI]	MemFree:        118751480 kB
20220312 013406.077 INFO             PET0 PIOc_freedecomp Exit - MemInfo: [/proc/meminfo - SSI]	MemAvailable:   118455300 kB
20220312 013406.078 INFO             PET0 PIOc_freedecomp Exit - MemInfo: [/proc/meminfo - SSI]	Committed_AS:    3867320 kB
20220312 013406.078 INFO             PET0 PIOc_freedecomp Exit - MemInfo: [/proc/meminfo - SSI]	CommittedPercent: 2.94329 %
20220312 013406.078 INFO             PET0 PIOc_freedecomp Exit - MemInfo: [/proc/self/status]	VmPeak:	 3802216 kB
20220312 013406.078 INFO             PET0 PIOc_freedecomp Exit - MemInfo: [/proc/self/status]	VmSize:	 3801196 kB
20220312 013406.078 INFO             PET0 PIOc_freedecomp Exit - MemInfo: [/proc/self/status]	VmLck:	       0 kB
20220312 013406.078 INFO             PET0 PIOc_freedecomp Exit - MemInfo: [/proc/self/status]	VmPin:	   82140 kB
20220312 013406.078 INFO             PET0 PIOc_freedecomp Exit - MemInfo: [/proc/self/status]	VmHWM:	  148192 kB
20220312 013406.078 INFO             PET0 PIOc_freedecomp Exit - MemInfo: [/proc/self/status]	VmRSS:	  147808 kB
20220312 013406.078 INFO             PET0 PIOc_freedecomp Exit - MemInfo: [/proc/self/status]	VmData:	  271300 kB
20220312 013406.078 INFO             PET0 PIOc_freedecomp Exit - MemInfo: [/proc/self/status]	VmStk:	     512 kB
20220312 013406.078 INFO             PET0 PIOc_freedecomp Exit - MemInfo: [/proc/self/status]	VmExe:	    1940 kB
20220312 013406.078 INFO             PET0 PIOc_freedecomp Exit - MemInfo: [/proc/self/status]	VmLib:	  104128 kB
20220312 013406.078 INFO             PET0 PIOc_freedecomp Exit - MemInfo: [/proc/self/status]	VmPTE:	     712 kB
20220312 013406.078 INFO             PET0 PIOc_freedecomp Exit - MemInfo: [/proc/self/status]	VmPMD:	      32 kB
20220312 013406.078 INFO             PET0 PIOc_freedecomp Exit - MemInfo: [/proc/self/status]	VmSwap:	       0 kB
20220312 013406.078 INFO             PET0 PIOc_freedecomp Exit - MemInfo: [/proc/self/status]	VmRSSPercent: 0.112492 %
20220312 013406.078 INFO             PET0 PIOc_freedecomp Exit - MemInfo: [malloc] Non-mmapped space allocated:                 5591040 Byte
20220312 013406.078 INFO             PET0 PIOc_freedecomp Exit - MemInfo: [malloc] Space allocated in mmapped regions:         85999616 Byte
20220312 013406.078 INFO             PET0 PIOc_freedecomp Exit - MemInfo: [malloc] Maximum total allocated space:                     0 Byte
20220312 013406.078 INFO             PET0 PIOc_freedecomp Exit - MemInfo: [malloc] Space in freed fastbin blocks:                   272 Byte
20220312 013406.078 INFO             PET0 PIOc_freedecomp Exit - MemInfo: [malloc] Total allocated space:                       2702416 Byte
20220312 013406.078 INFO             PET0 PIOc_freedecomp Exit - MemInfo: [malloc] Total free space:                            2888624 Byte
20220312 013406.078 INFO             PET0 PIOc_freedecomp Exit - MemInfo: [malloc] Top-most, releasable space:                  2754576 Byte
20220312 013406.078 INFO             PET0 PIOc_freedecomp Exit - MemInfo: [malloc] Total space in use, mmap + non-mmap:        88702032 Byte
20220312 013406.078 INFO             PET0 PIOc_freedecomp Exit - MemInfo: [malloc] Total space held (mmap + non-mmap):         91590656 Byte
20220312 013406.078 INFO             PET0 PIOc_freedecomp Exit - MemInfo: [malloc] Total space used (mmap + non-mmap):         88711392 Byte
20220312 013406.078 INFO             PET0 PIOc_freedecomp Exit - MemInfo: Wall-clock time since execution start:              0.0216859 seconds
20220312 013406.078 INFO             PET0  PASS  ESMF_OutputWeightFile, ESMF_IOUTest.F90, line 81
20220312 013406.080 INFO             PET0  PASS  call ESMF_OutputWeightFile with empty factor list on four PETs, ESMF_IOUTest.F90, line 191
20220312 013406.080 INFO             PET0  Ending Test, file ESMF_IOUTest.F90, line 201
20220312 013406.080 INFO             PET0 Finalizing ESMF
20220312 013406.065 INFO             PET1 !!!!!!!!!!!!!!!!!!!!!!!!!!!!!!!!!!!!!!!!!!!!!!!!!!!!!!
20220312 013406.065 INFO             PET1 !!! THE ESMF_LOG IS SET TO OUTPUT ALL LOG MESSAGES !!!
20220312 013406.065 INFO             PET1 !!!     THIS MAY CAUSE SLOWDOWN IN PERFORMANCE     !!!
20220312 013406.065 INFO             PET1 !!! FOR PRODUCTION RUNS, USE:                      !!!
20220312 013406.065 INFO             PET1 !!!                   ESMF_LOGKIND_Multi_On_Error  !!!
20220312 013406.065 INFO             PET1 !!!!!!!!!!!!!!!!!!!!!!!!!!!!!!!!!!!!!!!!!!!!!!!!!!!!!!
20220312 013406.065 INFO             PET1 Running with ESMF Version   : v8.3.0b09-96-g559b459836
20220312 013406.065 INFO             PET1 ESMF library build date/time: "Mar 12 2022" "01:13:12"
20220312 013406.065 INFO             PET1 ESMF library build location : /gpfsm/dnb04/projects/p98/mpotts/esmf/intel_2020_intelmpi_O_jedwards_pio_update2
20220312 013406.065 INFO             PET1 ESMF_COMM                   : intelmpi
20220312 013406.065 INFO             PET1 ESMF_MOAB                   : enabled
20220312 013406.065 INFO             PET1 ESMF_LAPACK                 : enabled
20220312 013406.065 INFO             PET1 ESMF_NETCDF                 : enabled
20220312 013406.065 INFO             PET1 ESMF_PNETCDF                : disabled
20220312 013406.065 INFO             PET1 ESMF_PIO                    : enabled
20220312 013406.065 INFO             PET1 ESMF_YAMLCPP                : enabled
20220312 013406.065 INFO             PET1  Beginning Test, file ESMF_IOUTest.F90, line 57
20220312 013406.065 INFO             PET1  NUMBER_OF_PROCESSORS           4
20220312 013406.065 INFO             PET1 Starting Test:  ESMF_OutputWeightFile
20220312 013406.070 INFO             PET1 PIOc_sync Enter - MemInfo: [/proc/meminfo - SSI]	MemTotal:       131394444 kB
20220312 013406.070 INFO             PET1 PIOc_sync Enter - MemInfo: [/proc/meminfo - SSI]	MemFree:        118751860 kB
20220312 013406.070 INFO             PET1 PIOc_sync Enter - MemInfo: [/proc/meminfo - SSI]	MemAvailable:   118455680 kB
20220312 013406.070 INFO             PET1 PIOc_sync Enter - MemInfo: [/proc/meminfo - SSI]	Committed_AS:    3867320 kB
20220312 013406.070 INFO             PET1 PIOc_sync Enter - MemInfo: [/proc/meminfo - SSI]	CommittedPercent: 2.94329 %
20220312 013406.070 INFO             PET1 PIOc_sync Enter - MemInfo: [/proc/self/status]	VmPeak:	 3798216 kB
20220312 013406.070 INFO             PET1 PIOc_sync Enter - MemInfo: [/proc/self/status]	VmSize:	 3798168 kB
20220312 013406.070 INFO             PET1 PIOc_sync Enter - MemInfo: [/proc/self/status]	VmLck:	       0 kB
20220312 013406.070 INFO             PET1 PIOc_sync Enter - MemInfo: [/proc/self/status]	VmPin:	   82140 kB
20220312 013406.070 INFO             PET1 PIOc_sync Enter - MemInfo: [/proc/self/status]	VmHWM:	  147640 kB
20220312 013406.070 INFO             PET1 PIOc_sync Enter - MemInfo: [/proc/self/status]	VmRSS:	  147640 kB
20220312 013406.070 INFO             PET1 PIOc_sync Enter - MemInfo: [/proc/self/status]	VmData:	  268272 kB
20220312 013406.070 INFO             PET1 PIOc_sync Enter - MemInfo: [/proc/self/status]	VmStk:	     512 kB
20220312 013406.070 INFO             PET1 PIOc_sync Enter - MemInfo: [/proc/self/status]	VmExe:	    1940 kB
20220312 013406.070 INFO             PET1 PIOc_sync Enter - MemInfo: [/proc/self/status]	VmLib:	  104128 kB
20220312 013406.070 INFO             PET1 PIOc_sync Enter - MemInfo: [/proc/self/status]	VmPTE:	     696 kB
20220312 013406.070 INFO             PET1 PIOc_sync Enter - MemInfo: [/proc/self/status]	VmPMD:	      28 kB
20220312 013406.070 INFO             PET1 PIOc_sync Enter - MemInfo: [/proc/self/status]	VmSwap:	       0 kB
20220312 013406.070 INFO             PET1 PIOc_sync Enter - MemInfo: [/proc/self/status]	VmRSSPercent: 0.112364 %
20220312 013406.071 INFO             PET1 PIOc_sync Enter - MemInfo: [malloc] Non-mmapped space allocated:                 2490368 Byte
20220312 013406.071 INFO             PET1 PIOc_sync Enter - MemInfo: [malloc] Space allocated in mmapped regions:         85999616 Byte
20220312 013406.071 INFO             PET1 PIOc_sync Enter - MemInfo: [malloc] Maximum total allocated space:                     0 Byte
20220312 013406.071 INFO             PET1 PIOc_sync Enter - MemInfo: [malloc] Space in freed fastbin blocks:                   672 Byte
20220312 013406.071 INFO             PET1 PIOc_sync Enter - MemInfo: [malloc] Total allocated space:                       2253504 Byte
20220312 013406.071 INFO             PET1 PIOc_sync Enter - MemInfo: [malloc] Total free space:                             236864 Byte
20220312 013406.071 INFO             PET1 PIOc_sync Enter - MemInfo: [malloc] Top-most, releasable space:                   103776 Byte
20220312 013406.071 INFO             PET1 PIOc_sync Enter - MemInfo: [malloc] Total space in use, mmap + non-mmap:        88253120 Byte
20220312 013406.071 INFO             PET1 PIOc_sync Enter - MemInfo: [malloc] Total space held (mmap + non-mmap):         88489984 Byte
20220312 013406.071 INFO             PET1 PIOc_sync Enter - MemInfo: [malloc] Total space used (mmap + non-mmap):         88262480 Byte
20220312 013406.071 INFO             PET1 PIOc_sync Enter - MemInfo: Wall-clock time since execution start:              0.0143451 seconds
20220312 013406.071 INFO             PET1 PIOc_sync Exit - MemInfo: [/proc/meminfo - SSI]	MemTotal:       131394444 kB
20220312 013406.071 INFO             PET1 PIOc_sync Exit - MemInfo: [/proc/meminfo - SSI]	MemFree:        118751860 kB
20220312 013406.071 INFO             PET1 PIOc_sync Exit - MemInfo: [/proc/meminfo - SSI]	MemAvailable:   118455680 kB
20220312 013406.071 INFO             PET1 PIOc_sync Exit - MemInfo: [/proc/meminfo - SSI]	Committed_AS:    3867320 kB
20220312 013406.071 INFO             PET1 PIOc_sync Exit - MemInfo: [/proc/meminfo - SSI]	CommittedPercent: 2.94329 %
20220312 013406.071 INFO             PET1 PIOc_sync Exit - MemInfo: [/proc/self/status]	VmPeak:	 3798216 kB
20220312 013406.071 INFO             PET1 PIOc_sync Exit - MemInfo: [/proc/self/status]	VmSize:	 3798168 kB
20220312 013406.071 INFO             PET1 PIOc_sync Exit - MemInfo: [/proc/self/status]	VmLck:	       0 kB
20220312 013406.071 INFO             PET1 PIOc_sync Exit - MemInfo: [/proc/self/status]	VmPin:	   82140 kB
20220312 013406.071 INFO             PET1 PIOc_sync Exit - MemInfo: [/proc/self/status]	VmHWM:	  147808 kB
20220312 013406.071 INFO             PET1 PIOc_sync Exit - MemInfo: [/proc/self/status]	VmRSS:	  147808 kB
20220312 013406.071 INFO             PET1 PIOc_sync Exit - MemInfo: [/proc/self/status]	VmData:	  268272 kB
20220312 013406.071 INFO             PET1 PIOc_sync Exit - MemInfo: [/proc/self/status]	VmStk:	     512 kB
20220312 013406.071 INFO             PET1 PIOc_sync Exit - MemInfo: [/proc/self/status]	VmExe:	    1940 kB
20220312 013406.071 INFO             PET1 PIOc_sync Exit - MemInfo: [/proc/self/status]	VmLib:	  104128 kB
20220312 013406.071 INFO             PET1 PIOc_sync Exit - MemInfo: [/proc/self/status]	VmPTE:	     696 kB
20220312 013406.071 INFO             PET1 PIOc_sync Exit - MemInfo: [/proc/self/status]	VmPMD:	      28 kB
20220312 013406.071 INFO             PET1 PIOc_sync Exit - MemInfo: [/proc/self/status]	VmSwap:	       0 kB
20220312 013406.071 INFO             PET1 PIOc_sync Exit - MemInfo: [/proc/self/status]	VmRSSPercent: 0.112492 %
20220312 013406.071 INFO             PET1 PIOc_sync Exit - MemInfo: [malloc] Non-mmapped space allocated:                 2490368 Byte
20220312 013406.071 INFO             PET1 PIOc_sync Exit - MemInfo: [malloc] Space allocated in mmapped regions:         85999616 Byte
20220312 013406.071 INFO             PET1 PIOc_sync Exit - MemInfo: [malloc] Maximum total allocated space:                     0 Byte
20220312 013406.071 INFO             PET1 PIOc_sync Exit - MemInfo: [malloc] Space in freed fastbin blocks:                   192 Byte
20220312 013406.071 INFO             PET1 PIOc_sync Exit - MemInfo: [malloc] Total allocated space:                       2252672 Byte
20220312 013406.071 INFO             PET1 PIOc_sync Exit - MemInfo: [malloc] Total free space:                             237696 Byte
20220312 013406.071 INFO             PET1 PIOc_sync Exit - MemInfo: [malloc] Top-most, releasable space:                   105184 Byte
20220312 013406.071 INFO             PET1 PIOc_sync Exit - MemInfo: [malloc] Total space in use, mmap + non-mmap:        88252288 Byte
20220312 013406.071 INFO             PET1 PIOc_sync Exit - MemInfo: [malloc] Total space held (mmap + non-mmap):         88489984 Byte
20220312 013406.071 INFO             PET1 PIOc_sync Exit - MemInfo: [malloc] Total space used (mmap + non-mmap):         88261648 Byte
20220312 013406.071 INFO             PET1 PIOc_sync Exit - MemInfo: Wall-clock time since execution start:              0.0151358 seconds
20220312 013406.072 INFO             PET1 PIOc_freedecomp Enter - MemInfo: [/proc/meminfo - SSI]	MemTotal:       131394444 kB
20220312 013406.072 INFO             PET1 PIOc_freedecomp Enter - MemInfo: [/proc/meminfo - SSI]	MemFree:        118751976 kB
20220312 013406.072 INFO             PET1 PIOc_freedecomp Enter - MemInfo: [/proc/meminfo - SSI]	MemAvailable:   118455796 kB
20220312 013406.072 INFO             PET1 PIOc_freedecomp Enter - MemInfo: [/proc/meminfo - SSI]	Committed_AS:    3867320 kB
20220312 013406.072 INFO             PET1 PIOc_freedecomp Enter - MemInfo: [/proc/meminfo - SSI]	CommittedPercent: 2.94329 %
20220312 013406.072 INFO             PET1 PIOc_freedecomp Enter - MemInfo: [/proc/self/status]	VmPeak:	 3798216 kB
20220312 013406.072 INFO             PET1 PIOc_freedecomp Enter - MemInfo: [/proc/self/status]	VmSize:	 3798168 kB
20220312 013406.072 INFO             PET1 PIOc_freedecomp Enter - MemInfo: [/proc/self/status]	VmLck:	       0 kB
20220312 013406.072 INFO             PET1 PIOc_freedecomp Enter - MemInfo: [/proc/self/status]	VmPin:	   82140 kB
20220312 013406.072 INFO             PET1 PIOc_freedecomp Enter - MemInfo: [/proc/self/status]	VmHWM:	  147812 kB
20220312 013406.072 INFO             PET1 PIOc_freedecomp Enter - MemInfo: [/proc/self/status]	VmRSS:	  147812 kB
20220312 013406.072 INFO             PET1 PIOc_freedecomp Enter - MemInfo: [/proc/self/status]	VmData:	  268272 kB
20220312 013406.072 INFO             PET1 PIOc_freedecomp Enter - MemInfo: [/proc/self/status]	VmStk:	     512 kB
20220312 013406.072 INFO             PET1 PIOc_freedecomp Enter - MemInfo: [/proc/self/status]	VmExe:	    1940 kB
20220312 013406.072 INFO             PET1 PIOc_freedecomp Enter - MemInfo: [/proc/self/status]	VmLib:	  104128 kB
20220312 013406.072 INFO             PET1 PIOc_freedecomp Enter - MemInfo: [/proc/self/status]	VmPTE:	     696 kB
20220312 013406.072 INFO             PET1 PIOc_freedecomp Enter - MemInfo: [/proc/self/status]	VmPMD:	      28 kB
20220312 013406.072 INFO             PET1 PIOc_freedecomp Enter - MemInfo: [/proc/self/status]	VmSwap:	       0 kB
20220312 013406.072 INFO             PET1 PIOc_freedecomp Enter - MemInfo: [/proc/self/status]	VmRSSPercent: 0.112495 %
20220312 013406.072 INFO             PET1 PIOc_freedecomp Enter - MemInfo: [malloc] Non-mmapped space allocated:                 2490368 Byte
20220312 013406.072 INFO             PET1 PIOc_freedecomp Enter - MemInfo: [malloc] Space allocated in mmapped regions:         85999616 Byte
20220312 013406.072 INFO             PET1 PIOc_freedecomp Enter - MemInfo: [malloc] Maximum total allocated space:                     0 Byte
20220312 013406.072 INFO             PET1 PIOc_freedecomp Enter - MemInfo: [malloc] Space in freed fastbin blocks:                   368 Byte
20220312 013406.072 INFO             PET1 PIOc_freedecomp Enter - MemInfo: [malloc] Total allocated space:                       2251072 Byte
20220312 013406.072 INFO             PET1 PIOc_freedecomp Enter - MemInfo: [malloc] Total free space:                             239296 Byte
20220312 013406.072 INFO             PET1 PIOc_freedecomp Enter - MemInfo: [malloc] Top-most, releasable space:                   106016 Byte
20220312 013406.072 INFO             PET1 PIOc_freedecomp Enter - MemInfo: [malloc] Total space in use, mmap + non-mmap:        88250688 Byte
20220312 013406.072 INFO             PET1 PIOc_freedecomp Enter - MemInfo: [malloc] Total space held (mmap + non-mmap):         88489984 Byte
20220312 013406.072 INFO             PET1 PIOc_freedecomp Enter - MemInfo: [malloc] Total space used (mmap + non-mmap):         88260048 Byte
20220312 013406.072 INFO             PET1 PIOc_freedecomp Enter - MemInfo: Wall-clock time since execution start:              0.0161319 seconds
20220312 013406.072 INFO             PET1 PIOc_freedecomp Exit - MemInfo: [/proc/meminfo - SSI]	MemTotal:       131394444 kB
20220312 013406.072 INFO             PET1 PIOc_freedecomp Exit - MemInfo: [/proc/meminfo - SSI]	MemFree:        118751976 kB
20220312 013406.072 INFO             PET1 PIOc_freedecomp Exit - MemInfo: [/proc/meminfo - SSI]	MemAvailable:   118455796 kB
20220312 013406.072 INFO             PET1 PIOc_freedecomp Exit - MemInfo: [/proc/meminfo - SSI]	Committed_AS:    3867320 kB
20220312 013406.073 INFO             PET1 PIOc_freedecomp Exit - MemInfo: [/proc/meminfo - SSI]	CommittedPercent: 2.94329 %
20220312 013406.073 INFO             PET1 PIOc_freedecomp Exit - MemInfo: [/proc/self/status]	VmPeak:	 3798216 kB
20220312 013406.073 INFO             PET1 PIOc_freedecomp Exit - MemInfo: [/proc/self/status]	VmSize:	 3798168 kB
20220312 013406.073 INFO             PET1 PIOc_freedecomp Exit - MemInfo: [/proc/self/status]	VmLck:	       0 kB
20220312 013406.073 INFO             PET1 PIOc_freedecomp Exit - MemInfo: [/proc/self/status]	VmPin:	   82140 kB
20220312 013406.073 INFO             PET1 PIOc_freedecomp Exit - MemInfo: [/proc/self/status]	VmHWM:	  147812 kB
20220312 013406.073 INFO             PET1 PIOc_freedecomp Exit - MemInfo: [/proc/self/status]	VmRSS:	  147812 kB
20220312 013406.073 INFO             PET1 PIOc_freedecomp Exit - MemInfo: [/proc/self/status]	VmData:	  268272 kB
20220312 013406.073 INFO             PET1 PIOc_freedecomp Exit - MemInfo: [/proc/self/status]	VmStk:	     512 kB
20220312 013406.073 INFO             PET1 PIOc_freedecomp Exit - MemInfo: [/proc/self/status]	VmExe:	    1940 kB
20220312 013406.073 INFO             PET1 PIOc_freedecomp Exit - MemInfo: [/proc/self/status]	VmLib:	  104128 kB
20220312 013406.073 INFO             PET1 PIOc_freedecomp Exit - MemInfo: [/proc/self/status]	VmPTE:	     696 kB
20220312 013406.073 INFO             PET1 PIOc_freedecomp Exit - MemInfo: [/proc/self/status]	VmPMD:	      28 kB
20220312 013406.073 INFO             PET1 PIOc_freedecomp Exit - MemInfo: [/proc/self/status]	VmSwap:	       0 kB
20220312 013406.073 INFO             PET1 PIOc_freedecomp Exit - MemInfo: [/proc/self/status]	VmRSSPercent: 0.112495 %
20220312 013406.073 INFO             PET1 PIOc_freedecomp Exit - MemInfo: [malloc] Non-mmapped space allocated:                 2490368 Byte
20220312 013406.073 INFO             PET1 PIOc_freedecomp Exit - MemInfo: [malloc] Space allocated in mmapped regions:         85999616 Byte
20220312 013406.073 INFO             PET1 PIOc_freedecomp Exit - MemInfo: [malloc] Maximum total allocated space:                     0 Byte
20220312 013406.073 INFO             PET1 PIOc_freedecomp Exit - MemInfo: [malloc] Space in freed fastbin blocks:                   352 Byte
20220312 013406.073 INFO             PET1 PIOc_freedecomp Exit - MemInfo: [malloc] Total allocated space:                       2249696 Byte
20220312 013406.073 INFO             PET1 PIOc_freedecomp Exit - MemInfo: [malloc] Total free space:                             240672 Byte
20220312 013406.073 INFO             PET1 PIOc_freedecomp Exit - MemInfo: [malloc] Top-most, releasable space:                   106672 Byte
20220312 013406.073 INFO             PET1 PIOc_freedecomp Exit - MemInfo: [malloc] Total space in use, mmap + non-mmap:        88249312 Byte
20220312 013406.073 INFO             PET1 PIOc_freedecomp Exit - MemInfo: [malloc] Total space held (mmap + non-mmap):         88489984 Byte
20220312 013406.073 INFO             PET1 PIOc_freedecomp Exit - MemInfo: [malloc] Total space used (mmap + non-mmap):         88258672 Byte
20220312 013406.073 INFO             PET1 PIOc_freedecomp Exit - MemInfo: Wall-clock time since execution start:              0.0164601 seconds
20220312 013406.074 INFO             PET1 PIOc_sync Enter - MemInfo: [/proc/meminfo - SSI]	MemTotal:       131394444 kB
20220312 013406.074 INFO             PET1 PIOc_sync Enter - MemInfo: [/proc/meminfo - SSI]	MemFree:        118751976 kB
20220312 013406.074 INFO             PET1 PIOc_sync Enter - MemInfo: [/proc/meminfo - SSI]	MemAvailable:   118455796 kB
20220312 013406.074 INFO             PET1 PIOc_sync Enter - MemInfo: [/proc/meminfo - SSI]	Committed_AS:    3867320 kB
20220312 013406.074 INFO             PET1 PIOc_sync Enter - MemInfo: [/proc/meminfo - SSI]	CommittedPercent: 2.94329 %
20220312 013406.074 INFO             PET1 PIOc_sync Enter - MemInfo: [/proc/self/status]	VmPeak:	 3798216 kB
20220312 013406.074 INFO             PET1 PIOc_sync Enter - MemInfo: [/proc/self/status]	VmSize:	 3798168 kB
20220312 013406.074 INFO             PET1 PIOc_sync Enter - MemInfo: [/proc/self/status]	VmLck:	       0 kB
20220312 013406.074 INFO             PET1 PIOc_sync Enter - MemInfo: [/proc/self/status]	VmPin:	   82140 kB
20220312 013406.074 INFO             PET1 PIOc_sync Enter - MemInfo: [/proc/self/status]	VmHWM:	  148016 kB
20220312 013406.074 INFO             PET1 PIOc_sync Enter - MemInfo: [/proc/self/status]	VmRSS:	  148016 kB
20220312 013406.074 INFO             PET1 PIOc_sync Enter - MemInfo: [/proc/self/status]	VmData:	  268272 kB
20220312 013406.074 INFO             PET1 PIOc_sync Enter - MemInfo: [/proc/self/status]	VmStk:	     512 kB
20220312 013406.074 INFO             PET1 PIOc_sync Enter - MemInfo: [/proc/self/status]	VmExe:	    1940 kB
20220312 013406.074 INFO             PET1 PIOc_sync Enter - MemInfo: [/proc/self/status]	VmLib:	  104128 kB
20220312 013406.074 INFO             PET1 PIOc_sync Enter - MemInfo: [/proc/self/status]	VmPTE:	     696 kB
20220312 013406.074 INFO             PET1 PIOc_sync Enter - MemInfo: [/proc/self/status]	VmPMD:	      28 kB
20220312 013406.074 INFO             PET1 PIOc_sync Enter - MemInfo: [/proc/self/status]	VmSwap:	       0 kB
20220312 013406.074 INFO             PET1 PIOc_sync Enter - MemInfo: [/proc/self/status]	VmRSSPercent: 0.11265 %
20220312 013406.074 INFO             PET1 PIOc_sync Enter - MemInfo: [malloc] Non-mmapped space allocated:                 2490368 Byte
20220312 013406.074 INFO             PET1 PIOc_sync Enter - MemInfo: [malloc] Space allocated in mmapped regions:         85999616 Byte
20220312 013406.074 INFO             PET1 PIOc_sync Enter - MemInfo: [malloc] Maximum total allocated space:                     0 Byte
20220312 013406.074 INFO             PET1 PIOc_sync Enter - MemInfo: [malloc] Space in freed fastbin blocks:                   896 Byte
20220312 013406.074 INFO             PET1 PIOc_sync Enter - MemInfo: [malloc] Total allocated space:                       2253600 Byte
20220312 013406.074 INFO             PET1 PIOc_sync Enter - MemInfo: [malloc] Total free space:                             236768 Byte
20220312 013406.074 INFO             PET1 PIOc_sync Enter - MemInfo: [malloc] Top-most, releasable space:                   103456 Byte
20220312 013406.074 INFO             PET1 PIOc_sync Enter - MemInfo: [malloc] Total space in use, mmap + non-mmap:        88253216 Byte
20220312 013406.074 INFO             PET1 PIOc_sync Enter - MemInfo: [malloc] Total space held (mmap + non-mmap):         88489984 Byte
20220312 013406.074 INFO             PET1 PIOc_sync Enter - MemInfo: [malloc] Total space used (mmap + non-mmap):         88262576 Byte
20220312 013406.074 INFO             PET1 PIOc_sync Enter - MemInfo: Wall-clock time since execution start:              0.0178995 seconds
20220312 013406.074 INFO             PET1 PIOc_sync Exit - MemInfo: [/proc/meminfo - SSI]	MemTotal:       131394444 kB
20220312 013406.074 INFO             PET1 PIOc_sync Exit - MemInfo: [/proc/meminfo - SSI]	MemFree:        118751976 kB
20220312 013406.074 INFO             PET1 PIOc_sync Exit - MemInfo: [/proc/meminfo - SSI]	MemAvailable:   118455796 kB
20220312 013406.074 INFO             PET1 PIOc_sync Exit - MemInfo: [/proc/meminfo - SSI]	Committed_AS:    3867320 kB
20220312 013406.074 INFO             PET1 PIOc_sync Exit - MemInfo: [/proc/meminfo - SSI]	CommittedPercent: 2.94329 %
20220312 013406.074 INFO             PET1 PIOc_sync Exit - MemInfo: [/proc/self/status]	VmPeak:	 3798216 kB
20220312 013406.074 INFO             PET1 PIOc_sync Exit - MemInfo: [/proc/self/status]	VmSize:	 3798168 kB
20220312 013406.074 INFO             PET1 PIOc_sync Exit - MemInfo: [/proc/self/status]	VmLck:	       0 kB
20220312 013406.074 INFO             PET1 PIOc_sync Exit - MemInfo: [/proc/self/status]	VmPin:	   82140 kB
20220312 013406.074 INFO             PET1 PIOc_sync Exit - MemInfo: [/proc/self/status]	VmHWM:	  148016 kB
20220312 013406.074 INFO             PET1 PIOc_sync Exit - MemInfo: [/proc/self/status]	VmRSS:	  148016 kB
20220312 013406.075 INFO             PET1 PIOc_sync Exit - MemInfo: [/proc/self/status]	VmData:	  268272 kB
20220312 013406.075 INFO             PET1 PIOc_sync Exit - MemInfo: [/proc/self/status]	VmStk:	     512 kB
20220312 013406.075 INFO             PET1 PIOc_sync Exit - MemInfo: [/proc/self/status]	VmExe:	    1940 kB
20220312 013406.075 INFO             PET1 PIOc_sync Exit - MemInfo: [/proc/self/status]	VmLib:	  104128 kB
20220312 013406.075 INFO             PET1 PIOc_sync Exit - MemInfo: [/proc/self/status]	VmPTE:	     696 kB
20220312 013406.075 INFO             PET1 PIOc_sync Exit - MemInfo: [/proc/self/status]	VmPMD:	      28 kB
20220312 013406.075 INFO             PET1 PIOc_sync Exit - MemInfo: [/proc/self/status]	VmSwap:	       0 kB
20220312 013406.075 INFO             PET1 PIOc_sync Exit - MemInfo: [/proc/self/status]	VmRSSPercent: 0.11265 %
20220312 013406.075 INFO             PET1 PIOc_sync Exit - MemInfo: [malloc] Non-mmapped space allocated:                 2490368 Byte
20220312 013406.075 INFO             PET1 PIOc_sync Exit - MemInfo: [malloc] Space allocated in mmapped regions:         85999616 Byte
20220312 013406.075 INFO             PET1 PIOc_sync Exit - MemInfo: [malloc] Maximum total allocated space:                     0 Byte
20220312 013406.075 INFO             PET1 PIOc_sync Exit - MemInfo: [malloc] Space in freed fastbin blocks:                   144 Byte
20220312 013406.075 INFO             PET1 PIOc_sync Exit - MemInfo: [malloc] Total allocated space:                       2252816 Byte
20220312 013406.075 INFO             PET1 PIOc_sync Exit - MemInfo: [malloc] Total free space:                             237552 Byte
20220312 013406.075 INFO             PET1 PIOc_sync Exit - MemInfo: [malloc] Top-most, releasable space:                   104784 Byte
20220312 013406.075 INFO             PET1 PIOc_sync Exit - MemInfo: [malloc] Total space in use, mmap + non-mmap:        88252432 Byte
20220312 013406.075 INFO             PET1 PIOc_sync Exit - MemInfo: [malloc] Total space held (mmap + non-mmap):         88489984 Byte
20220312 013406.075 INFO             PET1 PIOc_sync Exit - MemInfo: [malloc] Total space used (mmap + non-mmap):         88261792 Byte
20220312 013406.075 INFO             PET1 PIOc_sync Exit - MemInfo: Wall-clock time since execution start:              0.0183704 seconds
20220312 013406.075 INFO             PET1 PIOc_freedecomp Enter - MemInfo: [/proc/meminfo - SSI]	MemTotal:       131394444 kB
20220312 013406.075 INFO             PET1 PIOc_freedecomp Enter - MemInfo: [/proc/meminfo - SSI]	MemFree:        118751976 kB
20220312 013406.075 INFO             PET1 PIOc_freedecomp Enter - MemInfo: [/proc/meminfo - SSI]	MemAvailable:   118455796 kB
20220312 013406.075 INFO             PET1 PIOc_freedecomp Enter - MemInfo: [/proc/meminfo - SSI]	Committed_AS:    3867320 kB
20220312 013406.075 INFO             PET1 PIOc_freedecomp Enter - MemInfo: [/proc/meminfo - SSI]	CommittedPercent: 2.94329 %
20220312 013406.075 INFO             PET1 PIOc_freedecomp Enter - MemInfo: [/proc/self/status]	VmPeak:	 3798216 kB
20220312 013406.075 INFO             PET1 PIOc_freedecomp Enter - MemInfo: [/proc/self/status]	VmSize:	 3798168 kB
20220312 013406.075 INFO             PET1 PIOc_freedecomp Enter - MemInfo: [/proc/self/status]	VmLck:	       0 kB
20220312 013406.075 INFO             PET1 PIOc_freedecomp Enter - MemInfo: [/proc/self/status]	VmPin:	   82140 kB
20220312 013406.075 INFO             PET1 PIOc_freedecomp Enter - MemInfo: [/proc/self/status]	VmHWM:	  148016 kB
20220312 013406.075 INFO             PET1 PIOc_freedecomp Enter - MemInfo: [/proc/self/status]	VmRSS:	  148016 kB
20220312 013406.075 INFO             PET1 PIOc_freedecomp Enter - MemInfo: [/proc/self/status]	VmData:	  268272 kB
20220312 013406.075 INFO             PET1 PIOc_freedecomp Enter - MemInfo: [/proc/self/status]	VmStk:	     512 kB
20220312 013406.075 INFO             PET1 PIOc_freedecomp Enter - MemInfo: [/proc/self/status]	VmExe:	    1940 kB
20220312 013406.075 INFO             PET1 PIOc_freedecomp Enter - MemInfo: [/proc/self/status]	VmLib:	  104128 kB
20220312 013406.075 INFO             PET1 PIOc_freedecomp Enter - MemInfo: [/proc/self/status]	VmPTE:	     696 kB
20220312 013406.075 INFO             PET1 PIOc_freedecomp Enter - MemInfo: [/proc/self/status]	VmPMD:	      28 kB
20220312 013406.075 INFO             PET1 PIOc_freedecomp Enter - MemInfo: [/proc/self/status]	VmSwap:	       0 kB
20220312 013406.075 INFO             PET1 PIOc_freedecomp Enter - MemInfo: [/proc/self/status]	VmRSSPercent: 0.11265 %
20220312 013406.075 INFO             PET1 PIOc_freedecomp Enter - MemInfo: [malloc] Non-mmapped space allocated:                 2490368 Byte
20220312 013406.075 INFO             PET1 PIOc_freedecomp Enter - MemInfo: [malloc] Space allocated in mmapped regions:         85999616 Byte
20220312 013406.075 INFO             PET1 PIOc_freedecomp Enter - MemInfo: [malloc] Maximum total allocated space:                     0 Byte
20220312 013406.075 INFO             PET1 PIOc_freedecomp Enter - MemInfo: [malloc] Space in freed fastbin blocks:                   368 Byte
20220312 013406.075 INFO             PET1 PIOc_freedecomp Enter - MemInfo: [malloc] Total allocated space:                       2251056 Byte
20220312 013406.075 INFO             PET1 PIOc_freedecomp Enter - MemInfo: [malloc] Total free space:                             239312 Byte
20220312 013406.075 INFO             PET1 PIOc_freedecomp Enter - MemInfo: [malloc] Top-most, releasable space:                   105088 Byte
20220312 013406.075 INFO             PET1 PIOc_freedecomp Enter - MemInfo: [malloc] Total space in use, mmap + non-mmap:        88250672 Byte
20220312 013406.075 INFO             PET1 PIOc_freedecomp Enter - MemInfo: [malloc] Total space held (mmap + non-mmap):         88489984 Byte
20220312 013406.075 INFO             PET1 PIOc_freedecomp Enter - MemInfo: [malloc] Total space used (mmap + non-mmap):         88260032 Byte
20220312 013406.075 INFO             PET1 PIOc_freedecomp Enter - MemInfo: Wall-clock time since execution start:              0.0187327 seconds
20220312 013406.075 INFO             PET1 PIOc_freedecomp Exit - MemInfo: [/proc/meminfo - SSI]	MemTotal:       131394444 kB
20220312 013406.075 INFO             PET1 PIOc_freedecomp Exit - MemInfo: [/proc/meminfo - SSI]	MemFree:        118751976 kB
20220312 013406.075 INFO             PET1 PIOc_freedecomp Exit - MemInfo: [/proc/meminfo - SSI]	MemAvailable:   118455796 kB
20220312 013406.075 INFO             PET1 PIOc_freedecomp Exit - MemInfo: [/proc/meminfo - SSI]	Committed_AS:    3867320 kB
20220312 013406.075 INFO             PET1 PIOc_freedecomp Exit - MemInfo: [/proc/meminfo - SSI]	CommittedPercent: 2.94329 %
20220312 013406.075 INFO             PET1 PIOc_freedecomp Exit - MemInfo: [/proc/self/status]	VmPeak:	 3798216 kB
20220312 013406.075 INFO             PET1 PIOc_freedecomp Exit - MemInfo: [/proc/self/status]	VmSize:	 3798168 kB
20220312 013406.075 INFO             PET1 PIOc_freedecomp Exit - MemInfo: [/proc/self/status]	VmLck:	       0 kB
20220312 013406.075 INFO             PET1 PIOc_freedecomp Exit - MemInfo: [/proc/self/status]	VmPin:	   82140 kB
20220312 013406.075 INFO             PET1 PIOc_freedecomp Exit - MemInfo: [/proc/self/status]	VmHWM:	  148016 kB
20220312 013406.075 INFO             PET1 PIOc_freedecomp Exit - MemInfo: [/proc/self/status]	VmRSS:	  148016 kB
20220312 013406.075 INFO             PET1 PIOc_freedecomp Exit - MemInfo: [/proc/self/status]	VmData:	  268272 kB
20220312 013406.075 INFO             PET1 PIOc_freedecomp Exit - MemInfo: [/proc/self/status]	VmStk:	     512 kB
20220312 013406.075 INFO             PET1 PIOc_freedecomp Exit - MemInfo: [/proc/self/status]	VmExe:	    1940 kB
20220312 013406.075 INFO             PET1 PIOc_freedecomp Exit - MemInfo: [/proc/self/status]	VmLib:	  104128 kB
20220312 013406.075 INFO             PET1 PIOc_freedecomp Exit - MemInfo: [/proc/self/status]	VmPTE:	     696 kB
20220312 013406.075 INFO             PET1 PIOc_freedecomp Exit - MemInfo: [/proc/self/status]	VmPMD:	      28 kB
20220312 013406.075 INFO             PET1 PIOc_freedecomp Exit - MemInfo: [/proc/self/status]	VmSwap:	       0 kB
20220312 013406.075 INFO             PET1 PIOc_freedecomp Exit - MemInfo: [/proc/self/status]	VmRSSPercent: 0.11265 %
20220312 013406.075 INFO             PET1 PIOc_freedecomp Exit - MemInfo: [malloc] Non-mmapped space allocated:                 2490368 Byte
20220312 013406.075 INFO             PET1 PIOc_freedecomp Exit - MemInfo: [malloc] Space allocated in mmapped regions:         85999616 Byte
20220312 013406.075 INFO             PET1 PIOc_freedecomp Exit - MemInfo: [malloc] Maximum total allocated space:                     0 Byte
20220312 013406.075 INFO             PET1 PIOc_freedecomp Exit - MemInfo: [malloc] Space in freed fastbin blocks:                   320 Byte
20220312 013406.075 INFO             PET1 PIOc_freedecomp Exit - MemInfo: [malloc] Total allocated space:                       2249696 Byte
20220312 013406.075 INFO             PET1 PIOc_freedecomp Exit - MemInfo: [malloc] Total free space:                             240672 Byte
20220312 013406.075 INFO             PET1 PIOc_freedecomp Exit - MemInfo: [malloc] Top-most, releasable space:                   105616 Byte
20220312 013406.075 INFO             PET1 PIOc_freedecomp Exit - MemInfo: [malloc] Total space in use, mmap + non-mmap:        88249312 Byte
20220312 013406.075 INFO             PET1 PIOc_freedecomp Exit - MemInfo: [malloc] Total space held (mmap + non-mmap):         88489984 Byte
20220312 013406.075 INFO             PET1 PIOc_freedecomp Exit - MemInfo: [malloc] Total space used (mmap + non-mmap):         88258672 Byte
20220312 013406.075 INFO             PET1 PIOc_freedecomp Exit - MemInfo: Wall-clock time since execution start:              0.0190599 seconds
20220312 013406.076 INFO             PET1 PIOc_sync Enter - MemInfo: [/proc/meminfo - SSI]	MemTotal:       131394444 kB
20220312 013406.076 INFO             PET1 PIOc_sync Enter - MemInfo: [/proc/meminfo - SSI]	MemFree:        118751480 kB
20220312 013406.076 INFO             PET1 PIOc_sync Enter - MemInfo: [/proc/meminfo - SSI]	MemAvailable:   118455300 kB
20220312 013406.076 INFO             PET1 PIOc_sync Enter - MemInfo: [/proc/meminfo - SSI]	Committed_AS:    3867320 kB
20220312 013406.076 INFO             PET1 PIOc_sync Enter - MemInfo: [/proc/meminfo - SSI]	CommittedPercent: 2.94329 %
20220312 013406.076 INFO             PET1 PIOc_sync Enter - MemInfo: [/proc/self/status]	VmPeak:	 3798216 kB
20220312 013406.076 INFO             PET1 PIOc_sync Enter - MemInfo: [/proc/self/status]	VmSize:	 3798168 kB
20220312 013406.076 INFO             PET1 PIOc_sync Enter - MemInfo: [/proc/self/status]	VmLck:	       0 kB
20220312 013406.076 INFO             PET1 PIOc_sync Enter - MemInfo: [/proc/self/status]	VmPin:	   82140 kB
20220312 013406.076 INFO             PET1 PIOc_sync Enter - MemInfo: [/proc/self/status]	VmHWM:	  148160 kB
20220312 013406.076 INFO             PET1 PIOc_sync Enter - MemInfo: [/proc/self/status]	VmRSS:	  148160 kB
20220312 013406.076 INFO             PET1 PIOc_sync Enter - MemInfo: [/proc/self/status]	VmData:	  268272 kB
20220312 013406.076 INFO             PET1 PIOc_sync Enter - MemInfo: [/proc/self/status]	VmStk:	     512 kB
20220312 013406.076 INFO             PET1 PIOc_sync Enter - MemInfo: [/proc/self/status]	VmExe:	    1940 kB
20220312 013406.076 INFO             PET1 PIOc_sync Enter - MemInfo: [/proc/self/status]	VmLib:	  104128 kB
20220312 013406.076 INFO             PET1 PIOc_sync Enter - MemInfo: [/proc/self/status]	VmPTE:	     696 kB
20220312 013406.076 INFO             PET1 PIOc_sync Enter - MemInfo: [/proc/self/status]	VmPMD:	      28 kB
20220312 013406.076 INFO             PET1 PIOc_sync Enter - MemInfo: [/proc/self/status]	VmSwap:	       0 kB
20220312 013406.076 INFO             PET1 PIOc_sync Enter - MemInfo: [/proc/self/status]	VmRSSPercent: 0.11276 %
20220312 013406.077 INFO             PET1 PIOc_sync Enter - MemInfo: [malloc] Non-mmapped space allocated:                 2490368 Byte
20220312 013406.077 INFO             PET1 PIOc_sync Enter - MemInfo: [malloc] Space allocated in mmapped regions:         85999616 Byte
20220312 013406.077 INFO             PET1 PIOc_sync Enter - MemInfo: [malloc] Maximum total allocated space:                     0 Byte
20220312 013406.077 INFO             PET1 PIOc_sync Enter - MemInfo: [malloc] Space in freed fastbin blocks:                   144 Byte
20220312 013406.077 INFO             PET1 PIOc_sync Enter - MemInfo: [malloc] Total allocated space:                       2253744 Byte
20220312 013406.077 INFO             PET1 PIOc_sync Enter - MemInfo: [malloc] Total free space:                             236624 Byte
20220312 013406.077 INFO             PET1 PIOc_sync Enter - MemInfo: [malloc] Top-most, releasable space:                   103920 Byte
20220312 013406.077 INFO             PET1 PIOc_sync Enter - MemInfo: [malloc] Total space in use, mmap + non-mmap:        88253360 Byte
20220312 013406.077 INFO             PET1 PIOc_sync Enter - MemInfo: [malloc] Total space held (mmap + non-mmap):         88489984 Byte
20220312 013406.077 INFO             PET1 PIOc_sync Enter - MemInfo: [malloc] Total space used (mmap + non-mmap):         88262720 Byte
20220312 013406.077 INFO             PET1 PIOc_sync Enter - MemInfo: Wall-clock time since execution start:              0.0202973 seconds
20220312 013406.077 INFO             PET1 PIOc_sync Exit - MemInfo: [/proc/meminfo - SSI]	MemTotal:       131394444 kB
20220312 013406.077 INFO             PET1 PIOc_sync Exit - MemInfo: [/proc/meminfo - SSI]	MemFree:        118751480 kB
20220312 013406.077 INFO             PET1 PIOc_sync Exit - MemInfo: [/proc/meminfo - SSI]	MemAvailable:   118455300 kB
20220312 013406.077 INFO             PET1 PIOc_sync Exit - MemInfo: [/proc/meminfo - SSI]	Committed_AS:    3867320 kB
20220312 013406.077 INFO             PET1 PIOc_sync Exit - MemInfo: [/proc/meminfo - SSI]	CommittedPercent: 2.94329 %
20220312 013406.077 INFO             PET1 PIOc_sync Exit - MemInfo: [/proc/self/status]	VmPeak:	 3798216 kB
20220312 013406.077 INFO             PET1 PIOc_sync Exit - MemInfo: [/proc/self/status]	VmSize:	 3798168 kB
20220312 013406.077 INFO             PET1 PIOc_sync Exit - MemInfo: [/proc/self/status]	VmLck:	       0 kB
20220312 013406.077 INFO             PET1 PIOc_sync Exit - MemInfo: [/proc/self/status]	VmPin:	   82140 kB
20220312 013406.077 INFO             PET1 PIOc_sync Exit - MemInfo: [/proc/self/status]	VmHWM:	  148160 kB
20220312 013406.077 INFO             PET1 PIOc_sync Exit - MemInfo: [/proc/self/status]	VmRSS:	  148160 kB
20220312 013406.077 INFO             PET1 PIOc_sync Exit - MemInfo: [/proc/self/status]	VmData:	  268272 kB
20220312 013406.077 INFO             PET1 PIOc_sync Exit - MemInfo: [/proc/self/status]	VmStk:	     512 kB
20220312 013406.077 INFO             PET1 PIOc_sync Exit - MemInfo: [/proc/self/status]	VmExe:	    1940 kB
20220312 013406.077 INFO             PET1 PIOc_sync Exit - MemInfo: [/proc/self/status]	VmLib:	  104128 kB
20220312 013406.077 INFO             PET1 PIOc_sync Exit - MemInfo: [/proc/self/status]	VmPTE:	     696 kB
20220312 013406.077 INFO             PET1 PIOc_sync Exit - MemInfo: [/proc/self/status]	VmPMD:	      28 kB
20220312 013406.077 INFO             PET1 PIOc_sync Exit - MemInfo: [/proc/self/status]	VmSwap:	       0 kB
20220312 013406.077 INFO             PET1 PIOc_sync Exit - MemInfo: [/proc/self/status]	VmRSSPercent: 0.11276 %
20220312 013406.077 INFO             PET1 PIOc_sync Exit - MemInfo: [malloc] Non-mmapped space allocated:                 2490368 Byte
20220312 013406.077 INFO             PET1 PIOc_sync Exit - MemInfo: [malloc] Space allocated in mmapped regions:         85999616 Byte
20220312 013406.077 INFO             PET1 PIOc_sync Exit - MemInfo: [malloc] Maximum total allocated space:                     0 Byte
20220312 013406.077 INFO             PET1 PIOc_sync Exit - MemInfo: [malloc] Space in freed fastbin blocks:                   144 Byte
20220312 013406.077 INFO             PET1 PIOc_sync Exit - MemInfo: [malloc] Total allocated space:                       2252960 Byte
20220312 013406.077 INFO             PET1 PIOc_sync Exit - MemInfo: [malloc] Total free space:                             237408 Byte
20220312 013406.077 INFO             PET1 PIOc_sync Exit - MemInfo: [malloc] Top-most, releasable space:                   104576 Byte
20220312 013406.077 INFO             PET1 PIOc_sync Exit - MemInfo: [malloc] Total space in use, mmap + non-mmap:        88252576 Byte
20220312 013406.077 INFO             PET1 PIOc_sync Exit - MemInfo: [malloc] Total space held (mmap + non-mmap):         88489984 Byte
20220312 013406.077 INFO             PET1 PIOc_sync Exit - MemInfo: [malloc] Total space used (mmap + non-mmap):         88261936 Byte
20220312 013406.077 INFO             PET1 PIOc_sync Exit - MemInfo: Wall-clock time since execution start:              0.0207604 seconds
20220312 013406.077 INFO             PET1 PIOc_freedecomp Enter - MemInfo: [/proc/meminfo - SSI]	MemTotal:       131394444 kB
20220312 013406.077 INFO             PET1 PIOc_freedecomp Enter - MemInfo: [/proc/meminfo - SSI]	MemFree:        118751480 kB
20220312 013406.077 INFO             PET1 PIOc_freedecomp Enter - MemInfo: [/proc/meminfo - SSI]	MemAvailable:   118455300 kB
20220312 013406.077 INFO             PET1 PIOc_freedecomp Enter - MemInfo: [/proc/meminfo - SSI]	Committed_AS:    3867320 kB
20220312 013406.077 INFO             PET1 PIOc_freedecomp Enter - MemInfo: [/proc/meminfo - SSI]	CommittedPercent: 2.94329 %
20220312 013406.077 INFO             PET1 PIOc_freedecomp Enter - MemInfo: [/proc/self/status]	VmPeak:	 3798216 kB
20220312 013406.077 INFO             PET1 PIOc_freedecomp Enter - MemInfo: [/proc/self/status]	VmSize:	 3798168 kB
20220312 013406.077 INFO             PET1 PIOc_freedecomp Enter - MemInfo: [/proc/self/status]	VmLck:	       0 kB
20220312 013406.077 INFO             PET1 PIOc_freedecomp Enter - MemInfo: [/proc/self/status]	VmPin:	   82140 kB
20220312 013406.077 INFO             PET1 PIOc_freedecomp Enter - MemInfo: [/proc/self/status]	VmHWM:	  148160 kB
20220312 013406.077 INFO             PET1 PIOc_freedecomp Enter - MemInfo: [/proc/self/status]	VmRSS:	  148160 kB
20220312 013406.077 INFO             PET1 PIOc_freedecomp Enter - MemInfo: [/proc/self/status]	VmData:	  268272 kB
20220312 013406.077 INFO             PET1 PIOc_freedecomp Enter - MemInfo: [/proc/self/status]	VmStk:	     512 kB
20220312 013406.077 INFO             PET1 PIOc_freedecomp Enter - MemInfo: [/proc/self/status]	VmExe:	    1940 kB
20220312 013406.077 INFO             PET1 PIOc_freedecomp Enter - MemInfo: [/proc/self/status]	VmLib:	  104128 kB
20220312 013406.077 INFO             PET1 PIOc_freedecomp Enter - MemInfo: [/proc/self/status]	VmPTE:	     696 kB
20220312 013406.077 INFO             PET1 PIOc_freedecomp Enter - MemInfo: [/proc/self/status]	VmPMD:	      28 kB
20220312 013406.077 INFO             PET1 PIOc_freedecomp Enter - MemInfo: [/proc/self/status]	VmSwap:	       0 kB
20220312 013406.077 INFO             PET1 PIOc_freedecomp Enter - MemInfo: [/proc/self/status]	VmRSSPercent: 0.11276 %
20220312 013406.077 INFO             PET1 PIOc_freedecomp Enter - MemInfo: [malloc] Non-mmapped space allocated:                 2490368 Byte
20220312 013406.077 INFO             PET1 PIOc_freedecomp Enter - MemInfo: [malloc] Space allocated in mmapped regions:         85999616 Byte
20220312 013406.077 INFO             PET1 PIOc_freedecomp Enter - MemInfo: [malloc] Maximum total allocated space:                     0 Byte
20220312 013406.077 INFO             PET1 PIOc_freedecomp Enter - MemInfo: [malloc] Space in freed fastbin blocks:                   240 Byte
20220312 013406.077 INFO             PET1 PIOc_freedecomp Enter - MemInfo: [malloc] Total allocated space:                       2251072 Byte
20220312 013406.077 INFO             PET1 PIOc_freedecomp Enter - MemInfo: [malloc] Total free space:                             239296 Byte
20220312 013406.077 INFO             PET1 PIOc_freedecomp Enter - MemInfo: [malloc] Top-most, releasable space:                   104880 Byte
20220312 013406.077 INFO             PET1 PIOc_freedecomp Enter - MemInfo: [malloc] Total space in use, mmap + non-mmap:        88250688 Byte
20220312 013406.077 INFO             PET1 PIOc_freedecomp Enter - MemInfo: [malloc] Total space held (mmap + non-mmap):         88489984 Byte
20220312 013406.077 INFO             PET1 PIOc_freedecomp Enter - MemInfo: [malloc] Total space used (mmap + non-mmap):         88260048 Byte
20220312 013406.077 INFO             PET1 PIOc_freedecomp Enter - MemInfo: Wall-clock time since execution start:               0.021121 seconds
20220312 013406.077 INFO             PET1 PIOc_freedecomp Exit - MemInfo: [/proc/meminfo - SSI]	MemTotal:       131394444 kB
20220312 013406.077 INFO             PET1 PIOc_freedecomp Exit - MemInfo: [/proc/meminfo - SSI]	MemFree:        118751480 kB
20220312 013406.077 INFO             PET1 PIOc_freedecomp Exit - MemInfo: [/proc/meminfo - SSI]	MemAvailable:   118455300 kB
20220312 013406.077 INFO             PET1 PIOc_freedecomp Exit - MemInfo: [/proc/meminfo - SSI]	Committed_AS:    3867320 kB
20220312 013406.078 INFO             PET1 PIOc_freedecomp Exit - MemInfo: [/proc/meminfo - SSI]	CommittedPercent: 2.94329 %
20220312 013406.078 INFO             PET1 PIOc_freedecomp Exit - MemInfo: [/proc/self/status]	VmPeak:	 3798216 kB
20220312 013406.078 INFO             PET1 PIOc_freedecomp Exit - MemInfo: [/proc/self/status]	VmSize:	 3798168 kB
20220312 013406.078 INFO             PET1 PIOc_freedecomp Exit - MemInfo: [/proc/self/status]	VmLck:	       0 kB
20220312 013406.078 INFO             PET1 PIOc_freedecomp Exit - MemInfo: [/proc/self/status]	VmPin:	   82140 kB
20220312 013406.078 INFO             PET1 PIOc_freedecomp Exit - MemInfo: [/proc/self/status]	VmHWM:	  148160 kB
20220312 013406.078 INFO             PET1 PIOc_freedecomp Exit - MemInfo: [/proc/self/status]	VmRSS:	  148160 kB
20220312 013406.078 INFO             PET1 PIOc_freedecomp Exit - MemInfo: [/proc/self/status]	VmData:	  268272 kB
20220312 013406.078 INFO             PET1 PIOc_freedecomp Exit - MemInfo: [/proc/self/status]	VmStk:	     512 kB
20220312 013406.078 INFO             PET1 PIOc_freedecomp Exit - MemInfo: [/proc/self/status]	VmExe:	    1940 kB
20220312 013406.078 INFO             PET1 PIOc_freedecomp Exit - MemInfo: [/proc/self/status]	VmLib:	  104128 kB
20220312 013406.078 INFO             PET1 PIOc_freedecomp Exit - MemInfo: [/proc/self/status]	VmPTE:	     696 kB
20220312 013406.078 INFO             PET1 PIOc_freedecomp Exit - MemInfo: [/proc/self/status]	VmPMD:	      28 kB
20220312 013406.078 INFO             PET1 PIOc_freedecomp Exit - MemInfo: [/proc/self/status]	VmSwap:	       0 kB
20220312 013406.078 INFO             PET1 PIOc_freedecomp Exit - MemInfo: [/proc/self/status]	VmRSSPercent: 0.11276 %
20220312 013406.078 INFO             PET1 PIOc_freedecomp Exit - MemInfo: [malloc] Non-mmapped space allocated:                 2490368 Byte
20220312 013406.078 INFO             PET1 PIOc_freedecomp Exit - MemInfo: [malloc] Space allocated in mmapped regions:         85999616 Byte
20220312 013406.078 INFO             PET1 PIOc_freedecomp Exit - MemInfo: [malloc] Maximum total allocated space:                     0 Byte
20220312 013406.078 INFO             PET1 PIOc_freedecomp Exit - MemInfo: [malloc] Space in freed fastbin blocks:                   352 Byte
20220312 013406.078 INFO             PET1 PIOc_freedecomp Exit - MemInfo: [malloc] Total allocated space:                       2249696 Byte
20220312 013406.078 INFO             PET1 PIOc_freedecomp Exit - MemInfo: [malloc] Total free space:                             240672 Byte
20220312 013406.078 INFO             PET1 PIOc_freedecomp Exit - MemInfo: [malloc] Top-most, releasable space:                   105408 Byte
20220312 013406.078 INFO             PET1 PIOc_freedecomp Exit - MemInfo: [malloc] Total space in use, mmap + non-mmap:        88249312 Byte
20220312 013406.078 INFO             PET1 PIOc_freedecomp Exit - MemInfo: [malloc] Total space held (mmap + non-mmap):         88489984 Byte
20220312 013406.078 INFO             PET1 PIOc_freedecomp Exit - MemInfo: [malloc] Total space used (mmap + non-mmap):         88258672 Byte
20220312 013406.078 INFO             PET1 PIOc_freedecomp Exit - MemInfo: Wall-clock time since execution start:              0.0214444 seconds
20220312 013406.078 INFO             PET1  PASS  ESMF_OutputWeightFile, ESMF_IOUTest.F90, line 81
20220312 013406.082 INFO             PET1  PASS  call ESMF_OutputWeightFile with empty factor list on four PETs, ESMF_IOUTest.F90, line 191
20220312 013406.082 INFO             PET1  Ending Test, file ESMF_IOUTest.F90, line 201
20220312 013406.082 INFO             PET1 Finalizing ESMF
20220312 013406.064 INFO             PET2 !!!!!!!!!!!!!!!!!!!!!!!!!!!!!!!!!!!!!!!!!!!!!!!!!!!!!!
20220312 013406.064 INFO             PET2 !!! THE ESMF_LOG IS SET TO OUTPUT ALL LOG MESSAGES !!!
20220312 013406.064 INFO             PET2 !!!     THIS MAY CAUSE SLOWDOWN IN PERFORMANCE     !!!
20220312 013406.064 INFO             PET2 !!! FOR PRODUCTION RUNS, USE:                      !!!
20220312 013406.064 INFO             PET2 !!!                   ESMF_LOGKIND_Multi_On_Error  !!!
20220312 013406.064 INFO             PET2 !!!!!!!!!!!!!!!!!!!!!!!!!!!!!!!!!!!!!!!!!!!!!!!!!!!!!!
20220312 013406.064 INFO             PET2 Running with ESMF Version   : v8.3.0b09-96-g559b459836
20220312 013406.064 INFO             PET2 ESMF library build date/time: "Mar 12 2022" "01:13:12"
20220312 013406.064 INFO             PET2 ESMF library build location : /gpfsm/dnb04/projects/p98/mpotts/esmf/intel_2020_intelmpi_O_jedwards_pio_update2
20220312 013406.064 INFO             PET2 ESMF_COMM                   : intelmpi
20220312 013406.065 INFO             PET2 ESMF_MOAB                   : enabled
20220312 013406.065 INFO             PET2 ESMF_LAPACK                 : enabled
20220312 013406.065 INFO             PET2 ESMF_NETCDF                 : enabled
20220312 013406.065 INFO             PET2 ESMF_PNETCDF                : disabled
20220312 013406.065 INFO             PET2 ESMF_PIO                    : enabled
20220312 013406.065 INFO             PET2 ESMF_YAMLCPP                : enabled
20220312 013406.065 INFO             PET2  Beginning Test, file ESMF_IOUTest.F90, line 57
20220312 013406.065 INFO             PET2  NUMBER_OF_PROCESSORS           4
20220312 013406.065 INFO             PET2 Starting Test:  ESMF_OutputWeightFile
20220312 013406.070 INFO             PET2 PIOc_sync Enter - MemInfo: [/proc/meminfo - SSI]	MemTotal:       131394444 kB
20220312 013406.070 INFO             PET2 PIOc_sync Enter - MemInfo: [/proc/meminfo - SSI]	MemFree:        118751860 kB
20220312 013406.070 INFO             PET2 PIOc_sync Enter - MemInfo: [/proc/meminfo - SSI]	MemAvailable:   118455680 kB
20220312 013406.070 INFO             PET2 PIOc_sync Enter - MemInfo: [/proc/meminfo - SSI]	Committed_AS:    3867320 kB
20220312 013406.070 INFO             PET2 PIOc_sync Enter - MemInfo: [/proc/meminfo - SSI]	CommittedPercent: 2.94329 %
20220312 013406.070 INFO             PET2 PIOc_sync Enter - MemInfo: [/proc/self/status]	VmPeak:	 3800660 kB
20220312 013406.070 INFO             PET2 PIOc_sync Enter - MemInfo: [/proc/self/status]	VmSize:	 3763344 kB
20220312 013406.070 INFO             PET2 PIOc_sync Enter - MemInfo: [/proc/self/status]	VmLck:	       0 kB
20220312 013406.070 INFO             PET2 PIOc_sync Enter - MemInfo: [/proc/self/status]	VmPin:	   71900 kB
20220312 013406.070 INFO             PET2 PIOc_sync Enter - MemInfo: [/proc/self/status]	VmHWM:	  137752 kB
20220312 013406.070 INFO             PET2 PIOc_sync Enter - MemInfo: [/proc/self/status]	VmRSS:	  137752 kB
20220312 013406.070 INFO             PET2 PIOc_sync Enter - MemInfo: [/proc/self/status]	VmData:	  233448 kB
20220312 013406.070 INFO             PET2 PIOc_sync Enter - MemInfo: [/proc/self/status]	VmStk:	     512 kB
20220312 013406.070 INFO             PET2 PIOc_sync Enter - MemInfo: [/proc/self/status]	VmExe:	    1940 kB
20220312 013406.070 INFO             PET2 PIOc_sync Enter - MemInfo: [/proc/self/status]	VmLib:	  104128 kB
20220312 013406.070 INFO             PET2 PIOc_sync Enter - MemInfo: [/proc/self/status]	VmPTE:	     684 kB
20220312 013406.070 INFO             PET2 PIOc_sync Enter - MemInfo: [/proc/self/status]	VmPMD:	      32 kB
20220312 013406.071 INFO             PET2 PIOc_sync Enter - MemInfo: [/proc/self/status]	VmSwap:	       0 kB
20220312 013406.071 INFO             PET2 PIOc_sync Enter - MemInfo: [/proc/self/status]	VmRSSPercent: 0.104839 %
20220312 013406.071 INFO             PET2 PIOc_sync Enter - MemInfo: [malloc] Non-mmapped space allocated:                25559040 Byte
20220312 013406.071 INFO             PET2 PIOc_sync Enter - MemInfo: [malloc] Space allocated in mmapped regions:         50339840 Byte
20220312 013406.071 INFO             PET2 PIOc_sync Enter - MemInfo: [malloc] Maximum total allocated space:                     0 Byte
20220312 013406.071 INFO             PET2 PIOc_sync Enter - MemInfo: [malloc] Space in freed fastbin blocks:                   672 Byte
20220312 013406.071 INFO             PET2 PIOc_sync Enter - MemInfo: [malloc] Total allocated space:                      23224800 Byte
20220312 013406.071 INFO             PET2 PIOc_sync Enter - MemInfo: [malloc] Total free space:                            2334240 Byte
20220312 013406.071 INFO             PET2 PIOc_sync Enter - MemInfo: [malloc] Top-most, releasable space:                   103184 Byte
20220312 013406.071 INFO             PET2 PIOc_sync Enter - MemInfo: [malloc] Total space in use, mmap + non-mmap:        73564640 Byte
20220312 013406.071 INFO             PET2 PIOc_sync Enter - MemInfo: [malloc] Total space held (mmap + non-mmap):         75898880 Byte
20220312 013406.071 INFO             PET2 PIOc_sync Enter - MemInfo: [malloc] Total space used (mmap + non-mmap):         73574000 Byte
20220312 013406.071 INFO             PET2 PIOc_sync Enter - MemInfo: Wall-clock time since execution start:              0.0147926 seconds
20220312 013406.071 INFO             PET2 PIOc_sync Exit - MemInfo: [/proc/meminfo - SSI]	MemTotal:       131394444 kB
20220312 013406.071 INFO             PET2 PIOc_sync Exit - MemInfo: [/proc/meminfo - SSI]	MemFree:        118751860 kB
20220312 013406.071 INFO             PET2 PIOc_sync Exit - MemInfo: [/proc/meminfo - SSI]	MemAvailable:   118455680 kB
20220312 013406.071 INFO             PET2 PIOc_sync Exit - MemInfo: [/proc/meminfo - SSI]	Committed_AS:    3867320 kB
20220312 013406.071 INFO             PET2 PIOc_sync Exit - MemInfo: [/proc/meminfo - SSI]	CommittedPercent: 2.94329 %
20220312 013406.071 INFO             PET2 PIOc_sync Exit - MemInfo: [/proc/self/status]	VmPeak:	 3800660 kB
20220312 013406.071 INFO             PET2 PIOc_sync Exit - MemInfo: [/proc/self/status]	VmSize:	 3763344 kB
20220312 013406.071 INFO             PET2 PIOc_sync Exit - MemInfo: [/proc/self/status]	VmLck:	       0 kB
20220312 013406.071 INFO             PET2 PIOc_sync Exit - MemInfo: [/proc/self/status]	VmPin:	   71900 kB
20220312 013406.071 INFO             PET2 PIOc_sync Exit - MemInfo: [/proc/self/status]	VmHWM:	  137900 kB
20220312 013406.071 INFO             PET2 PIOc_sync Exit - MemInfo: [/proc/self/status]	VmRSS:	  137900 kB
20220312 013406.071 INFO             PET2 PIOc_sync Exit - MemInfo: [/proc/self/status]	VmData:	  233448 kB
20220312 013406.071 INFO             PET2 PIOc_sync Exit - MemInfo: [/proc/self/status]	VmStk:	     512 kB
20220312 013406.071 INFO             PET2 PIOc_sync Exit - MemInfo: [/proc/self/status]	VmExe:	    1940 kB
20220312 013406.071 INFO             PET2 PIOc_sync Exit - MemInfo: [/proc/self/status]	VmLib:	  104128 kB
