build time -- 2022-03-12 01:15:23.324414
20220312 013335.168 INFO             PET0 !!!!!!!!!!!!!!!!!!!!!!!!!!!!!!!!!!!!!!!!!!!!!!!!!!!!!!
20220312 013335.168 INFO             PET0 !!! THE ESMF_LOG IS SET TO OUTPUT ALL LOG MESSAGES !!!
20220312 013335.168 INFO             PET0 !!!     THIS MAY CAUSE SLOWDOWN IN PERFORMANCE     !!!
20220312 013335.168 INFO             PET0 !!! FOR PRODUCTION RUNS, USE:                      !!!
20220312 013335.168 INFO             PET0 !!!                   ESMF_LOGKIND_Multi_On_Error  !!!
20220312 013335.168 INFO             PET0 !!!!!!!!!!!!!!!!!!!!!!!!!!!!!!!!!!!!!!!!!!!!!!!!!!!!!!
20220312 013335.168 INFO             PET0 Running with ESMF Version   : v8.3.0b09-96-g559b459836
20220312 013335.168 INFO             PET0 ESMF library build date/time: "Mar 12 2022" "01:13:12"
20220312 013335.168 INFO             PET0 ESMF library build location : /gpfsm/dnb04/projects/p98/mpotts/esmf/intel_2020_intelmpi_O_jedwards_pio_update2
20220312 013335.168 INFO             PET0 ESMF_COMM                   : intelmpi
20220312 013335.169 INFO             PET0 ESMF_MOAB                   : enabled
20220312 013335.169 INFO             PET0 ESMF_LAPACK                 : enabled
20220312 013335.169 INFO             PET0 ESMF_NETCDF                 : enabled
20220312 013335.169 INFO             PET0 ESMF_PNETCDF                : disabled
20220312 013335.169 INFO             PET0 ESMF_PIO                    : enabled
20220312 013335.169 INFO             PET0 ESMF_YAMLCPP                : enabled
20220312 013335.170 INFO             PET0  Beginning Test, file ESMF_ArrayIOUTest.F90, line 103
20220312 013335.170 INFO             PET0  NUMBER_OF_PROCESSORS           6
20220312 013335.170 INFO             PET0  PASS  dstDistgrid Create Test, ESMF_ArrayIOUTest.F90, line 137
20220312 013335.170 INFO             PET0  PASS  Array Spec Set Test, ESMF_ArrayIOUTest.F90, line 145
20220312 013335.170 INFO             PET0  PASS  Array with Halo Create Test, ESMF_ArrayIOUTest.F90, line 160
20220312 013335.170 INFO             PET0  PASS  Array without Halo Create Test, ESMF_ArrayIOUTest.F90, line 170
20220312 013335.171 INFO             PET0  PASS  Accessing Fortran pointers for Arrays Test, ESMF_ArrayIOUTest.F90, line 225
20220312 013335.176 INFO             PET0 PIOc_sync Enter - MemInfo: [/proc/meminfo - SSI]	MemTotal:       131394444 kB
20220312 013335.177 INFO             PET0 PIOc_sync Enter - MemInfo: [/proc/meminfo - SSI]	MemFree:        118502588 kB
20220312 013335.177 INFO             PET0 PIOc_sync Enter - MemInfo: [/proc/meminfo - SSI]	MemAvailable:   118200088 kB
20220312 013335.177 INFO             PET0 PIOc_sync Enter - MemInfo: [/proc/meminfo - SSI]	Committed_AS:    4289176 kB
20220312 013335.177 INFO             PET0 PIOc_sync Enter - MemInfo: [/proc/meminfo - SSI]	CommittedPercent: 3.26435 %
20220312 013335.177 INFO             PET0 PIOc_sync Enter - MemInfo: [/proc/self/status]	VmPeak:	 3887848 kB
20220312 013335.177 INFO             PET0 PIOc_sync Enter - MemInfo: [/proc/self/status]	VmSize:	 3887848 kB
20220312 013335.177 INFO             PET0 PIOc_sync Enter - MemInfo: [/proc/self/status]	VmLck:	       0 kB
20220312 013335.177 INFO             PET0 PIOc_sync Enter - MemInfo: [/proc/self/status]	VmPin:	   82396 kB
20220312 013335.177 INFO             PET0 PIOc_sync Enter - MemInfo: [/proc/self/status]	VmHWM:	  147748 kB
20220312 013335.177 INFO             PET0 PIOc_sync Enter - MemInfo: [/proc/self/status]	VmRSS:	  147748 kB
20220312 013335.177 INFO             PET0 PIOc_sync Enter - MemInfo: [/proc/self/status]	VmData:	  271568 kB
20220312 013335.177 INFO             PET0 PIOc_sync Enter - MemInfo: [/proc/self/status]	VmStk:	     512 kB
20220312 013335.177 INFO             PET0 PIOc_sync Enter - MemInfo: [/proc/self/status]	VmExe:	    2052 kB
20220312 013335.177 INFO             PET0 PIOc_sync Enter - MemInfo: [/proc/self/status]	VmLib:	  104128 kB
20220312 013335.177 INFO             PET0 PIOc_sync Enter - MemInfo: [/proc/self/status]	VmPTE:	     748 kB
20220312 013335.177 INFO             PET0 PIOc_sync Enter - MemInfo: [/proc/self/status]	VmPMD:	      32 kB
20220312 013335.177 INFO             PET0 PIOc_sync Enter - MemInfo: [/proc/self/status]	VmSwap:	       0 kB
20220312 013335.177 INFO             PET0 PIOc_sync Enter - MemInfo: [/proc/self/status]	VmRSSPercent: 0.112446 %
20220312 013335.177 INFO             PET0 PIOc_sync Enter - MemInfo: [malloc] Non-mmapped space allocated:                 2973696 Byte
20220312 013335.177 INFO             PET0 PIOc_sync Enter - MemInfo: [malloc] Space allocated in mmapped regions:         88629248 Byte
20220312 013335.177 INFO             PET0 PIOc_sync Enter - MemInfo: [malloc] Maximum total allocated space:                     0 Byte
20220312 013335.177 INFO             PET0 PIOc_sync Enter - MemInfo: [malloc] Space in freed fastbin blocks:                   368 Byte
20220312 013335.177 INFO             PET0 PIOc_sync Enter - MemInfo: [malloc] Total allocated space:                       2812752 Byte
20220312 013335.177 INFO             PET0 PIOc_sync Enter - MemInfo: [malloc] Total free space:                             160944 Byte
20220312 013335.177 INFO             PET0 PIOc_sync Enter - MemInfo: [malloc] Top-most, releasable space:                    24608 Byte
20220312 013335.177 INFO             PET0 PIOc_sync Enter - MemInfo: [malloc] Total space in use, mmap + non-mmap:        91442000 Byte
20220312 013335.177 INFO             PET0 PIOc_sync Enter - MemInfo: [malloc] Total space held (mmap + non-mmap):         91602944 Byte
20220312 013335.177 INFO             PET0 PIOc_sync Enter - MemInfo: [malloc] Total space used (mmap + non-mmap):         91451360 Byte
20220312 013335.177 INFO             PET0 PIOc_sync Enter - MemInfo: Wall-clock time since execution start:              0.0206809 seconds
20220312 013335.180 INFO             PET0 PIOc_sync Exit - MemInfo: [/proc/meminfo - SSI]	MemTotal:       131394444 kB
20220312 013335.180 INFO             PET0 PIOc_sync Exit - MemInfo: [/proc/meminfo - SSI]	MemFree:        118502588 kB
20220312 013335.180 INFO             PET0 PIOc_sync Exit - MemInfo: [/proc/meminfo - SSI]	MemAvailable:   118200088 kB
20220312 013335.180 INFO             PET0 PIOc_sync Exit - MemInfo: [/proc/meminfo - SSI]	Committed_AS:    4289176 kB
20220312 013335.180 INFO             PET0 PIOc_sync Exit - MemInfo: [/proc/meminfo - SSI]	CommittedPercent: 3.26435 %
20220312 013335.180 INFO             PET0 PIOc_sync Exit - MemInfo: [/proc/self/status]	VmPeak:	 3887848 kB
20220312 013335.180 INFO             PET0 PIOc_sync Exit - MemInfo: [/proc/self/status]	VmSize:	 3887848 kB
20220312 013335.180 INFO             PET0 PIOc_sync Exit - MemInfo: [/proc/self/status]	VmLck:	       0 kB
20220312 013335.180 INFO             PET0 PIOc_sync Exit - MemInfo: [/proc/self/status]	VmPin:	   82396 kB
20220312 013335.180 INFO             PET0 PIOc_sync Exit - MemInfo: [/proc/self/status]	VmHWM:	  147916 kB
20220312 013335.180 INFO             PET0 PIOc_sync Exit - MemInfo: [/proc/self/status]	VmRSS:	  147916 kB
20220312 013335.180 INFO             PET0 PIOc_sync Exit - MemInfo: [/proc/self/status]	VmData:	  271568 kB
20220312 013335.180 INFO             PET0 PIOc_sync Exit - MemInfo: [/proc/self/status]	VmStk:	     512 kB
20220312 013335.180 INFO             PET0 PIOc_sync Exit - MemInfo: [/proc/self/status]	VmExe:	    2052 kB
20220312 013335.180 INFO             PET0 PIOc_sync Exit - MemInfo: [/proc/self/status]	VmLib:	  104128 kB
20220312 013335.180 INFO             PET0 PIOc_sync Exit - MemInfo: [/proc/self/status]	VmPTE:	     748 kB
20220312 013335.180 INFO             PET0 PIOc_sync Exit - MemInfo: [/proc/self/status]	VmPMD:	      32 kB
20220312 013335.180 INFO             PET0 PIOc_sync Exit - MemInfo: [/proc/self/status]	VmSwap:	       0 kB
20220312 013335.180 INFO             PET0 PIOc_sync Exit - MemInfo: [/proc/self/status]	VmRSSPercent: 0.112574 %
20220312 013335.180 INFO             PET0 PIOc_sync Exit - MemInfo: [malloc] Non-mmapped space allocated:                 2973696 Byte
20220312 013335.180 INFO             PET0 PIOc_sync Exit - MemInfo: [malloc] Space allocated in mmapped regions:         88629248 Byte
20220312 013335.180 INFO             PET0 PIOc_sync Exit - MemInfo: [malloc] Maximum total allocated space:                     0 Byte
20220312 013335.180 INFO             PET0 PIOc_sync Exit - MemInfo: [malloc] Space in freed fastbin blocks:                   656 Byte
20220312 013335.180 INFO             PET0 PIOc_sync Exit - MemInfo: [malloc] Total allocated space:                       2808864 Byte
20220312 013335.180 INFO             PET0 PIOc_sync Exit - MemInfo: [malloc] Total free space:                             164832 Byte
20220312 013335.180 INFO             PET0 PIOc_sync Exit - MemInfo: [malloc] Top-most, releasable space:                    24608 Byte
20220312 013335.180 INFO             PET0 PIOc_sync Exit - MemInfo: [malloc] Total space in use, mmap + non-mmap:        91438112 Byte
20220312 013335.180 INFO             PET0 PIOc_sync Exit - MemInfo: [malloc] Total space held (mmap + non-mmap):         91602944 Byte
20220312 013335.180 INFO             PET0 PIOc_sync Exit - MemInfo: [malloc] Total space used (mmap + non-mmap):         91447472 Byte
20220312 013335.180 INFO             PET0 PIOc_sync Exit - MemInfo: Wall-clock time since execution start:              0.0236977 seconds
20220312 013335.180 INFO             PET0 PIOc_freedecomp Enter - MemInfo: [/proc/meminfo - SSI]	MemTotal:       131394444 kB
20220312 013335.180 INFO             PET0 PIOc_freedecomp Enter - MemInfo: [/proc/meminfo - SSI]	MemFree:        118503800 kB
20220312 013335.180 INFO             PET0 PIOc_freedecomp Enter - MemInfo: [/proc/meminfo - SSI]	MemAvailable:   118201300 kB
20220312 013335.180 INFO             PET0 PIOc_freedecomp Enter - MemInfo: [/proc/meminfo - SSI]	Committed_AS:    4289176 kB
20220312 013335.180 INFO             PET0 PIOc_freedecomp Enter - MemInfo: [/proc/meminfo - SSI]	CommittedPercent: 3.26435 %
20220312 013335.180 INFO             PET0 PIOc_freedecomp Enter - MemInfo: [/proc/self/status]	VmPeak:	 3887848 kB
20220312 013335.180 INFO             PET0 PIOc_freedecomp Enter - MemInfo: [/proc/self/status]	VmSize:	 3885280 kB
20220312 013335.180 INFO             PET0 PIOc_freedecomp Enter - MemInfo: [/proc/self/status]	VmLck:	       0 kB
20220312 013335.180 INFO             PET0 PIOc_freedecomp Enter - MemInfo: [/proc/self/status]	VmPin:	   82396 kB
20220312 013335.180 INFO             PET0 PIOc_freedecomp Enter - MemInfo: [/proc/self/status]	VmHWM:	  147916 kB
20220312 013335.180 INFO             PET0 PIOc_freedecomp Enter - MemInfo: [/proc/self/status]	VmRSS:	  145864 kB
20220312 013335.180 INFO             PET0 PIOc_freedecomp Enter - MemInfo: [/proc/self/status]	VmData:	  269000 kB
20220312 013335.180 INFO             PET0 PIOc_freedecomp Enter - MemInfo: [/proc/self/status]	VmStk:	     512 kB
20220312 013335.180 INFO             PET0 PIOc_freedecomp Enter - MemInfo: [/proc/self/status]	VmExe:	    2052 kB
20220312 013335.180 INFO             PET0 PIOc_freedecomp Enter - MemInfo: [/proc/self/status]	VmLib:	  104128 kB
20220312 013335.180 INFO             PET0 PIOc_freedecomp Enter - MemInfo: [/proc/self/status]	VmPTE:	     744 kB
20220312 013335.180 INFO             PET0 PIOc_freedecomp Enter - MemInfo: [/proc/self/status]	VmPMD:	      32 kB
20220312 013335.180 INFO             PET0 PIOc_freedecomp Enter - MemInfo: [/proc/self/status]	VmSwap:	       0 kB
20220312 013335.180 INFO             PET0 PIOc_freedecomp Enter - MemInfo: [/proc/self/status]	VmRSSPercent: 0.111012 %
20220312 013335.180 INFO             PET0 PIOc_freedecomp Enter - MemInfo: [malloc] Non-mmapped space allocated:                 2973696 Byte
20220312 013335.180 INFO             PET0 PIOc_freedecomp Enter - MemInfo: [malloc] Space allocated in mmapped regions:         85999616 Byte
20220312 013335.180 INFO             PET0 PIOc_freedecomp Enter - MemInfo: [malloc] Maximum total allocated space:                     0 Byte
20220312 013335.180 INFO             PET0 PIOc_freedecomp Enter - MemInfo: [malloc] Space in freed fastbin blocks:                  1456 Byte
20220312 013335.180 INFO             PET0 PIOc_freedecomp Enter - MemInfo: [malloc] Total allocated space:                       2795536 Byte
20220312 013335.181 INFO             PET0 PIOc_freedecomp Enter - MemInfo: [malloc] Total free space:                             178160 Byte
20220312 013335.181 INFO             PET0 PIOc_freedecomp Enter - MemInfo: [malloc] Top-most, releasable space:                    24608 Byte
20220312 013335.181 INFO             PET0 PIOc_freedecomp Enter - MemInfo: [malloc] Total space in use, mmap + non-mmap:        88795152 Byte
20220312 013335.181 INFO             PET0 PIOc_freedecomp Enter - MemInfo: [malloc] Total space held (mmap + non-mmap):         88973312 Byte
20220312 013335.181 INFO             PET0 PIOc_freedecomp Enter - MemInfo: [malloc] Total space used (mmap + non-mmap):         88804512 Byte
20220312 013335.181 INFO             PET0 PIOc_freedecomp Enter - MemInfo: Wall-clock time since execution start:              0.0243643 seconds
20220312 013335.181 INFO             PET0 PIOc_freedecomp Exit - MemInfo: [/proc/meminfo - SSI]	MemTotal:       131394444 kB
20220312 013335.181 INFO             PET0 PIOc_freedecomp Exit - MemInfo: [/proc/meminfo - SSI]	MemFree:        118503800 kB
20220312 013335.181 INFO             PET0 PIOc_freedecomp Exit - MemInfo: [/proc/meminfo - SSI]	MemAvailable:   118201300 kB
20220312 013335.181 INFO             PET0 PIOc_freedecomp Exit - MemInfo: [/proc/meminfo - SSI]	Committed_AS:    4289176 kB
20220312 013335.181 INFO             PET0 PIOc_freedecomp Exit - MemInfo: [/proc/meminfo - SSI]	CommittedPercent: 3.26435 %
20220312 013335.181 INFO             PET0 PIOc_freedecomp Exit - MemInfo: [/proc/self/status]	VmPeak:	 3887848 kB
20220312 013335.181 INFO             PET0 PIOc_freedecomp Exit - MemInfo: [/proc/self/status]	VmSize:	 3885280 kB
20220312 013335.181 INFO             PET0 PIOc_freedecomp Exit - MemInfo: [/proc/self/status]	VmLck:	       0 kB
20220312 013335.181 INFO             PET0 PIOc_freedecomp Exit - MemInfo: [/proc/self/status]	VmPin:	   82396 kB
20220312 013335.181 INFO             PET0 PIOc_freedecomp Exit - MemInfo: [/proc/self/status]	VmHWM:	  147916 kB
20220312 013335.181 INFO             PET0 PIOc_freedecomp Exit - MemInfo: [/proc/self/status]	VmRSS:	  145864 kB
20220312 013335.181 INFO             PET0 PIOc_freedecomp Exit - MemInfo: [/proc/self/status]	VmData:	  269000 kB
20220312 013335.181 INFO             PET0 PIOc_freedecomp Exit - MemInfo: [/proc/self/status]	VmStk:	     512 kB
20220312 013335.181 INFO             PET0 PIOc_freedecomp Exit - MemInfo: [/proc/self/status]	VmExe:	    2052 kB
20220312 013335.181 INFO             PET0 PIOc_freedecomp Exit - MemInfo: [/proc/self/status]	VmLib:	  104128 kB
20220312 013335.181 INFO             PET0 PIOc_freedecomp Exit - MemInfo: [/proc/self/status]	VmPTE:	     744 kB
20220312 013335.181 INFO             PET0 PIOc_freedecomp Exit - MemInfo: [/proc/self/status]	VmPMD:	      32 kB
20220312 013335.181 INFO             PET0 PIOc_freedecomp Exit - MemInfo: [/proc/self/status]	VmSwap:	       0 kB
20220312 013335.181 INFO             PET0 PIOc_freedecomp Exit - MemInfo: [/proc/self/status]	VmRSSPercent: 0.111012 %
20220312 013335.181 INFO             PET0 PIOc_freedecomp Exit - MemInfo: [malloc] Non-mmapped space allocated:                 2973696 Byte
20220312 013335.181 INFO             PET0 PIOc_freedecomp Exit - MemInfo: [malloc] Space allocated in mmapped regions:         85999616 Byte
20220312 013335.181 INFO             PET0 PIOc_freedecomp Exit - MemInfo: [malloc] Maximum total allocated space:                     0 Byte
20220312 013335.181 INFO             PET0 PIOc_freedecomp Exit - MemInfo: [malloc] Space in freed fastbin blocks:                   768 Byte
20220312 013335.181 INFO             PET0 PIOc_freedecomp Exit - MemInfo: [malloc] Total allocated space:                       2780592 Byte
20220312 013335.181 INFO             PET0 PIOc_freedecomp Exit - MemInfo: [malloc] Total free space:                             193104 Byte
20220312 013335.181 INFO             PET0 PIOc_freedecomp Exit - MemInfo: [malloc] Top-most, releasable space:                    36160 Byte
20220312 013335.181 INFO             PET0 PIOc_freedecomp Exit - MemInfo: [malloc] Total space in use, mmap + non-mmap:        88780208 Byte
20220312 013335.181 INFO             PET0 PIOc_freedecomp Exit - MemInfo: [malloc] Total space held (mmap + non-mmap):         88973312 Byte
20220312 013335.181 INFO             PET0 PIOc_freedecomp Exit - MemInfo: [malloc] Total space used (mmap + non-mmap):         88789568 Byte
20220312 013335.181 INFO             PET0 PIOc_freedecomp Exit - MemInfo: Wall-clock time since execution start:              0.0247153 seconds
20220312 013335.181 INFO             PET0  PASS  Write ESMF_Array with Halo to NetCDF Test, ESMF_ArrayIOUTest.F90, line 236
20220312 013335.181 WARNING          PET0 ESMCI_PIO_Handler.C:1319 ESMCI::PIO_Handler::open()  Unable to create file: file3D_withhalo.nc, (PIO/NetCDF error = NetCDF: File exists && NC_NOCLOBBER)
20220312 013335.181 ERROR            PET0 ESMCI_PIO_Handler.C:779 ESMCI::PIO_Handler::arrayWrite() Unable to read from file  - file not open
20220312 013335.181 ERROR            PET0 ESMCI_IO.C:736 ESMCI::IO::write() Unable to read from file  - Internal subroutine call returned Error
20220312 013335.181 ERROR            PET0 ESMCI_IO.C:956 ESMCI::IO::close() Unable to close file  - Internal subroutine call returned Error
20220312 013335.181 ERROR            PET0 ESMCI_IO.C:494 ESMCI::IO::write() Unable to read from file  - Internal subroutine call returned Error
20220312 013335.181 ERROR            PET0 ESMCI_Array.C:4093 ESMCI::Array::write() Unable to write to file  - Internal subroutine call returned Error
20220312 013335.181 ERROR            PET0 ESMCI_Array_F.C:801 c_esmc_arraywrite() Unable to write to file  - Internal subroutine call returned Error
20220312 013335.182 ERROR            PET0 ESMF_Array.F90:3994 ESMF_ArrayWrite Unable to write to file  - Internal subroutine call returned Error
20220312 013335.182 INFO             PET0  PASS  Write ESMF_Array with Halo Test overwrite test, ESMF_ArrayIOUTest.F90, line 250
20220312 013335.182 ERROR            PET0 ESMCI_IO_Handler.C:164 ESMCI::IO_Handler::create() Unknown I/O Format
20220312 013335.182 ERROR            PET0 ESMCI_IO.C:469 ESMCI::IO::write() Invalid argument  - Internal subroutine call returned Error
20220312 013335.182 ERROR            PET0 ESMCI_Array.C:4093 ESMCI::Array::write() Invalid argument  - Internal subroutine call returned Error
20220312 013335.182 ERROR            PET0 ESMCI_Array_F.C:801 c_esmc_arraywrite() Invalid argument  - Internal subroutine call returned Error
20220312 013335.182 ERROR            PET0 ESMF_Array.F90:3994 ESMF_ArrayWrite Invalid argument  - Internal subroutine call returned Error
20220312 013335.182 INFO             PET0  PASS  Write ESMF_Array with Halo to binary Test, ESMF_ArrayIOUTest.F90, line 264
20220312 013335.183 INFO             PET0 PIOc_sync Enter - MemInfo: [/proc/meminfo - SSI]	MemTotal:       131394444 kB
20220312 013335.183 INFO             PET0 PIOc_sync Enter - MemInfo: [/proc/meminfo - SSI]	MemFree:        118501844 kB
20220312 013335.183 INFO             PET0 PIOc_sync Enter - MemInfo: [/proc/meminfo - SSI]	MemAvailable:   118199344 kB
20220312 013335.183 INFO             PET0 PIOc_sync Enter - MemInfo: [/proc/meminfo - SSI]	Committed_AS:    4289176 kB
20220312 013335.183 INFO             PET0 PIOc_sync Enter - MemInfo: [/proc/meminfo - SSI]	CommittedPercent: 3.26435 %
20220312 013335.184 INFO             PET0 PIOc_sync Enter - MemInfo: [/proc/self/status]	VmPeak:	 3887916 kB
20220312 013335.184 INFO             PET0 PIOc_sync Enter - MemInfo: [/proc/self/status]	VmSize:	 3887916 kB
20220312 013335.184 INFO             PET0 PIOc_sync Enter - MemInfo: [/proc/self/status]	VmLck:	       0 kB
20220312 013335.184 INFO             PET0 PIOc_sync Enter - MemInfo: [/proc/self/status]	VmPin:	   82396 kB
20220312 013335.184 INFO             PET0 PIOc_sync Enter - MemInfo: [/proc/self/status]	VmHWM:	  148516 kB
20220312 013335.184 INFO             PET0 PIOc_sync Enter - MemInfo: [/proc/self/status]	VmRSS:	  148516 kB
20220312 013335.184 INFO             PET0 PIOc_sync Enter - MemInfo: [/proc/self/status]	VmData:	  271636 kB
20220312 013335.184 INFO             PET0 PIOc_sync Enter - MemInfo: [/proc/self/status]	VmStk:	     512 kB
20220312 013335.184 INFO             PET0 PIOc_sync Enter - MemInfo: [/proc/self/status]	VmExe:	    2052 kB
20220312 013335.184 INFO             PET0 PIOc_sync Enter - MemInfo: [/proc/self/status]	VmLib:	  104128 kB
20220312 013335.184 INFO             PET0 PIOc_sync Enter - MemInfo: [/proc/self/status]	VmPTE:	     748 kB
20220312 013335.184 INFO             PET0 PIOc_sync Enter - MemInfo: [/proc/self/status]	VmPMD:	      32 kB
20220312 013335.184 INFO             PET0 PIOc_sync Enter - MemInfo: [/proc/self/status]	VmSwap:	       0 kB
20220312 013335.184 INFO             PET0 PIOc_sync Enter - MemInfo: [/proc/self/status]	VmRSSPercent: 0.113031 %
20220312 013335.184 INFO             PET0 PIOc_sync Enter - MemInfo: [malloc] Non-mmapped space allocated:                 5672960 Byte
20220312 013335.184 INFO             PET0 PIOc_sync Enter - MemInfo: [malloc] Space allocated in mmapped regions:         85999616 Byte
20220312 013335.184 INFO             PET0 PIOc_sync Enter - MemInfo: [malloc] Maximum total allocated space:                     0 Byte
20220312 013335.184 INFO             PET0 PIOc_sync Enter - MemInfo: [malloc] Space in freed fastbin blocks:                   240 Byte
20220312 013335.184 INFO             PET0 PIOc_sync Enter - MemInfo: [malloc] Total allocated space:                       5418992 Byte
20220312 013335.184 INFO             PET0 PIOc_sync Enter - MemInfo: [malloc] Total free space:                             253968 Byte
20220312 013335.184 INFO             PET0 PIOc_sync Enter - MemInfo: [malloc] Top-most, releasable space:                   122016 Byte
20220312 013335.184 INFO             PET0 PIOc_sync Enter - MemInfo: [malloc] Total space in use, mmap + non-mmap:        91418608 Byte
20220312 013335.184 INFO             PET0 PIOc_sync Enter - MemInfo: [malloc] Total space held (mmap + non-mmap):         91672576 Byte
20220312 013335.184 INFO             PET0 PIOc_sync Enter - MemInfo: [malloc] Total space used (mmap + non-mmap):         91427968 Byte
20220312 013335.184 INFO             PET0 PIOc_sync Enter - MemInfo: Wall-clock time since execution start:              0.0275458 seconds
20220312 013335.185 INFO             PET0 PIOc_sync Exit - MemInfo: [/proc/meminfo - SSI]	MemTotal:       131394444 kB
20220312 013335.185 INFO             PET0 PIOc_sync Exit - MemInfo: [/proc/meminfo - SSI]	MemFree:        118501844 kB
20220312 013335.185 INFO             PET0 PIOc_sync Exit - MemInfo: [/proc/meminfo - SSI]	MemAvailable:   118199344 kB
20220312 013335.185 INFO             PET0 PIOc_sync Exit - MemInfo: [/proc/meminfo - SSI]	Committed_AS:    4289176 kB
20220312 013335.185 INFO             PET0 PIOc_sync Exit - MemInfo: [/proc/meminfo - SSI]	CommittedPercent: 3.26435 %
20220312 013335.185 INFO             PET0 PIOc_sync Exit - MemInfo: [/proc/self/status]	VmPeak:	 3887916 kB
20220312 013335.185 INFO             PET0 PIOc_sync Exit - MemInfo: [/proc/self/status]	VmSize:	 3887916 kB
20220312 013335.185 INFO             PET0 PIOc_sync Exit - MemInfo: [/proc/self/status]	VmLck:	       0 kB
20220312 013335.185 INFO             PET0 PIOc_sync Exit - MemInfo: [/proc/self/status]	VmPin:	   82396 kB
20220312 013335.185 INFO             PET0 PIOc_sync Exit - MemInfo: [/proc/self/status]	VmHWM:	  148544 kB
20220312 013335.185 INFO             PET0 PIOc_sync Exit - MemInfo: [/proc/self/status]	VmRSS:	  148544 kB
20220312 013335.185 INFO             PET0 PIOc_sync Exit - MemInfo: [/proc/self/status]	VmData:	  271636 kB
20220312 013335.185 INFO             PET0 PIOc_sync Exit - MemInfo: [/proc/self/status]	VmStk:	     512 kB
20220312 013335.185 INFO             PET0 PIOc_sync Exit - MemInfo: [/proc/self/status]	VmExe:	    2052 kB
20220312 013335.185 INFO             PET0 PIOc_sync Exit - MemInfo: [/proc/self/status]	VmLib:	  104128 kB
20220312 013335.185 INFO             PET0 PIOc_sync Exit - MemInfo: [/proc/self/status]	VmPTE:	     748 kB
20220312 013335.185 INFO             PET0 PIOc_sync Exit - MemInfo: [/proc/self/status]	VmPMD:	      32 kB
20220312 013335.185 INFO             PET0 PIOc_sync Exit - MemInfo: [/proc/self/status]	VmSwap:	       0 kB
20220312 013335.185 INFO             PET0 PIOc_sync Exit - MemInfo: [/proc/self/status]	VmRSSPercent: 0.113052 %
20220312 013335.185 INFO             PET0 PIOc_sync Exit - MemInfo: [malloc] Non-mmapped space allocated:                 5672960 Byte
20220312 013335.185 INFO             PET0 PIOc_sync Exit - MemInfo: [malloc] Space allocated in mmapped regions:         85999616 Byte
20220312 013335.185 INFO             PET0 PIOc_sync Exit - MemInfo: [malloc] Maximum total allocated space:                     0 Byte
20220312 013335.185 INFO             PET0 PIOc_sync Exit - MemInfo: [malloc] Space in freed fastbin blocks:                   144 Byte
20220312 013335.185 INFO             PET0 PIOc_sync Exit - MemInfo: [malloc] Total allocated space:                       5418192 Byte
20220312 013335.185 INFO             PET0 PIOc_sync Exit - MemInfo: [malloc] Total free space:                             254768 Byte
20220312 013335.185 INFO             PET0 PIOc_sync Exit - MemInfo: [malloc] Top-most, releasable space:                   122016 Byte
20220312 013335.185 INFO             PET0 PIOc_sync Exit - MemInfo: [malloc] Total space in use, mmap + non-mmap:        91417808 Byte
20220312 013335.185 INFO             PET0 PIOc_sync Exit - MemInfo: [malloc] Total space held (mmap + non-mmap):         91672576 Byte
20220312 013335.185 INFO             PET0 PIOc_sync Exit - MemInfo: [malloc] Total space used (mmap + non-mmap):         91427168 Byte
20220312 013335.185 INFO             PET0 PIOc_sync Exit - MemInfo: Wall-clock time since execution start:              0.0288086 seconds
20220312 013335.185 INFO             PET0 PIOc_freedecomp Enter - MemInfo: [/proc/meminfo - SSI]	MemTotal:       131394444 kB
20220312 013335.185 INFO             PET0 PIOc_freedecomp Enter - MemInfo: [/proc/meminfo - SSI]	MemFree:        118501844 kB
20220312 013335.185 INFO             PET0 PIOc_freedecomp Enter - MemInfo: [/proc/meminfo - SSI]	MemAvailable:   118199344 kB
20220312 013335.185 INFO             PET0 PIOc_freedecomp Enter - MemInfo: [/proc/meminfo - SSI]	Committed_AS:    4289176 kB
20220312 013335.185 INFO             PET0 PIOc_freedecomp Enter - MemInfo: [/proc/meminfo - SSI]	CommittedPercent: 3.26435 %
20220312 013335.185 INFO             PET0 PIOc_freedecomp Enter - MemInfo: [/proc/self/status]	VmPeak:	 3887916 kB
20220312 013335.185 INFO             PET0 PIOc_freedecomp Enter - MemInfo: [/proc/self/status]	VmSize:	 3887916 kB
20220312 013335.185 INFO             PET0 PIOc_freedecomp Enter - MemInfo: [/proc/self/status]	VmLck:	       0 kB
20220312 013335.185 INFO             PET0 PIOc_freedecomp Enter - MemInfo: [/proc/self/status]	VmPin:	   82396 kB
20220312 013335.185 INFO             PET0 PIOc_freedecomp Enter - MemInfo: [/proc/self/status]	VmHWM:	  148544 kB
20220312 013335.185 INFO             PET0 PIOc_freedecomp Enter - MemInfo: [/proc/self/status]	VmRSS:	  148544 kB
20220312 013335.185 INFO             PET0 PIOc_freedecomp Enter - MemInfo: [/proc/self/status]	VmData:	  271636 kB
20220312 013335.185 INFO             PET0 PIOc_freedecomp Enter - MemInfo: [/proc/self/status]	VmStk:	     512 kB
20220312 013335.185 INFO             PET0 PIOc_freedecomp Enter - MemInfo: [/proc/self/status]	VmExe:	    2052 kB
20220312 013335.185 INFO             PET0 PIOc_freedecomp Enter - MemInfo: [/proc/self/status]	VmLib:	  104128 kB
20220312 013335.185 INFO             PET0 PIOc_freedecomp Enter - MemInfo: [/proc/self/status]	VmPTE:	     748 kB
20220312 013335.185 INFO             PET0 PIOc_freedecomp Enter - MemInfo: [/proc/self/status]	VmPMD:	      32 kB
20220312 013335.185 INFO             PET0 PIOc_freedecomp Enter - MemInfo: [/proc/self/status]	VmSwap:	       0 kB
20220312 013335.185 INFO             PET0 PIOc_freedecomp Enter - MemInfo: [/proc/self/status]	VmRSSPercent: 0.113052 %
20220312 013335.185 INFO             PET0 PIOc_freedecomp Enter - MemInfo: [malloc] Non-mmapped space allocated:                 5672960 Byte
20220312 013335.185 INFO             PET0 PIOc_freedecomp Enter - MemInfo: [malloc] Space allocated in mmapped regions:         85999616 Byte
20220312 013335.185 INFO             PET0 PIOc_freedecomp Enter - MemInfo: [malloc] Maximum total allocated space:                     0 Byte
20220312 013335.185 INFO             PET0 PIOc_freedecomp Enter - MemInfo: [malloc] Space in freed fastbin blocks:                   608 Byte
20220312 013335.185 INFO             PET0 PIOc_freedecomp Enter - MemInfo: [malloc] Total allocated space:                       2783360 Byte
20220312 013335.185 INFO             PET0 PIOc_freedecomp Enter - MemInfo: [malloc] Total free space:                            2889600 Byte
20220312 013335.185 INFO             PET0 PIOc_freedecomp Enter - MemInfo: [malloc] Top-most, releasable space:                  2753984 Byte
20220312 013335.185 INFO             PET0 PIOc_freedecomp Enter - MemInfo: [malloc] Total space in use, mmap + non-mmap:        88782976 Byte
20220312 013335.185 INFO             PET0 PIOc_freedecomp Enter - MemInfo: [malloc] Total space held (mmap + non-mmap):         91672576 Byte
20220312 013335.185 INFO             PET0 PIOc_freedecomp Enter - MemInfo: [malloc] Total space used (mmap + non-mmap):         88792336 Byte
20220312 013335.185 INFO             PET0 PIOc_freedecomp Enter - MemInfo: Wall-clock time since execution start:              0.0292499 seconds
20220312 013335.185 INFO             PET0 PIOc_freedecomp Exit - MemInfo: [/proc/meminfo - SSI]	MemTotal:       131394444 kB
20220312 013335.186 INFO             PET0 PIOc_freedecomp Exit - MemInfo: [/proc/meminfo - SSI]	MemFree:        118501844 kB
20220312 013335.186 INFO             PET0 PIOc_freedecomp Exit - MemInfo: [/proc/meminfo - SSI]	MemAvailable:   118199344 kB
20220312 013335.186 INFO             PET0 PIOc_freedecomp Exit - MemInfo: [/proc/meminfo - SSI]	Committed_AS:    4289176 kB
20220312 013335.186 INFO             PET0 PIOc_freedecomp Exit - MemInfo: [/proc/meminfo - SSI]	CommittedPercent: 3.26435 %
20220312 013335.186 INFO             PET0 PIOc_freedecomp Exit - MemInfo: [/proc/self/status]	VmPeak:	 3887916 kB
20220312 013335.186 INFO             PET0 PIOc_freedecomp Exit - MemInfo: [/proc/self/status]	VmSize:	 3887916 kB
20220312 013335.186 INFO             PET0 PIOc_freedecomp Exit - MemInfo: [/proc/self/status]	VmLck:	       0 kB
20220312 013335.186 INFO             PET0 PIOc_freedecomp Exit - MemInfo: [/proc/self/status]	VmPin:	   82396 kB
20220312 013335.186 INFO             PET0 PIOc_freedecomp Exit - MemInfo: [/proc/self/status]	VmHWM:	  148544 kB
20220312 013335.186 INFO             PET0 PIOc_freedecomp Exit - MemInfo: [/proc/self/status]	VmRSS:	  148544 kB
20220312 013335.186 INFO             PET0 PIOc_freedecomp Exit - MemInfo: [/proc/self/status]	VmData:	  271636 kB
20220312 013335.186 INFO             PET0 PIOc_freedecomp Exit - MemInfo: [/proc/self/status]	VmStk:	     512 kB
20220312 013335.186 INFO             PET0 PIOc_freedecomp Exit - MemInfo: [/proc/self/status]	VmExe:	    2052 kB
20220312 013335.186 INFO             PET0 PIOc_freedecomp Exit - MemInfo: [/proc/self/status]	VmLib:	  104128 kB
20220312 013335.186 INFO             PET0 PIOc_freedecomp Exit - MemInfo: [/proc/self/status]	VmPTE:	     748 kB
20220312 013335.186 INFO             PET0 PIOc_freedecomp Exit - MemInfo: [/proc/self/status]	VmPMD:	      32 kB
20220312 013335.186 INFO             PET0 PIOc_freedecomp Exit - MemInfo: [/proc/self/status]	VmSwap:	       0 kB
20220312 013335.186 INFO             PET0 PIOc_freedecomp Exit - MemInfo: [/proc/self/status]	VmRSSPercent: 0.113052 %
20220312 013335.186 INFO             PET0 PIOc_freedecomp Exit - MemInfo: [malloc] Non-mmapped space allocated:                 5672960 Byte
20220312 013335.186 INFO             PET0 PIOc_freedecomp Exit - MemInfo: [malloc] Space allocated in mmapped regions:         85999616 Byte
20220312 013335.186 INFO             PET0 PIOc_freedecomp Exit - MemInfo: [malloc] Maximum total allocated space:                     0 Byte
20220312 013335.186 INFO             PET0 PIOc_freedecomp Exit - MemInfo: [malloc] Space in freed fastbin blocks:                   784 Byte
20220312 013335.186 INFO             PET0 PIOc_freedecomp Exit - MemInfo: [malloc] Total allocated space:                       2780592 Byte
20220312 013335.186 INFO             PET0 PIOc_freedecomp Exit - MemInfo: [malloc] Total free space:                            2892368 Byte
20220312 013335.186 INFO             PET0 PIOc_freedecomp Exit - MemInfo: [malloc] Top-most, releasable space:                  2753984 Byte
20220312 013335.186 INFO             PET0 PIOc_freedecomp Exit - MemInfo: [malloc] Total space in use, mmap + non-mmap:        88780208 Byte
20220312 013335.186 INFO             PET0 PIOc_freedecomp Exit - MemInfo: [malloc] Total space held (mmap + non-mmap):         91672576 Byte
20220312 013335.186 INFO             PET0 PIOc_freedecomp Exit - MemInfo: [malloc] Total space used (mmap + non-mmap):         88789568 Byte
20220312 013335.186 INFO             PET0 PIOc_freedecomp Exit - MemInfo: Wall-clock time since execution start:              0.0296072 seconds
20220312 013335.186 INFO             PET0  PASS  Write ESMF_Array without Halo to NetCDF Test, ESMF_ArrayIOUTest.F90, line 274
20220312 013335.186 INFO             PET0  PASS  Create Array without Halo for PIO Read, ESMF_ArrayIOUTest.F90, line 288
20220312 013335.186 INFO             PET0  PASS  Create Array with Halo for PIO Read, ESMF_ArrayIOUTest.F90, line 299
20220312 013335.186 INFO             PET0  PASS  Create Array with Halo for PIO Read, ESMF_ArrayIOUTest.F90, line 309
20220312 013335.187 WARNING          PET0 ESMCI_PIO_Handler.C:1344 ESMCI::PIO_Handler::open()  Unable to set fill on file: file3D_wouthalo.nc, (PIO/NetCDF error = NetCDF: Write to read only)
20220312 013335.187 INFO             PET0 PIOc_sync Enter - MemInfo: [/proc/meminfo - SSI]	MemTotal:       131394444 kB
20220312 013335.187 INFO             PET0 PIOc_sync Enter - MemInfo: [/proc/meminfo - SSI]	MemFree:        118501844 kB
20220312 013335.187 INFO             PET0 PIOc_sync Enter - MemInfo: [/proc/meminfo - SSI]	MemAvailable:   118199344 kB
20220312 013335.187 INFO             PET0 PIOc_sync Enter - MemInfo: [/proc/meminfo - SSI]	Committed_AS:    4289176 kB
20220312 013335.187 INFO             PET0 PIOc_sync Enter - MemInfo: [/proc/meminfo - SSI]	CommittedPercent: 3.26435 %
20220312 013335.187 INFO             PET0 PIOc_sync Enter - MemInfo: [/proc/self/status]	VmPeak:	 3888936 kB
20220312 013335.187 INFO             PET0 PIOc_sync Enter - MemInfo: [/proc/self/status]	VmSize:	 3887916 kB
20220312 013335.187 INFO             PET0 PIOc_sync Enter - MemInfo: [/proc/self/status]	VmLck:	       0 kB
20220312 013335.187 INFO             PET0 PIOc_sync Enter - MemInfo: [/proc/self/status]	VmPin:	   82396 kB
20220312 013335.187 INFO             PET0 PIOc_sync Enter - MemInfo: [/proc/self/status]	VmHWM:	  148720 kB
20220312 013335.187 INFO             PET0 PIOc_sync Enter - MemInfo: [/proc/self/status]	VmRSS:	  148720 kB
20220312 013335.187 INFO             PET0 PIOc_sync Enter - MemInfo: [/proc/self/status]	VmData:	  271636 kB
20220312 013335.187 INFO             PET0 PIOc_sync Enter - MemInfo: [/proc/self/status]	VmStk:	     512 kB
20220312 013335.187 INFO             PET0 PIOc_sync Enter - MemInfo: [/proc/self/status]	VmExe:	    2052 kB
20220312 013335.187 INFO             PET0 PIOc_sync Enter - MemInfo: [/proc/self/status]	VmLib:	  104128 kB
20220312 013335.187 INFO             PET0 PIOc_sync Enter - MemInfo: [/proc/self/status]	VmPTE:	     748 kB
20220312 013335.187 INFO             PET0 PIOc_sync Enter - MemInfo: [/proc/self/status]	VmPMD:	      32 kB
20220312 013335.187 INFO             PET0 PIOc_sync Enter - MemInfo: [/proc/self/status]	VmSwap:	       0 kB
20220312 013335.187 INFO             PET0 PIOc_sync Enter - MemInfo: [/proc/self/status]	VmRSSPercent: 0.113186 %
20220312 013335.187 INFO             PET0 PIOc_sync Enter - MemInfo: [malloc] Non-mmapped space allocated:                 5672960 Byte
20220312 013335.187 INFO             PET0 PIOc_sync Enter - MemInfo: [malloc] Space allocated in mmapped regions:         85999616 Byte
20220312 013335.187 INFO             PET0 PIOc_sync Enter - MemInfo: [malloc] Maximum total allocated space:                     0 Byte
20220312 013335.187 INFO             PET0 PIOc_sync Enter - MemInfo: [malloc] Space in freed fastbin blocks:                   336 Byte
20220312 013335.187 INFO             PET0 PIOc_sync Enter - MemInfo: [malloc] Total allocated space:                       5451536 Byte
20220312 013335.187 INFO             PET0 PIOc_sync Enter - MemInfo: [malloc] Total free space:                             221424 Byte
20220312 013335.187 INFO             PET0 PIOc_sync Enter - MemInfo: [malloc] Top-most, releasable space:                    88992 Byte
20220312 013335.188 INFO             PET0 PIOc_sync Enter - MemInfo: [malloc] Total space in use, mmap + non-mmap:        91451152 Byte
20220312 013335.188 INFO             PET0 PIOc_sync Enter - MemInfo: [malloc] Total space held (mmap + non-mmap):         91672576 Byte
20220312 013335.188 INFO             PET0 PIOc_sync Enter - MemInfo: [malloc] Total space used (mmap + non-mmap):         91460512 Byte
20220312 013335.188 INFO             PET0 PIOc_sync Enter - MemInfo: Wall-clock time since execution start:              0.0313556 seconds
20220312 013335.188 INFO             PET0 PIOc_sync Exit - MemInfo: [/proc/meminfo - SSI]	MemTotal:       131394444 kB
20220312 013335.188 INFO             PET0 PIOc_sync Exit - MemInfo: [/proc/meminfo - SSI]	MemFree:        118501844 kB
20220312 013335.188 INFO             PET0 PIOc_sync Exit - MemInfo: [/proc/meminfo - SSI]	MemAvailable:   118199344 kB
20220312 013335.188 INFO             PET0 PIOc_sync Exit - MemInfo: [/proc/meminfo - SSI]	Committed_AS:    4289176 kB
20220312 013335.188 INFO             PET0 PIOc_sync Exit - MemInfo: [/proc/meminfo - SSI]	CommittedPercent: 3.26435 %
20220312 013335.188 INFO             PET0 PIOc_sync Exit - MemInfo: [/proc/self/status]	VmPeak:	 3888936 kB
20220312 013335.188 INFO             PET0 PIOc_sync Exit - MemInfo: [/proc/self/status]	VmSize:	 3887916 kB
20220312 013335.188 INFO             PET0 PIOc_sync Exit - MemInfo: [/proc/self/status]	VmLck:	       0 kB
20220312 013335.188 INFO             PET0 PIOc_sync Exit - MemInfo: [/proc/self/status]	VmPin:	   82396 kB
20220312 013335.188 INFO             PET0 PIOc_sync Exit - MemInfo: [/proc/self/status]	VmHWM:	  148728 kB
20220312 013335.188 INFO             PET0 PIOc_sync Exit - MemInfo: [/proc/self/status]	VmRSS:	  148728 kB
20220312 013335.188 INFO             PET0 PIOc_sync Exit - MemInfo: [/proc/self/status]	VmData:	  271636 kB
20220312 013335.188 INFO             PET0 PIOc_sync Exit - MemInfo: [/proc/self/status]	VmStk:	     512 kB
20220312 013335.188 INFO             PET0 PIOc_sync Exit - MemInfo: [/proc/self/status]	VmExe:	    2052 kB
20220312 013335.188 INFO             PET0 PIOc_sync Exit - MemInfo: [/proc/self/status]	VmLib:	  104128 kB
20220312 013335.188 INFO             PET0 PIOc_sync Exit - MemInfo: [/proc/self/status]	VmPTE:	     748 kB
20220312 013335.188 INFO             PET0 PIOc_sync Exit - MemInfo: [/proc/self/status]	VmPMD:	      32 kB
20220312 013335.188 INFO             PET0 PIOc_sync Exit - MemInfo: [/proc/self/status]	VmSwap:	       0 kB
20220312 013335.188 INFO             PET0 PIOc_sync Exit - MemInfo: [/proc/self/status]	VmRSSPercent: 0.113192 %
20220312 013335.188 INFO             PET0 PIOc_sync Exit - MemInfo: [malloc] Non-mmapped space allocated:                 5672960 Byte
20220312 013335.188 INFO             PET0 PIOc_sync Exit - MemInfo: [malloc] Space allocated in mmapped regions:         85999616 Byte
20220312 013335.188 INFO             PET0 PIOc_sync Exit - MemInfo: [malloc] Maximum total allocated space:                     0 Byte
20220312 013335.188 INFO             PET0 PIOc_sync Exit - MemInfo: [malloc] Space in freed fastbin blocks:                   368 Byte
20220312 013335.188 INFO             PET0 PIOc_sync Exit - MemInfo: [malloc] Total allocated space:                       5451536 Byte
20220312 013335.188 INFO             PET0 PIOc_sync Exit - MemInfo: [malloc] Total free space:                             221424 Byte
20220312 013335.188 INFO             PET0 PIOc_sync Exit - MemInfo: [malloc] Top-most, releasable space:                    88992 Byte
20220312 013335.188 INFO             PET0 PIOc_sync Exit - MemInfo: [malloc] Total space in use, mmap + non-mmap:        91451152 Byte
20220312 013335.188 INFO             PET0 PIOc_sync Exit - MemInfo: [malloc] Total space held (mmap + non-mmap):         91672576 Byte
20220312 013335.188 INFO             PET0 PIOc_sync Exit - MemInfo: [malloc] Total space used (mmap + non-mmap):         91460512 Byte
20220312 013335.188 INFO             PET0 PIOc_sync Exit - MemInfo: Wall-clock time since execution start:              0.0317168 seconds
20220312 013335.188 INFO             PET0 PIOc_freedecomp Enter - MemInfo: [/proc/meminfo - SSI]	MemTotal:       131394444 kB
20220312 013335.188 INFO             PET0 PIOc_freedecomp Enter - MemInfo: [/proc/meminfo - SSI]	MemFree:        118501844 kB
20220312 013335.188 INFO             PET0 PIOc_freedecomp Enter - MemInfo: [/proc/meminfo - SSI]	MemAvailable:   118199344 kB
20220312 013335.188 INFO             PET0 PIOc_freedecomp Enter - MemInfo: [/proc/meminfo - SSI]	Committed_AS:    4289176 kB
20220312 013335.188 INFO             PET0 PIOc_freedecomp Enter - MemInfo: [/proc/meminfo - SSI]	CommittedPercent: 3.26435 %
20220312 013335.188 INFO             PET0 PIOc_freedecomp Enter - MemInfo: [/proc/self/status]	VmPeak:	 3888936 kB
20220312 013335.188 INFO             PET0 PIOc_freedecomp Enter - MemInfo: [/proc/self/status]	VmSize:	 3887916 kB
20220312 013335.188 INFO             PET0 PIOc_freedecomp Enter - MemInfo: [/proc/self/status]	VmLck:	       0 kB
20220312 013335.188 INFO             PET0 PIOc_freedecomp Enter - MemInfo: [/proc/self/status]	VmPin:	   82396 kB
20220312 013335.188 INFO             PET0 PIOc_freedecomp Enter - MemInfo: [/proc/self/status]	VmHWM:	  148728 kB
20220312 013335.188 INFO             PET0 PIOc_freedecomp Enter - MemInfo: [/proc/self/status]	VmRSS:	  148728 kB
20220312 013335.188 INFO             PET0 PIOc_freedecomp Enter - MemInfo: [/proc/self/status]	VmData:	  271636 kB
20220312 013335.188 INFO             PET0 PIOc_freedecomp Enter - MemInfo: [/proc/self/status]	VmStk:	     512 kB
20220312 013335.188 INFO             PET0 PIOc_freedecomp Enter - MemInfo: [/proc/self/status]	VmExe:	    2052 kB
20220312 013335.188 INFO             PET0 PIOc_freedecomp Enter - MemInfo: [/proc/self/status]	VmLib:	  104128 kB
20220312 013335.188 INFO             PET0 PIOc_freedecomp Enter - MemInfo: [/proc/self/status]	VmPTE:	     748 kB
20220312 013335.188 INFO             PET0 PIOc_freedecomp Enter - MemInfo: [/proc/self/status]	VmPMD:	      32 kB
20220312 013335.188 INFO             PET0 PIOc_freedecomp Enter - MemInfo: [/proc/self/status]	VmSwap:	       0 kB
20220312 013335.188 INFO             PET0 PIOc_freedecomp Enter - MemInfo: [/proc/self/status]	VmRSSPercent: 0.113192 %
20220312 013335.188 INFO             PET0 PIOc_freedecomp Enter - MemInfo: [malloc] Non-mmapped space allocated:                 5672960 Byte
20220312 013335.188 INFO             PET0 PIOc_freedecomp Enter - MemInfo: [malloc] Space allocated in mmapped regions:         85999616 Byte
20220312 013335.188 INFO             PET0 PIOc_freedecomp Enter - MemInfo: [malloc] Maximum total allocated space:                     0 Byte
20220312 013335.188 INFO             PET0 PIOc_freedecomp Enter - MemInfo: [malloc] Space in freed fastbin blocks:                   528 Byte
20220312 013335.188 INFO             PET0 PIOc_freedecomp Enter - MemInfo: [malloc] Total allocated space:                       2816768 Byte
20220312 013335.188 INFO             PET0 PIOc_freedecomp Enter - MemInfo: [malloc] Total free space:                            2856192 Byte
20220312 013335.188 INFO             PET0 PIOc_freedecomp Enter - MemInfo: [malloc] Top-most, releasable space:                    88992 Byte
20220312 013335.188 INFO             PET0 PIOc_freedecomp Enter - MemInfo: [malloc] Total space in use, mmap + non-mmap:        88816384 Byte
20220312 013335.188 INFO             PET0 PIOc_freedecomp Enter - MemInfo: [malloc] Total space held (mmap + non-mmap):         91672576 Byte
20220312 013335.188 INFO             PET0 PIOc_freedecomp Enter - MemInfo: [malloc] Total space used (mmap + non-mmap):         88825744 Byte
20220312 013335.188 INFO             PET0 PIOc_freedecomp Enter - MemInfo: Wall-clock time since execution start:              0.0321395 seconds
20220312 013335.188 INFO             PET0 PIOc_freedecomp Exit - MemInfo: [/proc/meminfo - SSI]	MemTotal:       131394444 kB
20220312 013335.188 INFO             PET0 PIOc_freedecomp Exit - MemInfo: [/proc/meminfo - SSI]	MemFree:        118501844 kB
20220312 013335.188 INFO             PET0 PIOc_freedecomp Exit - MemInfo: [/proc/meminfo - SSI]	MemAvailable:   118199344 kB
20220312 013335.188 INFO             PET0 PIOc_freedecomp Exit - MemInfo: [/proc/meminfo - SSI]	Committed_AS:    4289176 kB
20220312 013335.188 INFO             PET0 PIOc_freedecomp Exit - MemInfo: [/proc/meminfo - SSI]	CommittedPercent: 3.26435 %
20220312 013335.188 INFO             PET0 PIOc_freedecomp Exit - MemInfo: [/proc/self/status]	VmPeak:	 3888936 kB
20220312 013335.189 INFO             PET0 PIOc_freedecomp Exit - MemInfo: [/proc/self/status]	VmSize:	 3887916 kB
20220312 013335.189 INFO             PET0 PIOc_freedecomp Exit - MemInfo: [/proc/self/status]	VmLck:	       0 kB
20220312 013335.189 INFO             PET0 PIOc_freedecomp Exit - MemInfo: [/proc/self/status]	VmPin:	   82396 kB
20220312 013335.189 INFO             PET0 PIOc_freedecomp Exit - MemInfo: [/proc/self/status]	VmHWM:	  148728 kB
20220312 013335.189 INFO             PET0 PIOc_freedecomp Exit - MemInfo: [/proc/self/status]	VmRSS:	  148728 kB
20220312 013335.189 INFO             PET0 PIOc_freedecomp Exit - MemInfo: [/proc/self/status]	VmData:	  271636 kB
20220312 013335.189 INFO             PET0 PIOc_freedecomp Exit - MemInfo: [/proc/self/status]	VmStk:	     512 kB
20220312 013335.189 INFO             PET0 PIOc_freedecomp Exit - MemInfo: [/proc/self/status]	VmExe:	    2052 kB
20220312 013335.189 INFO             PET0 PIOc_freedecomp Exit - MemInfo: [/proc/self/status]	VmLib:	  104128 kB
20220312 013335.189 INFO             PET0 PIOc_freedecomp Exit - MemInfo: [/proc/self/status]	VmPTE:	     748 kB
20220312 013335.189 INFO             PET0 PIOc_freedecomp Exit - MemInfo: [/proc/self/status]	VmPMD:	      32 kB
20220312 013335.189 INFO             PET0 PIOc_freedecomp Exit - MemInfo: [/proc/self/status]	VmSwap:	       0 kB
20220312 013335.189 INFO             PET0 PIOc_freedecomp Exit - MemInfo: [/proc/self/status]	VmRSSPercent: 0.113192 %
20220312 013335.189 INFO             PET0 PIOc_freedecomp Exit - MemInfo: [malloc] Non-mmapped space allocated:                 5672960 Byte
20220312 013335.189 INFO             PET0 PIOc_freedecomp Exit - MemInfo: [malloc] Space allocated in mmapped regions:         85999616 Byte
20220312 013335.189 INFO             PET0 PIOc_freedecomp Exit - MemInfo: [malloc] Maximum total allocated space:                     0 Byte
20220312 013335.189 INFO             PET0 PIOc_freedecomp Exit - MemInfo: [malloc] Space in freed fastbin blocks:                   352 Byte
20220312 013335.189 INFO             PET0 PIOc_freedecomp Exit - MemInfo: [malloc] Total allocated space:                       2814032 Byte
20220312 013335.189 INFO             PET0 PIOc_freedecomp Exit - MemInfo: [malloc] Total free space:                            2858928 Byte
20220312 013335.189 INFO             PET0 PIOc_freedecomp Exit - MemInfo: [malloc] Top-most, releasable space:                  2723136 Byte
20220312 013335.189 INFO             PET0 PIOc_freedecomp Exit - MemInfo: [malloc] Total space in use, mmap + non-mmap:        88813648 Byte
20220312 013335.189 INFO             PET0 PIOc_freedecomp Exit - MemInfo: [malloc] Total space held (mmap + non-mmap):         91672576 Byte
20220312 013335.189 INFO             PET0 PIOc_freedecomp Exit - MemInfo: [malloc] Total space used (mmap + non-mmap):         88823008 Byte
20220312 013335.189 INFO             PET0 PIOc_freedecomp Exit - MemInfo: Wall-clock time since execution start:              0.0325252 seconds
20220312 013335.189 INFO             PET0  PASS  Read ESMF_Array without Halo from NetCDF file Test, ESMF_ArrayIOUTest.F90, line 330
20220312 013335.189 INFO             PET0  PASS  Compare read in data to the existing data - 3D without halo, ESMF_ArrayIOUTest.F90, line 353
20220312 013335.190 WARNING          PET0 ESMCI_PIO_Handler.C:1344 ESMCI::PIO_Handler::open()  Unable to set fill on file: file3D_withhalo.nc, (PIO/NetCDF error = NetCDF: Write to read only)
20220312 013335.190 INFO             PET0 PIOc_sync Enter - MemInfo: [/proc/meminfo - SSI]	MemTotal:       131394444 kB
20220312 013335.190 INFO             PET0 PIOc_sync Enter - MemInfo: [/proc/meminfo - SSI]	MemFree:        118500852 kB
20220312 013335.190 INFO             PET0 PIOc_sync Enter - MemInfo: [/proc/meminfo - SSI]	MemAvailable:   118198352 kB
20220312 013335.190 INFO             PET0 PIOc_sync Enter - MemInfo: [/proc/meminfo - SSI]	Committed_AS:    4289176 kB
20220312 013335.190 INFO             PET0 PIOc_sync Enter - MemInfo: [/proc/meminfo - SSI]	CommittedPercent: 3.26435 %
20220312 013335.190 INFO             PET0 PIOc_sync Enter - MemInfo: [/proc/self/status]	VmPeak:	 3888936 kB
20220312 013335.190 INFO             PET0 PIOc_sync Enter - MemInfo: [/proc/self/status]	VmSize:	 3887916 kB
20220312 013335.190 INFO             PET0 PIOc_sync Enter - MemInfo: [/proc/self/status]	VmLck:	       0 kB
20220312 013335.190 INFO             PET0 PIOc_sync Enter - MemInfo: [/proc/self/status]	VmPin:	   82396 kB
20220312 013335.190 INFO             PET0 PIOc_sync Enter - MemInfo: [/proc/self/status]	VmHWM:	  148860 kB
20220312 013335.190 INFO             PET0 PIOc_sync Enter - MemInfo: [/proc/self/status]	VmRSS:	  148860 kB
20220312 013335.190 INFO             PET0 PIOc_sync Enter - MemInfo: [/proc/self/status]	VmData:	  271636 kB
20220312 013335.190 INFO             PET0 PIOc_sync Enter - MemInfo: [/proc/self/status]	VmStk:	     512 kB
20220312 013335.190 INFO             PET0 PIOc_sync Enter - MemInfo: [/proc/self/status]	VmExe:	    2052 kB
20220312 013335.190 INFO             PET0 PIOc_sync Enter - MemInfo: [/proc/self/status]	VmLib:	  104128 kB
20220312 013335.190 INFO             PET0 PIOc_sync Enter - MemInfo: [/proc/self/status]	VmPTE:	     748 kB
20220312 013335.190 INFO             PET0 PIOc_sync Enter - MemInfo: [/proc/self/status]	VmPMD:	      32 kB
20220312 013335.190 INFO             PET0 PIOc_sync Enter - MemInfo: [/proc/self/status]	VmSwap:	       0 kB
20220312 013335.190 INFO             PET0 PIOc_sync Enter - MemInfo: [/proc/self/status]	VmRSSPercent: 0.113292 %
20220312 013335.190 INFO             PET0 PIOc_sync Enter - MemInfo: [malloc] Non-mmapped space allocated:                 5672960 Byte
20220312 013335.190 INFO             PET0 PIOc_sync Enter - MemInfo: [malloc] Space allocated in mmapped regions:         85999616 Byte
20220312 013335.190 INFO             PET0 PIOc_sync Enter - MemInfo: [malloc] Maximum total allocated space:                     0 Byte
20220312 013335.190 INFO             PET0 PIOc_sync Enter - MemInfo: [malloc] Space in freed fastbin blocks:                   688 Byte
20220312 013335.190 INFO             PET0 PIOc_sync Enter - MemInfo: [malloc] Total allocated space:                       5463744 Byte
20220312 013335.190 INFO             PET0 PIOc_sync Enter - MemInfo: [malloc] Total free space:                             209216 Byte
20220312 013335.190 INFO             PET0 PIOc_sync Enter - MemInfo: [malloc] Top-most, releasable space:                    56224 Byte
20220312 013335.190 INFO             PET0 PIOc_sync Enter - MemInfo: [malloc] Total space in use, mmap + non-mmap:        91463360 Byte
20220312 013335.190 INFO             PET0 PIOc_sync Enter - MemInfo: [malloc] Total space held (mmap + non-mmap):         91672576 Byte
20220312 013335.190 INFO             PET0 PIOc_sync Enter - MemInfo: [malloc] Total space used (mmap + non-mmap):         91472720 Byte
20220312 013335.190 INFO             PET0 PIOc_sync Enter - MemInfo: Wall-clock time since execution start:              0.0340435 seconds
20220312 013335.190 INFO             PET0 PIOc_sync Exit - MemInfo: [/proc/meminfo - SSI]	MemTotal:       131394444 kB
20220312 013335.190 INFO             PET0 PIOc_sync Exit - MemInfo: [/proc/meminfo - SSI]	MemFree:        118500852 kB
20220312 013335.190 INFO             PET0 PIOc_sync Exit - MemInfo: [/proc/meminfo - SSI]	MemAvailable:   118198352 kB
20220312 013335.190 INFO             PET0 PIOc_sync Exit - MemInfo: [/proc/meminfo - SSI]	Committed_AS:    4289176 kB
20220312 013335.190 INFO             PET0 PIOc_sync Exit - MemInfo: [/proc/meminfo - SSI]	CommittedPercent: 3.26435 %
20220312 013335.190 INFO             PET0 PIOc_sync Exit - MemInfo: [/proc/self/status]	VmPeak:	 3888936 kB
20220312 013335.190 INFO             PET0 PIOc_sync Exit - MemInfo: [/proc/self/status]	VmSize:	 3887916 kB
20220312 013335.190 INFO             PET0 PIOc_sync Exit - MemInfo: [/proc/self/status]	VmLck:	       0 kB
20220312 013335.190 INFO             PET0 PIOc_sync Exit - MemInfo: [/proc/self/status]	VmPin:	   82396 kB
20220312 013335.190 INFO             PET0 PIOc_sync Exit - MemInfo: [/proc/self/status]	VmHWM:	  148860 kB
20220312 013335.190 INFO             PET0 PIOc_sync Exit - MemInfo: [/proc/self/status]	VmRSS:	  148860 kB
20220312 013335.190 INFO             PET0 PIOc_sync Exit - MemInfo: [/proc/self/status]	VmData:	  271636 kB
20220312 013335.190 INFO             PET0 PIOc_sync Exit - MemInfo: [/proc/self/status]	VmStk:	     512 kB
20220312 013335.190 INFO             PET0 PIOc_sync Exit - MemInfo: [/proc/self/status]	VmExe:	    2052 kB
20220312 013335.190 INFO             PET0 PIOc_sync Exit - MemInfo: [/proc/self/status]	VmLib:	  104128 kB
20220312 013335.190 INFO             PET0 PIOc_sync Exit - MemInfo: [/proc/self/status]	VmPTE:	     748 kB
20220312 013335.190 INFO             PET0 PIOc_sync Exit - MemInfo: [/proc/self/status]	VmPMD:	      32 kB
20220312 013335.190 INFO             PET0 PIOc_sync Exit - MemInfo: [/proc/self/status]	VmSwap:	       0 kB
20220312 013335.190 INFO             PET0 PIOc_sync Exit - MemInfo: [/proc/self/status]	VmRSSPercent: 0.113292 %
20220312 013335.191 INFO             PET0 PIOc_sync Exit - MemInfo: [malloc] Non-mmapped space allocated:                 5672960 Byte
20220312 013335.191 INFO             PET0 PIOc_sync Exit - MemInfo: [malloc] Space allocated in mmapped regions:         85999616 Byte
20220312 013335.191 INFO             PET0 PIOc_sync Exit - MemInfo: [malloc] Maximum total allocated space:                     0 Byte
20220312 013335.191 INFO             PET0 PIOc_sync Exit - MemInfo: [malloc] Space in freed fastbin blocks:                   368 Byte
20220312 013335.191 INFO             PET0 PIOc_sync Exit - MemInfo: [malloc] Total allocated space:                       5463744 Byte
20220312 013335.191 INFO             PET0 PIOc_sync Exit - MemInfo: [malloc] Total free space:                             209216 Byte
20220312 013335.191 INFO             PET0 PIOc_sync Exit - MemInfo: [malloc] Top-most, releasable space:                    56224 Byte
20220312 013335.191 INFO             PET0 PIOc_sync Exit - MemInfo: [malloc] Total space in use, mmap + non-mmap:        91463360 Byte
20220312 013335.191 INFO             PET0 PIOc_sync Exit - MemInfo: [malloc] Total space held (mmap + non-mmap):         91672576 Byte
20220312 013335.191 INFO             PET0 PIOc_sync Exit - MemInfo: [malloc] Total space used (mmap + non-mmap):         91472720 Byte
20220312 013335.191 INFO             PET0 PIOc_sync Exit - MemInfo: Wall-clock time since execution start:              0.0344042 seconds
20220312 013335.191 INFO             PET0 PIOc_freedecomp Enter - MemInfo: [/proc/meminfo - SSI]	MemTotal:       131394444 kB
20220312 013335.191 INFO             PET0 PIOc_freedecomp Enter - MemInfo: [/proc/meminfo - SSI]	MemFree:        118500852 kB
20220312 013335.191 INFO             PET0 PIOc_freedecomp Enter - MemInfo: [/proc/meminfo - SSI]	MemAvailable:   118198352 kB
20220312 013335.191 INFO             PET0 PIOc_freedecomp Enter - MemInfo: [/proc/meminfo - SSI]	Committed_AS:    4289176 kB
20220312 013335.191 INFO             PET0 PIOc_freedecomp Enter - MemInfo: [/proc/meminfo - SSI]	CommittedPercent: 3.26435 %
20220312 013335.191 INFO             PET0 PIOc_freedecomp Enter - MemInfo: [/proc/self/status]	VmPeak:	 3888936 kB
20220312 013335.191 INFO             PET0 PIOc_freedecomp Enter - MemInfo: [/proc/self/status]	VmSize:	 3887916 kB
20220312 013335.191 INFO             PET0 PIOc_freedecomp Enter - MemInfo: [/proc/self/status]	VmLck:	       0 kB
20220312 013335.191 INFO             PET0 PIOc_freedecomp Enter - MemInfo: [/proc/self/status]	VmPin:	   82396 kB
20220312 013335.191 INFO             PET0 PIOc_freedecomp Enter - MemInfo: [/proc/self/status]	VmHWM:	  148860 kB
20220312 013335.191 INFO             PET0 PIOc_freedecomp Enter - MemInfo: [/proc/self/status]	VmRSS:	  148860 kB
20220312 013335.191 INFO             PET0 PIOc_freedecomp Enter - MemInfo: [/proc/self/status]	VmData:	  271636 kB
20220312 013335.191 INFO             PET0 PIOc_freedecomp Enter - MemInfo: [/proc/self/status]	VmStk:	     512 kB
20220312 013335.191 INFO             PET0 PIOc_freedecomp Enter - MemInfo: [/proc/self/status]	VmExe:	    2052 kB
20220312 013335.191 INFO             PET0 PIOc_freedecomp Enter - MemInfo: [/proc/self/status]	VmLib:	  104128 kB
20220312 013335.191 INFO             PET0 PIOc_freedecomp Enter - MemInfo: [/proc/self/status]	VmPTE:	     748 kB
20220312 013335.191 INFO             PET0 PIOc_freedecomp Enter - MemInfo: [/proc/self/status]	VmPMD:	      32 kB
20220312 013335.191 INFO             PET0 PIOc_freedecomp Enter - MemInfo: [/proc/self/status]	VmSwap:	       0 kB
20220312 013335.191 INFO             PET0 PIOc_freedecomp Enter - MemInfo: [/proc/self/status]	VmRSSPercent: 0.113292 %
20220312 013335.191 INFO             PET0 PIOc_freedecomp Enter - MemInfo: [malloc] Non-mmapped space allocated:                 5672960 Byte
20220312 013335.191 INFO             PET0 PIOc_freedecomp Enter - MemInfo: [malloc] Space allocated in mmapped regions:         85999616 Byte
20220312 013335.191 INFO             PET0 PIOc_freedecomp Enter - MemInfo: [malloc] Maximum total allocated space:                     0 Byte
20220312 013335.191 INFO             PET0 PIOc_freedecomp Enter - MemInfo: [malloc] Space in freed fastbin blocks:                   656 Byte
20220312 013335.191 INFO             PET0 PIOc_freedecomp Enter - MemInfo: [malloc] Total allocated space:                       2828976 Byte
20220312 013335.191 INFO             PET0 PIOc_freedecomp Enter - MemInfo: [malloc] Total free space:                            2843984 Byte
20220312 013335.191 INFO             PET0 PIOc_freedecomp Enter - MemInfo: [malloc] Top-most, releasable space:                    56224 Byte
20220312 013335.191 INFO             PET0 PIOc_freedecomp Enter - MemInfo: [malloc] Total space in use, mmap + non-mmap:        88828592 Byte
20220312 013335.191 INFO             PET0 PIOc_freedecomp Enter - MemInfo: [malloc] Total space held (mmap + non-mmap):         91672576 Byte
20220312 013335.191 INFO             PET0 PIOc_freedecomp Enter - MemInfo: [malloc] Total space used (mmap + non-mmap):         88837952 Byte
20220312 013335.191 INFO             PET0 PIOc_freedecomp Enter - MemInfo: Wall-clock time since execution start:              0.0347749 seconds
20220312 013335.191 INFO             PET0 PIOc_freedecomp Exit - MemInfo: [/proc/meminfo - SSI]	MemTotal:       131394444 kB
20220312 013335.191 INFO             PET0 PIOc_freedecomp Exit - MemInfo: [/proc/meminfo - SSI]	MemFree:        118500852 kB
20220312 013335.191 INFO             PET0 PIOc_freedecomp Exit - MemInfo: [/proc/meminfo - SSI]	MemAvailable:   118198352 kB
20220312 013335.191 INFO             PET0 PIOc_freedecomp Exit - MemInfo: [/proc/meminfo - SSI]	Committed_AS:    4289176 kB
20220312 013335.191 INFO             PET0 PIOc_freedecomp Exit - MemInfo: [/proc/meminfo - SSI]	CommittedPercent: 3.26435 %
20220312 013335.191 INFO             PET0 PIOc_freedecomp Exit - MemInfo: [/proc/self/status]	VmPeak:	 3888936 kB
20220312 013335.191 INFO             PET0 PIOc_freedecomp Exit - MemInfo: [/proc/self/status]	VmSize:	 3887916 kB
20220312 013335.191 INFO             PET0 PIOc_freedecomp Exit - MemInfo: [/proc/self/status]	VmLck:	       0 kB
20220312 013335.191 INFO             PET0 PIOc_freedecomp Exit - MemInfo: [/proc/self/status]	VmPin:	   82396 kB
20220312 013335.191 INFO             PET0 PIOc_freedecomp Exit - MemInfo: [/proc/self/status]	VmHWM:	  148860 kB
20220312 013335.191 INFO             PET0 PIOc_freedecomp Exit - MemInfo: [/proc/self/status]	VmRSS:	  148860 kB
20220312 013335.191 INFO             PET0 PIOc_freedecomp Exit - MemInfo: [/proc/self/status]	VmData:	  271636 kB
20220312 013335.191 INFO             PET0 PIOc_freedecomp Exit - MemInfo: [/proc/self/status]	VmStk:	     512 kB
20220312 013335.191 INFO             PET0 PIOc_freedecomp Exit - MemInfo: [/proc/self/status]	VmExe:	    2052 kB
20220312 013335.191 INFO             PET0 PIOc_freedecomp Exit - MemInfo: [/proc/self/status]	VmLib:	  104128 kB
20220312 013335.191 INFO             PET0 PIOc_freedecomp Exit - MemInfo: [/proc/self/status]	VmPTE:	     748 kB
20220312 013335.191 INFO             PET0 PIOc_freedecomp Exit - MemInfo: [/proc/self/status]	VmPMD:	      32 kB
20220312 013335.191 INFO             PET0 PIOc_freedecomp Exit - MemInfo: [/proc/self/status]	VmSwap:	       0 kB
20220312 013335.191 INFO             PET0 PIOc_freedecomp Exit - MemInfo: [/proc/self/status]	VmRSSPercent: 0.113292 %
20220312 013335.191 INFO             PET0 PIOc_freedecomp Exit - MemInfo: [malloc] Non-mmapped space allocated:                 5672960 Byte
20220312 013335.191 INFO             PET0 PIOc_freedecomp Exit - MemInfo: [malloc] Space allocated in mmapped regions:         85999616 Byte
20220312 013335.191 INFO             PET0 PIOc_freedecomp Exit - MemInfo: [malloc] Maximum total allocated space:                     0 Byte
20220312 013335.191 INFO             PET0 PIOc_freedecomp Exit - MemInfo: [malloc] Space in freed fastbin blocks:                   448 Byte
20220312 013335.191 INFO             PET0 PIOc_freedecomp Exit - MemInfo: [malloc] Total allocated space:                       2814032 Byte
20220312 013335.191 INFO             PET0 PIOc_freedecomp Exit - MemInfo: [malloc] Total free space:                            2858928 Byte
20220312 013335.191 INFO             PET0 PIOc_freedecomp Exit - MemInfo: [malloc] Top-most, releasable space:                  2723136 Byte
20220312 013335.191 INFO             PET0 PIOc_freedecomp Exit - MemInfo: [malloc] Total space in use, mmap + non-mmap:        88813648 Byte
20220312 013335.191 INFO             PET0 PIOc_freedecomp Exit - MemInfo: [malloc] Total space held (mmap + non-mmap):         91672576 Byte
20220312 013335.191 INFO             PET0 PIOc_freedecomp Exit - MemInfo: [malloc] Total space used (mmap + non-mmap):         88823008 Byte
20220312 013335.191 INFO             PET0 PIOc_freedecomp Exit - MemInfo: Wall-clock time since execution start:               0.035128 seconds
20220312 013335.191 INFO             PET0  PASS  Read ESMF_Array with Halo from NetCDF Test, ESMF_ArrayIOUTest.F90, line 380
20220312 013335.191 ERROR            PET0 ESMCI_IO_Handler.C:164 ESMCI::IO_Handler::create() Unknown I/O Format
20220312 013335.191 ERROR            PET0 ESMCI_IO.C:264 ESMCI::IO::read() Invalid argument  - Internal subroutine call returned Error
20220312 013335.191 ERROR            PET0 ESMCI_Array.C:3933 ESMCI::Array::read() Invalid argument  - Internal subroutine call returned Error
20220312 013335.191 ERROR            PET0 ESMCI_Array_F.C:831 c_esmc_arrayread() Invalid argument  - Internal subroutine call returned Error
20220312 013335.191 ERROR            PET0 ESMF_ArrayHa.F90:723 ESMF_ArrayRead Invalid argument  - Internal subroutine call returned Error
20220312 013335.191 INFO             PET0  PASS  Read ESMF_Array with Halo from binary Test, ESMF_ArrayIOUTest.F90, line 394
20220312 013335.191 INFO             PET0  PASS  Compare read in data to the existing NetCDF data - 3D with halo, ESMF_ArrayIOUTest.F90, line 412
20220312 013335.191 ERROR            PET0 ESMCI_Array.C:3914 ESMCI::Array::read() Invalid argument  - Array variable name not allowed in binary mode
20220312 013335.191 ERROR            PET0 ESMCI_Array_F.C:831 c_esmc_arrayread() Invalid argument  - Internal subroutine call returned Error
20220312 013335.191 ERROR            PET0 ESMF_ArrayHa.F90:723 ESMF_ArrayRead Invalid argument  - Internal subroutine call returned Error
20220312 013335.192 INFO             PET0  PASS  Read ESMF_Array variable with Halo from binary Test, ESMF_ArrayIOUTest.F90, line 430
20220312 013335.193 INFO             PET0 PIOc_sync Enter - MemInfo: [/proc/meminfo - SSI]	MemTotal:       131394444 kB
20220312 013335.193 INFO             PET0 PIOc_sync Enter - MemInfo: [/proc/meminfo - SSI]	MemFree:        118500852 kB
20220312 013335.193 INFO             PET0 PIOc_sync Enter - MemInfo: [/proc/meminfo - SSI]	MemAvailable:   118198352 kB
20220312 013335.193 INFO             PET0 PIOc_sync Enter - MemInfo: [/proc/meminfo - SSI]	Committed_AS:    4289176 kB
20220312 013335.193 INFO             PET0 PIOc_sync Enter - MemInfo: [/proc/meminfo - SSI]	CommittedPercent: 3.26435 %
20220312 013335.193 INFO             PET0 PIOc_sync Enter - MemInfo: [/proc/self/status]	VmPeak:	 3888936 kB
20220312 013335.193 INFO             PET0 PIOc_sync Enter - MemInfo: [/proc/self/status]	VmSize:	 3887916 kB
20220312 013335.193 INFO             PET0 PIOc_sync Enter - MemInfo: [/proc/self/status]	VmLck:	       0 kB
20220312 013335.193 INFO             PET0 PIOc_sync Enter - MemInfo: [/proc/self/status]	VmPin:	   82396 kB
20220312 013335.193 INFO             PET0 PIOc_sync Enter - MemInfo: [/proc/self/status]	VmHWM:	  148940 kB
20220312 013335.193 INFO             PET0 PIOc_sync Enter - MemInfo: [/proc/self/status]	VmRSS:	  148940 kB
20220312 013335.193 INFO             PET0 PIOc_sync Enter - MemInfo: [/proc/self/status]	VmData:	  271636 kB
20220312 013335.193 INFO             PET0 PIOc_sync Enter - MemInfo: [/proc/self/status]	VmStk:	     512 kB
20220312 013335.193 INFO             PET0 PIOc_sync Enter - MemInfo: [/proc/self/status]	VmExe:	    2052 kB
20220312 013335.193 INFO             PET0 PIOc_sync Enter - MemInfo: [/proc/self/status]	VmLib:	  104128 kB
20220312 013335.193 INFO             PET0 PIOc_sync Enter - MemInfo: [/proc/self/status]	VmPTE:	     748 kB
20220312 013335.193 INFO             PET0 PIOc_sync Enter - MemInfo: [/proc/self/status]	VmPMD:	      32 kB
20220312 013335.193 INFO             PET0 PIOc_sync Enter - MemInfo: [/proc/self/status]	VmSwap:	       0 kB
20220312 013335.193 INFO             PET0 PIOc_sync Enter - MemInfo: [/proc/self/status]	VmRSSPercent: 0.113353 %
20220312 013335.193 INFO             PET0 PIOc_sync Enter - MemInfo: [malloc] Non-mmapped space allocated:                 5672960 Byte
20220312 013335.193 INFO             PET0 PIOc_sync Enter - MemInfo: [malloc] Space allocated in mmapped regions:         85999616 Byte
20220312 013335.193 INFO             PET0 PIOc_sync Enter - MemInfo: [malloc] Maximum total allocated space:                     0 Byte
20220312 013335.193 INFO             PET0 PIOc_sync Enter - MemInfo: [malloc] Space in freed fastbin blocks:                   448 Byte
20220312 013335.193 INFO             PET0 PIOc_sync Enter - MemInfo: [malloc] Total allocated space:                       5468592 Byte
20220312 013335.193 INFO             PET0 PIOc_sync Enter - MemInfo: [malloc] Total free space:                             204368 Byte
20220312 013335.193 INFO             PET0 PIOc_sync Enter - MemInfo: [malloc] Top-most, releasable space:                    56224 Byte
20220312 013335.193 INFO             PET0 PIOc_sync Enter - MemInfo: [malloc] Total space in use, mmap + non-mmap:        91468208 Byte
20220312 013335.193 INFO             PET0 PIOc_sync Enter - MemInfo: [malloc] Total space held (mmap + non-mmap):         91672576 Byte
20220312 013335.193 INFO             PET0 PIOc_sync Enter - MemInfo: [malloc] Total space used (mmap + non-mmap):         91477568 Byte
20220312 013335.193 INFO             PET0 PIOc_sync Enter - MemInfo: Wall-clock time since execution start:              0.0367705 seconds
20220312 013335.193 INFO             PET0 PIOc_sync Exit - MemInfo: [/proc/meminfo - SSI]	MemTotal:       131394444 kB
20220312 013335.193 INFO             PET0 PIOc_sync Exit - MemInfo: [/proc/meminfo - SSI]	MemFree:        118500852 kB
20220312 013335.193 INFO             PET0 PIOc_sync Exit - MemInfo: [/proc/meminfo - SSI]	MemAvailable:   118198352 kB
20220312 013335.193 INFO             PET0 PIOc_sync Exit - MemInfo: [/proc/meminfo - SSI]	Committed_AS:    4289176 kB
20220312 013335.193 INFO             PET0 PIOc_sync Exit - MemInfo: [/proc/meminfo - SSI]	CommittedPercent: 3.26435 %
20220312 013335.193 INFO             PET0 PIOc_sync Exit - MemInfo: [/proc/self/status]	VmPeak:	 3888936 kB
20220312 013335.193 INFO             PET0 PIOc_sync Exit - MemInfo: [/proc/self/status]	VmSize:	 3887916 kB
20220312 013335.193 INFO             PET0 PIOc_sync Exit - MemInfo: [/proc/self/status]	VmLck:	       0 kB
20220312 013335.193 INFO             PET0 PIOc_sync Exit - MemInfo: [/proc/self/status]	VmPin:	   82396 kB
20220312 013335.193 INFO             PET0 PIOc_sync Exit - MemInfo: [/proc/self/status]	VmHWM:	  148960 kB
20220312 013335.193 INFO             PET0 PIOc_sync Exit - MemInfo: [/proc/self/status]	VmRSS:	  148960 kB
20220312 013335.193 INFO             PET0 PIOc_sync Exit - MemInfo: [/proc/self/status]	VmData:	  271636 kB
20220312 013335.193 INFO             PET0 PIOc_sync Exit - MemInfo: [/proc/self/status]	VmStk:	     512 kB
20220312 013335.193 INFO             PET0 PIOc_sync Exit - MemInfo: [/proc/self/status]	VmExe:	    2052 kB
20220312 013335.193 INFO             PET0 PIOc_sync Exit - MemInfo: [/proc/self/status]	VmLib:	  104128 kB
20220312 013335.193 INFO             PET0 PIOc_sync Exit - MemInfo: [/proc/self/status]	VmPTE:	     748 kB
20220312 013335.193 INFO             PET0 PIOc_sync Exit - MemInfo: [/proc/self/status]	VmPMD:	      32 kB
20220312 013335.193 INFO             PET0 PIOc_sync Exit - MemInfo: [/proc/self/status]	VmSwap:	       0 kB
20220312 013335.193 INFO             PET0 PIOc_sync Exit - MemInfo: [/proc/self/status]	VmRSSPercent: 0.113369 %
20220312 013335.193 INFO             PET0 PIOc_sync Exit - MemInfo: [malloc] Non-mmapped space allocated:                 5672960 Byte
20220312 013335.193 INFO             PET0 PIOc_sync Exit - MemInfo: [malloc] Space allocated in mmapped regions:         85999616 Byte
20220312 013335.193 INFO             PET0 PIOc_sync Exit - MemInfo: [malloc] Maximum total allocated space:                     0 Byte
20220312 013335.193 INFO             PET0 PIOc_sync Exit - MemInfo: [malloc] Space in freed fastbin blocks:                   656 Byte
20220312 013335.193 INFO             PET0 PIOc_sync Exit - MemInfo: [malloc] Total allocated space:                       5464720 Byte
20220312 013335.193 INFO             PET0 PIOc_sync Exit - MemInfo: [malloc] Total free space:                             208240 Byte
20220312 013335.193 INFO             PET0 PIOc_sync Exit - MemInfo: [malloc] Top-most, releasable space:                    56224 Byte
20220312 013335.193 INFO             PET0 PIOc_sync Exit - MemInfo: [malloc] Total space in use, mmap + non-mmap:        91464336 Byte
20220312 013335.193 INFO             PET0 PIOc_sync Exit - MemInfo: [malloc] Total space held (mmap + non-mmap):         91672576 Byte
20220312 013335.193 INFO             PET0 PIOc_sync Exit - MemInfo: [malloc] Total space used (mmap + non-mmap):         91473696 Byte
20220312 013335.193 INFO             PET0 PIOc_sync Exit - MemInfo: Wall-clock time since execution start:               0.037254 seconds
20220312 013335.194 INFO             PET0 PIOc_freedecomp Enter - MemInfo: [/proc/meminfo - SSI]	MemTotal:       131394444 kB
20220312 013335.194 INFO             PET0 PIOc_freedecomp Enter - MemInfo: [/proc/meminfo - SSI]	MemFree:        118500852 kB
20220312 013335.194 INFO             PET0 PIOc_freedecomp Enter - MemInfo: [/proc/meminfo - SSI]	MemAvailable:   118198352 kB
20220312 013335.194 INFO             PET0 PIOc_freedecomp Enter - MemInfo: [/proc/meminfo - SSI]	Committed_AS:    4289176 kB
20220312 013335.194 INFO             PET0 PIOc_freedecomp Enter - MemInfo: [/proc/meminfo - SSI]	CommittedPercent: 3.26435 %
20220312 013335.194 INFO             PET0 PIOc_freedecomp Enter - MemInfo: [/proc/self/status]	VmPeak:	 3888936 kB
20220312 013335.194 INFO             PET0 PIOc_freedecomp Enter - MemInfo: [/proc/self/status]	VmSize:	 3887916 kB
20220312 013335.194 INFO             PET0 PIOc_freedecomp Enter - MemInfo: [/proc/self/status]	VmLck:	       0 kB
20220312 013335.194 INFO             PET0 PIOc_freedecomp Enter - MemInfo: [/proc/self/status]	VmPin:	   82396 kB
20220312 013335.194 INFO             PET0 PIOc_freedecomp Enter - MemInfo: [/proc/self/status]	VmHWM:	  148960 kB
20220312 013335.194 INFO             PET0 PIOc_freedecomp Enter - MemInfo: [/proc/self/status]	VmRSS:	  148960 kB
20220312 013335.194 INFO             PET0 PIOc_freedecomp Enter - MemInfo: [/proc/self/status]	VmData:	  271636 kB
20220312 013335.194 INFO             PET0 PIOc_freedecomp Enter - MemInfo: [/proc/self/status]	VmStk:	     512 kB
20220312 013335.194 INFO             PET0 PIOc_freedecomp Enter - MemInfo: [/proc/self/status]	VmExe:	    2052 kB
20220312 013335.194 INFO             PET0 PIOc_freedecomp Enter - MemInfo: [/proc/self/status]	VmLib:	  104128 kB
20220312 013335.194 INFO             PET0 PIOc_freedecomp Enter - MemInfo: [/proc/self/status]	VmPTE:	     748 kB
20220312 013335.194 INFO             PET0 PIOc_freedecomp Enter - MemInfo: [/proc/self/status]	VmPMD:	      32 kB
20220312 013335.194 INFO             PET0 PIOc_freedecomp Enter - MemInfo: [/proc/self/status]	VmSwap:	       0 kB
20220312 013335.194 INFO             PET0 PIOc_freedecomp Enter - MemInfo: [/proc/self/status]	VmRSSPercent: 0.113369 %
20220312 013335.194 INFO             PET0 PIOc_freedecomp Enter - MemInfo: [malloc] Non-mmapped space allocated:                 5672960 Byte
20220312 013335.194 INFO             PET0 PIOc_freedecomp Enter - MemInfo: [malloc] Space allocated in mmapped regions:         85999616 Byte
20220312 013335.194 INFO             PET0 PIOc_freedecomp Enter - MemInfo: [malloc] Maximum total allocated space:                     0 Byte
20220312 013335.194 INFO             PET0 PIOc_freedecomp Enter - MemInfo: [malloc] Space in freed fastbin blocks:                   608 Byte
20220312 013335.194 INFO             PET0 PIOc_freedecomp Enter - MemInfo: [malloc] Total allocated space:                       2829088 Byte
20220312 013335.194 INFO             PET0 PIOc_freedecomp Enter - MemInfo: [malloc] Total free space:                            2843872 Byte
20220312 013335.194 INFO             PET0 PIOc_freedecomp Enter - MemInfo: [malloc] Top-most, releasable space:                    56224 Byte
20220312 013335.194 INFO             PET0 PIOc_freedecomp Enter - MemInfo: [malloc] Total space in use, mmap + non-mmap:        88828704 Byte
20220312 013335.194 INFO             PET0 PIOc_freedecomp Enter - MemInfo: [malloc] Total space held (mmap + non-mmap):         91672576 Byte
20220312 013335.194 INFO             PET0 PIOc_freedecomp Enter - MemInfo: [malloc] Total space used (mmap + non-mmap):         88838064 Byte
20220312 013335.194 INFO             PET0 PIOc_freedecomp Enter - MemInfo: Wall-clock time since execution start:              0.0376313 seconds
20220312 013335.194 INFO             PET0 PIOc_freedecomp Exit - MemInfo: [/proc/meminfo - SSI]	MemTotal:       131394444 kB
20220312 013335.194 INFO             PET0 PIOc_freedecomp Exit - MemInfo: [/proc/meminfo - SSI]	MemFree:        118500852 kB
20220312 013335.194 INFO             PET0 PIOc_freedecomp Exit - MemInfo: [/proc/meminfo - SSI]	MemAvailable:   118198352 kB
20220312 013335.194 INFO             PET0 PIOc_freedecomp Exit - MemInfo: [/proc/meminfo - SSI]	Committed_AS:    4289176 kB
20220312 013335.194 INFO             PET0 PIOc_freedecomp Exit - MemInfo: [/proc/meminfo - SSI]	CommittedPercent: 3.26435 %
20220312 013335.194 INFO             PET0 PIOc_freedecomp Exit - MemInfo: [/proc/self/status]	VmPeak:	 3888936 kB
20220312 013335.194 INFO             PET0 PIOc_freedecomp Exit - MemInfo: [/proc/self/status]	VmSize:	 3887916 kB
20220312 013335.194 INFO             PET0 PIOc_freedecomp Exit - MemInfo: [/proc/self/status]	VmLck:	       0 kB
20220312 013335.194 INFO             PET0 PIOc_freedecomp Exit - MemInfo: [/proc/self/status]	VmPin:	   82396 kB
20220312 013335.194 INFO             PET0 PIOc_freedecomp Exit - MemInfo: [/proc/self/status]	VmHWM:	  148960 kB
20220312 013335.194 INFO             PET0 PIOc_freedecomp Exit - MemInfo: [/proc/self/status]	VmRSS:	  148960 kB
20220312 013335.194 INFO             PET0 PIOc_freedecomp Exit - MemInfo: [/proc/self/status]	VmData:	  271636 kB
20220312 013335.194 INFO             PET0 PIOc_freedecomp Exit - MemInfo: [/proc/self/status]	VmStk:	     512 kB
20220312 013335.194 INFO             PET0 PIOc_freedecomp Exit - MemInfo: [/proc/self/status]	VmExe:	    2052 kB
20220312 013335.194 INFO             PET0 PIOc_freedecomp Exit - MemInfo: [/proc/self/status]	VmLib:	  104128 kB
20220312 013335.194 INFO             PET0 PIOc_freedecomp Exit - MemInfo: [/proc/self/status]	VmPTE:	     748 kB
20220312 013335.194 INFO             PET0 PIOc_freedecomp Exit - MemInfo: [/proc/self/status]	VmPMD:	      32 kB
20220312 013335.194 INFO             PET0 PIOc_freedecomp Exit - MemInfo: [/proc/self/status]	VmSwap:	       0 kB
20220312 013335.194 INFO             PET0 PIOc_freedecomp Exit - MemInfo: [/proc/self/status]	VmRSSPercent: 0.113369 %
20220312 013335.194 INFO             PET0 PIOc_freedecomp Exit - MemInfo: [malloc] Non-mmapped space allocated:                 5672960 Byte
20220312 013335.194 INFO             PET0 PIOc_freedecomp Exit - MemInfo: [malloc] Space allocated in mmapped regions:         85999616 Byte
20220312 013335.194 INFO             PET0 PIOc_freedecomp Exit - MemInfo: [malloc] Maximum total allocated space:                     0 Byte
20220312 013335.194 INFO             PET0 PIOc_freedecomp Exit - MemInfo: [malloc] Space in freed fastbin blocks:                   352 Byte
20220312 013335.194 INFO             PET0 PIOc_freedecomp Exit - MemInfo: [malloc] Total allocated space:                       2814144 Byte
20220312 013335.194 INFO             PET0 PIOc_freedecomp Exit - MemInfo: [malloc] Total free space:                            2858816 Byte
20220312 013335.194 INFO             PET0 PIOc_freedecomp Exit - MemInfo: [malloc] Top-most, releasable space:                  2723136 Byte
20220312 013335.194 INFO             PET0 PIOc_freedecomp Exit - MemInfo: [malloc] Total space in use, mmap + non-mmap:        88813760 Byte
20220312 013335.194 INFO             PET0 PIOc_freedecomp Exit - MemInfo: [malloc] Total space held (mmap + non-mmap):         91672576 Byte
20220312 013335.194 INFO             PET0 PIOc_freedecomp Exit - MemInfo: [malloc] Total space used (mmap + non-mmap):         88823120 Byte
20220312 013335.194 INFO             PET0 PIOc_freedecomp Exit - MemInfo: Wall-clock time since execution start:              0.0379842 seconds
20220312 013335.194 INFO             PET0  PASS  Write ESMF_Array with Halo to NetCDF variable copy Test, ESMF_ArrayIOUTest.F90, line 442
20220312 013335.194 INFO             PET0  PASS  Destroy Array with Halo, ESMF_ArrayIOUTest.F90, line 453
20220312 013335.194 INFO             PET0  PASS  Destroy Array without Halo, ESMF_ArrayIOUTest.F90, line 460
20220312 013335.194 INFO             PET0  PASS  Destroy DistGrid, ESMF_ArrayIOUTest.F90, line 467
20220312 013335.194 INFO             PET0  PASS  dstDistgrid Create Test, ESMF_ArrayIOUTest.F90, line 485
20220312 013335.194 INFO             PET0  PASS  Array Spec Set Test, ESMF_ArrayIOUTest.F90, line 493
20220312 013335.194 INFO             PET0  PASS  Array with Halo Create Test, ESMF_ArrayIOUTest.F90, line 507
20220312 013335.194 INFO             PET0  PASS  Array without Halo Create Test, ESMF_ArrayIOUTest.F90, line 517
20220312 013335.196 INFO             PET0 PIOc_sync Enter - MemInfo: [/proc/meminfo - SSI]	MemTotal:       131394444 kB
20220312 013335.196 INFO             PET0 PIOc_sync Enter - MemInfo: [/proc/meminfo - SSI]	MemFree:        118500852 kB
20220312 013335.196 INFO             PET0 PIOc_sync Enter - MemInfo: [/proc/meminfo - SSI]	MemAvailable:   118198352 kB
20220312 013335.196 INFO             PET0 PIOc_sync Enter - MemInfo: [/proc/meminfo - SSI]	Committed_AS:    4289176 kB
20220312 013335.196 INFO             PET0 PIOc_sync Enter - MemInfo: [/proc/meminfo - SSI]	CommittedPercent: 3.26435 %
20220312 013335.196 INFO             PET0 PIOc_sync Enter - MemInfo: [/proc/self/status]	VmPeak:	 3888936 kB
20220312 013335.196 INFO             PET0 PIOc_sync Enter - MemInfo: [/proc/self/status]	VmSize:	 3887916 kB
20220312 013335.196 INFO             PET0 PIOc_sync Enter - MemInfo: [/proc/self/status]	VmLck:	       0 kB
20220312 013335.196 INFO             PET0 PIOc_sync Enter - MemInfo: [/proc/self/status]	VmPin:	   82396 kB
20220312 013335.196 INFO             PET0 PIOc_sync Enter - MemInfo: [/proc/self/status]	VmHWM:	  149140 kB
20220312 013335.196 INFO             PET0 PIOc_sync Enter - MemInfo: [/proc/self/status]	VmRSS:	  149140 kB
20220312 013335.196 INFO             PET0 PIOc_sync Enter - MemInfo: [/proc/self/status]	VmData:	  271636 kB
20220312 013335.196 INFO             PET0 PIOc_sync Enter - MemInfo: [/proc/self/status]	VmStk:	     512 kB
20220312 013335.196 INFO             PET0 PIOc_sync Enter - MemInfo: [/proc/self/status]	VmExe:	    2052 kB
20220312 013335.196 INFO             PET0 PIOc_sync Enter - MemInfo: [/proc/self/status]	VmLib:	  104128 kB
20220312 013335.196 INFO             PET0 PIOc_sync Enter - MemInfo: [/proc/self/status]	VmPTE:	     748 kB
20220312 013335.196 INFO             PET0 PIOc_sync Enter - MemInfo: [/proc/self/status]	VmPMD:	      32 kB
20220312 013335.196 INFO             PET0 PIOc_sync Enter - MemInfo: [/proc/self/status]	VmSwap:	       0 kB
20220312 013335.196 INFO             PET0 PIOc_sync Enter - MemInfo: [/proc/self/status]	VmRSSPercent: 0.113506 %
20220312 013335.196 INFO             PET0 PIOc_sync Enter - MemInfo: [malloc] Non-mmapped space allocated:                 5672960 Byte
20220312 013335.196 INFO             PET0 PIOc_sync Enter - MemInfo: [malloc] Space allocated in mmapped regions:         85999616 Byte
20220312 013335.196 INFO             PET0 PIOc_sync Enter - MemInfo: [malloc] Maximum total allocated space:                     0 Byte
20220312 013335.196 INFO             PET0 PIOc_sync Enter - MemInfo: [malloc] Space in freed fastbin blocks:                   448 Byte
20220312 013335.196 INFO             PET0 PIOc_sync Enter - MemInfo: [malloc] Total allocated space:                       5460352 Byte
20220312 013335.196 INFO             PET0 PIOc_sync Enter - MemInfo: [malloc] Total free space:                             212608 Byte
20220312 013335.196 INFO             PET0 PIOc_sync Enter - MemInfo: [malloc] Top-most, releasable space:                    80048 Byte
20220312 013335.196 INFO             PET0 PIOc_sync Enter - MemInfo: [malloc] Total space in use, mmap + non-mmap:        91459968 Byte
20220312 013335.196 INFO             PET0 PIOc_sync Enter - MemInfo: [malloc] Total space held (mmap + non-mmap):         91672576 Byte
20220312 013335.196 INFO             PET0 PIOc_sync Enter - MemInfo: [malloc] Total space used (mmap + non-mmap):         91469328 Byte
20220312 013335.196 INFO             PET0 PIOc_sync Enter - MemInfo: Wall-clock time since execution start:               0.039777 seconds
20220312 013335.196 INFO             PET0 PIOc_sync Exit - MemInfo: [/proc/meminfo - SSI]	MemTotal:       131394444 kB
20220312 013335.196 INFO             PET0 PIOc_sync Exit - MemInfo: [/proc/meminfo - SSI]	MemFree:        118500852 kB
20220312 013335.196 INFO             PET0 PIOc_sync Exit - MemInfo: [/proc/meminfo - SSI]	MemAvailable:   118198352 kB
20220312 013335.196 INFO             PET0 PIOc_sync Exit - MemInfo: [/proc/meminfo - SSI]	Committed_AS:    4289176 kB
20220312 013335.196 INFO             PET0 PIOc_sync Exit - MemInfo: [/proc/meminfo - SSI]	CommittedPercent: 3.26435 %
20220312 013335.196 INFO             PET0 PIOc_sync Exit - MemInfo: [/proc/self/status]	VmPeak:	 3888936 kB
20220312 013335.196 INFO             PET0 PIOc_sync Exit - MemInfo: [/proc/self/status]	VmSize:	 3887916 kB
20220312 013335.196 INFO             PET0 PIOc_sync Exit - MemInfo: [/proc/self/status]	VmLck:	       0 kB
20220312 013335.196 INFO             PET0 PIOc_sync Exit - MemInfo: [/proc/self/status]	VmPin:	   82396 kB
20220312 013335.196 INFO             PET0 PIOc_sync Exit - MemInfo: [/proc/self/status]	VmHWM:	  149184 kB
20220312 013335.196 INFO             PET0 PIOc_sync Exit - MemInfo: [/proc/self/status]	VmRSS:	  149184 kB
20220312 013335.196 INFO             PET0 PIOc_sync Exit - MemInfo: [/proc/self/status]	VmData:	  271636 kB
20220312 013335.196 INFO             PET0 PIOc_sync Exit - MemInfo: [/proc/self/status]	VmStk:	     512 kB
20220312 013335.196 INFO             PET0 PIOc_sync Exit - MemInfo: [/proc/self/status]	VmExe:	    2052 kB
20220312 013335.196 INFO             PET0 PIOc_sync Exit - MemInfo: [/proc/self/status]	VmLib:	  104128 kB
20220312 013335.196 INFO             PET0 PIOc_sync Exit - MemInfo: [/proc/self/status]	VmPTE:	     748 kB
20220312 013335.196 INFO             PET0 PIOc_sync Exit - MemInfo: [/proc/self/status]	VmPMD:	      32 kB
20220312 013335.196 INFO             PET0 PIOc_sync Exit - MemInfo: [/proc/self/status]	VmSwap:	       0 kB
20220312 013335.196 INFO             PET0 PIOc_sync Exit - MemInfo: [/proc/self/status]	VmRSSPercent: 0.113539 %
20220312 013335.196 INFO             PET0 PIOc_sync Exit - MemInfo: [malloc] Non-mmapped space allocated:                 5672960 Byte
20220312 013335.197 INFO             PET0 PIOc_sync Exit - MemInfo: [malloc] Space allocated in mmapped regions:         85999616 Byte
20220312 013335.197 INFO             PET0 PIOc_sync Exit - MemInfo: [malloc] Maximum total allocated space:                     0 Byte
20220312 013335.197 INFO             PET0 PIOc_sync Exit - MemInfo: [malloc] Space in freed fastbin blocks:                   672 Byte
20220312 013335.197 INFO             PET0 PIOc_sync Exit - MemInfo: [malloc] Total allocated space:                       5458928 Byte
20220312 013335.197 INFO             PET0 PIOc_sync Exit - MemInfo: [malloc] Total free space:                             214032 Byte
20220312 013335.197 INFO             PET0 PIOc_sync Exit - MemInfo: [malloc] Top-most, releasable space:                    80048 Byte
20220312 013335.197 INFO             PET0 PIOc_sync Exit - MemInfo: [malloc] Total space in use, mmap + non-mmap:        91458544 Byte
20220312 013335.197 INFO             PET0 PIOc_sync Exit - MemInfo: [malloc] Total space held (mmap + non-mmap):         91672576 Byte
20220312 013335.197 INFO             PET0 PIOc_sync Exit - MemInfo: [malloc] Total space used (mmap + non-mmap):         91467904 Byte
20220312 013335.197 INFO             PET0 PIOc_sync Exit - MemInfo: Wall-clock time since execution start:              0.0403962 seconds
20220312 013335.197 INFO             PET0 PIOc_freedecomp Enter - MemInfo: [/proc/meminfo - SSI]	MemTotal:       131394444 kB
20220312 013335.197 INFO             PET0 PIOc_freedecomp Enter - MemInfo: [/proc/meminfo - SSI]	MemFree:        118500852 kB
20220312 013335.197 INFO             PET0 PIOc_freedecomp Enter - MemInfo: [/proc/meminfo - SSI]	MemAvailable:   118198352 kB
20220312 013335.197 INFO             PET0 PIOc_freedecomp Enter - MemInfo: [/proc/meminfo - SSI]	Committed_AS:    4289176 kB
20220312 013335.197 INFO             PET0 PIOc_freedecomp Enter - MemInfo: [/proc/meminfo - SSI]	CommittedPercent: 3.26435 %
20220312 013335.197 INFO             PET0 PIOc_freedecomp Enter - MemInfo: [/proc/self/status]	VmPeak:	 3888936 kB
20220312 013335.197 INFO             PET0 PIOc_freedecomp Enter - MemInfo: [/proc/self/status]	VmSize:	 3887916 kB
20220312 013335.197 INFO             PET0 PIOc_freedecomp Enter - MemInfo: [/proc/self/status]	VmLck:	       0 kB
20220312 013335.197 INFO             PET0 PIOc_freedecomp Enter - MemInfo: [/proc/self/status]	VmPin:	   82396 kB
20220312 013335.197 INFO             PET0 PIOc_freedecomp Enter - MemInfo: [/proc/self/status]	VmHWM:	  149184 kB
20220312 013335.197 INFO             PET0 PIOc_freedecomp Enter - MemInfo: [/proc/self/status]	VmRSS:	  149184 kB
20220312 013335.197 INFO             PET0 PIOc_freedecomp Enter - MemInfo: [/proc/self/status]	VmData:	  271636 kB
20220312 013335.197 INFO             PET0 PIOc_freedecomp Enter - MemInfo: [/proc/self/status]	VmStk:	     512 kB
20220312 013335.197 INFO             PET0 PIOc_freedecomp Enter - MemInfo: [/proc/self/status]	VmExe:	    2052 kB
20220312 013335.197 INFO             PET0 PIOc_freedecomp Enter - MemInfo: [/proc/self/status]	VmLib:	  104128 kB
20220312 013335.197 INFO             PET0 PIOc_freedecomp Enter - MemInfo: [/proc/self/status]	VmPTE:	     748 kB
20220312 013335.197 INFO             PET0 PIOc_freedecomp Enter - MemInfo: [/proc/self/status]	VmPMD:	      32 kB
20220312 013335.197 INFO             PET0 PIOc_freedecomp Enter - MemInfo: [/proc/self/status]	VmSwap:	       0 kB
20220312 013335.197 INFO             PET0 PIOc_freedecomp Enter - MemInfo: [/proc/self/status]	VmRSSPercent: 0.113539 %
20220312 013335.197 INFO             PET0 PIOc_freedecomp Enter - MemInfo: [malloc] Non-mmapped space allocated:                 5672960 Byte
20220312 013335.197 INFO             PET0 PIOc_freedecomp Enter - MemInfo: [malloc] Space allocated in mmapped regions:         85999616 Byte
20220312 013335.197 INFO             PET0 PIOc_freedecomp Enter - MemInfo: [malloc] Maximum total allocated space:                     0 Byte
20220312 013335.197 INFO             PET0 PIOc_freedecomp Enter - MemInfo: [malloc] Space in freed fastbin blocks:                   368 Byte
20220312 013335.197 INFO             PET0 PIOc_freedecomp Enter - MemInfo: [malloc] Total allocated space:                       2824240 Byte
20220312 013335.197 INFO             PET0 PIOc_freedecomp Enter - MemInfo: [malloc] Total free space:                            2848720 Byte
20220312 013335.197 INFO             PET0 PIOc_freedecomp Enter - MemInfo: [malloc] Top-most, releasable space:                    90544 Byte
20220312 013335.197 INFO             PET0 PIOc_freedecomp Enter - MemInfo: [malloc] Total space in use, mmap + non-mmap:        88823856 Byte
20220312 013335.197 INFO             PET0 PIOc_freedecomp Enter - MemInfo: [malloc] Total space held (mmap + non-mmap):         91672576 Byte
20220312 013335.197 INFO             PET0 PIOc_freedecomp Enter - MemInfo: [malloc] Total space used (mmap + non-mmap):         88833216 Byte
20220312 013335.197 INFO             PET0 PIOc_freedecomp Enter - MemInfo: Wall-clock time since execution start:              0.0407709 seconds
20220312 013335.197 INFO             PET0 PIOc_freedecomp Exit - MemInfo: [/proc/meminfo - SSI]	MemTotal:       131394444 kB
20220312 013335.197 INFO             PET0 PIOc_freedecomp Exit - MemInfo: [/proc/meminfo - SSI]	MemFree:        118500852 kB
20220312 013335.197 INFO             PET0 PIOc_freedecomp Exit - MemInfo: [/proc/meminfo - SSI]	MemAvailable:   118198352 kB
20220312 013335.197 INFO             PET0 PIOc_freedecomp Exit - MemInfo: [/proc/meminfo - SSI]	Committed_AS:    4289176 kB
20220312 013335.197 INFO             PET0 PIOc_freedecomp Exit - MemInfo: [/proc/meminfo - SSI]	CommittedPercent: 3.26435 %
20220312 013335.197 INFO             PET0 PIOc_freedecomp Exit - MemInfo: [/proc/self/status]	VmPeak:	 3888936 kB
20220312 013335.197 INFO             PET0 PIOc_freedecomp Exit - MemInfo: [/proc/self/status]	VmSize:	 3887916 kB
20220312 013335.197 INFO             PET0 PIOc_freedecomp Exit - MemInfo: [/proc/self/status]	VmLck:	       0 kB
20220312 013335.197 INFO             PET0 PIOc_freedecomp Exit - MemInfo: [/proc/self/status]	VmPin:	   82396 kB
20220312 013335.197 INFO             PET0 PIOc_freedecomp Exit - MemInfo: [/proc/self/status]	VmHWM:	  149184 kB
20220312 013335.197 INFO             PET0 PIOc_freedecomp Exit - MemInfo: [/proc/self/status]	VmRSS:	  149184 kB
20220312 013335.197 INFO             PET0 PIOc_freedecomp Exit - MemInfo: [/proc/self/status]	VmData:	  271636 kB
20220312 013335.197 INFO             PET0 PIOc_freedecomp Exit - MemInfo: [/proc/self/status]	VmStk:	     512 kB
20220312 013335.197 INFO             PET0 PIOc_freedecomp Exit - MemInfo: [/proc/self/status]	VmExe:	    2052 kB
20220312 013335.197 INFO             PET0 PIOc_freedecomp Exit - MemInfo: [/proc/self/status]	VmLib:	  104128 kB
20220312 013335.197 INFO             PET0 PIOc_freedecomp Exit - MemInfo: [/proc/self/status]	VmPTE:	     748 kB
20220312 013335.197 INFO             PET0 PIOc_freedecomp Exit - MemInfo: [/proc/self/status]	VmPMD:	      32 kB
20220312 013335.197 INFO             PET0 PIOc_freedecomp Exit - MemInfo: [/proc/self/status]	VmSwap:	       0 kB
20220312 013335.197 INFO             PET0 PIOc_freedecomp Exit - MemInfo: [/proc/self/status]	VmRSSPercent: 0.113539 %
20220312 013335.197 INFO             PET0 PIOc_freedecomp Exit - MemInfo: [malloc] Non-mmapped space allocated:                 5672960 Byte
20220312 013335.197 INFO             PET0 PIOc_freedecomp Exit - MemInfo: [malloc] Space allocated in mmapped regions:         85999616 Byte
20220312 013335.197 INFO             PET0 PIOc_freedecomp Exit - MemInfo: [malloc] Maximum total allocated space:                     0 Byte
20220312 013335.197 INFO             PET0 PIOc_freedecomp Exit - MemInfo: [malloc] Space in freed fastbin blocks:                   272 Byte
20220312 013335.197 INFO             PET0 PIOc_freedecomp Exit - MemInfo: [malloc] Total allocated space:                       2821360 Byte
20220312 013335.197 INFO             PET0 PIOc_freedecomp Exit - MemInfo: [malloc] Total free space:                            2851600 Byte
20220312 013335.197 INFO             PET0 PIOc_freedecomp Exit - MemInfo: [malloc] Top-most, releasable space:                  2720000 Byte
20220312 013335.197 INFO             PET0 PIOc_freedecomp Exit - MemInfo: [malloc] Total space in use, mmap + non-mmap:        88820976 Byte
20220312 013335.197 INFO             PET0 PIOc_freedecomp Exit - MemInfo: [malloc] Total space held (mmap + non-mmap):         91672576 Byte
20220312 013335.197 INFO             PET0 PIOc_freedecomp Exit - MemInfo: [malloc] Total space used (mmap + non-mmap):         88830336 Byte
20220312 013335.197 INFO             PET0 PIOc_freedecomp Exit - MemInfo: Wall-clock time since execution start:              0.0411215 seconds
20220312 013335.197 INFO             PET0  PASS  Write 2D ESMF_Array with Halo to NetCDF Test, ESMF_ArrayIOUTest.F90, line 547
20220312 013335.198 WARNING          PET0 ESMCI_PIO_Handler.C:1344 ESMCI::PIO_Handler::open()  Unable to set fill on file: file2D_withhalo.nc, (PIO/NetCDF error = NetCDF: Write to read only)
20220312 013335.198 INFO             PET0 PIOc_sync Enter - MemInfo: [/proc/meminfo - SSI]	MemTotal:       131394444 kB
20220312 013335.198 INFO             PET0 PIOc_sync Enter - MemInfo: [/proc/meminfo - SSI]	MemFree:        118500852 kB
20220312 013335.198 INFO             PET0 PIOc_sync Enter - MemInfo: [/proc/meminfo - SSI]	MemAvailable:   118198352 kB
20220312 013335.198 INFO             PET0 PIOc_sync Enter - MemInfo: [/proc/meminfo - SSI]	Committed_AS:    4289176 kB
20220312 013335.198 INFO             PET0 PIOc_sync Enter - MemInfo: [/proc/meminfo - SSI]	CommittedPercent: 3.26435 %
20220312 013335.198 INFO             PET0 PIOc_sync Enter - MemInfo: [/proc/self/status]	VmPeak:	 3888936 kB
20220312 013335.198 INFO             PET0 PIOc_sync Enter - MemInfo: [/proc/self/status]	VmSize:	 3887916 kB
20220312 013335.198 INFO             PET0 PIOc_sync Enter - MemInfo: [/proc/self/status]	VmLck:	       0 kB
20220312 013335.198 INFO             PET0 PIOc_sync Enter - MemInfo: [/proc/self/status]	VmPin:	   82396 kB
20220312 013335.198 INFO             PET0 PIOc_sync Enter - MemInfo: [/proc/self/status]	VmHWM:	  149288 kB
20220312 013335.198 INFO             PET0 PIOc_sync Enter - MemInfo: [/proc/self/status]	VmRSS:	  149288 kB
20220312 013335.198 INFO             PET0 PIOc_sync Enter - MemInfo: [/proc/self/status]	VmData:	  271636 kB
20220312 013335.198 INFO             PET0 PIOc_sync Enter - MemInfo: [/proc/self/status]	VmStk:	     512 kB
20220312 013335.198 INFO             PET0 PIOc_sync Enter - MemInfo: [/proc/self/status]	VmExe:	    2052 kB
20220312 013335.198 INFO             PET0 PIOc_sync Enter - MemInfo: [/proc/self/status]	VmLib:	  104128 kB
20220312 013335.198 INFO             PET0 PIOc_sync Enter - MemInfo: [/proc/self/status]	VmPTE:	     748 kB
20220312 013335.198 INFO             PET0 PIOc_sync Enter - MemInfo: [/proc/self/status]	VmPMD:	      32 kB
20220312 013335.198 INFO             PET0 PIOc_sync Enter - MemInfo: [/proc/self/status]	VmSwap:	       0 kB
20220312 013335.198 INFO             PET0 PIOc_sync Enter - MemInfo: [/proc/self/status]	VmRSSPercent: 0.113618 %
20220312 013335.198 INFO             PET0 PIOc_sync Enter - MemInfo: [malloc] Non-mmapped space allocated:                 5672960 Byte
20220312 013335.198 INFO             PET0 PIOc_sync Enter - MemInfo: [malloc] Space allocated in mmapped regions:         85999616 Byte
20220312 013335.198 INFO             PET0 PIOc_sync Enter - MemInfo: [malloc] Maximum total allocated space:                     0 Byte
20220312 013335.198 INFO             PET0 PIOc_sync Enter - MemInfo: [malloc] Space in freed fastbin blocks:                   464 Byte
20220312 013335.198 INFO             PET0 PIOc_sync Enter - MemInfo: [malloc] Total allocated space:                       5457520 Byte
