build time -- 2022-03-14 01:14:31.457989
20220314 013301.171 INFO             PET0 !!!!!!!!!!!!!!!!!!!!!!!!!!!!!!!!!!!!!!!!!!!!!!!!!!!!!!
20220314 013301.171 INFO             PET0 !!! THE ESMF_LOG IS SET TO OUTPUT ALL LOG MESSAGES !!!
20220314 013301.171 INFO             PET0 !!!     THIS MAY CAUSE SLOWDOWN IN PERFORMANCE     !!!
20220314 013301.171 INFO             PET0 !!! FOR PRODUCTION RUNS, USE:                      !!!
20220314 013301.171 INFO             PET0 !!!                   ESMF_LOGKIND_Multi_On_Error  !!!
20220314 013301.171 INFO             PET0 !!!!!!!!!!!!!!!!!!!!!!!!!!!!!!!!!!!!!!!!!!!!!!!!!!!!!!
20220314 013301.171 INFO             PET0 Running with ESMF Version   : v8.3.0b09-96-g559b459836
20220314 013301.171 INFO             PET0 ESMF library build date/time: "Mar 14 2022" "01:12:17"
20220314 013301.171 INFO             PET0 ESMF library build location : /gpfsm/dnb04/projects/p98/mpotts/esmf/intel_2020_intelmpi_O_jedwards_pio_update2
20220314 013301.171 INFO             PET0 ESMF_COMM                   : intelmpi
20220314 013301.171 INFO             PET0 ESMF_MOAB                   : enabled
20220314 013301.171 INFO             PET0 ESMF_LAPACK                 : enabled
20220314 013301.171 INFO             PET0 ESMF_NETCDF                 : enabled
20220314 013301.171 INFO             PET0 ESMF_PNETCDF                : disabled
20220314 013301.171 INFO             PET0 ESMF_PIO                    : enabled
20220314 013301.171 INFO             PET0 ESMF_YAMLCPP                : enabled
20220314 013301.172 INFO             PET0  Beginning Test, file ESMF_FieldIOUTest.F90, line 123
20220314 013301.172 INFO             PET0  NUMBER_OF_PROCESSORS           4
20220314 013301.190 INFO             PET0  PASS  Array Spec Set, ESMF_FieldIOUTest.F90, line 146
20220314 013301.227 INFO             PET0  PASS  Creating a Grid to use in Field Tests, ESMF_FieldIOUTest.F90, line 157
20220314 013301.229 INFO             PET0  PASS  Create a field from grid and fortran dummy array, ESMF_FieldIOUTest.F90, line 179
20220314 013301.230 INFO             PET0  PASS  Get Farray_w from field, ESMF_FieldIOUTest.F90, line 190
20220314 013301.257 INFO             PET0 PIOc_sync Enter - MemInfo: [/proc/meminfo - SSI]	MemTotal:       131394444 kB
20220314 013301.257 INFO             PET0 PIOc_sync Enter - MemInfo: [/proc/meminfo - SSI]	MemFree:        123937180 kB
20220314 013301.257 INFO             PET0 PIOc_sync Enter - MemInfo: [/proc/meminfo - SSI]	MemAvailable:   123529552 kB
20220314 013301.257 INFO             PET0 PIOc_sync Enter - MemInfo: [/proc/meminfo - SSI]	Committed_AS:    3888036 kB
20220314 013301.257 INFO             PET0 PIOc_sync Enter - MemInfo: [/proc/meminfo - SSI]	CommittedPercent: 2.95906 %
20220314 013301.257 INFO             PET0 PIOc_sync Enter - MemInfo: [/proc/self/status]	VmPeak:	 3801216 kB
20220314 013301.257 INFO             PET0 PIOc_sync Enter - MemInfo: [/proc/self/status]	VmSize:	 3801216 kB
20220314 013301.257 INFO             PET0 PIOc_sync Enter - MemInfo: [/proc/self/status]	VmLck:	       0 kB
20220314 013301.257 INFO             PET0 PIOc_sync Enter - MemInfo: [/proc/self/status]	VmPin:	   82140 kB
20220314 013301.257 INFO             PET0 PIOc_sync Enter - MemInfo: [/proc/self/status]	VmHWM:	  147972 kB
20220314 013301.257 INFO             PET0 PIOc_sync Enter - MemInfo: [/proc/self/status]	VmRSS:	  147972 kB
20220314 013301.257 INFO             PET0 PIOc_sync Enter - MemInfo: [/proc/self/status]	VmData:	  271244 kB
20220314 013301.257 INFO             PET0 PIOc_sync Enter - MemInfo: [/proc/self/status]	VmStk:	     512 kB
20220314 013301.257 INFO             PET0 PIOc_sync Enter - MemInfo: [/proc/self/status]	VmExe:	    2016 kB
20220314 013301.257 INFO             PET0 PIOc_sync Enter - MemInfo: [/proc/self/status]	VmLib:	  104128 kB
20220314 013301.257 INFO             PET0 PIOc_sync Enter - MemInfo: [/proc/self/status]	VmPTE:	     708 kB
20220314 013301.257 INFO             PET0 PIOc_sync Enter - MemInfo: [/proc/self/status]	VmPMD:	      32 kB
20220314 013301.257 INFO             PET0 PIOc_sync Enter - MemInfo: [/proc/self/status]	VmSwap:	       0 kB
20220314 013301.257 INFO             PET0 PIOc_sync Enter - MemInfo: [/proc/self/status]	VmRSSPercent: 0.112617 %
20220314 013301.257 INFO             PET0 PIOc_sync Enter - MemInfo: [malloc] Non-mmapped space allocated:                 2904064 Byte
20220314 013301.257 INFO             PET0 PIOc_sync Enter - MemInfo: [malloc] Space allocated in mmapped regions:         88629248 Byte
20220314 013301.257 INFO             PET0 PIOc_sync Enter - MemInfo: [malloc] Maximum total allocated space:                     0 Byte
20220314 013301.257 INFO             PET0 PIOc_sync Enter - MemInfo: [malloc] Space in freed fastbin blocks:                   448 Byte
20220314 013301.257 INFO             PET0 PIOc_sync Enter - MemInfo: [malloc] Total allocated space:                       2723472 Byte
20220314 013301.257 INFO             PET0 PIOc_sync Enter - MemInfo: [malloc] Total free space:                             180592 Byte
20220314 013301.257 INFO             PET0 PIOc_sync Enter - MemInfo: [malloc] Top-most, releasable space:                    48032 Byte
20220314 013301.257 INFO             PET0 PIOc_sync Enter - MemInfo: [malloc] Total space in use, mmap + non-mmap:        91352720 Byte
20220314 013301.257 INFO             PET0 PIOc_sync Enter - MemInfo: [malloc] Total space held (mmap + non-mmap):         91533312 Byte
20220314 013301.257 INFO             PET0 PIOc_sync Enter - MemInfo: [malloc] Total space used (mmap + non-mmap):         91362080 Byte
20220314 013301.257 INFO             PET0 PIOc_sync Enter - MemInfo: Wall-clock time since execution start:               0.170974 seconds
20220314 013301.258 INFO             PET0 PIOc_sync Exit - MemInfo: [/proc/meminfo - SSI]	MemTotal:       131394444 kB
20220314 013301.258 INFO             PET0 PIOc_sync Exit - MemInfo: [/proc/meminfo - SSI]	MemFree:        123936684 kB
20220314 013301.258 INFO             PET0 PIOc_sync Exit - MemInfo: [/proc/meminfo - SSI]	MemAvailable:   123529056 kB
20220314 013301.258 INFO             PET0 PIOc_sync Exit - MemInfo: [/proc/meminfo - SSI]	Committed_AS:    3888036 kB
20220314 013301.258 INFO             PET0 PIOc_sync Exit - MemInfo: [/proc/meminfo - SSI]	CommittedPercent: 2.95906 %
20220314 013301.258 INFO             PET0 PIOc_sync Exit - MemInfo: [/proc/self/status]	VmPeak:	 3801216 kB
20220314 013301.258 INFO             PET0 PIOc_sync Exit - MemInfo: [/proc/self/status]	VmSize:	 3801216 kB
20220314 013301.258 INFO             PET0 PIOc_sync Exit - MemInfo: [/proc/self/status]	VmLck:	       0 kB
20220314 013301.258 INFO             PET0 PIOc_sync Exit - MemInfo: [/proc/self/status]	VmPin:	   82140 kB
20220314 013301.258 INFO             PET0 PIOc_sync Exit - MemInfo: [/proc/self/status]	VmHWM:	  148168 kB
20220314 013301.258 INFO             PET0 PIOc_sync Exit - MemInfo: [/proc/self/status]	VmRSS:	  148168 kB
20220314 013301.258 INFO             PET0 PIOc_sync Exit - MemInfo: [/proc/self/status]	VmData:	  271244 kB
20220314 013301.258 INFO             PET0 PIOc_sync Exit - MemInfo: [/proc/self/status]	VmStk:	     512 kB
20220314 013301.258 INFO             PET0 PIOc_sync Exit - MemInfo: [/proc/self/status]	VmExe:	    2016 kB
20220314 013301.258 INFO             PET0 PIOc_sync Exit - MemInfo: [/proc/self/status]	VmLib:	  104128 kB
20220314 013301.258 INFO             PET0 PIOc_sync Exit - MemInfo: [/proc/self/status]	VmPTE:	     708 kB
20220314 013301.258 INFO             PET0 PIOc_sync Exit - MemInfo: [/proc/self/status]	VmPMD:	      32 kB
20220314 013301.258 INFO             PET0 PIOc_sync Exit - MemInfo: [/proc/self/status]	VmSwap:	       0 kB
20220314 013301.258 INFO             PET0 PIOc_sync Exit - MemInfo: [/proc/self/status]	VmRSSPercent: 0.112766 %
20220314 013301.258 INFO             PET0 PIOc_sync Exit - MemInfo: [malloc] Non-mmapped space allocated:                 2904064 Byte
20220314 013301.258 INFO             PET0 PIOc_sync Exit - MemInfo: [malloc] Space allocated in mmapped regions:         88629248 Byte
20220314 013301.258 INFO             PET0 PIOc_sync Exit - MemInfo: [malloc] Maximum total allocated space:                     0 Byte
20220314 013301.258 INFO             PET0 PIOc_sync Exit - MemInfo: [malloc] Space in freed fastbin blocks:                   544 Byte
20220314 013301.258 INFO             PET0 PIOc_sync Exit - MemInfo: [malloc] Total allocated space:                       2722064 Byte
20220314 013301.258 INFO             PET0 PIOc_sync Exit - MemInfo: [malloc] Total free space:                             182000 Byte
20220314 013301.258 INFO             PET0 PIOc_sync Exit - MemInfo: [malloc] Top-most, releasable space:                    48768 Byte
20220314 013301.258 INFO             PET0 PIOc_sync Exit - MemInfo: [malloc] Total space in use, mmap + non-mmap:        91351312 Byte
20220314 013301.258 INFO             PET0 PIOc_sync Exit - MemInfo: [malloc] Total space held (mmap + non-mmap):         91533312 Byte
20220314 013301.258 INFO             PET0 PIOc_sync Exit - MemInfo: [malloc] Total space used (mmap + non-mmap):         91360672 Byte
20220314 013301.258 INFO             PET0 PIOc_sync Exit - MemInfo: Wall-clock time since execution start:               0.171746 seconds
20220314 013301.259 INFO             PET0 PIOc_freedecomp Enter - MemInfo: [/proc/meminfo - SSI]	MemTotal:       131394444 kB
20220314 013301.259 INFO             PET0 PIOc_freedecomp Enter - MemInfo: [/proc/meminfo - SSI]	MemFree:        123937896 kB
20220314 013301.259 INFO             PET0 PIOc_freedecomp Enter - MemInfo: [/proc/meminfo - SSI]	MemAvailable:   123530268 kB
20220314 013301.259 INFO             PET0 PIOc_freedecomp Enter - MemInfo: [/proc/meminfo - SSI]	Committed_AS:    3888036 kB
20220314 013301.259 INFO             PET0 PIOc_freedecomp Enter - MemInfo: [/proc/meminfo - SSI]	CommittedPercent: 2.95906 %
20220314 013301.259 INFO             PET0 PIOc_freedecomp Enter - MemInfo: [/proc/self/status]	VmPeak:	 3801216 kB
20220314 013301.259 INFO             PET0 PIOc_freedecomp Enter - MemInfo: [/proc/self/status]	VmSize:	 3798648 kB
20220314 013301.259 INFO             PET0 PIOc_freedecomp Enter - MemInfo: [/proc/self/status]	VmLck:	       0 kB
20220314 013301.259 INFO             PET0 PIOc_freedecomp Enter - MemInfo: [/proc/self/status]	VmPin:	   82140 kB
20220314 013301.259 INFO             PET0 PIOc_freedecomp Enter - MemInfo: [/proc/self/status]	VmHWM:	  148168 kB
20220314 013301.259 INFO             PET0 PIOc_freedecomp Enter - MemInfo: [/proc/self/status]	VmRSS:	  146116 kB
20220314 013301.259 INFO             PET0 PIOc_freedecomp Enter - MemInfo: [/proc/self/status]	VmData:	  268676 kB
20220314 013301.259 INFO             PET0 PIOc_freedecomp Enter - MemInfo: [/proc/self/status]	VmStk:	     512 kB
20220314 013301.259 INFO             PET0 PIOc_freedecomp Enter - MemInfo: [/proc/self/status]	VmExe:	    2016 kB
20220314 013301.259 INFO             PET0 PIOc_freedecomp Enter - MemInfo: [/proc/self/status]	VmLib:	  104128 kB
20220314 013301.259 INFO             PET0 PIOc_freedecomp Enter - MemInfo: [/proc/self/status]	VmPTE:	     704 kB
20220314 013301.259 INFO             PET0 PIOc_freedecomp Enter - MemInfo: [/proc/self/status]	VmPMD:	      32 kB
20220314 013301.259 INFO             PET0 PIOc_freedecomp Enter - MemInfo: [/proc/self/status]	VmSwap:	       0 kB
20220314 013301.259 INFO             PET0 PIOc_freedecomp Enter - MemInfo: [/proc/self/status]	VmRSSPercent: 0.111204 %
20220314 013301.259 INFO             PET0 PIOc_freedecomp Enter - MemInfo: [malloc] Non-mmapped space allocated:                 2904064 Byte
20220314 013301.259 INFO             PET0 PIOc_freedecomp Enter - MemInfo: [malloc] Space allocated in mmapped regions:         85999616 Byte
20220314 013301.259 INFO             PET0 PIOc_freedecomp Enter - MemInfo: [malloc] Maximum total allocated space:                     0 Byte
20220314 013301.259 INFO             PET0 PIOc_freedecomp Enter - MemInfo: [malloc] Space in freed fastbin blocks:                  1392 Byte
20220314 013301.259 INFO             PET0 PIOc_freedecomp Enter - MemInfo: [malloc] Total allocated space:                       2708800 Byte
20220314 013301.259 INFO             PET0 PIOc_freedecomp Enter - MemInfo: [malloc] Total free space:                             195264 Byte
20220314 013301.259 INFO             PET0 PIOc_freedecomp Enter - MemInfo: [malloc] Top-most, releasable space:                    59264 Byte
20220314 013301.259 INFO             PET0 PIOc_freedecomp Enter - MemInfo: [malloc] Total space in use, mmap + non-mmap:        88708416 Byte
20220314 013301.259 INFO             PET0 PIOc_freedecomp Enter - MemInfo: [malloc] Total space held (mmap + non-mmap):         88903680 Byte
20220314 013301.259 INFO             PET0 PIOc_freedecomp Enter - MemInfo: [malloc] Total space used (mmap + non-mmap):         88717776 Byte
20220314 013301.259 INFO             PET0 PIOc_freedecomp Enter - MemInfo: Wall-clock time since execution start:               0.172747 seconds
20220314 013301.259 INFO             PET0 PIOc_freedecomp Exit - MemInfo: [/proc/meminfo - SSI]	MemTotal:       131394444 kB
20220314 013301.259 INFO             PET0 PIOc_freedecomp Exit - MemInfo: [/proc/meminfo - SSI]	MemFree:        123937896 kB
20220314 013301.259 INFO             PET0 PIOc_freedecomp Exit - MemInfo: [/proc/meminfo - SSI]	MemAvailable:   123530268 kB
20220314 013301.259 INFO             PET0 PIOc_freedecomp Exit - MemInfo: [/proc/meminfo - SSI]	Committed_AS:    3888036 kB
20220314 013301.259 INFO             PET0 PIOc_freedecomp Exit - MemInfo: [/proc/meminfo - SSI]	CommittedPercent: 2.95906 %
20220314 013301.259 INFO             PET0 PIOc_freedecomp Exit - MemInfo: [/proc/self/status]	VmPeak:	 3801216 kB
20220314 013301.259 INFO             PET0 PIOc_freedecomp Exit - MemInfo: [/proc/self/status]	VmSize:	 3798648 kB
20220314 013301.259 INFO             PET0 PIOc_freedecomp Exit - MemInfo: [/proc/self/status]	VmLck:	       0 kB
20220314 013301.259 INFO             PET0 PIOc_freedecomp Exit - MemInfo: [/proc/self/status]	VmPin:	   82140 kB
20220314 013301.259 INFO             PET0 PIOc_freedecomp Exit - MemInfo: [/proc/self/status]	VmHWM:	  148168 kB
20220314 013301.259 INFO             PET0 PIOc_freedecomp Exit - MemInfo: [/proc/self/status]	VmRSS:	  146116 kB
20220314 013301.259 INFO             PET0 PIOc_freedecomp Exit - MemInfo: [/proc/self/status]	VmData:	  268676 kB
20220314 013301.259 INFO             PET0 PIOc_freedecomp Exit - MemInfo: [/proc/self/status]	VmStk:	     512 kB
20220314 013301.259 INFO             PET0 PIOc_freedecomp Exit - MemInfo: [/proc/self/status]	VmExe:	    2016 kB
20220314 013301.259 INFO             PET0 PIOc_freedecomp Exit - MemInfo: [/proc/self/status]	VmLib:	  104128 kB
20220314 013301.259 INFO             PET0 PIOc_freedecomp Exit - MemInfo: [/proc/self/status]	VmPTE:	     704 kB
20220314 013301.259 INFO             PET0 PIOc_freedecomp Exit - MemInfo: [/proc/self/status]	VmPMD:	      32 kB
20220314 013301.259 INFO             PET0 PIOc_freedecomp Exit - MemInfo: [/proc/self/status]	VmSwap:	       0 kB
20220314 013301.259 INFO             PET0 PIOc_freedecomp Exit - MemInfo: [/proc/self/status]	VmRSSPercent: 0.111204 %
20220314 013301.259 INFO             PET0 PIOc_freedecomp Exit - MemInfo: [malloc] Non-mmapped space allocated:                 2904064 Byte
20220314 013301.259 INFO             PET0 PIOc_freedecomp Exit - MemInfo: [malloc] Space allocated in mmapped regions:         85999616 Byte
20220314 013301.259 INFO             PET0 PIOc_freedecomp Exit - MemInfo: [malloc] Maximum total allocated space:                     0 Byte
20220314 013301.259 INFO             PET0 PIOc_freedecomp Exit - MemInfo: [malloc] Space in freed fastbin blocks:                   800 Byte
20220314 013301.259 INFO             PET0 PIOc_freedecomp Exit - MemInfo: [malloc] Total allocated space:                       2704448 Byte
20220314 013301.259 INFO             PET0 PIOc_freedecomp Exit - MemInfo: [malloc] Total free space:                             199616 Byte
20220314 013301.259 INFO             PET0 PIOc_freedecomp Exit - MemInfo: [malloc] Top-most, releasable space:                    60000 Byte
20220314 013301.259 INFO             PET0 PIOc_freedecomp Exit - MemInfo: [malloc] Total space in use, mmap + non-mmap:        88704064 Byte
20220314 013301.259 INFO             PET0 PIOc_freedecomp Exit - MemInfo: [malloc] Total space held (mmap + non-mmap):         88903680 Byte
20220314 013301.259 INFO             PET0 PIOc_freedecomp Exit - MemInfo: [malloc] Total space used (mmap + non-mmap):         88713424 Byte
20220314 013301.259 INFO             PET0 PIOc_freedecomp Exit - MemInfo: Wall-clock time since execution start:               0.173081 seconds
20220314 013301.259 INFO             PET0  PASS  Write Fortran array in Field, ESMF_FieldIOUTest.F90, line 219
20220314 013301.260 INFO             PET0  PASS  Create a field from grid and fortran dummy array without halo, ESMF_FieldIOUTest.F90, line 233
20220314 013301.260 INFO             PET0  PASS  Get Farray_w from nohalo field, ESMF_FieldIOUTest.F90, line 244
20220314 013301.261 INFO             PET0 PIOc_sync Enter - MemInfo: [/proc/meminfo - SSI]	MemTotal:       131394444 kB
20220314 013301.261 INFO             PET0 PIOc_sync Enter - MemInfo: [/proc/meminfo - SSI]	MemFree:        123936436 kB
20220314 013301.261 INFO             PET0 PIOc_sync Enter - MemInfo: [/proc/meminfo - SSI]	MemAvailable:   123528808 kB
20220314 013301.261 INFO             PET0 PIOc_sync Enter - MemInfo: [/proc/meminfo - SSI]	Committed_AS:    3888036 kB
20220314 013301.261 INFO             PET0 PIOc_sync Enter - MemInfo: [/proc/meminfo - SSI]	CommittedPercent: 2.95906 %
20220314 013301.261 INFO             PET0 PIOc_sync Enter - MemInfo: [/proc/self/status]	VmPeak:	 3801280 kB
20220314 013301.261 INFO             PET0 PIOc_sync Enter - MemInfo: [/proc/self/status]	VmSize:	 3801280 kB
20220314 013301.261 INFO             PET0 PIOc_sync Enter - MemInfo: [/proc/self/status]	VmLck:	       0 kB
20220314 013301.261 INFO             PET0 PIOc_sync Enter - MemInfo: [/proc/self/status]	VmPin:	   82140 kB
20220314 013301.261 INFO             PET0 PIOc_sync Enter - MemInfo: [/proc/self/status]	VmHWM:	  148296 kB
20220314 013301.261 INFO             PET0 PIOc_sync Enter - MemInfo: [/proc/self/status]	VmRSS:	  148296 kB
20220314 013301.261 INFO             PET0 PIOc_sync Enter - MemInfo: [/proc/self/status]	VmData:	  271308 kB
20220314 013301.261 INFO             PET0 PIOc_sync Enter - MemInfo: [/proc/self/status]	VmStk:	     512 kB
20220314 013301.261 INFO             PET0 PIOc_sync Enter - MemInfo: [/proc/self/status]	VmExe:	    2016 kB
20220314 013301.261 INFO             PET0 PIOc_sync Enter - MemInfo: [/proc/self/status]	VmLib:	  104128 kB
20220314 013301.262 INFO             PET0 PIOc_sync Enter - MemInfo: [/proc/self/status]	VmPTE:	     708 kB
20220314 013301.262 INFO             PET0 PIOc_sync Enter - MemInfo: [/proc/self/status]	VmPMD:	      32 kB
20220314 013301.262 INFO             PET0 PIOc_sync Enter - MemInfo: [/proc/self/status]	VmSwap:	       0 kB
20220314 013301.262 INFO             PET0 PIOc_sync Enter - MemInfo: [/proc/self/status]	VmRSSPercent: 0.112863 %
20220314 013301.262 INFO             PET0 PIOc_sync Enter - MemInfo: [malloc] Non-mmapped space allocated:                 5599232 Byte
20220314 013301.262 INFO             PET0 PIOc_sync Enter - MemInfo: [malloc] Space allocated in mmapped regions:         85999616 Byte
20220314 013301.262 INFO             PET0 PIOc_sync Enter - MemInfo: [malloc] Maximum total allocated space:                     0 Byte
20220314 013301.262 INFO             PET0 PIOc_sync Enter - MemInfo: [malloc] Space in freed fastbin blocks:                   192 Byte
20220314 013301.262 INFO             PET0 PIOc_sync Enter - MemInfo: [malloc] Total allocated space:                       5347984 Byte
20220314 013301.262 INFO             PET0 PIOc_sync Enter - MemInfo: [malloc] Total free space:                             251248 Byte
20220314 013301.262 INFO             PET0 PIOc_sync Enter - MemInfo: [malloc] Top-most, releasable space:                   118912 Byte
20220314 013301.262 INFO             PET0 PIOc_sync Enter - MemInfo: [malloc] Total space in use, mmap + non-mmap:        91347600 Byte
20220314 013301.262 INFO             PET0 PIOc_sync Enter - MemInfo: [malloc] Total space held (mmap + non-mmap):         91598848 Byte
20220314 013301.262 INFO             PET0 PIOc_sync Enter - MemInfo: [malloc] Total space used (mmap + non-mmap):         91356960 Byte
20220314 013301.262 INFO             PET0 PIOc_sync Enter - MemInfo: Wall-clock time since execution start:               0.175387 seconds
20220314 013301.262 INFO             PET0 PIOc_sync Exit - MemInfo: [/proc/meminfo - SSI]	MemTotal:       131394444 kB
20220314 013301.262 INFO             PET0 PIOc_sync Exit - MemInfo: [/proc/meminfo - SSI]	MemFree:        123936436 kB
20220314 013301.262 INFO             PET0 PIOc_sync Exit - MemInfo: [/proc/meminfo - SSI]	MemAvailable:   123528808 kB
20220314 013301.262 INFO             PET0 PIOc_sync Exit - MemInfo: [/proc/meminfo - SSI]	Committed_AS:    3888036 kB
20220314 013301.262 INFO             PET0 PIOc_sync Exit - MemInfo: [/proc/meminfo - SSI]	CommittedPercent: 2.95906 %
20220314 013301.262 INFO             PET0 PIOc_sync Exit - MemInfo: [/proc/self/status]	VmPeak:	 3801280 kB
20220314 013301.262 INFO             PET0 PIOc_sync Exit - MemInfo: [/proc/self/status]	VmSize:	 3801280 kB
20220314 013301.262 INFO             PET0 PIOc_sync Exit - MemInfo: [/proc/self/status]	VmLck:	       0 kB
20220314 013301.262 INFO             PET0 PIOc_sync Exit - MemInfo: [/proc/self/status]	VmPin:	   82140 kB
20220314 013301.262 INFO             PET0 PIOc_sync Exit - MemInfo: [/proc/self/status]	VmHWM:	  148312 kB
20220314 013301.262 INFO             PET0 PIOc_sync Exit - MemInfo: [/proc/self/status]	VmRSS:	  148312 kB
20220314 013301.262 INFO             PET0 PIOc_sync Exit - MemInfo: [/proc/self/status]	VmData:	  271308 kB
20220314 013301.262 INFO             PET0 PIOc_sync Exit - MemInfo: [/proc/self/status]	VmStk:	     512 kB
20220314 013301.262 INFO             PET0 PIOc_sync Exit - MemInfo: [/proc/self/status]	VmExe:	    2016 kB
20220314 013301.262 INFO             PET0 PIOc_sync Exit - MemInfo: [/proc/self/status]	VmLib:	  104128 kB
20220314 013301.262 INFO             PET0 PIOc_sync Exit - MemInfo: [/proc/self/status]	VmPTE:	     708 kB
20220314 013301.262 INFO             PET0 PIOc_sync Exit - MemInfo: [/proc/self/status]	VmPMD:	      32 kB
20220314 013301.262 INFO             PET0 PIOc_sync Exit - MemInfo: [/proc/self/status]	VmSwap:	       0 kB
20220314 013301.262 INFO             PET0 PIOc_sync Exit - MemInfo: [/proc/self/status]	VmRSSPercent: 0.112875 %
20220314 013301.262 INFO             PET0 PIOc_sync Exit - MemInfo: [malloc] Non-mmapped space allocated:                 5599232 Byte
20220314 013301.262 INFO             PET0 PIOc_sync Exit - MemInfo: [malloc] Space allocated in mmapped regions:         85999616 Byte
20220314 013301.262 INFO             PET0 PIOc_sync Exit - MemInfo: [malloc] Maximum total allocated space:                     0 Byte
20220314 013301.262 INFO             PET0 PIOc_sync Exit - MemInfo: [malloc] Space in freed fastbin blocks:                   144 Byte
20220314 013301.262 INFO             PET0 PIOc_sync Exit - MemInfo: [malloc] Total allocated space:                       5346880 Byte
20220314 013301.262 INFO             PET0 PIOc_sync Exit - MemInfo: [malloc] Total free space:                             252352 Byte
20220314 013301.262 INFO             PET0 PIOc_sync Exit - MemInfo: [malloc] Top-most, releasable space:                   119856 Byte
20220314 013301.262 INFO             PET0 PIOc_sync Exit - MemInfo: [malloc] Total space in use, mmap + non-mmap:        91346496 Byte
20220314 013301.262 INFO             PET0 PIOc_sync Exit - MemInfo: [malloc] Total space held (mmap + non-mmap):         91598848 Byte
20220314 013301.262 INFO             PET0 PIOc_sync Exit - MemInfo: [malloc] Total space used (mmap + non-mmap):         91355856 Byte
20220314 013301.262 INFO             PET0 PIOc_sync Exit - MemInfo: Wall-clock time since execution start:               0.176089 seconds
20220314 013301.262 INFO             PET0 PIOc_freedecomp Enter - MemInfo: [/proc/meminfo - SSI]	MemTotal:       131394444 kB
20220314 013301.262 INFO             PET0 PIOc_freedecomp Enter - MemInfo: [/proc/meminfo - SSI]	MemFree:        123936436 kB
20220314 013301.262 INFO             PET0 PIOc_freedecomp Enter - MemInfo: [/proc/meminfo - SSI]	MemAvailable:   123528808 kB
20220314 013301.262 INFO             PET0 PIOc_freedecomp Enter - MemInfo: [/proc/meminfo - SSI]	Committed_AS:    3888036 kB
20220314 013301.263 INFO             PET0 PIOc_freedecomp Enter - MemInfo: [/proc/meminfo - SSI]	CommittedPercent: 2.95906 %
20220314 013301.263 INFO             PET0 PIOc_freedecomp Enter - MemInfo: [/proc/self/status]	VmPeak:	 3801280 kB
20220314 013301.263 INFO             PET0 PIOc_freedecomp Enter - MemInfo: [/proc/self/status]	VmSize:	 3801280 kB
20220314 013301.263 INFO             PET0 PIOc_freedecomp Enter - MemInfo: [/proc/self/status]	VmLck:	       0 kB
20220314 013301.263 INFO             PET0 PIOc_freedecomp Enter - MemInfo: [/proc/self/status]	VmPin:	   82140 kB
20220314 013301.263 INFO             PET0 PIOc_freedecomp Enter - MemInfo: [/proc/self/status]	VmHWM:	  148312 kB
20220314 013301.263 INFO             PET0 PIOc_freedecomp Enter - MemInfo: [/proc/self/status]	VmRSS:	  148312 kB
20220314 013301.263 INFO             PET0 PIOc_freedecomp Enter - MemInfo: [/proc/self/status]	VmData:	  271308 kB
20220314 013301.263 INFO             PET0 PIOc_freedecomp Enter - MemInfo: [/proc/self/status]	VmStk:	     512 kB
20220314 013301.263 INFO             PET0 PIOc_freedecomp Enter - MemInfo: [/proc/self/status]	VmExe:	    2016 kB
20220314 013301.263 INFO             PET0 PIOc_freedecomp Enter - MemInfo: [/proc/self/status]	VmLib:	  104128 kB
20220314 013301.263 INFO             PET0 PIOc_freedecomp Enter - MemInfo: [/proc/self/status]	VmPTE:	     708 kB
20220314 013301.263 INFO             PET0 PIOc_freedecomp Enter - MemInfo: [/proc/self/status]	VmPMD:	      32 kB
20220314 013301.263 INFO             PET0 PIOc_freedecomp Enter - MemInfo: [/proc/self/status]	VmSwap:	       0 kB
20220314 013301.263 INFO             PET0 PIOc_freedecomp Enter - MemInfo: [/proc/self/status]	VmRSSPercent: 0.112875 %
20220314 013301.263 INFO             PET0 PIOc_freedecomp Enter - MemInfo: [malloc] Non-mmapped space allocated:                 5599232 Byte
20220314 013301.263 INFO             PET0 PIOc_freedecomp Enter - MemInfo: [malloc] Space allocated in mmapped regions:         85999616 Byte
20220314 013301.263 INFO             PET0 PIOc_freedecomp Enter - MemInfo: [malloc] Maximum total allocated space:                     0 Byte
20220314 013301.263 INFO             PET0 PIOc_freedecomp Enter - MemInfo: [malloc] Space in freed fastbin blocks:                   496 Byte
20220314 013301.263 INFO             PET0 PIOc_freedecomp Enter - MemInfo: [malloc] Total allocated space:                       2712160 Byte
20220314 013301.263 INFO             PET0 PIOc_freedecomp Enter - MemInfo: [malloc] Total free space:                            2887072 Byte
20220314 013301.263 INFO             PET0 PIOc_freedecomp Enter - MemInfo: [malloc] Top-most, releasable space:                   130352 Byte
20220314 013301.263 INFO             PET0 PIOc_freedecomp Enter - MemInfo: [malloc] Total space in use, mmap + non-mmap:        88711776 Byte
20220314 013301.263 INFO             PET0 PIOc_freedecomp Enter - MemInfo: [malloc] Total space held (mmap + non-mmap):         91598848 Byte
20220314 013301.263 INFO             PET0 PIOc_freedecomp Enter - MemInfo: [malloc] Total space used (mmap + non-mmap):         88721136 Byte
20220314 013301.263 INFO             PET0 PIOc_freedecomp Enter - MemInfo: Wall-clock time since execution start:               0.176501 seconds
20220314 013301.263 INFO             PET0 PIOc_freedecomp Exit - MemInfo: [/proc/meminfo - SSI]	MemTotal:       131394444 kB
20220314 013301.263 INFO             PET0 PIOc_freedecomp Exit - MemInfo: [/proc/meminfo - SSI]	MemFree:        123936436 kB
20220314 013301.263 INFO             PET0 PIOc_freedecomp Exit - MemInfo: [/proc/meminfo - SSI]	MemAvailable:   123528808 kB
20220314 013301.263 INFO             PET0 PIOc_freedecomp Exit - MemInfo: [/proc/meminfo - SSI]	Committed_AS:    3888036 kB
20220314 013301.263 INFO             PET0 PIOc_freedecomp Exit - MemInfo: [/proc/meminfo - SSI]	CommittedPercent: 2.95906 %
20220314 013301.263 INFO             PET0 PIOc_freedecomp Exit - MemInfo: [/proc/self/status]	VmPeak:	 3801280 kB
20220314 013301.263 INFO             PET0 PIOc_freedecomp Exit - MemInfo: [/proc/self/status]	VmSize:	 3801280 kB
20220314 013301.263 INFO             PET0 PIOc_freedecomp Exit - MemInfo: [/proc/self/status]	VmLck:	       0 kB
20220314 013301.263 INFO             PET0 PIOc_freedecomp Exit - MemInfo: [/proc/self/status]	VmPin:	   82140 kB
20220314 013301.263 INFO             PET0 PIOc_freedecomp Exit - MemInfo: [/proc/self/status]	VmHWM:	  148312 kB
20220314 013301.263 INFO             PET0 PIOc_freedecomp Exit - MemInfo: [/proc/self/status]	VmRSS:	  148312 kB
20220314 013301.263 INFO             PET0 PIOc_freedecomp Exit - MemInfo: [/proc/self/status]	VmData:	  271308 kB
20220314 013301.263 INFO             PET0 PIOc_freedecomp Exit - MemInfo: [/proc/self/status]	VmStk:	     512 kB
20220314 013301.263 INFO             PET0 PIOc_freedecomp Exit - MemInfo: [/proc/self/status]	VmExe:	    2016 kB
20220314 013301.263 INFO             PET0 PIOc_freedecomp Exit - MemInfo: [/proc/self/status]	VmLib:	  104128 kB
20220314 013301.263 INFO             PET0 PIOc_freedecomp Exit - MemInfo: [/proc/self/status]	VmPTE:	     708 kB
20220314 013301.263 INFO             PET0 PIOc_freedecomp Exit - MemInfo: [/proc/self/status]	VmPMD:	      32 kB
20220314 013301.263 INFO             PET0 PIOc_freedecomp Exit - MemInfo: [/proc/self/status]	VmSwap:	       0 kB
20220314 013301.263 INFO             PET0 PIOc_freedecomp Exit - MemInfo: [/proc/self/status]	VmRSSPercent: 0.112875 %
20220314 013301.263 INFO             PET0 PIOc_freedecomp Exit - MemInfo: [malloc] Non-mmapped space allocated:                 5599232 Byte
20220314 013301.263 INFO             PET0 PIOc_freedecomp Exit - MemInfo: [malloc] Space allocated in mmapped regions:         85999616 Byte
20220314 013301.263 INFO             PET0 PIOc_freedecomp Exit - MemInfo: [malloc] Maximum total allocated space:                     0 Byte
20220314 013301.263 INFO             PET0 PIOc_freedecomp Exit - MemInfo: [malloc] Space in freed fastbin blocks:                   432 Byte
20220314 013301.263 INFO             PET0 PIOc_freedecomp Exit - MemInfo: [malloc] Total allocated space:                       2708480 Byte
20220314 013301.263 INFO             PET0 PIOc_freedecomp Exit - MemInfo: [malloc] Total free space:                            2890752 Byte
20220314 013301.263 INFO             PET0 PIOc_freedecomp Exit - MemInfo: [malloc] Top-most, releasable space:                  2755200 Byte
20220314 013301.263 INFO             PET0 PIOc_freedecomp Exit - MemInfo: [malloc] Total space in use, mmap + non-mmap:        88708096 Byte
20220314 013301.263 INFO             PET0 PIOc_freedecomp Exit - MemInfo: [malloc] Total space held (mmap + non-mmap):         91598848 Byte
20220314 013301.263 INFO             PET0 PIOc_freedecomp Exit - MemInfo: [malloc] Total space used (mmap + non-mmap):         88717456 Byte
20220314 013301.263 INFO             PET0 PIOc_freedecomp Exit - MemInfo: Wall-clock time since execution start:               0.176847 seconds
20220314 013301.263 INFO             PET0  PASS  Write Fortran array in nohalo Field, ESMF_FieldIOUTest.F90, line 268
20220314 013301.263 INFO             PET0  PASS  Create a field from grid and fortran dummy array without halo, ESMF_FieldIOUTest.F90, line 281
20220314 013301.264 INFO             PET0 PIOc_sync Enter - MemInfo: [/proc/meminfo - SSI]	MemTotal:       131394444 kB
20220314 013301.264 INFO             PET0 PIOc_sync Enter - MemInfo: [/proc/meminfo - SSI]	MemFree:        123935940 kB
20220314 013301.264 INFO             PET0 PIOc_sync Enter - MemInfo: [/proc/meminfo - SSI]	MemAvailable:   123528312 kB
20220314 013301.264 INFO             PET0 PIOc_sync Enter - MemInfo: [/proc/meminfo - SSI]	Committed_AS:    3888036 kB
20220314 013301.264 INFO             PET0 PIOc_sync Enter - MemInfo: [/proc/meminfo - SSI]	CommittedPercent: 2.95906 %
20220314 013301.264 INFO             PET0 PIOc_sync Enter - MemInfo: [/proc/self/status]	VmPeak:	 3801280 kB
20220314 013301.264 INFO             PET0 PIOc_sync Enter - MemInfo: [/proc/self/status]	VmSize:	 3801280 kB
20220314 013301.264 INFO             PET0 PIOc_sync Enter - MemInfo: [/proc/self/status]	VmLck:	       0 kB
20220314 013301.264 INFO             PET0 PIOc_sync Enter - MemInfo: [/proc/self/status]	VmPin:	   82140 kB
20220314 013301.264 INFO             PET0 PIOc_sync Enter - MemInfo: [/proc/self/status]	VmHWM:	  148820 kB
20220314 013301.264 INFO             PET0 PIOc_sync Enter - MemInfo: [/proc/self/status]	VmRSS:	  148820 kB
20220314 013301.264 INFO             PET0 PIOc_sync Enter - MemInfo: [/proc/self/status]	VmData:	  271308 kB
20220314 013301.264 INFO             PET0 PIOc_sync Enter - MemInfo: [/proc/self/status]	VmStk:	     512 kB
20220314 013301.264 INFO             PET0 PIOc_sync Enter - MemInfo: [/proc/self/status]	VmExe:	    2016 kB
20220314 013301.264 INFO             PET0 PIOc_sync Enter - MemInfo: [/proc/self/status]	VmLib:	  104128 kB
20220314 013301.264 INFO             PET0 PIOc_sync Enter - MemInfo: [/proc/self/status]	VmPTE:	     708 kB
20220314 013301.264 INFO             PET0 PIOc_sync Enter - MemInfo: [/proc/self/status]	VmPMD:	      32 kB
20220314 013301.264 INFO             PET0 PIOc_sync Enter - MemInfo: [/proc/self/status]	VmSwap:	       0 kB
20220314 013301.264 INFO             PET0 PIOc_sync Enter - MemInfo: [/proc/self/status]	VmRSSPercent: 0.113262 %
20220314 013301.265 INFO             PET0 PIOc_sync Enter - MemInfo: [malloc] Non-mmapped space allocated:                 5599232 Byte
20220314 013301.265 INFO             PET0 PIOc_sync Enter - MemInfo: [malloc] Space allocated in mmapped regions:         85999616 Byte
20220314 013301.265 INFO             PET0 PIOc_sync Enter - MemInfo: [malloc] Maximum total allocated space:                     0 Byte
20220314 013301.265 INFO             PET0 PIOc_sync Enter - MemInfo: [malloc] Space in freed fastbin blocks:                   144 Byte
20220314 013301.265 INFO             PET0 PIOc_sync Enter - MemInfo: [malloc] Total allocated space:                       5352992 Byte
20220314 013301.265 INFO             PET0 PIOc_sync Enter - MemInfo: [malloc] Total free space:                             246240 Byte
20220314 013301.265 INFO             PET0 PIOc_sync Enter - MemInfo: [malloc] Top-most, releasable space:                   113552 Byte
20220314 013301.265 INFO             PET0 PIOc_sync Enter - MemInfo: [malloc] Total space in use, mmap + non-mmap:        91352608 Byte
20220314 013301.265 INFO             PET0 PIOc_sync Enter - MemInfo: [malloc] Total space held (mmap + non-mmap):         91598848 Byte
20220314 013301.265 INFO             PET0 PIOc_sync Enter - MemInfo: [malloc] Total space used (mmap + non-mmap):         91361968 Byte
20220314 013301.265 INFO             PET0 PIOc_sync Enter - MemInfo: Wall-clock time since execution start:               0.178341 seconds
20220314 013301.265 INFO             PET0 PIOc_sync Exit - MemInfo: [/proc/meminfo - SSI]	MemTotal:       131394444 kB
20220314 013301.265 INFO             PET0 PIOc_sync Exit - MemInfo: [/proc/meminfo - SSI]	MemFree:        123935940 kB
20220314 013301.265 INFO             PET0 PIOc_sync Exit - MemInfo: [/proc/meminfo - SSI]	MemAvailable:   123528312 kB
20220314 013301.265 INFO             PET0 PIOc_sync Exit - MemInfo: [/proc/meminfo - SSI]	Committed_AS:    3888036 kB
20220314 013301.265 INFO             PET0 PIOc_sync Exit - MemInfo: [/proc/meminfo - SSI]	CommittedPercent: 2.95906 %
20220314 013301.265 INFO             PET0 PIOc_sync Exit - MemInfo: [/proc/self/status]	VmPeak:	 3801280 kB
20220314 013301.265 INFO             PET0 PIOc_sync Exit - MemInfo: [/proc/self/status]	VmSize:	 3801280 kB
20220314 013301.265 INFO             PET0 PIOc_sync Exit - MemInfo: [/proc/self/status]	VmLck:	       0 kB
20220314 013301.265 INFO             PET0 PIOc_sync Exit - MemInfo: [/proc/self/status]	VmPin:	   82140 kB
20220314 013301.265 INFO             PET0 PIOc_sync Exit - MemInfo: [/proc/self/status]	VmHWM:	  148828 kB
20220314 013301.265 INFO             PET0 PIOc_sync Exit - MemInfo: [/proc/self/status]	VmRSS:	  148828 kB
20220314 013301.265 INFO             PET0 PIOc_sync Exit - MemInfo: [/proc/self/status]	VmData:	  271308 kB
20220314 013301.265 INFO             PET0 PIOc_sync Exit - MemInfo: [/proc/self/status]	VmStk:	     512 kB
20220314 013301.265 INFO             PET0 PIOc_sync Exit - MemInfo: [/proc/self/status]	VmExe:	    2016 kB
20220314 013301.265 INFO             PET0 PIOc_sync Exit - MemInfo: [/proc/self/status]	VmLib:	  104128 kB
20220314 013301.265 INFO             PET0 PIOc_sync Exit - MemInfo: [/proc/self/status]	VmPTE:	     708 kB
20220314 013301.265 INFO             PET0 PIOc_sync Exit - MemInfo: [/proc/self/status]	VmPMD:	      32 kB
20220314 013301.265 INFO             PET0 PIOc_sync Exit - MemInfo: [/proc/self/status]	VmSwap:	       0 kB
20220314 013301.265 INFO             PET0 PIOc_sync Exit - MemInfo: [/proc/self/status]	VmRSSPercent: 0.113268 %
20220314 013301.265 INFO             PET0 PIOc_sync Exit - MemInfo: [malloc] Non-mmapped space allocated:                 5599232 Byte
20220314 013301.265 INFO             PET0 PIOc_sync Exit - MemInfo: [malloc] Space allocated in mmapped regions:         85999616 Byte
20220314 013301.265 INFO             PET0 PIOc_sync Exit - MemInfo: [malloc] Maximum total allocated space:                     0 Byte
20220314 013301.265 INFO             PET0 PIOc_sync Exit - MemInfo: [malloc] Space in freed fastbin blocks:                   352 Byte
20220314 013301.265 INFO             PET0 PIOc_sync Exit - MemInfo: [malloc] Total allocated space:                       5351584 Byte
20220314 013301.265 INFO             PET0 PIOc_sync Exit - MemInfo: [malloc] Total free space:                             247648 Byte
20220314 013301.265 INFO             PET0 PIOc_sync Exit - MemInfo: [malloc] Top-most, releasable space:                   114288 Byte
20220314 013301.265 INFO             PET0 PIOc_sync Exit - MemInfo: [malloc] Total space in use, mmap + non-mmap:        91351200 Byte
20220314 013301.265 INFO             PET0 PIOc_sync Exit - MemInfo: [malloc] Total space held (mmap + non-mmap):         91598848 Byte
20220314 013301.265 INFO             PET0 PIOc_sync Exit - MemInfo: [malloc] Total space used (mmap + non-mmap):         91360560 Byte
20220314 013301.265 INFO             PET0 PIOc_sync Exit - MemInfo: Wall-clock time since execution start:               0.179056 seconds
20220314 013301.265 INFO             PET0 PIOc_freedecomp Enter - MemInfo: [/proc/meminfo - SSI]	MemTotal:       131394444 kB
20220314 013301.265 INFO             PET0 PIOc_freedecomp Enter - MemInfo: [/proc/meminfo - SSI]	MemFree:        123935940 kB
20220314 013301.265 INFO             PET0 PIOc_freedecomp Enter - MemInfo: [/proc/meminfo - SSI]	MemAvailable:   123528312 kB
20220314 013301.265 INFO             PET0 PIOc_freedecomp Enter - MemInfo: [/proc/meminfo - SSI]	Committed_AS:    3888036 kB
20220314 013301.266 INFO             PET0 PIOc_freedecomp Enter - MemInfo: [/proc/meminfo - SSI]	CommittedPercent: 2.95906 %
20220314 013301.266 INFO             PET0 PIOc_freedecomp Enter - MemInfo: [/proc/self/status]	VmPeak:	 3801280 kB
20220314 013301.266 INFO             PET0 PIOc_freedecomp Enter - MemInfo: [/proc/self/status]	VmSize:	 3801280 kB
20220314 013301.266 INFO             PET0 PIOc_freedecomp Enter - MemInfo: [/proc/self/status]	VmLck:	       0 kB
20220314 013301.266 INFO             PET0 PIOc_freedecomp Enter - MemInfo: [/proc/self/status]	VmPin:	   82140 kB
20220314 013301.266 INFO             PET0 PIOc_freedecomp Enter - MemInfo: [/proc/self/status]	VmHWM:	  148828 kB
20220314 013301.266 INFO             PET0 PIOc_freedecomp Enter - MemInfo: [/proc/self/status]	VmRSS:	  148828 kB
20220314 013301.266 INFO             PET0 PIOc_freedecomp Enter - MemInfo: [/proc/self/status]	VmData:	  271308 kB
20220314 013301.266 INFO             PET0 PIOc_freedecomp Enter - MemInfo: [/proc/self/status]	VmStk:	     512 kB
20220314 013301.266 INFO             PET0 PIOc_freedecomp Enter - MemInfo: [/proc/self/status]	VmExe:	    2016 kB
20220314 013301.266 INFO             PET0 PIOc_freedecomp Enter - MemInfo: [/proc/self/status]	VmLib:	  104128 kB
20220314 013301.266 INFO             PET0 PIOc_freedecomp Enter - MemInfo: [/proc/self/status]	VmPTE:	     708 kB
20220314 013301.266 INFO             PET0 PIOc_freedecomp Enter - MemInfo: [/proc/self/status]	VmPMD:	      32 kB
20220314 013301.266 INFO             PET0 PIOc_freedecomp Enter - MemInfo: [/proc/self/status]	VmSwap:	       0 kB
20220314 013301.266 INFO             PET0 PIOc_freedecomp Enter - MemInfo: [/proc/self/status]	VmRSSPercent: 0.113268 %
20220314 013301.266 INFO             PET0 PIOc_freedecomp Enter - MemInfo: [malloc] Non-mmapped space allocated:                 5599232 Byte
20220314 013301.266 INFO             PET0 PIOc_freedecomp Enter - MemInfo: [malloc] Space allocated in mmapped regions:         85999616 Byte
20220314 013301.266 INFO             PET0 PIOc_freedecomp Enter - MemInfo: [malloc] Maximum total allocated space:                     0 Byte
20220314 013301.266 INFO             PET0 PIOc_freedecomp Enter - MemInfo: [malloc] Space in freed fastbin blocks:                   416 Byte
20220314 013301.266 INFO             PET0 PIOc_freedecomp Enter - MemInfo: [malloc] Total allocated space:                       2716832 Byte
20220314 013301.266 INFO             PET0 PIOc_freedecomp Enter - MemInfo: [malloc] Total free space:                            2882400 Byte
20220314 013301.266 INFO             PET0 PIOc_freedecomp Enter - MemInfo: [malloc] Top-most, releasable space:                   124784 Byte
20220314 013301.266 INFO             PET0 PIOc_freedecomp Enter - MemInfo: [malloc] Total space in use, mmap + non-mmap:        88716448 Byte
20220314 013301.266 INFO             PET0 PIOc_freedecomp Enter - MemInfo: [malloc] Total space held (mmap + non-mmap):         91598848 Byte
20220314 013301.266 INFO             PET0 PIOc_freedecomp Enter - MemInfo: [malloc] Total space used (mmap + non-mmap):         88725808 Byte
20220314 013301.266 INFO             PET0 PIOc_freedecomp Enter - MemInfo: Wall-clock time since execution start:               0.179495 seconds
20220314 013301.266 INFO             PET0 PIOc_freedecomp Exit - MemInfo: [/proc/meminfo - SSI]	MemTotal:       131394444 kB
20220314 013301.266 INFO             PET0 PIOc_freedecomp Exit - MemInfo: [/proc/meminfo - SSI]	MemFree:        123935940 kB
20220314 013301.266 INFO             PET0 PIOc_freedecomp Exit - MemInfo: [/proc/meminfo - SSI]	MemAvailable:   123528312 kB
20220314 013301.266 INFO             PET0 PIOc_freedecomp Exit - MemInfo: [/proc/meminfo - SSI]	Committed_AS:    3888036 kB
20220314 013301.266 INFO             PET0 PIOc_freedecomp Exit - MemInfo: [/proc/meminfo - SSI]	CommittedPercent: 2.95906 %
20220314 013301.266 INFO             PET0 PIOc_freedecomp Exit - MemInfo: [/proc/self/status]	VmPeak:	 3801280 kB
20220314 013301.266 INFO             PET0 PIOc_freedecomp Exit - MemInfo: [/proc/self/status]	VmSize:	 3801280 kB
20220314 013301.266 INFO             PET0 PIOc_freedecomp Exit - MemInfo: [/proc/self/status]	VmLck:	       0 kB
20220314 013301.266 INFO             PET0 PIOc_freedecomp Exit - MemInfo: [/proc/self/status]	VmPin:	   82140 kB
20220314 013301.266 INFO             PET0 PIOc_freedecomp Exit - MemInfo: [/proc/self/status]	VmHWM:	  148828 kB
20220314 013301.266 INFO             PET0 PIOc_freedecomp Exit - MemInfo: [/proc/self/status]	VmRSS:	  148828 kB
20220314 013301.266 INFO             PET0 PIOc_freedecomp Exit - MemInfo: [/proc/self/status]	VmData:	  271308 kB
20220314 013301.266 INFO             PET0 PIOc_freedecomp Exit - MemInfo: [/proc/self/status]	VmStk:	     512 kB
20220314 013301.266 INFO             PET0 PIOc_freedecomp Exit - MemInfo: [/proc/self/status]	VmExe:	    2016 kB
20220314 013301.266 INFO             PET0 PIOc_freedecomp Exit - MemInfo: [/proc/self/status]	VmLib:	  104128 kB
20220314 013301.266 INFO             PET0 PIOc_freedecomp Exit - MemInfo: [/proc/self/status]	VmPTE:	     708 kB
20220314 013301.266 INFO             PET0 PIOc_freedecomp Exit - MemInfo: [/proc/self/status]	VmPMD:	      32 kB
20220314 013301.266 INFO             PET0 PIOc_freedecomp Exit - MemInfo: [/proc/self/status]	VmSwap:	       0 kB
20220314 013301.266 INFO             PET0 PIOc_freedecomp Exit - MemInfo: [/proc/self/status]	VmRSSPercent: 0.113268 %
20220314 013301.266 INFO             PET0 PIOc_freedecomp Exit - MemInfo: [malloc] Non-mmapped space allocated:                 5599232 Byte
20220314 013301.266 INFO             PET0 PIOc_freedecomp Exit - MemInfo: [malloc] Space allocated in mmapped regions:         85999616 Byte
20220314 013301.266 INFO             PET0 PIOc_freedecomp Exit - MemInfo: [malloc] Maximum total allocated space:                     0 Byte
20220314 013301.266 INFO             PET0 PIOc_freedecomp Exit - MemInfo: [malloc] Space in freed fastbin blocks:                   144 Byte
20220314 013301.266 INFO             PET0 PIOc_freedecomp Exit - MemInfo: [malloc] Total allocated space:                       2712512 Byte
20220314 013301.266 INFO             PET0 PIOc_freedecomp Exit - MemInfo: [malloc] Total free space:                            2886720 Byte
20220314 013301.266 INFO             PET0 PIOc_freedecomp Exit - MemInfo: [malloc] Top-most, releasable space:                  2753984 Byte
20220314 013301.266 INFO             PET0 PIOc_freedecomp Exit - MemInfo: [malloc] Total space in use, mmap + non-mmap:        88712128 Byte
20220314 013301.266 INFO             PET0 PIOc_freedecomp Exit - MemInfo: [malloc] Total space held (mmap + non-mmap):         91598848 Byte
20220314 013301.266 INFO             PET0 PIOc_freedecomp Exit - MemInfo: [malloc] Total space used (mmap + non-mmap):         88721488 Byte
20220314 013301.266 INFO             PET0 PIOc_freedecomp Exit - MemInfo: Wall-clock time since execution start:                0.17981 seconds
20220314 013301.267 INFO             PET0 PIOc_sync Enter - MemInfo: [/proc/meminfo - SSI]	MemTotal:       131394444 kB
20220314 013301.267 INFO             PET0 PIOc_sync Enter - MemInfo: [/proc/meminfo - SSI]	MemFree:        123935940 kB
20220314 013301.267 INFO             PET0 PIOc_sync Enter - MemInfo: [/proc/meminfo - SSI]	MemAvailable:   123528312 kB
20220314 013301.267 INFO             PET0 PIOc_sync Enter - MemInfo: [/proc/meminfo - SSI]	Committed_AS:    3888036 kB
20220314 013301.267 INFO             PET0 PIOc_sync Enter - MemInfo: [/proc/meminfo - SSI]	CommittedPercent: 2.95906 %
20220314 013301.267 INFO             PET0 PIOc_sync Enter - MemInfo: [/proc/self/status]	VmPeak:	 3802300 kB
20220314 013301.267 INFO             PET0 PIOc_sync Enter - MemInfo: [/proc/self/status]	VmSize:	 3801280 kB
20220314 013301.267 INFO             PET0 PIOc_sync Enter - MemInfo: [/proc/self/status]	VmLck:	       0 kB
20220314 013301.267 INFO             PET0 PIOc_sync Enter - MemInfo: [/proc/self/status]	VmPin:	   82140 kB
20220314 013301.267 INFO             PET0 PIOc_sync Enter - MemInfo: [/proc/self/status]	VmHWM:	  148908 kB
20220314 013301.267 INFO             PET0 PIOc_sync Enter - MemInfo: [/proc/self/status]	VmRSS:	  148908 kB
20220314 013301.267 INFO             PET0 PIOc_sync Enter - MemInfo: [/proc/self/status]	VmData:	  271308 kB
20220314 013301.267 INFO             PET0 PIOc_sync Enter - MemInfo: [/proc/self/status]	VmStk:	     512 kB
20220314 013301.267 INFO             PET0 PIOc_sync Enter - MemInfo: [/proc/self/status]	VmExe:	    2016 kB
20220314 013301.267 INFO             PET0 PIOc_sync Enter - MemInfo: [/proc/self/status]	VmLib:	  104128 kB
20220314 013301.267 INFO             PET0 PIOc_sync Enter - MemInfo: [/proc/self/status]	VmPTE:	     708 kB
20220314 013301.267 INFO             PET0 PIOc_sync Enter - MemInfo: [/proc/self/status]	VmPMD:	      32 kB
20220314 013301.267 INFO             PET0 PIOc_sync Enter - MemInfo: [/proc/self/status]	VmSwap:	       0 kB
20220314 013301.267 INFO             PET0 PIOc_sync Enter - MemInfo: [/proc/self/status]	VmRSSPercent: 0.113329 %
20220314 013301.267 INFO             PET0 PIOc_sync Enter - MemInfo: [malloc] Non-mmapped space allocated:                 5599232 Byte
20220314 013301.267 INFO             PET0 PIOc_sync Enter - MemInfo: [malloc] Space allocated in mmapped regions:         85999616 Byte
20220314 013301.267 INFO             PET0 PIOc_sync Enter - MemInfo: [malloc] Maximum total allocated space:                     0 Byte
20220314 013301.267 INFO             PET0 PIOc_sync Enter - MemInfo: [malloc] Space in freed fastbin blocks:                   144 Byte
20220314 013301.267 INFO             PET0 PIOc_sync Enter - MemInfo: [malloc] Total allocated space:                       5352704 Byte
20220314 013301.267 INFO             PET0 PIOc_sync Enter - MemInfo: [malloc] Total free space:                             246528 Byte
20220314 013301.267 INFO             PET0 PIOc_sync Enter - MemInfo: [malloc] Top-most, releasable space:                   113584 Byte
20220314 013301.267 INFO             PET0 PIOc_sync Enter - MemInfo: [malloc] Total space in use, mmap + non-mmap:        91352320 Byte
20220314 013301.267 INFO             PET0 PIOc_sync Enter - MemInfo: [malloc] Total space held (mmap + non-mmap):         91598848 Byte
20220314 013301.267 INFO             PET0 PIOc_sync Enter - MemInfo: [malloc] Total space used (mmap + non-mmap):         91361680 Byte
20220314 013301.267 INFO             PET0 PIOc_sync Enter - MemInfo: Wall-clock time since execution start:               0.180799 seconds
20220314 013301.267 INFO             PET0 PIOc_sync Exit - MemInfo: [/proc/meminfo - SSI]	MemTotal:       131394444 kB
20220314 013301.267 INFO             PET0 PIOc_sync Exit - MemInfo: [/proc/meminfo - SSI]	MemFree:        123935940 kB
20220314 013301.267 INFO             PET0 PIOc_sync Exit - MemInfo: [/proc/meminfo - SSI]	MemAvailable:   123528312 kB
20220314 013301.267 INFO             PET0 PIOc_sync Exit - MemInfo: [/proc/meminfo - SSI]	Committed_AS:    3888036 kB
20220314 013301.267 INFO             PET0 PIOc_sync Exit - MemInfo: [/proc/meminfo - SSI]	CommittedPercent: 2.95906 %
20220314 013301.267 INFO             PET0 PIOc_sync Exit - MemInfo: [/proc/self/status]	VmPeak:	 3802300 kB
20220314 013301.267 INFO             PET0 PIOc_sync Exit - MemInfo: [/proc/self/status]	VmSize:	 3801280 kB
20220314 013301.267 INFO             PET0 PIOc_sync Exit - MemInfo: [/proc/self/status]	VmLck:	       0 kB
20220314 013301.267 INFO             PET0 PIOc_sync Exit - MemInfo: [/proc/self/status]	VmPin:	   82140 kB
20220314 013301.267 INFO             PET0 PIOc_sync Exit - MemInfo: [/proc/self/status]	VmHWM:	  148916 kB
20220314 013301.267 INFO             PET0 PIOc_sync Exit - MemInfo: [/proc/self/status]	VmRSS:	  148916 kB
20220314 013301.267 INFO             PET0 PIOc_sync Exit - MemInfo: [/proc/self/status]	VmData:	  271308 kB
20220314 013301.267 INFO             PET0 PIOc_sync Exit - MemInfo: [/proc/self/status]	VmStk:	     512 kB
20220314 013301.267 INFO             PET0 PIOc_sync Exit - MemInfo: [/proc/self/status]	VmExe:	    2016 kB
20220314 013301.267 INFO             PET0 PIOc_sync Exit - MemInfo: [/proc/self/status]	VmLib:	  104128 kB
20220314 013301.267 INFO             PET0 PIOc_sync Exit - MemInfo: [/proc/self/status]	VmPTE:	     708 kB
20220314 013301.267 INFO             PET0 PIOc_sync Exit - MemInfo: [/proc/self/status]	VmPMD:	      32 kB
20220314 013301.267 INFO             PET0 PIOc_sync Exit - MemInfo: [/proc/self/status]	VmSwap:	       0 kB
20220314 013301.267 INFO             PET0 PIOc_sync Exit - MemInfo: [/proc/self/status]	VmRSSPercent: 0.113335 %
20220314 013301.267 INFO             PET0 PIOc_sync Exit - MemInfo: [malloc] Non-mmapped space allocated:                 5599232 Byte
20220314 013301.267 INFO             PET0 PIOc_sync Exit - MemInfo: [malloc] Space allocated in mmapped regions:         85999616 Byte
20220314 013301.267 INFO             PET0 PIOc_sync Exit - MemInfo: [malloc] Maximum total allocated space:                     0 Byte
20220314 013301.267 INFO             PET0 PIOc_sync Exit - MemInfo: [malloc] Space in freed fastbin blocks:                   144 Byte
20220314 013301.267 INFO             PET0 PIOc_sync Exit - MemInfo: [malloc] Total allocated space:                       5351584 Byte
20220314 013301.267 INFO             PET0 PIOc_sync Exit - MemInfo: [malloc] Total free space:                             247648 Byte
20220314 013301.267 INFO             PET0 PIOc_sync Exit - MemInfo: [malloc] Top-most, releasable space:                   114528 Byte
20220314 013301.267 INFO             PET0 PIOc_sync Exit - MemInfo: [malloc] Total space in use, mmap + non-mmap:        91351200 Byte
20220314 013301.267 INFO             PET0 PIOc_sync Exit - MemInfo: [malloc] Total space held (mmap + non-mmap):         91598848 Byte
20220314 013301.268 INFO             PET0 PIOc_sync Exit - MemInfo: [malloc] Total space used (mmap + non-mmap):         91360560 Byte
20220314 013301.268 INFO             PET0 PIOc_sync Exit - MemInfo: Wall-clock time since execution start:               0.181264 seconds
20220314 013301.268 INFO             PET0 PIOc_freedecomp Enter - MemInfo: [/proc/meminfo - SSI]	MemTotal:       131394444 kB
20220314 013301.268 INFO             PET0 PIOc_freedecomp Enter - MemInfo: [/proc/meminfo - SSI]	MemFree:        123935940 kB
20220314 013301.268 INFO             PET0 PIOc_freedecomp Enter - MemInfo: [/proc/meminfo - SSI]	MemAvailable:   123528312 kB
20220314 013301.268 INFO             PET0 PIOc_freedecomp Enter - MemInfo: [/proc/meminfo - SSI]	Committed_AS:    3888036 kB
20220314 013301.268 INFO             PET0 PIOc_freedecomp Enter - MemInfo: [/proc/meminfo - SSI]	CommittedPercent: 2.95906 %
20220314 013301.268 INFO             PET0 PIOc_freedecomp Enter - MemInfo: [/proc/self/status]	VmPeak:	 3802300 kB
20220314 013301.268 INFO             PET0 PIOc_freedecomp Enter - MemInfo: [/proc/self/status]	VmSize:	 3801280 kB
20220314 013301.268 INFO             PET0 PIOc_freedecomp Enter - MemInfo: [/proc/self/status]	VmLck:	       0 kB
20220314 013301.268 INFO             PET0 PIOc_freedecomp Enter - MemInfo: [/proc/self/status]	VmPin:	   82140 kB
20220314 013301.268 INFO             PET0 PIOc_freedecomp Enter - MemInfo: [/proc/self/status]	VmHWM:	  148916 kB
20220314 013301.268 INFO             PET0 PIOc_freedecomp Enter - MemInfo: [/proc/self/status]	VmRSS:	  148916 kB
20220314 013301.268 INFO             PET0 PIOc_freedecomp Enter - MemInfo: [/proc/self/status]	VmData:	  271308 kB
20220314 013301.268 INFO             PET0 PIOc_freedecomp Enter - MemInfo: [/proc/self/status]	VmStk:	     512 kB
20220314 013301.268 INFO             PET0 PIOc_freedecomp Enter - MemInfo: [/proc/self/status]	VmExe:	    2016 kB
20220314 013301.268 INFO             PET0 PIOc_freedecomp Enter - MemInfo: [/proc/self/status]	VmLib:	  104128 kB
20220314 013301.268 INFO             PET0 PIOc_freedecomp Enter - MemInfo: [/proc/self/status]	VmPTE:	     708 kB
20220314 013301.268 INFO             PET0 PIOc_freedecomp Enter - MemInfo: [/proc/self/status]	VmPMD:	      32 kB
20220314 013301.268 INFO             PET0 PIOc_freedecomp Enter - MemInfo: [/proc/self/status]	VmSwap:	       0 kB
20220314 013301.268 INFO             PET0 PIOc_freedecomp Enter - MemInfo: [/proc/self/status]	VmRSSPercent: 0.113335 %
20220314 013301.268 INFO             PET0 PIOc_freedecomp Enter - MemInfo: [malloc] Non-mmapped space allocated:                 5599232 Byte
20220314 013301.268 INFO             PET0 PIOc_freedecomp Enter - MemInfo: [malloc] Space allocated in mmapped regions:         85999616 Byte
20220314 013301.268 INFO             PET0 PIOc_freedecomp Enter - MemInfo: [malloc] Maximum total allocated space:                     0 Byte
20220314 013301.268 INFO             PET0 PIOc_freedecomp Enter - MemInfo: [malloc] Space in freed fastbin blocks:                   656 Byte
20220314 013301.268 INFO             PET0 PIOc_freedecomp Enter - MemInfo: [malloc] Total allocated space:                       2716160 Byte
20220314 013301.268 INFO             PET0 PIOc_freedecomp Enter - MemInfo: [malloc] Total free space:                            2883072 Byte
20220314 013301.268 INFO             PET0 PIOc_freedecomp Enter - MemInfo: [malloc] Top-most, releasable space:                   114528 Byte
20220314 013301.268 INFO             PET0 PIOc_freedecomp Enter - MemInfo: [malloc] Total space in use, mmap + non-mmap:        88715776 Byte
20220314 013301.268 INFO             PET0 PIOc_freedecomp Enter - MemInfo: [malloc] Total space held (mmap + non-mmap):         91598848 Byte
20220314 013301.268 INFO             PET0 PIOc_freedecomp Enter - MemInfo: [malloc] Total space used (mmap + non-mmap):         88725136 Byte
20220314 013301.268 INFO             PET0 PIOc_freedecomp Enter - MemInfo: Wall-clock time since execution start:               0.181597 seconds
20220314 013301.268 INFO             PET0 PIOc_freedecomp Exit - MemInfo: [/proc/meminfo - SSI]	MemTotal:       131394444 kB
20220314 013301.268 INFO             PET0 PIOc_freedecomp Exit - MemInfo: [/proc/meminfo - SSI]	MemFree:        123935940 kB
20220314 013301.268 INFO             PET0 PIOc_freedecomp Exit - MemInfo: [/proc/meminfo - SSI]	MemAvailable:   123528312 kB
20220314 013301.268 INFO             PET0 PIOc_freedecomp Exit - MemInfo: [/proc/meminfo - SSI]	Committed_AS:    3888036 kB
20220314 013301.268 INFO             PET0 PIOc_freedecomp Exit - MemInfo: [/proc/meminfo - SSI]	CommittedPercent: 2.95906 %
20220314 013301.268 INFO             PET0 PIOc_freedecomp Exit - MemInfo: [/proc/self/status]	VmPeak:	 3802300 kB
20220314 013301.268 INFO             PET0 PIOc_freedecomp Exit - MemInfo: [/proc/self/status]	VmSize:	 3801280 kB
20220314 013301.268 INFO             PET0 PIOc_freedecomp Exit - MemInfo: [/proc/self/status]	VmLck:	       0 kB
20220314 013301.268 INFO             PET0 PIOc_freedecomp Exit - MemInfo: [/proc/self/status]	VmPin:	   82140 kB
20220314 013301.268 INFO             PET0 PIOc_freedecomp Exit - MemInfo: [/proc/self/status]	VmHWM:	  148916 kB
20220314 013301.268 INFO             PET0 PIOc_freedecomp Exit - MemInfo: [/proc/self/status]	VmRSS:	  148916 kB
20220314 013301.268 INFO             PET0 PIOc_freedecomp Exit - MemInfo: [/proc/self/status]	VmData:	  271308 kB
20220314 013301.268 INFO             PET0 PIOc_freedecomp Exit - MemInfo: [/proc/self/status]	VmStk:	     512 kB
20220314 013301.268 INFO             PET0 PIOc_freedecomp Exit - MemInfo: [/proc/self/status]	VmExe:	    2016 kB
20220314 013301.268 INFO             PET0 PIOc_freedecomp Exit - MemInfo: [/proc/self/status]	VmLib:	  104128 kB
20220314 013301.268 INFO             PET0 PIOc_freedecomp Exit - MemInfo: [/proc/self/status]	VmPTE:	     708 kB
20220314 013301.268 INFO             PET0 PIOc_freedecomp Exit - MemInfo: [/proc/self/status]	VmPMD:	      32 kB
20220314 013301.268 INFO             PET0 PIOc_freedecomp Exit - MemInfo: [/proc/self/status]	VmSwap:	       0 kB
20220314 013301.268 INFO             PET0 PIOc_freedecomp Exit - MemInfo: [/proc/self/status]	VmRSSPercent: 0.113335 %
20220314 013301.268 INFO             PET0 PIOc_freedecomp Exit - MemInfo: [malloc] Non-mmapped space allocated:                 5599232 Byte
20220314 013301.268 INFO             PET0 PIOc_freedecomp Exit - MemInfo: [malloc] Space allocated in mmapped regions:         85999616 Byte
20220314 013301.268 INFO             PET0 PIOc_freedecomp Exit - MemInfo: [malloc] Maximum total allocated space:                     0 Byte
20220314 013301.268 INFO             PET0 PIOc_freedecomp Exit - MemInfo: [malloc] Space in freed fastbin blocks:                   272 Byte
20220314 013301.268 INFO             PET0 PIOc_freedecomp Exit - MemInfo: [malloc] Total allocated space:                       2712496 Byte
20220314 013301.268 INFO             PET0 PIOc_freedecomp Exit - MemInfo: [malloc] Total free space:                            2886736 Byte
20220314 013301.268 INFO             PET0 PIOc_freedecomp Exit - MemInfo: [malloc] Top-most, releasable space:                   120496 Byte
20220314 013301.268 INFO             PET0 PIOc_freedecomp Exit - MemInfo: [malloc] Total space in use, mmap + non-mmap:        88712112 Byte
20220314 013301.268 INFO             PET0 PIOc_freedecomp Exit - MemInfo: [malloc] Total space held (mmap + non-mmap):         91598848 Byte
20220314 013301.268 INFO             PET0 PIOc_freedecomp Exit - MemInfo: [malloc] Total space used (mmap + non-mmap):         88721472 Byte
20220314 013301.268 INFO             PET0 PIOc_freedecomp Exit - MemInfo: Wall-clock time since execution start:               0.181906 seconds
20220314 013301.268 INFO             PET0  PASS  Write multiple Fields with same dimensions to a file, ESMF_FieldIOUTest.F90, line 292
20220314 013301.268 INFO             PET0  PASS  Create grid for field metadata test, ESMF_FieldIOUTest.F90, line 309
20220314 013301.269 INFO             PET0  PASS  Create field with global indices, ESMF_FieldIOUTest.F90, line 316
20220314 013301.269 INFO             PET0  PASS  Get Farray_md from field, ESMF_FieldIOUTest.F90, line 324
20220314 013301.270 INFO             PET0 PIOc_sync Enter - MemInfo: [/proc/meminfo - SSI]	MemTotal:       131394444 kB
20220314 013301.270 INFO             PET0 PIOc_sync Enter - MemInfo: [/proc/meminfo - SSI]	MemFree:        123933708 kB
20220314 013301.270 INFO             PET0 PIOc_sync Enter - MemInfo: [/proc/meminfo - SSI]	MemAvailable:   123526080 kB
20220314 013301.270 INFO             PET0 PIOc_sync Enter - MemInfo: [/proc/meminfo - SSI]	Committed_AS:    3888036 kB
20220314 013301.270 INFO             PET0 PIOc_sync Enter - MemInfo: [/proc/meminfo - SSI]	CommittedPercent: 2.95906 %
20220314 013301.271 INFO             PET0 PIOc_sync Enter - MemInfo: [/proc/self/status]	VmPeak:	 3803340 kB
20220314 013301.271 INFO             PET0 PIOc_sync Enter - MemInfo: [/proc/self/status]	VmSize:	 3803340 kB
20220314 013301.271 INFO             PET0 PIOc_sync Enter - MemInfo: [/proc/self/status]	VmLck:	       0 kB
20220314 013301.271 INFO             PET0 PIOc_sync Enter - MemInfo: [/proc/self/status]	VmPin:	   82140 kB
20220314 013301.271 INFO             PET0 PIOc_sync Enter - MemInfo: [/proc/self/status]	VmHWM:	  151004 kB
20220314 013301.271 INFO             PET0 PIOc_sync Enter - MemInfo: [/proc/self/status]	VmRSS:	  151004 kB
20220314 013301.271 INFO             PET0 PIOc_sync Enter - MemInfo: [/proc/self/status]	VmData:	  273368 kB
20220314 013301.271 INFO             PET0 PIOc_sync Enter - MemInfo: [/proc/self/status]	VmStk:	     512 kB
20220314 013301.271 INFO             PET0 PIOc_sync Enter - MemInfo: [/proc/self/status]	VmExe:	    2016 kB
20220314 013301.271 INFO             PET0 PIOc_sync Enter - MemInfo: [/proc/self/status]	VmLib:	  104128 kB
20220314 013301.271 INFO             PET0 PIOc_sync Enter - MemInfo: [/proc/self/status]	VmPTE:	     712 kB
20220314 013301.271 INFO             PET0 PIOc_sync Enter - MemInfo: [/proc/self/status]	VmPMD:	      32 kB
20220314 013301.271 INFO             PET0 PIOc_sync Enter - MemInfo: [/proc/self/status]	VmSwap:	       0 kB
20220314 013301.271 INFO             PET0 PIOc_sync Enter - MemInfo: [/proc/self/status]	VmRSSPercent: 0.114924 %
20220314 013301.271 INFO             PET0 PIOc_sync Enter - MemInfo: [malloc] Non-mmapped space allocated:                 7708672 Byte
20220314 013301.271 INFO             PET0 PIOc_sync Enter - MemInfo: [malloc] Space allocated in mmapped regions:         85999616 Byte
20220314 013301.271 INFO             PET0 PIOc_sync Enter - MemInfo: [malloc] Maximum total allocated space:                     0 Byte
20220314 013301.271 INFO             PET0 PIOc_sync Enter - MemInfo: [malloc] Space in freed fastbin blocks:                   448 Byte
20220314 013301.271 INFO             PET0 PIOc_sync Enter - MemInfo: [malloc] Total allocated space:                       5370864 Byte
20220314 013301.271 INFO             PET0 PIOc_sync Enter - MemInfo: [malloc] Total free space:                            2337808 Byte
20220314 013301.271 INFO             PET0 PIOc_sync Enter - MemInfo: [malloc] Top-most, releasable space:                   132768 Byte
20220314 013301.271 INFO             PET0 PIOc_sync Enter - MemInfo: [malloc] Total space in use, mmap + non-mmap:        91370480 Byte
20220314 013301.271 INFO             PET0 PIOc_sync Enter - MemInfo: [malloc] Total space held (mmap + non-mmap):         93708288 Byte
20220314 013301.271 INFO             PET0 PIOc_sync Enter - MemInfo: [malloc] Total space used (mmap + non-mmap):         91379840 Byte
20220314 013301.271 INFO             PET0 PIOc_sync Enter - MemInfo: Wall-clock time since execution start:                0.18449 seconds
20220314 013301.271 INFO             PET0 PIOc_sync Exit - MemInfo: [/proc/meminfo - SSI]	MemTotal:       131394444 kB
20220314 013301.271 INFO             PET0 PIOc_sync Exit - MemInfo: [/proc/meminfo - SSI]	MemFree:        123933708 kB
20220314 013301.271 INFO             PET0 PIOc_sync Exit - MemInfo: [/proc/meminfo - SSI]	MemAvailable:   123526080 kB
20220314 013301.271 INFO             PET0 PIOc_sync Exit - MemInfo: [/proc/meminfo - SSI]	Committed_AS:    3888036 kB
20220314 013301.271 INFO             PET0 PIOc_sync Exit - MemInfo: [/proc/meminfo - SSI]	CommittedPercent: 2.95906 %
20220314 013301.271 INFO             PET0 PIOc_sync Exit - MemInfo: [/proc/self/status]	VmPeak:	 3803340 kB
20220314 013301.271 INFO             PET0 PIOc_sync Exit - MemInfo: [/proc/self/status]	VmSize:	 3803340 kB
20220314 013301.271 INFO             PET0 PIOc_sync Exit - MemInfo: [/proc/self/status]	VmLck:	       0 kB
20220314 013301.271 INFO             PET0 PIOc_sync Exit - MemInfo: [/proc/self/status]	VmPin:	   82140 kB
20220314 013301.271 INFO             PET0 PIOc_sync Exit - MemInfo: [/proc/self/status]	VmHWM:	  151016 kB
20220314 013301.271 INFO             PET0 PIOc_sync Exit - MemInfo: [/proc/self/status]	VmRSS:	  151016 kB
20220314 013301.271 INFO             PET0 PIOc_sync Exit - MemInfo: [/proc/self/status]	VmData:	  273368 kB
20220314 013301.271 INFO             PET0 PIOc_sync Exit - MemInfo: [/proc/self/status]	VmStk:	     512 kB
20220314 013301.271 INFO             PET0 PIOc_sync Exit - MemInfo: [/proc/self/status]	VmExe:	    2016 kB
20220314 013301.271 INFO             PET0 PIOc_sync Exit - MemInfo: [/proc/self/status]	VmLib:	  104128 kB
20220314 013301.271 INFO             PET0 PIOc_sync Exit - MemInfo: [/proc/self/status]	VmPTE:	     712 kB
20220314 013301.271 INFO             PET0 PIOc_sync Exit - MemInfo: [/proc/self/status]	VmPMD:	      32 kB
20220314 013301.271 INFO             PET0 PIOc_sync Exit - MemInfo: [/proc/self/status]	VmSwap:	       0 kB
20220314 013301.271 INFO             PET0 PIOc_sync Exit - MemInfo: [/proc/self/status]	VmRSSPercent: 0.114933 %
20220314 013301.272 INFO             PET0 PIOc_sync Exit - MemInfo: [malloc] Non-mmapped space allocated:                 7708672 Byte
20220314 013301.272 INFO             PET0 PIOc_sync Exit - MemInfo: [malloc] Space allocated in mmapped regions:         85999616 Byte
20220314 013301.272 INFO             PET0 PIOc_sync Exit - MemInfo: [malloc] Maximum total allocated space:                     0 Byte
20220314 013301.272 INFO             PET0 PIOc_sync Exit - MemInfo: [malloc] Space in freed fastbin blocks:                   384 Byte
20220314 013301.272 INFO             PET0 PIOc_sync Exit - MemInfo: [malloc] Total allocated space:                       5369232 Byte
20220314 013301.272 INFO             PET0 PIOc_sync Exit - MemInfo: [malloc] Total free space:                            2339440 Byte
20220314 013301.272 INFO             PET0 PIOc_sync Exit - MemInfo: [malloc] Top-most, releasable space:                   132768 Byte
20220314 013301.272 INFO             PET0 PIOc_sync Exit - MemInfo: [malloc] Total space in use, mmap + non-mmap:        91368848 Byte
20220314 013301.272 INFO             PET0 PIOc_sync Exit - MemInfo: [malloc] Total space held (mmap + non-mmap):         93708288 Byte
20220314 013301.272 INFO             PET0 PIOc_sync Exit - MemInfo: [malloc] Total space used (mmap + non-mmap):         91378208 Byte
20220314 013301.272 INFO             PET0 PIOc_sync Exit - MemInfo: Wall-clock time since execution start:               0.185341 seconds
20220314 013301.272 INFO             PET0 PIOc_freedecomp Enter - MemInfo: [/proc/meminfo - SSI]	MemTotal:       131394444 kB
20220314 013301.272 INFO             PET0 PIOc_freedecomp Enter - MemInfo: [/proc/meminfo - SSI]	MemFree:        123933708 kB
20220314 013301.272 INFO             PET0 PIOc_freedecomp Enter - MemInfo: [/proc/meminfo - SSI]	MemAvailable:   123526080 kB
20220314 013301.272 INFO             PET0 PIOc_freedecomp Enter - MemInfo: [/proc/meminfo - SSI]	Committed_AS:    3888036 kB
20220314 013301.272 INFO             PET0 PIOc_freedecomp Enter - MemInfo: [/proc/meminfo - SSI]	CommittedPercent: 2.95906 %
20220314 013301.272 INFO             PET0 PIOc_freedecomp Enter - MemInfo: [/proc/self/status]	VmPeak:	 3803340 kB
20220314 013301.272 INFO             PET0 PIOc_freedecomp Enter - MemInfo: [/proc/self/status]	VmSize:	 3803340 kB
20220314 013301.272 INFO             PET0 PIOc_freedecomp Enter - MemInfo: [/proc/self/status]	VmLck:	       0 kB
20220314 013301.272 INFO             PET0 PIOc_freedecomp Enter - MemInfo: [/proc/self/status]	VmPin:	   82140 kB
20220314 013301.272 INFO             PET0 PIOc_freedecomp Enter - MemInfo: [/proc/self/status]	VmHWM:	  151016 kB
20220314 013301.272 INFO             PET0 PIOc_freedecomp Enter - MemInfo: [/proc/self/status]	VmRSS:	  151016 kB
20220314 013301.272 INFO             PET0 PIOc_freedecomp Enter - MemInfo: [/proc/self/status]	VmData:	  273368 kB
20220314 013301.272 INFO             PET0 PIOc_freedecomp Enter - MemInfo: [/proc/self/status]	VmStk:	     512 kB
20220314 013301.272 INFO             PET0 PIOc_freedecomp Enter - MemInfo: [/proc/self/status]	VmExe:	    2016 kB
20220314 013301.272 INFO             PET0 PIOc_freedecomp Enter - MemInfo: [/proc/self/status]	VmLib:	  104128 kB
20220314 013301.272 INFO             PET0 PIOc_freedecomp Enter - MemInfo: [/proc/self/status]	VmPTE:	     712 kB
20220314 013301.272 INFO             PET0 PIOc_freedecomp Enter - MemInfo: [/proc/self/status]	VmPMD:	      32 kB
20220314 013301.272 INFO             PET0 PIOc_freedecomp Enter - MemInfo: [/proc/self/status]	VmSwap:	       0 kB
20220314 013301.272 INFO             PET0 PIOc_freedecomp Enter - MemInfo: [/proc/self/status]	VmRSSPercent: 0.114933 %
20220314 013301.272 INFO             PET0 PIOc_freedecomp Enter - MemInfo: [malloc] Non-mmapped space allocated:                 7708672 Byte
20220314 013301.272 INFO             PET0 PIOc_freedecomp Enter - MemInfo: [malloc] Space allocated in mmapped regions:         85999616 Byte
20220314 013301.272 INFO             PET0 PIOc_freedecomp Enter - MemInfo: [malloc] Maximum total allocated space:                     0 Byte
20220314 013301.272 INFO             PET0 PIOc_freedecomp Enter - MemInfo: [malloc] Space in freed fastbin blocks:                   416 Byte
20220314 013301.272 INFO             PET0 PIOc_freedecomp Enter - MemInfo: [malloc] Total allocated space:                       2734448 Byte
20220314 013301.272 INFO             PET0 PIOc_freedecomp Enter - MemInfo: [malloc] Total free space:                            4974224 Byte
20220314 013301.272 INFO             PET0 PIOc_freedecomp Enter - MemInfo: [malloc] Top-most, releasable space:                  2229936 Byte
20220314 013301.272 INFO             PET0 PIOc_freedecomp Enter - MemInfo: [malloc] Total space in use, mmap + non-mmap:        88734064 Byte
20220314 013301.272 INFO             PET0 PIOc_freedecomp Enter - MemInfo: [malloc] Total space held (mmap + non-mmap):         93708288 Byte
20220314 013301.272 INFO             PET0 PIOc_freedecomp Enter - MemInfo: [malloc] Total space used (mmap + non-mmap):         88743424 Byte
20220314 013301.272 INFO             PET0 PIOc_freedecomp Enter - MemInfo: Wall-clock time since execution start:               0.185781 seconds
20220314 013301.272 INFO             PET0 PIOc_freedecomp Exit - MemInfo: [/proc/meminfo - SSI]	MemTotal:       131394444 kB
20220314 013301.272 INFO             PET0 PIOc_freedecomp Exit - MemInfo: [/proc/meminfo - SSI]	MemFree:        123933708 kB
20220314 013301.272 INFO             PET0 PIOc_freedecomp Exit - MemInfo: [/proc/meminfo - SSI]	MemAvailable:   123526080 kB
20220314 013301.272 INFO             PET0 PIOc_freedecomp Exit - MemInfo: [/proc/meminfo - SSI]	Committed_AS:    3888036 kB
20220314 013301.272 INFO             PET0 PIOc_freedecomp Exit - MemInfo: [/proc/meminfo - SSI]	CommittedPercent: 2.95906 %
20220314 013301.272 INFO             PET0 PIOc_freedecomp Exit - MemInfo: [/proc/self/status]	VmPeak:	 3803340 kB
20220314 013301.272 INFO             PET0 PIOc_freedecomp Exit - MemInfo: [/proc/self/status]	VmSize:	 3803340 kB
20220314 013301.272 INFO             PET0 PIOc_freedecomp Exit - MemInfo: [/proc/self/status]	VmLck:	       0 kB
20220314 013301.272 INFO             PET0 PIOc_freedecomp Exit - MemInfo: [/proc/self/status]	VmPin:	   82140 kB
20220314 013301.272 INFO             PET0 PIOc_freedecomp Exit - MemInfo: [/proc/self/status]	VmHWM:	  151016 kB
20220314 013301.272 INFO             PET0 PIOc_freedecomp Exit - MemInfo: [/proc/self/status]	VmRSS:	  151016 kB
20220314 013301.272 INFO             PET0 PIOc_freedecomp Exit - MemInfo: [/proc/self/status]	VmData:	  273368 kB
20220314 013301.272 INFO             PET0 PIOc_freedecomp Exit - MemInfo: [/proc/self/status]	VmStk:	     512 kB
20220314 013301.272 INFO             PET0 PIOc_freedecomp Exit - MemInfo: [/proc/self/status]	VmExe:	    2016 kB
20220314 013301.272 INFO             PET0 PIOc_freedecomp Exit - MemInfo: [/proc/self/status]	VmLib:	  104128 kB
20220314 013301.272 INFO             PET0 PIOc_freedecomp Exit - MemInfo: [/proc/self/status]	VmPTE:	     712 kB
20220314 013301.272 INFO             PET0 PIOc_freedecomp Exit - MemInfo: [/proc/self/status]	VmPMD:	      32 kB
20220314 013301.272 INFO             PET0 PIOc_freedecomp Exit - MemInfo: [/proc/self/status]	VmSwap:	       0 kB
20220314 013301.272 INFO             PET0 PIOc_freedecomp Exit - MemInfo: [/proc/self/status]	VmRSSPercent: 0.114933 %
20220314 013301.272 INFO             PET0 PIOc_freedecomp Exit - MemInfo: [malloc] Non-mmapped space allocated:                 7708672 Byte
20220314 013301.272 INFO             PET0 PIOc_freedecomp Exit - MemInfo: [malloc] Space allocated in mmapped regions:         85999616 Byte
20220314 013301.272 INFO             PET0 PIOc_freedecomp Exit - MemInfo: [malloc] Maximum total allocated space:                     0 Byte
20220314 013301.272 INFO             PET0 PIOc_freedecomp Exit - MemInfo: [malloc] Space in freed fastbin blocks:                   272 Byte
20220314 013301.272 INFO             PET0 PIOc_freedecomp Exit - MemInfo: [malloc] Total allocated space:                       2727616 Byte
20220314 013301.272 INFO             PET0 PIOc_freedecomp Exit - MemInfo: [malloc] Total free space:                            4981056 Byte
20220314 013301.272 INFO             PET0 PIOc_freedecomp Exit - MemInfo: [malloc] Top-most, releasable space:                  2229936 Byte
20220314 013301.272 INFO             PET0 PIOc_freedecomp Exit - MemInfo: [malloc] Total space in use, mmap + non-mmap:        88727232 Byte
20220314 013301.272 INFO             PET0 PIOc_freedecomp Exit - MemInfo: [malloc] Total space held (mmap + non-mmap):         93708288 Byte
20220314 013301.272 INFO             PET0 PIOc_freedecomp Exit - MemInfo: [malloc] Total space used (mmap + non-mmap):         88736592 Byte
20220314 013301.272 INFO             PET0 PIOc_freedecomp Exit - MemInfo: Wall-clock time since execution start:               0.186096 seconds
20220314 013301.272 INFO             PET0  PASS  Write Field to NetCDF file, ESMF_FieldIOUTest.F90, line 348
20220314 013301.273 INFO             PET0  PASS  Confirm NetCDF metadata - open file, ESMF_FieldIOUTest.F90, line 359
20220314 013301.273 INFO             PET0  PASS  Confirm NetCDF metadata - check dim 1, ESMF_FieldIOUTest.F90, line 369
20220314 013301.273 INFO             PET0  PASS  Confirm NetCDF metadata - check dim 1 len, ESMF_FieldIOUTest.F90, line 379
20220314 013301.273 INFO             PET0  PASS  Confirm NetCDF metadata - check dim 2, ESMF_FieldIOUTest.F90, line 389
20220314 013301.273 INFO             PET0  PASS  Confirm NetCDF metadata - check dim 2 len, ESMF_FieldIOUTest.F90, line 399
20220314 013301.273 INFO             PET0  PASS  Confirm NetCDF metadata - variable exists, ESMF_FieldIOUTest.F90, line 409
20220314 013301.273 INFO             PET0  PASS  Confirm NetCDF metadata - variable has expected dims, ESMF_FieldIOUTest.F90, line 420
20220314 013301.273 INFO             PET0  PASS  Confirm NetCDF data - check data for field, ESMF_FieldIOUTest.F90, line 445
20220314 013301.273 INFO             PET0  PASS  Confirm NetCDF data - close file, ESMF_FieldIOUTest.F90, line 456
20220314 013301.276 INFO             PET0 PIOc_sync Enter - MemInfo: [/proc/meminfo - SSI]	MemTotal:       131394444 kB
20220314 013301.276 INFO             PET0 PIOc_sync Enter - MemInfo: [/proc/meminfo - SSI]	MemFree:        123929648 kB
20220314 013301.276 INFO             PET0 PIOc_sync Enter - MemInfo: [/proc/meminfo - SSI]	MemAvailable:   123522020 kB
20220314 013301.276 INFO             PET0 PIOc_sync Enter - MemInfo: [/proc/meminfo - SSI]	Committed_AS:    3888036 kB
20220314 013301.276 INFO             PET0 PIOc_sync Enter - MemInfo: [/proc/meminfo - SSI]	CommittedPercent: 2.95906 %
20220314 013301.276 INFO             PET0 PIOc_sync Enter - MemInfo: [/proc/self/status]	VmPeak:	 3804360 kB
20220314 013301.276 INFO             PET0 PIOc_sync Enter - MemInfo: [/proc/self/status]	VmSize:	 3803340 kB
20220314 013301.276 INFO             PET0 PIOc_sync Enter - MemInfo: [/proc/self/status]	VmLck:	       0 kB
20220314 013301.276 INFO             PET0 PIOc_sync Enter - MemInfo: [/proc/self/status]	VmPin:	   82140 kB
20220314 013301.276 INFO             PET0 PIOc_sync Enter - MemInfo: [/proc/self/status]	VmHWM:	  151192 kB
20220314 013301.276 INFO             PET0 PIOc_sync Enter - MemInfo: [/proc/self/status]	VmRSS:	  151192 kB
20220314 013301.276 INFO             PET0 PIOc_sync Enter - MemInfo: [/proc/self/status]	VmData:	  273368 kB
20220314 013301.276 INFO             PET0 PIOc_sync Enter - MemInfo: [/proc/self/status]	VmStk:	     512 kB
20220314 013301.276 INFO             PET0 PIOc_sync Enter - MemInfo: [/proc/self/status]	VmExe:	    2016 kB
20220314 013301.276 INFO             PET0 PIOc_sync Enter - MemInfo: [/proc/self/status]	VmLib:	  104128 kB
20220314 013301.276 INFO             PET0 PIOc_sync Enter - MemInfo: [/proc/self/status]	VmPTE:	     712 kB
20220314 013301.276 INFO             PET0 PIOc_sync Enter - MemInfo: [/proc/self/status]	VmPMD:	      32 kB
20220314 013301.276 INFO             PET0 PIOc_sync Enter - MemInfo: [/proc/self/status]	VmSwap:	       0 kB
20220314 013301.276 INFO             PET0 PIOc_sync Enter - MemInfo: [/proc/self/status]	VmRSSPercent: 0.115067 %
20220314 013301.276 INFO             PET0 PIOc_sync Enter - MemInfo: [malloc] Non-mmapped space allocated:                 7708672 Byte
20220314 013301.276 INFO             PET0 PIOc_sync Enter - MemInfo: [malloc] Space allocated in mmapped regions:         85999616 Byte
20220314 013301.276 INFO             PET0 PIOc_sync Enter - MemInfo: [malloc] Maximum total allocated space:                     0 Byte
20220314 013301.276 INFO             PET0 PIOc_sync Enter - MemInfo: [malloc] Space in freed fastbin blocks:                   448 Byte
20220314 013301.276 INFO             PET0 PIOc_sync Enter - MemInfo: [malloc] Total allocated space:                       5373040 Byte
20220314 013301.276 INFO             PET0 PIOc_sync Enter - MemInfo: [malloc] Total free space:                            2335632 Byte
20220314 013301.276 INFO             PET0 PIOc_sync Enter - MemInfo: [malloc] Top-most, releasable space:                   132768 Byte
20220314 013301.276 INFO             PET0 PIOc_sync Enter - MemInfo: [malloc] Total space in use, mmap + non-mmap:        91372656 Byte
20220314 013301.276 INFO             PET0 PIOc_sync Enter - MemInfo: [malloc] Total space held (mmap + non-mmap):         93708288 Byte
20220314 013301.276 INFO             PET0 PIOc_sync Enter - MemInfo: [malloc] Total space used (mmap + non-mmap):         91382016 Byte
20220314 013301.276 INFO             PET0 PIOc_sync Enter - MemInfo: Wall-clock time since execution start:               0.190197 seconds
20220314 013301.277 INFO             PET0 PIOc_sync Exit - MemInfo: [/proc/meminfo - SSI]	MemTotal:       131394444 kB
20220314 013301.277 INFO             PET0 PIOc_sync Exit - MemInfo: [/proc/meminfo - SSI]	MemFree:        123929648 kB
20220314 013301.277 INFO             PET0 PIOc_sync Exit - MemInfo: [/proc/meminfo - SSI]	MemAvailable:   123522020 kB
20220314 013301.277 INFO             PET0 PIOc_sync Exit - MemInfo: [/proc/meminfo - SSI]	Committed_AS:    3888036 kB
20220314 013301.277 INFO             PET0 PIOc_sync Exit - MemInfo: [/proc/meminfo - SSI]	CommittedPercent: 2.95906 %
20220314 013301.277 INFO             PET0 PIOc_sync Exit - MemInfo: [/proc/self/status]	VmPeak:	 3804360 kB
20220314 013301.277 INFO             PET0 PIOc_sync Exit - MemInfo: [/proc/self/status]	VmSize:	 3803340 kB
20220314 013301.277 INFO             PET0 PIOc_sync Exit - MemInfo: [/proc/self/status]	VmLck:	       0 kB
20220314 013301.277 INFO             PET0 PIOc_sync Exit - MemInfo: [/proc/self/status]	VmPin:	   82140 kB
20220314 013301.277 INFO             PET0 PIOc_sync Exit - MemInfo: [/proc/self/status]	VmHWM:	  151204 kB
20220314 013301.277 INFO             PET0 PIOc_sync Exit - MemInfo: [/proc/self/status]	VmRSS:	  151204 kB
20220314 013301.277 INFO             PET0 PIOc_sync Exit - MemInfo: [/proc/self/status]	VmData:	  273368 kB
20220314 013301.277 INFO             PET0 PIOc_sync Exit - MemInfo: [/proc/self/status]	VmStk:	     512 kB
20220314 013301.277 INFO             PET0 PIOc_sync Exit - MemInfo: [/proc/self/status]	VmExe:	    2016 kB
20220314 013301.277 INFO             PET0 PIOc_sync Exit - MemInfo: [/proc/self/status]	VmLib:	  104128 kB
20220314 013301.277 INFO             PET0 PIOc_sync Exit - MemInfo: [/proc/self/status]	VmPTE:	     712 kB
20220314 013301.277 INFO             PET0 PIOc_sync Exit - MemInfo: [/proc/self/status]	VmPMD:	      32 kB
20220314 013301.277 INFO             PET0 PIOc_sync Exit - MemInfo: [/proc/self/status]	VmSwap:	       0 kB
20220314 013301.277 INFO             PET0 PIOc_sync Exit - MemInfo: [/proc/self/status]	VmRSSPercent: 0.115076 %
20220314 013301.277 INFO             PET0 PIOc_sync Exit - MemInfo: [malloc] Non-mmapped space allocated:                 7708672 Byte
20220314 013301.277 INFO             PET0 PIOc_sync Exit - MemInfo: [malloc] Space allocated in mmapped regions:         85999616 Byte
20220314 013301.277 INFO             PET0 PIOc_sync Exit - MemInfo: [malloc] Maximum total allocated space:                     0 Byte
20220314 013301.277 INFO             PET0 PIOc_sync Exit - MemInfo: [malloc] Space in freed fastbin blocks:                   384 Byte
20220314 013301.277 INFO             PET0 PIOc_sync Exit - MemInfo: [malloc] Total allocated space:                       5371600 Byte
20220314 013301.277 INFO             PET0 PIOc_sync Exit - MemInfo: [malloc] Total free space:                            2337072 Byte
20220314 013301.277 INFO             PET0 PIOc_sync Exit - MemInfo: [malloc] Top-most, releasable space:                   132768 Byte
20220314 013301.277 INFO             PET0 PIOc_sync Exit - MemInfo: [malloc] Total space in use, mmap + non-mmap:        91371216 Byte
20220314 013301.277 INFO             PET0 PIOc_sync Exit - MemInfo: [malloc] Total space held (mmap + non-mmap):         93708288 Byte
20220314 013301.277 INFO             PET0 PIOc_sync Exit - MemInfo: [malloc] Total space used (mmap + non-mmap):         91380576 Byte
20220314 013301.277 INFO             PET0 PIOc_sync Exit - MemInfo: Wall-clock time since execution start:               0.190968 seconds
20220314 013301.277 INFO             PET0 PIOc_freedecomp Enter - MemInfo: [/proc/meminfo - SSI]	MemTotal:       131394444 kB
20220314 013301.277 INFO             PET0 PIOc_freedecomp Enter - MemInfo: [/proc/meminfo - SSI]	MemFree:        123929648 kB
20220314 013301.277 INFO             PET0 PIOc_freedecomp Enter - MemInfo: [/proc/meminfo - SSI]	MemAvailable:   123522020 kB
20220314 013301.277 INFO             PET0 PIOc_freedecomp Enter - MemInfo: [/proc/meminfo - SSI]	Committed_AS:    3888036 kB
20220314 013301.277 INFO             PET0 PIOc_freedecomp Enter - MemInfo: [/proc/meminfo - SSI]	CommittedPercent: 2.95906 %
20220314 013301.277 INFO             PET0 PIOc_freedecomp Enter - MemInfo: [/proc/self/status]	VmPeak:	 3804360 kB
20220314 013301.277 INFO             PET0 PIOc_freedecomp Enter - MemInfo: [/proc/self/status]	VmSize:	 3803340 kB
20220314 013301.277 INFO             PET0 PIOc_freedecomp Enter - MemInfo: [/proc/self/status]	VmLck:	       0 kB
20220314 013301.277 INFO             PET0 PIOc_freedecomp Enter - MemInfo: [/proc/self/status]	VmPin:	   82140 kB
20220314 013301.277 INFO             PET0 PIOc_freedecomp Enter - MemInfo: [/proc/self/status]	VmHWM:	  151204 kB
20220314 013301.277 INFO             PET0 PIOc_freedecomp Enter - MemInfo: [/proc/self/status]	VmRSS:	  151204 kB
20220314 013301.277 INFO             PET0 PIOc_freedecomp Enter - MemInfo: [/proc/self/status]	VmData:	  273368 kB
20220314 013301.277 INFO             PET0 PIOc_freedecomp Enter - MemInfo: [/proc/self/status]	VmStk:	     512 kB
20220314 013301.277 INFO             PET0 PIOc_freedecomp Enter - MemInfo: [/proc/self/status]	VmExe:	    2016 kB
20220314 013301.278 INFO             PET0 PIOc_freedecomp Enter - MemInfo: [/proc/self/status]	VmLib:	  104128 kB
20220314 013301.278 INFO             PET0 PIOc_freedecomp Enter - MemInfo: [/proc/self/status]	VmPTE:	     712 kB
20220314 013301.278 INFO             PET0 PIOc_freedecomp Enter - MemInfo: [/proc/self/status]	VmPMD:	      32 kB
20220314 013301.278 INFO             PET0 PIOc_freedecomp Enter - MemInfo: [/proc/self/status]	VmSwap:	       0 kB
20220314 013301.278 INFO             PET0 PIOc_freedecomp Enter - MemInfo: [/proc/self/status]	VmRSSPercent: 0.115076 %
20220314 013301.278 INFO             PET0 PIOc_freedecomp Enter - MemInfo: [malloc] Non-mmapped space allocated:                 7708672 Byte
20220314 013301.278 INFO             PET0 PIOc_freedecomp Enter - MemInfo: [malloc] Space allocated in mmapped regions:         85999616 Byte
20220314 013301.278 INFO             PET0 PIOc_freedecomp Enter - MemInfo: [malloc] Maximum total allocated space:                     0 Byte
20220314 013301.278 INFO             PET0 PIOc_freedecomp Enter - MemInfo: [malloc] Space in freed fastbin blocks:                   576 Byte
20220314 013301.278 INFO             PET0 PIOc_freedecomp Enter - MemInfo: [malloc] Total allocated space:                       2736752 Byte
20220314 013301.278 INFO             PET0 PIOc_freedecomp Enter - MemInfo: [malloc] Total free space:                            4971920 Byte
20220314 013301.278 INFO             PET0 PIOc_freedecomp Enter - MemInfo: [malloc] Top-most, releasable space:                  2229936 Byte
20220314 013301.278 INFO             PET0 PIOc_freedecomp Enter - MemInfo: [malloc] Total space in use, mmap + non-mmap:        88736368 Byte
20220314 013301.278 INFO             PET0 PIOc_freedecomp Enter - MemInfo: [malloc] Total space held (mmap + non-mmap):         93708288 Byte
20220314 013301.278 INFO             PET0 PIOc_freedecomp Enter - MemInfo: [malloc] Total space used (mmap + non-mmap):         88745728 Byte
20220314 013301.278 INFO             PET0 PIOc_freedecomp Enter - MemInfo: Wall-clock time since execution start:               0.191394 seconds
20220314 013301.278 INFO             PET0 PIOc_freedecomp Exit - MemInfo: [/proc/meminfo - SSI]	MemTotal:       131394444 kB
20220314 013301.278 INFO             PET0 PIOc_freedecomp Exit - MemInfo: [/proc/meminfo - SSI]	MemFree:        123929648 kB
20220314 013301.278 INFO             PET0 PIOc_freedecomp Exit - MemInfo: [/proc/meminfo - SSI]	MemAvailable:   123522020 kB
20220314 013301.278 INFO             PET0 PIOc_freedecomp Exit - MemInfo: [/proc/meminfo - SSI]	Committed_AS:    3888036 kB
20220314 013301.278 INFO             PET0 PIOc_freedecomp Exit - MemInfo: [/proc/meminfo - SSI]	CommittedPercent: 2.95906 %
20220314 013301.278 INFO             PET0 PIOc_freedecomp Exit - MemInfo: [/proc/self/status]	VmPeak:	 3804360 kB
20220314 013301.278 INFO             PET0 PIOc_freedecomp Exit - MemInfo: [/proc/self/status]	VmSize:	 3803340 kB
20220314 013301.278 INFO             PET0 PIOc_freedecomp Exit - MemInfo: [/proc/self/status]	VmLck:	       0 kB
20220314 013301.278 INFO             PET0 PIOc_freedecomp Exit - MemInfo: [/proc/self/status]	VmPin:	   82140 kB
20220314 013301.278 INFO             PET0 PIOc_freedecomp Exit - MemInfo: [/proc/self/status]	VmHWM:	  151204 kB
20220314 013301.278 INFO             PET0 PIOc_freedecomp Exit - MemInfo: [/proc/self/status]	VmRSS:	  151204 kB
20220314 013301.278 INFO             PET0 PIOc_freedecomp Exit - MemInfo: [/proc/self/status]	VmData:	  273368 kB
20220314 013301.278 INFO             PET0 PIOc_freedecomp Exit - MemInfo: [/proc/self/status]	VmStk:	     512 kB
20220314 013301.278 INFO             PET0 PIOc_freedecomp Exit - MemInfo: [/proc/self/status]	VmExe:	    2016 kB
20220314 013301.278 INFO             PET0 PIOc_freedecomp Exit - MemInfo: [/proc/self/status]	VmLib:	  104128 kB
20220314 013301.278 INFO             PET0 PIOc_freedecomp Exit - MemInfo: [/proc/self/status]	VmPTE:	     712 kB
20220314 013301.278 INFO             PET0 PIOc_freedecomp Exit - MemInfo: [/proc/self/status]	VmPMD:	      32 kB
20220314 013301.278 INFO             PET0 PIOc_freedecomp Exit - MemInfo: [/proc/self/status]	VmSwap:	       0 kB
20220314 013301.278 INFO             PET0 PIOc_freedecomp Exit - MemInfo: [/proc/self/status]	VmRSSPercent: 0.115076 %
20220314 013301.278 INFO             PET0 PIOc_freedecomp Exit - MemInfo: [malloc] Non-mmapped space allocated:                 7708672 Byte
20220314 013301.278 INFO             PET0 PIOc_freedecomp Exit - MemInfo: [malloc] Space allocated in mmapped regions:         85999616 Byte
20220314 013301.278 INFO             PET0 PIOc_freedecomp Exit - MemInfo: [malloc] Maximum total allocated space:                     0 Byte
20220314 013301.278 INFO             PET0 PIOc_freedecomp Exit - MemInfo: [malloc] Space in freed fastbin blocks:                   272 Byte
20220314 013301.278 INFO             PET0 PIOc_freedecomp Exit - MemInfo: [malloc] Total allocated space:                       2732448 Byte
20220314 013301.278 INFO             PET0 PIOc_freedecomp Exit - MemInfo: [malloc] Total free space:                            4976224 Byte
20220314 013301.278 INFO             PET0 PIOc_freedecomp Exit - MemInfo: [malloc] Top-most, releasable space:                  2229936 Byte
20220314 013301.278 INFO             PET0 PIOc_freedecomp Exit - MemInfo: [malloc] Total space in use, mmap + non-mmap:        88732064 Byte
20220314 013301.278 INFO             PET0 PIOc_freedecomp Exit - MemInfo: [malloc] Total space held (mmap + non-mmap):         93708288 Byte
20220314 013301.278 INFO             PET0 PIOc_freedecomp Exit - MemInfo: [malloc] Total space used (mmap + non-mmap):         88741424 Byte
20220314 013301.278 INFO             PET0 PIOc_freedecomp Exit - MemInfo: Wall-clock time since execution start:               0.191704 seconds
20220314 013301.279 INFO             PET0 PIOc_sync Enter - MemInfo: [/proc/meminfo - SSI]	MemTotal:       131394444 kB
20220314 013301.279 INFO             PET0 PIOc_sync Enter - MemInfo: [/proc/meminfo - SSI]	MemFree:        123929152 kB
20220314 013301.279 INFO             PET0 PIOc_sync Enter - MemInfo: [/proc/meminfo - SSI]	MemAvailable:   123521524 kB
20220314 013301.279 INFO             PET0 PIOc_sync Enter - MemInfo: [/proc/meminfo - SSI]	Committed_AS:    3888036 kB
20220314 013301.279 INFO             PET0 PIOc_sync Enter - MemInfo: [/proc/meminfo - SSI]	CommittedPercent: 2.95906 %
20220314 013301.279 INFO             PET0 PIOc_sync Enter - MemInfo: [/proc/self/status]	VmPeak:	 3804360 kB
20220314 013301.279 INFO             PET0 PIOc_sync Enter - MemInfo: [/proc/self/status]	VmSize:	 3803340 kB
20220314 013301.279 INFO             PET0 PIOc_sync Enter - MemInfo: [/proc/self/status]	VmLck:	       0 kB
20220314 013301.279 INFO             PET0 PIOc_sync Enter - MemInfo: [/proc/self/status]	VmPin:	   82140 kB
20220314 013301.279 INFO             PET0 PIOc_sync Enter - MemInfo: [/proc/self/status]	VmHWM:	  151372 kB
20220314 013301.279 INFO             PET0 PIOc_sync Enter - MemInfo: [/proc/self/status]	VmRSS:	  151372 kB
20220314 013301.279 INFO             PET0 PIOc_sync Enter - MemInfo: [/proc/self/status]	VmData:	  273368 kB
20220314 013301.279 INFO             PET0 PIOc_sync Enter - MemInfo: [/proc/self/status]	VmStk:	     512 kB
20220314 013301.279 INFO             PET0 PIOc_sync Enter - MemInfo: [/proc/self/status]	VmExe:	    2016 kB
20220314 013301.279 INFO             PET0 PIOc_sync Enter - MemInfo: [/proc/self/status]	VmLib:	  104128 kB
20220314 013301.279 INFO             PET0 PIOc_sync Enter - MemInfo: [/proc/self/status]	VmPTE:	     712 kB
20220314 013301.279 INFO             PET0 PIOc_sync Enter - MemInfo: [/proc/self/status]	VmPMD:	      32 kB
20220314 013301.279 INFO             PET0 PIOc_sync Enter - MemInfo: [/proc/self/status]	VmSwap:	       0 kB
20220314 013301.279 INFO             PET0 PIOc_sync Enter - MemInfo: [/proc/self/status]	VmRSSPercent: 0.115204 %
20220314 013301.279 INFO             PET0 PIOc_sync Enter - MemInfo: [malloc] Non-mmapped space allocated:                 7708672 Byte
20220314 013301.279 INFO             PET0 PIOc_sync Enter - MemInfo: [malloc] Space allocated in mmapped regions:         85999616 Byte
20220314 013301.279 INFO             PET0 PIOc_sync Enter - MemInfo: [malloc] Maximum total allocated space:                     0 Byte
20220314 013301.279 INFO             PET0 PIOc_sync Enter - MemInfo: [malloc] Space in freed fastbin blocks:                   448 Byte
20220314 013301.279 INFO             PET0 PIOc_sync Enter - MemInfo: [malloc] Total allocated space:                       5376160 Byte
20220314 013301.279 INFO             PET0 PIOc_sync Enter - MemInfo: [malloc] Total free space:                            2332512 Byte
20220314 013301.279 INFO             PET0 PIOc_sync Enter - MemInfo: [malloc] Top-most, releasable space:                   132768 Byte
20220314 013301.279 INFO             PET0 PIOc_sync Enter - MemInfo: [malloc] Total space in use, mmap + non-mmap:        91375776 Byte
20220314 013301.279 INFO             PET0 PIOc_sync Enter - MemInfo: [malloc] Total space held (mmap + non-mmap):         93708288 Byte
20220314 013301.279 INFO             PET0 PIOc_sync Enter - MemInfo: [malloc] Total space used (mmap + non-mmap):         91385136 Byte
20220314 013301.279 INFO             PET0 PIOc_sync Enter - MemInfo: Wall-clock time since execution start:               0.193201 seconds
20220314 013301.280 INFO             PET0 PIOc_sync Exit - MemInfo: [/proc/meminfo - SSI]	MemTotal:       131394444 kB
20220314 013301.280 INFO             PET0 PIOc_sync Exit - MemInfo: [/proc/meminfo - SSI]	MemFree:        123929152 kB
20220314 013301.280 INFO             PET0 PIOc_sync Exit - MemInfo: [/proc/meminfo - SSI]	MemAvailable:   123521524 kB
20220314 013301.280 INFO             PET0 PIOc_sync Exit - MemInfo: [/proc/meminfo - SSI]	Committed_AS:    3888036 kB
20220314 013301.280 INFO             PET0 PIOc_sync Exit - MemInfo: [/proc/meminfo - SSI]	CommittedPercent: 2.95906 %
20220314 013301.280 INFO             PET0 PIOc_sync Exit - MemInfo: [/proc/self/status]	VmPeak:	 3804360 kB
20220314 013301.280 INFO             PET0 PIOc_sync Exit - MemInfo: [/proc/self/status]	VmSize:	 3803340 kB
20220314 013301.280 INFO             PET0 PIOc_sync Exit - MemInfo: [/proc/self/status]	VmLck:	       0 kB
20220314 013301.280 INFO             PET0 PIOc_sync Exit - MemInfo: [/proc/self/status]	VmPin:	   82140 kB
20220314 013301.280 INFO             PET0 PIOc_sync Exit - MemInfo: [/proc/self/status]	VmHWM:	  151376 kB
20220314 013301.280 INFO             PET0 PIOc_sync Exit - MemInfo: [/proc/self/status]	VmRSS:	  151376 kB
20220314 013301.280 INFO             PET0 PIOc_sync Exit - MemInfo: [/proc/self/status]	VmData:	  273368 kB
20220314 013301.280 INFO             PET0 PIOc_sync Exit - MemInfo: [/proc/self/status]	VmStk:	     512 kB
20220314 013301.280 INFO             PET0 PIOc_sync Exit - MemInfo: [/proc/self/status]	VmExe:	    2016 kB
20220314 013301.280 INFO             PET0 PIOc_sync Exit - MemInfo: [/proc/self/status]	VmLib:	  104128 kB
20220314 013301.280 INFO             PET0 PIOc_sync Exit - MemInfo: [/proc/self/status]	VmPTE:	     712 kB
20220314 013301.280 INFO             PET0 PIOc_sync Exit - MemInfo: [/proc/self/status]	VmPMD:	      32 kB
20220314 013301.280 INFO             PET0 PIOc_sync Exit - MemInfo: [/proc/self/status]	VmSwap:	       0 kB
20220314 013301.280 INFO             PET0 PIOc_sync Exit - MemInfo: [/proc/self/status]	VmRSSPercent: 0.115207 %
20220314 013301.280 INFO             PET0 PIOc_sync Exit - MemInfo: [malloc] Non-mmapped space allocated:                 7708672 Byte
20220314 013301.280 INFO             PET0 PIOc_sync Exit - MemInfo: [malloc] Space allocated in mmapped regions:         85999616 Byte
20220314 013301.280 INFO             PET0 PIOc_sync Exit - MemInfo: [malloc] Maximum total allocated space:                     0 Byte
20220314 013301.280 INFO             PET0 PIOc_sync Exit - MemInfo: [malloc] Space in freed fastbin blocks:                   384 Byte
20220314 013301.280 INFO             PET0 PIOc_sync Exit - MemInfo: [malloc] Total allocated space:                       5375040 Byte
20220314 013301.280 INFO             PET0 PIOc_sync Exit - MemInfo: [malloc] Total free space:                            2333632 Byte
20220314 013301.280 INFO             PET0 PIOc_sync Exit - MemInfo: [malloc] Top-most, releasable space:                   132768 Byte
20220314 013301.280 INFO             PET0 PIOc_sync Exit - MemInfo: [malloc] Total space in use, mmap + non-mmap:        91374656 Byte
