build time -- 2022-03-13 01:15:01.558894
20220313 013221.250 INFO             PET0 !!!!!!!!!!!!!!!!!!!!!!!!!!!!!!!!!!!!!!!!!!!!!!!!!!!!!!
20220313 013221.250 INFO             PET0 !!! THE ESMF_LOG IS SET TO OUTPUT ALL LOG MESSAGES !!!
20220313 013221.250 INFO             PET0 !!!     THIS MAY CAUSE SLOWDOWN IN PERFORMANCE     !!!
20220313 013221.250 INFO             PET0 !!! FOR PRODUCTION RUNS, USE:                      !!!
20220313 013221.250 INFO             PET0 !!!                   ESMF_LOGKIND_Multi_On_Error  !!!
20220313 013221.250 INFO             PET0 !!!!!!!!!!!!!!!!!!!!!!!!!!!!!!!!!!!!!!!!!!!!!!!!!!!!!!
20220313 013221.250 INFO             PET0 Running with ESMF Version   : v8.3.0b09-96-g559b459836
20220313 013221.250 INFO             PET0 ESMF library build date/time: "Mar 13 2022" "01:12:50"
20220313 013221.250 INFO             PET0 ESMF library build location : /gpfsm/dnb04/projects/p98/mpotts/esmf/intel_2020_intelmpi_O_jedwards_pio_update2
20220313 013221.250 INFO             PET0 ESMF_COMM                   : intelmpi
20220313 013221.250 INFO             PET0 ESMF_MOAB                   : enabled
20220313 013221.250 INFO             PET0 ESMF_LAPACK                 : enabled
20220313 013221.250 INFO             PET0 ESMF_NETCDF                 : enabled
20220313 013221.250 INFO             PET0 ESMF_PNETCDF                : disabled
20220313 013221.250 INFO             PET0 ESMF_PIO                    : enabled
20220313 013221.250 INFO             PET0 ESMF_YAMLCPP                : enabled
20220313 013221.250 INFO             PET0  Beginning Test, file ESMF_ArrayIOUTest.F90, line 103
20220313 013221.250 INFO             PET0  NUMBER_OF_PROCESSORS           6
20220313 013221.251 INFO             PET0  PASS  dstDistgrid Create Test, ESMF_ArrayIOUTest.F90, line 137
20220313 013221.251 INFO             PET0  PASS  Array Spec Set Test, ESMF_ArrayIOUTest.F90, line 145
20220313 013221.251 INFO             PET0  PASS  Array with Halo Create Test, ESMF_ArrayIOUTest.F90, line 160
20220313 013221.251 INFO             PET0  PASS  Array without Halo Create Test, ESMF_ArrayIOUTest.F90, line 170
20220313 013221.251 INFO             PET0  PASS  Accessing Fortran pointers for Arrays Test, ESMF_ArrayIOUTest.F90, line 225
20220313 013221.256 INFO             PET0 PIOc_sync Enter - MemInfo: [/proc/meminfo - SSI]	MemTotal:       131394444 kB
20220313 013221.256 INFO             PET0 PIOc_sync Enter - MemInfo: [/proc/meminfo - SSI]	MemFree:        118868772 kB
20220313 013221.256 INFO             PET0 PIOc_sync Enter - MemInfo: [/proc/meminfo - SSI]	MemAvailable:   118473148 kB
20220313 013221.256 INFO             PET0 PIOc_sync Enter - MemInfo: [/proc/meminfo - SSI]	Committed_AS:    4312800 kB
20220313 013221.256 INFO             PET0 PIOc_sync Enter - MemInfo: [/proc/meminfo - SSI]	CommittedPercent: 3.28233 %
20220313 013221.256 INFO             PET0 PIOc_sync Enter - MemInfo: [/proc/self/status]	VmPeak:	 3885804 kB
20220313 013221.256 INFO             PET0 PIOc_sync Enter - MemInfo: [/proc/self/status]	VmSize:	 3885804 kB
20220313 013221.256 INFO             PET0 PIOc_sync Enter - MemInfo: [/proc/self/status]	VmLck:	       0 kB
20220313 013221.256 INFO             PET0 PIOc_sync Enter - MemInfo: [/proc/self/status]	VmPin:	   82396 kB
20220313 013221.256 INFO             PET0 PIOc_sync Enter - MemInfo: [/proc/self/status]	VmHWM:	  147732 kB
20220313 013221.256 INFO             PET0 PIOc_sync Enter - MemInfo: [/proc/self/status]	VmRSS:	  147732 kB
20220313 013221.256 INFO             PET0 PIOc_sync Enter - MemInfo: [/proc/self/status]	VmData:	  269524 kB
20220313 013221.256 INFO             PET0 PIOc_sync Enter - MemInfo: [/proc/self/status]	VmStk:	     512 kB
20220313 013221.256 INFO             PET0 PIOc_sync Enter - MemInfo: [/proc/self/status]	VmExe:	    2052 kB
20220313 013221.256 INFO             PET0 PIOc_sync Enter - MemInfo: [/proc/self/status]	VmLib:	  104128 kB
20220313 013221.256 INFO             PET0 PIOc_sync Enter - MemInfo: [/proc/self/status]	VmPTE:	     748 kB
20220313 013221.256 INFO             PET0 PIOc_sync Enter - MemInfo: [/proc/self/status]	VmPMD:	      32 kB
20220313 013221.256 INFO             PET0 PIOc_sync Enter - MemInfo: [/proc/self/status]	VmSwap:	       0 kB
20220313 013221.257 INFO             PET0 PIOc_sync Enter - MemInfo: [/proc/self/status]	VmRSSPercent: 0.112434 %
20220313 013221.257 INFO             PET0 PIOc_sync Enter - MemInfo: [malloc] Non-mmapped space allocated:                 2977792 Byte
20220313 013221.257 INFO             PET0 PIOc_sync Enter - MemInfo: [malloc] Space allocated in mmapped regions:         88629248 Byte
20220313 013221.257 INFO             PET0 PIOc_sync Enter - MemInfo: [malloc] Maximum total allocated space:                     0 Byte
20220313 013221.257 INFO             PET0 PIOc_sync Enter - MemInfo: [malloc] Space in freed fastbin blocks:                   368 Byte
20220313 013221.257 INFO             PET0 PIOc_sync Enter - MemInfo: [malloc] Total allocated space:                       2812672 Byte
20220313 013221.257 INFO             PET0 PIOc_sync Enter - MemInfo: [malloc] Total free space:                             165120 Byte
20220313 013221.257 INFO             PET0 PIOc_sync Enter - MemInfo: [malloc] Top-most, releasable space:                    26784 Byte
20220313 013221.257 INFO             PET0 PIOc_sync Enter - MemInfo: [malloc] Total space in use, mmap + non-mmap:        91441920 Byte
20220313 013221.257 INFO             PET0 PIOc_sync Enter - MemInfo: [malloc] Total space held (mmap + non-mmap):         91607040 Byte
20220313 013221.257 INFO             PET0 PIOc_sync Enter - MemInfo: [malloc] Total space used (mmap + non-mmap):         91451280 Byte
20220313 013221.257 INFO             PET0 PIOc_sync Enter - MemInfo: Wall-clock time since execution start:              0.0178366 seconds
20220313 013221.259 INFO             PET0 PIOc_sync Exit - MemInfo: [/proc/meminfo - SSI]	MemTotal:       131394444 kB
20220313 013221.259 INFO             PET0 PIOc_sync Exit - MemInfo: [/proc/meminfo - SSI]	MemFree:        118868772 kB
20220313 013221.259 INFO             PET0 PIOc_sync Exit - MemInfo: [/proc/meminfo - SSI]	MemAvailable:   118473148 kB
20220313 013221.259 INFO             PET0 PIOc_sync Exit - MemInfo: [/proc/meminfo - SSI]	Committed_AS:    4312800 kB
20220313 013221.259 INFO             PET0 PIOc_sync Exit - MemInfo: [/proc/meminfo - SSI]	CommittedPercent: 3.28233 %
20220313 013221.259 INFO             PET0 PIOc_sync Exit - MemInfo: [/proc/self/status]	VmPeak:	 3885804 kB
20220313 013221.259 INFO             PET0 PIOc_sync Exit - MemInfo: [/proc/self/status]	VmSize:	 3885804 kB
20220313 013221.259 INFO             PET0 PIOc_sync Exit - MemInfo: [/proc/self/status]	VmLck:	       0 kB
20220313 013221.259 INFO             PET0 PIOc_sync Exit - MemInfo: [/proc/self/status]	VmPin:	   82396 kB
20220313 013221.259 INFO             PET0 PIOc_sync Exit - MemInfo: [/proc/self/status]	VmHWM:	  147892 kB
20220313 013221.259 INFO             PET0 PIOc_sync Exit - MemInfo: [/proc/self/status]	VmRSS:	  147892 kB
20220313 013221.259 INFO             PET0 PIOc_sync Exit - MemInfo: [/proc/self/status]	VmData:	  269524 kB
20220313 013221.259 INFO             PET0 PIOc_sync Exit - MemInfo: [/proc/self/status]	VmStk:	     512 kB
20220313 013221.259 INFO             PET0 PIOc_sync Exit - MemInfo: [/proc/self/status]	VmExe:	    2052 kB
20220313 013221.259 INFO             PET0 PIOc_sync Exit - MemInfo: [/proc/self/status]	VmLib:	  104128 kB
20220313 013221.259 INFO             PET0 PIOc_sync Exit - MemInfo: [/proc/self/status]	VmPTE:	     748 kB
20220313 013221.259 INFO             PET0 PIOc_sync Exit - MemInfo: [/proc/self/status]	VmPMD:	      32 kB
20220313 013221.259 INFO             PET0 PIOc_sync Exit - MemInfo: [/proc/self/status]	VmSwap:	       0 kB
20220313 013221.259 INFO             PET0 PIOc_sync Exit - MemInfo: [/proc/self/status]	VmRSSPercent: 0.112556 %
20220313 013221.259 INFO             PET0 PIOc_sync Exit - MemInfo: [malloc] Non-mmapped space allocated:                 2977792 Byte
20220313 013221.259 INFO             PET0 PIOc_sync Exit - MemInfo: [malloc] Space allocated in mmapped regions:         88629248 Byte
20220313 013221.259 INFO             PET0 PIOc_sync Exit - MemInfo: [malloc] Maximum total allocated space:                     0 Byte
20220313 013221.259 INFO             PET0 PIOc_sync Exit - MemInfo: [malloc] Space in freed fastbin blocks:                   656 Byte
20220313 013221.259 INFO             PET0 PIOc_sync Exit - MemInfo: [malloc] Total allocated space:                       2808784 Byte
20220313 013221.259 INFO             PET0 PIOc_sync Exit - MemInfo: [malloc] Total free space:                             169008 Byte
20220313 013221.259 INFO             PET0 PIOc_sync Exit - MemInfo: [malloc] Top-most, releasable space:                    26784 Byte
20220313 013221.259 INFO             PET0 PIOc_sync Exit - MemInfo: [malloc] Total space in use, mmap + non-mmap:        91438032 Byte
20220313 013221.259 INFO             PET0 PIOc_sync Exit - MemInfo: [malloc] Total space held (mmap + non-mmap):         91607040 Byte
20220313 013221.259 INFO             PET0 PIOc_sync Exit - MemInfo: [malloc] Total space used (mmap + non-mmap):         91447392 Byte
20220313 013221.260 INFO             PET0 PIOc_sync Exit - MemInfo: Wall-clock time since execution start:              0.0206701 seconds
20220313 013221.260 INFO             PET0 PIOc_freedecomp Enter - MemInfo: [/proc/meminfo - SSI]	MemTotal:       131394444 kB
20220313 013221.260 INFO             PET0 PIOc_freedecomp Enter - MemInfo: [/proc/meminfo - SSI]	MemFree:        118869580 kB
20220313 013221.260 INFO             PET0 PIOc_freedecomp Enter - MemInfo: [/proc/meminfo - SSI]	MemAvailable:   118473956 kB
20220313 013221.260 INFO             PET0 PIOc_freedecomp Enter - MemInfo: [/proc/meminfo - SSI]	Committed_AS:    4312800 kB
20220313 013221.260 INFO             PET0 PIOc_freedecomp Enter - MemInfo: [/proc/meminfo - SSI]	CommittedPercent: 3.28233 %
20220313 013221.260 INFO             PET0 PIOc_freedecomp Enter - MemInfo: [/proc/self/status]	VmPeak:	 3885804 kB
20220313 013221.260 INFO             PET0 PIOc_freedecomp Enter - MemInfo: [/proc/self/status]	VmSize:	 3883236 kB
20220313 013221.260 INFO             PET0 PIOc_freedecomp Enter - MemInfo: [/proc/self/status]	VmLck:	       0 kB
20220313 013221.260 INFO             PET0 PIOc_freedecomp Enter - MemInfo: [/proc/self/status]	VmPin:	   82396 kB
20220313 013221.260 INFO             PET0 PIOc_freedecomp Enter - MemInfo: [/proc/self/status]	VmHWM:	  147892 kB
20220313 013221.260 INFO             PET0 PIOc_freedecomp Enter - MemInfo: [/proc/self/status]	VmRSS:	  145840 kB
20220313 013221.260 INFO             PET0 PIOc_freedecomp Enter - MemInfo: [/proc/self/status]	VmData:	  266956 kB
20220313 013221.260 INFO             PET0 PIOc_freedecomp Enter - MemInfo: [/proc/self/status]	VmStk:	     512 kB
20220313 013221.260 INFO             PET0 PIOc_freedecomp Enter - MemInfo: [/proc/self/status]	VmExe:	    2052 kB
20220313 013221.260 INFO             PET0 PIOc_freedecomp Enter - MemInfo: [/proc/self/status]	VmLib:	  104128 kB
20220313 013221.260 INFO             PET0 PIOc_freedecomp Enter - MemInfo: [/proc/self/status]	VmPTE:	     744 kB
20220313 013221.260 INFO             PET0 PIOc_freedecomp Enter - MemInfo: [/proc/self/status]	VmPMD:	      32 kB
20220313 013221.260 INFO             PET0 PIOc_freedecomp Enter - MemInfo: [/proc/self/status]	VmSwap:	       0 kB
20220313 013221.260 INFO             PET0 PIOc_freedecomp Enter - MemInfo: [/proc/self/status]	VmRSSPercent: 0.110994 %
20220313 013221.260 INFO             PET0 PIOc_freedecomp Enter - MemInfo: [malloc] Non-mmapped space allocated:                 2977792 Byte
20220313 013221.260 INFO             PET0 PIOc_freedecomp Enter - MemInfo: [malloc] Space allocated in mmapped regions:         85999616 Byte
20220313 013221.260 INFO             PET0 PIOc_freedecomp Enter - MemInfo: [malloc] Maximum total allocated space:                     0 Byte
20220313 013221.260 INFO             PET0 PIOc_freedecomp Enter - MemInfo: [malloc] Space in freed fastbin blocks:                  1456 Byte
20220313 013221.260 INFO             PET0 PIOc_freedecomp Enter - MemInfo: [malloc] Total allocated space:                       2795456 Byte
20220313 013221.260 INFO             PET0 PIOc_freedecomp Enter - MemInfo: [malloc] Total free space:                             182336 Byte
20220313 013221.260 INFO             PET0 PIOc_freedecomp Enter - MemInfo: [malloc] Top-most, releasable space:                    26784 Byte
20220313 013221.260 INFO             PET0 PIOc_freedecomp Enter - MemInfo: [malloc] Total space in use, mmap + non-mmap:        88795072 Byte
20220313 013221.260 INFO             PET0 PIOc_freedecomp Enter - MemInfo: [malloc] Total space held (mmap + non-mmap):         88977408 Byte
20220313 013221.260 INFO             PET0 PIOc_freedecomp Enter - MemInfo: [malloc] Total space used (mmap + non-mmap):         88804432 Byte
20220313 013221.260 INFO             PET0 PIOc_freedecomp Enter - MemInfo: Wall-clock time since execution start:              0.0212995 seconds
20220313 013221.260 INFO             PET0 PIOc_freedecomp Exit - MemInfo: [/proc/meminfo - SSI]	MemTotal:       131394444 kB
20220313 013221.260 INFO             PET0 PIOc_freedecomp Exit - MemInfo: [/proc/meminfo - SSI]	MemFree:        118869580 kB
20220313 013221.260 INFO             PET0 PIOc_freedecomp Exit - MemInfo: [/proc/meminfo - SSI]	MemAvailable:   118473956 kB
20220313 013221.260 INFO             PET0 PIOc_freedecomp Exit - MemInfo: [/proc/meminfo - SSI]	Committed_AS:    4312800 kB
20220313 013221.260 INFO             PET0 PIOc_freedecomp Exit - MemInfo: [/proc/meminfo - SSI]	CommittedPercent: 3.28233 %
20220313 013221.260 INFO             PET0 PIOc_freedecomp Exit - MemInfo: [/proc/self/status]	VmPeak:	 3885804 kB
20220313 013221.260 INFO             PET0 PIOc_freedecomp Exit - MemInfo: [/proc/self/status]	VmSize:	 3883236 kB
20220313 013221.260 INFO             PET0 PIOc_freedecomp Exit - MemInfo: [/proc/self/status]	VmLck:	       0 kB
20220313 013221.260 INFO             PET0 PIOc_freedecomp Exit - MemInfo: [/proc/self/status]	VmPin:	   82396 kB
20220313 013221.260 INFO             PET0 PIOc_freedecomp Exit - MemInfo: [/proc/self/status]	VmHWM:	  147892 kB
20220313 013221.260 INFO             PET0 PIOc_freedecomp Exit - MemInfo: [/proc/self/status]	VmRSS:	  145840 kB
20220313 013221.260 INFO             PET0 PIOc_freedecomp Exit - MemInfo: [/proc/self/status]	VmData:	  266956 kB
20220313 013221.260 INFO             PET0 PIOc_freedecomp Exit - MemInfo: [/proc/self/status]	VmStk:	     512 kB
20220313 013221.260 INFO             PET0 PIOc_freedecomp Exit - MemInfo: [/proc/self/status]	VmExe:	    2052 kB
20220313 013221.260 INFO             PET0 PIOc_freedecomp Exit - MemInfo: [/proc/self/status]	VmLib:	  104128 kB
20220313 013221.260 INFO             PET0 PIOc_freedecomp Exit - MemInfo: [/proc/self/status]	VmPTE:	     744 kB
20220313 013221.260 INFO             PET0 PIOc_freedecomp Exit - MemInfo: [/proc/self/status]	VmPMD:	      32 kB
20220313 013221.260 INFO             PET0 PIOc_freedecomp Exit - MemInfo: [/proc/self/status]	VmSwap:	       0 kB
20220313 013221.260 INFO             PET0 PIOc_freedecomp Exit - MemInfo: [/proc/self/status]	VmRSSPercent: 0.110994 %
20220313 013221.260 INFO             PET0 PIOc_freedecomp Exit - MemInfo: [malloc] Non-mmapped space allocated:                 2977792 Byte
20220313 013221.260 INFO             PET0 PIOc_freedecomp Exit - MemInfo: [malloc] Space allocated in mmapped regions:         85999616 Byte
20220313 013221.260 INFO             PET0 PIOc_freedecomp Exit - MemInfo: [malloc] Maximum total allocated space:                     0 Byte
20220313 013221.260 INFO             PET0 PIOc_freedecomp Exit - MemInfo: [malloc] Space in freed fastbin blocks:                   768 Byte
20220313 013221.260 INFO             PET0 PIOc_freedecomp Exit - MemInfo: [malloc] Total allocated space:                       2780512 Byte
20220313 013221.260 INFO             PET0 PIOc_freedecomp Exit - MemInfo: [malloc] Total free space:                             197280 Byte
20220313 013221.260 INFO             PET0 PIOc_freedecomp Exit - MemInfo: [malloc] Top-most, releasable space:                    38336 Byte
20220313 013221.260 INFO             PET0 PIOc_freedecomp Exit - MemInfo: [malloc] Total space in use, mmap + non-mmap:        88780128 Byte
20220313 013221.260 INFO             PET0 PIOc_freedecomp Exit - MemInfo: [malloc] Total space held (mmap + non-mmap):         88977408 Byte
20220313 013221.260 INFO             PET0 PIOc_freedecomp Exit - MemInfo: [malloc] Total space used (mmap + non-mmap):         88789488 Byte
20220313 013221.260 INFO             PET0 PIOc_freedecomp Exit - MemInfo: Wall-clock time since execution start:              0.0216674 seconds
20220313 013221.261 INFO             PET0  PASS  Write ESMF_Array with Halo to NetCDF Test, ESMF_ArrayIOUTest.F90, line 236
20220313 013221.261 WARNING          PET0 ESMCI_PIO_Handler.C:1319 ESMCI::PIO_Handler::open()  Unable to create file: file3D_withhalo.nc, (PIO/NetCDF error = NetCDF: File exists && NC_NOCLOBBER)
20220313 013221.261 ERROR            PET0 ESMCI_PIO_Handler.C:779 ESMCI::PIO_Handler::arrayWrite() Unable to read from file  - file not open
20220313 013221.261 ERROR            PET0 ESMCI_IO.C:736 ESMCI::IO::write() Unable to read from file  - Internal subroutine call returned Error
20220313 013221.261 ERROR            PET0 ESMCI_IO.C:956 ESMCI::IO::close() Unable to close file  - Internal subroutine call returned Error
20220313 013221.261 ERROR            PET0 ESMCI_IO.C:494 ESMCI::IO::write() Unable to read from file  - Internal subroutine call returned Error
20220313 013221.261 ERROR            PET0 ESMCI_Array.C:4093 ESMCI::Array::write() Unable to write to file  - Internal subroutine call returned Error
20220313 013221.261 ERROR            PET0 ESMCI_Array_F.C:801 c_esmc_arraywrite() Unable to write to file  - Internal subroutine call returned Error
20220313 013221.261 ERROR            PET0 ESMF_Array.F90:3994 ESMF_ArrayWrite Unable to write to file  - Internal subroutine call returned Error
20220313 013221.261 INFO             PET0  PASS  Write ESMF_Array with Halo Test overwrite test, ESMF_ArrayIOUTest.F90, line 250
20220313 013221.261 ERROR            PET0 ESMCI_IO_Handler.C:164 ESMCI::IO_Handler::create() Unknown I/O Format
20220313 013221.261 ERROR            PET0 ESMCI_IO.C:469 ESMCI::IO::write() Invalid argument  - Internal subroutine call returned Error
20220313 013221.261 ERROR            PET0 ESMCI_Array.C:4093 ESMCI::Array::write() Invalid argument  - Internal subroutine call returned Error
20220313 013221.261 ERROR            PET0 ESMCI_Array_F.C:801 c_esmc_arraywrite() Invalid argument  - Internal subroutine call returned Error
20220313 013221.261 ERROR            PET0 ESMF_Array.F90:3994 ESMF_ArrayWrite Invalid argument  - Internal subroutine call returned Error
20220313 013221.261 INFO             PET0  PASS  Write ESMF_Array with Halo to binary Test, ESMF_ArrayIOUTest.F90, line 264
20220313 013221.263 INFO             PET0 PIOc_sync Enter - MemInfo: [/proc/meminfo - SSI]	MemTotal:       131394444 kB
20220313 013221.263 INFO             PET0 PIOc_sync Enter - MemInfo: [/proc/meminfo - SSI]	MemFree:        118868152 kB
20220313 013221.263 INFO             PET0 PIOc_sync Enter - MemInfo: [/proc/meminfo - SSI]	MemAvailable:   118472528 kB
20220313 013221.263 INFO             PET0 PIOc_sync Enter - MemInfo: [/proc/meminfo - SSI]	Committed_AS:    4312800 kB
20220313 013221.263 INFO             PET0 PIOc_sync Enter - MemInfo: [/proc/meminfo - SSI]	CommittedPercent: 3.28233 %
20220313 013221.263 INFO             PET0 PIOc_sync Enter - MemInfo: [/proc/self/status]	VmPeak:	 3885872 kB
20220313 013221.263 INFO             PET0 PIOc_sync Enter - MemInfo: [/proc/self/status]	VmSize:	 3885872 kB
20220313 013221.263 INFO             PET0 PIOc_sync Enter - MemInfo: [/proc/self/status]	VmLck:	       0 kB
20220313 013221.263 INFO             PET0 PIOc_sync Enter - MemInfo: [/proc/self/status]	VmPin:	   82396 kB
20220313 013221.263 INFO             PET0 PIOc_sync Enter - MemInfo: [/proc/self/status]	VmHWM:	  148496 kB
20220313 013221.263 INFO             PET0 PIOc_sync Enter - MemInfo: [/proc/self/status]	VmRSS:	  148496 kB
20220313 013221.263 INFO             PET0 PIOc_sync Enter - MemInfo: [/proc/self/status]	VmData:	  269592 kB
20220313 013221.263 INFO             PET0 PIOc_sync Enter - MemInfo: [/proc/self/status]	VmStk:	     512 kB
20220313 013221.263 INFO             PET0 PIOc_sync Enter - MemInfo: [/proc/self/status]	VmExe:	    2052 kB
20220313 013221.263 INFO             PET0 PIOc_sync Enter - MemInfo: [/proc/self/status]	VmLib:	  104128 kB
20220313 013221.263 INFO             PET0 PIOc_sync Enter - MemInfo: [/proc/self/status]	VmPTE:	     748 kB
20220313 013221.263 INFO             PET0 PIOc_sync Enter - MemInfo: [/proc/self/status]	VmPMD:	      32 kB
20220313 013221.263 INFO             PET0 PIOc_sync Enter - MemInfo: [/proc/self/status]	VmSwap:	       0 kB
20220313 013221.263 INFO             PET0 PIOc_sync Enter - MemInfo: [/proc/self/status]	VmRSSPercent: 0.113015 %
20220313 013221.263 INFO             PET0 PIOc_sync Enter - MemInfo: [malloc] Non-mmapped space allocated:                 5677056 Byte
20220313 013221.263 INFO             PET0 PIOc_sync Enter - MemInfo: [malloc] Space allocated in mmapped regions:         85999616 Byte
20220313 013221.263 INFO             PET0 PIOc_sync Enter - MemInfo: [malloc] Maximum total allocated space:                     0 Byte
20220313 013221.263 INFO             PET0 PIOc_sync Enter - MemInfo: [malloc] Space in freed fastbin blocks:                   192 Byte
20220313 013221.263 INFO             PET0 PIOc_sync Enter - MemInfo: [malloc] Total allocated space:                       5418944 Byte
20220313 013221.264 INFO             PET0 PIOc_sync Enter - MemInfo: [malloc] Total free space:                             258112 Byte
20220313 013221.264 INFO             PET0 PIOc_sync Enter - MemInfo: [malloc] Top-most, releasable space:                   124192 Byte
20220313 013221.264 INFO             PET0 PIOc_sync Enter - MemInfo: [malloc] Total space in use, mmap + non-mmap:        91418560 Byte
20220313 013221.264 INFO             PET0 PIOc_sync Enter - MemInfo: [malloc] Total space held (mmap + non-mmap):         91676672 Byte
20220313 013221.264 INFO             PET0 PIOc_sync Enter - MemInfo: [malloc] Total space used (mmap + non-mmap):         91427920 Byte
20220313 013221.264 INFO             PET0 PIOc_sync Enter - MemInfo: Wall-clock time since execution start:              0.0247418 seconds
20220313 013221.264 INFO             PET0 PIOc_sync Exit - MemInfo: [/proc/meminfo - SSI]	MemTotal:       131394444 kB
20220313 013221.264 INFO             PET0 PIOc_sync Exit - MemInfo: [/proc/meminfo - SSI]	MemFree:        118868152 kB
20220313 013221.264 INFO             PET0 PIOc_sync Exit - MemInfo: [/proc/meminfo - SSI]	MemAvailable:   118472528 kB
20220313 013221.264 INFO             PET0 PIOc_sync Exit - MemInfo: [/proc/meminfo - SSI]	Committed_AS:    4312800 kB
20220313 013221.264 INFO             PET0 PIOc_sync Exit - MemInfo: [/proc/meminfo - SSI]	CommittedPercent: 3.28233 %
20220313 013221.264 INFO             PET0 PIOc_sync Exit - MemInfo: [/proc/self/status]	VmPeak:	 3885872 kB
20220313 013221.264 INFO             PET0 PIOc_sync Exit - MemInfo: [/proc/self/status]	VmSize:	 3885872 kB
20220313 013221.264 INFO             PET0 PIOc_sync Exit - MemInfo: [/proc/self/status]	VmLck:	       0 kB
20220313 013221.264 INFO             PET0 PIOc_sync Exit - MemInfo: [/proc/self/status]	VmPin:	   82396 kB
20220313 013221.264 INFO             PET0 PIOc_sync Exit - MemInfo: [/proc/self/status]	VmHWM:	  148516 kB
20220313 013221.264 INFO             PET0 PIOc_sync Exit - MemInfo: [/proc/self/status]	VmRSS:	  148516 kB
20220313 013221.264 INFO             PET0 PIOc_sync Exit - MemInfo: [/proc/self/status]	VmData:	  269592 kB
20220313 013221.264 INFO             PET0 PIOc_sync Exit - MemInfo: [/proc/self/status]	VmStk:	     512 kB
20220313 013221.264 INFO             PET0 PIOc_sync Exit - MemInfo: [/proc/self/status]	VmExe:	    2052 kB
20220313 013221.264 INFO             PET0 PIOc_sync Exit - MemInfo: [/proc/self/status]	VmLib:	  104128 kB
20220313 013221.264 INFO             PET0 PIOc_sync Exit - MemInfo: [/proc/self/status]	VmPTE:	     748 kB
20220313 013221.264 INFO             PET0 PIOc_sync Exit - MemInfo: [/proc/self/status]	VmPMD:	      32 kB
20220313 013221.264 INFO             PET0 PIOc_sync Exit - MemInfo: [/proc/self/status]	VmSwap:	       0 kB
20220313 013221.264 INFO             PET0 PIOc_sync Exit - MemInfo: [/proc/self/status]	VmRSSPercent: 0.113031 %
20220313 013221.264 INFO             PET0 PIOc_sync Exit - MemInfo: [malloc] Non-mmapped space allocated:                 5677056 Byte
20220313 013221.264 INFO             PET0 PIOc_sync Exit - MemInfo: [malloc] Space allocated in mmapped regions:         85999616 Byte
20220313 013221.264 INFO             PET0 PIOc_sync Exit - MemInfo: [malloc] Maximum total allocated space:                     0 Byte
20220313 013221.264 INFO             PET0 PIOc_sync Exit - MemInfo: [malloc] Space in freed fastbin blocks:                   144 Byte
20220313 013221.264 INFO             PET0 PIOc_sync Exit - MemInfo: [malloc] Total allocated space:                       5418128 Byte
20220313 013221.264 INFO             PET0 PIOc_sync Exit - MemInfo: [malloc] Total free space:                             258928 Byte
20220313 013221.264 INFO             PET0 PIOc_sync Exit - MemInfo: [malloc] Top-most, releasable space:                   124192 Byte
20220313 013221.264 INFO             PET0 PIOc_sync Exit - MemInfo: [malloc] Total space in use, mmap + non-mmap:        91417744 Byte
20220313 013221.264 INFO             PET0 PIOc_sync Exit - MemInfo: [malloc] Total space held (mmap + non-mmap):         91676672 Byte
20220313 013221.264 INFO             PET0 PIOc_sync Exit - MemInfo: [malloc] Total space used (mmap + non-mmap):         91427104 Byte
20220313 013221.264 INFO             PET0 PIOc_sync Exit - MemInfo: Wall-clock time since execution start:              0.0254615 seconds
20220313 013221.264 INFO             PET0 PIOc_freedecomp Enter - MemInfo: [/proc/meminfo - SSI]	MemTotal:       131394444 kB
20220313 013221.264 INFO             PET0 PIOc_freedecomp Enter - MemInfo: [/proc/meminfo - SSI]	MemFree:        118868152 kB
20220313 013221.264 INFO             PET0 PIOc_freedecomp Enter - MemInfo: [/proc/meminfo - SSI]	MemAvailable:   118472528 kB
20220313 013221.264 INFO             PET0 PIOc_freedecomp Enter - MemInfo: [/proc/meminfo - SSI]	Committed_AS:    4312800 kB
20220313 013221.264 INFO             PET0 PIOc_freedecomp Enter - MemInfo: [/proc/meminfo - SSI]	CommittedPercent: 3.28233 %
20220313 013221.265 INFO             PET0 PIOc_freedecomp Enter - MemInfo: [/proc/self/status]	VmPeak:	 3885872 kB
20220313 013221.265 INFO             PET0 PIOc_freedecomp Enter - MemInfo: [/proc/self/status]	VmSize:	 3885872 kB
20220313 013221.265 INFO             PET0 PIOc_freedecomp Enter - MemInfo: [/proc/self/status]	VmLck:	       0 kB
20220313 013221.265 INFO             PET0 PIOc_freedecomp Enter - MemInfo: [/proc/self/status]	VmPin:	   82396 kB
20220313 013221.265 INFO             PET0 PIOc_freedecomp Enter - MemInfo: [/proc/self/status]	VmHWM:	  148516 kB
20220313 013221.265 INFO             PET0 PIOc_freedecomp Enter - MemInfo: [/proc/self/status]	VmRSS:	  148516 kB
20220313 013221.265 INFO             PET0 PIOc_freedecomp Enter - MemInfo: [/proc/self/status]	VmData:	  269592 kB
20220313 013221.265 INFO             PET0 PIOc_freedecomp Enter - MemInfo: [/proc/self/status]	VmStk:	     512 kB
20220313 013221.265 INFO             PET0 PIOc_freedecomp Enter - MemInfo: [/proc/self/status]	VmExe:	    2052 kB
20220313 013221.265 INFO             PET0 PIOc_freedecomp Enter - MemInfo: [/proc/self/status]	VmLib:	  104128 kB
20220313 013221.265 INFO             PET0 PIOc_freedecomp Enter - MemInfo: [/proc/self/status]	VmPTE:	     748 kB
20220313 013221.265 INFO             PET0 PIOc_freedecomp Enter - MemInfo: [/proc/self/status]	VmPMD:	      32 kB
20220313 013221.265 INFO             PET0 PIOc_freedecomp Enter - MemInfo: [/proc/self/status]	VmSwap:	       0 kB
20220313 013221.265 INFO             PET0 PIOc_freedecomp Enter - MemInfo: [/proc/self/status]	VmRSSPercent: 0.113031 %
20220313 013221.265 INFO             PET0 PIOc_freedecomp Enter - MemInfo: [malloc] Non-mmapped space allocated:                 5677056 Byte
20220313 013221.265 INFO             PET0 PIOc_freedecomp Enter - MemInfo: [malloc] Space allocated in mmapped regions:         85999616 Byte
20220313 013221.265 INFO             PET0 PIOc_freedecomp Enter - MemInfo: [malloc] Maximum total allocated space:                     0 Byte
20220313 013221.265 INFO             PET0 PIOc_freedecomp Enter - MemInfo: [malloc] Space in freed fastbin blocks:                   624 Byte
20220313 013221.265 INFO             PET0 PIOc_freedecomp Enter - MemInfo: [malloc] Total allocated space:                       2783296 Byte
20220313 013221.265 INFO             PET0 PIOc_freedecomp Enter - MemInfo: [malloc] Total free space:                            2893760 Byte
20220313 013221.265 INFO             PET0 PIOc_freedecomp Enter - MemInfo: [malloc] Top-most, releasable space:                  2756160 Byte
20220313 013221.265 INFO             PET0 PIOc_freedecomp Enter - MemInfo: [malloc] Total space in use, mmap + non-mmap:        88782912 Byte
20220313 013221.265 INFO             PET0 PIOc_freedecomp Enter - MemInfo: [malloc] Total space held (mmap + non-mmap):         91676672 Byte
20220313 013221.265 INFO             PET0 PIOc_freedecomp Enter - MemInfo: [malloc] Total space used (mmap + non-mmap):         88792272 Byte
20220313 013221.265 INFO             PET0 PIOc_freedecomp Enter - MemInfo: Wall-clock time since execution start:              0.0259391 seconds
20220313 013221.265 INFO             PET0 PIOc_freedecomp Exit - MemInfo: [/proc/meminfo - SSI]	MemTotal:       131394444 kB
20220313 013221.265 INFO             PET0 PIOc_freedecomp Exit - MemInfo: [/proc/meminfo - SSI]	MemFree:        118868152 kB
20220313 013221.265 INFO             PET0 PIOc_freedecomp Exit - MemInfo: [/proc/meminfo - SSI]	MemAvailable:   118472528 kB
20220313 013221.265 INFO             PET0 PIOc_freedecomp Exit - MemInfo: [/proc/meminfo - SSI]	Committed_AS:    4312800 kB
20220313 013221.265 INFO             PET0 PIOc_freedecomp Exit - MemInfo: [/proc/meminfo - SSI]	CommittedPercent: 3.28233 %
20220313 013221.265 INFO             PET0 PIOc_freedecomp Exit - MemInfo: [/proc/self/status]	VmPeak:	 3885872 kB
20220313 013221.265 INFO             PET0 PIOc_freedecomp Exit - MemInfo: [/proc/self/status]	VmSize:	 3885872 kB
20220313 013221.265 INFO             PET0 PIOc_freedecomp Exit - MemInfo: [/proc/self/status]	VmLck:	       0 kB
20220313 013221.265 INFO             PET0 PIOc_freedecomp Exit - MemInfo: [/proc/self/status]	VmPin:	   82396 kB
20220313 013221.265 INFO             PET0 PIOc_freedecomp Exit - MemInfo: [/proc/self/status]	VmHWM:	  148516 kB
20220313 013221.265 INFO             PET0 PIOc_freedecomp Exit - MemInfo: [/proc/self/status]	VmRSS:	  148516 kB
20220313 013221.265 INFO             PET0 PIOc_freedecomp Exit - MemInfo: [/proc/self/status]	VmData:	  269592 kB
20220313 013221.265 INFO             PET0 PIOc_freedecomp Exit - MemInfo: [/proc/self/status]	VmStk:	     512 kB
20220313 013221.265 INFO             PET0 PIOc_freedecomp Exit - MemInfo: [/proc/self/status]	VmExe:	    2052 kB
20220313 013221.265 INFO             PET0 PIOc_freedecomp Exit - MemInfo: [/proc/self/status]	VmLib:	  104128 kB
20220313 013221.265 INFO             PET0 PIOc_freedecomp Exit - MemInfo: [/proc/self/status]	VmPTE:	     748 kB
20220313 013221.265 INFO             PET0 PIOc_freedecomp Exit - MemInfo: [/proc/self/status]	VmPMD:	      32 kB
20220313 013221.265 INFO             PET0 PIOc_freedecomp Exit - MemInfo: [/proc/self/status]	VmSwap:	       0 kB
20220313 013221.265 INFO             PET0 PIOc_freedecomp Exit - MemInfo: [/proc/self/status]	VmRSSPercent: 0.113031 %
20220313 013221.265 INFO             PET0 PIOc_freedecomp Exit - MemInfo: [malloc] Non-mmapped space allocated:                 5677056 Byte
20220313 013221.265 INFO             PET0 PIOc_freedecomp Exit - MemInfo: [malloc] Space allocated in mmapped regions:         85999616 Byte
20220313 013221.265 INFO             PET0 PIOc_freedecomp Exit - MemInfo: [malloc] Maximum total allocated space:                     0 Byte
20220313 013221.265 INFO             PET0 PIOc_freedecomp Exit - MemInfo: [malloc] Space in freed fastbin blocks:                   736 Byte
20220313 013221.265 INFO             PET0 PIOc_freedecomp Exit - MemInfo: [malloc] Total allocated space:                       2780528 Byte
20220313 013221.265 INFO             PET0 PIOc_freedecomp Exit - MemInfo: [malloc] Total free space:                            2896528 Byte
20220313 013221.265 INFO             PET0 PIOc_freedecomp Exit - MemInfo: [malloc] Top-most, releasable space:                  2756160 Byte
20220313 013221.265 INFO             PET0 PIOc_freedecomp Exit - MemInfo: [malloc] Total space in use, mmap + non-mmap:        88780144 Byte
20220313 013221.265 INFO             PET0 PIOc_freedecomp Exit - MemInfo: [malloc] Total space held (mmap + non-mmap):         91676672 Byte
20220313 013221.265 INFO             PET0 PIOc_freedecomp Exit - MemInfo: [malloc] Total space used (mmap + non-mmap):         88789504 Byte
20220313 013221.265 INFO             PET0 PIOc_freedecomp Exit - MemInfo: Wall-clock time since execution start:              0.0262971 seconds
20220313 013221.265 INFO             PET0  PASS  Write ESMF_Array without Halo to NetCDF Test, ESMF_ArrayIOUTest.F90, line 274
20220313 013221.265 INFO             PET0  PASS  Create Array without Halo for PIO Read, ESMF_ArrayIOUTest.F90, line 288
20220313 013221.265 INFO             PET0  PASS  Create Array with Halo for PIO Read, ESMF_ArrayIOUTest.F90, line 299
20220313 013221.266 INFO             PET0  PASS  Create Array with Halo for PIO Read, ESMF_ArrayIOUTest.F90, line 309
20220313 013221.266 WARNING          PET0 ESMCI_PIO_Handler.C:1344 ESMCI::PIO_Handler::open()  Unable to set fill on file: file3D_wouthalo.nc, (PIO/NetCDF error = NetCDF: Write to read only)
20220313 013221.267 INFO             PET0 PIOc_sync Enter - MemInfo: [/proc/meminfo - SSI]	MemTotal:       131394444 kB
20220313 013221.267 INFO             PET0 PIOc_sync Enter - MemInfo: [/proc/meminfo - SSI]	MemFree:        118868152 kB
20220313 013221.267 INFO             PET0 PIOc_sync Enter - MemInfo: [/proc/meminfo - SSI]	MemAvailable:   118472528 kB
20220313 013221.267 INFO             PET0 PIOc_sync Enter - MemInfo: [/proc/meminfo - SSI]	Committed_AS:    4312800 kB
20220313 013221.267 INFO             PET0 PIOc_sync Enter - MemInfo: [/proc/meminfo - SSI]	CommittedPercent: 3.28233 %
20220313 013221.267 INFO             PET0 PIOc_sync Enter - MemInfo: [/proc/self/status]	VmPeak:	 3886892 kB
20220313 013221.267 INFO             PET0 PIOc_sync Enter - MemInfo: [/proc/self/status]	VmSize:	 3885872 kB
20220313 013221.267 INFO             PET0 PIOc_sync Enter - MemInfo: [/proc/self/status]	VmLck:	       0 kB
20220313 013221.267 INFO             PET0 PIOc_sync Enter - MemInfo: [/proc/self/status]	VmPin:	   82396 kB
20220313 013221.267 INFO             PET0 PIOc_sync Enter - MemInfo: [/proc/self/status]	VmHWM:	  148692 kB
20220313 013221.267 INFO             PET0 PIOc_sync Enter - MemInfo: [/proc/self/status]	VmRSS:	  148692 kB
20220313 013221.267 INFO             PET0 PIOc_sync Enter - MemInfo: [/proc/self/status]	VmData:	  269592 kB
20220313 013221.267 INFO             PET0 PIOc_sync Enter - MemInfo: [/proc/self/status]	VmStk:	     512 kB
20220313 013221.267 INFO             PET0 PIOc_sync Enter - MemInfo: [/proc/self/status]	VmExe:	    2052 kB
20220313 013221.267 INFO             PET0 PIOc_sync Enter - MemInfo: [/proc/self/status]	VmLib:	  104128 kB
20220313 013221.267 INFO             PET0 PIOc_sync Enter - MemInfo: [/proc/self/status]	VmPTE:	     748 kB
20220313 013221.267 INFO             PET0 PIOc_sync Enter - MemInfo: [/proc/self/status]	VmPMD:	      32 kB
20220313 013221.267 INFO             PET0 PIOc_sync Enter - MemInfo: [/proc/self/status]	VmSwap:	       0 kB
20220313 013221.267 INFO             PET0 PIOc_sync Enter - MemInfo: [/proc/self/status]	VmRSSPercent: 0.113165 %
20220313 013221.267 INFO             PET0 PIOc_sync Enter - MemInfo: [malloc] Non-mmapped space allocated:                 5677056 Byte
20220313 013221.267 INFO             PET0 PIOc_sync Enter - MemInfo: [malloc] Space allocated in mmapped regions:         85999616 Byte
20220313 013221.267 INFO             PET0 PIOc_sync Enter - MemInfo: [malloc] Maximum total allocated space:                     0 Byte
20220313 013221.267 INFO             PET0 PIOc_sync Enter - MemInfo: [malloc] Space in freed fastbin blocks:                   336 Byte
20220313 013221.267 INFO             PET0 PIOc_sync Enter - MemInfo: [malloc] Total allocated space:                       5451456 Byte
20220313 013221.267 INFO             PET0 PIOc_sync Enter - MemInfo: [malloc] Total free space:                             225600 Byte
20220313 013221.267 INFO             PET0 PIOc_sync Enter - MemInfo: [malloc] Top-most, releasable space:                    91168 Byte
20220313 013221.267 INFO             PET0 PIOc_sync Enter - MemInfo: [malloc] Total space in use, mmap + non-mmap:        91451072 Byte
20220313 013221.267 INFO             PET0 PIOc_sync Enter - MemInfo: [malloc] Total space held (mmap + non-mmap):         91676672 Byte
20220313 013221.267 INFO             PET0 PIOc_sync Enter - MemInfo: [malloc] Total space used (mmap + non-mmap):         91460432 Byte
20220313 013221.267 INFO             PET0 PIOc_sync Enter - MemInfo: Wall-clock time since execution start:               0.028059 seconds
20220313 013221.267 INFO             PET0 PIOc_sync Exit - MemInfo: [/proc/meminfo - SSI]	MemTotal:       131394444 kB
20220313 013221.267 INFO             PET0 PIOc_sync Exit - MemInfo: [/proc/meminfo - SSI]	MemFree:        118868152 kB
20220313 013221.267 INFO             PET0 PIOc_sync Exit - MemInfo: [/proc/meminfo - SSI]	MemAvailable:   118472528 kB
20220313 013221.267 INFO             PET0 PIOc_sync Exit - MemInfo: [/proc/meminfo - SSI]	Committed_AS:    4312800 kB
20220313 013221.267 INFO             PET0 PIOc_sync Exit - MemInfo: [/proc/meminfo - SSI]	CommittedPercent: 3.28233 %
20220313 013221.267 INFO             PET0 PIOc_sync Exit - MemInfo: [/proc/self/status]	VmPeak:	 3886892 kB
20220313 013221.267 INFO             PET0 PIOc_sync Exit - MemInfo: [/proc/self/status]	VmSize:	 3885872 kB
20220313 013221.267 INFO             PET0 PIOc_sync Exit - MemInfo: [/proc/self/status]	VmLck:	       0 kB
20220313 013221.267 INFO             PET0 PIOc_sync Exit - MemInfo: [/proc/self/status]	VmPin:	   82396 kB
20220313 013221.267 INFO             PET0 PIOc_sync Exit - MemInfo: [/proc/self/status]	VmHWM:	  148696 kB
20220313 013221.267 INFO             PET0 PIOc_sync Exit - MemInfo: [/proc/self/status]	VmRSS:	  148696 kB
20220313 013221.267 INFO             PET0 PIOc_sync Exit - MemInfo: [/proc/self/status]	VmData:	  269592 kB
20220313 013221.267 INFO             PET0 PIOc_sync Exit - MemInfo: [/proc/self/status]	VmStk:	     512 kB
20220313 013221.267 INFO             PET0 PIOc_sync Exit - MemInfo: [/proc/self/status]	VmExe:	    2052 kB
20220313 013221.267 INFO             PET0 PIOc_sync Exit - MemInfo: [/proc/self/status]	VmLib:	  104128 kB
20220313 013221.267 INFO             PET0 PIOc_sync Exit - MemInfo: [/proc/self/status]	VmPTE:	     748 kB
20220313 013221.267 INFO             PET0 PIOc_sync Exit - MemInfo: [/proc/self/status]	VmPMD:	      32 kB
20220313 013221.267 INFO             PET0 PIOc_sync Exit - MemInfo: [/proc/self/status]	VmSwap:	       0 kB
20220313 013221.267 INFO             PET0 PIOc_sync Exit - MemInfo: [/proc/self/status]	VmRSSPercent: 0.113168 %
20220313 013221.267 INFO             PET0 PIOc_sync Exit - MemInfo: [malloc] Non-mmapped space allocated:                 5677056 Byte
20220313 013221.267 INFO             PET0 PIOc_sync Exit - MemInfo: [malloc] Space allocated in mmapped regions:         85999616 Byte
20220313 013221.267 INFO             PET0 PIOc_sync Exit - MemInfo: [malloc] Maximum total allocated space:                     0 Byte
20220313 013221.267 INFO             PET0 PIOc_sync Exit - MemInfo: [malloc] Space in freed fastbin blocks:                   368 Byte
20220313 013221.267 INFO             PET0 PIOc_sync Exit - MemInfo: [malloc] Total allocated space:                       5451456 Byte
20220313 013221.267 INFO             PET0 PIOc_sync Exit - MemInfo: [malloc] Total free space:                             225600 Byte
20220313 013221.267 INFO             PET0 PIOc_sync Exit - MemInfo: [malloc] Top-most, releasable space:                    91168 Byte
20220313 013221.267 INFO             PET0 PIOc_sync Exit - MemInfo: [malloc] Total space in use, mmap + non-mmap:        91451072 Byte
20220313 013221.267 INFO             PET0 PIOc_sync Exit - MemInfo: [malloc] Total space held (mmap + non-mmap):         91676672 Byte
20220313 013221.267 INFO             PET0 PIOc_sync Exit - MemInfo: [malloc] Total space used (mmap + non-mmap):         91460432 Byte
20220313 013221.267 INFO             PET0 PIOc_sync Exit - MemInfo: Wall-clock time since execution start:              0.0284291 seconds
20220313 013221.267 INFO             PET0 PIOc_freedecomp Enter - MemInfo: [/proc/meminfo - SSI]	MemTotal:       131394444 kB
20220313 013221.267 INFO             PET0 PIOc_freedecomp Enter - MemInfo: [/proc/meminfo - SSI]	MemFree:        118868152 kB
20220313 013221.267 INFO             PET0 PIOc_freedecomp Enter - MemInfo: [/proc/meminfo - SSI]	MemAvailable:   118472528 kB
20220313 013221.267 INFO             PET0 PIOc_freedecomp Enter - MemInfo: [/proc/meminfo - SSI]	Committed_AS:    4312800 kB
20220313 013221.267 INFO             PET0 PIOc_freedecomp Enter - MemInfo: [/proc/meminfo - SSI]	CommittedPercent: 3.28233 %
20220313 013221.267 INFO             PET0 PIOc_freedecomp Enter - MemInfo: [/proc/self/status]	VmPeak:	 3886892 kB
20220313 013221.267 INFO             PET0 PIOc_freedecomp Enter - MemInfo: [/proc/self/status]	VmSize:	 3885872 kB
20220313 013221.267 INFO             PET0 PIOc_freedecomp Enter - MemInfo: [/proc/self/status]	VmLck:	       0 kB
20220313 013221.267 INFO             PET0 PIOc_freedecomp Enter - MemInfo: [/proc/self/status]	VmPin:	   82396 kB
20220313 013221.267 INFO             PET0 PIOc_freedecomp Enter - MemInfo: [/proc/self/status]	VmHWM:	  148696 kB
20220313 013221.267 INFO             PET0 PIOc_freedecomp Enter - MemInfo: [/proc/self/status]	VmRSS:	  148696 kB
20220313 013221.268 INFO             PET0 PIOc_freedecomp Enter - MemInfo: [/proc/self/status]	VmData:	  269592 kB
20220313 013221.268 INFO             PET0 PIOc_freedecomp Enter - MemInfo: [/proc/self/status]	VmStk:	     512 kB
20220313 013221.268 INFO             PET0 PIOc_freedecomp Enter - MemInfo: [/proc/self/status]	VmExe:	    2052 kB
20220313 013221.268 INFO             PET0 PIOc_freedecomp Enter - MemInfo: [/proc/self/status]	VmLib:	  104128 kB
20220313 013221.268 INFO             PET0 PIOc_freedecomp Enter - MemInfo: [/proc/self/status]	VmPTE:	     748 kB
20220313 013221.268 INFO             PET0 PIOc_freedecomp Enter - MemInfo: [/proc/self/status]	VmPMD:	      32 kB
20220313 013221.268 INFO             PET0 PIOc_freedecomp Enter - MemInfo: [/proc/self/status]	VmSwap:	       0 kB
20220313 013221.268 INFO             PET0 PIOc_freedecomp Enter - MemInfo: [/proc/self/status]	VmRSSPercent: 0.113168 %
20220313 013221.268 INFO             PET0 PIOc_freedecomp Enter - MemInfo: [malloc] Non-mmapped space allocated:                 5677056 Byte
20220313 013221.268 INFO             PET0 PIOc_freedecomp Enter - MemInfo: [malloc] Space allocated in mmapped regions:         85999616 Byte
20220313 013221.268 INFO             PET0 PIOc_freedecomp Enter - MemInfo: [malloc] Maximum total allocated space:                     0 Byte
20220313 013221.268 INFO             PET0 PIOc_freedecomp Enter - MemInfo: [malloc] Space in freed fastbin blocks:                   528 Byte
20220313 013221.268 INFO             PET0 PIOc_freedecomp Enter - MemInfo: [malloc] Total allocated space:                       2816688 Byte
20220313 013221.268 INFO             PET0 PIOc_freedecomp Enter - MemInfo: [malloc] Total free space:                            2860368 Byte
20220313 013221.268 INFO             PET0 PIOc_freedecomp Enter - MemInfo: [malloc] Top-most, releasable space:                    91168 Byte
20220313 013221.268 INFO             PET0 PIOc_freedecomp Enter - MemInfo: [malloc] Total space in use, mmap + non-mmap:        88816304 Byte
20220313 013221.268 INFO             PET0 PIOc_freedecomp Enter - MemInfo: [malloc] Total space held (mmap + non-mmap):         91676672 Byte
20220313 013221.268 INFO             PET0 PIOc_freedecomp Enter - MemInfo: [malloc] Total space used (mmap + non-mmap):         88825664 Byte
20220313 013221.268 INFO             PET0 PIOc_freedecomp Enter - MemInfo: Wall-clock time since execution start:              0.0288704 seconds
20220313 013221.268 INFO             PET0 PIOc_freedecomp Exit - MemInfo: [/proc/meminfo - SSI]	MemTotal:       131394444 kB
20220313 013221.268 INFO             PET0 PIOc_freedecomp Exit - MemInfo: [/proc/meminfo - SSI]	MemFree:        118868152 kB
20220313 013221.268 INFO             PET0 PIOc_freedecomp Exit - MemInfo: [/proc/meminfo - SSI]	MemAvailable:   118472528 kB
20220313 013221.268 INFO             PET0 PIOc_freedecomp Exit - MemInfo: [/proc/meminfo - SSI]	Committed_AS:    4312800 kB
20220313 013221.268 INFO             PET0 PIOc_freedecomp Exit - MemInfo: [/proc/meminfo - SSI]	CommittedPercent: 3.28233 %
20220313 013221.268 INFO             PET0 PIOc_freedecomp Exit - MemInfo: [/proc/self/status]	VmPeak:	 3886892 kB
20220313 013221.268 INFO             PET0 PIOc_freedecomp Exit - MemInfo: [/proc/self/status]	VmSize:	 3885872 kB
20220313 013221.268 INFO             PET0 PIOc_freedecomp Exit - MemInfo: [/proc/self/status]	VmLck:	       0 kB
20220313 013221.268 INFO             PET0 PIOc_freedecomp Exit - MemInfo: [/proc/self/status]	VmPin:	   82396 kB
20220313 013221.268 INFO             PET0 PIOc_freedecomp Exit - MemInfo: [/proc/self/status]	VmHWM:	  148696 kB
20220313 013221.268 INFO             PET0 PIOc_freedecomp Exit - MemInfo: [/proc/self/status]	VmRSS:	  148696 kB
20220313 013221.268 INFO             PET0 PIOc_freedecomp Exit - MemInfo: [/proc/self/status]	VmData:	  269592 kB
20220313 013221.268 INFO             PET0 PIOc_freedecomp Exit - MemInfo: [/proc/self/status]	VmStk:	     512 kB
20220313 013221.268 INFO             PET0 PIOc_freedecomp Exit - MemInfo: [/proc/self/status]	VmExe:	    2052 kB
20220313 013221.268 INFO             PET0 PIOc_freedecomp Exit - MemInfo: [/proc/self/status]	VmLib:	  104128 kB
20220313 013221.268 INFO             PET0 PIOc_freedecomp Exit - MemInfo: [/proc/self/status]	VmPTE:	     748 kB
20220313 013221.268 INFO             PET0 PIOc_freedecomp Exit - MemInfo: [/proc/self/status]	VmPMD:	      32 kB
20220313 013221.268 INFO             PET0 PIOc_freedecomp Exit - MemInfo: [/proc/self/status]	VmSwap:	       0 kB
20220313 013221.268 INFO             PET0 PIOc_freedecomp Exit - MemInfo: [/proc/self/status]	VmRSSPercent: 0.113168 %
20220313 013221.268 INFO             PET0 PIOc_freedecomp Exit - MemInfo: [malloc] Non-mmapped space allocated:                 5677056 Byte
20220313 013221.268 INFO             PET0 PIOc_freedecomp Exit - MemInfo: [malloc] Space allocated in mmapped regions:         85999616 Byte
20220313 013221.268 INFO             PET0 PIOc_freedecomp Exit - MemInfo: [malloc] Maximum total allocated space:                     0 Byte
20220313 013221.268 INFO             PET0 PIOc_freedecomp Exit - MemInfo: [malloc] Space in freed fastbin blocks:                   352 Byte
20220313 013221.268 INFO             PET0 PIOc_freedecomp Exit - MemInfo: [malloc] Total allocated space:                       2813952 Byte
20220313 013221.268 INFO             PET0 PIOc_freedecomp Exit - MemInfo: [malloc] Total free space:                            2863104 Byte
20220313 013221.268 INFO             PET0 PIOc_freedecomp Exit - MemInfo: [malloc] Top-most, releasable space:                  2725312 Byte
20220313 013221.268 INFO             PET0 PIOc_freedecomp Exit - MemInfo: [malloc] Total space in use, mmap + non-mmap:        88813568 Byte
20220313 013221.268 INFO             PET0 PIOc_freedecomp Exit - MemInfo: [malloc] Total space held (mmap + non-mmap):         91676672 Byte
20220313 013221.268 INFO             PET0 PIOc_freedecomp Exit - MemInfo: [malloc] Total space used (mmap + non-mmap):         88822928 Byte
20220313 013221.268 INFO             PET0 PIOc_freedecomp Exit - MemInfo: Wall-clock time since execution start:              0.0292583 seconds
20220313 013221.268 INFO             PET0  PASS  Read ESMF_Array without Halo from NetCDF file Test, ESMF_ArrayIOUTest.F90, line 330
20220313 013221.268 INFO             PET0  PASS  Compare read in data to the existing data - 3D without halo, ESMF_ArrayIOUTest.F90, line 353
20220313 013221.269 WARNING          PET0 ESMCI_PIO_Handler.C:1344 ESMCI::PIO_Handler::open()  Unable to set fill on file: file3D_withhalo.nc, (PIO/NetCDF error = NetCDF: Write to read only)
20220313 013221.269 INFO             PET0 PIOc_sync Enter - MemInfo: [/proc/meminfo - SSI]	MemTotal:       131394444 kB
20220313 013221.269 INFO             PET0 PIOc_sync Enter - MemInfo: [/proc/meminfo - SSI]	MemFree:        118867656 kB
20220313 013221.269 INFO             PET0 PIOc_sync Enter - MemInfo: [/proc/meminfo - SSI]	MemAvailable:   118472032 kB
20220313 013221.269 INFO             PET0 PIOc_sync Enter - MemInfo: [/proc/meminfo - SSI]	Committed_AS:    4312800 kB
20220313 013221.269 INFO             PET0 PIOc_sync Enter - MemInfo: [/proc/meminfo - SSI]	CommittedPercent: 3.28233 %
20220313 013221.269 INFO             PET0 PIOc_sync Enter - MemInfo: [/proc/self/status]	VmPeak:	 3886892 kB
20220313 013221.269 INFO             PET0 PIOc_sync Enter - MemInfo: [/proc/self/status]	VmSize:	 3885872 kB
20220313 013221.269 INFO             PET0 PIOc_sync Enter - MemInfo: [/proc/self/status]	VmLck:	       0 kB
20220313 013221.269 INFO             PET0 PIOc_sync Enter - MemInfo: [/proc/self/status]	VmPin:	   82396 kB
20220313 013221.269 INFO             PET0 PIOc_sync Enter - MemInfo: [/proc/self/status]	VmHWM:	  148832 kB
20220313 013221.269 INFO             PET0 PIOc_sync Enter - MemInfo: [/proc/self/status]	VmRSS:	  148832 kB
20220313 013221.269 INFO             PET0 PIOc_sync Enter - MemInfo: [/proc/self/status]	VmData:	  269592 kB
20220313 013221.269 INFO             PET0 PIOc_sync Enter - MemInfo: [/proc/self/status]	VmStk:	     512 kB
20220313 013221.269 INFO             PET0 PIOc_sync Enter - MemInfo: [/proc/self/status]	VmExe:	    2052 kB
20220313 013221.269 INFO             PET0 PIOc_sync Enter - MemInfo: [/proc/self/status]	VmLib:	  104128 kB
20220313 013221.269 INFO             PET0 PIOc_sync Enter - MemInfo: [/proc/self/status]	VmPTE:	     748 kB
20220313 013221.269 INFO             PET0 PIOc_sync Enter - MemInfo: [/proc/self/status]	VmPMD:	      32 kB
20220313 013221.269 INFO             PET0 PIOc_sync Enter - MemInfo: [/proc/self/status]	VmSwap:	       0 kB
20220313 013221.269 INFO             PET0 PIOc_sync Enter - MemInfo: [/proc/self/status]	VmRSSPercent: 0.113271 %
20220313 013221.269 INFO             PET0 PIOc_sync Enter - MemInfo: [malloc] Non-mmapped space allocated:                 5677056 Byte
20220313 013221.269 INFO             PET0 PIOc_sync Enter - MemInfo: [malloc] Space allocated in mmapped regions:         85999616 Byte
20220313 013221.269 INFO             PET0 PIOc_sync Enter - MemInfo: [malloc] Maximum total allocated space:                     0 Byte
20220313 013221.269 INFO             PET0 PIOc_sync Enter - MemInfo: [malloc] Space in freed fastbin blocks:                   688 Byte
20220313 013221.269 INFO             PET0 PIOc_sync Enter - MemInfo: [malloc] Total allocated space:                       5463680 Byte
20220313 013221.269 INFO             PET0 PIOc_sync Enter - MemInfo: [malloc] Total free space:                             213376 Byte
20220313 013221.269 INFO             PET0 PIOc_sync Enter - MemInfo: [malloc] Top-most, releasable space:                    58400 Byte
20220313 013221.269 INFO             PET0 PIOc_sync Enter - MemInfo: [malloc] Total space in use, mmap + non-mmap:        91463296 Byte
20220313 013221.269 INFO             PET0 PIOc_sync Enter - MemInfo: [malloc] Total space held (mmap + non-mmap):         91676672 Byte
20220313 013221.269 INFO             PET0 PIOc_sync Enter - MemInfo: [malloc] Total space used (mmap + non-mmap):         91472656 Byte
20220313 013221.269 INFO             PET0 PIOc_sync Enter - MemInfo: Wall-clock time since execution start:              0.0305013 seconds
20220313 013221.269 INFO             PET0 PIOc_sync Exit - MemInfo: [/proc/meminfo - SSI]	MemTotal:       131394444 kB
20220313 013221.269 INFO             PET0 PIOc_sync Exit - MemInfo: [/proc/meminfo - SSI]	MemFree:        118867656 kB
20220313 013221.269 INFO             PET0 PIOc_sync Exit - MemInfo: [/proc/meminfo - SSI]	MemAvailable:   118472032 kB
20220313 013221.269 INFO             PET0 PIOc_sync Exit - MemInfo: [/proc/meminfo - SSI]	Committed_AS:    4312800 kB
20220313 013221.269 INFO             PET0 PIOc_sync Exit - MemInfo: [/proc/meminfo - SSI]	CommittedPercent: 3.28233 %
20220313 013221.269 INFO             PET0 PIOc_sync Exit - MemInfo: [/proc/self/status]	VmPeak:	 3886892 kB
20220313 013221.269 INFO             PET0 PIOc_sync Exit - MemInfo: [/proc/self/status]	VmSize:	 3885872 kB
20220313 013221.269 INFO             PET0 PIOc_sync Exit - MemInfo: [/proc/self/status]	VmLck:	       0 kB
20220313 013221.269 INFO             PET0 PIOc_sync Exit - MemInfo: [/proc/self/status]	VmPin:	   82396 kB
20220313 013221.269 INFO             PET0 PIOc_sync Exit - MemInfo: [/proc/self/status]	VmHWM:	  148832 kB
20220313 013221.270 INFO             PET0 PIOc_sync Exit - MemInfo: [/proc/self/status]	VmRSS:	  148832 kB
20220313 013221.270 INFO             PET0 PIOc_sync Exit - MemInfo: [/proc/self/status]	VmData:	  269592 kB
20220313 013221.270 INFO             PET0 PIOc_sync Exit - MemInfo: [/proc/self/status]	VmStk:	     512 kB
20220313 013221.270 INFO             PET0 PIOc_sync Exit - MemInfo: [/proc/self/status]	VmExe:	    2052 kB
20220313 013221.270 INFO             PET0 PIOc_sync Exit - MemInfo: [/proc/self/status]	VmLib:	  104128 kB
20220313 013221.270 INFO             PET0 PIOc_sync Exit - MemInfo: [/proc/self/status]	VmPTE:	     748 kB
20220313 013221.270 INFO             PET0 PIOc_sync Exit - MemInfo: [/proc/self/status]	VmPMD:	      32 kB
20220313 013221.270 INFO             PET0 PIOc_sync Exit - MemInfo: [/proc/self/status]	VmSwap:	       0 kB
20220313 013221.270 INFO             PET0 PIOc_sync Exit - MemInfo: [/proc/self/status]	VmRSSPercent: 0.113271 %
20220313 013221.270 INFO             PET0 PIOc_sync Exit - MemInfo: [malloc] Non-mmapped space allocated:                 5677056 Byte
20220313 013221.270 INFO             PET0 PIOc_sync Exit - MemInfo: [malloc] Space allocated in mmapped regions:         85999616 Byte
20220313 013221.270 INFO             PET0 PIOc_sync Exit - MemInfo: [malloc] Maximum total allocated space:                     0 Byte
20220313 013221.270 INFO             PET0 PIOc_sync Exit - MemInfo: [malloc] Space in freed fastbin blocks:                   368 Byte
20220313 013221.270 INFO             PET0 PIOc_sync Exit - MemInfo: [malloc] Total allocated space:                       5463680 Byte
20220313 013221.270 INFO             PET0 PIOc_sync Exit - MemInfo: [malloc] Total free space:                             213376 Byte
20220313 013221.270 INFO             PET0 PIOc_sync Exit - MemInfo: [malloc] Top-most, releasable space:                    58400 Byte
20220313 013221.270 INFO             PET0 PIOc_sync Exit - MemInfo: [malloc] Total space in use, mmap + non-mmap:        91463296 Byte
20220313 013221.270 INFO             PET0 PIOc_sync Exit - MemInfo: [malloc] Total space held (mmap + non-mmap):         91676672 Byte
20220313 013221.270 INFO             PET0 PIOc_sync Exit - MemInfo: [malloc] Total space used (mmap + non-mmap):         91472656 Byte
20220313 013221.270 INFO             PET0 PIOc_sync Exit - MemInfo: Wall-clock time since execution start:              0.0308629 seconds
20220313 013221.270 INFO             PET0 PIOc_freedecomp Enter - MemInfo: [/proc/meminfo - SSI]	MemTotal:       131394444 kB
20220313 013221.270 INFO             PET0 PIOc_freedecomp Enter - MemInfo: [/proc/meminfo - SSI]	MemFree:        118867656 kB
20220313 013221.270 INFO             PET0 PIOc_freedecomp Enter - MemInfo: [/proc/meminfo - SSI]	MemAvailable:   118472032 kB
20220313 013221.270 INFO             PET0 PIOc_freedecomp Enter - MemInfo: [/proc/meminfo - SSI]	Committed_AS:    4312800 kB
20220313 013221.270 INFO             PET0 PIOc_freedecomp Enter - MemInfo: [/proc/meminfo - SSI]	CommittedPercent: 3.28233 %
20220313 013221.270 INFO             PET0 PIOc_freedecomp Enter - MemInfo: [/proc/self/status]	VmPeak:	 3886892 kB
20220313 013221.270 INFO             PET0 PIOc_freedecomp Enter - MemInfo: [/proc/self/status]	VmSize:	 3885872 kB
20220313 013221.270 INFO             PET0 PIOc_freedecomp Enter - MemInfo: [/proc/self/status]	VmLck:	       0 kB
20220313 013221.270 INFO             PET0 PIOc_freedecomp Enter - MemInfo: [/proc/self/status]	VmPin:	   82396 kB
20220313 013221.270 INFO             PET0 PIOc_freedecomp Enter - MemInfo: [/proc/self/status]	VmHWM:	  148832 kB
20220313 013221.270 INFO             PET0 PIOc_freedecomp Enter - MemInfo: [/proc/self/status]	VmRSS:	  148832 kB
20220313 013221.270 INFO             PET0 PIOc_freedecomp Enter - MemInfo: [/proc/self/status]	VmData:	  269592 kB
20220313 013221.270 INFO             PET0 PIOc_freedecomp Enter - MemInfo: [/proc/self/status]	VmStk:	     512 kB
20220313 013221.270 INFO             PET0 PIOc_freedecomp Enter - MemInfo: [/proc/self/status]	VmExe:	    2052 kB
20220313 013221.270 INFO             PET0 PIOc_freedecomp Enter - MemInfo: [/proc/self/status]	VmLib:	  104128 kB
20220313 013221.270 INFO             PET0 PIOc_freedecomp Enter - MemInfo: [/proc/self/status]	VmPTE:	     748 kB
20220313 013221.270 INFO             PET0 PIOc_freedecomp Enter - MemInfo: [/proc/self/status]	VmPMD:	      32 kB
20220313 013221.270 INFO             PET0 PIOc_freedecomp Enter - MemInfo: [/proc/self/status]	VmSwap:	       0 kB
20220313 013221.270 INFO             PET0 PIOc_freedecomp Enter - MemInfo: [/proc/self/status]	VmRSSPercent: 0.113271 %
20220313 013221.270 INFO             PET0 PIOc_freedecomp Enter - MemInfo: [malloc] Non-mmapped space allocated:                 5677056 Byte
20220313 013221.270 INFO             PET0 PIOc_freedecomp Enter - MemInfo: [malloc] Space allocated in mmapped regions:         85999616 Byte
20220313 013221.270 INFO             PET0 PIOc_freedecomp Enter - MemInfo: [malloc] Maximum total allocated space:                     0 Byte
20220313 013221.270 INFO             PET0 PIOc_freedecomp Enter - MemInfo: [malloc] Space in freed fastbin blocks:                   528 Byte
20220313 013221.270 INFO             PET0 PIOc_freedecomp Enter - MemInfo: [malloc] Total allocated space:                       2828896 Byte
20220313 013221.270 INFO             PET0 PIOc_freedecomp Enter - MemInfo: [malloc] Total free space:                            2848160 Byte
20220313 013221.270 INFO             PET0 PIOc_freedecomp Enter - MemInfo: [malloc] Top-most, releasable space:                    58400 Byte
20220313 013221.270 INFO             PET0 PIOc_freedecomp Enter - MemInfo: [malloc] Total space in use, mmap + non-mmap:        88828512 Byte
20220313 013221.270 INFO             PET0 PIOc_freedecomp Enter - MemInfo: [malloc] Total space held (mmap + non-mmap):         91676672 Byte
20220313 013221.270 INFO             PET0 PIOc_freedecomp Enter - MemInfo: [malloc] Total space used (mmap + non-mmap):         88837872 Byte
20220313 013221.270 INFO             PET0 PIOc_freedecomp Enter - MemInfo: Wall-clock time since execution start:              0.0312376 seconds
20220313 013221.270 INFO             PET0 PIOc_freedecomp Exit - MemInfo: [/proc/meminfo - SSI]	MemTotal:       131394444 kB
20220313 013221.270 INFO             PET0 PIOc_freedecomp Exit - MemInfo: [/proc/meminfo - SSI]	MemFree:        118867656 kB
20220313 013221.270 INFO             PET0 PIOc_freedecomp Exit - MemInfo: [/proc/meminfo - SSI]	MemAvailable:   118472032 kB
20220313 013221.270 INFO             PET0 PIOc_freedecomp Exit - MemInfo: [/proc/meminfo - SSI]	Committed_AS:    4312800 kB
20220313 013221.270 INFO             PET0 PIOc_freedecomp Exit - MemInfo: [/proc/meminfo - SSI]	CommittedPercent: 3.28233 %
20220313 013221.270 INFO             PET0 PIOc_freedecomp Exit - MemInfo: [/proc/self/status]	VmPeak:	 3886892 kB
20220313 013221.270 INFO             PET0 PIOc_freedecomp Exit - MemInfo: [/proc/self/status]	VmSize:	 3885872 kB
20220313 013221.270 INFO             PET0 PIOc_freedecomp Exit - MemInfo: [/proc/self/status]	VmLck:	       0 kB
20220313 013221.270 INFO             PET0 PIOc_freedecomp Exit - MemInfo: [/proc/self/status]	VmPin:	   82396 kB
20220313 013221.270 INFO             PET0 PIOc_freedecomp Exit - MemInfo: [/proc/self/status]	VmHWM:	  148832 kB
20220313 013221.270 INFO             PET0 PIOc_freedecomp Exit - MemInfo: [/proc/self/status]	VmRSS:	  148832 kB
20220313 013221.270 INFO             PET0 PIOc_freedecomp Exit - MemInfo: [/proc/self/status]	VmData:	  269592 kB
20220313 013221.270 INFO             PET0 PIOc_freedecomp Exit - MemInfo: [/proc/self/status]	VmStk:	     512 kB
20220313 013221.270 INFO             PET0 PIOc_freedecomp Exit - MemInfo: [/proc/self/status]	VmExe:	    2052 kB
20220313 013221.270 INFO             PET0 PIOc_freedecomp Exit - MemInfo: [/proc/self/status]	VmLib:	  104128 kB
20220313 013221.270 INFO             PET0 PIOc_freedecomp Exit - MemInfo: [/proc/self/status]	VmPTE:	     748 kB
20220313 013221.270 INFO             PET0 PIOc_freedecomp Exit - MemInfo: [/proc/self/status]	VmPMD:	      32 kB
20220313 013221.270 INFO             PET0 PIOc_freedecomp Exit - MemInfo: [/proc/self/status]	VmSwap:	       0 kB
20220313 013221.270 INFO             PET0 PIOc_freedecomp Exit - MemInfo: [/proc/self/status]	VmRSSPercent: 0.113271 %
20220313 013221.270 INFO             PET0 PIOc_freedecomp Exit - MemInfo: [malloc] Non-mmapped space allocated:                 5677056 Byte
20220313 013221.270 INFO             PET0 PIOc_freedecomp Exit - MemInfo: [malloc] Space allocated in mmapped regions:         85999616 Byte
20220313 013221.270 INFO             PET0 PIOc_freedecomp Exit - MemInfo: [malloc] Maximum total allocated space:                     0 Byte
20220313 013221.270 INFO             PET0 PIOc_freedecomp Exit - MemInfo: [malloc] Space in freed fastbin blocks:                   448 Byte
20220313 013221.270 INFO             PET0 PIOc_freedecomp Exit - MemInfo: [malloc] Total allocated space:                       2813952 Byte
20220313 013221.270 INFO             PET0 PIOc_freedecomp Exit - MemInfo: [malloc] Total free space:                            2863104 Byte
20220313 013221.270 INFO             PET0 PIOc_freedecomp Exit - MemInfo: [malloc] Top-most, releasable space:                  2725312 Byte
20220313 013221.270 INFO             PET0 PIOc_freedecomp Exit - MemInfo: [malloc] Total space in use, mmap + non-mmap:        88813568 Byte
20220313 013221.270 INFO             PET0 PIOc_freedecomp Exit - MemInfo: [malloc] Total space held (mmap + non-mmap):         91676672 Byte
20220313 013221.270 INFO             PET0 PIOc_freedecomp Exit - MemInfo: [malloc] Total space used (mmap + non-mmap):         88822928 Byte
20220313 013221.270 INFO             PET0 PIOc_freedecomp Exit - MemInfo: Wall-clock time since execution start:              0.0315913 seconds
20220313 013221.270 INFO             PET0  PASS  Read ESMF_Array with Halo from NetCDF Test, ESMF_ArrayIOUTest.F90, line 380
20220313 013221.270 ERROR            PET0 ESMCI_IO_Handler.C:164 ESMCI::IO_Handler::create() Unknown I/O Format
20220313 013221.270 ERROR            PET0 ESMCI_IO.C:264 ESMCI::IO::read() Invalid argument  - Internal subroutine call returned Error
20220313 013221.270 ERROR            PET0 ESMCI_Array.C:3933 ESMCI::Array::read() Invalid argument  - Internal subroutine call returned Error
20220313 013221.270 ERROR            PET0 ESMCI_Array_F.C:831 c_esmc_arrayread() Invalid argument  - Internal subroutine call returned Error
20220313 013221.271 ERROR            PET0 ESMF_ArrayHa.F90:723 ESMF_ArrayRead Invalid argument  - Internal subroutine call returned Error
20220313 013221.271 INFO             PET0  PASS  Read ESMF_Array with Halo from binary Test, ESMF_ArrayIOUTest.F90, line 394
20220313 013221.271 INFO             PET0  PASS  Compare read in data to the existing NetCDF data - 3D with halo, ESMF_ArrayIOUTest.F90, line 412
20220313 013221.271 ERROR            PET0 ESMCI_Array.C:3914 ESMCI::Array::read() Invalid argument  - Array variable name not allowed in binary mode
20220313 013221.271 ERROR            PET0 ESMCI_Array_F.C:831 c_esmc_arrayread() Invalid argument  - Internal subroutine call returned Error
20220313 013221.271 ERROR            PET0 ESMF_ArrayHa.F90:723 ESMF_ArrayRead Invalid argument  - Internal subroutine call returned Error
20220313 013221.271 INFO             PET0  PASS  Read ESMF_Array variable with Halo from binary Test, ESMF_ArrayIOUTest.F90, line 430
20220313 013221.272 INFO             PET0 PIOc_sync Enter - MemInfo: [/proc/meminfo - SSI]	MemTotal:       131394444 kB
20220313 013221.272 INFO             PET0 PIOc_sync Enter - MemInfo: [/proc/meminfo - SSI]	MemFree:        118867656 kB
20220313 013221.272 INFO             PET0 PIOc_sync Enter - MemInfo: [/proc/meminfo - SSI]	MemAvailable:   118472032 kB
20220313 013221.272 INFO             PET0 PIOc_sync Enter - MemInfo: [/proc/meminfo - SSI]	Committed_AS:    4312800 kB
20220313 013221.272 INFO             PET0 PIOc_sync Enter - MemInfo: [/proc/meminfo - SSI]	CommittedPercent: 3.28233 %
20220313 013221.272 INFO             PET0 PIOc_sync Enter - MemInfo: [/proc/self/status]	VmPeak:	 3886892 kB
20220313 013221.272 INFO             PET0 PIOc_sync Enter - MemInfo: [/proc/self/status]	VmSize:	 3885872 kB
20220313 013221.272 INFO             PET0 PIOc_sync Enter - MemInfo: [/proc/self/status]	VmLck:	       0 kB
20220313 013221.272 INFO             PET0 PIOc_sync Enter - MemInfo: [/proc/self/status]	VmPin:	   82396 kB
20220313 013221.272 INFO             PET0 PIOc_sync Enter - MemInfo: [/proc/self/status]	VmHWM:	  148912 kB
20220313 013221.272 INFO             PET0 PIOc_sync Enter - MemInfo: [/proc/self/status]	VmRSS:	  148912 kB
20220313 013221.272 INFO             PET0 PIOc_sync Enter - MemInfo: [/proc/self/status]	VmData:	  269592 kB
20220313 013221.272 INFO             PET0 PIOc_sync Enter - MemInfo: [/proc/self/status]	VmStk:	     512 kB
20220313 013221.272 INFO             PET0 PIOc_sync Enter - MemInfo: [/proc/self/status]	VmExe:	    2052 kB
20220313 013221.272 INFO             PET0 PIOc_sync Enter - MemInfo: [/proc/self/status]	VmLib:	  104128 kB
20220313 013221.272 INFO             PET0 PIOc_sync Enter - MemInfo: [/proc/self/status]	VmPTE:	     748 kB
20220313 013221.272 INFO             PET0 PIOc_sync Enter - MemInfo: [/proc/self/status]	VmPMD:	      32 kB
20220313 013221.272 INFO             PET0 PIOc_sync Enter - MemInfo: [/proc/self/status]	VmSwap:	       0 kB
20220313 013221.272 INFO             PET0 PIOc_sync Enter - MemInfo: [/proc/self/status]	VmRSSPercent: 0.113332 %
20220313 013221.272 INFO             PET0 PIOc_sync Enter - MemInfo: [malloc] Non-mmapped space allocated:                 5677056 Byte
20220313 013221.272 INFO             PET0 PIOc_sync Enter - MemInfo: [malloc] Space allocated in mmapped regions:         85999616 Byte
20220313 013221.272 INFO             PET0 PIOc_sync Enter - MemInfo: [malloc] Maximum total allocated space:                     0 Byte
20220313 013221.272 INFO             PET0 PIOc_sync Enter - MemInfo: [malloc] Space in freed fastbin blocks:                   448 Byte
20220313 013221.272 INFO             PET0 PIOc_sync Enter - MemInfo: [malloc] Total allocated space:                       5468480 Byte
20220313 013221.272 INFO             PET0 PIOc_sync Enter - MemInfo: [malloc] Total free space:                             208576 Byte
20220313 013221.272 INFO             PET0 PIOc_sync Enter - MemInfo: [malloc] Top-most, releasable space:                    58400 Byte
20220313 013221.272 INFO             PET0 PIOc_sync Enter - MemInfo: [malloc] Total space in use, mmap + non-mmap:        91468096 Byte
20220313 013221.272 INFO             PET0 PIOc_sync Enter - MemInfo: [malloc] Total space held (mmap + non-mmap):         91676672 Byte
20220313 013221.272 INFO             PET0 PIOc_sync Enter - MemInfo: [malloc] Total space used (mmap + non-mmap):         91477456 Byte
20220313 013221.272 INFO             PET0 PIOc_sync Enter - MemInfo: Wall-clock time since execution start:               0.033318 seconds
20220313 013221.272 INFO             PET0 PIOc_sync Exit - MemInfo: [/proc/meminfo - SSI]	MemTotal:       131394444 kB
20220313 013221.272 INFO             PET0 PIOc_sync Exit - MemInfo: [/proc/meminfo - SSI]	MemFree:        118867656 kB
20220313 013221.272 INFO             PET0 PIOc_sync Exit - MemInfo: [/proc/meminfo - SSI]	MemAvailable:   118472032 kB
20220313 013221.272 INFO             PET0 PIOc_sync Exit - MemInfo: [/proc/meminfo - SSI]	Committed_AS:    4312800 kB
20220313 013221.272 INFO             PET0 PIOc_sync Exit - MemInfo: [/proc/meminfo - SSI]	CommittedPercent: 3.28233 %
20220313 013221.272 INFO             PET0 PIOc_sync Exit - MemInfo: [/proc/self/status]	VmPeak:	 3886892 kB
20220313 013221.272 INFO             PET0 PIOc_sync Exit - MemInfo: [/proc/self/status]	VmSize:	 3885872 kB
20220313 013221.272 INFO             PET0 PIOc_sync Exit - MemInfo: [/proc/self/status]	VmLck:	       0 kB
20220313 013221.272 INFO             PET0 PIOc_sync Exit - MemInfo: [/proc/self/status]	VmPin:	   82396 kB
20220313 013221.272 INFO             PET0 PIOc_sync Exit - MemInfo: [/proc/self/status]	VmHWM:	  148924 kB
20220313 013221.272 INFO             PET0 PIOc_sync Exit - MemInfo: [/proc/self/status]	VmRSS:	  148924 kB
20220313 013221.272 INFO             PET0 PIOc_sync Exit - MemInfo: [/proc/self/status]	VmData:	  269592 kB
20220313 013221.272 INFO             PET0 PIOc_sync Exit - MemInfo: [/proc/self/status]	VmStk:	     512 kB
20220313 013221.272 INFO             PET0 PIOc_sync Exit - MemInfo: [/proc/self/status]	VmExe:	    2052 kB
20220313 013221.272 INFO             PET0 PIOc_sync Exit - MemInfo: [/proc/self/status]	VmLib:	  104128 kB
20220313 013221.272 INFO             PET0 PIOc_sync Exit - MemInfo: [/proc/self/status]	VmPTE:	     748 kB
20220313 013221.272 INFO             PET0 PIOc_sync Exit - MemInfo: [/proc/self/status]	VmPMD:	      32 kB
20220313 013221.272 INFO             PET0 PIOc_sync Exit - MemInfo: [/proc/self/status]	VmSwap:	       0 kB
20220313 013221.272 INFO             PET0 PIOc_sync Exit - MemInfo: [/proc/self/status]	VmRSSPercent: 0.113341 %
20220313 013221.272 INFO             PET0 PIOc_sync Exit - MemInfo: [malloc] Non-mmapped space allocated:                 5677056 Byte
20220313 013221.272 INFO             PET0 PIOc_sync Exit - MemInfo: [malloc] Space allocated in mmapped regions:         85999616 Byte
20220313 013221.273 INFO             PET0 PIOc_sync Exit - MemInfo: [malloc] Maximum total allocated space:                     0 Byte
20220313 013221.273 INFO             PET0 PIOc_sync Exit - MemInfo: [malloc] Space in freed fastbin blocks:                   752 Byte
20220313 013221.273 INFO             PET0 PIOc_sync Exit - MemInfo: [malloc] Total allocated space:                       5464608 Byte
20220313 013221.273 INFO             PET0 PIOc_sync Exit - MemInfo: [malloc] Total free space:                             212448 Byte
20220313 013221.273 INFO             PET0 PIOc_sync Exit - MemInfo: [malloc] Top-most, releasable space:                    58400 Byte
20220313 013221.273 INFO             PET0 PIOc_sync Exit - MemInfo: [malloc] Total space in use, mmap + non-mmap:        91464224 Byte
20220313 013221.273 INFO             PET0 PIOc_sync Exit - MemInfo: [malloc] Total space held (mmap + non-mmap):         91676672 Byte
20220313 013221.273 INFO             PET0 PIOc_sync Exit - MemInfo: [malloc] Total space used (mmap + non-mmap):         91473584 Byte
20220313 013221.273 INFO             PET0 PIOc_sync Exit - MemInfo: Wall-clock time since execution start:              0.0337509 seconds
20220313 013221.273 INFO             PET0 PIOc_freedecomp Enter - MemInfo: [/proc/meminfo - SSI]	MemTotal:       131394444 kB
20220313 013221.273 INFO             PET0 PIOc_freedecomp Enter - MemInfo: [/proc/meminfo - SSI]	MemFree:        118867656 kB
20220313 013221.273 INFO             PET0 PIOc_freedecomp Enter - MemInfo: [/proc/meminfo - SSI]	MemAvailable:   118472032 kB
20220313 013221.273 INFO             PET0 PIOc_freedecomp Enter - MemInfo: [/proc/meminfo - SSI]	Committed_AS:    4312800 kB
20220313 013221.273 INFO             PET0 PIOc_freedecomp Enter - MemInfo: [/proc/meminfo - SSI]	CommittedPercent: 3.28233 %
20220313 013221.273 INFO             PET0 PIOc_freedecomp Enter - MemInfo: [/proc/self/status]	VmPeak:	 3886892 kB
20220313 013221.273 INFO             PET0 PIOc_freedecomp Enter - MemInfo: [/proc/self/status]	VmSize:	 3885872 kB
20220313 013221.273 INFO             PET0 PIOc_freedecomp Enter - MemInfo: [/proc/self/status]	VmLck:	       0 kB
20220313 013221.273 INFO             PET0 PIOc_freedecomp Enter - MemInfo: [/proc/self/status]	VmPin:	   82396 kB
20220313 013221.273 INFO             PET0 PIOc_freedecomp Enter - MemInfo: [/proc/self/status]	VmHWM:	  148924 kB
20220313 013221.273 INFO             PET0 PIOc_freedecomp Enter - MemInfo: [/proc/self/status]	VmRSS:	  148924 kB
20220313 013221.273 INFO             PET0 PIOc_freedecomp Enter - MemInfo: [/proc/self/status]	VmData:	  269592 kB
20220313 013221.273 INFO             PET0 PIOc_freedecomp Enter - MemInfo: [/proc/self/status]	VmStk:	     512 kB
20220313 013221.273 INFO             PET0 PIOc_freedecomp Enter - MemInfo: [/proc/self/status]	VmExe:	    2052 kB
20220313 013221.273 INFO             PET0 PIOc_freedecomp Enter - MemInfo: [/proc/self/status]	VmLib:	  104128 kB
20220313 013221.273 INFO             PET0 PIOc_freedecomp Enter - MemInfo: [/proc/self/status]	VmPTE:	     748 kB
20220313 013221.273 INFO             PET0 PIOc_freedecomp Enter - MemInfo: [/proc/self/status]	VmPMD:	      32 kB
20220313 013221.273 INFO             PET0 PIOc_freedecomp Enter - MemInfo: [/proc/self/status]	VmSwap:	       0 kB
20220313 013221.273 INFO             PET0 PIOc_freedecomp Enter - MemInfo: [/proc/self/status]	VmRSSPercent: 0.113341 %
20220313 013221.273 INFO             PET0 PIOc_freedecomp Enter - MemInfo: [malloc] Non-mmapped space allocated:                 5677056 Byte
20220313 013221.273 INFO             PET0 PIOc_freedecomp Enter - MemInfo: [malloc] Space allocated in mmapped regions:         85999616 Byte
20220313 013221.273 INFO             PET0 PIOc_freedecomp Enter - MemInfo: [malloc] Maximum total allocated space:                     0 Byte
20220313 013221.273 INFO             PET0 PIOc_freedecomp Enter - MemInfo: [malloc] Space in freed fastbin blocks:                   608 Byte
20220313 013221.273 INFO             PET0 PIOc_freedecomp Enter - MemInfo: [malloc] Total allocated space:                       2829008 Byte
20220313 013221.273 INFO             PET0 PIOc_freedecomp Enter - MemInfo: [malloc] Total free space:                            2848048 Byte
20220313 013221.273 INFO             PET0 PIOc_freedecomp Enter - MemInfo: [malloc] Top-most, releasable space:                    58400 Byte
20220313 013221.273 INFO             PET0 PIOc_freedecomp Enter - MemInfo: [malloc] Total space in use, mmap + non-mmap:        88828624 Byte
20220313 013221.273 INFO             PET0 PIOc_freedecomp Enter - MemInfo: [malloc] Total space held (mmap + non-mmap):         91676672 Byte
20220313 013221.273 INFO             PET0 PIOc_freedecomp Enter - MemInfo: [malloc] Total space used (mmap + non-mmap):         88837984 Byte
20220313 013221.273 INFO             PET0 PIOc_freedecomp Enter - MemInfo: Wall-clock time since execution start:              0.0341296 seconds
20220313 013221.273 INFO             PET0 PIOc_freedecomp Exit - MemInfo: [/proc/meminfo - SSI]	MemTotal:       131394444 kB
20220313 013221.273 INFO             PET0 PIOc_freedecomp Exit - MemInfo: [/proc/meminfo - SSI]	MemFree:        118867656 kB
20220313 013221.273 INFO             PET0 PIOc_freedecomp Exit - MemInfo: [/proc/meminfo - SSI]	MemAvailable:   118472032 kB
20220313 013221.273 INFO             PET0 PIOc_freedecomp Exit - MemInfo: [/proc/meminfo - SSI]	Committed_AS:    4312800 kB
20220313 013221.273 INFO             PET0 PIOc_freedecomp Exit - MemInfo: [/proc/meminfo - SSI]	CommittedPercent: 3.28233 %
20220313 013221.273 INFO             PET0 PIOc_freedecomp Exit - MemInfo: [/proc/self/status]	VmPeak:	 3886892 kB
20220313 013221.273 INFO             PET0 PIOc_freedecomp Exit - MemInfo: [/proc/self/status]	VmSize:	 3885872 kB
20220313 013221.273 INFO             PET0 PIOc_freedecomp Exit - MemInfo: [/proc/self/status]	VmLck:	       0 kB
20220313 013221.273 INFO             PET0 PIOc_freedecomp Exit - MemInfo: [/proc/self/status]	VmPin:	   82396 kB
20220313 013221.273 INFO             PET0 PIOc_freedecomp Exit - MemInfo: [/proc/self/status]	VmHWM:	  148924 kB
20220313 013221.273 INFO             PET0 PIOc_freedecomp Exit - MemInfo: [/proc/self/status]	VmRSS:	  148924 kB
20220313 013221.273 INFO             PET0 PIOc_freedecomp Exit - MemInfo: [/proc/self/status]	VmData:	  269592 kB
20220313 013221.273 INFO             PET0 PIOc_freedecomp Exit - MemInfo: [/proc/self/status]	VmStk:	     512 kB
20220313 013221.273 INFO             PET0 PIOc_freedecomp Exit - MemInfo: [/proc/self/status]	VmExe:	    2052 kB
20220313 013221.273 INFO             PET0 PIOc_freedecomp Exit - MemInfo: [/proc/self/status]	VmLib:	  104128 kB
20220313 013221.273 INFO             PET0 PIOc_freedecomp Exit - MemInfo: [/proc/self/status]	VmPTE:	     748 kB
20220313 013221.273 INFO             PET0 PIOc_freedecomp Exit - MemInfo: [/proc/self/status]	VmPMD:	      32 kB
20220313 013221.273 INFO             PET0 PIOc_freedecomp Exit - MemInfo: [/proc/self/status]	VmSwap:	       0 kB
20220313 013221.273 INFO             PET0 PIOc_freedecomp Exit - MemInfo: [/proc/self/status]	VmRSSPercent: 0.113341 %
20220313 013221.273 INFO             PET0 PIOc_freedecomp Exit - MemInfo: [malloc] Non-mmapped space allocated:                 5677056 Byte
20220313 013221.273 INFO             PET0 PIOc_freedecomp Exit - MemInfo: [malloc] Space allocated in mmapped regions:         85999616 Byte
20220313 013221.273 INFO             PET0 PIOc_freedecomp Exit - MemInfo: [malloc] Maximum total allocated space:                     0 Byte
20220313 013221.273 INFO             PET0 PIOc_freedecomp Exit - MemInfo: [malloc] Space in freed fastbin blocks:                   352 Byte
20220313 013221.273 INFO             PET0 PIOc_freedecomp Exit - MemInfo: [malloc] Total allocated space:                       2814064 Byte
20220313 013221.273 INFO             PET0 PIOc_freedecomp Exit - MemInfo: [malloc] Total free space:                            2862992 Byte
20220313 013221.273 INFO             PET0 PIOc_freedecomp Exit - MemInfo: [malloc] Top-most, releasable space:                  2725312 Byte
20220313 013221.273 INFO             PET0 PIOc_freedecomp Exit - MemInfo: [malloc] Total space in use, mmap + non-mmap:        88813680 Byte
20220313 013221.273 INFO             PET0 PIOc_freedecomp Exit - MemInfo: [malloc] Total space held (mmap + non-mmap):         91676672 Byte
20220313 013221.273 INFO             PET0 PIOc_freedecomp Exit - MemInfo: [malloc] Total space used (mmap + non-mmap):         88823040 Byte
20220313 013221.273 INFO             PET0 PIOc_freedecomp Exit - MemInfo: Wall-clock time since execution start:               0.034483 seconds
20220313 013221.273 INFO             PET0  PASS  Write ESMF_Array with Halo to NetCDF variable copy Test, ESMF_ArrayIOUTest.F90, line 442
20220313 013221.273 INFO             PET0  PASS  Destroy Array with Halo, ESMF_ArrayIOUTest.F90, line 453
20220313 013221.273 INFO             PET0  PASS  Destroy Array without Halo, ESMF_ArrayIOUTest.F90, line 460
20220313 013221.273 INFO             PET0  PASS  Destroy DistGrid, ESMF_ArrayIOUTest.F90, line 467
20220313 013221.273 INFO             PET0  PASS  dstDistgrid Create Test, ESMF_ArrayIOUTest.F90, line 485
20220313 013221.273 INFO             PET0  PASS  Array Spec Set Test, ESMF_ArrayIOUTest.F90, line 493
20220313 013221.274 INFO             PET0  PASS  Array with Halo Create Test, ESMF_ArrayIOUTest.F90, line 507
20220313 013221.274 INFO             PET0  PASS  Array without Halo Create Test, ESMF_ArrayIOUTest.F90, line 517
20220313 013221.275 INFO             PET0 PIOc_sync Enter - MemInfo: [/proc/meminfo - SSI]	MemTotal:       131394444 kB
20220313 013221.275 INFO             PET0 PIOc_sync Enter - MemInfo: [/proc/meminfo - SSI]	MemFree:        118867160 kB
20220313 013221.275 INFO             PET0 PIOc_sync Enter - MemInfo: [/proc/meminfo - SSI]	MemAvailable:   118471536 kB
20220313 013221.275 INFO             PET0 PIOc_sync Enter - MemInfo: [/proc/meminfo - SSI]	Committed_AS:    4312800 kB
20220313 013221.275 INFO             PET0 PIOc_sync Enter - MemInfo: [/proc/meminfo - SSI]	CommittedPercent: 3.28233 %
20220313 013221.275 INFO             PET0 PIOc_sync Enter - MemInfo: [/proc/self/status]	VmPeak:	 3886892 kB
20220313 013221.275 INFO             PET0 PIOc_sync Enter - MemInfo: [/proc/self/status]	VmSize:	 3885872 kB
20220313 013221.275 INFO             PET0 PIOc_sync Enter - MemInfo: [/proc/self/status]	VmLck:	       0 kB
20220313 013221.275 INFO             PET0 PIOc_sync Enter - MemInfo: [/proc/self/status]	VmPin:	   82396 kB
20220313 013221.275 INFO             PET0 PIOc_sync Enter - MemInfo: [/proc/self/status]	VmHWM:	  149108 kB
20220313 013221.275 INFO             PET0 PIOc_sync Enter - MemInfo: [/proc/self/status]	VmRSS:	  149108 kB
20220313 013221.275 INFO             PET0 PIOc_sync Enter - MemInfo: [/proc/self/status]	VmData:	  269592 kB
20220313 013221.275 INFO             PET0 PIOc_sync Enter - MemInfo: [/proc/self/status]	VmStk:	     512 kB
20220313 013221.275 INFO             PET0 PIOc_sync Enter - MemInfo: [/proc/self/status]	VmExe:	    2052 kB
20220313 013221.275 INFO             PET0 PIOc_sync Enter - MemInfo: [/proc/self/status]	VmLib:	  104128 kB
20220313 013221.275 INFO             PET0 PIOc_sync Enter - MemInfo: [/proc/self/status]	VmPTE:	     748 kB
20220313 013221.275 INFO             PET0 PIOc_sync Enter - MemInfo: [/proc/self/status]	VmPMD:	      32 kB
20220313 013221.275 INFO             PET0 PIOc_sync Enter - MemInfo: [/proc/self/status]	VmSwap:	       0 kB
20220313 013221.275 INFO             PET0 PIOc_sync Enter - MemInfo: [/proc/self/status]	VmRSSPercent: 0.113481 %
20220313 013221.275 INFO             PET0 PIOc_sync Enter - MemInfo: [malloc] Non-mmapped space allocated:                 5677056 Byte
20220313 013221.275 INFO             PET0 PIOc_sync Enter - MemInfo: [malloc] Space allocated in mmapped regions:         85999616 Byte
20220313 013221.275 INFO             PET0 PIOc_sync Enter - MemInfo: [malloc] Maximum total allocated space:                     0 Byte
20220313 013221.275 INFO             PET0 PIOc_sync Enter - MemInfo: [malloc] Space in freed fastbin blocks:                   448 Byte
20220313 013221.275 INFO             PET0 PIOc_sync Enter - MemInfo: [malloc] Total allocated space:                       5460320 Byte
20220313 013221.275 INFO             PET0 PIOc_sync Enter - MemInfo: [malloc] Total free space:                             216736 Byte
20220313 013221.275 INFO             PET0 PIOc_sync Enter - MemInfo: [malloc] Top-most, releasable space:                    82192 Byte
20220313 013221.275 INFO             PET0 PIOc_sync Enter - MemInfo: [malloc] Total space in use, mmap + non-mmap:        91459936 Byte
20220313 013221.275 INFO             PET0 PIOc_sync Enter - MemInfo: [malloc] Total space held (mmap + non-mmap):         91676672 Byte
20220313 013221.275 INFO             PET0 PIOc_sync Enter - MemInfo: [malloc] Total space used (mmap + non-mmap):         91469296 Byte
20220313 013221.275 INFO             PET0 PIOc_sync Enter - MemInfo: Wall-clock time since execution start:              0.0364395 seconds
20220313 013221.275 INFO             PET0 PIOc_sync Exit - MemInfo: [/proc/meminfo - SSI]	MemTotal:       131394444 kB
20220313 013221.275 INFO             PET0 PIOc_sync Exit - MemInfo: [/proc/meminfo - SSI]	MemFree:        118867160 kB
20220313 013221.275 INFO             PET0 PIOc_sync Exit - MemInfo: [/proc/meminfo - SSI]	MemAvailable:   118471536 kB
20220313 013221.275 INFO             PET0 PIOc_sync Exit - MemInfo: [/proc/meminfo - SSI]	Committed_AS:    4312800 kB
20220313 013221.276 INFO             PET0 PIOc_sync Exit - MemInfo: [/proc/meminfo - SSI]	CommittedPercent: 3.28233 %
20220313 013221.276 INFO             PET0 PIOc_sync Exit - MemInfo: [/proc/self/status]	VmPeak:	 3886892 kB
20220313 013221.276 INFO             PET0 PIOc_sync Exit - MemInfo: [/proc/self/status]	VmSize:	 3885872 kB
20220313 013221.276 INFO             PET0 PIOc_sync Exit - MemInfo: [/proc/self/status]	VmLck:	       0 kB
20220313 013221.276 INFO             PET0 PIOc_sync Exit - MemInfo: [/proc/self/status]	VmPin:	   82396 kB
20220313 013221.276 INFO             PET0 PIOc_sync Exit - MemInfo: [/proc/self/status]	VmHWM:	  149144 kB
20220313 013221.276 INFO             PET0 PIOc_sync Exit - MemInfo: [/proc/self/status]	VmRSS:	  149144 kB
20220313 013221.276 INFO             PET0 PIOc_sync Exit - MemInfo: [/proc/self/status]	VmData:	  269592 kB
20220313 013221.276 INFO             PET0 PIOc_sync Exit - MemInfo: [/proc/self/status]	VmStk:	     512 kB
20220313 013221.276 INFO             PET0 PIOc_sync Exit - MemInfo: [/proc/self/status]	VmExe:	    2052 kB
20220313 013221.276 INFO             PET0 PIOc_sync Exit - MemInfo: [/proc/self/status]	VmLib:	  104128 kB
20220313 013221.276 INFO             PET0 PIOc_sync Exit - MemInfo: [/proc/self/status]	VmPTE:	     748 kB
20220313 013221.276 INFO             PET0 PIOc_sync Exit - MemInfo: [/proc/self/status]	VmPMD:	      32 kB
20220313 013221.276 INFO             PET0 PIOc_sync Exit - MemInfo: [/proc/self/status]	VmSwap:	       0 kB
20220313 013221.276 INFO             PET0 PIOc_sync Exit - MemInfo: [/proc/self/status]	VmRSSPercent: 0.113509 %
20220313 013221.276 INFO             PET0 PIOc_sync Exit - MemInfo: [malloc] Non-mmapped space allocated:                 5677056 Byte
20220313 013221.276 INFO             PET0 PIOc_sync Exit - MemInfo: [malloc] Space allocated in mmapped regions:         85999616 Byte
20220313 013221.276 INFO             PET0 PIOc_sync Exit - MemInfo: [malloc] Maximum total allocated space:                     0 Byte
20220313 013221.276 INFO             PET0 PIOc_sync Exit - MemInfo: [malloc] Space in freed fastbin blocks:                   672 Byte
20220313 013221.276 INFO             PET0 PIOc_sync Exit - MemInfo: [malloc] Total allocated space:                       5458896 Byte
20220313 013221.276 INFO             PET0 PIOc_sync Exit - MemInfo: [malloc] Total free space:                             218160 Byte
20220313 013221.276 INFO             PET0 PIOc_sync Exit - MemInfo: [malloc] Top-most, releasable space:                    82192 Byte
20220313 013221.276 INFO             PET0 PIOc_sync Exit - MemInfo: [malloc] Total space in use, mmap + non-mmap:        91458512 Byte
20220313 013221.276 INFO             PET0 PIOc_sync Exit - MemInfo: [malloc] Total space held (mmap + non-mmap):         91676672 Byte
20220313 013221.276 INFO             PET0 PIOc_sync Exit - MemInfo: [malloc] Total space used (mmap + non-mmap):         91467872 Byte
20220313 013221.276 INFO             PET0 PIOc_sync Exit - MemInfo: Wall-clock time since execution start:              0.0369962 seconds
20220313 013221.276 INFO             PET0 PIOc_freedecomp Enter - MemInfo: [/proc/meminfo - SSI]	MemTotal:       131394444 kB
20220313 013221.276 INFO             PET0 PIOc_freedecomp Enter - MemInfo: [/proc/meminfo - SSI]	MemFree:        118867160 kB
20220313 013221.276 INFO             PET0 PIOc_freedecomp Enter - MemInfo: [/proc/meminfo - SSI]	MemAvailable:   118471536 kB
20220313 013221.276 INFO             PET0 PIOc_freedecomp Enter - MemInfo: [/proc/meminfo - SSI]	Committed_AS:    4312800 kB
20220313 013221.276 INFO             PET0 PIOc_freedecomp Enter - MemInfo: [/proc/meminfo - SSI]	CommittedPercent: 3.28233 %
20220313 013221.276 INFO             PET0 PIOc_freedecomp Enter - MemInfo: [/proc/self/status]	VmPeak:	 3886892 kB
20220313 013221.276 INFO             PET0 PIOc_freedecomp Enter - MemInfo: [/proc/self/status]	VmSize:	 3885872 kB
20220313 013221.276 INFO             PET0 PIOc_freedecomp Enter - MemInfo: [/proc/self/status]	VmLck:	       0 kB
20220313 013221.276 INFO             PET0 PIOc_freedecomp Enter - MemInfo: [/proc/self/status]	VmPin:	   82396 kB
20220313 013221.276 INFO             PET0 PIOc_freedecomp Enter - MemInfo: [/proc/self/status]	VmHWM:	  149144 kB
20220313 013221.276 INFO             PET0 PIOc_freedecomp Enter - MemInfo: [/proc/self/status]	VmRSS:	  149144 kB
20220313 013221.276 INFO             PET0 PIOc_freedecomp Enter - MemInfo: [/proc/self/status]	VmData:	  269592 kB
20220313 013221.276 INFO             PET0 PIOc_freedecomp Enter - MemInfo: [/proc/self/status]	VmStk:	     512 kB
20220313 013221.276 INFO             PET0 PIOc_freedecomp Enter - MemInfo: [/proc/self/status]	VmExe:	    2052 kB
20220313 013221.276 INFO             PET0 PIOc_freedecomp Enter - MemInfo: [/proc/self/status]	VmLib:	  104128 kB
20220313 013221.276 INFO             PET0 PIOc_freedecomp Enter - MemInfo: [/proc/self/status]	VmPTE:	     748 kB
20220313 013221.276 INFO             PET0 PIOc_freedecomp Enter - MemInfo: [/proc/self/status]	VmPMD:	      32 kB
20220313 013221.276 INFO             PET0 PIOc_freedecomp Enter - MemInfo: [/proc/self/status]	VmSwap:	       0 kB
20220313 013221.276 INFO             PET0 PIOc_freedecomp Enter - MemInfo: [/proc/self/status]	VmRSSPercent: 0.113509 %
20220313 013221.276 INFO             PET0 PIOc_freedecomp Enter - MemInfo: [malloc] Non-mmapped space allocated:                 5677056 Byte
20220313 013221.276 INFO             PET0 PIOc_freedecomp Enter - MemInfo: [malloc] Space allocated in mmapped regions:         85999616 Byte
20220313 013221.276 INFO             PET0 PIOc_freedecomp Enter - MemInfo: [malloc] Maximum total allocated space:                     0 Byte
20220313 013221.276 INFO             PET0 PIOc_freedecomp Enter - MemInfo: [malloc] Space in freed fastbin blocks:                   624 Byte
20220313 013221.276 INFO             PET0 PIOc_freedecomp Enter - MemInfo: [malloc] Total allocated space:                       2824176 Byte
20220313 013221.276 INFO             PET0 PIOc_freedecomp Enter - MemInfo: [malloc] Total free space:                            2852880 Byte
20220313 013221.276 INFO             PET0 PIOc_freedecomp Enter - MemInfo: [malloc] Top-most, releasable space:                    92688 Byte
20220313 013221.276 INFO             PET0 PIOc_freedecomp Enter - MemInfo: [malloc] Total space in use, mmap + non-mmap:        88823792 Byte
20220313 013221.276 INFO             PET0 PIOc_freedecomp Enter - MemInfo: [malloc] Total space held (mmap + non-mmap):         91676672 Byte
20220313 013221.276 INFO             PET0 PIOc_freedecomp Enter - MemInfo: [malloc] Total space used (mmap + non-mmap):         88833152 Byte
20220313 013221.276 INFO             PET0 PIOc_freedecomp Enter - MemInfo: Wall-clock time since execution start:              0.0373767 seconds
20220313 013221.276 INFO             PET0 PIOc_freedecomp Exit - MemInfo: [/proc/meminfo - SSI]	MemTotal:       131394444 kB
20220313 013221.276 INFO             PET0 PIOc_freedecomp Exit - MemInfo: [/proc/meminfo - SSI]	MemFree:        118867160 kB
20220313 013221.276 INFO             PET0 PIOc_freedecomp Exit - MemInfo: [/proc/meminfo - SSI]	MemAvailable:   118471536 kB
20220313 013221.276 INFO             PET0 PIOc_freedecomp Exit - MemInfo: [/proc/meminfo - SSI]	Committed_AS:    4312800 kB
20220313 013221.276 INFO             PET0 PIOc_freedecomp Exit - MemInfo: [/proc/meminfo - SSI]	CommittedPercent: 3.28233 %
20220313 013221.276 INFO             PET0 PIOc_freedecomp Exit - MemInfo: [/proc/self/status]	VmPeak:	 3886892 kB
20220313 013221.276 INFO             PET0 PIOc_freedecomp Exit - MemInfo: [/proc/self/status]	VmSize:	 3885872 kB
20220313 013221.276 INFO             PET0 PIOc_freedecomp Exit - MemInfo: [/proc/self/status]	VmLck:	       0 kB
20220313 013221.276 INFO             PET0 PIOc_freedecomp Exit - MemInfo: [/proc/self/status]	VmPin:	   82396 kB
20220313 013221.276 INFO             PET0 PIOc_freedecomp Exit - MemInfo: [/proc/self/status]	VmHWM:	  149144 kB
20220313 013221.276 INFO             PET0 PIOc_freedecomp Exit - MemInfo: [/proc/self/status]	VmRSS:	  149144 kB
20220313 013221.276 INFO             PET0 PIOc_freedecomp Exit - MemInfo: [/proc/self/status]	VmData:	  269592 kB
20220313 013221.276 INFO             PET0 PIOc_freedecomp Exit - MemInfo: [/proc/self/status]	VmStk:	     512 kB
20220313 013221.276 INFO             PET0 PIOc_freedecomp Exit - MemInfo: [/proc/self/status]	VmExe:	    2052 kB
20220313 013221.276 INFO             PET0 PIOc_freedecomp Exit - MemInfo: [/proc/self/status]	VmLib:	  104128 kB
20220313 013221.276 INFO             PET0 PIOc_freedecomp Exit - MemInfo: [/proc/self/status]	VmPTE:	     748 kB
20220313 013221.276 INFO             PET0 PIOc_freedecomp Exit - MemInfo: [/proc/self/status]	VmPMD:	      32 kB
20220313 013221.276 INFO             PET0 PIOc_freedecomp Exit - MemInfo: [/proc/self/status]	VmSwap:	       0 kB
20220313 013221.276 INFO             PET0 PIOc_freedecomp Exit - MemInfo: [/proc/self/status]	VmRSSPercent: 0.113509 %
20220313 013221.276 INFO             PET0 PIOc_freedecomp Exit - MemInfo: [malloc] Non-mmapped space allocated:                 5677056 Byte
20220313 013221.276 INFO             PET0 PIOc_freedecomp Exit - MemInfo: [malloc] Space allocated in mmapped regions:         85999616 Byte
20220313 013221.276 INFO             PET0 PIOc_freedecomp Exit - MemInfo: [malloc] Maximum total allocated space:                     0 Byte
20220313 013221.277 INFO             PET0 PIOc_freedecomp Exit - MemInfo: [malloc] Space in freed fastbin blocks:                   272 Byte
20220313 013221.277 INFO             PET0 PIOc_freedecomp Exit - MemInfo: [malloc] Total allocated space:                       2821312 Byte
20220313 013221.277 INFO             PET0 PIOc_freedecomp Exit - MemInfo: [malloc] Total free space:                            2855744 Byte
20220313 013221.277 INFO             PET0 PIOc_freedecomp Exit - MemInfo: [malloc] Top-most, releasable space:                  2722000 Byte
20220313 013221.277 INFO             PET0 PIOc_freedecomp Exit - MemInfo: [malloc] Total space in use, mmap + non-mmap:        88820928 Byte
20220313 013221.277 INFO             PET0 PIOc_freedecomp Exit - MemInfo: [malloc] Total space held (mmap + non-mmap):         91676672 Byte
20220313 013221.277 INFO             PET0 PIOc_freedecomp Exit - MemInfo: [malloc] Total space used (mmap + non-mmap):         88830288 Byte
20220313 013221.277 INFO             PET0 PIOc_freedecomp Exit - MemInfo: Wall-clock time since execution start:              0.0377474 seconds
20220313 013221.277 INFO             PET0  PASS  Write 2D ESMF_Array with Halo to NetCDF Test, ESMF_ArrayIOUTest.F90, line 547
20220313 013221.277 WARNING          PET0 ESMCI_PIO_Handler.C:1344 ESMCI::PIO_Handler::open()  Unable to set fill on file: file2D_withhalo.nc, (PIO/NetCDF error = NetCDF: Write to read only)
20220313 013221.277 INFO             PET0 PIOc_sync Enter - MemInfo: [/proc/meminfo - SSI]	MemTotal:       131394444 kB
20220313 013221.277 INFO             PET0 PIOc_sync Enter - MemInfo: [/proc/meminfo - SSI]	MemFree:        118867160 kB
20220313 013221.277 INFO             PET0 PIOc_sync Enter - MemInfo: [/proc/meminfo - SSI]	MemAvailable:   118471536 kB
20220313 013221.277 INFO             PET0 PIOc_sync Enter - MemInfo: [/proc/meminfo - SSI]	Committed_AS:    4312800 kB
20220313 013221.277 INFO             PET0 PIOc_sync Enter - MemInfo: [/proc/meminfo - SSI]	CommittedPercent: 3.28233 %
20220313 013221.277 INFO             PET0 PIOc_sync Enter - MemInfo: [/proc/self/status]	VmPeak:	 3886892 kB
20220313 013221.277 INFO             PET0 PIOc_sync Enter - MemInfo: [/proc/self/status]	VmSize:	 3885872 kB
20220313 013221.277 INFO             PET0 PIOc_sync Enter - MemInfo: [/proc/self/status]	VmLck:	       0 kB
20220313 013221.277 INFO             PET0 PIOc_sync Enter - MemInfo: [/proc/self/status]	VmPin:	   82396 kB
20220313 013221.277 INFO             PET0 PIOc_sync Enter - MemInfo: [/proc/self/status]	VmHWM:	  149256 kB
20220313 013221.277 INFO             PET0 PIOc_sync Enter - MemInfo: [/proc/self/status]	VmRSS:	  149256 kB
20220313 013221.277 INFO             PET0 PIOc_sync Enter - MemInfo: [/proc/self/status]	VmData:	  269592 kB
20220313 013221.277 INFO             PET0 PIOc_sync Enter - MemInfo: [/proc/self/status]	VmStk:	     512 kB
20220313 013221.277 INFO             PET0 PIOc_sync Enter - MemInfo: [/proc/self/status]	VmExe:	    2052 kB
20220313 013221.277 INFO             PET0 PIOc_sync Enter - MemInfo: [/proc/self/status]	VmLib:	  104128 kB
20220313 013221.277 INFO             PET0 PIOc_sync Enter - MemInfo: [/proc/self/status]	VmPTE:	     748 kB
20220313 013221.277 INFO             PET0 PIOc_sync Enter - MemInfo: [/proc/self/status]	VmPMD:	      32 kB
20220313 013221.277 INFO             PET0 PIOc_sync Enter - MemInfo: [/proc/self/status]	VmSwap:	       0 kB
20220313 013221.277 INFO             PET0 PIOc_sync Enter - MemInfo: [/proc/self/status]	VmRSSPercent: 0.113594 %
20220313 013221.277 INFO             PET0 PIOc_sync Enter - MemInfo: [malloc] Non-mmapped space allocated:                 5677056 Byte
20220313 013221.277 INFO             PET0 PIOc_sync Enter - MemInfo: [malloc] Space allocated in mmapped regions:         85999616 Byte
20220313 013221.277 INFO             PET0 PIOc_sync Enter - MemInfo: [malloc] Maximum total allocated space:                     0 Byte
20220313 013221.277 INFO             PET0 PIOc_sync Enter - MemInfo: [malloc] Space in freed fastbin blocks:                   464 Byte
20220313 013221.277 INFO             PET0 PIOc_sync Enter - MemInfo: [malloc] Total allocated space:                       5457456 Byte
