build time -- 2022-03-12 03:54:43
20220312 054224.216 INFO             PET0 !!!!!!!!!!!!!!!!!!!!!!!!!!!!!!!!!!!!!!!!!!!!!!!!!!!!!!
20220312 054224.216 INFO             PET0 !!! THE ESMF_LOG IS SET TO OUTPUT ALL LOG MESSAGES !!!
20220312 054224.216 INFO             PET0 !!!     THIS MAY CAUSE SLOWDOWN IN PERFORMANCE     !!!
20220312 054224.216 INFO             PET0 !!! FOR PRODUCTION RUNS, USE:                      !!!
20220312 054224.216 INFO             PET0 !!!                   ESMF_LOGKIND_Multi_On_Error  !!!
20220312 054224.216 INFO             PET0 !!!!!!!!!!!!!!!!!!!!!!!!!!!!!!!!!!!!!!!!!!!!!!!!!!!!!!
20220312 054224.216 INFO             PET0 Running with ESMF Version   : v8.3.0b09-96-g559b459
20220312 054224.216 INFO             PET0 ESMF library build date/time: "Mar 12 2022" "03:53:12"
20220312 054224.216 INFO             PET0 ESMF library build location : /work/noaa/da/mpotts/sandbox/intel_2020_intelmpi_O_jedwards_pio_update2
20220312 054224.216 INFO             PET0 ESMF_COMM                   : intelmpi
20220312 054224.217 INFO             PET0 ESMF_MOAB                   : enabled
20220312 054224.218 INFO             PET0 ESMF_LAPACK                 : enabled
20220312 054224.218 INFO             PET0 ESMF_NETCDF                 : enabled
20220312 054224.218 INFO             PET0 ESMF_PNETCDF                : disabled
20220312 054224.218 INFO             PET0 ESMF_PIO                    : enabled
20220312 054224.218 INFO             PET0 ESMF_YAMLCPP                : enabled
20220312 054224.554 INFO             PET0  Beginning Test, file ESMF_ArrayIOUTest.F90, line 103
20220312 054224.555 INFO             PET0  NUMBER_OF_PROCESSORS           6
20220312 054224.555 INFO             PET0  PASS  dstDistgrid Create Test, ESMF_ArrayIOUTest.F90, line 137
20220312 054224.555 INFO             PET0  PASS  Array Spec Set Test, ESMF_ArrayIOUTest.F90, line 145
20220312 054224.556 INFO             PET0  PASS  Array with Halo Create Test, ESMF_ArrayIOUTest.F90, line 160
20220312 054224.557 INFO             PET0  PASS  Array without Halo Create Test, ESMF_ArrayIOUTest.F90, line 170
20220312 054224.557 INFO             PET0  PASS  Accessing Fortran pointers for Arrays Test, ESMF_ArrayIOUTest.F90, line 225
20220312 054225.083 INFO             PET0 PIOc_sync Enter - MemInfo: [/proc/meminfo - SSI]	MemTotal:       196434612 kB
20220312 054225.083 INFO             PET0 PIOc_sync Enter - MemInfo: [/proc/meminfo - SSI]	MemFree:        189596348 kB
20220312 054225.083 INFO             PET0 PIOc_sync Enter - MemInfo: [/proc/meminfo - SSI]	MemAvailable:   191217124 kB
20220312 054225.083 INFO             PET0 PIOc_sync Enter - MemInfo: [/proc/meminfo - SSI]	Committed_AS:    1658176 kB
20220312 054225.083 INFO             PET0 PIOc_sync Enter - MemInfo: [/proc/meminfo - SSI]	CommittedPercent: 0.844136 %
20220312 054225.084 INFO             PET0 PIOc_sync Enter - MemInfo: [/proc/self/status]	VmPeak:	 3917248 kB
20220312 054225.084 INFO             PET0 PIOc_sync Enter - MemInfo: [/proc/self/status]	VmSize:	 3903396 kB
20220312 054225.084 INFO             PET0 PIOc_sync Enter - MemInfo: [/proc/self/status]	VmLck:	       0 kB
20220312 054225.084 INFO             PET0 PIOc_sync Enter - MemInfo: [/proc/self/status]	VmPin:	   80252 kB
20220312 054225.084 INFO             PET0 PIOc_sync Enter - MemInfo: [/proc/self/status]	VmHWM:	  163624 kB
20220312 054225.084 INFO             PET0 PIOc_sync Enter - MemInfo: [/proc/self/status]	VmRSS:	  163624 kB
20220312 054225.084 INFO             PET0 PIOc_sync Enter - MemInfo: [/proc/self/status]	VmData:	  259540 kB
20220312 054225.084 INFO             PET0 PIOc_sync Enter - MemInfo: [/proc/self/status]	VmStk:	     520 kB
20220312 054225.084 INFO             PET0 PIOc_sync Enter - MemInfo: [/proc/self/status]	VmExe:	    1956 kB
20220312 054225.084 INFO             PET0 PIOc_sync Enter - MemInfo: [/proc/self/status]	VmLib:	  122112 kB
20220312 054225.084 INFO             PET0 PIOc_sync Enter - MemInfo: [/proc/self/status]	VmPTE:	    1004 kB
20220312 054225.084 INFO             PET0 PIOc_sync Enter - MemInfo: [/proc/self/status]	VmSwap:	       0 kB
20220312 054225.084 INFO             PET0 PIOc_sync Enter - MemInfo: [/proc/self/status]	VmRSSPercent: 0.0832969 %
20220312 054225.084 INFO             PET0 PIOc_sync Enter - MemInfo: [malloc] Non-mmapped space allocated:                25694208 Byte
20220312 054225.084 INFO             PET0 PIOc_sync Enter - MemInfo: [malloc] Space allocated in mmapped regions:         70103040 Byte
20220312 054225.084 INFO             PET0 PIOc_sync Enter - MemInfo: [malloc] Maximum total allocated space:                     0 Byte
20220312 054225.084 INFO             PET0 PIOc_sync Enter - MemInfo: [malloc] Space in freed fastbin blocks:                   368 Byte
20220312 054225.084 INFO             PET0 PIOc_sync Enter - MemInfo: [malloc] Total allocated space:                      23399744 Byte
20220312 054225.084 INFO             PET0 PIOc_sync Enter - MemInfo: [malloc] Total free space:                            2294464 Byte
20220312 054225.084 INFO             PET0 PIOc_sync Enter - MemInfo: [malloc] Top-most, releasable space:                    59280 Byte
20220312 054225.084 INFO             PET0 PIOc_sync Enter - MemInfo: [malloc] Total space in use, mmap + non-mmap:        93502784 Byte
20220312 054225.084 INFO             PET0 PIOc_sync Enter - MemInfo: [malloc] Total space held (mmap + non-mmap):         95797248 Byte
20220312 054225.084 INFO             PET0 PIOc_sync Enter - MemInfo: [malloc] Total space used (mmap + non-mmap):         93512176 Byte
20220312 054225.084 INFO             PET0 PIOc_sync Enter - MemInfo: Wall-clock time since execution start:                1.40064 seconds
20220312 054225.116 INFO             PET0 PIOc_sync Exit - MemInfo: [/proc/meminfo - SSI]	MemTotal:       196434612 kB
20220312 054225.116 INFO             PET0 PIOc_sync Exit - MemInfo: [/proc/meminfo - SSI]	MemFree:        189596348 kB
20220312 054225.116 INFO             PET0 PIOc_sync Exit - MemInfo: [/proc/meminfo - SSI]	MemAvailable:   191217124 kB
20220312 054225.116 INFO             PET0 PIOc_sync Exit - MemInfo: [/proc/meminfo - SSI]	Committed_AS:    1658176 kB
20220312 054225.116 INFO             PET0 PIOc_sync Exit - MemInfo: [/proc/meminfo - SSI]	CommittedPercent: 0.844136 %
20220312 054225.116 INFO             PET0 PIOc_sync Exit - MemInfo: [/proc/self/status]	VmPeak:	 3917248 kB
20220312 054225.116 INFO             PET0 PIOc_sync Exit - MemInfo: [/proc/self/status]	VmSize:	 3903396 kB
20220312 054225.116 INFO             PET0 PIOc_sync Exit - MemInfo: [/proc/self/status]	VmLck:	       0 kB
20220312 054225.116 INFO             PET0 PIOc_sync Exit - MemInfo: [/proc/self/status]	VmPin:	   80252 kB
20220312 054225.116 INFO             PET0 PIOc_sync Exit - MemInfo: [/proc/self/status]	VmHWM:	  163824 kB
20220312 054225.116 INFO             PET0 PIOc_sync Exit - MemInfo: [/proc/self/status]	VmRSS:	  163824 kB
20220312 054225.116 INFO             PET0 PIOc_sync Exit - MemInfo: [/proc/self/status]	VmData:	  259540 kB
20220312 054225.116 INFO             PET0 PIOc_sync Exit - MemInfo: [/proc/self/status]	VmStk:	     520 kB
20220312 054225.116 INFO             PET0 PIOc_sync Exit - MemInfo: [/proc/self/status]	VmExe:	    1956 kB
20220312 054225.116 INFO             PET0 PIOc_sync Exit - MemInfo: [/proc/self/status]	VmLib:	  122112 kB
20220312 054225.116 INFO             PET0 PIOc_sync Exit - MemInfo: [/proc/self/status]	VmPTE:	    1004 kB
20220312 054225.116 INFO             PET0 PIOc_sync Exit - MemInfo: [/proc/self/status]	VmSwap:	       0 kB
20220312 054225.116 INFO             PET0 PIOc_sync Exit - MemInfo: [/proc/self/status]	VmRSSPercent: 0.0833987 %
20220312 054225.116 INFO             PET0 PIOc_sync Exit - MemInfo: [malloc] Non-mmapped space allocated:                25694208 Byte
20220312 054225.116 INFO             PET0 PIOc_sync Exit - MemInfo: [malloc] Space allocated in mmapped regions:         70103040 Byte
20220312 054225.116 INFO             PET0 PIOc_sync Exit - MemInfo: [malloc] Maximum total allocated space:                     0 Byte
20220312 054225.116 INFO             PET0 PIOc_sync Exit - MemInfo: [malloc] Space in freed fastbin blocks:                   688 Byte
20220312 054225.116 INFO             PET0 PIOc_sync Exit - MemInfo: [malloc] Total allocated space:                      23395856 Byte
20220312 054225.116 INFO             PET0 PIOc_sync Exit - MemInfo: [malloc] Total free space:                            2298352 Byte
20220312 054225.116 INFO             PET0 PIOc_sync Exit - MemInfo: [malloc] Top-most, releasable space:                    59280 Byte
20220312 054225.116 INFO             PET0 PIOc_sync Exit - MemInfo: [malloc] Total space in use, mmap + non-mmap:        93498896 Byte
20220312 054225.116 INFO             PET0 PIOc_sync Exit - MemInfo: [malloc] Total space held (mmap + non-mmap):         95797248 Byte
20220312 054225.116 INFO             PET0 PIOc_sync Exit - MemInfo: [malloc] Total space used (mmap + non-mmap):         93508288 Byte
20220312 054225.116 INFO             PET0 PIOc_sync Exit - MemInfo: Wall-clock time since execution start:                1.43324 seconds
20220312 054225.126 INFO             PET0 PIOc_freedecomp Enter - MemInfo: [/proc/meminfo - SSI]	MemTotal:       196434612 kB
20220312 054225.126 INFO             PET0 PIOc_freedecomp Enter - MemInfo: [/proc/meminfo - SSI]	MemFree:        189603376 kB
20220312 054225.126 INFO             PET0 PIOc_freedecomp Enter - MemInfo: [/proc/meminfo - SSI]	MemAvailable:   191224152 kB
20220312 054225.126 INFO             PET0 PIOc_freedecomp Enter - MemInfo: [/proc/meminfo - SSI]	Committed_AS:    1650460 kB
20220312 054225.126 INFO             PET0 PIOc_freedecomp Enter - MemInfo: [/proc/meminfo - SSI]	CommittedPercent: 0.840208 %
20220312 054225.126 INFO             PET0 PIOc_freedecomp Enter - MemInfo: [/proc/self/status]	VmPeak:	 3917248 kB
20220312 054225.126 INFO             PET0 PIOc_freedecomp Enter - MemInfo: [/proc/self/status]	VmSize:	 3894684 kB
20220312 054225.126 INFO             PET0 PIOc_freedecomp Enter - MemInfo: [/proc/self/status]	VmLck:	       0 kB
20220312 054225.126 INFO             PET0 PIOc_freedecomp Enter - MemInfo: [/proc/self/status]	VmPin:	   80252 kB
20220312 054225.126 INFO             PET0 PIOc_freedecomp Enter - MemInfo: [/proc/self/status]	VmHWM:	  163824 kB
20220312 054225.126 INFO             PET0 PIOc_freedecomp Enter - MemInfo: [/proc/self/status]	VmRSS:	  155636 kB
20220312 054225.126 INFO             PET0 PIOc_freedecomp Enter - MemInfo: [/proc/self/status]	VmData:	  250828 kB
20220312 054225.126 INFO             PET0 PIOc_freedecomp Enter - MemInfo: [/proc/self/status]	VmStk:	     520 kB
20220312 054225.126 INFO             PET0 PIOc_freedecomp Enter - MemInfo: [/proc/self/status]	VmExe:	    1956 kB
20220312 054225.126 INFO             PET0 PIOc_freedecomp Enter - MemInfo: [/proc/self/status]	VmLib:	  122112 kB
20220312 054225.126 INFO             PET0 PIOc_freedecomp Enter - MemInfo: [/proc/self/status]	VmPTE:	     988 kB
20220312 054225.126 INFO             PET0 PIOc_freedecomp Enter - MemInfo: [/proc/self/status]	VmSwap:	       0 kB
20220312 054225.126 INFO             PET0 PIOc_freedecomp Enter - MemInfo: [/proc/self/status]	VmRSSPercent: 0.0792304 %
20220312 054225.126 INFO             PET0 PIOc_freedecomp Enter - MemInfo: [malloc] Non-mmapped space allocated:                25694208 Byte
20220312 054225.126 INFO             PET0 PIOc_freedecomp Enter - MemInfo: [malloc] Space allocated in mmapped regions:         61181952 Byte
20220312 054225.126 INFO             PET0 PIOc_freedecomp Enter - MemInfo: [malloc] Maximum total allocated space:                     0 Byte
20220312 054225.126 INFO             PET0 PIOc_freedecomp Enter - MemInfo: [malloc] Space in freed fastbin blocks:                  1456 Byte
20220312 054225.126 INFO             PET0 PIOc_freedecomp Enter - MemInfo: [malloc] Total allocated space:                      23382528 Byte
20220312 054225.126 INFO             PET0 PIOc_freedecomp Enter - MemInfo: [malloc] Total free space:                            2311680 Byte
20220312 054225.126 INFO             PET0 PIOc_freedecomp Enter - MemInfo: [malloc] Top-most, releasable space:                    59280 Byte
20220312 054225.126 INFO             PET0 PIOc_freedecomp Enter - MemInfo: [malloc] Total space in use, mmap + non-mmap:        84564480 Byte
20220312 054225.126 INFO             PET0 PIOc_freedecomp Enter - MemInfo: [malloc] Total space held (mmap + non-mmap):         86876160 Byte
20220312 054225.126 INFO             PET0 PIOc_freedecomp Enter - MemInfo: [malloc] Total space used (mmap + non-mmap):         84573856 Byte
20220312 054225.126 INFO             PET0 PIOc_freedecomp Enter - MemInfo: Wall-clock time since execution start:                1.44279 seconds
20220312 054225.126 INFO             PET0 PIOc_freedecomp Exit - MemInfo: [/proc/meminfo - SSI]	MemTotal:       196434612 kB
20220312 054225.126 INFO             PET0 PIOc_freedecomp Exit - MemInfo: [/proc/meminfo - SSI]	MemFree:        189603376 kB
20220312 054225.126 INFO             PET0 PIOc_freedecomp Exit - MemInfo: [/proc/meminfo - SSI]	MemAvailable:   191224152 kB
20220312 054225.126 INFO             PET0 PIOc_freedecomp Exit - MemInfo: [/proc/meminfo - SSI]	Committed_AS:    1650460 kB
20220312 054225.126 INFO             PET0 PIOc_freedecomp Exit - MemInfo: [/proc/meminfo - SSI]	CommittedPercent: 0.840208 %
20220312 054225.126 INFO             PET0 PIOc_freedecomp Exit - MemInfo: [/proc/self/status]	VmPeak:	 3917248 kB
20220312 054225.126 INFO             PET0 PIOc_freedecomp Exit - MemInfo: [/proc/self/status]	VmSize:	 3894684 kB
20220312 054225.126 INFO             PET0 PIOc_freedecomp Exit - MemInfo: [/proc/self/status]	VmLck:	       0 kB
20220312 054225.126 INFO             PET0 PIOc_freedecomp Exit - MemInfo: [/proc/self/status]	VmPin:	   80252 kB
20220312 054225.126 INFO             PET0 PIOc_freedecomp Exit - MemInfo: [/proc/self/status]	VmHWM:	  163824 kB
20220312 054225.126 INFO             PET0 PIOc_freedecomp Exit - MemInfo: [/proc/self/status]	VmRSS:	  155636 kB
20220312 054225.126 INFO             PET0 PIOc_freedecomp Exit - MemInfo: [/proc/self/status]	VmData:	  250828 kB
20220312 054225.126 INFO             PET0 PIOc_freedecomp Exit - MemInfo: [/proc/self/status]	VmStk:	     520 kB
20220312 054225.126 INFO             PET0 PIOc_freedecomp Exit - MemInfo: [/proc/self/status]	VmExe:	    1956 kB
20220312 054225.126 INFO             PET0 PIOc_freedecomp Exit - MemInfo: [/proc/self/status]	VmLib:	  122112 kB
20220312 054225.126 INFO             PET0 PIOc_freedecomp Exit - MemInfo: [/proc/self/status]	VmPTE:	     988 kB
20220312 054225.126 INFO             PET0 PIOc_freedecomp Exit - MemInfo: [/proc/self/status]	VmSwap:	       0 kB
20220312 054225.126 INFO             PET0 PIOc_freedecomp Exit - MemInfo: [/proc/self/status]	VmRSSPercent: 0.0792304 %
20220312 054225.126 INFO             PET0 PIOc_freedecomp Exit - MemInfo: [malloc] Non-mmapped space allocated:                25694208 Byte
20220312 054225.126 INFO             PET0 PIOc_freedecomp Exit - MemInfo: [malloc] Space allocated in mmapped regions:         61181952 Byte
20220312 054225.126 INFO             PET0 PIOc_freedecomp Exit - MemInfo: [malloc] Maximum total allocated space:                     0 Byte
20220312 054225.126 INFO             PET0 PIOc_freedecomp Exit - MemInfo: [malloc] Space in freed fastbin blocks:                   272 Byte
20220312 054225.126 INFO             PET0 PIOc_freedecomp Exit - MemInfo: [malloc] Total allocated space:                      23367584 Byte
20220312 054225.126 INFO             PET0 PIOc_freedecomp Exit - MemInfo: [malloc] Total free space:                            2326624 Byte
20220312 054225.126 INFO             PET0 PIOc_freedecomp Exit - MemInfo: [malloc] Top-most, releasable space:                    89392 Byte
20220312 054225.126 INFO             PET0 PIOc_freedecomp Exit - MemInfo: [malloc] Total space in use, mmap + non-mmap:        84549536 Byte
20220312 054225.127 INFO             PET0 PIOc_freedecomp Exit - MemInfo: [malloc] Total space held (mmap + non-mmap):         86876160 Byte
20220312 054225.127 INFO             PET0 PIOc_freedecomp Exit - MemInfo: [malloc] Total space used (mmap + non-mmap):         84558928 Byte
20220312 054225.127 INFO             PET0 PIOc_freedecomp Exit - MemInfo: Wall-clock time since execution start:                1.44332 seconds
20220312 054225.127 INFO             PET0  PASS  Write ESMF_Array with Halo to NetCDF Test, ESMF_ArrayIOUTest.F90, line 236
20220312 054225.325 WARNING          PET0 ESMCI_PIO_Handler.C:1319 ESMCI::PIO_Handler::open()  Unable to create file: file3D_withhalo.nc, (PIO/NetCDF error = NetCDF: File exists && NC_NOCLOBBER)
20220312 054225.347 ERROR            PET0 ESMCI_PIO_Handler.C:779 ESMCI::PIO_Handler::arrayWrite() Unable to read from file  - file not open
20220312 054225.347 ERROR            PET0 ESMCI_IO.C:736 ESMCI::IO::write() Unable to read from file  - Internal subroutine call returned Error
20220312 054225.347 ERROR            PET0 ESMCI_IO.C:956 ESMCI::IO::close() Unable to close file  - Internal subroutine call returned Error
20220312 054225.347 ERROR            PET0 ESMCI_IO.C:494 ESMCI::IO::write() Unable to read from file  - Internal subroutine call returned Error
20220312 054225.347 ERROR            PET0 ESMCI_Array.C:4093 ESMCI::Array::write() Unable to write to file  - Internal subroutine call returned Error
20220312 054225.347 ERROR            PET0 ESMCI_Array_F.C:801 c_esmc_arraywrite() Unable to write to file  - Internal subroutine call returned Error
20220312 054225.347 ERROR            PET0 ESMF_Array.F90:3994 ESMF_ArrayWrite Unable to write to file  - Internal subroutine call returned Error
20220312 054225.347 INFO             PET0  PASS  Write ESMF_Array with Halo Test overwrite test, ESMF_ArrayIOUTest.F90, line 250
20220312 054225.347 ERROR            PET0 ESMCI_IO_Handler.C:164 ESMCI::IO_Handler::create() Unknown I/O Format
20220312 054225.347 ERROR            PET0 ESMCI_IO.C:469 ESMCI::IO::write() Invalid argument  - Internal subroutine call returned Error
20220312 054225.347 ERROR            PET0 ESMCI_Array.C:4093 ESMCI::Array::write() Invalid argument  - Internal subroutine call returned Error
20220312 054225.347 ERROR            PET0 ESMCI_Array_F.C:801 c_esmc_arraywrite() Invalid argument  - Internal subroutine call returned Error
20220312 054225.347 ERROR            PET0 ESMF_Array.F90:3994 ESMF_ArrayWrite Invalid argument  - Internal subroutine call returned Error
20220312 054225.348 INFO             PET0  PASS  Write ESMF_Array with Halo to binary Test, ESMF_ArrayIOUTest.F90, line 264
20220312 054225.771 INFO             PET0 PIOc_sync Enter - MemInfo: [/proc/meminfo - SSI]	MemTotal:       196434612 kB
20220312 054225.772 INFO             PET0 PIOc_sync Enter - MemInfo: [/proc/meminfo - SSI]	MemFree:        189595132 kB
20220312 054225.772 INFO             PET0 PIOc_sync Enter - MemInfo: [/proc/meminfo - SSI]	MemAvailable:   191216028 kB
20220312 054225.772 INFO             PET0 PIOc_sync Enter - MemInfo: [/proc/meminfo - SSI]	Committed_AS:    1658724 kB
20220312 054225.772 INFO             PET0 PIOc_sync Enter - MemInfo: [/proc/meminfo - SSI]	CommittedPercent: 0.844415 %
20220312 054225.772 INFO             PET0 PIOc_sync Enter - MemInfo: [/proc/self/status]	VmPeak:	 3917248 kB
20220312 054225.772 INFO             PET0 PIOc_sync Enter - MemInfo: [/proc/self/status]	VmSize:	 3903432 kB
20220312 054225.772 INFO             PET0 PIOc_sync Enter - MemInfo: [/proc/self/status]	VmLck:	       0 kB
20220312 054225.772 INFO             PET0 PIOc_sync Enter - MemInfo: [/proc/self/status]	VmPin:	   80252 kB
20220312 054225.772 INFO             PET0 PIOc_sync Enter - MemInfo: [/proc/self/status]	VmHWM:	  164444 kB
20220312 054225.772 INFO             PET0 PIOc_sync Enter - MemInfo: [/proc/self/status]	VmRSS:	  164444 kB
20220312 054225.772 INFO             PET0 PIOc_sync Enter - MemInfo: [/proc/self/status]	VmData:	  259576 kB
20220312 054225.772 INFO             PET0 PIOc_sync Enter - MemInfo: [/proc/self/status]	VmStk:	     520 kB
20220312 054225.772 INFO             PET0 PIOc_sync Enter - MemInfo: [/proc/self/status]	VmExe:	    1956 kB
20220312 054225.772 INFO             PET0 PIOc_sync Enter - MemInfo: [/proc/self/status]	VmLib:	  122112 kB
20220312 054225.772 INFO             PET0 PIOc_sync Enter - MemInfo: [/proc/self/status]	VmPTE:	    1008 kB
20220312 054225.772 INFO             PET0 PIOc_sync Enter - MemInfo: [/proc/self/status]	VmSwap:	       0 kB
20220312 054225.772 INFO             PET0 PIOc_sync Enter - MemInfo: [/proc/self/status]	VmRSSPercent: 0.0837144 %
20220312 054225.772 INFO             PET0 PIOc_sync Enter - MemInfo: [malloc] Non-mmapped space allocated:                34652160 Byte
20220312 054225.772 INFO             PET0 PIOc_sync Enter - MemInfo: [malloc] Space allocated in mmapped regions:         61181952 Byte
20220312 054225.772 INFO             PET0 PIOc_sync Enter - MemInfo: [malloc] Maximum total allocated space:                     0 Byte
20220312 054225.772 INFO             PET0 PIOc_sync Enter - MemInfo: [malloc] Space in freed fastbin blocks:                   448 Byte
20220312 054225.772 INFO             PET0 PIOc_sync Enter - MemInfo: [malloc] Total allocated space:                      32297440 Byte
20220312 054225.772 INFO             PET0 PIOc_sync Enter - MemInfo: [malloc] Total free space:                            2354720 Byte
20220312 054225.772 INFO             PET0 PIOc_sync Enter - MemInfo: [malloc] Top-most, releasable space:                   123920 Byte
20220312 054225.772 INFO             PET0 PIOc_sync Enter - MemInfo: [malloc] Total space in use, mmap + non-mmap:        93479392 Byte
20220312 054225.772 INFO             PET0 PIOc_sync Enter - MemInfo: [malloc] Total space held (mmap + non-mmap):         95834112 Byte
20220312 054225.772 INFO             PET0 PIOc_sync Enter - MemInfo: [malloc] Total space used (mmap + non-mmap):         93488784 Byte
20220312 054225.772 INFO             PET0 PIOc_sync Enter - MemInfo: Wall-clock time since execution start:                2.08712 seconds
20220312 054225.793 INFO             PET0 PIOc_sync Exit - MemInfo: [/proc/meminfo - SSI]	MemTotal:       196434612 kB
20220312 054225.793 INFO             PET0 PIOc_sync Exit - MemInfo: [/proc/meminfo - SSI]	MemFree:        189595132 kB
20220312 054225.793 INFO             PET0 PIOc_sync Exit - MemInfo: [/proc/meminfo - SSI]	MemAvailable:   191216028 kB
20220312 054225.793 INFO             PET0 PIOc_sync Exit - MemInfo: [/proc/meminfo - SSI]	Committed_AS:    1658724 kB
20220312 054225.793 INFO             PET0 PIOc_sync Exit - MemInfo: [/proc/meminfo - SSI]	CommittedPercent: 0.844415 %
20220312 054225.794 INFO             PET0 PIOc_sync Exit - MemInfo: [/proc/self/status]	VmPeak:	 3917248 kB
20220312 054225.794 INFO             PET0 PIOc_sync Exit - MemInfo: [/proc/self/status]	VmSize:	 3903432 kB
20220312 054225.794 INFO             PET0 PIOc_sync Exit - MemInfo: [/proc/self/status]	VmLck:	       0 kB
20220312 054225.794 INFO             PET0 PIOc_sync Exit - MemInfo: [/proc/self/status]	VmPin:	   80252 kB
20220312 054225.794 INFO             PET0 PIOc_sync Exit - MemInfo: [/proc/self/status]	VmHWM:	  164476 kB
20220312 054225.794 INFO             PET0 PIOc_sync Exit - MemInfo: [/proc/self/status]	VmRSS:	  164476 kB
20220312 054225.794 INFO             PET0 PIOc_sync Exit - MemInfo: [/proc/self/status]	VmData:	  259576 kB
20220312 054225.794 INFO             PET0 PIOc_sync Exit - MemInfo: [/proc/self/status]	VmStk:	     520 kB
20220312 054225.794 INFO             PET0 PIOc_sync Exit - MemInfo: [/proc/self/status]	VmExe:	    1956 kB
20220312 054225.794 INFO             PET0 PIOc_sync Exit - MemInfo: [/proc/self/status]	VmLib:	  122112 kB
20220312 054225.794 INFO             PET0 PIOc_sync Exit - MemInfo: [/proc/self/status]	VmPTE:	    1008 kB
20220312 054225.794 INFO             PET0 PIOc_sync Exit - MemInfo: [/proc/self/status]	VmSwap:	       0 kB
20220312 054225.794 INFO             PET0 PIOc_sync Exit - MemInfo: [/proc/self/status]	VmRSSPercent: 0.0837307 %
20220312 054225.794 INFO             PET0 PIOc_sync Exit - MemInfo: [malloc] Non-mmapped space allocated:                34652160 Byte
20220312 054225.794 INFO             PET0 PIOc_sync Exit - MemInfo: [malloc] Space allocated in mmapped regions:         61181952 Byte
20220312 054225.794 INFO             PET0 PIOc_sync Exit - MemInfo: [malloc] Maximum total allocated space:                     0 Byte
20220312 054225.794 INFO             PET0 PIOc_sync Exit - MemInfo: [malloc] Space in freed fastbin blocks:                   240 Byte
20220312 054225.794 INFO             PET0 PIOc_sync Exit - MemInfo: [malloc] Total allocated space:                      32296624 Byte
20220312 054225.794 INFO             PET0 PIOc_sync Exit - MemInfo: [malloc] Total free space:                            2355536 Byte
20220312 054225.794 INFO             PET0 PIOc_sync Exit - MemInfo: [malloc] Top-most, releasable space:                   123920 Byte
20220312 054225.794 INFO             PET0 PIOc_sync Exit - MemInfo: [malloc] Total space in use, mmap + non-mmap:        93478576 Byte
20220312 054225.794 INFO             PET0 PIOc_sync Exit - MemInfo: [malloc] Total space held (mmap + non-mmap):         95834112 Byte
20220312 054225.794 INFO             PET0 PIOc_sync Exit - MemInfo: [malloc] Total space used (mmap + non-mmap):         93487968 Byte
20220312 054225.794 INFO             PET0 PIOc_sync Exit - MemInfo: Wall-clock time since execution start:                2.10903 seconds
20220312 054225.794 INFO             PET0 PIOc_freedecomp Enter - MemInfo: [/proc/meminfo - SSI]	MemTotal:       196434612 kB
20220312 054225.794 INFO             PET0 PIOc_freedecomp Enter - MemInfo: [/proc/meminfo - SSI]	MemFree:        189595132 kB
20220312 054225.794 INFO             PET0 PIOc_freedecomp Enter - MemInfo: [/proc/meminfo - SSI]	MemAvailable:   191216028 kB
20220312 054225.794 INFO             PET0 PIOc_freedecomp Enter - MemInfo: [/proc/meminfo - SSI]	Committed_AS:    1658724 kB
20220312 054225.794 INFO             PET0 PIOc_freedecomp Enter - MemInfo: [/proc/meminfo - SSI]	CommittedPercent: 0.844415 %
20220312 054225.794 INFO             PET0 PIOc_freedecomp Enter - MemInfo: [/proc/self/status]	VmPeak:	 3917248 kB
20220312 054225.794 INFO             PET0 PIOc_freedecomp Enter - MemInfo: [/proc/self/status]	VmSize:	 3903432 kB
20220312 054225.794 INFO             PET0 PIOc_freedecomp Enter - MemInfo: [/proc/self/status]	VmLck:	       0 kB
20220312 054225.794 INFO             PET0 PIOc_freedecomp Enter - MemInfo: [/proc/self/status]	VmPin:	   80252 kB
20220312 054225.794 INFO             PET0 PIOc_freedecomp Enter - MemInfo: [/proc/self/status]	VmHWM:	  164476 kB
20220312 054225.794 INFO             PET0 PIOc_freedecomp Enter - MemInfo: [/proc/self/status]	VmRSS:	  164476 kB
20220312 054225.794 INFO             PET0 PIOc_freedecomp Enter - MemInfo: [/proc/self/status]	VmData:	  259576 kB
20220312 054225.794 INFO             PET0 PIOc_freedecomp Enter - MemInfo: [/proc/self/status]	VmStk:	     520 kB
20220312 054225.794 INFO             PET0 PIOc_freedecomp Enter - MemInfo: [/proc/self/status]	VmExe:	    1956 kB
20220312 054225.794 INFO             PET0 PIOc_freedecomp Enter - MemInfo: [/proc/self/status]	VmLib:	  122112 kB
20220312 054225.794 INFO             PET0 PIOc_freedecomp Enter - MemInfo: [/proc/self/status]	VmPTE:	    1008 kB
20220312 054225.794 INFO             PET0 PIOc_freedecomp Enter - MemInfo: [/proc/self/status]	VmSwap:	       0 kB
20220312 054225.794 INFO             PET0 PIOc_freedecomp Enter - MemInfo: [/proc/self/status]	VmRSSPercent: 0.0837307 %
20220312 054225.794 INFO             PET0 PIOc_freedecomp Enter - MemInfo: [malloc] Non-mmapped space allocated:                34652160 Byte
20220312 054225.794 INFO             PET0 PIOc_freedecomp Enter - MemInfo: [malloc] Space allocated in mmapped regions:         61181952 Byte
20220312 054225.794 INFO             PET0 PIOc_freedecomp Enter - MemInfo: [malloc] Maximum total allocated space:                     0 Byte
20220312 054225.794 INFO             PET0 PIOc_freedecomp Enter - MemInfo: [malloc] Space in freed fastbin blocks:                   608 Byte
20220312 054225.794 INFO             PET0 PIOc_freedecomp Enter - MemInfo: [malloc] Total allocated space:                      23370352 Byte
20220312 054225.794 INFO             PET0 PIOc_freedecomp Enter - MemInfo: [malloc] Total free space:                           11281808 Byte
20220312 054225.794 INFO             PET0 PIOc_freedecomp Enter - MemInfo: [malloc] Top-most, releasable space:                  9047344 Byte
20220312 054225.794 INFO             PET0 PIOc_freedecomp Enter - MemInfo: [malloc] Total space in use, mmap + non-mmap:        84552304 Byte
20220312 054225.795 INFO             PET0 PIOc_freedecomp Enter - MemInfo: [malloc] Total space held (mmap + non-mmap):         95834112 Byte
20220312 054225.795 INFO             PET0 PIOc_freedecomp Enter - MemInfo: [malloc] Total space used (mmap + non-mmap):         84561696 Byte
20220312 054225.795 INFO             PET0 PIOc_freedecomp Enter - MemInfo: Wall-clock time since execution start:                2.10974 seconds
20220312 054225.795 INFO             PET0 PIOc_freedecomp Exit - MemInfo: [/proc/meminfo - SSI]	MemTotal:       196434612 kB
20220312 054225.795 INFO             PET0 PIOc_freedecomp Exit - MemInfo: [/proc/meminfo - SSI]	MemFree:        189595132 kB
20220312 054225.795 INFO             PET0 PIOc_freedecomp Exit - MemInfo: [/proc/meminfo - SSI]	MemAvailable:   191216028 kB
20220312 054225.795 INFO             PET0 PIOc_freedecomp Exit - MemInfo: [/proc/meminfo - SSI]	Committed_AS:    1658724 kB
20220312 054225.795 INFO             PET0 PIOc_freedecomp Exit - MemInfo: [/proc/meminfo - SSI]	CommittedPercent: 0.844415 %
20220312 054225.795 INFO             PET0 PIOc_freedecomp Exit - MemInfo: [/proc/self/status]	VmPeak:	 3917248 kB
20220312 054225.795 INFO             PET0 PIOc_freedecomp Exit - MemInfo: [/proc/self/status]	VmSize:	 3903432 kB
20220312 054225.795 INFO             PET0 PIOc_freedecomp Exit - MemInfo: [/proc/self/status]	VmLck:	       0 kB
20220312 054225.795 INFO             PET0 PIOc_freedecomp Exit - MemInfo: [/proc/self/status]	VmPin:	   80252 kB
20220312 054225.795 INFO             PET0 PIOc_freedecomp Exit - MemInfo: [/proc/self/status]	VmHWM:	  164476 kB
20220312 054225.795 INFO             PET0 PIOc_freedecomp Exit - MemInfo: [/proc/self/status]	VmRSS:	  164476 kB
20220312 054225.795 INFO             PET0 PIOc_freedecomp Exit - MemInfo: [/proc/self/status]	VmData:	  259576 kB
20220312 054225.795 INFO             PET0 PIOc_freedecomp Exit - MemInfo: [/proc/self/status]	VmStk:	     520 kB
20220312 054225.795 INFO             PET0 PIOc_freedecomp Exit - MemInfo: [/proc/self/status]	VmExe:	    1956 kB
20220312 054225.795 INFO             PET0 PIOc_freedecomp Exit - MemInfo: [/proc/self/status]	VmLib:	  122112 kB
20220312 054225.795 INFO             PET0 PIOc_freedecomp Exit - MemInfo: [/proc/self/status]	VmPTE:	    1008 kB
20220312 054225.795 INFO             PET0 PIOc_freedecomp Exit - MemInfo: [/proc/self/status]	VmSwap:	       0 kB
20220312 054225.795 INFO             PET0 PIOc_freedecomp Exit - MemInfo: [/proc/self/status]	VmRSSPercent: 0.0837307 %
20220312 054225.795 INFO             PET0 PIOc_freedecomp Exit - MemInfo: [malloc] Non-mmapped space allocated:                34652160 Byte
20220312 054225.795 INFO             PET0 PIOc_freedecomp Exit - MemInfo: [malloc] Space allocated in mmapped regions:         61181952 Byte
20220312 054225.795 INFO             PET0 PIOc_freedecomp Exit - MemInfo: [malloc] Maximum total allocated space:                     0 Byte
20220312 054225.795 INFO             PET0 PIOc_freedecomp Exit - MemInfo: [malloc] Space in freed fastbin blocks:                   848 Byte
20220312 054225.795 INFO             PET0 PIOc_freedecomp Exit - MemInfo: [malloc] Total allocated space:                      23367600 Byte
20220312 054225.795 INFO             PET0 PIOc_freedecomp Exit - MemInfo: [malloc] Total free space:                           11284560 Byte
20220312 054225.795 INFO             PET0 PIOc_freedecomp Exit - MemInfo: [malloc] Top-most, releasable space:                  9047344 Byte
20220312 054225.795 INFO             PET0 PIOc_freedecomp Exit - MemInfo: [malloc] Total space in use, mmap + non-mmap:        84549552 Byte
20220312 054225.795 INFO             PET0 PIOc_freedecomp Exit - MemInfo: [malloc] Total space held (mmap + non-mmap):         95834112 Byte
20220312 054225.795 INFO             PET0 PIOc_freedecomp Exit - MemInfo: [malloc] Total space used (mmap + non-mmap):         84558944 Byte
20220312 054225.795 INFO             PET0 PIOc_freedecomp Exit - MemInfo: Wall-clock time since execution start:                2.11026 seconds
20220312 054225.795 INFO             PET0  PASS  Write ESMF_Array without Halo to NetCDF Test, ESMF_ArrayIOUTest.F90, line 274
20220312 054225.795 INFO             PET0  PASS  Create Array without Halo for PIO Read, ESMF_ArrayIOUTest.F90, line 288
20220312 054225.796 INFO             PET0  PASS  Create Array with Halo for PIO Read, ESMF_ArrayIOUTest.F90, line 299
20220312 054225.796 INFO             PET0  PASS  Create Array with Halo for PIO Read, ESMF_ArrayIOUTest.F90, line 309
20220312 054225.967 WARNING          PET0 ESMCI_PIO_Handler.C:1344 ESMCI::PIO_Handler::open()  Unable to set fill on file: file3D_wouthalo.nc, (PIO/NetCDF error = NetCDF: Write to read only)
20220312 054226.185 INFO             PET0 PIOc_sync Enter - MemInfo: [/proc/meminfo - SSI]	MemTotal:       196434612 kB
20220312 054226.185 INFO             PET0 PIOc_sync Enter - MemInfo: [/proc/meminfo - SSI]	MemFree:        189595132 kB
20220312 054226.185 INFO             PET0 PIOc_sync Enter - MemInfo: [/proc/meminfo - SSI]	MemAvailable:   191216028 kB
20220312 054226.185 INFO             PET0 PIOc_sync Enter - MemInfo: [/proc/meminfo - SSI]	Committed_AS:    1658724 kB
20220312 054226.186 INFO             PET0 PIOc_sync Enter - MemInfo: [/proc/meminfo - SSI]	CommittedPercent: 0.844415 %
20220312 054226.186 INFO             PET0 PIOc_sync Enter - MemInfo: [/proc/self/status]	VmPeak:	 3917248 kB
20220312 054226.186 INFO             PET0 PIOc_sync Enter - MemInfo: [/proc/self/status]	VmSize:	 3903432 kB
20220312 054226.186 INFO             PET0 PIOc_sync Enter - MemInfo: [/proc/self/status]	VmLck:	       0 kB
20220312 054226.186 INFO             PET0 PIOc_sync Enter - MemInfo: [/proc/self/status]	VmPin:	   80252 kB
20220312 054226.186 INFO             PET0 PIOc_sync Enter - MemInfo: [/proc/self/status]	VmHWM:	  164636 kB
20220312 054226.186 INFO             PET0 PIOc_sync Enter - MemInfo: [/proc/self/status]	VmRSS:	  164636 kB
20220312 054226.186 INFO             PET0 PIOc_sync Enter - MemInfo: [/proc/self/status]	VmData:	  259576 kB
20220312 054226.186 INFO             PET0 PIOc_sync Enter - MemInfo: [/proc/self/status]	VmStk:	     520 kB
20220312 054226.186 INFO             PET0 PIOc_sync Enter - MemInfo: [/proc/self/status]	VmExe:	    1956 kB
20220312 054226.186 INFO             PET0 PIOc_sync Enter - MemInfo: [/proc/self/status]	VmLib:	  122112 kB
20220312 054226.186 INFO             PET0 PIOc_sync Enter - MemInfo: [/proc/self/status]	VmPTE:	    1008 kB
20220312 054226.186 INFO             PET0 PIOc_sync Enter - MemInfo: [/proc/self/status]	VmSwap:	       0 kB
20220312 054226.186 INFO             PET0 PIOc_sync Enter - MemInfo: [/proc/self/status]	VmRSSPercent: 0.0838121 %
20220312 054226.186 INFO             PET0 PIOc_sync Enter - MemInfo: [malloc] Non-mmapped space allocated:                34652160 Byte
20220312 054226.186 INFO             PET0 PIOc_sync Enter - MemInfo: [malloc] Space allocated in mmapped regions:         61181952 Byte
20220312 054226.186 INFO             PET0 PIOc_sync Enter - MemInfo: [malloc] Maximum total allocated space:                     0 Byte
20220312 054226.186 INFO             PET0 PIOc_sync Enter - MemInfo: [malloc] Space in freed fastbin blocks:                   336 Byte
20220312 054226.186 INFO             PET0 PIOc_sync Enter - MemInfo: [malloc] Total allocated space:                      32329936 Byte
20220312 054226.186 INFO             PET0 PIOc_sync Enter - MemInfo: [malloc] Total free space:                            2322224 Byte
20220312 054226.186 INFO             PET0 PIOc_sync Enter - MemInfo: [malloc] Top-most, releasable space:                    90960 Byte
20220312 054226.186 INFO             PET0 PIOc_sync Enter - MemInfo: [malloc] Total space in use, mmap + non-mmap:        93511888 Byte
20220312 054226.186 INFO             PET0 PIOc_sync Enter - MemInfo: [malloc] Total space held (mmap + non-mmap):         95834112 Byte
20220312 054226.186 INFO             PET0 PIOc_sync Enter - MemInfo: [malloc] Total space used (mmap + non-mmap):         93521280 Byte
20220312 054226.186 INFO             PET0 PIOc_sync Enter - MemInfo: Wall-clock time since execution start:                2.50015 seconds
20220312 054226.186 INFO             PET0 PIOc_sync Exit - MemInfo: [/proc/meminfo - SSI]	MemTotal:       196434612 kB
20220312 054226.186 INFO             PET0 PIOc_sync Exit - MemInfo: [/proc/meminfo - SSI]	MemFree:        189595132 kB
20220312 054226.186 INFO             PET0 PIOc_sync Exit - MemInfo: [/proc/meminfo - SSI]	MemAvailable:   191216028 kB
20220312 054226.186 INFO             PET0 PIOc_sync Exit - MemInfo: [/proc/meminfo - SSI]	Committed_AS:    1658724 kB
20220312 054226.186 INFO             PET0 PIOc_sync Exit - MemInfo: [/proc/meminfo - SSI]	CommittedPercent: 0.844415 %
20220312 054226.186 INFO             PET0 PIOc_sync Exit - MemInfo: [/proc/self/status]	VmPeak:	 3917248 kB
20220312 054226.186 INFO             PET0 PIOc_sync Exit - MemInfo: [/proc/self/status]	VmSize:	 3903432 kB
20220312 054226.186 INFO             PET0 PIOc_sync Exit - MemInfo: [/proc/self/status]	VmLck:	       0 kB
20220312 054226.186 INFO             PET0 PIOc_sync Exit - MemInfo: [/proc/self/status]	VmPin:	   80252 kB
20220312 054226.186 INFO             PET0 PIOc_sync Exit - MemInfo: [/proc/self/status]	VmHWM:	  164640 kB
20220312 054226.186 INFO             PET0 PIOc_sync Exit - MemInfo: [/proc/self/status]	VmRSS:	  164640 kB
20220312 054226.186 INFO             PET0 PIOc_sync Exit - MemInfo: [/proc/self/status]	VmData:	  259576 kB
20220312 054226.186 INFO             PET0 PIOc_sync Exit - MemInfo: [/proc/self/status]	VmStk:	     520 kB
20220312 054226.186 INFO             PET0 PIOc_sync Exit - MemInfo: [/proc/self/status]	VmExe:	    1956 kB
20220312 054226.186 INFO             PET0 PIOc_sync Exit - MemInfo: [/proc/self/status]	VmLib:	  122112 kB
20220312 054226.186 INFO             PET0 PIOc_sync Exit - MemInfo: [/proc/self/status]	VmPTE:	    1008 kB
20220312 054226.186 INFO             PET0 PIOc_sync Exit - MemInfo: [/proc/self/status]	VmSwap:	       0 kB
20220312 054226.186 INFO             PET0 PIOc_sync Exit - MemInfo: [/proc/self/status]	VmRSSPercent: 0.0838141 %
20220312 054226.186 INFO             PET0 PIOc_sync Exit - MemInfo: [malloc] Non-mmapped space allocated:                34652160 Byte
20220312 054226.186 INFO             PET0 PIOc_sync Exit - MemInfo: [malloc] Space allocated in mmapped regions:         61181952 Byte
20220312 054226.186 INFO             PET0 PIOc_sync Exit - MemInfo: [malloc] Maximum total allocated space:                     0 Byte
20220312 054226.186 INFO             PET0 PIOc_sync Exit - MemInfo: [malloc] Space in freed fastbin blocks:                   416 Byte
20220312 054226.186 INFO             PET0 PIOc_sync Exit - MemInfo: [malloc] Total allocated space:                      32329936 Byte
20220312 054226.186 INFO             PET0 PIOc_sync Exit - MemInfo: [malloc] Total free space:                            2322224 Byte
20220312 054226.186 INFO             PET0 PIOc_sync Exit - MemInfo: [malloc] Top-most, releasable space:                    90960 Byte
20220312 054226.186 INFO             PET0 PIOc_sync Exit - MemInfo: [malloc] Total space in use, mmap + non-mmap:        93511888 Byte
20220312 054226.186 INFO             PET0 PIOc_sync Exit - MemInfo: [malloc] Total space held (mmap + non-mmap):         95834112 Byte
20220312 054226.186 INFO             PET0 PIOc_sync Exit - MemInfo: [malloc] Total space used (mmap + non-mmap):         93521280 Byte
20220312 054226.186 INFO             PET0 PIOc_sync Exit - MemInfo: Wall-clock time since execution start:                2.50066 seconds
20220312 054226.192 INFO             PET0 PIOc_freedecomp Enter - MemInfo: [/proc/meminfo - SSI]	MemTotal:       196434612 kB
20220312 054226.192 INFO             PET0 PIOc_freedecomp Enter - MemInfo: [/proc/meminfo - SSI]	MemFree:        189595132 kB
20220312 054226.192 INFO             PET0 PIOc_freedecomp Enter - MemInfo: [/proc/meminfo - SSI]	MemAvailable:   191216028 kB
20220312 054226.193 INFO             PET0 PIOc_freedecomp Enter - MemInfo: [/proc/meminfo - SSI]	Committed_AS:    1658724 kB
20220312 054226.193 INFO             PET0 PIOc_freedecomp Enter - MemInfo: [/proc/meminfo - SSI]	CommittedPercent: 0.844415 %
20220312 054226.193 INFO             PET0 PIOc_freedecomp Enter - MemInfo: [/proc/self/status]	VmPeak:	 3917248 kB
20220312 054226.193 INFO             PET0 PIOc_freedecomp Enter - MemInfo: [/proc/self/status]	VmSize:	 3903432 kB
20220312 054226.193 INFO             PET0 PIOc_freedecomp Enter - MemInfo: [/proc/self/status]	VmLck:	       0 kB
20220312 054226.193 INFO             PET0 PIOc_freedecomp Enter - MemInfo: [/proc/self/status]	VmPin:	   80252 kB
20220312 054226.193 INFO             PET0 PIOc_freedecomp Enter - MemInfo: [/proc/self/status]	VmHWM:	  164640 kB
20220312 054226.193 INFO             PET0 PIOc_freedecomp Enter - MemInfo: [/proc/self/status]	VmRSS:	  164640 kB
20220312 054226.193 INFO             PET0 PIOc_freedecomp Enter - MemInfo: [/proc/self/status]	VmData:	  259576 kB
20220312 054226.193 INFO             PET0 PIOc_freedecomp Enter - MemInfo: [/proc/self/status]	VmStk:	     520 kB
20220312 054226.193 INFO             PET0 PIOc_freedecomp Enter - MemInfo: [/proc/self/status]	VmExe:	    1956 kB
20220312 054226.193 INFO             PET0 PIOc_freedecomp Enter - MemInfo: [/proc/self/status]	VmLib:	  122112 kB
20220312 054226.193 INFO             PET0 PIOc_freedecomp Enter - MemInfo: [/proc/self/status]	VmPTE:	    1008 kB
20220312 054226.193 INFO             PET0 PIOc_freedecomp Enter - MemInfo: [/proc/self/status]	VmSwap:	       0 kB
20220312 054226.193 INFO             PET0 PIOc_freedecomp Enter - MemInfo: [/proc/self/status]	VmRSSPercent: 0.0838141 %
20220312 054226.193 INFO             PET0 PIOc_freedecomp Enter - MemInfo: [malloc] Non-mmapped space allocated:                34652160 Byte
20220312 054226.193 INFO             PET0 PIOc_freedecomp Enter - MemInfo: [malloc] Space allocated in mmapped regions:         61181952 Byte
20220312 054226.193 INFO             PET0 PIOc_freedecomp Enter - MemInfo: [malloc] Maximum total allocated space:                     0 Byte
20220312 054226.193 INFO             PET0 PIOc_freedecomp Enter - MemInfo: [malloc] Space in freed fastbin blocks:                   576 Byte
20220312 054226.193 INFO             PET0 PIOc_freedecomp Enter - MemInfo: [malloc] Total allocated space:                      23403744 Byte
20220312 054226.193 INFO             PET0 PIOc_freedecomp Enter - MemInfo: [malloc] Total free space:                           11248416 Byte
20220312 054226.193 INFO             PET0 PIOc_freedecomp Enter - MemInfo: [malloc] Top-most, releasable space:                    90960 Byte
20220312 054226.193 INFO             PET0 PIOc_freedecomp Enter - MemInfo: [malloc] Total space in use, mmap + non-mmap:        84585696 Byte
20220312 054226.193 INFO             PET0 PIOc_freedecomp Enter - MemInfo: [malloc] Total space held (mmap + non-mmap):         95834112 Byte
20220312 054226.193 INFO             PET0 PIOc_freedecomp Enter - MemInfo: [malloc] Total space used (mmap + non-mmap):         84595072 Byte
20220312 054226.193 INFO             PET0 PIOc_freedecomp Enter - MemInfo: Wall-clock time since execution start:                2.50711 seconds
20220312 054226.193 INFO             PET0 PIOc_freedecomp Exit - MemInfo: [/proc/meminfo - SSI]	MemTotal:       196434612 kB
20220312 054226.193 INFO             PET0 PIOc_freedecomp Exit - MemInfo: [/proc/meminfo - SSI]	MemFree:        189595132 kB
20220312 054226.193 INFO             PET0 PIOc_freedecomp Exit - MemInfo: [/proc/meminfo - SSI]	MemAvailable:   191216028 kB
20220312 054226.193 INFO             PET0 PIOc_freedecomp Exit - MemInfo: [/proc/meminfo - SSI]	Committed_AS:    1658724 kB
20220312 054226.193 INFO             PET0 PIOc_freedecomp Exit - MemInfo: [/proc/meminfo - SSI]	CommittedPercent: 0.844415 %
20220312 054226.193 INFO             PET0 PIOc_freedecomp Exit - MemInfo: [/proc/self/status]	VmPeak:	 3917248 kB
20220312 054226.193 INFO             PET0 PIOc_freedecomp Exit - MemInfo: [/proc/self/status]	VmSize:	 3903432 kB
20220312 054226.193 INFO             PET0 PIOc_freedecomp Exit - MemInfo: [/proc/self/status]	VmLck:	       0 kB
20220312 054226.193 INFO             PET0 PIOc_freedecomp Exit - MemInfo: [/proc/self/status]	VmPin:	   80252 kB
20220312 054226.193 INFO             PET0 PIOc_freedecomp Exit - MemInfo: [/proc/self/status]	VmHWM:	  164640 kB
20220312 054226.193 INFO             PET0 PIOc_freedecomp Exit - MemInfo: [/proc/self/status]	VmRSS:	  164640 kB
20220312 054226.193 INFO             PET0 PIOc_freedecomp Exit - MemInfo: [/proc/self/status]	VmData:	  259576 kB
20220312 054226.193 INFO             PET0 PIOc_freedecomp Exit - MemInfo: [/proc/self/status]	VmStk:	     520 kB
20220312 054226.193 INFO             PET0 PIOc_freedecomp Exit - MemInfo: [/proc/self/status]	VmExe:	    1956 kB
20220312 054226.193 INFO             PET0 PIOc_freedecomp Exit - MemInfo: [/proc/self/status]	VmLib:	  122112 kB
20220312 054226.193 INFO             PET0 PIOc_freedecomp Exit - MemInfo: [/proc/self/status]	VmPTE:	    1008 kB
20220312 054226.193 INFO             PET0 PIOc_freedecomp Exit - MemInfo: [/proc/self/status]	VmSwap:	       0 kB
20220312 054226.193 INFO             PET0 PIOc_freedecomp Exit - MemInfo: [/proc/self/status]	VmRSSPercent: 0.0838141 %
20220312 054226.193 INFO             PET0 PIOc_freedecomp Exit - MemInfo: [malloc] Non-mmapped space allocated:                34652160 Byte
20220312 054226.193 INFO             PET0 PIOc_freedecomp Exit - MemInfo: [malloc] Space allocated in mmapped regions:         61181952 Byte
20220312 054226.193 INFO             PET0 PIOc_freedecomp Exit - MemInfo: [malloc] Maximum total allocated space:                     0 Byte
20220312 054226.193 INFO             PET0 PIOc_freedecomp Exit - MemInfo: [malloc] Space in freed fastbin blocks:                   352 Byte
20220312 054226.193 INFO             PET0 PIOc_freedecomp Exit - MemInfo: [malloc] Total allocated space:                      23401008 Byte
20220312 054226.193 INFO             PET0 PIOc_freedecomp Exit - MemInfo: [malloc] Total free space:                           11251152 Byte
20220312 054226.193 INFO             PET0 PIOc_freedecomp Exit - MemInfo: [malloc] Top-most, releasable space:                  9016496 Byte
20220312 054226.193 INFO             PET0 PIOc_freedecomp Exit - MemInfo: [malloc] Total space in use, mmap + non-mmap:        84582960 Byte
20220312 054226.193 INFO             PET0 PIOc_freedecomp Exit - MemInfo: [malloc] Total space held (mmap + non-mmap):         95834112 Byte
20220312 054226.193 INFO             PET0 PIOc_freedecomp Exit - MemInfo: [malloc] Total space used (mmap + non-mmap):         84592336 Byte
20220312 054226.193 INFO             PET0 PIOc_freedecomp Exit - MemInfo: Wall-clock time since execution start:                2.50763 seconds
20220312 054226.193 INFO             PET0  PASS  Read ESMF_Array without Halo from NetCDF file Test, ESMF_ArrayIOUTest.F90, line 330
20220312 054226.193 INFO             PET0  PASS  Compare read in data to the existing data - 3D without halo, ESMF_ArrayIOUTest.F90, line 353
20220312 054226.413 WARNING          PET0 ESMCI_PIO_Handler.C:1344 ESMCI::PIO_Handler::open()  Unable to set fill on file: file3D_withhalo.nc, (PIO/NetCDF error = NetCDF: Write to read only)
20220312 054226.718 INFO             PET0 PIOc_sync Enter - MemInfo: [/proc/meminfo - SSI]	MemTotal:       196434612 kB
20220312 054226.718 INFO             PET0 PIOc_sync Enter - MemInfo: [/proc/meminfo - SSI]	MemFree:        189595140 kB
20220312 054226.718 INFO             PET0 PIOc_sync Enter - MemInfo: [/proc/meminfo - SSI]	MemAvailable:   191216036 kB
20220312 054226.719 INFO             PET0 PIOc_sync Enter - MemInfo: [/proc/meminfo - SSI]	Committed_AS:    1658724 kB
20220312 054226.719 INFO             PET0 PIOc_sync Enter - MemInfo: [/proc/meminfo - SSI]	CommittedPercent: 0.844415 %
20220312 054226.719 INFO             PET0 PIOc_sync Enter - MemInfo: [/proc/self/status]	VmPeak:	 3917248 kB
20220312 054226.719 INFO             PET0 PIOc_sync Enter - MemInfo: [/proc/self/status]	VmSize:	 3903432 kB
20220312 054226.719 INFO             PET0 PIOc_sync Enter - MemInfo: [/proc/self/status]	VmLck:	       0 kB
20220312 054226.719 INFO             PET0 PIOc_sync Enter - MemInfo: [/proc/self/status]	VmPin:	   80252 kB
20220312 054226.719 INFO             PET0 PIOc_sync Enter - MemInfo: [/proc/self/status]	VmHWM:	  164780 kB
20220312 054226.719 INFO             PET0 PIOc_sync Enter - MemInfo: [/proc/self/status]	VmRSS:	  164780 kB
20220312 054226.719 INFO             PET0 PIOc_sync Enter - MemInfo: [/proc/self/status]	VmData:	  259576 kB
20220312 054226.719 INFO             PET0 PIOc_sync Enter - MemInfo: [/proc/self/status]	VmStk:	     520 kB
20220312 054226.719 INFO             PET0 PIOc_sync Enter - MemInfo: [/proc/self/status]	VmExe:	    1956 kB
20220312 054226.719 INFO             PET0 PIOc_sync Enter - MemInfo: [/proc/self/status]	VmLib:	  122112 kB
20220312 054226.719 INFO             PET0 PIOc_sync Enter - MemInfo: [/proc/self/status]	VmPTE:	    1008 kB
20220312 054226.719 INFO             PET0 PIOc_sync Enter - MemInfo: [/proc/self/status]	VmSwap:	       0 kB
20220312 054226.719 INFO             PET0 PIOc_sync Enter - MemInfo: [/proc/self/status]	VmRSSPercent: 0.0838854 %
20220312 054226.719 INFO             PET0 PIOc_sync Enter - MemInfo: [malloc] Non-mmapped space allocated:                34652160 Byte
20220312 054226.719 INFO             PET0 PIOc_sync Enter - MemInfo: [malloc] Space allocated in mmapped regions:         61181952 Byte
20220312 054226.719 INFO             PET0 PIOc_sync Enter - MemInfo: [malloc] Maximum total allocated space:                     0 Byte
20220312 054226.719 INFO             PET0 PIOc_sync Enter - MemInfo: [malloc] Space in freed fastbin blocks:                   704 Byte
20220312 054226.719 INFO             PET0 PIOc_sync Enter - MemInfo: [malloc] Total allocated space:                      32342144 Byte
20220312 054226.719 INFO             PET0 PIOc_sync Enter - MemInfo: [malloc] Total free space:                            2310016 Byte
20220312 054226.719 INFO             PET0 PIOc_sync Enter - MemInfo: [malloc] Top-most, releasable space:                    58128 Byte
20220312 054226.719 INFO             PET0 PIOc_sync Enter - MemInfo: [malloc] Total space in use, mmap + non-mmap:        93524096 Byte
20220312 054226.719 INFO             PET0 PIOc_sync Enter - MemInfo: [malloc] Total space held (mmap + non-mmap):         95834112 Byte
20220312 054226.719 INFO             PET0 PIOc_sync Enter - MemInfo: [malloc] Total space used (mmap + non-mmap):         93533488 Byte
20220312 054226.719 INFO             PET0 PIOc_sync Enter - MemInfo: Wall-clock time since execution start:                3.03188 seconds
20220312 054226.719 INFO             PET0 PIOc_sync Exit - MemInfo: [/proc/meminfo - SSI]	MemTotal:       196434612 kB
20220312 054226.719 INFO             PET0 PIOc_sync Exit - MemInfo: [/proc/meminfo - SSI]	MemFree:        189595140 kB
20220312 054226.719 INFO             PET0 PIOc_sync Exit - MemInfo: [/proc/meminfo - SSI]	MemAvailable:   191216036 kB
20220312 054226.719 INFO             PET0 PIOc_sync Exit - MemInfo: [/proc/meminfo - SSI]	Committed_AS:    1658724 kB
20220312 054226.719 INFO             PET0 PIOc_sync Exit - MemInfo: [/proc/meminfo - SSI]	CommittedPercent: 0.844415 %
20220312 054226.719 INFO             PET0 PIOc_sync Exit - MemInfo: [/proc/self/status]	VmPeak:	 3917248 kB
20220312 054226.719 INFO             PET0 PIOc_sync Exit - MemInfo: [/proc/self/status]	VmSize:	 3903432 kB
20220312 054226.719 INFO             PET0 PIOc_sync Exit - MemInfo: [/proc/self/status]	VmLck:	       0 kB
20220312 054226.719 INFO             PET0 PIOc_sync Exit - MemInfo: [/proc/self/status]	VmPin:	   80252 kB
20220312 054226.719 INFO             PET0 PIOc_sync Exit - MemInfo: [/proc/self/status]	VmHWM:	  164780 kB
20220312 054226.719 INFO             PET0 PIOc_sync Exit - MemInfo: [/proc/self/status]	VmRSS:	  164780 kB
20220312 054226.719 INFO             PET0 PIOc_sync Exit - MemInfo: [/proc/self/status]	VmData:	  259576 kB
20220312 054226.719 INFO             PET0 PIOc_sync Exit - MemInfo: [/proc/self/status]	VmStk:	     520 kB
20220312 054226.719 INFO             PET0 PIOc_sync Exit - MemInfo: [/proc/self/status]	VmExe:	    1956 kB
20220312 054226.719 INFO             PET0 PIOc_sync Exit - MemInfo: [/proc/self/status]	VmLib:	  122112 kB
20220312 054226.719 INFO             PET0 PIOc_sync Exit - MemInfo: [/proc/self/status]	VmPTE:	    1008 kB
20220312 054226.719 INFO             PET0 PIOc_sync Exit - MemInfo: [/proc/self/status]	VmSwap:	       0 kB
20220312 054226.719 INFO             PET0 PIOc_sync Exit - MemInfo: [/proc/self/status]	VmRSSPercent: 0.0838854 %
20220312 054226.719 INFO             PET0 PIOc_sync Exit - MemInfo: [malloc] Non-mmapped space allocated:                34652160 Byte
20220312 054226.719 INFO             PET0 PIOc_sync Exit - MemInfo: [malloc] Space allocated in mmapped regions:         61181952 Byte
20220312 054226.719 INFO             PET0 PIOc_sync Exit - MemInfo: [malloc] Maximum total allocated space:                     0 Byte
20220312 054226.719 INFO             PET0 PIOc_sync Exit - MemInfo: [malloc] Space in freed fastbin blocks:                   368 Byte
20220312 054226.719 INFO             PET0 PIOc_sync Exit - MemInfo: [malloc] Total allocated space:                      32342144 Byte
20220312 054226.719 INFO             PET0 PIOc_sync Exit - MemInfo: [malloc] Total free space:                            2310016 Byte
20220312 054226.719 INFO             PET0 PIOc_sync Exit - MemInfo: [malloc] Top-most, releasable space:                    58128 Byte
20220312 054226.719 INFO             PET0 PIOc_sync Exit - MemInfo: [malloc] Total space in use, mmap + non-mmap:        93524096 Byte
20220312 054226.719 INFO             PET0 PIOc_sync Exit - MemInfo: [malloc] Total space held (mmap + non-mmap):         95834112 Byte
20220312 054226.719 INFO             PET0 PIOc_sync Exit - MemInfo: [malloc] Total space used (mmap + non-mmap):         93533472 Byte
20220312 054226.719 INFO             PET0 PIOc_sync Exit - MemInfo: Wall-clock time since execution start:                3.03243 seconds
20220312 054226.737 INFO             PET0 PIOc_freedecomp Enter - MemInfo: [/proc/meminfo - SSI]	MemTotal:       196434612 kB
20220312 054226.737 INFO             PET0 PIOc_freedecomp Enter - MemInfo: [/proc/meminfo - SSI]	MemFree:        189595140 kB
20220312 054226.737 INFO             PET0 PIOc_freedecomp Enter - MemInfo: [/proc/meminfo - SSI]	MemAvailable:   191216036 kB
20220312 054226.737 INFO             PET0 PIOc_freedecomp Enter - MemInfo: [/proc/meminfo - SSI]	Committed_AS:    1658724 kB
20220312 054226.737 INFO             PET0 PIOc_freedecomp Enter - MemInfo: [/proc/meminfo - SSI]	CommittedPercent: 0.844415 %
20220312 054226.738 INFO             PET0 PIOc_freedecomp Enter - MemInfo: [/proc/self/status]	VmPeak:	 3917248 kB
20220312 054226.738 INFO             PET0 PIOc_freedecomp Enter - MemInfo: [/proc/self/status]	VmSize:	 3903432 kB
20220312 054226.738 INFO             PET0 PIOc_freedecomp Enter - MemInfo: [/proc/self/status]	VmLck:	       0 kB
20220312 054226.738 INFO             PET0 PIOc_freedecomp Enter - MemInfo: [/proc/self/status]	VmPin:	   80252 kB
20220312 054226.738 INFO             PET0 PIOc_freedecomp Enter - MemInfo: [/proc/self/status]	VmHWM:	  164780 kB
20220312 054226.738 INFO             PET0 PIOc_freedecomp Enter - MemInfo: [/proc/self/status]	VmRSS:	  164780 kB
20220312 054226.738 INFO             PET0 PIOc_freedecomp Enter - MemInfo: [/proc/self/status]	VmData:	  259576 kB
20220312 054226.738 INFO             PET0 PIOc_freedecomp Enter - MemInfo: [/proc/self/status]	VmStk:	     520 kB
20220312 054226.738 INFO             PET0 PIOc_freedecomp Enter - MemInfo: [/proc/self/status]	VmExe:	    1956 kB
20220312 054226.738 INFO             PET0 PIOc_freedecomp Enter - MemInfo: [/proc/self/status]	VmLib:	  122112 kB
20220312 054226.738 INFO             PET0 PIOc_freedecomp Enter - MemInfo: [/proc/self/status]	VmPTE:	    1008 kB
20220312 054226.738 INFO             PET0 PIOc_freedecomp Enter - MemInfo: [/proc/self/status]	VmSwap:	       0 kB
20220312 054226.738 INFO             PET0 PIOc_freedecomp Enter - MemInfo: [/proc/self/status]	VmRSSPercent: 0.0838854 %
20220312 054226.738 INFO             PET0 PIOc_freedecomp Enter - MemInfo: [malloc] Non-mmapped space allocated:                34652160 Byte
20220312 054226.738 INFO             PET0 PIOc_freedecomp Enter - MemInfo: [malloc] Space allocated in mmapped regions:         61181952 Byte
20220312 054226.738 INFO             PET0 PIOc_freedecomp Enter - MemInfo: [malloc] Maximum total allocated space:                     0 Byte
20220312 054226.738 INFO             PET0 PIOc_freedecomp Enter - MemInfo: [malloc] Space in freed fastbin blocks:                   528 Byte
20220312 054226.738 INFO             PET0 PIOc_freedecomp Enter - MemInfo: [malloc] Total allocated space:                      23415936 Byte
20220312 054226.738 INFO             PET0 PIOc_freedecomp Enter - MemInfo: [malloc] Total free space:                           11236224 Byte
20220312 054226.738 INFO             PET0 PIOc_freedecomp Enter - MemInfo: [malloc] Top-most, releasable space:                    58128 Byte
20220312 054226.738 INFO             PET0 PIOc_freedecomp Enter - MemInfo: [malloc] Total space in use, mmap + non-mmap:        84597888 Byte
20220312 054226.738 INFO             PET0 PIOc_freedecomp Enter - MemInfo: [malloc] Total space held (mmap + non-mmap):         95834112 Byte
20220312 054226.738 INFO             PET0 PIOc_freedecomp Enter - MemInfo: [malloc] Total space used (mmap + non-mmap):         84607280 Byte
20220312 054226.738 INFO             PET0 PIOc_freedecomp Enter - MemInfo: Wall-clock time since execution start:                3.05079 seconds
20220312 054226.738 INFO             PET0 PIOc_freedecomp Exit - MemInfo: [/proc/meminfo - SSI]	MemTotal:       196434612 kB
20220312 054226.738 INFO             PET0 PIOc_freedecomp Exit - MemInfo: [/proc/meminfo - SSI]	MemFree:        189595140 kB
20220312 054226.738 INFO             PET0 PIOc_freedecomp Exit - MemInfo: [/proc/meminfo - SSI]	MemAvailable:   191216036 kB
20220312 054226.738 INFO             PET0 PIOc_freedecomp Exit - MemInfo: [/proc/meminfo - SSI]	Committed_AS:    1658724 kB
20220312 054226.738 INFO             PET0 PIOc_freedecomp Exit - MemInfo: [/proc/meminfo - SSI]	CommittedPercent: 0.844415 %
20220312 054226.738 INFO             PET0 PIOc_freedecomp Exit - MemInfo: [/proc/self/status]	VmPeak:	 3917248 kB
20220312 054226.738 INFO             PET0 PIOc_freedecomp Exit - MemInfo: [/proc/self/status]	VmSize:	 3903432 kB
20220312 054226.738 INFO             PET0 PIOc_freedecomp Exit - MemInfo: [/proc/self/status]	VmLck:	       0 kB
20220312 054226.738 INFO             PET0 PIOc_freedecomp Exit - MemInfo: [/proc/self/status]	VmPin:	   80252 kB
20220312 054226.738 INFO             PET0 PIOc_freedecomp Exit - MemInfo: [/proc/self/status]	VmHWM:	  164780 kB
20220312 054226.738 INFO             PET0 PIOc_freedecomp Exit - MemInfo: [/proc/self/status]	VmRSS:	  164780 kB
20220312 054226.738 INFO             PET0 PIOc_freedecomp Exit - MemInfo: [/proc/self/status]	VmData:	  259576 kB
20220312 054226.738 INFO             PET0 PIOc_freedecomp Exit - MemInfo: [/proc/self/status]	VmStk:	     520 kB
20220312 054226.738 INFO             PET0 PIOc_freedecomp Exit - MemInfo: [/proc/self/status]	VmExe:	    1956 kB
20220312 054226.738 INFO             PET0 PIOc_freedecomp Exit - MemInfo: [/proc/self/status]	VmLib:	  122112 kB
20220312 054226.738 INFO             PET0 PIOc_freedecomp Exit - MemInfo: [/proc/self/status]	VmPTE:	    1008 kB
20220312 054226.738 INFO             PET0 PIOc_freedecomp Exit - MemInfo: [/proc/self/status]	VmSwap:	       0 kB
20220312 054226.738 INFO             PET0 PIOc_freedecomp Exit - MemInfo: [/proc/self/status]	VmRSSPercent: 0.0838854 %
20220312 054226.738 INFO             PET0 PIOc_freedecomp Exit - MemInfo: [malloc] Non-mmapped space allocated:                34652160 Byte
20220312 054226.738 INFO             PET0 PIOc_freedecomp Exit - MemInfo: [malloc] Space allocated in mmapped regions:         61181952 Byte
20220312 054226.738 INFO             PET0 PIOc_freedecomp Exit - MemInfo: [malloc] Maximum total allocated space:                     0 Byte
20220312 054226.738 INFO             PET0 PIOc_freedecomp Exit - MemInfo: [malloc] Space in freed fastbin blocks:                   432 Byte
20220312 054226.738 INFO             PET0 PIOc_freedecomp Exit - MemInfo: [malloc] Total allocated space:                      23401008 Byte
20220312 054226.738 INFO             PET0 PIOc_freedecomp Exit - MemInfo: [malloc] Total free space:                           11251152 Byte
20220312 054226.738 INFO             PET0 PIOc_freedecomp Exit - MemInfo: [malloc] Top-most, releasable space:                  9016496 Byte
20220312 054226.738 INFO             PET0 PIOc_freedecomp Exit - MemInfo: [malloc] Total space in use, mmap + non-mmap:        84582960 Byte
20220312 054226.738 INFO             PET0 PIOc_freedecomp Exit - MemInfo: [malloc] Total space held (mmap + non-mmap):         95834112 Byte
20220312 054226.738 INFO             PET0 PIOc_freedecomp Exit - MemInfo: [malloc] Total space used (mmap + non-mmap):         84592336 Byte
20220312 054226.738 INFO             PET0 PIOc_freedecomp Exit - MemInfo: Wall-clock time since execution start:                3.05135 seconds
20220312 054226.738 INFO             PET0  PASS  Read ESMF_Array with Halo from NetCDF Test, ESMF_ArrayIOUTest.F90, line 380
20220312 054226.738 ERROR            PET0 ESMCI_IO_Handler.C:164 ESMCI::IO_Handler::create() Unknown I/O Format
20220312 054226.738 ERROR            PET0 ESMCI_IO.C:264 ESMCI::IO::read() Invalid argument  - Internal subroutine call returned Error
20220312 054226.739 ERROR            PET0 ESMCI_Array.C:3933 ESMCI::Array::read() Invalid argument  - Internal subroutine call returned Error
20220312 054226.739 ERROR            PET0 ESMCI_Array_F.C:831 c_esmc_arrayread() Invalid argument  - Internal subroutine call returned Error
20220312 054226.739 ERROR            PET0 ESMF_ArrayHa.F90:723 ESMF_ArrayRead Invalid argument  - Internal subroutine call returned Error
20220312 054226.739 INFO             PET0  PASS  Read ESMF_Array with Halo from binary Test, ESMF_ArrayIOUTest.F90, line 394
20220312 054226.739 INFO             PET0  PASS  Compare read in data to the existing NetCDF data - 3D with halo, ESMF_ArrayIOUTest.F90, line 412
20220312 054226.739 ERROR            PET0 ESMCI_Array.C:3914 ESMCI::Array::read() Invalid argument  - Array variable name not allowed in binary mode
20220312 054226.739 ERROR            PET0 ESMCI_Array_F.C:831 c_esmc_arrayread() Invalid argument  - Internal subroutine call returned Error
20220312 054226.739 ERROR            PET0 ESMF_ArrayHa.F90:723 ESMF_ArrayRead Invalid argument  - Internal subroutine call returned Error
20220312 054226.739 INFO             PET0  PASS  Read ESMF_Array variable with Halo from binary Test, ESMF_ArrayIOUTest.F90, line 430
20220312 054227.275 INFO             PET0 PIOc_sync Enter - MemInfo: [/proc/meminfo - SSI]	MemTotal:       196434612 kB
20220312 054227.275 INFO             PET0 PIOc_sync Enter - MemInfo: [/proc/meminfo - SSI]	MemFree:        189595788 kB
20220312 054227.275 INFO             PET0 PIOc_sync Enter - MemInfo: [/proc/meminfo - SSI]	MemAvailable:   191216684 kB
20220312 054227.275 INFO             PET0 PIOc_sync Enter - MemInfo: [/proc/meminfo - SSI]	Committed_AS:    1659364 kB
20220312 054227.276 INFO             PET0 PIOc_sync Enter - MemInfo: [/proc/meminfo - SSI]	CommittedPercent: 0.844741 %
20220312 054227.276 INFO             PET0 PIOc_sync Enter - MemInfo: [/proc/self/status]	VmPeak:	 3917248 kB
20220312 054227.276 INFO             PET0 PIOc_sync Enter - MemInfo: [/proc/self/status]	VmSize:	 3903432 kB
20220312 054227.276 INFO             PET0 PIOc_sync Enter - MemInfo: [/proc/self/status]	VmLck:	       0 kB
20220312 054227.276 INFO             PET0 PIOc_sync Enter - MemInfo: [/proc/self/status]	VmPin:	   80252 kB
20220312 054227.276 INFO             PET0 PIOc_sync Enter - MemInfo: [/proc/self/status]	VmHWM:	  164868 kB
20220312 054227.276 INFO             PET0 PIOc_sync Enter - MemInfo: [/proc/self/status]	VmRSS:	  164868 kB
20220312 054227.276 INFO             PET0 PIOc_sync Enter - MemInfo: [/proc/self/status]	VmData:	  259576 kB
20220312 054227.276 INFO             PET0 PIOc_sync Enter - MemInfo: [/proc/self/status]	VmStk:	     520 kB
20220312 054227.276 INFO             PET0 PIOc_sync Enter - MemInfo: [/proc/self/status]	VmExe:	    1956 kB
20220312 054227.276 INFO             PET0 PIOc_sync Enter - MemInfo: [/proc/self/status]	VmLib:	  122112 kB
20220312 054227.276 INFO             PET0 PIOc_sync Enter - MemInfo: [/proc/self/status]	VmPTE:	    1008 kB
20220312 054227.276 INFO             PET0 PIOc_sync Enter - MemInfo: [/proc/self/status]	VmSwap:	       0 kB
20220312 054227.276 INFO             PET0 PIOc_sync Enter - MemInfo: [/proc/self/status]	VmRSSPercent: 0.0839302 %
20220312 054227.276 INFO             PET0 PIOc_sync Enter - MemInfo: [malloc] Non-mmapped space allocated:                34652160 Byte
20220312 054227.276 INFO             PET0 PIOc_sync Enter - MemInfo: [malloc] Space allocated in mmapped regions:         61181952 Byte
20220312 054227.276 INFO             PET0 PIOc_sync Enter - MemInfo: [malloc] Maximum total allocated space:                     0 Byte
20220312 054227.276 INFO             PET0 PIOc_sync Enter - MemInfo: [malloc] Space in freed fastbin blocks:                   448 Byte
20220312 054227.276 INFO             PET0 PIOc_sync Enter - MemInfo: [malloc] Total allocated space:                      32347008 Byte
20220312 054227.276 INFO             PET0 PIOc_sync Enter - MemInfo: [malloc] Total free space:                            2305152 Byte
20220312 054227.276 INFO             PET0 PIOc_sync Enter - MemInfo: [malloc] Top-most, releasable space:                    58128 Byte
20220312 054227.276 INFO             PET0 PIOc_sync Enter - MemInfo: [malloc] Total space in use, mmap + non-mmap:        93528960 Byte
20220312 054227.276 INFO             PET0 PIOc_sync Enter - MemInfo: [malloc] Total space held (mmap + non-mmap):         95834112 Byte
20220312 054227.276 INFO             PET0 PIOc_sync Enter - MemInfo: [malloc] Total space used (mmap + non-mmap):         93538352 Byte
20220312 054227.276 INFO             PET0 PIOc_sync Enter - MemInfo: Wall-clock time since execution start:                3.58756 seconds
20220312 054227.297 INFO             PET0 PIOc_sync Exit - MemInfo: [/proc/meminfo - SSI]	MemTotal:       196434612 kB
20220312 054227.297 INFO             PET0 PIOc_sync Exit - MemInfo: [/proc/meminfo - SSI]	MemFree:        189595788 kB
20220312 054227.298 INFO             PET0 PIOc_sync Exit - MemInfo: [/proc/meminfo - SSI]	MemAvailable:   191216684 kB
20220312 054227.298 INFO             PET0 PIOc_sync Exit - MemInfo: [/proc/meminfo - SSI]	Committed_AS:    1659364 kB
20220312 054227.298 INFO             PET0 PIOc_sync Exit - MemInfo: [/proc/meminfo - SSI]	CommittedPercent: 0.844741 %
20220312 054227.298 INFO             PET0 PIOc_sync Exit - MemInfo: [/proc/self/status]	VmPeak:	 3917248 kB
20220312 054227.298 INFO             PET0 PIOc_sync Exit - MemInfo: [/proc/self/status]	VmSize:	 3903432 kB
20220312 054227.298 INFO             PET0 PIOc_sync Exit - MemInfo: [/proc/self/status]	VmLck:	       0 kB
20220312 054227.298 INFO             PET0 PIOc_sync Exit - MemInfo: [/proc/self/status]	VmPin:	   80252 kB
20220312 054227.298 INFO             PET0 PIOc_sync Exit - MemInfo: [/proc/self/status]	VmHWM:	  164884 kB
20220312 054227.298 INFO             PET0 PIOc_sync Exit - MemInfo: [/proc/self/status]	VmRSS:	  164884 kB
20220312 054227.298 INFO             PET0 PIOc_sync Exit - MemInfo: [/proc/self/status]	VmData:	  259576 kB
20220312 054227.298 INFO             PET0 PIOc_sync Exit - MemInfo: [/proc/self/status]	VmStk:	     520 kB
20220312 054227.298 INFO             PET0 PIOc_sync Exit - MemInfo: [/proc/self/status]	VmExe:	    1956 kB
20220312 054227.298 INFO             PET0 PIOc_sync Exit - MemInfo: [/proc/self/status]	VmLib:	  122112 kB
20220312 054227.298 INFO             PET0 PIOc_sync Exit - MemInfo: [/proc/self/status]	VmPTE:	    1008 kB
20220312 054227.298 INFO             PET0 PIOc_sync Exit - MemInfo: [/proc/self/status]	VmSwap:	       0 kB
20220312 054227.298 INFO             PET0 PIOc_sync Exit - MemInfo: [/proc/self/status]	VmRSSPercent: 0.0839384 %
20220312 054227.298 INFO             PET0 PIOc_sync Exit - MemInfo: [malloc] Non-mmapped space allocated:                34652160 Byte
20220312 054227.298 INFO             PET0 PIOc_sync Exit - MemInfo: [malloc] Space allocated in mmapped regions:         61181952 Byte
20220312 054227.298 INFO             PET0 PIOc_sync Exit - MemInfo: [malloc] Maximum total allocated space:                     0 Byte
20220312 054227.298 INFO             PET0 PIOc_sync Exit - MemInfo: [malloc] Space in freed fastbin blocks:                   704 Byte
20220312 054227.298 INFO             PET0 PIOc_sync Exit - MemInfo: [malloc] Total allocated space:                      32343136 Byte
20220312 054227.298 INFO             PET0 PIOc_sync Exit - MemInfo: [malloc] Total free space:                            2309024 Byte
20220312 054227.298 INFO             PET0 PIOc_sync Exit - MemInfo: [malloc] Top-most, releasable space:                    58128 Byte
20220312 054227.298 INFO             PET0 PIOc_sync Exit - MemInfo: [malloc] Total space in use, mmap + non-mmap:        93525088 Byte
20220312 054227.298 INFO             PET0 PIOc_sync Exit - MemInfo: [malloc] Total space held (mmap + non-mmap):         95834112 Byte
20220312 054227.298 INFO             PET0 PIOc_sync Exit - MemInfo: [malloc] Total space used (mmap + non-mmap):         93534464 Byte
20220312 054227.298 INFO             PET0 PIOc_sync Exit - MemInfo: Wall-clock time since execution start:                3.60954 seconds
20220312 054227.298 INFO             PET0 PIOc_freedecomp Enter - MemInfo: [/proc/meminfo - SSI]	MemTotal:       196434612 kB
20220312 054227.298 INFO             PET0 PIOc_freedecomp Enter - MemInfo: [/proc/meminfo - SSI]	MemFree:        189595788 kB
20220312 054227.298 INFO             PET0 PIOc_freedecomp Enter - MemInfo: [/proc/meminfo - SSI]	MemAvailable:   191216684 kB
20220312 054227.298 INFO             PET0 PIOc_freedecomp Enter - MemInfo: [/proc/meminfo - SSI]	Committed_AS:    1659364 kB
20220312 054227.298 INFO             PET0 PIOc_freedecomp Enter - MemInfo: [/proc/meminfo - SSI]	CommittedPercent: 0.844741 %
20220312 054227.298 INFO             PET0 PIOc_freedecomp Enter - MemInfo: [/proc/self/status]	VmPeak:	 3917248 kB
20220312 054227.298 INFO             PET0 PIOc_freedecomp Enter - MemInfo: [/proc/self/status]	VmSize:	 3903432 kB
20220312 054227.298 INFO             PET0 PIOc_freedecomp Enter - MemInfo: [/proc/self/status]	VmLck:	       0 kB
20220312 054227.298 INFO             PET0 PIOc_freedecomp Enter - MemInfo: [/proc/self/status]	VmPin:	   80252 kB
20220312 054227.298 INFO             PET0 PIOc_freedecomp Enter - MemInfo: [/proc/self/status]	VmHWM:	  164884 kB
20220312 054227.298 INFO             PET0 PIOc_freedecomp Enter - MemInfo: [/proc/self/status]	VmRSS:	  164884 kB
20220312 054227.298 INFO             PET0 PIOc_freedecomp Enter - MemInfo: [/proc/self/status]	VmData:	  259576 kB
20220312 054227.298 INFO             PET0 PIOc_freedecomp Enter - MemInfo: [/proc/self/status]	VmStk:	     520 kB
20220312 054227.298 INFO             PET0 PIOc_freedecomp Enter - MemInfo: [/proc/self/status]	VmExe:	    1956 kB
20220312 054227.298 INFO             PET0 PIOc_freedecomp Enter - MemInfo: [/proc/self/status]	VmLib:	  122112 kB
20220312 054227.298 INFO             PET0 PIOc_freedecomp Enter - MemInfo: [/proc/self/status]	VmPTE:	    1008 kB
20220312 054227.298 INFO             PET0 PIOc_freedecomp Enter - MemInfo: [/proc/self/status]	VmSwap:	       0 kB
20220312 054227.298 INFO             PET0 PIOc_freedecomp Enter - MemInfo: [/proc/self/status]	VmRSSPercent: 0.0839384 %
20220312 054227.298 INFO             PET0 PIOc_freedecomp Enter - MemInfo: [malloc] Non-mmapped space allocated:                34652160 Byte
20220312 054227.298 INFO             PET0 PIOc_freedecomp Enter - MemInfo: [malloc] Space allocated in mmapped regions:         61181952 Byte
20220312 054227.298 INFO             PET0 PIOc_freedecomp Enter - MemInfo: [malloc] Maximum total allocated space:                     0 Byte
20220312 054227.299 INFO             PET0 PIOc_freedecomp Enter - MemInfo: [malloc] Space in freed fastbin blocks:                   608 Byte
20220312 054227.299 INFO             PET0 PIOc_freedecomp Enter - MemInfo: [malloc] Total allocated space:                      23416064 Byte
20220312 054227.299 INFO             PET0 PIOc_freedecomp Enter - MemInfo: [malloc] Total free space:                           11236096 Byte
20220312 054227.299 INFO             PET0 PIOc_freedecomp Enter - MemInfo: [malloc] Top-most, releasable space:                    58128 Byte
20220312 054227.299 INFO             PET0 PIOc_freedecomp Enter - MemInfo: [malloc] Total space in use, mmap + non-mmap:        84598016 Byte
20220312 054227.299 INFO             PET0 PIOc_freedecomp Enter - MemInfo: [malloc] Total space held (mmap + non-mmap):         95834112 Byte
20220312 054227.299 INFO             PET0 PIOc_freedecomp Enter - MemInfo: [malloc] Total space used (mmap + non-mmap):         84607392 Byte
20220312 054227.299 INFO             PET0 PIOc_freedecomp Enter - MemInfo: Wall-clock time since execution start:                3.61028 seconds
20220312 054227.299 INFO             PET0 PIOc_freedecomp Exit - MemInfo: [/proc/meminfo - SSI]	MemTotal:       196434612 kB
20220312 054227.299 INFO             PET0 PIOc_freedecomp Exit - MemInfo: [/proc/meminfo - SSI]	MemFree:        189595788 kB
20220312 054227.299 INFO             PET0 PIOc_freedecomp Exit - MemInfo: [/proc/meminfo - SSI]	MemAvailable:   191216684 kB
20220312 054227.299 INFO             PET0 PIOc_freedecomp Exit - MemInfo: [/proc/meminfo - SSI]	Committed_AS:    1659364 kB
20220312 054227.299 INFO             PET0 PIOc_freedecomp Exit - MemInfo: [/proc/meminfo - SSI]	CommittedPercent: 0.844741 %
20220312 054227.299 INFO             PET0 PIOc_freedecomp Exit - MemInfo: [/proc/self/status]	VmPeak:	 3917248 kB
20220312 054227.299 INFO             PET0 PIOc_freedecomp Exit - MemInfo: [/proc/self/status]	VmSize:	 3903432 kB
20220312 054227.299 INFO             PET0 PIOc_freedecomp Exit - MemInfo: [/proc/self/status]	VmLck:	       0 kB
20220312 054227.299 INFO             PET0 PIOc_freedecomp Exit - MemInfo: [/proc/self/status]	VmPin:	   80252 kB
20220312 054227.299 INFO             PET0 PIOc_freedecomp Exit - MemInfo: [/proc/self/status]	VmHWM:	  164884 kB
20220312 054227.299 INFO             PET0 PIOc_freedecomp Exit - MemInfo: [/proc/self/status]	VmRSS:	  164884 kB
20220312 054227.299 INFO             PET0 PIOc_freedecomp Exit - MemInfo: [/proc/self/status]	VmData:	  259576 kB
20220312 054227.299 INFO             PET0 PIOc_freedecomp Exit - MemInfo: [/proc/self/status]	VmStk:	     520 kB
20220312 054227.299 INFO             PET0 PIOc_freedecomp Exit - MemInfo: [/proc/self/status]	VmExe:	    1956 kB
20220312 054227.299 INFO             PET0 PIOc_freedecomp Exit - MemInfo: [/proc/self/status]	VmLib:	  122112 kB
20220312 054227.299 INFO             PET0 PIOc_freedecomp Exit - MemInfo: [/proc/self/status]	VmPTE:	    1008 kB
20220312 054227.299 INFO             PET0 PIOc_freedecomp Exit - MemInfo: [/proc/self/status]	VmSwap:	       0 kB
20220312 054227.299 INFO             PET0 PIOc_freedecomp Exit - MemInfo: [/proc/self/status]	VmRSSPercent: 0.0839384 %
20220312 054227.299 INFO             PET0 PIOc_freedecomp Exit - MemInfo: [malloc] Non-mmapped space allocated:                34652160 Byte
20220312 054227.299 INFO             PET0 PIOc_freedecomp Exit - MemInfo: [malloc] Space allocated in mmapped regions:         61181952 Byte
20220312 054227.299 INFO             PET0 PIOc_freedecomp Exit - MemInfo: [malloc] Maximum total allocated space:                     0 Byte
20220312 054227.299 INFO             PET0 PIOc_freedecomp Exit - MemInfo: [malloc] Space in freed fastbin blocks:                   432 Byte
20220312 054227.299 INFO             PET0 PIOc_freedecomp Exit - MemInfo: [malloc] Total allocated space:                      23401120 Byte
20220312 054227.299 INFO             PET0 PIOc_freedecomp Exit - MemInfo: [malloc] Total free space:                           11251040 Byte
20220312 054227.299 INFO             PET0 PIOc_freedecomp Exit - MemInfo: [malloc] Top-most, releasable space:                  9016496 Byte
20220312 054227.299 INFO             PET0 PIOc_freedecomp Exit - MemInfo: [malloc] Total space in use, mmap + non-mmap:        84583072 Byte
20220312 054227.299 INFO             PET0 PIOc_freedecomp Exit - MemInfo: [malloc] Total space held (mmap + non-mmap):         95834112 Byte
20220312 054227.299 INFO             PET0 PIOc_freedecomp Exit - MemInfo: [malloc] Total space used (mmap + non-mmap):         84592464 Byte
20220312 054227.299 INFO             PET0 PIOc_freedecomp Exit - MemInfo: Wall-clock time since execution start:                3.61081 seconds
20220312 054227.299 INFO             PET0  PASS  Write ESMF_Array with Halo to NetCDF variable copy Test, ESMF_ArrayIOUTest.F90, line 442
20220312 054227.299 INFO             PET0  PASS  Destroy Array with Halo, ESMF_ArrayIOUTest.F90, line 453
20220312 054227.299 INFO             PET0  PASS  Destroy Array without Halo, ESMF_ArrayIOUTest.F90, line 460
20220312 054227.299 INFO             PET0  PASS  Destroy DistGrid, ESMF_ArrayIOUTest.F90, line 467
20220312 054227.299 INFO             PET0  PASS  dstDistgrid Create Test, ESMF_ArrayIOUTest.F90, line 485
20220312 054227.300 INFO             PET0  PASS  Array Spec Set Test, ESMF_ArrayIOUTest.F90, line 493
20220312 054227.300 INFO             PET0  PASS  Array with Halo Create Test, ESMF_ArrayIOUTest.F90, line 507
20220312 054227.300 INFO             PET0  PASS  Array without Halo Create Test, ESMF_ArrayIOUTest.F90, line 517
20220312 054227.667 INFO             PET0 PIOc_sync Enter - MemInfo: [/proc/meminfo - SSI]	MemTotal:       196434612 kB
20220312 054227.667 INFO             PET0 PIOc_sync Enter - MemInfo: [/proc/meminfo - SSI]	MemFree:        189594548 kB
20220312 054227.667 INFO             PET0 PIOc_sync Enter - MemInfo: [/proc/meminfo - SSI]	MemAvailable:   191215444 kB
20220312 054227.667 INFO             PET0 PIOc_sync Enter - MemInfo: [/proc/meminfo - SSI]	Committed_AS:    1659364 kB
20220312 054227.668 INFO             PET0 PIOc_sync Enter - MemInfo: [/proc/meminfo - SSI]	CommittedPercent: 0.844741 %
20220312 054227.668 INFO             PET0 PIOc_sync Enter - MemInfo: [/proc/self/status]	VmPeak:	 3917248 kB
20220312 054227.668 INFO             PET0 PIOc_sync Enter - MemInfo: [/proc/self/status]	VmSize:	 3903432 kB
20220312 054227.668 INFO             PET0 PIOc_sync Enter - MemInfo: [/proc/self/status]	VmLck:	       0 kB
20220312 054227.668 INFO             PET0 PIOc_sync Enter - MemInfo: [/proc/self/status]	VmPin:	   80252 kB
20220312 054227.668 INFO             PET0 PIOc_sync Enter - MemInfo: [/proc/self/status]	VmHWM:	  165068 kB
20220312 054227.668 INFO             PET0 PIOc_sync Enter - MemInfo: [/proc/self/status]	VmRSS:	  165068 kB
20220312 054227.668 INFO             PET0 PIOc_sync Enter - MemInfo: [/proc/self/status]	VmData:	  259576 kB
20220312 054227.668 INFO             PET0 PIOc_sync Enter - MemInfo: [/proc/self/status]	VmStk:	     520 kB
20220312 054227.668 INFO             PET0 PIOc_sync Enter - MemInfo: [/proc/self/status]	VmExe:	    1956 kB
20220312 054227.668 INFO             PET0 PIOc_sync Enter - MemInfo: [/proc/self/status]	VmLib:	  122112 kB
20220312 054227.668 INFO             PET0 PIOc_sync Enter - MemInfo: [/proc/self/status]	VmPTE:	    1008 kB
20220312 054227.668 INFO             PET0 PIOc_sync Enter - MemInfo: [/proc/self/status]	VmSwap:	       0 kB
20220312 054227.668 INFO             PET0 PIOc_sync Enter - MemInfo: [/proc/self/status]	VmRSSPercent: 0.084032 %
20220312 054227.668 INFO             PET0 PIOc_sync Enter - MemInfo: [malloc] Non-mmapped space allocated:                34652160 Byte
20220312 054227.668 INFO             PET0 PIOc_sync Enter - MemInfo: [malloc] Space allocated in mmapped regions:         61181952 Byte
20220312 054227.668 INFO             PET0 PIOc_sync Enter - MemInfo: [malloc] Maximum total allocated space:                     0 Byte
20220312 054227.668 INFO             PET0 PIOc_sync Enter - MemInfo: [malloc] Space in freed fastbin blocks:                   448 Byte
20220312 054227.668 INFO             PET0 PIOc_sync Enter - MemInfo: [malloc] Total allocated space:                      32338848 Byte
20220312 054227.668 INFO             PET0 PIOc_sync Enter - MemInfo: [malloc] Total free space:                            2313312 Byte
20220312 054227.668 INFO             PET0 PIOc_sync Enter - MemInfo: [malloc] Top-most, releasable space:                    81904 Byte
20220312 054227.668 INFO             PET0 PIOc_sync Enter - MemInfo: [malloc] Total space in use, mmap + non-mmap:        93520800 Byte
20220312 054227.668 INFO             PET0 PIOc_sync Enter - MemInfo: [malloc] Total space held (mmap + non-mmap):         95834112 Byte
20220312 054227.668 INFO             PET0 PIOc_sync Enter - MemInfo: [malloc] Total space used (mmap + non-mmap):         93530192 Byte
20220312 054227.668 INFO             PET0 PIOc_sync Enter - MemInfo: Wall-clock time since execution start:                3.97862 seconds
20220312 054227.689 INFO             PET0 PIOc_sync Exit - MemInfo: [/proc/meminfo - SSI]	MemTotal:       196434612 kB
20220312 054227.689 INFO             PET0 PIOc_sync Exit - MemInfo: [/proc/meminfo - SSI]	MemFree:        189594548 kB
20220312 054227.689 INFO             PET0 PIOc_sync Exit - MemInfo: [/proc/meminfo - SSI]	MemAvailable:   191215444 kB
20220312 054227.689 INFO             PET0 PIOc_sync Exit - MemInfo: [/proc/meminfo - SSI]	Committed_AS:    1659364 kB
20220312 054227.689 INFO             PET0 PIOc_sync Exit - MemInfo: [/proc/meminfo - SSI]	CommittedPercent: 0.844741 %
20220312 054227.690 INFO             PET0 PIOc_sync Exit - MemInfo: [/proc/self/status]	VmPeak:	 3917248 kB
20220312 054227.690 INFO             PET0 PIOc_sync Exit - MemInfo: [/proc/self/status]	VmSize:	 3903432 kB
20220312 054227.690 INFO             PET0 PIOc_sync Exit - MemInfo: [/proc/self/status]	VmLck:	       0 kB
20220312 054227.690 INFO             PET0 PIOc_sync Exit - MemInfo: [/proc/self/status]	VmPin:	   80252 kB
20220312 054227.690 INFO             PET0 PIOc_sync Exit - MemInfo: [/proc/self/status]	VmHWM:	  165108 kB
20220312 054227.690 INFO             PET0 PIOc_sync Exit - MemInfo: [/proc/self/status]	VmRSS:	  165108 kB
20220312 054227.690 INFO             PET0 PIOc_sync Exit - MemInfo: [/proc/self/status]	VmData:	  259576 kB
20220312 054227.690 INFO             PET0 PIOc_sync Exit - MemInfo: [/proc/self/status]	VmStk:	     520 kB
20220312 054227.690 INFO             PET0 PIOc_sync Exit - MemInfo: [/proc/self/status]	VmExe:	    1956 kB
20220312 054227.690 INFO             PET0 PIOc_sync Exit - MemInfo: [/proc/self/status]	VmLib:	  122112 kB
20220312 054227.690 INFO             PET0 PIOc_sync Exit - MemInfo: [/proc/self/status]	VmPTE:	    1008 kB
20220312 054227.690 INFO             PET0 PIOc_sync Exit - MemInfo: [/proc/self/status]	VmSwap:	       0 kB
20220312 054227.690 INFO             PET0 PIOc_sync Exit - MemInfo: [/proc/self/status]	VmRSSPercent: 0.0840524 %
20220312 054227.690 INFO             PET0 PIOc_sync Exit - MemInfo: [malloc] Non-mmapped space allocated:                34652160 Byte
20220312 054227.690 INFO             PET0 PIOc_sync Exit - MemInfo: [malloc] Space allocated in mmapped regions:         61181952 Byte
20220312 054227.690 INFO             PET0 PIOc_sync Exit - MemInfo: [malloc] Maximum total allocated space:                     0 Byte
20220312 054227.690 INFO             PET0 PIOc_sync Exit - MemInfo: [malloc] Space in freed fastbin blocks:                   672 Byte
20220312 054227.690 INFO             PET0 PIOc_sync Exit - MemInfo: [malloc] Total allocated space:                      32337424 Byte
20220312 054227.690 INFO             PET0 PIOc_sync Exit - MemInfo: [malloc] Total free space:                            2314736 Byte
20220312 054227.690 INFO             PET0 PIOc_sync Exit - MemInfo: [malloc] Top-most, releasable space:                    81904 Byte
20220312 054227.690 INFO             PET0 PIOc_sync Exit - MemInfo: [malloc] Total space in use, mmap + non-mmap:        93519376 Byte
20220312 054227.690 INFO             PET0 PIOc_sync Exit - MemInfo: [malloc] Total space held (mmap + non-mmap):         95834112 Byte
20220312 054227.690 INFO             PET0 PIOc_sync Exit - MemInfo: [malloc] Total space used (mmap + non-mmap):         93528768 Byte
20220312 054227.690 INFO             PET0 PIOc_sync Exit - MemInfo: Wall-clock time since execution start:                4.00058 seconds
20220312 054227.697 INFO             PET0 PIOc_freedecomp Enter - MemInfo: [/proc/meminfo - SSI]	MemTotal:       196434612 kB
20220312 054227.697 INFO             PET0 PIOc_freedecomp Enter - MemInfo: [/proc/meminfo - SSI]	MemFree:        189594548 kB
20220312 054227.697 INFO             PET0 PIOc_freedecomp Enter - MemInfo: [/proc/meminfo - SSI]	MemAvailable:   191215444 kB
20220312 054227.697 INFO             PET0 PIOc_freedecomp Enter - MemInfo: [/proc/meminfo - SSI]	Committed_AS:    1659364 kB
20220312 054227.697 INFO             PET0 PIOc_freedecomp Enter - MemInfo: [/proc/meminfo - SSI]	CommittedPercent: 0.844741 %
20220312 054227.698 INFO             PET0 PIOc_freedecomp Enter - MemInfo: [/proc/self/status]	VmPeak:	 3917248 kB
20220312 054227.698 INFO             PET0 PIOc_freedecomp Enter - MemInfo: [/proc/self/status]	VmSize:	 3903432 kB
20220312 054227.698 INFO             PET0 PIOc_freedecomp Enter - MemInfo: [/proc/self/status]	VmLck:	       0 kB
20220312 054227.698 INFO             PET0 PIOc_freedecomp Enter - MemInfo: [/proc/self/status]	VmPin:	   80252 kB
20220312 054227.698 INFO             PET0 PIOc_freedecomp Enter - MemInfo: [/proc/self/status]	VmHWM:	  165108 kB
20220312 054227.698 INFO             PET0 PIOc_freedecomp Enter - MemInfo: [/proc/self/status]	VmRSS:	  165108 kB
20220312 054227.698 INFO             PET0 PIOc_freedecomp Enter - MemInfo: [/proc/self/status]	VmData:	  259576 kB
20220312 054227.698 INFO             PET0 PIOc_freedecomp Enter - MemInfo: [/proc/self/status]	VmStk:	     520 kB
20220312 054227.698 INFO             PET0 PIOc_freedecomp Enter - MemInfo: [/proc/self/status]	VmExe:	    1956 kB
20220312 054227.698 INFO             PET0 PIOc_freedecomp Enter - MemInfo: [/proc/self/status]	VmLib:	  122112 kB
20220312 054227.698 INFO             PET0 PIOc_freedecomp Enter - MemInfo: [/proc/self/status]	VmPTE:	    1008 kB
20220312 054227.698 INFO             PET0 PIOc_freedecomp Enter - MemInfo: [/proc/self/status]	VmSwap:	       0 kB
20220312 054227.698 INFO             PET0 PIOc_freedecomp Enter - MemInfo: [/proc/self/status]	VmRSSPercent: 0.0840524 %
20220312 054227.698 INFO             PET0 PIOc_freedecomp Enter - MemInfo: [malloc] Non-mmapped space allocated:                34652160 Byte
20220312 054227.698 INFO             PET0 PIOc_freedecomp Enter - MemInfo: [malloc] Space allocated in mmapped regions:         61181952 Byte
20220312 054227.698 INFO             PET0 PIOc_freedecomp Enter - MemInfo: [malloc] Maximum total allocated space:                     0 Byte
20220312 054227.698 INFO             PET0 PIOc_freedecomp Enter - MemInfo: [malloc] Space in freed fastbin blocks:                   608 Byte
20220312 054227.698 INFO             PET0 PIOc_freedecomp Enter - MemInfo: [malloc] Total allocated space:                      23411264 Byte
20220312 054227.698 INFO             PET0 PIOc_freedecomp Enter - MemInfo: [malloc] Total free space:                           11240896 Byte
20220312 054227.698 INFO             PET0 PIOc_freedecomp Enter - MemInfo: [malloc] Top-most, releasable space:                    92400 Byte
20220312 054227.698 INFO             PET0 PIOc_freedecomp Enter - MemInfo: [malloc] Total space in use, mmap + non-mmap:        84593216 Byte
20220312 054227.698 INFO             PET0 PIOc_freedecomp Enter - MemInfo: [malloc] Total space held (mmap + non-mmap):         95834112 Byte
20220312 054227.698 INFO             PET0 PIOc_freedecomp Enter - MemInfo: [malloc] Total space used (mmap + non-mmap):         84602608 Byte
20220312 054227.698 INFO             PET0 PIOc_freedecomp Enter - MemInfo: Wall-clock time since execution start:                4.00858 seconds
20220312 054227.698 INFO             PET0 PIOc_freedecomp Exit - MemInfo: [/proc/meminfo - SSI]	MemTotal:       196434612 kB
20220312 054227.698 INFO             PET0 PIOc_freedecomp Exit - MemInfo: [/proc/meminfo - SSI]	MemFree:        189594548 kB
20220312 054227.698 INFO             PET0 PIOc_freedecomp Exit - MemInfo: [/proc/meminfo - SSI]	MemAvailable:   191215444 kB
20220312 054227.698 INFO             PET0 PIOc_freedecomp Exit - MemInfo: [/proc/meminfo - SSI]	Committed_AS:    1659364 kB
20220312 054227.698 INFO             PET0 PIOc_freedecomp Exit - MemInfo: [/proc/meminfo - SSI]	CommittedPercent: 0.844741 %
20220312 054227.698 INFO             PET0 PIOc_freedecomp Exit - MemInfo: [/proc/self/status]	VmPeak:	 3917248 kB
20220312 054227.698 INFO             PET0 PIOc_freedecomp Exit - MemInfo: [/proc/self/status]	VmSize:	 3903432 kB
20220312 054227.698 INFO             PET0 PIOc_freedecomp Exit - MemInfo: [/proc/self/status]	VmLck:	       0 kB
20220312 054227.698 INFO             PET0 PIOc_freedecomp Exit - MemInfo: [/proc/self/status]	VmPin:	   80252 kB
20220312 054227.698 INFO             PET0 PIOc_freedecomp Exit - MemInfo: [/proc/self/status]	VmHWM:	  165108 kB
20220312 054227.698 INFO             PET0 PIOc_freedecomp Exit - MemInfo: [/proc/self/status]	VmRSS:	  165108 kB
20220312 054227.698 INFO             PET0 PIOc_freedecomp Exit - MemInfo: [/proc/self/status]	VmData:	  259576 kB
20220312 054227.698 INFO             PET0 PIOc_freedecomp Exit - MemInfo: [/proc/self/status]	VmStk:	     520 kB
20220312 054227.698 INFO             PET0 PIOc_freedecomp Exit - MemInfo: [/proc/self/status]	VmExe:	    1956 kB
20220312 054227.698 INFO             PET0 PIOc_freedecomp Exit - MemInfo: [/proc/self/status]	VmLib:	  122112 kB
20220312 054227.698 INFO             PET0 PIOc_freedecomp Exit - MemInfo: [/proc/self/status]	VmPTE:	    1008 kB
20220312 054227.698 INFO             PET0 PIOc_freedecomp Exit - MemInfo: [/proc/self/status]	VmSwap:	       0 kB
20220312 054227.698 INFO             PET0 PIOc_freedecomp Exit - MemInfo: [/proc/self/status]	VmRSSPercent: 0.0840524 %
20220312 054227.698 INFO             PET0 PIOc_freedecomp Exit - MemInfo: [malloc] Non-mmapped space allocated:                34652160 Byte
20220312 054227.698 INFO             PET0 PIOc_freedecomp Exit - MemInfo: [malloc] Space allocated in mmapped regions:         61181952 Byte
20220312 054227.698 INFO             PET0 PIOc_freedecomp Exit - MemInfo: [malloc] Maximum total allocated space:                     0 Byte
20220312 054227.698 INFO             PET0 PIOc_freedecomp Exit - MemInfo: [malloc] Space in freed fastbin blocks:                   272 Byte
20220312 054227.698 INFO             PET0 PIOc_freedecomp Exit - MemInfo: [malloc] Total allocated space:                      23408400 Byte
20220312 054227.698 INFO             PET0 PIOc_freedecomp Exit - MemInfo: [malloc] Total free space:                           11243760 Byte
20220312 054227.698 INFO             PET0 PIOc_freedecomp Exit - MemInfo: [malloc] Top-most, releasable space:                  9013280 Byte
20220312 054227.698 INFO             PET0 PIOc_freedecomp Exit - MemInfo: [malloc] Total space in use, mmap + non-mmap:        84590352 Byte
20220312 054227.698 INFO             PET0 PIOc_freedecomp Exit - MemInfo: [malloc] Total space held (mmap + non-mmap):         95834112 Byte
20220312 054227.698 INFO             PET0 PIOc_freedecomp Exit - MemInfo: [malloc] Total space used (mmap + non-mmap):         84599744 Byte
20220312 054227.698 INFO             PET0 PIOc_freedecomp Exit - MemInfo: Wall-clock time since execution start:                 4.0091 seconds
20220312 054227.698 INFO             PET0  PASS  Write 2D ESMF_Array with Halo to NetCDF Test, ESMF_ArrayIOUTest.F90, line 547
20220312 054227.894 WARNING          PET0 ESMCI_PIO_Handler.C:1344 ESMCI::PIO_Handler::open()  Unable to set fill on file: file2D_withhalo.nc, (PIO/NetCDF error = NetCDF: Write to read only)
20220312 054228.099 INFO             PET0 PIOc_sync Enter - MemInfo: [/proc/meminfo - SSI]	MemTotal:       196434612 kB
20220312 054228.099 INFO             PET0 PIOc_sync Enter - MemInfo: [/proc/meminfo - SSI]	MemFree:        189594608 kB
20220312 054228.099 INFO             PET0 PIOc_sync Enter - MemInfo: [/proc/meminfo - SSI]	MemAvailable:   191215504 kB
20220312 054228.099 INFO             PET0 PIOc_sync Enter - MemInfo: [/proc/meminfo - SSI]	Committed_AS:    1659364 kB
20220312 054228.099 INFO             PET0 PIOc_sync Enter - MemInfo: [/proc/meminfo - SSI]	CommittedPercent: 0.844741 %
20220312 054228.100 INFO             PET0 PIOc_sync Enter - MemInfo: [/proc/self/status]	VmPeak:	 3917248 kB
20220312 054228.100 INFO             PET0 PIOc_sync Enter - MemInfo: [/proc/self/status]	VmSize:	 3903432 kB
20220312 054228.100 INFO             PET0 PIOc_sync Enter - MemInfo: [/proc/self/status]	VmLck:	       0 kB
20220312 054228.100 INFO             PET0 PIOc_sync Enter - MemInfo: [/proc/self/status]	VmPin:	   80252 kB
20220312 054228.100 INFO             PET0 PIOc_sync Enter - MemInfo: [/proc/self/status]	VmHWM:	  165216 kB
20220312 054228.100 INFO             PET0 PIOc_sync Enter - MemInfo: [/proc/self/status]	VmRSS:	  165216 kB
20220312 054228.100 INFO             PET0 PIOc_sync Enter - MemInfo: [/proc/self/status]	VmData:	  259576 kB
20220312 054228.100 INFO             PET0 PIOc_sync Enter - MemInfo: [/proc/self/status]	VmStk:	     520 kB
20220312 054228.100 INFO             PET0 PIOc_sync Enter - MemInfo: [/proc/self/status]	VmExe:	    1956 kB
20220312 054228.100 INFO             PET0 PIOc_sync Enter - MemInfo: [/proc/self/status]	VmLib:	  122112 kB
20220312 054228.100 INFO             PET0 PIOc_sync Enter - MemInfo: [/proc/self/status]	VmPTE:	    1008 kB
20220312 054228.100 INFO             PET0 PIOc_sync Enter - MemInfo: [/proc/self/status]	VmSwap:	       0 kB
20220312 054228.100 INFO             PET0 PIOc_sync Enter - MemInfo: [/proc/self/status]	VmRSSPercent: 0.0841074 %
20220312 054228.100 INFO             PET0 PIOc_sync Enter - MemInfo: [malloc] Non-mmapped space allocated:                34652160 Byte
20220312 054228.100 INFO             PET0 PIOc_sync Enter - MemInfo: [malloc] Space allocated in mmapped regions:         61181952 Byte
20220312 054228.100 INFO             PET0 PIOc_sync Enter - MemInfo: [malloc] Maximum total allocated space:                     0 Byte
20220312 054228.100 INFO             PET0 PIOc_sync Enter - MemInfo: [malloc] Space in freed fastbin blocks:                   464 Byte
20220312 054228.100 INFO             PET0 PIOc_sync Enter - MemInfo: [malloc] Total allocated space:                      32335984 Byte
20220312 054228.100 INFO             PET0 PIOc_sync Enter - MemInfo: [malloc] Total free space:                            2316176 Byte
20220312 054228.100 INFO             PET0 PIOc_sync Enter - MemInfo: [malloc] Top-most, releasable space:                    85568 Byte
20220312 054228.100 INFO             PET0 PIOc_sync Enter - MemInfo: [malloc] Total space in use, mmap + non-mmap:        93517936 Byte
20220312 054228.100 INFO             PET0 PIOc_sync Enter - MemInfo: [malloc] Total space held (mmap + non-mmap):         95834112 Byte
20220312 054228.100 INFO             PET0 PIOc_sync Enter - MemInfo: [malloc] Total space used (mmap + non-mmap):         93527328 Byte
20220312 054228.100 INFO             PET0 PIOc_sync Enter - MemInfo: Wall-clock time since execution start:                 4.4096 seconds
20220312 054228.100 INFO             PET0 PIOc_sync Exit - MemInfo: [/proc/meminfo - SSI]	MemTotal:       196434612 kB
20220312 054228.100 INFO             PET0 PIOc_sync Exit - MemInfo: [/proc/meminfo - SSI]	MemFree:        189594608 kB
20220312 054228.100 INFO             PET0 PIOc_sync Exit - MemInfo: [/proc/meminfo - SSI]	MemAvailable:   191215504 kB
20220312 054228.100 INFO             PET0 PIOc_sync Exit - MemInfo: [/proc/meminfo - SSI]	Committed_AS:    1659364 kB
20220312 054228.100 INFO             PET0 PIOc_sync Exit - MemInfo: [/proc/meminfo - SSI]	CommittedPercent: 0.844741 %
20220312 054228.100 INFO             PET0 PIOc_sync Exit - MemInfo: [/proc/self/status]	VmPeak:	 3917248 kB
20220312 054228.100 INFO             PET0 PIOc_sync Exit - MemInfo: [/proc/self/status]	VmSize:	 3903432 kB
20220312 054228.100 INFO             PET0 PIOc_sync Exit - MemInfo: [/proc/self/status]	VmLck:	       0 kB
20220312 054228.100 INFO             PET0 PIOc_sync Exit - MemInfo: [/proc/self/status]	VmPin:	   80252 kB
20220312 054228.100 INFO             PET0 PIOc_sync Exit - MemInfo: [/proc/self/status]	VmHWM:	  165216 kB
20220312 054228.100 INFO             PET0 PIOc_sync Exit - MemInfo: [/proc/self/status]	VmRSS:	  165216 kB
20220312 054228.100 INFO             PET0 PIOc_sync Exit - MemInfo: [/proc/self/status]	VmData:	  259576 kB
20220312 054228.100 INFO             PET0 PIOc_sync Exit - MemInfo: [/proc/self/status]	VmStk:	     520 kB
20220312 054228.100 INFO             PET0 PIOc_sync Exit - MemInfo: [/proc/self/status]	VmExe:	    1956 kB
20220312 054228.100 INFO             PET0 PIOc_sync Exit - MemInfo: [/proc/self/status]	VmLib:	  122112 kB
20220312 054228.100 INFO             PET0 PIOc_sync Exit - MemInfo: [/proc/self/status]	VmPTE:	    1008 kB
20220312 054228.100 INFO             PET0 PIOc_sync Exit - MemInfo: [/proc/self/status]	VmSwap:	       0 kB
