build time -- 2022-03-12 03:54:43
20220312 055244.413 INFO             PET0 !!!!!!!!!!!!!!!!!!!!!!!!!!!!!!!!!!!!!!!!!!!!!!!!!!!!!!
20220312 055244.413 INFO             PET0 !!! THE ESMF_LOG IS SET TO OUTPUT ALL LOG MESSAGES !!!
20220312 055244.413 INFO             PET0 !!!     THIS MAY CAUSE SLOWDOWN IN PERFORMANCE     !!!
20220312 055244.413 INFO             PET0 !!! FOR PRODUCTION RUNS, USE:                      !!!
20220312 055244.413 INFO             PET0 !!!                   ESMF_LOGKIND_Multi_On_Error  !!!
20220312 055244.413 INFO             PET0 !!!!!!!!!!!!!!!!!!!!!!!!!!!!!!!!!!!!!!!!!!!!!!!!!!!!!!
20220312 055244.413 INFO             PET0 Running with ESMF Version   : v8.3.0b09-96-g559b459
20220312 055244.413 INFO             PET0 ESMF library build date/time: "Mar 12 2022" "03:53:12"
20220312 055244.413 INFO             PET0 ESMF library build location : /work/noaa/da/mpotts/sandbox/intel_2020_intelmpi_O_jedwards_pio_update2
20220312 055244.413 INFO             PET0 ESMF_COMM                   : intelmpi
20220312 055244.415 INFO             PET0 ESMF_MOAB                   : enabled
20220312 055244.415 INFO             PET0 ESMF_LAPACK                 : enabled
20220312 055244.415 INFO             PET0 ESMF_NETCDF                 : enabled
20220312 055244.415 INFO             PET0 ESMF_PNETCDF                : disabled
20220312 055244.415 INFO             PET0 ESMF_PIO                    : enabled
20220312 055244.415 INFO             PET0 ESMF_YAMLCPP                : enabled
20220312 055244.460 INFO             PET0  Beginning Test, file ESMF_IOUTest.F90, line 57
20220312 055244.461 INFO             PET0  NUMBER_OF_PROCESSORS           4
20220312 055244.461 INFO             PET0 Starting Test:  ESMF_OutputWeightFile
20220312 055244.882 INFO             PET0 PIOc_sync Enter - MemInfo: [/proc/meminfo - SSI]	MemTotal:       196434612 kB
20220312 055244.882 INFO             PET0 PIOc_sync Enter - MemInfo: [/proc/meminfo - SSI]	MemFree:        189856876 kB
20220312 055244.882 INFO             PET0 PIOc_sync Enter - MemInfo: [/proc/meminfo - SSI]	MemAvailable:   191503792 kB
20220312 055244.882 INFO             PET0 PIOc_sync Enter - MemInfo: [/proc/meminfo - SSI]	Committed_AS:    1237448 kB
20220312 055244.883 INFO             PET0 PIOc_sync Enter - MemInfo: [/proc/meminfo - SSI]	CommittedPercent: 0.629954 %
20220312 055244.883 INFO             PET0 PIOc_sync Enter - MemInfo: [/proc/self/status]	VmPeak:	 3780816 kB
20220312 055244.883 INFO             PET0 PIOc_sync Enter - MemInfo: [/proc/self/status]	VmSize:	 3780816 kB
20220312 055244.883 INFO             PET0 PIOc_sync Enter - MemInfo: [/proc/self/status]	VmLck:	       0 kB
20220312 055244.883 INFO             PET0 PIOc_sync Enter - MemInfo: [/proc/self/status]	VmPin:	   69756 kB
20220312 055244.883 INFO             PET0 PIOc_sync Enter - MemInfo: [/proc/self/status]	VmHWM:	  145200 kB
20220312 055244.883 INFO             PET0 PIOc_sync Enter - MemInfo: [/proc/self/status]	VmRSS:	  145200 kB
20220312 055244.883 INFO             PET0 PIOc_sync Enter - MemInfo: [/proc/self/status]	VmData:	  203920 kB
20220312 055244.883 INFO             PET0 PIOc_sync Enter - MemInfo: [/proc/self/status]	VmStk:	     520 kB
20220312 055244.883 INFO             PET0 PIOc_sync Enter - MemInfo: [/proc/self/status]	VmExe:	    1844 kB
20220312 055244.883 INFO             PET0 PIOc_sync Enter - MemInfo: [/proc/self/status]	VmLib:	  122112 kB
20220312 055244.883 INFO             PET0 PIOc_sync Enter - MemInfo: [/proc/self/status]	VmPTE:	     912 kB
20220312 055244.883 INFO             PET0 PIOc_sync Enter - MemInfo: [/proc/self/status]	VmSwap:	       0 kB
20220312 055244.883 INFO             PET0 PIOc_sync Enter - MemInfo: [/proc/self/status]	VmRSSPercent: 0.0739177 %
20220312 055244.883 INFO             PET0 PIOc_sync Enter - MemInfo: [malloc] Non-mmapped space allocated:                 2420736 Byte
20220312 055244.883 INFO             PET0 PIOc_sync Enter - MemInfo: [malloc] Space allocated in mmapped regions:         80588800 Byte
20220312 055244.883 INFO             PET0 PIOc_sync Enter - MemInfo: [malloc] Maximum total allocated space:                     0 Byte
20220312 055244.883 INFO             PET0 PIOc_sync Enter - MemInfo: [malloc] Space in freed fastbin blocks:                   352 Byte
20220312 055244.883 INFO             PET0 PIOc_sync Enter - MemInfo: [malloc] Total allocated space:                       2331472 Byte
20220312 055244.883 INFO             PET0 PIOc_sync Enter - MemInfo: [malloc] Total free space:                              89264 Byte
20220312 055244.883 INFO             PET0 PIOc_sync Enter - MemInfo: [malloc] Top-most, releasable space:                    88336 Byte
20220312 055244.883 INFO             PET0 PIOc_sync Enter - MemInfo: [malloc] Total space in use, mmap + non-mmap:        82920272 Byte
20220312 055244.883 INFO             PET0 PIOc_sync Enter - MemInfo: [malloc] Total space held (mmap + non-mmap):         83009536 Byte
20220312 055244.883 INFO             PET0 PIOc_sync Enter - MemInfo: [malloc] Total space used (mmap + non-mmap):         82929664 Byte
20220312 055244.883 INFO             PET0 PIOc_sync Enter - MemInfo: Wall-clock time since execution start:               0.891208 seconds
20220312 055244.909 INFO             PET0 PIOc_sync Exit - MemInfo: [/proc/meminfo - SSI]	MemTotal:       196434612 kB
20220312 055244.909 INFO             PET0 PIOc_sync Exit - MemInfo: [/proc/meminfo - SSI]	MemFree:        189856256 kB
20220312 055244.909 INFO             PET0 PIOc_sync Exit - MemInfo: [/proc/meminfo - SSI]	MemAvailable:   191503172 kB
20220312 055244.909 INFO             PET0 PIOc_sync Exit - MemInfo: [/proc/meminfo - SSI]	Committed_AS:    1237448 kB
20220312 055244.909 INFO             PET0 PIOc_sync Exit - MemInfo: [/proc/meminfo - SSI]	CommittedPercent: 0.629954 %
20220312 055244.909 INFO             PET0 PIOc_sync Exit - MemInfo: [/proc/self/status]	VmPeak:	 3780816 kB
20220312 055244.909 INFO             PET0 PIOc_sync Exit - MemInfo: [/proc/self/status]	VmSize:	 3780816 kB
20220312 055244.909 INFO             PET0 PIOc_sync Exit - MemInfo: [/proc/self/status]	VmLck:	       0 kB
20220312 055244.909 INFO             PET0 PIOc_sync Exit - MemInfo: [/proc/self/status]	VmPin:	   69756 kB
20220312 055244.909 INFO             PET0 PIOc_sync Exit - MemInfo: [/proc/self/status]	VmHWM:	  145456 kB
20220312 055244.909 INFO             PET0 PIOc_sync Exit - MemInfo: [/proc/self/status]	VmRSS:	  145456 kB
20220312 055244.909 INFO             PET0 PIOc_sync Exit - MemInfo: [/proc/self/status]	VmData:	  203920 kB
20220312 055244.909 INFO             PET0 PIOc_sync Exit - MemInfo: [/proc/self/status]	VmStk:	     520 kB
20220312 055244.909 INFO             PET0 PIOc_sync Exit - MemInfo: [/proc/self/status]	VmExe:	    1844 kB
20220312 055244.909 INFO             PET0 PIOc_sync Exit - MemInfo: [/proc/self/status]	VmLib:	  122112 kB
20220312 055244.909 INFO             PET0 PIOc_sync Exit - MemInfo: [/proc/self/status]	VmPTE:	     912 kB
20220312 055244.909 INFO             PET0 PIOc_sync Exit - MemInfo: [/proc/self/status]	VmSwap:	       0 kB
20220312 055244.909 INFO             PET0 PIOc_sync Exit - MemInfo: [/proc/self/status]	VmRSSPercent: 0.0740481 %
20220312 055244.909 INFO             PET0 PIOc_sync Exit - MemInfo: [malloc] Non-mmapped space allocated:                 2420736 Byte
20220312 055244.909 INFO             PET0 PIOc_sync Exit - MemInfo: [malloc] Space allocated in mmapped regions:         80588800 Byte
20220312 055244.909 INFO             PET0 PIOc_sync Exit - MemInfo: [malloc] Maximum total allocated space:                     0 Byte
20220312 055244.909 INFO             PET0 PIOc_sync Exit - MemInfo: [malloc] Space in freed fastbin blocks:                   144 Byte
20220312 055244.909 INFO             PET0 PIOc_sync Exit - MemInfo: [malloc] Total allocated space:                       2330688 Byte
20220312 055244.909 INFO             PET0 PIOc_sync Exit - MemInfo: [malloc] Total free space:                              90048 Byte
20220312 055244.909 INFO             PET0 PIOc_sync Exit - MemInfo: [malloc] Top-most, releasable space:                    89872 Byte
20220312 055244.909 INFO             PET0 PIOc_sync Exit - MemInfo: [malloc] Total space in use, mmap + non-mmap:        82919488 Byte
20220312 055244.909 INFO             PET0 PIOc_sync Exit - MemInfo: [malloc] Total space held (mmap + non-mmap):         83009536 Byte
20220312 055244.909 INFO             PET0 PIOc_sync Exit - MemInfo: [malloc] Total space used (mmap + non-mmap):         82928864 Byte
20220312 055244.909 INFO             PET0 PIOc_sync Exit - MemInfo: Wall-clock time since execution start:               0.917132 seconds
20220312 055244.910 INFO             PET0 PIOc_freedecomp Enter - MemInfo: [/proc/meminfo - SSI]	MemTotal:       196434612 kB
20220312 055244.910 INFO             PET0 PIOc_freedecomp Enter - MemInfo: [/proc/meminfo - SSI]	MemFree:        189863144 kB
20220312 055244.910 INFO             PET0 PIOc_freedecomp Enter - MemInfo: [/proc/meminfo - SSI]	MemAvailable:   191510060 kB
20220312 055244.910 INFO             PET0 PIOc_freedecomp Enter - MemInfo: [/proc/meminfo - SSI]	Committed_AS:    1229720 kB
20220312 055244.910 INFO             PET0 PIOc_freedecomp Enter - MemInfo: [/proc/meminfo - SSI]	CommittedPercent: 0.62602 %
20220312 055244.910 INFO             PET0 PIOc_freedecomp Enter - MemInfo: [/proc/self/status]	VmPeak:	 3780816 kB
20220312 055244.910 INFO             PET0 PIOc_freedecomp Enter - MemInfo: [/proc/self/status]	VmSize:	 3772104 kB
20220312 055244.910 INFO             PET0 PIOc_freedecomp Enter - MemInfo: [/proc/self/status]	VmLck:	       0 kB
20220312 055244.910 INFO             PET0 PIOc_freedecomp Enter - MemInfo: [/proc/self/status]	VmPin:	   69756 kB
20220312 055244.910 INFO             PET0 PIOc_freedecomp Enter - MemInfo: [/proc/self/status]	VmHWM:	  145456 kB
20220312 055244.910 INFO             PET0 PIOc_freedecomp Enter - MemInfo: [/proc/self/status]	VmRSS:	  137268 kB
20220312 055244.910 INFO             PET0 PIOc_freedecomp Enter - MemInfo: [/proc/self/status]	VmData:	  195208 kB
20220312 055244.910 INFO             PET0 PIOc_freedecomp Enter - MemInfo: [/proc/self/status]	VmStk:	     520 kB
20220312 055244.910 INFO             PET0 PIOc_freedecomp Enter - MemInfo: [/proc/self/status]	VmExe:	    1844 kB
20220312 055244.910 INFO             PET0 PIOc_freedecomp Enter - MemInfo: [/proc/self/status]	VmLib:	  122112 kB
20220312 055244.910 INFO             PET0 PIOc_freedecomp Enter - MemInfo: [/proc/self/status]	VmPTE:	     896 kB
20220312 055244.910 INFO             PET0 PIOc_freedecomp Enter - MemInfo: [/proc/self/status]	VmSwap:	       0 kB
20220312 055244.910 INFO             PET0 PIOc_freedecomp Enter - MemInfo: [/proc/self/status]	VmRSSPercent: 0.0698797 %
20220312 055244.910 INFO             PET0 PIOc_freedecomp Enter - MemInfo: [malloc] Non-mmapped space allocated:                 2420736 Byte
20220312 055244.910 INFO             PET0 PIOc_freedecomp Enter - MemInfo: [malloc] Space allocated in mmapped regions:         71667712 Byte
20220312 055244.910 INFO             PET0 PIOc_freedecomp Enter - MemInfo: [malloc] Maximum total allocated space:                     0 Byte
20220312 055244.910 INFO             PET0 PIOc_freedecomp Enter - MemInfo: [malloc] Space in freed fastbin blocks:                  1216 Byte
20220312 055244.910 INFO             PET0 PIOc_freedecomp Enter - MemInfo: [malloc] Total allocated space:                       2317584 Byte
20220312 055244.910 INFO             PET0 PIOc_freedecomp Enter - MemInfo: [malloc] Total free space:                             103152 Byte
20220312 055244.910 INFO             PET0 PIOc_freedecomp Enter - MemInfo: [malloc] Top-most, releasable space:                    88928 Byte
20220312 055244.910 INFO             PET0 PIOc_freedecomp Enter - MemInfo: [malloc] Total space in use, mmap + non-mmap:        73985296 Byte
20220312 055244.910 INFO             PET0 PIOc_freedecomp Enter - MemInfo: [malloc] Total space held (mmap + non-mmap):         74088448 Byte
20220312 055244.910 INFO             PET0 PIOc_freedecomp Enter - MemInfo: [malloc] Total space used (mmap + non-mmap):         73994672 Byte
20220312 055244.910 INFO             PET0 PIOc_freedecomp Enter - MemInfo: Wall-clock time since execution start:               0.918182 seconds
20220312 055244.910 INFO             PET0 PIOc_freedecomp Exit - MemInfo: [/proc/meminfo - SSI]	MemTotal:       196434612 kB
20220312 055244.910 INFO             PET0 PIOc_freedecomp Exit - MemInfo: [/proc/meminfo - SSI]	MemFree:        189863144 kB
20220312 055244.910 INFO             PET0 PIOc_freedecomp Exit - MemInfo: [/proc/meminfo - SSI]	MemAvailable:   191510060 kB
20220312 055244.910 INFO             PET0 PIOc_freedecomp Exit - MemInfo: [/proc/meminfo - SSI]	Committed_AS:    1229720 kB
20220312 055244.910 INFO             PET0 PIOc_freedecomp Exit - MemInfo: [/proc/meminfo - SSI]	CommittedPercent: 0.62602 %
20220312 055244.910 INFO             PET0 PIOc_freedecomp Exit - MemInfo: [/proc/self/status]	VmPeak:	 3780816 kB
20220312 055244.910 INFO             PET0 PIOc_freedecomp Exit - MemInfo: [/proc/self/status]	VmSize:	 3772104 kB
20220312 055244.910 INFO             PET0 PIOc_freedecomp Exit - MemInfo: [/proc/self/status]	VmLck:	       0 kB
20220312 055244.910 INFO             PET0 PIOc_freedecomp Exit - MemInfo: [/proc/self/status]	VmPin:	   69756 kB
20220312 055244.910 INFO             PET0 PIOc_freedecomp Exit - MemInfo: [/proc/self/status]	VmHWM:	  145456 kB
20220312 055244.910 INFO             PET0 PIOc_freedecomp Exit - MemInfo: [/proc/self/status]	VmRSS:	  137268 kB
20220312 055244.910 INFO             PET0 PIOc_freedecomp Exit - MemInfo: [/proc/self/status]	VmData:	  195208 kB
20220312 055244.910 INFO             PET0 PIOc_freedecomp Exit - MemInfo: [/proc/self/status]	VmStk:	     520 kB
20220312 055244.910 INFO             PET0 PIOc_freedecomp Exit - MemInfo: [/proc/self/status]	VmExe:	    1844 kB
20220312 055244.910 INFO             PET0 PIOc_freedecomp Exit - MemInfo: [/proc/self/status]	VmLib:	  122112 kB
20220312 055244.910 INFO             PET0 PIOc_freedecomp Exit - MemInfo: [/proc/self/status]	VmPTE:	     896 kB
20220312 055244.910 INFO             PET0 PIOc_freedecomp Exit - MemInfo: [/proc/self/status]	VmSwap:	       0 kB
20220312 055244.910 INFO             PET0 PIOc_freedecomp Exit - MemInfo: [/proc/self/status]	VmRSSPercent: 0.0698797 %
20220312 055244.910 INFO             PET0 PIOc_freedecomp Exit - MemInfo: [malloc] Non-mmapped space allocated:                 2420736 Byte
20220312 055244.910 INFO             PET0 PIOc_freedecomp Exit - MemInfo: [malloc] Space allocated in mmapped regions:         71667712 Byte
20220312 055244.910 INFO             PET0 PIOc_freedecomp Exit - MemInfo: [malloc] Maximum total allocated space:                     0 Byte
20220312 055244.910 INFO             PET0 PIOc_freedecomp Exit - MemInfo: [malloc] Space in freed fastbin blocks:                   352 Byte
20220312 055244.910 INFO             PET0 PIOc_freedecomp Exit - MemInfo: [malloc] Total allocated space:                       2315824 Byte
20220312 055244.911 INFO             PET0 PIOc_freedecomp Exit - MemInfo: [malloc] Total free space:                             104912 Byte
20220312 055244.911 INFO             PET0 PIOc_freedecomp Exit - MemInfo: [malloc] Top-most, releasable space:                   102320 Byte
20220312 055244.911 INFO             PET0 PIOc_freedecomp Exit - MemInfo: [malloc] Total space in use, mmap + non-mmap:        73983536 Byte
20220312 055244.911 INFO             PET0 PIOc_freedecomp Exit - MemInfo: [malloc] Total space held (mmap + non-mmap):         74088448 Byte
20220312 055244.911 INFO             PET0 PIOc_freedecomp Exit - MemInfo: [malloc] Total space used (mmap + non-mmap):         73992928 Byte
20220312 055244.911 INFO             PET0 PIOc_freedecomp Exit - MemInfo: Wall-clock time since execution start:               0.918751 seconds
20220312 055245.241 INFO             PET0 PIOc_sync Enter - MemInfo: [/proc/meminfo - SSI]	MemTotal:       196434612 kB
20220312 055245.241 INFO             PET0 PIOc_sync Enter - MemInfo: [/proc/meminfo - SSI]	MemFree:        189858552 kB
20220312 055245.241 INFO             PET0 PIOc_sync Enter - MemInfo: [/proc/meminfo - SSI]	MemAvailable:   191505468 kB
20220312 055245.241 INFO             PET0 PIOc_sync Enter - MemInfo: [/proc/meminfo - SSI]	Committed_AS:    1237948 kB
20220312 055245.241 INFO             PET0 PIOc_sync Enter - MemInfo: [/proc/meminfo - SSI]	CommittedPercent: 0.630209 %
20220312 055245.242 INFO             PET0 PIOc_sync Enter - MemInfo: [/proc/self/status]	VmPeak:	 3780840 kB
20220312 055245.242 INFO             PET0 PIOc_sync Enter - MemInfo: [/proc/self/status]	VmSize:	 3780840 kB
20220312 055245.242 INFO             PET0 PIOc_sync Enter - MemInfo: [/proc/self/status]	VmLck:	       0 kB
20220312 055245.242 INFO             PET0 PIOc_sync Enter - MemInfo: [/proc/self/status]	VmPin:	   69756 kB
20220312 055245.242 INFO             PET0 PIOc_sync Enter - MemInfo: [/proc/self/status]	VmHWM:	  145456 kB
20220312 055245.242 INFO             PET0 PIOc_sync Enter - MemInfo: [/proc/self/status]	VmRSS:	  142756 kB
20220312 055245.242 INFO             PET0 PIOc_sync Enter - MemInfo: [/proc/self/status]	VmData:	  203944 kB
20220312 055245.242 INFO             PET0 PIOc_sync Enter - MemInfo: [/proc/self/status]	VmStk:	     520 kB
20220312 055245.242 INFO             PET0 PIOc_sync Enter - MemInfo: [/proc/self/status]	VmExe:	    1844 kB
20220312 055245.242 INFO             PET0 PIOc_sync Enter - MemInfo: [/proc/self/status]	VmLib:	  122112 kB
20220312 055245.242 INFO             PET0 PIOc_sync Enter - MemInfo: [/proc/self/status]	VmPTE:	     908 kB
20220312 055245.242 INFO             PET0 PIOc_sync Enter - MemInfo: [/proc/self/status]	VmSwap:	       0 kB
20220312 055245.242 INFO             PET0 PIOc_sync Enter - MemInfo: [/proc/self/status]	VmRSSPercent: 0.0726735 %
20220312 055245.242 INFO             PET0 PIOc_sync Enter - MemInfo: [malloc] Non-mmapped space allocated:                11366400 Byte
20220312 055245.242 INFO             PET0 PIOc_sync Enter - MemInfo: [malloc] Space allocated in mmapped regions:         71667712 Byte
20220312 055245.242 INFO             PET0 PIOc_sync Enter - MemInfo: [malloc] Maximum total allocated space:                     0 Byte
20220312 055245.242 INFO             PET0 PIOc_sync Enter - MemInfo: [malloc] Space in freed fastbin blocks:                   144 Byte
20220312 055245.242 INFO             PET0 PIOc_sync Enter - MemInfo: [malloc] Total allocated space:                      11244752 Byte
20220312 055245.242 INFO             PET0 PIOc_sync Enter - MemInfo: [malloc] Total free space:                             121648 Byte
20220312 055245.242 INFO             PET0 PIOc_sync Enter - MemInfo: [malloc] Top-most, releasable space:                   120816 Byte
20220312 055245.242 INFO             PET0 PIOc_sync Enter - MemInfo: [malloc] Total space in use, mmap + non-mmap:        82912464 Byte
20220312 055245.242 INFO             PET0 PIOc_sync Enter - MemInfo: [malloc] Total space held (mmap + non-mmap):         83034112 Byte
20220312 055245.242 INFO             PET0 PIOc_sync Enter - MemInfo: [malloc] Total space used (mmap + non-mmap):         82921840 Byte
20220312 055245.242 INFO             PET0 PIOc_sync Enter - MemInfo: Wall-clock time since execution start:                 1.2491 seconds
20220312 055245.263 INFO             PET0 PIOc_sync Exit - MemInfo: [/proc/meminfo - SSI]	MemTotal:       196434612 kB
20220312 055245.263 INFO             PET0 PIOc_sync Exit - MemInfo: [/proc/meminfo - SSI]	MemFree:        189858552 kB
20220312 055245.263 INFO             PET0 PIOc_sync Exit - MemInfo: [/proc/meminfo - SSI]	MemAvailable:   191505468 kB
20220312 055245.263 INFO             PET0 PIOc_sync Exit - MemInfo: [/proc/meminfo - SSI]	Committed_AS:    1237948 kB
20220312 055245.264 INFO             PET0 PIOc_sync Exit - MemInfo: [/proc/meminfo - SSI]	CommittedPercent: 0.630209 %
20220312 055245.264 INFO             PET0 PIOc_sync Exit - MemInfo: [/proc/self/status]	VmPeak:	 3780840 kB
20220312 055245.264 INFO             PET0 PIOc_sync Exit - MemInfo: [/proc/self/status]	VmSize:	 3780840 kB
20220312 055245.264 INFO             PET0 PIOc_sync Exit - MemInfo: [/proc/self/status]	VmLck:	       0 kB
20220312 055245.264 INFO             PET0 PIOc_sync Exit - MemInfo: [/proc/self/status]	VmPin:	   69756 kB
20220312 055245.264 INFO             PET0 PIOc_sync Exit - MemInfo: [/proc/self/status]	VmHWM:	  145456 kB
20220312 055245.264 INFO             PET0 PIOc_sync Exit - MemInfo: [/proc/self/status]	VmRSS:	  142800 kB
20220312 055245.264 INFO             PET0 PIOc_sync Exit - MemInfo: [/proc/self/status]	VmData:	  203944 kB
20220312 055245.264 INFO             PET0 PIOc_sync Exit - MemInfo: [/proc/self/status]	VmStk:	     520 kB
20220312 055245.264 INFO             PET0 PIOc_sync Exit - MemInfo: [/proc/self/status]	VmExe:	    1844 kB
20220312 055245.264 INFO             PET0 PIOc_sync Exit - MemInfo: [/proc/self/status]	VmLib:	  122112 kB
20220312 055245.264 INFO             PET0 PIOc_sync Exit - MemInfo: [/proc/self/status]	VmPTE:	     908 kB
20220312 055245.264 INFO             PET0 PIOc_sync Exit - MemInfo: [/proc/self/status]	VmSwap:	       0 kB
20220312 055245.264 INFO             PET0 PIOc_sync Exit - MemInfo: [/proc/self/status]	VmRSSPercent: 0.0726959 %
20220312 055245.264 INFO             PET0 PIOc_sync Exit - MemInfo: [malloc] Non-mmapped space allocated:                11366400 Byte
20220312 055245.264 INFO             PET0 PIOc_sync Exit - MemInfo: [malloc] Space allocated in mmapped regions:         71667712 Byte
20220312 055245.264 INFO             PET0 PIOc_sync Exit - MemInfo: [malloc] Maximum total allocated space:                     0 Byte
20220312 055245.264 INFO             PET0 PIOc_sync Exit - MemInfo: [malloc] Space in freed fastbin blocks:                   144 Byte
20220312 055245.264 INFO             PET0 PIOc_sync Exit - MemInfo: [malloc] Total allocated space:                      11244000 Byte
20220312 055245.264 INFO             PET0 PIOc_sync Exit - MemInfo: [malloc] Total free space:                             122400 Byte
20220312 055245.264 INFO             PET0 PIOc_sync Exit - MemInfo: [malloc] Top-most, releasable space:                   121344 Byte
20220312 055245.264 INFO             PET0 PIOc_sync Exit - MemInfo: [malloc] Total space in use, mmap + non-mmap:        82911712 Byte
20220312 055245.264 INFO             PET0 PIOc_sync Exit - MemInfo: [malloc] Total space held (mmap + non-mmap):         83034112 Byte
20220312 055245.264 INFO             PET0 PIOc_sync Exit - MemInfo: [malloc] Total space used (mmap + non-mmap):         82921088 Byte
20220312 055245.264 INFO             PET0 PIOc_sync Exit - MemInfo: Wall-clock time since execution start:                 1.2712 seconds
20220312 055245.264 INFO             PET0 PIOc_freedecomp Enter - MemInfo: [/proc/meminfo - SSI]	MemTotal:       196434612 kB
20220312 055245.264 INFO             PET0 PIOc_freedecomp Enter - MemInfo: [/proc/meminfo - SSI]	MemFree:        189858552 kB
20220312 055245.264 INFO             PET0 PIOc_freedecomp Enter - MemInfo: [/proc/meminfo - SSI]	MemAvailable:   191505468 kB
20220312 055245.264 INFO             PET0 PIOc_freedecomp Enter - MemInfo: [/proc/meminfo - SSI]	Committed_AS:    1237948 kB
20220312 055245.264 INFO             PET0 PIOc_freedecomp Enter - MemInfo: [/proc/meminfo - SSI]	CommittedPercent: 0.630209 %
20220312 055245.264 INFO             PET0 PIOc_freedecomp Enter - MemInfo: [/proc/self/status]	VmPeak:	 3780840 kB
20220312 055245.264 INFO             PET0 PIOc_freedecomp Enter - MemInfo: [/proc/self/status]	VmSize:	 3780840 kB
20220312 055245.264 INFO             PET0 PIOc_freedecomp Enter - MemInfo: [/proc/self/status]	VmLck:	       0 kB
20220312 055245.264 INFO             PET0 PIOc_freedecomp Enter - MemInfo: [/proc/self/status]	VmPin:	   69756 kB
20220312 055245.264 INFO             PET0 PIOc_freedecomp Enter - MemInfo: [/proc/self/status]	VmHWM:	  145456 kB
20220312 055245.264 INFO             PET0 PIOc_freedecomp Enter - MemInfo: [/proc/self/status]	VmRSS:	  142800 kB
20220312 055245.264 INFO             PET0 PIOc_freedecomp Enter - MemInfo: [/proc/self/status]	VmData:	  203944 kB
20220312 055245.264 INFO             PET0 PIOc_freedecomp Enter - MemInfo: [/proc/self/status]	VmStk:	     520 kB
20220312 055245.264 INFO             PET0 PIOc_freedecomp Enter - MemInfo: [/proc/self/status]	VmExe:	    1844 kB
20220312 055245.264 INFO             PET0 PIOc_freedecomp Enter - MemInfo: [/proc/self/status]	VmLib:	  122112 kB
20220312 055245.264 INFO             PET0 PIOc_freedecomp Enter - MemInfo: [/proc/self/status]	VmPTE:	     908 kB
20220312 055245.264 INFO             PET0 PIOc_freedecomp Enter - MemInfo: [/proc/self/status]	VmSwap:	       0 kB
20220312 055245.264 INFO             PET0 PIOc_freedecomp Enter - MemInfo: [/proc/self/status]	VmRSSPercent: 0.0726959 %
20220312 055245.264 INFO             PET0 PIOc_freedecomp Enter - MemInfo: [malloc] Non-mmapped space allocated:                11366400 Byte
20220312 055245.265 INFO             PET0 PIOc_freedecomp Enter - MemInfo: [malloc] Space allocated in mmapped regions:         71667712 Byte
20220312 055245.265 INFO             PET0 PIOc_freedecomp Enter - MemInfo: [malloc] Maximum total allocated space:                     0 Byte
20220312 055245.265 INFO             PET0 PIOc_freedecomp Enter - MemInfo: [malloc] Space in freed fastbin blocks:                   368 Byte
20220312 055245.265 INFO             PET0 PIOc_freedecomp Enter - MemInfo: [malloc] Total allocated space:                       2317568 Byte
20220312 055245.265 INFO             PET0 PIOc_freedecomp Enter - MemInfo: [malloc] Total free space:                            9048832 Byte
20220312 055245.265 INFO             PET0 PIOc_freedecomp Enter - MemInfo: [malloc] Top-most, releasable space:                   122256 Byte
20220312 055245.265 INFO             PET0 PIOc_freedecomp Enter - MemInfo: [malloc] Total space in use, mmap + non-mmap:        73985280 Byte
20220312 055245.265 INFO             PET0 PIOc_freedecomp Enter - MemInfo: [malloc] Total space held (mmap + non-mmap):         83034112 Byte
20220312 055245.265 INFO             PET0 PIOc_freedecomp Enter - MemInfo: [malloc] Total space used (mmap + non-mmap):         73994656 Byte
20220312 055245.265 INFO             PET0 PIOc_freedecomp Enter - MemInfo: Wall-clock time since execution start:                1.27196 seconds
20220312 055245.265 INFO             PET0 PIOc_freedecomp Exit - MemInfo: [/proc/meminfo - SSI]	MemTotal:       196434612 kB
20220312 055245.265 INFO             PET0 PIOc_freedecomp Exit - MemInfo: [/proc/meminfo - SSI]	MemFree:        189858552 kB
20220312 055245.265 INFO             PET0 PIOc_freedecomp Exit - MemInfo: [/proc/meminfo - SSI]	MemAvailable:   191505468 kB
20220312 055245.265 INFO             PET0 PIOc_freedecomp Exit - MemInfo: [/proc/meminfo - SSI]	Committed_AS:    1237948 kB
20220312 055245.265 INFO             PET0 PIOc_freedecomp Exit - MemInfo: [/proc/meminfo - SSI]	CommittedPercent: 0.630209 %
20220312 055245.265 INFO             PET0 PIOc_freedecomp Exit - MemInfo: [/proc/self/status]	VmPeak:	 3780840 kB
20220312 055245.265 INFO             PET0 PIOc_freedecomp Exit - MemInfo: [/proc/self/status]	VmSize:	 3780840 kB
20220312 055245.265 INFO             PET0 PIOc_freedecomp Exit - MemInfo: [/proc/self/status]	VmLck:	       0 kB
20220312 055245.265 INFO             PET0 PIOc_freedecomp Exit - MemInfo: [/proc/self/status]	VmPin:	   69756 kB
20220312 055245.265 INFO             PET0 PIOc_freedecomp Exit - MemInfo: [/proc/self/status]	VmHWM:	  145456 kB
20220312 055245.265 INFO             PET0 PIOc_freedecomp Exit - MemInfo: [/proc/self/status]	VmRSS:	  142800 kB
20220312 055245.265 INFO             PET0 PIOc_freedecomp Exit - MemInfo: [/proc/self/status]	VmData:	  203944 kB
20220312 055245.265 INFO             PET0 PIOc_freedecomp Exit - MemInfo: [/proc/self/status]	VmStk:	     520 kB
20220312 055245.265 INFO             PET0 PIOc_freedecomp Exit - MemInfo: [/proc/self/status]	VmExe:	    1844 kB
20220312 055245.265 INFO             PET0 PIOc_freedecomp Exit - MemInfo: [/proc/self/status]	VmLib:	  122112 kB
20220312 055245.265 INFO             PET0 PIOc_freedecomp Exit - MemInfo: [/proc/self/status]	VmPTE:	     908 kB
20220312 055245.265 INFO             PET0 PIOc_freedecomp Exit - MemInfo: [/proc/self/status]	VmSwap:	       0 kB
20220312 055245.265 INFO             PET0 PIOc_freedecomp Exit - MemInfo: [/proc/self/status]	VmRSSPercent: 0.0726959 %
20220312 055245.265 INFO             PET0 PIOc_freedecomp Exit - MemInfo: [malloc] Non-mmapped space allocated:                11366400 Byte
20220312 055245.265 INFO             PET0 PIOc_freedecomp Exit - MemInfo: [malloc] Space allocated in mmapped regions:         71667712 Byte
20220312 055245.265 INFO             PET0 PIOc_freedecomp Exit - MemInfo: [malloc] Maximum total allocated space:                     0 Byte
20220312 055245.265 INFO             PET0 PIOc_freedecomp Exit - MemInfo: [malloc] Space in freed fastbin blocks:                   352 Byte
20220312 055245.265 INFO             PET0 PIOc_freedecomp Exit - MemInfo: [malloc] Total allocated space:                       2315824 Byte
20220312 055245.265 INFO             PET0 PIOc_freedecomp Exit - MemInfo: [malloc] Total free space:                            9050576 Byte
20220312 055245.265 INFO             PET0 PIOc_freedecomp Exit - MemInfo: [malloc] Top-most, releasable space:                   122784 Byte
20220312 055245.265 INFO             PET0 PIOc_freedecomp Exit - MemInfo: [malloc] Total space in use, mmap + non-mmap:        73983536 Byte
20220312 055245.265 INFO             PET0 PIOc_freedecomp Exit - MemInfo: [malloc] Total space held (mmap + non-mmap):         83034112 Byte
20220312 055245.265 INFO             PET0 PIOc_freedecomp Exit - MemInfo: [malloc] Total space used (mmap + non-mmap):         73992928 Byte
20220312 055245.265 INFO             PET0 PIOc_freedecomp Exit - MemInfo: Wall-clock time since execution start:                1.27253 seconds
20220312 055245.629 INFO             PET0 PIOc_sync Enter - MemInfo: [/proc/meminfo - SSI]	MemTotal:       196434612 kB
20220312 055245.630 INFO             PET0 PIOc_sync Enter - MemInfo: [/proc/meminfo - SSI]	MemFree:        189857960 kB
20220312 055245.630 INFO             PET0 PIOc_sync Enter - MemInfo: [/proc/meminfo - SSI]	MemAvailable:   191504792 kB
20220312 055245.630 INFO             PET0 PIOc_sync Enter - MemInfo: [/proc/meminfo - SSI]	Committed_AS:    1237948 kB
20220312 055245.630 INFO             PET0 PIOc_sync Enter - MemInfo: [/proc/meminfo - SSI]	CommittedPercent: 0.630209 %
20220312 055245.630 INFO             PET0 PIOc_sync Enter - MemInfo: [/proc/self/status]	VmPeak:	 3780844 kB
20220312 055245.630 INFO             PET0 PIOc_sync Enter - MemInfo: [/proc/self/status]	VmSize:	 3780840 kB
20220312 055245.630 INFO             PET0 PIOc_sync Enter - MemInfo: [/proc/self/status]	VmLck:	       0 kB
20220312 055245.630 INFO             PET0 PIOc_sync Enter - MemInfo: [/proc/self/status]	VmPin:	   69756 kB
20220312 055245.630 INFO             PET0 PIOc_sync Enter - MemInfo: [/proc/self/status]	VmHWM:	  145456 kB
20220312 055245.630 INFO             PET0 PIOc_sync Enter - MemInfo: [/proc/self/status]	VmRSS:	  143256 kB
20220312 055245.630 INFO             PET0 PIOc_sync Enter - MemInfo: [/proc/self/status]	VmData:	  203944 kB
20220312 055245.630 INFO             PET0 PIOc_sync Enter - MemInfo: [/proc/self/status]	VmStk:	     520 kB
20220312 055245.630 INFO             PET0 PIOc_sync Enter - MemInfo: [/proc/self/status]	VmExe:	    1844 kB
20220312 055245.630 INFO             PET0 PIOc_sync Enter - MemInfo: [/proc/self/status]	VmLib:	  122112 kB
20220312 055245.630 INFO             PET0 PIOc_sync Enter - MemInfo: [/proc/self/status]	VmPTE:	     908 kB
20220312 055245.630 INFO             PET0 PIOc_sync Enter - MemInfo: [/proc/self/status]	VmSwap:	       0 kB
20220312 055245.630 INFO             PET0 PIOc_sync Enter - MemInfo: [/proc/self/status]	VmRSSPercent: 0.0729281 %
20220312 055245.630 INFO             PET0 PIOc_sync Enter - MemInfo: [malloc] Non-mmapped space allocated:                11366400 Byte
20220312 055245.630 INFO             PET0 PIOc_sync Enter - MemInfo: [malloc] Space allocated in mmapped regions:         71667712 Byte
20220312 055245.630 INFO             PET0 PIOc_sync Enter - MemInfo: [malloc] Maximum total allocated space:                     0 Byte
20220312 055245.630 INFO             PET0 PIOc_sync Enter - MemInfo: [malloc] Space in freed fastbin blocks:                   144 Byte
20220312 055245.630 INFO             PET0 PIOc_sync Enter - MemInfo: [malloc] Total allocated space:                      11245168 Byte
20220312 055245.630 INFO             PET0 PIOc_sync Enter - MemInfo: [malloc] Total free space:                             121232 Byte
20220312 055245.630 INFO             PET0 PIOc_sync Enter - MemInfo: [malloc] Top-most, releasable space:                   120224 Byte
20220312 055245.630 INFO             PET0 PIOc_sync Enter - MemInfo: [malloc] Total space in use, mmap + non-mmap:        82912880 Byte
20220312 055245.630 INFO             PET0 PIOc_sync Enter - MemInfo: [malloc] Total space held (mmap + non-mmap):         83034112 Byte
20220312 055245.630 INFO             PET0 PIOc_sync Enter - MemInfo: [malloc] Total space used (mmap + non-mmap):         82922256 Byte
20220312 055245.630 INFO             PET0 PIOc_sync Enter - MemInfo: Wall-clock time since execution start:                 1.6363 seconds
20220312 055245.652 INFO             PET0 PIOc_sync Exit - MemInfo: [/proc/meminfo - SSI]	MemTotal:       196434612 kB
20220312 055245.652 INFO             PET0 PIOc_sync Exit - MemInfo: [/proc/meminfo - SSI]	MemFree:        189857960 kB
20220312 055245.652 INFO             PET0 PIOc_sync Exit - MemInfo: [/proc/meminfo - SSI]	MemAvailable:   191504792 kB
20220312 055245.652 INFO             PET0 PIOc_sync Exit - MemInfo: [/proc/meminfo - SSI]	Committed_AS:    1237948 kB
20220312 055245.652 INFO             PET0 PIOc_sync Exit - MemInfo: [/proc/meminfo - SSI]	CommittedPercent: 0.630209 %
20220312 055245.652 INFO             PET0 PIOc_sync Exit - MemInfo: [/proc/self/status]	VmPeak:	 3780844 kB
20220312 055245.652 INFO             PET0 PIOc_sync Exit - MemInfo: [/proc/self/status]	VmSize:	 3780840 kB
20220312 055245.653 INFO             PET0 PIOc_sync Exit - MemInfo: [/proc/self/status]	VmLck:	       0 kB
20220312 055245.653 INFO             PET0 PIOc_sync Exit - MemInfo: [/proc/self/status]	VmPin:	   69756 kB
20220312 055245.653 INFO             PET0 PIOc_sync Exit - MemInfo: [/proc/self/status]	VmHWM:	  145456 kB
20220312 055245.653 INFO             PET0 PIOc_sync Exit - MemInfo: [/proc/self/status]	VmRSS:	  143288 kB
20220312 055245.653 INFO             PET0 PIOc_sync Exit - MemInfo: [/proc/self/status]	VmData:	  203944 kB
20220312 055245.653 INFO             PET0 PIOc_sync Exit - MemInfo: [/proc/self/status]	VmStk:	     520 kB
20220312 055245.653 INFO             PET0 PIOc_sync Exit - MemInfo: [/proc/self/status]	VmExe:	    1844 kB
20220312 055245.653 INFO             PET0 PIOc_sync Exit - MemInfo: [/proc/self/status]	VmLib:	  122112 kB
20220312 055245.653 INFO             PET0 PIOc_sync Exit - MemInfo: [/proc/self/status]	VmPTE:	     908 kB
20220312 055245.653 INFO             PET0 PIOc_sync Exit - MemInfo: [/proc/self/status]	VmSwap:	       0 kB
20220312 055245.653 INFO             PET0 PIOc_sync Exit - MemInfo: [/proc/self/status]	VmRSSPercent: 0.0729444 %
20220312 055245.653 INFO             PET0 PIOc_sync Exit - MemInfo: [malloc] Non-mmapped space allocated:                11366400 Byte
20220312 055245.653 INFO             PET0 PIOc_sync Exit - MemInfo: [malloc] Space allocated in mmapped regions:         71667712 Byte
20220312 055245.653 INFO             PET0 PIOc_sync Exit - MemInfo: [malloc] Maximum total allocated space:                     0 Byte
20220312 055245.653 INFO             PET0 PIOc_sync Exit - MemInfo: [malloc] Space in freed fastbin blocks:                   144 Byte
20220312 055245.653 INFO             PET0 PIOc_sync Exit - MemInfo: [malloc] Total allocated space:                      11244416 Byte
20220312 055245.653 INFO             PET0 PIOc_sync Exit - MemInfo: [malloc] Total free space:                             121984 Byte
20220312 055245.653 INFO             PET0 PIOc_sync Exit - MemInfo: [malloc] Top-most, releasable space:                   120752 Byte
20220312 055245.653 INFO             PET0 PIOc_sync Exit - MemInfo: [malloc] Total space in use, mmap + non-mmap:        82912128 Byte
20220312 055245.653 INFO             PET0 PIOc_sync Exit - MemInfo: [malloc] Total space held (mmap + non-mmap):         83034112 Byte
20220312 055245.653 INFO             PET0 PIOc_sync Exit - MemInfo: [malloc] Total space used (mmap + non-mmap):         82921504 Byte
20220312 055245.653 INFO             PET0 PIOc_sync Exit - MemInfo: Wall-clock time since execution start:                1.65919 seconds
20220312 055245.665 INFO             PET0 PIOc_freedecomp Enter - MemInfo: [/proc/meminfo - SSI]	MemTotal:       196434612 kB
20220312 055245.665 INFO             PET0 PIOc_freedecomp Enter - MemInfo: [/proc/meminfo - SSI]	MemFree:        189857960 kB
20220312 055245.665 INFO             PET0 PIOc_freedecomp Enter - MemInfo: [/proc/meminfo - SSI]	MemAvailable:   191504792 kB
20220312 055245.665 INFO             PET0 PIOc_freedecomp Enter - MemInfo: [/proc/meminfo - SSI]	Committed_AS:    1237948 kB
20220312 055245.665 INFO             PET0 PIOc_freedecomp Enter - MemInfo: [/proc/meminfo - SSI]	CommittedPercent: 0.630209 %
20220312 055245.666 INFO             PET0 PIOc_freedecomp Enter - MemInfo: [/proc/self/status]	VmPeak:	 3780844 kB
20220312 055245.666 INFO             PET0 PIOc_freedecomp Enter - MemInfo: [/proc/self/status]	VmSize:	 3780840 kB
20220312 055245.666 INFO             PET0 PIOc_freedecomp Enter - MemInfo: [/proc/self/status]	VmLck:	       0 kB
20220312 055245.666 INFO             PET0 PIOc_freedecomp Enter - MemInfo: [/proc/self/status]	VmPin:	   69756 kB
20220312 055245.666 INFO             PET0 PIOc_freedecomp Enter - MemInfo: [/proc/self/status]	VmHWM:	  145456 kB
20220312 055245.666 INFO             PET0 PIOc_freedecomp Enter - MemInfo: [/proc/self/status]	VmRSS:	  143288 kB
20220312 055245.666 INFO             PET0 PIOc_freedecomp Enter - MemInfo: [/proc/self/status]	VmData:	  203944 kB
20220312 055245.666 INFO             PET0 PIOc_freedecomp Enter - MemInfo: [/proc/self/status]	VmStk:	     520 kB
20220312 055245.666 INFO             PET0 PIOc_freedecomp Enter - MemInfo: [/proc/self/status]	VmExe:	    1844 kB
20220312 055245.666 INFO             PET0 PIOc_freedecomp Enter - MemInfo: [/proc/self/status]	VmLib:	  122112 kB
20220312 055245.666 INFO             PET0 PIOc_freedecomp Enter - MemInfo: [/proc/self/status]	VmPTE:	     908 kB
20220312 055245.666 INFO             PET0 PIOc_freedecomp Enter - MemInfo: [/proc/self/status]	VmSwap:	       0 kB
20220312 055245.666 INFO             PET0 PIOc_freedecomp Enter - MemInfo: [/proc/self/status]	VmRSSPercent: 0.0729444 %
20220312 055245.666 INFO             PET0 PIOc_freedecomp Enter - MemInfo: [malloc] Non-mmapped space allocated:                11366400 Byte
20220312 055245.666 INFO             PET0 PIOc_freedecomp Enter - MemInfo: [malloc] Space allocated in mmapped regions:         71667712 Byte
20220312 055245.666 INFO             PET0 PIOc_freedecomp Enter - MemInfo: [malloc] Maximum total allocated space:                     0 Byte
20220312 055245.666 INFO             PET0 PIOc_freedecomp Enter - MemInfo: [malloc] Space in freed fastbin blocks:                   368 Byte
20220312 055245.666 INFO             PET0 PIOc_freedecomp Enter - MemInfo: [malloc] Total allocated space:                       2317568 Byte
20220312 055245.666 INFO             PET0 PIOc_freedecomp Enter - MemInfo: [malloc] Total free space:                            9048832 Byte
20220312 055245.666 INFO             PET0 PIOc_freedecomp Enter - MemInfo: [malloc] Top-most, releasable space:                   121152 Byte
20220312 055245.666 INFO             PET0 PIOc_freedecomp Enter - MemInfo: [malloc] Total space in use, mmap + non-mmap:        73985280 Byte
20220312 055245.666 INFO             PET0 PIOc_freedecomp Enter - MemInfo: [malloc] Total space held (mmap + non-mmap):         83034112 Byte
20220312 055245.666 INFO             PET0 PIOc_freedecomp Enter - MemInfo: [malloc] Total space used (mmap + non-mmap):         73994656 Byte
20220312 055245.666 INFO             PET0 PIOc_freedecomp Enter - MemInfo: Wall-clock time since execution start:                1.67221 seconds
20220312 055245.666 INFO             PET0 PIOc_freedecomp Exit - MemInfo: [/proc/meminfo - SSI]	MemTotal:       196434612 kB
20220312 055245.666 INFO             PET0 PIOc_freedecomp Exit - MemInfo: [/proc/meminfo - SSI]	MemFree:        189857960 kB
20220312 055245.666 INFO             PET0 PIOc_freedecomp Exit - MemInfo: [/proc/meminfo - SSI]	MemAvailable:   191504792 kB
20220312 055245.666 INFO             PET0 PIOc_freedecomp Exit - MemInfo: [/proc/meminfo - SSI]	Committed_AS:    1237948 kB
20220312 055245.666 INFO             PET0 PIOc_freedecomp Exit - MemInfo: [/proc/meminfo - SSI]	CommittedPercent: 0.630209 %
20220312 055245.666 INFO             PET0 PIOc_freedecomp Exit - MemInfo: [/proc/self/status]	VmPeak:	 3780844 kB
20220312 055245.666 INFO             PET0 PIOc_freedecomp Exit - MemInfo: [/proc/self/status]	VmSize:	 3780840 kB
20220312 055245.666 INFO             PET0 PIOc_freedecomp Exit - MemInfo: [/proc/self/status]	VmLck:	       0 kB
20220312 055245.666 INFO             PET0 PIOc_freedecomp Exit - MemInfo: [/proc/self/status]	VmPin:	   69756 kB
20220312 055245.666 INFO             PET0 PIOc_freedecomp Exit - MemInfo: [/proc/self/status]	VmHWM:	  145456 kB
20220312 055245.666 INFO             PET0 PIOc_freedecomp Exit - MemInfo: [/proc/self/status]	VmRSS:	  143288 kB
20220312 055245.666 INFO             PET0 PIOc_freedecomp Exit - MemInfo: [/proc/self/status]	VmData:	  203944 kB
20220312 055245.666 INFO             PET0 PIOc_freedecomp Exit - MemInfo: [/proc/self/status]	VmStk:	     520 kB
20220312 055245.666 INFO             PET0 PIOc_freedecomp Exit - MemInfo: [/proc/self/status]	VmExe:	    1844 kB
20220312 055245.666 INFO             PET0 PIOc_freedecomp Exit - MemInfo: [/proc/self/status]	VmLib:	  122112 kB
20220312 055245.666 INFO             PET0 PIOc_freedecomp Exit - MemInfo: [/proc/self/status]	VmPTE:	     908 kB
20220312 055245.666 INFO             PET0 PIOc_freedecomp Exit - MemInfo: [/proc/self/status]	VmSwap:	       0 kB
20220312 055245.666 INFO             PET0 PIOc_freedecomp Exit - MemInfo: [/proc/self/status]	VmRSSPercent: 0.0729444 %
20220312 055245.666 INFO             PET0 PIOc_freedecomp Exit - MemInfo: [malloc] Non-mmapped space allocated:                11366400 Byte
20220312 055245.666 INFO             PET0 PIOc_freedecomp Exit - MemInfo: [malloc] Space allocated in mmapped regions:         71667712 Byte
20220312 055245.666 INFO             PET0 PIOc_freedecomp Exit - MemInfo: [malloc] Maximum total allocated space:                     0 Byte
20220312 055245.666 INFO             PET0 PIOc_freedecomp Exit - MemInfo: [malloc] Space in freed fastbin blocks:                   944 Byte
20220312 055245.666 INFO             PET0 PIOc_freedecomp Exit - MemInfo: [malloc] Total allocated space:                       2315824 Byte
20220312 055245.666 INFO             PET0 PIOc_freedecomp Exit - MemInfo: [malloc] Total free space:                            9050576 Byte
20220312 055245.666 INFO             PET0 PIOc_freedecomp Exit - MemInfo: [malloc] Top-most, releasable space:                   121152 Byte
20220312 055245.666 INFO             PET0 PIOc_freedecomp Exit - MemInfo: [malloc] Total space in use, mmap + non-mmap:        73983536 Byte
20220312 055245.666 INFO             PET0 PIOc_freedecomp Exit - MemInfo: [malloc] Total space held (mmap + non-mmap):         83034112 Byte
20220312 055245.666 INFO             PET0 PIOc_freedecomp Exit - MemInfo: [malloc] Total space used (mmap + non-mmap):         73992912 Byte
20220312 055245.666 INFO             PET0 PIOc_freedecomp Exit - MemInfo: Wall-clock time since execution start:                1.67275 seconds
20220312 055245.667 INFO             PET0  PASS  ESMF_OutputWeightFile, ESMF_IOUTest.F90, line 81
20220312 055245.760 INFO             PET0  PASS  call ESMF_OutputWeightFile with empty factor list on four PETs, ESMF_IOUTest.F90, line 191
20220312 055245.764 INFO             PET0  Ending Test, file ESMF_IOUTest.F90, line 201
20220312 055245.764 INFO             PET0 Finalizing ESMF
20220312 055244.413 INFO             PET1 !!!!!!!!!!!!!!!!!!!!!!!!!!!!!!!!!!!!!!!!!!!!!!!!!!!!!!
20220312 055244.413 INFO             PET1 !!! THE ESMF_LOG IS SET TO OUTPUT ALL LOG MESSAGES !!!
20220312 055244.413 INFO             PET1 !!!     THIS MAY CAUSE SLOWDOWN IN PERFORMANCE     !!!
20220312 055244.413 INFO             PET1 !!! FOR PRODUCTION RUNS, USE:                      !!!
20220312 055244.413 INFO             PET1 !!!                   ESMF_LOGKIND_Multi_On_Error  !!!
20220312 055244.413 INFO             PET1 !!!!!!!!!!!!!!!!!!!!!!!!!!!!!!!!!!!!!!!!!!!!!!!!!!!!!!
20220312 055244.413 INFO             PET1 Running with ESMF Version   : v8.3.0b09-96-g559b459
20220312 055244.413 INFO             PET1 ESMF library build date/time: "Mar 12 2022" "03:53:12"
20220312 055244.413 INFO             PET1 ESMF library build location : /work/noaa/da/mpotts/sandbox/intel_2020_intelmpi_O_jedwards_pio_update2
20220312 055244.413 INFO             PET1 ESMF_COMM                   : intelmpi
20220312 055244.415 INFO             PET1 ESMF_MOAB                   : enabled
20220312 055244.415 INFO             PET1 ESMF_LAPACK                 : enabled
20220312 055244.415 INFO             PET1 ESMF_NETCDF                 : enabled
20220312 055244.415 INFO             PET1 ESMF_PNETCDF                : disabled
20220312 055244.415 INFO             PET1 ESMF_PIO                    : enabled
20220312 055244.415 INFO             PET1 ESMF_YAMLCPP                : enabled
20220312 055244.470 INFO             PET1  Beginning Test, file ESMF_IOUTest.F90, line 57
20220312 055244.470 INFO             PET1  NUMBER_OF_PROCESSORS           4
20220312 055244.470 INFO             PET1 Starting Test:  ESMF_OutputWeightFile
20220312 055244.882 INFO             PET1 PIOc_sync Enter - MemInfo: [/proc/meminfo - SSI]	MemTotal:       196434612 kB
20220312 055244.883 INFO             PET1 PIOc_sync Enter - MemInfo: [/proc/meminfo - SSI]	MemFree:        189856876 kB
20220312 055244.883 INFO             PET1 PIOc_sync Enter - MemInfo: [/proc/meminfo - SSI]	MemAvailable:   191503792 kB
20220312 055244.883 INFO             PET1 PIOc_sync Enter - MemInfo: [/proc/meminfo - SSI]	Committed_AS:    1237448 kB
20220312 055244.883 INFO             PET1 PIOc_sync Enter - MemInfo: [/proc/meminfo - SSI]	CommittedPercent: 0.629954 %
20220312 055244.883 INFO             PET1 PIOc_sync Enter - MemInfo: [/proc/self/status]	VmPeak:	 3850024 kB
20220312 055244.883 INFO             PET1 PIOc_sync Enter - MemInfo: [/proc/self/status]	VmSize:	 3827128 kB
20220312 055244.883 INFO             PET1 PIOc_sync Enter - MemInfo: [/proc/self/status]	VmLck:	       0 kB
20220312 055244.883 INFO             PET1 PIOc_sync Enter - MemInfo: [/proc/self/status]	VmPin:	   79996 kB
20220312 055244.883 INFO             PET1 PIOc_sync Enter - MemInfo: [/proc/self/status]	VmHWM:	  149680 kB
20220312 055244.883 INFO             PET1 PIOc_sync Enter - MemInfo: [/proc/self/status]	VmRSS:	  149680 kB
20220312 055244.883 INFO             PET1 PIOc_sync Enter - MemInfo: [/proc/self/status]	VmData:	  250232 kB
20220312 055244.883 INFO             PET1 PIOc_sync Enter - MemInfo: [/proc/self/status]	VmStk:	     520 kB
20220312 055244.883 INFO             PET1 PIOc_sync Enter - MemInfo: [/proc/self/status]	VmExe:	    1844 kB
20220312 055244.883 INFO             PET1 PIOc_sync Enter - MemInfo: [/proc/self/status]	VmLib:	  122112 kB
20220312 055244.883 INFO             PET1 PIOc_sync Enter - MemInfo: [/proc/self/status]	VmPTE:	     924 kB
20220312 055244.883 INFO             PET1 PIOc_sync Enter - MemInfo: [/proc/self/status]	VmSwap:	       0 kB
20220312 055244.883 INFO             PET1 PIOc_sync Enter - MemInfo: [/proc/self/status]	VmRSSPercent: 0.0761984 %
20220312 055244.883 INFO             PET1 PIOc_sync Enter - MemInfo: [malloc] Non-mmapped space allocated:                25346048 Byte
20220312 055244.883 INFO             PET1 PIOc_sync Enter - MemInfo: [malloc] Space allocated in mmapped regions:         61181952 Byte
20220312 055244.883 INFO             PET1 PIOc_sync Enter - MemInfo: [malloc] Maximum total allocated space:                     0 Byte
20220312 055244.883 INFO             PET1 PIOc_sync Enter - MemInfo: [malloc] Space in freed fastbin blocks:                   672 Byte
20220312 055244.883 INFO             PET1 PIOc_sync Enter - MemInfo: [malloc] Total allocated space:                      23020208 Byte
20220312 055244.883 INFO             PET1 PIOc_sync Enter - MemInfo: [malloc] Total free space:                            2325840 Byte
20220312 055244.883 INFO             PET1 PIOc_sync Enter - MemInfo: [malloc] Top-most, releasable space:                    95056 Byte
20220312 055244.883 INFO             PET1 PIOc_sync Enter - MemInfo: [malloc] Total space in use, mmap + non-mmap:        84202160 Byte
20220312 055244.883 INFO             PET1 PIOc_sync Enter - MemInfo: [malloc] Total space held (mmap + non-mmap):         86528000 Byte
20220312 055244.883 INFO             PET1 PIOc_sync Enter - MemInfo: [malloc] Total space used (mmap + non-mmap):         84211552 Byte
20220312 055244.883 INFO             PET1 PIOc_sync Enter - MemInfo: Wall-clock time since execution start:               0.895042 seconds
20220312 055244.921 INFO             PET1 PIOc_sync Exit - MemInfo: [/proc/meminfo - SSI]	MemTotal:       196434612 kB
20220312 055244.921 INFO             PET1 PIOc_sync Exit - MemInfo: [/proc/meminfo - SSI]	MemFree:        189863144 kB
20220312 055244.921 INFO             PET1 PIOc_sync Exit - MemInfo: [/proc/meminfo - SSI]	MemAvailable:   191510060 kB
20220312 055244.921 INFO             PET1 PIOc_sync Exit - MemInfo: [/proc/meminfo - SSI]	Committed_AS:    1229720 kB
20220312 055244.921 INFO             PET1 PIOc_sync Exit - MemInfo: [/proc/meminfo - SSI]	CommittedPercent: 0.62602 %
20220312 055244.922 INFO             PET1 PIOc_sync Exit - MemInfo: [/proc/self/status]	VmPeak:	 3850024 kB
20220312 055244.922 INFO             PET1 PIOc_sync Exit - MemInfo: [/proc/self/status]	VmSize:	 3827128 kB
20220312 055244.922 INFO             PET1 PIOc_sync Exit - MemInfo: [/proc/self/status]	VmLck:	       0 kB
20220312 055244.922 INFO             PET1 PIOc_sync Exit - MemInfo: [/proc/self/status]	VmPin:	   79996 kB
20220312 055244.922 INFO             PET1 PIOc_sync Exit - MemInfo: [/proc/self/status]	VmHWM:	  149816 kB
20220312 055244.922 INFO             PET1 PIOc_sync Exit - MemInfo: [/proc/self/status]	VmRSS:	  149816 kB
20220312 055244.922 INFO             PET1 PIOc_sync Exit - MemInfo: [/proc/self/status]	VmData:	  250232 kB
20220312 055244.922 INFO             PET1 PIOc_sync Exit - MemInfo: [/proc/self/status]	VmStk:	     520 kB
20220312 055244.922 INFO             PET1 PIOc_sync Exit - MemInfo: [/proc/self/status]	VmExe:	    1844 kB
20220312 055244.922 INFO             PET1 PIOc_sync Exit - MemInfo: [/proc/self/status]	VmLib:	  122112 kB
20220312 055244.922 INFO             PET1 PIOc_sync Exit - MemInfo: [/proc/self/status]	VmPTE:	     924 kB
20220312 055244.922 INFO             PET1 PIOc_sync Exit - MemInfo: [/proc/self/status]	VmSwap:	       0 kB
20220312 055244.922 INFO             PET1 PIOc_sync Exit - MemInfo: [/proc/self/status]	VmRSSPercent: 0.0762676 %
20220312 055244.922 INFO             PET1 PIOc_sync Exit - MemInfo: [malloc] Non-mmapped space allocated:                25346048 Byte
20220312 055244.922 INFO             PET1 PIOc_sync Exit - MemInfo: [malloc] Space allocated in mmapped regions:         61181952 Byte
20220312 055244.922 INFO             PET1 PIOc_sync Exit - MemInfo: [malloc] Maximum total allocated space:                     0 Byte
20220312 055244.922 INFO             PET1 PIOc_sync Exit - MemInfo: [malloc] Space in freed fastbin blocks:                   192 Byte
20220312 055244.922 INFO             PET1 PIOc_sync Exit - MemInfo: [malloc] Total allocated space:                      23019376 Byte
20220312 055244.922 INFO             PET1 PIOc_sync Exit - MemInfo: [malloc] Total free space:                            2326672 Byte
20220312 055244.922 INFO             PET1 PIOc_sync Exit - MemInfo: [malloc] Top-most, releasable space:                    96480 Byte
20220312 055244.922 INFO             PET1 PIOc_sync Exit - MemInfo: [malloc] Total space in use, mmap + non-mmap:        84201328 Byte
20220312 055244.922 INFO             PET1 PIOc_sync Exit - MemInfo: [malloc] Total space held (mmap + non-mmap):         86528000 Byte
20220312 055244.922 INFO             PET1 PIOc_sync Exit - MemInfo: [malloc] Total space used (mmap + non-mmap):         84210704 Byte
20220312 055244.922 INFO             PET1 PIOc_sync Exit - MemInfo: Wall-clock time since execution start:                0.93376 seconds
20220312 055244.922 INFO             PET1 PIOc_freedecomp Enter - MemInfo: [/proc/meminfo - SSI]	MemTotal:       196434612 kB
20220312 055244.922 INFO             PET1 PIOc_freedecomp Enter - MemInfo: [/proc/meminfo - SSI]	MemFree:        189863144 kB
20220312 055244.922 INFO             PET1 PIOc_freedecomp Enter - MemInfo: [/proc/meminfo - SSI]	MemAvailable:   191510060 kB
20220312 055244.922 INFO             PET1 PIOc_freedecomp Enter - MemInfo: [/proc/meminfo - SSI]	Committed_AS:    1229720 kB
20220312 055244.922 INFO             PET1 PIOc_freedecomp Enter - MemInfo: [/proc/meminfo - SSI]	CommittedPercent: 0.62602 %
20220312 055244.922 INFO             PET1 PIOc_freedecomp Enter - MemInfo: [/proc/self/status]	VmPeak:	 3850024 kB
20220312 055244.922 INFO             PET1 PIOc_freedecomp Enter - MemInfo: [/proc/self/status]	VmSize:	 3827128 kB
20220312 055244.922 INFO             PET1 PIOc_freedecomp Enter - MemInfo: [/proc/self/status]	VmLck:	       0 kB
20220312 055244.922 INFO             PET1 PIOc_freedecomp Enter - MemInfo: [/proc/self/status]	VmPin:	   79996 kB
20220312 055244.922 INFO             PET1 PIOc_freedecomp Enter - MemInfo: [/proc/self/status]	VmHWM:	  149820 kB
20220312 055244.922 INFO             PET1 PIOc_freedecomp Enter - MemInfo: [/proc/self/status]	VmRSS:	  149820 kB
20220312 055244.922 INFO             PET1 PIOc_freedecomp Enter - MemInfo: [/proc/self/status]	VmData:	  250232 kB
20220312 055244.922 INFO             PET1 PIOc_freedecomp Enter - MemInfo: [/proc/self/status]	VmStk:	     520 kB
20220312 055244.922 INFO             PET1 PIOc_freedecomp Enter - MemInfo: [/proc/self/status]	VmExe:	    1844 kB
20220312 055244.922 INFO             PET1 PIOc_freedecomp Enter - MemInfo: [/proc/self/status]	VmLib:	  122112 kB
20220312 055244.922 INFO             PET1 PIOc_freedecomp Enter - MemInfo: [/proc/self/status]	VmPTE:	     924 kB
20220312 055244.922 INFO             PET1 PIOc_freedecomp Enter - MemInfo: [/proc/self/status]	VmSwap:	       0 kB
20220312 055244.922 INFO             PET1 PIOc_freedecomp Enter - MemInfo: [/proc/self/status]	VmRSSPercent: 0.0762697 %
20220312 055244.922 INFO             PET1 PIOc_freedecomp Enter - MemInfo: [malloc] Non-mmapped space allocated:                25346048 Byte
20220312 055244.922 INFO             PET1 PIOc_freedecomp Enter - MemInfo: [malloc] Space allocated in mmapped regions:         61181952 Byte
20220312 055244.922 INFO             PET1 PIOc_freedecomp Enter - MemInfo: [malloc] Maximum total allocated space:                     0 Byte
20220312 055244.922 INFO             PET1 PIOc_freedecomp Enter - MemInfo: [malloc] Space in freed fastbin blocks:                   368 Byte
20220312 055244.922 INFO             PET1 PIOc_freedecomp Enter - MemInfo: [malloc] Total allocated space:                      23017776 Byte
20220312 055244.922 INFO             PET1 PIOc_freedecomp Enter - MemInfo: [malloc] Total free space:                            2328272 Byte
20220312 055244.922 INFO             PET1 PIOc_freedecomp Enter - MemInfo: [malloc] Top-most, releasable space:                    97312 Byte
20220312 055244.922 INFO             PET1 PIOc_freedecomp Enter - MemInfo: [malloc] Total space in use, mmap + non-mmap:        84199728 Byte
20220312 055244.922 INFO             PET1 PIOc_freedecomp Enter - MemInfo: [malloc] Total space held (mmap + non-mmap):         86528000 Byte
20220312 055244.922 INFO             PET1 PIOc_freedecomp Enter - MemInfo: [malloc] Total space used (mmap + non-mmap):         84209104 Byte
20220312 055244.922 INFO             PET1 PIOc_freedecomp Enter - MemInfo: Wall-clock time since execution start:               0.934207 seconds
20220312 055244.922 INFO             PET1 PIOc_freedecomp Exit - MemInfo: [/proc/meminfo - SSI]	MemTotal:       196434612 kB
20220312 055244.922 INFO             PET1 PIOc_freedecomp Exit - MemInfo: [/proc/meminfo - SSI]	MemFree:        189863144 kB
20220312 055244.922 INFO             PET1 PIOc_freedecomp Exit - MemInfo: [/proc/meminfo - SSI]	MemAvailable:   191510060 kB
20220312 055244.922 INFO             PET1 PIOc_freedecomp Exit - MemInfo: [/proc/meminfo - SSI]	Committed_AS:    1229720 kB
20220312 055244.922 INFO             PET1 PIOc_freedecomp Exit - MemInfo: [/proc/meminfo - SSI]	CommittedPercent: 0.62602 %
20220312 055244.923 INFO             PET1 PIOc_freedecomp Exit - MemInfo: [/proc/self/status]	VmPeak:	 3850024 kB
20220312 055244.923 INFO             PET1 PIOc_freedecomp Exit - MemInfo: [/proc/self/status]	VmSize:	 3827128 kB
20220312 055244.923 INFO             PET1 PIOc_freedecomp Exit - MemInfo: [/proc/self/status]	VmLck:	       0 kB
20220312 055244.923 INFO             PET1 PIOc_freedecomp Exit - MemInfo: [/proc/self/status]	VmPin:	   79996 kB
20220312 055244.923 INFO             PET1 PIOc_freedecomp Exit - MemInfo: [/proc/self/status]	VmHWM:	  149820 kB
20220312 055244.923 INFO             PET1 PIOc_freedecomp Exit - MemInfo: [/proc/self/status]	VmRSS:	  149820 kB
20220312 055244.923 INFO             PET1 PIOc_freedecomp Exit - MemInfo: [/proc/self/status]	VmData:	  250232 kB
20220312 055244.923 INFO             PET1 PIOc_freedecomp Exit - MemInfo: [/proc/self/status]	VmStk:	     520 kB
20220312 055244.923 INFO             PET1 PIOc_freedecomp Exit - MemInfo: [/proc/self/status]	VmExe:	    1844 kB
20220312 055244.923 INFO             PET1 PIOc_freedecomp Exit - MemInfo: [/proc/self/status]	VmLib:	  122112 kB
20220312 055244.923 INFO             PET1 PIOc_freedecomp Exit - MemInfo: [/proc/self/status]	VmPTE:	     924 kB
20220312 055244.923 INFO             PET1 PIOc_freedecomp Exit - MemInfo: [/proc/self/status]	VmSwap:	       0 kB
20220312 055244.923 INFO             PET1 PIOc_freedecomp Exit - MemInfo: [/proc/self/status]	VmRSSPercent: 0.0762697 %
20220312 055244.923 INFO             PET1 PIOc_freedecomp Exit - MemInfo: [malloc] Non-mmapped space allocated:                25346048 Byte
20220312 055244.923 INFO             PET1 PIOc_freedecomp Exit - MemInfo: [malloc] Space allocated in mmapped regions:         61181952 Byte
20220312 055244.923 INFO             PET1 PIOc_freedecomp Exit - MemInfo: [malloc] Maximum total allocated space:                     0 Byte
20220312 055244.923 INFO             PET1 PIOc_freedecomp Exit - MemInfo: [malloc] Space in freed fastbin blocks:                   480 Byte
20220312 055244.923 INFO             PET1 PIOc_freedecomp Exit - MemInfo: [malloc] Total allocated space:                      23016400 Byte
20220312 055244.923 INFO             PET1 PIOc_freedecomp Exit - MemInfo: [malloc] Total free space:                            2329648 Byte
20220312 055244.923 INFO             PET1 PIOc_freedecomp Exit - MemInfo: [malloc] Top-most, releasable space:                    97968 Byte
20220312 055244.923 INFO             PET1 PIOc_freedecomp Exit - MemInfo: [malloc] Total space in use, mmap + non-mmap:        84198352 Byte
20220312 055244.923 INFO             PET1 PIOc_freedecomp Exit - MemInfo: [malloc] Total space held (mmap + non-mmap):         86528000 Byte
20220312 055244.923 INFO             PET1 PIOc_freedecomp Exit - MemInfo: [malloc] Total space used (mmap + non-mmap):         84207728 Byte
20220312 055244.923 INFO             PET1 PIOc_freedecomp Exit - MemInfo: Wall-clock time since execution start:               0.934757 seconds
20220312 055245.246 INFO             PET1 PIOc_sync Enter - MemInfo: [/proc/meminfo - SSI]	MemTotal:       196434612 kB
20220312 055245.246 INFO             PET1 PIOc_sync Enter - MemInfo: [/proc/meminfo - SSI]	MemFree:        189858552 kB
20220312 055245.246 INFO             PET1 PIOc_sync Enter - MemInfo: [/proc/meminfo - SSI]	MemAvailable:   191505468 kB
20220312 055245.246 INFO             PET1 PIOc_sync Enter - MemInfo: [/proc/meminfo - SSI]	Committed_AS:    1237948 kB
20220312 055245.246 INFO             PET1 PIOc_sync Enter - MemInfo: [/proc/meminfo - SSI]	CommittedPercent: 0.630209 %
20220312 055245.246 INFO             PET1 PIOc_sync Enter - MemInfo: [/proc/self/status]	VmPeak:	 3850024 kB
20220312 055245.246 INFO             PET1 PIOc_sync Enter - MemInfo: [/proc/self/status]	VmSize:	 3827128 kB
20220312 055245.246 INFO             PET1 PIOc_sync Enter - MemInfo: [/proc/self/status]	VmLck:	       0 kB
20220312 055245.246 INFO             PET1 PIOc_sync Enter - MemInfo: [/proc/self/status]	VmPin:	   79996 kB
20220312 055245.246 INFO             PET1 PIOc_sync Enter - MemInfo: [/proc/self/status]	VmHWM:	  149880 kB
20220312 055245.246 INFO             PET1 PIOc_sync Enter - MemInfo: [/proc/self/status]	VmRSS:	  149880 kB
20220312 055245.246 INFO             PET1 PIOc_sync Enter - MemInfo: [/proc/self/status]	VmData:	  250232 kB
20220312 055245.246 INFO             PET1 PIOc_sync Enter - MemInfo: [/proc/self/status]	VmStk:	     520 kB
20220312 055245.246 INFO             PET1 PIOc_sync Enter - MemInfo: [/proc/self/status]	VmExe:	    1844 kB
20220312 055245.246 INFO             PET1 PIOc_sync Enter - MemInfo: [/proc/self/status]	VmLib:	  122112 kB
20220312 055245.246 INFO             PET1 PIOc_sync Enter - MemInfo: [/proc/self/status]	VmPTE:	     924 kB
20220312 055245.246 INFO             PET1 PIOc_sync Enter - MemInfo: [/proc/self/status]	VmSwap:	       0 kB
20220312 055245.246 INFO             PET1 PIOc_sync Enter - MemInfo: [/proc/self/status]	VmRSSPercent: 0.0763002 %
20220312 055245.246 INFO             PET1 PIOc_sync Enter - MemInfo: [malloc] Non-mmapped space allocated:                25346048 Byte
20220312 055245.246 INFO             PET1 PIOc_sync Enter - MemInfo: [malloc] Space allocated in mmapped regions:         61181952 Byte
20220312 055245.246 INFO             PET1 PIOc_sync Enter - MemInfo: [malloc] Maximum total allocated space:                     0 Byte
20220312 055245.246 INFO             PET1 PIOc_sync Enter - MemInfo: [malloc] Space in freed fastbin blocks:                   896 Byte
20220312 055245.246 INFO             PET1 PIOc_sync Enter - MemInfo: [malloc] Total allocated space:                      23020304 Byte
20220312 055245.246 INFO             PET1 PIOc_sync Enter - MemInfo: [malloc] Total free space:                            2325744 Byte
20220312 055245.246 INFO             PET1 PIOc_sync Enter - MemInfo: [malloc] Top-most, releasable space:                    94736 Byte
20220312 055245.246 INFO             PET1 PIOc_sync Enter - MemInfo: [malloc] Total space in use, mmap + non-mmap:        84202256 Byte
20220312 055245.246 INFO             PET1 PIOc_sync Enter - MemInfo: [malloc] Total space held (mmap + non-mmap):         86528000 Byte
20220312 055245.246 INFO             PET1 PIOc_sync Enter - MemInfo: [malloc] Total space used (mmap + non-mmap):         84211648 Byte
20220312 055245.246 INFO             PET1 PIOc_sync Enter - MemInfo: Wall-clock time since execution start:                1.25762 seconds
20220312 055245.271 INFO             PET1 PIOc_sync Exit - MemInfo: [/proc/meminfo - SSI]	MemTotal:       196434612 kB
20220312 055245.271 INFO             PET1 PIOc_sync Exit - MemInfo: [/proc/meminfo - SSI]	MemFree:        189858552 kB
20220312 055245.271 INFO             PET1 PIOc_sync Exit - MemInfo: [/proc/meminfo - SSI]	MemAvailable:   191505468 kB
20220312 055245.271 INFO             PET1 PIOc_sync Exit - MemInfo: [/proc/meminfo - SSI]	Committed_AS:    1237948 kB
20220312 055245.272 INFO             PET1 PIOc_sync Exit - MemInfo: [/proc/meminfo - SSI]	CommittedPercent: 0.630209 %
20220312 055245.272 INFO             PET1 PIOc_sync Exit - MemInfo: [/proc/self/status]	VmPeak:	 3850024 kB
20220312 055245.272 INFO             PET1 PIOc_sync Exit - MemInfo: [/proc/self/status]	VmSize:	 3827128 kB
20220312 055245.272 INFO             PET1 PIOc_sync Exit - MemInfo: [/proc/self/status]	VmLck:	       0 kB
20220312 055245.272 INFO             PET1 PIOc_sync Exit - MemInfo: [/proc/self/status]	VmPin:	   79996 kB
20220312 055245.272 INFO             PET1 PIOc_sync Exit - MemInfo: [/proc/self/status]	VmHWM:	  149888 kB
20220312 055245.272 INFO             PET1 PIOc_sync Exit - MemInfo: [/proc/self/status]	VmRSS:	  149888 kB
20220312 055245.272 INFO             PET1 PIOc_sync Exit - MemInfo: [/proc/self/status]	VmData:	  250232 kB
20220312 055245.272 INFO             PET1 PIOc_sync Exit - MemInfo: [/proc/self/status]	VmStk:	     520 kB
20220312 055245.272 INFO             PET1 PIOc_sync Exit - MemInfo: [/proc/self/status]	VmExe:	    1844 kB
20220312 055245.272 INFO             PET1 PIOc_sync Exit - MemInfo: [/proc/self/status]	VmLib:	  122112 kB
20220312 055245.272 INFO             PET1 PIOc_sync Exit - MemInfo: [/proc/self/status]	VmPTE:	     924 kB
20220312 055245.272 INFO             PET1 PIOc_sync Exit - MemInfo: [/proc/self/status]	VmSwap:	       0 kB
20220312 055245.272 INFO             PET1 PIOc_sync Exit - MemInfo: [/proc/self/status]	VmRSSPercent: 0.0763043 %
20220312 055245.272 INFO             PET1 PIOc_sync Exit - MemInfo: [malloc] Non-mmapped space allocated:                25346048 Byte
20220312 055245.272 INFO             PET1 PIOc_sync Exit - MemInfo: [malloc] Space allocated in mmapped regions:         61181952 Byte
20220312 055245.272 INFO             PET1 PIOc_sync Exit - MemInfo: [malloc] Maximum total allocated space:                     0 Byte
20220312 055245.272 INFO             PET1 PIOc_sync Exit - MemInfo: [malloc] Space in freed fastbin blocks:                   144 Byte
20220312 055245.272 INFO             PET1 PIOc_sync Exit - MemInfo: [malloc] Total allocated space:                      23019520 Byte
20220312 055245.272 INFO             PET1 PIOc_sync Exit - MemInfo: [malloc] Total free space:                            2326528 Byte
20220312 055245.272 INFO             PET1 PIOc_sync Exit - MemInfo: [malloc] Top-most, releasable space:                    96080 Byte
20220312 055245.272 INFO             PET1 PIOc_sync Exit - MemInfo: [malloc] Total space in use, mmap + non-mmap:        84201472 Byte
20220312 055245.272 INFO             PET1 PIOc_sync Exit - MemInfo: [malloc] Total space held (mmap + non-mmap):         86528000 Byte
20220312 055245.272 INFO             PET1 PIOc_sync Exit - MemInfo: [malloc] Total space used (mmap + non-mmap):         84210848 Byte
20220312 055245.272 INFO             PET1 PIOc_sync Exit - MemInfo: Wall-clock time since execution start:                1.28298 seconds
20220312 055245.272 INFO             PET1 PIOc_freedecomp Enter - MemInfo: [/proc/meminfo - SSI]	MemTotal:       196434612 kB
20220312 055245.272 INFO             PET1 PIOc_freedecomp Enter - MemInfo: [/proc/meminfo - SSI]	MemFree:        189858552 kB
20220312 055245.272 INFO             PET1 PIOc_freedecomp Enter - MemInfo: [/proc/meminfo - SSI]	MemAvailable:   191505468 kB
20220312 055245.272 INFO             PET1 PIOc_freedecomp Enter - MemInfo: [/proc/meminfo - SSI]	Committed_AS:    1237948 kB
20220312 055245.272 INFO             PET1 PIOc_freedecomp Enter - MemInfo: [/proc/meminfo - SSI]	CommittedPercent: 0.630209 %
20220312 055245.272 INFO             PET1 PIOc_freedecomp Enter - MemInfo: [/proc/self/status]	VmPeak:	 3850024 kB
20220312 055245.272 INFO             PET1 PIOc_freedecomp Enter - MemInfo: [/proc/self/status]	VmSize:	 3827128 kB
20220312 055245.272 INFO             PET1 PIOc_freedecomp Enter - MemInfo: [/proc/self/status]	VmLck:	       0 kB
20220312 055245.272 INFO             PET1 PIOc_freedecomp Enter - MemInfo: [/proc/self/status]	VmPin:	   79996 kB
20220312 055245.272 INFO             PET1 PIOc_freedecomp Enter - MemInfo: [/proc/self/status]	VmHWM:	  149888 kB
20220312 055245.272 INFO             PET1 PIOc_freedecomp Enter - MemInfo: [/proc/self/status]	VmRSS:	  149888 kB
20220312 055245.272 INFO             PET1 PIOc_freedecomp Enter - MemInfo: [/proc/self/status]	VmData:	  250232 kB
20220312 055245.272 INFO             PET1 PIOc_freedecomp Enter - MemInfo: [/proc/self/status]	VmStk:	     520 kB
20220312 055245.272 INFO             PET1 PIOc_freedecomp Enter - MemInfo: [/proc/self/status]	VmExe:	    1844 kB
20220312 055245.272 INFO             PET1 PIOc_freedecomp Enter - MemInfo: [/proc/self/status]	VmLib:	  122112 kB
20220312 055245.272 INFO             PET1 PIOc_freedecomp Enter - MemInfo: [/proc/self/status]	VmPTE:	     924 kB
20220312 055245.272 INFO             PET1 PIOc_freedecomp Enter - MemInfo: [/proc/self/status]	VmSwap:	       0 kB
20220312 055245.272 INFO             PET1 PIOc_freedecomp Enter - MemInfo: [/proc/self/status]	VmRSSPercent: 0.0763043 %
20220312 055245.272 INFO             PET1 PIOc_freedecomp Enter - MemInfo: [malloc] Non-mmapped space allocated:                25346048 Byte
20220312 055245.272 INFO             PET1 PIOc_freedecomp Enter - MemInfo: [malloc] Space allocated in mmapped regions:         61181952 Byte
20220312 055245.272 INFO             PET1 PIOc_freedecomp Enter - MemInfo: [malloc] Maximum total allocated space:                     0 Byte
20220312 055245.272 INFO             PET1 PIOc_freedecomp Enter - MemInfo: [malloc] Space in freed fastbin blocks:                   368 Byte
20220312 055245.272 INFO             PET1 PIOc_freedecomp Enter - MemInfo: [malloc] Total allocated space:                      23017760 Byte
20220312 055245.272 INFO             PET1 PIOc_freedecomp Enter - MemInfo: [malloc] Total free space:                            2328288 Byte
20220312 055245.272 INFO             PET1 PIOc_freedecomp Enter - MemInfo: [malloc] Top-most, releasable space:                    96384 Byte
20220312 055245.272 INFO             PET1 PIOc_freedecomp Enter - MemInfo: [malloc] Total space in use, mmap + non-mmap:        84199712 Byte
20220312 055245.272 INFO             PET1 PIOc_freedecomp Enter - MemInfo: [malloc] Total space held (mmap + non-mmap):         86528000 Byte
20220312 055245.272 INFO             PET1 PIOc_freedecomp Enter - MemInfo: [malloc] Total space used (mmap + non-mmap):         84209104 Byte
20220312 055245.272 INFO             PET1 PIOc_freedecomp Enter - MemInfo: Wall-clock time since execution start:                1.28344 seconds
20220312 055245.272 INFO             PET1 PIOc_freedecomp Exit - MemInfo: [/proc/meminfo - SSI]	MemTotal:       196434612 kB
20220312 055245.272 INFO             PET1 PIOc_freedecomp Exit - MemInfo: [/proc/meminfo - SSI]	MemFree:        189858552 kB
20220312 055245.272 INFO             PET1 PIOc_freedecomp Exit - MemInfo: [/proc/meminfo - SSI]	MemAvailable:   191505468 kB
20220312 055245.272 INFO             PET1 PIOc_freedecomp Exit - MemInfo: [/proc/meminfo - SSI]	Committed_AS:    1237948 kB
20220312 055245.272 INFO             PET1 PIOc_freedecomp Exit - MemInfo: [/proc/meminfo - SSI]	CommittedPercent: 0.630209 %
20220312 055245.272 INFO             PET1 PIOc_freedecomp Exit - MemInfo: [/proc/self/status]	VmPeak:	 3850024 kB
20220312 055245.272 INFO             PET1 PIOc_freedecomp Exit - MemInfo: [/proc/self/status]	VmSize:	 3827128 kB
20220312 055245.272 INFO             PET1 PIOc_freedecomp Exit - MemInfo: [/proc/self/status]	VmLck:	       0 kB
20220312 055245.273 INFO             PET1 PIOc_freedecomp Exit - MemInfo: [/proc/self/status]	VmPin:	   79996 kB
20220312 055245.273 INFO             PET1 PIOc_freedecomp Exit - MemInfo: [/proc/self/status]	VmHWM:	  149888 kB
20220312 055245.273 INFO             PET1 PIOc_freedecomp Exit - MemInfo: [/proc/self/status]	VmRSS:	  149888 kB
20220312 055245.273 INFO             PET1 PIOc_freedecomp Exit - MemInfo: [/proc/self/status]	VmData:	  250232 kB
20220312 055245.273 INFO             PET1 PIOc_freedecomp Exit - MemInfo: [/proc/self/status]	VmStk:	     520 kB
20220312 055245.273 INFO             PET1 PIOc_freedecomp Exit - MemInfo: [/proc/self/status]	VmExe:	    1844 kB
20220312 055245.273 INFO             PET1 PIOc_freedecomp Exit - MemInfo: [/proc/self/status]	VmLib:	  122112 kB
20220312 055245.273 INFO             PET1 PIOc_freedecomp Exit - MemInfo: [/proc/self/status]	VmPTE:	     924 kB
20220312 055245.273 INFO             PET1 PIOc_freedecomp Exit - MemInfo: [/proc/self/status]	VmSwap:	       0 kB
20220312 055245.273 INFO             PET1 PIOc_freedecomp Exit - MemInfo: [/proc/self/status]	VmRSSPercent: 0.0763043 %
20220312 055245.273 INFO             PET1 PIOc_freedecomp Exit - MemInfo: [malloc] Non-mmapped space allocated:                25346048 Byte
20220312 055245.273 INFO             PET1 PIOc_freedecomp Exit - MemInfo: [malloc] Space allocated in mmapped regions:         61181952 Byte
20220312 055245.273 INFO             PET1 PIOc_freedecomp Exit - MemInfo: [malloc] Maximum total allocated space:                     0 Byte
20220312 055245.273 INFO             PET1 PIOc_freedecomp Exit - MemInfo: [malloc] Space in freed fastbin blocks:                   320 Byte
20220312 055245.273 INFO             PET1 PIOc_freedecomp Exit - MemInfo: [malloc] Total allocated space:                      23016400 Byte
20220312 055245.273 INFO             PET1 PIOc_freedecomp Exit - MemInfo: [malloc] Total free space:                            2329648 Byte
20220312 055245.273 INFO             PET1 PIOc_freedecomp Exit - MemInfo: [malloc] Top-most, releasable space:                    96912 Byte
20220312 055245.273 INFO             PET1 PIOc_freedecomp Exit - MemInfo: [malloc] Total space in use, mmap + non-mmap:        84198352 Byte
20220312 055245.273 INFO             PET1 PIOc_freedecomp Exit - MemInfo: [malloc] Total space held (mmap + non-mmap):         86528000 Byte
20220312 055245.273 INFO             PET1 PIOc_freedecomp Exit - MemInfo: [malloc] Total space used (mmap + non-mmap):         84207728 Byte
20220312 055245.273 INFO             PET1 PIOc_freedecomp Exit - MemInfo: Wall-clock time since execution start:                1.28388 seconds
20220312 055245.636 INFO             PET1 PIOc_sync Enter - MemInfo: [/proc/meminfo - SSI]	MemTotal:       196434612 kB
20220312 055245.637 INFO             PET1 PIOc_sync Enter - MemInfo: [/proc/meminfo - SSI]	MemFree:        189857960 kB
20220312 055245.637 INFO             PET1 PIOc_sync Enter - MemInfo: [/proc/meminfo - SSI]	MemAvailable:   191504792 kB
20220312 055245.637 INFO             PET1 PIOc_sync Enter - MemInfo: [/proc/meminfo - SSI]	Committed_AS:    1237948 kB
20220312 055245.637 INFO             PET1 PIOc_sync Enter - MemInfo: [/proc/meminfo - SSI]	CommittedPercent: 0.630209 %
20220312 055245.637 INFO             PET1 PIOc_sync Enter - MemInfo: [/proc/self/status]	VmPeak:	 3850024 kB
20220312 055245.637 INFO             PET1 PIOc_sync Enter - MemInfo: [/proc/self/status]	VmSize:	 3827128 kB
20220312 055245.637 INFO             PET1 PIOc_sync Enter - MemInfo: [/proc/self/status]	VmLck:	       0 kB
20220312 055245.637 INFO             PET1 PIOc_sync Enter - MemInfo: [/proc/self/status]	VmPin:	   79996 kB
20220312 055245.637 INFO             PET1 PIOc_sync Enter - MemInfo: [/proc/self/status]	VmHWM:	  149944 kB
20220312 055245.637 INFO             PET1 PIOc_sync Enter - MemInfo: [/proc/self/status]	VmRSS:	  149944 kB
20220312 055245.637 INFO             PET1 PIOc_sync Enter - MemInfo: [/proc/self/status]	VmData:	  250232 kB
20220312 055245.637 INFO             PET1 PIOc_sync Enter - MemInfo: [/proc/self/status]	VmStk:	     520 kB
20220312 055245.637 INFO             PET1 PIOc_sync Enter - MemInfo: [/proc/self/status]	VmExe:	    1844 kB
20220312 055245.637 INFO             PET1 PIOc_sync Enter - MemInfo: [/proc/self/status]	VmLib:	  122112 kB
20220312 055245.637 INFO             PET1 PIOc_sync Enter - MemInfo: [/proc/self/status]	VmPTE:	     924 kB
20220312 055245.637 INFO             PET1 PIOc_sync Enter - MemInfo: [/proc/self/status]	VmSwap:	       0 kB
20220312 055245.637 INFO             PET1 PIOc_sync Enter - MemInfo: [/proc/self/status]	VmRSSPercent: 0.0763328 %
20220312 055245.637 INFO             PET1 PIOc_sync Enter - MemInfo: [malloc] Non-mmapped space allocated:                25346048 Byte
20220312 055245.637 INFO             PET1 PIOc_sync Enter - MemInfo: [malloc] Space allocated in mmapped regions:         61181952 Byte
20220312 055245.637 INFO             PET1 PIOc_sync Enter - MemInfo: [malloc] Maximum total allocated space:                     0 Byte
20220312 055245.637 INFO             PET1 PIOc_sync Enter - MemInfo: [malloc] Space in freed fastbin blocks:                   144 Byte
20220312 055245.637 INFO             PET1 PIOc_sync Enter - MemInfo: [malloc] Total allocated space:                      23020448 Byte
20220312 055245.637 INFO             PET1 PIOc_sync Enter - MemInfo: [malloc] Total free space:                            2325600 Byte
20220312 055245.637 INFO             PET1 PIOc_sync Enter - MemInfo: [malloc] Top-most, releasable space:                    95216 Byte
20220312 055245.637 INFO             PET1 PIOc_sync Enter - MemInfo: [malloc] Total space in use, mmap + non-mmap:        84202400 Byte
20220312 055245.637 INFO             PET1 PIOc_sync Enter - MemInfo: [malloc] Total space held (mmap + non-mmap):         86528000 Byte
20220312 055245.637 INFO             PET1 PIOc_sync Enter - MemInfo: [malloc] Total space used (mmap + non-mmap):         84211776 Byte
20220312 055245.637 INFO             PET1 PIOc_sync Enter - MemInfo: Wall-clock time since execution start:                1.64717 seconds
20220312 055245.659 INFO             PET1 PIOc_sync Exit - MemInfo: [/proc/meminfo - SSI]	MemTotal:       196434612 kB
20220312 055245.659 INFO             PET1 PIOc_sync Exit - MemInfo: [/proc/meminfo - SSI]	MemFree:        189857960 kB
20220312 055245.659 INFO             PET1 PIOc_sync Exit - MemInfo: [/proc/meminfo - SSI]	MemAvailable:   191504792 kB
20220312 055245.659 INFO             PET1 PIOc_sync Exit - MemInfo: [/proc/meminfo - SSI]	Committed_AS:    1237948 kB
20220312 055245.659 INFO             PET1 PIOc_sync Exit - MemInfo: [/proc/meminfo - SSI]	CommittedPercent: 0.630209 %
20220312 055245.659 INFO             PET1 PIOc_sync Exit - MemInfo: [/proc/self/status]	VmPeak:	 3850024 kB
20220312 055245.659 INFO             PET1 PIOc_sync Exit - MemInfo: [/proc/self/status]	VmSize:	 3827128 kB
20220312 055245.659 INFO             PET1 PIOc_sync Exit - MemInfo: [/proc/self/status]	VmLck:	       0 kB
20220312 055245.659 INFO             PET1 PIOc_sync Exit - MemInfo: [/proc/self/status]	VmPin:	   79996 kB
20220312 055245.659 INFO             PET1 PIOc_sync Exit - MemInfo: [/proc/self/status]	VmHWM:	  149944 kB
20220312 055245.660 INFO             PET1 PIOc_sync Exit - MemInfo: [/proc/self/status]	VmRSS:	  149944 kB
20220312 055245.660 INFO             PET1 PIOc_sync Exit - MemInfo: [/proc/self/status]	VmData:	  250232 kB
20220312 055245.660 INFO             PET1 PIOc_sync Exit - MemInfo: [/proc/self/status]	VmStk:	     520 kB
20220312 055245.660 INFO             PET1 PIOc_sync Exit - MemInfo: [/proc/self/status]	VmExe:	    1844 kB
20220312 055245.660 INFO             PET1 PIOc_sync Exit - MemInfo: [/proc/self/status]	VmLib:	  122112 kB
20220312 055245.660 INFO             PET1 PIOc_sync Exit - MemInfo: [/proc/self/status]	VmPTE:	     924 kB
20220312 055245.660 INFO             PET1 PIOc_sync Exit - MemInfo: [/proc/self/status]	VmSwap:	       0 kB
20220312 055245.660 INFO             PET1 PIOc_sync Exit - MemInfo: [/proc/self/status]	VmRSSPercent: 0.0763328 %
20220312 055245.660 INFO             PET1 PIOc_sync Exit - MemInfo: [malloc] Non-mmapped space allocated:                25346048 Byte
20220312 055245.660 INFO             PET1 PIOc_sync Exit - MemInfo: [malloc] Space allocated in mmapped regions:         61181952 Byte
20220312 055245.660 INFO             PET1 PIOc_sync Exit - MemInfo: [malloc] Maximum total allocated space:                     0 Byte
20220312 055245.660 INFO             PET1 PIOc_sync Exit - MemInfo: [malloc] Space in freed fastbin blocks:                   144 Byte
20220312 055245.660 INFO             PET1 PIOc_sync Exit - MemInfo: [malloc] Total allocated space:                      23019664 Byte
20220312 055245.660 INFO             PET1 PIOc_sync Exit - MemInfo: [malloc] Total free space:                            2326384 Byte
20220312 055245.660 INFO             PET1 PIOc_sync Exit - MemInfo: [malloc] Top-most, releasable space:                    95872 Byte
20220312 055245.660 INFO             PET1 PIOc_sync Exit - MemInfo: [malloc] Total space in use, mmap + non-mmap:        84201616 Byte
20220312 055245.660 INFO             PET1 PIOc_sync Exit - MemInfo: [malloc] Total space held (mmap + non-mmap):         86528000 Byte
20220312 055245.660 INFO             PET1 PIOc_sync Exit - MemInfo: [malloc] Total space used (mmap + non-mmap):         84210992 Byte
20220312 055245.660 INFO             PET1 PIOc_sync Exit - MemInfo: Wall-clock time since execution start:                1.66993 seconds
20220312 055245.665 INFO             PET1 PIOc_freedecomp Enter - MemInfo: [/proc/meminfo - SSI]	MemTotal:       196434612 kB
20220312 055245.665 INFO             PET1 PIOc_freedecomp Enter - MemInfo: [/proc/meminfo - SSI]	MemFree:        189857960 kB
20220312 055245.665 INFO             PET1 PIOc_freedecomp Enter - MemInfo: [/proc/meminfo - SSI]	MemAvailable:   191504792 kB
20220312 055245.666 INFO             PET1 PIOc_freedecomp Enter - MemInfo: [/proc/meminfo - SSI]	Committed_AS:    1237948 kB
20220312 055245.666 INFO             PET1 PIOc_freedecomp Enter - MemInfo: [/proc/meminfo - SSI]	CommittedPercent: 0.630209 %
20220312 055245.666 INFO             PET1 PIOc_freedecomp Enter - MemInfo: [/proc/self/status]	VmPeak:	 3850024 kB
20220312 055245.666 INFO             PET1 PIOc_freedecomp Enter - MemInfo: [/proc/self/status]	VmSize:	 3827128 kB
20220312 055245.666 INFO             PET1 PIOc_freedecomp Enter - MemInfo: [/proc/self/status]	VmLck:	       0 kB
20220312 055245.666 INFO             PET1 PIOc_freedecomp Enter - MemInfo: [/proc/self/status]	VmPin:	   79996 kB
20220312 055245.666 INFO             PET1 PIOc_freedecomp Enter - MemInfo: [/proc/self/status]	VmHWM:	  149944 kB
20220312 055245.666 INFO             PET1 PIOc_freedecomp Enter - MemInfo: [/proc/self/status]	VmRSS:	  149944 kB
20220312 055245.666 INFO             PET1 PIOc_freedecomp Enter - MemInfo: [/proc/self/status]	VmData:	  250232 kB
20220312 055245.666 INFO             PET1 PIOc_freedecomp Enter - MemInfo: [/proc/self/status]	VmStk:	     520 kB
20220312 055245.666 INFO             PET1 PIOc_freedecomp Enter - MemInfo: [/proc/self/status]	VmExe:	    1844 kB
20220312 055245.666 INFO             PET1 PIOc_freedecomp Enter - MemInfo: [/proc/self/status]	VmLib:	  122112 kB
20220312 055245.666 INFO             PET1 PIOc_freedecomp Enter - MemInfo: [/proc/self/status]	VmPTE:	     924 kB
20220312 055245.666 INFO             PET1 PIOc_freedecomp Enter - MemInfo: [/proc/self/status]	VmSwap:	       0 kB
20220312 055245.666 INFO             PET1 PIOc_freedecomp Enter - MemInfo: [/proc/self/status]	VmRSSPercent: 0.0763328 %
20220312 055245.666 INFO             PET1 PIOc_freedecomp Enter - MemInfo: [malloc] Non-mmapped space allocated:                25346048 Byte
20220312 055245.666 INFO             PET1 PIOc_freedecomp Enter - MemInfo: [malloc] Space allocated in mmapped regions:         61181952 Byte
20220312 055245.666 INFO             PET1 PIOc_freedecomp Enter - MemInfo: [malloc] Maximum total allocated space:                     0 Byte
20220312 055245.666 INFO             PET1 PIOc_freedecomp Enter - MemInfo: [malloc] Space in freed fastbin blocks:                   240 Byte
20220312 055245.666 INFO             PET1 PIOc_freedecomp Enter - MemInfo: [malloc] Total allocated space:                      23017776 Byte
20220312 055245.666 INFO             PET1 PIOc_freedecomp Enter - MemInfo: [malloc] Total free space:                            2328272 Byte
20220312 055245.666 INFO             PET1 PIOc_freedecomp Enter - MemInfo: [malloc] Top-most, releasable space:                    96176 Byte
20220312 055245.666 INFO             PET1 PIOc_freedecomp Enter - MemInfo: [malloc] Total space in use, mmap + non-mmap:        84199728 Byte
20220312 055245.666 INFO             PET1 PIOc_freedecomp Enter - MemInfo: [malloc] Total space held (mmap + non-mmap):         86528000 Byte
20220312 055245.666 INFO             PET1 PIOc_freedecomp Enter - MemInfo: [malloc] Total space used (mmap + non-mmap):         84209104 Byte
20220312 055245.666 INFO             PET1 PIOc_freedecomp Enter - MemInfo: Wall-clock time since execution start:                1.67608 seconds
20220312 055245.666 INFO             PET1 PIOc_freedecomp Exit - MemInfo: [/proc/meminfo - SSI]	MemTotal:       196434612 kB
20220312 055245.666 INFO             PET1 PIOc_freedecomp Exit - MemInfo: [/proc/meminfo - SSI]	MemFree:        189857960 kB
20220312 055245.666 INFO             PET1 PIOc_freedecomp Exit - MemInfo: [/proc/meminfo - SSI]	MemAvailable:   191504792 kB
20220312 055245.666 INFO             PET1 PIOc_freedecomp Exit - MemInfo: [/proc/meminfo - SSI]	Committed_AS:    1237948 kB
20220312 055245.666 INFO             PET1 PIOc_freedecomp Exit - MemInfo: [/proc/meminfo - SSI]	CommittedPercent: 0.630209 %
20220312 055245.666 INFO             PET1 PIOc_freedecomp Exit - MemInfo: [/proc/self/status]	VmPeak:	 3850024 kB
20220312 055245.666 INFO             PET1 PIOc_freedecomp Exit - MemInfo: [/proc/self/status]	VmSize:	 3827128 kB
20220312 055245.666 INFO             PET1 PIOc_freedecomp Exit - MemInfo: [/proc/self/status]	VmLck:	       0 kB
20220312 055245.666 INFO             PET1 PIOc_freedecomp Exit - MemInfo: [/proc/self/status]	VmPin:	   79996 kB
20220312 055245.666 INFO             PET1 PIOc_freedecomp Exit - MemInfo: [/proc/self/status]	VmHWM:	  149944 kB
20220312 055245.666 INFO             PET1 PIOc_freedecomp Exit - MemInfo: [/proc/self/status]	VmRSS:	  149944 kB
20220312 055245.666 INFO             PET1 PIOc_freedecomp Exit - MemInfo: [/proc/self/status]	VmData:	  250232 kB
20220312 055245.666 INFO             PET1 PIOc_freedecomp Exit - MemInfo: [/proc/self/status]	VmStk:	     520 kB
20220312 055245.666 INFO             PET1 PIOc_freedecomp Exit - MemInfo: [/proc/self/status]	VmExe:	    1844 kB
20220312 055245.666 INFO             PET1 PIOc_freedecomp Exit - MemInfo: [/proc/self/status]	VmLib:	  122112 kB
20220312 055245.666 INFO             PET1 PIOc_freedecomp Exit - MemInfo: [/proc/self/status]	VmPTE:	     924 kB
20220312 055245.666 INFO             PET1 PIOc_freedecomp Exit - MemInfo: [/proc/self/status]	VmSwap:	       0 kB
20220312 055245.666 INFO             PET1 PIOc_freedecomp Exit - MemInfo: [/proc/self/status]	VmRSSPercent: 0.0763328 %
20220312 055245.666 INFO             PET1 PIOc_freedecomp Exit - MemInfo: [malloc] Non-mmapped space allocated:                25346048 Byte
20220312 055245.666 INFO             PET1 PIOc_freedecomp Exit - MemInfo: [malloc] Space allocated in mmapped regions:         61181952 Byte
20220312 055245.666 INFO             PET1 PIOc_freedecomp Exit - MemInfo: [malloc] Maximum total allocated space:                     0 Byte
20220312 055245.666 INFO             PET1 PIOc_freedecomp Exit - MemInfo: [malloc] Space in freed fastbin blocks:                   352 Byte
20220312 055245.666 INFO             PET1 PIOc_freedecomp Exit - MemInfo: [malloc] Total allocated space:                      23016400 Byte
20220312 055245.666 INFO             PET1 PIOc_freedecomp Exit - MemInfo: [malloc] Total free space:                            2329648 Byte
20220312 055245.666 INFO             PET1 PIOc_freedecomp Exit - MemInfo: [malloc] Top-most, releasable space:                    96704 Byte
20220312 055245.666 INFO             PET1 PIOc_freedecomp Exit - MemInfo: [malloc] Total space in use, mmap + non-mmap:        84198352 Byte
20220312 055245.666 INFO             PET1 PIOc_freedecomp Exit - MemInfo: [malloc] Total space held (mmap + non-mmap):         86528000 Byte
20220312 055245.666 INFO             PET1 PIOc_freedecomp Exit - MemInfo: [malloc] Total space used (mmap + non-mmap):         84207728 Byte
20220312 055245.666 INFO             PET1 PIOc_freedecomp Exit - MemInfo: Wall-clock time since execution start:                1.67663 seconds
20220312 055245.666 INFO             PET1  PASS  ESMF_OutputWeightFile, ESMF_IOUTest.F90, line 81
20220312 055245.764 INFO             PET1  PASS  call ESMF_OutputWeightFile with empty factor list on four PETs, ESMF_IOUTest.F90, line 191
20220312 055245.764 INFO             PET1  Ending Test, file ESMF_IOUTest.F90, line 201
20220312 055245.764 INFO             PET1 Finalizing ESMF
20220312 055244.428 INFO             PET2 !!!!!!!!!!!!!!!!!!!!!!!!!!!!!!!!!!!!!!!!!!!!!!!!!!!!!!
20220312 055244.428 INFO             PET2 !!! THE ESMF_LOG IS SET TO OUTPUT ALL LOG MESSAGES !!!
20220312 055244.428 INFO             PET2 !!!     THIS MAY CAUSE SLOWDOWN IN PERFORMANCE     !!!
20220312 055244.428 INFO             PET2 !!! FOR PRODUCTION RUNS, USE:                      !!!
20220312 055244.428 INFO             PET2 !!!                   ESMF_LOGKIND_Multi_On_Error  !!!
20220312 055244.428 INFO             PET2 !!!!!!!!!!!!!!!!!!!!!!!!!!!!!!!!!!!!!!!!!!!!!!!!!!!!!!
20220312 055244.428 INFO             PET2 Running with ESMF Version   : v8.3.0b09-96-g559b459
20220312 055244.428 INFO             PET2 ESMF library build date/time: "Mar 12 2022" "03:53:12"
20220312 055244.428 INFO             PET2 ESMF library build location : /work/noaa/da/mpotts/sandbox/intel_2020_intelmpi_O_jedwards_pio_update2
20220312 055244.428 INFO             PET2 ESMF_COMM                   : intelmpi
20220312 055244.442 INFO             PET2 ESMF_MOAB                   : enabled
20220312 055244.442 INFO             PET2 ESMF_LAPACK                 : enabled
20220312 055244.442 INFO             PET2 ESMF_NETCDF                 : enabled
20220312 055244.442 INFO             PET2 ESMF_PNETCDF                : disabled
20220312 055244.442 INFO             PET2 ESMF_PIO                    : enabled
20220312 055244.442 INFO             PET2 ESMF_YAMLCPP                : enabled
20220312 055244.473 INFO             PET2  Beginning Test, file ESMF_IOUTest.F90, line 57
20220312 055244.473 INFO             PET2  NUMBER_OF_PROCESSORS           4
20220312 055244.473 INFO             PET2 Starting Test:  ESMF_OutputWeightFile
20220312 055244.895 INFO             PET2 PIOc_sync Enter - MemInfo: [/proc/meminfo - SSI]	MemTotal:       196434612 kB
20220312 055244.895 INFO             PET2 PIOc_sync Enter - MemInfo: [/proc/meminfo - SSI]	MemFree:        189856256 kB
20220312 055244.895 INFO             PET2 PIOc_sync Enter - MemInfo: [/proc/meminfo - SSI]	MemAvailable:   191503172 kB
20220312 055244.895 INFO             PET2 PIOc_sync Enter - MemInfo: [/proc/meminfo - SSI]	Committed_AS:    1237448 kB
20220312 055244.896 INFO             PET2 PIOc_sync Enter - MemInfo: [/proc/meminfo - SSI]	CommittedPercent: 0.629954 %
20220312 055244.896 INFO             PET2 PIOc_sync Enter - MemInfo: [/proc/self/status]	VmPeak:	 3784128 kB
20220312 055244.896 INFO             PET2 PIOc_sync Enter - MemInfo: [/proc/self/status]	VmSize:	 3784128 kB
20220312 055244.896 INFO             PET2 PIOc_sync Enter - MemInfo: [/proc/self/status]	VmLck:	       0 kB
20220312 055244.896 INFO             PET2 PIOc_sync Enter - MemInfo: [/proc/self/status]	VmPin:	   79996 kB
20220312 055244.896 INFO             PET2 PIOc_sync Enter - MemInfo: [/proc/self/status]	VmHWM:	  144912 kB
20220312 055244.896 INFO             PET2 PIOc_sync Enter - MemInfo: [/proc/self/status]	VmRSS:	  144912 kB
20220312 055244.896 INFO             PET2 PIOc_sync Enter - MemInfo: [/proc/self/status]	VmData:	  207228 kB
20220312 055244.896 INFO             PET2 PIOc_sync Enter - MemInfo: [/proc/self/status]	VmStk:	     524 kB
20220312 055244.896 INFO             PET2 PIOc_sync Enter - MemInfo: [/proc/self/status]	VmExe:	    1844 kB
20220312 055244.896 INFO             PET2 PIOc_sync Enter - MemInfo: [/proc/self/status]	VmLib:	  122112 kB
20220312 055244.896 INFO             PET2 PIOc_sync Enter - MemInfo: [/proc/self/status]	VmPTE:	     900 kB
20220312 055244.896 INFO             PET2 PIOc_sync Enter - MemInfo: [/proc/self/status]	VmSwap:	       0 kB
20220312 055244.896 INFO             PET2 PIOc_sync Enter - MemInfo: [/proc/self/status]	VmRSSPercent: 0.0737711 %
20220312 055244.896 INFO             PET2 PIOc_sync Enter - MemInfo: [malloc] Non-mmapped space allocated:                 2142208 Byte
20220312 055244.896 INFO             PET2 PIOc_sync Enter - MemInfo: [malloc] Space allocated in mmapped regions:         84254720 Byte
20220312 055244.896 INFO             PET2 PIOc_sync Enter - MemInfo: [malloc] Maximum total allocated space:                     0 Byte
20220312 055244.896 INFO             PET2 PIOc_sync Enter - MemInfo: [malloc] Space in freed fastbin blocks:                   672 Byte
20220312 055244.896 INFO             PET2 PIOc_sync Enter - MemInfo: [malloc] Total allocated space:                       2047088 Byte
20220312 055244.896 INFO             PET2 PIOc_sync Enter - MemInfo: [malloc] Total free space:                              95120 Byte
20220312 055244.896 INFO             PET2 PIOc_sync Enter - MemInfo: [malloc] Top-most, releasable space:                    93872 Byte
20220312 055244.896 INFO             PET2 PIOc_sync Enter - MemInfo: [malloc] Total space in use, mmap + non-mmap:        86301808 Byte
20220312 055244.896 INFO             PET2 PIOc_sync Enter - MemInfo: [malloc] Total space held (mmap + non-mmap):         86396928 Byte
20220312 055244.896 INFO             PET2 PIOc_sync Enter - MemInfo: [malloc] Total space used (mmap + non-mmap):         86311200 Byte
20220312 055244.896 INFO             PET2 PIOc_sync Enter - MemInfo: Wall-clock time since execution start:               0.912096 seconds
20220312 055244.909 INFO             PET2 PIOc_sync Exit - MemInfo: [/proc/meminfo - SSI]	MemTotal:       196434612 kB
20220312 055244.909 INFO             PET2 PIOc_sync Exit - MemInfo: [/proc/meminfo - SSI]	MemFree:        189856256 kB
20220312 055244.909 INFO             PET2 PIOc_sync Exit - MemInfo: [/proc/meminfo - SSI]	MemAvailable:   191503172 kB
20220312 055244.909 INFO             PET2 PIOc_sync Exit - MemInfo: [/proc/meminfo - SSI]	Committed_AS:    1237448 kB
20220312 055244.909 INFO             PET2 PIOc_sync Exit - MemInfo: [/proc/meminfo - SSI]	CommittedPercent: 0.629954 %
20220312 055244.909 INFO             PET2 PIOc_sync Exit - MemInfo: [/proc/self/status]	VmPeak:	 3784128 kB
20220312 055244.922 INFO             PET2 PIOc_sync Exit - MemInfo: [/proc/self/status]	VmSize:	 3784128 kB
20220312 055244.922 INFO             PET2 PIOc_sync Exit - MemInfo: [/proc/self/status]	VmLck:	       0 kB
20220312 055244.922 INFO             PET2 PIOc_sync Exit - MemInfo: [/proc/self/status]	VmPin:	   79996 kB
20220312 055244.922 INFO             PET2 PIOc_sync Exit - MemInfo: [/proc/self/status]	VmHWM:	  145052 kB
20220312 055244.922 INFO             PET2 PIOc_sync Exit - MemInfo: [/proc/self/status]	VmRSS:	  145052 kB
20220312 055244.922 INFO             PET2 PIOc_sync Exit - MemInfo: [/proc/self/status]	VmData:	  207228 kB
20220312 055244.922 INFO             PET2 PIOc_sync Exit - MemInfo: [/proc/self/status]	VmStk:	     524 kB
20220312 055244.922 INFO             PET2 PIOc_sync Exit - MemInfo: [/proc/self/status]	VmExe:	    1844 kB
20220312 055244.922 INFO             PET2 PIOc_sync Exit - MemInfo: [/proc/self/status]	VmLib:	  122112 kB
20220312 055244.922 INFO             PET2 PIOc_sync Exit - MemInfo: [/proc/self/status]	VmPTE:	     900 kB
20220312 055244.922 INFO             PET2 PIOc_sync Exit - MemInfo: [/proc/self/status]	VmSwap:	       0 kB
20220312 055244.922 INFO             PET2 PIOc_sync Exit - MemInfo: [/proc/self/status]	VmRSSPercent: 0.0738424 %
20220312 055244.922 INFO             PET2 PIOc_sync Exit - MemInfo: [malloc] Non-mmapped space allocated:                 2142208 Byte
20220312 055244.922 INFO             PET2 PIOc_sync Exit - MemInfo: [malloc] Space allocated in mmapped regions:         84254720 Byte
20220312 055244.922 INFO             PET2 PIOc_sync Exit - MemInfo: [malloc] Maximum total allocated space:                     0 Byte
20220312 055244.922 INFO             PET2 PIOc_sync Exit - MemInfo: [malloc] Space in freed fastbin blocks:                   192 Byte
20220312 055244.922 INFO             PET2 PIOc_sync Exit - MemInfo: [malloc] Total allocated space:                       2046256 Byte
20220312 055244.922 INFO             PET2 PIOc_sync Exit - MemInfo: [malloc] Total free space:                              95952 Byte
20220312 055244.923 INFO             PET2 PIOc_sync Exit - MemInfo: [malloc] Top-most, releasable space:                    95296 Byte
20220312 055244.923 INFO             PET2 PIOc_sync Exit - MemInfo: [malloc] Total space in use, mmap + non-mmap:        86300976 Byte
20220312 055244.923 INFO             PET2 PIOc_sync Exit - MemInfo: [malloc] Total space held (mmap + non-mmap):         86396928 Byte
20220312 055244.923 INFO             PET2 PIOc_sync Exit - MemInfo: [malloc] Total space used (mmap + non-mmap):         86310352 Byte
20220312 055244.923 INFO             PET2 PIOc_sync Exit - MemInfo: Wall-clock time since execution start:                0.93882 seconds
20220312 055244.923 INFO             PET2 PIOc_freedecomp Enter - MemInfo: [/proc/meminfo - SSI]	MemTotal:       196434612 kB
20220312 055244.923 INFO             PET2 PIOc_freedecomp Enter - MemInfo: [/proc/meminfo - SSI]	MemFree:        189863144 kB
20220312 055244.923 INFO             PET2 PIOc_freedecomp Enter - MemInfo: [/proc/meminfo - SSI]	MemAvailable:   191510060 kB
20220312 055244.923 INFO             PET2 PIOc_freedecomp Enter - MemInfo: [/proc/meminfo - SSI]	Committed_AS:    1229720 kB
20220312 055244.923 INFO             PET2 PIOc_freedecomp Enter - MemInfo: [/proc/meminfo - SSI]	CommittedPercent: 0.62602 %
20220312 055244.923 INFO             PET2 PIOc_freedecomp Enter - MemInfo: [/proc/self/status]	VmPeak:	 3784128 kB
20220312 055244.923 INFO             PET2 PIOc_freedecomp Enter - MemInfo: [/proc/self/status]	VmSize:	 3784128 kB
20220312 055244.923 INFO             PET2 PIOc_freedecomp Enter - MemInfo: [/proc/self/status]	VmLck:	       0 kB
