build time -- 2022-03-13 03:22:08
20220313 045032.887 INFO             PET0 !!!!!!!!!!!!!!!!!!!!!!!!!!!!!!!!!!!!!!!!!!!!!!!!!!!!!!
20220313 045032.887 INFO             PET0 !!! THE ESMF_LOG IS SET TO OUTPUT ALL LOG MESSAGES !!!
20220313 045032.887 INFO             PET0 !!!     THIS MAY CAUSE SLOWDOWN IN PERFORMANCE     !!!
20220313 045032.887 INFO             PET0 !!! FOR PRODUCTION RUNS, USE:                      !!!
20220313 045032.887 INFO             PET0 !!!                   ESMF_LOGKIND_Multi_On_Error  !!!
20220313 045032.887 INFO             PET0 !!!!!!!!!!!!!!!!!!!!!!!!!!!!!!!!!!!!!!!!!!!!!!!!!!!!!!
20220313 045032.887 INFO             PET0 Running with ESMF Version   : v8.3.0b09-96-g559b459
20220313 045032.887 INFO             PET0 ESMF library build date/time: "Mar 13 2022" "03:19:47"
20220313 045032.887 INFO             PET0 ESMF library build location : /work/noaa/da/mpotts/sandbox/intel_2020_intelmpi_O_jedwards_pio_update2
20220313 045032.887 INFO             PET0 ESMF_COMM                   : intelmpi
20220313 045032.889 INFO             PET0 ESMF_MOAB                   : enabled
20220313 045032.889 INFO             PET0 ESMF_LAPACK                 : enabled
20220313 045032.889 INFO             PET0 ESMF_NETCDF                 : enabled
20220313 045032.889 INFO             PET0 ESMF_PNETCDF                : disabled
20220313 045032.889 INFO             PET0 ESMF_PIO                    : enabled
20220313 045032.889 INFO             PET0 ESMF_YAMLCPP                : enabled
20220313 045032.925 INFO             PET0  Beginning Test, file ESMF_IOUTest.F90, line 57
20220313 045032.925 INFO             PET0  NUMBER_OF_PROCESSORS           4
20220313 045032.925 INFO             PET0 Starting Test:  ESMF_OutputWeightFile
20220313 045033.379 INFO             PET0 PIOc_sync Enter - MemInfo: [/proc/meminfo - SSI]	MemTotal:       196442796 kB
20220313 045033.379 INFO             PET0 PIOc_sync Enter - MemInfo: [/proc/meminfo - SSI]	MemFree:        187436092 kB
20220313 045033.379 INFO             PET0 PIOc_sync Enter - MemInfo: [/proc/meminfo - SSI]	MemAvailable:   191344708 kB
20220313 045033.379 INFO             PET0 PIOc_sync Enter - MemInfo: [/proc/meminfo - SSI]	Committed_AS:    1308936 kB
20220313 045033.379 INFO             PET0 PIOc_sync Enter - MemInfo: [/proc/meminfo - SSI]	CommittedPercent: 0.666319 %
20220313 045033.379 INFO             PET0 PIOc_sync Enter - MemInfo: [/proc/self/status]	VmPeak:	 3795160 kB
20220313 045033.379 INFO             PET0 PIOc_sync Enter - MemInfo: [/proc/self/status]	VmSize:	 3795160 kB
20220313 045033.379 INFO             PET0 PIOc_sync Enter - MemInfo: [/proc/self/status]	VmLck:	       0 kB
20220313 045033.379 INFO             PET0 PIOc_sync Enter - MemInfo: [/proc/self/status]	VmPin:	   79996 kB
20220313 045033.379 INFO             PET0 PIOc_sync Enter - MemInfo: [/proc/self/status]	VmHWM:	  155456 kB
20220313 045033.379 INFO             PET0 PIOc_sync Enter - MemInfo: [/proc/self/status]	VmRSS:	  155456 kB
20220313 045033.379 INFO             PET0 PIOc_sync Enter - MemInfo: [/proc/self/status]	VmData:	  218260 kB
20220313 045033.379 INFO             PET0 PIOc_sync Enter - MemInfo: [/proc/self/status]	VmStk:	     524 kB
20220313 045033.379 INFO             PET0 PIOc_sync Enter - MemInfo: [/proc/self/status]	VmExe:	    1844 kB
20220313 045033.379 INFO             PET0 PIOc_sync Enter - MemInfo: [/proc/self/status]	VmLib:	  122112 kB
20220313 045033.379 INFO             PET0 PIOc_sync Enter - MemInfo: [/proc/self/status]	VmPTE:	     920 kB
20220313 045033.379 INFO             PET0 PIOc_sync Enter - MemInfo: [/proc/self/status]	VmSwap:	       0 kB
20220313 045033.379 INFO             PET0 PIOc_sync Enter - MemInfo: [/proc/self/status]	VmRSSPercent: 0.0791355 %
20220313 045033.380 INFO             PET0 PIOc_sync Enter - MemInfo: [malloc] Non-mmapped space allocated:                 2420736 Byte
20220313 045033.380 INFO             PET0 PIOc_sync Enter - MemInfo: [malloc] Space allocated in mmapped regions:         93175808 Byte
20220313 045033.380 INFO             PET0 PIOc_sync Enter - MemInfo: [malloc] Maximum total allocated space:                     0 Byte
20220313 045033.380 INFO             PET0 PIOc_sync Enter - MemInfo: [malloc] Space in freed fastbin blocks:                   352 Byte
20220313 045033.380 INFO             PET0 PIOc_sync Enter - MemInfo: [malloc] Total allocated space:                       2331840 Byte
20220313 045033.380 INFO             PET0 PIOc_sync Enter - MemInfo: [malloc] Total free space:                              88896 Byte
20220313 045033.380 INFO             PET0 PIOc_sync Enter - MemInfo: [malloc] Top-most, releasable space:                    87968 Byte
20220313 045033.380 INFO             PET0 PIOc_sync Enter - MemInfo: [malloc] Total space in use, mmap + non-mmap:        95507648 Byte
20220313 045033.380 INFO             PET0 PIOc_sync Enter - MemInfo: [malloc] Total space held (mmap + non-mmap):         95596544 Byte
20220313 045033.380 INFO             PET0 PIOc_sync Enter - MemInfo: [malloc] Total space used (mmap + non-mmap):         95517040 Byte
20220313 045033.380 INFO             PET0 PIOc_sync Enter - MemInfo: Wall-clock time since execution start:               0.926971 seconds
20220313 045033.412 INFO             PET0 PIOc_sync Exit - MemInfo: [/proc/meminfo - SSI]	MemTotal:       196442796 kB
20220313 045033.412 INFO             PET0 PIOc_sync Exit - MemInfo: [/proc/meminfo - SSI]	MemFree:        187436092 kB
20220313 045033.412 INFO             PET0 PIOc_sync Exit - MemInfo: [/proc/meminfo - SSI]	MemAvailable:   191344708 kB
20220313 045033.412 INFO             PET0 PIOc_sync Exit - MemInfo: [/proc/meminfo - SSI]	Committed_AS:    1308936 kB
20220313 045033.412 INFO             PET0 PIOc_sync Exit - MemInfo: [/proc/meminfo - SSI]	CommittedPercent: 0.666319 %
20220313 045033.412 INFO             PET0 PIOc_sync Exit - MemInfo: [/proc/self/status]	VmPeak:	 3795160 kB
20220313 045033.412 INFO             PET0 PIOc_sync Exit - MemInfo: [/proc/self/status]	VmSize:	 3795160 kB
20220313 045033.412 INFO             PET0 PIOc_sync Exit - MemInfo: [/proc/self/status]	VmLck:	       0 kB
20220313 045033.412 INFO             PET0 PIOc_sync Exit - MemInfo: [/proc/self/status]	VmPin:	   79996 kB
20220313 045033.412 INFO             PET0 PIOc_sync Exit - MemInfo: [/proc/self/status]	VmHWM:	  155712 kB
20220313 045033.412 INFO             PET0 PIOc_sync Exit - MemInfo: [/proc/self/status]	VmRSS:	  155712 kB
20220313 045033.412 INFO             PET0 PIOc_sync Exit - MemInfo: [/proc/self/status]	VmData:	  218260 kB
20220313 045033.412 INFO             PET0 PIOc_sync Exit - MemInfo: [/proc/self/status]	VmStk:	     524 kB
20220313 045033.412 INFO             PET0 PIOc_sync Exit - MemInfo: [/proc/self/status]	VmExe:	    1844 kB
20220313 045033.412 INFO             PET0 PIOc_sync Exit - MemInfo: [/proc/self/status]	VmLib:	  122112 kB
20220313 045033.412 INFO             PET0 PIOc_sync Exit - MemInfo: [/proc/self/status]	VmPTE:	     920 kB
20220313 045033.412 INFO             PET0 PIOc_sync Exit - MemInfo: [/proc/self/status]	VmSwap:	       0 kB
20220313 045033.412 INFO             PET0 PIOc_sync Exit - MemInfo: [/proc/self/status]	VmRSSPercent: 0.0792658 %
20220313 045033.412 INFO             PET0 PIOc_sync Exit - MemInfo: [malloc] Non-mmapped space allocated:                 2420736 Byte
20220313 045033.412 INFO             PET0 PIOc_sync Exit - MemInfo: [malloc] Space allocated in mmapped regions:         93175808 Byte
20220313 045033.412 INFO             PET0 PIOc_sync Exit - MemInfo: [malloc] Maximum total allocated space:                     0 Byte
20220313 045033.412 INFO             PET0 PIOc_sync Exit - MemInfo: [malloc] Space in freed fastbin blocks:                   144 Byte
20220313 045033.412 INFO             PET0 PIOc_sync Exit - MemInfo: [malloc] Total allocated space:                       2331056 Byte
20220313 045033.413 INFO             PET0 PIOc_sync Exit - MemInfo: [malloc] Total free space:                              89680 Byte
20220313 045033.413 INFO             PET0 PIOc_sync Exit - MemInfo: [malloc] Top-most, releasable space:                    89504 Byte
20220313 045033.413 INFO             PET0 PIOc_sync Exit - MemInfo: [malloc] Total space in use, mmap + non-mmap:        95506864 Byte
20220313 045033.413 INFO             PET0 PIOc_sync Exit - MemInfo: [malloc] Total space held (mmap + non-mmap):         95596544 Byte
20220313 045033.413 INFO             PET0 PIOc_sync Exit - MemInfo: [malloc] Total space used (mmap + non-mmap):         95516240 Byte
20220313 045033.413 INFO             PET0 PIOc_sync Exit - MemInfo: Wall-clock time since execution start:               0.959809 seconds
20220313 045033.424 INFO             PET0 PIOc_freedecomp Enter - MemInfo: [/proc/meminfo - SSI]	MemTotal:       196442796 kB
20220313 045033.424 INFO             PET0 PIOc_freedecomp Enter - MemInfo: [/proc/meminfo - SSI]	MemFree:        187443104 kB
20220313 045033.424 INFO             PET0 PIOc_freedecomp Enter - MemInfo: [/proc/meminfo - SSI]	MemAvailable:   191351720 kB
20220313 045033.424 INFO             PET0 PIOc_freedecomp Enter - MemInfo: [/proc/meminfo - SSI]	Committed_AS:    1301212 kB
20220313 045033.424 INFO             PET0 PIOc_freedecomp Enter - MemInfo: [/proc/meminfo - SSI]	CommittedPercent: 0.662387 %
20220313 045033.424 INFO             PET0 PIOc_freedecomp Enter - MemInfo: [/proc/self/status]	VmPeak:	 3795160 kB
20220313 045033.424 INFO             PET0 PIOc_freedecomp Enter - MemInfo: [/proc/self/status]	VmSize:	 3786448 kB
20220313 045033.424 INFO             PET0 PIOc_freedecomp Enter - MemInfo: [/proc/self/status]	VmLck:	       0 kB
20220313 045033.424 INFO             PET0 PIOc_freedecomp Enter - MemInfo: [/proc/self/status]	VmPin:	   79996 kB
20220313 045033.425 INFO             PET0 PIOc_freedecomp Enter - MemInfo: [/proc/self/status]	VmHWM:	  155712 kB
20220313 045033.425 INFO             PET0 PIOc_freedecomp Enter - MemInfo: [/proc/self/status]	VmRSS:	  147524 kB
20220313 045033.425 INFO             PET0 PIOc_freedecomp Enter - MemInfo: [/proc/self/status]	VmData:	  209548 kB
20220313 045033.425 INFO             PET0 PIOc_freedecomp Enter - MemInfo: [/proc/self/status]	VmStk:	     524 kB
20220313 045033.425 INFO             PET0 PIOc_freedecomp Enter - MemInfo: [/proc/self/status]	VmExe:	    1844 kB
20220313 045033.425 INFO             PET0 PIOc_freedecomp Enter - MemInfo: [/proc/self/status]	VmLib:	  122112 kB
20220313 045033.425 INFO             PET0 PIOc_freedecomp Enter - MemInfo: [/proc/self/status]	VmPTE:	     904 kB
20220313 045033.425 INFO             PET0 PIOc_freedecomp Enter - MemInfo: [/proc/self/status]	VmSwap:	       0 kB
20220313 045033.425 INFO             PET0 PIOc_freedecomp Enter - MemInfo: [/proc/self/status]	VmRSSPercent: 0.0750977 %
20220313 045033.425 INFO             PET0 PIOc_freedecomp Enter - MemInfo: [malloc] Non-mmapped space allocated:                 2420736 Byte
20220313 045033.425 INFO             PET0 PIOc_freedecomp Enter - MemInfo: [malloc] Space allocated in mmapped regions:         84254720 Byte
20220313 045033.425 INFO             PET0 PIOc_freedecomp Enter - MemInfo: [malloc] Maximum total allocated space:                     0 Byte
20220313 045033.425 INFO             PET0 PIOc_freedecomp Enter - MemInfo: [malloc] Space in freed fastbin blocks:                  1216 Byte
20220313 045033.425 INFO             PET0 PIOc_freedecomp Enter - MemInfo: [malloc] Total allocated space:                       2317952 Byte
20220313 045033.425 INFO             PET0 PIOc_freedecomp Enter - MemInfo: [malloc] Total free space:                             102784 Byte
20220313 045033.425 INFO             PET0 PIOc_freedecomp Enter - MemInfo: [malloc] Top-most, releasable space:                    88560 Byte
20220313 045033.425 INFO             PET0 PIOc_freedecomp Enter - MemInfo: [malloc] Total space in use, mmap + non-mmap:        86572672 Byte
20220313 045033.425 INFO             PET0 PIOc_freedecomp Enter - MemInfo: [malloc] Total space held (mmap + non-mmap):         86675456 Byte
20220313 045033.425 INFO             PET0 PIOc_freedecomp Enter - MemInfo: [malloc] Total space used (mmap + non-mmap):         86582048 Byte
20220313 045033.425 INFO             PET0 PIOc_freedecomp Enter - MemInfo: Wall-clock time since execution start:               0.971892 seconds
20220313 045033.425 INFO             PET0 PIOc_freedecomp Exit - MemInfo: [/proc/meminfo - SSI]	MemTotal:       196442796 kB
20220313 045033.425 INFO             PET0 PIOc_freedecomp Exit - MemInfo: [/proc/meminfo - SSI]	MemFree:        187443104 kB
20220313 045033.425 INFO             PET0 PIOc_freedecomp Exit - MemInfo: [/proc/meminfo - SSI]	MemAvailable:   191351720 kB
20220313 045033.425 INFO             PET0 PIOc_freedecomp Exit - MemInfo: [/proc/meminfo - SSI]	Committed_AS:    1301212 kB
20220313 045033.425 INFO             PET0 PIOc_freedecomp Exit - MemInfo: [/proc/meminfo - SSI]	CommittedPercent: 0.662387 %
20220313 045033.425 INFO             PET0 PIOc_freedecomp Exit - MemInfo: [/proc/self/status]	VmPeak:	 3795160 kB
20220313 045033.425 INFO             PET0 PIOc_freedecomp Exit - MemInfo: [/proc/self/status]	VmSize:	 3786448 kB
20220313 045033.425 INFO             PET0 PIOc_freedecomp Exit - MemInfo: [/proc/self/status]	VmLck:	       0 kB
20220313 045033.425 INFO             PET0 PIOc_freedecomp Exit - MemInfo: [/proc/self/status]	VmPin:	   79996 kB
20220313 045033.425 INFO             PET0 PIOc_freedecomp Exit - MemInfo: [/proc/self/status]	VmHWM:	  155712 kB
20220313 045033.425 INFO             PET0 PIOc_freedecomp Exit - MemInfo: [/proc/self/status]	VmRSS:	  147524 kB
20220313 045033.425 INFO             PET0 PIOc_freedecomp Exit - MemInfo: [/proc/self/status]	VmData:	  209548 kB
20220313 045033.425 INFO             PET0 PIOc_freedecomp Exit - MemInfo: [/proc/self/status]	VmStk:	     524 kB
20220313 045033.425 INFO             PET0 PIOc_freedecomp Exit - MemInfo: [/proc/self/status]	VmExe:	    1844 kB
20220313 045033.425 INFO             PET0 PIOc_freedecomp Exit - MemInfo: [/proc/self/status]	VmLib:	  122112 kB
20220313 045033.425 INFO             PET0 PIOc_freedecomp Exit - MemInfo: [/proc/self/status]	VmPTE:	     904 kB
20220313 045033.425 INFO             PET0 PIOc_freedecomp Exit - MemInfo: [/proc/self/status]	VmSwap:	       0 kB
20220313 045033.425 INFO             PET0 PIOc_freedecomp Exit - MemInfo: [/proc/self/status]	VmRSSPercent: 0.0750977 %
20220313 045033.425 INFO             PET0 PIOc_freedecomp Exit - MemInfo: [malloc] Non-mmapped space allocated:                 2420736 Byte
20220313 045033.425 INFO             PET0 PIOc_freedecomp Exit - MemInfo: [malloc] Space allocated in mmapped regions:         84254720 Byte
20220313 045033.425 INFO             PET0 PIOc_freedecomp Exit - MemInfo: [malloc] Maximum total allocated space:                     0 Byte
20220313 045033.425 INFO             PET0 PIOc_freedecomp Exit - MemInfo: [malloc] Space in freed fastbin blocks:                   352 Byte
20220313 045033.425 INFO             PET0 PIOc_freedecomp Exit - MemInfo: [malloc] Total allocated space:                       2316192 Byte
20220313 045033.425 INFO             PET0 PIOc_freedecomp Exit - MemInfo: [malloc] Total free space:                             104544 Byte
20220313 045033.425 INFO             PET0 PIOc_freedecomp Exit - MemInfo: [malloc] Top-most, releasable space:                   101952 Byte
20220313 045033.425 INFO             PET0 PIOc_freedecomp Exit - MemInfo: [malloc] Total space in use, mmap + non-mmap:        86570912 Byte
20220313 045033.425 INFO             PET0 PIOc_freedecomp Exit - MemInfo: [malloc] Total space held (mmap + non-mmap):         86675456 Byte
20220313 045033.425 INFO             PET0 PIOc_freedecomp Exit - MemInfo: [malloc] Total space used (mmap + non-mmap):         86580304 Byte
20220313 045033.425 INFO             PET0 PIOc_freedecomp Exit - MemInfo: Wall-clock time since execution start:               0.972473 seconds
20220313 045033.765 INFO             PET0 PIOc_sync Enter - MemInfo: [/proc/meminfo - SSI]	MemTotal:       196442796 kB
20220313 045033.765 INFO             PET0 PIOc_sync Enter - MemInfo: [/proc/meminfo - SSI]	MemFree:        187438264 kB
20220313 045033.765 INFO             PET0 PIOc_sync Enter - MemInfo: [/proc/meminfo - SSI]	MemAvailable:   191346980 kB
20220313 045033.765 INFO             PET0 PIOc_sync Enter - MemInfo: [/proc/meminfo - SSI]	Committed_AS:    1309444 kB
20220313 045033.765 INFO             PET0 PIOc_sync Enter - MemInfo: [/proc/meminfo - SSI]	CommittedPercent: 0.666578 %
20220313 045033.765 INFO             PET0 PIOc_sync Enter - MemInfo: [/proc/self/status]	VmPeak:	 3795184 kB
20220313 045033.765 INFO             PET0 PIOc_sync Enter - MemInfo: [/proc/self/status]	VmSize:	 3795184 kB
20220313 045033.765 INFO             PET0 PIOc_sync Enter - MemInfo: [/proc/self/status]	VmLck:	       0 kB
20220313 045033.765 INFO             PET0 PIOc_sync Enter - MemInfo: [/proc/self/status]	VmPin:	   79996 kB
20220313 045033.765 INFO             PET0 PIOc_sync Enter - MemInfo: [/proc/self/status]	VmHWM:	  155712 kB
20220313 045033.765 INFO             PET0 PIOc_sync Enter - MemInfo: [/proc/self/status]	VmRSS:	  153004 kB
20220313 045033.765 INFO             PET0 PIOc_sync Enter - MemInfo: [/proc/self/status]	VmData:	  218284 kB
20220313 045033.765 INFO             PET0 PIOc_sync Enter - MemInfo: [/proc/self/status]	VmStk:	     524 kB
20220313 045033.765 INFO             PET0 PIOc_sync Enter - MemInfo: [/proc/self/status]	VmExe:	    1844 kB
20220313 045033.765 INFO             PET0 PIOc_sync Enter - MemInfo: [/proc/self/status]	VmLib:	  122112 kB
20220313 045033.765 INFO             PET0 PIOc_sync Enter - MemInfo: [/proc/self/status]	VmPTE:	     916 kB
20220313 045033.765 INFO             PET0 PIOc_sync Enter - MemInfo: [/proc/self/status]	VmSwap:	       0 kB
20220313 045033.765 INFO             PET0 PIOc_sync Enter - MemInfo: [/proc/self/status]	VmRSSPercent: 0.0778873 %
20220313 045033.765 INFO             PET0 PIOc_sync Enter - MemInfo: [malloc] Non-mmapped space allocated:                11366400 Byte
20220313 045033.765 INFO             PET0 PIOc_sync Enter - MemInfo: [malloc] Space allocated in mmapped regions:         84254720 Byte
20220313 045033.765 INFO             PET0 PIOc_sync Enter - MemInfo: [malloc] Maximum total allocated space:                     0 Byte
20220313 045033.765 INFO             PET0 PIOc_sync Enter - MemInfo: [malloc] Space in freed fastbin blocks:                   144 Byte
20220313 045033.765 INFO             PET0 PIOc_sync Enter - MemInfo: [malloc] Total allocated space:                      11245120 Byte
20220313 045033.765 INFO             PET0 PIOc_sync Enter - MemInfo: [malloc] Total free space:                             121280 Byte
20220313 045033.765 INFO             PET0 PIOc_sync Enter - MemInfo: [malloc] Top-most, releasable space:                   120448 Byte
20220313 045033.765 INFO             PET0 PIOc_sync Enter - MemInfo: [malloc] Total space in use, mmap + non-mmap:        95499840 Byte
20220313 045033.765 INFO             PET0 PIOc_sync Enter - MemInfo: [malloc] Total space held (mmap + non-mmap):         95621120 Byte
20220313 045033.765 INFO             PET0 PIOc_sync Enter - MemInfo: [malloc] Total space used (mmap + non-mmap):         95509216 Byte
20220313 045033.765 INFO             PET0 PIOc_sync Enter - MemInfo: Wall-clock time since execution start:                 1.3118 seconds
20220313 045033.801 INFO             PET0 PIOc_sync Exit - MemInfo: [/proc/meminfo - SSI]	MemTotal:       196442796 kB
20220313 045033.801 INFO             PET0 PIOc_sync Exit - MemInfo: [/proc/meminfo - SSI]	MemFree:        187438264 kB
20220313 045033.801 INFO             PET0 PIOc_sync Exit - MemInfo: [/proc/meminfo - SSI]	MemAvailable:   191346980 kB
20220313 045033.801 INFO             PET0 PIOc_sync Exit - MemInfo: [/proc/meminfo - SSI]	Committed_AS:    1309444 kB
20220313 045033.801 INFO             PET0 PIOc_sync Exit - MemInfo: [/proc/meminfo - SSI]	CommittedPercent: 0.666578 %
20220313 045033.801 INFO             PET0 PIOc_sync Exit - MemInfo: [/proc/self/status]	VmPeak:	 3795184 kB
20220313 045033.801 INFO             PET0 PIOc_sync Exit - MemInfo: [/proc/self/status]	VmSize:	 3795184 kB
20220313 045033.801 INFO             PET0 PIOc_sync Exit - MemInfo: [/proc/self/status]	VmLck:	       0 kB
20220313 045033.801 INFO             PET0 PIOc_sync Exit - MemInfo: [/proc/self/status]	VmPin:	   79996 kB
20220313 045033.801 INFO             PET0 PIOc_sync Exit - MemInfo: [/proc/self/status]	VmHWM:	  155712 kB
20220313 045033.801 INFO             PET0 PIOc_sync Exit - MemInfo: [/proc/self/status]	VmRSS:	  153048 kB
20220313 045033.801 INFO             PET0 PIOc_sync Exit - MemInfo: [/proc/self/status]	VmData:	  218284 kB
20220313 045033.801 INFO             PET0 PIOc_sync Exit - MemInfo: [/proc/self/status]	VmStk:	     524 kB
20220313 045033.801 INFO             PET0 PIOc_sync Exit - MemInfo: [/proc/self/status]	VmExe:	    1844 kB
20220313 045033.801 INFO             PET0 PIOc_sync Exit - MemInfo: [/proc/self/status]	VmLib:	  122112 kB
20220313 045033.801 INFO             PET0 PIOc_sync Exit - MemInfo: [/proc/self/status]	VmPTE:	     916 kB
20220313 045033.801 INFO             PET0 PIOc_sync Exit - MemInfo: [/proc/self/status]	VmSwap:	       0 kB
20220313 045033.801 INFO             PET0 PIOc_sync Exit - MemInfo: [/proc/self/status]	VmRSSPercent: 0.0779097 %
20220313 045033.801 INFO             PET0 PIOc_sync Exit - MemInfo: [malloc] Non-mmapped space allocated:                11366400 Byte
20220313 045033.801 INFO             PET0 PIOc_sync Exit - MemInfo: [malloc] Space allocated in mmapped regions:         84254720 Byte
20220313 045033.801 INFO             PET0 PIOc_sync Exit - MemInfo: [malloc] Maximum total allocated space:                     0 Byte
20220313 045033.801 INFO             PET0 PIOc_sync Exit - MemInfo: [malloc] Space in freed fastbin blocks:                   144 Byte
20220313 045033.801 INFO             PET0 PIOc_sync Exit - MemInfo: [malloc] Total allocated space:                      11244368 Byte
20220313 045033.801 INFO             PET0 PIOc_sync Exit - MemInfo: [malloc] Total free space:                             122032 Byte
20220313 045033.801 INFO             PET0 PIOc_sync Exit - MemInfo: [malloc] Top-most, releasable space:                   120976 Byte
20220313 045033.801 INFO             PET0 PIOc_sync Exit - MemInfo: [malloc] Total space in use, mmap + non-mmap:        95499088 Byte
20220313 045033.801 INFO             PET0 PIOc_sync Exit - MemInfo: [malloc] Total space held (mmap + non-mmap):         95621120 Byte
20220313 045033.801 INFO             PET0 PIOc_sync Exit - MemInfo: [malloc] Total space used (mmap + non-mmap):         95508464 Byte
20220313 045033.801 INFO             PET0 PIOc_sync Exit - MemInfo: Wall-clock time since execution start:                1.34779 seconds
20220313 045033.802 INFO             PET0 PIOc_freedecomp Enter - MemInfo: [/proc/meminfo - SSI]	MemTotal:       196442796 kB
20220313 045033.802 INFO             PET0 PIOc_freedecomp Enter - MemInfo: [/proc/meminfo - SSI]	MemFree:        187438264 kB
20220313 045033.802 INFO             PET0 PIOc_freedecomp Enter - MemInfo: [/proc/meminfo - SSI]	MemAvailable:   191346980 kB
20220313 045033.802 INFO             PET0 PIOc_freedecomp Enter - MemInfo: [/proc/meminfo - SSI]	Committed_AS:    1309444 kB
20220313 045033.802 INFO             PET0 PIOc_freedecomp Enter - MemInfo: [/proc/meminfo - SSI]	CommittedPercent: 0.666578 %
20220313 045033.802 INFO             PET0 PIOc_freedecomp Enter - MemInfo: [/proc/self/status]	VmPeak:	 3795184 kB
20220313 045033.802 INFO             PET0 PIOc_freedecomp Enter - MemInfo: [/proc/self/status]	VmSize:	 3795184 kB
20220313 045033.802 INFO             PET0 PIOc_freedecomp Enter - MemInfo: [/proc/self/status]	VmLck:	       0 kB
20220313 045033.802 INFO             PET0 PIOc_freedecomp Enter - MemInfo: [/proc/self/status]	VmPin:	   79996 kB
20220313 045033.802 INFO             PET0 PIOc_freedecomp Enter - MemInfo: [/proc/self/status]	VmHWM:	  155712 kB
20220313 045033.802 INFO             PET0 PIOc_freedecomp Enter - MemInfo: [/proc/self/status]	VmRSS:	  153048 kB
20220313 045033.802 INFO             PET0 PIOc_freedecomp Enter - MemInfo: [/proc/self/status]	VmData:	  218284 kB
20220313 045033.802 INFO             PET0 PIOc_freedecomp Enter - MemInfo: [/proc/self/status]	VmStk:	     524 kB
20220313 045033.802 INFO             PET0 PIOc_freedecomp Enter - MemInfo: [/proc/self/status]	VmExe:	    1844 kB
20220313 045033.802 INFO             PET0 PIOc_freedecomp Enter - MemInfo: [/proc/self/status]	VmLib:	  122112 kB
20220313 045033.802 INFO             PET0 PIOc_freedecomp Enter - MemInfo: [/proc/self/status]	VmPTE:	     916 kB
20220313 045033.802 INFO             PET0 PIOc_freedecomp Enter - MemInfo: [/proc/self/status]	VmSwap:	       0 kB
20220313 045033.802 INFO             PET0 PIOc_freedecomp Enter - MemInfo: [/proc/self/status]	VmRSSPercent: 0.0779097 %
20220313 045033.802 INFO             PET0 PIOc_freedecomp Enter - MemInfo: [malloc] Non-mmapped space allocated:                11366400 Byte
20220313 045033.802 INFO             PET0 PIOc_freedecomp Enter - MemInfo: [malloc] Space allocated in mmapped regions:         84254720 Byte
20220313 045033.802 INFO             PET0 PIOc_freedecomp Enter - MemInfo: [malloc] Maximum total allocated space:                     0 Byte
20220313 045033.802 INFO             PET0 PIOc_freedecomp Enter - MemInfo: [malloc] Space in freed fastbin blocks:                   368 Byte
20220313 045033.802 INFO             PET0 PIOc_freedecomp Enter - MemInfo: [malloc] Total allocated space:                       2317936 Byte
20220313 045033.802 INFO             PET0 PIOc_freedecomp Enter - MemInfo: [malloc] Total free space:                            9048464 Byte
20220313 045033.802 INFO             PET0 PIOc_freedecomp Enter - MemInfo: [malloc] Top-most, releasable space:                   121888 Byte
20220313 045033.802 INFO             PET0 PIOc_freedecomp Enter - MemInfo: [malloc] Total space in use, mmap + non-mmap:        86572656 Byte
20220313 045033.802 INFO             PET0 PIOc_freedecomp Enter - MemInfo: [malloc] Total space held (mmap + non-mmap):         95621120 Byte
20220313 045033.802 INFO             PET0 PIOc_freedecomp Enter - MemInfo: [malloc] Total space used (mmap + non-mmap):         86582032 Byte
20220313 045033.802 INFO             PET0 PIOc_freedecomp Enter - MemInfo: Wall-clock time since execution start:                1.34861 seconds
20220313 045033.803 INFO             PET0 PIOc_freedecomp Exit - MemInfo: [/proc/meminfo - SSI]	MemTotal:       196442796 kB
20220313 045033.803 INFO             PET0 PIOc_freedecomp Exit - MemInfo: [/proc/meminfo - SSI]	MemFree:        187438264 kB
20220313 045033.803 INFO             PET0 PIOc_freedecomp Exit - MemInfo: [/proc/meminfo - SSI]	MemAvailable:   191346980 kB
20220313 045033.803 INFO             PET0 PIOc_freedecomp Exit - MemInfo: [/proc/meminfo - SSI]	Committed_AS:    1309444 kB
20220313 045033.803 INFO             PET0 PIOc_freedecomp Exit - MemInfo: [/proc/meminfo - SSI]	CommittedPercent: 0.666578 %
20220313 045033.803 INFO             PET0 PIOc_freedecomp Exit - MemInfo: [/proc/self/status]	VmPeak:	 3795184 kB
20220313 045033.803 INFO             PET0 PIOc_freedecomp Exit - MemInfo: [/proc/self/status]	VmSize:	 3795184 kB
20220313 045033.803 INFO             PET0 PIOc_freedecomp Exit - MemInfo: [/proc/self/status]	VmLck:	       0 kB
20220313 045033.803 INFO             PET0 PIOc_freedecomp Exit - MemInfo: [/proc/self/status]	VmPin:	   79996 kB
20220313 045033.803 INFO             PET0 PIOc_freedecomp Exit - MemInfo: [/proc/self/status]	VmHWM:	  155712 kB
20220313 045033.803 INFO             PET0 PIOc_freedecomp Exit - MemInfo: [/proc/self/status]	VmRSS:	  153048 kB
20220313 045033.803 INFO             PET0 PIOc_freedecomp Exit - MemInfo: [/proc/self/status]	VmData:	  218284 kB
20220313 045033.803 INFO             PET0 PIOc_freedecomp Exit - MemInfo: [/proc/self/status]	VmStk:	     524 kB
20220313 045033.803 INFO             PET0 PIOc_freedecomp Exit - MemInfo: [/proc/self/status]	VmExe:	    1844 kB
20220313 045033.803 INFO             PET0 PIOc_freedecomp Exit - MemInfo: [/proc/self/status]	VmLib:	  122112 kB
20220313 045033.803 INFO             PET0 PIOc_freedecomp Exit - MemInfo: [/proc/self/status]	VmPTE:	     916 kB
20220313 045033.803 INFO             PET0 PIOc_freedecomp Exit - MemInfo: [/proc/self/status]	VmSwap:	       0 kB
20220313 045033.803 INFO             PET0 PIOc_freedecomp Exit - MemInfo: [/proc/self/status]	VmRSSPercent: 0.0779097 %
20220313 045033.803 INFO             PET0 PIOc_freedecomp Exit - MemInfo: [malloc] Non-mmapped space allocated:                11366400 Byte
20220313 045033.803 INFO             PET0 PIOc_freedecomp Exit - MemInfo: [malloc] Space allocated in mmapped regions:         84254720 Byte
20220313 045033.803 INFO             PET0 PIOc_freedecomp Exit - MemInfo: [malloc] Maximum total allocated space:                     0 Byte
20220313 045033.803 INFO             PET0 PIOc_freedecomp Exit - MemInfo: [malloc] Space in freed fastbin blocks:                   352 Byte
20220313 045033.803 INFO             PET0 PIOc_freedecomp Exit - MemInfo: [malloc] Total allocated space:                       2316192 Byte
20220313 045033.803 INFO             PET0 PIOc_freedecomp Exit - MemInfo: [malloc] Total free space:                            9050208 Byte
20220313 045033.803 INFO             PET0 PIOc_freedecomp Exit - MemInfo: [malloc] Top-most, releasable space:                   122416 Byte
20220313 045033.803 INFO             PET0 PIOc_freedecomp Exit - MemInfo: [malloc] Total space in use, mmap + non-mmap:        86570912 Byte
20220313 045033.803 INFO             PET0 PIOc_freedecomp Exit - MemInfo: [malloc] Total space held (mmap + non-mmap):         95621120 Byte
20220313 045033.803 INFO             PET0 PIOc_freedecomp Exit - MemInfo: [malloc] Total space used (mmap + non-mmap):         86580304 Byte
20220313 045033.803 INFO             PET0 PIOc_freedecomp Exit - MemInfo: Wall-clock time since execution start:                 1.3492 seconds
20220313 045034.114 INFO             PET0 PIOc_sync Enter - MemInfo: [/proc/meminfo - SSI]	MemTotal:       196442796 kB
20220313 045034.114 INFO             PET0 PIOc_sync Enter - MemInfo: [/proc/meminfo - SSI]	MemFree:        187437876 kB
20220313 045034.114 INFO             PET0 PIOc_sync Enter - MemInfo: [/proc/meminfo - SSI]	MemAvailable:   191347052 kB
20220313 045034.114 INFO             PET0 PIOc_sync Enter - MemInfo: [/proc/meminfo - SSI]	Committed_AS:    1309444 kB
20220313 045034.114 INFO             PET0 PIOc_sync Enter - MemInfo: [/proc/meminfo - SSI]	CommittedPercent: 0.666578 %
20220313 045034.114 INFO             PET0 PIOc_sync Enter - MemInfo: [/proc/self/status]	VmPeak:	 3795188 kB
20220313 045034.114 INFO             PET0 PIOc_sync Enter - MemInfo: [/proc/self/status]	VmSize:	 3795184 kB
20220313 045034.114 INFO             PET0 PIOc_sync Enter - MemInfo: [/proc/self/status]	VmLck:	       0 kB
20220313 045034.114 INFO             PET0 PIOc_sync Enter - MemInfo: [/proc/self/status]	VmPin:	   79996 kB
20220313 045034.114 INFO             PET0 PIOc_sync Enter - MemInfo: [/proc/self/status]	VmHWM:	  155712 kB
20220313 045034.114 INFO             PET0 PIOc_sync Enter - MemInfo: [/proc/self/status]	VmRSS:	  153500 kB
20220313 045034.114 INFO             PET0 PIOc_sync Enter - MemInfo: [/proc/self/status]	VmData:	  218284 kB
20220313 045034.114 INFO             PET0 PIOc_sync Enter - MemInfo: [/proc/self/status]	VmStk:	     524 kB
20220313 045034.114 INFO             PET0 PIOc_sync Enter - MemInfo: [/proc/self/status]	VmExe:	    1844 kB
20220313 045034.114 INFO             PET0 PIOc_sync Enter - MemInfo: [/proc/self/status]	VmLib:	  122112 kB
20220313 045034.114 INFO             PET0 PIOc_sync Enter - MemInfo: [/proc/self/status]	VmPTE:	     916 kB
20220313 045034.114 INFO             PET0 PIOc_sync Enter - MemInfo: [/proc/self/status]	VmSwap:	       0 kB
20220313 045034.114 INFO             PET0 PIOc_sync Enter - MemInfo: [/proc/self/status]	VmRSSPercent: 0.0781398 %
20220313 045034.114 INFO             PET0 PIOc_sync Enter - MemInfo: [malloc] Non-mmapped space allocated:                11366400 Byte
20220313 045034.114 INFO             PET0 PIOc_sync Enter - MemInfo: [malloc] Space allocated in mmapped regions:         84254720 Byte
20220313 045034.114 INFO             PET0 PIOc_sync Enter - MemInfo: [malloc] Maximum total allocated space:                     0 Byte
20220313 045034.114 INFO             PET0 PIOc_sync Enter - MemInfo: [malloc] Space in freed fastbin blocks:                   144 Byte
20220313 045034.114 INFO             PET0 PIOc_sync Enter - MemInfo: [malloc] Total allocated space:                      11245536 Byte
20220313 045034.114 INFO             PET0 PIOc_sync Enter - MemInfo: [malloc] Total free space:                             120864 Byte
20220313 045034.114 INFO             PET0 PIOc_sync Enter - MemInfo: [malloc] Top-most, releasable space:                   119856 Byte
20220313 045034.114 INFO             PET0 PIOc_sync Enter - MemInfo: [malloc] Total space in use, mmap + non-mmap:        95500256 Byte
20220313 045034.114 INFO             PET0 PIOc_sync Enter - MemInfo: [malloc] Total space held (mmap + non-mmap):         95621120 Byte
20220313 045034.114 INFO             PET0 PIOc_sync Enter - MemInfo: [malloc] Total space used (mmap + non-mmap):         95509632 Byte
20220313 045034.114 INFO             PET0 PIOc_sync Enter - MemInfo: Wall-clock time since execution start:                1.66005 seconds
20220313 045034.140 INFO             PET0 PIOc_sync Exit - MemInfo: [/proc/meminfo - SSI]	MemTotal:       196442796 kB
20220313 045034.140 INFO             PET0 PIOc_sync Exit - MemInfo: [/proc/meminfo - SSI]	MemFree:        187437876 kB
20220313 045034.140 INFO             PET0 PIOc_sync Exit - MemInfo: [/proc/meminfo - SSI]	MemAvailable:   191347052 kB
20220313 045034.140 INFO             PET0 PIOc_sync Exit - MemInfo: [/proc/meminfo - SSI]	Committed_AS:    1309444 kB
20220313 045034.140 INFO             PET0 PIOc_sync Exit - MemInfo: [/proc/meminfo - SSI]	CommittedPercent: 0.666578 %
20220313 045034.140 INFO             PET0 PIOc_sync Exit - MemInfo: [/proc/self/status]	VmPeak:	 3795188 kB
20220313 045034.140 INFO             PET0 PIOc_sync Exit - MemInfo: [/proc/self/status]	VmSize:	 3795184 kB
20220313 045034.140 INFO             PET0 PIOc_sync Exit - MemInfo: [/proc/self/status]	VmLck:	       0 kB
20220313 045034.140 INFO             PET0 PIOc_sync Exit - MemInfo: [/proc/self/status]	VmPin:	   79996 kB
20220313 045034.140 INFO             PET0 PIOc_sync Exit - MemInfo: [/proc/self/status]	VmHWM:	  155712 kB
20220313 045034.140 INFO             PET0 PIOc_sync Exit - MemInfo: [/proc/self/status]	VmRSS:	  153536 kB
20220313 045034.140 INFO             PET0 PIOc_sync Exit - MemInfo: [/proc/self/status]	VmData:	  218284 kB
20220313 045034.140 INFO             PET0 PIOc_sync Exit - MemInfo: [/proc/self/status]	VmStk:	     524 kB
20220313 045034.140 INFO             PET0 PIOc_sync Exit - MemInfo: [/proc/self/status]	VmExe:	    1844 kB
20220313 045034.140 INFO             PET0 PIOc_sync Exit - MemInfo: [/proc/self/status]	VmLib:	  122112 kB
20220313 045034.140 INFO             PET0 PIOc_sync Exit - MemInfo: [/proc/self/status]	VmPTE:	     916 kB
20220313 045034.140 INFO             PET0 PIOc_sync Exit - MemInfo: [/proc/self/status]	VmSwap:	       0 kB
20220313 045034.140 INFO             PET0 PIOc_sync Exit - MemInfo: [/proc/self/status]	VmRSSPercent: 0.0781581 %
20220313 045034.140 INFO             PET0 PIOc_sync Exit - MemInfo: [malloc] Non-mmapped space allocated:                11366400 Byte
20220313 045034.140 INFO             PET0 PIOc_sync Exit - MemInfo: [malloc] Space allocated in mmapped regions:         84254720 Byte
20220313 045034.140 INFO             PET0 PIOc_sync Exit - MemInfo: [malloc] Maximum total allocated space:                     0 Byte
20220313 045034.140 INFO             PET0 PIOc_sync Exit - MemInfo: [malloc] Space in freed fastbin blocks:                   144 Byte
20220313 045034.140 INFO             PET0 PIOc_sync Exit - MemInfo: [malloc] Total allocated space:                      11244784 Byte
20220313 045034.140 INFO             PET0 PIOc_sync Exit - MemInfo: [malloc] Total free space:                             121616 Byte
20220313 045034.140 INFO             PET0 PIOc_sync Exit - MemInfo: [malloc] Top-most, releasable space:                   120384 Byte
20220313 045034.140 INFO             PET0 PIOc_sync Exit - MemInfo: [malloc] Total space in use, mmap + non-mmap:        95499504 Byte
20220313 045034.141 INFO             PET0 PIOc_sync Exit - MemInfo: [malloc] Total space held (mmap + non-mmap):         95621120 Byte
20220313 045034.141 INFO             PET0 PIOc_sync Exit - MemInfo: [malloc] Total space used (mmap + non-mmap):         95508880 Byte
20220313 045034.141 INFO             PET0 PIOc_sync Exit - MemInfo: Wall-clock time since execution start:                1.68605 seconds
20220313 045034.152 INFO             PET0 PIOc_freedecomp Enter - MemInfo: [/proc/meminfo - SSI]	MemTotal:       196442796 kB
20220313 045034.152 INFO             PET0 PIOc_freedecomp Enter - MemInfo: [/proc/meminfo - SSI]	MemFree:        187437876 kB
20220313 045034.152 INFO             PET0 PIOc_freedecomp Enter - MemInfo: [/proc/meminfo - SSI]	MemAvailable:   191347052 kB
20220313 045034.152 INFO             PET0 PIOc_freedecomp Enter - MemInfo: [/proc/meminfo - SSI]	Committed_AS:    1309444 kB
20220313 045034.152 INFO             PET0 PIOc_freedecomp Enter - MemInfo: [/proc/meminfo - SSI]	CommittedPercent: 0.666578 %
20220313 045034.152 INFO             PET0 PIOc_freedecomp Enter - MemInfo: [/proc/self/status]	VmPeak:	 3795188 kB
20220313 045034.152 INFO             PET0 PIOc_freedecomp Enter - MemInfo: [/proc/self/status]	VmSize:	 3795184 kB
20220313 045034.152 INFO             PET0 PIOc_freedecomp Enter - MemInfo: [/proc/self/status]	VmLck:	       0 kB
20220313 045034.152 INFO             PET0 PIOc_freedecomp Enter - MemInfo: [/proc/self/status]	VmPin:	   79996 kB
20220313 045034.152 INFO             PET0 PIOc_freedecomp Enter - MemInfo: [/proc/self/status]	VmHWM:	  155712 kB
20220313 045034.152 INFO             PET0 PIOc_freedecomp Enter - MemInfo: [/proc/self/status]	VmRSS:	  153536 kB
20220313 045034.152 INFO             PET0 PIOc_freedecomp Enter - MemInfo: [/proc/self/status]	VmData:	  218284 kB
20220313 045034.152 INFO             PET0 PIOc_freedecomp Enter - MemInfo: [/proc/self/status]	VmStk:	     524 kB
20220313 045034.152 INFO             PET0 PIOc_freedecomp Enter - MemInfo: [/proc/self/status]	VmExe:	    1844 kB
20220313 045034.152 INFO             PET0 PIOc_freedecomp Enter - MemInfo: [/proc/self/status]	VmLib:	  122112 kB
20220313 045034.152 INFO             PET0 PIOc_freedecomp Enter - MemInfo: [/proc/self/status]	VmPTE:	     916 kB
20220313 045034.152 INFO             PET0 PIOc_freedecomp Enter - MemInfo: [/proc/self/status]	VmSwap:	       0 kB
20220313 045034.152 INFO             PET0 PIOc_freedecomp Enter - MemInfo: [/proc/self/status]	VmRSSPercent: 0.0781581 %
20220313 045034.152 INFO             PET0 PIOc_freedecomp Enter - MemInfo: [malloc] Non-mmapped space allocated:                11366400 Byte
20220313 045034.152 INFO             PET0 PIOc_freedecomp Enter - MemInfo: [malloc] Space allocated in mmapped regions:         84254720 Byte
20220313 045034.152 INFO             PET0 PIOc_freedecomp Enter - MemInfo: [malloc] Maximum total allocated space:                     0 Byte
20220313 045034.152 INFO             PET0 PIOc_freedecomp Enter - MemInfo: [malloc] Space in freed fastbin blocks:                   368 Byte
20220313 045034.152 INFO             PET0 PIOc_freedecomp Enter - MemInfo: [malloc] Total allocated space:                       2317936 Byte
20220313 045034.152 INFO             PET0 PIOc_freedecomp Enter - MemInfo: [malloc] Total free space:                            9048464 Byte
20220313 045034.152 INFO             PET0 PIOc_freedecomp Enter - MemInfo: [malloc] Top-most, releasable space:                   120784 Byte
20220313 045034.152 INFO             PET0 PIOc_freedecomp Enter - MemInfo: [malloc] Total space in use, mmap + non-mmap:        86572656 Byte
20220313 045034.152 INFO             PET0 PIOc_freedecomp Enter - MemInfo: [malloc] Total space held (mmap + non-mmap):         95621120 Byte
20220313 045034.152 INFO             PET0 PIOc_freedecomp Enter - MemInfo: [malloc] Total space used (mmap + non-mmap):         86582032 Byte
20220313 045034.153 INFO             PET0 PIOc_freedecomp Enter - MemInfo: Wall-clock time since execution start:                1.69799 seconds
20220313 045034.153 INFO             PET0 PIOc_freedecomp Exit - MemInfo: [/proc/meminfo - SSI]	MemTotal:       196442796 kB
20220313 045034.153 INFO             PET0 PIOc_freedecomp Exit - MemInfo: [/proc/meminfo - SSI]	MemFree:        187437876 kB
20220313 045034.153 INFO             PET0 PIOc_freedecomp Exit - MemInfo: [/proc/meminfo - SSI]	MemAvailable:   191347052 kB
20220313 045034.153 INFO             PET0 PIOc_freedecomp Exit - MemInfo: [/proc/meminfo - SSI]	Committed_AS:    1309444 kB
20220313 045034.153 INFO             PET0 PIOc_freedecomp Exit - MemInfo: [/proc/meminfo - SSI]	CommittedPercent: 0.666578 %
20220313 045034.153 INFO             PET0 PIOc_freedecomp Exit - MemInfo: [/proc/self/status]	VmPeak:	 3795188 kB
20220313 045034.153 INFO             PET0 PIOc_freedecomp Exit - MemInfo: [/proc/self/status]	VmSize:	 3795184 kB
20220313 045034.153 INFO             PET0 PIOc_freedecomp Exit - MemInfo: [/proc/self/status]	VmLck:	       0 kB
20220313 045034.153 INFO             PET0 PIOc_freedecomp Exit - MemInfo: [/proc/self/status]	VmPin:	   79996 kB
20220313 045034.153 INFO             PET0 PIOc_freedecomp Exit - MemInfo: [/proc/self/status]	VmHWM:	  155712 kB
20220313 045034.153 INFO             PET0 PIOc_freedecomp Exit - MemInfo: [/proc/self/status]	VmRSS:	  153536 kB
20220313 045034.153 INFO             PET0 PIOc_freedecomp Exit - MemInfo: [/proc/self/status]	VmData:	  218284 kB
20220313 045034.153 INFO             PET0 PIOc_freedecomp Exit - MemInfo: [/proc/self/status]	VmStk:	     524 kB
20220313 045034.153 INFO             PET0 PIOc_freedecomp Exit - MemInfo: [/proc/self/status]	VmExe:	    1844 kB
20220313 045034.153 INFO             PET0 PIOc_freedecomp Exit - MemInfo: [/proc/self/status]	VmLib:	  122112 kB
20220313 045034.153 INFO             PET0 PIOc_freedecomp Exit - MemInfo: [/proc/self/status]	VmPTE:	     916 kB
20220313 045034.153 INFO             PET0 PIOc_freedecomp Exit - MemInfo: [/proc/self/status]	VmSwap:	       0 kB
20220313 045034.153 INFO             PET0 PIOc_freedecomp Exit - MemInfo: [/proc/self/status]	VmRSSPercent: 0.0781581 %
20220313 045034.153 INFO             PET0 PIOc_freedecomp Exit - MemInfo: [malloc] Non-mmapped space allocated:                11366400 Byte
20220313 045034.153 INFO             PET0 PIOc_freedecomp Exit - MemInfo: [malloc] Space allocated in mmapped regions:         84254720 Byte
20220313 045034.153 INFO             PET0 PIOc_freedecomp Exit - MemInfo: [malloc] Maximum total allocated space:                     0 Byte
20220313 045034.153 INFO             PET0 PIOc_freedecomp Exit - MemInfo: [malloc] Space in freed fastbin blocks:                   944 Byte
20220313 045034.153 INFO             PET0 PIOc_freedecomp Exit - MemInfo: [malloc] Total allocated space:                       2316192 Byte
20220313 045034.153 INFO             PET0 PIOc_freedecomp Exit - MemInfo: [malloc] Total free space:                            9050208 Byte
20220313 045034.153 INFO             PET0 PIOc_freedecomp Exit - MemInfo: [malloc] Top-most, releasable space:                   120784 Byte
20220313 045034.153 INFO             PET0 PIOc_freedecomp Exit - MemInfo: [malloc] Total space in use, mmap + non-mmap:        86570912 Byte
20220313 045034.153 INFO             PET0 PIOc_freedecomp Exit - MemInfo: [malloc] Total space held (mmap + non-mmap):         95621120 Byte
20220313 045034.153 INFO             PET0 PIOc_freedecomp Exit - MemInfo: [malloc] Total space used (mmap + non-mmap):         86580288 Byte
20220313 045034.153 INFO             PET0 PIOc_freedecomp Exit - MemInfo: Wall-clock time since execution start:                1.69856 seconds
20220313 045034.153 INFO             PET0  PASS  ESMF_OutputWeightFile, ESMF_IOUTest.F90, line 81
20220313 045034.256 INFO             PET0  PASS  call ESMF_OutputWeightFile with empty factor list on four PETs, ESMF_IOUTest.F90, line 191
20220313 045034.256 INFO             PET0  Ending Test, file ESMF_IOUTest.F90, line 201
20220313 045034.256 INFO             PET0 Finalizing ESMF
20220313 045032.887 INFO             PET1 !!!!!!!!!!!!!!!!!!!!!!!!!!!!!!!!!!!!!!!!!!!!!!!!!!!!!!
20220313 045032.887 INFO             PET1 !!! THE ESMF_LOG IS SET TO OUTPUT ALL LOG MESSAGES !!!
20220313 045032.887 INFO             PET1 !!!     THIS MAY CAUSE SLOWDOWN IN PERFORMANCE     !!!
20220313 045032.887 INFO             PET1 !!! FOR PRODUCTION RUNS, USE:                      !!!
20220313 045032.887 INFO             PET1 !!!                   ESMF_LOGKIND_Multi_On_Error  !!!
20220313 045032.887 INFO             PET1 !!!!!!!!!!!!!!!!!!!!!!!!!!!!!!!!!!!!!!!!!!!!!!!!!!!!!!
20220313 045032.887 INFO             PET1 Running with ESMF Version   : v8.3.0b09-96-g559b459
20220313 045032.887 INFO             PET1 ESMF library build date/time: "Mar 13 2022" "03:19:47"
20220313 045032.887 INFO             PET1 ESMF library build location : /work/noaa/da/mpotts/sandbox/intel_2020_intelmpi_O_jedwards_pio_update2
20220313 045032.887 INFO             PET1 ESMF_COMM                   : intelmpi
20220313 045032.888 INFO             PET1 ESMF_MOAB                   : enabled
20220313 045032.888 INFO             PET1 ESMF_LAPACK                 : enabled
20220313 045032.888 INFO             PET1 ESMF_NETCDF                 : enabled
20220313 045032.888 INFO             PET1 ESMF_PNETCDF                : disabled
20220313 045032.888 INFO             PET1 ESMF_PIO                    : enabled
20220313 045032.888 INFO             PET1 ESMF_YAMLCPP                : enabled
20220313 045032.925 INFO             PET1  Beginning Test, file ESMF_IOUTest.F90, line 57
20220313 045032.925 INFO             PET1  NUMBER_OF_PROCESSORS           4
20220313 045032.925 INFO             PET1 Starting Test:  ESMF_OutputWeightFile
20220313 045033.379 INFO             PET1 PIOc_sync Enter - MemInfo: [/proc/meminfo - SSI]	MemTotal:       196442796 kB
20220313 045033.379 INFO             PET1 PIOc_sync Enter - MemInfo: [/proc/meminfo - SSI]	MemFree:        187436092 kB
20220313 045033.379 INFO             PET1 PIOc_sync Enter - MemInfo: [/proc/meminfo - SSI]	MemAvailable:   191344708 kB
20220313 045033.379 INFO             PET1 PIOc_sync Enter - MemInfo: [/proc/meminfo - SSI]	Committed_AS:    1308936 kB
20220313 045033.379 INFO             PET1 PIOc_sync Enter - MemInfo: [/proc/meminfo - SSI]	CommittedPercent: 0.666319 %
20220313 045033.379 INFO             PET1 PIOc_sync Enter - MemInfo: [/proc/self/status]	VmPeak:	 3786172 kB
20220313 045033.379 INFO             PET1 PIOc_sync Enter - MemInfo: [/proc/self/status]	VmSize:	 3786172 kB
20220313 045033.379 INFO             PET1 PIOc_sync Enter - MemInfo: [/proc/self/status]	VmLck:	       0 kB
20220313 045033.379 INFO             PET1 PIOc_sync Enter - MemInfo: [/proc/self/status]	VmPin:	   79996 kB
20220313 045033.379 INFO             PET1 PIOc_sync Enter - MemInfo: [/proc/self/status]	VmHWM:	  145596 kB
20220313 045033.379 INFO             PET1 PIOc_sync Enter - MemInfo: [/proc/self/status]	VmRSS:	  145596 kB
20220313 045033.379 INFO             PET1 PIOc_sync Enter - MemInfo: [/proc/self/status]	VmData:	  209276 kB
20220313 045033.379 INFO             PET1 PIOc_sync Enter - MemInfo: [/proc/self/status]	VmStk:	     520 kB
20220313 045033.379 INFO             PET1 PIOc_sync Enter - MemInfo: [/proc/self/status]	VmExe:	    1844 kB
20220313 045033.379 INFO             PET1 PIOc_sync Enter - MemInfo: [/proc/self/status]	VmLib:	  122112 kB
20220313 045033.379 INFO             PET1 PIOc_sync Enter - MemInfo: [/proc/self/status]	VmPTE:	     920 kB
20220313 045033.380 INFO             PET1 PIOc_sync Enter - MemInfo: [/proc/self/status]	VmSwap:	       0 kB
20220313 045033.380 INFO             PET1 PIOc_sync Enter - MemInfo: [/proc/self/status]	VmRSSPercent: 0.0741162 %
20220313 045033.380 INFO             PET1 PIOc_sync Enter - MemInfo: [malloc] Non-mmapped space allocated:                 2142208 Byte
20220313 045033.380 INFO             PET1 PIOc_sync Enter - MemInfo: [malloc] Space allocated in mmapped regions:         84254720 Byte
20220313 045033.380 INFO             PET1 PIOc_sync Enter - MemInfo: [malloc] Maximum total allocated space:                     0 Byte
20220313 045033.380 INFO             PET1 PIOc_sync Enter - MemInfo: [malloc] Space in freed fastbin blocks:                   672 Byte
20220313 045033.380 INFO             PET1 PIOc_sync Enter - MemInfo: [malloc] Total allocated space:                       2047104 Byte
20220313 045033.380 INFO             PET1 PIOc_sync Enter - MemInfo: [malloc] Total free space:                              95104 Byte
20220313 045033.380 INFO             PET1 PIOc_sync Enter - MemInfo: [malloc] Top-most, releasable space:                    93856 Byte
20220313 045033.380 INFO             PET1 PIOc_sync Enter - MemInfo: [malloc] Total space in use, mmap + non-mmap:        86301824 Byte
20220313 045033.380 INFO             PET1 PIOc_sync Enter - MemInfo: [malloc] Total space held (mmap + non-mmap):         86396928 Byte
20220313 045033.380 INFO             PET1 PIOc_sync Enter - MemInfo: [malloc] Total space used (mmap + non-mmap):         86311216 Byte
20220313 045033.380 INFO             PET1 PIOc_sync Enter - MemInfo: Wall-clock time since execution start:               0.926858 seconds
20220313 045033.414 INFO             PET1 PIOc_sync Exit - MemInfo: [/proc/meminfo - SSI]	MemTotal:       196442796 kB
20220313 045033.414 INFO             PET1 PIOc_sync Exit - MemInfo: [/proc/meminfo - SSI]	MemFree:        187436092 kB
20220313 045033.414 INFO             PET1 PIOc_sync Exit - MemInfo: [/proc/meminfo - SSI]	MemAvailable:   191344708 kB
20220313 045033.414 INFO             PET1 PIOc_sync Exit - MemInfo: [/proc/meminfo - SSI]	Committed_AS:    1308936 kB
20220313 045033.414 INFO             PET1 PIOc_sync Exit - MemInfo: [/proc/meminfo - SSI]	CommittedPercent: 0.666319 %
20220313 045033.414 INFO             PET1 PIOc_sync Exit - MemInfo: [/proc/self/status]	VmPeak:	 3786172 kB
20220313 045033.414 INFO             PET1 PIOc_sync Exit - MemInfo: [/proc/self/status]	VmSize:	 3786172 kB
20220313 045033.414 INFO             PET1 PIOc_sync Exit - MemInfo: [/proc/self/status]	VmLck:	       0 kB
20220313 045033.414 INFO             PET1 PIOc_sync Exit - MemInfo: [/proc/self/status]	VmPin:	   79996 kB
20220313 045033.414 INFO             PET1 PIOc_sync Exit - MemInfo: [/proc/self/status]	VmHWM:	  145732 kB
20220313 045033.414 INFO             PET1 PIOc_sync Exit - MemInfo: [/proc/self/status]	VmRSS:	  145732 kB
20220313 045033.414 INFO             PET1 PIOc_sync Exit - MemInfo: [/proc/self/status]	VmData:	  209276 kB
20220313 045033.414 INFO             PET1 PIOc_sync Exit - MemInfo: [/proc/self/status]	VmStk:	     520 kB
20220313 045033.414 INFO             PET1 PIOc_sync Exit - MemInfo: [/proc/self/status]	VmExe:	    1844 kB
20220313 045033.414 INFO             PET1 PIOc_sync Exit - MemInfo: [/proc/self/status]	VmLib:	  122112 kB
20220313 045033.414 INFO             PET1 PIOc_sync Exit - MemInfo: [/proc/self/status]	VmPTE:	     920 kB
20220313 045033.414 INFO             PET1 PIOc_sync Exit - MemInfo: [/proc/self/status]	VmSwap:	       0 kB
20220313 045033.414 INFO             PET1 PIOc_sync Exit - MemInfo: [/proc/self/status]	VmRSSPercent: 0.0741855 %
20220313 045033.414 INFO             PET1 PIOc_sync Exit - MemInfo: [malloc] Non-mmapped space allocated:                 2142208 Byte
20220313 045033.414 INFO             PET1 PIOc_sync Exit - MemInfo: [malloc] Space allocated in mmapped regions:         84254720 Byte
20220313 045033.414 INFO             PET1 PIOc_sync Exit - MemInfo: [malloc] Maximum total allocated space:                     0 Byte
20220313 045033.414 INFO             PET1 PIOc_sync Exit - MemInfo: [malloc] Space in freed fastbin blocks:                   192 Byte
20220313 045033.414 INFO             PET1 PIOc_sync Exit - MemInfo: [malloc] Total allocated space:                       2046272 Byte
20220313 045033.414 INFO             PET1 PIOc_sync Exit - MemInfo: [malloc] Total free space:                              95936 Byte
20220313 045033.414 INFO             PET1 PIOc_sync Exit - MemInfo: [malloc] Top-most, releasable space:                    95280 Byte
20220313 045033.414 INFO             PET1 PIOc_sync Exit - MemInfo: [malloc] Total space in use, mmap + non-mmap:        86300992 Byte
20220313 045033.414 INFO             PET1 PIOc_sync Exit - MemInfo: [malloc] Total space held (mmap + non-mmap):         86396928 Byte
20220313 045033.414 INFO             PET1 PIOc_sync Exit - MemInfo: [malloc] Total space used (mmap + non-mmap):         86310368 Byte
20220313 045033.414 INFO             PET1 PIOc_sync Exit - MemInfo: Wall-clock time since execution start:               0.961471 seconds
20220313 045033.424 INFO             PET1 PIOc_freedecomp Enter - MemInfo: [/proc/meminfo - SSI]	MemTotal:       196442796 kB
20220313 045033.424 INFO             PET1 PIOc_freedecomp Enter - MemInfo: [/proc/meminfo - SSI]	MemFree:        187443104 kB
20220313 045033.424 INFO             PET1 PIOc_freedecomp Enter - MemInfo: [/proc/meminfo - SSI]	MemAvailable:   191351720 kB
20220313 045033.424 INFO             PET1 PIOc_freedecomp Enter - MemInfo: [/proc/meminfo - SSI]	Committed_AS:    1301212 kB
20220313 045033.425 INFO             PET1 PIOc_freedecomp Enter - MemInfo: [/proc/meminfo - SSI]	CommittedPercent: 0.662387 %
20220313 045033.425 INFO             PET1 PIOc_freedecomp Enter - MemInfo: [/proc/self/status]	VmPeak:	 3786172 kB
20220313 045033.425 INFO             PET1 PIOc_freedecomp Enter - MemInfo: [/proc/self/status]	VmSize:	 3786172 kB
20220313 045033.425 INFO             PET1 PIOc_freedecomp Enter - MemInfo: [/proc/self/status]	VmLck:	       0 kB
20220313 045033.425 INFO             PET1 PIOc_freedecomp Enter - MemInfo: [/proc/self/status]	VmPin:	   79996 kB
20220313 045033.425 INFO             PET1 PIOc_freedecomp Enter - MemInfo: [/proc/self/status]	VmHWM:	  145736 kB
20220313 045033.425 INFO             PET1 PIOc_freedecomp Enter - MemInfo: [/proc/self/status]	VmRSS:	  145736 kB
20220313 045033.425 INFO             PET1 PIOc_freedecomp Enter - MemInfo: [/proc/self/status]	VmData:	  209276 kB
20220313 045033.425 INFO             PET1 PIOc_freedecomp Enter - MemInfo: [/proc/self/status]	VmStk:	     520 kB
20220313 045033.425 INFO             PET1 PIOc_freedecomp Enter - MemInfo: [/proc/self/status]	VmExe:	    1844 kB
20220313 045033.425 INFO             PET1 PIOc_freedecomp Enter - MemInfo: [/proc/self/status]	VmLib:	  122112 kB
20220313 045033.425 INFO             PET1 PIOc_freedecomp Enter - MemInfo: [/proc/self/status]	VmPTE:	     920 kB
20220313 045033.425 INFO             PET1 PIOc_freedecomp Enter - MemInfo: [/proc/self/status]	VmSwap:	       0 kB
20220313 045033.425 INFO             PET1 PIOc_freedecomp Enter - MemInfo: [/proc/self/status]	VmRSSPercent: 0.0741875 %
20220313 045033.425 INFO             PET1 PIOc_freedecomp Enter - MemInfo: [malloc] Non-mmapped space allocated:                 2142208 Byte
20220313 045033.425 INFO             PET1 PIOc_freedecomp Enter - MemInfo: [malloc] Space allocated in mmapped regions:         84254720 Byte
20220313 045033.425 INFO             PET1 PIOc_freedecomp Enter - MemInfo: [malloc] Maximum total allocated space:                     0 Byte
20220313 045033.425 INFO             PET1 PIOc_freedecomp Enter - MemInfo: [malloc] Space in freed fastbin blocks:                   368 Byte
20220313 045033.425 INFO             PET1 PIOc_freedecomp Enter - MemInfo: [malloc] Total allocated space:                       2044672 Byte
20220313 045033.425 INFO             PET1 PIOc_freedecomp Enter - MemInfo: [malloc] Total free space:                              97536 Byte
20220313 045033.425 INFO             PET1 PIOc_freedecomp Enter - MemInfo: [malloc] Top-most, releasable space:                    96112 Byte
20220313 045033.425 INFO             PET1 PIOc_freedecomp Enter - MemInfo: [malloc] Total space in use, mmap + non-mmap:        86299392 Byte
20220313 045033.425 INFO             PET1 PIOc_freedecomp Enter - MemInfo: [malloc] Total space held (mmap + non-mmap):         86396928 Byte
20220313 045033.425 INFO             PET1 PIOc_freedecomp Enter - MemInfo: [malloc] Total space used (mmap + non-mmap):         86308768 Byte
20220313 045033.425 INFO             PET1 PIOc_freedecomp Enter - MemInfo: Wall-clock time since execution start:               0.971852 seconds
20220313 045033.425 INFO             PET1 PIOc_freedecomp Exit - MemInfo: [/proc/meminfo - SSI]	MemTotal:       196442796 kB
20220313 045033.425 INFO             PET1 PIOc_freedecomp Exit - MemInfo: [/proc/meminfo - SSI]	MemFree:        187443104 kB
20220313 045033.425 INFO             PET1 PIOc_freedecomp Exit - MemInfo: [/proc/meminfo - SSI]	MemAvailable:   191351720 kB
20220313 045033.425 INFO             PET1 PIOc_freedecomp Exit - MemInfo: [/proc/meminfo - SSI]	Committed_AS:    1301212 kB
20220313 045033.425 INFO             PET1 PIOc_freedecomp Exit - MemInfo: [/proc/meminfo - SSI]	CommittedPercent: 0.662387 %
20220313 045033.425 INFO             PET1 PIOc_freedecomp Exit - MemInfo: [/proc/self/status]	VmPeak:	 3786172 kB
20220313 045033.425 INFO             PET1 PIOc_freedecomp Exit - MemInfo: [/proc/self/status]	VmSize:	 3786172 kB
20220313 045033.425 INFO             PET1 PIOc_freedecomp Exit - MemInfo: [/proc/self/status]	VmLck:	       0 kB
20220313 045033.425 INFO             PET1 PIOc_freedecomp Exit - MemInfo: [/proc/self/status]	VmPin:	   79996 kB
20220313 045033.425 INFO             PET1 PIOc_freedecomp Exit - MemInfo: [/proc/self/status]	VmHWM:	  145736 kB
20220313 045033.425 INFO             PET1 PIOc_freedecomp Exit - MemInfo: [/proc/self/status]	VmRSS:	  145736 kB
20220313 045033.425 INFO             PET1 PIOc_freedecomp Exit - MemInfo: [/proc/self/status]	VmData:	  209276 kB
20220313 045033.425 INFO             PET1 PIOc_freedecomp Exit - MemInfo: [/proc/self/status]	VmStk:	     520 kB
20220313 045033.425 INFO             PET1 PIOc_freedecomp Exit - MemInfo: [/proc/self/status]	VmExe:	    1844 kB
20220313 045033.425 INFO             PET1 PIOc_freedecomp Exit - MemInfo: [/proc/self/status]	VmLib:	  122112 kB
20220313 045033.425 INFO             PET1 PIOc_freedecomp Exit - MemInfo: [/proc/self/status]	VmPTE:	     920 kB
20220313 045033.425 INFO             PET1 PIOc_freedecomp Exit - MemInfo: [/proc/self/status]	VmSwap:	       0 kB
20220313 045033.425 INFO             PET1 PIOc_freedecomp Exit - MemInfo: [/proc/self/status]	VmRSSPercent: 0.0741875 %
20220313 045033.425 INFO             PET1 PIOc_freedecomp Exit - MemInfo: [malloc] Non-mmapped space allocated:                 2142208 Byte
20220313 045033.425 INFO             PET1 PIOc_freedecomp Exit - MemInfo: [malloc] Space allocated in mmapped regions:         84254720 Byte
20220313 045033.425 INFO             PET1 PIOc_freedecomp Exit - MemInfo: [malloc] Maximum total allocated space:                     0 Byte
20220313 045033.425 INFO             PET1 PIOc_freedecomp Exit - MemInfo: [malloc] Space in freed fastbin blocks:                   480 Byte
20220313 045033.425 INFO             PET1 PIOc_freedecomp Exit - MemInfo: [malloc] Total allocated space:                       2043296 Byte
20220313 045033.425 INFO             PET1 PIOc_freedecomp Exit - MemInfo: [malloc] Total free space:                              98912 Byte
20220313 045033.425 INFO             PET1 PIOc_freedecomp Exit - MemInfo: [malloc] Top-most, releasable space:                    96768 Byte
20220313 045033.425 INFO             PET1 PIOc_freedecomp Exit - MemInfo: [malloc] Total space in use, mmap + non-mmap:        86298016 Byte
20220313 045033.425 INFO             PET1 PIOc_freedecomp Exit - MemInfo: [malloc] Total space held (mmap + non-mmap):         86396928 Byte
20220313 045033.425 INFO             PET1 PIOc_freedecomp Exit - MemInfo: [malloc] Total space used (mmap + non-mmap):         86307392 Byte
20220313 045033.425 INFO             PET1 PIOc_freedecomp Exit - MemInfo: Wall-clock time since execution start:               0.972439 seconds
20220313 045033.776 INFO             PET1 PIOc_sync Enter - MemInfo: [/proc/meminfo - SSI]	MemTotal:       196442796 kB
20220313 045033.776 INFO             PET1 PIOc_sync Enter - MemInfo: [/proc/meminfo - SSI]	MemFree:        187438264 kB
20220313 045033.776 INFO             PET1 PIOc_sync Enter - MemInfo: [/proc/meminfo - SSI]	MemAvailable:   191346980 kB
20220313 045033.776 INFO             PET1 PIOc_sync Enter - MemInfo: [/proc/meminfo - SSI]	Committed_AS:    1309444 kB
20220313 045033.776 INFO             PET1 PIOc_sync Enter - MemInfo: [/proc/meminfo - SSI]	CommittedPercent: 0.666578 %
20220313 045033.776 INFO             PET1 PIOc_sync Enter - MemInfo: [/proc/self/status]	VmPeak:	 3786172 kB
20220313 045033.776 INFO             PET1 PIOc_sync Enter - MemInfo: [/proc/self/status]	VmSize:	 3786172 kB
20220313 045033.776 INFO             PET1 PIOc_sync Enter - MemInfo: [/proc/self/status]	VmLck:	       0 kB
20220313 045033.776 INFO             PET1 PIOc_sync Enter - MemInfo: [/proc/self/status]	VmPin:	   79996 kB
20220313 045033.776 INFO             PET1 PIOc_sync Enter - MemInfo: [/proc/self/status]	VmHWM:	  145800 kB
20220313 045033.776 INFO             PET1 PIOc_sync Enter - MemInfo: [/proc/self/status]	VmRSS:	  145800 kB
20220313 045033.776 INFO             PET1 PIOc_sync Enter - MemInfo: [/proc/self/status]	VmData:	  209276 kB
20220313 045033.776 INFO             PET1 PIOc_sync Enter - MemInfo: [/proc/self/status]	VmStk:	     520 kB
20220313 045033.776 INFO             PET1 PIOc_sync Enter - MemInfo: [/proc/self/status]	VmExe:	    1844 kB
20220313 045033.776 INFO             PET1 PIOc_sync Enter - MemInfo: [/proc/self/status]	VmLib:	  122112 kB
20220313 045033.776 INFO             PET1 PIOc_sync Enter - MemInfo: [/proc/self/status]	VmPTE:	     920 kB
20220313 045033.776 INFO             PET1 PIOc_sync Enter - MemInfo: [/proc/self/status]	VmSwap:	       0 kB
20220313 045033.776 INFO             PET1 PIOc_sync Enter - MemInfo: [/proc/self/status]	VmRSSPercent: 0.0742201 %
20220313 045033.776 INFO             PET1 PIOc_sync Enter - MemInfo: [malloc] Non-mmapped space allocated:                 2142208 Byte
20220313 045033.776 INFO             PET1 PIOc_sync Enter - MemInfo: [malloc] Space allocated in mmapped regions:         84254720 Byte
20220313 045033.776 INFO             PET1 PIOc_sync Enter - MemInfo: [malloc] Maximum total allocated space:                     0 Byte
20220313 045033.776 INFO             PET1 PIOc_sync Enter - MemInfo: [malloc] Space in freed fastbin blocks:                   896 Byte
20220313 045033.776 INFO             PET1 PIOc_sync Enter - MemInfo: [malloc] Total allocated space:                       2047200 Byte
20220313 045033.776 INFO             PET1 PIOc_sync Enter - MemInfo: [malloc] Total free space:                              95008 Byte
20220313 045033.776 INFO             PET1 PIOc_sync Enter - MemInfo: [malloc] Top-most, releasable space:                    93536 Byte
20220313 045033.776 INFO             PET1 PIOc_sync Enter - MemInfo: [malloc] Total space in use, mmap + non-mmap:        86301920 Byte
20220313 045033.776 INFO             PET1 PIOc_sync Enter - MemInfo: [malloc] Total space held (mmap + non-mmap):         86396928 Byte
20220313 045033.776 INFO             PET1 PIOc_sync Enter - MemInfo: [malloc] Total space used (mmap + non-mmap):         86311312 Byte
20220313 045033.776 INFO             PET1 PIOc_sync Enter - MemInfo: Wall-clock time since execution start:                1.32268 seconds
20220313 045033.802 INFO             PET1 PIOc_sync Exit - MemInfo: [/proc/meminfo - SSI]	MemTotal:       196442796 kB
20220313 045033.802 INFO             PET1 PIOc_sync Exit - MemInfo: [/proc/meminfo - SSI]	MemFree:        187438264 kB
20220313 045033.802 INFO             PET1 PIOc_sync Exit - MemInfo: [/proc/meminfo - SSI]	MemAvailable:   191346980 kB
20220313 045033.802 INFO             PET1 PIOc_sync Exit - MemInfo: [/proc/meminfo - SSI]	Committed_AS:    1309444 kB
20220313 045033.802 INFO             PET1 PIOc_sync Exit - MemInfo: [/proc/meminfo - SSI]	CommittedPercent: 0.666578 %
20220313 045033.802 INFO             PET1 PIOc_sync Exit - MemInfo: [/proc/self/status]	VmPeak:	 3786172 kB
20220313 045033.802 INFO             PET1 PIOc_sync Exit - MemInfo: [/proc/self/status]	VmSize:	 3786172 kB
20220313 045033.802 INFO             PET1 PIOc_sync Exit - MemInfo: [/proc/self/status]	VmLck:	       0 kB
20220313 045033.802 INFO             PET1 PIOc_sync Exit - MemInfo: [/proc/self/status]	VmPin:	   79996 kB
20220313 045033.802 INFO             PET1 PIOc_sync Exit - MemInfo: [/proc/self/status]	VmHWM:	  145804 kB
20220313 045033.802 INFO             PET1 PIOc_sync Exit - MemInfo: [/proc/self/status]	VmRSS:	  145804 kB
20220313 045033.802 INFO             PET1 PIOc_sync Exit - MemInfo: [/proc/self/status]	VmData:	  209276 kB
20220313 045033.802 INFO             PET1 PIOc_sync Exit - MemInfo: [/proc/self/status]	VmStk:	     520 kB
20220313 045033.802 INFO             PET1 PIOc_sync Exit - MemInfo: [/proc/self/status]	VmExe:	    1844 kB
20220313 045033.802 INFO             PET1 PIOc_sync Exit - MemInfo: [/proc/self/status]	VmLib:	  122112 kB
20220313 045033.802 INFO             PET1 PIOc_sync Exit - MemInfo: [/proc/self/status]	VmPTE:	     920 kB
20220313 045033.802 INFO             PET1 PIOc_sync Exit - MemInfo: [/proc/self/status]	VmSwap:	       0 kB
20220313 045033.802 INFO             PET1 PIOc_sync Exit - MemInfo: [/proc/self/status]	VmRSSPercent: 0.0742221 %
20220313 045033.802 INFO             PET1 PIOc_sync Exit - MemInfo: [malloc] Non-mmapped space allocated:                 2142208 Byte
20220313 045033.802 INFO             PET1 PIOc_sync Exit - MemInfo: [malloc] Space allocated in mmapped regions:         84254720 Byte
20220313 045033.802 INFO             PET1 PIOc_sync Exit - MemInfo: [malloc] Maximum total allocated space:                     0 Byte
20220313 045033.802 INFO             PET1 PIOc_sync Exit - MemInfo: [malloc] Space in freed fastbin blocks:                   144 Byte
20220313 045033.802 INFO             PET1 PIOc_sync Exit - MemInfo: [malloc] Total allocated space:                       2046416 Byte
20220313 045033.803 INFO             PET1 PIOc_sync Exit - MemInfo: [malloc] Total free space:                              95792 Byte
20220313 045033.803 INFO             PET1 PIOc_sync Exit - MemInfo: [malloc] Top-most, releasable space:                    94880 Byte
20220313 045033.803 INFO             PET1 PIOc_sync Exit - MemInfo: [malloc] Total space in use, mmap + non-mmap:        86301136 Byte
20220313 045033.803 INFO             PET1 PIOc_sync Exit - MemInfo: [malloc] Total space held (mmap + non-mmap):         86396928 Byte
20220313 045033.803 INFO             PET1 PIOc_sync Exit - MemInfo: [malloc] Total space used (mmap + non-mmap):         86310512 Byte
20220313 045033.803 INFO             PET1 PIOc_sync Exit - MemInfo: Wall-clock time since execution start:                1.34872 seconds
20220313 045033.803 INFO             PET1 PIOc_freedecomp Enter - MemInfo: [/proc/meminfo - SSI]	MemTotal:       196442796 kB
20220313 045033.803 INFO             PET1 PIOc_freedecomp Enter - MemInfo: [/proc/meminfo - SSI]	MemFree:        187438264 kB
20220313 045033.803 INFO             PET1 PIOc_freedecomp Enter - MemInfo: [/proc/meminfo - SSI]	MemAvailable:   191346980 kB
20220313 045033.803 INFO             PET1 PIOc_freedecomp Enter - MemInfo: [/proc/meminfo - SSI]	Committed_AS:    1309444 kB
20220313 045033.803 INFO             PET1 PIOc_freedecomp Enter - MemInfo: [/proc/meminfo - SSI]	CommittedPercent: 0.666578 %
20220313 045033.803 INFO             PET1 PIOc_freedecomp Enter - MemInfo: [/proc/self/status]	VmPeak:	 3786172 kB
20220313 045033.803 INFO             PET1 PIOc_freedecomp Enter - MemInfo: [/proc/self/status]	VmSize:	 3786172 kB
20220313 045033.803 INFO             PET1 PIOc_freedecomp Enter - MemInfo: [/proc/self/status]	VmLck:	       0 kB
20220313 045033.803 INFO             PET1 PIOc_freedecomp Enter - MemInfo: [/proc/self/status]	VmPin:	   79996 kB
20220313 045033.803 INFO             PET1 PIOc_freedecomp Enter - MemInfo: [/proc/self/status]	VmHWM:	  145804 kB
20220313 045033.803 INFO             PET1 PIOc_freedecomp Enter - MemInfo: [/proc/self/status]	VmRSS:	  145804 kB
20220313 045033.803 INFO             PET1 PIOc_freedecomp Enter - MemInfo: [/proc/self/status]	VmData:	  209276 kB
20220313 045033.803 INFO             PET1 PIOc_freedecomp Enter - MemInfo: [/proc/self/status]	VmStk:	     520 kB
20220313 045033.803 INFO             PET1 PIOc_freedecomp Enter - MemInfo: [/proc/self/status]	VmExe:	    1844 kB
20220313 045033.803 INFO             PET1 PIOc_freedecomp Enter - MemInfo: [/proc/self/status]	VmLib:	  122112 kB
20220313 045033.803 INFO             PET1 PIOc_freedecomp Enter - MemInfo: [/proc/self/status]	VmPTE:	     920 kB
20220313 045033.803 INFO             PET1 PIOc_freedecomp Enter - MemInfo: [/proc/self/status]	VmSwap:	       0 kB
20220313 045033.803 INFO             PET1 PIOc_freedecomp Enter - MemInfo: [/proc/self/status]	VmRSSPercent: 0.0742221 %
20220313 045033.803 INFO             PET1 PIOc_freedecomp Enter - MemInfo: [malloc] Non-mmapped space allocated:                 2142208 Byte
20220313 045033.803 INFO             PET1 PIOc_freedecomp Enter - MemInfo: [malloc] Space allocated in mmapped regions:         84254720 Byte
20220313 045033.803 INFO             PET1 PIOc_freedecomp Enter - MemInfo: [malloc] Maximum total allocated space:                     0 Byte
20220313 045033.803 INFO             PET1 PIOc_freedecomp Enter - MemInfo: [malloc] Space in freed fastbin blocks:                   368 Byte
20220313 045033.803 INFO             PET1 PIOc_freedecomp Enter - MemInfo: [malloc] Total allocated space:                       2044656 Byte
20220313 045033.803 INFO             PET1 PIOc_freedecomp Enter - MemInfo: [malloc] Total free space:                              97552 Byte
20220313 045033.803 INFO             PET1 PIOc_freedecomp Enter - MemInfo: [malloc] Top-most, releasable space:                    95184 Byte
20220313 045033.803 INFO             PET1 PIOc_freedecomp Enter - MemInfo: [malloc] Total space in use, mmap + non-mmap:        86299376 Byte
20220313 045033.803 INFO             PET1 PIOc_freedecomp Enter - MemInfo: [malloc] Total space held (mmap + non-mmap):         86396928 Byte
20220313 045033.803 INFO             PET1 PIOc_freedecomp Enter - MemInfo: [malloc] Total space used (mmap + non-mmap):         86308768 Byte
20220313 045033.803 INFO             PET1 PIOc_freedecomp Enter - MemInfo: Wall-clock time since execution start:                1.34924 seconds
20220313 045033.803 INFO             PET1 PIOc_freedecomp Exit - MemInfo: [/proc/meminfo - SSI]	MemTotal:       196442796 kB
20220313 045033.803 INFO             PET1 PIOc_freedecomp Exit - MemInfo: [/proc/meminfo - SSI]	MemFree:        187438264 kB
20220313 045033.803 INFO             PET1 PIOc_freedecomp Exit - MemInfo: [/proc/meminfo - SSI]	MemAvailable:   191346980 kB
20220313 045033.803 INFO             PET1 PIOc_freedecomp Exit - MemInfo: [/proc/meminfo - SSI]	Committed_AS:    1309444 kB
20220313 045033.803 INFO             PET1 PIOc_freedecomp Exit - MemInfo: [/proc/meminfo - SSI]	CommittedPercent: 0.666578 %
20220313 045033.803 INFO             PET1 PIOc_freedecomp Exit - MemInfo: [/proc/self/status]	VmPeak:	 3786172 kB
20220313 045033.803 INFO             PET1 PIOc_freedecomp Exit - MemInfo: [/proc/self/status]	VmSize:	 3786172 kB
20220313 045033.803 INFO             PET1 PIOc_freedecomp Exit - MemInfo: [/proc/self/status]	VmLck:	       0 kB
20220313 045033.803 INFO             PET1 PIOc_freedecomp Exit - MemInfo: [/proc/self/status]	VmPin:	   79996 kB
20220313 045033.803 INFO             PET1 PIOc_freedecomp Exit - MemInfo: [/proc/self/status]	VmHWM:	  145804 kB
20220313 045033.803 INFO             PET1 PIOc_freedecomp Exit - MemInfo: [/proc/self/status]	VmRSS:	  145804 kB
20220313 045033.803 INFO             PET1 PIOc_freedecomp Exit - MemInfo: [/proc/self/status]	VmData:	  209276 kB
20220313 045033.803 INFO             PET1 PIOc_freedecomp Exit - MemInfo: [/proc/self/status]	VmStk:	     520 kB
20220313 045033.803 INFO             PET1 PIOc_freedecomp Exit - MemInfo: [/proc/self/status]	VmExe:	    1844 kB
20220313 045033.803 INFO             PET1 PIOc_freedecomp Exit - MemInfo: [/proc/self/status]	VmLib:	  122112 kB
20220313 045033.803 INFO             PET1 PIOc_freedecomp Exit - MemInfo: [/proc/self/status]	VmPTE:	     920 kB
20220313 045033.803 INFO             PET1 PIOc_freedecomp Exit - MemInfo: [/proc/self/status]	VmSwap:	       0 kB
20220313 045033.803 INFO             PET1 PIOc_freedecomp Exit - MemInfo: [/proc/self/status]	VmRSSPercent: 0.0742221 %
20220313 045033.803 INFO             PET1 PIOc_freedecomp Exit - MemInfo: [malloc] Non-mmapped space allocated:                 2142208 Byte
20220313 045033.803 INFO             PET1 PIOc_freedecomp Exit - MemInfo: [malloc] Space allocated in mmapped regions:         84254720 Byte
20220313 045033.804 INFO             PET1 PIOc_freedecomp Exit - MemInfo: [malloc] Maximum total allocated space:                     0 Byte
20220313 045033.804 INFO             PET1 PIOc_freedecomp Exit - MemInfo: [malloc] Space in freed fastbin blocks:                   320 Byte
20220313 045033.804 INFO             PET1 PIOc_freedecomp Exit - MemInfo: [malloc] Total allocated space:                       2043296 Byte
20220313 045033.804 INFO             PET1 PIOc_freedecomp Exit - MemInfo: [malloc] Total free space:                              98912 Byte
20220313 045033.804 INFO             PET1 PIOc_freedecomp Exit - MemInfo: [malloc] Top-most, releasable space:                    95712 Byte
20220313 045033.804 INFO             PET1 PIOc_freedecomp Exit - MemInfo: [malloc] Total space in use, mmap + non-mmap:        86298016 Byte
20220313 045033.804 INFO             PET1 PIOc_freedecomp Exit - MemInfo: [malloc] Total space held (mmap + non-mmap):         86396928 Byte
20220313 045033.804 INFO             PET1 PIOc_freedecomp Exit - MemInfo: [malloc] Total space used (mmap + non-mmap):         86307392 Byte
20220313 045033.804 INFO             PET1 PIOc_freedecomp Exit - MemInfo: Wall-clock time since execution start:                1.34973 seconds
20220313 045034.116 INFO             PET1 PIOc_sync Enter - MemInfo: [/proc/meminfo - SSI]	MemTotal:       196442796 kB
20220313 045034.116 INFO             PET1 PIOc_sync Enter - MemInfo: [/proc/meminfo - SSI]	MemFree:        187437876 kB
20220313 045034.116 INFO             PET1 PIOc_sync Enter - MemInfo: [/proc/meminfo - SSI]	MemAvailable:   191347052 kB
20220313 045034.116 INFO             PET1 PIOc_sync Enter - MemInfo: [/proc/meminfo - SSI]	Committed_AS:    1309444 kB
20220313 045034.116 INFO             PET1 PIOc_sync Enter - MemInfo: [/proc/meminfo - SSI]	CommittedPercent: 0.666578 %
20220313 045034.116 INFO             PET1 PIOc_sync Enter - MemInfo: [/proc/self/status]	VmPeak:	 3786172 kB
20220313 045034.116 INFO             PET1 PIOc_sync Enter - MemInfo: [/proc/self/status]	VmSize:	 3786172 kB
20220313 045034.116 INFO             PET1 PIOc_sync Enter - MemInfo: [/proc/self/status]	VmLck:	       0 kB
20220313 045034.116 INFO             PET1 PIOc_sync Enter - MemInfo: [/proc/self/status]	VmPin:	   79996 kB
20220313 045034.116 INFO             PET1 PIOc_sync Enter - MemInfo: [/proc/self/status]	VmHWM:	  145864 kB
20220313 045034.116 INFO             PET1 PIOc_sync Enter - MemInfo: [/proc/self/status]	VmRSS:	  145860 kB
20220313 045034.116 INFO             PET1 PIOc_sync Enter - MemInfo: [/proc/self/status]	VmData:	  209276 kB
20220313 045034.116 INFO             PET1 PIOc_sync Enter - MemInfo: [/proc/self/status]	VmStk:	     520 kB
20220313 045034.116 INFO             PET1 PIOc_sync Enter - MemInfo: [/proc/self/status]	VmExe:	    1844 kB
20220313 045034.116 INFO             PET1 PIOc_sync Enter - MemInfo: [/proc/self/status]	VmLib:	  122112 kB
20220313 045034.116 INFO             PET1 PIOc_sync Enter - MemInfo: [/proc/self/status]	VmPTE:	     920 kB
20220313 045034.116 INFO             PET1 PIOc_sync Enter - MemInfo: [/proc/self/status]	VmSwap:	       0 kB
20220313 045034.116 INFO             PET1 PIOc_sync Enter - MemInfo: [/proc/self/status]	VmRSSPercent: 0.0742506 %
20220313 045034.116 INFO             PET1 PIOc_sync Enter - MemInfo: [malloc] Non-mmapped space allocated:                 2142208 Byte
20220313 045034.116 INFO             PET1 PIOc_sync Enter - MemInfo: [malloc] Space allocated in mmapped regions:         84254720 Byte
20220313 045034.116 INFO             PET1 PIOc_sync Enter - MemInfo: [malloc] Maximum total allocated space:                     0 Byte
20220313 045034.116 INFO             PET1 PIOc_sync Enter - MemInfo: [malloc] Space in freed fastbin blocks:                   848 Byte
20220313 045034.116 INFO             PET1 PIOc_sync Enter - MemInfo: [malloc] Total allocated space:                       2047360 Byte
20220313 045034.116 INFO             PET1 PIOc_sync Enter - MemInfo: [malloc] Total free space:                              94848 Byte
20220313 045034.116 INFO             PET1 PIOc_sync Enter - MemInfo: [malloc] Top-most, releasable space:                    93424 Byte
20220313 045034.116 INFO             PET1 PIOc_sync Enter - MemInfo: [malloc] Total space in use, mmap + non-mmap:        86302080 Byte
20220313 045034.117 INFO             PET1 PIOc_sync Enter - MemInfo: [malloc] Total space held (mmap + non-mmap):         86396928 Byte
20220313 045034.117 INFO             PET1 PIOc_sync Enter - MemInfo: [malloc] Total space used (mmap + non-mmap):         86311472 Byte
20220313 045034.117 INFO             PET1 PIOc_sync Enter - MemInfo: Wall-clock time since execution start:                1.66195 seconds
20220313 045034.142 INFO             PET1 PIOc_sync Exit - MemInfo: [/proc/meminfo - SSI]	MemTotal:       196442796 kB
20220313 045034.142 INFO             PET1 PIOc_sync Exit - MemInfo: [/proc/meminfo - SSI]	MemFree:        187437876 kB
20220313 045034.142 INFO             PET1 PIOc_sync Exit - MemInfo: [/proc/meminfo - SSI]	MemAvailable:   191347052 kB
20220313 045034.142 INFO             PET1 PIOc_sync Exit - MemInfo: [/proc/meminfo - SSI]	Committed_AS:    1309444 kB
20220313 045034.142 INFO             PET1 PIOc_sync Exit - MemInfo: [/proc/meminfo - SSI]	CommittedPercent: 0.666578 %
20220313 045034.142 INFO             PET1 PIOc_sync Exit - MemInfo: [/proc/self/status]	VmPeak:	 3786172 kB
20220313 045034.142 INFO             PET1 PIOc_sync Exit - MemInfo: [/proc/self/status]	VmSize:	 3786172 kB
20220313 045034.142 INFO             PET1 PIOc_sync Exit - MemInfo: [/proc/self/status]	VmLck:	       0 kB
20220313 045034.142 INFO             PET1 PIOc_sync Exit - MemInfo: [/proc/self/status]	VmPin:	   79996 kB
20220313 045034.142 INFO             PET1 PIOc_sync Exit - MemInfo: [/proc/self/status]	VmHWM:	  145864 kB
20220313 045034.142 INFO             PET1 PIOc_sync Exit - MemInfo: [/proc/self/status]	VmRSS:	  145860 kB
20220313 045034.142 INFO             PET1 PIOc_sync Exit - MemInfo: [/proc/self/status]	VmData:	  209276 kB
20220313 045034.142 INFO             PET1 PIOc_sync Exit - MemInfo: [/proc/self/status]	VmStk:	     520 kB
20220313 045034.142 INFO             PET1 PIOc_sync Exit - MemInfo: [/proc/self/status]	VmExe:	    1844 kB
20220313 045034.142 INFO             PET1 PIOc_sync Exit - MemInfo: [/proc/self/status]	VmLib:	  122112 kB
20220313 045034.142 INFO             PET1 PIOc_sync Exit - MemInfo: [/proc/self/status]	VmPTE:	     920 kB
20220313 045034.142 INFO             PET1 PIOc_sync Exit - MemInfo: [/proc/self/status]	VmSwap:	       0 kB
20220313 045034.142 INFO             PET1 PIOc_sync Exit - MemInfo: [/proc/self/status]	VmRSSPercent: 0.0742506 %
20220313 045034.142 INFO             PET1 PIOc_sync Exit - MemInfo: [malloc] Non-mmapped space allocated:                 2142208 Byte
20220313 045034.142 INFO             PET1 PIOc_sync Exit - MemInfo: [malloc] Space allocated in mmapped regions:         84254720 Byte
20220313 045034.142 INFO             PET1 PIOc_sync Exit - MemInfo: [malloc] Maximum total allocated space:                     0 Byte
20220313 045034.142 INFO             PET1 PIOc_sync Exit - MemInfo: [malloc] Space in freed fastbin blocks:                   144 Byte
20220313 045034.142 INFO             PET1 PIOc_sync Exit - MemInfo: [malloc] Total allocated space:                       2046576 Byte
20220313 045034.142 INFO             PET1 PIOc_sync Exit - MemInfo: [malloc] Total free space:                              95632 Byte
20220313 045034.142 INFO             PET1 PIOc_sync Exit - MemInfo: [malloc] Top-most, releasable space:                    94768 Byte
20220313 045034.142 INFO             PET1 PIOc_sync Exit - MemInfo: [malloc] Total space in use, mmap + non-mmap:        86301296 Byte
20220313 045034.142 INFO             PET1 PIOc_sync Exit - MemInfo: [malloc] Total space held (mmap + non-mmap):         86396928 Byte
20220313 045034.142 INFO             PET1 PIOc_sync Exit - MemInfo: [malloc] Total space used (mmap + non-mmap):         86310672 Byte
20220313 045034.142 INFO             PET1 PIOc_sync Exit - MemInfo: Wall-clock time since execution start:                1.68776 seconds
20220313 045034.152 INFO             PET1 PIOc_freedecomp Enter - MemInfo: [/proc/meminfo - SSI]	MemTotal:       196442796 kB
20220313 045034.152 INFO             PET1 PIOc_freedecomp Enter - MemInfo: [/proc/meminfo - SSI]	MemFree:        187437876 kB
20220313 045034.152 INFO             PET1 PIOc_freedecomp Enter - MemInfo: [/proc/meminfo - SSI]	MemAvailable:   191347052 kB
20220313 045034.152 INFO             PET1 PIOc_freedecomp Enter - MemInfo: [/proc/meminfo - SSI]	Committed_AS:    1309444 kB
20220313 045034.152 INFO             PET1 PIOc_freedecomp Enter - MemInfo: [/proc/meminfo - SSI]	CommittedPercent: 0.666578 %
20220313 045034.152 INFO             PET1 PIOc_freedecomp Enter - MemInfo: [/proc/self/status]	VmPeak:	 3786172 kB
20220313 045034.152 INFO             PET1 PIOc_freedecomp Enter - MemInfo: [/proc/self/status]	VmSize:	 3786172 kB
20220313 045034.152 INFO             PET1 PIOc_freedecomp Enter - MemInfo: [/proc/self/status]	VmLck:	       0 kB
20220313 045034.152 INFO             PET1 PIOc_freedecomp Enter - MemInfo: [/proc/self/status]	VmPin:	   79996 kB
20220313 045034.152 INFO             PET1 PIOc_freedecomp Enter - MemInfo: [/proc/self/status]	VmHWM:	  145864 kB
20220313 045034.152 INFO             PET1 PIOc_freedecomp Enter - MemInfo: [/proc/self/status]	VmRSS:	  145860 kB
20220313 045034.152 INFO             PET1 PIOc_freedecomp Enter - MemInfo: [/proc/self/status]	VmData:	  209276 kB
20220313 045034.152 INFO             PET1 PIOc_freedecomp Enter - MemInfo: [/proc/self/status]	VmStk:	     520 kB
20220313 045034.152 INFO             PET1 PIOc_freedecomp Enter - MemInfo: [/proc/self/status]	VmExe:	    1844 kB
20220313 045034.152 INFO             PET1 PIOc_freedecomp Enter - MemInfo: [/proc/self/status]	VmLib:	  122112 kB
20220313 045034.152 INFO             PET1 PIOc_freedecomp Enter - MemInfo: [/proc/self/status]	VmPTE:	     920 kB
20220313 045034.152 INFO             PET1 PIOc_freedecomp Enter - MemInfo: [/proc/self/status]	VmSwap:	       0 kB
20220313 045034.152 INFO             PET1 PIOc_freedecomp Enter - MemInfo: [/proc/self/status]	VmRSSPercent: 0.0742506 %
20220313 045034.152 INFO             PET1 PIOc_freedecomp Enter - MemInfo: [malloc] Non-mmapped space allocated:                 2142208 Byte
20220313 045034.153 INFO             PET1 PIOc_freedecomp Enter - MemInfo: [malloc] Space allocated in mmapped regions:         84254720 Byte
20220313 045034.153 INFO             PET1 PIOc_freedecomp Enter - MemInfo: [malloc] Maximum total allocated space:                     0 Byte
20220313 045034.153 INFO             PET1 PIOc_freedecomp Enter - MemInfo: [malloc] Space in freed fastbin blocks:                   240 Byte
20220313 045034.153 INFO             PET1 PIOc_freedecomp Enter - MemInfo: [malloc] Total allocated space:                       2044688 Byte
20220313 045034.153 INFO             PET1 PIOc_freedecomp Enter - MemInfo: [malloc] Total free space:                              97520 Byte
20220313 045034.153 INFO             PET1 PIOc_freedecomp Enter - MemInfo: [malloc] Top-most, releasable space:                    95072 Byte
20220313 045034.153 INFO             PET1 PIOc_freedecomp Enter - MemInfo: [malloc] Total space in use, mmap + non-mmap:        86299408 Byte
20220313 045034.153 INFO             PET1 PIOc_freedecomp Enter - MemInfo: [malloc] Total space held (mmap + non-mmap):         86396928 Byte
20220313 045034.153 INFO             PET1 PIOc_freedecomp Enter - MemInfo: [malloc] Total space used (mmap + non-mmap):         86308784 Byte
20220313 045034.153 INFO             PET1 PIOc_freedecomp Enter - MemInfo: Wall-clock time since execution start:                1.69795 seconds
20220313 045034.153 INFO             PET1 PIOc_freedecomp Exit - MemInfo: [/proc/meminfo - SSI]	MemTotal:       196442796 kB
20220313 045034.153 INFO             PET1 PIOc_freedecomp Exit - MemInfo: [/proc/meminfo - SSI]	MemFree:        187437876 kB
20220313 045034.153 INFO             PET1 PIOc_freedecomp Exit - MemInfo: [/proc/meminfo - SSI]	MemAvailable:   191347052 kB
20220313 045034.153 INFO             PET1 PIOc_freedecomp Exit - MemInfo: [/proc/meminfo - SSI]	Committed_AS:    1309444 kB
20220313 045034.153 INFO             PET1 PIOc_freedecomp Exit - MemInfo: [/proc/meminfo - SSI]	CommittedPercent: 0.666578 %
20220313 045034.153 INFO             PET1 PIOc_freedecomp Exit - MemInfo: [/proc/self/status]	VmPeak:	 3786172 kB
20220313 045034.153 INFO             PET1 PIOc_freedecomp Exit - MemInfo: [/proc/self/status]	VmSize:	 3786172 kB
20220313 045034.153 INFO             PET1 PIOc_freedecomp Exit - MemInfo: [/proc/self/status]	VmLck:	       0 kB
20220313 045034.153 INFO             PET1 PIOc_freedecomp Exit - MemInfo: [/proc/self/status]	VmPin:	   79996 kB
20220313 045034.153 INFO             PET1 PIOc_freedecomp Exit - MemInfo: [/proc/self/status]	VmHWM:	  145864 kB
20220313 045034.153 INFO             PET1 PIOc_freedecomp Exit - MemInfo: [/proc/self/status]	VmRSS:	  145860 kB
20220313 045034.153 INFO             PET1 PIOc_freedecomp Exit - MemInfo: [/proc/self/status]	VmData:	  209276 kB
20220313 045034.153 INFO             PET1 PIOc_freedecomp Exit - MemInfo: [/proc/self/status]	VmStk:	     520 kB
20220313 045034.153 INFO             PET1 PIOc_freedecomp Exit - MemInfo: [/proc/self/status]	VmExe:	    1844 kB
20220313 045034.153 INFO             PET1 PIOc_freedecomp Exit - MemInfo: [/proc/self/status]	VmLib:	  122112 kB
20220313 045034.153 INFO             PET1 PIOc_freedecomp Exit - MemInfo: [/proc/self/status]	VmPTE:	     920 kB
20220313 045034.153 INFO             PET1 PIOc_freedecomp Exit - MemInfo: [/proc/self/status]	VmSwap:	       0 kB
20220313 045034.153 INFO             PET1 PIOc_freedecomp Exit - MemInfo: [/proc/self/status]	VmRSSPercent: 0.0742506 %
20220313 045034.153 INFO             PET1 PIOc_freedecomp Exit - MemInfo: [malloc] Non-mmapped space allocated:                 2142208 Byte
20220313 045034.153 INFO             PET1 PIOc_freedecomp Exit - MemInfo: [malloc] Space allocated in mmapped regions:         84254720 Byte
20220313 045034.153 INFO             PET1 PIOc_freedecomp Exit - MemInfo: [malloc] Maximum total allocated space:                     0 Byte
20220313 045034.153 INFO             PET1 PIOc_freedecomp Exit - MemInfo: [malloc] Space in freed fastbin blocks:                   352 Byte
20220313 045034.153 INFO             PET1 PIOc_freedecomp Exit - MemInfo: [malloc] Total allocated space:                       2043312 Byte
20220313 045034.153 INFO             PET1 PIOc_freedecomp Exit - MemInfo: [malloc] Total free space:                              98896 Byte
20220313 045034.153 INFO             PET1 PIOc_freedecomp Exit - MemInfo: [malloc] Top-most, releasable space:                    95600 Byte
20220313 045034.153 INFO             PET1 PIOc_freedecomp Exit - MemInfo: [malloc] Total space in use, mmap + non-mmap:        86298032 Byte
20220313 045034.153 INFO             PET1 PIOc_freedecomp Exit - MemInfo: [malloc] Total space held (mmap + non-mmap):         86396928 Byte
20220313 045034.153 INFO             PET1 PIOc_freedecomp Exit - MemInfo: [malloc] Total space used (mmap + non-mmap):         86307408 Byte
20220313 045034.153 INFO             PET1 PIOc_freedecomp Exit - MemInfo: Wall-clock time since execution start:                1.69853 seconds
20220313 045034.167 INFO             PET1  PASS  ESMF_OutputWeightFile, ESMF_IOUTest.F90, line 81
20220313 045034.273 INFO             PET1  PASS  call ESMF_OutputWeightFile with empty factor list on four PETs, ESMF_IOUTest.F90, line 191
20220313 045034.273 INFO             PET1  Ending Test, file ESMF_IOUTest.F90, line 201
20220313 045034.273 INFO             PET1 Finalizing ESMF
20220313 045032.899 INFO             PET2 !!!!!!!!!!!!!!!!!!!!!!!!!!!!!!!!!!!!!!!!!!!!!!!!!!!!!!
20220313 045032.899 INFO             PET2 !!! THE ESMF_LOG IS SET TO OUTPUT ALL LOG MESSAGES !!!
20220313 045032.899 INFO             PET2 !!!     THIS MAY CAUSE SLOWDOWN IN PERFORMANCE     !!!
20220313 045032.899 INFO             PET2 !!! FOR PRODUCTION RUNS, USE:                      !!!
20220313 045032.899 INFO             PET2 !!!                   ESMF_LOGKIND_Multi_On_Error  !!!
20220313 045032.899 INFO             PET2 !!!!!!!!!!!!!!!!!!!!!!!!!!!!!!!!!!!!!!!!!!!!!!!!!!!!!!
20220313 045032.899 INFO             PET2 Running with ESMF Version   : v8.3.0b09-96-g559b459
20220313 045032.899 INFO             PET2 ESMF library build date/time: "Mar 13 2022" "03:19:47"
20220313 045032.899 INFO             PET2 ESMF library build location : /work/noaa/da/mpotts/sandbox/intel_2020_intelmpi_O_jedwards_pio_update2
20220313 045032.899 INFO             PET2 ESMF_COMM                   : intelmpi
20220313 045032.911 INFO             PET2 ESMF_MOAB                   : enabled
20220313 045032.911 INFO             PET2 ESMF_LAPACK                 : enabled
20220313 045032.911 INFO             PET2 ESMF_NETCDF                 : enabled
20220313 045032.911 INFO             PET2 ESMF_PNETCDF                : disabled
20220313 045032.911 INFO             PET2 ESMF_PIO                    : enabled
20220313 045032.911 INFO             PET2 ESMF_YAMLCPP                : enabled
20220313 045032.925 INFO             PET2  Beginning Test, file ESMF_IOUTest.F90, line 57
20220313 045032.925 INFO             PET2  NUMBER_OF_PROCESSORS           4
20220313 045032.925 INFO             PET2 Starting Test:  ESMF_OutputWeightFile
20220313 045033.400 INFO             PET2 PIOc_sync Enter - MemInfo: [/proc/meminfo - SSI]	MemTotal:       196442796 kB
20220313 045033.400 INFO             PET2 PIOc_sync Enter - MemInfo: [/proc/meminfo - SSI]	MemFree:        187436092 kB
20220313 045033.400 INFO             PET2 PIOc_sync Enter - MemInfo: [/proc/meminfo - SSI]	MemAvailable:   191344708 kB
20220313 045033.400 INFO             PET2 PIOc_sync Enter - MemInfo: [/proc/meminfo - SSI]	Committed_AS:    1308936 kB
20220313 045033.400 INFO             PET2 PIOc_sync Enter - MemInfo: [/proc/meminfo - SSI]	CommittedPercent: 0.666319 %
20220313 045033.400 INFO             PET2 PIOc_sync Enter - MemInfo: [/proc/self/status]	VmPeak:	 3775928 kB
20220313 045033.400 INFO             PET2 PIOc_sync Enter - MemInfo: [/proc/self/status]	VmSize:	 3775928 kB
20220313 045033.400 INFO             PET2 PIOc_sync Enter - MemInfo: [/proc/self/status]	VmLck:	       0 kB
20220313 045033.400 INFO             PET2 PIOc_sync Enter - MemInfo: [/proc/self/status]	VmPin:	   69756 kB
20220313 045033.400 INFO             PET2 PIOc_sync Enter - MemInfo: [/proc/self/status]	VmHWM:	  136636 kB
20220313 045033.400 INFO             PET2 PIOc_sync Enter - MemInfo: [/proc/self/status]	VmRSS:	  136636 kB
20220313 045033.400 INFO             PET2 PIOc_sync Enter - MemInfo: [/proc/self/status]	VmData:	  199032 kB
20220313 045033.400 INFO             PET2 PIOc_sync Enter - MemInfo: [/proc/self/status]	VmStk:	     520 kB
20220313 045033.400 INFO             PET2 PIOc_sync Enter - MemInfo: [/proc/self/status]	VmExe:	    1844 kB
20220313 045033.400 INFO             PET2 PIOc_sync Enter - MemInfo: [/proc/self/status]	VmLib:	  122112 kB
20220313 045033.400 INFO             PET2 PIOc_sync Enter - MemInfo: [/proc/self/status]	VmPTE:	     868 kB
20220313 045033.400 INFO             PET2 PIOc_sync Enter - MemInfo: [/proc/self/status]	VmSwap:	       0 kB
20220313 045033.400 INFO             PET2 PIOc_sync Enter - MemInfo: [/proc/self/status]	VmRSSPercent: 0.0695551 %
20220313 045033.400 INFO             PET2 PIOc_sync Enter - MemInfo: [malloc] Non-mmapped space allocated:                 2142208 Byte
20220313 045033.400 INFO             PET2 PIOc_sync Enter - MemInfo: [malloc] Space allocated in mmapped regions:         71667712 Byte
20220313 045033.400 INFO             PET2 PIOc_sync Enter - MemInfo: [malloc] Maximum total allocated space:                     0 Byte
20220313 045033.400 INFO             PET2 PIOc_sync Enter - MemInfo: [malloc] Space in freed fastbin blocks:                   672 Byte
20220313 045033.400 INFO             PET2 PIOc_sync Enter - MemInfo: [malloc] Total allocated space:                       2046240 Byte
20220313 045033.400 INFO             PET2 PIOc_sync Enter - MemInfo: [malloc] Total free space:                              95968 Byte
20220313 045033.400 INFO             PET2 PIOc_sync Enter - MemInfo: [malloc] Top-most, releasable space:                    94720 Byte
20220313 045033.400 INFO             PET2 PIOc_sync Enter - MemInfo: [malloc] Total space in use, mmap + non-mmap:        73713952 Byte
20220313 045033.400 INFO             PET2 PIOc_sync Enter - MemInfo: [malloc] Total space held (mmap + non-mmap):         73809920 Byte
20220313 045033.400 INFO             PET2 PIOc_sync Enter - MemInfo: [malloc] Total space used (mmap + non-mmap):         73723344 Byte
20220313 045033.400 INFO             PET2 PIOc_sync Enter - MemInfo: Wall-clock time since execution start:               0.957591 seconds
20220313 045033.413 INFO             PET2 PIOc_sync Exit - MemInfo: [/proc/meminfo - SSI]	MemTotal:       196442796 kB
20220313 045033.413 INFO             PET2 PIOc_sync Exit - MemInfo: [/proc/meminfo - SSI]	MemFree:        187436092 kB
20220313 045033.413 INFO             PET2 PIOc_sync Exit - MemInfo: [/proc/meminfo - SSI]	MemAvailable:   191344708 kB
20220313 045033.413 INFO             PET2 PIOc_sync Exit - MemInfo: [/proc/meminfo - SSI]	Committed_AS:    1308936 kB
20220313 045033.413 INFO             PET2 PIOc_sync Exit - MemInfo: [/proc/meminfo - SSI]	CommittedPercent: 0.666319 %
20220313 045033.413 INFO             PET2 PIOc_sync Exit - MemInfo: [/proc/self/status]	VmPeak:	 3775928 kB
20220313 045033.413 INFO             PET2 PIOc_sync Exit - MemInfo: [/proc/self/status]	VmSize:	 3775928 kB
20220313 045033.413 INFO             PET2 PIOc_sync Exit - MemInfo: [/proc/self/status]	VmLck:	       0 kB
20220313 045033.413 INFO             PET2 PIOc_sync Exit - MemInfo: [/proc/self/status]	VmPin:	   69756 kB
20220313 045033.413 INFO             PET2 PIOc_sync Exit - MemInfo: [/proc/self/status]	VmHWM:	  136780 kB
20220313 045033.413 INFO             PET2 PIOc_sync Exit - MemInfo: [/proc/self/status]	VmRSS:	  136780 kB
20220313 045033.413 INFO             PET2 PIOc_sync Exit - MemInfo: [/proc/self/status]	VmData:	  199032 kB
20220313 045033.413 INFO             PET2 PIOc_sync Exit - MemInfo: [/proc/self/status]	VmStk:	     520 kB
20220313 045033.413 INFO             PET2 PIOc_sync Exit - MemInfo: [/proc/self/status]	VmExe:	    1844 kB
20220313 045033.413 INFO             PET2 PIOc_sync Exit - MemInfo: [/proc/self/status]	VmLib:	  122112 kB
20220313 045033.413 INFO             PET2 PIOc_sync Exit - MemInfo: [/proc/self/status]	VmPTE:	     868 kB
20220313 045033.413 INFO             PET2 PIOc_sync Exit - MemInfo: [/proc/self/status]	VmSwap:	       0 kB
20220313 045033.413 INFO             PET2 PIOc_sync Exit - MemInfo: [/proc/self/status]	VmRSSPercent: 0.0696284 %
20220313 045033.413 INFO             PET2 PIOc_sync Exit - MemInfo: [malloc] Non-mmapped space allocated:                 2142208 Byte
20220313 045033.413 INFO             PET2 PIOc_sync Exit - MemInfo: [malloc] Space allocated in mmapped regions:         71667712 Byte
20220313 045033.413 INFO             PET2 PIOc_sync Exit - MemInfo: [malloc] Maximum total allocated space:                     0 Byte
20220313 045033.413 INFO             PET2 PIOc_sync Exit - MemInfo: [malloc] Space in freed fastbin blocks:                   192 Byte
20220313 045033.413 INFO             PET2 PIOc_sync Exit - MemInfo: [malloc] Total allocated space:                       2045408 Byte
20220313 045033.413 INFO             PET2 PIOc_sync Exit - MemInfo: [malloc] Total free space:                              96800 Byte
20220313 045033.413 INFO             PET2 PIOc_sync Exit - MemInfo: [malloc] Top-most, releasable space:                    96144 Byte
20220313 045033.413 INFO             PET2 PIOc_sync Exit - MemInfo: [malloc] Total space in use, mmap + non-mmap:        73713120 Byte
20220313 045033.413 INFO             PET2 PIOc_sync Exit - MemInfo: [malloc] Total space held (mmap + non-mmap):         73809920 Byte
20220313 045033.413 INFO             PET2 PIOc_sync Exit - MemInfo: [malloc] Total space used (mmap + non-mmap):         73722496 Byte
20220313 045033.413 INFO             PET2 PIOc_sync Exit - MemInfo: Wall-clock time since execution start:               0.970282 seconds
20220313 045033.437 INFO             PET2 PIOc_freedecomp Enter - MemInfo: [/proc/meminfo - SSI]	MemTotal:       196442796 kB
20220313 045033.437 INFO             PET2 PIOc_freedecomp Enter - MemInfo: [/proc/meminfo - SSI]	MemFree:        187443104 kB
20220313 045033.437 INFO             PET2 PIOc_freedecomp Enter - MemInfo: [/proc/meminfo - SSI]	MemAvailable:   191351720 kB
20220313 045033.437 INFO             PET2 PIOc_freedecomp Enter - MemInfo: [/proc/meminfo - SSI]	Committed_AS:    1301212 kB
20220313 045033.437 INFO             PET2 PIOc_freedecomp Enter - MemInfo: [/proc/meminfo - SSI]	CommittedPercent: 0.662387 %
20220313 045033.437 INFO             PET2 PIOc_freedecomp Enter - MemInfo: [/proc/self/status]	VmPeak:	 3775928 kB
20220313 045033.437 INFO             PET2 PIOc_freedecomp Enter - MemInfo: [/proc/self/status]	VmSize:	 3775928 kB
20220313 045033.437 INFO             PET2 PIOc_freedecomp Enter - MemInfo: [/proc/self/status]	VmLck:	       0 kB
