build time -- 2022-03-13 03:22:08
20220313 044118.883 INFO             PET0 !!!!!!!!!!!!!!!!!!!!!!!!!!!!!!!!!!!!!!!!!!!!!!!!!!!!!!
20220313 044118.884 INFO             PET0 !!! THE ESMF_LOG IS SET TO OUTPUT ALL LOG MESSAGES !!!
20220313 044118.884 INFO             PET0 !!!     THIS MAY CAUSE SLOWDOWN IN PERFORMANCE     !!!
20220313 044118.884 INFO             PET0 !!! FOR PRODUCTION RUNS, USE:                      !!!
20220313 044118.884 INFO             PET0 !!!                   ESMF_LOGKIND_Multi_On_Error  !!!
20220313 044118.884 INFO             PET0 !!!!!!!!!!!!!!!!!!!!!!!!!!!!!!!!!!!!!!!!!!!!!!!!!!!!!!
20220313 044118.884 INFO             PET0 Running with ESMF Version   : v8.3.0b09-96-g559b459
20220313 044119.113 INFO             PET0 ESMF library build date/time: "Mar 13 2022" "03:19:47"
20220313 044119.113 INFO             PET0 ESMF library build location : /work/noaa/da/mpotts/sandbox/intel_2020_intelmpi_O_jedwards_pio_update2
20220313 044119.113 INFO             PET0 ESMF_COMM                   : intelmpi
20220313 044119.115 INFO             PET0 ESMF_MOAB                   : enabled
20220313 044119.116 INFO             PET0 ESMF_LAPACK                 : enabled
20220313 044119.116 INFO             PET0 ESMF_NETCDF                 : enabled
20220313 044119.116 INFO             PET0 ESMF_PNETCDF                : disabled
20220313 044119.116 INFO             PET0 ESMF_PIO                    : enabled
20220313 044119.116 INFO             PET0 ESMF_YAMLCPP                : enabled
20220313 044119.142 INFO             PET0  Beginning Test, file ESMF_RouteHandleAdvancedUTest.F90, line 346
20220313 044119.142 INFO             PET0  NUMBER_OF_PROCESSORS           4
20220313 044119.858 INFO             PET0 ESMF_FieldRedistStoreNF(): Just entered routine.
20220313 044121.911 INFO             PET0 ESMF_FieldRedistStoreNF(): Leaving routine.
20220313 044121.911 INFO             PET0  PASS  Create RouteHandle for the original petList, ESMF_RouteHandleAdvancedUTest.F90, line 511
20220313 044121.911 INFO             PET0  PASS  Test RouteHandleIsCreated(), ESMF_RouteHandleAdvancedUTest.F90, line 519
20220313 044121.911 INFO             PET0  PASS  Test RouteHandleIsCreated() return value, ESMF_RouteHandleAdvancedUTest.F90, line 526
20220313 044121.911 INFO             PET0  PASS  Test RouteHandleGet(), ESMF_RouteHandleAdvancedUTest.F90, line 534
20220313 044122.512 INFO             PET0  PASS  Test RouteHandleWrite(), ESMF_RouteHandleAdvancedUTest.F90, line 542
20220313 044122.513 INFO             PET0  PASS  Test RouteHandleDestroy(), ESMF_RouteHandleAdvancedUTest.F90, line 550
20220313 044122.791 INFO             PET0  PASS  Test RouteHandleCreate(from file), ESMF_RouteHandleAdvancedUTest.F90, line 558
20220313 044122.792 INFO             PET0  PASS  Apply the read in Routehandle, ESMF_RouteHandleAdvancedUTest.F90, line 567
20220313 044122.792 INFO             PET0  PASS  Test RouteHandleDestroy() for the read in Routehandle, ESMF_RouteHandleAdvancedUTest.F90, line 575
20220313 044122.792 INFO             PET0 ESMF_FieldRedistStoreNF(): Just entered routine.
20220313 044124.883 INFO             PET0 ESMF_FieldRedistStoreNF(): Leaving routine.
20220313 044124.883 INFO             PET0  PASS  Create RouteHandle for the original petList, ESMF_RouteHandleAdvancedUTest.F90, line 585
20220313 044124.883 INFO             PET0  PASS  Transfer RouteHandle to a different petList, ESMF_RouteHandleAdvancedUTest.F90, line 602
20220313 044125.219 INFO             PET0 PIOc_sync Enter - MemInfo: [/proc/meminfo - SSI]	MemTotal:       196442796 kB
20220313 044125.219 INFO             PET0 PIOc_sync Enter - MemInfo: [/proc/meminfo - SSI]	MemFree:        187248104 kB
20220313 044125.219 INFO             PET0 PIOc_sync Enter - MemInfo: [/proc/meminfo - SSI]	MemAvailable:   191288044 kB
20220313 044125.219 INFO             PET0 PIOc_sync Enter - MemInfo: [/proc/meminfo - SSI]	Committed_AS:    1425300 kB
20220313 044125.219 INFO             PET0 PIOc_sync Enter - MemInfo: [/proc/meminfo - SSI]	CommittedPercent: 0.725555 %
20220313 044125.219 INFO             PET0 PIOc_sync Enter - MemInfo: [/proc/self/status]	VmPeak:	 3809352 kB
20220313 044125.219 INFO             PET0 PIOc_sync Enter - MemInfo: [/proc/self/status]	VmSize:	 3809352 kB
20220313 044125.219 INFO             PET0 PIOc_sync Enter - MemInfo: [/proc/self/status]	VmLck:	       0 kB
20220313 044125.219 INFO             PET0 PIOc_sync Enter - MemInfo: [/proc/self/status]	VmPin:	   69756 kB
20220313 044125.219 INFO             PET0 PIOc_sync Enter - MemInfo: [/proc/self/status]	VmHWM:	  170824 kB
20220313 044125.219 INFO             PET0 PIOc_sync Enter - MemInfo: [/proc/self/status]	VmRSS:	  170824 kB
20220313 044125.219 INFO             PET0 PIOc_sync Enter - MemInfo: [/proc/self/status]	VmData:	  232436 kB
20220313 044125.219 INFO             PET0 PIOc_sync Enter - MemInfo: [/proc/self/status]	VmStk:	     520 kB
20220313 044125.219 INFO             PET0 PIOc_sync Enter - MemInfo: [/proc/self/status]	VmExe:	    1864 kB
20220313 044125.219 INFO             PET0 PIOc_sync Enter - MemInfo: [/proc/self/status]	VmLib:	  122112 kB
20220313 044125.219 INFO             PET0 PIOc_sync Enter - MemInfo: [/proc/self/status]	VmPTE:	     956 kB
20220313 044125.219 INFO             PET0 PIOc_sync Enter - MemInfo: [/proc/self/status]	VmSwap:	       0 kB
20220313 044125.219 INFO             PET0 PIOc_sync Enter - MemInfo: [/proc/self/status]	VmRSSPercent: 0.0869586 %
20220313 044125.219 INFO             PET0 PIOc_sync Enter - MemInfo: [malloc] Non-mmapped space allocated:                13275136 Byte
20220313 044125.219 INFO             PET0 PIOc_sync Enter - MemInfo: [malloc] Space allocated in mmapped regions:         80060416 Byte
20220313 044125.219 INFO             PET0 PIOc_sync Enter - MemInfo: [malloc] Maximum total allocated space:                     0 Byte
20220313 044125.219 INFO             PET0 PIOc_sync Enter - MemInfo: [malloc] Space in freed fastbin blocks:                   512 Byte
20220313 044125.219 INFO             PET0 PIOc_sync Enter - MemInfo: [malloc] Total allocated space:                       3930240 Byte
20220313 044125.219 INFO             PET0 PIOc_sync Enter - MemInfo: [malloc] Total free space:                            9344896 Byte
20220313 044125.219 INFO             PET0 PIOc_sync Enter - MemInfo: [malloc] Top-most, releasable space:                  2491136 Byte
20220313 044125.219 INFO             PET0 PIOc_sync Enter - MemInfo: [malloc] Total space in use, mmap + non-mmap:        83990656 Byte
20220313 044125.219 INFO             PET0 PIOc_sync Enter - MemInfo: [malloc] Total space held (mmap + non-mmap):         93335552 Byte
20220313 044125.219 INFO             PET0 PIOc_sync Enter - MemInfo: [malloc] Total space used (mmap + non-mmap):         84000048 Byte
20220313 044125.219 INFO             PET0 PIOc_sync Enter - MemInfo: Wall-clock time since execution start:                6.77134 seconds
20220313 044125.232 INFO             PET0 PIOc_sync Exit - MemInfo: [/proc/meminfo - SSI]	MemTotal:       196442796 kB
20220313 044125.232 INFO             PET0 PIOc_sync Exit - MemInfo: [/proc/meminfo - SSI]	MemFree:        187266248 kB
20220313 044125.232 INFO             PET0 PIOc_sync Exit - MemInfo: [/proc/meminfo - SSI]	MemAvailable:   191288264 kB
20220313 044125.232 INFO             PET0 PIOc_sync Exit - MemInfo: [/proc/meminfo - SSI]	Committed_AS:    1425300 kB
20220313 044125.232 INFO             PET0 PIOc_sync Exit - MemInfo: [/proc/meminfo - SSI]	CommittedPercent: 0.725555 %
20220313 044125.232 INFO             PET0 PIOc_sync Exit - MemInfo: [/proc/self/status]	VmPeak:	 3809352 kB
20220313 044125.232 INFO             PET0 PIOc_sync Exit - MemInfo: [/proc/self/status]	VmSize:	 3809352 kB
20220313 044125.232 INFO             PET0 PIOc_sync Exit - MemInfo: [/proc/self/status]	VmLck:	       0 kB
20220313 044125.232 INFO             PET0 PIOc_sync Exit - MemInfo: [/proc/self/status]	VmPin:	   69756 kB
20220313 044125.232 INFO             PET0 PIOc_sync Exit - MemInfo: [/proc/self/status]	VmHWM:	  170988 kB
20220313 044125.232 INFO             PET0 PIOc_sync Exit - MemInfo: [/proc/self/status]	VmRSS:	  170988 kB
20220313 044125.232 INFO             PET0 PIOc_sync Exit - MemInfo: [/proc/self/status]	VmData:	  232436 kB
20220313 044125.232 INFO             PET0 PIOc_sync Exit - MemInfo: [/proc/self/status]	VmStk:	     520 kB
20220313 044125.232 INFO             PET0 PIOc_sync Exit - MemInfo: [/proc/self/status]	VmExe:	    1864 kB
20220313 044125.232 INFO             PET0 PIOc_sync Exit - MemInfo: [/proc/self/status]	VmLib:	  122112 kB
20220313 044125.232 INFO             PET0 PIOc_sync Exit - MemInfo: [/proc/self/status]	VmPTE:	     956 kB
20220313 044125.232 INFO             PET0 PIOc_sync Exit - MemInfo: [/proc/self/status]	VmSwap:	       0 kB
20220313 044125.232 INFO             PET0 PIOc_sync Exit - MemInfo: [/proc/self/status]	VmRSSPercent: 0.0870421 %
20220313 044125.232 INFO             PET0 PIOc_sync Exit - MemInfo: [malloc] Non-mmapped space allocated:                13275136 Byte
20220313 044125.232 INFO             PET0 PIOc_sync Exit - MemInfo: [malloc] Space allocated in mmapped regions:         80060416 Byte
20220313 044125.232 INFO             PET0 PIOc_sync Exit - MemInfo: [malloc] Maximum total allocated space:                     0 Byte
20220313 044125.232 INFO             PET0 PIOc_sync Exit - MemInfo: [malloc] Space in freed fastbin blocks:                   720 Byte
20220313 044125.232 INFO             PET0 PIOc_sync Exit - MemInfo: [malloc] Total allocated space:                       3929504 Byte
20220313 044125.232 INFO             PET0 PIOc_sync Exit - MemInfo: [malloc] Total free space:                            9345632 Byte
20220313 044125.232 INFO             PET0 PIOc_sync Exit - MemInfo: [malloc] Top-most, releasable space:                  2491136 Byte
20220313 044125.232 INFO             PET0 PIOc_sync Exit - MemInfo: [malloc] Total space in use, mmap + non-mmap:        83989920 Byte
20220313 044125.232 INFO             PET0 PIOc_sync Exit - MemInfo: [malloc] Total space held (mmap + non-mmap):         93335552 Byte
20220313 044125.232 INFO             PET0 PIOc_sync Exit - MemInfo: [malloc] Total space used (mmap + non-mmap):         83999296 Byte
20220313 044125.232 INFO             PET0 PIOc_sync Exit - MemInfo: Wall-clock time since execution start:                 6.7847 seconds
20220313 044125.233 INFO             PET0 PIOc_freedecomp Enter - MemInfo: [/proc/meminfo - SSI]	MemTotal:       196442796 kB
20220313 044125.233 INFO             PET0 PIOc_freedecomp Enter - MemInfo: [/proc/meminfo - SSI]	MemFree:        187274284 kB
20220313 044125.233 INFO             PET0 PIOc_freedecomp Enter - MemInfo: [/proc/meminfo - SSI]	MemAvailable:   191294284 kB
20220313 044125.233 INFO             PET0 PIOc_freedecomp Enter - MemInfo: [/proc/meminfo - SSI]	Committed_AS:    1417272 kB
20220313 044125.233 INFO             PET0 PIOc_freedecomp Enter - MemInfo: [/proc/meminfo - SSI]	CommittedPercent: 0.721468 %
20220313 044125.233 INFO             PET0 PIOc_freedecomp Enter - MemInfo: [/proc/self/status]	VmPeak:	 3809352 kB
20220313 044125.233 INFO             PET0 PIOc_freedecomp Enter - MemInfo: [/proc/self/status]	VmSize:	 3801156 kB
20220313 044125.233 INFO             PET0 PIOc_freedecomp Enter - MemInfo: [/proc/self/status]	VmLck:	       0 kB
20220313 044125.233 INFO             PET0 PIOc_freedecomp Enter - MemInfo: [/proc/self/status]	VmPin:	   69756 kB
20220313 044125.233 INFO             PET0 PIOc_freedecomp Enter - MemInfo: [/proc/self/status]	VmHWM:	  170988 kB
20220313 044125.233 INFO             PET0 PIOc_freedecomp Enter - MemInfo: [/proc/self/status]	VmRSS:	  162804 kB
20220313 044125.233 INFO             PET0 PIOc_freedecomp Enter - MemInfo: [/proc/self/status]	VmData:	  224240 kB
20220313 044125.233 INFO             PET0 PIOc_freedecomp Enter - MemInfo: [/proc/self/status]	VmStk:	     520 kB
20220313 044125.233 INFO             PET0 PIOc_freedecomp Enter - MemInfo: [/proc/self/status]	VmExe:	    1864 kB
20220313 044125.233 INFO             PET0 PIOc_freedecomp Enter - MemInfo: [/proc/self/status]	VmLib:	  122112 kB
20220313 044125.233 INFO             PET0 PIOc_freedecomp Enter - MemInfo: [/proc/self/status]	VmPTE:	     940 kB
20220313 044125.233 INFO             PET0 PIOc_freedecomp Enter - MemInfo: [/proc/self/status]	VmSwap:	       0 kB
20220313 044125.233 INFO             PET0 PIOc_freedecomp Enter - MemInfo: [/proc/self/status]	VmRSSPercent: 0.082876 %
20220313 044125.233 INFO             PET0 PIOc_freedecomp Enter - MemInfo: [malloc] Non-mmapped space allocated:                13275136 Byte
20220313 044125.234 INFO             PET0 PIOc_freedecomp Enter - MemInfo: [malloc] Space allocated in mmapped regions:         71667712 Byte
20220313 044125.234 INFO             PET0 PIOc_freedecomp Enter - MemInfo: [malloc] Maximum total allocated space:                     0 Byte
20220313 044125.234 INFO             PET0 PIOc_freedecomp Enter - MemInfo: [malloc] Space in freed fastbin blocks:                   608 Byte
20220313 044125.234 INFO             PET0 PIOc_freedecomp Enter - MemInfo: [malloc] Total allocated space:                       3391904 Byte
20220313 044125.234 INFO             PET0 PIOc_freedecomp Enter - MemInfo: [malloc] Total free space:                            9883232 Byte
20220313 044125.234 INFO             PET0 PIOc_freedecomp Enter - MemInfo: [malloc] Top-most, releasable space:                  2491136 Byte
20220313 044125.234 INFO             PET0 PIOc_freedecomp Enter - MemInfo: [malloc] Total space in use, mmap + non-mmap:        75059616 Byte
20220313 044125.234 INFO             PET0 PIOc_freedecomp Enter - MemInfo: [malloc] Total space held (mmap + non-mmap):         84942848 Byte
20220313 044125.234 INFO             PET0 PIOc_freedecomp Enter - MemInfo: [malloc] Total space used (mmap + non-mmap):         75069008 Byte
20220313 044125.234 INFO             PET0 PIOc_freedecomp Enter - MemInfo: Wall-clock time since execution start:                6.78589 seconds
20220313 044125.234 INFO             PET0 PIOc_freedecomp Exit - MemInfo: [/proc/meminfo - SSI]	MemTotal:       196442796 kB
20220313 044125.234 INFO             PET0 PIOc_freedecomp Exit - MemInfo: [/proc/meminfo - SSI]	MemFree:        187275292 kB
20220313 044125.234 INFO             PET0 PIOc_freedecomp Exit - MemInfo: [/proc/meminfo - SSI]	MemAvailable:   191293780 kB
20220313 044125.234 INFO             PET0 PIOc_freedecomp Exit - MemInfo: [/proc/meminfo - SSI]	Committed_AS:    1417272 kB
20220313 044125.234 INFO             PET0 PIOc_freedecomp Exit - MemInfo: [/proc/meminfo - SSI]	CommittedPercent: 0.721468 %
20220313 044125.234 INFO             PET0 PIOc_freedecomp Exit - MemInfo: [/proc/self/status]	VmPeak:	 3809352 kB
20220313 044125.234 INFO             PET0 PIOc_freedecomp Exit - MemInfo: [/proc/self/status]	VmSize:	 3801156 kB
20220313 044125.234 INFO             PET0 PIOc_freedecomp Exit - MemInfo: [/proc/self/status]	VmLck:	       0 kB
20220313 044125.234 INFO             PET0 PIOc_freedecomp Exit - MemInfo: [/proc/self/status]	VmPin:	   69756 kB
20220313 044125.234 INFO             PET0 PIOc_freedecomp Exit - MemInfo: [/proc/self/status]	VmHWM:	  170988 kB
20220313 044125.234 INFO             PET0 PIOc_freedecomp Exit - MemInfo: [/proc/self/status]	VmRSS:	  162804 kB
20220313 044125.234 INFO             PET0 PIOc_freedecomp Exit - MemInfo: [/proc/self/status]	VmData:	  224240 kB
20220313 044125.234 INFO             PET0 PIOc_freedecomp Exit - MemInfo: [/proc/self/status]	VmStk:	     520 kB
20220313 044125.234 INFO             PET0 PIOc_freedecomp Exit - MemInfo: [/proc/self/status]	VmExe:	    1864 kB
20220313 044125.234 INFO             PET0 PIOc_freedecomp Exit - MemInfo: [/proc/self/status]	VmLib:	  122112 kB
20220313 044125.234 INFO             PET0 PIOc_freedecomp Exit - MemInfo: [/proc/self/status]	VmPTE:	     940 kB
20220313 044125.234 INFO             PET0 PIOc_freedecomp Exit - MemInfo: [/proc/self/status]	VmSwap:	       0 kB
20220313 044125.234 INFO             PET0 PIOc_freedecomp Exit - MemInfo: [/proc/self/status]	VmRSSPercent: 0.082876 %
20220313 044125.234 INFO             PET0 PIOc_freedecomp Exit - MemInfo: [malloc] Non-mmapped space allocated:                13275136 Byte
20220313 044125.234 INFO             PET0 PIOc_freedecomp Exit - MemInfo: [malloc] Space allocated in mmapped regions:         71667712 Byte
20220313 044125.234 INFO             PET0 PIOc_freedecomp Exit - MemInfo: [malloc] Maximum total allocated space:                     0 Byte
20220313 044125.234 INFO             PET0 PIOc_freedecomp Exit - MemInfo: [malloc] Space in freed fastbin blocks:                   848 Byte
20220313 044125.234 INFO             PET0 PIOc_freedecomp Exit - MemInfo: [malloc] Total allocated space:                       3390448 Byte
20220313 044125.234 INFO             PET0 PIOc_freedecomp Exit - MemInfo: [malloc] Total free space:                            9884688 Byte
20220313 044125.234 INFO             PET0 PIOc_freedecomp Exit - MemInfo: [malloc] Top-most, releasable space:                  2491136 Byte
20220313 044125.234 INFO             PET0 PIOc_freedecomp Exit - MemInfo: [malloc] Total space in use, mmap + non-mmap:        75058160 Byte
20220313 044125.234 INFO             PET0 PIOc_freedecomp Exit - MemInfo: [malloc] Total space held (mmap + non-mmap):         84942848 Byte
20220313 044125.234 INFO             PET0 PIOc_freedecomp Exit - MemInfo: [malloc] Total space used (mmap + non-mmap):         75067552 Byte
20220313 044125.234 INFO             PET0 PIOc_freedecomp Exit - MemInfo: Wall-clock time since execution start:                6.78652 seconds
20220313 044125.575 INFO             PET0 PIOc_sync Enter - MemInfo: [/proc/meminfo - SSI]	MemTotal:       196442796 kB
20220313 044125.575 INFO             PET0 PIOc_sync Enter - MemInfo: [/proc/meminfo - SSI]	MemFree:        187303732 kB
20220313 044125.575 INFO             PET0 PIOc_sync Enter - MemInfo: [/proc/meminfo - SSI]	MemAvailable:   191291476 kB
20220313 044125.575 INFO             PET0 PIOc_sync Enter - MemInfo: [/proc/meminfo - SSI]	Committed_AS:    1423172 kB
20220313 044125.575 INFO             PET0 PIOc_sync Enter - MemInfo: [/proc/meminfo - SSI]	CommittedPercent: 0.724471 %
20220313 044125.575 INFO             PET0 PIOc_sync Enter - MemInfo: [/proc/self/status]	VmPeak:	 3809352 kB
20220313 044125.575 INFO             PET0 PIOc_sync Enter - MemInfo: [/proc/self/status]	VmSize:	 3807044 kB
20220313 044125.575 INFO             PET0 PIOc_sync Enter - MemInfo: [/proc/self/status]	VmLck:	       0 kB
20220313 044125.575 INFO             PET0 PIOc_sync Enter - MemInfo: [/proc/self/status]	VmPin:	   69756 kB
20220313 044125.575 INFO             PET0 PIOc_sync Enter - MemInfo: [/proc/self/status]	VmHWM:	  170988 kB
20220313 044125.575 INFO             PET0 PIOc_sync Enter - MemInfo: [/proc/self/status]	VmRSS:	  166752 kB
20220313 044125.575 INFO             PET0 PIOc_sync Enter - MemInfo: [/proc/self/status]	VmData:	  230128 kB
20220313 044125.575 INFO             PET0 PIOc_sync Enter - MemInfo: [/proc/self/status]	VmStk:	     520 kB
20220313 044125.575 INFO             PET0 PIOc_sync Enter - MemInfo: [/proc/self/status]	VmExe:	    1864 kB
20220313 044125.575 INFO             PET0 PIOc_sync Enter - MemInfo: [/proc/self/status]	VmLib:	  122112 kB
20220313 044125.575 INFO             PET0 PIOc_sync Enter - MemInfo: [/proc/self/status]	VmPTE:	     948 kB
20220313 044125.575 INFO             PET0 PIOc_sync Enter - MemInfo: [/proc/self/status]	VmSwap:	       0 kB
20220313 044125.575 INFO             PET0 PIOc_sync Enter - MemInfo: [/proc/self/status]	VmRSSPercent: 0.0848858 %
20220313 044125.575 INFO             PET0 PIOc_sync Enter - MemInfo: [malloc] Non-mmapped space allocated:                19304448 Byte
20220313 044125.575 INFO             PET0 PIOc_sync Enter - MemInfo: [malloc] Space allocated in mmapped regions:         71667712 Byte
20220313 044125.575 INFO             PET0 PIOc_sync Enter - MemInfo: [malloc] Maximum total allocated space:                     0 Byte
20220313 044125.575 INFO             PET0 PIOc_sync Enter - MemInfo: [malloc] Space in freed fastbin blocks:                  1632 Byte
20220313 044125.575 INFO             PET0 PIOc_sync Enter - MemInfo: [malloc] Total allocated space:                      12319584 Byte
20220313 044125.575 INFO             PET0 PIOc_sync Enter - MemInfo: [malloc] Total free space:                            6984864 Byte
20220313 044125.575 INFO             PET0 PIOc_sync Enter - MemInfo: [malloc] Top-most, releasable space:                   131824 Byte
20220313 044125.575 INFO             PET0 PIOc_sync Enter - MemInfo: [malloc] Total space in use, mmap + non-mmap:        83987296 Byte
20220313 044125.575 INFO             PET0 PIOc_sync Enter - MemInfo: [malloc] Total space held (mmap + non-mmap):         90972160 Byte
20220313 044125.575 INFO             PET0 PIOc_sync Enter - MemInfo: [malloc] Total space used (mmap + non-mmap):         83996672 Byte
20220313 044125.575 INFO             PET0 PIOc_sync Enter - MemInfo: Wall-clock time since execution start:                 7.1269 seconds
20220313 044125.610 INFO             PET0 PIOc_sync Exit - MemInfo: [/proc/meminfo - SSI]	MemTotal:       196442796 kB
20220313 044125.610 INFO             PET0 PIOc_sync Exit - MemInfo: [/proc/meminfo - SSI]	MemFree:        187303732 kB
20220313 044125.610 INFO             PET0 PIOc_sync Exit - MemInfo: [/proc/meminfo - SSI]	MemAvailable:   191291476 kB
20220313 044125.610 INFO             PET0 PIOc_sync Exit - MemInfo: [/proc/meminfo - SSI]	Committed_AS:    1423172 kB
20220313 044125.610 INFO             PET0 PIOc_sync Exit - MemInfo: [/proc/meminfo - SSI]	CommittedPercent: 0.724471 %
20220313 044125.610 INFO             PET0 PIOc_sync Exit - MemInfo: [/proc/self/status]	VmPeak:	 3809352 kB
20220313 044125.610 INFO             PET0 PIOc_sync Exit - MemInfo: [/proc/self/status]	VmSize:	 3807044 kB
20220313 044125.610 INFO             PET0 PIOc_sync Exit - MemInfo: [/proc/self/status]	VmLck:	       0 kB
20220313 044125.610 INFO             PET0 PIOc_sync Exit - MemInfo: [/proc/self/status]	VmPin:	   69756 kB
20220313 044125.610 INFO             PET0 PIOc_sync Exit - MemInfo: [/proc/self/status]	VmHWM:	  170988 kB
20220313 044125.610 INFO             PET0 PIOc_sync Exit - MemInfo: [/proc/self/status]	VmRSS:	  166756 kB
20220313 044125.610 INFO             PET0 PIOc_sync Exit - MemInfo: [/proc/self/status]	VmData:	  230128 kB
20220313 044125.610 INFO             PET0 PIOc_sync Exit - MemInfo: [/proc/self/status]	VmStk:	     520 kB
20220313 044125.610 INFO             PET0 PIOc_sync Exit - MemInfo: [/proc/self/status]	VmExe:	    1864 kB
20220313 044125.610 INFO             PET0 PIOc_sync Exit - MemInfo: [/proc/self/status]	VmLib:	  122112 kB
20220313 044125.610 INFO             PET0 PIOc_sync Exit - MemInfo: [/proc/self/status]	VmPTE:	     948 kB
20220313 044125.610 INFO             PET0 PIOc_sync Exit - MemInfo: [/proc/self/status]	VmSwap:	       0 kB
20220313 044125.610 INFO             PET0 PIOc_sync Exit - MemInfo: [/proc/self/status]	VmRSSPercent: 0.0848878 %
20220313 044125.610 INFO             PET0 PIOc_sync Exit - MemInfo: [malloc] Non-mmapped space allocated:                19304448 Byte
20220313 044125.610 INFO             PET0 PIOc_sync Exit - MemInfo: [malloc] Space allocated in mmapped regions:         71667712 Byte
20220313 044125.610 INFO             PET0 PIOc_sync Exit - MemInfo: [malloc] Maximum total allocated space:                     0 Byte
20220313 044125.610 INFO             PET0 PIOc_sync Exit - MemInfo: [malloc] Space in freed fastbin blocks:                   720 Byte
20220313 044125.610 INFO             PET0 PIOc_sync Exit - MemInfo: [malloc] Total allocated space:                      12318848 Byte
20220313 044125.610 INFO             PET0 PIOc_sync Exit - MemInfo: [malloc] Total free space:                            6985600 Byte
20220313 044125.610 INFO             PET0 PIOc_sync Exit - MemInfo: [malloc] Top-most, releasable space:                   131824 Byte
20220313 044125.610 INFO             PET0 PIOc_sync Exit - MemInfo: [malloc] Total space in use, mmap + non-mmap:        83986560 Byte
20220313 044125.610 INFO             PET0 PIOc_sync Exit - MemInfo: [malloc] Total space held (mmap + non-mmap):         90972160 Byte
20220313 044125.611 INFO             PET0 PIOc_sync Exit - MemInfo: [malloc] Total space used (mmap + non-mmap):         83995936 Byte
20220313 044125.611 INFO             PET0 PIOc_sync Exit - MemInfo: Wall-clock time since execution start:                7.16193 seconds
20220313 044125.611 INFO             PET0 PIOc_freedecomp Enter - MemInfo: [/proc/meminfo - SSI]	MemTotal:       196442796 kB
20220313 044125.611 INFO             PET0 PIOc_freedecomp Enter - MemInfo: [/proc/meminfo - SSI]	MemFree:        187303732 kB
20220313 044125.611 INFO             PET0 PIOc_freedecomp Enter - MemInfo: [/proc/meminfo - SSI]	MemAvailable:   191291476 kB
20220313 044125.611 INFO             PET0 PIOc_freedecomp Enter - MemInfo: [/proc/meminfo - SSI]	Committed_AS:    1423172 kB
20220313 044125.611 INFO             PET0 PIOc_freedecomp Enter - MemInfo: [/proc/meminfo - SSI]	CommittedPercent: 0.724471 %
20220313 044125.611 INFO             PET0 PIOc_freedecomp Enter - MemInfo: [/proc/self/status]	VmPeak:	 3809352 kB
20220313 044125.611 INFO             PET0 PIOc_freedecomp Enter - MemInfo: [/proc/self/status]	VmSize:	 3807044 kB
20220313 044125.611 INFO             PET0 PIOc_freedecomp Enter - MemInfo: [/proc/self/status]	VmLck:	       0 kB
20220313 044125.611 INFO             PET0 PIOc_freedecomp Enter - MemInfo: [/proc/self/status]	VmPin:	   69756 kB
20220313 044125.611 INFO             PET0 PIOc_freedecomp Enter - MemInfo: [/proc/self/status]	VmHWM:	  170988 kB
20220313 044125.611 INFO             PET0 PIOc_freedecomp Enter - MemInfo: [/proc/self/status]	VmRSS:	  166756 kB
20220313 044125.611 INFO             PET0 PIOc_freedecomp Enter - MemInfo: [/proc/self/status]	VmData:	  230128 kB
20220313 044125.611 INFO             PET0 PIOc_freedecomp Enter - MemInfo: [/proc/self/status]	VmStk:	     520 kB
20220313 044125.611 INFO             PET0 PIOc_freedecomp Enter - MemInfo: [/proc/self/status]	VmExe:	    1864 kB
20220313 044125.611 INFO             PET0 PIOc_freedecomp Enter - MemInfo: [/proc/self/status]	VmLib:	  122112 kB
20220313 044125.611 INFO             PET0 PIOc_freedecomp Enter - MemInfo: [/proc/self/status]	VmPTE:	     948 kB
20220313 044125.611 INFO             PET0 PIOc_freedecomp Enter - MemInfo: [/proc/self/status]	VmSwap:	       0 kB
20220313 044125.611 INFO             PET0 PIOc_freedecomp Enter - MemInfo: [/proc/self/status]	VmRSSPercent: 0.0848878 %
20220313 044125.611 INFO             PET0 PIOc_freedecomp Enter - MemInfo: [malloc] Non-mmapped space allocated:                19304448 Byte
20220313 044125.611 INFO             PET0 PIOc_freedecomp Enter - MemInfo: [malloc] Space allocated in mmapped regions:         71667712 Byte
20220313 044125.611 INFO             PET0 PIOc_freedecomp Enter - MemInfo: [malloc] Maximum total allocated space:                     0 Byte
20220313 044125.611 INFO             PET0 PIOc_freedecomp Enter - MemInfo: [malloc] Space in freed fastbin blocks:                   608 Byte
20220313 044125.611 INFO             PET0 PIOc_freedecomp Enter - MemInfo: [malloc] Total allocated space:                       3391904 Byte
20220313 044125.611 INFO             PET0 PIOc_freedecomp Enter - MemInfo: [malloc] Total free space:                           15912544 Byte
20220313 044125.611 INFO             PET0 PIOc_freedecomp Enter - MemInfo: [malloc] Top-most, releasable space:                  8520448 Byte
20220313 044125.611 INFO             PET0 PIOc_freedecomp Enter - MemInfo: [malloc] Total space in use, mmap + non-mmap:        75059616 Byte
20220313 044125.611 INFO             PET0 PIOc_freedecomp Enter - MemInfo: [malloc] Total space held (mmap + non-mmap):         90972160 Byte
20220313 044125.611 INFO             PET0 PIOc_freedecomp Enter - MemInfo: [malloc] Total space used (mmap + non-mmap):         75069008 Byte
20220313 044125.611 INFO             PET0 PIOc_freedecomp Enter - MemInfo: Wall-clock time since execution start:                7.16283 seconds
20220313 044125.612 INFO             PET0 PIOc_freedecomp Exit - MemInfo: [/proc/meminfo - SSI]	MemTotal:       196442796 kB
20220313 044125.612 INFO             PET0 PIOc_freedecomp Exit - MemInfo: [/proc/meminfo - SSI]	MemFree:        187303732 kB
20220313 044125.612 INFO             PET0 PIOc_freedecomp Exit - MemInfo: [/proc/meminfo - SSI]	MemAvailable:   191291476 kB
20220313 044125.612 INFO             PET0 PIOc_freedecomp Exit - MemInfo: [/proc/meminfo - SSI]	Committed_AS:    1423172 kB
20220313 044125.612 INFO             PET0 PIOc_freedecomp Exit - MemInfo: [/proc/meminfo - SSI]	CommittedPercent: 0.724471 %
20220313 044125.612 INFO             PET0 PIOc_freedecomp Exit - MemInfo: [/proc/self/status]	VmPeak:	 3809352 kB
20220313 044125.612 INFO             PET0 PIOc_freedecomp Exit - MemInfo: [/proc/self/status]	VmSize:	 3807044 kB
20220313 044125.612 INFO             PET0 PIOc_freedecomp Exit - MemInfo: [/proc/self/status]	VmLck:	       0 kB
20220313 044125.612 INFO             PET0 PIOc_freedecomp Exit - MemInfo: [/proc/self/status]	VmPin:	   69756 kB
20220313 044125.612 INFO             PET0 PIOc_freedecomp Exit - MemInfo: [/proc/self/status]	VmHWM:	  170988 kB
20220313 044125.612 INFO             PET0 PIOc_freedecomp Exit - MemInfo: [/proc/self/status]	VmRSS:	  166756 kB
20220313 044125.612 INFO             PET0 PIOc_freedecomp Exit - MemInfo: [/proc/self/status]	VmData:	  230128 kB
20220313 044125.612 INFO             PET0 PIOc_freedecomp Exit - MemInfo: [/proc/self/status]	VmStk:	     520 kB
20220313 044125.612 INFO             PET0 PIOc_freedecomp Exit - MemInfo: [/proc/self/status]	VmExe:	    1864 kB
20220313 044125.612 INFO             PET0 PIOc_freedecomp Exit - MemInfo: [/proc/self/status]	VmLib:	  122112 kB
20220313 044125.612 INFO             PET0 PIOc_freedecomp Exit - MemInfo: [/proc/self/status]	VmPTE:	     948 kB
20220313 044125.612 INFO             PET0 PIOc_freedecomp Exit - MemInfo: [/proc/self/status]	VmSwap:	       0 kB
20220313 044125.612 INFO             PET0 PIOc_freedecomp Exit - MemInfo: [/proc/self/status]	VmRSSPercent: 0.0848878 %
20220313 044125.612 INFO             PET0 PIOc_freedecomp Exit - MemInfo: [malloc] Non-mmapped space allocated:                19304448 Byte
20220313 044125.612 INFO             PET0 PIOc_freedecomp Exit - MemInfo: [malloc] Space allocated in mmapped regions:         71667712 Byte
20220313 044125.612 INFO             PET0 PIOc_freedecomp Exit - MemInfo: [malloc] Maximum total allocated space:                     0 Byte
20220313 044125.612 INFO             PET0 PIOc_freedecomp Exit - MemInfo: [malloc] Space in freed fastbin blocks:                   896 Byte
20220313 044125.612 INFO             PET0 PIOc_freedecomp Exit - MemInfo: [malloc] Total allocated space:                       3390448 Byte
20220313 044125.612 INFO             PET0 PIOc_freedecomp Exit - MemInfo: [malloc] Total free space:                           15914000 Byte
20220313 044125.612 INFO             PET0 PIOc_freedecomp Exit - MemInfo: [malloc] Top-most, releasable space:                  8520448 Byte
20220313 044125.612 INFO             PET0 PIOc_freedecomp Exit - MemInfo: [malloc] Total space in use, mmap + non-mmap:        75058160 Byte
20220313 044125.612 INFO             PET0 PIOc_freedecomp Exit - MemInfo: [malloc] Total space held (mmap + non-mmap):         90972160 Byte
20220313 044125.612 INFO             PET0 PIOc_freedecomp Exit - MemInfo: [malloc] Total space used (mmap + non-mmap):         75067552 Byte
20220313 044125.612 INFO             PET0 PIOc_freedecomp Exit - MemInfo: Wall-clock time since execution start:                 7.1634 seconds
20220313 044125.963 INFO             PET0 PIOc_sync Enter - MemInfo: [/proc/meminfo - SSI]	MemTotal:       196442796 kB
20220313 044125.963 INFO             PET0 PIOc_sync Enter - MemInfo: [/proc/meminfo - SSI]	MemFree:        187305404 kB
20220313 044125.963 INFO             PET0 PIOc_sync Enter - MemInfo: [/proc/meminfo - SSI]	MemAvailable:   191292040 kB
20220313 044125.963 INFO             PET0 PIOc_sync Enter - MemInfo: [/proc/meminfo - SSI]	Committed_AS:    1423172 kB
20220313 044125.963 INFO             PET0 PIOc_sync Enter - MemInfo: [/proc/meminfo - SSI]	CommittedPercent: 0.724471 %
20220313 044125.963 INFO             PET0 PIOc_sync Enter - MemInfo: [/proc/self/status]	VmPeak:	 3809352 kB
20220313 044125.963 INFO             PET0 PIOc_sync Enter - MemInfo: [/proc/self/status]	VmSize:	 3807044 kB
20220313 044125.963 INFO             PET0 PIOc_sync Enter - MemInfo: [/proc/self/status]	VmLck:	       0 kB
20220313 044125.963 INFO             PET0 PIOc_sync Enter - MemInfo: [/proc/self/status]	VmPin:	   69756 kB
20220313 044125.963 INFO             PET0 PIOc_sync Enter - MemInfo: [/proc/self/status]	VmHWM:	  170988 kB
20220313 044125.963 INFO             PET0 PIOc_sync Enter - MemInfo: [/proc/self/status]	VmRSS:	  166800 kB
20220313 044125.963 INFO             PET0 PIOc_sync Enter - MemInfo: [/proc/self/status]	VmData:	  230128 kB
20220313 044125.963 INFO             PET0 PIOc_sync Enter - MemInfo: [/proc/self/status]	VmStk:	     520 kB
20220313 044125.963 INFO             PET0 PIOc_sync Enter - MemInfo: [/proc/self/status]	VmExe:	    1864 kB
20220313 044125.963 INFO             PET0 PIOc_sync Enter - MemInfo: [/proc/self/status]	VmLib:	  122112 kB
20220313 044125.963 INFO             PET0 PIOc_sync Enter - MemInfo: [/proc/self/status]	VmPTE:	     948 kB
20220313 044125.963 INFO             PET0 PIOc_sync Enter - MemInfo: [/proc/self/status]	VmSwap:	       0 kB
20220313 044125.964 INFO             PET0 PIOc_sync Enter - MemInfo: [/proc/self/status]	VmRSSPercent: 0.0849102 %
20220313 044125.964 INFO             PET0 PIOc_sync Enter - MemInfo: [malloc] Non-mmapped space allocated:                19304448 Byte
20220313 044125.964 INFO             PET0 PIOc_sync Enter - MemInfo: [malloc] Space allocated in mmapped regions:         71667712 Byte
20220313 044125.964 INFO             PET0 PIOc_sync Enter - MemInfo: [malloc] Maximum total allocated space:                     0 Byte
20220313 044125.964 INFO             PET0 PIOc_sync Enter - MemInfo: [malloc] Space in freed fastbin blocks:                  2160 Byte
20220313 044125.964 INFO             PET0 PIOc_sync Enter - MemInfo: [malloc] Total allocated space:                      12320336 Byte
20220313 044125.964 INFO             PET0 PIOc_sync Enter - MemInfo: [malloc] Total free space:                            6984112 Byte
20220313 044125.964 INFO             PET0 PIOc_sync Enter - MemInfo: [malloc] Top-most, releasable space:                   131824 Byte
20220313 044125.964 INFO             PET0 PIOc_sync Enter - MemInfo: [malloc] Total space in use, mmap + non-mmap:        83988048 Byte
20220313 044125.964 INFO             PET0 PIOc_sync Enter - MemInfo: [malloc] Total space held (mmap + non-mmap):         90972160 Byte
20220313 044125.964 INFO             PET0 PIOc_sync Enter - MemInfo: [malloc] Total space used (mmap + non-mmap):         83997424 Byte
20220313 044125.964 INFO             PET0 PIOc_sync Enter - MemInfo: Wall-clock time since execution start:                7.51417 seconds
20220313 044125.989 INFO             PET0 PIOc_sync Exit - MemInfo: [/proc/meminfo - SSI]	MemTotal:       196442796 kB
20220313 044125.989 INFO             PET0 PIOc_sync Exit - MemInfo: [/proc/meminfo - SSI]	MemFree:        187305404 kB
20220313 044125.989 INFO             PET0 PIOc_sync Exit - MemInfo: [/proc/meminfo - SSI]	MemAvailable:   191292040 kB
20220313 044125.989 INFO             PET0 PIOc_sync Exit - MemInfo: [/proc/meminfo - SSI]	Committed_AS:    1423172 kB
20220313 044125.989 INFO             PET0 PIOc_sync Exit - MemInfo: [/proc/meminfo - SSI]	CommittedPercent: 0.724471 %
20220313 044125.989 INFO             PET0 PIOc_sync Exit - MemInfo: [/proc/self/status]	VmPeak:	 3809352 kB
20220313 044125.989 INFO             PET0 PIOc_sync Exit - MemInfo: [/proc/self/status]	VmSize:	 3807044 kB
20220313 044125.989 INFO             PET0 PIOc_sync Exit - MemInfo: [/proc/self/status]	VmLck:	       0 kB
20220313 044125.989 INFO             PET0 PIOc_sync Exit - MemInfo: [/proc/self/status]	VmPin:	   69756 kB
20220313 044125.989 INFO             PET0 PIOc_sync Exit - MemInfo: [/proc/self/status]	VmHWM:	  170988 kB
20220313 044125.989 INFO             PET0 PIOc_sync Exit - MemInfo: [/proc/self/status]	VmRSS:	  166808 kB
20220313 044125.989 INFO             PET0 PIOc_sync Exit - MemInfo: [/proc/self/status]	VmData:	  230128 kB
20220313 044125.989 INFO             PET0 PIOc_sync Exit - MemInfo: [/proc/self/status]	VmStk:	     520 kB
20220313 044125.989 INFO             PET0 PIOc_sync Exit - MemInfo: [/proc/self/status]	VmExe:	    1864 kB
20220313 044125.989 INFO             PET0 PIOc_sync Exit - MemInfo: [/proc/self/status]	VmLib:	  122112 kB
20220313 044125.989 INFO             PET0 PIOc_sync Exit - MemInfo: [/proc/self/status]	VmPTE:	     948 kB
20220313 044125.989 INFO             PET0 PIOc_sync Exit - MemInfo: [/proc/self/status]	VmSwap:	       0 kB
20220313 044125.989 INFO             PET0 PIOc_sync Exit - MemInfo: [/proc/self/status]	VmRSSPercent: 0.0849143 %
20220313 044125.989 INFO             PET0 PIOc_sync Exit - MemInfo: [malloc] Non-mmapped space allocated:                19304448 Byte
20220313 044125.989 INFO             PET0 PIOc_sync Exit - MemInfo: [malloc] Space allocated in mmapped regions:         71667712 Byte
20220313 044125.989 INFO             PET0 PIOc_sync Exit - MemInfo: [malloc] Maximum total allocated space:                     0 Byte
20220313 044125.989 INFO             PET0 PIOc_sync Exit - MemInfo: [malloc] Space in freed fastbin blocks:                   720 Byte
20220313 044125.989 INFO             PET0 PIOc_sync Exit - MemInfo: [malloc] Total allocated space:                      12319600 Byte
20220313 044125.989 INFO             PET0 PIOc_sync Exit - MemInfo: [malloc] Total free space:                            6984848 Byte
20220313 044125.989 INFO             PET0 PIOc_sync Exit - MemInfo: [malloc] Top-most, releasable space:                   131824 Byte
20220313 044125.989 INFO             PET0 PIOc_sync Exit - MemInfo: [malloc] Total space in use, mmap + non-mmap:        83987312 Byte
20220313 044125.990 INFO             PET0 PIOc_sync Exit - MemInfo: [malloc] Total space held (mmap + non-mmap):         90972160 Byte
20220313 044125.990 INFO             PET0 PIOc_sync Exit - MemInfo: [malloc] Total space used (mmap + non-mmap):         83996688 Byte
20220313 044125.990 INFO             PET0 PIOc_sync Exit - MemInfo: Wall-clock time since execution start:                7.54004 seconds
20220313 044125.990 INFO             PET0 PIOc_freedecomp Enter - MemInfo: [/proc/meminfo - SSI]	MemTotal:       196442796 kB
20220313 044125.990 INFO             PET0 PIOc_freedecomp Enter - MemInfo: [/proc/meminfo - SSI]	MemFree:        187305404 kB
20220313 044125.990 INFO             PET0 PIOc_freedecomp Enter - MemInfo: [/proc/meminfo - SSI]	MemAvailable:   191292040 kB
20220313 044125.990 INFO             PET0 PIOc_freedecomp Enter - MemInfo: [/proc/meminfo - SSI]	Committed_AS:    1423172 kB
20220313 044125.990 INFO             PET0 PIOc_freedecomp Enter - MemInfo: [/proc/meminfo - SSI]	CommittedPercent: 0.724471 %
20220313 044125.990 INFO             PET0 PIOc_freedecomp Enter - MemInfo: [/proc/self/status]	VmPeak:	 3809352 kB
20220313 044125.990 INFO             PET0 PIOc_freedecomp Enter - MemInfo: [/proc/self/status]	VmSize:	 3807044 kB
20220313 044125.990 INFO             PET0 PIOc_freedecomp Enter - MemInfo: [/proc/self/status]	VmLck:	       0 kB
20220313 044125.990 INFO             PET0 PIOc_freedecomp Enter - MemInfo: [/proc/self/status]	VmPin:	   69756 kB
20220313 044125.990 INFO             PET0 PIOc_freedecomp Enter - MemInfo: [/proc/self/status]	VmHWM:	  170988 kB
20220313 044125.990 INFO             PET0 PIOc_freedecomp Enter - MemInfo: [/proc/self/status]	VmRSS:	  166808 kB
20220313 044125.990 INFO             PET0 PIOc_freedecomp Enter - MemInfo: [/proc/self/status]	VmData:	  230128 kB
20220313 044125.990 INFO             PET0 PIOc_freedecomp Enter - MemInfo: [/proc/self/status]	VmStk:	     520 kB
20220313 044125.990 INFO             PET0 PIOc_freedecomp Enter - MemInfo: [/proc/self/status]	VmExe:	    1864 kB
20220313 044125.990 INFO             PET0 PIOc_freedecomp Enter - MemInfo: [/proc/self/status]	VmLib:	  122112 kB
20220313 044125.990 INFO             PET0 PIOc_freedecomp Enter - MemInfo: [/proc/self/status]	VmPTE:	     948 kB
20220313 044125.990 INFO             PET0 PIOc_freedecomp Enter - MemInfo: [/proc/self/status]	VmSwap:	       0 kB
20220313 044125.990 INFO             PET0 PIOc_freedecomp Enter - MemInfo: [/proc/self/status]	VmRSSPercent: 0.0849143 %
20220313 044125.990 INFO             PET0 PIOc_freedecomp Enter - MemInfo: [malloc] Non-mmapped space allocated:                19304448 Byte
20220313 044125.990 INFO             PET0 PIOc_freedecomp Enter - MemInfo: [malloc] Space allocated in mmapped regions:         71667712 Byte
20220313 044125.990 INFO             PET0 PIOc_freedecomp Enter - MemInfo: [malloc] Maximum total allocated space:                     0 Byte
20220313 044125.990 INFO             PET0 PIOc_freedecomp Enter - MemInfo: [malloc] Space in freed fastbin blocks:                   480 Byte
20220313 044125.990 INFO             PET0 PIOc_freedecomp Enter - MemInfo: [malloc] Total allocated space:                       3391904 Byte
20220313 044125.990 INFO             PET0 PIOc_freedecomp Enter - MemInfo: [malloc] Total free space:                           15912544 Byte
20220313 044125.990 INFO             PET0 PIOc_freedecomp Enter - MemInfo: [malloc] Top-most, releasable space:                  8520448 Byte
20220313 044125.990 INFO             PET0 PIOc_freedecomp Enter - MemInfo: [malloc] Total space in use, mmap + non-mmap:        75059616 Byte
20220313 044125.990 INFO             PET0 PIOc_freedecomp Enter - MemInfo: [malloc] Total space held (mmap + non-mmap):         90972160 Byte
20220313 044125.990 INFO             PET0 PIOc_freedecomp Enter - MemInfo: [malloc] Total space used (mmap + non-mmap):         75068992 Byte
20220313 044125.990 INFO             PET0 PIOc_freedecomp Enter - MemInfo: Wall-clock time since execution start:                7.54095 seconds
20220313 044125.991 INFO             PET0 PIOc_freedecomp Exit - MemInfo: [/proc/meminfo - SSI]	MemTotal:       196442796 kB
20220313 044125.991 INFO             PET0 PIOc_freedecomp Exit - MemInfo: [/proc/meminfo - SSI]	MemFree:        187305404 kB
20220313 044125.991 INFO             PET0 PIOc_freedecomp Exit - MemInfo: [/proc/meminfo - SSI]	MemAvailable:   191292040 kB
20220313 044125.991 INFO             PET0 PIOc_freedecomp Exit - MemInfo: [/proc/meminfo - SSI]	Committed_AS:    1423172 kB
20220313 044125.991 INFO             PET0 PIOc_freedecomp Exit - MemInfo: [/proc/meminfo - SSI]	CommittedPercent: 0.724471 %
20220313 044125.991 INFO             PET0 PIOc_freedecomp Exit - MemInfo: [/proc/self/status]	VmPeak:	 3809352 kB
20220313 044125.991 INFO             PET0 PIOc_freedecomp Exit - MemInfo: [/proc/self/status]	VmSize:	 3807044 kB
20220313 044125.991 INFO             PET0 PIOc_freedecomp Exit - MemInfo: [/proc/self/status]	VmLck:	       0 kB
20220313 044125.991 INFO             PET0 PIOc_freedecomp Exit - MemInfo: [/proc/self/status]	VmPin:	   69756 kB
20220313 044125.991 INFO             PET0 PIOc_freedecomp Exit - MemInfo: [/proc/self/status]	VmHWM:	  170988 kB
20220313 044125.991 INFO             PET0 PIOc_freedecomp Exit - MemInfo: [/proc/self/status]	VmRSS:	  166808 kB
20220313 044125.991 INFO             PET0 PIOc_freedecomp Exit - MemInfo: [/proc/self/status]	VmData:	  230128 kB
20220313 044125.991 INFO             PET0 PIOc_freedecomp Exit - MemInfo: [/proc/self/status]	VmStk:	     520 kB
20220313 044125.991 INFO             PET0 PIOc_freedecomp Exit - MemInfo: [/proc/self/status]	VmExe:	    1864 kB
20220313 044125.991 INFO             PET0 PIOc_freedecomp Exit - MemInfo: [/proc/self/status]	VmLib:	  122112 kB
20220313 044125.991 INFO             PET0 PIOc_freedecomp Exit - MemInfo: [/proc/self/status]	VmPTE:	     948 kB
20220313 044125.991 INFO             PET0 PIOc_freedecomp Exit - MemInfo: [/proc/self/status]	VmSwap:	       0 kB
20220313 044125.991 INFO             PET0 PIOc_freedecomp Exit - MemInfo: [/proc/self/status]	VmRSSPercent: 0.0849143 %
20220313 044125.991 INFO             PET0 PIOc_freedecomp Exit - MemInfo: [malloc] Non-mmapped space allocated:                19304448 Byte
20220313 044125.991 INFO             PET0 PIOc_freedecomp Exit - MemInfo: [malloc] Space allocated in mmapped regions:         71667712 Byte
20220313 044125.991 INFO             PET0 PIOc_freedecomp Exit - MemInfo: [malloc] Maximum total allocated space:                     0 Byte
20220313 044125.991 INFO             PET0 PIOc_freedecomp Exit - MemInfo: [malloc] Space in freed fastbin blocks:                   848 Byte
20220313 044125.991 INFO             PET0 PIOc_freedecomp Exit - MemInfo: [malloc] Total allocated space:                       3390448 Byte
20220313 044125.991 INFO             PET0 PIOc_freedecomp Exit - MemInfo: [malloc] Total free space:                           15914000 Byte
20220313 044125.991 INFO             PET0 PIOc_freedecomp Exit - MemInfo: [malloc] Top-most, releasable space:                  8520448 Byte
20220313 044125.991 INFO             PET0 PIOc_freedecomp Exit - MemInfo: [malloc] Total space in use, mmap + non-mmap:        75058160 Byte
20220313 044125.991 INFO             PET0 PIOc_freedecomp Exit - MemInfo: [malloc] Total space held (mmap + non-mmap):         90972160 Byte
20220313 044125.991 INFO             PET0 PIOc_freedecomp Exit - MemInfo: [malloc] Total space used (mmap + non-mmap):         75067552 Byte
20220313 044125.991 INFO             PET0 PIOc_freedecomp Exit - MemInfo: Wall-clock time since execution start:                7.54152 seconds
20220313 044126.312 INFO             PET0 PIOc_sync Enter - MemInfo: [/proc/meminfo - SSI]	MemTotal:       196442796 kB
20220313 044126.312 INFO             PET0 PIOc_sync Enter - MemInfo: [/proc/meminfo - SSI]	MemFree:        187327580 kB
20220313 044126.312 INFO             PET0 PIOc_sync Enter - MemInfo: [/proc/meminfo - SSI]	MemAvailable:   191292260 kB
20220313 044126.312 INFO             PET0 PIOc_sync Enter - MemInfo: [/proc/meminfo - SSI]	Committed_AS:    1423172 kB
20220313 044126.312 INFO             PET0 PIOc_sync Enter - MemInfo: [/proc/meminfo - SSI]	CommittedPercent: 0.724471 %
20220313 044126.312 INFO             PET0 PIOc_sync Enter - MemInfo: [/proc/self/status]	VmPeak:	 3809352 kB
20220313 044126.312 INFO             PET0 PIOc_sync Enter - MemInfo: [/proc/self/status]	VmSize:	 3807044 kB
20220313 044126.312 INFO             PET0 PIOc_sync Enter - MemInfo: [/proc/self/status]	VmLck:	       0 kB
20220313 044126.312 INFO             PET0 PIOc_sync Enter - MemInfo: [/proc/self/status]	VmPin:	   69756 kB
20220313 044126.312 INFO             PET0 PIOc_sync Enter - MemInfo: [/proc/self/status]	VmHWM:	  170988 kB
20220313 044126.312 INFO             PET0 PIOc_sync Enter - MemInfo: [/proc/self/status]	VmRSS:	  166852 kB
20220313 044126.312 INFO             PET0 PIOc_sync Enter - MemInfo: [/proc/self/status]	VmData:	  230128 kB
20220313 044126.312 INFO             PET0 PIOc_sync Enter - MemInfo: [/proc/self/status]	VmStk:	     520 kB
20220313 044126.312 INFO             PET0 PIOc_sync Enter - MemInfo: [/proc/self/status]	VmExe:	    1864 kB
20220313 044126.312 INFO             PET0 PIOc_sync Enter - MemInfo: [/proc/self/status]	VmLib:	  122112 kB
20220313 044126.312 INFO             PET0 PIOc_sync Enter - MemInfo: [/proc/self/status]	VmPTE:	     948 kB
20220313 044126.312 INFO             PET0 PIOc_sync Enter - MemInfo: [/proc/self/status]	VmSwap:	       0 kB
20220313 044126.312 INFO             PET0 PIOc_sync Enter - MemInfo: [/proc/self/status]	VmRSSPercent: 0.0849367 %
20220313 044126.313 INFO             PET0 PIOc_sync Enter - MemInfo: [malloc] Non-mmapped space allocated:                19304448 Byte
20220313 044126.313 INFO             PET0 PIOc_sync Enter - MemInfo: [malloc] Space allocated in mmapped regions:         71667712 Byte
20220313 044126.313 INFO             PET0 PIOc_sync Enter - MemInfo: [malloc] Maximum total allocated space:                     0 Byte
20220313 044126.313 INFO             PET0 PIOc_sync Enter - MemInfo: [malloc] Space in freed fastbin blocks:                  3024 Byte
20220313 044126.313 INFO             PET0 PIOc_sync Enter - MemInfo: [malloc] Total allocated space:                      12321072 Byte
20220313 044126.313 INFO             PET0 PIOc_sync Enter - MemInfo: [malloc] Total free space:                            6983376 Byte
20220313 044126.313 INFO             PET0 PIOc_sync Enter - MemInfo: [malloc] Top-most, releasable space:                   131824 Byte
20220313 044126.313 INFO             PET0 PIOc_sync Enter - MemInfo: [malloc] Total space in use, mmap + non-mmap:        83988784 Byte
20220313 044126.313 INFO             PET0 PIOc_sync Enter - MemInfo: [malloc] Total space held (mmap + non-mmap):         90972160 Byte
20220313 044126.313 INFO             PET0 PIOc_sync Enter - MemInfo: [malloc] Total space used (mmap + non-mmap):         83998160 Byte
20220313 044126.313 INFO             PET0 PIOc_sync Enter - MemInfo: Wall-clock time since execution start:                7.86238 seconds
20220313 044126.338 INFO             PET0 PIOc_sync Exit - MemInfo: [/proc/meminfo - SSI]	MemTotal:       196442796 kB
20220313 044126.338 INFO             PET0 PIOc_sync Exit - MemInfo: [/proc/meminfo - SSI]	MemFree:        187327580 kB
20220313 044126.338 INFO             PET0 PIOc_sync Exit - MemInfo: [/proc/meminfo - SSI]	MemAvailable:   191292260 kB
20220313 044126.338 INFO             PET0 PIOc_sync Exit - MemInfo: [/proc/meminfo - SSI]	Committed_AS:    1423172 kB
20220313 044126.338 INFO             PET0 PIOc_sync Exit - MemInfo: [/proc/meminfo - SSI]	CommittedPercent: 0.724471 %
20220313 044126.338 INFO             PET0 PIOc_sync Exit - MemInfo: [/proc/self/status]	VmPeak:	 3809352 kB
20220313 044126.338 INFO             PET0 PIOc_sync Exit - MemInfo: [/proc/self/status]	VmSize:	 3807044 kB
20220313 044126.338 INFO             PET0 PIOc_sync Exit - MemInfo: [/proc/self/status]	VmLck:	       0 kB
20220313 044126.338 INFO             PET0 PIOc_sync Exit - MemInfo: [/proc/self/status]	VmPin:	   69756 kB
20220313 044126.338 INFO             PET0 PIOc_sync Exit - MemInfo: [/proc/self/status]	VmHWM:	  170988 kB
20220313 044126.338 INFO             PET0 PIOc_sync Exit - MemInfo: [/proc/self/status]	VmRSS:	  166860 kB
20220313 044126.338 INFO             PET0 PIOc_sync Exit - MemInfo: [/proc/self/status]	VmData:	  230128 kB
20220313 044126.338 INFO             PET0 PIOc_sync Exit - MemInfo: [/proc/self/status]	VmStk:	     520 kB
20220313 044126.338 INFO             PET0 PIOc_sync Exit - MemInfo: [/proc/self/status]	VmExe:	    1864 kB
20220313 044126.338 INFO             PET0 PIOc_sync Exit - MemInfo: [/proc/self/status]	VmLib:	  122112 kB
20220313 044126.338 INFO             PET0 PIOc_sync Exit - MemInfo: [/proc/self/status]	VmPTE:	     948 kB
20220313 044126.338 INFO             PET0 PIOc_sync Exit - MemInfo: [/proc/self/status]	VmSwap:	       0 kB
20220313 044126.338 INFO             PET0 PIOc_sync Exit - MemInfo: [/proc/self/status]	VmRSSPercent: 0.0849408 %
20220313 044126.338 INFO             PET0 PIOc_sync Exit - MemInfo: [malloc] Non-mmapped space allocated:                19304448 Byte
20220313 044126.338 INFO             PET0 PIOc_sync Exit - MemInfo: [malloc] Space allocated in mmapped regions:         71667712 Byte
20220313 044126.339 INFO             PET0 PIOc_sync Exit - MemInfo: [malloc] Maximum total allocated space:                     0 Byte
20220313 044126.339 INFO             PET0 PIOc_sync Exit - MemInfo: [malloc] Space in freed fastbin blocks:                   816 Byte
20220313 044126.339 INFO             PET0 PIOc_sync Exit - MemInfo: [malloc] Total allocated space:                      12320336 Byte
20220313 044126.339 INFO             PET0 PIOc_sync Exit - MemInfo: [malloc] Total free space:                            6984112 Byte
20220313 044126.339 INFO             PET0 PIOc_sync Exit - MemInfo: [malloc] Top-most, releasable space:                   131824 Byte
20220313 044126.339 INFO             PET0 PIOc_sync Exit - MemInfo: [malloc] Total space in use, mmap + non-mmap:        83988048 Byte
20220313 044126.339 INFO             PET0 PIOc_sync Exit - MemInfo: [malloc] Total space held (mmap + non-mmap):         90972160 Byte
20220313 044126.339 INFO             PET0 PIOc_sync Exit - MemInfo: [malloc] Total space used (mmap + non-mmap):         83997424 Byte
20220313 044126.339 INFO             PET0 PIOc_sync Exit - MemInfo: Wall-clock time since execution start:                7.88829 seconds
20220313 044126.339 INFO             PET0 PIOc_freedecomp Enter - MemInfo: [/proc/meminfo - SSI]	MemTotal:       196442796 kB
20220313 044126.339 INFO             PET0 PIOc_freedecomp Enter - MemInfo: [/proc/meminfo - SSI]	MemFree:        187327580 kB
20220313 044126.339 INFO             PET0 PIOc_freedecomp Enter - MemInfo: [/proc/meminfo - SSI]	MemAvailable:   191292260 kB
20220313 044126.339 INFO             PET0 PIOc_freedecomp Enter - MemInfo: [/proc/meminfo - SSI]	Committed_AS:    1423172 kB
20220313 044126.339 INFO             PET0 PIOc_freedecomp Enter - MemInfo: [/proc/meminfo - SSI]	CommittedPercent: 0.724471 %
20220313 044126.339 INFO             PET0 PIOc_freedecomp Enter - MemInfo: [/proc/self/status]	VmPeak:	 3809352 kB
20220313 044126.339 INFO             PET0 PIOc_freedecomp Enter - MemInfo: [/proc/self/status]	VmSize:	 3807044 kB
20220313 044126.339 INFO             PET0 PIOc_freedecomp Enter - MemInfo: [/proc/self/status]	VmLck:	       0 kB
20220313 044126.339 INFO             PET0 PIOc_freedecomp Enter - MemInfo: [/proc/self/status]	VmPin:	   69756 kB
20220313 044126.339 INFO             PET0 PIOc_freedecomp Enter - MemInfo: [/proc/self/status]	VmHWM:	  170988 kB
20220313 044126.339 INFO             PET0 PIOc_freedecomp Enter - MemInfo: [/proc/self/status]	VmRSS:	  166860 kB
20220313 044126.339 INFO             PET0 PIOc_freedecomp Enter - MemInfo: [/proc/self/status]	VmData:	  230128 kB
20220313 044126.339 INFO             PET0 PIOc_freedecomp Enter - MemInfo: [/proc/self/status]	VmStk:	     520 kB
20220313 044126.339 INFO             PET0 PIOc_freedecomp Enter - MemInfo: [/proc/self/status]	VmExe:	    1864 kB
20220313 044126.339 INFO             PET0 PIOc_freedecomp Enter - MemInfo: [/proc/self/status]	VmLib:	  122112 kB
20220313 044126.339 INFO             PET0 PIOc_freedecomp Enter - MemInfo: [/proc/self/status]	VmPTE:	     948 kB
20220313 044126.339 INFO             PET0 PIOc_freedecomp Enter - MemInfo: [/proc/self/status]	VmSwap:	       0 kB
20220313 044126.339 INFO             PET0 PIOc_freedecomp Enter - MemInfo: [/proc/self/status]	VmRSSPercent: 0.0849408 %
20220313 044126.339 INFO             PET0 PIOc_freedecomp Enter - MemInfo: [malloc] Non-mmapped space allocated:                19304448 Byte
20220313 044126.339 INFO             PET0 PIOc_freedecomp Enter - MemInfo: [malloc] Space allocated in mmapped regions:         71667712 Byte
20220313 044126.339 INFO             PET0 PIOc_freedecomp Enter - MemInfo: [malloc] Maximum total allocated space:                     0 Byte
20220313 044126.339 INFO             PET0 PIOc_freedecomp Enter - MemInfo: [malloc] Space in freed fastbin blocks:                   608 Byte
20220313 044126.339 INFO             PET0 PIOc_freedecomp Enter - MemInfo: [malloc] Total allocated space:                       3391904 Byte
20220313 044126.339 INFO             PET0 PIOc_freedecomp Enter - MemInfo: [malloc] Total free space:                           15912544 Byte
20220313 044126.339 INFO             PET0 PIOc_freedecomp Enter - MemInfo: [malloc] Top-most, releasable space:                  8520448 Byte
20220313 044126.339 INFO             PET0 PIOc_freedecomp Enter - MemInfo: [malloc] Total space in use, mmap + non-mmap:        75059616 Byte
20220313 044126.339 INFO             PET0 PIOc_freedecomp Enter - MemInfo: [malloc] Total space held (mmap + non-mmap):         90972160 Byte
20220313 044126.339 INFO             PET0 PIOc_freedecomp Enter - MemInfo: [malloc] Total space used (mmap + non-mmap):         75068992 Byte
20220313 044126.339 INFO             PET0 PIOc_freedecomp Enter - MemInfo: Wall-clock time since execution start:                7.88906 seconds
20220313 044126.340 INFO             PET0 PIOc_freedecomp Exit - MemInfo: [/proc/meminfo - SSI]	MemTotal:       196442796 kB
20220313 044126.340 INFO             PET0 PIOc_freedecomp Exit - MemInfo: [/proc/meminfo - SSI]	MemFree:        187327580 kB
20220313 044126.340 INFO             PET0 PIOc_freedecomp Exit - MemInfo: [/proc/meminfo - SSI]	MemAvailable:   191292260 kB
20220313 044126.340 INFO             PET0 PIOc_freedecomp Exit - MemInfo: [/proc/meminfo - SSI]	Committed_AS:    1423172 kB
20220313 044126.340 INFO             PET0 PIOc_freedecomp Exit - MemInfo: [/proc/meminfo - SSI]	CommittedPercent: 0.724471 %
20220313 044126.340 INFO             PET0 PIOc_freedecomp Exit - MemInfo: [/proc/self/status]	VmPeak:	 3809352 kB
20220313 044126.340 INFO             PET0 PIOc_freedecomp Exit - MemInfo: [/proc/self/status]	VmSize:	 3807044 kB
20220313 044126.340 INFO             PET0 PIOc_freedecomp Exit - MemInfo: [/proc/self/status]	VmLck:	       0 kB
20220313 044126.340 INFO             PET0 PIOc_freedecomp Exit - MemInfo: [/proc/self/status]	VmPin:	   69756 kB
20220313 044126.340 INFO             PET0 PIOc_freedecomp Exit - MemInfo: [/proc/self/status]	VmHWM:	  170988 kB
20220313 044126.340 INFO             PET0 PIOc_freedecomp Exit - MemInfo: [/proc/self/status]	VmRSS:	  166860 kB
20220313 044126.340 INFO             PET0 PIOc_freedecomp Exit - MemInfo: [/proc/self/status]	VmData:	  230128 kB
20220313 044126.340 INFO             PET0 PIOc_freedecomp Exit - MemInfo: [/proc/self/status]	VmStk:	     520 kB
20220313 044126.340 INFO             PET0 PIOc_freedecomp Exit - MemInfo: [/proc/self/status]	VmExe:	    1864 kB
20220313 044126.340 INFO             PET0 PIOc_freedecomp Exit - MemInfo: [/proc/self/status]	VmLib:	  122112 kB
20220313 044126.340 INFO             PET0 PIOc_freedecomp Exit - MemInfo: [/proc/self/status]	VmPTE:	     948 kB
20220313 044126.340 INFO             PET0 PIOc_freedecomp Exit - MemInfo: [/proc/self/status]	VmSwap:	       0 kB
20220313 044126.340 INFO             PET0 PIOc_freedecomp Exit - MemInfo: [/proc/self/status]	VmRSSPercent: 0.0849408 %
20220313 044126.340 INFO             PET0 PIOc_freedecomp Exit - MemInfo: [malloc] Non-mmapped space allocated:                19304448 Byte
20220313 044126.340 INFO             PET0 PIOc_freedecomp Exit - MemInfo: [malloc] Space allocated in mmapped regions:         71667712 Byte
20220313 044126.340 INFO             PET0 PIOc_freedecomp Exit - MemInfo: [malloc] Maximum total allocated space:                     0 Byte
20220313 044126.340 INFO             PET0 PIOc_freedecomp Exit - MemInfo: [malloc] Space in freed fastbin blocks:                   848 Byte
20220313 044126.340 INFO             PET0 PIOc_freedecomp Exit - MemInfo: [malloc] Total allocated space:                       3390448 Byte
20220313 044126.340 INFO             PET0 PIOc_freedecomp Exit - MemInfo: [malloc] Total free space:                           15914000 Byte
20220313 044126.340 INFO             PET0 PIOc_freedecomp Exit - MemInfo: [malloc] Top-most, releasable space:                  8520448 Byte
20220313 044126.340 INFO             PET0 PIOc_freedecomp Exit - MemInfo: [malloc] Total space in use, mmap + non-mmap:        75058160 Byte
20220313 044126.340 INFO             PET0 PIOc_freedecomp Exit - MemInfo: [malloc] Total space held (mmap + non-mmap):         90972160 Byte
20220313 044126.340 INFO             PET0 PIOc_freedecomp Exit - MemInfo: [malloc] Total space used (mmap + non-mmap):         75067552 Byte
20220313 044126.340 INFO             PET0 PIOc_freedecomp Exit - MemInfo: Wall-clock time since execution start:                7.88964 seconds
20220313 044126.341 INFO             PET0  PASS  Test RouteHandleDestroy(), ESMF_RouteHandleAdvancedUTest.F90, line 633
20220313 044126.342 INFO             PET0  PASS  Apply the copied Routehandle, ESMF_RouteHandleAdvancedUTest.F90, line 643
20220313 044126.342 INFO             PET0  PASS  Test RouteHandleDestroy() for the copied Routehandle, ESMF_RouteHandleAdvancedUTest.F90, line 651
20220313 044126.342 INFO             PET0  PASS  Test ESMF_DynamicMaskSetR4R4R4(), ESMF_RouteHandleAdvancedUTest.F90, line 716
20220313 044126.342 INFO             PET0  PASS  Test ESMF_DynamicMaskSetR4R4R4V(), ESMF_RouteHandleAdvancedUTest.F90, line 725
20220313 044126.342 INFO             PET0  PASS  Test ESMF_DynamicMaskSetR4R8R4V(), ESMF_RouteHandleAdvancedUTest.F90, line 734
20220313 044126.342 INFO             PET0  Ending Test, file ESMF_RouteHandleAdvancedUTest.F90, line 749
20220313 044126.342 INFO             PET0 Finalizing ESMF
20220313 044118.883 INFO             PET1 !!!!!!!!!!!!!!!!!!!!!!!!!!!!!!!!!!!!!!!!!!!!!!!!!!!!!!
20220313 044118.884 INFO             PET1 !!! THE ESMF_LOG IS SET TO OUTPUT ALL LOG MESSAGES !!!
20220313 044118.884 INFO             PET1 !!!     THIS MAY CAUSE SLOWDOWN IN PERFORMANCE     !!!
20220313 044118.884 INFO             PET1 !!! FOR PRODUCTION RUNS, USE:                      !!!
20220313 044118.884 INFO             PET1 !!!                   ESMF_LOGKIND_Multi_On_Error  !!!
20220313 044118.884 INFO             PET1 !!!!!!!!!!!!!!!!!!!!!!!!!!!!!!!!!!!!!!!!!!!!!!!!!!!!!!
20220313 044118.884 INFO             PET1 Running with ESMF Version   : v8.3.0b09-96-g559b459
20220313 044119.112 INFO             PET1 ESMF library build date/time: "Mar 13 2022" "03:19:47"
20220313 044119.112 INFO             PET1 ESMF library build location : /work/noaa/da/mpotts/sandbox/intel_2020_intelmpi_O_jedwards_pio_update2
20220313 044119.113 INFO             PET1 ESMF_COMM                   : intelmpi
20220313 044119.115 INFO             PET1 ESMF_MOAB                   : enabled
20220313 044119.115 INFO             PET1 ESMF_LAPACK                 : enabled
20220313 044119.115 INFO             PET1 ESMF_NETCDF                 : enabled
20220313 044119.115 INFO             PET1 ESMF_PNETCDF                : disabled
20220313 044119.115 INFO             PET1 ESMF_PIO                    : enabled
20220313 044119.115 INFO             PET1 ESMF_YAMLCPP                : enabled
20220313 044119.142 INFO             PET1  Beginning Test, file ESMF_RouteHandleAdvancedUTest.F90, line 346
20220313 044119.142 INFO             PET1  NUMBER_OF_PROCESSORS           4
20220313 044119.858 INFO             PET1 ESMF_FieldRedistStoreNF(): Just entered routine.
20220313 044121.898 INFO             PET1 ESMF_FieldRedistStoreNF(): Leaving routine.
20220313 044121.898 INFO             PET1  PASS  Create RouteHandle for the original petList, ESMF_RouteHandleAdvancedUTest.F90, line 511
20220313 044121.898 INFO             PET1  PASS  Test RouteHandleIsCreated(), ESMF_RouteHandleAdvancedUTest.F90, line 519
20220313 044121.898 INFO             PET1  PASS  Test RouteHandleIsCreated() return value, ESMF_RouteHandleAdvancedUTest.F90, line 526
20220313 044121.899 INFO             PET1  PASS  Test RouteHandleGet(), ESMF_RouteHandleAdvancedUTest.F90, line 534
20220313 044122.512 INFO             PET1  PASS  Test RouteHandleWrite(), ESMF_RouteHandleAdvancedUTest.F90, line 542
20220313 044122.513 INFO             PET1  PASS  Test RouteHandleDestroy(), ESMF_RouteHandleAdvancedUTest.F90, line 550
20220313 044122.791 INFO             PET1  PASS  Test RouteHandleCreate(from file), ESMF_RouteHandleAdvancedUTest.F90, line 558
20220313 044122.792 INFO             PET1  PASS  Apply the read in Routehandle, ESMF_RouteHandleAdvancedUTest.F90, line 567
20220313 044122.792 INFO             PET1  PASS  Test RouteHandleDestroy() for the read in Routehandle, ESMF_RouteHandleAdvancedUTest.F90, line 575
20220313 044122.792 INFO             PET1 ESMF_FieldRedistStoreNF(): Just entered routine.
20220313 044124.883 INFO             PET1 ESMF_FieldRedistStoreNF(): Leaving routine.
20220313 044124.883 INFO             PET1  PASS  Create RouteHandle for the original petList, ESMF_RouteHandleAdvancedUTest.F90, line 585
20220313 044124.884 INFO             PET1  PASS  Transfer RouteHandle to a different petList, ESMF_RouteHandleAdvancedUTest.F90, line 602
20220313 044125.219 INFO             PET1 PIOc_sync Enter - MemInfo: [/proc/meminfo - SSI]	MemTotal:       196442796 kB
20220313 044125.219 INFO             PET1 PIOc_sync Enter - MemInfo: [/proc/meminfo - SSI]	MemFree:        187248104 kB
20220313 044125.219 INFO             PET1 PIOc_sync Enter - MemInfo: [/proc/meminfo - SSI]	MemAvailable:   191288044 kB
20220313 044125.219 INFO             PET1 PIOc_sync Enter - MemInfo: [/proc/meminfo - SSI]	Committed_AS:    1425300 kB
20220313 044125.219 INFO             PET1 PIOc_sync Enter - MemInfo: [/proc/meminfo - SSI]	CommittedPercent: 0.725555 %
20220313 044125.219 INFO             PET1 PIOc_sync Enter - MemInfo: [/proc/self/status]	VmPeak:	 3815496 kB
20220313 044125.219 INFO             PET1 PIOc_sync Enter - MemInfo: [/proc/self/status]	VmSize:	 3815496 kB
20220313 044125.219 INFO             PET1 PIOc_sync Enter - MemInfo: [/proc/self/status]	VmLck:	       0 kB
20220313 044125.219 INFO             PET1 PIOc_sync Enter - MemInfo: [/proc/self/status]	VmPin:	   79996 kB
20220313 044125.219 INFO             PET1 PIOc_sync Enter - MemInfo: [/proc/self/status]	VmHWM:	  170052 kB
20220313 044125.219 INFO             PET1 PIOc_sync Enter - MemInfo: [/proc/self/status]	VmRSS:	  170052 kB
20220313 044125.219 INFO             PET1 PIOc_sync Enter - MemInfo: [/proc/self/status]	VmData:	  238572 kB
20220313 044125.219 INFO             PET1 PIOc_sync Enter - MemInfo: [/proc/self/status]	VmStk:	     528 kB
20220313 044125.219 INFO             PET1 PIOc_sync Enter - MemInfo: [/proc/self/status]	VmExe:	    1864 kB
20220313 044125.219 INFO             PET1 PIOc_sync Enter - MemInfo: [/proc/self/status]	VmLib:	  122112 kB
20220313 044125.219 INFO             PET1 PIOc_sync Enter - MemInfo: [/proc/self/status]	VmPTE:	     964 kB
20220313 044125.219 INFO             PET1 PIOc_sync Enter - MemInfo: [/proc/self/status]	VmSwap:	       0 kB
20220313 044125.219 INFO             PET1 PIOc_sync Enter - MemInfo: [/proc/self/status]	VmRSSPercent: 0.0865657 %
20220313 044125.219 INFO             PET1 PIOc_sync Enter - MemInfo: [malloc] Non-mmapped space allocated:                13266944 Byte
20220313 044125.219 INFO             PET1 PIOc_sync Enter - MemInfo: [malloc] Space allocated in mmapped regions:         84254720 Byte
20220313 044125.219 INFO             PET1 PIOc_sync Enter - MemInfo: [malloc] Maximum total allocated space:                     0 Byte
20220313 044125.219 INFO             PET1 PIOc_sync Enter - MemInfo: [malloc] Space in freed fastbin blocks:                   512 Byte
20220313 044125.219 INFO             PET1 PIOc_sync Enter - MemInfo: [malloc] Total allocated space:                       3120304 Byte
20220313 044125.219 INFO             PET1 PIOc_sync Enter - MemInfo: [malloc] Total free space:                           10146640 Byte
20220313 044125.219 INFO             PET1 PIOc_sync Enter - MemInfo: [malloc] Top-most, releasable space:                  2492080 Byte
20220313 044125.219 INFO             PET1 PIOc_sync Enter - MemInfo: [malloc] Total space in use, mmap + non-mmap:        87375024 Byte
20220313 044125.219 INFO             PET1 PIOc_sync Enter - MemInfo: [malloc] Total space held (mmap + non-mmap):         97521664 Byte
20220313 044125.219 INFO             PET1 PIOc_sync Enter - MemInfo: [malloc] Total space used (mmap + non-mmap):         87384416 Byte
20220313 044125.219 INFO             PET1 PIOc_sync Enter - MemInfo: Wall-clock time since execution start:                 6.7721 seconds
20220313 044125.244 INFO             PET1 PIOc_sync Exit - MemInfo: [/proc/meminfo - SSI]	MemTotal:       196442796 kB
20220313 044125.244 INFO             PET1 PIOc_sync Exit - MemInfo: [/proc/meminfo - SSI]	MemFree:        187291924 kB
20220313 044125.244 INFO             PET1 PIOc_sync Exit - MemInfo: [/proc/meminfo - SSI]	MemAvailable:   191294788 kB
20220313 044125.244 INFO             PET1 PIOc_sync Exit - MemInfo: [/proc/meminfo - SSI]	Committed_AS:    1417272 kB
20220313 044125.244 INFO             PET1 PIOc_sync Exit - MemInfo: [/proc/meminfo - SSI]	CommittedPercent: 0.721468 %
20220313 044125.244 INFO             PET1 PIOc_sync Exit - MemInfo: [/proc/self/status]	VmPeak:	 3815496 kB
20220313 044125.244 INFO             PET1 PIOc_sync Exit - MemInfo: [/proc/self/status]	VmSize:	 3815496 kB
20220313 044125.244 INFO             PET1 PIOc_sync Exit - MemInfo: [/proc/self/status]	VmLck:	       0 kB
20220313 044125.244 INFO             PET1 PIOc_sync Exit - MemInfo: [/proc/self/status]	VmPin:	   79996 kB
20220313 044125.244 INFO             PET1 PIOc_sync Exit - MemInfo: [/proc/self/status]	VmHWM:	  170148 kB
20220313 044125.244 INFO             PET1 PIOc_sync Exit - MemInfo: [/proc/self/status]	VmRSS:	  170148 kB
20220313 044125.244 INFO             PET1 PIOc_sync Exit - MemInfo: [/proc/self/status]	VmData:	  238572 kB
20220313 044125.244 INFO             PET1 PIOc_sync Exit - MemInfo: [/proc/self/status]	VmStk:	     528 kB
20220313 044125.244 INFO             PET1 PIOc_sync Exit - MemInfo: [/proc/self/status]	VmExe:	    1864 kB
20220313 044125.244 INFO             PET1 PIOc_sync Exit - MemInfo: [/proc/self/status]	VmLib:	  122112 kB
20220313 044125.244 INFO             PET1 PIOc_sync Exit - MemInfo: [/proc/self/status]	VmPTE:	     964 kB
20220313 044125.244 INFO             PET1 PIOc_sync Exit - MemInfo: [/proc/self/status]	VmSwap:	       0 kB
20220313 044125.244 INFO             PET1 PIOc_sync Exit - MemInfo: [/proc/self/status]	VmRSSPercent: 0.0866145 %
20220313 044125.244 INFO             PET1 PIOc_sync Exit - MemInfo: [malloc] Non-mmapped space allocated:                13266944 Byte
20220313 044125.244 INFO             PET1 PIOc_sync Exit - MemInfo: [malloc] Space allocated in mmapped regions:         84254720 Byte
20220313 044125.244 INFO             PET1 PIOc_sync Exit - MemInfo: [malloc] Maximum total allocated space:                     0 Byte
20220313 044125.244 INFO             PET1 PIOc_sync Exit - MemInfo: [malloc] Space in freed fastbin blocks:                   144 Byte
20220313 044125.244 INFO             PET1 PIOc_sync Exit - MemInfo: [malloc] Total allocated space:                       3119536 Byte
20220313 044125.244 INFO             PET1 PIOc_sync Exit - MemInfo: [malloc] Total free space:                           10147408 Byte
20220313 044125.244 INFO             PET1 PIOc_sync Exit - MemInfo: [malloc] Top-most, releasable space:                  2492080 Byte
20220313 044125.244 INFO             PET1 PIOc_sync Exit - MemInfo: [malloc] Total space in use, mmap + non-mmap:        87374256 Byte
20220313 044125.244 INFO             PET1 PIOc_sync Exit - MemInfo: [malloc] Total space held (mmap + non-mmap):         97521664 Byte
20220313 044125.244 INFO             PET1 PIOc_sync Exit - MemInfo: [malloc] Total space used (mmap + non-mmap):         87383632 Byte
20220313 044125.244 INFO             PET1 PIOc_sync Exit - MemInfo: Wall-clock time since execution start:                6.79746 seconds
20220313 044125.245 INFO             PET1 PIOc_freedecomp Enter - MemInfo: [/proc/meminfo - SSI]	MemTotal:       196442796 kB
20220313 044125.245 INFO             PET1 PIOc_freedecomp Enter - MemInfo: [/proc/meminfo - SSI]	MemFree:        187292932 kB
20220313 044125.245 INFO             PET1 PIOc_freedecomp Enter - MemInfo: [/proc/meminfo - SSI]	MemAvailable:   191294284 kB
20220313 044125.245 INFO             PET1 PIOc_freedecomp Enter - MemInfo: [/proc/meminfo - SSI]	Committed_AS:    1417272 kB
20220313 044125.245 INFO             PET1 PIOc_freedecomp Enter - MemInfo: [/proc/meminfo - SSI]	CommittedPercent: 0.721468 %
20220313 044125.245 INFO             PET1 PIOc_freedecomp Enter - MemInfo: [/proc/self/status]	VmPeak:	 3815496 kB
20220313 044125.245 INFO             PET1 PIOc_freedecomp Enter - MemInfo: [/proc/self/status]	VmSize:	 3815496 kB
20220313 044125.245 INFO             PET1 PIOc_freedecomp Enter - MemInfo: [/proc/self/status]	VmLck:	       0 kB
20220313 044125.245 INFO             PET1 PIOc_freedecomp Enter - MemInfo: [/proc/self/status]	VmPin:	   79996 kB
20220313 044125.245 INFO             PET1 PIOc_freedecomp Enter - MemInfo: [/proc/self/status]	VmHWM:	  170152 kB
20220313 044125.245 INFO             PET1 PIOc_freedecomp Enter - MemInfo: [/proc/self/status]	VmRSS:	  170152 kB
20220313 044125.245 INFO             PET1 PIOc_freedecomp Enter - MemInfo: [/proc/self/status]	VmData:	  238572 kB
20220313 044125.245 INFO             PET1 PIOc_freedecomp Enter - MemInfo: [/proc/self/status]	VmStk:	     528 kB
20220313 044125.245 INFO             PET1 PIOc_freedecomp Enter - MemInfo: [/proc/self/status]	VmExe:	    1864 kB
20220313 044125.245 INFO             PET1 PIOc_freedecomp Enter - MemInfo: [/proc/self/status]	VmLib:	  122112 kB
20220313 044125.245 INFO             PET1 PIOc_freedecomp Enter - MemInfo: [/proc/self/status]	VmPTE:	     964 kB
20220313 044125.245 INFO             PET1 PIOc_freedecomp Enter - MemInfo: [/proc/self/status]	VmSwap:	       0 kB
20220313 044125.245 INFO             PET1 PIOc_freedecomp Enter - MemInfo: [/proc/self/status]	VmRSSPercent: 0.0866166 %
20220313 044125.245 INFO             PET1 PIOc_freedecomp Enter - MemInfo: [malloc] Non-mmapped space allocated:                13266944 Byte
20220313 044125.245 INFO             PET1 PIOc_freedecomp Enter - MemInfo: [malloc] Space allocated in mmapped regions:         84254720 Byte
20220313 044125.245 INFO             PET1 PIOc_freedecomp Enter - MemInfo: [malloc] Maximum total allocated space:                     0 Byte
20220313 044125.245 INFO             PET1 PIOc_freedecomp Enter - MemInfo: [malloc] Space in freed fastbin blocks:                   368 Byte
20220313 044125.245 INFO             PET1 PIOc_freedecomp Enter - MemInfo: [malloc] Total allocated space:                       3117920 Byte
20220313 044125.245 INFO             PET1 PIOc_freedecomp Enter - MemInfo: [malloc] Total free space:                           10149024 Byte
20220313 044125.245 INFO             PET1 PIOc_freedecomp Enter - MemInfo: [malloc] Top-most, releasable space:                  2492080 Byte
20220313 044125.245 INFO             PET1 PIOc_freedecomp Enter - MemInfo: [malloc] Total space in use, mmap + non-mmap:        87372640 Byte
20220313 044125.245 INFO             PET1 PIOc_freedecomp Enter - MemInfo: [malloc] Total space held (mmap + non-mmap):         97521664 Byte
20220313 044125.245 INFO             PET1 PIOc_freedecomp Enter - MemInfo: [malloc] Total space used (mmap + non-mmap):         87382032 Byte
20220313 044125.245 INFO             PET1 PIOc_freedecomp Enter - MemInfo: Wall-clock time since execution start:                6.79798 seconds
20220313 044125.245 INFO             PET1 PIOc_freedecomp Exit - MemInfo: [/proc/meminfo - SSI]	MemTotal:       196442796 kB
20220313 044125.245 INFO             PET1 PIOc_freedecomp Exit - MemInfo: [/proc/meminfo - SSI]	MemFree:        187293436 kB
20220313 044125.245 INFO             PET1 PIOc_freedecomp Exit - MemInfo: [/proc/meminfo - SSI]	MemAvailable:   191294284 kB
20220313 044125.245 INFO             PET1 PIOc_freedecomp Exit - MemInfo: [/proc/meminfo - SSI]	Committed_AS:    1417272 kB
20220313 044125.245 INFO             PET1 PIOc_freedecomp Exit - MemInfo: [/proc/meminfo - SSI]	CommittedPercent: 0.721468 %
20220313 044125.245 INFO             PET1 PIOc_freedecomp Exit - MemInfo: [/proc/self/status]	VmPeak:	 3815496 kB
20220313 044125.245 INFO             PET1 PIOc_freedecomp Exit - MemInfo: [/proc/self/status]	VmSize:	 3815496 kB
20220313 044125.245 INFO             PET1 PIOc_freedecomp Exit - MemInfo: [/proc/self/status]	VmLck:	       0 kB
20220313 044125.245 INFO             PET1 PIOc_freedecomp Exit - MemInfo: [/proc/self/status]	VmPin:	   79996 kB
20220313 044125.245 INFO             PET1 PIOc_freedecomp Exit - MemInfo: [/proc/self/status]	VmHWM:	  170152 kB
20220313 044125.245 INFO             PET1 PIOc_freedecomp Exit - MemInfo: [/proc/self/status]	VmRSS:	  170152 kB
20220313 044125.245 INFO             PET1 PIOc_freedecomp Exit - MemInfo: [/proc/self/status]	VmData:	  238572 kB
20220313 044125.245 INFO             PET1 PIOc_freedecomp Exit - MemInfo: [/proc/self/status]	VmStk:	     528 kB
20220313 044125.245 INFO             PET1 PIOc_freedecomp Exit - MemInfo: [/proc/self/status]	VmExe:	    1864 kB
20220313 044125.245 INFO             PET1 PIOc_freedecomp Exit - MemInfo: [/proc/self/status]	VmLib:	  122112 kB
20220313 044125.245 INFO             PET1 PIOc_freedecomp Exit - MemInfo: [/proc/self/status]	VmPTE:	     964 kB
20220313 044125.245 INFO             PET1 PIOc_freedecomp Exit - MemInfo: [/proc/self/status]	VmSwap:	       0 kB
20220313 044125.245 INFO             PET1 PIOc_freedecomp Exit - MemInfo: [/proc/self/status]	VmRSSPercent: 0.0866166 %
20220313 044125.245 INFO             PET1 PIOc_freedecomp Exit - MemInfo: [malloc] Non-mmapped space allocated:                13266944 Byte
20220313 044125.245 INFO             PET1 PIOc_freedecomp Exit - MemInfo: [malloc] Space allocated in mmapped regions:         84254720 Byte
20220313 044125.245 INFO             PET1 PIOc_freedecomp Exit - MemInfo: [malloc] Maximum total allocated space:                     0 Byte
20220313 044125.246 INFO             PET1 PIOc_freedecomp Exit - MemInfo: [malloc] Space in freed fastbin blocks:                   816 Byte
20220313 044125.246 INFO             PET1 PIOc_freedecomp Exit - MemInfo: [malloc] Total allocated space:                       3116640 Byte
20220313 044125.246 INFO             PET1 PIOc_freedecomp Exit - MemInfo: [malloc] Total free space:                           10150304 Byte
20220313 044125.246 INFO             PET1 PIOc_freedecomp Exit - MemInfo: [malloc] Top-most, releasable space:                  2492080 Byte
20220313 044125.246 INFO             PET1 PIOc_freedecomp Exit - MemInfo: [malloc] Total space in use, mmap + non-mmap:        87371360 Byte
20220313 044125.246 INFO             PET1 PIOc_freedecomp Exit - MemInfo: [malloc] Total space held (mmap + non-mmap):         97521664 Byte
20220313 044125.246 INFO             PET1 PIOc_freedecomp Exit - MemInfo: [malloc] Total space used (mmap + non-mmap):         87380752 Byte
20220313 044125.246 INFO             PET1 PIOc_freedecomp Exit - MemInfo: Wall-clock time since execution start:                6.79856 seconds
20220313 044125.584 INFO             PET1 PIOc_sync Enter - MemInfo: [/proc/meminfo - SSI]	MemTotal:       196442796 kB
20220313 044125.584 INFO             PET1 PIOc_sync Enter - MemInfo: [/proc/meminfo - SSI]	MemFree:        187303732 kB
20220313 044125.584 INFO             PET1 PIOc_sync Enter - MemInfo: [/proc/meminfo - SSI]	MemAvailable:   191291476 kB
20220313 044125.584 INFO             PET1 PIOc_sync Enter - MemInfo: [/proc/meminfo - SSI]	Committed_AS:    1423172 kB
20220313 044125.584 INFO             PET1 PIOc_sync Enter - MemInfo: [/proc/meminfo - SSI]	CommittedPercent: 0.724471 %
20220313 044125.584 INFO             PET1 PIOc_sync Enter - MemInfo: [/proc/self/status]	VmPeak:	 3815496 kB
20220313 044125.584 INFO             PET1 PIOc_sync Enter - MemInfo: [/proc/self/status]	VmSize:	 3815496 kB
20220313 044125.584 INFO             PET1 PIOc_sync Enter - MemInfo: [/proc/self/status]	VmLck:	       0 kB
20220313 044125.584 INFO             PET1 PIOc_sync Enter - MemInfo: [/proc/self/status]	VmPin:	   79996 kB
20220313 044125.584 INFO             PET1 PIOc_sync Enter - MemInfo: [/proc/self/status]	VmHWM:	  170192 kB
20220313 044125.584 INFO             PET1 PIOc_sync Enter - MemInfo: [/proc/self/status]	VmRSS:	  170192 kB
20220313 044125.584 INFO             PET1 PIOc_sync Enter - MemInfo: [/proc/self/status]	VmData:	  238572 kB
20220313 044125.584 INFO             PET1 PIOc_sync Enter - MemInfo: [/proc/self/status]	VmStk:	     528 kB
20220313 044125.584 INFO             PET1 PIOc_sync Enter - MemInfo: [/proc/self/status]	VmExe:	    1864 kB
20220313 044125.584 INFO             PET1 PIOc_sync Enter - MemInfo: [/proc/self/status]	VmLib:	  122112 kB
20220313 044125.584 INFO             PET1 PIOc_sync Enter - MemInfo: [/proc/self/status]	VmPTE:	     964 kB
20220313 044125.584 INFO             PET1 PIOc_sync Enter - MemInfo: [/proc/self/status]	VmSwap:	       0 kB
20220313 044125.584 INFO             PET1 PIOc_sync Enter - MemInfo: [/proc/self/status]	VmRSSPercent: 0.0866369 %
20220313 044125.584 INFO             PET1 PIOc_sync Enter - MemInfo: [malloc] Non-mmapped space allocated:                13266944 Byte
20220313 044125.584 INFO             PET1 PIOc_sync Enter - MemInfo: [malloc] Space allocated in mmapped regions:         84254720 Byte
20220313 044125.584 INFO             PET1 PIOc_sync Enter - MemInfo: [malloc] Maximum total allocated space:                     0 Byte
20220313 044125.584 INFO             PET1 PIOc_sync Enter - MemInfo: [malloc] Space in freed fastbin blocks:                   512 Byte
20220313 044125.584 INFO             PET1 PIOc_sync Enter - MemInfo: [malloc] Total allocated space:                       3120464 Byte
20220313 044125.584 INFO             PET1 PIOc_sync Enter - MemInfo: [malloc] Total free space:                           10146480 Byte
20220313 044125.584 INFO             PET1 PIOc_sync Enter - MemInfo: [malloc] Top-most, releasable space:                  2492080 Byte
20220313 044125.584 INFO             PET1 PIOc_sync Enter - MemInfo: [malloc] Total space in use, mmap + non-mmap:        87375184 Byte
20220313 044125.584 INFO             PET1 PIOc_sync Enter - MemInfo: [malloc] Total space held (mmap + non-mmap):         97521664 Byte
20220313 044125.584 INFO             PET1 PIOc_sync Enter - MemInfo: [malloc] Total space used (mmap + non-mmap):         87384576 Byte
20220313 044125.584 INFO             PET1 PIOc_sync Enter - MemInfo: Wall-clock time since execution start:                7.13663 seconds
20220313 044125.619 INFO             PET1 PIOc_sync Exit - MemInfo: [/proc/meminfo - SSI]	MemTotal:       196442796 kB
20220313 044125.619 INFO             PET1 PIOc_sync Exit - MemInfo: [/proc/meminfo - SSI]	MemFree:        187303732 kB
20220313 044125.619 INFO             PET1 PIOc_sync Exit - MemInfo: [/proc/meminfo - SSI]	MemAvailable:   191291476 kB
20220313 044125.619 INFO             PET1 PIOc_sync Exit - MemInfo: [/proc/meminfo - SSI]	Committed_AS:    1423172 kB
20220313 044125.619 INFO             PET1 PIOc_sync Exit - MemInfo: [/proc/meminfo - SSI]	CommittedPercent: 0.724471 %
20220313 044125.619 INFO             PET1 PIOc_sync Exit - MemInfo: [/proc/self/status]	VmPeak:	 3815496 kB
20220313 044125.619 INFO             PET1 PIOc_sync Exit - MemInfo: [/proc/self/status]	VmSize:	 3815496 kB
20220313 044125.619 INFO             PET1 PIOc_sync Exit - MemInfo: [/proc/self/status]	VmLck:	       0 kB
20220313 044125.619 INFO             PET1 PIOc_sync Exit - MemInfo: [/proc/self/status]	VmPin:	   79996 kB
20220313 044125.619 INFO             PET1 PIOc_sync Exit - MemInfo: [/proc/self/status]	VmHWM:	  170196 kB
20220313 044125.619 INFO             PET1 PIOc_sync Exit - MemInfo: [/proc/self/status]	VmRSS:	  170196 kB
20220313 044125.619 INFO             PET1 PIOc_sync Exit - MemInfo: [/proc/self/status]	VmData:	  238572 kB
20220313 044125.619 INFO             PET1 PIOc_sync Exit - MemInfo: [/proc/self/status]	VmStk:	     528 kB
20220313 044125.619 INFO             PET1 PIOc_sync Exit - MemInfo: [/proc/self/status]	VmExe:	    1864 kB
20220313 044125.619 INFO             PET1 PIOc_sync Exit - MemInfo: [/proc/self/status]	VmLib:	  122112 kB
20220313 044125.619 INFO             PET1 PIOc_sync Exit - MemInfo: [/proc/self/status]	VmPTE:	     964 kB
20220313 044125.619 INFO             PET1 PIOc_sync Exit - MemInfo: [/proc/self/status]	VmSwap:	       0 kB
20220313 044125.619 INFO             PET1 PIOc_sync Exit - MemInfo: [/proc/self/status]	VmRSSPercent: 0.086639 %
20220313 044125.619 INFO             PET1 PIOc_sync Exit - MemInfo: [malloc] Non-mmapped space allocated:                13266944 Byte
20220313 044125.619 INFO             PET1 PIOc_sync Exit - MemInfo: [malloc] Space allocated in mmapped regions:         84254720 Byte
20220313 044125.619 INFO             PET1 PIOc_sync Exit - MemInfo: [malloc] Maximum total allocated space:                     0 Byte
20220313 044125.619 INFO             PET1 PIOc_sync Exit - MemInfo: [malloc] Space in freed fastbin blocks:                   288 Byte
20220313 044125.619 INFO             PET1 PIOc_sync Exit - MemInfo: [malloc] Total allocated space:                       3119680 Byte
20220313 044125.619 INFO             PET1 PIOc_sync Exit - MemInfo: [malloc] Total free space:                           10147264 Byte
20220313 044125.619 INFO             PET1 PIOc_sync Exit - MemInfo: [malloc] Top-most, releasable space:                  2492080 Byte
20220313 044125.619 INFO             PET1 PIOc_sync Exit - MemInfo: [malloc] Total space in use, mmap + non-mmap:        87374400 Byte
20220313 044125.619 INFO             PET1 PIOc_sync Exit - MemInfo: [malloc] Total space held (mmap + non-mmap):         97521664 Byte
20220313 044125.619 INFO             PET1 PIOc_sync Exit - MemInfo: [malloc] Total space used (mmap + non-mmap):         87383792 Byte
20220313 044125.619 INFO             PET1 PIOc_sync Exit - MemInfo: Wall-clock time since execution start:                7.17154 seconds
20220313 044125.620 INFO             PET1 PIOc_freedecomp Enter - MemInfo: [/proc/meminfo - SSI]	MemTotal:       196442796 kB
20220313 044125.620 INFO             PET1 PIOc_freedecomp Enter - MemInfo: [/proc/meminfo - SSI]	MemFree:        187303732 kB
20220313 044125.620 INFO             PET1 PIOc_freedecomp Enter - MemInfo: [/proc/meminfo - SSI]	MemAvailable:   191291476 kB
20220313 044125.620 INFO             PET1 PIOc_freedecomp Enter - MemInfo: [/proc/meminfo - SSI]	Committed_AS:    1423172 kB
20220313 044125.620 INFO             PET1 PIOc_freedecomp Enter - MemInfo: [/proc/meminfo - SSI]	CommittedPercent: 0.724471 %
20220313 044125.620 INFO             PET1 PIOc_freedecomp Enter - MemInfo: [/proc/self/status]	VmPeak:	 3815496 kB
20220313 044125.620 INFO             PET1 PIOc_freedecomp Enter - MemInfo: [/proc/self/status]	VmSize:	 3815496 kB
20220313 044125.620 INFO             PET1 PIOc_freedecomp Enter - MemInfo: [/proc/self/status]	VmLck:	       0 kB
20220313 044125.620 INFO             PET1 PIOc_freedecomp Enter - MemInfo: [/proc/self/status]	VmPin:	   79996 kB
20220313 044125.620 INFO             PET1 PIOc_freedecomp Enter - MemInfo: [/proc/self/status]	VmHWM:	  170196 kB
20220313 044125.620 INFO             PET1 PIOc_freedecomp Enter - MemInfo: [/proc/self/status]	VmRSS:	  170196 kB
20220313 044125.620 INFO             PET1 PIOc_freedecomp Enter - MemInfo: [/proc/self/status]	VmData:	  238572 kB
20220313 044125.620 INFO             PET1 PIOc_freedecomp Enter - MemInfo: [/proc/self/status]	VmStk:	     528 kB
20220313 044125.620 INFO             PET1 PIOc_freedecomp Enter - MemInfo: [/proc/self/status]	VmExe:	    1864 kB
20220313 044125.620 INFO             PET1 PIOc_freedecomp Enter - MemInfo: [/proc/self/status]	VmLib:	  122112 kB
20220313 044125.620 INFO             PET1 PIOc_freedecomp Enter - MemInfo: [/proc/self/status]	VmPTE:	     964 kB
20220313 044125.620 INFO             PET1 PIOc_freedecomp Enter - MemInfo: [/proc/self/status]	VmSwap:	       0 kB
20220313 044125.620 INFO             PET1 PIOc_freedecomp Enter - MemInfo: [/proc/self/status]	VmRSSPercent: 0.086639 %
20220313 044125.620 INFO             PET1 PIOc_freedecomp Enter - MemInfo: [malloc] Non-mmapped space allocated:                13266944 Byte
20220313 044125.620 INFO             PET1 PIOc_freedecomp Enter - MemInfo: [malloc] Space allocated in mmapped regions:         84254720 Byte
20220313 044125.620 INFO             PET1 PIOc_freedecomp Enter - MemInfo: [malloc] Maximum total allocated space:                     0 Byte
20220313 044125.620 INFO             PET1 PIOc_freedecomp Enter - MemInfo: [malloc] Space in freed fastbin blocks:                   448 Byte
20220313 044125.620 INFO             PET1 PIOc_freedecomp Enter - MemInfo: [malloc] Total allocated space:                       3117920 Byte
20220313 044125.620 INFO             PET1 PIOc_freedecomp Enter - MemInfo: [malloc] Total free space:                           10149024 Byte
20220313 044125.620 INFO             PET1 PIOc_freedecomp Enter - MemInfo: [malloc] Top-most, releasable space:                  2492080 Byte
20220313 044125.620 INFO             PET1 PIOc_freedecomp Enter - MemInfo: [malloc] Total space in use, mmap + non-mmap:        87372640 Byte
20220313 044125.620 INFO             PET1 PIOc_freedecomp Enter - MemInfo: [malloc] Total space held (mmap + non-mmap):         97521664 Byte
20220313 044125.620 INFO             PET1 PIOc_freedecomp Enter - MemInfo: [malloc] Total space used (mmap + non-mmap):         87382016 Byte
20220313 044125.620 INFO             PET1 PIOc_freedecomp Enter - MemInfo: Wall-clock time since execution start:                  7.172 seconds
20220313 044125.620 INFO             PET1 PIOc_freedecomp Exit - MemInfo: [/proc/meminfo - SSI]	MemTotal:       196442796 kB
20220313 044125.620 INFO             PET1 PIOc_freedecomp Exit - MemInfo: [/proc/meminfo - SSI]	MemFree:        187303732 kB
20220313 044125.620 INFO             PET1 PIOc_freedecomp Exit - MemInfo: [/proc/meminfo - SSI]	MemAvailable:   191291476 kB
20220313 044125.620 INFO             PET1 PIOc_freedecomp Exit - MemInfo: [/proc/meminfo - SSI]	Committed_AS:    1423172 kB
20220313 044125.620 INFO             PET1 PIOc_freedecomp Exit - MemInfo: [/proc/meminfo - SSI]	CommittedPercent: 0.724471 %
20220313 044125.620 INFO             PET1 PIOc_freedecomp Exit - MemInfo: [/proc/self/status]	VmPeak:	 3815496 kB
20220313 044125.620 INFO             PET1 PIOc_freedecomp Exit - MemInfo: [/proc/self/status]	VmSize:	 3815496 kB
20220313 044125.620 INFO             PET1 PIOc_freedecomp Exit - MemInfo: [/proc/self/status]	VmLck:	       0 kB
20220313 044125.620 INFO             PET1 PIOc_freedecomp Exit - MemInfo: [/proc/self/status]	VmPin:	   79996 kB
20220313 044125.620 INFO             PET1 PIOc_freedecomp Exit - MemInfo: [/proc/self/status]	VmHWM:	  170196 kB
20220313 044125.620 INFO             PET1 PIOc_freedecomp Exit - MemInfo: [/proc/self/status]	VmRSS:	  170196 kB
20220313 044125.620 INFO             PET1 PIOc_freedecomp Exit - MemInfo: [/proc/self/status]	VmData:	  238572 kB
20220313 044125.620 INFO             PET1 PIOc_freedecomp Exit - MemInfo: [/proc/self/status]	VmStk:	     528 kB
20220313 044125.620 INFO             PET1 PIOc_freedecomp Exit - MemInfo: [/proc/self/status]	VmExe:	    1864 kB
20220313 044125.620 INFO             PET1 PIOc_freedecomp Exit - MemInfo: [/proc/self/status]	VmLib:	  122112 kB
20220313 044125.620 INFO             PET1 PIOc_freedecomp Exit - MemInfo: [/proc/self/status]	VmPTE:	     964 kB
20220313 044125.620 INFO             PET1 PIOc_freedecomp Exit - MemInfo: [/proc/self/status]	VmSwap:	       0 kB
20220313 044125.620 INFO             PET1 PIOc_freedecomp Exit - MemInfo: [/proc/self/status]	VmRSSPercent: 0.086639 %
20220313 044125.620 INFO             PET1 PIOc_freedecomp Exit - MemInfo: [malloc] Non-mmapped space allocated:                13266944 Byte
20220313 044125.620 INFO             PET1 PIOc_freedecomp Exit - MemInfo: [malloc] Space allocated in mmapped regions:         84254720 Byte
20220313 044125.620 INFO             PET1 PIOc_freedecomp Exit - MemInfo: [malloc] Maximum total allocated space:                     0 Byte
20220313 044125.620 INFO             PET1 PIOc_freedecomp Exit - MemInfo: [malloc] Space in freed fastbin blocks:                   816 Byte
20220313 044125.620 INFO             PET1 PIOc_freedecomp Exit - MemInfo: [malloc] Total allocated space:                       3116640 Byte
20220313 044125.620 INFO             PET1 PIOc_freedecomp Exit - MemInfo: [malloc] Total free space:                           10150304 Byte
20220313 044125.620 INFO             PET1 PIOc_freedecomp Exit - MemInfo: [malloc] Top-most, releasable space:                  2492080 Byte
20220313 044125.620 INFO             PET1 PIOc_freedecomp Exit - MemInfo: [malloc] Total space in use, mmap + non-mmap:        87371360 Byte
20220313 044125.620 INFO             PET1 PIOc_freedecomp Exit - MemInfo: [malloc] Total space held (mmap + non-mmap):         97521664 Byte
20220313 044125.620 INFO             PET1 PIOc_freedecomp Exit - MemInfo: [malloc] Total space used (mmap + non-mmap):         87380752 Byte
20220313 044125.620 INFO             PET1 PIOc_freedecomp Exit - MemInfo: Wall-clock time since execution start:                7.17247 seconds
20220313 044125.963 INFO             PET1 PIOc_sync Enter - MemInfo: [/proc/meminfo - SSI]	MemTotal:       196442796 kB
20220313 044125.963 INFO             PET1 PIOc_sync Enter - MemInfo: [/proc/meminfo - SSI]	MemFree:        187305404 kB
20220313 044125.963 INFO             PET1 PIOc_sync Enter - MemInfo: [/proc/meminfo - SSI]	MemAvailable:   191292040 kB
20220313 044125.963 INFO             PET1 PIOc_sync Enter - MemInfo: [/proc/meminfo - SSI]	Committed_AS:    1423172 kB
20220313 044125.963 INFO             PET1 PIOc_sync Enter - MemInfo: [/proc/meminfo - SSI]	CommittedPercent: 0.724471 %
20220313 044125.963 INFO             PET1 PIOc_sync Enter - MemInfo: [/proc/self/status]	VmPeak:	 3815496 kB
20220313 044125.963 INFO             PET1 PIOc_sync Enter - MemInfo: [/proc/self/status]	VmSize:	 3815496 kB
20220313 044125.963 INFO             PET1 PIOc_sync Enter - MemInfo: [/proc/self/status]	VmLck:	       0 kB
20220313 044125.963 INFO             PET1 PIOc_sync Enter - MemInfo: [/proc/self/status]	VmPin:	   79996 kB
20220313 044125.963 INFO             PET1 PIOc_sync Enter - MemInfo: [/proc/self/status]	VmHWM:	  170244 kB
20220313 044125.963 INFO             PET1 PIOc_sync Enter - MemInfo: [/proc/self/status]	VmRSS:	  170244 kB
20220313 044125.963 INFO             PET1 PIOc_sync Enter - MemInfo: [/proc/self/status]	VmData:	  238572 kB
20220313 044125.963 INFO             PET1 PIOc_sync Enter - MemInfo: [/proc/self/status]	VmStk:	     528 kB
20220313 044125.963 INFO             PET1 PIOc_sync Enter - MemInfo: [/proc/self/status]	VmExe:	    1864 kB
20220313 044125.963 INFO             PET1 PIOc_sync Enter - MemInfo: [/proc/self/status]	VmLib:	  122112 kB
20220313 044125.963 INFO             PET1 PIOc_sync Enter - MemInfo: [/proc/self/status]	VmPTE:	     964 kB
20220313 044125.963 INFO             PET1 PIOc_sync Enter - MemInfo: [/proc/self/status]	VmSwap:	       0 kB
20220313 044125.963 INFO             PET1 PIOc_sync Enter - MemInfo: [/proc/self/status]	VmRSSPercent: 0.0866634 %
20220313 044125.963 INFO             PET1 PIOc_sync Enter - MemInfo: [malloc] Non-mmapped space allocated:                13266944 Byte
20220313 044125.963 INFO             PET1 PIOc_sync Enter - MemInfo: [malloc] Space allocated in mmapped regions:         84254720 Byte
20220313 044125.963 INFO             PET1 PIOc_sync Enter - MemInfo: [malloc] Maximum total allocated space:                     0 Byte
20220313 044125.963 INFO             PET1 PIOc_sync Enter - MemInfo: [malloc] Space in freed fastbin blocks:                   512 Byte
20220313 044125.963 INFO             PET1 PIOc_sync Enter - MemInfo: [malloc] Total allocated space:                       3120592 Byte
20220313 044125.963 INFO             PET1 PIOc_sync Enter - MemInfo: [malloc] Total free space:                           10146352 Byte
20220313 044125.963 INFO             PET1 PIOc_sync Enter - MemInfo: [malloc] Top-most, releasable space:                  2492080 Byte
20220313 044125.963 INFO             PET1 PIOc_sync Enter - MemInfo: [malloc] Total space in use, mmap + non-mmap:        87375312 Byte
20220313 044125.964 INFO             PET1 PIOc_sync Enter - MemInfo: [malloc] Total space held (mmap + non-mmap):         97521664 Byte
20220313 044125.964 INFO             PET1 PIOc_sync Enter - MemInfo: [malloc] Total space used (mmap + non-mmap):         87384704 Byte
20220313 044125.964 INFO             PET1 PIOc_sync Enter - MemInfo: Wall-clock time since execution start:                7.51482 seconds
20220313 044125.989 INFO             PET1 PIOc_sync Exit - MemInfo: [/proc/meminfo - SSI]	MemTotal:       196442796 kB
20220313 044125.989 INFO             PET1 PIOc_sync Exit - MemInfo: [/proc/meminfo - SSI]	MemFree:        187305404 kB
20220313 044125.989 INFO             PET1 PIOc_sync Exit - MemInfo: [/proc/meminfo - SSI]	MemAvailable:   191292040 kB
20220313 044125.989 INFO             PET1 PIOc_sync Exit - MemInfo: [/proc/meminfo - SSI]	Committed_AS:    1423172 kB
20220313 044125.989 INFO             PET1 PIOc_sync Exit - MemInfo: [/proc/meminfo - SSI]	CommittedPercent: 0.724471 %
20220313 044125.989 INFO             PET1 PIOc_sync Exit - MemInfo: [/proc/self/status]	VmPeak:	 3815496 kB
20220313 044125.989 INFO             PET1 PIOc_sync Exit - MemInfo: [/proc/self/status]	VmSize:	 3815496 kB
20220313 044125.989 INFO             PET1 PIOc_sync Exit - MemInfo: [/proc/self/status]	VmLck:	       0 kB
20220313 044125.989 INFO             PET1 PIOc_sync Exit - MemInfo: [/proc/self/status]	VmPin:	   79996 kB
20220313 044125.989 INFO             PET1 PIOc_sync Exit - MemInfo: [/proc/self/status]	VmHWM:	  170244 kB
20220313 044125.989 INFO             PET1 PIOc_sync Exit - MemInfo: [/proc/self/status]	VmRSS:	  170244 kB
20220313 044125.989 INFO             PET1 PIOc_sync Exit - MemInfo: [/proc/self/status]	VmData:	  238572 kB
20220313 044125.989 INFO             PET1 PIOc_sync Exit - MemInfo: [/proc/self/status]	VmStk:	     528 kB
20220313 044125.989 INFO             PET1 PIOc_sync Exit - MemInfo: [/proc/self/status]	VmExe:	    1864 kB
20220313 044125.989 INFO             PET1 PIOc_sync Exit - MemInfo: [/proc/self/status]	VmLib:	  122112 kB
20220313 044125.989 INFO             PET1 PIOc_sync Exit - MemInfo: [/proc/self/status]	VmPTE:	     964 kB
20220313 044125.989 INFO             PET1 PIOc_sync Exit - MemInfo: [/proc/self/status]	VmSwap:	       0 kB
20220313 044125.990 INFO             PET1 PIOc_sync Exit - MemInfo: [/proc/self/status]	VmRSSPercent: 0.0866634 %
20220313 044125.990 INFO             PET1 PIOc_sync Exit - MemInfo: [malloc] Non-mmapped space allocated:                13266944 Byte
20220313 044125.990 INFO             PET1 PIOc_sync Exit - MemInfo: [malloc] Space allocated in mmapped regions:         84254720 Byte
20220313 044125.990 INFO             PET1 PIOc_sync Exit - MemInfo: [malloc] Maximum total allocated space:                     0 Byte
20220313 044125.990 INFO             PET1 PIOc_sync Exit - MemInfo: [malloc] Space in freed fastbin blocks:                   416 Byte
