build time -- 2022-03-12 03:54:43
20220312 055211.925 INFO             PET0 !!!!!!!!!!!!!!!!!!!!!!!!!!!!!!!!!!!!!!!!!!!!!!!!!!!!!!
20220312 055211.925 INFO             PET0 !!! THE ESMF_LOG IS SET TO OUTPUT ALL LOG MESSAGES !!!
20220312 055211.925 INFO             PET0 !!!     THIS MAY CAUSE SLOWDOWN IN PERFORMANCE     !!!
20220312 055211.925 INFO             PET0 !!! FOR PRODUCTION RUNS, USE:                      !!!
20220312 055211.925 INFO             PET0 !!!                   ESMF_LOGKIND_Multi_On_Error  !!!
20220312 055211.925 INFO             PET0 !!!!!!!!!!!!!!!!!!!!!!!!!!!!!!!!!!!!!!!!!!!!!!!!!!!!!!
20220312 055211.925 INFO             PET0 Running with ESMF Version   : v8.3.0b09-96-g559b459
20220312 055211.925 INFO             PET0 ESMF library build date/time: "Mar 12 2022" "03:53:12"
20220312 055211.925 INFO             PET0 ESMF library build location : /work/noaa/da/mpotts/sandbox/intel_2020_intelmpi_O_jedwards_pio_update2
20220312 055211.926 INFO             PET0 ESMF_COMM                   : intelmpi
20220312 055211.927 INFO             PET0 ESMF_MOAB                   : enabled
20220312 055211.927 INFO             PET0 ESMF_LAPACK                 : enabled
20220312 055211.927 INFO             PET0 ESMF_NETCDF                 : enabled
20220312 055211.927 INFO             PET0 ESMF_PNETCDF                : disabled
20220312 055211.927 INFO             PET0 ESMF_PIO                    : enabled
20220312 055211.927 INFO             PET0 ESMF_YAMLCPP                : enabled
20220312 055213.808 INFO             PET0  Beginning Test, file ESMF_ArrayBundleIOUTest.F90, line 70
20220312 055213.808 INFO             PET0  NUMBER_OF_PROCESSORS           4
20220312 055213.808 INFO             PET0  PASS  ArrayCreate Allocate 2D ESMF_TYPEKIND_R8 Test, ESMF_ArrayBundleIOUTest.F90, line 109
20220312 055213.808 INFO             PET0  PASS  Obtain real Fortran Array Pointer for array 1, ESMF_ArrayBundleIOUTest.F90, line 117
20220312 055213.809 INFO             PET0  PASS  ArrayCreate Allocate 2D ESMF_TYPEKIND_I4 Test, ESMF_ArrayBundleIOUTest.F90, line 125
20220312 055213.809 INFO             PET0  PASS  Obtain integer Fortran Array Pointer for array 2, ESMF_ArrayBundleIOUTest.F90, line 133
20220312 055213.809 INFO             PET0  PASS  ArrayCreate Allocate 3D ESMF_TYPEKIND_I4 Test, ESMF_ArrayBundleIOUTest.F90, line 141
20220312 055213.809 INFO             PET0  PASS  Obtain Integer Fortran Array Pointer for array 2, ESMF_ArrayBundleIOUTest.F90, line 149
20220312 055213.809 INFO             PET0  PASS  ArrayBundleCreate Test, ESMF_ArrayBundleIOUTest.F90, line 158
20220312 055214.602 INFO             PET0 PIOc_sync Enter - MemInfo: [/proc/meminfo - SSI]	MemTotal:       196434612 kB
20220312 055214.602 INFO             PET0 PIOc_sync Enter - MemInfo: [/proc/meminfo - SSI]	MemFree:        189865504 kB
20220312 055214.602 INFO             PET0 PIOc_sync Enter - MemInfo: [/proc/meminfo - SSI]	MemAvailable:   191505492 kB
20220312 055214.602 INFO             PET0 PIOc_sync Enter - MemInfo: [/proc/meminfo - SSI]	Committed_AS:    1277332 kB
20220312 055214.603 INFO             PET0 PIOc_sync Enter - MemInfo: [/proc/meminfo - SSI]	CommittedPercent: 0.650258 %
20220312 055214.603 INFO             PET0 PIOc_sync Enter - MemInfo: [/proc/self/status]	VmPeak:	 3893096 kB
20220312 055214.603 INFO             PET0 PIOc_sync Enter - MemInfo: [/proc/self/status]	VmSize:	 3858672 kB
20220312 055214.603 INFO             PET0 PIOc_sync Enter - MemInfo: [/proc/self/status]	VmLck:	       0 kB
20220312 055214.603 INFO             PET0 PIOc_sync Enter - MemInfo: [/proc/self/status]	VmPin:	   79996 kB
20220312 055214.603 INFO             PET0 PIOc_sync Enter - MemInfo: [/proc/self/status]	VmHWM:	  157276 kB
20220312 055214.603 INFO             PET0 PIOc_sync Enter - MemInfo: [/proc/self/status]	VmRSS:	  157276 kB
20220312 055214.603 INFO             PET0 PIOc_sync Enter - MemInfo: [/proc/self/status]	VmData:	  281748 kB
20220312 055214.603 INFO             PET0 PIOc_sync Enter - MemInfo: [/proc/self/status]	VmStk:	     524 kB
20220312 055214.603 INFO             PET0 PIOc_sync Enter - MemInfo: [/proc/self/status]	VmExe:	    1868 kB
20220312 055214.603 INFO             PET0 PIOc_sync Enter - MemInfo: [/proc/self/status]	VmLib:	  122112 kB
20220312 055214.603 INFO             PET0 PIOc_sync Enter - MemInfo: [/proc/self/status]	VmPTE:	     940 kB
20220312 055214.603 INFO             PET0 PIOc_sync Enter - MemInfo: [/proc/self/status]	VmSwap:	       0 kB
20220312 055214.603 INFO             PET0 PIOc_sync Enter - MemInfo: [/proc/self/status]	VmRSSPercent: 0.0800653 %
20220312 055214.603 INFO             PET0 PIOc_sync Enter - MemInfo: [malloc] Non-mmapped space allocated:                 2555904 Byte
20220312 055214.603 INFO             PET0 PIOc_sync Enter - MemInfo: [malloc] Space allocated in mmapped regions:         93175808 Byte
20220312 055214.603 INFO             PET0 PIOc_sync Enter - MemInfo: [malloc] Maximum total allocated space:                     0 Byte
20220312 055214.603 INFO             PET0 PIOc_sync Enter - MemInfo: [malloc] Space in freed fastbin blocks:                   512 Byte
20220312 055214.603 INFO             PET0 PIOc_sync Enter - MemInfo: [malloc] Total allocated space:                       2365328 Byte
20220312 055214.603 INFO             PET0 PIOc_sync Enter - MemInfo: [malloc] Total free space:                             190576 Byte
20220312 055214.603 INFO             PET0 PIOc_sync Enter - MemInfo: [malloc] Top-most, releasable space:                    50000 Byte
20220312 055214.603 INFO             PET0 PIOc_sync Enter - MemInfo: [malloc] Total space in use, mmap + non-mmap:        95541136 Byte
20220312 055214.603 INFO             PET0 PIOc_sync Enter - MemInfo: [malloc] Total space held (mmap + non-mmap):         95731712 Byte
20220312 055214.603 INFO             PET0 PIOc_sync Enter - MemInfo: [malloc] Total space used (mmap + non-mmap):         95550528 Byte
20220312 055214.603 INFO             PET0 PIOc_sync Enter - MemInfo: Wall-clock time since execution start:                3.06724 seconds
20220312 055214.689 INFO             PET0 PIOc_sync Exit - MemInfo: [/proc/meminfo - SSI]	MemTotal:       196434612 kB
20220312 055214.689 INFO             PET0 PIOc_sync Exit - MemInfo: [/proc/meminfo - SSI]	MemFree:        189863208 kB
20220312 055214.689 INFO             PET0 PIOc_sync Exit - MemInfo: [/proc/meminfo - SSI]	MemAvailable:   191503196 kB
20220312 055214.689 INFO             PET0 PIOc_sync Exit - MemInfo: [/proc/meminfo - SSI]	Committed_AS:    1277332 kB
20220312 055214.690 INFO             PET0 PIOc_sync Exit - MemInfo: [/proc/meminfo - SSI]	CommittedPercent: 0.650258 %
20220312 055214.690 INFO             PET0 PIOc_sync Exit - MemInfo: [/proc/self/status]	VmPeak:	 3893096 kB
20220312 055214.690 INFO             PET0 PIOc_sync Exit - MemInfo: [/proc/self/status]	VmSize:	 3858672 kB
20220312 055214.690 INFO             PET0 PIOc_sync Exit - MemInfo: [/proc/self/status]	VmLck:	       0 kB
20220312 055214.690 INFO             PET0 PIOc_sync Exit - MemInfo: [/proc/self/status]	VmPin:	   79996 kB
20220312 055214.690 INFO             PET0 PIOc_sync Exit - MemInfo: [/proc/self/status]	VmHWM:	  159572 kB
20220312 055214.690 INFO             PET0 PIOc_sync Exit - MemInfo: [/proc/self/status]	VmRSS:	  159572 kB
20220312 055214.690 INFO             PET0 PIOc_sync Exit - MemInfo: [/proc/self/status]	VmData:	  281748 kB
20220312 055214.690 INFO             PET0 PIOc_sync Exit - MemInfo: [/proc/self/status]	VmStk:	     524 kB
20220312 055214.690 INFO             PET0 PIOc_sync Exit - MemInfo: [/proc/self/status]	VmExe:	    1868 kB
20220312 055214.690 INFO             PET0 PIOc_sync Exit - MemInfo: [/proc/self/status]	VmLib:	  122112 kB
20220312 055214.690 INFO             PET0 PIOc_sync Exit - MemInfo: [/proc/self/status]	VmPTE:	     944 kB
20220312 055214.690 INFO             PET0 PIOc_sync Exit - MemInfo: [/proc/self/status]	VmSwap:	       0 kB
20220312 055214.690 INFO             PET0 PIOc_sync Exit - MemInfo: [/proc/self/status]	VmRSSPercent: 0.0812342 %
20220312 055214.690 INFO             PET0 PIOc_sync Exit - MemInfo: [malloc] Non-mmapped space allocated:                 2555904 Byte
20220312 055214.690 INFO             PET0 PIOc_sync Exit - MemInfo: [malloc] Space allocated in mmapped regions:         93175808 Byte
20220312 055214.690 INFO             PET0 PIOc_sync Exit - MemInfo: [malloc] Maximum total allocated space:                     0 Byte
20220312 055214.690 INFO             PET0 PIOc_sync Exit - MemInfo: [malloc] Space in freed fastbin blocks:                   512 Byte
20220312 055214.690 INFO             PET0 PIOc_sync Exit - MemInfo: [malloc] Total allocated space:                       2362176 Byte
20220312 055214.690 INFO             PET0 PIOc_sync Exit - MemInfo: [malloc] Total free space:                             193728 Byte
20220312 055214.690 INFO             PET0 PIOc_sync Exit - MemInfo: [malloc] Top-most, releasable space:                    50000 Byte
20220312 055214.690 INFO             PET0 PIOc_sync Exit - MemInfo: [malloc] Total space in use, mmap + non-mmap:        95537984 Byte
20220312 055214.690 INFO             PET0 PIOc_sync Exit - MemInfo: [malloc] Total space held (mmap + non-mmap):         95731712 Byte
20220312 055214.690 INFO             PET0 PIOc_sync Exit - MemInfo: [malloc] Total space used (mmap + non-mmap):         95547376 Byte
20220312 055214.690 INFO             PET0 PIOc_sync Exit - MemInfo: Wall-clock time since execution start:                  3.154 seconds
20220312 055214.690 INFO             PET0 PIOc_freedecomp Enter - MemInfo: [/proc/meminfo - SSI]	MemTotal:       196434612 kB
20220312 055214.690 INFO             PET0 PIOc_freedecomp Enter - MemInfo: [/proc/meminfo - SSI]	MemFree:        189870360 kB
20220312 055214.690 INFO             PET0 PIOc_freedecomp Enter - MemInfo: [/proc/meminfo - SSI]	MemAvailable:   191510348 kB
20220312 055214.690 INFO             PET0 PIOc_freedecomp Enter - MemInfo: [/proc/meminfo - SSI]	Committed_AS:    1269640 kB
20220312 055214.691 INFO             PET0 PIOc_freedecomp Enter - MemInfo: [/proc/meminfo - SSI]	CommittedPercent: 0.646342 %
20220312 055214.691 INFO             PET0 PIOc_freedecomp Enter - MemInfo: [/proc/self/status]	VmPeak:	 3893096 kB
20220312 055214.691 INFO             PET0 PIOc_freedecomp Enter - MemInfo: [/proc/self/status]	VmSize:	 3849960 kB
20220312 055214.691 INFO             PET0 PIOc_freedecomp Enter - MemInfo: [/proc/self/status]	VmLck:	       0 kB
20220312 055214.691 INFO             PET0 PIOc_freedecomp Enter - MemInfo: [/proc/self/status]	VmPin:	   79996 kB
20220312 055214.691 INFO             PET0 PIOc_freedecomp Enter - MemInfo: [/proc/self/status]	VmHWM:	  159572 kB
20220312 055214.691 INFO             PET0 PIOc_freedecomp Enter - MemInfo: [/proc/self/status]	VmRSS:	  151380 kB
20220312 055214.691 INFO             PET0 PIOc_freedecomp Enter - MemInfo: [/proc/self/status]	VmData:	  273036 kB
20220312 055214.691 INFO             PET0 PIOc_freedecomp Enter - MemInfo: [/proc/self/status]	VmStk:	     524 kB
20220312 055214.691 INFO             PET0 PIOc_freedecomp Enter - MemInfo: [/proc/self/status]	VmExe:	    1868 kB
20220312 055214.691 INFO             PET0 PIOc_freedecomp Enter - MemInfo: [/proc/self/status]	VmLib:	  122112 kB
20220312 055214.691 INFO             PET0 PIOc_freedecomp Enter - MemInfo: [/proc/self/status]	VmPTE:	     928 kB
20220312 055214.691 INFO             PET0 PIOc_freedecomp Enter - MemInfo: [/proc/self/status]	VmSwap:	       0 kB
20220312 055214.691 INFO             PET0 PIOc_freedecomp Enter - MemInfo: [/proc/self/status]	VmRSSPercent: 0.0770638 %
20220312 055214.691 INFO             PET0 PIOc_freedecomp Enter - MemInfo: [malloc] Non-mmapped space allocated:                 2555904 Byte
20220312 055214.691 INFO             PET0 PIOc_freedecomp Enter - MemInfo: [malloc] Space allocated in mmapped regions:         84254720 Byte
20220312 055214.691 INFO             PET0 PIOc_freedecomp Enter - MemInfo: [malloc] Maximum total allocated space:                     0 Byte
20220312 055214.691 INFO             PET0 PIOc_freedecomp Enter - MemInfo: [malloc] Space in freed fastbin blocks:                  2720 Byte
20220312 055214.691 INFO             PET0 PIOc_freedecomp Enter - MemInfo: [malloc] Total allocated space:                       2347424 Byte
20220312 055214.691 INFO             PET0 PIOc_freedecomp Enter - MemInfo: [malloc] Total free space:                             208480 Byte
20220312 055214.691 INFO             PET0 PIOc_freedecomp Enter - MemInfo: [malloc] Top-most, releasable space:                    50000 Byte
20220312 055214.691 INFO             PET0 PIOc_freedecomp Enter - MemInfo: [malloc] Total space in use, mmap + non-mmap:        86602144 Byte
20220312 055214.691 INFO             PET0 PIOc_freedecomp Enter - MemInfo: [malloc] Total space held (mmap + non-mmap):         86810624 Byte
20220312 055214.691 INFO             PET0 PIOc_freedecomp Enter - MemInfo: [malloc] Total space used (mmap + non-mmap):         86611536 Byte
20220312 055214.691 INFO             PET0 PIOc_freedecomp Enter - MemInfo: Wall-clock time since execution start:                3.15497 seconds
20220312 055214.691 INFO             PET0 PIOc_freedecomp Exit - MemInfo: [/proc/meminfo - SSI]	MemTotal:       196434612 kB
20220312 055214.691 INFO             PET0 PIOc_freedecomp Exit - MemInfo: [/proc/meminfo - SSI]	MemFree:        189870360 kB
20220312 055214.691 INFO             PET0 PIOc_freedecomp Exit - MemInfo: [/proc/meminfo - SSI]	MemAvailable:   191510348 kB
20220312 055214.691 INFO             PET0 PIOc_freedecomp Exit - MemInfo: [/proc/meminfo - SSI]	Committed_AS:    1269640 kB
20220312 055214.691 INFO             PET0 PIOc_freedecomp Exit - MemInfo: [/proc/meminfo - SSI]	CommittedPercent: 0.646342 %
20220312 055214.691 INFO             PET0 PIOc_freedecomp Exit - MemInfo: [/proc/self/status]	VmPeak:	 3893096 kB
20220312 055214.691 INFO             PET0 PIOc_freedecomp Exit - MemInfo: [/proc/self/status]	VmSize:	 3849960 kB
20220312 055214.691 INFO             PET0 PIOc_freedecomp Exit - MemInfo: [/proc/self/status]	VmLck:	       0 kB
20220312 055214.691 INFO             PET0 PIOc_freedecomp Exit - MemInfo: [/proc/self/status]	VmPin:	   79996 kB
20220312 055214.691 INFO             PET0 PIOc_freedecomp Exit - MemInfo: [/proc/self/status]	VmHWM:	  159572 kB
20220312 055214.691 INFO             PET0 PIOc_freedecomp Exit - MemInfo: [/proc/self/status]	VmRSS:	  151380 kB
20220312 055214.691 INFO             PET0 PIOc_freedecomp Exit - MemInfo: [/proc/self/status]	VmData:	  273036 kB
20220312 055214.691 INFO             PET0 PIOc_freedecomp Exit - MemInfo: [/proc/self/status]	VmStk:	     524 kB
20220312 055214.691 INFO             PET0 PIOc_freedecomp Exit - MemInfo: [/proc/self/status]	VmExe:	    1868 kB
20220312 055214.691 INFO             PET0 PIOc_freedecomp Exit - MemInfo: [/proc/self/status]	VmLib:	  122112 kB
20220312 055214.691 INFO             PET0 PIOc_freedecomp Exit - MemInfo: [/proc/self/status]	VmPTE:	     928 kB
20220312 055214.691 INFO             PET0 PIOc_freedecomp Exit - MemInfo: [/proc/self/status]	VmSwap:	       0 kB
20220312 055214.691 INFO             PET0 PIOc_freedecomp Exit - MemInfo: [/proc/self/status]	VmRSSPercent: 0.0770638 %
20220312 055214.691 INFO             PET0 PIOc_freedecomp Exit - MemInfo: [malloc] Non-mmapped space allocated:                 2555904 Byte
20220312 055214.691 INFO             PET0 PIOc_freedecomp Exit - MemInfo: [malloc] Space allocated in mmapped regions:         84254720 Byte
20220312 055214.691 INFO             PET0 PIOc_freedecomp Exit - MemInfo: [malloc] Maximum total allocated space:                     0 Byte
20220312 055214.691 INFO             PET0 PIOc_freedecomp Exit - MemInfo: [malloc] Space in freed fastbin blocks:                   480 Byte
20220312 055214.691 INFO             PET0 PIOc_freedecomp Exit - MemInfo: [malloc] Total allocated space:                       2333792 Byte
20220312 055214.691 INFO             PET0 PIOc_freedecomp Exit - MemInfo: [malloc] Total free space:                             222112 Byte
20220312 055214.691 INFO             PET0 PIOc_freedecomp Exit - MemInfo: [malloc] Top-most, releasable space:                    68736 Byte
20220312 055214.691 INFO             PET0 PIOc_freedecomp Exit - MemInfo: [malloc] Total space in use, mmap + non-mmap:        86588512 Byte
20220312 055214.691 INFO             PET0 PIOc_freedecomp Exit - MemInfo: [malloc] Total space held (mmap + non-mmap):         86810624 Byte
20220312 055214.691 INFO             PET0 PIOc_freedecomp Exit - MemInfo: [malloc] Total space used (mmap + non-mmap):         86597904 Byte
20220312 055214.691 INFO             PET0 PIOc_freedecomp Exit - MemInfo: Wall-clock time since execution start:                3.15554 seconds
20220312 055214.692 INFO             PET0 PIOc_freedecomp Enter - MemInfo: [/proc/meminfo - SSI]	MemTotal:       196434612 kB
20220312 055214.692 INFO             PET0 PIOc_freedecomp Enter - MemInfo: [/proc/meminfo - SSI]	MemFree:        189870360 kB
20220312 055214.692 INFO             PET0 PIOc_freedecomp Enter - MemInfo: [/proc/meminfo - SSI]	MemAvailable:   191510348 kB
20220312 055214.692 INFO             PET0 PIOc_freedecomp Enter - MemInfo: [/proc/meminfo - SSI]	Committed_AS:    1269640 kB
20220312 055214.692 INFO             PET0 PIOc_freedecomp Enter - MemInfo: [/proc/meminfo - SSI]	CommittedPercent: 0.646342 %
20220312 055214.692 INFO             PET0 PIOc_freedecomp Enter - MemInfo: [/proc/self/status]	VmPeak:	 3893096 kB
20220312 055214.692 INFO             PET0 PIOc_freedecomp Enter - MemInfo: [/proc/self/status]	VmSize:	 3849960 kB
20220312 055214.692 INFO             PET0 PIOc_freedecomp Enter - MemInfo: [/proc/self/status]	VmLck:	       0 kB
20220312 055214.692 INFO             PET0 PIOc_freedecomp Enter - MemInfo: [/proc/self/status]	VmPin:	   79996 kB
20220312 055214.692 INFO             PET0 PIOc_freedecomp Enter - MemInfo: [/proc/self/status]	VmHWM:	  159572 kB
20220312 055214.692 INFO             PET0 PIOc_freedecomp Enter - MemInfo: [/proc/self/status]	VmRSS:	  151380 kB
20220312 055214.692 INFO             PET0 PIOc_freedecomp Enter - MemInfo: [/proc/self/status]	VmData:	  273036 kB
20220312 055214.692 INFO             PET0 PIOc_freedecomp Enter - MemInfo: [/proc/self/status]	VmStk:	     524 kB
20220312 055214.692 INFO             PET0 PIOc_freedecomp Enter - MemInfo: [/proc/self/status]	VmExe:	    1868 kB
20220312 055214.692 INFO             PET0 PIOc_freedecomp Enter - MemInfo: [/proc/self/status]	VmLib:	  122112 kB
20220312 055214.692 INFO             PET0 PIOc_freedecomp Enter - MemInfo: [/proc/self/status]	VmPTE:	     928 kB
20220312 055214.692 INFO             PET0 PIOc_freedecomp Enter - MemInfo: [/proc/self/status]	VmSwap:	       0 kB
20220312 055214.692 INFO             PET0 PIOc_freedecomp Enter - MemInfo: [/proc/self/status]	VmRSSPercent: 0.0770638 %
20220312 055214.692 INFO             PET0 PIOc_freedecomp Enter - MemInfo: [malloc] Non-mmapped space allocated:                 2555904 Byte
20220312 055214.692 INFO             PET0 PIOc_freedecomp Enter - MemInfo: [malloc] Space allocated in mmapped regions:         84254720 Byte
20220312 055214.692 INFO             PET0 PIOc_freedecomp Enter - MemInfo: [malloc] Maximum total allocated space:                     0 Byte
20220312 055214.692 INFO             PET0 PIOc_freedecomp Enter - MemInfo: [malloc] Space in freed fastbin blocks:                   624 Byte
20220312 055214.692 INFO             PET0 PIOc_freedecomp Enter - MemInfo: [malloc] Total allocated space:                       2333664 Byte
20220312 055214.692 INFO             PET0 PIOc_freedecomp Enter - MemInfo: [malloc] Total free space:                             222240 Byte
20220312 055214.692 INFO             PET0 PIOc_freedecomp Enter - MemInfo: [malloc] Top-most, releasable space:                    68736 Byte
20220312 055214.692 INFO             PET0 PIOc_freedecomp Enter - MemInfo: [malloc] Total space in use, mmap + non-mmap:        86588384 Byte
20220312 055214.692 INFO             PET0 PIOc_freedecomp Enter - MemInfo: [malloc] Total space held (mmap + non-mmap):         86810624 Byte
20220312 055214.692 INFO             PET0 PIOc_freedecomp Enter - MemInfo: [malloc] Total space used (mmap + non-mmap):         86597776 Byte
20220312 055214.692 INFO             PET0 PIOc_freedecomp Enter - MemInfo: Wall-clock time since execution start:                3.15604 seconds
20220312 055214.692 INFO             PET0 PIOc_freedecomp Exit - MemInfo: [/proc/meminfo - SSI]	MemTotal:       196434612 kB
20220312 055214.692 INFO             PET0 PIOc_freedecomp Exit - MemInfo: [/proc/meminfo - SSI]	MemFree:        189870360 kB
20220312 055214.692 INFO             PET0 PIOc_freedecomp Exit - MemInfo: [/proc/meminfo - SSI]	MemAvailable:   191510348 kB
20220312 055214.692 INFO             PET0 PIOc_freedecomp Exit - MemInfo: [/proc/meminfo - SSI]	Committed_AS:    1269640 kB
20220312 055214.692 INFO             PET0 PIOc_freedecomp Exit - MemInfo: [/proc/meminfo - SSI]	CommittedPercent: 0.646342 %
20220312 055214.692 INFO             PET0 PIOc_freedecomp Exit - MemInfo: [/proc/self/status]	VmPeak:	 3893096 kB
20220312 055214.692 INFO             PET0 PIOc_freedecomp Exit - MemInfo: [/proc/self/status]	VmSize:	 3849960 kB
20220312 055214.692 INFO             PET0 PIOc_freedecomp Exit - MemInfo: [/proc/self/status]	VmLck:	       0 kB
20220312 055214.692 INFO             PET0 PIOc_freedecomp Exit - MemInfo: [/proc/self/status]	VmPin:	   79996 kB
20220312 055214.692 INFO             PET0 PIOc_freedecomp Exit - MemInfo: [/proc/self/status]	VmHWM:	  159572 kB
20220312 055214.692 INFO             PET0 PIOc_freedecomp Exit - MemInfo: [/proc/self/status]	VmRSS:	  151380 kB
20220312 055214.692 INFO             PET0 PIOc_freedecomp Exit - MemInfo: [/proc/self/status]	VmData:	  273036 kB
20220312 055214.692 INFO             PET0 PIOc_freedecomp Exit - MemInfo: [/proc/self/status]	VmStk:	     524 kB
20220312 055214.692 INFO             PET0 PIOc_freedecomp Exit - MemInfo: [/proc/self/status]	VmExe:	    1868 kB
20220312 055214.692 INFO             PET0 PIOc_freedecomp Exit - MemInfo: [/proc/self/status]	VmLib:	  122112 kB
20220312 055214.692 INFO             PET0 PIOc_freedecomp Exit - MemInfo: [/proc/self/status]	VmPTE:	     928 kB
20220312 055214.692 INFO             PET0 PIOc_freedecomp Exit - MemInfo: [/proc/self/status]	VmSwap:	       0 kB
20220312 055214.692 INFO             PET0 PIOc_freedecomp Exit - MemInfo: [/proc/self/status]	VmRSSPercent: 0.0770638 %
20220312 055214.692 INFO             PET0 PIOc_freedecomp Exit - MemInfo: [malloc] Non-mmapped space allocated:                 2555904 Byte
20220312 055214.692 INFO             PET0 PIOc_freedecomp Exit - MemInfo: [malloc] Space allocated in mmapped regions:         84254720 Byte
20220312 055214.692 INFO             PET0 PIOc_freedecomp Exit - MemInfo: [malloc] Maximum total allocated space:                     0 Byte
20220312 055214.692 INFO             PET0 PIOc_freedecomp Exit - MemInfo: [malloc] Space in freed fastbin blocks:                   352 Byte
20220312 055214.692 INFO             PET0 PIOc_freedecomp Exit - MemInfo: [malloc] Total allocated space:                       2328688 Byte
20220312 055214.692 INFO             PET0 PIOc_freedecomp Exit - MemInfo: [malloc] Total free space:                             227216 Byte
20220312 055214.692 INFO             PET0 PIOc_freedecomp Exit - MemInfo: [malloc] Top-most, releasable space:                    75776 Byte
20220312 055214.692 INFO             PET0 PIOc_freedecomp Exit - MemInfo: [malloc] Total space in use, mmap + non-mmap:        86583408 Byte
20220312 055214.692 INFO             PET0 PIOc_freedecomp Exit - MemInfo: [malloc] Total space held (mmap + non-mmap):         86810624 Byte
20220312 055214.692 INFO             PET0 PIOc_freedecomp Exit - MemInfo: [malloc] Total space used (mmap + non-mmap):         86592784 Byte
20220312 055214.692 INFO             PET0 PIOc_freedecomp Exit - MemInfo: Wall-clock time since execution start:                3.15658 seconds
20220312 055214.693 INFO             PET0 PIOc_freedecomp Enter - MemInfo: [/proc/meminfo - SSI]	MemTotal:       196434612 kB
20220312 055214.693 INFO             PET0 PIOc_freedecomp Enter - MemInfo: [/proc/meminfo - SSI]	MemFree:        189870360 kB
20220312 055214.693 INFO             PET0 PIOc_freedecomp Enter - MemInfo: [/proc/meminfo - SSI]	MemAvailable:   191510348 kB
20220312 055214.693 INFO             PET0 PIOc_freedecomp Enter - MemInfo: [/proc/meminfo - SSI]	Committed_AS:    1269640 kB
20220312 055214.693 INFO             PET0 PIOc_freedecomp Enter - MemInfo: [/proc/meminfo - SSI]	CommittedPercent: 0.646342 %
20220312 055214.693 INFO             PET0 PIOc_freedecomp Enter - MemInfo: [/proc/self/status]	VmPeak:	 3893096 kB
20220312 055214.693 INFO             PET0 PIOc_freedecomp Enter - MemInfo: [/proc/self/status]	VmSize:	 3849960 kB
20220312 055214.693 INFO             PET0 PIOc_freedecomp Enter - MemInfo: [/proc/self/status]	VmLck:	       0 kB
20220312 055214.693 INFO             PET0 PIOc_freedecomp Enter - MemInfo: [/proc/self/status]	VmPin:	   79996 kB
20220312 055214.693 INFO             PET0 PIOc_freedecomp Enter - MemInfo: [/proc/self/status]	VmHWM:	  159572 kB
20220312 055214.693 INFO             PET0 PIOc_freedecomp Enter - MemInfo: [/proc/self/status]	VmRSS:	  151380 kB
20220312 055214.693 INFO             PET0 PIOc_freedecomp Enter - MemInfo: [/proc/self/status]	VmData:	  273036 kB
20220312 055214.693 INFO             PET0 PIOc_freedecomp Enter - MemInfo: [/proc/self/status]	VmStk:	     524 kB
20220312 055214.693 INFO             PET0 PIOc_freedecomp Enter - MemInfo: [/proc/self/status]	VmExe:	    1868 kB
20220312 055214.693 INFO             PET0 PIOc_freedecomp Enter - MemInfo: [/proc/self/status]	VmLib:	  122112 kB
20220312 055214.693 INFO             PET0 PIOc_freedecomp Enter - MemInfo: [/proc/self/status]	VmPTE:	     928 kB
20220312 055214.693 INFO             PET0 PIOc_freedecomp Enter - MemInfo: [/proc/self/status]	VmSwap:	       0 kB
20220312 055214.693 INFO             PET0 PIOc_freedecomp Enter - MemInfo: [/proc/self/status]	VmRSSPercent: 0.0770638 %
20220312 055214.693 INFO             PET0 PIOc_freedecomp Enter - MemInfo: [malloc] Non-mmapped space allocated:                 2555904 Byte
20220312 055214.693 INFO             PET0 PIOc_freedecomp Enter - MemInfo: [malloc] Space allocated in mmapped regions:         84254720 Byte
20220312 055214.693 INFO             PET0 PIOc_freedecomp Enter - MemInfo: [malloc] Maximum total allocated space:                     0 Byte
20220312 055214.693 INFO             PET0 PIOc_freedecomp Enter - MemInfo: [malloc] Space in freed fastbin blocks:                   624 Byte
20220312 055214.693 INFO             PET0 PIOc_freedecomp Enter - MemInfo: [malloc] Total allocated space:                       2328560 Byte
20220312 055214.693 INFO             PET0 PIOc_freedecomp Enter - MemInfo: [malloc] Total free space:                             227344 Byte
20220312 055214.693 INFO             PET0 PIOc_freedecomp Enter - MemInfo: [malloc] Top-most, releasable space:                    75776 Byte
20220312 055214.693 INFO             PET0 PIOc_freedecomp Enter - MemInfo: [malloc] Total space in use, mmap + non-mmap:        86583280 Byte
20220312 055214.693 INFO             PET0 PIOc_freedecomp Enter - MemInfo: [malloc] Total space held (mmap + non-mmap):         86810624 Byte
20220312 055214.693 INFO             PET0 PIOc_freedecomp Enter - MemInfo: [malloc] Total space used (mmap + non-mmap):         86592656 Byte
20220312 055214.693 INFO             PET0 PIOc_freedecomp Enter - MemInfo: Wall-clock time since execution start:                3.15707 seconds
20220312 055214.693 INFO             PET0 PIOc_freedecomp Exit - MemInfo: [/proc/meminfo - SSI]	MemTotal:       196434612 kB
20220312 055214.693 INFO             PET0 PIOc_freedecomp Exit - MemInfo: [/proc/meminfo - SSI]	MemFree:        189870360 kB
20220312 055214.693 INFO             PET0 PIOc_freedecomp Exit - MemInfo: [/proc/meminfo - SSI]	MemAvailable:   191510348 kB
20220312 055214.693 INFO             PET0 PIOc_freedecomp Exit - MemInfo: [/proc/meminfo - SSI]	Committed_AS:    1269640 kB
20220312 055214.693 INFO             PET0 PIOc_freedecomp Exit - MemInfo: [/proc/meminfo - SSI]	CommittedPercent: 0.646342 %
20220312 055214.693 INFO             PET0 PIOc_freedecomp Exit - MemInfo: [/proc/self/status]	VmPeak:	 3893096 kB
20220312 055214.693 INFO             PET0 PIOc_freedecomp Exit - MemInfo: [/proc/self/status]	VmSize:	 3849960 kB
20220312 055214.693 INFO             PET0 PIOc_freedecomp Exit - MemInfo: [/proc/self/status]	VmLck:	       0 kB
20220312 055214.693 INFO             PET0 PIOc_freedecomp Exit - MemInfo: [/proc/self/status]	VmPin:	   79996 kB
20220312 055214.693 INFO             PET0 PIOc_freedecomp Exit - MemInfo: [/proc/self/status]	VmHWM:	  159572 kB
20220312 055214.693 INFO             PET0 PIOc_freedecomp Exit - MemInfo: [/proc/self/status]	VmRSS:	  151380 kB
20220312 055214.693 INFO             PET0 PIOc_freedecomp Exit - MemInfo: [/proc/self/status]	VmData:	  273036 kB
20220312 055214.693 INFO             PET0 PIOc_freedecomp Exit - MemInfo: [/proc/self/status]	VmStk:	     524 kB
20220312 055214.693 INFO             PET0 PIOc_freedecomp Exit - MemInfo: [/proc/self/status]	VmExe:	    1868 kB
20220312 055214.693 INFO             PET0 PIOc_freedecomp Exit - MemInfo: [/proc/self/status]	VmLib:	  122112 kB
20220312 055214.693 INFO             PET0 PIOc_freedecomp Exit - MemInfo: [/proc/self/status]	VmPTE:	     928 kB
20220312 055214.693 INFO             PET0 PIOc_freedecomp Exit - MemInfo: [/proc/self/status]	VmSwap:	       0 kB
20220312 055214.693 INFO             PET0 PIOc_freedecomp Exit - MemInfo: [/proc/self/status]	VmRSSPercent: 0.0770638 %
20220312 055214.693 INFO             PET0 PIOc_freedecomp Exit - MemInfo: [malloc] Non-mmapped space allocated:                 2555904 Byte
20220312 055214.693 INFO             PET0 PIOc_freedecomp Exit - MemInfo: [malloc] Space allocated in mmapped regions:         84254720 Byte
20220312 055214.693 INFO             PET0 PIOc_freedecomp Exit - MemInfo: [malloc] Maximum total allocated space:                     0 Byte
20220312 055214.693 INFO             PET0 PIOc_freedecomp Exit - MemInfo: [malloc] Space in freed fastbin blocks:                   784 Byte
20220312 055214.693 INFO             PET0 PIOc_freedecomp Exit - MemInfo: [malloc] Total allocated space:                       2322976 Byte
20220312 055214.693 INFO             PET0 PIOc_freedecomp Exit - MemInfo: [malloc] Total free space:                             232928 Byte
20220312 055214.693 INFO             PET0 PIOc_freedecomp Exit - MemInfo: [malloc] Top-most, releasable space:                    75776 Byte
20220312 055214.693 INFO             PET0 PIOc_freedecomp Exit - MemInfo: [malloc] Total space in use, mmap + non-mmap:        86577696 Byte
20220312 055214.693 INFO             PET0 PIOc_freedecomp Exit - MemInfo: [malloc] Total space held (mmap + non-mmap):         86810624 Byte
20220312 055214.693 INFO             PET0 PIOc_freedecomp Exit - MemInfo: [malloc] Total space used (mmap + non-mmap):         86587072 Byte
20220312 055214.693 INFO             PET0 PIOc_freedecomp Exit - MemInfo: Wall-clock time since execution start:                3.15759 seconds
20220312 055214.694 INFO             PET0  PASS  ArrayBundleWrite Single file Test, ESMF_ArrayBundleIOUTest.F90, line 167
20220312 055215.957 INFO             PET0 PIOc_sync Enter - MemInfo: [/proc/meminfo - SSI]	MemTotal:       196434612 kB
20220312 055215.958 INFO             PET0 PIOc_sync Enter - MemInfo: [/proc/meminfo - SSI]	MemFree:        189863084 kB
20220312 055215.958 INFO             PET0 PIOc_sync Enter - MemInfo: [/proc/meminfo - SSI]	MemAvailable:   191503072 kB
20220312 055215.958 INFO             PET0 PIOc_sync Enter - MemInfo: [/proc/meminfo - SSI]	Committed_AS:    1277872 kB
20220312 055215.958 INFO             PET0 PIOc_sync Enter - MemInfo: [/proc/meminfo - SSI]	CommittedPercent: 0.650533 %
20220312 055215.958 INFO             PET0 PIOc_sync Enter - MemInfo: [/proc/self/status]	VmPeak:	 3893096 kB
20220312 055215.958 INFO             PET0 PIOc_sync Enter - MemInfo: [/proc/self/status]	VmSize:	 3858704 kB
20220312 055215.958 INFO             PET0 PIOc_sync Enter - MemInfo: [/proc/self/status]	VmLck:	       0 kB
20220312 055215.958 INFO             PET0 PIOc_sync Enter - MemInfo: [/proc/self/status]	VmPin:	   79996 kB
20220312 055215.958 INFO             PET0 PIOc_sync Enter - MemInfo: [/proc/self/status]	VmHWM:	  159788 kB
20220312 055215.958 INFO             PET0 PIOc_sync Enter - MemInfo: [/proc/self/status]	VmRSS:	  159788 kB
20220312 055215.958 INFO             PET0 PIOc_sync Enter - MemInfo: [/proc/self/status]	VmData:	  281780 kB
20220312 055215.958 INFO             PET0 PIOc_sync Enter - MemInfo: [/proc/self/status]	VmStk:	     524 kB
20220312 055215.958 INFO             PET0 PIOc_sync Enter - MemInfo: [/proc/self/status]	VmExe:	    1868 kB
20220312 055215.958 INFO             PET0 PIOc_sync Enter - MemInfo: [/proc/self/status]	VmLib:	  122112 kB
20220312 055215.958 INFO             PET0 PIOc_sync Enter - MemInfo: [/proc/self/status]	VmPTE:	     944 kB
20220312 055215.958 INFO             PET0 PIOc_sync Enter - MemInfo: [/proc/self/status]	VmSwap:	       0 kB
20220312 055215.958 INFO             PET0 PIOc_sync Enter - MemInfo: [/proc/self/status]	VmRSSPercent: 0.0813441 %
20220312 055215.958 INFO             PET0 PIOc_sync Enter - MemInfo: [malloc] Non-mmapped space allocated:                11509760 Byte
20220312 055215.958 INFO             PET0 PIOc_sync Enter - MemInfo: [malloc] Space allocated in mmapped regions:         84254720 Byte
20220312 055215.958 INFO             PET0 PIOc_sync Enter - MemInfo: [malloc] Maximum total allocated space:                     0 Byte
20220312 055215.958 INFO             PET0 PIOc_sync Enter - MemInfo: [malloc] Space in freed fastbin blocks:                   496 Byte
20220312 055215.958 INFO             PET0 PIOc_sync Enter - MemInfo: [malloc] Total allocated space:                      11278528 Byte
20220312 055215.958 INFO             PET0 PIOc_sync Enter - MemInfo: [malloc] Total free space:                             231232 Byte
20220312 055215.958 INFO             PET0 PIOc_sync Enter - MemInfo: [malloc] Top-most, releasable space:                    90752 Byte
20220312 055215.958 INFO             PET0 PIOc_sync Enter - MemInfo: [malloc] Total space in use, mmap + non-mmap:        95533248 Byte
20220312 055215.958 INFO             PET0 PIOc_sync Enter - MemInfo: [malloc] Total space held (mmap + non-mmap):         95764480 Byte
20220312 055215.958 INFO             PET0 PIOc_sync Enter - MemInfo: [malloc] Total space used (mmap + non-mmap):         95542624 Byte
20220312 055215.958 INFO             PET0 PIOc_sync Enter - MemInfo: Wall-clock time since execution start:                4.41903 seconds
20220312 055217.382 INFO             PET0 PIOc_sync Exit - MemInfo: [/proc/meminfo - SSI]	MemTotal:       196434612 kB
20220312 055217.382 INFO             PET0 PIOc_sync Exit - MemInfo: [/proc/meminfo - SSI]	MemFree:        189863456 kB
20220312 055217.382 INFO             PET0 PIOc_sync Exit - MemInfo: [/proc/meminfo - SSI]	MemAvailable:   191503444 kB
20220312 055217.382 INFO             PET0 PIOc_sync Exit - MemInfo: [/proc/meminfo - SSI]	Committed_AS:    1276120 kB
20220312 055217.382 INFO             PET0 PIOc_sync Exit - MemInfo: [/proc/meminfo - SSI]	CommittedPercent: 0.649641 %
20220312 055217.382 INFO             PET0 PIOc_sync Exit - MemInfo: [/proc/self/status]	VmPeak:	 3893096 kB
20220312 055217.382 INFO             PET0 PIOc_sync Exit - MemInfo: [/proc/self/status]	VmSize:	 3858704 kB
20220312 055217.382 INFO             PET0 PIOc_sync Exit - MemInfo: [/proc/self/status]	VmLck:	       0 kB
20220312 055217.382 INFO             PET0 PIOc_sync Exit - MemInfo: [/proc/self/status]	VmPin:	   79996 kB
20220312 055217.382 INFO             PET0 PIOc_sync Exit - MemInfo: [/proc/self/status]	VmHWM:	  159828 kB
20220312 055217.382 INFO             PET0 PIOc_sync Exit - MemInfo: [/proc/self/status]	VmRSS:	  159828 kB
20220312 055217.382 INFO             PET0 PIOc_sync Exit - MemInfo: [/proc/self/status]	VmData:	  281780 kB
20220312 055217.382 INFO             PET0 PIOc_sync Exit - MemInfo: [/proc/self/status]	VmStk:	     524 kB
20220312 055217.382 INFO             PET0 PIOc_sync Exit - MemInfo: [/proc/self/status]	VmExe:	    1868 kB
20220312 055217.382 INFO             PET0 PIOc_sync Exit - MemInfo: [/proc/self/status]	VmLib:	  122112 kB
20220312 055217.382 INFO             PET0 PIOc_sync Exit - MemInfo: [/proc/self/status]	VmPTE:	     944 kB
20220312 055217.382 INFO             PET0 PIOc_sync Exit - MemInfo: [/proc/self/status]	VmSwap:	       0 kB
20220312 055217.382 INFO             PET0 PIOc_sync Exit - MemInfo: [/proc/self/status]	VmRSSPercent: 0.0813645 %
20220312 055217.382 INFO             PET0 PIOc_sync Exit - MemInfo: [malloc] Non-mmapped space allocated:                11509760 Byte
20220312 055217.382 INFO             PET0 PIOc_sync Exit - MemInfo: [malloc] Space allocated in mmapped regions:         84254720 Byte
20220312 055217.382 INFO             PET0 PIOc_sync Exit - MemInfo: [malloc] Maximum total allocated space:                     0 Byte
20220312 055217.382 INFO             PET0 PIOc_sync Exit - MemInfo: [malloc] Space in freed fastbin blocks:                   528 Byte
20220312 055217.382 INFO             PET0 PIOc_sync Exit - MemInfo: [malloc] Total allocated space:                      11275216 Byte
20220312 055217.382 INFO             PET0 PIOc_sync Exit - MemInfo: [malloc] Total free space:                             234544 Byte
20220312 055217.382 INFO             PET0 PIOc_sync Exit - MemInfo: [malloc] Top-most, releasable space:                    90752 Byte
20220312 055217.382 INFO             PET0 PIOc_sync Exit - MemInfo: [malloc] Total space in use, mmap + non-mmap:        95529936 Byte
20220312 055217.382 INFO             PET0 PIOc_sync Exit - MemInfo: [malloc] Total space held (mmap + non-mmap):         95764480 Byte
20220312 055217.382 INFO             PET0 PIOc_sync Exit - MemInfo: [malloc] Total space used (mmap + non-mmap):         95539312 Byte
20220312 055217.382 INFO             PET0 PIOc_sync Exit - MemInfo: Wall-clock time since execution start:                5.83994 seconds
20220312 055217.383 INFO             PET0 PIOc_freedecomp Enter - MemInfo: [/proc/meminfo - SSI]	MemTotal:       196434612 kB
20220312 055217.383 INFO             PET0 PIOc_freedecomp Enter - MemInfo: [/proc/meminfo - SSI]	MemFree:        189863456 kB
20220312 055217.383 INFO             PET0 PIOc_freedecomp Enter - MemInfo: [/proc/meminfo - SSI]	MemAvailable:   191503444 kB
20220312 055217.383 INFO             PET0 PIOc_freedecomp Enter - MemInfo: [/proc/meminfo - SSI]	Committed_AS:    1276120 kB
20220312 055217.383 INFO             PET0 PIOc_freedecomp Enter - MemInfo: [/proc/meminfo - SSI]	CommittedPercent: 0.649641 %
20220312 055217.383 INFO             PET0 PIOc_freedecomp Enter - MemInfo: [/proc/self/status]	VmPeak:	 3893096 kB
20220312 055217.383 INFO             PET0 PIOc_freedecomp Enter - MemInfo: [/proc/self/status]	VmSize:	 3858704 kB
20220312 055217.383 INFO             PET0 PIOc_freedecomp Enter - MemInfo: [/proc/self/status]	VmLck:	       0 kB
20220312 055217.383 INFO             PET0 PIOc_freedecomp Enter - MemInfo: [/proc/self/status]	VmPin:	   79996 kB
20220312 055217.383 INFO             PET0 PIOc_freedecomp Enter - MemInfo: [/proc/self/status]	VmHWM:	  159828 kB
20220312 055217.383 INFO             PET0 PIOc_freedecomp Enter - MemInfo: [/proc/self/status]	VmRSS:	  159828 kB
20220312 055217.383 INFO             PET0 PIOc_freedecomp Enter - MemInfo: [/proc/self/status]	VmData:	  281780 kB
20220312 055217.383 INFO             PET0 PIOc_freedecomp Enter - MemInfo: [/proc/self/status]	VmStk:	     524 kB
20220312 055217.383 INFO             PET0 PIOc_freedecomp Enter - MemInfo: [/proc/self/status]	VmExe:	    1868 kB
20220312 055217.383 INFO             PET0 PIOc_freedecomp Enter - MemInfo: [/proc/self/status]	VmLib:	  122112 kB
20220312 055217.383 INFO             PET0 PIOc_freedecomp Enter - MemInfo: [/proc/self/status]	VmPTE:	     944 kB
20220312 055217.383 INFO             PET0 PIOc_freedecomp Enter - MemInfo: [/proc/self/status]	VmSwap:	       0 kB
20220312 055217.383 INFO             PET0 PIOc_freedecomp Enter - MemInfo: [/proc/self/status]	VmRSSPercent: 0.0813645 %
20220312 055217.383 INFO             PET0 PIOc_freedecomp Enter - MemInfo: [malloc] Non-mmapped space allocated:                11509760 Byte
20220312 055217.383 INFO             PET0 PIOc_freedecomp Enter - MemInfo: [malloc] Space allocated in mmapped regions:         84254720 Byte
20220312 055217.383 INFO             PET0 PIOc_freedecomp Enter - MemInfo: [malloc] Maximum total allocated space:                     0 Byte
20220312 055217.383 INFO             PET0 PIOc_freedecomp Enter - MemInfo: [malloc] Space in freed fastbin blocks:                   448 Byte
20220312 055217.383 INFO             PET0 PIOc_freedecomp Enter - MemInfo: [malloc] Total allocated space:                       2347392 Byte
20220312 055217.383 INFO             PET0 PIOc_freedecomp Enter - MemInfo: [malloc] Total free space:                            9162368 Byte
20220312 055217.383 INFO             PET0 PIOc_freedecomp Enter - MemInfo: [malloc] Top-most, releasable space:                    90752 Byte
20220312 055217.383 INFO             PET0 PIOc_freedecomp Enter - MemInfo: [malloc] Total space in use, mmap + non-mmap:        86602112 Byte
20220312 055217.383 INFO             PET0 PIOc_freedecomp Enter - MemInfo: [malloc] Total space held (mmap + non-mmap):         95764480 Byte
20220312 055217.383 INFO             PET0 PIOc_freedecomp Enter - MemInfo: [malloc] Total space used (mmap + non-mmap):         86611488 Byte
20220312 055217.383 INFO             PET0 PIOc_freedecomp Enter - MemInfo: Wall-clock time since execution start:                5.84079 seconds
20220312 055217.383 INFO             PET0 PIOc_freedecomp Exit - MemInfo: [/proc/meminfo - SSI]	MemTotal:       196434612 kB
20220312 055217.383 INFO             PET0 PIOc_freedecomp Exit - MemInfo: [/proc/meminfo - SSI]	MemFree:        189863456 kB
20220312 055217.383 INFO             PET0 PIOc_freedecomp Exit - MemInfo: [/proc/meminfo - SSI]	MemAvailable:   191503444 kB
20220312 055217.383 INFO             PET0 PIOc_freedecomp Exit - MemInfo: [/proc/meminfo - SSI]	Committed_AS:    1276120 kB
20220312 055217.383 INFO             PET0 PIOc_freedecomp Exit - MemInfo: [/proc/meminfo - SSI]	CommittedPercent: 0.649641 %
20220312 055217.383 INFO             PET0 PIOc_freedecomp Exit - MemInfo: [/proc/self/status]	VmPeak:	 3893096 kB
20220312 055217.383 INFO             PET0 PIOc_freedecomp Exit - MemInfo: [/proc/self/status]	VmSize:	 3858704 kB
20220312 055217.383 INFO             PET0 PIOc_freedecomp Exit - MemInfo: [/proc/self/status]	VmLck:	       0 kB
20220312 055217.383 INFO             PET0 PIOc_freedecomp Exit - MemInfo: [/proc/self/status]	VmPin:	   79996 kB
20220312 055217.383 INFO             PET0 PIOc_freedecomp Exit - MemInfo: [/proc/self/status]	VmHWM:	  159828 kB
20220312 055217.383 INFO             PET0 PIOc_freedecomp Exit - MemInfo: [/proc/self/status]	VmRSS:	  159828 kB
20220312 055217.383 INFO             PET0 PIOc_freedecomp Exit - MemInfo: [/proc/self/status]	VmData:	  281780 kB
20220312 055217.383 INFO             PET0 PIOc_freedecomp Exit - MemInfo: [/proc/self/status]	VmStk:	     524 kB
20220312 055217.383 INFO             PET0 PIOc_freedecomp Exit - MemInfo: [/proc/self/status]	VmExe:	    1868 kB
20220312 055217.383 INFO             PET0 PIOc_freedecomp Exit - MemInfo: [/proc/self/status]	VmLib:	  122112 kB
20220312 055217.383 INFO             PET0 PIOc_freedecomp Exit - MemInfo: [/proc/self/status]	VmPTE:	     944 kB
20220312 055217.383 INFO             PET0 PIOc_freedecomp Exit - MemInfo: [/proc/self/status]	VmSwap:	       0 kB
20220312 055217.383 INFO             PET0 PIOc_freedecomp Exit - MemInfo: [/proc/self/status]	VmRSSPercent: 0.0813645 %
20220312 055217.383 INFO             PET0 PIOc_freedecomp Exit - MemInfo: [malloc] Non-mmapped space allocated:                11509760 Byte
20220312 055217.383 INFO             PET0 PIOc_freedecomp Exit - MemInfo: [malloc] Space allocated in mmapped regions:         84254720 Byte
20220312 055217.383 INFO             PET0 PIOc_freedecomp Exit - MemInfo: [malloc] Maximum total allocated space:                     0 Byte
20220312 055217.383 INFO             PET0 PIOc_freedecomp Exit - MemInfo: [malloc] Space in freed fastbin blocks:                   480 Byte
20220312 055217.383 INFO             PET0 PIOc_freedecomp Exit - MemInfo: [malloc] Total allocated space:                       2333808 Byte
20220312 055217.383 INFO             PET0 PIOc_freedecomp Exit - MemInfo: [malloc] Total free space:                            9175952 Byte
20220312 055217.384 INFO             PET0 PIOc_freedecomp Exit - MemInfo: [malloc] Top-most, releasable space:                   109488 Byte
20220312 055217.384 INFO             PET0 PIOc_freedecomp Exit - MemInfo: [malloc] Total space in use, mmap + non-mmap:        86588528 Byte
20220312 055217.384 INFO             PET0 PIOc_freedecomp Exit - MemInfo: [malloc] Total space held (mmap + non-mmap):         95764480 Byte
20220312 055217.384 INFO             PET0 PIOc_freedecomp Exit - MemInfo: [malloc] Total space used (mmap + non-mmap):         86597920 Byte
20220312 055217.384 INFO             PET0 PIOc_freedecomp Exit - MemInfo: Wall-clock time since execution start:                5.84138 seconds
20220312 055217.384 INFO             PET0 PIOc_freedecomp Enter - MemInfo: [/proc/meminfo - SSI]	MemTotal:       196434612 kB
20220312 055217.384 INFO             PET0 PIOc_freedecomp Enter - MemInfo: [/proc/meminfo - SSI]	MemFree:        189863456 kB
20220312 055217.384 INFO             PET0 PIOc_freedecomp Enter - MemInfo: [/proc/meminfo - SSI]	MemAvailable:   191503444 kB
20220312 055217.384 INFO             PET0 PIOc_freedecomp Enter - MemInfo: [/proc/meminfo - SSI]	Committed_AS:    1276120 kB
20220312 055217.384 INFO             PET0 PIOc_freedecomp Enter - MemInfo: [/proc/meminfo - SSI]	CommittedPercent: 0.649641 %
20220312 055217.384 INFO             PET0 PIOc_freedecomp Enter - MemInfo: [/proc/self/status]	VmPeak:	 3893096 kB
20220312 055217.384 INFO             PET0 PIOc_freedecomp Enter - MemInfo: [/proc/self/status]	VmSize:	 3858704 kB
20220312 055217.384 INFO             PET0 PIOc_freedecomp Enter - MemInfo: [/proc/self/status]	VmLck:	       0 kB
20220312 055217.384 INFO             PET0 PIOc_freedecomp Enter - MemInfo: [/proc/self/status]	VmPin:	   79996 kB
20220312 055217.384 INFO             PET0 PIOc_freedecomp Enter - MemInfo: [/proc/self/status]	VmHWM:	  159828 kB
20220312 055217.384 INFO             PET0 PIOc_freedecomp Enter - MemInfo: [/proc/self/status]	VmRSS:	  159828 kB
20220312 055217.384 INFO             PET0 PIOc_freedecomp Enter - MemInfo: [/proc/self/status]	VmData:	  281780 kB
20220312 055217.384 INFO             PET0 PIOc_freedecomp Enter - MemInfo: [/proc/self/status]	VmStk:	     524 kB
20220312 055217.384 INFO             PET0 PIOc_freedecomp Enter - MemInfo: [/proc/self/status]	VmExe:	    1868 kB
20220312 055217.384 INFO             PET0 PIOc_freedecomp Enter - MemInfo: [/proc/self/status]	VmLib:	  122112 kB
20220312 055217.384 INFO             PET0 PIOc_freedecomp Enter - MemInfo: [/proc/self/status]	VmPTE:	     944 kB
20220312 055217.384 INFO             PET0 PIOc_freedecomp Enter - MemInfo: [/proc/self/status]	VmSwap:	       0 kB
20220312 055217.384 INFO             PET0 PIOc_freedecomp Enter - MemInfo: [/proc/self/status]	VmRSSPercent: 0.0813645 %
20220312 055217.384 INFO             PET0 PIOc_freedecomp Enter - MemInfo: [malloc] Non-mmapped space allocated:                11509760 Byte
20220312 055217.384 INFO             PET0 PIOc_freedecomp Enter - MemInfo: [malloc] Space allocated in mmapped regions:         84254720 Byte
20220312 055217.384 INFO             PET0 PIOc_freedecomp Enter - MemInfo: [malloc] Maximum total allocated space:                     0 Byte
20220312 055217.384 INFO             PET0 PIOc_freedecomp Enter - MemInfo: [malloc] Space in freed fastbin blocks:                   624 Byte
20220312 055217.384 INFO             PET0 PIOc_freedecomp Enter - MemInfo: [malloc] Total allocated space:                       2333680 Byte
20220312 055217.384 INFO             PET0 PIOc_freedecomp Enter - MemInfo: [malloc] Total free space:                            9176080 Byte
20220312 055217.384 INFO             PET0 PIOc_freedecomp Enter - MemInfo: [malloc] Top-most, releasable space:                   109488 Byte
20220312 055217.384 INFO             PET0 PIOc_freedecomp Enter - MemInfo: [malloc] Total space in use, mmap + non-mmap:        86588400 Byte
20220312 055217.384 INFO             PET0 PIOc_freedecomp Enter - MemInfo: [malloc] Total space held (mmap + non-mmap):         95764480 Byte
20220312 055217.384 INFO             PET0 PIOc_freedecomp Enter - MemInfo: [malloc] Total space used (mmap + non-mmap):         86597792 Byte
20220312 055217.384 INFO             PET0 PIOc_freedecomp Enter - MemInfo: Wall-clock time since execution start:                 5.8419 seconds
20220312 055217.384 INFO             PET0 PIOc_freedecomp Exit - MemInfo: [/proc/meminfo - SSI]	MemTotal:       196434612 kB
20220312 055217.384 INFO             PET0 PIOc_freedecomp Exit - MemInfo: [/proc/meminfo - SSI]	MemFree:        189863456 kB
20220312 055217.384 INFO             PET0 PIOc_freedecomp Exit - MemInfo: [/proc/meminfo - SSI]	MemAvailable:   191503444 kB
20220312 055217.384 INFO             PET0 PIOc_freedecomp Exit - MemInfo: [/proc/meminfo - SSI]	Committed_AS:    1276120 kB
20220312 055217.384 INFO             PET0 PIOc_freedecomp Exit - MemInfo: [/proc/meminfo - SSI]	CommittedPercent: 0.649641 %
20220312 055217.384 INFO             PET0 PIOc_freedecomp Exit - MemInfo: [/proc/self/status]	VmPeak:	 3893096 kB
20220312 055217.384 INFO             PET0 PIOc_freedecomp Exit - MemInfo: [/proc/self/status]	VmSize:	 3858704 kB
20220312 055217.384 INFO             PET0 PIOc_freedecomp Exit - MemInfo: [/proc/self/status]	VmLck:	       0 kB
20220312 055217.384 INFO             PET0 PIOc_freedecomp Exit - MemInfo: [/proc/self/status]	VmPin:	   79996 kB
20220312 055217.384 INFO             PET0 PIOc_freedecomp Exit - MemInfo: [/proc/self/status]	VmHWM:	  159828 kB
20220312 055217.384 INFO             PET0 PIOc_freedecomp Exit - MemInfo: [/proc/self/status]	VmRSS:	  159828 kB
20220312 055217.384 INFO             PET0 PIOc_freedecomp Exit - MemInfo: [/proc/self/status]	VmData:	  281780 kB
20220312 055217.384 INFO             PET0 PIOc_freedecomp Exit - MemInfo: [/proc/self/status]	VmStk:	     524 kB
20220312 055217.384 INFO             PET0 PIOc_freedecomp Exit - MemInfo: [/proc/self/status]	VmExe:	    1868 kB
20220312 055217.384 INFO             PET0 PIOc_freedecomp Exit - MemInfo: [/proc/self/status]	VmLib:	  122112 kB
20220312 055217.384 INFO             PET0 PIOc_freedecomp Exit - MemInfo: [/proc/self/status]	VmPTE:	     944 kB
20220312 055217.384 INFO             PET0 PIOc_freedecomp Exit - MemInfo: [/proc/self/status]	VmSwap:	       0 kB
20220312 055217.384 INFO             PET0 PIOc_freedecomp Exit - MemInfo: [/proc/self/status]	VmRSSPercent: 0.0813645 %
20220312 055217.384 INFO             PET0 PIOc_freedecomp Exit - MemInfo: [malloc] Non-mmapped space allocated:                11509760 Byte
20220312 055217.384 INFO             PET0 PIOc_freedecomp Exit - MemInfo: [malloc] Space allocated in mmapped regions:         84254720 Byte
20220312 055217.384 INFO             PET0 PIOc_freedecomp Exit - MemInfo: [malloc] Maximum total allocated space:                     0 Byte
20220312 055217.384 INFO             PET0 PIOc_freedecomp Exit - MemInfo: [malloc] Space in freed fastbin blocks:                   480 Byte
20220312 055217.385 INFO             PET0 PIOc_freedecomp Exit - MemInfo: [malloc] Total allocated space:                       2328704 Byte
20220312 055217.385 INFO             PET0 PIOc_freedecomp Exit - MemInfo: [malloc] Total free space:                            9181056 Byte
20220312 055217.385 INFO             PET0 PIOc_freedecomp Exit - MemInfo: [malloc] Top-most, releasable space:                   116496 Byte
20220312 055217.385 INFO             PET0 PIOc_freedecomp Exit - MemInfo: [malloc] Total space in use, mmap + non-mmap:        86583424 Byte
20220312 055217.385 INFO             PET0 PIOc_freedecomp Exit - MemInfo: [malloc] Total space held (mmap + non-mmap):         95764480 Byte
20220312 055217.385 INFO             PET0 PIOc_freedecomp Exit - MemInfo: [malloc] Total space used (mmap + non-mmap):         86592816 Byte
20220312 055217.385 INFO             PET0 PIOc_freedecomp Exit - MemInfo: Wall-clock time since execution start:                5.84243 seconds
20220312 055217.385 INFO             PET0 PIOc_freedecomp Enter - MemInfo: [/proc/meminfo - SSI]	MemTotal:       196434612 kB
20220312 055217.385 INFO             PET0 PIOc_freedecomp Enter - MemInfo: [/proc/meminfo - SSI]	MemFree:        189863084 kB
20220312 055217.385 INFO             PET0 PIOc_freedecomp Enter - MemInfo: [/proc/meminfo - SSI]	MemAvailable:   191503356 kB
20220312 055217.385 INFO             PET0 PIOc_freedecomp Enter - MemInfo: [/proc/meminfo - SSI]	Committed_AS:    1276120 kB
20220312 055217.385 INFO             PET0 PIOc_freedecomp Enter - MemInfo: [/proc/meminfo - SSI]	CommittedPercent: 0.649641 %
20220312 055217.385 INFO             PET0 PIOc_freedecomp Enter - MemInfo: [/proc/self/status]	VmPeak:	 3893096 kB
20220312 055217.385 INFO             PET0 PIOc_freedecomp Enter - MemInfo: [/proc/self/status]	VmSize:	 3858704 kB
20220312 055217.385 INFO             PET0 PIOc_freedecomp Enter - MemInfo: [/proc/self/status]	VmLck:	       0 kB
20220312 055217.385 INFO             PET0 PIOc_freedecomp Enter - MemInfo: [/proc/self/status]	VmPin:	   79996 kB
20220312 055217.385 INFO             PET0 PIOc_freedecomp Enter - MemInfo: [/proc/self/status]	VmHWM:	  159828 kB
20220312 055217.385 INFO             PET0 PIOc_freedecomp Enter - MemInfo: [/proc/self/status]	VmRSS:	  159828 kB
20220312 055217.385 INFO             PET0 PIOc_freedecomp Enter - MemInfo: [/proc/self/status]	VmData:	  281780 kB
20220312 055217.385 INFO             PET0 PIOc_freedecomp Enter - MemInfo: [/proc/self/status]	VmStk:	     524 kB
20220312 055217.385 INFO             PET0 PIOc_freedecomp Enter - MemInfo: [/proc/self/status]	VmExe:	    1868 kB
20220312 055217.385 INFO             PET0 PIOc_freedecomp Enter - MemInfo: [/proc/self/status]	VmLib:	  122112 kB
20220312 055217.385 INFO             PET0 PIOc_freedecomp Enter - MemInfo: [/proc/self/status]	VmPTE:	     944 kB
20220312 055217.385 INFO             PET0 PIOc_freedecomp Enter - MemInfo: [/proc/self/status]	VmSwap:	       0 kB
20220312 055217.385 INFO             PET0 PIOc_freedecomp Enter - MemInfo: [/proc/self/status]	VmRSSPercent: 0.0813645 %
20220312 055217.385 INFO             PET0 PIOc_freedecomp Enter - MemInfo: [malloc] Non-mmapped space allocated:                11509760 Byte
20220312 055217.385 INFO             PET0 PIOc_freedecomp Enter - MemInfo: [malloc] Space allocated in mmapped regions:         84254720 Byte
20220312 055217.385 INFO             PET0 PIOc_freedecomp Enter - MemInfo: [malloc] Maximum total allocated space:                     0 Byte
20220312 055217.385 INFO             PET0 PIOc_freedecomp Enter - MemInfo: [malloc] Space in freed fastbin blocks:                   624 Byte
20220312 055217.385 INFO             PET0 PIOc_freedecomp Enter - MemInfo: [malloc] Total allocated space:                       2328576 Byte
20220312 055217.385 INFO             PET0 PIOc_freedecomp Enter - MemInfo: [malloc] Total free space:                            9181184 Byte
20220312 055217.385 INFO             PET0 PIOc_freedecomp Enter - MemInfo: [malloc] Top-most, releasable space:                   116496 Byte
20220312 055217.385 INFO             PET0 PIOc_freedecomp Enter - MemInfo: [malloc] Total space in use, mmap + non-mmap:        86583296 Byte
20220312 055217.385 INFO             PET0 PIOc_freedecomp Enter - MemInfo: [malloc] Total space held (mmap + non-mmap):         95764480 Byte
20220312 055217.385 INFO             PET0 PIOc_freedecomp Enter - MemInfo: [malloc] Total space used (mmap + non-mmap):         86592688 Byte
20220312 055217.385 INFO             PET0 PIOc_freedecomp Enter - MemInfo: Wall-clock time since execution start:                5.84292 seconds
20220312 055217.385 INFO             PET0 PIOc_freedecomp Exit - MemInfo: [/proc/meminfo - SSI]	MemTotal:       196434612 kB
20220312 055217.385 INFO             PET0 PIOc_freedecomp Exit - MemInfo: [/proc/meminfo - SSI]	MemFree:        189863084 kB
20220312 055217.385 INFO             PET0 PIOc_freedecomp Exit - MemInfo: [/proc/meminfo - SSI]	MemAvailable:   191503356 kB
20220312 055217.385 INFO             PET0 PIOc_freedecomp Exit - MemInfo: [/proc/meminfo - SSI]	Committed_AS:    1276120 kB
20220312 055217.385 INFO             PET0 PIOc_freedecomp Exit - MemInfo: [/proc/meminfo - SSI]	CommittedPercent: 0.649641 %
20220312 055217.385 INFO             PET0 PIOc_freedecomp Exit - MemInfo: [/proc/self/status]	VmPeak:	 3893096 kB
20220312 055217.385 INFO             PET0 PIOc_freedecomp Exit - MemInfo: [/proc/self/status]	VmSize:	 3858704 kB
20220312 055217.385 INFO             PET0 PIOc_freedecomp Exit - MemInfo: [/proc/self/status]	VmLck:	       0 kB
20220312 055217.385 INFO             PET0 PIOc_freedecomp Exit - MemInfo: [/proc/self/status]	VmPin:	   79996 kB
20220312 055217.385 INFO             PET0 PIOc_freedecomp Exit - MemInfo: [/proc/self/status]	VmHWM:	  159828 kB
20220312 055217.385 INFO             PET0 PIOc_freedecomp Exit - MemInfo: [/proc/self/status]	VmRSS:	  159828 kB
20220312 055217.385 INFO             PET0 PIOc_freedecomp Exit - MemInfo: [/proc/self/status]	VmData:	  281780 kB
20220312 055217.385 INFO             PET0 PIOc_freedecomp Exit - MemInfo: [/proc/self/status]	VmStk:	     524 kB
20220312 055217.385 INFO             PET0 PIOc_freedecomp Exit - MemInfo: [/proc/self/status]	VmExe:	    1868 kB
20220312 055217.385 INFO             PET0 PIOc_freedecomp Exit - MemInfo: [/proc/self/status]	VmLib:	  122112 kB
20220312 055217.385 INFO             PET0 PIOc_freedecomp Exit - MemInfo: [/proc/self/status]	VmPTE:	     944 kB
20220312 055217.385 INFO             PET0 PIOc_freedecomp Exit - MemInfo: [/proc/self/status]	VmSwap:	       0 kB
20220312 055217.385 INFO             PET0 PIOc_freedecomp Exit - MemInfo: [/proc/self/status]	VmRSSPercent: 0.0813645 %
20220312 055217.386 INFO             PET0 PIOc_freedecomp Exit - MemInfo: [malloc] Non-mmapped space allocated:                11509760 Byte
20220312 055217.386 INFO             PET0 PIOc_freedecomp Exit - MemInfo: [malloc] Space allocated in mmapped regions:         84254720 Byte
20220312 055217.386 INFO             PET0 PIOc_freedecomp Exit - MemInfo: [malloc] Maximum total allocated space:                     0 Byte
20220312 055217.386 INFO             PET0 PIOc_freedecomp Exit - MemInfo: [malloc] Space in freed fastbin blocks:                   928 Byte
20220312 055217.386 INFO             PET0 PIOc_freedecomp Exit - MemInfo: [malloc] Total allocated space:                       2322976 Byte
20220312 055217.386 INFO             PET0 PIOc_freedecomp Exit - MemInfo: [malloc] Total free space:                            9186784 Byte
20220312 055217.386 INFO             PET0 PIOc_freedecomp Exit - MemInfo: [malloc] Top-most, releasable space:                   116496 Byte
20220312 055217.386 INFO             PET0 PIOc_freedecomp Exit - MemInfo: [malloc] Total space in use, mmap + non-mmap:        86577696 Byte
20220312 055217.386 INFO             PET0 PIOc_freedecomp Exit - MemInfo: [malloc] Total space held (mmap + non-mmap):         95764480 Byte
20220312 055217.386 INFO             PET0 PIOc_freedecomp Exit - MemInfo: [malloc] Total space used (mmap + non-mmap):         86587072 Byte
20220312 055217.386 INFO             PET0 PIOc_freedecomp Exit - MemInfo: Wall-clock time since execution start:                5.84344 seconds
20220312 055217.386 INFO             PET0  PASS  ArrayBundleWrite Single file with timeslice Test, ESMF_ArrayBundleIOUTest.F90, line 180
20220312 055218.001 INFO             PET0 PIOc_sync Enter - MemInfo: [/proc/meminfo - SSI]	MemTotal:       196434612 kB
20220312 055218.001 INFO             PET0 PIOc_sync Enter - MemInfo: [/proc/meminfo - SSI]	MemFree:        189862572 kB
20220312 055218.001 INFO             PET0 PIOc_sync Enter - MemInfo: [/proc/meminfo - SSI]	MemAvailable:   191502844 kB
20220312 055218.001 INFO             PET0 PIOc_sync Enter - MemInfo: [/proc/meminfo - SSI]	Committed_AS:    1276120 kB
20220312 055218.002 INFO             PET0 PIOc_sync Enter - MemInfo: [/proc/meminfo - SSI]	CommittedPercent: 0.649641 %
20220312 055218.002 INFO             PET0 PIOc_sync Enter - MemInfo: [/proc/self/status]	VmPeak:	 3893096 kB
20220312 055218.002 INFO             PET0 PIOc_sync Enter - MemInfo: [/proc/self/status]	VmSize:	 3858704 kB
20220312 055218.002 INFO             PET0 PIOc_sync Enter - MemInfo: [/proc/self/status]	VmLck:	       0 kB
20220312 055218.002 INFO             PET0 PIOc_sync Enter - MemInfo: [/proc/self/status]	VmPin:	   79996 kB
20220312 055218.002 INFO             PET0 PIOc_sync Enter - MemInfo: [/proc/self/status]	VmHWM:	  160296 kB
20220312 055218.002 INFO             PET0 PIOc_sync Enter - MemInfo: [/proc/self/status]	VmRSS:	  160296 kB
20220312 055218.002 INFO             PET0 PIOc_sync Enter - MemInfo: [/proc/self/status]	VmData:	  281780 kB
20220312 055218.002 INFO             PET0 PIOc_sync Enter - MemInfo: [/proc/self/status]	VmStk:	     524 kB
20220312 055218.002 INFO             PET0 PIOc_sync Enter - MemInfo: [/proc/self/status]	VmExe:	    1868 kB
20220312 055218.002 INFO             PET0 PIOc_sync Enter - MemInfo: [/proc/self/status]	VmLib:	  122112 kB
20220312 055218.002 INFO             PET0 PIOc_sync Enter - MemInfo: [/proc/self/status]	VmPTE:	     944 kB
20220312 055218.002 INFO             PET0 PIOc_sync Enter - MemInfo: [/proc/self/status]	VmSwap:	       0 kB
20220312 055218.002 INFO             PET0 PIOc_sync Enter - MemInfo: [/proc/self/status]	VmRSSPercent: 0.0816027 %
20220312 055218.002 INFO             PET0 PIOc_sync Enter - MemInfo: [malloc] Non-mmapped space allocated:                11509760 Byte
20220312 055218.002 INFO             PET0 PIOc_sync Enter - MemInfo: [malloc] Space allocated in mmapped regions:         84254720 Byte
20220312 055218.002 INFO             PET0 PIOc_sync Enter - MemInfo: [malloc] Maximum total allocated space:                     0 Byte
20220312 055218.002 INFO             PET0 PIOc_sync Enter - MemInfo: [malloc] Space in freed fastbin blocks:                   640 Byte
20220312 055218.002 INFO             PET0 PIOc_sync Enter - MemInfo: [malloc] Total allocated space:                      11256656 Byte
20220312 055218.002 INFO             PET0 PIOc_sync Enter - MemInfo: [malloc] Total free space:                             253104 Byte
20220312 055218.002 INFO             PET0 PIOc_sync Enter - MemInfo: [malloc] Top-most, releasable space:                   117824 Byte
20220312 055218.002 INFO             PET0 PIOc_sync Enter - MemInfo: [malloc] Total space in use, mmap + non-mmap:        95511376 Byte
20220312 055218.002 INFO             PET0 PIOc_sync Enter - MemInfo: [malloc] Total space held (mmap + non-mmap):         95764480 Byte
20220312 055218.002 INFO             PET0 PIOc_sync Enter - MemInfo: [malloc] Total space used (mmap + non-mmap):         95520768 Byte
20220312 055218.002 INFO             PET0 PIOc_sync Enter - MemInfo: Wall-clock time since execution start:                6.45819 seconds
20220312 055218.027 INFO             PET0 PIOc_sync Exit - MemInfo: [/proc/meminfo - SSI]	MemTotal:       196434612 kB
20220312 055218.027 INFO             PET0 PIOc_sync Exit - MemInfo: [/proc/meminfo - SSI]	MemFree:        189862572 kB
20220312 055218.027 INFO             PET0 PIOc_sync Exit - MemInfo: [/proc/meminfo - SSI]	MemAvailable:   191502844 kB
20220312 055218.027 INFO             PET0 PIOc_sync Exit - MemInfo: [/proc/meminfo - SSI]	Committed_AS:    1276120 kB
20220312 055218.027 INFO             PET0 PIOc_sync Exit - MemInfo: [/proc/meminfo - SSI]	CommittedPercent: 0.649641 %
20220312 055218.028 INFO             PET0 PIOc_sync Exit - MemInfo: [/proc/self/status]	VmPeak:	 3893096 kB
20220312 055218.028 INFO             PET0 PIOc_sync Exit - MemInfo: [/proc/self/status]	VmSize:	 3858704 kB
20220312 055218.028 INFO             PET0 PIOc_sync Exit - MemInfo: [/proc/self/status]	VmLck:	       0 kB
20220312 055218.028 INFO             PET0 PIOc_sync Exit - MemInfo: [/proc/self/status]	VmPin:	   79996 kB
20220312 055218.028 INFO             PET0 PIOc_sync Exit - MemInfo: [/proc/self/status]	VmHWM:	  160300 kB
20220312 055218.028 INFO             PET0 PIOc_sync Exit - MemInfo: [/proc/self/status]	VmRSS:	  160300 kB
20220312 055218.028 INFO             PET0 PIOc_sync Exit - MemInfo: [/proc/self/status]	VmData:	  281780 kB
20220312 055218.028 INFO             PET0 PIOc_sync Exit - MemInfo: [/proc/self/status]	VmStk:	     524 kB
20220312 055218.028 INFO             PET0 PIOc_sync Exit - MemInfo: [/proc/self/status]	VmExe:	    1868 kB
20220312 055218.028 INFO             PET0 PIOc_sync Exit - MemInfo: [/proc/self/status]	VmLib:	  122112 kB
20220312 055218.028 INFO             PET0 PIOc_sync Exit - MemInfo: [/proc/self/status]	VmPTE:	     944 kB
20220312 055218.028 INFO             PET0 PIOc_sync Exit - MemInfo: [/proc/self/status]	VmSwap:	       0 kB
20220312 055218.028 INFO             PET0 PIOc_sync Exit - MemInfo: [/proc/self/status]	VmRSSPercent: 0.0816048 %
20220312 055218.028 INFO             PET0 PIOc_sync Exit - MemInfo: [malloc] Non-mmapped space allocated:                11509760 Byte
20220312 055218.028 INFO             PET0 PIOc_sync Exit - MemInfo: [malloc] Space allocated in mmapped regions:         84254720 Byte
20220312 055218.028 INFO             PET0 PIOc_sync Exit - MemInfo: [malloc] Maximum total allocated space:                     0 Byte
20220312 055218.028 INFO             PET0 PIOc_sync Exit - MemInfo: [malloc] Space in freed fastbin blocks:                   480 Byte
20220312 055218.028 INFO             PET0 PIOc_sync Exit - MemInfo: [malloc] Total allocated space:                      11255200 Byte
20220312 055218.028 INFO             PET0 PIOc_sync Exit - MemInfo: [malloc] Total free space:                             254560 Byte
20220312 055218.028 INFO             PET0 PIOc_sync Exit - MemInfo: [malloc] Top-most, releasable space:                   117824 Byte
20220312 055218.028 INFO             PET0 PIOc_sync Exit - MemInfo: [malloc] Total space in use, mmap + non-mmap:        95509920 Byte
20220312 055218.028 INFO             PET0 PIOc_sync Exit - MemInfo: [malloc] Total space held (mmap + non-mmap):         95764480 Byte
20220312 055218.028 INFO             PET0 PIOc_sync Exit - MemInfo: [malloc] Total space used (mmap + non-mmap):         95519312 Byte
20220312 055218.028 INFO             PET0 PIOc_sync Exit - MemInfo: Wall-clock time since execution start:                6.48412 seconds
20220312 055218.028 WARNING          PET0 ESMCI_PIO_Handler.C:1501 ESMCI::PIO_Handler::isOpen() File, sep.nc000, closed by PIO
20220312 055218.028 WARNING          PET0 ESMCI_PIO_Handler.C:1501 ESMCI::PIO_Handler::isOpen() File, sep.nc000, closed by PIO
20220312 055218.028 WARNING          PET0 ESMCI_PIO_Handler.C:1501 ESMCI::PIO_Handler::isOpen() File, sep.nc000, closed by PIO
20220312 055218.028 WARNING          PET0 ESMCI_PIO_Handler.C:1501 ESMCI::PIO_Handler::isOpen() File, sep.nc001, closed by PIO
20220312 055218.367 INFO             PET0 PIOc_sync Enter - MemInfo: [/proc/meminfo - SSI]	MemTotal:       196434612 kB
20220312 055218.367 INFO             PET0 PIOc_sync Enter - MemInfo: [/proc/meminfo - SSI]	MemFree:        189862572 kB
20220312 055218.367 INFO             PET0 PIOc_sync Enter - MemInfo: [/proc/meminfo - SSI]	MemAvailable:   191502844 kB
20220312 055218.367 INFO             PET0 PIOc_sync Enter - MemInfo: [/proc/meminfo - SSI]	Committed_AS:    1276120 kB
20220312 055218.368 INFO             PET0 PIOc_sync Enter - MemInfo: [/proc/meminfo - SSI]	CommittedPercent: 0.649641 %
20220312 055218.368 INFO             PET0 PIOc_sync Enter - MemInfo: [/proc/self/status]	VmPeak:	 3893096 kB
20220312 055218.368 INFO             PET0 PIOc_sync Enter - MemInfo: [/proc/self/status]	VmSize:	 3858704 kB
20220312 055218.368 INFO             PET0 PIOc_sync Enter - MemInfo: [/proc/self/status]	VmLck:	       0 kB
20220312 055218.368 INFO             PET0 PIOc_sync Enter - MemInfo: [/proc/self/status]	VmPin:	   79996 kB
20220312 055218.368 INFO             PET0 PIOc_sync Enter - MemInfo: [/proc/self/status]	VmHWM:	  160336 kB
20220312 055218.368 INFO             PET0 PIOc_sync Enter - MemInfo: [/proc/self/status]	VmRSS:	  160336 kB
20220312 055218.368 INFO             PET0 PIOc_sync Enter - MemInfo: [/proc/self/status]	VmData:	  281780 kB
20220312 055218.368 INFO             PET0 PIOc_sync Enter - MemInfo: [/proc/self/status]	VmStk:	     524 kB
20220312 055218.368 INFO             PET0 PIOc_sync Enter - MemInfo: [/proc/self/status]	VmExe:	    1868 kB
20220312 055218.368 INFO             PET0 PIOc_sync Enter - MemInfo: [/proc/self/status]	VmLib:	  122112 kB
20220312 055218.368 INFO             PET0 PIOc_sync Enter - MemInfo: [/proc/self/status]	VmPTE:	     944 kB
20220312 055218.368 INFO             PET0 PIOc_sync Enter - MemInfo: [/proc/self/status]	VmSwap:	       0 kB
20220312 055218.368 INFO             PET0 PIOc_sync Enter - MemInfo: [/proc/self/status]	VmRSSPercent: 0.0816231 %
20220312 055218.368 INFO             PET0 PIOc_sync Enter - MemInfo: [malloc] Non-mmapped space allocated:                11509760 Byte
20220312 055218.368 INFO             PET0 PIOc_sync Enter - MemInfo: [malloc] Space allocated in mmapped regions:         84254720 Byte
20220312 055218.368 INFO             PET0 PIOc_sync Enter - MemInfo: [malloc] Maximum total allocated space:                     0 Byte
20220312 055218.368 INFO             PET0 PIOc_sync Enter - MemInfo: [malloc] Space in freed fastbin blocks:                   576 Byte
20220312 055218.368 INFO             PET0 PIOc_sync Enter - MemInfo: [malloc] Total allocated space:                      11261376 Byte
20220312 055218.368 INFO             PET0 PIOc_sync Enter - MemInfo: [malloc] Total free space:                             248384 Byte
20220312 055218.368 INFO             PET0 PIOc_sync Enter - MemInfo: [malloc] Top-most, releasable space:                   112080 Byte
20220312 055218.368 INFO             PET0 PIOc_sync Enter - MemInfo: [malloc] Total space in use, mmap + non-mmap:        95516096 Byte
20220312 055218.368 INFO             PET0 PIOc_sync Enter - MemInfo: [malloc] Total space held (mmap + non-mmap):         95764480 Byte
20220312 055218.368 INFO             PET0 PIOc_sync Enter - MemInfo: [malloc] Total space used (mmap + non-mmap):         95525472 Byte
20220312 055218.368 INFO             PET0 PIOc_sync Enter - MemInfo: Wall-clock time since execution start:                6.82332 seconds
20220312 055218.402 INFO             PET0 PIOc_sync Exit - MemInfo: [/proc/meminfo - SSI]	MemTotal:       196434612 kB
20220312 055218.402 INFO             PET0 PIOc_sync Exit - MemInfo: [/proc/meminfo - SSI]	MemFree:        189862572 kB
20220312 055218.402 INFO             PET0 PIOc_sync Exit - MemInfo: [/proc/meminfo - SSI]	MemAvailable:   191502844 kB
20220312 055218.402 INFO             PET0 PIOc_sync Exit - MemInfo: [/proc/meminfo - SSI]	Committed_AS:    1276120 kB
20220312 055218.403 INFO             PET0 PIOc_sync Exit - MemInfo: [/proc/meminfo - SSI]	CommittedPercent: 0.649641 %
20220312 055218.403 INFO             PET0 PIOc_sync Exit - MemInfo: [/proc/self/status]	VmPeak:	 3893096 kB
20220312 055218.403 INFO             PET0 PIOc_sync Exit - MemInfo: [/proc/self/status]	VmSize:	 3858704 kB
20220312 055218.403 INFO             PET0 PIOc_sync Exit - MemInfo: [/proc/self/status]	VmLck:	       0 kB
20220312 055218.403 INFO             PET0 PIOc_sync Exit - MemInfo: [/proc/self/status]	VmPin:	   79996 kB
20220312 055218.403 INFO             PET0 PIOc_sync Exit - MemInfo: [/proc/self/status]	VmHWM:	  160336 kB
20220312 055218.403 INFO             PET0 PIOc_sync Exit - MemInfo: [/proc/self/status]	VmRSS:	  160336 kB
20220312 055218.403 INFO             PET0 PIOc_sync Exit - MemInfo: [/proc/self/status]	VmData:	  281780 kB
20220312 055218.403 INFO             PET0 PIOc_sync Exit - MemInfo: [/proc/self/status]	VmStk:	     524 kB
20220312 055218.403 INFO             PET0 PIOc_sync Exit - MemInfo: [/proc/self/status]	VmExe:	    1868 kB
20220312 055218.403 INFO             PET0 PIOc_sync Exit - MemInfo: [/proc/self/status]	VmLib:	  122112 kB
20220312 055218.403 INFO             PET0 PIOc_sync Exit - MemInfo: [/proc/self/status]	VmPTE:	     944 kB
20220312 055218.403 INFO             PET0 PIOc_sync Exit - MemInfo: [/proc/self/status]	VmSwap:	       0 kB
20220312 055218.403 INFO             PET0 PIOc_sync Exit - MemInfo: [/proc/self/status]	VmRSSPercent: 0.0816231 %
20220312 055218.403 INFO             PET0 PIOc_sync Exit - MemInfo: [malloc] Non-mmapped space allocated:                11509760 Byte
20220312 055218.403 INFO             PET0 PIOc_sync Exit - MemInfo: [malloc] Space allocated in mmapped regions:         84254720 Byte
20220312 055218.403 INFO             PET0 PIOc_sync Exit - MemInfo: [malloc] Maximum total allocated space:                     0 Byte
20220312 055218.403 INFO             PET0 PIOc_sync Exit - MemInfo: [malloc] Space in freed fastbin blocks:                   512 Byte
20220312 055218.403 INFO             PET0 PIOc_sync Exit - MemInfo: [malloc] Total allocated space:                      11260304 Byte
20220312 055218.403 INFO             PET0 PIOc_sync Exit - MemInfo: [malloc] Total free space:                             249456 Byte
20220312 055218.403 INFO             PET0 PIOc_sync Exit - MemInfo: [malloc] Top-most, releasable space:                   112080 Byte
20220312 055218.403 INFO             PET0 PIOc_sync Exit - MemInfo: [malloc] Total space in use, mmap + non-mmap:        95515024 Byte
20220312 055218.403 INFO             PET0 PIOc_sync Exit - MemInfo: [malloc] Total space held (mmap + non-mmap):         95764480 Byte
20220312 055218.403 INFO             PET0 PIOc_sync Exit - MemInfo: [malloc] Total space used (mmap + non-mmap):         95524416 Byte
20220312 055218.403 INFO             PET0 PIOc_sync Exit - MemInfo: Wall-clock time since execution start:                6.85826 seconds
20220312 055218.403 WARNING          PET0 ESMCI_PIO_Handler.C:1501 ESMCI::PIO_Handler::isOpen() File, sep.nc001, closed by PIO
20220312 055218.403 WARNING          PET0 ESMCI_PIO_Handler.C:1501 ESMCI::PIO_Handler::isOpen() File, sep.nc001, closed by PIO
20220312 055218.403 WARNING          PET0 ESMCI_PIO_Handler.C:1501 ESMCI::PIO_Handler::isOpen() File, sep.nc001, closed by PIO
20220312 055218.403 WARNING          PET0 ESMCI_PIO_Handler.C:1501 ESMCI::PIO_Handler::isOpen() File, sep.nc002, closed by PIO
20220312 055219.068 INFO             PET0 PIOc_sync Enter - MemInfo: [/proc/meminfo - SSI]	MemTotal:       196434612 kB
20220312 055219.068 INFO             PET0 PIOc_sync Enter - MemInfo: [/proc/meminfo - SSI]	MemFree:        189862572 kB
20220312 055219.068 INFO             PET0 PIOc_sync Enter - MemInfo: [/proc/meminfo - SSI]	MemAvailable:   191502844 kB
20220312 055219.068 INFO             PET0 PIOc_sync Enter - MemInfo: [/proc/meminfo - SSI]	Committed_AS:    1276120 kB
20220312 055219.068 INFO             PET0 PIOc_sync Enter - MemInfo: [/proc/meminfo - SSI]	CommittedPercent: 0.649641 %
20220312 055219.068 INFO             PET0 PIOc_sync Enter - MemInfo: [/proc/self/status]	VmPeak:	 3893096 kB
20220312 055219.068 INFO             PET0 PIOc_sync Enter - MemInfo: [/proc/self/status]	VmSize:	 3858704 kB
20220312 055219.068 INFO             PET0 PIOc_sync Enter - MemInfo: [/proc/self/status]	VmLck:	       0 kB
20220312 055219.068 INFO             PET0 PIOc_sync Enter - MemInfo: [/proc/self/status]	VmPin:	   79996 kB
20220312 055219.069 INFO             PET0 PIOc_sync Enter - MemInfo: [/proc/self/status]	VmHWM:	  160360 kB
20220312 055219.069 INFO             PET0 PIOc_sync Enter - MemInfo: [/proc/self/status]	VmRSS:	  160360 kB
20220312 055219.069 INFO             PET0 PIOc_sync Enter - MemInfo: [/proc/self/status]	VmData:	  281780 kB
20220312 055219.069 INFO             PET0 PIOc_sync Enter - MemInfo: [/proc/self/status]	VmStk:	     524 kB
20220312 055219.069 INFO             PET0 PIOc_sync Enter - MemInfo: [/proc/self/status]	VmExe:	    1868 kB
20220312 055219.069 INFO             PET0 PIOc_sync Enter - MemInfo: [/proc/self/status]	VmLib:	  122112 kB
20220312 055219.069 INFO             PET0 PIOc_sync Enter - MemInfo: [/proc/self/status]	VmPTE:	     944 kB
20220312 055219.069 INFO             PET0 PIOc_sync Enter - MemInfo: [/proc/self/status]	VmSwap:	       0 kB
20220312 055219.069 INFO             PET0 PIOc_sync Enter - MemInfo: [/proc/self/status]	VmRSSPercent: 0.0816353 %
20220312 055219.069 INFO             PET0 PIOc_sync Enter - MemInfo: [malloc] Non-mmapped space allocated:                11509760 Byte
20220312 055219.069 INFO             PET0 PIOc_sync Enter - MemInfo: [malloc] Space allocated in mmapped regions:         84254720 Byte
20220312 055219.069 INFO             PET0 PIOc_sync Enter - MemInfo: [malloc] Maximum total allocated space:                     0 Byte
20220312 055219.069 INFO             PET0 PIOc_sync Enter - MemInfo: [malloc] Space in freed fastbin blocks:                   480 Byte
20220312 055219.069 INFO             PET0 PIOc_sync Enter - MemInfo: [malloc] Total allocated space:                      11275936 Byte
20220312 055219.069 INFO             PET0 PIOc_sync Enter - MemInfo: [malloc] Total free space:                             233824 Byte
20220312 055219.069 INFO             PET0 PIOc_sync Enter - MemInfo: [malloc] Top-most, releasable space:                    92192 Byte
20220312 055219.069 INFO             PET0 PIOc_sync Enter - MemInfo: [malloc] Total space in use, mmap + non-mmap:        95530656 Byte
20220312 055219.069 INFO             PET0 PIOc_sync Enter - MemInfo: [malloc] Total space held (mmap + non-mmap):         95764480 Byte
20220312 055219.069 INFO             PET0 PIOc_sync Enter - MemInfo: [malloc] Total space used (mmap + non-mmap):         95540048 Byte
20220312 055219.069 INFO             PET0 PIOc_sync Enter - MemInfo: Wall-clock time since execution start:                7.52255 seconds
20220312 055219.091 INFO             PET0 PIOc_sync Exit - MemInfo: [/proc/meminfo - SSI]	MemTotal:       196434612 kB
20220312 055219.092 INFO             PET0 PIOc_sync Exit - MemInfo: [/proc/meminfo - SSI]	MemFree:        189862572 kB
20220312 055219.092 INFO             PET0 PIOc_sync Exit - MemInfo: [/proc/meminfo - SSI]	MemAvailable:   191502844 kB
20220312 055219.092 INFO             PET0 PIOc_sync Exit - MemInfo: [/proc/meminfo - SSI]	Committed_AS:    1276120 kB
20220312 055219.092 INFO             PET0 PIOc_sync Exit - MemInfo: [/proc/meminfo - SSI]	CommittedPercent: 0.649641 %
20220312 055219.092 INFO             PET0 PIOc_sync Exit - MemInfo: [/proc/self/status]	VmPeak:	 3893096 kB
20220312 055219.092 INFO             PET0 PIOc_sync Exit - MemInfo: [/proc/self/status]	VmSize:	 3858704 kB
20220312 055219.092 INFO             PET0 PIOc_sync Exit - MemInfo: [/proc/self/status]	VmLck:	       0 kB
20220312 055219.092 INFO             PET0 PIOc_sync Exit - MemInfo: [/proc/self/status]	VmPin:	   79996 kB
20220312 055219.092 INFO             PET0 PIOc_sync Exit - MemInfo: [/proc/self/status]	VmHWM:	  160368 kB
20220312 055219.092 INFO             PET0 PIOc_sync Exit - MemInfo: [/proc/self/status]	VmRSS:	  160368 kB
20220312 055219.092 INFO             PET0 PIOc_sync Exit - MemInfo: [/proc/self/status]	VmData:	  281780 kB
20220312 055219.092 INFO             PET0 PIOc_sync Exit - MemInfo: [/proc/self/status]	VmStk:	     524 kB
20220312 055219.092 INFO             PET0 PIOc_sync Exit - MemInfo: [/proc/self/status]	VmExe:	    1868 kB
20220312 055219.092 INFO             PET0 PIOc_sync Exit - MemInfo: [/proc/self/status]	VmLib:	  122112 kB
20220312 055219.092 INFO             PET0 PIOc_sync Exit - MemInfo: [/proc/self/status]	VmPTE:	     944 kB
20220312 055219.092 INFO             PET0 PIOc_sync Exit - MemInfo: [/proc/self/status]	VmSwap:	       0 kB
20220312 055219.092 INFO             PET0 PIOc_sync Exit - MemInfo: [/proc/self/status]	VmRSSPercent: 0.0816394 %
20220312 055219.092 INFO             PET0 PIOc_sync Exit - MemInfo: [malloc] Non-mmapped space allocated:                11509760 Byte
20220312 055219.092 INFO             PET0 PIOc_sync Exit - MemInfo: [malloc] Space allocated in mmapped regions:         84254720 Byte
20220312 055219.092 INFO             PET0 PIOc_sync Exit - MemInfo: [malloc] Maximum total allocated space:                     0 Byte
20220312 055219.092 INFO             PET0 PIOc_sync Exit - MemInfo: [malloc] Space in freed fastbin blocks:                   512 Byte
20220312 055219.092 INFO             PET0 PIOc_sync Exit - MemInfo: [malloc] Total allocated space:                      11274096 Byte
20220312 055219.092 INFO             PET0 PIOc_sync Exit - MemInfo: [malloc] Total free space:                             235664 Byte
20220312 055219.092 INFO             PET0 PIOc_sync Exit - MemInfo: [malloc] Top-most, releasable space:                    92192 Byte
20220312 055219.092 INFO             PET0 PIOc_sync Exit - MemInfo: [malloc] Total space in use, mmap + non-mmap:        95528816 Byte
20220312 055219.092 INFO             PET0 PIOc_sync Exit - MemInfo: [malloc] Total space held (mmap + non-mmap):         95764480 Byte
20220312 055219.092 INFO             PET0 PIOc_sync Exit - MemInfo: [malloc] Total space used (mmap + non-mmap):         95538208 Byte
20220312 055219.092 INFO             PET0 PIOc_sync Exit - MemInfo: Wall-clock time since execution start:                 7.5457 seconds
20220312 055219.104 INFO             PET0 PIOc_freedecomp Enter - MemInfo: [/proc/meminfo - SSI]	MemTotal:       196434612 kB
20220312 055219.104 INFO             PET0 PIOc_freedecomp Enter - MemInfo: [/proc/meminfo - SSI]	MemFree:        189862572 kB
20220312 055219.104 INFO             PET0 PIOc_freedecomp Enter - MemInfo: [/proc/meminfo - SSI]	MemAvailable:   191503348 kB
20220312 055219.104 INFO             PET0 PIOc_freedecomp Enter - MemInfo: [/proc/meminfo - SSI]	Committed_AS:    1276120 kB
20220312 055219.104 INFO             PET0 PIOc_freedecomp Enter - MemInfo: [/proc/meminfo - SSI]	CommittedPercent: 0.649641 %
20220312 055219.105 INFO             PET0 PIOc_freedecomp Enter - MemInfo: [/proc/self/status]	VmPeak:	 3893096 kB
20220312 055219.105 INFO             PET0 PIOc_freedecomp Enter - MemInfo: [/proc/self/status]	VmSize:	 3858704 kB
20220312 055219.105 INFO             PET0 PIOc_freedecomp Enter - MemInfo: [/proc/self/status]	VmLck:	       0 kB
20220312 055219.105 INFO             PET0 PIOc_freedecomp Enter - MemInfo: [/proc/self/status]	VmPin:	   79996 kB
20220312 055219.105 INFO             PET0 PIOc_freedecomp Enter - MemInfo: [/proc/self/status]	VmHWM:	  160368 kB
20220312 055219.105 INFO             PET0 PIOc_freedecomp Enter - MemInfo: [/proc/self/status]	VmRSS:	  160368 kB
20220312 055219.105 INFO             PET0 PIOc_freedecomp Enter - MemInfo: [/proc/self/status]	VmData:	  281780 kB
20220312 055219.105 INFO             PET0 PIOc_freedecomp Enter - MemInfo: [/proc/self/status]	VmStk:	     524 kB
20220312 055219.105 INFO             PET0 PIOc_freedecomp Enter - MemInfo: [/proc/self/status]	VmExe:	    1868 kB
20220312 055219.105 INFO             PET0 PIOc_freedecomp Enter - MemInfo: [/proc/self/status]	VmLib:	  122112 kB
20220312 055219.105 INFO             PET0 PIOc_freedecomp Enter - MemInfo: [/proc/self/status]	VmPTE:	     944 kB
20220312 055219.105 INFO             PET0 PIOc_freedecomp Enter - MemInfo: [/proc/self/status]	VmSwap:	       0 kB
20220312 055219.105 INFO             PET0 PIOc_freedecomp Enter - MemInfo: [/proc/self/status]	VmRSSPercent: 0.0816394 %
20220312 055219.105 INFO             PET0 PIOc_freedecomp Enter - MemInfo: [malloc] Non-mmapped space allocated:                11509760 Byte
20220312 055219.105 INFO             PET0 PIOc_freedecomp Enter - MemInfo: [malloc] Space allocated in mmapped regions:         84254720 Byte
20220312 055219.105 INFO             PET0 PIOc_freedecomp Enter - MemInfo: [malloc] Maximum total allocated space:                     0 Byte
20220312 055219.105 INFO             PET0 PIOc_freedecomp Enter - MemInfo: [malloc] Space in freed fastbin blocks:                   672 Byte
20220312 055219.105 INFO             PET0 PIOc_freedecomp Enter - MemInfo: [malloc] Total allocated space:                       2347136 Byte
20220312 055219.105 INFO             PET0 PIOc_freedecomp Enter - MemInfo: [malloc] Total free space:                            9162624 Byte
20220312 055219.105 INFO             PET0 PIOc_freedecomp Enter - MemInfo: [malloc] Top-most, releasable space:                   102688 Byte
20220312 055219.105 INFO             PET0 PIOc_freedecomp Enter - MemInfo: [malloc] Total space in use, mmap + non-mmap:        86601856 Byte
20220312 055219.105 INFO             PET0 PIOc_freedecomp Enter - MemInfo: [malloc] Total space held (mmap + non-mmap):         95764480 Byte
20220312 055219.105 INFO             PET0 PIOc_freedecomp Enter - MemInfo: [malloc] Total space used (mmap + non-mmap):         86611232 Byte
20220312 055219.105 INFO             PET0 PIOc_freedecomp Enter - MemInfo: Wall-clock time since execution start:                7.55859 seconds
20220312 055219.105 INFO             PET0 PIOc_freedecomp Exit - MemInfo: [/proc/meminfo - SSI]	MemTotal:       196434612 kB
20220312 055219.105 INFO             PET0 PIOc_freedecomp Exit - MemInfo: [/proc/meminfo - SSI]	MemFree:        189862572 kB
20220312 055219.105 INFO             PET0 PIOc_freedecomp Exit - MemInfo: [/proc/meminfo - SSI]	MemAvailable:   191503348 kB
20220312 055219.105 INFO             PET0 PIOc_freedecomp Exit - MemInfo: [/proc/meminfo - SSI]	Committed_AS:    1276120 kB
20220312 055219.105 INFO             PET0 PIOc_freedecomp Exit - MemInfo: [/proc/meminfo - SSI]	CommittedPercent: 0.649641 %
20220312 055219.105 INFO             PET0 PIOc_freedecomp Exit - MemInfo: [/proc/self/status]	VmPeak:	 3893096 kB
20220312 055219.105 INFO             PET0 PIOc_freedecomp Exit - MemInfo: [/proc/self/status]	VmSize:	 3858704 kB
20220312 055219.105 INFO             PET0 PIOc_freedecomp Exit - MemInfo: [/proc/self/status]	VmLck:	       0 kB
20220312 055219.105 INFO             PET0 PIOc_freedecomp Exit - MemInfo: [/proc/self/status]	VmPin:	   79996 kB
20220312 055219.105 INFO             PET0 PIOc_freedecomp Exit - MemInfo: [/proc/self/status]	VmHWM:	  160368 kB
20220312 055219.105 INFO             PET0 PIOc_freedecomp Exit - MemInfo: [/proc/self/status]	VmRSS:	  160368 kB
20220312 055219.105 INFO             PET0 PIOc_freedecomp Exit - MemInfo: [/proc/self/status]	VmData:	  281780 kB
20220312 055219.105 INFO             PET0 PIOc_freedecomp Exit - MemInfo: [/proc/self/status]	VmStk:	     524 kB
20220312 055219.105 INFO             PET0 PIOc_freedecomp Exit - MemInfo: [/proc/self/status]	VmExe:	    1868 kB
20220312 055219.105 INFO             PET0 PIOc_freedecomp Exit - MemInfo: [/proc/self/status]	VmLib:	  122112 kB
20220312 055219.105 INFO             PET0 PIOc_freedecomp Exit - MemInfo: [/proc/self/status]	VmPTE:	     944 kB
20220312 055219.105 INFO             PET0 PIOc_freedecomp Exit - MemInfo: [/proc/self/status]	VmSwap:	       0 kB
20220312 055219.105 INFO             PET0 PIOc_freedecomp Exit - MemInfo: [/proc/self/status]	VmRSSPercent: 0.0816394 %
20220312 055219.105 INFO             PET0 PIOc_freedecomp Exit - MemInfo: [malloc] Non-mmapped space allocated:                11509760 Byte
20220312 055219.105 INFO             PET0 PIOc_freedecomp Exit - MemInfo: [malloc] Space allocated in mmapped regions:         84254720 Byte
20220312 055219.105 INFO             PET0 PIOc_freedecomp Exit - MemInfo: [malloc] Maximum total allocated space:                     0 Byte
20220312 055219.105 INFO             PET0 PIOc_freedecomp Exit - MemInfo: [malloc] Space in freed fastbin blocks:                   352 Byte
20220312 055219.105 INFO             PET0 PIOc_freedecomp Exit - MemInfo: [malloc] Total allocated space:                       2333568 Byte
20220312 055219.105 INFO             PET0 PIOc_freedecomp Exit - MemInfo: [malloc] Total free space:                            9176192 Byte
20220312 055219.105 INFO             PET0 PIOc_freedecomp Exit - MemInfo: [malloc] Top-most, releasable space:                   122576 Byte
20220312 055219.105 INFO             PET0 PIOc_freedecomp Exit - MemInfo: [malloc] Total space in use, mmap + non-mmap:        86588288 Byte
20220312 055219.105 INFO             PET0 PIOc_freedecomp Exit - MemInfo: [malloc] Total space held (mmap + non-mmap):         95764480 Byte
20220312 055219.105 INFO             PET0 PIOc_freedecomp Exit - MemInfo: [malloc] Total space used (mmap + non-mmap):         86597664 Byte
20220312 055219.105 INFO             PET0 PIOc_freedecomp Exit - MemInfo: Wall-clock time since execution start:                7.55908 seconds
20220312 055219.105 INFO             PET0 PIOc_freedecomp Enter - MemInfo: [/proc/meminfo - SSI]	MemTotal:       196434612 kB
20220312 055219.105 INFO             PET0 PIOc_freedecomp Enter - MemInfo: [/proc/meminfo - SSI]	MemFree:        189862572 kB
20220312 055219.105 INFO             PET0 PIOc_freedecomp Enter - MemInfo: [/proc/meminfo - SSI]	MemAvailable:   191503348 kB
20220312 055219.105 INFO             PET0 PIOc_freedecomp Enter - MemInfo: [/proc/meminfo - SSI]	Committed_AS:    1276120 kB
20220312 055219.106 INFO             PET0 PIOc_freedecomp Enter - MemInfo: [/proc/meminfo - SSI]	CommittedPercent: 0.649641 %
20220312 055219.106 INFO             PET0 PIOc_freedecomp Enter - MemInfo: [/proc/self/status]	VmPeak:	 3893096 kB
20220312 055219.106 INFO             PET0 PIOc_freedecomp Enter - MemInfo: [/proc/self/status]	VmSize:	 3858704 kB
20220312 055219.106 INFO             PET0 PIOc_freedecomp Enter - MemInfo: [/proc/self/status]	VmLck:	       0 kB
20220312 055219.106 INFO             PET0 PIOc_freedecomp Enter - MemInfo: [/proc/self/status]	VmPin:	   79996 kB
20220312 055219.106 INFO             PET0 PIOc_freedecomp Enter - MemInfo: [/proc/self/status]	VmHWM:	  160368 kB
20220312 055219.106 INFO             PET0 PIOc_freedecomp Enter - MemInfo: [/proc/self/status]	VmRSS:	  160368 kB
20220312 055219.106 INFO             PET0 PIOc_freedecomp Enter - MemInfo: [/proc/self/status]	VmData:	  281780 kB
20220312 055219.106 INFO             PET0 PIOc_freedecomp Enter - MemInfo: [/proc/self/status]	VmStk:	     524 kB
20220312 055219.106 INFO             PET0 PIOc_freedecomp Enter - MemInfo: [/proc/self/status]	VmExe:	    1868 kB
20220312 055219.106 INFO             PET0 PIOc_freedecomp Enter - MemInfo: [/proc/self/status]	VmLib:	  122112 kB
20220312 055219.106 INFO             PET0 PIOc_freedecomp Enter - MemInfo: [/proc/self/status]	VmPTE:	     944 kB
20220312 055219.106 INFO             PET0 PIOc_freedecomp Enter - MemInfo: [/proc/self/status]	VmSwap:	       0 kB
20220312 055219.106 INFO             PET0 PIOc_freedecomp Enter - MemInfo: [/proc/self/status]	VmRSSPercent: 0.0816394 %
20220312 055219.106 INFO             PET0 PIOc_freedecomp Enter - MemInfo: [malloc] Non-mmapped space allocated:                11509760 Byte
20220312 055219.106 INFO             PET0 PIOc_freedecomp Enter - MemInfo: [malloc] Space allocated in mmapped regions:         84254720 Byte
20220312 055219.106 INFO             PET0 PIOc_freedecomp Enter - MemInfo: [malloc] Maximum total allocated space:                     0 Byte
20220312 055219.106 INFO             PET0 PIOc_freedecomp Enter - MemInfo: [malloc] Space in freed fastbin blocks:                   496 Byte
20220312 055219.106 INFO             PET0 PIOc_freedecomp Enter - MemInfo: [malloc] Total allocated space:                       2333440 Byte
20220312 055219.106 INFO             PET0 PIOc_freedecomp Enter - MemInfo: [malloc] Total free space:                            9176320 Byte
20220312 055219.106 INFO             PET0 PIOc_freedecomp Enter - MemInfo: [malloc] Top-most, releasable space:                   122576 Byte
20220312 055219.106 INFO             PET0 PIOc_freedecomp Enter - MemInfo: [malloc] Total space in use, mmap + non-mmap:        86588160 Byte
20220312 055219.106 INFO             PET0 PIOc_freedecomp Enter - MemInfo: [malloc] Total space held (mmap + non-mmap):         95764480 Byte
20220312 055219.106 INFO             PET0 PIOc_freedecomp Enter - MemInfo: [malloc] Total space used (mmap + non-mmap):         86597536 Byte
20220312 055219.106 INFO             PET0 PIOc_freedecomp Enter - MemInfo: Wall-clock time since execution start:                 7.5596 seconds
20220312 055219.106 INFO             PET0 PIOc_freedecomp Exit - MemInfo: [/proc/meminfo - SSI]	MemTotal:       196434612 kB
20220312 055219.106 INFO             PET0 PIOc_freedecomp Exit - MemInfo: [/proc/meminfo - SSI]	MemFree:        189862572 kB
20220312 055219.106 INFO             PET0 PIOc_freedecomp Exit - MemInfo: [/proc/meminfo - SSI]	MemAvailable:   191503348 kB
20220312 055219.106 INFO             PET0 PIOc_freedecomp Exit - MemInfo: [/proc/meminfo - SSI]	Committed_AS:    1276120 kB
20220312 055219.106 INFO             PET0 PIOc_freedecomp Exit - MemInfo: [/proc/meminfo - SSI]	CommittedPercent: 0.649641 %
20220312 055219.106 INFO             PET0 PIOc_freedecomp Exit - MemInfo: [/proc/self/status]	VmPeak:	 3893096 kB
20220312 055219.106 INFO             PET0 PIOc_freedecomp Exit - MemInfo: [/proc/self/status]	VmSize:	 3858704 kB
20220312 055219.106 INFO             PET0 PIOc_freedecomp Exit - MemInfo: [/proc/self/status]	VmLck:	       0 kB
20220312 055219.106 INFO             PET0 PIOc_freedecomp Exit - MemInfo: [/proc/self/status]	VmPin:	   79996 kB
20220312 055219.106 INFO             PET0 PIOc_freedecomp Exit - MemInfo: [/proc/self/status]	VmHWM:	  160368 kB
20220312 055219.106 INFO             PET0 PIOc_freedecomp Exit - MemInfo: [/proc/self/status]	VmRSS:	  160368 kB
20220312 055219.106 INFO             PET0 PIOc_freedecomp Exit - MemInfo: [/proc/self/status]	VmData:	  281780 kB
20220312 055219.106 INFO             PET0 PIOc_freedecomp Exit - MemInfo: [/proc/self/status]	VmStk:	     524 kB
20220312 055219.106 INFO             PET0 PIOc_freedecomp Exit - MemInfo: [/proc/self/status]	VmExe:	    1868 kB
20220312 055219.106 INFO             PET0 PIOc_freedecomp Exit - MemInfo: [/proc/self/status]	VmLib:	  122112 kB
20220312 055219.106 INFO             PET0 PIOc_freedecomp Exit - MemInfo: [/proc/self/status]	VmPTE:	     944 kB
20220312 055219.106 INFO             PET0 PIOc_freedecomp Exit - MemInfo: [/proc/self/status]	VmSwap:	       0 kB
20220312 055219.106 INFO             PET0 PIOc_freedecomp Exit - MemInfo: [/proc/self/status]	VmRSSPercent: 0.0816394 %
20220312 055219.106 INFO             PET0 PIOc_freedecomp Exit - MemInfo: [malloc] Non-mmapped space allocated:                11509760 Byte
20220312 055219.106 INFO             PET0 PIOc_freedecomp Exit - MemInfo: [malloc] Space allocated in mmapped regions:         84254720 Byte
20220312 055219.106 INFO             PET0 PIOc_freedecomp Exit - MemInfo: [malloc] Maximum total allocated space:                     0 Byte
20220312 055219.106 INFO             PET0 PIOc_freedecomp Exit - MemInfo: [malloc] Space in freed fastbin blocks:                   352 Byte
20220312 055219.106 INFO             PET0 PIOc_freedecomp Exit - MemInfo: [malloc] Total allocated space:                       2328464 Byte
20220312 055219.106 INFO             PET0 PIOc_freedecomp Exit - MemInfo: [malloc] Total free space:                            9181296 Byte
20220312 055219.106 INFO             PET0 PIOc_freedecomp Exit - MemInfo: [malloc] Top-most, releasable space:                   128320 Byte
20220312 055219.106 INFO             PET0 PIOc_freedecomp Exit - MemInfo: [malloc] Total space in use, mmap + non-mmap:        86583184 Byte
20220312 055219.106 INFO             PET0 PIOc_freedecomp Exit - MemInfo: [malloc] Total space held (mmap + non-mmap):         95764480 Byte
20220312 055219.106 INFO             PET0 PIOc_freedecomp Exit - MemInfo: [malloc] Total space used (mmap + non-mmap):         86592560 Byte
20220312 055219.106 INFO             PET0 PIOc_freedecomp Exit - MemInfo: Wall-clock time since execution start:                7.56011 seconds
20220312 055219.106 INFO             PET0 PIOc_freedecomp Enter - MemInfo: [/proc/meminfo - SSI]	MemTotal:       196434612 kB
20220312 055219.106 INFO             PET0 PIOc_freedecomp Enter - MemInfo: [/proc/meminfo - SSI]	MemFree:        189862572 kB
20220312 055219.106 INFO             PET0 PIOc_freedecomp Enter - MemInfo: [/proc/meminfo - SSI]	MemAvailable:   191503348 kB
20220312 055219.106 INFO             PET0 PIOc_freedecomp Enter - MemInfo: [/proc/meminfo - SSI]	Committed_AS:    1276120 kB
20220312 055219.107 INFO             PET0 PIOc_freedecomp Enter - MemInfo: [/proc/meminfo - SSI]	CommittedPercent: 0.649641 %
20220312 055219.107 INFO             PET0 PIOc_freedecomp Enter - MemInfo: [/proc/self/status]	VmPeak:	 3893096 kB
20220312 055219.107 INFO             PET0 PIOc_freedecomp Enter - MemInfo: [/proc/self/status]	VmSize:	 3858704 kB
20220312 055219.107 INFO             PET0 PIOc_freedecomp Enter - MemInfo: [/proc/self/status]	VmLck:	       0 kB
20220312 055219.107 INFO             PET0 PIOc_freedecomp Enter - MemInfo: [/proc/self/status]	VmPin:	   79996 kB
20220312 055219.107 INFO             PET0 PIOc_freedecomp Enter - MemInfo: [/proc/self/status]	VmHWM:	  160368 kB
20220312 055219.107 INFO             PET0 PIOc_freedecomp Enter - MemInfo: [/proc/self/status]	VmRSS:	  160368 kB
20220312 055219.107 INFO             PET0 PIOc_freedecomp Enter - MemInfo: [/proc/self/status]	VmData:	  281780 kB
20220312 055219.107 INFO             PET0 PIOc_freedecomp Enter - MemInfo: [/proc/self/status]	VmStk:	     524 kB
20220312 055219.107 INFO             PET0 PIOc_freedecomp Enter - MemInfo: [/proc/self/status]	VmExe:	    1868 kB
20220312 055219.107 INFO             PET0 PIOc_freedecomp Enter - MemInfo: [/proc/self/status]	VmLib:	  122112 kB
20220312 055219.107 INFO             PET0 PIOc_freedecomp Enter - MemInfo: [/proc/self/status]	VmPTE:	     944 kB
20220312 055219.107 INFO             PET0 PIOc_freedecomp Enter - MemInfo: [/proc/self/status]	VmSwap:	       0 kB
20220312 055219.107 INFO             PET0 PIOc_freedecomp Enter - MemInfo: [/proc/self/status]	VmRSSPercent: 0.0816394 %
20220312 055219.107 INFO             PET0 PIOc_freedecomp Enter - MemInfo: [malloc] Non-mmapped space allocated:                11509760 Byte
