build time -- 2022-03-14 06:04:51.701631
20220314 061858.501 INFO             PET0 !!!!!!!!!!!!!!!!!!!!!!!!!!!!!!!!!!!!!!!!!!!!!!!!!!!!!!
20220314 061858.501 INFO             PET0 !!! THE ESMF_LOG IS SET TO OUTPUT ALL LOG MESSAGES !!!
20220314 061858.501 INFO             PET0 !!!     THIS MAY CAUSE SLOWDOWN IN PERFORMANCE     !!!
20220314 061858.501 INFO             PET0 !!! FOR PRODUCTION RUNS, USE:                      !!!
20220314 061858.501 INFO             PET0 !!!                   ESMF_LOGKIND_Multi_On_Error  !!!
20220314 061858.501 INFO             PET0 !!!!!!!!!!!!!!!!!!!!!!!!!!!!!!!!!!!!!!!!!!!!!!!!!!!!!!
20220314 061858.501 INFO             PET0 Running with ESMF Version   : v8.3.0b09-96-g559b459836
20220314 061858.501 INFO             PET0 ESMF library build date/time: "Mar 14 2022" "06:02:50"
20220314 061858.501 INFO             PET0 ESMF library build location : /glade/scratch/rlong/esmf-testing/gfortran_10.1.0_openmpi_O_jedwards_pio_update2
20220314 061858.501 INFO             PET0 ESMF_COMM                   : openmpi
20220314 061858.501 INFO             PET0 ESMF_MOAB                   : enabled
20220314 061858.501 INFO             PET0 ESMF_LAPACK                 : enabled
20220314 061858.501 INFO             PET0 ESMF_NETCDF                 : enabled
20220314 061858.501 INFO             PET0 ESMF_PNETCDF                : disabled
20220314 061858.501 INFO             PET0 ESMF_PIO                    : enabled
20220314 061858.501 INFO             PET0 ESMF_YAMLCPP                : enabled
20220314 061858.502 INFO             PET0 Beginning Test, file ESMC_FieldRegridUTest.C, line 68
20220314 061858.502 INFO             PET0 Beginning Test, file ESMC_FieldRegridUTest.C, line 68NUMBER_OF_PROCESSORS 1
20220314 061858.502 INFO             PET0 PASS MeshCreate, ESMC_FieldRegridUTest.C, line 125
20220314 061858.502 INFO             PET0 PASS MeshAddNodes, ESMC_FieldRegridUTest.C, line 133
20220314 061858.502 INFO             PET0 PASS MeshAddElements, ESMC_FieldRegridUTest.C, line 142
20220314 061858.502 INFO             PET0 PASS MeshGetLocalNodeCount, ESMC_FieldRegridUTest.C, line 152
20220314 061858.502 INFO             PET0 PASS MeshGetLocalElementCount, ESMC_FieldRegridUTest.C, line 163
20220314 061858.502 INFO             PET0 PASS MeshCreate, ESMC_FieldRegridUTest.C, line 231
20220314 061858.502 INFO             PET0 PASS MeshAddNodes, ESMC_FieldRegridUTest.C, line 239
20220314 061858.502 INFO             PET0 PASS MeshAddElements, ESMC_FieldRegridUTest.C, line 248
20220314 061858.502 INFO             PET0 PASS MeshGetLocalNodeCount, ESMC_FieldRegridUTest.C, line 258
20220314 061858.502 INFO             PET0 PASS MeshGetLocalElementCount, ESMC_FieldRegridUTest.C, line 269
20220314 061858.503 INFO             PET0 PASS Create ESMC_Field object, ESMC_FieldRegridUTest.C, line 284
20220314 061858.503 INFO             PET0 PASS Create ESMC_Field object, ESMC_FieldRegridUTest.C, line 293
20220314 061858.503 INFO             PET0 PASS Get a void * C pointer to data from ESMC_Field object, ESMC_FieldRegridUTest.C, line 306
20220314 061858.503 INFO             PET0 PASS Get a void * C pointer to data from ESMC_Field object, ESMC_FieldRegridUTest.C, line 325
20220314 061858.503 INFO             PET0 PASS Create an InterArray for maskValues in ESMC_FieldRegridStore(), ESMC_FieldRegridUTest.C, line 343
20220314 061858.514 INFO             PET0 PIOc_sync Enter - MemInfo: [/proc/meminfo - SSI]	MemTotal:       65507008 kB
20220314 061858.514 INFO             PET0 PIOc_sync Enter - MemInfo: [/proc/meminfo - SSI]	MemFree:        49555788 kB
20220314 061858.514 INFO             PET0 PIOc_sync Enter - MemInfo: [/proc/meminfo - SSI]	MemAvailable:   49320304 kB
20220314 061858.514 INFO             PET0 PIOc_sync Enter - MemInfo: [/proc/meminfo - SSI]	Committed_AS:   13063752 kB
20220314 061858.514 INFO             PET0 PIOc_sync Enter - MemInfo: [/proc/meminfo - SSI]	CommittedPercent: 19.9425 %
20220314 061858.514 INFO             PET0 PIOc_sync Enter - MemInfo: [/proc/self/status]	VmPeak:	  498436 kB
20220314 061858.516 INFO             PET0 PIOc_sync Enter - MemInfo: [/proc/self/status]	VmSize:	  498436 kB
20220314 061858.516 INFO             PET0 PIOc_sync Enter - MemInfo: [/proc/self/status]	VmLck:	       0 kB
20220314 061858.516 INFO             PET0 PIOc_sync Enter - MemInfo: [/proc/self/status]	VmPin:	       0 kB
20220314 061858.516 INFO             PET0 PIOc_sync Enter - MemInfo: [/proc/self/status]	VmHWM:	   64504 kB
20220314 061858.516 INFO             PET0 PIOc_sync Enter - MemInfo: [/proc/self/status]	VmRSS:	   36608 kB
20220314 061858.516 INFO             PET0 PIOc_sync Enter - MemInfo: [/proc/self/status]	VmData:	   32372 kB
20220314 061858.516 INFO             PET0 PIOc_sync Enter - MemInfo: [/proc/self/status]	VmStk:	     148 kB
20220314 061858.516 INFO             PET0 PIOc_sync Enter - MemInfo: [/proc/self/status]	VmExe:	     204 kB
20220314 061858.516 INFO             PET0 PIOc_sync Enter - MemInfo: [/proc/self/status]	VmLib:	   48496 kB
20220314 061858.516 INFO             PET0 PIOc_sync Enter - MemInfo: [/proc/self/status]	VmPTE:	     732 kB
20220314 061858.516 INFO             PET0 PIOc_sync Enter - MemInfo: [/proc/self/status]	VmPMD:	      16 kB
20220314 061858.516 INFO             PET0 PIOc_sync Enter - MemInfo: [/proc/self/status]	VmSwap:	       0 kB
20220314 061858.516 INFO             PET0 PIOc_sync Enter - MemInfo: [/proc/self/status]	VmRSSPercent: 0.0558841 %
20220314 061858.516 INFO             PET0 PIOc_sync Enter - MemInfo: [malloc] Non-mmapped space allocated:                 3502080 Byte
20220314 061858.516 INFO             PET0 PIOc_sync Enter - MemInfo: [malloc] Space allocated in mmapped regions:         18890752 Byte
20220314 061858.516 INFO             PET0 PIOc_sync Enter - MemInfo: [malloc] Maximum total allocated space:                     0 Byte
20220314 061858.516 INFO             PET0 PIOc_sync Enter - MemInfo: [malloc] Space in freed fastbin blocks:                   704 Byte
20220314 061858.516 INFO             PET0 PIOc_sync Enter - MemInfo: [malloc] Total allocated space:                       3061408 Byte
20220314 061858.516 INFO             PET0 PIOc_sync Enter - MemInfo: [malloc] Total free space:                             440672 Byte
20220314 061858.516 INFO             PET0 PIOc_sync Enter - MemInfo: [malloc] Top-most, releasable space:                   232224 Byte
20220314 061858.516 INFO             PET0 PIOc_sync Enter - MemInfo: [malloc] Total space in use, mmap + non-mmap:        21952160 Byte
20220314 061858.516 INFO             PET0 PIOc_sync Enter - MemInfo: [malloc] Total space held (mmap + non-mmap):         22392832 Byte
20220314 061858.516 INFO             PET0 PIOc_sync Enter - MemInfo: [malloc] Total space used (mmap + non-mmap):         21961488 Byte
20220314 061858.516 INFO             PET0 PIOc_sync Enter - MemInfo: Wall-clock time since execution start:               0.015639 seconds
20220314 061858.516 INFO             PET0 PIOc_sync Exit - MemInfo: [/proc/meminfo - SSI]	MemTotal:       65507008 kB
20220314 061858.516 INFO             PET0 PIOc_sync Exit - MemInfo: [/proc/meminfo - SSI]	MemFree:        49555788 kB
20220314 061858.516 INFO             PET0 PIOc_sync Exit - MemInfo: [/proc/meminfo - SSI]	MemAvailable:   49320304 kB
20220314 061858.516 INFO             PET0 PIOc_sync Exit - MemInfo: [/proc/meminfo - SSI]	Committed_AS:   13063752 kB
20220314 061858.516 INFO             PET0 PIOc_sync Exit - MemInfo: [/proc/meminfo - SSI]	CommittedPercent: 19.9425 %
20220314 061858.516 INFO             PET0 PIOc_sync Exit - MemInfo: [/proc/self/status]	VmPeak:	  498436 kB
20220314 061858.516 INFO             PET0 PIOc_sync Exit - MemInfo: [/proc/self/status]	VmSize:	  498436 kB
20220314 061858.516 INFO             PET0 PIOc_sync Exit - MemInfo: [/proc/self/status]	VmLck:	       0 kB
20220314 061858.516 INFO             PET0 PIOc_sync Exit - MemInfo: [/proc/self/status]	VmPin:	       0 kB
20220314 061858.516 INFO             PET0 PIOc_sync Exit - MemInfo: [/proc/self/status]	VmHWM:	   64504 kB
20220314 061858.516 INFO             PET0 PIOc_sync Exit - MemInfo: [/proc/self/status]	VmRSS:	   36712 kB
20220314 061858.516 INFO             PET0 PIOc_sync Exit - MemInfo: [/proc/self/status]	VmData:	   32372 kB
20220314 061858.516 INFO             PET0 PIOc_sync Exit - MemInfo: [/proc/self/status]	VmStk:	     148 kB
20220314 061858.517 INFO             PET0 PIOc_sync Exit - MemInfo: [/proc/self/status]	VmExe:	     204 kB
20220314 061858.517 INFO             PET0 PIOc_sync Exit - MemInfo: [/proc/self/status]	VmLib:	   48496 kB
20220314 061858.517 INFO             PET0 PIOc_sync Exit - MemInfo: [/proc/self/status]	VmPTE:	     732 kB
20220314 061858.517 INFO             PET0 PIOc_sync Exit - MemInfo: [/proc/self/status]	VmPMD:	      16 kB
20220314 061858.517 INFO             PET0 PIOc_sync Exit - MemInfo: [/proc/self/status]	VmSwap:	       0 kB
20220314 061858.517 INFO             PET0 PIOc_sync Exit - MemInfo: [/proc/self/status]	VmRSSPercent: 0.0560429 %
20220314 061858.517 INFO             PET0 PIOc_sync Exit - MemInfo: [malloc] Non-mmapped space allocated:                 3502080 Byte
20220314 061858.517 INFO             PET0 PIOc_sync Exit - MemInfo: [malloc] Space allocated in mmapped regions:         18890752 Byte
20220314 061858.517 INFO             PET0 PIOc_sync Exit - MemInfo: [malloc] Maximum total allocated space:                     0 Byte
20220314 061858.517 INFO             PET0 PIOc_sync Exit - MemInfo: [malloc] Space in freed fastbin blocks:                  1088 Byte
20220314 061858.517 INFO             PET0 PIOc_sync Exit - MemInfo: [malloc] Total allocated space:                       3061520 Byte
20220314 061858.517 INFO             PET0 PIOc_sync Exit - MemInfo: [malloc] Total free space:                             440560 Byte
20220314 061858.517 INFO             PET0 PIOc_sync Exit - MemInfo: [malloc] Top-most, releasable space:                   230144 Byte
20220314 061858.517 INFO             PET0 PIOc_sync Exit - MemInfo: [malloc] Total space in use, mmap + non-mmap:        21952272 Byte
20220314 061858.517 INFO             PET0 PIOc_sync Exit - MemInfo: [malloc] Total space held (mmap + non-mmap):         22392832 Byte
20220314 061858.517 INFO             PET0 PIOc_sync Exit - MemInfo: [malloc] Total space used (mmap + non-mmap):         21961600 Byte
20220314 061858.517 INFO             PET0 PIOc_sync Exit - MemInfo: Wall-clock time since execution start:              0.0160691 seconds
20220314 061858.517 INFO             PET0 PIOc_freedecomp Enter - MemInfo: [/proc/meminfo - SSI]	MemTotal:       65507008 kB
20220314 061858.517 INFO             PET0 PIOc_freedecomp Enter - MemInfo: [/proc/meminfo - SSI]	MemFree:        49570908 kB
20220314 061858.517 INFO             PET0 PIOc_freedecomp Enter - MemInfo: [/proc/meminfo - SSI]	MemAvailable:   49335424 kB
20220314 061858.517 INFO             PET0 PIOc_freedecomp Enter - MemInfo: [/proc/meminfo - SSI]	Committed_AS:   13047364 kB
20220314 061858.517 INFO             PET0 PIOc_freedecomp Enter - MemInfo: [/proc/meminfo - SSI]	CommittedPercent: 19.9175 %
20220314 061858.517 INFO             PET0 PIOc_freedecomp Enter - MemInfo: [/proc/self/status]	VmPeak:	  498436 kB
20220314 061858.517 INFO             PET0 PIOc_freedecomp Enter - MemInfo: [/proc/self/status]	VmSize:	  481532 kB
20220314 061858.517 INFO             PET0 PIOc_freedecomp Enter - MemInfo: [/proc/self/status]	VmLck:	       0 kB
20220314 061858.517 INFO             PET0 PIOc_freedecomp Enter - MemInfo: [/proc/self/status]	VmPin:	       0 kB
20220314 061858.517 INFO             PET0 PIOc_freedecomp Enter - MemInfo: [/proc/self/status]	VmHWM:	   64504 kB
20220314 061858.517 INFO             PET0 PIOc_freedecomp Enter - MemInfo: [/proc/self/status]	VmRSS:	   20320 kB
20220314 061858.517 INFO             PET0 PIOc_freedecomp Enter - MemInfo: [/proc/self/status]	VmData:	   15468 kB
20220314 061858.517 INFO             PET0 PIOc_freedecomp Enter - MemInfo: [/proc/self/status]	VmStk:	     148 kB
20220314 061858.518 INFO             PET0 PIOc_freedecomp Enter - MemInfo: [/proc/self/status]	VmExe:	     204 kB
20220314 061858.518 INFO             PET0 PIOc_freedecomp Enter - MemInfo: [/proc/self/status]	VmLib:	   48496 kB
20220314 061858.518 INFO             PET0 PIOc_freedecomp Enter - MemInfo: [/proc/self/status]	VmPTE:	     700 kB
20220314 061858.518 INFO             PET0 PIOc_freedecomp Enter - MemInfo: [/proc/self/status]	VmPMD:	      16 kB
20220314 061858.518 INFO             PET0 PIOc_freedecomp Enter - MemInfo: [/proc/self/status]	VmSwap:	       0 kB
20220314 061858.518 INFO             PET0 PIOc_freedecomp Enter - MemInfo: [/proc/self/status]	VmRSSPercent: 0.0310196 %
20220314 061858.518 INFO             PET0 PIOc_freedecomp Enter - MemInfo: [malloc] Non-mmapped space allocated:                 3502080 Byte
20220314 061858.518 INFO             PET0 PIOc_freedecomp Enter - MemInfo: [malloc] Space allocated in mmapped regions:          1581056 Byte
20220314 061858.518 INFO             PET0 PIOc_freedecomp Enter - MemInfo: [malloc] Maximum total allocated space:                     0 Byte
20220314 061858.518 INFO             PET0 PIOc_freedecomp Enter - MemInfo: [malloc] Space in freed fastbin blocks:                  2064 Byte
20220314 061858.518 INFO             PET0 PIOc_freedecomp Enter - MemInfo: [malloc] Total allocated space:                       3048384 Byte
20220314 061858.518 INFO             PET0 PIOc_freedecomp Enter - MemInfo: [malloc] Total free space:                             453696 Byte
20220314 061858.518 INFO             PET0 PIOc_freedecomp Enter - MemInfo: [malloc] Top-most, releasable space:                   231024 Byte
20220314 061858.518 INFO             PET0 PIOc_freedecomp Enter - MemInfo: [malloc] Total space in use, mmap + non-mmap:         4629440 Byte
20220314 061858.518 INFO             PET0 PIOc_freedecomp Enter - MemInfo: [malloc] Total space held (mmap + non-mmap):          5083136 Byte
20220314 061858.518 INFO             PET0 PIOc_freedecomp Enter - MemInfo: [malloc] Total space used (mmap + non-mmap):          4638768 Byte
20220314 061858.518 INFO             PET0 PIOc_freedecomp Enter - MemInfo: Wall-clock time since execution start:              0.0170636 seconds
20220314 061858.518 INFO             PET0 PIOc_freedecomp Exit - MemInfo: [/proc/meminfo - SSI]	MemTotal:       65507008 kB
20220314 061858.518 INFO             PET0 PIOc_freedecomp Exit - MemInfo: [/proc/meminfo - SSI]	MemFree:        49570908 kB
20220314 061858.518 INFO             PET0 PIOc_freedecomp Exit - MemInfo: [/proc/meminfo - SSI]	MemAvailable:   49335424 kB
20220314 061858.518 INFO             PET0 PIOc_freedecomp Exit - MemInfo: [/proc/meminfo - SSI]	Committed_AS:   13047364 kB
20220314 061858.518 INFO             PET0 PIOc_freedecomp Exit - MemInfo: [/proc/meminfo - SSI]	CommittedPercent: 19.9175 %
20220314 061858.518 INFO             PET0 PIOc_freedecomp Exit - MemInfo: [/proc/self/status]	VmPeak:	  498436 kB
20220314 061858.518 INFO             PET0 PIOc_freedecomp Exit - MemInfo: [/proc/self/status]	VmSize:	  481532 kB
20220314 061858.518 INFO             PET0 PIOc_freedecomp Exit - MemInfo: [/proc/self/status]	VmLck:	       0 kB
20220314 061858.518 INFO             PET0 PIOc_freedecomp Exit - MemInfo: [/proc/self/status]	VmPin:	       0 kB
20220314 061858.518 INFO             PET0 PIOc_freedecomp Exit - MemInfo: [/proc/self/status]	VmHWM:	   64504 kB
20220314 061858.518 INFO             PET0 PIOc_freedecomp Exit - MemInfo: [/proc/self/status]	VmRSS:	   20324 kB
20220314 061858.518 INFO             PET0 PIOc_freedecomp Exit - MemInfo: [/proc/self/status]	VmData:	   15468 kB
20220314 061858.518 INFO             PET0 PIOc_freedecomp Exit - MemInfo: [/proc/self/status]	VmStk:	     148 kB
20220314 061858.518 INFO             PET0 PIOc_freedecomp Exit - MemInfo: [/proc/self/status]	VmExe:	     204 kB
20220314 061858.518 INFO             PET0 PIOc_freedecomp Exit - MemInfo: [/proc/self/status]	VmLib:	   48496 kB
20220314 061858.518 INFO             PET0 PIOc_freedecomp Exit - MemInfo: [/proc/self/status]	VmPTE:	     700 kB
20220314 061858.518 INFO             PET0 PIOc_freedecomp Exit - MemInfo: [/proc/self/status]	VmPMD:	      16 kB
20220314 061858.518 INFO             PET0 PIOc_freedecomp Exit - MemInfo: [/proc/self/status]	VmSwap:	       0 kB
20220314 061858.518 INFO             PET0 PIOc_freedecomp Exit - MemInfo: [/proc/self/status]	VmRSSPercent: 0.0310257 %
20220314 061858.518 INFO             PET0 PIOc_freedecomp Exit - MemInfo: [malloc] Non-mmapped space allocated:                 3502080 Byte
20220314 061858.518 INFO             PET0 PIOc_freedecomp Exit - MemInfo: [malloc] Space allocated in mmapped regions:          1581056 Byte
20220314 061858.518 INFO             PET0 PIOc_freedecomp Exit - MemInfo: [malloc] Maximum total allocated space:                     0 Byte
20220314 061858.518 INFO             PET0 PIOc_freedecomp Exit - MemInfo: [malloc] Space in freed fastbin blocks:                  1808 Byte
20220314 061858.518 INFO             PET0 PIOc_freedecomp Exit - MemInfo: [malloc] Total allocated space:                       3044240 Byte
20220314 061858.518 INFO             PET0 PIOc_freedecomp Exit - MemInfo: [malloc] Total free space:                             457840 Byte
20220314 061858.518 INFO             PET0 PIOc_freedecomp Exit - MemInfo: [malloc] Top-most, releasable space:                   231024 Byte
20220314 061858.518 INFO             PET0 PIOc_freedecomp Exit - MemInfo: [malloc] Total space in use, mmap + non-mmap:         4625296 Byte
20220314 061858.518 INFO             PET0 PIOc_freedecomp Exit - MemInfo: [malloc] Total space held (mmap + non-mmap):          5083136 Byte
20220314 061858.518 INFO             PET0 PIOc_freedecomp Exit - MemInfo: [malloc] Total space used (mmap + non-mmap):          4634624 Byte
20220314 061858.518 INFO             PET0 PIOc_freedecomp Exit - MemInfo: Wall-clock time since execution start:              0.0173912 seconds
20220314 061858.522 INFO             PET0 PIOc_sync Enter - MemInfo: [/proc/meminfo - SSI]	MemTotal:       65507008 kB
20220314 061858.522 INFO             PET0 PIOc_sync Enter - MemInfo: [/proc/meminfo - SSI]	MemFree:        49563852 kB
20220314 061858.522 INFO             PET0 PIOc_sync Enter - MemInfo: [/proc/meminfo - SSI]	MemAvailable:   49328368 kB
20220314 061858.522 INFO             PET0 PIOc_sync Enter - MemInfo: [/proc/meminfo - SSI]	Committed_AS:   13063636 kB
20220314 061858.522 INFO             PET0 PIOc_sync Enter - MemInfo: [/proc/meminfo - SSI]	CommittedPercent: 19.9423 %
20220314 061858.522 INFO             PET0 PIOc_sync Enter - MemInfo: [/proc/self/status]	VmPeak:	  498436 kB
20220314 061858.522 INFO             PET0 PIOc_sync Enter - MemInfo: [/proc/self/status]	VmSize:	  498320 kB
20220314 061858.522 INFO             PET0 PIOc_sync Enter - MemInfo: [/proc/self/status]	VmLck:	       0 kB
20220314 061858.522 INFO             PET0 PIOc_sync Enter - MemInfo: [/proc/self/status]	VmPin:	       0 kB
20220314 061858.522 INFO             PET0 PIOc_sync Enter - MemInfo: [/proc/self/status]	VmHWM:	   64504 kB
20220314 061858.522 INFO             PET0 PIOc_sync Enter - MemInfo: [/proc/self/status]	VmRSS:	   28768 kB
20220314 061858.522 INFO             PET0 PIOc_sync Enter - MemInfo: [/proc/self/status]	VmData:	   32256 kB
20220314 061858.522 INFO             PET0 PIOc_sync Enter - MemInfo: [/proc/self/status]	VmStk:	     148 kB
20220314 061858.522 INFO             PET0 PIOc_sync Enter - MemInfo: [/proc/self/status]	VmExe:	     204 kB
20220314 061858.522 INFO             PET0 PIOc_sync Enter - MemInfo: [/proc/self/status]	VmLib:	   48496 kB
20220314 061858.522 INFO             PET0 PIOc_sync Enter - MemInfo: [/proc/self/status]	VmPTE:	     720 kB
20220314 061858.522 INFO             PET0 PIOc_sync Enter - MemInfo: [/proc/self/status]	VmPMD:	      16 kB
20220314 061858.522 INFO             PET0 PIOc_sync Enter - MemInfo: [/proc/self/status]	VmSwap:	       0 kB
20220314 061858.522 INFO             PET0 PIOc_sync Enter - MemInfo: [/proc/self/status]	VmRSSPercent: 0.0439159 %
20220314 061858.522 INFO             PET0 PIOc_sync Enter - MemInfo: [malloc] Non-mmapped space allocated:                20692992 Byte
20220314 061858.522 INFO             PET0 PIOc_sync Enter - MemInfo: [malloc] Space allocated in mmapped regions:          1581056 Byte
20220314 061858.522 INFO             PET0 PIOc_sync Enter - MemInfo: [malloc] Maximum total allocated space:                     0 Byte
20220314 061858.522 INFO             PET0 PIOc_sync Enter - MemInfo: [malloc] Space in freed fastbin blocks:                  2752 Byte
20220314 061858.522 INFO             PET0 PIOc_sync Enter - MemInfo: [malloc] Total allocated space:                      20363168 Byte
20220314 061858.522 INFO             PET0 PIOc_sync Enter - MemInfo: [malloc] Total free space:                             329824 Byte
20220314 061858.522 INFO             PET0 PIOc_sync Enter - MemInfo: [malloc] Top-most, releasable space:                   119424 Byte
20220314 061858.522 INFO             PET0 PIOc_sync Enter - MemInfo: [malloc] Total space in use, mmap + non-mmap:        21944224 Byte
20220314 061858.522 INFO             PET0 PIOc_sync Enter - MemInfo: [malloc] Total space held (mmap + non-mmap):         22274048 Byte
20220314 061858.522 INFO             PET0 PIOc_sync Enter - MemInfo: [malloc] Total space used (mmap + non-mmap):         21953552 Byte
20220314 061858.522 INFO             PET0 PIOc_sync Enter - MemInfo: Wall-clock time since execution start:              0.0216462 seconds
20220314 061858.522 INFO             PET0 PIOc_sync Exit - MemInfo: [/proc/meminfo - SSI]	MemTotal:       65507008 kB
20220314 061858.522 INFO             PET0 PIOc_sync Exit - MemInfo: [/proc/meminfo - SSI]	MemFree:        49563852 kB
20220314 061858.522 INFO             PET0 PIOc_sync Exit - MemInfo: [/proc/meminfo - SSI]	MemAvailable:   49328368 kB
20220314 061858.522 INFO             PET0 PIOc_sync Exit - MemInfo: [/proc/meminfo - SSI]	Committed_AS:   13063636 kB
20220314 061858.522 INFO             PET0 PIOc_sync Exit - MemInfo: [/proc/meminfo - SSI]	CommittedPercent: 19.9423 %
20220314 061858.522 INFO             PET0 PIOc_sync Exit - MemInfo: [/proc/self/status]	VmPeak:	  498436 kB
20220314 061858.522 INFO             PET0 PIOc_sync Exit - MemInfo: [/proc/self/status]	VmSize:	  498320 kB
20220314 061858.522 INFO             PET0 PIOc_sync Exit - MemInfo: [/proc/self/status]	VmLck:	       0 kB
20220314 061858.522 INFO             PET0 PIOc_sync Exit - MemInfo: [/proc/self/status]	VmPin:	       0 kB
20220314 061858.522 INFO             PET0 PIOc_sync Exit - MemInfo: [/proc/self/status]	VmHWM:	   64504 kB
20220314 061858.522 INFO             PET0 PIOc_sync Exit - MemInfo: [/proc/self/status]	VmRSS:	   28788 kB
20220314 061858.522 INFO             PET0 PIOc_sync Exit - MemInfo: [/proc/self/status]	VmData:	   32256 kB
20220314 061858.522 INFO             PET0 PIOc_sync Exit - MemInfo: [/proc/self/status]	VmStk:	     148 kB
20220314 061858.522 INFO             PET0 PIOc_sync Exit - MemInfo: [/proc/self/status]	VmExe:	     204 kB
20220314 061858.522 INFO             PET0 PIOc_sync Exit - MemInfo: [/proc/self/status]	VmLib:	   48496 kB
20220314 061858.522 INFO             PET0 PIOc_sync Exit - MemInfo: [/proc/self/status]	VmPTE:	     720 kB
20220314 061858.522 INFO             PET0 PIOc_sync Exit - MemInfo: [/proc/self/status]	VmPMD:	      16 kB
20220314 061858.522 INFO             PET0 PIOc_sync Exit - MemInfo: [/proc/self/status]	VmSwap:	       0 kB
20220314 061858.522 INFO             PET0 PIOc_sync Exit - MemInfo: [/proc/self/status]	VmRSSPercent: 0.0439464 %
20220314 061858.523 INFO             PET0 PIOc_sync Exit - MemInfo: [malloc] Non-mmapped space allocated:                20692992 Byte
20220314 061858.523 INFO             PET0 PIOc_sync Exit - MemInfo: [malloc] Space allocated in mmapped regions:          1581056 Byte
20220314 061858.523 INFO             PET0 PIOc_sync Exit - MemInfo: [malloc] Maximum total allocated space:                     0 Byte
20220314 061858.523 INFO             PET0 PIOc_sync Exit - MemInfo: [malloc] Space in freed fastbin blocks:                  1088 Byte
20220314 061858.523 INFO             PET0 PIOc_sync Exit - MemInfo: [malloc] Total allocated space:                      20363552 Byte
20220314 061858.523 INFO             PET0 PIOc_sync Exit - MemInfo: [malloc] Total free space:                             329440 Byte
20220314 061858.523 INFO             PET0 PIOc_sync Exit - MemInfo: [malloc] Top-most, releasable space:                   119392 Byte
20220314 061858.523 INFO             PET0 PIOc_sync Exit - MemInfo: [malloc] Total space in use, mmap + non-mmap:        21944608 Byte
20220314 061858.523 INFO             PET0 PIOc_sync Exit - MemInfo: [malloc] Total space held (mmap + non-mmap):         22274048 Byte
20220314 061858.523 INFO             PET0 PIOc_sync Exit - MemInfo: [malloc] Total space used (mmap + non-mmap):         21953936 Byte
20220314 061858.523 INFO             PET0 PIOc_sync Exit - MemInfo: Wall-clock time since execution start:              0.0220058 seconds
20220314 061858.523 INFO             PET0 PIOc_freedecomp Enter - MemInfo: [/proc/meminfo - SSI]	MemTotal:       65507008 kB
20220314 061858.523 INFO             PET0 PIOc_freedecomp Enter - MemInfo: [/proc/meminfo - SSI]	MemFree:        49563852 kB
20220314 061858.523 INFO             PET0 PIOc_freedecomp Enter - MemInfo: [/proc/meminfo - SSI]	MemAvailable:   49328368 kB
20220314 061858.523 INFO             PET0 PIOc_freedecomp Enter - MemInfo: [/proc/meminfo - SSI]	Committed_AS:   13063636 kB
20220314 061858.523 INFO             PET0 PIOc_freedecomp Enter - MemInfo: [/proc/meminfo - SSI]	CommittedPercent: 19.9423 %
20220314 061858.523 INFO             PET0 PIOc_freedecomp Enter - MemInfo: [/proc/self/status]	VmPeak:	  498436 kB
20220314 061858.523 INFO             PET0 PIOc_freedecomp Enter - MemInfo: [/proc/self/status]	VmSize:	  498320 kB
20220314 061858.523 INFO             PET0 PIOc_freedecomp Enter - MemInfo: [/proc/self/status]	VmLck:	       0 kB
20220314 061858.523 INFO             PET0 PIOc_freedecomp Enter - MemInfo: [/proc/self/status]	VmPin:	       0 kB
20220314 061858.523 INFO             PET0 PIOc_freedecomp Enter - MemInfo: [/proc/self/status]	VmHWM:	   64504 kB
20220314 061858.523 INFO             PET0 PIOc_freedecomp Enter - MemInfo: [/proc/self/status]	VmRSS:	   28788 kB
20220314 061858.523 INFO             PET0 PIOc_freedecomp Enter - MemInfo: [/proc/self/status]	VmData:	   32256 kB
20220314 061858.523 INFO             PET0 PIOc_freedecomp Enter - MemInfo: [/proc/self/status]	VmStk:	     148 kB
20220314 061858.523 INFO             PET0 PIOc_freedecomp Enter - MemInfo: [/proc/self/status]	VmExe:	     204 kB
20220314 061858.523 INFO             PET0 PIOc_freedecomp Enter - MemInfo: [/proc/self/status]	VmLib:	   48496 kB
20220314 061858.523 INFO             PET0 PIOc_freedecomp Enter - MemInfo: [/proc/self/status]	VmPTE:	     720 kB
20220314 061858.523 INFO             PET0 PIOc_freedecomp Enter - MemInfo: [/proc/self/status]	VmPMD:	      16 kB
20220314 061858.523 INFO             PET0 PIOc_freedecomp Enter - MemInfo: [/proc/self/status]	VmSwap:	       0 kB
20220314 061858.523 INFO             PET0 PIOc_freedecomp Enter - MemInfo: [/proc/self/status]	VmRSSPercent: 0.0439464 %
20220314 061858.523 INFO             PET0 PIOc_freedecomp Enter - MemInfo: [malloc] Non-mmapped space allocated:                20692992 Byte
20220314 061858.523 INFO             PET0 PIOc_freedecomp Enter - MemInfo: [malloc] Space allocated in mmapped regions:          1581056 Byte
20220314 061858.523 INFO             PET0 PIOc_freedecomp Enter - MemInfo: [malloc] Maximum total allocated space:                     0 Byte
20220314 061858.523 INFO             PET0 PIOc_freedecomp Enter - MemInfo: [malloc] Space in freed fastbin blocks:                   944 Byte
20220314 061858.523 INFO             PET0 PIOc_freedecomp Enter - MemInfo: [malloc] Total allocated space:                       3048448 Byte
20220314 061858.523 INFO             PET0 PIOc_freedecomp Enter - MemInfo: [malloc] Total free space:                           17644544 Byte
20220314 061858.523 INFO             PET0 PIOc_freedecomp Enter - MemInfo: [malloc] Top-most, releasable space:                   120272 Byte
20220314 061858.523 INFO             PET0 PIOc_freedecomp Enter - MemInfo: [malloc] Total space in use, mmap + non-mmap:         4629504 Byte
20220314 061858.523 INFO             PET0 PIOc_freedecomp Enter - MemInfo: [malloc] Total space held (mmap + non-mmap):         22274048 Byte
20220314 061858.523 INFO             PET0 PIOc_freedecomp Enter - MemInfo: [malloc] Total space used (mmap + non-mmap):          4638832 Byte
20220314 061858.523 INFO             PET0 PIOc_freedecomp Enter - MemInfo: Wall-clock time since execution start:              0.0223441 seconds
20220314 061858.523 INFO             PET0 PIOc_freedecomp Exit - MemInfo: [/proc/meminfo - SSI]	MemTotal:       65507008 kB
20220314 061858.523 INFO             PET0 PIOc_freedecomp Exit - MemInfo: [/proc/meminfo - SSI]	MemFree:        49563852 kB
20220314 061858.523 INFO             PET0 PIOc_freedecomp Exit - MemInfo: [/proc/meminfo - SSI]	MemAvailable:   49328368 kB
20220314 061858.523 INFO             PET0 PIOc_freedecomp Exit - MemInfo: [/proc/meminfo - SSI]	Committed_AS:   13063636 kB
20220314 061858.523 INFO             PET0 PIOc_freedecomp Exit - MemInfo: [/proc/meminfo - SSI]	CommittedPercent: 19.9423 %
20220314 061858.523 INFO             PET0 PIOc_freedecomp Exit - MemInfo: [/proc/self/status]	VmPeak:	  498436 kB
20220314 061858.523 INFO             PET0 PIOc_freedecomp Exit - MemInfo: [/proc/self/status]	VmSize:	  498320 kB
20220314 061858.523 INFO             PET0 PIOc_freedecomp Exit - MemInfo: [/proc/self/status]	VmLck:	       0 kB
20220314 061858.523 INFO             PET0 PIOc_freedecomp Exit - MemInfo: [/proc/self/status]	VmPin:	       0 kB
20220314 061858.523 INFO             PET0 PIOc_freedecomp Exit - MemInfo: [/proc/self/status]	VmHWM:	   64504 kB
20220314 061858.523 INFO             PET0 PIOc_freedecomp Exit - MemInfo: [/proc/self/status]	VmRSS:	   28788 kB
20220314 061858.523 INFO             PET0 PIOc_freedecomp Exit - MemInfo: [/proc/self/status]	VmData:	   32256 kB
20220314 061858.523 INFO             PET0 PIOc_freedecomp Exit - MemInfo: [/proc/self/status]	VmStk:	     148 kB
20220314 061858.523 INFO             PET0 PIOc_freedecomp Exit - MemInfo: [/proc/self/status]	VmExe:	     204 kB
20220314 061858.523 INFO             PET0 PIOc_freedecomp Exit - MemInfo: [/proc/self/status]	VmLib:	   48496 kB
20220314 061858.523 INFO             PET0 PIOc_freedecomp Exit - MemInfo: [/proc/self/status]	VmPTE:	     720 kB
20220314 061858.523 INFO             PET0 PIOc_freedecomp Exit - MemInfo: [/proc/self/status]	VmPMD:	      16 kB
20220314 061858.523 INFO             PET0 PIOc_freedecomp Exit - MemInfo: [/proc/self/status]	VmSwap:	       0 kB
20220314 061858.523 INFO             PET0 PIOc_freedecomp Exit - MemInfo: [/proc/self/status]	VmRSSPercent: 0.0439464 %
20220314 061858.523 INFO             PET0 PIOc_freedecomp Exit - MemInfo: [malloc] Non-mmapped space allocated:                20692992 Byte
20220314 061858.523 INFO             PET0 PIOc_freedecomp Exit - MemInfo: [malloc] Space allocated in mmapped regions:          1581056 Byte
20220314 061858.523 INFO             PET0 PIOc_freedecomp Exit - MemInfo: [malloc] Maximum total allocated space:                     0 Byte
20220314 061858.523 INFO             PET0 PIOc_freedecomp Exit - MemInfo: [malloc] Space in freed fastbin blocks:                   784 Byte
20220314 061858.523 INFO             PET0 PIOc_freedecomp Exit - MemInfo: [malloc] Total allocated space:                       3044288 Byte
20220314 061858.523 INFO             PET0 PIOc_freedecomp Exit - MemInfo: [malloc] Total free space:                           17648704 Byte
20220314 061858.523 INFO             PET0 PIOc_freedecomp Exit - MemInfo: [malloc] Top-most, releasable space:                 17435360 Byte
20220314 061858.523 INFO             PET0 PIOc_freedecomp Exit - MemInfo: [malloc] Total space in use, mmap + non-mmap:         4625344 Byte
20220314 061858.523 INFO             PET0 PIOc_freedecomp Exit - MemInfo: [malloc] Total space held (mmap + non-mmap):         22274048 Byte
20220314 061858.523 INFO             PET0 PIOc_freedecomp Exit - MemInfo: [malloc] Total space used (mmap + non-mmap):          4634672 Byte
20220314 061858.523 INFO             PET0 PIOc_freedecomp Exit - MemInfo: Wall-clock time since execution start:              0.0226642 seconds
20220314 061858.524 INFO             PET0 PIOc_sync Enter - MemInfo: [/proc/meminfo - SSI]	MemTotal:       65507008 kB
20220314 061858.524 INFO             PET0 PIOc_sync Enter - MemInfo: [/proc/meminfo - SSI]	MemFree:        49563348 kB
20220314 061858.524 INFO             PET0 PIOc_sync Enter - MemInfo: [/proc/meminfo - SSI]	MemAvailable:   49327864 kB
20220314 061858.524 INFO             PET0 PIOc_sync Enter - MemInfo: [/proc/meminfo - SSI]	Committed_AS:   13063636 kB
20220314 061858.524 INFO             PET0 PIOc_sync Enter - MemInfo: [/proc/meminfo - SSI]	CommittedPercent: 19.9423 %
20220314 061858.524 INFO             PET0 PIOc_sync Enter - MemInfo: [/proc/self/status]	VmPeak:	  506508 kB
20220314 061858.524 INFO             PET0 PIOc_sync Enter - MemInfo: [/proc/self/status]	VmSize:	  498320 kB
20220314 061858.524 INFO             PET0 PIOc_sync Enter - MemInfo: [/proc/self/status]	VmLck:	       0 kB
20220314 061858.524 INFO             PET0 PIOc_sync Enter - MemInfo: [/proc/self/status]	VmPin:	       0 kB
20220314 061858.524 INFO             PET0 PIOc_sync Enter - MemInfo: [/proc/self/status]	VmHWM:	   64504 kB
20220314 061858.524 INFO             PET0 PIOc_sync Enter - MemInfo: [/proc/self/status]	VmRSS:	   29056 kB
20220314 061858.524 INFO             PET0 PIOc_sync Enter - MemInfo: [/proc/self/status]	VmData:	   32256 kB
20220314 061858.524 INFO             PET0 PIOc_sync Enter - MemInfo: [/proc/self/status]	VmStk:	     148 kB
20220314 061858.524 INFO             PET0 PIOc_sync Enter - MemInfo: [/proc/self/status]	VmExe:	     204 kB
20220314 061858.524 INFO             PET0 PIOc_sync Enter - MemInfo: [/proc/self/status]	VmLib:	   48496 kB
20220314 061858.524 INFO             PET0 PIOc_sync Enter - MemInfo: [/proc/self/status]	VmPTE:	     720 kB
20220314 061858.524 INFO             PET0 PIOc_sync Enter - MemInfo: [/proc/self/status]	VmPMD:	      16 kB
20220314 061858.524 INFO             PET0 PIOc_sync Enter - MemInfo: [/proc/self/status]	VmSwap:	       0 kB
20220314 061858.524 INFO             PET0 PIOc_sync Enter - MemInfo: [/proc/self/status]	VmRSSPercent: 0.0443556 %
20220314 061858.524 INFO             PET0 PIOc_sync Enter - MemInfo: [malloc] Non-mmapped space allocated:                20692992 Byte
20220314 061858.524 INFO             PET0 PIOc_sync Enter - MemInfo: [malloc] Space allocated in mmapped regions:          1581056 Byte
20220314 061858.524 INFO             PET0 PIOc_sync Enter - MemInfo: [malloc] Maximum total allocated space:                     0 Byte
20220314 061858.524 INFO             PET0 PIOc_sync Enter - MemInfo: [malloc] Space in freed fastbin blocks:                  2896 Byte
20220314 061858.524 INFO             PET0 PIOc_sync Enter - MemInfo: [malloc] Total allocated space:                      20363584 Byte
20220314 061858.524 INFO             PET0 PIOc_sync Enter - MemInfo: [malloc] Total free space:                             329408 Byte
20220314 061858.524 INFO             PET0 PIOc_sync Enter - MemInfo: [malloc] Top-most, releasable space:                   118784 Byte
20220314 061858.524 INFO             PET0 PIOc_sync Enter - MemInfo: [malloc] Total space in use, mmap + non-mmap:        21944640 Byte
20220314 061858.524 INFO             PET0 PIOc_sync Enter - MemInfo: [malloc] Total space held (mmap + non-mmap):         22274048 Byte
20220314 061858.524 INFO             PET0 PIOc_sync Enter - MemInfo: [malloc] Total space used (mmap + non-mmap):         21953968 Byte
20220314 061858.524 INFO             PET0 PIOc_sync Enter - MemInfo: Wall-clock time since execution start:              0.0238428 seconds
20220314 061858.524 INFO             PET0 PIOc_sync Exit - MemInfo: [/proc/meminfo - SSI]	MemTotal:       65507008 kB
20220314 061858.525 INFO             PET0 PIOc_sync Exit - MemInfo: [/proc/meminfo - SSI]	MemFree:        49563348 kB
20220314 061858.525 INFO             PET0 PIOc_sync Exit - MemInfo: [/proc/meminfo - SSI]	MemAvailable:   49327864 kB
20220314 061858.525 INFO             PET0 PIOc_sync Exit - MemInfo: [/proc/meminfo - SSI]	Committed_AS:   13063636 kB
20220314 061858.525 INFO             PET0 PIOc_sync Exit - MemInfo: [/proc/meminfo - SSI]	CommittedPercent: 19.9423 %
20220314 061858.525 INFO             PET0 PIOc_sync Exit - MemInfo: [/proc/self/status]	VmPeak:	  506508 kB
20220314 061858.525 INFO             PET0 PIOc_sync Exit - MemInfo: [/proc/self/status]	VmSize:	  498320 kB
20220314 061858.525 INFO             PET0 PIOc_sync Exit - MemInfo: [/proc/self/status]	VmLck:	       0 kB
20220314 061858.525 INFO             PET0 PIOc_sync Exit - MemInfo: [/proc/self/status]	VmPin:	       0 kB
20220314 061858.525 INFO             PET0 PIOc_sync Exit - MemInfo: [/proc/self/status]	VmHWM:	   64504 kB
20220314 061858.525 INFO             PET0 PIOc_sync Exit - MemInfo: [/proc/self/status]	VmRSS:	   29056 kB
20220314 061858.525 INFO             PET0 PIOc_sync Exit - MemInfo: [/proc/self/status]	VmData:	   32256 kB
20220314 061858.525 INFO             PET0 PIOc_sync Exit - MemInfo: [/proc/self/status]	VmStk:	     148 kB
20220314 061858.525 INFO             PET0 PIOc_sync Exit - MemInfo: [/proc/self/status]	VmExe:	     204 kB
20220314 061858.525 INFO             PET0 PIOc_sync Exit - MemInfo: [/proc/self/status]	VmLib:	   48496 kB
20220314 061858.525 INFO             PET0 PIOc_sync Exit - MemInfo: [/proc/self/status]	VmPTE:	     720 kB
20220314 061858.525 INFO             PET0 PIOc_sync Exit - MemInfo: [/proc/self/status]	VmPMD:	      16 kB
20220314 061858.525 INFO             PET0 PIOc_sync Exit - MemInfo: [/proc/self/status]	VmSwap:	       0 kB
20220314 061858.525 INFO             PET0 PIOc_sync Exit - MemInfo: [/proc/self/status]	VmRSSPercent: 0.0443556 %
20220314 061858.525 INFO             PET0 PIOc_sync Exit - MemInfo: [malloc] Non-mmapped space allocated:                20692992 Byte
20220314 061858.525 INFO             PET0 PIOc_sync Exit - MemInfo: [malloc] Space allocated in mmapped regions:          1581056 Byte
20220314 061858.525 INFO             PET0 PIOc_sync Exit - MemInfo: [malloc] Maximum total allocated space:                     0 Byte
20220314 061858.525 INFO             PET0 PIOc_sync Exit - MemInfo: [malloc] Space in freed fastbin blocks:                   816 Byte
20220314 061858.525 INFO             PET0 PIOc_sync Exit - MemInfo: [malloc] Total allocated space:                      20363952 Byte
20220314 061858.525 INFO             PET0 PIOc_sync Exit - MemInfo: [malloc] Total free space:                             329040 Byte
20220314 061858.525 INFO             PET0 PIOc_sync Exit - MemInfo: [malloc] Top-most, releasable space:                   120480 Byte
20220314 061858.525 INFO             PET0 PIOc_sync Exit - MemInfo: [malloc] Total space in use, mmap + non-mmap:        21945008 Byte
20220314 061858.525 INFO             PET0 PIOc_sync Exit - MemInfo: [malloc] Total space held (mmap + non-mmap):         22274048 Byte
20220314 061858.525 INFO             PET0 PIOc_sync Exit - MemInfo: [malloc] Total space used (mmap + non-mmap):         21954336 Byte
20220314 061858.525 INFO             PET0 PIOc_sync Exit - MemInfo: Wall-clock time since execution start:              0.0241981 seconds
20220314 061858.525 INFO             PET0 PIOc_freedecomp Enter - MemInfo: [/proc/meminfo - SSI]	MemTotal:       65507008 kB
20220314 061858.525 INFO             PET0 PIOc_freedecomp Enter - MemInfo: [/proc/meminfo - SSI]	MemFree:        49563348 kB
20220314 061858.525 INFO             PET0 PIOc_freedecomp Enter - MemInfo: [/proc/meminfo - SSI]	MemAvailable:   49327864 kB
20220314 061858.525 INFO             PET0 PIOc_freedecomp Enter - MemInfo: [/proc/meminfo - SSI]	Committed_AS:   13063636 kB
20220314 061858.525 INFO             PET0 PIOc_freedecomp Enter - MemInfo: [/proc/meminfo - SSI]	CommittedPercent: 19.9423 %
20220314 061858.525 INFO             PET0 PIOc_freedecomp Enter - MemInfo: [/proc/self/status]	VmPeak:	  506508 kB
20220314 061858.525 INFO             PET0 PIOc_freedecomp Enter - MemInfo: [/proc/self/status]	VmSize:	  498320 kB
20220314 061858.525 INFO             PET0 PIOc_freedecomp Enter - MemInfo: [/proc/self/status]	VmLck:	       0 kB
20220314 061858.525 INFO             PET0 PIOc_freedecomp Enter - MemInfo: [/proc/self/status]	VmPin:	       0 kB
20220314 061858.525 INFO             PET0 PIOc_freedecomp Enter - MemInfo: [/proc/self/status]	VmHWM:	   64504 kB
20220314 061858.525 INFO             PET0 PIOc_freedecomp Enter - MemInfo: [/proc/self/status]	VmRSS:	   29056 kB
20220314 061858.525 INFO             PET0 PIOc_freedecomp Enter - MemInfo: [/proc/self/status]	VmData:	   32256 kB
20220314 061858.525 INFO             PET0 PIOc_freedecomp Enter - MemInfo: [/proc/self/status]	VmStk:	     148 kB
20220314 061858.525 INFO             PET0 PIOc_freedecomp Enter - MemInfo: [/proc/self/status]	VmExe:	     204 kB
20220314 061858.525 INFO             PET0 PIOc_freedecomp Enter - MemInfo: [/proc/self/status]	VmLib:	   48496 kB
20220314 061858.525 INFO             PET0 PIOc_freedecomp Enter - MemInfo: [/proc/self/status]	VmPTE:	     720 kB
20220314 061858.525 INFO             PET0 PIOc_freedecomp Enter - MemInfo: [/proc/self/status]	VmPMD:	      16 kB
20220314 061858.525 INFO             PET0 PIOc_freedecomp Enter - MemInfo: [/proc/self/status]	VmSwap:	       0 kB
20220314 061858.525 INFO             PET0 PIOc_freedecomp Enter - MemInfo: [/proc/self/status]	VmRSSPercent: 0.0443556 %
20220314 061858.525 INFO             PET0 PIOc_freedecomp Enter - MemInfo: [malloc] Non-mmapped space allocated:                20692992 Byte
20220314 061858.525 INFO             PET0 PIOc_freedecomp Enter - MemInfo: [malloc] Space allocated in mmapped regions:          1581056 Byte
20220314 061858.525 INFO             PET0 PIOc_freedecomp Enter - MemInfo: [malloc] Maximum total allocated space:                     0 Byte
20220314 061858.525 INFO             PET0 PIOc_freedecomp Enter - MemInfo: [malloc] Space in freed fastbin blocks:                   960 Byte
20220314 061858.525 INFO             PET0 PIOc_freedecomp Enter - MemInfo: [malloc] Total allocated space:                       3048432 Byte
20220314 061858.525 INFO             PET0 PIOc_freedecomp Enter - MemInfo: [malloc] Total free space:                           17644560 Byte
20220314 061858.525 INFO             PET0 PIOc_freedecomp Enter - MemInfo: [malloc] Top-most, releasable space:                   120480 Byte
20220314 061858.525 INFO             PET0 PIOc_freedecomp Enter - MemInfo: [malloc] Total space in use, mmap + non-mmap:         4629488 Byte
20220314 061858.525 INFO             PET0 PIOc_freedecomp Enter - MemInfo: [malloc] Total space held (mmap + non-mmap):         22274048 Byte
20220314 061858.525 INFO             PET0 PIOc_freedecomp Enter - MemInfo: [malloc] Total space used (mmap + non-mmap):          4638816 Byte
20220314 061858.525 INFO             PET0 PIOc_freedecomp Enter - MemInfo: Wall-clock time since execution start:              0.0245353 seconds
20220314 061858.525 INFO             PET0 PIOc_freedecomp Exit - MemInfo: [/proc/meminfo - SSI]	MemTotal:       65507008 kB
20220314 061858.525 INFO             PET0 PIOc_freedecomp Exit - MemInfo: [/proc/meminfo - SSI]	MemFree:        49563348 kB
20220314 061858.525 INFO             PET0 PIOc_freedecomp Exit - MemInfo: [/proc/meminfo - SSI]	MemAvailable:   49327864 kB
20220314 061858.525 INFO             PET0 PIOc_freedecomp Exit - MemInfo: [/proc/meminfo - SSI]	Committed_AS:   13063636 kB
20220314 061858.525 INFO             PET0 PIOc_freedecomp Exit - MemInfo: [/proc/meminfo - SSI]	CommittedPercent: 19.9423 %
20220314 061858.525 INFO             PET0 PIOc_freedecomp Exit - MemInfo: [/proc/self/status]	VmPeak:	  506508 kB
20220314 061858.525 INFO             PET0 PIOc_freedecomp Exit - MemInfo: [/proc/self/status]	VmSize:	  498320 kB
20220314 061858.525 INFO             PET0 PIOc_freedecomp Exit - MemInfo: [/proc/self/status]	VmLck:	       0 kB
20220314 061858.525 INFO             PET0 PIOc_freedecomp Exit - MemInfo: [/proc/self/status]	VmPin:	       0 kB
20220314 061858.525 INFO             PET0 PIOc_freedecomp Exit - MemInfo: [/proc/self/status]	VmHWM:	   64504 kB
20220314 061858.525 INFO             PET0 PIOc_freedecomp Exit - MemInfo: [/proc/self/status]	VmRSS:	   29056 kB
20220314 061858.525 INFO             PET0 PIOc_freedecomp Exit - MemInfo: [/proc/self/status]	VmData:	   32256 kB
20220314 061858.525 INFO             PET0 PIOc_freedecomp Exit - MemInfo: [/proc/self/status]	VmStk:	     148 kB
20220314 061858.525 INFO             PET0 PIOc_freedecomp Exit - MemInfo: [/proc/self/status]	VmExe:	     204 kB
20220314 061858.525 INFO             PET0 PIOc_freedecomp Exit - MemInfo: [/proc/self/status]	VmLib:	   48496 kB
20220314 061858.525 INFO             PET0 PIOc_freedecomp Exit - MemInfo: [/proc/self/status]	VmPTE:	     720 kB
20220314 061858.525 INFO             PET0 PIOc_freedecomp Exit - MemInfo: [/proc/self/status]	VmPMD:	      16 kB
20220314 061858.525 INFO             PET0 PIOc_freedecomp Exit - MemInfo: [/proc/self/status]	VmSwap:	       0 kB
20220314 061858.525 INFO             PET0 PIOc_freedecomp Exit - MemInfo: [/proc/self/status]	VmRSSPercent: 0.0443556 %
20220314 061858.525 INFO             PET0 PIOc_freedecomp Exit - MemInfo: [malloc] Non-mmapped space allocated:                20692992 Byte
20220314 061858.525 INFO             PET0 PIOc_freedecomp Exit - MemInfo: [malloc] Space allocated in mmapped regions:          1581056 Byte
20220314 061858.525 INFO             PET0 PIOc_freedecomp Exit - MemInfo: [malloc] Maximum total allocated space:                     0 Byte
20220314 061858.525 INFO             PET0 PIOc_freedecomp Exit - MemInfo: [malloc] Space in freed fastbin blocks:                   704 Byte
20220314 061858.525 INFO             PET0 PIOc_freedecomp Exit - MemInfo: [malloc] Total allocated space:                       3044288 Byte
20220314 061858.525 INFO             PET0 PIOc_freedecomp Exit - MemInfo: [malloc] Total free space:                           17648704 Byte
20220314 061858.525 INFO             PET0 PIOc_freedecomp Exit - MemInfo: [malloc] Top-most, releasable space:                   126384 Byte
20220314 061858.525 INFO             PET0 PIOc_freedecomp Exit - MemInfo: [malloc] Total space in use, mmap + non-mmap:         4625344 Byte
20220314 061858.525 INFO             PET0 PIOc_freedecomp Exit - MemInfo: [malloc] Total space held (mmap + non-mmap):         22274048 Byte
20220314 061858.525 INFO             PET0 PIOc_freedecomp Exit - MemInfo: [malloc] Total space used (mmap + non-mmap):          4634672 Byte
20220314 061858.525 INFO             PET0 PIOc_freedecomp Exit - MemInfo: Wall-clock time since execution start:              0.0248502 seconds
20220314 061858.525 INFO             PET0 PASS Create an ESMC_RouteHandle via ESMC_FieldRegridStore(), ESMC_FieldRegridUTest.C, line 367
20220314 061858.526 INFO             PET0 PASS Execute ESMC_FieldRegrid(), ESMC_FieldRegridUTest.C, line 375
20220314 061858.529 INFO             PET0 PIOc_sync Enter - MemInfo: [/proc/meminfo - SSI]	MemTotal:       65507008 kB
20220314 061858.529 INFO             PET0 PIOc_sync Enter - MemInfo: [/proc/meminfo - SSI]	MemFree:        49555284 kB
20220314 061858.529 INFO             PET0 PIOc_sync Enter - MemInfo: [/proc/meminfo - SSI]	MemAvailable:   49319800 kB
20220314 061858.529 INFO             PET0 PIOc_sync Enter - MemInfo: [/proc/meminfo - SSI]	Committed_AS:   13063636 kB
20220314 061858.529 INFO             PET0 PIOc_sync Enter - MemInfo: [/proc/meminfo - SSI]	CommittedPercent: 19.9423 %
20220314 061858.529 INFO             PET0 PIOc_sync Enter - MemInfo: [/proc/self/status]	VmPeak:	  506508 kB
20220314 061858.529 INFO             PET0 PIOc_sync Enter - MemInfo: [/proc/self/status]	VmSize:	  498320 kB
20220314 061858.529 INFO             PET0 PIOc_sync Enter - MemInfo: [/proc/self/status]	VmLck:	       0 kB
20220314 061858.529 INFO             PET0 PIOc_sync Enter - MemInfo: [/proc/self/status]	VmPin:	       0 kB
20220314 061858.529 INFO             PET0 PIOc_sync Enter - MemInfo: [/proc/self/status]	VmHWM:	   64504 kB
20220314 061858.529 INFO             PET0 PIOc_sync Enter - MemInfo: [/proc/self/status]	VmRSS:	   37304 kB
20220314 061858.529 INFO             PET0 PIOc_sync Enter - MemInfo: [/proc/self/status]	VmData:	   32256 kB
20220314 061858.529 INFO             PET0 PIOc_sync Enter - MemInfo: [/proc/self/status]	VmStk:	     148 kB
20220314 061858.529 INFO             PET0 PIOc_sync Enter - MemInfo: [/proc/self/status]	VmExe:	     204 kB
20220314 061858.529 INFO             PET0 PIOc_sync Enter - MemInfo: [/proc/self/status]	VmLib:	   48496 kB
20220314 061858.529 INFO             PET0 PIOc_sync Enter - MemInfo: [/proc/self/status]	VmPTE:	     732 kB
20220314 061858.530 INFO             PET0 PIOc_sync Enter - MemInfo: [/proc/self/status]	VmPMD:	      16 kB
20220314 061858.530 INFO             PET0 PIOc_sync Enter - MemInfo: [/proc/self/status]	VmSwap:	       0 kB
20220314 061858.530 INFO             PET0 PIOc_sync Enter - MemInfo: [/proc/self/status]	VmRSSPercent: 0.0569466 %
20220314 061858.530 INFO             PET0 PIOc_sync Enter - MemInfo: [malloc] Non-mmapped space allocated:                20692992 Byte
20220314 061858.530 INFO             PET0 PIOc_sync Enter - MemInfo: [malloc] Space allocated in mmapped regions:          1581056 Byte
20220314 061858.530 INFO             PET0 PIOc_sync Enter - MemInfo: [malloc] Maximum total allocated space:                     0 Byte
20220314 061858.530 INFO             PET0 PIOc_sync Enter - MemInfo: [malloc] Space in freed fastbin blocks:                   880 Byte
20220314 061858.530 INFO             PET0 PIOc_sync Enter - MemInfo: [malloc] Total allocated space:                      20368992 Byte
20220314 061858.530 INFO             PET0 PIOc_sync Enter - MemInfo: [malloc] Total free space:                             324000 Byte
20220314 061858.530 INFO             PET0 PIOc_sync Enter - MemInfo: [malloc] Top-most, releasable space:                   115536 Byte
20220314 061858.530 INFO             PET0 PIOc_sync Enter - MemInfo: [malloc] Total space in use, mmap + non-mmap:        21950048 Byte
20220314 061858.530 INFO             PET0 PIOc_sync Enter - MemInfo: [malloc] Total space held (mmap + non-mmap):         22274048 Byte
20220314 061858.530 INFO             PET0 PIOc_sync Enter - MemInfo: [malloc] Total space used (mmap + non-mmap):         21959376 Byte
20220314 061858.530 INFO             PET0 PIOc_sync Enter - MemInfo: Wall-clock time since execution start:              0.0290461 seconds
20220314 061858.530 INFO             PET0 PIOc_sync Exit - MemInfo: [/proc/meminfo - SSI]	MemTotal:       65507008 kB
20220314 061858.530 INFO             PET0 PIOc_sync Exit - MemInfo: [/proc/meminfo - SSI]	MemFree:        49555284 kB
20220314 061858.530 INFO             PET0 PIOc_sync Exit - MemInfo: [/proc/meminfo - SSI]	MemAvailable:   49319800 kB
20220314 061858.530 INFO             PET0 PIOc_sync Exit - MemInfo: [/proc/meminfo - SSI]	Committed_AS:   13063636 kB
20220314 061858.530 INFO             PET0 PIOc_sync Exit - MemInfo: [/proc/meminfo - SSI]	CommittedPercent: 19.9423 %
20220314 061858.530 INFO             PET0 PIOc_sync Exit - MemInfo: [/proc/self/status]	VmPeak:	  506508 kB
20220314 061858.530 INFO             PET0 PIOc_sync Exit - MemInfo: [/proc/self/status]	VmSize:	  498320 kB
20220314 061858.530 INFO             PET0 PIOc_sync Exit - MemInfo: [/proc/self/status]	VmLck:	       0 kB
20220314 061858.530 INFO             PET0 PIOc_sync Exit - MemInfo: [/proc/self/status]	VmPin:	       0 kB
20220314 061858.530 INFO             PET0 PIOc_sync Exit - MemInfo: [/proc/self/status]	VmHWM:	   64504 kB
20220314 061858.530 INFO             PET0 PIOc_sync Exit - MemInfo: [/proc/self/status]	VmRSS:	   37312 kB
20220314 061858.530 INFO             PET0 PIOc_sync Exit - MemInfo: [/proc/self/status]	VmData:	   32256 kB
20220314 061858.530 INFO             PET0 PIOc_sync Exit - MemInfo: [/proc/self/status]	VmStk:	     148 kB
20220314 061858.530 INFO             PET0 PIOc_sync Exit - MemInfo: [/proc/self/status]	VmExe:	     204 kB
20220314 061858.530 INFO             PET0 PIOc_sync Exit - MemInfo: [/proc/self/status]	VmLib:	   48496 kB
20220314 061858.530 INFO             PET0 PIOc_sync Exit - MemInfo: [/proc/self/status]	VmPTE:	     732 kB
20220314 061858.530 INFO             PET0 PIOc_sync Exit - MemInfo: [/proc/self/status]	VmPMD:	      16 kB
20220314 061858.530 INFO             PET0 PIOc_sync Exit - MemInfo: [/proc/self/status]	VmSwap:	       0 kB
20220314 061858.530 INFO             PET0 PIOc_sync Exit - MemInfo: [/proc/self/status]	VmRSSPercent: 0.0569588 %
20220314 061858.530 INFO             PET0 PIOc_sync Exit - MemInfo: [malloc] Non-mmapped space allocated:                20692992 Byte
20220314 061858.530 INFO             PET0 PIOc_sync Exit - MemInfo: [malloc] Space allocated in mmapped regions:          1581056 Byte
20220314 061858.530 INFO             PET0 PIOc_sync Exit - MemInfo: [malloc] Maximum total allocated space:                     0 Byte
20220314 061858.530 INFO             PET0 PIOc_sync Exit - MemInfo: [malloc] Space in freed fastbin blocks:                   704 Byte
20220314 061858.530 INFO             PET0 PIOc_sync Exit - MemInfo: [malloc] Total allocated space:                      20369600 Byte
20220314 061858.530 INFO             PET0 PIOc_sync Exit - MemInfo: [malloc] Total free space:                             323392 Byte
20220314 061858.530 INFO             PET0 PIOc_sync Exit - MemInfo: [malloc] Top-most, releasable space:                   114960 Byte
20220314 061858.530 INFO             PET0 PIOc_sync Exit - MemInfo: [malloc] Total space in use, mmap + non-mmap:        21950656 Byte
20220314 061858.530 INFO             PET0 PIOc_sync Exit - MemInfo: [malloc] Total space held (mmap + non-mmap):         22274048 Byte
20220314 061858.530 INFO             PET0 PIOc_sync Exit - MemInfo: [malloc] Total space used (mmap + non-mmap):         21959984 Byte
20220314 061858.530 INFO             PET0 PIOc_sync Exit - MemInfo: Wall-clock time since execution start:               0.029401 seconds
20220314 061858.530 INFO             PET0 PIOc_freedecomp Enter - MemInfo: [/proc/meminfo - SSI]	MemTotal:       65507008 kB
20220314 061858.530 INFO             PET0 PIOc_freedecomp Enter - MemInfo: [/proc/meminfo - SSI]	MemFree:        49555284 kB
20220314 061858.530 INFO             PET0 PIOc_freedecomp Enter - MemInfo: [/proc/meminfo - SSI]	MemAvailable:   49319800 kB
20220314 061858.530 INFO             PET0 PIOc_freedecomp Enter - MemInfo: [/proc/meminfo - SSI]	Committed_AS:   13063636 kB
20220314 061858.530 INFO             PET0 PIOc_freedecomp Enter - MemInfo: [/proc/meminfo - SSI]	CommittedPercent: 19.9423 %
20220314 061858.530 INFO             PET0 PIOc_freedecomp Enter - MemInfo: [/proc/self/status]	VmPeak:	  506508 kB
20220314 061858.530 INFO             PET0 PIOc_freedecomp Enter - MemInfo: [/proc/self/status]	VmSize:	  498320 kB
20220314 061858.530 INFO             PET0 PIOc_freedecomp Enter - MemInfo: [/proc/self/status]	VmLck:	       0 kB
20220314 061858.530 INFO             PET0 PIOc_freedecomp Enter - MemInfo: [/proc/self/status]	VmPin:	       0 kB
20220314 061858.530 INFO             PET0 PIOc_freedecomp Enter - MemInfo: [/proc/self/status]	VmHWM:	   64504 kB
20220314 061858.530 INFO             PET0 PIOc_freedecomp Enter - MemInfo: [/proc/self/status]	VmRSS:	   37312 kB
20220314 061858.530 INFO             PET0 PIOc_freedecomp Enter - MemInfo: [/proc/self/status]	VmData:	   32256 kB
20220314 061858.530 INFO             PET0 PIOc_freedecomp Enter - MemInfo: [/proc/self/status]	VmStk:	     148 kB
20220314 061858.530 INFO             PET0 PIOc_freedecomp Enter - MemInfo: [/proc/self/status]	VmExe:	     204 kB
20220314 061858.530 INFO             PET0 PIOc_freedecomp Enter - MemInfo: [/proc/self/status]	VmLib:	   48496 kB
20220314 061858.530 INFO             PET0 PIOc_freedecomp Enter - MemInfo: [/proc/self/status]	VmPTE:	     732 kB
20220314 061858.530 INFO             PET0 PIOc_freedecomp Enter - MemInfo: [/proc/self/status]	VmPMD:	      16 kB
20220314 061858.530 INFO             PET0 PIOc_freedecomp Enter - MemInfo: [/proc/self/status]	VmSwap:	       0 kB
20220314 061858.530 INFO             PET0 PIOc_freedecomp Enter - MemInfo: [/proc/self/status]	VmRSSPercent: 0.0569588 %
20220314 061858.530 INFO             PET0 PIOc_freedecomp Enter - MemInfo: [malloc] Non-mmapped space allocated:                20692992 Byte
20220314 061858.530 INFO             PET0 PIOc_freedecomp Enter - MemInfo: [malloc] Space allocated in mmapped regions:          1581056 Byte
20220314 061858.530 INFO             PET0 PIOc_freedecomp Enter - MemInfo: [malloc] Maximum total allocated space:                     0 Byte
20220314 061858.530 INFO             PET0 PIOc_freedecomp Enter - MemInfo: [malloc] Space in freed fastbin blocks:                   832 Byte
20220314 061858.530 INFO             PET0 PIOc_freedecomp Enter - MemInfo: [malloc] Total allocated space:                       3054752 Byte
20220314 061858.530 INFO             PET0 PIOc_freedecomp Enter - MemInfo: [malloc] Total free space:                           17638240 Byte
20220314 061858.530 INFO             PET0 PIOc_freedecomp Enter - MemInfo: [malloc] Top-most, releasable space:                   115040 Byte
20220314 061858.530 INFO             PET0 PIOc_freedecomp Enter - MemInfo: [malloc] Total space in use, mmap + non-mmap:         4635808 Byte
20220314 061858.530 INFO             PET0 PIOc_freedecomp Enter - MemInfo: [malloc] Total space held (mmap + non-mmap):         22274048 Byte
20220314 061858.530 INFO             PET0 PIOc_freedecomp Enter - MemInfo: [malloc] Total space used (mmap + non-mmap):          4645136 Byte
20220314 061858.530 INFO             PET0 PIOc_freedecomp Enter - MemInfo: Wall-clock time since execution start:              0.0297337 seconds
20220314 061858.530 INFO             PET0 PIOc_freedecomp Exit - MemInfo: [/proc/meminfo - SSI]	MemTotal:       65507008 kB
20220314 061858.530 INFO             PET0 PIOc_freedecomp Exit - MemInfo: [/proc/meminfo - SSI]	MemFree:        49555284 kB
20220314 061858.530 INFO             PET0 PIOc_freedecomp Exit - MemInfo: [/proc/meminfo - SSI]	MemAvailable:   49319800 kB
20220314 061858.530 INFO             PET0 PIOc_freedecomp Exit - MemInfo: [/proc/meminfo - SSI]	Committed_AS:   13063636 kB
20220314 061858.530 INFO             PET0 PIOc_freedecomp Exit - MemInfo: [/proc/meminfo - SSI]	CommittedPercent: 19.9423 %
20220314 061858.530 INFO             PET0 PIOc_freedecomp Exit - MemInfo: [/proc/self/status]	VmPeak:	  506508 kB
20220314 061858.530 INFO             PET0 PIOc_freedecomp Exit - MemInfo: [/proc/self/status]	VmSize:	  498320 kB
20220314 061858.530 INFO             PET0 PIOc_freedecomp Exit - MemInfo: [/proc/self/status]	VmLck:	       0 kB
20220314 061858.530 INFO             PET0 PIOc_freedecomp Exit - MemInfo: [/proc/self/status]	VmPin:	       0 kB
20220314 061858.530 INFO             PET0 PIOc_freedecomp Exit - MemInfo: [/proc/self/status]	VmHWM:	   64504 kB
20220314 061858.530 INFO             PET0 PIOc_freedecomp Exit - MemInfo: [/proc/self/status]	VmRSS:	   37312 kB
20220314 061858.530 INFO             PET0 PIOc_freedecomp Exit - MemInfo: [/proc/self/status]	VmData:	   32256 kB
20220314 061858.530 INFO             PET0 PIOc_freedecomp Exit - MemInfo: [/proc/self/status]	VmStk:	     148 kB
20220314 061858.530 INFO             PET0 PIOc_freedecomp Exit - MemInfo: [/proc/self/status]	VmExe:	     204 kB
20220314 061858.530 INFO             PET0 PIOc_freedecomp Exit - MemInfo: [/proc/self/status]	VmLib:	   48496 kB
20220314 061858.531 INFO             PET0 PIOc_freedecomp Exit - MemInfo: [/proc/self/status]	VmPTE:	     732 kB
20220314 061858.531 INFO             PET0 PIOc_freedecomp Exit - MemInfo: [/proc/self/status]	VmPMD:	      16 kB
20220314 061858.531 INFO             PET0 PIOc_freedecomp Exit - MemInfo: [/proc/self/status]	VmSwap:	       0 kB
20220314 061858.531 INFO             PET0 PIOc_freedecomp Exit - MemInfo: [/proc/self/status]	VmRSSPercent: 0.0569588 %
20220314 061858.531 INFO             PET0 PIOc_freedecomp Exit - MemInfo: [malloc] Non-mmapped space allocated:                20692992 Byte
20220314 061858.531 INFO             PET0 PIOc_freedecomp Exit - MemInfo: [malloc] Space allocated in mmapped regions:          1581056 Byte
20220314 061858.531 INFO             PET0 PIOc_freedecomp Exit - MemInfo: [malloc] Maximum total allocated space:                     0 Byte
20220314 061858.531 INFO             PET0 PIOc_freedecomp Exit - MemInfo: [malloc] Space in freed fastbin blocks:                  2032 Byte
20220314 061858.531 INFO             PET0 PIOc_freedecomp Exit - MemInfo: [malloc] Total allocated space:                       3052096 Byte
20220314 061858.531 INFO             PET0 PIOc_freedecomp Exit - MemInfo: [malloc] Total free space:                           17640896 Byte
20220314 061858.531 INFO             PET0 PIOc_freedecomp Exit - MemInfo: [malloc] Top-most, releasable space:                   115040 Byte
20220314 061858.531 INFO             PET0 PIOc_freedecomp Exit - MemInfo: [malloc] Total space in use, mmap + non-mmap:         4633152 Byte
20220314 061858.531 INFO             PET0 PIOc_freedecomp Exit - MemInfo: [malloc] Total space held (mmap + non-mmap):         22274048 Byte
20220314 061858.531 INFO             PET0 PIOc_freedecomp Exit - MemInfo: [malloc] Total space used (mmap + non-mmap):          4642480 Byte
20220314 061858.531 INFO             PET0 PIOc_freedecomp Exit - MemInfo: Wall-clock time since execution start:              0.0300528 seconds
20220314 061858.531 INFO             PET0 PIOc_sync Enter - MemInfo: [/proc/meminfo - SSI]	MemTotal:       65507008 kB
20220314 061858.531 INFO             PET0 PIOc_sync Enter - MemInfo: [/proc/meminfo - SSI]	MemFree:        49555284 kB
20220314 061858.531 INFO             PET0 PIOc_sync Enter - MemInfo: [/proc/meminfo - SSI]	MemAvailable:   49319800 kB
20220314 061858.531 INFO             PET0 PIOc_sync Enter - MemInfo: [/proc/meminfo - SSI]	Committed_AS:   13063636 kB
20220314 061858.531 INFO             PET0 PIOc_sync Enter - MemInfo: [/proc/meminfo - SSI]	CommittedPercent: 19.9423 %
20220314 061858.531 INFO             PET0 PIOc_sync Enter - MemInfo: [/proc/self/status]	VmPeak:	  506508 kB
20220314 061858.531 INFO             PET0 PIOc_sync Enter - MemInfo: [/proc/self/status]	VmSize:	  498320 kB
20220314 061858.531 INFO             PET0 PIOc_sync Enter - MemInfo: [/proc/self/status]	VmLck:	       0 kB
20220314 061858.531 INFO             PET0 PIOc_sync Enter - MemInfo: [/proc/self/status]	VmPin:	       0 kB
20220314 061858.531 INFO             PET0 PIOc_sync Enter - MemInfo: [/proc/self/status]	VmHWM:	   64504 kB
20220314 061858.531 INFO             PET0 PIOc_sync Enter - MemInfo: [/proc/self/status]	VmRSS:	   37312 kB
20220314 061858.531 INFO             PET0 PIOc_sync Enter - MemInfo: [/proc/self/status]	VmData:	   32256 kB
20220314 061858.531 INFO             PET0 PIOc_sync Enter - MemInfo: [/proc/self/status]	VmStk:	     148 kB
20220314 061858.531 INFO             PET0 PIOc_sync Enter - MemInfo: [/proc/self/status]	VmExe:	     204 kB
20220314 061858.531 INFO             PET0 PIOc_sync Enter - MemInfo: [/proc/self/status]	VmLib:	   48496 kB
20220314 061858.532 INFO             PET0 PIOc_sync Enter - MemInfo: [/proc/self/status]	VmPTE:	     732 kB
20220314 061858.532 INFO             PET0 PIOc_sync Enter - MemInfo: [/proc/self/status]	VmPMD:	      16 kB
20220314 061858.532 INFO             PET0 PIOc_sync Enter - MemInfo: [/proc/self/status]	VmSwap:	       0 kB
20220314 061858.532 INFO             PET0 PIOc_sync Enter - MemInfo: [/proc/self/status]	VmRSSPercent: 0.0569588 %
20220314 061858.532 INFO             PET0 PIOc_sync Enter - MemInfo: [malloc] Non-mmapped space allocated:                20692992 Byte
20220314 061858.532 INFO             PET0 PIOc_sync Enter - MemInfo: [malloc] Space allocated in mmapped regions:          1581056 Byte
20220314 061858.532 INFO             PET0 PIOc_sync Enter - MemInfo: [malloc] Maximum total allocated space:                     0 Byte
20220314 061858.532 INFO             PET0 PIOc_sync Enter - MemInfo: [malloc] Space in freed fastbin blocks:                  1488 Byte
20220314 061858.532 INFO             PET0 PIOc_sync Enter - MemInfo: [malloc] Total allocated space:                      20369776 Byte
20220314 061858.532 INFO             PET0 PIOc_sync Enter - MemInfo: [malloc] Total free space:                             323216 Byte
20220314 061858.532 INFO             PET0 PIOc_sync Enter - MemInfo: [malloc] Top-most, releasable space:                   114096 Byte
20220314 061858.532 INFO             PET0 PIOc_sync Enter - MemInfo: [malloc] Total space in use, mmap + non-mmap:        21950832 Byte
20220314 061858.532 INFO             PET0 PIOc_sync Enter - MemInfo: [malloc] Total space held (mmap + non-mmap):         22274048 Byte
20220314 061858.532 INFO             PET0 PIOc_sync Enter - MemInfo: [malloc] Total space used (mmap + non-mmap):         21960160 Byte
20220314 061858.532 INFO             PET0 PIOc_sync Enter - MemInfo: Wall-clock time since execution start:              0.0310543 seconds
20220314 061858.532 INFO             PET0 PIOc_sync Exit - MemInfo: [/proc/meminfo - SSI]	MemTotal:       65507008 kB
20220314 061858.532 INFO             PET0 PIOc_sync Exit - MemInfo: [/proc/meminfo - SSI]	MemFree:        49555284 kB
20220314 061858.532 INFO             PET0 PIOc_sync Exit - MemInfo: [/proc/meminfo - SSI]	MemAvailable:   49319800 kB
20220314 061858.532 INFO             PET0 PIOc_sync Exit - MemInfo: [/proc/meminfo - SSI]	Committed_AS:   13063636 kB
20220314 061858.532 INFO             PET0 PIOc_sync Exit - MemInfo: [/proc/meminfo - SSI]	CommittedPercent: 19.9423 %
20220314 061858.532 INFO             PET0 PIOc_sync Exit - MemInfo: [/proc/self/status]	VmPeak:	  506508 kB
20220314 061858.532 INFO             PET0 PIOc_sync Exit - MemInfo: [/proc/self/status]	VmSize:	  498320 kB
20220314 061858.532 INFO             PET0 PIOc_sync Exit - MemInfo: [/proc/self/status]	VmLck:	       0 kB
20220314 061858.532 INFO             PET0 PIOc_sync Exit - MemInfo: [/proc/self/status]	VmPin:	       0 kB
20220314 061858.532 INFO             PET0 PIOc_sync Exit - MemInfo: [/proc/self/status]	VmHWM:	   64504 kB
20220314 061858.532 INFO             PET0 PIOc_sync Exit - MemInfo: [/proc/self/status]	VmRSS:	   37312 kB
20220314 061858.532 INFO             PET0 PIOc_sync Exit - MemInfo: [/proc/self/status]	VmData:	   32256 kB
20220314 061858.532 INFO             PET0 PIOc_sync Exit - MemInfo: [/proc/self/status]	VmStk:	     148 kB
20220314 061858.532 INFO             PET0 PIOc_sync Exit - MemInfo: [/proc/self/status]	VmExe:	     204 kB
20220314 061858.532 INFO             PET0 PIOc_sync Exit - MemInfo: [/proc/self/status]	VmLib:	   48496 kB
20220314 061858.532 INFO             PET0 PIOc_sync Exit - MemInfo: [/proc/self/status]	VmPTE:	     732 kB
20220314 061858.532 INFO             PET0 PIOc_sync Exit - MemInfo: [/proc/self/status]	VmPMD:	      16 kB
20220314 061858.532 INFO             PET0 PIOc_sync Exit - MemInfo: [/proc/self/status]	VmSwap:	       0 kB
20220314 061858.532 INFO             PET0 PIOc_sync Exit - MemInfo: [/proc/self/status]	VmRSSPercent: 0.0569588 %
20220314 061858.532 INFO             PET0 PIOc_sync Exit - MemInfo: [malloc] Non-mmapped space allocated:                20692992 Byte
20220314 061858.532 INFO             PET0 PIOc_sync Exit - MemInfo: [malloc] Space allocated in mmapped regions:          1581056 Byte
20220314 061858.532 INFO             PET0 PIOc_sync Exit - MemInfo: [malloc] Maximum total allocated space:                     0 Byte
20220314 061858.532 INFO             PET0 PIOc_sync Exit - MemInfo: [malloc] Space in freed fastbin blocks:                   320 Byte
20220314 061858.532 INFO             PET0 PIOc_sync Exit - MemInfo: [malloc] Total allocated space:                      20370384 Byte
20220314 061858.532 INFO             PET0 PIOc_sync Exit - MemInfo: [malloc] Total free space:                             322608 Byte
20220314 061858.532 INFO             PET0 PIOc_sync Exit - MemInfo: [malloc] Top-most, releasable space:                   113984 Byte
20220314 061858.532 INFO             PET0 PIOc_sync Exit - MemInfo: [malloc] Total space in use, mmap + non-mmap:        21951440 Byte
20220314 061858.532 INFO             PET0 PIOc_sync Exit - MemInfo: [malloc] Total space held (mmap + non-mmap):         22274048 Byte
20220314 061858.532 INFO             PET0 PIOc_sync Exit - MemInfo: [malloc] Total space used (mmap + non-mmap):         21960768 Byte
20220314 061858.532 INFO             PET0 PIOc_sync Exit - MemInfo: Wall-clock time since execution start:              0.0314037 seconds
20220314 061858.532 INFO             PET0 PIOc_freedecomp Enter - MemInfo: [/proc/meminfo - SSI]	MemTotal:       65507008 kB
20220314 061858.532 INFO             PET0 PIOc_freedecomp Enter - MemInfo: [/proc/meminfo - SSI]	MemFree:        49555284 kB
20220314 061858.532 INFO             PET0 PIOc_freedecomp Enter - MemInfo: [/proc/meminfo - SSI]	MemAvailable:   49319800 kB
20220314 061858.532 INFO             PET0 PIOc_freedecomp Enter - MemInfo: [/proc/meminfo - SSI]	Committed_AS:   13063636 kB
20220314 061858.532 INFO             PET0 PIOc_freedecomp Enter - MemInfo: [/proc/meminfo - SSI]	CommittedPercent: 19.9423 %
20220314 061858.532 INFO             PET0 PIOc_freedecomp Enter - MemInfo: [/proc/self/status]	VmPeak:	  506508 kB
20220314 061858.532 INFO             PET0 PIOc_freedecomp Enter - MemInfo: [/proc/self/status]	VmSize:	  498320 kB
20220314 061858.532 INFO             PET0 PIOc_freedecomp Enter - MemInfo: [/proc/self/status]	VmLck:	       0 kB
20220314 061858.532 INFO             PET0 PIOc_freedecomp Enter - MemInfo: [/proc/self/status]	VmPin:	       0 kB
20220314 061858.532 INFO             PET0 PIOc_freedecomp Enter - MemInfo: [/proc/self/status]	VmHWM:	   64504 kB
20220314 061858.532 INFO             PET0 PIOc_freedecomp Enter - MemInfo: [/proc/self/status]	VmRSS:	   37312 kB
20220314 061858.532 INFO             PET0 PIOc_freedecomp Enter - MemInfo: [/proc/self/status]	VmData:	   32256 kB
20220314 061858.532 INFO             PET0 PIOc_freedecomp Enter - MemInfo: [/proc/self/status]	VmStk:	     148 kB
20220314 061858.532 INFO             PET0 PIOc_freedecomp Enter - MemInfo: [/proc/self/status]	VmExe:	     204 kB
20220314 061858.532 INFO             PET0 PIOc_freedecomp Enter - MemInfo: [/proc/self/status]	VmLib:	   48496 kB
20220314 061858.532 INFO             PET0 PIOc_freedecomp Enter - MemInfo: [/proc/self/status]	VmPTE:	     732 kB
20220314 061858.532 INFO             PET0 PIOc_freedecomp Enter - MemInfo: [/proc/self/status]	VmPMD:	      16 kB
20220314 061858.532 INFO             PET0 PIOc_freedecomp Enter - MemInfo: [/proc/self/status]	VmSwap:	       0 kB
20220314 061858.532 INFO             PET0 PIOc_freedecomp Enter - MemInfo: [/proc/self/status]	VmRSSPercent: 0.0569588 %
20220314 061858.532 INFO             PET0 PIOc_freedecomp Enter - MemInfo: [malloc] Non-mmapped space allocated:                20692992 Byte
20220314 061858.532 INFO             PET0 PIOc_freedecomp Enter - MemInfo: [malloc] Space allocated in mmapped regions:          1581056 Byte
20220314 061858.532 INFO             PET0 PIOc_freedecomp Enter - MemInfo: [malloc] Maximum total allocated space:                     0 Byte
20220314 061858.532 INFO             PET0 PIOc_freedecomp Enter - MemInfo: [malloc] Space in freed fastbin blocks:                  1024 Byte
20220314 061858.532 INFO             PET0 PIOc_freedecomp Enter - MemInfo: [malloc] Total allocated space:                       3054768 Byte
20220314 061858.532 INFO             PET0 PIOc_freedecomp Enter - MemInfo: [malloc] Total free space:                           17638224 Byte
20220314 061858.532 INFO             PET0 PIOc_freedecomp Enter - MemInfo: [malloc] Top-most, releasable space:                   113984 Byte
20220314 061858.532 INFO             PET0 PIOc_freedecomp Enter - MemInfo: [malloc] Total space in use, mmap + non-mmap:         4635824 Byte
20220314 061858.532 INFO             PET0 PIOc_freedecomp Enter - MemInfo: [malloc] Total space held (mmap + non-mmap):         22274048 Byte
20220314 061858.532 INFO             PET0 PIOc_freedecomp Enter - MemInfo: [malloc] Total space used (mmap + non-mmap):          4645152 Byte
20220314 061858.532 INFO             PET0 PIOc_freedecomp Enter - MemInfo: Wall-clock time since execution start:              0.0317442 seconds
20220314 061858.532 INFO             PET0 PIOc_freedecomp Exit - MemInfo: [/proc/meminfo - SSI]	MemTotal:       65507008 kB
20220314 061858.532 INFO             PET0 PIOc_freedecomp Exit - MemInfo: [/proc/meminfo - SSI]	MemFree:        49555284 kB
20220314 061858.532 INFO             PET0 PIOc_freedecomp Exit - MemInfo: [/proc/meminfo - SSI]	MemAvailable:   49319800 kB
20220314 061858.532 INFO             PET0 PIOc_freedecomp Exit - MemInfo: [/proc/meminfo - SSI]	Committed_AS:   13063636 kB
20220314 061858.532 INFO             PET0 PIOc_freedecomp Exit - MemInfo: [/proc/meminfo - SSI]	CommittedPercent: 19.9423 %
20220314 061858.532 INFO             PET0 PIOc_freedecomp Exit - MemInfo: [/proc/self/status]	VmPeak:	  506508 kB
20220314 061858.532 INFO             PET0 PIOc_freedecomp Exit - MemInfo: [/proc/self/status]	VmSize:	  498320 kB
20220314 061858.532 INFO             PET0 PIOc_freedecomp Exit - MemInfo: [/proc/self/status]	VmLck:	       0 kB
20220314 061858.532 INFO             PET0 PIOc_freedecomp Exit - MemInfo: [/proc/self/status]	VmPin:	       0 kB
20220314 061858.532 INFO             PET0 PIOc_freedecomp Exit - MemInfo: [/proc/self/status]	VmHWM:	   64504 kB
20220314 061858.532 INFO             PET0 PIOc_freedecomp Exit - MemInfo: [/proc/self/status]	VmRSS:	   37312 kB
20220314 061858.532 INFO             PET0 PIOc_freedecomp Exit - MemInfo: [/proc/self/status]	VmData:	   32256 kB
20220314 061858.532 INFO             PET0 PIOc_freedecomp Exit - MemInfo: [/proc/self/status]	VmStk:	     148 kB
20220314 061858.532 INFO             PET0 PIOc_freedecomp Exit - MemInfo: [/proc/self/status]	VmExe:	     204 kB
20220314 061858.533 INFO             PET0 PIOc_freedecomp Exit - MemInfo: [/proc/self/status]	VmLib:	   48496 kB
20220314 061858.533 INFO             PET0 PIOc_freedecomp Exit - MemInfo: [/proc/self/status]	VmPTE:	     732 kB
20220314 061858.533 INFO             PET0 PIOc_freedecomp Exit - MemInfo: [/proc/self/status]	VmPMD:	      16 kB
20220314 061858.533 INFO             PET0 PIOc_freedecomp Exit - MemInfo: [/proc/self/status]	VmSwap:	       0 kB
20220314 061858.533 INFO             PET0 PIOc_freedecomp Exit - MemInfo: [/proc/self/status]	VmRSSPercent: 0.0569588 %
20220314 061858.533 INFO             PET0 PIOc_freedecomp Exit - MemInfo: [malloc] Non-mmapped space allocated:                20692992 Byte
20220314 061858.533 INFO             PET0 PIOc_freedecomp Exit - MemInfo: [malloc] Space allocated in mmapped regions:          1581056 Byte
20220314 061858.533 INFO             PET0 PIOc_freedecomp Exit - MemInfo: [malloc] Maximum total allocated space:                     0 Byte
20220314 061858.533 INFO             PET0 PIOc_freedecomp Exit - MemInfo: [malloc] Space in freed fastbin blocks:                  2288 Byte
20220314 061858.533 INFO             PET0 PIOc_freedecomp Exit - MemInfo: [malloc] Total allocated space:                       3052112 Byte
20220314 061858.533 INFO             PET0 PIOc_freedecomp Exit - MemInfo: [malloc] Total free space:                           17640880 Byte
20220314 061858.533 INFO             PET0 PIOc_freedecomp Exit - MemInfo: [malloc] Top-most, releasable space:                   113984 Byte
20220314 061858.533 INFO             PET0 PIOc_freedecomp Exit - MemInfo: [malloc] Total space in use, mmap + non-mmap:         4633168 Byte
20220314 061858.533 INFO             PET0 PIOc_freedecomp Exit - MemInfo: [malloc] Total space held (mmap + non-mmap):         22274048 Byte
20220314 061858.533 INFO             PET0 PIOc_freedecomp Exit - MemInfo: [malloc] Total space used (mmap + non-mmap):          4642496 Byte
20220314 061858.533 INFO             PET0 PIOc_freedecomp Exit - MemInfo: Wall-clock time since execution start:              0.0320568 seconds
20220314 061858.533 INFO             PET0 PIOc_sync Enter - MemInfo: [/proc/meminfo - SSI]	MemTotal:       65507008 kB
20220314 061858.533 INFO             PET0 PIOc_sync Enter - MemInfo: [/proc/meminfo - SSI]	MemFree:        49555284 kB
20220314 061858.533 INFO             PET0 PIOc_sync Enter - MemInfo: [/proc/meminfo - SSI]	MemAvailable:   49319800 kB
20220314 061858.533 INFO             PET0 PIOc_sync Enter - MemInfo: [/proc/meminfo - SSI]	Committed_AS:   13063636 kB
20220314 061858.533 INFO             PET0 PIOc_sync Enter - MemInfo: [/proc/meminfo - SSI]	CommittedPercent: 19.9423 %
20220314 061858.533 INFO             PET0 PIOc_sync Enter - MemInfo: [/proc/self/status]	VmPeak:	  506508 kB
20220314 061858.533 INFO             PET0 PIOc_sync Enter - MemInfo: [/proc/self/status]	VmSize:	  498320 kB
20220314 061858.533 INFO             PET0 PIOc_sync Enter - MemInfo: [/proc/self/status]	VmLck:	       0 kB
20220314 061858.533 INFO             PET0 PIOc_sync Enter - MemInfo: [/proc/self/status]	VmPin:	       0 kB
20220314 061858.533 INFO             PET0 PIOc_sync Enter - MemInfo: [/proc/self/status]	VmHWM:	   64504 kB
20220314 061858.533 INFO             PET0 PIOc_sync Enter - MemInfo: [/proc/self/status]	VmRSS:	   37312 kB
20220314 061858.533 INFO             PET0 PIOc_sync Enter - MemInfo: [/proc/self/status]	VmData:	   32256 kB
20220314 061858.533 INFO             PET0 PIOc_sync Enter - MemInfo: [/proc/self/status]	VmStk:	     148 kB
20220314 061858.533 INFO             PET0 PIOc_sync Enter - MemInfo: [/proc/self/status]	VmExe:	     204 kB
20220314 061858.534 INFO             PET0 PIOc_sync Enter - MemInfo: [/proc/self/status]	VmLib:	   48496 kB
20220314 061858.534 INFO             PET0 PIOc_sync Enter - MemInfo: [/proc/self/status]	VmPTE:	     732 kB
20220314 061858.534 INFO             PET0 PIOc_sync Enter - MemInfo: [/proc/self/status]	VmPMD:	      16 kB
20220314 061858.534 INFO             PET0 PIOc_sync Enter - MemInfo: [/proc/self/status]	VmSwap:	       0 kB
20220314 061858.534 INFO             PET0 PIOc_sync Enter - MemInfo: [/proc/self/status]	VmRSSPercent: 0.0569588 %
20220314 061858.534 INFO             PET0 PIOc_sync Enter - MemInfo: [malloc] Non-mmapped space allocated:                20692992 Byte
20220314 061858.534 INFO             PET0 PIOc_sync Enter - MemInfo: [malloc] Space allocated in mmapped regions:          1581056 Byte
20220314 061858.534 INFO             PET0 PIOc_sync Enter - MemInfo: [malloc] Maximum total allocated space:                     0 Byte
20220314 061858.534 INFO             PET0 PIOc_sync Enter - MemInfo: [malloc] Space in freed fastbin blocks:                  1888 Byte
20220314 061858.534 INFO             PET0 PIOc_sync Enter - MemInfo: [malloc] Total allocated space:                      20370528 Byte
20220314 061858.534 INFO             PET0 PIOc_sync Enter - MemInfo: [malloc] Total free space:                             322464 Byte
20220314 061858.534 INFO             PET0 PIOc_sync Enter - MemInfo: [malloc] Top-most, releasable space:                   112944 Byte
20220314 061858.534 INFO             PET0 PIOc_sync Enter - MemInfo: [malloc] Total space in use, mmap + non-mmap:        21951584 Byte
20220314 061858.534 INFO             PET0 PIOc_sync Enter - MemInfo: [malloc] Total space held (mmap + non-mmap):         22274048 Byte
20220314 061858.534 INFO             PET0 PIOc_sync Enter - MemInfo: [malloc] Total space used (mmap + non-mmap):         21960912 Byte
20220314 061858.534 INFO             PET0 PIOc_sync Enter - MemInfo: Wall-clock time since execution start:              0.0330614 seconds
20220314 061858.534 INFO             PET0 PIOc_sync Exit - MemInfo: [/proc/meminfo - SSI]	MemTotal:       65507008 kB
20220314 061858.534 INFO             PET0 PIOc_sync Exit - MemInfo: [/proc/meminfo - SSI]	MemFree:        49555284 kB
20220314 061858.534 INFO             PET0 PIOc_sync Exit - MemInfo: [/proc/meminfo - SSI]	MemAvailable:   49319800 kB
20220314 061858.534 INFO             PET0 PIOc_sync Exit - MemInfo: [/proc/meminfo - SSI]	Committed_AS:   13063636 kB
20220314 061858.534 INFO             PET0 PIOc_sync Exit - MemInfo: [/proc/meminfo - SSI]	CommittedPercent: 19.9423 %
20220314 061858.534 INFO             PET0 PIOc_sync Exit - MemInfo: [/proc/self/status]	VmPeak:	  506508 kB
20220314 061858.534 INFO             PET0 PIOc_sync Exit - MemInfo: [/proc/self/status]	VmSize:	  498320 kB
20220314 061858.534 INFO             PET0 PIOc_sync Exit - MemInfo: [/proc/self/status]	VmLck:	       0 kB
20220314 061858.534 INFO             PET0 PIOc_sync Exit - MemInfo: [/proc/self/status]	VmPin:	       0 kB
20220314 061858.534 INFO             PET0 PIOc_sync Exit - MemInfo: [/proc/self/status]	VmHWM:	   64504 kB
20220314 061858.534 INFO             PET0 PIOc_sync Exit - MemInfo: [/proc/self/status]	VmRSS:	   37312 kB
20220314 061858.534 INFO             PET0 PIOc_sync Exit - MemInfo: [/proc/self/status]	VmData:	   32256 kB
20220314 061858.534 INFO             PET0 PIOc_sync Exit - MemInfo: [/proc/self/status]	VmStk:	     148 kB
20220314 061858.534 INFO             PET0 PIOc_sync Exit - MemInfo: [/proc/self/status]	VmExe:	     204 kB
20220314 061858.534 INFO             PET0 PIOc_sync Exit - MemInfo: [/proc/self/status]	VmLib:	   48496 kB
20220314 061858.534 INFO             PET0 PIOc_sync Exit - MemInfo: [/proc/self/status]	VmPTE:	     732 kB
20220314 061858.534 INFO             PET0 PIOc_sync Exit - MemInfo: [/proc/self/status]	VmPMD:	      16 kB
20220314 061858.534 INFO             PET0 PIOc_sync Exit - MemInfo: [/proc/self/status]	VmSwap:	       0 kB
20220314 061858.534 INFO             PET0 PIOc_sync Exit - MemInfo: [/proc/self/status]	VmRSSPercent: 0.0569588 %
20220314 061858.534 INFO             PET0 PIOc_sync Exit - MemInfo: [malloc] Non-mmapped space allocated:                20692992 Byte
20220314 061858.534 INFO             PET0 PIOc_sync Exit - MemInfo: [malloc] Space allocated in mmapped regions:          1581056 Byte
20220314 061858.534 INFO             PET0 PIOc_sync Exit - MemInfo: [malloc] Maximum total allocated space:                     0 Byte
20220314 061858.534 INFO             PET0 PIOc_sync Exit - MemInfo: [malloc] Space in freed fastbin blocks:                   320 Byte
20220314 061858.534 INFO             PET0 PIOc_sync Exit - MemInfo: [malloc] Total allocated space:                      20371168 Byte
20220314 061858.534 INFO             PET0 PIOc_sync Exit - MemInfo: [malloc] Total free space:                             321824 Byte
20220314 061858.534 INFO             PET0 PIOc_sync Exit - MemInfo: [malloc] Top-most, releasable space:                   113328 Byte
20220314 061858.534 INFO             PET0 PIOc_sync Exit - MemInfo: [malloc] Total space in use, mmap + non-mmap:        21952224 Byte
20220314 061858.534 INFO             PET0 PIOc_sync Exit - MemInfo: [malloc] Total space held (mmap + non-mmap):         22274048 Byte
20220314 061858.534 INFO             PET0 PIOc_sync Exit - MemInfo: [malloc] Total space used (mmap + non-mmap):         21961552 Byte
20220314 061858.534 INFO             PET0 PIOc_sync Exit - MemInfo: Wall-clock time since execution start:              0.0334124 seconds
20220314 061858.534 INFO             PET0 PIOc_freedecomp Enter - MemInfo: [/proc/meminfo - SSI]	MemTotal:       65507008 kB
20220314 061858.534 INFO             PET0 PIOc_freedecomp Enter - MemInfo: [/proc/meminfo - SSI]	MemFree:        49555284 kB
20220314 061858.534 INFO             PET0 PIOc_freedecomp Enter - MemInfo: [/proc/meminfo - SSI]	MemAvailable:   49319800 kB
20220314 061858.534 INFO             PET0 PIOc_freedecomp Enter - MemInfo: [/proc/meminfo - SSI]	Committed_AS:   13063636 kB
20220314 061858.534 INFO             PET0 PIOc_freedecomp Enter - MemInfo: [/proc/meminfo - SSI]	CommittedPercent: 19.9423 %
20220314 061858.534 INFO             PET0 PIOc_freedecomp Enter - MemInfo: [/proc/self/status]	VmPeak:	  506508 kB
20220314 061858.534 INFO             PET0 PIOc_freedecomp Enter - MemInfo: [/proc/self/status]	VmSize:	  498320 kB
20220314 061858.534 INFO             PET0 PIOc_freedecomp Enter - MemInfo: [/proc/self/status]	VmLck:	       0 kB
20220314 061858.534 INFO             PET0 PIOc_freedecomp Enter - MemInfo: [/proc/self/status]	VmPin:	       0 kB
20220314 061858.534 INFO             PET0 PIOc_freedecomp Enter - MemInfo: [/proc/self/status]	VmHWM:	   64504 kB
20220314 061858.534 INFO             PET0 PIOc_freedecomp Enter - MemInfo: [/proc/self/status]	VmRSS:	   37312 kB
20220314 061858.534 INFO             PET0 PIOc_freedecomp Enter - MemInfo: [/proc/self/status]	VmData:	   32256 kB
20220314 061858.534 INFO             PET0 PIOc_freedecomp Enter - MemInfo: [/proc/self/status]	VmStk:	     148 kB
20220314 061858.534 INFO             PET0 PIOc_freedecomp Enter - MemInfo: [/proc/self/status]	VmExe:	     204 kB
20220314 061858.534 INFO             PET0 PIOc_freedecomp Enter - MemInfo: [/proc/self/status]	VmLib:	   48496 kB
20220314 061858.534 INFO             PET0 PIOc_freedecomp Enter - MemInfo: [/proc/self/status]	VmPTE:	     732 kB
20220314 061858.534 INFO             PET0 PIOc_freedecomp Enter - MemInfo: [/proc/self/status]	VmPMD:	      16 kB
20220314 061858.534 INFO             PET0 PIOc_freedecomp Enter - MemInfo: [/proc/self/status]	VmSwap:	       0 kB
20220314 061858.534 INFO             PET0 PIOc_freedecomp Enter - MemInfo: [/proc/self/status]	VmRSSPercent: 0.0569588 %
20220314 061858.534 INFO             PET0 PIOc_freedecomp Enter - MemInfo: [malloc] Non-mmapped space allocated:                20692992 Byte
20220314 061858.534 INFO             PET0 PIOc_freedecomp Enter - MemInfo: [malloc] Space allocated in mmapped regions:          1581056 Byte
20220314 061858.534 INFO             PET0 PIOc_freedecomp Enter - MemInfo: [malloc] Maximum total allocated space:                     0 Byte
20220314 061858.534 INFO             PET0 PIOc_freedecomp Enter - MemInfo: [malloc] Space in freed fastbin blocks:                   912 Byte
20220314 061858.534 INFO             PET0 PIOc_freedecomp Enter - MemInfo: [malloc] Total allocated space:                       3054800 Byte
20220314 061858.534 INFO             PET0 PIOc_freedecomp Enter - MemInfo: [malloc] Total free space:                           17638192 Byte
20220314 061858.534 INFO             PET0 PIOc_freedecomp Enter - MemInfo: [malloc] Top-most, releasable space:                   113328 Byte
20220314 061858.534 INFO             PET0 PIOc_freedecomp Enter - MemInfo: [malloc] Total space in use, mmap + non-mmap:         4635856 Byte
20220314 061858.534 INFO             PET0 PIOc_freedecomp Enter - MemInfo: [malloc] Total space held (mmap + non-mmap):         22274048 Byte
20220314 061858.534 INFO             PET0 PIOc_freedecomp Enter - MemInfo: [malloc] Total space used (mmap + non-mmap):          4645184 Byte
20220314 061858.534 INFO             PET0 PIOc_freedecomp Enter - MemInfo: Wall-clock time since execution start:               0.033748 seconds
20220314 061858.534 INFO             PET0 PIOc_freedecomp Exit - MemInfo: [/proc/meminfo - SSI]	MemTotal:       65507008 kB
20220314 061858.534 INFO             PET0 PIOc_freedecomp Exit - MemInfo: [/proc/meminfo - SSI]	MemFree:        49555284 kB
20220314 061858.534 INFO             PET0 PIOc_freedecomp Exit - MemInfo: [/proc/meminfo - SSI]	MemAvailable:   49319800 kB
20220314 061858.534 INFO             PET0 PIOc_freedecomp Exit - MemInfo: [/proc/meminfo - SSI]	Committed_AS:   13063636 kB
20220314 061858.534 INFO             PET0 PIOc_freedecomp Exit - MemInfo: [/proc/meminfo - SSI]	CommittedPercent: 19.9423 %
20220314 061858.534 INFO             PET0 PIOc_freedecomp Exit - MemInfo: [/proc/self/status]	VmPeak:	  506508 kB
20220314 061858.534 INFO             PET0 PIOc_freedecomp Exit - MemInfo: [/proc/self/status]	VmSize:	  498320 kB
20220314 061858.534 INFO             PET0 PIOc_freedecomp Exit - MemInfo: [/proc/self/status]	VmLck:	       0 kB
20220314 061858.534 INFO             PET0 PIOc_freedecomp Exit - MemInfo: [/proc/self/status]	VmPin:	       0 kB
20220314 061858.534 INFO             PET0 PIOc_freedecomp Exit - MemInfo: [/proc/self/status]	VmHWM:	   64504 kB
20220314 061858.534 INFO             PET0 PIOc_freedecomp Exit - MemInfo: [/proc/self/status]	VmRSS:	   37312 kB
20220314 061858.534 INFO             PET0 PIOc_freedecomp Exit - MemInfo: [/proc/self/status]	VmData:	   32256 kB
20220314 061858.535 INFO             PET0 PIOc_freedecomp Exit - MemInfo: [/proc/self/status]	VmStk:	     148 kB
20220314 061858.535 INFO             PET0 PIOc_freedecomp Exit - MemInfo: [/proc/self/status]	VmExe:	     204 kB
20220314 061858.535 INFO             PET0 PIOc_freedecomp Exit - MemInfo: [/proc/self/status]	VmLib:	   48496 kB
20220314 061858.535 INFO             PET0 PIOc_freedecomp Exit - MemInfo: [/proc/self/status]	VmPTE:	     732 kB
20220314 061858.535 INFO             PET0 PIOc_freedecomp Exit - MemInfo: [/proc/self/status]	VmPMD:	      16 kB
20220314 061858.535 INFO             PET0 PIOc_freedecomp Exit - MemInfo: [/proc/self/status]	VmSwap:	       0 kB
20220314 061858.535 INFO             PET0 PIOc_freedecomp Exit - MemInfo: [/proc/self/status]	VmRSSPercent: 0.0569588 %
20220314 061858.535 INFO             PET0 PIOc_freedecomp Exit - MemInfo: [malloc] Non-mmapped space allocated:                20692992 Byte
20220314 061858.535 INFO             PET0 PIOc_freedecomp Exit - MemInfo: [malloc] Space allocated in mmapped regions:          1581056 Byte
20220314 061858.535 INFO             PET0 PIOc_freedecomp Exit - MemInfo: [malloc] Maximum total allocated space:                     0 Byte
20220314 061858.535 INFO             PET0 PIOc_freedecomp Exit - MemInfo: [malloc] Space in freed fastbin blocks:                   704 Byte
20220314 061858.535 INFO             PET0 PIOc_freedecomp Exit - MemInfo: [malloc] Total allocated space:                       3052112 Byte
20220314 061858.535 INFO             PET0 PIOc_freedecomp Exit - MemInfo: [malloc] Total free space:                           17640880 Byte
20220314 061858.535 INFO             PET0 PIOc_freedecomp Exit - MemInfo: [malloc] Top-most, releasable space:                   118064 Byte
20220314 061858.535 INFO             PET0 PIOc_freedecomp Exit - MemInfo: [malloc] Total space in use, mmap + non-mmap:         4633168 Byte
20220314 061858.535 INFO             PET0 PIOc_freedecomp Exit - MemInfo: [malloc] Total space held (mmap + non-mmap):         22274048 Byte
20220314 061858.535 INFO             PET0 PIOc_freedecomp Exit - MemInfo: [malloc] Total space used (mmap + non-mmap):          4642496 Byte
20220314 061858.535 INFO             PET0 PIOc_freedecomp Exit - MemInfo: Wall-clock time since execution start:              0.0340677 seconds
20220314 061858.535 INFO             PET0 PIOc_sync Enter - MemInfo: [/proc/meminfo - SSI]	MemTotal:       65507008 kB
20220314 061858.535 INFO             PET0 PIOc_sync Enter - MemInfo: [/proc/meminfo - SSI]	MemFree:        49555284 kB
20220314 061858.535 INFO             PET0 PIOc_sync Enter - MemInfo: [/proc/meminfo - SSI]	MemAvailable:   49319800 kB
20220314 061858.535 INFO             PET0 PIOc_sync Enter - MemInfo: [/proc/meminfo - SSI]	Committed_AS:   13063636 kB
20220314 061858.535 INFO             PET0 PIOc_sync Enter - MemInfo: [/proc/meminfo - SSI]	CommittedPercent: 19.9423 %
20220314 061858.535 INFO             PET0 PIOc_sync Enter - MemInfo: [/proc/self/status]	VmPeak:	  506508 kB
20220314 061858.535 INFO             PET0 PIOc_sync Enter - MemInfo: [/proc/self/status]	VmSize:	  498320 kB
20220314 061858.535 INFO             PET0 PIOc_sync Enter - MemInfo: [/proc/self/status]	VmLck:	       0 kB
20220314 061858.535 INFO             PET0 PIOc_sync Enter - MemInfo: [/proc/self/status]	VmPin:	       0 kB
20220314 061858.535 INFO             PET0 PIOc_sync Enter - MemInfo: [/proc/self/status]	VmHWM:	   64504 kB
20220314 061858.535 INFO             PET0 PIOc_sync Enter - MemInfo: [/proc/self/status]	VmRSS:	   37312 kB
20220314 061858.536 INFO             PET0 PIOc_sync Enter - MemInfo: [/proc/self/status]	VmData:	   32256 kB
20220314 061858.536 INFO             PET0 PIOc_sync Enter - MemInfo: [/proc/self/status]	VmStk:	     148 kB
20220314 061858.536 INFO             PET0 PIOc_sync Enter - MemInfo: [/proc/self/status]	VmExe:	     204 kB
20220314 061858.536 INFO             PET0 PIOc_sync Enter - MemInfo: [/proc/self/status]	VmLib:	   48496 kB
20220314 061858.536 INFO             PET0 PIOc_sync Enter - MemInfo: [/proc/self/status]	VmPTE:	     732 kB
20220314 061858.536 INFO             PET0 PIOc_sync Enter - MemInfo: [/proc/self/status]	VmPMD:	      16 kB
20220314 061858.536 INFO             PET0 PIOc_sync Enter - MemInfo: [/proc/self/status]	VmSwap:	       0 kB
20220314 061858.536 INFO             PET0 PIOc_sync Enter - MemInfo: [/proc/self/status]	VmRSSPercent: 0.0569588 %
20220314 061858.536 INFO             PET0 PIOc_sync Enter - MemInfo: [malloc] Non-mmapped space allocated:                20692992 Byte
20220314 061858.536 INFO             PET0 PIOc_sync Enter - MemInfo: [malloc] Space allocated in mmapped regions:          1581056 Byte
20220314 061858.536 INFO             PET0 PIOc_sync Enter - MemInfo: [malloc] Maximum total allocated space:                     0 Byte
20220314 061858.536 INFO             PET0 PIOc_sync Enter - MemInfo: [malloc] Space in freed fastbin blocks:                  2288 Byte
20220314 061858.536 INFO             PET0 PIOc_sync Enter - MemInfo: [malloc] Total allocated space:                      20371216 Byte
20220314 061858.536 INFO             PET0 PIOc_sync Enter - MemInfo: [malloc] Total free space:                             321776 Byte
20220314 061858.536 INFO             PET0 PIOc_sync Enter - MemInfo: [malloc] Top-most, releasable space:                   111616 Byte
20220314 061858.536 INFO             PET0 PIOc_sync Enter - MemInfo: [malloc] Total space in use, mmap + non-mmap:        21952272 Byte
20220314 061858.536 INFO             PET0 PIOc_sync Enter - MemInfo: [malloc] Total space held (mmap + non-mmap):         22274048 Byte
20220314 061858.536 INFO             PET0 PIOc_sync Enter - MemInfo: [malloc] Total space used (mmap + non-mmap):         21961600 Byte
20220314 061858.536 INFO             PET0 PIOc_sync Enter - MemInfo: Wall-clock time since execution start:              0.0350815 seconds
20220314 061858.536 INFO             PET0 PIOc_sync Exit - MemInfo: [/proc/meminfo - SSI]	MemTotal:       65507008 kB
20220314 061858.536 INFO             PET0 PIOc_sync Exit - MemInfo: [/proc/meminfo - SSI]	MemFree:        49555284 kB
20220314 061858.536 INFO             PET0 PIOc_sync Exit - MemInfo: [/proc/meminfo - SSI]	MemAvailable:   49319800 kB
20220314 061858.536 INFO             PET0 PIOc_sync Exit - MemInfo: [/proc/meminfo - SSI]	Committed_AS:   13063636 kB
20220314 061858.536 INFO             PET0 PIOc_sync Exit - MemInfo: [/proc/meminfo - SSI]	CommittedPercent: 19.9423 %
20220314 061858.536 INFO             PET0 PIOc_sync Exit - MemInfo: [/proc/self/status]	VmPeak:	  506508 kB
20220314 061858.536 INFO             PET0 PIOc_sync Exit - MemInfo: [/proc/self/status]	VmSize:	  498320 kB
20220314 061858.536 INFO             PET0 PIOc_sync Exit - MemInfo: [/proc/self/status]	VmLck:	       0 kB
20220314 061858.536 INFO             PET0 PIOc_sync Exit - MemInfo: [/proc/self/status]	VmPin:	       0 kB
20220314 061858.536 INFO             PET0 PIOc_sync Exit - MemInfo: [/proc/self/status]	VmHWM:	   64504 kB
20220314 061858.536 INFO             PET0 PIOc_sync Exit - MemInfo: [/proc/self/status]	VmRSS:	   37312 kB
20220314 061858.536 INFO             PET0 PIOc_sync Exit - MemInfo: [/proc/self/status]	VmData:	   32256 kB
20220314 061858.536 INFO             PET0 PIOc_sync Exit - MemInfo: [/proc/self/status]	VmStk:	     148 kB
20220314 061858.536 INFO             PET0 PIOc_sync Exit - MemInfo: [/proc/self/status]	VmExe:	     204 kB
20220314 061858.536 INFO             PET0 PIOc_sync Exit - MemInfo: [/proc/self/status]	VmLib:	   48496 kB
20220314 061858.536 INFO             PET0 PIOc_sync Exit - MemInfo: [/proc/self/status]	VmPTE:	     732 kB
20220314 061858.536 INFO             PET0 PIOc_sync Exit - MemInfo: [/proc/self/status]	VmPMD:	      16 kB
20220314 061858.536 INFO             PET0 PIOc_sync Exit - MemInfo: [/proc/self/status]	VmSwap:	       0 kB
20220314 061858.536 INFO             PET0 PIOc_sync Exit - MemInfo: [/proc/self/status]	VmRSSPercent: 0.0569588 %
20220314 061858.536 INFO             PET0 PIOc_sync Exit - MemInfo: [malloc] Non-mmapped space allocated:                20692992 Byte
20220314 061858.536 INFO             PET0 PIOc_sync Exit - MemInfo: [malloc] Space allocated in mmapped regions:          1581056 Byte
20220314 061858.536 INFO             PET0 PIOc_sync Exit - MemInfo: [malloc] Maximum total allocated space:                     0 Byte
20220314 061858.536 INFO             PET0 PIOc_sync Exit - MemInfo: [malloc] Space in freed fastbin blocks:                  1248 Byte
20220314 061858.536 INFO             PET0 PIOc_sync Exit - MemInfo: [malloc] Total allocated space:                      20371824 Byte
20220314 061858.536 INFO             PET0 PIOc_sync Exit - MemInfo: [malloc] Total free space:                             321168 Byte
20220314 061858.536 INFO             PET0 PIOc_sync Exit - MemInfo: [malloc] Top-most, releasable space:                   111456 Byte
20220314 061858.536 INFO             PET0 PIOc_sync Exit - MemInfo: [malloc] Total space in use, mmap + non-mmap:        21952880 Byte
20220314 061858.536 INFO             PET0 PIOc_sync Exit - MemInfo: [malloc] Total space held (mmap + non-mmap):         22274048 Byte
20220314 061858.536 INFO             PET0 PIOc_sync Exit - MemInfo: [malloc] Total space used (mmap + non-mmap):         21962208 Byte
20220314 061858.536 INFO             PET0 PIOc_sync Exit - MemInfo: Wall-clock time since execution start:              0.0354314 seconds
20220314 061858.536 INFO             PET0 PIOc_freedecomp Enter - MemInfo: [/proc/meminfo - SSI]	MemTotal:       65507008 kB
20220314 061858.536 INFO             PET0 PIOc_freedecomp Enter - MemInfo: [/proc/meminfo - SSI]	MemFree:        49555284 kB
20220314 061858.536 INFO             PET0 PIOc_freedecomp Enter - MemInfo: [/proc/meminfo - SSI]	MemAvailable:   49319800 kB
20220314 061858.536 INFO             PET0 PIOc_freedecomp Enter - MemInfo: [/proc/meminfo - SSI]	Committed_AS:   13063636 kB
