build time -- 2022-03-12 06:04:12.566204
20220312 061830.580 INFO             PET0 !!!!!!!!!!!!!!!!!!!!!!!!!!!!!!!!!!!!!!!!!!!!!!!!!!!!!!
20220312 061830.580 INFO             PET0 !!! THE ESMF_LOG IS SET TO OUTPUT ALL LOG MESSAGES !!!
20220312 061830.580 INFO             PET0 !!!     THIS MAY CAUSE SLOWDOWN IN PERFORMANCE     !!!
20220312 061830.580 INFO             PET0 !!! FOR PRODUCTION RUNS, USE:                      !!!
20220312 061830.580 INFO             PET0 !!!                   ESMF_LOGKIND_Multi_On_Error  !!!
20220312 061830.580 INFO             PET0 !!!!!!!!!!!!!!!!!!!!!!!!!!!!!!!!!!!!!!!!!!!!!!!!!!!!!!
20220312 061830.580 INFO             PET0 Running with ESMF Version   : v8.3.0b09-96-g559b459836
20220312 061830.580 INFO             PET0 ESMF library build date/time: "Mar 12 2022" "06:02:09"
20220312 061830.580 INFO             PET0 ESMF library build location : /glade/scratch/rlong/esmf-testing/gfortran_10.1.0_openmpi_O_jedwards_pio_update2
20220312 061830.580 INFO             PET0 ESMF_COMM                   : openmpi
20220312 061830.580 INFO             PET0 ESMF_MOAB                   : enabled
20220312 061830.580 INFO             PET0 ESMF_LAPACK                 : enabled
20220312 061830.580 INFO             PET0 ESMF_NETCDF                 : enabled
20220312 061830.580 INFO             PET0 ESMF_PNETCDF                : disabled
20220312 061830.580 INFO             PET0 ESMF_PIO                    : enabled
20220312 061830.580 INFO             PET0 ESMF_YAMLCPP                : enabled
20220312 061830.581 INFO             PET0 Beginning Test, file ESMC_FieldSMMFromFileUTest.C, line 41
20220312 061830.581 INFO             PET0 Beginning Test, file ESMC_FieldSMMFromFileUTest.C, line 41NUMBER_OF_PROCESSORS 4
20220312 061830.599 INFO             PET0 PIOc_sync Enter - MemInfo: [/proc/meminfo - SSI]	MemTotal:       65507008 kB
20220312 061830.599 INFO             PET0 PIOc_sync Enter - MemInfo: [/proc/meminfo - SSI]	MemFree:        49661728 kB
20220312 061830.599 INFO             PET0 PIOc_sync Enter - MemInfo: [/proc/meminfo - SSI]	MemAvailable:   49425944 kB
20220312 061830.599 INFO             PET0 PIOc_sync Enter - MemInfo: [/proc/meminfo - SSI]	Committed_AS:   12967780 kB
20220312 061830.599 INFO             PET0 PIOc_sync Enter - MemInfo: [/proc/meminfo - SSI]	CommittedPercent: 19.796 %
20220312 061830.599 INFO             PET0 PIOc_sync Enter - MemInfo: [/proc/self/status]	VmPeak:	  517528 kB
20220312 061830.599 INFO             PET0 PIOc_sync Enter - MemInfo: [/proc/self/status]	VmSize:	  517528 kB
20220312 061830.599 INFO             PET0 PIOc_sync Enter - MemInfo: [/proc/self/status]	VmLck:	       0 kB
20220312 061830.599 INFO             PET0 PIOc_sync Enter - MemInfo: [/proc/self/status]	VmPin:	       0 kB
20220312 061830.599 INFO             PET0 PIOc_sync Enter - MemInfo: [/proc/self/status]	VmHWM:	   64556 kB
20220312 061830.599 INFO             PET0 PIOc_sync Enter - MemInfo: [/proc/self/status]	VmRSS:	   37692 kB
20220312 061830.599 INFO             PET0 PIOc_sync Enter - MemInfo: [/proc/self/status]	VmData:	   32464 kB
20220312 061830.599 INFO             PET0 PIOc_sync Enter - MemInfo: [/proc/self/status]	VmStk:	     148 kB
20220312 061830.599 INFO             PET0 PIOc_sync Enter - MemInfo: [/proc/self/status]	VmExe:	     192 kB
20220312 061830.599 INFO             PET0 PIOc_sync Enter - MemInfo: [/proc/self/status]	VmLib:	   48536 kB
20220312 061830.599 INFO             PET0 PIOc_sync Enter - MemInfo: [/proc/self/status]	VmPTE:	     756 kB
20220312 061830.599 INFO             PET0 PIOc_sync Enter - MemInfo: [/proc/self/status]	VmPMD:	      12 kB
20220312 061830.599 INFO             PET0 PIOc_sync Enter - MemInfo: [/proc/self/status]	VmSwap:	       0 kB
20220312 061830.599 INFO             PET0 PIOc_sync Enter - MemInfo: [/proc/self/status]	VmRSSPercent: 0.0575389 %
20220312 061830.599 INFO             PET0 PIOc_sync Enter - MemInfo: [malloc] Non-mmapped space allocated:                 3588096 Byte
20220312 061830.599 INFO             PET0 PIOc_sync Enter - MemInfo: [malloc] Space allocated in mmapped regions:         18890752 Byte
20220312 061830.601 INFO             PET0 PIOc_sync Enter - MemInfo: [malloc] Maximum total allocated space:                     0 Byte
20220312 061830.601 INFO             PET0 PIOc_sync Enter - MemInfo: [malloc] Space in freed fastbin blocks:                  1344 Byte
20220312 061830.601 INFO             PET0 PIOc_sync Enter - MemInfo: [malloc] Total allocated space:                       3155536 Byte
20220312 061830.601 INFO             PET0 PIOc_sync Enter - MemInfo: [malloc] Total free space:                             432560 Byte
20220312 061830.601 INFO             PET0 PIOc_sync Enter - MemInfo: [malloc] Top-most, releasable space:                   233040 Byte
20220312 061830.601 INFO             PET0 PIOc_sync Enter - MemInfo: [malloc] Total space in use, mmap + non-mmap:        22046288 Byte
20220312 061830.601 INFO             PET0 PIOc_sync Enter - MemInfo: [malloc] Total space held (mmap + non-mmap):         22478848 Byte
20220312 061830.601 INFO             PET0 PIOc_sync Enter - MemInfo: [malloc] Total space used (mmap + non-mmap):         22055616 Byte
20220312 061830.602 INFO             PET0 PIOc_sync Enter - MemInfo: Wall-clock time since execution start:              0.0226871 seconds
20220312 061830.602 INFO             PET0 PIOc_sync Exit - MemInfo: [/proc/meminfo - SSI]	MemTotal:       65507008 kB
20220312 061830.602 INFO             PET0 PIOc_sync Exit - MemInfo: [/proc/meminfo - SSI]	MemFree:        49661728 kB
20220312 061830.602 INFO             PET0 PIOc_sync Exit - MemInfo: [/proc/meminfo - SSI]	MemAvailable:   49425944 kB
20220312 061830.602 INFO             PET0 PIOc_sync Exit - MemInfo: [/proc/meminfo - SSI]	Committed_AS:   12967780 kB
20220312 061830.602 INFO             PET0 PIOc_sync Exit - MemInfo: [/proc/meminfo - SSI]	CommittedPercent: 19.796 %
20220312 061830.602 INFO             PET0 PIOc_sync Exit - MemInfo: [/proc/self/status]	VmPeak:	  517528 kB
20220312 061830.602 INFO             PET0 PIOc_sync Exit - MemInfo: [/proc/self/status]	VmSize:	  517528 kB
20220312 061830.602 INFO             PET0 PIOc_sync Exit - MemInfo: [/proc/self/status]	VmLck:	       0 kB
20220312 061830.602 INFO             PET0 PIOc_sync Exit - MemInfo: [/proc/self/status]	VmPin:	       0 kB
20220312 061830.602 INFO             PET0 PIOc_sync Exit - MemInfo: [/proc/self/status]	VmHWM:	   64556 kB
20220312 061830.602 INFO             PET0 PIOc_sync Exit - MemInfo: [/proc/self/status]	VmRSS:	   37792 kB
20220312 061830.602 INFO             PET0 PIOc_sync Exit - MemInfo: [/proc/self/status]	VmData:	   32464 kB
20220312 061830.602 INFO             PET0 PIOc_sync Exit - MemInfo: [/proc/self/status]	VmStk:	     148 kB
20220312 061830.602 INFO             PET0 PIOc_sync Exit - MemInfo: [/proc/self/status]	VmExe:	     192 kB
20220312 061830.602 INFO             PET0 PIOc_sync Exit - MemInfo: [/proc/self/status]	VmLib:	   48536 kB
20220312 061830.602 INFO             PET0 PIOc_sync Exit - MemInfo: [/proc/self/status]	VmPTE:	     756 kB
20220312 061830.602 INFO             PET0 PIOc_sync Exit - MemInfo: [/proc/self/status]	VmPMD:	      12 kB
20220312 061830.602 INFO             PET0 PIOc_sync Exit - MemInfo: [/proc/self/status]	VmSwap:	       0 kB
20220312 061830.602 INFO             PET0 PIOc_sync Exit - MemInfo: [/proc/self/status]	VmRSSPercent: 0.0576915 %
20220312 061830.602 INFO             PET0 PIOc_sync Exit - MemInfo: [malloc] Non-mmapped space allocated:                 3588096 Byte
20220312 061830.602 INFO             PET0 PIOc_sync Exit - MemInfo: [malloc] Space allocated in mmapped regions:         18890752 Byte
20220312 061830.602 INFO             PET0 PIOc_sync Exit - MemInfo: [malloc] Maximum total allocated space:                     0 Byte
20220312 061830.602 INFO             PET0 PIOc_sync Exit - MemInfo: [malloc] Space in freed fastbin blocks:                  2160 Byte
20220312 061830.602 INFO             PET0 PIOc_sync Exit - MemInfo: [malloc] Total allocated space:                       3157872 Byte
20220312 061830.602 INFO             PET0 PIOc_sync Exit - MemInfo: [malloc] Total free space:                             430224 Byte
20220312 061830.602 INFO             PET0 PIOc_sync Exit - MemInfo: [malloc] Top-most, releasable space:                   225232 Byte
20220312 061830.602 INFO             PET0 PIOc_sync Exit - MemInfo: [malloc] Total space in use, mmap + non-mmap:        22048624 Byte
20220312 061830.602 INFO             PET0 PIOc_sync Exit - MemInfo: [malloc] Total space held (mmap + non-mmap):         22478848 Byte
20220312 061830.602 INFO             PET0 PIOc_sync Exit - MemInfo: [malloc] Total space used (mmap + non-mmap):         22057952 Byte
20220312 061830.602 INFO             PET0 PIOc_sync Exit - MemInfo: Wall-clock time since execution start:              0.0231811 seconds
20220312 061830.603 INFO             PET0 PIOc_freedecomp Enter - MemInfo: [/proc/meminfo - SSI]	MemTotal:       65507008 kB
20220312 061830.603 INFO             PET0 PIOc_freedecomp Enter - MemInfo: [/proc/meminfo - SSI]	MemFree:        49676848 kB
20220312 061830.603 INFO             PET0 PIOc_freedecomp Enter - MemInfo: [/proc/meminfo - SSI]	MemAvailable:   49441064 kB
20220312 061830.603 INFO             PET0 PIOc_freedecomp Enter - MemInfo: [/proc/meminfo - SSI]	Committed_AS:   12951392 kB
20220312 061830.603 INFO             PET0 PIOc_freedecomp Enter - MemInfo: [/proc/meminfo - SSI]	CommittedPercent: 19.771 %
20220312 061830.603 INFO             PET0 PIOc_freedecomp Enter - MemInfo: [/proc/self/status]	VmPeak:	  517528 kB
20220312 061830.603 INFO             PET0 PIOc_freedecomp Enter - MemInfo: [/proc/self/status]	VmSize:	  500624 kB
20220312 061830.603 INFO             PET0 PIOc_freedecomp Enter - MemInfo: [/proc/self/status]	VmLck:	       0 kB
20220312 061830.603 INFO             PET0 PIOc_freedecomp Enter - MemInfo: [/proc/self/status]	VmPin:	       0 kB
20220312 061830.603 INFO             PET0 PIOc_freedecomp Enter - MemInfo: [/proc/self/status]	VmHWM:	   64556 kB
20220312 061830.603 INFO             PET0 PIOc_freedecomp Enter - MemInfo: [/proc/self/status]	VmRSS:	   21404 kB
20220312 061830.603 INFO             PET0 PIOc_freedecomp Enter - MemInfo: [/proc/self/status]	VmData:	   15560 kB
20220312 061830.603 INFO             PET0 PIOc_freedecomp Enter - MemInfo: [/proc/self/status]	VmStk:	     148 kB
20220312 061830.603 INFO             PET0 PIOc_freedecomp Enter - MemInfo: [/proc/self/status]	VmExe:	     192 kB
20220312 061830.603 INFO             PET0 PIOc_freedecomp Enter - MemInfo: [/proc/self/status]	VmLib:	   48536 kB
20220312 061830.603 INFO             PET0 PIOc_freedecomp Enter - MemInfo: [/proc/self/status]	VmPTE:	     724 kB
20220312 061830.603 INFO             PET0 PIOc_freedecomp Enter - MemInfo: [/proc/self/status]	VmPMD:	      12 kB
20220312 061830.603 INFO             PET0 PIOc_freedecomp Enter - MemInfo: [/proc/self/status]	VmSwap:	       0 kB
20220312 061830.603 INFO             PET0 PIOc_freedecomp Enter - MemInfo: [/proc/self/status]	VmRSSPercent: 0.0326744 %
20220312 061830.603 INFO             PET0 PIOc_freedecomp Enter - MemInfo: [malloc] Non-mmapped space allocated:                 3588096 Byte
20220312 061830.603 INFO             PET0 PIOc_freedecomp Enter - MemInfo: [malloc] Space allocated in mmapped regions:          1581056 Byte
20220312 061830.603 INFO             PET0 PIOc_freedecomp Enter - MemInfo: [malloc] Maximum total allocated space:                     0 Byte
20220312 061830.603 INFO             PET0 PIOc_freedecomp Enter - MemInfo: [malloc] Space in freed fastbin blocks:                  2720 Byte
20220312 061830.603 INFO             PET0 PIOc_freedecomp Enter - MemInfo: [malloc] Total allocated space:                       3144704 Byte
20220312 061830.603 INFO             PET0 PIOc_freedecomp Enter - MemInfo: [malloc] Total free space:                             443392 Byte
20220312 061830.603 INFO             PET0 PIOc_freedecomp Enter - MemInfo: [malloc] Top-most, releasable space:                   225232 Byte
20220312 061830.603 INFO             PET0 PIOc_freedecomp Enter - MemInfo: [malloc] Total space in use, mmap + non-mmap:         4725760 Byte
20220312 061830.603 INFO             PET0 PIOc_freedecomp Enter - MemInfo: [malloc] Total space held (mmap + non-mmap):          5169152 Byte
20220312 061830.603 INFO             PET0 PIOc_freedecomp Enter - MemInfo: [malloc] Total space used (mmap + non-mmap):          4735088 Byte
20220312 061830.603 INFO             PET0 PIOc_freedecomp Enter - MemInfo: Wall-clock time since execution start:               0.024292 seconds
20220312 061830.603 INFO             PET0 PIOc_freedecomp Exit - MemInfo: [/proc/meminfo - SSI]	MemTotal:       65507008 kB
20220312 061830.603 INFO             PET0 PIOc_freedecomp Exit - MemInfo: [/proc/meminfo - SSI]	MemFree:        49676848 kB
20220312 061830.603 INFO             PET0 PIOc_freedecomp Exit - MemInfo: [/proc/meminfo - SSI]	MemAvailable:   49441064 kB
20220312 061830.603 INFO             PET0 PIOc_freedecomp Exit - MemInfo: [/proc/meminfo - SSI]	Committed_AS:   12951392 kB
20220312 061830.603 INFO             PET0 PIOc_freedecomp Exit - MemInfo: [/proc/meminfo - SSI]	CommittedPercent: 19.771 %
20220312 061830.603 INFO             PET0 PIOc_freedecomp Exit - MemInfo: [/proc/self/status]	VmPeak:	  517528 kB
20220312 061830.603 INFO             PET0 PIOc_freedecomp Exit - MemInfo: [/proc/self/status]	VmSize:	  500624 kB
20220312 061830.603 INFO             PET0 PIOc_freedecomp Exit - MemInfo: [/proc/self/status]	VmLck:	       0 kB
20220312 061830.603 INFO             PET0 PIOc_freedecomp Exit - MemInfo: [/proc/self/status]	VmPin:	       0 kB
20220312 061830.603 INFO             PET0 PIOc_freedecomp Exit - MemInfo: [/proc/self/status]	VmHWM:	   64556 kB
20220312 061830.603 INFO             PET0 PIOc_freedecomp Exit - MemInfo: [/proc/self/status]	VmRSS:	   21404 kB
20220312 061830.603 INFO             PET0 PIOc_freedecomp Exit - MemInfo: [/proc/self/status]	VmData:	   15560 kB
20220312 061830.603 INFO             PET0 PIOc_freedecomp Exit - MemInfo: [/proc/self/status]	VmStk:	     148 kB
20220312 061830.603 INFO             PET0 PIOc_freedecomp Exit - MemInfo: [/proc/self/status]	VmExe:	     192 kB
20220312 061830.603 INFO             PET0 PIOc_freedecomp Exit - MemInfo: [/proc/self/status]	VmLib:	   48536 kB
20220312 061830.603 INFO             PET0 PIOc_freedecomp Exit - MemInfo: [/proc/self/status]	VmPTE:	     724 kB
20220312 061830.603 INFO             PET0 PIOc_freedecomp Exit - MemInfo: [/proc/self/status]	VmPMD:	      12 kB
20220312 061830.603 INFO             PET0 PIOc_freedecomp Exit - MemInfo: [/proc/self/status]	VmSwap:	       0 kB
20220312 061830.603 INFO             PET0 PIOc_freedecomp Exit - MemInfo: [/proc/self/status]	VmRSSPercent: 0.0326744 %
20220312 061830.603 INFO             PET0 PIOc_freedecomp Exit - MemInfo: [malloc] Non-mmapped space allocated:                 3588096 Byte
20220312 061830.603 INFO             PET0 PIOc_freedecomp Exit - MemInfo: [malloc] Space allocated in mmapped regions:          1581056 Byte
20220312 061830.603 INFO             PET0 PIOc_freedecomp Exit - MemInfo: [malloc] Maximum total allocated space:                     0 Byte
20220312 061830.603 INFO             PET0 PIOc_freedecomp Exit - MemInfo: [malloc] Space in freed fastbin blocks:                  3008 Byte
20220312 061830.603 INFO             PET0 PIOc_freedecomp Exit - MemInfo: [malloc] Total allocated space:                       3136960 Byte
20220312 061830.603 INFO             PET0 PIOc_freedecomp Exit - MemInfo: [malloc] Total free space:                             451136 Byte
20220312 061830.603 INFO             PET0 PIOc_freedecomp Exit - MemInfo: [malloc] Top-most, releasable space:                   225232 Byte
20220312 061830.603 INFO             PET0 PIOc_freedecomp Exit - MemInfo: [malloc] Total space in use, mmap + non-mmap:         4718016 Byte
20220312 061830.603 INFO             PET0 PIOc_freedecomp Exit - MemInfo: [malloc] Total space held (mmap + non-mmap):          5169152 Byte
20220312 061830.603 INFO             PET0 PIOc_freedecomp Exit - MemInfo: [malloc] Total space used (mmap + non-mmap):          4727344 Byte
20220312 061830.603 INFO             PET0 PIOc_freedecomp Exit - MemInfo: Wall-clock time since execution start:              0.0246334 seconds
20220312 061830.608 INFO             PET0 PIOc_sync Enter - MemInfo: [/proc/meminfo - SSI]	MemTotal:       65507008 kB
20220312 061830.608 INFO             PET0 PIOc_sync Enter - MemInfo: [/proc/meminfo - SSI]	MemFree:        49669792 kB
20220312 061830.608 INFO             PET0 PIOc_sync Enter - MemInfo: [/proc/meminfo - SSI]	MemAvailable:   49434008 kB
20220312 061830.608 INFO             PET0 PIOc_sync Enter - MemInfo: [/proc/meminfo - SSI]	Committed_AS:   12967660 kB
20220312 061830.608 INFO             PET0 PIOc_sync Enter - MemInfo: [/proc/meminfo - SSI]	CommittedPercent: 19.7958 %
20220312 061830.608 INFO             PET0 PIOc_sync Enter - MemInfo: [/proc/self/status]	VmPeak:	  517528 kB
20220312 061830.608 INFO             PET0 PIOc_sync Enter - MemInfo: [/proc/self/status]	VmSize:	  517408 kB
20220312 061830.608 INFO             PET0 PIOc_sync Enter - MemInfo: [/proc/self/status]	VmLck:	       0 kB
20220312 061830.608 INFO             PET0 PIOc_sync Enter - MemInfo: [/proc/self/status]	VmPin:	       0 kB
20220312 061830.608 INFO             PET0 PIOc_sync Enter - MemInfo: [/proc/self/status]	VmHWM:	   64556 kB
20220312 061830.608 INFO             PET0 PIOc_sync Enter - MemInfo: [/proc/self/status]	VmRSS:	   29836 kB
20220312 061830.608 INFO             PET0 PIOc_sync Enter - MemInfo: [/proc/self/status]	VmData:	   32344 kB
20220312 061830.608 INFO             PET0 PIOc_sync Enter - MemInfo: [/proc/self/status]	VmStk:	     148 kB
20220312 061830.608 INFO             PET0 PIOc_sync Enter - MemInfo: [/proc/self/status]	VmExe:	     192 kB
20220312 061830.608 INFO             PET0 PIOc_sync Enter - MemInfo: [/proc/self/status]	VmLib:	   48536 kB
20220312 061830.608 INFO             PET0 PIOc_sync Enter - MemInfo: [/proc/self/status]	VmPTE:	     744 kB
20220312 061830.608 INFO             PET0 PIOc_sync Enter - MemInfo: [/proc/self/status]	VmPMD:	      12 kB
20220312 061830.608 INFO             PET0 PIOc_sync Enter - MemInfo: [/proc/self/status]	VmSwap:	       0 kB
20220312 061830.608 INFO             PET0 PIOc_sync Enter - MemInfo: [/proc/self/status]	VmRSSPercent: 0.0455463 %
20220312 061830.608 INFO             PET0 PIOc_sync Enter - MemInfo: [malloc] Non-mmapped space allocated:                20774912 Byte
20220312 061830.608 INFO             PET0 PIOc_sync Enter - MemInfo: [malloc] Space allocated in mmapped regions:          1581056 Byte
20220312 061830.608 INFO             PET0 PIOc_sync Enter - MemInfo: [malloc] Maximum total allocated space:                     0 Byte
20220312 061830.608 INFO             PET0 PIOc_sync Enter - MemInfo: [malloc] Space in freed fastbin blocks:                  1888 Byte
20220312 061830.608 INFO             PET0 PIOc_sync Enter - MemInfo: [malloc] Total allocated space:                      20457296 Byte
20220312 061830.608 INFO             PET0 PIOc_sync Enter - MemInfo: [malloc] Total free space:                             317616 Byte
20220312 061830.608 INFO             PET0 PIOc_sync Enter - MemInfo: [malloc] Top-most, releasable space:                   117648 Byte
20220312 061830.608 INFO             PET0 PIOc_sync Enter - MemInfo: [malloc] Total space in use, mmap + non-mmap:        22038352 Byte
20220312 061830.608 INFO             PET0 PIOc_sync Enter - MemInfo: [malloc] Total space held (mmap + non-mmap):         22355968 Byte
20220312 061830.608 INFO             PET0 PIOc_sync Enter - MemInfo: [malloc] Total space used (mmap + non-mmap):         22047680 Byte
20220312 061830.608 INFO             PET0 PIOc_sync Enter - MemInfo: Wall-clock time since execution start:              0.0293334 seconds
20220312 061830.608 INFO             PET0 PIOc_sync Exit - MemInfo: [/proc/meminfo - SSI]	MemTotal:       65507008 kB
20220312 061830.608 INFO             PET0 PIOc_sync Exit - MemInfo: [/proc/meminfo - SSI]	MemFree:        49669792 kB
20220312 061830.608 INFO             PET0 PIOc_sync Exit - MemInfo: [/proc/meminfo - SSI]	MemAvailable:   49434008 kB
20220312 061830.608 INFO             PET0 PIOc_sync Exit - MemInfo: [/proc/meminfo - SSI]	Committed_AS:   12967660 kB
20220312 061830.608 INFO             PET0 PIOc_sync Exit - MemInfo: [/proc/meminfo - SSI]	CommittedPercent: 19.7958 %
20220312 061830.608 INFO             PET0 PIOc_sync Exit - MemInfo: [/proc/self/status]	VmPeak:	  517528 kB
20220312 061830.608 INFO             PET0 PIOc_sync Exit - MemInfo: [/proc/self/status]	VmSize:	  517408 kB
20220312 061830.608 INFO             PET0 PIOc_sync Exit - MemInfo: [/proc/self/status]	VmLck:	       0 kB
20220312 061830.608 INFO             PET0 PIOc_sync Exit - MemInfo: [/proc/self/status]	VmPin:	       0 kB
20220312 061830.608 INFO             PET0 PIOc_sync Exit - MemInfo: [/proc/self/status]	VmHWM:	   64556 kB
20220312 061830.608 INFO             PET0 PIOc_sync Exit - MemInfo: [/proc/self/status]	VmRSS:	   29852 kB
20220312 061830.608 INFO             PET0 PIOc_sync Exit - MemInfo: [/proc/self/status]	VmData:	   32344 kB
20220312 061830.608 INFO             PET0 PIOc_sync Exit - MemInfo: [/proc/self/status]	VmStk:	     148 kB
20220312 061830.608 INFO             PET0 PIOc_sync Exit - MemInfo: [/proc/self/status]	VmExe:	     192 kB
20220312 061830.608 INFO             PET0 PIOc_sync Exit - MemInfo: [/proc/self/status]	VmLib:	   48536 kB
20220312 061830.608 INFO             PET0 PIOc_sync Exit - MemInfo: [/proc/self/status]	VmPTE:	     744 kB
20220312 061830.608 INFO             PET0 PIOc_sync Exit - MemInfo: [/proc/self/status]	VmPMD:	      12 kB
20220312 061830.608 INFO             PET0 PIOc_sync Exit - MemInfo: [/proc/self/status]	VmSwap:	       0 kB
20220312 061830.608 INFO             PET0 PIOc_sync Exit - MemInfo: [/proc/self/status]	VmRSSPercent: 0.0455707 %
20220312 061830.608 INFO             PET0 PIOc_sync Exit - MemInfo: [malloc] Non-mmapped space allocated:                20774912 Byte
20220312 061830.608 INFO             PET0 PIOc_sync Exit - MemInfo: [malloc] Space allocated in mmapped regions:          1581056 Byte
20220312 061830.608 INFO             PET0 PIOc_sync Exit - MemInfo: [malloc] Maximum total allocated space:                     0 Byte
20220312 061830.608 INFO             PET0 PIOc_sync Exit - MemInfo: [malloc] Space in freed fastbin blocks:                  2160 Byte
20220312 061830.609 INFO             PET0 PIOc_sync Exit - MemInfo: [malloc] Total allocated space:                      20459888 Byte
20220312 061830.609 INFO             PET0 PIOc_sync Exit - MemInfo: [malloc] Total free space:                             315024 Byte
20220312 061830.609 INFO             PET0 PIOc_sync Exit - MemInfo: [malloc] Top-most, releasable space:                   111360 Byte
20220312 061830.609 INFO             PET0 PIOc_sync Exit - MemInfo: [malloc] Total space in use, mmap + non-mmap:        22040944 Byte
20220312 061830.609 INFO             PET0 PIOc_sync Exit - MemInfo: [malloc] Total space held (mmap + non-mmap):         22355968 Byte
20220312 061830.609 INFO             PET0 PIOc_sync Exit - MemInfo: [malloc] Total space used (mmap + non-mmap):         22050272 Byte
20220312 061830.609 INFO             PET0 PIOc_sync Exit - MemInfo: Wall-clock time since execution start:              0.0297581 seconds
20220312 061830.609 INFO             PET0 PIOc_freedecomp Enter - MemInfo: [/proc/meminfo - SSI]	MemTotal:       65507008 kB
20220312 061830.609 INFO             PET0 PIOc_freedecomp Enter - MemInfo: [/proc/meminfo - SSI]	MemFree:        49669792 kB
20220312 061830.609 INFO             PET0 PIOc_freedecomp Enter - MemInfo: [/proc/meminfo - SSI]	MemAvailable:   49434008 kB
20220312 061830.609 INFO             PET0 PIOc_freedecomp Enter - MemInfo: [/proc/meminfo - SSI]	Committed_AS:   12967660 kB
20220312 061830.609 INFO             PET0 PIOc_freedecomp Enter - MemInfo: [/proc/meminfo - SSI]	CommittedPercent: 19.7958 %
20220312 061830.609 INFO             PET0 PIOc_freedecomp Enter - MemInfo: [/proc/self/status]	VmPeak:	  517528 kB
20220312 061830.609 INFO             PET0 PIOc_freedecomp Enter - MemInfo: [/proc/self/status]	VmSize:	  517408 kB
20220312 061830.609 INFO             PET0 PIOc_freedecomp Enter - MemInfo: [/proc/self/status]	VmLck:	       0 kB
20220312 061830.609 INFO             PET0 PIOc_freedecomp Enter - MemInfo: [/proc/self/status]	VmPin:	       0 kB
20220312 061830.609 INFO             PET0 PIOc_freedecomp Enter - MemInfo: [/proc/self/status]	VmHWM:	   64556 kB
20220312 061830.609 INFO             PET0 PIOc_freedecomp Enter - MemInfo: [/proc/self/status]	VmRSS:	   29856 kB
20220312 061830.609 INFO             PET0 PIOc_freedecomp Enter - MemInfo: [/proc/self/status]	VmData:	   32344 kB
20220312 061830.609 INFO             PET0 PIOc_freedecomp Enter - MemInfo: [/proc/self/status]	VmStk:	     148 kB
20220312 061830.609 INFO             PET0 PIOc_freedecomp Enter - MemInfo: [/proc/self/status]	VmExe:	     192 kB
20220312 061830.609 INFO             PET0 PIOc_freedecomp Enter - MemInfo: [/proc/self/status]	VmLib:	   48536 kB
20220312 061830.609 INFO             PET0 PIOc_freedecomp Enter - MemInfo: [/proc/self/status]	VmPTE:	     744 kB
20220312 061830.609 INFO             PET0 PIOc_freedecomp Enter - MemInfo: [/proc/self/status]	VmPMD:	      12 kB
20220312 061830.609 INFO             PET0 PIOc_freedecomp Enter - MemInfo: [/proc/self/status]	VmSwap:	       0 kB
20220312 061830.609 INFO             PET0 PIOc_freedecomp Enter - MemInfo: [/proc/self/status]	VmRSSPercent: 0.0455768 %
20220312 061830.609 INFO             PET0 PIOc_freedecomp Enter - MemInfo: [malloc] Non-mmapped space allocated:                20774912 Byte
20220312 061830.609 INFO             PET0 PIOc_freedecomp Enter - MemInfo: [malloc] Space allocated in mmapped regions:          1581056 Byte
20220312 061830.609 INFO             PET0 PIOc_freedecomp Enter - MemInfo: [malloc] Maximum total allocated space:                     0 Byte
20220312 061830.609 INFO             PET0 PIOc_freedecomp Enter - MemInfo: [malloc] Space in freed fastbin blocks:                  1728 Byte
20220312 061830.609 INFO             PET0 PIOc_freedecomp Enter - MemInfo: [malloc] Total allocated space:                       3144688 Byte
20220312 061830.609 INFO             PET0 PIOc_freedecomp Enter - MemInfo: [malloc] Total free space:                           17630224 Byte
20220312 061830.609 INFO             PET0 PIOc_freedecomp Enter - MemInfo: [malloc] Top-most, releasable space:                   111856 Byte
20220312 061830.609 INFO             PET0 PIOc_freedecomp Enter - MemInfo: [malloc] Total space in use, mmap + non-mmap:         4725744 Byte
20220312 061830.609 INFO             PET0 PIOc_freedecomp Enter - MemInfo: [malloc] Total space held (mmap + non-mmap):         22355968 Byte
20220312 061830.609 INFO             PET0 PIOc_freedecomp Enter - MemInfo: [malloc] Total space used (mmap + non-mmap):          4735072 Byte
20220312 061830.609 INFO             PET0 PIOc_freedecomp Enter - MemInfo: Wall-clock time since execution start:              0.0301417 seconds
20220312 061830.609 INFO             PET0 PIOc_freedecomp Exit - MemInfo: [/proc/meminfo - SSI]	MemTotal:       65507008 kB
20220312 061830.609 INFO             PET0 PIOc_freedecomp Exit - MemInfo: [/proc/meminfo - SSI]	MemFree:        49669792 kB
20220312 061830.609 INFO             PET0 PIOc_freedecomp Exit - MemInfo: [/proc/meminfo - SSI]	MemAvailable:   49434008 kB
20220312 061830.609 INFO             PET0 PIOc_freedecomp Exit - MemInfo: [/proc/meminfo - SSI]	Committed_AS:   12967660 kB
20220312 061830.609 INFO             PET0 PIOc_freedecomp Exit - MemInfo: [/proc/meminfo - SSI]	CommittedPercent: 19.7958 %
20220312 061830.609 INFO             PET0 PIOc_freedecomp Exit - MemInfo: [/proc/self/status]	VmPeak:	  517528 kB
20220312 061830.609 INFO             PET0 PIOc_freedecomp Exit - MemInfo: [/proc/self/status]	VmSize:	  517408 kB
20220312 061830.609 INFO             PET0 PIOc_freedecomp Exit - MemInfo: [/proc/self/status]	VmLck:	       0 kB
20220312 061830.609 INFO             PET0 PIOc_freedecomp Exit - MemInfo: [/proc/self/status]	VmPin:	       0 kB
20220312 061830.609 INFO             PET0 PIOc_freedecomp Exit - MemInfo: [/proc/self/status]	VmHWM:	   64556 kB
20220312 061830.609 INFO             PET0 PIOc_freedecomp Exit - MemInfo: [/proc/self/status]	VmRSS:	   29856 kB
20220312 061830.609 INFO             PET0 PIOc_freedecomp Exit - MemInfo: [/proc/self/status]	VmData:	   32344 kB
20220312 061830.609 INFO             PET0 PIOc_freedecomp Exit - MemInfo: [/proc/self/status]	VmStk:	     148 kB
20220312 061830.609 INFO             PET0 PIOc_freedecomp Exit - MemInfo: [/proc/self/status]	VmExe:	     192 kB
20220312 061830.609 INFO             PET0 PIOc_freedecomp Exit - MemInfo: [/proc/self/status]	VmLib:	   48536 kB
20220312 061830.609 INFO             PET0 PIOc_freedecomp Exit - MemInfo: [/proc/self/status]	VmPTE:	     744 kB
20220312 061830.609 INFO             PET0 PIOc_freedecomp Exit - MemInfo: [/proc/self/status]	VmPMD:	      12 kB
20220312 061830.609 INFO             PET0 PIOc_freedecomp Exit - MemInfo: [/proc/self/status]	VmSwap:	       0 kB
20220312 061830.609 INFO             PET0 PIOc_freedecomp Exit - MemInfo: [/proc/self/status]	VmRSSPercent: 0.0455768 %
20220312 061830.609 INFO             PET0 PIOc_freedecomp Exit - MemInfo: [malloc] Non-mmapped space allocated:                20774912 Byte
20220312 061830.609 INFO             PET0 PIOc_freedecomp Exit - MemInfo: [malloc] Space allocated in mmapped regions:          1581056 Byte
20220312 061830.609 INFO             PET0 PIOc_freedecomp Exit - MemInfo: [malloc] Maximum total allocated space:                     0 Byte
20220312 061830.609 INFO             PET0 PIOc_freedecomp Exit - MemInfo: [malloc] Space in freed fastbin blocks:                  3008 Byte
20220312 061830.609 INFO             PET0 PIOc_freedecomp Exit - MemInfo: [malloc] Total allocated space:                       3136944 Byte
20220312 061830.609 INFO             PET0 PIOc_freedecomp Exit - MemInfo: [malloc] Total free space:                           17637968 Byte
20220312 061830.609 INFO             PET0 PIOc_freedecomp Exit - MemInfo: [malloc] Top-most, releasable space:                   111856 Byte
20220312 061830.609 INFO             PET0 PIOc_freedecomp Exit - MemInfo: [malloc] Total space in use, mmap + non-mmap:         4718000 Byte
20220312 061830.609 INFO             PET0 PIOc_freedecomp Exit - MemInfo: [malloc] Total space held (mmap + non-mmap):         22355968 Byte
20220312 061830.609 INFO             PET0 PIOc_freedecomp Exit - MemInfo: [malloc] Total space used (mmap + non-mmap):          4727328 Byte
20220312 061830.609 INFO             PET0 PIOc_freedecomp Exit - MemInfo: Wall-clock time since execution start:              0.0304854 seconds
20220312 061830.610 INFO             PET0 PIOc_sync Enter - MemInfo: [/proc/meminfo - SSI]	MemTotal:       65507008 kB
20220312 061830.610 INFO             PET0 PIOc_sync Enter - MemInfo: [/proc/meminfo - SSI]	MemFree:        49669288 kB
20220312 061830.610 INFO             PET0 PIOc_sync Enter - MemInfo: [/proc/meminfo - SSI]	MemAvailable:   49433504 kB
20220312 061830.610 INFO             PET0 PIOc_sync Enter - MemInfo: [/proc/meminfo - SSI]	Committed_AS:   12967660 kB
20220312 061830.610 INFO             PET0 PIOc_sync Enter - MemInfo: [/proc/meminfo - SSI]	CommittedPercent: 19.7958 %
20220312 061830.610 INFO             PET0 PIOc_sync Enter - MemInfo: [/proc/self/status]	VmPeak:	  525596 kB
20220312 061830.610 INFO             PET0 PIOc_sync Enter - MemInfo: [/proc/self/status]	VmSize:	  517408 kB
20220312 061830.610 INFO             PET0 PIOc_sync Enter - MemInfo: [/proc/self/status]	VmLck:	       0 kB
20220312 061830.610 INFO             PET0 PIOc_sync Enter - MemInfo: [/proc/self/status]	VmPin:	       0 kB
20220312 061830.610 INFO             PET0 PIOc_sync Enter - MemInfo: [/proc/self/status]	VmHWM:	   64556 kB
20220312 061830.610 INFO             PET0 PIOc_sync Enter - MemInfo: [/proc/self/status]	VmRSS:	   30120 kB
20220312 061830.610 INFO             PET0 PIOc_sync Enter - MemInfo: [/proc/self/status]	VmData:	   32344 kB
20220312 061830.610 INFO             PET0 PIOc_sync Enter - MemInfo: [/proc/self/status]	VmStk:	     148 kB
20220312 061830.610 INFO             PET0 PIOc_sync Enter - MemInfo: [/proc/self/status]	VmExe:	     192 kB
20220312 061830.610 INFO             PET0 PIOc_sync Enter - MemInfo: [/proc/self/status]	VmLib:	   48536 kB
20220312 061830.610 INFO             PET0 PIOc_sync Enter - MemInfo: [/proc/self/status]	VmPTE:	     744 kB
20220312 061830.610 INFO             PET0 PIOc_sync Enter - MemInfo: [/proc/self/status]	VmPMD:	      12 kB
20220312 061830.610 INFO             PET0 PIOc_sync Enter - MemInfo: [/proc/self/status]	VmSwap:	       0 kB
20220312 061830.610 INFO             PET0 PIOc_sync Enter - MemInfo: [/proc/self/status]	VmRSSPercent: 0.0459798 %
20220312 061830.610 INFO             PET0 PIOc_sync Enter - MemInfo: [malloc] Non-mmapped space allocated:                20774912 Byte
20220312 061830.610 INFO             PET0 PIOc_sync Enter - MemInfo: [malloc] Space allocated in mmapped regions:          1581056 Byte
20220312 061830.610 INFO             PET0 PIOc_sync Enter - MemInfo: [malloc] Maximum total allocated space:                     0 Byte
20220312 061830.610 INFO             PET0 PIOc_sync Enter - MemInfo: [malloc] Space in freed fastbin blocks:                  2128 Byte
20220312 061830.610 INFO             PET0 PIOc_sync Enter - MemInfo: [malloc] Total allocated space:                      20457632 Byte
20220312 061830.611 INFO             PET0 PIOc_sync Enter - MemInfo: [malloc] Total free space:                             317280 Byte
20220312 061830.611 INFO             PET0 PIOc_sync Enter - MemInfo: [malloc] Top-most, releasable space:                   117040 Byte
20220312 061830.611 INFO             PET0 PIOc_sync Enter - MemInfo: [malloc] Total space in use, mmap + non-mmap:        22038688 Byte
20220312 061830.611 INFO             PET0 PIOc_sync Enter - MemInfo: [malloc] Total space held (mmap + non-mmap):         22355968 Byte
20220312 061830.611 INFO             PET0 PIOc_sync Enter - MemInfo: [malloc] Total space used (mmap + non-mmap):         22048016 Byte
20220312 061830.611 INFO             PET0 PIOc_sync Enter - MemInfo: Wall-clock time since execution start:              0.0317404 seconds
20220312 061830.613 INFO             PET0 PIOc_sync Exit - MemInfo: [/proc/meminfo - SSI]	MemTotal:       65507008 kB
20220312 061830.613 INFO             PET0 PIOc_sync Exit - MemInfo: [/proc/meminfo - SSI]	MemFree:        49669036 kB
20220312 061830.613 INFO             PET0 PIOc_sync Exit - MemInfo: [/proc/meminfo - SSI]	MemAvailable:   49433316 kB
20220312 061830.613 INFO             PET0 PIOc_sync Exit - MemInfo: [/proc/meminfo - SSI]	Committed_AS:   12967660 kB
20220312 061830.613 INFO             PET0 PIOc_sync Exit - MemInfo: [/proc/meminfo - SSI]	CommittedPercent: 19.7958 %
20220312 061830.613 INFO             PET0 PIOc_sync Exit - MemInfo: [/proc/self/status]	VmPeak:	  525596 kB
20220312 061830.613 INFO             PET0 PIOc_sync Exit - MemInfo: [/proc/self/status]	VmSize:	  517408 kB
20220312 061830.613 INFO             PET0 PIOc_sync Exit - MemInfo: [/proc/self/status]	VmLck:	       0 kB
20220312 061830.613 INFO             PET0 PIOc_sync Exit - MemInfo: [/proc/self/status]	VmPin:	       0 kB
20220312 061830.613 INFO             PET0 PIOc_sync Exit - MemInfo: [/proc/self/status]	VmHWM:	   64556 kB
20220312 061830.613 INFO             PET0 PIOc_sync Exit - MemInfo: [/proc/self/status]	VmRSS:	   30120 kB
20220312 061830.613 INFO             PET0 PIOc_sync Exit - MemInfo: [/proc/self/status]	VmData:	   32344 kB
20220312 061830.613 INFO             PET0 PIOc_sync Exit - MemInfo: [/proc/self/status]	VmStk:	     148 kB
20220312 061830.613 INFO             PET0 PIOc_sync Exit - MemInfo: [/proc/self/status]	VmExe:	     192 kB
20220312 061830.613 INFO             PET0 PIOc_sync Exit - MemInfo: [/proc/self/status]	VmLib:	   48536 kB
20220312 061830.613 INFO             PET0 PIOc_sync Exit - MemInfo: [/proc/self/status]	VmPTE:	     744 kB
20220312 061830.613 INFO             PET0 PIOc_sync Exit - MemInfo: [/proc/self/status]	VmPMD:	      12 kB
20220312 061830.613 INFO             PET0 PIOc_sync Exit - MemInfo: [/proc/self/status]	VmSwap:	       0 kB
20220312 061830.613 INFO             PET0 PIOc_sync Exit - MemInfo: [/proc/self/status]	VmRSSPercent: 0.0459798 %
20220312 061830.613 INFO             PET0 PIOc_sync Exit - MemInfo: [malloc] Non-mmapped space allocated:                20774912 Byte
20220312 061830.613 INFO             PET0 PIOc_sync Exit - MemInfo: [malloc] Space allocated in mmapped regions:          1581056 Byte
20220312 061830.613 INFO             PET0 PIOc_sync Exit - MemInfo: [malloc] Maximum total allocated space:                     0 Byte
20220312 061830.613 INFO             PET0 PIOc_sync Exit - MemInfo: [malloc] Space in freed fastbin blocks:                  2160 Byte
20220312 061830.613 INFO             PET0 PIOc_sync Exit - MemInfo: [malloc] Total allocated space:                      20460224 Byte
20220312 061830.613 INFO             PET0 PIOc_sync Exit - MemInfo: [malloc] Total free space:                             314688 Byte
20220312 061830.613 INFO             PET0 PIOc_sync Exit - MemInfo: [malloc] Top-most, releasable space:                   111024 Byte
20220312 061830.613 INFO             PET0 PIOc_sync Exit - MemInfo: [malloc] Total space in use, mmap + non-mmap:        22041280 Byte
20220312 061830.613 INFO             PET0 PIOc_sync Exit - MemInfo: [malloc] Total space held (mmap + non-mmap):         22355968 Byte
20220312 061830.613 INFO             PET0 PIOc_sync Exit - MemInfo: [malloc] Total space used (mmap + non-mmap):         22050608 Byte
20220312 061830.613 INFO             PET0 PIOc_sync Exit - MemInfo: Wall-clock time since execution start:               0.034176 seconds
20220312 061830.613 INFO             PET0 PIOc_freedecomp Enter - MemInfo: [/proc/meminfo - SSI]	MemTotal:       65507008 kB
20220312 061830.613 INFO             PET0 PIOc_freedecomp Enter - MemInfo: [/proc/meminfo - SSI]	MemFree:        49669036 kB
20220312 061830.613 INFO             PET0 PIOc_freedecomp Enter - MemInfo: [/proc/meminfo - SSI]	MemAvailable:   49433316 kB
20220312 061830.613 INFO             PET0 PIOc_freedecomp Enter - MemInfo: [/proc/meminfo - SSI]	Committed_AS:   12967660 kB
20220312 061830.613 INFO             PET0 PIOc_freedecomp Enter - MemInfo: [/proc/meminfo - SSI]	CommittedPercent: 19.7958 %
20220312 061830.613 INFO             PET0 PIOc_freedecomp Enter - MemInfo: [/proc/self/status]	VmPeak:	  525596 kB
20220312 061830.613 INFO             PET0 PIOc_freedecomp Enter - MemInfo: [/proc/self/status]	VmSize:	  517408 kB
20220312 061830.613 INFO             PET0 PIOc_freedecomp Enter - MemInfo: [/proc/self/status]	VmLck:	       0 kB
20220312 061830.613 INFO             PET0 PIOc_freedecomp Enter - MemInfo: [/proc/self/status]	VmPin:	       0 kB
20220312 061830.613 INFO             PET0 PIOc_freedecomp Enter - MemInfo: [/proc/self/status]	VmHWM:	   64556 kB
20220312 061830.613 INFO             PET0 PIOc_freedecomp Enter - MemInfo: [/proc/self/status]	VmRSS:	   30120 kB
20220312 061830.613 INFO             PET0 PIOc_freedecomp Enter - MemInfo: [/proc/self/status]	VmData:	   32344 kB
20220312 061830.613 INFO             PET0 PIOc_freedecomp Enter - MemInfo: [/proc/self/status]	VmStk:	     148 kB
20220312 061830.613 INFO             PET0 PIOc_freedecomp Enter - MemInfo: [/proc/self/status]	VmExe:	     192 kB
20220312 061830.613 INFO             PET0 PIOc_freedecomp Enter - MemInfo: [/proc/self/status]	VmLib:	   48536 kB
20220312 061830.613 INFO             PET0 PIOc_freedecomp Enter - MemInfo: [/proc/self/status]	VmPTE:	     744 kB
20220312 061830.613 INFO             PET0 PIOc_freedecomp Enter - MemInfo: [/proc/self/status]	VmPMD:	      12 kB
20220312 061830.613 INFO             PET0 PIOc_freedecomp Enter - MemInfo: [/proc/self/status]	VmSwap:	       0 kB
20220312 061830.613 INFO             PET0 PIOc_freedecomp Enter - MemInfo: [/proc/self/status]	VmRSSPercent: 0.0459798 %
20220312 061830.613 INFO             PET0 PIOc_freedecomp Enter - MemInfo: [malloc] Non-mmapped space allocated:                20774912 Byte
20220312 061830.613 INFO             PET0 PIOc_freedecomp Enter - MemInfo: [malloc] Space allocated in mmapped regions:          1581056 Byte
20220312 061830.613 INFO             PET0 PIOc_freedecomp Enter - MemInfo: [malloc] Maximum total allocated space:                     0 Byte
20220312 061830.613 INFO             PET0 PIOc_freedecomp Enter - MemInfo: [malloc] Space in freed fastbin blocks:                  1728 Byte
20220312 061830.613 INFO             PET0 PIOc_freedecomp Enter - MemInfo: [malloc] Total allocated space:                       3144640 Byte
20220312 061830.613 INFO             PET0 PIOc_freedecomp Enter - MemInfo: [malloc] Total free space:                           17630272 Byte
20220312 061830.613 INFO             PET0 PIOc_freedecomp Enter - MemInfo: [malloc] Top-most, releasable space:                   111520 Byte
20220312 061830.613 INFO             PET0 PIOc_freedecomp Enter - MemInfo: [malloc] Total space in use, mmap + non-mmap:         4725696 Byte
20220312 061830.613 INFO             PET0 PIOc_freedecomp Enter - MemInfo: [malloc] Total space held (mmap + non-mmap):         22355968 Byte
20220312 061830.613 INFO             PET0 PIOc_freedecomp Enter - MemInfo: [malloc] Total space used (mmap + non-mmap):          4735024 Byte
20220312 061830.613 INFO             PET0 PIOc_freedecomp Enter - MemInfo: Wall-clock time since execution start:               0.034616 seconds
20220312 061830.613 INFO             PET0 PIOc_freedecomp Exit - MemInfo: [/proc/meminfo - SSI]	MemTotal:       65507008 kB
20220312 061830.613 INFO             PET0 PIOc_freedecomp Exit - MemInfo: [/proc/meminfo - SSI]	MemFree:        49669036 kB
20220312 061830.613 INFO             PET0 PIOc_freedecomp Exit - MemInfo: [/proc/meminfo - SSI]	MemAvailable:   49433316 kB
20220312 061830.613 INFO             PET0 PIOc_freedecomp Exit - MemInfo: [/proc/meminfo - SSI]	Committed_AS:   12967660 kB
20220312 061830.614 INFO             PET0 PIOc_freedecomp Exit - MemInfo: [/proc/meminfo - SSI]	CommittedPercent: 19.7958 %
20220312 061830.614 INFO             PET0 PIOc_freedecomp Exit - MemInfo: [/proc/self/status]	VmPeak:	  525596 kB
20220312 061830.614 INFO             PET0 PIOc_freedecomp Exit - MemInfo: [/proc/self/status]	VmSize:	  517408 kB
20220312 061830.614 INFO             PET0 PIOc_freedecomp Exit - MemInfo: [/proc/self/status]	VmLck:	       0 kB
20220312 061830.614 INFO             PET0 PIOc_freedecomp Exit - MemInfo: [/proc/self/status]	VmPin:	       0 kB
20220312 061830.614 INFO             PET0 PIOc_freedecomp Exit - MemInfo: [/proc/self/status]	VmHWM:	   64556 kB
20220312 061830.614 INFO             PET0 PIOc_freedecomp Exit - MemInfo: [/proc/self/status]	VmRSS:	   30120 kB
20220312 061830.614 INFO             PET0 PIOc_freedecomp Exit - MemInfo: [/proc/self/status]	VmData:	   32344 kB
20220312 061830.614 INFO             PET0 PIOc_freedecomp Exit - MemInfo: [/proc/self/status]	VmStk:	     148 kB
20220312 061830.614 INFO             PET0 PIOc_freedecomp Exit - MemInfo: [/proc/self/status]	VmExe:	     192 kB
20220312 061830.614 INFO             PET0 PIOc_freedecomp Exit - MemInfo: [/proc/self/status]	VmLib:	   48536 kB
20220312 061830.614 INFO             PET0 PIOc_freedecomp Exit - MemInfo: [/proc/self/status]	VmPTE:	     744 kB
20220312 061830.614 INFO             PET0 PIOc_freedecomp Exit - MemInfo: [/proc/self/status]	VmPMD:	      12 kB
20220312 061830.614 INFO             PET0 PIOc_freedecomp Exit - MemInfo: [/proc/self/status]	VmSwap:	       0 kB
20220312 061830.614 INFO             PET0 PIOc_freedecomp Exit - MemInfo: [/proc/self/status]	VmRSSPercent: 0.0459798 %
20220312 061830.614 INFO             PET0 PIOc_freedecomp Exit - MemInfo: [malloc] Non-mmapped space allocated:                20774912 Byte
20220312 061830.614 INFO             PET0 PIOc_freedecomp Exit - MemInfo: [malloc] Space allocated in mmapped regions:          1581056 Byte
20220312 061830.614 INFO             PET0 PIOc_freedecomp Exit - MemInfo: [malloc] Maximum total allocated space:                     0 Byte
20220312 061830.614 INFO             PET0 PIOc_freedecomp Exit - MemInfo: [malloc] Space in freed fastbin blocks:                  3264 Byte
20220312 061830.614 INFO             PET0 PIOc_freedecomp Exit - MemInfo: [malloc] Total allocated space:                       3136896 Byte
20220312 061830.614 INFO             PET0 PIOc_freedecomp Exit - MemInfo: [malloc] Total free space:                           17638016 Byte
20220312 061830.614 INFO             PET0 PIOc_freedecomp Exit - MemInfo: [malloc] Top-most, releasable space:                   111520 Byte
20220312 061830.614 INFO             PET0 PIOc_freedecomp Exit - MemInfo: [malloc] Total space in use, mmap + non-mmap:         4717952 Byte
20220312 061830.614 INFO             PET0 PIOc_freedecomp Exit - MemInfo: [malloc] Total space held (mmap + non-mmap):         22355968 Byte
20220312 061830.614 INFO             PET0 PIOc_freedecomp Exit - MemInfo: [malloc] Total space used (mmap + non-mmap):          4727280 Byte
20220312 061830.614 INFO             PET0 PIOc_freedecomp Exit - MemInfo: Wall-clock time since execution start:              0.0349626 seconds
20220312 061830.614 INFO             PET0 PASS ESMC_FieldRegridStoreFile test, ESMC_FieldSMMFromFileUTest.C, line 199
20220312 061830.621 INFO             PET0 PASS ESMC_FieldSMMStore from File test, ESMC_FieldSMMFromFileUTest.C, line 229
20220312 061830.621 INFO             PET0 PASS ESMC_FieldSMMStore From File validation, ESMC_FieldSMMFromFileUTest.C, line 257
20220312 061830.621 INFO             PET0 PASS ESMC_FieldRegridRelease, ESMC_FieldSMMFromFileUTest.C, line 271
20220312 061830.621 INFO             PET0 Ending Test, file ESMC_FieldSMMFromFileUTest.C, line 289
20220312 061830.621 INFO             PET0 Finalizing ESMF
20220312 061830.581 INFO             PET1 !!!!!!!!!!!!!!!!!!!!!!!!!!!!!!!!!!!!!!!!!!!!!!!!!!!!!!
20220312 061830.581 INFO             PET1 !!! THE ESMF_LOG IS SET TO OUTPUT ALL LOG MESSAGES !!!
20220312 061830.581 INFO             PET1 !!!     THIS MAY CAUSE SLOWDOWN IN PERFORMANCE     !!!
20220312 061830.581 INFO             PET1 !!! FOR PRODUCTION RUNS, USE:                      !!!
20220312 061830.581 INFO             PET1 !!!                   ESMF_LOGKIND_Multi_On_Error  !!!
20220312 061830.581 INFO             PET1 !!!!!!!!!!!!!!!!!!!!!!!!!!!!!!!!!!!!!!!!!!!!!!!!!!!!!!
20220312 061830.581 INFO             PET1 Running with ESMF Version   : v8.3.0b09-96-g559b459836
20220312 061830.581 INFO             PET1 ESMF library build date/time: "Mar 12 2022" "06:02:09"
20220312 061830.581 INFO             PET1 ESMF library build location : /glade/scratch/rlong/esmf-testing/gfortran_10.1.0_openmpi_O_jedwards_pio_update2
20220312 061830.581 INFO             PET1 ESMF_COMM                   : openmpi
20220312 061830.581 INFO             PET1 ESMF_MOAB                   : enabled
20220312 061830.581 INFO             PET1 ESMF_LAPACK                 : enabled
20220312 061830.581 INFO             PET1 ESMF_NETCDF                 : enabled
20220312 061830.581 INFO             PET1 ESMF_PNETCDF                : disabled
20220312 061830.581 INFO             PET1 ESMF_PIO                    : enabled
20220312 061830.581 INFO             PET1 ESMF_YAMLCPP                : enabled
20220312 061830.582 INFO             PET1 Beginning Test, file ESMC_FieldSMMFromFileUTest.C, line 41
20220312 061830.582 INFO             PET1 Beginning Test, file ESMC_FieldSMMFromFileUTest.C, line 41NUMBER_OF_PROCESSORS 4
20220312 061830.599 INFO             PET1 PIOc_sync Enter - MemInfo: [/proc/meminfo - SSI]	MemTotal:       65507008 kB
20220312 061830.599 INFO             PET1 PIOc_sync Enter - MemInfo: [/proc/meminfo - SSI]	MemFree:        49661728 kB
20220312 061830.599 INFO             PET1 PIOc_sync Enter - MemInfo: [/proc/meminfo - SSI]	MemAvailable:   49425944 kB
20220312 061830.599 INFO             PET1 PIOc_sync Enter - MemInfo: [/proc/meminfo - SSI]	Committed_AS:   12967780 kB
20220312 061830.599 INFO             PET1 PIOc_sync Enter - MemInfo: [/proc/meminfo - SSI]	CommittedPercent: 19.796 %
20220312 061830.599 INFO             PET1 PIOc_sync Enter - MemInfo: [/proc/self/status]	VmPeak:	  500624 kB
20220312 061830.599 INFO             PET1 PIOc_sync Enter - MemInfo: [/proc/self/status]	VmSize:	  500624 kB
20220312 061830.599 INFO             PET1 PIOc_sync Enter - MemInfo: [/proc/self/status]	VmLck:	       0 kB
20220312 061830.599 INFO             PET1 PIOc_sync Enter - MemInfo: [/proc/self/status]	VmPin:	       0 kB
20220312 061830.599 INFO             PET1 PIOc_sync Enter - MemInfo: [/proc/self/status]	VmHWM:	   64560 kB
20220312 061830.599 INFO             PET1 PIOc_sync Enter - MemInfo: [/proc/self/status]	VmRSS:	   20012 kB
20220312 061830.599 INFO             PET1 PIOc_sync Enter - MemInfo: [/proc/self/status]	VmData:	   15560 kB
20220312 061830.599 INFO             PET1 PIOc_sync Enter - MemInfo: [/proc/self/status]	VmStk:	     148 kB
20220312 061830.599 INFO             PET1 PIOc_sync Enter - MemInfo: [/proc/self/status]	VmExe:	     192 kB
20220312 061830.599 INFO             PET1 PIOc_sync Enter - MemInfo: [/proc/self/status]	VmLib:	   48536 kB
20220312 061830.599 INFO             PET1 PIOc_sync Enter - MemInfo: [/proc/self/status]	VmPTE:	     732 kB
20220312 061830.599 INFO             PET1 PIOc_sync Enter - MemInfo: [/proc/self/status]	VmPMD:	      12 kB
20220312 061830.599 INFO             PET1 PIOc_sync Enter - MemInfo: [/proc/self/status]	VmSwap:	       0 kB
20220312 061830.599 INFO             PET1 PIOc_sync Enter - MemInfo: [/proc/self/status]	VmRSSPercent: 0.0305494 %
20220312 061830.599 INFO             PET1 PIOc_sync Enter - MemInfo: [malloc] Non-mmapped space allocated:                 3588096 Byte
20220312 061830.599 INFO             PET1 PIOc_sync Enter - MemInfo: [malloc] Space allocated in mmapped regions:          1581056 Byte
20220312 061830.601 INFO             PET1 PIOc_sync Enter - MemInfo: [malloc] Maximum total allocated space:                     0 Byte
20220312 061830.601 INFO             PET1 PIOc_sync Enter - MemInfo: [malloc] Space in freed fastbin blocks:                  2912 Byte
20220312 061830.601 INFO             PET1 PIOc_sync Enter - MemInfo: [malloc] Total allocated space:                       2974224 Byte
20220312 061830.601 INFO             PET1 PIOc_sync Enter - MemInfo: [malloc] Total free space:                             613872 Byte
20220312 061830.601 INFO             PET1 PIOc_sync Enter - MemInfo: [malloc] Top-most, releasable space:                   374688 Byte
20220312 061830.601 INFO             PET1 PIOc_sync Enter - MemInfo: [malloc] Total space in use, mmap + non-mmap:         4555280 Byte
20220312 061830.601 INFO             PET1 PIOc_sync Enter - MemInfo: [malloc] Total space held (mmap + non-mmap):          5169152 Byte
20220312 061830.601 INFO             PET1 PIOc_sync Enter - MemInfo: [malloc] Total space used (mmap + non-mmap):          4564608 Byte
20220312 061830.601 INFO             PET1 PIOc_sync Enter - MemInfo: Wall-clock time since execution start:              0.0215839 seconds
20220312 061830.602 INFO             PET1 PIOc_sync Exit - MemInfo: [/proc/meminfo - SSI]	MemTotal:       65507008 kB
20220312 061830.602 INFO             PET1 PIOc_sync Exit - MemInfo: [/proc/meminfo - SSI]	MemFree:        49661728 kB
20220312 061830.602 INFO             PET1 PIOc_sync Exit - MemInfo: [/proc/meminfo - SSI]	MemAvailable:   49425944 kB
20220312 061830.602 INFO             PET1 PIOc_sync Exit - MemInfo: [/proc/meminfo - SSI]	Committed_AS:   12967780 kB
20220312 061830.602 INFO             PET1 PIOc_sync Exit - MemInfo: [/proc/meminfo - SSI]	CommittedPercent: 19.796 %
20220312 061830.602 INFO             PET1 PIOc_sync Exit - MemInfo: [/proc/self/status]	VmPeak:	  500624 kB
20220312 061830.602 INFO             PET1 PIOc_sync Exit - MemInfo: [/proc/self/status]	VmSize:	  500624 kB
20220312 061830.602 INFO             PET1 PIOc_sync Exit - MemInfo: [/proc/self/status]	VmLck:	       0 kB
20220312 061830.602 INFO             PET1 PIOc_sync Exit - MemInfo: [/proc/self/status]	VmPin:	       0 kB
20220312 061830.602 INFO             PET1 PIOc_sync Exit - MemInfo: [/proc/self/status]	VmHWM:	   64560 kB
20220312 061830.602 INFO             PET1 PIOc_sync Exit - MemInfo: [/proc/self/status]	VmRSS:	   20056 kB
20220312 061830.602 INFO             PET1 PIOc_sync Exit - MemInfo: [/proc/self/status]	VmData:	   15560 kB
20220312 061830.602 INFO             PET1 PIOc_sync Exit - MemInfo: [/proc/self/status]	VmStk:	     148 kB
20220312 061830.602 INFO             PET1 PIOc_sync Exit - MemInfo: [/proc/self/status]	VmExe:	     192 kB
20220312 061830.602 INFO             PET1 PIOc_sync Exit - MemInfo: [/proc/self/status]	VmLib:	   48536 kB
20220312 061830.602 INFO             PET1 PIOc_sync Exit - MemInfo: [/proc/self/status]	VmPTE:	     732 kB
20220312 061830.602 INFO             PET1 PIOc_sync Exit - MemInfo: [/proc/self/status]	VmPMD:	      12 kB
20220312 061830.602 INFO             PET1 PIOc_sync Exit - MemInfo: [/proc/self/status]	VmSwap:	       0 kB
20220312 061830.602 INFO             PET1 PIOc_sync Exit - MemInfo: [/proc/self/status]	VmRSSPercent: 0.0306166 %
20220312 061830.602 INFO             PET1 PIOc_sync Exit - MemInfo: [malloc] Non-mmapped space allocated:                 3588096 Byte
20220312 061830.602 INFO             PET1 PIOc_sync Exit - MemInfo: [malloc] Space allocated in mmapped regions:          1581056 Byte
20220312 061830.602 INFO             PET1 PIOc_sync Exit - MemInfo: [malloc] Maximum total allocated space:                     0 Byte
20220312 061830.602 INFO             PET1 PIOc_sync Exit - MemInfo: [malloc] Space in freed fastbin blocks:                  1296 Byte
20220312 061830.602 INFO             PET1 PIOc_sync Exit - MemInfo: [malloc] Total allocated space:                       2973648 Byte
20220312 061830.602 INFO             PET1 PIOc_sync Exit - MemInfo: [malloc] Total free space:                             614448 Byte
20220312 061830.602 INFO             PET1 PIOc_sync Exit - MemInfo: [malloc] Top-most, releasable space:                   374688 Byte
20220312 061830.602 INFO             PET1 PIOc_sync Exit - MemInfo: [malloc] Total space in use, mmap + non-mmap:         4554704 Byte
20220312 061830.602 INFO             PET1 PIOc_sync Exit - MemInfo: [malloc] Total space held (mmap + non-mmap):          5169152 Byte
20220312 061830.602 INFO             PET1 PIOc_sync Exit - MemInfo: [malloc] Total space used (mmap + non-mmap):          4564032 Byte
20220312 061830.602 INFO             PET1 PIOc_sync Exit - MemInfo: Wall-clock time since execution start:              0.0228129 seconds
20220312 061830.603 INFO             PET1 PIOc_freedecomp Enter - MemInfo: [/proc/meminfo - SSI]	MemTotal:       65507008 kB
20220312 061830.603 INFO             PET1 PIOc_freedecomp Enter - MemInfo: [/proc/meminfo - SSI]	MemFree:        49676848 kB
20220312 061830.603 INFO             PET1 PIOc_freedecomp Enter - MemInfo: [/proc/meminfo - SSI]	MemAvailable:   49441064 kB
20220312 061830.603 INFO             PET1 PIOc_freedecomp Enter - MemInfo: [/proc/meminfo - SSI]	Committed_AS:   12951392 kB
20220312 061830.603 INFO             PET1 PIOc_freedecomp Enter - MemInfo: [/proc/meminfo - SSI]	CommittedPercent: 19.771 %
20220312 061830.603 INFO             PET1 PIOc_freedecomp Enter - MemInfo: [/proc/self/status]	VmPeak:	  500624 kB
20220312 061830.603 INFO             PET1 PIOc_freedecomp Enter - MemInfo: [/proc/self/status]	VmSize:	  500624 kB
20220312 061830.603 INFO             PET1 PIOc_freedecomp Enter - MemInfo: [/proc/self/status]	VmLck:	       0 kB
20220312 061830.603 INFO             PET1 PIOc_freedecomp Enter - MemInfo: [/proc/self/status]	VmPin:	       0 kB
20220312 061830.603 INFO             PET1 PIOc_freedecomp Enter - MemInfo: [/proc/self/status]	VmHWM:	   64560 kB
20220312 061830.603 INFO             PET1 PIOc_freedecomp Enter - MemInfo: [/proc/self/status]	VmRSS:	   20056 kB
20220312 061830.603 INFO             PET1 PIOc_freedecomp Enter - MemInfo: [/proc/self/status]	VmData:	   15560 kB
20220312 061830.603 INFO             PET1 PIOc_freedecomp Enter - MemInfo: [/proc/self/status]	VmStk:	     148 kB
20220312 061830.603 INFO             PET1 PIOc_freedecomp Enter - MemInfo: [/proc/self/status]	VmExe:	     192 kB
20220312 061830.603 INFO             PET1 PIOc_freedecomp Enter - MemInfo: [/proc/self/status]	VmLib:	   48536 kB
20220312 061830.603 INFO             PET1 PIOc_freedecomp Enter - MemInfo: [/proc/self/status]	VmPTE:	     732 kB
20220312 061830.603 INFO             PET1 PIOc_freedecomp Enter - MemInfo: [/proc/self/status]	VmPMD:	      12 kB
20220312 061830.603 INFO             PET1 PIOc_freedecomp Enter - MemInfo: [/proc/self/status]	VmSwap:	       0 kB
20220312 061830.603 INFO             PET1 PIOc_freedecomp Enter - MemInfo: [/proc/self/status]	VmRSSPercent: 0.0306166 %
20220312 061830.603 INFO             PET1 PIOc_freedecomp Enter - MemInfo: [malloc] Non-mmapped space allocated:                 3588096 Byte
20220312 061830.603 INFO             PET1 PIOc_freedecomp Enter - MemInfo: [malloc] Space allocated in mmapped regions:          1581056 Byte
20220312 061830.603 INFO             PET1 PIOc_freedecomp Enter - MemInfo: [malloc] Maximum total allocated space:                     0 Byte
20220312 061830.603 INFO             PET1 PIOc_freedecomp Enter - MemInfo: [malloc] Space in freed fastbin blocks:                  1584 Byte
20220312 061830.603 INFO             PET1 PIOc_freedecomp Enter - MemInfo: [malloc] Total allocated space:                       2971968 Byte
20220312 061830.603 INFO             PET1 PIOc_freedecomp Enter - MemInfo: [malloc] Total free space:                             616128 Byte
20220312 061830.603 INFO             PET1 PIOc_freedecomp Enter - MemInfo: [malloc] Top-most, releasable space:                   374688 Byte
20220312 061830.603 INFO             PET1 PIOc_freedecomp Enter - MemInfo: [malloc] Total space in use, mmap + non-mmap:         4553024 Byte
20220312 061830.603 INFO             PET1 PIOc_freedecomp Enter - MemInfo: [malloc] Total space held (mmap + non-mmap):          5169152 Byte
20220312 061830.603 INFO             PET1 PIOc_freedecomp Enter - MemInfo: [malloc] Total space used (mmap + non-mmap):          4562352 Byte
20220312 061830.603 INFO             PET1 PIOc_freedecomp Enter - MemInfo: Wall-clock time since execution start:              0.0239211 seconds
20220312 061830.603 INFO             PET1 PIOc_freedecomp Exit - MemInfo: [/proc/meminfo - SSI]	MemTotal:       65507008 kB
20220312 061830.603 INFO             PET1 PIOc_freedecomp Exit - MemInfo: [/proc/meminfo - SSI]	MemFree:        49676848 kB
20220312 061830.603 INFO             PET1 PIOc_freedecomp Exit - MemInfo: [/proc/meminfo - SSI]	MemAvailable:   49441064 kB
20220312 061830.603 INFO             PET1 PIOc_freedecomp Exit - MemInfo: [/proc/meminfo - SSI]	Committed_AS:   12951392 kB
20220312 061830.603 INFO             PET1 PIOc_freedecomp Exit - MemInfo: [/proc/meminfo - SSI]	CommittedPercent: 19.771 %
20220312 061830.603 INFO             PET1 PIOc_freedecomp Exit - MemInfo: [/proc/self/status]	VmPeak:	  500624 kB
20220312 061830.603 INFO             PET1 PIOc_freedecomp Exit - MemInfo: [/proc/self/status]	VmSize:	  500624 kB
20220312 061830.603 INFO             PET1 PIOc_freedecomp Exit - MemInfo: [/proc/self/status]	VmLck:	       0 kB
20220312 061830.603 INFO             PET1 PIOc_freedecomp Exit - MemInfo: [/proc/self/status]	VmPin:	       0 kB
20220312 061830.603 INFO             PET1 PIOc_freedecomp Exit - MemInfo: [/proc/self/status]	VmHWM:	   64560 kB
20220312 061830.603 INFO             PET1 PIOc_freedecomp Exit - MemInfo: [/proc/self/status]	VmRSS:	   20056 kB
20220312 061830.603 INFO             PET1 PIOc_freedecomp Exit - MemInfo: [/proc/self/status]	VmData:	   15560 kB
20220312 061830.603 INFO             PET1 PIOc_freedecomp Exit - MemInfo: [/proc/self/status]	VmStk:	     148 kB
20220312 061830.603 INFO             PET1 PIOc_freedecomp Exit - MemInfo: [/proc/self/status]	VmExe:	     192 kB
20220312 061830.603 INFO             PET1 PIOc_freedecomp Exit - MemInfo: [/proc/self/status]	VmLib:	   48536 kB
20220312 061830.603 INFO             PET1 PIOc_freedecomp Exit - MemInfo: [/proc/self/status]	VmPTE:	     732 kB
20220312 061830.603 INFO             PET1 PIOc_freedecomp Exit - MemInfo: [/proc/self/status]	VmPMD:	      12 kB
20220312 061830.603 INFO             PET1 PIOc_freedecomp Exit - MemInfo: [/proc/self/status]	VmSwap:	       0 kB
20220312 061830.603 INFO             PET1 PIOc_freedecomp Exit - MemInfo: [/proc/self/status]	VmRSSPercent: 0.0306166 %
20220312 061830.603 INFO             PET1 PIOc_freedecomp Exit - MemInfo: [malloc] Non-mmapped space allocated:                 3588096 Byte
20220312 061830.603 INFO             PET1 PIOc_freedecomp Exit - MemInfo: [malloc] Space allocated in mmapped regions:          1581056 Byte
20220312 061830.603 INFO             PET1 PIOc_freedecomp Exit - MemInfo: [malloc] Maximum total allocated space:                     0 Byte
20220312 061830.603 INFO             PET1 PIOc_freedecomp Exit - MemInfo: [malloc] Space in freed fastbin blocks:                  1808 Byte
20220312 061830.603 INFO             PET1 PIOc_freedecomp Exit - MemInfo: [malloc] Total allocated space:                       2969040 Byte
20220312 061830.603 INFO             PET1 PIOc_freedecomp Exit - MemInfo: [malloc] Total free space:                             619056 Byte
20220312 061830.603 INFO             PET1 PIOc_freedecomp Exit - MemInfo: [malloc] Top-most, releasable space:                   374688 Byte
20220312 061830.603 INFO             PET1 PIOc_freedecomp Exit - MemInfo: [malloc] Total space in use, mmap + non-mmap:         4550096 Byte
20220312 061830.603 INFO             PET1 PIOc_freedecomp Exit - MemInfo: [malloc] Total space held (mmap + non-mmap):          5169152 Byte
20220312 061830.603 INFO             PET1 PIOc_freedecomp Exit - MemInfo: [malloc] Total space used (mmap + non-mmap):          4559424 Byte
20220312 061830.603 INFO             PET1 PIOc_freedecomp Exit - MemInfo: Wall-clock time since execution start:              0.0242718 seconds
20220312 061830.608 INFO             PET1 PIOc_sync Enter - MemInfo: [/proc/meminfo - SSI]	MemTotal:       65507008 kB
20220312 061830.608 INFO             PET1 PIOc_sync Enter - MemInfo: [/proc/meminfo - SSI]	MemFree:        49669792 kB
20220312 061830.608 INFO             PET1 PIOc_sync Enter - MemInfo: [/proc/meminfo - SSI]	MemAvailable:   49434008 kB
20220312 061830.608 INFO             PET1 PIOc_sync Enter - MemInfo: [/proc/meminfo - SSI]	Committed_AS:   12967660 kB
20220312 061830.608 INFO             PET1 PIOc_sync Enter - MemInfo: [/proc/meminfo - SSI]	CommittedPercent: 19.7958 %
20220312 061830.608 INFO             PET1 PIOc_sync Enter - MemInfo: [/proc/self/status]	VmPeak:	  500624 kB
20220312 061830.608 INFO             PET1 PIOc_sync Enter - MemInfo: [/proc/self/status]	VmSize:	  500624 kB
20220312 061830.608 INFO             PET1 PIOc_sync Enter - MemInfo: [/proc/self/status]	VmLck:	       0 kB
20220312 061830.608 INFO             PET1 PIOc_sync Enter - MemInfo: [/proc/self/status]	VmPin:	       0 kB
20220312 061830.608 INFO             PET1 PIOc_sync Enter - MemInfo: [/proc/self/status]	VmHWM:	   64560 kB
20220312 061830.608 INFO             PET1 PIOc_sync Enter - MemInfo: [/proc/self/status]	VmRSS:	   20120 kB
20220312 061830.608 INFO             PET1 PIOc_sync Enter - MemInfo: [/proc/self/status]	VmData:	   15560 kB
20220312 061830.608 INFO             PET1 PIOc_sync Enter - MemInfo: [/proc/self/status]	VmStk:	     148 kB
20220312 061830.608 INFO             PET1 PIOc_sync Enter - MemInfo: [/proc/self/status]	VmExe:	     192 kB
20220312 061830.608 INFO             PET1 PIOc_sync Enter - MemInfo: [/proc/self/status]	VmLib:	   48536 kB
20220312 061830.608 INFO             PET1 PIOc_sync Enter - MemInfo: [/proc/self/status]	VmPTE:	     732 kB
20220312 061830.608 INFO             PET1 PIOc_sync Enter - MemInfo: [/proc/self/status]	VmPMD:	      12 kB
20220312 061830.608 INFO             PET1 PIOc_sync Enter - MemInfo: [/proc/self/status]	VmSwap:	       0 kB
20220312 061830.608 INFO             PET1 PIOc_sync Enter - MemInfo: [/proc/self/status]	VmRSSPercent: 0.0307143 %
20220312 061830.608 INFO             PET1 PIOc_sync Enter - MemInfo: [malloc] Non-mmapped space allocated:                 3588096 Byte
20220312 061830.608 INFO             PET1 PIOc_sync Enter - MemInfo: [malloc] Space allocated in mmapped regions:          1581056 Byte
20220312 061830.608 INFO             PET1 PIOc_sync Enter - MemInfo: [malloc] Maximum total allocated space:                     0 Byte
20220312 061830.608 INFO             PET1 PIOc_sync Enter - MemInfo: [malloc] Space in freed fastbin blocks:                  2832 Byte
20220312 061830.608 INFO             PET1 PIOc_sync Enter - MemInfo: [malloc] Total allocated space:                       3031680 Byte
20220312 061830.608 INFO             PET1 PIOc_sync Enter - MemInfo: [malloc] Total free space:                             556416 Byte
20220312 061830.608 INFO             PET1 PIOc_sync Enter - MemInfo: [malloc] Top-most, releasable space:                   317152 Byte
20220312 061830.608 INFO             PET1 PIOc_sync Enter - MemInfo: [malloc] Total space in use, mmap + non-mmap:         4612736 Byte
20220312 061830.608 INFO             PET1 PIOc_sync Enter - MemInfo: [malloc] Total space held (mmap + non-mmap):          5169152 Byte
20220312 061830.608 INFO             PET1 PIOc_sync Enter - MemInfo: [malloc] Total space used (mmap + non-mmap):          4622064 Byte
20220312 061830.608 INFO             PET1 PIOc_sync Enter - MemInfo: Wall-clock time since execution start:              0.0289546 seconds
20220312 061830.608 INFO             PET1 PIOc_sync Exit - MemInfo: [/proc/meminfo - SSI]	MemTotal:       65507008 kB
20220312 061830.608 INFO             PET1 PIOc_sync Exit - MemInfo: [/proc/meminfo - SSI]	MemFree:        49669792 kB
20220312 061830.608 INFO             PET1 PIOc_sync Exit - MemInfo: [/proc/meminfo - SSI]	MemAvailable:   49434008 kB
20220312 061830.608 INFO             PET1 PIOc_sync Exit - MemInfo: [/proc/meminfo - SSI]	Committed_AS:   12967660 kB
20220312 061830.608 INFO             PET1 PIOc_sync Exit - MemInfo: [/proc/meminfo - SSI]	CommittedPercent: 19.7958 %
20220312 061830.608 INFO             PET1 PIOc_sync Exit - MemInfo: [/proc/self/status]	VmPeak:	  500624 kB
20220312 061830.608 INFO             PET1 PIOc_sync Exit - MemInfo: [/proc/self/status]	VmSize:	  500624 kB
20220312 061830.608 INFO             PET1 PIOc_sync Exit - MemInfo: [/proc/self/status]	VmLck:	       0 kB
20220312 061830.608 INFO             PET1 PIOc_sync Exit - MemInfo: [/proc/self/status]	VmPin:	       0 kB
20220312 061830.608 INFO             PET1 PIOc_sync Exit - MemInfo: [/proc/self/status]	VmHWM:	   64560 kB
20220312 061830.608 INFO             PET1 PIOc_sync Exit - MemInfo: [/proc/self/status]	VmRSS:	   20120 kB
20220312 061830.608 INFO             PET1 PIOc_sync Exit - MemInfo: [/proc/self/status]	VmData:	   15560 kB
20220312 061830.608 INFO             PET1 PIOc_sync Exit - MemInfo: [/proc/self/status]	VmStk:	     148 kB
20220312 061830.608 INFO             PET1 PIOc_sync Exit - MemInfo: [/proc/self/status]	VmExe:	     192 kB
20220312 061830.608 INFO             PET1 PIOc_sync Exit - MemInfo: [/proc/self/status]	VmLib:	   48536 kB
20220312 061830.608 INFO             PET1 PIOc_sync Exit - MemInfo: [/proc/self/status]	VmPTE:	     732 kB
20220312 061830.608 INFO             PET1 PIOc_sync Exit - MemInfo: [/proc/self/status]	VmPMD:	      12 kB
20220312 061830.608 INFO             PET1 PIOc_sync Exit - MemInfo: [/proc/self/status]	VmSwap:	       0 kB
20220312 061830.608 INFO             PET1 PIOc_sync Exit - MemInfo: [/proc/self/status]	VmRSSPercent: 0.0307143 %
20220312 061830.608 INFO             PET1 PIOc_sync Exit - MemInfo: [malloc] Non-mmapped space allocated:                 3588096 Byte
20220312 061830.608 INFO             PET1 PIOc_sync Exit - MemInfo: [malloc] Space allocated in mmapped regions:          1581056 Byte
20220312 061830.608 INFO             PET1 PIOc_sync Exit - MemInfo: [malloc] Maximum total allocated space:                     0 Byte
20220312 061830.608 INFO             PET1 PIOc_sync Exit - MemInfo: [malloc] Space in freed fastbin blocks:                  1424 Byte
20220312 061830.609 INFO             PET1 PIOc_sync Exit - MemInfo: [malloc] Total allocated space:                       3031360 Byte
20220312 061830.609 INFO             PET1 PIOc_sync Exit - MemInfo: [malloc] Total free space:                             556736 Byte
20220312 061830.609 INFO             PET1 PIOc_sync Exit - MemInfo: [malloc] Top-most, releasable space:                   317152 Byte
20220312 061830.609 INFO             PET1 PIOc_sync Exit - MemInfo: [malloc] Total space in use, mmap + non-mmap:         4612416 Byte
20220312 061830.609 INFO             PET1 PIOc_sync Exit - MemInfo: [malloc] Total space held (mmap + non-mmap):          5169152 Byte
20220312 061830.609 INFO             PET1 PIOc_sync Exit - MemInfo: [malloc] Total space used (mmap + non-mmap):          4621744 Byte
20220312 061830.609 INFO             PET1 PIOc_sync Exit - MemInfo: Wall-clock time since execution start:               0.029388 seconds
20220312 061830.609 INFO             PET1 PIOc_freedecomp Enter - MemInfo: [/proc/meminfo - SSI]	MemTotal:       65507008 kB
20220312 061830.609 INFO             PET1 PIOc_freedecomp Enter - MemInfo: [/proc/meminfo - SSI]	MemFree:        49669792 kB
20220312 061830.609 INFO             PET1 PIOc_freedecomp Enter - MemInfo: [/proc/meminfo - SSI]	MemAvailable:   49434008 kB
20220312 061830.609 INFO             PET1 PIOc_freedecomp Enter - MemInfo: [/proc/meminfo - SSI]	Committed_AS:   12967660 kB
20220312 061830.609 INFO             PET1 PIOc_freedecomp Enter - MemInfo: [/proc/meminfo - SSI]	CommittedPercent: 19.7958 %
20220312 061830.609 INFO             PET1 PIOc_freedecomp Enter - MemInfo: [/proc/self/status]	VmPeak:	  500624 kB
20220312 061830.609 INFO             PET1 PIOc_freedecomp Enter - MemInfo: [/proc/self/status]	VmSize:	  500624 kB
20220312 061830.609 INFO             PET1 PIOc_freedecomp Enter - MemInfo: [/proc/self/status]	VmLck:	       0 kB
20220312 061830.609 INFO             PET1 PIOc_freedecomp Enter - MemInfo: [/proc/self/status]	VmPin:	       0 kB
20220312 061830.609 INFO             PET1 PIOc_freedecomp Enter - MemInfo: [/proc/self/status]	VmHWM:	   64560 kB
20220312 061830.609 INFO             PET1 PIOc_freedecomp Enter - MemInfo: [/proc/self/status]	VmRSS:	   20120 kB
20220312 061830.609 INFO             PET1 PIOc_freedecomp Enter - MemInfo: [/proc/self/status]	VmData:	   15560 kB
20220312 061830.609 INFO             PET1 PIOc_freedecomp Enter - MemInfo: [/proc/self/status]	VmStk:	     148 kB
20220312 061830.609 INFO             PET1 PIOc_freedecomp Enter - MemInfo: [/proc/self/status]	VmExe:	     192 kB
20220312 061830.609 INFO             PET1 PIOc_freedecomp Enter - MemInfo: [/proc/self/status]	VmLib:	   48536 kB
20220312 061830.609 INFO             PET1 PIOc_freedecomp Enter - MemInfo: [/proc/self/status]	VmPTE:	     732 kB
20220312 061830.609 INFO             PET1 PIOc_freedecomp Enter - MemInfo: [/proc/self/status]	VmPMD:	      12 kB
20220312 061830.609 INFO             PET1 PIOc_freedecomp Enter - MemInfo: [/proc/self/status]	VmSwap:	       0 kB
20220312 061830.609 INFO             PET1 PIOc_freedecomp Enter - MemInfo: [/proc/self/status]	VmRSSPercent: 0.0307143 %
20220312 061830.609 INFO             PET1 PIOc_freedecomp Enter - MemInfo: [malloc] Non-mmapped space allocated:                 3588096 Byte
20220312 061830.609 INFO             PET1 PIOc_freedecomp Enter - MemInfo: [malloc] Space allocated in mmapped regions:          1581056 Byte
20220312 061830.609 INFO             PET1 PIOc_freedecomp Enter - MemInfo: [malloc] Maximum total allocated space:                     0 Byte
20220312 061830.609 INFO             PET1 PIOc_freedecomp Enter - MemInfo: [malloc] Space in freed fastbin blocks:                  1568 Byte
20220312 061830.609 INFO             PET1 PIOc_freedecomp Enter - MemInfo: [malloc] Total allocated space:                       3029520 Byte
20220312 061830.609 INFO             PET1 PIOc_freedecomp Enter - MemInfo: [malloc] Total free space:                             558576 Byte
20220312 061830.609 INFO             PET1 PIOc_freedecomp Enter - MemInfo: [malloc] Top-most, releasable space:                   317152 Byte
20220312 061830.609 INFO             PET1 PIOc_freedecomp Enter - MemInfo: [malloc] Total space in use, mmap + non-mmap:         4610576 Byte
20220312 061830.609 INFO             PET1 PIOc_freedecomp Enter - MemInfo: [malloc] Total space held (mmap + non-mmap):          5169152 Byte
20220312 061830.609 INFO             PET1 PIOc_freedecomp Enter - MemInfo: [malloc] Total space used (mmap + non-mmap):          4619904 Byte
20220312 061830.609 INFO             PET1 PIOc_freedecomp Enter - MemInfo: Wall-clock time since execution start:               0.029761 seconds
20220312 061830.609 INFO             PET1 PIOc_freedecomp Exit - MemInfo: [/proc/meminfo - SSI]	MemTotal:       65507008 kB
20220312 061830.609 INFO             PET1 PIOc_freedecomp Exit - MemInfo: [/proc/meminfo - SSI]	MemFree:        49669792 kB
20220312 061830.609 INFO             PET1 PIOc_freedecomp Exit - MemInfo: [/proc/meminfo - SSI]	MemAvailable:   49434008 kB
20220312 061830.609 INFO             PET1 PIOc_freedecomp Exit - MemInfo: [/proc/meminfo - SSI]	Committed_AS:   12967660 kB
20220312 061830.609 INFO             PET1 PIOc_freedecomp Exit - MemInfo: [/proc/meminfo - SSI]	CommittedPercent: 19.7958 %
20220312 061830.609 INFO             PET1 PIOc_freedecomp Exit - MemInfo: [/proc/self/status]	VmPeak:	  500624 kB
20220312 061830.609 INFO             PET1 PIOc_freedecomp Exit - MemInfo: [/proc/self/status]	VmSize:	  500624 kB
20220312 061830.609 INFO             PET1 PIOc_freedecomp Exit - MemInfo: [/proc/self/status]	VmLck:	       0 kB
20220312 061830.609 INFO             PET1 PIOc_freedecomp Exit - MemInfo: [/proc/self/status]	VmPin:	       0 kB
20220312 061830.609 INFO             PET1 PIOc_freedecomp Exit - MemInfo: [/proc/self/status]	VmHWM:	   64560 kB
20220312 061830.609 INFO             PET1 PIOc_freedecomp Exit - MemInfo: [/proc/self/status]	VmRSS:	   20120 kB
20220312 061830.609 INFO             PET1 PIOc_freedecomp Exit - MemInfo: [/proc/self/status]	VmData:	   15560 kB
20220312 061830.609 INFO             PET1 PIOc_freedecomp Exit - MemInfo: [/proc/self/status]	VmStk:	     148 kB
20220312 061830.609 INFO             PET1 PIOc_freedecomp Exit - MemInfo: [/proc/self/status]	VmExe:	     192 kB
20220312 061830.609 INFO             PET1 PIOc_freedecomp Exit - MemInfo: [/proc/self/status]	VmLib:	   48536 kB
20220312 061830.609 INFO             PET1 PIOc_freedecomp Exit - MemInfo: [/proc/self/status]	VmPTE:	     732 kB
20220312 061830.609 INFO             PET1 PIOc_freedecomp Exit - MemInfo: [/proc/self/status]	VmPMD:	      12 kB
20220312 061830.609 INFO             PET1 PIOc_freedecomp Exit - MemInfo: [/proc/self/status]	VmSwap:	       0 kB
20220312 061830.609 INFO             PET1 PIOc_freedecomp Exit - MemInfo: [/proc/self/status]	VmRSSPercent: 0.0307143 %
20220312 061830.609 INFO             PET1 PIOc_freedecomp Exit - MemInfo: [malloc] Non-mmapped space allocated:                 3588096 Byte
20220312 061830.609 INFO             PET1 PIOc_freedecomp Exit - MemInfo: [malloc] Space allocated in mmapped regions:          1581056 Byte
20220312 061830.609 INFO             PET1 PIOc_freedecomp Exit - MemInfo: [malloc] Maximum total allocated space:                     0 Byte
20220312 061830.609 INFO             PET1 PIOc_freedecomp Exit - MemInfo: [malloc] Space in freed fastbin blocks:                  1808 Byte
20220312 061830.609 INFO             PET1 PIOc_freedecomp Exit - MemInfo: [malloc] Total allocated space:                       3026592 Byte
20220312 061830.609 INFO             PET1 PIOc_freedecomp Exit - MemInfo: [malloc] Total free space:                             561504 Byte
20220312 061830.609 INFO             PET1 PIOc_freedecomp Exit - MemInfo: [malloc] Top-most, releasable space:                   317152 Byte
20220312 061830.609 INFO             PET1 PIOc_freedecomp Exit - MemInfo: [malloc] Total space in use, mmap + non-mmap:         4607648 Byte
20220312 061830.609 INFO             PET1 PIOc_freedecomp Exit - MemInfo: [malloc] Total space held (mmap + non-mmap):          5169152 Byte
20220312 061830.609 INFO             PET1 PIOc_freedecomp Exit - MemInfo: [malloc] Total space used (mmap + non-mmap):          4616976 Byte
20220312 061830.609 INFO             PET1 PIOc_freedecomp Exit - MemInfo: Wall-clock time since execution start:               0.030108 seconds
20220312 061830.610 INFO             PET1 PIOc_sync Enter - MemInfo: [/proc/meminfo - SSI]	MemTotal:       65507008 kB
20220312 061830.610 INFO             PET1 PIOc_sync Enter - MemInfo: [/proc/meminfo - SSI]	MemFree:        49669288 kB
20220312 061830.610 INFO             PET1 PIOc_sync Enter - MemInfo: [/proc/meminfo - SSI]	MemAvailable:   49433504 kB
20220312 061830.610 INFO             PET1 PIOc_sync Enter - MemInfo: [/proc/meminfo - SSI]	Committed_AS:   12967660 kB
20220312 061830.610 INFO             PET1 PIOc_sync Enter - MemInfo: [/proc/meminfo - SSI]	CommittedPercent: 19.7958 %
20220312 061830.610 INFO             PET1 PIOc_sync Enter - MemInfo: [/proc/self/status]	VmPeak:	  500624 kB
20220312 061830.610 INFO             PET1 PIOc_sync Enter - MemInfo: [/proc/self/status]	VmSize:	  500624 kB
20220312 061830.610 INFO             PET1 PIOc_sync Enter - MemInfo: [/proc/self/status]	VmLck:	       0 kB
20220312 061830.610 INFO             PET1 PIOc_sync Enter - MemInfo: [/proc/self/status]	VmPin:	       0 kB
20220312 061830.610 INFO             PET1 PIOc_sync Enter - MemInfo: [/proc/self/status]	VmHWM:	   64560 kB
20220312 061830.610 INFO             PET1 PIOc_sync Enter - MemInfo: [/proc/self/status]	VmRSS:	   20120 kB
20220312 061830.610 INFO             PET1 PIOc_sync Enter - MemInfo: [/proc/self/status]	VmData:	   15560 kB
20220312 061830.610 INFO             PET1 PIOc_sync Enter - MemInfo: [/proc/self/status]	VmStk:	     148 kB
20220312 061830.610 INFO             PET1 PIOc_sync Enter - MemInfo: [/proc/self/status]	VmExe:	     192 kB
20220312 061830.610 INFO             PET1 PIOc_sync Enter - MemInfo: [/proc/self/status]	VmLib:	   48536 kB
20220312 061830.610 INFO             PET1 PIOc_sync Enter - MemInfo: [/proc/self/status]	VmPTE:	     732 kB
20220312 061830.610 INFO             PET1 PIOc_sync Enter - MemInfo: [/proc/self/status]	VmPMD:	      12 kB
20220312 061830.610 INFO             PET1 PIOc_sync Enter - MemInfo: [/proc/self/status]	VmSwap:	       0 kB
20220312 061830.610 INFO             PET1 PIOc_sync Enter - MemInfo: [/proc/self/status]	VmRSSPercent: 0.0307143 %
20220312 061830.610 INFO             PET1 PIOc_sync Enter - MemInfo: [malloc] Non-mmapped space allocated:                 3588096 Byte
20220312 061830.610 INFO             PET1 PIOc_sync Enter - MemInfo: [malloc] Space allocated in mmapped regions:          1581056 Byte
20220312 061830.610 INFO             PET1 PIOc_sync Enter - MemInfo: [malloc] Maximum total allocated space:                     0 Byte
20220312 061830.610 INFO             PET1 PIOc_sync Enter - MemInfo: [malloc] Space in freed fastbin blocks:                  2832 Byte
20220312 061830.610 INFO             PET1 PIOc_sync Enter - MemInfo: [malloc] Total allocated space:                       3031776 Byte
20220312 061830.610 INFO             PET1 PIOc_sync Enter - MemInfo: [malloc] Total free space:                             556320 Byte
20220312 061830.610 INFO             PET1 PIOc_sync Enter - MemInfo: [malloc] Top-most, releasable space:                   317152 Byte
20220312 061830.611 INFO             PET1 PIOc_sync Enter - MemInfo: [malloc] Total space in use, mmap + non-mmap:         4612832 Byte
20220312 061830.611 INFO             PET1 PIOc_sync Enter - MemInfo: [malloc] Total space held (mmap + non-mmap):          5169152 Byte
20220312 061830.611 INFO             PET1 PIOc_sync Enter - MemInfo: [malloc] Total space used (mmap + non-mmap):          4622160 Byte
20220312 061830.611 INFO             PET1 PIOc_sync Enter - MemInfo: Wall-clock time since execution start:              0.0313572 seconds
20220312 061830.613 INFO             PET1 PIOc_sync Exit - MemInfo: [/proc/meminfo - SSI]	MemTotal:       65507008 kB
20220312 061830.613 INFO             PET1 PIOc_sync Exit - MemInfo: [/proc/meminfo - SSI]	MemFree:        49669036 kB
20220312 061830.613 INFO             PET1 PIOc_sync Exit - MemInfo: [/proc/meminfo - SSI]	MemAvailable:   49433316 kB
20220312 061830.613 INFO             PET1 PIOc_sync Exit - MemInfo: [/proc/meminfo - SSI]	Committed_AS:   12967660 kB
20220312 061830.613 INFO             PET1 PIOc_sync Exit - MemInfo: [/proc/meminfo - SSI]	CommittedPercent: 19.7958 %
20220312 061830.613 INFO             PET1 PIOc_sync Exit - MemInfo: [/proc/self/status]	VmPeak:	  500624 kB
20220312 061830.613 INFO             PET1 PIOc_sync Exit - MemInfo: [/proc/self/status]	VmSize:	  500624 kB
20220312 061830.613 INFO             PET1 PIOc_sync Exit - MemInfo: [/proc/self/status]	VmLck:	       0 kB
20220312 061830.613 INFO             PET1 PIOc_sync Exit - MemInfo: [/proc/self/status]	VmPin:	       0 kB
20220312 061830.613 INFO             PET1 PIOc_sync Exit - MemInfo: [/proc/self/status]	VmHWM:	   64560 kB
20220312 061830.613 INFO             PET1 PIOc_sync Exit - MemInfo: [/proc/self/status]	VmRSS:	   20120 kB
20220312 061830.613 INFO             PET1 PIOc_sync Exit - MemInfo: [/proc/self/status]	VmData:	   15560 kB
20220312 061830.613 INFO             PET1 PIOc_sync Exit - MemInfo: [/proc/self/status]	VmStk:	     148 kB
20220312 061830.613 INFO             PET1 PIOc_sync Exit - MemInfo: [/proc/self/status]	VmExe:	     192 kB
20220312 061830.613 INFO             PET1 PIOc_sync Exit - MemInfo: [/proc/self/status]	VmLib:	   48536 kB
20220312 061830.613 INFO             PET1 PIOc_sync Exit - MemInfo: [/proc/self/status]	VmPTE:	     732 kB
20220312 061830.613 INFO             PET1 PIOc_sync Exit - MemInfo: [/proc/self/status]	VmPMD:	      12 kB
20220312 061830.613 INFO             PET1 PIOc_sync Exit - MemInfo: [/proc/self/status]	VmSwap:	       0 kB
20220312 061830.613 INFO             PET1 PIOc_sync Exit - MemInfo: [/proc/self/status]	VmRSSPercent: 0.0307143 %
20220312 061830.613 INFO             PET1 PIOc_sync Exit - MemInfo: [malloc] Non-mmapped space allocated:                 3588096 Byte
20220312 061830.613 INFO             PET1 PIOc_sync Exit - MemInfo: [malloc] Space allocated in mmapped regions:          1581056 Byte
20220312 061830.613 INFO             PET1 PIOc_sync Exit - MemInfo: [malloc] Maximum total allocated space:                     0 Byte
20220312 061830.613 INFO             PET1 PIOc_sync Exit - MemInfo: [malloc] Space in freed fastbin blocks:                  1296 Byte
20220312 061830.613 INFO             PET1 PIOc_sync Exit - MemInfo: [malloc] Total allocated space:                       3031456 Byte
20220312 061830.613 INFO             PET1 PIOc_sync Exit - MemInfo: [malloc] Total free space:                             556640 Byte
20220312 061830.613 INFO             PET1 PIOc_sync Exit - MemInfo: [malloc] Top-most, releasable space:                   317152 Byte
20220312 061830.613 INFO             PET1 PIOc_sync Exit - MemInfo: [malloc] Total space in use, mmap + non-mmap:         4612512 Byte
20220312 061830.613 INFO             PET1 PIOc_sync Exit - MemInfo: [malloc] Total space held (mmap + non-mmap):          5169152 Byte
20220312 061830.613 INFO             PET1 PIOc_sync Exit - MemInfo: [malloc] Total space used (mmap + non-mmap):          4621840 Byte
20220312 061830.613 INFO             PET1 PIOc_sync Exit - MemInfo: Wall-clock time since execution start:               0.033791 seconds
20220312 061830.613 INFO             PET1 PIOc_freedecomp Enter - MemInfo: [/proc/meminfo - SSI]	MemTotal:       65507008 kB
20220312 061830.613 INFO             PET1 PIOc_freedecomp Enter - MemInfo: [/proc/meminfo - SSI]	MemFree:        49669036 kB
20220312 061830.613 INFO             PET1 PIOc_freedecomp Enter - MemInfo: [/proc/meminfo - SSI]	MemAvailable:   49433316 kB
20220312 061830.613 INFO             PET1 PIOc_freedecomp Enter - MemInfo: [/proc/meminfo - SSI]	Committed_AS:   12967660 kB
20220312 061830.613 INFO             PET1 PIOc_freedecomp Enter - MemInfo: [/proc/meminfo - SSI]	CommittedPercent: 19.7958 %
20220312 061830.613 INFO             PET1 PIOc_freedecomp Enter - MemInfo: [/proc/self/status]	VmPeak:	  500624 kB
20220312 061830.613 INFO             PET1 PIOc_freedecomp Enter - MemInfo: [/proc/self/status]	VmSize:	  500624 kB
20220312 061830.613 INFO             PET1 PIOc_freedecomp Enter - MemInfo: [/proc/self/status]	VmLck:	       0 kB
20220312 061830.613 INFO             PET1 PIOc_freedecomp Enter - MemInfo: [/proc/self/status]	VmPin:	       0 kB
20220312 061830.613 INFO             PET1 PIOc_freedecomp Enter - MemInfo: [/proc/self/status]	VmHWM:	   64560 kB
20220312 061830.613 INFO             PET1 PIOc_freedecomp Enter - MemInfo: [/proc/self/status]	VmRSS:	   20120 kB
20220312 061830.613 INFO             PET1 PIOc_freedecomp Enter - MemInfo: [/proc/self/status]	VmData:	   15560 kB
20220312 061830.613 INFO             PET1 PIOc_freedecomp Enter - MemInfo: [/proc/self/status]	VmStk:	     148 kB
20220312 061830.613 INFO             PET1 PIOc_freedecomp Enter - MemInfo: [/proc/self/status]	VmExe:	     192 kB
20220312 061830.613 INFO             PET1 PIOc_freedecomp Enter - MemInfo: [/proc/self/status]	VmLib:	   48536 kB
20220312 061830.613 INFO             PET1 PIOc_freedecomp Enter - MemInfo: [/proc/self/status]	VmPTE:	     732 kB
20220312 061830.613 INFO             PET1 PIOc_freedecomp Enter - MemInfo: [/proc/self/status]	VmPMD:	      12 kB
20220312 061830.613 INFO             PET1 PIOc_freedecomp Enter - MemInfo: [/proc/self/status]	VmSwap:	       0 kB
20220312 061830.613 INFO             PET1 PIOc_freedecomp Enter - MemInfo: [/proc/self/status]	VmRSSPercent: 0.0307143 %
20220312 061830.613 INFO             PET1 PIOc_freedecomp Enter - MemInfo: [malloc] Non-mmapped space allocated:                 3588096 Byte
20220312 061830.613 INFO             PET1 PIOc_freedecomp Enter - MemInfo: [malloc] Space allocated in mmapped regions:          1581056 Byte
20220312 061830.613 INFO             PET1 PIOc_freedecomp Enter - MemInfo: [malloc] Maximum total allocated space:                     0 Byte
20220312 061830.613 INFO             PET1 PIOc_freedecomp Enter - MemInfo: [malloc] Space in freed fastbin blocks:                  1456 Byte
20220312 061830.613 INFO             PET1 PIOc_freedecomp Enter - MemInfo: [malloc] Total allocated space:                       3029488 Byte
20220312 061830.613 INFO             PET1 PIOc_freedecomp Enter - MemInfo: [malloc] Total free space:                             558608 Byte
20220312 061830.613 INFO             PET1 PIOc_freedecomp Enter - MemInfo: [malloc] Top-most, releasable space:                   317152 Byte
20220312 061830.613 INFO             PET1 PIOc_freedecomp Enter - MemInfo: [malloc] Total space in use, mmap + non-mmap:         4610544 Byte
20220312 061830.613 INFO             PET1 PIOc_freedecomp Enter - MemInfo: [malloc] Total space held (mmap + non-mmap):          5169152 Byte
20220312 061830.613 INFO             PET1 PIOc_freedecomp Enter - MemInfo: [malloc] Total space used (mmap + non-mmap):          4619872 Byte
20220312 061830.613 INFO             PET1 PIOc_freedecomp Enter - MemInfo: Wall-clock time since execution start:              0.0342341 seconds
20220312 061830.613 INFO             PET1 PIOc_freedecomp Exit - MemInfo: [/proc/meminfo - SSI]	MemTotal:       65507008 kB
20220312 061830.613 INFO             PET1 PIOc_freedecomp Exit - MemInfo: [/proc/meminfo - SSI]	MemFree:        49669036 kB
20220312 061830.613 INFO             PET1 PIOc_freedecomp Exit - MemInfo: [/proc/meminfo - SSI]	MemAvailable:   49433316 kB
20220312 061830.613 INFO             PET1 PIOc_freedecomp Exit - MemInfo: [/proc/meminfo - SSI]	Committed_AS:   12967660 kB
20220312 061830.614 INFO             PET1 PIOc_freedecomp Exit - MemInfo: [/proc/meminfo - SSI]	CommittedPercent: 19.7958 %
20220312 061830.614 INFO             PET1 PIOc_freedecomp Exit - MemInfo: [/proc/self/status]	VmPeak:	  500624 kB
20220312 061830.614 INFO             PET1 PIOc_freedecomp Exit - MemInfo: [/proc/self/status]	VmSize:	  500624 kB
20220312 061830.614 INFO             PET1 PIOc_freedecomp Exit - MemInfo: [/proc/self/status]	VmLck:	       0 kB
20220312 061830.614 INFO             PET1 PIOc_freedecomp Exit - MemInfo: [/proc/self/status]	VmPin:	       0 kB
20220312 061830.614 INFO             PET1 PIOc_freedecomp Exit - MemInfo: [/proc/self/status]	VmHWM:	   64560 kB
20220312 061830.614 INFO             PET1 PIOc_freedecomp Exit - MemInfo: [/proc/self/status]	VmRSS:	   20120 kB
20220312 061830.614 INFO             PET1 PIOc_freedecomp Exit - MemInfo: [/proc/self/status]	VmData:	   15560 kB
20220312 061830.614 INFO             PET1 PIOc_freedecomp Exit - MemInfo: [/proc/self/status]	VmStk:	     148 kB
20220312 061830.614 INFO             PET1 PIOc_freedecomp Exit - MemInfo: [/proc/self/status]	VmExe:	     192 kB
20220312 061830.614 INFO             PET1 PIOc_freedecomp Exit - MemInfo: [/proc/self/status]	VmLib:	   48536 kB
20220312 061830.614 INFO             PET1 PIOc_freedecomp Exit - MemInfo: [/proc/self/status]	VmPTE:	     732 kB
20220312 061830.614 INFO             PET1 PIOc_freedecomp Exit - MemInfo: [/proc/self/status]	VmPMD:	      12 kB
20220312 061830.614 INFO             PET1 PIOc_freedecomp Exit - MemInfo: [/proc/self/status]	VmSwap:	       0 kB
20220312 061830.614 INFO             PET1 PIOc_freedecomp Exit - MemInfo: [/proc/self/status]	VmRSSPercent: 0.0307143 %
20220312 061830.614 INFO             PET1 PIOc_freedecomp Exit - MemInfo: [malloc] Non-mmapped space allocated:                 3588096 Byte
20220312 061830.614 INFO             PET1 PIOc_freedecomp Exit - MemInfo: [malloc] Space allocated in mmapped regions:          1581056 Byte
20220312 061830.614 INFO             PET1 PIOc_freedecomp Exit - MemInfo: [malloc] Maximum total allocated space:                     0 Byte
20220312 061830.614 INFO             PET1 PIOc_freedecomp Exit - MemInfo: [malloc] Space in freed fastbin blocks:                  1920 Byte
20220312 061830.614 INFO             PET1 PIOc_freedecomp Exit - MemInfo: [malloc] Total allocated space:                       3026560 Byte
20220312 061830.614 INFO             PET1 PIOc_freedecomp Exit - MemInfo: [malloc] Total free space:                             561536 Byte
20220312 061830.614 INFO             PET1 PIOc_freedecomp Exit - MemInfo: [malloc] Top-most, releasable space:                   317152 Byte
20220312 061830.614 INFO             PET1 PIOc_freedecomp Exit - MemInfo: [malloc] Total space in use, mmap + non-mmap:         4607616 Byte
20220312 061830.614 INFO             PET1 PIOc_freedecomp Exit - MemInfo: [malloc] Total space held (mmap + non-mmap):          5169152 Byte
20220312 061830.614 INFO             PET1 PIOc_freedecomp Exit - MemInfo: [malloc] Total space used (mmap + non-mmap):          4616944 Byte
20220312 061830.614 INFO             PET1 PIOc_freedecomp Exit - MemInfo: Wall-clock time since execution start:              0.0345776 seconds
20220312 061830.614 INFO             PET1 PASS ESMC_FieldRegridStoreFile test, ESMC_FieldSMMFromFileUTest.C, line 199
20220312 061830.621 INFO             PET1 PASS ESMC_FieldSMMStore from File test, ESMC_FieldSMMFromFileUTest.C, line 229
20220312 061830.621 INFO             PET1 PASS ESMC_FieldSMMStore From File validation, ESMC_FieldSMMFromFileUTest.C, line 257
20220312 061830.621 INFO             PET1 PASS ESMC_FieldRegridRelease, ESMC_FieldSMMFromFileUTest.C, line 271
20220312 061830.621 INFO             PET1 Ending Test, file ESMC_FieldSMMFromFileUTest.C, line 289
20220312 061830.621 INFO             PET1 Finalizing ESMF
20220312 061830.580 INFO             PET2 !!!!!!!!!!!!!!!!!!!!!!!!!!!!!!!!!!!!!!!!!!!!!!!!!!!!!!
20220312 061830.580 INFO             PET2 !!! THE ESMF_LOG IS SET TO OUTPUT ALL LOG MESSAGES !!!
20220312 061830.580 INFO             PET2 !!!     THIS MAY CAUSE SLOWDOWN IN PERFORMANCE     !!!
20220312 061830.580 INFO             PET2 !!! FOR PRODUCTION RUNS, USE:                      !!!
20220312 061830.580 INFO             PET2 !!!                   ESMF_LOGKIND_Multi_On_Error  !!!
20220312 061830.580 INFO             PET2 !!!!!!!!!!!!!!!!!!!!!!!!!!!!!!!!!!!!!!!!!!!!!!!!!!!!!!
20220312 061830.580 INFO             PET2 Running with ESMF Version   : v8.3.0b09-96-g559b459836
20220312 061830.580 INFO             PET2 ESMF library build date/time: "Mar 12 2022" "06:02:09"
20220312 061830.580 INFO             PET2 ESMF library build location : /glade/scratch/rlong/esmf-testing/gfortran_10.1.0_openmpi_O_jedwards_pio_update2
20220312 061830.580 INFO             PET2 ESMF_COMM                   : openmpi
20220312 061830.580 INFO             PET2 ESMF_MOAB                   : enabled
20220312 061830.580 INFO             PET2 ESMF_LAPACK                 : enabled
20220312 061830.580 INFO             PET2 ESMF_NETCDF                 : enabled
20220312 061830.580 INFO             PET2 ESMF_PNETCDF                : disabled
20220312 061830.580 INFO             PET2 ESMF_PIO                    : enabled
20220312 061830.580 INFO             PET2 ESMF_YAMLCPP                : enabled
20220312 061830.581 INFO             PET2 Beginning Test, file ESMC_FieldSMMFromFileUTest.C, line 41
20220312 061830.581 INFO             PET2 Beginning Test, file ESMC_FieldSMMFromFileUTest.C, line 41NUMBER_OF_PROCESSORS 4
20220312 061830.599 INFO             PET2 PIOc_sync Enter - MemInfo: [/proc/meminfo - SSI]	MemTotal:       65507008 kB
20220312 061830.599 INFO             PET2 PIOc_sync Enter - MemInfo: [/proc/meminfo - SSI]	MemFree:        49661728 kB
20220312 061830.599 INFO             PET2 PIOc_sync Enter - MemInfo: [/proc/meminfo - SSI]	MemAvailable:   49425944 kB
20220312 061830.599 INFO             PET2 PIOc_sync Enter - MemInfo: [/proc/meminfo - SSI]	Committed_AS:   12967780 kB
20220312 061830.599 INFO             PET2 PIOc_sync Enter - MemInfo: [/proc/meminfo - SSI]	CommittedPercent: 19.796 %
20220312 061830.599 INFO             PET2 PIOc_sync Enter - MemInfo: [/proc/self/status]	VmPeak:	  500624 kB
20220312 061830.599 INFO             PET2 PIOc_sync Enter - MemInfo: [/proc/self/status]	VmSize:	  500624 kB
20220312 061830.599 INFO             PET2 PIOc_sync Enter - MemInfo: [/proc/self/status]	VmLck:	       0 kB
20220312 061830.599 INFO             PET2 PIOc_sync Enter - MemInfo: [/proc/self/status]	VmPin:	       0 kB
20220312 061830.599 INFO             PET2 PIOc_sync Enter - MemInfo: [/proc/self/status]	VmHWM:	   64564 kB
20220312 061830.599 INFO             PET2 PIOc_sync Enter - MemInfo: [/proc/self/status]	VmRSS:	   20040 kB
20220312 061830.599 INFO             PET2 PIOc_sync Enter - MemInfo: [/proc/self/status]	VmData:	   15560 kB
20220312 061830.599 INFO             PET2 PIOc_sync Enter - MemInfo: [/proc/self/status]	VmStk:	     148 kB
20220312 061830.599 INFO             PET2 PIOc_sync Enter - MemInfo: [/proc/self/status]	VmExe:	     192 kB
20220312 061830.599 INFO             PET2 PIOc_sync Enter - MemInfo: [/proc/self/status]	VmLib:	   48536 kB
20220312 061830.599 INFO             PET2 PIOc_sync Enter - MemInfo: [/proc/self/status]	VmPTE:	     728 kB
20220312 061830.599 INFO             PET2 PIOc_sync Enter - MemInfo: [/proc/self/status]	VmPMD:	      16 kB
20220312 061830.599 INFO             PET2 PIOc_sync Enter - MemInfo: [/proc/self/status]	VmSwap:	       0 kB
20220312 061830.599 INFO             PET2 PIOc_sync Enter - MemInfo: [/proc/self/status]	VmRSSPercent: 0.0305921 %
20220312 061830.599 INFO             PET2 PIOc_sync Enter - MemInfo: [malloc] Non-mmapped space allocated:                 3588096 Byte
20220312 061830.599 INFO             PET2 PIOc_sync Enter - MemInfo: [malloc] Space allocated in mmapped regions:          1581056 Byte
20220312 061830.601 INFO             PET2 PIOc_sync Enter - MemInfo: [malloc] Maximum total allocated space:                     0 Byte
20220312 061830.601 INFO             PET2 PIOc_sync Enter - MemInfo: [malloc] Space in freed fastbin blocks:                  2800 Byte
20220312 061830.601 INFO             PET2 PIOc_sync Enter - MemInfo: [malloc] Total allocated space:                       2973920 Byte
20220312 061830.601 INFO             PET2 PIOc_sync Enter - MemInfo: [malloc] Total free space:                             614176 Byte
20220312 061830.601 INFO             PET2 PIOc_sync Enter - MemInfo: [malloc] Top-most, releasable space:                   374944 Byte
20220312 061830.601 INFO             PET2 PIOc_sync Enter - MemInfo: [malloc] Total space in use, mmap + non-mmap:         4554976 Byte
20220312 061830.602 INFO             PET2 PIOc_sync Enter - MemInfo: [malloc] Total space held (mmap + non-mmap):          5169152 Byte
20220312 061830.602 INFO             PET2 PIOc_sync Enter - MemInfo: [malloc] Total space used (mmap + non-mmap):          4564304 Byte
20220312 061830.602 INFO             PET2 PIOc_sync Enter - MemInfo: Wall-clock time since execution start:              0.0229989 seconds
20220312 061830.602 INFO             PET2 PIOc_sync Exit - MemInfo: [/proc/meminfo - SSI]	MemTotal:       65507008 kB
20220312 061830.602 INFO             PET2 PIOc_sync Exit - MemInfo: [/proc/meminfo - SSI]	MemFree:        49661728 kB
20220312 061830.602 INFO             PET2 PIOc_sync Exit - MemInfo: [/proc/meminfo - SSI]	MemAvailable:   49425944 kB
20220312 061830.602 INFO             PET2 PIOc_sync Exit - MemInfo: [/proc/meminfo - SSI]	Committed_AS:   12967780 kB
20220312 061830.602 INFO             PET2 PIOc_sync Exit - MemInfo: [/proc/meminfo - SSI]	CommittedPercent: 19.796 %
20220312 061830.602 INFO             PET2 PIOc_sync Exit - MemInfo: [/proc/self/status]	VmPeak:	  500624 kB
20220312 061830.602 INFO             PET2 PIOc_sync Exit - MemInfo: [/proc/self/status]	VmSize:	  500624 kB
20220312 061830.602 INFO             PET2 PIOc_sync Exit - MemInfo: [/proc/self/status]	VmLck:	       0 kB
20220312 061830.602 INFO             PET2 PIOc_sync Exit - MemInfo: [/proc/self/status]	VmPin:	       0 kB
20220312 061830.602 INFO             PET2 PIOc_sync Exit - MemInfo: [/proc/self/status]	VmHWM:	   64564 kB
20220312 061830.602 INFO             PET2 PIOc_sync Exit - MemInfo: [/proc/self/status]	VmRSS:	   20084 kB
