build time -- 2022-03-12 06:04:12.566204
20220312 061826.117 INFO             PET0 !!!!!!!!!!!!!!!!!!!!!!!!!!!!!!!!!!!!!!!!!!!!!!!!!!!!!!
20220312 061826.117 INFO             PET0 !!! THE ESMF_LOG IS SET TO OUTPUT ALL LOG MESSAGES !!!
20220312 061826.117 INFO             PET0 !!!     THIS MAY CAUSE SLOWDOWN IN PERFORMANCE     !!!
20220312 061826.117 INFO             PET0 !!! FOR PRODUCTION RUNS, USE:                      !!!
20220312 061826.117 INFO             PET0 !!!                   ESMF_LOGKIND_Multi_On_Error  !!!
20220312 061826.117 INFO             PET0 !!!!!!!!!!!!!!!!!!!!!!!!!!!!!!!!!!!!!!!!!!!!!!!!!!!!!!
20220312 061826.117 INFO             PET0 Running with ESMF Version   : v8.3.0b09-96-g559b459836
20220312 061826.117 INFO             PET0 ESMF library build date/time: "Mar 12 2022" "06:02:09"
20220312 061826.117 INFO             PET0 ESMF library build location : /glade/scratch/rlong/esmf-testing/gfortran_10.1.0_openmpi_O_jedwards_pio_update2
20220312 061826.117 INFO             PET0 ESMF_COMM                   : openmpi
20220312 061826.117 INFO             PET0 ESMF_MOAB                   : enabled
20220312 061826.117 INFO             PET0 ESMF_LAPACK                 : enabled
20220312 061826.117 INFO             PET0 ESMF_NETCDF                 : enabled
20220312 061826.117 INFO             PET0 ESMF_PNETCDF                : disabled
20220312 061826.117 INFO             PET0 ESMF_PIO                    : enabled
20220312 061826.117 INFO             PET0 ESMF_YAMLCPP                : enabled
20220312 061826.117 INFO             PET0 Beginning Test, file ESMC_FieldGridRegridCsrvUTest.C, line 69
20220312 061826.117 INFO             PET0 Beginning Test, file ESMC_FieldGridRegridCsrvUTest.C, line 69NUMBER_OF_PROCESSORS 1
20220312 061826.117 INFO             PET0 PASS GridCreate, ESMC_FieldGridRegridCsrvUTest.C, line 114
20220312 061826.117 INFO             PET0 PASS GridAddCoord, ESMC_FieldGridRegridCsrvUTest.C, line 130
20220312 061826.117 INFO             PET0 PASS GridAddItem, ESMC_FieldGridRegridCsrvUTest.C, line 140
20220312 061826.117 INFO             PET0 PASS GridGetItem - mask, ESMC_FieldGridRegridCsrvUTest.C, line 151
20220312 061826.117 INFO             PET0 PASS GridGetCoord - X, ESMC_FieldGridRegridCsrvUTest.C, line 176
20220312 061826.117 INFO             PET0 PASS GridGetCoord - Y, ESMC_FieldGridRegridCsrvUTest.C, line 199
20220312 061826.117 INFO             PET0 PASS GridGetCoord - X, ESMC_FieldGridRegridCsrvUTest.C, line 224
20220312 061826.117 INFO             PET0 PASS GridGetCoord - Y, ESMC_FieldGridRegridCsrvUTest.C, line 247
20220312 061826.118 INFO             PET0 PASS GridAddItem - area, ESMC_FieldGridRegridCsrvUTest.C, line 271
20220312 061826.118 INFO             PET0 PASS GridGetItem - area, ESMC_FieldGridRegridCsrvUTest.C, line 282
20220312 061826.118 INFO             PET0 PASS MeshCreate, ESMC_FieldGridRegridCsrvUTest.C, line 366
20220312 061826.118 INFO             PET0 PASS MeshAddNodes, ESMC_FieldGridRegridCsrvUTest.C, line 374
20220312 061826.118 INFO             PET0 PASS MeshAddElements, ESMC_FieldGridRegridCsrvUTest.C, line 388
20220312 061826.118 INFO             PET0 PASS MeshGetLocalNodeCount, ESMC_FieldGridRegridCsrvUTest.C, line 398
20220312 061826.118 INFO             PET0 PASS MeshGetLocalElementCount, ESMC_FieldGridRegridCsrvUTest.C, line 409
20220312 061826.118 INFO             PET0 PASS Create ESMC_Field object from a Grid via TypeKind, ESMC_FieldGridRegridCsrvUTest.C, line 424
20220312 061826.118 INFO             PET0 PASS Create ESMC_Field object from a Mesh via TypeKind, ESMC_FieldGridRegridCsrvUTest.C, line 433
20220312 061826.119 INFO             PET0 PASS Get a void * C pointer to data from ESMC_Field object, ESMC_FieldGridRegridCsrvUTest.C, line 446
20220312 061826.119 INFO             PET0 PASS Get a void * C pointer to data from ESMC_Field object, ESMC_FieldGridRegridCsrvUTest.C, line 470
20220312 061826.119 INFO             PET0 PASS Create an InterArray for maskValues in ESMC_FieldRegridStore(), ESMC_FieldGridRegridCsrvUTest.C, line 485
20220312 061826.121 INFO             PET0 PASS Create an ESMC_RouteHandle via ESMC_FieldRegridStore(), ESMC_FieldGridRegridCsrvUTest.C, line 510
20220312 061826.121 INFO             PET0 PASS Execute ESMC_FieldRegrid(), ESMC_FieldGridRegridCsrvUTest.C, line 518
20220312 061826.131 INFO             PET0 PIOc_sync Enter - MemInfo: [/proc/meminfo - SSI]	MemTotal:       65507008 kB
20220312 061826.131 INFO             PET0 PIOc_sync Enter - MemInfo: [/proc/meminfo - SSI]	MemFree:        49679912 kB
20220312 061826.131 INFO             PET0 PIOc_sync Enter - MemInfo: [/proc/meminfo - SSI]	MemAvailable:   49443972 kB
20220312 061826.131 INFO             PET0 PIOc_sync Enter - MemInfo: [/proc/meminfo - SSI]	Committed_AS:   12941496 kB
20220312 061826.131 INFO             PET0 PIOc_sync Enter - MemInfo: [/proc/meminfo - SSI]	CommittedPercent: 19.7559 %
20220312 061826.131 INFO             PET0 PIOc_sync Enter - MemInfo: [/proc/self/status]	VmPeak:	  498956 kB
20220312 061826.131 INFO             PET0 PIOc_sync Enter - MemInfo: [/proc/self/status]	VmSize:	  498956 kB
20220312 061826.131 INFO             PET0 PIOc_sync Enter - MemInfo: [/proc/self/status]	VmLck:	       0 kB
20220312 061826.131 INFO             PET0 PIOc_sync Enter - MemInfo: [/proc/self/status]	VmPin:	       0 kB
20220312 061826.131 INFO             PET0 PIOc_sync Enter - MemInfo: [/proc/self/status]	VmHWM:	   64500 kB
20220312 061826.131 INFO             PET0 PIOc_sync Enter - MemInfo: [/proc/self/status]	VmRSS:	   36528 kB
20220312 061826.131 INFO             PET0 PIOc_sync Enter - MemInfo: [/proc/self/status]	VmData:	   32372 kB
20220312 061826.131 INFO             PET0 PIOc_sync Enter - MemInfo: [/proc/self/status]	VmStk:	     148 kB
20220312 061826.131 INFO             PET0 PIOc_sync Enter - MemInfo: [/proc/self/status]	VmExe:	     200 kB
20220312 061826.131 INFO             PET0 PIOc_sync Enter - MemInfo: [/proc/self/status]	VmLib:	   48496 kB
20220312 061826.131 INFO             PET0 PIOc_sync Enter - MemInfo: [/proc/self/status]	VmPTE:	     744 kB
20220312 061826.131 INFO             PET0 PIOc_sync Enter - MemInfo: [/proc/self/status]	VmPMD:	      16 kB
20220312 061826.131 INFO             PET0 PIOc_sync Enter - MemInfo: [/proc/self/status]	VmSwap:	       0 kB
20220312 061826.131 INFO             PET0 PIOc_sync Enter - MemInfo: [/proc/self/status]	VmRSSPercent: 0.055762 %
20220312 061826.131 INFO             PET0 PIOc_sync Enter - MemInfo: [malloc] Non-mmapped space allocated:                 3502080 Byte
20220312 061826.131 INFO             PET0 PIOc_sync Enter - MemInfo: [malloc] Space allocated in mmapped regions:         18890752 Byte
20220312 061826.131 INFO             PET0 PIOc_sync Enter - MemInfo: [malloc] Maximum total allocated space:                     0 Byte
20220312 061826.131 INFO             PET0 PIOc_sync Enter - MemInfo: [malloc] Space in freed fastbin blocks:                   880 Byte
20220312 061826.131 INFO             PET0 PIOc_sync Enter - MemInfo: [malloc] Total allocated space:                       3086320 Byte
20220312 061826.131 INFO             PET0 PIOc_sync Enter - MemInfo: [malloc] Total free space:                             415760 Byte
20220312 061826.131 INFO             PET0 PIOc_sync Enter - MemInfo: [malloc] Top-most, releasable space:                   207296 Byte
20220312 061826.131 INFO             PET0 PIOc_sync Enter - MemInfo: [malloc] Total space in use, mmap + non-mmap:        21977072 Byte
20220312 061826.131 INFO             PET0 PIOc_sync Enter - MemInfo: [malloc] Total space held (mmap + non-mmap):         22392832 Byte
20220312 061826.131 INFO             PET0 PIOc_sync Enter - MemInfo: [malloc] Total space used (mmap + non-mmap):         21986400 Byte
20220312 061826.131 INFO             PET0 PIOc_sync Enter - MemInfo: Wall-clock time since execution start:              0.0158437 seconds
20220312 061826.131 INFO             PET0 PIOc_sync Exit - MemInfo: [/proc/meminfo - SSI]	MemTotal:       65507008 kB
20220312 061826.131 INFO             PET0 PIOc_sync Exit - MemInfo: [/proc/meminfo - SSI]	MemFree:        49679912 kB
20220312 061826.131 INFO             PET0 PIOc_sync Exit - MemInfo: [/proc/meminfo - SSI]	MemAvailable:   49443972 kB
20220312 061826.131 INFO             PET0 PIOc_sync Exit - MemInfo: [/proc/meminfo - SSI]	Committed_AS:   12941496 kB
20220312 061826.131 INFO             PET0 PIOc_sync Exit - MemInfo: [/proc/meminfo - SSI]	CommittedPercent: 19.7559 %
20220312 061826.131 INFO             PET0 PIOc_sync Exit - MemInfo: [/proc/self/status]	VmPeak:	  498956 kB
20220312 061826.131 INFO             PET0 PIOc_sync Exit - MemInfo: [/proc/self/status]	VmSize:	  498956 kB
20220312 061826.131 INFO             PET0 PIOc_sync Exit - MemInfo: [/proc/self/status]	VmLck:	       0 kB
20220312 061826.131 INFO             PET0 PIOc_sync Exit - MemInfo: [/proc/self/status]	VmPin:	       0 kB
20220312 061826.131 INFO             PET0 PIOc_sync Exit - MemInfo: [/proc/self/status]	VmHWM:	   64500 kB
20220312 061826.131 INFO             PET0 PIOc_sync Exit - MemInfo: [/proc/self/status]	VmRSS:	   36632 kB
20220312 061826.131 INFO             PET0 PIOc_sync Exit - MemInfo: [/proc/self/status]	VmData:	   32372 kB
20220312 061826.131 INFO             PET0 PIOc_sync Exit - MemInfo: [/proc/self/status]	VmStk:	     148 kB
20220312 061826.131 INFO             PET0 PIOc_sync Exit - MemInfo: [/proc/self/status]	VmExe:	     200 kB
20220312 061826.131 INFO             PET0 PIOc_sync Exit - MemInfo: [/proc/self/status]	VmLib:	   48496 kB
20220312 061826.131 INFO             PET0 PIOc_sync Exit - MemInfo: [/proc/self/status]	VmPTE:	     744 kB
20220312 061826.131 INFO             PET0 PIOc_sync Exit - MemInfo: [/proc/self/status]	VmPMD:	      16 kB
20220312 061826.131 INFO             PET0 PIOc_sync Exit - MemInfo: [/proc/self/status]	VmSwap:	       0 kB
20220312 061826.132 INFO             PET0 PIOc_sync Exit - MemInfo: [/proc/self/status]	VmRSSPercent: 0.0559207 %
20220312 061826.132 INFO             PET0 PIOc_sync Exit - MemInfo: [malloc] Non-mmapped space allocated:                 3502080 Byte
20220312 061826.132 INFO             PET0 PIOc_sync Exit - MemInfo: [malloc] Space allocated in mmapped regions:         18890752 Byte
20220312 061826.132 INFO             PET0 PIOc_sync Exit - MemInfo: [malloc] Maximum total allocated space:                     0 Byte
20220312 061826.132 INFO             PET0 PIOc_sync Exit - MemInfo: [malloc] Space in freed fastbin blocks:                   704 Byte
20220312 061826.132 INFO             PET0 PIOc_sync Exit - MemInfo: [malloc] Total allocated space:                       3086928 Byte
20220312 061826.132 INFO             PET0 PIOc_sync Exit - MemInfo: [malloc] Total free space:                             415152 Byte
20220312 061826.132 INFO             PET0 PIOc_sync Exit - MemInfo: [malloc] Top-most, releasable space:                   206720 Byte
20220312 061826.132 INFO             PET0 PIOc_sync Exit - MemInfo: [malloc] Total space in use, mmap + non-mmap:        21977680 Byte
20220312 061826.132 INFO             PET0 PIOc_sync Exit - MemInfo: [malloc] Total space held (mmap + non-mmap):         22392832 Byte
20220312 061826.132 INFO             PET0 PIOc_sync Exit - MemInfo: [malloc] Total space used (mmap + non-mmap):         21987008 Byte
20220312 061826.132 INFO             PET0 PIOc_sync Exit - MemInfo: Wall-clock time since execution start:              0.0162785 seconds
20220312 061826.132 INFO             PET0 PIOc_freedecomp Enter - MemInfo: [/proc/meminfo - SSI]	MemTotal:       65507008 kB
20220312 061826.132 INFO             PET0 PIOc_freedecomp Enter - MemInfo: [/proc/meminfo - SSI]	MemFree:        49695032 kB
20220312 061826.132 INFO             PET0 PIOc_freedecomp Enter - MemInfo: [/proc/meminfo - SSI]	MemAvailable:   49459092 kB
20220312 061826.132 INFO             PET0 PIOc_freedecomp Enter - MemInfo: [/proc/meminfo - SSI]	Committed_AS:   12925108 kB
20220312 061826.132 INFO             PET0 PIOc_freedecomp Enter - MemInfo: [/proc/meminfo - SSI]	CommittedPercent: 19.7309 %
20220312 061826.132 INFO             PET0 PIOc_freedecomp Enter - MemInfo: [/proc/self/status]	VmPeak:	  498956 kB
20220312 061826.132 INFO             PET0 PIOc_freedecomp Enter - MemInfo: [/proc/self/status]	VmSize:	  482052 kB
20220312 061826.132 INFO             PET0 PIOc_freedecomp Enter - MemInfo: [/proc/self/status]	VmLck:	       0 kB
20220312 061826.132 INFO             PET0 PIOc_freedecomp Enter - MemInfo: [/proc/self/status]	VmPin:	       0 kB
20220312 061826.132 INFO             PET0 PIOc_freedecomp Enter - MemInfo: [/proc/self/status]	VmHWM:	   64500 kB
20220312 061826.132 INFO             PET0 PIOc_freedecomp Enter - MemInfo: [/proc/self/status]	VmRSS:	   20240 kB
20220312 061826.132 INFO             PET0 PIOc_freedecomp Enter - MemInfo: [/proc/self/status]	VmData:	   15468 kB
20220312 061826.132 INFO             PET0 PIOc_freedecomp Enter - MemInfo: [/proc/self/status]	VmStk:	     148 kB
20220312 061826.132 INFO             PET0 PIOc_freedecomp Enter - MemInfo: [/proc/self/status]	VmExe:	     200 kB
20220312 061826.133 INFO             PET0 PIOc_freedecomp Enter - MemInfo: [/proc/self/status]	VmLib:	   48496 kB
20220312 061826.133 INFO             PET0 PIOc_freedecomp Enter - MemInfo: [/proc/self/status]	VmPTE:	     712 kB
20220312 061826.133 INFO             PET0 PIOc_freedecomp Enter - MemInfo: [/proc/self/status]	VmPMD:	      16 kB
20220312 061826.133 INFO             PET0 PIOc_freedecomp Enter - MemInfo: [/proc/self/status]	VmSwap:	       0 kB
20220312 061826.133 INFO             PET0 PIOc_freedecomp Enter - MemInfo: [/proc/self/status]	VmRSSPercent: 0.0308975 %
20220312 061826.133 INFO             PET0 PIOc_freedecomp Enter - MemInfo: [malloc] Non-mmapped space allocated:                 3502080 Byte
20220312 061826.133 INFO             PET0 PIOc_freedecomp Enter - MemInfo: [malloc] Space allocated in mmapped regions:          1581056 Byte
20220312 061826.133 INFO             PET0 PIOc_freedecomp Enter - MemInfo: [malloc] Maximum total allocated space:                     0 Byte
20220312 061826.133 INFO             PET0 PIOc_freedecomp Enter - MemInfo: [malloc] Space in freed fastbin blocks:                  2160 Byte
20220312 061826.133 INFO             PET0 PIOc_freedecomp Enter - MemInfo: [malloc] Total allocated space:                       3073616 Byte
20220312 061826.133 INFO             PET0 PIOc_freedecomp Enter - MemInfo: [malloc] Total free space:                             428464 Byte
20220312 061826.133 INFO             PET0 PIOc_freedecomp Enter - MemInfo: [malloc] Top-most, releasable space:                   206320 Byte
20220312 061826.133 INFO             PET0 PIOc_freedecomp Enter - MemInfo: [malloc] Total space in use, mmap + non-mmap:         4654672 Byte
20220312 061826.133 INFO             PET0 PIOc_freedecomp Enter - MemInfo: [malloc] Total space held (mmap + non-mmap):          5083136 Byte
20220312 061826.133 INFO             PET0 PIOc_freedecomp Enter - MemInfo: [malloc] Total space used (mmap + non-mmap):          4664000 Byte
20220312 061826.133 INFO             PET0 PIOc_freedecomp Enter - MemInfo: Wall-clock time since execution start:              0.0173113 seconds
20220312 061826.133 INFO             PET0 PIOc_freedecomp Exit - MemInfo: [/proc/meminfo - SSI]	MemTotal:       65507008 kB
20220312 061826.133 INFO             PET0 PIOc_freedecomp Exit - MemInfo: [/proc/meminfo - SSI]	MemFree:        49695032 kB
20220312 061826.133 INFO             PET0 PIOc_freedecomp Exit - MemInfo: [/proc/meminfo - SSI]	MemAvailable:   49459092 kB
20220312 061826.133 INFO             PET0 PIOc_freedecomp Exit - MemInfo: [/proc/meminfo - SSI]	Committed_AS:   12925108 kB
20220312 061826.133 INFO             PET0 PIOc_freedecomp Exit - MemInfo: [/proc/meminfo - SSI]	CommittedPercent: 19.7309 %
20220312 061826.133 INFO             PET0 PIOc_freedecomp Exit - MemInfo: [/proc/self/status]	VmPeak:	  498956 kB
20220312 061826.133 INFO             PET0 PIOc_freedecomp Exit - MemInfo: [/proc/self/status]	VmSize:	  482052 kB
20220312 061826.133 INFO             PET0 PIOc_freedecomp Exit - MemInfo: [/proc/self/status]	VmLck:	       0 kB
20220312 061826.133 INFO             PET0 PIOc_freedecomp Exit - MemInfo: [/proc/self/status]	VmPin:	       0 kB
20220312 061826.133 INFO             PET0 PIOc_freedecomp Exit - MemInfo: [/proc/self/status]	VmHWM:	   64500 kB
20220312 061826.133 INFO             PET0 PIOc_freedecomp Exit - MemInfo: [/proc/self/status]	VmRSS:	   20244 kB
20220312 061826.133 INFO             PET0 PIOc_freedecomp Exit - MemInfo: [/proc/self/status]	VmData:	   15468 kB
20220312 061826.133 INFO             PET0 PIOc_freedecomp Exit - MemInfo: [/proc/self/status]	VmStk:	     148 kB
20220312 061826.133 INFO             PET0 PIOc_freedecomp Exit - MemInfo: [/proc/self/status]	VmExe:	     200 kB
20220312 061826.133 INFO             PET0 PIOc_freedecomp Exit - MemInfo: [/proc/self/status]	VmLib:	   48496 kB
20220312 061826.133 INFO             PET0 PIOc_freedecomp Exit - MemInfo: [/proc/self/status]	VmPTE:	     712 kB
20220312 061826.133 INFO             PET0 PIOc_freedecomp Exit - MemInfo: [/proc/self/status]	VmPMD:	      16 kB
20220312 061826.133 INFO             PET0 PIOc_freedecomp Exit - MemInfo: [/proc/self/status]	VmSwap:	       0 kB
20220312 061826.133 INFO             PET0 PIOc_freedecomp Exit - MemInfo: [/proc/self/status]	VmRSSPercent: 0.0309036 %
20220312 061826.133 INFO             PET0 PIOc_freedecomp Exit - MemInfo: [malloc] Non-mmapped space allocated:                 3502080 Byte
20220312 061826.133 INFO             PET0 PIOc_freedecomp Exit - MemInfo: [malloc] Space allocated in mmapped regions:          1581056 Byte
20220312 061826.133 INFO             PET0 PIOc_freedecomp Exit - MemInfo: [malloc] Maximum total allocated space:                     0 Byte
20220312 061826.133 INFO             PET0 PIOc_freedecomp Exit - MemInfo: [malloc] Space in freed fastbin blocks:                  1904 Byte
20220312 061826.133 INFO             PET0 PIOc_freedecomp Exit - MemInfo: [malloc] Total allocated space:                       3070960 Byte
20220312 061826.133 INFO             PET0 PIOc_freedecomp Exit - MemInfo: [malloc] Total free space:                             431120 Byte
20220312 061826.133 INFO             PET0 PIOc_freedecomp Exit - MemInfo: [malloc] Top-most, releasable space:                   206800 Byte
20220312 061826.133 INFO             PET0 PIOc_freedecomp Exit - MemInfo: [malloc] Total space in use, mmap + non-mmap:         4652016 Byte
20220312 061826.133 INFO             PET0 PIOc_freedecomp Exit - MemInfo: [malloc] Total space held (mmap + non-mmap):          5083136 Byte
20220312 061826.133 INFO             PET0 PIOc_freedecomp Exit - MemInfo: [malloc] Total space used (mmap + non-mmap):          4661344 Byte
20220312 061826.133 INFO             PET0 PIOc_freedecomp Exit - MemInfo: Wall-clock time since execution start:              0.0176505 seconds
20220312 061826.137 INFO             PET0 PIOc_sync Enter - MemInfo: [/proc/meminfo - SSI]	MemTotal:       65507008 kB
20220312 061826.137 INFO             PET0 PIOc_sync Enter - MemInfo: [/proc/meminfo - SSI]	MemFree:        49687976 kB
20220312 061826.137 INFO             PET0 PIOc_sync Enter - MemInfo: [/proc/meminfo - SSI]	MemAvailable:   49452036 kB
20220312 061826.137 INFO             PET0 PIOc_sync Enter - MemInfo: [/proc/meminfo - SSI]	Committed_AS:   12941404 kB
20220312 061826.137 INFO             PET0 PIOc_sync Enter - MemInfo: [/proc/meminfo - SSI]	CommittedPercent: 19.7558 %
20220312 061826.137 INFO             PET0 PIOc_sync Enter - MemInfo: [/proc/self/status]	VmPeak:	  498956 kB
20220312 061826.137 INFO             PET0 PIOc_sync Enter - MemInfo: [/proc/self/status]	VmSize:	  498864 kB
20220312 061826.137 INFO             PET0 PIOc_sync Enter - MemInfo: [/proc/self/status]	VmLck:	       0 kB
20220312 061826.137 INFO             PET0 PIOc_sync Enter - MemInfo: [/proc/self/status]	VmPin:	       0 kB
20220312 061826.137 INFO             PET0 PIOc_sync Enter - MemInfo: [/proc/self/status]	VmHWM:	   64500 kB
20220312 061826.137 INFO             PET0 PIOc_sync Enter - MemInfo: [/proc/self/status]	VmRSS:	   28672 kB
20220312 061826.137 INFO             PET0 PIOc_sync Enter - MemInfo: [/proc/self/status]	VmData:	   32280 kB
20220312 061826.137 INFO             PET0 PIOc_sync Enter - MemInfo: [/proc/self/status]	VmStk:	     148 kB
20220312 061826.137 INFO             PET0 PIOc_sync Enter - MemInfo: [/proc/self/status]	VmExe:	     200 kB
20220312 061826.137 INFO             PET0 PIOc_sync Enter - MemInfo: [/proc/self/status]	VmLib:	   48496 kB
20220312 061826.137 INFO             PET0 PIOc_sync Enter - MemInfo: [/proc/self/status]	VmPTE:	     732 kB
20220312 061826.137 INFO             PET0 PIOc_sync Enter - MemInfo: [/proc/self/status]	VmPMD:	      16 kB
20220312 061826.137 INFO             PET0 PIOc_sync Enter - MemInfo: [/proc/self/status]	VmSwap:	       0 kB
20220312 061826.137 INFO             PET0 PIOc_sync Enter - MemInfo: [/proc/self/status]	VmRSSPercent: 0.0437694 %
20220312 061826.137 INFO             PET0 PIOc_sync Enter - MemInfo: [malloc] Non-mmapped space allocated:                20717568 Byte
20220312 061826.137 INFO             PET0 PIOc_sync Enter - MemInfo: [malloc] Space allocated in mmapped regions:          1581056 Byte
20220312 061826.137 INFO             PET0 PIOc_sync Enter - MemInfo: [malloc] Maximum total allocated space:                     0 Byte
20220312 061826.137 INFO             PET0 PIOc_sync Enter - MemInfo: [malloc] Space in freed fastbin blocks:                  1488 Byte
20220312 061826.137 INFO             PET0 PIOc_sync Enter - MemInfo: [malloc] Total allocated space:                      20388672 Byte
20220312 061826.137 INFO             PET0 PIOc_sync Enter - MemInfo: [malloc] Total free space:                             328896 Byte
20220312 061826.137 INFO             PET0 PIOc_sync Enter - MemInfo: [malloc] Top-most, releasable space:                   119776 Byte
20220312 061826.137 INFO             PET0 PIOc_sync Enter - MemInfo: [malloc] Total space in use, mmap + non-mmap:        21969728 Byte
20220312 061826.137 INFO             PET0 PIOc_sync Enter - MemInfo: [malloc] Total space held (mmap + non-mmap):         22298624 Byte
20220312 061826.137 INFO             PET0 PIOc_sync Enter - MemInfo: [malloc] Total space used (mmap + non-mmap):         21979056 Byte
20220312 061826.137 INFO             PET0 PIOc_sync Enter - MemInfo: Wall-clock time since execution start:              0.0216688 seconds
20220312 061826.137 INFO             PET0 PIOc_sync Exit - MemInfo: [/proc/meminfo - SSI]	MemTotal:       65507008 kB
20220312 061826.137 INFO             PET0 PIOc_sync Exit - MemInfo: [/proc/meminfo - SSI]	MemFree:        49687976 kB
20220312 061826.137 INFO             PET0 PIOc_sync Exit - MemInfo: [/proc/meminfo - SSI]	MemAvailable:   49452036 kB
20220312 061826.137 INFO             PET0 PIOc_sync Exit - MemInfo: [/proc/meminfo - SSI]	Committed_AS:   12941404 kB
20220312 061826.137 INFO             PET0 PIOc_sync Exit - MemInfo: [/proc/meminfo - SSI]	CommittedPercent: 19.7558 %
20220312 061826.137 INFO             PET0 PIOc_sync Exit - MemInfo: [/proc/self/status]	VmPeak:	  498956 kB
20220312 061826.137 INFO             PET0 PIOc_sync Exit - MemInfo: [/proc/self/status]	VmSize:	  498864 kB
20220312 061826.137 INFO             PET0 PIOc_sync Exit - MemInfo: [/proc/self/status]	VmLck:	       0 kB
20220312 061826.137 INFO             PET0 PIOc_sync Exit - MemInfo: [/proc/self/status]	VmPin:	       0 kB
20220312 061826.137 INFO             PET0 PIOc_sync Exit - MemInfo: [/proc/self/status]	VmHWM:	   64500 kB
20220312 061826.137 INFO             PET0 PIOc_sync Exit - MemInfo: [/proc/self/status]	VmRSS:	   28684 kB
20220312 061826.137 INFO             PET0 PIOc_sync Exit - MemInfo: [/proc/self/status]	VmData:	   32280 kB
20220312 061826.137 INFO             PET0 PIOc_sync Exit - MemInfo: [/proc/self/status]	VmStk:	     148 kB
20220312 061826.137 INFO             PET0 PIOc_sync Exit - MemInfo: [/proc/self/status]	VmExe:	     200 kB
20220312 061826.137 INFO             PET0 PIOc_sync Exit - MemInfo: [/proc/self/status]	VmLib:	   48496 kB
20220312 061826.137 INFO             PET0 PIOc_sync Exit - MemInfo: [/proc/self/status]	VmPTE:	     732 kB
20220312 061826.137 INFO             PET0 PIOc_sync Exit - MemInfo: [/proc/self/status]	VmPMD:	      16 kB
20220312 061826.137 INFO             PET0 PIOc_sync Exit - MemInfo: [/proc/self/status]	VmSwap:	       0 kB
20220312 061826.137 INFO             PET0 PIOc_sync Exit - MemInfo: [/proc/self/status]	VmRSSPercent: 0.0437877 %
20220312 061826.137 INFO             PET0 PIOc_sync Exit - MemInfo: [malloc] Non-mmapped space allocated:                20717568 Byte
20220312 061826.137 INFO             PET0 PIOc_sync Exit - MemInfo: [malloc] Space allocated in mmapped regions:          1581056 Byte
20220312 061826.137 INFO             PET0 PIOc_sync Exit - MemInfo: [malloc] Maximum total allocated space:                     0 Byte
20220312 061826.137 INFO             PET0 PIOc_sync Exit - MemInfo: [malloc] Space in freed fastbin blocks:                   320 Byte
20220312 061826.137 INFO             PET0 PIOc_sync Exit - MemInfo: [malloc] Total allocated space:                      20389280 Byte
20220312 061826.137 INFO             PET0 PIOc_sync Exit - MemInfo: [malloc] Total free space:                             328288 Byte
20220312 061826.137 INFO             PET0 PIOc_sync Exit - MemInfo: [malloc] Top-most, releasable space:                   119664 Byte
20220312 061826.137 INFO             PET0 PIOc_sync Exit - MemInfo: [malloc] Total space in use, mmap + non-mmap:        21970336 Byte
20220312 061826.137 INFO             PET0 PIOc_sync Exit - MemInfo: [malloc] Total space held (mmap + non-mmap):         22298624 Byte
20220312 061826.137 INFO             PET0 PIOc_sync Exit - MemInfo: [malloc] Total space used (mmap + non-mmap):         21979664 Byte
20220312 061826.137 INFO             PET0 PIOc_sync Exit - MemInfo: Wall-clock time since execution start:               0.022032 seconds
20220312 061826.137 INFO             PET0 PIOc_freedecomp Enter - MemInfo: [/proc/meminfo - SSI]	MemTotal:       65507008 kB
20220312 061826.137 INFO             PET0 PIOc_freedecomp Enter - MemInfo: [/proc/meminfo - SSI]	MemFree:        49687976 kB
20220312 061826.137 INFO             PET0 PIOc_freedecomp Enter - MemInfo: [/proc/meminfo - SSI]	MemAvailable:   49452036 kB
20220312 061826.137 INFO             PET0 PIOc_freedecomp Enter - MemInfo: [/proc/meminfo - SSI]	Committed_AS:   12941404 kB
20220312 061826.137 INFO             PET0 PIOc_freedecomp Enter - MemInfo: [/proc/meminfo - SSI]	CommittedPercent: 19.7558 %
20220312 061826.137 INFO             PET0 PIOc_freedecomp Enter - MemInfo: [/proc/self/status]	VmPeak:	  498956 kB
20220312 061826.138 INFO             PET0 PIOc_freedecomp Enter - MemInfo: [/proc/self/status]	VmSize:	  498864 kB
20220312 061826.138 INFO             PET0 PIOc_freedecomp Enter - MemInfo: [/proc/self/status]	VmLck:	       0 kB
20220312 061826.138 INFO             PET0 PIOc_freedecomp Enter - MemInfo: [/proc/self/status]	VmPin:	       0 kB
20220312 061826.138 INFO             PET0 PIOc_freedecomp Enter - MemInfo: [/proc/self/status]	VmHWM:	   64500 kB
20220312 061826.138 INFO             PET0 PIOc_freedecomp Enter - MemInfo: [/proc/self/status]	VmRSS:	   28684 kB
20220312 061826.138 INFO             PET0 PIOc_freedecomp Enter - MemInfo: [/proc/self/status]	VmData:	   32280 kB
20220312 061826.138 INFO             PET0 PIOc_freedecomp Enter - MemInfo: [/proc/self/status]	VmStk:	     148 kB
20220312 061826.138 INFO             PET0 PIOc_freedecomp Enter - MemInfo: [/proc/self/status]	VmExe:	     200 kB
20220312 061826.138 INFO             PET0 PIOc_freedecomp Enter - MemInfo: [/proc/self/status]	VmLib:	   48496 kB
20220312 061826.138 INFO             PET0 PIOc_freedecomp Enter - MemInfo: [/proc/self/status]	VmPTE:	     732 kB
20220312 061826.138 INFO             PET0 PIOc_freedecomp Enter - MemInfo: [/proc/self/status]	VmPMD:	      16 kB
20220312 061826.138 INFO             PET0 PIOc_freedecomp Enter - MemInfo: [/proc/self/status]	VmSwap:	       0 kB
20220312 061826.138 INFO             PET0 PIOc_freedecomp Enter - MemInfo: [/proc/self/status]	VmRSSPercent: 0.0437877 %
20220312 061826.138 INFO             PET0 PIOc_freedecomp Enter - MemInfo: [malloc] Non-mmapped space allocated:                20717568 Byte
20220312 061826.138 INFO             PET0 PIOc_freedecomp Enter - MemInfo: [malloc] Space allocated in mmapped regions:          1581056 Byte
20220312 061826.138 INFO             PET0 PIOc_freedecomp Enter - MemInfo: [malloc] Maximum total allocated space:                     0 Byte
20220312 061826.138 INFO             PET0 PIOc_freedecomp Enter - MemInfo: [malloc] Space in freed fastbin blocks:                   832 Byte
20220312 061826.138 INFO             PET0 PIOc_freedecomp Enter - MemInfo: [malloc] Total allocated space:                       3073680 Byte
20220312 061826.138 INFO             PET0 PIOc_freedecomp Enter - MemInfo: [malloc] Total free space:                           17643888 Byte
20220312 061826.138 INFO             PET0 PIOc_freedecomp Enter - MemInfo: [malloc] Top-most, releasable space:                   119664 Byte
20220312 061826.138 INFO             PET0 PIOc_freedecomp Enter - MemInfo: [malloc] Total space in use, mmap + non-mmap:         4654736 Byte
20220312 061826.138 INFO             PET0 PIOc_freedecomp Enter - MemInfo: [malloc] Total space held (mmap + non-mmap):         22298624 Byte
20220312 061826.138 INFO             PET0 PIOc_freedecomp Enter - MemInfo: [malloc] Total space used (mmap + non-mmap):          4664080 Byte
20220312 061826.138 INFO             PET0 PIOc_freedecomp Enter - MemInfo: Wall-clock time since execution start:              0.0223736 seconds
20220312 061826.138 INFO             PET0 PIOc_freedecomp Exit - MemInfo: [/proc/meminfo - SSI]	MemTotal:       65507008 kB
20220312 061826.138 INFO             PET0 PIOc_freedecomp Exit - MemInfo: [/proc/meminfo - SSI]	MemFree:        49687976 kB
20220312 061826.138 INFO             PET0 PIOc_freedecomp Exit - MemInfo: [/proc/meminfo - SSI]	MemAvailable:   49452036 kB
20220312 061826.138 INFO             PET0 PIOc_freedecomp Exit - MemInfo: [/proc/meminfo - SSI]	Committed_AS:   12941404 kB
20220312 061826.138 INFO             PET0 PIOc_freedecomp Exit - MemInfo: [/proc/meminfo - SSI]	CommittedPercent: 19.7558 %
20220312 061826.138 INFO             PET0 PIOc_freedecomp Exit - MemInfo: [/proc/self/status]	VmPeak:	  498956 kB
20220312 061826.138 INFO             PET0 PIOc_freedecomp Exit - MemInfo: [/proc/self/status]	VmSize:	  498864 kB
20220312 061826.138 INFO             PET0 PIOc_freedecomp Exit - MemInfo: [/proc/self/status]	VmLck:	       0 kB
20220312 061826.138 INFO             PET0 PIOc_freedecomp Exit - MemInfo: [/proc/self/status]	VmPin:	       0 kB
20220312 061826.138 INFO             PET0 PIOc_freedecomp Exit - MemInfo: [/proc/self/status]	VmHWM:	   64500 kB
20220312 061826.138 INFO             PET0 PIOc_freedecomp Exit - MemInfo: [/proc/self/status]	VmRSS:	   28684 kB
20220312 061826.138 INFO             PET0 PIOc_freedecomp Exit - MemInfo: [/proc/self/status]	VmData:	   32280 kB
20220312 061826.138 INFO             PET0 PIOc_freedecomp Exit - MemInfo: [/proc/self/status]	VmStk:	     148 kB
20220312 061826.138 INFO             PET0 PIOc_freedecomp Exit - MemInfo: [/proc/self/status]	VmExe:	     200 kB
20220312 061826.138 INFO             PET0 PIOc_freedecomp Exit - MemInfo: [/proc/self/status]	VmLib:	   48496 kB
20220312 061826.138 INFO             PET0 PIOc_freedecomp Exit - MemInfo: [/proc/self/status]	VmPTE:	     732 kB
20220312 061826.138 INFO             PET0 PIOc_freedecomp Exit - MemInfo: [/proc/self/status]	VmPMD:	      16 kB
20220312 061826.138 INFO             PET0 PIOc_freedecomp Exit - MemInfo: [/proc/self/status]	VmSwap:	       0 kB
20220312 061826.138 INFO             PET0 PIOc_freedecomp Exit - MemInfo: [/proc/self/status]	VmRSSPercent: 0.0437877 %
20220312 061826.138 INFO             PET0 PIOc_freedecomp Exit - MemInfo: [malloc] Non-mmapped space allocated:                20717568 Byte
20220312 061826.138 INFO             PET0 PIOc_freedecomp Exit - MemInfo: [malloc] Space allocated in mmapped regions:          1581056 Byte
20220312 061826.138 INFO             PET0 PIOc_freedecomp Exit - MemInfo: [malloc] Maximum total allocated space:                     0 Byte
20220312 061826.138 INFO             PET0 PIOc_freedecomp Exit - MemInfo: [malloc] Space in freed fastbin blocks:                   704 Byte
20220312 061826.138 INFO             PET0 PIOc_freedecomp Exit - MemInfo: [malloc] Total allocated space:                       3071024 Byte
20220312 061826.138 INFO             PET0 PIOc_freedecomp Exit - MemInfo: [malloc] Total free space:                           17646544 Byte
20220312 061826.138 INFO             PET0 PIOc_freedecomp Exit - MemInfo: [malloc] Top-most, releasable space:                 17436720 Byte
20220312 061826.138 INFO             PET0 PIOc_freedecomp Exit - MemInfo: [malloc] Total space in use, mmap + non-mmap:         4652080 Byte
20220312 061826.138 INFO             PET0 PIOc_freedecomp Exit - MemInfo: [malloc] Total space held (mmap + non-mmap):         22298624 Byte
20220312 061826.138 INFO             PET0 PIOc_freedecomp Exit - MemInfo: [malloc] Total space used (mmap + non-mmap):          4661408 Byte
20220312 061826.138 INFO             PET0 PIOc_freedecomp Exit - MemInfo: Wall-clock time since execution start:              0.0226946 seconds
20220312 061826.139 INFO             PET0 PIOc_sync Enter - MemInfo: [/proc/meminfo - SSI]	MemTotal:       65507008 kB
20220312 061826.139 INFO             PET0 PIOc_sync Enter - MemInfo: [/proc/meminfo - SSI]	MemFree:        49687472 kB
20220312 061826.139 INFO             PET0 PIOc_sync Enter - MemInfo: [/proc/meminfo - SSI]	MemAvailable:   49451532 kB
20220312 061826.139 INFO             PET0 PIOc_sync Enter - MemInfo: [/proc/meminfo - SSI]	Committed_AS:   12941404 kB
20220312 061826.139 INFO             PET0 PIOc_sync Enter - MemInfo: [/proc/meminfo - SSI]	CommittedPercent: 19.7558 %
20220312 061826.139 INFO             PET0 PIOc_sync Enter - MemInfo: [/proc/self/status]	VmPeak:	  507052 kB
20220312 061826.139 INFO             PET0 PIOc_sync Enter - MemInfo: [/proc/self/status]	VmSize:	  498864 kB
20220312 061826.139 INFO             PET0 PIOc_sync Enter - MemInfo: [/proc/self/status]	VmLck:	       0 kB
20220312 061826.139 INFO             PET0 PIOc_sync Enter - MemInfo: [/proc/self/status]	VmPin:	       0 kB
20220312 061826.139 INFO             PET0 PIOc_sync Enter - MemInfo: [/proc/self/status]	VmHWM:	   64500 kB
20220312 061826.139 INFO             PET0 PIOc_sync Enter - MemInfo: [/proc/self/status]	VmRSS:	   28972 kB
20220312 061826.139 INFO             PET0 PIOc_sync Enter - MemInfo: [/proc/self/status]	VmData:	   32280 kB
20220312 061826.139 INFO             PET0 PIOc_sync Enter - MemInfo: [/proc/self/status]	VmStk:	     148 kB
20220312 061826.139 INFO             PET0 PIOc_sync Enter - MemInfo: [/proc/self/status]	VmExe:	     200 kB
20220312 061826.139 INFO             PET0 PIOc_sync Enter - MemInfo: [/proc/self/status]	VmLib:	   48496 kB
20220312 061826.139 INFO             PET0 PIOc_sync Enter - MemInfo: [/proc/self/status]	VmPTE:	     732 kB
20220312 061826.139 INFO             PET0 PIOc_sync Enter - MemInfo: [/proc/self/status]	VmPMD:	      16 kB
20220312 061826.139 INFO             PET0 PIOc_sync Enter - MemInfo: [/proc/self/status]	VmSwap:	       0 kB
20220312 061826.139 INFO             PET0 PIOc_sync Enter - MemInfo: [/proc/self/status]	VmRSSPercent: 0.0442273 %
20220312 061826.139 INFO             PET0 PIOc_sync Enter - MemInfo: [malloc] Non-mmapped space allocated:                20717568 Byte
20220312 061826.139 INFO             PET0 PIOc_sync Enter - MemInfo: [malloc] Space allocated in mmapped regions:          1581056 Byte
20220312 061826.139 INFO             PET0 PIOc_sync Enter - MemInfo: [malloc] Maximum total allocated space:                     0 Byte
20220312 061826.139 INFO             PET0 PIOc_sync Enter - MemInfo: [malloc] Space in freed fastbin blocks:                  1888 Byte
20220312 061826.139 INFO             PET0 PIOc_sync Enter - MemInfo: [malloc] Total allocated space:                      20389360 Byte
20220312 061826.139 INFO             PET0 PIOc_sync Enter - MemInfo: [malloc] Total free space:                             328208 Byte
20220312 061826.139 INFO             PET0 PIOc_sync Enter - MemInfo: [malloc] Top-most, releasable space:                   118688 Byte
20220312 061826.139 INFO             PET0 PIOc_sync Enter - MemInfo: [malloc] Total space in use, mmap + non-mmap:        21970416 Byte
20220312 061826.139 INFO             PET0 PIOc_sync Enter - MemInfo: [malloc] Total space held (mmap + non-mmap):         22298624 Byte
20220312 061826.139 INFO             PET0 PIOc_sync Enter - MemInfo: [malloc] Total space used (mmap + non-mmap):         21979744 Byte
20220312 061826.139 INFO             PET0 PIOc_sync Enter - MemInfo: Wall-clock time since execution start:              0.0238394 seconds
20220312 061826.139 INFO             PET0 PIOc_sync Exit - MemInfo: [/proc/meminfo - SSI]	MemTotal:       65507008 kB
20220312 061826.139 INFO             PET0 PIOc_sync Exit - MemInfo: [/proc/meminfo - SSI]	MemFree:        49687472 kB
20220312 061826.139 INFO             PET0 PIOc_sync Exit - MemInfo: [/proc/meminfo - SSI]	MemAvailable:   49451532 kB
20220312 061826.139 INFO             PET0 PIOc_sync Exit - MemInfo: [/proc/meminfo - SSI]	Committed_AS:   12941404 kB
20220312 061826.139 INFO             PET0 PIOc_sync Exit - MemInfo: [/proc/meminfo - SSI]	CommittedPercent: 19.7558 %
20220312 061826.139 INFO             PET0 PIOc_sync Exit - MemInfo: [/proc/self/status]	VmPeak:	  507052 kB
20220312 061826.139 INFO             PET0 PIOc_sync Exit - MemInfo: [/proc/self/status]	VmSize:	  498864 kB
20220312 061826.139 INFO             PET0 PIOc_sync Exit - MemInfo: [/proc/self/status]	VmLck:	       0 kB
20220312 061826.139 INFO             PET0 PIOc_sync Exit - MemInfo: [/proc/self/status]	VmPin:	       0 kB
20220312 061826.139 INFO             PET0 PIOc_sync Exit - MemInfo: [/proc/self/status]	VmHWM:	   64500 kB
20220312 061826.139 INFO             PET0 PIOc_sync Exit - MemInfo: [/proc/self/status]	VmRSS:	   28976 kB
20220312 061826.139 INFO             PET0 PIOc_sync Exit - MemInfo: [/proc/self/status]	VmData:	   32280 kB
20220312 061826.139 INFO             PET0 PIOc_sync Exit - MemInfo: [/proc/self/status]	VmStk:	     148 kB
20220312 061826.139 INFO             PET0 PIOc_sync Exit - MemInfo: [/proc/self/status]	VmExe:	     200 kB
20220312 061826.139 INFO             PET0 PIOc_sync Exit - MemInfo: [/proc/self/status]	VmLib:	   48496 kB
20220312 061826.139 INFO             PET0 PIOc_sync Exit - MemInfo: [/proc/self/status]	VmPTE:	     732 kB
20220312 061826.139 INFO             PET0 PIOc_sync Exit - MemInfo: [/proc/self/status]	VmPMD:	      16 kB
20220312 061826.139 INFO             PET0 PIOc_sync Exit - MemInfo: [/proc/self/status]	VmSwap:	       0 kB
20220312 061826.139 INFO             PET0 PIOc_sync Exit - MemInfo: [/proc/self/status]	VmRSSPercent: 0.0442334 %
20220312 061826.139 INFO             PET0 PIOc_sync Exit - MemInfo: [malloc] Non-mmapped space allocated:                20717568 Byte
20220312 061826.139 INFO             PET0 PIOc_sync Exit - MemInfo: [malloc] Space allocated in mmapped regions:          1581056 Byte
20220312 061826.139 INFO             PET0 PIOc_sync Exit - MemInfo: [malloc] Maximum total allocated space:                     0 Byte
20220312 061826.139 INFO             PET0 PIOc_sync Exit - MemInfo: [malloc] Space in freed fastbin blocks:                   320 Byte
20220312 061826.139 INFO             PET0 PIOc_sync Exit - MemInfo: [malloc] Total allocated space:                      20390000 Byte
20220312 061826.139 INFO             PET0 PIOc_sync Exit - MemInfo: [malloc] Total free space:                             327568 Byte
20220312 061826.139 INFO             PET0 PIOc_sync Exit - MemInfo: [malloc] Top-most, releasable space:                   119072 Byte
20220312 061826.140 INFO             PET0 PIOc_sync Exit - MemInfo: [malloc] Total space in use, mmap + non-mmap:        21971056 Byte
20220312 061826.140 INFO             PET0 PIOc_sync Exit - MemInfo: [malloc] Total space held (mmap + non-mmap):         22298624 Byte
20220312 061826.140 INFO             PET0 PIOc_sync Exit - MemInfo: [malloc] Total space used (mmap + non-mmap):         21980384 Byte
20220312 061826.140 INFO             PET0 PIOc_sync Exit - MemInfo: Wall-clock time since execution start:              0.0241984 seconds
20220312 061826.140 INFO             PET0 PIOc_freedecomp Enter - MemInfo: [/proc/meminfo - SSI]	MemTotal:       65507008 kB
20220312 061826.140 INFO             PET0 PIOc_freedecomp Enter - MemInfo: [/proc/meminfo - SSI]	MemFree:        49687472 kB
20220312 061826.140 INFO             PET0 PIOc_freedecomp Enter - MemInfo: [/proc/meminfo - SSI]	MemAvailable:   49451532 kB
20220312 061826.140 INFO             PET0 PIOc_freedecomp Enter - MemInfo: [/proc/meminfo - SSI]	Committed_AS:   12941404 kB
20220312 061826.140 INFO             PET0 PIOc_freedecomp Enter - MemInfo: [/proc/meminfo - SSI]	CommittedPercent: 19.7558 %
20220312 061826.140 INFO             PET0 PIOc_freedecomp Enter - MemInfo: [/proc/self/status]	VmPeak:	  507052 kB
20220312 061826.140 INFO             PET0 PIOc_freedecomp Enter - MemInfo: [/proc/self/status]	VmSize:	  498864 kB
20220312 061826.140 INFO             PET0 PIOc_freedecomp Enter - MemInfo: [/proc/self/status]	VmLck:	       0 kB
20220312 061826.140 INFO             PET0 PIOc_freedecomp Enter - MemInfo: [/proc/self/status]	VmPin:	       0 kB
20220312 061826.140 INFO             PET0 PIOc_freedecomp Enter - MemInfo: [/proc/self/status]	VmHWM:	   64500 kB
20220312 061826.140 INFO             PET0 PIOc_freedecomp Enter - MemInfo: [/proc/self/status]	VmRSS:	   28976 kB
20220312 061826.140 INFO             PET0 PIOc_freedecomp Enter - MemInfo: [/proc/self/status]	VmData:	   32280 kB
20220312 061826.140 INFO             PET0 PIOc_freedecomp Enter - MemInfo: [/proc/self/status]	VmStk:	     148 kB
20220312 061826.140 INFO             PET0 PIOc_freedecomp Enter - MemInfo: [/proc/self/status]	VmExe:	     200 kB
20220312 061826.140 INFO             PET0 PIOc_freedecomp Enter - MemInfo: [/proc/self/status]	VmLib:	   48496 kB
20220312 061826.140 INFO             PET0 PIOc_freedecomp Enter - MemInfo: [/proc/self/status]	VmPTE:	     732 kB
20220312 061826.140 INFO             PET0 PIOc_freedecomp Enter - MemInfo: [/proc/self/status]	VmPMD:	      16 kB
20220312 061826.140 INFO             PET0 PIOc_freedecomp Enter - MemInfo: [/proc/self/status]	VmSwap:	       0 kB
20220312 061826.140 INFO             PET0 PIOc_freedecomp Enter - MemInfo: [/proc/self/status]	VmRSSPercent: 0.0442334 %
20220312 061826.140 INFO             PET0 PIOc_freedecomp Enter - MemInfo: [malloc] Non-mmapped space allocated:                20717568 Byte
20220312 061826.140 INFO             PET0 PIOc_freedecomp Enter - MemInfo: [malloc] Space allocated in mmapped regions:          1581056 Byte
20220312 061826.140 INFO             PET0 PIOc_freedecomp Enter - MemInfo: [malloc] Maximum total allocated space:                     0 Byte
20220312 061826.140 INFO             PET0 PIOc_freedecomp Enter - MemInfo: [malloc] Space in freed fastbin blocks:                  1024 Byte
20220312 061826.140 INFO             PET0 PIOc_freedecomp Enter - MemInfo: [malloc] Total allocated space:                       3073664 Byte
20220312 061826.140 INFO             PET0 PIOc_freedecomp Enter - MemInfo: [malloc] Total free space:                           17643904 Byte
20220312 061826.140 INFO             PET0 PIOc_freedecomp Enter - MemInfo: [malloc] Top-most, releasable space:                   119072 Byte
20220312 061826.140 INFO             PET0 PIOc_freedecomp Enter - MemInfo: [malloc] Total space in use, mmap + non-mmap:         4654720 Byte
20220312 061826.140 INFO             PET0 PIOc_freedecomp Enter - MemInfo: [malloc] Total space held (mmap + non-mmap):         22298624 Byte
20220312 061826.140 INFO             PET0 PIOc_freedecomp Enter - MemInfo: [malloc] Total space used (mmap + non-mmap):          4664048 Byte
20220312 061826.140 INFO             PET0 PIOc_freedecomp Enter - MemInfo: Wall-clock time since execution start:              0.0245422 seconds
20220312 061826.140 INFO             PET0 PIOc_freedecomp Exit - MemInfo: [/proc/meminfo - SSI]	MemTotal:       65507008 kB
20220312 061826.140 INFO             PET0 PIOc_freedecomp Exit - MemInfo: [/proc/meminfo - SSI]	MemFree:        49687472 kB
20220312 061826.140 INFO             PET0 PIOc_freedecomp Exit - MemInfo: [/proc/meminfo - SSI]	MemAvailable:   49451532 kB
20220312 061826.140 INFO             PET0 PIOc_freedecomp Exit - MemInfo: [/proc/meminfo - SSI]	Committed_AS:   12941404 kB
20220312 061826.140 INFO             PET0 PIOc_freedecomp Exit - MemInfo: [/proc/meminfo - SSI]	CommittedPercent: 19.7558 %
20220312 061826.140 INFO             PET0 PIOc_freedecomp Exit - MemInfo: [/proc/self/status]	VmPeak:	  507052 kB
20220312 061826.140 INFO             PET0 PIOc_freedecomp Exit - MemInfo: [/proc/self/status]	VmSize:	  498864 kB
20220312 061826.140 INFO             PET0 PIOc_freedecomp Exit - MemInfo: [/proc/self/status]	VmLck:	       0 kB
20220312 061826.140 INFO             PET0 PIOc_freedecomp Exit - MemInfo: [/proc/self/status]	VmPin:	       0 kB
20220312 061826.140 INFO             PET0 PIOc_freedecomp Exit - MemInfo: [/proc/self/status]	VmHWM:	   64500 kB
20220312 061826.140 INFO             PET0 PIOc_freedecomp Exit - MemInfo: [/proc/self/status]	VmRSS:	   28976 kB
20220312 061826.140 INFO             PET0 PIOc_freedecomp Exit - MemInfo: [/proc/self/status]	VmData:	   32280 kB
20220312 061826.140 INFO             PET0 PIOc_freedecomp Exit - MemInfo: [/proc/self/status]	VmStk:	     148 kB
20220312 061826.140 INFO             PET0 PIOc_freedecomp Exit - MemInfo: [/proc/self/status]	VmExe:	     200 kB
20220312 061826.140 INFO             PET0 PIOc_freedecomp Exit - MemInfo: [/proc/self/status]	VmLib:	   48496 kB
20220312 061826.140 INFO             PET0 PIOc_freedecomp Exit - MemInfo: [/proc/self/status]	VmPTE:	     732 kB
20220312 061826.140 INFO             PET0 PIOc_freedecomp Exit - MemInfo: [/proc/self/status]	VmPMD:	      16 kB
20220312 061826.140 INFO             PET0 PIOc_freedecomp Exit - MemInfo: [/proc/self/status]	VmSwap:	       0 kB
20220312 061826.140 INFO             PET0 PIOc_freedecomp Exit - MemInfo: [/proc/self/status]	VmRSSPercent: 0.0442334 %
20220312 061826.140 INFO             PET0 PIOc_freedecomp Exit - MemInfo: [malloc] Non-mmapped space allocated:                20717568 Byte
20220312 061826.140 INFO             PET0 PIOc_freedecomp Exit - MemInfo: [malloc] Space allocated in mmapped regions:          1581056 Byte
20220312 061826.140 INFO             PET0 PIOc_freedecomp Exit - MemInfo: [malloc] Maximum total allocated space:                     0 Byte
20220312 061826.140 INFO             PET0 PIOc_freedecomp Exit - MemInfo: [malloc] Space in freed fastbin blocks:                   928 Byte
20220312 061826.140 INFO             PET0 PIOc_freedecomp Exit - MemInfo: [malloc] Total allocated space:                       3070976 Byte
20220312 061826.140 INFO             PET0 PIOc_freedecomp Exit - MemInfo: [malloc] Total free space:                           17646592 Byte
20220312 061826.140 INFO             PET0 PIOc_freedecomp Exit - MemInfo: [malloc] Top-most, releasable space:                   123808 Byte
20220312 061826.140 INFO             PET0 PIOc_freedecomp Exit - MemInfo: [malloc] Total space in use, mmap + non-mmap:         4652032 Byte
20220312 061826.140 INFO             PET0 PIOc_freedecomp Exit - MemInfo: [malloc] Total space held (mmap + non-mmap):         22298624 Byte
20220312 061826.140 INFO             PET0 PIOc_freedecomp Exit - MemInfo: [malloc] Total space used (mmap + non-mmap):          4661360 Byte
20220312 061826.140 INFO             PET0 PIOc_freedecomp Exit - MemInfo: Wall-clock time since execution start:              0.0248649 seconds
20220312 061826.141 INFO             PET0 PIOc_sync Enter - MemInfo: [/proc/meminfo - SSI]	MemTotal:       65507008 kB
20220312 061826.141 INFO             PET0 PIOc_sync Enter - MemInfo: [/proc/meminfo - SSI]	MemFree:        49687472 kB
20220312 061826.141 INFO             PET0 PIOc_sync Enter - MemInfo: [/proc/meminfo - SSI]	MemAvailable:   49451532 kB
20220312 061826.141 INFO             PET0 PIOc_sync Enter - MemInfo: [/proc/meminfo - SSI]	Committed_AS:   12941404 kB
20220312 061826.141 INFO             PET0 PIOc_sync Enter - MemInfo: [/proc/meminfo - SSI]	CommittedPercent: 19.7558 %
20220312 061826.141 INFO             PET0 PIOc_sync Enter - MemInfo: [/proc/self/status]	VmPeak:	  507052 kB
20220312 061826.141 INFO             PET0 PIOc_sync Enter - MemInfo: [/proc/self/status]	VmSize:	  498864 kB
20220312 061826.141 INFO             PET0 PIOc_sync Enter - MemInfo: [/proc/self/status]	VmLck:	       0 kB
20220312 061826.141 INFO             PET0 PIOc_sync Enter - MemInfo: [/proc/self/status]	VmPin:	       0 kB
20220312 061826.141 INFO             PET0 PIOc_sync Enter - MemInfo: [/proc/self/status]	VmHWM:	   64500 kB
20220312 061826.141 INFO             PET0 PIOc_sync Enter - MemInfo: [/proc/self/status]	VmRSS:	   28976 kB
20220312 061826.141 INFO             PET0 PIOc_sync Enter - MemInfo: [/proc/self/status]	VmData:	   32280 kB
20220312 061826.141 INFO             PET0 PIOc_sync Enter - MemInfo: [/proc/self/status]	VmStk:	     148 kB
20220312 061826.141 INFO             PET0 PIOc_sync Enter - MemInfo: [/proc/self/status]	VmExe:	     200 kB
20220312 061826.141 INFO             PET0 PIOc_sync Enter - MemInfo: [/proc/self/status]	VmLib:	   48496 kB
20220312 061826.141 INFO             PET0 PIOc_sync Enter - MemInfo: [/proc/self/status]	VmPTE:	     732 kB
20220312 061826.141 INFO             PET0 PIOc_sync Enter - MemInfo: [/proc/self/status]	VmPMD:	      16 kB
20220312 061826.141 INFO             PET0 PIOc_sync Enter - MemInfo: [/proc/self/status]	VmSwap:	       0 kB
20220312 061826.141 INFO             PET0 PIOc_sync Enter - MemInfo: [/proc/self/status]	VmRSSPercent: 0.0442334 %
20220312 061826.141 INFO             PET0 PIOc_sync Enter - MemInfo: [malloc] Non-mmapped space allocated:                20717568 Byte
20220312 061826.141 INFO             PET0 PIOc_sync Enter - MemInfo: [malloc] Space allocated in mmapped regions:          1581056 Byte
20220312 061826.141 INFO             PET0 PIOc_sync Enter - MemInfo: [malloc] Maximum total allocated space:                     0 Byte
20220312 061826.141 INFO             PET0 PIOc_sync Enter - MemInfo: [malloc] Space in freed fastbin blocks:                  2304 Byte
20220312 061826.141 INFO             PET0 PIOc_sync Enter - MemInfo: [malloc] Total allocated space:                      20390128 Byte
20220312 061826.141 INFO             PET0 PIOc_sync Enter - MemInfo: [malloc] Total free space:                             327440 Byte
20220312 061826.141 INFO             PET0 PIOc_sync Enter - MemInfo: [malloc] Top-most, releasable space:                   117264 Byte
20220312 061826.141 INFO             PET0 PIOc_sync Enter - MemInfo: [malloc] Total space in use, mmap + non-mmap:        21971184 Byte
20220312 061826.141 INFO             PET0 PIOc_sync Enter - MemInfo: [malloc] Total space held (mmap + non-mmap):         22298624 Byte
20220312 061826.141 INFO             PET0 PIOc_sync Enter - MemInfo: [malloc] Total space used (mmap + non-mmap):         21980512 Byte
20220312 061826.141 INFO             PET0 PIOc_sync Enter - MemInfo: Wall-clock time since execution start:               0.025893 seconds
20220312 061826.141 INFO             PET0 PIOc_sync Exit - MemInfo: [/proc/meminfo - SSI]	MemTotal:       65507008 kB
20220312 061826.141 INFO             PET0 PIOc_sync Exit - MemInfo: [/proc/meminfo - SSI]	MemFree:        49687472 kB
20220312 061826.141 INFO             PET0 PIOc_sync Exit - MemInfo: [/proc/meminfo - SSI]	MemAvailable:   49451532 kB
20220312 061826.141 INFO             PET0 PIOc_sync Exit - MemInfo: [/proc/meminfo - SSI]	Committed_AS:   12941404 kB
20220312 061826.141 INFO             PET0 PIOc_sync Exit - MemInfo: [/proc/meminfo - SSI]	CommittedPercent: 19.7558 %
20220312 061826.141 INFO             PET0 PIOc_sync Exit - MemInfo: [/proc/self/status]	VmPeak:	  507052 kB
20220312 061826.141 INFO             PET0 PIOc_sync Exit - MemInfo: [/proc/self/status]	VmSize:	  498864 kB
20220312 061826.141 INFO             PET0 PIOc_sync Exit - MemInfo: [/proc/self/status]	VmLck:	       0 kB
20220312 061826.141 INFO             PET0 PIOc_sync Exit - MemInfo: [/proc/self/status]	VmPin:	       0 kB
20220312 061826.141 INFO             PET0 PIOc_sync Exit - MemInfo: [/proc/self/status]	VmHWM:	   64500 kB
20220312 061826.141 INFO             PET0 PIOc_sync Exit - MemInfo: [/proc/self/status]	VmRSS:	   28976 kB
20220312 061826.141 INFO             PET0 PIOc_sync Exit - MemInfo: [/proc/self/status]	VmData:	   32280 kB
20220312 061826.141 INFO             PET0 PIOc_sync Exit - MemInfo: [/proc/self/status]	VmStk:	     148 kB
20220312 061826.141 INFO             PET0 PIOc_sync Exit - MemInfo: [/proc/self/status]	VmExe:	     200 kB
20220312 061826.141 INFO             PET0 PIOc_sync Exit - MemInfo: [/proc/self/status]	VmLib:	   48496 kB
20220312 061826.141 INFO             PET0 PIOc_sync Exit - MemInfo: [/proc/self/status]	VmPTE:	     732 kB
20220312 061826.141 INFO             PET0 PIOc_sync Exit - MemInfo: [/proc/self/status]	VmPMD:	      16 kB
20220312 061826.141 INFO             PET0 PIOc_sync Exit - MemInfo: [/proc/self/status]	VmSwap:	       0 kB
20220312 061826.141 INFO             PET0 PIOc_sync Exit - MemInfo: [/proc/self/status]	VmRSSPercent: 0.0442334 %
20220312 061826.141 INFO             PET0 PIOc_sync Exit - MemInfo: [malloc] Non-mmapped space allocated:                20717568 Byte
20220312 061826.142 INFO             PET0 PIOc_sync Exit - MemInfo: [malloc] Space allocated in mmapped regions:          1581056 Byte
20220312 061826.142 INFO             PET0 PIOc_sync Exit - MemInfo: [malloc] Maximum total allocated space:                     0 Byte
20220312 061826.142 INFO             PET0 PIOc_sync Exit - MemInfo: [malloc] Space in freed fastbin blocks:                  1152 Byte
20220312 061826.142 INFO             PET0 PIOc_sync Exit - MemInfo: [malloc] Total allocated space:                      20390752 Byte
20220312 061826.142 INFO             PET0 PIOc_sync Exit - MemInfo: [malloc] Total free space:                             326816 Byte
20220312 061826.142 INFO             PET0 PIOc_sync Exit - MemInfo: [malloc] Top-most, releasable space:                   117008 Byte
20220312 061826.142 INFO             PET0 PIOc_sync Exit - MemInfo: [malloc] Total space in use, mmap + non-mmap:        21971808 Byte
20220312 061826.142 INFO             PET0 PIOc_sync Exit - MemInfo: [malloc] Total space held (mmap + non-mmap):         22298624 Byte
20220312 061826.142 INFO             PET0 PIOc_sync Exit - MemInfo: [malloc] Total space used (mmap + non-mmap):         21981136 Byte
20220312 061826.142 INFO             PET0 PIOc_sync Exit - MemInfo: Wall-clock time since execution start:              0.0262512 seconds
20220312 061826.142 INFO             PET0 PIOc_freedecomp Enter - MemInfo: [/proc/meminfo - SSI]	MemTotal:       65507008 kB
20220312 061826.142 INFO             PET0 PIOc_freedecomp Enter - MemInfo: [/proc/meminfo - SSI]	MemFree:        49687472 kB
20220312 061826.142 INFO             PET0 PIOc_freedecomp Enter - MemInfo: [/proc/meminfo - SSI]	MemAvailable:   49451532 kB
20220312 061826.142 INFO             PET0 PIOc_freedecomp Enter - MemInfo: [/proc/meminfo - SSI]	Committed_AS:   12941404 kB
20220312 061826.142 INFO             PET0 PIOc_freedecomp Enter - MemInfo: [/proc/meminfo - SSI]	CommittedPercent: 19.7558 %
20220312 061826.142 INFO             PET0 PIOc_freedecomp Enter - MemInfo: [/proc/self/status]	VmPeak:	  507052 kB
20220312 061826.142 INFO             PET0 PIOc_freedecomp Enter - MemInfo: [/proc/self/status]	VmSize:	  498864 kB
20220312 061826.142 INFO             PET0 PIOc_freedecomp Enter - MemInfo: [/proc/self/status]	VmLck:	       0 kB
20220312 061826.142 INFO             PET0 PIOc_freedecomp Enter - MemInfo: [/proc/self/status]	VmPin:	       0 kB
20220312 061826.142 INFO             PET0 PIOc_freedecomp Enter - MemInfo: [/proc/self/status]	VmHWM:	   64500 kB
20220312 061826.142 INFO             PET0 PIOc_freedecomp Enter - MemInfo: [/proc/self/status]	VmRSS:	   28976 kB
20220312 061826.142 INFO             PET0 PIOc_freedecomp Enter - MemInfo: [/proc/self/status]	VmData:	   32280 kB
20220312 061826.142 INFO             PET0 PIOc_freedecomp Enter - MemInfo: [/proc/self/status]	VmStk:	     148 kB
20220312 061826.142 INFO             PET0 PIOc_freedecomp Enter - MemInfo: [/proc/self/status]	VmExe:	     200 kB
20220312 061826.142 INFO             PET0 PIOc_freedecomp Enter - MemInfo: [/proc/self/status]	VmLib:	   48496 kB
20220312 061826.142 INFO             PET0 PIOc_freedecomp Enter - MemInfo: [/proc/self/status]	VmPTE:	     732 kB
20220312 061826.142 INFO             PET0 PIOc_freedecomp Enter - MemInfo: [/proc/self/status]	VmPMD:	      16 kB
20220312 061826.142 INFO             PET0 PIOc_freedecomp Enter - MemInfo: [/proc/self/status]	VmSwap:	       0 kB
20220312 061826.142 INFO             PET0 PIOc_freedecomp Enter - MemInfo: [/proc/self/status]	VmRSSPercent: 0.0442334 %
20220312 061826.142 INFO             PET0 PIOc_freedecomp Enter - MemInfo: [malloc] Non-mmapped space allocated:                20717568 Byte
20220312 061826.142 INFO             PET0 PIOc_freedecomp Enter - MemInfo: [malloc] Space allocated in mmapped regions:          1581056 Byte
20220312 061826.142 INFO             PET0 PIOc_freedecomp Enter - MemInfo: [malloc] Maximum total allocated space:                     0 Byte
20220312 061826.142 INFO             PET0 PIOc_freedecomp Enter - MemInfo: [malloc] Space in freed fastbin blocks:                   832 Byte
20220312 061826.142 INFO             PET0 PIOc_freedecomp Enter - MemInfo: [malloc] Total allocated space:                       3073648 Byte
20220312 061826.142 INFO             PET0 PIOc_freedecomp Enter - MemInfo: [malloc] Total free space:                           17643920 Byte
20220312 061826.142 INFO             PET0 PIOc_freedecomp Enter - MemInfo: [malloc] Top-most, releasable space:                   119600 Byte
20220312 061826.142 INFO             PET0 PIOc_freedecomp Enter - MemInfo: [malloc] Total space in use, mmap + non-mmap:         4654704 Byte
20220312 061826.142 INFO             PET0 PIOc_freedecomp Enter - MemInfo: [malloc] Total space held (mmap + non-mmap):         22298624 Byte
20220312 061826.142 INFO             PET0 PIOc_freedecomp Enter - MemInfo: [malloc] Total space used (mmap + non-mmap):          4664032 Byte
20220312 061826.142 INFO             PET0 PIOc_freedecomp Enter - MemInfo: Wall-clock time since execution start:              0.0265944 seconds
20220312 061826.142 INFO             PET0 PIOc_freedecomp Exit - MemInfo: [/proc/meminfo - SSI]	MemTotal:       65507008 kB
20220312 061826.142 INFO             PET0 PIOc_freedecomp Exit - MemInfo: [/proc/meminfo - SSI]	MemFree:        49687472 kB
20220312 061826.142 INFO             PET0 PIOc_freedecomp Exit - MemInfo: [/proc/meminfo - SSI]	MemAvailable:   49451532 kB
20220312 061826.142 INFO             PET0 PIOc_freedecomp Exit - MemInfo: [/proc/meminfo - SSI]	Committed_AS:   12941404 kB
20220312 061826.142 INFO             PET0 PIOc_freedecomp Exit - MemInfo: [/proc/meminfo - SSI]	CommittedPercent: 19.7558 %
20220312 061826.142 INFO             PET0 PIOc_freedecomp Exit - MemInfo: [/proc/self/status]	VmPeak:	  507052 kB
20220312 061826.142 INFO             PET0 PIOc_freedecomp Exit - MemInfo: [/proc/self/status]	VmSize:	  498864 kB
20220312 061826.142 INFO             PET0 PIOc_freedecomp Exit - MemInfo: [/proc/self/status]	VmLck:	       0 kB
20220312 061826.142 INFO             PET0 PIOc_freedecomp Exit - MemInfo: [/proc/self/status]	VmPin:	       0 kB
20220312 061826.142 INFO             PET0 PIOc_freedecomp Exit - MemInfo: [/proc/self/status]	VmHWM:	   64500 kB
20220312 061826.142 INFO             PET0 PIOc_freedecomp Exit - MemInfo: [/proc/self/status]	VmRSS:	   28976 kB
20220312 061826.142 INFO             PET0 PIOc_freedecomp Exit - MemInfo: [/proc/self/status]	VmData:	   32280 kB
20220312 061826.142 INFO             PET0 PIOc_freedecomp Exit - MemInfo: [/proc/self/status]	VmStk:	     148 kB
20220312 061826.142 INFO             PET0 PIOc_freedecomp Exit - MemInfo: [/proc/self/status]	VmExe:	     200 kB
20220312 061826.142 INFO             PET0 PIOc_freedecomp Exit - MemInfo: [/proc/self/status]	VmLib:	   48496 kB
20220312 061826.142 INFO             PET0 PIOc_freedecomp Exit - MemInfo: [/proc/self/status]	VmPTE:	     732 kB
20220312 061826.142 INFO             PET0 PIOc_freedecomp Exit - MemInfo: [/proc/self/status]	VmPMD:	      16 kB
20220312 061826.142 INFO             PET0 PIOc_freedecomp Exit - MemInfo: [/proc/self/status]	VmSwap:	       0 kB
20220312 061826.142 INFO             PET0 PIOc_freedecomp Exit - MemInfo: [/proc/self/status]	VmRSSPercent: 0.0442334 %
20220312 061826.142 INFO             PET0 PIOc_freedecomp Exit - MemInfo: [malloc] Non-mmapped space allocated:                20717568 Byte
20220312 061826.142 INFO             PET0 PIOc_freedecomp Exit - MemInfo: [malloc] Space allocated in mmapped regions:          1581056 Byte
20220312 061826.142 INFO             PET0 PIOc_freedecomp Exit - MemInfo: [malloc] Maximum total allocated space:                     0 Byte
20220312 061826.142 INFO             PET0 PIOc_freedecomp Exit - MemInfo: [malloc] Space in freed fastbin blocks:                  2272 Byte
20220312 061826.142 INFO             PET0 PIOc_freedecomp Exit - MemInfo: [malloc] Total allocated space:                       3070960 Byte
20220312 061826.142 INFO             PET0 PIOc_freedecomp Exit - MemInfo: [malloc] Total free space:                           17646608 Byte
20220312 061826.142 INFO             PET0 PIOc_freedecomp Exit - MemInfo: [malloc] Top-most, releasable space:                   119600 Byte
20220312 061826.142 INFO             PET0 PIOc_freedecomp Exit - MemInfo: [malloc] Total space in use, mmap + non-mmap:         4652016 Byte
20220312 061826.142 INFO             PET0 PIOc_freedecomp Exit - MemInfo: [malloc] Total space held (mmap + non-mmap):         22298624 Byte
20220312 061826.142 INFO             PET0 PIOc_freedecomp Exit - MemInfo: [malloc] Total space used (mmap + non-mmap):          4661344 Byte
20220312 061826.142 INFO             PET0 PIOc_freedecomp Exit - MemInfo: Wall-clock time since execution start:              0.0269179 seconds
20220312 061826.142 INFO             PET0 PASS Execute ESMC_RouteHandlePrint(), ESMC_FieldGridRegridCsrvUTest.C, line 526
20220312 061826.142 INFO             PET0 PASS Release an ESMC_RouteHandle via ESMC_FieldRegridRelease(), ESMC_FieldGridRegridCsrvUTest.C, line 534
20220312 061826.143 INFO             PET0 PASS Execute ESMC_FieldRegridGetArea() - source, ESMC_FieldGridRegridCsrvUTest.C, line 584
20220312 061826.143 INFO             PET0 PASS Execute ESMC_FieldRegridGetArea() - destination, ESMC_FieldGridRegridCsrvUTest.C, line 606
20220312 061826.143 INFO             PET0 PASS Regridding Validation, ESMC_FieldGridRegridCsrvUTest.C, line 671
20220312 061826.143 INFO             PET0 PASS Destroy ESMC_Field object, ESMC_FieldGridRegridCsrvUTest.C, line 685
20220312 061826.143 INFO             PET0 PASS Destroy ESMC_Field object, ESMC_FieldGridRegridCsrvUTest.C, line 693
20220312 061826.143 INFO             PET0 PASS Destroy ESMC_Grid object, ESMC_FieldGridRegridCsrvUTest.C, line 701
20220312 061826.143 INFO             PET0 PASS Destroy ESMC_Mesh object, ESMC_FieldGridRegridCsrvUTest.C, line 709
20220312 061826.143 INFO             PET0 Ending Test, file ESMC_FieldGridRegridCsrvUTest.C, line 714
20220312 061826.143 INFO             PET0 Finalizing ESMF
