build time -- 2022-03-12 06:04:12.566204
20220312 061822.724 INFO             PET0 !!!!!!!!!!!!!!!!!!!!!!!!!!!!!!!!!!!!!!!!!!!!!!!!!!!!!!
20220312 061822.724 INFO             PET0 !!! THE ESMF_LOG IS SET TO OUTPUT ALL LOG MESSAGES !!!
20220312 061822.724 INFO             PET0 !!!     THIS MAY CAUSE SLOWDOWN IN PERFORMANCE     !!!
20220312 061822.724 INFO             PET0 !!! FOR PRODUCTION RUNS, USE:                      !!!
20220312 061822.724 INFO             PET0 !!!                   ESMF_LOGKIND_Multi_On_Error  !!!
20220312 061822.724 INFO             PET0 !!!!!!!!!!!!!!!!!!!!!!!!!!!!!!!!!!!!!!!!!!!!!!!!!!!!!!
20220312 061822.724 INFO             PET0 Running with ESMF Version   : v8.3.0b09-96-g559b459836
20220312 061822.724 INFO             PET0 ESMF library build date/time: "Mar 12 2022" "06:02:09"
20220312 061822.724 INFO             PET0 ESMF library build location : /glade/scratch/rlong/esmf-testing/gfortran_10.1.0_openmpi_O_jedwards_pio_update2
20220312 061822.724 INFO             PET0 ESMF_COMM                   : openmpi
20220312 061822.725 INFO             PET0 ESMF_MOAB                   : enabled
20220312 061822.725 INFO             PET0 ESMF_LAPACK                 : enabled
20220312 061822.725 INFO             PET0 ESMF_NETCDF                 : enabled
20220312 061822.725 INFO             PET0 ESMF_PNETCDF                : disabled
20220312 061822.725 INFO             PET0 ESMF_PIO                    : enabled
20220312 061822.725 INFO             PET0 ESMF_YAMLCPP                : enabled
20220312 061822.725 INFO             PET0 Beginning Test, file ESMC_FieldRegridUTest.C, line 68
20220312 061822.725 INFO             PET0 Beginning Test, file ESMC_FieldRegridUTest.C, line 68NUMBER_OF_PROCESSORS 1
20220312 061822.725 INFO             PET0 PASS MeshCreate, ESMC_FieldRegridUTest.C, line 125
20220312 061822.725 INFO             PET0 PASS MeshAddNodes, ESMC_FieldRegridUTest.C, line 133
20220312 061822.725 INFO             PET0 PASS MeshAddElements, ESMC_FieldRegridUTest.C, line 142
20220312 061822.725 INFO             PET0 PASS MeshGetLocalNodeCount, ESMC_FieldRegridUTest.C, line 152
20220312 061822.725 INFO             PET0 PASS MeshGetLocalElementCount, ESMC_FieldRegridUTest.C, line 163
20220312 061822.725 INFO             PET0 PASS MeshCreate, ESMC_FieldRegridUTest.C, line 231
20220312 061822.725 INFO             PET0 PASS MeshAddNodes, ESMC_FieldRegridUTest.C, line 239
20220312 061822.725 INFO             PET0 PASS MeshAddElements, ESMC_FieldRegridUTest.C, line 248
20220312 061822.725 INFO             PET0 PASS MeshGetLocalNodeCount, ESMC_FieldRegridUTest.C, line 258
20220312 061822.725 INFO             PET0 PASS MeshGetLocalElementCount, ESMC_FieldRegridUTest.C, line 269
20220312 061822.726 INFO             PET0 PASS Create ESMC_Field object, ESMC_FieldRegridUTest.C, line 284
20220312 061822.726 INFO             PET0 PASS Create ESMC_Field object, ESMC_FieldRegridUTest.C, line 293
20220312 061822.726 INFO             PET0 PASS Get a void * C pointer to data from ESMC_Field object, ESMC_FieldRegridUTest.C, line 306
20220312 061822.726 INFO             PET0 PASS Get a void * C pointer to data from ESMC_Field object, ESMC_FieldRegridUTest.C, line 325
20220312 061822.726 INFO             PET0 PASS Create an InterArray for maskValues in ESMC_FieldRegridStore(), ESMC_FieldRegridUTest.C, line 343
20220312 061822.737 INFO             PET0 PIOc_sync Enter - MemInfo: [/proc/meminfo - SSI]	MemTotal:       65507008 kB
20220312 061822.737 INFO             PET0 PIOc_sync Enter - MemInfo: [/proc/meminfo - SSI]	MemFree:        49682884 kB
20220312 061822.737 INFO             PET0 PIOc_sync Enter - MemInfo: [/proc/meminfo - SSI]	MemAvailable:   49446740 kB
20220312 061822.737 INFO             PET0 PIOc_sync Enter - MemInfo: [/proc/meminfo - SSI]	Committed_AS:   12922120 kB
20220312 061822.737 INFO             PET0 PIOc_sync Enter - MemInfo: [/proc/meminfo - SSI]	CommittedPercent: 19.7263 %
20220312 061822.737 INFO             PET0 PIOc_sync Enter - MemInfo: [/proc/self/status]	VmPeak:	  498960 kB
20220312 061822.739 INFO             PET0 PIOc_sync Enter - MemInfo: [/proc/self/status]	VmSize:	  498960 kB
20220312 061822.739 INFO             PET0 PIOc_sync Enter - MemInfo: [/proc/self/status]	VmLck:	       0 kB
20220312 061822.739 INFO             PET0 PIOc_sync Enter - MemInfo: [/proc/self/status]	VmPin:	       0 kB
20220312 061822.739 INFO             PET0 PIOc_sync Enter - MemInfo: [/proc/self/status]	VmHWM:	   64500 kB
20220312 061822.739 INFO             PET0 PIOc_sync Enter - MemInfo: [/proc/self/status]	VmRSS:	   36596 kB
20220312 061822.739 INFO             PET0 PIOc_sync Enter - MemInfo: [/proc/self/status]	VmData:	   32372 kB
20220312 061822.739 INFO             PET0 PIOc_sync Enter - MemInfo: [/proc/self/status]	VmStk:	     148 kB
20220312 061822.739 INFO             PET0 PIOc_sync Enter - MemInfo: [/proc/self/status]	VmExe:	     204 kB
20220312 061822.739 INFO             PET0 PIOc_sync Enter - MemInfo: [/proc/self/status]	VmLib:	   48496 kB
20220312 061822.739 INFO             PET0 PIOc_sync Enter - MemInfo: [/proc/self/status]	VmPTE:	     728 kB
20220312 061822.739 INFO             PET0 PIOc_sync Enter - MemInfo: [/proc/self/status]	VmPMD:	      16 kB
20220312 061822.739 INFO             PET0 PIOc_sync Enter - MemInfo: [/proc/self/status]	VmSwap:	       0 kB
20220312 061822.739 INFO             PET0 PIOc_sync Enter - MemInfo: [/proc/self/status]	VmRSSPercent: 0.0558658 %
20220312 061822.739 INFO             PET0 PIOc_sync Enter - MemInfo: [malloc] Non-mmapped space allocated:                 3502080 Byte
20220312 061822.739 INFO             PET0 PIOc_sync Enter - MemInfo: [malloc] Space allocated in mmapped regions:         18890752 Byte
20220312 061822.739 INFO             PET0 PIOc_sync Enter - MemInfo: [malloc] Maximum total allocated space:                     0 Byte
20220312 061822.739 INFO             PET0 PIOc_sync Enter - MemInfo: [malloc] Space in freed fastbin blocks:                   704 Byte
20220312 061822.739 INFO             PET0 PIOc_sync Enter - MemInfo: [malloc] Total allocated space:                       3061520 Byte
20220312 061822.739 INFO             PET0 PIOc_sync Enter - MemInfo: [malloc] Total free space:                             440560 Byte
20220312 061822.739 INFO             PET0 PIOc_sync Enter - MemInfo: [malloc] Top-most, releasable space:                   232112 Byte
20220312 061822.739 INFO             PET0 PIOc_sync Enter - MemInfo: [malloc] Total space in use, mmap + non-mmap:        21952272 Byte
20220312 061822.740 INFO             PET0 PIOc_sync Enter - MemInfo: [malloc] Total space held (mmap + non-mmap):         22392832 Byte
20220312 061822.740 INFO             PET0 PIOc_sync Enter - MemInfo: [malloc] Total space used (mmap + non-mmap):         21961600 Byte
20220312 061822.740 INFO             PET0 PIOc_sync Enter - MemInfo: Wall-clock time since execution start:              0.0158555 seconds
20220312 061822.740 INFO             PET0 PIOc_sync Exit - MemInfo: [/proc/meminfo - SSI]	MemTotal:       65507008 kB
20220312 061822.740 INFO             PET0 PIOc_sync Exit - MemInfo: [/proc/meminfo - SSI]	MemFree:        49682884 kB
20220312 061822.740 INFO             PET0 PIOc_sync Exit - MemInfo: [/proc/meminfo - SSI]	MemAvailable:   49446740 kB
20220312 061822.740 INFO             PET0 PIOc_sync Exit - MemInfo: [/proc/meminfo - SSI]	Committed_AS:   12922120 kB
20220312 061822.740 INFO             PET0 PIOc_sync Exit - MemInfo: [/proc/meminfo - SSI]	CommittedPercent: 19.7263 %
20220312 061822.740 INFO             PET0 PIOc_sync Exit - MemInfo: [/proc/self/status]	VmPeak:	  498960 kB
20220312 061822.740 INFO             PET0 PIOc_sync Exit - MemInfo: [/proc/self/status]	VmSize:	  498960 kB
20220312 061822.740 INFO             PET0 PIOc_sync Exit - MemInfo: [/proc/self/status]	VmLck:	       0 kB
20220312 061822.740 INFO             PET0 PIOc_sync Exit - MemInfo: [/proc/self/status]	VmPin:	       0 kB
20220312 061822.740 INFO             PET0 PIOc_sync Exit - MemInfo: [/proc/self/status]	VmHWM:	   64500 kB
20220312 061822.740 INFO             PET0 PIOc_sync Exit - MemInfo: [/proc/self/status]	VmRSS:	   36700 kB
20220312 061822.740 INFO             PET0 PIOc_sync Exit - MemInfo: [/proc/self/status]	VmData:	   32372 kB
20220312 061822.740 INFO             PET0 PIOc_sync Exit - MemInfo: [/proc/self/status]	VmStk:	     148 kB
20220312 061822.740 INFO             PET0 PIOc_sync Exit - MemInfo: [/proc/self/status]	VmExe:	     204 kB
20220312 061822.740 INFO             PET0 PIOc_sync Exit - MemInfo: [/proc/self/status]	VmLib:	   48496 kB
20220312 061822.740 INFO             PET0 PIOc_sync Exit - MemInfo: [/proc/self/status]	VmPTE:	     728 kB
20220312 061822.740 INFO             PET0 PIOc_sync Exit - MemInfo: [/proc/self/status]	VmPMD:	      16 kB
20220312 061822.740 INFO             PET0 PIOc_sync Exit - MemInfo: [/proc/self/status]	VmSwap:	       0 kB
20220312 061822.740 INFO             PET0 PIOc_sync Exit - MemInfo: [/proc/self/status]	VmRSSPercent: 0.0560245 %
20220312 061822.740 INFO             PET0 PIOc_sync Exit - MemInfo: [malloc] Non-mmapped space allocated:                 3502080 Byte
20220312 061822.740 INFO             PET0 PIOc_sync Exit - MemInfo: [malloc] Space allocated in mmapped regions:         18890752 Byte
20220312 061822.740 INFO             PET0 PIOc_sync Exit - MemInfo: [malloc] Maximum total allocated space:                     0 Byte
20220312 061822.740 INFO             PET0 PIOc_sync Exit - MemInfo: [malloc] Space in freed fastbin blocks:                  1088 Byte
20220312 061822.740 INFO             PET0 PIOc_sync Exit - MemInfo: [malloc] Total allocated space:                       3061632 Byte
20220312 061822.740 INFO             PET0 PIOc_sync Exit - MemInfo: [malloc] Total free space:                             440448 Byte
20220312 061822.740 INFO             PET0 PIOc_sync Exit - MemInfo: [malloc] Top-most, releasable space:                   230032 Byte
20220312 061822.740 INFO             PET0 PIOc_sync Exit - MemInfo: [malloc] Total space in use, mmap + non-mmap:        21952384 Byte
20220312 061822.740 INFO             PET0 PIOc_sync Exit - MemInfo: [malloc] Total space held (mmap + non-mmap):         22392832 Byte
20220312 061822.740 INFO             PET0 PIOc_sync Exit - MemInfo: [malloc] Total space used (mmap + non-mmap):         21961712 Byte
20220312 061822.740 INFO             PET0 PIOc_sync Exit - MemInfo: Wall-clock time since execution start:              0.0162912 seconds
20220312 061822.741 INFO             PET0 PIOc_freedecomp Enter - MemInfo: [/proc/meminfo - SSI]	MemTotal:       65507008 kB
20220312 061822.741 INFO             PET0 PIOc_freedecomp Enter - MemInfo: [/proc/meminfo - SSI]	MemFree:        49697500 kB
20220312 061822.741 INFO             PET0 PIOc_freedecomp Enter - MemInfo: [/proc/meminfo - SSI]	MemAvailable:   49461356 kB
20220312 061822.741 INFO             PET0 PIOc_freedecomp Enter - MemInfo: [/proc/meminfo - SSI]	Committed_AS:   12905732 kB
20220312 061822.741 INFO             PET0 PIOc_freedecomp Enter - MemInfo: [/proc/meminfo - SSI]	CommittedPercent: 19.7013 %
20220312 061822.741 INFO             PET0 PIOc_freedecomp Enter - MemInfo: [/proc/self/status]	VmPeak:	  498960 kB
20220312 061822.741 INFO             PET0 PIOc_freedecomp Enter - MemInfo: [/proc/self/status]	VmSize:	  482056 kB
20220312 061822.741 INFO             PET0 PIOc_freedecomp Enter - MemInfo: [/proc/self/status]	VmLck:	       0 kB
20220312 061822.741 INFO             PET0 PIOc_freedecomp Enter - MemInfo: [/proc/self/status]	VmPin:	       0 kB
20220312 061822.741 INFO             PET0 PIOc_freedecomp Enter - MemInfo: [/proc/self/status]	VmHWM:	   64500 kB
20220312 061822.741 INFO             PET0 PIOc_freedecomp Enter - MemInfo: [/proc/self/status]	VmRSS:	   20308 kB
20220312 061822.741 INFO             PET0 PIOc_freedecomp Enter - MemInfo: [/proc/self/status]	VmData:	   15468 kB
20220312 061822.741 INFO             PET0 PIOc_freedecomp Enter - MemInfo: [/proc/self/status]	VmStk:	     148 kB
20220312 061822.741 INFO             PET0 PIOc_freedecomp Enter - MemInfo: [/proc/self/status]	VmExe:	     204 kB
20220312 061822.741 INFO             PET0 PIOc_freedecomp Enter - MemInfo: [/proc/self/status]	VmLib:	   48496 kB
20220312 061822.741 INFO             PET0 PIOc_freedecomp Enter - MemInfo: [/proc/self/status]	VmPTE:	     696 kB
20220312 061822.741 INFO             PET0 PIOc_freedecomp Enter - MemInfo: [/proc/self/status]	VmPMD:	      16 kB
20220312 061822.741 INFO             PET0 PIOc_freedecomp Enter - MemInfo: [/proc/self/status]	VmSwap:	       0 kB
20220312 061822.741 INFO             PET0 PIOc_freedecomp Enter - MemInfo: [/proc/self/status]	VmRSSPercent: 0.0310013 %
20220312 061822.741 INFO             PET0 PIOc_freedecomp Enter - MemInfo: [malloc] Non-mmapped space allocated:                 3502080 Byte
20220312 061822.741 INFO             PET0 PIOc_freedecomp Enter - MemInfo: [malloc] Space allocated in mmapped regions:          1581056 Byte
20220312 061822.741 INFO             PET0 PIOc_freedecomp Enter - MemInfo: [malloc] Maximum total allocated space:                     0 Byte
20220312 061822.741 INFO             PET0 PIOc_freedecomp Enter - MemInfo: [malloc] Space in freed fastbin blocks:                  2064 Byte
20220312 061822.741 INFO             PET0 PIOc_freedecomp Enter - MemInfo: [malloc] Total allocated space:                       3048496 Byte
20220312 061822.741 INFO             PET0 PIOc_freedecomp Enter - MemInfo: [malloc] Total free space:                             453584 Byte
20220312 061822.741 INFO             PET0 PIOc_freedecomp Enter - MemInfo: [malloc] Top-most, releasable space:                   230912 Byte
20220312 061822.741 INFO             PET0 PIOc_freedecomp Enter - MemInfo: [malloc] Total space in use, mmap + non-mmap:         4629552 Byte
20220312 061822.741 INFO             PET0 PIOc_freedecomp Enter - MemInfo: [malloc] Total space held (mmap + non-mmap):          5083136 Byte
20220312 061822.741 INFO             PET0 PIOc_freedecomp Enter - MemInfo: [malloc] Total space used (mmap + non-mmap):          4638880 Byte
20220312 061822.741 INFO             PET0 PIOc_freedecomp Enter - MemInfo: Wall-clock time since execution start:              0.0173214 seconds
20220312 061822.741 INFO             PET0 PIOc_freedecomp Exit - MemInfo: [/proc/meminfo - SSI]	MemTotal:       65507008 kB
20220312 061822.741 INFO             PET0 PIOc_freedecomp Exit - MemInfo: [/proc/meminfo - SSI]	MemFree:        49697500 kB
20220312 061822.741 INFO             PET0 PIOc_freedecomp Exit - MemInfo: [/proc/meminfo - SSI]	MemAvailable:   49461356 kB
20220312 061822.741 INFO             PET0 PIOc_freedecomp Exit - MemInfo: [/proc/meminfo - SSI]	Committed_AS:   12905732 kB
20220312 061822.741 INFO             PET0 PIOc_freedecomp Exit - MemInfo: [/proc/meminfo - SSI]	CommittedPercent: 19.7013 %
20220312 061822.741 INFO             PET0 PIOc_freedecomp Exit - MemInfo: [/proc/self/status]	VmPeak:	  498960 kB
20220312 061822.741 INFO             PET0 PIOc_freedecomp Exit - MemInfo: [/proc/self/status]	VmSize:	  482056 kB
20220312 061822.741 INFO             PET0 PIOc_freedecomp Exit - MemInfo: [/proc/self/status]	VmLck:	       0 kB
20220312 061822.741 INFO             PET0 PIOc_freedecomp Exit - MemInfo: [/proc/self/status]	VmPin:	       0 kB
20220312 061822.741 INFO             PET0 PIOc_freedecomp Exit - MemInfo: [/proc/self/status]	VmHWM:	   64500 kB
20220312 061822.741 INFO             PET0 PIOc_freedecomp Exit - MemInfo: [/proc/self/status]	VmRSS:	   20312 kB
20220312 061822.741 INFO             PET0 PIOc_freedecomp Exit - MemInfo: [/proc/self/status]	VmData:	   15468 kB
20220312 061822.741 INFO             PET0 PIOc_freedecomp Exit - MemInfo: [/proc/self/status]	VmStk:	     148 kB
20220312 061822.741 INFO             PET0 PIOc_freedecomp Exit - MemInfo: [/proc/self/status]	VmExe:	     204 kB
20220312 061822.741 INFO             PET0 PIOc_freedecomp Exit - MemInfo: [/proc/self/status]	VmLib:	   48496 kB
20220312 061822.741 INFO             PET0 PIOc_freedecomp Exit - MemInfo: [/proc/self/status]	VmPTE:	     696 kB
20220312 061822.741 INFO             PET0 PIOc_freedecomp Exit - MemInfo: [/proc/self/status]	VmPMD:	      16 kB
20220312 061822.741 INFO             PET0 PIOc_freedecomp Exit - MemInfo: [/proc/self/status]	VmSwap:	       0 kB
20220312 061822.741 INFO             PET0 PIOc_freedecomp Exit - MemInfo: [/proc/self/status]	VmRSSPercent: 0.0310074 %
20220312 061822.741 INFO             PET0 PIOc_freedecomp Exit - MemInfo: [malloc] Non-mmapped space allocated:                 3502080 Byte
20220312 061822.741 INFO             PET0 PIOc_freedecomp Exit - MemInfo: [malloc] Space allocated in mmapped regions:          1581056 Byte
20220312 061822.741 INFO             PET0 PIOc_freedecomp Exit - MemInfo: [malloc] Maximum total allocated space:                     0 Byte
20220312 061822.741 INFO             PET0 PIOc_freedecomp Exit - MemInfo: [malloc] Space in freed fastbin blocks:                  1808 Byte
20220312 061822.741 INFO             PET0 PIOc_freedecomp Exit - MemInfo: [malloc] Total allocated space:                       3044352 Byte
20220312 061822.741 INFO             PET0 PIOc_freedecomp Exit - MemInfo: [malloc] Total free space:                             457728 Byte
20220312 061822.741 INFO             PET0 PIOc_freedecomp Exit - MemInfo: [malloc] Top-most, releasable space:                   230912 Byte
20220312 061822.741 INFO             PET0 PIOc_freedecomp Exit - MemInfo: [malloc] Total space in use, mmap + non-mmap:         4625408 Byte
20220312 061822.741 INFO             PET0 PIOc_freedecomp Exit - MemInfo: [malloc] Total space held (mmap + non-mmap):          5083136 Byte
20220312 061822.741 INFO             PET0 PIOc_freedecomp Exit - MemInfo: [malloc] Total space used (mmap + non-mmap):          4634736 Byte
20220312 061822.741 INFO             PET0 PIOc_freedecomp Exit - MemInfo: Wall-clock time since execution start:              0.0176591 seconds
20220312 061822.745 INFO             PET0 PIOc_sync Enter - MemInfo: [/proc/meminfo - SSI]	MemTotal:       65507008 kB
20220312 061822.745 INFO             PET0 PIOc_sync Enter - MemInfo: [/proc/meminfo - SSI]	MemFree:        49690444 kB
20220312 061822.745 INFO             PET0 PIOc_sync Enter - MemInfo: [/proc/meminfo - SSI]	MemAvailable:   49454300 kB
20220312 061822.745 INFO             PET0 PIOc_sync Enter - MemInfo: [/proc/meminfo - SSI]	Committed_AS:   12922004 kB
20220312 061822.745 INFO             PET0 PIOc_sync Enter - MemInfo: [/proc/meminfo - SSI]	CommittedPercent: 19.7261 %
20220312 061822.745 INFO             PET0 PIOc_sync Enter - MemInfo: [/proc/self/status]	VmPeak:	  498960 kB
20220312 061822.745 INFO             PET0 PIOc_sync Enter - MemInfo: [/proc/self/status]	VmSize:	  498844 kB
20220312 061822.745 INFO             PET0 PIOc_sync Enter - MemInfo: [/proc/self/status]	VmLck:	       0 kB
20220312 061822.745 INFO             PET0 PIOc_sync Enter - MemInfo: [/proc/self/status]	VmPin:	       0 kB
20220312 061822.745 INFO             PET0 PIOc_sync Enter - MemInfo: [/proc/self/status]	VmHWM:	   64500 kB
20220312 061822.745 INFO             PET0 PIOc_sync Enter - MemInfo: [/proc/self/status]	VmRSS:	   28756 kB
20220312 061822.745 INFO             PET0 PIOc_sync Enter - MemInfo: [/proc/self/status]	VmData:	   32256 kB
20220312 061822.745 INFO             PET0 PIOc_sync Enter - MemInfo: [/proc/self/status]	VmStk:	     148 kB
20220312 061822.745 INFO             PET0 PIOc_sync Enter - MemInfo: [/proc/self/status]	VmExe:	     204 kB
20220312 061822.745 INFO             PET0 PIOc_sync Enter - MemInfo: [/proc/self/status]	VmLib:	   48496 kB
20220312 061822.745 INFO             PET0 PIOc_sync Enter - MemInfo: [/proc/self/status]	VmPTE:	     720 kB
20220312 061822.745 INFO             PET0 PIOc_sync Enter - MemInfo: [/proc/self/status]	VmPMD:	      16 kB
20220312 061822.745 INFO             PET0 PIOc_sync Enter - MemInfo: [/proc/self/status]	VmSwap:	       0 kB
20220312 061822.745 INFO             PET0 PIOc_sync Enter - MemInfo: [/proc/self/status]	VmRSSPercent: 0.0438976 %
20220312 061822.745 INFO             PET0 PIOc_sync Enter - MemInfo: [malloc] Non-mmapped space allocated:                20692992 Byte
20220312 061822.745 INFO             PET0 PIOc_sync Enter - MemInfo: [malloc] Space allocated in mmapped regions:          1581056 Byte
20220312 061822.745 INFO             PET0 PIOc_sync Enter - MemInfo: [malloc] Maximum total allocated space:                     0 Byte
20220312 061822.745 INFO             PET0 PIOc_sync Enter - MemInfo: [malloc] Space in freed fastbin blocks:                  2720 Byte
20220312 061822.745 INFO             PET0 PIOc_sync Enter - MemInfo: [malloc] Total allocated space:                      20363328 Byte
20220312 061822.745 INFO             PET0 PIOc_sync Enter - MemInfo: [malloc] Total free space:                             329664 Byte
20220312 061822.745 INFO             PET0 PIOc_sync Enter - MemInfo: [malloc] Top-most, releasable space:                   119248 Byte
20220312 061822.745 INFO             PET0 PIOc_sync Enter - MemInfo: [malloc] Total space in use, mmap + non-mmap:        21944384 Byte
20220312 061822.745 INFO             PET0 PIOc_sync Enter - MemInfo: [malloc] Total space held (mmap + non-mmap):         22274048 Byte
20220312 061822.745 INFO             PET0 PIOc_sync Enter - MemInfo: [malloc] Total space used (mmap + non-mmap):         21953712 Byte
20220312 061822.745 INFO             PET0 PIOc_sync Enter - MemInfo: Wall-clock time since execution start:              0.0217422 seconds
20220312 061822.745 INFO             PET0 PIOc_sync Exit - MemInfo: [/proc/meminfo - SSI]	MemTotal:       65507008 kB
20220312 061822.746 INFO             PET0 PIOc_sync Exit - MemInfo: [/proc/meminfo - SSI]	MemFree:        49690444 kB
20220312 061822.746 INFO             PET0 PIOc_sync Exit - MemInfo: [/proc/meminfo - SSI]	MemAvailable:   49454300 kB
20220312 061822.746 INFO             PET0 PIOc_sync Exit - MemInfo: [/proc/meminfo - SSI]	Committed_AS:   12922004 kB
20220312 061822.746 INFO             PET0 PIOc_sync Exit - MemInfo: [/proc/meminfo - SSI]	CommittedPercent: 19.7261 %
20220312 061822.746 INFO             PET0 PIOc_sync Exit - MemInfo: [/proc/self/status]	VmPeak:	  498960 kB
20220312 061822.746 INFO             PET0 PIOc_sync Exit - MemInfo: [/proc/self/status]	VmSize:	  498844 kB
20220312 061822.746 INFO             PET0 PIOc_sync Exit - MemInfo: [/proc/self/status]	VmLck:	       0 kB
20220312 061822.746 INFO             PET0 PIOc_sync Exit - MemInfo: [/proc/self/status]	VmPin:	       0 kB
20220312 061822.746 INFO             PET0 PIOc_sync Exit - MemInfo: [/proc/self/status]	VmHWM:	   64500 kB
20220312 061822.746 INFO             PET0 PIOc_sync Exit - MemInfo: [/proc/self/status]	VmRSS:	   28776 kB
20220312 061822.746 INFO             PET0 PIOc_sync Exit - MemInfo: [/proc/self/status]	VmData:	   32256 kB
20220312 061822.746 INFO             PET0 PIOc_sync Exit - MemInfo: [/proc/self/status]	VmStk:	     148 kB
20220312 061822.746 INFO             PET0 PIOc_sync Exit - MemInfo: [/proc/self/status]	VmExe:	     204 kB
20220312 061822.746 INFO             PET0 PIOc_sync Exit - MemInfo: [/proc/self/status]	VmLib:	   48496 kB
20220312 061822.746 INFO             PET0 PIOc_sync Exit - MemInfo: [/proc/self/status]	VmPTE:	     720 kB
20220312 061822.746 INFO             PET0 PIOc_sync Exit - MemInfo: [/proc/self/status]	VmPMD:	      16 kB
20220312 061822.746 INFO             PET0 PIOc_sync Exit - MemInfo: [/proc/self/status]	VmSwap:	       0 kB
20220312 061822.746 INFO             PET0 PIOc_sync Exit - MemInfo: [/proc/self/status]	VmRSSPercent: 0.0439281 %
20220312 061822.746 INFO             PET0 PIOc_sync Exit - MemInfo: [malloc] Non-mmapped space allocated:                20692992 Byte
20220312 061822.746 INFO             PET0 PIOc_sync Exit - MemInfo: [malloc] Space allocated in mmapped regions:          1581056 Byte
20220312 061822.746 INFO             PET0 PIOc_sync Exit - MemInfo: [malloc] Maximum total allocated space:                     0 Byte
20220312 061822.746 INFO             PET0 PIOc_sync Exit - MemInfo: [malloc] Space in freed fastbin blocks:                  1408 Byte
20220312 061822.746 INFO             PET0 PIOc_sync Exit - MemInfo: [malloc] Total allocated space:                      20363728 Byte
20220312 061822.746 INFO             PET0 PIOc_sync Exit - MemInfo: [malloc] Total free space:                             329264 Byte
20220312 061822.746 INFO             PET0 PIOc_sync Exit - MemInfo: [malloc] Top-most, releasable space:                   119312 Byte
20220312 061822.746 INFO             PET0 PIOc_sync Exit - MemInfo: [malloc] Total space in use, mmap + non-mmap:        21944784 Byte
20220312 061822.746 INFO             PET0 PIOc_sync Exit - MemInfo: [malloc] Total space held (mmap + non-mmap):         22274048 Byte
20220312 061822.746 INFO             PET0 PIOc_sync Exit - MemInfo: [malloc] Total space used (mmap + non-mmap):         21954112 Byte
20220312 061822.746 INFO             PET0 PIOc_sync Exit - MemInfo: Wall-clock time since execution start:              0.0221105 seconds
20220312 061822.746 INFO             PET0 PIOc_freedecomp Enter - MemInfo: [/proc/meminfo - SSI]	MemTotal:       65507008 kB
20220312 061822.746 INFO             PET0 PIOc_freedecomp Enter - MemInfo: [/proc/meminfo - SSI]	MemFree:        49690444 kB
20220312 061822.746 INFO             PET0 PIOc_freedecomp Enter - MemInfo: [/proc/meminfo - SSI]	MemAvailable:   49454300 kB
20220312 061822.746 INFO             PET0 PIOc_freedecomp Enter - MemInfo: [/proc/meminfo - SSI]	Committed_AS:   12922004 kB
20220312 061822.746 INFO             PET0 PIOc_freedecomp Enter - MemInfo: [/proc/meminfo - SSI]	CommittedPercent: 19.7261 %
20220312 061822.746 INFO             PET0 PIOc_freedecomp Enter - MemInfo: [/proc/self/status]	VmPeak:	  498960 kB
20220312 061822.746 INFO             PET0 PIOc_freedecomp Enter - MemInfo: [/proc/self/status]	VmSize:	  498844 kB
20220312 061822.746 INFO             PET0 PIOc_freedecomp Enter - MemInfo: [/proc/self/status]	VmLck:	       0 kB
20220312 061822.746 INFO             PET0 PIOc_freedecomp Enter - MemInfo: [/proc/self/status]	VmPin:	       0 kB
20220312 061822.746 INFO             PET0 PIOc_freedecomp Enter - MemInfo: [/proc/self/status]	VmHWM:	   64500 kB
20220312 061822.746 INFO             PET0 PIOc_freedecomp Enter - MemInfo: [/proc/self/status]	VmRSS:	   28776 kB
20220312 061822.746 INFO             PET0 PIOc_freedecomp Enter - MemInfo: [/proc/self/status]	VmData:	   32256 kB
20220312 061822.746 INFO             PET0 PIOc_freedecomp Enter - MemInfo: [/proc/self/status]	VmStk:	     148 kB
20220312 061822.746 INFO             PET0 PIOc_freedecomp Enter - MemInfo: [/proc/self/status]	VmExe:	     204 kB
20220312 061822.746 INFO             PET0 PIOc_freedecomp Enter - MemInfo: [/proc/self/status]	VmLib:	   48496 kB
20220312 061822.746 INFO             PET0 PIOc_freedecomp Enter - MemInfo: [/proc/self/status]	VmPTE:	     720 kB
20220312 061822.746 INFO             PET0 PIOc_freedecomp Enter - MemInfo: [/proc/self/status]	VmPMD:	      16 kB
20220312 061822.746 INFO             PET0 PIOc_freedecomp Enter - MemInfo: [/proc/self/status]	VmSwap:	       0 kB
20220312 061822.746 INFO             PET0 PIOc_freedecomp Enter - MemInfo: [/proc/self/status]	VmRSSPercent: 0.0439281 %
20220312 061822.746 INFO             PET0 PIOc_freedecomp Enter - MemInfo: [malloc] Non-mmapped space allocated:                20692992 Byte
20220312 061822.746 INFO             PET0 PIOc_freedecomp Enter - MemInfo: [malloc] Space allocated in mmapped regions:          1581056 Byte
20220312 061822.746 INFO             PET0 PIOc_freedecomp Enter - MemInfo: [malloc] Maximum total allocated space:                     0 Byte
20220312 061822.746 INFO             PET0 PIOc_freedecomp Enter - MemInfo: [malloc] Space in freed fastbin blocks:                  1168 Byte
20220312 061822.746 INFO             PET0 PIOc_freedecomp Enter - MemInfo: [malloc] Total allocated space:                       3048624 Byte
20220312 061822.746 INFO             PET0 PIOc_freedecomp Enter - MemInfo: [malloc] Total free space:                           17644368 Byte
20220312 061822.746 INFO             PET0 PIOc_freedecomp Enter - MemInfo: [malloc] Top-most, releasable space:                   120096 Byte
20220312 061822.746 INFO             PET0 PIOc_freedecomp Enter - MemInfo: [malloc] Total space in use, mmap + non-mmap:         4629680 Byte
20220312 061822.746 INFO             PET0 PIOc_freedecomp Enter - MemInfo: [malloc] Total space held (mmap + non-mmap):         22274048 Byte
20220312 061822.746 INFO             PET0 PIOc_freedecomp Enter - MemInfo: [malloc] Total space used (mmap + non-mmap):          4639008 Byte
20220312 061822.746 INFO             PET0 PIOc_freedecomp Enter - MemInfo: Wall-clock time since execution start:              0.0224561 seconds
20220312 061822.746 INFO             PET0 PIOc_freedecomp Exit - MemInfo: [/proc/meminfo - SSI]	MemTotal:       65507008 kB
20220312 061822.746 INFO             PET0 PIOc_freedecomp Exit - MemInfo: [/proc/meminfo - SSI]	MemFree:        49690444 kB
20220312 061822.746 INFO             PET0 PIOc_freedecomp Exit - MemInfo: [/proc/meminfo - SSI]	MemAvailable:   49454300 kB
20220312 061822.746 INFO             PET0 PIOc_freedecomp Exit - MemInfo: [/proc/meminfo - SSI]	Committed_AS:   12922004 kB
20220312 061822.746 INFO             PET0 PIOc_freedecomp Exit - MemInfo: [/proc/meminfo - SSI]	CommittedPercent: 19.7261 %
20220312 061822.746 INFO             PET0 PIOc_freedecomp Exit - MemInfo: [/proc/self/status]	VmPeak:	  498960 kB
20220312 061822.746 INFO             PET0 PIOc_freedecomp Exit - MemInfo: [/proc/self/status]	VmSize:	  498844 kB
20220312 061822.746 INFO             PET0 PIOc_freedecomp Exit - MemInfo: [/proc/self/status]	VmLck:	       0 kB
20220312 061822.746 INFO             PET0 PIOc_freedecomp Exit - MemInfo: [/proc/self/status]	VmPin:	       0 kB
20220312 061822.746 INFO             PET0 PIOc_freedecomp Exit - MemInfo: [/proc/self/status]	VmHWM:	   64500 kB
20220312 061822.746 INFO             PET0 PIOc_freedecomp Exit - MemInfo: [/proc/self/status]	VmRSS:	   28776 kB
20220312 061822.746 INFO             PET0 PIOc_freedecomp Exit - MemInfo: [/proc/self/status]	VmData:	   32256 kB
20220312 061822.746 INFO             PET0 PIOc_freedecomp Exit - MemInfo: [/proc/self/status]	VmStk:	     148 kB
20220312 061822.746 INFO             PET0 PIOc_freedecomp Exit - MemInfo: [/proc/self/status]	VmExe:	     204 kB
20220312 061822.746 INFO             PET0 PIOc_freedecomp Exit - MemInfo: [/proc/self/status]	VmLib:	   48496 kB
20220312 061822.746 INFO             PET0 PIOc_freedecomp Exit - MemInfo: [/proc/self/status]	VmPTE:	     720 kB
20220312 061822.746 INFO             PET0 PIOc_freedecomp Exit - MemInfo: [/proc/self/status]	VmPMD:	      16 kB
20220312 061822.746 INFO             PET0 PIOc_freedecomp Exit - MemInfo: [/proc/self/status]	VmSwap:	       0 kB
20220312 061822.746 INFO             PET0 PIOc_freedecomp Exit - MemInfo: [/proc/self/status]	VmRSSPercent: 0.0439281 %
20220312 061822.746 INFO             PET0 PIOc_freedecomp Exit - MemInfo: [malloc] Non-mmapped space allocated:                20692992 Byte
20220312 061822.746 INFO             PET0 PIOc_freedecomp Exit - MemInfo: [malloc] Space allocated in mmapped regions:          1581056 Byte
20220312 061822.746 INFO             PET0 PIOc_freedecomp Exit - MemInfo: [malloc] Maximum total allocated space:                     0 Byte
20220312 061822.746 INFO             PET0 PIOc_freedecomp Exit - MemInfo: [malloc] Space in freed fastbin blocks:                   784 Byte
20220312 061822.746 INFO             PET0 PIOc_freedecomp Exit - MemInfo: [malloc] Total allocated space:                       3044448 Byte
20220312 061822.746 INFO             PET0 PIOc_freedecomp Exit - MemInfo: [malloc] Total free space:                           17648544 Byte
20220312 061822.746 INFO             PET0 PIOc_freedecomp Exit - MemInfo: [malloc] Top-most, releasable space:                 17435248 Byte
20220312 061822.746 INFO             PET0 PIOc_freedecomp Exit - MemInfo: [malloc] Total space in use, mmap + non-mmap:         4625504 Byte
20220312 061822.746 INFO             PET0 PIOc_freedecomp Exit - MemInfo: [malloc] Total space held (mmap + non-mmap):         22274048 Byte
20220312 061822.746 INFO             PET0 PIOc_freedecomp Exit - MemInfo: [malloc] Total space used (mmap + non-mmap):          4634832 Byte
20220312 061822.746 INFO             PET0 PIOc_freedecomp Exit - MemInfo: Wall-clock time since execution start:              0.0227801 seconds
20220312 061822.747 INFO             PET0 PIOc_sync Enter - MemInfo: [/proc/meminfo - SSI]	MemTotal:       65507008 kB
20220312 061822.747 INFO             PET0 PIOc_sync Enter - MemInfo: [/proc/meminfo - SSI]	MemFree:        49690444 kB
20220312 061822.747 INFO             PET0 PIOc_sync Enter - MemInfo: [/proc/meminfo - SSI]	MemAvailable:   49454300 kB
20220312 061822.747 INFO             PET0 PIOc_sync Enter - MemInfo: [/proc/meminfo - SSI]	Committed_AS:   12922004 kB
20220312 061822.747 INFO             PET0 PIOc_sync Enter - MemInfo: [/proc/meminfo - SSI]	CommittedPercent: 19.7261 %
20220312 061822.747 INFO             PET0 PIOc_sync Enter - MemInfo: [/proc/self/status]	VmPeak:	  507032 kB
20220312 061822.747 INFO             PET0 PIOc_sync Enter - MemInfo: [/proc/self/status]	VmSize:	  498844 kB
20220312 061822.747 INFO             PET0 PIOc_sync Enter - MemInfo: [/proc/self/status]	VmLck:	       0 kB
20220312 061822.747 INFO             PET0 PIOc_sync Enter - MemInfo: [/proc/self/status]	VmPin:	       0 kB
20220312 061822.747 INFO             PET0 PIOc_sync Enter - MemInfo: [/proc/self/status]	VmHWM:	   64500 kB
20220312 061822.747 INFO             PET0 PIOc_sync Enter - MemInfo: [/proc/self/status]	VmRSS:	   29044 kB
20220312 061822.747 INFO             PET0 PIOc_sync Enter - MemInfo: [/proc/self/status]	VmData:	   32256 kB
20220312 061822.747 INFO             PET0 PIOc_sync Enter - MemInfo: [/proc/self/status]	VmStk:	     148 kB
20220312 061822.747 INFO             PET0 PIOc_sync Enter - MemInfo: [/proc/self/status]	VmExe:	     204 kB
20220312 061822.747 INFO             PET0 PIOc_sync Enter - MemInfo: [/proc/self/status]	VmLib:	   48496 kB
20220312 061822.747 INFO             PET0 PIOc_sync Enter - MemInfo: [/proc/self/status]	VmPTE:	     720 kB
20220312 061822.747 INFO             PET0 PIOc_sync Enter - MemInfo: [/proc/self/status]	VmPMD:	      16 kB
20220312 061822.747 INFO             PET0 PIOc_sync Enter - MemInfo: [/proc/self/status]	VmSwap:	       0 kB
20220312 061822.748 INFO             PET0 PIOc_sync Enter - MemInfo: [/proc/self/status]	VmRSSPercent: 0.0443372 %
20220312 061822.748 INFO             PET0 PIOc_sync Enter - MemInfo: [malloc] Non-mmapped space allocated:                20692992 Byte
20220312 061822.748 INFO             PET0 PIOc_sync Enter - MemInfo: [malloc] Space allocated in mmapped regions:          1581056 Byte
20220312 061822.748 INFO             PET0 PIOc_sync Enter - MemInfo: [malloc] Maximum total allocated space:                     0 Byte
20220312 061822.748 INFO             PET0 PIOc_sync Enter - MemInfo: [malloc] Space in freed fastbin blocks:                  2896 Byte
20220312 061822.748 INFO             PET0 PIOc_sync Enter - MemInfo: [malloc] Total allocated space:                      20363696 Byte
20220312 061822.748 INFO             PET0 PIOc_sync Enter - MemInfo: [malloc] Total free space:                             329296 Byte
20220312 061822.748 INFO             PET0 PIOc_sync Enter - MemInfo: [malloc] Top-most, releasable space:                   118672 Byte
20220312 061822.748 INFO             PET0 PIOc_sync Enter - MemInfo: [malloc] Total space in use, mmap + non-mmap:        21944752 Byte
20220312 061822.748 INFO             PET0 PIOc_sync Enter - MemInfo: [malloc] Total space held (mmap + non-mmap):         22274048 Byte
20220312 061822.748 INFO             PET0 PIOc_sync Enter - MemInfo: [malloc] Total space used (mmap + non-mmap):         21954080 Byte
20220312 061822.748 INFO             PET0 PIOc_sync Enter - MemInfo: Wall-clock time since execution start:              0.0239271 seconds
20220312 061822.748 INFO             PET0 PIOc_sync Exit - MemInfo: [/proc/meminfo - SSI]	MemTotal:       65507008 kB
20220312 061822.748 INFO             PET0 PIOc_sync Exit - MemInfo: [/proc/meminfo - SSI]	MemFree:        49690444 kB
20220312 061822.748 INFO             PET0 PIOc_sync Exit - MemInfo: [/proc/meminfo - SSI]	MemAvailable:   49454300 kB
20220312 061822.748 INFO             PET0 PIOc_sync Exit - MemInfo: [/proc/meminfo - SSI]	Committed_AS:   12922004 kB
20220312 061822.748 INFO             PET0 PIOc_sync Exit - MemInfo: [/proc/meminfo - SSI]	CommittedPercent: 19.7261 %
20220312 061822.748 INFO             PET0 PIOc_sync Exit - MemInfo: [/proc/self/status]	VmPeak:	  507032 kB
20220312 061822.748 INFO             PET0 PIOc_sync Exit - MemInfo: [/proc/self/status]	VmSize:	  498844 kB
20220312 061822.748 INFO             PET0 PIOc_sync Exit - MemInfo: [/proc/self/status]	VmLck:	       0 kB
20220312 061822.748 INFO             PET0 PIOc_sync Exit - MemInfo: [/proc/self/status]	VmPin:	       0 kB
20220312 061822.748 INFO             PET0 PIOc_sync Exit - MemInfo: [/proc/self/status]	VmHWM:	   64500 kB
20220312 061822.748 INFO             PET0 PIOc_sync Exit - MemInfo: [/proc/self/status]	VmRSS:	   29044 kB
20220312 061822.748 INFO             PET0 PIOc_sync Exit - MemInfo: [/proc/self/status]	VmData:	   32256 kB
20220312 061822.748 INFO             PET0 PIOc_sync Exit - MemInfo: [/proc/self/status]	VmStk:	     148 kB
20220312 061822.748 INFO             PET0 PIOc_sync Exit - MemInfo: [/proc/self/status]	VmExe:	     204 kB
20220312 061822.748 INFO             PET0 PIOc_sync Exit - MemInfo: [/proc/self/status]	VmLib:	   48496 kB
20220312 061822.748 INFO             PET0 PIOc_sync Exit - MemInfo: [/proc/self/status]	VmPTE:	     720 kB
20220312 061822.748 INFO             PET0 PIOc_sync Exit - MemInfo: [/proc/self/status]	VmPMD:	      16 kB
20220312 061822.748 INFO             PET0 PIOc_sync Exit - MemInfo: [/proc/self/status]	VmSwap:	       0 kB
20220312 061822.748 INFO             PET0 PIOc_sync Exit - MemInfo: [/proc/self/status]	VmRSSPercent: 0.0443372 %
20220312 061822.748 INFO             PET0 PIOc_sync Exit - MemInfo: [malloc] Non-mmapped space allocated:                20692992 Byte
20220312 061822.748 INFO             PET0 PIOc_sync Exit - MemInfo: [malloc] Space allocated in mmapped regions:          1581056 Byte
20220312 061822.748 INFO             PET0 PIOc_sync Exit - MemInfo: [malloc] Maximum total allocated space:                     0 Byte
20220312 061822.748 INFO             PET0 PIOc_sync Exit - MemInfo: [malloc] Space in freed fastbin blocks:                   816 Byte
20220312 061822.748 INFO             PET0 PIOc_sync Exit - MemInfo: [malloc] Total allocated space:                      20364064 Byte
20220312 061822.748 INFO             PET0 PIOc_sync Exit - MemInfo: [malloc] Total free space:                             328928 Byte
20220312 061822.748 INFO             PET0 PIOc_sync Exit - MemInfo: [malloc] Top-most, releasable space:                   120368 Byte
20220312 061822.748 INFO             PET0 PIOc_sync Exit - MemInfo: [malloc] Total space in use, mmap + non-mmap:        21945120 Byte
20220312 061822.748 INFO             PET0 PIOc_sync Exit - MemInfo: [malloc] Total space held (mmap + non-mmap):         22274048 Byte
20220312 061822.748 INFO             PET0 PIOc_sync Exit - MemInfo: [malloc] Total space used (mmap + non-mmap):         21954448 Byte
20220312 061822.748 INFO             PET0 PIOc_sync Exit - MemInfo: Wall-clock time since execution start:              0.0242891 seconds
20220312 061822.748 INFO             PET0 PIOc_freedecomp Enter - MemInfo: [/proc/meminfo - SSI]	MemTotal:       65507008 kB
20220312 061822.748 INFO             PET0 PIOc_freedecomp Enter - MemInfo: [/proc/meminfo - SSI]	MemFree:        49690444 kB
20220312 061822.748 INFO             PET0 PIOc_freedecomp Enter - MemInfo: [/proc/meminfo - SSI]	MemAvailable:   49454300 kB
20220312 061822.748 INFO             PET0 PIOc_freedecomp Enter - MemInfo: [/proc/meminfo - SSI]	Committed_AS:   12922004 kB
20220312 061822.748 INFO             PET0 PIOc_freedecomp Enter - MemInfo: [/proc/meminfo - SSI]	CommittedPercent: 19.7261 %
20220312 061822.748 INFO             PET0 PIOc_freedecomp Enter - MemInfo: [/proc/self/status]	VmPeak:	  507032 kB
20220312 061822.748 INFO             PET0 PIOc_freedecomp Enter - MemInfo: [/proc/self/status]	VmSize:	  498844 kB
20220312 061822.748 INFO             PET0 PIOc_freedecomp Enter - MemInfo: [/proc/self/status]	VmLck:	       0 kB
20220312 061822.748 INFO             PET0 PIOc_freedecomp Enter - MemInfo: [/proc/self/status]	VmPin:	       0 kB
20220312 061822.748 INFO             PET0 PIOc_freedecomp Enter - MemInfo: [/proc/self/status]	VmHWM:	   64500 kB
20220312 061822.748 INFO             PET0 PIOc_freedecomp Enter - MemInfo: [/proc/self/status]	VmRSS:	   29044 kB
20220312 061822.748 INFO             PET0 PIOc_freedecomp Enter - MemInfo: [/proc/self/status]	VmData:	   32256 kB
20220312 061822.748 INFO             PET0 PIOc_freedecomp Enter - MemInfo: [/proc/self/status]	VmStk:	     148 kB
20220312 061822.748 INFO             PET0 PIOc_freedecomp Enter - MemInfo: [/proc/self/status]	VmExe:	     204 kB
20220312 061822.748 INFO             PET0 PIOc_freedecomp Enter - MemInfo: [/proc/self/status]	VmLib:	   48496 kB
20220312 061822.748 INFO             PET0 PIOc_freedecomp Enter - MemInfo: [/proc/self/status]	VmPTE:	     720 kB
20220312 061822.748 INFO             PET0 PIOc_freedecomp Enter - MemInfo: [/proc/self/status]	VmPMD:	      16 kB
20220312 061822.748 INFO             PET0 PIOc_freedecomp Enter - MemInfo: [/proc/self/status]	VmSwap:	       0 kB
20220312 061822.748 INFO             PET0 PIOc_freedecomp Enter - MemInfo: [/proc/self/status]	VmRSSPercent: 0.0443372 %
20220312 061822.748 INFO             PET0 PIOc_freedecomp Enter - MemInfo: [malloc] Non-mmapped space allocated:                20692992 Byte
20220312 061822.748 INFO             PET0 PIOc_freedecomp Enter - MemInfo: [malloc] Space allocated in mmapped regions:          1581056 Byte
20220312 061822.748 INFO             PET0 PIOc_freedecomp Enter - MemInfo: [malloc] Maximum total allocated space:                     0 Byte
20220312 061822.748 INFO             PET0 PIOc_freedecomp Enter - MemInfo: [malloc] Space in freed fastbin blocks:                  1072 Byte
20220312 061822.748 INFO             PET0 PIOc_freedecomp Enter - MemInfo: [malloc] Total allocated space:                       3048528 Byte
20220312 061822.748 INFO             PET0 PIOc_freedecomp Enter - MemInfo: [malloc] Total free space:                           17644464 Byte
20220312 061822.748 INFO             PET0 PIOc_freedecomp Enter - MemInfo: [malloc] Top-most, releasable space:                   120368 Byte
20220312 061822.748 INFO             PET0 PIOc_freedecomp Enter - MemInfo: [malloc] Total space in use, mmap + non-mmap:         4629584 Byte
20220312 061822.748 INFO             PET0 PIOc_freedecomp Enter - MemInfo: [malloc] Total space held (mmap + non-mmap):         22274048 Byte
20220312 061822.748 INFO             PET0 PIOc_freedecomp Enter - MemInfo: [malloc] Total space used (mmap + non-mmap):          4638912 Byte
20220312 061822.748 INFO             PET0 PIOc_freedecomp Enter - MemInfo: Wall-clock time since execution start:              0.0246323 seconds
20220312 061822.748 INFO             PET0 PIOc_freedecomp Exit - MemInfo: [/proc/meminfo - SSI]	MemTotal:       65507008 kB
20220312 061822.748 INFO             PET0 PIOc_freedecomp Exit - MemInfo: [/proc/meminfo - SSI]	MemFree:        49690444 kB
20220312 061822.748 INFO             PET0 PIOc_freedecomp Exit - MemInfo: [/proc/meminfo - SSI]	MemAvailable:   49454300 kB
20220312 061822.748 INFO             PET0 PIOc_freedecomp Exit - MemInfo: [/proc/meminfo - SSI]	Committed_AS:   12922004 kB
20220312 061822.748 INFO             PET0 PIOc_freedecomp Exit - MemInfo: [/proc/meminfo - SSI]	CommittedPercent: 19.7261 %
20220312 061822.748 INFO             PET0 PIOc_freedecomp Exit - MemInfo: [/proc/self/status]	VmPeak:	  507032 kB
20220312 061822.748 INFO             PET0 PIOc_freedecomp Exit - MemInfo: [/proc/self/status]	VmSize:	  498844 kB
20220312 061822.748 INFO             PET0 PIOc_freedecomp Exit - MemInfo: [/proc/self/status]	VmLck:	       0 kB
20220312 061822.748 INFO             PET0 PIOc_freedecomp Exit - MemInfo: [/proc/self/status]	VmPin:	       0 kB
20220312 061822.748 INFO             PET0 PIOc_freedecomp Exit - MemInfo: [/proc/self/status]	VmHWM:	   64500 kB
20220312 061822.748 INFO             PET0 PIOc_freedecomp Exit - MemInfo: [/proc/self/status]	VmRSS:	   29044 kB
20220312 061822.748 INFO             PET0 PIOc_freedecomp Exit - MemInfo: [/proc/self/status]	VmData:	   32256 kB
20220312 061822.748 INFO             PET0 PIOc_freedecomp Exit - MemInfo: [/proc/self/status]	VmStk:	     148 kB
20220312 061822.748 INFO             PET0 PIOc_freedecomp Exit - MemInfo: [/proc/self/status]	VmExe:	     204 kB
20220312 061822.749 INFO             PET0 PIOc_freedecomp Exit - MemInfo: [/proc/self/status]	VmLib:	   48496 kB
20220312 061822.749 INFO             PET0 PIOc_freedecomp Exit - MemInfo: [/proc/self/status]	VmPTE:	     720 kB
20220312 061822.749 INFO             PET0 PIOc_freedecomp Exit - MemInfo: [/proc/self/status]	VmPMD:	      16 kB
20220312 061822.749 INFO             PET0 PIOc_freedecomp Exit - MemInfo: [/proc/self/status]	VmSwap:	       0 kB
20220312 061822.749 INFO             PET0 PIOc_freedecomp Exit - MemInfo: [/proc/self/status]	VmRSSPercent: 0.0443372 %
20220312 061822.749 INFO             PET0 PIOc_freedecomp Exit - MemInfo: [malloc] Non-mmapped space allocated:                20692992 Byte
20220312 061822.749 INFO             PET0 PIOc_freedecomp Exit - MemInfo: [malloc] Space allocated in mmapped regions:          1581056 Byte
20220312 061822.749 INFO             PET0 PIOc_freedecomp Exit - MemInfo: [malloc] Maximum total allocated space:                     0 Byte
20220312 061822.749 INFO             PET0 PIOc_freedecomp Exit - MemInfo: [malloc] Space in freed fastbin blocks:                   704 Byte
20220312 061822.749 INFO             PET0 PIOc_freedecomp Exit - MemInfo: [malloc] Total allocated space:                       3044384 Byte
20220312 061822.749 INFO             PET0 PIOc_freedecomp Exit - MemInfo: [malloc] Total free space:                           17648608 Byte
20220312 061822.749 INFO             PET0 PIOc_freedecomp Exit - MemInfo: [malloc] Top-most, releasable space:                   126272 Byte
20220312 061822.749 INFO             PET0 PIOc_freedecomp Exit - MemInfo: [malloc] Total space in use, mmap + non-mmap:         4625440 Byte
20220312 061822.749 INFO             PET0 PIOc_freedecomp Exit - MemInfo: [malloc] Total space held (mmap + non-mmap):         22274048 Byte
20220312 061822.749 INFO             PET0 PIOc_freedecomp Exit - MemInfo: [malloc] Total space used (mmap + non-mmap):          4634768 Byte
20220312 061822.749 INFO             PET0 PIOc_freedecomp Exit - MemInfo: Wall-clock time since execution start:              0.0249558 seconds
20220312 061822.749 INFO             PET0 PASS Create an ESMC_RouteHandle via ESMC_FieldRegridStore(), ESMC_FieldRegridUTest.C, line 367
20220312 061822.749 INFO             PET0 PASS Execute ESMC_FieldRegrid(), ESMC_FieldRegridUTest.C, line 375
20220312 061822.754 INFO             PET0 PIOc_sync Enter - MemInfo: [/proc/meminfo - SSI]	MemTotal:       65507008 kB
20220312 061822.754 INFO             PET0 PIOc_sync Enter - MemInfo: [/proc/meminfo - SSI]	MemFree:        49682380 kB
20220312 061822.754 INFO             PET0 PIOc_sync Enter - MemInfo: [/proc/meminfo - SSI]	MemAvailable:   49446236 kB
20220312 061822.754 INFO             PET0 PIOc_sync Enter - MemInfo: [/proc/meminfo - SSI]	Committed_AS:   12922004 kB
20220312 061822.754 INFO             PET0 PIOc_sync Enter - MemInfo: [/proc/meminfo - SSI]	CommittedPercent: 19.7261 %
20220312 061822.754 INFO             PET0 PIOc_sync Enter - MemInfo: [/proc/self/status]	VmPeak:	  507032 kB
20220312 061822.754 INFO             PET0 PIOc_sync Enter - MemInfo: [/proc/self/status]	VmSize:	  498844 kB
20220312 061822.754 INFO             PET0 PIOc_sync Enter - MemInfo: [/proc/self/status]	VmLck:	       0 kB
20220312 061822.754 INFO             PET0 PIOc_sync Enter - MemInfo: [/proc/self/status]	VmPin:	       0 kB
20220312 061822.754 INFO             PET0 PIOc_sync Enter - MemInfo: [/proc/self/status]	VmHWM:	   64500 kB
20220312 061822.754 INFO             PET0 PIOc_sync Enter - MemInfo: [/proc/self/status]	VmRSS:	   37292 kB
20220312 061822.754 INFO             PET0 PIOc_sync Enter - MemInfo: [/proc/self/status]	VmData:	   32256 kB
20220312 061822.754 INFO             PET0 PIOc_sync Enter - MemInfo: [/proc/self/status]	VmStk:	     148 kB
20220312 061822.754 INFO             PET0 PIOc_sync Enter - MemInfo: [/proc/self/status]	VmExe:	     204 kB
20220312 061822.754 INFO             PET0 PIOc_sync Enter - MemInfo: [/proc/self/status]	VmLib:	   48496 kB
20220312 061822.754 INFO             PET0 PIOc_sync Enter - MemInfo: [/proc/self/status]	VmPTE:	     732 kB
20220312 061822.754 INFO             PET0 PIOc_sync Enter - MemInfo: [/proc/self/status]	VmPMD:	      16 kB
20220312 061822.754 INFO             PET0 PIOc_sync Enter - MemInfo: [/proc/self/status]	VmSwap:	       0 kB
20220312 061822.754 INFO             PET0 PIOc_sync Enter - MemInfo: [/proc/self/status]	VmRSSPercent: 0.0569283 %
20220312 061822.754 INFO             PET0 PIOc_sync Enter - MemInfo: [malloc] Non-mmapped space allocated:                20692992 Byte
20220312 061822.754 INFO             PET0 PIOc_sync Enter - MemInfo: [malloc] Space allocated in mmapped regions:          1581056 Byte
20220312 061822.754 INFO             PET0 PIOc_sync Enter - MemInfo: [malloc] Maximum total allocated space:                     0 Byte
20220312 061822.754 INFO             PET0 PIOc_sync Enter - MemInfo: [malloc] Space in freed fastbin blocks:                   880 Byte
20220312 061822.754 INFO             PET0 PIOc_sync Enter - MemInfo: [malloc] Total allocated space:                      20369216 Byte
20220312 061822.754 INFO             PET0 PIOc_sync Enter - MemInfo: [malloc] Total free space:                             323776 Byte
20220312 061822.754 INFO             PET0 PIOc_sync Enter - MemInfo: [malloc] Top-most, releasable space:                   115312 Byte
20220312 061822.754 INFO             PET0 PIOc_sync Enter - MemInfo: [malloc] Total space in use, mmap + non-mmap:        21950272 Byte
20220312 061822.754 INFO             PET0 PIOc_sync Enter - MemInfo: [malloc] Total space held (mmap + non-mmap):         22274048 Byte
20220312 061822.754 INFO             PET0 PIOc_sync Enter - MemInfo: [malloc] Total space used (mmap + non-mmap):         21959600 Byte
20220312 061822.754 INFO             PET0 PIOc_sync Enter - MemInfo: Wall-clock time since execution start:              0.0303359 seconds
20220312 061822.754 INFO             PET0 PIOc_sync Exit - MemInfo: [/proc/meminfo - SSI]	MemTotal:       65507008 kB
20220312 061822.754 INFO             PET0 PIOc_sync Exit - MemInfo: [/proc/meminfo - SSI]	MemFree:        49682380 kB
20220312 061822.754 INFO             PET0 PIOc_sync Exit - MemInfo: [/proc/meminfo - SSI]	MemAvailable:   49446236 kB
20220312 061822.754 INFO             PET0 PIOc_sync Exit - MemInfo: [/proc/meminfo - SSI]	Committed_AS:   12922004 kB
20220312 061822.754 INFO             PET0 PIOc_sync Exit - MemInfo: [/proc/meminfo - SSI]	CommittedPercent: 19.7261 %
20220312 061822.754 INFO             PET0 PIOc_sync Exit - MemInfo: [/proc/self/status]	VmPeak:	  507032 kB
20220312 061822.754 INFO             PET0 PIOc_sync Exit - MemInfo: [/proc/self/status]	VmSize:	  498844 kB
20220312 061822.754 INFO             PET0 PIOc_sync Exit - MemInfo: [/proc/self/status]	VmLck:	       0 kB
20220312 061822.754 INFO             PET0 PIOc_sync Exit - MemInfo: [/proc/self/status]	VmPin:	       0 kB
20220312 061822.754 INFO             PET0 PIOc_sync Exit - MemInfo: [/proc/self/status]	VmHWM:	   64500 kB
20220312 061822.754 INFO             PET0 PIOc_sync Exit - MemInfo: [/proc/self/status]	VmRSS:	   37300 kB
20220312 061822.754 INFO             PET0 PIOc_sync Exit - MemInfo: [/proc/self/status]	VmData:	   32256 kB
20220312 061822.754 INFO             PET0 PIOc_sync Exit - MemInfo: [/proc/self/status]	VmStk:	     148 kB
20220312 061822.754 INFO             PET0 PIOc_sync Exit - MemInfo: [/proc/self/status]	VmExe:	     204 kB
20220312 061822.754 INFO             PET0 PIOc_sync Exit - MemInfo: [/proc/self/status]	VmLib:	   48496 kB
20220312 061822.754 INFO             PET0 PIOc_sync Exit - MemInfo: [/proc/self/status]	VmPTE:	     732 kB
20220312 061822.754 INFO             PET0 PIOc_sync Exit - MemInfo: [/proc/self/status]	VmPMD:	      16 kB
20220312 061822.754 INFO             PET0 PIOc_sync Exit - MemInfo: [/proc/self/status]	VmSwap:	       0 kB
20220312 061822.754 INFO             PET0 PIOc_sync Exit - MemInfo: [/proc/self/status]	VmRSSPercent: 0.0569405 %
20220312 061822.754 INFO             PET0 PIOc_sync Exit - MemInfo: [malloc] Non-mmapped space allocated:                20692992 Byte
20220312 061822.754 INFO             PET0 PIOc_sync Exit - MemInfo: [malloc] Space allocated in mmapped regions:          1581056 Byte
20220312 061822.754 INFO             PET0 PIOc_sync Exit - MemInfo: [malloc] Maximum total allocated space:                     0 Byte
20220312 061822.754 INFO             PET0 PIOc_sync Exit - MemInfo: [malloc] Space in freed fastbin blocks:                   704 Byte
20220312 061822.754 INFO             PET0 PIOc_sync Exit - MemInfo: [malloc] Total allocated space:                      20369824 Byte
20220312 061822.754 INFO             PET0 PIOc_sync Exit - MemInfo: [malloc] Total free space:                             323168 Byte
20220312 061822.754 INFO             PET0 PIOc_sync Exit - MemInfo: [malloc] Top-most, releasable space:                   114736 Byte
20220312 061822.754 INFO             PET0 PIOc_sync Exit - MemInfo: [malloc] Total space in use, mmap + non-mmap:        21950880 Byte
20220312 061822.754 INFO             PET0 PIOc_sync Exit - MemInfo: [malloc] Total space held (mmap + non-mmap):         22274048 Byte
20220312 061822.754 INFO             PET0 PIOc_sync Exit - MemInfo: [malloc] Total space used (mmap + non-mmap):         21960208 Byte
20220312 061822.754 INFO             PET0 PIOc_sync Exit - MemInfo: Wall-clock time since execution start:              0.0306996 seconds
20220312 061822.754 INFO             PET0 PIOc_freedecomp Enter - MemInfo: [/proc/meminfo - SSI]	MemTotal:       65507008 kB
20220312 061822.754 INFO             PET0 PIOc_freedecomp Enter - MemInfo: [/proc/meminfo - SSI]	MemFree:        49682380 kB
20220312 061822.754 INFO             PET0 PIOc_freedecomp Enter - MemInfo: [/proc/meminfo - SSI]	MemAvailable:   49446236 kB
20220312 061822.754 INFO             PET0 PIOc_freedecomp Enter - MemInfo: [/proc/meminfo - SSI]	Committed_AS:   12922004 kB
20220312 061822.754 INFO             PET0 PIOc_freedecomp Enter - MemInfo: [/proc/meminfo - SSI]	CommittedPercent: 19.7261 %
20220312 061822.755 INFO             PET0 PIOc_freedecomp Enter - MemInfo: [/proc/self/status]	VmPeak:	  507032 kB
20220312 061822.755 INFO             PET0 PIOc_freedecomp Enter - MemInfo: [/proc/self/status]	VmSize:	  498844 kB
20220312 061822.755 INFO             PET0 PIOc_freedecomp Enter - MemInfo: [/proc/self/status]	VmLck:	       0 kB
20220312 061822.755 INFO             PET0 PIOc_freedecomp Enter - MemInfo: [/proc/self/status]	VmPin:	       0 kB
20220312 061822.755 INFO             PET0 PIOc_freedecomp Enter - MemInfo: [/proc/self/status]	VmHWM:	   64500 kB
20220312 061822.755 INFO             PET0 PIOc_freedecomp Enter - MemInfo: [/proc/self/status]	VmRSS:	   37300 kB
20220312 061822.755 INFO             PET0 PIOc_freedecomp Enter - MemInfo: [/proc/self/status]	VmData:	   32256 kB
20220312 061822.755 INFO             PET0 PIOc_freedecomp Enter - MemInfo: [/proc/self/status]	VmStk:	     148 kB
20220312 061822.755 INFO             PET0 PIOc_freedecomp Enter - MemInfo: [/proc/self/status]	VmExe:	     204 kB
20220312 061822.755 INFO             PET0 PIOc_freedecomp Enter - MemInfo: [/proc/self/status]	VmLib:	   48496 kB
20220312 061822.755 INFO             PET0 PIOc_freedecomp Enter - MemInfo: [/proc/self/status]	VmPTE:	     732 kB
20220312 061822.755 INFO             PET0 PIOc_freedecomp Enter - MemInfo: [/proc/self/status]	VmPMD:	      16 kB
20220312 061822.755 INFO             PET0 PIOc_freedecomp Enter - MemInfo: [/proc/self/status]	VmSwap:	       0 kB
20220312 061822.755 INFO             PET0 PIOc_freedecomp Enter - MemInfo: [/proc/self/status]	VmRSSPercent: 0.0569405 %
20220312 061822.755 INFO             PET0 PIOc_freedecomp Enter - MemInfo: [malloc] Non-mmapped space allocated:                20692992 Byte
20220312 061822.755 INFO             PET0 PIOc_freedecomp Enter - MemInfo: [malloc] Space allocated in mmapped regions:          1581056 Byte
20220312 061822.755 INFO             PET0 PIOc_freedecomp Enter - MemInfo: [malloc] Maximum total allocated space:                     0 Byte
20220312 061822.755 INFO             PET0 PIOc_freedecomp Enter - MemInfo: [malloc] Space in freed fastbin blocks:                   928 Byte
20220312 061822.755 INFO             PET0 PIOc_freedecomp Enter - MemInfo: [malloc] Total allocated space:                       3054976 Byte
20220312 061822.755 INFO             PET0 PIOc_freedecomp Enter - MemInfo: [malloc] Total free space:                           17638016 Byte
20220312 061822.755 INFO             PET0 PIOc_freedecomp Enter - MemInfo: [malloc] Top-most, releasable space:                   114816 Byte
20220312 061822.755 INFO             PET0 PIOc_freedecomp Enter - MemInfo: [malloc] Total space in use, mmap + non-mmap:         4636032 Byte
20220312 061822.755 INFO             PET0 PIOc_freedecomp Enter - MemInfo: [malloc] Total space held (mmap + non-mmap):         22274048 Byte
20220312 061822.755 INFO             PET0 PIOc_freedecomp Enter - MemInfo: [malloc] Total space used (mmap + non-mmap):          4645360 Byte
20220312 061822.755 INFO             PET0 PIOc_freedecomp Enter - MemInfo: Wall-clock time since execution start:              0.0310453 seconds
20220312 061822.755 INFO             PET0 PIOc_freedecomp Exit - MemInfo: [/proc/meminfo - SSI]	MemTotal:       65507008 kB
20220312 061822.755 INFO             PET0 PIOc_freedecomp Exit - MemInfo: [/proc/meminfo - SSI]	MemFree:        49682380 kB
20220312 061822.755 INFO             PET0 PIOc_freedecomp Exit - MemInfo: [/proc/meminfo - SSI]	MemAvailable:   49446236 kB
20220312 061822.755 INFO             PET0 PIOc_freedecomp Exit - MemInfo: [/proc/meminfo - SSI]	Committed_AS:   12922004 kB
20220312 061822.755 INFO             PET0 PIOc_freedecomp Exit - MemInfo: [/proc/meminfo - SSI]	CommittedPercent: 19.7261 %
20220312 061822.755 INFO             PET0 PIOc_freedecomp Exit - MemInfo: [/proc/self/status]	VmPeak:	  507032 kB
20220312 061822.755 INFO             PET0 PIOc_freedecomp Exit - MemInfo: [/proc/self/status]	VmSize:	  498844 kB
20220312 061822.755 INFO             PET0 PIOc_freedecomp Exit - MemInfo: [/proc/self/status]	VmLck:	       0 kB
20220312 061822.755 INFO             PET0 PIOc_freedecomp Exit - MemInfo: [/proc/self/status]	VmPin:	       0 kB
20220312 061822.755 INFO             PET0 PIOc_freedecomp Exit - MemInfo: [/proc/self/status]	VmHWM:	   64500 kB
20220312 061822.755 INFO             PET0 PIOc_freedecomp Exit - MemInfo: [/proc/self/status]	VmRSS:	   37300 kB
20220312 061822.755 INFO             PET0 PIOc_freedecomp Exit - MemInfo: [/proc/self/status]	VmData:	   32256 kB
20220312 061822.755 INFO             PET0 PIOc_freedecomp Exit - MemInfo: [/proc/self/status]	VmStk:	     148 kB
20220312 061822.755 INFO             PET0 PIOc_freedecomp Exit - MemInfo: [/proc/self/status]	VmExe:	     204 kB
20220312 061822.755 INFO             PET0 PIOc_freedecomp Exit - MemInfo: [/proc/self/status]	VmLib:	   48496 kB
20220312 061822.755 INFO             PET0 PIOc_freedecomp Exit - MemInfo: [/proc/self/status]	VmPTE:	     732 kB
20220312 061822.755 INFO             PET0 PIOc_freedecomp Exit - MemInfo: [/proc/self/status]	VmPMD:	      16 kB
20220312 061822.755 INFO             PET0 PIOc_freedecomp Exit - MemInfo: [/proc/self/status]	VmSwap:	       0 kB
20220312 061822.755 INFO             PET0 PIOc_freedecomp Exit - MemInfo: [/proc/self/status]	VmRSSPercent: 0.0569405 %
20220312 061822.755 INFO             PET0 PIOc_freedecomp Exit - MemInfo: [malloc] Non-mmapped space allocated:                20692992 Byte
20220312 061822.755 INFO             PET0 PIOc_freedecomp Exit - MemInfo: [malloc] Space allocated in mmapped regions:          1581056 Byte
20220312 061822.755 INFO             PET0 PIOc_freedecomp Exit - MemInfo: [malloc] Maximum total allocated space:                     0 Byte
20220312 061822.755 INFO             PET0 PIOc_freedecomp Exit - MemInfo: [malloc] Space in freed fastbin blocks:                  1904 Byte
20220312 061822.755 INFO             PET0 PIOc_freedecomp Exit - MemInfo: [malloc] Total allocated space:                       3052320 Byte
20220312 061822.755 INFO             PET0 PIOc_freedecomp Exit - MemInfo: [malloc] Total free space:                           17640672 Byte
20220312 061822.755 INFO             PET0 PIOc_freedecomp Exit - MemInfo: [malloc] Top-most, releasable space:                   114816 Byte
20220312 061822.755 INFO             PET0 PIOc_freedecomp Exit - MemInfo: [malloc] Total space in use, mmap + non-mmap:         4633376 Byte
20220312 061822.755 INFO             PET0 PIOc_freedecomp Exit - MemInfo: [malloc] Total space held (mmap + non-mmap):         22274048 Byte
20220312 061822.755 INFO             PET0 PIOc_freedecomp Exit - MemInfo: [malloc] Total space used (mmap + non-mmap):          4642704 Byte
20220312 061822.755 INFO             PET0 PIOc_freedecomp Exit - MemInfo: Wall-clock time since execution start:              0.0313821 seconds
20220312 061822.756 INFO             PET0 PIOc_sync Enter - MemInfo: [/proc/meminfo - SSI]	MemTotal:       65507008 kB
20220312 061822.756 INFO             PET0 PIOc_sync Enter - MemInfo: [/proc/meminfo - SSI]	MemFree:        49682380 kB
20220312 061822.756 INFO             PET0 PIOc_sync Enter - MemInfo: [/proc/meminfo - SSI]	MemAvailable:   49446236 kB
20220312 061822.756 INFO             PET0 PIOc_sync Enter - MemInfo: [/proc/meminfo - SSI]	Committed_AS:   12922004 kB
20220312 061822.756 INFO             PET0 PIOc_sync Enter - MemInfo: [/proc/meminfo - SSI]	CommittedPercent: 19.7261 %
20220312 061822.756 INFO             PET0 PIOc_sync Enter - MemInfo: [/proc/self/status]	VmPeak:	  507032 kB
20220312 061822.756 INFO             PET0 PIOc_sync Enter - MemInfo: [/proc/self/status]	VmSize:	  498844 kB
20220312 061822.756 INFO             PET0 PIOc_sync Enter - MemInfo: [/proc/self/status]	VmLck:	       0 kB
20220312 061822.756 INFO             PET0 PIOc_sync Enter - MemInfo: [/proc/self/status]	VmPin:	       0 kB
20220312 061822.756 INFO             PET0 PIOc_sync Enter - MemInfo: [/proc/self/status]	VmHWM:	   64500 kB
20220312 061822.756 INFO             PET0 PIOc_sync Enter - MemInfo: [/proc/self/status]	VmRSS:	   37300 kB
20220312 061822.756 INFO             PET0 PIOc_sync Enter - MemInfo: [/proc/self/status]	VmData:	   32256 kB
20220312 061822.756 INFO             PET0 PIOc_sync Enter - MemInfo: [/proc/self/status]	VmStk:	     148 kB
20220312 061822.756 INFO             PET0 PIOc_sync Enter - MemInfo: [/proc/self/status]	VmExe:	     204 kB
20220312 061822.756 INFO             PET0 PIOc_sync Enter - MemInfo: [/proc/self/status]	VmLib:	   48496 kB
20220312 061822.756 INFO             PET0 PIOc_sync Enter - MemInfo: [/proc/self/status]	VmPTE:	     732 kB
20220312 061822.756 INFO             PET0 PIOc_sync Enter - MemInfo: [/proc/self/status]	VmPMD:	      16 kB
20220312 061822.756 INFO             PET0 PIOc_sync Enter - MemInfo: [/proc/self/status]	VmSwap:	       0 kB
20220312 061822.756 INFO             PET0 PIOc_sync Enter - MemInfo: [/proc/self/status]	VmRSSPercent: 0.0569405 %
20220312 061822.756 INFO             PET0 PIOc_sync Enter - MemInfo: [malloc] Non-mmapped space allocated:                20692992 Byte
20220312 061822.756 INFO             PET0 PIOc_sync Enter - MemInfo: [malloc] Space allocated in mmapped regions:          1581056 Byte
20220312 061822.756 INFO             PET0 PIOc_sync Enter - MemInfo: [malloc] Maximum total allocated space:                     0 Byte
20220312 061822.756 INFO             PET0 PIOc_sync Enter - MemInfo: [malloc] Space in freed fastbin blocks:                  1488 Byte
20220312 061822.756 INFO             PET0 PIOc_sync Enter - MemInfo: [malloc] Total allocated space:                      20369984 Byte
20220312 061822.756 INFO             PET0 PIOc_sync Enter - MemInfo: [malloc] Total free space:                             323008 Byte
20220312 061822.756 INFO             PET0 PIOc_sync Enter - MemInfo: [malloc] Top-most, releasable space:                   113888 Byte
20220312 061822.756 INFO             PET0 PIOc_sync Enter - MemInfo: [malloc] Total space in use, mmap + non-mmap:        21951040 Byte
20220312 061822.756 INFO             PET0 PIOc_sync Enter - MemInfo: [malloc] Total space held (mmap + non-mmap):         22274048 Byte
20220312 061822.756 INFO             PET0 PIOc_sync Enter - MemInfo: [malloc] Total space used (mmap + non-mmap):         21960368 Byte
20220312 061822.756 INFO             PET0 PIOc_sync Enter - MemInfo: Wall-clock time since execution start:              0.0323959 seconds
20220312 061822.756 INFO             PET0 PIOc_sync Exit - MemInfo: [/proc/meminfo - SSI]	MemTotal:       65507008 kB
20220312 061822.756 INFO             PET0 PIOc_sync Exit - MemInfo: [/proc/meminfo - SSI]	MemFree:        49682380 kB
20220312 061822.756 INFO             PET0 PIOc_sync Exit - MemInfo: [/proc/meminfo - SSI]	MemAvailable:   49446236 kB
20220312 061822.756 INFO             PET0 PIOc_sync Exit - MemInfo: [/proc/meminfo - SSI]	Committed_AS:   12922004 kB
20220312 061822.756 INFO             PET0 PIOc_sync Exit - MemInfo: [/proc/meminfo - SSI]	CommittedPercent: 19.7261 %
20220312 061822.756 INFO             PET0 PIOc_sync Exit - MemInfo: [/proc/self/status]	VmPeak:	  507032 kB
20220312 061822.756 INFO             PET0 PIOc_sync Exit - MemInfo: [/proc/self/status]	VmSize:	  498844 kB
20220312 061822.756 INFO             PET0 PIOc_sync Exit - MemInfo: [/proc/self/status]	VmLck:	       0 kB
20220312 061822.756 INFO             PET0 PIOc_sync Exit - MemInfo: [/proc/self/status]	VmPin:	       0 kB
20220312 061822.756 INFO             PET0 PIOc_sync Exit - MemInfo: [/proc/self/status]	VmHWM:	   64500 kB
20220312 061822.756 INFO             PET0 PIOc_sync Exit - MemInfo: [/proc/self/status]	VmRSS:	   37300 kB
20220312 061822.756 INFO             PET0 PIOc_sync Exit - MemInfo: [/proc/self/status]	VmData:	   32256 kB
20220312 061822.756 INFO             PET0 PIOc_sync Exit - MemInfo: [/proc/self/status]	VmStk:	     148 kB
20220312 061822.756 INFO             PET0 PIOc_sync Exit - MemInfo: [/proc/self/status]	VmExe:	     204 kB
20220312 061822.756 INFO             PET0 PIOc_sync Exit - MemInfo: [/proc/self/status]	VmLib:	   48496 kB
20220312 061822.756 INFO             PET0 PIOc_sync Exit - MemInfo: [/proc/self/status]	VmPTE:	     732 kB
20220312 061822.756 INFO             PET0 PIOc_sync Exit - MemInfo: [/proc/self/status]	VmPMD:	      16 kB
20220312 061822.756 INFO             PET0 PIOc_sync Exit - MemInfo: [/proc/self/status]	VmSwap:	       0 kB
20220312 061822.756 INFO             PET0 PIOc_sync Exit - MemInfo: [/proc/self/status]	VmRSSPercent: 0.0569405 %
20220312 061822.756 INFO             PET0 PIOc_sync Exit - MemInfo: [malloc] Non-mmapped space allocated:                20692992 Byte
20220312 061822.756 INFO             PET0 PIOc_sync Exit - MemInfo: [malloc] Space allocated in mmapped regions:          1581056 Byte
20220312 061822.756 INFO             PET0 PIOc_sync Exit - MemInfo: [malloc] Maximum total allocated space:                     0 Byte
20220312 061822.756 INFO             PET0 PIOc_sync Exit - MemInfo: [malloc] Space in freed fastbin blocks:                   320 Byte
20220312 061822.756 INFO             PET0 PIOc_sync Exit - MemInfo: [malloc] Total allocated space:                      20370592 Byte
20220312 061822.756 INFO             PET0 PIOc_sync Exit - MemInfo: [malloc] Total free space:                             322400 Byte
20220312 061822.756 INFO             PET0 PIOc_sync Exit - MemInfo: [malloc] Top-most, releasable space:                   113776 Byte
20220312 061822.756 INFO             PET0 PIOc_sync Exit - MemInfo: [malloc] Total space in use, mmap + non-mmap:        21951648 Byte
20220312 061822.756 INFO             PET0 PIOc_sync Exit - MemInfo: [malloc] Total space held (mmap + non-mmap):         22274048 Byte
20220312 061822.756 INFO             PET0 PIOc_sync Exit - MemInfo: [malloc] Total space used (mmap + non-mmap):         21960976 Byte
20220312 061822.756 INFO             PET0 PIOc_sync Exit - MemInfo: Wall-clock time since execution start:              0.0327525 seconds
20220312 061822.756 INFO             PET0 PIOc_freedecomp Enter - MemInfo: [/proc/meminfo - SSI]	MemTotal:       65507008 kB
20220312 061822.757 INFO             PET0 PIOc_freedecomp Enter - MemInfo: [/proc/meminfo - SSI]	MemFree:        49682380 kB
20220312 061822.757 INFO             PET0 PIOc_freedecomp Enter - MemInfo: [/proc/meminfo - SSI]	MemAvailable:   49446236 kB
20220312 061822.757 INFO             PET0 PIOc_freedecomp Enter - MemInfo: [/proc/meminfo - SSI]	Committed_AS:   12922004 kB
20220312 061822.757 INFO             PET0 PIOc_freedecomp Enter - MemInfo: [/proc/meminfo - SSI]	CommittedPercent: 19.7261 %
20220312 061822.757 INFO             PET0 PIOc_freedecomp Enter - MemInfo: [/proc/self/status]	VmPeak:	  507032 kB
20220312 061822.757 INFO             PET0 PIOc_freedecomp Enter - MemInfo: [/proc/self/status]	VmSize:	  498844 kB
20220312 061822.757 INFO             PET0 PIOc_freedecomp Enter - MemInfo: [/proc/self/status]	VmLck:	       0 kB
20220312 061822.757 INFO             PET0 PIOc_freedecomp Enter - MemInfo: [/proc/self/status]	VmPin:	       0 kB
20220312 061822.757 INFO             PET0 PIOc_freedecomp Enter - MemInfo: [/proc/self/status]	VmHWM:	   64500 kB
20220312 061822.757 INFO             PET0 PIOc_freedecomp Enter - MemInfo: [/proc/self/status]	VmRSS:	   37300 kB
20220312 061822.757 INFO             PET0 PIOc_freedecomp Enter - MemInfo: [/proc/self/status]	VmData:	   32256 kB
20220312 061822.757 INFO             PET0 PIOc_freedecomp Enter - MemInfo: [/proc/self/status]	VmStk:	     148 kB
20220312 061822.757 INFO             PET0 PIOc_freedecomp Enter - MemInfo: [/proc/self/status]	VmExe:	     204 kB
20220312 061822.757 INFO             PET0 PIOc_freedecomp Enter - MemInfo: [/proc/self/status]	VmLib:	   48496 kB
20220312 061822.757 INFO             PET0 PIOc_freedecomp Enter - MemInfo: [/proc/self/status]	VmPTE:	     732 kB
20220312 061822.757 INFO             PET0 PIOc_freedecomp Enter - MemInfo: [/proc/self/status]	VmPMD:	      16 kB
20220312 061822.757 INFO             PET0 PIOc_freedecomp Enter - MemInfo: [/proc/self/status]	VmSwap:	       0 kB
20220312 061822.757 INFO             PET0 PIOc_freedecomp Enter - MemInfo: [/proc/self/status]	VmRSSPercent: 0.0569405 %
20220312 061822.757 INFO             PET0 PIOc_freedecomp Enter - MemInfo: [malloc] Non-mmapped space allocated:                20692992 Byte
20220312 061822.757 INFO             PET0 PIOc_freedecomp Enter - MemInfo: [malloc] Space allocated in mmapped regions:          1581056 Byte
20220312 061822.757 INFO             PET0 PIOc_freedecomp Enter - MemInfo: [malloc] Maximum total allocated space:                     0 Byte
20220312 061822.757 INFO             PET0 PIOc_freedecomp Enter - MemInfo: [malloc] Space in freed fastbin blocks:                  1024 Byte
20220312 061822.757 INFO             PET0 PIOc_freedecomp Enter - MemInfo: [malloc] Total allocated space:                       3054976 Byte
20220312 061822.757 INFO             PET0 PIOc_freedecomp Enter - MemInfo: [malloc] Total free space:                           17638016 Byte
20220312 061822.757 INFO             PET0 PIOc_freedecomp Enter - MemInfo: [malloc] Top-most, releasable space:                   113776 Byte
20220312 061822.757 INFO             PET0 PIOc_freedecomp Enter - MemInfo: [malloc] Total space in use, mmap + non-mmap:         4636032 Byte
20220312 061822.757 INFO             PET0 PIOc_freedecomp Enter - MemInfo: [malloc] Total space held (mmap + non-mmap):         22274048 Byte
20220312 061822.757 INFO             PET0 PIOc_freedecomp Enter - MemInfo: [malloc] Total space used (mmap + non-mmap):          4645360 Byte
20220312 061822.757 INFO             PET0 PIOc_freedecomp Enter - MemInfo: Wall-clock time since execution start:              0.0330983 seconds
20220312 061822.757 INFO             PET0 PIOc_freedecomp Exit - MemInfo: [/proc/meminfo - SSI]	MemTotal:       65507008 kB
20220312 061822.757 INFO             PET0 PIOc_freedecomp Exit - MemInfo: [/proc/meminfo - SSI]	MemFree:        49682380 kB
20220312 061822.757 INFO             PET0 PIOc_freedecomp Exit - MemInfo: [/proc/meminfo - SSI]	MemAvailable:   49446236 kB
20220312 061822.757 INFO             PET0 PIOc_freedecomp Exit - MemInfo: [/proc/meminfo - SSI]	Committed_AS:   12922004 kB
20220312 061822.757 INFO             PET0 PIOc_freedecomp Exit - MemInfo: [/proc/meminfo - SSI]	CommittedPercent: 19.7261 %
20220312 061822.757 INFO             PET0 PIOc_freedecomp Exit - MemInfo: [/proc/self/status]	VmPeak:	  507032 kB
20220312 061822.757 INFO             PET0 PIOc_freedecomp Exit - MemInfo: [/proc/self/status]	VmSize:	  498844 kB
20220312 061822.757 INFO             PET0 PIOc_freedecomp Exit - MemInfo: [/proc/self/status]	VmLck:	       0 kB
20220312 061822.757 INFO             PET0 PIOc_freedecomp Exit - MemInfo: [/proc/self/status]	VmPin:	       0 kB
20220312 061822.757 INFO             PET0 PIOc_freedecomp Exit - MemInfo: [/proc/self/status]	VmHWM:	   64500 kB
20220312 061822.757 INFO             PET0 PIOc_freedecomp Exit - MemInfo: [/proc/self/status]	VmRSS:	   37300 kB
20220312 061822.757 INFO             PET0 PIOc_freedecomp Exit - MemInfo: [/proc/self/status]	VmData:	   32256 kB
20220312 061822.757 INFO             PET0 PIOc_freedecomp Exit - MemInfo: [/proc/self/status]	VmStk:	     148 kB
20220312 061822.757 INFO             PET0 PIOc_freedecomp Exit - MemInfo: [/proc/self/status]	VmExe:	     204 kB
20220312 061822.757 INFO             PET0 PIOc_freedecomp Exit - MemInfo: [/proc/self/status]	VmLib:	   48496 kB
20220312 061822.757 INFO             PET0 PIOc_freedecomp Exit - MemInfo: [/proc/self/status]	VmPTE:	     732 kB
20220312 061822.757 INFO             PET0 PIOc_freedecomp Exit - MemInfo: [/proc/self/status]	VmPMD:	      16 kB
20220312 061822.757 INFO             PET0 PIOc_freedecomp Exit - MemInfo: [/proc/self/status]	VmSwap:	       0 kB
20220312 061822.757 INFO             PET0 PIOc_freedecomp Exit - MemInfo: [/proc/self/status]	VmRSSPercent: 0.0569405 %
20220312 061822.757 INFO             PET0 PIOc_freedecomp Exit - MemInfo: [malloc] Non-mmapped space allocated:                20692992 Byte
20220312 061822.757 INFO             PET0 PIOc_freedecomp Exit - MemInfo: [malloc] Space allocated in mmapped regions:          1581056 Byte
20220312 061822.757 INFO             PET0 PIOc_freedecomp Exit - MemInfo: [malloc] Maximum total allocated space:                     0 Byte
20220312 061822.757 INFO             PET0 PIOc_freedecomp Exit - MemInfo: [malloc] Space in freed fastbin blocks:                  2288 Byte
20220312 061822.757 INFO             PET0 PIOc_freedecomp Exit - MemInfo: [malloc] Total allocated space:                       3052320 Byte
20220312 061822.757 INFO             PET0 PIOc_freedecomp Exit - MemInfo: [malloc] Total free space:                           17640672 Byte
20220312 061822.757 INFO             PET0 PIOc_freedecomp Exit - MemInfo: [malloc] Top-most, releasable space:                   113776 Byte
20220312 061822.757 INFO             PET0 PIOc_freedecomp Exit - MemInfo: [malloc] Total space in use, mmap + non-mmap:         4633376 Byte
20220312 061822.757 INFO             PET0 PIOc_freedecomp Exit - MemInfo: [malloc] Total space held (mmap + non-mmap):         22274048 Byte
20220312 061822.757 INFO             PET0 PIOc_freedecomp Exit - MemInfo: [malloc] Total space used (mmap + non-mmap):          4642704 Byte
20220312 061822.757 INFO             PET0 PIOc_freedecomp Exit - MemInfo: Wall-clock time since execution start:              0.0334278 seconds
20220312 061822.758 INFO             PET0 PIOc_sync Enter - MemInfo: [/proc/meminfo - SSI]	MemTotal:       65507008 kB
20220312 061822.758 INFO             PET0 PIOc_sync Enter - MemInfo: [/proc/meminfo - SSI]	MemFree:        49682380 kB
20220312 061822.758 INFO             PET0 PIOc_sync Enter - MemInfo: [/proc/meminfo - SSI]	MemAvailable:   49446236 kB
20220312 061822.758 INFO             PET0 PIOc_sync Enter - MemInfo: [/proc/meminfo - SSI]	Committed_AS:   12922004 kB
20220312 061822.758 INFO             PET0 PIOc_sync Enter - MemInfo: [/proc/meminfo - SSI]	CommittedPercent: 19.7261 %
20220312 061822.758 INFO             PET0 PIOc_sync Enter - MemInfo: [/proc/self/status]	VmPeak:	  507032 kB
20220312 061822.758 INFO             PET0 PIOc_sync Enter - MemInfo: [/proc/self/status]	VmSize:	  498844 kB
20220312 061822.758 INFO             PET0 PIOc_sync Enter - MemInfo: [/proc/self/status]	VmLck:	       0 kB
20220312 061822.758 INFO             PET0 PIOc_sync Enter - MemInfo: [/proc/self/status]	VmPin:	       0 kB
20220312 061822.758 INFO             PET0 PIOc_sync Enter - MemInfo: [/proc/self/status]	VmHWM:	   64500 kB
20220312 061822.758 INFO             PET0 PIOc_sync Enter - MemInfo: [/proc/self/status]	VmRSS:	   37300 kB
20220312 061822.758 INFO             PET0 PIOc_sync Enter - MemInfo: [/proc/self/status]	VmData:	   32256 kB
20220312 061822.758 INFO             PET0 PIOc_sync Enter - MemInfo: [/proc/self/status]	VmStk:	     148 kB
20220312 061822.758 INFO             PET0 PIOc_sync Enter - MemInfo: [/proc/self/status]	VmExe:	     204 kB
20220312 061822.758 INFO             PET0 PIOc_sync Enter - MemInfo: [/proc/self/status]	VmLib:	   48496 kB
20220312 061822.758 INFO             PET0 PIOc_sync Enter - MemInfo: [/proc/self/status]	VmPTE:	     732 kB
20220312 061822.758 INFO             PET0 PIOc_sync Enter - MemInfo: [/proc/self/status]	VmPMD:	      16 kB
20220312 061822.758 INFO             PET0 PIOc_sync Enter - MemInfo: [/proc/self/status]	VmSwap:	       0 kB
20220312 061822.758 INFO             PET0 PIOc_sync Enter - MemInfo: [/proc/self/status]	VmRSSPercent: 0.0569405 %
20220312 061822.758 INFO             PET0 PIOc_sync Enter - MemInfo: [malloc] Non-mmapped space allocated:                20692992 Byte
20220312 061822.758 INFO             PET0 PIOc_sync Enter - MemInfo: [malloc] Space allocated in mmapped regions:          1581056 Byte
20220312 061822.758 INFO             PET0 PIOc_sync Enter - MemInfo: [malloc] Maximum total allocated space:                     0 Byte
20220312 061822.758 INFO             PET0 PIOc_sync Enter - MemInfo: [malloc] Space in freed fastbin blocks:                  1888 Byte
20220312 061822.758 INFO             PET0 PIOc_sync Enter - MemInfo: [malloc] Total allocated space:                      20370752 Byte
20220312 061822.758 INFO             PET0 PIOc_sync Enter - MemInfo: [malloc] Total free space:                             322240 Byte
20220312 061822.758 INFO             PET0 PIOc_sync Enter - MemInfo: [malloc] Top-most, releasable space:                   112720 Byte
20220312 061822.758 INFO             PET0 PIOc_sync Enter - MemInfo: [malloc] Total space in use, mmap + non-mmap:        21951808 Byte
20220312 061822.758 INFO             PET0 PIOc_sync Enter - MemInfo: [malloc] Total space held (mmap + non-mmap):         22274048 Byte
20220312 061822.758 INFO             PET0 PIOc_sync Enter - MemInfo: [malloc] Total space used (mmap + non-mmap):         21961136 Byte
20220312 061822.758 INFO             PET0 PIOc_sync Enter - MemInfo: Wall-clock time since execution start:              0.0344714 seconds
20220312 061822.758 INFO             PET0 PIOc_sync Exit - MemInfo: [/proc/meminfo - SSI]	MemTotal:       65507008 kB
20220312 061822.758 INFO             PET0 PIOc_sync Exit - MemInfo: [/proc/meminfo - SSI]	MemFree:        49682380 kB
20220312 061822.758 INFO             PET0 PIOc_sync Exit - MemInfo: [/proc/meminfo - SSI]	MemAvailable:   49446236 kB
20220312 061822.758 INFO             PET0 PIOc_sync Exit - MemInfo: [/proc/meminfo - SSI]	Committed_AS:   12922004 kB
20220312 061822.758 INFO             PET0 PIOc_sync Exit - MemInfo: [/proc/meminfo - SSI]	CommittedPercent: 19.7261 %
20220312 061822.758 INFO             PET0 PIOc_sync Exit - MemInfo: [/proc/self/status]	VmPeak:	  507032 kB
20220312 061822.758 INFO             PET0 PIOc_sync Exit - MemInfo: [/proc/self/status]	VmSize:	  498844 kB
20220312 061822.758 INFO             PET0 PIOc_sync Exit - MemInfo: [/proc/self/status]	VmLck:	       0 kB
20220312 061822.758 INFO             PET0 PIOc_sync Exit - MemInfo: [/proc/self/status]	VmPin:	       0 kB
20220312 061822.758 INFO             PET0 PIOc_sync Exit - MemInfo: [/proc/self/status]	VmHWM:	   64500 kB
20220312 061822.758 INFO             PET0 PIOc_sync Exit - MemInfo: [/proc/self/status]	VmRSS:	   37300 kB
20220312 061822.758 INFO             PET0 PIOc_sync Exit - MemInfo: [/proc/self/status]	VmData:	   32256 kB
20220312 061822.758 INFO             PET0 PIOc_sync Exit - MemInfo: [/proc/self/status]	VmStk:	     148 kB
20220312 061822.758 INFO             PET0 PIOc_sync Exit - MemInfo: [/proc/self/status]	VmExe:	     204 kB
20220312 061822.758 INFO             PET0 PIOc_sync Exit - MemInfo: [/proc/self/status]	VmLib:	   48496 kB
20220312 061822.758 INFO             PET0 PIOc_sync Exit - MemInfo: [/proc/self/status]	VmPTE:	     732 kB
20220312 061822.758 INFO             PET0 PIOc_sync Exit - MemInfo: [/proc/self/status]	VmPMD:	      16 kB
20220312 061822.758 INFO             PET0 PIOc_sync Exit - MemInfo: [/proc/self/status]	VmSwap:	       0 kB
20220312 061822.758 INFO             PET0 PIOc_sync Exit - MemInfo: [/proc/self/status]	VmRSSPercent: 0.0569405 %
20220312 061822.758 INFO             PET0 PIOc_sync Exit - MemInfo: [malloc] Non-mmapped space allocated:                20692992 Byte
20220312 061822.758 INFO             PET0 PIOc_sync Exit - MemInfo: [malloc] Space allocated in mmapped regions:          1581056 Byte
20220312 061822.758 INFO             PET0 PIOc_sync Exit - MemInfo: [malloc] Maximum total allocated space:                     0 Byte
20220312 061822.758 INFO             PET0 PIOc_sync Exit - MemInfo: [malloc] Space in freed fastbin blocks:                   320 Byte
20220312 061822.758 INFO             PET0 PIOc_sync Exit - MemInfo: [malloc] Total allocated space:                      20371392 Byte
20220312 061822.758 INFO             PET0 PIOc_sync Exit - MemInfo: [malloc] Total free space:                             321600 Byte
20220312 061822.758 INFO             PET0 PIOc_sync Exit - MemInfo: [malloc] Top-most, releasable space:                   113104 Byte
20220312 061822.758 INFO             PET0 PIOc_sync Exit - MemInfo: [malloc] Total space in use, mmap + non-mmap:        21952448 Byte
20220312 061822.759 INFO             PET0 PIOc_sync Exit - MemInfo: [malloc] Total space held (mmap + non-mmap):         22274048 Byte
20220312 061822.759 INFO             PET0 PIOc_sync Exit - MemInfo: [malloc] Total space used (mmap + non-mmap):         21961776 Byte
20220312 061822.759 INFO             PET0 PIOc_sync Exit - MemInfo: Wall-clock time since execution start:              0.0348323 seconds
20220312 061822.759 INFO             PET0 PIOc_freedecomp Enter - MemInfo: [/proc/meminfo - SSI]	MemTotal:       65507008 kB
20220312 061822.759 INFO             PET0 PIOc_freedecomp Enter - MemInfo: [/proc/meminfo - SSI]	MemFree:        49682380 kB
20220312 061822.759 INFO             PET0 PIOc_freedecomp Enter - MemInfo: [/proc/meminfo - SSI]	MemAvailable:   49446236 kB
20220312 061822.759 INFO             PET0 PIOc_freedecomp Enter - MemInfo: [/proc/meminfo - SSI]	Committed_AS:   12922004 kB
20220312 061822.759 INFO             PET0 PIOc_freedecomp Enter - MemInfo: [/proc/meminfo - SSI]	CommittedPercent: 19.7261 %
20220312 061822.759 INFO             PET0 PIOc_freedecomp Enter - MemInfo: [/proc/self/status]	VmPeak:	  507032 kB
20220312 061822.759 INFO             PET0 PIOc_freedecomp Enter - MemInfo: [/proc/self/status]	VmSize:	  498844 kB
20220312 061822.759 INFO             PET0 PIOc_freedecomp Enter - MemInfo: [/proc/self/status]	VmLck:	       0 kB
20220312 061822.759 INFO             PET0 PIOc_freedecomp Enter - MemInfo: [/proc/self/status]	VmPin:	       0 kB
20220312 061822.759 INFO             PET0 PIOc_freedecomp Enter - MemInfo: [/proc/self/status]	VmHWM:	   64500 kB
20220312 061822.759 INFO             PET0 PIOc_freedecomp Enter - MemInfo: [/proc/self/status]	VmRSS:	   37300 kB
20220312 061822.759 INFO             PET0 PIOc_freedecomp Enter - MemInfo: [/proc/self/status]	VmData:	   32256 kB
20220312 061822.759 INFO             PET0 PIOc_freedecomp Enter - MemInfo: [/proc/self/status]	VmStk:	     148 kB
20220312 061822.759 INFO             PET0 PIOc_freedecomp Enter - MemInfo: [/proc/self/status]	VmExe:	     204 kB
20220312 061822.759 INFO             PET0 PIOc_freedecomp Enter - MemInfo: [/proc/self/status]	VmLib:	   48496 kB
20220312 061822.759 INFO             PET0 PIOc_freedecomp Enter - MemInfo: [/proc/self/status]	VmPTE:	     732 kB
20220312 061822.759 INFO             PET0 PIOc_freedecomp Enter - MemInfo: [/proc/self/status]	VmPMD:	      16 kB
20220312 061822.759 INFO             PET0 PIOc_freedecomp Enter - MemInfo: [/proc/self/status]	VmSwap:	       0 kB
20220312 061822.759 INFO             PET0 PIOc_freedecomp Enter - MemInfo: [/proc/self/status]	VmRSSPercent: 0.0569405 %
20220312 061822.759 INFO             PET0 PIOc_freedecomp Enter - MemInfo: [malloc] Non-mmapped space allocated:                20692992 Byte
20220312 061822.759 INFO             PET0 PIOc_freedecomp Enter - MemInfo: [malloc] Space allocated in mmapped regions:          1581056 Byte
20220312 061822.759 INFO             PET0 PIOc_freedecomp Enter - MemInfo: [malloc] Maximum total allocated space:                     0 Byte
20220312 061822.759 INFO             PET0 PIOc_freedecomp Enter - MemInfo: [malloc] Space in freed fastbin blocks:                  1008 Byte
20220312 061822.759 INFO             PET0 PIOc_freedecomp Enter - MemInfo: [malloc] Total allocated space:                       3055024 Byte
20220312 061822.759 INFO             PET0 PIOc_freedecomp Enter - MemInfo: [malloc] Total free space:                           17637968 Byte
20220312 061822.759 INFO             PET0 PIOc_freedecomp Enter - MemInfo: [malloc] Top-most, releasable space:                   113104 Byte
20220312 061822.759 INFO             PET0 PIOc_freedecomp Enter - MemInfo: [malloc] Total space in use, mmap + non-mmap:         4636080 Byte
20220312 061822.759 INFO             PET0 PIOc_freedecomp Enter - MemInfo: [malloc] Total space held (mmap + non-mmap):         22274048 Byte
20220312 061822.759 INFO             PET0 PIOc_freedecomp Enter - MemInfo: [malloc] Total space used (mmap + non-mmap):          4645408 Byte
20220312 061822.759 INFO             PET0 PIOc_freedecomp Enter - MemInfo: Wall-clock time since execution start:              0.0351866 seconds
20220312 061822.759 INFO             PET0 PIOc_freedecomp Exit - MemInfo: [/proc/meminfo - SSI]	MemTotal:       65507008 kB
20220312 061822.759 INFO             PET0 PIOc_freedecomp Exit - MemInfo: [/proc/meminfo - SSI]	MemFree:        49682380 kB
20220312 061822.759 INFO             PET0 PIOc_freedecomp Exit - MemInfo: [/proc/meminfo - SSI]	MemAvailable:   49446236 kB
20220312 061822.759 INFO             PET0 PIOc_freedecomp Exit - MemInfo: [/proc/meminfo - SSI]	Committed_AS:   12922004 kB
20220312 061822.759 INFO             PET0 PIOc_freedecomp Exit - MemInfo: [/proc/meminfo - SSI]	CommittedPercent: 19.7261 %
20220312 061822.759 INFO             PET0 PIOc_freedecomp Exit - MemInfo: [/proc/self/status]	VmPeak:	  507032 kB
20220312 061822.759 INFO             PET0 PIOc_freedecomp Exit - MemInfo: [/proc/self/status]	VmSize:	  498844 kB
20220312 061822.759 INFO             PET0 PIOc_freedecomp Exit - MemInfo: [/proc/self/status]	VmLck:	       0 kB
20220312 061822.759 INFO             PET0 PIOc_freedecomp Exit - MemInfo: [/proc/self/status]	VmPin:	       0 kB
20220312 061822.759 INFO             PET0 PIOc_freedecomp Exit - MemInfo: [/proc/self/status]	VmHWM:	   64500 kB
20220312 061822.759 INFO             PET0 PIOc_freedecomp Exit - MemInfo: [/proc/self/status]	VmRSS:	   37300 kB
20220312 061822.759 INFO             PET0 PIOc_freedecomp Exit - MemInfo: [/proc/self/status]	VmData:	   32256 kB
20220312 061822.759 INFO             PET0 PIOc_freedecomp Exit - MemInfo: [/proc/self/status]	VmStk:	     148 kB
20220312 061822.759 INFO             PET0 PIOc_freedecomp Exit - MemInfo: [/proc/self/status]	VmExe:	     204 kB
20220312 061822.759 INFO             PET0 PIOc_freedecomp Exit - MemInfo: [/proc/self/status]	VmLib:	   48496 kB
20220312 061822.759 INFO             PET0 PIOc_freedecomp Exit - MemInfo: [/proc/self/status]	VmPTE:	     732 kB
20220312 061822.759 INFO             PET0 PIOc_freedecomp Exit - MemInfo: [/proc/self/status]	VmPMD:	      16 kB
20220312 061822.759 INFO             PET0 PIOc_freedecomp Exit - MemInfo: [/proc/self/status]	VmSwap:	       0 kB
20220312 061822.759 INFO             PET0 PIOc_freedecomp Exit - MemInfo: [/proc/self/status]	VmRSSPercent: 0.0569405 %
20220312 061822.759 INFO             PET0 PIOc_freedecomp Exit - MemInfo: [malloc] Non-mmapped space allocated:                20692992 Byte
20220312 061822.759 INFO             PET0 PIOc_freedecomp Exit - MemInfo: [malloc] Space allocated in mmapped regions:          1581056 Byte
20220312 061822.759 INFO             PET0 PIOc_freedecomp Exit - MemInfo: [malloc] Maximum total allocated space:                     0 Byte
20220312 061822.759 INFO             PET0 PIOc_freedecomp Exit - MemInfo: [malloc] Space in freed fastbin blocks:                   800 Byte
20220312 061822.759 INFO             PET0 PIOc_freedecomp Exit - MemInfo: [malloc] Total allocated space:                       3052352 Byte
20220312 061822.759 INFO             PET0 PIOc_freedecomp Exit - MemInfo: [malloc] Total free space:                           17640640 Byte
20220312 061822.759 INFO             PET0 PIOc_freedecomp Exit - MemInfo: [malloc] Top-most, releasable space:                   117840 Byte
20220312 061822.759 INFO             PET0 PIOc_freedecomp Exit - MemInfo: [malloc] Total space in use, mmap + non-mmap:         4633408 Byte
20220312 061822.759 INFO             PET0 PIOc_freedecomp Exit - MemInfo: [malloc] Total space held (mmap + non-mmap):         22274048 Byte
20220312 061822.759 INFO             PET0 PIOc_freedecomp Exit - MemInfo: [malloc] Total space used (mmap + non-mmap):          4642736 Byte
20220312 061822.759 INFO             PET0 PIOc_freedecomp Exit - MemInfo: Wall-clock time since execution start:              0.0355179 seconds
20220312 061822.760 INFO             PET0 PIOc_sync Enter - MemInfo: [/proc/meminfo - SSI]	MemTotal:       65507008 kB
20220312 061822.760 INFO             PET0 PIOc_sync Enter - MemInfo: [/proc/meminfo - SSI]	MemFree:        49682380 kB
20220312 061822.760 INFO             PET0 PIOc_sync Enter - MemInfo: [/proc/meminfo - SSI]	MemAvailable:   49446236 kB
20220312 061822.760 INFO             PET0 PIOc_sync Enter - MemInfo: [/proc/meminfo - SSI]	Committed_AS:   12922004 kB
20220312 061822.760 INFO             PET0 PIOc_sync Enter - MemInfo: [/proc/meminfo - SSI]	CommittedPercent: 19.7261 %
20220312 061822.760 INFO             PET0 PIOc_sync Enter - MemInfo: [/proc/self/status]	VmPeak:	  507032 kB
20220312 061822.760 INFO             PET0 PIOc_sync Enter - MemInfo: [/proc/self/status]	VmSize:	  498844 kB
20220312 061822.760 INFO             PET0 PIOc_sync Enter - MemInfo: [/proc/self/status]	VmLck:	       0 kB
20220312 061822.760 INFO             PET0 PIOc_sync Enter - MemInfo: [/proc/self/status]	VmPin:	       0 kB
20220312 061822.760 INFO             PET0 PIOc_sync Enter - MemInfo: [/proc/self/status]	VmHWM:	   64500 kB
20220312 061822.760 INFO             PET0 PIOc_sync Enter - MemInfo: [/proc/self/status]	VmRSS:	   37300 kB
20220312 061822.760 INFO             PET0 PIOc_sync Enter - MemInfo: [/proc/self/status]	VmData:	   32256 kB
20220312 061822.760 INFO             PET0 PIOc_sync Enter - MemInfo: [/proc/self/status]	VmStk:	     148 kB
20220312 061822.760 INFO             PET0 PIOc_sync Enter - MemInfo: [/proc/self/status]	VmExe:	     204 kB
20220312 061822.760 INFO             PET0 PIOc_sync Enter - MemInfo: [/proc/self/status]	VmLib:	   48496 kB
20220312 061822.760 INFO             PET0 PIOc_sync Enter - MemInfo: [/proc/self/status]	VmPTE:	     732 kB
20220312 061822.760 INFO             PET0 PIOc_sync Enter - MemInfo: [/proc/self/status]	VmPMD:	      16 kB
20220312 061822.760 INFO             PET0 PIOc_sync Enter - MemInfo: [/proc/self/status]	VmSwap:	       0 kB
20220312 061822.760 INFO             PET0 PIOc_sync Enter - MemInfo: [/proc/self/status]	VmRSSPercent: 0.0569405 %
20220312 061822.760 INFO             PET0 PIOc_sync Enter - MemInfo: [malloc] Non-mmapped space allocated:                20692992 Byte
20220312 061822.760 INFO             PET0 PIOc_sync Enter - MemInfo: [malloc] Space allocated in mmapped regions:          1581056 Byte
20220312 061822.760 INFO             PET0 PIOc_sync Enter - MemInfo: [malloc] Maximum total allocated space:                     0 Byte
20220312 061822.760 INFO             PET0 PIOc_sync Enter - MemInfo: [malloc] Space in freed fastbin blocks:                  2304 Byte
20220312 061822.760 INFO             PET0 PIOc_sync Enter - MemInfo: [malloc] Total allocated space:                      20371488 Byte
20220312 061822.760 INFO             PET0 PIOc_sync Enter - MemInfo: [malloc] Total free space:                             321504 Byte
20220312 061822.760 INFO             PET0 PIOc_sync Enter - MemInfo: [malloc] Top-most, releasable space:                   111328 Byte
20220312 061822.760 INFO             PET0 PIOc_sync Enter - MemInfo: [malloc] Total space in use, mmap + non-mmap:        21952544 Byte
20220312 061822.760 INFO             PET0 PIOc_sync Enter - MemInfo: [malloc] Total space held (mmap + non-mmap):         22274048 Byte
20220312 061822.760 INFO             PET0 PIOc_sync Enter - MemInfo: [malloc] Total space used (mmap + non-mmap):         21961872 Byte
20220312 061822.760 INFO             PET0 PIOc_sync Enter - MemInfo: Wall-clock time since execution start:              0.0365517 seconds
20220312 061822.760 INFO             PET0 PIOc_sync Exit - MemInfo: [/proc/meminfo - SSI]	MemTotal:       65507008 kB
20220312 061822.760 INFO             PET0 PIOc_sync Exit - MemInfo: [/proc/meminfo - SSI]	MemFree:        49682380 kB
20220312 061822.760 INFO             PET0 PIOc_sync Exit - MemInfo: [/proc/meminfo - SSI]	MemAvailable:   49446236 kB
20220312 061822.760 INFO             PET0 PIOc_sync Exit - MemInfo: [/proc/meminfo - SSI]	Committed_AS:   12922004 kB
20220312 061822.760 INFO             PET0 PIOc_sync Exit - MemInfo: [/proc/meminfo - SSI]	CommittedPercent: 19.7261 %
20220312 061822.760 INFO             PET0 PIOc_sync Exit - MemInfo: [/proc/self/status]	VmPeak:	  507032 kB
20220312 061822.760 INFO             PET0 PIOc_sync Exit - MemInfo: [/proc/self/status]	VmSize:	  498844 kB
20220312 061822.760 INFO             PET0 PIOc_sync Exit - MemInfo: [/proc/self/status]	VmLck:	       0 kB
20220312 061822.760 INFO             PET0 PIOc_sync Exit - MemInfo: [/proc/self/status]	VmPin:	       0 kB
20220312 061822.760 INFO             PET0 PIOc_sync Exit - MemInfo: [/proc/self/status]	VmHWM:	   64500 kB
20220312 061822.760 INFO             PET0 PIOc_sync Exit - MemInfo: [/proc/self/status]	VmRSS:	   37300 kB
20220312 061822.760 INFO             PET0 PIOc_sync Exit - MemInfo: [/proc/self/status]	VmData:	   32256 kB
20220312 061822.760 INFO             PET0 PIOc_sync Exit - MemInfo: [/proc/self/status]	VmStk:	     148 kB
20220312 061822.760 INFO             PET0 PIOc_sync Exit - MemInfo: [/proc/self/status]	VmExe:	     204 kB
20220312 061822.760 INFO             PET0 PIOc_sync Exit - MemInfo: [/proc/self/status]	VmLib:	   48496 kB
20220312 061822.760 INFO             PET0 PIOc_sync Exit - MemInfo: [/proc/self/status]	VmPTE:	     732 kB
20220312 061822.760 INFO             PET0 PIOc_sync Exit - MemInfo: [/proc/self/status]	VmPMD:	      16 kB
20220312 061822.760 INFO             PET0 PIOc_sync Exit - MemInfo: [/proc/self/status]	VmSwap:	       0 kB
20220312 061822.760 INFO             PET0 PIOc_sync Exit - MemInfo: [/proc/self/status]	VmRSSPercent: 0.0569405 %
20220312 061822.761 INFO             PET0 PIOc_sync Exit - MemInfo: [malloc] Non-mmapped space allocated:                20692992 Byte
20220312 061822.761 INFO             PET0 PIOc_sync Exit - MemInfo: [malloc] Space allocated in mmapped regions:          1581056 Byte
20220312 061822.761 INFO             PET0 PIOc_sync Exit - MemInfo: [malloc] Maximum total allocated space:                     0 Byte
20220312 061822.761 INFO             PET0 PIOc_sync Exit - MemInfo: [malloc] Space in freed fastbin blocks:                  1152 Byte
20220312 061822.761 INFO             PET0 PIOc_sync Exit - MemInfo: [malloc] Total allocated space:                      20372112 Byte
20220312 061822.761 INFO             PET0 PIOc_sync Exit - MemInfo: [malloc] Total free space:                             320880 Byte
20220312 061822.761 INFO             PET0 PIOc_sync Exit - MemInfo: [malloc] Top-most, releasable space:                   111072 Byte
20220312 061822.761 INFO             PET0 PIOc_sync Exit - MemInfo: [malloc] Total space in use, mmap + non-mmap:        21953168 Byte
20220312 061822.761 INFO             PET0 PIOc_sync Exit - MemInfo: [malloc] Total space held (mmap + non-mmap):         22274048 Byte
20220312 061822.761 INFO             PET0 PIOc_sync Exit - MemInfo: [malloc] Total space used (mmap + non-mmap):         21962496 Byte
20220312 061822.761 INFO             PET0 PIOc_sync Exit - MemInfo: Wall-clock time since execution start:              0.0369146 seconds
20220312 061822.761 INFO             PET0 PIOc_freedecomp Enter - MemInfo: [/proc/meminfo - SSI]	MemTotal:       65507008 kB
20220312 061822.761 INFO             PET0 PIOc_freedecomp Enter - MemInfo: [/proc/meminfo - SSI]	MemFree:        49682380 kB
20220312 061822.761 INFO             PET0 PIOc_freedecomp Enter - MemInfo: [/proc/meminfo - SSI]	MemAvailable:   49446236 kB
20220312 061822.761 INFO             PET0 PIOc_freedecomp Enter - MemInfo: [/proc/meminfo - SSI]	Committed_AS:   12922004 kB
