build time -- 2022-03-14 06:04:51.701631
20220314 061906.395 INFO             PET0 !!!!!!!!!!!!!!!!!!!!!!!!!!!!!!!!!!!!!!!!!!!!!!!!!!!!!!
20220314 061906.395 INFO             PET0 !!! THE ESMF_LOG IS SET TO OUTPUT ALL LOG MESSAGES !!!
20220314 061906.395 INFO             PET0 !!!     THIS MAY CAUSE SLOWDOWN IN PERFORMANCE     !!!
20220314 061906.395 INFO             PET0 !!! FOR PRODUCTION RUNS, USE:                      !!!
20220314 061906.395 INFO             PET0 !!!                   ESMF_LOGKIND_Multi_On_Error  !!!
20220314 061906.395 INFO             PET0 !!!!!!!!!!!!!!!!!!!!!!!!!!!!!!!!!!!!!!!!!!!!!!!!!!!!!!
20220314 061906.395 INFO             PET0 Running with ESMF Version   : v8.3.0b09-96-g559b459836
20220314 061906.395 INFO             PET0 ESMF library build date/time: "Mar 14 2022" "06:02:50"
20220314 061906.395 INFO             PET0 ESMF library build location : /glade/scratch/rlong/esmf-testing/gfortran_10.1.0_openmpi_O_jedwards_pio_update2
20220314 061906.395 INFO             PET0 ESMF_COMM                   : openmpi
20220314 061906.395 INFO             PET0 ESMF_MOAB                   : enabled
20220314 061906.395 INFO             PET0 ESMF_LAPACK                 : enabled
20220314 061906.395 INFO             PET0 ESMF_NETCDF                 : enabled
20220314 061906.395 INFO             PET0 ESMF_PNETCDF                : disabled
20220314 061906.395 INFO             PET0 ESMF_PIO                    : enabled
20220314 061906.395 INFO             PET0 ESMF_YAMLCPP                : enabled
20220314 061906.395 INFO             PET0 Beginning Test, file ESMC_FieldSMMFromFileUTest.C, line 41
20220314 061906.395 INFO             PET0 Beginning Test, file ESMC_FieldSMMFromFileUTest.C, line 41NUMBER_OF_PROCESSORS 4
20220314 061906.411 INFO             PET0 PIOc_sync Enter - MemInfo: [/proc/meminfo - SSI]	MemTotal:       65507008 kB
20220314 061906.411 INFO             PET0 PIOc_sync Enter - MemInfo: [/proc/meminfo - SSI]	MemFree:        49514580 kB
20220314 061906.411 INFO             PET0 PIOc_sync Enter - MemInfo: [/proc/meminfo - SSI]	MemAvailable:   49279520 kB
20220314 061906.411 INFO             PET0 PIOc_sync Enter - MemInfo: [/proc/meminfo - SSI]	Committed_AS:   13119616 kB
20220314 061906.411 INFO             PET0 PIOc_sync Enter - MemInfo: [/proc/meminfo - SSI]	CommittedPercent: 20.0278 %
20220314 061906.412 INFO             PET0 PIOc_sync Enter - MemInfo: [/proc/self/status]	VmPeak:	  516924 kB
20220314 061906.412 INFO             PET0 PIOc_sync Enter - MemInfo: [/proc/self/status]	VmSize:	  516924 kB
20220314 061906.412 INFO             PET0 PIOc_sync Enter - MemInfo: [/proc/self/status]	VmLck:	       0 kB
20220314 061906.412 INFO             PET0 PIOc_sync Enter - MemInfo: [/proc/self/status]	VmPin:	       0 kB
20220314 061906.412 INFO             PET0 PIOc_sync Enter - MemInfo: [/proc/self/status]	VmHWM:	   64560 kB
20220314 061906.412 INFO             PET0 PIOc_sync Enter - MemInfo: [/proc/self/status]	VmRSS:	   37680 kB
20220314 061906.412 INFO             PET0 PIOc_sync Enter - MemInfo: [/proc/self/status]	VmData:	   32384 kB
20220314 061906.412 INFO             PET0 PIOc_sync Enter - MemInfo: [/proc/self/status]	VmStk:	     148 kB
20220314 061906.412 INFO             PET0 PIOc_sync Enter - MemInfo: [/proc/self/status]	VmExe:	     192 kB
20220314 061906.412 INFO             PET0 PIOc_sync Enter - MemInfo: [/proc/self/status]	VmLib:	   48536 kB
20220314 061906.412 INFO             PET0 PIOc_sync Enter - MemInfo: [/proc/self/status]	VmPTE:	     760 kB
20220314 061906.412 INFO             PET0 PIOc_sync Enter - MemInfo: [/proc/self/status]	VmPMD:	      16 kB
20220314 061906.412 INFO             PET0 PIOc_sync Enter - MemInfo: [/proc/self/status]	VmSwap:	       0 kB
20220314 061906.412 INFO             PET0 PIOc_sync Enter - MemInfo: [/proc/self/status]	VmRSSPercent: 0.0575206 %
20220314 061906.412 INFO             PET0 PIOc_sync Enter - MemInfo: [malloc] Non-mmapped space allocated:                 3506176 Byte
20220314 061906.412 INFO             PET0 PIOc_sync Enter - MemInfo: [malloc] Space allocated in mmapped regions:         18890752 Byte
20220314 061906.414 INFO             PET0 PIOc_sync Enter - MemInfo: [malloc] Maximum total allocated space:                     0 Byte
20220314 061906.414 INFO             PET0 PIOc_sync Enter - MemInfo: [malloc] Space in freed fastbin blocks:                  1344 Byte
20220314 061906.414 INFO             PET0 PIOc_sync Enter - MemInfo: [malloc] Total allocated space:                       3155120 Byte
20220314 061906.414 INFO             PET0 PIOc_sync Enter - MemInfo: [malloc] Total free space:                             351056 Byte
20220314 061906.414 INFO             PET0 PIOc_sync Enter - MemInfo: [malloc] Top-most, releasable space:                   151536 Byte
20220314 061906.414 INFO             PET0 PIOc_sync Enter - MemInfo: [malloc] Total space in use, mmap + non-mmap:        22045872 Byte
20220314 061906.414 INFO             PET0 PIOc_sync Enter - MemInfo: [malloc] Total space held (mmap + non-mmap):         22396928 Byte
20220314 061906.414 INFO             PET0 PIOc_sync Enter - MemInfo: [malloc] Total space used (mmap + non-mmap):         22055200 Byte
20220314 061906.414 INFO             PET0 PIOc_sync Enter - MemInfo: Wall-clock time since execution start:              0.0212501 seconds
20220314 061906.414 INFO             PET0 PIOc_sync Exit - MemInfo: [/proc/meminfo - SSI]	MemTotal:       65507008 kB
20220314 061906.414 INFO             PET0 PIOc_sync Exit - MemInfo: [/proc/meminfo - SSI]	MemFree:        49514076 kB
20220314 061906.414 INFO             PET0 PIOc_sync Exit - MemInfo: [/proc/meminfo - SSI]	MemAvailable:   49279016 kB
20220314 061906.414 INFO             PET0 PIOc_sync Exit - MemInfo: [/proc/meminfo - SSI]	Committed_AS:   13119616 kB
20220314 061906.414 INFO             PET0 PIOc_sync Exit - MemInfo: [/proc/meminfo - SSI]	CommittedPercent: 20.0278 %
20220314 061906.414 INFO             PET0 PIOc_sync Exit - MemInfo: [/proc/self/status]	VmPeak:	  516924 kB
20220314 061906.414 INFO             PET0 PIOc_sync Exit - MemInfo: [/proc/self/status]	VmSize:	  516924 kB
20220314 061906.414 INFO             PET0 PIOc_sync Exit - MemInfo: [/proc/self/status]	VmLck:	       0 kB
20220314 061906.414 INFO             PET0 PIOc_sync Exit - MemInfo: [/proc/self/status]	VmPin:	       0 kB
20220314 061906.414 INFO             PET0 PIOc_sync Exit - MemInfo: [/proc/self/status]	VmHWM:	   64560 kB
20220314 061906.414 INFO             PET0 PIOc_sync Exit - MemInfo: [/proc/self/status]	VmRSS:	   37784 kB
20220314 061906.414 INFO             PET0 PIOc_sync Exit - MemInfo: [/proc/self/status]	VmData:	   32384 kB
20220314 061906.414 INFO             PET0 PIOc_sync Exit - MemInfo: [/proc/self/status]	VmStk:	     148 kB
20220314 061906.414 INFO             PET0 PIOc_sync Exit - MemInfo: [/proc/self/status]	VmExe:	     192 kB
20220314 061906.414 INFO             PET0 PIOc_sync Exit - MemInfo: [/proc/self/status]	VmLib:	   48536 kB
20220314 061906.414 INFO             PET0 PIOc_sync Exit - MemInfo: [/proc/self/status]	VmPTE:	     760 kB
20220314 061906.414 INFO             PET0 PIOc_sync Exit - MemInfo: [/proc/self/status]	VmPMD:	      16 kB
20220314 061906.414 INFO             PET0 PIOc_sync Exit - MemInfo: [/proc/self/status]	VmSwap:	       0 kB
20220314 061906.414 INFO             PET0 PIOc_sync Exit - MemInfo: [/proc/self/status]	VmRSSPercent: 0.0576793 %
20220314 061906.414 INFO             PET0 PIOc_sync Exit - MemInfo: [malloc] Non-mmapped space allocated:                 3506176 Byte
20220314 061906.415 INFO             PET0 PIOc_sync Exit - MemInfo: [malloc] Space allocated in mmapped regions:         18890752 Byte
20220314 061906.415 INFO             PET0 PIOc_sync Exit - MemInfo: [malloc] Maximum total allocated space:                     0 Byte
20220314 061906.415 INFO             PET0 PIOc_sync Exit - MemInfo: [malloc] Space in freed fastbin blocks:                  2160 Byte
20220314 061906.415 INFO             PET0 PIOc_sync Exit - MemInfo: [malloc] Total allocated space:                       3157456 Byte
20220314 061906.415 INFO             PET0 PIOc_sync Exit - MemInfo: [malloc] Total free space:                             348720 Byte
20220314 061906.415 INFO             PET0 PIOc_sync Exit - MemInfo: [malloc] Top-most, releasable space:                   143904 Byte
20220314 061906.415 INFO             PET0 PIOc_sync Exit - MemInfo: [malloc] Total space in use, mmap + non-mmap:        22048208 Byte
20220314 061906.415 INFO             PET0 PIOc_sync Exit - MemInfo: [malloc] Total space held (mmap + non-mmap):         22396928 Byte
20220314 061906.415 INFO             PET0 PIOc_sync Exit - MemInfo: [malloc] Total space used (mmap + non-mmap):         22057536 Byte
20220314 061906.415 INFO             PET0 PIOc_sync Exit - MemInfo: Wall-clock time since execution start:              0.0217598 seconds
20220314 061906.415 INFO             PET0 PIOc_freedecomp Enter - MemInfo: [/proc/meminfo - SSI]	MemTotal:       65507008 kB
20220314 061906.415 INFO             PET0 PIOc_freedecomp Enter - MemInfo: [/proc/meminfo - SSI]	MemFree:        49529196 kB
20220314 061906.415 INFO             PET0 PIOc_freedecomp Enter - MemInfo: [/proc/meminfo - SSI]	MemAvailable:   49294136 kB
20220314 061906.415 INFO             PET0 PIOc_freedecomp Enter - MemInfo: [/proc/meminfo - SSI]	Committed_AS:   13103228 kB
20220314 061906.415 INFO             PET0 PIOc_freedecomp Enter - MemInfo: [/proc/meminfo - SSI]	CommittedPercent: 20.0028 %
20220314 061906.415 INFO             PET0 PIOc_freedecomp Enter - MemInfo: [/proc/self/status]	VmPeak:	  516924 kB
20220314 061906.416 INFO             PET0 PIOc_freedecomp Enter - MemInfo: [/proc/self/status]	VmSize:	  500020 kB
20220314 061906.416 INFO             PET0 PIOc_freedecomp Enter - MemInfo: [/proc/self/status]	VmLck:	       0 kB
20220314 061906.416 INFO             PET0 PIOc_freedecomp Enter - MemInfo: [/proc/self/status]	VmPin:	       0 kB
20220314 061906.416 INFO             PET0 PIOc_freedecomp Enter - MemInfo: [/proc/self/status]	VmHWM:	   64560 kB
20220314 061906.416 INFO             PET0 PIOc_freedecomp Enter - MemInfo: [/proc/self/status]	VmRSS:	   21396 kB
20220314 061906.416 INFO             PET0 PIOc_freedecomp Enter - MemInfo: [/proc/self/status]	VmData:	   15480 kB
20220314 061906.416 INFO             PET0 PIOc_freedecomp Enter - MemInfo: [/proc/self/status]	VmStk:	     148 kB
20220314 061906.416 INFO             PET0 PIOc_freedecomp Enter - MemInfo: [/proc/self/status]	VmExe:	     192 kB
20220314 061906.416 INFO             PET0 PIOc_freedecomp Enter - MemInfo: [/proc/self/status]	VmLib:	   48536 kB
20220314 061906.416 INFO             PET0 PIOc_freedecomp Enter - MemInfo: [/proc/self/status]	VmPTE:	     728 kB
20220314 061906.416 INFO             PET0 PIOc_freedecomp Enter - MemInfo: [/proc/self/status]	VmPMD:	      16 kB
20220314 061906.416 INFO             PET0 PIOc_freedecomp Enter - MemInfo: [/proc/self/status]	VmSwap:	       0 kB
20220314 061906.416 INFO             PET0 PIOc_freedecomp Enter - MemInfo: [/proc/self/status]	VmRSSPercent: 0.0326622 %
20220314 061906.416 INFO             PET0 PIOc_freedecomp Enter - MemInfo: [malloc] Non-mmapped space allocated:                 3506176 Byte
20220314 061906.416 INFO             PET0 PIOc_freedecomp Enter - MemInfo: [malloc] Space allocated in mmapped regions:          1581056 Byte
20220314 061906.416 INFO             PET0 PIOc_freedecomp Enter - MemInfo: [malloc] Maximum total allocated space:                     0 Byte
20220314 061906.416 INFO             PET0 PIOc_freedecomp Enter - MemInfo: [malloc] Space in freed fastbin blocks:                  2720 Byte
20220314 061906.416 INFO             PET0 PIOc_freedecomp Enter - MemInfo: [malloc] Total allocated space:                       3144288 Byte
20220314 061906.416 INFO             PET0 PIOc_freedecomp Enter - MemInfo: [malloc] Total free space:                             361888 Byte
20220314 061906.416 INFO             PET0 PIOc_freedecomp Enter - MemInfo: [malloc] Top-most, releasable space:                   144400 Byte
20220314 061906.416 INFO             PET0 PIOc_freedecomp Enter - MemInfo: [malloc] Total space in use, mmap + non-mmap:         4725344 Byte
20220314 061906.416 INFO             PET0 PIOc_freedecomp Enter - MemInfo: [malloc] Total space held (mmap + non-mmap):          5087232 Byte
20220314 061906.416 INFO             PET0 PIOc_freedecomp Enter - MemInfo: [malloc] Total space used (mmap + non-mmap):          4734672 Byte
20220314 061906.416 INFO             PET0 PIOc_freedecomp Enter - MemInfo: Wall-clock time since execution start:               0.022892 seconds
20220314 061906.416 INFO             PET0 PIOc_freedecomp Exit - MemInfo: [/proc/meminfo - SSI]	MemTotal:       65507008 kB
20220314 061906.416 INFO             PET0 PIOc_freedecomp Exit - MemInfo: [/proc/meminfo - SSI]	MemFree:        49529196 kB
20220314 061906.416 INFO             PET0 PIOc_freedecomp Exit - MemInfo: [/proc/meminfo - SSI]	MemAvailable:   49294136 kB
20220314 061906.416 INFO             PET0 PIOc_freedecomp Exit - MemInfo: [/proc/meminfo - SSI]	Committed_AS:   13103228 kB
20220314 061906.416 INFO             PET0 PIOc_freedecomp Exit - MemInfo: [/proc/meminfo - SSI]	CommittedPercent: 20.0028 %
20220314 061906.416 INFO             PET0 PIOc_freedecomp Exit - MemInfo: [/proc/self/status]	VmPeak:	  516924 kB
20220314 061906.416 INFO             PET0 PIOc_freedecomp Exit - MemInfo: [/proc/self/status]	VmSize:	  500020 kB
20220314 061906.416 INFO             PET0 PIOc_freedecomp Exit - MemInfo: [/proc/self/status]	VmLck:	       0 kB
20220314 061906.416 INFO             PET0 PIOc_freedecomp Exit - MemInfo: [/proc/self/status]	VmPin:	       0 kB
20220314 061906.416 INFO             PET0 PIOc_freedecomp Exit - MemInfo: [/proc/self/status]	VmHWM:	   64560 kB
20220314 061906.416 INFO             PET0 PIOc_freedecomp Exit - MemInfo: [/proc/self/status]	VmRSS:	   21396 kB
20220314 061906.416 INFO             PET0 PIOc_freedecomp Exit - MemInfo: [/proc/self/status]	VmData:	   15480 kB
20220314 061906.416 INFO             PET0 PIOc_freedecomp Exit - MemInfo: [/proc/self/status]	VmStk:	     148 kB
20220314 061906.416 INFO             PET0 PIOc_freedecomp Exit - MemInfo: [/proc/self/status]	VmExe:	     192 kB
20220314 061906.416 INFO             PET0 PIOc_freedecomp Exit - MemInfo: [/proc/self/status]	VmLib:	   48536 kB
20220314 061906.416 INFO             PET0 PIOc_freedecomp Exit - MemInfo: [/proc/self/status]	VmPTE:	     728 kB
20220314 061906.416 INFO             PET0 PIOc_freedecomp Exit - MemInfo: [/proc/self/status]	VmPMD:	      16 kB
20220314 061906.416 INFO             PET0 PIOc_freedecomp Exit - MemInfo: [/proc/self/status]	VmSwap:	       0 kB
20220314 061906.416 INFO             PET0 PIOc_freedecomp Exit - MemInfo: [/proc/self/status]	VmRSSPercent: 0.0326622 %
20220314 061906.416 INFO             PET0 PIOc_freedecomp Exit - MemInfo: [malloc] Non-mmapped space allocated:                 3506176 Byte
20220314 061906.416 INFO             PET0 PIOc_freedecomp Exit - MemInfo: [malloc] Space allocated in mmapped regions:          1581056 Byte
20220314 061906.416 INFO             PET0 PIOc_freedecomp Exit - MemInfo: [malloc] Maximum total allocated space:                     0 Byte
20220314 061906.416 INFO             PET0 PIOc_freedecomp Exit - MemInfo: [malloc] Space in freed fastbin blocks:                  3008 Byte
20220314 061906.416 INFO             PET0 PIOc_freedecomp Exit - MemInfo: [malloc] Total allocated space:                       3136544 Byte
20220314 061906.416 INFO             PET0 PIOc_freedecomp Exit - MemInfo: [malloc] Total free space:                             369632 Byte
20220314 061906.416 INFO             PET0 PIOc_freedecomp Exit - MemInfo: [malloc] Top-most, releasable space:                   144400 Byte
20220314 061906.416 INFO             PET0 PIOc_freedecomp Exit - MemInfo: [malloc] Total space in use, mmap + non-mmap:         4717600 Byte
20220314 061906.416 INFO             PET0 PIOc_freedecomp Exit - MemInfo: [malloc] Total space held (mmap + non-mmap):          5087232 Byte
20220314 061906.416 INFO             PET0 PIOc_freedecomp Exit - MemInfo: [malloc] Total space used (mmap + non-mmap):          4726928 Byte
20220314 061906.416 INFO             PET0 PIOc_freedecomp Exit - MemInfo: Wall-clock time since execution start:              0.0232364 seconds
20220314 061906.420 INFO             PET0 PIOc_sync Enter - MemInfo: [/proc/meminfo - SSI]	MemTotal:       65507008 kB
20220314 061906.420 INFO             PET0 PIOc_sync Enter - MemInfo: [/proc/meminfo - SSI]	MemFree:        49521636 kB
20220314 061906.420 INFO             PET0 PIOc_sync Enter - MemInfo: [/proc/meminfo - SSI]	MemAvailable:   49286576 kB
20220314 061906.420 INFO             PET0 PIOc_sync Enter - MemInfo: [/proc/meminfo - SSI]	Committed_AS:   13119576 kB
20220314 061906.420 INFO             PET0 PIOc_sync Enter - MemInfo: [/proc/meminfo - SSI]	CommittedPercent: 20.0277 %
20220314 061906.420 INFO             PET0 PIOc_sync Enter - MemInfo: [/proc/self/status]	VmPeak:	  516924 kB
20220314 061906.420 INFO             PET0 PIOc_sync Enter - MemInfo: [/proc/self/status]	VmSize:	  516884 kB
20220314 061906.420 INFO             PET0 PIOc_sync Enter - MemInfo: [/proc/self/status]	VmLck:	       0 kB
20220314 061906.420 INFO             PET0 PIOc_sync Enter - MemInfo: [/proc/self/status]	VmPin:	       0 kB
20220314 061906.420 INFO             PET0 PIOc_sync Enter - MemInfo: [/proc/self/status]	VmHWM:	   64560 kB
20220314 061906.420 INFO             PET0 PIOc_sync Enter - MemInfo: [/proc/self/status]	VmRSS:	   29748 kB
20220314 061906.420 INFO             PET0 PIOc_sync Enter - MemInfo: [/proc/self/status]	VmData:	   32344 kB
20220314 061906.420 INFO             PET0 PIOc_sync Enter - MemInfo: [/proc/self/status]	VmStk:	     148 kB
20220314 061906.421 INFO             PET0 PIOc_sync Enter - MemInfo: [/proc/self/status]	VmExe:	     192 kB
20220314 061906.421 INFO             PET0 PIOc_sync Enter - MemInfo: [/proc/self/status]	VmLib:	   48536 kB
20220314 061906.421 INFO             PET0 PIOc_sync Enter - MemInfo: [/proc/self/status]	VmPTE:	     752 kB
20220314 061906.421 INFO             PET0 PIOc_sync Enter - MemInfo: [/proc/self/status]	VmPMD:	      16 kB
20220314 061906.421 INFO             PET0 PIOc_sync Enter - MemInfo: [/proc/self/status]	VmSwap:	       0 kB
20220314 061906.421 INFO             PET0 PIOc_sync Enter - MemInfo: [/proc/self/status]	VmRSSPercent: 0.0454119 %
20220314 061906.421 INFO             PET0 PIOc_sync Enter - MemInfo: [malloc] Non-mmapped space allocated:                20774912 Byte
20220314 061906.421 INFO             PET0 PIOc_sync Enter - MemInfo: [malloc] Space allocated in mmapped regions:          1581056 Byte
20220314 061906.421 INFO             PET0 PIOc_sync Enter - MemInfo: [malloc] Maximum total allocated space:                     0 Byte
20220314 061906.421 INFO             PET0 PIOc_sync Enter - MemInfo: [malloc] Space in freed fastbin blocks:                  1888 Byte
20220314 061906.421 INFO             PET0 PIOc_sync Enter - MemInfo: [malloc] Total allocated space:                      20456832 Byte
20220314 061906.421 INFO             PET0 PIOc_sync Enter - MemInfo: [malloc] Total free space:                             318080 Byte
20220314 061906.421 INFO             PET0 PIOc_sync Enter - MemInfo: [malloc] Top-most, releasable space:                   118144 Byte
20220314 061906.421 INFO             PET0 PIOc_sync Enter - MemInfo: [malloc] Total space in use, mmap + non-mmap:        22037888 Byte
20220314 061906.421 INFO             PET0 PIOc_sync Enter - MemInfo: [malloc] Total space held (mmap + non-mmap):         22355968 Byte
20220314 061906.421 INFO             PET0 PIOc_sync Enter - MemInfo: [malloc] Total space used (mmap + non-mmap):         22047216 Byte
20220314 061906.421 INFO             PET0 PIOc_sync Enter - MemInfo: Wall-clock time since execution start:                0.02784 seconds
20220314 061906.421 INFO             PET0 PIOc_sync Exit - MemInfo: [/proc/meminfo - SSI]	MemTotal:       65507008 kB
20220314 061906.421 INFO             PET0 PIOc_sync Exit - MemInfo: [/proc/meminfo - SSI]	MemFree:        49521636 kB
20220314 061906.421 INFO             PET0 PIOc_sync Exit - MemInfo: [/proc/meminfo - SSI]	MemAvailable:   49286576 kB
20220314 061906.421 INFO             PET0 PIOc_sync Exit - MemInfo: [/proc/meminfo - SSI]	Committed_AS:   13119576 kB
20220314 061906.421 INFO             PET0 PIOc_sync Exit - MemInfo: [/proc/meminfo - SSI]	CommittedPercent: 20.0277 %
20220314 061906.421 INFO             PET0 PIOc_sync Exit - MemInfo: [/proc/self/status]	VmPeak:	  516924 kB
20220314 061906.421 INFO             PET0 PIOc_sync Exit - MemInfo: [/proc/self/status]	VmSize:	  516884 kB
20220314 061906.421 INFO             PET0 PIOc_sync Exit - MemInfo: [/proc/self/status]	VmLck:	       0 kB
20220314 061906.421 INFO             PET0 PIOc_sync Exit - MemInfo: [/proc/self/status]	VmPin:	       0 kB
20220314 061906.421 INFO             PET0 PIOc_sync Exit - MemInfo: [/proc/self/status]	VmHWM:	   64560 kB
20220314 061906.421 INFO             PET0 PIOc_sync Exit - MemInfo: [/proc/self/status]	VmRSS:	   29764 kB
20220314 061906.421 INFO             PET0 PIOc_sync Exit - MemInfo: [/proc/self/status]	VmData:	   32344 kB
20220314 061906.421 INFO             PET0 PIOc_sync Exit - MemInfo: [/proc/self/status]	VmStk:	     148 kB
20220314 061906.421 INFO             PET0 PIOc_sync Exit - MemInfo: [/proc/self/status]	VmExe:	     192 kB
20220314 061906.421 INFO             PET0 PIOc_sync Exit - MemInfo: [/proc/self/status]	VmLib:	   48536 kB
20220314 061906.421 INFO             PET0 PIOc_sync Exit - MemInfo: [/proc/self/status]	VmPTE:	     752 kB
20220314 061906.421 INFO             PET0 PIOc_sync Exit - MemInfo: [/proc/self/status]	VmPMD:	      16 kB
20220314 061906.421 INFO             PET0 PIOc_sync Exit - MemInfo: [/proc/self/status]	VmSwap:	       0 kB
20220314 061906.421 INFO             PET0 PIOc_sync Exit - MemInfo: [/proc/self/status]	VmRSSPercent: 0.0454364 %
20220314 061906.421 INFO             PET0 PIOc_sync Exit - MemInfo: [malloc] Non-mmapped space allocated:                20774912 Byte
20220314 061906.421 INFO             PET0 PIOc_sync Exit - MemInfo: [malloc] Space allocated in mmapped regions:          1581056 Byte
20220314 061906.421 INFO             PET0 PIOc_sync Exit - MemInfo: [malloc] Maximum total allocated space:                     0 Byte
20220314 061906.421 INFO             PET0 PIOc_sync Exit - MemInfo: [malloc] Space in freed fastbin blocks:                  2160 Byte
20220314 061906.421 INFO             PET0 PIOc_sync Exit - MemInfo: [malloc] Total allocated space:                      20459424 Byte
20220314 061906.421 INFO             PET0 PIOc_sync Exit - MemInfo: [malloc] Total free space:                             315488 Byte
20220314 061906.421 INFO             PET0 PIOc_sync Exit - MemInfo: [malloc] Top-most, releasable space:                   111856 Byte
20220314 061906.421 INFO             PET0 PIOc_sync Exit - MemInfo: [malloc] Total space in use, mmap + non-mmap:        22040480 Byte
20220314 061906.421 INFO             PET0 PIOc_sync Exit - MemInfo: [malloc] Total space held (mmap + non-mmap):         22355968 Byte
20220314 061906.421 INFO             PET0 PIOc_sync Exit - MemInfo: [malloc] Total space used (mmap + non-mmap):         22049808 Byte
20220314 061906.421 INFO             PET0 PIOc_sync Exit - MemInfo: Wall-clock time since execution start:              0.0282675 seconds
20220314 061906.421 INFO             PET0 PIOc_freedecomp Enter - MemInfo: [/proc/meminfo - SSI]	MemTotal:       65507008 kB
20220314 061906.421 INFO             PET0 PIOc_freedecomp Enter - MemInfo: [/proc/meminfo - SSI]	MemFree:        49521636 kB
20220314 061906.421 INFO             PET0 PIOc_freedecomp Enter - MemInfo: [/proc/meminfo - SSI]	MemAvailable:   49286576 kB
20220314 061906.421 INFO             PET0 PIOc_freedecomp Enter - MemInfo: [/proc/meminfo - SSI]	Committed_AS:   13119576 kB
20220314 061906.421 INFO             PET0 PIOc_freedecomp Enter - MemInfo: [/proc/meminfo - SSI]	CommittedPercent: 20.0277 %
20220314 061906.421 INFO             PET0 PIOc_freedecomp Enter - MemInfo: [/proc/self/status]	VmPeak:	  516924 kB
20220314 061906.421 INFO             PET0 PIOc_freedecomp Enter - MemInfo: [/proc/self/status]	VmSize:	  516884 kB
20220314 061906.421 INFO             PET0 PIOc_freedecomp Enter - MemInfo: [/proc/self/status]	VmLck:	       0 kB
20220314 061906.421 INFO             PET0 PIOc_freedecomp Enter - MemInfo: [/proc/self/status]	VmPin:	       0 kB
20220314 061906.421 INFO             PET0 PIOc_freedecomp Enter - MemInfo: [/proc/self/status]	VmHWM:	   64560 kB
20220314 061906.421 INFO             PET0 PIOc_freedecomp Enter - MemInfo: [/proc/self/status]	VmRSS:	   29768 kB
20220314 061906.421 INFO             PET0 PIOc_freedecomp Enter - MemInfo: [/proc/self/status]	VmData:	   32344 kB
20220314 061906.421 INFO             PET0 PIOc_freedecomp Enter - MemInfo: [/proc/self/status]	VmStk:	     148 kB
20220314 061906.421 INFO             PET0 PIOc_freedecomp Enter - MemInfo: [/proc/self/status]	VmExe:	     192 kB
20220314 061906.421 INFO             PET0 PIOc_freedecomp Enter - MemInfo: [/proc/self/status]	VmLib:	   48536 kB
20220314 061906.421 INFO             PET0 PIOc_freedecomp Enter - MemInfo: [/proc/self/status]	VmPTE:	     752 kB
20220314 061906.421 INFO             PET0 PIOc_freedecomp Enter - MemInfo: [/proc/self/status]	VmPMD:	      16 kB
20220314 061906.421 INFO             PET0 PIOc_freedecomp Enter - MemInfo: [/proc/self/status]	VmSwap:	       0 kB
20220314 061906.421 INFO             PET0 PIOc_freedecomp Enter - MemInfo: [/proc/self/status]	VmRSSPercent: 0.0454425 %
20220314 061906.421 INFO             PET0 PIOc_freedecomp Enter - MemInfo: [malloc] Non-mmapped space allocated:                20774912 Byte
20220314 061906.421 INFO             PET0 PIOc_freedecomp Enter - MemInfo: [malloc] Space allocated in mmapped regions:          1581056 Byte
20220314 061906.421 INFO             PET0 PIOc_freedecomp Enter - MemInfo: [malloc] Maximum total allocated space:                     0 Byte
20220314 061906.421 INFO             PET0 PIOc_freedecomp Enter - MemInfo: [malloc] Space in freed fastbin blocks:                  2064 Byte
20220314 061906.421 INFO             PET0 PIOc_freedecomp Enter - MemInfo: [malloc] Total allocated space:                       3144288 Byte
20220314 061906.421 INFO             PET0 PIOc_freedecomp Enter - MemInfo: [malloc] Total free space:                           17630624 Byte
20220314 061906.421 INFO             PET0 PIOc_freedecomp Enter - MemInfo: [malloc] Top-most, releasable space:                   112352 Byte
20220314 061906.421 INFO             PET0 PIOc_freedecomp Enter - MemInfo: [malloc] Total space in use, mmap + non-mmap:         4725344 Byte
20220314 061906.421 INFO             PET0 PIOc_freedecomp Enter - MemInfo: [malloc] Total space held (mmap + non-mmap):         22355968 Byte
20220314 061906.421 INFO             PET0 PIOc_freedecomp Enter - MemInfo: [malloc] Total space used (mmap + non-mmap):          4734672 Byte
20220314 061906.421 INFO             PET0 PIOc_freedecomp Enter - MemInfo: Wall-clock time since execution start:              0.0286435 seconds
20220314 061906.422 INFO             PET0 PIOc_freedecomp Exit - MemInfo: [/proc/meminfo - SSI]	MemTotal:       65507008 kB
20220314 061906.422 INFO             PET0 PIOc_freedecomp Exit - MemInfo: [/proc/meminfo - SSI]	MemFree:        49521636 kB
20220314 061906.422 INFO             PET0 PIOc_freedecomp Exit - MemInfo: [/proc/meminfo - SSI]	MemAvailable:   49286576 kB
20220314 061906.422 INFO             PET0 PIOc_freedecomp Exit - MemInfo: [/proc/meminfo - SSI]	Committed_AS:   13119576 kB
20220314 061906.422 INFO             PET0 PIOc_freedecomp Exit - MemInfo: [/proc/meminfo - SSI]	CommittedPercent: 20.0277 %
20220314 061906.422 INFO             PET0 PIOc_freedecomp Exit - MemInfo: [/proc/self/status]	VmPeak:	  516924 kB
20220314 061906.422 INFO             PET0 PIOc_freedecomp Exit - MemInfo: [/proc/self/status]	VmSize:	  516884 kB
20220314 061906.422 INFO             PET0 PIOc_freedecomp Exit - MemInfo: [/proc/self/status]	VmLck:	       0 kB
20220314 061906.422 INFO             PET0 PIOc_freedecomp Exit - MemInfo: [/proc/self/status]	VmPin:	       0 kB
20220314 061906.422 INFO             PET0 PIOc_freedecomp Exit - MemInfo: [/proc/self/status]	VmHWM:	   64560 kB
20220314 061906.422 INFO             PET0 PIOc_freedecomp Exit - MemInfo: [/proc/self/status]	VmRSS:	   29768 kB
20220314 061906.422 INFO             PET0 PIOc_freedecomp Exit - MemInfo: [/proc/self/status]	VmData:	   32344 kB
20220314 061906.422 INFO             PET0 PIOc_freedecomp Exit - MemInfo: [/proc/self/status]	VmStk:	     148 kB
20220314 061906.422 INFO             PET0 PIOc_freedecomp Exit - MemInfo: [/proc/self/status]	VmExe:	     192 kB
20220314 061906.422 INFO             PET0 PIOc_freedecomp Exit - MemInfo: [/proc/self/status]	VmLib:	   48536 kB
20220314 061906.422 INFO             PET0 PIOc_freedecomp Exit - MemInfo: [/proc/self/status]	VmPTE:	     752 kB
20220314 061906.422 INFO             PET0 PIOc_freedecomp Exit - MemInfo: [/proc/self/status]	VmPMD:	      16 kB
20220314 061906.422 INFO             PET0 PIOc_freedecomp Exit - MemInfo: [/proc/self/status]	VmSwap:	       0 kB
20220314 061906.422 INFO             PET0 PIOc_freedecomp Exit - MemInfo: [/proc/self/status]	VmRSSPercent: 0.0454425 %
20220314 061906.422 INFO             PET0 PIOc_freedecomp Exit - MemInfo: [malloc] Non-mmapped space allocated:                20774912 Byte
20220314 061906.422 INFO             PET0 PIOc_freedecomp Exit - MemInfo: [malloc] Space allocated in mmapped regions:          1581056 Byte
20220314 061906.422 INFO             PET0 PIOc_freedecomp Exit - MemInfo: [malloc] Maximum total allocated space:                     0 Byte
20220314 061906.422 INFO             PET0 PIOc_freedecomp Exit - MemInfo: [malloc] Space in freed fastbin blocks:                  3136 Byte
20220314 061906.422 INFO             PET0 PIOc_freedecomp Exit - MemInfo: [malloc] Total allocated space:                       3136544 Byte
20220314 061906.422 INFO             PET0 PIOc_freedecomp Exit - MemInfo: [malloc] Total free space:                           17638368 Byte
20220314 061906.422 INFO             PET0 PIOc_freedecomp Exit - MemInfo: [malloc] Top-most, releasable space:                   112352 Byte
20220314 061906.422 INFO             PET0 PIOc_freedecomp Exit - MemInfo: [malloc] Total space in use, mmap + non-mmap:         4717600 Byte
20220314 061906.422 INFO             PET0 PIOc_freedecomp Exit - MemInfo: [malloc] Total space held (mmap + non-mmap):         22355968 Byte
20220314 061906.422 INFO             PET0 PIOc_freedecomp Exit - MemInfo: [malloc] Total space used (mmap + non-mmap):          4726928 Byte
20220314 061906.422 INFO             PET0 PIOc_freedecomp Exit - MemInfo: Wall-clock time since execution start:              0.0289873 seconds
20220314 061906.423 INFO             PET0 PIOc_sync Enter - MemInfo: [/proc/meminfo - SSI]	MemTotal:       65507008 kB
20220314 061906.423 INFO             PET0 PIOc_sync Enter - MemInfo: [/proc/meminfo - SSI]	MemFree:        49521132 kB
20220314 061906.423 INFO             PET0 PIOc_sync Enter - MemInfo: [/proc/meminfo - SSI]	MemAvailable:   49286072 kB
20220314 061906.423 INFO             PET0 PIOc_sync Enter - MemInfo: [/proc/meminfo - SSI]	Committed_AS:   13119576 kB
20220314 061906.423 INFO             PET0 PIOc_sync Enter - MemInfo: [/proc/meminfo - SSI]	CommittedPercent: 20.0277 %
20220314 061906.423 INFO             PET0 PIOc_sync Enter - MemInfo: [/proc/self/status]	VmPeak:	  525072 kB
20220314 061906.423 INFO             PET0 PIOc_sync Enter - MemInfo: [/proc/self/status]	VmSize:	  516884 kB
20220314 061906.423 INFO             PET0 PIOc_sync Enter - MemInfo: [/proc/self/status]	VmLck:	       0 kB
20220314 061906.423 INFO             PET0 PIOc_sync Enter - MemInfo: [/proc/self/status]	VmPin:	       0 kB
20220314 061906.423 INFO             PET0 PIOc_sync Enter - MemInfo: [/proc/self/status]	VmHWM:	   64560 kB
20220314 061906.423 INFO             PET0 PIOc_sync Enter - MemInfo: [/proc/self/status]	VmRSS:	   30112 kB
20220314 061906.423 INFO             PET0 PIOc_sync Enter - MemInfo: [/proc/self/status]	VmData:	   32344 kB
20220314 061906.423 INFO             PET0 PIOc_sync Enter - MemInfo: [/proc/self/status]	VmStk:	     148 kB
20220314 061906.423 INFO             PET0 PIOc_sync Enter - MemInfo: [/proc/self/status]	VmExe:	     192 kB
20220314 061906.423 INFO             PET0 PIOc_sync Enter - MemInfo: [/proc/self/status]	VmLib:	   48536 kB
20220314 061906.423 INFO             PET0 PIOc_sync Enter - MemInfo: [/proc/self/status]	VmPTE:	     752 kB
20220314 061906.423 INFO             PET0 PIOc_sync Enter - MemInfo: [/proc/self/status]	VmPMD:	      16 kB
20220314 061906.423 INFO             PET0 PIOc_sync Enter - MemInfo: [/proc/self/status]	VmSwap:	       0 kB
20220314 061906.423 INFO             PET0 PIOc_sync Enter - MemInfo: [/proc/self/status]	VmRSSPercent: 0.0459676 %
20220314 061906.423 INFO             PET0 PIOc_sync Enter - MemInfo: [malloc] Non-mmapped space allocated:                20774912 Byte
20220314 061906.423 INFO             PET0 PIOc_sync Enter - MemInfo: [malloc] Space allocated in mmapped regions:          1581056 Byte
20220314 061906.423 INFO             PET0 PIOc_sync Enter - MemInfo: [malloc] Maximum total allocated space:                     0 Byte
20220314 061906.423 INFO             PET0 PIOc_sync Enter - MemInfo: [malloc] Space in freed fastbin blocks:                  2176 Byte
20220314 061906.423 INFO             PET0 PIOc_sync Enter - MemInfo: [malloc] Total allocated space:                      20457280 Byte
20220314 061906.423 INFO             PET0 PIOc_sync Enter - MemInfo: [malloc] Total free space:                             317632 Byte
20220314 061906.423 INFO             PET0 PIOc_sync Enter - MemInfo: [malloc] Top-most, releasable space:                   117376 Byte
20220314 061906.423 INFO             PET0 PIOc_sync Enter - MemInfo: [malloc] Total space in use, mmap + non-mmap:        22038336 Byte
20220314 061906.423 INFO             PET0 PIOc_sync Enter - MemInfo: [malloc] Total space held (mmap + non-mmap):         22355968 Byte
20220314 061906.423 INFO             PET0 PIOc_sync Enter - MemInfo: [malloc] Total space used (mmap + non-mmap):         22047664 Byte
20220314 061906.423 INFO             PET0 PIOc_sync Enter - MemInfo: Wall-clock time since execution start:              0.0302518 seconds
20220314 061906.425 INFO             PET0 PIOc_sync Exit - MemInfo: [/proc/meminfo - SSI]	MemTotal:       65507008 kB
20220314 061906.425 INFO             PET0 PIOc_sync Exit - MemInfo: [/proc/meminfo - SSI]	MemFree:        49521132 kB
20220314 061906.425 INFO             PET0 PIOc_sync Exit - MemInfo: [/proc/meminfo - SSI]	MemAvailable:   49286072 kB
20220314 061906.425 INFO             PET0 PIOc_sync Exit - MemInfo: [/proc/meminfo - SSI]	Committed_AS:   13119576 kB
20220314 061906.425 INFO             PET0 PIOc_sync Exit - MemInfo: [/proc/meminfo - SSI]	CommittedPercent: 20.0277 %
20220314 061906.425 INFO             PET0 PIOc_sync Exit - MemInfo: [/proc/self/status]	VmPeak:	  525072 kB
20220314 061906.425 INFO             PET0 PIOc_sync Exit - MemInfo: [/proc/self/status]	VmSize:	  516884 kB
20220314 061906.425 INFO             PET0 PIOc_sync Exit - MemInfo: [/proc/self/status]	VmLck:	       0 kB
20220314 061906.425 INFO             PET0 PIOc_sync Exit - MemInfo: [/proc/self/status]	VmPin:	       0 kB
20220314 061906.425 INFO             PET0 PIOc_sync Exit - MemInfo: [/proc/self/status]	VmHWM:	   64560 kB
20220314 061906.425 INFO             PET0 PIOc_sync Exit - MemInfo: [/proc/self/status]	VmRSS:	   30112 kB
20220314 061906.425 INFO             PET0 PIOc_sync Exit - MemInfo: [/proc/self/status]	VmData:	   32344 kB
20220314 061906.425 INFO             PET0 PIOc_sync Exit - MemInfo: [/proc/self/status]	VmStk:	     148 kB
20220314 061906.425 INFO             PET0 PIOc_sync Exit - MemInfo: [/proc/self/status]	VmExe:	     192 kB
20220314 061906.425 INFO             PET0 PIOc_sync Exit - MemInfo: [/proc/self/status]	VmLib:	   48536 kB
20220314 061906.425 INFO             PET0 PIOc_sync Exit - MemInfo: [/proc/self/status]	VmPTE:	     752 kB
20220314 061906.425 INFO             PET0 PIOc_sync Exit - MemInfo: [/proc/self/status]	VmPMD:	      16 kB
20220314 061906.425 INFO             PET0 PIOc_sync Exit - MemInfo: [/proc/self/status]	VmSwap:	       0 kB
20220314 061906.425 INFO             PET0 PIOc_sync Exit - MemInfo: [/proc/self/status]	VmRSSPercent: 0.0459676 %
20220314 061906.425 INFO             PET0 PIOc_sync Exit - MemInfo: [malloc] Non-mmapped space allocated:                20774912 Byte
20220314 061906.425 INFO             PET0 PIOc_sync Exit - MemInfo: [malloc] Space allocated in mmapped regions:          1581056 Byte
20220314 061906.425 INFO             PET0 PIOc_sync Exit - MemInfo: [malloc] Maximum total allocated space:                     0 Byte
20220314 061906.425 INFO             PET0 PIOc_sync Exit - MemInfo: [malloc] Space in freed fastbin blocks:                  2160 Byte
20220314 061906.425 INFO             PET0 PIOc_sync Exit - MemInfo: [malloc] Total allocated space:                      20459872 Byte
20220314 061906.425 INFO             PET0 PIOc_sync Exit - MemInfo: [malloc] Total free space:                             315040 Byte
20220314 061906.425 INFO             PET0 PIOc_sync Exit - MemInfo: [malloc] Top-most, releasable space:                   111360 Byte
20220314 061906.425 INFO             PET0 PIOc_sync Exit - MemInfo: [malloc] Total space in use, mmap + non-mmap:        22040928 Byte
20220314 061906.425 INFO             PET0 PIOc_sync Exit - MemInfo: [malloc] Total space held (mmap + non-mmap):         22355968 Byte
20220314 061906.425 INFO             PET0 PIOc_sync Exit - MemInfo: [malloc] Total space used (mmap + non-mmap):         22050256 Byte
20220314 061906.425 INFO             PET0 PIOc_sync Exit - MemInfo: Wall-clock time since execution start:               0.032658 seconds
20220314 061906.426 INFO             PET0 PIOc_freedecomp Enter - MemInfo: [/proc/meminfo - SSI]	MemTotal:       65507008 kB
20220314 061906.426 INFO             PET0 PIOc_freedecomp Enter - MemInfo: [/proc/meminfo - SSI]	MemFree:        49521132 kB
20220314 061906.426 INFO             PET0 PIOc_freedecomp Enter - MemInfo: [/proc/meminfo - SSI]	MemAvailable:   49286072 kB
20220314 061906.426 INFO             PET0 PIOc_freedecomp Enter - MemInfo: [/proc/meminfo - SSI]	Committed_AS:   13119576 kB
20220314 061906.426 INFO             PET0 PIOc_freedecomp Enter - MemInfo: [/proc/meminfo - SSI]	CommittedPercent: 20.0277 %
20220314 061906.426 INFO             PET0 PIOc_freedecomp Enter - MemInfo: [/proc/self/status]	VmPeak:	  525072 kB
20220314 061906.426 INFO             PET0 PIOc_freedecomp Enter - MemInfo: [/proc/self/status]	VmSize:	  516884 kB
20220314 061906.426 INFO             PET0 PIOc_freedecomp Enter - MemInfo: [/proc/self/status]	VmLck:	       0 kB
20220314 061906.426 INFO             PET0 PIOc_freedecomp Enter - MemInfo: [/proc/self/status]	VmPin:	       0 kB
20220314 061906.426 INFO             PET0 PIOc_freedecomp Enter - MemInfo: [/proc/self/status]	VmHWM:	   64560 kB
20220314 061906.426 INFO             PET0 PIOc_freedecomp Enter - MemInfo: [/proc/self/status]	VmRSS:	   30112 kB
20220314 061906.426 INFO             PET0 PIOc_freedecomp Enter - MemInfo: [/proc/self/status]	VmData:	   32344 kB
20220314 061906.426 INFO             PET0 PIOc_freedecomp Enter - MemInfo: [/proc/self/status]	VmStk:	     148 kB
20220314 061906.426 INFO             PET0 PIOc_freedecomp Enter - MemInfo: [/proc/self/status]	VmExe:	     192 kB
20220314 061906.426 INFO             PET0 PIOc_freedecomp Enter - MemInfo: [/proc/self/status]	VmLib:	   48536 kB
20220314 061906.426 INFO             PET0 PIOc_freedecomp Enter - MemInfo: [/proc/self/status]	VmPTE:	     752 kB
20220314 061906.426 INFO             PET0 PIOc_freedecomp Enter - MemInfo: [/proc/self/status]	VmPMD:	      16 kB
20220314 061906.426 INFO             PET0 PIOc_freedecomp Enter - MemInfo: [/proc/self/status]	VmSwap:	       0 kB
20220314 061906.426 INFO             PET0 PIOc_freedecomp Enter - MemInfo: [/proc/self/status]	VmRSSPercent: 0.0459676 %
20220314 061906.426 INFO             PET0 PIOc_freedecomp Enter - MemInfo: [malloc] Non-mmapped space allocated:                20774912 Byte
20220314 061906.426 INFO             PET0 PIOc_freedecomp Enter - MemInfo: [malloc] Space allocated in mmapped regions:          1581056 Byte
20220314 061906.426 INFO             PET0 PIOc_freedecomp Enter - MemInfo: [malloc] Maximum total allocated space:                     0 Byte
20220314 061906.426 INFO             PET0 PIOc_freedecomp Enter - MemInfo: [malloc] Space in freed fastbin blocks:                  1952 Byte
20220314 061906.426 INFO             PET0 PIOc_freedecomp Enter - MemInfo: [malloc] Total allocated space:                       3144256 Byte
20220314 061906.426 INFO             PET0 PIOc_freedecomp Enter - MemInfo: [malloc] Total free space:                           17630656 Byte
20220314 061906.426 INFO             PET0 PIOc_freedecomp Enter - MemInfo: [malloc] Top-most, releasable space:                   111856 Byte
20220314 061906.426 INFO             PET0 PIOc_freedecomp Enter - MemInfo: [malloc] Total space in use, mmap + non-mmap:         4725312 Byte
20220314 061906.426 INFO             PET0 PIOc_freedecomp Enter - MemInfo: [malloc] Total space held (mmap + non-mmap):         22355968 Byte
20220314 061906.426 INFO             PET0 PIOc_freedecomp Enter - MemInfo: [malloc] Total space used (mmap + non-mmap):          4734640 Byte
20220314 061906.426 INFO             PET0 PIOc_freedecomp Enter - MemInfo: Wall-clock time since execution start:              0.0331019 seconds
20220314 061906.426 INFO             PET0 PIOc_freedecomp Exit - MemInfo: [/proc/meminfo - SSI]	MemTotal:       65507008 kB
20220314 061906.426 INFO             PET0 PIOc_freedecomp Exit - MemInfo: [/proc/meminfo - SSI]	MemFree:        49521132 kB
20220314 061906.426 INFO             PET0 PIOc_freedecomp Exit - MemInfo: [/proc/meminfo - SSI]	MemAvailable:   49286072 kB
20220314 061906.426 INFO             PET0 PIOc_freedecomp Exit - MemInfo: [/proc/meminfo - SSI]	Committed_AS:   13119576 kB
20220314 061906.426 INFO             PET0 PIOc_freedecomp Exit - MemInfo: [/proc/meminfo - SSI]	CommittedPercent: 20.0277 %
20220314 061906.426 INFO             PET0 PIOc_freedecomp Exit - MemInfo: [/proc/self/status]	VmPeak:	  525072 kB
20220314 061906.426 INFO             PET0 PIOc_freedecomp Exit - MemInfo: [/proc/self/status]	VmSize:	  516884 kB
20220314 061906.426 INFO             PET0 PIOc_freedecomp Exit - MemInfo: [/proc/self/status]	VmLck:	       0 kB
20220314 061906.426 INFO             PET0 PIOc_freedecomp Exit - MemInfo: [/proc/self/status]	VmPin:	       0 kB
20220314 061906.426 INFO             PET0 PIOc_freedecomp Exit - MemInfo: [/proc/self/status]	VmHWM:	   64560 kB
20220314 061906.426 INFO             PET0 PIOc_freedecomp Exit - MemInfo: [/proc/self/status]	VmRSS:	   30112 kB
20220314 061906.426 INFO             PET0 PIOc_freedecomp Exit - MemInfo: [/proc/self/status]	VmData:	   32344 kB
20220314 061906.426 INFO             PET0 PIOc_freedecomp Exit - MemInfo: [/proc/self/status]	VmStk:	     148 kB
20220314 061906.426 INFO             PET0 PIOc_freedecomp Exit - MemInfo: [/proc/self/status]	VmExe:	     192 kB
20220314 061906.426 INFO             PET0 PIOc_freedecomp Exit - MemInfo: [/proc/self/status]	VmLib:	   48536 kB
20220314 061906.426 INFO             PET0 PIOc_freedecomp Exit - MemInfo: [/proc/self/status]	VmPTE:	     752 kB
20220314 061906.426 INFO             PET0 PIOc_freedecomp Exit - MemInfo: [/proc/self/status]	VmPMD:	      16 kB
20220314 061906.426 INFO             PET0 PIOc_freedecomp Exit - MemInfo: [/proc/self/status]	VmSwap:	       0 kB
20220314 061906.426 INFO             PET0 PIOc_freedecomp Exit - MemInfo: [/proc/self/status]	VmRSSPercent: 0.0459676 %
20220314 061906.426 INFO             PET0 PIOc_freedecomp Exit - MemInfo: [malloc] Non-mmapped space allocated:                20774912 Byte
20220314 061906.426 INFO             PET0 PIOc_freedecomp Exit - MemInfo: [malloc] Space allocated in mmapped regions:          1581056 Byte
20220314 061906.426 INFO             PET0 PIOc_freedecomp Exit - MemInfo: [malloc] Maximum total allocated space:                     0 Byte
20220314 061906.426 INFO             PET0 PIOc_freedecomp Exit - MemInfo: [malloc] Space in freed fastbin blocks:                  3264 Byte
20220314 061906.426 INFO             PET0 PIOc_freedecomp Exit - MemInfo: [malloc] Total allocated space:                       3136512 Byte
20220314 061906.426 INFO             PET0 PIOc_freedecomp Exit - MemInfo: [malloc] Total free space:                           17638400 Byte
20220314 061906.426 INFO             PET0 PIOc_freedecomp Exit - MemInfo: [malloc] Top-most, releasable space:                   111856 Byte
20220314 061906.426 INFO             PET0 PIOc_freedecomp Exit - MemInfo: [malloc] Total space in use, mmap + non-mmap:         4717568 Byte
20220314 061906.426 INFO             PET0 PIOc_freedecomp Exit - MemInfo: [malloc] Total space held (mmap + non-mmap):         22355968 Byte
20220314 061906.426 INFO             PET0 PIOc_freedecomp Exit - MemInfo: [malloc] Total space used (mmap + non-mmap):          4726896 Byte
20220314 061906.426 INFO             PET0 PIOc_freedecomp Exit - MemInfo: Wall-clock time since execution start:              0.0334455 seconds
20220314 061906.426 INFO             PET0 PASS ESMC_FieldRegridStoreFile test, ESMC_FieldSMMFromFileUTest.C, line 199
20220314 061906.434 INFO             PET0 PASS ESMC_FieldSMMStore from File test, ESMC_FieldSMMFromFileUTest.C, line 229
20220314 061906.434 INFO             PET0 PASS ESMC_FieldSMMStore From File validation, ESMC_FieldSMMFromFileUTest.C, line 257
20220314 061906.434 INFO             PET0 PASS ESMC_FieldRegridRelease, ESMC_FieldSMMFromFileUTest.C, line 271
20220314 061906.434 INFO             PET0 Ending Test, file ESMC_FieldSMMFromFileUTest.C, line 289
20220314 061906.434 INFO             PET0 Finalizing ESMF
20220314 061906.394 INFO             PET1 !!!!!!!!!!!!!!!!!!!!!!!!!!!!!!!!!!!!!!!!!!!!!!!!!!!!!!
20220314 061906.394 INFO             PET1 !!! THE ESMF_LOG IS SET TO OUTPUT ALL LOG MESSAGES !!!
20220314 061906.394 INFO             PET1 !!!     THIS MAY CAUSE SLOWDOWN IN PERFORMANCE     !!!
20220314 061906.394 INFO             PET1 !!! FOR PRODUCTION RUNS, USE:                      !!!
20220314 061906.394 INFO             PET1 !!!                   ESMF_LOGKIND_Multi_On_Error  !!!
20220314 061906.394 INFO             PET1 !!!!!!!!!!!!!!!!!!!!!!!!!!!!!!!!!!!!!!!!!!!!!!!!!!!!!!
20220314 061906.394 INFO             PET1 Running with ESMF Version   : v8.3.0b09-96-g559b459836
20220314 061906.394 INFO             PET1 ESMF library build date/time: "Mar 14 2022" "06:02:50"
20220314 061906.394 INFO             PET1 ESMF library build location : /glade/scratch/rlong/esmf-testing/gfortran_10.1.0_openmpi_O_jedwards_pio_update2
20220314 061906.394 INFO             PET1 ESMF_COMM                   : openmpi
20220314 061906.394 INFO             PET1 ESMF_MOAB                   : enabled
20220314 061906.394 INFO             PET1 ESMF_LAPACK                 : enabled
20220314 061906.394 INFO             PET1 ESMF_NETCDF                 : enabled
20220314 061906.394 INFO             PET1 ESMF_PNETCDF                : disabled
20220314 061906.394 INFO             PET1 ESMF_PIO                    : enabled
20220314 061906.394 INFO             PET1 ESMF_YAMLCPP                : enabled
20220314 061906.394 INFO             PET1 Beginning Test, file ESMC_FieldSMMFromFileUTest.C, line 41
20220314 061906.394 INFO             PET1 Beginning Test, file ESMC_FieldSMMFromFileUTest.C, line 41NUMBER_OF_PROCESSORS 4
20220314 061906.411 INFO             PET1 PIOc_sync Enter - MemInfo: [/proc/meminfo - SSI]	MemTotal:       65507008 kB
20220314 061906.411 INFO             PET1 PIOc_sync Enter - MemInfo: [/proc/meminfo - SSI]	MemFree:        49514580 kB
20220314 061906.411 INFO             PET1 PIOc_sync Enter - MemInfo: [/proc/meminfo - SSI]	MemAvailable:   49279520 kB
20220314 061906.411 INFO             PET1 PIOc_sync Enter - MemInfo: [/proc/meminfo - SSI]	Committed_AS:   13119616 kB
20220314 061906.411 INFO             PET1 PIOc_sync Enter - MemInfo: [/proc/meminfo - SSI]	CommittedPercent: 20.0278 %
20220314 061906.411 INFO             PET1 PIOc_sync Enter - MemInfo: [/proc/self/status]	VmPeak:	  500100 kB
20220314 061906.412 INFO             PET1 PIOc_sync Enter - MemInfo: [/proc/self/status]	VmSize:	  500100 kB
20220314 061906.412 INFO             PET1 PIOc_sync Enter - MemInfo: [/proc/self/status]	VmLck:	       0 kB
20220314 061906.412 INFO             PET1 PIOc_sync Enter - MemInfo: [/proc/self/status]	VmPin:	       0 kB
20220314 061906.412 INFO             PET1 PIOc_sync Enter - MemInfo: [/proc/self/status]	VmHWM:	   64564 kB
20220314 061906.412 INFO             PET1 PIOc_sync Enter - MemInfo: [/proc/self/status]	VmRSS:	   20052 kB
20220314 061906.412 INFO             PET1 PIOc_sync Enter - MemInfo: [/proc/self/status]	VmData:	   15560 kB
20220314 061906.412 INFO             PET1 PIOc_sync Enter - MemInfo: [/proc/self/status]	VmStk:	     148 kB
20220314 061906.412 INFO             PET1 PIOc_sync Enter - MemInfo: [/proc/self/status]	VmExe:	     192 kB
20220314 061906.412 INFO             PET1 PIOc_sync Enter - MemInfo: [/proc/self/status]	VmLib:	   48536 kB
20220314 061906.412 INFO             PET1 PIOc_sync Enter - MemInfo: [/proc/self/status]	VmPTE:	     724 kB
20220314 061906.412 INFO             PET1 PIOc_sync Enter - MemInfo: [/proc/self/status]	VmPMD:	      12 kB
20220314 061906.412 INFO             PET1 PIOc_sync Enter - MemInfo: [/proc/self/status]	VmSwap:	       0 kB
20220314 061906.412 INFO             PET1 PIOc_sync Enter - MemInfo: [/proc/self/status]	VmRSSPercent: 0.0306105 %
20220314 061906.412 INFO             PET1 PIOc_sync Enter - MemInfo: [malloc] Non-mmapped space allocated:                 3588096 Byte
20220314 061906.412 INFO             PET1 PIOc_sync Enter - MemInfo: [malloc] Space allocated in mmapped regions:          1581056 Byte
20220314 061906.413 INFO             PET1 PIOc_sync Enter - MemInfo: [malloc] Maximum total allocated space:                     0 Byte
20220314 061906.413 INFO             PET1 PIOc_sync Enter - MemInfo: [malloc] Space in freed fastbin blocks:                  2800 Byte
20220314 061906.413 INFO             PET1 PIOc_sync Enter - MemInfo: [malloc] Total allocated space:                       2974144 Byte
20220314 061906.413 INFO             PET1 PIOc_sync Enter - MemInfo: [malloc] Total free space:                             613952 Byte
20220314 061906.413 INFO             PET1 PIOc_sync Enter - MemInfo: [malloc] Top-most, releasable space:                   374624 Byte
20220314 061906.413 INFO             PET1 PIOc_sync Enter - MemInfo: [malloc] Total space in use, mmap + non-mmap:         4555200 Byte
20220314 061906.413 INFO             PET1 PIOc_sync Enter - MemInfo: [malloc] Total space held (mmap + non-mmap):          5169152 Byte
20220314 061906.413 INFO             PET1 PIOc_sync Enter - MemInfo: [malloc] Total space used (mmap + non-mmap):          4564528 Byte
20220314 061906.413 INFO             PET1 PIOc_sync Enter - MemInfo: Wall-clock time since execution start:              0.0203779 seconds
20220314 061906.414 INFO             PET1 PIOc_sync Exit - MemInfo: [/proc/meminfo - SSI]	MemTotal:       65507008 kB
20220314 061906.414 INFO             PET1 PIOc_sync Exit - MemInfo: [/proc/meminfo - SSI]	MemFree:        49514076 kB
20220314 061906.414 INFO             PET1 PIOc_sync Exit - MemInfo: [/proc/meminfo - SSI]	MemAvailable:   49279016 kB
20220314 061906.414 INFO             PET1 PIOc_sync Exit - MemInfo: [/proc/meminfo - SSI]	Committed_AS:   13119616 kB
20220314 061906.414 INFO             PET1 PIOc_sync Exit - MemInfo: [/proc/meminfo - SSI]	CommittedPercent: 20.0278 %
20220314 061906.414 INFO             PET1 PIOc_sync Exit - MemInfo: [/proc/self/status]	VmPeak:	  500100 kB
20220314 061906.414 INFO             PET1 PIOc_sync Exit - MemInfo: [/proc/self/status]	VmSize:	  500100 kB
20220314 061906.414 INFO             PET1 PIOc_sync Exit - MemInfo: [/proc/self/status]	VmLck:	       0 kB
20220314 061906.414 INFO             PET1 PIOc_sync Exit - MemInfo: [/proc/self/status]	VmPin:	       0 kB
20220314 061906.414 INFO             PET1 PIOc_sync Exit - MemInfo: [/proc/self/status]	VmHWM:	   64564 kB
20220314 061906.414 INFO             PET1 PIOc_sync Exit - MemInfo: [/proc/self/status]	VmRSS:	   20096 kB
20220314 061906.414 INFO             PET1 PIOc_sync Exit - MemInfo: [/proc/self/status]	VmData:	   15560 kB
20220314 061906.414 INFO             PET1 PIOc_sync Exit - MemInfo: [/proc/self/status]	VmStk:	     148 kB
20220314 061906.414 INFO             PET1 PIOc_sync Exit - MemInfo: [/proc/self/status]	VmExe:	     192 kB
20220314 061906.414 INFO             PET1 PIOc_sync Exit - MemInfo: [/proc/self/status]	VmLib:	   48536 kB
20220314 061906.414 INFO             PET1 PIOc_sync Exit - MemInfo: [/proc/self/status]	VmPTE:	     724 kB
20220314 061906.414 INFO             PET1 PIOc_sync Exit - MemInfo: [/proc/self/status]	VmPMD:	      12 kB
20220314 061906.414 INFO             PET1 PIOc_sync Exit - MemInfo: [/proc/self/status]	VmSwap:	       0 kB
20220314 061906.414 INFO             PET1 PIOc_sync Exit - MemInfo: [/proc/self/status]	VmRSSPercent: 0.0306776 %
20220314 061906.414 INFO             PET1 PIOc_sync Exit - MemInfo: [malloc] Non-mmapped space allocated:                 3588096 Byte
20220314 061906.414 INFO             PET1 PIOc_sync Exit - MemInfo: [malloc] Space allocated in mmapped regions:          1581056 Byte
20220314 061906.415 INFO             PET1 PIOc_sync Exit - MemInfo: [malloc] Maximum total allocated space:                     0 Byte
20220314 061906.415 INFO             PET1 PIOc_sync Exit - MemInfo: [malloc] Space in freed fastbin blocks:                  1408 Byte
20220314 061906.415 INFO             PET1 PIOc_sync Exit - MemInfo: [malloc] Total allocated space:                       2973568 Byte
20220314 061906.415 INFO             PET1 PIOc_sync Exit - MemInfo: [malloc] Total free space:                             614528 Byte
20220314 061906.415 INFO             PET1 PIOc_sync Exit - MemInfo: [malloc] Top-most, releasable space:                   374624 Byte
20220314 061906.415 INFO             PET1 PIOc_sync Exit - MemInfo: [malloc] Total space in use, mmap + non-mmap:         4554624 Byte
20220314 061906.415 INFO             PET1 PIOc_sync Exit - MemInfo: [malloc] Total space held (mmap + non-mmap):          5169152 Byte
20220314 061906.415 INFO             PET1 PIOc_sync Exit - MemInfo: [malloc] Total space used (mmap + non-mmap):          4563952 Byte
20220314 061906.415 INFO             PET1 PIOc_sync Exit - MemInfo: Wall-clock time since execution start:               0.021595 seconds
20220314 061906.415 INFO             PET1 PIOc_freedecomp Enter - MemInfo: [/proc/meminfo - SSI]	MemTotal:       65507008 kB
20220314 061906.415 INFO             PET1 PIOc_freedecomp Enter - MemInfo: [/proc/meminfo - SSI]	MemFree:        49529196 kB
20220314 061906.415 INFO             PET1 PIOc_freedecomp Enter - MemInfo: [/proc/meminfo - SSI]	MemAvailable:   49294136 kB
20220314 061906.415 INFO             PET1 PIOc_freedecomp Enter - MemInfo: [/proc/meminfo - SSI]	Committed_AS:   13103228 kB
20220314 061906.415 INFO             PET1 PIOc_freedecomp Enter - MemInfo: [/proc/meminfo - SSI]	CommittedPercent: 20.0028 %
20220314 061906.415 INFO             PET1 PIOc_freedecomp Enter - MemInfo: [/proc/self/status]	VmPeak:	  500100 kB
20220314 061906.416 INFO             PET1 PIOc_freedecomp Enter - MemInfo: [/proc/self/status]	VmSize:	  500100 kB
20220314 061906.416 INFO             PET1 PIOc_freedecomp Enter - MemInfo: [/proc/self/status]	VmLck:	       0 kB
20220314 061906.416 INFO             PET1 PIOc_freedecomp Enter - MemInfo: [/proc/self/status]	VmPin:	       0 kB
20220314 061906.416 INFO             PET1 PIOc_freedecomp Enter - MemInfo: [/proc/self/status]	VmHWM:	   64564 kB
20220314 061906.416 INFO             PET1 PIOc_freedecomp Enter - MemInfo: [/proc/self/status]	VmRSS:	   20096 kB
20220314 061906.416 INFO             PET1 PIOc_freedecomp Enter - MemInfo: [/proc/self/status]	VmData:	   15560 kB
20220314 061906.416 INFO             PET1 PIOc_freedecomp Enter - MemInfo: [/proc/self/status]	VmStk:	     148 kB
20220314 061906.416 INFO             PET1 PIOc_freedecomp Enter - MemInfo: [/proc/self/status]	VmExe:	     192 kB
20220314 061906.416 INFO             PET1 PIOc_freedecomp Enter - MemInfo: [/proc/self/status]	VmLib:	   48536 kB
20220314 061906.416 INFO             PET1 PIOc_freedecomp Enter - MemInfo: [/proc/self/status]	VmPTE:	     724 kB
20220314 061906.416 INFO             PET1 PIOc_freedecomp Enter - MemInfo: [/proc/self/status]	VmPMD:	      12 kB
20220314 061906.416 INFO             PET1 PIOc_freedecomp Enter - MemInfo: [/proc/self/status]	VmSwap:	       0 kB
20220314 061906.416 INFO             PET1 PIOc_freedecomp Enter - MemInfo: [/proc/self/status]	VmRSSPercent: 0.0306776 %
20220314 061906.416 INFO             PET1 PIOc_freedecomp Enter - MemInfo: [malloc] Non-mmapped space allocated:                 3588096 Byte
20220314 061906.416 INFO             PET1 PIOc_freedecomp Enter - MemInfo: [malloc] Space allocated in mmapped regions:          1581056 Byte
20220314 061906.416 INFO             PET1 PIOc_freedecomp Enter - MemInfo: [malloc] Maximum total allocated space:                     0 Byte
20220314 061906.416 INFO             PET1 PIOc_freedecomp Enter - MemInfo: [malloc] Space in freed fastbin blocks:                  1584 Byte
20220314 061906.416 INFO             PET1 PIOc_freedecomp Enter - MemInfo: [malloc] Total allocated space:                       2971872 Byte
20220314 061906.416 INFO             PET1 PIOc_freedecomp Enter - MemInfo: [malloc] Total free space:                             616224 Byte
20220314 061906.416 INFO             PET1 PIOc_freedecomp Enter - MemInfo: [malloc] Top-most, releasable space:                   374624 Byte
20220314 061906.416 INFO             PET1 PIOc_freedecomp Enter - MemInfo: [malloc] Total space in use, mmap + non-mmap:         4552928 Byte
20220314 061906.416 INFO             PET1 PIOc_freedecomp Enter - MemInfo: [malloc] Total space held (mmap + non-mmap):          5169152 Byte
20220314 061906.416 INFO             PET1 PIOc_freedecomp Enter - MemInfo: [malloc] Total space used (mmap + non-mmap):          4562256 Byte
20220314 061906.416 INFO             PET1 PIOc_freedecomp Enter - MemInfo: Wall-clock time since execution start:              0.0227282 seconds
20220314 061906.416 INFO             PET1 PIOc_freedecomp Exit - MemInfo: [/proc/meminfo - SSI]	MemTotal:       65507008 kB
20220314 061906.416 INFO             PET1 PIOc_freedecomp Exit - MemInfo: [/proc/meminfo - SSI]	MemFree:        49529196 kB
20220314 061906.416 INFO             PET1 PIOc_freedecomp Exit - MemInfo: [/proc/meminfo - SSI]	MemAvailable:   49294136 kB
20220314 061906.416 INFO             PET1 PIOc_freedecomp Exit - MemInfo: [/proc/meminfo - SSI]	Committed_AS:   13103228 kB
20220314 061906.416 INFO             PET1 PIOc_freedecomp Exit - MemInfo: [/proc/meminfo - SSI]	CommittedPercent: 20.0028 %
20220314 061906.416 INFO             PET1 PIOc_freedecomp Exit - MemInfo: [/proc/self/status]	VmPeak:	  500100 kB
20220314 061906.416 INFO             PET1 PIOc_freedecomp Exit - MemInfo: [/proc/self/status]	VmSize:	  500100 kB
20220314 061906.416 INFO             PET1 PIOc_freedecomp Exit - MemInfo: [/proc/self/status]	VmLck:	       0 kB
20220314 061906.416 INFO             PET1 PIOc_freedecomp Exit - MemInfo: [/proc/self/status]	VmPin:	       0 kB
20220314 061906.416 INFO             PET1 PIOc_freedecomp Exit - MemInfo: [/proc/self/status]	VmHWM:	   64564 kB
20220314 061906.416 INFO             PET1 PIOc_freedecomp Exit - MemInfo: [/proc/self/status]	VmRSS:	   20096 kB
20220314 061906.416 INFO             PET1 PIOc_freedecomp Exit - MemInfo: [/proc/self/status]	VmData:	   15560 kB
20220314 061906.416 INFO             PET1 PIOc_freedecomp Exit - MemInfo: [/proc/self/status]	VmStk:	     148 kB
20220314 061906.416 INFO             PET1 PIOc_freedecomp Exit - MemInfo: [/proc/self/status]	VmExe:	     192 kB
20220314 061906.416 INFO             PET1 PIOc_freedecomp Exit - MemInfo: [/proc/self/status]	VmLib:	   48536 kB
20220314 061906.416 INFO             PET1 PIOc_freedecomp Exit - MemInfo: [/proc/self/status]	VmPTE:	     724 kB
20220314 061906.416 INFO             PET1 PIOc_freedecomp Exit - MemInfo: [/proc/self/status]	VmPMD:	      12 kB
20220314 061906.416 INFO             PET1 PIOc_freedecomp Exit - MemInfo: [/proc/self/status]	VmSwap:	       0 kB
20220314 061906.416 INFO             PET1 PIOc_freedecomp Exit - MemInfo: [/proc/self/status]	VmRSSPercent: 0.0306776 %
20220314 061906.416 INFO             PET1 PIOc_freedecomp Exit - MemInfo: [malloc] Non-mmapped space allocated:                 3588096 Byte
20220314 061906.416 INFO             PET1 PIOc_freedecomp Exit - MemInfo: [malloc] Space allocated in mmapped regions:          1581056 Byte
20220314 061906.416 INFO             PET1 PIOc_freedecomp Exit - MemInfo: [malloc] Maximum total allocated space:                     0 Byte
20220314 061906.416 INFO             PET1 PIOc_freedecomp Exit - MemInfo: [malloc] Space in freed fastbin blocks:                  2048 Byte
20220314 061906.416 INFO             PET1 PIOc_freedecomp Exit - MemInfo: [malloc] Total allocated space:                       2968944 Byte
20220314 061906.416 INFO             PET1 PIOc_freedecomp Exit - MemInfo: [malloc] Total free space:                             619152 Byte
20220314 061906.416 INFO             PET1 PIOc_freedecomp Exit - MemInfo: [malloc] Top-most, releasable space:                   374624 Byte
20220314 061906.416 INFO             PET1 PIOc_freedecomp Exit - MemInfo: [malloc] Total space in use, mmap + non-mmap:         4550000 Byte
20220314 061906.416 INFO             PET1 PIOc_freedecomp Exit - MemInfo: [malloc] Total space held (mmap + non-mmap):          5169152 Byte
20220314 061906.416 INFO             PET1 PIOc_freedecomp Exit - MemInfo: [malloc] Total space used (mmap + non-mmap):          4559328 Byte
20220314 061906.416 INFO             PET1 PIOc_freedecomp Exit - MemInfo: Wall-clock time since execution start:              0.0230783 seconds
20220314 061906.420 INFO             PET1 PIOc_sync Enter - MemInfo: [/proc/meminfo - SSI]	MemTotal:       65507008 kB
20220314 061906.420 INFO             PET1 PIOc_sync Enter - MemInfo: [/proc/meminfo - SSI]	MemFree:        49521636 kB
20220314 061906.420 INFO             PET1 PIOc_sync Enter - MemInfo: [/proc/meminfo - SSI]	MemAvailable:   49286576 kB
20220314 061906.420 INFO             PET1 PIOc_sync Enter - MemInfo: [/proc/meminfo - SSI]	Committed_AS:   13119576 kB
20220314 061906.420 INFO             PET1 PIOc_sync Enter - MemInfo: [/proc/meminfo - SSI]	CommittedPercent: 20.0277 %
20220314 061906.420 INFO             PET1 PIOc_sync Enter - MemInfo: [/proc/self/status]	VmPeak:	  500100 kB
20220314 061906.420 INFO             PET1 PIOc_sync Enter - MemInfo: [/proc/self/status]	VmSize:	  500100 kB
20220314 061906.420 INFO             PET1 PIOc_sync Enter - MemInfo: [/proc/self/status]	VmLck:	       0 kB
20220314 061906.420 INFO             PET1 PIOc_sync Enter - MemInfo: [/proc/self/status]	VmPin:	       0 kB
20220314 061906.420 INFO             PET1 PIOc_sync Enter - MemInfo: [/proc/self/status]	VmHWM:	   64564 kB
20220314 061906.420 INFO             PET1 PIOc_sync Enter - MemInfo: [/proc/self/status]	VmRSS:	   20104 kB
20220314 061906.420 INFO             PET1 PIOc_sync Enter - MemInfo: [/proc/self/status]	VmData:	   15560 kB
20220314 061906.421 INFO             PET1 PIOc_sync Enter - MemInfo: [/proc/self/status]	VmStk:	     148 kB
20220314 061906.421 INFO             PET1 PIOc_sync Enter - MemInfo: [/proc/self/status]	VmExe:	     192 kB
20220314 061906.421 INFO             PET1 PIOc_sync Enter - MemInfo: [/proc/self/status]	VmLib:	   48536 kB
20220314 061906.421 INFO             PET1 PIOc_sync Enter - MemInfo: [/proc/self/status]	VmPTE:	     724 kB
20220314 061906.421 INFO             PET1 PIOc_sync Enter - MemInfo: [/proc/self/status]	VmPMD:	      12 kB
20220314 061906.421 INFO             PET1 PIOc_sync Enter - MemInfo: [/proc/self/status]	VmSwap:	       0 kB
20220314 061906.421 INFO             PET1 PIOc_sync Enter - MemInfo: [/proc/self/status]	VmRSSPercent: 0.0306898 %
20220314 061906.421 INFO             PET1 PIOc_sync Enter - MemInfo: [malloc] Non-mmapped space allocated:                 3588096 Byte
20220314 061906.421 INFO             PET1 PIOc_sync Enter - MemInfo: [malloc] Space allocated in mmapped regions:          1581056 Byte
20220314 061906.421 INFO             PET1 PIOc_sync Enter - MemInfo: [malloc] Maximum total allocated space:                     0 Byte
20220314 061906.421 INFO             PET1 PIOc_sync Enter - MemInfo: [malloc] Space in freed fastbin blocks:                  2832 Byte
20220314 061906.421 INFO             PET1 PIOc_sync Enter - MemInfo: [malloc] Total allocated space:                       2974064 Byte
20220314 061906.421 INFO             PET1 PIOc_sync Enter - MemInfo: [malloc] Total free space:                             614032 Byte
20220314 061906.421 INFO             PET1 PIOc_sync Enter - MemInfo: [malloc] Top-most, releasable space:                   374624 Byte
20220314 061906.421 INFO             PET1 PIOc_sync Enter - MemInfo: [malloc] Total space in use, mmap + non-mmap:         4555120 Byte
20220314 061906.421 INFO             PET1 PIOc_sync Enter - MemInfo: [malloc] Total space held (mmap + non-mmap):          5169152 Byte
20220314 061906.421 INFO             PET1 PIOc_sync Enter - MemInfo: [malloc] Total space used (mmap + non-mmap):          4564448 Byte
20220314 061906.421 INFO             PET1 PIOc_sync Enter - MemInfo: Wall-clock time since execution start:              0.0276815 seconds
20220314 061906.421 INFO             PET1 PIOc_sync Exit - MemInfo: [/proc/meminfo - SSI]	MemTotal:       65507008 kB
20220314 061906.421 INFO             PET1 PIOc_sync Exit - MemInfo: [/proc/meminfo - SSI]	MemFree:        49521636 kB
20220314 061906.421 INFO             PET1 PIOc_sync Exit - MemInfo: [/proc/meminfo - SSI]	MemAvailable:   49286576 kB
20220314 061906.421 INFO             PET1 PIOc_sync Exit - MemInfo: [/proc/meminfo - SSI]	Committed_AS:   13119576 kB
20220314 061906.421 INFO             PET1 PIOc_sync Exit - MemInfo: [/proc/meminfo - SSI]	CommittedPercent: 20.0277 %
20220314 061906.421 INFO             PET1 PIOc_sync Exit - MemInfo: [/proc/self/status]	VmPeak:	  500100 kB
20220314 061906.421 INFO             PET1 PIOc_sync Exit - MemInfo: [/proc/self/status]	VmSize:	  500100 kB
20220314 061906.421 INFO             PET1 PIOc_sync Exit - MemInfo: [/proc/self/status]	VmLck:	       0 kB
20220314 061906.421 INFO             PET1 PIOc_sync Exit - MemInfo: [/proc/self/status]	VmPin:	       0 kB
20220314 061906.421 INFO             PET1 PIOc_sync Exit - MemInfo: [/proc/self/status]	VmHWM:	   64564 kB
20220314 061906.421 INFO             PET1 PIOc_sync Exit - MemInfo: [/proc/self/status]	VmRSS:	   20104 kB
20220314 061906.421 INFO             PET1 PIOc_sync Exit - MemInfo: [/proc/self/status]	VmData:	   15560 kB
20220314 061906.421 INFO             PET1 PIOc_sync Exit - MemInfo: [/proc/self/status]	VmStk:	     148 kB
20220314 061906.421 INFO             PET1 PIOc_sync Exit - MemInfo: [/proc/self/status]	VmExe:	     192 kB
20220314 061906.421 INFO             PET1 PIOc_sync Exit - MemInfo: [/proc/self/status]	VmLib:	   48536 kB
20220314 061906.421 INFO             PET1 PIOc_sync Exit - MemInfo: [/proc/self/status]	VmPTE:	     724 kB
20220314 061906.421 INFO             PET1 PIOc_sync Exit - MemInfo: [/proc/self/status]	VmPMD:	      12 kB
20220314 061906.421 INFO             PET1 PIOc_sync Exit - MemInfo: [/proc/self/status]	VmSwap:	       0 kB
20220314 061906.421 INFO             PET1 PIOc_sync Exit - MemInfo: [/proc/self/status]	VmRSSPercent: 0.0306898 %
20220314 061906.421 INFO             PET1 PIOc_sync Exit - MemInfo: [malloc] Non-mmapped space allocated:                 3588096 Byte
20220314 061906.421 INFO             PET1 PIOc_sync Exit - MemInfo: [malloc] Space allocated in mmapped regions:          1581056 Byte
20220314 061906.421 INFO             PET1 PIOc_sync Exit - MemInfo: [malloc] Maximum total allocated space:                     0 Byte
20220314 061906.421 INFO             PET1 PIOc_sync Exit - MemInfo: [malloc] Space in freed fastbin blocks:                  1408 Byte
20220314 061906.421 INFO             PET1 PIOc_sync Exit - MemInfo: [malloc] Total allocated space:                       2973760 Byte
20220314 061906.421 INFO             PET1 PIOc_sync Exit - MemInfo: [malloc] Total free space:                             614336 Byte
20220314 061906.421 INFO             PET1 PIOc_sync Exit - MemInfo: [malloc] Top-most, releasable space:                   374624 Byte
20220314 061906.421 INFO             PET1 PIOc_sync Exit - MemInfo: [malloc] Total space in use, mmap + non-mmap:         4554816 Byte
20220314 061906.421 INFO             PET1 PIOc_sync Exit - MemInfo: [malloc] Total space held (mmap + non-mmap):          5169152 Byte
20220314 061906.421 INFO             PET1 PIOc_sync Exit - MemInfo: [malloc] Total space used (mmap + non-mmap):          4564144 Byte
20220314 061906.421 INFO             PET1 PIOc_sync Exit - MemInfo: Wall-clock time since execution start:               0.028104 seconds
20220314 061906.421 INFO             PET1 PIOc_freedecomp Enter - MemInfo: [/proc/meminfo - SSI]	MemTotal:       65507008 kB
20220314 061906.421 INFO             PET1 PIOc_freedecomp Enter - MemInfo: [/proc/meminfo - SSI]	MemFree:        49521636 kB
20220314 061906.421 INFO             PET1 PIOc_freedecomp Enter - MemInfo: [/proc/meminfo - SSI]	MemAvailable:   49286576 kB
20220314 061906.421 INFO             PET1 PIOc_freedecomp Enter - MemInfo: [/proc/meminfo - SSI]	Committed_AS:   13119576 kB
20220314 061906.421 INFO             PET1 PIOc_freedecomp Enter - MemInfo: [/proc/meminfo - SSI]	CommittedPercent: 20.0277 %
20220314 061906.421 INFO             PET1 PIOc_freedecomp Enter - MemInfo: [/proc/self/status]	VmPeak:	  500100 kB
20220314 061906.421 INFO             PET1 PIOc_freedecomp Enter - MemInfo: [/proc/self/status]	VmSize:	  500100 kB
20220314 061906.421 INFO             PET1 PIOc_freedecomp Enter - MemInfo: [/proc/self/status]	VmLck:	       0 kB
20220314 061906.421 INFO             PET1 PIOc_freedecomp Enter - MemInfo: [/proc/self/status]	VmPin:	       0 kB
20220314 061906.421 INFO             PET1 PIOc_freedecomp Enter - MemInfo: [/proc/self/status]	VmHWM:	   64564 kB
20220314 061906.421 INFO             PET1 PIOc_freedecomp Enter - MemInfo: [/proc/self/status]	VmRSS:	   20104 kB
20220314 061906.421 INFO             PET1 PIOc_freedecomp Enter - MemInfo: [/proc/self/status]	VmData:	   15560 kB
20220314 061906.421 INFO             PET1 PIOc_freedecomp Enter - MemInfo: [/proc/self/status]	VmStk:	     148 kB
20220314 061906.421 INFO             PET1 PIOc_freedecomp Enter - MemInfo: [/proc/self/status]	VmExe:	     192 kB
20220314 061906.421 INFO             PET1 PIOc_freedecomp Enter - MemInfo: [/proc/self/status]	VmLib:	   48536 kB
20220314 061906.421 INFO             PET1 PIOc_freedecomp Enter - MemInfo: [/proc/self/status]	VmPTE:	     724 kB
20220314 061906.421 INFO             PET1 PIOc_freedecomp Enter - MemInfo: [/proc/self/status]	VmPMD:	      12 kB
20220314 061906.421 INFO             PET1 PIOc_freedecomp Enter - MemInfo: [/proc/self/status]	VmSwap:	       0 kB
20220314 061906.421 INFO             PET1 PIOc_freedecomp Enter - MemInfo: [/proc/self/status]	VmRSSPercent: 0.0306898 %
20220314 061906.421 INFO             PET1 PIOc_freedecomp Enter - MemInfo: [malloc] Non-mmapped space allocated:                 3588096 Byte
20220314 061906.421 INFO             PET1 PIOc_freedecomp Enter - MemInfo: [malloc] Space allocated in mmapped regions:          1581056 Byte
20220314 061906.421 INFO             PET1 PIOc_freedecomp Enter - MemInfo: [malloc] Maximum total allocated space:                     0 Byte
20220314 061906.421 INFO             PET1 PIOc_freedecomp Enter - MemInfo: [malloc] Space in freed fastbin blocks:                  1584 Byte
20220314 061906.421 INFO             PET1 PIOc_freedecomp Enter - MemInfo: [malloc] Total allocated space:                       2971936 Byte
20220314 061906.421 INFO             PET1 PIOc_freedecomp Enter - MemInfo: [malloc] Total free space:                             616160 Byte
20220314 061906.421 INFO             PET1 PIOc_freedecomp Enter - MemInfo: [malloc] Top-most, releasable space:                   374624 Byte
20220314 061906.421 INFO             PET1 PIOc_freedecomp Enter - MemInfo: [malloc] Total space in use, mmap + non-mmap:         4552992 Byte
20220314 061906.421 INFO             PET1 PIOc_freedecomp Enter - MemInfo: [malloc] Total space held (mmap + non-mmap):          5169152 Byte
20220314 061906.421 INFO             PET1 PIOc_freedecomp Enter - MemInfo: [malloc] Total space used (mmap + non-mmap):          4562320 Byte
20220314 061906.421 INFO             PET1 PIOc_freedecomp Enter - MemInfo: Wall-clock time since execution start:              0.0284792 seconds
20220314 061906.422 INFO             PET1 PIOc_freedecomp Exit - MemInfo: [/proc/meminfo - SSI]	MemTotal:       65507008 kB
20220314 061906.422 INFO             PET1 PIOc_freedecomp Exit - MemInfo: [/proc/meminfo - SSI]	MemFree:        49521636 kB
20220314 061906.422 INFO             PET1 PIOc_freedecomp Exit - MemInfo: [/proc/meminfo - SSI]	MemAvailable:   49286576 kB
20220314 061906.422 INFO             PET1 PIOc_freedecomp Exit - MemInfo: [/proc/meminfo - SSI]	Committed_AS:   13119576 kB
20220314 061906.422 INFO             PET1 PIOc_freedecomp Exit - MemInfo: [/proc/meminfo - SSI]	CommittedPercent: 20.0277 %
20220314 061906.422 INFO             PET1 PIOc_freedecomp Exit - MemInfo: [/proc/self/status]	VmPeak:	  500100 kB
20220314 061906.422 INFO             PET1 PIOc_freedecomp Exit - MemInfo: [/proc/self/status]	VmSize:	  500100 kB
20220314 061906.422 INFO             PET1 PIOc_freedecomp Exit - MemInfo: [/proc/self/status]	VmLck:	       0 kB
20220314 061906.422 INFO             PET1 PIOc_freedecomp Exit - MemInfo: [/proc/self/status]	VmPin:	       0 kB
20220314 061906.422 INFO             PET1 PIOc_freedecomp Exit - MemInfo: [/proc/self/status]	VmHWM:	   64564 kB
20220314 061906.422 INFO             PET1 PIOc_freedecomp Exit - MemInfo: [/proc/self/status]	VmRSS:	   20104 kB
20220314 061906.422 INFO             PET1 PIOc_freedecomp Exit - MemInfo: [/proc/self/status]	VmData:	   15560 kB
20220314 061906.422 INFO             PET1 PIOc_freedecomp Exit - MemInfo: [/proc/self/status]	VmStk:	     148 kB
20220314 061906.422 INFO             PET1 PIOc_freedecomp Exit - MemInfo: [/proc/self/status]	VmExe:	     192 kB
20220314 061906.422 INFO             PET1 PIOc_freedecomp Exit - MemInfo: [/proc/self/status]	VmLib:	   48536 kB
20220314 061906.422 INFO             PET1 PIOc_freedecomp Exit - MemInfo: [/proc/self/status]	VmPTE:	     724 kB
20220314 061906.422 INFO             PET1 PIOc_freedecomp Exit - MemInfo: [/proc/self/status]	VmPMD:	      12 kB
20220314 061906.422 INFO             PET1 PIOc_freedecomp Exit - MemInfo: [/proc/self/status]	VmSwap:	       0 kB
20220314 061906.422 INFO             PET1 PIOc_freedecomp Exit - MemInfo: [/proc/self/status]	VmRSSPercent: 0.0306898 %
20220314 061906.422 INFO             PET1 PIOc_freedecomp Exit - MemInfo: [malloc] Non-mmapped space allocated:                 3588096 Byte
20220314 061906.422 INFO             PET1 PIOc_freedecomp Exit - MemInfo: [malloc] Space allocated in mmapped regions:          1581056 Byte
20220314 061906.422 INFO             PET1 PIOc_freedecomp Exit - MemInfo: [malloc] Maximum total allocated space:                     0 Byte
20220314 061906.422 INFO             PET1 PIOc_freedecomp Exit - MemInfo: [malloc] Space in freed fastbin blocks:                  2080 Byte
20220314 061906.422 INFO             PET1 PIOc_freedecomp Exit - MemInfo: [malloc] Total allocated space:                       2968976 Byte
20220314 061906.422 INFO             PET1 PIOc_freedecomp Exit - MemInfo: [malloc] Total free space:                             619120 Byte
20220314 061906.422 INFO             PET1 PIOc_freedecomp Exit - MemInfo: [malloc] Top-most, releasable space:                   374624 Byte
20220314 061906.422 INFO             PET1 PIOc_freedecomp Exit - MemInfo: [malloc] Total space in use, mmap + non-mmap:         4550032 Byte
20220314 061906.422 INFO             PET1 PIOc_freedecomp Exit - MemInfo: [malloc] Total space held (mmap + non-mmap):          5169152 Byte
20220314 061906.422 INFO             PET1 PIOc_freedecomp Exit - MemInfo: [malloc] Total space used (mmap + non-mmap):          4559376 Byte
20220314 061906.422 INFO             PET1 PIOc_freedecomp Exit - MemInfo: Wall-clock time since execution start:              0.0288144 seconds
20220314 061906.423 INFO             PET1 PIOc_sync Enter - MemInfo: [/proc/meminfo - SSI]	MemTotal:       65507008 kB
20220314 061906.423 INFO             PET1 PIOc_sync Enter - MemInfo: [/proc/meminfo - SSI]	MemFree:        49521132 kB
20220314 061906.423 INFO             PET1 PIOc_sync Enter - MemInfo: [/proc/meminfo - SSI]	MemAvailable:   49286072 kB
20220314 061906.423 INFO             PET1 PIOc_sync Enter - MemInfo: [/proc/meminfo - SSI]	Committed_AS:   13119576 kB
20220314 061906.423 INFO             PET1 PIOc_sync Enter - MemInfo: [/proc/meminfo - SSI]	CommittedPercent: 20.0277 %
20220314 061906.423 INFO             PET1 PIOc_sync Enter - MemInfo: [/proc/self/status]	VmPeak:	  500100 kB
20220314 061906.423 INFO             PET1 PIOc_sync Enter - MemInfo: [/proc/self/status]	VmSize:	  500100 kB
20220314 061906.423 INFO             PET1 PIOc_sync Enter - MemInfo: [/proc/self/status]	VmLck:	       0 kB
20220314 061906.423 INFO             PET1 PIOc_sync Enter - MemInfo: [/proc/self/status]	VmPin:	       0 kB
20220314 061906.423 INFO             PET1 PIOc_sync Enter - MemInfo: [/proc/self/status]	VmHWM:	   64564 kB
20220314 061906.423 INFO             PET1 PIOc_sync Enter - MemInfo: [/proc/self/status]	VmRSS:	   20104 kB
20220314 061906.423 INFO             PET1 PIOc_sync Enter - MemInfo: [/proc/self/status]	VmData:	   15560 kB
20220314 061906.423 INFO             PET1 PIOc_sync Enter - MemInfo: [/proc/self/status]	VmStk:	     148 kB
20220314 061906.423 INFO             PET1 PIOc_sync Enter - MemInfo: [/proc/self/status]	VmExe:	     192 kB
20220314 061906.423 INFO             PET1 PIOc_sync Enter - MemInfo: [/proc/self/status]	VmLib:	   48536 kB
20220314 061906.423 INFO             PET1 PIOc_sync Enter - MemInfo: [/proc/self/status]	VmPTE:	     724 kB
20220314 061906.423 INFO             PET1 PIOc_sync Enter - MemInfo: [/proc/self/status]	VmPMD:	      12 kB
20220314 061906.423 INFO             PET1 PIOc_sync Enter - MemInfo: [/proc/self/status]	VmSwap:	       0 kB
20220314 061906.423 INFO             PET1 PIOc_sync Enter - MemInfo: [/proc/self/status]	VmRSSPercent: 0.0306898 %
20220314 061906.423 INFO             PET1 PIOc_sync Enter - MemInfo: [malloc] Non-mmapped space allocated:                 3588096 Byte
20220314 061906.423 INFO             PET1 PIOc_sync Enter - MemInfo: [malloc] Space allocated in mmapped regions:          1581056 Byte
20220314 061906.423 INFO             PET1 PIOc_sync Enter - MemInfo: [malloc] Maximum total allocated space:                     0 Byte
20220314 061906.423 INFO             PET1 PIOc_sync Enter - MemInfo: [malloc] Space in freed fastbin blocks:                  2832 Byte
20220314 061906.423 INFO             PET1 PIOc_sync Enter - MemInfo: [malloc] Total allocated space:                       2974144 Byte
20220314 061906.423 INFO             PET1 PIOc_sync Enter - MemInfo: [malloc] Total free space:                             613952 Byte
20220314 061906.423 INFO             PET1 PIOc_sync Enter - MemInfo: [malloc] Top-most, releasable space:                   374624 Byte
20220314 061906.423 INFO             PET1 PIOc_sync Enter - MemInfo: [malloc] Total space in use, mmap + non-mmap:         4555200 Byte
20220314 061906.423 INFO             PET1 PIOc_sync Enter - MemInfo: [malloc] Total space held (mmap + non-mmap):          5169152 Byte
20220314 061906.423 INFO             PET1 PIOc_sync Enter - MemInfo: [malloc] Total space used (mmap + non-mmap):          4564528 Byte
20220314 061906.423 INFO             PET1 PIOc_sync Enter - MemInfo: Wall-clock time since execution start:              0.0300975 seconds
20220314 061906.425 INFO             PET1 PIOc_sync Exit - MemInfo: [/proc/meminfo - SSI]	MemTotal:       65507008 kB
20220314 061906.425 INFO             PET1 PIOc_sync Exit - MemInfo: [/proc/meminfo - SSI]	MemFree:        49521132 kB
20220314 061906.425 INFO             PET1 PIOc_sync Exit - MemInfo: [/proc/meminfo - SSI]	MemAvailable:   49286072 kB
20220314 061906.425 INFO             PET1 PIOc_sync Exit - MemInfo: [/proc/meminfo - SSI]	Committed_AS:   13119576 kB
20220314 061906.425 INFO             PET1 PIOc_sync Exit - MemInfo: [/proc/meminfo - SSI]	CommittedPercent: 20.0277 %
20220314 061906.425 INFO             PET1 PIOc_sync Exit - MemInfo: [/proc/self/status]	VmPeak:	  500100 kB
20220314 061906.425 INFO             PET1 PIOc_sync Exit - MemInfo: [/proc/self/status]	VmSize:	  500100 kB
20220314 061906.425 INFO             PET1 PIOc_sync Exit - MemInfo: [/proc/self/status]	VmLck:	       0 kB
20220314 061906.425 INFO             PET1 PIOc_sync Exit - MemInfo: [/proc/self/status]	VmPin:	       0 kB
20220314 061906.425 INFO             PET1 PIOc_sync Exit - MemInfo: [/proc/self/status]	VmHWM:	   64564 kB
20220314 061906.425 INFO             PET1 PIOc_sync Exit - MemInfo: [/proc/self/status]	VmRSS:	   20104 kB
20220314 061906.425 INFO             PET1 PIOc_sync Exit - MemInfo: [/proc/self/status]	VmData:	   15560 kB
20220314 061906.425 INFO             PET1 PIOc_sync Exit - MemInfo: [/proc/self/status]	VmStk:	     148 kB
20220314 061906.425 INFO             PET1 PIOc_sync Exit - MemInfo: [/proc/self/status]	VmExe:	     192 kB
20220314 061906.425 INFO             PET1 PIOc_sync Exit - MemInfo: [/proc/self/status]	VmLib:	   48536 kB
20220314 061906.425 INFO             PET1 PIOc_sync Exit - MemInfo: [/proc/self/status]	VmPTE:	     724 kB
20220314 061906.425 INFO             PET1 PIOc_sync Exit - MemInfo: [/proc/self/status]	VmPMD:	      12 kB
20220314 061906.425 INFO             PET1 PIOc_sync Exit - MemInfo: [/proc/self/status]	VmSwap:	       0 kB
20220314 061906.425 INFO             PET1 PIOc_sync Exit - MemInfo: [/proc/self/status]	VmRSSPercent: 0.0306898 %
20220314 061906.425 INFO             PET1 PIOc_sync Exit - MemInfo: [malloc] Non-mmapped space allocated:                 3588096 Byte
20220314 061906.425 INFO             PET1 PIOc_sync Exit - MemInfo: [malloc] Space allocated in mmapped regions:          1581056 Byte
20220314 061906.425 INFO             PET1 PIOc_sync Exit - MemInfo: [malloc] Maximum total allocated space:                     0 Byte
20220314 061906.425 INFO             PET1 PIOc_sync Exit - MemInfo: [malloc] Space in freed fastbin blocks:                  1296 Byte
20220314 061906.425 INFO             PET1 PIOc_sync Exit - MemInfo: [malloc] Total allocated space:                       2973840 Byte
20220314 061906.425 INFO             PET1 PIOc_sync Exit - MemInfo: [malloc] Total free space:                             614256 Byte
20220314 061906.425 INFO             PET1 PIOc_sync Exit - MemInfo: [malloc] Top-most, releasable space:                   374624 Byte
20220314 061906.425 INFO             PET1 PIOc_sync Exit - MemInfo: [malloc] Total space in use, mmap + non-mmap:         4554896 Byte
20220314 061906.425 INFO             PET1 PIOc_sync Exit - MemInfo: [malloc] Total space held (mmap + non-mmap):          5169152 Byte
20220314 061906.425 INFO             PET1 PIOc_sync Exit - MemInfo: [malloc] Total space used (mmap + non-mmap):          4564224 Byte
20220314 061906.425 INFO             PET1 PIOc_sync Exit - MemInfo: Wall-clock time since execution start:              0.0324865 seconds
20220314 061906.426 INFO             PET1 PIOc_freedecomp Enter - MemInfo: [/proc/meminfo - SSI]	MemTotal:       65507008 kB
20220314 061906.426 INFO             PET1 PIOc_freedecomp Enter - MemInfo: [/proc/meminfo - SSI]	MemFree:        49521132 kB
20220314 061906.426 INFO             PET1 PIOc_freedecomp Enter - MemInfo: [/proc/meminfo - SSI]	MemAvailable:   49286072 kB
20220314 061906.426 INFO             PET1 PIOc_freedecomp Enter - MemInfo: [/proc/meminfo - SSI]	Committed_AS:   13119576 kB
20220314 061906.426 INFO             PET1 PIOc_freedecomp Enter - MemInfo: [/proc/meminfo - SSI]	CommittedPercent: 20.0277 %
20220314 061906.426 INFO             PET1 PIOc_freedecomp Enter - MemInfo: [/proc/self/status]	VmPeak:	  500100 kB
20220314 061906.426 INFO             PET1 PIOc_freedecomp Enter - MemInfo: [/proc/self/status]	VmSize:	  500100 kB
20220314 061906.426 INFO             PET1 PIOc_freedecomp Enter - MemInfo: [/proc/self/status]	VmLck:	       0 kB
20220314 061906.426 INFO             PET1 PIOc_freedecomp Enter - MemInfo: [/proc/self/status]	VmPin:	       0 kB
20220314 061906.426 INFO             PET1 PIOc_freedecomp Enter - MemInfo: [/proc/self/status]	VmHWM:	   64564 kB
20220314 061906.426 INFO             PET1 PIOc_freedecomp Enter - MemInfo: [/proc/self/status]	VmRSS:	   20104 kB
20220314 061906.426 INFO             PET1 PIOc_freedecomp Enter - MemInfo: [/proc/self/status]	VmData:	   15560 kB
20220314 061906.426 INFO             PET1 PIOc_freedecomp Enter - MemInfo: [/proc/self/status]	VmStk:	     148 kB
20220314 061906.426 INFO             PET1 PIOc_freedecomp Enter - MemInfo: [/proc/self/status]	VmExe:	     192 kB
20220314 061906.426 INFO             PET1 PIOc_freedecomp Enter - MemInfo: [/proc/self/status]	VmLib:	   48536 kB
20220314 061906.426 INFO             PET1 PIOc_freedecomp Enter - MemInfo: [/proc/self/status]	VmPTE:	     724 kB
20220314 061906.426 INFO             PET1 PIOc_freedecomp Enter - MemInfo: [/proc/self/status]	VmPMD:	      12 kB
20220314 061906.426 INFO             PET1 PIOc_freedecomp Enter - MemInfo: [/proc/self/status]	VmSwap:	       0 kB
20220314 061906.426 INFO             PET1 PIOc_freedecomp Enter - MemInfo: [/proc/self/status]	VmRSSPercent: 0.0306898 %
20220314 061906.426 INFO             PET1 PIOc_freedecomp Enter - MemInfo: [malloc] Non-mmapped space allocated:                 3588096 Byte
20220314 061906.426 INFO             PET1 PIOc_freedecomp Enter - MemInfo: [malloc] Space allocated in mmapped regions:          1581056 Byte
20220314 061906.426 INFO             PET1 PIOc_freedecomp Enter - MemInfo: [malloc] Maximum total allocated space:                     0 Byte
20220314 061906.426 INFO             PET1 PIOc_freedecomp Enter - MemInfo: [malloc] Space in freed fastbin blocks:                  1712 Byte
20220314 061906.426 INFO             PET1 PIOc_freedecomp Enter - MemInfo: [malloc] Total allocated space:                       2971872 Byte
20220314 061906.426 INFO             PET1 PIOc_freedecomp Enter - MemInfo: [malloc] Total free space:                             616224 Byte
20220314 061906.426 INFO             PET1 PIOc_freedecomp Enter - MemInfo: [malloc] Top-most, releasable space:                   374624 Byte
20220314 061906.426 INFO             PET1 PIOc_freedecomp Enter - MemInfo: [malloc] Total space in use, mmap + non-mmap:         4552928 Byte
20220314 061906.426 INFO             PET1 PIOc_freedecomp Enter - MemInfo: [malloc] Total space held (mmap + non-mmap):          5169152 Byte
20220314 061906.426 INFO             PET1 PIOc_freedecomp Enter - MemInfo: [malloc] Total space used (mmap + non-mmap):          4562256 Byte
20220314 061906.426 INFO             PET1 PIOc_freedecomp Enter - MemInfo: Wall-clock time since execution start:              0.0329269 seconds
20220314 061906.426 INFO             PET1 PIOc_freedecomp Exit - MemInfo: [/proc/meminfo - SSI]	MemTotal:       65507008 kB
20220314 061906.426 INFO             PET1 PIOc_freedecomp Exit - MemInfo: [/proc/meminfo - SSI]	MemFree:        49521132 kB
20220314 061906.426 INFO             PET1 PIOc_freedecomp Exit - MemInfo: [/proc/meminfo - SSI]	MemAvailable:   49286072 kB
20220314 061906.426 INFO             PET1 PIOc_freedecomp Exit - MemInfo: [/proc/meminfo - SSI]	Committed_AS:   13119576 kB
20220314 061906.426 INFO             PET1 PIOc_freedecomp Exit - MemInfo: [/proc/meminfo - SSI]	CommittedPercent: 20.0277 %
20220314 061906.426 INFO             PET1 PIOc_freedecomp Exit - MemInfo: [/proc/self/status]	VmPeak:	  500100 kB
20220314 061906.426 INFO             PET1 PIOc_freedecomp Exit - MemInfo: [/proc/self/status]	VmSize:	  500100 kB
20220314 061906.426 INFO             PET1 PIOc_freedecomp Exit - MemInfo: [/proc/self/status]	VmLck:	       0 kB
20220314 061906.426 INFO             PET1 PIOc_freedecomp Exit - MemInfo: [/proc/self/status]	VmPin:	       0 kB
20220314 061906.426 INFO             PET1 PIOc_freedecomp Exit - MemInfo: [/proc/self/status]	VmHWM:	   64564 kB
20220314 061906.426 INFO             PET1 PIOc_freedecomp Exit - MemInfo: [/proc/self/status]	VmRSS:	   20104 kB
20220314 061906.426 INFO             PET1 PIOc_freedecomp Exit - MemInfo: [/proc/self/status]	VmData:	   15560 kB
20220314 061906.426 INFO             PET1 PIOc_freedecomp Exit - MemInfo: [/proc/self/status]	VmStk:	     148 kB
20220314 061906.426 INFO             PET1 PIOc_freedecomp Exit - MemInfo: [/proc/self/status]	VmExe:	     192 kB
20220314 061906.426 INFO             PET1 PIOc_freedecomp Exit - MemInfo: [/proc/self/status]	VmLib:	   48536 kB
20220314 061906.426 INFO             PET1 PIOc_freedecomp Exit - MemInfo: [/proc/self/status]	VmPTE:	     724 kB
20220314 061906.426 INFO             PET1 PIOc_freedecomp Exit - MemInfo: [/proc/self/status]	VmPMD:	      12 kB
20220314 061906.426 INFO             PET1 PIOc_freedecomp Exit - MemInfo: [/proc/self/status]	VmSwap:	       0 kB
20220314 061906.426 INFO             PET1 PIOc_freedecomp Exit - MemInfo: [/proc/self/status]	VmRSSPercent: 0.0306898 %
20220314 061906.426 INFO             PET1 PIOc_freedecomp Exit - MemInfo: [malloc] Non-mmapped space allocated:                 3588096 Byte
20220314 061906.426 INFO             PET1 PIOc_freedecomp Exit - MemInfo: [malloc] Space allocated in mmapped regions:          1581056 Byte
20220314 061906.426 INFO             PET1 PIOc_freedecomp Exit - MemInfo: [malloc] Maximum total allocated space:                     0 Byte
20220314 061906.426 INFO             PET1 PIOc_freedecomp Exit - MemInfo: [malloc] Space in freed fastbin blocks:                  2064 Byte
20220314 061906.426 INFO             PET1 PIOc_freedecomp Exit - MemInfo: [malloc] Total allocated space:                       2968928 Byte
20220314 061906.426 INFO             PET1 PIOc_freedecomp Exit - MemInfo: [malloc] Total free space:                             619168 Byte
20220314 061906.426 INFO             PET1 PIOc_freedecomp Exit - MemInfo: [malloc] Top-most, releasable space:                   374624 Byte
20220314 061906.426 INFO             PET1 PIOc_freedecomp Exit - MemInfo: [malloc] Total space in use, mmap + non-mmap:         4549984 Byte
20220314 061906.426 INFO             PET1 PIOc_freedecomp Exit - MemInfo: [malloc] Total space held (mmap + non-mmap):          5169152 Byte
20220314 061906.426 INFO             PET1 PIOc_freedecomp Exit - MemInfo: [malloc] Total space used (mmap + non-mmap):          4559312 Byte
20220314 061906.426 INFO             PET1 PIOc_freedecomp Exit - MemInfo: Wall-clock time since execution start:              0.0332742 seconds
20220314 061906.426 INFO             PET1 PASS ESMC_FieldRegridStoreFile test, ESMC_FieldSMMFromFileUTest.C, line 199
20220314 061906.434 INFO             PET1 PASS ESMC_FieldSMMStore from File test, ESMC_FieldSMMFromFileUTest.C, line 229
20220314 061906.434 INFO             PET1 PASS ESMC_FieldSMMStore From File validation, ESMC_FieldSMMFromFileUTest.C, line 257
20220314 061906.434 INFO             PET1 PASS ESMC_FieldRegridRelease, ESMC_FieldSMMFromFileUTest.C, line 271
20220314 061906.434 INFO             PET1 Ending Test, file ESMC_FieldSMMFromFileUTest.C, line 289
20220314 061906.434 INFO             PET1 Finalizing ESMF
20220314 061906.394 INFO             PET2 !!!!!!!!!!!!!!!!!!!!!!!!!!!!!!!!!!!!!!!!!!!!!!!!!!!!!!
20220314 061906.394 INFO             PET2 !!! THE ESMF_LOG IS SET TO OUTPUT ALL LOG MESSAGES !!!
20220314 061906.394 INFO             PET2 !!!     THIS MAY CAUSE SLOWDOWN IN PERFORMANCE     !!!
20220314 061906.394 INFO             PET2 !!! FOR PRODUCTION RUNS, USE:                      !!!
20220314 061906.394 INFO             PET2 !!!                   ESMF_LOGKIND_Multi_On_Error  !!!
20220314 061906.394 INFO             PET2 !!!!!!!!!!!!!!!!!!!!!!!!!!!!!!!!!!!!!!!!!!!!!!!!!!!!!!
20220314 061906.394 INFO             PET2 Running with ESMF Version   : v8.3.0b09-96-g559b459836
20220314 061906.394 INFO             PET2 ESMF library build date/time: "Mar 14 2022" "06:02:50"
20220314 061906.394 INFO             PET2 ESMF library build location : /glade/scratch/rlong/esmf-testing/gfortran_10.1.0_openmpi_O_jedwards_pio_update2
20220314 061906.394 INFO             PET2 ESMF_COMM                   : openmpi
20220314 061906.394 INFO             PET2 ESMF_MOAB                   : enabled
20220314 061906.394 INFO             PET2 ESMF_LAPACK                 : enabled
20220314 061906.394 INFO             PET2 ESMF_NETCDF                 : enabled
20220314 061906.394 INFO             PET2 ESMF_PNETCDF                : disabled
20220314 061906.394 INFO             PET2 ESMF_PIO                    : enabled
20220314 061906.394 INFO             PET2 ESMF_YAMLCPP                : enabled
20220314 061906.394 INFO             PET2 Beginning Test, file ESMC_FieldSMMFromFileUTest.C, line 41
20220314 061906.394 INFO             PET2 Beginning Test, file ESMC_FieldSMMFromFileUTest.C, line 41NUMBER_OF_PROCESSORS 4
20220314 061906.411 INFO             PET2 PIOc_sync Enter - MemInfo: [/proc/meminfo - SSI]	MemTotal:       65507008 kB
20220314 061906.411 INFO             PET2 PIOc_sync Enter - MemInfo: [/proc/meminfo - SSI]	MemFree:        49514580 kB
20220314 061906.411 INFO             PET2 PIOc_sync Enter - MemInfo: [/proc/meminfo - SSI]	MemAvailable:   49279520 kB
20220314 061906.411 INFO             PET2 PIOc_sync Enter - MemInfo: [/proc/meminfo - SSI]	Committed_AS:   13119616 kB
20220314 061906.411 INFO             PET2 PIOc_sync Enter - MemInfo: [/proc/meminfo - SSI]	CommittedPercent: 20.0278 %
20220314 061906.412 INFO             PET2 PIOc_sync Enter - MemInfo: [/proc/self/status]	VmPeak:	  500100 kB
20220314 061906.412 INFO             PET2 PIOc_sync Enter - MemInfo: [/proc/self/status]	VmSize:	  500100 kB
20220314 061906.412 INFO             PET2 PIOc_sync Enter - MemInfo: [/proc/self/status]	VmLck:	       0 kB
20220314 061906.412 INFO             PET2 PIOc_sync Enter - MemInfo: [/proc/self/status]	VmPin:	       0 kB
20220314 061906.412 INFO             PET2 PIOc_sync Enter - MemInfo: [/proc/self/status]	VmHWM:	   64544 kB
20220314 061906.412 INFO             PET2 PIOc_sync Enter - MemInfo: [/proc/self/status]	VmRSS:	   20016 kB
20220314 061906.412 INFO             PET2 PIOc_sync Enter - MemInfo: [/proc/self/status]	VmData:	   15560 kB
20220314 061906.412 INFO             PET2 PIOc_sync Enter - MemInfo: [/proc/self/status]	VmStk:	     148 kB
20220314 061906.412 INFO             PET2 PIOc_sync Enter - MemInfo: [/proc/self/status]	VmExe:	     192 kB
20220314 061906.412 INFO             PET2 PIOc_sync Enter - MemInfo: [/proc/self/status]	VmLib:	   48536 kB
20220314 061906.412 INFO             PET2 PIOc_sync Enter - MemInfo: [/proc/self/status]	VmPTE:	     712 kB
20220314 061906.412 INFO             PET2 PIOc_sync Enter - MemInfo: [/proc/self/status]	VmPMD:	      16 kB
20220314 061906.412 INFO             PET2 PIOc_sync Enter - MemInfo: [/proc/self/status]	VmSwap:	       0 kB
20220314 061906.412 INFO             PET2 PIOc_sync Enter - MemInfo: [/proc/self/status]	VmRSSPercent: 0.0305555 %
20220314 061906.412 INFO             PET2 PIOc_sync Enter - MemInfo: [malloc] Non-mmapped space allocated:                 3588096 Byte
20220314 061906.412 INFO             PET2 PIOc_sync Enter - MemInfo: [malloc] Space allocated in mmapped regions:          1581056 Byte
20220314 061906.413 INFO             PET2 PIOc_sync Enter - MemInfo: [malloc] Maximum total allocated space:                     0 Byte
20220314 061906.413 INFO             PET2 PIOc_sync Enter - MemInfo: [malloc] Space in freed fastbin blocks:                  2800 Byte
20220314 061906.413 INFO             PET2 PIOc_sync Enter - MemInfo: [malloc] Total allocated space:                       2974784 Byte
20220314 061906.413 INFO             PET2 PIOc_sync Enter - MemInfo: [malloc] Total free space:                             613312 Byte
20220314 061906.413 INFO             PET2 PIOc_sync Enter - MemInfo: [malloc] Top-most, releasable space:                   374880 Byte
20220314 061906.413 INFO             PET2 PIOc_sync Enter - MemInfo: [malloc] Total space in use, mmap + non-mmap:         4555840 Byte
20220314 061906.413 INFO             PET2 PIOc_sync Enter - MemInfo: [malloc] Total space held (mmap + non-mmap):          5169152 Byte
20220314 061906.413 INFO             PET2 PIOc_sync Enter - MemInfo: [malloc] Total space used (mmap + non-mmap):          4565168 Byte
20220314 061906.413 INFO             PET2 PIOc_sync Enter - MemInfo: Wall-clock time since execution start:              0.0205732 seconds
20220314 061906.414 INFO             PET2 PIOc_sync Exit - MemInfo: [/proc/meminfo - SSI]	MemTotal:       65507008 kB
20220314 061906.414 INFO             PET2 PIOc_sync Exit - MemInfo: [/proc/meminfo - SSI]	MemFree:        49514076 kB
20220314 061906.414 INFO             PET2 PIOc_sync Exit - MemInfo: [/proc/meminfo - SSI]	MemAvailable:   49279016 kB
20220314 061906.414 INFO             PET2 PIOc_sync Exit - MemInfo: [/proc/meminfo - SSI]	Committed_AS:   13119616 kB
20220314 061906.414 INFO             PET2 PIOc_sync Exit - MemInfo: [/proc/meminfo - SSI]	CommittedPercent: 20.0278 %
20220314 061906.414 INFO             PET2 PIOc_sync Exit - MemInfo: [/proc/self/status]	VmPeak:	  500100 kB
20220314 061906.414 INFO             PET2 PIOc_sync Exit - MemInfo: [/proc/self/status]	VmSize:	  500100 kB
20220314 061906.414 INFO             PET2 PIOc_sync Exit - MemInfo: [/proc/self/status]	VmLck:	       0 kB
20220314 061906.414 INFO             PET2 PIOc_sync Exit - MemInfo: [/proc/self/status]	VmPin:	       0 kB
20220314 061906.414 INFO             PET2 PIOc_sync Exit - MemInfo: [/proc/self/status]	VmHWM:	   64544 kB
20220314 061906.414 INFO             PET2 PIOc_sync Exit - MemInfo: [/proc/self/status]	VmRSS:	   20060 kB
