build time -- 2022-03-14 06:04:51.701631
20220314 061743.809 INFO             PET0 !!!!!!!!!!!!!!!!!!!!!!!!!!!!!!!!!!!!!!!!!!!!!!!!!!!!!!
20220314 061743.809 INFO             PET0 !!! THE ESMF_LOG IS SET TO OUTPUT ALL LOG MESSAGES !!!
20220314 061743.809 INFO             PET0 !!!     THIS MAY CAUSE SLOWDOWN IN PERFORMANCE     !!!
20220314 061743.809 INFO             PET0 !!! FOR PRODUCTION RUNS, USE:                      !!!
20220314 061743.809 INFO             PET0 !!!                   ESMF_LOGKIND_Multi_On_Error  !!!
20220314 061743.809 INFO             PET0 !!!!!!!!!!!!!!!!!!!!!!!!!!!!!!!!!!!!!!!!!!!!!!!!!!!!!!
20220314 061743.809 INFO             PET0 Running with ESMF Version   : v8.3.0b09-96-g559b459836
20220314 061743.809 INFO             PET0 ESMF library build date/time: "Mar 14 2022" "06:02:50"
20220314 061743.809 INFO             PET0 ESMF library build location : /glade/scratch/rlong/esmf-testing/gfortran_10.1.0_openmpi_O_jedwards_pio_update2
20220314 061743.809 INFO             PET0 ESMF_COMM                   : openmpi
20220314 061743.809 INFO             PET0 ESMF_MOAB                   : enabled
20220314 061743.809 INFO             PET0 ESMF_LAPACK                 : enabled
20220314 061743.809 INFO             PET0 ESMF_NETCDF                 : enabled
20220314 061743.809 INFO             PET0 ESMF_PNETCDF                : disabled
20220314 061743.809 INFO             PET0 ESMF_PIO                    : enabled
20220314 061743.809 INFO             PET0 ESMF_YAMLCPP                : enabled
20220314 061743.809 INFO             PET0  Beginning Test, file ESMF_IOUTest.F90, line 57
20220314 061743.810 INFO             PET0  NUMBER_OF_PROCESSORS           4
20220314 061743.810 INFO             PET0 Starting Test:  ESMF_OutputWeightFile
20220314 061743.821 INFO             PET0 PIOc_sync Enter - MemInfo: [/proc/meminfo - SSI]	MemTotal:       65507008 kB
20220314 061743.821 INFO             PET0 PIOc_sync Enter - MemInfo: [/proc/meminfo - SSI]	MemFree:        49543308 kB
20220314 061743.821 INFO             PET0 PIOc_sync Enter - MemInfo: [/proc/meminfo - SSI]	MemAvailable:   49304920 kB
20220314 061743.821 INFO             PET0 PIOc_sync Enter - MemInfo: [/proc/meminfo - SSI]	Committed_AS:   13105140 kB
20220314 061743.821 INFO             PET0 PIOc_sync Enter - MemInfo: [/proc/meminfo - SSI]	CommittedPercent: 20.0057 %
20220314 061743.821 INFO             PET0 PIOc_sync Enter - MemInfo: [/proc/self/status]	VmPeak:	  523512 kB
20220314 061743.821 INFO             PET0 PIOc_sync Enter - MemInfo: [/proc/self/status]	VmSize:	  523512 kB
20220314 061743.821 INFO             PET0 PIOc_sync Enter - MemInfo: [/proc/self/status]	VmLck:	       0 kB
20220314 061743.821 INFO             PET0 PIOc_sync Enter - MemInfo: [/proc/self/status]	VmPin:	       0 kB
20220314 061743.821 INFO             PET0 PIOc_sync Enter - MemInfo: [/proc/self/status]	VmHWM:	   64888 kB
20220314 061743.821 INFO             PET0 PIOc_sync Enter - MemInfo: [/proc/self/status]	VmRSS:	   36040 kB
20220314 061743.821 INFO             PET0 PIOc_sync Enter - MemInfo: [/proc/self/status]	VmData:	   32076 kB
20220314 061743.821 INFO             PET0 PIOc_sync Enter - MemInfo: [/proc/self/status]	VmStk:	     148 kB
20220314 061743.821 INFO             PET0 PIOc_sync Enter - MemInfo: [/proc/self/status]	VmExe:	     200 kB
20220314 061743.821 INFO             PET0 PIOc_sync Enter - MemInfo: [/proc/self/status]	VmLib:	   49272 kB
20220314 061743.821 INFO             PET0 PIOc_sync Enter - MemInfo: [/proc/self/status]	VmPTE:	     772 kB
20220314 061743.821 INFO             PET0 PIOc_sync Enter - MemInfo: [/proc/self/status]	VmPMD:	      12 kB
20220314 061743.821 INFO             PET0 PIOc_sync Enter - MemInfo: [/proc/self/status]	VmSwap:	       0 kB
20220314 061743.821 INFO             PET0 PIOc_sync Enter - MemInfo: [/proc/self/status]	VmRSSPercent: 0.055017 %
20220314 061743.821 INFO             PET0 PIOc_sync Enter - MemInfo: [malloc] Non-mmapped space allocated:                 3170304 Byte
20220314 061743.823 INFO             PET0 PIOc_sync Enter - MemInfo: [malloc] Space allocated in mmapped regions:         18890752 Byte
20220314 061743.823 INFO             PET0 PIOc_sync Enter - MemInfo: [malloc] Maximum total allocated space:                     0 Byte
20220314 061743.823 INFO             PET0 PIOc_sync Enter - MemInfo: [malloc] Space in freed fastbin blocks:                  1584 Byte
20220314 061743.823 INFO             PET0 PIOc_sync Enter - MemInfo: [malloc] Total allocated space:                       2640832 Byte
20220314 061743.823 INFO             PET0 PIOc_sync Enter - MemInfo: [malloc] Total free space:                             529472 Byte
20220314 061743.823 INFO             PET0 PIOc_sync Enter - MemInfo: [malloc] Top-most, releasable space:                    36272 Byte
20220314 061743.823 INFO             PET0 PIOc_sync Enter - MemInfo: [malloc] Total space in use, mmap + non-mmap:        21531584 Byte
20220314 061743.823 INFO             PET0 PIOc_sync Enter - MemInfo: [malloc] Total space held (mmap + non-mmap):         22061056 Byte
20220314 061743.823 INFO             PET0 PIOc_sync Enter - MemInfo: [malloc] Total space used (mmap + non-mmap):         21540912 Byte
20220314 061743.823 INFO             PET0 PIOc_sync Enter - MemInfo: Wall-clock time since execution start:              0.0152084 seconds
20220314 061743.826 INFO             PET0 PIOc_sync Exit - MemInfo: [/proc/meminfo - SSI]	MemTotal:       65507008 kB
20220314 061743.826 INFO             PET0 PIOc_sync Exit - MemInfo: [/proc/meminfo - SSI]	MemFree:        49543308 kB
20220314 061743.826 INFO             PET0 PIOc_sync Exit - MemInfo: [/proc/meminfo - SSI]	MemAvailable:   49304920 kB
20220314 061743.826 INFO             PET0 PIOc_sync Exit - MemInfo: [/proc/meminfo - SSI]	Committed_AS:   13105140 kB
20220314 061743.826 INFO             PET0 PIOc_sync Exit - MemInfo: [/proc/meminfo - SSI]	CommittedPercent: 20.0057 %
20220314 061743.826 INFO             PET0 PIOc_sync Exit - MemInfo: [/proc/self/status]	VmPeak:	  523512 kB
20220314 061743.826 INFO             PET0 PIOc_sync Exit - MemInfo: [/proc/self/status]	VmSize:	  523512 kB
20220314 061743.826 INFO             PET0 PIOc_sync Exit - MemInfo: [/proc/self/status]	VmLck:	       0 kB
20220314 061743.826 INFO             PET0 PIOc_sync Exit - MemInfo: [/proc/self/status]	VmPin:	       0 kB
20220314 061743.826 INFO             PET0 PIOc_sync Exit - MemInfo: [/proc/self/status]	VmHWM:	   64888 kB
20220314 061743.826 INFO             PET0 PIOc_sync Exit - MemInfo: [/proc/self/status]	VmRSS:	   36172 kB
20220314 061743.826 INFO             PET0 PIOc_sync Exit - MemInfo: [/proc/self/status]	VmData:	   32076 kB
20220314 061743.826 INFO             PET0 PIOc_sync Exit - MemInfo: [/proc/self/status]	VmStk:	     148 kB
20220314 061743.826 INFO             PET0 PIOc_sync Exit - MemInfo: [/proc/self/status]	VmExe:	     200 kB
20220314 061743.826 INFO             PET0 PIOc_sync Exit - MemInfo: [/proc/self/status]	VmLib:	   49272 kB
20220314 061743.826 INFO             PET0 PIOc_sync Exit - MemInfo: [/proc/self/status]	VmPTE:	     772 kB
20220314 061743.826 INFO             PET0 PIOc_sync Exit - MemInfo: [/proc/self/status]	VmPMD:	      12 kB
20220314 061743.826 INFO             PET0 PIOc_sync Exit - MemInfo: [/proc/self/status]	VmSwap:	       0 kB
20220314 061743.826 INFO             PET0 PIOc_sync Exit - MemInfo: [/proc/self/status]	VmRSSPercent: 0.0552185 %
20220314 061743.826 INFO             PET0 PIOc_sync Exit - MemInfo: [malloc] Non-mmapped space allocated:                 3170304 Byte
20220314 061743.826 INFO             PET0 PIOc_sync Exit - MemInfo: [malloc] Space allocated in mmapped regions:         18890752 Byte
20220314 061743.826 INFO             PET0 PIOc_sync Exit - MemInfo: [malloc] Maximum total allocated space:                     0 Byte
20220314 061743.826 INFO             PET0 PIOc_sync Exit - MemInfo: [malloc] Space in freed fastbin blocks:                  1344 Byte
20220314 061743.826 INFO             PET0 PIOc_sync Exit - MemInfo: [malloc] Total allocated space:                       2643616 Byte
20220314 061743.826 INFO             PET0 PIOc_sync Exit - MemInfo: [malloc] Total free space:                             526688 Byte
20220314 061743.826 INFO             PET0 PIOc_sync Exit - MemInfo: [malloc] Top-most, releasable space:                    36272 Byte
20220314 061743.826 INFO             PET0 PIOc_sync Exit - MemInfo: [malloc] Total space in use, mmap + non-mmap:        21534368 Byte
20220314 061743.826 INFO             PET0 PIOc_sync Exit - MemInfo: [malloc] Total space held (mmap + non-mmap):         22061056 Byte
20220314 061743.826 INFO             PET0 PIOc_sync Exit - MemInfo: [malloc] Total space used (mmap + non-mmap):         21543696 Byte
20220314 061743.826 INFO             PET0 PIOc_sync Exit - MemInfo: Wall-clock time since execution start:              0.0184074 seconds
20220314 061743.827 INFO             PET0 PIOc_freedecomp Enter - MemInfo: [/proc/meminfo - SSI]	MemTotal:       65507008 kB
20220314 061743.827 INFO             PET0 PIOc_freedecomp Enter - MemInfo: [/proc/meminfo - SSI]	MemFree:        49558428 kB
20220314 061743.827 INFO             PET0 PIOc_freedecomp Enter - MemInfo: [/proc/meminfo - SSI]	MemAvailable:   49320040 kB
20220314 061743.827 INFO             PET0 PIOc_freedecomp Enter - MemInfo: [/proc/meminfo - SSI]	Committed_AS:   13088752 kB
20220314 061743.827 INFO             PET0 PIOc_freedecomp Enter - MemInfo: [/proc/meminfo - SSI]	CommittedPercent: 19.9807 %
20220314 061743.827 INFO             PET0 PIOc_freedecomp Enter - MemInfo: [/proc/self/status]	VmPeak:	  523512 kB
20220314 061743.827 INFO             PET0 PIOc_freedecomp Enter - MemInfo: [/proc/self/status]	VmSize:	  506608 kB
20220314 061743.827 INFO             PET0 PIOc_freedecomp Enter - MemInfo: [/proc/self/status]	VmLck:	       0 kB
20220314 061743.827 INFO             PET0 PIOc_freedecomp Enter - MemInfo: [/proc/self/status]	VmPin:	       0 kB
20220314 061743.827 INFO             PET0 PIOc_freedecomp Enter - MemInfo: [/proc/self/status]	VmHWM:	   64888 kB
20220314 061743.827 INFO             PET0 PIOc_freedecomp Enter - MemInfo: [/proc/self/status]	VmRSS:	   19780 kB
20220314 061743.827 INFO             PET0 PIOc_freedecomp Enter - MemInfo: [/proc/self/status]	VmData:	   15172 kB
20220314 061743.827 INFO             PET0 PIOc_freedecomp Enter - MemInfo: [/proc/self/status]	VmStk:	     148 kB
20220314 061743.827 INFO             PET0 PIOc_freedecomp Enter - MemInfo: [/proc/self/status]	VmExe:	     200 kB
20220314 061743.827 INFO             PET0 PIOc_freedecomp Enter - MemInfo: [/proc/self/status]	VmLib:	   49272 kB
20220314 061743.827 INFO             PET0 PIOc_freedecomp Enter - MemInfo: [/proc/self/status]	VmPTE:	     740 kB
20220314 061743.827 INFO             PET0 PIOc_freedecomp Enter - MemInfo: [/proc/self/status]	VmPMD:	      12 kB
20220314 061743.827 INFO             PET0 PIOc_freedecomp Enter - MemInfo: [/proc/self/status]	VmSwap:	       0 kB
20220314 061743.827 INFO             PET0 PIOc_freedecomp Enter - MemInfo: [/proc/self/status]	VmRSSPercent: 0.0301952 %
20220314 061743.827 INFO             PET0 PIOc_freedecomp Enter - MemInfo: [malloc] Non-mmapped space allocated:                 3170304 Byte
20220314 061743.827 INFO             PET0 PIOc_freedecomp Enter - MemInfo: [malloc] Space allocated in mmapped regions:          1581056 Byte
20220314 061743.827 INFO             PET0 PIOc_freedecomp Enter - MemInfo: [malloc] Maximum total allocated space:                     0 Byte
20220314 061743.827 INFO             PET0 PIOc_freedecomp Enter - MemInfo: [malloc] Space in freed fastbin blocks:                  2672 Byte
20220314 061743.827 INFO             PET0 PIOc_freedecomp Enter - MemInfo: [malloc] Total allocated space:                       2630496 Byte
20220314 061743.827 INFO             PET0 PIOc_freedecomp Enter - MemInfo: [malloc] Total free space:                             539808 Byte
20220314 061743.827 INFO             PET0 PIOc_freedecomp Enter - MemInfo: [malloc] Top-most, releasable space:                    36272 Byte
20220314 061743.827 INFO             PET0 PIOc_freedecomp Enter - MemInfo: [malloc] Total space in use, mmap + non-mmap:         4211552 Byte
20220314 061743.827 INFO             PET0 PIOc_freedecomp Enter - MemInfo: [malloc] Total space held (mmap + non-mmap):          4751360 Byte
20220314 061743.827 INFO             PET0 PIOc_freedecomp Enter - MemInfo: [malloc] Total space used (mmap + non-mmap):          4220880 Byte
20220314 061743.827 INFO             PET0 PIOc_freedecomp Enter - MemInfo: Wall-clock time since execution start:              0.0194856 seconds
20220314 061743.827 INFO             PET0 PIOc_freedecomp Exit - MemInfo: [/proc/meminfo - SSI]	MemTotal:       65507008 kB
20220314 061743.827 INFO             PET0 PIOc_freedecomp Exit - MemInfo: [/proc/meminfo - SSI]	MemFree:        49558428 kB
20220314 061743.827 INFO             PET0 PIOc_freedecomp Exit - MemInfo: [/proc/meminfo - SSI]	MemAvailable:   49320040 kB
20220314 061743.827 INFO             PET0 PIOc_freedecomp Exit - MemInfo: [/proc/meminfo - SSI]	Committed_AS:   13088752 kB
20220314 061743.828 INFO             PET0 PIOc_freedecomp Exit - MemInfo: [/proc/meminfo - SSI]	CommittedPercent: 19.9807 %
20220314 061743.828 INFO             PET0 PIOc_freedecomp Exit - MemInfo: [/proc/self/status]	VmPeak:	  523512 kB
20220314 061743.828 INFO             PET0 PIOc_freedecomp Exit - MemInfo: [/proc/self/status]	VmSize:	  506608 kB
20220314 061743.828 INFO             PET0 PIOc_freedecomp Exit - MemInfo: [/proc/self/status]	VmLck:	       0 kB
20220314 061743.828 INFO             PET0 PIOc_freedecomp Exit - MemInfo: [/proc/self/status]	VmPin:	       0 kB
20220314 061743.828 INFO             PET0 PIOc_freedecomp Exit - MemInfo: [/proc/self/status]	VmHWM:	   64888 kB
20220314 061743.828 INFO             PET0 PIOc_freedecomp Exit - MemInfo: [/proc/self/status]	VmRSS:	   19780 kB
20220314 061743.828 INFO             PET0 PIOc_freedecomp Exit - MemInfo: [/proc/self/status]	VmData:	   15172 kB
20220314 061743.828 INFO             PET0 PIOc_freedecomp Exit - MemInfo: [/proc/self/status]	VmStk:	     148 kB
20220314 061743.828 INFO             PET0 PIOc_freedecomp Exit - MemInfo: [/proc/self/status]	VmExe:	     200 kB
20220314 061743.828 INFO             PET0 PIOc_freedecomp Exit - MemInfo: [/proc/self/status]	VmLib:	   49272 kB
20220314 061743.828 INFO             PET0 PIOc_freedecomp Exit - MemInfo: [/proc/self/status]	VmPTE:	     740 kB
20220314 061743.828 INFO             PET0 PIOc_freedecomp Exit - MemInfo: [/proc/self/status]	VmPMD:	      12 kB
20220314 061743.828 INFO             PET0 PIOc_freedecomp Exit - MemInfo: [/proc/self/status]	VmSwap:	       0 kB
20220314 061743.828 INFO             PET0 PIOc_freedecomp Exit - MemInfo: [/proc/self/status]	VmRSSPercent: 0.0301952 %
20220314 061743.828 INFO             PET0 PIOc_freedecomp Exit - MemInfo: [malloc] Non-mmapped space allocated:                 3170304 Byte
20220314 061743.828 INFO             PET0 PIOc_freedecomp Exit - MemInfo: [malloc] Space allocated in mmapped regions:          1581056 Byte
20220314 061743.828 INFO             PET0 PIOc_freedecomp Exit - MemInfo: [malloc] Maximum total allocated space:                     0 Byte
20220314 061743.828 INFO             PET0 PIOc_freedecomp Exit - MemInfo: [malloc] Space in freed fastbin blocks:                  3232 Byte
20220314 061743.828 INFO             PET0 PIOc_freedecomp Exit - MemInfo: [malloc] Total allocated space:                       2625344 Byte
20220314 061743.828 INFO             PET0 PIOc_freedecomp Exit - MemInfo: [malloc] Total free space:                             544960 Byte
20220314 061743.828 INFO             PET0 PIOc_freedecomp Exit - MemInfo: [malloc] Top-most, releasable space:                    36272 Byte
20220314 061743.828 INFO             PET0 PIOc_freedecomp Exit - MemInfo: [malloc] Total space in use, mmap + non-mmap:         4206400 Byte
20220314 061743.828 INFO             PET0 PIOc_freedecomp Exit - MemInfo: [malloc] Total space held (mmap + non-mmap):          4751360 Byte
20220314 061743.828 INFO             PET0 PIOc_freedecomp Exit - MemInfo: [malloc] Total space used (mmap + non-mmap):          4215728 Byte
20220314 061743.828 INFO             PET0 PIOc_freedecomp Exit - MemInfo: Wall-clock time since execution start:              0.0198445 seconds
20220314 061743.832 INFO             PET0 PIOc_sync Enter - MemInfo: [/proc/meminfo - SSI]	MemTotal:       65507008 kB
20220314 061743.832 INFO             PET0 PIOc_sync Enter - MemInfo: [/proc/meminfo - SSI]	MemFree:        49551372 kB
20220314 061743.832 INFO             PET0 PIOc_sync Enter - MemInfo: [/proc/meminfo - SSI]	MemAvailable:   49312984 kB
20220314 061743.832 INFO             PET0 PIOc_sync Enter - MemInfo: [/proc/meminfo - SSI]	Committed_AS:   13105228 kB
20220314 061743.832 INFO             PET0 PIOc_sync Enter - MemInfo: [/proc/meminfo - SSI]	CommittedPercent: 20.0058 %
20220314 061743.832 INFO             PET0 PIOc_sync Enter - MemInfo: [/proc/self/status]	VmPeak:	  523600 kB
20220314 061743.832 INFO             PET0 PIOc_sync Enter - MemInfo: [/proc/self/status]	VmSize:	  523600 kB
20220314 061743.832 INFO             PET0 PIOc_sync Enter - MemInfo: [/proc/self/status]	VmLck:	       0 kB
20220314 061743.832 INFO             PET0 PIOc_sync Enter - MemInfo: [/proc/self/status]	VmPin:	       0 kB
20220314 061743.832 INFO             PET0 PIOc_sync Enter - MemInfo: [/proc/self/status]	VmHWM:	   64888 kB
20220314 061743.832 INFO             PET0 PIOc_sync Enter - MemInfo: [/proc/self/status]	VmRSS:	   28044 kB
20220314 061743.832 INFO             PET0 PIOc_sync Enter - MemInfo: [/proc/self/status]	VmData:	   32164 kB
20220314 061743.832 INFO             PET0 PIOc_sync Enter - MemInfo: [/proc/self/status]	VmStk:	     148 kB
20220314 061743.832 INFO             PET0 PIOc_sync Enter - MemInfo: [/proc/self/status]	VmExe:	     200 kB
20220314 061743.832 INFO             PET0 PIOc_sync Enter - MemInfo: [/proc/self/status]	VmLib:	   49272 kB
20220314 061743.832 INFO             PET0 PIOc_sync Enter - MemInfo: [/proc/self/status]	VmPTE:	     760 kB
20220314 061743.832 INFO             PET0 PIOc_sync Enter - MemInfo: [/proc/self/status]	VmPMD:	      12 kB
20220314 061743.832 INFO             PET0 PIOc_sync Enter - MemInfo: [/proc/self/status]	VmSwap:	       0 kB
20220314 061743.832 INFO             PET0 PIOc_sync Enter - MemInfo: [/proc/self/status]	VmRSSPercent: 0.0428107 %
20220314 061743.832 INFO             PET0 PIOc_sync Enter - MemInfo: [malloc] Non-mmapped space allocated:                20570112 Byte
20220314 061743.832 INFO             PET0 PIOc_sync Enter - MemInfo: [malloc] Space allocated in mmapped regions:          1581056 Byte
20220314 061743.832 INFO             PET0 PIOc_sync Enter - MemInfo: [malloc] Maximum total allocated space:                     0 Byte
20220314 061743.832 INFO             PET0 PIOc_sync Enter - MemInfo: [malloc] Space in freed fastbin blocks:                  1888 Byte
20220314 061743.833 INFO             PET0 PIOc_sync Enter - MemInfo: [malloc] Total allocated space:                      19942784 Byte
20220314 061743.833 INFO             PET0 PIOc_sync Enter - MemInfo: [malloc] Total free space:                             627328 Byte
20220314 061743.833 INFO             PET0 PIOc_sync Enter - MemInfo: [malloc] Top-most, releasable space:                   134544 Byte
20220314 061743.833 INFO             PET0 PIOc_sync Enter - MemInfo: [malloc] Total space in use, mmap + non-mmap:        21523840 Byte
20220314 061743.833 INFO             PET0 PIOc_sync Enter - MemInfo: [malloc] Total space held (mmap + non-mmap):         22151168 Byte
20220314 061743.833 INFO             PET0 PIOc_sync Enter - MemInfo: [malloc] Total space used (mmap + non-mmap):         21533168 Byte
20220314 061743.833 INFO             PET0 PIOc_sync Enter - MemInfo: Wall-clock time since execution start:              0.0246422 seconds
20220314 061743.833 INFO             PET0 PIOc_sync Exit - MemInfo: [/proc/meminfo - SSI]	MemTotal:       65507008 kB
20220314 061743.833 INFO             PET0 PIOc_sync Exit - MemInfo: [/proc/meminfo - SSI]	MemFree:        49551372 kB
20220314 061743.833 INFO             PET0 PIOc_sync Exit - MemInfo: [/proc/meminfo - SSI]	MemAvailable:   49312984 kB
20220314 061743.833 INFO             PET0 PIOc_sync Exit - MemInfo: [/proc/meminfo - SSI]	Committed_AS:   13105228 kB
20220314 061743.833 INFO             PET0 PIOc_sync Exit - MemInfo: [/proc/meminfo - SSI]	CommittedPercent: 20.0058 %
20220314 061743.833 INFO             PET0 PIOc_sync Exit - MemInfo: [/proc/self/status]	VmPeak:	  523600 kB
20220314 061743.833 INFO             PET0 PIOc_sync Exit - MemInfo: [/proc/self/status]	VmSize:	  523600 kB
20220314 061743.833 INFO             PET0 PIOc_sync Exit - MemInfo: [/proc/self/status]	VmLck:	       0 kB
20220314 061743.833 INFO             PET0 PIOc_sync Exit - MemInfo: [/proc/self/status]	VmPin:	       0 kB
20220314 061743.833 INFO             PET0 PIOc_sync Exit - MemInfo: [/proc/self/status]	VmHWM:	   64888 kB
20220314 061743.833 INFO             PET0 PIOc_sync Exit - MemInfo: [/proc/self/status]	VmRSS:	   28048 kB
20220314 061743.833 INFO             PET0 PIOc_sync Exit - MemInfo: [/proc/self/status]	VmData:	   32164 kB
20220314 061743.833 INFO             PET0 PIOc_sync Exit - MemInfo: [/proc/self/status]	VmStk:	     148 kB
20220314 061743.833 INFO             PET0 PIOc_sync Exit - MemInfo: [/proc/self/status]	VmExe:	     200 kB
20220314 061743.833 INFO             PET0 PIOc_sync Exit - MemInfo: [/proc/self/status]	VmLib:	   49272 kB
20220314 061743.833 INFO             PET0 PIOc_sync Exit - MemInfo: [/proc/self/status]	VmPTE:	     760 kB
20220314 061743.833 INFO             PET0 PIOc_sync Exit - MemInfo: [/proc/self/status]	VmPMD:	      12 kB
20220314 061743.833 INFO             PET0 PIOc_sync Exit - MemInfo: [/proc/self/status]	VmSwap:	       0 kB
20220314 061743.833 INFO             PET0 PIOc_sync Exit - MemInfo: [/proc/self/status]	VmRSSPercent: 0.0428168 %
20220314 061743.833 INFO             PET0 PIOc_sync Exit - MemInfo: [malloc] Non-mmapped space allocated:                20570112 Byte
20220314 061743.833 INFO             PET0 PIOc_sync Exit - MemInfo: [malloc] Space allocated in mmapped regions:          1581056 Byte
20220314 061743.833 INFO             PET0 PIOc_sync Exit - MemInfo: [malloc] Maximum total allocated space:                     0 Byte
20220314 061743.833 INFO             PET0 PIOc_sync Exit - MemInfo: [malloc] Space in freed fastbin blocks:                  1344 Byte
20220314 061743.833 INFO             PET0 PIOc_sync Exit - MemInfo: [malloc] Total allocated space:                      19945616 Byte
20220314 061743.833 INFO             PET0 PIOc_sync Exit - MemInfo: [malloc] Total free space:                             624496 Byte
20220314 061743.833 INFO             PET0 PIOc_sync Exit - MemInfo: [malloc] Top-most, releasable space:                   134544 Byte
20220314 061743.833 INFO             PET0 PIOc_sync Exit - MemInfo: [malloc] Total space in use, mmap + non-mmap:        21526672 Byte
20220314 061743.833 INFO             PET0 PIOc_sync Exit - MemInfo: [malloc] Total space held (mmap + non-mmap):         22151168 Byte
20220314 061743.833 INFO             PET0 PIOc_sync Exit - MemInfo: [malloc] Total space used (mmap + non-mmap):         21536000 Byte
20220314 061743.833 INFO             PET0 PIOc_sync Exit - MemInfo: Wall-clock time since execution start:              0.0251258 seconds
20220314 061743.833 INFO             PET0 PIOc_freedecomp Enter - MemInfo: [/proc/meminfo - SSI]	MemTotal:       65507008 kB
20220314 061743.833 INFO             PET0 PIOc_freedecomp Enter - MemInfo: [/proc/meminfo - SSI]	MemFree:        49551372 kB
20220314 061743.833 INFO             PET0 PIOc_freedecomp Enter - MemInfo: [/proc/meminfo - SSI]	MemAvailable:   49312984 kB
20220314 061743.833 INFO             PET0 PIOc_freedecomp Enter - MemInfo: [/proc/meminfo - SSI]	Committed_AS:   13105228 kB
20220314 061743.833 INFO             PET0 PIOc_freedecomp Enter - MemInfo: [/proc/meminfo - SSI]	CommittedPercent: 20.0058 %
20220314 061743.833 INFO             PET0 PIOc_freedecomp Enter - MemInfo: [/proc/self/status]	VmPeak:	  523600 kB
20220314 061743.833 INFO             PET0 PIOc_freedecomp Enter - MemInfo: [/proc/self/status]	VmSize:	  523600 kB
20220314 061743.833 INFO             PET0 PIOc_freedecomp Enter - MemInfo: [/proc/self/status]	VmLck:	       0 kB
20220314 061743.833 INFO             PET0 PIOc_freedecomp Enter - MemInfo: [/proc/self/status]	VmPin:	       0 kB
20220314 061743.833 INFO             PET0 PIOc_freedecomp Enter - MemInfo: [/proc/self/status]	VmHWM:	   64888 kB
20220314 061743.833 INFO             PET0 PIOc_freedecomp Enter - MemInfo: [/proc/self/status]	VmRSS:	   28048 kB
20220314 061743.833 INFO             PET0 PIOc_freedecomp Enter - MemInfo: [/proc/self/status]	VmData:	   32164 kB
20220314 061743.833 INFO             PET0 PIOc_freedecomp Enter - MemInfo: [/proc/self/status]	VmStk:	     148 kB
20220314 061743.833 INFO             PET0 PIOc_freedecomp Enter - MemInfo: [/proc/self/status]	VmExe:	     200 kB
20220314 061743.833 INFO             PET0 PIOc_freedecomp Enter - MemInfo: [/proc/self/status]	VmLib:	   49272 kB
20220314 061743.833 INFO             PET0 PIOc_freedecomp Enter - MemInfo: [/proc/self/status]	VmPTE:	     760 kB
20220314 061743.833 INFO             PET0 PIOc_freedecomp Enter - MemInfo: [/proc/self/status]	VmPMD:	      12 kB
20220314 061743.833 INFO             PET0 PIOc_freedecomp Enter - MemInfo: [/proc/self/status]	VmSwap:	       0 kB
20220314 061743.833 INFO             PET0 PIOc_freedecomp Enter - MemInfo: [/proc/self/status]	VmRSSPercent: 0.0428168 %
20220314 061743.833 INFO             PET0 PIOc_freedecomp Enter - MemInfo: [malloc] Non-mmapped space allocated:                20570112 Byte
20220314 061743.833 INFO             PET0 PIOc_freedecomp Enter - MemInfo: [malloc] Space allocated in mmapped regions:          1581056 Byte
20220314 061743.833 INFO             PET0 PIOc_freedecomp Enter - MemInfo: [malloc] Maximum total allocated space:                     0 Byte
20220314 061743.833 INFO             PET0 PIOc_freedecomp Enter - MemInfo: [malloc] Space in freed fastbin blocks:                  1536 Byte
20220314 061743.833 INFO             PET0 PIOc_freedecomp Enter - MemInfo: [malloc] Total allocated space:                       2630528 Byte
20220314 061743.833 INFO             PET0 PIOc_freedecomp Enter - MemInfo: [malloc] Total free space:                           17939584 Byte
20220314 061743.833 INFO             PET0 PIOc_freedecomp Enter - MemInfo: [malloc] Top-most, releasable space:                 17436080 Byte
20220314 061743.833 INFO             PET0 PIOc_freedecomp Enter - MemInfo: [malloc] Total space in use, mmap + non-mmap:         4211584 Byte
20220314 061743.833 INFO             PET0 PIOc_freedecomp Enter - MemInfo: [malloc] Total space held (mmap + non-mmap):         22151168 Byte
20220314 061743.833 INFO             PET0 PIOc_freedecomp Enter - MemInfo: [malloc] Total space used (mmap + non-mmap):          4220928 Byte
20220314 061743.833 INFO             PET0 PIOc_freedecomp Enter - MemInfo: Wall-clock time since execution start:              0.0255171 seconds
20220314 061743.833 INFO             PET0 PIOc_freedecomp Exit - MemInfo: [/proc/meminfo - SSI]	MemTotal:       65507008 kB
20220314 061743.833 INFO             PET0 PIOc_freedecomp Exit - MemInfo: [/proc/meminfo - SSI]	MemFree:        49551372 kB
20220314 061743.834 INFO             PET0 PIOc_freedecomp Exit - MemInfo: [/proc/meminfo - SSI]	MemAvailable:   49312984 kB
20220314 061743.834 INFO             PET0 PIOc_freedecomp Exit - MemInfo: [/proc/meminfo - SSI]	Committed_AS:   13105228 kB
20220314 061743.834 INFO             PET0 PIOc_freedecomp Exit - MemInfo: [/proc/meminfo - SSI]	CommittedPercent: 20.0058 %
20220314 061743.834 INFO             PET0 PIOc_freedecomp Exit - MemInfo: [/proc/self/status]	VmPeak:	  523600 kB
20220314 061743.834 INFO             PET0 PIOc_freedecomp Exit - MemInfo: [/proc/self/status]	VmSize:	  523600 kB
20220314 061743.834 INFO             PET0 PIOc_freedecomp Exit - MemInfo: [/proc/self/status]	VmLck:	       0 kB
20220314 061743.834 INFO             PET0 PIOc_freedecomp Exit - MemInfo: [/proc/self/status]	VmPin:	       0 kB
20220314 061743.834 INFO             PET0 PIOc_freedecomp Exit - MemInfo: [/proc/self/status]	VmHWM:	   64888 kB
20220314 061743.834 INFO             PET0 PIOc_freedecomp Exit - MemInfo: [/proc/self/status]	VmRSS:	   28048 kB
20220314 061743.834 INFO             PET0 PIOc_freedecomp Exit - MemInfo: [/proc/self/status]	VmData:	   32164 kB
20220314 061743.834 INFO             PET0 PIOc_freedecomp Exit - MemInfo: [/proc/self/status]	VmStk:	     148 kB
20220314 061743.834 INFO             PET0 PIOc_freedecomp Exit - MemInfo: [/proc/self/status]	VmExe:	     200 kB
20220314 061743.834 INFO             PET0 PIOc_freedecomp Exit - MemInfo: [/proc/self/status]	VmLib:	   49272 kB
20220314 061743.834 INFO             PET0 PIOc_freedecomp Exit - MemInfo: [/proc/self/status]	VmPTE:	     760 kB
20220314 061743.834 INFO             PET0 PIOc_freedecomp Exit - MemInfo: [/proc/self/status]	VmPMD:	      12 kB
20220314 061743.834 INFO             PET0 PIOc_freedecomp Exit - MemInfo: [/proc/self/status]	VmSwap:	       0 kB
20220314 061743.834 INFO             PET0 PIOc_freedecomp Exit - MemInfo: [/proc/self/status]	VmRSSPercent: 0.0428168 %
20220314 061743.834 INFO             PET0 PIOc_freedecomp Exit - MemInfo: [malloc] Non-mmapped space allocated:                20570112 Byte
20220314 061743.834 INFO             PET0 PIOc_freedecomp Exit - MemInfo: [malloc] Space allocated in mmapped regions:          1581056 Byte
20220314 061743.834 INFO             PET0 PIOc_freedecomp Exit - MemInfo: [malloc] Maximum total allocated space:                     0 Byte
20220314 061743.834 INFO             PET0 PIOc_freedecomp Exit - MemInfo: [malloc] Space in freed fastbin blocks:                  2976 Byte
20220314 061743.834 INFO             PET0 PIOc_freedecomp Exit - MemInfo: [malloc] Total allocated space:                       2625376 Byte
20220314 061743.834 INFO             PET0 PIOc_freedecomp Exit - MemInfo: [malloc] Total free space:                           17944736 Byte
20220314 061743.834 INFO             PET0 PIOc_freedecomp Exit - MemInfo: [malloc] Top-most, releasable space:                 17436080 Byte
20220314 061743.834 INFO             PET0 PIOc_freedecomp Exit - MemInfo: [malloc] Total space in use, mmap + non-mmap:         4206432 Byte
20220314 061743.834 INFO             PET0 PIOc_freedecomp Exit - MemInfo: [malloc] Total space held (mmap + non-mmap):         22151168 Byte
20220314 061743.834 INFO             PET0 PIOc_freedecomp Exit - MemInfo: [malloc] Total space used (mmap + non-mmap):          4215760 Byte
20220314 061743.834 INFO             PET0 PIOc_freedecomp Exit - MemInfo: Wall-clock time since execution start:              0.0258827 seconds
20220314 061743.835 INFO             PET0 PIOc_sync Enter - MemInfo: [/proc/meminfo - SSI]	MemTotal:       65507008 kB
20220314 061743.835 INFO             PET0 PIOc_sync Enter - MemInfo: [/proc/meminfo - SSI]	MemFree:        49550868 kB
20220314 061743.835 INFO             PET0 PIOc_sync Enter - MemInfo: [/proc/meminfo - SSI]	MemAvailable:   49312480 kB
20220314 061743.835 INFO             PET0 PIOc_sync Enter - MemInfo: [/proc/meminfo - SSI]	Committed_AS:   13105228 kB
20220314 061743.835 INFO             PET0 PIOc_sync Enter - MemInfo: [/proc/meminfo - SSI]	CommittedPercent: 20.0058 %
20220314 061743.835 INFO             PET0 PIOc_sync Enter - MemInfo: [/proc/self/status]	VmPeak:	  531788 kB
20220314 061743.835 INFO             PET0 PIOc_sync Enter - MemInfo: [/proc/self/status]	VmSize:	  523600 kB
20220314 061743.835 INFO             PET0 PIOc_sync Enter - MemInfo: [/proc/self/status]	VmLck:	       0 kB
20220314 061743.835 INFO             PET0 PIOc_sync Enter - MemInfo: [/proc/self/status]	VmPin:	       0 kB
20220314 061743.835 INFO             PET0 PIOc_sync Enter - MemInfo: [/proc/self/status]	VmHWM:	   64888 kB
20220314 061743.835 INFO             PET0 PIOc_sync Enter - MemInfo: [/proc/self/status]	VmRSS:	   28520 kB
20220314 061743.835 INFO             PET0 PIOc_sync Enter - MemInfo: [/proc/self/status]	VmData:	   32164 kB
20220314 061743.835 INFO             PET0 PIOc_sync Enter - MemInfo: [/proc/self/status]	VmStk:	     148 kB
20220314 061743.835 INFO             PET0 PIOc_sync Enter - MemInfo: [/proc/self/status]	VmExe:	     200 kB
20220314 061743.835 INFO             PET0 PIOc_sync Enter - MemInfo: [/proc/self/status]	VmLib:	   49272 kB
20220314 061743.835 INFO             PET0 PIOc_sync Enter - MemInfo: [/proc/self/status]	VmPTE:	     760 kB
20220314 061743.835 INFO             PET0 PIOc_sync Enter - MemInfo: [/proc/self/status]	VmPMD:	      12 kB
20220314 061743.835 INFO             PET0 PIOc_sync Enter - MemInfo: [/proc/self/status]	VmSwap:	       0 kB
20220314 061743.835 INFO             PET0 PIOc_sync Enter - MemInfo: [/proc/self/status]	VmRSSPercent: 0.0435373 %
20220314 061743.835 INFO             PET0 PIOc_sync Enter - MemInfo: [malloc] Non-mmapped space allocated:                20570112 Byte
20220314 061743.835 INFO             PET0 PIOc_sync Enter - MemInfo: [malloc] Space allocated in mmapped regions:          1581056 Byte
20220314 061743.835 INFO             PET0 PIOc_sync Enter - MemInfo: [malloc] Maximum total allocated space:                     0 Byte
20220314 061743.835 INFO             PET0 PIOc_sync Enter - MemInfo: [malloc] Space in freed fastbin blocks:                  2128 Byte
20220314 061743.835 INFO             PET0 PIOc_sync Enter - MemInfo: [malloc] Total allocated space:                      19943168 Byte
20220314 061743.835 INFO             PET0 PIOc_sync Enter - MemInfo: [malloc] Total free space:                             626944 Byte
20220314 061743.835 INFO             PET0 PIOc_sync Enter - MemInfo: [malloc] Top-most, releasable space:                   134544 Byte
20220314 061743.835 INFO             PET0 PIOc_sync Enter - MemInfo: [malloc] Total space in use, mmap + non-mmap:        21524224 Byte
20220314 061743.835 INFO             PET0 PIOc_sync Enter - MemInfo: [malloc] Total space held (mmap + non-mmap):         22151168 Byte
20220314 061743.835 INFO             PET0 PIOc_sync Enter - MemInfo: [malloc] Total space used (mmap + non-mmap):         21533552 Byte
20220314 061743.835 INFO             PET0 PIOc_sync Enter - MemInfo: Wall-clock time since execution start:               0.027411 seconds
20220314 061743.835 INFO             PET0 PIOc_sync Exit - MemInfo: [/proc/meminfo - SSI]	MemTotal:       65507008 kB
20220314 061743.836 INFO             PET0 PIOc_sync Exit - MemInfo: [/proc/meminfo - SSI]	MemFree:        49550868 kB
20220314 061743.836 INFO             PET0 PIOc_sync Exit - MemInfo: [/proc/meminfo - SSI]	MemAvailable:   49312480 kB
20220314 061743.836 INFO             PET0 PIOc_sync Exit - MemInfo: [/proc/meminfo - SSI]	Committed_AS:   13105228 kB
20220314 061743.836 INFO             PET0 PIOc_sync Exit - MemInfo: [/proc/meminfo - SSI]	CommittedPercent: 20.0058 %
20220314 061743.836 INFO             PET0 PIOc_sync Exit - MemInfo: [/proc/self/status]	VmPeak:	  531788 kB
20220314 061743.836 INFO             PET0 PIOc_sync Exit - MemInfo: [/proc/self/status]	VmSize:	  523600 kB
20220314 061743.836 INFO             PET0 PIOc_sync Exit - MemInfo: [/proc/self/status]	VmLck:	       0 kB
20220314 061743.836 INFO             PET0 PIOc_sync Exit - MemInfo: [/proc/self/status]	VmPin:	       0 kB
20220314 061743.836 INFO             PET0 PIOc_sync Exit - MemInfo: [/proc/self/status]	VmHWM:	   64888 kB
20220314 061743.836 INFO             PET0 PIOc_sync Exit - MemInfo: [/proc/self/status]	VmRSS:	   28520 kB
20220314 061743.836 INFO             PET0 PIOc_sync Exit - MemInfo: [/proc/self/status]	VmData:	   32164 kB
20220314 061743.836 INFO             PET0 PIOc_sync Exit - MemInfo: [/proc/self/status]	VmStk:	     148 kB
20220314 061743.836 INFO             PET0 PIOc_sync Exit - MemInfo: [/proc/self/status]	VmExe:	     200 kB
20220314 061743.836 INFO             PET0 PIOc_sync Exit - MemInfo: [/proc/self/status]	VmLib:	   49272 kB
20220314 061743.836 INFO             PET0 PIOc_sync Exit - MemInfo: [/proc/self/status]	VmPTE:	     760 kB
20220314 061743.836 INFO             PET0 PIOc_sync Exit - MemInfo: [/proc/self/status]	VmPMD:	      12 kB
20220314 061743.836 INFO             PET0 PIOc_sync Exit - MemInfo: [/proc/self/status]	VmSwap:	       0 kB
20220314 061743.836 INFO             PET0 PIOc_sync Exit - MemInfo: [/proc/self/status]	VmRSSPercent: 0.0435373 %
20220314 061743.836 INFO             PET0 PIOc_sync Exit - MemInfo: [malloc] Non-mmapped space allocated:                20570112 Byte
20220314 061743.836 INFO             PET0 PIOc_sync Exit - MemInfo: [malloc] Space allocated in mmapped regions:          1581056 Byte
20220314 061743.836 INFO             PET0 PIOc_sync Exit - MemInfo: [malloc] Maximum total allocated space:                     0 Byte
20220314 061743.836 INFO             PET0 PIOc_sync Exit - MemInfo: [malloc] Space in freed fastbin blocks:                  1344 Byte
20220314 061743.836 INFO             PET0 PIOc_sync Exit - MemInfo: [malloc] Total allocated space:                      19945984 Byte
20220314 061743.836 INFO             PET0 PIOc_sync Exit - MemInfo: [malloc] Total free space:                             624128 Byte
20220314 061743.836 INFO             PET0 PIOc_sync Exit - MemInfo: [malloc] Top-most, releasable space:                   134544 Byte
20220314 061743.836 INFO             PET0 PIOc_sync Exit - MemInfo: [malloc] Total space in use, mmap + non-mmap:        21527040 Byte
20220314 061743.836 INFO             PET0 PIOc_sync Exit - MemInfo: [malloc] Total space held (mmap + non-mmap):         22151168 Byte
20220314 061743.836 INFO             PET0 PIOc_sync Exit - MemInfo: [malloc] Total space used (mmap + non-mmap):         21536368 Byte
20220314 061743.836 INFO             PET0 PIOc_sync Exit - MemInfo: Wall-clock time since execution start:              0.0278847 seconds
20220314 061743.836 INFO             PET0 PIOc_freedecomp Enter - MemInfo: [/proc/meminfo - SSI]	MemTotal:       65507008 kB
20220314 061743.836 INFO             PET0 PIOc_freedecomp Enter - MemInfo: [/proc/meminfo - SSI]	MemFree:        49550868 kB
20220314 061743.836 INFO             PET0 PIOc_freedecomp Enter - MemInfo: [/proc/meminfo - SSI]	MemAvailable:   49312480 kB
20220314 061743.836 INFO             PET0 PIOc_freedecomp Enter - MemInfo: [/proc/meminfo - SSI]	Committed_AS:   13105228 kB
20220314 061743.836 INFO             PET0 PIOc_freedecomp Enter - MemInfo: [/proc/meminfo - SSI]	CommittedPercent: 20.0058 %
20220314 061743.836 INFO             PET0 PIOc_freedecomp Enter - MemInfo: [/proc/self/status]	VmPeak:	  531788 kB
20220314 061743.836 INFO             PET0 PIOc_freedecomp Enter - MemInfo: [/proc/self/status]	VmSize:	  523600 kB
20220314 061743.836 INFO             PET0 PIOc_freedecomp Enter - MemInfo: [/proc/self/status]	VmLck:	       0 kB
20220314 061743.836 INFO             PET0 PIOc_freedecomp Enter - MemInfo: [/proc/self/status]	VmPin:	       0 kB
20220314 061743.836 INFO             PET0 PIOc_freedecomp Enter - MemInfo: [/proc/self/status]	VmHWM:	   64888 kB
20220314 061743.836 INFO             PET0 PIOc_freedecomp Enter - MemInfo: [/proc/self/status]	VmRSS:	   28520 kB
20220314 061743.836 INFO             PET0 PIOc_freedecomp Enter - MemInfo: [/proc/self/status]	VmData:	   32164 kB
20220314 061743.836 INFO             PET0 PIOc_freedecomp Enter - MemInfo: [/proc/self/status]	VmStk:	     148 kB
20220314 061743.836 INFO             PET0 PIOc_freedecomp Enter - MemInfo: [/proc/self/status]	VmExe:	     200 kB
20220314 061743.836 INFO             PET0 PIOc_freedecomp Enter - MemInfo: [/proc/self/status]	VmLib:	   49272 kB
20220314 061743.836 INFO             PET0 PIOc_freedecomp Enter - MemInfo: [/proc/self/status]	VmPTE:	     760 kB
20220314 061743.836 INFO             PET0 PIOc_freedecomp Enter - MemInfo: [/proc/self/status]	VmPMD:	      12 kB
20220314 061743.836 INFO             PET0 PIOc_freedecomp Enter - MemInfo: [/proc/self/status]	VmSwap:	       0 kB
20220314 061743.836 INFO             PET0 PIOc_freedecomp Enter - MemInfo: [/proc/self/status]	VmRSSPercent: 0.0435373 %
20220314 061743.836 INFO             PET0 PIOc_freedecomp Enter - MemInfo: [malloc] Non-mmapped space allocated:                20570112 Byte
20220314 061743.836 INFO             PET0 PIOc_freedecomp Enter - MemInfo: [malloc] Space allocated in mmapped regions:          1581056 Byte
20220314 061743.836 INFO             PET0 PIOc_freedecomp Enter - MemInfo: [malloc] Maximum total allocated space:                     0 Byte
20220314 061743.836 INFO             PET0 PIOc_freedecomp Enter - MemInfo: [malloc] Space in freed fastbin blocks:                  1760 Byte
20220314 061743.836 INFO             PET0 PIOc_freedecomp Enter - MemInfo: [malloc] Total allocated space:                       2630480 Byte
20220314 061743.836 INFO             PET0 PIOc_freedecomp Enter - MemInfo: [malloc] Total free space:                           17939632 Byte
20220314 061743.836 INFO             PET0 PIOc_freedecomp Enter - MemInfo: [malloc] Top-most, releasable space:                 17436080 Byte
20220314 061743.836 INFO             PET0 PIOc_freedecomp Enter - MemInfo: [malloc] Total space in use, mmap + non-mmap:         4211536 Byte
20220314 061743.836 INFO             PET0 PIOc_freedecomp Enter - MemInfo: [malloc] Total space held (mmap + non-mmap):         22151168 Byte
20220314 061743.836 INFO             PET0 PIOc_freedecomp Enter - MemInfo: [malloc] Total space used (mmap + non-mmap):          4220864 Byte
20220314 061743.836 INFO             PET0 PIOc_freedecomp Enter - MemInfo: Wall-clock time since execution start:              0.0282819 seconds
20220314 061743.836 INFO             PET0 PIOc_freedecomp Exit - MemInfo: [/proc/meminfo - SSI]	MemTotal:       65507008 kB
20220314 061743.836 INFO             PET0 PIOc_freedecomp Exit - MemInfo: [/proc/meminfo - SSI]	MemFree:        49550868 kB
20220314 061743.836 INFO             PET0 PIOc_freedecomp Exit - MemInfo: [/proc/meminfo - SSI]	MemAvailable:   49312480 kB
20220314 061743.836 INFO             PET0 PIOc_freedecomp Exit - MemInfo: [/proc/meminfo - SSI]	Committed_AS:   13105228 kB
20220314 061743.836 INFO             PET0 PIOc_freedecomp Exit - MemInfo: [/proc/meminfo - SSI]	CommittedPercent: 20.0058 %
20220314 061743.836 INFO             PET0 PIOc_freedecomp Exit - MemInfo: [/proc/self/status]	VmPeak:	  531788 kB
20220314 061743.836 INFO             PET0 PIOc_freedecomp Exit - MemInfo: [/proc/self/status]	VmSize:	  523600 kB
20220314 061743.836 INFO             PET0 PIOc_freedecomp Exit - MemInfo: [/proc/self/status]	VmLck:	       0 kB
20220314 061743.836 INFO             PET0 PIOc_freedecomp Exit - MemInfo: [/proc/self/status]	VmPin:	       0 kB
20220314 061743.836 INFO             PET0 PIOc_freedecomp Exit - MemInfo: [/proc/self/status]	VmHWM:	   64888 kB
20220314 061743.836 INFO             PET0 PIOc_freedecomp Exit - MemInfo: [/proc/self/status]	VmRSS:	   28520 kB
20220314 061743.836 INFO             PET0 PIOc_freedecomp Exit - MemInfo: [/proc/self/status]	VmData:	   32164 kB
20220314 061743.836 INFO             PET0 PIOc_freedecomp Exit - MemInfo: [/proc/self/status]	VmStk:	     148 kB
20220314 061743.836 INFO             PET0 PIOc_freedecomp Exit - MemInfo: [/proc/self/status]	VmExe:	     200 kB
20220314 061743.836 INFO             PET0 PIOc_freedecomp Exit - MemInfo: [/proc/self/status]	VmLib:	   49272 kB
20220314 061743.836 INFO             PET0 PIOc_freedecomp Exit - MemInfo: [/proc/self/status]	VmPTE:	     760 kB
20220314 061743.836 INFO             PET0 PIOc_freedecomp Exit - MemInfo: [/proc/self/status]	VmPMD:	      12 kB
20220314 061743.836 INFO             PET0 PIOc_freedecomp Exit - MemInfo: [/proc/self/status]	VmSwap:	       0 kB
20220314 061743.836 INFO             PET0 PIOc_freedecomp Exit - MemInfo: [/proc/self/status]	VmRSSPercent: 0.0435373 %
20220314 061743.836 INFO             PET0 PIOc_freedecomp Exit - MemInfo: [malloc] Non-mmapped space allocated:                20570112 Byte
20220314 061743.836 INFO             PET0 PIOc_freedecomp Exit - MemInfo: [malloc] Space allocated in mmapped regions:          1581056 Byte
20220314 061743.836 INFO             PET0 PIOc_freedecomp Exit - MemInfo: [malloc] Maximum total allocated space:                     0 Byte
20220314 061743.837 INFO             PET0 PIOc_freedecomp Exit - MemInfo: [malloc] Space in freed fastbin blocks:                  3360 Byte
20220314 061743.837 INFO             PET0 PIOc_freedecomp Exit - MemInfo: [malloc] Total allocated space:                       2625344 Byte
20220314 061743.837 INFO             PET0 PIOc_freedecomp Exit - MemInfo: [malloc] Total free space:                           17944768 Byte
20220314 061743.837 INFO             PET0 PIOc_freedecomp Exit - MemInfo: [malloc] Top-most, releasable space:                 17436080 Byte
20220314 061743.837 INFO             PET0 PIOc_freedecomp Exit - MemInfo: [malloc] Total space in use, mmap + non-mmap:         4206400 Byte
20220314 061743.837 INFO             PET0 PIOc_freedecomp Exit - MemInfo: [malloc] Total space held (mmap + non-mmap):         22151168 Byte
20220314 061743.837 INFO             PET0 PIOc_freedecomp Exit - MemInfo: [malloc] Total space used (mmap + non-mmap):          4215728 Byte
20220314 061743.837 INFO             PET0 PIOc_freedecomp Exit - MemInfo: Wall-clock time since execution start:              0.0286407 seconds
20220314 061743.837 INFO             PET0  PASS  ESMF_OutputWeightFile, ESMF_IOUTest.F90, line 81
20220314 061743.842 INFO             PET0  PASS  call ESMF_OutputWeightFile with empty factor list on four PETs, ESMF_IOUTest.F90, line 191
20220314 061743.842 INFO             PET0  Ending Test, file ESMF_IOUTest.F90, line 201
20220314 061743.842 INFO             PET0 Finalizing ESMF
20220314 061743.809 INFO             PET1 !!!!!!!!!!!!!!!!!!!!!!!!!!!!!!!!!!!!!!!!!!!!!!!!!!!!!!
20220314 061743.809 INFO             PET1 !!! THE ESMF_LOG IS SET TO OUTPUT ALL LOG MESSAGES !!!
20220314 061743.809 INFO             PET1 !!!     THIS MAY CAUSE SLOWDOWN IN PERFORMANCE     !!!
20220314 061743.809 INFO             PET1 !!! FOR PRODUCTION RUNS, USE:                      !!!
20220314 061743.809 INFO             PET1 !!!                   ESMF_LOGKIND_Multi_On_Error  !!!
20220314 061743.809 INFO             PET1 !!!!!!!!!!!!!!!!!!!!!!!!!!!!!!!!!!!!!!!!!!!!!!!!!!!!!!
20220314 061743.809 INFO             PET1 Running with ESMF Version   : v8.3.0b09-96-g559b459836
20220314 061743.809 INFO             PET1 ESMF library build date/time: "Mar 14 2022" "06:02:50"
20220314 061743.809 INFO             PET1 ESMF library build location : /glade/scratch/rlong/esmf-testing/gfortran_10.1.0_openmpi_O_jedwards_pio_update2
20220314 061743.809 INFO             PET1 ESMF_COMM                   : openmpi
20220314 061743.809 INFO             PET1 ESMF_MOAB                   : enabled
20220314 061743.809 INFO             PET1 ESMF_LAPACK                 : enabled
20220314 061743.809 INFO             PET1 ESMF_NETCDF                 : enabled
20220314 061743.809 INFO             PET1 ESMF_PNETCDF                : disabled
20220314 061743.809 INFO             PET1 ESMF_PIO                    : enabled
20220314 061743.809 INFO             PET1 ESMF_YAMLCPP                : enabled
20220314 061743.809 INFO             PET1  Beginning Test, file ESMF_IOUTest.F90, line 57
20220314 061743.810 INFO             PET1  NUMBER_OF_PROCESSORS           4
20220314 061743.810 INFO             PET1 Starting Test:  ESMF_OutputWeightFile
20220314 061743.821 INFO             PET1 PIOc_sync Enter - MemInfo: [/proc/meminfo - SSI]	MemTotal:       65507008 kB
20220314 061743.821 INFO             PET1 PIOc_sync Enter - MemInfo: [/proc/meminfo - SSI]	MemFree:        49543308 kB
20220314 061743.821 INFO             PET1 PIOc_sync Enter - MemInfo: [/proc/meminfo - SSI]	MemAvailable:   49304920 kB
20220314 061743.821 INFO             PET1 PIOc_sync Enter - MemInfo: [/proc/meminfo - SSI]	Committed_AS:   13105140 kB
20220314 061743.821 INFO             PET1 PIOc_sync Enter - MemInfo: [/proc/meminfo - SSI]	CommittedPercent: 20.0057 %
20220314 061743.821 INFO             PET1 PIOc_sync Enter - MemInfo: [/proc/self/status]	VmPeak:	  506704 kB
20220314 061743.821 INFO             PET1 PIOc_sync Enter - MemInfo: [/proc/self/status]	VmSize:	  506704 kB
20220314 061743.821 INFO             PET1 PIOc_sync Enter - MemInfo: [/proc/self/status]	VmLck:	       0 kB
20220314 061743.821 INFO             PET1 PIOc_sync Enter - MemInfo: [/proc/self/status]	VmPin:	       0 kB
20220314 061743.821 INFO             PET1 PIOc_sync Enter - MemInfo: [/proc/self/status]	VmHWM:	   64880 kB
20220314 061743.821 INFO             PET1 PIOc_sync Enter - MemInfo: [/proc/self/status]	VmRSS:	   18540 kB
20220314 061743.821 INFO             PET1 PIOc_sync Enter - MemInfo: [/proc/self/status]	VmData:	   15268 kB
20220314 061743.821 INFO             PET1 PIOc_sync Enter - MemInfo: [/proc/self/status]	VmStk:	     148 kB
20220314 061743.821 INFO             PET1 PIOc_sync Enter - MemInfo: [/proc/self/status]	VmExe:	     200 kB
20220314 061743.821 INFO             PET1 PIOc_sync Enter - MemInfo: [/proc/self/status]	VmLib:	   49272 kB
20220314 061743.821 INFO             PET1 PIOc_sync Enter - MemInfo: [/proc/self/status]	VmPTE:	     728 kB
20220314 061743.821 INFO             PET1 PIOc_sync Enter - MemInfo: [/proc/self/status]	VmPMD:	      12 kB
20220314 061743.821 INFO             PET1 PIOc_sync Enter - MemInfo: [/proc/self/status]	VmSwap:	       0 kB
20220314 061743.821 INFO             PET1 PIOc_sync Enter - MemInfo: [/proc/self/status]	VmRSSPercent: 0.0283023 %
20220314 061743.821 INFO             PET1 PIOc_sync Enter - MemInfo: [malloc] Non-mmapped space allocated:                 3268608 Byte
20220314 061743.826 INFO             PET1 PIOc_sync Enter - MemInfo: [malloc] Space allocated in mmapped regions:          1581056 Byte
20220314 061743.826 INFO             PET1 PIOc_sync Enter - MemInfo: [malloc] Maximum total allocated space:                     0 Byte
20220314 061743.826 INFO             PET1 PIOc_sync Enter - MemInfo: [malloc] Space in freed fastbin blocks:                   880 Byte
20220314 061743.826 INFO             PET1 PIOc_sync Enter - MemInfo: [malloc] Total allocated space:                       2429392 Byte
20220314 061743.826 INFO             PET1 PIOc_sync Enter - MemInfo: [malloc] Total free space:                             839216 Byte
20220314 061743.826 INFO             PET1 PIOc_sync Enter - MemInfo: [malloc] Top-most, releasable space:                   134384 Byte
20220314 061743.826 INFO             PET1 PIOc_sync Enter - MemInfo: [malloc] Total space in use, mmap + non-mmap:         4010448 Byte
20220314 061743.826 INFO             PET1 PIOc_sync Enter - MemInfo: [malloc] Total space held (mmap + non-mmap):          4849664 Byte
20220314 061743.826 INFO             PET1 PIOc_sync Enter - MemInfo: [malloc] Total space used (mmap + non-mmap):          4019776 Byte
20220314 061743.826 INFO             PET1 PIOc_sync Enter - MemInfo: Wall-clock time since execution start:                 0.0179 seconds
20220314 061743.826 INFO             PET1 PIOc_sync Exit - MemInfo: [/proc/meminfo - SSI]	MemTotal:       65507008 kB
20220314 061743.826 INFO             PET1 PIOc_sync Exit - MemInfo: [/proc/meminfo - SSI]	MemFree:        49543308 kB
20220314 061743.826 INFO             PET1 PIOc_sync Exit - MemInfo: [/proc/meminfo - SSI]	MemAvailable:   49304920 kB
20220314 061743.826 INFO             PET1 PIOc_sync Exit - MemInfo: [/proc/meminfo - SSI]	Committed_AS:   13105140 kB
20220314 061743.826 INFO             PET1 PIOc_sync Exit - MemInfo: [/proc/meminfo - SSI]	CommittedPercent: 20.0057 %
20220314 061743.826 INFO             PET1 PIOc_sync Exit - MemInfo: [/proc/self/status]	VmPeak:	  506704 kB
20220314 061743.826 INFO             PET1 PIOc_sync Exit - MemInfo: [/proc/self/status]	VmSize:	  506704 kB
20220314 061743.826 INFO             PET1 PIOc_sync Exit - MemInfo: [/proc/self/status]	VmLck:	       0 kB
20220314 061743.826 INFO             PET1 PIOc_sync Exit - MemInfo: [/proc/self/status]	VmPin:	       0 kB
20220314 061743.826 INFO             PET1 PIOc_sync Exit - MemInfo: [/proc/self/status]	VmHWM:	   64880 kB
20220314 061743.826 INFO             PET1 PIOc_sync Exit - MemInfo: [/proc/self/status]	VmRSS:	   18624 kB
20220314 061743.826 INFO             PET1 PIOc_sync Exit - MemInfo: [/proc/self/status]	VmData:	   15268 kB
20220314 061743.826 INFO             PET1 PIOc_sync Exit - MemInfo: [/proc/self/status]	VmStk:	     148 kB
20220314 061743.826 INFO             PET1 PIOc_sync Exit - MemInfo: [/proc/self/status]	VmExe:	     200 kB
20220314 061743.826 INFO             PET1 PIOc_sync Exit - MemInfo: [/proc/self/status]	VmLib:	   49272 kB
20220314 061743.826 INFO             PET1 PIOc_sync Exit - MemInfo: [/proc/self/status]	VmPTE:	     728 kB
20220314 061743.826 INFO             PET1 PIOc_sync Exit - MemInfo: [/proc/self/status]	VmPMD:	      12 kB
20220314 061743.826 INFO             PET1 PIOc_sync Exit - MemInfo: [/proc/self/status]	VmSwap:	       0 kB
20220314 061743.826 INFO             PET1 PIOc_sync Exit - MemInfo: [/proc/self/status]	VmRSSPercent: 0.0284305 %
20220314 061743.826 INFO             PET1 PIOc_sync Exit - MemInfo: [malloc] Non-mmapped space allocated:                 3268608 Byte
20220314 061743.826 INFO             PET1 PIOc_sync Exit - MemInfo: [malloc] Space allocated in mmapped regions:          1581056 Byte
20220314 061743.826 INFO             PET1 PIOc_sync Exit - MemInfo: [malloc] Maximum total allocated space:                     0 Byte
20220314 061743.826 INFO             PET1 PIOc_sync Exit - MemInfo: [malloc] Space in freed fastbin blocks:                  1296 Byte
20220314 061743.826 INFO             PET1 PIOc_sync Exit - MemInfo: [malloc] Total allocated space:                       2429248 Byte
20220314 061743.826 INFO             PET1 PIOc_sync Exit - MemInfo: [malloc] Total free space:                             839360 Byte
20220314 061743.826 INFO             PET1 PIOc_sync Exit - MemInfo: [malloc] Top-most, releasable space:                   134384 Byte
20220314 061743.826 INFO             PET1 PIOc_sync Exit - MemInfo: [malloc] Total space in use, mmap + non-mmap:         4010304 Byte
20220314 061743.826 INFO             PET1 PIOc_sync Exit - MemInfo: [malloc] Total space held (mmap + non-mmap):          4849664 Byte
20220314 061743.826 INFO             PET1 PIOc_sync Exit - MemInfo: [malloc] Total space used (mmap + non-mmap):          4019632 Byte
20220314 061743.826 INFO             PET1 PIOc_sync Exit - MemInfo: Wall-clock time since execution start:              0.0184047 seconds
20220314 061743.827 INFO             PET1 PIOc_freedecomp Enter - MemInfo: [/proc/meminfo - SSI]	MemTotal:       65507008 kB
20220314 061743.827 INFO             PET1 PIOc_freedecomp Enter - MemInfo: [/proc/meminfo - SSI]	MemFree:        49558428 kB
20220314 061743.827 INFO             PET1 PIOc_freedecomp Enter - MemInfo: [/proc/meminfo - SSI]	MemAvailable:   49320040 kB
20220314 061743.827 INFO             PET1 PIOc_freedecomp Enter - MemInfo: [/proc/meminfo - SSI]	Committed_AS:   13088752 kB
20220314 061743.827 INFO             PET1 PIOc_freedecomp Enter - MemInfo: [/proc/meminfo - SSI]	CommittedPercent: 19.9807 %
20220314 061743.827 INFO             PET1 PIOc_freedecomp Enter - MemInfo: [/proc/self/status]	VmPeak:	  506704 kB
20220314 061743.827 INFO             PET1 PIOc_freedecomp Enter - MemInfo: [/proc/self/status]	VmSize:	  506704 kB
20220314 061743.827 INFO             PET1 PIOc_freedecomp Enter - MemInfo: [/proc/self/status]	VmLck:	       0 kB
20220314 061743.827 INFO             PET1 PIOc_freedecomp Enter - MemInfo: [/proc/self/status]	VmPin:	       0 kB
20220314 061743.827 INFO             PET1 PIOc_freedecomp Enter - MemInfo: [/proc/self/status]	VmHWM:	   64880 kB
20220314 061743.827 INFO             PET1 PIOc_freedecomp Enter - MemInfo: [/proc/self/status]	VmRSS:	   18624 kB
20220314 061743.827 INFO             PET1 PIOc_freedecomp Enter - MemInfo: [/proc/self/status]	VmData:	   15268 kB
20220314 061743.827 INFO             PET1 PIOc_freedecomp Enter - MemInfo: [/proc/self/status]	VmStk:	     148 kB
20220314 061743.827 INFO             PET1 PIOc_freedecomp Enter - MemInfo: [/proc/self/status]	VmExe:	     200 kB
20220314 061743.827 INFO             PET1 PIOc_freedecomp Enter - MemInfo: [/proc/self/status]	VmLib:	   49272 kB
20220314 061743.827 INFO             PET1 PIOc_freedecomp Enter - MemInfo: [/proc/self/status]	VmPTE:	     728 kB
20220314 061743.827 INFO             PET1 PIOc_freedecomp Enter - MemInfo: [/proc/self/status]	VmPMD:	      12 kB
20220314 061743.827 INFO             PET1 PIOc_freedecomp Enter - MemInfo: [/proc/self/status]	VmSwap:	       0 kB
20220314 061743.827 INFO             PET1 PIOc_freedecomp Enter - MemInfo: [/proc/self/status]	VmRSSPercent: 0.0284305 %
20220314 061743.827 INFO             PET1 PIOc_freedecomp Enter - MemInfo: [malloc] Non-mmapped space allocated:                 3268608 Byte
20220314 061743.827 INFO             PET1 PIOc_freedecomp Enter - MemInfo: [malloc] Space allocated in mmapped regions:          1581056 Byte
20220314 061743.827 INFO             PET1 PIOc_freedecomp Enter - MemInfo: [malloc] Maximum total allocated space:                     0 Byte
20220314 061743.827 INFO             PET1 PIOc_freedecomp Enter - MemInfo: [malloc] Space in freed fastbin blocks:                  1536 Byte
20220314 061743.827 INFO             PET1 PIOc_freedecomp Enter - MemInfo: [malloc] Total allocated space:                       2427616 Byte
20220314 061743.827 INFO             PET1 PIOc_freedecomp Enter - MemInfo: [malloc] Total free space:                             840992 Byte
20220314 061743.827 INFO             PET1 PIOc_freedecomp Enter - MemInfo: [malloc] Top-most, releasable space:                   134384 Byte
20220314 061743.827 INFO             PET1 PIOc_freedecomp Enter - MemInfo: [malloc] Total space in use, mmap + non-mmap:         4008672 Byte
20220314 061743.827 INFO             PET1 PIOc_freedecomp Enter - MemInfo: [malloc] Total space held (mmap + non-mmap):          4849664 Byte
20220314 061743.827 INFO             PET1 PIOc_freedecomp Enter - MemInfo: [malloc] Total space used (mmap + non-mmap):          4018000 Byte
20220314 061743.827 INFO             PET1 PIOc_freedecomp Enter - MemInfo: Wall-clock time since execution start:              0.0194851 seconds
20220314 061743.827 INFO             PET1 PIOc_freedecomp Exit - MemInfo: [/proc/meminfo - SSI]	MemTotal:       65507008 kB
20220314 061743.827 INFO             PET1 PIOc_freedecomp Exit - MemInfo: [/proc/meminfo - SSI]	MemFree:        49558428 kB
20220314 061743.827 INFO             PET1 PIOc_freedecomp Exit - MemInfo: [/proc/meminfo - SSI]	MemAvailable:   49320040 kB
20220314 061743.827 INFO             PET1 PIOc_freedecomp Exit - MemInfo: [/proc/meminfo - SSI]	Committed_AS:   13088752 kB
20220314 061743.827 INFO             PET1 PIOc_freedecomp Exit - MemInfo: [/proc/meminfo - SSI]	CommittedPercent: 19.9807 %
20220314 061743.828 INFO             PET1 PIOc_freedecomp Exit - MemInfo: [/proc/self/status]	VmPeak:	  506704 kB
20220314 061743.828 INFO             PET1 PIOc_freedecomp Exit - MemInfo: [/proc/self/status]	VmSize:	  506704 kB
20220314 061743.828 INFO             PET1 PIOc_freedecomp Exit - MemInfo: [/proc/self/status]	VmLck:	       0 kB
20220314 061743.828 INFO             PET1 PIOc_freedecomp Exit - MemInfo: [/proc/self/status]	VmPin:	       0 kB
20220314 061743.828 INFO             PET1 PIOc_freedecomp Exit - MemInfo: [/proc/self/status]	VmHWM:	   64880 kB
20220314 061743.828 INFO             PET1 PIOc_freedecomp Exit - MemInfo: [/proc/self/status]	VmRSS:	   18624 kB
20220314 061743.828 INFO             PET1 PIOc_freedecomp Exit - MemInfo: [/proc/self/status]	VmData:	   15268 kB
20220314 061743.828 INFO             PET1 PIOc_freedecomp Exit - MemInfo: [/proc/self/status]	VmStk:	     148 kB
20220314 061743.828 INFO             PET1 PIOc_freedecomp Exit - MemInfo: [/proc/self/status]	VmExe:	     200 kB
20220314 061743.828 INFO             PET1 PIOc_freedecomp Exit - MemInfo: [/proc/self/status]	VmLib:	   49272 kB
20220314 061743.828 INFO             PET1 PIOc_freedecomp Exit - MemInfo: [/proc/self/status]	VmPTE:	     728 kB
20220314 061743.828 INFO             PET1 PIOc_freedecomp Exit - MemInfo: [/proc/self/status]	VmPMD:	      12 kB
20220314 061743.828 INFO             PET1 PIOc_freedecomp Exit - MemInfo: [/proc/self/status]	VmSwap:	       0 kB
20220314 061743.828 INFO             PET1 PIOc_freedecomp Exit - MemInfo: [/proc/self/status]	VmRSSPercent: 0.0284305 %
20220314 061743.828 INFO             PET1 PIOc_freedecomp Exit - MemInfo: [malloc] Non-mmapped space allocated:                 3268608 Byte
20220314 061743.828 INFO             PET1 PIOc_freedecomp Exit - MemInfo: [malloc] Space allocated in mmapped regions:          1581056 Byte
20220314 061743.828 INFO             PET1 PIOc_freedecomp Exit - MemInfo: [malloc] Maximum total allocated space:                     0 Byte
20220314 061743.828 INFO             PET1 PIOc_freedecomp Exit - MemInfo: [malloc] Space in freed fastbin blocks:                  1808 Byte
20220314 061743.828 INFO             PET1 PIOc_freedecomp Exit - MemInfo: [malloc] Total allocated space:                       2425552 Byte
20220314 061743.828 INFO             PET1 PIOc_freedecomp Exit - MemInfo: [malloc] Total free space:                             843056 Byte
20220314 061743.828 INFO             PET1 PIOc_freedecomp Exit - MemInfo: [malloc] Top-most, releasable space:                   134384 Byte
20220314 061743.828 INFO             PET1 PIOc_freedecomp Exit - MemInfo: [malloc] Total space in use, mmap + non-mmap:         4006608 Byte
20220314 061743.828 INFO             PET1 PIOc_freedecomp Exit - MemInfo: [malloc] Total space held (mmap + non-mmap):          4849664 Byte
20220314 061743.828 INFO             PET1 PIOc_freedecomp Exit - MemInfo: [malloc] Total space used (mmap + non-mmap):          4015952 Byte
20220314 061743.828 INFO             PET1 PIOc_freedecomp Exit - MemInfo: Wall-clock time since execution start:              0.0198339 seconds
20220314 061743.832 INFO             PET1 PIOc_sync Enter - MemInfo: [/proc/meminfo - SSI]	MemTotal:       65507008 kB
20220314 061743.832 INFO             PET1 PIOc_sync Enter - MemInfo: [/proc/meminfo - SSI]	MemFree:        49551372 kB
20220314 061743.832 INFO             PET1 PIOc_sync Enter - MemInfo: [/proc/meminfo - SSI]	MemAvailable:   49312984 kB
20220314 061743.832 INFO             PET1 PIOc_sync Enter - MemInfo: [/proc/meminfo - SSI]	Committed_AS:   13105228 kB
20220314 061743.832 INFO             PET1 PIOc_sync Enter - MemInfo: [/proc/meminfo - SSI]	CommittedPercent: 20.0058 %
20220314 061743.832 INFO             PET1 PIOc_sync Enter - MemInfo: [/proc/self/status]	VmPeak:	  506704 kB
20220314 061743.832 INFO             PET1 PIOc_sync Enter - MemInfo: [/proc/self/status]	VmSize:	  506704 kB
20220314 061743.832 INFO             PET1 PIOc_sync Enter - MemInfo: [/proc/self/status]	VmLck:	       0 kB
20220314 061743.832 INFO             PET1 PIOc_sync Enter - MemInfo: [/proc/self/status]	VmPin:	       0 kB
20220314 061743.832 INFO             PET1 PIOc_sync Enter - MemInfo: [/proc/self/status]	VmHWM:	   64880 kB
20220314 061743.832 INFO             PET1 PIOc_sync Enter - MemInfo: [/proc/self/status]	VmRSS:	   18660 kB
20220314 061743.832 INFO             PET1 PIOc_sync Enter - MemInfo: [/proc/self/status]	VmData:	   15268 kB
20220314 061743.832 INFO             PET1 PIOc_sync Enter - MemInfo: [/proc/self/status]	VmStk:	     148 kB
20220314 061743.832 INFO             PET1 PIOc_sync Enter - MemInfo: [/proc/self/status]	VmExe:	     200 kB
20220314 061743.832 INFO             PET1 PIOc_sync Enter - MemInfo: [/proc/self/status]	VmLib:	   49272 kB
20220314 061743.832 INFO             PET1 PIOc_sync Enter - MemInfo: [/proc/self/status]	VmPTE:	     728 kB
20220314 061743.832 INFO             PET1 PIOc_sync Enter - MemInfo: [/proc/self/status]	VmPMD:	      12 kB
20220314 061743.832 INFO             PET1 PIOc_sync Enter - MemInfo: [/proc/self/status]	VmSwap:	       0 kB
20220314 061743.832 INFO             PET1 PIOc_sync Enter - MemInfo: [/proc/self/status]	VmRSSPercent: 0.0284855 %
20220314 061743.832 INFO             PET1 PIOc_sync Enter - MemInfo: [malloc] Non-mmapped space allocated:                 3268608 Byte
20220314 061743.832 INFO             PET1 PIOc_sync Enter - MemInfo: [malloc] Space allocated in mmapped regions:          1581056 Byte
20220314 061743.832 INFO             PET1 PIOc_sync Enter - MemInfo: [malloc] Maximum total allocated space:                     0 Byte
20220314 061743.832 INFO             PET1 PIOc_sync Enter - MemInfo: [malloc] Space in freed fastbin blocks:                  1104 Byte
20220314 061743.832 INFO             PET1 PIOc_sync Enter - MemInfo: [malloc] Total allocated space:                       2429520 Byte
20220314 061743.833 INFO             PET1 PIOc_sync Enter - MemInfo: [malloc] Total free space:                             839088 Byte
20220314 061743.833 INFO             PET1 PIOc_sync Enter - MemInfo: [malloc] Top-most, releasable space:                   134384 Byte
20220314 061743.833 INFO             PET1 PIOc_sync Enter - MemInfo: [malloc] Total space in use, mmap + non-mmap:         4010576 Byte
20220314 061743.833 INFO             PET1 PIOc_sync Enter - MemInfo: [malloc] Total space held (mmap + non-mmap):          4849664 Byte
20220314 061743.833 INFO             PET1 PIOc_sync Enter - MemInfo: [malloc] Total space used (mmap + non-mmap):          4019904 Byte
20220314 061743.833 INFO             PET1 PIOc_sync Enter - MemInfo: Wall-clock time since execution start:               0.024639 seconds
20220314 061743.833 INFO             PET1 PIOc_sync Exit - MemInfo: [/proc/meminfo - SSI]	MemTotal:       65507008 kB
20220314 061743.833 INFO             PET1 PIOc_sync Exit - MemInfo: [/proc/meminfo - SSI]	MemFree:        49551372 kB
20220314 061743.833 INFO             PET1 PIOc_sync Exit - MemInfo: [/proc/meminfo - SSI]	MemAvailable:   49312984 kB
20220314 061743.833 INFO             PET1 PIOc_sync Exit - MemInfo: [/proc/meminfo - SSI]	Committed_AS:   13105228 kB
20220314 061743.833 INFO             PET1 PIOc_sync Exit - MemInfo: [/proc/meminfo - SSI]	CommittedPercent: 20.0058 %
20220314 061743.833 INFO             PET1 PIOc_sync Exit - MemInfo: [/proc/self/status]	VmPeak:	  506704 kB
20220314 061743.833 INFO             PET1 PIOc_sync Exit - MemInfo: [/proc/self/status]	VmSize:	  506704 kB
20220314 061743.833 INFO             PET1 PIOc_sync Exit - MemInfo: [/proc/self/status]	VmLck:	       0 kB
20220314 061743.833 INFO             PET1 PIOc_sync Exit - MemInfo: [/proc/self/status]	VmPin:	       0 kB
20220314 061743.833 INFO             PET1 PIOc_sync Exit - MemInfo: [/proc/self/status]	VmHWM:	   64880 kB
20220314 061743.833 INFO             PET1 PIOc_sync Exit - MemInfo: [/proc/self/status]	VmRSS:	   18660 kB
20220314 061743.833 INFO             PET1 PIOc_sync Exit - MemInfo: [/proc/self/status]	VmData:	   15268 kB
20220314 061743.833 INFO             PET1 PIOc_sync Exit - MemInfo: [/proc/self/status]	VmStk:	     148 kB
20220314 061743.833 INFO             PET1 PIOc_sync Exit - MemInfo: [/proc/self/status]	VmExe:	     200 kB
20220314 061743.833 INFO             PET1 PIOc_sync Exit - MemInfo: [/proc/self/status]	VmLib:	   49272 kB
20220314 061743.833 INFO             PET1 PIOc_sync Exit - MemInfo: [/proc/self/status]	VmPTE:	     728 kB
20220314 061743.833 INFO             PET1 PIOc_sync Exit - MemInfo: [/proc/self/status]	VmPMD:	      12 kB
20220314 061743.833 INFO             PET1 PIOc_sync Exit - MemInfo: [/proc/self/status]	VmSwap:	       0 kB
20220314 061743.833 INFO             PET1 PIOc_sync Exit - MemInfo: [/proc/self/status]	VmRSSPercent: 0.0284855 %
20220314 061743.833 INFO             PET1 PIOc_sync Exit - MemInfo: [malloc] Non-mmapped space allocated:                 3268608 Byte
20220314 061743.833 INFO             PET1 PIOc_sync Exit - MemInfo: [malloc] Space allocated in mmapped regions:          1581056 Byte
20220314 061743.833 INFO             PET1 PIOc_sync Exit - MemInfo: [malloc] Maximum total allocated space:                     0 Byte
20220314 061743.833 INFO             PET1 PIOc_sync Exit - MemInfo: [malloc] Space in freed fastbin blocks:                  1344 Byte
20220314 061743.833 INFO             PET1 PIOc_sync Exit - MemInfo: [malloc] Total allocated space:                       2429424 Byte
20220314 061743.833 INFO             PET1 PIOc_sync Exit - MemInfo: [malloc] Total free space:                             839184 Byte
20220314 061743.833 INFO             PET1 PIOc_sync Exit - MemInfo: [malloc] Top-most, releasable space:                   134384 Byte
20220314 061743.833 INFO             PET1 PIOc_sync Exit - MemInfo: [malloc] Total space in use, mmap + non-mmap:         4010480 Byte
20220314 061743.833 INFO             PET1 PIOc_sync Exit - MemInfo: [malloc] Total space held (mmap + non-mmap):          4849664 Byte
20220314 061743.833 INFO             PET1 PIOc_sync Exit - MemInfo: [malloc] Total space used (mmap + non-mmap):          4019808 Byte
20220314 061743.833 INFO             PET1 PIOc_sync Exit - MemInfo: Wall-clock time since execution start:              0.0251234 seconds
20220314 061743.833 INFO             PET1 PIOc_freedecomp Enter - MemInfo: [/proc/meminfo - SSI]	MemTotal:       65507008 kB
20220314 061743.833 INFO             PET1 PIOc_freedecomp Enter - MemInfo: [/proc/meminfo - SSI]	MemFree:        49551372 kB
20220314 061743.833 INFO             PET1 PIOc_freedecomp Enter - MemInfo: [/proc/meminfo - SSI]	MemAvailable:   49312984 kB
20220314 061743.833 INFO             PET1 PIOc_freedecomp Enter - MemInfo: [/proc/meminfo - SSI]	Committed_AS:   13105228 kB
20220314 061743.833 INFO             PET1 PIOc_freedecomp Enter - MemInfo: [/proc/meminfo - SSI]	CommittedPercent: 20.0058 %
20220314 061743.833 INFO             PET1 PIOc_freedecomp Enter - MemInfo: [/proc/self/status]	VmPeak:	  506704 kB
20220314 061743.833 INFO             PET1 PIOc_freedecomp Enter - MemInfo: [/proc/self/status]	VmSize:	  506704 kB
20220314 061743.833 INFO             PET1 PIOc_freedecomp Enter - MemInfo: [/proc/self/status]	VmLck:	       0 kB
20220314 061743.833 INFO             PET1 PIOc_freedecomp Enter - MemInfo: [/proc/self/status]	VmPin:	       0 kB
20220314 061743.833 INFO             PET1 PIOc_freedecomp Enter - MemInfo: [/proc/self/status]	VmHWM:	   64880 kB
20220314 061743.833 INFO             PET1 PIOc_freedecomp Enter - MemInfo: [/proc/self/status]	VmRSS:	   18660 kB
20220314 061743.833 INFO             PET1 PIOc_freedecomp Enter - MemInfo: [/proc/self/status]	VmData:	   15268 kB
20220314 061743.833 INFO             PET1 PIOc_freedecomp Enter - MemInfo: [/proc/self/status]	VmStk:	     148 kB
20220314 061743.833 INFO             PET1 PIOc_freedecomp Enter - MemInfo: [/proc/self/status]	VmExe:	     200 kB
20220314 061743.833 INFO             PET1 PIOc_freedecomp Enter - MemInfo: [/proc/self/status]	VmLib:	   49272 kB
20220314 061743.833 INFO             PET1 PIOc_freedecomp Enter - MemInfo: [/proc/self/status]	VmPTE:	     728 kB
20220314 061743.833 INFO             PET1 PIOc_freedecomp Enter - MemInfo: [/proc/self/status]	VmPMD:	      12 kB
20220314 061743.833 INFO             PET1 PIOc_freedecomp Enter - MemInfo: [/proc/self/status]	VmSwap:	       0 kB
20220314 061743.833 INFO             PET1 PIOc_freedecomp Enter - MemInfo: [/proc/self/status]	VmRSSPercent: 0.0284855 %
20220314 061743.833 INFO             PET1 PIOc_freedecomp Enter - MemInfo: [malloc] Non-mmapped space allocated:                 3268608 Byte
20220314 061743.833 INFO             PET1 PIOc_freedecomp Enter - MemInfo: [malloc] Space allocated in mmapped regions:          1581056 Byte
20220314 061743.833 INFO             PET1 PIOc_freedecomp Enter - MemInfo: [malloc] Maximum total allocated space:                     0 Byte
20220314 061743.833 INFO             PET1 PIOc_freedecomp Enter - MemInfo: [malloc] Space in freed fastbin blocks:                  1408 Byte
20220314 061743.833 INFO             PET1 PIOc_freedecomp Enter - MemInfo: [malloc] Total allocated space:                       2427648 Byte
20220314 061743.833 INFO             PET1 PIOc_freedecomp Enter - MemInfo: [malloc] Total free space:                             840960 Byte
20220314 061743.833 INFO             PET1 PIOc_freedecomp Enter - MemInfo: [malloc] Top-most, releasable space:                   134384 Byte
20220314 061743.833 INFO             PET1 PIOc_freedecomp Enter - MemInfo: [malloc] Total space in use, mmap + non-mmap:         4008704 Byte
20220314 061743.833 INFO             PET1 PIOc_freedecomp Enter - MemInfo: [malloc] Total space held (mmap + non-mmap):          4849664 Byte
20220314 061743.833 INFO             PET1 PIOc_freedecomp Enter - MemInfo: [malloc] Total space used (mmap + non-mmap):          4018032 Byte
20220314 061743.833 INFO             PET1 PIOc_freedecomp Enter - MemInfo: Wall-clock time since execution start:                0.02552 seconds
20220314 061743.833 INFO             PET1 PIOc_freedecomp Exit - MemInfo: [/proc/meminfo - SSI]	MemTotal:       65507008 kB
20220314 061743.833 INFO             PET1 PIOc_freedecomp Exit - MemInfo: [/proc/meminfo - SSI]	MemFree:        49551372 kB
20220314 061743.833 INFO             PET1 PIOc_freedecomp Exit - MemInfo: [/proc/meminfo - SSI]	MemAvailable:   49312984 kB
20220314 061743.834 INFO             PET1 PIOc_freedecomp Exit - MemInfo: [/proc/meminfo - SSI]	Committed_AS:   13105228 kB
20220314 061743.834 INFO             PET1 PIOc_freedecomp Exit - MemInfo: [/proc/meminfo - SSI]	CommittedPercent: 20.0058 %
20220314 061743.834 INFO             PET1 PIOc_freedecomp Exit - MemInfo: [/proc/self/status]	VmPeak:	  506704 kB
20220314 061743.834 INFO             PET1 PIOc_freedecomp Exit - MemInfo: [/proc/self/status]	VmSize:	  506704 kB
20220314 061743.834 INFO             PET1 PIOc_freedecomp Exit - MemInfo: [/proc/self/status]	VmLck:	       0 kB
20220314 061743.834 INFO             PET1 PIOc_freedecomp Exit - MemInfo: [/proc/self/status]	VmPin:	       0 kB
20220314 061743.834 INFO             PET1 PIOc_freedecomp Exit - MemInfo: [/proc/self/status]	VmHWM:	   64880 kB
20220314 061743.834 INFO             PET1 PIOc_freedecomp Exit - MemInfo: [/proc/self/status]	VmRSS:	   18660 kB
20220314 061743.834 INFO             PET1 PIOc_freedecomp Exit - MemInfo: [/proc/self/status]	VmData:	   15268 kB
20220314 061743.834 INFO             PET1 PIOc_freedecomp Exit - MemInfo: [/proc/self/status]	VmStk:	     148 kB
20220314 061743.834 INFO             PET1 PIOc_freedecomp Exit - MemInfo: [/proc/self/status]	VmExe:	     200 kB
20220314 061743.834 INFO             PET1 PIOc_freedecomp Exit - MemInfo: [/proc/self/status]	VmLib:	   49272 kB
20220314 061743.834 INFO             PET1 PIOc_freedecomp Exit - MemInfo: [/proc/self/status]	VmPTE:	     728 kB
20220314 061743.834 INFO             PET1 PIOc_freedecomp Exit - MemInfo: [/proc/self/status]	VmPMD:	      12 kB
20220314 061743.834 INFO             PET1 PIOc_freedecomp Exit - MemInfo: [/proc/self/status]	VmSwap:	       0 kB
20220314 061743.834 INFO             PET1 PIOc_freedecomp Exit - MemInfo: [/proc/self/status]	VmRSSPercent: 0.0284855 %
20220314 061743.834 INFO             PET1 PIOc_freedecomp Exit - MemInfo: [malloc] Non-mmapped space allocated:                 3268608 Byte
20220314 061743.834 INFO             PET1 PIOc_freedecomp Exit - MemInfo: [malloc] Space allocated in mmapped regions:          1581056 Byte
20220314 061743.834 INFO             PET1 PIOc_freedecomp Exit - MemInfo: [malloc] Maximum total allocated space:                     0 Byte
20220314 061743.834 INFO             PET1 PIOc_freedecomp Exit - MemInfo: [malloc] Space in freed fastbin blocks:                  1808 Byte
20220314 061743.834 INFO             PET1 PIOc_freedecomp Exit - MemInfo: [malloc] Total allocated space:                       2425568 Byte
20220314 061743.834 INFO             PET1 PIOc_freedecomp Exit - MemInfo: [malloc] Total free space:                             843040 Byte
20220314 061743.834 INFO             PET1 PIOc_freedecomp Exit - MemInfo: [malloc] Top-most, releasable space:                   134384 Byte
20220314 061743.834 INFO             PET1 PIOc_freedecomp Exit - MemInfo: [malloc] Total space in use, mmap + non-mmap:         4006624 Byte
20220314 061743.834 INFO             PET1 PIOc_freedecomp Exit - MemInfo: [malloc] Total space held (mmap + non-mmap):          4849664 Byte
20220314 061743.834 INFO             PET1 PIOc_freedecomp Exit - MemInfo: [malloc] Total space used (mmap + non-mmap):          4015968 Byte
20220314 061743.834 INFO             PET1 PIOc_freedecomp Exit - MemInfo: Wall-clock time since execution start:              0.0258641 seconds
20220314 061743.835 INFO             PET1 PIOc_sync Enter - MemInfo: [/proc/meminfo - SSI]	MemTotal:       65507008 kB
20220314 061743.835 INFO             PET1 PIOc_sync Enter - MemInfo: [/proc/meminfo - SSI]	MemFree:        49550868 kB
20220314 061743.835 INFO             PET1 PIOc_sync Enter - MemInfo: [/proc/meminfo - SSI]	MemAvailable:   49312480 kB
20220314 061743.835 INFO             PET1 PIOc_sync Enter - MemInfo: [/proc/meminfo - SSI]	Committed_AS:   13105228 kB
20220314 061743.835 INFO             PET1 PIOc_sync Enter - MemInfo: [/proc/meminfo - SSI]	CommittedPercent: 20.0058 %
20220314 061743.835 INFO             PET1 PIOc_sync Enter - MemInfo: [/proc/self/status]	VmPeak:	  506704 kB
20220314 061743.835 INFO             PET1 PIOc_sync Enter - MemInfo: [/proc/self/status]	VmSize:	  506704 kB
20220314 061743.835 INFO             PET1 PIOc_sync Enter - MemInfo: [/proc/self/status]	VmLck:	       0 kB
20220314 061743.835 INFO             PET1 PIOc_sync Enter - MemInfo: [/proc/self/status]	VmPin:	       0 kB
20220314 061743.835 INFO             PET1 PIOc_sync Enter - MemInfo: [/proc/self/status]	VmHWM:	   64880 kB
20220314 061743.835 INFO             PET1 PIOc_sync Enter - MemInfo: [/proc/self/status]	VmRSS:	   18660 kB
20220314 061743.835 INFO             PET1 PIOc_sync Enter - MemInfo: [/proc/self/status]	VmData:	   15268 kB
20220314 061743.835 INFO             PET1 PIOc_sync Enter - MemInfo: [/proc/self/status]	VmStk:	     148 kB
20220314 061743.835 INFO             PET1 PIOc_sync Enter - MemInfo: [/proc/self/status]	VmExe:	     200 kB
20220314 061743.835 INFO             PET1 PIOc_sync Enter - MemInfo: [/proc/self/status]	VmLib:	   49272 kB
20220314 061743.835 INFO             PET1 PIOc_sync Enter - MemInfo: [/proc/self/status]	VmPTE:	     728 kB
20220314 061743.835 INFO             PET1 PIOc_sync Enter - MemInfo: [/proc/self/status]	VmPMD:	      12 kB
20220314 061743.835 INFO             PET1 PIOc_sync Enter - MemInfo: [/proc/self/status]	VmSwap:	       0 kB
20220314 061743.835 INFO             PET1 PIOc_sync Enter - MemInfo: [/proc/self/status]	VmRSSPercent: 0.0284855 %
20220314 061743.835 INFO             PET1 PIOc_sync Enter - MemInfo: [malloc] Non-mmapped space allocated:                 3268608 Byte
20220314 061743.835 INFO             PET1 PIOc_sync Enter - MemInfo: [malloc] Space allocated in mmapped regions:          1581056 Byte
20220314 061743.835 INFO             PET1 PIOc_sync Enter - MemInfo: [malloc] Maximum total allocated space:                     0 Byte
20220314 061743.835 INFO             PET1 PIOc_sync Enter - MemInfo: [malloc] Space in freed fastbin blocks:                  1104 Byte
20220314 061743.835 INFO             PET1 PIOc_sync Enter - MemInfo: [malloc] Total allocated space:                       2429664 Byte
20220314 061743.835 INFO             PET1 PIOc_sync Enter - MemInfo: [malloc] Total free space:                             838944 Byte
20220314 061743.835 INFO             PET1 PIOc_sync Enter - MemInfo: [malloc] Top-most, releasable space:                   134384 Byte
20220314 061743.835 INFO             PET1 PIOc_sync Enter - MemInfo: [malloc] Total space in use, mmap + non-mmap:         4010720 Byte
20220314 061743.835 INFO             PET1 PIOc_sync Enter - MemInfo: [malloc] Total space held (mmap + non-mmap):          4849664 Byte
20220314 061743.835 INFO             PET1 PIOc_sync Enter - MemInfo: [malloc] Total space used (mmap + non-mmap):          4020048 Byte
20220314 061743.835 INFO             PET1 PIOc_sync Enter - MemInfo: Wall-clock time since execution start:              0.0274142 seconds
20220314 061743.835 INFO             PET1 PIOc_sync Exit - MemInfo: [/proc/meminfo - SSI]	MemTotal:       65507008 kB
20220314 061743.835 INFO             PET1 PIOc_sync Exit - MemInfo: [/proc/meminfo - SSI]	MemFree:        49550868 kB
20220314 061743.836 INFO             PET1 PIOc_sync Exit - MemInfo: [/proc/meminfo - SSI]	MemAvailable:   49312480 kB
20220314 061743.836 INFO             PET1 PIOc_sync Exit - MemInfo: [/proc/meminfo - SSI]	Committed_AS:   13105228 kB
20220314 061743.836 INFO             PET1 PIOc_sync Exit - MemInfo: [/proc/meminfo - SSI]	CommittedPercent: 20.0058 %
20220314 061743.836 INFO             PET1 PIOc_sync Exit - MemInfo: [/proc/self/status]	VmPeak:	  506704 kB
20220314 061743.836 INFO             PET1 PIOc_sync Exit - MemInfo: [/proc/self/status]	VmSize:	  506704 kB
20220314 061743.836 INFO             PET1 PIOc_sync Exit - MemInfo: [/proc/self/status]	VmLck:	       0 kB
20220314 061743.836 INFO             PET1 PIOc_sync Exit - MemInfo: [/proc/self/status]	VmPin:	       0 kB
20220314 061743.836 INFO             PET1 PIOc_sync Exit - MemInfo: [/proc/self/status]	VmHWM:	   64880 kB
20220314 061743.836 INFO             PET1 PIOc_sync Exit - MemInfo: [/proc/self/status]	VmRSS:	   18660 kB
20220314 061743.836 INFO             PET1 PIOc_sync Exit - MemInfo: [/proc/self/status]	VmData:	   15268 kB
20220314 061743.836 INFO             PET1 PIOc_sync Exit - MemInfo: [/proc/self/status]	VmStk:	     148 kB
20220314 061743.836 INFO             PET1 PIOc_sync Exit - MemInfo: [/proc/self/status]	VmExe:	     200 kB
20220314 061743.836 INFO             PET1 PIOc_sync Exit - MemInfo: [/proc/self/status]	VmLib:	   49272 kB
20220314 061743.836 INFO             PET1 PIOc_sync Exit - MemInfo: [/proc/self/status]	VmPTE:	     728 kB
20220314 061743.836 INFO             PET1 PIOc_sync Exit - MemInfo: [/proc/self/status]	VmPMD:	      12 kB
20220314 061743.836 INFO             PET1 PIOc_sync Exit - MemInfo: [/proc/self/status]	VmSwap:	       0 kB
20220314 061743.836 INFO             PET1 PIOc_sync Exit - MemInfo: [/proc/self/status]	VmRSSPercent: 0.0284855 %
20220314 061743.836 INFO             PET1 PIOc_sync Exit - MemInfo: [malloc] Non-mmapped space allocated:                 3268608 Byte
20220314 061743.836 INFO             PET1 PIOc_sync Exit - MemInfo: [malloc] Space allocated in mmapped regions:          1581056 Byte
20220314 061743.836 INFO             PET1 PIOc_sync Exit - MemInfo: [malloc] Maximum total allocated space:                     0 Byte
20220314 061743.836 INFO             PET1 PIOc_sync Exit - MemInfo: [malloc] Space in freed fastbin blocks:                  1344 Byte
20220314 061743.836 INFO             PET1 PIOc_sync Exit - MemInfo: [malloc] Total allocated space:                       2429568 Byte
20220314 061743.836 INFO             PET1 PIOc_sync Exit - MemInfo: [malloc] Total free space:                             839040 Byte
20220314 061743.836 INFO             PET1 PIOc_sync Exit - MemInfo: [malloc] Top-most, releasable space:                   134384 Byte
20220314 061743.836 INFO             PET1 PIOc_sync Exit - MemInfo: [malloc] Total space in use, mmap + non-mmap:         4010624 Byte
20220314 061743.836 INFO             PET1 PIOc_sync Exit - MemInfo: [malloc] Total space held (mmap + non-mmap):          4849664 Byte
20220314 061743.836 INFO             PET1 PIOc_sync Exit - MemInfo: [malloc] Total space used (mmap + non-mmap):          4019952 Byte
20220314 061743.836 INFO             PET1 PIOc_sync Exit - MemInfo: Wall-clock time since execution start:               0.027881 seconds
20220314 061743.836 INFO             PET1 PIOc_freedecomp Enter - MemInfo: [/proc/meminfo - SSI]	MemTotal:       65507008 kB
20220314 061743.836 INFO             PET1 PIOc_freedecomp Enter - MemInfo: [/proc/meminfo - SSI]	MemFree:        49550868 kB
20220314 061743.836 INFO             PET1 PIOc_freedecomp Enter - MemInfo: [/proc/meminfo - SSI]	MemAvailable:   49312480 kB
20220314 061743.836 INFO             PET1 PIOc_freedecomp Enter - MemInfo: [/proc/meminfo - SSI]	Committed_AS:   13105228 kB
20220314 061743.836 INFO             PET1 PIOc_freedecomp Enter - MemInfo: [/proc/meminfo - SSI]	CommittedPercent: 20.0058 %
20220314 061743.836 INFO             PET1 PIOc_freedecomp Enter - MemInfo: [/proc/self/status]	VmPeak:	  506704 kB
20220314 061743.836 INFO             PET1 PIOc_freedecomp Enter - MemInfo: [/proc/self/status]	VmSize:	  506704 kB
20220314 061743.836 INFO             PET1 PIOc_freedecomp Enter - MemInfo: [/proc/self/status]	VmLck:	       0 kB
20220314 061743.836 INFO             PET1 PIOc_freedecomp Enter - MemInfo: [/proc/self/status]	VmPin:	       0 kB
20220314 061743.836 INFO             PET1 PIOc_freedecomp Enter - MemInfo: [/proc/self/status]	VmHWM:	   64880 kB
20220314 061743.836 INFO             PET1 PIOc_freedecomp Enter - MemInfo: [/proc/self/status]	VmRSS:	   18660 kB
20220314 061743.836 INFO             PET1 PIOc_freedecomp Enter - MemInfo: [/proc/self/status]	VmData:	   15268 kB
20220314 061743.836 INFO             PET1 PIOc_freedecomp Enter - MemInfo: [/proc/self/status]	VmStk:	     148 kB
20220314 061743.836 INFO             PET1 PIOc_freedecomp Enter - MemInfo: [/proc/self/status]	VmExe:	     200 kB
20220314 061743.836 INFO             PET1 PIOc_freedecomp Enter - MemInfo: [/proc/self/status]	VmLib:	   49272 kB
20220314 061743.836 INFO             PET1 PIOc_freedecomp Enter - MemInfo: [/proc/self/status]	VmPTE:	     728 kB
20220314 061743.836 INFO             PET1 PIOc_freedecomp Enter - MemInfo: [/proc/self/status]	VmPMD:	      12 kB
20220314 061743.836 INFO             PET1 PIOc_freedecomp Enter - MemInfo: [/proc/self/status]	VmSwap:	       0 kB
20220314 061743.836 INFO             PET1 PIOc_freedecomp Enter - MemInfo: [/proc/self/status]	VmRSSPercent: 0.0284855 %
20220314 061743.836 INFO             PET1 PIOc_freedecomp Enter - MemInfo: [malloc] Non-mmapped space allocated:                 3268608 Byte
20220314 061743.836 INFO             PET1 PIOc_freedecomp Enter - MemInfo: [malloc] Space allocated in mmapped regions:          1581056 Byte
20220314 061743.836 INFO             PET1 PIOc_freedecomp Enter - MemInfo: [malloc] Maximum total allocated space:                     0 Byte
20220314 061743.836 INFO             PET1 PIOc_freedecomp Enter - MemInfo: [malloc] Space in freed fastbin blocks:                  1536 Byte
20220314 061743.836 INFO             PET1 PIOc_freedecomp Enter - MemInfo: [malloc] Total allocated space:                       2427648 Byte
20220314 061743.836 INFO             PET1 PIOc_freedecomp Enter - MemInfo: [malloc] Total free space:                             840960 Byte
20220314 061743.836 INFO             PET1 PIOc_freedecomp Enter - MemInfo: [malloc] Top-most, releasable space:                   134384 Byte
20220314 061743.836 INFO             PET1 PIOc_freedecomp Enter - MemInfo: [malloc] Total space in use, mmap + non-mmap:         4008704 Byte
20220314 061743.836 INFO             PET1 PIOc_freedecomp Enter - MemInfo: [malloc] Total space held (mmap + non-mmap):          4849664 Byte
20220314 061743.836 INFO             PET1 PIOc_freedecomp Enter - MemInfo: [malloc] Total space used (mmap + non-mmap):          4018032 Byte
20220314 061743.836 INFO             PET1 PIOc_freedecomp Enter - MemInfo: Wall-clock time since execution start:              0.0282764 seconds
20220314 061743.836 INFO             PET1 PIOc_freedecomp Exit - MemInfo: [/proc/meminfo - SSI]	MemTotal:       65507008 kB
20220314 061743.836 INFO             PET1 PIOc_freedecomp Exit - MemInfo: [/proc/meminfo - SSI]	MemFree:        49550868 kB
20220314 061743.836 INFO             PET1 PIOc_freedecomp Exit - MemInfo: [/proc/meminfo - SSI]	MemAvailable:   49312480 kB
20220314 061743.836 INFO             PET1 PIOc_freedecomp Exit - MemInfo: [/proc/meminfo - SSI]	Committed_AS:   13105228 kB
20220314 061743.836 INFO             PET1 PIOc_freedecomp Exit - MemInfo: [/proc/meminfo - SSI]	CommittedPercent: 20.0058 %
20220314 061743.836 INFO             PET1 PIOc_freedecomp Exit - MemInfo: [/proc/self/status]	VmPeak:	  506704 kB
20220314 061743.836 INFO             PET1 PIOc_freedecomp Exit - MemInfo: [/proc/self/status]	VmSize:	  506704 kB
20220314 061743.836 INFO             PET1 PIOc_freedecomp Exit - MemInfo: [/proc/self/status]	VmLck:	       0 kB
20220314 061743.836 INFO             PET1 PIOc_freedecomp Exit - MemInfo: [/proc/self/status]	VmPin:	       0 kB
20220314 061743.836 INFO             PET1 PIOc_freedecomp Exit - MemInfo: [/proc/self/status]	VmHWM:	   64880 kB
20220314 061743.836 INFO             PET1 PIOc_freedecomp Exit - MemInfo: [/proc/self/status]	VmRSS:	   18660 kB
20220314 061743.836 INFO             PET1 PIOc_freedecomp Exit - MemInfo: [/proc/self/status]	VmData:	   15268 kB
20220314 061743.836 INFO             PET1 PIOc_freedecomp Exit - MemInfo: [/proc/self/status]	VmStk:	     148 kB
20220314 061743.836 INFO             PET1 PIOc_freedecomp Exit - MemInfo: [/proc/self/status]	VmExe:	     200 kB
20220314 061743.836 INFO             PET1 PIOc_freedecomp Exit - MemInfo: [/proc/self/status]	VmLib:	   49272 kB
20220314 061743.836 INFO             PET1 PIOc_freedecomp Exit - MemInfo: [/proc/self/status]	VmPTE:	     728 kB
20220314 061743.836 INFO             PET1 PIOc_freedecomp Exit - MemInfo: [/proc/self/status]	VmPMD:	      12 kB
20220314 061743.836 INFO             PET1 PIOc_freedecomp Exit - MemInfo: [/proc/self/status]	VmSwap:	       0 kB
20220314 061743.836 INFO             PET1 PIOc_freedecomp Exit - MemInfo: [/proc/self/status]	VmRSSPercent: 0.0284855 %
20220314 061743.836 INFO             PET1 PIOc_freedecomp Exit - MemInfo: [malloc] Non-mmapped space allocated:                 3268608 Byte
20220314 061743.836 INFO             PET1 PIOc_freedecomp Exit - MemInfo: [malloc] Space allocated in mmapped regions:          1581056 Byte
20220314 061743.836 INFO             PET1 PIOc_freedecomp Exit - MemInfo: [malloc] Maximum total allocated space:                     0 Byte
20220314 061743.836 INFO             PET1 PIOc_freedecomp Exit - MemInfo: [malloc] Space in freed fastbin blocks:                  1808 Byte
20220314 061743.836 INFO             PET1 PIOc_freedecomp Exit - MemInfo: [malloc] Total allocated space:                       2425584 Byte
20220314 061743.836 INFO             PET1 PIOc_freedecomp Exit - MemInfo: [malloc] Total free space:                             843024 Byte
20220314 061743.837 INFO             PET1 PIOc_freedecomp Exit - MemInfo: [malloc] Top-most, releasable space:                   134384 Byte
20220314 061743.837 INFO             PET1 PIOc_freedecomp Exit - MemInfo: [malloc] Total space in use, mmap + non-mmap:         4006640 Byte
20220314 061743.837 INFO             PET1 PIOc_freedecomp Exit - MemInfo: [malloc] Total space held (mmap + non-mmap):          4849664 Byte
20220314 061743.837 INFO             PET1 PIOc_freedecomp Exit - MemInfo: [malloc] Total space used (mmap + non-mmap):          4015968 Byte
20220314 061743.837 INFO             PET1 PIOc_freedecomp Exit - MemInfo: Wall-clock time since execution start:              0.0286312 seconds
20220314 061743.837 INFO             PET1  PASS  ESMF_OutputWeightFile, ESMF_IOUTest.F90, line 81
20220314 061743.847 INFO             PET1  PASS  call ESMF_OutputWeightFile with empty factor list on four PETs, ESMF_IOUTest.F90, line 191
20220314 061743.847 INFO             PET1  Ending Test, file ESMF_IOUTest.F90, line 201
20220314 061743.847 INFO             PET1 Finalizing ESMF
20220314 061743.809 INFO             PET2 !!!!!!!!!!!!!!!!!!!!!!!!!!!!!!!!!!!!!!!!!!!!!!!!!!!!!!
20220314 061743.809 INFO             PET2 !!! THE ESMF_LOG IS SET TO OUTPUT ALL LOG MESSAGES !!!
20220314 061743.809 INFO             PET2 !!!     THIS MAY CAUSE SLOWDOWN IN PERFORMANCE     !!!
20220314 061743.809 INFO             PET2 !!! FOR PRODUCTION RUNS, USE:                      !!!
20220314 061743.809 INFO             PET2 !!!                   ESMF_LOGKIND_Multi_On_Error  !!!
20220314 061743.809 INFO             PET2 !!!!!!!!!!!!!!!!!!!!!!!!!!!!!!!!!!!!!!!!!!!!!!!!!!!!!!
20220314 061743.809 INFO             PET2 Running with ESMF Version   : v8.3.0b09-96-g559b459836
20220314 061743.809 INFO             PET2 ESMF library build date/time: "Mar 14 2022" "06:02:50"
20220314 061743.809 INFO             PET2 ESMF library build location : /glade/scratch/rlong/esmf-testing/gfortran_10.1.0_openmpi_O_jedwards_pio_update2
20220314 061743.809 INFO             PET2 ESMF_COMM                   : openmpi
20220314 061743.809 INFO             PET2 ESMF_MOAB                   : enabled
20220314 061743.809 INFO             PET2 ESMF_LAPACK                 : enabled
20220314 061743.809 INFO             PET2 ESMF_NETCDF                 : enabled
20220314 061743.809 INFO             PET2 ESMF_PNETCDF                : disabled
20220314 061743.809 INFO             PET2 ESMF_PIO                    : enabled
20220314 061743.809 INFO             PET2 ESMF_YAMLCPP                : enabled
20220314 061743.809 INFO             PET2  Beginning Test, file ESMF_IOUTest.F90, line 57
20220314 061743.810 INFO             PET2  NUMBER_OF_PROCESSORS           4
20220314 061743.810 INFO             PET2 Starting Test:  ESMF_OutputWeightFile
20220314 061743.821 INFO             PET2 PIOc_sync Enter - MemInfo: [/proc/meminfo - SSI]	MemTotal:       65507008 kB
20220314 061743.821 INFO             PET2 PIOc_sync Enter - MemInfo: [/proc/meminfo - SSI]	MemFree:        49543308 kB
20220314 061743.821 INFO             PET2 PIOc_sync Enter - MemInfo: [/proc/meminfo - SSI]	MemAvailable:   49304920 kB
20220314 061743.821 INFO             PET2 PIOc_sync Enter - MemInfo: [/proc/meminfo - SSI]	Committed_AS:   13105140 kB
20220314 061743.821 INFO             PET2 PIOc_sync Enter - MemInfo: [/proc/meminfo - SSI]	CommittedPercent: 20.0057 %
20220314 061743.821 INFO             PET2 PIOc_sync Enter - MemInfo: [/proc/self/status]	VmPeak:	  506608 kB
20220314 061743.821 INFO             PET2 PIOc_sync Enter - MemInfo: [/proc/self/status]	VmSize:	  506608 kB
20220314 061743.821 INFO             PET2 PIOc_sync Enter - MemInfo: [/proc/self/status]	VmLck:	       0 kB
20220314 061743.821 INFO             PET2 PIOc_sync Enter - MemInfo: [/proc/self/status]	VmPin:	       0 kB
20220314 061743.821 INFO             PET2 PIOc_sync Enter - MemInfo: [/proc/self/status]	VmHWM:	   64884 kB
20220314 061743.821 INFO             PET2 PIOc_sync Enter - MemInfo: [/proc/self/status]	VmRSS:	   18544 kB
20220314 061743.821 INFO             PET2 PIOc_sync Enter - MemInfo: [/proc/self/status]	VmData:	   15172 kB
20220314 061743.821 INFO             PET2 PIOc_sync Enter - MemInfo: [/proc/self/status]	VmStk:	     148 kB
20220314 061743.821 INFO             PET2 PIOc_sync Enter - MemInfo: [/proc/self/status]	VmExe:	     200 kB
20220314 061743.821 INFO             PET2 PIOc_sync Enter - MemInfo: [/proc/self/status]	VmLib:	   49272 kB
20220314 061743.821 INFO             PET2 PIOc_sync Enter - MemInfo: [/proc/self/status]	VmPTE:	     740 kB
20220314 061743.821 INFO             PET2 PIOc_sync Enter - MemInfo: [/proc/self/status]	VmPMD:	      12 kB
20220314 061743.821 INFO             PET2 PIOc_sync Enter - MemInfo: [/proc/self/status]	VmSwap:	       0 kB
20220314 061743.821 INFO             PET2 PIOc_sync Enter - MemInfo: [/proc/self/status]	VmRSSPercent: 0.0283084 %
20220314 061743.821 INFO             PET2 PIOc_sync Enter - MemInfo: [malloc] Non-mmapped space allocated:                 3170304 Byte
20220314 061743.823 INFO             PET2 PIOc_sync Enter - MemInfo: [malloc] Space allocated in mmapped regions:          1581056 Byte
20220314 061743.823 INFO             PET2 PIOc_sync Enter - MemInfo: [malloc] Maximum total allocated space:                     0 Byte
20220314 061743.823 INFO             PET2 PIOc_sync Enter - MemInfo: [malloc] Space in freed fastbin blocks:                  1072 Byte
20220314 061743.823 INFO             PET2 PIOc_sync Enter - MemInfo: [malloc] Total allocated space:                       2371648 Byte
20220314 061743.823 INFO             PET2 PIOc_sync Enter - MemInfo: [malloc] Total free space:                             798656 Byte
20220314 061743.823 INFO             PET2 PIOc_sync Enter - MemInfo: [malloc] Top-most, releasable space:                    36144 Byte
20220314 061743.823 INFO             PET2 PIOc_sync Enter - MemInfo: [malloc] Total space in use, mmap + non-mmap:         3952704 Byte
20220314 061743.823 INFO             PET2 PIOc_sync Enter - MemInfo: [malloc] Total space held (mmap + non-mmap):          4751360 Byte
20220314 061743.823 INFO             PET2 PIOc_sync Enter - MemInfo: [malloc] Total space used (mmap + non-mmap):          3962032 Byte
20220314 061743.823 INFO             PET2 PIOc_sync Enter - MemInfo: Wall-clock time since execution start:              0.0149771 seconds
20220314 061743.826 INFO             PET2 PIOc_sync Exit - MemInfo: [/proc/meminfo - SSI]	MemTotal:       65507008 kB
20220314 061743.826 INFO             PET2 PIOc_sync Exit - MemInfo: [/proc/meminfo - SSI]	MemFree:        49543308 kB
20220314 061743.826 INFO             PET2 PIOc_sync Exit - MemInfo: [/proc/meminfo - SSI]	MemAvailable:   49304920 kB
20220314 061743.826 INFO             PET2 PIOc_sync Exit - MemInfo: [/proc/meminfo - SSI]	Committed_AS:   13105140 kB
20220314 061743.826 INFO             PET2 PIOc_sync Exit - MemInfo: [/proc/meminfo - SSI]	CommittedPercent: 20.0057 %
20220314 061743.826 INFO             PET2 PIOc_sync Exit - MemInfo: [/proc/self/status]	VmPeak:	  506608 kB
20220314 061743.826 INFO             PET2 PIOc_sync Exit - MemInfo: [/proc/self/status]	VmSize:	  506608 kB
20220314 061743.826 INFO             PET2 PIOc_sync Exit - MemInfo: [/proc/self/status]	VmLck:	       0 kB
20220314 061743.826 INFO             PET2 PIOc_sync Exit - MemInfo: [/proc/self/status]	VmPin:	       0 kB
20220314 061743.826 INFO             PET2 PIOc_sync Exit - MemInfo: [/proc/self/status]	VmHWM:	   64884 kB
20220314 061743.826 INFO             PET2 PIOc_sync Exit - MemInfo: [/proc/self/status]	VmRSS:	   18628 kB
20220314 061743.826 INFO             PET2 PIOc_sync Exit - MemInfo: [/proc/self/status]	VmData:	   15172 kB
20220314 061743.826 INFO             PET2 PIOc_sync Exit - MemInfo: [/proc/self/status]	VmStk:	     148 kB
20220314 061743.826 INFO             PET2 PIOc_sync Exit - MemInfo: [/proc/self/status]	VmExe:	     200 kB
20220314 061743.826 INFO             PET2 PIOc_sync Exit - MemInfo: [/proc/self/status]	VmLib:	   49272 kB
