build time -- 2022-03-12 06:04:12.566204
20220312 061632.406 INFO             PET0 !!!!!!!!!!!!!!!!!!!!!!!!!!!!!!!!!!!!!!!!!!!!!!!!!!!!!!
20220312 061632.406 INFO             PET0 !!! THE ESMF_LOG IS SET TO OUTPUT ALL LOG MESSAGES !!!
20220312 061632.406 INFO             PET0 !!!     THIS MAY CAUSE SLOWDOWN IN PERFORMANCE     !!!
20220312 061632.406 INFO             PET0 !!! FOR PRODUCTION RUNS, USE:                      !!!
20220312 061632.406 INFO             PET0 !!!                   ESMF_LOGKIND_Multi_On_Error  !!!
20220312 061632.406 INFO             PET0 !!!!!!!!!!!!!!!!!!!!!!!!!!!!!!!!!!!!!!!!!!!!!!!!!!!!!!
20220312 061632.406 INFO             PET0 Running with ESMF Version   : v8.3.0b09-96-g559b459836
20220312 061632.406 INFO             PET0 ESMF library build date/time: "Mar 12 2022" "06:02:09"
20220312 061632.406 INFO             PET0 ESMF library build location : /glade/scratch/rlong/esmf-testing/gfortran_10.1.0_openmpi_O_jedwards_pio_update2
20220312 061632.406 INFO             PET0 ESMF_COMM                   : openmpi
20220312 061632.406 INFO             PET0 ESMF_MOAB                   : enabled
20220312 061632.406 INFO             PET0 ESMF_LAPACK                 : enabled
20220312 061632.406 INFO             PET0 ESMF_NETCDF                 : enabled
20220312 061632.406 INFO             PET0 ESMF_PNETCDF                : disabled
20220312 061632.406 INFO             PET0 ESMF_PIO                    : enabled
20220312 061632.406 INFO             PET0 ESMF_YAMLCPP                : enabled
20220312 061632.407 INFO             PET0  Beginning Test, file ESMF_RouteHandleAdvancedUTest.F90, line 346
20220312 061632.407 INFO             PET0  NUMBER_OF_PROCESSORS           4
20220312 061632.414 INFO             PET0 ESMF_FieldRedistStoreNF(): Just entered routine.
20220312 061632.547 INFO             PET0 ESMF_FieldRedistStoreNF(): Leaving routine.
20220312 061632.547 INFO             PET0  PASS  Create RouteHandle for the original petList, ESMF_RouteHandleAdvancedUTest.F90, line 511
20220312 061632.547 INFO             PET0  PASS  Test RouteHandleIsCreated(), ESMF_RouteHandleAdvancedUTest.F90, line 519
20220312 061632.547 INFO             PET0  PASS  Test RouteHandleIsCreated() return value, ESMF_RouteHandleAdvancedUTest.F90, line 526
20220312 061632.547 INFO             PET0  PASS  Test RouteHandleGet(), ESMF_RouteHandleAdvancedUTest.F90, line 534
20220312 061632.557 INFO             PET0  PASS  Test RouteHandleWrite(), ESMF_RouteHandleAdvancedUTest.F90, line 542
20220312 061632.557 INFO             PET0  PASS  Test RouteHandleDestroy(), ESMF_RouteHandleAdvancedUTest.F90, line 550
20220312 061632.563 INFO             PET0  PASS  Test RouteHandleCreate(from file), ESMF_RouteHandleAdvancedUTest.F90, line 558
20220312 061632.566 INFO             PET0  PASS  Apply the read in Routehandle, ESMF_RouteHandleAdvancedUTest.F90, line 567
20220312 061632.566 INFO             PET0  PASS  Test RouteHandleDestroy() for the read in Routehandle, ESMF_RouteHandleAdvancedUTest.F90, line 575
20220312 061632.566 INFO             PET0 ESMF_FieldRedistStoreNF(): Just entered routine.
20220312 061632.688 INFO             PET0 ESMF_FieldRedistStoreNF(): Leaving routine.
20220312 061632.688 INFO             PET0  PASS  Create RouteHandle for the original petList, ESMF_RouteHandleAdvancedUTest.F90, line 585
20220312 061632.688 INFO             PET0  PASS  Transfer RouteHandle to a different petList, ESMF_RouteHandleAdvancedUTest.F90, line 602
20220312 061632.707 INFO             PET0 PIOc_sync Enter - MemInfo: [/proc/meminfo - SSI]	MemTotal:       65507008 kB
20220312 061632.707 INFO             PET0 PIOc_sync Enter - MemInfo: [/proc/meminfo - SSI]	MemFree:        49644940 kB
20220312 061632.707 INFO             PET0 PIOc_sync Enter - MemInfo: [/proc/meminfo - SSI]	MemAvailable:   49402424 kB
20220312 061632.707 INFO             PET0 PIOc_sync Enter - MemInfo: [/proc/meminfo - SSI]	Committed_AS:   13011300 kB
20220312 061632.707 INFO             PET0 PIOc_sync Enter - MemInfo: [/proc/meminfo - SSI]	CommittedPercent: 19.8625 %
20220312 061632.712 INFO             PET0 PIOc_sync Enter - MemInfo: [/proc/self/status]	VmPeak:	  529992 kB
20220312 061632.712 INFO             PET0 PIOc_sync Enter - MemInfo: [/proc/self/status]	VmSize:	  529992 kB
20220312 061632.712 INFO             PET0 PIOc_sync Enter - MemInfo: [/proc/self/status]	VmLck:	       0 kB
20220312 061632.712 INFO             PET0 PIOc_sync Enter - MemInfo: [/proc/self/status]	VmPin:	       0 kB
20220312 061632.712 INFO             PET0 PIOc_sync Enter - MemInfo: [/proc/self/status]	VmHWM:	   64896 kB
20220312 061632.712 INFO             PET0 PIOc_sync Enter - MemInfo: [/proc/self/status]	VmRSS:	   43984 kB
20220312 061632.712 INFO             PET0 PIOc_sync Enter - MemInfo: [/proc/self/status]	VmData:	   38016 kB
20220312 061632.712 INFO             PET0 PIOc_sync Enter - MemInfo: [/proc/self/status]	VmStk:	     148 kB
20220312 061632.712 INFO             PET0 PIOc_sync Enter - MemInfo: [/proc/self/status]	VmExe:	     216 kB
20220312 061632.712 INFO             PET0 PIOc_sync Enter - MemInfo: [/proc/self/status]	VmLib:	   49272 kB
20220312 061632.712 INFO             PET0 PIOc_sync Enter - MemInfo: [/proc/self/status]	VmPTE:	     780 kB
20220312 061632.712 INFO             PET0 PIOc_sync Enter - MemInfo: [/proc/self/status]	VmPMD:	      12 kB
20220312 061632.712 INFO             PET0 PIOc_sync Enter - MemInfo: [/proc/self/status]	VmSwap:	       0 kB
20220312 061632.712 INFO             PET0 PIOc_sync Enter - MemInfo: [/proc/self/status]	VmRSSPercent: 0.067144 %
20220312 061632.712 INFO             PET0 PIOc_sync Enter - MemInfo: [malloc] Non-mmapped space allocated:                 9781248 Byte
20220312 061632.712 INFO             PET0 PIOc_sync Enter - MemInfo: [malloc] Space allocated in mmapped regions:         18362368 Byte
20220312 061632.712 INFO             PET0 PIOc_sync Enter - MemInfo: [malloc] Maximum total allocated space:                     0 Byte
20220312 061632.712 INFO             PET0 PIOc_sync Enter - MemInfo: [malloc] Space in freed fastbin blocks:                  1520 Byte
20220312 061632.712 INFO             PET0 PIOc_sync Enter - MemInfo: [malloc] Total allocated space:                       4510880 Byte
20220312 061632.712 INFO             PET0 PIOc_sync Enter - MemInfo: [malloc] Total free space:                            5270368 Byte
20220312 061632.712 INFO             PET0 PIOc_sync Enter - MemInfo: [malloc] Top-most, releasable space:                   132064 Byte
20220312 061632.712 INFO             PET0 PIOc_sync Enter - MemInfo: [malloc] Total space in use, mmap + non-mmap:        22873248 Byte
20220312 061632.712 INFO             PET0 PIOc_sync Enter - MemInfo: [malloc] Total space held (mmap + non-mmap):         28143616 Byte
20220312 061632.712 INFO             PET0 PIOc_sync Enter - MemInfo: [malloc] Total space used (mmap + non-mmap):         22882576 Byte
20220312 061632.712 INFO             PET0 PIOc_sync Enter - MemInfo: Wall-clock time since execution start:               0.312552 seconds
20220312 061632.712 INFO             PET0 PIOc_sync Exit - MemInfo: [/proc/meminfo - SSI]	MemTotal:       65507008 kB
20220312 061632.712 INFO             PET0 PIOc_sync Exit - MemInfo: [/proc/meminfo - SSI]	MemFree:        49644940 kB
20220312 061632.712 INFO             PET0 PIOc_sync Exit - MemInfo: [/proc/meminfo - SSI]	MemAvailable:   49402676 kB
20220312 061632.712 INFO             PET0 PIOc_sync Exit - MemInfo: [/proc/meminfo - SSI]	Committed_AS:   13011300 kB
20220312 061632.712 INFO             PET0 PIOc_sync Exit - MemInfo: [/proc/meminfo - SSI]	CommittedPercent: 19.8625 %
20220312 061632.712 INFO             PET0 PIOc_sync Exit - MemInfo: [/proc/self/status]	VmPeak:	  529992 kB
20220312 061632.712 INFO             PET0 PIOc_sync Exit - MemInfo: [/proc/self/status]	VmSize:	  529992 kB
20220312 061632.712 INFO             PET0 PIOc_sync Exit - MemInfo: [/proc/self/status]	VmLck:	       0 kB
20220312 061632.712 INFO             PET0 PIOc_sync Exit - MemInfo: [/proc/self/status]	VmPin:	       0 kB
20220312 061632.712 INFO             PET0 PIOc_sync Exit - MemInfo: [/proc/self/status]	VmHWM:	   64896 kB
20220312 061632.712 INFO             PET0 PIOc_sync Exit - MemInfo: [/proc/self/status]	VmRSS:	   44084 kB
20220312 061632.712 INFO             PET0 PIOc_sync Exit - MemInfo: [/proc/self/status]	VmData:	   38016 kB
20220312 061632.712 INFO             PET0 PIOc_sync Exit - MemInfo: [/proc/self/status]	VmStk:	     148 kB
20220312 061632.712 INFO             PET0 PIOc_sync Exit - MemInfo: [/proc/self/status]	VmExe:	     216 kB
20220312 061632.712 INFO             PET0 PIOc_sync Exit - MemInfo: [/proc/self/status]	VmLib:	   49272 kB
20220312 061632.712 INFO             PET0 PIOc_sync Exit - MemInfo: [/proc/self/status]	VmPTE:	     780 kB
20220312 061632.712 INFO             PET0 PIOc_sync Exit - MemInfo: [/proc/self/status]	VmPMD:	      12 kB
20220312 061632.712 INFO             PET0 PIOc_sync Exit - MemInfo: [/proc/self/status]	VmSwap:	       0 kB
20220312 061632.712 INFO             PET0 PIOc_sync Exit - MemInfo: [/proc/self/status]	VmRSSPercent: 0.0672966 %
20220312 061632.712 INFO             PET0 PIOc_sync Exit - MemInfo: [malloc] Non-mmapped space allocated:                 9781248 Byte
20220312 061632.712 INFO             PET0 PIOc_sync Exit - MemInfo: [malloc] Space allocated in mmapped regions:         18362368 Byte
20220312 061632.712 INFO             PET0 PIOc_sync Exit - MemInfo: [malloc] Maximum total allocated space:                     0 Byte
20220312 061632.712 INFO             PET0 PIOc_sync Exit - MemInfo: [malloc] Space in freed fastbin blocks:                  1744 Byte
20220312 061632.712 INFO             PET0 PIOc_sync Exit - MemInfo: [malloc] Total allocated space:                       4515632 Byte
20220312 061632.712 INFO             PET0 PIOc_sync Exit - MemInfo: [malloc] Total free space:                            5265616 Byte
20220312 061632.712 INFO             PET0 PIOc_sync Exit - MemInfo: [malloc] Top-most, releasable space:                   132064 Byte
20220312 061632.712 INFO             PET0 PIOc_sync Exit - MemInfo: [malloc] Total space in use, mmap + non-mmap:        22878000 Byte
20220312 061632.712 INFO             PET0 PIOc_sync Exit - MemInfo: [malloc] Total space held (mmap + non-mmap):         28143616 Byte
20220312 061632.712 INFO             PET0 PIOc_sync Exit - MemInfo: [malloc] Total space used (mmap + non-mmap):         22887328 Byte
20220312 061632.712 INFO             PET0 PIOc_sync Exit - MemInfo: Wall-clock time since execution start:               0.313108 seconds
20220312 061632.713 INFO             PET0 PIOc_freedecomp Enter - MemInfo: [/proc/meminfo - SSI]	MemTotal:       65507008 kB
20220312 061632.713 INFO             PET0 PIOc_freedecomp Enter - MemInfo: [/proc/meminfo - SSI]	MemFree:        49660060 kB
20220312 061632.713 INFO             PET0 PIOc_freedecomp Enter - MemInfo: [/proc/meminfo - SSI]	MemAvailable:   49417796 kB
20220312 061632.713 INFO             PET0 PIOc_freedecomp Enter - MemInfo: [/proc/meminfo - SSI]	Committed_AS:   12994912 kB
20220312 061632.713 INFO             PET0 PIOc_freedecomp Enter - MemInfo: [/proc/meminfo - SSI]	CommittedPercent: 19.8374 %
20220312 061632.713 INFO             PET0 PIOc_freedecomp Enter - MemInfo: [/proc/self/status]	VmPeak:	  529992 kB
20220312 061632.713 INFO             PET0 PIOc_freedecomp Enter - MemInfo: [/proc/self/status]	VmSize:	  513604 kB
20220312 061632.713 INFO             PET0 PIOc_freedecomp Enter - MemInfo: [/proc/self/status]	VmLck:	       0 kB
20220312 061632.713 INFO             PET0 PIOc_freedecomp Enter - MemInfo: [/proc/self/status]	VmPin:	       0 kB
20220312 061632.713 INFO             PET0 PIOc_freedecomp Enter - MemInfo: [/proc/self/status]	VmHWM:	   64896 kB
20220312 061632.713 INFO             PET0 PIOc_freedecomp Enter - MemInfo: [/proc/self/status]	VmRSS:	   27696 kB
20220312 061632.713 INFO             PET0 PIOc_freedecomp Enter - MemInfo: [/proc/self/status]	VmData:	   21628 kB
20220312 061632.713 INFO             PET0 PIOc_freedecomp Enter - MemInfo: [/proc/self/status]	VmStk:	     148 kB
20220312 061632.713 INFO             PET0 PIOc_freedecomp Enter - MemInfo: [/proc/self/status]	VmExe:	     216 kB
20220312 061632.713 INFO             PET0 PIOc_freedecomp Enter - MemInfo: [/proc/self/status]	VmLib:	   49272 kB
20220312 061632.713 INFO             PET0 PIOc_freedecomp Enter - MemInfo: [/proc/self/status]	VmPTE:	     748 kB
20220312 061632.713 INFO             PET0 PIOc_freedecomp Enter - MemInfo: [/proc/self/status]	VmPMD:	      12 kB
20220312 061632.713 INFO             PET0 PIOc_freedecomp Enter - MemInfo: [/proc/self/status]	VmSwap:	       0 kB
20220312 061632.713 INFO             PET0 PIOc_freedecomp Enter - MemInfo: [/proc/self/status]	VmRSSPercent: 0.0422794 %
20220312 061632.713 INFO             PET0 PIOc_freedecomp Enter - MemInfo: [malloc] Non-mmapped space allocated:                 9781248 Byte
20220312 061632.713 INFO             PET0 PIOc_freedecomp Enter - MemInfo: [malloc] Space allocated in mmapped regions:          1581056 Byte
20220312 061632.713 INFO             PET0 PIOc_freedecomp Enter - MemInfo: [malloc] Maximum total allocated space:                     0 Byte
20220312 061632.713 INFO             PET0 PIOc_freedecomp Enter - MemInfo: [malloc] Space in freed fastbin blocks:                  1776 Byte
20220312 061632.713 INFO             PET0 PIOc_freedecomp Enter - MemInfo: [malloc] Total allocated space:                       3978032 Byte
20220312 061632.713 INFO             PET0 PIOc_freedecomp Enter - MemInfo: [malloc] Total free space:                            5803216 Byte
20220312 061632.713 INFO             PET0 PIOc_freedecomp Enter - MemInfo: [malloc] Top-most, releasable space:                   132064 Byte
20220312 061632.713 INFO             PET0 PIOc_freedecomp Enter - MemInfo: [malloc] Total space in use, mmap + non-mmap:         5559088 Byte
20220312 061632.713 INFO             PET0 PIOc_freedecomp Enter - MemInfo: [malloc] Total space held (mmap + non-mmap):         11362304 Byte
20220312 061632.713 INFO             PET0 PIOc_freedecomp Enter - MemInfo: [malloc] Total space used (mmap + non-mmap):          5568416 Byte
20220312 061632.713 INFO             PET0 PIOc_freedecomp Enter - MemInfo: Wall-clock time since execution start:               0.314269 seconds
20220312 061632.714 INFO             PET0 PIOc_freedecomp Exit - MemInfo: [/proc/meminfo - SSI]	MemTotal:       65507008 kB
20220312 061632.714 INFO             PET0 PIOc_freedecomp Exit - MemInfo: [/proc/meminfo - SSI]	MemFree:        49660060 kB
20220312 061632.714 INFO             PET0 PIOc_freedecomp Exit - MemInfo: [/proc/meminfo - SSI]	MemAvailable:   49417796 kB
20220312 061632.714 INFO             PET0 PIOc_freedecomp Exit - MemInfo: [/proc/meminfo - SSI]	Committed_AS:   12994912 kB
20220312 061632.714 INFO             PET0 PIOc_freedecomp Exit - MemInfo: [/proc/meminfo - SSI]	CommittedPercent: 19.8374 %
20220312 061632.714 INFO             PET0 PIOc_freedecomp Exit - MemInfo: [/proc/self/status]	VmPeak:	  529992 kB
20220312 061632.714 INFO             PET0 PIOc_freedecomp Exit - MemInfo: [/proc/self/status]	VmSize:	  513604 kB
20220312 061632.714 INFO             PET0 PIOc_freedecomp Exit - MemInfo: [/proc/self/status]	VmLck:	       0 kB
20220312 061632.714 INFO             PET0 PIOc_freedecomp Exit - MemInfo: [/proc/self/status]	VmPin:	       0 kB
20220312 061632.714 INFO             PET0 PIOc_freedecomp Exit - MemInfo: [/proc/self/status]	VmHWM:	   64896 kB
20220312 061632.714 INFO             PET0 PIOc_freedecomp Exit - MemInfo: [/proc/self/status]	VmRSS:	   27700 kB
20220312 061632.714 INFO             PET0 PIOc_freedecomp Exit - MemInfo: [/proc/self/status]	VmData:	   21628 kB
20220312 061632.714 INFO             PET0 PIOc_freedecomp Exit - MemInfo: [/proc/self/status]	VmStk:	     148 kB
20220312 061632.714 INFO             PET0 PIOc_freedecomp Exit - MemInfo: [/proc/self/status]	VmExe:	     216 kB
20220312 061632.714 INFO             PET0 PIOc_freedecomp Exit - MemInfo: [/proc/self/status]	VmLib:	   49272 kB
20220312 061632.714 INFO             PET0 PIOc_freedecomp Exit - MemInfo: [/proc/self/status]	VmPTE:	     748 kB
20220312 061632.714 INFO             PET0 PIOc_freedecomp Exit - MemInfo: [/proc/self/status]	VmPMD:	      12 kB
20220312 061632.714 INFO             PET0 PIOc_freedecomp Exit - MemInfo: [/proc/self/status]	VmSwap:	       0 kB
20220312 061632.714 INFO             PET0 PIOc_freedecomp Exit - MemInfo: [/proc/self/status]	VmRSSPercent: 0.0422856 %
20220312 061632.714 INFO             PET0 PIOc_freedecomp Exit - MemInfo: [malloc] Non-mmapped space allocated:                 9781248 Byte
20220312 061632.714 INFO             PET0 PIOc_freedecomp Exit - MemInfo: [malloc] Space allocated in mmapped regions:          1581056 Byte
20220312 061632.714 INFO             PET0 PIOc_freedecomp Exit - MemInfo: [malloc] Maximum total allocated space:                     0 Byte
20220312 061632.714 INFO             PET0 PIOc_freedecomp Exit - MemInfo: [malloc] Space in freed fastbin blocks:                  2688 Byte
20220312 061632.714 INFO             PET0 PIOc_freedecomp Exit - MemInfo: [malloc] Total allocated space:                       3971264 Byte
20220312 061632.714 INFO             PET0 PIOc_freedecomp Exit - MemInfo: [malloc] Total free space:                            5809984 Byte
20220312 061632.714 INFO             PET0 PIOc_freedecomp Exit - MemInfo: [malloc] Top-most, releasable space:                   132064 Byte
20220312 061632.714 INFO             PET0 PIOc_freedecomp Exit - MemInfo: [malloc] Total space in use, mmap + non-mmap:         5552320 Byte
20220312 061632.714 INFO             PET0 PIOc_freedecomp Exit - MemInfo: [malloc] Total space held (mmap + non-mmap):         11362304 Byte
20220312 061632.714 INFO             PET0 PIOc_freedecomp Exit - MemInfo: [malloc] Total space used (mmap + non-mmap):          5561648 Byte
20220312 061632.714 INFO             PET0 PIOc_freedecomp Exit - MemInfo: Wall-clock time since execution start:               0.314621 seconds
20220312 061632.718 INFO             PET0 PIOc_sync Enter - MemInfo: [/proc/meminfo - SSI]	MemTotal:       65507008 kB
20220312 061632.718 INFO             PET0 PIOc_sync Enter - MemInfo: [/proc/meminfo - SSI]	MemFree:        49653508 kB
20220312 061632.718 INFO             PET0 PIOc_sync Enter - MemInfo: [/proc/meminfo - SSI]	MemAvailable:   49411244 kB
20220312 061632.718 INFO             PET0 PIOc_sync Enter - MemInfo: [/proc/meminfo - SSI]	Committed_AS:   13011296 kB
20220312 061632.718 INFO             PET0 PIOc_sync Enter - MemInfo: [/proc/meminfo - SSI]	CommittedPercent: 19.8624 %
20220312 061632.718 INFO             PET0 PIOc_sync Enter - MemInfo: [/proc/self/status]	VmPeak:	  529992 kB
20220312 061632.718 INFO             PET0 PIOc_sync Enter - MemInfo: [/proc/self/status]	VmSize:	  529988 kB
20220312 061632.718 INFO             PET0 PIOc_sync Enter - MemInfo: [/proc/self/status]	VmLck:	       0 kB
20220312 061632.718 INFO             PET0 PIOc_sync Enter - MemInfo: [/proc/self/status]	VmPin:	       0 kB
20220312 061632.718 INFO             PET0 PIOc_sync Enter - MemInfo: [/proc/self/status]	VmHWM:	   64896 kB
20220312 061632.718 INFO             PET0 PIOc_sync Enter - MemInfo: [/proc/self/status]	VmRSS:	   35780 kB
20220312 061632.718 INFO             PET0 PIOc_sync Enter - MemInfo: [/proc/self/status]	VmData:	   38012 kB
20220312 061632.718 INFO             PET0 PIOc_sync Enter - MemInfo: [/proc/self/status]	VmStk:	     148 kB
20220312 061632.718 INFO             PET0 PIOc_sync Enter - MemInfo: [/proc/self/status]	VmExe:	     216 kB
20220312 061632.719 INFO             PET0 PIOc_sync Enter - MemInfo: [/proc/self/status]	VmLib:	   49272 kB
20220312 061632.719 INFO             PET0 PIOc_sync Enter - MemInfo: [/proc/self/status]	VmPTE:	     768 kB
20220312 061632.719 INFO             PET0 PIOc_sync Enter - MemInfo: [/proc/self/status]	VmPMD:	      12 kB
20220312 061632.719 INFO             PET0 PIOc_sync Enter - MemInfo: [/proc/self/status]	VmSwap:	       0 kB
20220312 061632.719 INFO             PET0 PIOc_sync Enter - MemInfo: [/proc/self/status]	VmRSSPercent: 0.0546201 %
20220312 061632.719 INFO             PET0 PIOc_sync Enter - MemInfo: [malloc] Non-mmapped space allocated:                26558464 Byte
20220312 061632.719 INFO             PET0 PIOc_sync Enter - MemInfo: [malloc] Space allocated in mmapped regions:          1581056 Byte
20220312 061632.719 INFO             PET0 PIOc_sync Enter - MemInfo: [malloc] Maximum total allocated space:                     0 Byte
20220312 061632.719 INFO             PET0 PIOc_sync Enter - MemInfo: [malloc] Space in freed fastbin blocks:                  2128 Byte
20220312 061632.719 INFO             PET0 PIOc_sync Enter - MemInfo: [malloc] Total allocated space:                      21288928 Byte
20220312 061632.719 INFO             PET0 PIOc_sync Enter - MemInfo: [malloc] Total free space:                            5269536 Byte
20220312 061632.719 INFO             PET0 PIOc_sync Enter - MemInfo: [malloc] Top-most, releasable space:                   132048 Byte
20220312 061632.719 INFO             PET0 PIOc_sync Enter - MemInfo: [malloc] Total space in use, mmap + non-mmap:        22869984 Byte
20220312 061632.719 INFO             PET0 PIOc_sync Enter - MemInfo: [malloc] Total space held (mmap + non-mmap):         28139520 Byte
20220312 061632.719 INFO             PET0 PIOc_sync Enter - MemInfo: [malloc] Total space used (mmap + non-mmap):         22879312 Byte
20220312 061632.719 INFO             PET0 PIOc_sync Enter - MemInfo: Wall-clock time since execution start:               0.319435 seconds
20220312 061632.719 INFO             PET0 PIOc_sync Exit - MemInfo: [/proc/meminfo - SSI]	MemTotal:       65507008 kB
20220312 061632.719 INFO             PET0 PIOc_sync Exit - MemInfo: [/proc/meminfo - SSI]	MemFree:        49653508 kB
20220312 061632.719 INFO             PET0 PIOc_sync Exit - MemInfo: [/proc/meminfo - SSI]	MemAvailable:   49411244 kB
20220312 061632.719 INFO             PET0 PIOc_sync Exit - MemInfo: [/proc/meminfo - SSI]	Committed_AS:   13011296 kB
20220312 061632.719 INFO             PET0 PIOc_sync Exit - MemInfo: [/proc/meminfo - SSI]	CommittedPercent: 19.8624 %
20220312 061632.719 INFO             PET0 PIOc_sync Exit - MemInfo: [/proc/self/status]	VmPeak:	  529992 kB
20220312 061632.719 INFO             PET0 PIOc_sync Exit - MemInfo: [/proc/self/status]	VmSize:	  529988 kB
20220312 061632.719 INFO             PET0 PIOc_sync Exit - MemInfo: [/proc/self/status]	VmLck:	       0 kB
20220312 061632.719 INFO             PET0 PIOc_sync Exit - MemInfo: [/proc/self/status]	VmPin:	       0 kB
20220312 061632.719 INFO             PET0 PIOc_sync Exit - MemInfo: [/proc/self/status]	VmHWM:	   64896 kB
20220312 061632.719 INFO             PET0 PIOc_sync Exit - MemInfo: [/proc/self/status]	VmRSS:	   35780 kB
20220312 061632.719 INFO             PET0 PIOc_sync Exit - MemInfo: [/proc/self/status]	VmData:	   38012 kB
20220312 061632.719 INFO             PET0 PIOc_sync Exit - MemInfo: [/proc/self/status]	VmStk:	     148 kB
20220312 061632.719 INFO             PET0 PIOc_sync Exit - MemInfo: [/proc/self/status]	VmExe:	     216 kB
20220312 061632.719 INFO             PET0 PIOc_sync Exit - MemInfo: [/proc/self/status]	VmLib:	   49272 kB
20220312 061632.719 INFO             PET0 PIOc_sync Exit - MemInfo: [/proc/self/status]	VmPTE:	     768 kB
20220312 061632.719 INFO             PET0 PIOc_sync Exit - MemInfo: [/proc/self/status]	VmPMD:	      12 kB
20220312 061632.719 INFO             PET0 PIOc_sync Exit - MemInfo: [/proc/self/status]	VmSwap:	       0 kB
20220312 061632.719 INFO             PET0 PIOc_sync Exit - MemInfo: [/proc/self/status]	VmRSSPercent: 0.0546201 %
20220312 061632.719 INFO             PET0 PIOc_sync Exit - MemInfo: [malloc] Non-mmapped space allocated:                26558464 Byte
20220312 061632.719 INFO             PET0 PIOc_sync Exit - MemInfo: [malloc] Space allocated in mmapped regions:          1581056 Byte
20220312 061632.719 INFO             PET0 PIOc_sync Exit - MemInfo: [malloc] Maximum total allocated space:                     0 Byte
20220312 061632.719 INFO             PET0 PIOc_sync Exit - MemInfo: [malloc] Space in freed fastbin blocks:                  1744 Byte
20220312 061632.719 INFO             PET0 PIOc_sync Exit - MemInfo: [malloc] Total allocated space:                      21293680 Byte
20220312 061632.719 INFO             PET0 PIOc_sync Exit - MemInfo: [malloc] Total free space:                            5264784 Byte
20220312 061632.719 INFO             PET0 PIOc_sync Exit - MemInfo: [malloc] Top-most, releasable space:                   132048 Byte
20220312 061632.719 INFO             PET0 PIOc_sync Exit - MemInfo: [malloc] Total space in use, mmap + non-mmap:        22874736 Byte
20220312 061632.719 INFO             PET0 PIOc_sync Exit - MemInfo: [malloc] Total space held (mmap + non-mmap):         28139520 Byte
20220312 061632.719 INFO             PET0 PIOc_sync Exit - MemInfo: [malloc] Total space used (mmap + non-mmap):         22884064 Byte
20220312 061632.719 INFO             PET0 PIOc_sync Exit - MemInfo: Wall-clock time since execution start:               0.319862 seconds
20220312 061632.719 INFO             PET0 PIOc_freedecomp Enter - MemInfo: [/proc/meminfo - SSI]	MemTotal:       65507008 kB
20220312 061632.719 INFO             PET0 PIOc_freedecomp Enter - MemInfo: [/proc/meminfo - SSI]	MemFree:        49653508 kB
20220312 061632.719 INFO             PET0 PIOc_freedecomp Enter - MemInfo: [/proc/meminfo - SSI]	MemAvailable:   49411244 kB
20220312 061632.719 INFO             PET0 PIOc_freedecomp Enter - MemInfo: [/proc/meminfo - SSI]	Committed_AS:   13011296 kB
20220312 061632.719 INFO             PET0 PIOc_freedecomp Enter - MemInfo: [/proc/meminfo - SSI]	CommittedPercent: 19.8624 %
20220312 061632.719 INFO             PET0 PIOc_freedecomp Enter - MemInfo: [/proc/self/status]	VmPeak:	  529992 kB
20220312 061632.719 INFO             PET0 PIOc_freedecomp Enter - MemInfo: [/proc/self/status]	VmSize:	  529988 kB
20220312 061632.719 INFO             PET0 PIOc_freedecomp Enter - MemInfo: [/proc/self/status]	VmLck:	       0 kB
20220312 061632.719 INFO             PET0 PIOc_freedecomp Enter - MemInfo: [/proc/self/status]	VmPin:	       0 kB
20220312 061632.719 INFO             PET0 PIOc_freedecomp Enter - MemInfo: [/proc/self/status]	VmHWM:	   64896 kB
20220312 061632.719 INFO             PET0 PIOc_freedecomp Enter - MemInfo: [/proc/self/status]	VmRSS:	   35780 kB
20220312 061632.719 INFO             PET0 PIOc_freedecomp Enter - MemInfo: [/proc/self/status]	VmData:	   38012 kB
20220312 061632.719 INFO             PET0 PIOc_freedecomp Enter - MemInfo: [/proc/self/status]	VmStk:	     148 kB
20220312 061632.719 INFO             PET0 PIOc_freedecomp Enter - MemInfo: [/proc/self/status]	VmExe:	     216 kB
20220312 061632.719 INFO             PET0 PIOc_freedecomp Enter - MemInfo: [/proc/self/status]	VmLib:	   49272 kB
20220312 061632.719 INFO             PET0 PIOc_freedecomp Enter - MemInfo: [/proc/self/status]	VmPTE:	     768 kB
20220312 061632.719 INFO             PET0 PIOc_freedecomp Enter - MemInfo: [/proc/self/status]	VmPMD:	      12 kB
20220312 061632.719 INFO             PET0 PIOc_freedecomp Enter - MemInfo: [/proc/self/status]	VmSwap:	       0 kB
20220312 061632.719 INFO             PET0 PIOc_freedecomp Enter - MemInfo: [/proc/self/status]	VmRSSPercent: 0.0546201 %
20220312 061632.719 INFO             PET0 PIOc_freedecomp Enter - MemInfo: [malloc] Non-mmapped space allocated:                26558464 Byte
20220312 061632.719 INFO             PET0 PIOc_freedecomp Enter - MemInfo: [malloc] Space allocated in mmapped regions:          1581056 Byte
20220312 061632.719 INFO             PET0 PIOc_freedecomp Enter - MemInfo: [malloc] Maximum total allocated space:                     0 Byte
20220312 061632.719 INFO             PET0 PIOc_freedecomp Enter - MemInfo: [malloc] Space in freed fastbin blocks:                  1552 Byte
20220312 061632.719 INFO             PET0 PIOc_freedecomp Enter - MemInfo: [malloc] Total allocated space:                       3978064 Byte
20220312 061632.719 INFO             PET0 PIOc_freedecomp Enter - MemInfo: [malloc] Total free space:                           22580400 Byte
20220312 061632.719 INFO             PET0 PIOc_freedecomp Enter - MemInfo: [malloc] Top-most, releasable space:                 16909280 Byte
20220312 061632.719 INFO             PET0 PIOc_freedecomp Enter - MemInfo: [malloc] Total space in use, mmap + non-mmap:         5559120 Byte
20220312 061632.719 INFO             PET0 PIOc_freedecomp Enter - MemInfo: [malloc] Total space held (mmap + non-mmap):         28139520 Byte
20220312 061632.719 INFO             PET0 PIOc_freedecomp Enter - MemInfo: [malloc] Total space used (mmap + non-mmap):          5568448 Byte
20220312 061632.719 INFO             PET0 PIOc_freedecomp Enter - MemInfo: Wall-clock time since execution start:               0.320237 seconds
20220312 061632.719 INFO             PET0 PIOc_freedecomp Exit - MemInfo: [/proc/meminfo - SSI]	MemTotal:       65507008 kB
20220312 061632.720 INFO             PET0 PIOc_freedecomp Exit - MemInfo: [/proc/meminfo - SSI]	MemFree:        49653508 kB
20220312 061632.720 INFO             PET0 PIOc_freedecomp Exit - MemInfo: [/proc/meminfo - SSI]	MemAvailable:   49411244 kB
20220312 061632.720 INFO             PET0 PIOc_freedecomp Exit - MemInfo: [/proc/meminfo - SSI]	Committed_AS:   13011296 kB
20220312 061632.720 INFO             PET0 PIOc_freedecomp Exit - MemInfo: [/proc/meminfo - SSI]	CommittedPercent: 19.8624 %
20220312 061632.720 INFO             PET0 PIOc_freedecomp Exit - MemInfo: [/proc/self/status]	VmPeak:	  529992 kB
20220312 061632.720 INFO             PET0 PIOc_freedecomp Exit - MemInfo: [/proc/self/status]	VmSize:	  529988 kB
20220312 061632.720 INFO             PET0 PIOc_freedecomp Exit - MemInfo: [/proc/self/status]	VmLck:	       0 kB
20220312 061632.720 INFO             PET0 PIOc_freedecomp Exit - MemInfo: [/proc/self/status]	VmPin:	       0 kB
20220312 061632.720 INFO             PET0 PIOc_freedecomp Exit - MemInfo: [/proc/self/status]	VmHWM:	   64896 kB
20220312 061632.720 INFO             PET0 PIOc_freedecomp Exit - MemInfo: [/proc/self/status]	VmRSS:	   35780 kB
20220312 061632.720 INFO             PET0 PIOc_freedecomp Exit - MemInfo: [/proc/self/status]	VmData:	   38012 kB
20220312 061632.720 INFO             PET0 PIOc_freedecomp Exit - MemInfo: [/proc/self/status]	VmStk:	     148 kB
20220312 061632.720 INFO             PET0 PIOc_freedecomp Exit - MemInfo: [/proc/self/status]	VmExe:	     216 kB
20220312 061632.720 INFO             PET0 PIOc_freedecomp Exit - MemInfo: [/proc/self/status]	VmLib:	   49272 kB
20220312 061632.720 INFO             PET0 PIOc_freedecomp Exit - MemInfo: [/proc/self/status]	VmPTE:	     768 kB
20220312 061632.720 INFO             PET0 PIOc_freedecomp Exit - MemInfo: [/proc/self/status]	VmPMD:	      12 kB
20220312 061632.720 INFO             PET0 PIOc_freedecomp Exit - MemInfo: [/proc/self/status]	VmSwap:	       0 kB
20220312 061632.720 INFO             PET0 PIOc_freedecomp Exit - MemInfo: [/proc/self/status]	VmRSSPercent: 0.0546201 %
20220312 061632.720 INFO             PET0 PIOc_freedecomp Exit - MemInfo: [malloc] Non-mmapped space allocated:                26558464 Byte
20220312 061632.720 INFO             PET0 PIOc_freedecomp Exit - MemInfo: [malloc] Space allocated in mmapped regions:          1581056 Byte
20220312 061632.720 INFO             PET0 PIOc_freedecomp Exit - MemInfo: [malloc] Maximum total allocated space:                     0 Byte
20220312 061632.720 INFO             PET0 PIOc_freedecomp Exit - MemInfo: [malloc] Space in freed fastbin blocks:                  3168 Byte
20220312 061632.720 INFO             PET0 PIOc_freedecomp Exit - MemInfo: [malloc] Total allocated space:                       3971296 Byte
20220312 061632.720 INFO             PET0 PIOc_freedecomp Exit - MemInfo: [malloc] Total free space:                           22587168 Byte
20220312 061632.720 INFO             PET0 PIOc_freedecomp Exit - MemInfo: [malloc] Top-most, releasable space:                 16909280 Byte
20220312 061632.720 INFO             PET0 PIOc_freedecomp Exit - MemInfo: [malloc] Total space in use, mmap + non-mmap:         5552352 Byte
20220312 061632.720 INFO             PET0 PIOc_freedecomp Exit - MemInfo: [malloc] Total space held (mmap + non-mmap):         28139520 Byte
20220312 061632.720 INFO             PET0 PIOc_freedecomp Exit - MemInfo: [malloc] Total space used (mmap + non-mmap):          5561680 Byte
20220312 061632.720 INFO             PET0 PIOc_freedecomp Exit - MemInfo: Wall-clock time since execution start:               0.320576 seconds
20220312 061632.721 INFO             PET0 PIOc_sync Enter - MemInfo: [/proc/meminfo - SSI]	MemTotal:       65507008 kB
20220312 061632.721 INFO             PET0 PIOc_sync Enter - MemInfo: [/proc/meminfo - SSI]	MemFree:        49653508 kB
20220312 061632.721 INFO             PET0 PIOc_sync Enter - MemInfo: [/proc/meminfo - SSI]	MemAvailable:   49411244 kB
20220312 061632.721 INFO             PET0 PIOc_sync Enter - MemInfo: [/proc/meminfo - SSI]	Committed_AS:   13011296 kB
20220312 061632.721 INFO             PET0 PIOc_sync Enter - MemInfo: [/proc/meminfo - SSI]	CommittedPercent: 19.8624 %
20220312 061632.721 INFO             PET0 PIOc_sync Enter - MemInfo: [/proc/self/status]	VmPeak:	  538176 kB
20220312 061632.721 INFO             PET0 PIOc_sync Enter - MemInfo: [/proc/self/status]	VmSize:	  529988 kB
20220312 061632.721 INFO             PET0 PIOc_sync Enter - MemInfo: [/proc/self/status]	VmLck:	       0 kB
20220312 061632.721 INFO             PET0 PIOc_sync Enter - MemInfo: [/proc/self/status]	VmPin:	       0 kB
20220312 061632.721 INFO             PET0 PIOc_sync Enter - MemInfo: [/proc/self/status]	VmHWM:	   64896 kB
20220312 061632.721 INFO             PET0 PIOc_sync Enter - MemInfo: [/proc/self/status]	VmRSS:	   35780 kB
20220312 061632.721 INFO             PET0 PIOc_sync Enter - MemInfo: [/proc/self/status]	VmData:	   38012 kB
20220312 061632.721 INFO             PET0 PIOc_sync Enter - MemInfo: [/proc/self/status]	VmStk:	     148 kB
20220312 061632.721 INFO             PET0 PIOc_sync Enter - MemInfo: [/proc/self/status]	VmExe:	     216 kB
20220312 061632.721 INFO             PET0 PIOc_sync Enter - MemInfo: [/proc/self/status]	VmLib:	   49272 kB
20220312 061632.721 INFO             PET0 PIOc_sync Enter - MemInfo: [/proc/self/status]	VmPTE:	     768 kB
20220312 061632.721 INFO             PET0 PIOc_sync Enter - MemInfo: [/proc/self/status]	VmPMD:	      12 kB
20220312 061632.721 INFO             PET0 PIOc_sync Enter - MemInfo: [/proc/self/status]	VmSwap:	       0 kB
20220312 061632.721 INFO             PET0 PIOc_sync Enter - MemInfo: [/proc/self/status]	VmRSSPercent: 0.0546201 %
20220312 061632.721 INFO             PET0 PIOc_sync Enter - MemInfo: [malloc] Non-mmapped space allocated:                26558464 Byte
20220312 061632.721 INFO             PET0 PIOc_sync Enter - MemInfo: [malloc] Space allocated in mmapped regions:          1581056 Byte
20220312 061632.721 INFO             PET0 PIOc_sync Enter - MemInfo: [malloc] Maximum total allocated space:                     0 Byte
20220312 061632.721 INFO             PET0 PIOc_sync Enter - MemInfo: [malloc] Space in freed fastbin blocks:                  2528 Byte
20220312 061632.721 INFO             PET0 PIOc_sync Enter - MemInfo: [malloc] Total allocated space:                      21289584 Byte
20220312 061632.721 INFO             PET0 PIOc_sync Enter - MemInfo: [malloc] Total free space:                            5268880 Byte
20220312 061632.721 INFO             PET0 PIOc_sync Enter - MemInfo: [malloc] Top-most, releasable space:                   132048 Byte
20220312 061632.721 INFO             PET0 PIOc_sync Enter - MemInfo: [malloc] Total space in use, mmap + non-mmap:        22870640 Byte
20220312 061632.721 INFO             PET0 PIOc_sync Enter - MemInfo: [malloc] Total space held (mmap + non-mmap):         28139520 Byte
20220312 061632.721 INFO             PET0 PIOc_sync Enter - MemInfo: [malloc] Total space used (mmap + non-mmap):         22879968 Byte
20220312 061632.721 INFO             PET0 PIOc_sync Enter - MemInfo: Wall-clock time since execution start:               0.321725 seconds
20220312 061632.721 INFO             PET0 PIOc_sync Exit - MemInfo: [/proc/meminfo - SSI]	MemTotal:       65507008 kB
20220312 061632.721 INFO             PET0 PIOc_sync Exit - MemInfo: [/proc/meminfo - SSI]	MemFree:        49653508 kB
20220312 061632.721 INFO             PET0 PIOc_sync Exit - MemInfo: [/proc/meminfo - SSI]	MemAvailable:   49411244 kB
20220312 061632.721 INFO             PET0 PIOc_sync Exit - MemInfo: [/proc/meminfo - SSI]	Committed_AS:   13011296 kB
20220312 061632.721 INFO             PET0 PIOc_sync Exit - MemInfo: [/proc/meminfo - SSI]	CommittedPercent: 19.8624 %
20220312 061632.721 INFO             PET0 PIOc_sync Exit - MemInfo: [/proc/self/status]	VmPeak:	  538176 kB
20220312 061632.721 INFO             PET0 PIOc_sync Exit - MemInfo: [/proc/self/status]	VmSize:	  529988 kB
20220312 061632.721 INFO             PET0 PIOc_sync Exit - MemInfo: [/proc/self/status]	VmLck:	       0 kB
20220312 061632.721 INFO             PET0 PIOc_sync Exit - MemInfo: [/proc/self/status]	VmPin:	       0 kB
20220312 061632.721 INFO             PET0 PIOc_sync Exit - MemInfo: [/proc/self/status]	VmHWM:	   64896 kB
20220312 061632.721 INFO             PET0 PIOc_sync Exit - MemInfo: [/proc/self/status]	VmRSS:	   35780 kB
20220312 061632.721 INFO             PET0 PIOc_sync Exit - MemInfo: [/proc/self/status]	VmData:	   38012 kB
20220312 061632.721 INFO             PET0 PIOc_sync Exit - MemInfo: [/proc/self/status]	VmStk:	     148 kB
20220312 061632.721 INFO             PET0 PIOc_sync Exit - MemInfo: [/proc/self/status]	VmExe:	     216 kB
20220312 061632.721 INFO             PET0 PIOc_sync Exit - MemInfo: [/proc/self/status]	VmLib:	   49272 kB
20220312 061632.721 INFO             PET0 PIOc_sync Exit - MemInfo: [/proc/self/status]	VmPTE:	     768 kB
20220312 061632.721 INFO             PET0 PIOc_sync Exit - MemInfo: [/proc/self/status]	VmPMD:	      12 kB
20220312 061632.721 INFO             PET0 PIOc_sync Exit - MemInfo: [/proc/self/status]	VmSwap:	       0 kB
20220312 061632.721 INFO             PET0 PIOc_sync Exit - MemInfo: [/proc/self/status]	VmRSSPercent: 0.0546201 %
20220312 061632.721 INFO             PET0 PIOc_sync Exit - MemInfo: [malloc] Non-mmapped space allocated:                26558464 Byte
20220312 061632.721 INFO             PET0 PIOc_sync Exit - MemInfo: [malloc] Space allocated in mmapped regions:          1581056 Byte
20220312 061632.721 INFO             PET0 PIOc_sync Exit - MemInfo: [malloc] Maximum total allocated space:                     0 Byte
20220312 061632.721 INFO             PET0 PIOc_sync Exit - MemInfo: [malloc] Space in freed fastbin blocks:                  1840 Byte
20220312 061632.721 INFO             PET0 PIOc_sync Exit - MemInfo: [malloc] Total allocated space:                      21294352 Byte
20220312 061632.721 INFO             PET0 PIOc_sync Exit - MemInfo: [malloc] Total free space:                            5264112 Byte
20220312 061632.721 INFO             PET0 PIOc_sync Exit - MemInfo: [malloc] Top-most, releasable space:                   132048 Byte
20220312 061632.721 INFO             PET0 PIOc_sync Exit - MemInfo: [malloc] Total space in use, mmap + non-mmap:        22875408 Byte
20220312 061632.721 INFO             PET0 PIOc_sync Exit - MemInfo: [malloc] Total space held (mmap + non-mmap):         28139520 Byte
20220312 061632.721 INFO             PET0 PIOc_sync Exit - MemInfo: [malloc] Total space used (mmap + non-mmap):         22884736 Byte
20220312 061632.721 INFO             PET0 PIOc_sync Exit - MemInfo: Wall-clock time since execution start:               0.322133 seconds
20220312 061632.721 INFO             PET0 PIOc_freedecomp Enter - MemInfo: [/proc/meminfo - SSI]	MemTotal:       65507008 kB
20220312 061632.721 INFO             PET0 PIOc_freedecomp Enter - MemInfo: [/proc/meminfo - SSI]	MemFree:        49653508 kB
20220312 061632.721 INFO             PET0 PIOc_freedecomp Enter - MemInfo: [/proc/meminfo - SSI]	MemAvailable:   49411244 kB
20220312 061632.721 INFO             PET0 PIOc_freedecomp Enter - MemInfo: [/proc/meminfo - SSI]	Committed_AS:   13011296 kB
20220312 061632.721 INFO             PET0 PIOc_freedecomp Enter - MemInfo: [/proc/meminfo - SSI]	CommittedPercent: 19.8624 %
20220312 061632.722 INFO             PET0 PIOc_freedecomp Enter - MemInfo: [/proc/self/status]	VmPeak:	  538176 kB
20220312 061632.722 INFO             PET0 PIOc_freedecomp Enter - MemInfo: [/proc/self/status]	VmSize:	  529988 kB
20220312 061632.722 INFO             PET0 PIOc_freedecomp Enter - MemInfo: [/proc/self/status]	VmLck:	       0 kB
20220312 061632.722 INFO             PET0 PIOc_freedecomp Enter - MemInfo: [/proc/self/status]	VmPin:	       0 kB
20220312 061632.722 INFO             PET0 PIOc_freedecomp Enter - MemInfo: [/proc/self/status]	VmHWM:	   64896 kB
20220312 061632.722 INFO             PET0 PIOc_freedecomp Enter - MemInfo: [/proc/self/status]	VmRSS:	   35780 kB
20220312 061632.722 INFO             PET0 PIOc_freedecomp Enter - MemInfo: [/proc/self/status]	VmData:	   38012 kB
20220312 061632.722 INFO             PET0 PIOc_freedecomp Enter - MemInfo: [/proc/self/status]	VmStk:	     148 kB
20220312 061632.722 INFO             PET0 PIOc_freedecomp Enter - MemInfo: [/proc/self/status]	VmExe:	     216 kB
20220312 061632.722 INFO             PET0 PIOc_freedecomp Enter - MemInfo: [/proc/self/status]	VmLib:	   49272 kB
20220312 061632.722 INFO             PET0 PIOc_freedecomp Enter - MemInfo: [/proc/self/status]	VmPTE:	     768 kB
20220312 061632.722 INFO             PET0 PIOc_freedecomp Enter - MemInfo: [/proc/self/status]	VmPMD:	      12 kB
20220312 061632.722 INFO             PET0 PIOc_freedecomp Enter - MemInfo: [/proc/self/status]	VmSwap:	       0 kB
20220312 061632.722 INFO             PET0 PIOc_freedecomp Enter - MemInfo: [/proc/self/status]	VmRSSPercent: 0.0546201 %
20220312 061632.722 INFO             PET0 PIOc_freedecomp Enter - MemInfo: [malloc] Non-mmapped space allocated:                26558464 Byte
20220312 061632.722 INFO             PET0 PIOc_freedecomp Enter - MemInfo: [malloc] Space allocated in mmapped regions:          1581056 Byte
20220312 061632.722 INFO             PET0 PIOc_freedecomp Enter - MemInfo: [malloc] Maximum total allocated space:                     0 Byte
20220312 061632.722 INFO             PET0 PIOc_freedecomp Enter - MemInfo: [malloc] Space in freed fastbin blocks:                  1664 Byte
20220312 061632.722 INFO             PET0 PIOc_freedecomp Enter - MemInfo: [malloc] Total allocated space:                       3978000 Byte
20220312 061632.722 INFO             PET0 PIOc_freedecomp Enter - MemInfo: [malloc] Total free space:                           22580464 Byte
20220312 061632.722 INFO             PET0 PIOc_freedecomp Enter - MemInfo: [malloc] Top-most, releasable space:                 16909280 Byte
20220312 061632.722 INFO             PET0 PIOc_freedecomp Enter - MemInfo: [malloc] Total space in use, mmap + non-mmap:         5559056 Byte
20220312 061632.722 INFO             PET0 PIOc_freedecomp Enter - MemInfo: [malloc] Total space held (mmap + non-mmap):         28139520 Byte
20220312 061632.722 INFO             PET0 PIOc_freedecomp Enter - MemInfo: [malloc] Total space used (mmap + non-mmap):          5568384 Byte
20220312 061632.722 INFO             PET0 PIOc_freedecomp Enter - MemInfo: Wall-clock time since execution start:               0.322509 seconds
20220312 061632.722 INFO             PET0 PIOc_freedecomp Exit - MemInfo: [/proc/meminfo - SSI]	MemTotal:       65507008 kB
20220312 061632.722 INFO             PET0 PIOc_freedecomp Exit - MemInfo: [/proc/meminfo - SSI]	MemFree:        49653508 kB
20220312 061632.722 INFO             PET0 PIOc_freedecomp Exit - MemInfo: [/proc/meminfo - SSI]	MemAvailable:   49411244 kB
20220312 061632.722 INFO             PET0 PIOc_freedecomp Exit - MemInfo: [/proc/meminfo - SSI]	Committed_AS:   13011296 kB
20220312 061632.722 INFO             PET0 PIOc_freedecomp Exit - MemInfo: [/proc/meminfo - SSI]	CommittedPercent: 19.8624 %
20220312 061632.722 INFO             PET0 PIOc_freedecomp Exit - MemInfo: [/proc/self/status]	VmPeak:	  538176 kB
20220312 061632.722 INFO             PET0 PIOc_freedecomp Exit - MemInfo: [/proc/self/status]	VmSize:	  529988 kB
20220312 061632.722 INFO             PET0 PIOc_freedecomp Exit - MemInfo: [/proc/self/status]	VmLck:	       0 kB
20220312 061632.722 INFO             PET0 PIOc_freedecomp Exit - MemInfo: [/proc/self/status]	VmPin:	       0 kB
20220312 061632.722 INFO             PET0 PIOc_freedecomp Exit - MemInfo: [/proc/self/status]	VmHWM:	   64896 kB
20220312 061632.722 INFO             PET0 PIOc_freedecomp Exit - MemInfo: [/proc/self/status]	VmRSS:	   35780 kB
20220312 061632.722 INFO             PET0 PIOc_freedecomp Exit - MemInfo: [/proc/self/status]	VmData:	   38012 kB
20220312 061632.722 INFO             PET0 PIOc_freedecomp Exit - MemInfo: [/proc/self/status]	VmStk:	     148 kB
20220312 061632.722 INFO             PET0 PIOc_freedecomp Exit - MemInfo: [/proc/self/status]	VmExe:	     216 kB
20220312 061632.722 INFO             PET0 PIOc_freedecomp Exit - MemInfo: [/proc/self/status]	VmLib:	   49272 kB
20220312 061632.722 INFO             PET0 PIOc_freedecomp Exit - MemInfo: [/proc/self/status]	VmPTE:	     768 kB
20220312 061632.722 INFO             PET0 PIOc_freedecomp Exit - MemInfo: [/proc/self/status]	VmPMD:	      12 kB
20220312 061632.722 INFO             PET0 PIOc_freedecomp Exit - MemInfo: [/proc/self/status]	VmSwap:	       0 kB
20220312 061632.722 INFO             PET0 PIOc_freedecomp Exit - MemInfo: [/proc/self/status]	VmRSSPercent: 0.0546201 %
20220312 061632.722 INFO             PET0 PIOc_freedecomp Exit - MemInfo: [malloc] Non-mmapped space allocated:                26558464 Byte
20220312 061632.722 INFO             PET0 PIOc_freedecomp Exit - MemInfo: [malloc] Space allocated in mmapped regions:          1581056 Byte
20220312 061632.722 INFO             PET0 PIOc_freedecomp Exit - MemInfo: [malloc] Maximum total allocated space:                     0 Byte
20220312 061632.722 INFO             PET0 PIOc_freedecomp Exit - MemInfo: [malloc] Space in freed fastbin blocks:                  2832 Byte
20220312 061632.722 INFO             PET0 PIOc_freedecomp Exit - MemInfo: [malloc] Total allocated space:                       3971216 Byte
20220312 061632.722 INFO             PET0 PIOc_freedecomp Exit - MemInfo: [malloc] Total free space:                           22587248 Byte
20220312 061632.722 INFO             PET0 PIOc_freedecomp Exit - MemInfo: [malloc] Top-most, releasable space:                 16909280 Byte
20220312 061632.722 INFO             PET0 PIOc_freedecomp Exit - MemInfo: [malloc] Total space in use, mmap + non-mmap:         5552272 Byte
20220312 061632.722 INFO             PET0 PIOc_freedecomp Exit - MemInfo: [malloc] Total space held (mmap + non-mmap):         28139520 Byte
20220312 061632.722 INFO             PET0 PIOc_freedecomp Exit - MemInfo: [malloc] Total space used (mmap + non-mmap):          5561600 Byte
20220312 061632.722 INFO             PET0 PIOc_freedecomp Exit - MemInfo: Wall-clock time since execution start:                0.32285 seconds
20220312 061632.723 INFO             PET0 PIOc_sync Enter - MemInfo: [/proc/meminfo - SSI]	MemTotal:       65507008 kB
20220312 061632.723 INFO             PET0 PIOc_sync Enter - MemInfo: [/proc/meminfo - SSI]	MemFree:        49653508 kB
20220312 061632.723 INFO             PET0 PIOc_sync Enter - MemInfo: [/proc/meminfo - SSI]	MemAvailable:   49411244 kB
20220312 061632.723 INFO             PET0 PIOc_sync Enter - MemInfo: [/proc/meminfo - SSI]	Committed_AS:   13011296 kB
20220312 061632.723 INFO             PET0 PIOc_sync Enter - MemInfo: [/proc/meminfo - SSI]	CommittedPercent: 19.8624 %
20220312 061632.723 INFO             PET0 PIOc_sync Enter - MemInfo: [/proc/self/status]	VmPeak:	  538176 kB
20220312 061632.723 INFO             PET0 PIOc_sync Enter - MemInfo: [/proc/self/status]	VmSize:	  529988 kB
20220312 061632.723 INFO             PET0 PIOc_sync Enter - MemInfo: [/proc/self/status]	VmLck:	       0 kB
20220312 061632.723 INFO             PET0 PIOc_sync Enter - MemInfo: [/proc/self/status]	VmPin:	       0 kB
20220312 061632.723 INFO             PET0 PIOc_sync Enter - MemInfo: [/proc/self/status]	VmHWM:	   64896 kB
20220312 061632.723 INFO             PET0 PIOc_sync Enter - MemInfo: [/proc/self/status]	VmRSS:	   35780 kB
20220312 061632.723 INFO             PET0 PIOc_sync Enter - MemInfo: [/proc/self/status]	VmData:	   38012 kB
20220312 061632.723 INFO             PET0 PIOc_sync Enter - MemInfo: [/proc/self/status]	VmStk:	     148 kB
20220312 061632.723 INFO             PET0 PIOc_sync Enter - MemInfo: [/proc/self/status]	VmExe:	     216 kB
20220312 061632.723 INFO             PET0 PIOc_sync Enter - MemInfo: [/proc/self/status]	VmLib:	   49272 kB
20220312 061632.723 INFO             PET0 PIOc_sync Enter - MemInfo: [/proc/self/status]	VmPTE:	     768 kB
20220312 061632.723 INFO             PET0 PIOc_sync Enter - MemInfo: [/proc/self/status]	VmPMD:	      12 kB
20220312 061632.723 INFO             PET0 PIOc_sync Enter - MemInfo: [/proc/self/status]	VmSwap:	       0 kB
20220312 061632.723 INFO             PET0 PIOc_sync Enter - MemInfo: [/proc/self/status]	VmRSSPercent: 0.0546201 %
20220312 061632.723 INFO             PET0 PIOc_sync Enter - MemInfo: [malloc] Non-mmapped space allocated:                26558464 Byte
20220312 061632.723 INFO             PET0 PIOc_sync Enter - MemInfo: [malloc] Space allocated in mmapped regions:          1581056 Byte
20220312 061632.723 INFO             PET0 PIOc_sync Enter - MemInfo: [malloc] Maximum total allocated space:                     0 Byte
20220312 061632.723 INFO             PET0 PIOc_sync Enter - MemInfo: [malloc] Space in freed fastbin blocks:                  2992 Byte
20220312 061632.723 INFO             PET0 PIOc_sync Enter - MemInfo: [malloc] Total allocated space:                      21290336 Byte
20220312 061632.723 INFO             PET0 PIOc_sync Enter - MemInfo: [malloc] Total free space:                            5268128 Byte
20220312 061632.723 INFO             PET0 PIOc_sync Enter - MemInfo: [malloc] Top-most, releasable space:                   132048 Byte
20220312 061632.723 INFO             PET0 PIOc_sync Enter - MemInfo: [malloc] Total space in use, mmap + non-mmap:        22871392 Byte
20220312 061632.723 INFO             PET0 PIOc_sync Enter - MemInfo: [malloc] Total space held (mmap + non-mmap):         28139520 Byte
20220312 061632.723 INFO             PET0 PIOc_sync Enter - MemInfo: [malloc] Total space used (mmap + non-mmap):         22880720 Byte
20220312 061632.723 INFO             PET0 PIOc_sync Enter - MemInfo: Wall-clock time since execution start:               0.323989 seconds
20220312 061632.723 INFO             PET0 PIOc_sync Exit - MemInfo: [/proc/meminfo - SSI]	MemTotal:       65507008 kB
20220312 061632.723 INFO             PET0 PIOc_sync Exit - MemInfo: [/proc/meminfo - SSI]	MemFree:        49653508 kB
20220312 061632.723 INFO             PET0 PIOc_sync Exit - MemInfo: [/proc/meminfo - SSI]	MemAvailable:   49411244 kB
20220312 061632.723 INFO             PET0 PIOc_sync Exit - MemInfo: [/proc/meminfo - SSI]	Committed_AS:   13011296 kB
20220312 061632.723 INFO             PET0 PIOc_sync Exit - MemInfo: [/proc/meminfo - SSI]	CommittedPercent: 19.8624 %
20220312 061632.723 INFO             PET0 PIOc_sync Exit - MemInfo: [/proc/self/status]	VmPeak:	  538176 kB
20220312 061632.723 INFO             PET0 PIOc_sync Exit - MemInfo: [/proc/self/status]	VmSize:	  529988 kB
20220312 061632.723 INFO             PET0 PIOc_sync Exit - MemInfo: [/proc/self/status]	VmLck:	       0 kB
20220312 061632.723 INFO             PET0 PIOc_sync Exit - MemInfo: [/proc/self/status]	VmPin:	       0 kB
20220312 061632.723 INFO             PET0 PIOc_sync Exit - MemInfo: [/proc/self/status]	VmHWM:	   64896 kB
20220312 061632.723 INFO             PET0 PIOc_sync Exit - MemInfo: [/proc/self/status]	VmRSS:	   35780 kB
20220312 061632.723 INFO             PET0 PIOc_sync Exit - MemInfo: [/proc/self/status]	VmData:	   38012 kB
20220312 061632.723 INFO             PET0 PIOc_sync Exit - MemInfo: [/proc/self/status]	VmStk:	     148 kB
20220312 061632.723 INFO             PET0 PIOc_sync Exit - MemInfo: [/proc/self/status]	VmExe:	     216 kB
20220312 061632.723 INFO             PET0 PIOc_sync Exit - MemInfo: [/proc/self/status]	VmLib:	   49272 kB
20220312 061632.723 INFO             PET0 PIOc_sync Exit - MemInfo: [/proc/self/status]	VmPTE:	     768 kB
20220312 061632.723 INFO             PET0 PIOc_sync Exit - MemInfo: [/proc/self/status]	VmPMD:	      12 kB
20220312 061632.723 INFO             PET0 PIOc_sync Exit - MemInfo: [/proc/self/status]	VmSwap:	       0 kB
20220312 061632.724 INFO             PET0 PIOc_sync Exit - MemInfo: [/proc/self/status]	VmRSSPercent: 0.0546201 %
20220312 061632.724 INFO             PET0 PIOc_sync Exit - MemInfo: [malloc] Non-mmapped space allocated:                26558464 Byte
20220312 061632.724 INFO             PET0 PIOc_sync Exit - MemInfo: [malloc] Space allocated in mmapped regions:          1581056 Byte
20220312 061632.724 INFO             PET0 PIOc_sync Exit - MemInfo: [malloc] Maximum total allocated space:                     0 Byte
20220312 061632.724 INFO             PET0 PIOc_sync Exit - MemInfo: [malloc] Space in freed fastbin blocks:                  1744 Byte
20220312 061632.724 INFO             PET0 PIOc_sync Exit - MemInfo: [malloc] Total allocated space:                      21295120 Byte
20220312 061632.724 INFO             PET0 PIOc_sync Exit - MemInfo: [malloc] Total free space:                            5263344 Byte
20220312 061632.724 INFO             PET0 PIOc_sync Exit - MemInfo: [malloc] Top-most, releasable space:                   132048 Byte
20220312 061632.724 INFO             PET0 PIOc_sync Exit - MemInfo: [malloc] Total space in use, mmap + non-mmap:        22876176 Byte
20220312 061632.724 INFO             PET0 PIOc_sync Exit - MemInfo: [malloc] Total space held (mmap + non-mmap):         28139520 Byte
20220312 061632.724 INFO             PET0 PIOc_sync Exit - MemInfo: [malloc] Total space used (mmap + non-mmap):         22885504 Byte
20220312 061632.724 INFO             PET0 PIOc_sync Exit - MemInfo: Wall-clock time since execution start:               0.324405 seconds
20220312 061632.724 INFO             PET0 PIOc_freedecomp Enter - MemInfo: [/proc/meminfo - SSI]	MemTotal:       65507008 kB
20220312 061632.724 INFO             PET0 PIOc_freedecomp Enter - MemInfo: [/proc/meminfo - SSI]	MemFree:        49653508 kB
20220312 061632.724 INFO             PET0 PIOc_freedecomp Enter - MemInfo: [/proc/meminfo - SSI]	MemAvailable:   49411244 kB
20220312 061632.724 INFO             PET0 PIOc_freedecomp Enter - MemInfo: [/proc/meminfo - SSI]	Committed_AS:   13011296 kB
20220312 061632.724 INFO             PET0 PIOc_freedecomp Enter - MemInfo: [/proc/meminfo - SSI]	CommittedPercent: 19.8624 %
20220312 061632.724 INFO             PET0 PIOc_freedecomp Enter - MemInfo: [/proc/self/status]	VmPeak:	  538176 kB
20220312 061632.724 INFO             PET0 PIOc_freedecomp Enter - MemInfo: [/proc/self/status]	VmSize:	  529988 kB
20220312 061632.724 INFO             PET0 PIOc_freedecomp Enter - MemInfo: [/proc/self/status]	VmLck:	       0 kB
20220312 061632.724 INFO             PET0 PIOc_freedecomp Enter - MemInfo: [/proc/self/status]	VmPin:	       0 kB
20220312 061632.724 INFO             PET0 PIOc_freedecomp Enter - MemInfo: [/proc/self/status]	VmHWM:	   64896 kB
20220312 061632.724 INFO             PET0 PIOc_freedecomp Enter - MemInfo: [/proc/self/status]	VmRSS:	   35780 kB
20220312 061632.724 INFO             PET0 PIOc_freedecomp Enter - MemInfo: [/proc/self/status]	VmData:	   38012 kB
20220312 061632.724 INFO             PET0 PIOc_freedecomp Enter - MemInfo: [/proc/self/status]	VmStk:	     148 kB
20220312 061632.724 INFO             PET0 PIOc_freedecomp Enter - MemInfo: [/proc/self/status]	VmExe:	     216 kB
20220312 061632.724 INFO             PET0 PIOc_freedecomp Enter - MemInfo: [/proc/self/status]	VmLib:	   49272 kB
20220312 061632.724 INFO             PET0 PIOc_freedecomp Enter - MemInfo: [/proc/self/status]	VmPTE:	     768 kB
20220312 061632.724 INFO             PET0 PIOc_freedecomp Enter - MemInfo: [/proc/self/status]	VmPMD:	      12 kB
20220312 061632.724 INFO             PET0 PIOc_freedecomp Enter - MemInfo: [/proc/self/status]	VmSwap:	       0 kB
20220312 061632.724 INFO             PET0 PIOc_freedecomp Enter - MemInfo: [/proc/self/status]	VmRSSPercent: 0.0546201 %
20220312 061632.724 INFO             PET0 PIOc_freedecomp Enter - MemInfo: [malloc] Non-mmapped space allocated:                26558464 Byte
20220312 061632.724 INFO             PET0 PIOc_freedecomp Enter - MemInfo: [malloc] Space allocated in mmapped regions:          1581056 Byte
20220312 061632.724 INFO             PET0 PIOc_freedecomp Enter - MemInfo: [malloc] Maximum total allocated space:                     0 Byte
20220312 061632.724 INFO             PET0 PIOc_freedecomp Enter - MemInfo: [malloc] Space in freed fastbin blocks:                  1664 Byte
20220312 061632.724 INFO             PET0 PIOc_freedecomp Enter - MemInfo: [malloc] Total allocated space:                       3978016 Byte
20220312 061632.724 INFO             PET0 PIOc_freedecomp Enter - MemInfo: [malloc] Total free space:                           22580448 Byte
20220312 061632.724 INFO             PET0 PIOc_freedecomp Enter - MemInfo: [malloc] Top-most, releasable space:                 16909280 Byte
20220312 061632.724 INFO             PET0 PIOc_freedecomp Enter - MemInfo: [malloc] Total space in use, mmap + non-mmap:         5559072 Byte
20220312 061632.724 INFO             PET0 PIOc_freedecomp Enter - MemInfo: [malloc] Total space held (mmap + non-mmap):         28139520 Byte
20220312 061632.724 INFO             PET0 PIOc_freedecomp Enter - MemInfo: [malloc] Total space used (mmap + non-mmap):          5568400 Byte
20220312 061632.724 INFO             PET0 PIOc_freedecomp Enter - MemInfo: Wall-clock time since execution start:                0.32478 seconds
20220312 061632.724 INFO             PET0 PIOc_freedecomp Exit - MemInfo: [/proc/meminfo - SSI]	MemTotal:       65507008 kB
20220312 061632.724 INFO             PET0 PIOc_freedecomp Exit - MemInfo: [/proc/meminfo - SSI]	MemFree:        49653508 kB
20220312 061632.724 INFO             PET0 PIOc_freedecomp Exit - MemInfo: [/proc/meminfo - SSI]	MemAvailable:   49411244 kB
20220312 061632.724 INFO             PET0 PIOc_freedecomp Exit - MemInfo: [/proc/meminfo - SSI]	Committed_AS:   13011296 kB
20220312 061632.724 INFO             PET0 PIOc_freedecomp Exit - MemInfo: [/proc/meminfo - SSI]	CommittedPercent: 19.8624 %
20220312 061632.724 INFO             PET0 PIOc_freedecomp Exit - MemInfo: [/proc/self/status]	VmPeak:	  538176 kB
20220312 061632.724 INFO             PET0 PIOc_freedecomp Exit - MemInfo: [/proc/self/status]	VmSize:	  529988 kB
20220312 061632.724 INFO             PET0 PIOc_freedecomp Exit - MemInfo: [/proc/self/status]	VmLck:	       0 kB
20220312 061632.724 INFO             PET0 PIOc_freedecomp Exit - MemInfo: [/proc/self/status]	VmPin:	       0 kB
20220312 061632.724 INFO             PET0 PIOc_freedecomp Exit - MemInfo: [/proc/self/status]	VmHWM:	   64896 kB
20220312 061632.724 INFO             PET0 PIOc_freedecomp Exit - MemInfo: [/proc/self/status]	VmRSS:	   35780 kB
20220312 061632.724 INFO             PET0 PIOc_freedecomp Exit - MemInfo: [/proc/self/status]	VmData:	   38012 kB
20220312 061632.724 INFO             PET0 PIOc_freedecomp Exit - MemInfo: [/proc/self/status]	VmStk:	     148 kB
20220312 061632.724 INFO             PET0 PIOc_freedecomp Exit - MemInfo: [/proc/self/status]	VmExe:	     216 kB
20220312 061632.724 INFO             PET0 PIOc_freedecomp Exit - MemInfo: [/proc/self/status]	VmLib:	   49272 kB
20220312 061632.724 INFO             PET0 PIOc_freedecomp Exit - MemInfo: [/proc/self/status]	VmPTE:	     768 kB
20220312 061632.724 INFO             PET0 PIOc_freedecomp Exit - MemInfo: [/proc/self/status]	VmPMD:	      12 kB
20220312 061632.724 INFO             PET0 PIOc_freedecomp Exit - MemInfo: [/proc/self/status]	VmSwap:	       0 kB
20220312 061632.724 INFO             PET0 PIOc_freedecomp Exit - MemInfo: [/proc/self/status]	VmRSSPercent: 0.0546201 %
20220312 061632.724 INFO             PET0 PIOc_freedecomp Exit - MemInfo: [malloc] Non-mmapped space allocated:                26558464 Byte
20220312 061632.724 INFO             PET0 PIOc_freedecomp Exit - MemInfo: [malloc] Space allocated in mmapped regions:          1581056 Byte
20220312 061632.724 INFO             PET0 PIOc_freedecomp Exit - MemInfo: [malloc] Maximum total allocated space:                     0 Byte
20220312 061632.724 INFO             PET0 PIOc_freedecomp Exit - MemInfo: [malloc] Space in freed fastbin blocks:                  1872 Byte
20220312 061632.724 INFO             PET0 PIOc_freedecomp Exit - MemInfo: [malloc] Total allocated space:                       3971216 Byte
20220312 061632.724 INFO             PET0 PIOc_freedecomp Exit - MemInfo: [malloc] Total free space:                           22587248 Byte
20220312 061632.724 INFO             PET0 PIOc_freedecomp Exit - MemInfo: [malloc] Top-most, releasable space:                 16909280 Byte
20220312 061632.724 INFO             PET0 PIOc_freedecomp Exit - MemInfo: [malloc] Total space in use, mmap + non-mmap:         5552272 Byte
20220312 061632.724 INFO             PET0 PIOc_freedecomp Exit - MemInfo: [malloc] Total space held (mmap + non-mmap):         28139520 Byte
20220312 061632.724 INFO             PET0 PIOc_freedecomp Exit - MemInfo: [malloc] Total space used (mmap + non-mmap):          5561600 Byte
20220312 061632.724 INFO             PET0 PIOc_freedecomp Exit - MemInfo: Wall-clock time since execution start:               0.325127 seconds
20220312 061632.726 INFO             PET0  PASS  Test RouteHandleDestroy(), ESMF_RouteHandleAdvancedUTest.F90, line 633
20220312 061632.726 INFO             PET0  PASS  Apply the copied Routehandle, ESMF_RouteHandleAdvancedUTest.F90, line 643
20220312 061632.726 INFO             PET0  PASS  Test RouteHandleDestroy() for the copied Routehandle, ESMF_RouteHandleAdvancedUTest.F90, line 651
20220312 061632.727 INFO             PET0  PASS  Test ESMF_DynamicMaskSetR4R4R4(), ESMF_RouteHandleAdvancedUTest.F90, line 716
20220312 061632.727 INFO             PET0  PASS  Test ESMF_DynamicMaskSetR4R4R4V(), ESMF_RouteHandleAdvancedUTest.F90, line 725
20220312 061632.727 INFO             PET0  PASS  Test ESMF_DynamicMaskSetR4R8R4V(), ESMF_RouteHandleAdvancedUTest.F90, line 734
20220312 061632.727 INFO             PET0  Ending Test, file ESMF_RouteHandleAdvancedUTest.F90, line 749
20220312 061632.727 INFO             PET0 Finalizing ESMF
20220312 061632.406 INFO             PET1 !!!!!!!!!!!!!!!!!!!!!!!!!!!!!!!!!!!!!!!!!!!!!!!!!!!!!!
20220312 061632.406 INFO             PET1 !!! THE ESMF_LOG IS SET TO OUTPUT ALL LOG MESSAGES !!!
20220312 061632.406 INFO             PET1 !!!     THIS MAY CAUSE SLOWDOWN IN PERFORMANCE     !!!
20220312 061632.406 INFO             PET1 !!! FOR PRODUCTION RUNS, USE:                      !!!
20220312 061632.406 INFO             PET1 !!!                   ESMF_LOGKIND_Multi_On_Error  !!!
20220312 061632.406 INFO             PET1 !!!!!!!!!!!!!!!!!!!!!!!!!!!!!!!!!!!!!!!!!!!!!!!!!!!!!!
20220312 061632.406 INFO             PET1 Running with ESMF Version   : v8.3.0b09-96-g559b459836
20220312 061632.406 INFO             PET1 ESMF library build date/time: "Mar 12 2022" "06:02:09"
20220312 061632.406 INFO             PET1 ESMF library build location : /glade/scratch/rlong/esmf-testing/gfortran_10.1.0_openmpi_O_jedwards_pio_update2
20220312 061632.406 INFO             PET1 ESMF_COMM                   : openmpi
20220312 061632.407 INFO             PET1 ESMF_MOAB                   : enabled
20220312 061632.407 INFO             PET1 ESMF_LAPACK                 : enabled
20220312 061632.407 INFO             PET1 ESMF_NETCDF                 : enabled
20220312 061632.407 INFO             PET1 ESMF_PNETCDF                : disabled
20220312 061632.407 INFO             PET1 ESMF_PIO                    : enabled
20220312 061632.407 INFO             PET1 ESMF_YAMLCPP                : enabled
20220312 061632.407 INFO             PET1  Beginning Test, file ESMF_RouteHandleAdvancedUTest.F90, line 346
20220312 061632.407 INFO             PET1  NUMBER_OF_PROCESSORS           4
20220312 061632.414 INFO             PET1 ESMF_FieldRedistStoreNF(): Just entered routine.
20220312 061632.547 INFO             PET1 ESMF_FieldRedistStoreNF(): Leaving routine.
20220312 061632.547 INFO             PET1  PASS  Create RouteHandle for the original petList, ESMF_RouteHandleAdvancedUTest.F90, line 511
20220312 061632.547 INFO             PET1  PASS  Test RouteHandleIsCreated(), ESMF_RouteHandleAdvancedUTest.F90, line 519
20220312 061632.547 INFO             PET1  PASS  Test RouteHandleIsCreated() return value, ESMF_RouteHandleAdvancedUTest.F90, line 526
20220312 061632.547 INFO             PET1  PASS  Test RouteHandleGet(), ESMF_RouteHandleAdvancedUTest.F90, line 534
20220312 061632.557 INFO             PET1  PASS  Test RouteHandleWrite(), ESMF_RouteHandleAdvancedUTest.F90, line 542
20220312 061632.557 INFO             PET1  PASS  Test RouteHandleDestroy(), ESMF_RouteHandleAdvancedUTest.F90, line 550
20220312 061632.563 INFO             PET1  PASS  Test RouteHandleCreate(from file), ESMF_RouteHandleAdvancedUTest.F90, line 558
20220312 061632.566 INFO             PET1  PASS  Apply the read in Routehandle, ESMF_RouteHandleAdvancedUTest.F90, line 567
20220312 061632.566 INFO             PET1  PASS  Test RouteHandleDestroy() for the read in Routehandle, ESMF_RouteHandleAdvancedUTest.F90, line 575
20220312 061632.566 INFO             PET1 ESMF_FieldRedistStoreNF(): Just entered routine.
20220312 061632.688 INFO             PET1 ESMF_FieldRedistStoreNF(): Leaving routine.
20220312 061632.688 INFO             PET1  PASS  Create RouteHandle for the original petList, ESMF_RouteHandleAdvancedUTest.F90, line 585
20220312 061632.688 INFO             PET1  PASS  Transfer RouteHandle to a different petList, ESMF_RouteHandleAdvancedUTest.F90, line 602
20220312 061632.707 INFO             PET1 PIOc_sync Enter - MemInfo: [/proc/meminfo - SSI]	MemTotal:       65507008 kB
20220312 061632.707 INFO             PET1 PIOc_sync Enter - MemInfo: [/proc/meminfo - SSI]	MemFree:        49644940 kB
20220312 061632.707 INFO             PET1 PIOc_sync Enter - MemInfo: [/proc/meminfo - SSI]	MemAvailable:   49402424 kB
20220312 061632.707 INFO             PET1 PIOc_sync Enter - MemInfo: [/proc/meminfo - SSI]	Committed_AS:   13011300 kB
20220312 061632.707 INFO             PET1 PIOc_sync Enter - MemInfo: [/proc/meminfo - SSI]	CommittedPercent: 19.8625 %
20220312 061632.709 INFO             PET1 PIOc_sync Enter - MemInfo: [/proc/self/status]	VmPeak:	  517832 kB
20220312 061632.709 INFO             PET1 PIOc_sync Enter - MemInfo: [/proc/self/status]	VmSize:	  513604 kB
20220312 061632.709 INFO             PET1 PIOc_sync Enter - MemInfo: [/proc/self/status]	VmLck:	       0 kB
20220312 061632.709 INFO             PET1 PIOc_sync Enter - MemInfo: [/proc/self/status]	VmPin:	       0 kB
20220312 061632.709 INFO             PET1 PIOc_sync Enter - MemInfo: [/proc/self/status]	VmHWM:	   64896 kB
20220312 061632.709 INFO             PET1 PIOc_sync Enter - MemInfo: [/proc/self/status]	VmRSS:	   26528 kB
20220312 061632.709 INFO             PET1 PIOc_sync Enter - MemInfo: [/proc/self/status]	VmData:	   21628 kB
20220312 061632.709 INFO             PET1 PIOc_sync Enter - MemInfo: [/proc/self/status]	VmStk:	     148 kB
20220312 061632.709 INFO             PET1 PIOc_sync Enter - MemInfo: [/proc/self/status]	VmExe:	     216 kB
20220312 061632.710 INFO             PET1 PIOc_sync Enter - MemInfo: [/proc/self/status]	VmLib:	   49272 kB
20220312 061632.710 INFO             PET1 PIOc_sync Enter - MemInfo: [/proc/self/status]	VmPTE:	     756 kB
20220312 061632.710 INFO             PET1 PIOc_sync Enter - MemInfo: [/proc/self/status]	VmPMD:	      12 kB
20220312 061632.710 INFO             PET1 PIOc_sync Enter - MemInfo: [/proc/self/status]	VmSwap:	       0 kB
20220312 061632.710 INFO             PET1 PIOc_sync Enter - MemInfo: [/proc/self/status]	VmRSSPercent: 0.0404964 %
20220312 061632.710 INFO             PET1 PIOc_sync Enter - MemInfo: [malloc] Non-mmapped space allocated:                 9781248 Byte
20220312 061632.710 INFO             PET1 PIOc_sync Enter - MemInfo: [malloc] Space allocated in mmapped regions:          1581056 Byte
20220312 061632.710 INFO             PET1 PIOc_sync Enter - MemInfo: [malloc] Maximum total allocated space:                     0 Byte
20220312 061632.710 INFO             PET1 PIOc_sync Enter - MemInfo: [malloc] Space in freed fastbin blocks:                   880 Byte
20220312 061632.710 INFO             PET1 PIOc_sync Enter - MemInfo: [malloc] Total allocated space:                       3717408 Byte
20220312 061632.710 INFO             PET1 PIOc_sync Enter - MemInfo: [malloc] Total free space:                            6063840 Byte
20220312 061632.710 INFO             PET1 PIOc_sync Enter - MemInfo: [malloc] Top-most, releasable space:                   131872 Byte
20220312 061632.710 INFO             PET1 PIOc_sync Enter - MemInfo: [malloc] Total space in use, mmap + non-mmap:         5298464 Byte
20220312 061632.710 INFO             PET1 PIOc_sync Enter - MemInfo: [malloc] Total space held (mmap + non-mmap):         11362304 Byte
20220312 061632.710 INFO             PET1 PIOc_sync Enter - MemInfo: [malloc] Total space used (mmap + non-mmap):          5307792 Byte
20220312 061632.710 INFO             PET1 PIOc_sync Enter - MemInfo: Wall-clock time since execution start:               0.304591 seconds
20220312 061632.712 INFO             PET1 PIOc_sync Exit - MemInfo: [/proc/meminfo - SSI]	MemTotal:       65507008 kB
20220312 061632.712 INFO             PET1 PIOc_sync Exit - MemInfo: [/proc/meminfo - SSI]	MemFree:        49644940 kB
20220312 061632.712 INFO             PET1 PIOc_sync Exit - MemInfo: [/proc/meminfo - SSI]	MemAvailable:   49402676 kB
20220312 061632.712 INFO             PET1 PIOc_sync Exit - MemInfo: [/proc/meminfo - SSI]	Committed_AS:   13011300 kB
20220312 061632.712 INFO             PET1 PIOc_sync Exit - MemInfo: [/proc/meminfo - SSI]	CommittedPercent: 19.8625 %
20220312 061632.712 INFO             PET1 PIOc_sync Exit - MemInfo: [/proc/self/status]	VmPeak:	  517832 kB
20220312 061632.712 INFO             PET1 PIOc_sync Exit - MemInfo: [/proc/self/status]	VmSize:	  513604 kB
20220312 061632.712 INFO             PET1 PIOc_sync Exit - MemInfo: [/proc/self/status]	VmLck:	       0 kB
20220312 061632.712 INFO             PET1 PIOc_sync Exit - MemInfo: [/proc/self/status]	VmPin:	       0 kB
20220312 061632.712 INFO             PET1 PIOc_sync Exit - MemInfo: [/proc/self/status]	VmHWM:	   64896 kB
20220312 061632.712 INFO             PET1 PIOc_sync Exit - MemInfo: [/proc/self/status]	VmRSS:	   26584 kB
20220312 061632.712 INFO             PET1 PIOc_sync Exit - MemInfo: [/proc/self/status]	VmData:	   21628 kB
20220312 061632.712 INFO             PET1 PIOc_sync Exit - MemInfo: [/proc/self/status]	VmStk:	     148 kB
20220312 061632.712 INFO             PET1 PIOc_sync Exit - MemInfo: [/proc/self/status]	VmExe:	     216 kB
20220312 061632.712 INFO             PET1 PIOc_sync Exit - MemInfo: [/proc/self/status]	VmLib:	   49272 kB
20220312 061632.712 INFO             PET1 PIOc_sync Exit - MemInfo: [/proc/self/status]	VmPTE:	     756 kB
20220312 061632.712 INFO             PET1 PIOc_sync Exit - MemInfo: [/proc/self/status]	VmPMD:	      12 kB
20220312 061632.712 INFO             PET1 PIOc_sync Exit - MemInfo: [/proc/self/status]	VmSwap:	       0 kB
20220312 061632.712 INFO             PET1 PIOc_sync Exit - MemInfo: [/proc/self/status]	VmRSSPercent: 0.0405819 %
20220312 061632.712 INFO             PET1 PIOc_sync Exit - MemInfo: [malloc] Non-mmapped space allocated:                 9781248 Byte
20220312 061632.712 INFO             PET1 PIOc_sync Exit - MemInfo: [malloc] Space allocated in mmapped regions:          1581056 Byte
20220312 061632.712 INFO             PET1 PIOc_sync Exit - MemInfo: [malloc] Maximum total allocated space:                     0 Byte
20220312 061632.712 INFO             PET1 PIOc_sync Exit - MemInfo: [malloc] Space in freed fastbin blocks:                  1376 Byte
20220312 061632.712 INFO             PET1 PIOc_sync Exit - MemInfo: [malloc] Total allocated space:                       3717328 Byte
20220312 061632.712 INFO             PET1 PIOc_sync Exit - MemInfo: [malloc] Total free space:                            6063920 Byte
20220312 061632.712 INFO             PET1 PIOc_sync Exit - MemInfo: [malloc] Top-most, releasable space:                   131872 Byte
20220312 061632.712 INFO             PET1 PIOc_sync Exit - MemInfo: [malloc] Total space in use, mmap + non-mmap:         5298384 Byte
20220312 061632.712 INFO             PET1 PIOc_sync Exit - MemInfo: [malloc] Total space held (mmap + non-mmap):         11362304 Byte
20220312 061632.712 INFO             PET1 PIOc_sync Exit - MemInfo: [malloc] Total space used (mmap + non-mmap):          5307712 Byte
20220312 061632.712 INFO             PET1 PIOc_sync Exit - MemInfo: Wall-clock time since execution start:               0.307256 seconds
20220312 061632.713 INFO             PET1 PIOc_freedecomp Enter - MemInfo: [/proc/meminfo - SSI]	MemTotal:       65507008 kB
20220312 061632.713 INFO             PET1 PIOc_freedecomp Enter - MemInfo: [/proc/meminfo - SSI]	MemFree:        49660060 kB
20220312 061632.713 INFO             PET1 PIOc_freedecomp Enter - MemInfo: [/proc/meminfo - SSI]	MemAvailable:   49417796 kB
20220312 061632.713 INFO             PET1 PIOc_freedecomp Enter - MemInfo: [/proc/meminfo - SSI]	Committed_AS:   12994912 kB
20220312 061632.713 INFO             PET1 PIOc_freedecomp Enter - MemInfo: [/proc/meminfo - SSI]	CommittedPercent: 19.8374 %
20220312 061632.713 INFO             PET1 PIOc_freedecomp Enter - MemInfo: [/proc/self/status]	VmPeak:	  517832 kB
20220312 061632.713 INFO             PET1 PIOc_freedecomp Enter - MemInfo: [/proc/self/status]	VmSize:	  513604 kB
20220312 061632.713 INFO             PET1 PIOc_freedecomp Enter - MemInfo: [/proc/self/status]	VmLck:	       0 kB
20220312 061632.713 INFO             PET1 PIOc_freedecomp Enter - MemInfo: [/proc/self/status]	VmPin:	       0 kB
20220312 061632.713 INFO             PET1 PIOc_freedecomp Enter - MemInfo: [/proc/self/status]	VmHWM:	   64896 kB
20220312 061632.713 INFO             PET1 PIOc_freedecomp Enter - MemInfo: [/proc/self/status]	VmRSS:	   26584 kB
20220312 061632.713 INFO             PET1 PIOc_freedecomp Enter - MemInfo: [/proc/self/status]	VmData:	   21628 kB
20220312 061632.713 INFO             PET1 PIOc_freedecomp Enter - MemInfo: [/proc/self/status]	VmStk:	     148 kB
20220312 061632.713 INFO             PET1 PIOc_freedecomp Enter - MemInfo: [/proc/self/status]	VmExe:	     216 kB
20220312 061632.713 INFO             PET1 PIOc_freedecomp Enter - MemInfo: [/proc/self/status]	VmLib:	   49272 kB
20220312 061632.713 INFO             PET1 PIOc_freedecomp Enter - MemInfo: [/proc/self/status]	VmPTE:	     756 kB
20220312 061632.713 INFO             PET1 PIOc_freedecomp Enter - MemInfo: [/proc/self/status]	VmPMD:	      12 kB
20220312 061632.713 INFO             PET1 PIOc_freedecomp Enter - MemInfo: [/proc/self/status]	VmSwap:	       0 kB
20220312 061632.713 INFO             PET1 PIOc_freedecomp Enter - MemInfo: [/proc/self/status]	VmRSSPercent: 0.0405819 %
20220312 061632.713 INFO             PET1 PIOc_freedecomp Enter - MemInfo: [malloc] Non-mmapped space allocated:                 9781248 Byte
20220312 061632.713 INFO             PET1 PIOc_freedecomp Enter - MemInfo: [malloc] Space allocated in mmapped regions:          1581056 Byte
20220312 061632.713 INFO             PET1 PIOc_freedecomp Enter - MemInfo: [malloc] Maximum total allocated space:                     0 Byte
20220312 061632.713 INFO             PET1 PIOc_freedecomp Enter - MemInfo: [malloc] Space in freed fastbin blocks:                  1536 Byte
20220312 061632.713 INFO             PET1 PIOc_freedecomp Enter - MemInfo: [malloc] Total allocated space:                       3715696 Byte
20220312 061632.713 INFO             PET1 PIOc_freedecomp Enter - MemInfo: [malloc] Total free space:                            6065552 Byte
20220312 061632.713 INFO             PET1 PIOc_freedecomp Enter - MemInfo: [malloc] Top-most, releasable space:                   131872 Byte
20220312 061632.713 INFO             PET1 PIOc_freedecomp Enter - MemInfo: [malloc] Total space in use, mmap + non-mmap:         5296752 Byte
20220312 061632.713 INFO             PET1 PIOc_freedecomp Enter - MemInfo: [malloc] Total space held (mmap + non-mmap):         11362304 Byte
20220312 061632.713 INFO             PET1 PIOc_freedecomp Enter - MemInfo: [malloc] Total space used (mmap + non-mmap):          5306080 Byte
20220312 061632.713 INFO             PET1 PIOc_freedecomp Enter - MemInfo: Wall-clock time since execution start:               0.308408 seconds
20220312 061632.714 INFO             PET1 PIOc_freedecomp Exit - MemInfo: [/proc/meminfo - SSI]	MemTotal:       65507008 kB
20220312 061632.714 INFO             PET1 PIOc_freedecomp Exit - MemInfo: [/proc/meminfo - SSI]	MemFree:        49660060 kB
20220312 061632.714 INFO             PET1 PIOc_freedecomp Exit - MemInfo: [/proc/meminfo - SSI]	MemAvailable:   49417796 kB
20220312 061632.714 INFO             PET1 PIOc_freedecomp Exit - MemInfo: [/proc/meminfo - SSI]	Committed_AS:   12994912 kB
20220312 061632.714 INFO             PET1 PIOc_freedecomp Exit - MemInfo: [/proc/meminfo - SSI]	CommittedPercent: 19.8374 %
20220312 061632.714 INFO             PET1 PIOc_freedecomp Exit - MemInfo: [/proc/self/status]	VmPeak:	  517832 kB
20220312 061632.714 INFO             PET1 PIOc_freedecomp Exit - MemInfo: [/proc/self/status]	VmSize:	  513604 kB
20220312 061632.714 INFO             PET1 PIOc_freedecomp Exit - MemInfo: [/proc/self/status]	VmLck:	       0 kB
20220312 061632.714 INFO             PET1 PIOc_freedecomp Exit - MemInfo: [/proc/self/status]	VmPin:	       0 kB
20220312 061632.714 INFO             PET1 PIOc_freedecomp Exit - MemInfo: [/proc/self/status]	VmHWM:	   64896 kB
20220312 061632.714 INFO             PET1 PIOc_freedecomp Exit - MemInfo: [/proc/self/status]	VmRSS:	   26588 kB
20220312 061632.714 INFO             PET1 PIOc_freedecomp Exit - MemInfo: [/proc/self/status]	VmData:	   21628 kB
20220312 061632.714 INFO             PET1 PIOc_freedecomp Exit - MemInfo: [/proc/self/status]	VmStk:	     148 kB
20220312 061632.714 INFO             PET1 PIOc_freedecomp Exit - MemInfo: [/proc/self/status]	VmExe:	     216 kB
20220312 061632.714 INFO             PET1 PIOc_freedecomp Exit - MemInfo: [/proc/self/status]	VmLib:	   49272 kB
20220312 061632.714 INFO             PET1 PIOc_freedecomp Exit - MemInfo: [/proc/self/status]	VmPTE:	     756 kB
20220312 061632.714 INFO             PET1 PIOc_freedecomp Exit - MemInfo: [/proc/self/status]	VmPMD:	      12 kB
20220312 061632.714 INFO             PET1 PIOc_freedecomp Exit - MemInfo: [/proc/self/status]	VmSwap:	       0 kB
20220312 061632.714 INFO             PET1 PIOc_freedecomp Exit - MemInfo: [/proc/self/status]	VmRSSPercent: 0.040588 %
20220312 061632.714 INFO             PET1 PIOc_freedecomp Exit - MemInfo: [malloc] Non-mmapped space allocated:                 9781248 Byte
20220312 061632.714 INFO             PET1 PIOc_freedecomp Exit - MemInfo: [malloc] Space allocated in mmapped regions:          1581056 Byte
20220312 061632.714 INFO             PET1 PIOc_freedecomp Exit - MemInfo: [malloc] Maximum total allocated space:                     0 Byte
20220312 061632.714 INFO             PET1 PIOc_freedecomp Exit - MemInfo: [malloc] Space in freed fastbin blocks:                  2032 Byte
20220312 061632.714 INFO             PET1 PIOc_freedecomp Exit - MemInfo: [malloc] Total allocated space:                       3713728 Byte
20220312 061632.714 INFO             PET1 PIOc_freedecomp Exit - MemInfo: [malloc] Total free space:                            6067520 Byte
20220312 061632.714 INFO             PET1 PIOc_freedecomp Exit - MemInfo: [malloc] Top-most, releasable space:                   131872 Byte
20220312 061632.714 INFO             PET1 PIOc_freedecomp Exit - MemInfo: [malloc] Total space in use, mmap + non-mmap:         5294784 Byte
20220312 061632.714 INFO             PET1 PIOc_freedecomp Exit - MemInfo: [malloc] Total space held (mmap + non-mmap):         11362304 Byte
20220312 061632.714 INFO             PET1 PIOc_freedecomp Exit - MemInfo: [malloc] Total space used (mmap + non-mmap):          5304112 Byte
20220312 061632.714 INFO             PET1 PIOc_freedecomp Exit - MemInfo: Wall-clock time since execution start:               0.308766 seconds
20220312 061632.718 INFO             PET1 PIOc_sync Enter - MemInfo: [/proc/meminfo - SSI]	MemTotal:       65507008 kB
20220312 061632.718 INFO             PET1 PIOc_sync Enter - MemInfo: [/proc/meminfo - SSI]	MemFree:        49653508 kB
20220312 061632.718 INFO             PET1 PIOc_sync Enter - MemInfo: [/proc/meminfo - SSI]	MemAvailable:   49411244 kB
20220312 061632.718 INFO             PET1 PIOc_sync Enter - MemInfo: [/proc/meminfo - SSI]	Committed_AS:   13011296 kB
20220312 061632.718 INFO             PET1 PIOc_sync Enter - MemInfo: [/proc/meminfo - SSI]	CommittedPercent: 19.8624 %
20220312 061632.718 INFO             PET1 PIOc_sync Enter - MemInfo: [/proc/self/status]	VmPeak:	  517832 kB
20220312 061632.718 INFO             PET1 PIOc_sync Enter - MemInfo: [/proc/self/status]	VmSize:	  513604 kB
20220312 061632.718 INFO             PET1 PIOc_sync Enter - MemInfo: [/proc/self/status]	VmLck:	       0 kB
20220312 061632.718 INFO             PET1 PIOc_sync Enter - MemInfo: [/proc/self/status]	VmPin:	       0 kB
20220312 061632.718 INFO             PET1 PIOc_sync Enter - MemInfo: [/proc/self/status]	VmHWM:	   64896 kB
20220312 061632.718 INFO             PET1 PIOc_sync Enter - MemInfo: [/proc/self/status]	VmRSS:	   26596 kB
20220312 061632.718 INFO             PET1 PIOc_sync Enter - MemInfo: [/proc/self/status]	VmData:	   21628 kB
20220312 061632.718 INFO             PET1 PIOc_sync Enter - MemInfo: [/proc/self/status]	VmStk:	     148 kB
20220312 061632.718 INFO             PET1 PIOc_sync Enter - MemInfo: [/proc/self/status]	VmExe:	     216 kB
20220312 061632.719 INFO             PET1 PIOc_sync Enter - MemInfo: [/proc/self/status]	VmLib:	   49272 kB
20220312 061632.719 INFO             PET1 PIOc_sync Enter - MemInfo: [/proc/self/status]	VmPTE:	     756 kB
20220312 061632.719 INFO             PET1 PIOc_sync Enter - MemInfo: [/proc/self/status]	VmPMD:	      12 kB
20220312 061632.719 INFO             PET1 PIOc_sync Enter - MemInfo: [/proc/self/status]	VmSwap:	       0 kB
20220312 061632.719 INFO             PET1 PIOc_sync Enter - MemInfo: [/proc/self/status]	VmRSSPercent: 0.0406002 %
20220312 061632.719 INFO             PET1 PIOc_sync Enter - MemInfo: [malloc] Non-mmapped space allocated:                 9781248 Byte
20220312 061632.719 INFO             PET1 PIOc_sync Enter - MemInfo: [malloc] Space allocated in mmapped regions:          1581056 Byte
20220312 061632.719 INFO             PET1 PIOc_sync Enter - MemInfo: [malloc] Maximum total allocated space:                     0 Byte
20220312 061632.719 INFO             PET1 PIOc_sync Enter - MemInfo: [malloc] Space in freed fastbin blocks:                   880 Byte
20220312 061632.719 INFO             PET1 PIOc_sync Enter - MemInfo: [malloc] Total allocated space:                       3717584 Byte
20220312 061632.719 INFO             PET1 PIOc_sync Enter - MemInfo: [malloc] Total free space:                            6063664 Byte
20220312 061632.719 INFO             PET1 PIOc_sync Enter - MemInfo: [malloc] Top-most, releasable space:                   131872 Byte
20220312 061632.719 INFO             PET1 PIOc_sync Enter - MemInfo: [malloc] Total space in use, mmap + non-mmap:         5298640 Byte
20220312 061632.719 INFO             PET1 PIOc_sync Enter - MemInfo: [malloc] Total space held (mmap + non-mmap):         11362304 Byte
20220312 061632.719 INFO             PET1 PIOc_sync Enter - MemInfo: [malloc] Total space used (mmap + non-mmap):          5307968 Byte
20220312 061632.719 INFO             PET1 PIOc_sync Enter - MemInfo: Wall-clock time since execution start:               0.313581 seconds
20220312 061632.719 INFO             PET1 PIOc_sync Exit - MemInfo: [/proc/meminfo - SSI]	MemTotal:       65507008 kB
20220312 061632.719 INFO             PET1 PIOc_sync Exit - MemInfo: [/proc/meminfo - SSI]	MemFree:        49653508 kB
20220312 061632.719 INFO             PET1 PIOc_sync Exit - MemInfo: [/proc/meminfo - SSI]	MemAvailable:   49411244 kB
20220312 061632.719 INFO             PET1 PIOc_sync Exit - MemInfo: [/proc/meminfo - SSI]	Committed_AS:   13011296 kB
20220312 061632.719 INFO             PET1 PIOc_sync Exit - MemInfo: [/proc/meminfo - SSI]	CommittedPercent: 19.8624 %
20220312 061632.719 INFO             PET1 PIOc_sync Exit - MemInfo: [/proc/self/status]	VmPeak:	  517832 kB
20220312 061632.719 INFO             PET1 PIOc_sync Exit - MemInfo: [/proc/self/status]	VmSize:	  513604 kB
20220312 061632.719 INFO             PET1 PIOc_sync Exit - MemInfo: [/proc/self/status]	VmLck:	       0 kB
20220312 061632.719 INFO             PET1 PIOc_sync Exit - MemInfo: [/proc/self/status]	VmPin:	       0 kB
20220312 061632.719 INFO             PET1 PIOc_sync Exit - MemInfo: [/proc/self/status]	VmHWM:	   64896 kB
20220312 061632.719 INFO             PET1 PIOc_sync Exit - MemInfo: [/proc/self/status]	VmRSS:	   26596 kB
20220312 061632.719 INFO             PET1 PIOc_sync Exit - MemInfo: [/proc/self/status]	VmData:	   21628 kB
20220312 061632.719 INFO             PET1 PIOc_sync Exit - MemInfo: [/proc/self/status]	VmStk:	     148 kB
20220312 061632.719 INFO             PET1 PIOc_sync Exit - MemInfo: [/proc/self/status]	VmExe:	     216 kB
20220312 061632.719 INFO             PET1 PIOc_sync Exit - MemInfo: [/proc/self/status]	VmLib:	   49272 kB
20220312 061632.719 INFO             PET1 PIOc_sync Exit - MemInfo: [/proc/self/status]	VmPTE:	     756 kB
20220312 061632.719 INFO             PET1 PIOc_sync Exit - MemInfo: [/proc/self/status]	VmPMD:	      12 kB
20220312 061632.719 INFO             PET1 PIOc_sync Exit - MemInfo: [/proc/self/status]	VmSwap:	       0 kB
20220312 061632.719 INFO             PET1 PIOc_sync Exit - MemInfo: [/proc/self/status]	VmRSSPercent: 0.0406002 %
20220312 061632.719 INFO             PET1 PIOc_sync Exit - MemInfo: [malloc] Non-mmapped space allocated:                 9781248 Byte
20220312 061632.719 INFO             PET1 PIOc_sync Exit - MemInfo: [malloc] Space allocated in mmapped regions:          1581056 Byte
20220312 061632.719 INFO             PET1 PIOc_sync Exit - MemInfo: [malloc] Maximum total allocated space:                     0 Byte
20220312 061632.719 INFO             PET1 PIOc_sync Exit - MemInfo: [malloc] Space in freed fastbin blocks:                   896 Byte
20220312 061632.719 INFO             PET1 PIOc_sync Exit - MemInfo: [malloc] Total allocated space:                       3717504 Byte
20220312 061632.719 INFO             PET1 PIOc_sync Exit - MemInfo: [malloc] Total free space:                            6063744 Byte
20220312 061632.719 INFO             PET1 PIOc_sync Exit - MemInfo: [malloc] Top-most, releasable space:                   131872 Byte
20220312 061632.719 INFO             PET1 PIOc_sync Exit - MemInfo: [malloc] Total space in use, mmap + non-mmap:         5298560 Byte
20220312 061632.719 INFO             PET1 PIOc_sync Exit - MemInfo: [malloc] Total space held (mmap + non-mmap):         11362304 Byte
20220312 061632.719 INFO             PET1 PIOc_sync Exit - MemInfo: [malloc] Total space used (mmap + non-mmap):          5307904 Byte
20220312 061632.719 INFO             PET1 PIOc_sync Exit - MemInfo: Wall-clock time since execution start:                  0.314 seconds
20220312 061632.719 INFO             PET1 PIOc_freedecomp Enter - MemInfo: [/proc/meminfo - SSI]	MemTotal:       65507008 kB
20220312 061632.719 INFO             PET1 PIOc_freedecomp Enter - MemInfo: [/proc/meminfo - SSI]	MemFree:        49653508 kB
20220312 061632.719 INFO             PET1 PIOc_freedecomp Enter - MemInfo: [/proc/meminfo - SSI]	MemAvailable:   49411244 kB
20220312 061632.719 INFO             PET1 PIOc_freedecomp Enter - MemInfo: [/proc/meminfo - SSI]	Committed_AS:   13011296 kB
20220312 061632.719 INFO             PET1 PIOc_freedecomp Enter - MemInfo: [/proc/meminfo - SSI]	CommittedPercent: 19.8624 %
20220312 061632.719 INFO             PET1 PIOc_freedecomp Enter - MemInfo: [/proc/self/status]	VmPeak:	  517832 kB
20220312 061632.719 INFO             PET1 PIOc_freedecomp Enter - MemInfo: [/proc/self/status]	VmSize:	  513604 kB
20220312 061632.719 INFO             PET1 PIOc_freedecomp Enter - MemInfo: [/proc/self/status]	VmLck:	       0 kB
20220312 061632.719 INFO             PET1 PIOc_freedecomp Enter - MemInfo: [/proc/self/status]	VmPin:	       0 kB
20220312 061632.719 INFO             PET1 PIOc_freedecomp Enter - MemInfo: [/proc/self/status]	VmHWM:	   64896 kB
20220312 061632.719 INFO             PET1 PIOc_freedecomp Enter - MemInfo: [/proc/self/status]	VmRSS:	   26596 kB
20220312 061632.719 INFO             PET1 PIOc_freedecomp Enter - MemInfo: [/proc/self/status]	VmData:	   21628 kB
20220312 061632.719 INFO             PET1 PIOc_freedecomp Enter - MemInfo: [/proc/self/status]	VmStk:	     148 kB
20220312 061632.719 INFO             PET1 PIOc_freedecomp Enter - MemInfo: [/proc/self/status]	VmExe:	     216 kB
20220312 061632.719 INFO             PET1 PIOc_freedecomp Enter - MemInfo: [/proc/self/status]	VmLib:	   49272 kB
20220312 061632.719 INFO             PET1 PIOc_freedecomp Enter - MemInfo: [/proc/self/status]	VmPTE:	     756 kB
20220312 061632.719 INFO             PET1 PIOc_freedecomp Enter - MemInfo: [/proc/self/status]	VmPMD:	      12 kB
20220312 061632.719 INFO             PET1 PIOc_freedecomp Enter - MemInfo: [/proc/self/status]	VmSwap:	       0 kB
20220312 061632.719 INFO             PET1 PIOc_freedecomp Enter - MemInfo: [/proc/self/status]	VmRSSPercent: 0.0406002 %
20220312 061632.719 INFO             PET1 PIOc_freedecomp Enter - MemInfo: [malloc] Non-mmapped space allocated:                 9781248 Byte
20220312 061632.719 INFO             PET1 PIOc_freedecomp Enter - MemInfo: [malloc] Space allocated in mmapped regions:          1581056 Byte
20220312 061632.719 INFO             PET1 PIOc_freedecomp Enter - MemInfo: [malloc] Maximum total allocated space:                     0 Byte
20220312 061632.719 INFO             PET1 PIOc_freedecomp Enter - MemInfo: [malloc] Space in freed fastbin blocks:                  1392 Byte
20220312 061632.719 INFO             PET1 PIOc_freedecomp Enter - MemInfo: [malloc] Total allocated space:                       3715712 Byte
20220312 061632.719 INFO             PET1 PIOc_freedecomp Enter - MemInfo: [malloc] Total free space:                            6065536 Byte
20220312 061632.719 INFO             PET1 PIOc_freedecomp Enter - MemInfo: [malloc] Top-most, releasable space:                   131872 Byte
20220312 061632.719 INFO             PET1 PIOc_freedecomp Enter - MemInfo: [malloc] Total space in use, mmap + non-mmap:         5296768 Byte
20220312 061632.719 INFO             PET1 PIOc_freedecomp Enter - MemInfo: [malloc] Total space held (mmap + non-mmap):         11362304 Byte
20220312 061632.719 INFO             PET1 PIOc_freedecomp Enter - MemInfo: [malloc] Total space used (mmap + non-mmap):          5306096 Byte
20220312 061632.719 INFO             PET1 PIOc_freedecomp Enter - MemInfo: Wall-clock time since execution start:               0.314386 seconds
20220312 061632.719 INFO             PET1 PIOc_freedecomp Exit - MemInfo: [/proc/meminfo - SSI]	MemTotal:       65507008 kB
20220312 061632.720 INFO             PET1 PIOc_freedecomp Exit - MemInfo: [/proc/meminfo - SSI]	MemFree:        49653508 kB
20220312 061632.720 INFO             PET1 PIOc_freedecomp Exit - MemInfo: [/proc/meminfo - SSI]	MemAvailable:   49411244 kB
20220312 061632.720 INFO             PET1 PIOc_freedecomp Exit - MemInfo: [/proc/meminfo - SSI]	Committed_AS:   13011296 kB
20220312 061632.720 INFO             PET1 PIOc_freedecomp Exit - MemInfo: [/proc/meminfo - SSI]	CommittedPercent: 19.8624 %
20220312 061632.720 INFO             PET1 PIOc_freedecomp Exit - MemInfo: [/proc/self/status]	VmPeak:	  517832 kB
20220312 061632.720 INFO             PET1 PIOc_freedecomp Exit - MemInfo: [/proc/self/status]	VmSize:	  513604 kB
20220312 061632.720 INFO             PET1 PIOc_freedecomp Exit - MemInfo: [/proc/self/status]	VmLck:	       0 kB
20220312 061632.720 INFO             PET1 PIOc_freedecomp Exit - MemInfo: [/proc/self/status]	VmPin:	       0 kB
20220312 061632.720 INFO             PET1 PIOc_freedecomp Exit - MemInfo: [/proc/self/status]	VmHWM:	   64896 kB
20220312 061632.720 INFO             PET1 PIOc_freedecomp Exit - MemInfo: [/proc/self/status]	VmRSS:	   26596 kB
20220312 061632.720 INFO             PET1 PIOc_freedecomp Exit - MemInfo: [/proc/self/status]	VmData:	   21628 kB
20220312 061632.720 INFO             PET1 PIOc_freedecomp Exit - MemInfo: [/proc/self/status]	VmStk:	     148 kB
20220312 061632.720 INFO             PET1 PIOc_freedecomp Exit - MemInfo: [/proc/self/status]	VmExe:	     216 kB
20220312 061632.720 INFO             PET1 PIOc_freedecomp Exit - MemInfo: [/proc/self/status]	VmLib:	   49272 kB
20220312 061632.720 INFO             PET1 PIOc_freedecomp Exit - MemInfo: [/proc/self/status]	VmPTE:	     756 kB
20220312 061632.720 INFO             PET1 PIOc_freedecomp Exit - MemInfo: [/proc/self/status]	VmPMD:	      12 kB
20220312 061632.720 INFO             PET1 PIOc_freedecomp Exit - MemInfo: [/proc/self/status]	VmSwap:	       0 kB
20220312 061632.720 INFO             PET1 PIOc_freedecomp Exit - MemInfo: [/proc/self/status]	VmRSSPercent: 0.0406002 %
20220312 061632.720 INFO             PET1 PIOc_freedecomp Exit - MemInfo: [malloc] Non-mmapped space allocated:                 9781248 Byte
20220312 061632.720 INFO             PET1 PIOc_freedecomp Exit - MemInfo: [malloc] Space allocated in mmapped regions:          1581056 Byte
20220312 061632.720 INFO             PET1 PIOc_freedecomp Exit - MemInfo: [malloc] Maximum total allocated space:                     0 Byte
20220312 061632.720 INFO             PET1 PIOc_freedecomp Exit - MemInfo: [malloc] Space in freed fastbin blocks:                  1776 Byte
20220312 061632.720 INFO             PET1 PIOc_freedecomp Exit - MemInfo: [malloc] Total allocated space:                       3713744 Byte
20220312 061632.720 INFO             PET1 PIOc_freedecomp Exit - MemInfo: [malloc] Total free space:                            6067504 Byte
20220312 061632.720 INFO             PET1 PIOc_freedecomp Exit - MemInfo: [malloc] Top-most, releasable space:                   131872 Byte
20220312 061632.720 INFO             PET1 PIOc_freedecomp Exit - MemInfo: [malloc] Total space in use, mmap + non-mmap:         5294800 Byte
20220312 061632.720 INFO             PET1 PIOc_freedecomp Exit - MemInfo: [malloc] Total space held (mmap + non-mmap):         11362304 Byte
20220312 061632.720 INFO             PET1 PIOc_freedecomp Exit - MemInfo: [malloc] Total space used (mmap + non-mmap):          5304128 Byte
20220312 061632.720 INFO             PET1 PIOc_freedecomp Exit - MemInfo: Wall-clock time since execution start:               0.314735 seconds
20220312 061632.721 INFO             PET1 PIOc_sync Enter - MemInfo: [/proc/meminfo - SSI]	MemTotal:       65507008 kB
20220312 061632.721 INFO             PET1 PIOc_sync Enter - MemInfo: [/proc/meminfo - SSI]	MemFree:        49653508 kB
20220312 061632.721 INFO             PET1 PIOc_sync Enter - MemInfo: [/proc/meminfo - SSI]	MemAvailable:   49411244 kB
20220312 061632.721 INFO             PET1 PIOc_sync Enter - MemInfo: [/proc/meminfo - SSI]	Committed_AS:   13011296 kB
20220312 061632.721 INFO             PET1 PIOc_sync Enter - MemInfo: [/proc/meminfo - SSI]	CommittedPercent: 19.8624 %
20220312 061632.721 INFO             PET1 PIOc_sync Enter - MemInfo: [/proc/self/status]	VmPeak:	  517832 kB
20220312 061632.721 INFO             PET1 PIOc_sync Enter - MemInfo: [/proc/self/status]	VmSize:	  513604 kB
20220312 061632.721 INFO             PET1 PIOc_sync Enter - MemInfo: [/proc/self/status]	VmLck:	       0 kB
20220312 061632.721 INFO             PET1 PIOc_sync Enter - MemInfo: [/proc/self/status]	VmPin:	       0 kB
20220312 061632.721 INFO             PET1 PIOc_sync Enter - MemInfo: [/proc/self/status]	VmHWM:	   64896 kB
20220312 061632.721 INFO             PET1 PIOc_sync Enter - MemInfo: [/proc/self/status]	VmRSS:	   26596 kB
20220312 061632.721 INFO             PET1 PIOc_sync Enter - MemInfo: [/proc/self/status]	VmData:	   21628 kB
20220312 061632.721 INFO             PET1 PIOc_sync Enter - MemInfo: [/proc/self/status]	VmStk:	     148 kB
20220312 061632.721 INFO             PET1 PIOc_sync Enter - MemInfo: [/proc/self/status]	VmExe:	     216 kB
20220312 061632.721 INFO             PET1 PIOc_sync Enter - MemInfo: [/proc/self/status]	VmLib:	   49272 kB
20220312 061632.721 INFO             PET1 PIOc_sync Enter - MemInfo: [/proc/self/status]	VmPTE:	     756 kB
20220312 061632.721 INFO             PET1 PIOc_sync Enter - MemInfo: [/proc/self/status]	VmPMD:	      12 kB
20220312 061632.721 INFO             PET1 PIOc_sync Enter - MemInfo: [/proc/self/status]	VmSwap:	       0 kB
20220312 061632.721 INFO             PET1 PIOc_sync Enter - MemInfo: [/proc/self/status]	VmRSSPercent: 0.0406002 %
20220312 061632.721 INFO             PET1 PIOc_sync Enter - MemInfo: [malloc] Non-mmapped space allocated:                 9781248 Byte
20220312 061632.721 INFO             PET1 PIOc_sync Enter - MemInfo: [malloc] Space allocated in mmapped regions:          1581056 Byte
20220312 061632.721 INFO             PET1 PIOc_sync Enter - MemInfo: [malloc] Maximum total allocated space:                     0 Byte
20220312 061632.721 INFO             PET1 PIOc_sync Enter - MemInfo: [malloc] Space in freed fastbin blocks:                   880 Byte
20220312 061632.721 INFO             PET1 PIOc_sync Enter - MemInfo: [malloc] Total allocated space:                       3717712 Byte
20220312 061632.721 INFO             PET1 PIOc_sync Enter - MemInfo: [malloc] Total free space:                            6063536 Byte
20220312 061632.721 INFO             PET1 PIOc_sync Enter - MemInfo: [malloc] Top-most, releasable space:                   131872 Byte
20220312 061632.721 INFO             PET1 PIOc_sync Enter - MemInfo: [malloc] Total space in use, mmap + non-mmap:         5298768 Byte
20220312 061632.721 INFO             PET1 PIOc_sync Enter - MemInfo: [malloc] Total space held (mmap + non-mmap):         11362304 Byte
20220312 061632.721 INFO             PET1 PIOc_sync Enter - MemInfo: [malloc] Total space used (mmap + non-mmap):          5308096 Byte
