build time -- 2022-03-14 06:04:51.701631
20220314 061736.645 INFO             PET0 !!!!!!!!!!!!!!!!!!!!!!!!!!!!!!!!!!!!!!!!!!!!!!!!!!!!!!
20220314 061736.645 INFO             PET0 !!! THE ESMF_LOG IS SET TO OUTPUT ALL LOG MESSAGES !!!
20220314 061736.645 INFO             PET0 !!!     THIS MAY CAUSE SLOWDOWN IN PERFORMANCE     !!!
20220314 061736.645 INFO             PET0 !!! FOR PRODUCTION RUNS, USE:                      !!!
20220314 061736.645 INFO             PET0 !!!                   ESMF_LOGKIND_Multi_On_Error  !!!
20220314 061736.645 INFO             PET0 !!!!!!!!!!!!!!!!!!!!!!!!!!!!!!!!!!!!!!!!!!!!!!!!!!!!!!
20220314 061736.645 INFO             PET0 Running with ESMF Version   : v8.3.0b09-96-g559b459836
20220314 061736.645 INFO             PET0 ESMF library build date/time: "Mar 14 2022" "06:02:50"
20220314 061736.645 INFO             PET0 ESMF library build location : /glade/scratch/rlong/esmf-testing/gfortran_10.1.0_openmpi_O_jedwards_pio_update2
20220314 061736.645 INFO             PET0 ESMF_COMM                   : openmpi
20220314 061736.645 INFO             PET0 ESMF_MOAB                   : enabled
20220314 061736.645 INFO             PET0 ESMF_LAPACK                 : enabled
20220314 061736.645 INFO             PET0 ESMF_NETCDF                 : enabled
20220314 061736.645 INFO             PET0 ESMF_PNETCDF                : disabled
20220314 061736.645 INFO             PET0 ESMF_PIO                    : enabled
20220314 061736.645 INFO             PET0 ESMF_YAMLCPP                : enabled
20220314 061736.646 INFO             PET0  Beginning Test, file ESMF_ArrayBundleIOUTest.F90, line 70
20220314 061736.646 INFO             PET0  NUMBER_OF_PROCESSORS           4
20220314 061736.646 INFO             PET0  PASS  ArrayCreate Allocate 2D ESMF_TYPEKIND_R8 Test, ESMF_ArrayBundleIOUTest.F90, line 109
20220314 061736.646 INFO             PET0  PASS  Obtain real Fortran Array Pointer for array 1, ESMF_ArrayBundleIOUTest.F90, line 117
20220314 061736.646 INFO             PET0  PASS  ArrayCreate Allocate 2D ESMF_TYPEKIND_I4 Test, ESMF_ArrayBundleIOUTest.F90, line 125
20220314 061736.646 INFO             PET0  PASS  Obtain integer Fortran Array Pointer for array 2, ESMF_ArrayBundleIOUTest.F90, line 133
20220314 061736.646 INFO             PET0  PASS  ArrayCreate Allocate 3D ESMF_TYPEKIND_I4 Test, ESMF_ArrayBundleIOUTest.F90, line 141
20220314 061736.646 INFO             PET0  PASS  Obtain Integer Fortran Array Pointer for array 2, ESMF_ArrayBundleIOUTest.F90, line 149
20220314 061736.646 INFO             PET0  PASS  ArrayBundleCreate Test, ESMF_ArrayBundleIOUTest.F90, line 158
20220314 061736.659 INFO             PET0 PIOc_sync Enter - MemInfo: [/proc/meminfo - SSI]	MemTotal:       65507008 kB
20220314 061736.659 INFO             PET0 PIOc_sync Enter - MemInfo: [/proc/meminfo - SSI]	MemFree:        49547136 kB
20220314 061736.659 INFO             PET0 PIOc_sync Enter - MemInfo: [/proc/meminfo - SSI]	MemAvailable:   49308360 kB
20220314 061736.659 INFO             PET0 PIOc_sync Enter - MemInfo: [/proc/meminfo - SSI]	Committed_AS:   13108696 kB
20220314 061736.659 INFO             PET0 PIOc_sync Enter - MemInfo: [/proc/meminfo - SSI]	CommittedPercent: 20.0111 %
20220314 061736.659 INFO             PET0 PIOc_sync Enter - MemInfo: [/proc/self/status]	VmPeak:	  523532 kB
20220314 061736.659 INFO             PET0 PIOc_sync Enter - MemInfo: [/proc/self/status]	VmSize:	  523532 kB
20220314 061736.659 INFO             PET0 PIOc_sync Enter - MemInfo: [/proc/self/status]	VmLck:	       0 kB
20220314 061736.659 INFO             PET0 PIOc_sync Enter - MemInfo: [/proc/self/status]	VmPin:	       0 kB
20220314 061736.659 INFO             PET0 PIOc_sync Enter - MemInfo: [/proc/self/status]	VmHWM:	   64884 kB
20220314 061736.659 INFO             PET0 PIOc_sync Enter - MemInfo: [/proc/self/status]	VmRSS:	   35756 kB
20220314 061736.659 INFO             PET0 PIOc_sync Enter - MemInfo: [/proc/self/status]	VmData:	   32076 kB
20220314 061736.659 INFO             PET0 PIOc_sync Enter - MemInfo: [/proc/self/status]	VmStk:	     148 kB
20220314 061736.661 INFO             PET0 PIOc_sync Enter - MemInfo: [/proc/self/status]	VmExe:	     220 kB
20220314 061736.661 INFO             PET0 PIOc_sync Enter - MemInfo: [/proc/self/status]	VmLib:	   49272 kB
20220314 061736.661 INFO             PET0 PIOc_sync Enter - MemInfo: [/proc/self/status]	VmPTE:	     760 kB
20220314 061736.661 INFO             PET0 PIOc_sync Enter - MemInfo: [/proc/self/status]	VmPMD:	      16 kB
20220314 061736.661 INFO             PET0 PIOc_sync Enter - MemInfo: [/proc/self/status]	VmSwap:	       0 kB
20220314 061736.661 INFO             PET0 PIOc_sync Enter - MemInfo: [/proc/self/status]	VmRSSPercent: 0.0545835 %
20220314 061736.661 INFO             PET0 PIOc_sync Enter - MemInfo: [malloc] Non-mmapped space allocated:                 3170304 Byte
20220314 061736.661 INFO             PET0 PIOc_sync Enter - MemInfo: [malloc] Space allocated in mmapped regions:         18890752 Byte
20220314 061736.661 INFO             PET0 PIOc_sync Enter - MemInfo: [malloc] Maximum total allocated space:                     0 Byte
20220314 061736.661 INFO             PET0 PIOc_sync Enter - MemInfo: [malloc] Space in freed fastbin blocks:                  1472 Byte
20220314 061736.661 INFO             PET0 PIOc_sync Enter - MemInfo: [malloc] Total allocated space:                       2674736 Byte
20220314 061736.661 INFO             PET0 PIOc_sync Enter - MemInfo: [malloc] Total free space:                             495568 Byte
20220314 061736.661 INFO             PET0 PIOc_sync Enter - MemInfo: [malloc] Top-most, releasable space:                    36208 Byte
20220314 061736.661 INFO             PET0 PIOc_sync Enter - MemInfo: [malloc] Total space in use, mmap + non-mmap:        21565488 Byte
20220314 061736.661 INFO             PET0 PIOc_sync Enter - MemInfo: [malloc] Total space held (mmap + non-mmap):         22061056 Byte
20220314 061736.661 INFO             PET0 PIOc_sync Enter - MemInfo: [malloc] Total space used (mmap + non-mmap):         21574816 Byte
20220314 061736.661 INFO             PET0 PIOc_sync Enter - MemInfo: Wall-clock time since execution start:              0.0173956 seconds
20220314 061736.662 INFO             PET0 PIOc_sync Exit - MemInfo: [/proc/meminfo - SSI]	MemTotal:       65507008 kB
20220314 061736.662 INFO             PET0 PIOc_sync Exit - MemInfo: [/proc/meminfo - SSI]	MemFree:        49547136 kB
20220314 061736.662 INFO             PET0 PIOc_sync Exit - MemInfo: [/proc/meminfo - SSI]	MemAvailable:   49308360 kB
20220314 061736.662 INFO             PET0 PIOc_sync Exit - MemInfo: [/proc/meminfo - SSI]	Committed_AS:   13108696 kB
20220314 061736.662 INFO             PET0 PIOc_sync Exit - MemInfo: [/proc/meminfo - SSI]	CommittedPercent: 20.0111 %
20220314 061736.662 INFO             PET0 PIOc_sync Exit - MemInfo: [/proc/self/status]	VmPeak:	  523692 kB
20220314 061736.662 INFO             PET0 PIOc_sync Exit - MemInfo: [/proc/self/status]	VmSize:	  523692 kB
20220314 061736.662 INFO             PET0 PIOc_sync Exit - MemInfo: [/proc/self/status]	VmLck:	       0 kB
20220314 061736.662 INFO             PET0 PIOc_sync Exit - MemInfo: [/proc/self/status]	VmPin:	       0 kB
20220314 061736.662 INFO             PET0 PIOc_sync Exit - MemInfo: [/proc/self/status]	VmHWM:	   64884 kB
20220314 061736.662 INFO             PET0 PIOc_sync Exit - MemInfo: [/proc/self/status]	VmRSS:	   35916 kB
20220314 061736.662 INFO             PET0 PIOc_sync Exit - MemInfo: [/proc/self/status]	VmData:	   32236 kB
20220314 061736.662 INFO             PET0 PIOc_sync Exit - MemInfo: [/proc/self/status]	VmStk:	     148 kB
20220314 061736.662 INFO             PET0 PIOc_sync Exit - MemInfo: [/proc/self/status]	VmExe:	     220 kB
20220314 061736.662 INFO             PET0 PIOc_sync Exit - MemInfo: [/proc/self/status]	VmLib:	   49272 kB
20220314 061736.662 INFO             PET0 PIOc_sync Exit - MemInfo: [/proc/self/status]	VmPTE:	     760 kB
20220314 061736.662 INFO             PET0 PIOc_sync Exit - MemInfo: [/proc/self/status]	VmPMD:	      16 kB
20220314 061736.662 INFO             PET0 PIOc_sync Exit - MemInfo: [/proc/self/status]	VmSwap:	       0 kB
20220314 061736.662 INFO             PET0 PIOc_sync Exit - MemInfo: [/proc/self/status]	VmRSSPercent: 0.0548277 %
20220314 061736.662 INFO             PET0 PIOc_sync Exit - MemInfo: [malloc] Non-mmapped space allocated:                 3334144 Byte
20220314 061736.662 INFO             PET0 PIOc_sync Exit - MemInfo: [malloc] Space allocated in mmapped regions:         18890752 Byte
20220314 061736.662 INFO             PET0 PIOc_sync Exit - MemInfo: [malloc] Maximum total allocated space:                     0 Byte
20220314 061736.662 INFO             PET0 PIOc_sync Exit - MemInfo: [malloc] Space in freed fastbin blocks:                  1712 Byte
20220314 061736.662 INFO             PET0 PIOc_sync Exit - MemInfo: [malloc] Total allocated space:                       2867008 Byte
20220314 061736.662 INFO             PET0 PIOc_sync Exit - MemInfo: [malloc] Total free space:                             467136 Byte
20220314 061736.662 INFO             PET0 PIOc_sync Exit - MemInfo: [malloc] Top-most, releasable space:                   200048 Byte
20220314 061736.662 INFO             PET0 PIOc_sync Exit - MemInfo: [malloc] Total space in use, mmap + non-mmap:        21757760 Byte
20220314 061736.662 INFO             PET0 PIOc_sync Exit - MemInfo: [malloc] Total space held (mmap + non-mmap):         22224896 Byte
20220314 061736.662 INFO             PET0 PIOc_sync Exit - MemInfo: [malloc] Total space used (mmap + non-mmap):         21767088 Byte
20220314 061736.662 INFO             PET0 PIOc_sync Exit - MemInfo: Wall-clock time since execution start:              0.0180995 seconds
20220314 061736.663 INFO             PET0 PIOc_freedecomp Enter - MemInfo: [/proc/meminfo - SSI]	MemTotal:       65507008 kB
20220314 061736.663 INFO             PET0 PIOc_freedecomp Enter - MemInfo: [/proc/meminfo - SSI]	MemFree:        49562256 kB
20220314 061736.663 INFO             PET0 PIOc_freedecomp Enter - MemInfo: [/proc/meminfo - SSI]	MemAvailable:   49323480 kB
20220314 061736.663 INFO             PET0 PIOc_freedecomp Enter - MemInfo: [/proc/meminfo - SSI]	Committed_AS:   13092468 kB
20220314 061736.663 INFO             PET0 PIOc_freedecomp Enter - MemInfo: [/proc/meminfo - SSI]	CommittedPercent: 19.9864 %
20220314 061736.663 INFO             PET0 PIOc_freedecomp Enter - MemInfo: [/proc/self/status]	VmPeak:	  523692 kB
20220314 061736.663 INFO             PET0 PIOc_freedecomp Enter - MemInfo: [/proc/self/status]	VmSize:	  506788 kB
20220314 061736.663 INFO             PET0 PIOc_freedecomp Enter - MemInfo: [/proc/self/status]	VmLck:	       0 kB
20220314 061736.663 INFO             PET0 PIOc_freedecomp Enter - MemInfo: [/proc/self/status]	VmPin:	       0 kB
20220314 061736.663 INFO             PET0 PIOc_freedecomp Enter - MemInfo: [/proc/self/status]	VmHWM:	   64884 kB
20220314 061736.663 INFO             PET0 PIOc_freedecomp Enter - MemInfo: [/proc/self/status]	VmRSS:	   19524 kB
20220314 061736.663 INFO             PET0 PIOc_freedecomp Enter - MemInfo: [/proc/self/status]	VmData:	   15332 kB
20220314 061736.663 INFO             PET0 PIOc_freedecomp Enter - MemInfo: [/proc/self/status]	VmStk:	     148 kB
20220314 061736.663 INFO             PET0 PIOc_freedecomp Enter - MemInfo: [/proc/self/status]	VmExe:	     220 kB
20220314 061736.663 INFO             PET0 PIOc_freedecomp Enter - MemInfo: [/proc/self/status]	VmLib:	   49272 kB
20220314 061736.663 INFO             PET0 PIOc_freedecomp Enter - MemInfo: [/proc/self/status]	VmPTE:	     728 kB
20220314 061736.663 INFO             PET0 PIOc_freedecomp Enter - MemInfo: [/proc/self/status]	VmPMD:	      16 kB
20220314 061736.663 INFO             PET0 PIOc_freedecomp Enter - MemInfo: [/proc/self/status]	VmSwap:	       0 kB
20220314 061736.663 INFO             PET0 PIOc_freedecomp Enter - MemInfo: [/proc/self/status]	VmRSSPercent: 0.0298044 %
20220314 061736.663 INFO             PET0 PIOc_freedecomp Enter - MemInfo: [malloc] Non-mmapped space allocated:                 3334144 Byte
20220314 061736.663 INFO             PET0 PIOc_freedecomp Enter - MemInfo: [malloc] Space allocated in mmapped regions:          1581056 Byte
20220314 061736.663 INFO             PET0 PIOc_freedecomp Enter - MemInfo: [malloc] Maximum total allocated space:                     0 Byte
20220314 061736.663 INFO             PET0 PIOc_freedecomp Enter - MemInfo: [malloc] Space in freed fastbin blocks:                  4208 Byte
20220314 061736.663 INFO             PET0 PIOc_freedecomp Enter - MemInfo: [malloc] Total allocated space:                       2852240 Byte
20220314 061736.663 INFO             PET0 PIOc_freedecomp Enter - MemInfo: [malloc] Total free space:                             481904 Byte
20220314 061736.663 INFO             PET0 PIOc_freedecomp Enter - MemInfo: [malloc] Top-most, releasable space:                   200048 Byte
20220314 061736.663 INFO             PET0 PIOc_freedecomp Enter - MemInfo: [malloc] Total space in use, mmap + non-mmap:         4433296 Byte
20220314 061736.663 INFO             PET0 PIOc_freedecomp Enter - MemInfo: [malloc] Total space held (mmap + non-mmap):          4915200 Byte
20220314 061736.663 INFO             PET0 PIOc_freedecomp Enter - MemInfo: [malloc] Total space used (mmap + non-mmap):          4442624 Byte
20220314 061736.663 INFO             PET0 PIOc_freedecomp Enter - MemInfo: Wall-clock time since execution start:              0.0192154 seconds
20220314 061736.663 INFO             PET0 PIOc_freedecomp Exit - MemInfo: [/proc/meminfo - SSI]	MemTotal:       65507008 kB
20220314 061736.663 INFO             PET0 PIOc_freedecomp Exit - MemInfo: [/proc/meminfo - SSI]	MemFree:        49562256 kB
20220314 061736.663 INFO             PET0 PIOc_freedecomp Exit - MemInfo: [/proc/meminfo - SSI]	MemAvailable:   49323480 kB
20220314 061736.663 INFO             PET0 PIOc_freedecomp Exit - MemInfo: [/proc/meminfo - SSI]	Committed_AS:   13092468 kB
20220314 061736.663 INFO             PET0 PIOc_freedecomp Exit - MemInfo: [/proc/meminfo - SSI]	CommittedPercent: 19.9864 %
20220314 061736.663 INFO             PET0 PIOc_freedecomp Exit - MemInfo: [/proc/self/status]	VmPeak:	  523692 kB
20220314 061736.663 INFO             PET0 PIOc_freedecomp Exit - MemInfo: [/proc/self/status]	VmSize:	  506788 kB
20220314 061736.663 INFO             PET0 PIOc_freedecomp Exit - MemInfo: [/proc/self/status]	VmLck:	       0 kB
20220314 061736.663 INFO             PET0 PIOc_freedecomp Exit - MemInfo: [/proc/self/status]	VmPin:	       0 kB
20220314 061736.663 INFO             PET0 PIOc_freedecomp Exit - MemInfo: [/proc/self/status]	VmHWM:	   64884 kB
20220314 061736.663 INFO             PET0 PIOc_freedecomp Exit - MemInfo: [/proc/self/status]	VmRSS:	   19528 kB
20220314 061736.663 INFO             PET0 PIOc_freedecomp Exit - MemInfo: [/proc/self/status]	VmData:	   15332 kB
20220314 061736.663 INFO             PET0 PIOc_freedecomp Exit - MemInfo: [/proc/self/status]	VmStk:	     148 kB
20220314 061736.663 INFO             PET0 PIOc_freedecomp Exit - MemInfo: [/proc/self/status]	VmExe:	     220 kB
20220314 061736.663 INFO             PET0 PIOc_freedecomp Exit - MemInfo: [/proc/self/status]	VmLib:	   49272 kB
20220314 061736.663 INFO             PET0 PIOc_freedecomp Exit - MemInfo: [/proc/self/status]	VmPTE:	     728 kB
20220314 061736.663 INFO             PET0 PIOc_freedecomp Exit - MemInfo: [/proc/self/status]	VmPMD:	      16 kB
20220314 061736.663 INFO             PET0 PIOc_freedecomp Exit - MemInfo: [/proc/self/status]	VmSwap:	       0 kB
20220314 061736.663 INFO             PET0 PIOc_freedecomp Exit - MemInfo: [/proc/self/status]	VmRSSPercent: 0.0298106 %
20220314 061736.663 INFO             PET0 PIOc_freedecomp Exit - MemInfo: [malloc] Non-mmapped space allocated:                 3334144 Byte
20220314 061736.663 INFO             PET0 PIOc_freedecomp Exit - MemInfo: [malloc] Space allocated in mmapped regions:          1581056 Byte
20220314 061736.663 INFO             PET0 PIOc_freedecomp Exit - MemInfo: [malloc] Maximum total allocated space:                     0 Byte
20220314 061736.663 INFO             PET0 PIOc_freedecomp Exit - MemInfo: [malloc] Space in freed fastbin blocks:                  1840 Byte
20220314 061736.664 INFO             PET0 PIOc_freedecomp Exit - MemInfo: [malloc] Total allocated space:                       2723616 Byte
20220314 061736.664 INFO             PET0 PIOc_freedecomp Exit - MemInfo: [malloc] Total free space:                             610528 Byte
20220314 061736.664 INFO             PET0 PIOc_freedecomp Exit - MemInfo: [malloc] Top-most, releasable space:                   200048 Byte
20220314 061736.664 INFO             PET0 PIOc_freedecomp Exit - MemInfo: [malloc] Total space in use, mmap + non-mmap:         4304672 Byte
20220314 061736.664 INFO             PET0 PIOc_freedecomp Exit - MemInfo: [malloc] Total space held (mmap + non-mmap):          4915200 Byte
20220314 061736.664 INFO             PET0 PIOc_freedecomp Exit - MemInfo: [malloc] Total space used (mmap + non-mmap):          4314016 Byte
20220314 061736.664 INFO             PET0 PIOc_freedecomp Exit - MemInfo: Wall-clock time since execution start:              0.0195819 seconds
20220314 061736.664 INFO             PET0 PIOc_freedecomp Enter - MemInfo: [/proc/meminfo - SSI]	MemTotal:       65507008 kB
20220314 061736.664 INFO             PET0 PIOc_freedecomp Enter - MemInfo: [/proc/meminfo - SSI]	MemFree:        49562256 kB
20220314 061736.664 INFO             PET0 PIOc_freedecomp Enter - MemInfo: [/proc/meminfo - SSI]	MemAvailable:   49323480 kB
20220314 061736.664 INFO             PET0 PIOc_freedecomp Enter - MemInfo: [/proc/meminfo - SSI]	Committed_AS:   13092468 kB
20220314 061736.664 INFO             PET0 PIOc_freedecomp Enter - MemInfo: [/proc/meminfo - SSI]	CommittedPercent: 19.9864 %
20220314 061736.664 INFO             PET0 PIOc_freedecomp Enter - MemInfo: [/proc/self/status]	VmPeak:	  523692 kB
20220314 061736.664 INFO             PET0 PIOc_freedecomp Enter - MemInfo: [/proc/self/status]	VmSize:	  506788 kB
20220314 061736.664 INFO             PET0 PIOc_freedecomp Enter - MemInfo: [/proc/self/status]	VmLck:	       0 kB
20220314 061736.664 INFO             PET0 PIOc_freedecomp Enter - MemInfo: [/proc/self/status]	VmPin:	       0 kB
20220314 061736.664 INFO             PET0 PIOc_freedecomp Enter - MemInfo: [/proc/self/status]	VmHWM:	   64884 kB
20220314 061736.664 INFO             PET0 PIOc_freedecomp Enter - MemInfo: [/proc/self/status]	VmRSS:	   19528 kB
20220314 061736.664 INFO             PET0 PIOc_freedecomp Enter - MemInfo: [/proc/self/status]	VmData:	   15332 kB
20220314 061736.664 INFO             PET0 PIOc_freedecomp Enter - MemInfo: [/proc/self/status]	VmStk:	     148 kB
20220314 061736.664 INFO             PET0 PIOc_freedecomp Enter - MemInfo: [/proc/self/status]	VmExe:	     220 kB
20220314 061736.664 INFO             PET0 PIOc_freedecomp Enter - MemInfo: [/proc/self/status]	VmLib:	   49272 kB
20220314 061736.664 INFO             PET0 PIOc_freedecomp Enter - MemInfo: [/proc/self/status]	VmPTE:	     728 kB
20220314 061736.664 INFO             PET0 PIOc_freedecomp Enter - MemInfo: [/proc/self/status]	VmPMD:	      16 kB
20220314 061736.664 INFO             PET0 PIOc_freedecomp Enter - MemInfo: [/proc/self/status]	VmSwap:	       0 kB
20220314 061736.664 INFO             PET0 PIOc_freedecomp Enter - MemInfo: [/proc/self/status]	VmRSSPercent: 0.0298106 %
20220314 061736.664 INFO             PET0 PIOc_freedecomp Enter - MemInfo: [malloc] Non-mmapped space allocated:                 3334144 Byte
20220314 061736.664 INFO             PET0 PIOc_freedecomp Enter - MemInfo: [malloc] Space allocated in mmapped regions:          1581056 Byte
20220314 061736.664 INFO             PET0 PIOc_freedecomp Enter - MemInfo: [malloc] Maximum total allocated space:                     0 Byte
20220314 061736.664 INFO             PET0 PIOc_freedecomp Enter - MemInfo: [malloc] Space in freed fastbin blocks:                  2160 Byte
20220314 061736.664 INFO             PET0 PIOc_freedecomp Enter - MemInfo: [malloc] Total allocated space:                       2723488 Byte
20220314 061736.664 INFO             PET0 PIOc_freedecomp Enter - MemInfo: [malloc] Total free space:                             610656 Byte
20220314 061736.664 INFO             PET0 PIOc_freedecomp Enter - MemInfo: [malloc] Top-most, releasable space:                   200048 Byte
20220314 061736.664 INFO             PET0 PIOc_freedecomp Enter - MemInfo: [malloc] Total space in use, mmap + non-mmap:         4304544 Byte
20220314 061736.664 INFO             PET0 PIOc_freedecomp Enter - MemInfo: [malloc] Total space held (mmap + non-mmap):          4915200 Byte
20220314 061736.664 INFO             PET0 PIOc_freedecomp Enter - MemInfo: [malloc] Total space used (mmap + non-mmap):          4313888 Byte
20220314 061736.664 INFO             PET0 PIOc_freedecomp Enter - MemInfo: Wall-clock time since execution start:              0.0199313 seconds
20220314 061736.664 INFO             PET0 PIOc_freedecomp Exit - MemInfo: [/proc/meminfo - SSI]	MemTotal:       65507008 kB
20220314 061736.664 INFO             PET0 PIOc_freedecomp Exit - MemInfo: [/proc/meminfo - SSI]	MemFree:        49562256 kB
20220314 061736.664 INFO             PET0 PIOc_freedecomp Exit - MemInfo: [/proc/meminfo - SSI]	MemAvailable:   49323480 kB
20220314 061736.664 INFO             PET0 PIOc_freedecomp Exit - MemInfo: [/proc/meminfo - SSI]	Committed_AS:   13092468 kB
20220314 061736.664 INFO             PET0 PIOc_freedecomp Exit - MemInfo: [/proc/meminfo - SSI]	CommittedPercent: 19.9864 %
20220314 061736.664 INFO             PET0 PIOc_freedecomp Exit - MemInfo: [/proc/self/status]	VmPeak:	  523692 kB
20220314 061736.664 INFO             PET0 PIOc_freedecomp Exit - MemInfo: [/proc/self/status]	VmSize:	  506788 kB
20220314 061736.664 INFO             PET0 PIOc_freedecomp Exit - MemInfo: [/proc/self/status]	VmLck:	       0 kB
20220314 061736.664 INFO             PET0 PIOc_freedecomp Exit - MemInfo: [/proc/self/status]	VmPin:	       0 kB
20220314 061736.664 INFO             PET0 PIOc_freedecomp Exit - MemInfo: [/proc/self/status]	VmHWM:	   64884 kB
20220314 061736.664 INFO             PET0 PIOc_freedecomp Exit - MemInfo: [/proc/self/status]	VmRSS:	   19528 kB
20220314 061736.664 INFO             PET0 PIOc_freedecomp Exit - MemInfo: [/proc/self/status]	VmData:	   15332 kB
20220314 061736.664 INFO             PET0 PIOc_freedecomp Exit - MemInfo: [/proc/self/status]	VmStk:	     148 kB
20220314 061736.664 INFO             PET0 PIOc_freedecomp Exit - MemInfo: [/proc/self/status]	VmExe:	     220 kB
20220314 061736.664 INFO             PET0 PIOc_freedecomp Exit - MemInfo: [/proc/self/status]	VmLib:	   49272 kB
20220314 061736.664 INFO             PET0 PIOc_freedecomp Exit - MemInfo: [/proc/self/status]	VmPTE:	     728 kB
20220314 061736.664 INFO             PET0 PIOc_freedecomp Exit - MemInfo: [/proc/self/status]	VmPMD:	      16 kB
20220314 061736.664 INFO             PET0 PIOc_freedecomp Exit - MemInfo: [/proc/self/status]	VmSwap:	       0 kB
20220314 061736.664 INFO             PET0 PIOc_freedecomp Exit - MemInfo: [/proc/self/status]	VmRSSPercent: 0.0298106 %
20220314 061736.664 INFO             PET0 PIOc_freedecomp Exit - MemInfo: [malloc] Non-mmapped space allocated:                 3334144 Byte
20220314 061736.664 INFO             PET0 PIOc_freedecomp Exit - MemInfo: [malloc] Space allocated in mmapped regions:          1581056 Byte
20220314 061736.664 INFO             PET0 PIOc_freedecomp Exit - MemInfo: [malloc] Maximum total allocated space:                     0 Byte
20220314 061736.664 INFO             PET0 PIOc_freedecomp Exit - MemInfo: [malloc] Space in freed fastbin blocks:                  1536 Byte
20220314 061736.664 INFO             PET0 PIOc_freedecomp Exit - MemInfo: [malloc] Total allocated space:                       2678400 Byte
20220314 061736.664 INFO             PET0 PIOc_freedecomp Exit - MemInfo: [malloc] Total free space:                             655744 Byte
20220314 061736.664 INFO             PET0 PIOc_freedecomp Exit - MemInfo: [malloc] Top-most, releasable space:                   200048 Byte
20220314 061736.664 INFO             PET0 PIOc_freedecomp Exit - MemInfo: [malloc] Total space in use, mmap + non-mmap:         4259456 Byte
20220314 061736.664 INFO             PET0 PIOc_freedecomp Exit - MemInfo: [malloc] Total space held (mmap + non-mmap):          4915200 Byte
20220314 061736.664 INFO             PET0 PIOc_freedecomp Exit - MemInfo: [malloc] Total space used (mmap + non-mmap):          4268800 Byte
20220314 061736.664 INFO             PET0 PIOc_freedecomp Exit - MemInfo: Wall-clock time since execution start:              0.0202941 seconds
20220314 061736.664 INFO             PET0 PIOc_freedecomp Enter - MemInfo: [/proc/meminfo - SSI]	MemTotal:       65507008 kB
20220314 061736.664 INFO             PET0 PIOc_freedecomp Enter - MemInfo: [/proc/meminfo - SSI]	MemFree:        49562256 kB
20220314 061736.664 INFO             PET0 PIOc_freedecomp Enter - MemInfo: [/proc/meminfo - SSI]	MemAvailable:   49323480 kB
20220314 061736.664 INFO             PET0 PIOc_freedecomp Enter - MemInfo: [/proc/meminfo - SSI]	Committed_AS:   13092468 kB
20220314 061736.664 INFO             PET0 PIOc_freedecomp Enter - MemInfo: [/proc/meminfo - SSI]	CommittedPercent: 19.9864 %
20220314 061736.664 INFO             PET0 PIOc_freedecomp Enter - MemInfo: [/proc/self/status]	VmPeak:	  523692 kB
20220314 061736.664 INFO             PET0 PIOc_freedecomp Enter - MemInfo: [/proc/self/status]	VmSize:	  506788 kB
20220314 061736.664 INFO             PET0 PIOc_freedecomp Enter - MemInfo: [/proc/self/status]	VmLck:	       0 kB
20220314 061736.664 INFO             PET0 PIOc_freedecomp Enter - MemInfo: [/proc/self/status]	VmPin:	       0 kB
20220314 061736.664 INFO             PET0 PIOc_freedecomp Enter - MemInfo: [/proc/self/status]	VmHWM:	   64884 kB
20220314 061736.664 INFO             PET0 PIOc_freedecomp Enter - MemInfo: [/proc/self/status]	VmRSS:	   19528 kB
20220314 061736.664 INFO             PET0 PIOc_freedecomp Enter - MemInfo: [/proc/self/status]	VmData:	   15332 kB
20220314 061736.664 INFO             PET0 PIOc_freedecomp Enter - MemInfo: [/proc/self/status]	VmStk:	     148 kB
20220314 061736.664 INFO             PET0 PIOc_freedecomp Enter - MemInfo: [/proc/self/status]	VmExe:	     220 kB
20220314 061736.664 INFO             PET0 PIOc_freedecomp Enter - MemInfo: [/proc/self/status]	VmLib:	   49272 kB
20220314 061736.664 INFO             PET0 PIOc_freedecomp Enter - MemInfo: [/proc/self/status]	VmPTE:	     728 kB
20220314 061736.664 INFO             PET0 PIOc_freedecomp Enter - MemInfo: [/proc/self/status]	VmPMD:	      16 kB
20220314 061736.665 INFO             PET0 PIOc_freedecomp Enter - MemInfo: [/proc/self/status]	VmSwap:	       0 kB
20220314 061736.665 INFO             PET0 PIOc_freedecomp Enter - MemInfo: [/proc/self/status]	VmRSSPercent: 0.0298106 %
20220314 061736.665 INFO             PET0 PIOc_freedecomp Enter - MemInfo: [malloc] Non-mmapped space allocated:                 3334144 Byte
20220314 061736.665 INFO             PET0 PIOc_freedecomp Enter - MemInfo: [malloc] Space allocated in mmapped regions:          1581056 Byte
20220314 061736.665 INFO             PET0 PIOc_freedecomp Enter - MemInfo: [malloc] Maximum total allocated space:                     0 Byte
20220314 061736.665 INFO             PET0 PIOc_freedecomp Enter - MemInfo: [malloc] Space in freed fastbin blocks:                  2288 Byte
20220314 061736.665 INFO             PET0 PIOc_freedecomp Enter - MemInfo: [malloc] Total allocated space:                       2678272 Byte
20220314 061736.665 INFO             PET0 PIOc_freedecomp Enter - MemInfo: [malloc] Total free space:                             655872 Byte
20220314 061736.665 INFO             PET0 PIOc_freedecomp Enter - MemInfo: [malloc] Top-most, releasable space:                   200048 Byte
20220314 061736.665 INFO             PET0 PIOc_freedecomp Enter - MemInfo: [malloc] Total space in use, mmap + non-mmap:         4259328 Byte
20220314 061736.665 INFO             PET0 PIOc_freedecomp Enter - MemInfo: [malloc] Total space held (mmap + non-mmap):          4915200 Byte
20220314 061736.665 INFO             PET0 PIOc_freedecomp Enter - MemInfo: [malloc] Total space used (mmap + non-mmap):          4268672 Byte
20220314 061736.665 INFO             PET0 PIOc_freedecomp Enter - MemInfo: Wall-clock time since execution start:              0.0206408 seconds
20220314 061736.665 INFO             PET0 PIOc_freedecomp Exit - MemInfo: [/proc/meminfo - SSI]	MemTotal:       65507008 kB
20220314 061736.665 INFO             PET0 PIOc_freedecomp Exit - MemInfo: [/proc/meminfo - SSI]	MemFree:        49562256 kB
20220314 061736.665 INFO             PET0 PIOc_freedecomp Exit - MemInfo: [/proc/meminfo - SSI]	MemAvailable:   49323480 kB
20220314 061736.665 INFO             PET0 PIOc_freedecomp Exit - MemInfo: [/proc/meminfo - SSI]	Committed_AS:   13092468 kB
20220314 061736.665 INFO             PET0 PIOc_freedecomp Exit - MemInfo: [/proc/meminfo - SSI]	CommittedPercent: 19.9864 %
20220314 061736.665 INFO             PET0 PIOc_freedecomp Exit - MemInfo: [/proc/self/status]	VmPeak:	  523692 kB
20220314 061736.665 INFO             PET0 PIOc_freedecomp Exit - MemInfo: [/proc/self/status]	VmSize:	  506788 kB
20220314 061736.665 INFO             PET0 PIOc_freedecomp Exit - MemInfo: [/proc/self/status]	VmLck:	       0 kB
20220314 061736.665 INFO             PET0 PIOc_freedecomp Exit - MemInfo: [/proc/self/status]	VmPin:	       0 kB
20220314 061736.665 INFO             PET0 PIOc_freedecomp Exit - MemInfo: [/proc/self/status]	VmHWM:	   64884 kB
20220314 061736.665 INFO             PET0 PIOc_freedecomp Exit - MemInfo: [/proc/self/status]	VmRSS:	   19528 kB
20220314 061736.665 INFO             PET0 PIOc_freedecomp Exit - MemInfo: [/proc/self/status]	VmData:	   15332 kB
20220314 061736.665 INFO             PET0 PIOc_freedecomp Exit - MemInfo: [/proc/self/status]	VmStk:	     148 kB
20220314 061736.665 INFO             PET0 PIOc_freedecomp Exit - MemInfo: [/proc/self/status]	VmExe:	     220 kB
20220314 061736.665 INFO             PET0 PIOc_freedecomp Exit - MemInfo: [/proc/self/status]	VmLib:	   49272 kB
20220314 061736.665 INFO             PET0 PIOc_freedecomp Exit - MemInfo: [/proc/self/status]	VmPTE:	     728 kB
20220314 061736.665 INFO             PET0 PIOc_freedecomp Exit - MemInfo: [/proc/self/status]	VmPMD:	      16 kB
20220314 061736.665 INFO             PET0 PIOc_freedecomp Exit - MemInfo: [/proc/self/status]	VmSwap:	       0 kB
20220314 061736.665 INFO             PET0 PIOc_freedecomp Exit - MemInfo: [/proc/self/status]	VmRSSPercent: 0.0298106 %
20220314 061736.665 INFO             PET0 PIOc_freedecomp Exit - MemInfo: [malloc] Non-mmapped space allocated:                 3334144 Byte
20220314 061736.665 INFO             PET0 PIOc_freedecomp Exit - MemInfo: [malloc] Space allocated in mmapped regions:          1581056 Byte
20220314 061736.665 INFO             PET0 PIOc_freedecomp Exit - MemInfo: [malloc] Maximum total allocated space:                     0 Byte
20220314 061736.665 INFO             PET0 PIOc_freedecomp Exit - MemInfo: [malloc] Space in freed fastbin blocks:                  1424 Byte
20220314 061736.665 INFO             PET0 PIOc_freedecomp Exit - MemInfo: [malloc] Total allocated space:                       2632576 Byte
20220314 061736.665 INFO             PET0 PIOc_freedecomp Exit - MemInfo: [malloc] Total free space:                             701568 Byte
20220314 061736.665 INFO             PET0 PIOc_freedecomp Exit - MemInfo: [malloc] Top-most, releasable space:                   200048 Byte
20220314 061736.665 INFO             PET0 PIOc_freedecomp Exit - MemInfo: [malloc] Total space in use, mmap + non-mmap:         4213632 Byte
20220314 061736.665 INFO             PET0 PIOc_freedecomp Exit - MemInfo: [malloc] Total space held (mmap + non-mmap):          4915200 Byte
20220314 061736.665 INFO             PET0 PIOc_freedecomp Exit - MemInfo: [malloc] Total space used (mmap + non-mmap):          4222960 Byte
20220314 061736.665 INFO             PET0 PIOc_freedecomp Exit - MemInfo: Wall-clock time since execution start:              0.0209894 seconds
20220314 061736.665 INFO             PET0  PASS  ArrayBundleWrite Single file Test, ESMF_ArrayBundleIOUTest.F90, line 167
20220314 061736.674 INFO             PET0 PIOc_sync Enter - MemInfo: [/proc/meminfo - SSI]	MemTotal:       65507008 kB
20220314 061736.674 INFO             PET0 PIOc_sync Enter - MemInfo: [/proc/meminfo - SSI]	MemFree:        49547136 kB
20220314 061736.674 INFO             PET0 PIOc_sync Enter - MemInfo: [/proc/meminfo - SSI]	MemAvailable:   49308360 kB
20220314 061736.674 INFO             PET0 PIOc_sync Enter - MemInfo: [/proc/meminfo - SSI]	Committed_AS:   13108784 kB
20220314 061736.674 INFO             PET0 PIOc_sync Enter - MemInfo: [/proc/meminfo - SSI]	CommittedPercent: 20.0113 %
20220314 061736.674 INFO             PET0 PIOc_sync Enter - MemInfo: [/proc/self/status]	VmPeak:	  523692 kB
20220314 061736.674 INFO             PET0 PIOc_sync Enter - MemInfo: [/proc/self/status]	VmSize:	  523620 kB
20220314 061736.674 INFO             PET0 PIOc_sync Enter - MemInfo: [/proc/self/status]	VmLck:	       0 kB
20220314 061736.674 INFO             PET0 PIOc_sync Enter - MemInfo: [/proc/self/status]	VmPin:	       0 kB
20220314 061736.674 INFO             PET0 PIOc_sync Enter - MemInfo: [/proc/self/status]	VmHWM:	   64884 kB
20220314 061736.674 INFO             PET0 PIOc_sync Enter - MemInfo: [/proc/self/status]	VmRSS:	   36140 kB
20220314 061736.674 INFO             PET0 PIOc_sync Enter - MemInfo: [/proc/self/status]	VmData:	   32164 kB
20220314 061736.674 INFO             PET0 PIOc_sync Enter - MemInfo: [/proc/self/status]	VmStk:	     148 kB
20220314 061736.674 INFO             PET0 PIOc_sync Enter - MemInfo: [/proc/self/status]	VmExe:	     220 kB
20220314 061736.674 INFO             PET0 PIOc_sync Enter - MemInfo: [/proc/self/status]	VmLib:	   49272 kB
20220314 061736.674 INFO             PET0 PIOc_sync Enter - MemInfo: [/proc/self/status]	VmPTE:	     768 kB
20220314 061736.674 INFO             PET0 PIOc_sync Enter - MemInfo: [/proc/self/status]	VmPMD:	      16 kB
20220314 061736.674 INFO             PET0 PIOc_sync Enter - MemInfo: [/proc/self/status]	VmSwap:	       0 kB
20220314 061736.674 INFO             PET0 PIOc_sync Enter - MemInfo: [/proc/self/status]	VmRSSPercent: 0.0551697 %
20220314 061736.674 INFO             PET0 PIOc_sync Enter - MemInfo: [malloc] Non-mmapped space allocated:                20570112 Byte
20220314 061736.674 INFO             PET0 PIOc_sync Enter - MemInfo: [malloc] Space allocated in mmapped regions:          1581056 Byte
20220314 061736.674 INFO             PET0 PIOc_sync Enter - MemInfo: [malloc] Maximum total allocated space:                     0 Byte
20220314 061736.674 INFO             PET0 PIOc_sync Enter - MemInfo: [malloc] Space in freed fastbin blocks:                  1488 Byte
20220314 061736.674 INFO             PET0 PIOc_sync Enter - MemInfo: [malloc] Total allocated space:                      19976528 Byte
20220314 061736.674 INFO             PET0 PIOc_sync Enter - MemInfo: [malloc] Total free space:                             593584 Byte
20220314 061736.674 INFO             PET0 PIOc_sync Enter - MemInfo: [malloc] Top-most, releasable space:                   134480 Byte
20220314 061736.674 INFO             PET0 PIOc_sync Enter - MemInfo: [malloc] Total space in use, mmap + non-mmap:        21557584 Byte
20220314 061736.674 INFO             PET0 PIOc_sync Enter - MemInfo: [malloc] Total space held (mmap + non-mmap):         22151168 Byte
20220314 061736.674 INFO             PET0 PIOc_sync Enter - MemInfo: [malloc] Total space used (mmap + non-mmap):         21566912 Byte
20220314 061736.674 INFO             PET0 PIOc_sync Enter - MemInfo: Wall-clock time since execution start:              0.0299024 seconds
20220314 061736.676 INFO             PET0 PIOc_sync Exit - MemInfo: [/proc/meminfo - SSI]	MemTotal:       65507008 kB
20220314 061736.676 INFO             PET0 PIOc_sync Exit - MemInfo: [/proc/meminfo - SSI]	MemFree:        49547136 kB
20220314 061736.676 INFO             PET0 PIOc_sync Exit - MemInfo: [/proc/meminfo - SSI]	MemAvailable:   49308360 kB
20220314 061736.676 INFO             PET0 PIOc_sync Exit - MemInfo: [/proc/meminfo - SSI]	Committed_AS:   13108784 kB
20220314 061736.676 INFO             PET0 PIOc_sync Exit - MemInfo: [/proc/meminfo - SSI]	CommittedPercent: 20.0113 %
20220314 061736.676 INFO             PET0 PIOc_sync Exit - MemInfo: [/proc/self/status]	VmPeak:	  523692 kB
20220314 061736.676 INFO             PET0 PIOc_sync Exit - MemInfo: [/proc/self/status]	VmSize:	  523620 kB
20220314 061736.676 INFO             PET0 PIOc_sync Exit - MemInfo: [/proc/self/status]	VmLck:	       0 kB
20220314 061736.676 INFO             PET0 PIOc_sync Exit - MemInfo: [/proc/self/status]	VmPin:	       0 kB
20220314 061736.676 INFO             PET0 PIOc_sync Exit - MemInfo: [/proc/self/status]	VmHWM:	   64884 kB
20220314 061736.676 INFO             PET0 PIOc_sync Exit - MemInfo: [/proc/self/status]	VmRSS:	   36144 kB
20220314 061736.676 INFO             PET0 PIOc_sync Exit - MemInfo: [/proc/self/status]	VmData:	   32164 kB
20220314 061736.676 INFO             PET0 PIOc_sync Exit - MemInfo: [/proc/self/status]	VmStk:	     148 kB
20220314 061736.676 INFO             PET0 PIOc_sync Exit - MemInfo: [/proc/self/status]	VmExe:	     220 kB
20220314 061736.676 INFO             PET0 PIOc_sync Exit - MemInfo: [/proc/self/status]	VmLib:	   49272 kB
20220314 061736.676 INFO             PET0 PIOc_sync Exit - MemInfo: [/proc/self/status]	VmPTE:	     768 kB
20220314 061736.676 INFO             PET0 PIOc_sync Exit - MemInfo: [/proc/self/status]	VmPMD:	      16 kB
20220314 061736.676 INFO             PET0 PIOc_sync Exit - MemInfo: [/proc/self/status]	VmSwap:	       0 kB
20220314 061736.676 INFO             PET0 PIOc_sync Exit - MemInfo: [/proc/self/status]	VmRSSPercent: 0.0551758 %
20220314 061736.676 INFO             PET0 PIOc_sync Exit - MemInfo: [malloc] Non-mmapped space allocated:                20570112 Byte
20220314 061736.676 INFO             PET0 PIOc_sync Exit - MemInfo: [malloc] Space allocated in mmapped regions:          1581056 Byte
20220314 061736.676 INFO             PET0 PIOc_sync Exit - MemInfo: [malloc] Maximum total allocated space:                     0 Byte
20220314 061736.676 INFO             PET0 PIOc_sync Exit - MemInfo: [malloc] Space in freed fastbin blocks:                  1776 Byte
20220314 061736.676 INFO             PET0 PIOc_sync Exit - MemInfo: [malloc] Total allocated space:                      20168736 Byte
20220314 061736.676 INFO             PET0 PIOc_sync Exit - MemInfo: [malloc] Total free space:                             401376 Byte
20220314 061736.676 INFO             PET0 PIOc_sync Exit - MemInfo: [malloc] Top-most, releasable space:                   134480 Byte
20220314 061736.676 INFO             PET0 PIOc_sync Exit - MemInfo: [malloc] Total space in use, mmap + non-mmap:        21749792 Byte
20220314 061736.676 INFO             PET0 PIOc_sync Exit - MemInfo: [malloc] Total space held (mmap + non-mmap):         22151168 Byte
20220314 061736.676 INFO             PET0 PIOc_sync Exit - MemInfo: [malloc] Total space used (mmap + non-mmap):         21759120 Byte
20220314 061736.676 INFO             PET0 PIOc_sync Exit - MemInfo: Wall-clock time since execution start:              0.0325054 seconds
20220314 061736.677 INFO             PET0 PIOc_freedecomp Enter - MemInfo: [/proc/meminfo - SSI]	MemTotal:       65507008 kB
20220314 061736.677 INFO             PET0 PIOc_freedecomp Enter - MemInfo: [/proc/meminfo - SSI]	MemFree:        49547136 kB
20220314 061736.677 INFO             PET0 PIOc_freedecomp Enter - MemInfo: [/proc/meminfo - SSI]	MemAvailable:   49308360 kB
20220314 061736.677 INFO             PET0 PIOc_freedecomp Enter - MemInfo: [/proc/meminfo - SSI]	Committed_AS:   13108784 kB
20220314 061736.677 INFO             PET0 PIOc_freedecomp Enter - MemInfo: [/proc/meminfo - SSI]	CommittedPercent: 20.0113 %
20220314 061736.677 INFO             PET0 PIOc_freedecomp Enter - MemInfo: [/proc/self/status]	VmPeak:	  523692 kB
20220314 061736.677 INFO             PET0 PIOc_freedecomp Enter - MemInfo: [/proc/self/status]	VmSize:	  523620 kB
20220314 061736.677 INFO             PET0 PIOc_freedecomp Enter - MemInfo: [/proc/self/status]	VmLck:	       0 kB
20220314 061736.677 INFO             PET0 PIOc_freedecomp Enter - MemInfo: [/proc/self/status]	VmPin:	       0 kB
20220314 061736.677 INFO             PET0 PIOc_freedecomp Enter - MemInfo: [/proc/self/status]	VmHWM:	   64884 kB
20220314 061736.677 INFO             PET0 PIOc_freedecomp Enter - MemInfo: [/proc/self/status]	VmRSS:	   36144 kB
20220314 061736.677 INFO             PET0 PIOc_freedecomp Enter - MemInfo: [/proc/self/status]	VmData:	   32164 kB
20220314 061736.677 INFO             PET0 PIOc_freedecomp Enter - MemInfo: [/proc/self/status]	VmStk:	     148 kB
20220314 061736.677 INFO             PET0 PIOc_freedecomp Enter - MemInfo: [/proc/self/status]	VmExe:	     220 kB
20220314 061736.677 INFO             PET0 PIOc_freedecomp Enter - MemInfo: [/proc/self/status]	VmLib:	   49272 kB
20220314 061736.677 INFO             PET0 PIOc_freedecomp Enter - MemInfo: [/proc/self/status]	VmPTE:	     768 kB
20220314 061736.677 INFO             PET0 PIOc_freedecomp Enter - MemInfo: [/proc/self/status]	VmPMD:	      16 kB
20220314 061736.677 INFO             PET0 PIOc_freedecomp Enter - MemInfo: [/proc/self/status]	VmSwap:	       0 kB
20220314 061736.677 INFO             PET0 PIOc_freedecomp Enter - MemInfo: [/proc/self/status]	VmRSSPercent: 0.0551758 %
20220314 061736.677 INFO             PET0 PIOc_freedecomp Enter - MemInfo: [malloc] Non-mmapped space allocated:                20570112 Byte
20220314 061736.677 INFO             PET0 PIOc_freedecomp Enter - MemInfo: [malloc] Space allocated in mmapped regions:          1581056 Byte
20220314 061736.677 INFO             PET0 PIOc_freedecomp Enter - MemInfo: [malloc] Maximum total allocated space:                     0 Byte
20220314 061736.677 INFO             PET0 PIOc_freedecomp Enter - MemInfo: [malloc] Space in freed fastbin blocks:                  1728 Byte
20220314 061736.677 INFO             PET0 PIOc_freedecomp Enter - MemInfo: [malloc] Total allocated space:                       2852320 Byte
20220314 061736.677 INFO             PET0 PIOc_freedecomp Enter - MemInfo: [malloc] Total free space:                           17717792 Byte
20220314 061736.677 INFO             PET0 PIOc_freedecomp Enter - MemInfo: [malloc] Top-most, releasable space:                 17436016 Byte
20220314 061736.677 INFO             PET0 PIOc_freedecomp Enter - MemInfo: [malloc] Total space in use, mmap + non-mmap:         4433376 Byte
20220314 061736.677 INFO             PET0 PIOc_freedecomp Enter - MemInfo: [malloc] Total space held (mmap + non-mmap):         22151168 Byte
20220314 061736.677 INFO             PET0 PIOc_freedecomp Enter - MemInfo: [malloc] Total space used (mmap + non-mmap):          4442704 Byte
20220314 061736.677 INFO             PET0 PIOc_freedecomp Enter - MemInfo: Wall-clock time since execution start:              0.0329496 seconds
20220314 061736.677 INFO             PET0 PIOc_freedecomp Exit - MemInfo: [/proc/meminfo - SSI]	MemTotal:       65507008 kB
20220314 061736.677 INFO             PET0 PIOc_freedecomp Exit - MemInfo: [/proc/meminfo - SSI]	MemFree:        49547136 kB
20220314 061736.677 INFO             PET0 PIOc_freedecomp Exit - MemInfo: [/proc/meminfo - SSI]	MemAvailable:   49308360 kB
20220314 061736.677 INFO             PET0 PIOc_freedecomp Exit - MemInfo: [/proc/meminfo - SSI]	Committed_AS:   13108784 kB
20220314 061736.677 INFO             PET0 PIOc_freedecomp Exit - MemInfo: [/proc/meminfo - SSI]	CommittedPercent: 20.0113 %
20220314 061736.677 INFO             PET0 PIOc_freedecomp Exit - MemInfo: [/proc/self/status]	VmPeak:	  523692 kB
20220314 061736.677 INFO             PET0 PIOc_freedecomp Exit - MemInfo: [/proc/self/status]	VmSize:	  523620 kB
20220314 061736.677 INFO             PET0 PIOc_freedecomp Exit - MemInfo: [/proc/self/status]	VmLck:	       0 kB
20220314 061736.677 INFO             PET0 PIOc_freedecomp Exit - MemInfo: [/proc/self/status]	VmPin:	       0 kB
20220314 061736.677 INFO             PET0 PIOc_freedecomp Exit - MemInfo: [/proc/self/status]	VmHWM:	   64884 kB
20220314 061736.677 INFO             PET0 PIOc_freedecomp Exit - MemInfo: [/proc/self/status]	VmRSS:	   36144 kB
20220314 061736.677 INFO             PET0 PIOc_freedecomp Exit - MemInfo: [/proc/self/status]	VmData:	   32164 kB
20220314 061736.677 INFO             PET0 PIOc_freedecomp Exit - MemInfo: [/proc/self/status]	VmStk:	     148 kB
20220314 061736.677 INFO             PET0 PIOc_freedecomp Exit - MemInfo: [/proc/self/status]	VmExe:	     220 kB
20220314 061736.677 INFO             PET0 PIOc_freedecomp Exit - MemInfo: [/proc/self/status]	VmLib:	   49272 kB
20220314 061736.677 INFO             PET0 PIOc_freedecomp Exit - MemInfo: [/proc/self/status]	VmPTE:	     768 kB
20220314 061736.677 INFO             PET0 PIOc_freedecomp Exit - MemInfo: [/proc/self/status]	VmPMD:	      16 kB
20220314 061736.677 INFO             PET0 PIOc_freedecomp Exit - MemInfo: [/proc/self/status]	VmSwap:	       0 kB
20220314 061736.677 INFO             PET0 PIOc_freedecomp Exit - MemInfo: [/proc/self/status]	VmRSSPercent: 0.0551758 %
20220314 061736.677 INFO             PET0 PIOc_freedecomp Exit - MemInfo: [malloc] Non-mmapped space allocated:                20570112 Byte
20220314 061736.677 INFO             PET0 PIOc_freedecomp Exit - MemInfo: [malloc] Space allocated in mmapped regions:          1581056 Byte
20220314 061736.677 INFO             PET0 PIOc_freedecomp Exit - MemInfo: [malloc] Maximum total allocated space:                     0 Byte
20220314 061736.677 INFO             PET0 PIOc_freedecomp Exit - MemInfo: [malloc] Space in freed fastbin blocks:                  1984 Byte
20220314 061736.677 INFO             PET0 PIOc_freedecomp Exit - MemInfo: [malloc] Total allocated space:                       2723648 Byte
20220314 061736.677 INFO             PET0 PIOc_freedecomp Exit - MemInfo: [malloc] Total free space:                           17846464 Byte
20220314 061736.677 INFO             PET0 PIOc_freedecomp Exit - MemInfo: [malloc] Top-most, releasable space:                 17436016 Byte
20220314 061736.677 INFO             PET0 PIOc_freedecomp Exit - MemInfo: [malloc] Total space in use, mmap + non-mmap:         4304704 Byte
20220314 061736.677 INFO             PET0 PIOc_freedecomp Exit - MemInfo: [malloc] Total space held (mmap + non-mmap):         22151168 Byte
20220314 061736.677 INFO             PET0 PIOc_freedecomp Exit - MemInfo: [malloc] Total space used (mmap + non-mmap):          4314032 Byte
20220314 061736.677 INFO             PET0 PIOc_freedecomp Exit - MemInfo: Wall-clock time since execution start:              0.0333043 seconds
20220314 061736.677 INFO             PET0 PIOc_freedecomp Enter - MemInfo: [/proc/meminfo - SSI]	MemTotal:       65507008 kB
20220314 061736.677 INFO             PET0 PIOc_freedecomp Enter - MemInfo: [/proc/meminfo - SSI]	MemFree:        49547136 kB
20220314 061736.677 INFO             PET0 PIOc_freedecomp Enter - MemInfo: [/proc/meminfo - SSI]	MemAvailable:   49308360 kB
20220314 061736.677 INFO             PET0 PIOc_freedecomp Enter - MemInfo: [/proc/meminfo - SSI]	Committed_AS:   13108784 kB
20220314 061736.677 INFO             PET0 PIOc_freedecomp Enter - MemInfo: [/proc/meminfo - SSI]	CommittedPercent: 20.0113 %
20220314 061736.677 INFO             PET0 PIOc_freedecomp Enter - MemInfo: [/proc/self/status]	VmPeak:	  523692 kB
20220314 061736.677 INFO             PET0 PIOc_freedecomp Enter - MemInfo: [/proc/self/status]	VmSize:	  523620 kB
20220314 061736.677 INFO             PET0 PIOc_freedecomp Enter - MemInfo: [/proc/self/status]	VmLck:	       0 kB
20220314 061736.677 INFO             PET0 PIOc_freedecomp Enter - MemInfo: [/proc/self/status]	VmPin:	       0 kB
20220314 061736.677 INFO             PET0 PIOc_freedecomp Enter - MemInfo: [/proc/self/status]	VmHWM:	   64884 kB
20220314 061736.677 INFO             PET0 PIOc_freedecomp Enter - MemInfo: [/proc/self/status]	VmRSS:	   36144 kB
20220314 061736.677 INFO             PET0 PIOc_freedecomp Enter - MemInfo: [/proc/self/status]	VmData:	   32164 kB
20220314 061736.677 INFO             PET0 PIOc_freedecomp Enter - MemInfo: [/proc/self/status]	VmStk:	     148 kB
20220314 061736.677 INFO             PET0 PIOc_freedecomp Enter - MemInfo: [/proc/self/status]	VmExe:	     220 kB
20220314 061736.677 INFO             PET0 PIOc_freedecomp Enter - MemInfo: [/proc/self/status]	VmLib:	   49272 kB
20220314 061736.677 INFO             PET0 PIOc_freedecomp Enter - MemInfo: [/proc/self/status]	VmPTE:	     768 kB
20220314 061736.678 INFO             PET0 PIOc_freedecomp Enter - MemInfo: [/proc/self/status]	VmPMD:	      16 kB
20220314 061736.678 INFO             PET0 PIOc_freedecomp Enter - MemInfo: [/proc/self/status]	VmSwap:	       0 kB
20220314 061736.678 INFO             PET0 PIOc_freedecomp Enter - MemInfo: [/proc/self/status]	VmRSSPercent: 0.0551758 %
20220314 061736.678 INFO             PET0 PIOc_freedecomp Enter - MemInfo: [malloc] Non-mmapped space allocated:                20570112 Byte
20220314 061736.678 INFO             PET0 PIOc_freedecomp Enter - MemInfo: [malloc] Space allocated in mmapped regions:          1581056 Byte
20220314 061736.678 INFO             PET0 PIOc_freedecomp Enter - MemInfo: [malloc] Maximum total allocated space:                     0 Byte
20220314 061736.678 INFO             PET0 PIOc_freedecomp Enter - MemInfo: [malloc] Space in freed fastbin blocks:                  2304 Byte
20220314 061736.678 INFO             PET0 PIOc_freedecomp Enter - MemInfo: [malloc] Total allocated space:                       2723520 Byte
20220314 061736.678 INFO             PET0 PIOc_freedecomp Enter - MemInfo: [malloc] Total free space:                           17846592 Byte
20220314 061736.678 INFO             PET0 PIOc_freedecomp Enter - MemInfo: [malloc] Top-most, releasable space:                 17436016 Byte
20220314 061736.678 INFO             PET0 PIOc_freedecomp Enter - MemInfo: [malloc] Total space in use, mmap + non-mmap:         4304576 Byte
20220314 061736.678 INFO             PET0 PIOc_freedecomp Enter - MemInfo: [malloc] Total space held (mmap + non-mmap):         22151168 Byte
20220314 061736.678 INFO             PET0 PIOc_freedecomp Enter - MemInfo: [malloc] Total space used (mmap + non-mmap):          4313904 Byte
20220314 061736.678 INFO             PET0 PIOc_freedecomp Enter - MemInfo: Wall-clock time since execution start:              0.0336526 seconds
20220314 061736.678 INFO             PET0 PIOc_freedecomp Exit - MemInfo: [/proc/meminfo - SSI]	MemTotal:       65507008 kB
20220314 061736.678 INFO             PET0 PIOc_freedecomp Exit - MemInfo: [/proc/meminfo - SSI]	MemFree:        49547136 kB
20220314 061736.678 INFO             PET0 PIOc_freedecomp Exit - MemInfo: [/proc/meminfo - SSI]	MemAvailable:   49308360 kB
20220314 061736.678 INFO             PET0 PIOc_freedecomp Exit - MemInfo: [/proc/meminfo - SSI]	Committed_AS:   13108784 kB
20220314 061736.678 INFO             PET0 PIOc_freedecomp Exit - MemInfo: [/proc/meminfo - SSI]	CommittedPercent: 20.0113 %
20220314 061736.678 INFO             PET0 PIOc_freedecomp Exit - MemInfo: [/proc/self/status]	VmPeak:	  523692 kB
20220314 061736.678 INFO             PET0 PIOc_freedecomp Exit - MemInfo: [/proc/self/status]	VmSize:	  523620 kB
20220314 061736.678 INFO             PET0 PIOc_freedecomp Exit - MemInfo: [/proc/self/status]	VmLck:	       0 kB
20220314 061736.678 INFO             PET0 PIOc_freedecomp Exit - MemInfo: [/proc/self/status]	VmPin:	       0 kB
20220314 061736.678 INFO             PET0 PIOc_freedecomp Exit - MemInfo: [/proc/self/status]	VmHWM:	   64884 kB
20220314 061736.678 INFO             PET0 PIOc_freedecomp Exit - MemInfo: [/proc/self/status]	VmRSS:	   36144 kB
20220314 061736.678 INFO             PET0 PIOc_freedecomp Exit - MemInfo: [/proc/self/status]	VmData:	   32164 kB
20220314 061736.678 INFO             PET0 PIOc_freedecomp Exit - MemInfo: [/proc/self/status]	VmStk:	     148 kB
20220314 061736.678 INFO             PET0 PIOc_freedecomp Exit - MemInfo: [/proc/self/status]	VmExe:	     220 kB
20220314 061736.678 INFO             PET0 PIOc_freedecomp Exit - MemInfo: [/proc/self/status]	VmLib:	   49272 kB
20220314 061736.678 INFO             PET0 PIOc_freedecomp Exit - MemInfo: [/proc/self/status]	VmPTE:	     768 kB
20220314 061736.678 INFO             PET0 PIOc_freedecomp Exit - MemInfo: [/proc/self/status]	VmPMD:	      16 kB
20220314 061736.678 INFO             PET0 PIOc_freedecomp Exit - MemInfo: [/proc/self/status]	VmSwap:	       0 kB
20220314 061736.678 INFO             PET0 PIOc_freedecomp Exit - MemInfo: [/proc/self/status]	VmRSSPercent: 0.0551758 %
20220314 061736.678 INFO             PET0 PIOc_freedecomp Exit - MemInfo: [malloc] Non-mmapped space allocated:                20570112 Byte
20220314 061736.678 INFO             PET0 PIOc_freedecomp Exit - MemInfo: [malloc] Space allocated in mmapped regions:          1581056 Byte
20220314 061736.678 INFO             PET0 PIOc_freedecomp Exit - MemInfo: [malloc] Maximum total allocated space:                     0 Byte
20220314 061736.678 INFO             PET0 PIOc_freedecomp Exit - MemInfo: [malloc] Space in freed fastbin blocks:                  1664 Byte
20220314 061736.678 INFO             PET0 PIOc_freedecomp Exit - MemInfo: [malloc] Total allocated space:                       2678416 Byte
20220314 061736.678 INFO             PET0 PIOc_freedecomp Exit - MemInfo: [malloc] Total free space:                           17891696 Byte
20220314 061736.678 INFO             PET0 PIOc_freedecomp Exit - MemInfo: [malloc] Top-most, releasable space:                 17436016 Byte
20220314 061736.678 INFO             PET0 PIOc_freedecomp Exit - MemInfo: [malloc] Total space in use, mmap + non-mmap:         4259472 Byte
20220314 061736.678 INFO             PET0 PIOc_freedecomp Exit - MemInfo: [malloc] Total space held (mmap + non-mmap):         22151168 Byte
20220314 061736.678 INFO             PET0 PIOc_freedecomp Exit - MemInfo: [malloc] Total space used (mmap + non-mmap):          4268800 Byte
20220314 061736.678 INFO             PET0 PIOc_freedecomp Exit - MemInfo: Wall-clock time since execution start:              0.0340032 seconds
20220314 061736.678 INFO             PET0 PIOc_freedecomp Enter - MemInfo: [/proc/meminfo - SSI]	MemTotal:       65507008 kB
20220314 061736.678 INFO             PET0 PIOc_freedecomp Enter - MemInfo: [/proc/meminfo - SSI]	MemFree:        49547136 kB
20220314 061736.678 INFO             PET0 PIOc_freedecomp Enter - MemInfo: [/proc/meminfo - SSI]	MemAvailable:   49308360 kB
20220314 061736.678 INFO             PET0 PIOc_freedecomp Enter - MemInfo: [/proc/meminfo - SSI]	Committed_AS:   13108784 kB
20220314 061736.678 INFO             PET0 PIOc_freedecomp Enter - MemInfo: [/proc/meminfo - SSI]	CommittedPercent: 20.0113 %
20220314 061736.678 INFO             PET0 PIOc_freedecomp Enter - MemInfo: [/proc/self/status]	VmPeak:	  523692 kB
20220314 061736.678 INFO             PET0 PIOc_freedecomp Enter - MemInfo: [/proc/self/status]	VmSize:	  523620 kB
20220314 061736.678 INFO             PET0 PIOc_freedecomp Enter - MemInfo: [/proc/self/status]	VmLck:	       0 kB
20220314 061736.678 INFO             PET0 PIOc_freedecomp Enter - MemInfo: [/proc/self/status]	VmPin:	       0 kB
20220314 061736.678 INFO             PET0 PIOc_freedecomp Enter - MemInfo: [/proc/self/status]	VmHWM:	   64884 kB
20220314 061736.678 INFO             PET0 PIOc_freedecomp Enter - MemInfo: [/proc/self/status]	VmRSS:	   36144 kB
20220314 061736.678 INFO             PET0 PIOc_freedecomp Enter - MemInfo: [/proc/self/status]	VmData:	   32164 kB
20220314 061736.678 INFO             PET0 PIOc_freedecomp Enter - MemInfo: [/proc/self/status]	VmStk:	     148 kB
20220314 061736.678 INFO             PET0 PIOc_freedecomp Enter - MemInfo: [/proc/self/status]	VmExe:	     220 kB
20220314 061736.678 INFO             PET0 PIOc_freedecomp Enter - MemInfo: [/proc/self/status]	VmLib:	   49272 kB
20220314 061736.678 INFO             PET0 PIOc_freedecomp Enter - MemInfo: [/proc/self/status]	VmPTE:	     768 kB
20220314 061736.678 INFO             PET0 PIOc_freedecomp Enter - MemInfo: [/proc/self/status]	VmPMD:	      16 kB
20220314 061736.678 INFO             PET0 PIOc_freedecomp Enter - MemInfo: [/proc/self/status]	VmSwap:	       0 kB
20220314 061736.678 INFO             PET0 PIOc_freedecomp Enter - MemInfo: [/proc/self/status]	VmRSSPercent: 0.0551758 %
20220314 061736.678 INFO             PET0 PIOc_freedecomp Enter - MemInfo: [malloc] Non-mmapped space allocated:                20570112 Byte
20220314 061736.678 INFO             PET0 PIOc_freedecomp Enter - MemInfo: [malloc] Space allocated in mmapped regions:          1581056 Byte
20220314 061736.678 INFO             PET0 PIOc_freedecomp Enter - MemInfo: [malloc] Maximum total allocated space:                     0 Byte
20220314 061736.678 INFO             PET0 PIOc_freedecomp Enter - MemInfo: [malloc] Space in freed fastbin blocks:                  2304 Byte
20220314 061736.678 INFO             PET0 PIOc_freedecomp Enter - MemInfo: [malloc] Total allocated space:                       2678288 Byte
20220314 061736.678 INFO             PET0 PIOc_freedecomp Enter - MemInfo: [malloc] Total free space:                           17891824 Byte
20220314 061736.678 INFO             PET0 PIOc_freedecomp Enter - MemInfo: [malloc] Top-most, releasable space:                 17436016 Byte
20220314 061736.678 INFO             PET0 PIOc_freedecomp Enter - MemInfo: [malloc] Total space in use, mmap + non-mmap:         4259344 Byte
20220314 061736.678 INFO             PET0 PIOc_freedecomp Enter - MemInfo: [malloc] Total space held (mmap + non-mmap):         22151168 Byte
20220314 061736.678 INFO             PET0 PIOc_freedecomp Enter - MemInfo: [malloc] Total space used (mmap + non-mmap):          4268672 Byte
20220314 061736.678 INFO             PET0 PIOc_freedecomp Enter - MemInfo: Wall-clock time since execution start:              0.0343477 seconds
20220314 061736.678 INFO             PET0 PIOc_freedecomp Exit - MemInfo: [/proc/meminfo - SSI]	MemTotal:       65507008 kB
20220314 061736.678 INFO             PET0 PIOc_freedecomp Exit - MemInfo: [/proc/meminfo - SSI]	MemFree:        49547136 kB
20220314 061736.678 INFO             PET0 PIOc_freedecomp Exit - MemInfo: [/proc/meminfo - SSI]	MemAvailable:   49308360 kB
20220314 061736.678 INFO             PET0 PIOc_freedecomp Exit - MemInfo: [/proc/meminfo - SSI]	Committed_AS:   13108784 kB
20220314 061736.678 INFO             PET0 PIOc_freedecomp Exit - MemInfo: [/proc/meminfo - SSI]	CommittedPercent: 20.0113 %
20220314 061736.678 INFO             PET0 PIOc_freedecomp Exit - MemInfo: [/proc/self/status]	VmPeak:	  523692 kB
20220314 061736.678 INFO             PET0 PIOc_freedecomp Exit - MemInfo: [/proc/self/status]	VmSize:	  523620 kB
20220314 061736.678 INFO             PET0 PIOc_freedecomp Exit - MemInfo: [/proc/self/status]	VmLck:	       0 kB
20220314 061736.678 INFO             PET0 PIOc_freedecomp Exit - MemInfo: [/proc/self/status]	VmPin:	       0 kB
20220314 061736.678 INFO             PET0 PIOc_freedecomp Exit - MemInfo: [/proc/self/status]	VmHWM:	   64884 kB
20220314 061736.678 INFO             PET0 PIOc_freedecomp Exit - MemInfo: [/proc/self/status]	VmRSS:	   36144 kB
20220314 061736.679 INFO             PET0 PIOc_freedecomp Exit - MemInfo: [/proc/self/status]	VmData:	   32164 kB
20220314 061736.679 INFO             PET0 PIOc_freedecomp Exit - MemInfo: [/proc/self/status]	VmStk:	     148 kB
20220314 061736.679 INFO             PET0 PIOc_freedecomp Exit - MemInfo: [/proc/self/status]	VmExe:	     220 kB
20220314 061736.679 INFO             PET0 PIOc_freedecomp Exit - MemInfo: [/proc/self/status]	VmLib:	   49272 kB
20220314 061736.679 INFO             PET0 PIOc_freedecomp Exit - MemInfo: [/proc/self/status]	VmPTE:	     768 kB
20220314 061736.679 INFO             PET0 PIOc_freedecomp Exit - MemInfo: [/proc/self/status]	VmPMD:	      16 kB
20220314 061736.679 INFO             PET0 PIOc_freedecomp Exit - MemInfo: [/proc/self/status]	VmSwap:	       0 kB
20220314 061736.679 INFO             PET0 PIOc_freedecomp Exit - MemInfo: [/proc/self/status]	VmRSSPercent: 0.0551758 %
20220314 061736.679 INFO             PET0 PIOc_freedecomp Exit - MemInfo: [malloc] Non-mmapped space allocated:                20570112 Byte
20220314 061736.679 INFO             PET0 PIOc_freedecomp Exit - MemInfo: [malloc] Space allocated in mmapped regions:          1581056 Byte
20220314 061736.679 INFO             PET0 PIOc_freedecomp Exit - MemInfo: [malloc] Maximum total allocated space:                     0 Byte
20220314 061736.679 INFO             PET0 PIOc_freedecomp Exit - MemInfo: [malloc] Space in freed fastbin blocks:                  1648 Byte
20220314 061736.679 INFO             PET0 PIOc_freedecomp Exit - MemInfo: [malloc] Total allocated space:                       2632592 Byte
20220314 061736.679 INFO             PET0 PIOc_freedecomp Exit - MemInfo: [malloc] Total free space:                           17937520 Byte
20220314 061736.679 INFO             PET0 PIOc_freedecomp Exit - MemInfo: [malloc] Top-most, releasable space:                 17436016 Byte
20220314 061736.679 INFO             PET0 PIOc_freedecomp Exit - MemInfo: [malloc] Total space in use, mmap + non-mmap:         4213648 Byte
20220314 061736.679 INFO             PET0 PIOc_freedecomp Exit - MemInfo: [malloc] Total space held (mmap + non-mmap):         22151168 Byte
20220314 061736.679 INFO             PET0 PIOc_freedecomp Exit - MemInfo: [malloc] Total space used (mmap + non-mmap):          4222976 Byte
20220314 061736.679 INFO             PET0 PIOc_freedecomp Exit - MemInfo: Wall-clock time since execution start:              0.0347026 seconds
20220314 061736.679 INFO             PET0  PASS  ArrayBundleWrite Single file with timeslice Test, ESMF_ArrayBundleIOUTest.F90, line 180
20220314 061736.681 INFO             PET0 PIOc_sync Enter - MemInfo: [/proc/meminfo - SSI]	MemTotal:       65507008 kB
20220314 061736.681 INFO             PET0 PIOc_sync Enter - MemInfo: [/proc/meminfo - SSI]	MemFree:        49546632 kB
20220314 061736.681 INFO             PET0 PIOc_sync Enter - MemInfo: [/proc/meminfo - SSI]	MemAvailable:   49307856 kB
20220314 061736.681 INFO             PET0 PIOc_sync Enter - MemInfo: [/proc/meminfo - SSI]	Committed_AS:   13108784 kB
20220314 061736.681 INFO             PET0 PIOc_sync Enter - MemInfo: [/proc/meminfo - SSI]	CommittedPercent: 20.0113 %
20220314 061736.681 INFO             PET0 PIOc_sync Enter - MemInfo: [/proc/self/status]	VmPeak:	  523692 kB
20220314 061736.681 INFO             PET0 PIOc_sync Enter - MemInfo: [/proc/self/status]	VmSize:	  523620 kB
20220314 061736.681 INFO             PET0 PIOc_sync Enter - MemInfo: [/proc/self/status]	VmLck:	       0 kB
20220314 061736.681 INFO             PET0 PIOc_sync Enter - MemInfo: [/proc/self/status]	VmPin:	       0 kB
20220314 061736.681 INFO             PET0 PIOc_sync Enter - MemInfo: [/proc/self/status]	VmHWM:	   64884 kB
20220314 061736.681 INFO             PET0 PIOc_sync Enter - MemInfo: [/proc/self/status]	VmRSS:	   36456 kB
20220314 061736.681 INFO             PET0 PIOc_sync Enter - MemInfo: [/proc/self/status]	VmData:	   32164 kB
20220314 061736.681 INFO             PET0 PIOc_sync Enter - MemInfo: [/proc/self/status]	VmStk:	     148 kB
20220314 061736.681 INFO             PET0 PIOc_sync Enter - MemInfo: [/proc/self/status]	VmExe:	     220 kB
20220314 061736.681 INFO             PET0 PIOc_sync Enter - MemInfo: [/proc/self/status]	VmLib:	   49272 kB
20220314 061736.681 INFO             PET0 PIOc_sync Enter - MemInfo: [/proc/self/status]	VmPTE:	     768 kB
20220314 061736.681 INFO             PET0 PIOc_sync Enter - MemInfo: [/proc/self/status]	VmPMD:	      16 kB
20220314 061736.681 INFO             PET0 PIOc_sync Enter - MemInfo: [/proc/self/status]	VmSwap:	       0 kB
20220314 061736.681 INFO             PET0 PIOc_sync Enter - MemInfo: [/proc/self/status]	VmRSSPercent: 0.0556521 %
20220314 061736.681 INFO             PET0 PIOc_sync Enter - MemInfo: [malloc] Non-mmapped space allocated:                20570112 Byte
20220314 061736.681 INFO             PET0 PIOc_sync Enter - MemInfo: [malloc] Space allocated in mmapped regions:          1581056 Byte
20220314 061736.681 INFO             PET0 PIOc_sync Enter - MemInfo: [malloc] Maximum total allocated space:                     0 Byte
20220314 061736.681 INFO             PET0 PIOc_sync Enter - MemInfo: [malloc] Space in freed fastbin blocks:                  1536 Byte
20220314 061736.681 INFO             PET0 PIOc_sync Enter - MemInfo: [malloc] Total allocated space:                      19953984 Byte
20220314 061736.681 INFO             PET0 PIOc_sync Enter - MemInfo: [malloc] Total free space:                             616128 Byte
20220314 061736.681 INFO             PET0 PIOc_sync Enter - MemInfo: [malloc] Top-most, releasable space:                   134480 Byte
20220314 061736.681 INFO             PET0 PIOc_sync Enter - MemInfo: [malloc] Total space in use, mmap + non-mmap:        21535040 Byte
20220314 061736.681 INFO             PET0 PIOc_sync Enter - MemInfo: [malloc] Total space held (mmap + non-mmap):         22151168 Byte
20220314 061736.681 INFO             PET0 PIOc_sync Enter - MemInfo: [malloc] Total space used (mmap + non-mmap):         21544368 Byte
20220314 061736.681 INFO             PET0 PIOc_sync Enter - MemInfo: Wall-clock time since execution start:              0.0368892 seconds
20220314 061736.681 INFO             PET0 PIOc_sync Exit - MemInfo: [/proc/meminfo - SSI]	MemTotal:       65507008 kB
20220314 061736.681 INFO             PET0 PIOc_sync Exit - MemInfo: [/proc/meminfo - SSI]	MemFree:        49546632 kB
20220314 061736.681 INFO             PET0 PIOc_sync Exit - MemInfo: [/proc/meminfo - SSI]	MemAvailable:   49307856 kB
20220314 061736.681 INFO             PET0 PIOc_sync Exit - MemInfo: [/proc/meminfo - SSI]	Committed_AS:   13108784 kB
20220314 061736.681 INFO             PET0 PIOc_sync Exit - MemInfo: [/proc/meminfo - SSI]	CommittedPercent: 20.0113 %
20220314 061736.681 INFO             PET0 PIOc_sync Exit - MemInfo: [/proc/self/status]	VmPeak:	  523692 kB
20220314 061736.681 INFO             PET0 PIOc_sync Exit - MemInfo: [/proc/self/status]	VmSize:	  523620 kB
20220314 061736.681 INFO             PET0 PIOc_sync Exit - MemInfo: [/proc/self/status]	VmLck:	       0 kB
20220314 061736.681 INFO             PET0 PIOc_sync Exit - MemInfo: [/proc/self/status]	VmPin:	       0 kB
20220314 061736.681 INFO             PET0 PIOc_sync Exit - MemInfo: [/proc/self/status]	VmHWM:	   64884 kB
20220314 061736.681 INFO             PET0 PIOc_sync Exit - MemInfo: [/proc/self/status]	VmRSS:	   36456 kB
20220314 061736.681 INFO             PET0 PIOc_sync Exit - MemInfo: [/proc/self/status]	VmData:	   32164 kB
20220314 061736.681 INFO             PET0 PIOc_sync Exit - MemInfo: [/proc/self/status]	VmStk:	     148 kB
20220314 061736.681 INFO             PET0 PIOc_sync Exit - MemInfo: [/proc/self/status]	VmExe:	     220 kB
20220314 061736.681 INFO             PET0 PIOc_sync Exit - MemInfo: [/proc/self/status]	VmLib:	   49272 kB
20220314 061736.681 INFO             PET0 PIOc_sync Exit - MemInfo: [/proc/self/status]	VmPTE:	     768 kB
20220314 061736.681 INFO             PET0 PIOc_sync Exit - MemInfo: [/proc/self/status]	VmPMD:	      16 kB
20220314 061736.681 INFO             PET0 PIOc_sync Exit - MemInfo: [/proc/self/status]	VmSwap:	       0 kB
20220314 061736.681 INFO             PET0 PIOc_sync Exit - MemInfo: [/proc/self/status]	VmRSSPercent: 0.0556521 %
20220314 061736.681 INFO             PET0 PIOc_sync Exit - MemInfo: [malloc] Non-mmapped space allocated:                20570112 Byte
20220314 061736.681 INFO             PET0 PIOc_sync Exit - MemInfo: [malloc] Space allocated in mmapped regions:          1581056 Byte
20220314 061736.681 INFO             PET0 PIOc_sync Exit - MemInfo: [malloc] Maximum total allocated space:                     0 Byte
20220314 061736.681 INFO             PET0 PIOc_sync Exit - MemInfo: [malloc] Space in freed fastbin blocks:                  1728 Byte
20220314 061736.681 INFO             PET0 PIOc_sync Exit - MemInfo: [malloc] Total allocated space:                      19992832 Byte
20220314 061736.681 INFO             PET0 PIOc_sync Exit - MemInfo: [malloc] Total free space:                             577280 Byte
20220314 061736.681 INFO             PET0 PIOc_sync Exit - MemInfo: [malloc] Top-most, releasable space:                   134480 Byte
20220314 061736.681 INFO             PET0 PIOc_sync Exit - MemInfo: [malloc] Total space in use, mmap + non-mmap:        21573888 Byte
20220314 061736.681 INFO             PET0 PIOc_sync Exit - MemInfo: [malloc] Total space held (mmap + non-mmap):         22151168 Byte
20220314 061736.681 INFO             PET0 PIOc_sync Exit - MemInfo: [malloc] Total space used (mmap + non-mmap):         21583216 Byte
20220314 061736.681 INFO             PET0 PIOc_sync Exit - MemInfo: Wall-clock time since execution start:              0.0373605 seconds
20220314 061736.681 WARNING          PET0 ESMCI_PIO_Handler.C:1501 ESMCI::PIO_Handler::isOpen() File, sep.nc000, closed by PIO
20220314 061736.681 WARNING          PET0 ESMCI_PIO_Handler.C:1501 ESMCI::PIO_Handler::isOpen() File, sep.nc000, closed by PIO
20220314 061736.681 WARNING          PET0 ESMCI_PIO_Handler.C:1501 ESMCI::PIO_Handler::isOpen() File, sep.nc000, closed by PIO
20220314 061736.681 WARNING          PET0 ESMCI_PIO_Handler.C:1501 ESMCI::PIO_Handler::isOpen() File, sep.nc001, closed by PIO
20220314 061736.683 INFO             PET0 PIOc_sync Enter - MemInfo: [/proc/meminfo - SSI]	MemTotal:       65507008 kB
20220314 061736.683 INFO             PET0 PIOc_sync Enter - MemInfo: [/proc/meminfo - SSI]	MemFree:        49546632 kB
20220314 061736.683 INFO             PET0 PIOc_sync Enter - MemInfo: [/proc/meminfo - SSI]	MemAvailable:   49307856 kB
20220314 061736.683 INFO             PET0 PIOc_sync Enter - MemInfo: [/proc/meminfo - SSI]	Committed_AS:   13108784 kB
20220314 061736.683 INFO             PET0 PIOc_sync Enter - MemInfo: [/proc/meminfo - SSI]	CommittedPercent: 20.0113 %
20220314 061736.683 INFO             PET0 PIOc_sync Enter - MemInfo: [/proc/self/status]	VmPeak:	  523692 kB
20220314 061736.683 INFO             PET0 PIOc_sync Enter - MemInfo: [/proc/self/status]	VmSize:	  523620 kB
20220314 061736.683 INFO             PET0 PIOc_sync Enter - MemInfo: [/proc/self/status]	VmLck:	       0 kB
20220314 061736.683 INFO             PET0 PIOc_sync Enter - MemInfo: [/proc/self/status]	VmPin:	       0 kB
20220314 061736.683 INFO             PET0 PIOc_sync Enter - MemInfo: [/proc/self/status]	VmHWM:	   64884 kB
20220314 061736.683 INFO             PET0 PIOc_sync Enter - MemInfo: [/proc/self/status]	VmRSS:	   36464 kB
20220314 061736.683 INFO             PET0 PIOc_sync Enter - MemInfo: [/proc/self/status]	VmData:	   32164 kB
20220314 061736.683 INFO             PET0 PIOc_sync Enter - MemInfo: [/proc/self/status]	VmStk:	     148 kB
20220314 061736.683 INFO             PET0 PIOc_sync Enter - MemInfo: [/proc/self/status]	VmExe:	     220 kB
20220314 061736.683 INFO             PET0 PIOc_sync Enter - MemInfo: [/proc/self/status]	VmLib:	   49272 kB
20220314 061736.683 INFO             PET0 PIOc_sync Enter - MemInfo: [/proc/self/status]	VmPTE:	     768 kB
20220314 061736.683 INFO             PET0 PIOc_sync Enter - MemInfo: [/proc/self/status]	VmPMD:	      16 kB
20220314 061736.683 INFO             PET0 PIOc_sync Enter - MemInfo: [/proc/self/status]	VmSwap:	       0 kB
20220314 061736.683 INFO             PET0 PIOc_sync Enter - MemInfo: [/proc/self/status]	VmRSSPercent: 0.0556643 %
20220314 061736.683 INFO             PET0 PIOc_sync Enter - MemInfo: [malloc] Non-mmapped space allocated:                20570112 Byte
20220314 061736.683 INFO             PET0 PIOc_sync Enter - MemInfo: [malloc] Space allocated in mmapped regions:          1581056 Byte
20220314 061736.683 INFO             PET0 PIOc_sync Enter - MemInfo: [malloc] Maximum total allocated space:                     0 Byte
20220314 061736.683 INFO             PET0 PIOc_sync Enter - MemInfo: [malloc] Space in freed fastbin blocks:                  1664 Byte
20220314 061736.683 INFO             PET0 PIOc_sync Enter - MemInfo: [malloc] Total allocated space:                      20003264 Byte
20220314 061736.683 INFO             PET0 PIOc_sync Enter - MemInfo: [malloc] Total free space:                             566848 Byte
20220314 061736.683 INFO             PET0 PIOc_sync Enter - MemInfo: [malloc] Top-most, releasable space:                   134480 Byte
20220314 061736.683 INFO             PET0 PIOc_sync Enter - MemInfo: [malloc] Total space in use, mmap + non-mmap:        21584320 Byte
20220314 061736.683 INFO             PET0 PIOc_sync Enter - MemInfo: [malloc] Total space held (mmap + non-mmap):         22151168 Byte
20220314 061736.683 INFO             PET0 PIOc_sync Enter - MemInfo: [malloc] Total space used (mmap + non-mmap):         21593648 Byte
20220314 061736.683 INFO             PET0 PIOc_sync Enter - MemInfo: Wall-clock time since execution start:              0.0389491 seconds
20220314 061736.683 INFO             PET0 PIOc_sync Exit - MemInfo: [/proc/meminfo - SSI]	MemTotal:       65507008 kB
20220314 061736.683 INFO             PET0 PIOc_sync Exit - MemInfo: [/proc/meminfo - SSI]	MemFree:        49546632 kB
20220314 061736.683 INFO             PET0 PIOc_sync Exit - MemInfo: [/proc/meminfo - SSI]	MemAvailable:   49307856 kB
20220314 061736.683 INFO             PET0 PIOc_sync Exit - MemInfo: [/proc/meminfo - SSI]	Committed_AS:   13108784 kB
20220314 061736.683 INFO             PET0 PIOc_sync Exit - MemInfo: [/proc/meminfo - SSI]	CommittedPercent: 20.0113 %
20220314 061736.683 INFO             PET0 PIOc_sync Exit - MemInfo: [/proc/self/status]	VmPeak:	  523692 kB
20220314 061736.683 INFO             PET0 PIOc_sync Exit - MemInfo: [/proc/self/status]	VmSize:	  523620 kB
20220314 061736.683 INFO             PET0 PIOc_sync Exit - MemInfo: [/proc/self/status]	VmLck:	       0 kB
20220314 061736.683 INFO             PET0 PIOc_sync Exit - MemInfo: [/proc/self/status]	VmPin:	       0 kB
20220314 061736.683 INFO             PET0 PIOc_sync Exit - MemInfo: [/proc/self/status]	VmHWM:	   64884 kB
20220314 061736.683 INFO             PET0 PIOc_sync Exit - MemInfo: [/proc/self/status]	VmRSS:	   36464 kB
20220314 061736.683 INFO             PET0 PIOc_sync Exit - MemInfo: [/proc/self/status]	VmData:	   32164 kB
20220314 061736.683 INFO             PET0 PIOc_sync Exit - MemInfo: [/proc/self/status]	VmStk:	     148 kB
20220314 061736.683 INFO             PET0 PIOc_sync Exit - MemInfo: [/proc/self/status]	VmExe:	     220 kB
20220314 061736.683 INFO             PET0 PIOc_sync Exit - MemInfo: [/proc/self/status]	VmLib:	   49272 kB
20220314 061736.683 INFO             PET0 PIOc_sync Exit - MemInfo: [/proc/self/status]	VmPTE:	     768 kB
20220314 061736.683 INFO             PET0 PIOc_sync Exit - MemInfo: [/proc/self/status]	VmPMD:	      16 kB
20220314 061736.683 INFO             PET0 PIOc_sync Exit - MemInfo: [/proc/self/status]	VmSwap:	       0 kB
20220314 061736.683 INFO             PET0 PIOc_sync Exit - MemInfo: [/proc/self/status]	VmRSSPercent: 0.0556643 %
20220314 061736.683 INFO             PET0 PIOc_sync Exit - MemInfo: [malloc] Non-mmapped space allocated:                20570112 Byte
20220314 061736.683 INFO             PET0 PIOc_sync Exit - MemInfo: [malloc] Space allocated in mmapped regions:          1581056 Byte
20220314 061736.683 INFO             PET0 PIOc_sync Exit - MemInfo: [malloc] Maximum total allocated space:                     0 Byte
20220314 061736.683 INFO             PET0 PIOc_sync Exit - MemInfo: [malloc] Space in freed fastbin blocks:                  1712 Byte
20220314 061736.683 INFO             PET0 PIOc_sync Exit - MemInfo: [malloc] Total allocated space:                      20042320 Byte
20220314 061736.683 INFO             PET0 PIOc_sync Exit - MemInfo: [malloc] Total free space:                             527792 Byte
20220314 061736.683 INFO             PET0 PIOc_sync Exit - MemInfo: [malloc] Top-most, releasable space:                   134480 Byte
20220314 061736.683 INFO             PET0 PIOc_sync Exit - MemInfo: [malloc] Total space in use, mmap + non-mmap:        21623376 Byte
20220314 061736.683 INFO             PET0 PIOc_sync Exit - MemInfo: [malloc] Total space held (mmap + non-mmap):         22151168 Byte
20220314 061736.683 INFO             PET0 PIOc_sync Exit - MemInfo: [malloc] Total space used (mmap + non-mmap):         21632704 Byte
20220314 061736.683 INFO             PET0 PIOc_sync Exit - MemInfo: Wall-clock time since execution start:              0.0394202 seconds
20220314 061736.683 WARNING          PET0 ESMCI_PIO_Handler.C:1501 ESMCI::PIO_Handler::isOpen() File, sep.nc001, closed by PIO
20220314 061736.683 WARNING          PET0 ESMCI_PIO_Handler.C:1501 ESMCI::PIO_Handler::isOpen() File, sep.nc001, closed by PIO
20220314 061736.683 WARNING          PET0 ESMCI_PIO_Handler.C:1501 ESMCI::PIO_Handler::isOpen() File, sep.nc001, closed by PIO
20220314 061736.683 WARNING          PET0 ESMCI_PIO_Handler.C:1501 ESMCI::PIO_Handler::isOpen() File, sep.nc002, closed by PIO
20220314 061736.685 INFO             PET0 PIOc_sync Enter - MemInfo: [/proc/meminfo - SSI]	MemTotal:       65507008 kB
20220314 061736.685 INFO             PET0 PIOc_sync Enter - MemInfo: [/proc/meminfo - SSI]	MemFree:        49546632 kB
20220314 061736.685 INFO             PET0 PIOc_sync Enter - MemInfo: [/proc/meminfo - SSI]	MemAvailable:   49307856 kB
20220314 061736.685 INFO             PET0 PIOc_sync Enter - MemInfo: [/proc/meminfo - SSI]	Committed_AS:   13108784 kB
20220314 061736.685 INFO             PET0 PIOc_sync Enter - MemInfo: [/proc/meminfo - SSI]	CommittedPercent: 20.0113 %
20220314 061736.685 INFO             PET0 PIOc_sync Enter - MemInfo: [/proc/self/status]	VmPeak:	  523692 kB
20220314 061736.685 INFO             PET0 PIOc_sync Enter - MemInfo: [/proc/self/status]	VmSize:	  523620 kB
20220314 061736.685 INFO             PET0 PIOc_sync Enter - MemInfo: [/proc/self/status]	VmLck:	       0 kB
20220314 061736.685 INFO             PET0 PIOc_sync Enter - MemInfo: [/proc/self/status]	VmPin:	       0 kB
20220314 061736.685 INFO             PET0 PIOc_sync Enter - MemInfo: [/proc/self/status]	VmHWM:	   64884 kB
20220314 061736.685 INFO             PET0 PIOc_sync Enter - MemInfo: [/proc/self/status]	VmRSS:	   36464 kB
20220314 061736.685 INFO             PET0 PIOc_sync Enter - MemInfo: [/proc/self/status]	VmData:	   32164 kB
20220314 061736.685 INFO             PET0 PIOc_sync Enter - MemInfo: [/proc/self/status]	VmStk:	     148 kB
20220314 061736.685 INFO             PET0 PIOc_sync Enter - MemInfo: [/proc/self/status]	VmExe:	     220 kB
20220314 061736.685 INFO             PET0 PIOc_sync Enter - MemInfo: [/proc/self/status]	VmLib:	   49272 kB
20220314 061736.685 INFO             PET0 PIOc_sync Enter - MemInfo: [/proc/self/status]	VmPTE:	     768 kB
20220314 061736.685 INFO             PET0 PIOc_sync Enter - MemInfo: [/proc/self/status]	VmPMD:	      16 kB
20220314 061736.685 INFO             PET0 PIOc_sync Enter - MemInfo: [/proc/self/status]	VmSwap:	       0 kB
20220314 061736.685 INFO             PET0 PIOc_sync Enter - MemInfo: [/proc/self/status]	VmRSSPercent: 0.0556643 %
20220314 061736.685 INFO             PET0 PIOc_sync Enter - MemInfo: [malloc] Non-mmapped space allocated:                20570112 Byte
20220314 061736.685 INFO             PET0 PIOc_sync Enter - MemInfo: [malloc] Space allocated in mmapped regions:          1581056 Byte
20220314 061736.685 INFO             PET0 PIOc_sync Enter - MemInfo: [malloc] Maximum total allocated space:                     0 Byte
20220314 061736.685 INFO             PET0 PIOc_sync Enter - MemInfo: [malloc] Space in freed fastbin blocks:                  1600 Byte
20220314 061736.685 INFO             PET0 PIOc_sync Enter - MemInfo: [malloc] Total allocated space:                      20058000 Byte
20220314 061736.685 INFO             PET0 PIOc_sync Enter - MemInfo: [malloc] Total free space:                             512112 Byte
20220314 061736.685 INFO             PET0 PIOc_sync Enter - MemInfo: [malloc] Top-most, releasable space:                   134480 Byte
20220314 061736.685 INFO             PET0 PIOc_sync Enter - MemInfo: [malloc] Total space in use, mmap + non-mmap:        21639056 Byte
20220314 061736.685 INFO             PET0 PIOc_sync Enter - MemInfo: [malloc] Total space held (mmap + non-mmap):         22151168 Byte
20220314 061736.685 INFO             PET0 PIOc_sync Enter - MemInfo: [malloc] Total space used (mmap + non-mmap):         21648384 Byte
20220314 061736.685 INFO             PET0 PIOc_sync Enter - MemInfo: Wall-clock time since execution start:               0.041048 seconds
20220314 061736.687 INFO             PET0 PIOc_sync Exit - MemInfo: [/proc/meminfo - SSI]	MemTotal:       65507008 kB
20220314 061736.687 INFO             PET0 PIOc_sync Exit - MemInfo: [/proc/meminfo - SSI]	MemFree:        49546632 kB
20220314 061736.687 INFO             PET0 PIOc_sync Exit - MemInfo: [/proc/meminfo - SSI]	MemAvailable:   49307856 kB
20220314 061736.687 INFO             PET0 PIOc_sync Exit - MemInfo: [/proc/meminfo - SSI]	Committed_AS:   13108784 kB
20220314 061736.687 INFO             PET0 PIOc_sync Exit - MemInfo: [/proc/meminfo - SSI]	CommittedPercent: 20.0113 %
20220314 061736.687 INFO             PET0 PIOc_sync Exit - MemInfo: [/proc/self/status]	VmPeak:	  523692 kB
20220314 061736.687 INFO             PET0 PIOc_sync Exit - MemInfo: [/proc/self/status]	VmSize:	  523620 kB
20220314 061736.687 INFO             PET0 PIOc_sync Exit - MemInfo: [/proc/self/status]	VmLck:	       0 kB
20220314 061736.687 INFO             PET0 PIOc_sync Exit - MemInfo: [/proc/self/status]	VmPin:	       0 kB
20220314 061736.687 INFO             PET0 PIOc_sync Exit - MemInfo: [/proc/self/status]	VmHWM:	   64884 kB
20220314 061736.687 INFO             PET0 PIOc_sync Exit - MemInfo: [/proc/self/status]	VmRSS:	   36464 kB
20220314 061736.687 INFO             PET0 PIOc_sync Exit - MemInfo: [/proc/self/status]	VmData:	   32164 kB
20220314 061736.687 INFO             PET0 PIOc_sync Exit - MemInfo: [/proc/self/status]	VmStk:	     148 kB
20220314 061736.687 INFO             PET0 PIOc_sync Exit - MemInfo: [/proc/self/status]	VmExe:	     220 kB
20220314 061736.687 INFO             PET0 PIOc_sync Exit - MemInfo: [/proc/self/status]	VmLib:	   49272 kB
20220314 061736.687 INFO             PET0 PIOc_sync Exit - MemInfo: [/proc/self/status]	VmPTE:	     768 kB
20220314 061736.687 INFO             PET0 PIOc_sync Exit - MemInfo: [/proc/self/status]	VmPMD:	      16 kB
20220314 061736.687 INFO             PET0 PIOc_sync Exit - MemInfo: [/proc/self/status]	VmSwap:	       0 kB
20220314 061736.687 INFO             PET0 PIOc_sync Exit - MemInfo: [/proc/self/status]	VmRSSPercent: 0.0556643 %
20220314 061736.687 INFO             PET0 PIOc_sync Exit - MemInfo: [malloc] Non-mmapped space allocated:                20570112 Byte
20220314 061736.687 INFO             PET0 PIOc_sync Exit - MemInfo: [malloc] Space allocated in mmapped regions:          1581056 Byte
20220314 061736.687 INFO             PET0 PIOc_sync Exit - MemInfo: [malloc] Maximum total allocated space:                     0 Byte
20220314 061736.687 INFO             PET0 PIOc_sync Exit - MemInfo: [malloc] Space in freed fastbin blocks:                  1728 Byte
20220314 061736.687 INFO             PET0 PIOc_sync Exit - MemInfo: [malloc] Total allocated space:                      20171152 Byte
20220314 061736.687 INFO             PET0 PIOc_sync Exit - MemInfo: [malloc] Total free space:                             398960 Byte
20220314 061736.688 INFO             PET0 PIOc_sync Exit - MemInfo: [malloc] Top-most, releasable space:                   134480 Byte
20220314 061736.688 INFO             PET0 PIOc_sync Exit - MemInfo: [malloc] Total space in use, mmap + non-mmap:        21752208 Byte
20220314 061736.688 INFO             PET0 PIOc_sync Exit - MemInfo: [malloc] Total space held (mmap + non-mmap):         22151168 Byte
20220314 061736.688 INFO             PET0 PIOc_sync Exit - MemInfo: [malloc] Total space used (mmap + non-mmap):         21761536 Byte
20220314 061736.688 INFO             PET0 PIOc_sync Exit - MemInfo: Wall-clock time since execution start:              0.0435619 seconds
20220314 061736.688 INFO             PET0 PIOc_freedecomp Enter - MemInfo: [/proc/meminfo - SSI]	MemTotal:       65507008 kB
20220314 061736.688 INFO             PET0 PIOc_freedecomp Enter - MemInfo: [/proc/meminfo - SSI]	MemFree:        49546632 kB
20220314 061736.688 INFO             PET0 PIOc_freedecomp Enter - MemInfo: [/proc/meminfo - SSI]	MemAvailable:   49307856 kB
20220314 061736.688 INFO             PET0 PIOc_freedecomp Enter - MemInfo: [/proc/meminfo - SSI]	Committed_AS:   13108784 kB
20220314 061736.688 INFO             PET0 PIOc_freedecomp Enter - MemInfo: [/proc/meminfo - SSI]	CommittedPercent: 20.0113 %
20220314 061736.688 INFO             PET0 PIOc_freedecomp Enter - MemInfo: [/proc/self/status]	VmPeak:	  523692 kB
20220314 061736.688 INFO             PET0 PIOc_freedecomp Enter - MemInfo: [/proc/self/status]	VmSize:	  523620 kB
20220314 061736.688 INFO             PET0 PIOc_freedecomp Enter - MemInfo: [/proc/self/status]	VmLck:	       0 kB
20220314 061736.688 INFO             PET0 PIOc_freedecomp Enter - MemInfo: [/proc/self/status]	VmPin:	       0 kB
20220314 061736.688 INFO             PET0 PIOc_freedecomp Enter - MemInfo: [/proc/self/status]	VmHWM:	   64884 kB
20220314 061736.688 INFO             PET0 PIOc_freedecomp Enter - MemInfo: [/proc/self/status]	VmRSS:	   36464 kB
20220314 061736.688 INFO             PET0 PIOc_freedecomp Enter - MemInfo: [/proc/self/status]	VmData:	   32164 kB
20220314 061736.688 INFO             PET0 PIOc_freedecomp Enter - MemInfo: [/proc/self/status]	VmStk:	     148 kB
20220314 061736.688 INFO             PET0 PIOc_freedecomp Enter - MemInfo: [/proc/self/status]	VmExe:	     220 kB
20220314 061736.688 INFO             PET0 PIOc_freedecomp Enter - MemInfo: [/proc/self/status]	VmLib:	   49272 kB
20220314 061736.688 INFO             PET0 PIOc_freedecomp Enter - MemInfo: [/proc/self/status]	VmPTE:	     768 kB
20220314 061736.688 INFO             PET0 PIOc_freedecomp Enter - MemInfo: [/proc/self/status]	VmPMD:	      16 kB
20220314 061736.688 INFO             PET0 PIOc_freedecomp Enter - MemInfo: [/proc/self/status]	VmSwap:	       0 kB
20220314 061736.688 INFO             PET0 PIOc_freedecomp Enter - MemInfo: [/proc/self/status]	VmRSSPercent: 0.0556643 %
20220314 061736.688 INFO             PET0 PIOc_freedecomp Enter - MemInfo: [malloc] Non-mmapped space allocated:                20570112 Byte
20220314 061736.688 INFO             PET0 PIOc_freedecomp Enter - MemInfo: [malloc] Space allocated in mmapped regions:          1581056 Byte
20220314 061736.688 INFO             PET0 PIOc_freedecomp Enter - MemInfo: [malloc] Maximum total allocated space:                     0 Byte
20220314 061736.688 INFO             PET0 PIOc_freedecomp Enter - MemInfo: [malloc] Space in freed fastbin blocks:                  1552 Byte
20220314 061736.688 INFO             PET0 PIOc_freedecomp Enter - MemInfo: [malloc] Total allocated space:                       2856144 Byte
20220314 061736.688 INFO             PET0 PIOc_freedecomp Enter - MemInfo: [malloc] Total free space:                           17713968 Byte
20220314 061736.688 INFO             PET0 PIOc_freedecomp Enter - MemInfo: [malloc] Top-most, releasable space:                 17436016 Byte
20220314 061736.688 INFO             PET0 PIOc_freedecomp Enter - MemInfo: [malloc] Total space in use, mmap + non-mmap:         4437200 Byte
20220314 061736.688 INFO             PET0 PIOc_freedecomp Enter - MemInfo: [malloc] Total space held (mmap + non-mmap):         22151168 Byte
20220314 061736.688 INFO             PET0 PIOc_freedecomp Enter - MemInfo: [malloc] Total space used (mmap + non-mmap):          4446528 Byte
20220314 061736.688 INFO             PET0 PIOc_freedecomp Enter - MemInfo: Wall-clock time since execution start:               0.043987 seconds
20220314 061736.688 INFO             PET0 PIOc_freedecomp Exit - MemInfo: [/proc/meminfo - SSI]	MemTotal:       65507008 kB
20220314 061736.688 INFO             PET0 PIOc_freedecomp Exit - MemInfo: [/proc/meminfo - SSI]	MemFree:        49546632 kB
20220314 061736.688 INFO             PET0 PIOc_freedecomp Exit - MemInfo: [/proc/meminfo - SSI]	MemAvailable:   49307856 kB
20220314 061736.688 INFO             PET0 PIOc_freedecomp Exit - MemInfo: [/proc/meminfo - SSI]	Committed_AS:   13108784 kB
20220314 061736.688 INFO             PET0 PIOc_freedecomp Exit - MemInfo: [/proc/meminfo - SSI]	CommittedPercent: 20.0113 %
20220314 061736.688 INFO             PET0 PIOc_freedecomp Exit - MemInfo: [/proc/self/status]	VmPeak:	  523692 kB
20220314 061736.688 INFO             PET0 PIOc_freedecomp Exit - MemInfo: [/proc/self/status]	VmSize:	  523620 kB
20220314 061736.688 INFO             PET0 PIOc_freedecomp Exit - MemInfo: [/proc/self/status]	VmLck:	       0 kB
20220314 061736.688 INFO             PET0 PIOc_freedecomp Exit - MemInfo: [/proc/self/status]	VmPin:	       0 kB
20220314 061736.688 INFO             PET0 PIOc_freedecomp Exit - MemInfo: [/proc/self/status]	VmHWM:	   64884 kB
20220314 061736.688 INFO             PET0 PIOc_freedecomp Exit - MemInfo: [/proc/self/status]	VmRSS:	   36464 kB
20220314 061736.688 INFO             PET0 PIOc_freedecomp Exit - MemInfo: [/proc/self/status]	VmData:	   32164 kB
20220314 061736.688 INFO             PET0 PIOc_freedecomp Exit - MemInfo: [/proc/self/status]	VmStk:	     148 kB
20220314 061736.688 INFO             PET0 PIOc_freedecomp Exit - MemInfo: [/proc/self/status]	VmExe:	     220 kB
20220314 061736.688 INFO             PET0 PIOc_freedecomp Exit - MemInfo: [/proc/self/status]	VmLib:	   49272 kB
20220314 061736.688 INFO             PET0 PIOc_freedecomp Exit - MemInfo: [/proc/self/status]	VmPTE:	     768 kB
20220314 061736.688 INFO             PET0 PIOc_freedecomp Exit - MemInfo: [/proc/self/status]	VmPMD:	      16 kB
20220314 061736.688 INFO             PET0 PIOc_freedecomp Exit - MemInfo: [/proc/self/status]	VmSwap:	       0 kB
20220314 061736.688 INFO             PET0 PIOc_freedecomp Exit - MemInfo: [/proc/self/status]	VmRSSPercent: 0.0556643 %
20220314 061736.688 INFO             PET0 PIOc_freedecomp Exit - MemInfo: [malloc] Non-mmapped space allocated:                20570112 Byte
20220314 061736.688 INFO             PET0 PIOc_freedecomp Exit - MemInfo: [malloc] Space allocated in mmapped regions:          1581056 Byte
20220314 061736.688 INFO             PET0 PIOc_freedecomp Exit - MemInfo: [malloc] Maximum total allocated space:                     0 Byte
20220314 061736.688 INFO             PET0 PIOc_freedecomp Exit - MemInfo: [malloc] Space in freed fastbin blocks:                  1536 Byte
20220314 061736.688 INFO             PET0 PIOc_freedecomp Exit - MemInfo: [malloc] Total allocated space:                       2727568 Byte
20220314 061736.688 INFO             PET0 PIOc_freedecomp Exit - MemInfo: [malloc] Total free space:                           17842544 Byte
20220314 061736.688 INFO             PET0 PIOc_freedecomp Exit - MemInfo: [malloc] Top-most, releasable space:                 17436016 Byte
20220314 061736.688 INFO             PET0 PIOc_freedecomp Exit - MemInfo: [malloc] Total space in use, mmap + non-mmap:         4308624 Byte
20220314 061736.688 INFO             PET0 PIOc_freedecomp Exit - MemInfo: [malloc] Total space held (mmap + non-mmap):         22151168 Byte
20220314 061736.688 INFO             PET0 PIOc_freedecomp Exit - MemInfo: [malloc] Total space used (mmap + non-mmap):          4317952 Byte
20220314 061736.688 INFO             PET0 PIOc_freedecomp Exit - MemInfo: Wall-clock time since execution start:               0.044352 seconds
20220314 061736.688 INFO             PET0 PIOc_freedecomp Enter - MemInfo: [/proc/meminfo - SSI]	MemTotal:       65507008 kB
20220314 061736.688 INFO             PET0 PIOc_freedecomp Enter - MemInfo: [/proc/meminfo - SSI]	MemFree:        49546128 kB
20220314 061736.688 INFO             PET0 PIOc_freedecomp Enter - MemInfo: [/proc/meminfo - SSI]	MemAvailable:   49307352 kB
20220314 061736.688 INFO             PET0 PIOc_freedecomp Enter - MemInfo: [/proc/meminfo - SSI]	Committed_AS:   13108784 kB
20220314 061736.688 INFO             PET0 PIOc_freedecomp Enter - MemInfo: [/proc/meminfo - SSI]	CommittedPercent: 20.0113 %
20220314 061736.688 INFO             PET0 PIOc_freedecomp Enter - MemInfo: [/proc/self/status]	VmPeak:	  523692 kB
20220314 061736.688 INFO             PET0 PIOc_freedecomp Enter - MemInfo: [/proc/self/status]	VmSize:	  523620 kB
20220314 061736.688 INFO             PET0 PIOc_freedecomp Enter - MemInfo: [/proc/self/status]	VmLck:	       0 kB
20220314 061736.688 INFO             PET0 PIOc_freedecomp Enter - MemInfo: [/proc/self/status]	VmPin:	       0 kB
20220314 061736.688 INFO             PET0 PIOc_freedecomp Enter - MemInfo: [/proc/self/status]	VmHWM:	   64884 kB
20220314 061736.688 INFO             PET0 PIOc_freedecomp Enter - MemInfo: [/proc/self/status]	VmRSS:	   36464 kB
20220314 061736.689 INFO             PET0 PIOc_freedecomp Enter - MemInfo: [/proc/self/status]	VmData:	   32164 kB
20220314 061736.689 INFO             PET0 PIOc_freedecomp Enter - MemInfo: [/proc/self/status]	VmStk:	     148 kB
20220314 061736.689 INFO             PET0 PIOc_freedecomp Enter - MemInfo: [/proc/self/status]	VmExe:	     220 kB
20220314 061736.689 INFO             PET0 PIOc_freedecomp Enter - MemInfo: [/proc/self/status]	VmLib:	   49272 kB
20220314 061736.689 INFO             PET0 PIOc_freedecomp Enter - MemInfo: [/proc/self/status]	VmPTE:	     768 kB
20220314 061736.689 INFO             PET0 PIOc_freedecomp Enter - MemInfo: [/proc/self/status]	VmPMD:	      16 kB
20220314 061736.689 INFO             PET0 PIOc_freedecomp Enter - MemInfo: [/proc/self/status]	VmSwap:	       0 kB
20220314 061736.689 INFO             PET0 PIOc_freedecomp Enter - MemInfo: [/proc/self/status]	VmRSSPercent: 0.0556643 %
20220314 061736.689 INFO             PET0 PIOc_freedecomp Enter - MemInfo: [malloc] Non-mmapped space allocated:                20570112 Byte
20220314 061736.689 INFO             PET0 PIOc_freedecomp Enter - MemInfo: [malloc] Space allocated in mmapped regions:          1581056 Byte
20220314 061736.689 INFO             PET0 PIOc_freedecomp Enter - MemInfo: [malloc] Maximum total allocated space:                     0 Byte
20220314 061736.689 INFO             PET0 PIOc_freedecomp Enter - MemInfo: [malloc] Space in freed fastbin blocks:                  2048 Byte
20220314 061736.689 INFO             PET0 PIOc_freedecomp Enter - MemInfo: [malloc] Total allocated space:                       2727440 Byte
20220314 061736.689 INFO             PET0 PIOc_freedecomp Enter - MemInfo: [malloc] Total free space:                           17842672 Byte
20220314 061736.689 INFO             PET0 PIOc_freedecomp Enter - MemInfo: [malloc] Top-most, releasable space:                 17436016 Byte
20220314 061736.689 INFO             PET0 PIOc_freedecomp Enter - MemInfo: [malloc] Total space in use, mmap + non-mmap:         4308496 Byte
20220314 061736.689 INFO             PET0 PIOc_freedecomp Enter - MemInfo: [malloc] Total space held (mmap + non-mmap):         22151168 Byte
20220314 061736.689 INFO             PET0 PIOc_freedecomp Enter - MemInfo: [malloc] Total space used (mmap + non-mmap):          4317824 Byte
20220314 061736.689 INFO             PET0 PIOc_freedecomp Enter - MemInfo: Wall-clock time since execution start:              0.0446952 seconds
20220314 061736.689 INFO             PET0 PIOc_freedecomp Exit - MemInfo: [/proc/meminfo - SSI]	MemTotal:       65507008 kB
20220314 061736.689 INFO             PET0 PIOc_freedecomp Exit - MemInfo: [/proc/meminfo - SSI]	MemFree:        49546128 kB
20220314 061736.689 INFO             PET0 PIOc_freedecomp Exit - MemInfo: [/proc/meminfo - SSI]	MemAvailable:   49307352 kB
20220314 061736.689 INFO             PET0 PIOc_freedecomp Exit - MemInfo: [/proc/meminfo - SSI]	Committed_AS:   13108784 kB
20220314 061736.689 INFO             PET0 PIOc_freedecomp Exit - MemInfo: [/proc/meminfo - SSI]	CommittedPercent: 20.0113 %
20220314 061736.689 INFO             PET0 PIOc_freedecomp Exit - MemInfo: [/proc/self/status]	VmPeak:	  523692 kB
20220314 061736.689 INFO             PET0 PIOc_freedecomp Exit - MemInfo: [/proc/self/status]	VmSize:	  523620 kB
20220314 061736.689 INFO             PET0 PIOc_freedecomp Exit - MemInfo: [/proc/self/status]	VmLck:	       0 kB
20220314 061736.689 INFO             PET0 PIOc_freedecomp Exit - MemInfo: [/proc/self/status]	VmPin:	       0 kB
20220314 061736.689 INFO             PET0 PIOc_freedecomp Exit - MemInfo: [/proc/self/status]	VmHWM:	   64884 kB
20220314 061736.689 INFO             PET0 PIOc_freedecomp Exit - MemInfo: [/proc/self/status]	VmRSS:	   36464 kB
20220314 061736.689 INFO             PET0 PIOc_freedecomp Exit - MemInfo: [/proc/self/status]	VmData:	   32164 kB
20220314 061736.689 INFO             PET0 PIOc_freedecomp Exit - MemInfo: [/proc/self/status]	VmStk:	     148 kB
20220314 061736.689 INFO             PET0 PIOc_freedecomp Exit - MemInfo: [/proc/self/status]	VmExe:	     220 kB
20220314 061736.689 INFO             PET0 PIOc_freedecomp Exit - MemInfo: [/proc/self/status]	VmLib:	   49272 kB
20220314 061736.689 INFO             PET0 PIOc_freedecomp Exit - MemInfo: [/proc/self/status]	VmPTE:	     768 kB
20220314 061736.689 INFO             PET0 PIOc_freedecomp Exit - MemInfo: [/proc/self/status]	VmPMD:	      16 kB
20220314 061736.689 INFO             PET0 PIOc_freedecomp Exit - MemInfo: [/proc/self/status]	VmSwap:	       0 kB
20220314 061736.689 INFO             PET0 PIOc_freedecomp Exit - MemInfo: [/proc/self/status]	VmRSSPercent: 0.0556643 %
20220314 061736.689 INFO             PET0 PIOc_freedecomp Exit - MemInfo: [malloc] Non-mmapped space allocated:                20570112 Byte
20220314 061736.689 INFO             PET0 PIOc_freedecomp Exit - MemInfo: [malloc] Space allocated in mmapped regions:          1581056 Byte
20220314 061736.689 INFO             PET0 PIOc_freedecomp Exit - MemInfo: [malloc] Maximum total allocated space:                     0 Byte
20220314 061736.689 INFO             PET0 PIOc_freedecomp Exit - MemInfo: [malloc] Space in freed fastbin blocks:                  1664 Byte
20220314 061736.689 INFO             PET0 PIOc_freedecomp Exit - MemInfo: [malloc] Total allocated space:                       2682320 Byte
20220314 061736.689 INFO             PET0 PIOc_freedecomp Exit - MemInfo: [malloc] Total free space:                           17887792 Byte
20220314 061736.689 INFO             PET0 PIOc_freedecomp Exit - MemInfo: [malloc] Top-most, releasable space:                 17436016 Byte
