build time -- 2022-03-13 06:04:12.036121
20220313 061624.637 INFO             PET0 !!!!!!!!!!!!!!!!!!!!!!!!!!!!!!!!!!!!!!!!!!!!!!!!!!!!!!
20220313 061624.637 INFO             PET0 !!! THE ESMF_LOG IS SET TO OUTPUT ALL LOG MESSAGES !!!
20220313 061624.637 INFO             PET0 !!!     THIS MAY CAUSE SLOWDOWN IN PERFORMANCE     !!!
20220313 061624.637 INFO             PET0 !!! FOR PRODUCTION RUNS, USE:                      !!!
20220313 061624.637 INFO             PET0 !!!                   ESMF_LOGKIND_Multi_On_Error  !!!
20220313 061624.637 INFO             PET0 !!!!!!!!!!!!!!!!!!!!!!!!!!!!!!!!!!!!!!!!!!!!!!!!!!!!!!
20220313 061624.637 INFO             PET0 Running with ESMF Version   : v8.3.0b09-96-g559b459836
20220313 061624.637 INFO             PET0 ESMF library build date/time: "Mar 13 2022" "06:02:11"
20220313 061624.637 INFO             PET0 ESMF library build location : /glade/scratch/rlong/esmf-testing/gfortran_10.1.0_openmpi_O_jedwards_pio_update2
20220313 061624.637 INFO             PET0 ESMF_COMM                   : openmpi
20220313 061624.638 INFO             PET0 ESMF_MOAB                   : enabled
20220313 061624.638 INFO             PET0 ESMF_LAPACK                 : enabled
20220313 061624.638 INFO             PET0 ESMF_NETCDF                 : enabled
20220313 061624.638 INFO             PET0 ESMF_PNETCDF                : disabled
20220313 061624.638 INFO             PET0 ESMF_PIO                    : enabled
20220313 061624.638 INFO             PET0 ESMF_YAMLCPP                : enabled
20220313 061624.638 INFO             PET0  Beginning Test, file ESMF_RouteHandleAdvancedUTest.F90, line 346
20220313 061624.638 INFO             PET0  NUMBER_OF_PROCESSORS           4
20220313 061624.643 INFO             PET0 ESMF_FieldRedistStoreNF(): Just entered routine.
20220313 061624.767 INFO             PET0 ESMF_FieldRedistStoreNF(): Leaving routine.
20220313 061624.767 INFO             PET0  PASS  Create RouteHandle for the original petList, ESMF_RouteHandleAdvancedUTest.F90, line 511
20220313 061624.767 INFO             PET0  PASS  Test RouteHandleIsCreated(), ESMF_RouteHandleAdvancedUTest.F90, line 519
20220313 061624.767 INFO             PET0  PASS  Test RouteHandleIsCreated() return value, ESMF_RouteHandleAdvancedUTest.F90, line 526
20220313 061624.767 INFO             PET0  PASS  Test RouteHandleGet(), ESMF_RouteHandleAdvancedUTest.F90, line 534
20220313 061624.776 INFO             PET0  PASS  Test RouteHandleWrite(), ESMF_RouteHandleAdvancedUTest.F90, line 542
20220313 061624.776 INFO             PET0  PASS  Test RouteHandleDestroy(), ESMF_RouteHandleAdvancedUTest.F90, line 550
20220313 061624.780 INFO             PET0  PASS  Test RouteHandleCreate(from file), ESMF_RouteHandleAdvancedUTest.F90, line 558
20220313 061624.781 INFO             PET0  PASS  Apply the read in Routehandle, ESMF_RouteHandleAdvancedUTest.F90, line 567
20220313 061624.781 INFO             PET0  PASS  Test RouteHandleDestroy() for the read in Routehandle, ESMF_RouteHandleAdvancedUTest.F90, line 575
20220313 061624.781 INFO             PET0 ESMF_FieldRedistStoreNF(): Just entered routine.
20220313 061624.900 INFO             PET0 ESMF_FieldRedistStoreNF(): Leaving routine.
20220313 061624.900 INFO             PET0  PASS  Create RouteHandle for the original petList, ESMF_RouteHandleAdvancedUTest.F90, line 585
20220313 061624.900 INFO             PET0  PASS  Transfer RouteHandle to a different petList, ESMF_RouteHandleAdvancedUTest.F90, line 602
20220313 061624.918 INFO             PET0 PIOc_sync Enter - MemInfo: [/proc/meminfo - SSI]	MemTotal:       65507008 kB
20220313 061624.918 INFO             PET0 PIOc_sync Enter - MemInfo: [/proc/meminfo - SSI]	MemFree:        49137572 kB
20220313 061624.918 INFO             PET0 PIOc_sync Enter - MemInfo: [/proc/meminfo - SSI]	MemAvailable:   48896688 kB
20220313 061624.918 INFO             PET0 PIOc_sync Enter - MemInfo: [/proc/meminfo - SSI]	Committed_AS:   13058552 kB
20220313 061624.918 INFO             PET0 PIOc_sync Enter - MemInfo: [/proc/meminfo - SSI]	CommittedPercent: 19.9346 %
20220313 061624.919 INFO             PET0 PIOc_sync Enter - MemInfo: [/proc/self/status]	VmPeak:	  529472 kB
20220313 061624.919 INFO             PET0 PIOc_sync Enter - MemInfo: [/proc/self/status]	VmSize:	  529472 kB
20220313 061624.919 INFO             PET0 PIOc_sync Enter - MemInfo: [/proc/self/status]	VmLck:	       0 kB
20220313 061624.919 INFO             PET0 PIOc_sync Enter - MemInfo: [/proc/self/status]	VmPin:	       0 kB
20220313 061624.919 INFO             PET0 PIOc_sync Enter - MemInfo: [/proc/self/status]	VmHWM:	   64892 kB
20220313 061624.920 INFO             PET0 PIOc_sync Enter - MemInfo: [/proc/self/status]	VmRSS:	   44000 kB
20220313 061624.920 INFO             PET0 PIOc_sync Enter - MemInfo: [/proc/self/status]	VmData:	   38020 kB
20220313 061624.920 INFO             PET0 PIOc_sync Enter - MemInfo: [/proc/self/status]	VmStk:	     148 kB
20220313 061624.920 INFO             PET0 PIOc_sync Enter - MemInfo: [/proc/self/status]	VmExe:	     216 kB
20220313 061624.920 INFO             PET0 PIOc_sync Enter - MemInfo: [/proc/self/status]	VmLib:	   49272 kB
20220313 061624.920 INFO             PET0 PIOc_sync Enter - MemInfo: [/proc/self/status]	VmPTE:	     788 kB
20220313 061624.920 INFO             PET0 PIOc_sync Enter - MemInfo: [/proc/self/status]	VmPMD:	      16 kB
20220313 061624.920 INFO             PET0 PIOc_sync Enter - MemInfo: [/proc/self/status]	VmSwap:	       0 kB
20220313 061624.920 INFO             PET0 PIOc_sync Enter - MemInfo: [/proc/self/status]	VmRSSPercent: 0.0671684 %
20220313 061624.920 INFO             PET0 PIOc_sync Enter - MemInfo: [malloc] Non-mmapped space allocated:                 9785344 Byte
20220313 061624.920 INFO             PET0 PIOc_sync Enter - MemInfo: [malloc] Space allocated in mmapped regions:         18362368 Byte
20220313 061624.920 INFO             PET0 PIOc_sync Enter - MemInfo: [malloc] Maximum total allocated space:                     0 Byte
20220313 061624.920 INFO             PET0 PIOc_sync Enter - MemInfo: [malloc] Space in freed fastbin blocks:                  1520 Byte
20220313 061624.920 INFO             PET0 PIOc_sync Enter - MemInfo: [malloc] Total allocated space:                       4512864 Byte
20220313 061624.920 INFO             PET0 PIOc_sync Enter - MemInfo: [malloc] Total free space:                            5272480 Byte
20220313 061624.920 INFO             PET0 PIOc_sync Enter - MemInfo: [malloc] Top-most, releasable space:                   134112 Byte
20220313 061624.920 INFO             PET0 PIOc_sync Enter - MemInfo: [malloc] Total space in use, mmap + non-mmap:        22875232 Byte
20220313 061624.920 INFO             PET0 PIOc_sync Enter - MemInfo: [malloc] Total space held (mmap + non-mmap):         28147712 Byte
20220313 061624.920 INFO             PET0 PIOc_sync Enter - MemInfo: [malloc] Total space used (mmap + non-mmap):         22884560 Byte
20220313 061624.920 INFO             PET0 PIOc_sync Enter - MemInfo: Wall-clock time since execution start:               0.283568 seconds
20220313 061624.921 INFO             PET0 PIOc_sync Exit - MemInfo: [/proc/meminfo - SSI]	MemTotal:       65507008 kB
20220313 061624.921 INFO             PET0 PIOc_sync Exit - MemInfo: [/proc/meminfo - SSI]	MemFree:        49137572 kB
20220313 061624.921 INFO             PET0 PIOc_sync Exit - MemInfo: [/proc/meminfo - SSI]	MemAvailable:   48896688 kB
20220313 061624.921 INFO             PET0 PIOc_sync Exit - MemInfo: [/proc/meminfo - SSI]	Committed_AS:   13058552 kB
20220313 061624.921 INFO             PET0 PIOc_sync Exit - MemInfo: [/proc/meminfo - SSI]	CommittedPercent: 19.9346 %
20220313 061624.921 INFO             PET0 PIOc_sync Exit - MemInfo: [/proc/self/status]	VmPeak:	  529472 kB
20220313 061624.921 INFO             PET0 PIOc_sync Exit - MemInfo: [/proc/self/status]	VmSize:	  529472 kB
20220313 061624.921 INFO             PET0 PIOc_sync Exit - MemInfo: [/proc/self/status]	VmLck:	       0 kB
20220313 061624.921 INFO             PET0 PIOc_sync Exit - MemInfo: [/proc/self/status]	VmPin:	       0 kB
20220313 061624.921 INFO             PET0 PIOc_sync Exit - MemInfo: [/proc/self/status]	VmHWM:	   64892 kB
20220313 061624.921 INFO             PET0 PIOc_sync Exit - MemInfo: [/proc/self/status]	VmRSS:	   44100 kB
20220313 061624.921 INFO             PET0 PIOc_sync Exit - MemInfo: [/proc/self/status]	VmData:	   38020 kB
20220313 061624.921 INFO             PET0 PIOc_sync Exit - MemInfo: [/proc/self/status]	VmStk:	     148 kB
20220313 061624.921 INFO             PET0 PIOc_sync Exit - MemInfo: [/proc/self/status]	VmExe:	     216 kB
20220313 061624.921 INFO             PET0 PIOc_sync Exit - MemInfo: [/proc/self/status]	VmLib:	   49272 kB
20220313 061624.921 INFO             PET0 PIOc_sync Exit - MemInfo: [/proc/self/status]	VmPTE:	     788 kB
20220313 061624.921 INFO             PET0 PIOc_sync Exit - MemInfo: [/proc/self/status]	VmPMD:	      16 kB
20220313 061624.921 INFO             PET0 PIOc_sync Exit - MemInfo: [/proc/self/status]	VmSwap:	       0 kB
20220313 061624.921 INFO             PET0 PIOc_sync Exit - MemInfo: [/proc/self/status]	VmRSSPercent: 0.067321 %
20220313 061624.921 INFO             PET0 PIOc_sync Exit - MemInfo: [malloc] Non-mmapped space allocated:                 9785344 Byte
20220313 061624.921 INFO             PET0 PIOc_sync Exit - MemInfo: [malloc] Space allocated in mmapped regions:         18362368 Byte
20220313 061624.921 INFO             PET0 PIOc_sync Exit - MemInfo: [malloc] Maximum total allocated space:                     0 Byte
20220313 061624.921 INFO             PET0 PIOc_sync Exit - MemInfo: [malloc] Space in freed fastbin blocks:                  1744 Byte
20220313 061624.921 INFO             PET0 PIOc_sync Exit - MemInfo: [malloc] Total allocated space:                       4517616 Byte
20220313 061624.921 INFO             PET0 PIOc_sync Exit - MemInfo: [malloc] Total free space:                            5267728 Byte
20220313 061624.921 INFO             PET0 PIOc_sync Exit - MemInfo: [malloc] Top-most, releasable space:                   134112 Byte
20220313 061624.921 INFO             PET0 PIOc_sync Exit - MemInfo: [malloc] Total space in use, mmap + non-mmap:        22879984 Byte
20220313 061624.921 INFO             PET0 PIOc_sync Exit - MemInfo: [malloc] Total space held (mmap + non-mmap):         28147712 Byte
20220313 061624.921 INFO             PET0 PIOc_sync Exit - MemInfo: [malloc] Total space used (mmap + non-mmap):         22889312 Byte
20220313 061624.921 INFO             PET0 PIOc_sync Exit - MemInfo: Wall-clock time since execution start:               0.284923 seconds
20220313 061624.922 INFO             PET0 PIOc_freedecomp Enter - MemInfo: [/proc/meminfo - SSI]	MemTotal:       65507008 kB
20220313 061624.922 INFO             PET0 PIOc_freedecomp Enter - MemInfo: [/proc/meminfo - SSI]	MemFree:        49152692 kB
20220313 061624.922 INFO             PET0 PIOc_freedecomp Enter - MemInfo: [/proc/meminfo - SSI]	MemAvailable:   48911808 kB
20220313 061624.922 INFO             PET0 PIOc_freedecomp Enter - MemInfo: [/proc/meminfo - SSI]	Committed_AS:   13042164 kB
20220313 061624.922 INFO             PET0 PIOc_freedecomp Enter - MemInfo: [/proc/meminfo - SSI]	CommittedPercent: 19.9096 %
20220313 061624.922 INFO             PET0 PIOc_freedecomp Enter - MemInfo: [/proc/self/status]	VmPeak:	  529472 kB
20220313 061624.922 INFO             PET0 PIOc_freedecomp Enter - MemInfo: [/proc/self/status]	VmSize:	  513084 kB
20220313 061624.922 INFO             PET0 PIOc_freedecomp Enter - MemInfo: [/proc/self/status]	VmLck:	       0 kB
20220313 061624.922 INFO             PET0 PIOc_freedecomp Enter - MemInfo: [/proc/self/status]	VmPin:	       0 kB
20220313 061624.922 INFO             PET0 PIOc_freedecomp Enter - MemInfo: [/proc/self/status]	VmHWM:	   64892 kB
20220313 061624.922 INFO             PET0 PIOc_freedecomp Enter - MemInfo: [/proc/self/status]	VmRSS:	   27712 kB
20220313 061624.922 INFO             PET0 PIOc_freedecomp Enter - MemInfo: [/proc/self/status]	VmData:	   21632 kB
20220313 061624.922 INFO             PET0 PIOc_freedecomp Enter - MemInfo: [/proc/self/status]	VmStk:	     148 kB
20220313 061624.922 INFO             PET0 PIOc_freedecomp Enter - MemInfo: [/proc/self/status]	VmExe:	     216 kB
20220313 061624.922 INFO             PET0 PIOc_freedecomp Enter - MemInfo: [/proc/self/status]	VmLib:	   49272 kB
20220313 061624.922 INFO             PET0 PIOc_freedecomp Enter - MemInfo: [/proc/self/status]	VmPTE:	     756 kB
20220313 061624.922 INFO             PET0 PIOc_freedecomp Enter - MemInfo: [/proc/self/status]	VmPMD:	      16 kB
20220313 061624.922 INFO             PET0 PIOc_freedecomp Enter - MemInfo: [/proc/self/status]	VmSwap:	       0 kB
20220313 061624.922 INFO             PET0 PIOc_freedecomp Enter - MemInfo: [/proc/self/status]	VmRSSPercent: 0.0423039 %
20220313 061624.922 INFO             PET0 PIOc_freedecomp Enter - MemInfo: [malloc] Non-mmapped space allocated:                 9785344 Byte
20220313 061624.922 INFO             PET0 PIOc_freedecomp Enter - MemInfo: [malloc] Space allocated in mmapped regions:          1581056 Byte
20220313 061624.922 INFO             PET0 PIOc_freedecomp Enter - MemInfo: [malloc] Maximum total allocated space:                     0 Byte
20220313 061624.922 INFO             PET0 PIOc_freedecomp Enter - MemInfo: [malloc] Space in freed fastbin blocks:                  1776 Byte
20220313 061624.922 INFO             PET0 PIOc_freedecomp Enter - MemInfo: [malloc] Total allocated space:                       3980016 Byte
20220313 061624.922 INFO             PET0 PIOc_freedecomp Enter - MemInfo: [malloc] Total free space:                            5805328 Byte
20220313 061624.922 INFO             PET0 PIOc_freedecomp Enter - MemInfo: [malloc] Top-most, releasable space:                   134112 Byte
20220313 061624.922 INFO             PET0 PIOc_freedecomp Enter - MemInfo: [malloc] Total space in use, mmap + non-mmap:         5561072 Byte
20220313 061624.922 INFO             PET0 PIOc_freedecomp Enter - MemInfo: [malloc] Total space held (mmap + non-mmap):         11366400 Byte
20220313 061624.922 INFO             PET0 PIOc_freedecomp Enter - MemInfo: [malloc] Total space used (mmap + non-mmap):          5570400 Byte
20220313 061624.922 INFO             PET0 PIOc_freedecomp Enter - MemInfo: Wall-clock time since execution start:               0.286026 seconds
20220313 061624.922 INFO             PET0 PIOc_freedecomp Exit - MemInfo: [/proc/meminfo - SSI]	MemTotal:       65507008 kB
20220313 061624.922 INFO             PET0 PIOc_freedecomp Exit - MemInfo: [/proc/meminfo - SSI]	MemFree:        49152692 kB
20220313 061624.922 INFO             PET0 PIOc_freedecomp Exit - MemInfo: [/proc/meminfo - SSI]	MemAvailable:   48911808 kB
20220313 061624.922 INFO             PET0 PIOc_freedecomp Exit - MemInfo: [/proc/meminfo - SSI]	Committed_AS:   13042164 kB
20220313 061624.922 INFO             PET0 PIOc_freedecomp Exit - MemInfo: [/proc/meminfo - SSI]	CommittedPercent: 19.9096 %
20220313 061624.922 INFO             PET0 PIOc_freedecomp Exit - MemInfo: [/proc/self/status]	VmPeak:	  529472 kB
20220313 061624.922 INFO             PET0 PIOc_freedecomp Exit - MemInfo: [/proc/self/status]	VmSize:	  513084 kB
20220313 061624.922 INFO             PET0 PIOc_freedecomp Exit - MemInfo: [/proc/self/status]	VmLck:	       0 kB
20220313 061624.922 INFO             PET0 PIOc_freedecomp Exit - MemInfo: [/proc/self/status]	VmPin:	       0 kB
20220313 061624.922 INFO             PET0 PIOc_freedecomp Exit - MemInfo: [/proc/self/status]	VmHWM:	   64892 kB
20220313 061624.922 INFO             PET0 PIOc_freedecomp Exit - MemInfo: [/proc/self/status]	VmRSS:	   27716 kB
20220313 061624.922 INFO             PET0 PIOc_freedecomp Exit - MemInfo: [/proc/self/status]	VmData:	   21632 kB
20220313 061624.922 INFO             PET0 PIOc_freedecomp Exit - MemInfo: [/proc/self/status]	VmStk:	     148 kB
20220313 061624.922 INFO             PET0 PIOc_freedecomp Exit - MemInfo: [/proc/self/status]	VmExe:	     216 kB
20220313 061624.922 INFO             PET0 PIOc_freedecomp Exit - MemInfo: [/proc/self/status]	VmLib:	   49272 kB
20220313 061624.922 INFO             PET0 PIOc_freedecomp Exit - MemInfo: [/proc/self/status]	VmPTE:	     756 kB
20220313 061624.922 INFO             PET0 PIOc_freedecomp Exit - MemInfo: [/proc/self/status]	VmPMD:	      16 kB
20220313 061624.922 INFO             PET0 PIOc_freedecomp Exit - MemInfo: [/proc/self/status]	VmSwap:	       0 kB
20220313 061624.922 INFO             PET0 PIOc_freedecomp Exit - MemInfo: [/proc/self/status]	VmRSSPercent: 0.04231 %
20220313 061624.922 INFO             PET0 PIOc_freedecomp Exit - MemInfo: [malloc] Non-mmapped space allocated:                 9785344 Byte
20220313 061624.922 INFO             PET0 PIOc_freedecomp Exit - MemInfo: [malloc] Space allocated in mmapped regions:          1581056 Byte
20220313 061624.922 INFO             PET0 PIOc_freedecomp Exit - MemInfo: [malloc] Maximum total allocated space:                     0 Byte
20220313 061624.922 INFO             PET0 PIOc_freedecomp Exit - MemInfo: [malloc] Space in freed fastbin blocks:                  2688 Byte
20220313 061624.922 INFO             PET0 PIOc_freedecomp Exit - MemInfo: [malloc] Total allocated space:                       3973248 Byte
20220313 061624.922 INFO             PET0 PIOc_freedecomp Exit - MemInfo: [malloc] Total free space:                            5812096 Byte
20220313 061624.922 INFO             PET0 PIOc_freedecomp Exit - MemInfo: [malloc] Top-most, releasable space:                   134112 Byte
20220313 061624.922 INFO             PET0 PIOc_freedecomp Exit - MemInfo: [malloc] Total space in use, mmap + non-mmap:         5554304 Byte
20220313 061624.922 INFO             PET0 PIOc_freedecomp Exit - MemInfo: [malloc] Total space held (mmap + non-mmap):         11366400 Byte
20220313 061624.922 INFO             PET0 PIOc_freedecomp Exit - MemInfo: [malloc] Total space used (mmap + non-mmap):          5563632 Byte
20220313 061624.923 INFO             PET0 PIOc_freedecomp Exit - MemInfo: Wall-clock time since execution start:               0.286367 seconds
20220313 061624.926 INFO             PET0 PIOc_sync Enter - MemInfo: [/proc/meminfo - SSI]	MemTotal:       65507008 kB
20220313 061624.926 INFO             PET0 PIOc_sync Enter - MemInfo: [/proc/meminfo - SSI]	MemFree:        49146140 kB
20220313 061624.926 INFO             PET0 PIOc_sync Enter - MemInfo: [/proc/meminfo - SSI]	MemAvailable:   48905256 kB
20220313 061624.926 INFO             PET0 PIOc_sync Enter - MemInfo: [/proc/meminfo - SSI]	Committed_AS:   13058548 kB
20220313 061624.926 INFO             PET0 PIOc_sync Enter - MemInfo: [/proc/meminfo - SSI]	CommittedPercent: 19.9346 %
20220313 061624.926 INFO             PET0 PIOc_sync Enter - MemInfo: [/proc/self/status]	VmPeak:	  529472 kB
20220313 061624.926 INFO             PET0 PIOc_sync Enter - MemInfo: [/proc/self/status]	VmSize:	  529468 kB
20220313 061624.926 INFO             PET0 PIOc_sync Enter - MemInfo: [/proc/self/status]	VmLck:	       0 kB
20220313 061624.926 INFO             PET0 PIOc_sync Enter - MemInfo: [/proc/self/status]	VmPin:	       0 kB
20220313 061624.926 INFO             PET0 PIOc_sync Enter - MemInfo: [/proc/self/status]	VmHWM:	   64892 kB
20220313 061624.926 INFO             PET0 PIOc_sync Enter - MemInfo: [/proc/self/status]	VmRSS:	   35796 kB
20220313 061624.926 INFO             PET0 PIOc_sync Enter - MemInfo: [/proc/self/status]	VmData:	   38016 kB
20220313 061624.926 INFO             PET0 PIOc_sync Enter - MemInfo: [/proc/self/status]	VmStk:	     148 kB
20220313 061624.926 INFO             PET0 PIOc_sync Enter - MemInfo: [/proc/self/status]	VmExe:	     216 kB
20220313 061624.926 INFO             PET0 PIOc_sync Enter - MemInfo: [/proc/self/status]	VmLib:	   49272 kB
20220313 061624.926 INFO             PET0 PIOc_sync Enter - MemInfo: [/proc/self/status]	VmPTE:	     776 kB
20220313 061624.926 INFO             PET0 PIOc_sync Enter - MemInfo: [/proc/self/status]	VmPMD:	      16 kB
20220313 061624.926 INFO             PET0 PIOc_sync Enter - MemInfo: [/proc/self/status]	VmSwap:	       0 kB
20220313 061624.926 INFO             PET0 PIOc_sync Enter - MemInfo: [/proc/self/status]	VmRSSPercent: 0.0546445 %
20220313 061624.926 INFO             PET0 PIOc_sync Enter - MemInfo: [malloc] Non-mmapped space allocated:                26562560 Byte
20220313 061624.926 INFO             PET0 PIOc_sync Enter - MemInfo: [malloc] Space allocated in mmapped regions:          1581056 Byte
20220313 061624.926 INFO             PET0 PIOc_sync Enter - MemInfo: [malloc] Maximum total allocated space:                     0 Byte
20220313 061624.926 INFO             PET0 PIOc_sync Enter - MemInfo: [malloc] Space in freed fastbin blocks:                  2080 Byte
20220313 061624.926 INFO             PET0 PIOc_sync Enter - MemInfo: [malloc] Total allocated space:                      21290912 Byte
20220313 061624.926 INFO             PET0 PIOc_sync Enter - MemInfo: [malloc] Total free space:                            5271648 Byte
20220313 061624.926 INFO             PET0 PIOc_sync Enter - MemInfo: [malloc] Top-most, releasable space:                   134096 Byte
20220313 061624.926 INFO             PET0 PIOc_sync Enter - MemInfo: [malloc] Total space in use, mmap + non-mmap:        22871968 Byte
20220313 061624.926 INFO             PET0 PIOc_sync Enter - MemInfo: [malloc] Total space held (mmap + non-mmap):         28143616 Byte
20220313 061624.926 INFO             PET0 PIOc_sync Enter - MemInfo: [malloc] Total space used (mmap + non-mmap):         22881296 Byte
20220313 061624.926 INFO             PET0 PIOc_sync Enter - MemInfo: Wall-clock time since execution start:               0.290334 seconds
20220313 061624.927 INFO             PET0 PIOc_sync Exit - MemInfo: [/proc/meminfo - SSI]	MemTotal:       65507008 kB
20220313 061624.927 INFO             PET0 PIOc_sync Exit - MemInfo: [/proc/meminfo - SSI]	MemFree:        49146140 kB
20220313 061624.927 INFO             PET0 PIOc_sync Exit - MemInfo: [/proc/meminfo - SSI]	MemAvailable:   48905256 kB
20220313 061624.927 INFO             PET0 PIOc_sync Exit - MemInfo: [/proc/meminfo - SSI]	Committed_AS:   13058548 kB
20220313 061624.927 INFO             PET0 PIOc_sync Exit - MemInfo: [/proc/meminfo - SSI]	CommittedPercent: 19.9346 %
20220313 061624.927 INFO             PET0 PIOc_sync Exit - MemInfo: [/proc/self/status]	VmPeak:	  529472 kB
20220313 061624.927 INFO             PET0 PIOc_sync Exit - MemInfo: [/proc/self/status]	VmSize:	  529468 kB
20220313 061624.927 INFO             PET0 PIOc_sync Exit - MemInfo: [/proc/self/status]	VmLck:	       0 kB
20220313 061624.927 INFO             PET0 PIOc_sync Exit - MemInfo: [/proc/self/status]	VmPin:	       0 kB
20220313 061624.927 INFO             PET0 PIOc_sync Exit - MemInfo: [/proc/self/status]	VmHWM:	   64892 kB
20220313 061624.927 INFO             PET0 PIOc_sync Exit - MemInfo: [/proc/self/status]	VmRSS:	   35796 kB
20220313 061624.927 INFO             PET0 PIOc_sync Exit - MemInfo: [/proc/self/status]	VmData:	   38016 kB
20220313 061624.927 INFO             PET0 PIOc_sync Exit - MemInfo: [/proc/self/status]	VmStk:	     148 kB
20220313 061624.927 INFO             PET0 PIOc_sync Exit - MemInfo: [/proc/self/status]	VmExe:	     216 kB
20220313 061624.927 INFO             PET0 PIOc_sync Exit - MemInfo: [/proc/self/status]	VmLib:	   49272 kB
20220313 061624.927 INFO             PET0 PIOc_sync Exit - MemInfo: [/proc/self/status]	VmPTE:	     776 kB
20220313 061624.927 INFO             PET0 PIOc_sync Exit - MemInfo: [/proc/self/status]	VmPMD:	      16 kB
20220313 061624.927 INFO             PET0 PIOc_sync Exit - MemInfo: [/proc/self/status]	VmSwap:	       0 kB
20220313 061624.927 INFO             PET0 PIOc_sync Exit - MemInfo: [/proc/self/status]	VmRSSPercent: 0.0546445 %
20220313 061624.927 INFO             PET0 PIOc_sync Exit - MemInfo: [malloc] Non-mmapped space allocated:                26562560 Byte
20220313 061624.927 INFO             PET0 PIOc_sync Exit - MemInfo: [malloc] Space allocated in mmapped regions:          1581056 Byte
20220313 061624.927 INFO             PET0 PIOc_sync Exit - MemInfo: [malloc] Maximum total allocated space:                     0 Byte
20220313 061624.927 INFO             PET0 PIOc_sync Exit - MemInfo: [malloc] Space in freed fastbin blocks:                  1744 Byte
20220313 061624.927 INFO             PET0 PIOc_sync Exit - MemInfo: [malloc] Total allocated space:                      21295664 Byte
20220313 061624.927 INFO             PET0 PIOc_sync Exit - MemInfo: [malloc] Total free space:                            5266896 Byte
20220313 061624.927 INFO             PET0 PIOc_sync Exit - MemInfo: [malloc] Top-most, releasable space:                   134096 Byte
20220313 061624.927 INFO             PET0 PIOc_sync Exit - MemInfo: [malloc] Total space in use, mmap + non-mmap:        22876720 Byte
20220313 061624.927 INFO             PET0 PIOc_sync Exit - MemInfo: [malloc] Total space held (mmap + non-mmap):         28143616 Byte
20220313 061624.927 INFO             PET0 PIOc_sync Exit - MemInfo: [malloc] Total space used (mmap + non-mmap):         22886048 Byte
20220313 061624.927 INFO             PET0 PIOc_sync Exit - MemInfo: Wall-clock time since execution start:               0.290741 seconds
20220313 061624.927 INFO             PET0 PIOc_freedecomp Enter - MemInfo: [/proc/meminfo - SSI]	MemTotal:       65507008 kB
20220313 061624.927 INFO             PET0 PIOc_freedecomp Enter - MemInfo: [/proc/meminfo - SSI]	MemFree:        49146140 kB
20220313 061624.927 INFO             PET0 PIOc_freedecomp Enter - MemInfo: [/proc/meminfo - SSI]	MemAvailable:   48905256 kB
20220313 061624.927 INFO             PET0 PIOc_freedecomp Enter - MemInfo: [/proc/meminfo - SSI]	Committed_AS:   13058548 kB
20220313 061624.927 INFO             PET0 PIOc_freedecomp Enter - MemInfo: [/proc/meminfo - SSI]	CommittedPercent: 19.9346 %
20220313 061624.927 INFO             PET0 PIOc_freedecomp Enter - MemInfo: [/proc/self/status]	VmPeak:	  529472 kB
20220313 061624.927 INFO             PET0 PIOc_freedecomp Enter - MemInfo: [/proc/self/status]	VmSize:	  529468 kB
20220313 061624.927 INFO             PET0 PIOc_freedecomp Enter - MemInfo: [/proc/self/status]	VmLck:	       0 kB
20220313 061624.927 INFO             PET0 PIOc_freedecomp Enter - MemInfo: [/proc/self/status]	VmPin:	       0 kB
20220313 061624.927 INFO             PET0 PIOc_freedecomp Enter - MemInfo: [/proc/self/status]	VmHWM:	   64892 kB
20220313 061624.927 INFO             PET0 PIOc_freedecomp Enter - MemInfo: [/proc/self/status]	VmRSS:	   35796 kB
20220313 061624.927 INFO             PET0 PIOc_freedecomp Enter - MemInfo: [/proc/self/status]	VmData:	   38016 kB
20220313 061624.927 INFO             PET0 PIOc_freedecomp Enter - MemInfo: [/proc/self/status]	VmStk:	     148 kB
20220313 061624.927 INFO             PET0 PIOc_freedecomp Enter - MemInfo: [/proc/self/status]	VmExe:	     216 kB
20220313 061624.927 INFO             PET0 PIOc_freedecomp Enter - MemInfo: [/proc/self/status]	VmLib:	   49272 kB
20220313 061624.927 INFO             PET0 PIOc_freedecomp Enter - MemInfo: [/proc/self/status]	VmPTE:	     776 kB
20220313 061624.927 INFO             PET0 PIOc_freedecomp Enter - MemInfo: [/proc/self/status]	VmPMD:	      16 kB
20220313 061624.927 INFO             PET0 PIOc_freedecomp Enter - MemInfo: [/proc/self/status]	VmSwap:	       0 kB
20220313 061624.927 INFO             PET0 PIOc_freedecomp Enter - MemInfo: [/proc/self/status]	VmRSSPercent: 0.0546445 %
20220313 061624.927 INFO             PET0 PIOc_freedecomp Enter - MemInfo: [malloc] Non-mmapped space allocated:                26562560 Byte
20220313 061624.927 INFO             PET0 PIOc_freedecomp Enter - MemInfo: [malloc] Space allocated in mmapped regions:          1581056 Byte
20220313 061624.927 INFO             PET0 PIOc_freedecomp Enter - MemInfo: [malloc] Maximum total allocated space:                     0 Byte
20220313 061624.927 INFO             PET0 PIOc_freedecomp Enter - MemInfo: [malloc] Space in freed fastbin blocks:                  1552 Byte
20220313 061624.927 INFO             PET0 PIOc_freedecomp Enter - MemInfo: [malloc] Total allocated space:                       3980032 Byte
20220313 061624.927 INFO             PET0 PIOc_freedecomp Enter - MemInfo: [malloc] Total free space:                           22582528 Byte
20220313 061624.927 INFO             PET0 PIOc_freedecomp Enter - MemInfo: [malloc] Top-most, releasable space:                 16911328 Byte
20220313 061624.927 INFO             PET0 PIOc_freedecomp Enter - MemInfo: [malloc] Total space in use, mmap + non-mmap:         5561088 Byte
20220313 061624.927 INFO             PET0 PIOc_freedecomp Enter - MemInfo: [malloc] Total space held (mmap + non-mmap):         28143616 Byte
20220313 061624.927 INFO             PET0 PIOc_freedecomp Enter - MemInfo: [malloc] Total space used (mmap + non-mmap):          5570416 Byte
20220313 061624.927 INFO             PET0 PIOc_freedecomp Enter - MemInfo: Wall-clock time since execution start:               0.291114 seconds
20220313 061624.927 INFO             PET0 PIOc_freedecomp Exit - MemInfo: [/proc/meminfo - SSI]	MemTotal:       65507008 kB
20220313 061624.927 INFO             PET0 PIOc_freedecomp Exit - MemInfo: [/proc/meminfo - SSI]	MemFree:        49146140 kB
20220313 061624.927 INFO             PET0 PIOc_freedecomp Exit - MemInfo: [/proc/meminfo - SSI]	MemAvailable:   48905256 kB
20220313 061624.927 INFO             PET0 PIOc_freedecomp Exit - MemInfo: [/proc/meminfo - SSI]	Committed_AS:   13058548 kB
20220313 061624.927 INFO             PET0 PIOc_freedecomp Exit - MemInfo: [/proc/meminfo - SSI]	CommittedPercent: 19.9346 %
20220313 061624.927 INFO             PET0 PIOc_freedecomp Exit - MemInfo: [/proc/self/status]	VmPeak:	  529472 kB
20220313 061624.927 INFO             PET0 PIOc_freedecomp Exit - MemInfo: [/proc/self/status]	VmSize:	  529468 kB
20220313 061624.927 INFO             PET0 PIOc_freedecomp Exit - MemInfo: [/proc/self/status]	VmLck:	       0 kB
20220313 061624.927 INFO             PET0 PIOc_freedecomp Exit - MemInfo: [/proc/self/status]	VmPin:	       0 kB
20220313 061624.927 INFO             PET0 PIOc_freedecomp Exit - MemInfo: [/proc/self/status]	VmHWM:	   64892 kB
20220313 061624.927 INFO             PET0 PIOc_freedecomp Exit - MemInfo: [/proc/self/status]	VmRSS:	   35796 kB
20220313 061624.927 INFO             PET0 PIOc_freedecomp Exit - MemInfo: [/proc/self/status]	VmData:	   38016 kB
20220313 061624.927 INFO             PET0 PIOc_freedecomp Exit - MemInfo: [/proc/self/status]	VmStk:	     148 kB
20220313 061624.927 INFO             PET0 PIOc_freedecomp Exit - MemInfo: [/proc/self/status]	VmExe:	     216 kB
20220313 061624.927 INFO             PET0 PIOc_freedecomp Exit - MemInfo: [/proc/self/status]	VmLib:	   49272 kB
20220313 061624.927 INFO             PET0 PIOc_freedecomp Exit - MemInfo: [/proc/self/status]	VmPTE:	     776 kB
20220313 061624.927 INFO             PET0 PIOc_freedecomp Exit - MemInfo: [/proc/self/status]	VmPMD:	      16 kB
20220313 061624.927 INFO             PET0 PIOc_freedecomp Exit - MemInfo: [/proc/self/status]	VmSwap:	       0 kB
20220313 061624.927 INFO             PET0 PIOc_freedecomp Exit - MemInfo: [/proc/self/status]	VmRSSPercent: 0.0546445 %
20220313 061624.927 INFO             PET0 PIOc_freedecomp Exit - MemInfo: [malloc] Non-mmapped space allocated:                26562560 Byte
20220313 061624.927 INFO             PET0 PIOc_freedecomp Exit - MemInfo: [malloc] Space allocated in mmapped regions:          1581056 Byte
20220313 061624.928 INFO             PET0 PIOc_freedecomp Exit - MemInfo: [malloc] Maximum total allocated space:                     0 Byte
20220313 061624.928 INFO             PET0 PIOc_freedecomp Exit - MemInfo: [malloc] Space in freed fastbin blocks:                  2944 Byte
20220313 061624.928 INFO             PET0 PIOc_freedecomp Exit - MemInfo: [malloc] Total allocated space:                       3973264 Byte
20220313 061624.928 INFO             PET0 PIOc_freedecomp Exit - MemInfo: [malloc] Total free space:                           22589296 Byte
20220313 061624.928 INFO             PET0 PIOc_freedecomp Exit - MemInfo: [malloc] Top-most, releasable space:                 16911328 Byte
20220313 061624.928 INFO             PET0 PIOc_freedecomp Exit - MemInfo: [malloc] Total space in use, mmap + non-mmap:         5554320 Byte
20220313 061624.928 INFO             PET0 PIOc_freedecomp Exit - MemInfo: [malloc] Total space held (mmap + non-mmap):         28143616 Byte
20220313 061624.928 INFO             PET0 PIOc_freedecomp Exit - MemInfo: [malloc] Total space used (mmap + non-mmap):          5563648 Byte
20220313 061624.928 INFO             PET0 PIOc_freedecomp Exit - MemInfo: Wall-clock time since execution start:                0.29145 seconds
20220313 061624.928 INFO             PET0 PIOc_sync Enter - MemInfo: [/proc/meminfo - SSI]	MemTotal:       65507008 kB
20220313 061624.928 INFO             PET0 PIOc_sync Enter - MemInfo: [/proc/meminfo - SSI]	MemFree:        49146140 kB
20220313 061624.928 INFO             PET0 PIOc_sync Enter - MemInfo: [/proc/meminfo - SSI]	MemAvailable:   48905256 kB
20220313 061624.928 INFO             PET0 PIOc_sync Enter - MemInfo: [/proc/meminfo - SSI]	Committed_AS:   13058548 kB
20220313 061624.928 INFO             PET0 PIOc_sync Enter - MemInfo: [/proc/meminfo - SSI]	CommittedPercent: 19.9346 %
20220313 061624.928 INFO             PET0 PIOc_sync Enter - MemInfo: [/proc/self/status]	VmPeak:	  537656 kB
20220313 061624.928 INFO             PET0 PIOc_sync Enter - MemInfo: [/proc/self/status]	VmSize:	  529468 kB
20220313 061624.928 INFO             PET0 PIOc_sync Enter - MemInfo: [/proc/self/status]	VmLck:	       0 kB
20220313 061624.929 INFO             PET0 PIOc_sync Enter - MemInfo: [/proc/self/status]	VmPin:	       0 kB
20220313 061624.929 INFO             PET0 PIOc_sync Enter - MemInfo: [/proc/self/status]	VmHWM:	   64892 kB
20220313 061624.929 INFO             PET0 PIOc_sync Enter - MemInfo: [/proc/self/status]	VmRSS:	   35796 kB
20220313 061624.929 INFO             PET0 PIOc_sync Enter - MemInfo: [/proc/self/status]	VmData:	   38016 kB
20220313 061624.929 INFO             PET0 PIOc_sync Enter - MemInfo: [/proc/self/status]	VmStk:	     148 kB
20220313 061624.929 INFO             PET0 PIOc_sync Enter - MemInfo: [/proc/self/status]	VmExe:	     216 kB
20220313 061624.929 INFO             PET0 PIOc_sync Enter - MemInfo: [/proc/self/status]	VmLib:	   49272 kB
20220313 061624.929 INFO             PET0 PIOc_sync Enter - MemInfo: [/proc/self/status]	VmPTE:	     776 kB
20220313 061624.929 INFO             PET0 PIOc_sync Enter - MemInfo: [/proc/self/status]	VmPMD:	      16 kB
20220313 061624.929 INFO             PET0 PIOc_sync Enter - MemInfo: [/proc/self/status]	VmSwap:	       0 kB
20220313 061624.929 INFO             PET0 PIOc_sync Enter - MemInfo: [/proc/self/status]	VmRSSPercent: 0.0546445 %
20220313 061624.929 INFO             PET0 PIOc_sync Enter - MemInfo: [malloc] Non-mmapped space allocated:                26562560 Byte
20220313 061624.929 INFO             PET0 PIOc_sync Enter - MemInfo: [malloc] Space allocated in mmapped regions:          1581056 Byte
20220313 061624.929 INFO             PET0 PIOc_sync Enter - MemInfo: [malloc] Maximum total allocated space:                     0 Byte
20220313 061624.929 INFO             PET0 PIOc_sync Enter - MemInfo: [malloc] Space in freed fastbin blocks:                  2528 Byte
20220313 061624.929 INFO             PET0 PIOc_sync Enter - MemInfo: [malloc] Total allocated space:                      21291584 Byte
20220313 061624.929 INFO             PET0 PIOc_sync Enter - MemInfo: [malloc] Total free space:                            5270976 Byte
20220313 061624.929 INFO             PET0 PIOc_sync Enter - MemInfo: [malloc] Top-most, releasable space:                   134096 Byte
20220313 061624.929 INFO             PET0 PIOc_sync Enter - MemInfo: [malloc] Total space in use, mmap + non-mmap:        22872640 Byte
20220313 061624.929 INFO             PET0 PIOc_sync Enter - MemInfo: [malloc] Total space held (mmap + non-mmap):         28143616 Byte
20220313 061624.929 INFO             PET0 PIOc_sync Enter - MemInfo: [malloc] Total space used (mmap + non-mmap):         22881968 Byte
20220313 061624.929 INFO             PET0 PIOc_sync Enter - MemInfo: Wall-clock time since execution start:               0.292575 seconds
20220313 061624.929 INFO             PET0 PIOc_sync Exit - MemInfo: [/proc/meminfo - SSI]	MemTotal:       65507008 kB
20220313 061624.929 INFO             PET0 PIOc_sync Exit - MemInfo: [/proc/meminfo - SSI]	MemFree:        49146140 kB
20220313 061624.929 INFO             PET0 PIOc_sync Exit - MemInfo: [/proc/meminfo - SSI]	MemAvailable:   48905256 kB
20220313 061624.929 INFO             PET0 PIOc_sync Exit - MemInfo: [/proc/meminfo - SSI]	Committed_AS:   13058548 kB
20220313 061624.929 INFO             PET0 PIOc_sync Exit - MemInfo: [/proc/meminfo - SSI]	CommittedPercent: 19.9346 %
20220313 061624.929 INFO             PET0 PIOc_sync Exit - MemInfo: [/proc/self/status]	VmPeak:	  537656 kB
20220313 061624.929 INFO             PET0 PIOc_sync Exit - MemInfo: [/proc/self/status]	VmSize:	  529468 kB
20220313 061624.929 INFO             PET0 PIOc_sync Exit - MemInfo: [/proc/self/status]	VmLck:	       0 kB
20220313 061624.929 INFO             PET0 PIOc_sync Exit - MemInfo: [/proc/self/status]	VmPin:	       0 kB
20220313 061624.929 INFO             PET0 PIOc_sync Exit - MemInfo: [/proc/self/status]	VmHWM:	   64892 kB
20220313 061624.929 INFO             PET0 PIOc_sync Exit - MemInfo: [/proc/self/status]	VmRSS:	   35796 kB
20220313 061624.929 INFO             PET0 PIOc_sync Exit - MemInfo: [/proc/self/status]	VmData:	   38016 kB
20220313 061624.929 INFO             PET0 PIOc_sync Exit - MemInfo: [/proc/self/status]	VmStk:	     148 kB
20220313 061624.929 INFO             PET0 PIOc_sync Exit - MemInfo: [/proc/self/status]	VmExe:	     216 kB
20220313 061624.929 INFO             PET0 PIOc_sync Exit - MemInfo: [/proc/self/status]	VmLib:	   49272 kB
20220313 061624.929 INFO             PET0 PIOc_sync Exit - MemInfo: [/proc/self/status]	VmPTE:	     776 kB
20220313 061624.929 INFO             PET0 PIOc_sync Exit - MemInfo: [/proc/self/status]	VmPMD:	      16 kB
20220313 061624.929 INFO             PET0 PIOc_sync Exit - MemInfo: [/proc/self/status]	VmSwap:	       0 kB
20220313 061624.929 INFO             PET0 PIOc_sync Exit - MemInfo: [/proc/self/status]	VmRSSPercent: 0.0546445 %
20220313 061624.929 INFO             PET0 PIOc_sync Exit - MemInfo: [malloc] Non-mmapped space allocated:                26562560 Byte
20220313 061624.929 INFO             PET0 PIOc_sync Exit - MemInfo: [malloc] Space allocated in mmapped regions:          1581056 Byte
20220313 061624.929 INFO             PET0 PIOc_sync Exit - MemInfo: [malloc] Maximum total allocated space:                     0 Byte
20220313 061624.929 INFO             PET0 PIOc_sync Exit - MemInfo: [malloc] Space in freed fastbin blocks:                  1840 Byte
20220313 061624.929 INFO             PET0 PIOc_sync Exit - MemInfo: [malloc] Total allocated space:                      21296352 Byte
20220313 061624.929 INFO             PET0 PIOc_sync Exit - MemInfo: [malloc] Total free space:                            5266208 Byte
20220313 061624.929 INFO             PET0 PIOc_sync Exit - MemInfo: [malloc] Top-most, releasable space:                   134096 Byte
20220313 061624.929 INFO             PET0 PIOc_sync Exit - MemInfo: [malloc] Total space in use, mmap + non-mmap:        22877408 Byte
20220313 061624.929 INFO             PET0 PIOc_sync Exit - MemInfo: [malloc] Total space held (mmap + non-mmap):         28143616 Byte
20220313 061624.929 INFO             PET0 PIOc_sync Exit - MemInfo: [malloc] Total space used (mmap + non-mmap):         22886736 Byte
20220313 061624.929 INFO             PET0 PIOc_sync Exit - MemInfo: Wall-clock time since execution start:               0.292973 seconds
20220313 061624.929 INFO             PET0 PIOc_freedecomp Enter - MemInfo: [/proc/meminfo - SSI]	MemTotal:       65507008 kB
20220313 061624.929 INFO             PET0 PIOc_freedecomp Enter - MemInfo: [/proc/meminfo - SSI]	MemFree:        49146140 kB
20220313 061624.929 INFO             PET0 PIOc_freedecomp Enter - MemInfo: [/proc/meminfo - SSI]	MemAvailable:   48905256 kB
20220313 061624.929 INFO             PET0 PIOc_freedecomp Enter - MemInfo: [/proc/meminfo - SSI]	Committed_AS:   13058548 kB
20220313 061624.929 INFO             PET0 PIOc_freedecomp Enter - MemInfo: [/proc/meminfo - SSI]	CommittedPercent: 19.9346 %
20220313 061624.929 INFO             PET0 PIOc_freedecomp Enter - MemInfo: [/proc/self/status]	VmPeak:	  537656 kB
20220313 061624.929 INFO             PET0 PIOc_freedecomp Enter - MemInfo: [/proc/self/status]	VmSize:	  529468 kB
20220313 061624.929 INFO             PET0 PIOc_freedecomp Enter - MemInfo: [/proc/self/status]	VmLck:	       0 kB
20220313 061624.929 INFO             PET0 PIOc_freedecomp Enter - MemInfo: [/proc/self/status]	VmPin:	       0 kB
20220313 061624.929 INFO             PET0 PIOc_freedecomp Enter - MemInfo: [/proc/self/status]	VmHWM:	   64892 kB
20220313 061624.929 INFO             PET0 PIOc_freedecomp Enter - MemInfo: [/proc/self/status]	VmRSS:	   35796 kB
20220313 061624.929 INFO             PET0 PIOc_freedecomp Enter - MemInfo: [/proc/self/status]	VmData:	   38016 kB
20220313 061624.929 INFO             PET0 PIOc_freedecomp Enter - MemInfo: [/proc/self/status]	VmStk:	     148 kB
20220313 061624.929 INFO             PET0 PIOc_freedecomp Enter - MemInfo: [/proc/self/status]	VmExe:	     216 kB
20220313 061624.929 INFO             PET0 PIOc_freedecomp Enter - MemInfo: [/proc/self/status]	VmLib:	   49272 kB
20220313 061624.929 INFO             PET0 PIOc_freedecomp Enter - MemInfo: [/proc/self/status]	VmPTE:	     776 kB
20220313 061624.929 INFO             PET0 PIOc_freedecomp Enter - MemInfo: [/proc/self/status]	VmPMD:	      16 kB
20220313 061624.929 INFO             PET0 PIOc_freedecomp Enter - MemInfo: [/proc/self/status]	VmSwap:	       0 kB
20220313 061624.929 INFO             PET0 PIOc_freedecomp Enter - MemInfo: [/proc/self/status]	VmRSSPercent: 0.0546445 %
20220313 061624.929 INFO             PET0 PIOc_freedecomp Enter - MemInfo: [malloc] Non-mmapped space allocated:                26562560 Byte
20220313 061624.929 INFO             PET0 PIOc_freedecomp Enter - MemInfo: [malloc] Space allocated in mmapped regions:          1581056 Byte
20220313 061624.929 INFO             PET0 PIOc_freedecomp Enter - MemInfo: [malloc] Maximum total allocated space:                     0 Byte
20220313 061624.929 INFO             PET0 PIOc_freedecomp Enter - MemInfo: [malloc] Space in freed fastbin blocks:                  1776 Byte
20220313 061624.929 INFO             PET0 PIOc_freedecomp Enter - MemInfo: [malloc] Total allocated space:                       3980016 Byte
20220313 061624.929 INFO             PET0 PIOc_freedecomp Enter - MemInfo: [malloc] Total free space:                           22582544 Byte
20220313 061624.929 INFO             PET0 PIOc_freedecomp Enter - MemInfo: [malloc] Top-most, releasable space:                 16911328 Byte
20220313 061624.929 INFO             PET0 PIOc_freedecomp Enter - MemInfo: [malloc] Total space in use, mmap + non-mmap:         5561072 Byte
20220313 061624.929 INFO             PET0 PIOc_freedecomp Enter - MemInfo: [malloc] Total space held (mmap + non-mmap):         28143616 Byte
20220313 061624.929 INFO             PET0 PIOc_freedecomp Enter - MemInfo: [malloc] Total space used (mmap + non-mmap):          5570400 Byte
20220313 061624.929 INFO             PET0 PIOc_freedecomp Enter - MemInfo: Wall-clock time since execution start:               0.293349 seconds
20220313 061624.930 INFO             PET0 PIOc_freedecomp Exit - MemInfo: [/proc/meminfo - SSI]	MemTotal:       65507008 kB
20220313 061624.930 INFO             PET0 PIOc_freedecomp Exit - MemInfo: [/proc/meminfo - SSI]	MemFree:        49146140 kB
20220313 061624.930 INFO             PET0 PIOc_freedecomp Exit - MemInfo: [/proc/meminfo - SSI]	MemAvailable:   48905256 kB
20220313 061624.930 INFO             PET0 PIOc_freedecomp Exit - MemInfo: [/proc/meminfo - SSI]	Committed_AS:   13058548 kB
20220313 061624.930 INFO             PET0 PIOc_freedecomp Exit - MemInfo: [/proc/meminfo - SSI]	CommittedPercent: 19.9346 %
20220313 061624.930 INFO             PET0 PIOc_freedecomp Exit - MemInfo: [/proc/self/status]	VmPeak:	  537656 kB
20220313 061624.930 INFO             PET0 PIOc_freedecomp Exit - MemInfo: [/proc/self/status]	VmSize:	  529468 kB
20220313 061624.930 INFO             PET0 PIOc_freedecomp Exit - MemInfo: [/proc/self/status]	VmLck:	       0 kB
20220313 061624.930 INFO             PET0 PIOc_freedecomp Exit - MemInfo: [/proc/self/status]	VmPin:	       0 kB
20220313 061624.930 INFO             PET0 PIOc_freedecomp Exit - MemInfo: [/proc/self/status]	VmHWM:	   64892 kB
20220313 061624.930 INFO             PET0 PIOc_freedecomp Exit - MemInfo: [/proc/self/status]	VmRSS:	   35796 kB
20220313 061624.930 INFO             PET0 PIOc_freedecomp Exit - MemInfo: [/proc/self/status]	VmData:	   38016 kB
20220313 061624.930 INFO             PET0 PIOc_freedecomp Exit - MemInfo: [/proc/self/status]	VmStk:	     148 kB
20220313 061624.930 INFO             PET0 PIOc_freedecomp Exit - MemInfo: [/proc/self/status]	VmExe:	     216 kB
20220313 061624.930 INFO             PET0 PIOc_freedecomp Exit - MemInfo: [/proc/self/status]	VmLib:	   49272 kB
20220313 061624.930 INFO             PET0 PIOc_freedecomp Exit - MemInfo: [/proc/self/status]	VmPTE:	     776 kB
20220313 061624.930 INFO             PET0 PIOc_freedecomp Exit - MemInfo: [/proc/self/status]	VmPMD:	      16 kB
20220313 061624.930 INFO             PET0 PIOc_freedecomp Exit - MemInfo: [/proc/self/status]	VmSwap:	       0 kB
20220313 061624.930 INFO             PET0 PIOc_freedecomp Exit - MemInfo: [/proc/self/status]	VmRSSPercent: 0.0546445 %
20220313 061624.930 INFO             PET0 PIOc_freedecomp Exit - MemInfo: [malloc] Non-mmapped space allocated:                26562560 Byte
20220313 061624.930 INFO             PET0 PIOc_freedecomp Exit - MemInfo: [malloc] Space allocated in mmapped regions:          1581056 Byte
20220313 061624.930 INFO             PET0 PIOc_freedecomp Exit - MemInfo: [malloc] Maximum total allocated space:                     0 Byte
20220313 061624.930 INFO             PET0 PIOc_freedecomp Exit - MemInfo: [malloc] Space in freed fastbin blocks:                  2704 Byte
20220313 061624.930 INFO             PET0 PIOc_freedecomp Exit - MemInfo: [malloc] Total allocated space:                       3973232 Byte
20220313 061624.930 INFO             PET0 PIOc_freedecomp Exit - MemInfo: [malloc] Total free space:                           22589328 Byte
20220313 061624.930 INFO             PET0 PIOc_freedecomp Exit - MemInfo: [malloc] Top-most, releasable space:                 16911328 Byte
20220313 061624.930 INFO             PET0 PIOc_freedecomp Exit - MemInfo: [malloc] Total space in use, mmap + non-mmap:         5554288 Byte
20220313 061624.930 INFO             PET0 PIOc_freedecomp Exit - MemInfo: [malloc] Total space held (mmap + non-mmap):         28143616 Byte
20220313 061624.930 INFO             PET0 PIOc_freedecomp Exit - MemInfo: [malloc] Total space used (mmap + non-mmap):          5563616 Byte
20220313 061624.930 INFO             PET0 PIOc_freedecomp Exit - MemInfo: Wall-clock time since execution start:               0.293688 seconds
20220313 061624.931 INFO             PET0 PIOc_sync Enter - MemInfo: [/proc/meminfo - SSI]	MemTotal:       65507008 kB
20220313 061624.931 INFO             PET0 PIOc_sync Enter - MemInfo: [/proc/meminfo - SSI]	MemFree:        49146140 kB
20220313 061624.931 INFO             PET0 PIOc_sync Enter - MemInfo: [/proc/meminfo - SSI]	MemAvailable:   48905256 kB
20220313 061624.931 INFO             PET0 PIOc_sync Enter - MemInfo: [/proc/meminfo - SSI]	Committed_AS:   13058548 kB
20220313 061624.931 INFO             PET0 PIOc_sync Enter - MemInfo: [/proc/meminfo - SSI]	CommittedPercent: 19.9346 %
20220313 061624.931 INFO             PET0 PIOc_sync Enter - MemInfo: [/proc/self/status]	VmPeak:	  537656 kB
20220313 061624.931 INFO             PET0 PIOc_sync Enter - MemInfo: [/proc/self/status]	VmSize:	  529468 kB
20220313 061624.931 INFO             PET0 PIOc_sync Enter - MemInfo: [/proc/self/status]	VmLck:	       0 kB
20220313 061624.931 INFO             PET0 PIOc_sync Enter - MemInfo: [/proc/self/status]	VmPin:	       0 kB
20220313 061624.931 INFO             PET0 PIOc_sync Enter - MemInfo: [/proc/self/status]	VmHWM:	   64892 kB
20220313 061624.931 INFO             PET0 PIOc_sync Enter - MemInfo: [/proc/self/status]	VmRSS:	   35796 kB
20220313 061624.931 INFO             PET0 PIOc_sync Enter - MemInfo: [/proc/self/status]	VmData:	   38016 kB
20220313 061624.931 INFO             PET0 PIOc_sync Enter - MemInfo: [/proc/self/status]	VmStk:	     148 kB
20220313 061624.931 INFO             PET0 PIOc_sync Enter - MemInfo: [/proc/self/status]	VmExe:	     216 kB
20220313 061624.931 INFO             PET0 PIOc_sync Enter - MemInfo: [/proc/self/status]	VmLib:	   49272 kB
20220313 061624.931 INFO             PET0 PIOc_sync Enter - MemInfo: [/proc/self/status]	VmPTE:	     776 kB
20220313 061624.931 INFO             PET0 PIOc_sync Enter - MemInfo: [/proc/self/status]	VmPMD:	      16 kB
20220313 061624.931 INFO             PET0 PIOc_sync Enter - MemInfo: [/proc/self/status]	VmSwap:	       0 kB
20220313 061624.931 INFO             PET0 PIOc_sync Enter - MemInfo: [/proc/self/status]	VmRSSPercent: 0.0546445 %
20220313 061624.931 INFO             PET0 PIOc_sync Enter - MemInfo: [malloc] Non-mmapped space allocated:                26562560 Byte
20220313 061624.931 INFO             PET0 PIOc_sync Enter - MemInfo: [malloc] Space allocated in mmapped regions:          1581056 Byte
20220313 061624.931 INFO             PET0 PIOc_sync Enter - MemInfo: [malloc] Maximum total allocated space:                     0 Byte
20220313 061624.931 INFO             PET0 PIOc_sync Enter - MemInfo: [malloc] Space in freed fastbin blocks:                  2992 Byte
20220313 061624.931 INFO             PET0 PIOc_sync Enter - MemInfo: [malloc] Total allocated space:                      21292368 Byte
20220313 061624.931 INFO             PET0 PIOc_sync Enter - MemInfo: [malloc] Total free space:                            5270192 Byte
20220313 061624.931 INFO             PET0 PIOc_sync Enter - MemInfo: [malloc] Top-most, releasable space:                   134096 Byte
20220313 061624.931 INFO             PET0 PIOc_sync Enter - MemInfo: [malloc] Total space in use, mmap + non-mmap:        22873424 Byte
20220313 061624.931 INFO             PET0 PIOc_sync Enter - MemInfo: [malloc] Total space held (mmap + non-mmap):         28143616 Byte
20220313 061624.931 INFO             PET0 PIOc_sync Enter - MemInfo: [malloc] Total space used (mmap + non-mmap):         22882752 Byte
20220313 061624.931 INFO             PET0 PIOc_sync Enter - MemInfo: Wall-clock time since execution start:               0.294841 seconds
20220313 061624.931 INFO             PET0 PIOc_sync Exit - MemInfo: [/proc/meminfo - SSI]	MemTotal:       65507008 kB
20220313 061624.931 INFO             PET0 PIOc_sync Exit - MemInfo: [/proc/meminfo - SSI]	MemFree:        49146140 kB
20220313 061624.931 INFO             PET0 PIOc_sync Exit - MemInfo: [/proc/meminfo - SSI]	MemAvailable:   48905256 kB
20220313 061624.931 INFO             PET0 PIOc_sync Exit - MemInfo: [/proc/meminfo - SSI]	Committed_AS:   13058548 kB
20220313 061624.931 INFO             PET0 PIOc_sync Exit - MemInfo: [/proc/meminfo - SSI]	CommittedPercent: 19.9346 %
20220313 061624.931 INFO             PET0 PIOc_sync Exit - MemInfo: [/proc/self/status]	VmPeak:	  537656 kB
20220313 061624.931 INFO             PET0 PIOc_sync Exit - MemInfo: [/proc/self/status]	VmSize:	  529468 kB
20220313 061624.931 INFO             PET0 PIOc_sync Exit - MemInfo: [/proc/self/status]	VmLck:	       0 kB
20220313 061624.931 INFO             PET0 PIOc_sync Exit - MemInfo: [/proc/self/status]	VmPin:	       0 kB
20220313 061624.931 INFO             PET0 PIOc_sync Exit - MemInfo: [/proc/self/status]	VmHWM:	   64892 kB
20220313 061624.931 INFO             PET0 PIOc_sync Exit - MemInfo: [/proc/self/status]	VmRSS:	   35796 kB
20220313 061624.931 INFO             PET0 PIOc_sync Exit - MemInfo: [/proc/self/status]	VmData:	   38016 kB
20220313 061624.931 INFO             PET0 PIOc_sync Exit - MemInfo: [/proc/self/status]	VmStk:	     148 kB
20220313 061624.931 INFO             PET0 PIOc_sync Exit - MemInfo: [/proc/self/status]	VmExe:	     216 kB
20220313 061624.931 INFO             PET0 PIOc_sync Exit - MemInfo: [/proc/self/status]	VmLib:	   49272 kB
20220313 061624.931 INFO             PET0 PIOc_sync Exit - MemInfo: [/proc/self/status]	VmPTE:	     776 kB
20220313 061624.931 INFO             PET0 PIOc_sync Exit - MemInfo: [/proc/self/status]	VmPMD:	      16 kB
20220313 061624.931 INFO             PET0 PIOc_sync Exit - MemInfo: [/proc/self/status]	VmSwap:	       0 kB
20220313 061624.931 INFO             PET0 PIOc_sync Exit - MemInfo: [/proc/self/status]	VmRSSPercent: 0.0546445 %
20220313 061624.931 INFO             PET0 PIOc_sync Exit - MemInfo: [malloc] Non-mmapped space allocated:                26562560 Byte
20220313 061624.931 INFO             PET0 PIOc_sync Exit - MemInfo: [malloc] Space allocated in mmapped regions:          1581056 Byte
20220313 061624.931 INFO             PET0 PIOc_sync Exit - MemInfo: [malloc] Maximum total allocated space:                     0 Byte
20220313 061624.931 INFO             PET0 PIOc_sync Exit - MemInfo: [malloc] Space in freed fastbin blocks:                  1744 Byte
20220313 061624.931 INFO             PET0 PIOc_sync Exit - MemInfo: [malloc] Total allocated space:                      21297152 Byte
20220313 061624.931 INFO             PET0 PIOc_sync Exit - MemInfo: [malloc] Total free space:                            5265408 Byte
20220313 061624.931 INFO             PET0 PIOc_sync Exit - MemInfo: [malloc] Top-most, releasable space:                   134096 Byte
20220313 061624.931 INFO             PET0 PIOc_sync Exit - MemInfo: [malloc] Total space in use, mmap + non-mmap:        22878208 Byte
20220313 061624.931 INFO             PET0 PIOc_sync Exit - MemInfo: [malloc] Total space held (mmap + non-mmap):         28143616 Byte
20220313 061624.931 INFO             PET0 PIOc_sync Exit - MemInfo: [malloc] Total space used (mmap + non-mmap):         22887536 Byte
20220313 061624.931 INFO             PET0 PIOc_sync Exit - MemInfo: Wall-clock time since execution start:               0.295237 seconds
20220313 061624.931 INFO             PET0 PIOc_freedecomp Enter - MemInfo: [/proc/meminfo - SSI]	MemTotal:       65507008 kB
20220313 061624.931 INFO             PET0 PIOc_freedecomp Enter - MemInfo: [/proc/meminfo - SSI]	MemFree:        49146140 kB
20220313 061624.931 INFO             PET0 PIOc_freedecomp Enter - MemInfo: [/proc/meminfo - SSI]	MemAvailable:   48905256 kB
20220313 061624.931 INFO             PET0 PIOc_freedecomp Enter - MemInfo: [/proc/meminfo - SSI]	Committed_AS:   13058548 kB
20220313 061624.931 INFO             PET0 PIOc_freedecomp Enter - MemInfo: [/proc/meminfo - SSI]	CommittedPercent: 19.9346 %
20220313 061624.932 INFO             PET0 PIOc_freedecomp Enter - MemInfo: [/proc/self/status]	VmPeak:	  537656 kB
20220313 061624.932 INFO             PET0 PIOc_freedecomp Enter - MemInfo: [/proc/self/status]	VmSize:	  529468 kB
20220313 061624.932 INFO             PET0 PIOc_freedecomp Enter - MemInfo: [/proc/self/status]	VmLck:	       0 kB
20220313 061624.932 INFO             PET0 PIOc_freedecomp Enter - MemInfo: [/proc/self/status]	VmPin:	       0 kB
20220313 061624.932 INFO             PET0 PIOc_freedecomp Enter - MemInfo: [/proc/self/status]	VmHWM:	   64892 kB
20220313 061624.932 INFO             PET0 PIOc_freedecomp Enter - MemInfo: [/proc/self/status]	VmRSS:	   35796 kB
20220313 061624.932 INFO             PET0 PIOc_freedecomp Enter - MemInfo: [/proc/self/status]	VmData:	   38016 kB
20220313 061624.932 INFO             PET0 PIOc_freedecomp Enter - MemInfo: [/proc/self/status]	VmStk:	     148 kB
20220313 061624.932 INFO             PET0 PIOc_freedecomp Enter - MemInfo: [/proc/self/status]	VmExe:	     216 kB
20220313 061624.932 INFO             PET0 PIOc_freedecomp Enter - MemInfo: [/proc/self/status]	VmLib:	   49272 kB
20220313 061624.932 INFO             PET0 PIOc_freedecomp Enter - MemInfo: [/proc/self/status]	VmPTE:	     776 kB
20220313 061624.932 INFO             PET0 PIOc_freedecomp Enter - MemInfo: [/proc/self/status]	VmPMD:	      16 kB
20220313 061624.932 INFO             PET0 PIOc_freedecomp Enter - MemInfo: [/proc/self/status]	VmSwap:	       0 kB
20220313 061624.932 INFO             PET0 PIOc_freedecomp Enter - MemInfo: [/proc/self/status]	VmRSSPercent: 0.0546445 %
20220313 061624.932 INFO             PET0 PIOc_freedecomp Enter - MemInfo: [malloc] Non-mmapped space allocated:                26562560 Byte
20220313 061624.932 INFO             PET0 PIOc_freedecomp Enter - MemInfo: [malloc] Space allocated in mmapped regions:          1581056 Byte
20220313 061624.932 INFO             PET0 PIOc_freedecomp Enter - MemInfo: [malloc] Maximum total allocated space:                     0 Byte
20220313 061624.932 INFO             PET0 PIOc_freedecomp Enter - MemInfo: [malloc] Space in freed fastbin blocks:                  1664 Byte
20220313 061624.932 INFO             PET0 PIOc_freedecomp Enter - MemInfo: [malloc] Total allocated space:                       3980032 Byte
20220313 061624.932 INFO             PET0 PIOc_freedecomp Enter - MemInfo: [malloc] Total free space:                           22582528 Byte
20220313 061624.932 INFO             PET0 PIOc_freedecomp Enter - MemInfo: [malloc] Top-most, releasable space:                 16911328 Byte
20220313 061624.932 INFO             PET0 PIOc_freedecomp Enter - MemInfo: [malloc] Total space in use, mmap + non-mmap:         5561088 Byte
20220313 061624.932 INFO             PET0 PIOc_freedecomp Enter - MemInfo: [malloc] Total space held (mmap + non-mmap):         28143616 Byte
20220313 061624.932 INFO             PET0 PIOc_freedecomp Enter - MemInfo: [malloc] Total space used (mmap + non-mmap):          5570416 Byte
20220313 061624.932 INFO             PET0 PIOc_freedecomp Enter - MemInfo: Wall-clock time since execution start:               0.295608 seconds
20220313 061624.932 INFO             PET0 PIOc_freedecomp Exit - MemInfo: [/proc/meminfo - SSI]	MemTotal:       65507008 kB
20220313 061624.932 INFO             PET0 PIOc_freedecomp Exit - MemInfo: [/proc/meminfo - SSI]	MemFree:        49146140 kB
20220313 061624.932 INFO             PET0 PIOc_freedecomp Exit - MemInfo: [/proc/meminfo - SSI]	MemAvailable:   48905256 kB
20220313 061624.932 INFO             PET0 PIOc_freedecomp Exit - MemInfo: [/proc/meminfo - SSI]	Committed_AS:   13058548 kB
20220313 061624.932 INFO             PET0 PIOc_freedecomp Exit - MemInfo: [/proc/meminfo - SSI]	CommittedPercent: 19.9346 %
20220313 061624.932 INFO             PET0 PIOc_freedecomp Exit - MemInfo: [/proc/self/status]	VmPeak:	  537656 kB
20220313 061624.932 INFO             PET0 PIOc_freedecomp Exit - MemInfo: [/proc/self/status]	VmSize:	  529468 kB
20220313 061624.932 INFO             PET0 PIOc_freedecomp Exit - MemInfo: [/proc/self/status]	VmLck:	       0 kB
20220313 061624.932 INFO             PET0 PIOc_freedecomp Exit - MemInfo: [/proc/self/status]	VmPin:	       0 kB
20220313 061624.932 INFO             PET0 PIOc_freedecomp Exit - MemInfo: [/proc/self/status]	VmHWM:	   64892 kB
20220313 061624.932 INFO             PET0 PIOc_freedecomp Exit - MemInfo: [/proc/self/status]	VmRSS:	   35796 kB
20220313 061624.932 INFO             PET0 PIOc_freedecomp Exit - MemInfo: [/proc/self/status]	VmData:	   38016 kB
20220313 061624.932 INFO             PET0 PIOc_freedecomp Exit - MemInfo: [/proc/self/status]	VmStk:	     148 kB
20220313 061624.932 INFO             PET0 PIOc_freedecomp Exit - MemInfo: [/proc/self/status]	VmExe:	     216 kB
20220313 061624.932 INFO             PET0 PIOc_freedecomp Exit - MemInfo: [/proc/self/status]	VmLib:	   49272 kB
20220313 061624.932 INFO             PET0 PIOc_freedecomp Exit - MemInfo: [/proc/self/status]	VmPTE:	     776 kB
20220313 061624.932 INFO             PET0 PIOc_freedecomp Exit - MemInfo: [/proc/self/status]	VmPMD:	      16 kB
20220313 061624.932 INFO             PET0 PIOc_freedecomp Exit - MemInfo: [/proc/self/status]	VmSwap:	       0 kB
20220313 061624.932 INFO             PET0 PIOc_freedecomp Exit - MemInfo: [/proc/self/status]	VmRSSPercent: 0.0546445 %
20220313 061624.932 INFO             PET0 PIOc_freedecomp Exit - MemInfo: [malloc] Non-mmapped space allocated:                26562560 Byte
20220313 061624.932 INFO             PET0 PIOc_freedecomp Exit - MemInfo: [malloc] Space allocated in mmapped regions:          1581056 Byte
20220313 061624.932 INFO             PET0 PIOc_freedecomp Exit - MemInfo: [malloc] Maximum total allocated space:                     0 Byte
20220313 061624.932 INFO             PET0 PIOc_freedecomp Exit - MemInfo: [malloc] Space in freed fastbin blocks:                  3232 Byte
20220313 061624.932 INFO             PET0 PIOc_freedecomp Exit - MemInfo: [malloc] Total allocated space:                       3973232 Byte
20220313 061624.932 INFO             PET0 PIOc_freedecomp Exit - MemInfo: [malloc] Total free space:                           22589328 Byte
20220313 061624.932 INFO             PET0 PIOc_freedecomp Exit - MemInfo: [malloc] Top-most, releasable space:                 16911328 Byte
20220313 061624.932 INFO             PET0 PIOc_freedecomp Exit - MemInfo: [malloc] Total space in use, mmap + non-mmap:         5554288 Byte
20220313 061624.932 INFO             PET0 PIOc_freedecomp Exit - MemInfo: [malloc] Total space held (mmap + non-mmap):         28143616 Byte
20220313 061624.932 INFO             PET0 PIOc_freedecomp Exit - MemInfo: [malloc] Total space used (mmap + non-mmap):          5563616 Byte
20220313 061624.932 INFO             PET0 PIOc_freedecomp Exit - MemInfo: Wall-clock time since execution start:               0.295955 seconds
20220313 061624.934 INFO             PET0  PASS  Test RouteHandleDestroy(), ESMF_RouteHandleAdvancedUTest.F90, line 633
20220313 061624.934 INFO             PET0  PASS  Apply the copied Routehandle, ESMF_RouteHandleAdvancedUTest.F90, line 643
20220313 061624.934 INFO             PET0  PASS  Test RouteHandleDestroy() for the copied Routehandle, ESMF_RouteHandleAdvancedUTest.F90, line 651
20220313 061624.934 INFO             PET0  PASS  Test ESMF_DynamicMaskSetR4R4R4(), ESMF_RouteHandleAdvancedUTest.F90, line 716
20220313 061624.934 INFO             PET0  PASS  Test ESMF_DynamicMaskSetR4R4R4V(), ESMF_RouteHandleAdvancedUTest.F90, line 725
20220313 061624.934 INFO             PET0  PASS  Test ESMF_DynamicMaskSetR4R8R4V(), ESMF_RouteHandleAdvancedUTest.F90, line 734
20220313 061624.934 INFO             PET0  Ending Test, file ESMF_RouteHandleAdvancedUTest.F90, line 749
20220313 061624.934 INFO             PET0 Finalizing ESMF
20220313 061624.637 INFO             PET1 !!!!!!!!!!!!!!!!!!!!!!!!!!!!!!!!!!!!!!!!!!!!!!!!!!!!!!
20220313 061624.637 INFO             PET1 !!! THE ESMF_LOG IS SET TO OUTPUT ALL LOG MESSAGES !!!
20220313 061624.637 INFO             PET1 !!!     THIS MAY CAUSE SLOWDOWN IN PERFORMANCE     !!!
20220313 061624.637 INFO             PET1 !!! FOR PRODUCTION RUNS, USE:                      !!!
20220313 061624.637 INFO             PET1 !!!                   ESMF_LOGKIND_Multi_On_Error  !!!
20220313 061624.637 INFO             PET1 !!!!!!!!!!!!!!!!!!!!!!!!!!!!!!!!!!!!!!!!!!!!!!!!!!!!!!
20220313 061624.637 INFO             PET1 Running with ESMF Version   : v8.3.0b09-96-g559b459836
20220313 061624.637 INFO             PET1 ESMF library build date/time: "Mar 13 2022" "06:02:11"
20220313 061624.637 INFO             PET1 ESMF library build location : /glade/scratch/rlong/esmf-testing/gfortran_10.1.0_openmpi_O_jedwards_pio_update2
20220313 061624.637 INFO             PET1 ESMF_COMM                   : openmpi
20220313 061624.637 INFO             PET1 ESMF_MOAB                   : enabled
20220313 061624.637 INFO             PET1 ESMF_LAPACK                 : enabled
20220313 061624.637 INFO             PET1 ESMF_NETCDF                 : enabled
20220313 061624.637 INFO             PET1 ESMF_PNETCDF                : disabled
20220313 061624.637 INFO             PET1 ESMF_PIO                    : enabled
20220313 061624.637 INFO             PET1 ESMF_YAMLCPP                : enabled
20220313 061624.638 INFO             PET1  Beginning Test, file ESMF_RouteHandleAdvancedUTest.F90, line 346
20220313 061624.638 INFO             PET1  NUMBER_OF_PROCESSORS           4
20220313 061624.643 INFO             PET1 ESMF_FieldRedistStoreNF(): Just entered routine.
20220313 061624.767 INFO             PET1 ESMF_FieldRedistStoreNF(): Leaving routine.
20220313 061624.767 INFO             PET1  PASS  Create RouteHandle for the original petList, ESMF_RouteHandleAdvancedUTest.F90, line 511
20220313 061624.767 INFO             PET1  PASS  Test RouteHandleIsCreated(), ESMF_RouteHandleAdvancedUTest.F90, line 519
20220313 061624.767 INFO             PET1  PASS  Test RouteHandleIsCreated() return value, ESMF_RouteHandleAdvancedUTest.F90, line 526
20220313 061624.767 INFO             PET1  PASS  Test RouteHandleGet(), ESMF_RouteHandleAdvancedUTest.F90, line 534
20220313 061624.776 INFO             PET1  PASS  Test RouteHandleWrite(), ESMF_RouteHandleAdvancedUTest.F90, line 542
20220313 061624.776 INFO             PET1  PASS  Test RouteHandleDestroy(), ESMF_RouteHandleAdvancedUTest.F90, line 550
20220313 061624.780 INFO             PET1  PASS  Test RouteHandleCreate(from file), ESMF_RouteHandleAdvancedUTest.F90, line 558
20220313 061624.781 INFO             PET1  PASS  Apply the read in Routehandle, ESMF_RouteHandleAdvancedUTest.F90, line 567
20220313 061624.781 INFO             PET1  PASS  Test RouteHandleDestroy() for the read in Routehandle, ESMF_RouteHandleAdvancedUTest.F90, line 575
20220313 061624.781 INFO             PET1 ESMF_FieldRedistStoreNF(): Just entered routine.
20220313 061624.900 INFO             PET1 ESMF_FieldRedistStoreNF(): Leaving routine.
20220313 061624.900 INFO             PET1  PASS  Create RouteHandle for the original petList, ESMF_RouteHandleAdvancedUTest.F90, line 585
20220313 061624.900 INFO             PET1  PASS  Transfer RouteHandle to a different petList, ESMF_RouteHandleAdvancedUTest.F90, line 602
20220313 061624.918 INFO             PET1 PIOc_sync Enter - MemInfo: [/proc/meminfo - SSI]	MemTotal:       65507008 kB
20220313 061624.918 INFO             PET1 PIOc_sync Enter - MemInfo: [/proc/meminfo - SSI]	MemFree:        49137572 kB
20220313 061624.918 INFO             PET1 PIOc_sync Enter - MemInfo: [/proc/meminfo - SSI]	MemAvailable:   48896688 kB
20220313 061624.918 INFO             PET1 PIOc_sync Enter - MemInfo: [/proc/meminfo - SSI]	Committed_AS:   13058552 kB
20220313 061624.918 INFO             PET1 PIOc_sync Enter - MemInfo: [/proc/meminfo - SSI]	CommittedPercent: 19.9346 %
20220313 061624.920 INFO             PET1 PIOc_sync Enter - MemInfo: [/proc/self/status]	VmPeak:	  517308 kB
20220313 061624.920 INFO             PET1 PIOc_sync Enter - MemInfo: [/proc/self/status]	VmSize:	  513080 kB
20220313 061624.920 INFO             PET1 PIOc_sync Enter - MemInfo: [/proc/self/status]	VmLck:	       0 kB
20220313 061624.920 INFO             PET1 PIOc_sync Enter - MemInfo: [/proc/self/status]	VmPin:	       0 kB
20220313 061624.920 INFO             PET1 PIOc_sync Enter - MemInfo: [/proc/self/status]	VmHWM:	   64896 kB
20220313 061624.920 INFO             PET1 PIOc_sync Enter - MemInfo: [/proc/self/status]	VmRSS:	   26532 kB
20220313 061624.920 INFO             PET1 PIOc_sync Enter - MemInfo: [/proc/self/status]	VmData:	   21628 kB
20220313 061624.920 INFO             PET1 PIOc_sync Enter - MemInfo: [/proc/self/status]	VmStk:	     148 kB
20220313 061624.920 INFO             PET1 PIOc_sync Enter - MemInfo: [/proc/self/status]	VmExe:	     216 kB
20220313 061624.920 INFO             PET1 PIOc_sync Enter - MemInfo: [/proc/self/status]	VmLib:	   49272 kB
20220313 061624.920 INFO             PET1 PIOc_sync Enter - MemInfo: [/proc/self/status]	VmPTE:	     752 kB
20220313 061624.920 INFO             PET1 PIOc_sync Enter - MemInfo: [/proc/self/status]	VmPMD:	      12 kB
20220313 061624.920 INFO             PET1 PIOc_sync Enter - MemInfo: [/proc/self/status]	VmSwap:	       0 kB
20220313 061624.920 INFO             PET1 PIOc_sync Enter - MemInfo: [/proc/self/status]	VmRSSPercent: 0.0405025 %
20220313 061624.920 INFO             PET1 PIOc_sync Enter - MemInfo: [malloc] Non-mmapped space allocated:                 9781248 Byte
20220313 061624.920 INFO             PET1 PIOc_sync Enter - MemInfo: [malloc] Space allocated in mmapped regions:          1581056 Byte
20220313 061624.920 INFO             PET1 PIOc_sync Enter - MemInfo: [malloc] Maximum total allocated space:                     0 Byte
20220313 061624.920 INFO             PET1 PIOc_sync Enter - MemInfo: [malloc] Space in freed fastbin blocks:                   880 Byte
20220313 061624.920 INFO             PET1 PIOc_sync Enter - MemInfo: [malloc] Total allocated space:                       3717552 Byte
20220313 061624.920 INFO             PET1 PIOc_sync Enter - MemInfo: [malloc] Total free space:                            6063696 Byte
20220313 061624.921 INFO             PET1 PIOc_sync Enter - MemInfo: [malloc] Top-most, releasable space:                   131632 Byte
20220313 061624.921 INFO             PET1 PIOc_sync Enter - MemInfo: [malloc] Total space in use, mmap + non-mmap:         5298608 Byte
20220313 061624.921 INFO             PET1 PIOc_sync Enter - MemInfo: [malloc] Total space held (mmap + non-mmap):         11362304 Byte
20220313 061624.921 INFO             PET1 PIOc_sync Enter - MemInfo: [malloc] Total space used (mmap + non-mmap):          5307936 Byte
20220313 061624.921 INFO             PET1 PIOc_sync Enter - MemInfo: Wall-clock time since execution start:               0.285134 seconds
20220313 061624.921 INFO             PET1 PIOc_sync Exit - MemInfo: [/proc/meminfo - SSI]	MemTotal:       65507008 kB
20220313 061624.921 INFO             PET1 PIOc_sync Exit - MemInfo: [/proc/meminfo - SSI]	MemFree:        49137572 kB
20220313 061624.921 INFO             PET1 PIOc_sync Exit - MemInfo: [/proc/meminfo - SSI]	MemAvailable:   48896688 kB
20220313 061624.921 INFO             PET1 PIOc_sync Exit - MemInfo: [/proc/meminfo - SSI]	Committed_AS:   13058552 kB
20220313 061624.921 INFO             PET1 PIOc_sync Exit - MemInfo: [/proc/meminfo - SSI]	CommittedPercent: 19.9346 %
20220313 061624.921 INFO             PET1 PIOc_sync Exit - MemInfo: [/proc/self/status]	VmPeak:	  517308 kB
20220313 061624.921 INFO             PET1 PIOc_sync Exit - MemInfo: [/proc/self/status]	VmSize:	  513080 kB
20220313 061624.921 INFO             PET1 PIOc_sync Exit - MemInfo: [/proc/self/status]	VmLck:	       0 kB
20220313 061624.921 INFO             PET1 PIOc_sync Exit - MemInfo: [/proc/self/status]	VmPin:	       0 kB
20220313 061624.921 INFO             PET1 PIOc_sync Exit - MemInfo: [/proc/self/status]	VmHWM:	   64896 kB
20220313 061624.921 INFO             PET1 PIOc_sync Exit - MemInfo: [/proc/self/status]	VmRSS:	   26588 kB
20220313 061624.921 INFO             PET1 PIOc_sync Exit - MemInfo: [/proc/self/status]	VmData:	   21628 kB
20220313 061624.921 INFO             PET1 PIOc_sync Exit - MemInfo: [/proc/self/status]	VmStk:	     148 kB
20220313 061624.921 INFO             PET1 PIOc_sync Exit - MemInfo: [/proc/self/status]	VmExe:	     216 kB
20220313 061624.921 INFO             PET1 PIOc_sync Exit - MemInfo: [/proc/self/status]	VmLib:	   49272 kB
20220313 061624.921 INFO             PET1 PIOc_sync Exit - MemInfo: [/proc/self/status]	VmPTE:	     752 kB
20220313 061624.921 INFO             PET1 PIOc_sync Exit - MemInfo: [/proc/self/status]	VmPMD:	      12 kB
20220313 061624.921 INFO             PET1 PIOc_sync Exit - MemInfo: [/proc/self/status]	VmSwap:	       0 kB
20220313 061624.921 INFO             PET1 PIOc_sync Exit - MemInfo: [/proc/self/status]	VmRSSPercent: 0.040588 %
20220313 061624.921 INFO             PET1 PIOc_sync Exit - MemInfo: [malloc] Non-mmapped space allocated:                 9781248 Byte
20220313 061624.921 INFO             PET1 PIOc_sync Exit - MemInfo: [malloc] Space allocated in mmapped regions:          1581056 Byte
20220313 061624.921 INFO             PET1 PIOc_sync Exit - MemInfo: [malloc] Maximum total allocated space:                     0 Byte
20220313 061624.921 INFO             PET1 PIOc_sync Exit - MemInfo: [malloc] Space in freed fastbin blocks:                  1376 Byte
20220313 061624.921 INFO             PET1 PIOc_sync Exit - MemInfo: [malloc] Total allocated space:                       3717472 Byte
20220313 061624.921 INFO             PET1 PIOc_sync Exit - MemInfo: [malloc] Total free space:                            6063776 Byte
20220313 061624.921 INFO             PET1 PIOc_sync Exit - MemInfo: [malloc] Top-most, releasable space:                   131632 Byte
20220313 061624.921 INFO             PET1 PIOc_sync Exit - MemInfo: [malloc] Total space in use, mmap + non-mmap:         5298528 Byte
20220313 061624.921 INFO             PET1 PIOc_sync Exit - MemInfo: [malloc] Total space held (mmap + non-mmap):         11362304 Byte
20220313 061624.921 INFO             PET1 PIOc_sync Exit - MemInfo: [malloc] Total space used (mmap + non-mmap):          5307856 Byte
20220313 061624.921 INFO             PET1 PIOc_sync Exit - MemInfo: Wall-clock time since execution start:               0.285638 seconds
20220313 061624.922 INFO             PET1 PIOc_freedecomp Enter - MemInfo: [/proc/meminfo - SSI]	MemTotal:       65507008 kB
20220313 061624.922 INFO             PET1 PIOc_freedecomp Enter - MemInfo: [/proc/meminfo - SSI]	MemFree:        49152692 kB
20220313 061624.922 INFO             PET1 PIOc_freedecomp Enter - MemInfo: [/proc/meminfo - SSI]	MemAvailable:   48911808 kB
20220313 061624.922 INFO             PET1 PIOc_freedecomp Enter - MemInfo: [/proc/meminfo - SSI]	Committed_AS:   13042164 kB
20220313 061624.922 INFO             PET1 PIOc_freedecomp Enter - MemInfo: [/proc/meminfo - SSI]	CommittedPercent: 19.9096 %
20220313 061624.922 INFO             PET1 PIOc_freedecomp Enter - MemInfo: [/proc/self/status]	VmPeak:	  517308 kB
20220313 061624.922 INFO             PET1 PIOc_freedecomp Enter - MemInfo: [/proc/self/status]	VmSize:	  513080 kB
20220313 061624.922 INFO             PET1 PIOc_freedecomp Enter - MemInfo: [/proc/self/status]	VmLck:	       0 kB
20220313 061624.922 INFO             PET1 PIOc_freedecomp Enter - MemInfo: [/proc/self/status]	VmPin:	       0 kB
20220313 061624.922 INFO             PET1 PIOc_freedecomp Enter - MemInfo: [/proc/self/status]	VmHWM:	   64896 kB
20220313 061624.922 INFO             PET1 PIOc_freedecomp Enter - MemInfo: [/proc/self/status]	VmRSS:	   26588 kB
20220313 061624.922 INFO             PET1 PIOc_freedecomp Enter - MemInfo: [/proc/self/status]	VmData:	   21628 kB
20220313 061624.922 INFO             PET1 PIOc_freedecomp Enter - MemInfo: [/proc/self/status]	VmStk:	     148 kB
20220313 061624.922 INFO             PET1 PIOc_freedecomp Enter - MemInfo: [/proc/self/status]	VmExe:	     216 kB
20220313 061624.922 INFO             PET1 PIOc_freedecomp Enter - MemInfo: [/proc/self/status]	VmLib:	   49272 kB
20220313 061624.922 INFO             PET1 PIOc_freedecomp Enter - MemInfo: [/proc/self/status]	VmPTE:	     752 kB
20220313 061624.922 INFO             PET1 PIOc_freedecomp Enter - MemInfo: [/proc/self/status]	VmPMD:	      12 kB
20220313 061624.922 INFO             PET1 PIOc_freedecomp Enter - MemInfo: [/proc/self/status]	VmSwap:	       0 kB
20220313 061624.922 INFO             PET1 PIOc_freedecomp Enter - MemInfo: [/proc/self/status]	VmRSSPercent: 0.040588 %
20220313 061624.922 INFO             PET1 PIOc_freedecomp Enter - MemInfo: [malloc] Non-mmapped space allocated:                 9781248 Byte
20220313 061624.922 INFO             PET1 PIOc_freedecomp Enter - MemInfo: [malloc] Space allocated in mmapped regions:          1581056 Byte
20220313 061624.922 INFO             PET1 PIOc_freedecomp Enter - MemInfo: [malloc] Maximum total allocated space:                     0 Byte
20220313 061624.922 INFO             PET1 PIOc_freedecomp Enter - MemInfo: [malloc] Space in freed fastbin blocks:                  1664 Byte
20220313 061624.922 INFO             PET1 PIOc_freedecomp Enter - MemInfo: [malloc] Total allocated space:                       3715840 Byte
20220313 061624.922 INFO             PET1 PIOc_freedecomp Enter - MemInfo: [malloc] Total free space:                            6065408 Byte
20220313 061624.922 INFO             PET1 PIOc_freedecomp Enter - MemInfo: [malloc] Top-most, releasable space:                   131632 Byte
20220313 061624.922 INFO             PET1 PIOc_freedecomp Enter - MemInfo: [malloc] Total space in use, mmap + non-mmap:         5296896 Byte
20220313 061624.922 INFO             PET1 PIOc_freedecomp Enter - MemInfo: [malloc] Total space held (mmap + non-mmap):         11362304 Byte
20220313 061624.922 INFO             PET1 PIOc_freedecomp Enter - MemInfo: [malloc] Total space used (mmap + non-mmap):          5306224 Byte
20220313 061624.922 INFO             PET1 PIOc_freedecomp Enter - MemInfo: Wall-clock time since execution start:               0.286732 seconds
20220313 061624.922 INFO             PET1 PIOc_freedecomp Exit - MemInfo: [/proc/meminfo - SSI]	MemTotal:       65507008 kB
20220313 061624.922 INFO             PET1 PIOc_freedecomp Exit - MemInfo: [/proc/meminfo - SSI]	MemFree:        49152692 kB
20220313 061624.922 INFO             PET1 PIOc_freedecomp Exit - MemInfo: [/proc/meminfo - SSI]	MemAvailable:   48911808 kB
20220313 061624.922 INFO             PET1 PIOc_freedecomp Exit - MemInfo: [/proc/meminfo - SSI]	Committed_AS:   13042164 kB
20220313 061624.922 INFO             PET1 PIOc_freedecomp Exit - MemInfo: [/proc/meminfo - SSI]	CommittedPercent: 19.9096 %
20220313 061624.922 INFO             PET1 PIOc_freedecomp Exit - MemInfo: [/proc/self/status]	VmPeak:	  517308 kB
20220313 061624.922 INFO             PET1 PIOc_freedecomp Exit - MemInfo: [/proc/self/status]	VmSize:	  513080 kB
20220313 061624.922 INFO             PET1 PIOc_freedecomp Exit - MemInfo: [/proc/self/status]	VmLck:	       0 kB
20220313 061624.922 INFO             PET1 PIOc_freedecomp Exit - MemInfo: [/proc/self/status]	VmPin:	       0 kB
20220313 061624.922 INFO             PET1 PIOc_freedecomp Exit - MemInfo: [/proc/self/status]	VmHWM:	   64896 kB
20220313 061624.922 INFO             PET1 PIOc_freedecomp Exit - MemInfo: [/proc/self/status]	VmRSS:	   26592 kB
20220313 061624.922 INFO             PET1 PIOc_freedecomp Exit - MemInfo: [/proc/self/status]	VmData:	   21628 kB
20220313 061624.922 INFO             PET1 PIOc_freedecomp Exit - MemInfo: [/proc/self/status]	VmStk:	     148 kB
20220313 061624.922 INFO             PET1 PIOc_freedecomp Exit - MemInfo: [/proc/self/status]	VmExe:	     216 kB
20220313 061624.922 INFO             PET1 PIOc_freedecomp Exit - MemInfo: [/proc/self/status]	VmLib:	   49272 kB
20220313 061624.922 INFO             PET1 PIOc_freedecomp Exit - MemInfo: [/proc/self/status]	VmPTE:	     752 kB
20220313 061624.922 INFO             PET1 PIOc_freedecomp Exit - MemInfo: [/proc/self/status]	VmPMD:	      12 kB
20220313 061624.922 INFO             PET1 PIOc_freedecomp Exit - MemInfo: [/proc/self/status]	VmSwap:	       0 kB
20220313 061624.922 INFO             PET1 PIOc_freedecomp Exit - MemInfo: [/proc/self/status]	VmRSSPercent: 0.0405941 %
20220313 061624.922 INFO             PET1 PIOc_freedecomp Exit - MemInfo: [malloc] Non-mmapped space allocated:                 9781248 Byte
20220313 061624.922 INFO             PET1 PIOc_freedecomp Exit - MemInfo: [malloc] Space allocated in mmapped regions:          1581056 Byte
20220313 061624.922 INFO             PET1 PIOc_freedecomp Exit - MemInfo: [malloc] Maximum total allocated space:                     0 Byte
20220313 061624.922 INFO             PET1 PIOc_freedecomp Exit - MemInfo: [malloc] Space in freed fastbin blocks:                  2032 Byte
20220313 061624.922 INFO             PET1 PIOc_freedecomp Exit - MemInfo: [malloc] Total allocated space:                       3713872 Byte
20220313 061624.922 INFO             PET1 PIOc_freedecomp Exit - MemInfo: [malloc] Total free space:                            6067376 Byte
20220313 061624.922 INFO             PET1 PIOc_freedecomp Exit - MemInfo: [malloc] Top-most, releasable space:                   131632 Byte
20220313 061624.922 INFO             PET1 PIOc_freedecomp Exit - MemInfo: [malloc] Total space in use, mmap + non-mmap:         5294928 Byte
20220313 061624.922 INFO             PET1 PIOc_freedecomp Exit - MemInfo: [malloc] Total space held (mmap + non-mmap):         11362304 Byte
20220313 061624.923 INFO             PET1 PIOc_freedecomp Exit - MemInfo: [malloc] Total space used (mmap + non-mmap):          5304256 Byte
20220313 061624.923 INFO             PET1 PIOc_freedecomp Exit - MemInfo: Wall-clock time since execution start:               0.287092 seconds
20220313 061624.926 INFO             PET1 PIOc_sync Enter - MemInfo: [/proc/meminfo - SSI]	MemTotal:       65507008 kB
20220313 061624.926 INFO             PET1 PIOc_sync Enter - MemInfo: [/proc/meminfo - SSI]	MemFree:        49146140 kB
20220313 061624.926 INFO             PET1 PIOc_sync Enter - MemInfo: [/proc/meminfo - SSI]	MemAvailable:   48905256 kB
20220313 061624.926 INFO             PET1 PIOc_sync Enter - MemInfo: [/proc/meminfo - SSI]	Committed_AS:   13058548 kB
20220313 061624.926 INFO             PET1 PIOc_sync Enter - MemInfo: [/proc/meminfo - SSI]	CommittedPercent: 19.9346 %
20220313 061624.926 INFO             PET1 PIOc_sync Enter - MemInfo: [/proc/self/status]	VmPeak:	  517308 kB
20220313 061624.926 INFO             PET1 PIOc_sync Enter - MemInfo: [/proc/self/status]	VmSize:	  513080 kB
20220313 061624.926 INFO             PET1 PIOc_sync Enter - MemInfo: [/proc/self/status]	VmLck:	       0 kB
20220313 061624.926 INFO             PET1 PIOc_sync Enter - MemInfo: [/proc/self/status]	VmPin:	       0 kB
20220313 061624.926 INFO             PET1 PIOc_sync Enter - MemInfo: [/proc/self/status]	VmHWM:	   64896 kB
20220313 061624.926 INFO             PET1 PIOc_sync Enter - MemInfo: [/proc/self/status]	VmRSS:	   26600 kB
20220313 061624.926 INFO             PET1 PIOc_sync Enter - MemInfo: [/proc/self/status]	VmData:	   21628 kB
20220313 061624.926 INFO             PET1 PIOc_sync Enter - MemInfo: [/proc/self/status]	VmStk:	     148 kB
20220313 061624.926 INFO             PET1 PIOc_sync Enter - MemInfo: [/proc/self/status]	VmExe:	     216 kB
20220313 061624.926 INFO             PET1 PIOc_sync Enter - MemInfo: [/proc/self/status]	VmLib:	   49272 kB
20220313 061624.926 INFO             PET1 PIOc_sync Enter - MemInfo: [/proc/self/status]	VmPTE:	     752 kB
20220313 061624.926 INFO             PET1 PIOc_sync Enter - MemInfo: [/proc/self/status]	VmPMD:	      12 kB
20220313 061624.926 INFO             PET1 PIOc_sync Enter - MemInfo: [/proc/self/status]	VmSwap:	       0 kB
20220313 061624.926 INFO             PET1 PIOc_sync Enter - MemInfo: [/proc/self/status]	VmRSSPercent: 0.0406063 %
20220313 061624.926 INFO             PET1 PIOc_sync Enter - MemInfo: [malloc] Non-mmapped space allocated:                 9781248 Byte
20220313 061624.926 INFO             PET1 PIOc_sync Enter - MemInfo: [malloc] Space allocated in mmapped regions:          1581056 Byte
20220313 061624.926 INFO             PET1 PIOc_sync Enter - MemInfo: [malloc] Maximum total allocated space:                     0 Byte
20220313 061624.926 INFO             PET1 PIOc_sync Enter - MemInfo: [malloc] Space in freed fastbin blocks:                   880 Byte
20220313 061624.926 INFO             PET1 PIOc_sync Enter - MemInfo: [malloc] Total allocated space:                       3717712 Byte
20220313 061624.926 INFO             PET1 PIOc_sync Enter - MemInfo: [malloc] Total free space:                            6063536 Byte
20220313 061624.926 INFO             PET1 PIOc_sync Enter - MemInfo: [malloc] Top-most, releasable space:                   131632 Byte
20220313 061624.926 INFO             PET1 PIOc_sync Enter - MemInfo: [malloc] Total space in use, mmap + non-mmap:         5298768 Byte
20220313 061624.926 INFO             PET1 PIOc_sync Enter - MemInfo: [malloc] Total space held (mmap + non-mmap):         11362304 Byte
20220313 061624.926 INFO             PET1 PIOc_sync Enter - MemInfo: [malloc] Total space used (mmap + non-mmap):          5308096 Byte
20220313 061624.926 INFO             PET1 PIOc_sync Enter - MemInfo: Wall-clock time since execution start:               0.291036 seconds
20220313 061624.927 INFO             PET1 PIOc_sync Exit - MemInfo: [/proc/meminfo - SSI]	MemTotal:       65507008 kB
20220313 061624.927 INFO             PET1 PIOc_sync Exit - MemInfo: [/proc/meminfo - SSI]	MemFree:        49146140 kB
20220313 061624.927 INFO             PET1 PIOc_sync Exit - MemInfo: [/proc/meminfo - SSI]	MemAvailable:   48905256 kB
20220313 061624.927 INFO             PET1 PIOc_sync Exit - MemInfo: [/proc/meminfo - SSI]	Committed_AS:   13058548 kB
20220313 061624.927 INFO             PET1 PIOc_sync Exit - MemInfo: [/proc/meminfo - SSI]	CommittedPercent: 19.9346 %
20220313 061624.927 INFO             PET1 PIOc_sync Exit - MemInfo: [/proc/self/status]	VmPeak:	  517308 kB
20220313 061624.927 INFO             PET1 PIOc_sync Exit - MemInfo: [/proc/self/status]	VmSize:	  513080 kB
20220313 061624.927 INFO             PET1 PIOc_sync Exit - MemInfo: [/proc/self/status]	VmLck:	       0 kB
20220313 061624.927 INFO             PET1 PIOc_sync Exit - MemInfo: [/proc/self/status]	VmPin:	       0 kB
20220313 061624.927 INFO             PET1 PIOc_sync Exit - MemInfo: [/proc/self/status]	VmHWM:	   64896 kB
20220313 061624.927 INFO             PET1 PIOc_sync Exit - MemInfo: [/proc/self/status]	VmRSS:	   26600 kB
20220313 061624.927 INFO             PET1 PIOc_sync Exit - MemInfo: [/proc/self/status]	VmData:	   21628 kB
20220313 061624.927 INFO             PET1 PIOc_sync Exit - MemInfo: [/proc/self/status]	VmStk:	     148 kB
20220313 061624.927 INFO             PET1 PIOc_sync Exit - MemInfo: [/proc/self/status]	VmExe:	     216 kB
20220313 061624.927 INFO             PET1 PIOc_sync Exit - MemInfo: [/proc/self/status]	VmLib:	   49272 kB
20220313 061624.927 INFO             PET1 PIOc_sync Exit - MemInfo: [/proc/self/status]	VmPTE:	     752 kB
20220313 061624.927 INFO             PET1 PIOc_sync Exit - MemInfo: [/proc/self/status]	VmPMD:	      12 kB
20220313 061624.927 INFO             PET1 PIOc_sync Exit - MemInfo: [/proc/self/status]	VmSwap:	       0 kB
20220313 061624.927 INFO             PET1 PIOc_sync Exit - MemInfo: [/proc/self/status]	VmRSSPercent: 0.0406063 %
20220313 061624.927 INFO             PET1 PIOc_sync Exit - MemInfo: [malloc] Non-mmapped space allocated:                 9781248 Byte
20220313 061624.927 INFO             PET1 PIOc_sync Exit - MemInfo: [malloc] Space allocated in mmapped regions:          1581056 Byte
20220313 061624.927 INFO             PET1 PIOc_sync Exit - MemInfo: [malloc] Maximum total allocated space:                     0 Byte
20220313 061624.927 INFO             PET1 PIOc_sync Exit - MemInfo: [malloc] Space in freed fastbin blocks:                  1376 Byte
20220313 061624.927 INFO             PET1 PIOc_sync Exit - MemInfo: [malloc] Total allocated space:                       3717632 Byte
20220313 061624.927 INFO             PET1 PIOc_sync Exit - MemInfo: [malloc] Total free space:                            6063616 Byte
20220313 061624.927 INFO             PET1 PIOc_sync Exit - MemInfo: [malloc] Top-most, releasable space:                   131632 Byte
20220313 061624.927 INFO             PET1 PIOc_sync Exit - MemInfo: [malloc] Total space in use, mmap + non-mmap:         5298688 Byte
20220313 061624.927 INFO             PET1 PIOc_sync Exit - MemInfo: [malloc] Total space held (mmap + non-mmap):         11362304 Byte
20220313 061624.927 INFO             PET1 PIOc_sync Exit - MemInfo: [malloc] Total space used (mmap + non-mmap):          5308016 Byte
20220313 061624.927 INFO             PET1 PIOc_sync Exit - MemInfo: Wall-clock time since execution start:               0.291447 seconds
20220313 061624.927 INFO             PET1 PIOc_freedecomp Enter - MemInfo: [/proc/meminfo - SSI]	MemTotal:       65507008 kB
20220313 061624.927 INFO             PET1 PIOc_freedecomp Enter - MemInfo: [/proc/meminfo - SSI]	MemFree:        49146140 kB
20220313 061624.927 INFO             PET1 PIOc_freedecomp Enter - MemInfo: [/proc/meminfo - SSI]	MemAvailable:   48905256 kB
20220313 061624.927 INFO             PET1 PIOc_freedecomp Enter - MemInfo: [/proc/meminfo - SSI]	Committed_AS:   13058548 kB
20220313 061624.927 INFO             PET1 PIOc_freedecomp Enter - MemInfo: [/proc/meminfo - SSI]	CommittedPercent: 19.9346 %
20220313 061624.927 INFO             PET1 PIOc_freedecomp Enter - MemInfo: [/proc/self/status]	VmPeak:	  517308 kB
20220313 061624.927 INFO             PET1 PIOc_freedecomp Enter - MemInfo: [/proc/self/status]	VmSize:	  513080 kB
20220313 061624.927 INFO             PET1 PIOc_freedecomp Enter - MemInfo: [/proc/self/status]	VmLck:	       0 kB
20220313 061624.927 INFO             PET1 PIOc_freedecomp Enter - MemInfo: [/proc/self/status]	VmPin:	       0 kB
20220313 061624.927 INFO             PET1 PIOc_freedecomp Enter - MemInfo: [/proc/self/status]	VmHWM:	   64896 kB
20220313 061624.927 INFO             PET1 PIOc_freedecomp Enter - MemInfo: [/proc/self/status]	VmRSS:	   26600 kB
20220313 061624.927 INFO             PET1 PIOc_freedecomp Enter - MemInfo: [/proc/self/status]	VmData:	   21628 kB
20220313 061624.927 INFO             PET1 PIOc_freedecomp Enter - MemInfo: [/proc/self/status]	VmStk:	     148 kB
20220313 061624.927 INFO             PET1 PIOc_freedecomp Enter - MemInfo: [/proc/self/status]	VmExe:	     216 kB
20220313 061624.927 INFO             PET1 PIOc_freedecomp Enter - MemInfo: [/proc/self/status]	VmLib:	   49272 kB
20220313 061624.927 INFO             PET1 PIOc_freedecomp Enter - MemInfo: [/proc/self/status]	VmPTE:	     752 kB
20220313 061624.927 INFO             PET1 PIOc_freedecomp Enter - MemInfo: [/proc/self/status]	VmPMD:	      12 kB
20220313 061624.927 INFO             PET1 PIOc_freedecomp Enter - MemInfo: [/proc/self/status]	VmSwap:	       0 kB
20220313 061624.927 INFO             PET1 PIOc_freedecomp Enter - MemInfo: [/proc/self/status]	VmRSSPercent: 0.0406063 %
20220313 061624.927 INFO             PET1 PIOc_freedecomp Enter - MemInfo: [malloc] Non-mmapped space allocated:                 9781248 Byte
20220313 061624.927 INFO             PET1 PIOc_freedecomp Enter - MemInfo: [malloc] Space allocated in mmapped regions:          1581056 Byte
20220313 061624.927 INFO             PET1 PIOc_freedecomp Enter - MemInfo: [malloc] Maximum total allocated space:                     0 Byte
20220313 061624.927 INFO             PET1 PIOc_freedecomp Enter - MemInfo: [malloc] Space in freed fastbin blocks:                  1408 Byte
20220313 061624.927 INFO             PET1 PIOc_freedecomp Enter - MemInfo: [malloc] Total allocated space:                       3715840 Byte
20220313 061624.927 INFO             PET1 PIOc_freedecomp Enter - MemInfo: [malloc] Total free space:                            6065408 Byte
20220313 061624.927 INFO             PET1 PIOc_freedecomp Enter - MemInfo: [malloc] Top-most, releasable space:                   131632 Byte
20220313 061624.927 INFO             PET1 PIOc_freedecomp Enter - MemInfo: [malloc] Total space in use, mmap + non-mmap:         5296896 Byte
20220313 061624.927 INFO             PET1 PIOc_freedecomp Enter - MemInfo: [malloc] Total space held (mmap + non-mmap):         11362304 Byte
20220313 061624.927 INFO             PET1 PIOc_freedecomp Enter - MemInfo: [malloc] Total space used (mmap + non-mmap):          5306224 Byte
20220313 061624.927 INFO             PET1 PIOc_freedecomp Enter - MemInfo: Wall-clock time since execution start:               0.291818 seconds
20220313 061624.927 INFO             PET1 PIOc_freedecomp Exit - MemInfo: [/proc/meminfo - SSI]	MemTotal:       65507008 kB
20220313 061624.927 INFO             PET1 PIOc_freedecomp Exit - MemInfo: [/proc/meminfo - SSI]	MemFree:        49146140 kB
20220313 061624.927 INFO             PET1 PIOc_freedecomp Exit - MemInfo: [/proc/meminfo - SSI]	MemAvailable:   48905256 kB
20220313 061624.927 INFO             PET1 PIOc_freedecomp Exit - MemInfo: [/proc/meminfo - SSI]	Committed_AS:   13058548 kB
20220313 061624.927 INFO             PET1 PIOc_freedecomp Exit - MemInfo: [/proc/meminfo - SSI]	CommittedPercent: 19.9346 %
20220313 061624.927 INFO             PET1 PIOc_freedecomp Exit - MemInfo: [/proc/self/status]	VmPeak:	  517308 kB
20220313 061624.927 INFO             PET1 PIOc_freedecomp Exit - MemInfo: [/proc/self/status]	VmSize:	  513080 kB
20220313 061624.927 INFO             PET1 PIOc_freedecomp Exit - MemInfo: [/proc/self/status]	VmLck:	       0 kB
20220313 061624.927 INFO             PET1 PIOc_freedecomp Exit - MemInfo: [/proc/self/status]	VmPin:	       0 kB
20220313 061624.927 INFO             PET1 PIOc_freedecomp Exit - MemInfo: [/proc/self/status]	VmHWM:	   64896 kB
20220313 061624.927 INFO             PET1 PIOc_freedecomp Exit - MemInfo: [/proc/self/status]	VmRSS:	   26600 kB
20220313 061624.927 INFO             PET1 PIOc_freedecomp Exit - MemInfo: [/proc/self/status]	VmData:	   21628 kB
20220313 061624.927 INFO             PET1 PIOc_freedecomp Exit - MemInfo: [/proc/self/status]	VmStk:	     148 kB
20220313 061624.927 INFO             PET1 PIOc_freedecomp Exit - MemInfo: [/proc/self/status]	VmExe:	     216 kB
20220313 061624.927 INFO             PET1 PIOc_freedecomp Exit - MemInfo: [/proc/self/status]	VmLib:	   49272 kB
20220313 061624.927 INFO             PET1 PIOc_freedecomp Exit - MemInfo: [/proc/self/status]	VmPTE:	     752 kB
20220313 061624.927 INFO             PET1 PIOc_freedecomp Exit - MemInfo: [/proc/self/status]	VmPMD:	      12 kB
20220313 061624.927 INFO             PET1 PIOc_freedecomp Exit - MemInfo: [/proc/self/status]	VmSwap:	       0 kB
20220313 061624.927 INFO             PET1 PIOc_freedecomp Exit - MemInfo: [/proc/self/status]	VmRSSPercent: 0.0406063 %
20220313 061624.927 INFO             PET1 PIOc_freedecomp Exit - MemInfo: [malloc] Non-mmapped space allocated:                 9781248 Byte
20220313 061624.927 INFO             PET1 PIOc_freedecomp Exit - MemInfo: [malloc] Space allocated in mmapped regions:          1581056 Byte
20220313 061624.928 INFO             PET1 PIOc_freedecomp Exit - MemInfo: [malloc] Maximum total allocated space:                     0 Byte
20220313 061624.928 INFO             PET1 PIOc_freedecomp Exit - MemInfo: [malloc] Space in freed fastbin blocks:                  2144 Byte
20220313 061624.928 INFO             PET1 PIOc_freedecomp Exit - MemInfo: [malloc] Total allocated space:                       3713872 Byte
20220313 061624.928 INFO             PET1 PIOc_freedecomp Exit - MemInfo: [malloc] Total free space:                            6067376 Byte
20220313 061624.928 INFO             PET1 PIOc_freedecomp Exit - MemInfo: [malloc] Top-most, releasable space:                   131632 Byte
20220313 061624.928 INFO             PET1 PIOc_freedecomp Exit - MemInfo: [malloc] Total space in use, mmap + non-mmap:         5294928 Byte
20220313 061624.928 INFO             PET1 PIOc_freedecomp Exit - MemInfo: [malloc] Total space held (mmap + non-mmap):         11362304 Byte
20220313 061624.928 INFO             PET1 PIOc_freedecomp Exit - MemInfo: [malloc] Total space used (mmap + non-mmap):          5304256 Byte
20220313 061624.928 INFO             PET1 PIOc_freedecomp Exit - MemInfo: Wall-clock time since execution start:               0.292155 seconds
20220313 061624.928 INFO             PET1 PIOc_sync Enter - MemInfo: [/proc/meminfo - SSI]	MemTotal:       65507008 kB
20220313 061624.928 INFO             PET1 PIOc_sync Enter - MemInfo: [/proc/meminfo - SSI]	MemFree:        49146140 kB
20220313 061624.928 INFO             PET1 PIOc_sync Enter - MemInfo: [/proc/meminfo - SSI]	MemAvailable:   48905256 kB
20220313 061624.928 INFO             PET1 PIOc_sync Enter - MemInfo: [/proc/meminfo - SSI]	Committed_AS:   13058548 kB
20220313 061624.928 INFO             PET1 PIOc_sync Enter - MemInfo: [/proc/meminfo - SSI]	CommittedPercent: 19.9346 %
20220313 061624.928 INFO             PET1 PIOc_sync Enter - MemInfo: [/proc/self/status]	VmPeak:	  517308 kB
20220313 061624.928 INFO             PET1 PIOc_sync Enter - MemInfo: [/proc/self/status]	VmSize:	  513080 kB
20220313 061624.929 INFO             PET1 PIOc_sync Enter - MemInfo: [/proc/self/status]	VmLck:	       0 kB
20220313 061624.929 INFO             PET1 PIOc_sync Enter - MemInfo: [/proc/self/status]	VmPin:	       0 kB
20220313 061624.929 INFO             PET1 PIOc_sync Enter - MemInfo: [/proc/self/status]	VmHWM:	   64896 kB
20220313 061624.929 INFO             PET1 PIOc_sync Enter - MemInfo: [/proc/self/status]	VmRSS:	   26600 kB
20220313 061624.929 INFO             PET1 PIOc_sync Enter - MemInfo: [/proc/self/status]	VmData:	   21628 kB
20220313 061624.929 INFO             PET1 PIOc_sync Enter - MemInfo: [/proc/self/status]	VmStk:	     148 kB
20220313 061624.929 INFO             PET1 PIOc_sync Enter - MemInfo: [/proc/self/status]	VmExe:	     216 kB
20220313 061624.929 INFO             PET1 PIOc_sync Enter - MemInfo: [/proc/self/status]	VmLib:	   49272 kB
20220313 061624.929 INFO             PET1 PIOc_sync Enter - MemInfo: [/proc/self/status]	VmPTE:	     752 kB
20220313 061624.929 INFO             PET1 PIOc_sync Enter - MemInfo: [/proc/self/status]	VmPMD:	      12 kB
20220313 061624.929 INFO             PET1 PIOc_sync Enter - MemInfo: [/proc/self/status]	VmSwap:	       0 kB
20220313 061624.929 INFO             PET1 PIOc_sync Enter - MemInfo: [/proc/self/status]	VmRSSPercent: 0.0406063 %
20220313 061624.929 INFO             PET1 PIOc_sync Enter - MemInfo: [malloc] Non-mmapped space allocated:                 9781248 Byte
20220313 061624.929 INFO             PET1 PIOc_sync Enter - MemInfo: [malloc] Space allocated in mmapped regions:          1581056 Byte
20220313 061624.929 INFO             PET1 PIOc_sync Enter - MemInfo: [malloc] Maximum total allocated space:                     0 Byte
20220313 061624.929 INFO             PET1 PIOc_sync Enter - MemInfo: [malloc] Space in freed fastbin blocks:                   880 Byte
20220313 061624.929 INFO             PET1 PIOc_sync Enter - MemInfo: [malloc] Total allocated space:                       3717872 Byte
20220313 061624.929 INFO             PET1 PIOc_sync Enter - MemInfo: [malloc] Total free space:                            6063376 Byte
20220313 061624.929 INFO             PET1 PIOc_sync Enter - MemInfo: [malloc] Top-most, releasable space:                   131632 Byte
20220313 061624.929 INFO             PET1 PIOc_sync Enter - MemInfo: [malloc] Total space in use, mmap + non-mmap:         5298928 Byte
20220313 061624.929 INFO             PET1 PIOc_sync Enter - MemInfo: [malloc] Total space held (mmap + non-mmap):         11362304 Byte
20220313 061624.929 INFO             PET1 PIOc_sync Enter - MemInfo: [malloc] Total space used (mmap + non-mmap):          5308256 Byte
