build time -- 2022-03-12 06:04:12.566204
20220312 061922.374 INFO             PET0 !!!!!!!!!!!!!!!!!!!!!!!!!!!!!!!!!!!!!!!!!!!!!!!!!!!!!!
20220312 061922.374 INFO             PET0 !!! THE ESMF_LOG IS SET TO OUTPUT ALL LOG MESSAGES !!!
20220312 061922.374 INFO             PET0 !!!     THIS MAY CAUSE SLOWDOWN IN PERFORMANCE     !!!
20220312 061922.374 INFO             PET0 !!! FOR PRODUCTION RUNS, USE:                      !!!
20220312 061922.374 INFO             PET0 !!!                   ESMF_LOGKIND_Multi_On_Error  !!!
20220312 061922.374 INFO             PET0 !!!!!!!!!!!!!!!!!!!!!!!!!!!!!!!!!!!!!!!!!!!!!!!!!!!!!!
20220312 061922.374 INFO             PET0 Running with ESMF Version   : v8.3.0b09-96-g559b459836
20220312 061922.374 INFO             PET0 ESMF library build date/time: "Mar 12 2022" "06:02:09"
20220312 061922.374 INFO             PET0 ESMF library build location : /glade/scratch/rlong/esmf-testing/gfortran_10.1.0_openmpi_O_jedwards_pio_update2
20220312 061922.374 INFO             PET0 ESMF_COMM                   : openmpi
20220312 061922.374 INFO             PET0 ESMF_MOAB                   : enabled
20220312 061922.374 INFO             PET0 ESMF_LAPACK                 : enabled
20220312 061922.374 INFO             PET0 ESMF_NETCDF                 : enabled
20220312 061922.374 INFO             PET0 ESMF_PNETCDF                : disabled
20220312 061922.374 INFO             PET0 ESMF_PIO                    : enabled
20220312 061922.374 INFO             PET0 ESMF_YAMLCPP                : enabled
20220312 061922.375 INFO             PET0  Beginning Test, file ESMF_FieldBundleIOUTest.F90, line 71
20220312 061922.375 INFO             PET0  NUMBER_OF_PROCESSORS           4
20220312 061922.375 INFO             PET0  PASS  Creating a Grid to use in Field Tests, ESMF_FieldBundleIOUTest.F90, line 92
20220312 061922.376 INFO             PET0  PASS  Create dimensions attribute package on shared Grid Test, ESMF_FieldBundleIOUTest.F90, line 102
20220312 061922.376 INFO             PET0  PASS  Set dimensions attribute package on Grid Test, ESMF_FieldBundleIOUTest.F90, line 113
20220312 061922.376 INFO             PET0  PASS  Creating a 2 DE/PET Grid to use in Field Tests, ESMF_FieldBundleIOUTest.F90, line 123
20220312 061922.376 INFO             PET0  PASS  Create dimensions attribute package on 2 DE/PET Grid Test, ESMF_FieldBundleIOUTest.F90, line 133
20220312 061922.376 INFO             PET0  PASS  Set dimensions attribute package on Grid Test, ESMF_FieldBundleIOUTest.F90, line 144
20220312 061922.377 INFO             PET0  PASS  Create a field from grid and fortran dummy array, ESMF_FieldBundleIOUTest.F90, line 182
20220312 061922.377 INFO             PET0  PASS  Create attribute package on Field(1) Test, ESMF_FieldBundleIOUTest.F90, line 195
20220312 061922.377 INFO             PET0  PASS  Set attribute values on Field(1) Test, ESMF_FieldBundleIOUTest.F90, line 208
20220312 061922.377 INFO             PET0  PASS  Create a field from grid and fortran dummy array, ESMF_FieldBundleIOUTest.F90, line 218
20220312 061922.377 INFO             PET0  PASS  Create attribute package on Field(2) Test, ESMF_FieldBundleIOUTest.F90, line 230
20220312 061922.377 INFO             PET0  PASS  Set attribute values on Field(2) Test, ESMF_FieldBundleIOUTest.F90, line 243
20220312 061922.377 INFO             PET0  PASS  Array Spec Set, ESMF_FieldBundleIOUTest.F90, line 253
20220312 061922.377 INFO             PET0  PASS  Create a field from 2 DE/PET grid, ESMF_FieldBundleIOUTest.F90, line 263
20220312 061922.377 INFO             PET0  PASS  Create attribute package on Field(3) Test, ESMF_FieldBundleIOUTest.F90, line 275
20220312 061922.377 INFO             PET0  PASS  Set attribute values on Field(3) Test, ESMF_FieldBundleIOUTest.F90, line 288
20220312 061922.377 INFO             PET0  PASS  Get and fill Farray_w from field DE 0, ESMF_FieldBundleIOUTest.F90, line 298
20220312 061922.377 INFO             PET0  PASS  Get and fill Farray_w from field DE 1, ESMF_FieldBundleIOUTest.F90, line 308
20220312 061922.379 INFO             PET0  PASS  Create a bundle from 3 fields, ESMF_FieldBundleIOUTest.F90, line 317
20220312 061922.379 INFO             PET0  PASS  Create attribute package on FieldBundle single Test, ESMF_FieldBundleIOUTest.F90, line 329
20220312 061922.379 INFO             PET0  PASS  Set attribute values on FieldBundle single Test, ESMF_FieldBundleIOUTest.F90, line 342
20220312 061922.393 INFO             PET0 PIOc_sync Enter - MemInfo: [/proc/meminfo - SSI]	MemTotal:       65507008 kB
20220312 061922.393 INFO             PET0 PIOc_sync Enter - MemInfo: [/proc/meminfo - SSI]	MemFree:        49660804 kB
20220312 061922.393 INFO             PET0 PIOc_sync Enter - MemInfo: [/proc/meminfo - SSI]	MemAvailable:   49427620 kB
20220312 061922.393 INFO             PET0 PIOc_sync Enter - MemInfo: [/proc/meminfo - SSI]	Committed_AS:   12983936 kB
20220312 061922.393 INFO             PET0 PIOc_sync Enter - MemInfo: [/proc/meminfo - SSI]	CommittedPercent: 19.8207 %
20220312 061922.393 INFO             PET0 PIOc_sync Enter - MemInfo: [/proc/self/status]	VmPeak:	  524776 kB
20220312 061922.393 INFO             PET0 PIOc_sync Enter - MemInfo: [/proc/self/status]	VmSize:	  524776 kB
20220312 061922.393 INFO             PET0 PIOc_sync Enter - MemInfo: [/proc/self/status]	VmLck:	       0 kB
20220312 061922.393 INFO             PET0 PIOc_sync Enter - MemInfo: [/proc/self/status]	VmPin:	       0 kB
20220312 061922.394 INFO             PET0 PIOc_sync Enter - MemInfo: [/proc/self/status]	VmHWM:	   64888 kB
20220312 061922.394 INFO             PET0 PIOc_sync Enter - MemInfo: [/proc/self/status]	VmRSS:	   37056 kB
20220312 061922.394 INFO             PET0 PIOc_sync Enter - MemInfo: [/proc/self/status]	VmData:	   32788 kB
20220312 061922.394 INFO             PET0 PIOc_sync Enter - MemInfo: [/proc/self/status]	VmStk:	     148 kB
20220312 061922.394 INFO             PET0 PIOc_sync Enter - MemInfo: [/proc/self/status]	VmExe:	     228 kB
20220312 061922.394 INFO             PET0 PIOc_sync Enter - MemInfo: [/proc/self/status]	VmLib:	   49272 kB
20220312 061922.394 INFO             PET0 PIOc_sync Enter - MemInfo: [/proc/self/status]	VmPTE:	     768 kB
20220312 061922.394 INFO             PET0 PIOc_sync Enter - MemInfo: [/proc/self/status]	VmPMD:	      16 kB
20220312 061922.394 INFO             PET0 PIOc_sync Enter - MemInfo: [/proc/self/status]	VmSwap:	       0 kB
20220312 061922.394 INFO             PET0 PIOc_sync Enter - MemInfo: [/proc/self/status]	VmRSSPercent: 0.056568 %
20220312 061922.394 INFO             PET0 PIOc_sync Enter - MemInfo: [malloc] Non-mmapped space allocated:                 3899392 Byte
20220312 061922.394 INFO             PET0 PIOc_sync Enter - MemInfo: [malloc] Space allocated in mmapped regions:         18890752 Byte
20220312 061922.394 INFO             PET0 PIOc_sync Enter - MemInfo: [malloc] Maximum total allocated space:                     0 Byte
20220312 061922.394 INFO             PET0 PIOc_sync Enter - MemInfo: [malloc] Space in freed fastbin blocks:                  3104 Byte
20220312 061922.394 INFO             PET0 PIOc_sync Enter - MemInfo: [malloc] Total allocated space:                       3308512 Byte
20220312 061922.394 INFO             PET0 PIOc_sync Enter - MemInfo: [malloc] Total free space:                             590880 Byte
20220312 061922.394 INFO             PET0 PIOc_sync Enter - MemInfo: [malloc] Top-most, releasable space:                   372944 Byte
20220312 061922.394 INFO             PET0 PIOc_sync Enter - MemInfo: [malloc] Total space in use, mmap + non-mmap:        22199264 Byte
20220312 061922.394 INFO             PET0 PIOc_sync Enter - MemInfo: [malloc] Total space held (mmap + non-mmap):         22790144 Byte
20220312 061922.394 INFO             PET0 PIOc_sync Enter - MemInfo: [malloc] Total space used (mmap + non-mmap):         22208592 Byte
20220312 061922.394 INFO             PET0 PIOc_sync Enter - MemInfo: Wall-clock time since execution start:              0.0214978 seconds
20220312 061922.396 INFO             PET0 PIOc_sync Exit - MemInfo: [/proc/meminfo - SSI]	MemTotal:       65507008 kB
20220312 061922.396 INFO             PET0 PIOc_sync Exit - MemInfo: [/proc/meminfo - SSI]	MemFree:        49660804 kB
20220312 061922.396 INFO             PET0 PIOc_sync Exit - MemInfo: [/proc/meminfo - SSI]	MemAvailable:   49427620 kB
20220312 061922.396 INFO             PET0 PIOc_sync Exit - MemInfo: [/proc/meminfo - SSI]	Committed_AS:   12983936 kB
20220312 061922.396 INFO             PET0 PIOc_sync Exit - MemInfo: [/proc/meminfo - SSI]	CommittedPercent: 19.8207 %
20220312 061922.396 INFO             PET0 PIOc_sync Exit - MemInfo: [/proc/self/status]	VmPeak:	  524776 kB
20220312 061922.396 INFO             PET0 PIOc_sync Exit - MemInfo: [/proc/self/status]	VmSize:	  524776 kB
20220312 061922.396 INFO             PET0 PIOc_sync Exit - MemInfo: [/proc/self/status]	VmLck:	       0 kB
20220312 061922.396 INFO             PET0 PIOc_sync Exit - MemInfo: [/proc/self/status]	VmPin:	       0 kB
20220312 061922.396 INFO             PET0 PIOc_sync Exit - MemInfo: [/proc/self/status]	VmHWM:	   64888 kB
20220312 061922.396 INFO             PET0 PIOc_sync Exit - MemInfo: [/proc/self/status]	VmRSS:	   37204 kB
20220312 061922.396 INFO             PET0 PIOc_sync Exit - MemInfo: [/proc/self/status]	VmData:	   32788 kB
20220312 061922.396 INFO             PET0 PIOc_sync Exit - MemInfo: [/proc/self/status]	VmStk:	     148 kB
20220312 061922.396 INFO             PET0 PIOc_sync Exit - MemInfo: [/proc/self/status]	VmExe:	     228 kB
20220312 061922.396 INFO             PET0 PIOc_sync Exit - MemInfo: [/proc/self/status]	VmLib:	   49272 kB
20220312 061922.396 INFO             PET0 PIOc_sync Exit - MemInfo: [/proc/self/status]	VmPTE:	     768 kB
20220312 061922.396 INFO             PET0 PIOc_sync Exit - MemInfo: [/proc/self/status]	VmPMD:	      16 kB
20220312 061922.396 INFO             PET0 PIOc_sync Exit - MemInfo: [/proc/self/status]	VmSwap:	       0 kB
20220312 061922.396 INFO             PET0 PIOc_sync Exit - MemInfo: [/proc/self/status]	VmRSSPercent: 0.0567939 %
20220312 061922.396 INFO             PET0 PIOc_sync Exit - MemInfo: [malloc] Non-mmapped space allocated:                 3899392 Byte
20220312 061922.396 INFO             PET0 PIOc_sync Exit - MemInfo: [malloc] Space allocated in mmapped regions:         18890752 Byte
20220312 061922.396 INFO             PET0 PIOc_sync Exit - MemInfo: [malloc] Maximum total allocated space:                     0 Byte
20220312 061922.396 INFO             PET0 PIOc_sync Exit - MemInfo: [malloc] Space in freed fastbin blocks:                  1504 Byte
20220312 061922.396 INFO             PET0 PIOc_sync Exit - MemInfo: [malloc] Total allocated space:                       3352848 Byte
20220312 061922.396 INFO             PET0 PIOc_sync Exit - MemInfo: [malloc] Total free space:                             546544 Byte
20220312 061922.396 INFO             PET0 PIOc_sync Exit - MemInfo: [malloc] Top-most, releasable space:                   342496 Byte
20220312 061922.396 INFO             PET0 PIOc_sync Exit - MemInfo: [malloc] Total space in use, mmap + non-mmap:        22243600 Byte
20220312 061922.396 INFO             PET0 PIOc_sync Exit - MemInfo: [malloc] Total space held (mmap + non-mmap):         22790144 Byte
20220312 061922.396 INFO             PET0 PIOc_sync Exit - MemInfo: [malloc] Total space used (mmap + non-mmap):         22252928 Byte
20220312 061922.396 INFO             PET0 PIOc_sync Exit - MemInfo: Wall-clock time since execution start:              0.0236327 seconds
20220312 061922.397 INFO             PET0 PIOc_freedecomp Enter - MemInfo: [/proc/meminfo - SSI]	MemTotal:       65507008 kB
20220312 061922.397 INFO             PET0 PIOc_freedecomp Enter - MemInfo: [/proc/meminfo - SSI]	MemFree:        49675924 kB
20220312 061922.397 INFO             PET0 PIOc_freedecomp Enter - MemInfo: [/proc/meminfo - SSI]	MemAvailable:   49442740 kB
20220312 061922.397 INFO             PET0 PIOc_freedecomp Enter - MemInfo: [/proc/meminfo - SSI]	Committed_AS:   12968168 kB
20220312 061922.397 INFO             PET0 PIOc_freedecomp Enter - MemInfo: [/proc/meminfo - SSI]	CommittedPercent: 19.7966 %
20220312 061922.397 INFO             PET0 PIOc_freedecomp Enter - MemInfo: [/proc/self/status]	VmPeak:	  524776 kB
20220312 061922.397 INFO             PET0 PIOc_freedecomp Enter - MemInfo: [/proc/self/status]	VmSize:	  507872 kB
20220312 061922.397 INFO             PET0 PIOc_freedecomp Enter - MemInfo: [/proc/self/status]	VmLck:	       0 kB
20220312 061922.397 INFO             PET0 PIOc_freedecomp Enter - MemInfo: [/proc/self/status]	VmPin:	       0 kB
20220312 061922.397 INFO             PET0 PIOc_freedecomp Enter - MemInfo: [/proc/self/status]	VmHWM:	   64888 kB
20220312 061922.397 INFO             PET0 PIOc_freedecomp Enter - MemInfo: [/proc/self/status]	VmRSS:	   20816 kB
20220312 061922.397 INFO             PET0 PIOc_freedecomp Enter - MemInfo: [/proc/self/status]	VmData:	   15884 kB
20220312 061922.397 INFO             PET0 PIOc_freedecomp Enter - MemInfo: [/proc/self/status]	VmStk:	     148 kB
20220312 061922.397 INFO             PET0 PIOc_freedecomp Enter - MemInfo: [/proc/self/status]	VmExe:	     228 kB
20220312 061922.397 INFO             PET0 PIOc_freedecomp Enter - MemInfo: [/proc/self/status]	VmLib:	   49272 kB
20220312 061922.397 INFO             PET0 PIOc_freedecomp Enter - MemInfo: [/proc/self/status]	VmPTE:	     736 kB
20220312 061922.397 INFO             PET0 PIOc_freedecomp Enter - MemInfo: [/proc/self/status]	VmPMD:	      12 kB
20220312 061922.397 INFO             PET0 PIOc_freedecomp Enter - MemInfo: [/proc/self/status]	VmSwap:	       0 kB
20220312 061922.397 INFO             PET0 PIOc_freedecomp Enter - MemInfo: [/proc/self/status]	VmRSSPercent: 0.0317768 %
20220312 061922.397 INFO             PET0 PIOc_freedecomp Enter - MemInfo: [malloc] Non-mmapped space allocated:                 3899392 Byte
20220312 061922.397 INFO             PET0 PIOc_freedecomp Enter - MemInfo: [malloc] Space allocated in mmapped regions:          1581056 Byte
20220312 061922.397 INFO             PET0 PIOc_freedecomp Enter - MemInfo: [malloc] Maximum total allocated space:                     0 Byte
20220312 061922.397 INFO             PET0 PIOc_freedecomp Enter - MemInfo: [malloc] Space in freed fastbin blocks:                  4464 Byte
20220312 061922.397 INFO             PET0 PIOc_freedecomp Enter - MemInfo: [malloc] Total allocated space:                       3337456 Byte
20220312 061922.397 INFO             PET0 PIOc_freedecomp Enter - MemInfo: [malloc] Total free space:                             561936 Byte
20220312 061922.397 INFO             PET0 PIOc_freedecomp Enter - MemInfo: [malloc] Top-most, releasable space:                   342496 Byte
20220312 061922.397 INFO             PET0 PIOc_freedecomp Enter - MemInfo: [malloc] Total space in use, mmap + non-mmap:         4918512 Byte
20220312 061922.397 INFO             PET0 PIOc_freedecomp Enter - MemInfo: [malloc] Total space held (mmap + non-mmap):          5480448 Byte
20220312 061922.397 INFO             PET0 PIOc_freedecomp Enter - MemInfo: [malloc] Total space used (mmap + non-mmap):          4927840 Byte
20220312 061922.397 INFO             PET0 PIOc_freedecomp Enter - MemInfo: Wall-clock time since execution start:              0.0247482 seconds
20220312 061922.397 INFO             PET0 PIOc_freedecomp Exit - MemInfo: [/proc/meminfo - SSI]	MemTotal:       65507008 kB
20220312 061922.397 INFO             PET0 PIOc_freedecomp Exit - MemInfo: [/proc/meminfo - SSI]	MemFree:        49675924 kB
20220312 061922.397 INFO             PET0 PIOc_freedecomp Exit - MemInfo: [/proc/meminfo - SSI]	MemAvailable:   49442740 kB
20220312 061922.397 INFO             PET0 PIOc_freedecomp Exit - MemInfo: [/proc/meminfo - SSI]	Committed_AS:   12968168 kB
20220312 061922.397 INFO             PET0 PIOc_freedecomp Exit - MemInfo: [/proc/meminfo - SSI]	CommittedPercent: 19.7966 %
20220312 061922.397 INFO             PET0 PIOc_freedecomp Exit - MemInfo: [/proc/self/status]	VmPeak:	  524776 kB
20220312 061922.397 INFO             PET0 PIOc_freedecomp Exit - MemInfo: [/proc/self/status]	VmSize:	  507872 kB
20220312 061922.397 INFO             PET0 PIOc_freedecomp Exit - MemInfo: [/proc/self/status]	VmLck:	       0 kB
20220312 061922.397 INFO             PET0 PIOc_freedecomp Exit - MemInfo: [/proc/self/status]	VmPin:	       0 kB
20220312 061922.397 INFO             PET0 PIOc_freedecomp Exit - MemInfo: [/proc/self/status]	VmHWM:	   64888 kB
20220312 061922.397 INFO             PET0 PIOc_freedecomp Exit - MemInfo: [/proc/self/status]	VmRSS:	   20816 kB
20220312 061922.397 INFO             PET0 PIOc_freedecomp Exit - MemInfo: [/proc/self/status]	VmData:	   15884 kB
20220312 061922.397 INFO             PET0 PIOc_freedecomp Exit - MemInfo: [/proc/self/status]	VmStk:	     148 kB
20220312 061922.397 INFO             PET0 PIOc_freedecomp Exit - MemInfo: [/proc/self/status]	VmExe:	     228 kB
20220312 061922.397 INFO             PET0 PIOc_freedecomp Exit - MemInfo: [/proc/self/status]	VmLib:	   49272 kB
20220312 061922.397 INFO             PET0 PIOc_freedecomp Exit - MemInfo: [/proc/self/status]	VmPTE:	     736 kB
20220312 061922.397 INFO             PET0 PIOc_freedecomp Exit - MemInfo: [/proc/self/status]	VmPMD:	      12 kB
20220312 061922.397 INFO             PET0 PIOc_freedecomp Exit - MemInfo: [/proc/self/status]	VmSwap:	       0 kB
20220312 061922.397 INFO             PET0 PIOc_freedecomp Exit - MemInfo: [/proc/self/status]	VmRSSPercent: 0.0317768 %
20220312 061922.397 INFO             PET0 PIOc_freedecomp Exit - MemInfo: [malloc] Non-mmapped space allocated:                 3899392 Byte
20220312 061922.397 INFO             PET0 PIOc_freedecomp Exit - MemInfo: [malloc] Space allocated in mmapped regions:          1581056 Byte
20220312 061922.397 INFO             PET0 PIOc_freedecomp Exit - MemInfo: [malloc] Maximum total allocated space:                     0 Byte
20220312 061922.397 INFO             PET0 PIOc_freedecomp Exit - MemInfo: [malloc] Space in freed fastbin blocks:                  1808 Byte
20220312 061922.397 INFO             PET0 PIOc_freedecomp Exit - MemInfo: [malloc] Total allocated space:                       3325104 Byte
20220312 061922.397 INFO             PET0 PIOc_freedecomp Exit - MemInfo: [malloc] Total free space:                             574288 Byte
20220312 061922.397 INFO             PET0 PIOc_freedecomp Exit - MemInfo: [malloc] Top-most, releasable space:                   349904 Byte
20220312 061922.397 INFO             PET0 PIOc_freedecomp Exit - MemInfo: [malloc] Total space in use, mmap + non-mmap:         4906160 Byte
20220312 061922.397 INFO             PET0 PIOc_freedecomp Exit - MemInfo: [malloc] Total space held (mmap + non-mmap):          5480448 Byte
20220312 061922.397 INFO             PET0 PIOc_freedecomp Exit - MemInfo: [malloc] Total space used (mmap + non-mmap):          4915504 Byte
20220312 061922.397 INFO             PET0 PIOc_freedecomp Exit - MemInfo: Wall-clock time since execution start:              0.0251046 seconds
20220312 061922.397 INFO             PET0 PIOc_freedecomp Enter - MemInfo: [/proc/meminfo - SSI]	MemTotal:       65507008 kB
20220312 061922.397 INFO             PET0 PIOc_freedecomp Enter - MemInfo: [/proc/meminfo - SSI]	MemFree:        49675924 kB
20220312 061922.397 INFO             PET0 PIOc_freedecomp Enter - MemInfo: [/proc/meminfo - SSI]	MemAvailable:   49442740 kB
20220312 061922.397 INFO             PET0 PIOc_freedecomp Enter - MemInfo: [/proc/meminfo - SSI]	Committed_AS:   12968168 kB
20220312 061922.397 INFO             PET0 PIOc_freedecomp Enter - MemInfo: [/proc/meminfo - SSI]	CommittedPercent: 19.7966 %
20220312 061922.397 INFO             PET0 PIOc_freedecomp Enter - MemInfo: [/proc/self/status]	VmPeak:	  524776 kB
20220312 061922.397 INFO             PET0 PIOc_freedecomp Enter - MemInfo: [/proc/self/status]	VmSize:	  507872 kB
20220312 061922.397 INFO             PET0 PIOc_freedecomp Enter - MemInfo: [/proc/self/status]	VmLck:	       0 kB
20220312 061922.397 INFO             PET0 PIOc_freedecomp Enter - MemInfo: [/proc/self/status]	VmPin:	       0 kB
20220312 061922.397 INFO             PET0 PIOc_freedecomp Enter - MemInfo: [/proc/self/status]	VmHWM:	   64888 kB
20220312 061922.397 INFO             PET0 PIOc_freedecomp Enter - MemInfo: [/proc/self/status]	VmRSS:	   20816 kB
20220312 061922.397 INFO             PET0 PIOc_freedecomp Enter - MemInfo: [/proc/self/status]	VmData:	   15884 kB
20220312 061922.398 INFO             PET0 PIOc_freedecomp Enter - MemInfo: [/proc/self/status]	VmStk:	     148 kB
20220312 061922.398 INFO             PET0 PIOc_freedecomp Enter - MemInfo: [/proc/self/status]	VmExe:	     228 kB
20220312 061922.398 INFO             PET0 PIOc_freedecomp Enter - MemInfo: [/proc/self/status]	VmLib:	   49272 kB
20220312 061922.398 INFO             PET0 PIOc_freedecomp Enter - MemInfo: [/proc/self/status]	VmPTE:	     736 kB
20220312 061922.398 INFO             PET0 PIOc_freedecomp Enter - MemInfo: [/proc/self/status]	VmPMD:	      12 kB
20220312 061922.398 INFO             PET0 PIOc_freedecomp Enter - MemInfo: [/proc/self/status]	VmSwap:	       0 kB
20220312 061922.398 INFO             PET0 PIOc_freedecomp Enter - MemInfo: [/proc/self/status]	VmRSSPercent: 0.0317768 %
20220312 061922.398 INFO             PET0 PIOc_freedecomp Enter - MemInfo: [malloc] Non-mmapped space allocated:                 3899392 Byte
20220312 061922.398 INFO             PET0 PIOc_freedecomp Enter - MemInfo: [malloc] Space allocated in mmapped regions:          1581056 Byte
20220312 061922.398 INFO             PET0 PIOc_freedecomp Enter - MemInfo: [malloc] Maximum total allocated space:                     0 Byte
20220312 061922.398 INFO             PET0 PIOc_freedecomp Enter - MemInfo: [malloc] Space in freed fastbin blocks:                  2288 Byte
20220312 061922.398 INFO             PET0 PIOc_freedecomp Enter - MemInfo: [malloc] Total allocated space:                       3324976 Byte
20220312 061922.398 INFO             PET0 PIOc_freedecomp Enter - MemInfo: [malloc] Total free space:                             574416 Byte
20220312 061922.398 INFO             PET0 PIOc_freedecomp Enter - MemInfo: [malloc] Top-most, releasable space:                   350896 Byte
20220312 061922.398 INFO             PET0 PIOc_freedecomp Enter - MemInfo: [malloc] Total space in use, mmap + non-mmap:         4906032 Byte
20220312 061922.398 INFO             PET0 PIOc_freedecomp Enter - MemInfo: [malloc] Total space held (mmap + non-mmap):          5480448 Byte
20220312 061922.398 INFO             PET0 PIOc_freedecomp Enter - MemInfo: [malloc] Total space used (mmap + non-mmap):          4915376 Byte
20220312 061922.398 INFO             PET0 PIOc_freedecomp Enter - MemInfo: Wall-clock time since execution start:              0.0254414 seconds
20220312 061922.398 INFO             PET0 PIOc_freedecomp Exit - MemInfo: [/proc/meminfo - SSI]	MemTotal:       65507008 kB
20220312 061922.398 INFO             PET0 PIOc_freedecomp Exit - MemInfo: [/proc/meminfo - SSI]	MemFree:        49675924 kB
20220312 061922.398 INFO             PET0 PIOc_freedecomp Exit - MemInfo: [/proc/meminfo - SSI]	MemAvailable:   49442740 kB
20220312 061922.398 INFO             PET0 PIOc_freedecomp Exit - MemInfo: [/proc/meminfo - SSI]	Committed_AS:   12968168 kB
20220312 061922.398 INFO             PET0 PIOc_freedecomp Exit - MemInfo: [/proc/meminfo - SSI]	CommittedPercent: 19.7966 %
20220312 061922.398 INFO             PET0 PIOc_freedecomp Exit - MemInfo: [/proc/self/status]	VmPeak:	  524776 kB
20220312 061922.398 INFO             PET0 PIOc_freedecomp Exit - MemInfo: [/proc/self/status]	VmSize:	  507872 kB
20220312 061922.398 INFO             PET0 PIOc_freedecomp Exit - MemInfo: [/proc/self/status]	VmLck:	       0 kB
20220312 061922.398 INFO             PET0 PIOc_freedecomp Exit - MemInfo: [/proc/self/status]	VmPin:	       0 kB
20220312 061922.398 INFO             PET0 PIOc_freedecomp Exit - MemInfo: [/proc/self/status]	VmHWM:	   64888 kB
20220312 061922.398 INFO             PET0 PIOc_freedecomp Exit - MemInfo: [/proc/self/status]	VmRSS:	   20816 kB
20220312 061922.398 INFO             PET0 PIOc_freedecomp Exit - MemInfo: [/proc/self/status]	VmData:	   15884 kB
20220312 061922.398 INFO             PET0 PIOc_freedecomp Exit - MemInfo: [/proc/self/status]	VmStk:	     148 kB
20220312 061922.398 INFO             PET0 PIOc_freedecomp Exit - MemInfo: [/proc/self/status]	VmExe:	     228 kB
20220312 061922.398 INFO             PET0 PIOc_freedecomp Exit - MemInfo: [/proc/self/status]	VmLib:	   49272 kB
20220312 061922.398 INFO             PET0 PIOc_freedecomp Exit - MemInfo: [/proc/self/status]	VmPTE:	     736 kB
20220312 061922.398 INFO             PET0 PIOc_freedecomp Exit - MemInfo: [/proc/self/status]	VmPMD:	      12 kB
20220312 061922.398 INFO             PET0 PIOc_freedecomp Exit - MemInfo: [/proc/self/status]	VmSwap:	       0 kB
20220312 061922.398 INFO             PET0 PIOc_freedecomp Exit - MemInfo: [/proc/self/status]	VmRSSPercent: 0.0317768 %
20220312 061922.398 INFO             PET0 PIOc_freedecomp Exit - MemInfo: [malloc] Non-mmapped space allocated:                 3899392 Byte
20220312 061922.398 INFO             PET0 PIOc_freedecomp Exit - MemInfo: [malloc] Space allocated in mmapped regions:          1581056 Byte
20220312 061922.398 INFO             PET0 PIOc_freedecomp Exit - MemInfo: [malloc] Maximum total allocated space:                     0 Byte
20220312 061922.398 INFO             PET0 PIOc_freedecomp Exit - MemInfo: [malloc] Space in freed fastbin blocks:                  1808 Byte
20220312 061922.398 INFO             PET0 PIOc_freedecomp Exit - MemInfo: [malloc] Total allocated space:                       3293936 Byte
20220312 061922.398 INFO             PET0 PIOc_freedecomp Exit - MemInfo: [malloc] Total free space:                             605456 Byte
20220312 061922.398 INFO             PET0 PIOc_freedecomp Exit - MemInfo: [malloc] Top-most, releasable space:                   372944 Byte
20220312 061922.398 INFO             PET0 PIOc_freedecomp Exit - MemInfo: [malloc] Total space in use, mmap + non-mmap:         4874992 Byte
20220312 061922.398 INFO             PET0 PIOc_freedecomp Exit - MemInfo: [malloc] Total space held (mmap + non-mmap):          5480448 Byte
20220312 061922.398 INFO             PET0 PIOc_freedecomp Exit - MemInfo: [malloc] Total space used (mmap + non-mmap):          4884336 Byte
20220312 061922.398 INFO             PET0 PIOc_freedecomp Exit - MemInfo: Wall-clock time since execution start:              0.0257805 seconds
20220312 061922.398 INFO             PET0 PIOc_freedecomp Enter - MemInfo: [/proc/meminfo - SSI]	MemTotal:       65507008 kB
20220312 061922.398 INFO             PET0 PIOc_freedecomp Enter - MemInfo: [/proc/meminfo - SSI]	MemFree:        49675924 kB
20220312 061922.398 INFO             PET0 PIOc_freedecomp Enter - MemInfo: [/proc/meminfo - SSI]	MemAvailable:   49442740 kB
20220312 061922.398 INFO             PET0 PIOc_freedecomp Enter - MemInfo: [/proc/meminfo - SSI]	Committed_AS:   12968168 kB
20220312 061922.398 INFO             PET0 PIOc_freedecomp Enter - MemInfo: [/proc/meminfo - SSI]	CommittedPercent: 19.7966 %
20220312 061922.398 INFO             PET0 PIOc_freedecomp Enter - MemInfo: [/proc/self/status]	VmPeak:	  524776 kB
20220312 061922.398 INFO             PET0 PIOc_freedecomp Enter - MemInfo: [/proc/self/status]	VmSize:	  507872 kB
20220312 061922.398 INFO             PET0 PIOc_freedecomp Enter - MemInfo: [/proc/self/status]	VmLck:	       0 kB
20220312 061922.398 INFO             PET0 PIOc_freedecomp Enter - MemInfo: [/proc/self/status]	VmPin:	       0 kB
20220312 061922.398 INFO             PET0 PIOc_freedecomp Enter - MemInfo: [/proc/self/status]	VmHWM:	   64888 kB
20220312 061922.398 INFO             PET0 PIOc_freedecomp Enter - MemInfo: [/proc/self/status]	VmRSS:	   20816 kB
20220312 061922.398 INFO             PET0 PIOc_freedecomp Enter - MemInfo: [/proc/self/status]	VmData:	   15884 kB
20220312 061922.398 INFO             PET0 PIOc_freedecomp Enter - MemInfo: [/proc/self/status]	VmStk:	     148 kB
20220312 061922.398 INFO             PET0 PIOc_freedecomp Enter - MemInfo: [/proc/self/status]	VmExe:	     228 kB
20220312 061922.398 INFO             PET0 PIOc_freedecomp Enter - MemInfo: [/proc/self/status]	VmLib:	   49272 kB
20220312 061922.398 INFO             PET0 PIOc_freedecomp Enter - MemInfo: [/proc/self/status]	VmPTE:	     736 kB
20220312 061922.398 INFO             PET0 PIOc_freedecomp Enter - MemInfo: [/proc/self/status]	VmPMD:	      12 kB
20220312 061922.398 INFO             PET0 PIOc_freedecomp Enter - MemInfo: [/proc/self/status]	VmSwap:	       0 kB
20220312 061922.398 INFO             PET0 PIOc_freedecomp Enter - MemInfo: [/proc/self/status]	VmRSSPercent: 0.0317768 %
20220312 061922.398 INFO             PET0 PIOc_freedecomp Enter - MemInfo: [malloc] Non-mmapped space allocated:                 3899392 Byte
20220312 061922.398 INFO             PET0 PIOc_freedecomp Enter - MemInfo: [malloc] Space allocated in mmapped regions:          1581056 Byte
20220312 061922.398 INFO             PET0 PIOc_freedecomp Enter - MemInfo: [malloc] Maximum total allocated space:                     0 Byte
20220312 061922.398 INFO             PET0 PIOc_freedecomp Enter - MemInfo: [malloc] Space in freed fastbin blocks:                  2288 Byte
20220312 061922.398 INFO             PET0 PIOc_freedecomp Enter - MemInfo: [malloc] Total allocated space:                       3293808 Byte
20220312 061922.398 INFO             PET0 PIOc_freedecomp Enter - MemInfo: [malloc] Total free space:                             605584 Byte
20220312 061922.398 INFO             PET0 PIOc_freedecomp Enter - MemInfo: [malloc] Top-most, releasable space:                   372944 Byte
20220312 061922.398 INFO             PET0 PIOc_freedecomp Enter - MemInfo: [malloc] Total space in use, mmap + non-mmap:         4874864 Byte
20220312 061922.398 INFO             PET0 PIOc_freedecomp Enter - MemInfo: [malloc] Total space held (mmap + non-mmap):          5480448 Byte
20220312 061922.398 INFO             PET0 PIOc_freedecomp Enter - MemInfo: [malloc] Total space used (mmap + non-mmap):          4884208 Byte
20220312 061922.398 INFO             PET0 PIOc_freedecomp Enter - MemInfo: Wall-clock time since execution start:              0.0261178 seconds
20220312 061922.398 INFO             PET0 PIOc_freedecomp Exit - MemInfo: [/proc/meminfo - SSI]	MemTotal:       65507008 kB
20220312 061922.398 INFO             PET0 PIOc_freedecomp Exit - MemInfo: [/proc/meminfo - SSI]	MemFree:        49675924 kB
20220312 061922.398 INFO             PET0 PIOc_freedecomp Exit - MemInfo: [/proc/meminfo - SSI]	MemAvailable:   49442740 kB
20220312 061922.398 INFO             PET0 PIOc_freedecomp Exit - MemInfo: [/proc/meminfo - SSI]	Committed_AS:   12968168 kB
20220312 061922.398 INFO             PET0 PIOc_freedecomp Exit - MemInfo: [/proc/meminfo - SSI]	CommittedPercent: 19.7966 %
20220312 061922.398 INFO             PET0 PIOc_freedecomp Exit - MemInfo: [/proc/self/status]	VmPeak:	  524776 kB
20220312 061922.398 INFO             PET0 PIOc_freedecomp Exit - MemInfo: [/proc/self/status]	VmSize:	  507872 kB
20220312 061922.398 INFO             PET0 PIOc_freedecomp Exit - MemInfo: [/proc/self/status]	VmLck:	       0 kB
20220312 061922.398 INFO             PET0 PIOc_freedecomp Exit - MemInfo: [/proc/self/status]	VmPin:	       0 kB
20220312 061922.398 INFO             PET0 PIOc_freedecomp Exit - MemInfo: [/proc/self/status]	VmHWM:	   64888 kB
20220312 061922.399 INFO             PET0 PIOc_freedecomp Exit - MemInfo: [/proc/self/status]	VmRSS:	   20816 kB
20220312 061922.399 INFO             PET0 PIOc_freedecomp Exit - MemInfo: [/proc/self/status]	VmData:	   15884 kB
20220312 061922.399 INFO             PET0 PIOc_freedecomp Exit - MemInfo: [/proc/self/status]	VmStk:	     148 kB
20220312 061922.399 INFO             PET0 PIOc_freedecomp Exit - MemInfo: [/proc/self/status]	VmExe:	     228 kB
20220312 061922.399 INFO             PET0 PIOc_freedecomp Exit - MemInfo: [/proc/self/status]	VmLib:	   49272 kB
20220312 061922.399 INFO             PET0 PIOc_freedecomp Exit - MemInfo: [/proc/self/status]	VmPTE:	     736 kB
20220312 061922.399 INFO             PET0 PIOc_freedecomp Exit - MemInfo: [/proc/self/status]	VmPMD:	      12 kB
20220312 061922.399 INFO             PET0 PIOc_freedecomp Exit - MemInfo: [/proc/self/status]	VmSwap:	       0 kB
20220312 061922.399 INFO             PET0 PIOc_freedecomp Exit - MemInfo: [/proc/self/status]	VmRSSPercent: 0.0317768 %
20220312 061922.399 INFO             PET0 PIOc_freedecomp Exit - MemInfo: [malloc] Non-mmapped space allocated:                 3899392 Byte
20220312 061922.399 INFO             PET0 PIOc_freedecomp Exit - MemInfo: [malloc] Space allocated in mmapped regions:          1581056 Byte
20220312 061922.399 INFO             PET0 PIOc_freedecomp Exit - MemInfo: [malloc] Maximum total allocated space:                     0 Byte
20220312 061922.399 INFO             PET0 PIOc_freedecomp Exit - MemInfo: [malloc] Space in freed fastbin blocks:                  3008 Byte
20220312 061922.399 INFO             PET0 PIOc_freedecomp Exit - MemInfo: [malloc] Total allocated space:                       3280848 Byte
20220312 061922.399 INFO             PET0 PIOc_freedecomp Exit - MemInfo: [malloc] Total free space:                             618544 Byte
20220312 061922.399 INFO             PET0 PIOc_freedecomp Exit - MemInfo: [malloc] Top-most, releasable space:                   372944 Byte
20220312 061922.399 INFO             PET0 PIOc_freedecomp Exit - MemInfo: [malloc] Total space in use, mmap + non-mmap:         4861904 Byte
20220312 061922.399 INFO             PET0 PIOc_freedecomp Exit - MemInfo: [malloc] Total space held (mmap + non-mmap):          5480448 Byte
20220312 061922.399 INFO             PET0 PIOc_freedecomp Exit - MemInfo: [malloc] Total space used (mmap + non-mmap):          4871232 Byte
20220312 061922.399 INFO             PET0 PIOc_freedecomp Exit - MemInfo: Wall-clock time since execution start:              0.0264617 seconds
20220312 061922.399 INFO             PET0  PASS  Writing a FieldBundle to a single file Test, ESMF_FieldBundleIOUTest.F90, line 355
20220312 061922.410 INFO             PET0 PIOc_sync Enter - MemInfo: [/proc/meminfo - SSI]	MemTotal:       65507008 kB
20220312 061922.410 INFO             PET0 PIOc_sync Enter - MemInfo: [/proc/meminfo - SSI]	MemFree:        49660812 kB
20220312 061922.410 INFO             PET0 PIOc_sync Enter - MemInfo: [/proc/meminfo - SSI]	MemAvailable:   49427700 kB
20220312 061922.410 INFO             PET0 PIOc_sync Enter - MemInfo: [/proc/meminfo - SSI]	Committed_AS:   12984312 kB
20220312 061922.410 INFO             PET0 PIOc_sync Enter - MemInfo: [/proc/meminfo - SSI]	CommittedPercent: 19.8213 %
20220312 061922.410 INFO             PET0 PIOc_sync Enter - MemInfo: [/proc/self/status]	VmPeak:	  524776 kB
20220312 061922.410 INFO             PET0 PIOc_sync Enter - MemInfo: [/proc/self/status]	VmSize:	  524532 kB
20220312 061922.410 INFO             PET0 PIOc_sync Enter - MemInfo: [/proc/self/status]	VmLck:	       0 kB
20220312 061922.410 INFO             PET0 PIOc_sync Enter - MemInfo: [/proc/self/status]	VmPin:	       0 kB
20220312 061922.410 INFO             PET0 PIOc_sync Enter - MemInfo: [/proc/self/status]	VmHWM:	   64888 kB
20220312 061922.410 INFO             PET0 PIOc_sync Enter - MemInfo: [/proc/self/status]	VmRSS:	   37532 kB
20220312 061922.410 INFO             PET0 PIOc_sync Enter - MemInfo: [/proc/self/status]	VmData:	   32544 kB
20220312 061922.410 INFO             PET0 PIOc_sync Enter - MemInfo: [/proc/self/status]	VmStk:	     148 kB
20220312 061922.410 INFO             PET0 PIOc_sync Enter - MemInfo: [/proc/self/status]	VmExe:	     228 kB
20220312 061922.410 INFO             PET0 PIOc_sync Enter - MemInfo: [/proc/self/status]	VmLib:	   49272 kB
20220312 061922.410 INFO             PET0 PIOc_sync Enter - MemInfo: [/proc/self/status]	VmPTE:	     768 kB
20220312 061922.410 INFO             PET0 PIOc_sync Enter - MemInfo: [/proc/self/status]	VmPMD:	      12 kB
20220312 061922.410 INFO             PET0 PIOc_sync Enter - MemInfo: [/proc/self/status]	VmSwap:	       0 kB
20220312 061922.410 INFO             PET0 PIOc_sync Enter - MemInfo: [/proc/self/status]	VmRSSPercent: 0.0572946 %
20220312 061922.410 INFO             PET0 PIOc_sync Enter - MemInfo: [malloc] Non-mmapped space allocated:                20959232 Byte
20220312 061922.410 INFO             PET0 PIOc_sync Enter - MemInfo: [malloc] Space allocated in mmapped regions:          1581056 Byte
20220312 061922.410 INFO             PET0 PIOc_sync Enter - MemInfo: [malloc] Maximum total allocated space:                     0 Byte
20220312 061922.410 INFO             PET0 PIOc_sync Enter - MemInfo: [malloc] Space in freed fastbin blocks:                  2576 Byte
20220312 061922.410 INFO             PET0 PIOc_sync Enter - MemInfo: [malloc] Total allocated space:                      20610592 Byte
20220312 061922.410 INFO             PET0 PIOc_sync Enter - MemInfo: [malloc] Total free space:                             348640 Byte
20220312 061922.410 INFO             PET0 PIOc_sync Enter - MemInfo: [malloc] Top-most, releasable space:                   131248 Byte
20220312 061922.410 INFO             PET0 PIOc_sync Enter - MemInfo: [malloc] Total space in use, mmap + non-mmap:        22191648 Byte
20220312 061922.410 INFO             PET0 PIOc_sync Enter - MemInfo: [malloc] Total space held (mmap + non-mmap):         22540288 Byte
20220312 061922.410 INFO             PET0 PIOc_sync Enter - MemInfo: [malloc] Total space used (mmap + non-mmap):         22200976 Byte
20220312 061922.410 INFO             PET0 PIOc_sync Enter - MemInfo: Wall-clock time since execution start:              0.0377767 seconds
20220312 061922.412 INFO             PET0 PIOc_sync Exit - MemInfo: [/proc/meminfo - SSI]	MemTotal:       65507008 kB
20220312 061922.412 INFO             PET0 PIOc_sync Exit - MemInfo: [/proc/meminfo - SSI]	MemFree:        49660812 kB
20220312 061922.412 INFO             PET0 PIOc_sync Exit - MemInfo: [/proc/meminfo - SSI]	MemAvailable:   49427700 kB
20220312 061922.412 INFO             PET0 PIOc_sync Exit - MemInfo: [/proc/meminfo - SSI]	Committed_AS:   12984312 kB
20220312 061922.412 INFO             PET0 PIOc_sync Exit - MemInfo: [/proc/meminfo - SSI]	CommittedPercent: 19.8213 %
20220312 061922.412 INFO             PET0 PIOc_sync Exit - MemInfo: [/proc/self/status]	VmPeak:	  524776 kB
20220312 061922.412 INFO             PET0 PIOc_sync Exit - MemInfo: [/proc/self/status]	VmSize:	  524532 kB
20220312 061922.412 INFO             PET0 PIOc_sync Exit - MemInfo: [/proc/self/status]	VmLck:	       0 kB
20220312 061922.412 INFO             PET0 PIOc_sync Exit - MemInfo: [/proc/self/status]	VmPin:	       0 kB
20220312 061922.412 INFO             PET0 PIOc_sync Exit - MemInfo: [/proc/self/status]	VmHWM:	   64888 kB
20220312 061922.412 INFO             PET0 PIOc_sync Exit - MemInfo: [/proc/self/status]	VmRSS:	   37580 kB
20220312 061922.412 INFO             PET0 PIOc_sync Exit - MemInfo: [/proc/self/status]	VmData:	   32544 kB
20220312 061922.412 INFO             PET0 PIOc_sync Exit - MemInfo: [/proc/self/status]	VmStk:	     148 kB
20220312 061922.412 INFO             PET0 PIOc_sync Exit - MemInfo: [/proc/self/status]	VmExe:	     228 kB
20220312 061922.412 INFO             PET0 PIOc_sync Exit - MemInfo: [/proc/self/status]	VmLib:	   49272 kB
20220312 061922.412 INFO             PET0 PIOc_sync Exit - MemInfo: [/proc/self/status]	VmPTE:	     768 kB
20220312 061922.412 INFO             PET0 PIOc_sync Exit - MemInfo: [/proc/self/status]	VmPMD:	      12 kB
20220312 061922.412 INFO             PET0 PIOc_sync Exit - MemInfo: [/proc/self/status]	VmSwap:	       0 kB
20220312 061922.412 INFO             PET0 PIOc_sync Exit - MemInfo: [/proc/self/status]	VmRSSPercent: 0.0573679 %
20220312 061922.412 INFO             PET0 PIOc_sync Exit - MemInfo: [malloc] Non-mmapped space allocated:                20959232 Byte
20220312 061922.412 INFO             PET0 PIOc_sync Exit - MemInfo: [malloc] Space allocated in mmapped regions:          1581056 Byte
20220312 061922.412 INFO             PET0 PIOc_sync Exit - MemInfo: [malloc] Maximum total allocated space:                     0 Byte
20220312 061922.412 INFO             PET0 PIOc_sync Exit - MemInfo: [malloc] Space in freed fastbin blocks:                  1536 Byte
20220312 061922.412 INFO             PET0 PIOc_sync Exit - MemInfo: [malloc] Total allocated space:                      20654848 Byte
20220312 061922.412 INFO             PET0 PIOc_sync Exit - MemInfo: [malloc] Total free space:                             304384 Byte
20220312 061922.412 INFO             PET0 PIOc_sync Exit - MemInfo: [malloc] Top-most, releasable space:                   100480 Byte
20220312 061922.412 INFO             PET0 PIOc_sync Exit - MemInfo: [malloc] Total space in use, mmap + non-mmap:        22235904 Byte
20220312 061922.412 INFO             PET0 PIOc_sync Exit - MemInfo: [malloc] Total space held (mmap + non-mmap):         22540288 Byte
20220312 061922.412 INFO             PET0 PIOc_sync Exit - MemInfo: [malloc] Total space used (mmap + non-mmap):         22245232 Byte
20220312 061922.412 INFO             PET0 PIOc_sync Exit - MemInfo: Wall-clock time since execution start:              0.0398761 seconds
20220312 061922.412 INFO             PET0 PIOc_freedecomp Enter - MemInfo: [/proc/meminfo - SSI]	MemTotal:       65507008 kB
20220312 061922.412 INFO             PET0 PIOc_freedecomp Enter - MemInfo: [/proc/meminfo - SSI]	MemFree:        49660812 kB
20220312 061922.412 INFO             PET0 PIOc_freedecomp Enter - MemInfo: [/proc/meminfo - SSI]	MemAvailable:   49427700 kB
20220312 061922.412 INFO             PET0 PIOc_freedecomp Enter - MemInfo: [/proc/meminfo - SSI]	Committed_AS:   12984312 kB
20220312 061922.412 INFO             PET0 PIOc_freedecomp Enter - MemInfo: [/proc/meminfo - SSI]	CommittedPercent: 19.8213 %
20220312 061922.412 INFO             PET0 PIOc_freedecomp Enter - MemInfo: [/proc/self/status]	VmPeak:	  524776 kB
20220312 061922.412 INFO             PET0 PIOc_freedecomp Enter - MemInfo: [/proc/self/status]	VmSize:	  524532 kB
20220312 061922.412 INFO             PET0 PIOc_freedecomp Enter - MemInfo: [/proc/self/status]	VmLck:	       0 kB
20220312 061922.412 INFO             PET0 PIOc_freedecomp Enter - MemInfo: [/proc/self/status]	VmPin:	       0 kB
20220312 061922.412 INFO             PET0 PIOc_freedecomp Enter - MemInfo: [/proc/self/status]	VmHWM:	   64888 kB
20220312 061922.412 INFO             PET0 PIOc_freedecomp Enter - MemInfo: [/proc/self/status]	VmRSS:	   37584 kB
20220312 061922.412 INFO             PET0 PIOc_freedecomp Enter - MemInfo: [/proc/self/status]	VmData:	   32544 kB
20220312 061922.412 INFO             PET0 PIOc_freedecomp Enter - MemInfo: [/proc/self/status]	VmStk:	     148 kB
20220312 061922.412 INFO             PET0 PIOc_freedecomp Enter - MemInfo: [/proc/self/status]	VmExe:	     228 kB
20220312 061922.412 INFO             PET0 PIOc_freedecomp Enter - MemInfo: [/proc/self/status]	VmLib:	   49272 kB
20220312 061922.412 INFO             PET0 PIOc_freedecomp Enter - MemInfo: [/proc/self/status]	VmPTE:	     768 kB
20220312 061922.412 INFO             PET0 PIOc_freedecomp Enter - MemInfo: [/proc/self/status]	VmPMD:	      12 kB
20220312 061922.412 INFO             PET0 PIOc_freedecomp Enter - MemInfo: [/proc/self/status]	VmSwap:	       0 kB
20220312 061922.412 INFO             PET0 PIOc_freedecomp Enter - MemInfo: [/proc/self/status]	VmRSSPercent: 0.057374 %
20220312 061922.412 INFO             PET0 PIOc_freedecomp Enter - MemInfo: [malloc] Non-mmapped space allocated:                20959232 Byte
20220312 061922.412 INFO             PET0 PIOc_freedecomp Enter - MemInfo: [malloc] Space allocated in mmapped regions:          1581056 Byte
20220312 061922.412 INFO             PET0 PIOc_freedecomp Enter - MemInfo: [malloc] Maximum total allocated space:                     0 Byte
20220312 061922.412 INFO             PET0 PIOc_freedecomp Enter - MemInfo: [malloc] Space in freed fastbin blocks:                  1872 Byte
20220312 061922.412 INFO             PET0 PIOc_freedecomp Enter - MemInfo: [malloc] Total allocated space:                       3338464 Byte
20220312 061922.412 INFO             PET0 PIOc_freedecomp Enter - MemInfo: [malloc] Total free space:                           17620768 Byte
20220312 061922.412 INFO             PET0 PIOc_freedecomp Enter - MemInfo: [malloc] Top-most, releasable space:                   100480 Byte
20220312 061922.413 INFO             PET0 PIOc_freedecomp Enter - MemInfo: [malloc] Total space in use, mmap + non-mmap:         4919520 Byte
20220312 061922.413 INFO             PET0 PIOc_freedecomp Enter - MemInfo: [malloc] Total space held (mmap + non-mmap):         22540288 Byte
20220312 061922.413 INFO             PET0 PIOc_freedecomp Enter - MemInfo: [malloc] Total space used (mmap + non-mmap):          4928848 Byte
20220312 061922.413 INFO             PET0 PIOc_freedecomp Enter - MemInfo: Wall-clock time since execution start:              0.0403142 seconds
20220312 061922.413 INFO             PET0 PIOc_freedecomp Exit - MemInfo: [/proc/meminfo - SSI]	MemTotal:       65507008 kB
20220312 061922.413 INFO             PET0 PIOc_freedecomp Exit - MemInfo: [/proc/meminfo - SSI]	MemFree:        49660812 kB
20220312 061922.413 INFO             PET0 PIOc_freedecomp Exit - MemInfo: [/proc/meminfo - SSI]	MemAvailable:   49427700 kB
20220312 061922.413 INFO             PET0 PIOc_freedecomp Exit - MemInfo: [/proc/meminfo - SSI]	Committed_AS:   12984312 kB
20220312 061922.413 INFO             PET0 PIOc_freedecomp Exit - MemInfo: [/proc/meminfo - SSI]	CommittedPercent: 19.8213 %
20220312 061922.413 INFO             PET0 PIOc_freedecomp Exit - MemInfo: [/proc/self/status]	VmPeak:	  524776 kB
20220312 061922.413 INFO             PET0 PIOc_freedecomp Exit - MemInfo: [/proc/self/status]	VmSize:	  524532 kB
20220312 061922.413 INFO             PET0 PIOc_freedecomp Exit - MemInfo: [/proc/self/status]	VmLck:	       0 kB
20220312 061922.413 INFO             PET0 PIOc_freedecomp Exit - MemInfo: [/proc/self/status]	VmPin:	       0 kB
20220312 061922.413 INFO             PET0 PIOc_freedecomp Exit - MemInfo: [/proc/self/status]	VmHWM:	   64888 kB
20220312 061922.413 INFO             PET0 PIOc_freedecomp Exit - MemInfo: [/proc/self/status]	VmRSS:	   37584 kB
20220312 061922.413 INFO             PET0 PIOc_freedecomp Exit - MemInfo: [/proc/self/status]	VmData:	   32544 kB
20220312 061922.413 INFO             PET0 PIOc_freedecomp Exit - MemInfo: [/proc/self/status]	VmStk:	     148 kB
20220312 061922.413 INFO             PET0 PIOc_freedecomp Exit - MemInfo: [/proc/self/status]	VmExe:	     228 kB
20220312 061922.413 INFO             PET0 PIOc_freedecomp Exit - MemInfo: [/proc/self/status]	VmLib:	   49272 kB
20220312 061922.413 INFO             PET0 PIOc_freedecomp Exit - MemInfo: [/proc/self/status]	VmPTE:	     768 kB
20220312 061922.413 INFO             PET0 PIOc_freedecomp Exit - MemInfo: [/proc/self/status]	VmPMD:	      12 kB
20220312 061922.413 INFO             PET0 PIOc_freedecomp Exit - MemInfo: [/proc/self/status]	VmSwap:	       0 kB
20220312 061922.413 INFO             PET0 PIOc_freedecomp Exit - MemInfo: [/proc/self/status]	VmRSSPercent: 0.057374 %
20220312 061922.413 INFO             PET0 PIOc_freedecomp Exit - MemInfo: [malloc] Non-mmapped space allocated:                20959232 Byte
20220312 061922.413 INFO             PET0 PIOc_freedecomp Exit - MemInfo: [malloc] Space allocated in mmapped regions:          1581056 Byte
20220312 061922.413 INFO             PET0 PIOc_freedecomp Exit - MemInfo: [malloc] Maximum total allocated space:                     0 Byte
20220312 061922.413 INFO             PET0 PIOc_freedecomp Exit - MemInfo: [malloc] Space in freed fastbin blocks:                  1696 Byte
20220312 061922.413 INFO             PET0 PIOc_freedecomp Exit - MemInfo: [malloc] Total allocated space:                       3326128 Byte
20220312 061922.413 INFO             PET0 PIOc_freedecomp Exit - MemInfo: [malloc] Total free space:                           17633104 Byte
20220312 061922.413 INFO             PET0 PIOc_freedecomp Exit - MemInfo: [malloc] Top-most, releasable space:                   108208 Byte
20220312 061922.413 INFO             PET0 PIOc_freedecomp Exit - MemInfo: [malloc] Total space in use, mmap + non-mmap:         4907184 Byte
20220312 061922.413 INFO             PET0 PIOc_freedecomp Exit - MemInfo: [malloc] Total space held (mmap + non-mmap):         22540288 Byte
20220312 061922.413 INFO             PET0 PIOc_freedecomp Exit - MemInfo: [malloc] Total space used (mmap + non-mmap):          4916512 Byte
20220312 061922.413 INFO             PET0 PIOc_freedecomp Exit - MemInfo: Wall-clock time since execution start:              0.0406603 seconds
20220312 061922.413 INFO             PET0 PIOc_freedecomp Enter - MemInfo: [/proc/meminfo - SSI]	MemTotal:       65507008 kB
20220312 061922.413 INFO             PET0 PIOc_freedecomp Enter - MemInfo: [/proc/meminfo - SSI]	MemFree:        49660812 kB
20220312 061922.413 INFO             PET0 PIOc_freedecomp Enter - MemInfo: [/proc/meminfo - SSI]	MemAvailable:   49427700 kB
20220312 061922.413 INFO             PET0 PIOc_freedecomp Enter - MemInfo: [/proc/meminfo - SSI]	Committed_AS:   12984312 kB
20220312 061922.413 INFO             PET0 PIOc_freedecomp Enter - MemInfo: [/proc/meminfo - SSI]	CommittedPercent: 19.8213 %
20220312 061922.413 INFO             PET0 PIOc_freedecomp Enter - MemInfo: [/proc/self/status]	VmPeak:	  524776 kB
20220312 061922.413 INFO             PET0 PIOc_freedecomp Enter - MemInfo: [/proc/self/status]	VmSize:	  524532 kB
20220312 061922.413 INFO             PET0 PIOc_freedecomp Enter - MemInfo: [/proc/self/status]	VmLck:	       0 kB
20220312 061922.413 INFO             PET0 PIOc_freedecomp Enter - MemInfo: [/proc/self/status]	VmPin:	       0 kB
20220312 061922.413 INFO             PET0 PIOc_freedecomp Enter - MemInfo: [/proc/self/status]	VmHWM:	   64888 kB
20220312 061922.413 INFO             PET0 PIOc_freedecomp Enter - MemInfo: [/proc/self/status]	VmRSS:	   37584 kB
20220312 061922.413 INFO             PET0 PIOc_freedecomp Enter - MemInfo: [/proc/self/status]	VmData:	   32544 kB
20220312 061922.413 INFO             PET0 PIOc_freedecomp Enter - MemInfo: [/proc/self/status]	VmStk:	     148 kB
20220312 061922.413 INFO             PET0 PIOc_freedecomp Enter - MemInfo: [/proc/self/status]	VmExe:	     228 kB
20220312 061922.413 INFO             PET0 PIOc_freedecomp Enter - MemInfo: [/proc/self/status]	VmLib:	   49272 kB
20220312 061922.413 INFO             PET0 PIOc_freedecomp Enter - MemInfo: [/proc/self/status]	VmPTE:	     768 kB
20220312 061922.413 INFO             PET0 PIOc_freedecomp Enter - MemInfo: [/proc/self/status]	VmPMD:	      12 kB
20220312 061922.413 INFO             PET0 PIOc_freedecomp Enter - MemInfo: [/proc/self/status]	VmSwap:	       0 kB
20220312 061922.413 INFO             PET0 PIOc_freedecomp Enter - MemInfo: [/proc/self/status]	VmRSSPercent: 0.057374 %
20220312 061922.413 INFO             PET0 PIOc_freedecomp Enter - MemInfo: [malloc] Non-mmapped space allocated:                20959232 Byte
20220312 061922.413 INFO             PET0 PIOc_freedecomp Enter - MemInfo: [malloc] Space allocated in mmapped regions:          1581056 Byte
20220312 061922.413 INFO             PET0 PIOc_freedecomp Enter - MemInfo: [malloc] Maximum total allocated space:                     0 Byte
20220312 061922.413 INFO             PET0 PIOc_freedecomp Enter - MemInfo: [malloc] Space in freed fastbin blocks:                  2304 Byte
20220312 061922.413 INFO             PET0 PIOc_freedecomp Enter - MemInfo: [malloc] Total allocated space:                       3326000 Byte
20220312 061922.413 INFO             PET0 PIOc_freedecomp Enter - MemInfo: [malloc] Total free space:                           17633232 Byte
20220312 061922.413 INFO             PET0 PIOc_freedecomp Enter - MemInfo: [malloc] Top-most, releasable space:                   109200 Byte
20220312 061922.413 INFO             PET0 PIOc_freedecomp Enter - MemInfo: [malloc] Total space in use, mmap + non-mmap:         4907056 Byte
20220312 061922.413 INFO             PET0 PIOc_freedecomp Enter - MemInfo: [malloc] Total space held (mmap + non-mmap):         22540288 Byte
20220312 061922.413 INFO             PET0 PIOc_freedecomp Enter - MemInfo: [malloc] Total space used (mmap + non-mmap):          4916384 Byte
20220312 061922.413 INFO             PET0 PIOc_freedecomp Enter - MemInfo: Wall-clock time since execution start:              0.0410004 seconds
20220312 061922.413 INFO             PET0 PIOc_freedecomp Exit - MemInfo: [/proc/meminfo - SSI]	MemTotal:       65507008 kB
20220312 061922.413 INFO             PET0 PIOc_freedecomp Exit - MemInfo: [/proc/meminfo - SSI]	MemFree:        49660812 kB
20220312 061922.413 INFO             PET0 PIOc_freedecomp Exit - MemInfo: [/proc/meminfo - SSI]	MemAvailable:   49427700 kB
20220312 061922.413 INFO             PET0 PIOc_freedecomp Exit - MemInfo: [/proc/meminfo - SSI]	Committed_AS:   12984312 kB
20220312 061922.413 INFO             PET0 PIOc_freedecomp Exit - MemInfo: [/proc/meminfo - SSI]	CommittedPercent: 19.8213 %
20220312 061922.413 INFO             PET0 PIOc_freedecomp Exit - MemInfo: [/proc/self/status]	VmPeak:	  524776 kB
20220312 061922.413 INFO             PET0 PIOc_freedecomp Exit - MemInfo: [/proc/self/status]	VmSize:	  524532 kB
20220312 061922.413 INFO             PET0 PIOc_freedecomp Exit - MemInfo: [/proc/self/status]	VmLck:	       0 kB
20220312 061922.413 INFO             PET0 PIOc_freedecomp Exit - MemInfo: [/proc/self/status]	VmPin:	       0 kB
20220312 061922.413 INFO             PET0 PIOc_freedecomp Exit - MemInfo: [/proc/self/status]	VmHWM:	   64888 kB
20220312 061922.413 INFO             PET0 PIOc_freedecomp Exit - MemInfo: [/proc/self/status]	VmRSS:	   37584 kB
20220312 061922.413 INFO             PET0 PIOc_freedecomp Exit - MemInfo: [/proc/self/status]	VmData:	   32544 kB
20220312 061922.413 INFO             PET0 PIOc_freedecomp Exit - MemInfo: [/proc/self/status]	VmStk:	     148 kB
20220312 061922.413 INFO             PET0 PIOc_freedecomp Exit - MemInfo: [/proc/self/status]	VmExe:	     228 kB
20220312 061922.413 INFO             PET0 PIOc_freedecomp Exit - MemInfo: [/proc/self/status]	VmLib:	   49272 kB
20220312 061922.413 INFO             PET0 PIOc_freedecomp Exit - MemInfo: [/proc/self/status]	VmPTE:	     768 kB
20220312 061922.413 INFO             PET0 PIOc_freedecomp Exit - MemInfo: [/proc/self/status]	VmPMD:	      12 kB
20220312 061922.413 INFO             PET0 PIOc_freedecomp Exit - MemInfo: [/proc/self/status]	VmSwap:	       0 kB
20220312 061922.413 INFO             PET0 PIOc_freedecomp Exit - MemInfo: [/proc/self/status]	VmRSSPercent: 0.057374 %
20220312 061922.413 INFO             PET0 PIOc_freedecomp Exit - MemInfo: [malloc] Non-mmapped space allocated:                20959232 Byte
20220312 061922.413 INFO             PET0 PIOc_freedecomp Exit - MemInfo: [malloc] Space allocated in mmapped regions:          1581056 Byte
20220312 061922.413 INFO             PET0 PIOc_freedecomp Exit - MemInfo: [malloc] Maximum total allocated space:                     0 Byte
20220312 061922.413 INFO             PET0 PIOc_freedecomp Exit - MemInfo: [malloc] Space in freed fastbin blocks:                  1808 Byte
20220312 061922.414 INFO             PET0 PIOc_freedecomp Exit - MemInfo: [malloc] Total allocated space:                       3294960 Byte
20220312 061922.414 INFO             PET0 PIOc_freedecomp Exit - MemInfo: [malloc] Total free space:                           17664272 Byte
20220312 061922.414 INFO             PET0 PIOc_freedecomp Exit - MemInfo: [malloc] Top-most, releasable space:                 17432784 Byte
20220312 061922.414 INFO             PET0 PIOc_freedecomp Exit - MemInfo: [malloc] Total space in use, mmap + non-mmap:         4876016 Byte
20220312 061922.414 INFO             PET0 PIOc_freedecomp Exit - MemInfo: [malloc] Total space held (mmap + non-mmap):         22540288 Byte
20220312 061922.414 INFO             PET0 PIOc_freedecomp Exit - MemInfo: [malloc] Total space used (mmap + non-mmap):          4885344 Byte
20220312 061922.414 INFO             PET0 PIOc_freedecomp Exit - MemInfo: Wall-clock time since execution start:              0.0413376 seconds
20220312 061922.414 INFO             PET0 PIOc_freedecomp Enter - MemInfo: [/proc/meminfo - SSI]	MemTotal:       65507008 kB
20220312 061922.414 INFO             PET0 PIOc_freedecomp Enter - MemInfo: [/proc/meminfo - SSI]	MemFree:        49660812 kB
20220312 061922.414 INFO             PET0 PIOc_freedecomp Enter - MemInfo: [/proc/meminfo - SSI]	MemAvailable:   49427700 kB
20220312 061922.414 INFO             PET0 PIOc_freedecomp Enter - MemInfo: [/proc/meminfo - SSI]	Committed_AS:   12984312 kB
20220312 061922.414 INFO             PET0 PIOc_freedecomp Enter - MemInfo: [/proc/meminfo - SSI]	CommittedPercent: 19.8213 %
20220312 061922.414 INFO             PET0 PIOc_freedecomp Enter - MemInfo: [/proc/self/status]	VmPeak:	  524776 kB
20220312 061922.414 INFO             PET0 PIOc_freedecomp Enter - MemInfo: [/proc/self/status]	VmSize:	  524532 kB
20220312 061922.414 INFO             PET0 PIOc_freedecomp Enter - MemInfo: [/proc/self/status]	VmLck:	       0 kB
20220312 061922.414 INFO             PET0 PIOc_freedecomp Enter - MemInfo: [/proc/self/status]	VmPin:	       0 kB
20220312 061922.414 INFO             PET0 PIOc_freedecomp Enter - MemInfo: [/proc/self/status]	VmHWM:	   64888 kB
20220312 061922.414 INFO             PET0 PIOc_freedecomp Enter - MemInfo: [/proc/self/status]	VmRSS:	   37584 kB
20220312 061922.414 INFO             PET0 PIOc_freedecomp Enter - MemInfo: [/proc/self/status]	VmData:	   32544 kB
20220312 061922.414 INFO             PET0 PIOc_freedecomp Enter - MemInfo: [/proc/self/status]	VmStk:	     148 kB
20220312 061922.414 INFO             PET0 PIOc_freedecomp Enter - MemInfo: [/proc/self/status]	VmExe:	     228 kB
20220312 061922.414 INFO             PET0 PIOc_freedecomp Enter - MemInfo: [/proc/self/status]	VmLib:	   49272 kB
20220312 061922.414 INFO             PET0 PIOc_freedecomp Enter - MemInfo: [/proc/self/status]	VmPTE:	     768 kB
20220312 061922.414 INFO             PET0 PIOc_freedecomp Enter - MemInfo: [/proc/self/status]	VmPMD:	      12 kB
20220312 061922.414 INFO             PET0 PIOc_freedecomp Enter - MemInfo: [/proc/self/status]	VmSwap:	       0 kB
20220312 061922.414 INFO             PET0 PIOc_freedecomp Enter - MemInfo: [/proc/self/status]	VmRSSPercent: 0.057374 %
20220312 061922.414 INFO             PET0 PIOc_freedecomp Enter - MemInfo: [malloc] Non-mmapped space allocated:                20959232 Byte
20220312 061922.414 INFO             PET0 PIOc_freedecomp Enter - MemInfo: [malloc] Space allocated in mmapped regions:          1581056 Byte
20220312 061922.414 INFO             PET0 PIOc_freedecomp Enter - MemInfo: [malloc] Maximum total allocated space:                     0 Byte
20220312 061922.414 INFO             PET0 PIOc_freedecomp Enter - MemInfo: [malloc] Space in freed fastbin blocks:                  2416 Byte
20220312 061922.414 INFO             PET0 PIOc_freedecomp Enter - MemInfo: [malloc] Total allocated space:                       3294832 Byte
20220312 061922.414 INFO             PET0 PIOc_freedecomp Enter - MemInfo: [malloc] Total free space:                           17664400 Byte
20220312 061922.414 INFO             PET0 PIOc_freedecomp Enter - MemInfo: [malloc] Top-most, releasable space:                 17432784 Byte
20220312 061922.414 INFO             PET0 PIOc_freedecomp Enter - MemInfo: [malloc] Total space in use, mmap + non-mmap:         4875888 Byte
20220312 061922.414 INFO             PET0 PIOc_freedecomp Enter - MemInfo: [malloc] Total space held (mmap + non-mmap):         22540288 Byte
20220312 061922.414 INFO             PET0 PIOc_freedecomp Enter - MemInfo: [malloc] Total space used (mmap + non-mmap):          4885216 Byte
20220312 061922.414 INFO             PET0 PIOc_freedecomp Enter - MemInfo: Wall-clock time since execution start:              0.0416754 seconds
20220312 061922.414 INFO             PET0 PIOc_freedecomp Exit - MemInfo: [/proc/meminfo - SSI]	MemTotal:       65507008 kB
20220312 061922.414 INFO             PET0 PIOc_freedecomp Exit - MemInfo: [/proc/meminfo - SSI]	MemFree:        49660812 kB
20220312 061922.414 INFO             PET0 PIOc_freedecomp Exit - MemInfo: [/proc/meminfo - SSI]	MemAvailable:   49427700 kB
20220312 061922.414 INFO             PET0 PIOc_freedecomp Exit - MemInfo: [/proc/meminfo - SSI]	Committed_AS:   12984312 kB
20220312 061922.414 INFO             PET0 PIOc_freedecomp Exit - MemInfo: [/proc/meminfo - SSI]	CommittedPercent: 19.8213 %
20220312 061922.414 INFO             PET0 PIOc_freedecomp Exit - MemInfo: [/proc/self/status]	VmPeak:	  524776 kB
20220312 061922.414 INFO             PET0 PIOc_freedecomp Exit - MemInfo: [/proc/self/status]	VmSize:	  524532 kB
20220312 061922.414 INFO             PET0 PIOc_freedecomp Exit - MemInfo: [/proc/self/status]	VmLck:	       0 kB
20220312 061922.414 INFO             PET0 PIOc_freedecomp Exit - MemInfo: [/proc/self/status]	VmPin:	       0 kB
20220312 061922.414 INFO             PET0 PIOc_freedecomp Exit - MemInfo: [/proc/self/status]	VmHWM:	   64888 kB
20220312 061922.414 INFO             PET0 PIOc_freedecomp Exit - MemInfo: [/proc/self/status]	VmRSS:	   37584 kB
20220312 061922.414 INFO             PET0 PIOc_freedecomp Exit - MemInfo: [/proc/self/status]	VmData:	   32544 kB
20220312 061922.414 INFO             PET0 PIOc_freedecomp Exit - MemInfo: [/proc/self/status]	VmStk:	     148 kB
20220312 061922.414 INFO             PET0 PIOc_freedecomp Exit - MemInfo: [/proc/self/status]	VmExe:	     228 kB
20220312 061922.414 INFO             PET0 PIOc_freedecomp Exit - MemInfo: [/proc/self/status]	VmLib:	   49272 kB
20220312 061922.414 INFO             PET0 PIOc_freedecomp Exit - MemInfo: [/proc/self/status]	VmPTE:	     768 kB
20220312 061922.414 INFO             PET0 PIOc_freedecomp Exit - MemInfo: [/proc/self/status]	VmPMD:	      12 kB
20220312 061922.414 INFO             PET0 PIOc_freedecomp Exit - MemInfo: [/proc/self/status]	VmSwap:	       0 kB
20220312 061922.414 INFO             PET0 PIOc_freedecomp Exit - MemInfo: [/proc/self/status]	VmRSSPercent: 0.057374 %
20220312 061922.414 INFO             PET0 PIOc_freedecomp Exit - MemInfo: [malloc] Non-mmapped space allocated:                20959232 Byte
20220312 061922.414 INFO             PET0 PIOc_freedecomp Exit - MemInfo: [malloc] Space allocated in mmapped regions:          1581056 Byte
20220312 061922.414 INFO             PET0 PIOc_freedecomp Exit - MemInfo: [malloc] Maximum total allocated space:                     0 Byte
20220312 061922.414 INFO             PET0 PIOc_freedecomp Exit - MemInfo: [malloc] Space in freed fastbin blocks:                  3008 Byte
20220312 061922.414 INFO             PET0 PIOc_freedecomp Exit - MemInfo: [malloc] Total allocated space:                       3281872 Byte
20220312 061922.414 INFO             PET0 PIOc_freedecomp Exit - MemInfo: [malloc] Total free space:                           17677360 Byte
20220312 061922.414 INFO             PET0 PIOc_freedecomp Exit - MemInfo: [malloc] Top-most, releasable space:                 17432784 Byte
20220312 061922.414 INFO             PET0 PIOc_freedecomp Exit - MemInfo: [malloc] Total space in use, mmap + non-mmap:         4862928 Byte
20220312 061922.414 INFO             PET0 PIOc_freedecomp Exit - MemInfo: [malloc] Total space held (mmap + non-mmap):         22540288 Byte
20220312 061922.414 INFO             PET0 PIOc_freedecomp Exit - MemInfo: [malloc] Total space used (mmap + non-mmap):          4872256 Byte
20220312 061922.414 INFO             PET0 PIOc_freedecomp Exit - MemInfo: Wall-clock time since execution start:              0.0420165 seconds
20220312 061922.414 INFO             PET0  PASS  Writing a FieldBundle to a single file with timeslice Test, ESMF_FieldBundleIOUTest.F90, line 370
20220312 061922.416 INFO             PET0 PIOc_sync Enter - MemInfo: [/proc/meminfo - SSI]	MemTotal:       65507008 kB
20220312 061922.416 INFO             PET0 PIOc_sync Enter - MemInfo: [/proc/meminfo - SSI]	MemFree:        49660812 kB
20220312 061922.416 INFO             PET0 PIOc_sync Enter - MemInfo: [/proc/meminfo - SSI]	MemAvailable:   49427700 kB
20220312 061922.416 INFO             PET0 PIOc_sync Enter - MemInfo: [/proc/meminfo - SSI]	Committed_AS:   12984312 kB
20220312 061922.416 INFO             PET0 PIOc_sync Enter - MemInfo: [/proc/meminfo - SSI]	CommittedPercent: 19.8213 %
20220312 061922.416 INFO             PET0 PIOc_sync Enter - MemInfo: [/proc/self/status]	VmPeak:	  532720 kB
20220312 061922.416 INFO             PET0 PIOc_sync Enter - MemInfo: [/proc/self/status]	VmSize:	  524532 kB
20220312 061922.416 INFO             PET0 PIOc_sync Enter - MemInfo: [/proc/self/status]	VmLck:	       0 kB
20220312 061922.416 INFO             PET0 PIOc_sync Enter - MemInfo: [/proc/self/status]	VmPin:	       0 kB
20220312 061922.416 INFO             PET0 PIOc_sync Enter - MemInfo: [/proc/self/status]	VmHWM:	   64888 kB
20220312 061922.416 INFO             PET0 PIOc_sync Enter - MemInfo: [/proc/self/status]	VmRSS:	   37728 kB
20220312 061922.416 INFO             PET0 PIOc_sync Enter - MemInfo: [/proc/self/status]	VmData:	   32544 kB
20220312 061922.416 INFO             PET0 PIOc_sync Enter - MemInfo: [/proc/self/status]	VmStk:	     148 kB
20220312 061922.416 INFO             PET0 PIOc_sync Enter - MemInfo: [/proc/self/status]	VmExe:	     228 kB
20220312 061922.416 INFO             PET0 PIOc_sync Enter - MemInfo: [/proc/self/status]	VmLib:	   49272 kB
20220312 061922.416 INFO             PET0 PIOc_sync Enter - MemInfo: [/proc/self/status]	VmPTE:	     768 kB
20220312 061922.416 INFO             PET0 PIOc_sync Enter - MemInfo: [/proc/self/status]	VmPMD:	      12 kB
20220312 061922.416 INFO             PET0 PIOc_sync Enter - MemInfo: [/proc/self/status]	VmSwap:	       0 kB
20220312 061922.416 INFO             PET0 PIOc_sync Enter - MemInfo: [/proc/self/status]	VmRSSPercent: 0.0575938 %
20220312 061922.416 INFO             PET0 PIOc_sync Enter - MemInfo: [malloc] Non-mmapped space allocated:                20959232 Byte
20220312 061922.416 INFO             PET0 PIOc_sync Enter - MemInfo: [malloc] Space allocated in mmapped regions:          1581056 Byte
20220312 061922.416 INFO             PET0 PIOc_sync Enter - MemInfo: [malloc] Maximum total allocated space:                     0 Byte
20220312 061922.416 INFO             PET0 PIOc_sync Enter - MemInfo: [malloc] Space in freed fastbin blocks:                  2848 Byte
20220312 061922.416 INFO             PET0 PIOc_sync Enter - MemInfo: [malloc] Total allocated space:                      20616192 Byte
20220312 061922.416 INFO             PET0 PIOc_sync Enter - MemInfo: [malloc] Total free space:                             343040 Byte
20220312 061922.416 INFO             PET0 PIOc_sync Enter - MemInfo: [malloc] Top-most, releasable space:                   131248 Byte
20220312 061922.416 INFO             PET0 PIOc_sync Enter - MemInfo: [malloc] Total space in use, mmap + non-mmap:        22197248 Byte
20220312 061922.416 INFO             PET0 PIOc_sync Enter - MemInfo: [malloc] Total space held (mmap + non-mmap):         22540288 Byte
20220312 061922.416 INFO             PET0 PIOc_sync Enter - MemInfo: [malloc] Total space used (mmap + non-mmap):         22206576 Byte
20220312 061922.416 INFO             PET0 PIOc_sync Enter - MemInfo: Wall-clock time since execution start:               0.043959 seconds
20220312 061922.416 INFO             PET0 PIOc_sync Exit - MemInfo: [/proc/meminfo - SSI]	MemTotal:       65507008 kB
20220312 061922.416 INFO             PET0 PIOc_sync Exit - MemInfo: [/proc/meminfo - SSI]	MemFree:        49660812 kB
20220312 061922.416 INFO             PET0 PIOc_sync Exit - MemInfo: [/proc/meminfo - SSI]	MemAvailable:   49427700 kB
20220312 061922.416 INFO             PET0 PIOc_sync Exit - MemInfo: [/proc/meminfo - SSI]	Committed_AS:   12984312 kB
20220312 061922.416 INFO             PET0 PIOc_sync Exit - MemInfo: [/proc/meminfo - SSI]	CommittedPercent: 19.8213 %
20220312 061922.416 INFO             PET0 PIOc_sync Exit - MemInfo: [/proc/self/status]	VmPeak:	  532720 kB
20220312 061922.416 INFO             PET0 PIOc_sync Exit - MemInfo: [/proc/self/status]	VmSize:	  524532 kB
20220312 061922.416 INFO             PET0 PIOc_sync Exit - MemInfo: [/proc/self/status]	VmLck:	       0 kB
20220312 061922.417 INFO             PET0 PIOc_sync Exit - MemInfo: [/proc/self/status]	VmPin:	       0 kB
20220312 061922.417 INFO             PET0 PIOc_sync Exit - MemInfo: [/proc/self/status]	VmHWM:	   64888 kB
20220312 061922.417 INFO             PET0 PIOc_sync Exit - MemInfo: [/proc/self/status]	VmRSS:	   37740 kB
20220312 061922.417 INFO             PET0 PIOc_sync Exit - MemInfo: [/proc/self/status]	VmData:	   32544 kB
20220312 061922.417 INFO             PET0 PIOc_sync Exit - MemInfo: [/proc/self/status]	VmStk:	     148 kB
20220312 061922.417 INFO             PET0 PIOc_sync Exit - MemInfo: [/proc/self/status]	VmExe:	     228 kB
20220312 061922.417 INFO             PET0 PIOc_sync Exit - MemInfo: [/proc/self/status]	VmLib:	   49272 kB
20220312 061922.417 INFO             PET0 PIOc_sync Exit - MemInfo: [/proc/self/status]	VmPTE:	     768 kB
20220312 061922.417 INFO             PET0 PIOc_sync Exit - MemInfo: [/proc/self/status]	VmPMD:	      12 kB
20220312 061922.417 INFO             PET0 PIOc_sync Exit - MemInfo: [/proc/self/status]	VmSwap:	       0 kB
20220312 061922.417 INFO             PET0 PIOc_sync Exit - MemInfo: [/proc/self/status]	VmRSSPercent: 0.0576122 %
20220312 061922.417 INFO             PET0 PIOc_sync Exit - MemInfo: [malloc] Non-mmapped space allocated:                20959232 Byte
20220312 061922.417 INFO             PET0 PIOc_sync Exit - MemInfo: [malloc] Space allocated in mmapped regions:          1581056 Byte
20220312 061922.417 INFO             PET0 PIOc_sync Exit - MemInfo: [malloc] Maximum total allocated space:                     0 Byte
20220312 061922.417 INFO             PET0 PIOc_sync Exit - MemInfo: [malloc] Space in freed fastbin blocks:                  1648 Byte
20220312 061922.417 INFO             PET0 PIOc_sync Exit - MemInfo: [malloc] Total allocated space:                      20660432 Byte
20220312 061922.417 INFO             PET0 PIOc_sync Exit - MemInfo: [malloc] Total free space:                             298800 Byte
20220312 061922.417 INFO             PET0 PIOc_sync Exit - MemInfo: [malloc] Top-most, releasable space:                    95280 Byte
20220312 061922.417 INFO             PET0 PIOc_sync Exit - MemInfo: [malloc] Total space in use, mmap + non-mmap:        22241488 Byte
20220312 061922.417 INFO             PET0 PIOc_sync Exit - MemInfo: [malloc] Total space held (mmap + non-mmap):         22540288 Byte
20220312 061922.417 INFO             PET0 PIOc_sync Exit - MemInfo: [malloc] Total space used (mmap + non-mmap):         22250816 Byte
20220312 061922.417 INFO             PET0 PIOc_sync Exit - MemInfo: Wall-clock time since execution start:              0.0444861 seconds
20220312 061922.417 INFO             PET0 PIOc_freedecomp Enter - MemInfo: [/proc/meminfo - SSI]	MemTotal:       65507008 kB
20220312 061922.417 INFO             PET0 PIOc_freedecomp Enter - MemInfo: [/proc/meminfo - SSI]	MemFree:        49660812 kB
20220312 061922.417 INFO             PET0 PIOc_freedecomp Enter - MemInfo: [/proc/meminfo - SSI]	MemAvailable:   49427700 kB
20220312 061922.417 INFO             PET0 PIOc_freedecomp Enter - MemInfo: [/proc/meminfo - SSI]	Committed_AS:   12984312 kB
20220312 061922.417 INFO             PET0 PIOc_freedecomp Enter - MemInfo: [/proc/meminfo - SSI]	CommittedPercent: 19.8213 %
20220312 061922.417 INFO             PET0 PIOc_freedecomp Enter - MemInfo: [/proc/self/status]	VmPeak:	  532720 kB
20220312 061922.417 INFO             PET0 PIOc_freedecomp Enter - MemInfo: [/proc/self/status]	VmSize:	  524532 kB
20220312 061922.417 INFO             PET0 PIOc_freedecomp Enter - MemInfo: [/proc/self/status]	VmLck:	       0 kB
20220312 061922.417 INFO             PET0 PIOc_freedecomp Enter - MemInfo: [/proc/self/status]	VmPin:	       0 kB
20220312 061922.417 INFO             PET0 PIOc_freedecomp Enter - MemInfo: [/proc/self/status]	VmHWM:	   64888 kB
20220312 061922.417 INFO             PET0 PIOc_freedecomp Enter - MemInfo: [/proc/self/status]	VmRSS:	   37740 kB
20220312 061922.417 INFO             PET0 PIOc_freedecomp Enter - MemInfo: [/proc/self/status]	VmData:	   32544 kB
20220312 061922.417 INFO             PET0 PIOc_freedecomp Enter - MemInfo: [/proc/self/status]	VmStk:	     148 kB
20220312 061922.417 INFO             PET0 PIOc_freedecomp Enter - MemInfo: [/proc/self/status]	VmExe:	     228 kB
20220312 061922.417 INFO             PET0 PIOc_freedecomp Enter - MemInfo: [/proc/self/status]	VmLib:	   49272 kB
20220312 061922.417 INFO             PET0 PIOc_freedecomp Enter - MemInfo: [/proc/self/status]	VmPTE:	     768 kB
20220312 061922.417 INFO             PET0 PIOc_freedecomp Enter - MemInfo: [/proc/self/status]	VmPMD:	      12 kB
20220312 061922.417 INFO             PET0 PIOc_freedecomp Enter - MemInfo: [/proc/self/status]	VmSwap:	       0 kB
20220312 061922.417 INFO             PET0 PIOc_freedecomp Enter - MemInfo: [/proc/self/status]	VmRSSPercent: 0.0576122 %
20220312 061922.417 INFO             PET0 PIOc_freedecomp Enter - MemInfo: [malloc] Non-mmapped space allocated:                20959232 Byte
20220312 061922.417 INFO             PET0 PIOc_freedecomp Enter - MemInfo: [malloc] Space allocated in mmapped regions:          1581056 Byte
20220312 061922.417 INFO             PET0 PIOc_freedecomp Enter - MemInfo: [malloc] Maximum total allocated space:                     0 Byte
20220312 061922.417 INFO             PET0 PIOc_freedecomp Enter - MemInfo: [malloc] Space in freed fastbin blocks:                  1648 Byte
20220312 061922.417 INFO             PET0 PIOc_freedecomp Enter - MemInfo: [malloc] Total allocated space:                       3343984 Byte
20220312 061922.417 INFO             PET0 PIOc_freedecomp Enter - MemInfo: [malloc] Total free space:                           17615248 Byte
20220312 061922.417 INFO             PET0 PIOc_freedecomp Enter - MemInfo: [malloc] Top-most, releasable space:                    95280 Byte
20220312 061922.417 INFO             PET0 PIOc_freedecomp Enter - MemInfo: [malloc] Total space in use, mmap + non-mmap:         4925040 Byte
20220312 061922.417 INFO             PET0 PIOc_freedecomp Enter - MemInfo: [malloc] Total space held (mmap + non-mmap):         22540288 Byte
20220312 061922.417 INFO             PET0 PIOc_freedecomp Enter - MemInfo: [malloc] Total space used (mmap + non-mmap):          4934368 Byte
20220312 061922.417 INFO             PET0 PIOc_freedecomp Enter - MemInfo: Wall-clock time since execution start:              0.0448623 seconds
20220312 061922.417 INFO             PET0 PIOc_freedecomp Exit - MemInfo: [/proc/meminfo - SSI]	MemTotal:       65507008 kB
20220312 061922.417 INFO             PET0 PIOc_freedecomp Exit - MemInfo: [/proc/meminfo - SSI]	MemFree:        49660812 kB
20220312 061922.417 INFO             PET0 PIOc_freedecomp Exit - MemInfo: [/proc/meminfo - SSI]	MemAvailable:   49427700 kB
20220312 061922.417 INFO             PET0 PIOc_freedecomp Exit - MemInfo: [/proc/meminfo - SSI]	Committed_AS:   12984312 kB
20220312 061922.417 INFO             PET0 PIOc_freedecomp Exit - MemInfo: [/proc/meminfo - SSI]	CommittedPercent: 19.8213 %
20220312 061922.417 INFO             PET0 PIOc_freedecomp Exit - MemInfo: [/proc/self/status]	VmPeak:	  532720 kB
20220312 061922.417 INFO             PET0 PIOc_freedecomp Exit - MemInfo: [/proc/self/status]	VmSize:	  524532 kB
20220312 061922.417 INFO             PET0 PIOc_freedecomp Exit - MemInfo: [/proc/self/status]	VmLck:	       0 kB
20220312 061922.417 INFO             PET0 PIOc_freedecomp Exit - MemInfo: [/proc/self/status]	VmPin:	       0 kB
20220312 061922.417 INFO             PET0 PIOc_freedecomp Exit - MemInfo: [/proc/self/status]	VmHWM:	   64888 kB
20220312 061922.417 INFO             PET0 PIOc_freedecomp Exit - MemInfo: [/proc/self/status]	VmRSS:	   37740 kB
20220312 061922.417 INFO             PET0 PIOc_freedecomp Exit - MemInfo: [/proc/self/status]	VmData:	   32544 kB
20220312 061922.417 INFO             PET0 PIOc_freedecomp Exit - MemInfo: [/proc/self/status]	VmStk:	     148 kB
20220312 061922.417 INFO             PET0 PIOc_freedecomp Exit - MemInfo: [/proc/self/status]	VmExe:	     228 kB
20220312 061922.417 INFO             PET0 PIOc_freedecomp Exit - MemInfo: [/proc/self/status]	VmLib:	   49272 kB
20220312 061922.417 INFO             PET0 PIOc_freedecomp Exit - MemInfo: [/proc/self/status]	VmPTE:	     768 kB
20220312 061922.417 INFO             PET0 PIOc_freedecomp Exit - MemInfo: [/proc/self/status]	VmPMD:	      12 kB
20220312 061922.417 INFO             PET0 PIOc_freedecomp Exit - MemInfo: [/proc/self/status]	VmSwap:	       0 kB
20220312 061922.417 INFO             PET0 PIOc_freedecomp Exit - MemInfo: [/proc/self/status]	VmRSSPercent: 0.0576122 %
20220312 061922.417 INFO             PET0 PIOc_freedecomp Exit - MemInfo: [malloc] Non-mmapped space allocated:                20959232 Byte
20220312 061922.417 INFO             PET0 PIOc_freedecomp Exit - MemInfo: [malloc] Space allocated in mmapped regions:          1581056 Byte
20220312 061922.417 INFO             PET0 PIOc_freedecomp Exit - MemInfo: [malloc] Maximum total allocated space:                     0 Byte
20220312 061922.417 INFO             PET0 PIOc_freedecomp Exit - MemInfo: [malloc] Space in freed fastbin blocks:                  1536 Byte
20220312 061922.417 INFO             PET0 PIOc_freedecomp Exit - MemInfo: [malloc] Total allocated space:                       3331632 Byte
20220312 061922.417 INFO             PET0 PIOc_freedecomp Exit - MemInfo: [malloc] Total free space:                           17627600 Byte
20220312 061922.417 INFO             PET0 PIOc_freedecomp Exit - MemInfo: [malloc] Top-most, releasable space:                   103680 Byte
20220312 061922.417 INFO             PET0 PIOc_freedecomp Exit - MemInfo: [malloc] Total space in use, mmap + non-mmap:         4912688 Byte
20220312 061922.417 INFO             PET0 PIOc_freedecomp Exit - MemInfo: [malloc] Total space held (mmap + non-mmap):         22540288 Byte
20220312 061922.417 INFO             PET0 PIOc_freedecomp Exit - MemInfo: [malloc] Total space used (mmap + non-mmap):          4922016 Byte
20220312 061922.417 INFO             PET0 PIOc_freedecomp Exit - MemInfo: Wall-clock time since execution start:              0.0452081 seconds
20220312 061922.417 INFO             PET0 PIOc_freedecomp Enter - MemInfo: [/proc/meminfo - SSI]	MemTotal:       65507008 kB
20220312 061922.417 INFO             PET0 PIOc_freedecomp Enter - MemInfo: [/proc/meminfo - SSI]	MemFree:        49660812 kB
20220312 061922.417 INFO             PET0 PIOc_freedecomp Enter - MemInfo: [/proc/meminfo - SSI]	MemAvailable:   49427700 kB
20220312 061922.417 INFO             PET0 PIOc_freedecomp Enter - MemInfo: [/proc/meminfo - SSI]	Committed_AS:   12984312 kB
20220312 061922.418 INFO             PET0 PIOc_freedecomp Enter - MemInfo: [/proc/meminfo - SSI]	CommittedPercent: 19.8213 %
20220312 061922.418 INFO             PET0 PIOc_freedecomp Enter - MemInfo: [/proc/self/status]	VmPeak:	  532720 kB
20220312 061922.418 INFO             PET0 PIOc_freedecomp Enter - MemInfo: [/proc/self/status]	VmSize:	  524532 kB
20220312 061922.418 INFO             PET0 PIOc_freedecomp Enter - MemInfo: [/proc/self/status]	VmLck:	       0 kB
20220312 061922.418 INFO             PET0 PIOc_freedecomp Enter - MemInfo: [/proc/self/status]	VmPin:	       0 kB
20220312 061922.418 INFO             PET0 PIOc_freedecomp Enter - MemInfo: [/proc/self/status]	VmHWM:	   64888 kB
20220312 061922.418 INFO             PET0 PIOc_freedecomp Enter - MemInfo: [/proc/self/status]	VmRSS:	   37740 kB
20220312 061922.418 INFO             PET0 PIOc_freedecomp Enter - MemInfo: [/proc/self/status]	VmData:	   32544 kB
20220312 061922.418 INFO             PET0 PIOc_freedecomp Enter - MemInfo: [/proc/self/status]	VmStk:	     148 kB
20220312 061922.418 INFO             PET0 PIOc_freedecomp Enter - MemInfo: [/proc/self/status]	VmExe:	     228 kB
20220312 061922.418 INFO             PET0 PIOc_freedecomp Enter - MemInfo: [/proc/self/status]	VmLib:	   49272 kB
20220312 061922.418 INFO             PET0 PIOc_freedecomp Enter - MemInfo: [/proc/self/status]	VmPTE:	     768 kB
20220312 061922.418 INFO             PET0 PIOc_freedecomp Enter - MemInfo: [/proc/self/status]	VmPMD:	      12 kB
20220312 061922.418 INFO             PET0 PIOc_freedecomp Enter - MemInfo: [/proc/self/status]	VmSwap:	       0 kB
20220312 061922.418 INFO             PET0 PIOc_freedecomp Enter - MemInfo: [/proc/self/status]	VmRSSPercent: 0.0576122 %
20220312 061922.418 INFO             PET0 PIOc_freedecomp Enter - MemInfo: [malloc] Non-mmapped space allocated:                20959232 Byte
20220312 061922.418 INFO             PET0 PIOc_freedecomp Enter - MemInfo: [malloc] Space allocated in mmapped regions:          1581056 Byte
20220312 061922.418 INFO             PET0 PIOc_freedecomp Enter - MemInfo: [malloc] Maximum total allocated space:                     0 Byte
20220312 061922.418 INFO             PET0 PIOc_freedecomp Enter - MemInfo: [malloc] Space in freed fastbin blocks:                  2688 Byte
20220312 061922.418 INFO             PET0 PIOc_freedecomp Enter - MemInfo: [malloc] Total allocated space:                       3331504 Byte
20220312 061922.418 INFO             PET0 PIOc_freedecomp Enter - MemInfo: [malloc] Total free space:                           17627728 Byte
20220312 061922.418 INFO             PET0 PIOc_freedecomp Enter - MemInfo: [malloc] Top-most, releasable space:                   103680 Byte
20220312 061922.418 INFO             PET0 PIOc_freedecomp Enter - MemInfo: [malloc] Total space in use, mmap + non-mmap:         4912560 Byte
20220312 061922.418 INFO             PET0 PIOc_freedecomp Enter - MemInfo: [malloc] Total space held (mmap + non-mmap):         22540288 Byte
20220312 061922.418 INFO             PET0 PIOc_freedecomp Enter - MemInfo: [malloc] Total space used (mmap + non-mmap):          4921888 Byte
20220312 061922.418 INFO             PET0 PIOc_freedecomp Enter - MemInfo: Wall-clock time since execution start:              0.0455495 seconds
20220312 061922.418 INFO             PET0 PIOc_freedecomp Exit - MemInfo: [/proc/meminfo - SSI]	MemTotal:       65507008 kB
20220312 061922.418 INFO             PET0 PIOc_freedecomp Exit - MemInfo: [/proc/meminfo - SSI]	MemFree:        49660812 kB
20220312 061922.418 INFO             PET0 PIOc_freedecomp Exit - MemInfo: [/proc/meminfo - SSI]	MemAvailable:   49427700 kB
20220312 061922.418 INFO             PET0 PIOc_freedecomp Exit - MemInfo: [/proc/meminfo - SSI]	Committed_AS:   12984312 kB
20220312 061922.418 INFO             PET0 PIOc_freedecomp Exit - MemInfo: [/proc/meminfo - SSI]	CommittedPercent: 19.8213 %
20220312 061922.418 INFO             PET0 PIOc_freedecomp Exit - MemInfo: [/proc/self/status]	VmPeak:	  532720 kB
20220312 061922.418 INFO             PET0 PIOc_freedecomp Exit - MemInfo: [/proc/self/status]	VmSize:	  524532 kB
20220312 061922.418 INFO             PET0 PIOc_freedecomp Exit - MemInfo: [/proc/self/status]	VmLck:	       0 kB
20220312 061922.418 INFO             PET0 PIOc_freedecomp Exit - MemInfo: [/proc/self/status]	VmPin:	       0 kB
20220312 061922.418 INFO             PET0 PIOc_freedecomp Exit - MemInfo: [/proc/self/status]	VmHWM:	   64888 kB
20220312 061922.418 INFO             PET0 PIOc_freedecomp Exit - MemInfo: [/proc/self/status]	VmRSS:	   37740 kB
20220312 061922.418 INFO             PET0 PIOc_freedecomp Exit - MemInfo: [/proc/self/status]	VmData:	   32544 kB
20220312 061922.418 INFO             PET0 PIOc_freedecomp Exit - MemInfo: [/proc/self/status]	VmStk:	     148 kB
20220312 061922.418 INFO             PET0 PIOc_freedecomp Exit - MemInfo: [/proc/self/status]	VmExe:	     228 kB
20220312 061922.418 INFO             PET0 PIOc_freedecomp Exit - MemInfo: [/proc/self/status]	VmLib:	   49272 kB
20220312 061922.418 INFO             PET0 PIOc_freedecomp Exit - MemInfo: [/proc/self/status]	VmPTE:	     768 kB
20220312 061922.418 INFO             PET0 PIOc_freedecomp Exit - MemInfo: [/proc/self/status]	VmPMD:	      12 kB
20220312 061922.418 INFO             PET0 PIOc_freedecomp Exit - MemInfo: [/proc/self/status]	VmSwap:	       0 kB
20220312 061922.418 INFO             PET0 PIOc_freedecomp Exit - MemInfo: [/proc/self/status]	VmRSSPercent: 0.0576122 %
20220312 061922.418 INFO             PET0 PIOc_freedecomp Exit - MemInfo: [malloc] Non-mmapped space allocated:                20959232 Byte
20220312 061922.418 INFO             PET0 PIOc_freedecomp Exit - MemInfo: [malloc] Space allocated in mmapped regions:          1581056 Byte
20220312 061922.418 INFO             PET0 PIOc_freedecomp Exit - MemInfo: [malloc] Maximum total allocated space:                     0 Byte
20220312 061922.418 INFO             PET0 PIOc_freedecomp Exit - MemInfo: [malloc] Space in freed fastbin blocks:                  1536 Byte
20220312 061922.418 INFO             PET0 PIOc_freedecomp Exit - MemInfo: [malloc] Total allocated space:                       3300480 Byte
20220312 061922.418 INFO             PET0 PIOc_freedecomp Exit - MemInfo: [malloc] Total free space:                           17658752 Byte
20220312 061922.418 INFO             PET0 PIOc_freedecomp Exit - MemInfo: [malloc] Top-most, releasable space:                   130560 Byte
20220312 061922.418 INFO             PET0 PIOc_freedecomp Exit - MemInfo: [malloc] Total space in use, mmap + non-mmap:         4881536 Byte
20220312 061922.418 INFO             PET0 PIOc_freedecomp Exit - MemInfo: [malloc] Total space held (mmap + non-mmap):         22540288 Byte
20220312 061922.418 INFO             PET0 PIOc_freedecomp Exit - MemInfo: [malloc] Total space used (mmap + non-mmap):          4890864 Byte
20220312 061922.418 INFO             PET0 PIOc_freedecomp Exit - MemInfo: Wall-clock time since execution start:              0.0458965 seconds
20220312 061922.418 INFO             PET0 PIOc_freedecomp Enter - MemInfo: [/proc/meminfo - SSI]	MemTotal:       65507008 kB
20220312 061922.418 INFO             PET0 PIOc_freedecomp Enter - MemInfo: [/proc/meminfo - SSI]	MemFree:        49660812 kB
20220312 061922.418 INFO             PET0 PIOc_freedecomp Enter - MemInfo: [/proc/meminfo - SSI]	MemAvailable:   49427700 kB
20220312 061922.418 INFO             PET0 PIOc_freedecomp Enter - MemInfo: [/proc/meminfo - SSI]	Committed_AS:   12984312 kB
20220312 061922.418 INFO             PET0 PIOc_freedecomp Enter - MemInfo: [/proc/meminfo - SSI]	CommittedPercent: 19.8213 %
20220312 061922.418 INFO             PET0 PIOc_freedecomp Enter - MemInfo: [/proc/self/status]	VmPeak:	  532720 kB
20220312 061922.418 INFO             PET0 PIOc_freedecomp Enter - MemInfo: [/proc/self/status]	VmSize:	  524532 kB
20220312 061922.418 INFO             PET0 PIOc_freedecomp Enter - MemInfo: [/proc/self/status]	VmLck:	       0 kB
20220312 061922.418 INFO             PET0 PIOc_freedecomp Enter - MemInfo: [/proc/self/status]	VmPin:	       0 kB
20220312 061922.418 INFO             PET0 PIOc_freedecomp Enter - MemInfo: [/proc/self/status]	VmHWM:	   64888 kB
20220312 061922.418 INFO             PET0 PIOc_freedecomp Enter - MemInfo: [/proc/self/status]	VmRSS:	   37740 kB
20220312 061922.418 INFO             PET0 PIOc_freedecomp Enter - MemInfo: [/proc/self/status]	VmData:	   32544 kB
20220312 061922.418 INFO             PET0 PIOc_freedecomp Enter - MemInfo: [/proc/self/status]	VmStk:	     148 kB
20220312 061922.418 INFO             PET0 PIOc_freedecomp Enter - MemInfo: [/proc/self/status]	VmExe:	     228 kB
20220312 061922.418 INFO             PET0 PIOc_freedecomp Enter - MemInfo: [/proc/self/status]	VmLib:	   49272 kB
20220312 061922.418 INFO             PET0 PIOc_freedecomp Enter - MemInfo: [/proc/self/status]	VmPTE:	     768 kB
20220312 061922.418 INFO             PET0 PIOc_freedecomp Enter - MemInfo: [/proc/self/status]	VmPMD:	      12 kB
20220312 061922.418 INFO             PET0 PIOc_freedecomp Enter - MemInfo: [/proc/self/status]	VmSwap:	       0 kB
20220312 061922.418 INFO             PET0 PIOc_freedecomp Enter - MemInfo: [/proc/self/status]	VmRSSPercent: 0.0576122 %
20220312 061922.418 INFO             PET0 PIOc_freedecomp Enter - MemInfo: [malloc] Non-mmapped space allocated:                20959232 Byte
20220312 061922.418 INFO             PET0 PIOc_freedecomp Enter - MemInfo: [malloc] Space allocated in mmapped regions:          1581056 Byte
20220312 061922.418 INFO             PET0 PIOc_freedecomp Enter - MemInfo: [malloc] Maximum total allocated space:                     0 Byte
20220312 061922.418 INFO             PET0 PIOc_freedecomp Enter - MemInfo: [malloc] Space in freed fastbin blocks:                  3008 Byte
20220312 061922.418 INFO             PET0 PIOc_freedecomp Enter - MemInfo: [malloc] Total allocated space:                       3300352 Byte
20220312 061922.418 INFO             PET0 PIOc_freedecomp Enter - MemInfo: [malloc] Total free space:                           17658880 Byte
20220312 061922.418 INFO             PET0 PIOc_freedecomp Enter - MemInfo: [malloc] Top-most, releasable space:                   130560 Byte
20220312 061922.418 INFO             PET0 PIOc_freedecomp Enter - MemInfo: [malloc] Total space in use, mmap + non-mmap:         4881408 Byte
20220312 061922.418 INFO             PET0 PIOc_freedecomp Enter - MemInfo: [malloc] Total space held (mmap + non-mmap):         22540288 Byte
20220312 061922.418 INFO             PET0 PIOc_freedecomp Enter - MemInfo: [malloc] Total space used (mmap + non-mmap):          4890736 Byte
20220312 061922.418 INFO             PET0 PIOc_freedecomp Enter - MemInfo: Wall-clock time since execution start:              0.0462386 seconds
20220312 061922.418 INFO             PET0 PIOc_freedecomp Exit - MemInfo: [/proc/meminfo - SSI]	MemTotal:       65507008 kB
20220312 061922.419 INFO             PET0 PIOc_freedecomp Exit - MemInfo: [/proc/meminfo - SSI]	MemFree:        49660812 kB
20220312 061922.419 INFO             PET0 PIOc_freedecomp Exit - MemInfo: [/proc/meminfo - SSI]	MemAvailable:   49427700 kB
20220312 061922.419 INFO             PET0 PIOc_freedecomp Exit - MemInfo: [/proc/meminfo - SSI]	Committed_AS:   12984312 kB
20220312 061922.419 INFO             PET0 PIOc_freedecomp Exit - MemInfo: [/proc/meminfo - SSI]	CommittedPercent: 19.8213 %
20220312 061922.419 INFO             PET0 PIOc_freedecomp Exit - MemInfo: [/proc/self/status]	VmPeak:	  532720 kB
20220312 061922.419 INFO             PET0 PIOc_freedecomp Exit - MemInfo: [/proc/self/status]	VmSize:	  524532 kB
20220312 061922.419 INFO             PET0 PIOc_freedecomp Exit - MemInfo: [/proc/self/status]	VmLck:	       0 kB
20220312 061922.419 INFO             PET0 PIOc_freedecomp Exit - MemInfo: [/proc/self/status]	VmPin:	       0 kB
20220312 061922.419 INFO             PET0 PIOc_freedecomp Exit - MemInfo: [/proc/self/status]	VmHWM:	   64888 kB
20220312 061922.419 INFO             PET0 PIOc_freedecomp Exit - MemInfo: [/proc/self/status]	VmRSS:	   37740 kB
20220312 061922.419 INFO             PET0 PIOc_freedecomp Exit - MemInfo: [/proc/self/status]	VmData:	   32544 kB
20220312 061922.419 INFO             PET0 PIOc_freedecomp Exit - MemInfo: [/proc/self/status]	VmStk:	     148 kB
20220312 061922.419 INFO             PET0 PIOc_freedecomp Exit - MemInfo: [/proc/self/status]	VmExe:	     228 kB
20220312 061922.419 INFO             PET0 PIOc_freedecomp Exit - MemInfo: [/proc/self/status]	VmLib:	   49272 kB
20220312 061922.419 INFO             PET0 PIOc_freedecomp Exit - MemInfo: [/proc/self/status]	VmPTE:	     768 kB
20220312 061922.419 INFO             PET0 PIOc_freedecomp Exit - MemInfo: [/proc/self/status]	VmPMD:	      12 kB
20220312 061922.419 INFO             PET0 PIOc_freedecomp Exit - MemInfo: [/proc/self/status]	VmSwap:	       0 kB
20220312 061922.419 INFO             PET0 PIOc_freedecomp Exit - MemInfo: [/proc/self/status]	VmRSSPercent: 0.0576122 %
20220312 061922.419 INFO             PET0 PIOc_freedecomp Exit - MemInfo: [malloc] Non-mmapped space allocated:                20959232 Byte
20220312 061922.419 INFO             PET0 PIOc_freedecomp Exit - MemInfo: [malloc] Space allocated in mmapped regions:          1581056 Byte
20220312 061922.419 INFO             PET0 PIOc_freedecomp Exit - MemInfo: [malloc] Maximum total allocated space:                     0 Byte
20220312 061922.419 INFO             PET0 PIOc_freedecomp Exit - MemInfo: [malloc] Space in freed fastbin blocks:                  1696 Byte
20220312 061922.419 INFO             PET0 PIOc_freedecomp Exit - MemInfo: [malloc] Total allocated space:                       3287392 Byte
20220312 061922.419 INFO             PET0 PIOc_freedecomp Exit - MemInfo: [malloc] Total free space:                           17671840 Byte
20220312 061922.419 INFO             PET0 PIOc_freedecomp Exit - MemInfo: [malloc] Top-most, releasable space:                 17432784 Byte
20220312 061922.419 INFO             PET0 PIOc_freedecomp Exit - MemInfo: [malloc] Total space in use, mmap + non-mmap:         4868448 Byte
20220312 061922.419 INFO             PET0 PIOc_freedecomp Exit - MemInfo: [malloc] Total space held (mmap + non-mmap):         22540288 Byte
20220312 061922.419 INFO             PET0 PIOc_freedecomp Exit - MemInfo: [malloc] Total space used (mmap + non-mmap):          4877776 Byte
20220312 061922.419 INFO             PET0 PIOc_freedecomp Exit - MemInfo: Wall-clock time since execution start:              0.0465947 seconds
20220312 061922.419 INFO             PET0  PASS  Writing a FieldBundle to a single file with timeslice Test, ESMF_FieldBundleIOUTest.F90, line 388
20220312 061922.419 INFO             PET0  PASS  Create attribute package on FieldBundle multi Test, ESMF_FieldBundleIOUTest.F90, line 404
20220312 061922.419 INFO             PET0  PASS  Set attribute values on FieldBundle multi Test, ESMF_FieldBundleIOUTest.F90, line 417
20220312 061922.422 INFO             PET0 PIOc_sync Enter - MemInfo: [/proc/meminfo - SSI]	MemTotal:       65507008 kB
20220312 061922.422 INFO             PET0 PIOc_sync Enter - MemInfo: [/proc/meminfo - SSI]	MemFree:        49660812 kB
20220312 061922.422 INFO             PET0 PIOc_sync Enter - MemInfo: [/proc/meminfo - SSI]	MemAvailable:   49427700 kB
20220312 061922.422 INFO             PET0 PIOc_sync Enter - MemInfo: [/proc/meminfo - SSI]	Committed_AS:   12984312 kB
20220312 061922.422 INFO             PET0 PIOc_sync Enter - MemInfo: [/proc/meminfo - SSI]	CommittedPercent: 19.8213 %
20220312 061922.422 INFO             PET0 PIOc_sync Enter - MemInfo: [/proc/self/status]	VmPeak:	  532720 kB
20220312 061922.422 INFO             PET0 PIOc_sync Enter - MemInfo: [/proc/self/status]	VmSize:	  524532 kB
20220312 061922.422 INFO             PET0 PIOc_sync Enter - MemInfo: [/proc/self/status]	VmLck:	       0 kB
20220312 061922.422 INFO             PET0 PIOc_sync Enter - MemInfo: [/proc/self/status]	VmPin:	       0 kB
20220312 061922.422 INFO             PET0 PIOc_sync Enter - MemInfo: [/proc/self/status]	VmHWM:	   64888 kB
20220312 061922.422 INFO             PET0 PIOc_sync Enter - MemInfo: [/proc/self/status]	VmRSS:	   37744 kB
20220312 061922.422 INFO             PET0 PIOc_sync Enter - MemInfo: [/proc/self/status]	VmData:	   32544 kB
20220312 061922.422 INFO             PET0 PIOc_sync Enter - MemInfo: [/proc/self/status]	VmStk:	     148 kB
20220312 061922.422 INFO             PET0 PIOc_sync Enter - MemInfo: [/proc/self/status]	VmExe:	     228 kB
20220312 061922.422 INFO             PET0 PIOc_sync Enter - MemInfo: [/proc/self/status]	VmLib:	   49272 kB
20220312 061922.422 INFO             PET0 PIOc_sync Enter - MemInfo: [/proc/self/status]	VmPTE:	     768 kB
20220312 061922.422 INFO             PET0 PIOc_sync Enter - MemInfo: [/proc/self/status]	VmPMD:	      12 kB
20220312 061922.422 INFO             PET0 PIOc_sync Enter - MemInfo: [/proc/self/status]	VmSwap:	       0 kB
20220312 061922.422 INFO             PET0 PIOc_sync Enter - MemInfo: [/proc/self/status]	VmRSSPercent: 0.0576183 %
20220312 061922.422 INFO             PET0 PIOc_sync Enter - MemInfo: [malloc] Non-mmapped space allocated:                20959232 Byte
20220312 061922.422 INFO             PET0 PIOc_sync Enter - MemInfo: [malloc] Space allocated in mmapped regions:          1581056 Byte
20220312 061922.422 INFO             PET0 PIOc_sync Enter - MemInfo: [malloc] Maximum total allocated space:                     0 Byte
20220312 061922.422 INFO             PET0 PIOc_sync Enter - MemInfo: [malloc] Space in freed fastbin blocks:                  1712 Byte
20220312 061922.422 INFO             PET0 PIOc_sync Enter - MemInfo: [malloc] Total allocated space:                      20608656 Byte
20220312 061922.422 INFO             PET0 PIOc_sync Enter - MemInfo: [malloc] Total free space:                             350576 Byte
20220312 061922.422 INFO             PET0 PIOc_sync Enter - MemInfo: [malloc] Top-most, releasable space:                   131248 Byte
20220312 061922.422 INFO             PET0 PIOc_sync Enter - MemInfo: [malloc] Total space in use, mmap + non-mmap:        22189712 Byte
20220312 061922.422 INFO             PET0 PIOc_sync Enter - MemInfo: [malloc] Total space held (mmap + non-mmap):         22540288 Byte
20220312 061922.422 INFO             PET0 PIOc_sync Enter - MemInfo: [malloc] Total space used (mmap + non-mmap):         22199040 Byte
20220312 061922.422 INFO             PET0 PIOc_sync Enter - MemInfo: Wall-clock time since execution start:              0.0496811 seconds
20220312 061922.422 INFO             PET0 PIOc_sync Exit - MemInfo: [/proc/meminfo - SSI]	MemTotal:       65507008 kB
20220312 061922.422 INFO             PET0 PIOc_sync Exit - MemInfo: [/proc/meminfo - SSI]	MemFree:        49660812 kB
20220312 061922.422 INFO             PET0 PIOc_sync Exit - MemInfo: [/proc/meminfo - SSI]	MemAvailable:   49427700 kB
20220312 061922.422 INFO             PET0 PIOc_sync Exit - MemInfo: [/proc/meminfo - SSI]	Committed_AS:   12984312 kB
20220312 061922.422 INFO             PET0 PIOc_sync Exit - MemInfo: [/proc/meminfo - SSI]	CommittedPercent: 19.8213 %
20220312 061922.422 INFO             PET0 PIOc_sync Exit - MemInfo: [/proc/self/status]	VmPeak:	  532720 kB
20220312 061922.422 INFO             PET0 PIOc_sync Exit - MemInfo: [/proc/self/status]	VmSize:	  524532 kB
20220312 061922.422 INFO             PET0 PIOc_sync Exit - MemInfo: [/proc/self/status]	VmLck:	       0 kB
20220312 061922.422 INFO             PET0 PIOc_sync Exit - MemInfo: [/proc/self/status]	VmPin:	       0 kB
20220312 061922.422 INFO             PET0 PIOc_sync Exit - MemInfo: [/proc/self/status]	VmHWM:	   64888 kB
20220312 061922.422 INFO             PET0 PIOc_sync Exit - MemInfo: [/proc/self/status]	VmRSS:	   37744 kB
20220312 061922.422 INFO             PET0 PIOc_sync Exit - MemInfo: [/proc/self/status]	VmData:	   32544 kB
20220312 061922.422 INFO             PET0 PIOc_sync Exit - MemInfo: [/proc/self/status]	VmStk:	     148 kB
20220312 061922.422 INFO             PET0 PIOc_sync Exit - MemInfo: [/proc/self/status]	VmExe:	     228 kB
