build time -- 2022-03-12 06:04:12.566204
20220312 061708.433 INFO             PET0 !!!!!!!!!!!!!!!!!!!!!!!!!!!!!!!!!!!!!!!!!!!!!!!!!!!!!!
20220312 061708.433 INFO             PET0 !!! THE ESMF_LOG IS SET TO OUTPUT ALL LOG MESSAGES !!!
20220312 061708.433 INFO             PET0 !!!     THIS MAY CAUSE SLOWDOWN IN PERFORMANCE     !!!
20220312 061708.433 INFO             PET0 !!! FOR PRODUCTION RUNS, USE:                      !!!
20220312 061708.433 INFO             PET0 !!!                   ESMF_LOGKIND_Multi_On_Error  !!!
20220312 061708.433 INFO             PET0 !!!!!!!!!!!!!!!!!!!!!!!!!!!!!!!!!!!!!!!!!!!!!!!!!!!!!!
20220312 061708.433 INFO             PET0 Running with ESMF Version   : v8.3.0b09-96-g559b459836
20220312 061708.433 INFO             PET0 ESMF library build date/time: "Mar 12 2022" "06:02:09"
20220312 061708.433 INFO             PET0 ESMF library build location : /glade/scratch/rlong/esmf-testing/gfortran_10.1.0_openmpi_O_jedwards_pio_update2
20220312 061708.433 INFO             PET0 ESMF_COMM                   : openmpi
20220312 061708.433 INFO             PET0 ESMF_MOAB                   : enabled
20220312 061708.433 INFO             PET0 ESMF_LAPACK                 : enabled
20220312 061708.433 INFO             PET0 ESMF_NETCDF                 : enabled
20220312 061708.433 INFO             PET0 ESMF_PNETCDF                : disabled
20220312 061708.433 INFO             PET0 ESMF_PIO                    : enabled
20220312 061708.433 INFO             PET0 ESMF_YAMLCPP                : enabled
20220312 061708.435 INFO             PET0  Beginning Test, file ESMF_IOUTest.F90, line 57
20220312 061708.435 INFO             PET0  NUMBER_OF_PROCESSORS           4
20220312 061708.435 INFO             PET0 Starting Test:  ESMF_OutputWeightFile
20220312 061708.446 INFO             PET0 PIOc_sync Enter - MemInfo: [/proc/meminfo - SSI]	MemTotal:       65507008 kB
20220312 061708.446 INFO             PET0 PIOc_sync Enter - MemInfo: [/proc/meminfo - SSI]	MemFree:        49663688 kB
20220312 061708.446 INFO             PET0 PIOc_sync Enter - MemInfo: [/proc/meminfo - SSI]	MemAvailable:   49424672 kB
20220312 061708.446 INFO             PET0 PIOc_sync Enter - MemInfo: [/proc/meminfo - SSI]	Committed_AS:   12981276 kB
20220312 061708.446 INFO             PET0 PIOc_sync Enter - MemInfo: [/proc/meminfo - SSI]	CommittedPercent: 19.8166 %
20220312 061708.446 INFO             PET0 PIOc_sync Enter - MemInfo: [/proc/self/status]	VmPeak:	  524036 kB
20220312 061708.446 INFO             PET0 PIOc_sync Enter - MemInfo: [/proc/self/status]	VmSize:	  524036 kB
20220312 061708.446 INFO             PET0 PIOc_sync Enter - MemInfo: [/proc/self/status]	VmLck:	       0 kB
20220312 061708.446 INFO             PET0 PIOc_sync Enter - MemInfo: [/proc/self/status]	VmPin:	       0 kB
20220312 061708.446 INFO             PET0 PIOc_sync Enter - MemInfo: [/proc/self/status]	VmHWM:	   64880 kB
20220312 061708.446 INFO             PET0 PIOc_sync Enter - MemInfo: [/proc/self/status]	VmRSS:	   36048 kB
20220312 061708.446 INFO             PET0 PIOc_sync Enter - MemInfo: [/proc/self/status]	VmData:	   32076 kB
20220312 061708.446 INFO             PET0 PIOc_sync Enter - MemInfo: [/proc/self/status]	VmStk:	     148 kB
20220312 061708.446 INFO             PET0 PIOc_sync Enter - MemInfo: [/proc/self/status]	VmExe:	     200 kB
20220312 061708.446 INFO             PET0 PIOc_sync Enter - MemInfo: [/proc/self/status]	VmLib:	   49272 kB
20220312 061708.446 INFO             PET0 PIOc_sync Enter - MemInfo: [/proc/self/status]	VmPTE:	     776 kB
20220312 061708.446 INFO             PET0 PIOc_sync Enter - MemInfo: [/proc/self/status]	VmPMD:	      12 kB
20220312 061708.446 INFO             PET0 PIOc_sync Enter - MemInfo: [/proc/self/status]	VmSwap:	       0 kB
20220312 061708.446 INFO             PET0 PIOc_sync Enter - MemInfo: [/proc/self/status]	VmRSSPercent: 0.0550292 %
20220312 061708.446 INFO             PET0 PIOc_sync Enter - MemInfo: [malloc] Non-mmapped space allocated:                 3170304 Byte
20220312 061708.449 INFO             PET0 PIOc_sync Enter - MemInfo: [malloc] Space allocated in mmapped regions:         18890752 Byte
20220312 061708.449 INFO             PET0 PIOc_sync Enter - MemInfo: [malloc] Maximum total allocated space:                     0 Byte
20220312 061708.449 INFO             PET0 PIOc_sync Enter - MemInfo: [malloc] Space in freed fastbin blocks:                  1584 Byte
20220312 061708.449 INFO             PET0 PIOc_sync Enter - MemInfo: [malloc] Total allocated space:                       2640960 Byte
20220312 061708.449 INFO             PET0 PIOc_sync Enter - MemInfo: [malloc] Total free space:                             529344 Byte
20220312 061708.449 INFO             PET0 PIOc_sync Enter - MemInfo: [malloc] Top-most, releasable space:                    36144 Byte
20220312 061708.449 INFO             PET0 PIOc_sync Enter - MemInfo: [malloc] Total space in use, mmap + non-mmap:        21531712 Byte
20220312 061708.449 INFO             PET0 PIOc_sync Enter - MemInfo: [malloc] Total space held (mmap + non-mmap):         22061056 Byte
20220312 061708.449 INFO             PET0 PIOc_sync Enter - MemInfo: [malloc] Total space used (mmap + non-mmap):         21541040 Byte
20220312 061708.449 INFO             PET0 PIOc_sync Enter - MemInfo: Wall-clock time since execution start:              0.0167019 seconds
20220312 061708.449 INFO             PET0 PIOc_sync Exit - MemInfo: [/proc/meminfo - SSI]	MemTotal:       65507008 kB
20220312 061708.449 INFO             PET0 PIOc_sync Exit - MemInfo: [/proc/meminfo - SSI]	MemFree:        49663688 kB
20220312 061708.449 INFO             PET0 PIOc_sync Exit - MemInfo: [/proc/meminfo - SSI]	MemAvailable:   49424672 kB
20220312 061708.450 INFO             PET0 PIOc_sync Exit - MemInfo: [/proc/meminfo - SSI]	Committed_AS:   12981276 kB
20220312 061708.450 INFO             PET0 PIOc_sync Exit - MemInfo: [/proc/meminfo - SSI]	CommittedPercent: 19.8166 %
20220312 061708.450 INFO             PET0 PIOc_sync Exit - MemInfo: [/proc/self/status]	VmPeak:	  524036 kB
20220312 061708.450 INFO             PET0 PIOc_sync Exit - MemInfo: [/proc/self/status]	VmSize:	  524036 kB
20220312 061708.450 INFO             PET0 PIOc_sync Exit - MemInfo: [/proc/self/status]	VmLck:	       0 kB
20220312 061708.450 INFO             PET0 PIOc_sync Exit - MemInfo: [/proc/self/status]	VmPin:	       0 kB
20220312 061708.450 INFO             PET0 PIOc_sync Exit - MemInfo: [/proc/self/status]	VmHWM:	   64880 kB
20220312 061708.450 INFO             PET0 PIOc_sync Exit - MemInfo: [/proc/self/status]	VmRSS:	   36180 kB
20220312 061708.450 INFO             PET0 PIOc_sync Exit - MemInfo: [/proc/self/status]	VmData:	   32076 kB
20220312 061708.450 INFO             PET0 PIOc_sync Exit - MemInfo: [/proc/self/status]	VmStk:	     148 kB
20220312 061708.450 INFO             PET0 PIOc_sync Exit - MemInfo: [/proc/self/status]	VmExe:	     200 kB
20220312 061708.450 INFO             PET0 PIOc_sync Exit - MemInfo: [/proc/self/status]	VmLib:	   49272 kB
20220312 061708.450 INFO             PET0 PIOc_sync Exit - MemInfo: [/proc/self/status]	VmPTE:	     776 kB
20220312 061708.450 INFO             PET0 PIOc_sync Exit - MemInfo: [/proc/self/status]	VmPMD:	      12 kB
20220312 061708.450 INFO             PET0 PIOc_sync Exit - MemInfo: [/proc/self/status]	VmSwap:	       0 kB
20220312 061708.450 INFO             PET0 PIOc_sync Exit - MemInfo: [/proc/self/status]	VmRSSPercent: 0.0552307 %
20220312 061708.450 INFO             PET0 PIOc_sync Exit - MemInfo: [malloc] Non-mmapped space allocated:                 3170304 Byte
20220312 061708.450 INFO             PET0 PIOc_sync Exit - MemInfo: [malloc] Space allocated in mmapped regions:         18890752 Byte
20220312 061708.450 INFO             PET0 PIOc_sync Exit - MemInfo: [malloc] Maximum total allocated space:                     0 Byte
20220312 061708.450 INFO             PET0 PIOc_sync Exit - MemInfo: [malloc] Space in freed fastbin blocks:                  1344 Byte
20220312 061708.450 INFO             PET0 PIOc_sync Exit - MemInfo: [malloc] Total allocated space:                       2643744 Byte
20220312 061708.450 INFO             PET0 PIOc_sync Exit - MemInfo: [malloc] Total free space:                             526560 Byte
20220312 061708.450 INFO             PET0 PIOc_sync Exit - MemInfo: [malloc] Top-most, releasable space:                    36144 Byte
20220312 061708.450 INFO             PET0 PIOc_sync Exit - MemInfo: [malloc] Total space in use, mmap + non-mmap:        21534496 Byte
20220312 061708.450 INFO             PET0 PIOc_sync Exit - MemInfo: [malloc] Total space held (mmap + non-mmap):         22061056 Byte
20220312 061708.450 INFO             PET0 PIOc_sync Exit - MemInfo: [malloc] Total space used (mmap + non-mmap):         21543824 Byte
20220312 061708.450 INFO             PET0 PIOc_sync Exit - MemInfo: Wall-clock time since execution start:               0.017568 seconds
20220312 061708.451 INFO             PET0 PIOc_freedecomp Enter - MemInfo: [/proc/meminfo - SSI]	MemTotal:       65507008 kB
20220312 061708.451 INFO             PET0 PIOc_freedecomp Enter - MemInfo: [/proc/meminfo - SSI]	MemFree:        49678808 kB
20220312 061708.451 INFO             PET0 PIOc_freedecomp Enter - MemInfo: [/proc/meminfo - SSI]	MemAvailable:   49439792 kB
20220312 061708.451 INFO             PET0 PIOc_freedecomp Enter - MemInfo: [/proc/meminfo - SSI]	Committed_AS:   12964888 kB
20220312 061708.451 INFO             PET0 PIOc_freedecomp Enter - MemInfo: [/proc/meminfo - SSI]	CommittedPercent: 19.7916 %
20220312 061708.451 INFO             PET0 PIOc_freedecomp Enter - MemInfo: [/proc/self/status]	VmPeak:	  524036 kB
20220312 061708.451 INFO             PET0 PIOc_freedecomp Enter - MemInfo: [/proc/self/status]	VmSize:	  507132 kB
20220312 061708.451 INFO             PET0 PIOc_freedecomp Enter - MemInfo: [/proc/self/status]	VmLck:	       0 kB
20220312 061708.451 INFO             PET0 PIOc_freedecomp Enter - MemInfo: [/proc/self/status]	VmPin:	       0 kB
20220312 061708.451 INFO             PET0 PIOc_freedecomp Enter - MemInfo: [/proc/self/status]	VmHWM:	   64880 kB
20220312 061708.451 INFO             PET0 PIOc_freedecomp Enter - MemInfo: [/proc/self/status]	VmRSS:	   19788 kB
20220312 061708.451 INFO             PET0 PIOc_freedecomp Enter - MemInfo: [/proc/self/status]	VmData:	   15172 kB
20220312 061708.451 INFO             PET0 PIOc_freedecomp Enter - MemInfo: [/proc/self/status]	VmStk:	     148 kB
20220312 061708.451 INFO             PET0 PIOc_freedecomp Enter - MemInfo: [/proc/self/status]	VmExe:	     200 kB
20220312 061708.451 INFO             PET0 PIOc_freedecomp Enter - MemInfo: [/proc/self/status]	VmLib:	   49272 kB
20220312 061708.451 INFO             PET0 PIOc_freedecomp Enter - MemInfo: [/proc/self/status]	VmPTE:	     744 kB
20220312 061708.451 INFO             PET0 PIOc_freedecomp Enter - MemInfo: [/proc/self/status]	VmPMD:	      12 kB
20220312 061708.451 INFO             PET0 PIOc_freedecomp Enter - MemInfo: [/proc/self/status]	VmSwap:	       0 kB
20220312 061708.451 INFO             PET0 PIOc_freedecomp Enter - MemInfo: [/proc/self/status]	VmRSSPercent: 0.0302075 %
20220312 061708.451 INFO             PET0 PIOc_freedecomp Enter - MemInfo: [malloc] Non-mmapped space allocated:                 3170304 Byte
20220312 061708.451 INFO             PET0 PIOc_freedecomp Enter - MemInfo: [malloc] Space allocated in mmapped regions:          1581056 Byte
20220312 061708.451 INFO             PET0 PIOc_freedecomp Enter - MemInfo: [malloc] Maximum total allocated space:                     0 Byte
20220312 061708.451 INFO             PET0 PIOc_freedecomp Enter - MemInfo: [malloc] Space in freed fastbin blocks:                  2672 Byte
20220312 061708.451 INFO             PET0 PIOc_freedecomp Enter - MemInfo: [malloc] Total allocated space:                       2630624 Byte
20220312 061708.451 INFO             PET0 PIOc_freedecomp Enter - MemInfo: [malloc] Total free space:                             539680 Byte
20220312 061708.451 INFO             PET0 PIOc_freedecomp Enter - MemInfo: [malloc] Top-most, releasable space:                    36144 Byte
20220312 061708.451 INFO             PET0 PIOc_freedecomp Enter - MemInfo: [malloc] Total space in use, mmap + non-mmap:         4211680 Byte
20220312 061708.451 INFO             PET0 PIOc_freedecomp Enter - MemInfo: [malloc] Total space held (mmap + non-mmap):          4751360 Byte
20220312 061708.451 INFO             PET0 PIOc_freedecomp Enter - MemInfo: [malloc] Total space used (mmap + non-mmap):          4221008 Byte
20220312 061708.451 INFO             PET0 PIOc_freedecomp Enter - MemInfo: Wall-clock time since execution start:              0.0186479 seconds
20220312 061708.451 INFO             PET0 PIOc_freedecomp Exit - MemInfo: [/proc/meminfo - SSI]	MemTotal:       65507008 kB
20220312 061708.451 INFO             PET0 PIOc_freedecomp Exit - MemInfo: [/proc/meminfo - SSI]	MemFree:        49678808 kB
20220312 061708.451 INFO             PET0 PIOc_freedecomp Exit - MemInfo: [/proc/meminfo - SSI]	MemAvailable:   49439792 kB
20220312 061708.451 INFO             PET0 PIOc_freedecomp Exit - MemInfo: [/proc/meminfo - SSI]	Committed_AS:   12964888 kB
20220312 061708.451 INFO             PET0 PIOc_freedecomp Exit - MemInfo: [/proc/meminfo - SSI]	CommittedPercent: 19.7916 %
20220312 061708.451 INFO             PET0 PIOc_freedecomp Exit - MemInfo: [/proc/self/status]	VmPeak:	  524036 kB
20220312 061708.451 INFO             PET0 PIOc_freedecomp Exit - MemInfo: [/proc/self/status]	VmSize:	  507132 kB
20220312 061708.451 INFO             PET0 PIOc_freedecomp Exit - MemInfo: [/proc/self/status]	VmLck:	       0 kB
20220312 061708.451 INFO             PET0 PIOc_freedecomp Exit - MemInfo: [/proc/self/status]	VmPin:	       0 kB
20220312 061708.451 INFO             PET0 PIOc_freedecomp Exit - MemInfo: [/proc/self/status]	VmHWM:	   64880 kB
20220312 061708.451 INFO             PET0 PIOc_freedecomp Exit - MemInfo: [/proc/self/status]	VmRSS:	   19788 kB
20220312 061708.451 INFO             PET0 PIOc_freedecomp Exit - MemInfo: [/proc/self/status]	VmData:	   15172 kB
20220312 061708.451 INFO             PET0 PIOc_freedecomp Exit - MemInfo: [/proc/self/status]	VmStk:	     148 kB
20220312 061708.451 INFO             PET0 PIOc_freedecomp Exit - MemInfo: [/proc/self/status]	VmExe:	     200 kB
20220312 061708.451 INFO             PET0 PIOc_freedecomp Exit - MemInfo: [/proc/self/status]	VmLib:	   49272 kB
20220312 061708.451 INFO             PET0 PIOc_freedecomp Exit - MemInfo: [/proc/self/status]	VmPTE:	     744 kB
20220312 061708.451 INFO             PET0 PIOc_freedecomp Exit - MemInfo: [/proc/self/status]	VmPMD:	      12 kB
20220312 061708.451 INFO             PET0 PIOc_freedecomp Exit - MemInfo: [/proc/self/status]	VmSwap:	       0 kB
20220312 061708.451 INFO             PET0 PIOc_freedecomp Exit - MemInfo: [/proc/self/status]	VmRSSPercent: 0.0302075 %
20220312 061708.451 INFO             PET0 PIOc_freedecomp Exit - MemInfo: [malloc] Non-mmapped space allocated:                 3170304 Byte
20220312 061708.451 INFO             PET0 PIOc_freedecomp Exit - MemInfo: [malloc] Space allocated in mmapped regions:          1581056 Byte
20220312 061708.451 INFO             PET0 PIOc_freedecomp Exit - MemInfo: [malloc] Maximum total allocated space:                     0 Byte
20220312 061708.451 INFO             PET0 PIOc_freedecomp Exit - MemInfo: [malloc] Space in freed fastbin blocks:                  3232 Byte
20220312 061708.451 INFO             PET0 PIOc_freedecomp Exit - MemInfo: [malloc] Total allocated space:                       2625472 Byte
20220312 061708.451 INFO             PET0 PIOc_freedecomp Exit - MemInfo: [malloc] Total free space:                             544832 Byte
20220312 061708.451 INFO             PET0 PIOc_freedecomp Exit - MemInfo: [malloc] Top-most, releasable space:                    36144 Byte
20220312 061708.451 INFO             PET0 PIOc_freedecomp Exit - MemInfo: [malloc] Total space in use, mmap + non-mmap:         4206528 Byte
20220312 061708.451 INFO             PET0 PIOc_freedecomp Exit - MemInfo: [malloc] Total space held (mmap + non-mmap):          4751360 Byte
20220312 061708.451 INFO             PET0 PIOc_freedecomp Exit - MemInfo: [malloc] Total space used (mmap + non-mmap):          4215856 Byte
20220312 061708.451 INFO             PET0 PIOc_freedecomp Exit - MemInfo: Wall-clock time since execution start:              0.0189884 seconds
20220312 061708.456 INFO             PET0 PIOc_sync Enter - MemInfo: [/proc/meminfo - SSI]	MemTotal:       65507008 kB
20220312 061708.456 INFO             PET0 PIOc_sync Enter - MemInfo: [/proc/meminfo - SSI]	MemFree:        49671752 kB
20220312 061708.456 INFO             PET0 PIOc_sync Enter - MemInfo: [/proc/meminfo - SSI]	MemAvailable:   49432736 kB
20220312 061708.456 INFO             PET0 PIOc_sync Enter - MemInfo: [/proc/meminfo - SSI]	Committed_AS:   12981364 kB
20220312 061708.456 INFO             PET0 PIOc_sync Enter - MemInfo: [/proc/meminfo - SSI]	CommittedPercent: 19.8168 %
20220312 061708.456 INFO             PET0 PIOc_sync Enter - MemInfo: [/proc/self/status]	VmPeak:	  524124 kB
20220312 061708.456 INFO             PET0 PIOc_sync Enter - MemInfo: [/proc/self/status]	VmSize:	  524124 kB
20220312 061708.456 INFO             PET0 PIOc_sync Enter - MemInfo: [/proc/self/status]	VmLck:	       0 kB
20220312 061708.456 INFO             PET0 PIOc_sync Enter - MemInfo: [/proc/self/status]	VmPin:	       0 kB
20220312 061708.456 INFO             PET0 PIOc_sync Enter - MemInfo: [/proc/self/status]	VmHWM:	   64880 kB
20220312 061708.456 INFO             PET0 PIOc_sync Enter - MemInfo: [/proc/self/status]	VmRSS:	   28052 kB
20220312 061708.456 INFO             PET0 PIOc_sync Enter - MemInfo: [/proc/self/status]	VmData:	   32164 kB
20220312 061708.456 INFO             PET0 PIOc_sync Enter - MemInfo: [/proc/self/status]	VmStk:	     148 kB
20220312 061708.456 INFO             PET0 PIOc_sync Enter - MemInfo: [/proc/self/status]	VmExe:	     200 kB
20220312 061708.456 INFO             PET0 PIOc_sync Enter - MemInfo: [/proc/self/status]	VmLib:	   49272 kB
20220312 061708.456 INFO             PET0 PIOc_sync Enter - MemInfo: [/proc/self/status]	VmPTE:	     764 kB
20220312 061708.456 INFO             PET0 PIOc_sync Enter - MemInfo: [/proc/self/status]	VmPMD:	      12 kB
20220312 061708.456 INFO             PET0 PIOc_sync Enter - MemInfo: [/proc/self/status]	VmSwap:	       0 kB
20220312 061708.456 INFO             PET0 PIOc_sync Enter - MemInfo: [/proc/self/status]	VmRSSPercent: 0.0428229 %
20220312 061708.456 INFO             PET0 PIOc_sync Enter - MemInfo: [malloc] Non-mmapped space allocated:                20570112 Byte
20220312 061708.456 INFO             PET0 PIOc_sync Enter - MemInfo: [malloc] Space allocated in mmapped regions:          1581056 Byte
20220312 061708.456 INFO             PET0 PIOc_sync Enter - MemInfo: [malloc] Maximum total allocated space:                     0 Byte
20220312 061708.456 INFO             PET0 PIOc_sync Enter - MemInfo: [malloc] Space in freed fastbin blocks:                  1888 Byte
20220312 061708.456 INFO             PET0 PIOc_sync Enter - MemInfo: [malloc] Total allocated space:                      19942832 Byte
20220312 061708.456 INFO             PET0 PIOc_sync Enter - MemInfo: [malloc] Total free space:                             627280 Byte
20220312 061708.456 INFO             PET0 PIOc_sync Enter - MemInfo: [malloc] Top-most, releasable space:                   134416 Byte
20220312 061708.456 INFO             PET0 PIOc_sync Enter - MemInfo: [malloc] Total space in use, mmap + non-mmap:        21523888 Byte
20220312 061708.456 INFO             PET0 PIOc_sync Enter - MemInfo: [malloc] Total space held (mmap + non-mmap):         22151168 Byte
20220312 061708.456 INFO             PET0 PIOc_sync Enter - MemInfo: [malloc] Total space used (mmap + non-mmap):         21533216 Byte
20220312 061708.456 INFO             PET0 PIOc_sync Enter - MemInfo: Wall-clock time since execution start:               0.023799 seconds
20220312 061708.456 INFO             PET0 PIOc_sync Exit - MemInfo: [/proc/meminfo - SSI]	MemTotal:       65507008 kB
20220312 061708.456 INFO             PET0 PIOc_sync Exit - MemInfo: [/proc/meminfo - SSI]	MemFree:        49671752 kB
20220312 061708.456 INFO             PET0 PIOc_sync Exit - MemInfo: [/proc/meminfo - SSI]	MemAvailable:   49432736 kB
20220312 061708.456 INFO             PET0 PIOc_sync Exit - MemInfo: [/proc/meminfo - SSI]	Committed_AS:   12981364 kB
20220312 061708.456 INFO             PET0 PIOc_sync Exit - MemInfo: [/proc/meminfo - SSI]	CommittedPercent: 19.8168 %
20220312 061708.456 INFO             PET0 PIOc_sync Exit - MemInfo: [/proc/self/status]	VmPeak:	  524124 kB
20220312 061708.456 INFO             PET0 PIOc_sync Exit - MemInfo: [/proc/self/status]	VmSize:	  524124 kB
20220312 061708.456 INFO             PET0 PIOc_sync Exit - MemInfo: [/proc/self/status]	VmLck:	       0 kB
20220312 061708.456 INFO             PET0 PIOc_sync Exit - MemInfo: [/proc/self/status]	VmPin:	       0 kB
20220312 061708.456 INFO             PET0 PIOc_sync Exit - MemInfo: [/proc/self/status]	VmHWM:	   64880 kB
20220312 061708.456 INFO             PET0 PIOc_sync Exit - MemInfo: [/proc/self/status]	VmRSS:	   28056 kB
20220312 061708.456 INFO             PET0 PIOc_sync Exit - MemInfo: [/proc/self/status]	VmData:	   32164 kB
20220312 061708.456 INFO             PET0 PIOc_sync Exit - MemInfo: [/proc/self/status]	VmStk:	     148 kB
20220312 061708.456 INFO             PET0 PIOc_sync Exit - MemInfo: [/proc/self/status]	VmExe:	     200 kB
20220312 061708.456 INFO             PET0 PIOc_sync Exit - MemInfo: [/proc/self/status]	VmLib:	   49272 kB
20220312 061708.456 INFO             PET0 PIOc_sync Exit - MemInfo: [/proc/self/status]	VmPTE:	     764 kB
20220312 061708.456 INFO             PET0 PIOc_sync Exit - MemInfo: [/proc/self/status]	VmPMD:	      12 kB
20220312 061708.456 INFO             PET0 PIOc_sync Exit - MemInfo: [/proc/self/status]	VmSwap:	       0 kB
20220312 061708.456 INFO             PET0 PIOc_sync Exit - MemInfo: [/proc/self/status]	VmRSSPercent: 0.042829 %
20220312 061708.456 INFO             PET0 PIOc_sync Exit - MemInfo: [malloc] Non-mmapped space allocated:                20570112 Byte
20220312 061708.456 INFO             PET0 PIOc_sync Exit - MemInfo: [malloc] Space allocated in mmapped regions:          1581056 Byte
20220312 061708.456 INFO             PET0 PIOc_sync Exit - MemInfo: [malloc] Maximum total allocated space:                     0 Byte
20220312 061708.456 INFO             PET0 PIOc_sync Exit - MemInfo: [malloc] Space in freed fastbin blocks:                  1344 Byte
20220312 061708.456 INFO             PET0 PIOc_sync Exit - MemInfo: [malloc] Total allocated space:                      19945664 Byte
20220312 061708.456 INFO             PET0 PIOc_sync Exit - MemInfo: [malloc] Total free space:                             624448 Byte
20220312 061708.456 INFO             PET0 PIOc_sync Exit - MemInfo: [malloc] Top-most, releasable space:                   134416 Byte
20220312 061708.456 INFO             PET0 PIOc_sync Exit - MemInfo: [malloc] Total space in use, mmap + non-mmap:        21526720 Byte
20220312 061708.456 INFO             PET0 PIOc_sync Exit - MemInfo: [malloc] Total space held (mmap + non-mmap):         22151168 Byte
20220312 061708.456 INFO             PET0 PIOc_sync Exit - MemInfo: [malloc] Total space used (mmap + non-mmap):         21536048 Byte
20220312 061708.456 INFO             PET0 PIOc_sync Exit - MemInfo: Wall-clock time since execution start:              0.0242236 seconds
20220312 061708.457 INFO             PET0 PIOc_freedecomp Enter - MemInfo: [/proc/meminfo - SSI]	MemTotal:       65507008 kB
20220312 061708.457 INFO             PET0 PIOc_freedecomp Enter - MemInfo: [/proc/meminfo - SSI]	MemFree:        49671752 kB
20220312 061708.457 INFO             PET0 PIOc_freedecomp Enter - MemInfo: [/proc/meminfo - SSI]	MemAvailable:   49432736 kB
20220312 061708.457 INFO             PET0 PIOc_freedecomp Enter - MemInfo: [/proc/meminfo - SSI]	Committed_AS:   12981364 kB
20220312 061708.457 INFO             PET0 PIOc_freedecomp Enter - MemInfo: [/proc/meminfo - SSI]	CommittedPercent: 19.8168 %
20220312 061708.457 INFO             PET0 PIOc_freedecomp Enter - MemInfo: [/proc/self/status]	VmPeak:	  524124 kB
20220312 061708.457 INFO             PET0 PIOc_freedecomp Enter - MemInfo: [/proc/self/status]	VmSize:	  524124 kB
20220312 061708.457 INFO             PET0 PIOc_freedecomp Enter - MemInfo: [/proc/self/status]	VmLck:	       0 kB
20220312 061708.457 INFO             PET0 PIOc_freedecomp Enter - MemInfo: [/proc/self/status]	VmPin:	       0 kB
20220312 061708.457 INFO             PET0 PIOc_freedecomp Enter - MemInfo: [/proc/self/status]	VmHWM:	   64880 kB
20220312 061708.457 INFO             PET0 PIOc_freedecomp Enter - MemInfo: [/proc/self/status]	VmRSS:	   28056 kB
20220312 061708.457 INFO             PET0 PIOc_freedecomp Enter - MemInfo: [/proc/self/status]	VmData:	   32164 kB
20220312 061708.457 INFO             PET0 PIOc_freedecomp Enter - MemInfo: [/proc/self/status]	VmStk:	     148 kB
20220312 061708.457 INFO             PET0 PIOc_freedecomp Enter - MemInfo: [/proc/self/status]	VmExe:	     200 kB
20220312 061708.457 INFO             PET0 PIOc_freedecomp Enter - MemInfo: [/proc/self/status]	VmLib:	   49272 kB
20220312 061708.457 INFO             PET0 PIOc_freedecomp Enter - MemInfo: [/proc/self/status]	VmPTE:	     764 kB
20220312 061708.457 INFO             PET0 PIOc_freedecomp Enter - MemInfo: [/proc/self/status]	VmPMD:	      12 kB
20220312 061708.457 INFO             PET0 PIOc_freedecomp Enter - MemInfo: [/proc/self/status]	VmSwap:	       0 kB
20220312 061708.457 INFO             PET0 PIOc_freedecomp Enter - MemInfo: [/proc/self/status]	VmRSSPercent: 0.042829 %
20220312 061708.457 INFO             PET0 PIOc_freedecomp Enter - MemInfo: [malloc] Non-mmapped space allocated:                20570112 Byte
20220312 061708.457 INFO             PET0 PIOc_freedecomp Enter - MemInfo: [malloc] Space allocated in mmapped regions:          1581056 Byte
20220312 061708.457 INFO             PET0 PIOc_freedecomp Enter - MemInfo: [malloc] Maximum total allocated space:                     0 Byte
20220312 061708.457 INFO             PET0 PIOc_freedecomp Enter - MemInfo: [malloc] Space in freed fastbin blocks:                  1536 Byte
20220312 061708.457 INFO             PET0 PIOc_freedecomp Enter - MemInfo: [malloc] Total allocated space:                       2630624 Byte
20220312 061708.457 INFO             PET0 PIOc_freedecomp Enter - MemInfo: [malloc] Total free space:                           17939488 Byte
20220312 061708.457 INFO             PET0 PIOc_freedecomp Enter - MemInfo: [malloc] Top-most, releasable space:                 17435952 Byte
20220312 061708.457 INFO             PET0 PIOc_freedecomp Enter - MemInfo: [malloc] Total space in use, mmap + non-mmap:         4211680 Byte
20220312 061708.457 INFO             PET0 PIOc_freedecomp Enter - MemInfo: [malloc] Total space held (mmap + non-mmap):         22151168 Byte
20220312 061708.457 INFO             PET0 PIOc_freedecomp Enter - MemInfo: [malloc] Total space used (mmap + non-mmap):          4221024 Byte
20220312 061708.457 INFO             PET0 PIOc_freedecomp Enter - MemInfo: Wall-clock time since execution start:              0.0246035 seconds
20220312 061708.457 INFO             PET0 PIOc_freedecomp Exit - MemInfo: [/proc/meminfo - SSI]	MemTotal:       65507008 kB
20220312 061708.457 INFO             PET0 PIOc_freedecomp Exit - MemInfo: [/proc/meminfo - SSI]	MemFree:        49671752 kB
20220312 061708.457 INFO             PET0 PIOc_freedecomp Exit - MemInfo: [/proc/meminfo - SSI]	MemAvailable:   49432736 kB
20220312 061708.457 INFO             PET0 PIOc_freedecomp Exit - MemInfo: [/proc/meminfo - SSI]	Committed_AS:   12981364 kB
20220312 061708.457 INFO             PET0 PIOc_freedecomp Exit - MemInfo: [/proc/meminfo - SSI]	CommittedPercent: 19.8168 %
20220312 061708.457 INFO             PET0 PIOc_freedecomp Exit - MemInfo: [/proc/self/status]	VmPeak:	  524124 kB
20220312 061708.457 INFO             PET0 PIOc_freedecomp Exit - MemInfo: [/proc/self/status]	VmSize:	  524124 kB
20220312 061708.457 INFO             PET0 PIOc_freedecomp Exit - MemInfo: [/proc/self/status]	VmLck:	       0 kB
20220312 061708.457 INFO             PET0 PIOc_freedecomp Exit - MemInfo: [/proc/self/status]	VmPin:	       0 kB
20220312 061708.457 INFO             PET0 PIOc_freedecomp Exit - MemInfo: [/proc/self/status]	VmHWM:	   64880 kB
20220312 061708.457 INFO             PET0 PIOc_freedecomp Exit - MemInfo: [/proc/self/status]	VmRSS:	   28056 kB
20220312 061708.457 INFO             PET0 PIOc_freedecomp Exit - MemInfo: [/proc/self/status]	VmData:	   32164 kB
20220312 061708.457 INFO             PET0 PIOc_freedecomp Exit - MemInfo: [/proc/self/status]	VmStk:	     148 kB
20220312 061708.457 INFO             PET0 PIOc_freedecomp Exit - MemInfo: [/proc/self/status]	VmExe:	     200 kB
20220312 061708.457 INFO             PET0 PIOc_freedecomp Exit - MemInfo: [/proc/self/status]	VmLib:	   49272 kB
20220312 061708.457 INFO             PET0 PIOc_freedecomp Exit - MemInfo: [/proc/self/status]	VmPTE:	     764 kB
20220312 061708.457 INFO             PET0 PIOc_freedecomp Exit - MemInfo: [/proc/self/status]	VmPMD:	      12 kB
20220312 061708.457 INFO             PET0 PIOc_freedecomp Exit - MemInfo: [/proc/self/status]	VmSwap:	       0 kB
20220312 061708.457 INFO             PET0 PIOc_freedecomp Exit - MemInfo: [/proc/self/status]	VmRSSPercent: 0.042829 %
20220312 061708.457 INFO             PET0 PIOc_freedecomp Exit - MemInfo: [malloc] Non-mmapped space allocated:                20570112 Byte
20220312 061708.457 INFO             PET0 PIOc_freedecomp Exit - MemInfo: [malloc] Space allocated in mmapped regions:          1581056 Byte
20220312 061708.457 INFO             PET0 PIOc_freedecomp Exit - MemInfo: [malloc] Maximum total allocated space:                     0 Byte
20220312 061708.457 INFO             PET0 PIOc_freedecomp Exit - MemInfo: [malloc] Space in freed fastbin blocks:                  2976 Byte
20220312 061708.457 INFO             PET0 PIOc_freedecomp Exit - MemInfo: [malloc] Total allocated space:                       2625472 Byte
20220312 061708.457 INFO             PET0 PIOc_freedecomp Exit - MemInfo: [malloc] Total free space:                           17944640 Byte
20220312 061708.457 INFO             PET0 PIOc_freedecomp Exit - MemInfo: [malloc] Top-most, releasable space:                 17435952 Byte
20220312 061708.457 INFO             PET0 PIOc_freedecomp Exit - MemInfo: [malloc] Total space in use, mmap + non-mmap:         4206528 Byte
20220312 061708.457 INFO             PET0 PIOc_freedecomp Exit - MemInfo: [malloc] Total space held (mmap + non-mmap):         22151168 Byte
20220312 061708.457 INFO             PET0 PIOc_freedecomp Exit - MemInfo: [malloc] Total space used (mmap + non-mmap):          4215856 Byte
20220312 061708.457 INFO             PET0 PIOc_freedecomp Exit - MemInfo: Wall-clock time since execution start:              0.0249421 seconds
20220312 061708.458 INFO             PET0 PIOc_sync Enter - MemInfo: [/proc/meminfo - SSI]	MemTotal:       65507008 kB
20220312 061708.458 INFO             PET0 PIOc_sync Enter - MemInfo: [/proc/meminfo - SSI]	MemFree:        49671248 kB
20220312 061708.458 INFO             PET0 PIOc_sync Enter - MemInfo: [/proc/meminfo - SSI]	MemAvailable:   49432232 kB
20220312 061708.458 INFO             PET0 PIOc_sync Enter - MemInfo: [/proc/meminfo - SSI]	Committed_AS:   12981364 kB
20220312 061708.458 INFO             PET0 PIOc_sync Enter - MemInfo: [/proc/meminfo - SSI]	CommittedPercent: 19.8168 %
20220312 061708.458 INFO             PET0 PIOc_sync Enter - MemInfo: [/proc/self/status]	VmPeak:	  532312 kB
20220312 061708.458 INFO             PET0 PIOc_sync Enter - MemInfo: [/proc/self/status]	VmSize:	  524124 kB
20220312 061708.458 INFO             PET0 PIOc_sync Enter - MemInfo: [/proc/self/status]	VmLck:	       0 kB
20220312 061708.458 INFO             PET0 PIOc_sync Enter - MemInfo: [/proc/self/status]	VmPin:	       0 kB
20220312 061708.458 INFO             PET0 PIOc_sync Enter - MemInfo: [/proc/self/status]	VmHWM:	   64880 kB
20220312 061708.458 INFO             PET0 PIOc_sync Enter - MemInfo: [/proc/self/status]	VmRSS:	   28528 kB
20220312 061708.458 INFO             PET0 PIOc_sync Enter - MemInfo: [/proc/self/status]	VmData:	   32164 kB
20220312 061708.458 INFO             PET0 PIOc_sync Enter - MemInfo: [/proc/self/status]	VmStk:	     148 kB
20220312 061708.458 INFO             PET0 PIOc_sync Enter - MemInfo: [/proc/self/status]	VmExe:	     200 kB
20220312 061708.458 INFO             PET0 PIOc_sync Enter - MemInfo: [/proc/self/status]	VmLib:	   49272 kB
20220312 061708.458 INFO             PET0 PIOc_sync Enter - MemInfo: [/proc/self/status]	VmPTE:	     764 kB
20220312 061708.458 INFO             PET0 PIOc_sync Enter - MemInfo: [/proc/self/status]	VmPMD:	      12 kB
20220312 061708.458 INFO             PET0 PIOc_sync Enter - MemInfo: [/proc/self/status]	VmSwap:	       0 kB
20220312 061708.458 INFO             PET0 PIOc_sync Enter - MemInfo: [/proc/self/status]	VmRSSPercent: 0.0435495 %
20220312 061708.458 INFO             PET0 PIOc_sync Enter - MemInfo: [malloc] Non-mmapped space allocated:                20570112 Byte
20220312 061708.458 INFO             PET0 PIOc_sync Enter - MemInfo: [malloc] Space allocated in mmapped regions:          1581056 Byte
20220312 061708.458 INFO             PET0 PIOc_sync Enter - MemInfo: [malloc] Maximum total allocated space:                     0 Byte
20220312 061708.458 INFO             PET0 PIOc_sync Enter - MemInfo: [malloc] Space in freed fastbin blocks:                  2128 Byte
20220312 061708.458 INFO             PET0 PIOc_sync Enter - MemInfo: [malloc] Total allocated space:                      19943312 Byte
20220312 061708.458 INFO             PET0 PIOc_sync Enter - MemInfo: [malloc] Total free space:                             626800 Byte
20220312 061708.458 INFO             PET0 PIOc_sync Enter - MemInfo: [malloc] Top-most, releasable space:                   134416 Byte
20220312 061708.458 INFO             PET0 PIOc_sync Enter - MemInfo: [malloc] Total space in use, mmap + non-mmap:        21524368 Byte
20220312 061708.458 INFO             PET0 PIOc_sync Enter - MemInfo: [malloc] Total space held (mmap + non-mmap):         22151168 Byte
20220312 061708.459 INFO             PET0 PIOc_sync Enter - MemInfo: [malloc] Total space used (mmap + non-mmap):         21533696 Byte
20220312 061708.459 INFO             PET0 PIOc_sync Enter - MemInfo: Wall-clock time since execution start:              0.0262848 seconds
20220312 061708.459 INFO             PET0 PIOc_sync Exit - MemInfo: [/proc/meminfo - SSI]	MemTotal:       65507008 kB
20220312 061708.459 INFO             PET0 PIOc_sync Exit - MemInfo: [/proc/meminfo - SSI]	MemFree:        49671248 kB
20220312 061708.459 INFO             PET0 PIOc_sync Exit - MemInfo: [/proc/meminfo - SSI]	MemAvailable:   49432232 kB
20220312 061708.459 INFO             PET0 PIOc_sync Exit - MemInfo: [/proc/meminfo - SSI]	Committed_AS:   12981364 kB
20220312 061708.459 INFO             PET0 PIOc_sync Exit - MemInfo: [/proc/meminfo - SSI]	CommittedPercent: 19.8168 %
20220312 061708.459 INFO             PET0 PIOc_sync Exit - MemInfo: [/proc/self/status]	VmPeak:	  532312 kB
20220312 061708.459 INFO             PET0 PIOc_sync Exit - MemInfo: [/proc/self/status]	VmSize:	  524124 kB
20220312 061708.459 INFO             PET0 PIOc_sync Exit - MemInfo: [/proc/self/status]	VmLck:	       0 kB
20220312 061708.459 INFO             PET0 PIOc_sync Exit - MemInfo: [/proc/self/status]	VmPin:	       0 kB
20220312 061708.459 INFO             PET0 PIOc_sync Exit - MemInfo: [/proc/self/status]	VmHWM:	   64880 kB
20220312 061708.459 INFO             PET0 PIOc_sync Exit - MemInfo: [/proc/self/status]	VmRSS:	   28528 kB
20220312 061708.459 INFO             PET0 PIOc_sync Exit - MemInfo: [/proc/self/status]	VmData:	   32164 kB
20220312 061708.459 INFO             PET0 PIOc_sync Exit - MemInfo: [/proc/self/status]	VmStk:	     148 kB
20220312 061708.459 INFO             PET0 PIOc_sync Exit - MemInfo: [/proc/self/status]	VmExe:	     200 kB
20220312 061708.459 INFO             PET0 PIOc_sync Exit - MemInfo: [/proc/self/status]	VmLib:	   49272 kB
20220312 061708.459 INFO             PET0 PIOc_sync Exit - MemInfo: [/proc/self/status]	VmPTE:	     764 kB
20220312 061708.459 INFO             PET0 PIOc_sync Exit - MemInfo: [/proc/self/status]	VmPMD:	      12 kB
20220312 061708.459 INFO             PET0 PIOc_sync Exit - MemInfo: [/proc/self/status]	VmSwap:	       0 kB
20220312 061708.459 INFO             PET0 PIOc_sync Exit - MemInfo: [/proc/self/status]	VmRSSPercent: 0.0435495 %
20220312 061708.459 INFO             PET0 PIOc_sync Exit - MemInfo: [malloc] Non-mmapped space allocated:                20570112 Byte
20220312 061708.459 INFO             PET0 PIOc_sync Exit - MemInfo: [malloc] Space allocated in mmapped regions:          1581056 Byte
20220312 061708.459 INFO             PET0 PIOc_sync Exit - MemInfo: [malloc] Maximum total allocated space:                     0 Byte
20220312 061708.459 INFO             PET0 PIOc_sync Exit - MemInfo: [malloc] Space in freed fastbin blocks:                  1344 Byte
20220312 061708.459 INFO             PET0 PIOc_sync Exit - MemInfo: [malloc] Total allocated space:                      19946128 Byte
20220312 061708.459 INFO             PET0 PIOc_sync Exit - MemInfo: [malloc] Total free space:                             623984 Byte
20220312 061708.459 INFO             PET0 PIOc_sync Exit - MemInfo: [malloc] Top-most, releasable space:                   134416 Byte
20220312 061708.459 INFO             PET0 PIOc_sync Exit - MemInfo: [malloc] Total space in use, mmap + non-mmap:        21527184 Byte
20220312 061708.459 INFO             PET0 PIOc_sync Exit - MemInfo: [malloc] Total space held (mmap + non-mmap):         22151168 Byte
20220312 061708.459 INFO             PET0 PIOc_sync Exit - MemInfo: [malloc] Total space used (mmap + non-mmap):         21536512 Byte
20220312 061708.459 INFO             PET0 PIOc_sync Exit - MemInfo: Wall-clock time since execution start:              0.0267006 seconds
20220312 061708.459 INFO             PET0 PIOc_freedecomp Enter - MemInfo: [/proc/meminfo - SSI]	MemTotal:       65507008 kB
20220312 061708.459 INFO             PET0 PIOc_freedecomp Enter - MemInfo: [/proc/meminfo - SSI]	MemFree:        49671248 kB
20220312 061708.459 INFO             PET0 PIOc_freedecomp Enter - MemInfo: [/proc/meminfo - SSI]	MemAvailable:   49432232 kB
20220312 061708.459 INFO             PET0 PIOc_freedecomp Enter - MemInfo: [/proc/meminfo - SSI]	Committed_AS:   12981364 kB
20220312 061708.459 INFO             PET0 PIOc_freedecomp Enter - MemInfo: [/proc/meminfo - SSI]	CommittedPercent: 19.8168 %
20220312 061708.459 INFO             PET0 PIOc_freedecomp Enter - MemInfo: [/proc/self/status]	VmPeak:	  532312 kB
20220312 061708.459 INFO             PET0 PIOc_freedecomp Enter - MemInfo: [/proc/self/status]	VmSize:	  524124 kB
20220312 061708.459 INFO             PET0 PIOc_freedecomp Enter - MemInfo: [/proc/self/status]	VmLck:	       0 kB
20220312 061708.459 INFO             PET0 PIOc_freedecomp Enter - MemInfo: [/proc/self/status]	VmPin:	       0 kB
20220312 061708.459 INFO             PET0 PIOc_freedecomp Enter - MemInfo: [/proc/self/status]	VmHWM:	   64880 kB
20220312 061708.459 INFO             PET0 PIOc_freedecomp Enter - MemInfo: [/proc/self/status]	VmRSS:	   28528 kB
20220312 061708.459 INFO             PET0 PIOc_freedecomp Enter - MemInfo: [/proc/self/status]	VmData:	   32164 kB
20220312 061708.459 INFO             PET0 PIOc_freedecomp Enter - MemInfo: [/proc/self/status]	VmStk:	     148 kB
20220312 061708.459 INFO             PET0 PIOc_freedecomp Enter - MemInfo: [/proc/self/status]	VmExe:	     200 kB
20220312 061708.459 INFO             PET0 PIOc_freedecomp Enter - MemInfo: [/proc/self/status]	VmLib:	   49272 kB
20220312 061708.459 INFO             PET0 PIOc_freedecomp Enter - MemInfo: [/proc/self/status]	VmPTE:	     764 kB
20220312 061708.459 INFO             PET0 PIOc_freedecomp Enter - MemInfo: [/proc/self/status]	VmPMD:	      12 kB
20220312 061708.459 INFO             PET0 PIOc_freedecomp Enter - MemInfo: [/proc/self/status]	VmSwap:	       0 kB
20220312 061708.459 INFO             PET0 PIOc_freedecomp Enter - MemInfo: [/proc/self/status]	VmRSSPercent: 0.0435495 %
20220312 061708.459 INFO             PET0 PIOc_freedecomp Enter - MemInfo: [malloc] Non-mmapped space allocated:                20570112 Byte
20220312 061708.459 INFO             PET0 PIOc_freedecomp Enter - MemInfo: [malloc] Space allocated in mmapped regions:          1581056 Byte
20220312 061708.459 INFO             PET0 PIOc_freedecomp Enter - MemInfo: [malloc] Maximum total allocated space:                     0 Byte
20220312 061708.459 INFO             PET0 PIOc_freedecomp Enter - MemInfo: [malloc] Space in freed fastbin blocks:                  1648 Byte
20220312 061708.459 INFO             PET0 PIOc_freedecomp Enter - MemInfo: [malloc] Total allocated space:                       2630608 Byte
20220312 061708.459 INFO             PET0 PIOc_freedecomp Enter - MemInfo: [malloc] Total free space:                           17939504 Byte
20220312 061708.459 INFO             PET0 PIOc_freedecomp Enter - MemInfo: [malloc] Top-most, releasable space:                 17435952 Byte
20220312 061708.459 INFO             PET0 PIOc_freedecomp Enter - MemInfo: [malloc] Total space in use, mmap + non-mmap:         4211664 Byte
20220312 061708.459 INFO             PET0 PIOc_freedecomp Enter - MemInfo: [malloc] Total space held (mmap + non-mmap):         22151168 Byte
20220312 061708.459 INFO             PET0 PIOc_freedecomp Enter - MemInfo: [malloc] Total space used (mmap + non-mmap):          4220992 Byte
20220312 061708.459 INFO             PET0 PIOc_freedecomp Enter - MemInfo: Wall-clock time since execution start:              0.0270703 seconds
20220312 061708.459 INFO             PET0 PIOc_freedecomp Exit - MemInfo: [/proc/meminfo - SSI]	MemTotal:       65507008 kB
20220312 061708.459 INFO             PET0 PIOc_freedecomp Exit - MemInfo: [/proc/meminfo - SSI]	MemFree:        49671248 kB
20220312 061708.459 INFO             PET0 PIOc_freedecomp Exit - MemInfo: [/proc/meminfo - SSI]	MemAvailable:   49432232 kB
20220312 061708.459 INFO             PET0 PIOc_freedecomp Exit - MemInfo: [/proc/meminfo - SSI]	Committed_AS:   12981364 kB
20220312 061708.459 INFO             PET0 PIOc_freedecomp Exit - MemInfo: [/proc/meminfo - SSI]	CommittedPercent: 19.8168 %
20220312 061708.459 INFO             PET0 PIOc_freedecomp Exit - MemInfo: [/proc/self/status]	VmPeak:	  532312 kB
20220312 061708.459 INFO             PET0 PIOc_freedecomp Exit - MemInfo: [/proc/self/status]	VmSize:	  524124 kB
20220312 061708.459 INFO             PET0 PIOc_freedecomp Exit - MemInfo: [/proc/self/status]	VmLck:	       0 kB
20220312 061708.459 INFO             PET0 PIOc_freedecomp Exit - MemInfo: [/proc/self/status]	VmPin:	       0 kB
20220312 061708.459 INFO             PET0 PIOc_freedecomp Exit - MemInfo: [/proc/self/status]	VmHWM:	   64880 kB
20220312 061708.459 INFO             PET0 PIOc_freedecomp Exit - MemInfo: [/proc/self/status]	VmRSS:	   28528 kB
20220312 061708.459 INFO             PET0 PIOc_freedecomp Exit - MemInfo: [/proc/self/status]	VmData:	   32164 kB
20220312 061708.459 INFO             PET0 PIOc_freedecomp Exit - MemInfo: [/proc/self/status]	VmStk:	     148 kB
20220312 061708.459 INFO             PET0 PIOc_freedecomp Exit - MemInfo: [/proc/self/status]	VmExe:	     200 kB
20220312 061708.459 INFO             PET0 PIOc_freedecomp Exit - MemInfo: [/proc/self/status]	VmLib:	   49272 kB
20220312 061708.459 INFO             PET0 PIOc_freedecomp Exit - MemInfo: [/proc/self/status]	VmPTE:	     764 kB
20220312 061708.460 INFO             PET0 PIOc_freedecomp Exit - MemInfo: [/proc/self/status]	VmPMD:	      12 kB
20220312 061708.460 INFO             PET0 PIOc_freedecomp Exit - MemInfo: [/proc/self/status]	VmSwap:	       0 kB
20220312 061708.460 INFO             PET0 PIOc_freedecomp Exit - MemInfo: [/proc/self/status]	VmRSSPercent: 0.0435495 %
20220312 061708.460 INFO             PET0 PIOc_freedecomp Exit - MemInfo: [malloc] Non-mmapped space allocated:                20570112 Byte
20220312 061708.460 INFO             PET0 PIOc_freedecomp Exit - MemInfo: [malloc] Space allocated in mmapped regions:          1581056 Byte
20220312 061708.460 INFO             PET0 PIOc_freedecomp Exit - MemInfo: [malloc] Maximum total allocated space:                     0 Byte
20220312 061708.460 INFO             PET0 PIOc_freedecomp Exit - MemInfo: [malloc] Space in freed fastbin blocks:                  3616 Byte
20220312 061708.460 INFO             PET0 PIOc_freedecomp Exit - MemInfo: [malloc] Total allocated space:                       2625472 Byte
20220312 061708.460 INFO             PET0 PIOc_freedecomp Exit - MemInfo: [malloc] Total free space:                           17944640 Byte
20220312 061708.460 INFO             PET0 PIOc_freedecomp Exit - MemInfo: [malloc] Top-most, releasable space:                 17435952 Byte
20220312 061708.460 INFO             PET0 PIOc_freedecomp Exit - MemInfo: [malloc] Total space in use, mmap + non-mmap:         4206528 Byte
20220312 061708.460 INFO             PET0 PIOc_freedecomp Exit - MemInfo: [malloc] Total space held (mmap + non-mmap):         22151168 Byte
20220312 061708.460 INFO             PET0 PIOc_freedecomp Exit - MemInfo: [malloc] Total space used (mmap + non-mmap):          4215856 Byte
20220312 061708.460 INFO             PET0 PIOc_freedecomp Exit - MemInfo: Wall-clock time since execution start:              0.0274128 seconds
20220312 061708.460 INFO             PET0  PASS  ESMF_OutputWeightFile, ESMF_IOUTest.F90, line 81
20220312 061708.466 INFO             PET0  PASS  call ESMF_OutputWeightFile with empty factor list on four PETs, ESMF_IOUTest.F90, line 191
20220312 061708.466 INFO             PET0  Ending Test, file ESMF_IOUTest.F90, line 201
20220312 061708.466 INFO             PET0 Finalizing ESMF
20220312 061708.434 INFO             PET1 !!!!!!!!!!!!!!!!!!!!!!!!!!!!!!!!!!!!!!!!!!!!!!!!!!!!!!
20220312 061708.434 INFO             PET1 !!! THE ESMF_LOG IS SET TO OUTPUT ALL LOG MESSAGES !!!
20220312 061708.434 INFO             PET1 !!!     THIS MAY CAUSE SLOWDOWN IN PERFORMANCE     !!!
20220312 061708.434 INFO             PET1 !!! FOR PRODUCTION RUNS, USE:                      !!!
20220312 061708.434 INFO             PET1 !!!                   ESMF_LOGKIND_Multi_On_Error  !!!
20220312 061708.434 INFO             PET1 !!!!!!!!!!!!!!!!!!!!!!!!!!!!!!!!!!!!!!!!!!!!!!!!!!!!!!
20220312 061708.434 INFO             PET1 Running with ESMF Version   : v8.3.0b09-96-g559b459836
20220312 061708.434 INFO             PET1 ESMF library build date/time: "Mar 12 2022" "06:02:09"
20220312 061708.434 INFO             PET1 ESMF library build location : /glade/scratch/rlong/esmf-testing/gfortran_10.1.0_openmpi_O_jedwards_pio_update2
20220312 061708.434 INFO             PET1 ESMF_COMM                   : openmpi
20220312 061708.434 INFO             PET1 ESMF_MOAB                   : enabled
20220312 061708.434 INFO             PET1 ESMF_LAPACK                 : enabled
20220312 061708.434 INFO             PET1 ESMF_NETCDF                 : enabled
20220312 061708.434 INFO             PET1 ESMF_PNETCDF                : disabled
20220312 061708.434 INFO             PET1 ESMF_PIO                    : enabled
20220312 061708.434 INFO             PET1 ESMF_YAMLCPP                : enabled
20220312 061708.435 INFO             PET1  Beginning Test, file ESMF_IOUTest.F90, line 57
20220312 061708.435 INFO             PET1  NUMBER_OF_PROCESSORS           4
20220312 061708.435 INFO             PET1 Starting Test:  ESMF_OutputWeightFile
20220312 061708.446 INFO             PET1 PIOc_sync Enter - MemInfo: [/proc/meminfo - SSI]	MemTotal:       65507008 kB
20220312 061708.446 INFO             PET1 PIOc_sync Enter - MemInfo: [/proc/meminfo - SSI]	MemFree:        49663688 kB
20220312 061708.446 INFO             PET1 PIOc_sync Enter - MemInfo: [/proc/meminfo - SSI]	MemAvailable:   49424672 kB
20220312 061708.446 INFO             PET1 PIOc_sync Enter - MemInfo: [/proc/meminfo - SSI]	Committed_AS:   12981276 kB
20220312 061708.446 INFO             PET1 PIOc_sync Enter - MemInfo: [/proc/meminfo - SSI]	CommittedPercent: 19.8166 %
20220312 061708.446 INFO             PET1 PIOc_sync Enter - MemInfo: [/proc/self/status]	VmPeak:	  507132 kB
20220312 061708.446 INFO             PET1 PIOc_sync Enter - MemInfo: [/proc/self/status]	VmSize:	  507132 kB
20220312 061708.446 INFO             PET1 PIOc_sync Enter - MemInfo: [/proc/self/status]	VmLck:	       0 kB
20220312 061708.446 INFO             PET1 PIOc_sync Enter - MemInfo: [/proc/self/status]	VmPin:	       0 kB
20220312 061708.446 INFO             PET1 PIOc_sync Enter - MemInfo: [/proc/self/status]	VmHWM:	   64884 kB
20220312 061708.446 INFO             PET1 PIOc_sync Enter - MemInfo: [/proc/self/status]	VmRSS:	   18544 kB
20220312 061708.446 INFO             PET1 PIOc_sync Enter - MemInfo: [/proc/self/status]	VmData:	   15172 kB
20220312 061708.446 INFO             PET1 PIOc_sync Enter - MemInfo: [/proc/self/status]	VmStk:	     148 kB
20220312 061708.446 INFO             PET1 PIOc_sync Enter - MemInfo: [/proc/self/status]	VmExe:	     200 kB
20220312 061708.446 INFO             PET1 PIOc_sync Enter - MemInfo: [/proc/self/status]	VmLib:	   49272 kB
20220312 061708.446 INFO             PET1 PIOc_sync Enter - MemInfo: [/proc/self/status]	VmPTE:	     732 kB
20220312 061708.446 INFO             PET1 PIOc_sync Enter - MemInfo: [/proc/self/status]	VmPMD:	      16 kB
20220312 061708.446 INFO             PET1 PIOc_sync Enter - MemInfo: [/proc/self/status]	VmSwap:	       0 kB
20220312 061708.446 INFO             PET1 PIOc_sync Enter - MemInfo: [/proc/self/status]	VmRSSPercent: 0.0283084 %
20220312 061708.446 INFO             PET1 PIOc_sync Enter - MemInfo: [malloc] Non-mmapped space allocated:                 3170304 Byte
20220312 061708.449 INFO             PET1 PIOc_sync Enter - MemInfo: [malloc] Space allocated in mmapped regions:          1581056 Byte
20220312 061708.449 INFO             PET1 PIOc_sync Enter - MemInfo: [malloc] Maximum total allocated space:                     0 Byte
20220312 061708.449 INFO             PET1 PIOc_sync Enter - MemInfo: [malloc] Space in freed fastbin blocks:                   880 Byte
20220312 061708.449 INFO             PET1 PIOc_sync Enter - MemInfo: [malloc] Total allocated space:                       2429376 Byte
20220312 061708.449 INFO             PET1 PIOc_sync Enter - MemInfo: [malloc] Total free space:                             740928 Byte
20220312 061708.449 INFO             PET1 PIOc_sync Enter - MemInfo: [malloc] Top-most, releasable space:                    36000 Byte
20220312 061708.449 INFO             PET1 PIOc_sync Enter - MemInfo: [malloc] Total space in use, mmap + non-mmap:         4010432 Byte
20220312 061708.449 INFO             PET1 PIOc_sync Enter - MemInfo: [malloc] Total space held (mmap + non-mmap):          4751360 Byte
20220312 061708.449 INFO             PET1 PIOc_sync Enter - MemInfo: [malloc] Total space used (mmap + non-mmap):          4019760 Byte
20220312 061708.449 INFO             PET1 PIOc_sync Enter - MemInfo: Wall-clock time since execution start:              0.0171553 seconds
20220312 061708.449 INFO             PET1 PIOc_sync Exit - MemInfo: [/proc/meminfo - SSI]	MemTotal:       65507008 kB
20220312 061708.449 INFO             PET1 PIOc_sync Exit - MemInfo: [/proc/meminfo - SSI]	MemFree:        49663688 kB
20220312 061708.449 INFO             PET1 PIOc_sync Exit - MemInfo: [/proc/meminfo - SSI]	MemAvailable:   49424672 kB
20220312 061708.450 INFO             PET1 PIOc_sync Exit - MemInfo: [/proc/meminfo - SSI]	Committed_AS:   12981276 kB
20220312 061708.450 INFO             PET1 PIOc_sync Exit - MemInfo: [/proc/meminfo - SSI]	CommittedPercent: 19.8166 %
20220312 061708.450 INFO             PET1 PIOc_sync Exit - MemInfo: [/proc/self/status]	VmPeak:	  507132 kB
20220312 061708.450 INFO             PET1 PIOc_sync Exit - MemInfo: [/proc/self/status]	VmSize:	  507132 kB
20220312 061708.450 INFO             PET1 PIOc_sync Exit - MemInfo: [/proc/self/status]	VmLck:	       0 kB
20220312 061708.450 INFO             PET1 PIOc_sync Exit - MemInfo: [/proc/self/status]	VmPin:	       0 kB
20220312 061708.450 INFO             PET1 PIOc_sync Exit - MemInfo: [/proc/self/status]	VmHWM:	   64884 kB
20220312 061708.450 INFO             PET1 PIOc_sync Exit - MemInfo: [/proc/self/status]	VmRSS:	   18628 kB
20220312 061708.450 INFO             PET1 PIOc_sync Exit - MemInfo: [/proc/self/status]	VmData:	   15172 kB
20220312 061708.450 INFO             PET1 PIOc_sync Exit - MemInfo: [/proc/self/status]	VmStk:	     148 kB
20220312 061708.450 INFO             PET1 PIOc_sync Exit - MemInfo: [/proc/self/status]	VmExe:	     200 kB
20220312 061708.450 INFO             PET1 PIOc_sync Exit - MemInfo: [/proc/self/status]	VmLib:	   49272 kB
20220312 061708.450 INFO             PET1 PIOc_sync Exit - MemInfo: [/proc/self/status]	VmPTE:	     732 kB
20220312 061708.450 INFO             PET1 PIOc_sync Exit - MemInfo: [/proc/self/status]	VmPMD:	      16 kB
20220312 061708.450 INFO             PET1 PIOc_sync Exit - MemInfo: [/proc/self/status]	VmSwap:	       0 kB
20220312 061708.450 INFO             PET1 PIOc_sync Exit - MemInfo: [/proc/self/status]	VmRSSPercent: 0.0284367 %
20220312 061708.450 INFO             PET1 PIOc_sync Exit - MemInfo: [malloc] Non-mmapped space allocated:                 3170304 Byte
20220312 061708.450 INFO             PET1 PIOc_sync Exit - MemInfo: [malloc] Space allocated in mmapped regions:          1581056 Byte
20220312 061708.450 INFO             PET1 PIOc_sync Exit - MemInfo: [malloc] Maximum total allocated space:                     0 Byte
20220312 061708.450 INFO             PET1 PIOc_sync Exit - MemInfo: [malloc] Space in freed fastbin blocks:                  1296 Byte
20220312 061708.450 INFO             PET1 PIOc_sync Exit - MemInfo: [malloc] Total allocated space:                       2429232 Byte
20220312 061708.450 INFO             PET1 PIOc_sync Exit - MemInfo: [malloc] Total free space:                             741072 Byte
20220312 061708.450 INFO             PET1 PIOc_sync Exit - MemInfo: [malloc] Top-most, releasable space:                    36000 Byte
20220312 061708.450 INFO             PET1 PIOc_sync Exit - MemInfo: [malloc] Total space in use, mmap + non-mmap:         4010288 Byte
20220312 061708.450 INFO             PET1 PIOc_sync Exit - MemInfo: [malloc] Total space held (mmap + non-mmap):          4751360 Byte
20220312 061708.450 INFO             PET1 PIOc_sync Exit - MemInfo: [malloc] Total space used (mmap + non-mmap):          4019616 Byte
20220312 061708.450 INFO             PET1 PIOc_sync Exit - MemInfo: Wall-clock time since execution start:                0.01764 seconds
20220312 061708.451 INFO             PET1 PIOc_freedecomp Enter - MemInfo: [/proc/meminfo - SSI]	MemTotal:       65507008 kB
20220312 061708.451 INFO             PET1 PIOc_freedecomp Enter - MemInfo: [/proc/meminfo - SSI]	MemFree:        49678808 kB
20220312 061708.451 INFO             PET1 PIOc_freedecomp Enter - MemInfo: [/proc/meminfo - SSI]	MemAvailable:   49439792 kB
20220312 061708.451 INFO             PET1 PIOc_freedecomp Enter - MemInfo: [/proc/meminfo - SSI]	Committed_AS:   12964888 kB
20220312 061708.451 INFO             PET1 PIOc_freedecomp Enter - MemInfo: [/proc/meminfo - SSI]	CommittedPercent: 19.7916 %
20220312 061708.451 INFO             PET1 PIOc_freedecomp Enter - MemInfo: [/proc/self/status]	VmPeak:	  507132 kB
20220312 061708.451 INFO             PET1 PIOc_freedecomp Enter - MemInfo: [/proc/self/status]	VmSize:	  507132 kB
20220312 061708.451 INFO             PET1 PIOc_freedecomp Enter - MemInfo: [/proc/self/status]	VmLck:	       0 kB
20220312 061708.451 INFO             PET1 PIOc_freedecomp Enter - MemInfo: [/proc/self/status]	VmPin:	       0 kB
20220312 061708.451 INFO             PET1 PIOc_freedecomp Enter - MemInfo: [/proc/self/status]	VmHWM:	   64884 kB
20220312 061708.451 INFO             PET1 PIOc_freedecomp Enter - MemInfo: [/proc/self/status]	VmRSS:	   18628 kB
20220312 061708.451 INFO             PET1 PIOc_freedecomp Enter - MemInfo: [/proc/self/status]	VmData:	   15172 kB
20220312 061708.451 INFO             PET1 PIOc_freedecomp Enter - MemInfo: [/proc/self/status]	VmStk:	     148 kB
20220312 061708.451 INFO             PET1 PIOc_freedecomp Enter - MemInfo: [/proc/self/status]	VmExe:	     200 kB
20220312 061708.451 INFO             PET1 PIOc_freedecomp Enter - MemInfo: [/proc/self/status]	VmLib:	   49272 kB
20220312 061708.451 INFO             PET1 PIOc_freedecomp Enter - MemInfo: [/proc/self/status]	VmPTE:	     732 kB
20220312 061708.451 INFO             PET1 PIOc_freedecomp Enter - MemInfo: [/proc/self/status]	VmPMD:	      16 kB
20220312 061708.451 INFO             PET1 PIOc_freedecomp Enter - MemInfo: [/proc/self/status]	VmSwap:	       0 kB
20220312 061708.451 INFO             PET1 PIOc_freedecomp Enter - MemInfo: [/proc/self/status]	VmRSSPercent: 0.0284367 %
20220312 061708.451 INFO             PET1 PIOc_freedecomp Enter - MemInfo: [malloc] Non-mmapped space allocated:                 3170304 Byte
20220312 061708.451 INFO             PET1 PIOc_freedecomp Enter - MemInfo: [malloc] Space allocated in mmapped regions:          1581056 Byte
20220312 061708.451 INFO             PET1 PIOc_freedecomp Enter - MemInfo: [malloc] Maximum total allocated space:                     0 Byte
20220312 061708.451 INFO             PET1 PIOc_freedecomp Enter - MemInfo: [malloc] Space in freed fastbin blocks:                  1536 Byte
20220312 061708.451 INFO             PET1 PIOc_freedecomp Enter - MemInfo: [malloc] Total allocated space:                       2427600 Byte
20220312 061708.451 INFO             PET1 PIOc_freedecomp Enter - MemInfo: [malloc] Total free space:                             742704 Byte
20220312 061708.451 INFO             PET1 PIOc_freedecomp Enter - MemInfo: [malloc] Top-most, releasable space:                    36000 Byte
20220312 061708.451 INFO             PET1 PIOc_freedecomp Enter - MemInfo: [malloc] Total space in use, mmap + non-mmap:         4008656 Byte
20220312 061708.451 INFO             PET1 PIOc_freedecomp Enter - MemInfo: [malloc] Total space held (mmap + non-mmap):          4751360 Byte
20220312 061708.451 INFO             PET1 PIOc_freedecomp Enter - MemInfo: [malloc] Total space used (mmap + non-mmap):          4017984 Byte
20220312 061708.451 INFO             PET1 PIOc_freedecomp Enter - MemInfo: Wall-clock time since execution start:              0.0187174 seconds
20220312 061708.451 INFO             PET1 PIOc_freedecomp Exit - MemInfo: [/proc/meminfo - SSI]	MemTotal:       65507008 kB
20220312 061708.451 INFO             PET1 PIOc_freedecomp Exit - MemInfo: [/proc/meminfo - SSI]	MemFree:        49678808 kB
20220312 061708.451 INFO             PET1 PIOc_freedecomp Exit - MemInfo: [/proc/meminfo - SSI]	MemAvailable:   49439792 kB
20220312 061708.451 INFO             PET1 PIOc_freedecomp Exit - MemInfo: [/proc/meminfo - SSI]	Committed_AS:   12964888 kB
20220312 061708.451 INFO             PET1 PIOc_freedecomp Exit - MemInfo: [/proc/meminfo - SSI]	CommittedPercent: 19.7916 %
20220312 061708.451 INFO             PET1 PIOc_freedecomp Exit - MemInfo: [/proc/self/status]	VmPeak:	  507132 kB
20220312 061708.451 INFO             PET1 PIOc_freedecomp Exit - MemInfo: [/proc/self/status]	VmSize:	  507132 kB
20220312 061708.451 INFO             PET1 PIOc_freedecomp Exit - MemInfo: [/proc/self/status]	VmLck:	       0 kB
20220312 061708.451 INFO             PET1 PIOc_freedecomp Exit - MemInfo: [/proc/self/status]	VmPin:	       0 kB
20220312 061708.451 INFO             PET1 PIOc_freedecomp Exit - MemInfo: [/proc/self/status]	VmHWM:	   64884 kB
20220312 061708.451 INFO             PET1 PIOc_freedecomp Exit - MemInfo: [/proc/self/status]	VmRSS:	   18628 kB
20220312 061708.451 INFO             PET1 PIOc_freedecomp Exit - MemInfo: [/proc/self/status]	VmData:	   15172 kB
20220312 061708.451 INFO             PET1 PIOc_freedecomp Exit - MemInfo: [/proc/self/status]	VmStk:	     148 kB
20220312 061708.451 INFO             PET1 PIOc_freedecomp Exit - MemInfo: [/proc/self/status]	VmExe:	     200 kB
20220312 061708.451 INFO             PET1 PIOc_freedecomp Exit - MemInfo: [/proc/self/status]	VmLib:	   49272 kB
20220312 061708.451 INFO             PET1 PIOc_freedecomp Exit - MemInfo: [/proc/self/status]	VmPTE:	     732 kB
20220312 061708.451 INFO             PET1 PIOc_freedecomp Exit - MemInfo: [/proc/self/status]	VmPMD:	      16 kB
20220312 061708.451 INFO             PET1 PIOc_freedecomp Exit - MemInfo: [/proc/self/status]	VmSwap:	       0 kB
20220312 061708.451 INFO             PET1 PIOc_freedecomp Exit - MemInfo: [/proc/self/status]	VmRSSPercent: 0.0284367 %
20220312 061708.451 INFO             PET1 PIOc_freedecomp Exit - MemInfo: [malloc] Non-mmapped space allocated:                 3170304 Byte
20220312 061708.451 INFO             PET1 PIOc_freedecomp Exit - MemInfo: [malloc] Space allocated in mmapped regions:          1581056 Byte
20220312 061708.451 INFO             PET1 PIOc_freedecomp Exit - MemInfo: [malloc] Maximum total allocated space:                     0 Byte
20220312 061708.451 INFO             PET1 PIOc_freedecomp Exit - MemInfo: [malloc] Space in freed fastbin blocks:                  1808 Byte
20220312 061708.451 INFO             PET1 PIOc_freedecomp Exit - MemInfo: [malloc] Total allocated space:                       2425536 Byte
20220312 061708.451 INFO             PET1 PIOc_freedecomp Exit - MemInfo: [malloc] Total free space:                             744768 Byte
20220312 061708.451 INFO             PET1 PIOc_freedecomp Exit - MemInfo: [malloc] Top-most, releasable space:                    36000 Byte
20220312 061708.451 INFO             PET1 PIOc_freedecomp Exit - MemInfo: [malloc] Total space in use, mmap + non-mmap:         4006592 Byte
20220312 061708.451 INFO             PET1 PIOc_freedecomp Exit - MemInfo: [malloc] Total space held (mmap + non-mmap):          4751360 Byte
20220312 061708.451 INFO             PET1 PIOc_freedecomp Exit - MemInfo: [malloc] Total space used (mmap + non-mmap):          4015936 Byte
20220312 061708.451 INFO             PET1 PIOc_freedecomp Exit - MemInfo: Wall-clock time since execution start:              0.0190687 seconds
20220312 061708.456 INFO             PET1 PIOc_sync Enter - MemInfo: [/proc/meminfo - SSI]	MemTotal:       65507008 kB
20220312 061708.456 INFO             PET1 PIOc_sync Enter - MemInfo: [/proc/meminfo - SSI]	MemFree:        49671752 kB
20220312 061708.456 INFO             PET1 PIOc_sync Enter - MemInfo: [/proc/meminfo - SSI]	MemAvailable:   49432736 kB
20220312 061708.456 INFO             PET1 PIOc_sync Enter - MemInfo: [/proc/meminfo - SSI]	Committed_AS:   12981364 kB
20220312 061708.456 INFO             PET1 PIOc_sync Enter - MemInfo: [/proc/meminfo - SSI]	CommittedPercent: 19.8168 %
20220312 061708.456 INFO             PET1 PIOc_sync Enter - MemInfo: [/proc/self/status]	VmPeak:	  507132 kB
20220312 061708.456 INFO             PET1 PIOc_sync Enter - MemInfo: [/proc/self/status]	VmSize:	  507132 kB
20220312 061708.456 INFO             PET1 PIOc_sync Enter - MemInfo: [/proc/self/status]	VmLck:	       0 kB
20220312 061708.456 INFO             PET1 PIOc_sync Enter - MemInfo: [/proc/self/status]	VmPin:	       0 kB
20220312 061708.456 INFO             PET1 PIOc_sync Enter - MemInfo: [/proc/self/status]	VmHWM:	   64884 kB
20220312 061708.456 INFO             PET1 PIOc_sync Enter - MemInfo: [/proc/self/status]	VmRSS:	   18664 kB
20220312 061708.456 INFO             PET1 PIOc_sync Enter - MemInfo: [/proc/self/status]	VmData:	   15172 kB
20220312 061708.456 INFO             PET1 PIOc_sync Enter - MemInfo: [/proc/self/status]	VmStk:	     148 kB
20220312 061708.456 INFO             PET1 PIOc_sync Enter - MemInfo: [/proc/self/status]	VmExe:	     200 kB
20220312 061708.456 INFO             PET1 PIOc_sync Enter - MemInfo: [/proc/self/status]	VmLib:	   49272 kB
20220312 061708.456 INFO             PET1 PIOc_sync Enter - MemInfo: [/proc/self/status]	VmPTE:	     732 kB
20220312 061708.456 INFO             PET1 PIOc_sync Enter - MemInfo: [/proc/self/status]	VmPMD:	      16 kB
20220312 061708.456 INFO             PET1 PIOc_sync Enter - MemInfo: [/proc/self/status]	VmSwap:	       0 kB
20220312 061708.456 INFO             PET1 PIOc_sync Enter - MemInfo: [/proc/self/status]	VmRSSPercent: 0.0284916 %
20220312 061708.456 INFO             PET1 PIOc_sync Enter - MemInfo: [malloc] Non-mmapped space allocated:                 3170304 Byte
20220312 061708.456 INFO             PET1 PIOc_sync Enter - MemInfo: [malloc] Space allocated in mmapped regions:          1581056 Byte
20220312 061708.456 INFO             PET1 PIOc_sync Enter - MemInfo: [malloc] Maximum total allocated space:                     0 Byte
20220312 061708.456 INFO             PET1 PIOc_sync Enter - MemInfo: [malloc] Space in freed fastbin blocks:                  1104 Byte
20220312 061708.456 INFO             PET1 PIOc_sync Enter - MemInfo: [malloc] Total allocated space:                       2429520 Byte
20220312 061708.456 INFO             PET1 PIOc_sync Enter - MemInfo: [malloc] Total free space:                             740784 Byte
20220312 061708.456 INFO             PET1 PIOc_sync Enter - MemInfo: [malloc] Top-most, releasable space:                    36000 Byte
20220312 061708.456 INFO             PET1 PIOc_sync Enter - MemInfo: [malloc] Total space in use, mmap + non-mmap:         4010576 Byte
20220312 061708.456 INFO             PET1 PIOc_sync Enter - MemInfo: [malloc] Total space held (mmap + non-mmap):          4751360 Byte
20220312 061708.456 INFO             PET1 PIOc_sync Enter - MemInfo: [malloc] Total space used (mmap + non-mmap):          4019904 Byte
20220312 061708.456 INFO             PET1 PIOc_sync Enter - MemInfo: Wall-clock time since execution start:               0.023866 seconds
20220312 061708.456 INFO             PET1 PIOc_sync Exit - MemInfo: [/proc/meminfo - SSI]	MemTotal:       65507008 kB
20220312 061708.456 INFO             PET1 PIOc_sync Exit - MemInfo: [/proc/meminfo - SSI]	MemFree:        49671752 kB
20220312 061708.456 INFO             PET1 PIOc_sync Exit - MemInfo: [/proc/meminfo - SSI]	MemAvailable:   49432736 kB
20220312 061708.456 INFO             PET1 PIOc_sync Exit - MemInfo: [/proc/meminfo - SSI]	Committed_AS:   12981364 kB
20220312 061708.456 INFO             PET1 PIOc_sync Exit - MemInfo: [/proc/meminfo - SSI]	CommittedPercent: 19.8168 %
20220312 061708.456 INFO             PET1 PIOc_sync Exit - MemInfo: [/proc/self/status]	VmPeak:	  507132 kB
20220312 061708.456 INFO             PET1 PIOc_sync Exit - MemInfo: [/proc/self/status]	VmSize:	  507132 kB
20220312 061708.456 INFO             PET1 PIOc_sync Exit - MemInfo: [/proc/self/status]	VmLck:	       0 kB
20220312 061708.456 INFO             PET1 PIOc_sync Exit - MemInfo: [/proc/self/status]	VmPin:	       0 kB
20220312 061708.456 INFO             PET1 PIOc_sync Exit - MemInfo: [/proc/self/status]	VmHWM:	   64884 kB
20220312 061708.456 INFO             PET1 PIOc_sync Exit - MemInfo: [/proc/self/status]	VmRSS:	   18664 kB
20220312 061708.456 INFO             PET1 PIOc_sync Exit - MemInfo: [/proc/self/status]	VmData:	   15172 kB
20220312 061708.456 INFO             PET1 PIOc_sync Exit - MemInfo: [/proc/self/status]	VmStk:	     148 kB
20220312 061708.456 INFO             PET1 PIOc_sync Exit - MemInfo: [/proc/self/status]	VmExe:	     200 kB
20220312 061708.456 INFO             PET1 PIOc_sync Exit - MemInfo: [/proc/self/status]	VmLib:	   49272 kB
20220312 061708.456 INFO             PET1 PIOc_sync Exit - MemInfo: [/proc/self/status]	VmPTE:	     732 kB
20220312 061708.456 INFO             PET1 PIOc_sync Exit - MemInfo: [/proc/self/status]	VmPMD:	      16 kB
20220312 061708.456 INFO             PET1 PIOc_sync Exit - MemInfo: [/proc/self/status]	VmSwap:	       0 kB
20220312 061708.456 INFO             PET1 PIOc_sync Exit - MemInfo: [/proc/self/status]	VmRSSPercent: 0.0284916 %
20220312 061708.456 INFO             PET1 PIOc_sync Exit - MemInfo: [malloc] Non-mmapped space allocated:                 3170304 Byte
20220312 061708.456 INFO             PET1 PIOc_sync Exit - MemInfo: [malloc] Space allocated in mmapped regions:          1581056 Byte
20220312 061708.456 INFO             PET1 PIOc_sync Exit - MemInfo: [malloc] Maximum total allocated space:                     0 Byte
20220312 061708.456 INFO             PET1 PIOc_sync Exit - MemInfo: [malloc] Space in freed fastbin blocks:                  1344 Byte
20220312 061708.456 INFO             PET1 PIOc_sync Exit - MemInfo: [malloc] Total allocated space:                       2429424 Byte
20220312 061708.456 INFO             PET1 PIOc_sync Exit - MemInfo: [malloc] Total free space:                             740880 Byte
20220312 061708.456 INFO             PET1 PIOc_sync Exit - MemInfo: [malloc] Top-most, releasable space:                    36000 Byte
20220312 061708.456 INFO             PET1 PIOc_sync Exit - MemInfo: [malloc] Total space in use, mmap + non-mmap:         4010480 Byte
20220312 061708.456 INFO             PET1 PIOc_sync Exit - MemInfo: [malloc] Total space held (mmap + non-mmap):          4751360 Byte
20220312 061708.456 INFO             PET1 PIOc_sync Exit - MemInfo: [malloc] Total space used (mmap + non-mmap):          4019808 Byte
20220312 061708.456 INFO             PET1 PIOc_sync Exit - MemInfo: Wall-clock time since execution start:               0.024291 seconds
20220312 061708.457 INFO             PET1 PIOc_freedecomp Enter - MemInfo: [/proc/meminfo - SSI]	MemTotal:       65507008 kB
20220312 061708.457 INFO             PET1 PIOc_freedecomp Enter - MemInfo: [/proc/meminfo - SSI]	MemFree:        49671752 kB
20220312 061708.457 INFO             PET1 PIOc_freedecomp Enter - MemInfo: [/proc/meminfo - SSI]	MemAvailable:   49432736 kB
20220312 061708.457 INFO             PET1 PIOc_freedecomp Enter - MemInfo: [/proc/meminfo - SSI]	Committed_AS:   12981364 kB
20220312 061708.457 INFO             PET1 PIOc_freedecomp Enter - MemInfo: [/proc/meminfo - SSI]	CommittedPercent: 19.8168 %
20220312 061708.457 INFO             PET1 PIOc_freedecomp Enter - MemInfo: [/proc/self/status]	VmPeak:	  507132 kB
20220312 061708.457 INFO             PET1 PIOc_freedecomp Enter - MemInfo: [/proc/self/status]	VmSize:	  507132 kB
20220312 061708.457 INFO             PET1 PIOc_freedecomp Enter - MemInfo: [/proc/self/status]	VmLck:	       0 kB
20220312 061708.457 INFO             PET1 PIOc_freedecomp Enter - MemInfo: [/proc/self/status]	VmPin:	       0 kB
20220312 061708.457 INFO             PET1 PIOc_freedecomp Enter - MemInfo: [/proc/self/status]	VmHWM:	   64884 kB
20220312 061708.457 INFO             PET1 PIOc_freedecomp Enter - MemInfo: [/proc/self/status]	VmRSS:	   18664 kB
20220312 061708.457 INFO             PET1 PIOc_freedecomp Enter - MemInfo: [/proc/self/status]	VmData:	   15172 kB
20220312 061708.457 INFO             PET1 PIOc_freedecomp Enter - MemInfo: [/proc/self/status]	VmStk:	     148 kB
20220312 061708.457 INFO             PET1 PIOc_freedecomp Enter - MemInfo: [/proc/self/status]	VmExe:	     200 kB
20220312 061708.457 INFO             PET1 PIOc_freedecomp Enter - MemInfo: [/proc/self/status]	VmLib:	   49272 kB
20220312 061708.457 INFO             PET1 PIOc_freedecomp Enter - MemInfo: [/proc/self/status]	VmPTE:	     732 kB
20220312 061708.457 INFO             PET1 PIOc_freedecomp Enter - MemInfo: [/proc/self/status]	VmPMD:	      16 kB
20220312 061708.457 INFO             PET1 PIOc_freedecomp Enter - MemInfo: [/proc/self/status]	VmSwap:	       0 kB
20220312 061708.457 INFO             PET1 PIOc_freedecomp Enter - MemInfo: [/proc/self/status]	VmRSSPercent: 0.0284916 %
20220312 061708.457 INFO             PET1 PIOc_freedecomp Enter - MemInfo: [malloc] Non-mmapped space allocated:                 3170304 Byte
20220312 061708.457 INFO             PET1 PIOc_freedecomp Enter - MemInfo: [malloc] Space allocated in mmapped regions:          1581056 Byte
20220312 061708.457 INFO             PET1 PIOc_freedecomp Enter - MemInfo: [malloc] Maximum total allocated space:                     0 Byte
20220312 061708.457 INFO             PET1 PIOc_freedecomp Enter - MemInfo: [malloc] Space in freed fastbin blocks:                  1536 Byte
20220312 061708.457 INFO             PET1 PIOc_freedecomp Enter - MemInfo: [malloc] Total allocated space:                       2427648 Byte
20220312 061708.457 INFO             PET1 PIOc_freedecomp Enter - MemInfo: [malloc] Total free space:                             742656 Byte
20220312 061708.457 INFO             PET1 PIOc_freedecomp Enter - MemInfo: [malloc] Top-most, releasable space:                    36000 Byte
20220312 061708.457 INFO             PET1 PIOc_freedecomp Enter - MemInfo: [malloc] Total space in use, mmap + non-mmap:         4008704 Byte
20220312 061708.457 INFO             PET1 PIOc_freedecomp Enter - MemInfo: [malloc] Total space held (mmap + non-mmap):          4751360 Byte
20220312 061708.457 INFO             PET1 PIOc_freedecomp Enter - MemInfo: [malloc] Total space used (mmap + non-mmap):          4018032 Byte
20220312 061708.457 INFO             PET1 PIOc_freedecomp Enter - MemInfo: Wall-clock time since execution start:               0.024676 seconds
20220312 061708.457 INFO             PET1 PIOc_freedecomp Exit - MemInfo: [/proc/meminfo - SSI]	MemTotal:       65507008 kB
20220312 061708.457 INFO             PET1 PIOc_freedecomp Exit - MemInfo: [/proc/meminfo - SSI]	MemFree:        49671752 kB
20220312 061708.457 INFO             PET1 PIOc_freedecomp Exit - MemInfo: [/proc/meminfo - SSI]	MemAvailable:   49432736 kB
20220312 061708.457 INFO             PET1 PIOc_freedecomp Exit - MemInfo: [/proc/meminfo - SSI]	Committed_AS:   12981364 kB
20220312 061708.457 INFO             PET1 PIOc_freedecomp Exit - MemInfo: [/proc/meminfo - SSI]	CommittedPercent: 19.8168 %
20220312 061708.457 INFO             PET1 PIOc_freedecomp Exit - MemInfo: [/proc/self/status]	VmPeak:	  507132 kB
20220312 061708.457 INFO             PET1 PIOc_freedecomp Exit - MemInfo: [/proc/self/status]	VmSize:	  507132 kB
20220312 061708.457 INFO             PET1 PIOc_freedecomp Exit - MemInfo: [/proc/self/status]	VmLck:	       0 kB
20220312 061708.457 INFO             PET1 PIOc_freedecomp Exit - MemInfo: [/proc/self/status]	VmPin:	       0 kB
20220312 061708.457 INFO             PET1 PIOc_freedecomp Exit - MemInfo: [/proc/self/status]	VmHWM:	   64884 kB
20220312 061708.457 INFO             PET1 PIOc_freedecomp Exit - MemInfo: [/proc/self/status]	VmRSS:	   18664 kB
20220312 061708.457 INFO             PET1 PIOc_freedecomp Exit - MemInfo: [/proc/self/status]	VmData:	   15172 kB
20220312 061708.457 INFO             PET1 PIOc_freedecomp Exit - MemInfo: [/proc/self/status]	VmStk:	     148 kB
20220312 061708.457 INFO             PET1 PIOc_freedecomp Exit - MemInfo: [/proc/self/status]	VmExe:	     200 kB
20220312 061708.457 INFO             PET1 PIOc_freedecomp Exit - MemInfo: [/proc/self/status]	VmLib:	   49272 kB
20220312 061708.457 INFO             PET1 PIOc_freedecomp Exit - MemInfo: [/proc/self/status]	VmPTE:	     732 kB
20220312 061708.457 INFO             PET1 PIOc_freedecomp Exit - MemInfo: [/proc/self/status]	VmPMD:	      16 kB
20220312 061708.457 INFO             PET1 PIOc_freedecomp Exit - MemInfo: [/proc/self/status]	VmSwap:	       0 kB
20220312 061708.457 INFO             PET1 PIOc_freedecomp Exit - MemInfo: [/proc/self/status]	VmRSSPercent: 0.0284916 %
20220312 061708.457 INFO             PET1 PIOc_freedecomp Exit - MemInfo: [malloc] Non-mmapped space allocated:                 3170304 Byte
20220312 061708.457 INFO             PET1 PIOc_freedecomp Exit - MemInfo: [malloc] Space allocated in mmapped regions:          1581056 Byte
20220312 061708.457 INFO             PET1 PIOc_freedecomp Exit - MemInfo: [malloc] Maximum total allocated space:                     0 Byte
20220312 061708.457 INFO             PET1 PIOc_freedecomp Exit - MemInfo: [malloc] Space in freed fastbin blocks:                  1936 Byte
20220312 061708.457 INFO             PET1 PIOc_freedecomp Exit - MemInfo: [malloc] Total allocated space:                       2425584 Byte
20220312 061708.457 INFO             PET1 PIOc_freedecomp Exit - MemInfo: [malloc] Total free space:                             744720 Byte
20220312 061708.457 INFO             PET1 PIOc_freedecomp Exit - MemInfo: [malloc] Top-most, releasable space:                    36000 Byte
20220312 061708.457 INFO             PET1 PIOc_freedecomp Exit - MemInfo: [malloc] Total space in use, mmap + non-mmap:         4006640 Byte
20220312 061708.457 INFO             PET1 PIOc_freedecomp Exit - MemInfo: [malloc] Total space held (mmap + non-mmap):          4751360 Byte
20220312 061708.457 INFO             PET1 PIOc_freedecomp Exit - MemInfo: [malloc] Total space used (mmap + non-mmap):          4015968 Byte
20220312 061708.457 INFO             PET1 PIOc_freedecomp Exit - MemInfo: Wall-clock time since execution start:              0.0250216 seconds
20220312 061708.458 INFO             PET1 PIOc_sync Enter - MemInfo: [/proc/meminfo - SSI]	MemTotal:       65507008 kB
20220312 061708.458 INFO             PET1 PIOc_sync Enter - MemInfo: [/proc/meminfo - SSI]	MemFree:        49671248 kB
20220312 061708.458 INFO             PET1 PIOc_sync Enter - MemInfo: [/proc/meminfo - SSI]	MemAvailable:   49432232 kB
20220312 061708.458 INFO             PET1 PIOc_sync Enter - MemInfo: [/proc/meminfo - SSI]	Committed_AS:   12981364 kB
20220312 061708.458 INFO             PET1 PIOc_sync Enter - MemInfo: [/proc/meminfo - SSI]	CommittedPercent: 19.8168 %
20220312 061708.458 INFO             PET1 PIOc_sync Enter - MemInfo: [/proc/self/status]	VmPeak:	  507132 kB
20220312 061708.458 INFO             PET1 PIOc_sync Enter - MemInfo: [/proc/self/status]	VmSize:	  507132 kB
20220312 061708.458 INFO             PET1 PIOc_sync Enter - MemInfo: [/proc/self/status]	VmLck:	       0 kB
20220312 061708.458 INFO             PET1 PIOc_sync Enter - MemInfo: [/proc/self/status]	VmPin:	       0 kB
20220312 061708.458 INFO             PET1 PIOc_sync Enter - MemInfo: [/proc/self/status]	VmHWM:	   64884 kB
20220312 061708.458 INFO             PET1 PIOc_sync Enter - MemInfo: [/proc/self/status]	VmRSS:	   18664 kB
20220312 061708.458 INFO             PET1 PIOc_sync Enter - MemInfo: [/proc/self/status]	VmData:	   15172 kB
20220312 061708.458 INFO             PET1 PIOc_sync Enter - MemInfo: [/proc/self/status]	VmStk:	     148 kB
20220312 061708.458 INFO             PET1 PIOc_sync Enter - MemInfo: [/proc/self/status]	VmExe:	     200 kB
20220312 061708.458 INFO             PET1 PIOc_sync Enter - MemInfo: [/proc/self/status]	VmLib:	   49272 kB
20220312 061708.458 INFO             PET1 PIOc_sync Enter - MemInfo: [/proc/self/status]	VmPTE:	     732 kB
20220312 061708.458 INFO             PET1 PIOc_sync Enter - MemInfo: [/proc/self/status]	VmPMD:	      16 kB
20220312 061708.458 INFO             PET1 PIOc_sync Enter - MemInfo: [/proc/self/status]	VmSwap:	       0 kB
20220312 061708.458 INFO             PET1 PIOc_sync Enter - MemInfo: [/proc/self/status]	VmRSSPercent: 0.0284916 %
20220312 061708.458 INFO             PET1 PIOc_sync Enter - MemInfo: [malloc] Non-mmapped space allocated:                 3170304 Byte
20220312 061708.458 INFO             PET1 PIOc_sync Enter - MemInfo: [malloc] Space allocated in mmapped regions:          1581056 Byte
20220312 061708.458 INFO             PET1 PIOc_sync Enter - MemInfo: [malloc] Maximum total allocated space:                     0 Byte
20220312 061708.458 INFO             PET1 PIOc_sync Enter - MemInfo: [malloc] Space in freed fastbin blocks:                  1104 Byte
20220312 061708.458 INFO             PET1 PIOc_sync Enter - MemInfo: [malloc] Total allocated space:                       2429616 Byte
20220312 061708.458 INFO             PET1 PIOc_sync Enter - MemInfo: [malloc] Total free space:                             740688 Byte
20220312 061708.458 INFO             PET1 PIOc_sync Enter - MemInfo: [malloc] Top-most, releasable space:                    36000 Byte
20220312 061708.458 INFO             PET1 PIOc_sync Enter - MemInfo: [malloc] Total space in use, mmap + non-mmap:         4010672 Byte
20220312 061708.458 INFO             PET1 PIOc_sync Enter - MemInfo: [malloc] Total space held (mmap + non-mmap):          4751360 Byte
20220312 061708.459 INFO             PET1 PIOc_sync Enter - MemInfo: [malloc] Total space used (mmap + non-mmap):          4020000 Byte
20220312 061708.459 INFO             PET1 PIOc_sync Enter - MemInfo: Wall-clock time since execution start:              0.0263547 seconds
20220312 061708.459 INFO             PET1 PIOc_sync Exit - MemInfo: [/proc/meminfo - SSI]	MemTotal:       65507008 kB
20220312 061708.459 INFO             PET1 PIOc_sync Exit - MemInfo: [/proc/meminfo - SSI]	MemFree:        49671248 kB
20220312 061708.459 INFO             PET1 PIOc_sync Exit - MemInfo: [/proc/meminfo - SSI]	MemAvailable:   49432232 kB
20220312 061708.459 INFO             PET1 PIOc_sync Exit - MemInfo: [/proc/meminfo - SSI]	Committed_AS:   12981364 kB
20220312 061708.459 INFO             PET1 PIOc_sync Exit - MemInfo: [/proc/meminfo - SSI]	CommittedPercent: 19.8168 %
20220312 061708.459 INFO             PET1 PIOc_sync Exit - MemInfo: [/proc/self/status]	VmPeak:	  507132 kB
20220312 061708.459 INFO             PET1 PIOc_sync Exit - MemInfo: [/proc/self/status]	VmSize:	  507132 kB
20220312 061708.459 INFO             PET1 PIOc_sync Exit - MemInfo: [/proc/self/status]	VmLck:	       0 kB
20220312 061708.459 INFO             PET1 PIOc_sync Exit - MemInfo: [/proc/self/status]	VmPin:	       0 kB
20220312 061708.459 INFO             PET1 PIOc_sync Exit - MemInfo: [/proc/self/status]	VmHWM:	   64884 kB
20220312 061708.459 INFO             PET1 PIOc_sync Exit - MemInfo: [/proc/self/status]	VmRSS:	   18664 kB
20220312 061708.459 INFO             PET1 PIOc_sync Exit - MemInfo: [/proc/self/status]	VmData:	   15172 kB
20220312 061708.459 INFO             PET1 PIOc_sync Exit - MemInfo: [/proc/self/status]	VmStk:	     148 kB
20220312 061708.459 INFO             PET1 PIOc_sync Exit - MemInfo: [/proc/self/status]	VmExe:	     200 kB
20220312 061708.459 INFO             PET1 PIOc_sync Exit - MemInfo: [/proc/self/status]	VmLib:	   49272 kB
20220312 061708.459 INFO             PET1 PIOc_sync Exit - MemInfo: [/proc/self/status]	VmPTE:	     732 kB
20220312 061708.459 INFO             PET1 PIOc_sync Exit - MemInfo: [/proc/self/status]	VmPMD:	      16 kB
20220312 061708.459 INFO             PET1 PIOc_sync Exit - MemInfo: [/proc/self/status]	VmSwap:	       0 kB
20220312 061708.459 INFO             PET1 PIOc_sync Exit - MemInfo: [/proc/self/status]	VmRSSPercent: 0.0284916 %
20220312 061708.459 INFO             PET1 PIOc_sync Exit - MemInfo: [malloc] Non-mmapped space allocated:                 3170304 Byte
20220312 061708.459 INFO             PET1 PIOc_sync Exit - MemInfo: [malloc] Space allocated in mmapped regions:          1581056 Byte
20220312 061708.459 INFO             PET1 PIOc_sync Exit - MemInfo: [malloc] Maximum total allocated space:                     0 Byte
20220312 061708.459 INFO             PET1 PIOc_sync Exit - MemInfo: [malloc] Space in freed fastbin blocks:                  1344 Byte
20220312 061708.459 INFO             PET1 PIOc_sync Exit - MemInfo: [malloc] Total allocated space:                       2429520 Byte
20220312 061708.459 INFO             PET1 PIOc_sync Exit - MemInfo: [malloc] Total free space:                             740784 Byte
20220312 061708.459 INFO             PET1 PIOc_sync Exit - MemInfo: [malloc] Top-most, releasable space:                    36000 Byte
20220312 061708.459 INFO             PET1 PIOc_sync Exit - MemInfo: [malloc] Total space in use, mmap + non-mmap:         4010576 Byte
20220312 061708.459 INFO             PET1 PIOc_sync Exit - MemInfo: [malloc] Total space held (mmap + non-mmap):          4751360 Byte
20220312 061708.459 INFO             PET1 PIOc_sync Exit - MemInfo: [malloc] Total space used (mmap + non-mmap):          4019904 Byte
20220312 061708.459 INFO             PET1 PIOc_sync Exit - MemInfo: Wall-clock time since execution start:              0.0267609 seconds
20220312 061708.459 INFO             PET1 PIOc_freedecomp Enter - MemInfo: [/proc/meminfo - SSI]	MemTotal:       65507008 kB
20220312 061708.459 INFO             PET1 PIOc_freedecomp Enter - MemInfo: [/proc/meminfo - SSI]	MemFree:        49671248 kB
20220312 061708.459 INFO             PET1 PIOc_freedecomp Enter - MemInfo: [/proc/meminfo - SSI]	MemAvailable:   49432232 kB
20220312 061708.459 INFO             PET1 PIOc_freedecomp Enter - MemInfo: [/proc/meminfo - SSI]	Committed_AS:   12981364 kB
20220312 061708.459 INFO             PET1 PIOc_freedecomp Enter - MemInfo: [/proc/meminfo - SSI]	CommittedPercent: 19.8168 %
20220312 061708.459 INFO             PET1 PIOc_freedecomp Enter - MemInfo: [/proc/self/status]	VmPeak:	  507132 kB
20220312 061708.459 INFO             PET1 PIOc_freedecomp Enter - MemInfo: [/proc/self/status]	VmSize:	  507132 kB
20220312 061708.459 INFO             PET1 PIOc_freedecomp Enter - MemInfo: [/proc/self/status]	VmLck:	       0 kB
20220312 061708.459 INFO             PET1 PIOc_freedecomp Enter - MemInfo: [/proc/self/status]	VmPin:	       0 kB
20220312 061708.459 INFO             PET1 PIOc_freedecomp Enter - MemInfo: [/proc/self/status]	VmHWM:	   64884 kB
20220312 061708.459 INFO             PET1 PIOc_freedecomp Enter - MemInfo: [/proc/self/status]	VmRSS:	   18664 kB
20220312 061708.459 INFO             PET1 PIOc_freedecomp Enter - MemInfo: [/proc/self/status]	VmData:	   15172 kB
20220312 061708.459 INFO             PET1 PIOc_freedecomp Enter - MemInfo: [/proc/self/status]	VmStk:	     148 kB
20220312 061708.459 INFO             PET1 PIOc_freedecomp Enter - MemInfo: [/proc/self/status]	VmExe:	     200 kB
20220312 061708.459 INFO             PET1 PIOc_freedecomp Enter - MemInfo: [/proc/self/status]	VmLib:	   49272 kB
20220312 061708.459 INFO             PET1 PIOc_freedecomp Enter - MemInfo: [/proc/self/status]	VmPTE:	     732 kB
20220312 061708.459 INFO             PET1 PIOc_freedecomp Enter - MemInfo: [/proc/self/status]	VmPMD:	      16 kB
20220312 061708.459 INFO             PET1 PIOc_freedecomp Enter - MemInfo: [/proc/self/status]	VmSwap:	       0 kB
20220312 061708.459 INFO             PET1 PIOc_freedecomp Enter - MemInfo: [/proc/self/status]	VmRSSPercent: 0.0284916 %
20220312 061708.459 INFO             PET1 PIOc_freedecomp Enter - MemInfo: [malloc] Non-mmapped space allocated:                 3170304 Byte
20220312 061708.459 INFO             PET1 PIOc_freedecomp Enter - MemInfo: [malloc] Space allocated in mmapped regions:          1581056 Byte
20220312 061708.459 INFO             PET1 PIOc_freedecomp Enter - MemInfo: [malloc] Maximum total allocated space:                     0 Byte
20220312 061708.459 INFO             PET1 PIOc_freedecomp Enter - MemInfo: [malloc] Space in freed fastbin blocks:                  1520 Byte
20220312 061708.459 INFO             PET1 PIOc_freedecomp Enter - MemInfo: [malloc] Total allocated space:                       2427600 Byte
20220312 061708.459 INFO             PET1 PIOc_freedecomp Enter - MemInfo: [malloc] Total free space:                             742704 Byte
20220312 061708.459 INFO             PET1 PIOc_freedecomp Enter - MemInfo: [malloc] Top-most, releasable space:                    36000 Byte
20220312 061708.459 INFO             PET1 PIOc_freedecomp Enter - MemInfo: [malloc] Total space in use, mmap + non-mmap:         4008656 Byte
20220312 061708.459 INFO             PET1 PIOc_freedecomp Enter - MemInfo: [malloc] Total space held (mmap + non-mmap):          4751360 Byte
20220312 061708.459 INFO             PET1 PIOc_freedecomp Enter - MemInfo: [malloc] Total space used (mmap + non-mmap):          4017984 Byte
20220312 061708.459 INFO             PET1 PIOc_freedecomp Enter - MemInfo: Wall-clock time since execution start:              0.0271476 seconds
20220312 061708.459 INFO             PET1 PIOc_freedecomp Exit - MemInfo: [/proc/meminfo - SSI]	MemTotal:       65507008 kB
20220312 061708.459 INFO             PET1 PIOc_freedecomp Exit - MemInfo: [/proc/meminfo - SSI]	MemFree:        49671248 kB
20220312 061708.459 INFO             PET1 PIOc_freedecomp Exit - MemInfo: [/proc/meminfo - SSI]	MemAvailable:   49432232 kB
20220312 061708.459 INFO             PET1 PIOc_freedecomp Exit - MemInfo: [/proc/meminfo - SSI]	Committed_AS:   12981364 kB
20220312 061708.459 INFO             PET1 PIOc_freedecomp Exit - MemInfo: [/proc/meminfo - SSI]	CommittedPercent: 19.8168 %
20220312 061708.459 INFO             PET1 PIOc_freedecomp Exit - MemInfo: [/proc/self/status]	VmPeak:	  507132 kB
20220312 061708.459 INFO             PET1 PIOc_freedecomp Exit - MemInfo: [/proc/self/status]	VmSize:	  507132 kB
20220312 061708.459 INFO             PET1 PIOc_freedecomp Exit - MemInfo: [/proc/self/status]	VmLck:	       0 kB
20220312 061708.459 INFO             PET1 PIOc_freedecomp Exit - MemInfo: [/proc/self/status]	VmPin:	       0 kB
20220312 061708.459 INFO             PET1 PIOc_freedecomp Exit - MemInfo: [/proc/self/status]	VmHWM:	   64884 kB
20220312 061708.459 INFO             PET1 PIOc_freedecomp Exit - MemInfo: [/proc/self/status]	VmRSS:	   18664 kB
20220312 061708.459 INFO             PET1 PIOc_freedecomp Exit - MemInfo: [/proc/self/status]	VmData:	   15172 kB
20220312 061708.459 INFO             PET1 PIOc_freedecomp Exit - MemInfo: [/proc/self/status]	VmStk:	     148 kB
20220312 061708.459 INFO             PET1 PIOc_freedecomp Exit - MemInfo: [/proc/self/status]	VmExe:	     200 kB
20220312 061708.460 INFO             PET1 PIOc_freedecomp Exit - MemInfo: [/proc/self/status]	VmLib:	   49272 kB
20220312 061708.460 INFO             PET1 PIOc_freedecomp Exit - MemInfo: [/proc/self/status]	VmPTE:	     732 kB
20220312 061708.460 INFO             PET1 PIOc_freedecomp Exit - MemInfo: [/proc/self/status]	VmPMD:	      16 kB
20220312 061708.460 INFO             PET1 PIOc_freedecomp Exit - MemInfo: [/proc/self/status]	VmSwap:	       0 kB
20220312 061708.460 INFO             PET1 PIOc_freedecomp Exit - MemInfo: [/proc/self/status]	VmRSSPercent: 0.0284916 %
20220312 061708.460 INFO             PET1 PIOc_freedecomp Exit - MemInfo: [malloc] Non-mmapped space allocated:                 3170304 Byte
20220312 061708.460 INFO             PET1 PIOc_freedecomp Exit - MemInfo: [malloc] Space allocated in mmapped regions:          1581056 Byte
20220312 061708.460 INFO             PET1 PIOc_freedecomp Exit - MemInfo: [malloc] Maximum total allocated space:                     0 Byte
20220312 061708.460 INFO             PET1 PIOc_freedecomp Exit - MemInfo: [malloc] Space in freed fastbin blocks:                  1808 Byte
20220312 061708.460 INFO             PET1 PIOc_freedecomp Exit - MemInfo: [malloc] Total allocated space:                       2425536 Byte
20220312 061708.460 INFO             PET1 PIOc_freedecomp Exit - MemInfo: [malloc] Total free space:                             744768 Byte
20220312 061708.460 INFO             PET1 PIOc_freedecomp Exit - MemInfo: [malloc] Top-most, releasable space:                    36000 Byte
20220312 061708.460 INFO             PET1 PIOc_freedecomp Exit - MemInfo: [malloc] Total space in use, mmap + non-mmap:         4006592 Byte
20220312 061708.460 INFO             PET1 PIOc_freedecomp Exit - MemInfo: [malloc] Total space held (mmap + non-mmap):          4751360 Byte
20220312 061708.460 INFO             PET1 PIOc_freedecomp Exit - MemInfo: [malloc] Total space used (mmap + non-mmap):          4015920 Byte
20220312 061708.460 INFO             PET1 PIOc_freedecomp Exit - MemInfo: Wall-clock time since execution start:              0.0274971 seconds
20220312 061708.460 INFO             PET1  PASS  ESMF_OutputWeightFile, ESMF_IOUTest.F90, line 81
20220312 061708.472 INFO             PET1  PASS  call ESMF_OutputWeightFile with empty factor list on four PETs, ESMF_IOUTest.F90, line 191
20220312 061708.472 INFO             PET1  Ending Test, file ESMF_IOUTest.F90, line 201
20220312 061708.472 INFO             PET1 Finalizing ESMF
20220312 061708.433 INFO             PET2 !!!!!!!!!!!!!!!!!!!!!!!!!!!!!!!!!!!!!!!!!!!!!!!!!!!!!!
20220312 061708.433 INFO             PET2 !!! THE ESMF_LOG IS SET TO OUTPUT ALL LOG MESSAGES !!!
20220312 061708.433 INFO             PET2 !!!     THIS MAY CAUSE SLOWDOWN IN PERFORMANCE     !!!
20220312 061708.433 INFO             PET2 !!! FOR PRODUCTION RUNS, USE:                      !!!
20220312 061708.433 INFO             PET2 !!!                   ESMF_LOGKIND_Multi_On_Error  !!!
20220312 061708.433 INFO             PET2 !!!!!!!!!!!!!!!!!!!!!!!!!!!!!!!!!!!!!!!!!!!!!!!!!!!!!!
20220312 061708.433 INFO             PET2 Running with ESMF Version   : v8.3.0b09-96-g559b459836
20220312 061708.433 INFO             PET2 ESMF library build date/time: "Mar 12 2022" "06:02:09"
20220312 061708.433 INFO             PET2 ESMF library build location : /glade/scratch/rlong/esmf-testing/gfortran_10.1.0_openmpi_O_jedwards_pio_update2
20220312 061708.433 INFO             PET2 ESMF_COMM                   : openmpi
20220312 061708.433 INFO             PET2 ESMF_MOAB                   : enabled
20220312 061708.433 INFO             PET2 ESMF_LAPACK                 : enabled
20220312 061708.433 INFO             PET2 ESMF_NETCDF                 : enabled
20220312 061708.433 INFO             PET2 ESMF_PNETCDF                : disabled
20220312 061708.433 INFO             PET2 ESMF_PIO                    : enabled
20220312 061708.433 INFO             PET2 ESMF_YAMLCPP                : enabled
20220312 061708.435 INFO             PET2  Beginning Test, file ESMF_IOUTest.F90, line 57
20220312 061708.435 INFO             PET2  NUMBER_OF_PROCESSORS           4
20220312 061708.435 INFO             PET2 Starting Test:  ESMF_OutputWeightFile
20220312 061708.446 INFO             PET2 PIOc_sync Enter - MemInfo: [/proc/meminfo - SSI]	MemTotal:       65507008 kB
20220312 061708.446 INFO             PET2 PIOc_sync Enter - MemInfo: [/proc/meminfo - SSI]	MemFree:        49663688 kB
20220312 061708.446 INFO             PET2 PIOc_sync Enter - MemInfo: [/proc/meminfo - SSI]	MemAvailable:   49424672 kB
20220312 061708.446 INFO             PET2 PIOc_sync Enter - MemInfo: [/proc/meminfo - SSI]	Committed_AS:   12981276 kB
20220312 061708.446 INFO             PET2 PIOc_sync Enter - MemInfo: [/proc/meminfo - SSI]	CommittedPercent: 19.8166 %
20220312 061708.446 INFO             PET2 PIOc_sync Enter - MemInfo: [/proc/self/status]	VmPeak:	  507132 kB
20220312 061708.446 INFO             PET2 PIOc_sync Enter - MemInfo: [/proc/self/status]	VmSize:	  507132 kB
20220312 061708.446 INFO             PET2 PIOc_sync Enter - MemInfo: [/proc/self/status]	VmLck:	       0 kB
20220312 061708.446 INFO             PET2 PIOc_sync Enter - MemInfo: [/proc/self/status]	VmPin:	       0 kB
20220312 061708.446 INFO             PET2 PIOc_sync Enter - MemInfo: [/proc/self/status]	VmHWM:	   64884 kB
20220312 061708.446 INFO             PET2 PIOc_sync Enter - MemInfo: [/proc/self/status]	VmRSS:	   18544 kB
20220312 061708.446 INFO             PET2 PIOc_sync Enter - MemInfo: [/proc/self/status]	VmData:	   15172 kB
20220312 061708.446 INFO             PET2 PIOc_sync Enter - MemInfo: [/proc/self/status]	VmStk:	     148 kB
20220312 061708.446 INFO             PET2 PIOc_sync Enter - MemInfo: [/proc/self/status]	VmExe:	     200 kB
20220312 061708.446 INFO             PET2 PIOc_sync Enter - MemInfo: [/proc/self/status]	VmLib:	   49272 kB
20220312 061708.446 INFO             PET2 PIOc_sync Enter - MemInfo: [/proc/self/status]	VmPTE:	     736 kB
20220312 061708.446 INFO             PET2 PIOc_sync Enter - MemInfo: [/proc/self/status]	VmPMD:	      12 kB
20220312 061708.446 INFO             PET2 PIOc_sync Enter - MemInfo: [/proc/self/status]	VmSwap:	       0 kB
20220312 061708.446 INFO             PET2 PIOc_sync Enter - MemInfo: [/proc/self/status]	VmRSSPercent: 0.0283084 %
20220312 061708.446 INFO             PET2 PIOc_sync Enter - MemInfo: [malloc] Non-mmapped space allocated:                 3170304 Byte
20220312 061708.448 INFO             PET2 PIOc_sync Enter - MemInfo: [malloc] Space allocated in mmapped regions:          1581056 Byte
20220312 061708.448 INFO             PET2 PIOc_sync Enter - MemInfo: [malloc] Maximum total allocated space:                     0 Byte
20220312 061708.448 INFO             PET2 PIOc_sync Enter - MemInfo: [malloc] Space in freed fastbin blocks:                  1072 Byte
20220312 061708.448 INFO             PET2 PIOc_sync Enter - MemInfo: [malloc] Total allocated space:                       2371920 Byte
20220312 061708.448 INFO             PET2 PIOc_sync Enter - MemInfo: [malloc] Total free space:                             798384 Byte
20220312 061708.448 INFO             PET2 PIOc_sync Enter - MemInfo: [malloc] Top-most, releasable space:                    36080 Byte
20220312 061708.449 INFO             PET2 PIOc_sync Enter - MemInfo: [malloc] Total space in use, mmap + non-mmap:         3952976 Byte
20220312 061708.449 INFO             PET2 PIOc_sync Enter - MemInfo: [malloc] Total space held (mmap + non-mmap):          4751360 Byte
20220312 061708.449 INFO             PET2 PIOc_sync Enter - MemInfo: [malloc] Total space used (mmap + non-mmap):          3962304 Byte
20220312 061708.449 INFO             PET2 PIOc_sync Enter - MemInfo: Wall-clock time since execution start:              0.0162865 seconds
20220312 061708.449 INFO             PET2 PIOc_sync Exit - MemInfo: [/proc/meminfo - SSI]	MemTotal:       65507008 kB
20220312 061708.449 INFO             PET2 PIOc_sync Exit - MemInfo: [/proc/meminfo - SSI]	MemFree:        49663688 kB
20220312 061708.449 INFO             PET2 PIOc_sync Exit - MemInfo: [/proc/meminfo - SSI]	MemAvailable:   49424672 kB
20220312 061708.450 INFO             PET2 PIOc_sync Exit - MemInfo: [/proc/meminfo - SSI]	Committed_AS:   12981276 kB
20220312 061708.450 INFO             PET2 PIOc_sync Exit - MemInfo: [/proc/meminfo - SSI]	CommittedPercent: 19.8166 %
20220312 061708.450 INFO             PET2 PIOc_sync Exit - MemInfo: [/proc/self/status]	VmPeak:	  507132 kB
20220312 061708.450 INFO             PET2 PIOc_sync Exit - MemInfo: [/proc/self/status]	VmSize:	  507132 kB
20220312 061708.450 INFO             PET2 PIOc_sync Exit - MemInfo: [/proc/self/status]	VmLck:	       0 kB
20220312 061708.450 INFO             PET2 PIOc_sync Exit - MemInfo: [/proc/self/status]	VmPin:	       0 kB
20220312 061708.450 INFO             PET2 PIOc_sync Exit - MemInfo: [/proc/self/status]	VmHWM:	   64884 kB
20220312 061708.450 INFO             PET2 PIOc_sync Exit - MemInfo: [/proc/self/status]	VmRSS:	   18628 kB
20220312 061708.450 INFO             PET2 PIOc_sync Exit - MemInfo: [/proc/self/status]	VmData:	   15172 kB
20220312 061708.450 INFO             PET2 PIOc_sync Exit - MemInfo: [/proc/self/status]	VmStk:	     148 kB
20220312 061708.450 INFO             PET2 PIOc_sync Exit - MemInfo: [/proc/self/status]	VmExe:	     200 kB
20220312 061708.450 INFO             PET2 PIOc_sync Exit - MemInfo: [/proc/self/status]	VmLib:	   49272 kB
