build time -- 2022-03-14 06:04:51.701631
20220314 061926.868 INFO             PET0 !!!!!!!!!!!!!!!!!!!!!!!!!!!!!!!!!!!!!!!!!!!!!!!!!!!!!!
20220314 061926.869 INFO             PET0 !!! THE ESMF_LOG IS SET TO OUTPUT ALL LOG MESSAGES !!!
20220314 061926.869 INFO             PET0 !!!     THIS MAY CAUSE SLOWDOWN IN PERFORMANCE     !!!
20220314 061926.869 INFO             PET0 !!! FOR PRODUCTION RUNS, USE:                      !!!
20220314 061926.869 INFO             PET0 !!!                   ESMF_LOGKIND_Multi_On_Error  !!!
20220314 061926.869 INFO             PET0 !!!!!!!!!!!!!!!!!!!!!!!!!!!!!!!!!!!!!!!!!!!!!!!!!!!!!!
20220314 061926.869 INFO             PET0 Running with ESMF Version   : v8.3.0b09-96-g559b459836
20220314 061926.869 INFO             PET0 ESMF library build date/time: "Mar 14 2022" "06:02:50"
20220314 061926.869 INFO             PET0 ESMF library build location : /glade/scratch/rlong/esmf-testing/gfortran_10.1.0_openmpi_O_jedwards_pio_update2
20220314 061926.869 INFO             PET0 ESMF_COMM                   : openmpi
20220314 061926.869 INFO             PET0 ESMF_MOAB                   : enabled
20220314 061926.869 INFO             PET0 ESMF_LAPACK                 : enabled
20220314 061926.869 INFO             PET0 ESMF_NETCDF                 : enabled
20220314 061926.869 INFO             PET0 ESMF_PNETCDF                : disabled
20220314 061926.869 INFO             PET0 ESMF_PIO                    : enabled
20220314 061926.869 INFO             PET0 ESMF_YAMLCPP                : enabled
20220314 061926.871 INFO             PET0  Beginning Test, file ESMF_FieldIOUTest.F90, line 123
20220314 061926.871 INFO             PET0  NUMBER_OF_PROCESSORS           4
20220314 061926.871 INFO             PET0  PASS  Array Spec Set, ESMF_FieldIOUTest.F90, line 146
20220314 061926.871 INFO             PET0  PASS  Creating a Grid to use in Field Tests, ESMF_FieldIOUTest.F90, line 157
20220314 061926.872 INFO             PET0  PASS  Create a field from grid and fortran dummy array, ESMF_FieldIOUTest.F90, line 179
20220314 061926.872 INFO             PET0  PASS  Get Farray_w from field, ESMF_FieldIOUTest.F90, line 190
20220314 061926.882 INFO             PET0 PIOc_sync Enter - MemInfo: [/proc/meminfo - SSI]	MemTotal:       65507008 kB
20220314 061926.882 INFO             PET0 PIOc_sync Enter - MemInfo: [/proc/meminfo - SSI]	MemFree:        49534012 kB
20220314 061926.882 INFO             PET0 PIOc_sync Enter - MemInfo: [/proc/meminfo - SSI]	MemAvailable:   49300252 kB
20220314 061926.882 INFO             PET0 PIOc_sync Enter - MemInfo: [/proc/meminfo - SSI]	Committed_AS:   13116144 kB
20220314 061926.882 INFO             PET0 PIOc_sync Enter - MemInfo: [/proc/meminfo - SSI]	CommittedPercent: 20.0225 %
20220314 061926.882 INFO             PET0 PIOc_sync Enter - MemInfo: [/proc/self/status]	VmPeak:	  523580 kB
20220314 061926.882 INFO             PET0 PIOc_sync Enter - MemInfo: [/proc/self/status]	VmSize:	  523580 kB
20220314 061926.882 INFO             PET0 PIOc_sync Enter - MemInfo: [/proc/self/status]	VmLck:	       0 kB
20220314 061926.882 INFO             PET0 PIOc_sync Enter - MemInfo: [/proc/self/status]	VmPin:	       0 kB
20220314 061926.882 INFO             PET0 PIOc_sync Enter - MemInfo: [/proc/self/status]	VmHWM:	   64892 kB
20220314 061926.882 INFO             PET0 PIOc_sync Enter - MemInfo: [/proc/self/status]	VmRSS:	   36128 kB
20220314 061926.882 INFO             PET0 PIOc_sync Enter - MemInfo: [/proc/self/status]	VmData:	   32076 kB
20220314 061926.882 INFO             PET0 PIOc_sync Enter - MemInfo: [/proc/self/status]	VmStk:	     148 kB
20220314 061926.882 INFO             PET0 PIOc_sync Enter - MemInfo: [/proc/self/status]	VmExe:	     268 kB
20220314 061926.882 INFO             PET0 PIOc_sync Enter - MemInfo: [/proc/self/status]	VmLib:	   49272 kB
20220314 061926.882 INFO             PET0 PIOc_sync Enter - MemInfo: [/proc/self/status]	VmPTE:	     768 kB
20220314 061926.882 INFO             PET0 PIOc_sync Enter - MemInfo: [/proc/self/status]	VmPMD:	      12 kB
20220314 061926.884 INFO             PET0 PIOc_sync Enter - MemInfo: [/proc/self/status]	VmSwap:	       0 kB
20220314 061926.884 INFO             PET0 PIOc_sync Enter - MemInfo: [/proc/self/status]	VmRSSPercent: 0.0551514 %
20220314 061926.884 INFO             PET0 PIOc_sync Enter - MemInfo: [malloc] Non-mmapped space allocated:                 3170304 Byte
20220314 061926.884 INFO             PET0 PIOc_sync Enter - MemInfo: [malloc] Space allocated in mmapped regions:         18890752 Byte
20220314 061926.884 INFO             PET0 PIOc_sync Enter - MemInfo: [malloc] Maximum total allocated space:                     0 Byte
20220314 061926.884 INFO             PET0 PIOc_sync Enter - MemInfo: [malloc] Space in freed fastbin blocks:                  1536 Byte
20220314 061926.884 INFO             PET0 PIOc_sync Enter - MemInfo: [malloc] Total allocated space:                       2647872 Byte
20220314 061926.884 INFO             PET0 PIOc_sync Enter - MemInfo: [malloc] Total free space:                             522432 Byte
20220314 061926.884 INFO             PET0 PIOc_sync Enter - MemInfo: [malloc] Top-most, releasable space:                    36016 Byte
20220314 061926.884 INFO             PET0 PIOc_sync Enter - MemInfo: [malloc] Total space in use, mmap + non-mmap:        21538624 Byte
20220314 061926.884 INFO             PET0 PIOc_sync Enter - MemInfo: [malloc] Total space held (mmap + non-mmap):         22061056 Byte
20220314 061926.885 INFO             PET0 PIOc_sync Enter - MemInfo: [malloc] Total space used (mmap + non-mmap):         21547952 Byte
20220314 061926.885 INFO             PET0 PIOc_sync Enter - MemInfo: Wall-clock time since execution start:               0.017046 seconds
20220314 061926.885 INFO             PET0 PIOc_sync Exit - MemInfo: [/proc/meminfo - SSI]	MemTotal:       65507008 kB
20220314 061926.885 INFO             PET0 PIOc_sync Exit - MemInfo: [/proc/meminfo - SSI]	MemFree:        49534012 kB
20220314 061926.885 INFO             PET0 PIOc_sync Exit - MemInfo: [/proc/meminfo - SSI]	MemAvailable:   49300252 kB
20220314 061926.885 INFO             PET0 PIOc_sync Exit - MemInfo: [/proc/meminfo - SSI]	Committed_AS:   13116144 kB
20220314 061926.885 INFO             PET0 PIOc_sync Exit - MemInfo: [/proc/meminfo - SSI]	CommittedPercent: 20.0225 %
20220314 061926.885 INFO             PET0 PIOc_sync Exit - MemInfo: [/proc/self/status]	VmPeak:	  523580 kB
20220314 061926.885 INFO             PET0 PIOc_sync Exit - MemInfo: [/proc/self/status]	VmSize:	  523580 kB
20220314 061926.885 INFO             PET0 PIOc_sync Exit - MemInfo: [/proc/self/status]	VmLck:	       0 kB
20220314 061926.885 INFO             PET0 PIOc_sync Exit - MemInfo: [/proc/self/status]	VmPin:	       0 kB
20220314 061926.885 INFO             PET0 PIOc_sync Exit - MemInfo: [/proc/self/status]	VmHWM:	   64892 kB
20220314 061926.885 INFO             PET0 PIOc_sync Exit - MemInfo: [/proc/self/status]	VmRSS:	   36256 kB
20220314 061926.885 INFO             PET0 PIOc_sync Exit - MemInfo: [/proc/self/status]	VmData:	   32076 kB
20220314 061926.885 INFO             PET0 PIOc_sync Exit - MemInfo: [/proc/self/status]	VmStk:	     148 kB
20220314 061926.885 INFO             PET0 PIOc_sync Exit - MemInfo: [/proc/self/status]	VmExe:	     268 kB
20220314 061926.885 INFO             PET0 PIOc_sync Exit - MemInfo: [/proc/self/status]	VmLib:	   49272 kB
20220314 061926.885 INFO             PET0 PIOc_sync Exit - MemInfo: [/proc/self/status]	VmPTE:	     768 kB
20220314 061926.885 INFO             PET0 PIOc_sync Exit - MemInfo: [/proc/self/status]	VmPMD:	      12 kB
20220314 061926.885 INFO             PET0 PIOc_sync Exit - MemInfo: [/proc/self/status]	VmSwap:	       0 kB
20220314 061926.885 INFO             PET0 PIOc_sync Exit - MemInfo: [/proc/self/status]	VmRSSPercent: 0.0553468 %
20220314 061926.885 INFO             PET0 PIOc_sync Exit - MemInfo: [malloc] Non-mmapped space allocated:                 3170304 Byte
20220314 061926.885 INFO             PET0 PIOc_sync Exit - MemInfo: [malloc] Space allocated in mmapped regions:         18890752 Byte
20220314 061926.885 INFO             PET0 PIOc_sync Exit - MemInfo: [malloc] Maximum total allocated space:                     0 Byte
20220314 061926.885 INFO             PET0 PIOc_sync Exit - MemInfo: [malloc] Space in freed fastbin blocks:                  1504 Byte
20220314 061926.885 INFO             PET0 PIOc_sync Exit - MemInfo: [malloc] Total allocated space:                       2657376 Byte
20220314 061926.885 INFO             PET0 PIOc_sync Exit - MemInfo: [malloc] Total free space:                             512928 Byte
20220314 061926.885 INFO             PET0 PIOc_sync Exit - MemInfo: [malloc] Top-most, releasable space:                    36016 Byte
20220314 061926.885 INFO             PET0 PIOc_sync Exit - MemInfo: [malloc] Total space in use, mmap + non-mmap:        21548128 Byte
20220314 061926.885 INFO             PET0 PIOc_sync Exit - MemInfo: [malloc] Total space held (mmap + non-mmap):         22061056 Byte
20220314 061926.885 INFO             PET0 PIOc_sync Exit - MemInfo: [malloc] Total space used (mmap + non-mmap):         21557456 Byte
20220314 061926.886 INFO             PET0 PIOc_sync Exit - MemInfo: Wall-clock time since execution start:              0.0180264 seconds
20220314 061926.886 INFO             PET0 PIOc_freedecomp Enter - MemInfo: [/proc/meminfo - SSI]	MemTotal:       65507008 kB
20220314 061926.886 INFO             PET0 PIOc_freedecomp Enter - MemInfo: [/proc/meminfo - SSI]	MemFree:        49548628 kB
20220314 061926.886 INFO             PET0 PIOc_freedecomp Enter - MemInfo: [/proc/meminfo - SSI]	MemAvailable:   49314868 kB
20220314 061926.886 INFO             PET0 PIOc_freedecomp Enter - MemInfo: [/proc/meminfo - SSI]	Committed_AS:   13099756 kB
20220314 061926.886 INFO             PET0 PIOc_freedecomp Enter - MemInfo: [/proc/meminfo - SSI]	CommittedPercent: 19.9975 %
20220314 061926.886 INFO             PET0 PIOc_freedecomp Enter - MemInfo: [/proc/self/status]	VmPeak:	  523580 kB
20220314 061926.886 INFO             PET0 PIOc_freedecomp Enter - MemInfo: [/proc/self/status]	VmSize:	  506676 kB
20220314 061926.886 INFO             PET0 PIOc_freedecomp Enter - MemInfo: [/proc/self/status]	VmLck:	       0 kB
20220314 061926.886 INFO             PET0 PIOc_freedecomp Enter - MemInfo: [/proc/self/status]	VmPin:	       0 kB
20220314 061926.886 INFO             PET0 PIOc_freedecomp Enter - MemInfo: [/proc/self/status]	VmHWM:	   64892 kB
20220314 061926.886 INFO             PET0 PIOc_freedecomp Enter - MemInfo: [/proc/self/status]	VmRSS:	   19868 kB
20220314 061926.886 INFO             PET0 PIOc_freedecomp Enter - MemInfo: [/proc/self/status]	VmData:	   15172 kB
20220314 061926.886 INFO             PET0 PIOc_freedecomp Enter - MemInfo: [/proc/self/status]	VmStk:	     148 kB
20220314 061926.886 INFO             PET0 PIOc_freedecomp Enter - MemInfo: [/proc/self/status]	VmExe:	     268 kB
20220314 061926.886 INFO             PET0 PIOc_freedecomp Enter - MemInfo: [/proc/self/status]	VmLib:	   49272 kB
20220314 061926.886 INFO             PET0 PIOc_freedecomp Enter - MemInfo: [/proc/self/status]	VmPTE:	     736 kB
20220314 061926.886 INFO             PET0 PIOc_freedecomp Enter - MemInfo: [/proc/self/status]	VmPMD:	      12 kB
20220314 061926.886 INFO             PET0 PIOc_freedecomp Enter - MemInfo: [/proc/self/status]	VmSwap:	       0 kB
20220314 061926.886 INFO             PET0 PIOc_freedecomp Enter - MemInfo: [/proc/self/status]	VmRSSPercent: 0.0303296 %
20220314 061926.886 INFO             PET0 PIOc_freedecomp Enter - MemInfo: [malloc] Non-mmapped space allocated:                 3170304 Byte
20220314 061926.886 INFO             PET0 PIOc_freedecomp Enter - MemInfo: [malloc] Space allocated in mmapped regions:          1581056 Byte
20220314 061926.886 INFO             PET0 PIOc_freedecomp Enter - MemInfo: [malloc] Maximum total allocated space:                     0 Byte
20220314 061926.886 INFO             PET0 PIOc_freedecomp Enter - MemInfo: [malloc] Space in freed fastbin blocks:                  2704 Byte
20220314 061926.886 INFO             PET0 PIOc_freedecomp Enter - MemInfo: [malloc] Total allocated space:                       2644112 Byte
20220314 061926.887 INFO             PET0 PIOc_freedecomp Enter - MemInfo: [malloc] Total free space:                             526192 Byte
20220314 061926.887 INFO             PET0 PIOc_freedecomp Enter - MemInfo: [malloc] Top-most, releasable space:                    36016 Byte
20220314 061926.887 INFO             PET0 PIOc_freedecomp Enter - MemInfo: [malloc] Total space in use, mmap + non-mmap:         4225168 Byte
20220314 061926.887 INFO             PET0 PIOc_freedecomp Enter - MemInfo: [malloc] Total space held (mmap + non-mmap):          4751360 Byte
20220314 061926.887 INFO             PET0 PIOc_freedecomp Enter - MemInfo: [malloc] Total space used (mmap + non-mmap):          4234496 Byte
20220314 061926.887 INFO             PET0 PIOc_freedecomp Enter - MemInfo: Wall-clock time since execution start:              0.0190858 seconds
20220314 061926.887 INFO             PET0 PIOc_freedecomp Exit - MemInfo: [/proc/meminfo - SSI]	MemTotal:       65507008 kB
20220314 061926.887 INFO             PET0 PIOc_freedecomp Exit - MemInfo: [/proc/meminfo - SSI]	MemFree:        49548628 kB
20220314 061926.887 INFO             PET0 PIOc_freedecomp Exit - MemInfo: [/proc/meminfo - SSI]	MemAvailable:   49314868 kB
20220314 061926.887 INFO             PET0 PIOc_freedecomp Exit - MemInfo: [/proc/meminfo - SSI]	Committed_AS:   13099756 kB
20220314 061926.887 INFO             PET0 PIOc_freedecomp Exit - MemInfo: [/proc/meminfo - SSI]	CommittedPercent: 19.9975 %
20220314 061926.887 INFO             PET0 PIOc_freedecomp Exit - MemInfo: [/proc/self/status]	VmPeak:	  523580 kB
20220314 061926.887 INFO             PET0 PIOc_freedecomp Exit - MemInfo: [/proc/self/status]	VmSize:	  506676 kB
20220314 061926.887 INFO             PET0 PIOc_freedecomp Exit - MemInfo: [/proc/self/status]	VmLck:	       0 kB
20220314 061926.887 INFO             PET0 PIOc_freedecomp Exit - MemInfo: [/proc/self/status]	VmPin:	       0 kB
20220314 061926.887 INFO             PET0 PIOc_freedecomp Exit - MemInfo: [/proc/self/status]	VmHWM:	   64892 kB
20220314 061926.887 INFO             PET0 PIOc_freedecomp Exit - MemInfo: [/proc/self/status]	VmRSS:	   19872 kB
20220314 061926.887 INFO             PET0 PIOc_freedecomp Exit - MemInfo: [/proc/self/status]	VmData:	   15172 kB
20220314 061926.887 INFO             PET0 PIOc_freedecomp Exit - MemInfo: [/proc/self/status]	VmStk:	     148 kB
20220314 061926.887 INFO             PET0 PIOc_freedecomp Exit - MemInfo: [/proc/self/status]	VmExe:	     268 kB
20220314 061926.887 INFO             PET0 PIOc_freedecomp Exit - MemInfo: [/proc/self/status]	VmLib:	   49272 kB
20220314 061926.887 INFO             PET0 PIOc_freedecomp Exit - MemInfo: [/proc/self/status]	VmPTE:	     736 kB
20220314 061926.887 INFO             PET0 PIOc_freedecomp Exit - MemInfo: [/proc/self/status]	VmPMD:	      12 kB
20220314 061926.887 INFO             PET0 PIOc_freedecomp Exit - MemInfo: [/proc/self/status]	VmSwap:	       0 kB
20220314 061926.887 INFO             PET0 PIOc_freedecomp Exit - MemInfo: [/proc/self/status]	VmRSSPercent: 0.0303357 %
20220314 061926.887 INFO             PET0 PIOc_freedecomp Exit - MemInfo: [malloc] Non-mmapped space allocated:                 3170304 Byte
20220314 061926.887 INFO             PET0 PIOc_freedecomp Exit - MemInfo: [malloc] Space allocated in mmapped regions:          1581056 Byte
20220314 061926.887 INFO             PET0 PIOc_freedecomp Exit - MemInfo: [malloc] Maximum total allocated space:                     0 Byte
20220314 061926.887 INFO             PET0 PIOc_freedecomp Exit - MemInfo: [malloc] Space in freed fastbin blocks:                  1536 Byte
20220314 061926.887 INFO             PET0 PIOc_freedecomp Exit - MemInfo: [malloc] Total allocated space:                       2629056 Byte
20220314 061926.887 INFO             PET0 PIOc_freedecomp Exit - MemInfo: [malloc] Total free space:                             541248 Byte
20220314 061926.887 INFO             PET0 PIOc_freedecomp Exit - MemInfo: [malloc] Top-most, releasable space:                    36016 Byte
20220314 061926.887 INFO             PET0 PIOc_freedecomp Exit - MemInfo: [malloc] Total space in use, mmap + non-mmap:         4210112 Byte
20220314 061926.887 INFO             PET0 PIOc_freedecomp Exit - MemInfo: [malloc] Total space held (mmap + non-mmap):          4751360 Byte
20220314 061926.887 INFO             PET0 PIOc_freedecomp Exit - MemInfo: [malloc] Total space used (mmap + non-mmap):          4219440 Byte
20220314 061926.887 INFO             PET0 PIOc_freedecomp Exit - MemInfo: Wall-clock time since execution start:              0.0194329 seconds
20220314 061926.887 INFO             PET0  PASS  Write Fortran array in Field, ESMF_FieldIOUTest.F90, line 219
20220314 061926.887 INFO             PET0  PASS  Create a field from grid and fortran dummy array without halo, ESMF_FieldIOUTest.F90, line 233
20220314 061926.887 INFO             PET0  PASS  Get Farray_w from nohalo field, ESMF_FieldIOUTest.F90, line 244
20220314 061926.895 INFO             PET0 PIOc_sync Enter - MemInfo: [/proc/meminfo - SSI]	MemTotal:       65507008 kB
20220314 061926.895 INFO             PET0 PIOc_sync Enter - MemInfo: [/proc/meminfo - SSI]	MemFree:        49534012 kB
20220314 061926.895 INFO             PET0 PIOc_sync Enter - MemInfo: [/proc/meminfo - SSI]	MemAvailable:   49300252 kB
20220314 061926.895 INFO             PET0 PIOc_sync Enter - MemInfo: [/proc/meminfo - SSI]	Committed_AS:   13116232 kB
20220314 061926.895 INFO             PET0 PIOc_sync Enter - MemInfo: [/proc/meminfo - SSI]	CommittedPercent: 20.0226 %
20220314 061926.895 INFO             PET0 PIOc_sync Enter - MemInfo: [/proc/self/status]	VmPeak:	  523668 kB
20220314 061926.895 INFO             PET0 PIOc_sync Enter - MemInfo: [/proc/self/status]	VmSize:	  523668 kB
20220314 061926.895 INFO             PET0 PIOc_sync Enter - MemInfo: [/proc/self/status]	VmLck:	       0 kB
20220314 061926.895 INFO             PET0 PIOc_sync Enter - MemInfo: [/proc/self/status]	VmPin:	       0 kB
20220314 061926.895 INFO             PET0 PIOc_sync Enter - MemInfo: [/proc/self/status]	VmHWM:	   64892 kB
20220314 061926.895 INFO             PET0 PIOc_sync Enter - MemInfo: [/proc/self/status]	VmRSS:	   36312 kB
20220314 061926.895 INFO             PET0 PIOc_sync Enter - MemInfo: [/proc/self/status]	VmData:	   32164 kB
20220314 061926.895 INFO             PET0 PIOc_sync Enter - MemInfo: [/proc/self/status]	VmStk:	     148 kB
20220314 061926.895 INFO             PET0 PIOc_sync Enter - MemInfo: [/proc/self/status]	VmExe:	     268 kB
20220314 061926.895 INFO             PET0 PIOc_sync Enter - MemInfo: [/proc/self/status]	VmLib:	   49272 kB
20220314 061926.895 INFO             PET0 PIOc_sync Enter - MemInfo: [/proc/self/status]	VmPTE:	     772 kB
20220314 061926.895 INFO             PET0 PIOc_sync Enter - MemInfo: [/proc/self/status]	VmPMD:	      12 kB
20220314 061926.895 INFO             PET0 PIOc_sync Enter - MemInfo: [/proc/self/status]	VmSwap:	       0 kB
20220314 061926.895 INFO             PET0 PIOc_sync Enter - MemInfo: [/proc/self/status]	VmRSSPercent: 0.0554322 %
20220314 061926.895 INFO             PET0 PIOc_sync Enter - MemInfo: [malloc] Non-mmapped space allocated:                20570112 Byte
20220314 061926.895 INFO             PET0 PIOc_sync Enter - MemInfo: [malloc] Space allocated in mmapped regions:          1581056 Byte
20220314 061926.895 INFO             PET0 PIOc_sync Enter - MemInfo: [malloc] Maximum total allocated space:                     0 Byte
20220314 061926.895 INFO             PET0 PIOc_sync Enter - MemInfo: [malloc] Space in freed fastbin blocks:                  1536 Byte
20220314 061926.895 INFO             PET0 PIOc_sync Enter - MemInfo: [malloc] Total allocated space:                      19953360 Byte
20220314 061926.895 INFO             PET0 PIOc_sync Enter - MemInfo: [malloc] Total free space:                             616752 Byte
20220314 061926.895 INFO             PET0 PIOc_sync Enter - MemInfo: [malloc] Top-most, releasable space:                   134288 Byte
20220314 061926.895 INFO             PET0 PIOc_sync Enter - MemInfo: [malloc] Total space in use, mmap + non-mmap:        21534416 Byte
20220314 061926.895 INFO             PET0 PIOc_sync Enter - MemInfo: [malloc] Total space held (mmap + non-mmap):         22151168 Byte
20220314 061926.895 INFO             PET0 PIOc_sync Enter - MemInfo: [malloc] Total space used (mmap + non-mmap):         21543744 Byte
20220314 061926.895 INFO             PET0 PIOc_sync Enter - MemInfo: Wall-clock time since execution start:              0.0279401 seconds
20220314 061926.896 INFO             PET0 PIOc_sync Exit - MemInfo: [/proc/meminfo - SSI]	MemTotal:       65507008 kB
20220314 061926.896 INFO             PET0 PIOc_sync Exit - MemInfo: [/proc/meminfo - SSI]	MemFree:        49534012 kB
20220314 061926.896 INFO             PET0 PIOc_sync Exit - MemInfo: [/proc/meminfo - SSI]	MemAvailable:   49300252 kB
20220314 061926.896 INFO             PET0 PIOc_sync Exit - MemInfo: [/proc/meminfo - SSI]	Committed_AS:   13116232 kB
20220314 061926.896 INFO             PET0 PIOc_sync Exit - MemInfo: [/proc/meminfo - SSI]	CommittedPercent: 20.0226 %
20220314 061926.896 INFO             PET0 PIOc_sync Exit - MemInfo: [/proc/self/status]	VmPeak:	  523668 kB
20220314 061926.896 INFO             PET0 PIOc_sync Exit - MemInfo: [/proc/self/status]	VmSize:	  523668 kB
20220314 061926.896 INFO             PET0 PIOc_sync Exit - MemInfo: [/proc/self/status]	VmLck:	       0 kB
20220314 061926.896 INFO             PET0 PIOc_sync Exit - MemInfo: [/proc/self/status]	VmPin:	       0 kB
20220314 061926.896 INFO             PET0 PIOc_sync Exit - MemInfo: [/proc/self/status]	VmHWM:	   64892 kB
20220314 061926.896 INFO             PET0 PIOc_sync Exit - MemInfo: [/proc/self/status]	VmRSS:	   36312 kB
20220314 061926.896 INFO             PET0 PIOc_sync Exit - MemInfo: [/proc/self/status]	VmData:	   32164 kB
20220314 061926.896 INFO             PET0 PIOc_sync Exit - MemInfo: [/proc/self/status]	VmStk:	     148 kB
20220314 061926.896 INFO             PET0 PIOc_sync Exit - MemInfo: [/proc/self/status]	VmExe:	     268 kB
20220314 061926.896 INFO             PET0 PIOc_sync Exit - MemInfo: [/proc/self/status]	VmLib:	   49272 kB
20220314 061926.896 INFO             PET0 PIOc_sync Exit - MemInfo: [/proc/self/status]	VmPTE:	     772 kB
20220314 061926.896 INFO             PET0 PIOc_sync Exit - MemInfo: [/proc/self/status]	VmPMD:	      12 kB
20220314 061926.896 INFO             PET0 PIOc_sync Exit - MemInfo: [/proc/self/status]	VmSwap:	       0 kB
20220314 061926.896 INFO             PET0 PIOc_sync Exit - MemInfo: [/proc/self/status]	VmRSSPercent: 0.0554322 %
20220314 061926.896 INFO             PET0 PIOc_sync Exit - MemInfo: [malloc] Non-mmapped space allocated:                20570112 Byte
20220314 061926.896 INFO             PET0 PIOc_sync Exit - MemInfo: [malloc] Space allocated in mmapped regions:          1581056 Byte
20220314 061926.896 INFO             PET0 PIOc_sync Exit - MemInfo: [malloc] Maximum total allocated space:                     0 Byte
20220314 061926.896 INFO             PET0 PIOc_sync Exit - MemInfo: [malloc] Space in freed fastbin blocks:                  1712 Byte
20220314 061926.896 INFO             PET0 PIOc_sync Exit - MemInfo: [malloc] Total allocated space:                      19961712 Byte
20220314 061926.896 INFO             PET0 PIOc_sync Exit - MemInfo: [malloc] Total free space:                             608400 Byte
20220314 061926.896 INFO             PET0 PIOc_sync Exit - MemInfo: [malloc] Top-most, releasable space:                   134288 Byte
20220314 061926.896 INFO             PET0 PIOc_sync Exit - MemInfo: [malloc] Total space in use, mmap + non-mmap:        21542768 Byte
20220314 061926.896 INFO             PET0 PIOc_sync Exit - MemInfo: [malloc] Total space held (mmap + non-mmap):         22151168 Byte
20220314 061926.896 INFO             PET0 PIOc_sync Exit - MemInfo: [malloc] Total space used (mmap + non-mmap):         21552096 Byte
20220314 061926.896 INFO             PET0 PIOc_sync Exit - MemInfo: Wall-clock time since execution start:              0.0284098 seconds
20220314 061926.896 INFO             PET0 PIOc_freedecomp Enter - MemInfo: [/proc/meminfo - SSI]	MemTotal:       65507008 kB
20220314 061926.896 INFO             PET0 PIOc_freedecomp Enter - MemInfo: [/proc/meminfo - SSI]	MemFree:        49534012 kB
20220314 061926.896 INFO             PET0 PIOc_freedecomp Enter - MemInfo: [/proc/meminfo - SSI]	MemAvailable:   49300252 kB
20220314 061926.896 INFO             PET0 PIOc_freedecomp Enter - MemInfo: [/proc/meminfo - SSI]	Committed_AS:   13116232 kB
20220314 061926.896 INFO             PET0 PIOc_freedecomp Enter - MemInfo: [/proc/meminfo - SSI]	CommittedPercent: 20.0226 %
20220314 061926.896 INFO             PET0 PIOc_freedecomp Enter - MemInfo: [/proc/self/status]	VmPeak:	  523668 kB
20220314 061926.896 INFO             PET0 PIOc_freedecomp Enter - MemInfo: [/proc/self/status]	VmSize:	  523668 kB
20220314 061926.896 INFO             PET0 PIOc_freedecomp Enter - MemInfo: [/proc/self/status]	VmLck:	       0 kB
20220314 061926.896 INFO             PET0 PIOc_freedecomp Enter - MemInfo: [/proc/self/status]	VmPin:	       0 kB
20220314 061926.896 INFO             PET0 PIOc_freedecomp Enter - MemInfo: [/proc/self/status]	VmHWM:	   64892 kB
20220314 061926.896 INFO             PET0 PIOc_freedecomp Enter - MemInfo: [/proc/self/status]	VmRSS:	   36312 kB
20220314 061926.896 INFO             PET0 PIOc_freedecomp Enter - MemInfo: [/proc/self/status]	VmData:	   32164 kB
20220314 061926.896 INFO             PET0 PIOc_freedecomp Enter - MemInfo: [/proc/self/status]	VmStk:	     148 kB
20220314 061926.896 INFO             PET0 PIOc_freedecomp Enter - MemInfo: [/proc/self/status]	VmExe:	     268 kB
20220314 061926.896 INFO             PET0 PIOc_freedecomp Enter - MemInfo: [/proc/self/status]	VmLib:	   49272 kB
20220314 061926.896 INFO             PET0 PIOc_freedecomp Enter - MemInfo: [/proc/self/status]	VmPTE:	     772 kB
20220314 061926.896 INFO             PET0 PIOc_freedecomp Enter - MemInfo: [/proc/self/status]	VmPMD:	      12 kB
20220314 061926.896 INFO             PET0 PIOc_freedecomp Enter - MemInfo: [/proc/self/status]	VmSwap:	       0 kB
20220314 061926.896 INFO             PET0 PIOc_freedecomp Enter - MemInfo: [/proc/self/status]	VmRSSPercent: 0.0554322 %
20220314 061926.896 INFO             PET0 PIOc_freedecomp Enter - MemInfo: [malloc] Non-mmapped space allocated:                20570112 Byte
20220314 061926.896 INFO             PET0 PIOc_freedecomp Enter - MemInfo: [malloc] Space allocated in mmapped regions:          1581056 Byte
20220314 061926.896 INFO             PET0 PIOc_freedecomp Enter - MemInfo: [malloc] Maximum total allocated space:                     0 Byte
20220314 061926.896 INFO             PET0 PIOc_freedecomp Enter - MemInfo: [malloc] Space in freed fastbin blocks:                  1584 Byte
20220314 061926.896 INFO             PET0 PIOc_freedecomp Enter - MemInfo: [malloc] Total allocated space:                       2646896 Byte
20220314 061926.896 INFO             PET0 PIOc_freedecomp Enter - MemInfo: [malloc] Total free space:                           17923216 Byte
20220314 061926.896 INFO             PET0 PIOc_freedecomp Enter - MemInfo: [malloc] Top-most, releasable space:                 17435824 Byte
20220314 061926.896 INFO             PET0 PIOc_freedecomp Enter - MemInfo: [malloc] Total space in use, mmap + non-mmap:         4227952 Byte
20220314 061926.896 INFO             PET0 PIOc_freedecomp Enter - MemInfo: [malloc] Total space held (mmap + non-mmap):         22151168 Byte
20220314 061926.896 INFO             PET0 PIOc_freedecomp Enter - MemInfo: [malloc] Total space used (mmap + non-mmap):          4237280 Byte
20220314 061926.896 INFO             PET0 PIOc_freedecomp Enter - MemInfo: Wall-clock time since execution start:              0.0287976 seconds
20220314 061926.896 INFO             PET0 PIOc_freedecomp Exit - MemInfo: [/proc/meminfo - SSI]	MemTotal:       65507008 kB
20220314 061926.896 INFO             PET0 PIOc_freedecomp Exit - MemInfo: [/proc/meminfo - SSI]	MemFree:        49534012 kB
20220314 061926.896 INFO             PET0 PIOc_freedecomp Exit - MemInfo: [/proc/meminfo - SSI]	MemAvailable:   49300252 kB
20220314 061926.896 INFO             PET0 PIOc_freedecomp Exit - MemInfo: [/proc/meminfo - SSI]	Committed_AS:   13116232 kB
20220314 061926.896 INFO             PET0 PIOc_freedecomp Exit - MemInfo: [/proc/meminfo - SSI]	CommittedPercent: 20.0226 %
20220314 061926.896 INFO             PET0 PIOc_freedecomp Exit - MemInfo: [/proc/self/status]	VmPeak:	  523668 kB
20220314 061926.896 INFO             PET0 PIOc_freedecomp Exit - MemInfo: [/proc/self/status]	VmSize:	  523668 kB
20220314 061926.896 INFO             PET0 PIOc_freedecomp Exit - MemInfo: [/proc/self/status]	VmLck:	       0 kB
20220314 061926.896 INFO             PET0 PIOc_freedecomp Exit - MemInfo: [/proc/self/status]	VmPin:	       0 kB
20220314 061926.896 INFO             PET0 PIOc_freedecomp Exit - MemInfo: [/proc/self/status]	VmHWM:	   64892 kB
20220314 061926.896 INFO             PET0 PIOc_freedecomp Exit - MemInfo: [/proc/self/status]	VmRSS:	   36312 kB
20220314 061926.896 INFO             PET0 PIOc_freedecomp Exit - MemInfo: [/proc/self/status]	VmData:	   32164 kB
20220314 061926.896 INFO             PET0 PIOc_freedecomp Exit - MemInfo: [/proc/self/status]	VmStk:	     148 kB
20220314 061926.896 INFO             PET0 PIOc_freedecomp Exit - MemInfo: [/proc/self/status]	VmExe:	     268 kB
20220314 061926.896 INFO             PET0 PIOc_freedecomp Exit - MemInfo: [/proc/self/status]	VmLib:	   49272 kB
20220314 061926.896 INFO             PET0 PIOc_freedecomp Exit - MemInfo: [/proc/self/status]	VmPTE:	     772 kB
20220314 061926.896 INFO             PET0 PIOc_freedecomp Exit - MemInfo: [/proc/self/status]	VmPMD:	      12 kB
20220314 061926.896 INFO             PET0 PIOc_freedecomp Exit - MemInfo: [/proc/self/status]	VmSwap:	       0 kB
20220314 061926.897 INFO             PET0 PIOc_freedecomp Exit - MemInfo: [/proc/self/status]	VmRSSPercent: 0.0554322 %
20220314 061926.897 INFO             PET0 PIOc_freedecomp Exit - MemInfo: [malloc] Non-mmapped space allocated:                20570112 Byte
20220314 061926.897 INFO             PET0 PIOc_freedecomp Exit - MemInfo: [malloc] Space allocated in mmapped regions:          1581056 Byte
20220314 061926.897 INFO             PET0 PIOc_freedecomp Exit - MemInfo: [malloc] Maximum total allocated space:                     0 Byte
20220314 061926.897 INFO             PET0 PIOc_freedecomp Exit - MemInfo: [malloc] Space in freed fastbin blocks:                  1936 Byte
20220314 061926.897 INFO             PET0 PIOc_freedecomp Exit - MemInfo: [malloc] Total allocated space:                       2633936 Byte
20220314 061926.897 INFO             PET0 PIOc_freedecomp Exit - MemInfo: [malloc] Total free space:                           17936176 Byte
20220314 061926.897 INFO             PET0 PIOc_freedecomp Exit - MemInfo: [malloc] Top-most, releasable space:                 17435824 Byte
20220314 061926.897 INFO             PET0 PIOc_freedecomp Exit - MemInfo: [malloc] Total space in use, mmap + non-mmap:         4214992 Byte
20220314 061926.897 INFO             PET0 PIOc_freedecomp Exit - MemInfo: [malloc] Total space held (mmap + non-mmap):         22151168 Byte
20220314 061926.897 INFO             PET0 PIOc_freedecomp Exit - MemInfo: [malloc] Total space used (mmap + non-mmap):          4224320 Byte
20220314 061926.897 INFO             PET0 PIOc_freedecomp Exit - MemInfo: Wall-clock time since execution start:              0.0291398 seconds
20220314 061926.897 INFO             PET0  PASS  Write Fortran array in nohalo Field, ESMF_FieldIOUTest.F90, line 268
20220314 061926.897 INFO             PET0  PASS  Create a field from grid and fortran dummy array without halo, ESMF_FieldIOUTest.F90, line 281
20220314 061926.898 INFO             PET0 PIOc_sync Enter - MemInfo: [/proc/meminfo - SSI]	MemTotal:       65507008 kB
20220314 061926.898 INFO             PET0 PIOc_sync Enter - MemInfo: [/proc/meminfo - SSI]	MemFree:        49533508 kB
20220314 061926.898 INFO             PET0 PIOc_sync Enter - MemInfo: [/proc/meminfo - SSI]	MemAvailable:   49299748 kB
20220314 061926.898 INFO             PET0 PIOc_sync Enter - MemInfo: [/proc/meminfo - SSI]	Committed_AS:   13116232 kB
20220314 061926.898 INFO             PET0 PIOc_sync Enter - MemInfo: [/proc/meminfo - SSI]	CommittedPercent: 20.0226 %
20220314 061926.898 INFO             PET0 PIOc_sync Enter - MemInfo: [/proc/self/status]	VmPeak:	  523668 kB
20220314 061926.898 INFO             PET0 PIOc_sync Enter - MemInfo: [/proc/self/status]	VmSize:	  523668 kB
20220314 061926.898 INFO             PET0 PIOc_sync Enter - MemInfo: [/proc/self/status]	VmLck:	       0 kB
20220314 061926.898 INFO             PET0 PIOc_sync Enter - MemInfo: [/proc/self/status]	VmPin:	       0 kB
20220314 061926.898 INFO             PET0 PIOc_sync Enter - MemInfo: [/proc/self/status]	VmHWM:	   64892 kB
20220314 061926.898 INFO             PET0 PIOc_sync Enter - MemInfo: [/proc/self/status]	VmRSS:	   36788 kB
20220314 061926.898 INFO             PET0 PIOc_sync Enter - MemInfo: [/proc/self/status]	VmData:	   32164 kB
20220314 061926.898 INFO             PET0 PIOc_sync Enter - MemInfo: [/proc/self/status]	VmStk:	     148 kB
20220314 061926.898 INFO             PET0 PIOc_sync Enter - MemInfo: [/proc/self/status]	VmExe:	     268 kB
20220314 061926.898 INFO             PET0 PIOc_sync Enter - MemInfo: [/proc/self/status]	VmLib:	   49272 kB
20220314 061926.898 INFO             PET0 PIOc_sync Enter - MemInfo: [/proc/self/status]	VmPTE:	     772 kB
20220314 061926.898 INFO             PET0 PIOc_sync Enter - MemInfo: [/proc/self/status]	VmPMD:	      12 kB
20220314 061926.899 INFO             PET0 PIOc_sync Enter - MemInfo: [/proc/self/status]	VmSwap:	       0 kB
20220314 061926.899 INFO             PET0 PIOc_sync Enter - MemInfo: [/proc/self/status]	VmRSSPercent: 0.0561589 %
20220314 061926.899 INFO             PET0 PIOc_sync Enter - MemInfo: [malloc] Non-mmapped space allocated:                20570112 Byte
20220314 061926.899 INFO             PET0 PIOc_sync Enter - MemInfo: [malloc] Space allocated in mmapped regions:          1581056 Byte
20220314 061926.899 INFO             PET0 PIOc_sync Enter - MemInfo: [malloc] Maximum total allocated space:                     0 Byte
20220314 061926.899 INFO             PET0 PIOc_sync Enter - MemInfo: [malloc] Space in freed fastbin blocks:                  1536 Byte
20220314 061926.899 INFO             PET0 PIOc_sync Enter - MemInfo: [malloc] Total allocated space:                      19959168 Byte
20220314 061926.899 INFO             PET0 PIOc_sync Enter - MemInfo: [malloc] Total free space:                             610944 Byte
20220314 061926.899 INFO             PET0 PIOc_sync Enter - MemInfo: [malloc] Top-most, releasable space:                   134288 Byte
20220314 061926.899 INFO             PET0 PIOc_sync Enter - MemInfo: [malloc] Total space in use, mmap + non-mmap:        21540224 Byte
20220314 061926.899 INFO             PET0 PIOc_sync Enter - MemInfo: [malloc] Total space held (mmap + non-mmap):         22151168 Byte
20220314 061926.899 INFO             PET0 PIOc_sync Enter - MemInfo: [malloc] Total space used (mmap + non-mmap):         21549552 Byte
20220314 061926.899 INFO             PET0 PIOc_sync Enter - MemInfo: Wall-clock time since execution start:              0.0311673 seconds
20220314 061926.899 INFO             PET0 PIOc_sync Exit - MemInfo: [/proc/meminfo - SSI]	MemTotal:       65507008 kB
20220314 061926.899 INFO             PET0 PIOc_sync Exit - MemInfo: [/proc/meminfo - SSI]	MemFree:        49533508 kB
20220314 061926.899 INFO             PET0 PIOc_sync Exit - MemInfo: [/proc/meminfo - SSI]	MemAvailable:   49299748 kB
20220314 061926.899 INFO             PET0 PIOc_sync Exit - MemInfo: [/proc/meminfo - SSI]	Committed_AS:   13116232 kB
20220314 061926.899 INFO             PET0 PIOc_sync Exit - MemInfo: [/proc/meminfo - SSI]	CommittedPercent: 20.0226 %
20220314 061926.899 INFO             PET0 PIOc_sync Exit - MemInfo: [/proc/self/status]	VmPeak:	  523668 kB
20220314 061926.899 INFO             PET0 PIOc_sync Exit - MemInfo: [/proc/self/status]	VmSize:	  523668 kB
20220314 061926.899 INFO             PET0 PIOc_sync Exit - MemInfo: [/proc/self/status]	VmLck:	       0 kB
20220314 061926.899 INFO             PET0 PIOc_sync Exit - MemInfo: [/proc/self/status]	VmPin:	       0 kB
20220314 061926.899 INFO             PET0 PIOc_sync Exit - MemInfo: [/proc/self/status]	VmHWM:	   64892 kB
20220314 061926.899 INFO             PET0 PIOc_sync Exit - MemInfo: [/proc/self/status]	VmRSS:	   36788 kB
20220314 061926.899 INFO             PET0 PIOc_sync Exit - MemInfo: [/proc/self/status]	VmData:	   32164 kB
20220314 061926.899 INFO             PET0 PIOc_sync Exit - MemInfo: [/proc/self/status]	VmStk:	     148 kB
20220314 061926.899 INFO             PET0 PIOc_sync Exit - MemInfo: [/proc/self/status]	VmExe:	     268 kB
20220314 061926.899 INFO             PET0 PIOc_sync Exit - MemInfo: [/proc/self/status]	VmLib:	   49272 kB
20220314 061926.899 INFO             PET0 PIOc_sync Exit - MemInfo: [/proc/self/status]	VmPTE:	     772 kB
20220314 061926.899 INFO             PET0 PIOc_sync Exit - MemInfo: [/proc/self/status]	VmPMD:	      12 kB
20220314 061926.899 INFO             PET0 PIOc_sync Exit - MemInfo: [/proc/self/status]	VmSwap:	       0 kB
20220314 061926.899 INFO             PET0 PIOc_sync Exit - MemInfo: [/proc/self/status]	VmRSSPercent: 0.0561589 %
20220314 061926.899 INFO             PET0 PIOc_sync Exit - MemInfo: [malloc] Non-mmapped space allocated:                20570112 Byte
20220314 061926.899 INFO             PET0 PIOc_sync Exit - MemInfo: [malloc] Space allocated in mmapped regions:          1581056 Byte
20220314 061926.899 INFO             PET0 PIOc_sync Exit - MemInfo: [malloc] Maximum total allocated space:                     0 Byte
20220314 061926.899 INFO             PET0 PIOc_sync Exit - MemInfo: [malloc] Space in freed fastbin blocks:                  1504 Byte
20220314 061926.899 INFO             PET0 PIOc_sync Exit - MemInfo: [malloc] Total allocated space:                      19968656 Byte
20220314 061926.899 INFO             PET0 PIOc_sync Exit - MemInfo: [malloc] Total free space:                             601456 Byte
20220314 061926.899 INFO             PET0 PIOc_sync Exit - MemInfo: [malloc] Top-most, releasable space:                   134288 Byte
20220314 061926.899 INFO             PET0 PIOc_sync Exit - MemInfo: [malloc] Total space in use, mmap + non-mmap:        21549712 Byte
20220314 061926.899 INFO             PET0 PIOc_sync Exit - MemInfo: [malloc] Total space held (mmap + non-mmap):         22151168 Byte
20220314 061926.899 INFO             PET0 PIOc_sync Exit - MemInfo: [malloc] Total space used (mmap + non-mmap):         21559040 Byte
20220314 061926.899 INFO             PET0 PIOc_sync Exit - MemInfo: Wall-clock time since execution start:              0.0316404 seconds
20220314 061926.899 INFO             PET0 PIOc_freedecomp Enter - MemInfo: [/proc/meminfo - SSI]	MemTotal:       65507008 kB
20220314 061926.899 INFO             PET0 PIOc_freedecomp Enter - MemInfo: [/proc/meminfo - SSI]	MemFree:        49533508 kB
20220314 061926.899 INFO             PET0 PIOc_freedecomp Enter - MemInfo: [/proc/meminfo - SSI]	MemAvailable:   49299748 kB
20220314 061926.899 INFO             PET0 PIOc_freedecomp Enter - MemInfo: [/proc/meminfo - SSI]	Committed_AS:   13116232 kB
20220314 061926.899 INFO             PET0 PIOc_freedecomp Enter - MemInfo: [/proc/meminfo - SSI]	CommittedPercent: 20.0226 %
20220314 061926.899 INFO             PET0 PIOc_freedecomp Enter - MemInfo: [/proc/self/status]	VmPeak:	  523668 kB
20220314 061926.899 INFO             PET0 PIOc_freedecomp Enter - MemInfo: [/proc/self/status]	VmSize:	  523668 kB
20220314 061926.899 INFO             PET0 PIOc_freedecomp Enter - MemInfo: [/proc/self/status]	VmLck:	       0 kB
20220314 061926.899 INFO             PET0 PIOc_freedecomp Enter - MemInfo: [/proc/self/status]	VmPin:	       0 kB
20220314 061926.899 INFO             PET0 PIOc_freedecomp Enter - MemInfo: [/proc/self/status]	VmHWM:	   64892 kB
20220314 061926.899 INFO             PET0 PIOc_freedecomp Enter - MemInfo: [/proc/self/status]	VmRSS:	   36788 kB
20220314 061926.899 INFO             PET0 PIOc_freedecomp Enter - MemInfo: [/proc/self/status]	VmData:	   32164 kB
20220314 061926.899 INFO             PET0 PIOc_freedecomp Enter - MemInfo: [/proc/self/status]	VmStk:	     148 kB
20220314 061926.899 INFO             PET0 PIOc_freedecomp Enter - MemInfo: [/proc/self/status]	VmExe:	     268 kB
20220314 061926.899 INFO             PET0 PIOc_freedecomp Enter - MemInfo: [/proc/self/status]	VmLib:	   49272 kB
20220314 061926.899 INFO             PET0 PIOc_freedecomp Enter - MemInfo: [/proc/self/status]	VmPTE:	     772 kB
20220314 061926.899 INFO             PET0 PIOc_freedecomp Enter - MemInfo: [/proc/self/status]	VmPMD:	      12 kB
20220314 061926.899 INFO             PET0 PIOc_freedecomp Enter - MemInfo: [/proc/self/status]	VmSwap:	       0 kB
20220314 061926.899 INFO             PET0 PIOc_freedecomp Enter - MemInfo: [/proc/self/status]	VmRSSPercent: 0.0561589 %
20220314 061926.899 INFO             PET0 PIOc_freedecomp Enter - MemInfo: [malloc] Non-mmapped space allocated:                20570112 Byte
20220314 061926.899 INFO             PET0 PIOc_freedecomp Enter - MemInfo: [malloc] Space allocated in mmapped regions:          1581056 Byte
20220314 061926.899 INFO             PET0 PIOc_freedecomp Enter - MemInfo: [malloc] Maximum total allocated space:                     0 Byte
20220314 061926.899 INFO             PET0 PIOc_freedecomp Enter - MemInfo: [malloc] Space in freed fastbin blocks:                  1584 Byte
20220314 061926.899 INFO             PET0 PIOc_freedecomp Enter - MemInfo: [malloc] Total allocated space:                       2653856 Byte
20220314 061926.899 INFO             PET0 PIOc_freedecomp Enter - MemInfo: [malloc] Total free space:                           17916256 Byte
20220314 061926.899 INFO             PET0 PIOc_freedecomp Enter - MemInfo: [malloc] Top-most, releasable space:                 17435824 Byte
20220314 061926.899 INFO             PET0 PIOc_freedecomp Enter - MemInfo: [malloc] Total space in use, mmap + non-mmap:         4234912 Byte
20220314 061926.899 INFO             PET0 PIOc_freedecomp Enter - MemInfo: [malloc] Total space held (mmap + non-mmap):         22151168 Byte
20220314 061926.899 INFO             PET0 PIOc_freedecomp Enter - MemInfo: [malloc] Total space used (mmap + non-mmap):          4244240 Byte
20220314 061926.899 INFO             PET0 PIOc_freedecomp Enter - MemInfo: Wall-clock time since execution start:              0.0320107 seconds
20220314 061926.900 INFO             PET0 PIOc_freedecomp Exit - MemInfo: [/proc/meminfo - SSI]	MemTotal:       65507008 kB
20220314 061926.900 INFO             PET0 PIOc_freedecomp Exit - MemInfo: [/proc/meminfo - SSI]	MemFree:        49533508 kB
20220314 061926.900 INFO             PET0 PIOc_freedecomp Exit - MemInfo: [/proc/meminfo - SSI]	MemAvailable:   49299748 kB
20220314 061926.900 INFO             PET0 PIOc_freedecomp Exit - MemInfo: [/proc/meminfo - SSI]	Committed_AS:   13116232 kB
20220314 061926.900 INFO             PET0 PIOc_freedecomp Exit - MemInfo: [/proc/meminfo - SSI]	CommittedPercent: 20.0226 %
20220314 061926.900 INFO             PET0 PIOc_freedecomp Exit - MemInfo: [/proc/self/status]	VmPeak:	  523668 kB
20220314 061926.900 INFO             PET0 PIOc_freedecomp Exit - MemInfo: [/proc/self/status]	VmSize:	  523668 kB
20220314 061926.900 INFO             PET0 PIOc_freedecomp Exit - MemInfo: [/proc/self/status]	VmLck:	       0 kB
20220314 061926.900 INFO             PET0 PIOc_freedecomp Exit - MemInfo: [/proc/self/status]	VmPin:	       0 kB
20220314 061926.900 INFO             PET0 PIOc_freedecomp Exit - MemInfo: [/proc/self/status]	VmHWM:	   64892 kB
20220314 061926.900 INFO             PET0 PIOc_freedecomp Exit - MemInfo: [/proc/self/status]	VmRSS:	   36788 kB
20220314 061926.900 INFO             PET0 PIOc_freedecomp Exit - MemInfo: [/proc/self/status]	VmData:	   32164 kB
20220314 061926.900 INFO             PET0 PIOc_freedecomp Exit - MemInfo: [/proc/self/status]	VmStk:	     148 kB
20220314 061926.900 INFO             PET0 PIOc_freedecomp Exit - MemInfo: [/proc/self/status]	VmExe:	     268 kB
20220314 061926.900 INFO             PET0 PIOc_freedecomp Exit - MemInfo: [/proc/self/status]	VmLib:	   49272 kB
20220314 061926.900 INFO             PET0 PIOc_freedecomp Exit - MemInfo: [/proc/self/status]	VmPTE:	     772 kB
20220314 061926.900 INFO             PET0 PIOc_freedecomp Exit - MemInfo: [/proc/self/status]	VmPMD:	      12 kB
20220314 061926.900 INFO             PET0 PIOc_freedecomp Exit - MemInfo: [/proc/self/status]	VmSwap:	       0 kB
20220314 061926.900 INFO             PET0 PIOc_freedecomp Exit - MemInfo: [/proc/self/status]	VmRSSPercent: 0.0561589 %
20220314 061926.900 INFO             PET0 PIOc_freedecomp Exit - MemInfo: [malloc] Non-mmapped space allocated:                20570112 Byte
20220314 061926.900 INFO             PET0 PIOc_freedecomp Exit - MemInfo: [malloc] Space allocated in mmapped regions:          1581056 Byte
20220314 061926.900 INFO             PET0 PIOc_freedecomp Exit - MemInfo: [malloc] Maximum total allocated space:                     0 Byte
20220314 061926.900 INFO             PET0 PIOc_freedecomp Exit - MemInfo: [malloc] Space in freed fastbin blocks:                  1536 Byte
20220314 061926.900 INFO             PET0 PIOc_freedecomp Exit - MemInfo: [malloc] Total allocated space:                       2638800 Byte
20220314 061926.900 INFO             PET0 PIOc_freedecomp Exit - MemInfo: [malloc] Total free space:                           17931312 Byte
20220314 061926.900 INFO             PET0 PIOc_freedecomp Exit - MemInfo: [malloc] Top-most, releasable space:                 17435824 Byte
20220314 061926.900 INFO             PET0 PIOc_freedecomp Exit - MemInfo: [malloc] Total space in use, mmap + non-mmap:         4219856 Byte
20220314 061926.900 INFO             PET0 PIOc_freedecomp Exit - MemInfo: [malloc] Total space held (mmap + non-mmap):         22151168 Byte
20220314 061926.900 INFO             PET0 PIOc_freedecomp Exit - MemInfo: [malloc] Total space used (mmap + non-mmap):          4229184 Byte
20220314 061926.900 INFO             PET0 PIOc_freedecomp Exit - MemInfo: Wall-clock time since execution start:              0.0323544 seconds
20220314 061926.901 INFO             PET0 PIOc_sync Enter - MemInfo: [/proc/meminfo - SSI]	MemTotal:       65507008 kB
20220314 061926.901 INFO             PET0 PIOc_sync Enter - MemInfo: [/proc/meminfo - SSI]	MemFree:        49533508 kB
20220314 061926.901 INFO             PET0 PIOc_sync Enter - MemInfo: [/proc/meminfo - SSI]	MemAvailable:   49299748 kB
20220314 061926.901 INFO             PET0 PIOc_sync Enter - MemInfo: [/proc/meminfo - SSI]	Committed_AS:   13116232 kB
20220314 061926.901 INFO             PET0 PIOc_sync Enter - MemInfo: [/proc/meminfo - SSI]	CommittedPercent: 20.0226 %
20220314 061926.901 INFO             PET0 PIOc_sync Enter - MemInfo: [/proc/self/status]	VmPeak:	  531856 kB
20220314 061926.901 INFO             PET0 PIOc_sync Enter - MemInfo: [/proc/self/status]	VmSize:	  523668 kB
20220314 061926.901 INFO             PET0 PIOc_sync Enter - MemInfo: [/proc/self/status]	VmLck:	       0 kB
20220314 061926.901 INFO             PET0 PIOc_sync Enter - MemInfo: [/proc/self/status]	VmPin:	       0 kB
20220314 061926.901 INFO             PET0 PIOc_sync Enter - MemInfo: [/proc/self/status]	VmHWM:	   64892 kB
20220314 061926.901 INFO             PET0 PIOc_sync Enter - MemInfo: [/proc/self/status]	VmRSS:	   36808 kB
20220314 061926.901 INFO             PET0 PIOc_sync Enter - MemInfo: [/proc/self/status]	VmData:	   32164 kB
20220314 061926.901 INFO             PET0 PIOc_sync Enter - MemInfo: [/proc/self/status]	VmStk:	     148 kB
20220314 061926.901 INFO             PET0 PIOc_sync Enter - MemInfo: [/proc/self/status]	VmExe:	     268 kB
20220314 061926.901 INFO             PET0 PIOc_sync Enter - MemInfo: [/proc/self/status]	VmLib:	   49272 kB
20220314 061926.901 INFO             PET0 PIOc_sync Enter - MemInfo: [/proc/self/status]	VmPTE:	     772 kB
20220314 061926.901 INFO             PET0 PIOc_sync Enter - MemInfo: [/proc/self/status]	VmPMD:	      12 kB
20220314 061926.901 INFO             PET0 PIOc_sync Enter - MemInfo: [/proc/self/status]	VmSwap:	       0 kB
20220314 061926.901 INFO             PET0 PIOc_sync Enter - MemInfo: [/proc/self/status]	VmRSSPercent: 0.0561894 %
20220314 061926.901 INFO             PET0 PIOc_sync Enter - MemInfo: [malloc] Non-mmapped space allocated:                20570112 Byte
20220314 061926.901 INFO             PET0 PIOc_sync Enter - MemInfo: [malloc] Space allocated in mmapped regions:          1581056 Byte
20220314 061926.901 INFO             PET0 PIOc_sync Enter - MemInfo: [malloc] Maximum total allocated space:                     0 Byte
20220314 061926.901 INFO             PET0 PIOc_sync Enter - MemInfo: [malloc] Space in freed fastbin blocks:                  2224 Byte
20220314 061926.901 INFO             PET0 PIOc_sync Enter - MemInfo: [malloc] Total allocated space:                      19958880 Byte
20220314 061926.901 INFO             PET0 PIOc_sync Enter - MemInfo: [malloc] Total free space:                             611232 Byte
20220314 061926.901 INFO             PET0 PIOc_sync Enter - MemInfo: [malloc] Top-most, releasable space:                   134288 Byte
20220314 061926.901 INFO             PET0 PIOc_sync Enter - MemInfo: [malloc] Total space in use, mmap + non-mmap:        21539936 Byte
20220314 061926.901 INFO             PET0 PIOc_sync Enter - MemInfo: [malloc] Total space held (mmap + non-mmap):         22151168 Byte
20220314 061926.901 INFO             PET0 PIOc_sync Enter - MemInfo: [malloc] Total space used (mmap + non-mmap):         21549264 Byte
20220314 061926.901 INFO             PET0 PIOc_sync Enter - MemInfo: Wall-clock time since execution start:              0.0338338 seconds
20220314 061926.901 INFO             PET0 PIOc_sync Exit - MemInfo: [/proc/meminfo - SSI]	MemTotal:       65507008 kB
20220314 061926.901 INFO             PET0 PIOc_sync Exit - MemInfo: [/proc/meminfo - SSI]	MemFree:        49533508 kB
20220314 061926.901 INFO             PET0 PIOc_sync Exit - MemInfo: [/proc/meminfo - SSI]	MemAvailable:   49299748 kB
20220314 061926.901 INFO             PET0 PIOc_sync Exit - MemInfo: [/proc/meminfo - SSI]	Committed_AS:   13116232 kB
20220314 061926.901 INFO             PET0 PIOc_sync Exit - MemInfo: [/proc/meminfo - SSI]	CommittedPercent: 20.0226 %
20220314 061926.902 INFO             PET0 PIOc_sync Exit - MemInfo: [/proc/self/status]	VmPeak:	  531856 kB
20220314 061926.902 INFO             PET0 PIOc_sync Exit - MemInfo: [/proc/self/status]	VmSize:	  523668 kB
20220314 061926.902 INFO             PET0 PIOc_sync Exit - MemInfo: [/proc/self/status]	VmLck:	       0 kB
20220314 061926.902 INFO             PET0 PIOc_sync Exit - MemInfo: [/proc/self/status]	VmPin:	       0 kB
20220314 061926.902 INFO             PET0 PIOc_sync Exit - MemInfo: [/proc/self/status]	VmHWM:	   64892 kB
20220314 061926.902 INFO             PET0 PIOc_sync Exit - MemInfo: [/proc/self/status]	VmRSS:	   36808 kB
20220314 061926.902 INFO             PET0 PIOc_sync Exit - MemInfo: [/proc/self/status]	VmData:	   32164 kB
20220314 061926.902 INFO             PET0 PIOc_sync Exit - MemInfo: [/proc/self/status]	VmStk:	     148 kB
20220314 061926.902 INFO             PET0 PIOc_sync Exit - MemInfo: [/proc/self/status]	VmExe:	     268 kB
20220314 061926.902 INFO             PET0 PIOc_sync Exit - MemInfo: [/proc/self/status]	VmLib:	   49272 kB
20220314 061926.902 INFO             PET0 PIOc_sync Exit - MemInfo: [/proc/self/status]	VmPTE:	     772 kB
20220314 061926.902 INFO             PET0 PIOc_sync Exit - MemInfo: [/proc/self/status]	VmPMD:	      12 kB
20220314 061926.902 INFO             PET0 PIOc_sync Exit - MemInfo: [/proc/self/status]	VmSwap:	       0 kB
20220314 061926.902 INFO             PET0 PIOc_sync Exit - MemInfo: [/proc/self/status]	VmRSSPercent: 0.0561894 %
20220314 061926.902 INFO             PET0 PIOc_sync Exit - MemInfo: [malloc] Non-mmapped space allocated:                20570112 Byte
20220314 061926.902 INFO             PET0 PIOc_sync Exit - MemInfo: [malloc] Space allocated in mmapped regions:          1581056 Byte
20220314 061926.902 INFO             PET0 PIOc_sync Exit - MemInfo: [malloc] Maximum total allocated space:                     0 Byte
20220314 061926.902 INFO             PET0 PIOc_sync Exit - MemInfo: [malloc] Space in freed fastbin blocks:                  1808 Byte
20220314 061926.902 INFO             PET0 PIOc_sync Exit - MemInfo: [malloc] Total allocated space:                      19967232 Byte
20220314 061926.902 INFO             PET0 PIOc_sync Exit - MemInfo: [malloc] Total free space:                             602880 Byte
20220314 061926.902 INFO             PET0 PIOc_sync Exit - MemInfo: [malloc] Top-most, releasable space:                   134288 Byte
20220314 061926.902 INFO             PET0 PIOc_sync Exit - MemInfo: [malloc] Total space in use, mmap + non-mmap:        21548288 Byte
20220314 061926.902 INFO             PET0 PIOc_sync Exit - MemInfo: [malloc] Total space held (mmap + non-mmap):         22151168 Byte
20220314 061926.902 INFO             PET0 PIOc_sync Exit - MemInfo: [malloc] Total space used (mmap + non-mmap):         21557616 Byte
20220314 061926.902 INFO             PET0 PIOc_sync Exit - MemInfo: Wall-clock time since execution start:              0.0342901 seconds
20220314 061926.902 INFO             PET0 PIOc_freedecomp Enter - MemInfo: [/proc/meminfo - SSI]	MemTotal:       65507008 kB
20220314 061926.902 INFO             PET0 PIOc_freedecomp Enter - MemInfo: [/proc/meminfo - SSI]	MemFree:        49533508 kB
20220314 061926.902 INFO             PET0 PIOc_freedecomp Enter - MemInfo: [/proc/meminfo - SSI]	MemAvailable:   49299748 kB
20220314 061926.902 INFO             PET0 PIOc_freedecomp Enter - MemInfo: [/proc/meminfo - SSI]	Committed_AS:   13116232 kB
20220314 061926.902 INFO             PET0 PIOc_freedecomp Enter - MemInfo: [/proc/meminfo - SSI]	CommittedPercent: 20.0226 %
20220314 061926.902 INFO             PET0 PIOc_freedecomp Enter - MemInfo: [/proc/self/status]	VmPeak:	  531856 kB
20220314 061926.902 INFO             PET0 PIOc_freedecomp Enter - MemInfo: [/proc/self/status]	VmSize:	  523668 kB
20220314 061926.902 INFO             PET0 PIOc_freedecomp Enter - MemInfo: [/proc/self/status]	VmLck:	       0 kB
20220314 061926.902 INFO             PET0 PIOc_freedecomp Enter - MemInfo: [/proc/self/status]	VmPin:	       0 kB
20220314 061926.902 INFO             PET0 PIOc_freedecomp Enter - MemInfo: [/proc/self/status]	VmHWM:	   64892 kB
20220314 061926.902 INFO             PET0 PIOc_freedecomp Enter - MemInfo: [/proc/self/status]	VmRSS:	   36808 kB
20220314 061926.902 INFO             PET0 PIOc_freedecomp Enter - MemInfo: [/proc/self/status]	VmData:	   32164 kB
20220314 061926.902 INFO             PET0 PIOc_freedecomp Enter - MemInfo: [/proc/self/status]	VmStk:	     148 kB
20220314 061926.902 INFO             PET0 PIOc_freedecomp Enter - MemInfo: [/proc/self/status]	VmExe:	     268 kB
20220314 061926.902 INFO             PET0 PIOc_freedecomp Enter - MemInfo: [/proc/self/status]	VmLib:	   49272 kB
20220314 061926.902 INFO             PET0 PIOc_freedecomp Enter - MemInfo: [/proc/self/status]	VmPTE:	     772 kB
20220314 061926.902 INFO             PET0 PIOc_freedecomp Enter - MemInfo: [/proc/self/status]	VmPMD:	      12 kB
20220314 061926.902 INFO             PET0 PIOc_freedecomp Enter - MemInfo: [/proc/self/status]	VmSwap:	       0 kB
20220314 061926.902 INFO             PET0 PIOc_freedecomp Enter - MemInfo: [/proc/self/status]	VmRSSPercent: 0.0561894 %
20220314 061926.902 INFO             PET0 PIOc_freedecomp Enter - MemInfo: [malloc] Non-mmapped space allocated:                20570112 Byte
20220314 061926.902 INFO             PET0 PIOc_freedecomp Enter - MemInfo: [malloc] Space allocated in mmapped regions:          1581056 Byte
20220314 061926.902 INFO             PET0 PIOc_freedecomp Enter - MemInfo: [malloc] Maximum total allocated space:                     0 Byte
20220314 061926.902 INFO             PET0 PIOc_freedecomp Enter - MemInfo: [malloc] Space in freed fastbin blocks:                  1680 Byte
20220314 061926.902 INFO             PET0 PIOc_freedecomp Enter - MemInfo: [malloc] Total allocated space:                       2651728 Byte
20220314 061926.902 INFO             PET0 PIOc_freedecomp Enter - MemInfo: [malloc] Total free space:                           17918384 Byte
20220314 061926.902 INFO             PET0 PIOc_freedecomp Enter - MemInfo: [malloc] Top-most, releasable space:                 17435824 Byte
20220314 061926.902 INFO             PET0 PIOc_freedecomp Enter - MemInfo: [malloc] Total space in use, mmap + non-mmap:         4232784 Byte
20220314 061926.902 INFO             PET0 PIOc_freedecomp Enter - MemInfo: [malloc] Total space held (mmap + non-mmap):         22151168 Byte
20220314 061926.902 INFO             PET0 PIOc_freedecomp Enter - MemInfo: [malloc] Total space used (mmap + non-mmap):          4242112 Byte
20220314 061926.902 INFO             PET0 PIOc_freedecomp Enter - MemInfo: Wall-clock time since execution start:              0.0346699 seconds
20220314 061926.902 INFO             PET0 PIOc_freedecomp Exit - MemInfo: [/proc/meminfo - SSI]	MemTotal:       65507008 kB
20220314 061926.902 INFO             PET0 PIOc_freedecomp Exit - MemInfo: [/proc/meminfo - SSI]	MemFree:        49533508 kB
20220314 061926.902 INFO             PET0 PIOc_freedecomp Exit - MemInfo: [/proc/meminfo - SSI]	MemAvailable:   49299748 kB
20220314 061926.902 INFO             PET0 PIOc_freedecomp Exit - MemInfo: [/proc/meminfo - SSI]	Committed_AS:   13116232 kB
20220314 061926.902 INFO             PET0 PIOc_freedecomp Exit - MemInfo: [/proc/meminfo - SSI]	CommittedPercent: 20.0226 %
20220314 061926.902 INFO             PET0 PIOc_freedecomp Exit - MemInfo: [/proc/self/status]	VmPeak:	  531856 kB
20220314 061926.902 INFO             PET0 PIOc_freedecomp Exit - MemInfo: [/proc/self/status]	VmSize:	  523668 kB
20220314 061926.902 INFO             PET0 PIOc_freedecomp Exit - MemInfo: [/proc/self/status]	VmLck:	       0 kB
20220314 061926.902 INFO             PET0 PIOc_freedecomp Exit - MemInfo: [/proc/self/status]	VmPin:	       0 kB
20220314 061926.902 INFO             PET0 PIOc_freedecomp Exit - MemInfo: [/proc/self/status]	VmHWM:	   64892 kB
20220314 061926.902 INFO             PET0 PIOc_freedecomp Exit - MemInfo: [/proc/self/status]	VmRSS:	   36808 kB
20220314 061926.902 INFO             PET0 PIOc_freedecomp Exit - MemInfo: [/proc/self/status]	VmData:	   32164 kB
20220314 061926.902 INFO             PET0 PIOc_freedecomp Exit - MemInfo: [/proc/self/status]	VmStk:	     148 kB
20220314 061926.902 INFO             PET0 PIOc_freedecomp Exit - MemInfo: [/proc/self/status]	VmExe:	     268 kB
20220314 061926.902 INFO             PET0 PIOc_freedecomp Exit - MemInfo: [/proc/self/status]	VmLib:	   49272 kB
20220314 061926.902 INFO             PET0 PIOc_freedecomp Exit - MemInfo: [/proc/self/status]	VmPTE:	     772 kB
20220314 061926.902 INFO             PET0 PIOc_freedecomp Exit - MemInfo: [/proc/self/status]	VmPMD:	      12 kB
20220314 061926.902 INFO             PET0 PIOc_freedecomp Exit - MemInfo: [/proc/self/status]	VmSwap:	       0 kB
20220314 061926.902 INFO             PET0 PIOc_freedecomp Exit - MemInfo: [/proc/self/status]	VmRSSPercent: 0.0561894 %
20220314 061926.902 INFO             PET0 PIOc_freedecomp Exit - MemInfo: [malloc] Non-mmapped space allocated:                20570112 Byte
20220314 061926.902 INFO             PET0 PIOc_freedecomp Exit - MemInfo: [malloc] Space allocated in mmapped regions:          1581056 Byte
20220314 061926.902 INFO             PET0 PIOc_freedecomp Exit - MemInfo: [malloc] Maximum total allocated space:                     0 Byte
20220314 061926.902 INFO             PET0 PIOc_freedecomp Exit - MemInfo: [malloc] Space in freed fastbin blocks:                  1808 Byte
20220314 061926.902 INFO             PET0 PIOc_freedecomp Exit - MemInfo: [malloc] Total allocated space:                       2638784 Byte
20220314 061926.902 INFO             PET0 PIOc_freedecomp Exit - MemInfo: [malloc] Total free space:                           17931328 Byte
20220314 061926.902 INFO             PET0 PIOc_freedecomp Exit - MemInfo: [malloc] Top-most, releasable space:                 17435824 Byte
20220314 061926.902 INFO             PET0 PIOc_freedecomp Exit - MemInfo: [malloc] Total space in use, mmap + non-mmap:         4219840 Byte
20220314 061926.902 INFO             PET0 PIOc_freedecomp Exit - MemInfo: [malloc] Total space held (mmap + non-mmap):         22151168 Byte
20220314 061926.902 INFO             PET0 PIOc_freedecomp Exit - MemInfo: [malloc] Total space used (mmap + non-mmap):          4229168 Byte
20220314 061926.902 INFO             PET0 PIOc_freedecomp Exit - MemInfo: Wall-clock time since execution start:              0.0350197 seconds
20220314 061926.903 INFO             PET0  PASS  Write multiple Fields with same dimensions to a file, ESMF_FieldIOUTest.F90, line 292
20220314 061926.903 INFO             PET0  PASS  Create grid for field metadata test, ESMF_FieldIOUTest.F90, line 309
20220314 061926.903 INFO             PET0  PASS  Create field with global indices, ESMF_FieldIOUTest.F90, line 316
20220314 061926.903 INFO             PET0  PASS  Get Farray_md from field, ESMF_FieldIOUTest.F90, line 324
20220314 061926.904 INFO             PET0 PIOc_sync Enter - MemInfo: [/proc/meminfo - SSI]	MemTotal:       65507008 kB
20220314 061926.904 INFO             PET0 PIOc_sync Enter - MemInfo: [/proc/meminfo - SSI]	MemFree:        49533508 kB
20220314 061926.904 INFO             PET0 PIOc_sync Enter - MemInfo: [/proc/meminfo - SSI]	MemAvailable:   49299748 kB
20220314 061926.904 INFO             PET0 PIOc_sync Enter - MemInfo: [/proc/meminfo - SSI]	Committed_AS:   13116232 kB
20220314 061926.904 INFO             PET0 PIOc_sync Enter - MemInfo: [/proc/meminfo - SSI]	CommittedPercent: 20.0226 %
20220314 061926.904 INFO             PET0 PIOc_sync Enter - MemInfo: [/proc/self/status]	VmPeak:	  531856 kB
20220314 061926.904 INFO             PET0 PIOc_sync Enter - MemInfo: [/proc/self/status]	VmSize:	  523668 kB
20220314 061926.904 INFO             PET0 PIOc_sync Enter - MemInfo: [/proc/self/status]	VmLck:	       0 kB
20220314 061926.904 INFO             PET0 PIOc_sync Enter - MemInfo: [/proc/self/status]	VmPin:	       0 kB
20220314 061926.904 INFO             PET0 PIOc_sync Enter - MemInfo: [/proc/self/status]	VmHWM:	   64892 kB
20220314 061926.904 INFO             PET0 PIOc_sync Enter - MemInfo: [/proc/self/status]	VmRSS:	   36812 kB
20220314 061926.904 INFO             PET0 PIOc_sync Enter - MemInfo: [/proc/self/status]	VmData:	   32164 kB
20220314 061926.904 INFO             PET0 PIOc_sync Enter - MemInfo: [/proc/self/status]	VmStk:	     148 kB
20220314 061926.904 INFO             PET0 PIOc_sync Enter - MemInfo: [/proc/self/status]	VmExe:	     268 kB
20220314 061926.904 INFO             PET0 PIOc_sync Enter - MemInfo: [/proc/self/status]	VmLib:	   49272 kB
20220314 061926.904 INFO             PET0 PIOc_sync Enter - MemInfo: [/proc/self/status]	VmPTE:	     772 kB
20220314 061926.904 INFO             PET0 PIOc_sync Enter - MemInfo: [/proc/self/status]	VmPMD:	      12 kB
20220314 061926.904 INFO             PET0 PIOc_sync Enter - MemInfo: [/proc/self/status]	VmSwap:	       0 kB
20220314 061926.905 INFO             PET0 PIOc_sync Enter - MemInfo: [/proc/self/status]	VmRSSPercent: 0.0561955 %
20220314 061926.905 INFO             PET0 PIOc_sync Enter - MemInfo: [malloc] Non-mmapped space allocated:                20570112 Byte
20220314 061926.905 INFO             PET0 PIOc_sync Enter - MemInfo: [malloc] Space allocated in mmapped regions:          1581056 Byte
20220314 061926.905 INFO             PET0 PIOc_sync Enter - MemInfo: [malloc] Maximum total allocated space:                     0 Byte
20220314 061926.905 INFO             PET0 PIOc_sync Enter - MemInfo: [malloc] Space in freed fastbin blocks:                  1536 Byte
20220314 061926.905 INFO             PET0 PIOc_sync Enter - MemInfo: [malloc] Total allocated space:                      19978400 Byte
20220314 061926.905 INFO             PET0 PIOc_sync Enter - MemInfo: [malloc] Total free space:                             591712 Byte
20220314 061926.905 INFO             PET0 PIOc_sync Enter - MemInfo: [malloc] Top-most, releasable space:                   134288 Byte
20220314 061926.905 INFO             PET0 PIOc_sync Enter - MemInfo: [malloc] Total space in use, mmap + non-mmap:        21559456 Byte
20220314 061926.905 INFO             PET0 PIOc_sync Enter - MemInfo: [malloc] Total space held (mmap + non-mmap):         22151168 Byte
20220314 061926.905 INFO             PET0 PIOc_sync Enter - MemInfo: [malloc] Total space used (mmap + non-mmap):         21568784 Byte
20220314 061926.905 INFO             PET0 PIOc_sync Enter - MemInfo: Wall-clock time since execution start:              0.0371441 seconds
20220314 061926.905 INFO             PET0 PIOc_sync Exit - MemInfo: [/proc/meminfo - SSI]	MemTotal:       65507008 kB
20220314 061926.905 INFO             PET0 PIOc_sync Exit - MemInfo: [/proc/meminfo - SSI]	MemFree:        49533508 kB
20220314 061926.905 INFO             PET0 PIOc_sync Exit - MemInfo: [/proc/meminfo - SSI]	MemAvailable:   49299748 kB
20220314 061926.905 INFO             PET0 PIOc_sync Exit - MemInfo: [/proc/meminfo - SSI]	Committed_AS:   13116232 kB
20220314 061926.905 INFO             PET0 PIOc_sync Exit - MemInfo: [/proc/meminfo - SSI]	CommittedPercent: 20.0226 %
20220314 061926.905 INFO             PET0 PIOc_sync Exit - MemInfo: [/proc/self/status]	VmPeak:	  531856 kB
20220314 061926.905 INFO             PET0 PIOc_sync Exit - MemInfo: [/proc/self/status]	VmSize:	  523668 kB
20220314 061926.905 INFO             PET0 PIOc_sync Exit - MemInfo: [/proc/self/status]	VmLck:	       0 kB
20220314 061926.905 INFO             PET0 PIOc_sync Exit - MemInfo: [/proc/self/status]	VmPin:	       0 kB
20220314 061926.905 INFO             PET0 PIOc_sync Exit - MemInfo: [/proc/self/status]	VmHWM:	   64892 kB
20220314 061926.905 INFO             PET0 PIOc_sync Exit - MemInfo: [/proc/self/status]	VmRSS:	   36812 kB
20220314 061926.905 INFO             PET0 PIOc_sync Exit - MemInfo: [/proc/self/status]	VmData:	   32164 kB
20220314 061926.905 INFO             PET0 PIOc_sync Exit - MemInfo: [/proc/self/status]	VmStk:	     148 kB
20220314 061926.905 INFO             PET0 PIOc_sync Exit - MemInfo: [/proc/self/status]	VmExe:	     268 kB
20220314 061926.905 INFO             PET0 PIOc_sync Exit - MemInfo: [/proc/self/status]	VmLib:	   49272 kB
20220314 061926.905 INFO             PET0 PIOc_sync Exit - MemInfo: [/proc/self/status]	VmPTE:	     772 kB
20220314 061926.905 INFO             PET0 PIOc_sync Exit - MemInfo: [/proc/self/status]	VmPMD:	      12 kB
20220314 061926.905 INFO             PET0 PIOc_sync Exit - MemInfo: [/proc/self/status]	VmSwap:	       0 kB
20220314 061926.905 INFO             PET0 PIOc_sync Exit - MemInfo: [/proc/self/status]	VmRSSPercent: 0.0561955 %
20220314 061926.905 INFO             PET0 PIOc_sync Exit - MemInfo: [malloc] Non-mmapped space allocated:                20570112 Byte
20220314 061926.905 INFO             PET0 PIOc_sync Exit - MemInfo: [malloc] Space allocated in mmapped regions:          1581056 Byte
20220314 061926.905 INFO             PET0 PIOc_sync Exit - MemInfo: [malloc] Maximum total allocated space:                     0 Byte
20220314 061926.905 INFO             PET0 PIOc_sync Exit - MemInfo: [malloc] Space in freed fastbin blocks:                  1712 Byte
20220314 061926.905 INFO             PET0 PIOc_sync Exit - MemInfo: [malloc] Total allocated space:                      20028448 Byte
20220314 061926.905 INFO             PET0 PIOc_sync Exit - MemInfo: [malloc] Total free space:                             541664 Byte
20220314 061926.905 INFO             PET0 PIOc_sync Exit - MemInfo: [malloc] Top-most, releasable space:                   134288 Byte
20220314 061926.905 INFO             PET0 PIOc_sync Exit - MemInfo: [malloc] Total space in use, mmap + non-mmap:        21609504 Byte
20220314 061926.905 INFO             PET0 PIOc_sync Exit - MemInfo: [malloc] Total space held (mmap + non-mmap):         22151168 Byte
20220314 061926.905 INFO             PET0 PIOc_sync Exit - MemInfo: [malloc] Total space used (mmap + non-mmap):         21618832 Byte
20220314 061926.905 INFO             PET0 PIOc_sync Exit - MemInfo: Wall-clock time since execution start:              0.0376256 seconds
20220314 061926.905 INFO             PET0 PIOc_freedecomp Enter - MemInfo: [/proc/meminfo - SSI]	MemTotal:       65507008 kB
20220314 061926.905 INFO             PET0 PIOc_freedecomp Enter - MemInfo: [/proc/meminfo - SSI]	MemFree:        49533508 kB
20220314 061926.905 INFO             PET0 PIOc_freedecomp Enter - MemInfo: [/proc/meminfo - SSI]	MemAvailable:   49299748 kB
20220314 061926.905 INFO             PET0 PIOc_freedecomp Enter - MemInfo: [/proc/meminfo - SSI]	Committed_AS:   13116232 kB
20220314 061926.905 INFO             PET0 PIOc_freedecomp Enter - MemInfo: [/proc/meminfo - SSI]	CommittedPercent: 20.0226 %
20220314 061926.905 INFO             PET0 PIOc_freedecomp Enter - MemInfo: [/proc/self/status]	VmPeak:	  531856 kB
20220314 061926.905 INFO             PET0 PIOc_freedecomp Enter - MemInfo: [/proc/self/status]	VmSize:	  523668 kB
20220314 061926.905 INFO             PET0 PIOc_freedecomp Enter - MemInfo: [/proc/self/status]	VmLck:	       0 kB
20220314 061926.905 INFO             PET0 PIOc_freedecomp Enter - MemInfo: [/proc/self/status]	VmPin:	       0 kB
20220314 061926.905 INFO             PET0 PIOc_freedecomp Enter - MemInfo: [/proc/self/status]	VmHWM:	   64892 kB
20220314 061926.905 INFO             PET0 PIOc_freedecomp Enter - MemInfo: [/proc/self/status]	VmRSS:	   36812 kB
20220314 061926.905 INFO             PET0 PIOc_freedecomp Enter - MemInfo: [/proc/self/status]	VmData:	   32164 kB
20220314 061926.905 INFO             PET0 PIOc_freedecomp Enter - MemInfo: [/proc/self/status]	VmStk:	     148 kB
20220314 061926.905 INFO             PET0 PIOc_freedecomp Enter - MemInfo: [/proc/self/status]	VmExe:	     268 kB
20220314 061926.905 INFO             PET0 PIOc_freedecomp Enter - MemInfo: [/proc/self/status]	VmLib:	   49272 kB
20220314 061926.905 INFO             PET0 PIOc_freedecomp Enter - MemInfo: [/proc/self/status]	VmPTE:	     772 kB
20220314 061926.905 INFO             PET0 PIOc_freedecomp Enter - MemInfo: [/proc/self/status]	VmPMD:	      12 kB
20220314 061926.905 INFO             PET0 PIOc_freedecomp Enter - MemInfo: [/proc/self/status]	VmSwap:	       0 kB
20220314 061926.905 INFO             PET0 PIOc_freedecomp Enter - MemInfo: [/proc/self/status]	VmRSSPercent: 0.0561955 %
20220314 061926.905 INFO             PET0 PIOc_freedecomp Enter - MemInfo: [malloc] Non-mmapped space allocated:                20570112 Byte
20220314 061926.905 INFO             PET0 PIOc_freedecomp Enter - MemInfo: [malloc] Space allocated in mmapped regions:          1581056 Byte
20220314 061926.905 INFO             PET0 PIOc_freedecomp Enter - MemInfo: [malloc] Maximum total allocated space:                     0 Byte
20220314 061926.905 INFO             PET0 PIOc_freedecomp Enter - MemInfo: [malloc] Space in freed fastbin blocks:                  1584 Byte
20220314 061926.905 INFO             PET0 PIOc_freedecomp Enter - MemInfo: [malloc] Total allocated space:                       2713648 Byte
20220314 061926.905 INFO             PET0 PIOc_freedecomp Enter - MemInfo: [malloc] Total free space:                           17856464 Byte
20220314 061926.905 INFO             PET0 PIOc_freedecomp Enter - MemInfo: [malloc] Top-most, releasable space:                 17435824 Byte
20220314 061926.905 INFO             PET0 PIOc_freedecomp Enter - MemInfo: [malloc] Total space in use, mmap + non-mmap:         4294704 Byte
20220314 061926.905 INFO             PET0 PIOc_freedecomp Enter - MemInfo: [malloc] Total space held (mmap + non-mmap):         22151168 Byte
20220314 061926.905 INFO             PET0 PIOc_freedecomp Enter - MemInfo: [malloc] Total space used (mmap + non-mmap):          4304032 Byte
20220314 061926.905 INFO             PET0 PIOc_freedecomp Enter - MemInfo: Wall-clock time since execution start:              0.0379884 seconds
20220314 061926.905 INFO             PET0 PIOc_freedecomp Exit - MemInfo: [/proc/meminfo - SSI]	MemTotal:       65507008 kB
20220314 061926.906 INFO             PET0 PIOc_freedecomp Exit - MemInfo: [/proc/meminfo - SSI]	MemFree:        49533508 kB
20220314 061926.906 INFO             PET0 PIOc_freedecomp Exit - MemInfo: [/proc/meminfo - SSI]	MemAvailable:   49299748 kB
20220314 061926.906 INFO             PET0 PIOc_freedecomp Exit - MemInfo: [/proc/meminfo - SSI]	Committed_AS:   13116232 kB
20220314 061926.906 INFO             PET0 PIOc_freedecomp Exit - MemInfo: [/proc/meminfo - SSI]	CommittedPercent: 20.0226 %
20220314 061926.906 INFO             PET0 PIOc_freedecomp Exit - MemInfo: [/proc/self/status]	VmPeak:	  531856 kB
20220314 061926.906 INFO             PET0 PIOc_freedecomp Exit - MemInfo: [/proc/self/status]	VmSize:	  523668 kB
20220314 061926.906 INFO             PET0 PIOc_freedecomp Exit - MemInfo: [/proc/self/status]	VmLck:	       0 kB
20220314 061926.906 INFO             PET0 PIOc_freedecomp Exit - MemInfo: [/proc/self/status]	VmPin:	       0 kB
20220314 061926.906 INFO             PET0 PIOc_freedecomp Exit - MemInfo: [/proc/self/status]	VmHWM:	   64892 kB
20220314 061926.906 INFO             PET0 PIOc_freedecomp Exit - MemInfo: [/proc/self/status]	VmRSS:	   36812 kB
20220314 061926.906 INFO             PET0 PIOc_freedecomp Exit - MemInfo: [/proc/self/status]	VmData:	   32164 kB
20220314 061926.906 INFO             PET0 PIOc_freedecomp Exit - MemInfo: [/proc/self/status]	VmStk:	     148 kB
20220314 061926.906 INFO             PET0 PIOc_freedecomp Exit - MemInfo: [/proc/self/status]	VmExe:	     268 kB
20220314 061926.906 INFO             PET0 PIOc_freedecomp Exit - MemInfo: [/proc/self/status]	VmLib:	   49272 kB
20220314 061926.906 INFO             PET0 PIOc_freedecomp Exit - MemInfo: [/proc/self/status]	VmPTE:	     772 kB
20220314 061926.906 INFO             PET0 PIOc_freedecomp Exit - MemInfo: [/proc/self/status]	VmPMD:	      12 kB
20220314 061926.906 INFO             PET0 PIOc_freedecomp Exit - MemInfo: [/proc/self/status]	VmSwap:	       0 kB
20220314 061926.906 INFO             PET0 PIOc_freedecomp Exit - MemInfo: [/proc/self/status]	VmRSSPercent: 0.0561955 %
20220314 061926.906 INFO             PET0 PIOc_freedecomp Exit - MemInfo: [malloc] Non-mmapped space allocated:                20570112 Byte
20220314 061926.906 INFO             PET0 PIOc_freedecomp Exit - MemInfo: [malloc] Space allocated in mmapped regions:          1581056 Byte
20220314 061926.906 INFO             PET0 PIOc_freedecomp Exit - MemInfo: [malloc] Maximum total allocated space:                     0 Byte
20220314 061926.906 INFO             PET0 PIOc_freedecomp Exit - MemInfo: [malloc] Space in freed fastbin blocks:                  1696 Byte
20220314 061926.906 INFO             PET0 PIOc_freedecomp Exit - MemInfo: [malloc] Total allocated space:                       2655312 Byte
20220314 061926.906 INFO             PET0 PIOc_freedecomp Exit - MemInfo: [malloc] Total free space:                           17914800 Byte
20220314 061926.906 INFO             PET0 PIOc_freedecomp Exit - MemInfo: [malloc] Top-most, releasable space:                 17435824 Byte
20220314 061926.906 INFO             PET0 PIOc_freedecomp Exit - MemInfo: [malloc] Total space in use, mmap + non-mmap:         4236368 Byte
20220314 061926.906 INFO             PET0 PIOc_freedecomp Exit - MemInfo: [malloc] Total space held (mmap + non-mmap):         22151168 Byte
20220314 061926.906 INFO             PET0 PIOc_freedecomp Exit - MemInfo: [malloc] Total space used (mmap + non-mmap):          4245696 Byte
20220314 061926.906 INFO             PET0 PIOc_freedecomp Exit - MemInfo: Wall-clock time since execution start:              0.0383303 seconds
20220314 061926.906 INFO             PET0  PASS  Write Field to NetCDF file, ESMF_FieldIOUTest.F90, line 348
20220314 061926.906 INFO             PET0  PASS  Confirm NetCDF metadata - open file, ESMF_FieldIOUTest.F90, line 359
20220314 061926.906 INFO             PET0  PASS  Confirm NetCDF metadata - check dim 1, ESMF_FieldIOUTest.F90, line 369
20220314 061926.906 INFO             PET0  PASS  Confirm NetCDF metadata - check dim 1 len, ESMF_FieldIOUTest.F90, line 379
20220314 061926.906 INFO             PET0  PASS  Confirm NetCDF metadata - check dim 2, ESMF_FieldIOUTest.F90, line 389
20220314 061926.906 INFO             PET0  PASS  Confirm NetCDF metadata - check dim 2 len, ESMF_FieldIOUTest.F90, line 399
20220314 061926.906 INFO             PET0  PASS  Confirm NetCDF metadata - variable exists, ESMF_FieldIOUTest.F90, line 409
20220314 061926.907 INFO             PET0  PASS  Confirm NetCDF metadata - variable has expected dims, ESMF_FieldIOUTest.F90, line 420
20220314 061926.907 INFO             PET0  PASS  Confirm NetCDF data - check data for field, ESMF_FieldIOUTest.F90, line 445
20220314 061926.907 INFO             PET0  PASS  Confirm NetCDF data - close file, ESMF_FieldIOUTest.F90, line 456
20220314 061926.914 INFO             PET0 PIOc_sync Enter - MemInfo: [/proc/meminfo - SSI]	MemTotal:       65507008 kB
20220314 061926.914 INFO             PET0 PIOc_sync Enter - MemInfo: [/proc/meminfo - SSI]	MemFree:        49530988 kB
20220314 061926.914 INFO             PET0 PIOc_sync Enter - MemInfo: [/proc/meminfo - SSI]	MemAvailable:   49297228 kB
20220314 061926.914 INFO             PET0 PIOc_sync Enter - MemInfo: [/proc/meminfo - SSI]	Committed_AS:   13115636 kB
20220314 061926.914 INFO             PET0 PIOc_sync Enter - MemInfo: [/proc/meminfo - SSI]	CommittedPercent: 20.0217 %
20220314 061926.914 INFO             PET0 PIOc_sync Enter - MemInfo: [/proc/self/status]	VmPeak:	  531856 kB
20220314 061926.914 INFO             PET0 PIOc_sync Enter - MemInfo: [/proc/self/status]	VmSize:	  523668 kB
20220314 061926.914 INFO             PET0 PIOc_sync Enter - MemInfo: [/proc/self/status]	VmLck:	       0 kB
20220314 061926.914 INFO             PET0 PIOc_sync Enter - MemInfo: [/proc/self/status]	VmPin:	       0 kB
20220314 061926.914 INFO             PET0 PIOc_sync Enter - MemInfo: [/proc/self/status]	VmHWM:	   64892 kB
20220314 061926.914 INFO             PET0 PIOc_sync Enter - MemInfo: [/proc/self/status]	VmRSS:	   36896 kB
20220314 061926.914 INFO             PET0 PIOc_sync Enter - MemInfo: [/proc/self/status]	VmData:	   32164 kB
20220314 061926.914 INFO             PET0 PIOc_sync Enter - MemInfo: [/proc/self/status]	VmStk:	     148 kB
20220314 061926.914 INFO             PET0 PIOc_sync Enter - MemInfo: [/proc/self/status]	VmExe:	     268 kB
20220314 061926.914 INFO             PET0 PIOc_sync Enter - MemInfo: [/proc/self/status]	VmLib:	   49272 kB
20220314 061926.914 INFO             PET0 PIOc_sync Enter - MemInfo: [/proc/self/status]	VmPTE:	     772 kB
20220314 061926.914 INFO             PET0 PIOc_sync Enter - MemInfo: [/proc/self/status]	VmPMD:	      12 kB
20220314 061926.914 INFO             PET0 PIOc_sync Enter - MemInfo: [/proc/self/status]	VmSwap:	       0 kB
20220314 061926.914 INFO             PET0 PIOc_sync Enter - MemInfo: [/proc/self/status]	VmRSSPercent: 0.0563237 %
20220314 061926.914 INFO             PET0 PIOc_sync Enter - MemInfo: [malloc] Non-mmapped space allocated:                20570112 Byte
20220314 061926.914 INFO             PET0 PIOc_sync Enter - MemInfo: [malloc] Space allocated in mmapped regions:          1581056 Byte
20220314 061926.914 INFO             PET0 PIOc_sync Enter - MemInfo: [malloc] Maximum total allocated space:                     0 Byte
20220314 061926.914 INFO             PET0 PIOc_sync Enter - MemInfo: [malloc] Space in freed fastbin blocks:                  1632 Byte
20220314 061926.914 INFO             PET0 PIOc_sync Enter - MemInfo: [malloc] Total allocated space:                      19981744 Byte
20220314 061926.914 INFO             PET0 PIOc_sync Enter - MemInfo: [malloc] Total free space:                             588368 Byte
20220314 061926.914 INFO             PET0 PIOc_sync Enter - MemInfo: [malloc] Top-most, releasable space:                   134288 Byte
20220314 061926.914 INFO             PET0 PIOc_sync Enter - MemInfo: [malloc] Total space in use, mmap + non-mmap:        21562800 Byte
20220314 061926.914 INFO             PET0 PIOc_sync Enter - MemInfo: [malloc] Total space held (mmap + non-mmap):         22151168 Byte
20220314 061926.914 INFO             PET0 PIOc_sync Enter - MemInfo: [malloc] Total space used (mmap + non-mmap):         21572128 Byte
20220314 061926.914 INFO             PET0 PIOc_sync Enter - MemInfo: Wall-clock time since execution start:              0.0464626 seconds
20220314 061926.914 INFO             PET0 PIOc_sync Exit - MemInfo: [/proc/meminfo - SSI]	MemTotal:       65507008 kB
20220314 061926.914 INFO             PET0 PIOc_sync Exit - MemInfo: [/proc/meminfo - SSI]	MemFree:        49530988 kB
20220314 061926.914 INFO             PET0 PIOc_sync Exit - MemInfo: [/proc/meminfo - SSI]	MemAvailable:   49297228 kB
20220314 061926.914 INFO             PET0 PIOc_sync Exit - MemInfo: [/proc/meminfo - SSI]	Committed_AS:   13115636 kB
20220314 061926.914 INFO             PET0 PIOc_sync Exit - MemInfo: [/proc/meminfo - SSI]	CommittedPercent: 20.0217 %
20220314 061926.914 INFO             PET0 PIOc_sync Exit - MemInfo: [/proc/self/status]	VmPeak:	  531856 kB
20220314 061926.914 INFO             PET0 PIOc_sync Exit - MemInfo: [/proc/self/status]	VmSize:	  523668 kB
20220314 061926.914 INFO             PET0 PIOc_sync Exit - MemInfo: [/proc/self/status]	VmLck:	       0 kB
20220314 061926.914 INFO             PET0 PIOc_sync Exit - MemInfo: [/proc/self/status]	VmPin:	       0 kB
20220314 061926.914 INFO             PET0 PIOc_sync Exit - MemInfo: [/proc/self/status]	VmHWM:	   64892 kB
20220314 061926.914 INFO             PET0 PIOc_sync Exit - MemInfo: [/proc/self/status]	VmRSS:	   36896 kB
20220314 061926.914 INFO             PET0 PIOc_sync Exit - MemInfo: [/proc/self/status]	VmData:	   32164 kB
20220314 061926.914 INFO             PET0 PIOc_sync Exit - MemInfo: [/proc/self/status]	VmStk:	     148 kB
20220314 061926.914 INFO             PET0 PIOc_sync Exit - MemInfo: [/proc/self/status]	VmExe:	     268 kB
20220314 061926.914 INFO             PET0 PIOc_sync Exit - MemInfo: [/proc/self/status]	VmLib:	   49272 kB
20220314 061926.914 INFO             PET0 PIOc_sync Exit - MemInfo: [/proc/self/status]	VmPTE:	     772 kB
20220314 061926.914 INFO             PET0 PIOc_sync Exit - MemInfo: [/proc/self/status]	VmPMD:	      12 kB
20220314 061926.914 INFO             PET0 PIOc_sync Exit - MemInfo: [/proc/self/status]	VmSwap:	       0 kB
20220314 061926.914 INFO             PET0 PIOc_sync Exit - MemInfo: [/proc/self/status]	VmRSSPercent: 0.0563237 %
20220314 061926.914 INFO             PET0 PIOc_sync Exit - MemInfo: [malloc] Non-mmapped space allocated:                20570112 Byte
20220314 061926.914 INFO             PET0 PIOc_sync Exit - MemInfo: [malloc] Space allocated in mmapped regions:          1581056 Byte
20220314 061926.914 INFO             PET0 PIOc_sync Exit - MemInfo: [malloc] Maximum total allocated space:                     0 Byte
20220314 061926.914 INFO             PET0 PIOc_sync Exit - MemInfo: [malloc] Space in freed fastbin blocks:                  1536 Byte
20220314 061926.914 INFO             PET0 PIOc_sync Exit - MemInfo: [malloc] Total allocated space:                      19991232 Byte
20220314 061926.914 INFO             PET0 PIOc_sync Exit - MemInfo: [malloc] Total free space:                             578880 Byte
20220314 061926.914 INFO             PET0 PIOc_sync Exit - MemInfo: [malloc] Top-most, releasable space:                   134288 Byte
20220314 061926.914 INFO             PET0 PIOc_sync Exit - MemInfo: [malloc] Total space in use, mmap + non-mmap:        21572288 Byte
20220314 061926.914 INFO             PET0 PIOc_sync Exit - MemInfo: [malloc] Total space held (mmap + non-mmap):         22151168 Byte
20220314 061926.914 INFO             PET0 PIOc_sync Exit - MemInfo: [malloc] Total space used (mmap + non-mmap):         21581616 Byte
20220314 061926.914 INFO             PET0 PIOc_sync Exit - MemInfo: Wall-clock time since execution start:              0.0469455 seconds
20220314 061926.914 INFO             PET0 PIOc_freedecomp Enter - MemInfo: [/proc/meminfo - SSI]	MemTotal:       65507008 kB
20220314 061926.914 INFO             PET0 PIOc_freedecomp Enter - MemInfo: [/proc/meminfo - SSI]	MemFree:        49530988 kB
20220314 061926.915 INFO             PET0 PIOc_freedecomp Enter - MemInfo: [/proc/meminfo - SSI]	MemAvailable:   49297228 kB
20220314 061926.915 INFO             PET0 PIOc_freedecomp Enter - MemInfo: [/proc/meminfo - SSI]	Committed_AS:   13115636 kB
20220314 061926.915 INFO             PET0 PIOc_freedecomp Enter - MemInfo: [/proc/meminfo - SSI]	CommittedPercent: 20.0217 %
20220314 061926.915 INFO             PET0 PIOc_freedecomp Enter - MemInfo: [/proc/self/status]	VmPeak:	  531856 kB
20220314 061926.915 INFO             PET0 PIOc_freedecomp Enter - MemInfo: [/proc/self/status]	VmSize:	  523668 kB
20220314 061926.915 INFO             PET0 PIOc_freedecomp Enter - MemInfo: [/proc/self/status]	VmLck:	       0 kB
20220314 061926.915 INFO             PET0 PIOc_freedecomp Enter - MemInfo: [/proc/self/status]	VmPin:	       0 kB
20220314 061926.915 INFO             PET0 PIOc_freedecomp Enter - MemInfo: [/proc/self/status]	VmHWM:	   64892 kB
20220314 061926.915 INFO             PET0 PIOc_freedecomp Enter - MemInfo: [/proc/self/status]	VmRSS:	   36896 kB
20220314 061926.915 INFO             PET0 PIOc_freedecomp Enter - MemInfo: [/proc/self/status]	VmData:	   32164 kB
20220314 061926.915 INFO             PET0 PIOc_freedecomp Enter - MemInfo: [/proc/self/status]	VmStk:	     148 kB
20220314 061926.915 INFO             PET0 PIOc_freedecomp Enter - MemInfo: [/proc/self/status]	VmExe:	     268 kB
20220314 061926.915 INFO             PET0 PIOc_freedecomp Enter - MemInfo: [/proc/self/status]	VmLib:	   49272 kB
20220314 061926.915 INFO             PET0 PIOc_freedecomp Enter - MemInfo: [/proc/self/status]	VmPTE:	     772 kB
20220314 061926.915 INFO             PET0 PIOc_freedecomp Enter - MemInfo: [/proc/self/status]	VmPMD:	      12 kB
20220314 061926.915 INFO             PET0 PIOc_freedecomp Enter - MemInfo: [/proc/self/status]	VmSwap:	       0 kB
20220314 061926.915 INFO             PET0 PIOc_freedecomp Enter - MemInfo: [/proc/self/status]	VmRSSPercent: 0.0563237 %
20220314 061926.915 INFO             PET0 PIOc_freedecomp Enter - MemInfo: [malloc] Non-mmapped space allocated:                20570112 Byte
20220314 061926.915 INFO             PET0 PIOc_freedecomp Enter - MemInfo: [malloc] Space allocated in mmapped regions:          1581056 Byte
20220314 061926.915 INFO             PET0 PIOc_freedecomp Enter - MemInfo: [malloc] Maximum total allocated space:                     0 Byte
20220314 061926.915 INFO             PET0 PIOc_freedecomp Enter - MemInfo: [malloc] Space in freed fastbin blocks:                  1584 Byte
20220314 061926.915 INFO             PET0 PIOc_freedecomp Enter - MemInfo: [malloc] Total allocated space:                       2676336 Byte
20220314 061926.915 INFO             PET0 PIOc_freedecomp Enter - MemInfo: [malloc] Total free space:                           17893776 Byte
20220314 061926.915 INFO             PET0 PIOc_freedecomp Enter - MemInfo: [malloc] Top-most, releasable space:                 17435824 Byte
20220314 061926.915 INFO             PET0 PIOc_freedecomp Enter - MemInfo: [malloc] Total space in use, mmap + non-mmap:         4257392 Byte
20220314 061926.915 INFO             PET0 PIOc_freedecomp Enter - MemInfo: [malloc] Total space held (mmap + non-mmap):         22151168 Byte
20220314 061926.915 INFO             PET0 PIOc_freedecomp Enter - MemInfo: [malloc] Total space used (mmap + non-mmap):          4266720 Byte
20220314 061926.915 INFO             PET0 PIOc_freedecomp Enter - MemInfo: Wall-clock time since execution start:              0.0473216 seconds
20220314 061926.915 INFO             PET0 PIOc_freedecomp Exit - MemInfo: [/proc/meminfo - SSI]	MemTotal:       65507008 kB
20220314 061926.915 INFO             PET0 PIOc_freedecomp Exit - MemInfo: [/proc/meminfo - SSI]	MemFree:        49530988 kB
20220314 061926.915 INFO             PET0 PIOc_freedecomp Exit - MemInfo: [/proc/meminfo - SSI]	MemAvailable:   49297228 kB
20220314 061926.915 INFO             PET0 PIOc_freedecomp Exit - MemInfo: [/proc/meminfo - SSI]	Committed_AS:   13115636 kB
20220314 061926.915 INFO             PET0 PIOc_freedecomp Exit - MemInfo: [/proc/meminfo - SSI]	CommittedPercent: 20.0217 %
20220314 061926.915 INFO             PET0 PIOc_freedecomp Exit - MemInfo: [/proc/self/status]	VmPeak:	  531856 kB
20220314 061926.915 INFO             PET0 PIOc_freedecomp Exit - MemInfo: [/proc/self/status]	VmSize:	  523668 kB
20220314 061926.915 INFO             PET0 PIOc_freedecomp Exit - MemInfo: [/proc/self/status]	VmLck:	       0 kB
20220314 061926.915 INFO             PET0 PIOc_freedecomp Exit - MemInfo: [/proc/self/status]	VmPin:	       0 kB
20220314 061926.915 INFO             PET0 PIOc_freedecomp Exit - MemInfo: [/proc/self/status]	VmHWM:	   64892 kB
20220314 061926.915 INFO             PET0 PIOc_freedecomp Exit - MemInfo: [/proc/self/status]	VmRSS:	   36896 kB
20220314 061926.915 INFO             PET0 PIOc_freedecomp Exit - MemInfo: [/proc/self/status]	VmData:	   32164 kB
20220314 061926.915 INFO             PET0 PIOc_freedecomp Exit - MemInfo: [/proc/self/status]	VmStk:	     148 kB
20220314 061926.915 INFO             PET0 PIOc_freedecomp Exit - MemInfo: [/proc/self/status]	VmExe:	     268 kB
20220314 061926.915 INFO             PET0 PIOc_freedecomp Exit - MemInfo: [/proc/self/status]	VmLib:	   49272 kB
20220314 061926.915 INFO             PET0 PIOc_freedecomp Exit - MemInfo: [/proc/self/status]	VmPTE:	     772 kB
20220314 061926.915 INFO             PET0 PIOc_freedecomp Exit - MemInfo: [/proc/self/status]	VmPMD:	      12 kB
20220314 061926.915 INFO             PET0 PIOc_freedecomp Exit - MemInfo: [/proc/self/status]	VmSwap:	       0 kB
20220314 061926.915 INFO             PET0 PIOc_freedecomp Exit - MemInfo: [/proc/self/status]	VmRSSPercent: 0.0563237 %
20220314 061926.915 INFO             PET0 PIOc_freedecomp Exit - MemInfo: [malloc] Non-mmapped space allocated:                20570112 Byte
20220314 061926.915 INFO             PET0 PIOc_freedecomp Exit - MemInfo: [malloc] Space allocated in mmapped regions:          1581056 Byte
20220314 061926.915 INFO             PET0 PIOc_freedecomp Exit - MemInfo: [malloc] Maximum total allocated space:                     0 Byte
20220314 061926.915 INFO             PET0 PIOc_freedecomp Exit - MemInfo: [malloc] Space in freed fastbin blocks:                  1536 Byte
20220314 061926.915 INFO             PET0 PIOc_freedecomp Exit - MemInfo: [malloc] Total allocated space:                       2661248 Byte
20220314 061926.915 INFO             PET0 PIOc_freedecomp Exit - MemInfo: [malloc] Total free space:                           17908864 Byte
20220314 061926.915 INFO             PET0 PIOc_freedecomp Exit - MemInfo: [malloc] Top-most, releasable space:                 17435824 Byte
20220314 061926.915 INFO             PET0 PIOc_freedecomp Exit - MemInfo: [malloc] Total space in use, mmap + non-mmap:         4242304 Byte
20220314 061926.915 INFO             PET0 PIOc_freedecomp Exit - MemInfo: [malloc] Total space held (mmap + non-mmap):         22151168 Byte
20220314 061926.915 INFO             PET0 PIOc_freedecomp Exit - MemInfo: [malloc] Total space used (mmap + non-mmap):          4251632 Byte
20220314 061926.915 INFO             PET0 PIOc_freedecomp Exit - MemInfo: Wall-clock time since execution start:               0.047671 seconds
20220314 061926.917 INFO             PET0 PIOc_sync Enter - MemInfo: [/proc/meminfo - SSI]	MemTotal:       65507008 kB
20220314 061926.917 INFO             PET0 PIOc_sync Enter - MemInfo: [/proc/meminfo - SSI]	MemFree:        49530992 kB
20220314 061926.917 INFO             PET0 PIOc_sync Enter - MemInfo: [/proc/meminfo - SSI]	MemAvailable:   49297232 kB
20220314 061926.918 INFO             PET0 PIOc_sync Enter - MemInfo: [/proc/meminfo - SSI]	Committed_AS:   13115636 kB
20220314 061926.918 INFO             PET0 PIOc_sync Enter - MemInfo: [/proc/meminfo - SSI]	CommittedPercent: 20.0217 %
20220314 061926.918 INFO             PET0 PIOc_sync Enter - MemInfo: [/proc/self/status]	VmPeak:	  531856 kB
20220314 061926.918 INFO             PET0 PIOc_sync Enter - MemInfo: [/proc/self/status]	VmSize:	  523668 kB
20220314 061926.918 INFO             PET0 PIOc_sync Enter - MemInfo: [/proc/self/status]	VmLck:	       0 kB
20220314 061926.918 INFO             PET0 PIOc_sync Enter - MemInfo: [/proc/self/status]	VmPin:	       0 kB
20220314 061926.918 INFO             PET0 PIOc_sync Enter - MemInfo: [/proc/self/status]	VmHWM:	   64892 kB
20220314 061926.918 INFO             PET0 PIOc_sync Enter - MemInfo: [/proc/self/status]	VmRSS:	   36996 kB
20220314 061926.918 INFO             PET0 PIOc_sync Enter - MemInfo: [/proc/self/status]	VmData:	   32164 kB
20220314 061926.918 INFO             PET0 PIOc_sync Enter - MemInfo: [/proc/self/status]	VmStk:	     148 kB
20220314 061926.918 INFO             PET0 PIOc_sync Enter - MemInfo: [/proc/self/status]	VmExe:	     268 kB
20220314 061926.918 INFO             PET0 PIOc_sync Enter - MemInfo: [/proc/self/status]	VmLib:	   49272 kB
20220314 061926.918 INFO             PET0 PIOc_sync Enter - MemInfo: [/proc/self/status]	VmPTE:	     772 kB
20220314 061926.918 INFO             PET0 PIOc_sync Enter - MemInfo: [/proc/self/status]	VmPMD:	      12 kB
20220314 061926.918 INFO             PET0 PIOc_sync Enter - MemInfo: [/proc/self/status]	VmSwap:	       0 kB
20220314 061926.918 INFO             PET0 PIOc_sync Enter - MemInfo: [/proc/self/status]	VmRSSPercent: 0.0564764 %
20220314 061926.918 INFO             PET0 PIOc_sync Enter - MemInfo: [malloc] Non-mmapped space allocated:                20570112 Byte
20220314 061926.918 INFO             PET0 PIOc_sync Enter - MemInfo: [malloc] Space allocated in mmapped regions:          1581056 Byte
20220314 061926.918 INFO             PET0 PIOc_sync Enter - MemInfo: [malloc] Maximum total allocated space:                     0 Byte
20220314 061926.918 INFO             PET0 PIOc_sync Enter - MemInfo: [malloc] Space in freed fastbin blocks:                  1536 Byte
20220314 061926.918 INFO             PET0 PIOc_sync Enter - MemInfo: [malloc] Total allocated space:                      19985264 Byte
20220314 061926.918 INFO             PET0 PIOc_sync Enter - MemInfo: [malloc] Total free space:                             584848 Byte
20220314 061926.918 INFO             PET0 PIOc_sync Enter - MemInfo: [malloc] Top-most, releasable space:                   134288 Byte
20220314 061926.918 INFO             PET0 PIOc_sync Enter - MemInfo: [malloc] Total space in use, mmap + non-mmap:        21566320 Byte
20220314 061926.918 INFO             PET0 PIOc_sync Enter - MemInfo: [malloc] Total space held (mmap + non-mmap):         22151168 Byte
20220314 061926.918 INFO             PET0 PIOc_sync Enter - MemInfo: [malloc] Total space used (mmap + non-mmap):         21575648 Byte
20220314 061926.918 INFO             PET0 PIOc_sync Enter - MemInfo: Wall-clock time since execution start:              0.0503287 seconds
20220314 061926.918 INFO             PET0 PIOc_sync Exit - MemInfo: [/proc/meminfo - SSI]	MemTotal:       65507008 kB
20220314 061926.918 INFO             PET0 PIOc_sync Exit - MemInfo: [/proc/meminfo - SSI]	MemFree:        49530992 kB
20220314 061926.918 INFO             PET0 PIOc_sync Exit - MemInfo: [/proc/meminfo - SSI]	MemAvailable:   49297232 kB
20220314 061926.918 INFO             PET0 PIOc_sync Exit - MemInfo: [/proc/meminfo - SSI]	Committed_AS:   13115636 kB
20220314 061926.918 INFO             PET0 PIOc_sync Exit - MemInfo: [/proc/meminfo - SSI]	CommittedPercent: 20.0217 %
20220314 061926.918 INFO             PET0 PIOc_sync Exit - MemInfo: [/proc/self/status]	VmPeak:	  531856 kB
20220314 061926.918 INFO             PET0 PIOc_sync Exit - MemInfo: [/proc/self/status]	VmSize:	  523668 kB
20220314 061926.918 INFO             PET0 PIOc_sync Exit - MemInfo: [/proc/self/status]	VmLck:	       0 kB
20220314 061926.918 INFO             PET0 PIOc_sync Exit - MemInfo: [/proc/self/status]	VmPin:	       0 kB
20220314 061926.918 INFO             PET0 PIOc_sync Exit - MemInfo: [/proc/self/status]	VmHWM:	   64892 kB
20220314 061926.918 INFO             PET0 PIOc_sync Exit - MemInfo: [/proc/self/status]	VmRSS:	   36996 kB
20220314 061926.918 INFO             PET0 PIOc_sync Exit - MemInfo: [/proc/self/status]	VmData:	   32164 kB
20220314 061926.918 INFO             PET0 PIOc_sync Exit - MemInfo: [/proc/self/status]	VmStk:	     148 kB
20220314 061926.918 INFO             PET0 PIOc_sync Exit - MemInfo: [/proc/self/status]	VmExe:	     268 kB
20220314 061926.918 INFO             PET0 PIOc_sync Exit - MemInfo: [/proc/self/status]	VmLib:	   49272 kB
20220314 061926.918 INFO             PET0 PIOc_sync Exit - MemInfo: [/proc/self/status]	VmPTE:	     772 kB
20220314 061926.918 INFO             PET0 PIOc_sync Exit - MemInfo: [/proc/self/status]	VmPMD:	      12 kB
20220314 061926.918 INFO             PET0 PIOc_sync Exit - MemInfo: [/proc/self/status]	VmSwap:	       0 kB
20220314 061926.918 INFO             PET0 PIOc_sync Exit - MemInfo: [/proc/self/status]	VmRSSPercent: 0.0564764 %
20220314 061926.918 INFO             PET0 PIOc_sync Exit - MemInfo: [malloc] Non-mmapped space allocated:                20570112 Byte
20220314 061926.918 INFO             PET0 PIOc_sync Exit - MemInfo: [malloc] Space allocated in mmapped regions:          1581056 Byte
20220314 061926.918 INFO             PET0 PIOc_sync Exit - MemInfo: [malloc] Maximum total allocated space:                     0 Byte
20220314 061926.918 INFO             PET0 PIOc_sync Exit - MemInfo: [malloc] Space in freed fastbin blocks:                  1744 Byte
20220314 061926.918 INFO             PET0 PIOc_sync Exit - MemInfo: [malloc] Total allocated space:                      19993584 Byte
20220314 061926.918 INFO             PET0 PIOc_sync Exit - MemInfo: [malloc] Total free space:                             576528 Byte
20220314 061926.918 INFO             PET0 PIOc_sync Exit - MemInfo: [malloc] Top-most, releasable space:                   134288 Byte
20220314 061926.918 INFO             PET0 PIOc_sync Exit - MemInfo: [malloc] Total space in use, mmap + non-mmap:        21574640 Byte
