build time -- 2022-03-12 06:00:00.945122
20220312 061351.063 INFO             PET0 !!!!!!!!!!!!!!!!!!!!!!!!!!!!!!!!!!!!!!!!!!!!!!!!!!!!!!
20220312 061351.063 INFO             PET0 !!! THE ESMF_LOG IS SET TO OUTPUT ALL LOG MESSAGES !!!
20220312 061351.063 INFO             PET0 !!!     THIS MAY CAUSE SLOWDOWN IN PERFORMANCE     !!!
20220312 061351.063 INFO             PET0 !!! FOR PRODUCTION RUNS, USE:                      !!!
20220312 061351.063 INFO             PET0 !!!                   ESMF_LOGKIND_Multi_On_Error  !!!
20220312 061351.063 INFO             PET0 !!!!!!!!!!!!!!!!!!!!!!!!!!!!!!!!!!!!!!!!!!!!!!!!!!!!!!
20220312 061351.063 INFO             PET0 Running with ESMF Version   : v8.3.0b09-96-g559b459836
20220312 061351.063 INFO             PET0 ESMF library build date/time: "Mar 12 2022" "05:58:05"
20220312 061351.063 INFO             PET0 ESMF library build location : /glade/scratch/rlong/esmf-testing/gfortran_7.4.0_openmpi_O_jedwards_pio_update2
20220312 061351.063 INFO             PET0 ESMF_COMM                   : openmpi
20220312 061351.063 INFO             PET0 ESMF_MOAB                   : enabled
20220312 061351.063 INFO             PET0 ESMF_LAPACK                 : enabled
20220312 061351.063 INFO             PET0 ESMF_NETCDF                 : enabled
20220312 061351.063 INFO             PET0 ESMF_PNETCDF                : disabled
20220312 061351.063 INFO             PET0 ESMF_PIO                    : enabled
20220312 061351.063 INFO             PET0 ESMF_YAMLCPP                : enabled
20220312 061351.063 INFO             PET0 Beginning Test, file ESMC_FieldGridRegridCsrvUTest.C, line 69
20220312 061351.063 INFO             PET0 Beginning Test, file ESMC_FieldGridRegridCsrvUTest.C, line 69NUMBER_OF_PROCESSORS 1
20220312 061351.063 INFO             PET0 PASS GridCreate, ESMC_FieldGridRegridCsrvUTest.C, line 114
20220312 061351.063 INFO             PET0 PASS GridAddCoord, ESMC_FieldGridRegridCsrvUTest.C, line 130
20220312 061351.063 INFO             PET0 PASS GridAddItem, ESMC_FieldGridRegridCsrvUTest.C, line 140
20220312 061351.063 INFO             PET0 PASS GridGetItem - mask, ESMC_FieldGridRegridCsrvUTest.C, line 151
20220312 061351.063 INFO             PET0 PASS GridGetCoord - X, ESMC_FieldGridRegridCsrvUTest.C, line 176
20220312 061351.063 INFO             PET0 PASS GridGetCoord - Y, ESMC_FieldGridRegridCsrvUTest.C, line 199
20220312 061351.063 INFO             PET0 PASS GridGetCoord - X, ESMC_FieldGridRegridCsrvUTest.C, line 224
20220312 061351.063 INFO             PET0 PASS GridGetCoord - Y, ESMC_FieldGridRegridCsrvUTest.C, line 247
20220312 061351.064 INFO             PET0 PASS GridAddItem - area, ESMC_FieldGridRegridCsrvUTest.C, line 271
20220312 061351.064 INFO             PET0 PASS GridGetItem - area, ESMC_FieldGridRegridCsrvUTest.C, line 282
20220312 061351.064 INFO             PET0 PASS MeshCreate, ESMC_FieldGridRegridCsrvUTest.C, line 366
20220312 061351.064 INFO             PET0 PASS MeshAddNodes, ESMC_FieldGridRegridCsrvUTest.C, line 374
20220312 061351.064 INFO             PET0 PASS MeshAddElements, ESMC_FieldGridRegridCsrvUTest.C, line 388
20220312 061351.064 INFO             PET0 PASS MeshGetLocalNodeCount, ESMC_FieldGridRegridCsrvUTest.C, line 398
20220312 061351.064 INFO             PET0 PASS MeshGetLocalElementCount, ESMC_FieldGridRegridCsrvUTest.C, line 409
20220312 061351.064 INFO             PET0 PASS Create ESMC_Field object from a Grid via TypeKind, ESMC_FieldGridRegridCsrvUTest.C, line 424
20220312 061351.064 INFO             PET0 PASS Create ESMC_Field object from a Mesh via TypeKind, ESMC_FieldGridRegridCsrvUTest.C, line 433
20220312 061351.065 INFO             PET0 PASS Get a void * C pointer to data from ESMC_Field object, ESMC_FieldGridRegridCsrvUTest.C, line 446
20220312 061351.065 INFO             PET0 PASS Get a void * C pointer to data from ESMC_Field object, ESMC_FieldGridRegridCsrvUTest.C, line 470
20220312 061351.065 INFO             PET0 PASS Create an InterArray for maskValues in ESMC_FieldRegridStore(), ESMC_FieldGridRegridCsrvUTest.C, line 485
20220312 061351.067 INFO             PET0 PASS Create an ESMC_RouteHandle via ESMC_FieldRegridStore(), ESMC_FieldGridRegridCsrvUTest.C, line 510
20220312 061351.068 INFO             PET0 PASS Execute ESMC_FieldRegrid(), ESMC_FieldGridRegridCsrvUTest.C, line 518
20220312 061351.077 INFO             PET0 PIOc_sync Enter - MemInfo: [/proc/meminfo - SSI]	MemTotal:       65507008 kB
20220312 061351.077 INFO             PET0 PIOc_sync Enter - MemInfo: [/proc/meminfo - SSI]	MemFree:        48678992 kB
20220312 061351.077 INFO             PET0 PIOc_sync Enter - MemInfo: [/proc/meminfo - SSI]	MemAvailable:   48441084 kB
20220312 061351.077 INFO             PET0 PIOc_sync Enter - MemInfo: [/proc/meminfo - SSI]	Committed_AS:   13157720 kB
20220312 061351.077 INFO             PET0 PIOc_sync Enter - MemInfo: [/proc/meminfo - SSI]	CommittedPercent: 20.086 %
20220312 061351.077 INFO             PET0 PIOc_sync Enter - MemInfo: [/proc/self/status]	VmPeak:	  495592 kB
20220312 061351.077 INFO             PET0 PIOc_sync Enter - MemInfo: [/proc/self/status]	VmSize:	  495592 kB
20220312 061351.077 INFO             PET0 PIOc_sync Enter - MemInfo: [/proc/self/status]	VmLck:	       0 kB
20220312 061351.077 INFO             PET0 PIOc_sync Enter - MemInfo: [/proc/self/status]	VmPin:	       0 kB
20220312 061351.077 INFO             PET0 PIOc_sync Enter - MemInfo: [/proc/self/status]	VmHWM:	   61008 kB
20220312 061351.077 INFO             PET0 PIOc_sync Enter - MemInfo: [/proc/self/status]	VmRSS:	   36532 kB
20220312 061351.077 INFO             PET0 PIOc_sync Enter - MemInfo: [/proc/self/status]	VmData:	   32196 kB
20220312 061351.077 INFO             PET0 PIOc_sync Enter - MemInfo: [/proc/self/status]	VmStk:	     148 kB
20220312 061351.077 INFO             PET0 PIOc_sync Enter - MemInfo: [/proc/self/status]	VmExe:	     212 kB
20220312 061351.077 INFO             PET0 PIOc_sync Enter - MemInfo: [/proc/self/status]	VmLib:	   48336 kB
20220312 061351.077 INFO             PET0 PIOc_sync Enter - MemInfo: [/proc/self/status]	VmPTE:	     720 kB
20220312 061351.077 INFO             PET0 PIOc_sync Enter - MemInfo: [/proc/self/status]	VmPMD:	      16 kB
20220312 061351.077 INFO             PET0 PIOc_sync Enter - MemInfo: [/proc/self/status]	VmSwap:	       0 kB
20220312 061351.077 INFO             PET0 PIOc_sync Enter - MemInfo: [/proc/self/status]	VmRSSPercent: 0.0557681 %
20220312 061351.077 INFO             PET0 PIOc_sync Enter - MemInfo: [malloc] Non-mmapped space allocated:                 3416064 Byte
20220312 061351.077 INFO             PET0 PIOc_sync Enter - MemInfo: [malloc] Space allocated in mmapped regions:         18890752 Byte
20220312 061351.077 INFO             PET0 PIOc_sync Enter - MemInfo: [malloc] Maximum total allocated space:                     0 Byte
20220312 061351.077 INFO             PET0 PIOc_sync Enter - MemInfo: [malloc] Space in freed fastbin blocks:                   880 Byte
20220312 061351.077 INFO             PET0 PIOc_sync Enter - MemInfo: [malloc] Total allocated space:                       3081872 Byte
20220312 061351.077 INFO             PET0 PIOc_sync Enter - MemInfo: [malloc] Total free space:                             334192 Byte
20220312 061351.077 INFO             PET0 PIOc_sync Enter - MemInfo: [malloc] Top-most, releasable space:                   125728 Byte
20220312 061351.077 INFO             PET0 PIOc_sync Enter - MemInfo: [malloc] Total space in use, mmap + non-mmap:        21972624 Byte
20220312 061351.077 INFO             PET0 PIOc_sync Enter - MemInfo: [malloc] Total space held (mmap + non-mmap):         22306816 Byte
20220312 061351.077 INFO             PET0 PIOc_sync Enter - MemInfo: [malloc] Total space used (mmap + non-mmap):         21981952 Byte
20220312 061351.077 INFO             PET0 PIOc_sync Enter - MemInfo: Wall-clock time since execution start:              0.0156266 seconds
20220312 061351.077 INFO             PET0 PIOc_sync Exit - MemInfo: [/proc/meminfo - SSI]	MemTotal:       65507008 kB
20220312 061351.077 INFO             PET0 PIOc_sync Exit - MemInfo: [/proc/meminfo - SSI]	MemFree:        48678992 kB
20220312 061351.077 INFO             PET0 PIOc_sync Exit - MemInfo: [/proc/meminfo - SSI]	MemAvailable:   48441084 kB
20220312 061351.077 INFO             PET0 PIOc_sync Exit - MemInfo: [/proc/meminfo - SSI]	Committed_AS:   13157720 kB
20220312 061351.077 INFO             PET0 PIOc_sync Exit - MemInfo: [/proc/meminfo - SSI]	CommittedPercent: 20.086 %
20220312 061351.078 INFO             PET0 PIOc_sync Exit - MemInfo: [/proc/self/status]	VmPeak:	  495592 kB
20220312 061351.078 INFO             PET0 PIOc_sync Exit - MemInfo: [/proc/self/status]	VmSize:	  495592 kB
20220312 061351.078 INFO             PET0 PIOc_sync Exit - MemInfo: [/proc/self/status]	VmLck:	       0 kB
20220312 061351.078 INFO             PET0 PIOc_sync Exit - MemInfo: [/proc/self/status]	VmPin:	       0 kB
20220312 061351.078 INFO             PET0 PIOc_sync Exit - MemInfo: [/proc/self/status]	VmHWM:	   61008 kB
20220312 061351.078 INFO             PET0 PIOc_sync Exit - MemInfo: [/proc/self/status]	VmRSS:	   36656 kB
20220312 061351.078 INFO             PET0 PIOc_sync Exit - MemInfo: [/proc/self/status]	VmData:	   32196 kB
20220312 061351.078 INFO             PET0 PIOc_sync Exit - MemInfo: [/proc/self/status]	VmStk:	     148 kB
20220312 061351.078 INFO             PET0 PIOc_sync Exit - MemInfo: [/proc/self/status]	VmExe:	     212 kB
20220312 061351.078 INFO             PET0 PIOc_sync Exit - MemInfo: [/proc/self/status]	VmLib:	   48336 kB
20220312 061351.078 INFO             PET0 PIOc_sync Exit - MemInfo: [/proc/self/status]	VmPTE:	     720 kB
20220312 061351.078 INFO             PET0 PIOc_sync Exit - MemInfo: [/proc/self/status]	VmPMD:	      16 kB
20220312 061351.078 INFO             PET0 PIOc_sync Exit - MemInfo: [/proc/self/status]	VmSwap:	       0 kB
20220312 061351.078 INFO             PET0 PIOc_sync Exit - MemInfo: [/proc/self/status]	VmRSSPercent: 0.0559574 %
20220312 061351.078 INFO             PET0 PIOc_sync Exit - MemInfo: [malloc] Non-mmapped space allocated:                 3416064 Byte
20220312 061351.078 INFO             PET0 PIOc_sync Exit - MemInfo: [malloc] Space allocated in mmapped regions:         18890752 Byte
20220312 061351.078 INFO             PET0 PIOc_sync Exit - MemInfo: [malloc] Maximum total allocated space:                     0 Byte
20220312 061351.078 INFO             PET0 PIOc_sync Exit - MemInfo: [malloc] Space in freed fastbin blocks:                   704 Byte
20220312 061351.078 INFO             PET0 PIOc_sync Exit - MemInfo: [malloc] Total allocated space:                       3082480 Byte
20220312 061351.078 INFO             PET0 PIOc_sync Exit - MemInfo: [malloc] Total free space:                             333584 Byte
20220312 061351.078 INFO             PET0 PIOc_sync Exit - MemInfo: [malloc] Top-most, releasable space:                   125152 Byte
20220312 061351.078 INFO             PET0 PIOc_sync Exit - MemInfo: [malloc] Total space in use, mmap + non-mmap:        21973232 Byte
20220312 061351.078 INFO             PET0 PIOc_sync Exit - MemInfo: [malloc] Total space held (mmap + non-mmap):         22306816 Byte
20220312 061351.078 INFO             PET0 PIOc_sync Exit - MemInfo: [malloc] Total space used (mmap + non-mmap):         21982560 Byte
20220312 061351.078 INFO             PET0 PIOc_sync Exit - MemInfo: Wall-clock time since execution start:              0.0160705 seconds
20220312 061351.078 INFO             PET0 PIOc_freedecomp Enter - MemInfo: [/proc/meminfo - SSI]	MemTotal:       65507008 kB
20220312 061351.078 INFO             PET0 PIOc_freedecomp Enter - MemInfo: [/proc/meminfo - SSI]	MemFree:        48694112 kB
20220312 061351.078 INFO             PET0 PIOc_freedecomp Enter - MemInfo: [/proc/meminfo - SSI]	MemAvailable:   48456204 kB
20220312 061351.078 INFO             PET0 PIOc_freedecomp Enter - MemInfo: [/proc/meminfo - SSI]	Committed_AS:   13141332 kB
20220312 061351.078 INFO             PET0 PIOc_freedecomp Enter - MemInfo: [/proc/meminfo - SSI]	CommittedPercent: 20.061 %
20220312 061351.078 INFO             PET0 PIOc_freedecomp Enter - MemInfo: [/proc/self/status]	VmPeak:	  495592 kB
20220312 061351.078 INFO             PET0 PIOc_freedecomp Enter - MemInfo: [/proc/self/status]	VmSize:	  478688 kB
20220312 061351.079 INFO             PET0 PIOc_freedecomp Enter - MemInfo: [/proc/self/status]	VmLck:	       0 kB
20220312 061351.079 INFO             PET0 PIOc_freedecomp Enter - MemInfo: [/proc/self/status]	VmPin:	       0 kB
20220312 061351.079 INFO             PET0 PIOc_freedecomp Enter - MemInfo: [/proc/self/status]	VmHWM:	   61008 kB
20220312 061351.079 INFO             PET0 PIOc_freedecomp Enter - MemInfo: [/proc/self/status]	VmRSS:	   20264 kB
20220312 061351.079 INFO             PET0 PIOc_freedecomp Enter - MemInfo: [/proc/self/status]	VmData:	   15292 kB
20220312 061351.079 INFO             PET0 PIOc_freedecomp Enter - MemInfo: [/proc/self/status]	VmStk:	     148 kB
20220312 061351.079 INFO             PET0 PIOc_freedecomp Enter - MemInfo: [/proc/self/status]	VmExe:	     212 kB
20220312 061351.079 INFO             PET0 PIOc_freedecomp Enter - MemInfo: [/proc/self/status]	VmLib:	   48336 kB
20220312 061351.079 INFO             PET0 PIOc_freedecomp Enter - MemInfo: [/proc/self/status]	VmPTE:	     688 kB
20220312 061351.079 INFO             PET0 PIOc_freedecomp Enter - MemInfo: [/proc/self/status]	VmPMD:	      16 kB
20220312 061351.079 INFO             PET0 PIOc_freedecomp Enter - MemInfo: [/proc/self/status]	VmSwap:	       0 kB
20220312 061351.079 INFO             PET0 PIOc_freedecomp Enter - MemInfo: [/proc/self/status]	VmRSSPercent: 0.0309341 %
20220312 061351.079 INFO             PET0 PIOc_freedecomp Enter - MemInfo: [malloc] Non-mmapped space allocated:                 3416064 Byte
20220312 061351.079 INFO             PET0 PIOc_freedecomp Enter - MemInfo: [malloc] Space allocated in mmapped regions:          1581056 Byte
20220312 061351.079 INFO             PET0 PIOc_freedecomp Enter - MemInfo: [malloc] Maximum total allocated space:                     0 Byte
20220312 061351.079 INFO             PET0 PIOc_freedecomp Enter - MemInfo: [malloc] Space in freed fastbin blocks:                  2160 Byte
20220312 061351.079 INFO             PET0 PIOc_freedecomp Enter - MemInfo: [malloc] Total allocated space:                       3069168 Byte
20220312 061351.079 INFO             PET0 PIOc_freedecomp Enter - MemInfo: [malloc] Total free space:                             346896 Byte
20220312 061351.079 INFO             PET0 PIOc_freedecomp Enter - MemInfo: [malloc] Top-most, releasable space:                   124752 Byte
20220312 061351.079 INFO             PET0 PIOc_freedecomp Enter - MemInfo: [malloc] Total space in use, mmap + non-mmap:         4650224 Byte
20220312 061351.079 INFO             PET0 PIOc_freedecomp Enter - MemInfo: [malloc] Total space held (mmap + non-mmap):          4997120 Byte
20220312 061351.079 INFO             PET0 PIOc_freedecomp Enter - MemInfo: [malloc] Total space used (mmap + non-mmap):          4659552 Byte
20220312 061351.079 INFO             PET0 PIOc_freedecomp Enter - MemInfo: Wall-clock time since execution start:              0.0170431 seconds
20220312 061351.079 INFO             PET0 PIOc_freedecomp Exit - MemInfo: [/proc/meminfo - SSI]	MemTotal:       65507008 kB
20220312 061351.079 INFO             PET0 PIOc_freedecomp Exit - MemInfo: [/proc/meminfo - SSI]	MemFree:        48694112 kB
20220312 061351.079 INFO             PET0 PIOc_freedecomp Exit - MemInfo: [/proc/meminfo - SSI]	MemAvailable:   48456204 kB
20220312 061351.079 INFO             PET0 PIOc_freedecomp Exit - MemInfo: [/proc/meminfo - SSI]	Committed_AS:   13141332 kB
20220312 061351.079 INFO             PET0 PIOc_freedecomp Exit - MemInfo: [/proc/meminfo - SSI]	CommittedPercent: 20.061 %
20220312 061351.079 INFO             PET0 PIOc_freedecomp Exit - MemInfo: [/proc/self/status]	VmPeak:	  495592 kB
20220312 061351.079 INFO             PET0 PIOc_freedecomp Exit - MemInfo: [/proc/self/status]	VmSize:	  478688 kB
20220312 061351.079 INFO             PET0 PIOc_freedecomp Exit - MemInfo: [/proc/self/status]	VmLck:	       0 kB
20220312 061351.079 INFO             PET0 PIOc_freedecomp Exit - MemInfo: [/proc/self/status]	VmPin:	       0 kB
20220312 061351.079 INFO             PET0 PIOc_freedecomp Exit - MemInfo: [/proc/self/status]	VmHWM:	   61008 kB
20220312 061351.079 INFO             PET0 PIOc_freedecomp Exit - MemInfo: [/proc/self/status]	VmRSS:	   20268 kB
20220312 061351.079 INFO             PET0 PIOc_freedecomp Exit - MemInfo: [/proc/self/status]	VmData:	   15292 kB
20220312 061351.079 INFO             PET0 PIOc_freedecomp Exit - MemInfo: [/proc/self/status]	VmStk:	     148 kB
20220312 061351.079 INFO             PET0 PIOc_freedecomp Exit - MemInfo: [/proc/self/status]	VmExe:	     212 kB
20220312 061351.079 INFO             PET0 PIOc_freedecomp Exit - MemInfo: [/proc/self/status]	VmLib:	   48336 kB
20220312 061351.079 INFO             PET0 PIOc_freedecomp Exit - MemInfo: [/proc/self/status]	VmPTE:	     688 kB
20220312 061351.079 INFO             PET0 PIOc_freedecomp Exit - MemInfo: [/proc/self/status]	VmPMD:	      16 kB
20220312 061351.079 INFO             PET0 PIOc_freedecomp Exit - MemInfo: [/proc/self/status]	VmSwap:	       0 kB
20220312 061351.079 INFO             PET0 PIOc_freedecomp Exit - MemInfo: [/proc/self/status]	VmRSSPercent: 0.0309402 %
20220312 061351.079 INFO             PET0 PIOc_freedecomp Exit - MemInfo: [malloc] Non-mmapped space allocated:                 3416064 Byte
20220312 061351.079 INFO             PET0 PIOc_freedecomp Exit - MemInfo: [malloc] Space allocated in mmapped regions:          1581056 Byte
20220312 061351.079 INFO             PET0 PIOc_freedecomp Exit - MemInfo: [malloc] Maximum total allocated space:                     0 Byte
20220312 061351.079 INFO             PET0 PIOc_freedecomp Exit - MemInfo: [malloc] Space in freed fastbin blocks:                  1904 Byte
20220312 061351.079 INFO             PET0 PIOc_freedecomp Exit - MemInfo: [malloc] Total allocated space:                       3066512 Byte
20220312 061351.079 INFO             PET0 PIOc_freedecomp Exit - MemInfo: [malloc] Total free space:                             349552 Byte
20220312 061351.079 INFO             PET0 PIOc_freedecomp Exit - MemInfo: [malloc] Top-most, releasable space:                   125232 Byte
20220312 061351.079 INFO             PET0 PIOc_freedecomp Exit - MemInfo: [malloc] Total space in use, mmap + non-mmap:         4647568 Byte
20220312 061351.079 INFO             PET0 PIOc_freedecomp Exit - MemInfo: [malloc] Total space held (mmap + non-mmap):          4997120 Byte
20220312 061351.079 INFO             PET0 PIOc_freedecomp Exit - MemInfo: [malloc] Total space used (mmap + non-mmap):          4656896 Byte
20220312 061351.079 INFO             PET0 PIOc_freedecomp Exit - MemInfo: Wall-clock time since execution start:              0.0173803 seconds
20220312 061351.083 INFO             PET0 PIOc_sync Enter - MemInfo: [/proc/meminfo - SSI]	MemTotal:       65507008 kB
20220312 061351.083 INFO             PET0 PIOc_sync Enter - MemInfo: [/proc/meminfo - SSI]	MemFree:        48687056 kB
20220312 061351.083 INFO             PET0 PIOc_sync Enter - MemInfo: [/proc/meminfo - SSI]	MemAvailable:   48449148 kB
20220312 061351.083 INFO             PET0 PIOc_sync Enter - MemInfo: [/proc/meminfo - SSI]	Committed_AS:   13157704 kB
20220312 061351.083 INFO             PET0 PIOc_sync Enter - MemInfo: [/proc/meminfo - SSI]	CommittedPercent: 20.0859 %
20220312 061351.083 INFO             PET0 PIOc_sync Enter - MemInfo: [/proc/self/status]	VmPeak:	  495592 kB
20220312 061351.083 INFO             PET0 PIOc_sync Enter - MemInfo: [/proc/self/status]	VmSize:	  495576 kB
20220312 061351.083 INFO             PET0 PIOc_sync Enter - MemInfo: [/proc/self/status]	VmLck:	       0 kB
20220312 061351.083 INFO             PET0 PIOc_sync Enter - MemInfo: [/proc/self/status]	VmPin:	       0 kB
20220312 061351.083 INFO             PET0 PIOc_sync Enter - MemInfo: [/proc/self/status]	VmHWM:	   61008 kB
20220312 061351.083 INFO             PET0 PIOc_sync Enter - MemInfo: [/proc/self/status]	VmRSS:	   28608 kB
20220312 061351.083 INFO             PET0 PIOc_sync Enter - MemInfo: [/proc/self/status]	VmData:	   32180 kB
20220312 061351.083 INFO             PET0 PIOc_sync Enter - MemInfo: [/proc/self/status]	VmStk:	     148 kB
20220312 061351.083 INFO             PET0 PIOc_sync Enter - MemInfo: [/proc/self/status]	VmExe:	     212 kB
20220312 061351.083 INFO             PET0 PIOc_sync Enter - MemInfo: [/proc/self/status]	VmLib:	   48336 kB
20220312 061351.083 INFO             PET0 PIOc_sync Enter - MemInfo: [/proc/self/status]	VmPTE:	     712 kB
20220312 061351.083 INFO             PET0 PIOc_sync Enter - MemInfo: [/proc/self/status]	VmPMD:	      16 kB
20220312 061351.083 INFO             PET0 PIOc_sync Enter - MemInfo: [/proc/self/status]	VmSwap:	       0 kB
20220312 061351.083 INFO             PET0 PIOc_sync Enter - MemInfo: [/proc/self/status]	VmRSSPercent: 0.0436717 %
20220312 061351.083 INFO             PET0 PIOc_sync Enter - MemInfo: [malloc] Non-mmapped space allocated:                20709376 Byte
20220312 061351.083 INFO             PET0 PIOc_sync Enter - MemInfo: [malloc] Space allocated in mmapped regions:          1581056 Byte
20220312 061351.083 INFO             PET0 PIOc_sync Enter - MemInfo: [malloc] Maximum total allocated space:                     0 Byte
20220312 061351.083 INFO             PET0 PIOc_sync Enter - MemInfo: [malloc] Space in freed fastbin blocks:                  1488 Byte
20220312 061351.083 INFO             PET0 PIOc_sync Enter - MemInfo: [malloc] Total allocated space:                      20384208 Byte
20220312 061351.083 INFO             PET0 PIOc_sync Enter - MemInfo: [malloc] Total free space:                             325168 Byte
20220312 061351.083 INFO             PET0 PIOc_sync Enter - MemInfo: [malloc] Top-most, releasable space:                   116048 Byte
20220312 061351.083 INFO             PET0 PIOc_sync Enter - MemInfo: [malloc] Total space in use, mmap + non-mmap:        21965264 Byte
20220312 061351.083 INFO             PET0 PIOc_sync Enter - MemInfo: [malloc] Total space held (mmap + non-mmap):         22290432 Byte
20220312 061351.083 INFO             PET0 PIOc_sync Enter - MemInfo: [malloc] Total space used (mmap + non-mmap):         21974592 Byte
20220312 061351.083 INFO             PET0 PIOc_sync Enter - MemInfo: Wall-clock time since execution start:               0.021655 seconds
20220312 061351.083 INFO             PET0 PIOc_sync Exit - MemInfo: [/proc/meminfo - SSI]	MemTotal:       65507008 kB
20220312 061351.083 INFO             PET0 PIOc_sync Exit - MemInfo: [/proc/meminfo - SSI]	MemFree:        48687056 kB
20220312 061351.083 INFO             PET0 PIOc_sync Exit - MemInfo: [/proc/meminfo - SSI]	MemAvailable:   48449148 kB
20220312 061351.083 INFO             PET0 PIOc_sync Exit - MemInfo: [/proc/meminfo - SSI]	Committed_AS:   13157704 kB
20220312 061351.083 INFO             PET0 PIOc_sync Exit - MemInfo: [/proc/meminfo - SSI]	CommittedPercent: 20.0859 %
20220312 061351.083 INFO             PET0 PIOc_sync Exit - MemInfo: [/proc/self/status]	VmPeak:	  495592 kB
20220312 061351.083 INFO             PET0 PIOc_sync Exit - MemInfo: [/proc/self/status]	VmSize:	  495576 kB
20220312 061351.083 INFO             PET0 PIOc_sync Exit - MemInfo: [/proc/self/status]	VmLck:	       0 kB
20220312 061351.083 INFO             PET0 PIOc_sync Exit - MemInfo: [/proc/self/status]	VmPin:	       0 kB
20220312 061351.083 INFO             PET0 PIOc_sync Exit - MemInfo: [/proc/self/status]	VmHWM:	   61008 kB
20220312 061351.083 INFO             PET0 PIOc_sync Exit - MemInfo: [/proc/self/status]	VmRSS:	   28620 kB
20220312 061351.084 INFO             PET0 PIOc_sync Exit - MemInfo: [/proc/self/status]	VmData:	   32180 kB
20220312 061351.084 INFO             PET0 PIOc_sync Exit - MemInfo: [/proc/self/status]	VmStk:	     148 kB
20220312 061351.084 INFO             PET0 PIOc_sync Exit - MemInfo: [/proc/self/status]	VmExe:	     212 kB
20220312 061351.084 INFO             PET0 PIOc_sync Exit - MemInfo: [/proc/self/status]	VmLib:	   48336 kB
20220312 061351.084 INFO             PET0 PIOc_sync Exit - MemInfo: [/proc/self/status]	VmPTE:	     712 kB
20220312 061351.084 INFO             PET0 PIOc_sync Exit - MemInfo: [/proc/self/status]	VmPMD:	      16 kB
20220312 061351.084 INFO             PET0 PIOc_sync Exit - MemInfo: [/proc/self/status]	VmSwap:	       0 kB
20220312 061351.084 INFO             PET0 PIOc_sync Exit - MemInfo: [/proc/self/status]	VmRSSPercent: 0.04369 %
20220312 061351.084 INFO             PET0 PIOc_sync Exit - MemInfo: [malloc] Non-mmapped space allocated:                20709376 Byte
20220312 061351.084 INFO             PET0 PIOc_sync Exit - MemInfo: [malloc] Space allocated in mmapped regions:          1581056 Byte
20220312 061351.084 INFO             PET0 PIOc_sync Exit - MemInfo: [malloc] Maximum total allocated space:                     0 Byte
20220312 061351.084 INFO             PET0 PIOc_sync Exit - MemInfo: [malloc] Space in freed fastbin blocks:                   320 Byte
20220312 061351.084 INFO             PET0 PIOc_sync Exit - MemInfo: [malloc] Total allocated space:                      20384816 Byte
20220312 061351.084 INFO             PET0 PIOc_sync Exit - MemInfo: [malloc] Total free space:                             324560 Byte
20220312 061351.084 INFO             PET0 PIOc_sync Exit - MemInfo: [malloc] Top-most, releasable space:                   115936 Byte
20220312 061351.084 INFO             PET0 PIOc_sync Exit - MemInfo: [malloc] Total space in use, mmap + non-mmap:        21965872 Byte
20220312 061351.084 INFO             PET0 PIOc_sync Exit - MemInfo: [malloc] Total space held (mmap + non-mmap):         22290432 Byte
20220312 061351.084 INFO             PET0 PIOc_sync Exit - MemInfo: [malloc] Total space used (mmap + non-mmap):         21975200 Byte
20220312 061351.084 INFO             PET0 PIOc_sync Exit - MemInfo: Wall-clock time since execution start:              0.0220204 seconds
20220312 061351.084 INFO             PET0 PIOc_freedecomp Enter - MemInfo: [/proc/meminfo - SSI]	MemTotal:       65507008 kB
20220312 061351.084 INFO             PET0 PIOc_freedecomp Enter - MemInfo: [/proc/meminfo - SSI]	MemFree:        48687056 kB
20220312 061351.084 INFO             PET0 PIOc_freedecomp Enter - MemInfo: [/proc/meminfo - SSI]	MemAvailable:   48449148 kB
20220312 061351.084 INFO             PET0 PIOc_freedecomp Enter - MemInfo: [/proc/meminfo - SSI]	Committed_AS:   13157704 kB
20220312 061351.084 INFO             PET0 PIOc_freedecomp Enter - MemInfo: [/proc/meminfo - SSI]	CommittedPercent: 20.0859 %
20220312 061351.084 INFO             PET0 PIOc_freedecomp Enter - MemInfo: [/proc/self/status]	VmPeak:	  495592 kB
20220312 061351.084 INFO             PET0 PIOc_freedecomp Enter - MemInfo: [/proc/self/status]	VmSize:	  495576 kB
20220312 061351.084 INFO             PET0 PIOc_freedecomp Enter - MemInfo: [/proc/self/status]	VmLck:	       0 kB
20220312 061351.084 INFO             PET0 PIOc_freedecomp Enter - MemInfo: [/proc/self/status]	VmPin:	       0 kB
20220312 061351.084 INFO             PET0 PIOc_freedecomp Enter - MemInfo: [/proc/self/status]	VmHWM:	   61008 kB
20220312 061351.084 INFO             PET0 PIOc_freedecomp Enter - MemInfo: [/proc/self/status]	VmRSS:	   28620 kB
20220312 061351.084 INFO             PET0 PIOc_freedecomp Enter - MemInfo: [/proc/self/status]	VmData:	   32180 kB
20220312 061351.084 INFO             PET0 PIOc_freedecomp Enter - MemInfo: [/proc/self/status]	VmStk:	     148 kB
20220312 061351.084 INFO             PET0 PIOc_freedecomp Enter - MemInfo: [/proc/self/status]	VmExe:	     212 kB
20220312 061351.084 INFO             PET0 PIOc_freedecomp Enter - MemInfo: [/proc/self/status]	VmLib:	   48336 kB
20220312 061351.084 INFO             PET0 PIOc_freedecomp Enter - MemInfo: [/proc/self/status]	VmPTE:	     712 kB
20220312 061351.084 INFO             PET0 PIOc_freedecomp Enter - MemInfo: [/proc/self/status]	VmPMD:	      16 kB
20220312 061351.084 INFO             PET0 PIOc_freedecomp Enter - MemInfo: [/proc/self/status]	VmSwap:	       0 kB
20220312 061351.084 INFO             PET0 PIOc_freedecomp Enter - MemInfo: [/proc/self/status]	VmRSSPercent: 0.04369 %
20220312 061351.084 INFO             PET0 PIOc_freedecomp Enter - MemInfo: [malloc] Non-mmapped space allocated:                20709376 Byte
20220312 061351.084 INFO             PET0 PIOc_freedecomp Enter - MemInfo: [malloc] Space allocated in mmapped regions:          1581056 Byte
20220312 061351.084 INFO             PET0 PIOc_freedecomp Enter - MemInfo: [malloc] Maximum total allocated space:                     0 Byte
20220312 061351.084 INFO             PET0 PIOc_freedecomp Enter - MemInfo: [malloc] Space in freed fastbin blocks:                   944 Byte
20220312 061351.084 INFO             PET0 PIOc_freedecomp Enter - MemInfo: [malloc] Total allocated space:                       3069200 Byte
20220312 061351.084 INFO             PET0 PIOc_freedecomp Enter - MemInfo: [malloc] Total free space:                           17640176 Byte
20220312 061351.084 INFO             PET0 PIOc_freedecomp Enter - MemInfo: [malloc] Top-most, releasable space:                   115936 Byte
20220312 061351.084 INFO             PET0 PIOc_freedecomp Enter - MemInfo: [malloc] Total space in use, mmap + non-mmap:         4650256 Byte
20220312 061351.084 INFO             PET0 PIOc_freedecomp Enter - MemInfo: [malloc] Total space held (mmap + non-mmap):         22290432 Byte
20220312 061351.084 INFO             PET0 PIOc_freedecomp Enter - MemInfo: [malloc] Total space used (mmap + non-mmap):          4659584 Byte
20220312 061351.084 INFO             PET0 PIOc_freedecomp Enter - MemInfo: Wall-clock time since execution start:              0.0223632 seconds
20220312 061351.084 INFO             PET0 PIOc_freedecomp Exit - MemInfo: [/proc/meminfo - SSI]	MemTotal:       65507008 kB
20220312 061351.084 INFO             PET0 PIOc_freedecomp Exit - MemInfo: [/proc/meminfo - SSI]	MemFree:        48687056 kB
20220312 061351.084 INFO             PET0 PIOc_freedecomp Exit - MemInfo: [/proc/meminfo - SSI]	MemAvailable:   48449148 kB
20220312 061351.084 INFO             PET0 PIOc_freedecomp Exit - MemInfo: [/proc/meminfo - SSI]	Committed_AS:   13157704 kB
20220312 061351.084 INFO             PET0 PIOc_freedecomp Exit - MemInfo: [/proc/meminfo - SSI]	CommittedPercent: 20.0859 %
20220312 061351.084 INFO             PET0 PIOc_freedecomp Exit - MemInfo: [/proc/self/status]	VmPeak:	  495592 kB
20220312 061351.084 INFO             PET0 PIOc_freedecomp Exit - MemInfo: [/proc/self/status]	VmSize:	  495576 kB
20220312 061351.084 INFO             PET0 PIOc_freedecomp Exit - MemInfo: [/proc/self/status]	VmLck:	       0 kB
20220312 061351.084 INFO             PET0 PIOc_freedecomp Exit - MemInfo: [/proc/self/status]	VmPin:	       0 kB
20220312 061351.084 INFO             PET0 PIOc_freedecomp Exit - MemInfo: [/proc/self/status]	VmHWM:	   61008 kB
20220312 061351.084 INFO             PET0 PIOc_freedecomp Exit - MemInfo: [/proc/self/status]	VmRSS:	   28620 kB
20220312 061351.084 INFO             PET0 PIOc_freedecomp Exit - MemInfo: [/proc/self/status]	VmData:	   32180 kB
20220312 061351.084 INFO             PET0 PIOc_freedecomp Exit - MemInfo: [/proc/self/status]	VmStk:	     148 kB
20220312 061351.084 INFO             PET0 PIOc_freedecomp Exit - MemInfo: [/proc/self/status]	VmExe:	     212 kB
20220312 061351.084 INFO             PET0 PIOc_freedecomp Exit - MemInfo: [/proc/self/status]	VmLib:	   48336 kB
20220312 061351.084 INFO             PET0 PIOc_freedecomp Exit - MemInfo: [/proc/self/status]	VmPTE:	     712 kB
20220312 061351.084 INFO             PET0 PIOc_freedecomp Exit - MemInfo: [/proc/self/status]	VmPMD:	      16 kB
20220312 061351.084 INFO             PET0 PIOc_freedecomp Exit - MemInfo: [/proc/self/status]	VmSwap:	       0 kB
20220312 061351.084 INFO             PET0 PIOc_freedecomp Exit - MemInfo: [/proc/self/status]	VmRSSPercent: 0.04369 %
20220312 061351.084 INFO             PET0 PIOc_freedecomp Exit - MemInfo: [malloc] Non-mmapped space allocated:                20709376 Byte
20220312 061351.084 INFO             PET0 PIOc_freedecomp Exit - MemInfo: [malloc] Space allocated in mmapped regions:          1581056 Byte
20220312 061351.084 INFO             PET0 PIOc_freedecomp Exit - MemInfo: [malloc] Maximum total allocated space:                     0 Byte
20220312 061351.084 INFO             PET0 PIOc_freedecomp Exit - MemInfo: [malloc] Space in freed fastbin blocks:                  2032 Byte
20220312 061351.084 INFO             PET0 PIOc_freedecomp Exit - MemInfo: [malloc] Total allocated space:                       3066544 Byte
20220312 061351.084 INFO             PET0 PIOc_freedecomp Exit - MemInfo: [malloc] Total free space:                           17642832 Byte
20220312 061351.084 INFO             PET0 PIOc_freedecomp Exit - MemInfo: [malloc] Top-most, releasable space:                   115936 Byte
20220312 061351.084 INFO             PET0 PIOc_freedecomp Exit - MemInfo: [malloc] Total space in use, mmap + non-mmap:         4647600 Byte
20220312 061351.084 INFO             PET0 PIOc_freedecomp Exit - MemInfo: [malloc] Total space held (mmap + non-mmap):         22290432 Byte
20220312 061351.084 INFO             PET0 PIOc_freedecomp Exit - MemInfo: [malloc] Total space used (mmap + non-mmap):          4656928 Byte
20220312 061351.084 INFO             PET0 PIOc_freedecomp Exit - MemInfo: Wall-clock time since execution start:              0.0226871 seconds
20220312 061351.085 INFO             PET0 PIOc_sync Enter - MemInfo: [/proc/meminfo - SSI]	MemTotal:       65507008 kB
20220312 061351.085 INFO             PET0 PIOc_sync Enter - MemInfo: [/proc/meminfo - SSI]	MemFree:        48686552 kB
20220312 061351.085 INFO             PET0 PIOc_sync Enter - MemInfo: [/proc/meminfo - SSI]	MemAvailable:   48448644 kB
20220312 061351.085 INFO             PET0 PIOc_sync Enter - MemInfo: [/proc/meminfo - SSI]	Committed_AS:   13157704 kB
20220312 061351.085 INFO             PET0 PIOc_sync Enter - MemInfo: [/proc/meminfo - SSI]	CommittedPercent: 20.0859 %
20220312 061351.085 INFO             PET0 PIOc_sync Enter - MemInfo: [/proc/self/status]	VmPeak:	  503764 kB
20220312 061351.085 INFO             PET0 PIOc_sync Enter - MemInfo: [/proc/self/status]	VmSize:	  495576 kB
20220312 061351.085 INFO             PET0 PIOc_sync Enter - MemInfo: [/proc/self/status]	VmLck:	       0 kB
20220312 061351.085 INFO             PET0 PIOc_sync Enter - MemInfo: [/proc/self/status]	VmPin:	       0 kB
20220312 061351.085 INFO             PET0 PIOc_sync Enter - MemInfo: [/proc/self/status]	VmHWM:	   61008 kB
20220312 061351.085 INFO             PET0 PIOc_sync Enter - MemInfo: [/proc/self/status]	VmRSS:	   28988 kB
20220312 061351.085 INFO             PET0 PIOc_sync Enter - MemInfo: [/proc/self/status]	VmData:	   32180 kB
20220312 061351.085 INFO             PET0 PIOc_sync Enter - MemInfo: [/proc/self/status]	VmStk:	     148 kB
20220312 061351.085 INFO             PET0 PIOc_sync Enter - MemInfo: [/proc/self/status]	VmExe:	     212 kB
20220312 061351.085 INFO             PET0 PIOc_sync Enter - MemInfo: [/proc/self/status]	VmLib:	   48336 kB
20220312 061351.085 INFO             PET0 PIOc_sync Enter - MemInfo: [/proc/self/status]	VmPTE:	     712 kB
20220312 061351.085 INFO             PET0 PIOc_sync Enter - MemInfo: [/proc/self/status]	VmPMD:	      16 kB
20220312 061351.085 INFO             PET0 PIOc_sync Enter - MemInfo: [/proc/self/status]	VmSwap:	       0 kB
20220312 061351.085 INFO             PET0 PIOc_sync Enter - MemInfo: [/proc/self/status]	VmRSSPercent: 0.0442518 %
20220312 061351.085 INFO             PET0 PIOc_sync Enter - MemInfo: [malloc] Non-mmapped space allocated:                20709376 Byte
20220312 061351.085 INFO             PET0 PIOc_sync Enter - MemInfo: [malloc] Space allocated in mmapped regions:          1581056 Byte
20220312 061351.085 INFO             PET0 PIOc_sync Enter - MemInfo: [malloc] Maximum total allocated space:                     0 Byte
20220312 061351.085 INFO             PET0 PIOc_sync Enter - MemInfo: [malloc] Space in freed fastbin blocks:                  1840 Byte
20220312 061351.085 INFO             PET0 PIOc_sync Enter - MemInfo: [malloc] Total allocated space:                      20384944 Byte
20220312 061351.085 INFO             PET0 PIOc_sync Enter - MemInfo: [malloc] Total free space:                             324432 Byte
20220312 061351.085 INFO             PET0 PIOc_sync Enter - MemInfo: [malloc] Top-most, releasable space:                   114960 Byte
20220312 061351.086 INFO             PET0 PIOc_sync Enter - MemInfo: [malloc] Total space in use, mmap + non-mmap:        21966000 Byte
20220312 061351.086 INFO             PET0 PIOc_sync Enter - MemInfo: [malloc] Total space held (mmap + non-mmap):         22290432 Byte
20220312 061351.086 INFO             PET0 PIOc_sync Enter - MemInfo: [malloc] Total space used (mmap + non-mmap):         21975328 Byte
20220312 061351.086 INFO             PET0 PIOc_sync Enter - MemInfo: Wall-clock time since execution start:              0.0238855 seconds
20220312 061351.086 INFO             PET0 PIOc_sync Exit - MemInfo: [/proc/meminfo - SSI]	MemTotal:       65507008 kB
20220312 061351.086 INFO             PET0 PIOc_sync Exit - MemInfo: [/proc/meminfo - SSI]	MemFree:        48686552 kB
20220312 061351.086 INFO             PET0 PIOc_sync Exit - MemInfo: [/proc/meminfo - SSI]	MemAvailable:   48448644 kB
20220312 061351.086 INFO             PET0 PIOc_sync Exit - MemInfo: [/proc/meminfo - SSI]	Committed_AS:   13157704 kB
20220312 061351.086 INFO             PET0 PIOc_sync Exit - MemInfo: [/proc/meminfo - SSI]	CommittedPercent: 20.0859 %
20220312 061351.086 INFO             PET0 PIOc_sync Exit - MemInfo: [/proc/self/status]	VmPeak:	  503764 kB
20220312 061351.086 INFO             PET0 PIOc_sync Exit - MemInfo: [/proc/self/status]	VmSize:	  495576 kB
20220312 061351.086 INFO             PET0 PIOc_sync Exit - MemInfo: [/proc/self/status]	VmLck:	       0 kB
20220312 061351.086 INFO             PET0 PIOc_sync Exit - MemInfo: [/proc/self/status]	VmPin:	       0 kB
20220312 061351.086 INFO             PET0 PIOc_sync Exit - MemInfo: [/proc/self/status]	VmHWM:	   61008 kB
20220312 061351.086 INFO             PET0 PIOc_sync Exit - MemInfo: [/proc/self/status]	VmRSS:	   28996 kB
20220312 061351.086 INFO             PET0 PIOc_sync Exit - MemInfo: [/proc/self/status]	VmData:	   32180 kB
20220312 061351.086 INFO             PET0 PIOc_sync Exit - MemInfo: [/proc/self/status]	VmStk:	     148 kB
20220312 061351.086 INFO             PET0 PIOc_sync Exit - MemInfo: [/proc/self/status]	VmExe:	     212 kB
20220312 061351.086 INFO             PET0 PIOc_sync Exit - MemInfo: [/proc/self/status]	VmLib:	   48336 kB
20220312 061351.086 INFO             PET0 PIOc_sync Exit - MemInfo: [/proc/self/status]	VmPTE:	     712 kB
20220312 061351.086 INFO             PET0 PIOc_sync Exit - MemInfo: [/proc/self/status]	VmPMD:	      16 kB
20220312 061351.086 INFO             PET0 PIOc_sync Exit - MemInfo: [/proc/self/status]	VmSwap:	       0 kB
20220312 061351.086 INFO             PET0 PIOc_sync Exit - MemInfo: [/proc/self/status]	VmRSSPercent: 0.044264 %
20220312 061351.086 INFO             PET0 PIOc_sync Exit - MemInfo: [malloc] Non-mmapped space allocated:                20709376 Byte
20220312 061351.086 INFO             PET0 PIOc_sync Exit - MemInfo: [malloc] Space allocated in mmapped regions:          1581056 Byte
20220312 061351.086 INFO             PET0 PIOc_sync Exit - MemInfo: [malloc] Maximum total allocated space:                     0 Byte
20220312 061351.086 INFO             PET0 PIOc_sync Exit - MemInfo: [malloc] Space in freed fastbin blocks:                   320 Byte
20220312 061351.086 INFO             PET0 PIOc_sync Exit - MemInfo: [malloc] Total allocated space:                      20385600 Byte
20220312 061351.086 INFO             PET0 PIOc_sync Exit - MemInfo: [malloc] Total free space:                             323776 Byte
20220312 061351.086 INFO             PET0 PIOc_sync Exit - MemInfo: [malloc] Top-most, releasable space:                   115264 Byte
20220312 061351.086 INFO             PET0 PIOc_sync Exit - MemInfo: [malloc] Total space in use, mmap + non-mmap:        21966656 Byte
20220312 061351.086 INFO             PET0 PIOc_sync Exit - MemInfo: [malloc] Total space held (mmap + non-mmap):         22290432 Byte
20220312 061351.086 INFO             PET0 PIOc_sync Exit - MemInfo: [malloc] Total space used (mmap + non-mmap):         21975984 Byte
20220312 061351.086 INFO             PET0 PIOc_sync Exit - MemInfo: Wall-clock time since execution start:              0.0242525 seconds
20220312 061351.086 INFO             PET0 PIOc_freedecomp Enter - MemInfo: [/proc/meminfo - SSI]	MemTotal:       65507008 kB
20220312 061351.086 INFO             PET0 PIOc_freedecomp Enter - MemInfo: [/proc/meminfo - SSI]	MemFree:        48686552 kB
20220312 061351.086 INFO             PET0 PIOc_freedecomp Enter - MemInfo: [/proc/meminfo - SSI]	MemAvailable:   48448644 kB
20220312 061351.086 INFO             PET0 PIOc_freedecomp Enter - MemInfo: [/proc/meminfo - SSI]	Committed_AS:   13157704 kB
20220312 061351.086 INFO             PET0 PIOc_freedecomp Enter - MemInfo: [/proc/meminfo - SSI]	CommittedPercent: 20.0859 %
20220312 061351.086 INFO             PET0 PIOc_freedecomp Enter - MemInfo: [/proc/self/status]	VmPeak:	  503764 kB
20220312 061351.086 INFO             PET0 PIOc_freedecomp Enter - MemInfo: [/proc/self/status]	VmSize:	  495576 kB
20220312 061351.086 INFO             PET0 PIOc_freedecomp Enter - MemInfo: [/proc/self/status]	VmLck:	       0 kB
20220312 061351.086 INFO             PET0 PIOc_freedecomp Enter - MemInfo: [/proc/self/status]	VmPin:	       0 kB
20220312 061351.086 INFO             PET0 PIOc_freedecomp Enter - MemInfo: [/proc/self/status]	VmHWM:	   61008 kB
20220312 061351.086 INFO             PET0 PIOc_freedecomp Enter - MemInfo: [/proc/self/status]	VmRSS:	   28996 kB
20220312 061351.086 INFO             PET0 PIOc_freedecomp Enter - MemInfo: [/proc/self/status]	VmData:	   32180 kB
20220312 061351.086 INFO             PET0 PIOc_freedecomp Enter - MemInfo: [/proc/self/status]	VmStk:	     148 kB
20220312 061351.086 INFO             PET0 PIOc_freedecomp Enter - MemInfo: [/proc/self/status]	VmExe:	     212 kB
20220312 061351.086 INFO             PET0 PIOc_freedecomp Enter - MemInfo: [/proc/self/status]	VmLib:	   48336 kB
20220312 061351.086 INFO             PET0 PIOc_freedecomp Enter - MemInfo: [/proc/self/status]	VmPTE:	     712 kB
20220312 061351.086 INFO             PET0 PIOc_freedecomp Enter - MemInfo: [/proc/self/status]	VmPMD:	      16 kB
20220312 061351.086 INFO             PET0 PIOc_freedecomp Enter - MemInfo: [/proc/self/status]	VmSwap:	       0 kB
20220312 061351.086 INFO             PET0 PIOc_freedecomp Enter - MemInfo: [/proc/self/status]	VmRSSPercent: 0.044264 %
20220312 061351.086 INFO             PET0 PIOc_freedecomp Enter - MemInfo: [malloc] Non-mmapped space allocated:                20709376 Byte
20220312 061351.086 INFO             PET0 PIOc_freedecomp Enter - MemInfo: [malloc] Space allocated in mmapped regions:          1581056 Byte
20220312 061351.086 INFO             PET0 PIOc_freedecomp Enter - MemInfo: [malloc] Maximum total allocated space:                     0 Byte
20220312 061351.086 INFO             PET0 PIOc_freedecomp Enter - MemInfo: [malloc] Space in freed fastbin blocks:                  1136 Byte
20220312 061351.086 INFO             PET0 PIOc_freedecomp Enter - MemInfo: [malloc] Total allocated space:                       3069248 Byte
20220312 061351.086 INFO             PET0 PIOc_freedecomp Enter - MemInfo: [malloc] Total free space:                           17640128 Byte
20220312 061351.086 INFO             PET0 PIOc_freedecomp Enter - MemInfo: [malloc] Top-most, releasable space:                   115264 Byte
20220312 061351.086 INFO             PET0 PIOc_freedecomp Enter - MemInfo: [malloc] Total space in use, mmap + non-mmap:         4650304 Byte
20220312 061351.086 INFO             PET0 PIOc_freedecomp Enter - MemInfo: [malloc] Total space held (mmap + non-mmap):         22290432 Byte
20220312 061351.086 INFO             PET0 PIOc_freedecomp Enter - MemInfo: [malloc] Total space used (mmap + non-mmap):          4659632 Byte
20220312 061351.086 INFO             PET0 PIOc_freedecomp Enter - MemInfo: Wall-clock time since execution start:              0.0245922 seconds
20220312 061351.086 INFO             PET0 PIOc_freedecomp Exit - MemInfo: [/proc/meminfo - SSI]	MemTotal:       65507008 kB
20220312 061351.086 INFO             PET0 PIOc_freedecomp Exit - MemInfo: [/proc/meminfo - SSI]	MemFree:        48686552 kB
20220312 061351.086 INFO             PET0 PIOc_freedecomp Exit - MemInfo: [/proc/meminfo - SSI]	MemAvailable:   48448644 kB
20220312 061351.086 INFO             PET0 PIOc_freedecomp Exit - MemInfo: [/proc/meminfo - SSI]	Committed_AS:   13157704 kB
20220312 061351.086 INFO             PET0 PIOc_freedecomp Exit - MemInfo: [/proc/meminfo - SSI]	CommittedPercent: 20.0859 %
20220312 061351.086 INFO             PET0 PIOc_freedecomp Exit - MemInfo: [/proc/self/status]	VmPeak:	  503764 kB
20220312 061351.086 INFO             PET0 PIOc_freedecomp Exit - MemInfo: [/proc/self/status]	VmSize:	  495576 kB
20220312 061351.086 INFO             PET0 PIOc_freedecomp Exit - MemInfo: [/proc/self/status]	VmLck:	       0 kB
20220312 061351.086 INFO             PET0 PIOc_freedecomp Exit - MemInfo: [/proc/self/status]	VmPin:	       0 kB
20220312 061351.086 INFO             PET0 PIOc_freedecomp Exit - MemInfo: [/proc/self/status]	VmHWM:	   61008 kB
20220312 061351.086 INFO             PET0 PIOc_freedecomp Exit - MemInfo: [/proc/self/status]	VmRSS:	   28996 kB
20220312 061351.086 INFO             PET0 PIOc_freedecomp Exit - MemInfo: [/proc/self/status]	VmData:	   32180 kB
20220312 061351.086 INFO             PET0 PIOc_freedecomp Exit - MemInfo: [/proc/self/status]	VmStk:	     148 kB
20220312 061351.086 INFO             PET0 PIOc_freedecomp Exit - MemInfo: [/proc/self/status]	VmExe:	     212 kB
20220312 061351.086 INFO             PET0 PIOc_freedecomp Exit - MemInfo: [/proc/self/status]	VmLib:	   48336 kB
20220312 061351.086 INFO             PET0 PIOc_freedecomp Exit - MemInfo: [/proc/self/status]	VmPTE:	     712 kB
20220312 061351.086 INFO             PET0 PIOc_freedecomp Exit - MemInfo: [/proc/self/status]	VmPMD:	      16 kB
20220312 061351.086 INFO             PET0 PIOc_freedecomp Exit - MemInfo: [/proc/self/status]	VmSwap:	       0 kB
20220312 061351.086 INFO             PET0 PIOc_freedecomp Exit - MemInfo: [/proc/self/status]	VmRSSPercent: 0.044264 %
20220312 061351.086 INFO             PET0 PIOc_freedecomp Exit - MemInfo: [malloc] Non-mmapped space allocated:                20709376 Byte
20220312 061351.086 INFO             PET0 PIOc_freedecomp Exit - MemInfo: [malloc] Space allocated in mmapped regions:          1581056 Byte
20220312 061351.086 INFO             PET0 PIOc_freedecomp Exit - MemInfo: [malloc] Maximum total allocated space:                     0 Byte
20220312 061351.087 INFO             PET0 PIOc_freedecomp Exit - MemInfo: [malloc] Space in freed fastbin blocks:                   704 Byte
20220312 061351.087 INFO             PET0 PIOc_freedecomp Exit - MemInfo: [malloc] Total allocated space:                       3066544 Byte
20220312 061351.087 INFO             PET0 PIOc_freedecomp Exit - MemInfo: [malloc] Total free space:                           17642832 Byte
20220312 061351.087 INFO             PET0 PIOc_freedecomp Exit - MemInfo: [malloc] Top-most, releasable space:                   120000 Byte
20220312 061351.087 INFO             PET0 PIOc_freedecomp Exit - MemInfo: [malloc] Total space in use, mmap + non-mmap:         4647600 Byte
20220312 061351.087 INFO             PET0 PIOc_freedecomp Exit - MemInfo: [malloc] Total space held (mmap + non-mmap):         22290432 Byte
20220312 061351.087 INFO             PET0 PIOc_freedecomp Exit - MemInfo: [malloc] Total space used (mmap + non-mmap):          4656928 Byte
20220312 061351.087 INFO             PET0 PIOc_freedecomp Exit - MemInfo: Wall-clock time since execution start:              0.0249137 seconds
20220312 061351.087 INFO             PET0 PIOc_sync Enter - MemInfo: [/proc/meminfo - SSI]	MemTotal:       65507008 kB
20220312 061351.087 INFO             PET0 PIOc_sync Enter - MemInfo: [/proc/meminfo - SSI]	MemFree:        48686552 kB
20220312 061351.087 INFO             PET0 PIOc_sync Enter - MemInfo: [/proc/meminfo - SSI]	MemAvailable:   48448644 kB
20220312 061351.087 INFO             PET0 PIOc_sync Enter - MemInfo: [/proc/meminfo - SSI]	Committed_AS:   13157704 kB
20220312 061351.087 INFO             PET0 PIOc_sync Enter - MemInfo: [/proc/meminfo - SSI]	CommittedPercent: 20.0859 %
20220312 061351.087 INFO             PET0 PIOc_sync Enter - MemInfo: [/proc/self/status]	VmPeak:	  503764 kB
20220312 061351.087 INFO             PET0 PIOc_sync Enter - MemInfo: [/proc/self/status]	VmSize:	  495576 kB
20220312 061351.087 INFO             PET0 PIOc_sync Enter - MemInfo: [/proc/self/status]	VmLck:	       0 kB
20220312 061351.087 INFO             PET0 PIOc_sync Enter - MemInfo: [/proc/self/status]	VmPin:	       0 kB
20220312 061351.087 INFO             PET0 PIOc_sync Enter - MemInfo: [/proc/self/status]	VmHWM:	   61008 kB
20220312 061351.087 INFO             PET0 PIOc_sync Enter - MemInfo: [/proc/self/status]	VmRSS:	   28996 kB
20220312 061351.087 INFO             PET0 PIOc_sync Enter - MemInfo: [/proc/self/status]	VmData:	   32180 kB
20220312 061351.087 INFO             PET0 PIOc_sync Enter - MemInfo: [/proc/self/status]	VmStk:	     148 kB
20220312 061351.087 INFO             PET0 PIOc_sync Enter - MemInfo: [/proc/self/status]	VmExe:	     212 kB
20220312 061351.087 INFO             PET0 PIOc_sync Enter - MemInfo: [/proc/self/status]	VmLib:	   48336 kB
20220312 061351.087 INFO             PET0 PIOc_sync Enter - MemInfo: [/proc/self/status]	VmPTE:	     712 kB
20220312 061351.087 INFO             PET0 PIOc_sync Enter - MemInfo: [/proc/self/status]	VmPMD:	      16 kB
20220312 061351.087 INFO             PET0 PIOc_sync Enter - MemInfo: [/proc/self/status]	VmSwap:	       0 kB
20220312 061351.087 INFO             PET0 PIOc_sync Enter - MemInfo: [/proc/self/status]	VmRSSPercent: 0.044264 %
20220312 061351.087 INFO             PET0 PIOc_sync Enter - MemInfo: [malloc] Non-mmapped space allocated:                20709376 Byte
20220312 061351.088 INFO             PET0 PIOc_sync Enter - MemInfo: [malloc] Space allocated in mmapped regions:          1581056 Byte
20220312 061351.088 INFO             PET0 PIOc_sync Enter - MemInfo: [malloc] Maximum total allocated space:                     0 Byte
20220312 061351.088 INFO             PET0 PIOc_sync Enter - MemInfo: [malloc] Space in freed fastbin blocks:                  2336 Byte
20220312 061351.088 INFO             PET0 PIOc_sync Enter - MemInfo: [malloc] Total allocated space:                      20385632 Byte
20220312 061351.088 INFO             PET0 PIOc_sync Enter - MemInfo: [malloc] Total free space:                             323744 Byte
20220312 061351.088 INFO             PET0 PIOc_sync Enter - MemInfo: [malloc] Top-most, releasable space:                   113568 Byte
20220312 061351.088 INFO             PET0 PIOc_sync Enter - MemInfo: [malloc] Total space in use, mmap + non-mmap:        21966688 Byte
20220312 061351.088 INFO             PET0 PIOc_sync Enter - MemInfo: [malloc] Total space held (mmap + non-mmap):         22290432 Byte
20220312 061351.088 INFO             PET0 PIOc_sync Enter - MemInfo: [malloc] Total space used (mmap + non-mmap):         21976016 Byte
20220312 061351.088 INFO             PET0 PIOc_sync Enter - MemInfo: Wall-clock time since execution start:              0.0259374 seconds
20220312 061351.088 INFO             PET0 PIOc_sync Exit - MemInfo: [/proc/meminfo - SSI]	MemTotal:       65507008 kB
20220312 061351.088 INFO             PET0 PIOc_sync Exit - MemInfo: [/proc/meminfo - SSI]	MemFree:        48686552 kB
20220312 061351.088 INFO             PET0 PIOc_sync Exit - MemInfo: [/proc/meminfo - SSI]	MemAvailable:   48448644 kB
20220312 061351.088 INFO             PET0 PIOc_sync Exit - MemInfo: [/proc/meminfo - SSI]	Committed_AS:   13157704 kB
20220312 061351.088 INFO             PET0 PIOc_sync Exit - MemInfo: [/proc/meminfo - SSI]	CommittedPercent: 20.0859 %
20220312 061351.088 INFO             PET0 PIOc_sync Exit - MemInfo: [/proc/self/status]	VmPeak:	  503764 kB
20220312 061351.088 INFO             PET0 PIOc_sync Exit - MemInfo: [/proc/self/status]	VmSize:	  495576 kB
20220312 061351.088 INFO             PET0 PIOc_sync Exit - MemInfo: [/proc/self/status]	VmLck:	       0 kB
20220312 061351.088 INFO             PET0 PIOc_sync Exit - MemInfo: [/proc/self/status]	VmPin:	       0 kB
20220312 061351.088 INFO             PET0 PIOc_sync Exit - MemInfo: [/proc/self/status]	VmHWM:	   61008 kB
20220312 061351.088 INFO             PET0 PIOc_sync Exit - MemInfo: [/proc/self/status]	VmRSS:	   28996 kB
20220312 061351.088 INFO             PET0 PIOc_sync Exit - MemInfo: [/proc/self/status]	VmData:	   32180 kB
20220312 061351.088 INFO             PET0 PIOc_sync Exit - MemInfo: [/proc/self/status]	VmStk:	     148 kB
20220312 061351.088 INFO             PET0 PIOc_sync Exit - MemInfo: [/proc/self/status]	VmExe:	     212 kB
20220312 061351.088 INFO             PET0 PIOc_sync Exit - MemInfo: [/proc/self/status]	VmLib:	   48336 kB
20220312 061351.088 INFO             PET0 PIOc_sync Exit - MemInfo: [/proc/self/status]	VmPTE:	     712 kB
20220312 061351.088 INFO             PET0 PIOc_sync Exit - MemInfo: [/proc/self/status]	VmPMD:	      16 kB
20220312 061351.088 INFO             PET0 PIOc_sync Exit - MemInfo: [/proc/self/status]	VmSwap:	       0 kB
20220312 061351.088 INFO             PET0 PIOc_sync Exit - MemInfo: [/proc/self/status]	VmRSSPercent: 0.044264 %
20220312 061351.088 INFO             PET0 PIOc_sync Exit - MemInfo: [malloc] Non-mmapped space allocated:                20709376 Byte
20220312 061351.088 INFO             PET0 PIOc_sync Exit - MemInfo: [malloc] Space allocated in mmapped regions:          1581056 Byte
20220312 061351.088 INFO             PET0 PIOc_sync Exit - MemInfo: [malloc] Maximum total allocated space:                     0 Byte
20220312 061351.088 INFO             PET0 PIOc_sync Exit - MemInfo: [malloc] Space in freed fastbin blocks:                  1248 Byte
20220312 061351.088 INFO             PET0 PIOc_sync Exit - MemInfo: [malloc] Total allocated space:                      20386240 Byte
20220312 061351.088 INFO             PET0 PIOc_sync Exit - MemInfo: [malloc] Total free space:                             323136 Byte
20220312 061351.088 INFO             PET0 PIOc_sync Exit - MemInfo: [malloc] Top-most, releasable space:                   113408 Byte
20220312 061351.088 INFO             PET0 PIOc_sync Exit - MemInfo: [malloc] Total space in use, mmap + non-mmap:        21967296 Byte
20220312 061351.088 INFO             PET0 PIOc_sync Exit - MemInfo: [malloc] Total space held (mmap + non-mmap):         22290432 Byte
20220312 061351.088 INFO             PET0 PIOc_sync Exit - MemInfo: [malloc] Total space used (mmap + non-mmap):         21976624 Byte
20220312 061351.088 INFO             PET0 PIOc_sync Exit - MemInfo: Wall-clock time since execution start:              0.0262961 seconds
20220312 061351.088 INFO             PET0 PIOc_freedecomp Enter - MemInfo: [/proc/meminfo - SSI]	MemTotal:       65507008 kB
20220312 061351.088 INFO             PET0 PIOc_freedecomp Enter - MemInfo: [/proc/meminfo - SSI]	MemFree:        48686552 kB
20220312 061351.088 INFO             PET0 PIOc_freedecomp Enter - MemInfo: [/proc/meminfo - SSI]	MemAvailable:   48448644 kB
20220312 061351.088 INFO             PET0 PIOc_freedecomp Enter - MemInfo: [/proc/meminfo - SSI]	Committed_AS:   13157704 kB
20220312 061351.088 INFO             PET0 PIOc_freedecomp Enter - MemInfo: [/proc/meminfo - SSI]	CommittedPercent: 20.0859 %
20220312 061351.088 INFO             PET0 PIOc_freedecomp Enter - MemInfo: [/proc/self/status]	VmPeak:	  503764 kB
20220312 061351.088 INFO             PET0 PIOc_freedecomp Enter - MemInfo: [/proc/self/status]	VmSize:	  495576 kB
20220312 061351.088 INFO             PET0 PIOc_freedecomp Enter - MemInfo: [/proc/self/status]	VmLck:	       0 kB
20220312 061351.088 INFO             PET0 PIOc_freedecomp Enter - MemInfo: [/proc/self/status]	VmPin:	       0 kB
20220312 061351.088 INFO             PET0 PIOc_freedecomp Enter - MemInfo: [/proc/self/status]	VmHWM:	   61008 kB
20220312 061351.088 INFO             PET0 PIOc_freedecomp Enter - MemInfo: [/proc/self/status]	VmRSS:	   28996 kB
20220312 061351.088 INFO             PET0 PIOc_freedecomp Enter - MemInfo: [/proc/self/status]	VmData:	   32180 kB
20220312 061351.088 INFO             PET0 PIOc_freedecomp Enter - MemInfo: [/proc/self/status]	VmStk:	     148 kB
20220312 061351.088 INFO             PET0 PIOc_freedecomp Enter - MemInfo: [/proc/self/status]	VmExe:	     212 kB
20220312 061351.088 INFO             PET0 PIOc_freedecomp Enter - MemInfo: [/proc/self/status]	VmLib:	   48336 kB
20220312 061351.088 INFO             PET0 PIOc_freedecomp Enter - MemInfo: [/proc/self/status]	VmPTE:	     712 kB
20220312 061351.088 INFO             PET0 PIOc_freedecomp Enter - MemInfo: [/proc/self/status]	VmPMD:	      16 kB
20220312 061351.088 INFO             PET0 PIOc_freedecomp Enter - MemInfo: [/proc/self/status]	VmSwap:	       0 kB
20220312 061351.088 INFO             PET0 PIOc_freedecomp Enter - MemInfo: [/proc/self/status]	VmRSSPercent: 0.044264 %
20220312 061351.088 INFO             PET0 PIOc_freedecomp Enter - MemInfo: [malloc] Non-mmapped space allocated:                20709376 Byte
20220312 061351.088 INFO             PET0 PIOc_freedecomp Enter - MemInfo: [malloc] Space allocated in mmapped regions:          1581056 Byte
20220312 061351.088 INFO             PET0 PIOc_freedecomp Enter - MemInfo: [malloc] Maximum total allocated space:                     0 Byte
20220312 061351.088 INFO             PET0 PIOc_freedecomp Enter - MemInfo: [malloc] Space in freed fastbin blocks:                   944 Byte
20220312 061351.088 INFO             PET0 PIOc_freedecomp Enter - MemInfo: [malloc] Total allocated space:                       3069168 Byte
20220312 061351.088 INFO             PET0 PIOc_freedecomp Enter - MemInfo: [malloc] Total free space:                           17640208 Byte
20220312 061351.088 INFO             PET0 PIOc_freedecomp Enter - MemInfo: [malloc] Top-most, releasable space:                   115904 Byte
20220312 061351.088 INFO             PET0 PIOc_freedecomp Enter - MemInfo: [malloc] Total space in use, mmap + non-mmap:         4650224 Byte
20220312 061351.088 INFO             PET0 PIOc_freedecomp Enter - MemInfo: [malloc] Total space held (mmap + non-mmap):         22290432 Byte
20220312 061351.088 INFO             PET0 PIOc_freedecomp Enter - MemInfo: [malloc] Total space used (mmap + non-mmap):          4659552 Byte
20220312 061351.088 INFO             PET0 PIOc_freedecomp Enter - MemInfo: Wall-clock time since execution start:              0.0266379 seconds
20220312 061351.088 INFO             PET0 PIOc_freedecomp Exit - MemInfo: [/proc/meminfo - SSI]	MemTotal:       65507008 kB
20220312 061351.088 INFO             PET0 PIOc_freedecomp Exit - MemInfo: [/proc/meminfo - SSI]	MemFree:        48686552 kB
20220312 061351.088 INFO             PET0 PIOc_freedecomp Exit - MemInfo: [/proc/meminfo - SSI]	MemAvailable:   48448644 kB
20220312 061351.088 INFO             PET0 PIOc_freedecomp Exit - MemInfo: [/proc/meminfo - SSI]	Committed_AS:   13157704 kB
20220312 061351.088 INFO             PET0 PIOc_freedecomp Exit - MemInfo: [/proc/meminfo - SSI]	CommittedPercent: 20.0859 %
20220312 061351.088 INFO             PET0 PIOc_freedecomp Exit - MemInfo: [/proc/self/status]	VmPeak:	  503764 kB
20220312 061351.088 INFO             PET0 PIOc_freedecomp Exit - MemInfo: [/proc/self/status]	VmSize:	  495576 kB
20220312 061351.088 INFO             PET0 PIOc_freedecomp Exit - MemInfo: [/proc/self/status]	VmLck:	       0 kB
20220312 061351.088 INFO             PET0 PIOc_freedecomp Exit - MemInfo: [/proc/self/status]	VmPin:	       0 kB
20220312 061351.088 INFO             PET0 PIOc_freedecomp Exit - MemInfo: [/proc/self/status]	VmHWM:	   61008 kB
20220312 061351.088 INFO             PET0 PIOc_freedecomp Exit - MemInfo: [/proc/self/status]	VmRSS:	   28996 kB
20220312 061351.088 INFO             PET0 PIOc_freedecomp Exit - MemInfo: [/proc/self/status]	VmData:	   32180 kB
20220312 061351.088 INFO             PET0 PIOc_freedecomp Exit - MemInfo: [/proc/self/status]	VmStk:	     148 kB
20220312 061351.088 INFO             PET0 PIOc_freedecomp Exit - MemInfo: [/proc/self/status]	VmExe:	     212 kB
20220312 061351.088 INFO             PET0 PIOc_freedecomp Exit - MemInfo: [/proc/self/status]	VmLib:	   48336 kB
20220312 061351.088 INFO             PET0 PIOc_freedecomp Exit - MemInfo: [/proc/self/status]	VmPTE:	     712 kB
20220312 061351.088 INFO             PET0 PIOc_freedecomp Exit - MemInfo: [/proc/self/status]	VmPMD:	      16 kB
20220312 061351.088 INFO             PET0 PIOc_freedecomp Exit - MemInfo: [/proc/self/status]	VmSwap:	       0 kB
20220312 061351.089 INFO             PET0 PIOc_freedecomp Exit - MemInfo: [/proc/self/status]	VmRSSPercent: 0.044264 %
20220312 061351.089 INFO             PET0 PIOc_freedecomp Exit - MemInfo: [malloc] Non-mmapped space allocated:                20709376 Byte
20220312 061351.089 INFO             PET0 PIOc_freedecomp Exit - MemInfo: [malloc] Space allocated in mmapped regions:          1581056 Byte
20220312 061351.089 INFO             PET0 PIOc_freedecomp Exit - MemInfo: [malloc] Maximum total allocated space:                     0 Byte
20220312 061351.089 INFO             PET0 PIOc_freedecomp Exit - MemInfo: [malloc] Space in freed fastbin blocks:                  2160 Byte
20220312 061351.089 INFO             PET0 PIOc_freedecomp Exit - MemInfo: [malloc] Total allocated space:                       3066512 Byte
20220312 061351.089 INFO             PET0 PIOc_freedecomp Exit - MemInfo: [malloc] Total free space:                           17642864 Byte
20220312 061351.089 INFO             PET0 PIOc_freedecomp Exit - MemInfo: [malloc] Top-most, releasable space:                   115904 Byte
20220312 061351.089 INFO             PET0 PIOc_freedecomp Exit - MemInfo: [malloc] Total space in use, mmap + non-mmap:         4647568 Byte
20220312 061351.089 INFO             PET0 PIOc_freedecomp Exit - MemInfo: [malloc] Total space held (mmap + non-mmap):         22290432 Byte
20220312 061351.089 INFO             PET0 PIOc_freedecomp Exit - MemInfo: [malloc] Total space used (mmap + non-mmap):          4656896 Byte
20220312 061351.089 INFO             PET0 PIOc_freedecomp Exit - MemInfo: Wall-clock time since execution start:              0.0269608 seconds
20220312 061351.089 INFO             PET0 PASS Execute ESMC_RouteHandlePrint(), ESMC_FieldGridRegridCsrvUTest.C, line 526
20220312 061351.089 INFO             PET0 PASS Release an ESMC_RouteHandle via ESMC_FieldRegridRelease(), ESMC_FieldGridRegridCsrvUTest.C, line 534
20220312 061351.089 INFO             PET0 PASS Execute ESMC_FieldRegridGetArea() - source, ESMC_FieldGridRegridCsrvUTest.C, line 584
20220312 061351.089 INFO             PET0 PASS Execute ESMC_FieldRegridGetArea() - destination, ESMC_FieldGridRegridCsrvUTest.C, line 606
20220312 061351.089 INFO             PET0 PASS Regridding Validation, ESMC_FieldGridRegridCsrvUTest.C, line 671
20220312 061351.089 INFO             PET0 PASS Destroy ESMC_Field object, ESMC_FieldGridRegridCsrvUTest.C, line 685
20220312 061351.089 INFO             PET0 PASS Destroy ESMC_Field object, ESMC_FieldGridRegridCsrvUTest.C, line 693
20220312 061351.089 INFO             PET0 PASS Destroy ESMC_Grid object, ESMC_FieldGridRegridCsrvUTest.C, line 701
20220312 061351.090 INFO             PET0 PASS Destroy ESMC_Mesh object, ESMC_FieldGridRegridCsrvUTest.C, line 709
20220312 061351.090 INFO             PET0 Ending Test, file ESMC_FieldGridRegridCsrvUTest.C, line 714
20220312 061351.090 INFO             PET0 Finalizing ESMF
