build time -- 2022-03-12 06:00:00.945122
20220312 061355.394 INFO             PET0 !!!!!!!!!!!!!!!!!!!!!!!!!!!!!!!!!!!!!!!!!!!!!!!!!!!!!!
20220312 061355.394 INFO             PET0 !!! THE ESMF_LOG IS SET TO OUTPUT ALL LOG MESSAGES !!!
20220312 061355.394 INFO             PET0 !!!     THIS MAY CAUSE SLOWDOWN IN PERFORMANCE     !!!
20220312 061355.394 INFO             PET0 !!! FOR PRODUCTION RUNS, USE:                      !!!
20220312 061355.394 INFO             PET0 !!!                   ESMF_LOGKIND_Multi_On_Error  !!!
20220312 061355.394 INFO             PET0 !!!!!!!!!!!!!!!!!!!!!!!!!!!!!!!!!!!!!!!!!!!!!!!!!!!!!!
20220312 061355.394 INFO             PET0 Running with ESMF Version   : v8.3.0b09-96-g559b459836
20220312 061355.394 INFO             PET0 ESMF library build date/time: "Mar 12 2022" "05:58:05"
20220312 061355.394 INFO             PET0 ESMF library build location : /glade/scratch/rlong/esmf-testing/gfortran_7.4.0_openmpi_O_jedwards_pio_update2
20220312 061355.394 INFO             PET0 ESMF_COMM                   : openmpi
20220312 061355.394 INFO             PET0 ESMF_MOAB                   : enabled
20220312 061355.394 INFO             PET0 ESMF_LAPACK                 : enabled
20220312 061355.394 INFO             PET0 ESMF_NETCDF                 : enabled
20220312 061355.394 INFO             PET0 ESMF_PNETCDF                : disabled
20220312 061355.394 INFO             PET0 ESMF_PIO                    : enabled
20220312 061355.394 INFO             PET0 ESMF_YAMLCPP                : enabled
20220312 061355.394 INFO             PET0 Beginning Test, file ESMC_FieldSMMFromFileUTest.C, line 41
20220312 061355.394 INFO             PET0 Beginning Test, file ESMC_FieldSMMFromFileUTest.C, line 41NUMBER_OF_PROCESSORS 4
20220312 061355.412 INFO             PET0 PIOc_sync Enter - MemInfo: [/proc/meminfo - SSI]	MemTotal:       65507008 kB
20220312 061355.412 INFO             PET0 PIOc_sync Enter - MemInfo: [/proc/meminfo - SSI]	MemFree:        48658572 kB
20220312 061355.412 INFO             PET0 PIOc_sync Enter - MemInfo: [/proc/meminfo - SSI]	MemAvailable:   48420664 kB
20220312 061355.412 INFO             PET0 PIOc_sync Enter - MemInfo: [/proc/meminfo - SSI]	Committed_AS:   13194452 kB
20220312 061355.412 INFO             PET0 PIOc_sync Enter - MemInfo: [/proc/meminfo - SSI]	CommittedPercent: 20.142 %
20220312 061355.412 INFO             PET0 PIOc_sync Enter - MemInfo: [/proc/self/status]	VmPeak:	  514164 kB
20220312 061355.412 INFO             PET0 PIOc_sync Enter - MemInfo: [/proc/self/status]	VmSize:	  514164 kB
20220312 061355.412 INFO             PET0 PIOc_sync Enter - MemInfo: [/proc/self/status]	VmLck:	       0 kB
20220312 061355.412 INFO             PET0 PIOc_sync Enter - MemInfo: [/proc/self/status]	VmPin:	       0 kB
20220312 061355.412 INFO             PET0 PIOc_sync Enter - MemInfo: [/proc/self/status]	VmHWM:	   61076 kB
20220312 061355.412 INFO             PET0 PIOc_sync Enter - MemInfo: [/proc/self/status]	VmRSS:	   37792 kB
20220312 061355.412 INFO             PET0 PIOc_sync Enter - MemInfo: [/proc/self/status]	VmData:	   32288 kB
20220312 061355.412 INFO             PET0 PIOc_sync Enter - MemInfo: [/proc/self/status]	VmStk:	     148 kB
20220312 061355.412 INFO             PET0 PIOc_sync Enter - MemInfo: [/proc/self/status]	VmExe:	     204 kB
20220312 061355.412 INFO             PET0 PIOc_sync Enter - MemInfo: [/proc/self/status]	VmLib:	   48376 kB
20220312 061355.412 INFO             PET0 PIOc_sync Enter - MemInfo: [/proc/self/status]	VmPTE:	     744 kB
20220312 061355.412 INFO             PET0 PIOc_sync Enter - MemInfo: [/proc/self/status]	VmPMD:	      12 kB
20220312 061355.412 INFO             PET0 PIOc_sync Enter - MemInfo: [/proc/self/status]	VmSwap:	       0 kB
20220312 061355.412 INFO             PET0 PIOc_sync Enter - MemInfo: [/proc/self/status]	VmRSSPercent: 0.0576915 %
20220312 061355.412 INFO             PET0 PIOc_sync Enter - MemInfo: [malloc] Non-mmapped space allocated:                 3502080 Byte
20220312 061355.412 INFO             PET0 PIOc_sync Enter - MemInfo: [malloc] Space allocated in mmapped regions:         18890752 Byte
20220312 061355.415 INFO             PET0 PIOc_sync Enter - MemInfo: [malloc] Maximum total allocated space:                     0 Byte
20220312 061355.415 INFO             PET0 PIOc_sync Enter - MemInfo: [malloc] Space in freed fastbin blocks:                  1344 Byte
20220312 061355.415 INFO             PET0 PIOc_sync Enter - MemInfo: [malloc] Total allocated space:                       3151040 Byte
20220312 061355.415 INFO             PET0 PIOc_sync Enter - MemInfo: [malloc] Total free space:                             351040 Byte
20220312 061355.415 INFO             PET0 PIOc_sync Enter - MemInfo: [malloc] Top-most, releasable space:                   151536 Byte
20220312 061355.415 INFO             PET0 PIOc_sync Enter - MemInfo: [malloc] Total space in use, mmap + non-mmap:        22041792 Byte
20220312 061355.415 INFO             PET0 PIOc_sync Enter - MemInfo: [malloc] Total space held (mmap + non-mmap):         22392832 Byte
20220312 061355.415 INFO             PET0 PIOc_sync Enter - MemInfo: [malloc] Total space used (mmap + non-mmap):         22051120 Byte
20220312 061355.415 INFO             PET0 PIOc_sync Enter - MemInfo: Wall-clock time since execution start:              0.0221478 seconds
20220312 061355.416 INFO             PET0 PIOc_sync Exit - MemInfo: [/proc/meminfo - SSI]	MemTotal:       65507008 kB
20220312 061355.416 INFO             PET0 PIOc_sync Exit - MemInfo: [/proc/meminfo - SSI]	MemFree:        48658572 kB
20220312 061355.416 INFO             PET0 PIOc_sync Exit - MemInfo: [/proc/meminfo - SSI]	MemAvailable:   48420664 kB
20220312 061355.416 INFO             PET0 PIOc_sync Exit - MemInfo: [/proc/meminfo - SSI]	Committed_AS:   13194452 kB
20220312 061355.416 INFO             PET0 PIOc_sync Exit - MemInfo: [/proc/meminfo - SSI]	CommittedPercent: 20.142 %
20220312 061355.416 INFO             PET0 PIOc_sync Exit - MemInfo: [/proc/self/status]	VmPeak:	  514164 kB
20220312 061355.416 INFO             PET0 PIOc_sync Exit - MemInfo: [/proc/self/status]	VmSize:	  514164 kB
20220312 061355.416 INFO             PET0 PIOc_sync Exit - MemInfo: [/proc/self/status]	VmLck:	       0 kB
20220312 061355.416 INFO             PET0 PIOc_sync Exit - MemInfo: [/proc/self/status]	VmPin:	       0 kB
20220312 061355.416 INFO             PET0 PIOc_sync Exit - MemInfo: [/proc/self/status]	VmHWM:	   61076 kB
20220312 061355.416 INFO             PET0 PIOc_sync Exit - MemInfo: [/proc/self/status]	VmRSS:	   37908 kB
20220312 061355.416 INFO             PET0 PIOc_sync Exit - MemInfo: [/proc/self/status]	VmData:	   32288 kB
20220312 061355.416 INFO             PET0 PIOc_sync Exit - MemInfo: [/proc/self/status]	VmStk:	     148 kB
20220312 061355.416 INFO             PET0 PIOc_sync Exit - MemInfo: [/proc/self/status]	VmExe:	     204 kB
20220312 061355.416 INFO             PET0 PIOc_sync Exit - MemInfo: [/proc/self/status]	VmLib:	   48376 kB
20220312 061355.416 INFO             PET0 PIOc_sync Exit - MemInfo: [/proc/self/status]	VmPTE:	     744 kB
20220312 061355.416 INFO             PET0 PIOc_sync Exit - MemInfo: [/proc/self/status]	VmPMD:	      12 kB
20220312 061355.416 INFO             PET0 PIOc_sync Exit - MemInfo: [/proc/self/status]	VmSwap:	       0 kB
20220312 061355.416 INFO             PET0 PIOc_sync Exit - MemInfo: [/proc/self/status]	VmRSSPercent: 0.0578686 %
20220312 061355.416 INFO             PET0 PIOc_sync Exit - MemInfo: [malloc] Non-mmapped space allocated:                 3502080 Byte
20220312 061355.416 INFO             PET0 PIOc_sync Exit - MemInfo: [malloc] Space allocated in mmapped regions:         18890752 Byte
20220312 061355.416 INFO             PET0 PIOc_sync Exit - MemInfo: [malloc] Maximum total allocated space:                     0 Byte
20220312 061355.416 INFO             PET0 PIOc_sync Exit - MemInfo: [malloc] Space in freed fastbin blocks:                  2160 Byte
20220312 061355.416 INFO             PET0 PIOc_sync Exit - MemInfo: [malloc] Total allocated space:                       3153376 Byte
20220312 061355.416 INFO             PET0 PIOc_sync Exit - MemInfo: [malloc] Total free space:                             348704 Byte
20220312 061355.416 INFO             PET0 PIOc_sync Exit - MemInfo: [malloc] Top-most, releasable space:                   143904 Byte
20220312 061355.416 INFO             PET0 PIOc_sync Exit - MemInfo: [malloc] Total space in use, mmap + non-mmap:        22044128 Byte
20220312 061355.416 INFO             PET0 PIOc_sync Exit - MemInfo: [malloc] Total space held (mmap + non-mmap):         22392832 Byte
20220312 061355.416 INFO             PET0 PIOc_sync Exit - MemInfo: [malloc] Total space used (mmap + non-mmap):         22053456 Byte
20220312 061355.416 INFO             PET0 PIOc_sync Exit - MemInfo: Wall-clock time since execution start:               0.023252 seconds
20220312 061355.417 INFO             PET0 PIOc_freedecomp Enter - MemInfo: [/proc/meminfo - SSI]	MemTotal:       65507008 kB
20220312 061355.417 INFO             PET0 PIOc_freedecomp Enter - MemInfo: [/proc/meminfo - SSI]	MemFree:        48673692 kB
20220312 061355.417 INFO             PET0 PIOc_freedecomp Enter - MemInfo: [/proc/meminfo - SSI]	MemAvailable:   48435784 kB
20220312 061355.417 INFO             PET0 PIOc_freedecomp Enter - MemInfo: [/proc/meminfo - SSI]	Committed_AS:   13178064 kB
20220312 061355.417 INFO             PET0 PIOc_freedecomp Enter - MemInfo: [/proc/meminfo - SSI]	CommittedPercent: 20.117 %
20220312 061355.417 INFO             PET0 PIOc_freedecomp Enter - MemInfo: [/proc/self/status]	VmPeak:	  514164 kB
20220312 061355.417 INFO             PET0 PIOc_freedecomp Enter - MemInfo: [/proc/self/status]	VmSize:	  497260 kB
20220312 061355.417 INFO             PET0 PIOc_freedecomp Enter - MemInfo: [/proc/self/status]	VmLck:	       0 kB
20220312 061355.417 INFO             PET0 PIOc_freedecomp Enter - MemInfo: [/proc/self/status]	VmPin:	       0 kB
20220312 061355.417 INFO             PET0 PIOc_freedecomp Enter - MemInfo: [/proc/self/status]	VmHWM:	   61076 kB
20220312 061355.417 INFO             PET0 PIOc_freedecomp Enter - MemInfo: [/proc/self/status]	VmRSS:	   21520 kB
20220312 061355.417 INFO             PET0 PIOc_freedecomp Enter - MemInfo: [/proc/self/status]	VmData:	   15384 kB
20220312 061355.417 INFO             PET0 PIOc_freedecomp Enter - MemInfo: [/proc/self/status]	VmStk:	     148 kB
20220312 061355.417 INFO             PET0 PIOc_freedecomp Enter - MemInfo: [/proc/self/status]	VmExe:	     204 kB
20220312 061355.417 INFO             PET0 PIOc_freedecomp Enter - MemInfo: [/proc/self/status]	VmLib:	   48376 kB
20220312 061355.417 INFO             PET0 PIOc_freedecomp Enter - MemInfo: [/proc/self/status]	VmPTE:	     712 kB
20220312 061355.417 INFO             PET0 PIOc_freedecomp Enter - MemInfo: [/proc/self/status]	VmPMD:	      12 kB
20220312 061355.417 INFO             PET0 PIOc_freedecomp Enter - MemInfo: [/proc/self/status]	VmSwap:	       0 kB
20220312 061355.417 INFO             PET0 PIOc_freedecomp Enter - MemInfo: [/proc/self/status]	VmRSSPercent: 0.0328514 %
20220312 061355.417 INFO             PET0 PIOc_freedecomp Enter - MemInfo: [malloc] Non-mmapped space allocated:                 3502080 Byte
20220312 061355.417 INFO             PET0 PIOc_freedecomp Enter - MemInfo: [malloc] Space allocated in mmapped regions:          1581056 Byte
20220312 061355.417 INFO             PET0 PIOc_freedecomp Enter - MemInfo: [malloc] Maximum total allocated space:                     0 Byte
20220312 061355.417 INFO             PET0 PIOc_freedecomp Enter - MemInfo: [malloc] Space in freed fastbin blocks:                  2720 Byte
20220312 061355.417 INFO             PET0 PIOc_freedecomp Enter - MemInfo: [malloc] Total allocated space:                       3140208 Byte
20220312 061355.417 INFO             PET0 PIOc_freedecomp Enter - MemInfo: [malloc] Total free space:                             361872 Byte
20220312 061355.417 INFO             PET0 PIOc_freedecomp Enter - MemInfo: [malloc] Top-most, releasable space:                   144400 Byte
20220312 061355.417 INFO             PET0 PIOc_freedecomp Enter - MemInfo: [malloc] Total space in use, mmap + non-mmap:         4721264 Byte
20220312 061355.417 INFO             PET0 PIOc_freedecomp Enter - MemInfo: [malloc] Total space held (mmap + non-mmap):          5083136 Byte
20220312 061355.417 INFO             PET0 PIOc_freedecomp Enter - MemInfo: [malloc] Total space used (mmap + non-mmap):          4730592 Byte
20220312 061355.417 INFO             PET0 PIOc_freedecomp Enter - MemInfo: Wall-clock time since execution start:              0.0243927 seconds
20220312 061355.417 INFO             PET0 PIOc_freedecomp Exit - MemInfo: [/proc/meminfo - SSI]	MemTotal:       65507008 kB
20220312 061355.417 INFO             PET0 PIOc_freedecomp Exit - MemInfo: [/proc/meminfo - SSI]	MemFree:        48673692 kB
20220312 061355.417 INFO             PET0 PIOc_freedecomp Exit - MemInfo: [/proc/meminfo - SSI]	MemAvailable:   48435784 kB
20220312 061355.417 INFO             PET0 PIOc_freedecomp Exit - MemInfo: [/proc/meminfo - SSI]	Committed_AS:   13178064 kB
20220312 061355.417 INFO             PET0 PIOc_freedecomp Exit - MemInfo: [/proc/meminfo - SSI]	CommittedPercent: 20.117 %
20220312 061355.417 INFO             PET0 PIOc_freedecomp Exit - MemInfo: [/proc/self/status]	VmPeak:	  514164 kB
20220312 061355.417 INFO             PET0 PIOc_freedecomp Exit - MemInfo: [/proc/self/status]	VmSize:	  497260 kB
20220312 061355.417 INFO             PET0 PIOc_freedecomp Exit - MemInfo: [/proc/self/status]	VmLck:	       0 kB
20220312 061355.417 INFO             PET0 PIOc_freedecomp Exit - MemInfo: [/proc/self/status]	VmPin:	       0 kB
20220312 061355.417 INFO             PET0 PIOc_freedecomp Exit - MemInfo: [/proc/self/status]	VmHWM:	   61076 kB
20220312 061355.417 INFO             PET0 PIOc_freedecomp Exit - MemInfo: [/proc/self/status]	VmRSS:	   21520 kB
20220312 061355.417 INFO             PET0 PIOc_freedecomp Exit - MemInfo: [/proc/self/status]	VmData:	   15384 kB
20220312 061355.417 INFO             PET0 PIOc_freedecomp Exit - MemInfo: [/proc/self/status]	VmStk:	     148 kB
20220312 061355.417 INFO             PET0 PIOc_freedecomp Exit - MemInfo: [/proc/self/status]	VmExe:	     204 kB
20220312 061355.417 INFO             PET0 PIOc_freedecomp Exit - MemInfo: [/proc/self/status]	VmLib:	   48376 kB
20220312 061355.417 INFO             PET0 PIOc_freedecomp Exit - MemInfo: [/proc/self/status]	VmPTE:	     712 kB
20220312 061355.417 INFO             PET0 PIOc_freedecomp Exit - MemInfo: [/proc/self/status]	VmPMD:	      12 kB
20220312 061355.417 INFO             PET0 PIOc_freedecomp Exit - MemInfo: [/proc/self/status]	VmSwap:	       0 kB
20220312 061355.417 INFO             PET0 PIOc_freedecomp Exit - MemInfo: [/proc/self/status]	VmRSSPercent: 0.0328514 %
20220312 061355.417 INFO             PET0 PIOc_freedecomp Exit - MemInfo: [malloc] Non-mmapped space allocated:                 3502080 Byte
20220312 061355.417 INFO             PET0 PIOc_freedecomp Exit - MemInfo: [malloc] Space allocated in mmapped regions:          1581056 Byte
20220312 061355.417 INFO             PET0 PIOc_freedecomp Exit - MemInfo: [malloc] Maximum total allocated space:                     0 Byte
20220312 061355.417 INFO             PET0 PIOc_freedecomp Exit - MemInfo: [malloc] Space in freed fastbin blocks:                  3008 Byte
20220312 061355.417 INFO             PET0 PIOc_freedecomp Exit - MemInfo: [malloc] Total allocated space:                       3132464 Byte
20220312 061355.417 INFO             PET0 PIOc_freedecomp Exit - MemInfo: [malloc] Total free space:                             369616 Byte
20220312 061355.417 INFO             PET0 PIOc_freedecomp Exit - MemInfo: [malloc] Top-most, releasable space:                   144400 Byte
20220312 061355.417 INFO             PET0 PIOc_freedecomp Exit - MemInfo: [malloc] Total space in use, mmap + non-mmap:         4713520 Byte
20220312 061355.417 INFO             PET0 PIOc_freedecomp Exit - MemInfo: [malloc] Total space held (mmap + non-mmap):          5083136 Byte
20220312 061355.417 INFO             PET0 PIOc_freedecomp Exit - MemInfo: [malloc] Total space used (mmap + non-mmap):          4722848 Byte
20220312 061355.417 INFO             PET0 PIOc_freedecomp Exit - MemInfo: Wall-clock time since execution start:              0.0247377 seconds
20220312 061355.422 INFO             PET0 PIOc_sync Enter - MemInfo: [/proc/meminfo - SSI]	MemTotal:       65507008 kB
20220312 061355.422 INFO             PET0 PIOc_sync Enter - MemInfo: [/proc/meminfo - SSI]	MemFree:        48666636 kB
20220312 061355.422 INFO             PET0 PIOc_sync Enter - MemInfo: [/proc/meminfo - SSI]	MemAvailable:   48428728 kB
20220312 061355.422 INFO             PET0 PIOc_sync Enter - MemInfo: [/proc/meminfo - SSI]	Committed_AS:   13194412 kB
20220312 061355.422 INFO             PET0 PIOc_sync Enter - MemInfo: [/proc/meminfo - SSI]	CommittedPercent: 20.142 %
20220312 061355.422 INFO             PET0 PIOc_sync Enter - MemInfo: [/proc/self/status]	VmPeak:	  514164 kB
20220312 061355.422 INFO             PET0 PIOc_sync Enter - MemInfo: [/proc/self/status]	VmSize:	  514124 kB
20220312 061355.422 INFO             PET0 PIOc_sync Enter - MemInfo: [/proc/self/status]	VmLck:	       0 kB
20220312 061355.422 INFO             PET0 PIOc_sync Enter - MemInfo: [/proc/self/status]	VmPin:	       0 kB
20220312 061355.422 INFO             PET0 PIOc_sync Enter - MemInfo: [/proc/self/status]	VmHWM:	   61076 kB
20220312 061355.422 INFO             PET0 PIOc_sync Enter - MemInfo: [/proc/self/status]	VmRSS:	   29876 kB
20220312 061355.422 INFO             PET0 PIOc_sync Enter - MemInfo: [/proc/self/status]	VmData:	   32248 kB
20220312 061355.422 INFO             PET0 PIOc_sync Enter - MemInfo: [/proc/self/status]	VmStk:	     148 kB
20220312 061355.422 INFO             PET0 PIOc_sync Enter - MemInfo: [/proc/self/status]	VmExe:	     204 kB
20220312 061355.422 INFO             PET0 PIOc_sync Enter - MemInfo: [/proc/self/status]	VmLib:	   48376 kB
20220312 061355.422 INFO             PET0 PIOc_sync Enter - MemInfo: [/proc/self/status]	VmPTE:	     732 kB
20220312 061355.422 INFO             PET0 PIOc_sync Enter - MemInfo: [/proc/self/status]	VmPMD:	      12 kB
20220312 061355.422 INFO             PET0 PIOc_sync Enter - MemInfo: [/proc/self/status]	VmSwap:	       0 kB
20220312 061355.422 INFO             PET0 PIOc_sync Enter - MemInfo: [/proc/self/status]	VmRSSPercent: 0.0456073 %
20220312 061355.422 INFO             PET0 PIOc_sync Enter - MemInfo: [malloc] Non-mmapped space allocated:                20770816 Byte
20220312 061355.422 INFO             PET0 PIOc_sync Enter - MemInfo: [malloc] Space allocated in mmapped regions:          1581056 Byte
20220312 061355.422 INFO             PET0 PIOc_sync Enter - MemInfo: [malloc] Maximum total allocated space:                     0 Byte
20220312 061355.422 INFO             PET0 PIOc_sync Enter - MemInfo: [malloc] Space in freed fastbin blocks:                  1888 Byte
20220312 061355.422 INFO             PET0 PIOc_sync Enter - MemInfo: [malloc] Total allocated space:                      20452704 Byte
20220312 061355.422 INFO             PET0 PIOc_sync Enter - MemInfo: [malloc] Total free space:                             318112 Byte
20220312 061355.422 INFO             PET0 PIOc_sync Enter - MemInfo: [malloc] Top-most, releasable space:                   118192 Byte
20220312 061355.422 INFO             PET0 PIOc_sync Enter - MemInfo: [malloc] Total space in use, mmap + non-mmap:        22033760 Byte
20220312 061355.422 INFO             PET0 PIOc_sync Enter - MemInfo: [malloc] Total space held (mmap + non-mmap):         22351872 Byte
20220312 061355.422 INFO             PET0 PIOc_sync Enter - MemInfo: [malloc] Total space used (mmap + non-mmap):         22043088 Byte
20220312 061355.422 INFO             PET0 PIOc_sync Enter - MemInfo: Wall-clock time since execution start:              0.0295322 seconds
20220312 061355.422 INFO             PET0 PIOc_sync Exit - MemInfo: [/proc/meminfo - SSI]	MemTotal:       65507008 kB
20220312 061355.422 INFO             PET0 PIOc_sync Exit - MemInfo: [/proc/meminfo - SSI]	MemFree:        48666636 kB
20220312 061355.422 INFO             PET0 PIOc_sync Exit - MemInfo: [/proc/meminfo - SSI]	MemAvailable:   48428728 kB
20220312 061355.422 INFO             PET0 PIOc_sync Exit - MemInfo: [/proc/meminfo - SSI]	Committed_AS:   13194412 kB
20220312 061355.422 INFO             PET0 PIOc_sync Exit - MemInfo: [/proc/meminfo - SSI]	CommittedPercent: 20.142 %
20220312 061355.422 INFO             PET0 PIOc_sync Exit - MemInfo: [/proc/self/status]	VmPeak:	  514164 kB
20220312 061355.422 INFO             PET0 PIOc_sync Exit - MemInfo: [/proc/self/status]	VmSize:	  514124 kB
20220312 061355.422 INFO             PET0 PIOc_sync Exit - MemInfo: [/proc/self/status]	VmLck:	       0 kB
20220312 061355.422 INFO             PET0 PIOc_sync Exit - MemInfo: [/proc/self/status]	VmPin:	       0 kB
20220312 061355.422 INFO             PET0 PIOc_sync Exit - MemInfo: [/proc/self/status]	VmHWM:	   61076 kB
20220312 061355.422 INFO             PET0 PIOc_sync Exit - MemInfo: [/proc/self/status]	VmRSS:	   29896 kB
20220312 061355.422 INFO             PET0 PIOc_sync Exit - MemInfo: [/proc/self/status]	VmData:	   32248 kB
20220312 061355.422 INFO             PET0 PIOc_sync Exit - MemInfo: [/proc/self/status]	VmStk:	     148 kB
20220312 061355.422 INFO             PET0 PIOc_sync Exit - MemInfo: [/proc/self/status]	VmExe:	     204 kB
20220312 061355.422 INFO             PET0 PIOc_sync Exit - MemInfo: [/proc/self/status]	VmLib:	   48376 kB
20220312 061355.422 INFO             PET0 PIOc_sync Exit - MemInfo: [/proc/self/status]	VmPTE:	     732 kB
20220312 061355.422 INFO             PET0 PIOc_sync Exit - MemInfo: [/proc/self/status]	VmPMD:	      12 kB
20220312 061355.422 INFO             PET0 PIOc_sync Exit - MemInfo: [/proc/self/status]	VmSwap:	       0 kB
20220312 061355.422 INFO             PET0 PIOc_sync Exit - MemInfo: [/proc/self/status]	VmRSSPercent: 0.0456379 %
20220312 061355.423 INFO             PET0 PIOc_sync Exit - MemInfo: [malloc] Non-mmapped space allocated:                20770816 Byte
20220312 061355.423 INFO             PET0 PIOc_sync Exit - MemInfo: [malloc] Space allocated in mmapped regions:          1581056 Byte
20220312 061355.423 INFO             PET0 PIOc_sync Exit - MemInfo: [malloc] Maximum total allocated space:                     0 Byte
20220312 061355.423 INFO             PET0 PIOc_sync Exit - MemInfo: [malloc] Space in freed fastbin blocks:                  2160 Byte
20220312 061355.423 INFO             PET0 PIOc_sync Exit - MemInfo: [malloc] Total allocated space:                      20455296 Byte
20220312 061355.423 INFO             PET0 PIOc_sync Exit - MemInfo: [malloc] Total free space:                             315520 Byte
20220312 061355.423 INFO             PET0 PIOc_sync Exit - MemInfo: [malloc] Top-most, releasable space:                   111904 Byte
20220312 061355.423 INFO             PET0 PIOc_sync Exit - MemInfo: [malloc] Total space in use, mmap + non-mmap:        22036352 Byte
20220312 061355.423 INFO             PET0 PIOc_sync Exit - MemInfo: [malloc] Total space held (mmap + non-mmap):         22351872 Byte
20220312 061355.423 INFO             PET0 PIOc_sync Exit - MemInfo: [malloc] Total space used (mmap + non-mmap):         22045680 Byte
20220312 061355.423 INFO             PET0 PIOc_sync Exit - MemInfo: Wall-clock time since execution start:              0.0299532 seconds
20220312 061355.423 INFO             PET0 PIOc_freedecomp Enter - MemInfo: [/proc/meminfo - SSI]	MemTotal:       65507008 kB
20220312 061355.423 INFO             PET0 PIOc_freedecomp Enter - MemInfo: [/proc/meminfo - SSI]	MemFree:        48666636 kB
20220312 061355.423 INFO             PET0 PIOc_freedecomp Enter - MemInfo: [/proc/meminfo - SSI]	MemAvailable:   48428728 kB
20220312 061355.423 INFO             PET0 PIOc_freedecomp Enter - MemInfo: [/proc/meminfo - SSI]	Committed_AS:   13194412 kB
20220312 061355.423 INFO             PET0 PIOc_freedecomp Enter - MemInfo: [/proc/meminfo - SSI]	CommittedPercent: 20.142 %
20220312 061355.423 INFO             PET0 PIOc_freedecomp Enter - MemInfo: [/proc/self/status]	VmPeak:	  514164 kB
20220312 061355.423 INFO             PET0 PIOc_freedecomp Enter - MemInfo: [/proc/self/status]	VmSize:	  514124 kB
20220312 061355.423 INFO             PET0 PIOc_freedecomp Enter - MemInfo: [/proc/self/status]	VmLck:	       0 kB
20220312 061355.423 INFO             PET0 PIOc_freedecomp Enter - MemInfo: [/proc/self/status]	VmPin:	       0 kB
20220312 061355.423 INFO             PET0 PIOc_freedecomp Enter - MemInfo: [/proc/self/status]	VmHWM:	   61076 kB
20220312 061355.423 INFO             PET0 PIOc_freedecomp Enter - MemInfo: [/proc/self/status]	VmRSS:	   29900 kB
20220312 061355.423 INFO             PET0 PIOc_freedecomp Enter - MemInfo: [/proc/self/status]	VmData:	   32248 kB
20220312 061355.423 INFO             PET0 PIOc_freedecomp Enter - MemInfo: [/proc/self/status]	VmStk:	     148 kB
20220312 061355.423 INFO             PET0 PIOc_freedecomp Enter - MemInfo: [/proc/self/status]	VmExe:	     204 kB
20220312 061355.423 INFO             PET0 PIOc_freedecomp Enter - MemInfo: [/proc/self/status]	VmLib:	   48376 kB
20220312 061355.423 INFO             PET0 PIOc_freedecomp Enter - MemInfo: [/proc/self/status]	VmPTE:	     732 kB
20220312 061355.423 INFO             PET0 PIOc_freedecomp Enter - MemInfo: [/proc/self/status]	VmPMD:	      12 kB
20220312 061355.423 INFO             PET0 PIOc_freedecomp Enter - MemInfo: [/proc/self/status]	VmSwap:	       0 kB
20220312 061355.423 INFO             PET0 PIOc_freedecomp Enter - MemInfo: [/proc/self/status]	VmRSSPercent: 0.045644 %
20220312 061355.423 INFO             PET0 PIOc_freedecomp Enter - MemInfo: [malloc] Non-mmapped space allocated:                20770816 Byte
20220312 061355.423 INFO             PET0 PIOc_freedecomp Enter - MemInfo: [malloc] Space allocated in mmapped regions:          1581056 Byte
20220312 061355.423 INFO             PET0 PIOc_freedecomp Enter - MemInfo: [malloc] Maximum total allocated space:                     0 Byte
20220312 061355.423 INFO             PET0 PIOc_freedecomp Enter - MemInfo: [malloc] Space in freed fastbin blocks:                  1728 Byte
20220312 061355.423 INFO             PET0 PIOc_freedecomp Enter - MemInfo: [malloc] Total allocated space:                       3140144 Byte
20220312 061355.423 INFO             PET0 PIOc_freedecomp Enter - MemInfo: [malloc] Total free space:                           17630672 Byte
20220312 061355.423 INFO             PET0 PIOc_freedecomp Enter - MemInfo: [malloc] Top-most, releasable space:                   112400 Byte
20220312 061355.423 INFO             PET0 PIOc_freedecomp Enter - MemInfo: [malloc] Total space in use, mmap + non-mmap:         4721200 Byte
20220312 061355.423 INFO             PET0 PIOc_freedecomp Enter - MemInfo: [malloc] Total space held (mmap + non-mmap):         22351872 Byte
20220312 061355.423 INFO             PET0 PIOc_freedecomp Enter - MemInfo: [malloc] Total space used (mmap + non-mmap):          4730528 Byte
20220312 061355.423 INFO             PET0 PIOc_freedecomp Enter - MemInfo: Wall-clock time since execution start:              0.0303239 seconds
20220312 061355.423 INFO             PET0 PIOc_freedecomp Exit - MemInfo: [/proc/meminfo - SSI]	MemTotal:       65507008 kB
20220312 061355.423 INFO             PET0 PIOc_freedecomp Exit - MemInfo: [/proc/meminfo - SSI]	MemFree:        48666636 kB
20220312 061355.423 INFO             PET0 PIOc_freedecomp Exit - MemInfo: [/proc/meminfo - SSI]	MemAvailable:   48428728 kB
20220312 061355.423 INFO             PET0 PIOc_freedecomp Exit - MemInfo: [/proc/meminfo - SSI]	Committed_AS:   13194412 kB
20220312 061355.423 INFO             PET0 PIOc_freedecomp Exit - MemInfo: [/proc/meminfo - SSI]	CommittedPercent: 20.142 %
20220312 061355.423 INFO             PET0 PIOc_freedecomp Exit - MemInfo: [/proc/self/status]	VmPeak:	  514164 kB
20220312 061355.423 INFO             PET0 PIOc_freedecomp Exit - MemInfo: [/proc/self/status]	VmSize:	  514124 kB
20220312 061355.423 INFO             PET0 PIOc_freedecomp Exit - MemInfo: [/proc/self/status]	VmLck:	       0 kB
20220312 061355.423 INFO             PET0 PIOc_freedecomp Exit - MemInfo: [/proc/self/status]	VmPin:	       0 kB
20220312 061355.423 INFO             PET0 PIOc_freedecomp Exit - MemInfo: [/proc/self/status]	VmHWM:	   61076 kB
20220312 061355.423 INFO             PET0 PIOc_freedecomp Exit - MemInfo: [/proc/self/status]	VmRSS:	   29900 kB
20220312 061355.423 INFO             PET0 PIOc_freedecomp Exit - MemInfo: [/proc/self/status]	VmData:	   32248 kB
20220312 061355.423 INFO             PET0 PIOc_freedecomp Exit - MemInfo: [/proc/self/status]	VmStk:	     148 kB
20220312 061355.423 INFO             PET0 PIOc_freedecomp Exit - MemInfo: [/proc/self/status]	VmExe:	     204 kB
20220312 061355.423 INFO             PET0 PIOc_freedecomp Exit - MemInfo: [/proc/self/status]	VmLib:	   48376 kB
20220312 061355.423 INFO             PET0 PIOc_freedecomp Exit - MemInfo: [/proc/self/status]	VmPTE:	     732 kB
20220312 061355.423 INFO             PET0 PIOc_freedecomp Exit - MemInfo: [/proc/self/status]	VmPMD:	      12 kB
20220312 061355.423 INFO             PET0 PIOc_freedecomp Exit - MemInfo: [/proc/self/status]	VmSwap:	       0 kB
20220312 061355.423 INFO             PET0 PIOc_freedecomp Exit - MemInfo: [/proc/self/status]	VmRSSPercent: 0.045644 %
20220312 061355.423 INFO             PET0 PIOc_freedecomp Exit - MemInfo: [malloc] Non-mmapped space allocated:                20770816 Byte
20220312 061355.423 INFO             PET0 PIOc_freedecomp Exit - MemInfo: [malloc] Space allocated in mmapped regions:          1581056 Byte
20220312 061355.423 INFO             PET0 PIOc_freedecomp Exit - MemInfo: [malloc] Maximum total allocated space:                     0 Byte
20220312 061355.423 INFO             PET0 PIOc_freedecomp Exit - MemInfo: [malloc] Space in freed fastbin blocks:                  3264 Byte
20220312 061355.423 INFO             PET0 PIOc_freedecomp Exit - MemInfo: [malloc] Total allocated space:                       3132400 Byte
20220312 061355.423 INFO             PET0 PIOc_freedecomp Exit - MemInfo: [malloc] Total free space:                           17638416 Byte
20220312 061355.423 INFO             PET0 PIOc_freedecomp Exit - MemInfo: [malloc] Top-most, releasable space:                   112400 Byte
20220312 061355.423 INFO             PET0 PIOc_freedecomp Exit - MemInfo: [malloc] Total space in use, mmap + non-mmap:         4713456 Byte
20220312 061355.423 INFO             PET0 PIOc_freedecomp Exit - MemInfo: [malloc] Total space held (mmap + non-mmap):         22351872 Byte
20220312 061355.423 INFO             PET0 PIOc_freedecomp Exit - MemInfo: [malloc] Total space used (mmap + non-mmap):          4722784 Byte
20220312 061355.423 INFO             PET0 PIOc_freedecomp Exit - MemInfo: Wall-clock time since execution start:              0.0306579 seconds
20220312 061355.424 INFO             PET0 PIOc_sync Enter - MemInfo: [/proc/meminfo - SSI]	MemTotal:       65507008 kB
20220312 061355.424 INFO             PET0 PIOc_sync Enter - MemInfo: [/proc/meminfo - SSI]	MemFree:        48666636 kB
20220312 061355.424 INFO             PET0 PIOc_sync Enter - MemInfo: [/proc/meminfo - SSI]	MemAvailable:   48428728 kB
20220312 061355.424 INFO             PET0 PIOc_sync Enter - MemInfo: [/proc/meminfo - SSI]	Committed_AS:   13194412 kB
20220312 061355.424 INFO             PET0 PIOc_sync Enter - MemInfo: [/proc/meminfo - SSI]	CommittedPercent: 20.142 %
20220312 061355.424 INFO             PET0 PIOc_sync Enter - MemInfo: [/proc/self/status]	VmPeak:	  522312 kB
20220312 061355.424 INFO             PET0 PIOc_sync Enter - MemInfo: [/proc/self/status]	VmSize:	  514124 kB
20220312 061355.424 INFO             PET0 PIOc_sync Enter - MemInfo: [/proc/self/status]	VmLck:	       0 kB
20220312 061355.424 INFO             PET0 PIOc_sync Enter - MemInfo: [/proc/self/status]	VmPin:	       0 kB
20220312 061355.424 INFO             PET0 PIOc_sync Enter - MemInfo: [/proc/self/status]	VmHWM:	   61076 kB
20220312 061355.424 INFO             PET0 PIOc_sync Enter - MemInfo: [/proc/self/status]	VmRSS:	   30244 kB
20220312 061355.424 INFO             PET0 PIOc_sync Enter - MemInfo: [/proc/self/status]	VmData:	   32248 kB
20220312 061355.424 INFO             PET0 PIOc_sync Enter - MemInfo: [/proc/self/status]	VmStk:	     148 kB
20220312 061355.424 INFO             PET0 PIOc_sync Enter - MemInfo: [/proc/self/status]	VmExe:	     204 kB
20220312 061355.424 INFO             PET0 PIOc_sync Enter - MemInfo: [/proc/self/status]	VmLib:	   48376 kB
20220312 061355.424 INFO             PET0 PIOc_sync Enter - MemInfo: [/proc/self/status]	VmPTE:	     732 kB
20220312 061355.424 INFO             PET0 PIOc_sync Enter - MemInfo: [/proc/self/status]	VmPMD:	      12 kB
20220312 061355.424 INFO             PET0 PIOc_sync Enter - MemInfo: [/proc/self/status]	VmSwap:	       0 kB
20220312 061355.424 INFO             PET0 PIOc_sync Enter - MemInfo: [/proc/self/status]	VmRSSPercent: 0.0461691 %
20220312 061355.424 INFO             PET0 PIOc_sync Enter - MemInfo: [malloc] Non-mmapped space allocated:                20770816 Byte
20220312 061355.425 INFO             PET0 PIOc_sync Enter - MemInfo: [malloc] Space allocated in mmapped regions:          1581056 Byte
20220312 061355.425 INFO             PET0 PIOc_sync Enter - MemInfo: [malloc] Maximum total allocated space:                     0 Byte
20220312 061355.425 INFO             PET0 PIOc_sync Enter - MemInfo: [malloc] Space in freed fastbin blocks:                  2128 Byte
20220312 061355.425 INFO             PET0 PIOc_sync Enter - MemInfo: [malloc] Total allocated space:                      20453184 Byte
20220312 061355.425 INFO             PET0 PIOc_sync Enter - MemInfo: [malloc] Total free space:                             317632 Byte
20220312 061355.425 INFO             PET0 PIOc_sync Enter - MemInfo: [malloc] Top-most, releasable space:                   117408 Byte
20220312 061355.425 INFO             PET0 PIOc_sync Enter - MemInfo: [malloc] Total space in use, mmap + non-mmap:        22034240 Byte
20220312 061355.425 INFO             PET0 PIOc_sync Enter - MemInfo: [malloc] Total space held (mmap + non-mmap):         22351872 Byte
20220312 061355.425 INFO             PET0 PIOc_sync Enter - MemInfo: [malloc] Total space used (mmap + non-mmap):         22043568 Byte
20220312 061355.425 INFO             PET0 PIOc_sync Enter - MemInfo: Wall-clock time since execution start:              0.0319444 seconds
20220312 061355.427 INFO             PET0 PIOc_sync Exit - MemInfo: [/proc/meminfo - SSI]	MemTotal:       65507008 kB
20220312 061355.427 INFO             PET0 PIOc_sync Exit - MemInfo: [/proc/meminfo - SSI]	MemFree:        48666636 kB
20220312 061355.427 INFO             PET0 PIOc_sync Exit - MemInfo: [/proc/meminfo - SSI]	MemAvailable:   48428728 kB
20220312 061355.427 INFO             PET0 PIOc_sync Exit - MemInfo: [/proc/meminfo - SSI]	Committed_AS:   13194412 kB
20220312 061355.427 INFO             PET0 PIOc_sync Exit - MemInfo: [/proc/meminfo - SSI]	CommittedPercent: 20.142 %
20220312 061355.427 INFO             PET0 PIOc_sync Exit - MemInfo: [/proc/self/status]	VmPeak:	  522312 kB
20220312 061355.427 INFO             PET0 PIOc_sync Exit - MemInfo: [/proc/self/status]	VmSize:	  514124 kB
20220312 061355.427 INFO             PET0 PIOc_sync Exit - MemInfo: [/proc/self/status]	VmLck:	       0 kB
20220312 061355.427 INFO             PET0 PIOc_sync Exit - MemInfo: [/proc/self/status]	VmPin:	       0 kB
20220312 061355.427 INFO             PET0 PIOc_sync Exit - MemInfo: [/proc/self/status]	VmHWM:	   61076 kB
20220312 061355.427 INFO             PET0 PIOc_sync Exit - MemInfo: [/proc/self/status]	VmRSS:	   30244 kB
20220312 061355.427 INFO             PET0 PIOc_sync Exit - MemInfo: [/proc/self/status]	VmData:	   32248 kB
20220312 061355.427 INFO             PET0 PIOc_sync Exit - MemInfo: [/proc/self/status]	VmStk:	     148 kB
20220312 061355.427 INFO             PET0 PIOc_sync Exit - MemInfo: [/proc/self/status]	VmExe:	     204 kB
20220312 061355.427 INFO             PET0 PIOc_sync Exit - MemInfo: [/proc/self/status]	VmLib:	   48376 kB
20220312 061355.427 INFO             PET0 PIOc_sync Exit - MemInfo: [/proc/self/status]	VmPTE:	     732 kB
20220312 061355.427 INFO             PET0 PIOc_sync Exit - MemInfo: [/proc/self/status]	VmPMD:	      12 kB
20220312 061355.427 INFO             PET0 PIOc_sync Exit - MemInfo: [/proc/self/status]	VmSwap:	       0 kB
20220312 061355.427 INFO             PET0 PIOc_sync Exit - MemInfo: [/proc/self/status]	VmRSSPercent: 0.0461691 %
20220312 061355.427 INFO             PET0 PIOc_sync Exit - MemInfo: [malloc] Non-mmapped space allocated:                20770816 Byte
20220312 061355.427 INFO             PET0 PIOc_sync Exit - MemInfo: [malloc] Space allocated in mmapped regions:          1581056 Byte
20220312 061355.427 INFO             PET0 PIOc_sync Exit - MemInfo: [malloc] Maximum total allocated space:                     0 Byte
20220312 061355.427 INFO             PET0 PIOc_sync Exit - MemInfo: [malloc] Space in freed fastbin blocks:                  2160 Byte
20220312 061355.427 INFO             PET0 PIOc_sync Exit - MemInfo: [malloc] Total allocated space:                      20455776 Byte
20220312 061355.427 INFO             PET0 PIOc_sync Exit - MemInfo: [malloc] Total free space:                             315040 Byte
20220312 061355.427 INFO             PET0 PIOc_sync Exit - MemInfo: [malloc] Top-most, releasable space:                   111392 Byte
20220312 061355.427 INFO             PET0 PIOc_sync Exit - MemInfo: [malloc] Total space in use, mmap + non-mmap:        22036832 Byte
20220312 061355.427 INFO             PET0 PIOc_sync Exit - MemInfo: [malloc] Total space held (mmap + non-mmap):         22351872 Byte
20220312 061355.427 INFO             PET0 PIOc_sync Exit - MemInfo: [malloc] Total space used (mmap + non-mmap):         22046160 Byte
20220312 061355.427 INFO             PET0 PIOc_sync Exit - MemInfo: Wall-clock time since execution start:              0.0346978 seconds
20220312 061355.427 INFO             PET0 PIOc_freedecomp Enter - MemInfo: [/proc/meminfo - SSI]	MemTotal:       65507008 kB
20220312 061355.427 INFO             PET0 PIOc_freedecomp Enter - MemInfo: [/proc/meminfo - SSI]	MemFree:        48666636 kB
20220312 061355.427 INFO             PET0 PIOc_freedecomp Enter - MemInfo: [/proc/meminfo - SSI]	MemAvailable:   48428728 kB
20220312 061355.428 INFO             PET0 PIOc_freedecomp Enter - MemInfo: [/proc/meminfo - SSI]	Committed_AS:   13194412 kB
20220312 061355.428 INFO             PET0 PIOc_freedecomp Enter - MemInfo: [/proc/meminfo - SSI]	CommittedPercent: 20.142 %
20220312 061355.428 INFO             PET0 PIOc_freedecomp Enter - MemInfo: [/proc/self/status]	VmPeak:	  522312 kB
20220312 061355.428 INFO             PET0 PIOc_freedecomp Enter - MemInfo: [/proc/self/status]	VmSize:	  514124 kB
20220312 061355.428 INFO             PET0 PIOc_freedecomp Enter - MemInfo: [/proc/self/status]	VmLck:	       0 kB
20220312 061355.428 INFO             PET0 PIOc_freedecomp Enter - MemInfo: [/proc/self/status]	VmPin:	       0 kB
20220312 061355.428 INFO             PET0 PIOc_freedecomp Enter - MemInfo: [/proc/self/status]	VmHWM:	   61076 kB
20220312 061355.428 INFO             PET0 PIOc_freedecomp Enter - MemInfo: [/proc/self/status]	VmRSS:	   30244 kB
20220312 061355.428 INFO             PET0 PIOc_freedecomp Enter - MemInfo: [/proc/self/status]	VmData:	   32248 kB
20220312 061355.428 INFO             PET0 PIOc_freedecomp Enter - MemInfo: [/proc/self/status]	VmStk:	     148 kB
20220312 061355.428 INFO             PET0 PIOc_freedecomp Enter - MemInfo: [/proc/self/status]	VmExe:	     204 kB
20220312 061355.428 INFO             PET0 PIOc_freedecomp Enter - MemInfo: [/proc/self/status]	VmLib:	   48376 kB
20220312 061355.428 INFO             PET0 PIOc_freedecomp Enter - MemInfo: [/proc/self/status]	VmPTE:	     732 kB
20220312 061355.428 INFO             PET0 PIOc_freedecomp Enter - MemInfo: [/proc/self/status]	VmPMD:	      12 kB
20220312 061355.428 INFO             PET0 PIOc_freedecomp Enter - MemInfo: [/proc/self/status]	VmSwap:	       0 kB
20220312 061355.428 INFO             PET0 PIOc_freedecomp Enter - MemInfo: [/proc/self/status]	VmRSSPercent: 0.0461691 %
20220312 061355.428 INFO             PET0 PIOc_freedecomp Enter - MemInfo: [malloc] Non-mmapped space allocated:                20770816 Byte
20220312 061355.428 INFO             PET0 PIOc_freedecomp Enter - MemInfo: [malloc] Space allocated in mmapped regions:          1581056 Byte
20220312 061355.428 INFO             PET0 PIOc_freedecomp Enter - MemInfo: [malloc] Maximum total allocated space:                     0 Byte
20220312 061355.428 INFO             PET0 PIOc_freedecomp Enter - MemInfo: [malloc] Space in freed fastbin blocks:                  1840 Byte
20220312 061355.428 INFO             PET0 PIOc_freedecomp Enter - MemInfo: [malloc] Total allocated space:                       3140208 Byte
20220312 061355.428 INFO             PET0 PIOc_freedecomp Enter - MemInfo: [malloc] Total free space:                           17630608 Byte
20220312 061355.428 INFO             PET0 PIOc_freedecomp Enter - MemInfo: [malloc] Top-most, releasable space:                   111888 Byte
20220312 061355.428 INFO             PET0 PIOc_freedecomp Enter - MemInfo: [malloc] Total space in use, mmap + non-mmap:         4721264 Byte
20220312 061355.428 INFO             PET0 PIOc_freedecomp Enter - MemInfo: [malloc] Total space held (mmap + non-mmap):         22351872 Byte
20220312 061355.428 INFO             PET0 PIOc_freedecomp Enter - MemInfo: [malloc] Total space used (mmap + non-mmap):          4730592 Byte
20220312 061355.428 INFO             PET0 PIOc_freedecomp Enter - MemInfo: Wall-clock time since execution start:              0.0351486 seconds
20220312 061355.428 INFO             PET0 PIOc_freedecomp Exit - MemInfo: [/proc/meminfo - SSI]	MemTotal:       65507008 kB
20220312 061355.428 INFO             PET0 PIOc_freedecomp Exit - MemInfo: [/proc/meminfo - SSI]	MemFree:        48666636 kB
20220312 061355.428 INFO             PET0 PIOc_freedecomp Exit - MemInfo: [/proc/meminfo - SSI]	MemAvailable:   48428728 kB
20220312 061355.428 INFO             PET0 PIOc_freedecomp Exit - MemInfo: [/proc/meminfo - SSI]	Committed_AS:   13194412 kB
20220312 061355.428 INFO             PET0 PIOc_freedecomp Exit - MemInfo: [/proc/meminfo - SSI]	CommittedPercent: 20.142 %
20220312 061355.428 INFO             PET0 PIOc_freedecomp Exit - MemInfo: [/proc/self/status]	VmPeak:	  522312 kB
20220312 061355.428 INFO             PET0 PIOc_freedecomp Exit - MemInfo: [/proc/self/status]	VmSize:	  514124 kB
20220312 061355.428 INFO             PET0 PIOc_freedecomp Exit - MemInfo: [/proc/self/status]	VmLck:	       0 kB
20220312 061355.428 INFO             PET0 PIOc_freedecomp Exit - MemInfo: [/proc/self/status]	VmPin:	       0 kB
20220312 061355.428 INFO             PET0 PIOc_freedecomp Exit - MemInfo: [/proc/self/status]	VmHWM:	   61076 kB
20220312 061355.428 INFO             PET0 PIOc_freedecomp Exit - MemInfo: [/proc/self/status]	VmRSS:	   30244 kB
20220312 061355.428 INFO             PET0 PIOc_freedecomp Exit - MemInfo: [/proc/self/status]	VmData:	   32248 kB
20220312 061355.428 INFO             PET0 PIOc_freedecomp Exit - MemInfo: [/proc/self/status]	VmStk:	     148 kB
20220312 061355.428 INFO             PET0 PIOc_freedecomp Exit - MemInfo: [/proc/self/status]	VmExe:	     204 kB
20220312 061355.428 INFO             PET0 PIOc_freedecomp Exit - MemInfo: [/proc/self/status]	VmLib:	   48376 kB
20220312 061355.428 INFO             PET0 PIOc_freedecomp Exit - MemInfo: [/proc/self/status]	VmPTE:	     732 kB
20220312 061355.428 INFO             PET0 PIOc_freedecomp Exit - MemInfo: [/proc/self/status]	VmPMD:	      12 kB
20220312 061355.428 INFO             PET0 PIOc_freedecomp Exit - MemInfo: [/proc/self/status]	VmSwap:	       0 kB
20220312 061355.428 INFO             PET0 PIOc_freedecomp Exit - MemInfo: [/proc/self/status]	VmRSSPercent: 0.0461691 %
20220312 061355.428 INFO             PET0 PIOc_freedecomp Exit - MemInfo: [malloc] Non-mmapped space allocated:                20770816 Byte
20220312 061355.428 INFO             PET0 PIOc_freedecomp Exit - MemInfo: [malloc] Space allocated in mmapped regions:          1581056 Byte
20220312 061355.428 INFO             PET0 PIOc_freedecomp Exit - MemInfo: [malloc] Maximum total allocated space:                     0 Byte
20220312 061355.428 INFO             PET0 PIOc_freedecomp Exit - MemInfo: [malloc] Space in freed fastbin blocks:                  3264 Byte
20220312 061355.428 INFO             PET0 PIOc_freedecomp Exit - MemInfo: [malloc] Total allocated space:                       3132464 Byte
20220312 061355.428 INFO             PET0 PIOc_freedecomp Exit - MemInfo: [malloc] Total free space:                           17638352 Byte
20220312 061355.428 INFO             PET0 PIOc_freedecomp Exit - MemInfo: [malloc] Top-most, releasable space:                   111888 Byte
20220312 061355.428 INFO             PET0 PIOc_freedecomp Exit - MemInfo: [malloc] Total space in use, mmap + non-mmap:         4713520 Byte
20220312 061355.428 INFO             PET0 PIOc_freedecomp Exit - MemInfo: [malloc] Total space held (mmap + non-mmap):         22351872 Byte
20220312 061355.428 INFO             PET0 PIOc_freedecomp Exit - MemInfo: [malloc] Total space used (mmap + non-mmap):          4722848 Byte
20220312 061355.428 INFO             PET0 PIOc_freedecomp Exit - MemInfo: Wall-clock time since execution start:              0.0354865 seconds
20220312 061355.428 INFO             PET0 PASS ESMC_FieldRegridStoreFile test, ESMC_FieldSMMFromFileUTest.C, line 199
20220312 061355.435 INFO             PET0 PASS ESMC_FieldSMMStore from File test, ESMC_FieldSMMFromFileUTest.C, line 229
20220312 061355.436 INFO             PET0 PASS ESMC_FieldSMMStore From File validation, ESMC_FieldSMMFromFileUTest.C, line 257
20220312 061355.436 INFO             PET0 PASS ESMC_FieldRegridRelease, ESMC_FieldSMMFromFileUTest.C, line 271
20220312 061355.436 INFO             PET0 Ending Test, file ESMC_FieldSMMFromFileUTest.C, line 289
20220312 061355.436 INFO             PET0 Finalizing ESMF
20220312 061355.396 INFO             PET1 !!!!!!!!!!!!!!!!!!!!!!!!!!!!!!!!!!!!!!!!!!!!!!!!!!!!!!
20220312 061355.396 INFO             PET1 !!! THE ESMF_LOG IS SET TO OUTPUT ALL LOG MESSAGES !!!
20220312 061355.396 INFO             PET1 !!!     THIS MAY CAUSE SLOWDOWN IN PERFORMANCE     !!!
20220312 061355.396 INFO             PET1 !!! FOR PRODUCTION RUNS, USE:                      !!!
20220312 061355.396 INFO             PET1 !!!                   ESMF_LOGKIND_Multi_On_Error  !!!
20220312 061355.396 INFO             PET1 !!!!!!!!!!!!!!!!!!!!!!!!!!!!!!!!!!!!!!!!!!!!!!!!!!!!!!
20220312 061355.396 INFO             PET1 Running with ESMF Version   : v8.3.0b09-96-g559b459836
20220312 061355.396 INFO             PET1 ESMF library build date/time: "Mar 12 2022" "05:58:05"
20220312 061355.396 INFO             PET1 ESMF library build location : /glade/scratch/rlong/esmf-testing/gfortran_7.4.0_openmpi_O_jedwards_pio_update2
20220312 061355.396 INFO             PET1 ESMF_COMM                   : openmpi
20220312 061355.396 INFO             PET1 ESMF_MOAB                   : enabled
20220312 061355.396 INFO             PET1 ESMF_LAPACK                 : enabled
20220312 061355.396 INFO             PET1 ESMF_NETCDF                 : enabled
20220312 061355.396 INFO             PET1 ESMF_PNETCDF                : disabled
20220312 061355.396 INFO             PET1 ESMF_PIO                    : enabled
20220312 061355.396 INFO             PET1 ESMF_YAMLCPP                : enabled
20220312 061355.396 INFO             PET1 Beginning Test, file ESMC_FieldSMMFromFileUTest.C, line 41
20220312 061355.396 INFO             PET1 Beginning Test, file ESMC_FieldSMMFromFileUTest.C, line 41NUMBER_OF_PROCESSORS 4
20220312 061355.412 INFO             PET1 PIOc_sync Enter - MemInfo: [/proc/meminfo - SSI]	MemTotal:       65507008 kB
20220312 061355.412 INFO             PET1 PIOc_sync Enter - MemInfo: [/proc/meminfo - SSI]	MemFree:        48658572 kB
20220312 061355.412 INFO             PET1 PIOc_sync Enter - MemInfo: [/proc/meminfo - SSI]	MemAvailable:   48420664 kB
20220312 061355.412 INFO             PET1 PIOc_sync Enter - MemInfo: [/proc/meminfo - SSI]	Committed_AS:   13194452 kB
20220312 061355.412 INFO             PET1 PIOc_sync Enter - MemInfo: [/proc/meminfo - SSI]	CommittedPercent: 20.142 %
20220312 061355.412 INFO             PET1 PIOc_sync Enter - MemInfo: [/proc/self/status]	VmPeak:	  497336 kB
20220312 061355.412 INFO             PET1 PIOc_sync Enter - MemInfo: [/proc/self/status]	VmSize:	  497336 kB
20220312 061355.412 INFO             PET1 PIOc_sync Enter - MemInfo: [/proc/self/status]	VmLck:	       0 kB
20220312 061355.412 INFO             PET1 PIOc_sync Enter - MemInfo: [/proc/self/status]	VmPin:	       0 kB
20220312 061355.412 INFO             PET1 PIOc_sync Enter - MemInfo: [/proc/self/status]	VmHWM:	   61072 kB
20220312 061355.412 INFO             PET1 PIOc_sync Enter - MemInfo: [/proc/self/status]	VmRSS:	   20132 kB
20220312 061355.412 INFO             PET1 PIOc_sync Enter - MemInfo: [/proc/self/status]	VmData:	   15460 kB
20220312 061355.412 INFO             PET1 PIOc_sync Enter - MemInfo: [/proc/self/status]	VmStk:	     148 kB
20220312 061355.412 INFO             PET1 PIOc_sync Enter - MemInfo: [/proc/self/status]	VmExe:	     204 kB
20220312 061355.412 INFO             PET1 PIOc_sync Enter - MemInfo: [/proc/self/status]	VmLib:	   48376 kB
20220312 061355.412 INFO             PET1 PIOc_sync Enter - MemInfo: [/proc/self/status]	VmPTE:	     724 kB
20220312 061355.412 INFO             PET1 PIOc_sync Enter - MemInfo: [/proc/self/status]	VmPMD:	      16 kB
20220312 061355.412 INFO             PET1 PIOc_sync Enter - MemInfo: [/proc/self/status]	VmSwap:	       0 kB
20220312 061355.412 INFO             PET1 PIOc_sync Enter - MemInfo: [/proc/self/status]	VmRSSPercent: 0.0307326 %
20220312 061355.412 INFO             PET1 PIOc_sync Enter - MemInfo: [malloc] Non-mmapped space allocated:                 3579904 Byte
20220312 061355.412 INFO             PET1 PIOc_sync Enter - MemInfo: [malloc] Space allocated in mmapped regions:          1581056 Byte
20220312 061355.414 INFO             PET1 PIOc_sync Enter - MemInfo: [malloc] Maximum total allocated space:                     0 Byte
20220312 061355.414 INFO             PET1 PIOc_sync Enter - MemInfo: [malloc] Space in freed fastbin blocks:                   880 Byte
20220312 061355.414 INFO             PET1 PIOc_sync Enter - MemInfo: [malloc] Total allocated space:                       3029312 Byte
20220312 061355.414 INFO             PET1 PIOc_sync Enter - MemInfo: [malloc] Total free space:                             550592 Byte
20220312 061355.414 INFO             PET1 PIOc_sync Enter - MemInfo: [malloc] Top-most, releasable space:                   315072 Byte
20220312 061355.414 INFO             PET1 PIOc_sync Enter - MemInfo: [malloc] Total space in use, mmap + non-mmap:         4610368 Byte
20220312 061355.414 INFO             PET1 PIOc_sync Enter - MemInfo: [malloc] Total space held (mmap + non-mmap):          5160960 Byte
20220312 061355.414 INFO             PET1 PIOc_sync Enter - MemInfo: [malloc] Total space used (mmap + non-mmap):          4619696 Byte
20220312 061355.414 INFO             PET1 PIOc_sync Enter - MemInfo: Wall-clock time since execution start:              0.0215208 seconds
20220312 061355.416 INFO             PET1 PIOc_sync Exit - MemInfo: [/proc/meminfo - SSI]	MemTotal:       65507008 kB
20220312 061355.416 INFO             PET1 PIOc_sync Exit - MemInfo: [/proc/meminfo - SSI]	MemFree:        48658572 kB
20220312 061355.416 INFO             PET1 PIOc_sync Exit - MemInfo: [/proc/meminfo - SSI]	MemAvailable:   48420664 kB
20220312 061355.416 INFO             PET1 PIOc_sync Exit - MemInfo: [/proc/meminfo - SSI]	Committed_AS:   13194452 kB
20220312 061355.416 INFO             PET1 PIOc_sync Exit - MemInfo: [/proc/meminfo - SSI]	CommittedPercent: 20.142 %
20220312 061355.416 INFO             PET1 PIOc_sync Exit - MemInfo: [/proc/self/status]	VmPeak:	  497336 kB
20220312 061355.416 INFO             PET1 PIOc_sync Exit - MemInfo: [/proc/self/status]	VmSize:	  497336 kB
20220312 061355.416 INFO             PET1 PIOc_sync Exit - MemInfo: [/proc/self/status]	VmLck:	       0 kB
20220312 061355.416 INFO             PET1 PIOc_sync Exit - MemInfo: [/proc/self/status]	VmPin:	       0 kB
20220312 061355.416 INFO             PET1 PIOc_sync Exit - MemInfo: [/proc/self/status]	VmHWM:	   61072 kB
20220312 061355.416 INFO             PET1 PIOc_sync Exit - MemInfo: [/proc/self/status]	VmRSS:	   20200 kB
20220312 061355.416 INFO             PET1 PIOc_sync Exit - MemInfo: [/proc/self/status]	VmData:	   15460 kB
20220312 061355.416 INFO             PET1 PIOc_sync Exit - MemInfo: [/proc/self/status]	VmStk:	     148 kB
20220312 061355.416 INFO             PET1 PIOc_sync Exit - MemInfo: [/proc/self/status]	VmExe:	     204 kB
20220312 061355.416 INFO             PET1 PIOc_sync Exit - MemInfo: [/proc/self/status]	VmLib:	   48376 kB
20220312 061355.416 INFO             PET1 PIOc_sync Exit - MemInfo: [/proc/self/status]	VmPTE:	     724 kB
20220312 061355.416 INFO             PET1 PIOc_sync Exit - MemInfo: [/proc/self/status]	VmPMD:	      16 kB
20220312 061355.416 INFO             PET1 PIOc_sync Exit - MemInfo: [/proc/self/status]	VmSwap:	       0 kB
20220312 061355.416 INFO             PET1 PIOc_sync Exit - MemInfo: [/proc/self/status]	VmRSSPercent: 0.0308364 %
20220312 061355.416 INFO             PET1 PIOc_sync Exit - MemInfo: [malloc] Non-mmapped space allocated:                 3579904 Byte
20220312 061355.416 INFO             PET1 PIOc_sync Exit - MemInfo: [malloc] Space allocated in mmapped regions:          1581056 Byte
20220312 061355.416 INFO             PET1 PIOc_sync Exit - MemInfo: [malloc] Maximum total allocated space:                     0 Byte
20220312 061355.416 INFO             PET1 PIOc_sync Exit - MemInfo: [malloc] Space in freed fastbin blocks:                  1440 Byte
20220312 061355.416 INFO             PET1 PIOc_sync Exit - MemInfo: [malloc] Total allocated space:                       3028736 Byte
20220312 061355.416 INFO             PET1 PIOc_sync Exit - MemInfo: [malloc] Total free space:                             551168 Byte
20220312 061355.416 INFO             PET1 PIOc_sync Exit - MemInfo: [malloc] Top-most, releasable space:                   315072 Byte
20220312 061355.416 INFO             PET1 PIOc_sync Exit - MemInfo: [malloc] Total space in use, mmap + non-mmap:         4609792 Byte
20220312 061355.416 INFO             PET1 PIOc_sync Exit - MemInfo: [malloc] Total space held (mmap + non-mmap):          5160960 Byte
20220312 061355.416 INFO             PET1 PIOc_sync Exit - MemInfo: [malloc] Total space used (mmap + non-mmap):          4619120 Byte
20220312 061355.416 INFO             PET1 PIOc_sync Exit - MemInfo: Wall-clock time since execution start:              0.0230409 seconds
20220312 061355.417 INFO             PET1 PIOc_freedecomp Enter - MemInfo: [/proc/meminfo - SSI]	MemTotal:       65507008 kB
20220312 061355.417 INFO             PET1 PIOc_freedecomp Enter - MemInfo: [/proc/meminfo - SSI]	MemFree:        48673692 kB
20220312 061355.417 INFO             PET1 PIOc_freedecomp Enter - MemInfo: [/proc/meminfo - SSI]	MemAvailable:   48435784 kB
20220312 061355.417 INFO             PET1 PIOc_freedecomp Enter - MemInfo: [/proc/meminfo - SSI]	Committed_AS:   13178064 kB
20220312 061355.417 INFO             PET1 PIOc_freedecomp Enter - MemInfo: [/proc/meminfo - SSI]	CommittedPercent: 20.117 %
20220312 061355.417 INFO             PET1 PIOc_freedecomp Enter - MemInfo: [/proc/self/status]	VmPeak:	  497336 kB
20220312 061355.417 INFO             PET1 PIOc_freedecomp Enter - MemInfo: [/proc/self/status]	VmSize:	  497336 kB
20220312 061355.417 INFO             PET1 PIOc_freedecomp Enter - MemInfo: [/proc/self/status]	VmLck:	       0 kB
20220312 061355.417 INFO             PET1 PIOc_freedecomp Enter - MemInfo: [/proc/self/status]	VmPin:	       0 kB
20220312 061355.417 INFO             PET1 PIOc_freedecomp Enter - MemInfo: [/proc/self/status]	VmHWM:	   61072 kB
20220312 061355.417 INFO             PET1 PIOc_freedecomp Enter - MemInfo: [/proc/self/status]	VmRSS:	   20200 kB
20220312 061355.417 INFO             PET1 PIOc_freedecomp Enter - MemInfo: [/proc/self/status]	VmData:	   15460 kB
20220312 061355.417 INFO             PET1 PIOc_freedecomp Enter - MemInfo: [/proc/self/status]	VmStk:	     148 kB
20220312 061355.417 INFO             PET1 PIOc_freedecomp Enter - MemInfo: [/proc/self/status]	VmExe:	     204 kB
20220312 061355.417 INFO             PET1 PIOc_freedecomp Enter - MemInfo: [/proc/self/status]	VmLib:	   48376 kB
20220312 061355.417 INFO             PET1 PIOc_freedecomp Enter - MemInfo: [/proc/self/status]	VmPTE:	     724 kB
20220312 061355.417 INFO             PET1 PIOc_freedecomp Enter - MemInfo: [/proc/self/status]	VmPMD:	      16 kB
20220312 061355.417 INFO             PET1 PIOc_freedecomp Enter - MemInfo: [/proc/self/status]	VmSwap:	       0 kB
20220312 061355.417 INFO             PET1 PIOc_freedecomp Enter - MemInfo: [/proc/self/status]	VmRSSPercent: 0.0308364 %
20220312 061355.417 INFO             PET1 PIOc_freedecomp Enter - MemInfo: [malloc] Non-mmapped space allocated:                 3579904 Byte
20220312 061355.417 INFO             PET1 PIOc_freedecomp Enter - MemInfo: [malloc] Space allocated in mmapped regions:          1581056 Byte
20220312 061355.417 INFO             PET1 PIOc_freedecomp Enter - MemInfo: [malloc] Maximum total allocated space:                     0 Byte
20220312 061355.417 INFO             PET1 PIOc_freedecomp Enter - MemInfo: [malloc] Space in freed fastbin blocks:                  1712 Byte
20220312 061355.417 INFO             PET1 PIOc_freedecomp Enter - MemInfo: [malloc] Total allocated space:                       3027056 Byte
20220312 061355.417 INFO             PET1 PIOc_freedecomp Enter - MemInfo: [malloc] Total free space:                             552848 Byte
20220312 061355.417 INFO             PET1 PIOc_freedecomp Enter - MemInfo: [malloc] Top-most, releasable space:                   315072 Byte
20220312 061355.417 INFO             PET1 PIOc_freedecomp Enter - MemInfo: [malloc] Total space in use, mmap + non-mmap:         4608112 Byte
20220312 061355.417 INFO             PET1 PIOc_freedecomp Enter - MemInfo: [malloc] Total space held (mmap + non-mmap):          5160960 Byte
20220312 061355.417 INFO             PET1 PIOc_freedecomp Enter - MemInfo: [malloc] Total space used (mmap + non-mmap):          4617440 Byte
20220312 061355.417 INFO             PET1 PIOc_freedecomp Enter - MemInfo: Wall-clock time since execution start:              0.0241723 seconds
20220312 061355.417 INFO             PET1 PIOc_freedecomp Exit - MemInfo: [/proc/meminfo - SSI]	MemTotal:       65507008 kB
20220312 061355.417 INFO             PET1 PIOc_freedecomp Exit - MemInfo: [/proc/meminfo - SSI]	MemFree:        48673692 kB
20220312 061355.417 INFO             PET1 PIOc_freedecomp Exit - MemInfo: [/proc/meminfo - SSI]	MemAvailable:   48435784 kB
20220312 061355.417 INFO             PET1 PIOc_freedecomp Exit - MemInfo: [/proc/meminfo - SSI]	Committed_AS:   13178064 kB
20220312 061355.417 INFO             PET1 PIOc_freedecomp Exit - MemInfo: [/proc/meminfo - SSI]	CommittedPercent: 20.117 %
20220312 061355.417 INFO             PET1 PIOc_freedecomp Exit - MemInfo: [/proc/self/status]	VmPeak:	  497336 kB
20220312 061355.417 INFO             PET1 PIOc_freedecomp Exit - MemInfo: [/proc/self/status]	VmSize:	  497336 kB
20220312 061355.417 INFO             PET1 PIOc_freedecomp Exit - MemInfo: [/proc/self/status]	VmLck:	       0 kB
20220312 061355.417 INFO             PET1 PIOc_freedecomp Exit - MemInfo: [/proc/self/status]	VmPin:	       0 kB
20220312 061355.417 INFO             PET1 PIOc_freedecomp Exit - MemInfo: [/proc/self/status]	VmHWM:	   61072 kB
20220312 061355.417 INFO             PET1 PIOc_freedecomp Exit - MemInfo: [/proc/self/status]	VmRSS:	   20200 kB
20220312 061355.417 INFO             PET1 PIOc_freedecomp Exit - MemInfo: [/proc/self/status]	VmData:	   15460 kB
20220312 061355.417 INFO             PET1 PIOc_freedecomp Exit - MemInfo: [/proc/self/status]	VmStk:	     148 kB
20220312 061355.417 INFO             PET1 PIOc_freedecomp Exit - MemInfo: [/proc/self/status]	VmExe:	     204 kB
20220312 061355.417 INFO             PET1 PIOc_freedecomp Exit - MemInfo: [/proc/self/status]	VmLib:	   48376 kB
20220312 061355.417 INFO             PET1 PIOc_freedecomp Exit - MemInfo: [/proc/self/status]	VmPTE:	     724 kB
20220312 061355.417 INFO             PET1 PIOc_freedecomp Exit - MemInfo: [/proc/self/status]	VmPMD:	      16 kB
20220312 061355.417 INFO             PET1 PIOc_freedecomp Exit - MemInfo: [/proc/self/status]	VmSwap:	       0 kB
20220312 061355.417 INFO             PET1 PIOc_freedecomp Exit - MemInfo: [/proc/self/status]	VmRSSPercent: 0.0308364 %
20220312 061355.417 INFO             PET1 PIOc_freedecomp Exit - MemInfo: [malloc] Non-mmapped space allocated:                 3579904 Byte
20220312 061355.417 INFO             PET1 PIOc_freedecomp Exit - MemInfo: [malloc] Space allocated in mmapped regions:          1581056 Byte
20220312 061355.417 INFO             PET1 PIOc_freedecomp Exit - MemInfo: [malloc] Maximum total allocated space:                     0 Byte
20220312 061355.417 INFO             PET1 PIOc_freedecomp Exit - MemInfo: [malloc] Space in freed fastbin blocks:                  2192 Byte
20220312 061355.417 INFO             PET1 PIOc_freedecomp Exit - MemInfo: [malloc] Total allocated space:                       3024128 Byte
20220312 061355.417 INFO             PET1 PIOc_freedecomp Exit - MemInfo: [malloc] Total free space:                             555776 Byte
20220312 061355.417 INFO             PET1 PIOc_freedecomp Exit - MemInfo: [malloc] Top-most, releasable space:                   315072 Byte
20220312 061355.417 INFO             PET1 PIOc_freedecomp Exit - MemInfo: [malloc] Total space in use, mmap + non-mmap:         4605184 Byte
20220312 061355.417 INFO             PET1 PIOc_freedecomp Exit - MemInfo: [malloc] Total space held (mmap + non-mmap):          5160960 Byte
20220312 061355.417 INFO             PET1 PIOc_freedecomp Exit - MemInfo: [malloc] Total space used (mmap + non-mmap):          4614512 Byte
20220312 061355.417 INFO             PET1 PIOc_freedecomp Exit - MemInfo: Wall-clock time since execution start:              0.0245194 seconds
20220312 061355.422 INFO             PET1 PIOc_sync Enter - MemInfo: [/proc/meminfo - SSI]	MemTotal:       65507008 kB
20220312 061355.422 INFO             PET1 PIOc_sync Enter - MemInfo: [/proc/meminfo - SSI]	MemFree:        48666636 kB
20220312 061355.422 INFO             PET1 PIOc_sync Enter - MemInfo: [/proc/meminfo - SSI]	MemAvailable:   48428728 kB
20220312 061355.422 INFO             PET1 PIOc_sync Enter - MemInfo: [/proc/meminfo - SSI]	Committed_AS:   13194412 kB
20220312 061355.422 INFO             PET1 PIOc_sync Enter - MemInfo: [/proc/meminfo - SSI]	CommittedPercent: 20.142 %
20220312 061355.422 INFO             PET1 PIOc_sync Enter - MemInfo: [/proc/self/status]	VmPeak:	  497336 kB
20220312 061355.422 INFO             PET1 PIOc_sync Enter - MemInfo: [/proc/self/status]	VmSize:	  497336 kB
20220312 061355.422 INFO             PET1 PIOc_sync Enter - MemInfo: [/proc/self/status]	VmLck:	       0 kB
20220312 061355.422 INFO             PET1 PIOc_sync Enter - MemInfo: [/proc/self/status]	VmPin:	       0 kB
20220312 061355.422 INFO             PET1 PIOc_sync Enter - MemInfo: [/proc/self/status]	VmHWM:	   61072 kB
20220312 061355.422 INFO             PET1 PIOc_sync Enter - MemInfo: [/proc/self/status]	VmRSS:	   20204 kB
20220312 061355.422 INFO             PET1 PIOc_sync Enter - MemInfo: [/proc/self/status]	VmData:	   15460 kB
20220312 061355.422 INFO             PET1 PIOc_sync Enter - MemInfo: [/proc/self/status]	VmStk:	     148 kB
20220312 061355.422 INFO             PET1 PIOc_sync Enter - MemInfo: [/proc/self/status]	VmExe:	     204 kB
20220312 061355.422 INFO             PET1 PIOc_sync Enter - MemInfo: [/proc/self/status]	VmLib:	   48376 kB
20220312 061355.422 INFO             PET1 PIOc_sync Enter - MemInfo: [/proc/self/status]	VmPTE:	     724 kB
20220312 061355.422 INFO             PET1 PIOc_sync Enter - MemInfo: [/proc/self/status]	VmPMD:	      16 kB
20220312 061355.422 INFO             PET1 PIOc_sync Enter - MemInfo: [/proc/self/status]	VmSwap:	       0 kB
20220312 061355.422 INFO             PET1 PIOc_sync Enter - MemInfo: [/proc/self/status]	VmRSSPercent: 0.0308425 %
20220312 061355.422 INFO             PET1 PIOc_sync Enter - MemInfo: [malloc] Non-mmapped space allocated:                 3579904 Byte
20220312 061355.422 INFO             PET1 PIOc_sync Enter - MemInfo: [malloc] Space allocated in mmapped regions:          1581056 Byte
20220312 061355.422 INFO             PET1 PIOc_sync Enter - MemInfo: [malloc] Maximum total allocated space:                     0 Byte
20220312 061355.422 INFO             PET1 PIOc_sync Enter - MemInfo: [malloc] Space in freed fastbin blocks:                  2832 Byte
20220312 061355.422 INFO             PET1 PIOc_sync Enter - MemInfo: [malloc] Total allocated space:                       3029216 Byte
20220312 061355.422 INFO             PET1 PIOc_sync Enter - MemInfo: [malloc] Total free space:                             550688 Byte
20220312 061355.422 INFO             PET1 PIOc_sync Enter - MemInfo: [malloc] Top-most, releasable space:                   315072 Byte
20220312 061355.422 INFO             PET1 PIOc_sync Enter - MemInfo: [malloc] Total space in use, mmap + non-mmap:         4610272 Byte
20220312 061355.422 INFO             PET1 PIOc_sync Enter - MemInfo: [malloc] Total space held (mmap + non-mmap):          5160960 Byte
20220312 061355.422 INFO             PET1 PIOc_sync Enter - MemInfo: [malloc] Total space used (mmap + non-mmap):          4619600 Byte
20220312 061355.422 INFO             PET1 PIOc_sync Enter - MemInfo: Wall-clock time since execution start:              0.0292994 seconds
20220312 061355.422 INFO             PET1 PIOc_sync Exit - MemInfo: [/proc/meminfo - SSI]	MemTotal:       65507008 kB
20220312 061355.422 INFO             PET1 PIOc_sync Exit - MemInfo: [/proc/meminfo - SSI]	MemFree:        48666636 kB
20220312 061355.422 INFO             PET1 PIOc_sync Exit - MemInfo: [/proc/meminfo - SSI]	MemAvailable:   48428728 kB
20220312 061355.422 INFO             PET1 PIOc_sync Exit - MemInfo: [/proc/meminfo - SSI]	Committed_AS:   13194412 kB
20220312 061355.422 INFO             PET1 PIOc_sync Exit - MemInfo: [/proc/meminfo - SSI]	CommittedPercent: 20.142 %
20220312 061355.422 INFO             PET1 PIOc_sync Exit - MemInfo: [/proc/self/status]	VmPeak:	  497336 kB
20220312 061355.422 INFO             PET1 PIOc_sync Exit - MemInfo: [/proc/self/status]	VmSize:	  497336 kB
20220312 061355.422 INFO             PET1 PIOc_sync Exit - MemInfo: [/proc/self/status]	VmLck:	       0 kB
20220312 061355.422 INFO             PET1 PIOc_sync Exit - MemInfo: [/proc/self/status]	VmPin:	       0 kB
20220312 061355.422 INFO             PET1 PIOc_sync Exit - MemInfo: [/proc/self/status]	VmHWM:	   61072 kB
20220312 061355.422 INFO             PET1 PIOc_sync Exit - MemInfo: [/proc/self/status]	VmRSS:	   20204 kB
20220312 061355.422 INFO             PET1 PIOc_sync Exit - MemInfo: [/proc/self/status]	VmData:	   15460 kB
20220312 061355.422 INFO             PET1 PIOc_sync Exit - MemInfo: [/proc/self/status]	VmStk:	     148 kB
20220312 061355.422 INFO             PET1 PIOc_sync Exit - MemInfo: [/proc/self/status]	VmExe:	     204 kB
20220312 061355.422 INFO             PET1 PIOc_sync Exit - MemInfo: [/proc/self/status]	VmLib:	   48376 kB
20220312 061355.422 INFO             PET1 PIOc_sync Exit - MemInfo: [/proc/self/status]	VmPTE:	     724 kB
20220312 061355.422 INFO             PET1 PIOc_sync Exit - MemInfo: [/proc/self/status]	VmPMD:	      16 kB
20220312 061355.422 INFO             PET1 PIOc_sync Exit - MemInfo: [/proc/self/status]	VmSwap:	       0 kB
20220312 061355.422 INFO             PET1 PIOc_sync Exit - MemInfo: [/proc/self/status]	VmRSSPercent: 0.0308425 %
20220312 061355.422 INFO             PET1 PIOc_sync Exit - MemInfo: [malloc] Non-mmapped space allocated:                 3579904 Byte
20220312 061355.423 INFO             PET1 PIOc_sync Exit - MemInfo: [malloc] Space allocated in mmapped regions:          1581056 Byte
20220312 061355.423 INFO             PET1 PIOc_sync Exit - MemInfo: [malloc] Maximum total allocated space:                     0 Byte
20220312 061355.423 INFO             PET1 PIOc_sync Exit - MemInfo: [malloc] Space in freed fastbin blocks:                  1296 Byte
20220312 061355.423 INFO             PET1 PIOc_sync Exit - MemInfo: [malloc] Total allocated space:                       3028912 Byte
20220312 061355.423 INFO             PET1 PIOc_sync Exit - MemInfo: [malloc] Total free space:                             550992 Byte
20220312 061355.423 INFO             PET1 PIOc_sync Exit - MemInfo: [malloc] Top-most, releasable space:                   315072 Byte
20220312 061355.423 INFO             PET1 PIOc_sync Exit - MemInfo: [malloc] Total space in use, mmap + non-mmap:         4609968 Byte
20220312 061355.423 INFO             PET1 PIOc_sync Exit - MemInfo: [malloc] Total space held (mmap + non-mmap):          5160960 Byte
20220312 061355.423 INFO             PET1 PIOc_sync Exit - MemInfo: [malloc] Total space used (mmap + non-mmap):          4619296 Byte
20220312 061355.423 INFO             PET1 PIOc_sync Exit - MemInfo: Wall-clock time since execution start:              0.0297207 seconds
20220312 061355.423 INFO             PET1 PIOc_freedecomp Enter - MemInfo: [/proc/meminfo - SSI]	MemTotal:       65507008 kB
20220312 061355.423 INFO             PET1 PIOc_freedecomp Enter - MemInfo: [/proc/meminfo - SSI]	MemFree:        48666636 kB
20220312 061355.423 INFO             PET1 PIOc_freedecomp Enter - MemInfo: [/proc/meminfo - SSI]	MemAvailable:   48428728 kB
20220312 061355.423 INFO             PET1 PIOc_freedecomp Enter - MemInfo: [/proc/meminfo - SSI]	Committed_AS:   13194412 kB
20220312 061355.423 INFO             PET1 PIOc_freedecomp Enter - MemInfo: [/proc/meminfo - SSI]	CommittedPercent: 20.142 %
20220312 061355.423 INFO             PET1 PIOc_freedecomp Enter - MemInfo: [/proc/self/status]	VmPeak:	  497336 kB
20220312 061355.423 INFO             PET1 PIOc_freedecomp Enter - MemInfo: [/proc/self/status]	VmSize:	  497336 kB
20220312 061355.423 INFO             PET1 PIOc_freedecomp Enter - MemInfo: [/proc/self/status]	VmLck:	       0 kB
20220312 061355.423 INFO             PET1 PIOc_freedecomp Enter - MemInfo: [/proc/self/status]	VmPin:	       0 kB
20220312 061355.423 INFO             PET1 PIOc_freedecomp Enter - MemInfo: [/proc/self/status]	VmHWM:	   61072 kB
20220312 061355.423 INFO             PET1 PIOc_freedecomp Enter - MemInfo: [/proc/self/status]	VmRSS:	   20204 kB
20220312 061355.423 INFO             PET1 PIOc_freedecomp Enter - MemInfo: [/proc/self/status]	VmData:	   15460 kB
20220312 061355.423 INFO             PET1 PIOc_freedecomp Enter - MemInfo: [/proc/self/status]	VmStk:	     148 kB
20220312 061355.423 INFO             PET1 PIOc_freedecomp Enter - MemInfo: [/proc/self/status]	VmExe:	     204 kB
20220312 061355.423 INFO             PET1 PIOc_freedecomp Enter - MemInfo: [/proc/self/status]	VmLib:	   48376 kB
20220312 061355.423 INFO             PET1 PIOc_freedecomp Enter - MemInfo: [/proc/self/status]	VmPTE:	     724 kB
20220312 061355.423 INFO             PET1 PIOc_freedecomp Enter - MemInfo: [/proc/self/status]	VmPMD:	      16 kB
20220312 061355.423 INFO             PET1 PIOc_freedecomp Enter - MemInfo: [/proc/self/status]	VmSwap:	       0 kB
20220312 061355.423 INFO             PET1 PIOc_freedecomp Enter - MemInfo: [/proc/self/status]	VmRSSPercent: 0.0308425 %
20220312 061355.423 INFO             PET1 PIOc_freedecomp Enter - MemInfo: [malloc] Non-mmapped space allocated:                 3579904 Byte
20220312 061355.423 INFO             PET1 PIOc_freedecomp Enter - MemInfo: [malloc] Space allocated in mmapped regions:          1581056 Byte
20220312 061355.423 INFO             PET1 PIOc_freedecomp Enter - MemInfo: [malloc] Maximum total allocated space:                     0 Byte
20220312 061355.423 INFO             PET1 PIOc_freedecomp Enter - MemInfo: [malloc] Space in freed fastbin blocks:                  1456 Byte
20220312 061355.423 INFO             PET1 PIOc_freedecomp Enter - MemInfo: [malloc] Total allocated space:                       3027088 Byte
20220312 061355.423 INFO             PET1 PIOc_freedecomp Enter - MemInfo: [malloc] Total free space:                             552816 Byte
20220312 061355.423 INFO             PET1 PIOc_freedecomp Enter - MemInfo: [malloc] Top-most, releasable space:                   315072 Byte
20220312 061355.423 INFO             PET1 PIOc_freedecomp Enter - MemInfo: [malloc] Total space in use, mmap + non-mmap:         4608144 Byte
20220312 061355.423 INFO             PET1 PIOc_freedecomp Enter - MemInfo: [malloc] Total space held (mmap + non-mmap):          5160960 Byte
20220312 061355.423 INFO             PET1 PIOc_freedecomp Enter - MemInfo: [malloc] Total space used (mmap + non-mmap):          4617472 Byte
20220312 061355.423 INFO             PET1 PIOc_freedecomp Enter - MemInfo: Wall-clock time since execution start:              0.0301035 seconds
20220312 061355.423 INFO             PET1 PIOc_freedecomp Exit - MemInfo: [/proc/meminfo - SSI]	MemTotal:       65507008 kB
20220312 061355.423 INFO             PET1 PIOc_freedecomp Exit - MemInfo: [/proc/meminfo - SSI]	MemFree:        48666636 kB
20220312 061355.423 INFO             PET1 PIOc_freedecomp Exit - MemInfo: [/proc/meminfo - SSI]	MemAvailable:   48428728 kB
20220312 061355.423 INFO             PET1 PIOc_freedecomp Exit - MemInfo: [/proc/meminfo - SSI]	Committed_AS:   13194412 kB
20220312 061355.423 INFO             PET1 PIOc_freedecomp Exit - MemInfo: [/proc/meminfo - SSI]	CommittedPercent: 20.142 %
20220312 061355.423 INFO             PET1 PIOc_freedecomp Exit - MemInfo: [/proc/self/status]	VmPeak:	  497336 kB
20220312 061355.423 INFO             PET1 PIOc_freedecomp Exit - MemInfo: [/proc/self/status]	VmSize:	  497336 kB
20220312 061355.423 INFO             PET1 PIOc_freedecomp Exit - MemInfo: [/proc/self/status]	VmLck:	       0 kB
20220312 061355.423 INFO             PET1 PIOc_freedecomp Exit - MemInfo: [/proc/self/status]	VmPin:	       0 kB
20220312 061355.423 INFO             PET1 PIOc_freedecomp Exit - MemInfo: [/proc/self/status]	VmHWM:	   61072 kB
20220312 061355.423 INFO             PET1 PIOc_freedecomp Exit - MemInfo: [/proc/self/status]	VmRSS:	   20204 kB
20220312 061355.423 INFO             PET1 PIOc_freedecomp Exit - MemInfo: [/proc/self/status]	VmData:	   15460 kB
20220312 061355.423 INFO             PET1 PIOc_freedecomp Exit - MemInfo: [/proc/self/status]	VmStk:	     148 kB
20220312 061355.423 INFO             PET1 PIOc_freedecomp Exit - MemInfo: [/proc/self/status]	VmExe:	     204 kB
20220312 061355.423 INFO             PET1 PIOc_freedecomp Exit - MemInfo: [/proc/self/status]	VmLib:	   48376 kB
20220312 061355.423 INFO             PET1 PIOc_freedecomp Exit - MemInfo: [/proc/self/status]	VmPTE:	     724 kB
20220312 061355.423 INFO             PET1 PIOc_freedecomp Exit - MemInfo: [/proc/self/status]	VmPMD:	      16 kB
20220312 061355.423 INFO             PET1 PIOc_freedecomp Exit - MemInfo: [/proc/self/status]	VmSwap:	       0 kB
20220312 061355.423 INFO             PET1 PIOc_freedecomp Exit - MemInfo: [/proc/self/status]	VmRSSPercent: 0.0308425 %
20220312 061355.423 INFO             PET1 PIOc_freedecomp Exit - MemInfo: [malloc] Non-mmapped space allocated:                 3579904 Byte
20220312 061355.423 INFO             PET1 PIOc_freedecomp Exit - MemInfo: [malloc] Space allocated in mmapped regions:          1581056 Byte
20220312 061355.423 INFO             PET1 PIOc_freedecomp Exit - MemInfo: [malloc] Maximum total allocated space:                     0 Byte
20220312 061355.423 INFO             PET1 PIOc_freedecomp Exit - MemInfo: [malloc] Space in freed fastbin blocks:                  1824 Byte
20220312 061355.423 INFO             PET1 PIOc_freedecomp Exit - MemInfo: [malloc] Total allocated space:                       3024144 Byte
20220312 061355.423 INFO             PET1 PIOc_freedecomp Exit - MemInfo: [malloc] Total free space:                             555760 Byte
20220312 061355.423 INFO             PET1 PIOc_freedecomp Exit - MemInfo: [malloc] Top-most, releasable space:                   315072 Byte
20220312 061355.423 INFO             PET1 PIOc_freedecomp Exit - MemInfo: [malloc] Total space in use, mmap + non-mmap:         4605200 Byte
20220312 061355.423 INFO             PET1 PIOc_freedecomp Exit - MemInfo: [malloc] Total space held (mmap + non-mmap):          5160960 Byte
20220312 061355.423 INFO             PET1 PIOc_freedecomp Exit - MemInfo: [malloc] Total space used (mmap + non-mmap):          4614528 Byte
20220312 061355.423 INFO             PET1 PIOc_freedecomp Exit - MemInfo: Wall-clock time since execution start:              0.0304425 seconds
20220312 061355.424 INFO             PET1 PIOc_sync Enter - MemInfo: [/proc/meminfo - SSI]	MemTotal:       65507008 kB
20220312 061355.424 INFO             PET1 PIOc_sync Enter - MemInfo: [/proc/meminfo - SSI]	MemFree:        48666636 kB
20220312 061355.424 INFO             PET1 PIOc_sync Enter - MemInfo: [/proc/meminfo - SSI]	MemAvailable:   48428728 kB
20220312 061355.424 INFO             PET1 PIOc_sync Enter - MemInfo: [/proc/meminfo - SSI]	Committed_AS:   13194412 kB
20220312 061355.424 INFO             PET1 PIOc_sync Enter - MemInfo: [/proc/meminfo - SSI]	CommittedPercent: 20.142 %
20220312 061355.424 INFO             PET1 PIOc_sync Enter - MemInfo: [/proc/self/status]	VmPeak:	  497336 kB
20220312 061355.424 INFO             PET1 PIOc_sync Enter - MemInfo: [/proc/self/status]	VmSize:	  497336 kB
20220312 061355.424 INFO             PET1 PIOc_sync Enter - MemInfo: [/proc/self/status]	VmLck:	       0 kB
20220312 061355.424 INFO             PET1 PIOc_sync Enter - MemInfo: [/proc/self/status]	VmPin:	       0 kB
20220312 061355.424 INFO             PET1 PIOc_sync Enter - MemInfo: [/proc/self/status]	VmHWM:	   61072 kB
20220312 061355.424 INFO             PET1 PIOc_sync Enter - MemInfo: [/proc/self/status]	VmRSS:	   20204 kB
20220312 061355.424 INFO             PET1 PIOc_sync Enter - MemInfo: [/proc/self/status]	VmData:	   15460 kB
20220312 061355.424 INFO             PET1 PIOc_sync Enter - MemInfo: [/proc/self/status]	VmStk:	     148 kB
20220312 061355.424 INFO             PET1 PIOc_sync Enter - MemInfo: [/proc/self/status]	VmExe:	     204 kB
20220312 061355.424 INFO             PET1 PIOc_sync Enter - MemInfo: [/proc/self/status]	VmLib:	   48376 kB
20220312 061355.424 INFO             PET1 PIOc_sync Enter - MemInfo: [/proc/self/status]	VmPTE:	     724 kB
20220312 061355.424 INFO             PET1 PIOc_sync Enter - MemInfo: [/proc/self/status]	VmPMD:	      16 kB
20220312 061355.424 INFO             PET1 PIOc_sync Enter - MemInfo: [/proc/self/status]	VmSwap:	       0 kB
20220312 061355.424 INFO             PET1 PIOc_sync Enter - MemInfo: [/proc/self/status]	VmRSSPercent: 0.0308425 %
20220312 061355.424 INFO             PET1 PIOc_sync Enter - MemInfo: [malloc] Non-mmapped space allocated:                 3579904 Byte
20220312 061355.425 INFO             PET1 PIOc_sync Enter - MemInfo: [malloc] Space allocated in mmapped regions:          1581056 Byte
20220312 061355.425 INFO             PET1 PIOc_sync Enter - MemInfo: [malloc] Maximum total allocated space:                     0 Byte
20220312 061355.425 INFO             PET1 PIOc_sync Enter - MemInfo: [malloc] Space in freed fastbin blocks:                  2832 Byte
20220312 061355.425 INFO             PET1 PIOc_sync Enter - MemInfo: [malloc] Total allocated space:                       3029344 Byte
20220312 061355.425 INFO             PET1 PIOc_sync Enter - MemInfo: [malloc] Total free space:                             550560 Byte
20220312 061355.425 INFO             PET1 PIOc_sync Enter - MemInfo: [malloc] Top-most, releasable space:                   315072 Byte
20220312 061355.425 INFO             PET1 PIOc_sync Enter - MemInfo: [malloc] Total space in use, mmap + non-mmap:         4610400 Byte
20220312 061355.425 INFO             PET1 PIOc_sync Enter - MemInfo: [malloc] Total space held (mmap + non-mmap):          5160960 Byte
20220312 061355.425 INFO             PET1 PIOc_sync Enter - MemInfo: [malloc] Total space used (mmap + non-mmap):          4619728 Byte
20220312 061355.425 INFO             PET1 PIOc_sync Enter - MemInfo: Wall-clock time since execution start:               0.031721 seconds
20220312 061355.427 INFO             PET1 PIOc_sync Exit - MemInfo: [/proc/meminfo - SSI]	MemTotal:       65507008 kB
20220312 061355.427 INFO             PET1 PIOc_sync Exit - MemInfo: [/proc/meminfo - SSI]	MemFree:        48666636 kB
20220312 061355.427 INFO             PET1 PIOc_sync Exit - MemInfo: [/proc/meminfo - SSI]	MemAvailable:   48428728 kB
20220312 061355.427 INFO             PET1 PIOc_sync Exit - MemInfo: [/proc/meminfo - SSI]	Committed_AS:   13194412 kB
20220312 061355.427 INFO             PET1 PIOc_sync Exit - MemInfo: [/proc/meminfo - SSI]	CommittedPercent: 20.142 %
20220312 061355.427 INFO             PET1 PIOc_sync Exit - MemInfo: [/proc/self/status]	VmPeak:	  497336 kB
20220312 061355.427 INFO             PET1 PIOc_sync Exit - MemInfo: [/proc/self/status]	VmSize:	  497336 kB
20220312 061355.427 INFO             PET1 PIOc_sync Exit - MemInfo: [/proc/self/status]	VmLck:	       0 kB
20220312 061355.427 INFO             PET1 PIOc_sync Exit - MemInfo: [/proc/self/status]	VmPin:	       0 kB
20220312 061355.427 INFO             PET1 PIOc_sync Exit - MemInfo: [/proc/self/status]	VmHWM:	   61072 kB
20220312 061355.427 INFO             PET1 PIOc_sync Exit - MemInfo: [/proc/self/status]	VmRSS:	   20204 kB
20220312 061355.427 INFO             PET1 PIOc_sync Exit - MemInfo: [/proc/self/status]	VmData:	   15460 kB
20220312 061355.427 INFO             PET1 PIOc_sync Exit - MemInfo: [/proc/self/status]	VmStk:	     148 kB
20220312 061355.427 INFO             PET1 PIOc_sync Exit - MemInfo: [/proc/self/status]	VmExe:	     204 kB
20220312 061355.427 INFO             PET1 PIOc_sync Exit - MemInfo: [/proc/self/status]	VmLib:	   48376 kB
20220312 061355.427 INFO             PET1 PIOc_sync Exit - MemInfo: [/proc/self/status]	VmPTE:	     724 kB
20220312 061355.427 INFO             PET1 PIOc_sync Exit - MemInfo: [/proc/self/status]	VmPMD:	      16 kB
20220312 061355.427 INFO             PET1 PIOc_sync Exit - MemInfo: [/proc/self/status]	VmSwap:	       0 kB
20220312 061355.427 INFO             PET1 PIOc_sync Exit - MemInfo: [/proc/self/status]	VmRSSPercent: 0.0308425 %
20220312 061355.427 INFO             PET1 PIOc_sync Exit - MemInfo: [malloc] Non-mmapped space allocated:                 3579904 Byte
20220312 061355.427 INFO             PET1 PIOc_sync Exit - MemInfo: [malloc] Space allocated in mmapped regions:          1581056 Byte
20220312 061355.427 INFO             PET1 PIOc_sync Exit - MemInfo: [malloc] Maximum total allocated space:                     0 Byte
20220312 061355.427 INFO             PET1 PIOc_sync Exit - MemInfo: [malloc] Space in freed fastbin blocks:                  1520 Byte
20220312 061355.427 INFO             PET1 PIOc_sync Exit - MemInfo: [malloc] Total allocated space:                       3029040 Byte
20220312 061355.427 INFO             PET1 PIOc_sync Exit - MemInfo: [malloc] Total free space:                             550864 Byte
20220312 061355.427 INFO             PET1 PIOc_sync Exit - MemInfo: [malloc] Top-most, releasable space:                   315072 Byte
20220312 061355.427 INFO             PET1 PIOc_sync Exit - MemInfo: [malloc] Total space in use, mmap + non-mmap:         4610096 Byte
20220312 061355.427 INFO             PET1 PIOc_sync Exit - MemInfo: [malloc] Total space held (mmap + non-mmap):          5160960 Byte
20220312 061355.427 INFO             PET1 PIOc_sync Exit - MemInfo: [malloc] Total space used (mmap + non-mmap):          4619424 Byte
20220312 061355.427 INFO             PET1 PIOc_sync Exit - MemInfo: Wall-clock time since execution start:              0.0344811 seconds
20220312 061355.427 INFO             PET1 PIOc_freedecomp Enter - MemInfo: [/proc/meminfo - SSI]	MemTotal:       65507008 kB
20220312 061355.427 INFO             PET1 PIOc_freedecomp Enter - MemInfo: [/proc/meminfo - SSI]	MemFree:        48666636 kB
20220312 061355.427 INFO             PET1 PIOc_freedecomp Enter - MemInfo: [/proc/meminfo - SSI]	MemAvailable:   48428728 kB
20220312 061355.428 INFO             PET1 PIOc_freedecomp Enter - MemInfo: [/proc/meminfo - SSI]	Committed_AS:   13194412 kB
20220312 061355.428 INFO             PET1 PIOc_freedecomp Enter - MemInfo: [/proc/meminfo - SSI]	CommittedPercent: 20.142 %
20220312 061355.428 INFO             PET1 PIOc_freedecomp Enter - MemInfo: [/proc/self/status]	VmPeak:	  497336 kB
20220312 061355.428 INFO             PET1 PIOc_freedecomp Enter - MemInfo: [/proc/self/status]	VmSize:	  497336 kB
20220312 061355.428 INFO             PET1 PIOc_freedecomp Enter - MemInfo: [/proc/self/status]	VmLck:	       0 kB
20220312 061355.428 INFO             PET1 PIOc_freedecomp Enter - MemInfo: [/proc/self/status]	VmPin:	       0 kB
20220312 061355.428 INFO             PET1 PIOc_freedecomp Enter - MemInfo: [/proc/self/status]	VmHWM:	   61072 kB
20220312 061355.428 INFO             PET1 PIOc_freedecomp Enter - MemInfo: [/proc/self/status]	VmRSS:	   20204 kB
20220312 061355.428 INFO             PET1 PIOc_freedecomp Enter - MemInfo: [/proc/self/status]	VmData:	   15460 kB
20220312 061355.428 INFO             PET1 PIOc_freedecomp Enter - MemInfo: [/proc/self/status]	VmStk:	     148 kB
20220312 061355.428 INFO             PET1 PIOc_freedecomp Enter - MemInfo: [/proc/self/status]	VmExe:	     204 kB
20220312 061355.428 INFO             PET1 PIOc_freedecomp Enter - MemInfo: [/proc/self/status]	VmLib:	   48376 kB
20220312 061355.428 INFO             PET1 PIOc_freedecomp Enter - MemInfo: [/proc/self/status]	VmPTE:	     724 kB
20220312 061355.428 INFO             PET1 PIOc_freedecomp Enter - MemInfo: [/proc/self/status]	VmPMD:	      16 kB
20220312 061355.428 INFO             PET1 PIOc_freedecomp Enter - MemInfo: [/proc/self/status]	VmSwap:	       0 kB
20220312 061355.428 INFO             PET1 PIOc_freedecomp Enter - MemInfo: [/proc/self/status]	VmRSSPercent: 0.0308425 %
20220312 061355.428 INFO             PET1 PIOc_freedecomp Enter - MemInfo: [malloc] Non-mmapped space allocated:                 3579904 Byte
20220312 061355.428 INFO             PET1 PIOc_freedecomp Enter - MemInfo: [malloc] Space allocated in mmapped regions:          1581056 Byte
20220312 061355.428 INFO             PET1 PIOc_freedecomp Enter - MemInfo: [malloc] Maximum total allocated space:                     0 Byte
20220312 061355.428 INFO             PET1 PIOc_freedecomp Enter - MemInfo: [malloc] Space in freed fastbin blocks:                  1584 Byte
20220312 061355.428 INFO             PET1 PIOc_freedecomp Enter - MemInfo: [malloc] Total allocated space:                       3027072 Byte
20220312 061355.428 INFO             PET1 PIOc_freedecomp Enter - MemInfo: [malloc] Total free space:                             552832 Byte
20220312 061355.428 INFO             PET1 PIOc_freedecomp Enter - MemInfo: [malloc] Top-most, releasable space:                   315072 Byte
20220312 061355.428 INFO             PET1 PIOc_freedecomp Enter - MemInfo: [malloc] Total space in use, mmap + non-mmap:         4608128 Byte
20220312 061355.428 INFO             PET1 PIOc_freedecomp Enter - MemInfo: [malloc] Total space held (mmap + non-mmap):          5160960 Byte
20220312 061355.428 INFO             PET1 PIOc_freedecomp Enter - MemInfo: [malloc] Total space used (mmap + non-mmap):          4617456 Byte
20220312 061355.428 INFO             PET1 PIOc_freedecomp Enter - MemInfo: Wall-clock time since execution start:              0.0349182 seconds
20220312 061355.428 INFO             PET1 PIOc_freedecomp Exit - MemInfo: [/proc/meminfo - SSI]	MemTotal:       65507008 kB
20220312 061355.428 INFO             PET1 PIOc_freedecomp Exit - MemInfo: [/proc/meminfo - SSI]	MemFree:        48666636 kB
20220312 061355.428 INFO             PET1 PIOc_freedecomp Exit - MemInfo: [/proc/meminfo - SSI]	MemAvailable:   48428728 kB
20220312 061355.428 INFO             PET1 PIOc_freedecomp Exit - MemInfo: [/proc/meminfo - SSI]	Committed_AS:   13194412 kB
20220312 061355.428 INFO             PET1 PIOc_freedecomp Exit - MemInfo: [/proc/meminfo - SSI]	CommittedPercent: 20.142 %
20220312 061355.428 INFO             PET1 PIOc_freedecomp Exit - MemInfo: [/proc/self/status]	VmPeak:	  497336 kB
20220312 061355.428 INFO             PET1 PIOc_freedecomp Exit - MemInfo: [/proc/self/status]	VmSize:	  497336 kB
20220312 061355.428 INFO             PET1 PIOc_freedecomp Exit - MemInfo: [/proc/self/status]	VmLck:	       0 kB
20220312 061355.428 INFO             PET1 PIOc_freedecomp Exit - MemInfo: [/proc/self/status]	VmPin:	       0 kB
20220312 061355.428 INFO             PET1 PIOc_freedecomp Exit - MemInfo: [/proc/self/status]	VmHWM:	   61072 kB
20220312 061355.428 INFO             PET1 PIOc_freedecomp Exit - MemInfo: [/proc/self/status]	VmRSS:	   20204 kB
20220312 061355.428 INFO             PET1 PIOc_freedecomp Exit - MemInfo: [/proc/self/status]	VmData:	   15460 kB
20220312 061355.428 INFO             PET1 PIOc_freedecomp Exit - MemInfo: [/proc/self/status]	VmStk:	     148 kB
20220312 061355.428 INFO             PET1 PIOc_freedecomp Exit - MemInfo: [/proc/self/status]	VmExe:	     204 kB
20220312 061355.428 INFO             PET1 PIOc_freedecomp Exit - MemInfo: [/proc/self/status]	VmLib:	   48376 kB
20220312 061355.428 INFO             PET1 PIOc_freedecomp Exit - MemInfo: [/proc/self/status]	VmPTE:	     724 kB
20220312 061355.428 INFO             PET1 PIOc_freedecomp Exit - MemInfo: [/proc/self/status]	VmPMD:	      16 kB
20220312 061355.428 INFO             PET1 PIOc_freedecomp Exit - MemInfo: [/proc/self/status]	VmSwap:	       0 kB
20220312 061355.428 INFO             PET1 PIOc_freedecomp Exit - MemInfo: [/proc/self/status]	VmRSSPercent: 0.0308425 %
20220312 061355.428 INFO             PET1 PIOc_freedecomp Exit - MemInfo: [malloc] Non-mmapped space allocated:                 3579904 Byte
20220312 061355.428 INFO             PET1 PIOc_freedecomp Exit - MemInfo: [malloc] Space allocated in mmapped regions:          1581056 Byte
20220312 061355.428 INFO             PET1 PIOc_freedecomp Exit - MemInfo: [malloc] Maximum total allocated space:                     0 Byte
20220312 061355.428 INFO             PET1 PIOc_freedecomp Exit - MemInfo: [malloc] Space in freed fastbin blocks:                  2080 Byte
20220312 061355.428 INFO             PET1 PIOc_freedecomp Exit - MemInfo: [malloc] Total allocated space:                       3024128 Byte
20220312 061355.428 INFO             PET1 PIOc_freedecomp Exit - MemInfo: [malloc] Total free space:                             555776 Byte
20220312 061355.428 INFO             PET1 PIOc_freedecomp Exit - MemInfo: [malloc] Top-most, releasable space:                   315072 Byte
20220312 061355.428 INFO             PET1 PIOc_freedecomp Exit - MemInfo: [malloc] Total space in use, mmap + non-mmap:         4605184 Byte
20220312 061355.428 INFO             PET1 PIOc_freedecomp Exit - MemInfo: [malloc] Total space held (mmap + non-mmap):          5160960 Byte
20220312 061355.428 INFO             PET1 PIOc_freedecomp Exit - MemInfo: [malloc] Total space used (mmap + non-mmap):          4614512 Byte
20220312 061355.428 INFO             PET1 PIOc_freedecomp Exit - MemInfo: Wall-clock time since execution start:               0.035257 seconds
20220312 061355.428 INFO             PET1 PASS ESMC_FieldRegridStoreFile test, ESMC_FieldSMMFromFileUTest.C, line 199
20220312 061355.435 INFO             PET1 PASS ESMC_FieldSMMStore from File test, ESMC_FieldSMMFromFileUTest.C, line 229
20220312 061355.436 INFO             PET1 PASS ESMC_FieldSMMStore From File validation, ESMC_FieldSMMFromFileUTest.C, line 257
20220312 061355.436 INFO             PET1 PASS ESMC_FieldRegridRelease, ESMC_FieldSMMFromFileUTest.C, line 271
20220312 061355.436 INFO             PET1 Ending Test, file ESMC_FieldSMMFromFileUTest.C, line 289
20220312 061355.436 INFO             PET1 Finalizing ESMF
20220312 061355.395 INFO             PET2 !!!!!!!!!!!!!!!!!!!!!!!!!!!!!!!!!!!!!!!!!!!!!!!!!!!!!!
20220312 061355.395 INFO             PET2 !!! THE ESMF_LOG IS SET TO OUTPUT ALL LOG MESSAGES !!!
20220312 061355.395 INFO             PET2 !!!     THIS MAY CAUSE SLOWDOWN IN PERFORMANCE     !!!
20220312 061355.395 INFO             PET2 !!! FOR PRODUCTION RUNS, USE:                      !!!
20220312 061355.395 INFO             PET2 !!!                   ESMF_LOGKIND_Multi_On_Error  !!!
20220312 061355.395 INFO             PET2 !!!!!!!!!!!!!!!!!!!!!!!!!!!!!!!!!!!!!!!!!!!!!!!!!!!!!!
20220312 061355.395 INFO             PET2 Running with ESMF Version   : v8.3.0b09-96-g559b459836
20220312 061355.395 INFO             PET2 ESMF library build date/time: "Mar 12 2022" "05:58:05"
20220312 061355.395 INFO             PET2 ESMF library build location : /glade/scratch/rlong/esmf-testing/gfortran_7.4.0_openmpi_O_jedwards_pio_update2
20220312 061355.395 INFO             PET2 ESMF_COMM                   : openmpi
20220312 061355.395 INFO             PET2 ESMF_MOAB                   : enabled
20220312 061355.395 INFO             PET2 ESMF_LAPACK                 : enabled
20220312 061355.395 INFO             PET2 ESMF_NETCDF                 : enabled
20220312 061355.395 INFO             PET2 ESMF_PNETCDF                : disabled
20220312 061355.395 INFO             PET2 ESMF_PIO                    : enabled
20220312 061355.395 INFO             PET2 ESMF_YAMLCPP                : enabled
20220312 061355.395 INFO             PET2 Beginning Test, file ESMC_FieldSMMFromFileUTest.C, line 41
20220312 061355.395 INFO             PET2 Beginning Test, file ESMC_FieldSMMFromFileUTest.C, line 41NUMBER_OF_PROCESSORS 4
20220312 061355.412 INFO             PET2 PIOc_sync Enter - MemInfo: [/proc/meminfo - SSI]	MemTotal:       65507008 kB
20220312 061355.412 INFO             PET2 PIOc_sync Enter - MemInfo: [/proc/meminfo - SSI]	MemFree:        48658572 kB
20220312 061355.412 INFO             PET2 PIOc_sync Enter - MemInfo: [/proc/meminfo - SSI]	MemAvailable:   48420664 kB
20220312 061355.412 INFO             PET2 PIOc_sync Enter - MemInfo: [/proc/meminfo - SSI]	Committed_AS:   13194452 kB
20220312 061355.412 INFO             PET2 PIOc_sync Enter - MemInfo: [/proc/meminfo - SSI]	CommittedPercent: 20.142 %
20220312 061355.412 INFO             PET2 PIOc_sync Enter - MemInfo: [/proc/self/status]	VmPeak:	  497336 kB
20220312 061355.412 INFO             PET2 PIOc_sync Enter - MemInfo: [/proc/self/status]	VmSize:	  497336 kB
20220312 061355.412 INFO             PET2 PIOc_sync Enter - MemInfo: [/proc/self/status]	VmLck:	       0 kB
20220312 061355.412 INFO             PET2 PIOc_sync Enter - MemInfo: [/proc/self/status]	VmPin:	       0 kB
20220312 061355.412 INFO             PET2 PIOc_sync Enter - MemInfo: [/proc/self/status]	VmHWM:	   61076 kB
20220312 061355.412 INFO             PET2 PIOc_sync Enter - MemInfo: [/proc/self/status]	VmRSS:	   20128 kB
20220312 061355.412 INFO             PET2 PIOc_sync Enter - MemInfo: [/proc/self/status]	VmData:	   15460 kB
20220312 061355.412 INFO             PET2 PIOc_sync Enter - MemInfo: [/proc/self/status]	VmStk:	     148 kB
20220312 061355.412 INFO             PET2 PIOc_sync Enter - MemInfo: [/proc/self/status]	VmExe:	     204 kB
20220312 061355.412 INFO             PET2 PIOc_sync Enter - MemInfo: [/proc/self/status]	VmLib:	   48376 kB
20220312 061355.412 INFO             PET2 PIOc_sync Enter - MemInfo: [/proc/self/status]	VmPTE:	     712 kB
20220312 061355.412 INFO             PET2 PIOc_sync Enter - MemInfo: [/proc/self/status]	VmPMD:	      16 kB
20220312 061355.412 INFO             PET2 PIOc_sync Enter - MemInfo: [/proc/self/status]	VmSwap:	       0 kB
20220312 061355.412 INFO             PET2 PIOc_sync Enter - MemInfo: [/proc/self/status]	VmRSSPercent: 0.0307265 %
20220312 061355.412 INFO             PET2 PIOc_sync Enter - MemInfo: [malloc] Non-mmapped space allocated:                 3579904 Byte
20220312 061355.412 INFO             PET2 PIOc_sync Enter - MemInfo: [malloc] Space allocated in mmapped regions:          1581056 Byte
20220312 061355.415 INFO             PET2 PIOc_sync Enter - MemInfo: [malloc] Maximum total allocated space:                     0 Byte
20220312 061355.415 INFO             PET2 PIOc_sync Enter - MemInfo: [malloc] Space in freed fastbin blocks:                   880 Byte
20220312 061355.415 INFO             PET2 PIOc_sync Enter - MemInfo: [malloc] Total allocated space:                       3029216 Byte
20220312 061355.415 INFO             PET2 PIOc_sync Enter - MemInfo: [malloc] Total free space:                             550688 Byte
20220312 061355.415 INFO             PET2 PIOc_sync Enter - MemInfo: [malloc] Top-most, releasable space:                   315072 Byte
20220312 061355.415 INFO             PET2 PIOc_sync Enter - MemInfo: [malloc] Total space in use, mmap + non-mmap:         4610272 Byte
20220312 061355.415 INFO             PET2 PIOc_sync Enter - MemInfo: [malloc] Total space held (mmap + non-mmap):          5160960 Byte
20220312 061355.415 INFO             PET2 PIOc_sync Enter - MemInfo: [malloc] Total space used (mmap + non-mmap):          4619600 Byte
20220312 061355.415 INFO             PET2 PIOc_sync Enter - MemInfo: Wall-clock time since execution start:              0.0225616 seconds
20220312 061355.416 INFO             PET2 PIOc_sync Exit - MemInfo: [/proc/meminfo - SSI]	MemTotal:       65507008 kB
20220312 061355.416 INFO             PET2 PIOc_sync Exit - MemInfo: [/proc/meminfo - SSI]	MemFree:        48658572 kB
20220312 061355.416 INFO             PET2 PIOc_sync Exit - MemInfo: [/proc/meminfo - SSI]	MemAvailable:   48420664 kB
20220312 061355.416 INFO             PET2 PIOc_sync Exit - MemInfo: [/proc/meminfo - SSI]	Committed_AS:   13194452 kB
20220312 061355.416 INFO             PET2 PIOc_sync Exit - MemInfo: [/proc/meminfo - SSI]	CommittedPercent: 20.142 %
20220312 061355.416 INFO             PET2 PIOc_sync Exit - MemInfo: [/proc/self/status]	VmPeak:	  497336 kB
20220312 061355.416 INFO             PET2 PIOc_sync Exit - MemInfo: [/proc/self/status]	VmSize:	  497336 kB
20220312 061355.416 INFO             PET2 PIOc_sync Exit - MemInfo: [/proc/self/status]	VmLck:	       0 kB
20220312 061355.416 INFO             PET2 PIOc_sync Exit - MemInfo: [/proc/self/status]	VmPin:	       0 kB
20220312 061355.416 INFO             PET2 PIOc_sync Exit - MemInfo: [/proc/self/status]	VmHWM:	   61076 kB
20220312 061355.416 INFO             PET2 PIOc_sync Exit - MemInfo: [/proc/self/status]	VmRSS:	   20196 kB
20220312 061355.416 INFO             PET2 PIOc_sync Exit - MemInfo: [/proc/self/status]	VmData:	   15460 kB
