build time -- 2022-03-14 06:00:12.898178
20220314 061402.832 INFO             PET0 !!!!!!!!!!!!!!!!!!!!!!!!!!!!!!!!!!!!!!!!!!!!!!!!!!!!!!
20220314 061402.832 INFO             PET0 !!! THE ESMF_LOG IS SET TO OUTPUT ALL LOG MESSAGES !!!
20220314 061402.832 INFO             PET0 !!!     THIS MAY CAUSE SLOWDOWN IN PERFORMANCE     !!!
20220314 061402.832 INFO             PET0 !!! FOR PRODUCTION RUNS, USE:                      !!!
20220314 061402.832 INFO             PET0 !!!                   ESMF_LOGKIND_Multi_On_Error  !!!
20220314 061402.832 INFO             PET0 !!!!!!!!!!!!!!!!!!!!!!!!!!!!!!!!!!!!!!!!!!!!!!!!!!!!!!
20220314 061402.832 INFO             PET0 Running with ESMF Version   : v8.3.0b09-96-g559b459836
20220314 061402.832 INFO             PET0 ESMF library build date/time: "Mar 14 2022" "05:58:16"
20220314 061402.832 INFO             PET0 ESMF library build location : /glade/scratch/rlong/esmf-testing/gfortran_7.4.0_openmpi_O_jedwards_pio_update2
20220314 061402.832 INFO             PET0 ESMF_COMM                   : openmpi
20220314 061402.832 INFO             PET0 ESMF_MOAB                   : enabled
20220314 061402.832 INFO             PET0 ESMF_LAPACK                 : enabled
20220314 061402.832 INFO             PET0 ESMF_NETCDF                 : enabled
20220314 061402.832 INFO             PET0 ESMF_PNETCDF                : disabled
20220314 061402.832 INFO             PET0 ESMF_PIO                    : enabled
20220314 061402.832 INFO             PET0 ESMF_YAMLCPP                : enabled
20220314 061402.832 INFO             PET0 Beginning Test, file ESMC_FieldSMMFromFileUTest.C, line 41
20220314 061402.832 INFO             PET0 Beginning Test, file ESMC_FieldSMMFromFileUTest.C, line 41NUMBER_OF_PROCESSORS 4
20220314 061402.849 INFO             PET0 PIOc_sync Enter - MemInfo: [/proc/meminfo - SSI]	MemTotal:       65507008 kB
20220314 061402.849 INFO             PET0 PIOc_sync Enter - MemInfo: [/proc/meminfo - SSI]	MemFree:        49870204 kB
20220314 061402.849 INFO             PET0 PIOc_sync Enter - MemInfo: [/proc/meminfo - SSI]	MemAvailable:   49632164 kB
20220314 061402.849 INFO             PET0 PIOc_sync Enter - MemInfo: [/proc/meminfo - SSI]	Committed_AS:   12917712 kB
20220314 061402.849 INFO             PET0 PIOc_sync Enter - MemInfo: [/proc/meminfo - SSI]	CommittedPercent: 19.7196 %
20220314 061402.849 INFO             PET0 PIOc_sync Enter - MemInfo: [/proc/self/status]	VmPeak:	  514004 kB
20220314 061402.849 INFO             PET0 PIOc_sync Enter - MemInfo: [/proc/self/status]	VmSize:	  514004 kB
20220314 061402.849 INFO             PET0 PIOc_sync Enter - MemInfo: [/proc/self/status]	VmLck:	       0 kB
20220314 061402.849 INFO             PET0 PIOc_sync Enter - MemInfo: [/proc/self/status]	VmPin:	       0 kB
20220314 061402.849 INFO             PET0 PIOc_sync Enter - MemInfo: [/proc/self/status]	VmHWM:	   61064 kB
20220314 061402.849 INFO             PET0 PIOc_sync Enter - MemInfo: [/proc/self/status]	VmRSS:	   37780 kB
20220314 061402.849 INFO             PET0 PIOc_sync Enter - MemInfo: [/proc/self/status]	VmData:	   32288 kB
20220314 061402.849 INFO             PET0 PIOc_sync Enter - MemInfo: [/proc/self/status]	VmStk:	     148 kB
20220314 061402.849 INFO             PET0 PIOc_sync Enter - MemInfo: [/proc/self/status]	VmExe:	     204 kB
20220314 061402.850 INFO             PET0 PIOc_sync Enter - MemInfo: [/proc/self/status]	VmLib:	   48376 kB
20220314 061402.850 INFO             PET0 PIOc_sync Enter - MemInfo: [/proc/self/status]	VmPTE:	     756 kB
20220314 061402.850 INFO             PET0 PIOc_sync Enter - MemInfo: [/proc/self/status]	VmPMD:	      16 kB
20220314 061402.850 INFO             PET0 PIOc_sync Enter - MemInfo: [/proc/self/status]	VmSwap:	       0 kB
20220314 061402.850 INFO             PET0 PIOc_sync Enter - MemInfo: [/proc/self/status]	VmRSSPercent: 0.0576732 %
20220314 061402.850 INFO             PET0 PIOc_sync Enter - MemInfo: [malloc] Non-mmapped space allocated:                 3502080 Byte
20220314 061402.850 INFO             PET0 PIOc_sync Enter - MemInfo: [malloc] Space allocated in mmapped regions:         18890752 Byte
20220314 061402.852 INFO             PET0 PIOc_sync Enter - MemInfo: [malloc] Maximum total allocated space:                     0 Byte
20220314 061402.852 INFO             PET0 PIOc_sync Enter - MemInfo: [malloc] Space in freed fastbin blocks:                  1344 Byte
20220314 061402.852 INFO             PET0 PIOc_sync Enter - MemInfo: [malloc] Total allocated space:                       3150624 Byte
20220314 061402.852 INFO             PET0 PIOc_sync Enter - MemInfo: [malloc] Total free space:                             351456 Byte
20220314 061402.852 INFO             PET0 PIOc_sync Enter - MemInfo: [malloc] Top-most, releasable space:                   151952 Byte
20220314 061402.852 INFO             PET0 PIOc_sync Enter - MemInfo: [malloc] Total space in use, mmap + non-mmap:        22041376 Byte
20220314 061402.852 INFO             PET0 PIOc_sync Enter - MemInfo: [malloc] Total space held (mmap + non-mmap):         22392832 Byte
20220314 061402.852 INFO             PET0 PIOc_sync Enter - MemInfo: [malloc] Total space used (mmap + non-mmap):         22050704 Byte
20220314 061402.852 INFO             PET0 PIOc_sync Enter - MemInfo: Wall-clock time since execution start:              0.0209653 seconds
20220314 061402.853 INFO             PET0 PIOc_sync Exit - MemInfo: [/proc/meminfo - SSI]	MemTotal:       65507008 kB
20220314 061402.853 INFO             PET0 PIOc_sync Exit - MemInfo: [/proc/meminfo - SSI]	MemFree:        49870204 kB
20220314 061402.853 INFO             PET0 PIOc_sync Exit - MemInfo: [/proc/meminfo - SSI]	MemAvailable:   49632164 kB
20220314 061402.853 INFO             PET0 PIOc_sync Exit - MemInfo: [/proc/meminfo - SSI]	Committed_AS:   12917712 kB
20220314 061402.853 INFO             PET0 PIOc_sync Exit - MemInfo: [/proc/meminfo - SSI]	CommittedPercent: 19.7196 %
20220314 061402.853 INFO             PET0 PIOc_sync Exit - MemInfo: [/proc/self/status]	VmPeak:	  514004 kB
20220314 061402.853 INFO             PET0 PIOc_sync Exit - MemInfo: [/proc/self/status]	VmSize:	  514004 kB
20220314 061402.853 INFO             PET0 PIOc_sync Exit - MemInfo: [/proc/self/status]	VmLck:	       0 kB
20220314 061402.853 INFO             PET0 PIOc_sync Exit - MemInfo: [/proc/self/status]	VmPin:	       0 kB
20220314 061402.853 INFO             PET0 PIOc_sync Exit - MemInfo: [/proc/self/status]	VmHWM:	   61064 kB
20220314 061402.853 INFO             PET0 PIOc_sync Exit - MemInfo: [/proc/self/status]	VmRSS:	   37896 kB
20220314 061402.853 INFO             PET0 PIOc_sync Exit - MemInfo: [/proc/self/status]	VmData:	   32288 kB
20220314 061402.853 INFO             PET0 PIOc_sync Exit - MemInfo: [/proc/self/status]	VmStk:	     148 kB
20220314 061402.853 INFO             PET0 PIOc_sync Exit - MemInfo: [/proc/self/status]	VmExe:	     204 kB
20220314 061402.853 INFO             PET0 PIOc_sync Exit - MemInfo: [/proc/self/status]	VmLib:	   48376 kB
20220314 061402.853 INFO             PET0 PIOc_sync Exit - MemInfo: [/proc/self/status]	VmPTE:	     756 kB
20220314 061402.853 INFO             PET0 PIOc_sync Exit - MemInfo: [/proc/self/status]	VmPMD:	      16 kB
20220314 061402.853 INFO             PET0 PIOc_sync Exit - MemInfo: [/proc/self/status]	VmSwap:	       0 kB
20220314 061402.853 INFO             PET0 PIOc_sync Exit - MemInfo: [/proc/self/status]	VmRSSPercent: 0.0578503 %
20220314 061402.853 INFO             PET0 PIOc_sync Exit - MemInfo: [malloc] Non-mmapped space allocated:                 3502080 Byte
20220314 061402.853 INFO             PET0 PIOc_sync Exit - MemInfo: [malloc] Space allocated in mmapped regions:         18890752 Byte
20220314 061402.853 INFO             PET0 PIOc_sync Exit - MemInfo: [malloc] Maximum total allocated space:                     0 Byte
20220314 061402.853 INFO             PET0 PIOc_sync Exit - MemInfo: [malloc] Space in freed fastbin blocks:                  2160 Byte
20220314 061402.853 INFO             PET0 PIOc_sync Exit - MemInfo: [malloc] Total allocated space:                       3152960 Byte
20220314 061402.853 INFO             PET0 PIOc_sync Exit - MemInfo: [malloc] Total free space:                             349120 Byte
20220314 061402.853 INFO             PET0 PIOc_sync Exit - MemInfo: [malloc] Top-most, releasable space:                   144320 Byte
20220314 061402.853 INFO             PET0 PIOc_sync Exit - MemInfo: [malloc] Total space in use, mmap + non-mmap:        22043712 Byte
20220314 061402.853 INFO             PET0 PIOc_sync Exit - MemInfo: [malloc] Total space held (mmap + non-mmap):         22392832 Byte
20220314 061402.853 INFO             PET0 PIOc_sync Exit - MemInfo: [malloc] Total space used (mmap + non-mmap):         22053040 Byte
20220314 061402.853 INFO             PET0 PIOc_sync Exit - MemInfo: Wall-clock time since execution start:              0.0221932 seconds
20220314 061402.854 INFO             PET0 PIOc_freedecomp Enter - MemInfo: [/proc/meminfo - SSI]	MemTotal:       65507008 kB
20220314 061402.854 INFO             PET0 PIOc_freedecomp Enter - MemInfo: [/proc/meminfo - SSI]	MemFree:        49884820 kB
20220314 061402.854 INFO             PET0 PIOc_freedecomp Enter - MemInfo: [/proc/meminfo - SSI]	MemAvailable:   49646780 kB
20220314 061402.854 INFO             PET0 PIOc_freedecomp Enter - MemInfo: [/proc/meminfo - SSI]	Committed_AS:   12901324 kB
20220314 061402.854 INFO             PET0 PIOc_freedecomp Enter - MemInfo: [/proc/meminfo - SSI]	CommittedPercent: 19.6946 %
20220314 061402.854 INFO             PET0 PIOc_freedecomp Enter - MemInfo: [/proc/self/status]	VmPeak:	  514004 kB
20220314 061402.854 INFO             PET0 PIOc_freedecomp Enter - MemInfo: [/proc/self/status]	VmSize:	  497100 kB
20220314 061402.854 INFO             PET0 PIOc_freedecomp Enter - MemInfo: [/proc/self/status]	VmLck:	       0 kB
20220314 061402.854 INFO             PET0 PIOc_freedecomp Enter - MemInfo: [/proc/self/status]	VmPin:	       0 kB
20220314 061402.854 INFO             PET0 PIOc_freedecomp Enter - MemInfo: [/proc/self/status]	VmHWM:	   61064 kB
20220314 061402.854 INFO             PET0 PIOc_freedecomp Enter - MemInfo: [/proc/self/status]	VmRSS:	   21508 kB
20220314 061402.854 INFO             PET0 PIOc_freedecomp Enter - MemInfo: [/proc/self/status]	VmData:	   15384 kB
20220314 061402.854 INFO             PET0 PIOc_freedecomp Enter - MemInfo: [/proc/self/status]	VmStk:	     148 kB
20220314 061402.854 INFO             PET0 PIOc_freedecomp Enter - MemInfo: [/proc/self/status]	VmExe:	     204 kB
20220314 061402.854 INFO             PET0 PIOc_freedecomp Enter - MemInfo: [/proc/self/status]	VmLib:	   48376 kB
20220314 061402.854 INFO             PET0 PIOc_freedecomp Enter - MemInfo: [/proc/self/status]	VmPTE:	     724 kB
20220314 061402.854 INFO             PET0 PIOc_freedecomp Enter - MemInfo: [/proc/self/status]	VmPMD:	      16 kB
20220314 061402.854 INFO             PET0 PIOc_freedecomp Enter - MemInfo: [/proc/self/status]	VmSwap:	       0 kB
20220314 061402.854 INFO             PET0 PIOc_freedecomp Enter - MemInfo: [/proc/self/status]	VmRSSPercent: 0.0328331 %
20220314 061402.854 INFO             PET0 PIOc_freedecomp Enter - MemInfo: [malloc] Non-mmapped space allocated:                 3502080 Byte
20220314 061402.854 INFO             PET0 PIOc_freedecomp Enter - MemInfo: [malloc] Space allocated in mmapped regions:          1581056 Byte
20220314 061402.854 INFO             PET0 PIOc_freedecomp Enter - MemInfo: [malloc] Maximum total allocated space:                     0 Byte
20220314 061402.854 INFO             PET0 PIOc_freedecomp Enter - MemInfo: [malloc] Space in freed fastbin blocks:                  2720 Byte
20220314 061402.854 INFO             PET0 PIOc_freedecomp Enter - MemInfo: [malloc] Total allocated space:                       3139792 Byte
20220314 061402.854 INFO             PET0 PIOc_freedecomp Enter - MemInfo: [malloc] Total free space:                             362288 Byte
20220314 061402.854 INFO             PET0 PIOc_freedecomp Enter - MemInfo: [malloc] Top-most, releasable space:                   144816 Byte
20220314 061402.854 INFO             PET0 PIOc_freedecomp Enter - MemInfo: [malloc] Total space in use, mmap + non-mmap:         4720848 Byte
20220314 061402.854 INFO             PET0 PIOc_freedecomp Enter - MemInfo: [malloc] Total space held (mmap + non-mmap):          5083136 Byte
20220314 061402.854 INFO             PET0 PIOc_freedecomp Enter - MemInfo: [malloc] Total space used (mmap + non-mmap):          4730176 Byte
20220314 061402.854 INFO             PET0 PIOc_freedecomp Enter - MemInfo: Wall-clock time since execution start:              0.0232962 seconds
20220314 061402.854 INFO             PET0 PIOc_freedecomp Exit - MemInfo: [/proc/meminfo - SSI]	MemTotal:       65507008 kB
20220314 061402.854 INFO             PET0 PIOc_freedecomp Exit - MemInfo: [/proc/meminfo - SSI]	MemFree:        49884820 kB
20220314 061402.854 INFO             PET0 PIOc_freedecomp Exit - MemInfo: [/proc/meminfo - SSI]	MemAvailable:   49646780 kB
20220314 061402.854 INFO             PET0 PIOc_freedecomp Exit - MemInfo: [/proc/meminfo - SSI]	Committed_AS:   12901324 kB
20220314 061402.854 INFO             PET0 PIOc_freedecomp Exit - MemInfo: [/proc/meminfo - SSI]	CommittedPercent: 19.6946 %
20220314 061402.854 INFO             PET0 PIOc_freedecomp Exit - MemInfo: [/proc/self/status]	VmPeak:	  514004 kB
20220314 061402.854 INFO             PET0 PIOc_freedecomp Exit - MemInfo: [/proc/self/status]	VmSize:	  497100 kB
20220314 061402.854 INFO             PET0 PIOc_freedecomp Exit - MemInfo: [/proc/self/status]	VmLck:	       0 kB
20220314 061402.854 INFO             PET0 PIOc_freedecomp Exit - MemInfo: [/proc/self/status]	VmPin:	       0 kB
20220314 061402.854 INFO             PET0 PIOc_freedecomp Exit - MemInfo: [/proc/self/status]	VmHWM:	   61064 kB
20220314 061402.854 INFO             PET0 PIOc_freedecomp Exit - MemInfo: [/proc/self/status]	VmRSS:	   21508 kB
20220314 061402.854 INFO             PET0 PIOc_freedecomp Exit - MemInfo: [/proc/self/status]	VmData:	   15384 kB
20220314 061402.854 INFO             PET0 PIOc_freedecomp Exit - MemInfo: [/proc/self/status]	VmStk:	     148 kB
20220314 061402.854 INFO             PET0 PIOc_freedecomp Exit - MemInfo: [/proc/self/status]	VmExe:	     204 kB
20220314 061402.854 INFO             PET0 PIOc_freedecomp Exit - MemInfo: [/proc/self/status]	VmLib:	   48376 kB
20220314 061402.854 INFO             PET0 PIOc_freedecomp Exit - MemInfo: [/proc/self/status]	VmPTE:	     724 kB
20220314 061402.854 INFO             PET0 PIOc_freedecomp Exit - MemInfo: [/proc/self/status]	VmPMD:	      16 kB
20220314 061402.854 INFO             PET0 PIOc_freedecomp Exit - MemInfo: [/proc/self/status]	VmSwap:	       0 kB
20220314 061402.854 INFO             PET0 PIOc_freedecomp Exit - MemInfo: [/proc/self/status]	VmRSSPercent: 0.0328331 %
20220314 061402.854 INFO             PET0 PIOc_freedecomp Exit - MemInfo: [malloc] Non-mmapped space allocated:                 3502080 Byte
20220314 061402.854 INFO             PET0 PIOc_freedecomp Exit - MemInfo: [malloc] Space allocated in mmapped regions:          1581056 Byte
20220314 061402.854 INFO             PET0 PIOc_freedecomp Exit - MemInfo: [malloc] Maximum total allocated space:                     0 Byte
20220314 061402.854 INFO             PET0 PIOc_freedecomp Exit - MemInfo: [malloc] Space in freed fastbin blocks:                  3008 Byte
20220314 061402.854 INFO             PET0 PIOc_freedecomp Exit - MemInfo: [malloc] Total allocated space:                       3132048 Byte
20220314 061402.854 INFO             PET0 PIOc_freedecomp Exit - MemInfo: [malloc] Total free space:                             370032 Byte
20220314 061402.854 INFO             PET0 PIOc_freedecomp Exit - MemInfo: [malloc] Top-most, releasable space:                   144816 Byte
20220314 061402.854 INFO             PET0 PIOc_freedecomp Exit - MemInfo: [malloc] Total space in use, mmap + non-mmap:         4713104 Byte
20220314 061402.854 INFO             PET0 PIOc_freedecomp Exit - MemInfo: [malloc] Total space held (mmap + non-mmap):          5083136 Byte
20220314 061402.854 INFO             PET0 PIOc_freedecomp Exit - MemInfo: [malloc] Total space used (mmap + non-mmap):          4722432 Byte
20220314 061402.854 INFO             PET0 PIOc_freedecomp Exit - MemInfo: Wall-clock time since execution start:              0.0236354 seconds
20220314 061402.859 INFO             PET0 PIOc_sync Enter - MemInfo: [/proc/meminfo - SSI]	MemTotal:       65507008 kB
20220314 061402.859 INFO             PET0 PIOc_sync Enter - MemInfo: [/proc/meminfo - SSI]	MemFree:        49878268 kB
20220314 061402.859 INFO             PET0 PIOc_sync Enter - MemInfo: [/proc/meminfo - SSI]	MemAvailable:   49640228 kB
20220314 061402.859 INFO             PET0 PIOc_sync Enter - MemInfo: [/proc/meminfo - SSI]	Committed_AS:   12917672 kB
20220314 061402.859 INFO             PET0 PIOc_sync Enter - MemInfo: [/proc/meminfo - SSI]	CommittedPercent: 19.7195 %
20220314 061402.859 INFO             PET0 PIOc_sync Enter - MemInfo: [/proc/self/status]	VmPeak:	  514004 kB
20220314 061402.859 INFO             PET0 PIOc_sync Enter - MemInfo: [/proc/self/status]	VmSize:	  513964 kB
20220314 061402.859 INFO             PET0 PIOc_sync Enter - MemInfo: [/proc/self/status]	VmLck:	       0 kB
20220314 061402.859 INFO             PET0 PIOc_sync Enter - MemInfo: [/proc/self/status]	VmPin:	       0 kB
20220314 061402.859 INFO             PET0 PIOc_sync Enter - MemInfo: [/proc/self/status]	VmHWM:	   61064 kB
20220314 061402.859 INFO             PET0 PIOc_sync Enter - MemInfo: [/proc/self/status]	VmRSS:	   29864 kB
20220314 061402.859 INFO             PET0 PIOc_sync Enter - MemInfo: [/proc/self/status]	VmData:	   32248 kB
20220314 061402.859 INFO             PET0 PIOc_sync Enter - MemInfo: [/proc/self/status]	VmStk:	     148 kB
20220314 061402.859 INFO             PET0 PIOc_sync Enter - MemInfo: [/proc/self/status]	VmExe:	     204 kB
20220314 061402.859 INFO             PET0 PIOc_sync Enter - MemInfo: [/proc/self/status]	VmLib:	   48376 kB
20220314 061402.859 INFO             PET0 PIOc_sync Enter - MemInfo: [/proc/self/status]	VmPTE:	     748 kB
20220314 061402.859 INFO             PET0 PIOc_sync Enter - MemInfo: [/proc/self/status]	VmPMD:	      16 kB
20220314 061402.859 INFO             PET0 PIOc_sync Enter - MemInfo: [/proc/self/status]	VmSwap:	       0 kB
20220314 061402.859 INFO             PET0 PIOc_sync Enter - MemInfo: [/proc/self/status]	VmRSSPercent: 0.045589 %
20220314 061402.859 INFO             PET0 PIOc_sync Enter - MemInfo: [malloc] Non-mmapped space allocated:                20770816 Byte
20220314 061402.859 INFO             PET0 PIOc_sync Enter - MemInfo: [malloc] Space allocated in mmapped regions:          1581056 Byte
20220314 061402.859 INFO             PET0 PIOc_sync Enter - MemInfo: [malloc] Maximum total allocated space:                     0 Byte
20220314 061402.859 INFO             PET0 PIOc_sync Enter - MemInfo: [malloc] Space in freed fastbin blocks:                  1984 Byte
20220314 061402.859 INFO             PET0 PIOc_sync Enter - MemInfo: [malloc] Total allocated space:                      20452416 Byte
20220314 061402.859 INFO             PET0 PIOc_sync Enter - MemInfo: [malloc] Total free space:                             318400 Byte
20220314 061402.859 INFO             PET0 PIOc_sync Enter - MemInfo: [malloc] Top-most, releasable space:                   118384 Byte
20220314 061402.859 INFO             PET0 PIOc_sync Enter - MemInfo: [malloc] Total space in use, mmap + non-mmap:        22033472 Byte
20220314 061402.859 INFO             PET0 PIOc_sync Enter - MemInfo: [malloc] Total space held (mmap + non-mmap):         22351872 Byte
20220314 061402.859 INFO             PET0 PIOc_sync Enter - MemInfo: [malloc] Total space used (mmap + non-mmap):         22042800 Byte
20220314 061402.859 INFO             PET0 PIOc_sync Enter - MemInfo: Wall-clock time since execution start:              0.0283912 seconds
20220314 061402.859 INFO             PET0 PIOc_sync Exit - MemInfo: [/proc/meminfo - SSI]	MemTotal:       65507008 kB
20220314 061402.859 INFO             PET0 PIOc_sync Exit - MemInfo: [/proc/meminfo - SSI]	MemFree:        49878268 kB
20220314 061402.859 INFO             PET0 PIOc_sync Exit - MemInfo: [/proc/meminfo - SSI]	MemAvailable:   49640228 kB
20220314 061402.859 INFO             PET0 PIOc_sync Exit - MemInfo: [/proc/meminfo - SSI]	Committed_AS:   12917672 kB
20220314 061402.859 INFO             PET0 PIOc_sync Exit - MemInfo: [/proc/meminfo - SSI]	CommittedPercent: 19.7195 %
20220314 061402.859 INFO             PET0 PIOc_sync Exit - MemInfo: [/proc/self/status]	VmPeak:	  514004 kB
20220314 061402.859 INFO             PET0 PIOc_sync Exit - MemInfo: [/proc/self/status]	VmSize:	  513964 kB
20220314 061402.859 INFO             PET0 PIOc_sync Exit - MemInfo: [/proc/self/status]	VmLck:	       0 kB
20220314 061402.859 INFO             PET0 PIOc_sync Exit - MemInfo: [/proc/self/status]	VmPin:	       0 kB
20220314 061402.859 INFO             PET0 PIOc_sync Exit - MemInfo: [/proc/self/status]	VmHWM:	   61064 kB
20220314 061402.859 INFO             PET0 PIOc_sync Exit - MemInfo: [/proc/self/status]	VmRSS:	   29884 kB
20220314 061402.859 INFO             PET0 PIOc_sync Exit - MemInfo: [/proc/self/status]	VmData:	   32248 kB
20220314 061402.859 INFO             PET0 PIOc_sync Exit - MemInfo: [/proc/self/status]	VmStk:	     148 kB
20220314 061402.859 INFO             PET0 PIOc_sync Exit - MemInfo: [/proc/self/status]	VmExe:	     204 kB
20220314 061402.859 INFO             PET0 PIOc_sync Exit - MemInfo: [/proc/self/status]	VmLib:	   48376 kB
20220314 061402.859 INFO             PET0 PIOc_sync Exit - MemInfo: [/proc/self/status]	VmPTE:	     748 kB
20220314 061402.859 INFO             PET0 PIOc_sync Exit - MemInfo: [/proc/self/status]	VmPMD:	      16 kB
20220314 061402.859 INFO             PET0 PIOc_sync Exit - MemInfo: [/proc/self/status]	VmSwap:	       0 kB
20220314 061402.859 INFO             PET0 PIOc_sync Exit - MemInfo: [/proc/self/status]	VmRSSPercent: 0.0456195 %
20220314 061402.859 INFO             PET0 PIOc_sync Exit - MemInfo: [malloc] Non-mmapped space allocated:                20770816 Byte
20220314 061402.859 INFO             PET0 PIOc_sync Exit - MemInfo: [malloc] Space allocated in mmapped regions:          1581056 Byte
20220314 061402.859 INFO             PET0 PIOc_sync Exit - MemInfo: [malloc] Maximum total allocated space:                     0 Byte
20220314 061402.859 INFO             PET0 PIOc_sync Exit - MemInfo: [malloc] Space in freed fastbin blocks:                  2256 Byte
20220314 061402.859 INFO             PET0 PIOc_sync Exit - MemInfo: [malloc] Total allocated space:                      20454992 Byte
20220314 061402.860 INFO             PET0 PIOc_sync Exit - MemInfo: [malloc] Total free space:                             315824 Byte
20220314 061402.860 INFO             PET0 PIOc_sync Exit - MemInfo: [malloc] Top-most, releasable space:                   112208 Byte
20220314 061402.860 INFO             PET0 PIOc_sync Exit - MemInfo: [malloc] Total space in use, mmap + non-mmap:        22036048 Byte
20220314 061402.860 INFO             PET0 PIOc_sync Exit - MemInfo: [malloc] Total space held (mmap + non-mmap):         22351872 Byte
20220314 061402.860 INFO             PET0 PIOc_sync Exit - MemInfo: [malloc] Total space used (mmap + non-mmap):         22045376 Byte
20220314 061402.860 INFO             PET0 PIOc_sync Exit - MemInfo: Wall-clock time since execution start:              0.0288685 seconds
20220314 061402.860 INFO             PET0 PIOc_freedecomp Enter - MemInfo: [/proc/meminfo - SSI]	MemTotal:       65507008 kB
20220314 061402.860 INFO             PET0 PIOc_freedecomp Enter - MemInfo: [/proc/meminfo - SSI]	MemFree:        49878268 kB
20220314 061402.860 INFO             PET0 PIOc_freedecomp Enter - MemInfo: [/proc/meminfo - SSI]	MemAvailable:   49640228 kB
20220314 061402.860 INFO             PET0 PIOc_freedecomp Enter - MemInfo: [/proc/meminfo - SSI]	Committed_AS:   12917672 kB
20220314 061402.860 INFO             PET0 PIOc_freedecomp Enter - MemInfo: [/proc/meminfo - SSI]	CommittedPercent: 19.7195 %
20220314 061402.860 INFO             PET0 PIOc_freedecomp Enter - MemInfo: [/proc/self/status]	VmPeak:	  514004 kB
20220314 061402.860 INFO             PET0 PIOc_freedecomp Enter - MemInfo: [/proc/self/status]	VmSize:	  513964 kB
20220314 061402.860 INFO             PET0 PIOc_freedecomp Enter - MemInfo: [/proc/self/status]	VmLck:	       0 kB
20220314 061402.860 INFO             PET0 PIOc_freedecomp Enter - MemInfo: [/proc/self/status]	VmPin:	       0 kB
20220314 061402.860 INFO             PET0 PIOc_freedecomp Enter - MemInfo: [/proc/self/status]	VmHWM:	   61064 kB
20220314 061402.860 INFO             PET0 PIOc_freedecomp Enter - MemInfo: [/proc/self/status]	VmRSS:	   29888 kB
20220314 061402.860 INFO             PET0 PIOc_freedecomp Enter - MemInfo: [/proc/self/status]	VmData:	   32248 kB
20220314 061402.860 INFO             PET0 PIOc_freedecomp Enter - MemInfo: [/proc/self/status]	VmStk:	     148 kB
20220314 061402.860 INFO             PET0 PIOc_freedecomp Enter - MemInfo: [/proc/self/status]	VmExe:	     204 kB
20220314 061402.860 INFO             PET0 PIOc_freedecomp Enter - MemInfo: [/proc/self/status]	VmLib:	   48376 kB
20220314 061402.860 INFO             PET0 PIOc_freedecomp Enter - MemInfo: [/proc/self/status]	VmPTE:	     748 kB
20220314 061402.860 INFO             PET0 PIOc_freedecomp Enter - MemInfo: [/proc/self/status]	VmPMD:	      16 kB
20220314 061402.860 INFO             PET0 PIOc_freedecomp Enter - MemInfo: [/proc/self/status]	VmSwap:	       0 kB
20220314 061402.860 INFO             PET0 PIOc_freedecomp Enter - MemInfo: [/proc/self/status]	VmRSSPercent: 0.0456257 %
20220314 061402.860 INFO             PET0 PIOc_freedecomp Enter - MemInfo: [malloc] Non-mmapped space allocated:                20770816 Byte
20220314 061402.860 INFO             PET0 PIOc_freedecomp Enter - MemInfo: [malloc] Space allocated in mmapped regions:          1581056 Byte
20220314 061402.860 INFO             PET0 PIOc_freedecomp Enter - MemInfo: [malloc] Maximum total allocated space:                     0 Byte
20220314 061402.860 INFO             PET0 PIOc_freedecomp Enter - MemInfo: [malloc] Space in freed fastbin blocks:                  1728 Byte
20220314 061402.860 INFO             PET0 PIOc_freedecomp Enter - MemInfo: [malloc] Total allocated space:                       3139808 Byte
20220314 061402.860 INFO             PET0 PIOc_freedecomp Enter - MemInfo: [malloc] Total free space:                           17631008 Byte
20220314 061402.860 INFO             PET0 PIOc_freedecomp Enter - MemInfo: [malloc] Top-most, releasable space:                   112704 Byte
20220314 061402.860 INFO             PET0 PIOc_freedecomp Enter - MemInfo: [malloc] Total space in use, mmap + non-mmap:         4720864 Byte
20220314 061402.860 INFO             PET0 PIOc_freedecomp Enter - MemInfo: [malloc] Total space held (mmap + non-mmap):         22351872 Byte
20220314 061402.860 INFO             PET0 PIOc_freedecomp Enter - MemInfo: [malloc] Total space used (mmap + non-mmap):          4730192 Byte
20220314 061402.860 INFO             PET0 PIOc_freedecomp Enter - MemInfo: Wall-clock time since execution start:               0.029245 seconds
20220314 061402.860 INFO             PET0 PIOc_freedecomp Exit - MemInfo: [/proc/meminfo - SSI]	MemTotal:       65507008 kB
20220314 061402.860 INFO             PET0 PIOc_freedecomp Exit - MemInfo: [/proc/meminfo - SSI]	MemFree:        49878268 kB
20220314 061402.860 INFO             PET0 PIOc_freedecomp Exit - MemInfo: [/proc/meminfo - SSI]	MemAvailable:   49640228 kB
20220314 061402.860 INFO             PET0 PIOc_freedecomp Exit - MemInfo: [/proc/meminfo - SSI]	Committed_AS:   12917672 kB
20220314 061402.860 INFO             PET0 PIOc_freedecomp Exit - MemInfo: [/proc/meminfo - SSI]	CommittedPercent: 19.7195 %
20220314 061402.860 INFO             PET0 PIOc_freedecomp Exit - MemInfo: [/proc/self/status]	VmPeak:	  514004 kB
20220314 061402.860 INFO             PET0 PIOc_freedecomp Exit - MemInfo: [/proc/self/status]	VmSize:	  513964 kB
20220314 061402.860 INFO             PET0 PIOc_freedecomp Exit - MemInfo: [/proc/self/status]	VmLck:	       0 kB
20220314 061402.860 INFO             PET0 PIOc_freedecomp Exit - MemInfo: [/proc/self/status]	VmPin:	       0 kB
20220314 061402.860 INFO             PET0 PIOc_freedecomp Exit - MemInfo: [/proc/self/status]	VmHWM:	   61064 kB
20220314 061402.860 INFO             PET0 PIOc_freedecomp Exit - MemInfo: [/proc/self/status]	VmRSS:	   29888 kB
20220314 061402.860 INFO             PET0 PIOc_freedecomp Exit - MemInfo: [/proc/self/status]	VmData:	   32248 kB
20220314 061402.860 INFO             PET0 PIOc_freedecomp Exit - MemInfo: [/proc/self/status]	VmStk:	     148 kB
20220314 061402.860 INFO             PET0 PIOc_freedecomp Exit - MemInfo: [/proc/self/status]	VmExe:	     204 kB
20220314 061402.860 INFO             PET0 PIOc_freedecomp Exit - MemInfo: [/proc/self/status]	VmLib:	   48376 kB
20220314 061402.860 INFO             PET0 PIOc_freedecomp Exit - MemInfo: [/proc/self/status]	VmPTE:	     748 kB
20220314 061402.860 INFO             PET0 PIOc_freedecomp Exit - MemInfo: [/proc/self/status]	VmPMD:	      16 kB
20220314 061402.860 INFO             PET0 PIOc_freedecomp Exit - MemInfo: [/proc/self/status]	VmSwap:	       0 kB
20220314 061402.860 INFO             PET0 PIOc_freedecomp Exit - MemInfo: [/proc/self/status]	VmRSSPercent: 0.0456257 %
20220314 061402.860 INFO             PET0 PIOc_freedecomp Exit - MemInfo: [malloc] Non-mmapped space allocated:                20770816 Byte
20220314 061402.860 INFO             PET0 PIOc_freedecomp Exit - MemInfo: [malloc] Space allocated in mmapped regions:          1581056 Byte
20220314 061402.860 INFO             PET0 PIOc_freedecomp Exit - MemInfo: [malloc] Maximum total allocated space:                     0 Byte
20220314 061402.860 INFO             PET0 PIOc_freedecomp Exit - MemInfo: [malloc] Space in freed fastbin blocks:                  1344 Byte
20220314 061402.860 INFO             PET0 PIOc_freedecomp Exit - MemInfo: [malloc] Total allocated space:                       3132048 Byte
20220314 061402.860 INFO             PET0 PIOc_freedecomp Exit - MemInfo: [malloc] Total free space:                           17638768 Byte
20220314 061402.860 INFO             PET0 PIOc_freedecomp Exit - MemInfo: [malloc] Top-most, releasable space:                   112704 Byte
20220314 061402.860 INFO             PET0 PIOc_freedecomp Exit - MemInfo: [malloc] Total space in use, mmap + non-mmap:         4713104 Byte
20220314 061402.860 INFO             PET0 PIOc_freedecomp Exit - MemInfo: [malloc] Total space held (mmap + non-mmap):         22351872 Byte
20220314 061402.860 INFO             PET0 PIOc_freedecomp Exit - MemInfo: [malloc] Total space used (mmap + non-mmap):          4722432 Byte
20220314 061402.860 INFO             PET0 PIOc_freedecomp Exit - MemInfo: Wall-clock time since execution start:              0.0295841 seconds
20220314 061402.861 INFO             PET0 PIOc_sync Enter - MemInfo: [/proc/meminfo - SSI]	MemTotal:       65507008 kB
20220314 061402.861 INFO             PET0 PIOc_sync Enter - MemInfo: [/proc/meminfo - SSI]	MemFree:        49877764 kB
20220314 061402.861 INFO             PET0 PIOc_sync Enter - MemInfo: [/proc/meminfo - SSI]	MemAvailable:   49639724 kB
20220314 061402.861 INFO             PET0 PIOc_sync Enter - MemInfo: [/proc/meminfo - SSI]	Committed_AS:   12917672 kB
20220314 061402.861 INFO             PET0 PIOc_sync Enter - MemInfo: [/proc/meminfo - SSI]	CommittedPercent: 19.7195 %
20220314 061402.862 INFO             PET0 PIOc_sync Enter - MemInfo: [/proc/self/status]	VmPeak:	  522152 kB
20220314 061402.862 INFO             PET0 PIOc_sync Enter - MemInfo: [/proc/self/status]	VmSize:	  513964 kB
20220314 061402.862 INFO             PET0 PIOc_sync Enter - MemInfo: [/proc/self/status]	VmLck:	       0 kB
20220314 061402.862 INFO             PET0 PIOc_sync Enter - MemInfo: [/proc/self/status]	VmPin:	       0 kB
20220314 061402.862 INFO             PET0 PIOc_sync Enter - MemInfo: [/proc/self/status]	VmHWM:	   61064 kB
20220314 061402.862 INFO             PET0 PIOc_sync Enter - MemInfo: [/proc/self/status]	VmRSS:	   30232 kB
20220314 061402.862 INFO             PET0 PIOc_sync Enter - MemInfo: [/proc/self/status]	VmData:	   32248 kB
20220314 061402.862 INFO             PET0 PIOc_sync Enter - MemInfo: [/proc/self/status]	VmStk:	     148 kB
20220314 061402.862 INFO             PET0 PIOc_sync Enter - MemInfo: [/proc/self/status]	VmExe:	     204 kB
20220314 061402.862 INFO             PET0 PIOc_sync Enter - MemInfo: [/proc/self/status]	VmLib:	   48376 kB
20220314 061402.862 INFO             PET0 PIOc_sync Enter - MemInfo: [/proc/self/status]	VmPTE:	     748 kB
20220314 061402.862 INFO             PET0 PIOc_sync Enter - MemInfo: [/proc/self/status]	VmPMD:	      16 kB
20220314 061402.862 INFO             PET0 PIOc_sync Enter - MemInfo: [/proc/self/status]	VmSwap:	       0 kB
20220314 061402.862 INFO             PET0 PIOc_sync Enter - MemInfo: [/proc/self/status]	VmRSSPercent: 0.0461508 %
20220314 061402.862 INFO             PET0 PIOc_sync Enter - MemInfo: [malloc] Non-mmapped space allocated:                20770816 Byte
20220314 061402.862 INFO             PET0 PIOc_sync Enter - MemInfo: [malloc] Space allocated in mmapped regions:          1581056 Byte
20220314 061402.862 INFO             PET0 PIOc_sync Enter - MemInfo: [malloc] Maximum total allocated space:                     0 Byte
20220314 061402.862 INFO             PET0 PIOc_sync Enter - MemInfo: [malloc] Space in freed fastbin blocks:                  2128 Byte
20220314 061402.862 INFO             PET0 PIOc_sync Enter - MemInfo: [malloc] Total allocated space:                      20452816 Byte
20220314 061402.862 INFO             PET0 PIOc_sync Enter - MemInfo: [malloc] Total free space:                             318000 Byte
20220314 061402.862 INFO             PET0 PIOc_sync Enter - MemInfo: [malloc] Top-most, releasable space:                   117776 Byte
20220314 061402.862 INFO             PET0 PIOc_sync Enter - MemInfo: [malloc] Total space in use, mmap + non-mmap:        22033872 Byte
20220314 061402.862 INFO             PET0 PIOc_sync Enter - MemInfo: [malloc] Total space held (mmap + non-mmap):         22351872 Byte
20220314 061402.862 INFO             PET0 PIOc_sync Enter - MemInfo: [malloc] Total space used (mmap + non-mmap):         22043200 Byte
20220314 061402.862 INFO             PET0 PIOc_sync Enter - MemInfo: Wall-clock time since execution start:              0.0310636 seconds
20220314 061402.864 INFO             PET0 PIOc_sync Exit - MemInfo: [/proc/meminfo - SSI]	MemTotal:       65507008 kB
20220314 061402.864 INFO             PET0 PIOc_sync Exit - MemInfo: [/proc/meminfo - SSI]	MemFree:        49877764 kB
20220314 061402.864 INFO             PET0 PIOc_sync Exit - MemInfo: [/proc/meminfo - SSI]	MemAvailable:   49639724 kB
20220314 061402.864 INFO             PET0 PIOc_sync Exit - MemInfo: [/proc/meminfo - SSI]	Committed_AS:   12917672 kB
20220314 061402.864 INFO             PET0 PIOc_sync Exit - MemInfo: [/proc/meminfo - SSI]	CommittedPercent: 19.7195 %
20220314 061402.864 INFO             PET0 PIOc_sync Exit - MemInfo: [/proc/self/status]	VmPeak:	  522152 kB
20220314 061402.864 INFO             PET0 PIOc_sync Exit - MemInfo: [/proc/self/status]	VmSize:	  513964 kB
20220314 061402.864 INFO             PET0 PIOc_sync Exit - MemInfo: [/proc/self/status]	VmLck:	       0 kB
20220314 061402.864 INFO             PET0 PIOc_sync Exit - MemInfo: [/proc/self/status]	VmPin:	       0 kB
20220314 061402.864 INFO             PET0 PIOc_sync Exit - MemInfo: [/proc/self/status]	VmHWM:	   61064 kB
20220314 061402.864 INFO             PET0 PIOc_sync Exit - MemInfo: [/proc/self/status]	VmRSS:	   30232 kB
20220314 061402.864 INFO             PET0 PIOc_sync Exit - MemInfo: [/proc/self/status]	VmData:	   32248 kB
20220314 061402.864 INFO             PET0 PIOc_sync Exit - MemInfo: [/proc/self/status]	VmStk:	     148 kB
20220314 061402.864 INFO             PET0 PIOc_sync Exit - MemInfo: [/proc/self/status]	VmExe:	     204 kB
20220314 061402.864 INFO             PET0 PIOc_sync Exit - MemInfo: [/proc/self/status]	VmLib:	   48376 kB
20220314 061402.864 INFO             PET0 PIOc_sync Exit - MemInfo: [/proc/self/status]	VmPTE:	     748 kB
20220314 061402.864 INFO             PET0 PIOc_sync Exit - MemInfo: [/proc/self/status]	VmPMD:	      16 kB
20220314 061402.864 INFO             PET0 PIOc_sync Exit - MemInfo: [/proc/self/status]	VmSwap:	       0 kB
20220314 061402.864 INFO             PET0 PIOc_sync Exit - MemInfo: [/proc/self/status]	VmRSSPercent: 0.0461508 %
20220314 061402.864 INFO             PET0 PIOc_sync Exit - MemInfo: [malloc] Non-mmapped space allocated:                20770816 Byte
20220314 061402.864 INFO             PET0 PIOc_sync Exit - MemInfo: [malloc] Space allocated in mmapped regions:          1581056 Byte
20220314 061402.864 INFO             PET0 PIOc_sync Exit - MemInfo: [malloc] Maximum total allocated space:                     0 Byte
20220314 061402.864 INFO             PET0 PIOc_sync Exit - MemInfo: [malloc] Space in freed fastbin blocks:                  2160 Byte
20220314 061402.864 INFO             PET0 PIOc_sync Exit - MemInfo: [malloc] Total allocated space:                      20455408 Byte
20220314 061402.864 INFO             PET0 PIOc_sync Exit - MemInfo: [malloc] Total free space:                             315408 Byte
20220314 061402.864 INFO             PET0 PIOc_sync Exit - MemInfo: [malloc] Top-most, releasable space:                   111712 Byte
20220314 061402.864 INFO             PET0 PIOc_sync Exit - MemInfo: [malloc] Total space in use, mmap + non-mmap:        22036464 Byte
20220314 061402.864 INFO             PET0 PIOc_sync Exit - MemInfo: [malloc] Total space held (mmap + non-mmap):         22351872 Byte
20220314 061402.864 INFO             PET0 PIOc_sync Exit - MemInfo: [malloc] Total space used (mmap + non-mmap):         22045792 Byte
20220314 061402.864 INFO             PET0 PIOc_sync Exit - MemInfo: Wall-clock time since execution start:              0.0334762 seconds
20220314 061402.864 INFO             PET0 PIOc_freedecomp Enter - MemInfo: [/proc/meminfo - SSI]	MemTotal:       65507008 kB
20220314 061402.864 INFO             PET0 PIOc_freedecomp Enter - MemInfo: [/proc/meminfo - SSI]	MemFree:        49877764 kB
20220314 061402.864 INFO             PET0 PIOc_freedecomp Enter - MemInfo: [/proc/meminfo - SSI]	MemAvailable:   49639724 kB
20220314 061402.864 INFO             PET0 PIOc_freedecomp Enter - MemInfo: [/proc/meminfo - SSI]	Committed_AS:   12917672 kB
20220314 061402.864 INFO             PET0 PIOc_freedecomp Enter - MemInfo: [/proc/meminfo - SSI]	CommittedPercent: 19.7195 %
20220314 061402.864 INFO             PET0 PIOc_freedecomp Enter - MemInfo: [/proc/self/status]	VmPeak:	  522152 kB
20220314 061402.864 INFO             PET0 PIOc_freedecomp Enter - MemInfo: [/proc/self/status]	VmSize:	  513964 kB
20220314 061402.864 INFO             PET0 PIOc_freedecomp Enter - MemInfo: [/proc/self/status]	VmLck:	       0 kB
20220314 061402.864 INFO             PET0 PIOc_freedecomp Enter - MemInfo: [/proc/self/status]	VmPin:	       0 kB
20220314 061402.864 INFO             PET0 PIOc_freedecomp Enter - MemInfo: [/proc/self/status]	VmHWM:	   61064 kB
20220314 061402.864 INFO             PET0 PIOc_freedecomp Enter - MemInfo: [/proc/self/status]	VmRSS:	   30232 kB
20220314 061402.864 INFO             PET0 PIOc_freedecomp Enter - MemInfo: [/proc/self/status]	VmData:	   32248 kB
20220314 061402.864 INFO             PET0 PIOc_freedecomp Enter - MemInfo: [/proc/self/status]	VmStk:	     148 kB
20220314 061402.864 INFO             PET0 PIOc_freedecomp Enter - MemInfo: [/proc/self/status]	VmExe:	     204 kB
20220314 061402.864 INFO             PET0 PIOc_freedecomp Enter - MemInfo: [/proc/self/status]	VmLib:	   48376 kB
20220314 061402.864 INFO             PET0 PIOc_freedecomp Enter - MemInfo: [/proc/self/status]	VmPTE:	     748 kB
20220314 061402.864 INFO             PET0 PIOc_freedecomp Enter - MemInfo: [/proc/self/status]	VmPMD:	      16 kB
20220314 061402.864 INFO             PET0 PIOc_freedecomp Enter - MemInfo: [/proc/self/status]	VmSwap:	       0 kB
20220314 061402.864 INFO             PET0 PIOc_freedecomp Enter - MemInfo: [/proc/self/status]	VmRSSPercent: 0.0461508 %
20220314 061402.865 INFO             PET0 PIOc_freedecomp Enter - MemInfo: [malloc] Non-mmapped space allocated:                20770816 Byte
20220314 061402.865 INFO             PET0 PIOc_freedecomp Enter - MemInfo: [malloc] Space allocated in mmapped regions:          1581056 Byte
20220314 061402.865 INFO             PET0 PIOc_freedecomp Enter - MemInfo: [malloc] Maximum total allocated space:                     0 Byte
20220314 061402.865 INFO             PET0 PIOc_freedecomp Enter - MemInfo: [malloc] Space in freed fastbin blocks:                  1728 Byte
20220314 061402.865 INFO             PET0 PIOc_freedecomp Enter - MemInfo: [malloc] Total allocated space:                       3139824 Byte
20220314 061402.865 INFO             PET0 PIOc_freedecomp Enter - MemInfo: [malloc] Total free space:                           17630992 Byte
20220314 061402.865 INFO             PET0 PIOc_freedecomp Enter - MemInfo: [malloc] Top-most, releasable space:                   112208 Byte
20220314 061402.865 INFO             PET0 PIOc_freedecomp Enter - MemInfo: [malloc] Total space in use, mmap + non-mmap:         4720880 Byte
20220314 061402.865 INFO             PET0 PIOc_freedecomp Enter - MemInfo: [malloc] Total space held (mmap + non-mmap):         22351872 Byte
20220314 061402.865 INFO             PET0 PIOc_freedecomp Enter - MemInfo: [malloc] Total space used (mmap + non-mmap):          4730208 Byte
20220314 061402.865 INFO             PET0 PIOc_freedecomp Enter - MemInfo: Wall-clock time since execution start:              0.0339181 seconds
20220314 061402.865 INFO             PET0 PIOc_freedecomp Exit - MemInfo: [/proc/meminfo - SSI]	MemTotal:       65507008 kB
20220314 061402.865 INFO             PET0 PIOc_freedecomp Exit - MemInfo: [/proc/meminfo - SSI]	MemFree:        49877764 kB
20220314 061402.865 INFO             PET0 PIOc_freedecomp Exit - MemInfo: [/proc/meminfo - SSI]	MemAvailable:   49639724 kB
20220314 061402.865 INFO             PET0 PIOc_freedecomp Exit - MemInfo: [/proc/meminfo - SSI]	Committed_AS:   12917672 kB
20220314 061402.865 INFO             PET0 PIOc_freedecomp Exit - MemInfo: [/proc/meminfo - SSI]	CommittedPercent: 19.7195 %
20220314 061402.865 INFO             PET0 PIOc_freedecomp Exit - MemInfo: [/proc/self/status]	VmPeak:	  522152 kB
20220314 061402.865 INFO             PET0 PIOc_freedecomp Exit - MemInfo: [/proc/self/status]	VmSize:	  513964 kB
20220314 061402.865 INFO             PET0 PIOc_freedecomp Exit - MemInfo: [/proc/self/status]	VmLck:	       0 kB
20220314 061402.865 INFO             PET0 PIOc_freedecomp Exit - MemInfo: [/proc/self/status]	VmPin:	       0 kB
20220314 061402.865 INFO             PET0 PIOc_freedecomp Exit - MemInfo: [/proc/self/status]	VmHWM:	   61064 kB
20220314 061402.865 INFO             PET0 PIOc_freedecomp Exit - MemInfo: [/proc/self/status]	VmRSS:	   30232 kB
20220314 061402.865 INFO             PET0 PIOc_freedecomp Exit - MemInfo: [/proc/self/status]	VmData:	   32248 kB
20220314 061402.865 INFO             PET0 PIOc_freedecomp Exit - MemInfo: [/proc/self/status]	VmStk:	     148 kB
20220314 061402.865 INFO             PET0 PIOc_freedecomp Exit - MemInfo: [/proc/self/status]	VmExe:	     204 kB
20220314 061402.865 INFO             PET0 PIOc_freedecomp Exit - MemInfo: [/proc/self/status]	VmLib:	   48376 kB
20220314 061402.865 INFO             PET0 PIOc_freedecomp Exit - MemInfo: [/proc/self/status]	VmPTE:	     748 kB
20220314 061402.865 INFO             PET0 PIOc_freedecomp Exit - MemInfo: [/proc/self/status]	VmPMD:	      16 kB
20220314 061402.865 INFO             PET0 PIOc_freedecomp Exit - MemInfo: [/proc/self/status]	VmSwap:	       0 kB
20220314 061402.865 INFO             PET0 PIOc_freedecomp Exit - MemInfo: [/proc/self/status]	VmRSSPercent: 0.0461508 %
20220314 061402.865 INFO             PET0 PIOc_freedecomp Exit - MemInfo: [malloc] Non-mmapped space allocated:                20770816 Byte
20220314 061402.865 INFO             PET0 PIOc_freedecomp Exit - MemInfo: [malloc] Space allocated in mmapped regions:          1581056 Byte
20220314 061402.865 INFO             PET0 PIOc_freedecomp Exit - MemInfo: [malloc] Maximum total allocated space:                     0 Byte
20220314 061402.865 INFO             PET0 PIOc_freedecomp Exit - MemInfo: [malloc] Space in freed fastbin blocks:                  3392 Byte
20220314 061402.865 INFO             PET0 PIOc_freedecomp Exit - MemInfo: [malloc] Total allocated space:                       3132080 Byte
20220314 061402.865 INFO             PET0 PIOc_freedecomp Exit - MemInfo: [malloc] Total free space:                           17638736 Byte
20220314 061402.865 INFO             PET0 PIOc_freedecomp Exit - MemInfo: [malloc] Top-most, releasable space:                   112208 Byte
20220314 061402.865 INFO             PET0 PIOc_freedecomp Exit - MemInfo: [malloc] Total space in use, mmap + non-mmap:         4713136 Byte
20220314 061402.865 INFO             PET0 PIOc_freedecomp Exit - MemInfo: [malloc] Total space held (mmap + non-mmap):         22351872 Byte
20220314 061402.865 INFO             PET0 PIOc_freedecomp Exit - MemInfo: [malloc] Total space used (mmap + non-mmap):          4722464 Byte
20220314 061402.865 INFO             PET0 PIOc_freedecomp Exit - MemInfo: Wall-clock time since execution start:              0.0343763 seconds
20220314 061402.865 INFO             PET0 PASS ESMC_FieldRegridStoreFile test, ESMC_FieldSMMFromFileUTest.C, line 199
20220314 061402.872 INFO             PET0 PASS ESMC_FieldSMMStore from File test, ESMC_FieldSMMFromFileUTest.C, line 229
20220314 061402.872 INFO             PET0 PASS ESMC_FieldSMMStore From File validation, ESMC_FieldSMMFromFileUTest.C, line 257
20220314 061402.872 INFO             PET0 PASS ESMC_FieldRegridRelease, ESMC_FieldSMMFromFileUTest.C, line 271
20220314 061402.872 INFO             PET0 Ending Test, file ESMC_FieldSMMFromFileUTest.C, line 289
20220314 061402.872 INFO             PET0 Finalizing ESMF
20220314 061402.832 INFO             PET1 !!!!!!!!!!!!!!!!!!!!!!!!!!!!!!!!!!!!!!!!!!!!!!!!!!!!!!
20220314 061402.832 INFO             PET1 !!! THE ESMF_LOG IS SET TO OUTPUT ALL LOG MESSAGES !!!
20220314 061402.832 INFO             PET1 !!!     THIS MAY CAUSE SLOWDOWN IN PERFORMANCE     !!!
20220314 061402.832 INFO             PET1 !!! FOR PRODUCTION RUNS, USE:                      !!!
20220314 061402.832 INFO             PET1 !!!                   ESMF_LOGKIND_Multi_On_Error  !!!
20220314 061402.832 INFO             PET1 !!!!!!!!!!!!!!!!!!!!!!!!!!!!!!!!!!!!!!!!!!!!!!!!!!!!!!
20220314 061402.832 INFO             PET1 Running with ESMF Version   : v8.3.0b09-96-g559b459836
20220314 061402.832 INFO             PET1 ESMF library build date/time: "Mar 14 2022" "05:58:16"
20220314 061402.832 INFO             PET1 ESMF library build location : /glade/scratch/rlong/esmf-testing/gfortran_7.4.0_openmpi_O_jedwards_pio_update2
20220314 061402.832 INFO             PET1 ESMF_COMM                   : openmpi
20220314 061402.833 INFO             PET1 ESMF_MOAB                   : enabled
20220314 061402.833 INFO             PET1 ESMF_LAPACK                 : enabled
20220314 061402.833 INFO             PET1 ESMF_NETCDF                 : enabled
20220314 061402.833 INFO             PET1 ESMF_PNETCDF                : disabled
20220314 061402.833 INFO             PET1 ESMF_PIO                    : enabled
20220314 061402.833 INFO             PET1 ESMF_YAMLCPP                : enabled
20220314 061402.833 INFO             PET1 Beginning Test, file ESMC_FieldSMMFromFileUTest.C, line 41
20220314 061402.833 INFO             PET1 Beginning Test, file ESMC_FieldSMMFromFileUTest.C, line 41NUMBER_OF_PROCESSORS 4
20220314 061402.849 INFO             PET1 PIOc_sync Enter - MemInfo: [/proc/meminfo - SSI]	MemTotal:       65507008 kB
20220314 061402.849 INFO             PET1 PIOc_sync Enter - MemInfo: [/proc/meminfo - SSI]	MemFree:        49870204 kB
20220314 061402.849 INFO             PET1 PIOc_sync Enter - MemInfo: [/proc/meminfo - SSI]	MemAvailable:   49632164 kB
20220314 061402.849 INFO             PET1 PIOc_sync Enter - MemInfo: [/proc/meminfo - SSI]	Committed_AS:   12917712 kB
20220314 061402.849 INFO             PET1 PIOc_sync Enter - MemInfo: [/proc/meminfo - SSI]	CommittedPercent: 19.7196 %
20220314 061402.849 INFO             PET1 PIOc_sync Enter - MemInfo: [/proc/self/status]	VmPeak:	  497176 kB
20220314 061402.849 INFO             PET1 PIOc_sync Enter - MemInfo: [/proc/self/status]	VmSize:	  497176 kB
20220314 061402.849 INFO             PET1 PIOc_sync Enter - MemInfo: [/proc/self/status]	VmLck:	       0 kB
20220314 061402.849 INFO             PET1 PIOc_sync Enter - MemInfo: [/proc/self/status]	VmPin:	       0 kB
20220314 061402.849 INFO             PET1 PIOc_sync Enter - MemInfo: [/proc/self/status]	VmHWM:	   61076 kB
20220314 061402.849 INFO             PET1 PIOc_sync Enter - MemInfo: [/proc/self/status]	VmRSS:	   20100 kB
20220314 061402.849 INFO             PET1 PIOc_sync Enter - MemInfo: [/proc/self/status]	VmData:	   15460 kB
20220314 061402.849 INFO             PET1 PIOc_sync Enter - MemInfo: [/proc/self/status]	VmStk:	     148 kB
20220314 061402.849 INFO             PET1 PIOc_sync Enter - MemInfo: [/proc/self/status]	VmExe:	     204 kB
20220314 061402.850 INFO             PET1 PIOc_sync Enter - MemInfo: [/proc/self/status]	VmLib:	   48376 kB
20220314 061402.850 INFO             PET1 PIOc_sync Enter - MemInfo: [/proc/self/status]	VmPTE:	     708 kB
20220314 061402.850 INFO             PET1 PIOc_sync Enter - MemInfo: [/proc/self/status]	VmPMD:	      12 kB
20220314 061402.850 INFO             PET1 PIOc_sync Enter - MemInfo: [/proc/self/status]	VmSwap:	       0 kB
20220314 061402.850 INFO             PET1 PIOc_sync Enter - MemInfo: [/proc/self/status]	VmRSSPercent: 0.0306837 %
20220314 061402.850 INFO             PET1 PIOc_sync Enter - MemInfo: [malloc] Non-mmapped space allocated:                 3579904 Byte
20220314 061402.850 INFO             PET1 PIOc_sync Enter - MemInfo: [malloc] Space allocated in mmapped regions:          1581056 Byte
20220314 061402.852 INFO             PET1 PIOc_sync Enter - MemInfo: [malloc] Maximum total allocated space:                     0 Byte
20220314 061402.852 INFO             PET1 PIOc_sync Enter - MemInfo: [malloc] Space in freed fastbin blocks:                  2800 Byte
20220314 061402.852 INFO             PET1 PIOc_sync Enter - MemInfo: [malloc] Total allocated space:                       2971696 Byte
20220314 061402.852 INFO             PET1 PIOc_sync Enter - MemInfo: [malloc] Total free space:                             608208 Byte
20220314 061402.852 INFO             PET1 PIOc_sync Enter - MemInfo: [malloc] Top-most, releasable space:                   372480 Byte
20220314 061402.852 INFO             PET1 PIOc_sync Enter - MemInfo: [malloc] Total space in use, mmap + non-mmap:         4552752 Byte
20220314 061402.852 INFO             PET1 PIOc_sync Enter - MemInfo: [malloc] Total space held (mmap + non-mmap):          5160960 Byte
20220314 061402.852 INFO             PET1 PIOc_sync Enter - MemInfo: [malloc] Total space used (mmap + non-mmap):          4562080 Byte
20220314 061402.852 INFO             PET1 PIOc_sync Enter - MemInfo: Wall-clock time since execution start:               0.021955 seconds
20220314 061402.853 INFO             PET1 PIOc_sync Exit - MemInfo: [/proc/meminfo - SSI]	MemTotal:       65507008 kB
20220314 061402.853 INFO             PET1 PIOc_sync Exit - MemInfo: [/proc/meminfo - SSI]	MemFree:        49870204 kB
20220314 061402.853 INFO             PET1 PIOc_sync Exit - MemInfo: [/proc/meminfo - SSI]	MemAvailable:   49632164 kB
20220314 061402.853 INFO             PET1 PIOc_sync Exit - MemInfo: [/proc/meminfo - SSI]	Committed_AS:   12917712 kB
20220314 061402.853 INFO             PET1 PIOc_sync Exit - MemInfo: [/proc/meminfo - SSI]	CommittedPercent: 19.7196 %
20220314 061402.853 INFO             PET1 PIOc_sync Exit - MemInfo: [/proc/self/status]	VmPeak:	  497176 kB
20220314 061402.853 INFO             PET1 PIOc_sync Exit - MemInfo: [/proc/self/status]	VmSize:	  497176 kB
20220314 061402.853 INFO             PET1 PIOc_sync Exit - MemInfo: [/proc/self/status]	VmLck:	       0 kB
20220314 061402.853 INFO             PET1 PIOc_sync Exit - MemInfo: [/proc/self/status]	VmPin:	       0 kB
20220314 061402.853 INFO             PET1 PIOc_sync Exit - MemInfo: [/proc/self/status]	VmHWM:	   61076 kB
20220314 061402.853 INFO             PET1 PIOc_sync Exit - MemInfo: [/proc/self/status]	VmRSS:	   20168 kB
20220314 061402.853 INFO             PET1 PIOc_sync Exit - MemInfo: [/proc/self/status]	VmData:	   15460 kB
20220314 061402.853 INFO             PET1 PIOc_sync Exit - MemInfo: [/proc/self/status]	VmStk:	     148 kB
20220314 061402.853 INFO             PET1 PIOc_sync Exit - MemInfo: [/proc/self/status]	VmExe:	     204 kB
20220314 061402.853 INFO             PET1 PIOc_sync Exit - MemInfo: [/proc/self/status]	VmLib:	   48376 kB
20220314 061402.853 INFO             PET1 PIOc_sync Exit - MemInfo: [/proc/self/status]	VmPTE:	     708 kB
20220314 061402.853 INFO             PET1 PIOc_sync Exit - MemInfo: [/proc/self/status]	VmPMD:	      12 kB
20220314 061402.853 INFO             PET1 PIOc_sync Exit - MemInfo: [/proc/self/status]	VmSwap:	       0 kB
20220314 061402.853 INFO             PET1 PIOc_sync Exit - MemInfo: [/proc/self/status]	VmRSSPercent: 0.0307875 %
20220314 061402.853 INFO             PET1 PIOc_sync Exit - MemInfo: [malloc] Non-mmapped space allocated:                 3579904 Byte
20220314 061402.853 INFO             PET1 PIOc_sync Exit - MemInfo: [malloc] Space allocated in mmapped regions:          1581056 Byte
20220314 061402.853 INFO             PET1 PIOc_sync Exit - MemInfo: [malloc] Maximum total allocated space:                     0 Byte
20220314 061402.853 INFO             PET1 PIOc_sync Exit - MemInfo: [malloc] Space in freed fastbin blocks:                  1552 Byte
20220314 061402.853 INFO             PET1 PIOc_sync Exit - MemInfo: [malloc] Total allocated space:                       2971120 Byte
20220314 061402.853 INFO             PET1 PIOc_sync Exit - MemInfo: [malloc] Total free space:                             608784 Byte
20220314 061402.853 INFO             PET1 PIOc_sync Exit - MemInfo: [malloc] Top-most, releasable space:                   372480 Byte
20220314 061402.853 INFO             PET1 PIOc_sync Exit - MemInfo: [malloc] Total space in use, mmap + non-mmap:         4552176 Byte
20220314 061402.853 INFO             PET1 PIOc_sync Exit - MemInfo: [malloc] Total space held (mmap + non-mmap):          5160960 Byte
20220314 061402.853 INFO             PET1 PIOc_sync Exit - MemInfo: [malloc] Total space used (mmap + non-mmap):          4561504 Byte
20220314 061402.853 INFO             PET1 PIOc_sync Exit - MemInfo: Wall-clock time since execution start:              0.0230243 seconds
20220314 061402.854 INFO             PET1 PIOc_freedecomp Enter - MemInfo: [/proc/meminfo - SSI]	MemTotal:       65507008 kB
20220314 061402.854 INFO             PET1 PIOc_freedecomp Enter - MemInfo: [/proc/meminfo - SSI]	MemFree:        49884820 kB
20220314 061402.854 INFO             PET1 PIOc_freedecomp Enter - MemInfo: [/proc/meminfo - SSI]	MemAvailable:   49646780 kB
20220314 061402.854 INFO             PET1 PIOc_freedecomp Enter - MemInfo: [/proc/meminfo - SSI]	Committed_AS:   12901324 kB
20220314 061402.854 INFO             PET1 PIOc_freedecomp Enter - MemInfo: [/proc/meminfo - SSI]	CommittedPercent: 19.6946 %
20220314 061402.854 INFO             PET1 PIOc_freedecomp Enter - MemInfo: [/proc/self/status]	VmPeak:	  497176 kB
20220314 061402.854 INFO             PET1 PIOc_freedecomp Enter - MemInfo: [/proc/self/status]	VmSize:	  497176 kB
20220314 061402.854 INFO             PET1 PIOc_freedecomp Enter - MemInfo: [/proc/self/status]	VmLck:	       0 kB
20220314 061402.854 INFO             PET1 PIOc_freedecomp Enter - MemInfo: [/proc/self/status]	VmPin:	       0 kB
20220314 061402.854 INFO             PET1 PIOc_freedecomp Enter - MemInfo: [/proc/self/status]	VmHWM:	   61076 kB
20220314 061402.854 INFO             PET1 PIOc_freedecomp Enter - MemInfo: [/proc/self/status]	VmRSS:	   20168 kB
20220314 061402.854 INFO             PET1 PIOc_freedecomp Enter - MemInfo: [/proc/self/status]	VmData:	   15460 kB
20220314 061402.854 INFO             PET1 PIOc_freedecomp Enter - MemInfo: [/proc/self/status]	VmStk:	     148 kB
20220314 061402.854 INFO             PET1 PIOc_freedecomp Enter - MemInfo: [/proc/self/status]	VmExe:	     204 kB
20220314 061402.854 INFO             PET1 PIOc_freedecomp Enter - MemInfo: [/proc/self/status]	VmLib:	   48376 kB
20220314 061402.854 INFO             PET1 PIOc_freedecomp Enter - MemInfo: [/proc/self/status]	VmPTE:	     708 kB
20220314 061402.854 INFO             PET1 PIOc_freedecomp Enter - MemInfo: [/proc/self/status]	VmPMD:	      12 kB
20220314 061402.854 INFO             PET1 PIOc_freedecomp Enter - MemInfo: [/proc/self/status]	VmSwap:	       0 kB
20220314 061402.854 INFO             PET1 PIOc_freedecomp Enter - MemInfo: [/proc/self/status]	VmRSSPercent: 0.0307875 %
20220314 061402.854 INFO             PET1 PIOc_freedecomp Enter - MemInfo: [malloc] Non-mmapped space allocated:                 3579904 Byte
20220314 061402.854 INFO             PET1 PIOc_freedecomp Enter - MemInfo: [malloc] Space allocated in mmapped regions:          1581056 Byte
20220314 061402.854 INFO             PET1 PIOc_freedecomp Enter - MemInfo: [malloc] Maximum total allocated space:                     0 Byte
20220314 061402.854 INFO             PET1 PIOc_freedecomp Enter - MemInfo: [malloc] Space in freed fastbin blocks:                  1712 Byte
20220314 061402.854 INFO             PET1 PIOc_freedecomp Enter - MemInfo: [malloc] Total allocated space:                       2969440 Byte
20220314 061402.854 INFO             PET1 PIOc_freedecomp Enter - MemInfo: [malloc] Total free space:                             610464 Byte
20220314 061402.854 INFO             PET1 PIOc_freedecomp Enter - MemInfo: [malloc] Top-most, releasable space:                   372480 Byte
20220314 061402.854 INFO             PET1 PIOc_freedecomp Enter - MemInfo: [malloc] Total space in use, mmap + non-mmap:         4550496 Byte
20220314 061402.854 INFO             PET1 PIOc_freedecomp Enter - MemInfo: [malloc] Total space held (mmap + non-mmap):          5160960 Byte
20220314 061402.854 INFO             PET1 PIOc_freedecomp Enter - MemInfo: [malloc] Total space used (mmap + non-mmap):          4559824 Byte
20220314 061402.854 INFO             PET1 PIOc_freedecomp Enter - MemInfo: Wall-clock time since execution start:              0.0241199 seconds
20220314 061402.854 INFO             PET1 PIOc_freedecomp Exit - MemInfo: [/proc/meminfo - SSI]	MemTotal:       65507008 kB
20220314 061402.854 INFO             PET1 PIOc_freedecomp Exit - MemInfo: [/proc/meminfo - SSI]	MemFree:        49884820 kB
20220314 061402.854 INFO             PET1 PIOc_freedecomp Exit - MemInfo: [/proc/meminfo - SSI]	MemAvailable:   49646780 kB
20220314 061402.854 INFO             PET1 PIOc_freedecomp Exit - MemInfo: [/proc/meminfo - SSI]	Committed_AS:   12901324 kB
20220314 061402.854 INFO             PET1 PIOc_freedecomp Exit - MemInfo: [/proc/meminfo - SSI]	CommittedPercent: 19.6946 %
20220314 061402.854 INFO             PET1 PIOc_freedecomp Exit - MemInfo: [/proc/self/status]	VmPeak:	  497176 kB
20220314 061402.854 INFO             PET1 PIOc_freedecomp Exit - MemInfo: [/proc/self/status]	VmSize:	  497176 kB
20220314 061402.854 INFO             PET1 PIOc_freedecomp Exit - MemInfo: [/proc/self/status]	VmLck:	       0 kB
20220314 061402.854 INFO             PET1 PIOc_freedecomp Exit - MemInfo: [/proc/self/status]	VmPin:	       0 kB
20220314 061402.854 INFO             PET1 PIOc_freedecomp Exit - MemInfo: [/proc/self/status]	VmHWM:	   61076 kB
20220314 061402.854 INFO             PET1 PIOc_freedecomp Exit - MemInfo: [/proc/self/status]	VmRSS:	   20168 kB
20220314 061402.854 INFO             PET1 PIOc_freedecomp Exit - MemInfo: [/proc/self/status]	VmData:	   15460 kB
20220314 061402.854 INFO             PET1 PIOc_freedecomp Exit - MemInfo: [/proc/self/status]	VmStk:	     148 kB
20220314 061402.854 INFO             PET1 PIOc_freedecomp Exit - MemInfo: [/proc/self/status]	VmExe:	     204 kB
20220314 061402.854 INFO             PET1 PIOc_freedecomp Exit - MemInfo: [/proc/self/status]	VmLib:	   48376 kB
20220314 061402.854 INFO             PET1 PIOc_freedecomp Exit - MemInfo: [/proc/self/status]	VmPTE:	     708 kB
20220314 061402.854 INFO             PET1 PIOc_freedecomp Exit - MemInfo: [/proc/self/status]	VmPMD:	      12 kB
20220314 061402.854 INFO             PET1 PIOc_freedecomp Exit - MemInfo: [/proc/self/status]	VmSwap:	       0 kB
20220314 061402.854 INFO             PET1 PIOc_freedecomp Exit - MemInfo: [/proc/self/status]	VmRSSPercent: 0.0307875 %
20220314 061402.854 INFO             PET1 PIOc_freedecomp Exit - MemInfo: [malloc] Non-mmapped space allocated:                 3579904 Byte
20220314 061402.854 INFO             PET1 PIOc_freedecomp Exit - MemInfo: [malloc] Space allocated in mmapped regions:          1581056 Byte
20220314 061402.854 INFO             PET1 PIOc_freedecomp Exit - MemInfo: [malloc] Maximum total allocated space:                     0 Byte
20220314 061402.854 INFO             PET1 PIOc_freedecomp Exit - MemInfo: [malloc] Space in freed fastbin blocks:                  2192 Byte
20220314 061402.854 INFO             PET1 PIOc_freedecomp Exit - MemInfo: [malloc] Total allocated space:                       2966512 Byte
20220314 061402.854 INFO             PET1 PIOc_freedecomp Exit - MemInfo: [malloc] Total free space:                             613392 Byte
20220314 061402.854 INFO             PET1 PIOc_freedecomp Exit - MemInfo: [malloc] Top-most, releasable space:                   372480 Byte
20220314 061402.854 INFO             PET1 PIOc_freedecomp Exit - MemInfo: [malloc] Total space in use, mmap + non-mmap:         4547568 Byte
20220314 061402.854 INFO             PET1 PIOc_freedecomp Exit - MemInfo: [malloc] Total space held (mmap + non-mmap):          5160960 Byte
20220314 061402.854 INFO             PET1 PIOc_freedecomp Exit - MemInfo: [malloc] Total space used (mmap + non-mmap):          4556896 Byte
20220314 061402.854 INFO             PET1 PIOc_freedecomp Exit - MemInfo: Wall-clock time since execution start:              0.0244589 seconds
20220314 061402.859 INFO             PET1 PIOc_sync Enter - MemInfo: [/proc/meminfo - SSI]	MemTotal:       65507008 kB
20220314 061402.859 INFO             PET1 PIOc_sync Enter - MemInfo: [/proc/meminfo - SSI]	MemFree:        49878268 kB
20220314 061402.859 INFO             PET1 PIOc_sync Enter - MemInfo: [/proc/meminfo - SSI]	MemAvailable:   49640228 kB
20220314 061402.859 INFO             PET1 PIOc_sync Enter - MemInfo: [/proc/meminfo - SSI]	Committed_AS:   12917672 kB
20220314 061402.859 INFO             PET1 PIOc_sync Enter - MemInfo: [/proc/meminfo - SSI]	CommittedPercent: 19.7195 %
20220314 061402.859 INFO             PET1 PIOc_sync Enter - MemInfo: [/proc/self/status]	VmPeak:	  497176 kB
20220314 061402.859 INFO             PET1 PIOc_sync Enter - MemInfo: [/proc/self/status]	VmSize:	  497176 kB
20220314 061402.859 INFO             PET1 PIOc_sync Enter - MemInfo: [/proc/self/status]	VmLck:	       0 kB
20220314 061402.859 INFO             PET1 PIOc_sync Enter - MemInfo: [/proc/self/status]	VmPin:	       0 kB
20220314 061402.859 INFO             PET1 PIOc_sync Enter - MemInfo: [/proc/self/status]	VmHWM:	   61076 kB
20220314 061402.859 INFO             PET1 PIOc_sync Enter - MemInfo: [/proc/self/status]	VmRSS:	   20228 kB
20220314 061402.859 INFO             PET1 PIOc_sync Enter - MemInfo: [/proc/self/status]	VmData:	   15460 kB
20220314 061402.859 INFO             PET1 PIOc_sync Enter - MemInfo: [/proc/self/status]	VmStk:	     148 kB
20220314 061402.859 INFO             PET1 PIOc_sync Enter - MemInfo: [/proc/self/status]	VmExe:	     204 kB
20220314 061402.859 INFO             PET1 PIOc_sync Enter - MemInfo: [/proc/self/status]	VmLib:	   48376 kB
20220314 061402.859 INFO             PET1 PIOc_sync Enter - MemInfo: [/proc/self/status]	VmPTE:	     708 kB
20220314 061402.859 INFO             PET1 PIOc_sync Enter - MemInfo: [/proc/self/status]	VmPMD:	      12 kB
20220314 061402.859 INFO             PET1 PIOc_sync Enter - MemInfo: [/proc/self/status]	VmSwap:	       0 kB
20220314 061402.859 INFO             PET1 PIOc_sync Enter - MemInfo: [/proc/self/status]	VmRSSPercent: 0.0308791 %
20220314 061402.859 INFO             PET1 PIOc_sync Enter - MemInfo: [malloc] Non-mmapped space allocated:                 3579904 Byte
20220314 061402.859 INFO             PET1 PIOc_sync Enter - MemInfo: [malloc] Space allocated in mmapped regions:          1581056 Byte
20220314 061402.859 INFO             PET1 PIOc_sync Enter - MemInfo: [malloc] Maximum total allocated space:                     0 Byte
20220314 061402.859 INFO             PET1 PIOc_sync Enter - MemInfo: [malloc] Space in freed fastbin blocks:                  2800 Byte
20220314 061402.859 INFO             PET1 PIOc_sync Enter - MemInfo: [malloc] Total allocated space:                       3029168 Byte
20220314 061402.859 INFO             PET1 PIOc_sync Enter - MemInfo: [malloc] Total free space:                             550736 Byte
20220314 061402.859 INFO             PET1 PIOc_sync Enter - MemInfo: [malloc] Top-most, releasable space:                   314944 Byte
20220314 061402.859 INFO             PET1 PIOc_sync Enter - MemInfo: [malloc] Total space in use, mmap + non-mmap:         4610224 Byte
20220314 061402.859 INFO             PET1 PIOc_sync Enter - MemInfo: [malloc] Total space held (mmap + non-mmap):          5160960 Byte
20220314 061402.859 INFO             PET1 PIOc_sync Enter - MemInfo: [malloc] Total space used (mmap + non-mmap):          4619552 Byte
20220314 061402.859 INFO             PET1 PIOc_sync Enter - MemInfo: Wall-clock time since execution start:              0.0292085 seconds
20220314 061402.859 INFO             PET1 PIOc_sync Exit - MemInfo: [/proc/meminfo - SSI]	MemTotal:       65507008 kB
20220314 061402.859 INFO             PET1 PIOc_sync Exit - MemInfo: [/proc/meminfo - SSI]	MemFree:        49878268 kB
20220314 061402.859 INFO             PET1 PIOc_sync Exit - MemInfo: [/proc/meminfo - SSI]	MemAvailable:   49640228 kB
20220314 061402.859 INFO             PET1 PIOc_sync Exit - MemInfo: [/proc/meminfo - SSI]	Committed_AS:   12917672 kB
20220314 061402.859 INFO             PET1 PIOc_sync Exit - MemInfo: [/proc/meminfo - SSI]	CommittedPercent: 19.7195 %
20220314 061402.859 INFO             PET1 PIOc_sync Exit - MemInfo: [/proc/self/status]	VmPeak:	  497176 kB
20220314 061402.859 INFO             PET1 PIOc_sync Exit - MemInfo: [/proc/self/status]	VmSize:	  497176 kB
20220314 061402.859 INFO             PET1 PIOc_sync Exit - MemInfo: [/proc/self/status]	VmLck:	       0 kB
20220314 061402.859 INFO             PET1 PIOc_sync Exit - MemInfo: [/proc/self/status]	VmPin:	       0 kB
20220314 061402.859 INFO             PET1 PIOc_sync Exit - MemInfo: [/proc/self/status]	VmHWM:	   61076 kB
20220314 061402.859 INFO             PET1 PIOc_sync Exit - MemInfo: [/proc/self/status]	VmRSS:	   20228 kB
20220314 061402.859 INFO             PET1 PIOc_sync Exit - MemInfo: [/proc/self/status]	VmData:	   15460 kB
20220314 061402.859 INFO             PET1 PIOc_sync Exit - MemInfo: [/proc/self/status]	VmStk:	     148 kB
20220314 061402.859 INFO             PET1 PIOc_sync Exit - MemInfo: [/proc/self/status]	VmExe:	     204 kB
20220314 061402.859 INFO             PET1 PIOc_sync Exit - MemInfo: [/proc/self/status]	VmLib:	   48376 kB
20220314 061402.859 INFO             PET1 PIOc_sync Exit - MemInfo: [/proc/self/status]	VmPTE:	     708 kB
20220314 061402.859 INFO             PET1 PIOc_sync Exit - MemInfo: [/proc/self/status]	VmPMD:	      12 kB
20220314 061402.859 INFO             PET1 PIOc_sync Exit - MemInfo: [/proc/self/status]	VmSwap:	       0 kB
20220314 061402.859 INFO             PET1 PIOc_sync Exit - MemInfo: [/proc/self/status]	VmRSSPercent: 0.0308791 %
20220314 061402.859 INFO             PET1 PIOc_sync Exit - MemInfo: [malloc] Non-mmapped space allocated:                 3579904 Byte
20220314 061402.859 INFO             PET1 PIOc_sync Exit - MemInfo: [malloc] Space allocated in mmapped regions:          1581056 Byte
20220314 061402.859 INFO             PET1 PIOc_sync Exit - MemInfo: [malloc] Maximum total allocated space:                     0 Byte
20220314 061402.859 INFO             PET1 PIOc_sync Exit - MemInfo: [malloc] Space in freed fastbin blocks:                  1296 Byte
20220314 061402.859 INFO             PET1 PIOc_sync Exit - MemInfo: [malloc] Total allocated space:                       3028848 Byte
20220314 061402.859 INFO             PET1 PIOc_sync Exit - MemInfo: [malloc] Total free space:                             551056 Byte
20220314 061402.859 INFO             PET1 PIOc_sync Exit - MemInfo: [malloc] Top-most, releasable space:                   314944 Byte
20220314 061402.859 INFO             PET1 PIOc_sync Exit - MemInfo: [malloc] Total space in use, mmap + non-mmap:         4609904 Byte
20220314 061402.860 INFO             PET1 PIOc_sync Exit - MemInfo: [malloc] Total space held (mmap + non-mmap):          5160960 Byte
20220314 061402.860 INFO             PET1 PIOc_sync Exit - MemInfo: [malloc] Total space used (mmap + non-mmap):          4619232 Byte
20220314 061402.860 INFO             PET1 PIOc_sync Exit - MemInfo: Wall-clock time since execution start:              0.0296769 seconds
20220314 061402.860 INFO             PET1 PIOc_freedecomp Enter - MemInfo: [/proc/meminfo - SSI]	MemTotal:       65507008 kB
20220314 061402.860 INFO             PET1 PIOc_freedecomp Enter - MemInfo: [/proc/meminfo - SSI]	MemFree:        49878268 kB
20220314 061402.860 INFO             PET1 PIOc_freedecomp Enter - MemInfo: [/proc/meminfo - SSI]	MemAvailable:   49640228 kB
20220314 061402.860 INFO             PET1 PIOc_freedecomp Enter - MemInfo: [/proc/meminfo - SSI]	Committed_AS:   12917672 kB
20220314 061402.860 INFO             PET1 PIOc_freedecomp Enter - MemInfo: [/proc/meminfo - SSI]	CommittedPercent: 19.7195 %
20220314 061402.860 INFO             PET1 PIOc_freedecomp Enter - MemInfo: [/proc/self/status]	VmPeak:	  497176 kB
20220314 061402.860 INFO             PET1 PIOc_freedecomp Enter - MemInfo: [/proc/self/status]	VmSize:	  497176 kB
20220314 061402.860 INFO             PET1 PIOc_freedecomp Enter - MemInfo: [/proc/self/status]	VmLck:	       0 kB
20220314 061402.860 INFO             PET1 PIOc_freedecomp Enter - MemInfo: [/proc/self/status]	VmPin:	       0 kB
20220314 061402.860 INFO             PET1 PIOc_freedecomp Enter - MemInfo: [/proc/self/status]	VmHWM:	   61076 kB
20220314 061402.860 INFO             PET1 PIOc_freedecomp Enter - MemInfo: [/proc/self/status]	VmRSS:	   20228 kB
20220314 061402.860 INFO             PET1 PIOc_freedecomp Enter - MemInfo: [/proc/self/status]	VmData:	   15460 kB
20220314 061402.860 INFO             PET1 PIOc_freedecomp Enter - MemInfo: [/proc/self/status]	VmStk:	     148 kB
20220314 061402.860 INFO             PET1 PIOc_freedecomp Enter - MemInfo: [/proc/self/status]	VmExe:	     204 kB
20220314 061402.860 INFO             PET1 PIOc_freedecomp Enter - MemInfo: [/proc/self/status]	VmLib:	   48376 kB
20220314 061402.860 INFO             PET1 PIOc_freedecomp Enter - MemInfo: [/proc/self/status]	VmPTE:	     708 kB
20220314 061402.860 INFO             PET1 PIOc_freedecomp Enter - MemInfo: [/proc/self/status]	VmPMD:	      12 kB
20220314 061402.860 INFO             PET1 PIOc_freedecomp Enter - MemInfo: [/proc/self/status]	VmSwap:	       0 kB
20220314 061402.860 INFO             PET1 PIOc_freedecomp Enter - MemInfo: [/proc/self/status]	VmRSSPercent: 0.0308791 %
20220314 061402.860 INFO             PET1 PIOc_freedecomp Enter - MemInfo: [malloc] Non-mmapped space allocated:                 3579904 Byte
20220314 061402.860 INFO             PET1 PIOc_freedecomp Enter - MemInfo: [malloc] Space allocated in mmapped regions:          1581056 Byte
20220314 061402.860 INFO             PET1 PIOc_freedecomp Enter - MemInfo: [malloc] Maximum total allocated space:                     0 Byte
20220314 061402.860 INFO             PET1 PIOc_freedecomp Enter - MemInfo: [malloc] Space in freed fastbin blocks:                  1328 Byte
20220314 061402.860 INFO             PET1 PIOc_freedecomp Enter - MemInfo: [malloc] Total allocated space:                       3027024 Byte
20220314 061402.860 INFO             PET1 PIOc_freedecomp Enter - MemInfo: [malloc] Total free space:                             552880 Byte
20220314 061402.860 INFO             PET1 PIOc_freedecomp Enter - MemInfo: [malloc] Top-most, releasable space:                   314944 Byte
20220314 061402.860 INFO             PET1 PIOc_freedecomp Enter - MemInfo: [malloc] Total space in use, mmap + non-mmap:         4608080 Byte
20220314 061402.860 INFO             PET1 PIOc_freedecomp Enter - MemInfo: [malloc] Total space held (mmap + non-mmap):          5160960 Byte
20220314 061402.860 INFO             PET1 PIOc_freedecomp Enter - MemInfo: [malloc] Total space used (mmap + non-mmap):          4617408 Byte
20220314 061402.860 INFO             PET1 PIOc_freedecomp Enter - MemInfo: Wall-clock time since execution start:              0.0300691 seconds
20220314 061402.860 INFO             PET1 PIOc_freedecomp Exit - MemInfo: [/proc/meminfo - SSI]	MemTotal:       65507008 kB
20220314 061402.860 INFO             PET1 PIOc_freedecomp Exit - MemInfo: [/proc/meminfo - SSI]	MemFree:        49878268 kB
20220314 061402.860 INFO             PET1 PIOc_freedecomp Exit - MemInfo: [/proc/meminfo - SSI]	MemAvailable:   49640228 kB
20220314 061402.860 INFO             PET1 PIOc_freedecomp Exit - MemInfo: [/proc/meminfo - SSI]	Committed_AS:   12917672 kB
20220314 061402.860 INFO             PET1 PIOc_freedecomp Exit - MemInfo: [/proc/meminfo - SSI]	CommittedPercent: 19.7195 %
20220314 061402.860 INFO             PET1 PIOc_freedecomp Exit - MemInfo: [/proc/self/status]	VmPeak:	  497176 kB
20220314 061402.860 INFO             PET1 PIOc_freedecomp Exit - MemInfo: [/proc/self/status]	VmSize:	  497176 kB
20220314 061402.860 INFO             PET1 PIOc_freedecomp Exit - MemInfo: [/proc/self/status]	VmLck:	       0 kB
20220314 061402.860 INFO             PET1 PIOc_freedecomp Exit - MemInfo: [/proc/self/status]	VmPin:	       0 kB
20220314 061402.860 INFO             PET1 PIOc_freedecomp Exit - MemInfo: [/proc/self/status]	VmHWM:	   61076 kB
20220314 061402.860 INFO             PET1 PIOc_freedecomp Exit - MemInfo: [/proc/self/status]	VmRSS:	   20228 kB
20220314 061402.860 INFO             PET1 PIOc_freedecomp Exit - MemInfo: [/proc/self/status]	VmData:	   15460 kB
20220314 061402.860 INFO             PET1 PIOc_freedecomp Exit - MemInfo: [/proc/self/status]	VmStk:	     148 kB
20220314 061402.860 INFO             PET1 PIOc_freedecomp Exit - MemInfo: [/proc/self/status]	VmExe:	     204 kB
20220314 061402.860 INFO             PET1 PIOc_freedecomp Exit - MemInfo: [/proc/self/status]	VmLib:	   48376 kB
20220314 061402.860 INFO             PET1 PIOc_freedecomp Exit - MemInfo: [/proc/self/status]	VmPTE:	     708 kB
20220314 061402.860 INFO             PET1 PIOc_freedecomp Exit - MemInfo: [/proc/self/status]	VmPMD:	      12 kB
20220314 061402.860 INFO             PET1 PIOc_freedecomp Exit - MemInfo: [/proc/self/status]	VmSwap:	       0 kB
20220314 061402.860 INFO             PET1 PIOc_freedecomp Exit - MemInfo: [/proc/self/status]	VmRSSPercent: 0.0308791 %
20220314 061402.860 INFO             PET1 PIOc_freedecomp Exit - MemInfo: [malloc] Non-mmapped space allocated:                 3579904 Byte
20220314 061402.860 INFO             PET1 PIOc_freedecomp Exit - MemInfo: [malloc] Space allocated in mmapped regions:          1581056 Byte
20220314 061402.860 INFO             PET1 PIOc_freedecomp Exit - MemInfo: [malloc] Maximum total allocated space:                     0 Byte
20220314 061402.860 INFO             PET1 PIOc_freedecomp Exit - MemInfo: [malloc] Space in freed fastbin blocks:                  1680 Byte
20220314 061402.860 INFO             PET1 PIOc_freedecomp Exit - MemInfo: [malloc] Total allocated space:                       3024096 Byte
20220314 061402.860 INFO             PET1 PIOc_freedecomp Exit - MemInfo: [malloc] Total free space:                             555808 Byte
20220314 061402.860 INFO             PET1 PIOc_freedecomp Exit - MemInfo: [malloc] Top-most, releasable space:                   314944 Byte
20220314 061402.860 INFO             PET1 PIOc_freedecomp Exit - MemInfo: [malloc] Total space in use, mmap + non-mmap:         4605152 Byte
20220314 061402.860 INFO             PET1 PIOc_freedecomp Exit - MemInfo: [malloc] Total space held (mmap + non-mmap):          5160960 Byte
20220314 061402.860 INFO             PET1 PIOc_freedecomp Exit - MemInfo: [malloc] Total space used (mmap + non-mmap):          4614480 Byte
20220314 061402.860 INFO             PET1 PIOc_freedecomp Exit - MemInfo: Wall-clock time since execution start:              0.0304008 seconds
20220314 061402.861 INFO             PET1 PIOc_sync Enter - MemInfo: [/proc/meminfo - SSI]	MemTotal:       65507008 kB
20220314 061402.861 INFO             PET1 PIOc_sync Enter - MemInfo: [/proc/meminfo - SSI]	MemFree:        49877764 kB
20220314 061402.861 INFO             PET1 PIOc_sync Enter - MemInfo: [/proc/meminfo - SSI]	MemAvailable:   49639724 kB
20220314 061402.861 INFO             PET1 PIOc_sync Enter - MemInfo: [/proc/meminfo - SSI]	Committed_AS:   12917672 kB
20220314 061402.861 INFO             PET1 PIOc_sync Enter - MemInfo: [/proc/meminfo - SSI]	CommittedPercent: 19.7195 %
20220314 061402.862 INFO             PET1 PIOc_sync Enter - MemInfo: [/proc/self/status]	VmPeak:	  497176 kB
20220314 061402.862 INFO             PET1 PIOc_sync Enter - MemInfo: [/proc/self/status]	VmSize:	  497176 kB
20220314 061402.862 INFO             PET1 PIOc_sync Enter - MemInfo: [/proc/self/status]	VmLck:	       0 kB
20220314 061402.862 INFO             PET1 PIOc_sync Enter - MemInfo: [/proc/self/status]	VmPin:	       0 kB
20220314 061402.862 INFO             PET1 PIOc_sync Enter - MemInfo: [/proc/self/status]	VmHWM:	   61076 kB
20220314 061402.862 INFO             PET1 PIOc_sync Enter - MemInfo: [/proc/self/status]	VmRSS:	   20228 kB
20220314 061402.862 INFO             PET1 PIOc_sync Enter - MemInfo: [/proc/self/status]	VmData:	   15460 kB
20220314 061402.862 INFO             PET1 PIOc_sync Enter - MemInfo: [/proc/self/status]	VmStk:	     148 kB
20220314 061402.862 INFO             PET1 PIOc_sync Enter - MemInfo: [/proc/self/status]	VmExe:	     204 kB
20220314 061402.862 INFO             PET1 PIOc_sync Enter - MemInfo: [/proc/self/status]	VmLib:	   48376 kB
20220314 061402.862 INFO             PET1 PIOc_sync Enter - MemInfo: [/proc/self/status]	VmPTE:	     708 kB
20220314 061402.862 INFO             PET1 PIOc_sync Enter - MemInfo: [/proc/self/status]	VmPMD:	      12 kB
20220314 061402.862 INFO             PET1 PIOc_sync Enter - MemInfo: [/proc/self/status]	VmSwap:	       0 kB
20220314 061402.862 INFO             PET1 PIOc_sync Enter - MemInfo: [/proc/self/status]	VmRSSPercent: 0.0308791 %
20220314 061402.862 INFO             PET1 PIOc_sync Enter - MemInfo: [malloc] Non-mmapped space allocated:                 3579904 Byte
20220314 061402.862 INFO             PET1 PIOc_sync Enter - MemInfo: [malloc] Space allocated in mmapped regions:          1581056 Byte
20220314 061402.862 INFO             PET1 PIOc_sync Enter - MemInfo: [malloc] Maximum total allocated space:                     0 Byte
20220314 061402.862 INFO             PET1 PIOc_sync Enter - MemInfo: [malloc] Space in freed fastbin blocks:                  2960 Byte
20220314 061402.862 INFO             PET1 PIOc_sync Enter - MemInfo: [malloc] Total allocated space:                       3029232 Byte
20220314 061402.862 INFO             PET1 PIOc_sync Enter - MemInfo: [malloc] Total free space:                             550672 Byte
20220314 061402.862 INFO             PET1 PIOc_sync Enter - MemInfo: [malloc] Top-most, releasable space:                   314944 Byte
20220314 061402.862 INFO             PET1 PIOc_sync Enter - MemInfo: [malloc] Total space in use, mmap + non-mmap:         4610288 Byte
20220314 061402.862 INFO             PET1 PIOc_sync Enter - MemInfo: [malloc] Total space held (mmap + non-mmap):          5160960 Byte
20220314 061402.862 INFO             PET1 PIOc_sync Enter - MemInfo: [malloc] Total space used (mmap + non-mmap):          4619616 Byte
20220314 061402.862 INFO             PET1 PIOc_sync Enter - MemInfo: Wall-clock time since execution start:               0.031886 seconds
20220314 061402.864 INFO             PET1 PIOc_sync Exit - MemInfo: [/proc/meminfo - SSI]	MemTotal:       65507008 kB
20220314 061402.864 INFO             PET1 PIOc_sync Exit - MemInfo: [/proc/meminfo - SSI]	MemFree:        49877764 kB
20220314 061402.864 INFO             PET1 PIOc_sync Exit - MemInfo: [/proc/meminfo - SSI]	MemAvailable:   49639724 kB
20220314 061402.864 INFO             PET1 PIOc_sync Exit - MemInfo: [/proc/meminfo - SSI]	Committed_AS:   12917672 kB
20220314 061402.864 INFO             PET1 PIOc_sync Exit - MemInfo: [/proc/meminfo - SSI]	CommittedPercent: 19.7195 %
20220314 061402.864 INFO             PET1 PIOc_sync Exit - MemInfo: [/proc/self/status]	VmPeak:	  497176 kB
20220314 061402.864 INFO             PET1 PIOc_sync Exit - MemInfo: [/proc/self/status]	VmSize:	  497176 kB
20220314 061402.864 INFO             PET1 PIOc_sync Exit - MemInfo: [/proc/self/status]	VmLck:	       0 kB
20220314 061402.864 INFO             PET1 PIOc_sync Exit - MemInfo: [/proc/self/status]	VmPin:	       0 kB
20220314 061402.864 INFO             PET1 PIOc_sync Exit - MemInfo: [/proc/self/status]	VmHWM:	   61076 kB
20220314 061402.864 INFO             PET1 PIOc_sync Exit - MemInfo: [/proc/self/status]	VmRSS:	   20228 kB
20220314 061402.864 INFO             PET1 PIOc_sync Exit - MemInfo: [/proc/self/status]	VmData:	   15460 kB
20220314 061402.864 INFO             PET1 PIOc_sync Exit - MemInfo: [/proc/self/status]	VmStk:	     148 kB
20220314 061402.864 INFO             PET1 PIOc_sync Exit - MemInfo: [/proc/self/status]	VmExe:	     204 kB
20220314 061402.864 INFO             PET1 PIOc_sync Exit - MemInfo: [/proc/self/status]	VmLib:	   48376 kB
20220314 061402.864 INFO             PET1 PIOc_sync Exit - MemInfo: [/proc/self/status]	VmPTE:	     708 kB
20220314 061402.864 INFO             PET1 PIOc_sync Exit - MemInfo: [/proc/self/status]	VmPMD:	      12 kB
20220314 061402.864 INFO             PET1 PIOc_sync Exit - MemInfo: [/proc/self/status]	VmSwap:	       0 kB
20220314 061402.864 INFO             PET1 PIOc_sync Exit - MemInfo: [/proc/self/status]	VmRSSPercent: 0.0308791 %
20220314 061402.864 INFO             PET1 PIOc_sync Exit - MemInfo: [malloc] Non-mmapped space allocated:                 3579904 Byte
20220314 061402.864 INFO             PET1 PIOc_sync Exit - MemInfo: [malloc] Space allocated in mmapped regions:          1581056 Byte
20220314 061402.864 INFO             PET1 PIOc_sync Exit - MemInfo: [malloc] Maximum total allocated space:                     0 Byte
20220314 061402.864 INFO             PET1 PIOc_sync Exit - MemInfo: [malloc] Space in freed fastbin blocks:                  1296 Byte
20220314 061402.864 INFO             PET1 PIOc_sync Exit - MemInfo: [malloc] Total allocated space:                       3028928 Byte
20220314 061402.864 INFO             PET1 PIOc_sync Exit - MemInfo: [malloc] Total free space:                             550976 Byte
20220314 061402.864 INFO             PET1 PIOc_sync Exit - MemInfo: [malloc] Top-most, releasable space:                   314944 Byte
20220314 061402.864 INFO             PET1 PIOc_sync Exit - MemInfo: [malloc] Total space in use, mmap + non-mmap:         4609984 Byte
20220314 061402.864 INFO             PET1 PIOc_sync Exit - MemInfo: [malloc] Total space held (mmap + non-mmap):          5160960 Byte
20220314 061402.864 INFO             PET1 PIOc_sync Exit - MemInfo: [malloc] Total space used (mmap + non-mmap):          4619312 Byte
20220314 061402.864 INFO             PET1 PIOc_sync Exit - MemInfo: Wall-clock time since execution start:              0.0342909 seconds
20220314 061402.864 INFO             PET1 PIOc_freedecomp Enter - MemInfo: [/proc/meminfo - SSI]	MemTotal:       65507008 kB
20220314 061402.864 INFO             PET1 PIOc_freedecomp Enter - MemInfo: [/proc/meminfo - SSI]	MemFree:        49877764 kB
20220314 061402.864 INFO             PET1 PIOc_freedecomp Enter - MemInfo: [/proc/meminfo - SSI]	MemAvailable:   49639724 kB
20220314 061402.864 INFO             PET1 PIOc_freedecomp Enter - MemInfo: [/proc/meminfo - SSI]	Committed_AS:   12917672 kB
20220314 061402.864 INFO             PET1 PIOc_freedecomp Enter - MemInfo: [/proc/meminfo - SSI]	CommittedPercent: 19.7195 %
20220314 061402.864 INFO             PET1 PIOc_freedecomp Enter - MemInfo: [/proc/self/status]	VmPeak:	  497176 kB
20220314 061402.864 INFO             PET1 PIOc_freedecomp Enter - MemInfo: [/proc/self/status]	VmSize:	  497176 kB
20220314 061402.864 INFO             PET1 PIOc_freedecomp Enter - MemInfo: [/proc/self/status]	VmLck:	       0 kB
20220314 061402.864 INFO             PET1 PIOc_freedecomp Enter - MemInfo: [/proc/self/status]	VmPin:	       0 kB
20220314 061402.864 INFO             PET1 PIOc_freedecomp Enter - MemInfo: [/proc/self/status]	VmHWM:	   61076 kB
20220314 061402.864 INFO             PET1 PIOc_freedecomp Enter - MemInfo: [/proc/self/status]	VmRSS:	   20228 kB
20220314 061402.864 INFO             PET1 PIOc_freedecomp Enter - MemInfo: [/proc/self/status]	VmData:	   15460 kB
20220314 061402.864 INFO             PET1 PIOc_freedecomp Enter - MemInfo: [/proc/self/status]	VmStk:	     148 kB
20220314 061402.864 INFO             PET1 PIOc_freedecomp Enter - MemInfo: [/proc/self/status]	VmExe:	     204 kB
20220314 061402.864 INFO             PET1 PIOc_freedecomp Enter - MemInfo: [/proc/self/status]	VmLib:	   48376 kB
20220314 061402.864 INFO             PET1 PIOc_freedecomp Enter - MemInfo: [/proc/self/status]	VmPTE:	     708 kB
20220314 061402.864 INFO             PET1 PIOc_freedecomp Enter - MemInfo: [/proc/self/status]	VmPMD:	      12 kB
20220314 061402.864 INFO             PET1 PIOc_freedecomp Enter - MemInfo: [/proc/self/status]	VmSwap:	       0 kB
20220314 061402.864 INFO             PET1 PIOc_freedecomp Enter - MemInfo: [/proc/self/status]	VmRSSPercent: 0.0308791 %
20220314 061402.865 INFO             PET1 PIOc_freedecomp Enter - MemInfo: [malloc] Non-mmapped space allocated:                 3579904 Byte
20220314 061402.865 INFO             PET1 PIOc_freedecomp Enter - MemInfo: [malloc] Space allocated in mmapped regions:          1581056 Byte
20220314 061402.865 INFO             PET1 PIOc_freedecomp Enter - MemInfo: [malloc] Maximum total allocated space:                     0 Byte
20220314 061402.865 INFO             PET1 PIOc_freedecomp Enter - MemInfo: [malloc] Space in freed fastbin blocks:                  1456 Byte
20220314 061402.865 INFO             PET1 PIOc_freedecomp Enter - MemInfo: [malloc] Total allocated space:                       3026960 Byte
20220314 061402.865 INFO             PET1 PIOc_freedecomp Enter - MemInfo: [malloc] Total free space:                             552944 Byte
20220314 061402.865 INFO             PET1 PIOc_freedecomp Enter - MemInfo: [malloc] Top-most, releasable space:                   314944 Byte
20220314 061402.865 INFO             PET1 PIOc_freedecomp Enter - MemInfo: [malloc] Total space in use, mmap + non-mmap:         4608016 Byte
20220314 061402.865 INFO             PET1 PIOc_freedecomp Enter - MemInfo: [malloc] Total space held (mmap + non-mmap):          5160960 Byte
20220314 061402.865 INFO             PET1 PIOc_freedecomp Enter - MemInfo: [malloc] Total space used (mmap + non-mmap):          4617344 Byte
20220314 061402.865 INFO             PET1 PIOc_freedecomp Enter - MemInfo: Wall-clock time since execution start:              0.0347429 seconds
20220314 061402.865 INFO             PET1 PIOc_freedecomp Exit - MemInfo: [/proc/meminfo - SSI]	MemTotal:       65507008 kB
20220314 061402.865 INFO             PET1 PIOc_freedecomp Exit - MemInfo: [/proc/meminfo - SSI]	MemFree:        49877764 kB
20220314 061402.865 INFO             PET1 PIOc_freedecomp Exit - MemInfo: [/proc/meminfo - SSI]	MemAvailable:   49639724 kB
20220314 061402.865 INFO             PET1 PIOc_freedecomp Exit - MemInfo: [/proc/meminfo - SSI]	Committed_AS:   12917672 kB
20220314 061402.865 INFO             PET1 PIOc_freedecomp Exit - MemInfo: [/proc/meminfo - SSI]	CommittedPercent: 19.7195 %
20220314 061402.865 INFO             PET1 PIOc_freedecomp Exit - MemInfo: [/proc/self/status]	VmPeak:	  497176 kB
20220314 061402.865 INFO             PET1 PIOc_freedecomp Exit - MemInfo: [/proc/self/status]	VmSize:	  497176 kB
20220314 061402.865 INFO             PET1 PIOc_freedecomp Exit - MemInfo: [/proc/self/status]	VmLck:	       0 kB
20220314 061402.865 INFO             PET1 PIOc_freedecomp Exit - MemInfo: [/proc/self/status]	VmPin:	       0 kB
20220314 061402.865 INFO             PET1 PIOc_freedecomp Exit - MemInfo: [/proc/self/status]	VmHWM:	   61076 kB
20220314 061402.865 INFO             PET1 PIOc_freedecomp Exit - MemInfo: [/proc/self/status]	VmRSS:	   20228 kB
20220314 061402.865 INFO             PET1 PIOc_freedecomp Exit - MemInfo: [/proc/self/status]	VmData:	   15460 kB
20220314 061402.865 INFO             PET1 PIOc_freedecomp Exit - MemInfo: [/proc/self/status]	VmStk:	     148 kB
20220314 061402.865 INFO             PET1 PIOc_freedecomp Exit - MemInfo: [/proc/self/status]	VmExe:	     204 kB
20220314 061402.865 INFO             PET1 PIOc_freedecomp Exit - MemInfo: [/proc/self/status]	VmLib:	   48376 kB
20220314 061402.865 INFO             PET1 PIOc_freedecomp Exit - MemInfo: [/proc/self/status]	VmPTE:	     708 kB
20220314 061402.865 INFO             PET1 PIOc_freedecomp Exit - MemInfo: [/proc/self/status]	VmPMD:	      12 kB
20220314 061402.865 INFO             PET1 PIOc_freedecomp Exit - MemInfo: [/proc/self/status]	VmSwap:	       0 kB
20220314 061402.865 INFO             PET1 PIOc_freedecomp Exit - MemInfo: [/proc/self/status]	VmRSSPercent: 0.0308791 %
20220314 061402.865 INFO             PET1 PIOc_freedecomp Exit - MemInfo: [malloc] Non-mmapped space allocated:                 3579904 Byte
20220314 061402.865 INFO             PET1 PIOc_freedecomp Exit - MemInfo: [malloc] Space allocated in mmapped regions:          1581056 Byte
20220314 061402.865 INFO             PET1 PIOc_freedecomp Exit - MemInfo: [malloc] Maximum total allocated space:                     0 Byte
20220314 061402.865 INFO             PET1 PIOc_freedecomp Exit - MemInfo: [malloc] Space in freed fastbin blocks:                  1824 Byte
20220314 061402.865 INFO             PET1 PIOc_freedecomp Exit - MemInfo: [malloc] Total allocated space:                       3024016 Byte
20220314 061402.865 INFO             PET1 PIOc_freedecomp Exit - MemInfo: [malloc] Total free space:                             555888 Byte
20220314 061402.865 INFO             PET1 PIOc_freedecomp Exit - MemInfo: [malloc] Top-most, releasable space:                   314944 Byte
20220314 061402.865 INFO             PET1 PIOc_freedecomp Exit - MemInfo: [malloc] Total space in use, mmap + non-mmap:         4605072 Byte
20220314 061402.865 INFO             PET1 PIOc_freedecomp Exit - MemInfo: [malloc] Total space held (mmap + non-mmap):          5160960 Byte
20220314 061402.865 INFO             PET1 PIOc_freedecomp Exit - MemInfo: [malloc] Total space used (mmap + non-mmap):          4614400 Byte
20220314 061402.865 INFO             PET1 PIOc_freedecomp Exit - MemInfo: Wall-clock time since execution start:              0.0351449 seconds
20220314 061402.865 INFO             PET1 PASS ESMC_FieldRegridStoreFile test, ESMC_FieldSMMFromFileUTest.C, line 199
20220314 061402.872 INFO             PET1 PASS ESMC_FieldSMMStore from File test, ESMC_FieldSMMFromFileUTest.C, line 229
20220314 061402.872 INFO             PET1 PASS ESMC_FieldSMMStore From File validation, ESMC_FieldSMMFromFileUTest.C, line 257
20220314 061402.872 INFO             PET1 PASS ESMC_FieldRegridRelease, ESMC_FieldSMMFromFileUTest.C, line 271
20220314 061402.872 INFO             PET1 Ending Test, file ESMC_FieldSMMFromFileUTest.C, line 289
20220314 061402.872 INFO             PET1 Finalizing ESMF
20220314 061402.832 INFO             PET2 !!!!!!!!!!!!!!!!!!!!!!!!!!!!!!!!!!!!!!!!!!!!!!!!!!!!!!
20220314 061402.832 INFO             PET2 !!! THE ESMF_LOG IS SET TO OUTPUT ALL LOG MESSAGES !!!
20220314 061402.832 INFO             PET2 !!!     THIS MAY CAUSE SLOWDOWN IN PERFORMANCE     !!!
20220314 061402.832 INFO             PET2 !!! FOR PRODUCTION RUNS, USE:                      !!!
20220314 061402.832 INFO             PET2 !!!                   ESMF_LOGKIND_Multi_On_Error  !!!
20220314 061402.832 INFO             PET2 !!!!!!!!!!!!!!!!!!!!!!!!!!!!!!!!!!!!!!!!!!!!!!!!!!!!!!
20220314 061402.832 INFO             PET2 Running with ESMF Version   : v8.3.0b09-96-g559b459836
20220314 061402.832 INFO             PET2 ESMF library build date/time: "Mar 14 2022" "05:58:16"
20220314 061402.832 INFO             PET2 ESMF library build location : /glade/scratch/rlong/esmf-testing/gfortran_7.4.0_openmpi_O_jedwards_pio_update2
20220314 061402.832 INFO             PET2 ESMF_COMM                   : openmpi
20220314 061402.832 INFO             PET2 ESMF_MOAB                   : enabled
20220314 061402.832 INFO             PET2 ESMF_LAPACK                 : enabled
20220314 061402.832 INFO             PET2 ESMF_NETCDF                 : enabled
20220314 061402.832 INFO             PET2 ESMF_PNETCDF                : disabled
20220314 061402.832 INFO             PET2 ESMF_PIO                    : enabled
20220314 061402.832 INFO             PET2 ESMF_YAMLCPP                : enabled
20220314 061402.832 INFO             PET2 Beginning Test, file ESMC_FieldSMMFromFileUTest.C, line 41
20220314 061402.832 INFO             PET2 Beginning Test, file ESMC_FieldSMMFromFileUTest.C, line 41NUMBER_OF_PROCESSORS 4
20220314 061402.849 INFO             PET2 PIOc_sync Enter - MemInfo: [/proc/meminfo - SSI]	MemTotal:       65507008 kB
20220314 061402.849 INFO             PET2 PIOc_sync Enter - MemInfo: [/proc/meminfo - SSI]	MemFree:        49870204 kB
20220314 061402.849 INFO             PET2 PIOc_sync Enter - MemInfo: [/proc/meminfo - SSI]	MemAvailable:   49632164 kB
20220314 061402.849 INFO             PET2 PIOc_sync Enter - MemInfo: [/proc/meminfo - SSI]	Committed_AS:   12917712 kB
20220314 061402.849 INFO             PET2 PIOc_sync Enter - MemInfo: [/proc/meminfo - SSI]	CommittedPercent: 19.7196 %
20220314 061402.849 INFO             PET2 PIOc_sync Enter - MemInfo: [/proc/self/status]	VmPeak:	  497176 kB
20220314 061402.849 INFO             PET2 PIOc_sync Enter - MemInfo: [/proc/self/status]	VmSize:	  497176 kB
20220314 061402.849 INFO             PET2 PIOc_sync Enter - MemInfo: [/proc/self/status]	VmLck:	       0 kB
20220314 061402.849 INFO             PET2 PIOc_sync Enter - MemInfo: [/proc/self/status]	VmPin:	       0 kB
20220314 061402.849 INFO             PET2 PIOc_sync Enter - MemInfo: [/proc/self/status]	VmHWM:	   61076 kB
20220314 061402.849 INFO             PET2 PIOc_sync Enter - MemInfo: [/proc/self/status]	VmRSS:	   20104 kB
20220314 061402.849 INFO             PET2 PIOc_sync Enter - MemInfo: [/proc/self/status]	VmData:	   15460 kB
20220314 061402.849 INFO             PET2 PIOc_sync Enter - MemInfo: [/proc/self/status]	VmStk:	     148 kB
20220314 061402.849 INFO             PET2 PIOc_sync Enter - MemInfo: [/proc/self/status]	VmExe:	     204 kB
20220314 061402.850 INFO             PET2 PIOc_sync Enter - MemInfo: [/proc/self/status]	VmLib:	   48376 kB
20220314 061402.850 INFO             PET2 PIOc_sync Enter - MemInfo: [/proc/self/status]	VmPTE:	     716 kB
20220314 061402.850 INFO             PET2 PIOc_sync Enter - MemInfo: [/proc/self/status]	VmPMD:	      12 kB
20220314 061402.850 INFO             PET2 PIOc_sync Enter - MemInfo: [/proc/self/status]	VmSwap:	       0 kB
20220314 061402.850 INFO             PET2 PIOc_sync Enter - MemInfo: [/proc/self/status]	VmRSSPercent: 0.0306898 %
20220314 061402.850 INFO             PET2 PIOc_sync Enter - MemInfo: [malloc] Non-mmapped space allocated:                 3579904 Byte
20220314 061402.850 INFO             PET2 PIOc_sync Enter - MemInfo: [malloc] Space allocated in mmapped regions:          1581056 Byte
20220314 061402.852 INFO             PET2 PIOc_sync Enter - MemInfo: [malloc] Maximum total allocated space:                     0 Byte
20220314 061402.852 INFO             PET2 PIOc_sync Enter - MemInfo: [malloc] Space in freed fastbin blocks:                  2800 Byte
20220314 061402.852 INFO             PET2 PIOc_sync Enter - MemInfo: [malloc] Total allocated space:                       2970784 Byte
20220314 061402.852 INFO             PET2 PIOc_sync Enter - MemInfo: [malloc] Total free space:                             609120 Byte
20220314 061402.852 INFO             PET2 PIOc_sync Enter - MemInfo: [malloc] Top-most, releasable space:                   372512 Byte
20220314 061402.852 INFO             PET2 PIOc_sync Enter - MemInfo: [malloc] Total space in use, mmap + non-mmap:         4551840 Byte
20220314 061402.852 INFO             PET2 PIOc_sync Enter - MemInfo: [malloc] Total space held (mmap + non-mmap):          5160960 Byte
20220314 061402.852 INFO             PET2 PIOc_sync Enter - MemInfo: [malloc] Total space used (mmap + non-mmap):          4561168 Byte
20220314 061402.852 INFO             PET2 PIOc_sync Enter - MemInfo: Wall-clock time since execution start:              0.0214121 seconds
20220314 061402.853 INFO             PET2 PIOc_sync Exit - MemInfo: [/proc/meminfo - SSI]	MemTotal:       65507008 kB
20220314 061402.853 INFO             PET2 PIOc_sync Exit - MemInfo: [/proc/meminfo - SSI]	MemFree:        49870204 kB
20220314 061402.853 INFO             PET2 PIOc_sync Exit - MemInfo: [/proc/meminfo - SSI]	MemAvailable:   49632164 kB
20220314 061402.853 INFO             PET2 PIOc_sync Exit - MemInfo: [/proc/meminfo - SSI]	Committed_AS:   12917712 kB
20220314 061402.853 INFO             PET2 PIOc_sync Exit - MemInfo: [/proc/meminfo - SSI]	CommittedPercent: 19.7196 %
20220314 061402.853 INFO             PET2 PIOc_sync Exit - MemInfo: [/proc/self/status]	VmPeak:	  497176 kB
20220314 061402.853 INFO             PET2 PIOc_sync Exit - MemInfo: [/proc/self/status]	VmSize:	  497176 kB
20220314 061402.853 INFO             PET2 PIOc_sync Exit - MemInfo: [/proc/self/status]	VmLck:	       0 kB
20220314 061402.853 INFO             PET2 PIOc_sync Exit - MemInfo: [/proc/self/status]	VmPin:	       0 kB
20220314 061402.853 INFO             PET2 PIOc_sync Exit - MemInfo: [/proc/self/status]	VmHWM:	   61076 kB
20220314 061402.853 INFO             PET2 PIOc_sync Exit - MemInfo: [/proc/self/status]	VmRSS:	   20164 kB
