build time -- 2022-03-14 06:00:12.898178
20220314 061240.499 INFO             PET0 !!!!!!!!!!!!!!!!!!!!!!!!!!!!!!!!!!!!!!!!!!!!!!!!!!!!!!
20220314 061240.499 INFO             PET0 !!! THE ESMF_LOG IS SET TO OUTPUT ALL LOG MESSAGES !!!
20220314 061240.499 INFO             PET0 !!!     THIS MAY CAUSE SLOWDOWN IN PERFORMANCE     !!!
20220314 061240.499 INFO             PET0 !!! FOR PRODUCTION RUNS, USE:                      !!!
20220314 061240.499 INFO             PET0 !!!                   ESMF_LOGKIND_Multi_On_Error  !!!
20220314 061240.499 INFO             PET0 !!!!!!!!!!!!!!!!!!!!!!!!!!!!!!!!!!!!!!!!!!!!!!!!!!!!!!
20220314 061240.499 INFO             PET0 Running with ESMF Version   : v8.3.0b09-96-g559b459836
20220314 061240.499 INFO             PET0 ESMF library build date/time: "Mar 14 2022" "05:58:16"
20220314 061240.499 INFO             PET0 ESMF library build location : /glade/scratch/rlong/esmf-testing/gfortran_7.4.0_openmpi_O_jedwards_pio_update2
20220314 061240.499 INFO             PET0 ESMF_COMM                   : openmpi
20220314 061240.499 INFO             PET0 ESMF_MOAB                   : enabled
20220314 061240.499 INFO             PET0 ESMF_LAPACK                 : enabled
20220314 061240.499 INFO             PET0 ESMF_NETCDF                 : enabled
20220314 061240.499 INFO             PET0 ESMF_PNETCDF                : disabled
20220314 061240.499 INFO             PET0 ESMF_PIO                    : enabled
20220314 061240.499 INFO             PET0 ESMF_YAMLCPP                : enabled
20220314 061240.500 INFO             PET0  Beginning Test, file ESMF_IOUTest.F90, line 57
20220314 061240.500 INFO             PET0  NUMBER_OF_PROCESSORS           4
20220314 061240.500 INFO             PET0 Starting Test:  ESMF_OutputWeightFile
20220314 061240.511 INFO             PET0 PIOc_sync Enter - MemInfo: [/proc/meminfo - SSI]	MemTotal:       65507008 kB
20220314 061240.511 INFO             PET0 PIOc_sync Enter - MemInfo: [/proc/meminfo - SSI]	MemFree:        49875392 kB
20220314 061240.511 INFO             PET0 PIOc_sync Enter - MemInfo: [/proc/meminfo - SSI]	MemAvailable:   49633992 kB
20220314 061240.511 INFO             PET0 PIOc_sync Enter - MemInfo: [/proc/meminfo - SSI]	Committed_AS:   12939128 kB
20220314 061240.511 INFO             PET0 PIOc_sync Enter - MemInfo: [/proc/meminfo - SSI]	CommittedPercent: 19.7523 %
20220314 061240.511 INFO             PET0 PIOc_sync Enter - MemInfo: [/proc/self/status]	VmPeak:	  520588 kB
20220314 061240.511 INFO             PET0 PIOc_sync Enter - MemInfo: [/proc/self/status]	VmSize:	  520588 kB
20220314 061240.511 INFO             PET0 PIOc_sync Enter - MemInfo: [/proc/self/status]	VmLck:	       0 kB
20220314 061240.511 INFO             PET0 PIOc_sync Enter - MemInfo: [/proc/self/status]	VmPin:	       0 kB
20220314 061240.511 INFO             PET0 PIOc_sync Enter - MemInfo: [/proc/self/status]	VmHWM:	   61376 kB
20220314 061240.511 INFO             PET0 PIOc_sync Enter - MemInfo: [/proc/self/status]	VmRSS:	   35984 kB
20220314 061240.511 INFO             PET0 PIOc_sync Enter - MemInfo: [/proc/self/status]	VmData:	   32068 kB
20220314 061240.511 INFO             PET0 PIOc_sync Enter - MemInfo: [/proc/self/status]	VmStk:	     148 kB
20220314 061240.511 INFO             PET0 PIOc_sync Enter - MemInfo: [/proc/self/status]	VmExe:	     208 kB
20220314 061240.511 INFO             PET0 PIOc_sync Enter - MemInfo: [/proc/self/status]	VmLib:	   49028 kB
20220314 061240.511 INFO             PET0 PIOc_sync Enter - MemInfo: [/proc/self/status]	VmPTE:	     768 kB
20220314 061240.511 INFO             PET0 PIOc_sync Enter - MemInfo: [/proc/self/status]	VmPMD:	      12 kB
20220314 061240.511 INFO             PET0 PIOc_sync Enter - MemInfo: [/proc/self/status]	VmSwap:	       0 kB
20220314 061240.512 INFO             PET0 PIOc_sync Enter - MemInfo: [/proc/self/status]	VmRSSPercent: 0.0549315 %
20220314 061240.512 INFO             PET0 PIOc_sync Enter - MemInfo: [malloc] Non-mmapped space allocated:                 3260416 Byte
20220314 061240.515 INFO             PET0 PIOc_sync Enter - MemInfo: [malloc] Space allocated in mmapped regions:         18890752 Byte
20220314 061240.515 INFO             PET0 PIOc_sync Enter - MemInfo: [malloc] Maximum total allocated space:                     0 Byte
20220314 061240.515 INFO             PET0 PIOc_sync Enter - MemInfo: [malloc] Space in freed fastbin blocks:                  1584 Byte
20220314 061240.515 INFO             PET0 PIOc_sync Enter - MemInfo: [malloc] Total allocated space:                       2636432 Byte
20220314 061240.515 INFO             PET0 PIOc_sync Enter - MemInfo: [malloc] Total free space:                             623984 Byte
20220314 061240.515 INFO             PET0 PIOc_sync Enter - MemInfo: [malloc] Top-most, releasable space:                   132112 Byte
20220314 061240.515 INFO             PET0 PIOc_sync Enter - MemInfo: [malloc] Total space in use, mmap + non-mmap:        21527184 Byte
20220314 061240.515 INFO             PET0 PIOc_sync Enter - MemInfo: [malloc] Total space held (mmap + non-mmap):         22151168 Byte
20220314 061240.515 INFO             PET0 PIOc_sync Enter - MemInfo: [malloc] Total space used (mmap + non-mmap):         21536512 Byte
20220314 061240.515 INFO             PET0 PIOc_sync Enter - MemInfo: Wall-clock time since execution start:              0.0182897 seconds
20220314 061240.516 INFO             PET0 PIOc_sync Exit - MemInfo: [/proc/meminfo - SSI]	MemTotal:       65507008 kB
20220314 061240.516 INFO             PET0 PIOc_sync Exit - MemInfo: [/proc/meminfo - SSI]	MemFree:        49875392 kB
20220314 061240.516 INFO             PET0 PIOc_sync Exit - MemInfo: [/proc/meminfo - SSI]	MemAvailable:   49633992 kB
20220314 061240.516 INFO             PET0 PIOc_sync Exit - MemInfo: [/proc/meminfo - SSI]	Committed_AS:   12939128 kB
20220314 061240.516 INFO             PET0 PIOc_sync Exit - MemInfo: [/proc/meminfo - SSI]	CommittedPercent: 19.7523 %
20220314 061240.516 INFO             PET0 PIOc_sync Exit - MemInfo: [/proc/self/status]	VmPeak:	  520588 kB
20220314 061240.516 INFO             PET0 PIOc_sync Exit - MemInfo: [/proc/self/status]	VmSize:	  520588 kB
20220314 061240.516 INFO             PET0 PIOc_sync Exit - MemInfo: [/proc/self/status]	VmLck:	       0 kB
20220314 061240.516 INFO             PET0 PIOc_sync Exit - MemInfo: [/proc/self/status]	VmPin:	       0 kB
20220314 061240.516 INFO             PET0 PIOc_sync Exit - MemInfo: [/proc/self/status]	VmHWM:	   61376 kB
20220314 061240.516 INFO             PET0 PIOc_sync Exit - MemInfo: [/proc/self/status]	VmRSS:	   36132 kB
20220314 061240.516 INFO             PET0 PIOc_sync Exit - MemInfo: [/proc/self/status]	VmData:	   32068 kB
20220314 061240.516 INFO             PET0 PIOc_sync Exit - MemInfo: [/proc/self/status]	VmStk:	     148 kB
20220314 061240.516 INFO             PET0 PIOc_sync Exit - MemInfo: [/proc/self/status]	VmExe:	     208 kB
20220314 061240.516 INFO             PET0 PIOc_sync Exit - MemInfo: [/proc/self/status]	VmLib:	   49028 kB
20220314 061240.516 INFO             PET0 PIOc_sync Exit - MemInfo: [/proc/self/status]	VmPTE:	     768 kB
20220314 061240.516 INFO             PET0 PIOc_sync Exit - MemInfo: [/proc/self/status]	VmPMD:	      12 kB
20220314 061240.516 INFO             PET0 PIOc_sync Exit - MemInfo: [/proc/self/status]	VmSwap:	       0 kB
20220314 061240.516 INFO             PET0 PIOc_sync Exit - MemInfo: [/proc/self/status]	VmRSSPercent: 0.0551575 %
20220314 061240.516 INFO             PET0 PIOc_sync Exit - MemInfo: [malloc] Non-mmapped space allocated:                 3260416 Byte
20220314 061240.516 INFO             PET0 PIOc_sync Exit - MemInfo: [malloc] Space allocated in mmapped regions:         18890752 Byte
20220314 061240.516 INFO             PET0 PIOc_sync Exit - MemInfo: [malloc] Maximum total allocated space:                     0 Byte
20220314 061240.516 INFO             PET0 PIOc_sync Exit - MemInfo: [malloc] Space in freed fastbin blocks:                  1344 Byte
20220314 061240.516 INFO             PET0 PIOc_sync Exit - MemInfo: [malloc] Total allocated space:                       2639216 Byte
20220314 061240.516 INFO             PET0 PIOc_sync Exit - MemInfo: [malloc] Total free space:                             621200 Byte
20220314 061240.516 INFO             PET0 PIOc_sync Exit - MemInfo: [malloc] Top-most, releasable space:                   132112 Byte
20220314 061240.516 INFO             PET0 PIOc_sync Exit - MemInfo: [malloc] Total space in use, mmap + non-mmap:        21529968 Byte
20220314 061240.516 INFO             PET0 PIOc_sync Exit - MemInfo: [malloc] Total space held (mmap + non-mmap):         22151168 Byte
20220314 061240.516 INFO             PET0 PIOc_sync Exit - MemInfo: [malloc] Total space used (mmap + non-mmap):         21539296 Byte
20220314 061240.516 INFO             PET0 PIOc_sync Exit - MemInfo: Wall-clock time since execution start:              0.0188126 seconds
20220314 061240.517 INFO             PET0 PIOc_freedecomp Enter - MemInfo: [/proc/meminfo - SSI]	MemTotal:       65507008 kB
20220314 061240.517 INFO             PET0 PIOc_freedecomp Enter - MemInfo: [/proc/meminfo - SSI]	MemFree:        49890512 kB
20220314 061240.517 INFO             PET0 PIOc_freedecomp Enter - MemInfo: [/proc/meminfo - SSI]	MemAvailable:   49649112 kB
20220314 061240.517 INFO             PET0 PIOc_freedecomp Enter - MemInfo: [/proc/meminfo - SSI]	Committed_AS:   12922740 kB
20220314 061240.517 INFO             PET0 PIOc_freedecomp Enter - MemInfo: [/proc/meminfo - SSI]	CommittedPercent: 19.7273 %
20220314 061240.517 INFO             PET0 PIOc_freedecomp Enter - MemInfo: [/proc/self/status]	VmPeak:	  520588 kB
20220314 061240.517 INFO             PET0 PIOc_freedecomp Enter - MemInfo: [/proc/self/status]	VmSize:	  503684 kB
20220314 061240.517 INFO             PET0 PIOc_freedecomp Enter - MemInfo: [/proc/self/status]	VmLck:	       0 kB
20220314 061240.517 INFO             PET0 PIOc_freedecomp Enter - MemInfo: [/proc/self/status]	VmPin:	       0 kB
20220314 061240.517 INFO             PET0 PIOc_freedecomp Enter - MemInfo: [/proc/self/status]	VmHWM:	   61376 kB
20220314 061240.517 INFO             PET0 PIOc_freedecomp Enter - MemInfo: [/proc/self/status]	VmRSS:	   19740 kB
20220314 061240.517 INFO             PET0 PIOc_freedecomp Enter - MemInfo: [/proc/self/status]	VmData:	   15164 kB
20220314 061240.517 INFO             PET0 PIOc_freedecomp Enter - MemInfo: [/proc/self/status]	VmStk:	     148 kB
20220314 061240.517 INFO             PET0 PIOc_freedecomp Enter - MemInfo: [/proc/self/status]	VmExe:	     208 kB
20220314 061240.517 INFO             PET0 PIOc_freedecomp Enter - MemInfo: [/proc/self/status]	VmLib:	   49028 kB
20220314 061240.517 INFO             PET0 PIOc_freedecomp Enter - MemInfo: [/proc/self/status]	VmPTE:	     736 kB
20220314 061240.517 INFO             PET0 PIOc_freedecomp Enter - MemInfo: [/proc/self/status]	VmPMD:	      12 kB
20220314 061240.517 INFO             PET0 PIOc_freedecomp Enter - MemInfo: [/proc/self/status]	VmSwap:	       0 kB
20220314 061240.517 INFO             PET0 PIOc_freedecomp Enter - MemInfo: [/proc/self/status]	VmRSSPercent: 0.0301342 %
20220314 061240.517 INFO             PET0 PIOc_freedecomp Enter - MemInfo: [malloc] Non-mmapped space allocated:                 3260416 Byte
20220314 061240.517 INFO             PET0 PIOc_freedecomp Enter - MemInfo: [malloc] Space allocated in mmapped regions:          1581056 Byte
20220314 061240.517 INFO             PET0 PIOc_freedecomp Enter - MemInfo: [malloc] Maximum total allocated space:                     0 Byte
20220314 061240.517 INFO             PET0 PIOc_freedecomp Enter - MemInfo: [malloc] Space in freed fastbin blocks:                  2544 Byte
20220314 061240.517 INFO             PET0 PIOc_freedecomp Enter - MemInfo: [malloc] Total allocated space:                       2626080 Byte
20220314 061240.517 INFO             PET0 PIOc_freedecomp Enter - MemInfo: [malloc] Total free space:                             634336 Byte
20220314 061240.517 INFO             PET0 PIOc_freedecomp Enter - MemInfo: [malloc] Top-most, releasable space:                   132112 Byte
20220314 061240.517 INFO             PET0 PIOc_freedecomp Enter - MemInfo: [malloc] Total space in use, mmap + non-mmap:         4207136 Byte
20220314 061240.517 INFO             PET0 PIOc_freedecomp Enter - MemInfo: [malloc] Total space held (mmap + non-mmap):          4841472 Byte
20220314 061240.517 INFO             PET0 PIOc_freedecomp Enter - MemInfo: [malloc] Total space used (mmap + non-mmap):          4216464 Byte
20220314 061240.517 INFO             PET0 PIOc_freedecomp Enter - MemInfo: Wall-clock time since execution start:              0.0200635 seconds
20220314 061240.517 INFO             PET0 PIOc_freedecomp Exit - MemInfo: [/proc/meminfo - SSI]	MemTotal:       65507008 kB
20220314 061240.517 INFO             PET0 PIOc_freedecomp Exit - MemInfo: [/proc/meminfo - SSI]	MemFree:        49890512 kB
20220314 061240.517 INFO             PET0 PIOc_freedecomp Exit - MemInfo: [/proc/meminfo - SSI]	MemAvailable:   49649112 kB
20220314 061240.517 INFO             PET0 PIOc_freedecomp Exit - MemInfo: [/proc/meminfo - SSI]	Committed_AS:   12922740 kB
20220314 061240.517 INFO             PET0 PIOc_freedecomp Exit - MemInfo: [/proc/meminfo - SSI]	CommittedPercent: 19.7273 %
20220314 061240.517 INFO             PET0 PIOc_freedecomp Exit - MemInfo: [/proc/self/status]	VmPeak:	  520588 kB
20220314 061240.517 INFO             PET0 PIOc_freedecomp Exit - MemInfo: [/proc/self/status]	VmSize:	  503684 kB
20220314 061240.517 INFO             PET0 PIOc_freedecomp Exit - MemInfo: [/proc/self/status]	VmLck:	       0 kB
20220314 061240.517 INFO             PET0 PIOc_freedecomp Exit - MemInfo: [/proc/self/status]	VmPin:	       0 kB
20220314 061240.517 INFO             PET0 PIOc_freedecomp Exit - MemInfo: [/proc/self/status]	VmHWM:	   61376 kB
20220314 061240.517 INFO             PET0 PIOc_freedecomp Exit - MemInfo: [/proc/self/status]	VmRSS:	   19740 kB
20220314 061240.517 INFO             PET0 PIOc_freedecomp Exit - MemInfo: [/proc/self/status]	VmData:	   15164 kB
20220314 061240.517 INFO             PET0 PIOc_freedecomp Exit - MemInfo: [/proc/self/status]	VmStk:	     148 kB
20220314 061240.517 INFO             PET0 PIOc_freedecomp Exit - MemInfo: [/proc/self/status]	VmExe:	     208 kB
20220314 061240.517 INFO             PET0 PIOc_freedecomp Exit - MemInfo: [/proc/self/status]	VmLib:	   49028 kB
20220314 061240.517 INFO             PET0 PIOc_freedecomp Exit - MemInfo: [/proc/self/status]	VmPTE:	     736 kB
20220314 061240.517 INFO             PET0 PIOc_freedecomp Exit - MemInfo: [/proc/self/status]	VmPMD:	      12 kB
20220314 061240.517 INFO             PET0 PIOc_freedecomp Exit - MemInfo: [/proc/self/status]	VmSwap:	       0 kB
20220314 061240.517 INFO             PET0 PIOc_freedecomp Exit - MemInfo: [/proc/self/status]	VmRSSPercent: 0.0301342 %
20220314 061240.517 INFO             PET0 PIOc_freedecomp Exit - MemInfo: [malloc] Non-mmapped space allocated:                 3260416 Byte
20220314 061240.517 INFO             PET0 PIOc_freedecomp Exit - MemInfo: [malloc] Space allocated in mmapped regions:          1581056 Byte
20220314 061240.517 INFO             PET0 PIOc_freedecomp Exit - MemInfo: [malloc] Maximum total allocated space:                     0 Byte
20220314 061240.517 INFO             PET0 PIOc_freedecomp Exit - MemInfo: [malloc] Space in freed fastbin blocks:                  2976 Byte
20220314 061240.517 INFO             PET0 PIOc_freedecomp Exit - MemInfo: [malloc] Total allocated space:                       2620928 Byte
20220314 061240.517 INFO             PET0 PIOc_freedecomp Exit - MemInfo: [malloc] Total free space:                             639488 Byte
20220314 061240.517 INFO             PET0 PIOc_freedecomp Exit - MemInfo: [malloc] Top-most, releasable space:                   132112 Byte
20220314 061240.517 INFO             PET0 PIOc_freedecomp Exit - MemInfo: [malloc] Total space in use, mmap + non-mmap:         4201984 Byte
20220314 061240.517 INFO             PET0 PIOc_freedecomp Exit - MemInfo: [malloc] Total space held (mmap + non-mmap):          4841472 Byte
20220314 061240.517 INFO             PET0 PIOc_freedecomp Exit - MemInfo: [malloc] Total space used (mmap + non-mmap):          4211312 Byte
20220314 061240.517 INFO             PET0 PIOc_freedecomp Exit - MemInfo: Wall-clock time since execution start:              0.0204093 seconds
20220314 061240.522 INFO             PET0 PIOc_sync Enter - MemInfo: [/proc/meminfo - SSI]	MemTotal:       65507008 kB
20220314 061240.522 INFO             PET0 PIOc_sync Enter - MemInfo: [/proc/meminfo - SSI]	MemFree:        49883456 kB
20220314 061240.522 INFO             PET0 PIOc_sync Enter - MemInfo: [/proc/meminfo - SSI]	MemAvailable:   49642056 kB
20220314 061240.522 INFO             PET0 PIOc_sync Enter - MemInfo: [/proc/meminfo - SSI]	Committed_AS:   12939120 kB
20220314 061240.522 INFO             PET0 PIOc_sync Enter - MemInfo: [/proc/meminfo - SSI]	CommittedPercent: 19.7523 %
20220314 061240.522 INFO             PET0 PIOc_sync Enter - MemInfo: [/proc/self/status]	VmPeak:	  520588 kB
20220314 061240.522 INFO             PET0 PIOc_sync Enter - MemInfo: [/proc/self/status]	VmSize:	  520580 kB
20220314 061240.522 INFO             PET0 PIOc_sync Enter - MemInfo: [/proc/self/status]	VmLck:	       0 kB
20220314 061240.522 INFO             PET0 PIOc_sync Enter - MemInfo: [/proc/self/status]	VmPin:	       0 kB
20220314 061240.522 INFO             PET0 PIOc_sync Enter - MemInfo: [/proc/self/status]	VmHWM:	   61376 kB
20220314 061240.522 INFO             PET0 PIOc_sync Enter - MemInfo: [/proc/self/status]	VmRSS:	   28092 kB
20220314 061240.522 INFO             PET0 PIOc_sync Enter - MemInfo: [/proc/self/status]	VmData:	   32060 kB
20220314 061240.522 INFO             PET0 PIOc_sync Enter - MemInfo: [/proc/self/status]	VmStk:	     148 kB
20220314 061240.522 INFO             PET0 PIOc_sync Enter - MemInfo: [/proc/self/status]	VmExe:	     208 kB
20220314 061240.522 INFO             PET0 PIOc_sync Enter - MemInfo: [/proc/self/status]	VmLib:	   49028 kB
20220314 061240.522 INFO             PET0 PIOc_sync Enter - MemInfo: [/proc/self/status]	VmPTE:	     760 kB
20220314 061240.522 INFO             PET0 PIOc_sync Enter - MemInfo: [/proc/self/status]	VmPMD:	      12 kB
20220314 061240.522 INFO             PET0 PIOc_sync Enter - MemInfo: [/proc/self/status]	VmSwap:	       0 kB
20220314 061240.522 INFO             PET0 PIOc_sync Enter - MemInfo: [/proc/self/status]	VmRSSPercent: 0.042884 %
20220314 061240.522 INFO             PET0 PIOc_sync Enter - MemInfo: [malloc] Non-mmapped space allocated:                20561920 Byte
20220314 061240.522 INFO             PET0 PIOc_sync Enter - MemInfo: [malloc] Space allocated in mmapped regions:          1581056 Byte
20220314 061240.522 INFO             PET0 PIOc_sync Enter - MemInfo: [malloc] Maximum total allocated space:                     0 Byte
20220314 061240.522 INFO             PET0 PIOc_sync Enter - MemInfo: [malloc] Space in freed fastbin blocks:                  1888 Byte
20220314 061240.522 INFO             PET0 PIOc_sync Enter - MemInfo: [malloc] Total allocated space:                      19938352 Byte
20220314 061240.522 INFO             PET0 PIOc_sync Enter - MemInfo: [malloc] Total free space:                             623568 Byte
20220314 061240.522 INFO             PET0 PIOc_sync Enter - MemInfo: [malloc] Top-most, releasable space:                   132080 Byte
20220314 061240.522 INFO             PET0 PIOc_sync Enter - MemInfo: [malloc] Total space in use, mmap + non-mmap:        21519408 Byte
20220314 061240.522 INFO             PET0 PIOc_sync Enter - MemInfo: [malloc] Total space held (mmap + non-mmap):         22142976 Byte
20220314 061240.522 INFO             PET0 PIOc_sync Enter - MemInfo: [malloc] Total space used (mmap + non-mmap):         21528736 Byte
20220314 061240.522 INFO             PET0 PIOc_sync Enter - MemInfo: Wall-clock time since execution start:              0.0251887 seconds
20220314 061240.522 INFO             PET0 PIOc_sync Exit - MemInfo: [/proc/meminfo - SSI]	MemTotal:       65507008 kB
20220314 061240.522 INFO             PET0 PIOc_sync Exit - MemInfo: [/proc/meminfo - SSI]	MemFree:        49883456 kB
20220314 061240.522 INFO             PET0 PIOc_sync Exit - MemInfo: [/proc/meminfo - SSI]	MemAvailable:   49642056 kB
20220314 061240.522 INFO             PET0 PIOc_sync Exit - MemInfo: [/proc/meminfo - SSI]	Committed_AS:   12939120 kB
20220314 061240.522 INFO             PET0 PIOc_sync Exit - MemInfo: [/proc/meminfo - SSI]	CommittedPercent: 19.7523 %
20220314 061240.522 INFO             PET0 PIOc_sync Exit - MemInfo: [/proc/self/status]	VmPeak:	  520588 kB
20220314 061240.522 INFO             PET0 PIOc_sync Exit - MemInfo: [/proc/self/status]	VmSize:	  520580 kB
20220314 061240.522 INFO             PET0 PIOc_sync Exit - MemInfo: [/proc/self/status]	VmLck:	       0 kB
20220314 061240.523 INFO             PET0 PIOc_sync Exit - MemInfo: [/proc/self/status]	VmPin:	       0 kB
20220314 061240.523 INFO             PET0 PIOc_sync Exit - MemInfo: [/proc/self/status]	VmHWM:	   61376 kB
20220314 061240.523 INFO             PET0 PIOc_sync Exit - MemInfo: [/proc/self/status]	VmRSS:	   28100 kB
20220314 061240.523 INFO             PET0 PIOc_sync Exit - MemInfo: [/proc/self/status]	VmData:	   32060 kB
20220314 061240.523 INFO             PET0 PIOc_sync Exit - MemInfo: [/proc/self/status]	VmStk:	     148 kB
20220314 061240.523 INFO             PET0 PIOc_sync Exit - MemInfo: [/proc/self/status]	VmExe:	     208 kB
20220314 061240.523 INFO             PET0 PIOc_sync Exit - MemInfo: [/proc/self/status]	VmLib:	   49028 kB
20220314 061240.523 INFO             PET0 PIOc_sync Exit - MemInfo: [/proc/self/status]	VmPTE:	     760 kB
20220314 061240.523 INFO             PET0 PIOc_sync Exit - MemInfo: [/proc/self/status]	VmPMD:	      12 kB
20220314 061240.523 INFO             PET0 PIOc_sync Exit - MemInfo: [/proc/self/status]	VmSwap:	       0 kB
20220314 061240.523 INFO             PET0 PIOc_sync Exit - MemInfo: [/proc/self/status]	VmRSSPercent: 0.0428962 %
20220314 061240.523 INFO             PET0 PIOc_sync Exit - MemInfo: [malloc] Non-mmapped space allocated:                20561920 Byte
20220314 061240.523 INFO             PET0 PIOc_sync Exit - MemInfo: [malloc] Space allocated in mmapped regions:          1581056 Byte
20220314 061240.523 INFO             PET0 PIOc_sync Exit - MemInfo: [malloc] Maximum total allocated space:                     0 Byte
20220314 061240.523 INFO             PET0 PIOc_sync Exit - MemInfo: [malloc] Space in freed fastbin blocks:                  1344 Byte
20220314 061240.523 INFO             PET0 PIOc_sync Exit - MemInfo: [malloc] Total allocated space:                      19941184 Byte
20220314 061240.523 INFO             PET0 PIOc_sync Exit - MemInfo: [malloc] Total free space:                             620736 Byte
20220314 061240.523 INFO             PET0 PIOc_sync Exit - MemInfo: [malloc] Top-most, releasable space:                   132080 Byte
20220314 061240.523 INFO             PET0 PIOc_sync Exit - MemInfo: [malloc] Total space in use, mmap + non-mmap:        21522240 Byte
20220314 061240.523 INFO             PET0 PIOc_sync Exit - MemInfo: [malloc] Total space held (mmap + non-mmap):         22142976 Byte
20220314 061240.523 INFO             PET0 PIOc_sync Exit - MemInfo: [malloc] Total space used (mmap + non-mmap):         21531568 Byte
20220314 061240.523 INFO             PET0 PIOc_sync Exit - MemInfo: Wall-clock time since execution start:              0.0256526 seconds
20220314 061240.523 INFO             PET0 PIOc_freedecomp Enter - MemInfo: [/proc/meminfo - SSI]	MemTotal:       65507008 kB
20220314 061240.523 INFO             PET0 PIOc_freedecomp Enter - MemInfo: [/proc/meminfo - SSI]	MemFree:        49883456 kB
20220314 061240.523 INFO             PET0 PIOc_freedecomp Enter - MemInfo: [/proc/meminfo - SSI]	MemAvailable:   49642056 kB
20220314 061240.523 INFO             PET0 PIOc_freedecomp Enter - MemInfo: [/proc/meminfo - SSI]	Committed_AS:   12939120 kB
20220314 061240.523 INFO             PET0 PIOc_freedecomp Enter - MemInfo: [/proc/meminfo - SSI]	CommittedPercent: 19.7523 %
20220314 061240.523 INFO             PET0 PIOc_freedecomp Enter - MemInfo: [/proc/self/status]	VmPeak:	  520588 kB
20220314 061240.523 INFO             PET0 PIOc_freedecomp Enter - MemInfo: [/proc/self/status]	VmSize:	  520580 kB
20220314 061240.523 INFO             PET0 PIOc_freedecomp Enter - MemInfo: [/proc/self/status]	VmLck:	       0 kB
20220314 061240.523 INFO             PET0 PIOc_freedecomp Enter - MemInfo: [/proc/self/status]	VmPin:	       0 kB
20220314 061240.523 INFO             PET0 PIOc_freedecomp Enter - MemInfo: [/proc/self/status]	VmHWM:	   61376 kB
20220314 061240.523 INFO             PET0 PIOc_freedecomp Enter - MemInfo: [/proc/self/status]	VmRSS:	   28100 kB
20220314 061240.523 INFO             PET0 PIOc_freedecomp Enter - MemInfo: [/proc/self/status]	VmData:	   32060 kB
20220314 061240.523 INFO             PET0 PIOc_freedecomp Enter - MemInfo: [/proc/self/status]	VmStk:	     148 kB
20220314 061240.523 INFO             PET0 PIOc_freedecomp Enter - MemInfo: [/proc/self/status]	VmExe:	     208 kB
20220314 061240.523 INFO             PET0 PIOc_freedecomp Enter - MemInfo: [/proc/self/status]	VmLib:	   49028 kB
20220314 061240.523 INFO             PET0 PIOc_freedecomp Enter - MemInfo: [/proc/self/status]	VmPTE:	     760 kB
20220314 061240.523 INFO             PET0 PIOc_freedecomp Enter - MemInfo: [/proc/self/status]	VmPMD:	      12 kB
20220314 061240.523 INFO             PET0 PIOc_freedecomp Enter - MemInfo: [/proc/self/status]	VmSwap:	       0 kB
20220314 061240.523 INFO             PET0 PIOc_freedecomp Enter - MemInfo: [/proc/self/status]	VmRSSPercent: 0.0428962 %
20220314 061240.523 INFO             PET0 PIOc_freedecomp Enter - MemInfo: [malloc] Non-mmapped space allocated:                20561920 Byte
20220314 061240.523 INFO             PET0 PIOc_freedecomp Enter - MemInfo: [malloc] Space allocated in mmapped regions:          1581056 Byte
20220314 061240.523 INFO             PET0 PIOc_freedecomp Enter - MemInfo: [malloc] Maximum total allocated space:                     0 Byte
20220314 061240.523 INFO             PET0 PIOc_freedecomp Enter - MemInfo: [malloc] Space in freed fastbin blocks:                  1424 Byte
20220314 061240.523 INFO             PET0 PIOc_freedecomp Enter - MemInfo: [malloc] Total allocated space:                       2626096 Byte
20220314 061240.523 INFO             PET0 PIOc_freedecomp Enter - MemInfo: [malloc] Total free space:                           17935824 Byte
20220314 061240.523 INFO             PET0 PIOc_freedecomp Enter - MemInfo: [malloc] Top-most, releasable space:                 17433616 Byte
20220314 061240.523 INFO             PET0 PIOc_freedecomp Enter - MemInfo: [malloc] Total space in use, mmap + non-mmap:         4207152 Byte
20220314 061240.523 INFO             PET0 PIOc_freedecomp Enter - MemInfo: [malloc] Total space held (mmap + non-mmap):         22142976 Byte
20220314 061240.523 INFO             PET0 PIOc_freedecomp Enter - MemInfo: [malloc] Total space used (mmap + non-mmap):          4216496 Byte
20220314 061240.523 INFO             PET0 PIOc_freedecomp Enter - MemInfo: Wall-clock time since execution start:              0.0260196 seconds
20220314 061240.523 INFO             PET0 PIOc_freedecomp Exit - MemInfo: [/proc/meminfo - SSI]	MemTotal:       65507008 kB
20220314 061240.523 INFO             PET0 PIOc_freedecomp Exit - MemInfo: [/proc/meminfo - SSI]	MemFree:        49883456 kB
20220314 061240.523 INFO             PET0 PIOc_freedecomp Exit - MemInfo: [/proc/meminfo - SSI]	MemAvailable:   49642056 kB
20220314 061240.523 INFO             PET0 PIOc_freedecomp Exit - MemInfo: [/proc/meminfo - SSI]	Committed_AS:   12939120 kB
20220314 061240.523 INFO             PET0 PIOc_freedecomp Exit - MemInfo: [/proc/meminfo - SSI]	CommittedPercent: 19.7523 %
20220314 061240.523 INFO             PET0 PIOc_freedecomp Exit - MemInfo: [/proc/self/status]	VmPeak:	  520588 kB
20220314 061240.523 INFO             PET0 PIOc_freedecomp Exit - MemInfo: [/proc/self/status]	VmSize:	  520580 kB
20220314 061240.523 INFO             PET0 PIOc_freedecomp Exit - MemInfo: [/proc/self/status]	VmLck:	       0 kB
20220314 061240.523 INFO             PET0 PIOc_freedecomp Exit - MemInfo: [/proc/self/status]	VmPin:	       0 kB
20220314 061240.523 INFO             PET0 PIOc_freedecomp Exit - MemInfo: [/proc/self/status]	VmHWM:	   61376 kB
20220314 061240.523 INFO             PET0 PIOc_freedecomp Exit - MemInfo: [/proc/self/status]	VmRSS:	   28100 kB
20220314 061240.523 INFO             PET0 PIOc_freedecomp Exit - MemInfo: [/proc/self/status]	VmData:	   32060 kB
20220314 061240.523 INFO             PET0 PIOc_freedecomp Exit - MemInfo: [/proc/self/status]	VmStk:	     148 kB
20220314 061240.523 INFO             PET0 PIOc_freedecomp Exit - MemInfo: [/proc/self/status]	VmExe:	     208 kB
20220314 061240.523 INFO             PET0 PIOc_freedecomp Exit - MemInfo: [/proc/self/status]	VmLib:	   49028 kB
20220314 061240.523 INFO             PET0 PIOc_freedecomp Exit - MemInfo: [/proc/self/status]	VmPTE:	     760 kB
20220314 061240.523 INFO             PET0 PIOc_freedecomp Exit - MemInfo: [/proc/self/status]	VmPMD:	      12 kB
20220314 061240.523 INFO             PET0 PIOc_freedecomp Exit - MemInfo: [/proc/self/status]	VmSwap:	       0 kB
20220314 061240.523 INFO             PET0 PIOc_freedecomp Exit - MemInfo: [/proc/self/status]	VmRSSPercent: 0.0428962 %
20220314 061240.523 INFO             PET0 PIOc_freedecomp Exit - MemInfo: [malloc] Non-mmapped space allocated:                20561920 Byte
20220314 061240.523 INFO             PET0 PIOc_freedecomp Exit - MemInfo: [malloc] Space allocated in mmapped regions:          1581056 Byte
20220314 061240.523 INFO             PET0 PIOc_freedecomp Exit - MemInfo: [malloc] Maximum total allocated space:                     0 Byte
20220314 061240.523 INFO             PET0 PIOc_freedecomp Exit - MemInfo: [malloc] Space in freed fastbin blocks:                  2976 Byte
20220314 061240.523 INFO             PET0 PIOc_freedecomp Exit - MemInfo: [malloc] Total allocated space:                       2620944 Byte
20220314 061240.523 INFO             PET0 PIOc_freedecomp Exit - MemInfo: [malloc] Total free space:                           17940976 Byte
20220314 061240.523 INFO             PET0 PIOc_freedecomp Exit - MemInfo: [malloc] Top-most, releasable space:                 17433616 Byte
20220314 061240.523 INFO             PET0 PIOc_freedecomp Exit - MemInfo: [malloc] Total space in use, mmap + non-mmap:         4202000 Byte
20220314 061240.523 INFO             PET0 PIOc_freedecomp Exit - MemInfo: [malloc] Total space held (mmap + non-mmap):         22142976 Byte
20220314 061240.523 INFO             PET0 PIOc_freedecomp Exit - MemInfo: [malloc] Total space used (mmap + non-mmap):          4211328 Byte
20220314 061240.523 INFO             PET0 PIOc_freedecomp Exit - MemInfo: Wall-clock time since execution start:              0.0263517 seconds
20220314 061240.525 INFO             PET0 PIOc_sync Enter - MemInfo: [/proc/meminfo - SSI]	MemTotal:       65507008 kB
20220314 061240.525 INFO             PET0 PIOc_sync Enter - MemInfo: [/proc/meminfo - SSI]	MemFree:        49882952 kB
20220314 061240.525 INFO             PET0 PIOc_sync Enter - MemInfo: [/proc/meminfo - SSI]	MemAvailable:   49641552 kB
20220314 061240.525 INFO             PET0 PIOc_sync Enter - MemInfo: [/proc/meminfo - SSI]	Committed_AS:   12939120 kB
20220314 061240.525 INFO             PET0 PIOc_sync Enter - MemInfo: [/proc/meminfo - SSI]	CommittedPercent: 19.7523 %
20220314 061240.525 INFO             PET0 PIOc_sync Enter - MemInfo: [/proc/self/status]	VmPeak:	  528768 kB
20220314 061240.525 INFO             PET0 PIOc_sync Enter - MemInfo: [/proc/self/status]	VmSize:	  520580 kB
20220314 061240.525 INFO             PET0 PIOc_sync Enter - MemInfo: [/proc/self/status]	VmLck:	       0 kB
20220314 061240.525 INFO             PET0 PIOc_sync Enter - MemInfo: [/proc/self/status]	VmPin:	       0 kB
20220314 061240.525 INFO             PET0 PIOc_sync Enter - MemInfo: [/proc/self/status]	VmHWM:	   61376 kB
20220314 061240.525 INFO             PET0 PIOc_sync Enter - MemInfo: [/proc/self/status]	VmRSS:	   28476 kB
20220314 061240.525 INFO             PET0 PIOc_sync Enter - MemInfo: [/proc/self/status]	VmData:	   32060 kB
20220314 061240.525 INFO             PET0 PIOc_sync Enter - MemInfo: [/proc/self/status]	VmStk:	     148 kB
20220314 061240.525 INFO             PET0 PIOc_sync Enter - MemInfo: [/proc/self/status]	VmExe:	     208 kB
20220314 061240.525 INFO             PET0 PIOc_sync Enter - MemInfo: [/proc/self/status]	VmLib:	   49028 kB
20220314 061240.525 INFO             PET0 PIOc_sync Enter - MemInfo: [/proc/self/status]	VmPTE:	     760 kB
20220314 061240.525 INFO             PET0 PIOc_sync Enter - MemInfo: [/proc/self/status]	VmPMD:	      12 kB
20220314 061240.525 INFO             PET0 PIOc_sync Enter - MemInfo: [/proc/self/status]	VmSwap:	       0 kB
20220314 061240.525 INFO             PET0 PIOc_sync Enter - MemInfo: [/proc/self/status]	VmRSSPercent: 0.0434702 %
20220314 061240.525 INFO             PET0 PIOc_sync Enter - MemInfo: [malloc] Non-mmapped space allocated:                20561920 Byte
20220314 061240.525 INFO             PET0 PIOc_sync Enter - MemInfo: [malloc] Space allocated in mmapped regions:          1581056 Byte
20220314 061240.525 INFO             PET0 PIOc_sync Enter - MemInfo: [malloc] Maximum total allocated space:                     0 Byte
20220314 061240.525 INFO             PET0 PIOc_sync Enter - MemInfo: [malloc] Space in freed fastbin blocks:                  2128 Byte
20220314 061240.525 INFO             PET0 PIOc_sync Enter - MemInfo: [malloc] Total allocated space:                      19938768 Byte
20220314 061240.525 INFO             PET0 PIOc_sync Enter - MemInfo: [malloc] Total free space:                             623152 Byte
20220314 061240.525 INFO             PET0 PIOc_sync Enter - MemInfo: [malloc] Top-most, releasable space:                   132080 Byte
20220314 061240.525 INFO             PET0 PIOc_sync Enter - MemInfo: [malloc] Total space in use, mmap + non-mmap:        21519824 Byte
20220314 061240.525 INFO             PET0 PIOc_sync Enter - MemInfo: [malloc] Total space held (mmap + non-mmap):         22142976 Byte
20220314 061240.525 INFO             PET0 PIOc_sync Enter - MemInfo: [malloc] Total space used (mmap + non-mmap):         21529152 Byte
20220314 061240.525 INFO             PET0 PIOc_sync Enter - MemInfo: Wall-clock time since execution start:              0.0278046 seconds
20220314 061240.525 INFO             PET0 PIOc_sync Exit - MemInfo: [/proc/meminfo - SSI]	MemTotal:       65507008 kB
20220314 061240.525 INFO             PET0 PIOc_sync Exit - MemInfo: [/proc/meminfo - SSI]	MemFree:        49882968 kB
20220314 061240.525 INFO             PET0 PIOc_sync Exit - MemInfo: [/proc/meminfo - SSI]	MemAvailable:   49641568 kB
20220314 061240.525 INFO             PET0 PIOc_sync Exit - MemInfo: [/proc/meminfo - SSI]	Committed_AS:   12939120 kB
20220314 061240.525 INFO             PET0 PIOc_sync Exit - MemInfo: [/proc/meminfo - SSI]	CommittedPercent: 19.7523 %
20220314 061240.525 INFO             PET0 PIOc_sync Exit - MemInfo: [/proc/self/status]	VmPeak:	  528768 kB
20220314 061240.525 INFO             PET0 PIOc_sync Exit - MemInfo: [/proc/self/status]	VmSize:	  520580 kB
20220314 061240.525 INFO             PET0 PIOc_sync Exit - MemInfo: [/proc/self/status]	VmLck:	       0 kB
20220314 061240.525 INFO             PET0 PIOc_sync Exit - MemInfo: [/proc/self/status]	VmPin:	       0 kB
20220314 061240.525 INFO             PET0 PIOc_sync Exit - MemInfo: [/proc/self/status]	VmHWM:	   61376 kB
20220314 061240.525 INFO             PET0 PIOc_sync Exit - MemInfo: [/proc/self/status]	VmRSS:	   28476 kB
20220314 061240.525 INFO             PET0 PIOc_sync Exit - MemInfo: [/proc/self/status]	VmData:	   32060 kB
20220314 061240.525 INFO             PET0 PIOc_sync Exit - MemInfo: [/proc/self/status]	VmStk:	     148 kB
20220314 061240.525 INFO             PET0 PIOc_sync Exit - MemInfo: [/proc/self/status]	VmExe:	     208 kB
20220314 061240.525 INFO             PET0 PIOc_sync Exit - MemInfo: [/proc/self/status]	VmLib:	   49028 kB
20220314 061240.525 INFO             PET0 PIOc_sync Exit - MemInfo: [/proc/self/status]	VmPTE:	     760 kB
20220314 061240.525 INFO             PET0 PIOc_sync Exit - MemInfo: [/proc/self/status]	VmPMD:	      12 kB
20220314 061240.525 INFO             PET0 PIOc_sync Exit - MemInfo: [/proc/self/status]	VmSwap:	       0 kB
20220314 061240.525 INFO             PET0 PIOc_sync Exit - MemInfo: [/proc/self/status]	VmRSSPercent: 0.0434702 %
20220314 061240.525 INFO             PET0 PIOc_sync Exit - MemInfo: [malloc] Non-mmapped space allocated:                20561920 Byte
20220314 061240.525 INFO             PET0 PIOc_sync Exit - MemInfo: [malloc] Space allocated in mmapped regions:          1581056 Byte
20220314 061240.525 INFO             PET0 PIOc_sync Exit - MemInfo: [malloc] Maximum total allocated space:                     0 Byte
20220314 061240.525 INFO             PET0 PIOc_sync Exit - MemInfo: [malloc] Space in freed fastbin blocks:                  1344 Byte
20220314 061240.525 INFO             PET0 PIOc_sync Exit - MemInfo: [malloc] Total allocated space:                      19941584 Byte
20220314 061240.525 INFO             PET0 PIOc_sync Exit - MemInfo: [malloc] Total free space:                             620336 Byte
20220314 061240.525 INFO             PET0 PIOc_sync Exit - MemInfo: [malloc] Top-most, releasable space:                   132080 Byte
20220314 061240.525 INFO             PET0 PIOc_sync Exit - MemInfo: [malloc] Total space in use, mmap + non-mmap:        21522640 Byte
20220314 061240.525 INFO             PET0 PIOc_sync Exit - MemInfo: [malloc] Total space held (mmap + non-mmap):         22142976 Byte
20220314 061240.525 INFO             PET0 PIOc_sync Exit - MemInfo: [malloc] Total space used (mmap + non-mmap):         21531968 Byte
20220314 061240.525 INFO             PET0 PIOc_sync Exit - MemInfo: Wall-clock time since execution start:              0.0282748 seconds
20220314 061240.525 INFO             PET0 PIOc_freedecomp Enter - MemInfo: [/proc/meminfo - SSI]	MemTotal:       65507008 kB
20220314 061240.525 INFO             PET0 PIOc_freedecomp Enter - MemInfo: [/proc/meminfo - SSI]	MemFree:        49882968 kB
20220314 061240.525 INFO             PET0 PIOc_freedecomp Enter - MemInfo: [/proc/meminfo - SSI]	MemAvailable:   49641568 kB
20220314 061240.525 INFO             PET0 PIOc_freedecomp Enter - MemInfo: [/proc/meminfo - SSI]	Committed_AS:   12939120 kB
20220314 061240.525 INFO             PET0 PIOc_freedecomp Enter - MemInfo: [/proc/meminfo - SSI]	CommittedPercent: 19.7523 %
20220314 061240.525 INFO             PET0 PIOc_freedecomp Enter - MemInfo: [/proc/self/status]	VmPeak:	  528768 kB
20220314 061240.525 INFO             PET0 PIOc_freedecomp Enter - MemInfo: [/proc/self/status]	VmSize:	  520580 kB
20220314 061240.525 INFO             PET0 PIOc_freedecomp Enter - MemInfo: [/proc/self/status]	VmLck:	       0 kB
20220314 061240.525 INFO             PET0 PIOc_freedecomp Enter - MemInfo: [/proc/self/status]	VmPin:	       0 kB
20220314 061240.525 INFO             PET0 PIOc_freedecomp Enter - MemInfo: [/proc/self/status]	VmHWM:	   61376 kB
20220314 061240.526 INFO             PET0 PIOc_freedecomp Enter - MemInfo: [/proc/self/status]	VmRSS:	   28476 kB
20220314 061240.526 INFO             PET0 PIOc_freedecomp Enter - MemInfo: [/proc/self/status]	VmData:	   32060 kB
20220314 061240.526 INFO             PET0 PIOc_freedecomp Enter - MemInfo: [/proc/self/status]	VmStk:	     148 kB
20220314 061240.526 INFO             PET0 PIOc_freedecomp Enter - MemInfo: [/proc/self/status]	VmExe:	     208 kB
20220314 061240.526 INFO             PET0 PIOc_freedecomp Enter - MemInfo: [/proc/self/status]	VmLib:	   49028 kB
20220314 061240.526 INFO             PET0 PIOc_freedecomp Enter - MemInfo: [/proc/self/status]	VmPTE:	     760 kB
20220314 061240.526 INFO             PET0 PIOc_freedecomp Enter - MemInfo: [/proc/self/status]	VmPMD:	      12 kB
20220314 061240.526 INFO             PET0 PIOc_freedecomp Enter - MemInfo: [/proc/self/status]	VmSwap:	       0 kB
20220314 061240.526 INFO             PET0 PIOc_freedecomp Enter - MemInfo: [/proc/self/status]	VmRSSPercent: 0.0434702 %
20220314 061240.526 INFO             PET0 PIOc_freedecomp Enter - MemInfo: [malloc] Non-mmapped space allocated:                20561920 Byte
20220314 061240.526 INFO             PET0 PIOc_freedecomp Enter - MemInfo: [malloc] Space allocated in mmapped regions:          1581056 Byte
20220314 061240.526 INFO             PET0 PIOc_freedecomp Enter - MemInfo: [malloc] Maximum total allocated space:                     0 Byte
20220314 061240.526 INFO             PET0 PIOc_freedecomp Enter - MemInfo: [malloc] Space in freed fastbin blocks:                  1648 Byte
20220314 061240.526 INFO             PET0 PIOc_freedecomp Enter - MemInfo: [malloc] Total allocated space:                       2626064 Byte
20220314 061240.526 INFO             PET0 PIOc_freedecomp Enter - MemInfo: [malloc] Total free space:                           17935856 Byte
20220314 061240.526 INFO             PET0 PIOc_freedecomp Enter - MemInfo: [malloc] Top-most, releasable space:                 17433616 Byte
20220314 061240.526 INFO             PET0 PIOc_freedecomp Enter - MemInfo: [malloc] Total space in use, mmap + non-mmap:         4207120 Byte
20220314 061240.526 INFO             PET0 PIOc_freedecomp Enter - MemInfo: [malloc] Total space held (mmap + non-mmap):         22142976 Byte
20220314 061240.526 INFO             PET0 PIOc_freedecomp Enter - MemInfo: [malloc] Total space used (mmap + non-mmap):          4216448 Byte
20220314 061240.526 INFO             PET0 PIOc_freedecomp Enter - MemInfo: Wall-clock time since execution start:              0.0286357 seconds
20220314 061240.526 INFO             PET0 PIOc_freedecomp Exit - MemInfo: [/proc/meminfo - SSI]	MemTotal:       65507008 kB
20220314 061240.526 INFO             PET0 PIOc_freedecomp Exit - MemInfo: [/proc/meminfo - SSI]	MemFree:        49882968 kB
20220314 061240.526 INFO             PET0 PIOc_freedecomp Exit - MemInfo: [/proc/meminfo - SSI]	MemAvailable:   49641568 kB
20220314 061240.526 INFO             PET0 PIOc_freedecomp Exit - MemInfo: [/proc/meminfo - SSI]	Committed_AS:   12939120 kB
20220314 061240.526 INFO             PET0 PIOc_freedecomp Exit - MemInfo: [/proc/meminfo - SSI]	CommittedPercent: 19.7523 %
20220314 061240.526 INFO             PET0 PIOc_freedecomp Exit - MemInfo: [/proc/self/status]	VmPeak:	  528768 kB
20220314 061240.526 INFO             PET0 PIOc_freedecomp Exit - MemInfo: [/proc/self/status]	VmSize:	  520580 kB
20220314 061240.526 INFO             PET0 PIOc_freedecomp Exit - MemInfo: [/proc/self/status]	VmLck:	       0 kB
20220314 061240.526 INFO             PET0 PIOc_freedecomp Exit - MemInfo: [/proc/self/status]	VmPin:	       0 kB
20220314 061240.526 INFO             PET0 PIOc_freedecomp Exit - MemInfo: [/proc/self/status]	VmHWM:	   61376 kB
20220314 061240.526 INFO             PET0 PIOc_freedecomp Exit - MemInfo: [/proc/self/status]	VmRSS:	   28476 kB
20220314 061240.526 INFO             PET0 PIOc_freedecomp Exit - MemInfo: [/proc/self/status]	VmData:	   32060 kB
20220314 061240.526 INFO             PET0 PIOc_freedecomp Exit - MemInfo: [/proc/self/status]	VmStk:	     148 kB
20220314 061240.526 INFO             PET0 PIOc_freedecomp Exit - MemInfo: [/proc/self/status]	VmExe:	     208 kB
20220314 061240.526 INFO             PET0 PIOc_freedecomp Exit - MemInfo: [/proc/self/status]	VmLib:	   49028 kB
20220314 061240.526 INFO             PET0 PIOc_freedecomp Exit - MemInfo: [/proc/self/status]	VmPTE:	     760 kB
20220314 061240.526 INFO             PET0 PIOc_freedecomp Exit - MemInfo: [/proc/self/status]	VmPMD:	      12 kB
20220314 061240.526 INFO             PET0 PIOc_freedecomp Exit - MemInfo: [/proc/self/status]	VmSwap:	       0 kB
20220314 061240.526 INFO             PET0 PIOc_freedecomp Exit - MemInfo: [/proc/self/status]	VmRSSPercent: 0.0434702 %
20220314 061240.526 INFO             PET0 PIOc_freedecomp Exit - MemInfo: [malloc] Non-mmapped space allocated:                20561920 Byte
20220314 061240.526 INFO             PET0 PIOc_freedecomp Exit - MemInfo: [malloc] Space allocated in mmapped regions:          1581056 Byte
20220314 061240.526 INFO             PET0 PIOc_freedecomp Exit - MemInfo: [malloc] Maximum total allocated space:                     0 Byte
20220314 061240.526 INFO             PET0 PIOc_freedecomp Exit - MemInfo: [malloc] Space in freed fastbin blocks:                  3360 Byte
20220314 061240.526 INFO             PET0 PIOc_freedecomp Exit - MemInfo: [malloc] Total allocated space:                       2620928 Byte
20220314 061240.526 INFO             PET0 PIOc_freedecomp Exit - MemInfo: [malloc] Total free space:                           17940992 Byte
20220314 061240.526 INFO             PET0 PIOc_freedecomp Exit - MemInfo: [malloc] Top-most, releasable space:                 17433616 Byte
20220314 061240.526 INFO             PET0 PIOc_freedecomp Exit - MemInfo: [malloc] Total space in use, mmap + non-mmap:         4201984 Byte
20220314 061240.526 INFO             PET0 PIOc_freedecomp Exit - MemInfo: [malloc] Total space held (mmap + non-mmap):         22142976 Byte
20220314 061240.526 INFO             PET0 PIOc_freedecomp Exit - MemInfo: [malloc] Total space used (mmap + non-mmap):          4211312 Byte
20220314 061240.526 INFO             PET0 PIOc_freedecomp Exit - MemInfo: Wall-clock time since execution start:              0.0289692 seconds
20220314 061240.526 INFO             PET0  PASS  ESMF_OutputWeightFile, ESMF_IOUTest.F90, line 81
20220314 061240.532 INFO             PET0  PASS  call ESMF_OutputWeightFile with empty factor list on four PETs, ESMF_IOUTest.F90, line 191
20220314 061240.532 INFO             PET0  Ending Test, file ESMF_IOUTest.F90, line 201
20220314 061240.532 INFO             PET0 Finalizing ESMF
20220314 061240.499 INFO             PET1 !!!!!!!!!!!!!!!!!!!!!!!!!!!!!!!!!!!!!!!!!!!!!!!!!!!!!!
20220314 061240.499 INFO             PET1 !!! THE ESMF_LOG IS SET TO OUTPUT ALL LOG MESSAGES !!!
20220314 061240.499 INFO             PET1 !!!     THIS MAY CAUSE SLOWDOWN IN PERFORMANCE     !!!
20220314 061240.499 INFO             PET1 !!! FOR PRODUCTION RUNS, USE:                      !!!
20220314 061240.499 INFO             PET1 !!!                   ESMF_LOGKIND_Multi_On_Error  !!!
20220314 061240.499 INFO             PET1 !!!!!!!!!!!!!!!!!!!!!!!!!!!!!!!!!!!!!!!!!!!!!!!!!!!!!!
20220314 061240.499 INFO             PET1 Running with ESMF Version   : v8.3.0b09-96-g559b459836
20220314 061240.499 INFO             PET1 ESMF library build date/time: "Mar 14 2022" "05:58:16"
20220314 061240.499 INFO             PET1 ESMF library build location : /glade/scratch/rlong/esmf-testing/gfortran_7.4.0_openmpi_O_jedwards_pio_update2
20220314 061240.499 INFO             PET1 ESMF_COMM                   : openmpi
20220314 061240.499 INFO             PET1 ESMF_MOAB                   : enabled
20220314 061240.499 INFO             PET1 ESMF_LAPACK                 : enabled
20220314 061240.499 INFO             PET1 ESMF_NETCDF                 : enabled
20220314 061240.499 INFO             PET1 ESMF_PNETCDF                : disabled
20220314 061240.499 INFO             PET1 ESMF_PIO                    : enabled
20220314 061240.499 INFO             PET1 ESMF_YAMLCPP                : enabled
20220314 061240.500 INFO             PET1  Beginning Test, file ESMF_IOUTest.F90, line 57
20220314 061240.500 INFO             PET1  NUMBER_OF_PROCESSORS           4
20220314 061240.500 INFO             PET1 Starting Test:  ESMF_OutputWeightFile
20220314 061240.511 INFO             PET1 PIOc_sync Enter - MemInfo: [/proc/meminfo - SSI]	MemTotal:       65507008 kB
20220314 061240.511 INFO             PET1 PIOc_sync Enter - MemInfo: [/proc/meminfo - SSI]	MemFree:        49875392 kB
20220314 061240.511 INFO             PET1 PIOc_sync Enter - MemInfo: [/proc/meminfo - SSI]	MemAvailable:   49633992 kB
20220314 061240.511 INFO             PET1 PIOc_sync Enter - MemInfo: [/proc/meminfo - SSI]	Committed_AS:   12939128 kB
20220314 061240.511 INFO             PET1 PIOc_sync Enter - MemInfo: [/proc/meminfo - SSI]	CommittedPercent: 19.7523 %
20220314 061240.511 INFO             PET1 PIOc_sync Enter - MemInfo: [/proc/self/status]	VmPeak:	  503684 kB
20220314 061240.511 INFO             PET1 PIOc_sync Enter - MemInfo: [/proc/self/status]	VmSize:	  503684 kB
20220314 061240.511 INFO             PET1 PIOc_sync Enter - MemInfo: [/proc/self/status]	VmLck:	       0 kB
20220314 061240.511 INFO             PET1 PIOc_sync Enter - MemInfo: [/proc/self/status]	VmPin:	       0 kB
20220314 061240.511 INFO             PET1 PIOc_sync Enter - MemInfo: [/proc/self/status]	VmHWM:	   61368 kB
20220314 061240.511 INFO             PET1 PIOc_sync Enter - MemInfo: [/proc/self/status]	VmRSS:	   18440 kB
20220314 061240.511 INFO             PET1 PIOc_sync Enter - MemInfo: [/proc/self/status]	VmData:	   15164 kB
20220314 061240.511 INFO             PET1 PIOc_sync Enter - MemInfo: [/proc/self/status]	VmStk:	     148 kB
20220314 061240.511 INFO             PET1 PIOc_sync Enter - MemInfo: [/proc/self/status]	VmExe:	     208 kB
20220314 061240.511 INFO             PET1 PIOc_sync Enter - MemInfo: [/proc/self/status]	VmLib:	   49028 kB
20220314 061240.511 INFO             PET1 PIOc_sync Enter - MemInfo: [/proc/self/status]	VmPTE:	     736 kB
20220314 061240.511 INFO             PET1 PIOc_sync Enter - MemInfo: [/proc/self/status]	VmPMD:	      12 kB
20220314 061240.511 INFO             PET1 PIOc_sync Enter - MemInfo: [/proc/self/status]	VmSwap:	       0 kB
20220314 061240.512 INFO             PET1 PIOc_sync Enter - MemInfo: [/proc/self/status]	VmRSSPercent: 0.0281497 %
20220314 061240.512 INFO             PET1 PIOc_sync Enter - MemInfo: [malloc] Non-mmapped space allocated:                 3260416 Byte
20220314 061240.515 INFO             PET1 PIOc_sync Enter - MemInfo: [malloc] Space allocated in mmapped regions:          1581056 Byte
20220314 061240.515 INFO             PET1 PIOc_sync Enter - MemInfo: [malloc] Maximum total allocated space:                     0 Byte
20220314 061240.515 INFO             PET1 PIOc_sync Enter - MemInfo: [malloc] Space in freed fastbin blocks:                  1072 Byte
20220314 061240.515 INFO             PET1 PIOc_sync Enter - MemInfo: [malloc] Total allocated space:                       2368480 Byte
20220314 061240.515 INFO             PET1 PIOc_sync Enter - MemInfo: [malloc] Total free space:                             891936 Byte
20220314 061240.515 INFO             PET1 PIOc_sync Enter - MemInfo: [malloc] Top-most, releasable space:                   132304 Byte
20220314 061240.515 INFO             PET1 PIOc_sync Enter - MemInfo: [malloc] Total space in use, mmap + non-mmap:         3949536 Byte
20220314 061240.515 INFO             PET1 PIOc_sync Enter - MemInfo: [malloc] Total space held (mmap + non-mmap):          4841472 Byte
20220314 061240.515 INFO             PET1 PIOc_sync Enter - MemInfo: [malloc] Total space used (mmap + non-mmap):          3958864 Byte
20220314 061240.515 INFO             PET1 PIOc_sync Enter - MemInfo: Wall-clock time since execution start:              0.0180362 seconds
20220314 061240.516 INFO             PET1 PIOc_sync Exit - MemInfo: [/proc/meminfo - SSI]	MemTotal:       65507008 kB
20220314 061240.516 INFO             PET1 PIOc_sync Exit - MemInfo: [/proc/meminfo - SSI]	MemFree:        49875392 kB
20220314 061240.516 INFO             PET1 PIOc_sync Exit - MemInfo: [/proc/meminfo - SSI]	MemAvailable:   49633992 kB
20220314 061240.516 INFO             PET1 PIOc_sync Exit - MemInfo: [/proc/meminfo - SSI]	Committed_AS:   12939128 kB
20220314 061240.516 INFO             PET1 PIOc_sync Exit - MemInfo: [/proc/meminfo - SSI]	CommittedPercent: 19.7523 %
20220314 061240.516 INFO             PET1 PIOc_sync Exit - MemInfo: [/proc/self/status]	VmPeak:	  503684 kB
20220314 061240.516 INFO             PET1 PIOc_sync Exit - MemInfo: [/proc/self/status]	VmSize:	  503684 kB
20220314 061240.516 INFO             PET1 PIOc_sync Exit - MemInfo: [/proc/self/status]	VmLck:	       0 kB
20220314 061240.516 INFO             PET1 PIOc_sync Exit - MemInfo: [/proc/self/status]	VmPin:	       0 kB
20220314 061240.516 INFO             PET1 PIOc_sync Exit - MemInfo: [/proc/self/status]	VmHWM:	   61368 kB
20220314 061240.516 INFO             PET1 PIOc_sync Exit - MemInfo: [/proc/self/status]	VmRSS:	   18540 kB
20220314 061240.516 INFO             PET1 PIOc_sync Exit - MemInfo: [/proc/self/status]	VmData:	   15164 kB
20220314 061240.516 INFO             PET1 PIOc_sync Exit - MemInfo: [/proc/self/status]	VmStk:	     148 kB
20220314 061240.516 INFO             PET1 PIOc_sync Exit - MemInfo: [/proc/self/status]	VmExe:	     208 kB
20220314 061240.516 INFO             PET1 PIOc_sync Exit - MemInfo: [/proc/self/status]	VmLib:	   49028 kB
20220314 061240.516 INFO             PET1 PIOc_sync Exit - MemInfo: [/proc/self/status]	VmPTE:	     736 kB
20220314 061240.516 INFO             PET1 PIOc_sync Exit - MemInfo: [/proc/self/status]	VmPMD:	      12 kB
20220314 061240.516 INFO             PET1 PIOc_sync Exit - MemInfo: [/proc/self/status]	VmSwap:	       0 kB
20220314 061240.516 INFO             PET1 PIOc_sync Exit - MemInfo: [/proc/self/status]	VmRSSPercent: 0.0283023 %
20220314 061240.516 INFO             PET1 PIOc_sync Exit - MemInfo: [malloc] Non-mmapped space allocated:                 3260416 Byte
20220314 061240.516 INFO             PET1 PIOc_sync Exit - MemInfo: [malloc] Space allocated in mmapped regions:          1581056 Byte
20220314 061240.516 INFO             PET1 PIOc_sync Exit - MemInfo: [malloc] Maximum total allocated space:                     0 Byte
20220314 061240.516 INFO             PET1 PIOc_sync Exit - MemInfo: [malloc] Space in freed fastbin blocks:                  1296 Byte
20220314 061240.516 INFO             PET1 PIOc_sync Exit - MemInfo: [malloc] Total allocated space:                       2368336 Byte
20220314 061240.516 INFO             PET1 PIOc_sync Exit - MemInfo: [malloc] Total free space:                             892080 Byte
20220314 061240.516 INFO             PET1 PIOc_sync Exit - MemInfo: [malloc] Top-most, releasable space:                   132304 Byte
20220314 061240.516 INFO             PET1 PIOc_sync Exit - MemInfo: [malloc] Total space in use, mmap + non-mmap:         3949392 Byte
20220314 061240.516 INFO             PET1 PIOc_sync Exit - MemInfo: [malloc] Total space held (mmap + non-mmap):          4841472 Byte
20220314 061240.516 INFO             PET1 PIOc_sync Exit - MemInfo: [malloc] Total space used (mmap + non-mmap):          3958720 Byte
20220314 061240.516 INFO             PET1 PIOc_sync Exit - MemInfo: Wall-clock time since execution start:                0.01855 seconds
20220314 061240.517 INFO             PET1 PIOc_freedecomp Enter - MemInfo: [/proc/meminfo - SSI]	MemTotal:       65507008 kB
20220314 061240.517 INFO             PET1 PIOc_freedecomp Enter - MemInfo: [/proc/meminfo - SSI]	MemFree:        49890512 kB
20220314 061240.517 INFO             PET1 PIOc_freedecomp Enter - MemInfo: [/proc/meminfo - SSI]	MemAvailable:   49649112 kB
20220314 061240.517 INFO             PET1 PIOc_freedecomp Enter - MemInfo: [/proc/meminfo - SSI]	Committed_AS:   12922740 kB
20220314 061240.517 INFO             PET1 PIOc_freedecomp Enter - MemInfo: [/proc/meminfo - SSI]	CommittedPercent: 19.7273 %
20220314 061240.517 INFO             PET1 PIOc_freedecomp Enter - MemInfo: [/proc/self/status]	VmPeak:	  503684 kB
20220314 061240.517 INFO             PET1 PIOc_freedecomp Enter - MemInfo: [/proc/self/status]	VmSize:	  503684 kB
20220314 061240.517 INFO             PET1 PIOc_freedecomp Enter - MemInfo: [/proc/self/status]	VmLck:	       0 kB
20220314 061240.517 INFO             PET1 PIOc_freedecomp Enter - MemInfo: [/proc/self/status]	VmPin:	       0 kB
20220314 061240.517 INFO             PET1 PIOc_freedecomp Enter - MemInfo: [/proc/self/status]	VmHWM:	   61368 kB
20220314 061240.517 INFO             PET1 PIOc_freedecomp Enter - MemInfo: [/proc/self/status]	VmRSS:	   18540 kB
20220314 061240.517 INFO             PET1 PIOc_freedecomp Enter - MemInfo: [/proc/self/status]	VmData:	   15164 kB
20220314 061240.517 INFO             PET1 PIOc_freedecomp Enter - MemInfo: [/proc/self/status]	VmStk:	     148 kB
20220314 061240.517 INFO             PET1 PIOc_freedecomp Enter - MemInfo: [/proc/self/status]	VmExe:	     208 kB
20220314 061240.517 INFO             PET1 PIOc_freedecomp Enter - MemInfo: [/proc/self/status]	VmLib:	   49028 kB
20220314 061240.517 INFO             PET1 PIOc_freedecomp Enter - MemInfo: [/proc/self/status]	VmPTE:	     736 kB
20220314 061240.517 INFO             PET1 PIOc_freedecomp Enter - MemInfo: [/proc/self/status]	VmPMD:	      12 kB
20220314 061240.517 INFO             PET1 PIOc_freedecomp Enter - MemInfo: [/proc/self/status]	VmSwap:	       0 kB
20220314 061240.517 INFO             PET1 PIOc_freedecomp Enter - MemInfo: [/proc/self/status]	VmRSSPercent: 0.0283023 %
20220314 061240.517 INFO             PET1 PIOc_freedecomp Enter - MemInfo: [malloc] Non-mmapped space allocated:                 3260416 Byte
20220314 061240.517 INFO             PET1 PIOc_freedecomp Enter - MemInfo: [malloc] Space allocated in mmapped regions:          1581056 Byte
20220314 061240.517 INFO             PET1 PIOc_freedecomp Enter - MemInfo: [malloc] Maximum total allocated space:                     0 Byte
20220314 061240.517 INFO             PET1 PIOc_freedecomp Enter - MemInfo: [malloc] Space in freed fastbin blocks:                  1536 Byte
20220314 061240.517 INFO             PET1 PIOc_freedecomp Enter - MemInfo: [malloc] Total allocated space:                       2366704 Byte
20220314 061240.517 INFO             PET1 PIOc_freedecomp Enter - MemInfo: [malloc] Total free space:                             893712 Byte
20220314 061240.517 INFO             PET1 PIOc_freedecomp Enter - MemInfo: [malloc] Top-most, releasable space:                   132304 Byte
20220314 061240.517 INFO             PET1 PIOc_freedecomp Enter - MemInfo: [malloc] Total space in use, mmap + non-mmap:         3947760 Byte
20220314 061240.517 INFO             PET1 PIOc_freedecomp Enter - MemInfo: [malloc] Total space held (mmap + non-mmap):          4841472 Byte
20220314 061240.517 INFO             PET1 PIOc_freedecomp Enter - MemInfo: [malloc] Total space used (mmap + non-mmap):          3957088 Byte
20220314 061240.517 INFO             PET1 PIOc_freedecomp Enter - MemInfo: Wall-clock time since execution start:              0.0198105 seconds
20220314 061240.517 INFO             PET1 PIOc_freedecomp Exit - MemInfo: [/proc/meminfo - SSI]	MemTotal:       65507008 kB
20220314 061240.517 INFO             PET1 PIOc_freedecomp Exit - MemInfo: [/proc/meminfo - SSI]	MemFree:        49890512 kB
20220314 061240.517 INFO             PET1 PIOc_freedecomp Exit - MemInfo: [/proc/meminfo - SSI]	MemAvailable:   49649112 kB
20220314 061240.517 INFO             PET1 PIOc_freedecomp Exit - MemInfo: [/proc/meminfo - SSI]	Committed_AS:   12922740 kB
20220314 061240.517 INFO             PET1 PIOc_freedecomp Exit - MemInfo: [/proc/meminfo - SSI]	CommittedPercent: 19.7273 %
20220314 061240.517 INFO             PET1 PIOc_freedecomp Exit - MemInfo: [/proc/self/status]	VmPeak:	  503684 kB
20220314 061240.517 INFO             PET1 PIOc_freedecomp Exit - MemInfo: [/proc/self/status]	VmSize:	  503684 kB
20220314 061240.517 INFO             PET1 PIOc_freedecomp Exit - MemInfo: [/proc/self/status]	VmLck:	       0 kB
20220314 061240.517 INFO             PET1 PIOc_freedecomp Exit - MemInfo: [/proc/self/status]	VmPin:	       0 kB
20220314 061240.517 INFO             PET1 PIOc_freedecomp Exit - MemInfo: [/proc/self/status]	VmHWM:	   61368 kB
20220314 061240.517 INFO             PET1 PIOc_freedecomp Exit - MemInfo: [/proc/self/status]	VmRSS:	   18540 kB
20220314 061240.517 INFO             PET1 PIOc_freedecomp Exit - MemInfo: [/proc/self/status]	VmData:	   15164 kB
20220314 061240.517 INFO             PET1 PIOc_freedecomp Exit - MemInfo: [/proc/self/status]	VmStk:	     148 kB
20220314 061240.517 INFO             PET1 PIOc_freedecomp Exit - MemInfo: [/proc/self/status]	VmExe:	     208 kB
20220314 061240.517 INFO             PET1 PIOc_freedecomp Exit - MemInfo: [/proc/self/status]	VmLib:	   49028 kB
20220314 061240.517 INFO             PET1 PIOc_freedecomp Exit - MemInfo: [/proc/self/status]	VmPTE:	     736 kB
20220314 061240.517 INFO             PET1 PIOc_freedecomp Exit - MemInfo: [/proc/self/status]	VmPMD:	      12 kB
20220314 061240.517 INFO             PET1 PIOc_freedecomp Exit - MemInfo: [/proc/self/status]	VmSwap:	       0 kB
20220314 061240.517 INFO             PET1 PIOc_freedecomp Exit - MemInfo: [/proc/self/status]	VmRSSPercent: 0.0283023 %
20220314 061240.517 INFO             PET1 PIOc_freedecomp Exit - MemInfo: [malloc] Non-mmapped space allocated:                 3260416 Byte
20220314 061240.517 INFO             PET1 PIOc_freedecomp Exit - MemInfo: [malloc] Space allocated in mmapped regions:          1581056 Byte
20220314 061240.517 INFO             PET1 PIOc_freedecomp Exit - MemInfo: [malloc] Maximum total allocated space:                     0 Byte
20220314 061240.517 INFO             PET1 PIOc_freedecomp Exit - MemInfo: [malloc] Space in freed fastbin blocks:                  1936 Byte
20220314 061240.517 INFO             PET1 PIOc_freedecomp Exit - MemInfo: [malloc] Total allocated space:                       2364640 Byte
20220314 061240.517 INFO             PET1 PIOc_freedecomp Exit - MemInfo: [malloc] Total free space:                             895776 Byte
20220314 061240.517 INFO             PET1 PIOc_freedecomp Exit - MemInfo: [malloc] Top-most, releasable space:                   132304 Byte
20220314 061240.517 INFO             PET1 PIOc_freedecomp Exit - MemInfo: [malloc] Total space in use, mmap + non-mmap:         3945696 Byte
20220314 061240.517 INFO             PET1 PIOc_freedecomp Exit - MemInfo: [malloc] Total space held (mmap + non-mmap):          4841472 Byte
20220314 061240.517 INFO             PET1 PIOc_freedecomp Exit - MemInfo: [malloc] Total space used (mmap + non-mmap):          3955024 Byte
20220314 061240.517 INFO             PET1 PIOc_freedecomp Exit - MemInfo: Wall-clock time since execution start:              0.0201566 seconds
20220314 061240.522 INFO             PET1 PIOc_sync Enter - MemInfo: [/proc/meminfo - SSI]	MemTotal:       65507008 kB
20220314 061240.522 INFO             PET1 PIOc_sync Enter - MemInfo: [/proc/meminfo - SSI]	MemFree:        49883456 kB
20220314 061240.522 INFO             PET1 PIOc_sync Enter - MemInfo: [/proc/meminfo - SSI]	MemAvailable:   49642056 kB
20220314 061240.522 INFO             PET1 PIOc_sync Enter - MemInfo: [/proc/meminfo - SSI]	Committed_AS:   12939120 kB
20220314 061240.522 INFO             PET1 PIOc_sync Enter - MemInfo: [/proc/meminfo - SSI]	CommittedPercent: 19.7523 %
20220314 061240.522 INFO             PET1 PIOc_sync Enter - MemInfo: [/proc/self/status]	VmPeak:	  503684 kB
20220314 061240.522 INFO             PET1 PIOc_sync Enter - MemInfo: [/proc/self/status]	VmSize:	  503684 kB
20220314 061240.522 INFO             PET1 PIOc_sync Enter - MemInfo: [/proc/self/status]	VmLck:	       0 kB
20220314 061240.522 INFO             PET1 PIOc_sync Enter - MemInfo: [/proc/self/status]	VmPin:	       0 kB
20220314 061240.522 INFO             PET1 PIOc_sync Enter - MemInfo: [/proc/self/status]	VmHWM:	   61368 kB
20220314 061240.522 INFO             PET1 PIOc_sync Enter - MemInfo: [/proc/self/status]	VmRSS:	   18564 kB
20220314 061240.522 INFO             PET1 PIOc_sync Enter - MemInfo: [/proc/self/status]	VmData:	   15164 kB
20220314 061240.522 INFO             PET1 PIOc_sync Enter - MemInfo: [/proc/self/status]	VmStk:	     148 kB
20220314 061240.522 INFO             PET1 PIOc_sync Enter - MemInfo: [/proc/self/status]	VmExe:	     208 kB
20220314 061240.522 INFO             PET1 PIOc_sync Enter - MemInfo: [/proc/self/status]	VmLib:	   49028 kB
20220314 061240.522 INFO             PET1 PIOc_sync Enter - MemInfo: [/proc/self/status]	VmPTE:	     736 kB
20220314 061240.522 INFO             PET1 PIOc_sync Enter - MemInfo: [/proc/self/status]	VmPMD:	      12 kB
20220314 061240.522 INFO             PET1 PIOc_sync Enter - MemInfo: [/proc/self/status]	VmSwap:	       0 kB
20220314 061240.522 INFO             PET1 PIOc_sync Enter - MemInfo: [/proc/self/status]	VmRSSPercent: 0.028339 %
20220314 061240.522 INFO             PET1 PIOc_sync Enter - MemInfo: [malloc] Non-mmapped space allocated:                 3260416 Byte
20220314 061240.522 INFO             PET1 PIOc_sync Enter - MemInfo: [malloc] Space allocated in mmapped regions:          1581056 Byte
20220314 061240.522 INFO             PET1 PIOc_sync Enter - MemInfo: [malloc] Maximum total allocated space:                     0 Byte
20220314 061240.522 INFO             PET1 PIOc_sync Enter - MemInfo: [malloc] Space in freed fastbin blocks:                  1104 Byte
20220314 061240.522 INFO             PET1 PIOc_sync Enter - MemInfo: [malloc] Total allocated space:                       2426128 Byte
20220314 061240.522 INFO             PET1 PIOc_sync Enter - MemInfo: [malloc] Total free space:                             834288 Byte
20220314 061240.522 INFO             PET1 PIOc_sync Enter - MemInfo: [malloc] Top-most, releasable space:                   132304 Byte
20220314 061240.522 INFO             PET1 PIOc_sync Enter - MemInfo: [malloc] Total space in use, mmap + non-mmap:         4007184 Byte
20220314 061240.522 INFO             PET1 PIOc_sync Enter - MemInfo: [malloc] Total space held (mmap + non-mmap):          4841472 Byte
20220314 061240.522 INFO             PET1 PIOc_sync Enter - MemInfo: [malloc] Total space used (mmap + non-mmap):          4016512 Byte
20220314 061240.522 INFO             PET1 PIOc_sync Enter - MemInfo: Wall-clock time since execution start:              0.0249354 seconds
20220314 061240.522 INFO             PET1 PIOc_sync Exit - MemInfo: [/proc/meminfo - SSI]	MemTotal:       65507008 kB
20220314 061240.522 INFO             PET1 PIOc_sync Exit - MemInfo: [/proc/meminfo - SSI]	MemFree:        49883456 kB
20220314 061240.522 INFO             PET1 PIOc_sync Exit - MemInfo: [/proc/meminfo - SSI]	MemAvailable:   49642056 kB
20220314 061240.522 INFO             PET1 PIOc_sync Exit - MemInfo: [/proc/meminfo - SSI]	Committed_AS:   12939120 kB
20220314 061240.522 INFO             PET1 PIOc_sync Exit - MemInfo: [/proc/meminfo - SSI]	CommittedPercent: 19.7523 %
20220314 061240.522 INFO             PET1 PIOc_sync Exit - MemInfo: [/proc/self/status]	VmPeak:	  503684 kB
20220314 061240.522 INFO             PET1 PIOc_sync Exit - MemInfo: [/proc/self/status]	VmSize:	  503684 kB
20220314 061240.522 INFO             PET1 PIOc_sync Exit - MemInfo: [/proc/self/status]	VmLck:	       0 kB
20220314 061240.522 INFO             PET1 PIOc_sync Exit - MemInfo: [/proc/self/status]	VmPin:	       0 kB
20220314 061240.523 INFO             PET1 PIOc_sync Exit - MemInfo: [/proc/self/status]	VmHWM:	   61368 kB
20220314 061240.523 INFO             PET1 PIOc_sync Exit - MemInfo: [/proc/self/status]	VmRSS:	   18564 kB
20220314 061240.523 INFO             PET1 PIOc_sync Exit - MemInfo: [/proc/self/status]	VmData:	   15164 kB
20220314 061240.523 INFO             PET1 PIOc_sync Exit - MemInfo: [/proc/self/status]	VmStk:	     148 kB
20220314 061240.523 INFO             PET1 PIOc_sync Exit - MemInfo: [/proc/self/status]	VmExe:	     208 kB
20220314 061240.523 INFO             PET1 PIOc_sync Exit - MemInfo: [/proc/self/status]	VmLib:	   49028 kB
20220314 061240.523 INFO             PET1 PIOc_sync Exit - MemInfo: [/proc/self/status]	VmPTE:	     736 kB
20220314 061240.523 INFO             PET1 PIOc_sync Exit - MemInfo: [/proc/self/status]	VmPMD:	      12 kB
20220314 061240.523 INFO             PET1 PIOc_sync Exit - MemInfo: [/proc/self/status]	VmSwap:	       0 kB
20220314 061240.523 INFO             PET1 PIOc_sync Exit - MemInfo: [/proc/self/status]	VmRSSPercent: 0.028339 %
20220314 061240.523 INFO             PET1 PIOc_sync Exit - MemInfo: [malloc] Non-mmapped space allocated:                 3260416 Byte
20220314 061240.523 INFO             PET1 PIOc_sync Exit - MemInfo: [malloc] Space allocated in mmapped regions:          1581056 Byte
20220314 061240.523 INFO             PET1 PIOc_sync Exit - MemInfo: [malloc] Maximum total allocated space:                     0 Byte
20220314 061240.523 INFO             PET1 PIOc_sync Exit - MemInfo: [malloc] Space in freed fastbin blocks:                  1344 Byte
20220314 061240.523 INFO             PET1 PIOc_sync Exit - MemInfo: [malloc] Total allocated space:                       2426032 Byte
20220314 061240.523 INFO             PET1 PIOc_sync Exit - MemInfo: [malloc] Total free space:                             834384 Byte
20220314 061240.523 INFO             PET1 PIOc_sync Exit - MemInfo: [malloc] Top-most, releasable space:                   132304 Byte
20220314 061240.523 INFO             PET1 PIOc_sync Exit - MemInfo: [malloc] Total space in use, mmap + non-mmap:         4007088 Byte
20220314 061240.523 INFO             PET1 PIOc_sync Exit - MemInfo: [malloc] Total space held (mmap + non-mmap):          4841472 Byte
20220314 061240.523 INFO             PET1 PIOc_sync Exit - MemInfo: [malloc] Total space used (mmap + non-mmap):          4016416 Byte
20220314 061240.523 INFO             PET1 PIOc_sync Exit - MemInfo: Wall-clock time since execution start:              0.0253937 seconds
20220314 061240.523 INFO             PET1 PIOc_freedecomp Enter - MemInfo: [/proc/meminfo - SSI]	MemTotal:       65507008 kB
20220314 061240.523 INFO             PET1 PIOc_freedecomp Enter - MemInfo: [/proc/meminfo - SSI]	MemFree:        49883456 kB
20220314 061240.523 INFO             PET1 PIOc_freedecomp Enter - MemInfo: [/proc/meminfo - SSI]	MemAvailable:   49642056 kB
20220314 061240.523 INFO             PET1 PIOc_freedecomp Enter - MemInfo: [/proc/meminfo - SSI]	Committed_AS:   12939120 kB
20220314 061240.523 INFO             PET1 PIOc_freedecomp Enter - MemInfo: [/proc/meminfo - SSI]	CommittedPercent: 19.7523 %
20220314 061240.523 INFO             PET1 PIOc_freedecomp Enter - MemInfo: [/proc/self/status]	VmPeak:	  503684 kB
20220314 061240.523 INFO             PET1 PIOc_freedecomp Enter - MemInfo: [/proc/self/status]	VmSize:	  503684 kB
20220314 061240.523 INFO             PET1 PIOc_freedecomp Enter - MemInfo: [/proc/self/status]	VmLck:	       0 kB
20220314 061240.523 INFO             PET1 PIOc_freedecomp Enter - MemInfo: [/proc/self/status]	VmPin:	       0 kB
20220314 061240.523 INFO             PET1 PIOc_freedecomp Enter - MemInfo: [/proc/self/status]	VmHWM:	   61368 kB
20220314 061240.523 INFO             PET1 PIOc_freedecomp Enter - MemInfo: [/proc/self/status]	VmRSS:	   18564 kB
20220314 061240.523 INFO             PET1 PIOc_freedecomp Enter - MemInfo: [/proc/self/status]	VmData:	   15164 kB
20220314 061240.523 INFO             PET1 PIOc_freedecomp Enter - MemInfo: [/proc/self/status]	VmStk:	     148 kB
20220314 061240.523 INFO             PET1 PIOc_freedecomp Enter - MemInfo: [/proc/self/status]	VmExe:	     208 kB
20220314 061240.523 INFO             PET1 PIOc_freedecomp Enter - MemInfo: [/proc/self/status]	VmLib:	   49028 kB
20220314 061240.523 INFO             PET1 PIOc_freedecomp Enter - MemInfo: [/proc/self/status]	VmPTE:	     736 kB
20220314 061240.523 INFO             PET1 PIOc_freedecomp Enter - MemInfo: [/proc/self/status]	VmPMD:	      12 kB
20220314 061240.523 INFO             PET1 PIOc_freedecomp Enter - MemInfo: [/proc/self/status]	VmSwap:	       0 kB
20220314 061240.523 INFO             PET1 PIOc_freedecomp Enter - MemInfo: [/proc/self/status]	VmRSSPercent: 0.028339 %
20220314 061240.523 INFO             PET1 PIOc_freedecomp Enter - MemInfo: [malloc] Non-mmapped space allocated:                 3260416 Byte
20220314 061240.523 INFO             PET1 PIOc_freedecomp Enter - MemInfo: [malloc] Space allocated in mmapped regions:          1581056 Byte
20220314 061240.523 INFO             PET1 PIOc_freedecomp Enter - MemInfo: [malloc] Maximum total allocated space:                     0 Byte
20220314 061240.523 INFO             PET1 PIOc_freedecomp Enter - MemInfo: [malloc] Space in freed fastbin blocks:                  1280 Byte
20220314 061240.523 INFO             PET1 PIOc_freedecomp Enter - MemInfo: [malloc] Total allocated space:                       2424256 Byte
20220314 061240.523 INFO             PET1 PIOc_freedecomp Enter - MemInfo: [malloc] Total free space:                             836160 Byte
20220314 061240.523 INFO             PET1 PIOc_freedecomp Enter - MemInfo: [malloc] Top-most, releasable space:                   132304 Byte
20220314 061240.523 INFO             PET1 PIOc_freedecomp Enter - MemInfo: [malloc] Total space in use, mmap + non-mmap:         4005312 Byte
20220314 061240.523 INFO             PET1 PIOc_freedecomp Enter - MemInfo: [malloc] Total space held (mmap + non-mmap):          4841472 Byte
20220314 061240.523 INFO             PET1 PIOc_freedecomp Enter - MemInfo: [malloc] Total space used (mmap + non-mmap):          4014640 Byte
20220314 061240.523 INFO             PET1 PIOc_freedecomp Enter - MemInfo: Wall-clock time since execution start:              0.0257591 seconds
20220314 061240.523 INFO             PET1 PIOc_freedecomp Exit - MemInfo: [/proc/meminfo - SSI]	MemTotal:       65507008 kB
20220314 061240.523 INFO             PET1 PIOc_freedecomp Exit - MemInfo: [/proc/meminfo - SSI]	MemFree:        49883456 kB
20220314 061240.523 INFO             PET1 PIOc_freedecomp Exit - MemInfo: [/proc/meminfo - SSI]	MemAvailable:   49642056 kB
20220314 061240.523 INFO             PET1 PIOc_freedecomp Exit - MemInfo: [/proc/meminfo - SSI]	Committed_AS:   12939120 kB
20220314 061240.523 INFO             PET1 PIOc_freedecomp Exit - MemInfo: [/proc/meminfo - SSI]	CommittedPercent: 19.7523 %
20220314 061240.523 INFO             PET1 PIOc_freedecomp Exit - MemInfo: [/proc/self/status]	VmPeak:	  503684 kB
20220314 061240.523 INFO             PET1 PIOc_freedecomp Exit - MemInfo: [/proc/self/status]	VmSize:	  503684 kB
20220314 061240.523 INFO             PET1 PIOc_freedecomp Exit - MemInfo: [/proc/self/status]	VmLck:	       0 kB
20220314 061240.523 INFO             PET1 PIOc_freedecomp Exit - MemInfo: [/proc/self/status]	VmPin:	       0 kB
20220314 061240.523 INFO             PET1 PIOc_freedecomp Exit - MemInfo: [/proc/self/status]	VmHWM:	   61368 kB
20220314 061240.523 INFO             PET1 PIOc_freedecomp Exit - MemInfo: [/proc/self/status]	VmRSS:	   18564 kB
20220314 061240.523 INFO             PET1 PIOc_freedecomp Exit - MemInfo: [/proc/self/status]	VmData:	   15164 kB
20220314 061240.523 INFO             PET1 PIOc_freedecomp Exit - MemInfo: [/proc/self/status]	VmStk:	     148 kB
20220314 061240.523 INFO             PET1 PIOc_freedecomp Exit - MemInfo: [/proc/self/status]	VmExe:	     208 kB
20220314 061240.523 INFO             PET1 PIOc_freedecomp Exit - MemInfo: [/proc/self/status]	VmLib:	   49028 kB
20220314 061240.523 INFO             PET1 PIOc_freedecomp Exit - MemInfo: [/proc/self/status]	VmPTE:	     736 kB
20220314 061240.523 INFO             PET1 PIOc_freedecomp Exit - MemInfo: [/proc/self/status]	VmPMD:	      12 kB
20220314 061240.523 INFO             PET1 PIOc_freedecomp Exit - MemInfo: [/proc/self/status]	VmSwap:	       0 kB
20220314 061240.523 INFO             PET1 PIOc_freedecomp Exit - MemInfo: [/proc/self/status]	VmRSSPercent: 0.028339 %
20220314 061240.523 INFO             PET1 PIOc_freedecomp Exit - MemInfo: [malloc] Non-mmapped space allocated:                 3260416 Byte
20220314 061240.523 INFO             PET1 PIOc_freedecomp Exit - MemInfo: [malloc] Space allocated in mmapped regions:          1581056 Byte
20220314 061240.523 INFO             PET1 PIOc_freedecomp Exit - MemInfo: [malloc] Maximum total allocated space:                     0 Byte
20220314 061240.523 INFO             PET1 PIOc_freedecomp Exit - MemInfo: [malloc] Space in freed fastbin blocks:                  1808 Byte
20220314 061240.523 INFO             PET1 PIOc_freedecomp Exit - MemInfo: [malloc] Total allocated space:                       2422192 Byte
20220314 061240.523 INFO             PET1 PIOc_freedecomp Exit - MemInfo: [malloc] Total free space:                             838224 Byte
20220314 061240.523 INFO             PET1 PIOc_freedecomp Exit - MemInfo: [malloc] Top-most, releasable space:                   132304 Byte
20220314 061240.523 INFO             PET1 PIOc_freedecomp Exit - MemInfo: [malloc] Total space in use, mmap + non-mmap:         4003248 Byte
20220314 061240.523 INFO             PET1 PIOc_freedecomp Exit - MemInfo: [malloc] Total space held (mmap + non-mmap):          4841472 Byte
20220314 061240.523 INFO             PET1 PIOc_freedecomp Exit - MemInfo: [malloc] Total space used (mmap + non-mmap):          4012576 Byte
20220314 061240.523 INFO             PET1 PIOc_freedecomp Exit - MemInfo: Wall-clock time since execution start:              0.0261007 seconds
20220314 061240.525 INFO             PET1 PIOc_sync Enter - MemInfo: [/proc/meminfo - SSI]	MemTotal:       65507008 kB
20220314 061240.525 INFO             PET1 PIOc_sync Enter - MemInfo: [/proc/meminfo - SSI]	MemFree:        49882952 kB
20220314 061240.525 INFO             PET1 PIOc_sync Enter - MemInfo: [/proc/meminfo - SSI]	MemAvailable:   49641552 kB
20220314 061240.525 INFO             PET1 PIOc_sync Enter - MemInfo: [/proc/meminfo - SSI]	Committed_AS:   12939120 kB
20220314 061240.525 INFO             PET1 PIOc_sync Enter - MemInfo: [/proc/meminfo - SSI]	CommittedPercent: 19.7523 %
20220314 061240.525 INFO             PET1 PIOc_sync Enter - MemInfo: [/proc/self/status]	VmPeak:	  503684 kB
20220314 061240.525 INFO             PET1 PIOc_sync Enter - MemInfo: [/proc/self/status]	VmSize:	  503684 kB
20220314 061240.525 INFO             PET1 PIOc_sync Enter - MemInfo: [/proc/self/status]	VmLck:	       0 kB
20220314 061240.525 INFO             PET1 PIOc_sync Enter - MemInfo: [/proc/self/status]	VmPin:	       0 kB
20220314 061240.525 INFO             PET1 PIOc_sync Enter - MemInfo: [/proc/self/status]	VmHWM:	   61368 kB
20220314 061240.525 INFO             PET1 PIOc_sync Enter - MemInfo: [/proc/self/status]	VmRSS:	   18564 kB
20220314 061240.525 INFO             PET1 PIOc_sync Enter - MemInfo: [/proc/self/status]	VmData:	   15164 kB
20220314 061240.525 INFO             PET1 PIOc_sync Enter - MemInfo: [/proc/self/status]	VmStk:	     148 kB
20220314 061240.525 INFO             PET1 PIOc_sync Enter - MemInfo: [/proc/self/status]	VmExe:	     208 kB
20220314 061240.525 INFO             PET1 PIOc_sync Enter - MemInfo: [/proc/self/status]	VmLib:	   49028 kB
20220314 061240.525 INFO             PET1 PIOc_sync Enter - MemInfo: [/proc/self/status]	VmPTE:	     736 kB
20220314 061240.525 INFO             PET1 PIOc_sync Enter - MemInfo: [/proc/self/status]	VmPMD:	      12 kB
20220314 061240.525 INFO             PET1 PIOc_sync Enter - MemInfo: [/proc/self/status]	VmSwap:	       0 kB
20220314 061240.525 INFO             PET1 PIOc_sync Enter - MemInfo: [/proc/self/status]	VmRSSPercent: 0.028339 %
20220314 061240.525 INFO             PET1 PIOc_sync Enter - MemInfo: [malloc] Non-mmapped space allocated:                 3260416 Byte
20220314 061240.525 INFO             PET1 PIOc_sync Enter - MemInfo: [malloc] Space allocated in mmapped regions:          1581056 Byte
20220314 061240.525 INFO             PET1 PIOc_sync Enter - MemInfo: [malloc] Maximum total allocated space:                     0 Byte
20220314 061240.525 INFO             PET1 PIOc_sync Enter - MemInfo: [malloc] Space in freed fastbin blocks:                  1104 Byte
20220314 061240.525 INFO             PET1 PIOc_sync Enter - MemInfo: [malloc] Total allocated space:                       2426304 Byte
20220314 061240.525 INFO             PET1 PIOc_sync Enter - MemInfo: [malloc] Total free space:                             834112 Byte
20220314 061240.525 INFO             PET1 PIOc_sync Enter - MemInfo: [malloc] Top-most, releasable space:                   132304 Byte
20220314 061240.525 INFO             PET1 PIOc_sync Enter - MemInfo: [malloc] Total space in use, mmap + non-mmap:         4007360 Byte
20220314 061240.525 INFO             PET1 PIOc_sync Enter - MemInfo: [malloc] Total space held (mmap + non-mmap):          4841472 Byte
20220314 061240.525 INFO             PET1 PIOc_sync Enter - MemInfo: [malloc] Total space used (mmap + non-mmap):          4016688 Byte
20220314 061240.525 INFO             PET1 PIOc_sync Enter - MemInfo: Wall-clock time since execution start:              0.0275465 seconds
20220314 061240.525 INFO             PET1 PIOc_sync Exit - MemInfo: [/proc/meminfo - SSI]	MemTotal:       65507008 kB
20220314 061240.525 INFO             PET1 PIOc_sync Exit - MemInfo: [/proc/meminfo - SSI]	MemFree:        49882968 kB
20220314 061240.525 INFO             PET1 PIOc_sync Exit - MemInfo: [/proc/meminfo - SSI]	MemAvailable:   49641568 kB
20220314 061240.525 INFO             PET1 PIOc_sync Exit - MemInfo: [/proc/meminfo - SSI]	Committed_AS:   12939120 kB
20220314 061240.525 INFO             PET1 PIOc_sync Exit - MemInfo: [/proc/meminfo - SSI]	CommittedPercent: 19.7523 %
20220314 061240.525 INFO             PET1 PIOc_sync Exit - MemInfo: [/proc/self/status]	VmPeak:	  503684 kB
20220314 061240.525 INFO             PET1 PIOc_sync Exit - MemInfo: [/proc/self/status]	VmSize:	  503684 kB
20220314 061240.525 INFO             PET1 PIOc_sync Exit - MemInfo: [/proc/self/status]	VmLck:	       0 kB
20220314 061240.525 INFO             PET1 PIOc_sync Exit - MemInfo: [/proc/self/status]	VmPin:	       0 kB
20220314 061240.525 INFO             PET1 PIOc_sync Exit - MemInfo: [/proc/self/status]	VmHWM:	   61368 kB
20220314 061240.525 INFO             PET1 PIOc_sync Exit - MemInfo: [/proc/self/status]	VmRSS:	   18564 kB
20220314 061240.525 INFO             PET1 PIOc_sync Exit - MemInfo: [/proc/self/status]	VmData:	   15164 kB
20220314 061240.525 INFO             PET1 PIOc_sync Exit - MemInfo: [/proc/self/status]	VmStk:	     148 kB
20220314 061240.525 INFO             PET1 PIOc_sync Exit - MemInfo: [/proc/self/status]	VmExe:	     208 kB
20220314 061240.525 INFO             PET1 PIOc_sync Exit - MemInfo: [/proc/self/status]	VmLib:	   49028 kB
20220314 061240.525 INFO             PET1 PIOc_sync Exit - MemInfo: [/proc/self/status]	VmPTE:	     736 kB
20220314 061240.525 INFO             PET1 PIOc_sync Exit - MemInfo: [/proc/self/status]	VmPMD:	      12 kB
20220314 061240.525 INFO             PET1 PIOc_sync Exit - MemInfo: [/proc/self/status]	VmSwap:	       0 kB
20220314 061240.525 INFO             PET1 PIOc_sync Exit - MemInfo: [/proc/self/status]	VmRSSPercent: 0.028339 %
20220314 061240.525 INFO             PET1 PIOc_sync Exit - MemInfo: [malloc] Non-mmapped space allocated:                 3260416 Byte
20220314 061240.525 INFO             PET1 PIOc_sync Exit - MemInfo: [malloc] Space allocated in mmapped regions:          1581056 Byte
20220314 061240.525 INFO             PET1 PIOc_sync Exit - MemInfo: [malloc] Maximum total allocated space:                     0 Byte
20220314 061240.525 INFO             PET1 PIOc_sync Exit - MemInfo: [malloc] Space in freed fastbin blocks:                  1344 Byte
20220314 061240.525 INFO             PET1 PIOc_sync Exit - MemInfo: [malloc] Total allocated space:                       2426208 Byte
20220314 061240.525 INFO             PET1 PIOc_sync Exit - MemInfo: [malloc] Total free space:                             834208 Byte
20220314 061240.525 INFO             PET1 PIOc_sync Exit - MemInfo: [malloc] Top-most, releasable space:                   132304 Byte
20220314 061240.525 INFO             PET1 PIOc_sync Exit - MemInfo: [malloc] Total space in use, mmap + non-mmap:         4007264 Byte
20220314 061240.525 INFO             PET1 PIOc_sync Exit - MemInfo: [malloc] Total space held (mmap + non-mmap):          4841472 Byte
20220314 061240.525 INFO             PET1 PIOc_sync Exit - MemInfo: [malloc] Total space used (mmap + non-mmap):          4016592 Byte
20220314 061240.525 INFO             PET1 PIOc_sync Exit - MemInfo: Wall-clock time since execution start:              0.0280106 seconds
20220314 061240.525 INFO             PET1 PIOc_freedecomp Enter - MemInfo: [/proc/meminfo - SSI]	MemTotal:       65507008 kB
20220314 061240.525 INFO             PET1 PIOc_freedecomp Enter - MemInfo: [/proc/meminfo - SSI]	MemFree:        49882968 kB
20220314 061240.525 INFO             PET1 PIOc_freedecomp Enter - MemInfo: [/proc/meminfo - SSI]	MemAvailable:   49641568 kB
20220314 061240.525 INFO             PET1 PIOc_freedecomp Enter - MemInfo: [/proc/meminfo - SSI]	Committed_AS:   12939120 kB
20220314 061240.525 INFO             PET1 PIOc_freedecomp Enter - MemInfo: [/proc/meminfo - SSI]	CommittedPercent: 19.7523 %
20220314 061240.525 INFO             PET1 PIOc_freedecomp Enter - MemInfo: [/proc/self/status]	VmPeak:	  503684 kB
20220314 061240.525 INFO             PET1 PIOc_freedecomp Enter - MemInfo: [/proc/self/status]	VmSize:	  503684 kB
20220314 061240.525 INFO             PET1 PIOc_freedecomp Enter - MemInfo: [/proc/self/status]	VmLck:	       0 kB
20220314 061240.525 INFO             PET1 PIOc_freedecomp Enter - MemInfo: [/proc/self/status]	VmPin:	       0 kB
20220314 061240.526 INFO             PET1 PIOc_freedecomp Enter - MemInfo: [/proc/self/status]	VmHWM:	   61368 kB
20220314 061240.526 INFO             PET1 PIOc_freedecomp Enter - MemInfo: [/proc/self/status]	VmRSS:	   18564 kB
20220314 061240.526 INFO             PET1 PIOc_freedecomp Enter - MemInfo: [/proc/self/status]	VmData:	   15164 kB
20220314 061240.526 INFO             PET1 PIOc_freedecomp Enter - MemInfo: [/proc/self/status]	VmStk:	     148 kB
20220314 061240.526 INFO             PET1 PIOc_freedecomp Enter - MemInfo: [/proc/self/status]	VmExe:	     208 kB
20220314 061240.526 INFO             PET1 PIOc_freedecomp Enter - MemInfo: [/proc/self/status]	VmLib:	   49028 kB
20220314 061240.526 INFO             PET1 PIOc_freedecomp Enter - MemInfo: [/proc/self/status]	VmPTE:	     736 kB
20220314 061240.526 INFO             PET1 PIOc_freedecomp Enter - MemInfo: [/proc/self/status]	VmPMD:	      12 kB
20220314 061240.526 INFO             PET1 PIOc_freedecomp Enter - MemInfo: [/proc/self/status]	VmSwap:	       0 kB
20220314 061240.526 INFO             PET1 PIOc_freedecomp Enter - MemInfo: [/proc/self/status]	VmRSSPercent: 0.028339 %
20220314 061240.526 INFO             PET1 PIOc_freedecomp Enter - MemInfo: [malloc] Non-mmapped space allocated:                 3260416 Byte
20220314 061240.526 INFO             PET1 PIOc_freedecomp Enter - MemInfo: [malloc] Space allocated in mmapped regions:          1581056 Byte
20220314 061240.526 INFO             PET1 PIOc_freedecomp Enter - MemInfo: [malloc] Maximum total allocated space:                     0 Byte
20220314 061240.526 INFO             PET1 PIOc_freedecomp Enter - MemInfo: [malloc] Space in freed fastbin blocks:                  1408 Byte
20220314 061240.526 INFO             PET1 PIOc_freedecomp Enter - MemInfo: [malloc] Total allocated space:                       2424288 Byte
20220314 061240.526 INFO             PET1 PIOc_freedecomp Enter - MemInfo: [malloc] Total free space:                             836128 Byte
20220314 061240.526 INFO             PET1 PIOc_freedecomp Enter - MemInfo: [malloc] Top-most, releasable space:                   132304 Byte
20220314 061240.526 INFO             PET1 PIOc_freedecomp Enter - MemInfo: [malloc] Total space in use, mmap + non-mmap:         4005344 Byte
20220314 061240.526 INFO             PET1 PIOc_freedecomp Enter - MemInfo: [malloc] Total space held (mmap + non-mmap):          4841472 Byte
20220314 061240.526 INFO             PET1 PIOc_freedecomp Enter - MemInfo: [malloc] Total space used (mmap + non-mmap):          4014672 Byte
20220314 061240.526 INFO             PET1 PIOc_freedecomp Enter - MemInfo: Wall-clock time since execution start:              0.0283942 seconds
20220314 061240.526 INFO             PET1 PIOc_freedecomp Exit - MemInfo: [/proc/meminfo - SSI]	MemTotal:       65507008 kB
20220314 061240.526 INFO             PET1 PIOc_freedecomp Exit - MemInfo: [/proc/meminfo - SSI]	MemFree:        49882968 kB
20220314 061240.526 INFO             PET1 PIOc_freedecomp Exit - MemInfo: [/proc/meminfo - SSI]	MemAvailable:   49641568 kB
20220314 061240.526 INFO             PET1 PIOc_freedecomp Exit - MemInfo: [/proc/meminfo - SSI]	Committed_AS:   12939120 kB
20220314 061240.526 INFO             PET1 PIOc_freedecomp Exit - MemInfo: [/proc/meminfo - SSI]	CommittedPercent: 19.7523 %
20220314 061240.526 INFO             PET1 PIOc_freedecomp Exit - MemInfo: [/proc/self/status]	VmPeak:	  503684 kB
20220314 061240.526 INFO             PET1 PIOc_freedecomp Exit - MemInfo: [/proc/self/status]	VmSize:	  503684 kB
20220314 061240.526 INFO             PET1 PIOc_freedecomp Exit - MemInfo: [/proc/self/status]	VmLck:	       0 kB
20220314 061240.526 INFO             PET1 PIOc_freedecomp Exit - MemInfo: [/proc/self/status]	VmPin:	       0 kB
20220314 061240.526 INFO             PET1 PIOc_freedecomp Exit - MemInfo: [/proc/self/status]	VmHWM:	   61368 kB
20220314 061240.526 INFO             PET1 PIOc_freedecomp Exit - MemInfo: [/proc/self/status]	VmRSS:	   18564 kB
20220314 061240.526 INFO             PET1 PIOc_freedecomp Exit - MemInfo: [/proc/self/status]	VmData:	   15164 kB
20220314 061240.526 INFO             PET1 PIOc_freedecomp Exit - MemInfo: [/proc/self/status]	VmStk:	     148 kB
20220314 061240.526 INFO             PET1 PIOc_freedecomp Exit - MemInfo: [/proc/self/status]	VmExe:	     208 kB
20220314 061240.526 INFO             PET1 PIOc_freedecomp Exit - MemInfo: [/proc/self/status]	VmLib:	   49028 kB
20220314 061240.526 INFO             PET1 PIOc_freedecomp Exit - MemInfo: [/proc/self/status]	VmPTE:	     736 kB
20220314 061240.526 INFO             PET1 PIOc_freedecomp Exit - MemInfo: [/proc/self/status]	VmPMD:	      12 kB
20220314 061240.526 INFO             PET1 PIOc_freedecomp Exit - MemInfo: [/proc/self/status]	VmSwap:	       0 kB
20220314 061240.526 INFO             PET1 PIOc_freedecomp Exit - MemInfo: [/proc/self/status]	VmRSSPercent: 0.028339 %
20220314 061240.526 INFO             PET1 PIOc_freedecomp Exit - MemInfo: [malloc] Non-mmapped space allocated:                 3260416 Byte
20220314 061240.526 INFO             PET1 PIOc_freedecomp Exit - MemInfo: [malloc] Space allocated in mmapped regions:          1581056 Byte
20220314 061240.526 INFO             PET1 PIOc_freedecomp Exit - MemInfo: [malloc] Maximum total allocated space:                     0 Byte
20220314 061240.526 INFO             PET1 PIOc_freedecomp Exit - MemInfo: [malloc] Space in freed fastbin blocks:                  1808 Byte
20220314 061240.526 INFO             PET1 PIOc_freedecomp Exit - MemInfo: [malloc] Total allocated space:                       2422224 Byte
20220314 061240.526 INFO             PET1 PIOc_freedecomp Exit - MemInfo: [malloc] Total free space:                             838192 Byte
20220314 061240.526 INFO             PET1 PIOc_freedecomp Exit - MemInfo: [malloc] Top-most, releasable space:                   132304 Byte
20220314 061240.526 INFO             PET1 PIOc_freedecomp Exit - MemInfo: [malloc] Total space in use, mmap + non-mmap:         4003280 Byte
20220314 061240.526 INFO             PET1 PIOc_freedecomp Exit - MemInfo: [malloc] Total space held (mmap + non-mmap):          4841472 Byte
20220314 061240.526 INFO             PET1 PIOc_freedecomp Exit - MemInfo: [malloc] Total space used (mmap + non-mmap):          4012608 Byte
20220314 061240.526 INFO             PET1 PIOc_freedecomp Exit - MemInfo: Wall-clock time since execution start:              0.0287358 seconds
20220314 061240.526 INFO             PET1  PASS  ESMF_OutputWeightFile, ESMF_IOUTest.F90, line 81
20220314 061240.537 INFO             PET1  PASS  call ESMF_OutputWeightFile with empty factor list on four PETs, ESMF_IOUTest.F90, line 191
20220314 061240.538 INFO             PET1  Ending Test, file ESMF_IOUTest.F90, line 201
20220314 061240.538 INFO             PET1 Finalizing ESMF
20220314 061240.500 INFO             PET2 !!!!!!!!!!!!!!!!!!!!!!!!!!!!!!!!!!!!!!!!!!!!!!!!!!!!!!
20220314 061240.500 INFO             PET2 !!! THE ESMF_LOG IS SET TO OUTPUT ALL LOG MESSAGES !!!
20220314 061240.500 INFO             PET2 !!!     THIS MAY CAUSE SLOWDOWN IN PERFORMANCE     !!!
20220314 061240.500 INFO             PET2 !!! FOR PRODUCTION RUNS, USE:                      !!!
20220314 061240.500 INFO             PET2 !!!                   ESMF_LOGKIND_Multi_On_Error  !!!
20220314 061240.500 INFO             PET2 !!!!!!!!!!!!!!!!!!!!!!!!!!!!!!!!!!!!!!!!!!!!!!!!!!!!!!
20220314 061240.500 INFO             PET2 Running with ESMF Version   : v8.3.0b09-96-g559b459836
20220314 061240.500 INFO             PET2 ESMF library build date/time: "Mar 14 2022" "05:58:16"
20220314 061240.500 INFO             PET2 ESMF library build location : /glade/scratch/rlong/esmf-testing/gfortran_7.4.0_openmpi_O_jedwards_pio_update2
20220314 061240.500 INFO             PET2 ESMF_COMM                   : openmpi
20220314 061240.500 INFO             PET2 ESMF_MOAB                   : enabled
20220314 061240.500 INFO             PET2 ESMF_LAPACK                 : enabled
20220314 061240.500 INFO             PET2 ESMF_NETCDF                 : enabled
20220314 061240.500 INFO             PET2 ESMF_PNETCDF                : disabled
20220314 061240.500 INFO             PET2 ESMF_PIO                    : enabled
20220314 061240.500 INFO             PET2 ESMF_YAMLCPP                : enabled
20220314 061240.500 INFO             PET2  Beginning Test, file ESMF_IOUTest.F90, line 57
20220314 061240.500 INFO             PET2  NUMBER_OF_PROCESSORS           4
20220314 061240.500 INFO             PET2 Starting Test:  ESMF_OutputWeightFile
20220314 061240.511 INFO             PET2 PIOc_sync Enter - MemInfo: [/proc/meminfo - SSI]	MemTotal:       65507008 kB
20220314 061240.511 INFO             PET2 PIOc_sync Enter - MemInfo: [/proc/meminfo - SSI]	MemFree:        49875392 kB
20220314 061240.511 INFO             PET2 PIOc_sync Enter - MemInfo: [/proc/meminfo - SSI]	MemAvailable:   49633992 kB
20220314 061240.511 INFO             PET2 PIOc_sync Enter - MemInfo: [/proc/meminfo - SSI]	Committed_AS:   12939128 kB
20220314 061240.511 INFO             PET2 PIOc_sync Enter - MemInfo: [/proc/meminfo - SSI]	CommittedPercent: 19.7523 %
20220314 061240.511 INFO             PET2 PIOc_sync Enter - MemInfo: [/proc/self/status]	VmPeak:	  503588 kB
20220314 061240.511 INFO             PET2 PIOc_sync Enter - MemInfo: [/proc/self/status]	VmSize:	  503588 kB
20220314 061240.511 INFO             PET2 PIOc_sync Enter - MemInfo: [/proc/self/status]	VmLck:	       0 kB
20220314 061240.511 INFO             PET2 PIOc_sync Enter - MemInfo: [/proc/self/status]	VmPin:	       0 kB
20220314 061240.511 INFO             PET2 PIOc_sync Enter - MemInfo: [/proc/self/status]	VmHWM:	   61380 kB
20220314 061240.511 INFO             PET2 PIOc_sync Enter - MemInfo: [/proc/self/status]	VmRSS:	   18456 kB
20220314 061240.511 INFO             PET2 PIOc_sync Enter - MemInfo: [/proc/self/status]	VmData:	   15068 kB
20220314 061240.511 INFO             PET2 PIOc_sync Enter - MemInfo: [/proc/self/status]	VmStk:	     148 kB
20220314 061240.511 INFO             PET2 PIOc_sync Enter - MemInfo: [/proc/self/status]	VmExe:	     208 kB
20220314 061240.511 INFO             PET2 PIOc_sync Enter - MemInfo: [/proc/self/status]	VmLib:	   49028 kB
20220314 061240.511 INFO             PET2 PIOc_sync Enter - MemInfo: [/proc/self/status]	VmPTE:	     728 kB
20220314 061240.511 INFO             PET2 PIOc_sync Enter - MemInfo: [/proc/self/status]	VmPMD:	      16 kB
20220314 061240.511 INFO             PET2 PIOc_sync Enter - MemInfo: [/proc/self/status]	VmSwap:	       0 kB
20220314 061240.512 INFO             PET2 PIOc_sync Enter - MemInfo: [/proc/self/status]	VmRSSPercent: 0.0281741 %
20220314 061240.512 INFO             PET2 PIOc_sync Enter - MemInfo: [malloc] Non-mmapped space allocated:                 3162112 Byte
20220314 061240.513 INFO             PET2 PIOc_sync Enter - MemInfo: [malloc] Space allocated in mmapped regions:          1581056 Byte
20220314 061240.514 INFO             PET2 PIOc_sync Enter - MemInfo: [malloc] Maximum total allocated space:                     0 Byte
20220314 061240.514 INFO             PET2 PIOc_sync Enter - MemInfo: [malloc] Space in freed fastbin blocks:                  1072 Byte
20220314 061240.514 INFO             PET2 PIOc_sync Enter - MemInfo: [malloc] Total allocated space:                       2368672 Byte
20220314 061240.514 INFO             PET2 PIOc_sync Enter - MemInfo: [malloc] Total free space:                             793440 Byte
20220314 061240.514 INFO             PET2 PIOc_sync Enter - MemInfo: [malloc] Top-most, releasable space:                    33664 Byte
20220314 061240.514 INFO             PET2 PIOc_sync Enter - MemInfo: [malloc] Total space in use, mmap + non-mmap:         3949728 Byte
20220314 061240.514 INFO             PET2 PIOc_sync Enter - MemInfo: [malloc] Total space held (mmap + non-mmap):          4743168 Byte
20220314 061240.514 INFO             PET2 PIOc_sync Enter - MemInfo: [malloc] Total space used (mmap + non-mmap):          3959056 Byte
20220314 061240.514 INFO             PET2 PIOc_sync Enter - MemInfo: Wall-clock time since execution start:              0.0165492 seconds
20220314 061240.516 INFO             PET2 PIOc_sync Exit - MemInfo: [/proc/meminfo - SSI]	MemTotal:       65507008 kB
20220314 061240.516 INFO             PET2 PIOc_sync Exit - MemInfo: [/proc/meminfo - SSI]	MemFree:        49875392 kB
20220314 061240.516 INFO             PET2 PIOc_sync Exit - MemInfo: [/proc/meminfo - SSI]	MemAvailable:   49633992 kB
20220314 061240.516 INFO             PET2 PIOc_sync Exit - MemInfo: [/proc/meminfo - SSI]	Committed_AS:   12939128 kB
20220314 061240.516 INFO             PET2 PIOc_sync Exit - MemInfo: [/proc/meminfo - SSI]	CommittedPercent: 19.7523 %
20220314 061240.516 INFO             PET2 PIOc_sync Exit - MemInfo: [/proc/self/status]	VmPeak:	  503588 kB
20220314 061240.516 INFO             PET2 PIOc_sync Exit - MemInfo: [/proc/self/status]	VmSize:	  503588 kB
20220314 061240.516 INFO             PET2 PIOc_sync Exit - MemInfo: [/proc/self/status]	VmLck:	       0 kB
20220314 061240.516 INFO             PET2 PIOc_sync Exit - MemInfo: [/proc/self/status]	VmPin:	       0 kB
20220314 061240.516 INFO             PET2 PIOc_sync Exit - MemInfo: [/proc/self/status]	VmHWM:	   61380 kB
20220314 061240.516 INFO             PET2 PIOc_sync Exit - MemInfo: [/proc/self/status]	VmRSS:	   18556 kB
20220314 061240.516 INFO             PET2 PIOc_sync Exit - MemInfo: [/proc/self/status]	VmData:	   15068 kB
20220314 061240.516 INFO             PET2 PIOc_sync Exit - MemInfo: [/proc/self/status]	VmStk:	     148 kB
20220314 061240.516 INFO             PET2 PIOc_sync Exit - MemInfo: [/proc/self/status]	VmExe:	     208 kB
20220314 061240.516 INFO             PET2 PIOc_sync Exit - MemInfo: [/proc/self/status]	VmLib:	   49028 kB
20220314 061240.516 INFO             PET2 PIOc_sync Exit - MemInfo: [/proc/self/status]	VmPTE:	     728 kB
