build time -- 2022-03-13 06:00:12.722915
20220313 061226.025 INFO             PET0 !!!!!!!!!!!!!!!!!!!!!!!!!!!!!!!!!!!!!!!!!!!!!!!!!!!!!!
20220313 061226.025 INFO             PET0 !!! THE ESMF_LOG IS SET TO OUTPUT ALL LOG MESSAGES !!!
20220313 061226.025 INFO             PET0 !!!     THIS MAY CAUSE SLOWDOWN IN PERFORMANCE     !!!
20220313 061226.025 INFO             PET0 !!! FOR PRODUCTION RUNS, USE:                      !!!
20220313 061226.025 INFO             PET0 !!!                   ESMF_LOGKIND_Multi_On_Error  !!!
20220313 061226.025 INFO             PET0 !!!!!!!!!!!!!!!!!!!!!!!!!!!!!!!!!!!!!!!!!!!!!!!!!!!!!!
20220313 061226.025 INFO             PET0 Running with ESMF Version   : v8.3.0b09-96-g559b459836
20220313 061226.025 INFO             PET0 ESMF library build date/time: "Mar 13 2022" "05:58:15"
20220313 061226.025 INFO             PET0 ESMF library build location : /glade/scratch/rlong/esmf-testing/gfortran_7.4.0_openmpi_O_jedwards_pio_update2
20220313 061226.025 INFO             PET0 ESMF_COMM                   : openmpi
20220313 061226.025 INFO             PET0 ESMF_MOAB                   : enabled
20220313 061226.025 INFO             PET0 ESMF_LAPACK                 : enabled
20220313 061226.025 INFO             PET0 ESMF_NETCDF                 : enabled
20220313 061226.025 INFO             PET0 ESMF_PNETCDF                : disabled
20220313 061226.025 INFO             PET0 ESMF_PIO                    : enabled
20220313 061226.025 INFO             PET0 ESMF_YAMLCPP                : enabled
20220313 061226.026 INFO             PET0  Beginning Test, file ESMF_ArrayIOUTest.F90, line 103
20220313 061226.026 INFO             PET0  NUMBER_OF_PROCESSORS           6
20220313 061226.026 INFO             PET0  PASS  dstDistgrid Create Test, ESMF_ArrayIOUTest.F90, line 137
20220313 061226.026 INFO             PET0  PASS  Array Spec Set Test, ESMF_ArrayIOUTest.F90, line 145
20220313 061226.027 INFO             PET0  PASS  Array with Halo Create Test, ESMF_ArrayIOUTest.F90, line 160
20220313 061226.027 INFO             PET0  PASS  Array without Halo Create Test, ESMF_ArrayIOUTest.F90, line 170
20220313 061226.027 INFO             PET0  PASS  Accessing Fortran pointers for Arrays Test, ESMF_ArrayIOUTest.F90, line 225
20220313 061226.038 INFO             PET0 PIOc_sync Enter - MemInfo: [/proc/meminfo - SSI]	MemTotal:       65507008 kB
20220313 061226.038 INFO             PET0 PIOc_sync Enter - MemInfo: [/proc/meminfo - SSI]	MemFree:        49648560 kB
20220313 061226.038 INFO             PET0 PIOc_sync Enter - MemInfo: [/proc/meminfo - SSI]	MemAvailable:   49405624 kB
20220313 061226.038 INFO             PET0 PIOc_sync Enter - MemInfo: [/proc/meminfo - SSI]	Committed_AS:   13167360 kB
20220313 061226.038 INFO             PET0 PIOc_sync Enter - MemInfo: [/proc/meminfo - SSI]	CommittedPercent: 20.1007 %
20220313 061226.038 INFO             PET0 PIOc_sync Enter - MemInfo: [/proc/self/status]	VmPeak:	  529504 kB
20220313 061226.038 INFO             PET0 PIOc_sync Enter - MemInfo: [/proc/self/status]	VmSize:	  529504 kB
20220313 061226.038 INFO             PET0 PIOc_sync Enter - MemInfo: [/proc/self/status]	VmLck:	       0 kB
20220313 061226.038 INFO             PET0 PIOc_sync Enter - MemInfo: [/proc/self/status]	VmPin:	       0 kB
20220313 061226.038 INFO             PET0 PIOc_sync Enter - MemInfo: [/proc/self/status]	VmHWM:	   61384 kB
20220313 061226.038 INFO             PET0 PIOc_sync Enter - MemInfo: [/proc/self/status]	VmRSS:	   35840 kB
20220313 061226.038 INFO             PET0 PIOc_sync Enter - MemInfo: [/proc/self/status]	VmData:	   32068 kB
20220313 061226.038 INFO             PET0 PIOc_sync Enter - MemInfo: [/proc/self/status]	VmStk:	     148 kB
20220313 061226.038 INFO             PET0 PIOc_sync Enter - MemInfo: [/proc/self/status]	VmExe:	     300 kB
20220313 061226.038 INFO             PET0 PIOc_sync Enter - MemInfo: [/proc/self/status]	VmLib:	   49028 kB
20220313 061226.038 INFO             PET0 PIOc_sync Enter - MemInfo: [/proc/self/status]	VmPTE:	     772 kB
20220313 061226.043 INFO             PET0 PIOc_sync Enter - MemInfo: [/proc/self/status]	VmPMD:	      12 kB
20220313 061226.043 INFO             PET0 PIOc_sync Enter - MemInfo: [/proc/self/status]	VmSwap:	       0 kB
20220313 061226.043 INFO             PET0 PIOc_sync Enter - MemInfo: [/proc/self/status]	VmRSSPercent: 0.0547117 %
20220313 061226.043 INFO             PET0 PIOc_sync Enter - MemInfo: [malloc] Non-mmapped space allocated:                 3260416 Byte
20220313 061226.043 INFO             PET0 PIOc_sync Enter - MemInfo: [malloc] Space allocated in mmapped regions:         18890752 Byte
20220313 061226.043 INFO             PET0 PIOc_sync Enter - MemInfo: [malloc] Maximum total allocated space:                     0 Byte
20220313 061226.043 INFO             PET0 PIOc_sync Enter - MemInfo: [malloc] Space in freed fastbin blocks:                  1488 Byte
20220313 061226.043 INFO             PET0 PIOc_sync Enter - MemInfo: [malloc] Total allocated space:                       2785376 Byte
20220313 061226.043 INFO             PET0 PIOc_sync Enter - MemInfo: [malloc] Total free space:                             475040 Byte
20220313 061226.043 INFO             PET0 PIOc_sync Enter - MemInfo: [malloc] Top-most, releasable space:                   131728 Byte
20220313 061226.043 INFO             PET0 PIOc_sync Enter - MemInfo: [malloc] Total space in use, mmap + non-mmap:        21676128 Byte
20220313 061226.043 INFO             PET0 PIOc_sync Enter - MemInfo: [malloc] Total space held (mmap + non-mmap):         22151168 Byte
20220313 061226.043 INFO             PET0 PIOc_sync Enter - MemInfo: [malloc] Total space used (mmap + non-mmap):         21685456 Byte
20220313 061226.043 INFO             PET0 PIOc_sync Enter - MemInfo: Wall-clock time since execution start:              0.0210683 seconds
20220313 061226.043 INFO             PET0 PIOc_sync Exit - MemInfo: [/proc/meminfo - SSI]	MemTotal:       65507008 kB
20220313 061226.043 INFO             PET0 PIOc_sync Exit - MemInfo: [/proc/meminfo - SSI]	MemFree:        49648560 kB
20220313 061226.043 INFO             PET0 PIOc_sync Exit - MemInfo: [/proc/meminfo - SSI]	MemAvailable:   49405624 kB
20220313 061226.043 INFO             PET0 PIOc_sync Exit - MemInfo: [/proc/meminfo - SSI]	Committed_AS:   13167360 kB
20220313 061226.043 INFO             PET0 PIOc_sync Exit - MemInfo: [/proc/meminfo - SSI]	CommittedPercent: 20.1007 %
20220313 061226.043 INFO             PET0 PIOc_sync Exit - MemInfo: [/proc/self/status]	VmPeak:	  529504 kB
20220313 061226.043 INFO             PET0 PIOc_sync Exit - MemInfo: [/proc/self/status]	VmSize:	  529504 kB
20220313 061226.043 INFO             PET0 PIOc_sync Exit - MemInfo: [/proc/self/status]	VmLck:	       0 kB
20220313 061226.043 INFO             PET0 PIOc_sync Exit - MemInfo: [/proc/self/status]	VmPin:	       0 kB
20220313 061226.043 INFO             PET0 PIOc_sync Exit - MemInfo: [/proc/self/status]	VmHWM:	   61384 kB
20220313 061226.043 INFO             PET0 PIOc_sync Exit - MemInfo: [/proc/self/status]	VmRSS:	   35968 kB
20220313 061226.043 INFO             PET0 PIOc_sync Exit - MemInfo: [/proc/self/status]	VmData:	   32068 kB
20220313 061226.043 INFO             PET0 PIOc_sync Exit - MemInfo: [/proc/self/status]	VmStk:	     148 kB
20220313 061226.043 INFO             PET0 PIOc_sync Exit - MemInfo: [/proc/self/status]	VmExe:	     300 kB
20220313 061226.043 INFO             PET0 PIOc_sync Exit - MemInfo: [/proc/self/status]	VmLib:	   49028 kB
20220313 061226.043 INFO             PET0 PIOc_sync Exit - MemInfo: [/proc/self/status]	VmPTE:	     772 kB
20220313 061226.043 INFO             PET0 PIOc_sync Exit - MemInfo: [/proc/self/status]	VmPMD:	      12 kB
20220313 061226.043 INFO             PET0 PIOc_sync Exit - MemInfo: [/proc/self/status]	VmSwap:	       0 kB
20220313 061226.043 INFO             PET0 PIOc_sync Exit - MemInfo: [/proc/self/status]	VmRSSPercent: 0.0549071 %
20220313 061226.043 INFO             PET0 PIOc_sync Exit - MemInfo: [malloc] Non-mmapped space allocated:                 3260416 Byte
20220313 061226.043 INFO             PET0 PIOc_sync Exit - MemInfo: [malloc] Space allocated in mmapped regions:         18890752 Byte
20220313 061226.043 INFO             PET0 PIOc_sync Exit - MemInfo: [malloc] Maximum total allocated space:                     0 Byte
20220313 061226.043 INFO             PET0 PIOc_sync Exit - MemInfo: [malloc] Space in freed fastbin blocks:                  1504 Byte
20220313 061226.043 INFO             PET0 PIOc_sync Exit - MemInfo: [malloc] Total allocated space:                       2803120 Byte
20220313 061226.043 INFO             PET0 PIOc_sync Exit - MemInfo: [malloc] Total free space:                             457296 Byte
20220313 061226.043 INFO             PET0 PIOc_sync Exit - MemInfo: [malloc] Top-most, releasable space:                   131728 Byte
20220313 061226.043 INFO             PET0 PIOc_sync Exit - MemInfo: [malloc] Total space in use, mmap + non-mmap:        21693872 Byte
20220313 061226.043 INFO             PET0 PIOc_sync Exit - MemInfo: [malloc] Total space held (mmap + non-mmap):         22151168 Byte
20220313 061226.043 INFO             PET0 PIOc_sync Exit - MemInfo: [malloc] Total space used (mmap + non-mmap):         21703200 Byte
20220313 061226.043 INFO             PET0 PIOc_sync Exit - MemInfo: Wall-clock time since execution start:              0.0216205 seconds
20220313 061226.044 INFO             PET0 PIOc_freedecomp Enter - MemInfo: [/proc/meminfo - SSI]	MemTotal:       65507008 kB
20220313 061226.044 INFO             PET0 PIOc_freedecomp Enter - MemInfo: [/proc/meminfo - SSI]	MemFree:        49663680 kB
20220313 061226.044 INFO             PET0 PIOc_freedecomp Enter - MemInfo: [/proc/meminfo - SSI]	MemAvailable:   49420744 kB
20220313 061226.044 INFO             PET0 PIOc_freedecomp Enter - MemInfo: [/proc/meminfo - SSI]	Committed_AS:   13150972 kB
20220313 061226.044 INFO             PET0 PIOc_freedecomp Enter - MemInfo: [/proc/meminfo - SSI]	CommittedPercent: 20.0757 %
20220313 061226.044 INFO             PET0 PIOc_freedecomp Enter - MemInfo: [/proc/self/status]	VmPeak:	  529504 kB
20220313 061226.044 INFO             PET0 PIOc_freedecomp Enter - MemInfo: [/proc/self/status]	VmSize:	  512600 kB
20220313 061226.044 INFO             PET0 PIOc_freedecomp Enter - MemInfo: [/proc/self/status]	VmLck:	       0 kB
20220313 061226.044 INFO             PET0 PIOc_freedecomp Enter - MemInfo: [/proc/self/status]	VmPin:	       0 kB
20220313 061226.044 INFO             PET0 PIOc_freedecomp Enter - MemInfo: [/proc/self/status]	VmHWM:	   61384 kB
20220313 061226.044 INFO             PET0 PIOc_freedecomp Enter - MemInfo: [/proc/self/status]	VmRSS:	   19576 kB
20220313 061226.044 INFO             PET0 PIOc_freedecomp Enter - MemInfo: [/proc/self/status]	VmData:	   15164 kB
20220313 061226.044 INFO             PET0 PIOc_freedecomp Enter - MemInfo: [/proc/self/status]	VmStk:	     148 kB
20220313 061226.044 INFO             PET0 PIOc_freedecomp Enter - MemInfo: [/proc/self/status]	VmExe:	     300 kB
20220313 061226.044 INFO             PET0 PIOc_freedecomp Enter - MemInfo: [/proc/self/status]	VmLib:	   49028 kB
20220313 061226.044 INFO             PET0 PIOc_freedecomp Enter - MemInfo: [/proc/self/status]	VmPTE:	     740 kB
20220313 061226.044 INFO             PET0 PIOc_freedecomp Enter - MemInfo: [/proc/self/status]	VmPMD:	      12 kB
20220313 061226.044 INFO             PET0 PIOc_freedecomp Enter - MemInfo: [/proc/self/status]	VmSwap:	       0 kB
20220313 061226.044 INFO             PET0 PIOc_freedecomp Enter - MemInfo: [/proc/self/status]	VmRSSPercent: 0.0298838 %
20220313 061226.044 INFO             PET0 PIOc_freedecomp Enter - MemInfo: [malloc] Non-mmapped space allocated:                 3260416 Byte
20220313 061226.044 INFO             PET0 PIOc_freedecomp Enter - MemInfo: [malloc] Space allocated in mmapped regions:          1581056 Byte
20220313 061226.044 INFO             PET0 PIOc_freedecomp Enter - MemInfo: [malloc] Maximum total allocated space:                     0 Byte
20220313 061226.044 INFO             PET0 PIOc_freedecomp Enter - MemInfo: [malloc] Space in freed fastbin blocks:                  2832 Byte
20220313 061226.044 INFO             PET0 PIOc_freedecomp Enter - MemInfo: [malloc] Total allocated space:                       2789728 Byte
20220313 061226.044 INFO             PET0 PIOc_freedecomp Enter - MemInfo: [malloc] Total free space:                             470688 Byte
20220313 061226.044 INFO             PET0 PIOc_freedecomp Enter - MemInfo: [malloc] Top-most, releasable space:                   131728 Byte
20220313 061226.044 INFO             PET0 PIOc_freedecomp Enter - MemInfo: [malloc] Total space in use, mmap + non-mmap:         4370784 Byte
20220313 061226.044 INFO             PET0 PIOc_freedecomp Enter - MemInfo: [malloc] Total space held (mmap + non-mmap):          4841472 Byte
20220313 061226.044 INFO             PET0 PIOc_freedecomp Enter - MemInfo: [malloc] Total space used (mmap + non-mmap):          4380112 Byte
20220313 061226.044 INFO             PET0 PIOc_freedecomp Enter - MemInfo: Wall-clock time since execution start:               0.022783 seconds
20220313 061226.044 INFO             PET0 PIOc_freedecomp Exit - MemInfo: [/proc/meminfo - SSI]	MemTotal:       65507008 kB
20220313 061226.044 INFO             PET0 PIOc_freedecomp Exit - MemInfo: [/proc/meminfo - SSI]	MemFree:        49663680 kB
20220313 061226.044 INFO             PET0 PIOc_freedecomp Exit - MemInfo: [/proc/meminfo - SSI]	MemAvailable:   49420744 kB
20220313 061226.045 INFO             PET0 PIOc_freedecomp Exit - MemInfo: [/proc/meminfo - SSI]	Committed_AS:   13150972 kB
20220313 061226.045 INFO             PET0 PIOc_freedecomp Exit - MemInfo: [/proc/meminfo - SSI]	CommittedPercent: 20.0757 %
20220313 061226.045 INFO             PET0 PIOc_freedecomp Exit - MemInfo: [/proc/self/status]	VmPeak:	  529504 kB
20220313 061226.045 INFO             PET0 PIOc_freedecomp Exit - MemInfo: [/proc/self/status]	VmSize:	  512600 kB
20220313 061226.045 INFO             PET0 PIOc_freedecomp Exit - MemInfo: [/proc/self/status]	VmLck:	       0 kB
20220313 061226.045 INFO             PET0 PIOc_freedecomp Exit - MemInfo: [/proc/self/status]	VmPin:	       0 kB
20220313 061226.045 INFO             PET0 PIOc_freedecomp Exit - MemInfo: [/proc/self/status]	VmHWM:	   61384 kB
20220313 061226.045 INFO             PET0 PIOc_freedecomp Exit - MemInfo: [/proc/self/status]	VmRSS:	   19576 kB
20220313 061226.045 INFO             PET0 PIOc_freedecomp Exit - MemInfo: [/proc/self/status]	VmData:	   15164 kB
20220313 061226.045 INFO             PET0 PIOc_freedecomp Exit - MemInfo: [/proc/self/status]	VmStk:	     148 kB
20220313 061226.045 INFO             PET0 PIOc_freedecomp Exit - MemInfo: [/proc/self/status]	VmExe:	     300 kB
20220313 061226.045 INFO             PET0 PIOc_freedecomp Exit - MemInfo: [/proc/self/status]	VmLib:	   49028 kB
20220313 061226.045 INFO             PET0 PIOc_freedecomp Exit - MemInfo: [/proc/self/status]	VmPTE:	     740 kB
20220313 061226.045 INFO             PET0 PIOc_freedecomp Exit - MemInfo: [/proc/self/status]	VmPMD:	      12 kB
20220313 061226.045 INFO             PET0 PIOc_freedecomp Exit - MemInfo: [/proc/self/status]	VmSwap:	       0 kB
20220313 061226.045 INFO             PET0 PIOc_freedecomp Exit - MemInfo: [/proc/self/status]	VmRSSPercent: 0.0298838 %
20220313 061226.045 INFO             PET0 PIOc_freedecomp Exit - MemInfo: [malloc] Non-mmapped space allocated:                 3260416 Byte
20220313 061226.045 INFO             PET0 PIOc_freedecomp Exit - MemInfo: [malloc] Space allocated in mmapped regions:          1581056 Byte
20220313 061226.045 INFO             PET0 PIOc_freedecomp Exit - MemInfo: [malloc] Maximum total allocated space:                     0 Byte
20220313 061226.045 INFO             PET0 PIOc_freedecomp Exit - MemInfo: [malloc] Space in freed fastbin blocks:                  2544 Byte
20220313 061226.045 INFO             PET0 PIOc_freedecomp Exit - MemInfo: [malloc] Total allocated space:                       2753872 Byte
20220313 061226.045 INFO             PET0 PIOc_freedecomp Exit - MemInfo: [malloc] Total free space:                             506544 Byte
20220313 061226.045 INFO             PET0 PIOc_freedecomp Exit - MemInfo: [malloc] Top-most, releasable space:                   131728 Byte
20220313 061226.045 INFO             PET0 PIOc_freedecomp Exit - MemInfo: [malloc] Total space in use, mmap + non-mmap:         4334928 Byte
20220313 061226.045 INFO             PET0 PIOc_freedecomp Exit - MemInfo: [malloc] Total space held (mmap + non-mmap):          4841472 Byte
20220313 061226.045 INFO             PET0 PIOc_freedecomp Exit - MemInfo: [malloc] Total space used (mmap + non-mmap):          4344256 Byte
20220313 061226.045 INFO             PET0 PIOc_freedecomp Exit - MemInfo: Wall-clock time since execution start:              0.0231341 seconds
20220313 061226.045 INFO             PET0  PASS  Write ESMF_Array with Halo to NetCDF Test, ESMF_ArrayIOUTest.F90, line 236
20220313 061226.045 WARNING          PET0 ESMCI_PIO_Handler.C:1319 ESMCI::PIO_Handler::open()  Unable to create file: file3D_withhalo.nc, (PIO/NetCDF error = NetCDF: File exists && NC_NOCLOBBER)
20220313 061226.045 ERROR            PET0 ESMCI_PIO_Handler.C:779 ESMCI::PIO_Handler::arrayWrite() Unable to read from file  - file not open
20220313 061226.045 ERROR            PET0 ESMCI_IO.C:736 ESMCI::IO::write() Unable to read from file  - Internal subroutine call returned Error
20220313 061226.045 ERROR            PET0 ESMCI_IO.C:956 ESMCI::IO::close() Unable to close file  - Internal subroutine call returned Error
20220313 061226.045 ERROR            PET0 ESMCI_IO.C:494 ESMCI::IO::write() Unable to read from file  - Internal subroutine call returned Error
20220313 061226.045 ERROR            PET0 ESMCI_Array.C:4093 ESMCI::Array::write() Unable to write to file  - Internal subroutine call returned Error
20220313 061226.045 ERROR            PET0 ESMCI_Array_F.C:801 c_esmc_arraywrite() Unable to write to file  - Internal subroutine call returned Error
20220313 061226.045 ERROR            PET0 ESMF_Array.F90:3994 ESMF_ArrayWrite Unable to write to file  - Internal subroutine call returned Error
20220313 061226.045 INFO             PET0  PASS  Write ESMF_Array with Halo Test overwrite test, ESMF_ArrayIOUTest.F90, line 250
20220313 061226.045 ERROR            PET0 ESMCI_IO_Handler.C:164 ESMCI::IO_Handler::create() Unknown I/O Format
20220313 061226.045 ERROR            PET0 ESMCI_IO.C:469 ESMCI::IO::write() Invalid argument  - Internal subroutine call returned Error
20220313 061226.045 ERROR            PET0 ESMCI_Array.C:4093 ESMCI::Array::write() Invalid argument  - Internal subroutine call returned Error
20220313 061226.045 ERROR            PET0 ESMCI_Array_F.C:801 c_esmc_arraywrite() Invalid argument  - Internal subroutine call returned Error
20220313 061226.045 ERROR            PET0 ESMF_Array.F90:3994 ESMF_ArrayWrite Invalid argument  - Internal subroutine call returned Error
20220313 061226.045 INFO             PET0  PASS  Write ESMF_Array with Halo to binary Test, ESMF_ArrayIOUTest.F90, line 264
20220313 061226.054 INFO             PET0 PIOc_sync Enter - MemInfo: [/proc/meminfo - SSI]	MemTotal:       65507008 kB
20220313 061226.054 INFO             PET0 PIOc_sync Enter - MemInfo: [/proc/meminfo - SSI]	MemFree:        49648056 kB
20220313 061226.055 INFO             PET0 PIOc_sync Enter - MemInfo: [/proc/meminfo - SSI]	MemAvailable:   49405120 kB
20220313 061226.055 INFO             PET0 PIOc_sync Enter - MemInfo: [/proc/meminfo - SSI]	Committed_AS:   13167352 kB
20220313 061226.055 INFO             PET0 PIOc_sync Enter - MemInfo: [/proc/meminfo - SSI]	CommittedPercent: 20.1007 %
20220313 061226.055 INFO             PET0 PIOc_sync Enter - MemInfo: [/proc/self/status]	VmPeak:	  529504 kB
20220313 061226.055 INFO             PET0 PIOc_sync Enter - MemInfo: [/proc/self/status]	VmSize:	  529496 kB
20220313 061226.055 INFO             PET0 PIOc_sync Enter - MemInfo: [/proc/self/status]	VmLck:	       0 kB
20220313 061226.055 INFO             PET0 PIOc_sync Enter - MemInfo: [/proc/self/status]	VmPin:	       0 kB
20220313 061226.055 INFO             PET0 PIOc_sync Enter - MemInfo: [/proc/self/status]	VmHWM:	   61384 kB
20220313 061226.055 INFO             PET0 PIOc_sync Enter - MemInfo: [/proc/self/status]	VmRSS:	   36512 kB
20220313 061226.055 INFO             PET0 PIOc_sync Enter - MemInfo: [/proc/self/status]	VmData:	   32060 kB
20220313 061226.055 INFO             PET0 PIOc_sync Enter - MemInfo: [/proc/self/status]	VmStk:	     148 kB
20220313 061226.055 INFO             PET0 PIOc_sync Enter - MemInfo: [/proc/self/status]	VmExe:	     300 kB
20220313 061226.055 INFO             PET0 PIOc_sync Enter - MemInfo: [/proc/self/status]	VmLib:	   49028 kB
20220313 061226.055 INFO             PET0 PIOc_sync Enter - MemInfo: [/proc/self/status]	VmPTE:	     772 kB
20220313 061226.055 INFO             PET0 PIOc_sync Enter - MemInfo: [/proc/self/status]	VmPMD:	      12 kB
20220313 061226.055 INFO             PET0 PIOc_sync Enter - MemInfo: [/proc/self/status]	VmSwap:	       0 kB
20220313 061226.055 INFO             PET0 PIOc_sync Enter - MemInfo: [/proc/self/status]	VmRSSPercent: 0.0557375 %
20220313 061226.055 INFO             PET0 PIOc_sync Enter - MemInfo: [malloc] Non-mmapped space allocated:                20561920 Byte
20220313 061226.055 INFO             PET0 PIOc_sync Enter - MemInfo: [malloc] Space allocated in mmapped regions:          1581056 Byte
20220313 061226.055 INFO             PET0 PIOc_sync Enter - MemInfo: [malloc] Maximum total allocated space:                     0 Byte
20220313 061226.055 INFO             PET0 PIOc_sync Enter - MemInfo: [malloc] Space in freed fastbin blocks:                  1536 Byte
20220313 061226.055 INFO             PET0 PIOc_sync Enter - MemInfo: [malloc] Total allocated space:                      20075888 Byte
20220313 061226.055 INFO             PET0 PIOc_sync Enter - MemInfo: [malloc] Total free space:                             486032 Byte
20220313 061226.055 INFO             PET0 PIOc_sync Enter - MemInfo: [malloc] Top-most, releasable space:                   131696 Byte
20220313 061226.055 INFO             PET0 PIOc_sync Enter - MemInfo: [malloc] Total space in use, mmap + non-mmap:        21656944 Byte
20220313 061226.055 INFO             PET0 PIOc_sync Enter - MemInfo: [malloc] Total space held (mmap + non-mmap):         22142976 Byte
20220313 061226.055 INFO             PET0 PIOc_sync Enter - MemInfo: [malloc] Total space used (mmap + non-mmap):         21666272 Byte
20220313 061226.055 INFO             PET0 PIOc_sync Enter - MemInfo: Wall-clock time since execution start:              0.0331741 seconds
20220313 061226.055 INFO             PET0 PIOc_sync Exit - MemInfo: [/proc/meminfo - SSI]	MemTotal:       65507008 kB
20220313 061226.055 INFO             PET0 PIOc_sync Exit - MemInfo: [/proc/meminfo - SSI]	MemFree:        49648056 kB
20220313 061226.055 INFO             PET0 PIOc_sync Exit - MemInfo: [/proc/meminfo - SSI]	MemAvailable:   49405120 kB
20220313 061226.055 INFO             PET0 PIOc_sync Exit - MemInfo: [/proc/meminfo - SSI]	Committed_AS:   13167352 kB
20220313 061226.055 INFO             PET0 PIOc_sync Exit - MemInfo: [/proc/meminfo - SSI]	CommittedPercent: 20.1007 %
20220313 061226.055 INFO             PET0 PIOc_sync Exit - MemInfo: [/proc/self/status]	VmPeak:	  529504 kB
20220313 061226.055 INFO             PET0 PIOc_sync Exit - MemInfo: [/proc/self/status]	VmSize:	  529496 kB
20220313 061226.055 INFO             PET0 PIOc_sync Exit - MemInfo: [/proc/self/status]	VmLck:	       0 kB
20220313 061226.055 INFO             PET0 PIOc_sync Exit - MemInfo: [/proc/self/status]	VmPin:	       0 kB
20220313 061226.055 INFO             PET0 PIOc_sync Exit - MemInfo: [/proc/self/status]	VmHWM:	   61384 kB
20220313 061226.055 INFO             PET0 PIOc_sync Exit - MemInfo: [/proc/self/status]	VmRSS:	   36512 kB
20220313 061226.055 INFO             PET0 PIOc_sync Exit - MemInfo: [/proc/self/status]	VmData:	   32060 kB
20220313 061226.055 INFO             PET0 PIOc_sync Exit - MemInfo: [/proc/self/status]	VmStk:	     148 kB
20220313 061226.055 INFO             PET0 PIOc_sync Exit - MemInfo: [/proc/self/status]	VmExe:	     300 kB
20220313 061226.055 INFO             PET0 PIOc_sync Exit - MemInfo: [/proc/self/status]	VmLib:	   49028 kB
20220313 061226.055 INFO             PET0 PIOc_sync Exit - MemInfo: [/proc/self/status]	VmPTE:	     772 kB
20220313 061226.055 INFO             PET0 PIOc_sync Exit - MemInfo: [/proc/self/status]	VmPMD:	      12 kB
20220313 061226.055 INFO             PET0 PIOc_sync Exit - MemInfo: [/proc/self/status]	VmSwap:	       0 kB
20220313 061226.055 INFO             PET0 PIOc_sync Exit - MemInfo: [/proc/self/status]	VmRSSPercent: 0.0557375 %
20220313 061226.055 INFO             PET0 PIOc_sync Exit - MemInfo: [malloc] Non-mmapped space allocated:                20561920 Byte
20220313 061226.055 INFO             PET0 PIOc_sync Exit - MemInfo: [malloc] Space allocated in mmapped regions:          1581056 Byte
20220313 061226.055 INFO             PET0 PIOc_sync Exit - MemInfo: [malloc] Maximum total allocated space:                     0 Byte
20220313 061226.055 INFO             PET0 PIOc_sync Exit - MemInfo: [malloc] Space in freed fastbin blocks:                  2032 Byte
20220313 061226.055 INFO             PET0 PIOc_sync Exit - MemInfo: [malloc] Total allocated space:                      20095200 Byte
20220313 061226.055 INFO             PET0 PIOc_sync Exit - MemInfo: [malloc] Total free space:                             466720 Byte
20220313 061226.055 INFO             PET0 PIOc_sync Exit - MemInfo: [malloc] Top-most, releasable space:                   131696 Byte
20220313 061226.055 INFO             PET0 PIOc_sync Exit - MemInfo: [malloc] Total space in use, mmap + non-mmap:        21676256 Byte
20220313 061226.055 INFO             PET0 PIOc_sync Exit - MemInfo: [malloc] Total space held (mmap + non-mmap):         22142976 Byte
20220313 061226.055 INFO             PET0 PIOc_sync Exit - MemInfo: [malloc] Total space used (mmap + non-mmap):         21685600 Byte
20220313 061226.055 INFO             PET0 PIOc_sync Exit - MemInfo: Wall-clock time since execution start:              0.0336434 seconds
20220313 061226.055 INFO             PET0 PIOc_freedecomp Enter - MemInfo: [/proc/meminfo - SSI]	MemTotal:       65507008 kB
20220313 061226.055 INFO             PET0 PIOc_freedecomp Enter - MemInfo: [/proc/meminfo - SSI]	MemFree:        49648056 kB
20220313 061226.055 INFO             PET0 PIOc_freedecomp Enter - MemInfo: [/proc/meminfo - SSI]	MemAvailable:   49405120 kB
20220313 061226.055 INFO             PET0 PIOc_freedecomp Enter - MemInfo: [/proc/meminfo - SSI]	Committed_AS:   13167352 kB
20220313 061226.055 INFO             PET0 PIOc_freedecomp Enter - MemInfo: [/proc/meminfo - SSI]	CommittedPercent: 20.1007 %
20220313 061226.055 INFO             PET0 PIOc_freedecomp Enter - MemInfo: [/proc/self/status]	VmPeak:	  529504 kB
20220313 061226.055 INFO             PET0 PIOc_freedecomp Enter - MemInfo: [/proc/self/status]	VmSize:	  529496 kB
20220313 061226.055 INFO             PET0 PIOc_freedecomp Enter - MemInfo: [/proc/self/status]	VmLck:	       0 kB
20220313 061226.055 INFO             PET0 PIOc_freedecomp Enter - MemInfo: [/proc/self/status]	VmPin:	       0 kB
20220313 061226.055 INFO             PET0 PIOc_freedecomp Enter - MemInfo: [/proc/self/status]	VmHWM:	   61384 kB
20220313 061226.055 INFO             PET0 PIOc_freedecomp Enter - MemInfo: [/proc/self/status]	VmRSS:	   36512 kB
20220313 061226.055 INFO             PET0 PIOc_freedecomp Enter - MemInfo: [/proc/self/status]	VmData:	   32060 kB
20220313 061226.056 INFO             PET0 PIOc_freedecomp Enter - MemInfo: [/proc/self/status]	VmStk:	     148 kB
20220313 061226.056 INFO             PET0 PIOc_freedecomp Enter - MemInfo: [/proc/self/status]	VmExe:	     300 kB
20220313 061226.056 INFO             PET0 PIOc_freedecomp Enter - MemInfo: [/proc/self/status]	VmLib:	   49028 kB
20220313 061226.056 INFO             PET0 PIOc_freedecomp Enter - MemInfo: [/proc/self/status]	VmPTE:	     772 kB
20220313 061226.056 INFO             PET0 PIOc_freedecomp Enter - MemInfo: [/proc/self/status]	VmPMD:	      12 kB
20220313 061226.056 INFO             PET0 PIOc_freedecomp Enter - MemInfo: [/proc/self/status]	VmSwap:	       0 kB
20220313 061226.056 INFO             PET0 PIOc_freedecomp Enter - MemInfo: [/proc/self/status]	VmRSSPercent: 0.0557375 %
20220313 061226.056 INFO             PET0 PIOc_freedecomp Enter - MemInfo: [malloc] Non-mmapped space allocated:                20561920 Byte
20220313 061226.056 INFO             PET0 PIOc_freedecomp Enter - MemInfo: [malloc] Space allocated in mmapped regions:          1581056 Byte
20220313 061226.056 INFO             PET0 PIOc_freedecomp Enter - MemInfo: [malloc] Maximum total allocated space:                     0 Byte
20220313 061226.056 INFO             PET0 PIOc_freedecomp Enter - MemInfo: [malloc] Space in freed fastbin blocks:                  1600 Byte
20220313 061226.056 INFO             PET0 PIOc_freedecomp Enter - MemInfo: [malloc] Total allocated space:                       2780256 Byte
20220313 061226.056 INFO             PET0 PIOc_freedecomp Enter - MemInfo: [malloc] Total free space:                           17781664 Byte
20220313 061226.056 INFO             PET0 PIOc_freedecomp Enter - MemInfo: [malloc] Top-most, releasable space:                 17433232 Byte
20220313 061226.056 INFO             PET0 PIOc_freedecomp Enter - MemInfo: [malloc] Total space in use, mmap + non-mmap:         4361312 Byte
20220313 061226.056 INFO             PET0 PIOc_freedecomp Enter - MemInfo: [malloc] Total space held (mmap + non-mmap):         22142976 Byte
20220313 061226.056 INFO             PET0 PIOc_freedecomp Enter - MemInfo: [malloc] Total space used (mmap + non-mmap):          4370640 Byte
20220313 061226.056 INFO             PET0 PIOc_freedecomp Enter - MemInfo: Wall-clock time since execution start:              0.0340191 seconds
20220313 061226.056 INFO             PET0 PIOc_freedecomp Exit - MemInfo: [/proc/meminfo - SSI]	MemTotal:       65507008 kB
20220313 061226.056 INFO             PET0 PIOc_freedecomp Exit - MemInfo: [/proc/meminfo - SSI]	MemFree:        49648056 kB
20220313 061226.056 INFO             PET0 PIOc_freedecomp Exit - MemInfo: [/proc/meminfo - SSI]	MemAvailable:   49405120 kB
20220313 061226.056 INFO             PET0 PIOc_freedecomp Exit - MemInfo: [/proc/meminfo - SSI]	Committed_AS:   13167352 kB
20220313 061226.056 INFO             PET0 PIOc_freedecomp Exit - MemInfo: [/proc/meminfo - SSI]	CommittedPercent: 20.1007 %
20220313 061226.056 INFO             PET0 PIOc_freedecomp Exit - MemInfo: [/proc/self/status]	VmPeak:	  529504 kB
20220313 061226.056 INFO             PET0 PIOc_freedecomp Exit - MemInfo: [/proc/self/status]	VmSize:	  529496 kB
20220313 061226.056 INFO             PET0 PIOc_freedecomp Exit - MemInfo: [/proc/self/status]	VmLck:	       0 kB
20220313 061226.056 INFO             PET0 PIOc_freedecomp Exit - MemInfo: [/proc/self/status]	VmPin:	       0 kB
20220313 061226.056 INFO             PET0 PIOc_freedecomp Exit - MemInfo: [/proc/self/status]	VmHWM:	   61384 kB
20220313 061226.056 INFO             PET0 PIOc_freedecomp Exit - MemInfo: [/proc/self/status]	VmRSS:	   36512 kB
20220313 061226.056 INFO             PET0 PIOc_freedecomp Exit - MemInfo: [/proc/self/status]	VmData:	   32060 kB
20220313 061226.056 INFO             PET0 PIOc_freedecomp Exit - MemInfo: [/proc/self/status]	VmStk:	     148 kB
20220313 061226.056 INFO             PET0 PIOc_freedecomp Exit - MemInfo: [/proc/self/status]	VmExe:	     300 kB
20220313 061226.056 INFO             PET0 PIOc_freedecomp Exit - MemInfo: [/proc/self/status]	VmLib:	   49028 kB
20220313 061226.056 INFO             PET0 PIOc_freedecomp Exit - MemInfo: [/proc/self/status]	VmPTE:	     772 kB
20220313 061226.056 INFO             PET0 PIOc_freedecomp Exit - MemInfo: [/proc/self/status]	VmPMD:	      12 kB
20220313 061226.056 INFO             PET0 PIOc_freedecomp Exit - MemInfo: [/proc/self/status]	VmSwap:	       0 kB
20220313 061226.056 INFO             PET0 PIOc_freedecomp Exit - MemInfo: [/proc/self/status]	VmRSSPercent: 0.0557375 %
20220313 061226.056 INFO             PET0 PIOc_freedecomp Exit - MemInfo: [malloc] Non-mmapped space allocated:                20561920 Byte
20220313 061226.056 INFO             PET0 PIOc_freedecomp Exit - MemInfo: [malloc] Space allocated in mmapped regions:          1581056 Byte
20220313 061226.056 INFO             PET0 PIOc_freedecomp Exit - MemInfo: [malloc] Maximum total allocated space:                     0 Byte
20220313 061226.056 INFO             PET0 PIOc_freedecomp Exit - MemInfo: [malloc] Space in freed fastbin blocks:                  2768 Byte
20220313 061226.056 INFO             PET0 PIOc_freedecomp Exit - MemInfo: [malloc] Total allocated space:                       2758080 Byte
20220313 061226.056 INFO             PET0 PIOc_freedecomp Exit - MemInfo: [malloc] Total free space:                           17803840 Byte
20220313 061226.056 INFO             PET0 PIOc_freedecomp Exit - MemInfo: [malloc] Top-most, releasable space:                 17433232 Byte
20220313 061226.056 INFO             PET0 PIOc_freedecomp Exit - MemInfo: [malloc] Total space in use, mmap + non-mmap:         4339136 Byte
20220313 061226.056 INFO             PET0 PIOc_freedecomp Exit - MemInfo: [malloc] Total space held (mmap + non-mmap):         22142976 Byte
20220313 061226.056 INFO             PET0 PIOc_freedecomp Exit - MemInfo: [malloc] Total space used (mmap + non-mmap):          4348464 Byte
20220313 061226.056 INFO             PET0 PIOc_freedecomp Exit - MemInfo: Wall-clock time since execution start:              0.0343734 seconds
20220313 061226.056 INFO             PET0  PASS  Write ESMF_Array without Halo to NetCDF Test, ESMF_ArrayIOUTest.F90, line 274
20220313 061226.056 INFO             PET0  PASS  Create Array without Halo for PIO Read, ESMF_ArrayIOUTest.F90, line 288
20220313 061226.056 INFO             PET0  PASS  Create Array with Halo for PIO Read, ESMF_ArrayIOUTest.F90, line 299
20220313 061226.057 INFO             PET0  PASS  Create Array with Halo for PIO Read, ESMF_ArrayIOUTest.F90, line 309
20220313 061226.058 WARNING          PET0 ESMCI_PIO_Handler.C:1344 ESMCI::PIO_Handler::open()  Unable to set fill on file: file3D_wouthalo.nc, (PIO/NetCDF error = NetCDF: Write to read only)
20220313 061226.058 INFO             PET0 PIOc_sync Enter - MemInfo: [/proc/meminfo - SSI]	MemTotal:       65507008 kB
20220313 061226.058 INFO             PET0 PIOc_sync Enter - MemInfo: [/proc/meminfo - SSI]	MemFree:        49648056 kB
20220313 061226.058 INFO             PET0 PIOc_sync Enter - MemInfo: [/proc/meminfo - SSI]	MemAvailable:   49405120 kB
20220313 061226.058 INFO             PET0 PIOc_sync Enter - MemInfo: [/proc/meminfo - SSI]	Committed_AS:   13167352 kB
20220313 061226.058 INFO             PET0 PIOc_sync Enter - MemInfo: [/proc/meminfo - SSI]	CommittedPercent: 20.1007 %
20220313 061226.058 INFO             PET0 PIOc_sync Enter - MemInfo: [/proc/self/status]	VmPeak:	  537684 kB
20220313 061226.058 INFO             PET0 PIOc_sync Enter - MemInfo: [/proc/self/status]	VmSize:	  529496 kB
20220313 061226.058 INFO             PET0 PIOc_sync Enter - MemInfo: [/proc/self/status]	VmLck:	       0 kB
20220313 061226.058 INFO             PET0 PIOc_sync Enter - MemInfo: [/proc/self/status]	VmPin:	       0 kB
20220313 061226.058 INFO             PET0 PIOc_sync Enter - MemInfo: [/proc/self/status]	VmHWM:	   61384 kB
20220313 061226.058 INFO             PET0 PIOc_sync Enter - MemInfo: [/proc/self/status]	VmRSS:	   36564 kB
20220313 061226.058 INFO             PET0 PIOc_sync Enter - MemInfo: [/proc/self/status]	VmData:	   32060 kB
20220313 061226.058 INFO             PET0 PIOc_sync Enter - MemInfo: [/proc/self/status]	VmStk:	     148 kB
20220313 061226.058 INFO             PET0 PIOc_sync Enter - MemInfo: [/proc/self/status]	VmExe:	     300 kB
20220313 061226.058 INFO             PET0 PIOc_sync Enter - MemInfo: [/proc/self/status]	VmLib:	   49028 kB
20220313 061226.058 INFO             PET0 PIOc_sync Enter - MemInfo: [/proc/self/status]	VmPTE:	     776 kB
20220313 061226.058 INFO             PET0 PIOc_sync Enter - MemInfo: [/proc/self/status]	VmPMD:	      12 kB
20220313 061226.058 INFO             PET0 PIOc_sync Enter - MemInfo: [/proc/self/status]	VmSwap:	       0 kB
20220313 061226.058 INFO             PET0 PIOc_sync Enter - MemInfo: [/proc/self/status]	VmRSSPercent: 0.0558169 %
20220313 061226.058 INFO             PET0 PIOc_sync Enter - MemInfo: [malloc] Non-mmapped space allocated:                20561920 Byte
20220313 061226.058 INFO             PET0 PIOc_sync Enter - MemInfo: [malloc] Space allocated in mmapped regions:          1581056 Byte
20220313 061226.058 INFO             PET0 PIOc_sync Enter - MemInfo: [malloc] Maximum total allocated space:                     0 Byte
20220313 061226.058 INFO             PET0 PIOc_sync Enter - MemInfo: [malloc] Space in freed fastbin blocks:                  1488 Byte
20220313 061226.058 INFO             PET0 PIOc_sync Enter - MemInfo: [malloc] Total allocated space:                      20135200 Byte
20220313 061226.058 INFO             PET0 PIOc_sync Enter - MemInfo: [malloc] Total free space:                             426720 Byte
20220313 061226.058 INFO             PET0 PIOc_sync Enter - MemInfo: [malloc] Top-most, releasable space:                   131696 Byte
20220313 061226.058 INFO             PET0 PIOc_sync Enter - MemInfo: [malloc] Total space in use, mmap + non-mmap:        21716256 Byte
20220313 061226.058 INFO             PET0 PIOc_sync Enter - MemInfo: [malloc] Total space held (mmap + non-mmap):         22142976 Byte
20220313 061226.058 INFO             PET0 PIOc_sync Enter - MemInfo: [malloc] Total space used (mmap + non-mmap):         21725584 Byte
20220313 061226.058 INFO             PET0 PIOc_sync Enter - MemInfo: Wall-clock time since execution start:              0.0364892 seconds
20220313 061226.058 INFO             PET0 PIOc_sync Exit - MemInfo: [/proc/meminfo - SSI]	MemTotal:       65507008 kB
20220313 061226.058 INFO             PET0 PIOc_sync Exit - MemInfo: [/proc/meminfo - SSI]	MemFree:        49648048 kB
20220313 061226.058 INFO             PET0 PIOc_sync Exit - MemInfo: [/proc/meminfo - SSI]	MemAvailable:   49405112 kB
20220313 061226.058 INFO             PET0 PIOc_sync Exit - MemInfo: [/proc/meminfo - SSI]	Committed_AS:   13167352 kB
20220313 061226.058 INFO             PET0 PIOc_sync Exit - MemInfo: [/proc/meminfo - SSI]	CommittedPercent: 20.1007 %
20220313 061226.058 INFO             PET0 PIOc_sync Exit - MemInfo: [/proc/self/status]	VmPeak:	  537684 kB
20220313 061226.058 INFO             PET0 PIOc_sync Exit - MemInfo: [/proc/self/status]	VmSize:	  529496 kB
20220313 061226.058 INFO             PET0 PIOc_sync Exit - MemInfo: [/proc/self/status]	VmLck:	       0 kB
20220313 061226.058 INFO             PET0 PIOc_sync Exit - MemInfo: [/proc/self/status]	VmPin:	       0 kB
20220313 061226.058 INFO             PET0 PIOc_sync Exit - MemInfo: [/proc/self/status]	VmHWM:	   61384 kB
20220313 061226.058 INFO             PET0 PIOc_sync Exit - MemInfo: [/proc/self/status]	VmRSS:	   36564 kB
20220313 061226.058 INFO             PET0 PIOc_sync Exit - MemInfo: [/proc/self/status]	VmData:	   32060 kB
20220313 061226.058 INFO             PET0 PIOc_sync Exit - MemInfo: [/proc/self/status]	VmStk:	     148 kB
20220313 061226.058 INFO             PET0 PIOc_sync Exit - MemInfo: [/proc/self/status]	VmExe:	     300 kB
20220313 061226.058 INFO             PET0 PIOc_sync Exit - MemInfo: [/proc/self/status]	VmLib:	   49028 kB
20220313 061226.058 INFO             PET0 PIOc_sync Exit - MemInfo: [/proc/self/status]	VmPTE:	     776 kB
20220313 061226.058 INFO             PET0 PIOc_sync Exit - MemInfo: [/proc/self/status]	VmPMD:	      12 kB
20220313 061226.058 INFO             PET0 PIOc_sync Exit - MemInfo: [/proc/self/status]	VmSwap:	       0 kB
20220313 061226.058 INFO             PET0 PIOc_sync Exit - MemInfo: [/proc/self/status]	VmRSSPercent: 0.0558169 %
20220313 061226.058 INFO             PET0 PIOc_sync Exit - MemInfo: [malloc] Non-mmapped space allocated:                20561920 Byte
20220313 061226.058 INFO             PET0 PIOc_sync Exit - MemInfo: [malloc] Space allocated in mmapped regions:          1581056 Byte
20220313 061226.058 INFO             PET0 PIOc_sync Exit - MemInfo: [malloc] Maximum total allocated space:                     0 Byte
20220313 061226.058 INFO             PET0 PIOc_sync Exit - MemInfo: [malloc] Space in freed fastbin blocks:                  1344 Byte
20220313 061226.058 INFO             PET0 PIOc_sync Exit - MemInfo: [malloc] Total allocated space:                      20135200 Byte
20220313 061226.058 INFO             PET0 PIOc_sync Exit - MemInfo: [malloc] Total free space:                             426720 Byte
20220313 061226.058 INFO             PET0 PIOc_sync Exit - MemInfo: [malloc] Top-most, releasable space:                   131696 Byte
20220313 061226.058 INFO             PET0 PIOc_sync Exit - MemInfo: [malloc] Total space in use, mmap + non-mmap:        21716256 Byte
20220313 061226.058 INFO             PET0 PIOc_sync Exit - MemInfo: [malloc] Total space held (mmap + non-mmap):         22142976 Byte
20220313 061226.059 INFO             PET0 PIOc_sync Exit - MemInfo: [malloc] Total space used (mmap + non-mmap):         21725584 Byte
20220313 061226.059 INFO             PET0 PIOc_sync Exit - MemInfo: Wall-clock time since execution start:              0.0368623 seconds
20220313 061226.059 INFO             PET0 PIOc_freedecomp Enter - MemInfo: [/proc/meminfo - SSI]	MemTotal:       65507008 kB
20220313 061226.059 INFO             PET0 PIOc_freedecomp Enter - MemInfo: [/proc/meminfo - SSI]	MemFree:        49648048 kB
20220313 061226.059 INFO             PET0 PIOc_freedecomp Enter - MemInfo: [/proc/meminfo - SSI]	MemAvailable:   49405112 kB
20220313 061226.059 INFO             PET0 PIOc_freedecomp Enter - MemInfo: [/proc/meminfo - SSI]	Committed_AS:   13167352 kB
20220313 061226.059 INFO             PET0 PIOc_freedecomp Enter - MemInfo: [/proc/meminfo - SSI]	CommittedPercent: 20.1007 %
20220313 061226.059 INFO             PET0 PIOc_freedecomp Enter - MemInfo: [/proc/self/status]	VmPeak:	  537684 kB
20220313 061226.059 INFO             PET0 PIOc_freedecomp Enter - MemInfo: [/proc/self/status]	VmSize:	  529496 kB
20220313 061226.059 INFO             PET0 PIOc_freedecomp Enter - MemInfo: [/proc/self/status]	VmLck:	       0 kB
20220313 061226.059 INFO             PET0 PIOc_freedecomp Enter - MemInfo: [/proc/self/status]	VmPin:	       0 kB
20220313 061226.059 INFO             PET0 PIOc_freedecomp Enter - MemInfo: [/proc/self/status]	VmHWM:	   61384 kB
20220313 061226.059 INFO             PET0 PIOc_freedecomp Enter - MemInfo: [/proc/self/status]	VmRSS:	   36564 kB
20220313 061226.059 INFO             PET0 PIOc_freedecomp Enter - MemInfo: [/proc/self/status]	VmData:	   32060 kB
20220313 061226.059 INFO             PET0 PIOc_freedecomp Enter - MemInfo: [/proc/self/status]	VmStk:	     148 kB
20220313 061226.059 INFO             PET0 PIOc_freedecomp Enter - MemInfo: [/proc/self/status]	VmExe:	     300 kB
20220313 061226.059 INFO             PET0 PIOc_freedecomp Enter - MemInfo: [/proc/self/status]	VmLib:	   49028 kB
20220313 061226.059 INFO             PET0 PIOc_freedecomp Enter - MemInfo: [/proc/self/status]	VmPTE:	     776 kB
20220313 061226.059 INFO             PET0 PIOc_freedecomp Enter - MemInfo: [/proc/self/status]	VmPMD:	      12 kB
20220313 061226.059 INFO             PET0 PIOc_freedecomp Enter - MemInfo: [/proc/self/status]	VmSwap:	       0 kB
20220313 061226.059 INFO             PET0 PIOc_freedecomp Enter - MemInfo: [/proc/self/status]	VmRSSPercent: 0.0558169 %
20220313 061226.059 INFO             PET0 PIOc_freedecomp Enter - MemInfo: [malloc] Non-mmapped space allocated:                20561920 Byte
20220313 061226.059 INFO             PET0 PIOc_freedecomp Enter - MemInfo: [malloc] Space allocated in mmapped regions:          1581056 Byte
20220313 061226.059 INFO             PET0 PIOc_freedecomp Enter - MemInfo: [malloc] Maximum total allocated space:                     0 Byte
20220313 061226.059 INFO             PET0 PIOc_freedecomp Enter - MemInfo: [malloc] Space in freed fastbin blocks:                  1904 Byte
20220313 061226.059 INFO             PET0 PIOc_freedecomp Enter - MemInfo: [malloc] Total allocated space:                       2820304 Byte
20220313 061226.059 INFO             PET0 PIOc_freedecomp Enter - MemInfo: [malloc] Total free space:                           17741616 Byte
20220313 061226.059 INFO             PET0 PIOc_freedecomp Enter - MemInfo: [malloc] Top-most, releasable space:                 17433232 Byte
20220313 061226.059 INFO             PET0 PIOc_freedecomp Enter - MemInfo: [malloc] Total space in use, mmap + non-mmap:         4401360 Byte
20220313 061226.059 INFO             PET0 PIOc_freedecomp Enter - MemInfo: [malloc] Total space held (mmap + non-mmap):         22142976 Byte
20220313 061226.059 INFO             PET0 PIOc_freedecomp Enter - MemInfo: [malloc] Total space used (mmap + non-mmap):          4410688 Byte
20220313 061226.059 INFO             PET0 PIOc_freedecomp Enter - MemInfo: Wall-clock time since execution start:              0.0372485 seconds
20220313 061226.059 INFO             PET0 PIOc_freedecomp Exit - MemInfo: [/proc/meminfo - SSI]	MemTotal:       65507008 kB
20220313 061226.059 INFO             PET0 PIOc_freedecomp Exit - MemInfo: [/proc/meminfo - SSI]	MemFree:        49648048 kB
20220313 061226.059 INFO             PET0 PIOc_freedecomp Exit - MemInfo: [/proc/meminfo - SSI]	MemAvailable:   49405112 kB
20220313 061226.059 INFO             PET0 PIOc_freedecomp Exit - MemInfo: [/proc/meminfo - SSI]	Committed_AS:   13167352 kB
20220313 061226.059 INFO             PET0 PIOc_freedecomp Exit - MemInfo: [/proc/meminfo - SSI]	CommittedPercent: 20.1007 %
20220313 061226.059 INFO             PET0 PIOc_freedecomp Exit - MemInfo: [/proc/self/status]	VmPeak:	  537684 kB
20220313 061226.059 INFO             PET0 PIOc_freedecomp Exit - MemInfo: [/proc/self/status]	VmSize:	  529496 kB
20220313 061226.059 INFO             PET0 PIOc_freedecomp Exit - MemInfo: [/proc/self/status]	VmLck:	       0 kB
20220313 061226.059 INFO             PET0 PIOc_freedecomp Exit - MemInfo: [/proc/self/status]	VmPin:	       0 kB
20220313 061226.059 INFO             PET0 PIOc_freedecomp Exit - MemInfo: [/proc/self/status]	VmHWM:	   61384 kB
20220313 061226.059 INFO             PET0 PIOc_freedecomp Exit - MemInfo: [/proc/self/status]	VmRSS:	   36564 kB
20220313 061226.059 INFO             PET0 PIOc_freedecomp Exit - MemInfo: [/proc/self/status]	VmData:	   32060 kB
20220313 061226.059 INFO             PET0 PIOc_freedecomp Exit - MemInfo: [/proc/self/status]	VmStk:	     148 kB
20220313 061226.059 INFO             PET0 PIOc_freedecomp Exit - MemInfo: [/proc/self/status]	VmExe:	     300 kB
20220313 061226.059 INFO             PET0 PIOc_freedecomp Exit - MemInfo: [/proc/self/status]	VmLib:	   49028 kB
20220313 061226.059 INFO             PET0 PIOc_freedecomp Exit - MemInfo: [/proc/self/status]	VmPTE:	     776 kB
20220313 061226.059 INFO             PET0 PIOc_freedecomp Exit - MemInfo: [/proc/self/status]	VmPMD:	      12 kB
20220313 061226.059 INFO             PET0 PIOc_freedecomp Exit - MemInfo: [/proc/self/status]	VmSwap:	       0 kB
20220313 061226.059 INFO             PET0 PIOc_freedecomp Exit - MemInfo: [/proc/self/status]	VmRSSPercent: 0.0558169 %
20220313 061226.059 INFO             PET0 PIOc_freedecomp Exit - MemInfo: [malloc] Non-mmapped space allocated:                20561920 Byte
20220313 061226.059 INFO             PET0 PIOc_freedecomp Exit - MemInfo: [malloc] Space allocated in mmapped regions:          1581056 Byte
20220313 061226.059 INFO             PET0 PIOc_freedecomp Exit - MemInfo: [malloc] Maximum total allocated space:                     0 Byte
20220313 061226.059 INFO             PET0 PIOc_freedecomp Exit - MemInfo: [malloc] Space in freed fastbin blocks:                  1728 Byte
20220313 061226.059 INFO             PET0 PIOc_freedecomp Exit - MemInfo: [malloc] Total allocated space:                       2798128 Byte
20220313 061226.059 INFO             PET0 PIOc_freedecomp Exit - MemInfo: [malloc] Total free space:                           17763792 Byte
20220313 061226.059 INFO             PET0 PIOc_freedecomp Exit - MemInfo: [malloc] Top-most, releasable space:                 17433232 Byte
20220313 061226.059 INFO             PET0 PIOc_freedecomp Exit - MemInfo: [malloc] Total space in use, mmap + non-mmap:         4379184 Byte
20220313 061226.059 INFO             PET0 PIOc_freedecomp Exit - MemInfo: [malloc] Total space held (mmap + non-mmap):         22142976 Byte
20220313 061226.059 INFO             PET0 PIOc_freedecomp Exit - MemInfo: [malloc] Total space used (mmap + non-mmap):          4388512 Byte
20220313 061226.059 INFO             PET0 PIOc_freedecomp Exit - MemInfo: Wall-clock time since execution start:              0.0375989 seconds
20220313 061226.059 INFO             PET0  PASS  Read ESMF_Array without Halo from NetCDF file Test, ESMF_ArrayIOUTest.F90, line 330
20220313 061226.059 INFO             PET0  PASS  Compare read in data to the existing data - 3D without halo, ESMF_ArrayIOUTest.F90, line 353
20220313 061226.060 WARNING          PET0 ESMCI_PIO_Handler.C:1344 ESMCI::PIO_Handler::open()  Unable to set fill on file: file3D_withhalo.nc, (PIO/NetCDF error = NetCDF: Write to read only)
20220313 061226.061 INFO             PET0 PIOc_sync Enter - MemInfo: [/proc/meminfo - SSI]	MemTotal:       65507008 kB
20220313 061226.061 INFO             PET0 PIOc_sync Enter - MemInfo: [/proc/meminfo - SSI]	MemFree:        49648048 kB
20220313 061226.061 INFO             PET0 PIOc_sync Enter - MemInfo: [/proc/meminfo - SSI]	MemAvailable:   49405112 kB
20220313 061226.061 INFO             PET0 PIOc_sync Enter - MemInfo: [/proc/meminfo - SSI]	Committed_AS:   13167352 kB
20220313 061226.061 INFO             PET0 PIOc_sync Enter - MemInfo: [/proc/meminfo - SSI]	CommittedPercent: 20.1007 %
20220313 061226.061 INFO             PET0 PIOc_sync Enter - MemInfo: [/proc/self/status]	VmPeak:	  537684 kB
20220313 061226.061 INFO             PET0 PIOc_sync Enter - MemInfo: [/proc/self/status]	VmSize:	  529496 kB
20220313 061226.061 INFO             PET0 PIOc_sync Enter - MemInfo: [/proc/self/status]	VmLck:	       0 kB
20220313 061226.061 INFO             PET0 PIOc_sync Enter - MemInfo: [/proc/self/status]	VmPin:	       0 kB
20220313 061226.061 INFO             PET0 PIOc_sync Enter - MemInfo: [/proc/self/status]	VmHWM:	   61384 kB
20220313 061226.061 INFO             PET0 PIOc_sync Enter - MemInfo: [/proc/self/status]	VmRSS:	   36592 kB
20220313 061226.061 INFO             PET0 PIOc_sync Enter - MemInfo: [/proc/self/status]	VmData:	   32060 kB
20220313 061226.061 INFO             PET0 PIOc_sync Enter - MemInfo: [/proc/self/status]	VmStk:	     148 kB
20220313 061226.061 INFO             PET0 PIOc_sync Enter - MemInfo: [/proc/self/status]	VmExe:	     300 kB
20220313 061226.061 INFO             PET0 PIOc_sync Enter - MemInfo: [/proc/self/status]	VmLib:	   49028 kB
20220313 061226.061 INFO             PET0 PIOc_sync Enter - MemInfo: [/proc/self/status]	VmPTE:	     780 kB
20220313 061226.061 INFO             PET0 PIOc_sync Enter - MemInfo: [/proc/self/status]	VmPMD:	      12 kB
20220313 061226.061 INFO             PET0 PIOc_sync Enter - MemInfo: [/proc/self/status]	VmSwap:	       0 kB
20220313 061226.061 INFO             PET0 PIOc_sync Enter - MemInfo: [/proc/self/status]	VmRSSPercent: 0.0558597 %
20220313 061226.061 INFO             PET0 PIOc_sync Enter - MemInfo: [malloc] Non-mmapped space allocated:                20561920 Byte
20220313 061226.061 INFO             PET0 PIOc_sync Enter - MemInfo: [malloc] Space allocated in mmapped regions:          1581056 Byte
20220313 061226.061 INFO             PET0 PIOc_sync Enter - MemInfo: [malloc] Maximum total allocated space:                     0 Byte
20220313 061226.061 INFO             PET0 PIOc_sync Enter - MemInfo: [malloc] Space in freed fastbin blocks:                  1472 Byte
20220313 061226.061 INFO             PET0 PIOc_sync Enter - MemInfo: [malloc] Total allocated space:                      20148848 Byte
20220313 061226.061 INFO             PET0 PIOc_sync Enter - MemInfo: [malloc] Total free space:                             413072 Byte
20220313 061226.061 INFO             PET0 PIOc_sync Enter - MemInfo: [malloc] Top-most, releasable space:                   131696 Byte
20220313 061226.061 INFO             PET0 PIOc_sync Enter - MemInfo: [malloc] Total space in use, mmap + non-mmap:        21729904 Byte
20220313 061226.061 INFO             PET0 PIOc_sync Enter - MemInfo: [malloc] Total space held (mmap + non-mmap):         22142976 Byte
20220313 061226.061 INFO             PET0 PIOc_sync Enter - MemInfo: [malloc] Total space used (mmap + non-mmap):         21739248 Byte
20220313 061226.061 INFO             PET0 PIOc_sync Enter - MemInfo: Wall-clock time since execution start:              0.0392833 seconds
20220313 061226.061 INFO             PET0 PIOc_sync Exit - MemInfo: [/proc/meminfo - SSI]	MemTotal:       65507008 kB
20220313 061226.061 INFO             PET0 PIOc_sync Exit - MemInfo: [/proc/meminfo - SSI]	MemFree:        49648048 kB
20220313 061226.061 INFO             PET0 PIOc_sync Exit - MemInfo: [/proc/meminfo - SSI]	MemAvailable:   49405112 kB
20220313 061226.061 INFO             PET0 PIOc_sync Exit - MemInfo: [/proc/meminfo - SSI]	Committed_AS:   13167352 kB
20220313 061226.061 INFO             PET0 PIOc_sync Exit - MemInfo: [/proc/meminfo - SSI]	CommittedPercent: 20.1007 %
20220313 061226.061 INFO             PET0 PIOc_sync Exit - MemInfo: [/proc/self/status]	VmPeak:	  537684 kB
20220313 061226.061 INFO             PET0 PIOc_sync Exit - MemInfo: [/proc/self/status]	VmSize:	  529496 kB
20220313 061226.061 INFO             PET0 PIOc_sync Exit - MemInfo: [/proc/self/status]	VmLck:	       0 kB
20220313 061226.061 INFO             PET0 PIOc_sync Exit - MemInfo: [/proc/self/status]	VmPin:	       0 kB
20220313 061226.061 INFO             PET0 PIOc_sync Exit - MemInfo: [/proc/self/status]	VmHWM:	   61384 kB
20220313 061226.061 INFO             PET0 PIOc_sync Exit - MemInfo: [/proc/self/status]	VmRSS:	   36592 kB
20220313 061226.061 INFO             PET0 PIOc_sync Exit - MemInfo: [/proc/self/status]	VmData:	   32060 kB
20220313 061226.061 INFO             PET0 PIOc_sync Exit - MemInfo: [/proc/self/status]	VmStk:	     148 kB
20220313 061226.061 INFO             PET0 PIOc_sync Exit - MemInfo: [/proc/self/status]	VmExe:	     300 kB
20220313 061226.061 INFO             PET0 PIOc_sync Exit - MemInfo: [/proc/self/status]	VmLib:	   49028 kB
20220313 061226.061 INFO             PET0 PIOc_sync Exit - MemInfo: [/proc/self/status]	VmPTE:	     780 kB
20220313 061226.061 INFO             PET0 PIOc_sync Exit - MemInfo: [/proc/self/status]	VmPMD:	      12 kB
20220313 061226.061 INFO             PET0 PIOc_sync Exit - MemInfo: [/proc/self/status]	VmSwap:	       0 kB
20220313 061226.061 INFO             PET0 PIOc_sync Exit - MemInfo: [/proc/self/status]	VmRSSPercent: 0.0558597 %
20220313 061226.061 INFO             PET0 PIOc_sync Exit - MemInfo: [malloc] Non-mmapped space allocated:                20561920 Byte
20220313 061226.061 INFO             PET0 PIOc_sync Exit - MemInfo: [malloc] Space allocated in mmapped regions:          1581056 Byte
20220313 061226.061 INFO             PET0 PIOc_sync Exit - MemInfo: [malloc] Maximum total allocated space:                     0 Byte
20220313 061226.061 INFO             PET0 PIOc_sync Exit - MemInfo: [malloc] Space in freed fastbin blocks:                  1792 Byte
20220313 061226.061 INFO             PET0 PIOc_sync Exit - MemInfo: [malloc] Total allocated space:                      20148848 Byte
20220313 061226.061 INFO             PET0 PIOc_sync Exit - MemInfo: [malloc] Total free space:                             413072 Byte
20220313 061226.061 INFO             PET0 PIOc_sync Exit - MemInfo: [malloc] Top-most, releasable space:                   131696 Byte
20220313 061226.061 INFO             PET0 PIOc_sync Exit - MemInfo: [malloc] Total space in use, mmap + non-mmap:        21729904 Byte
20220313 061226.061 INFO             PET0 PIOc_sync Exit - MemInfo: [malloc] Total space held (mmap + non-mmap):         22142976 Byte
20220313 061226.061 INFO             PET0 PIOc_sync Exit - MemInfo: [malloc] Total space used (mmap + non-mmap):         21739248 Byte
20220313 061226.061 INFO             PET0 PIOc_sync Exit - MemInfo: Wall-clock time since execution start:              0.0396553 seconds
20220313 061226.061 INFO             PET0 PIOc_freedecomp Enter - MemInfo: [/proc/meminfo - SSI]	MemTotal:       65507008 kB
20220313 061226.061 INFO             PET0 PIOc_freedecomp Enter - MemInfo: [/proc/meminfo - SSI]	MemFree:        49648048 kB
20220313 061226.061 INFO             PET0 PIOc_freedecomp Enter - MemInfo: [/proc/meminfo - SSI]	MemAvailable:   49405112 kB
20220313 061226.061 INFO             PET0 PIOc_freedecomp Enter - MemInfo: [/proc/meminfo - SSI]	Committed_AS:   13167352 kB
20220313 061226.061 INFO             PET0 PIOc_freedecomp Enter - MemInfo: [/proc/meminfo - SSI]	CommittedPercent: 20.1007 %
20220313 061226.061 INFO             PET0 PIOc_freedecomp Enter - MemInfo: [/proc/self/status]	VmPeak:	  537684 kB
20220313 061226.061 INFO             PET0 PIOc_freedecomp Enter - MemInfo: [/proc/self/status]	VmSize:	  529496 kB
20220313 061226.061 INFO             PET0 PIOc_freedecomp Enter - MemInfo: [/proc/self/status]	VmLck:	       0 kB
20220313 061226.061 INFO             PET0 PIOc_freedecomp Enter - MemInfo: [/proc/self/status]	VmPin:	       0 kB
20220313 061226.061 INFO             PET0 PIOc_freedecomp Enter - MemInfo: [/proc/self/status]	VmHWM:	   61384 kB
20220313 061226.061 INFO             PET0 PIOc_freedecomp Enter - MemInfo: [/proc/self/status]	VmRSS:	   36592 kB
20220313 061226.062 INFO             PET0 PIOc_freedecomp Enter - MemInfo: [/proc/self/status]	VmData:	   32060 kB
20220313 061226.062 INFO             PET0 PIOc_freedecomp Enter - MemInfo: [/proc/self/status]	VmStk:	     148 kB
20220313 061226.062 INFO             PET0 PIOc_freedecomp Enter - MemInfo: [/proc/self/status]	VmExe:	     300 kB
20220313 061226.062 INFO             PET0 PIOc_freedecomp Enter - MemInfo: [/proc/self/status]	VmLib:	   49028 kB
20220313 061226.062 INFO             PET0 PIOc_freedecomp Enter - MemInfo: [/proc/self/status]	VmPTE:	     780 kB
20220313 061226.062 INFO             PET0 PIOc_freedecomp Enter - MemInfo: [/proc/self/status]	VmPMD:	      12 kB
20220313 061226.062 INFO             PET0 PIOc_freedecomp Enter - MemInfo: [/proc/self/status]	VmSwap:	       0 kB
20220313 061226.062 INFO             PET0 PIOc_freedecomp Enter - MemInfo: [/proc/self/status]	VmRSSPercent: 0.0558597 %
20220313 061226.062 INFO             PET0 PIOc_freedecomp Enter - MemInfo: [malloc] Non-mmapped space allocated:                20561920 Byte
20220313 061226.062 INFO             PET0 PIOc_freedecomp Enter - MemInfo: [malloc] Space allocated in mmapped regions:          1581056 Byte
20220313 061226.062 INFO             PET0 PIOc_freedecomp Enter - MemInfo: [malloc] Maximum total allocated space:                     0 Byte
20220313 061226.062 INFO             PET0 PIOc_freedecomp Enter - MemInfo: [malloc] Space in freed fastbin blocks:                  1792 Byte
20220313 061226.062 INFO             PET0 PIOc_freedecomp Enter - MemInfo: [malloc] Total allocated space:                       2833952 Byte
20220313 061226.062 INFO             PET0 PIOc_freedecomp Enter - MemInfo: [malloc] Total free space:                           17727968 Byte
20220313 061226.062 INFO             PET0 PIOc_freedecomp Enter - MemInfo: [malloc] Top-most, releasable space:                 17433232 Byte
20220313 061226.062 INFO             PET0 PIOc_freedecomp Enter - MemInfo: [malloc] Total space in use, mmap + non-mmap:         4415008 Byte
20220313 061226.062 INFO             PET0 PIOc_freedecomp Enter - MemInfo: [malloc] Total space held (mmap + non-mmap):         22142976 Byte
20220313 061226.062 INFO             PET0 PIOc_freedecomp Enter - MemInfo: [malloc] Total space used (mmap + non-mmap):          4424336 Byte
20220313 061226.062 INFO             PET0 PIOc_freedecomp Enter - MemInfo: Wall-clock time since execution start:              0.0400253 seconds
20220313 061226.062 INFO             PET0 PIOc_freedecomp Exit - MemInfo: [/proc/meminfo - SSI]	MemTotal:       65507008 kB
20220313 061226.062 INFO             PET0 PIOc_freedecomp Exit - MemInfo: [/proc/meminfo - SSI]	MemFree:        49648048 kB
20220313 061226.062 INFO             PET0 PIOc_freedecomp Exit - MemInfo: [/proc/meminfo - SSI]	MemAvailable:   49405112 kB
20220313 061226.062 INFO             PET0 PIOc_freedecomp Exit - MemInfo: [/proc/meminfo - SSI]	Committed_AS:   13167352 kB
20220313 061226.062 INFO             PET0 PIOc_freedecomp Exit - MemInfo: [/proc/meminfo - SSI]	CommittedPercent: 20.1007 %
20220313 061226.062 INFO             PET0 PIOc_freedecomp Exit - MemInfo: [/proc/self/status]	VmPeak:	  537684 kB
20220313 061226.062 INFO             PET0 PIOc_freedecomp Exit - MemInfo: [/proc/self/status]	VmSize:	  529496 kB
20220313 061226.062 INFO             PET0 PIOc_freedecomp Exit - MemInfo: [/proc/self/status]	VmLck:	       0 kB
20220313 061226.062 INFO             PET0 PIOc_freedecomp Exit - MemInfo: [/proc/self/status]	VmPin:	       0 kB
20220313 061226.062 INFO             PET0 PIOc_freedecomp Exit - MemInfo: [/proc/self/status]	VmHWM:	   61384 kB
20220313 061226.062 INFO             PET0 PIOc_freedecomp Exit - MemInfo: [/proc/self/status]	VmRSS:	   36592 kB
20220313 061226.062 INFO             PET0 PIOc_freedecomp Exit - MemInfo: [/proc/self/status]	VmData:	   32060 kB
20220313 061226.062 INFO             PET0 PIOc_freedecomp Exit - MemInfo: [/proc/self/status]	VmStk:	     148 kB
20220313 061226.062 INFO             PET0 PIOc_freedecomp Exit - MemInfo: [/proc/self/status]	VmExe:	     300 kB
20220313 061226.062 INFO             PET0 PIOc_freedecomp Exit - MemInfo: [/proc/self/status]	VmLib:	   49028 kB
20220313 061226.062 INFO             PET0 PIOc_freedecomp Exit - MemInfo: [/proc/self/status]	VmPTE:	     780 kB
20220313 061226.062 INFO             PET0 PIOc_freedecomp Exit - MemInfo: [/proc/self/status]	VmPMD:	      12 kB
20220313 061226.062 INFO             PET0 PIOc_freedecomp Exit - MemInfo: [/proc/self/status]	VmSwap:	       0 kB
20220313 061226.062 INFO             PET0 PIOc_freedecomp Exit - MemInfo: [/proc/self/status]	VmRSSPercent: 0.0558597 %
20220313 061226.062 INFO             PET0 PIOc_freedecomp Exit - MemInfo: [malloc] Non-mmapped space allocated:                20561920 Byte
20220313 061226.062 INFO             PET0 PIOc_freedecomp Exit - MemInfo: [malloc] Space allocated in mmapped regions:          1581056 Byte
20220313 061226.062 INFO             PET0 PIOc_freedecomp Exit - MemInfo: [malloc] Maximum total allocated space:                     0 Byte
20220313 061226.062 INFO             PET0 PIOc_freedecomp Exit - MemInfo: [malloc] Space in freed fastbin blocks:                  2672 Byte
20220313 061226.062 INFO             PET0 PIOc_freedecomp Exit - MemInfo: [malloc] Total allocated space:                       2798112 Byte
20220313 061226.062 INFO             PET0 PIOc_freedecomp Exit - MemInfo: [malloc] Total free space:                           17763808 Byte
20220313 061226.062 INFO             PET0 PIOc_freedecomp Exit - MemInfo: [malloc] Top-most, releasable space:                 17433232 Byte
20220313 061226.062 INFO             PET0 PIOc_freedecomp Exit - MemInfo: [malloc] Total space in use, mmap + non-mmap:         4379168 Byte
20220313 061226.062 INFO             PET0 PIOc_freedecomp Exit - MemInfo: [malloc] Total space held (mmap + non-mmap):         22142976 Byte
20220313 061226.062 INFO             PET0 PIOc_freedecomp Exit - MemInfo: [malloc] Total space used (mmap + non-mmap):          4388496 Byte
20220313 061226.062 INFO             PET0 PIOc_freedecomp Exit - MemInfo: Wall-clock time since execution start:              0.0403756 seconds
20220313 061226.062 INFO             PET0  PASS  Read ESMF_Array with Halo from NetCDF Test, ESMF_ArrayIOUTest.F90, line 380
20220313 061226.062 ERROR            PET0 ESMCI_IO_Handler.C:164 ESMCI::IO_Handler::create() Unknown I/O Format
20220313 061226.062 ERROR            PET0 ESMCI_IO.C:264 ESMCI::IO::read() Invalid argument  - Internal subroutine call returned Error
20220313 061226.062 ERROR            PET0 ESMCI_Array.C:3933 ESMCI::Array::read() Invalid argument  - Internal subroutine call returned Error
20220313 061226.062 ERROR            PET0 ESMCI_Array_F.C:831 c_esmc_arrayread() Invalid argument  - Internal subroutine call returned Error
20220313 061226.062 ERROR            PET0 ESMF_ArrayHa.F90:723 ESMF_ArrayRead Invalid argument  - Internal subroutine call returned Error
20220313 061226.062 INFO             PET0  PASS  Read ESMF_Array with Halo from binary Test, ESMF_ArrayIOUTest.F90, line 394
20220313 061226.062 INFO             PET0  PASS  Compare read in data to the existing NetCDF data - 3D with halo, ESMF_ArrayIOUTest.F90, line 412
20220313 061226.062 ERROR            PET0 ESMCI_Array.C:3914 ESMCI::Array::read() Invalid argument  - Array variable name not allowed in binary mode
20220313 061226.062 ERROR            PET0 ESMCI_Array_F.C:831 c_esmc_arrayread() Invalid argument  - Internal subroutine call returned Error
20220313 061226.062 ERROR            PET0 ESMF_ArrayHa.F90:723 ESMF_ArrayRead Invalid argument  - Internal subroutine call returned Error
20220313 061226.062 INFO             PET0  PASS  Read ESMF_Array variable with Halo from binary Test, ESMF_ArrayIOUTest.F90, line 430
20220313 061226.064 INFO             PET0 PIOc_sync Enter - MemInfo: [/proc/meminfo - SSI]	MemTotal:       65507008 kB
20220313 061226.064 INFO             PET0 PIOc_sync Enter - MemInfo: [/proc/meminfo - SSI]	MemFree:        49648300 kB
20220313 061226.064 INFO             PET0 PIOc_sync Enter - MemInfo: [/proc/meminfo - SSI]	MemAvailable:   49405372 kB
20220313 061226.064 INFO             PET0 PIOc_sync Enter - MemInfo: [/proc/meminfo - SSI]	Committed_AS:   13167352 kB
20220313 061226.064 INFO             PET0 PIOc_sync Enter - MemInfo: [/proc/meminfo - SSI]	CommittedPercent: 20.1007 %
20220313 061226.064 INFO             PET0 PIOc_sync Enter - MemInfo: [/proc/self/status]	VmPeak:	  537684 kB
20220313 061226.064 INFO             PET0 PIOc_sync Enter - MemInfo: [/proc/self/status]	VmSize:	  529496 kB
20220313 061226.064 INFO             PET0 PIOc_sync Enter - MemInfo: [/proc/self/status]	VmLck:	       0 kB
20220313 061226.064 INFO             PET0 PIOc_sync Enter - MemInfo: [/proc/self/status]	VmPin:	       0 kB
20220313 061226.064 INFO             PET0 PIOc_sync Enter - MemInfo: [/proc/self/status]	VmHWM:	   61384 kB
20220313 061226.064 INFO             PET0 PIOc_sync Enter - MemInfo: [/proc/self/status]	VmRSS:	   36592 kB
20220313 061226.064 INFO             PET0 PIOc_sync Enter - MemInfo: [/proc/self/status]	VmData:	   32060 kB
20220313 061226.064 INFO             PET0 PIOc_sync Enter - MemInfo: [/proc/self/status]	VmStk:	     148 kB
20220313 061226.064 INFO             PET0 PIOc_sync Enter - MemInfo: [/proc/self/status]	VmExe:	     300 kB
20220313 061226.064 INFO             PET0 PIOc_sync Enter - MemInfo: [/proc/self/status]	VmLib:	   49028 kB
20220313 061226.064 INFO             PET0 PIOc_sync Enter - MemInfo: [/proc/self/status]	VmPTE:	     780 kB
20220313 061226.064 INFO             PET0 PIOc_sync Enter - MemInfo: [/proc/self/status]	VmPMD:	      12 kB
20220313 061226.064 INFO             PET0 PIOc_sync Enter - MemInfo: [/proc/self/status]	VmSwap:	       0 kB
20220313 061226.064 INFO             PET0 PIOc_sync Enter - MemInfo: [/proc/self/status]	VmRSSPercent: 0.0558597 %
20220313 061226.064 INFO             PET0 PIOc_sync Enter - MemInfo: [malloc] Non-mmapped space allocated:                20561920 Byte
20220313 061226.064 INFO             PET0 PIOc_sync Enter - MemInfo: [malloc] Space allocated in mmapped regions:          1581056 Byte
20220313 061226.064 INFO             PET0 PIOc_sync Enter - MemInfo: [malloc] Maximum total allocated space:                     0 Byte
20220313 061226.064 INFO             PET0 PIOc_sync Enter - MemInfo: [malloc] Space in freed fastbin blocks:                  1520 Byte
20220313 061226.064 INFO             PET0 PIOc_sync Enter - MemInfo: [malloc] Total allocated space:                      20131888 Byte
20220313 061226.064 INFO             PET0 PIOc_sync Enter - MemInfo: [malloc] Total free space:                             430032 Byte
20220313 061226.064 INFO             PET0 PIOc_sync Enter - MemInfo: [malloc] Top-most, releasable space:                   131696 Byte
20220313 061226.064 INFO             PET0 PIOc_sync Enter - MemInfo: [malloc] Total space in use, mmap + non-mmap:        21712944 Byte
20220313 061226.064 INFO             PET0 PIOc_sync Enter - MemInfo: [malloc] Total space held (mmap + non-mmap):         22142976 Byte
20220313 061226.064 INFO             PET0 PIOc_sync Enter - MemInfo: [malloc] Total space used (mmap + non-mmap):         21722272 Byte
20220313 061226.064 INFO             PET0 PIOc_sync Enter - MemInfo: Wall-clock time since execution start:              0.0422456 seconds
20220313 061226.064 INFO             PET0 PIOc_sync Exit - MemInfo: [/proc/meminfo - SSI]	MemTotal:       65507008 kB
20220313 061226.064 INFO             PET0 PIOc_sync Exit - MemInfo: [/proc/meminfo - SSI]	MemFree:        49648300 kB
20220313 061226.064 INFO             PET0 PIOc_sync Exit - MemInfo: [/proc/meminfo - SSI]	MemAvailable:   49405372 kB
20220313 061226.064 INFO             PET0 PIOc_sync Exit - MemInfo: [/proc/meminfo - SSI]	Committed_AS:   13167352 kB
20220313 061226.064 INFO             PET0 PIOc_sync Exit - MemInfo: [/proc/meminfo - SSI]	CommittedPercent: 20.1007 %
20220313 061226.064 INFO             PET0 PIOc_sync Exit - MemInfo: [/proc/self/status]	VmPeak:	  537684 kB
20220313 061226.064 INFO             PET0 PIOc_sync Exit - MemInfo: [/proc/self/status]	VmSize:	  529496 kB
20220313 061226.064 INFO             PET0 PIOc_sync Exit - MemInfo: [/proc/self/status]	VmLck:	       0 kB
20220313 061226.064 INFO             PET0 PIOc_sync Exit - MemInfo: [/proc/self/status]	VmPin:	       0 kB
20220313 061226.064 INFO             PET0 PIOc_sync Exit - MemInfo: [/proc/self/status]	VmHWM:	   61384 kB
20220313 061226.064 INFO             PET0 PIOc_sync Exit - MemInfo: [/proc/self/status]	VmRSS:	   36592 kB
20220313 061226.064 INFO             PET0 PIOc_sync Exit - MemInfo: [/proc/self/status]	VmData:	   32060 kB
20220313 061226.064 INFO             PET0 PIOc_sync Exit - MemInfo: [/proc/self/status]	VmStk:	     148 kB
20220313 061226.064 INFO             PET0 PIOc_sync Exit - MemInfo: [/proc/self/status]	VmExe:	     300 kB
20220313 061226.064 INFO             PET0 PIOc_sync Exit - MemInfo: [/proc/self/status]	VmLib:	   49028 kB
20220313 061226.064 INFO             PET0 PIOc_sync Exit - MemInfo: [/proc/self/status]	VmPTE:	     780 kB
20220313 061226.064 INFO             PET0 PIOc_sync Exit - MemInfo: [/proc/self/status]	VmPMD:	      12 kB
20220313 061226.064 INFO             PET0 PIOc_sync Exit - MemInfo: [/proc/self/status]	VmSwap:	       0 kB
20220313 061226.064 INFO             PET0 PIOc_sync Exit - MemInfo: [/proc/self/status]	VmRSSPercent: 0.0558597 %
20220313 061226.064 INFO             PET0 PIOc_sync Exit - MemInfo: [malloc] Non-mmapped space allocated:                20561920 Byte
20220313 061226.064 INFO             PET0 PIOc_sync Exit - MemInfo: [malloc] Space allocated in mmapped regions:          1581056 Byte
20220313 061226.064 INFO             PET0 PIOc_sync Exit - MemInfo: [malloc] Maximum total allocated space:                     0 Byte
20220313 061226.064 INFO             PET0 PIOc_sync Exit - MemInfo: [malloc] Space in freed fastbin blocks:                  1792 Byte
20220313 061226.064 INFO             PET0 PIOc_sync Exit - MemInfo: [malloc] Total allocated space:                      20149632 Byte
20220313 061226.064 INFO             PET0 PIOc_sync Exit - MemInfo: [malloc] Total free space:                             412288 Byte
20220313 061226.064 INFO             PET0 PIOc_sync Exit - MemInfo: [malloc] Top-most, releasable space:                   131696 Byte
20220313 061226.064 INFO             PET0 PIOc_sync Exit - MemInfo: [malloc] Total space in use, mmap + non-mmap:        21730688 Byte
20220313 061226.064 INFO             PET0 PIOc_sync Exit - MemInfo: [malloc] Total space held (mmap + non-mmap):         22142976 Byte
20220313 061226.064 INFO             PET0 PIOc_sync Exit - MemInfo: [malloc] Total space used (mmap + non-mmap):         21740016 Byte
20220313 061226.064 INFO             PET0 PIOc_sync Exit - MemInfo: Wall-clock time since execution start:              0.0427184 seconds
20220313 061226.064 INFO             PET0 PIOc_freedecomp Enter - MemInfo: [/proc/meminfo - SSI]	MemTotal:       65507008 kB
20220313 061226.064 INFO             PET0 PIOc_freedecomp Enter - MemInfo: [/proc/meminfo - SSI]	MemFree:        49648300 kB
20220313 061226.064 INFO             PET0 PIOc_freedecomp Enter - MemInfo: [/proc/meminfo - SSI]	MemAvailable:   49405372 kB
20220313 061226.064 INFO             PET0 PIOc_freedecomp Enter - MemInfo: [/proc/meminfo - SSI]	Committed_AS:   13167352 kB
20220313 061226.064 INFO             PET0 PIOc_freedecomp Enter - MemInfo: [/proc/meminfo - SSI]	CommittedPercent: 20.1007 %
20220313 061226.065 INFO             PET0 PIOc_freedecomp Enter - MemInfo: [/proc/self/status]	VmPeak:	  537684 kB
20220313 061226.065 INFO             PET0 PIOc_freedecomp Enter - MemInfo: [/proc/self/status]	VmSize:	  529496 kB
20220313 061226.065 INFO             PET0 PIOc_freedecomp Enter - MemInfo: [/proc/self/status]	VmLck:	       0 kB
20220313 061226.065 INFO             PET0 PIOc_freedecomp Enter - MemInfo: [/proc/self/status]	VmPin:	       0 kB
20220313 061226.065 INFO             PET0 PIOc_freedecomp Enter - MemInfo: [/proc/self/status]	VmHWM:	   61384 kB
20220313 061226.065 INFO             PET0 PIOc_freedecomp Enter - MemInfo: [/proc/self/status]	VmRSS:	   36596 kB
20220313 061226.065 INFO             PET0 PIOc_freedecomp Enter - MemInfo: [/proc/self/status]	VmData:	   32060 kB
20220313 061226.065 INFO             PET0 PIOc_freedecomp Enter - MemInfo: [/proc/self/status]	VmStk:	     148 kB
20220313 061226.065 INFO             PET0 PIOc_freedecomp Enter - MemInfo: [/proc/self/status]	VmExe:	     300 kB
20220313 061226.065 INFO             PET0 PIOc_freedecomp Enter - MemInfo: [/proc/self/status]	VmLib:	   49028 kB
20220313 061226.065 INFO             PET0 PIOc_freedecomp Enter - MemInfo: [/proc/self/status]	VmPTE:	     780 kB
20220313 061226.065 INFO             PET0 PIOc_freedecomp Enter - MemInfo: [/proc/self/status]	VmPMD:	      12 kB
20220313 061226.065 INFO             PET0 PIOc_freedecomp Enter - MemInfo: [/proc/self/status]	VmSwap:	       0 kB
20220313 061226.065 INFO             PET0 PIOc_freedecomp Enter - MemInfo: [/proc/self/status]	VmRSSPercent: 0.0558658 %
20220313 061226.065 INFO             PET0 PIOc_freedecomp Enter - MemInfo: [malloc] Non-mmapped space allocated:                20561920 Byte
20220313 061226.065 INFO             PET0 PIOc_freedecomp Enter - MemInfo: [malloc] Space allocated in mmapped regions:          1581056 Byte
20220313 061226.065 INFO             PET0 PIOc_freedecomp Enter - MemInfo: [malloc] Maximum total allocated space:                     0 Byte
20220313 061226.065 INFO             PET0 PIOc_freedecomp Enter - MemInfo: [malloc] Space in freed fastbin blocks:                  1712 Byte
20220313 061226.065 INFO             PET0 PIOc_freedecomp Enter - MemInfo: [malloc] Total allocated space:                       2833888 Byte
20220313 061226.065 INFO             PET0 PIOc_freedecomp Enter - MemInfo: [malloc] Total free space:                           17728032 Byte
20220313 061226.065 INFO             PET0 PIOc_freedecomp Enter - MemInfo: [malloc] Top-most, releasable space:                 17433232 Byte
20220313 061226.065 INFO             PET0 PIOc_freedecomp Enter - MemInfo: [malloc] Total space in use, mmap + non-mmap:         4414944 Byte
20220313 061226.065 INFO             PET0 PIOc_freedecomp Enter - MemInfo: [malloc] Total space held (mmap + non-mmap):         22142976 Byte
20220313 061226.065 INFO             PET0 PIOc_freedecomp Enter - MemInfo: [malloc] Total space used (mmap + non-mmap):          4424272 Byte
20220313 061226.065 INFO             PET0 PIOc_freedecomp Enter - MemInfo: Wall-clock time since execution start:               0.043109 seconds
20220313 061226.065 INFO             PET0 PIOc_freedecomp Exit - MemInfo: [/proc/meminfo - SSI]	MemTotal:       65507008 kB
20220313 061226.065 INFO             PET0 PIOc_freedecomp Exit - MemInfo: [/proc/meminfo - SSI]	MemFree:        49648300 kB
20220313 061226.065 INFO             PET0 PIOc_freedecomp Exit - MemInfo: [/proc/meminfo - SSI]	MemAvailable:   49405372 kB
20220313 061226.065 INFO             PET0 PIOc_freedecomp Exit - MemInfo: [/proc/meminfo - SSI]	Committed_AS:   13167352 kB
20220313 061226.065 INFO             PET0 PIOc_freedecomp Exit - MemInfo: [/proc/meminfo - SSI]	CommittedPercent: 20.1007 %
20220313 061226.065 INFO             PET0 PIOc_freedecomp Exit - MemInfo: [/proc/self/status]	VmPeak:	  537684 kB
20220313 061226.065 INFO             PET0 PIOc_freedecomp Exit - MemInfo: [/proc/self/status]	VmSize:	  529496 kB
20220313 061226.065 INFO             PET0 PIOc_freedecomp Exit - MemInfo: [/proc/self/status]	VmLck:	       0 kB
20220313 061226.065 INFO             PET0 PIOc_freedecomp Exit - MemInfo: [/proc/self/status]	VmPin:	       0 kB
20220313 061226.065 INFO             PET0 PIOc_freedecomp Exit - MemInfo: [/proc/self/status]	VmHWM:	   61384 kB
20220313 061226.065 INFO             PET0 PIOc_freedecomp Exit - MemInfo: [/proc/self/status]	VmRSS:	   36596 kB
20220313 061226.065 INFO             PET0 PIOc_freedecomp Exit - MemInfo: [/proc/self/status]	VmData:	   32060 kB
20220313 061226.065 INFO             PET0 PIOc_freedecomp Exit - MemInfo: [/proc/self/status]	VmStk:	     148 kB
20220313 061226.065 INFO             PET0 PIOc_freedecomp Exit - MemInfo: [/proc/self/status]	VmExe:	     300 kB
20220313 061226.065 INFO             PET0 PIOc_freedecomp Exit - MemInfo: [/proc/self/status]	VmLib:	   49028 kB
20220313 061226.065 INFO             PET0 PIOc_freedecomp Exit - MemInfo: [/proc/self/status]	VmPTE:	     780 kB
20220313 061226.065 INFO             PET0 PIOc_freedecomp Exit - MemInfo: [/proc/self/status]	VmPMD:	      12 kB
20220313 061226.065 INFO             PET0 PIOc_freedecomp Exit - MemInfo: [/proc/self/status]	VmSwap:	       0 kB
20220313 061226.065 INFO             PET0 PIOc_freedecomp Exit - MemInfo: [/proc/self/status]	VmRSSPercent: 0.0558658 %
20220313 061226.065 INFO             PET0 PIOc_freedecomp Exit - MemInfo: [malloc] Non-mmapped space allocated:                20561920 Byte
20220313 061226.065 INFO             PET0 PIOc_freedecomp Exit - MemInfo: [malloc] Space allocated in mmapped regions:          1581056 Byte
20220313 061226.065 INFO             PET0 PIOc_freedecomp Exit - MemInfo: [malloc] Maximum total allocated space:                     0 Byte
20220313 061226.065 INFO             PET0 PIOc_freedecomp Exit - MemInfo: [malloc] Space in freed fastbin blocks:                  2544 Byte
20220313 061226.065 INFO             PET0 PIOc_freedecomp Exit - MemInfo: [malloc] Total allocated space:                       2798016 Byte
20220313 061226.065 INFO             PET0 PIOc_freedecomp Exit - MemInfo: [malloc] Total free space:                           17763904 Byte
20220313 061226.065 INFO             PET0 PIOc_freedecomp Exit - MemInfo: [malloc] Top-most, releasable space:                 17433232 Byte
20220313 061226.065 INFO             PET0 PIOc_freedecomp Exit - MemInfo: [malloc] Total space in use, mmap + non-mmap:         4379072 Byte
20220313 061226.065 INFO             PET0 PIOc_freedecomp Exit - MemInfo: [malloc] Total space held (mmap + non-mmap):         22142976 Byte
20220313 061226.065 INFO             PET0 PIOc_freedecomp Exit - MemInfo: [malloc] Total space used (mmap + non-mmap):          4388400 Byte
20220313 061226.065 INFO             PET0 PIOc_freedecomp Exit - MemInfo: Wall-clock time since execution start:              0.0434578 seconds
20220313 061226.065 INFO             PET0  PASS  Write ESMF_Array with Halo to NetCDF variable copy Test, ESMF_ArrayIOUTest.F90, line 442
20220313 061226.065 INFO             PET0  PASS  Destroy Array with Halo, ESMF_ArrayIOUTest.F90, line 453
20220313 061226.065 INFO             PET0  PASS  Destroy Array without Halo, ESMF_ArrayIOUTest.F90, line 460
20220313 061226.065 INFO             PET0  PASS  Destroy DistGrid, ESMF_ArrayIOUTest.F90, line 467
20220313 061226.065 INFO             PET0  PASS  dstDistgrid Create Test, ESMF_ArrayIOUTest.F90, line 485
20220313 061226.065 INFO             PET0  PASS  Array Spec Set Test, ESMF_ArrayIOUTest.F90, line 493
20220313 061226.065 INFO             PET0  PASS  Array with Halo Create Test, ESMF_ArrayIOUTest.F90, line 507
20220313 061226.065 INFO             PET0  PASS  Array without Halo Create Test, ESMF_ArrayIOUTest.F90, line 517
20220313 061226.067 INFO             PET0 PIOc_sync Enter - MemInfo: [/proc/meminfo - SSI]	MemTotal:       65507008 kB
20220313 061226.067 INFO             PET0 PIOc_sync Enter - MemInfo: [/proc/meminfo - SSI]	MemFree:        49647796 kB
20220313 061226.067 INFO             PET0 PIOc_sync Enter - MemInfo: [/proc/meminfo - SSI]	MemAvailable:   49404868 kB
20220313 061226.067 INFO             PET0 PIOc_sync Enter - MemInfo: [/proc/meminfo - SSI]	Committed_AS:   13167352 kB
20220313 061226.067 INFO             PET0 PIOc_sync Enter - MemInfo: [/proc/meminfo - SSI]	CommittedPercent: 20.1007 %
20220313 061226.067 INFO             PET0 PIOc_sync Enter - MemInfo: [/proc/self/status]	VmPeak:	  537684 kB
20220313 061226.067 INFO             PET0 PIOc_sync Enter - MemInfo: [/proc/self/status]	VmSize:	  529496 kB
20220313 061226.067 INFO             PET0 PIOc_sync Enter - MemInfo: [/proc/self/status]	VmLck:	       0 kB
20220313 061226.067 INFO             PET0 PIOc_sync Enter - MemInfo: [/proc/self/status]	VmPin:	       0 kB
20220313 061226.067 INFO             PET0 PIOc_sync Enter - MemInfo: [/proc/self/status]	VmHWM:	   61384 kB
20220313 061226.067 INFO             PET0 PIOc_sync Enter - MemInfo: [/proc/self/status]	VmRSS:	   36656 kB
20220313 061226.067 INFO             PET0 PIOc_sync Enter - MemInfo: [/proc/self/status]	VmData:	   32060 kB
20220313 061226.068 INFO             PET0 PIOc_sync Enter - MemInfo: [/proc/self/status]	VmStk:	     148 kB
20220313 061226.068 INFO             PET0 PIOc_sync Enter - MemInfo: [/proc/self/status]	VmExe:	     300 kB
20220313 061226.068 INFO             PET0 PIOc_sync Enter - MemInfo: [/proc/self/status]	VmLib:	   49028 kB
20220313 061226.068 INFO             PET0 PIOc_sync Enter - MemInfo: [/proc/self/status]	VmPTE:	     780 kB
20220313 061226.068 INFO             PET0 PIOc_sync Enter - MemInfo: [/proc/self/status]	VmPMD:	      12 kB
20220313 061226.068 INFO             PET0 PIOc_sync Enter - MemInfo: [/proc/self/status]	VmSwap:	       0 kB
20220313 061226.068 INFO             PET0 PIOc_sync Enter - MemInfo: [/proc/self/status]	VmRSSPercent: 0.0559574 %
20220313 061226.068 INFO             PET0 PIOc_sync Enter - MemInfo: [malloc] Non-mmapped space allocated:                20561920 Byte
20220313 061226.068 INFO             PET0 PIOc_sync Enter - MemInfo: [malloc] Space allocated in mmapped regions:          1581056 Byte
20220313 061226.068 INFO             PET0 PIOc_sync Enter - MemInfo: [malloc] Maximum total allocated space:                     0 Byte
20220313 061226.068 INFO             PET0 PIOc_sync Enter - MemInfo: [malloc] Space in freed fastbin blocks:                  1536 Byte
20220313 061226.068 INFO             PET0 PIOc_sync Enter - MemInfo: [malloc] Total allocated space:                      20121312 Byte
20220313 061226.068 INFO             PET0 PIOc_sync Enter - MemInfo: [malloc] Total free space:                             440608 Byte
20220313 061226.068 INFO             PET0 PIOc_sync Enter - MemInfo: [malloc] Top-most, releasable space:                   131696 Byte
20220313 061226.068 INFO             PET0 PIOc_sync Enter - MemInfo: [malloc] Total space in use, mmap + non-mmap:        21702368 Byte
20220313 061226.068 INFO             PET0 PIOc_sync Enter - MemInfo: [malloc] Total space held (mmap + non-mmap):         22142976 Byte
20220313 061226.068 INFO             PET0 PIOc_sync Enter - MemInfo: [malloc] Total space used (mmap + non-mmap):         21711696 Byte
20220313 061226.068 INFO             PET0 PIOc_sync Enter - MemInfo: Wall-clock time since execution start:              0.0460224 seconds
20220313 061226.068 INFO             PET0 PIOc_sync Exit - MemInfo: [/proc/meminfo - SSI]	MemTotal:       65507008 kB
20220313 061226.068 INFO             PET0 PIOc_sync Exit - MemInfo: [/proc/meminfo - SSI]	MemFree:        49647796 kB
20220313 061226.068 INFO             PET0 PIOc_sync Exit - MemInfo: [/proc/meminfo - SSI]	MemAvailable:   49404868 kB
20220313 061226.068 INFO             PET0 PIOc_sync Exit - MemInfo: [/proc/meminfo - SSI]	Committed_AS:   13167352 kB
20220313 061226.068 INFO             PET0 PIOc_sync Exit - MemInfo: [/proc/meminfo - SSI]	CommittedPercent: 20.1007 %
20220313 061226.068 INFO             PET0 PIOc_sync Exit - MemInfo: [/proc/self/status]	VmPeak:	  537684 kB
20220313 061226.068 INFO             PET0 PIOc_sync Exit - MemInfo: [/proc/self/status]	VmSize:	  529496 kB
20220313 061226.068 INFO             PET0 PIOc_sync Exit - MemInfo: [/proc/self/status]	VmLck:	       0 kB
20220313 061226.068 INFO             PET0 PIOc_sync Exit - MemInfo: [/proc/self/status]	VmPin:	       0 kB
20220313 061226.068 INFO             PET0 PIOc_sync Exit - MemInfo: [/proc/self/status]	VmHWM:	   61384 kB
20220313 061226.068 INFO             PET0 PIOc_sync Exit - MemInfo: [/proc/self/status]	VmRSS:	   36664 kB
20220313 061226.068 INFO             PET0 PIOc_sync Exit - MemInfo: [/proc/self/status]	VmData:	   32060 kB
20220313 061226.068 INFO             PET0 PIOc_sync Exit - MemInfo: [/proc/self/status]	VmStk:	     148 kB
20220313 061226.068 INFO             PET0 PIOc_sync Exit - MemInfo: [/proc/self/status]	VmExe:	     300 kB
20220313 061226.068 INFO             PET0 PIOc_sync Exit - MemInfo: [/proc/self/status]	VmLib:	   49028 kB
20220313 061226.068 INFO             PET0 PIOc_sync Exit - MemInfo: [/proc/self/status]	VmPTE:	     780 kB
20220313 061226.068 INFO             PET0 PIOc_sync Exit - MemInfo: [/proc/self/status]	VmPMD:	      12 kB
20220313 061226.068 INFO             PET0 PIOc_sync Exit - MemInfo: [/proc/self/status]	VmSwap:	       0 kB
20220313 061226.068 INFO             PET0 PIOc_sync Exit - MemInfo: [/proc/self/status]	VmRSSPercent: 0.0559696 %
20220313 061226.068 INFO             PET0 PIOc_sync Exit - MemInfo: [malloc] Non-mmapped space allocated:                20561920 Byte
20220313 061226.068 INFO             PET0 PIOc_sync Exit - MemInfo: [malloc] Space allocated in mmapped regions:          1581056 Byte
20220313 061226.068 INFO             PET0 PIOc_sync Exit - MemInfo: [malloc] Maximum total allocated space:                     0 Byte
20220313 061226.068 INFO             PET0 PIOc_sync Exit - MemInfo: [malloc] Space in freed fastbin blocks:                  2016 Byte
20220313 061226.068 INFO             PET0 PIOc_sync Exit - MemInfo: [malloc] Total allocated space:                      20127632 Byte
20220313 061226.068 INFO             PET0 PIOc_sync Exit - MemInfo: [malloc] Total free space:                             434288 Byte
20220313 061226.068 INFO             PET0 PIOc_sync Exit - MemInfo: [malloc] Top-most, releasable space:                   131696 Byte
20220313 061226.068 INFO             PET0 PIOc_sync Exit - MemInfo: [malloc] Total space in use, mmap + non-mmap:        21708688 Byte
20220313 061226.068 INFO             PET0 PIOc_sync Exit - MemInfo: [malloc] Total space held (mmap + non-mmap):         22142976 Byte
20220313 061226.068 INFO             PET0 PIOc_sync Exit - MemInfo: [malloc] Total space used (mmap + non-mmap):         21718016 Byte
20220313 061226.068 INFO             PET0 PIOc_sync Exit - MemInfo: Wall-clock time since execution start:              0.0465185 seconds
20220313 061226.068 INFO             PET0 PIOc_freedecomp Enter - MemInfo: [/proc/meminfo - SSI]	MemTotal:       65507008 kB
20220313 061226.068 INFO             PET0 PIOc_freedecomp Enter - MemInfo: [/proc/meminfo - SSI]	MemFree:        49647796 kB
20220313 061226.068 INFO             PET0 PIOc_freedecomp Enter - MemInfo: [/proc/meminfo - SSI]	MemAvailable:   49404868 kB
20220313 061226.068 INFO             PET0 PIOc_freedecomp Enter - MemInfo: [/proc/meminfo - SSI]	Committed_AS:   13167352 kB
20220313 061226.068 INFO             PET0 PIOc_freedecomp Enter - MemInfo: [/proc/meminfo - SSI]	CommittedPercent: 20.1007 %
20220313 061226.068 INFO             PET0 PIOc_freedecomp Enter - MemInfo: [/proc/self/status]	VmPeak:	  537684 kB
20220313 061226.068 INFO             PET0 PIOc_freedecomp Enter - MemInfo: [/proc/self/status]	VmSize:	  529496 kB
20220313 061226.068 INFO             PET0 PIOc_freedecomp Enter - MemInfo: [/proc/self/status]	VmLck:	       0 kB
20220313 061226.068 INFO             PET0 PIOc_freedecomp Enter - MemInfo: [/proc/self/status]	VmPin:	       0 kB
20220313 061226.068 INFO             PET0 PIOc_freedecomp Enter - MemInfo: [/proc/self/status]	VmHWM:	   61384 kB
20220313 061226.068 INFO             PET0 PIOc_freedecomp Enter - MemInfo: [/proc/self/status]	VmRSS:	   36664 kB
20220313 061226.068 INFO             PET0 PIOc_freedecomp Enter - MemInfo: [/proc/self/status]	VmData:	   32060 kB
20220313 061226.068 INFO             PET0 PIOc_freedecomp Enter - MemInfo: [/proc/self/status]	VmStk:	     148 kB
20220313 061226.068 INFO             PET0 PIOc_freedecomp Enter - MemInfo: [/proc/self/status]	VmExe:	     300 kB
20220313 061226.068 INFO             PET0 PIOc_freedecomp Enter - MemInfo: [/proc/self/status]	VmLib:	   49028 kB
20220313 061226.068 INFO             PET0 PIOc_freedecomp Enter - MemInfo: [/proc/self/status]	VmPTE:	     780 kB
20220313 061226.068 INFO             PET0 PIOc_freedecomp Enter - MemInfo: [/proc/self/status]	VmPMD:	      12 kB
20220313 061226.068 INFO             PET0 PIOc_freedecomp Enter - MemInfo: [/proc/self/status]	VmSwap:	       0 kB
20220313 061226.068 INFO             PET0 PIOc_freedecomp Enter - MemInfo: [/proc/self/status]	VmRSSPercent: 0.0559696 %
20220313 061226.068 INFO             PET0 PIOc_freedecomp Enter - MemInfo: [malloc] Non-mmapped space allocated:                20561920 Byte
20220313 061226.068 INFO             PET0 PIOc_freedecomp Enter - MemInfo: [malloc] Space allocated in mmapped regions:          1581056 Byte
20220313 061226.068 INFO             PET0 PIOc_freedecomp Enter - MemInfo: [malloc] Maximum total allocated space:                     0 Byte
20220313 061226.068 INFO             PET0 PIOc_freedecomp Enter - MemInfo: [malloc] Space in freed fastbin blocks:                  1712 Byte
20220313 061226.068 INFO             PET0 PIOc_freedecomp Enter - MemInfo: [malloc] Total allocated space:                       2812816 Byte
20220313 061226.068 INFO             PET0 PIOc_freedecomp Enter - MemInfo: [malloc] Total free space:                           17749104 Byte
20220313 061226.069 INFO             PET0 PIOc_freedecomp Enter - MemInfo: [malloc] Top-most, releasable space:                 17433232 Byte
20220313 061226.069 INFO             PET0 PIOc_freedecomp Enter - MemInfo: [malloc] Total space in use, mmap + non-mmap:         4393872 Byte
20220313 061226.069 INFO             PET0 PIOc_freedecomp Enter - MemInfo: [malloc] Total space held (mmap + non-mmap):         22142976 Byte
20220313 061226.069 INFO             PET0 PIOc_freedecomp Enter - MemInfo: [malloc] Total space used (mmap + non-mmap):          4403200 Byte
20220313 061226.069 INFO             PET0 PIOc_freedecomp Enter - MemInfo: Wall-clock time since execution start:              0.0468998 seconds
20220313 061226.069 INFO             PET0 PIOc_freedecomp Exit - MemInfo: [/proc/meminfo - SSI]	MemTotal:       65507008 kB
20220313 061226.069 INFO             PET0 PIOc_freedecomp Exit - MemInfo: [/proc/meminfo - SSI]	MemFree:        49647796 kB
20220313 061226.069 INFO             PET0 PIOc_freedecomp Exit - MemInfo: [/proc/meminfo - SSI]	MemAvailable:   49404868 kB
20220313 061226.069 INFO             PET0 PIOc_freedecomp Exit - MemInfo: [/proc/meminfo - SSI]	Committed_AS:   13167352 kB
20220313 061226.069 INFO             PET0 PIOc_freedecomp Exit - MemInfo: [/proc/meminfo - SSI]	CommittedPercent: 20.1007 %
20220313 061226.069 INFO             PET0 PIOc_freedecomp Exit - MemInfo: [/proc/self/status]	VmPeak:	  537684 kB
20220313 061226.069 INFO             PET0 PIOc_freedecomp Exit - MemInfo: [/proc/self/status]	VmSize:	  529496 kB
20220313 061226.069 INFO             PET0 PIOc_freedecomp Exit - MemInfo: [/proc/self/status]	VmLck:	       0 kB
20220313 061226.069 INFO             PET0 PIOc_freedecomp Exit - MemInfo: [/proc/self/status]	VmPin:	       0 kB
20220313 061226.069 INFO             PET0 PIOc_freedecomp Exit - MemInfo: [/proc/self/status]	VmHWM:	   61384 kB
20220313 061226.069 INFO             PET0 PIOc_freedecomp Exit - MemInfo: [/proc/self/status]	VmRSS:	   36664 kB
20220313 061226.069 INFO             PET0 PIOc_freedecomp Exit - MemInfo: [/proc/self/status]	VmData:	   32060 kB
20220313 061226.069 INFO             PET0 PIOc_freedecomp Exit - MemInfo: [/proc/self/status]	VmStk:	     148 kB
20220313 061226.069 INFO             PET0 PIOc_freedecomp Exit - MemInfo: [/proc/self/status]	VmExe:	     300 kB
20220313 061226.069 INFO             PET0 PIOc_freedecomp Exit - MemInfo: [/proc/self/status]	VmLib:	   49028 kB
20220313 061226.069 INFO             PET0 PIOc_freedecomp Exit - MemInfo: [/proc/self/status]	VmPTE:	     780 kB
20220313 061226.069 INFO             PET0 PIOc_freedecomp Exit - MemInfo: [/proc/self/status]	VmPMD:	      12 kB
20220313 061226.069 INFO             PET0 PIOc_freedecomp Exit - MemInfo: [/proc/self/status]	VmSwap:	       0 kB
20220313 061226.069 INFO             PET0 PIOc_freedecomp Exit - MemInfo: [/proc/self/status]	VmRSSPercent: 0.0559696 %
20220313 061226.069 INFO             PET0 PIOc_freedecomp Exit - MemInfo: [malloc] Non-mmapped space allocated:                20561920 Byte
20220313 061226.069 INFO             PET0 PIOc_freedecomp Exit - MemInfo: [malloc] Space allocated in mmapped regions:          1581056 Byte
20220313 061226.069 INFO             PET0 PIOc_freedecomp Exit - MemInfo: [malloc] Maximum total allocated space:                     0 Byte
20220313 061226.069 INFO             PET0 PIOc_freedecomp Exit - MemInfo: [malloc] Space in freed fastbin blocks:                  3088 Byte
20220313 061226.069 INFO             PET0 PIOc_freedecomp Exit - MemInfo: [malloc] Total allocated space:                       2802912 Byte
20220313 061226.069 INFO             PET0 PIOc_freedecomp Exit - MemInfo: [malloc] Total free space:                           17759008 Byte
20220313 061226.069 INFO             PET0 PIOc_freedecomp Exit - MemInfo: [malloc] Top-most, releasable space:                 17433232 Byte
20220313 061226.069 INFO             PET0 PIOc_freedecomp Exit - MemInfo: [malloc] Total space in use, mmap + non-mmap:         4383968 Byte
20220313 061226.069 INFO             PET0 PIOc_freedecomp Exit - MemInfo: [malloc] Total space held (mmap + non-mmap):         22142976 Byte
20220313 061226.069 INFO             PET0 PIOc_freedecomp Exit - MemInfo: [malloc] Total space used (mmap + non-mmap):          4393296 Byte
20220313 061226.069 INFO             PET0 PIOc_freedecomp Exit - MemInfo: Wall-clock time since execution start:              0.0472523 seconds
20220313 061226.069 INFO             PET0  PASS  Write 2D ESMF_Array with Halo to NetCDF Test, ESMF_ArrayIOUTest.F90, line 547
20220313 061226.070 WARNING          PET0 ESMCI_PIO_Handler.C:1344 ESMCI::PIO_Handler::open()  Unable to set fill on file: file2D_withhalo.nc, (PIO/NetCDF error = NetCDF: Write to read only)
20220313 061226.070 INFO             PET0 PIOc_sync Enter - MemInfo: [/proc/meminfo - SSI]	MemTotal:       65507008 kB
20220313 061226.070 INFO             PET0 PIOc_sync Enter - MemInfo: [/proc/meminfo - SSI]	MemFree:        49647796 kB
20220313 061226.070 INFO             PET0 PIOc_sync Enter - MemInfo: [/proc/meminfo - SSI]	MemAvailable:   49404868 kB
20220313 061226.070 INFO             PET0 PIOc_sync Enter - MemInfo: [/proc/meminfo - SSI]	Committed_AS:   13167352 kB
20220313 061226.070 INFO             PET0 PIOc_sync Enter - MemInfo: [/proc/meminfo - SSI]	CommittedPercent: 20.1007 %
20220313 061226.070 INFO             PET0 PIOc_sync Enter - MemInfo: [/proc/self/status]	VmPeak:	  537684 kB
20220313 061226.070 INFO             PET0 PIOc_sync Enter - MemInfo: [/proc/self/status]	VmSize:	  529496 kB
20220313 061226.070 INFO             PET0 PIOc_sync Enter - MemInfo: [/proc/self/status]	VmLck:	       0 kB
20220313 061226.070 INFO             PET0 PIOc_sync Enter - MemInfo: [/proc/self/status]	VmPin:	       0 kB
20220313 061226.070 INFO             PET0 PIOc_sync Enter - MemInfo: [/proc/self/status]	VmHWM:	   61384 kB
20220313 061226.070 INFO             PET0 PIOc_sync Enter - MemInfo: [/proc/self/status]	VmRSS:	   36680 kB
20220313 061226.070 INFO             PET0 PIOc_sync Enter - MemInfo: [/proc/self/status]	VmData:	   32060 kB
20220313 061226.070 INFO             PET0 PIOc_sync Enter - MemInfo: [/proc/self/status]	VmStk:	     148 kB
20220313 061226.070 INFO             PET0 PIOc_sync Enter - MemInfo: [/proc/self/status]	VmExe:	     300 kB
20220313 061226.070 INFO             PET0 PIOc_sync Enter - MemInfo: [/proc/self/status]	VmLib:	   49028 kB
20220313 061226.070 INFO             PET0 PIOc_sync Enter - MemInfo: [/proc/self/status]	VmPTE:	     780 kB
20220313 061226.070 INFO             PET0 PIOc_sync Enter - MemInfo: [/proc/self/status]	VmPMD:	      12 kB
20220313 061226.070 INFO             PET0 PIOc_sync Enter - MemInfo: [/proc/self/status]	VmSwap:	       0 kB
20220313 061226.070 INFO             PET0 PIOc_sync Enter - MemInfo: [/proc/self/status]	VmRSSPercent: 0.055994 %
20220313 061226.070 INFO             PET0 PIOc_sync Enter - MemInfo: [malloc] Non-mmapped space allocated:                20561920 Byte
20220313 061226.070 INFO             PET0 PIOc_sync Enter - MemInfo: [malloc] Space allocated in mmapped regions:          1581056 Byte
20220313 061226.070 INFO             PET0 PIOc_sync Enter - MemInfo: [malloc] Maximum total allocated space:                     0 Byte
20220313 061226.070 INFO             PET0 PIOc_sync Enter - MemInfo: [malloc] Space in freed fastbin blocks:                  1584 Byte
20220313 061226.070 INFO             PET0 PIOc_sync Enter - MemInfo: [malloc] Total allocated space:                      20126432 Byte
