build time -- 2022-03-14 06:00:12.898178
20220314 061443.170 INFO             PET0 !!!!!!!!!!!!!!!!!!!!!!!!!!!!!!!!!!!!!!!!!!!!!!!!!!!!!!
20220314 061443.170 INFO             PET0 !!! THE ESMF_LOG IS SET TO OUTPUT ALL LOG MESSAGES !!!
20220314 061443.170 INFO             PET0 !!!     THIS MAY CAUSE SLOWDOWN IN PERFORMANCE     !!!
20220314 061443.170 INFO             PET0 !!! FOR PRODUCTION RUNS, USE:                      !!!
20220314 061443.170 INFO             PET0 !!!                   ESMF_LOGKIND_Multi_On_Error  !!!
20220314 061443.170 INFO             PET0 !!!!!!!!!!!!!!!!!!!!!!!!!!!!!!!!!!!!!!!!!!!!!!!!!!!!!!
20220314 061443.170 INFO             PET0 Running with ESMF Version   : v8.3.0b09-96-g559b459836
20220314 061443.170 INFO             PET0 ESMF library build date/time: "Mar 14 2022" "05:58:16"
20220314 061443.170 INFO             PET0 ESMF library build location : /glade/scratch/rlong/esmf-testing/gfortran_7.4.0_openmpi_O_jedwards_pio_update2
20220314 061443.170 INFO             PET0 ESMF_COMM                   : openmpi
20220314 061443.170 INFO             PET0 ESMF_MOAB                   : enabled
20220314 061443.170 INFO             PET0 ESMF_LAPACK                 : enabled
20220314 061443.170 INFO             PET0 ESMF_NETCDF                 : enabled
20220314 061443.170 INFO             PET0 ESMF_PNETCDF                : disabled
20220314 061443.170 INFO             PET0 ESMF_PIO                    : enabled
20220314 061443.170 INFO             PET0 ESMF_YAMLCPP                : enabled
20220314 061443.171 INFO             PET0  Beginning Test, file ESMF_FieldSMMFromFileUTest.F90, line 287
20220314 061443.171 INFO             PET0  NUMBER_OF_PROCESSORS           4
20220314 061443.325 INFO             PET0  PASS  ESMF_FieldSMMFromFile Unit Test, ESMF_FieldSMMFromFileUTest.F90, line 300
20220314 061443.332 INFO             PET0 PIOc_sync Enter - MemInfo: [/proc/meminfo - SSI]	MemTotal:       65507008 kB
20220314 061443.332 INFO             PET0 PIOc_sync Enter - MemInfo: [/proc/meminfo - SSI]	MemFree:        49771360 kB
20220314 061443.332 INFO             PET0 PIOc_sync Enter - MemInfo: [/proc/meminfo - SSI]	MemAvailable:   49535328 kB
20220314 061443.332 INFO             PET0 PIOc_sync Enter - MemInfo: [/proc/meminfo - SSI]	Committed_AS:   13092332 kB
20220314 061443.332 INFO             PET0 PIOc_sync Enter - MemInfo: [/proc/meminfo - SSI]	CommittedPercent: 19.9862 %
20220314 061443.332 INFO             PET0 PIOc_sync Enter - MemInfo: [/proc/self/status]	VmPeak:	  596416 kB
20220314 061443.332 INFO             PET0 PIOc_sync Enter - MemInfo: [/proc/self/status]	VmSize:	  588228 kB
20220314 061443.332 INFO             PET0 PIOc_sync Enter - MemInfo: [/proc/self/status]	VmLck:	       0 kB
20220314 061443.332 INFO             PET0 PIOc_sync Enter - MemInfo: [/proc/self/status]	VmPin:	       0 kB
20220314 061443.332 INFO             PET0 PIOc_sync Enter - MemInfo: [/proc/self/status]	VmHWM:	   75400 kB
20220314 061443.332 INFO             PET0 PIOc_sync Enter - MemInfo: [/proc/self/status]	VmRSS:	   73984 kB
20220314 061443.332 INFO             PET0 PIOc_sync Enter - MemInfo: [/proc/self/status]	VmData:	   99704 kB
20220314 061443.332 INFO             PET0 PIOc_sync Enter - MemInfo: [/proc/self/status]	VmStk:	     148 kB
20220314 061443.332 INFO             PET0 PIOc_sync Enter - MemInfo: [/proc/self/status]	VmExe:	     212 kB
20220314 061443.332 INFO             PET0 PIOc_sync Enter - MemInfo: [/proc/self/status]	VmLib:	   49028 kB
20220314 061443.332 INFO             PET0 PIOc_sync Enter - MemInfo: [/proc/self/status]	VmPTE:	     844 kB
20220314 061443.332 INFO             PET0 PIOc_sync Enter - MemInfo: [/proc/self/status]	VmPMD:	      16 kB
20220314 061443.332 INFO             PET0 PIOc_sync Enter - MemInfo: [/proc/self/status]	VmSwap:	       0 kB
20220314 061443.332 INFO             PET0 PIOc_sync Enter - MemInfo: [/proc/self/status]	VmRSSPercent: 0.112941 %
20220314 061443.332 INFO             PET0 PIOc_sync Enter - MemInfo: [malloc] Non-mmapped space allocated:                89829376 Byte
20220314 061443.334 INFO             PET0 PIOc_sync Enter - MemInfo: [malloc] Space allocated in mmapped regions:          1581056 Byte
20220314 061443.334 INFO             PET0 PIOc_sync Enter - MemInfo: [malloc] Maximum total allocated space:                     0 Byte
20220314 061443.334 INFO             PET0 PIOc_sync Enter - MemInfo: [malloc] Space in freed fastbin blocks:                  1584 Byte
20220314 061443.334 INFO             PET0 PIOc_sync Enter - MemInfo: [malloc] Total allocated space:                      70949632 Byte
20220314 061443.334 INFO             PET0 PIOc_sync Enter - MemInfo: [malloc] Total free space:                           18879744 Byte
20220314 061443.334 INFO             PET0 PIOc_sync Enter - MemInfo: [malloc] Top-most, releasable space:                 16910784 Byte
20220314 061443.334 INFO             PET0 PIOc_sync Enter - MemInfo: [malloc] Total space in use, mmap + non-mmap:        72530688 Byte
20220314 061443.334 INFO             PET0 PIOc_sync Enter - MemInfo: [malloc] Total space held (mmap + non-mmap):         91410432 Byte
20220314 061443.334 INFO             PET0 PIOc_sync Enter - MemInfo: [malloc] Total space used (mmap + non-mmap):         72540016 Byte
20220314 061443.334 INFO             PET0 PIOc_sync Enter - MemInfo: Wall-clock time since execution start:               0.165629 seconds
20220314 061443.335 INFO             PET0 PIOc_sync Exit - MemInfo: [/proc/meminfo - SSI]	MemTotal:       65507008 kB
20220314 061443.335 INFO             PET0 PIOc_sync Exit - MemInfo: [/proc/meminfo - SSI]	MemFree:        49771360 kB
20220314 061443.335 INFO             PET0 PIOc_sync Exit - MemInfo: [/proc/meminfo - SSI]	MemAvailable:   49535328 kB
20220314 061443.335 INFO             PET0 PIOc_sync Exit - MemInfo: [/proc/meminfo - SSI]	Committed_AS:   13092332 kB
20220314 061443.335 INFO             PET0 PIOc_sync Exit - MemInfo: [/proc/meminfo - SSI]	CommittedPercent: 19.9862 %
20220314 061443.336 INFO             PET0 PIOc_sync Exit - MemInfo: [/proc/self/status]	VmPeak:	  596416 kB
20220314 061443.336 INFO             PET0 PIOc_sync Exit - MemInfo: [/proc/self/status]	VmSize:	  588228 kB
20220314 061443.336 INFO             PET0 PIOc_sync Exit - MemInfo: [/proc/self/status]	VmLck:	       0 kB
20220314 061443.336 INFO             PET0 PIOc_sync Exit - MemInfo: [/proc/self/status]	VmPin:	       0 kB
20220314 061443.336 INFO             PET0 PIOc_sync Exit - MemInfo: [/proc/self/status]	VmHWM:	   75400 kB
20220314 061443.336 INFO             PET0 PIOc_sync Exit - MemInfo: [/proc/self/status]	VmRSS:	   74032 kB
20220314 061443.336 INFO             PET0 PIOc_sync Exit - MemInfo: [/proc/self/status]	VmData:	   99704 kB
20220314 061443.336 INFO             PET0 PIOc_sync Exit - MemInfo: [/proc/self/status]	VmStk:	     148 kB
20220314 061443.336 INFO             PET0 PIOc_sync Exit - MemInfo: [/proc/self/status]	VmExe:	     212 kB
20220314 061443.336 INFO             PET0 PIOc_sync Exit - MemInfo: [/proc/self/status]	VmLib:	   49028 kB
20220314 061443.336 INFO             PET0 PIOc_sync Exit - MemInfo: [/proc/self/status]	VmPTE:	     844 kB
20220314 061443.336 INFO             PET0 PIOc_sync Exit - MemInfo: [/proc/self/status]	VmPMD:	      16 kB
20220314 061443.336 INFO             PET0 PIOc_sync Exit - MemInfo: [/proc/self/status]	VmSwap:	       0 kB
20220314 061443.336 INFO             PET0 PIOc_sync Exit - MemInfo: [/proc/self/status]	VmRSSPercent: 0.113014 %
20220314 061443.336 INFO             PET0 PIOc_sync Exit - MemInfo: [malloc] Non-mmapped space allocated:                89829376 Byte
20220314 061443.336 INFO             PET0 PIOc_sync Exit - MemInfo: [malloc] Space allocated in mmapped regions:          1581056 Byte
20220314 061443.336 INFO             PET0 PIOc_sync Exit - MemInfo: [malloc] Maximum total allocated space:                     0 Byte
20220314 061443.336 INFO             PET0 PIOc_sync Exit - MemInfo: [malloc] Space in freed fastbin blocks:                  2160 Byte
20220314 061443.336 INFO             PET0 PIOc_sync Exit - MemInfo: [malloc] Total allocated space:                      70951984 Byte
20220314 061443.336 INFO             PET0 PIOc_sync Exit - MemInfo: [malloc] Total free space:                           18877392 Byte
20220314 061443.336 INFO             PET0 PIOc_sync Exit - MemInfo: [malloc] Top-most, releasable space:                 16910784 Byte
20220314 061443.336 INFO             PET0 PIOc_sync Exit - MemInfo: [malloc] Total space in use, mmap + non-mmap:        72533040 Byte
20220314 061443.336 INFO             PET0 PIOc_sync Exit - MemInfo: [malloc] Total space held (mmap + non-mmap):         91410432 Byte
20220314 061443.336 INFO             PET0 PIOc_sync Exit - MemInfo: [malloc] Total space used (mmap + non-mmap):         72542368 Byte
20220314 061443.336 INFO             PET0 PIOc_sync Exit - MemInfo: Wall-clock time since execution start:               0.167669 seconds
20220314 061443.336 INFO             PET0 PIOc_freedecomp Enter - MemInfo: [/proc/meminfo - SSI]	MemTotal:       65507008 kB
20220314 061443.336 INFO             PET0 PIOc_freedecomp Enter - MemInfo: [/proc/meminfo - SSI]	MemFree:        49771360 kB
20220314 061443.336 INFO             PET0 PIOc_freedecomp Enter - MemInfo: [/proc/meminfo - SSI]	MemAvailable:   49535328 kB
20220314 061443.336 INFO             PET0 PIOc_freedecomp Enter - MemInfo: [/proc/meminfo - SSI]	Committed_AS:   13092332 kB
20220314 061443.336 INFO             PET0 PIOc_freedecomp Enter - MemInfo: [/proc/meminfo - SSI]	CommittedPercent: 19.9862 %
20220314 061443.336 INFO             PET0 PIOc_freedecomp Enter - MemInfo: [/proc/self/status]	VmPeak:	  596416 kB
20220314 061443.336 INFO             PET0 PIOc_freedecomp Enter - MemInfo: [/proc/self/status]	VmSize:	  588228 kB
20220314 061443.336 INFO             PET0 PIOc_freedecomp Enter - MemInfo: [/proc/self/status]	VmLck:	       0 kB
20220314 061443.336 INFO             PET0 PIOc_freedecomp Enter - MemInfo: [/proc/self/status]	VmPin:	       0 kB
20220314 061443.336 INFO             PET0 PIOc_freedecomp Enter - MemInfo: [/proc/self/status]	VmHWM:	   75400 kB
20220314 061443.336 INFO             PET0 PIOc_freedecomp Enter - MemInfo: [/proc/self/status]	VmRSS:	   74032 kB
20220314 061443.336 INFO             PET0 PIOc_freedecomp Enter - MemInfo: [/proc/self/status]	VmData:	   99704 kB
20220314 061443.336 INFO             PET0 PIOc_freedecomp Enter - MemInfo: [/proc/self/status]	VmStk:	     148 kB
20220314 061443.336 INFO             PET0 PIOc_freedecomp Enter - MemInfo: [/proc/self/status]	VmExe:	     212 kB
20220314 061443.336 INFO             PET0 PIOc_freedecomp Enter - MemInfo: [/proc/self/status]	VmLib:	   49028 kB
20220314 061443.336 INFO             PET0 PIOc_freedecomp Enter - MemInfo: [/proc/self/status]	VmPTE:	     844 kB
20220314 061443.336 INFO             PET0 PIOc_freedecomp Enter - MemInfo: [/proc/self/status]	VmPMD:	      16 kB
20220314 061443.336 INFO             PET0 PIOc_freedecomp Enter - MemInfo: [/proc/self/status]	VmSwap:	       0 kB
20220314 061443.336 INFO             PET0 PIOc_freedecomp Enter - MemInfo: [/proc/self/status]	VmRSSPercent: 0.113014 %
20220314 061443.336 INFO             PET0 PIOc_freedecomp Enter - MemInfo: [malloc] Non-mmapped space allocated:                89829376 Byte
20220314 061443.336 INFO             PET0 PIOc_freedecomp Enter - MemInfo: [malloc] Space allocated in mmapped regions:          1581056 Byte
20220314 061443.336 INFO             PET0 PIOc_freedecomp Enter - MemInfo: [malloc] Maximum total allocated space:                     0 Byte
20220314 061443.336 INFO             PET0 PIOc_freedecomp Enter - MemInfo: [malloc] Space in freed fastbin blocks:                  2160 Byte
20220314 061443.336 INFO             PET0 PIOc_freedecomp Enter - MemInfo: [malloc] Total allocated space:                      54161584 Byte
20220314 061443.336 INFO             PET0 PIOc_freedecomp Enter - MemInfo: [malloc] Total free space:                           35667792 Byte
20220314 061443.336 INFO             PET0 PIOc_freedecomp Enter - MemInfo: [malloc] Top-most, releasable space:                 16910784 Byte
20220314 061443.336 INFO             PET0 PIOc_freedecomp Enter - MemInfo: [malloc] Total space in use, mmap + non-mmap:        55742640 Byte
20220314 061443.336 INFO             PET0 PIOc_freedecomp Enter - MemInfo: [malloc] Total space held (mmap + non-mmap):         91410432 Byte
20220314 061443.336 INFO             PET0 PIOc_freedecomp Enter - MemInfo: [malloc] Total space used (mmap + non-mmap):         55751968 Byte
20220314 061443.336 INFO             PET0 PIOc_freedecomp Enter - MemInfo: Wall-clock time since execution start:               0.168051 seconds
20220314 061443.336 INFO             PET0 PIOc_freedecomp Exit - MemInfo: [/proc/meminfo - SSI]	MemTotal:       65507008 kB
20220314 061443.336 INFO             PET0 PIOc_freedecomp Exit - MemInfo: [/proc/meminfo - SSI]	MemFree:        49771360 kB
20220314 061443.336 INFO             PET0 PIOc_freedecomp Exit - MemInfo: [/proc/meminfo - SSI]	MemAvailable:   49535328 kB
20220314 061443.336 INFO             PET0 PIOc_freedecomp Exit - MemInfo: [/proc/meminfo - SSI]	Committed_AS:   13092332 kB
20220314 061443.336 INFO             PET0 PIOc_freedecomp Exit - MemInfo: [/proc/meminfo - SSI]	CommittedPercent: 19.9862 %
20220314 061443.336 INFO             PET0 PIOc_freedecomp Exit - MemInfo: [/proc/self/status]	VmPeak:	  596416 kB
20220314 061443.336 INFO             PET0 PIOc_freedecomp Exit - MemInfo: [/proc/self/status]	VmSize:	  588228 kB
20220314 061443.336 INFO             PET0 PIOc_freedecomp Exit - MemInfo: [/proc/self/status]	VmLck:	       0 kB
20220314 061443.336 INFO             PET0 PIOc_freedecomp Exit - MemInfo: [/proc/self/status]	VmPin:	       0 kB
20220314 061443.336 INFO             PET0 PIOc_freedecomp Exit - MemInfo: [/proc/self/status]	VmHWM:	   75400 kB
20220314 061443.336 INFO             PET0 PIOc_freedecomp Exit - MemInfo: [/proc/self/status]	VmRSS:	   74032 kB
20220314 061443.336 INFO             PET0 PIOc_freedecomp Exit - MemInfo: [/proc/self/status]	VmData:	   99704 kB
20220314 061443.336 INFO             PET0 PIOc_freedecomp Exit - MemInfo: [/proc/self/status]	VmStk:	     148 kB
20220314 061443.336 INFO             PET0 PIOc_freedecomp Exit - MemInfo: [/proc/self/status]	VmExe:	     212 kB
20220314 061443.336 INFO             PET0 PIOc_freedecomp Exit - MemInfo: [/proc/self/status]	VmLib:	   49028 kB
20220314 061443.336 INFO             PET0 PIOc_freedecomp Exit - MemInfo: [/proc/self/status]	VmPTE:	     844 kB
20220314 061443.336 INFO             PET0 PIOc_freedecomp Exit - MemInfo: [/proc/self/status]	VmPMD:	      16 kB
20220314 061443.336 INFO             PET0 PIOc_freedecomp Exit - MemInfo: [/proc/self/status]	VmSwap:	       0 kB
20220314 061443.336 INFO             PET0 PIOc_freedecomp Exit - MemInfo: [/proc/self/status]	VmRSSPercent: 0.113014 %
20220314 061443.336 INFO             PET0 PIOc_freedecomp Exit - MemInfo: [malloc] Non-mmapped space allocated:                89829376 Byte
20220314 061443.336 INFO             PET0 PIOc_freedecomp Exit - MemInfo: [malloc] Space allocated in mmapped regions:          1581056 Byte
20220314 061443.336 INFO             PET0 PIOc_freedecomp Exit - MemInfo: [malloc] Maximum total allocated space:                     0 Byte
20220314 061443.336 INFO             PET0 PIOc_freedecomp Exit - MemInfo: [malloc] Space in freed fastbin blocks:                  3056 Byte
20220314 061443.336 INFO             PET0 PIOc_freedecomp Exit - MemInfo: [malloc] Total allocated space:                      54153840 Byte
20220314 061443.336 INFO             PET0 PIOc_freedecomp Exit - MemInfo: [malloc] Total free space:                           35675536 Byte
20220314 061443.336 INFO             PET0 PIOc_freedecomp Exit - MemInfo: [malloc] Top-most, releasable space:                 16910784 Byte
20220314 061443.336 INFO             PET0 PIOc_freedecomp Exit - MemInfo: [malloc] Total space in use, mmap + non-mmap:        55734896 Byte
20220314 061443.336 INFO             PET0 PIOc_freedecomp Exit - MemInfo: [malloc] Total space held (mmap + non-mmap):         91410432 Byte
20220314 061443.336 INFO             PET0 PIOc_freedecomp Exit - MemInfo: [malloc] Total space used (mmap + non-mmap):         55744224 Byte
20220314 061443.336 INFO             PET0 PIOc_freedecomp Exit - MemInfo: Wall-clock time since execution start:                0.16839 seconds
20220314 061443.338 INFO             PET0 PIOc_sync Enter - MemInfo: [/proc/meminfo - SSI]	MemTotal:       65507008 kB
20220314 061443.338 INFO             PET0 PIOc_sync Enter - MemInfo: [/proc/meminfo - SSI]	MemFree:        49771360 kB
20220314 061443.338 INFO             PET0 PIOc_sync Enter - MemInfo: [/proc/meminfo - SSI]	MemAvailable:   49535328 kB
20220314 061443.338 INFO             PET0 PIOc_sync Enter - MemInfo: [/proc/meminfo - SSI]	Committed_AS:   13092332 kB
20220314 061443.338 INFO             PET0 PIOc_sync Enter - MemInfo: [/proc/meminfo - SSI]	CommittedPercent: 19.9862 %
20220314 061443.338 INFO             PET0 PIOc_sync Enter - MemInfo: [/proc/self/status]	VmPeak:	  596416 kB
20220314 061443.338 INFO             PET0 PIOc_sync Enter - MemInfo: [/proc/self/status]	VmSize:	  588228 kB
20220314 061443.338 INFO             PET0 PIOc_sync Enter - MemInfo: [/proc/self/status]	VmLck:	       0 kB
20220314 061443.338 INFO             PET0 PIOc_sync Enter - MemInfo: [/proc/self/status]	VmPin:	       0 kB
20220314 061443.338 INFO             PET0 PIOc_sync Enter - MemInfo: [/proc/self/status]	VmHWM:	   75400 kB
20220314 061443.338 INFO             PET0 PIOc_sync Enter - MemInfo: [/proc/self/status]	VmRSS:	   74044 kB
20220314 061443.338 INFO             PET0 PIOc_sync Enter - MemInfo: [/proc/self/status]	VmData:	   99704 kB
20220314 061443.338 INFO             PET0 PIOc_sync Enter - MemInfo: [/proc/self/status]	VmStk:	     148 kB
20220314 061443.338 INFO             PET0 PIOc_sync Enter - MemInfo: [/proc/self/status]	VmExe:	     212 kB
20220314 061443.338 INFO             PET0 PIOc_sync Enter - MemInfo: [/proc/self/status]	VmLib:	   49028 kB
20220314 061443.338 INFO             PET0 PIOc_sync Enter - MemInfo: [/proc/self/status]	VmPTE:	     844 kB
20220314 061443.338 INFO             PET0 PIOc_sync Enter - MemInfo: [/proc/self/status]	VmPMD:	      16 kB
20220314 061443.338 INFO             PET0 PIOc_sync Enter - MemInfo: [/proc/self/status]	VmSwap:	       0 kB
20220314 061443.338 INFO             PET0 PIOc_sync Enter - MemInfo: [/proc/self/status]	VmRSSPercent: 0.113032 %
20220314 061443.338 INFO             PET0 PIOc_sync Enter - MemInfo: [malloc] Non-mmapped space allocated:                89829376 Byte
20220314 061443.338 INFO             PET0 PIOc_sync Enter - MemInfo: [malloc] Space allocated in mmapped regions:          1581056 Byte
20220314 061443.338 INFO             PET0 PIOc_sync Enter - MemInfo: [malloc] Maximum total allocated space:                     0 Byte
20220314 061443.338 INFO             PET0 PIOc_sync Enter - MemInfo: [malloc] Space in freed fastbin blocks:                  1888 Byte
20220314 061443.338 INFO             PET0 PIOc_sync Enter - MemInfo: [malloc] Total allocated space:                      70949760 Byte
20220314 061443.338 INFO             PET0 PIOc_sync Enter - MemInfo: [malloc] Total free space:                           18879616 Byte
20220314 061443.338 INFO             PET0 PIOc_sync Enter - MemInfo: [malloc] Top-most, releasable space:                 16910784 Byte
20220314 061443.338 INFO             PET0 PIOc_sync Enter - MemInfo: [malloc] Total space in use, mmap + non-mmap:        72530816 Byte
20220314 061443.338 INFO             PET0 PIOc_sync Enter - MemInfo: [malloc] Total space held (mmap + non-mmap):         91410432 Byte
20220314 061443.338 INFO             PET0 PIOc_sync Enter - MemInfo: [malloc] Total space used (mmap + non-mmap):         72540144 Byte
20220314 061443.339 INFO             PET0 PIOc_sync Enter - MemInfo: Wall-clock time since execution start:               0.170404 seconds
20220314 061443.339 INFO             PET0 PIOc_sync Exit - MemInfo: [/proc/meminfo - SSI]	MemTotal:       65507008 kB
20220314 061443.339 INFO             PET0 PIOc_sync Exit - MemInfo: [/proc/meminfo - SSI]	MemFree:        49771360 kB
20220314 061443.339 INFO             PET0 PIOc_sync Exit - MemInfo: [/proc/meminfo - SSI]	MemAvailable:   49535328 kB
20220314 061443.339 INFO             PET0 PIOc_sync Exit - MemInfo: [/proc/meminfo - SSI]	Committed_AS:   13092332 kB
20220314 061443.339 INFO             PET0 PIOc_sync Exit - MemInfo: [/proc/meminfo - SSI]	CommittedPercent: 19.9862 %
20220314 061443.339 INFO             PET0 PIOc_sync Exit - MemInfo: [/proc/self/status]	VmPeak:	  596416 kB
20220314 061443.339 INFO             PET0 PIOc_sync Exit - MemInfo: [/proc/self/status]	VmSize:	  588228 kB
20220314 061443.339 INFO             PET0 PIOc_sync Exit - MemInfo: [/proc/self/status]	VmLck:	       0 kB
20220314 061443.339 INFO             PET0 PIOc_sync Exit - MemInfo: [/proc/self/status]	VmPin:	       0 kB
20220314 061443.339 INFO             PET0 PIOc_sync Exit - MemInfo: [/proc/self/status]	VmHWM:	   75400 kB
20220314 061443.339 INFO             PET0 PIOc_sync Exit - MemInfo: [/proc/self/status]	VmRSS:	   74044 kB
20220314 061443.339 INFO             PET0 PIOc_sync Exit - MemInfo: [/proc/self/status]	VmData:	   99704 kB
20220314 061443.339 INFO             PET0 PIOc_sync Exit - MemInfo: [/proc/self/status]	VmStk:	     148 kB
20220314 061443.339 INFO             PET0 PIOc_sync Exit - MemInfo: [/proc/self/status]	VmExe:	     212 kB
20220314 061443.339 INFO             PET0 PIOc_sync Exit - MemInfo: [/proc/self/status]	VmLib:	   49028 kB
20220314 061443.339 INFO             PET0 PIOc_sync Exit - MemInfo: [/proc/self/status]	VmPTE:	     844 kB
20220314 061443.339 INFO             PET0 PIOc_sync Exit - MemInfo: [/proc/self/status]	VmPMD:	      16 kB
20220314 061443.339 INFO             PET0 PIOc_sync Exit - MemInfo: [/proc/self/status]	VmSwap:	       0 kB
20220314 061443.339 INFO             PET0 PIOc_sync Exit - MemInfo: [/proc/self/status]	VmRSSPercent: 0.113032 %
20220314 061443.339 INFO             PET0 PIOc_sync Exit - MemInfo: [malloc] Non-mmapped space allocated:                89829376 Byte
20220314 061443.339 INFO             PET0 PIOc_sync Exit - MemInfo: [malloc] Space allocated in mmapped regions:          1581056 Byte
20220314 061443.339 INFO             PET0 PIOc_sync Exit - MemInfo: [malloc] Maximum total allocated space:                     0 Byte
20220314 061443.339 INFO             PET0 PIOc_sync Exit - MemInfo: [malloc] Space in freed fastbin blocks:                  2160 Byte
20220314 061443.339 INFO             PET0 PIOc_sync Exit - MemInfo: [malloc] Total allocated space:                      70952368 Byte
20220314 061443.339 INFO             PET0 PIOc_sync Exit - MemInfo: [malloc] Total free space:                           18877008 Byte
20220314 061443.339 INFO             PET0 PIOc_sync Exit - MemInfo: [malloc] Top-most, releasable space:                 16910784 Byte
20220314 061443.339 INFO             PET0 PIOc_sync Exit - MemInfo: [malloc] Total space in use, mmap + non-mmap:        72533424 Byte
20220314 061443.339 INFO             PET0 PIOc_sync Exit - MemInfo: [malloc] Total space held (mmap + non-mmap):         91410432 Byte
20220314 061443.339 INFO             PET0 PIOc_sync Exit - MemInfo: [malloc] Total space used (mmap + non-mmap):         72542752 Byte
20220314 061443.339 INFO             PET0 PIOc_sync Exit - MemInfo: Wall-clock time since execution start:               0.170872 seconds
20220314 061443.339 INFO             PET0 PIOc_freedecomp Enter - MemInfo: [/proc/meminfo - SSI]	MemTotal:       65507008 kB
20220314 061443.339 INFO             PET0 PIOc_freedecomp Enter - MemInfo: [/proc/meminfo - SSI]	MemFree:        49771360 kB
20220314 061443.339 INFO             PET0 PIOc_freedecomp Enter - MemInfo: [/proc/meminfo - SSI]	MemAvailable:   49535328 kB
20220314 061443.339 INFO             PET0 PIOc_freedecomp Enter - MemInfo: [/proc/meminfo - SSI]	Committed_AS:   13092332 kB
20220314 061443.339 INFO             PET0 PIOc_freedecomp Enter - MemInfo: [/proc/meminfo - SSI]	CommittedPercent: 19.9862 %
20220314 061443.339 INFO             PET0 PIOc_freedecomp Enter - MemInfo: [/proc/self/status]	VmPeak:	  596416 kB
20220314 061443.339 INFO             PET0 PIOc_freedecomp Enter - MemInfo: [/proc/self/status]	VmSize:	  588228 kB
20220314 061443.339 INFO             PET0 PIOc_freedecomp Enter - MemInfo: [/proc/self/status]	VmLck:	       0 kB
20220314 061443.339 INFO             PET0 PIOc_freedecomp Enter - MemInfo: [/proc/self/status]	VmPin:	       0 kB
20220314 061443.339 INFO             PET0 PIOc_freedecomp Enter - MemInfo: [/proc/self/status]	VmHWM:	   75400 kB
20220314 061443.339 INFO             PET0 PIOc_freedecomp Enter - MemInfo: [/proc/self/status]	VmRSS:	   74044 kB
20220314 061443.339 INFO             PET0 PIOc_freedecomp Enter - MemInfo: [/proc/self/status]	VmData:	   99704 kB
20220314 061443.339 INFO             PET0 PIOc_freedecomp Enter - MemInfo: [/proc/self/status]	VmStk:	     148 kB
20220314 061443.339 INFO             PET0 PIOc_freedecomp Enter - MemInfo: [/proc/self/status]	VmExe:	     212 kB
20220314 061443.339 INFO             PET0 PIOc_freedecomp Enter - MemInfo: [/proc/self/status]	VmLib:	   49028 kB
20220314 061443.339 INFO             PET0 PIOc_freedecomp Enter - MemInfo: [/proc/self/status]	VmPTE:	     844 kB
20220314 061443.339 INFO             PET0 PIOc_freedecomp Enter - MemInfo: [/proc/self/status]	VmPMD:	      16 kB
20220314 061443.339 INFO             PET0 PIOc_freedecomp Enter - MemInfo: [/proc/self/status]	VmSwap:	       0 kB
20220314 061443.339 INFO             PET0 PIOc_freedecomp Enter - MemInfo: [/proc/self/status]	VmRSSPercent: 0.113032 %
20220314 061443.339 INFO             PET0 PIOc_freedecomp Enter - MemInfo: [malloc] Non-mmapped space allocated:                89829376 Byte
20220314 061443.339 INFO             PET0 PIOc_freedecomp Enter - MemInfo: [malloc] Space allocated in mmapped regions:          1581056 Byte
20220314 061443.339 INFO             PET0 PIOc_freedecomp Enter - MemInfo: [malloc] Maximum total allocated space:                     0 Byte
20220314 061443.339 INFO             PET0 PIOc_freedecomp Enter - MemInfo: [malloc] Space in freed fastbin blocks:                  2544 Byte
20220314 061443.339 INFO             PET0 PIOc_freedecomp Enter - MemInfo: [malloc] Total allocated space:                      54161552 Byte
20220314 061443.339 INFO             PET0 PIOc_freedecomp Enter - MemInfo: [malloc] Total free space:                           35667824 Byte
20220314 061443.339 INFO             PET0 PIOc_freedecomp Enter - MemInfo: [malloc] Top-most, releasable space:                 16910784 Byte
20220314 061443.339 INFO             PET0 PIOc_freedecomp Enter - MemInfo: [malloc] Total space in use, mmap + non-mmap:        55742608 Byte
20220314 061443.339 INFO             PET0 PIOc_freedecomp Enter - MemInfo: [malloc] Total space held (mmap + non-mmap):         91410432 Byte
20220314 061443.339 INFO             PET0 PIOc_freedecomp Enter - MemInfo: [malloc] Total space used (mmap + non-mmap):         55751936 Byte
20220314 061443.339 INFO             PET0 PIOc_freedecomp Enter - MemInfo: Wall-clock time since execution start:               0.171236 seconds
20220314 061443.339 INFO             PET0 PIOc_freedecomp Exit - MemInfo: [/proc/meminfo - SSI]	MemTotal:       65507008 kB
20220314 061443.339 INFO             PET0 PIOc_freedecomp Exit - MemInfo: [/proc/meminfo - SSI]	MemFree:        49771360 kB
20220314 061443.339 INFO             PET0 PIOc_freedecomp Exit - MemInfo: [/proc/meminfo - SSI]	MemAvailable:   49535328 kB
20220314 061443.339 INFO             PET0 PIOc_freedecomp Exit - MemInfo: [/proc/meminfo - SSI]	Committed_AS:   13092332 kB
20220314 061443.339 INFO             PET0 PIOc_freedecomp Exit - MemInfo: [/proc/meminfo - SSI]	CommittedPercent: 19.9862 %
20220314 061443.339 INFO             PET0 PIOc_freedecomp Exit - MemInfo: [/proc/self/status]	VmPeak:	  596416 kB
20220314 061443.339 INFO             PET0 PIOc_freedecomp Exit - MemInfo: [/proc/self/status]	VmSize:	  588228 kB
20220314 061443.339 INFO             PET0 PIOc_freedecomp Exit - MemInfo: [/proc/self/status]	VmLck:	       0 kB
20220314 061443.339 INFO             PET0 PIOc_freedecomp Exit - MemInfo: [/proc/self/status]	VmPin:	       0 kB
20220314 061443.339 INFO             PET0 PIOc_freedecomp Exit - MemInfo: [/proc/self/status]	VmHWM:	   75400 kB
20220314 061443.339 INFO             PET0 PIOc_freedecomp Exit - MemInfo: [/proc/self/status]	VmRSS:	   74044 kB
20220314 061443.339 INFO             PET0 PIOc_freedecomp Exit - MemInfo: [/proc/self/status]	VmData:	   99704 kB
20220314 061443.340 INFO             PET0 PIOc_freedecomp Exit - MemInfo: [/proc/self/status]	VmStk:	     148 kB
20220314 061443.340 INFO             PET0 PIOc_freedecomp Exit - MemInfo: [/proc/self/status]	VmExe:	     212 kB
20220314 061443.340 INFO             PET0 PIOc_freedecomp Exit - MemInfo: [/proc/self/status]	VmLib:	   49028 kB
20220314 061443.340 INFO             PET0 PIOc_freedecomp Exit - MemInfo: [/proc/self/status]	VmPTE:	     844 kB
20220314 061443.340 INFO             PET0 PIOc_freedecomp Exit - MemInfo: [/proc/self/status]	VmPMD:	      16 kB
20220314 061443.340 INFO             PET0 PIOc_freedecomp Exit - MemInfo: [/proc/self/status]	VmSwap:	       0 kB
20220314 061443.340 INFO             PET0 PIOc_freedecomp Exit - MemInfo: [/proc/self/status]	VmRSSPercent: 0.113032 %
20220314 061443.340 INFO             PET0 PIOc_freedecomp Exit - MemInfo: [malloc] Non-mmapped space allocated:                89829376 Byte
20220314 061443.340 INFO             PET0 PIOc_freedecomp Exit - MemInfo: [malloc] Space allocated in mmapped regions:          1581056 Byte
20220314 061443.340 INFO             PET0 PIOc_freedecomp Exit - MemInfo: [malloc] Maximum total allocated space:                     0 Byte
20220314 061443.340 INFO             PET0 PIOc_freedecomp Exit - MemInfo: [malloc] Space in freed fastbin blocks:                  3184 Byte
20220314 061443.340 INFO             PET0 PIOc_freedecomp Exit - MemInfo: [malloc] Total allocated space:                      54153808 Byte
20220314 061443.340 INFO             PET0 PIOc_freedecomp Exit - MemInfo: [malloc] Total free space:                           35675568 Byte
20220314 061443.340 INFO             PET0 PIOc_freedecomp Exit - MemInfo: [malloc] Top-most, releasable space:                 16910784 Byte
20220314 061443.340 INFO             PET0 PIOc_freedecomp Exit - MemInfo: [malloc] Total space in use, mmap + non-mmap:        55734864 Byte
20220314 061443.340 INFO             PET0 PIOc_freedecomp Exit - MemInfo: [malloc] Total space held (mmap + non-mmap):         91410432 Byte
20220314 061443.340 INFO             PET0 PIOc_freedecomp Exit - MemInfo: [malloc] Total space used (mmap + non-mmap):         55744192 Byte
20220314 061443.340 INFO             PET0 PIOc_freedecomp Exit - MemInfo: Wall-clock time since execution start:                0.17157 seconds
20220314 061443.341 INFO             PET0 PIOc_sync Enter - MemInfo: [/proc/meminfo - SSI]	MemTotal:       65507008 kB
20220314 061443.341 INFO             PET0 PIOc_sync Enter - MemInfo: [/proc/meminfo - SSI]	MemFree:        49771360 kB
20220314 061443.341 INFO             PET0 PIOc_sync Enter - MemInfo: [/proc/meminfo - SSI]	MemAvailable:   49535328 kB
20220314 061443.341 INFO             PET0 PIOc_sync Enter - MemInfo: [/proc/meminfo - SSI]	Committed_AS:   13092332 kB
20220314 061443.341 INFO             PET0 PIOc_sync Enter - MemInfo: [/proc/meminfo - SSI]	CommittedPercent: 19.9862 %
20220314 061443.341 INFO             PET0 PIOc_sync Enter - MemInfo: [/proc/self/status]	VmPeak:	  596416 kB
20220314 061443.341 INFO             PET0 PIOc_sync Enter - MemInfo: [/proc/self/status]	VmSize:	  588228 kB
20220314 061443.341 INFO             PET0 PIOc_sync Enter - MemInfo: [/proc/self/status]	VmLck:	       0 kB
20220314 061443.341 INFO             PET0 PIOc_sync Enter - MemInfo: [/proc/self/status]	VmPin:	       0 kB
20220314 061443.341 INFO             PET0 PIOc_sync Enter - MemInfo: [/proc/self/status]	VmHWM:	   75400 kB
20220314 061443.341 INFO             PET0 PIOc_sync Enter - MemInfo: [/proc/self/status]	VmRSS:	   74044 kB
20220314 061443.341 INFO             PET0 PIOc_sync Enter - MemInfo: [/proc/self/status]	VmData:	   99704 kB
20220314 061443.341 INFO             PET0 PIOc_sync Enter - MemInfo: [/proc/self/status]	VmStk:	     148 kB
20220314 061443.341 INFO             PET0 PIOc_sync Enter - MemInfo: [/proc/self/status]	VmExe:	     212 kB
20220314 061443.341 INFO             PET0 PIOc_sync Enter - MemInfo: [/proc/self/status]	VmLib:	   49028 kB
20220314 061443.341 INFO             PET0 PIOc_sync Enter - MemInfo: [/proc/self/status]	VmPTE:	     844 kB
20220314 061443.341 INFO             PET0 PIOc_sync Enter - MemInfo: [/proc/self/status]	VmPMD:	      16 kB
20220314 061443.341 INFO             PET0 PIOc_sync Enter - MemInfo: [/proc/self/status]	VmSwap:	       0 kB
20220314 061443.341 INFO             PET0 PIOc_sync Enter - MemInfo: [/proc/self/status]	VmRSSPercent: 0.113032 %
20220314 061443.341 INFO             PET0 PIOc_sync Enter - MemInfo: [malloc] Non-mmapped space allocated:                89829376 Byte
20220314 061443.341 INFO             PET0 PIOc_sync Enter - MemInfo: [malloc] Space allocated in mmapped regions:          1581056 Byte
20220314 061443.341 INFO             PET0 PIOc_sync Enter - MemInfo: [malloc] Maximum total allocated space:                     0 Byte
20220314 061443.341 INFO             PET0 PIOc_sync Enter - MemInfo: [malloc] Space in freed fastbin blocks:                  2128 Byte
20220314 061443.341 INFO             PET0 PIOc_sync Enter - MemInfo: [malloc] Total allocated space:                      70950256 Byte
20220314 061443.341 INFO             PET0 PIOc_sync Enter - MemInfo: [malloc] Total free space:                           18879120 Byte
20220314 061443.341 INFO             PET0 PIOc_sync Enter - MemInfo: [malloc] Top-most, releasable space:                 16910784 Byte
20220314 061443.341 INFO             PET0 PIOc_sync Enter - MemInfo: [malloc] Total space in use, mmap + non-mmap:        72531312 Byte
20220314 061443.341 INFO             PET0 PIOc_sync Enter - MemInfo: [malloc] Total space held (mmap + non-mmap):         91410432 Byte
20220314 061443.341 INFO             PET0 PIOc_sync Enter - MemInfo: [malloc] Total space used (mmap + non-mmap):         72540640 Byte
20220314 061443.341 INFO             PET0 PIOc_sync Enter - MemInfo: Wall-clock time since execution start:               0.172897 seconds
20220314 061443.343 INFO             PET0 PIOc_sync Exit - MemInfo: [/proc/meminfo - SSI]	MemTotal:       65507008 kB
20220314 061443.343 INFO             PET0 PIOc_sync Exit - MemInfo: [/proc/meminfo - SSI]	MemFree:        49771360 kB
20220314 061443.343 INFO             PET0 PIOc_sync Exit - MemInfo: [/proc/meminfo - SSI]	MemAvailable:   49535328 kB
20220314 061443.343 INFO             PET0 PIOc_sync Exit - MemInfo: [/proc/meminfo - SSI]	Committed_AS:   13092332 kB
20220314 061443.343 INFO             PET0 PIOc_sync Exit - MemInfo: [/proc/meminfo - SSI]	CommittedPercent: 19.9862 %
20220314 061443.343 INFO             PET0 PIOc_sync Exit - MemInfo: [/proc/self/status]	VmPeak:	  596416 kB
20220314 061443.343 INFO             PET0 PIOc_sync Exit - MemInfo: [/proc/self/status]	VmSize:	  588228 kB
20220314 061443.343 INFO             PET0 PIOc_sync Exit - MemInfo: [/proc/self/status]	VmLck:	       0 kB
20220314 061443.343 INFO             PET0 PIOc_sync Exit - MemInfo: [/proc/self/status]	VmPin:	       0 kB
20220314 061443.343 INFO             PET0 PIOc_sync Exit - MemInfo: [/proc/self/status]	VmHWM:	   75400 kB
20220314 061443.343 INFO             PET0 PIOc_sync Exit - MemInfo: [/proc/self/status]	VmRSS:	   74044 kB
20220314 061443.343 INFO             PET0 PIOc_sync Exit - MemInfo: [/proc/self/status]	VmData:	   99704 kB
20220314 061443.343 INFO             PET0 PIOc_sync Exit - MemInfo: [/proc/self/status]	VmStk:	     148 kB
20220314 061443.343 INFO             PET0 PIOc_sync Exit - MemInfo: [/proc/self/status]	VmExe:	     212 kB
20220314 061443.343 INFO             PET0 PIOc_sync Exit - MemInfo: [/proc/self/status]	VmLib:	   49028 kB
20220314 061443.343 INFO             PET0 PIOc_sync Exit - MemInfo: [/proc/self/status]	VmPTE:	     844 kB
20220314 061443.343 INFO             PET0 PIOc_sync Exit - MemInfo: [/proc/self/status]	VmPMD:	      16 kB
20220314 061443.343 INFO             PET0 PIOc_sync Exit - MemInfo: [/proc/self/status]	VmSwap:	       0 kB
20220314 061443.343 INFO             PET0 PIOc_sync Exit - MemInfo: [/proc/self/status]	VmRSSPercent: 0.113032 %
20220314 061443.343 INFO             PET0 PIOc_sync Exit - MemInfo: [malloc] Non-mmapped space allocated:                89829376 Byte
20220314 061443.343 INFO             PET0 PIOc_sync Exit - MemInfo: [malloc] Space allocated in mmapped regions:          1581056 Byte
20220314 061443.343 INFO             PET0 PIOc_sync Exit - MemInfo: [malloc] Maximum total allocated space:                     0 Byte
20220314 061443.343 INFO             PET0 PIOc_sync Exit - MemInfo: [malloc] Space in freed fastbin blocks:                  2160 Byte
20220314 061443.343 INFO             PET0 PIOc_sync Exit - MemInfo: [malloc] Total allocated space:                      70952880 Byte
20220314 061443.343 INFO             PET0 PIOc_sync Exit - MemInfo: [malloc] Total free space:                           18876496 Byte
20220314 061443.343 INFO             PET0 PIOc_sync Exit - MemInfo: [malloc] Top-most, releasable space:                 16910784 Byte
20220314 061443.343 INFO             PET0 PIOc_sync Exit - MemInfo: [malloc] Total space in use, mmap + non-mmap:        72533936 Byte
20220314 061443.343 INFO             PET0 PIOc_sync Exit - MemInfo: [malloc] Total space held (mmap + non-mmap):         91410432 Byte
20220314 061443.343 INFO             PET0 PIOc_sync Exit - MemInfo: [malloc] Total space used (mmap + non-mmap):         72543264 Byte
20220314 061443.343 INFO             PET0 PIOc_sync Exit - MemInfo: Wall-clock time since execution start:               0.174867 seconds
20220314 061443.343 INFO             PET0 PIOc_freedecomp Enter - MemInfo: [/proc/meminfo - SSI]	MemTotal:       65507008 kB
20220314 061443.343 INFO             PET0 PIOc_freedecomp Enter - MemInfo: [/proc/meminfo - SSI]	MemFree:        49771360 kB
20220314 061443.343 INFO             PET0 PIOc_freedecomp Enter - MemInfo: [/proc/meminfo - SSI]	MemAvailable:   49535328 kB
20220314 061443.343 INFO             PET0 PIOc_freedecomp Enter - MemInfo: [/proc/meminfo - SSI]	Committed_AS:   13092332 kB
20220314 061443.343 INFO             PET0 PIOc_freedecomp Enter - MemInfo: [/proc/meminfo - SSI]	CommittedPercent: 19.9862 %
20220314 061443.343 INFO             PET0 PIOc_freedecomp Enter - MemInfo: [/proc/self/status]	VmPeak:	  596416 kB
20220314 061443.343 INFO             PET0 PIOc_freedecomp Enter - MemInfo: [/proc/self/status]	VmSize:	  588228 kB
20220314 061443.343 INFO             PET0 PIOc_freedecomp Enter - MemInfo: [/proc/self/status]	VmLck:	       0 kB
20220314 061443.343 INFO             PET0 PIOc_freedecomp Enter - MemInfo: [/proc/self/status]	VmPin:	       0 kB
20220314 061443.343 INFO             PET0 PIOc_freedecomp Enter - MemInfo: [/proc/self/status]	VmHWM:	   75400 kB
20220314 061443.343 INFO             PET0 PIOc_freedecomp Enter - MemInfo: [/proc/self/status]	VmRSS:	   74044 kB
20220314 061443.343 INFO             PET0 PIOc_freedecomp Enter - MemInfo: [/proc/self/status]	VmData:	   99704 kB
20220314 061443.343 INFO             PET0 PIOc_freedecomp Enter - MemInfo: [/proc/self/status]	VmStk:	     148 kB
20220314 061443.343 INFO             PET0 PIOc_freedecomp Enter - MemInfo: [/proc/self/status]	VmExe:	     212 kB
20220314 061443.343 INFO             PET0 PIOc_freedecomp Enter - MemInfo: [/proc/self/status]	VmLib:	   49028 kB
20220314 061443.343 INFO             PET0 PIOc_freedecomp Enter - MemInfo: [/proc/self/status]	VmPTE:	     844 kB
20220314 061443.343 INFO             PET0 PIOc_freedecomp Enter - MemInfo: [/proc/self/status]	VmPMD:	      16 kB
20220314 061443.343 INFO             PET0 PIOc_freedecomp Enter - MemInfo: [/proc/self/status]	VmSwap:	       0 kB
20220314 061443.343 INFO             PET0 PIOc_freedecomp Enter - MemInfo: [/proc/self/status]	VmRSSPercent: 0.113032 %
20220314 061443.343 INFO             PET0 PIOc_freedecomp Enter - MemInfo: [malloc] Non-mmapped space allocated:                89829376 Byte
20220314 061443.343 INFO             PET0 PIOc_freedecomp Enter - MemInfo: [malloc] Space allocated in mmapped regions:          1581056 Byte
20220314 061443.343 INFO             PET0 PIOc_freedecomp Enter - MemInfo: [malloc] Maximum total allocated space:                     0 Byte
20220314 061443.343 INFO             PET0 PIOc_freedecomp Enter - MemInfo: [malloc] Space in freed fastbin blocks:                  2864 Byte
20220314 061443.343 INFO             PET0 PIOc_freedecomp Enter - MemInfo: [malloc] Total allocated space:                      54161584 Byte
20220314 061443.343 INFO             PET0 PIOc_freedecomp Enter - MemInfo: [malloc] Total free space:                           35667792 Byte
20220314 061443.343 INFO             PET0 PIOc_freedecomp Enter - MemInfo: [malloc] Top-most, releasable space:                 16910784 Byte
20220314 061443.343 INFO             PET0 PIOc_freedecomp Enter - MemInfo: [malloc] Total space in use, mmap + non-mmap:        55742640 Byte
20220314 061443.343 INFO             PET0 PIOc_freedecomp Enter - MemInfo: [malloc] Total space held (mmap + non-mmap):         91410432 Byte
20220314 061443.343 INFO             PET0 PIOc_freedecomp Enter - MemInfo: [malloc] Total space used (mmap + non-mmap):         55751968 Byte
20220314 061443.343 INFO             PET0 PIOc_freedecomp Enter - MemInfo: Wall-clock time since execution start:               0.175309 seconds
20220314 061443.343 INFO             PET0 PIOc_freedecomp Exit - MemInfo: [/proc/meminfo - SSI]	MemTotal:       65507008 kB
20220314 061443.343 INFO             PET0 PIOc_freedecomp Exit - MemInfo: [/proc/meminfo - SSI]	MemFree:        49771360 kB
20220314 061443.343 INFO             PET0 PIOc_freedecomp Exit - MemInfo: [/proc/meminfo - SSI]	MemAvailable:   49535328 kB
20220314 061443.343 INFO             PET0 PIOc_freedecomp Exit - MemInfo: [/proc/meminfo - SSI]	Committed_AS:   13092332 kB
20220314 061443.343 INFO             PET0 PIOc_freedecomp Exit - MemInfo: [/proc/meminfo - SSI]	CommittedPercent: 19.9862 %
20220314 061443.344 INFO             PET0 PIOc_freedecomp Exit - MemInfo: [/proc/self/status]	VmPeak:	  596416 kB
20220314 061443.344 INFO             PET0 PIOc_freedecomp Exit - MemInfo: [/proc/self/status]	VmSize:	  588228 kB
20220314 061443.344 INFO             PET0 PIOc_freedecomp Exit - MemInfo: [/proc/self/status]	VmLck:	       0 kB
20220314 061443.344 INFO             PET0 PIOc_freedecomp Exit - MemInfo: [/proc/self/status]	VmPin:	       0 kB
20220314 061443.344 INFO             PET0 PIOc_freedecomp Exit - MemInfo: [/proc/self/status]	VmHWM:	   75400 kB
20220314 061443.344 INFO             PET0 PIOc_freedecomp Exit - MemInfo: [/proc/self/status]	VmRSS:	   74044 kB
20220314 061443.344 INFO             PET0 PIOc_freedecomp Exit - MemInfo: [/proc/self/status]	VmData:	   99704 kB
20220314 061443.344 INFO             PET0 PIOc_freedecomp Exit - MemInfo: [/proc/self/status]	VmStk:	     148 kB
20220314 061443.344 INFO             PET0 PIOc_freedecomp Exit - MemInfo: [/proc/self/status]	VmExe:	     212 kB
20220314 061443.344 INFO             PET0 PIOc_freedecomp Exit - MemInfo: [/proc/self/status]	VmLib:	   49028 kB
20220314 061443.344 INFO             PET0 PIOc_freedecomp Exit - MemInfo: [/proc/self/status]	VmPTE:	     844 kB
20220314 061443.344 INFO             PET0 PIOc_freedecomp Exit - MemInfo: [/proc/self/status]	VmPMD:	      16 kB
20220314 061443.344 INFO             PET0 PIOc_freedecomp Exit - MemInfo: [/proc/self/status]	VmSwap:	       0 kB
20220314 061443.344 INFO             PET0 PIOc_freedecomp Exit - MemInfo: [/proc/self/status]	VmRSSPercent: 0.113032 %
20220314 061443.344 INFO             PET0 PIOc_freedecomp Exit - MemInfo: [malloc] Non-mmapped space allocated:                89829376 Byte
20220314 061443.344 INFO             PET0 PIOc_freedecomp Exit - MemInfo: [malloc] Space allocated in mmapped regions:          1581056 Byte
20220314 061443.344 INFO             PET0 PIOc_freedecomp Exit - MemInfo: [malloc] Maximum total allocated space:                     0 Byte
20220314 061443.344 INFO             PET0 PIOc_freedecomp Exit - MemInfo: [malloc] Space in freed fastbin blocks:                  3184 Byte
20220314 061443.344 INFO             PET0 PIOc_freedecomp Exit - MemInfo: [malloc] Total allocated space:                      54153840 Byte
20220314 061443.344 INFO             PET0 PIOc_freedecomp Exit - MemInfo: [malloc] Total free space:                           35675536 Byte
20220314 061443.344 INFO             PET0 PIOc_freedecomp Exit - MemInfo: [malloc] Top-most, releasable space:                 16910784 Byte
20220314 061443.344 INFO             PET0 PIOc_freedecomp Exit - MemInfo: [malloc] Total space in use, mmap + non-mmap:        55734896 Byte
20220314 061443.344 INFO             PET0 PIOc_freedecomp Exit - MemInfo: [malloc] Total space held (mmap + non-mmap):         91410432 Byte
20220314 061443.344 INFO             PET0 PIOc_freedecomp Exit - MemInfo: [malloc] Total space used (mmap + non-mmap):         55744224 Byte
20220314 061443.344 INFO             PET0 PIOc_freedecomp Exit - MemInfo: Wall-clock time since execution start:               0.175652 seconds
20220314 061443.347 INFO             PET0  PASS  ESMF_FieldRegridStoreFromFile Unit Test, ESMF_FieldSMMFromFileUTest.F90, line 315
20220314 061443.347 INFO             PET0  Ending Test, file ESMF_FieldSMMFromFileUTest.F90, line 322
20220314 061443.347 INFO             PET0 Finalizing ESMF
20220314 061443.171 INFO             PET1 !!!!!!!!!!!!!!!!!!!!!!!!!!!!!!!!!!!!!!!!!!!!!!!!!!!!!!
20220314 061443.171 INFO             PET1 !!! THE ESMF_LOG IS SET TO OUTPUT ALL LOG MESSAGES !!!
20220314 061443.171 INFO             PET1 !!!     THIS MAY CAUSE SLOWDOWN IN PERFORMANCE     !!!
20220314 061443.171 INFO             PET1 !!! FOR PRODUCTION RUNS, USE:                      !!!
20220314 061443.171 INFO             PET1 !!!                   ESMF_LOGKIND_Multi_On_Error  !!!
20220314 061443.171 INFO             PET1 !!!!!!!!!!!!!!!!!!!!!!!!!!!!!!!!!!!!!!!!!!!!!!!!!!!!!!
20220314 061443.171 INFO             PET1 Running with ESMF Version   : v8.3.0b09-96-g559b459836
20220314 061443.171 INFO             PET1 ESMF library build date/time: "Mar 14 2022" "05:58:16"
20220314 061443.171 INFO             PET1 ESMF library build location : /glade/scratch/rlong/esmf-testing/gfortran_7.4.0_openmpi_O_jedwards_pio_update2
20220314 061443.171 INFO             PET1 ESMF_COMM                   : openmpi
20220314 061443.171 INFO             PET1 ESMF_MOAB                   : enabled
20220314 061443.171 INFO             PET1 ESMF_LAPACK                 : enabled
20220314 061443.171 INFO             PET1 ESMF_NETCDF                 : enabled
20220314 061443.171 INFO             PET1 ESMF_PNETCDF                : disabled
20220314 061443.171 INFO             PET1 ESMF_PIO                    : enabled
20220314 061443.171 INFO             PET1 ESMF_YAMLCPP                : enabled
20220314 061443.171 INFO             PET1  Beginning Test, file ESMF_FieldSMMFromFileUTest.F90, line 287
20220314 061443.171 INFO             PET1  NUMBER_OF_PROCESSORS           4
20220314 061443.323 INFO             PET1  PASS  ESMF_FieldSMMFromFile Unit Test, ESMF_FieldSMMFromFileUTest.F90, line 300
20220314 061443.332 INFO             PET1 PIOc_sync Enter - MemInfo: [/proc/meminfo - SSI]	MemTotal:       65507008 kB
20220314 061443.332 INFO             PET1 PIOc_sync Enter - MemInfo: [/proc/meminfo - SSI]	MemFree:        49771360 kB
20220314 061443.332 INFO             PET1 PIOc_sync Enter - MemInfo: [/proc/meminfo - SSI]	MemAvailable:   49535328 kB
20220314 061443.332 INFO             PET1 PIOc_sync Enter - MemInfo: [/proc/meminfo - SSI]	Committed_AS:   13092332 kB
20220314 061443.332 INFO             PET1 PIOc_sync Enter - MemInfo: [/proc/meminfo - SSI]	CommittedPercent: 19.9862 %
20220314 061443.332 INFO             PET1 PIOc_sync Enter - MemInfo: [/proc/self/status]	VmPeak:	  547452 kB
20220314 061443.332 INFO             PET1 PIOc_sync Enter - MemInfo: [/proc/self/status]	VmSize:	  539264 kB
20220314 061443.332 INFO             PET1 PIOc_sync Enter - MemInfo: [/proc/self/status]	VmLck:	       0 kB
20220314 061443.332 INFO             PET1 PIOc_sync Enter - MemInfo: [/proc/self/status]	VmPin:	       0 kB
20220314 061443.332 INFO             PET1 PIOc_sync Enter - MemInfo: [/proc/self/status]	VmHWM:	   61372 kB
20220314 061443.332 INFO             PET1 PIOc_sync Enter - MemInfo: [/proc/self/status]	VmRSS:	   41216 kB
20220314 061443.332 INFO             PET1 PIOc_sync Enter - MemInfo: [/proc/self/status]	VmData:	   50740 kB
20220314 061443.332 INFO             PET1 PIOc_sync Enter - MemInfo: [/proc/self/status]	VmStk:	     148 kB
20220314 061443.332 INFO             PET1 PIOc_sync Enter - MemInfo: [/proc/self/status]	VmExe:	     212 kB
20220314 061443.332 INFO             PET1 PIOc_sync Enter - MemInfo: [/proc/self/status]	VmLib:	   49028 kB
20220314 061443.332 INFO             PET1 PIOc_sync Enter - MemInfo: [/proc/self/status]	VmPTE:	     780 kB
20220314 061443.332 INFO             PET1 PIOc_sync Enter - MemInfo: [/proc/self/status]	VmPMD:	      16 kB
20220314 061443.332 INFO             PET1 PIOc_sync Enter - MemInfo: [/proc/self/status]	VmSwap:	       0 kB
20220314 061443.332 INFO             PET1 PIOc_sync Enter - MemInfo: [/proc/self/status]	VmRSSPercent: 0.0629185 %
20220314 061443.332 INFO             PET1 PIOc_sync Enter - MemInfo: [malloc] Non-mmapped space allocated:                39690240 Byte
20220314 061443.335 INFO             PET1 PIOc_sync Enter - MemInfo: [malloc] Space allocated in mmapped regions:          1581056 Byte
20220314 061443.335 INFO             PET1 PIOc_sync Enter - MemInfo: [malloc] Maximum total allocated space:                     0 Byte
20220314 061443.335 INFO             PET1 PIOc_sync Enter - MemInfo: [malloc] Space in freed fastbin blocks:                  2800 Byte
20220314 061443.335 INFO             PET1 PIOc_sync Enter - MemInfo: [malloc] Total allocated space:                      20608928 Byte
20220314 061443.335 INFO             PET1 PIOc_sync Enter - MemInfo: [malloc] Total free space:                           19081312 Byte
20220314 061443.335 INFO             PET1 PIOc_sync Enter - MemInfo: [malloc] Top-most, releasable space:                 16909360 Byte
20220314 061443.335 INFO             PET1 PIOc_sync Enter - MemInfo: [malloc] Total space in use, mmap + non-mmap:        22189984 Byte
20220314 061443.335 INFO             PET1 PIOc_sync Enter - MemInfo: [malloc] Total space held (mmap + non-mmap):         41271296 Byte
20220314 061443.335 INFO             PET1 PIOc_sync Enter - MemInfo: [malloc] Total space used (mmap + non-mmap):         22199312 Byte
20220314 061443.335 INFO             PET1 PIOc_sync Enter - MemInfo: Wall-clock time since execution start:               0.166613 seconds
20220314 061443.335 INFO             PET1 PIOc_sync Exit - MemInfo: [/proc/meminfo - SSI]	MemTotal:       65507008 kB
20220314 061443.335 INFO             PET1 PIOc_sync Exit - MemInfo: [/proc/meminfo - SSI]	MemFree:        49771360 kB
20220314 061443.335 INFO             PET1 PIOc_sync Exit - MemInfo: [/proc/meminfo - SSI]	MemAvailable:   49535328 kB
20220314 061443.335 INFO             PET1 PIOc_sync Exit - MemInfo: [/proc/meminfo - SSI]	Committed_AS:   13092332 kB
20220314 061443.335 INFO             PET1 PIOc_sync Exit - MemInfo: [/proc/meminfo - SSI]	CommittedPercent: 19.9862 %
20220314 061443.336 INFO             PET1 PIOc_sync Exit - MemInfo: [/proc/self/status]	VmPeak:	  547452 kB
20220314 061443.336 INFO             PET1 PIOc_sync Exit - MemInfo: [/proc/self/status]	VmSize:	  539264 kB
20220314 061443.336 INFO             PET1 PIOc_sync Exit - MemInfo: [/proc/self/status]	VmLck:	       0 kB
20220314 061443.336 INFO             PET1 PIOc_sync Exit - MemInfo: [/proc/self/status]	VmPin:	       0 kB
20220314 061443.336 INFO             PET1 PIOc_sync Exit - MemInfo: [/proc/self/status]	VmHWM:	   61372 kB
20220314 061443.336 INFO             PET1 PIOc_sync Exit - MemInfo: [/proc/self/status]	VmRSS:	   41276 kB
20220314 061443.336 INFO             PET1 PIOc_sync Exit - MemInfo: [/proc/self/status]	VmData:	   50740 kB
20220314 061443.336 INFO             PET1 PIOc_sync Exit - MemInfo: [/proc/self/status]	VmStk:	     148 kB
20220314 061443.336 INFO             PET1 PIOc_sync Exit - MemInfo: [/proc/self/status]	VmExe:	     212 kB
20220314 061443.336 INFO             PET1 PIOc_sync Exit - MemInfo: [/proc/self/status]	VmLib:	   49028 kB
20220314 061443.336 INFO             PET1 PIOc_sync Exit - MemInfo: [/proc/self/status]	VmPTE:	     780 kB
20220314 061443.336 INFO             PET1 PIOc_sync Exit - MemInfo: [/proc/self/status]	VmPMD:	      16 kB
20220314 061443.336 INFO             PET1 PIOc_sync Exit - MemInfo: [/proc/self/status]	VmSwap:	       0 kB
20220314 061443.336 INFO             PET1 PIOc_sync Exit - MemInfo: [/proc/self/status]	VmRSSPercent: 0.0630101 %
20220314 061443.336 INFO             PET1 PIOc_sync Exit - MemInfo: [malloc] Non-mmapped space allocated:                39690240 Byte
20220314 061443.336 INFO             PET1 PIOc_sync Exit - MemInfo: [malloc] Space allocated in mmapped regions:          1581056 Byte
20220314 061443.336 INFO             PET1 PIOc_sync Exit - MemInfo: [malloc] Maximum total allocated space:                     0 Byte
20220314 061443.336 INFO             PET1 PIOc_sync Exit - MemInfo: [malloc] Space in freed fastbin blocks:                  1296 Byte
20220314 061443.336 INFO             PET1 PIOc_sync Exit - MemInfo: [malloc] Total allocated space:                      20608352 Byte
20220314 061443.336 INFO             PET1 PIOc_sync Exit - MemInfo: [malloc] Total free space:                           19081888 Byte
20220314 061443.336 INFO             PET1 PIOc_sync Exit - MemInfo: [malloc] Top-most, releasable space:                 16909360 Byte
20220314 061443.336 INFO             PET1 PIOc_sync Exit - MemInfo: [malloc] Total space in use, mmap + non-mmap:        22189408 Byte
20220314 061443.336 INFO             PET1 PIOc_sync Exit - MemInfo: [malloc] Total space held (mmap + non-mmap):         41271296 Byte
20220314 061443.336 INFO             PET1 PIOc_sync Exit - MemInfo: [malloc] Total space used (mmap + non-mmap):         22198736 Byte
20220314 061443.336 INFO             PET1 PIOc_sync Exit - MemInfo: Wall-clock time since execution start:               0.167129 seconds
20220314 061443.336 INFO             PET1 PIOc_freedecomp Enter - MemInfo: [/proc/meminfo - SSI]	MemTotal:       65507008 kB
20220314 061443.336 INFO             PET1 PIOc_freedecomp Enter - MemInfo: [/proc/meminfo - SSI]	MemFree:        49771360 kB
20220314 061443.336 INFO             PET1 PIOc_freedecomp Enter - MemInfo: [/proc/meminfo - SSI]	MemAvailable:   49535328 kB
20220314 061443.336 INFO             PET1 PIOc_freedecomp Enter - MemInfo: [/proc/meminfo - SSI]	Committed_AS:   13092332 kB
20220314 061443.336 INFO             PET1 PIOc_freedecomp Enter - MemInfo: [/proc/meminfo - SSI]	CommittedPercent: 19.9862 %
20220314 061443.336 INFO             PET1 PIOc_freedecomp Enter - MemInfo: [/proc/self/status]	VmPeak:	  547452 kB
20220314 061443.336 INFO             PET1 PIOc_freedecomp Enter - MemInfo: [/proc/self/status]	VmSize:	  539264 kB
20220314 061443.336 INFO             PET1 PIOc_freedecomp Enter - MemInfo: [/proc/self/status]	VmLck:	       0 kB
20220314 061443.336 INFO             PET1 PIOc_freedecomp Enter - MemInfo: [/proc/self/status]	VmPin:	       0 kB
20220314 061443.336 INFO             PET1 PIOc_freedecomp Enter - MemInfo: [/proc/self/status]	VmHWM:	   61372 kB
20220314 061443.336 INFO             PET1 PIOc_freedecomp Enter - MemInfo: [/proc/self/status]	VmRSS:	   41276 kB
20220314 061443.336 INFO             PET1 PIOc_freedecomp Enter - MemInfo: [/proc/self/status]	VmData:	   50740 kB
20220314 061443.336 INFO             PET1 PIOc_freedecomp Enter - MemInfo: [/proc/self/status]	VmStk:	     148 kB
20220314 061443.336 INFO             PET1 PIOc_freedecomp Enter - MemInfo: [/proc/self/status]	VmExe:	     212 kB
20220314 061443.336 INFO             PET1 PIOc_freedecomp Enter - MemInfo: [/proc/self/status]	VmLib:	   49028 kB
20220314 061443.336 INFO             PET1 PIOc_freedecomp Enter - MemInfo: [/proc/self/status]	VmPTE:	     780 kB
20220314 061443.336 INFO             PET1 PIOc_freedecomp Enter - MemInfo: [/proc/self/status]	VmPMD:	      16 kB
20220314 061443.336 INFO             PET1 PIOc_freedecomp Enter - MemInfo: [/proc/self/status]	VmSwap:	       0 kB
20220314 061443.336 INFO             PET1 PIOc_freedecomp Enter - MemInfo: [/proc/self/status]	VmRSSPercent: 0.0630101 %
20220314 061443.336 INFO             PET1 PIOc_freedecomp Enter - MemInfo: [malloc] Non-mmapped space allocated:                39690240 Byte
20220314 061443.336 INFO             PET1 PIOc_freedecomp Enter - MemInfo: [malloc] Space allocated in mmapped regions:          1581056 Byte
20220314 061443.336 INFO             PET1 PIOc_freedecomp Enter - MemInfo: [malloc] Maximum total allocated space:                     0 Byte
20220314 061443.336 INFO             PET1 PIOc_freedecomp Enter - MemInfo: [malloc] Space in freed fastbin blocks:                  1456 Byte
20220314 061443.336 INFO             PET1 PIOc_freedecomp Enter - MemInfo: [malloc] Total allocated space:                      20606672 Byte
20220314 061443.336 INFO             PET1 PIOc_freedecomp Enter - MemInfo: [malloc] Total free space:                           19083568 Byte
20220314 061443.336 INFO             PET1 PIOc_freedecomp Enter - MemInfo: [malloc] Top-most, releasable space:                 16909360 Byte
20220314 061443.336 INFO             PET1 PIOc_freedecomp Enter - MemInfo: [malloc] Total space in use, mmap + non-mmap:        22187728 Byte
20220314 061443.336 INFO             PET1 PIOc_freedecomp Enter - MemInfo: [malloc] Total space held (mmap + non-mmap):         41271296 Byte
20220314 061443.336 INFO             PET1 PIOc_freedecomp Enter - MemInfo: [malloc] Total space used (mmap + non-mmap):         22197056 Byte
20220314 061443.336 INFO             PET1 PIOc_freedecomp Enter - MemInfo: Wall-clock time since execution start:               0.167552 seconds
20220314 061443.336 INFO             PET1 PIOc_freedecomp Exit - MemInfo: [/proc/meminfo - SSI]	MemTotal:       65507008 kB
20220314 061443.336 INFO             PET1 PIOc_freedecomp Exit - MemInfo: [/proc/meminfo - SSI]	MemFree:        49771360 kB
20220314 061443.336 INFO             PET1 PIOc_freedecomp Exit - MemInfo: [/proc/meminfo - SSI]	MemAvailable:   49535328 kB
20220314 061443.336 INFO             PET1 PIOc_freedecomp Exit - MemInfo: [/proc/meminfo - SSI]	Committed_AS:   13092332 kB
20220314 061443.336 INFO             PET1 PIOc_freedecomp Exit - MemInfo: [/proc/meminfo - SSI]	CommittedPercent: 19.9862 %
20220314 061443.336 INFO             PET1 PIOc_freedecomp Exit - MemInfo: [/proc/self/status]	VmPeak:	  547452 kB
20220314 061443.336 INFO             PET1 PIOc_freedecomp Exit - MemInfo: [/proc/self/status]	VmSize:	  539264 kB
20220314 061443.336 INFO             PET1 PIOc_freedecomp Exit - MemInfo: [/proc/self/status]	VmLck:	       0 kB
20220314 061443.336 INFO             PET1 PIOc_freedecomp Exit - MemInfo: [/proc/self/status]	VmPin:	       0 kB
20220314 061443.336 INFO             PET1 PIOc_freedecomp Exit - MemInfo: [/proc/self/status]	VmHWM:	   61372 kB
20220314 061443.336 INFO             PET1 PIOc_freedecomp Exit - MemInfo: [/proc/self/status]	VmRSS:	   41276 kB
20220314 061443.336 INFO             PET1 PIOc_freedecomp Exit - MemInfo: [/proc/self/status]	VmData:	   50740 kB
20220314 061443.336 INFO             PET1 PIOc_freedecomp Exit - MemInfo: [/proc/self/status]	VmStk:	     148 kB
20220314 061443.336 INFO             PET1 PIOc_freedecomp Exit - MemInfo: [/proc/self/status]	VmExe:	     212 kB
20220314 061443.336 INFO             PET1 PIOc_freedecomp Exit - MemInfo: [/proc/self/status]	VmLib:	   49028 kB
20220314 061443.336 INFO             PET1 PIOc_freedecomp Exit - MemInfo: [/proc/self/status]	VmPTE:	     780 kB
20220314 061443.336 INFO             PET1 PIOc_freedecomp Exit - MemInfo: [/proc/self/status]	VmPMD:	      16 kB
20220314 061443.336 INFO             PET1 PIOc_freedecomp Exit - MemInfo: [/proc/self/status]	VmSwap:	       0 kB
20220314 061443.337 INFO             PET1 PIOc_freedecomp Exit - MemInfo: [/proc/self/status]	VmRSSPercent: 0.0630101 %
20220314 061443.337 INFO             PET1 PIOc_freedecomp Exit - MemInfo: [malloc] Non-mmapped space allocated:                39690240 Byte
20220314 061443.337 INFO             PET1 PIOc_freedecomp Exit - MemInfo: [malloc] Space allocated in mmapped regions:          1581056 Byte
20220314 061443.337 INFO             PET1 PIOc_freedecomp Exit - MemInfo: [malloc] Maximum total allocated space:                     0 Byte
20220314 061443.337 INFO             PET1 PIOc_freedecomp Exit - MemInfo: [malloc] Space in freed fastbin blocks:                  1904 Byte
20220314 061443.337 INFO             PET1 PIOc_freedecomp Exit - MemInfo: [malloc] Total allocated space:                      20603744 Byte
20220314 061443.337 INFO             PET1 PIOc_freedecomp Exit - MemInfo: [malloc] Total free space:                           19086496 Byte
20220314 061443.337 INFO             PET1 PIOc_freedecomp Exit - MemInfo: [malloc] Top-most, releasable space:                 16909360 Byte
20220314 061443.337 INFO             PET1 PIOc_freedecomp Exit - MemInfo: [malloc] Total space in use, mmap + non-mmap:        22184800 Byte
20220314 061443.337 INFO             PET1 PIOc_freedecomp Exit - MemInfo: [malloc] Total space held (mmap + non-mmap):         41271296 Byte
20220314 061443.337 INFO             PET1 PIOc_freedecomp Exit - MemInfo: [malloc] Total space used (mmap + non-mmap):         22194128 Byte
20220314 061443.337 INFO             PET1 PIOc_freedecomp Exit - MemInfo: Wall-clock time since execution start:               0.167965 seconds
20220314 061443.338 INFO             PET1 PIOc_sync Enter - MemInfo: [/proc/meminfo - SSI]	MemTotal:       65507008 kB
20220314 061443.338 INFO             PET1 PIOc_sync Enter - MemInfo: [/proc/meminfo - SSI]	MemFree:        49771360 kB
20220314 061443.338 INFO             PET1 PIOc_sync Enter - MemInfo: [/proc/meminfo - SSI]	MemAvailable:   49535328 kB
20220314 061443.338 INFO             PET1 PIOc_sync Enter - MemInfo: [/proc/meminfo - SSI]	Committed_AS:   13092332 kB
20220314 061443.338 INFO             PET1 PIOc_sync Enter - MemInfo: [/proc/meminfo - SSI]	CommittedPercent: 19.9862 %
20220314 061443.338 INFO             PET1 PIOc_sync Enter - MemInfo: [/proc/self/status]	VmPeak:	  547452 kB
20220314 061443.338 INFO             PET1 PIOc_sync Enter - MemInfo: [/proc/self/status]	VmSize:	  539264 kB
20220314 061443.338 INFO             PET1 PIOc_sync Enter - MemInfo: [/proc/self/status]	VmLck:	       0 kB
20220314 061443.338 INFO             PET1 PIOc_sync Enter - MemInfo: [/proc/self/status]	VmPin:	       0 kB
20220314 061443.338 INFO             PET1 PIOc_sync Enter - MemInfo: [/proc/self/status]	VmHWM:	   61372 kB
20220314 061443.338 INFO             PET1 PIOc_sync Enter - MemInfo: [/proc/self/status]	VmRSS:	   41280 kB
20220314 061443.338 INFO             PET1 PIOc_sync Enter - MemInfo: [/proc/self/status]	VmData:	   50740 kB
20220314 061443.338 INFO             PET1 PIOc_sync Enter - MemInfo: [/proc/self/status]	VmStk:	     148 kB
20220314 061443.338 INFO             PET1 PIOc_sync Enter - MemInfo: [/proc/self/status]	VmExe:	     212 kB
20220314 061443.338 INFO             PET1 PIOc_sync Enter - MemInfo: [/proc/self/status]	VmLib:	   49028 kB
20220314 061443.338 INFO             PET1 PIOc_sync Enter - MemInfo: [/proc/self/status]	VmPTE:	     780 kB
20220314 061443.338 INFO             PET1 PIOc_sync Enter - MemInfo: [/proc/self/status]	VmPMD:	      16 kB
20220314 061443.338 INFO             PET1 PIOc_sync Enter - MemInfo: [/proc/self/status]	VmSwap:	       0 kB
20220314 061443.338 INFO             PET1 PIOc_sync Enter - MemInfo: [/proc/self/status]	VmRSSPercent: 0.0630162 %
20220314 061443.338 INFO             PET1 PIOc_sync Enter - MemInfo: [malloc] Non-mmapped space allocated:                39690240 Byte
20220314 061443.338 INFO             PET1 PIOc_sync Enter - MemInfo: [malloc] Space allocated in mmapped regions:          1581056 Byte
20220314 061443.338 INFO             PET1 PIOc_sync Enter - MemInfo: [malloc] Maximum total allocated space:                     0 Byte
20220314 061443.338 INFO             PET1 PIOc_sync Enter - MemInfo: [malloc] Space in freed fastbin blocks:                  2832 Byte
20220314 061443.338 INFO             PET1 PIOc_sync Enter - MemInfo: [malloc] Total allocated space:                      20666416 Byte
20220314 061443.338 INFO             PET1 PIOc_sync Enter - MemInfo: [malloc] Total free space:                           19023824 Byte
20220314 061443.339 INFO             PET1 PIOc_sync Enter - MemInfo: [malloc] Top-most, releasable space:                 16909360 Byte
20220314 061443.339 INFO             PET1 PIOc_sync Enter - MemInfo: [malloc] Total space in use, mmap + non-mmap:        22247472 Byte
20220314 061443.339 INFO             PET1 PIOc_sync Enter - MemInfo: [malloc] Total space held (mmap + non-mmap):         41271296 Byte
20220314 061443.339 INFO             PET1 PIOc_sync Enter - MemInfo: [malloc] Total space used (mmap + non-mmap):         22256800 Byte
20220314 061443.339 INFO             PET1 PIOc_sync Enter - MemInfo: Wall-clock time since execution start:               0.169872 seconds
20220314 061443.339 INFO             PET1 PIOc_sync Exit - MemInfo: [/proc/meminfo - SSI]	MemTotal:       65507008 kB
20220314 061443.339 INFO             PET1 PIOc_sync Exit - MemInfo: [/proc/meminfo - SSI]	MemFree:        49771360 kB
20220314 061443.339 INFO             PET1 PIOc_sync Exit - MemInfo: [/proc/meminfo - SSI]	MemAvailable:   49535328 kB
20220314 061443.339 INFO             PET1 PIOc_sync Exit - MemInfo: [/proc/meminfo - SSI]	Committed_AS:   13092332 kB
20220314 061443.339 INFO             PET1 PIOc_sync Exit - MemInfo: [/proc/meminfo - SSI]	CommittedPercent: 19.9862 %
20220314 061443.339 INFO             PET1 PIOc_sync Exit - MemInfo: [/proc/self/status]	VmPeak:	  547452 kB
20220314 061443.339 INFO             PET1 PIOc_sync Exit - MemInfo: [/proc/self/status]	VmSize:	  539264 kB
20220314 061443.339 INFO             PET1 PIOc_sync Exit - MemInfo: [/proc/self/status]	VmLck:	       0 kB
20220314 061443.339 INFO             PET1 PIOc_sync Exit - MemInfo: [/proc/self/status]	VmPin:	       0 kB
20220314 061443.339 INFO             PET1 PIOc_sync Exit - MemInfo: [/proc/self/status]	VmHWM:	   61372 kB
20220314 061443.339 INFO             PET1 PIOc_sync Exit - MemInfo: [/proc/self/status]	VmRSS:	   41280 kB
20220314 061443.339 INFO             PET1 PIOc_sync Exit - MemInfo: [/proc/self/status]	VmData:	   50740 kB
20220314 061443.339 INFO             PET1 PIOc_sync Exit - MemInfo: [/proc/self/status]	VmStk:	     148 kB
20220314 061443.339 INFO             PET1 PIOc_sync Exit - MemInfo: [/proc/self/status]	VmExe:	     212 kB
20220314 061443.339 INFO             PET1 PIOc_sync Exit - MemInfo: [/proc/self/status]	VmLib:	   49028 kB
20220314 061443.339 INFO             PET1 PIOc_sync Exit - MemInfo: [/proc/self/status]	VmPTE:	     780 kB
20220314 061443.339 INFO             PET1 PIOc_sync Exit - MemInfo: [/proc/self/status]	VmPMD:	      16 kB
20220314 061443.339 INFO             PET1 PIOc_sync Exit - MemInfo: [/proc/self/status]	VmSwap:	       0 kB
20220314 061443.339 INFO             PET1 PIOc_sync Exit - MemInfo: [/proc/self/status]	VmRSSPercent: 0.0630162 %
20220314 061443.339 INFO             PET1 PIOc_sync Exit - MemInfo: [malloc] Non-mmapped space allocated:                39690240 Byte
20220314 061443.339 INFO             PET1 PIOc_sync Exit - MemInfo: [malloc] Space allocated in mmapped regions:          1581056 Byte
20220314 061443.339 INFO             PET1 PIOc_sync Exit - MemInfo: [malloc] Maximum total allocated space:                     0 Byte
20220314 061443.339 INFO             PET1 PIOc_sync Exit - MemInfo: [malloc] Space in freed fastbin blocks:                  1552 Byte
20220314 061443.339 INFO             PET1 PIOc_sync Exit - MemInfo: [malloc] Total allocated space:                      20666096 Byte
20220314 061443.339 INFO             PET1 PIOc_sync Exit - MemInfo: [malloc] Total free space:                           19024144 Byte
20220314 061443.339 INFO             PET1 PIOc_sync Exit - MemInfo: [malloc] Top-most, releasable space:                 16909360 Byte
20220314 061443.339 INFO             PET1 PIOc_sync Exit - MemInfo: [malloc] Total space in use, mmap + non-mmap:        22247152 Byte
20220314 061443.339 INFO             PET1 PIOc_sync Exit - MemInfo: [malloc] Total space held (mmap + non-mmap):         41271296 Byte
20220314 061443.339 INFO             PET1 PIOc_sync Exit - MemInfo: [malloc] Total space used (mmap + non-mmap):         22256480 Byte
20220314 061443.339 INFO             PET1 PIOc_sync Exit - MemInfo: Wall-clock time since execution start:               0.170342 seconds
20220314 061443.339 INFO             PET1 PIOc_freedecomp Enter - MemInfo: [/proc/meminfo - SSI]	MemTotal:       65507008 kB
20220314 061443.339 INFO             PET1 PIOc_freedecomp Enter - MemInfo: [/proc/meminfo - SSI]	MemFree:        49771360 kB
20220314 061443.339 INFO             PET1 PIOc_freedecomp Enter - MemInfo: [/proc/meminfo - SSI]	MemAvailable:   49535328 kB
20220314 061443.339 INFO             PET1 PIOc_freedecomp Enter - MemInfo: [/proc/meminfo - SSI]	Committed_AS:   13092332 kB
20220314 061443.339 INFO             PET1 PIOc_freedecomp Enter - MemInfo: [/proc/meminfo - SSI]	CommittedPercent: 19.9862 %
20220314 061443.339 INFO             PET1 PIOc_freedecomp Enter - MemInfo: [/proc/self/status]	VmPeak:	  547452 kB
20220314 061443.339 INFO             PET1 PIOc_freedecomp Enter - MemInfo: [/proc/self/status]	VmSize:	  539264 kB
20220314 061443.339 INFO             PET1 PIOc_freedecomp Enter - MemInfo: [/proc/self/status]	VmLck:	       0 kB
20220314 061443.339 INFO             PET1 PIOc_freedecomp Enter - MemInfo: [/proc/self/status]	VmPin:	       0 kB
20220314 061443.339 INFO             PET1 PIOc_freedecomp Enter - MemInfo: [/proc/self/status]	VmHWM:	   61372 kB
20220314 061443.339 INFO             PET1 PIOc_freedecomp Enter - MemInfo: [/proc/self/status]	VmRSS:	   41280 kB
20220314 061443.339 INFO             PET1 PIOc_freedecomp Enter - MemInfo: [/proc/self/status]	VmData:	   50740 kB
20220314 061443.339 INFO             PET1 PIOc_freedecomp Enter - MemInfo: [/proc/self/status]	VmStk:	     148 kB
20220314 061443.339 INFO             PET1 PIOc_freedecomp Enter - MemInfo: [/proc/self/status]	VmExe:	     212 kB
20220314 061443.339 INFO             PET1 PIOc_freedecomp Enter - MemInfo: [/proc/self/status]	VmLib:	   49028 kB
20220314 061443.339 INFO             PET1 PIOc_freedecomp Enter - MemInfo: [/proc/self/status]	VmPTE:	     780 kB
20220314 061443.339 INFO             PET1 PIOc_freedecomp Enter - MemInfo: [/proc/self/status]	VmPMD:	      16 kB
20220314 061443.339 INFO             PET1 PIOc_freedecomp Enter - MemInfo: [/proc/self/status]	VmSwap:	       0 kB
20220314 061443.339 INFO             PET1 PIOc_freedecomp Enter - MemInfo: [/proc/self/status]	VmRSSPercent: 0.0630162 %
20220314 061443.339 INFO             PET1 PIOc_freedecomp Enter - MemInfo: [malloc] Non-mmapped space allocated:                39690240 Byte
20220314 061443.339 INFO             PET1 PIOc_freedecomp Enter - MemInfo: [malloc] Space allocated in mmapped regions:          1581056 Byte
20220314 061443.339 INFO             PET1 PIOc_freedecomp Enter - MemInfo: [malloc] Maximum total allocated space:                     0 Byte
20220314 061443.339 INFO             PET1 PIOc_freedecomp Enter - MemInfo: [malloc] Space in freed fastbin blocks:                  1824 Byte
20220314 061443.339 INFO             PET1 PIOc_freedecomp Enter - MemInfo: [malloc] Total allocated space:                      20664272 Byte
20220314 061443.339 INFO             PET1 PIOc_freedecomp Enter - MemInfo: [malloc] Total free space:                           19025968 Byte
20220314 061443.339 INFO             PET1 PIOc_freedecomp Enter - MemInfo: [malloc] Top-most, releasable space:                 16909360 Byte
20220314 061443.339 INFO             PET1 PIOc_freedecomp Enter - MemInfo: [malloc] Total space in use, mmap + non-mmap:        22245328 Byte
20220314 061443.339 INFO             PET1 PIOc_freedecomp Enter - MemInfo: [malloc] Total space held (mmap + non-mmap):         41271296 Byte
20220314 061443.339 INFO             PET1 PIOc_freedecomp Enter - MemInfo: [malloc] Total space used (mmap + non-mmap):         22254656 Byte
20220314 061443.339 INFO             PET1 PIOc_freedecomp Enter - MemInfo: Wall-clock time since execution start:               0.170758 seconds
20220314 061443.339 INFO             PET1 PIOc_freedecomp Exit - MemInfo: [/proc/meminfo - SSI]	MemTotal:       65507008 kB
20220314 061443.339 INFO             PET1 PIOc_freedecomp Exit - MemInfo: [/proc/meminfo - SSI]	MemFree:        49771360 kB
20220314 061443.340 INFO             PET1 PIOc_freedecomp Exit - MemInfo: [/proc/meminfo - SSI]	MemAvailable:   49535328 kB
20220314 061443.340 INFO             PET1 PIOc_freedecomp Exit - MemInfo: [/proc/meminfo - SSI]	Committed_AS:   13092332 kB
20220314 061443.340 INFO             PET1 PIOc_freedecomp Exit - MemInfo: [/proc/meminfo - SSI]	CommittedPercent: 19.9862 %
20220314 061443.340 INFO             PET1 PIOc_freedecomp Exit - MemInfo: [/proc/self/status]	VmPeak:	  547452 kB
20220314 061443.340 INFO             PET1 PIOc_freedecomp Exit - MemInfo: [/proc/self/status]	VmSize:	  539264 kB
20220314 061443.340 INFO             PET1 PIOc_freedecomp Exit - MemInfo: [/proc/self/status]	VmLck:	       0 kB
20220314 061443.340 INFO             PET1 PIOc_freedecomp Exit - MemInfo: [/proc/self/status]	VmPin:	       0 kB
20220314 061443.340 INFO             PET1 PIOc_freedecomp Exit - MemInfo: [/proc/self/status]	VmHWM:	   61372 kB
20220314 061443.340 INFO             PET1 PIOc_freedecomp Exit - MemInfo: [/proc/self/status]	VmRSS:	   41280 kB
20220314 061443.340 INFO             PET1 PIOc_freedecomp Exit - MemInfo: [/proc/self/status]	VmData:	   50740 kB
20220314 061443.340 INFO             PET1 PIOc_freedecomp Exit - MemInfo: [/proc/self/status]	VmStk:	     148 kB
20220314 061443.340 INFO             PET1 PIOc_freedecomp Exit - MemInfo: [/proc/self/status]	VmExe:	     212 kB
20220314 061443.340 INFO             PET1 PIOc_freedecomp Exit - MemInfo: [/proc/self/status]	VmLib:	   49028 kB
20220314 061443.340 INFO             PET1 PIOc_freedecomp Exit - MemInfo: [/proc/self/status]	VmPTE:	     780 kB
20220314 061443.340 INFO             PET1 PIOc_freedecomp Exit - MemInfo: [/proc/self/status]	VmPMD:	      16 kB
20220314 061443.340 INFO             PET1 PIOc_freedecomp Exit - MemInfo: [/proc/self/status]	VmSwap:	       0 kB
20220314 061443.340 INFO             PET1 PIOc_freedecomp Exit - MemInfo: [/proc/self/status]	VmRSSPercent: 0.0630162 %
20220314 061443.340 INFO             PET1 PIOc_freedecomp Exit - MemInfo: [malloc] Non-mmapped space allocated:                39690240 Byte
20220314 061443.340 INFO             PET1 PIOc_freedecomp Exit - MemInfo: [malloc] Space allocated in mmapped regions:          1581056 Byte
20220314 061443.340 INFO             PET1 PIOc_freedecomp Exit - MemInfo: [malloc] Maximum total allocated space:                     0 Byte
20220314 061443.340 INFO             PET1 PIOc_freedecomp Exit - MemInfo: [malloc] Space in freed fastbin blocks:                  2192 Byte
20220314 061443.340 INFO             PET1 PIOc_freedecomp Exit - MemInfo: [malloc] Total allocated space:                      20661328 Byte
20220314 061443.340 INFO             PET1 PIOc_freedecomp Exit - MemInfo: [malloc] Total free space:                           19028912 Byte
20220314 061443.340 INFO             PET1 PIOc_freedecomp Exit - MemInfo: [malloc] Top-most, releasable space:                 16909360 Byte
20220314 061443.340 INFO             PET1 PIOc_freedecomp Exit - MemInfo: [malloc] Total space in use, mmap + non-mmap:        22242384 Byte
20220314 061443.340 INFO             PET1 PIOc_freedecomp Exit - MemInfo: [malloc] Total space held (mmap + non-mmap):         41271296 Byte
20220314 061443.340 INFO             PET1 PIOc_freedecomp Exit - MemInfo: [malloc] Total space used (mmap + non-mmap):         22251712 Byte
20220314 061443.340 INFO             PET1 PIOc_freedecomp Exit - MemInfo: Wall-clock time since execution start:                0.17116 seconds
20220314 061443.341 INFO             PET1 PIOc_sync Enter - MemInfo: [/proc/meminfo - SSI]	MemTotal:       65507008 kB
20220314 061443.341 INFO             PET1 PIOc_sync Enter - MemInfo: [/proc/meminfo - SSI]	MemFree:        49771360 kB
20220314 061443.341 INFO             PET1 PIOc_sync Enter - MemInfo: [/proc/meminfo - SSI]	MemAvailable:   49535328 kB
20220314 061443.341 INFO             PET1 PIOc_sync Enter - MemInfo: [/proc/meminfo - SSI]	Committed_AS:   13092332 kB
20220314 061443.341 INFO             PET1 PIOc_sync Enter - MemInfo: [/proc/meminfo - SSI]	CommittedPercent: 19.9862 %
20220314 061443.341 INFO             PET1 PIOc_sync Enter - MemInfo: [/proc/self/status]	VmPeak:	  547452 kB
20220314 061443.341 INFO             PET1 PIOc_sync Enter - MemInfo: [/proc/self/status]	VmSize:	  539264 kB
20220314 061443.341 INFO             PET1 PIOc_sync Enter - MemInfo: [/proc/self/status]	VmLck:	       0 kB
20220314 061443.341 INFO             PET1 PIOc_sync Enter - MemInfo: [/proc/self/status]	VmPin:	       0 kB
20220314 061443.341 INFO             PET1 PIOc_sync Enter - MemInfo: [/proc/self/status]	VmHWM:	   61372 kB
20220314 061443.341 INFO             PET1 PIOc_sync Enter - MemInfo: [/proc/self/status]	VmRSS:	   41280 kB
20220314 061443.341 INFO             PET1 PIOc_sync Enter - MemInfo: [/proc/self/status]	VmData:	   50740 kB
20220314 061443.341 INFO             PET1 PIOc_sync Enter - MemInfo: [/proc/self/status]	VmStk:	     148 kB
20220314 061443.341 INFO             PET1 PIOc_sync Enter - MemInfo: [/proc/self/status]	VmExe:	     212 kB
20220314 061443.341 INFO             PET1 PIOc_sync Enter - MemInfo: [/proc/self/status]	VmLib:	   49028 kB
20220314 061443.341 INFO             PET1 PIOc_sync Enter - MemInfo: [/proc/self/status]	VmPTE:	     780 kB
20220314 061443.341 INFO             PET1 PIOc_sync Enter - MemInfo: [/proc/self/status]	VmPMD:	      16 kB
20220314 061443.341 INFO             PET1 PIOc_sync Enter - MemInfo: [/proc/self/status]	VmSwap:	       0 kB
20220314 061443.341 INFO             PET1 PIOc_sync Enter - MemInfo: [/proc/self/status]	VmRSSPercent: 0.0630162 %
20220314 061443.341 INFO             PET1 PIOc_sync Enter - MemInfo: [malloc] Non-mmapped space allocated:                39690240 Byte
20220314 061443.341 INFO             PET1 PIOc_sync Enter - MemInfo: [malloc] Space allocated in mmapped regions:          1581056 Byte
20220314 061443.341 INFO             PET1 PIOc_sync Enter - MemInfo: [malloc] Maximum total allocated space:                     0 Byte
20220314 061443.341 INFO             PET1 PIOc_sync Enter - MemInfo: [malloc] Space in freed fastbin blocks:                  2832 Byte
20220314 061443.341 INFO             PET1 PIOc_sync Enter - MemInfo: [malloc] Total allocated space:                      20666528 Byte
20220314 061443.341 INFO             PET1 PIOc_sync Enter - MemInfo: [malloc] Total free space:                           19023712 Byte
20220314 061443.341 INFO             PET1 PIOc_sync Enter - MemInfo: [malloc] Top-most, releasable space:                 16909360 Byte
20220314 061443.341 INFO             PET1 PIOc_sync Enter - MemInfo: [malloc] Total space in use, mmap + non-mmap:        22247584 Byte
20220314 061443.341 INFO             PET1 PIOc_sync Enter - MemInfo: [malloc] Total space held (mmap + non-mmap):         41271296 Byte
20220314 061443.341 INFO             PET1 PIOc_sync Enter - MemInfo: [malloc] Total space used (mmap + non-mmap):         22256912 Byte
20220314 061443.341 INFO             PET1 PIOc_sync Enter - MemInfo: Wall-clock time since execution start:               0.172366 seconds
20220314 061443.343 INFO             PET1 PIOc_sync Exit - MemInfo: [/proc/meminfo - SSI]	MemTotal:       65507008 kB
20220314 061443.343 INFO             PET1 PIOc_sync Exit - MemInfo: [/proc/meminfo - SSI]	MemFree:        49771360 kB
20220314 061443.343 INFO             PET1 PIOc_sync Exit - MemInfo: [/proc/meminfo - SSI]	MemAvailable:   49535328 kB
20220314 061443.343 INFO             PET1 PIOc_sync Exit - MemInfo: [/proc/meminfo - SSI]	Committed_AS:   13092332 kB
20220314 061443.343 INFO             PET1 PIOc_sync Exit - MemInfo: [/proc/meminfo - SSI]	CommittedPercent: 19.9862 %
20220314 061443.343 INFO             PET1 PIOc_sync Exit - MemInfo: [/proc/self/status]	VmPeak:	  547452 kB
20220314 061443.343 INFO             PET1 PIOc_sync Exit - MemInfo: [/proc/self/status]	VmSize:	  539264 kB
20220314 061443.343 INFO             PET1 PIOc_sync Exit - MemInfo: [/proc/self/status]	VmLck:	       0 kB
20220314 061443.343 INFO             PET1 PIOc_sync Exit - MemInfo: [/proc/self/status]	VmPin:	       0 kB
20220314 061443.343 INFO             PET1 PIOc_sync Exit - MemInfo: [/proc/self/status]	VmHWM:	   61372 kB
20220314 061443.343 INFO             PET1 PIOc_sync Exit - MemInfo: [/proc/self/status]	VmRSS:	   41280 kB
20220314 061443.343 INFO             PET1 PIOc_sync Exit - MemInfo: [/proc/self/status]	VmData:	   50740 kB
20220314 061443.343 INFO             PET1 PIOc_sync Exit - MemInfo: [/proc/self/status]	VmStk:	     148 kB
20220314 061443.343 INFO             PET1 PIOc_sync Exit - MemInfo: [/proc/self/status]	VmExe:	     212 kB
20220314 061443.343 INFO             PET1 PIOc_sync Exit - MemInfo: [/proc/self/status]	VmLib:	   49028 kB
20220314 061443.343 INFO             PET1 PIOc_sync Exit - MemInfo: [/proc/self/status]	VmPTE:	     780 kB
20220314 061443.343 INFO             PET1 PIOc_sync Exit - MemInfo: [/proc/self/status]	VmPMD:	      16 kB
20220314 061443.343 INFO             PET1 PIOc_sync Exit - MemInfo: [/proc/self/status]	VmSwap:	       0 kB
20220314 061443.343 INFO             PET1 PIOc_sync Exit - MemInfo: [/proc/self/status]	VmRSSPercent: 0.0630162 %
20220314 061443.343 INFO             PET1 PIOc_sync Exit - MemInfo: [malloc] Non-mmapped space allocated:                39690240 Byte
20220314 061443.343 INFO             PET1 PIOc_sync Exit - MemInfo: [malloc] Space allocated in mmapped regions:          1581056 Byte
20220314 061443.343 INFO             PET1 PIOc_sync Exit - MemInfo: [malloc] Maximum total allocated space:                     0 Byte
20220314 061443.343 INFO             PET1 PIOc_sync Exit - MemInfo: [malloc] Space in freed fastbin blocks:                  1552 Byte
20220314 061443.343 INFO             PET1 PIOc_sync Exit - MemInfo: [malloc] Total allocated space:                      20666224 Byte
20220314 061443.343 INFO             PET1 PIOc_sync Exit - MemInfo: [malloc] Total free space:                           19024016 Byte
20220314 061443.343 INFO             PET1 PIOc_sync Exit - MemInfo: [malloc] Top-most, releasable space:                 16909360 Byte
20220314 061443.343 INFO             PET1 PIOc_sync Exit - MemInfo: [malloc] Total space in use, mmap + non-mmap:        22247280 Byte
20220314 061443.343 INFO             PET1 PIOc_sync Exit - MemInfo: [malloc] Total space held (mmap + non-mmap):         41271296 Byte
20220314 061443.343 INFO             PET1 PIOc_sync Exit - MemInfo: [malloc] Total space used (mmap + non-mmap):         22256608 Byte
20220314 061443.343 INFO             PET1 PIOc_sync Exit - MemInfo: Wall-clock time since execution start:               0.174334 seconds
20220314 061443.343 INFO             PET1 PIOc_freedecomp Enter - MemInfo: [/proc/meminfo - SSI]	MemTotal:       65507008 kB
20220314 061443.343 INFO             PET1 PIOc_freedecomp Enter - MemInfo: [/proc/meminfo - SSI]	MemFree:        49771360 kB
20220314 061443.343 INFO             PET1 PIOc_freedecomp Enter - MemInfo: [/proc/meminfo - SSI]	MemAvailable:   49535328 kB
20220314 061443.343 INFO             PET1 PIOc_freedecomp Enter - MemInfo: [/proc/meminfo - SSI]	Committed_AS:   13092332 kB
20220314 061443.343 INFO             PET1 PIOc_freedecomp Enter - MemInfo: [/proc/meminfo - SSI]	CommittedPercent: 19.9862 %
20220314 061443.343 INFO             PET1 PIOc_freedecomp Enter - MemInfo: [/proc/self/status]	VmPeak:	  547452 kB
20220314 061443.343 INFO             PET1 PIOc_freedecomp Enter - MemInfo: [/proc/self/status]	VmSize:	  539264 kB
20220314 061443.343 INFO             PET1 PIOc_freedecomp Enter - MemInfo: [/proc/self/status]	VmLck:	       0 kB
20220314 061443.343 INFO             PET1 PIOc_freedecomp Enter - MemInfo: [/proc/self/status]	VmPin:	       0 kB
20220314 061443.343 INFO             PET1 PIOc_freedecomp Enter - MemInfo: [/proc/self/status]	VmHWM:	   61372 kB
20220314 061443.343 INFO             PET1 PIOc_freedecomp Enter - MemInfo: [/proc/self/status]	VmRSS:	   41280 kB
20220314 061443.343 INFO             PET1 PIOc_freedecomp Enter - MemInfo: [/proc/self/status]	VmData:	   50740 kB
20220314 061443.343 INFO             PET1 PIOc_freedecomp Enter - MemInfo: [/proc/self/status]	VmStk:	     148 kB
20220314 061443.343 INFO             PET1 PIOc_freedecomp Enter - MemInfo: [/proc/self/status]	VmExe:	     212 kB
20220314 061443.343 INFO             PET1 PIOc_freedecomp Enter - MemInfo: [/proc/self/status]	VmLib:	   49028 kB
20220314 061443.343 INFO             PET1 PIOc_freedecomp Enter - MemInfo: [/proc/self/status]	VmPTE:	     780 kB
20220314 061443.343 INFO             PET1 PIOc_freedecomp Enter - MemInfo: [/proc/self/status]	VmPMD:	      16 kB
20220314 061443.343 INFO             PET1 PIOc_freedecomp Enter - MemInfo: [/proc/self/status]	VmSwap:	       0 kB
20220314 061443.343 INFO             PET1 PIOc_freedecomp Enter - MemInfo: [/proc/self/status]	VmRSSPercent: 0.0630162 %
20220314 061443.343 INFO             PET1 PIOc_freedecomp Enter - MemInfo: [malloc] Non-mmapped space allocated:                39690240 Byte
20220314 061443.343 INFO             PET1 PIOc_freedecomp Enter - MemInfo: [malloc] Space allocated in mmapped regions:          1581056 Byte
20220314 061443.343 INFO             PET1 PIOc_freedecomp Enter - MemInfo: [malloc] Maximum total allocated space:                     0 Byte
20220314 061443.343 INFO             PET1 PIOc_freedecomp Enter - MemInfo: [malloc] Space in freed fastbin blocks:                  1712 Byte
20220314 061443.343 INFO             PET1 PIOc_freedecomp Enter - MemInfo: [malloc] Total allocated space:                      20664256 Byte
20220314 061443.343 INFO             PET1 PIOc_freedecomp Enter - MemInfo: [malloc] Total free space:                           19025984 Byte
20220314 061443.343 INFO             PET1 PIOc_freedecomp Enter - MemInfo: [malloc] Top-most, releasable space:                 16909360 Byte
20220314 061443.343 INFO             PET1 PIOc_freedecomp Enter - MemInfo: [malloc] Total space in use, mmap + non-mmap:        22245312 Byte
20220314 061443.343 INFO             PET1 PIOc_freedecomp Enter - MemInfo: [malloc] Total space held (mmap + non-mmap):         41271296 Byte
20220314 061443.343 INFO             PET1 PIOc_freedecomp Enter - MemInfo: [malloc] Total space used (mmap + non-mmap):         22254640 Byte
20220314 061443.343 INFO             PET1 PIOc_freedecomp Enter - MemInfo: Wall-clock time since execution start:                0.17478 seconds
20220314 061443.344 INFO             PET1 PIOc_freedecomp Exit - MemInfo: [/proc/meminfo - SSI]	MemTotal:       65507008 kB
20220314 061443.344 INFO             PET1 PIOc_freedecomp Exit - MemInfo: [/proc/meminfo - SSI]	MemFree:        49771360 kB
20220314 061443.344 INFO             PET1 PIOc_freedecomp Exit - MemInfo: [/proc/meminfo - SSI]	MemAvailable:   49535328 kB
20220314 061443.344 INFO             PET1 PIOc_freedecomp Exit - MemInfo: [/proc/meminfo - SSI]	Committed_AS:   13092332 kB
20220314 061443.344 INFO             PET1 PIOc_freedecomp Exit - MemInfo: [/proc/meminfo - SSI]	CommittedPercent: 19.9862 %
20220314 061443.344 INFO             PET1 PIOc_freedecomp Exit - MemInfo: [/proc/self/status]	VmPeak:	  547452 kB
20220314 061443.344 INFO             PET1 PIOc_freedecomp Exit - MemInfo: [/proc/self/status]	VmSize:	  539264 kB
20220314 061443.344 INFO             PET1 PIOc_freedecomp Exit - MemInfo: [/proc/self/status]	VmLck:	       0 kB
20220314 061443.344 INFO             PET1 PIOc_freedecomp Exit - MemInfo: [/proc/self/status]	VmPin:	       0 kB
20220314 061443.344 INFO             PET1 PIOc_freedecomp Exit - MemInfo: [/proc/self/status]	VmHWM:	   61372 kB
20220314 061443.344 INFO             PET1 PIOc_freedecomp Exit - MemInfo: [/proc/self/status]	VmRSS:	   41280 kB
20220314 061443.344 INFO             PET1 PIOc_freedecomp Exit - MemInfo: [/proc/self/status]	VmData:	   50740 kB
20220314 061443.344 INFO             PET1 PIOc_freedecomp Exit - MemInfo: [/proc/self/status]	VmStk:	     148 kB
20220314 061443.344 INFO             PET1 PIOc_freedecomp Exit - MemInfo: [/proc/self/status]	VmExe:	     212 kB
20220314 061443.344 INFO             PET1 PIOc_freedecomp Exit - MemInfo: [/proc/self/status]	VmLib:	   49028 kB
20220314 061443.344 INFO             PET1 PIOc_freedecomp Exit - MemInfo: [/proc/self/status]	VmPTE:	     780 kB
20220314 061443.344 INFO             PET1 PIOc_freedecomp Exit - MemInfo: [/proc/self/status]	VmPMD:	      16 kB
20220314 061443.344 INFO             PET1 PIOc_freedecomp Exit - MemInfo: [/proc/self/status]	VmSwap:	       0 kB
20220314 061443.344 INFO             PET1 PIOc_freedecomp Exit - MemInfo: [/proc/self/status]	VmRSSPercent: 0.0630162 %
20220314 061443.344 INFO             PET1 PIOc_freedecomp Exit - MemInfo: [malloc] Non-mmapped space allocated:                39690240 Byte
20220314 061443.344 INFO             PET1 PIOc_freedecomp Exit - MemInfo: [malloc] Space allocated in mmapped regions:          1581056 Byte
20220314 061443.344 INFO             PET1 PIOc_freedecomp Exit - MemInfo: [malloc] Maximum total allocated space:                     0 Byte
20220314 061443.344 INFO             PET1 PIOc_freedecomp Exit - MemInfo: [malloc] Space in freed fastbin blocks:                  1952 Byte
20220314 061443.344 INFO             PET1 PIOc_freedecomp Exit - MemInfo: [malloc] Total allocated space:                      20661312 Byte
20220314 061443.344 INFO             PET1 PIOc_freedecomp Exit - MemInfo: [malloc] Total free space:                           19028928 Byte
20220314 061443.344 INFO             PET1 PIOc_freedecomp Exit - MemInfo: [malloc] Top-most, releasable space:                 16909360 Byte
20220314 061443.344 INFO             PET1 PIOc_freedecomp Exit - MemInfo: [malloc] Total space in use, mmap + non-mmap:        22242368 Byte
20220314 061443.344 INFO             PET1 PIOc_freedecomp Exit - MemInfo: [malloc] Total space held (mmap + non-mmap):         41271296 Byte
20220314 061443.344 INFO             PET1 PIOc_freedecomp Exit - MemInfo: [malloc] Total space used (mmap + non-mmap):         22251696 Byte
20220314 061443.344 INFO             PET1 PIOc_freedecomp Exit - MemInfo: Wall-clock time since execution start:               0.175185 seconds
20220314 061443.347 INFO             PET1  PASS  ESMF_FieldRegridStoreFromFile Unit Test, ESMF_FieldSMMFromFileUTest.F90, line 315
20220314 061443.347 INFO             PET1  Ending Test, file ESMF_FieldSMMFromFileUTest.F90, line 322
20220314 061443.347 INFO             PET1 Finalizing ESMF
20220314 061443.170 INFO             PET2 !!!!!!!!!!!!!!!!!!!!!!!!!!!!!!!!!!!!!!!!!!!!!!!!!!!!!!
20220314 061443.170 INFO             PET2 !!! THE ESMF_LOG IS SET TO OUTPUT ALL LOG MESSAGES !!!
20220314 061443.170 INFO             PET2 !!!     THIS MAY CAUSE SLOWDOWN IN PERFORMANCE     !!!
20220314 061443.170 INFO             PET2 !!! FOR PRODUCTION RUNS, USE:                      !!!
20220314 061443.170 INFO             PET2 !!!                   ESMF_LOGKIND_Multi_On_Error  !!!
20220314 061443.170 INFO             PET2 !!!!!!!!!!!!!!!!!!!!!!!!!!!!!!!!!!!!!!!!!!!!!!!!!!!!!!
20220314 061443.170 INFO             PET2 Running with ESMF Version   : v8.3.0b09-96-g559b459836
20220314 061443.170 INFO             PET2 ESMF library build date/time: "Mar 14 2022" "05:58:16"
20220314 061443.170 INFO             PET2 ESMF library build location : /glade/scratch/rlong/esmf-testing/gfortran_7.4.0_openmpi_O_jedwards_pio_update2
20220314 061443.170 INFO             PET2 ESMF_COMM                   : openmpi
20220314 061443.170 INFO             PET2 ESMF_MOAB                   : enabled
20220314 061443.170 INFO             PET2 ESMF_LAPACK                 : enabled
20220314 061443.170 INFO             PET2 ESMF_NETCDF                 : enabled
20220314 061443.170 INFO             PET2 ESMF_PNETCDF                : disabled
20220314 061443.170 INFO             PET2 ESMF_PIO                    : enabled
20220314 061443.170 INFO             PET2 ESMF_YAMLCPP                : enabled
20220314 061443.171 INFO             PET2  Beginning Test, file ESMF_FieldSMMFromFileUTest.F90, line 287
20220314 061443.171 INFO             PET2  NUMBER_OF_PROCESSORS           4
20220314 061443.323 INFO             PET2  PASS  ESMF_FieldSMMFromFile Unit Test, ESMF_FieldSMMFromFileUTest.F90, line 300
20220314 061443.332 INFO             PET2 PIOc_sync Enter - MemInfo: [/proc/meminfo - SSI]	MemTotal:       65507008 kB
20220314 061443.332 INFO             PET2 PIOc_sync Enter - MemInfo: [/proc/meminfo - SSI]	MemFree:        49771360 kB
20220314 061443.332 INFO             PET2 PIOc_sync Enter - MemInfo: [/proc/meminfo - SSI]	MemAvailable:   49535328 kB
20220314 061443.332 INFO             PET2 PIOc_sync Enter - MemInfo: [/proc/meminfo - SSI]	Committed_AS:   13092332 kB
20220314 061443.332 INFO             PET2 PIOc_sync Enter - MemInfo: [/proc/meminfo - SSI]	CommittedPercent: 19.9862 %
20220314 061443.332 INFO             PET2 PIOc_sync Enter - MemInfo: [/proc/self/status]	VmPeak:	  547464 kB
20220314 061443.332 INFO             PET2 PIOc_sync Enter - MemInfo: [/proc/self/status]	VmSize:	  539276 kB
20220314 061443.332 INFO             PET2 PIOc_sync Enter - MemInfo: [/proc/self/status]	VmLck:	       0 kB
20220314 061443.332 INFO             PET2 PIOc_sync Enter - MemInfo: [/proc/self/status]	VmPin:	       0 kB
20220314 061443.332 INFO             PET2 PIOc_sync Enter - MemInfo: [/proc/self/status]	VmHWM:	   61360 kB
20220314 061443.332 INFO             PET2 PIOc_sync Enter - MemInfo: [/proc/self/status]	VmRSS:	   41244 kB
20220314 061443.332 INFO             PET2 PIOc_sync Enter - MemInfo: [/proc/self/status]	VmData:	   50752 kB
20220314 061443.332 INFO             PET2 PIOc_sync Enter - MemInfo: [/proc/self/status]	VmStk:	     148 kB
20220314 061443.332 INFO             PET2 PIOc_sync Enter - MemInfo: [/proc/self/status]	VmExe:	     212 kB
20220314 061443.332 INFO             PET2 PIOc_sync Enter - MemInfo: [/proc/self/status]	VmLib:	   49028 kB
20220314 061443.332 INFO             PET2 PIOc_sync Enter - MemInfo: [/proc/self/status]	VmPTE:	     784 kB
20220314 061443.332 INFO             PET2 PIOc_sync Enter - MemInfo: [/proc/self/status]	VmPMD:	      16 kB
20220314 061443.332 INFO             PET2 PIOc_sync Enter - MemInfo: [/proc/self/status]	VmSwap:	       0 kB
20220314 061443.332 INFO             PET2 PIOc_sync Enter - MemInfo: [/proc/self/status]	VmRSSPercent: 0.0629612 %
20220314 061443.332 INFO             PET2 PIOc_sync Enter - MemInfo: [malloc] Non-mmapped space allocated:                39702528 Byte
20220314 061443.334 INFO             PET2 PIOc_sync Enter - MemInfo: [malloc] Space allocated in mmapped regions:          1581056 Byte
20220314 061443.334 INFO             PET2 PIOc_sync Enter - MemInfo: [malloc] Maximum total allocated space:                     0 Byte
20220314 061443.334 INFO             PET2 PIOc_sync Enter - MemInfo: [malloc] Space in freed fastbin blocks:                  2800 Byte
20220314 061443.334 INFO             PET2 PIOc_sync Enter - MemInfo: [malloc] Total allocated space:                      20608736 Byte
20220314 061443.334 INFO             PET2 PIOc_sync Enter - MemInfo: [malloc] Total free space:                           19093792 Byte
20220314 061443.334 INFO             PET2 PIOc_sync Enter - MemInfo: [malloc] Top-most, releasable space:                 16911472 Byte
20220314 061443.334 INFO             PET2 PIOc_sync Enter - MemInfo: [malloc] Total space in use, mmap + non-mmap:        22189792 Byte
20220314 061443.334 INFO             PET2 PIOc_sync Enter - MemInfo: [malloc] Total space held (mmap + non-mmap):         41283584 Byte
20220314 061443.334 INFO             PET2 PIOc_sync Enter - MemInfo: [malloc] Total space used (mmap + non-mmap):         22199120 Byte
20220314 061443.334 INFO             PET2 PIOc_sync Enter - MemInfo: Wall-clock time since execution start:                0.16611 seconds
20220314 061443.335 INFO             PET2 PIOc_sync Exit - MemInfo: [/proc/meminfo - SSI]	MemTotal:       65507008 kB
20220314 061443.335 INFO             PET2 PIOc_sync Exit - MemInfo: [/proc/meminfo - SSI]	MemFree:        49771360 kB
20220314 061443.335 INFO             PET2 PIOc_sync Exit - MemInfo: [/proc/meminfo - SSI]	MemAvailable:   49535328 kB
20220314 061443.335 INFO             PET2 PIOc_sync Exit - MemInfo: [/proc/meminfo - SSI]	Committed_AS:   13092332 kB
20220314 061443.335 INFO             PET2 PIOc_sync Exit - MemInfo: [/proc/meminfo - SSI]	CommittedPercent: 19.9862 %
20220314 061443.336 INFO             PET2 PIOc_sync Exit - MemInfo: [/proc/self/status]	VmPeak:	  547464 kB
20220314 061443.336 INFO             PET2 PIOc_sync Exit - MemInfo: [/proc/self/status]	VmSize:	  539276 kB
20220314 061443.336 INFO             PET2 PIOc_sync Exit - MemInfo: [/proc/self/status]	VmLck:	       0 kB
20220314 061443.336 INFO             PET2 PIOc_sync Exit - MemInfo: [/proc/self/status]	VmPin:	       0 kB
20220314 061443.336 INFO             PET2 PIOc_sync Exit - MemInfo: [/proc/self/status]	VmHWM:	   61360 kB
20220314 061443.336 INFO             PET2 PIOc_sync Exit - MemInfo: [/proc/self/status]	VmRSS:	   41304 kB
20220314 061443.336 INFO             PET2 PIOc_sync Exit - MemInfo: [/proc/self/status]	VmData:	   50752 kB
20220314 061443.336 INFO             PET2 PIOc_sync Exit - MemInfo: [/proc/self/status]	VmStk:	     148 kB
20220314 061443.336 INFO             PET2 PIOc_sync Exit - MemInfo: [/proc/self/status]	VmExe:	     212 kB
20220314 061443.336 INFO             PET2 PIOc_sync Exit - MemInfo: [/proc/self/status]	VmLib:	   49028 kB
20220314 061443.336 INFO             PET2 PIOc_sync Exit - MemInfo: [/proc/self/status]	VmPTE:	     784 kB
