build time -- 2022-03-13 06:00:12.722915
20220313 061451.890 INFO             PET0 !!!!!!!!!!!!!!!!!!!!!!!!!!!!!!!!!!!!!!!!!!!!!!!!!!!!!!
20220313 061451.890 INFO             PET0 !!! THE ESMF_LOG IS SET TO OUTPUT ALL LOG MESSAGES !!!
20220313 061451.890 INFO             PET0 !!!     THIS MAY CAUSE SLOWDOWN IN PERFORMANCE     !!!
20220313 061451.890 INFO             PET0 !!! FOR PRODUCTION RUNS, USE:                      !!!
20220313 061451.890 INFO             PET0 !!!                   ESMF_LOGKIND_Multi_On_Error  !!!
20220313 061451.890 INFO             PET0 !!!!!!!!!!!!!!!!!!!!!!!!!!!!!!!!!!!!!!!!!!!!!!!!!!!!!!
20220313 061451.890 INFO             PET0 Running with ESMF Version   : v8.3.0b09-96-g559b459836
20220313 061451.890 INFO             PET0 ESMF library build date/time: "Mar 13 2022" "05:58:15"
20220313 061451.890 INFO             PET0 ESMF library build location : /glade/scratch/rlong/esmf-testing/gfortran_7.4.0_openmpi_O_jedwards_pio_update2
20220313 061451.890 INFO             PET0 ESMF_COMM                   : openmpi
20220313 061451.890 INFO             PET0 ESMF_MOAB                   : enabled
20220313 061451.890 INFO             PET0 ESMF_LAPACK                 : enabled
20220313 061451.890 INFO             PET0 ESMF_NETCDF                 : enabled
20220313 061451.890 INFO             PET0 ESMF_PNETCDF                : disabled
20220313 061451.890 INFO             PET0 ESMF_PIO                    : enabled
20220313 061451.890 INFO             PET0 ESMF_YAMLCPP                : enabled
20220313 061451.891 INFO             PET0  Beginning Test, file ESMF_FieldSMMFromFileUTest.F90, line 287
20220313 061451.891 INFO             PET0  NUMBER_OF_PROCESSORS           4
20220313 061452.044 INFO             PET0  PASS  ESMF_FieldSMMFromFile Unit Test, ESMF_FieldSMMFromFileUTest.F90, line 300
20220313 061452.050 INFO             PET0 PIOc_sync Enter - MemInfo: [/proc/meminfo - SSI]	MemTotal:       65507008 kB
20220313 061452.050 INFO             PET0 PIOc_sync Enter - MemInfo: [/proc/meminfo - SSI]	MemFree:        49558160 kB
20220313 061452.050 INFO             PET0 PIOc_sync Enter - MemInfo: [/proc/meminfo - SSI]	MemAvailable:   49322268 kB
20220313 061452.050 INFO             PET0 PIOc_sync Enter - MemInfo: [/proc/meminfo - SSI]	Committed_AS:   13313972 kB
20220313 061452.050 INFO             PET0 PIOc_sync Enter - MemInfo: [/proc/meminfo - SSI]	CommittedPercent: 20.3245 %
20220313 061452.050 INFO             PET0 PIOc_sync Enter - MemInfo: [/proc/self/status]	VmPeak:	  597040 kB
20220313 061452.050 INFO             PET0 PIOc_sync Enter - MemInfo: [/proc/self/status]	VmSize:	  588852 kB
20220313 061452.050 INFO             PET0 PIOc_sync Enter - MemInfo: [/proc/self/status]	VmLck:	       0 kB
20220313 061452.050 INFO             PET0 PIOc_sync Enter - MemInfo: [/proc/self/status]	VmPin:	       0 kB
20220313 061452.050 INFO             PET0 PIOc_sync Enter - MemInfo: [/proc/self/status]	VmHWM:	   75408 kB
20220313 061452.050 INFO             PET0 PIOc_sync Enter - MemInfo: [/proc/self/status]	VmRSS:	   73988 kB
20220313 061452.050 INFO             PET0 PIOc_sync Enter - MemInfo: [/proc/self/status]	VmData:	   99704 kB
20220313 061452.050 INFO             PET0 PIOc_sync Enter - MemInfo: [/proc/self/status]	VmStk:	     148 kB
20220313 061452.050 INFO             PET0 PIOc_sync Enter - MemInfo: [/proc/self/status]	VmExe:	     212 kB
20220313 061452.050 INFO             PET0 PIOc_sync Enter - MemInfo: [/proc/self/status]	VmLib:	   49028 kB
20220313 061452.050 INFO             PET0 PIOc_sync Enter - MemInfo: [/proc/self/status]	VmPTE:	     848 kB
20220313 061452.050 INFO             PET0 PIOc_sync Enter - MemInfo: [/proc/self/status]	VmPMD:	      12 kB
20220313 061452.050 INFO             PET0 PIOc_sync Enter - MemInfo: [/proc/self/status]	VmSwap:	       0 kB
20220313 061452.050 INFO             PET0 PIOc_sync Enter - MemInfo: [/proc/self/status]	VmRSSPercent: 0.112947 %
20220313 061452.050 INFO             PET0 PIOc_sync Enter - MemInfo: [malloc] Non-mmapped space allocated:                89829376 Byte
20220313 061452.053 INFO             PET0 PIOc_sync Enter - MemInfo: [malloc] Space allocated in mmapped regions:          1581056 Byte
20220313 061452.053 INFO             PET0 PIOc_sync Enter - MemInfo: [malloc] Maximum total allocated space:                     0 Byte
20220313 061452.053 INFO             PET0 PIOc_sync Enter - MemInfo: [malloc] Space in freed fastbin blocks:                  1584 Byte
20220313 061452.053 INFO             PET0 PIOc_sync Enter - MemInfo: [malloc] Total allocated space:                      70950000 Byte
20220313 061452.053 INFO             PET0 PIOc_sync Enter - MemInfo: [malloc] Total free space:                           18879376 Byte
20220313 061452.053 INFO             PET0 PIOc_sync Enter - MemInfo: [malloc] Top-most, releasable space:                 16910976 Byte
20220313 061452.053 INFO             PET0 PIOc_sync Enter - MemInfo: [malloc] Total space in use, mmap + non-mmap:        72531056 Byte
20220313 061452.053 INFO             PET0 PIOc_sync Enter - MemInfo: [malloc] Total space held (mmap + non-mmap):         91410432 Byte
20220313 061452.053 INFO             PET0 PIOc_sync Enter - MemInfo: [malloc] Total space used (mmap + non-mmap):         72540384 Byte
20220313 061452.053 INFO             PET0 PIOc_sync Enter - MemInfo: Wall-clock time since execution start:               0.164735 seconds
20220313 061452.053 INFO             PET0 PIOc_sync Exit - MemInfo: [/proc/meminfo - SSI]	MemTotal:       65507008 kB
20220313 061452.053 INFO             PET0 PIOc_sync Exit - MemInfo: [/proc/meminfo - SSI]	MemFree:        49558160 kB
20220313 061452.053 INFO             PET0 PIOc_sync Exit - MemInfo: [/proc/meminfo - SSI]	MemAvailable:   49322268 kB
20220313 061452.053 INFO             PET0 PIOc_sync Exit - MemInfo: [/proc/meminfo - SSI]	Committed_AS:   13313972 kB
20220313 061452.053 INFO             PET0 PIOc_sync Exit - MemInfo: [/proc/meminfo - SSI]	CommittedPercent: 20.3245 %
20220313 061452.053 INFO             PET0 PIOc_sync Exit - MemInfo: [/proc/self/status]	VmPeak:	  597040 kB
20220313 061452.053 INFO             PET0 PIOc_sync Exit - MemInfo: [/proc/self/status]	VmSize:	  588852 kB
20220313 061452.053 INFO             PET0 PIOc_sync Exit - MemInfo: [/proc/self/status]	VmLck:	       0 kB
20220313 061452.053 INFO             PET0 PIOc_sync Exit - MemInfo: [/proc/self/status]	VmPin:	       0 kB
20220313 061452.053 INFO             PET0 PIOc_sync Exit - MemInfo: [/proc/self/status]	VmHWM:	   75408 kB
20220313 061452.053 INFO             PET0 PIOc_sync Exit - MemInfo: [/proc/self/status]	VmRSS:	   74036 kB
20220313 061452.053 INFO             PET0 PIOc_sync Exit - MemInfo: [/proc/self/status]	VmData:	   99704 kB
20220313 061452.053 INFO             PET0 PIOc_sync Exit - MemInfo: [/proc/self/status]	VmStk:	     148 kB
20220313 061452.053 INFO             PET0 PIOc_sync Exit - MemInfo: [/proc/self/status]	VmExe:	     212 kB
20220313 061452.053 INFO             PET0 PIOc_sync Exit - MemInfo: [/proc/self/status]	VmLib:	   49028 kB
20220313 061452.053 INFO             PET0 PIOc_sync Exit - MemInfo: [/proc/self/status]	VmPTE:	     848 kB
20220313 061452.053 INFO             PET0 PIOc_sync Exit - MemInfo: [/proc/self/status]	VmPMD:	      12 kB
20220313 061452.053 INFO             PET0 PIOc_sync Exit - MemInfo: [/proc/self/status]	VmSwap:	       0 kB
20220313 061452.053 INFO             PET0 PIOc_sync Exit - MemInfo: [/proc/self/status]	VmRSSPercent: 0.11302 %
20220313 061452.053 INFO             PET0 PIOc_sync Exit - MemInfo: [malloc] Non-mmapped space allocated:                89829376 Byte
20220313 061452.053 INFO             PET0 PIOc_sync Exit - MemInfo: [malloc] Space allocated in mmapped regions:          1581056 Byte
20220313 061452.053 INFO             PET0 PIOc_sync Exit - MemInfo: [malloc] Maximum total allocated space:                     0 Byte
20220313 061452.053 INFO             PET0 PIOc_sync Exit - MemInfo: [malloc] Space in freed fastbin blocks:                  2272 Byte
20220313 061452.053 INFO             PET0 PIOc_sync Exit - MemInfo: [malloc] Total allocated space:                      70952336 Byte
20220313 061452.053 INFO             PET0 PIOc_sync Exit - MemInfo: [malloc] Total free space:                           18877040 Byte
20220313 061452.053 INFO             PET0 PIOc_sync Exit - MemInfo: [malloc] Top-most, releasable space:                 16910976 Byte
20220313 061452.053 INFO             PET0 PIOc_sync Exit - MemInfo: [malloc] Total space in use, mmap + non-mmap:        72533392 Byte
20220313 061452.053 INFO             PET0 PIOc_sync Exit - MemInfo: [malloc] Total space held (mmap + non-mmap):         91410432 Byte
20220313 061452.053 INFO             PET0 PIOc_sync Exit - MemInfo: [malloc] Total space used (mmap + non-mmap):         72542720 Byte
20220313 061452.053 INFO             PET0 PIOc_sync Exit - MemInfo: Wall-clock time since execution start:               0.165217 seconds
20220313 061452.053 INFO             PET0 PIOc_freedecomp Enter - MemInfo: [/proc/meminfo - SSI]	MemTotal:       65507008 kB
20220313 061452.053 INFO             PET0 PIOc_freedecomp Enter - MemInfo: [/proc/meminfo - SSI]	MemFree:        49558160 kB
20220313 061452.053 INFO             PET0 PIOc_freedecomp Enter - MemInfo: [/proc/meminfo - SSI]	MemAvailable:   49322268 kB
20220313 061452.053 INFO             PET0 PIOc_freedecomp Enter - MemInfo: [/proc/meminfo - SSI]	Committed_AS:   13313972 kB
20220313 061452.053 INFO             PET0 PIOc_freedecomp Enter - MemInfo: [/proc/meminfo - SSI]	CommittedPercent: 20.3245 %
20220313 061452.053 INFO             PET0 PIOc_freedecomp Enter - MemInfo: [/proc/self/status]	VmPeak:	  597040 kB
20220313 061452.053 INFO             PET0 PIOc_freedecomp Enter - MemInfo: [/proc/self/status]	VmSize:	  588852 kB
20220313 061452.053 INFO             PET0 PIOc_freedecomp Enter - MemInfo: [/proc/self/status]	VmLck:	       0 kB
20220313 061452.053 INFO             PET0 PIOc_freedecomp Enter - MemInfo: [/proc/self/status]	VmPin:	       0 kB
20220313 061452.053 INFO             PET0 PIOc_freedecomp Enter - MemInfo: [/proc/self/status]	VmHWM:	   75408 kB
20220313 061452.053 INFO             PET0 PIOc_freedecomp Enter - MemInfo: [/proc/self/status]	VmRSS:	   74036 kB
20220313 061452.053 INFO             PET0 PIOc_freedecomp Enter - MemInfo: [/proc/self/status]	VmData:	   99704 kB
20220313 061452.053 INFO             PET0 PIOc_freedecomp Enter - MemInfo: [/proc/self/status]	VmStk:	     148 kB
20220313 061452.053 INFO             PET0 PIOc_freedecomp Enter - MemInfo: [/proc/self/status]	VmExe:	     212 kB
20220313 061452.053 INFO             PET0 PIOc_freedecomp Enter - MemInfo: [/proc/self/status]	VmLib:	   49028 kB
20220313 061452.053 INFO             PET0 PIOc_freedecomp Enter - MemInfo: [/proc/self/status]	VmPTE:	     848 kB
20220313 061452.053 INFO             PET0 PIOc_freedecomp Enter - MemInfo: [/proc/self/status]	VmPMD:	      12 kB
20220313 061452.053 INFO             PET0 PIOc_freedecomp Enter - MemInfo: [/proc/self/status]	VmSwap:	       0 kB
20220313 061452.053 INFO             PET0 PIOc_freedecomp Enter - MemInfo: [/proc/self/status]	VmRSSPercent: 0.11302 %
20220313 061452.054 INFO             PET0 PIOc_freedecomp Enter - MemInfo: [malloc] Non-mmapped space allocated:                89829376 Byte
20220313 061452.054 INFO             PET0 PIOc_freedecomp Enter - MemInfo: [malloc] Space allocated in mmapped regions:          1581056 Byte
20220313 061452.054 INFO             PET0 PIOc_freedecomp Enter - MemInfo: [malloc] Maximum total allocated space:                     0 Byte
20220313 061452.054 INFO             PET0 PIOc_freedecomp Enter - MemInfo: [malloc] Space in freed fastbin blocks:                  2176 Byte
20220313 061452.054 INFO             PET0 PIOc_freedecomp Enter - MemInfo: [malloc] Total allocated space:                      54161920 Byte
20220313 061452.054 INFO             PET0 PIOc_freedecomp Enter - MemInfo: [malloc] Total free space:                           35667456 Byte
20220313 061452.054 INFO             PET0 PIOc_freedecomp Enter - MemInfo: [malloc] Top-most, releasable space:                 16910976 Byte
20220313 061452.054 INFO             PET0 PIOc_freedecomp Enter - MemInfo: [malloc] Total space in use, mmap + non-mmap:        55742976 Byte
20220313 061452.054 INFO             PET0 PIOc_freedecomp Enter - MemInfo: [malloc] Total space held (mmap + non-mmap):         91410432 Byte
20220313 061452.054 INFO             PET0 PIOc_freedecomp Enter - MemInfo: [malloc] Total space used (mmap + non-mmap):         55752304 Byte
20220313 061452.054 INFO             PET0 PIOc_freedecomp Enter - MemInfo: Wall-clock time since execution start:               0.165602 seconds
20220313 061452.054 INFO             PET0 PIOc_freedecomp Exit - MemInfo: [/proc/meminfo - SSI]	MemTotal:       65507008 kB
20220313 061452.054 INFO             PET0 PIOc_freedecomp Exit - MemInfo: [/proc/meminfo - SSI]	MemFree:        49558160 kB
20220313 061452.054 INFO             PET0 PIOc_freedecomp Exit - MemInfo: [/proc/meminfo - SSI]	MemAvailable:   49322268 kB
20220313 061452.054 INFO             PET0 PIOc_freedecomp Exit - MemInfo: [/proc/meminfo - SSI]	Committed_AS:   13313972 kB
20220313 061452.054 INFO             PET0 PIOc_freedecomp Exit - MemInfo: [/proc/meminfo - SSI]	CommittedPercent: 20.3245 %
20220313 061452.054 INFO             PET0 PIOc_freedecomp Exit - MemInfo: [/proc/self/status]	VmPeak:	  597040 kB
20220313 061452.054 INFO             PET0 PIOc_freedecomp Exit - MemInfo: [/proc/self/status]	VmSize:	  588852 kB
20220313 061452.054 INFO             PET0 PIOc_freedecomp Exit - MemInfo: [/proc/self/status]	VmLck:	       0 kB
20220313 061452.054 INFO             PET0 PIOc_freedecomp Exit - MemInfo: [/proc/self/status]	VmPin:	       0 kB
20220313 061452.054 INFO             PET0 PIOc_freedecomp Exit - MemInfo: [/proc/self/status]	VmHWM:	   75408 kB
20220313 061452.054 INFO             PET0 PIOc_freedecomp Exit - MemInfo: [/proc/self/status]	VmRSS:	   74036 kB
20220313 061452.054 INFO             PET0 PIOc_freedecomp Exit - MemInfo: [/proc/self/status]	VmData:	   99704 kB
20220313 061452.054 INFO             PET0 PIOc_freedecomp Exit - MemInfo: [/proc/self/status]	VmStk:	     148 kB
20220313 061452.054 INFO             PET0 PIOc_freedecomp Exit - MemInfo: [/proc/self/status]	VmExe:	     212 kB
20220313 061452.054 INFO             PET0 PIOc_freedecomp Exit - MemInfo: [/proc/self/status]	VmLib:	   49028 kB
20220313 061452.054 INFO             PET0 PIOc_freedecomp Exit - MemInfo: [/proc/self/status]	VmPTE:	     848 kB
20220313 061452.054 INFO             PET0 PIOc_freedecomp Exit - MemInfo: [/proc/self/status]	VmPMD:	      12 kB
20220313 061452.054 INFO             PET0 PIOc_freedecomp Exit - MemInfo: [/proc/self/status]	VmSwap:	       0 kB
20220313 061452.054 INFO             PET0 PIOc_freedecomp Exit - MemInfo: [/proc/self/status]	VmRSSPercent: 0.11302 %
20220313 061452.054 INFO             PET0 PIOc_freedecomp Exit - MemInfo: [malloc] Non-mmapped space allocated:                89829376 Byte
20220313 061452.054 INFO             PET0 PIOc_freedecomp Exit - MemInfo: [malloc] Space allocated in mmapped regions:          1581056 Byte
20220313 061452.054 INFO             PET0 PIOc_freedecomp Exit - MemInfo: [malloc] Maximum total allocated space:                     0 Byte
20220313 061452.054 INFO             PET0 PIOc_freedecomp Exit - MemInfo: [malloc] Space in freed fastbin blocks:                  3024 Byte
20220313 061452.054 INFO             PET0 PIOc_freedecomp Exit - MemInfo: [malloc] Total allocated space:                      54154160 Byte
20220313 061452.054 INFO             PET0 PIOc_freedecomp Exit - MemInfo: [malloc] Total free space:                           35675216 Byte
20220313 061452.054 INFO             PET0 PIOc_freedecomp Exit - MemInfo: [malloc] Top-most, releasable space:                 16910976 Byte
20220313 061452.054 INFO             PET0 PIOc_freedecomp Exit - MemInfo: [malloc] Total space in use, mmap + non-mmap:        55735216 Byte
20220313 061452.054 INFO             PET0 PIOc_freedecomp Exit - MemInfo: [malloc] Total space held (mmap + non-mmap):         91410432 Byte
20220313 061452.054 INFO             PET0 PIOc_freedecomp Exit - MemInfo: [malloc] Total space used (mmap + non-mmap):         55744544 Byte
20220313 061452.054 INFO             PET0 PIOc_freedecomp Exit - MemInfo: Wall-clock time since execution start:                0.16594 seconds
20220313 061452.055 INFO             PET0 PIOc_sync Enter - MemInfo: [/proc/meminfo - SSI]	MemTotal:       65507008 kB
20220313 061452.055 INFO             PET0 PIOc_sync Enter - MemInfo: [/proc/meminfo - SSI]	MemFree:        49558160 kB
20220313 061452.055 INFO             PET0 PIOc_sync Enter - MemInfo: [/proc/meminfo - SSI]	MemAvailable:   49322268 kB
20220313 061452.055 INFO             PET0 PIOc_sync Enter - MemInfo: [/proc/meminfo - SSI]	Committed_AS:   13313972 kB
20220313 061452.055 INFO             PET0 PIOc_sync Enter - MemInfo: [/proc/meminfo - SSI]	CommittedPercent: 20.3245 %
20220313 061452.055 INFO             PET0 PIOc_sync Enter - MemInfo: [/proc/self/status]	VmPeak:	  597040 kB
20220313 061452.056 INFO             PET0 PIOc_sync Enter - MemInfo: [/proc/self/status]	VmSize:	  588852 kB
20220313 061452.056 INFO             PET0 PIOc_sync Enter - MemInfo: [/proc/self/status]	VmLck:	       0 kB
20220313 061452.056 INFO             PET0 PIOc_sync Enter - MemInfo: [/proc/self/status]	VmPin:	       0 kB
20220313 061452.056 INFO             PET0 PIOc_sync Enter - MemInfo: [/proc/self/status]	VmHWM:	   75408 kB
20220313 061452.056 INFO             PET0 PIOc_sync Enter - MemInfo: [/proc/self/status]	VmRSS:	   74048 kB
20220313 061452.056 INFO             PET0 PIOc_sync Enter - MemInfo: [/proc/self/status]	VmData:	   99704 kB
20220313 061452.056 INFO             PET0 PIOc_sync Enter - MemInfo: [/proc/self/status]	VmStk:	     148 kB
20220313 061452.056 INFO             PET0 PIOc_sync Enter - MemInfo: [/proc/self/status]	VmExe:	     212 kB
20220313 061452.056 INFO             PET0 PIOc_sync Enter - MemInfo: [/proc/self/status]	VmLib:	   49028 kB
20220313 061452.056 INFO             PET0 PIOc_sync Enter - MemInfo: [/proc/self/status]	VmPTE:	     848 kB
20220313 061452.056 INFO             PET0 PIOc_sync Enter - MemInfo: [/proc/self/status]	VmPMD:	      12 kB
20220313 061452.056 INFO             PET0 PIOc_sync Enter - MemInfo: [/proc/self/status]	VmSwap:	       0 kB
20220313 061452.056 INFO             PET0 PIOc_sync Enter - MemInfo: [/proc/self/status]	VmRSSPercent: 0.113038 %
20220313 061452.056 INFO             PET0 PIOc_sync Enter - MemInfo: [malloc] Non-mmapped space allocated:                89829376 Byte
20220313 061452.056 INFO             PET0 PIOc_sync Enter - MemInfo: [malloc] Space allocated in mmapped regions:          1581056 Byte
20220313 061452.056 INFO             PET0 PIOc_sync Enter - MemInfo: [malloc] Maximum total allocated space:                     0 Byte
20220313 061452.056 INFO             PET0 PIOc_sync Enter - MemInfo: [malloc] Space in freed fastbin blocks:                  1888 Byte
20220313 061452.056 INFO             PET0 PIOc_sync Enter - MemInfo: [malloc] Total allocated space:                      70950160 Byte
20220313 061452.056 INFO             PET0 PIOc_sync Enter - MemInfo: [malloc] Total free space:                           18879216 Byte
20220313 061452.056 INFO             PET0 PIOc_sync Enter - MemInfo: [malloc] Top-most, releasable space:                 16910976 Byte
20220313 061452.056 INFO             PET0 PIOc_sync Enter - MemInfo: [malloc] Total space in use, mmap + non-mmap:        72531216 Byte
20220313 061452.056 INFO             PET0 PIOc_sync Enter - MemInfo: [malloc] Total space held (mmap + non-mmap):         91410432 Byte
20220313 061452.056 INFO             PET0 PIOc_sync Enter - MemInfo: [malloc] Total space used (mmap + non-mmap):         72540544 Byte
20220313 061452.056 INFO             PET0 PIOc_sync Enter - MemInfo: Wall-clock time since execution start:               0.167732 seconds
20220313 061452.056 INFO             PET0 PIOc_sync Exit - MemInfo: [/proc/meminfo - SSI]	MemTotal:       65507008 kB
20220313 061452.056 INFO             PET0 PIOc_sync Exit - MemInfo: [/proc/meminfo - SSI]	MemFree:        49558160 kB
20220313 061452.056 INFO             PET0 PIOc_sync Exit - MemInfo: [/proc/meminfo - SSI]	MemAvailable:   49322268 kB
20220313 061452.056 INFO             PET0 PIOc_sync Exit - MemInfo: [/proc/meminfo - SSI]	Committed_AS:   13313972 kB
20220313 061452.056 INFO             PET0 PIOc_sync Exit - MemInfo: [/proc/meminfo - SSI]	CommittedPercent: 20.3245 %
20220313 061452.056 INFO             PET0 PIOc_sync Exit - MemInfo: [/proc/self/status]	VmPeak:	  597040 kB
20220313 061452.056 INFO             PET0 PIOc_sync Exit - MemInfo: [/proc/self/status]	VmSize:	  588852 kB
20220313 061452.056 INFO             PET0 PIOc_sync Exit - MemInfo: [/proc/self/status]	VmLck:	       0 kB
20220313 061452.056 INFO             PET0 PIOc_sync Exit - MemInfo: [/proc/self/status]	VmPin:	       0 kB
20220313 061452.056 INFO             PET0 PIOc_sync Exit - MemInfo: [/proc/self/status]	VmHWM:	   75408 kB
20220313 061452.056 INFO             PET0 PIOc_sync Exit - MemInfo: [/proc/self/status]	VmRSS:	   74048 kB
20220313 061452.056 INFO             PET0 PIOc_sync Exit - MemInfo: [/proc/self/status]	VmData:	   99704 kB
20220313 061452.056 INFO             PET0 PIOc_sync Exit - MemInfo: [/proc/self/status]	VmStk:	     148 kB
20220313 061452.056 INFO             PET0 PIOc_sync Exit - MemInfo: [/proc/self/status]	VmExe:	     212 kB
20220313 061452.056 INFO             PET0 PIOc_sync Exit - MemInfo: [/proc/self/status]	VmLib:	   49028 kB
20220313 061452.056 INFO             PET0 PIOc_sync Exit - MemInfo: [/proc/self/status]	VmPTE:	     848 kB
20220313 061452.056 INFO             PET0 PIOc_sync Exit - MemInfo: [/proc/self/status]	VmPMD:	      12 kB
20220313 061452.056 INFO             PET0 PIOc_sync Exit - MemInfo: [/proc/self/status]	VmSwap:	       0 kB
20220313 061452.056 INFO             PET0 PIOc_sync Exit - MemInfo: [/proc/self/status]	VmRSSPercent: 0.113038 %
20220313 061452.056 INFO             PET0 PIOc_sync Exit - MemInfo: [malloc] Non-mmapped space allocated:                89829376 Byte
20220313 061452.056 INFO             PET0 PIOc_sync Exit - MemInfo: [malloc] Space allocated in mmapped regions:          1581056 Byte
20220313 061452.056 INFO             PET0 PIOc_sync Exit - MemInfo: [malloc] Maximum total allocated space:                     0 Byte
20220313 061452.056 INFO             PET0 PIOc_sync Exit - MemInfo: [malloc] Space in freed fastbin blocks:                  2160 Byte
20220313 061452.056 INFO             PET0 PIOc_sync Exit - MemInfo: [malloc] Total allocated space:                      70952752 Byte
20220313 061452.056 INFO             PET0 PIOc_sync Exit - MemInfo: [malloc] Total free space:                           18876624 Byte
20220313 061452.056 INFO             PET0 PIOc_sync Exit - MemInfo: [malloc] Top-most, releasable space:                 16910976 Byte
20220313 061452.056 INFO             PET0 PIOc_sync Exit - MemInfo: [malloc] Total space in use, mmap + non-mmap:        72533808 Byte
20220313 061452.056 INFO             PET0 PIOc_sync Exit - MemInfo: [malloc] Total space held (mmap + non-mmap):         91410432 Byte
20220313 061452.056 INFO             PET0 PIOc_sync Exit - MemInfo: [malloc] Total space used (mmap + non-mmap):         72543136 Byte
20220313 061452.056 INFO             PET0 PIOc_sync Exit - MemInfo: Wall-clock time since execution start:               0.168142 seconds
20220313 061452.056 INFO             PET0 PIOc_freedecomp Enter - MemInfo: [/proc/meminfo - SSI]	MemTotal:       65507008 kB
20220313 061452.056 INFO             PET0 PIOc_freedecomp Enter - MemInfo: [/proc/meminfo - SSI]	MemFree:        49558160 kB
20220313 061452.056 INFO             PET0 PIOc_freedecomp Enter - MemInfo: [/proc/meminfo - SSI]	MemAvailable:   49322268 kB
20220313 061452.056 INFO             PET0 PIOc_freedecomp Enter - MemInfo: [/proc/meminfo - SSI]	Committed_AS:   13313972 kB
20220313 061452.056 INFO             PET0 PIOc_freedecomp Enter - MemInfo: [/proc/meminfo - SSI]	CommittedPercent: 20.3245 %
20220313 061452.056 INFO             PET0 PIOc_freedecomp Enter - MemInfo: [/proc/self/status]	VmPeak:	  597040 kB
20220313 061452.056 INFO             PET0 PIOc_freedecomp Enter - MemInfo: [/proc/self/status]	VmSize:	  588852 kB
20220313 061452.056 INFO             PET0 PIOc_freedecomp Enter - MemInfo: [/proc/self/status]	VmLck:	       0 kB
20220313 061452.056 INFO             PET0 PIOc_freedecomp Enter - MemInfo: [/proc/self/status]	VmPin:	       0 kB
20220313 061452.056 INFO             PET0 PIOc_freedecomp Enter - MemInfo: [/proc/self/status]	VmHWM:	   75408 kB
20220313 061452.056 INFO             PET0 PIOc_freedecomp Enter - MemInfo: [/proc/self/status]	VmRSS:	   74048 kB
20220313 061452.056 INFO             PET0 PIOc_freedecomp Enter - MemInfo: [/proc/self/status]	VmData:	   99704 kB
20220313 061452.056 INFO             PET0 PIOc_freedecomp Enter - MemInfo: [/proc/self/status]	VmStk:	     148 kB
20220313 061452.056 INFO             PET0 PIOc_freedecomp Enter - MemInfo: [/proc/self/status]	VmExe:	     212 kB
20220313 061452.056 INFO             PET0 PIOc_freedecomp Enter - MemInfo: [/proc/self/status]	VmLib:	   49028 kB
20220313 061452.056 INFO             PET0 PIOc_freedecomp Enter - MemInfo: [/proc/self/status]	VmPTE:	     848 kB
20220313 061452.056 INFO             PET0 PIOc_freedecomp Enter - MemInfo: [/proc/self/status]	VmPMD:	      12 kB
20220313 061452.056 INFO             PET0 PIOc_freedecomp Enter - MemInfo: [/proc/self/status]	VmSwap:	       0 kB
20220313 061452.056 INFO             PET0 PIOc_freedecomp Enter - MemInfo: [/proc/self/status]	VmRSSPercent: 0.113038 %
20220313 061452.056 INFO             PET0 PIOc_freedecomp Enter - MemInfo: [malloc] Non-mmapped space allocated:                89829376 Byte
20220313 061452.056 INFO             PET0 PIOc_freedecomp Enter - MemInfo: [malloc] Space allocated in mmapped regions:          1581056 Byte
20220313 061452.056 INFO             PET0 PIOc_freedecomp Enter - MemInfo: [malloc] Maximum total allocated space:                     0 Byte
20220313 061452.056 INFO             PET0 PIOc_freedecomp Enter - MemInfo: [malloc] Space in freed fastbin blocks:                  2592 Byte
20220313 061452.056 INFO             PET0 PIOc_freedecomp Enter - MemInfo: [malloc] Total allocated space:                      54161888 Byte
20220313 061452.056 INFO             PET0 PIOc_freedecomp Enter - MemInfo: [malloc] Total free space:                           35667488 Byte
20220313 061452.056 INFO             PET0 PIOc_freedecomp Enter - MemInfo: [malloc] Top-most, releasable space:                 16910976 Byte
20220313 061452.056 INFO             PET0 PIOc_freedecomp Enter - MemInfo: [malloc] Total space in use, mmap + non-mmap:        55742944 Byte
20220313 061452.056 INFO             PET0 PIOc_freedecomp Enter - MemInfo: [malloc] Total space held (mmap + non-mmap):         91410432 Byte
20220313 061452.057 INFO             PET0 PIOc_freedecomp Enter - MemInfo: [malloc] Total space used (mmap + non-mmap):         55752272 Byte
20220313 061452.057 INFO             PET0 PIOc_freedecomp Enter - MemInfo: Wall-clock time since execution start:               0.168513 seconds
20220313 061452.057 INFO             PET0 PIOc_freedecomp Exit - MemInfo: [/proc/meminfo - SSI]	MemTotal:       65507008 kB
20220313 061452.057 INFO             PET0 PIOc_freedecomp Exit - MemInfo: [/proc/meminfo - SSI]	MemFree:        49558160 kB
20220313 061452.057 INFO             PET0 PIOc_freedecomp Exit - MemInfo: [/proc/meminfo - SSI]	MemAvailable:   49322268 kB
20220313 061452.057 INFO             PET0 PIOc_freedecomp Exit - MemInfo: [/proc/meminfo - SSI]	Committed_AS:   13313972 kB
20220313 061452.057 INFO             PET0 PIOc_freedecomp Exit - MemInfo: [/proc/meminfo - SSI]	CommittedPercent: 20.3245 %
20220313 061452.057 INFO             PET0 PIOc_freedecomp Exit - MemInfo: [/proc/self/status]	VmPeak:	  597040 kB
20220313 061452.057 INFO             PET0 PIOc_freedecomp Exit - MemInfo: [/proc/self/status]	VmSize:	  588852 kB
20220313 061452.057 INFO             PET0 PIOc_freedecomp Exit - MemInfo: [/proc/self/status]	VmLck:	       0 kB
20220313 061452.057 INFO             PET0 PIOc_freedecomp Exit - MemInfo: [/proc/self/status]	VmPin:	       0 kB
20220313 061452.057 INFO             PET0 PIOc_freedecomp Exit - MemInfo: [/proc/self/status]	VmHWM:	   75408 kB
20220313 061452.057 INFO             PET0 PIOc_freedecomp Exit - MemInfo: [/proc/self/status]	VmRSS:	   74048 kB
20220313 061452.057 INFO             PET0 PIOc_freedecomp Exit - MemInfo: [/proc/self/status]	VmData:	   99704 kB
20220313 061452.057 INFO             PET0 PIOc_freedecomp Exit - MemInfo: [/proc/self/status]	VmStk:	     148 kB
20220313 061452.057 INFO             PET0 PIOc_freedecomp Exit - MemInfo: [/proc/self/status]	VmExe:	     212 kB
20220313 061452.057 INFO             PET0 PIOc_freedecomp Exit - MemInfo: [/proc/self/status]	VmLib:	   49028 kB
20220313 061452.057 INFO             PET0 PIOc_freedecomp Exit - MemInfo: [/proc/self/status]	VmPTE:	     848 kB
20220313 061452.057 INFO             PET0 PIOc_freedecomp Exit - MemInfo: [/proc/self/status]	VmPMD:	      12 kB
20220313 061452.057 INFO             PET0 PIOc_freedecomp Exit - MemInfo: [/proc/self/status]	VmSwap:	       0 kB
20220313 061452.057 INFO             PET0 PIOc_freedecomp Exit - MemInfo: [/proc/self/status]	VmRSSPercent: 0.113038 %
20220313 061452.057 INFO             PET0 PIOc_freedecomp Exit - MemInfo: [malloc] Non-mmapped space allocated:                89829376 Byte
20220313 061452.057 INFO             PET0 PIOc_freedecomp Exit - MemInfo: [malloc] Space allocated in mmapped regions:          1581056 Byte
20220313 061452.057 INFO             PET0 PIOc_freedecomp Exit - MemInfo: [malloc] Maximum total allocated space:                     0 Byte
20220313 061452.057 INFO             PET0 PIOc_freedecomp Exit - MemInfo: [malloc] Space in freed fastbin blocks:                  3232 Byte
20220313 061452.057 INFO             PET0 PIOc_freedecomp Exit - MemInfo: [malloc] Total allocated space:                      54154144 Byte
20220313 061452.057 INFO             PET0 PIOc_freedecomp Exit - MemInfo: [malloc] Total free space:                           35675232 Byte
20220313 061452.057 INFO             PET0 PIOc_freedecomp Exit - MemInfo: [malloc] Top-most, releasable space:                 16910976 Byte
20220313 061452.057 INFO             PET0 PIOc_freedecomp Exit - MemInfo: [malloc] Total space in use, mmap + non-mmap:        55735200 Byte
20220313 061452.057 INFO             PET0 PIOc_freedecomp Exit - MemInfo: [malloc] Total space held (mmap + non-mmap):         91410432 Byte
20220313 061452.057 INFO             PET0 PIOc_freedecomp Exit - MemInfo: [malloc] Total space used (mmap + non-mmap):         55744528 Byte
20220313 061452.057 INFO             PET0 PIOc_freedecomp Exit - MemInfo: Wall-clock time since execution start:               0.168848 seconds
20220313 061452.058 INFO             PET0 PIOc_sync Enter - MemInfo: [/proc/meminfo - SSI]	MemTotal:       65507008 kB
20220313 061452.058 INFO             PET0 PIOc_sync Enter - MemInfo: [/proc/meminfo - SSI]	MemFree:        49558160 kB
20220313 061452.058 INFO             PET0 PIOc_sync Enter - MemInfo: [/proc/meminfo - SSI]	MemAvailable:   49322268 kB
20220313 061452.058 INFO             PET0 PIOc_sync Enter - MemInfo: [/proc/meminfo - SSI]	Committed_AS:   13313972 kB
20220313 061452.058 INFO             PET0 PIOc_sync Enter - MemInfo: [/proc/meminfo - SSI]	CommittedPercent: 20.3245 %
20220313 061452.058 INFO             PET0 PIOc_sync Enter - MemInfo: [/proc/self/status]	VmPeak:	  597040 kB
20220313 061452.058 INFO             PET0 PIOc_sync Enter - MemInfo: [/proc/self/status]	VmSize:	  588852 kB
20220313 061452.058 INFO             PET0 PIOc_sync Enter - MemInfo: [/proc/self/status]	VmLck:	       0 kB
20220313 061452.058 INFO             PET0 PIOc_sync Enter - MemInfo: [/proc/self/status]	VmPin:	       0 kB
20220313 061452.058 INFO             PET0 PIOc_sync Enter - MemInfo: [/proc/self/status]	VmHWM:	   75408 kB
20220313 061452.058 INFO             PET0 PIOc_sync Enter - MemInfo: [/proc/self/status]	VmRSS:	   74048 kB
20220313 061452.058 INFO             PET0 PIOc_sync Enter - MemInfo: [/proc/self/status]	VmData:	   99704 kB
20220313 061452.058 INFO             PET0 PIOc_sync Enter - MemInfo: [/proc/self/status]	VmStk:	     148 kB
20220313 061452.058 INFO             PET0 PIOc_sync Enter - MemInfo: [/proc/self/status]	VmExe:	     212 kB
20220313 061452.058 INFO             PET0 PIOc_sync Enter - MemInfo: [/proc/self/status]	VmLib:	   49028 kB
20220313 061452.058 INFO             PET0 PIOc_sync Enter - MemInfo: [/proc/self/status]	VmPTE:	     848 kB
20220313 061452.058 INFO             PET0 PIOc_sync Enter - MemInfo: [/proc/self/status]	VmPMD:	      12 kB
20220313 061452.058 INFO             PET0 PIOc_sync Enter - MemInfo: [/proc/self/status]	VmSwap:	       0 kB
20220313 061452.058 INFO             PET0 PIOc_sync Enter - MemInfo: [/proc/self/status]	VmRSSPercent: 0.113038 %
20220313 061452.058 INFO             PET0 PIOc_sync Enter - MemInfo: [malloc] Non-mmapped space allocated:                89829376 Byte
20220313 061452.058 INFO             PET0 PIOc_sync Enter - MemInfo: [malloc] Space allocated in mmapped regions:          1581056 Byte
20220313 061452.058 INFO             PET0 PIOc_sync Enter - MemInfo: [malloc] Maximum total allocated space:                     0 Byte
20220313 061452.058 INFO             PET0 PIOc_sync Enter - MemInfo: [malloc] Space in freed fastbin blocks:                  2128 Byte
20220313 061452.058 INFO             PET0 PIOc_sync Enter - MemInfo: [malloc] Total allocated space:                      70950448 Byte
20220313 061452.058 INFO             PET0 PIOc_sync Enter - MemInfo: [malloc] Total free space:                           18878928 Byte
20220313 061452.058 INFO             PET0 PIOc_sync Enter - MemInfo: [malloc] Top-most, releasable space:                 16910976 Byte
20220313 061452.058 INFO             PET0 PIOc_sync Enter - MemInfo: [malloc] Total space in use, mmap + non-mmap:        72531504 Byte
20220313 061452.058 INFO             PET0 PIOc_sync Enter - MemInfo: [malloc] Total space held (mmap + non-mmap):         91410432 Byte
20220313 061452.058 INFO             PET0 PIOc_sync Enter - MemInfo: [malloc] Total space used (mmap + non-mmap):         72540832 Byte
20220313 061452.058 INFO             PET0 PIOc_sync Enter - MemInfo: Wall-clock time since execution start:                0.16997 seconds
20220313 061452.060 INFO             PET0 PIOc_sync Exit - MemInfo: [/proc/meminfo - SSI]	MemTotal:       65507008 kB
20220313 061452.060 INFO             PET0 PIOc_sync Exit - MemInfo: [/proc/meminfo - SSI]	MemFree:        49558160 kB
20220313 061452.060 INFO             PET0 PIOc_sync Exit - MemInfo: [/proc/meminfo - SSI]	MemAvailable:   49322268 kB
20220313 061452.060 INFO             PET0 PIOc_sync Exit - MemInfo: [/proc/meminfo - SSI]	Committed_AS:   13313972 kB
20220313 061452.060 INFO             PET0 PIOc_sync Exit - MemInfo: [/proc/meminfo - SSI]	CommittedPercent: 20.3245 %
20220313 061452.060 INFO             PET0 PIOc_sync Exit - MemInfo: [/proc/self/status]	VmPeak:	  597040 kB
20220313 061452.060 INFO             PET0 PIOc_sync Exit - MemInfo: [/proc/self/status]	VmSize:	  588852 kB
20220313 061452.060 INFO             PET0 PIOc_sync Exit - MemInfo: [/proc/self/status]	VmLck:	       0 kB
20220313 061452.060 INFO             PET0 PIOc_sync Exit - MemInfo: [/proc/self/status]	VmPin:	       0 kB
20220313 061452.060 INFO             PET0 PIOc_sync Exit - MemInfo: [/proc/self/status]	VmHWM:	   75408 kB
20220313 061452.060 INFO             PET0 PIOc_sync Exit - MemInfo: [/proc/self/status]	VmRSS:	   74048 kB
20220313 061452.060 INFO             PET0 PIOc_sync Exit - MemInfo: [/proc/self/status]	VmData:	   99704 kB
20220313 061452.060 INFO             PET0 PIOc_sync Exit - MemInfo: [/proc/self/status]	VmStk:	     148 kB
20220313 061452.060 INFO             PET0 PIOc_sync Exit - MemInfo: [/proc/self/status]	VmExe:	     212 kB
20220313 061452.060 INFO             PET0 PIOc_sync Exit - MemInfo: [/proc/self/status]	VmLib:	   49028 kB
20220313 061452.060 INFO             PET0 PIOc_sync Exit - MemInfo: [/proc/self/status]	VmPTE:	     848 kB
20220313 061452.060 INFO             PET0 PIOc_sync Exit - MemInfo: [/proc/self/status]	VmPMD:	      12 kB
20220313 061452.060 INFO             PET0 PIOc_sync Exit - MemInfo: [/proc/self/status]	VmSwap:	       0 kB
20220313 061452.060 INFO             PET0 PIOc_sync Exit - MemInfo: [/proc/self/status]	VmRSSPercent: 0.113038 %
20220313 061452.060 INFO             PET0 PIOc_sync Exit - MemInfo: [malloc] Non-mmapped space allocated:                89829376 Byte
20220313 061452.060 INFO             PET0 PIOc_sync Exit - MemInfo: [malloc] Space allocated in mmapped regions:          1581056 Byte
20220313 061452.060 INFO             PET0 PIOc_sync Exit - MemInfo: [malloc] Maximum total allocated space:                     0 Byte
20220313 061452.060 INFO             PET0 PIOc_sync Exit - MemInfo: [malloc] Space in freed fastbin blocks:                  2160 Byte
20220313 061452.060 INFO             PET0 PIOc_sync Exit - MemInfo: [malloc] Total allocated space:                      70953072 Byte
20220313 061452.060 INFO             PET0 PIOc_sync Exit - MemInfo: [malloc] Total free space:                           18876304 Byte
20220313 061452.060 INFO             PET0 PIOc_sync Exit - MemInfo: [malloc] Top-most, releasable space:                 16910976 Byte
20220313 061452.060 INFO             PET0 PIOc_sync Exit - MemInfo: [malloc] Total space in use, mmap + non-mmap:        72534128 Byte
20220313 061452.060 INFO             PET0 PIOc_sync Exit - MemInfo: [malloc] Total space held (mmap + non-mmap):         91410432 Byte
20220313 061452.060 INFO             PET0 PIOc_sync Exit - MemInfo: [malloc] Total space used (mmap + non-mmap):         72543456 Byte
20220313 061452.060 INFO             PET0 PIOc_sync Exit - MemInfo: Wall-clock time since execution start:               0.172409 seconds
20220313 061452.061 INFO             PET0 PIOc_freedecomp Enter - MemInfo: [/proc/meminfo - SSI]	MemTotal:       65507008 kB
20220313 061452.061 INFO             PET0 PIOc_freedecomp Enter - MemInfo: [/proc/meminfo - SSI]	MemFree:        49558160 kB
20220313 061452.061 INFO             PET0 PIOc_freedecomp Enter - MemInfo: [/proc/meminfo - SSI]	MemAvailable:   49322268 kB
20220313 061452.061 INFO             PET0 PIOc_freedecomp Enter - MemInfo: [/proc/meminfo - SSI]	Committed_AS:   13313972 kB
20220313 061452.061 INFO             PET0 PIOc_freedecomp Enter - MemInfo: [/proc/meminfo - SSI]	CommittedPercent: 20.3245 %
20220313 061452.061 INFO             PET0 PIOc_freedecomp Enter - MemInfo: [/proc/self/status]	VmPeak:	  597040 kB
20220313 061452.061 INFO             PET0 PIOc_freedecomp Enter - MemInfo: [/proc/self/status]	VmSize:	  588852 kB
20220313 061452.061 INFO             PET0 PIOc_freedecomp Enter - MemInfo: [/proc/self/status]	VmLck:	       0 kB
20220313 061452.061 INFO             PET0 PIOc_freedecomp Enter - MemInfo: [/proc/self/status]	VmPin:	       0 kB
20220313 061452.061 INFO             PET0 PIOc_freedecomp Enter - MemInfo: [/proc/self/status]	VmHWM:	   75408 kB
20220313 061452.061 INFO             PET0 PIOc_freedecomp Enter - MemInfo: [/proc/self/status]	VmRSS:	   74048 kB
20220313 061452.061 INFO             PET0 PIOc_freedecomp Enter - MemInfo: [/proc/self/status]	VmData:	   99704 kB
20220313 061452.061 INFO             PET0 PIOc_freedecomp Enter - MemInfo: [/proc/self/status]	VmStk:	     148 kB
20220313 061452.061 INFO             PET0 PIOc_freedecomp Enter - MemInfo: [/proc/self/status]	VmExe:	     212 kB
20220313 061452.061 INFO             PET0 PIOc_freedecomp Enter - MemInfo: [/proc/self/status]	VmLib:	   49028 kB
20220313 061452.061 INFO             PET0 PIOc_freedecomp Enter - MemInfo: [/proc/self/status]	VmPTE:	     848 kB
20220313 061452.061 INFO             PET0 PIOc_freedecomp Enter - MemInfo: [/proc/self/status]	VmPMD:	      12 kB
20220313 061452.061 INFO             PET0 PIOc_freedecomp Enter - MemInfo: [/proc/self/status]	VmSwap:	       0 kB
20220313 061452.061 INFO             PET0 PIOc_freedecomp Enter - MemInfo: [/proc/self/status]	VmRSSPercent: 0.113038 %
20220313 061452.061 INFO             PET0 PIOc_freedecomp Enter - MemInfo: [malloc] Non-mmapped space allocated:                89829376 Byte
20220313 061452.061 INFO             PET0 PIOc_freedecomp Enter - MemInfo: [malloc] Space allocated in mmapped regions:          1581056 Byte
20220313 061452.061 INFO             PET0 PIOc_freedecomp Enter - MemInfo: [malloc] Maximum total allocated space:                     0 Byte
20220313 061452.061 INFO             PET0 PIOc_freedecomp Enter - MemInfo: [malloc] Space in freed fastbin blocks:                  2672 Byte
20220313 061452.061 INFO             PET0 PIOc_freedecomp Enter - MemInfo: [malloc] Total allocated space:                      54161872 Byte
20220313 061452.061 INFO             PET0 PIOc_freedecomp Enter - MemInfo: [malloc] Total free space:                           35667504 Byte
20220313 061452.061 INFO             PET0 PIOc_freedecomp Enter - MemInfo: [malloc] Top-most, releasable space:                 16910976 Byte
20220313 061452.061 INFO             PET0 PIOc_freedecomp Enter - MemInfo: [malloc] Total space in use, mmap + non-mmap:        55742928 Byte
20220313 061452.061 INFO             PET0 PIOc_freedecomp Enter - MemInfo: [malloc] Total space held (mmap + non-mmap):         91410432 Byte
20220313 061452.061 INFO             PET0 PIOc_freedecomp Enter - MemInfo: [malloc] Total space used (mmap + non-mmap):         55752256 Byte
20220313 061452.061 INFO             PET0 PIOc_freedecomp Enter - MemInfo: Wall-clock time since execution start:               0.172846 seconds
20220313 061452.061 INFO             PET0 PIOc_freedecomp Exit - MemInfo: [/proc/meminfo - SSI]	MemTotal:       65507008 kB
20220313 061452.061 INFO             PET0 PIOc_freedecomp Exit - MemInfo: [/proc/meminfo - SSI]	MemFree:        49558160 kB
20220313 061452.061 INFO             PET0 PIOc_freedecomp Exit - MemInfo: [/proc/meminfo - SSI]	MemAvailable:   49322268 kB
20220313 061452.061 INFO             PET0 PIOc_freedecomp Exit - MemInfo: [/proc/meminfo - SSI]	Committed_AS:   13313972 kB
20220313 061452.061 INFO             PET0 PIOc_freedecomp Exit - MemInfo: [/proc/meminfo - SSI]	CommittedPercent: 20.3245 %
20220313 061452.061 INFO             PET0 PIOc_freedecomp Exit - MemInfo: [/proc/self/status]	VmPeak:	  597040 kB
20220313 061452.061 INFO             PET0 PIOc_freedecomp Exit - MemInfo: [/proc/self/status]	VmSize:	  588852 kB
20220313 061452.061 INFO             PET0 PIOc_freedecomp Exit - MemInfo: [/proc/self/status]	VmLck:	       0 kB
20220313 061452.061 INFO             PET0 PIOc_freedecomp Exit - MemInfo: [/proc/self/status]	VmPin:	       0 kB
20220313 061452.061 INFO             PET0 PIOc_freedecomp Exit - MemInfo: [/proc/self/status]	VmHWM:	   75408 kB
20220313 061452.061 INFO             PET0 PIOc_freedecomp Exit - MemInfo: [/proc/self/status]	VmRSS:	   74048 kB
20220313 061452.061 INFO             PET0 PIOc_freedecomp Exit - MemInfo: [/proc/self/status]	VmData:	   99704 kB
20220313 061452.061 INFO             PET0 PIOc_freedecomp Exit - MemInfo: [/proc/self/status]	VmStk:	     148 kB
20220313 061452.061 INFO             PET0 PIOc_freedecomp Exit - MemInfo: [/proc/self/status]	VmExe:	     212 kB
20220313 061452.061 INFO             PET0 PIOc_freedecomp Exit - MemInfo: [/proc/self/status]	VmLib:	   49028 kB
20220313 061452.061 INFO             PET0 PIOc_freedecomp Exit - MemInfo: [/proc/self/status]	VmPTE:	     848 kB
20220313 061452.061 INFO             PET0 PIOc_freedecomp Exit - MemInfo: [/proc/self/status]	VmPMD:	      12 kB
20220313 061452.061 INFO             PET0 PIOc_freedecomp Exit - MemInfo: [/proc/self/status]	VmSwap:	       0 kB
20220313 061452.061 INFO             PET0 PIOc_freedecomp Exit - MemInfo: [/proc/self/status]	VmRSSPercent: 0.113038 %
20220313 061452.061 INFO             PET0 PIOc_freedecomp Exit - MemInfo: [malloc] Non-mmapped space allocated:                89829376 Byte
20220313 061452.061 INFO             PET0 PIOc_freedecomp Exit - MemInfo: [malloc] Space allocated in mmapped regions:          1581056 Byte
20220313 061452.061 INFO             PET0 PIOc_freedecomp Exit - MemInfo: [malloc] Maximum total allocated space:                     0 Byte
20220313 061452.061 INFO             PET0 PIOc_freedecomp Exit - MemInfo: [malloc] Space in freed fastbin blocks:                  3344 Byte
20220313 061452.061 INFO             PET0 PIOc_freedecomp Exit - MemInfo: [malloc] Total allocated space:                      54154112 Byte
20220313 061452.061 INFO             PET0 PIOc_freedecomp Exit - MemInfo: [malloc] Total free space:                           35675264 Byte
20220313 061452.061 INFO             PET0 PIOc_freedecomp Exit - MemInfo: [malloc] Top-most, releasable space:                 16910976 Byte
20220313 061452.061 INFO             PET0 PIOc_freedecomp Exit - MemInfo: [malloc] Total space in use, mmap + non-mmap:        55735168 Byte
20220313 061452.061 INFO             PET0 PIOc_freedecomp Exit - MemInfo: [malloc] Total space held (mmap + non-mmap):         91410432 Byte
20220313 061452.061 INFO             PET0 PIOc_freedecomp Exit - MemInfo: [malloc] Total space used (mmap + non-mmap):         55744496 Byte
20220313 061452.061 INFO             PET0 PIOc_freedecomp Exit - MemInfo: Wall-clock time since execution start:               0.173194 seconds
20220313 061452.064 INFO             PET0  PASS  ESMF_FieldRegridStoreFromFile Unit Test, ESMF_FieldSMMFromFileUTest.F90, line 315
20220313 061452.064 INFO             PET0  Ending Test, file ESMF_FieldSMMFromFileUTest.F90, line 322
20220313 061452.064 INFO             PET0 Finalizing ESMF
20220313 061451.890 INFO             PET1 !!!!!!!!!!!!!!!!!!!!!!!!!!!!!!!!!!!!!!!!!!!!!!!!!!!!!!
20220313 061451.891 INFO             PET1 !!! THE ESMF_LOG IS SET TO OUTPUT ALL LOG MESSAGES !!!
20220313 061451.891 INFO             PET1 !!!     THIS MAY CAUSE SLOWDOWN IN PERFORMANCE     !!!
20220313 061451.891 INFO             PET1 !!! FOR PRODUCTION RUNS, USE:                      !!!
20220313 061451.891 INFO             PET1 !!!                   ESMF_LOGKIND_Multi_On_Error  !!!
20220313 061451.891 INFO             PET1 !!!!!!!!!!!!!!!!!!!!!!!!!!!!!!!!!!!!!!!!!!!!!!!!!!!!!!
20220313 061451.891 INFO             PET1 Running with ESMF Version   : v8.3.0b09-96-g559b459836
20220313 061451.891 INFO             PET1 ESMF library build date/time: "Mar 13 2022" "05:58:15"
20220313 061451.891 INFO             PET1 ESMF library build location : /glade/scratch/rlong/esmf-testing/gfortran_7.4.0_openmpi_O_jedwards_pio_update2
20220313 061451.891 INFO             PET1 ESMF_COMM                   : openmpi
20220313 061451.891 INFO             PET1 ESMF_MOAB                   : enabled
20220313 061451.891 INFO             PET1 ESMF_LAPACK                 : enabled
20220313 061451.891 INFO             PET1 ESMF_NETCDF                 : enabled
20220313 061451.891 INFO             PET1 ESMF_PNETCDF                : disabled
20220313 061451.891 INFO             PET1 ESMF_PIO                    : enabled
20220313 061451.891 INFO             PET1 ESMF_YAMLCPP                : enabled
20220313 061451.891 INFO             PET1  Beginning Test, file ESMF_FieldSMMFromFileUTest.F90, line 287
20220313 061451.891 INFO             PET1  NUMBER_OF_PROCESSORS           4
20220313 061452.042 INFO             PET1  PASS  ESMF_FieldSMMFromFile Unit Test, ESMF_FieldSMMFromFileUTest.F90, line 300
20220313 061452.050 INFO             PET1 PIOc_sync Enter - MemInfo: [/proc/meminfo - SSI]	MemTotal:       65507008 kB
20220313 061452.050 INFO             PET1 PIOc_sync Enter - MemInfo: [/proc/meminfo - SSI]	MemFree:        49558160 kB
20220313 061452.050 INFO             PET1 PIOc_sync Enter - MemInfo: [/proc/meminfo - SSI]	MemAvailable:   49322268 kB
20220313 061452.050 INFO             PET1 PIOc_sync Enter - MemInfo: [/proc/meminfo - SSI]	Committed_AS:   13313972 kB
20220313 061452.050 INFO             PET1 PIOc_sync Enter - MemInfo: [/proc/meminfo - SSI]	CommittedPercent: 20.3245 %
20220313 061452.050 INFO             PET1 PIOc_sync Enter - MemInfo: [/proc/self/status]	VmPeak:	  548080 kB
20220313 061452.050 INFO             PET1 PIOc_sync Enter - MemInfo: [/proc/self/status]	VmSize:	  539892 kB
20220313 061452.050 INFO             PET1 PIOc_sync Enter - MemInfo: [/proc/self/status]	VmLck:	       0 kB
20220313 061452.050 INFO             PET1 PIOc_sync Enter - MemInfo: [/proc/self/status]	VmPin:	       0 kB
20220313 061452.050 INFO             PET1 PIOc_sync Enter - MemInfo: [/proc/self/status]	VmHWM:	   61356 kB
20220313 061452.050 INFO             PET1 PIOc_sync Enter - MemInfo: [/proc/self/status]	VmRSS:	   41220 kB
20220313 061452.050 INFO             PET1 PIOc_sync Enter - MemInfo: [/proc/self/status]	VmData:	   50744 kB
20220313 061452.050 INFO             PET1 PIOc_sync Enter - MemInfo: [/proc/self/status]	VmStk:	     148 kB
20220313 061452.050 INFO             PET1 PIOc_sync Enter - MemInfo: [/proc/self/status]	VmExe:	     212 kB
20220313 061452.050 INFO             PET1 PIOc_sync Enter - MemInfo: [/proc/self/status]	VmLib:	   49028 kB
20220313 061452.050 INFO             PET1 PIOc_sync Enter - MemInfo: [/proc/self/status]	VmPTE:	     788 kB
20220313 061452.050 INFO             PET1 PIOc_sync Enter - MemInfo: [/proc/self/status]	VmPMD:	      16 kB
20220313 061452.050 INFO             PET1 PIOc_sync Enter - MemInfo: [/proc/self/status]	VmSwap:	       0 kB
20220313 061452.050 INFO             PET1 PIOc_sync Enter - MemInfo: [/proc/self/status]	VmRSSPercent: 0.0629246 %
20220313 061452.050 INFO             PET1 PIOc_sync Enter - MemInfo: [malloc] Non-mmapped space allocated:                39694336 Byte
20220313 061452.052 INFO             PET1 PIOc_sync Enter - MemInfo: [malloc] Space allocated in mmapped regions:          1581056 Byte
20220313 061452.052 INFO             PET1 PIOc_sync Enter - MemInfo: [malloc] Maximum total allocated space:                     0 Byte
20220313 061452.053 INFO             PET1 PIOc_sync Enter - MemInfo: [malloc] Space in freed fastbin blocks:                   880 Byte
20220313 061452.053 INFO             PET1 PIOc_sync Enter - MemInfo: [malloc] Total allocated space:                      20666544 Byte
20220313 061452.053 INFO             PET1 PIOc_sync Enter - MemInfo: [malloc] Total free space:                           19027792 Byte
20220313 061452.053 INFO             PET1 PIOc_sync Enter - MemInfo: [malloc] Top-most, releasable space:                 16908928 Byte
20220313 061452.053 INFO             PET1 PIOc_sync Enter - MemInfo: [malloc] Total space in use, mmap + non-mmap:        22247600 Byte
20220313 061452.053 INFO             PET1 PIOc_sync Enter - MemInfo: [malloc] Total space held (mmap + non-mmap):         41275392 Byte
20220313 061452.053 INFO             PET1 PIOc_sync Enter - MemInfo: [malloc] Total space used (mmap + non-mmap):         22256928 Byte
20220313 061452.053 INFO             PET1 PIOc_sync Enter - MemInfo: Wall-clock time since execution start:               0.164582 seconds
20220313 061452.053 INFO             PET1 PIOc_sync Exit - MemInfo: [/proc/meminfo - SSI]	MemTotal:       65507008 kB
20220313 061452.053 INFO             PET1 PIOc_sync Exit - MemInfo: [/proc/meminfo - SSI]	MemFree:        49558160 kB
20220313 061452.053 INFO             PET1 PIOc_sync Exit - MemInfo: [/proc/meminfo - SSI]	MemAvailable:   49322268 kB
20220313 061452.053 INFO             PET1 PIOc_sync Exit - MemInfo: [/proc/meminfo - SSI]	Committed_AS:   13313972 kB
20220313 061452.053 INFO             PET1 PIOc_sync Exit - MemInfo: [/proc/meminfo - SSI]	CommittedPercent: 20.3245 %
20220313 061452.053 INFO             PET1 PIOc_sync Exit - MemInfo: [/proc/self/status]	VmPeak:	  548080 kB
20220313 061452.053 INFO             PET1 PIOc_sync Exit - MemInfo: [/proc/self/status]	VmSize:	  539892 kB
20220313 061452.053 INFO             PET1 PIOc_sync Exit - MemInfo: [/proc/self/status]	VmLck:	       0 kB
20220313 061452.053 INFO             PET1 PIOc_sync Exit - MemInfo: [/proc/self/status]	VmPin:	       0 kB
20220313 061452.053 INFO             PET1 PIOc_sync Exit - MemInfo: [/proc/self/status]	VmHWM:	   61356 kB
20220313 061452.053 INFO             PET1 PIOc_sync Exit - MemInfo: [/proc/self/status]	VmRSS:	   41280 kB
20220313 061452.053 INFO             PET1 PIOc_sync Exit - MemInfo: [/proc/self/status]	VmData:	   50744 kB
20220313 061452.053 INFO             PET1 PIOc_sync Exit - MemInfo: [/proc/self/status]	VmStk:	     148 kB
20220313 061452.053 INFO             PET1 PIOc_sync Exit - MemInfo: [/proc/self/status]	VmExe:	     212 kB
20220313 061452.053 INFO             PET1 PIOc_sync Exit - MemInfo: [/proc/self/status]	VmLib:	   49028 kB
20220313 061452.053 INFO             PET1 PIOc_sync Exit - MemInfo: [/proc/self/status]	VmPTE:	     788 kB
20220313 061452.053 INFO             PET1 PIOc_sync Exit - MemInfo: [/proc/self/status]	VmPMD:	      16 kB
20220313 061452.053 INFO             PET1 PIOc_sync Exit - MemInfo: [/proc/self/status]	VmSwap:	       0 kB
20220313 061452.053 INFO             PET1 PIOc_sync Exit - MemInfo: [/proc/self/status]	VmRSSPercent: 0.0630162 %
20220313 061452.053 INFO             PET1 PIOc_sync Exit - MemInfo: [malloc] Non-mmapped space allocated:                39694336 Byte
20220313 061452.053 INFO             PET1 PIOc_sync Exit - MemInfo: [malloc] Space allocated in mmapped regions:          1581056 Byte
20220313 061452.053 INFO             PET1 PIOc_sync Exit - MemInfo: [malloc] Maximum total allocated space:                     0 Byte
20220313 061452.053 INFO             PET1 PIOc_sync Exit - MemInfo: [malloc] Space in freed fastbin blocks:                  1296 Byte
20220313 061452.053 INFO             PET1 PIOc_sync Exit - MemInfo: [malloc] Total allocated space:                      20665968 Byte
20220313 061452.053 INFO             PET1 PIOc_sync Exit - MemInfo: [malloc] Total free space:                           19028368 Byte
20220313 061452.053 INFO             PET1 PIOc_sync Exit - MemInfo: [malloc] Top-most, releasable space:                 16908928 Byte
20220313 061452.053 INFO             PET1 PIOc_sync Exit - MemInfo: [malloc] Total space in use, mmap + non-mmap:        22247024 Byte
20220313 061452.053 INFO             PET1 PIOc_sync Exit - MemInfo: [malloc] Total space held (mmap + non-mmap):         41275392 Byte
20220313 061452.053 INFO             PET1 PIOc_sync Exit - MemInfo: [malloc] Total space used (mmap + non-mmap):         22256352 Byte
20220313 061452.053 INFO             PET1 PIOc_sync Exit - MemInfo: Wall-clock time since execution start:               0.165228 seconds
20220313 061452.053 INFO             PET1 PIOc_freedecomp Enter - MemInfo: [/proc/meminfo - SSI]	MemTotal:       65507008 kB
20220313 061452.053 INFO             PET1 PIOc_freedecomp Enter - MemInfo: [/proc/meminfo - SSI]	MemFree:        49558160 kB
20220313 061452.053 INFO             PET1 PIOc_freedecomp Enter - MemInfo: [/proc/meminfo - SSI]	MemAvailable:   49322268 kB
20220313 061452.053 INFO             PET1 PIOc_freedecomp Enter - MemInfo: [/proc/meminfo - SSI]	Committed_AS:   13313972 kB
20220313 061452.053 INFO             PET1 PIOc_freedecomp Enter - MemInfo: [/proc/meminfo - SSI]	CommittedPercent: 20.3245 %
20220313 061452.053 INFO             PET1 PIOc_freedecomp Enter - MemInfo: [/proc/self/status]	VmPeak:	  548080 kB
20220313 061452.053 INFO             PET1 PIOc_freedecomp Enter - MemInfo: [/proc/self/status]	VmSize:	  539892 kB
20220313 061452.053 INFO             PET1 PIOc_freedecomp Enter - MemInfo: [/proc/self/status]	VmLck:	       0 kB
20220313 061452.053 INFO             PET1 PIOc_freedecomp Enter - MemInfo: [/proc/self/status]	VmPin:	       0 kB
20220313 061452.053 INFO             PET1 PIOc_freedecomp Enter - MemInfo: [/proc/self/status]	VmHWM:	   61356 kB
20220313 061452.053 INFO             PET1 PIOc_freedecomp Enter - MemInfo: [/proc/self/status]	VmRSS:	   41280 kB
20220313 061452.053 INFO             PET1 PIOc_freedecomp Enter - MemInfo: [/proc/self/status]	VmData:	   50744 kB
20220313 061452.053 INFO             PET1 PIOc_freedecomp Enter - MemInfo: [/proc/self/status]	VmStk:	     148 kB
20220313 061452.053 INFO             PET1 PIOc_freedecomp Enter - MemInfo: [/proc/self/status]	VmExe:	     212 kB
20220313 061452.053 INFO             PET1 PIOc_freedecomp Enter - MemInfo: [/proc/self/status]	VmLib:	   49028 kB
20220313 061452.053 INFO             PET1 PIOc_freedecomp Enter - MemInfo: [/proc/self/status]	VmPTE:	     788 kB
20220313 061452.053 INFO             PET1 PIOc_freedecomp Enter - MemInfo: [/proc/self/status]	VmPMD:	      16 kB
20220313 061452.053 INFO             PET1 PIOc_freedecomp Enter - MemInfo: [/proc/self/status]	VmSwap:	       0 kB
20220313 061452.053 INFO             PET1 PIOc_freedecomp Enter - MemInfo: [/proc/self/status]	VmRSSPercent: 0.0630162 %
20220313 061452.054 INFO             PET1 PIOc_freedecomp Enter - MemInfo: [malloc] Non-mmapped space allocated:                39694336 Byte
20220313 061452.054 INFO             PET1 PIOc_freedecomp Enter - MemInfo: [malloc] Space allocated in mmapped regions:          1581056 Byte
20220313 061452.054 INFO             PET1 PIOc_freedecomp Enter - MemInfo: [malloc] Maximum total allocated space:                     0 Byte
20220313 061452.054 INFO             PET1 PIOc_freedecomp Enter - MemInfo: [malloc] Space in freed fastbin blocks:                  1456 Byte
20220313 061452.054 INFO             PET1 PIOc_freedecomp Enter - MemInfo: [malloc] Total allocated space:                      20664288 Byte
20220313 061452.054 INFO             PET1 PIOc_freedecomp Enter - MemInfo: [malloc] Total free space:                           19030048 Byte
20220313 061452.054 INFO             PET1 PIOc_freedecomp Enter - MemInfo: [malloc] Top-most, releasable space:                 16908928 Byte
20220313 061452.054 INFO             PET1 PIOc_freedecomp Enter - MemInfo: [malloc] Total space in use, mmap + non-mmap:        22245344 Byte
20220313 061452.054 INFO             PET1 PIOc_freedecomp Enter - MemInfo: [malloc] Total space held (mmap + non-mmap):         41275392 Byte
20220313 061452.054 INFO             PET1 PIOc_freedecomp Enter - MemInfo: [malloc] Total space used (mmap + non-mmap):         22254672 Byte
20220313 061452.054 INFO             PET1 PIOc_freedecomp Enter - MemInfo: Wall-clock time since execution start:               0.165597 seconds
20220313 061452.054 INFO             PET1 PIOc_freedecomp Exit - MemInfo: [/proc/meminfo - SSI]	MemTotal:       65507008 kB
20220313 061452.054 INFO             PET1 PIOc_freedecomp Exit - MemInfo: [/proc/meminfo - SSI]	MemFree:        49558160 kB
20220313 061452.054 INFO             PET1 PIOc_freedecomp Exit - MemInfo: [/proc/meminfo - SSI]	MemAvailable:   49322268 kB
20220313 061452.054 INFO             PET1 PIOc_freedecomp Exit - MemInfo: [/proc/meminfo - SSI]	Committed_AS:   13313972 kB
20220313 061452.054 INFO             PET1 PIOc_freedecomp Exit - MemInfo: [/proc/meminfo - SSI]	CommittedPercent: 20.3245 %
20220313 061452.054 INFO             PET1 PIOc_freedecomp Exit - MemInfo: [/proc/self/status]	VmPeak:	  548080 kB
20220313 061452.054 INFO             PET1 PIOc_freedecomp Exit - MemInfo: [/proc/self/status]	VmSize:	  539892 kB
20220313 061452.054 INFO             PET1 PIOc_freedecomp Exit - MemInfo: [/proc/self/status]	VmLck:	       0 kB
20220313 061452.054 INFO             PET1 PIOc_freedecomp Exit - MemInfo: [/proc/self/status]	VmPin:	       0 kB
20220313 061452.054 INFO             PET1 PIOc_freedecomp Exit - MemInfo: [/proc/self/status]	VmHWM:	   61356 kB
20220313 061452.054 INFO             PET1 PIOc_freedecomp Exit - MemInfo: [/proc/self/status]	VmRSS:	   41280 kB
20220313 061452.054 INFO             PET1 PIOc_freedecomp Exit - MemInfo: [/proc/self/status]	VmData:	   50744 kB
20220313 061452.054 INFO             PET1 PIOc_freedecomp Exit - MemInfo: [/proc/self/status]	VmStk:	     148 kB
20220313 061452.054 INFO             PET1 PIOc_freedecomp Exit - MemInfo: [/proc/self/status]	VmExe:	     212 kB
20220313 061452.054 INFO             PET1 PIOc_freedecomp Exit - MemInfo: [/proc/self/status]	VmLib:	   49028 kB
20220313 061452.054 INFO             PET1 PIOc_freedecomp Exit - MemInfo: [/proc/self/status]	VmPTE:	     788 kB
20220313 061452.054 INFO             PET1 PIOc_freedecomp Exit - MemInfo: [/proc/self/status]	VmPMD:	      16 kB
20220313 061452.054 INFO             PET1 PIOc_freedecomp Exit - MemInfo: [/proc/self/status]	VmSwap:	       0 kB
20220313 061452.054 INFO             PET1 PIOc_freedecomp Exit - MemInfo: [/proc/self/status]	VmRSSPercent: 0.0630162 %
20220313 061452.054 INFO             PET1 PIOc_freedecomp Exit - MemInfo: [malloc] Non-mmapped space allocated:                39694336 Byte
20220313 061452.054 INFO             PET1 PIOc_freedecomp Exit - MemInfo: [malloc] Space allocated in mmapped regions:          1581056 Byte
20220313 061452.054 INFO             PET1 PIOc_freedecomp Exit - MemInfo: [malloc] Maximum total allocated space:                     0 Byte
20220313 061452.054 INFO             PET1 PIOc_freedecomp Exit - MemInfo: [malloc] Space in freed fastbin blocks:                  1808 Byte
20220313 061452.054 INFO             PET1 PIOc_freedecomp Exit - MemInfo: [malloc] Total allocated space:                      20661360 Byte
20220313 061452.054 INFO             PET1 PIOc_freedecomp Exit - MemInfo: [malloc] Total free space:                           19032976 Byte
20220313 061452.054 INFO             PET1 PIOc_freedecomp Exit - MemInfo: [malloc] Top-most, releasable space:                 16908928 Byte
20220313 061452.054 INFO             PET1 PIOc_freedecomp Exit - MemInfo: [malloc] Total space in use, mmap + non-mmap:        22242416 Byte
20220313 061452.054 INFO             PET1 PIOc_freedecomp Exit - MemInfo: [malloc] Total space held (mmap + non-mmap):         41275392 Byte
20220313 061452.054 INFO             PET1 PIOc_freedecomp Exit - MemInfo: [malloc] Total space used (mmap + non-mmap):         22251744 Byte
20220313 061452.054 INFO             PET1 PIOc_freedecomp Exit - MemInfo: Wall-clock time since execution start:               0.165941 seconds
20220313 061452.055 INFO             PET1 PIOc_sync Enter - MemInfo: [/proc/meminfo - SSI]	MemTotal:       65507008 kB
20220313 061452.055 INFO             PET1 PIOc_sync Enter - MemInfo: [/proc/meminfo - SSI]	MemFree:        49558160 kB
20220313 061452.055 INFO             PET1 PIOc_sync Enter - MemInfo: [/proc/meminfo - SSI]	MemAvailable:   49322268 kB
20220313 061452.055 INFO             PET1 PIOc_sync Enter - MemInfo: [/proc/meminfo - SSI]	Committed_AS:   13313972 kB
20220313 061452.055 INFO             PET1 PIOc_sync Enter - MemInfo: [/proc/meminfo - SSI]	CommittedPercent: 20.3245 %
20220313 061452.055 INFO             PET1 PIOc_sync Enter - MemInfo: [/proc/self/status]	VmPeak:	  548080 kB
20220313 061452.056 INFO             PET1 PIOc_sync Enter - MemInfo: [/proc/self/status]	VmSize:	  539892 kB
20220313 061452.056 INFO             PET1 PIOc_sync Enter - MemInfo: [/proc/self/status]	VmLck:	       0 kB
20220313 061452.056 INFO             PET1 PIOc_sync Enter - MemInfo: [/proc/self/status]	VmPin:	       0 kB
20220313 061452.056 INFO             PET1 PIOc_sync Enter - MemInfo: [/proc/self/status]	VmHWM:	   61356 kB
20220313 061452.056 INFO             PET1 PIOc_sync Enter - MemInfo: [/proc/self/status]	VmRSS:	   41284 kB
20220313 061452.056 INFO             PET1 PIOc_sync Enter - MemInfo: [/proc/self/status]	VmData:	   50744 kB
20220313 061452.056 INFO             PET1 PIOc_sync Enter - MemInfo: [/proc/self/status]	VmStk:	     148 kB
20220313 061452.056 INFO             PET1 PIOc_sync Enter - MemInfo: [/proc/self/status]	VmExe:	     212 kB
20220313 061452.056 INFO             PET1 PIOc_sync Enter - MemInfo: [/proc/self/status]	VmLib:	   49028 kB
20220313 061452.056 INFO             PET1 PIOc_sync Enter - MemInfo: [/proc/self/status]	VmPTE:	     788 kB
20220313 061452.056 INFO             PET1 PIOc_sync Enter - MemInfo: [/proc/self/status]	VmPMD:	      16 kB
20220313 061452.056 INFO             PET1 PIOc_sync Enter - MemInfo: [/proc/self/status]	VmSwap:	       0 kB
20220313 061452.056 INFO             PET1 PIOc_sync Enter - MemInfo: [/proc/self/status]	VmRSSPercent: 0.0630223 %
20220313 061452.056 INFO             PET1 PIOc_sync Enter - MemInfo: [malloc] Non-mmapped space allocated:                39694336 Byte
20220313 061452.056 INFO             PET1 PIOc_sync Enter - MemInfo: [malloc] Space allocated in mmapped regions:          1581056 Byte
20220313 061452.056 INFO             PET1 PIOc_sync Enter - MemInfo: [malloc] Maximum total allocated space:                     0 Byte
20220313 061452.056 INFO             PET1 PIOc_sync Enter - MemInfo: [malloc] Space in freed fastbin blocks:                  2800 Byte
20220313 061452.056 INFO             PET1 PIOc_sync Enter - MemInfo: [malloc] Total allocated space:                      20666400 Byte
20220313 061452.056 INFO             PET1 PIOc_sync Enter - MemInfo: [malloc] Total free space:                           19027936 Byte
20220313 061452.056 INFO             PET1 PIOc_sync Enter - MemInfo: [malloc] Top-most, releasable space:                 16908928 Byte
20220313 061452.056 INFO             PET1 PIOc_sync Enter - MemInfo: [malloc] Total space in use, mmap + non-mmap:        22247456 Byte
20220313 061452.056 INFO             PET1 PIOc_sync Enter - MemInfo: [malloc] Total space held (mmap + non-mmap):         41275392 Byte
20220313 061452.056 INFO             PET1 PIOc_sync Enter - MemInfo: [malloc] Total space used (mmap + non-mmap):         22256784 Byte
20220313 061452.056 INFO             PET1 PIOc_sync Enter - MemInfo: Wall-clock time since execution start:               0.167734 seconds
20220313 061452.056 INFO             PET1 PIOc_sync Exit - MemInfo: [/proc/meminfo - SSI]	MemTotal:       65507008 kB
20220313 061452.056 INFO             PET1 PIOc_sync Exit - MemInfo: [/proc/meminfo - SSI]	MemFree:        49558160 kB
20220313 061452.056 INFO             PET1 PIOc_sync Exit - MemInfo: [/proc/meminfo - SSI]	MemAvailable:   49322268 kB
20220313 061452.056 INFO             PET1 PIOc_sync Exit - MemInfo: [/proc/meminfo - SSI]	Committed_AS:   13313972 kB
20220313 061452.056 INFO             PET1 PIOc_sync Exit - MemInfo: [/proc/meminfo - SSI]	CommittedPercent: 20.3245 %
20220313 061452.056 INFO             PET1 PIOc_sync Exit - MemInfo: [/proc/self/status]	VmPeak:	  548080 kB
20220313 061452.056 INFO             PET1 PIOc_sync Exit - MemInfo: [/proc/self/status]	VmSize:	  539892 kB
20220313 061452.056 INFO             PET1 PIOc_sync Exit - MemInfo: [/proc/self/status]	VmLck:	       0 kB
20220313 061452.056 INFO             PET1 PIOc_sync Exit - MemInfo: [/proc/self/status]	VmPin:	       0 kB
20220313 061452.056 INFO             PET1 PIOc_sync Exit - MemInfo: [/proc/self/status]	VmHWM:	   61356 kB
20220313 061452.056 INFO             PET1 PIOc_sync Exit - MemInfo: [/proc/self/status]	VmRSS:	   41284 kB
20220313 061452.056 INFO             PET1 PIOc_sync Exit - MemInfo: [/proc/self/status]	VmData:	   50744 kB
20220313 061452.056 INFO             PET1 PIOc_sync Exit - MemInfo: [/proc/self/status]	VmStk:	     148 kB
20220313 061452.056 INFO             PET1 PIOc_sync Exit - MemInfo: [/proc/self/status]	VmExe:	     212 kB
20220313 061452.056 INFO             PET1 PIOc_sync Exit - MemInfo: [/proc/self/status]	VmLib:	   49028 kB
20220313 061452.056 INFO             PET1 PIOc_sync Exit - MemInfo: [/proc/self/status]	VmPTE:	     788 kB
20220313 061452.056 INFO             PET1 PIOc_sync Exit - MemInfo: [/proc/self/status]	VmPMD:	      16 kB
20220313 061452.056 INFO             PET1 PIOc_sync Exit - MemInfo: [/proc/self/status]	VmSwap:	       0 kB
20220313 061452.056 INFO             PET1 PIOc_sync Exit - MemInfo: [/proc/self/status]	VmRSSPercent: 0.0630223 %
20220313 061452.056 INFO             PET1 PIOc_sync Exit - MemInfo: [malloc] Non-mmapped space allocated:                39694336 Byte
20220313 061452.056 INFO             PET1 PIOc_sync Exit - MemInfo: [malloc] Space allocated in mmapped regions:          1581056 Byte
20220313 061452.056 INFO             PET1 PIOc_sync Exit - MemInfo: [malloc] Maximum total allocated space:                     0 Byte
20220313 061452.056 INFO             PET1 PIOc_sync Exit - MemInfo: [malloc] Space in freed fastbin blocks:                  1296 Byte
20220313 061452.056 INFO             PET1 PIOc_sync Exit - MemInfo: [malloc] Total allocated space:                      20666080 Byte
20220313 061452.056 INFO             PET1 PIOc_sync Exit - MemInfo: [malloc] Total free space:                           19028256 Byte
20220313 061452.056 INFO             PET1 PIOc_sync Exit - MemInfo: [malloc] Top-most, releasable space:                 16908928 Byte
20220313 061452.056 INFO             PET1 PIOc_sync Exit - MemInfo: [malloc] Total space in use, mmap + non-mmap:        22247136 Byte
20220313 061452.056 INFO             PET1 PIOc_sync Exit - MemInfo: [malloc] Total space held (mmap + non-mmap):         41275392 Byte
20220313 061452.056 INFO             PET1 PIOc_sync Exit - MemInfo: [malloc] Total space used (mmap + non-mmap):         22256464 Byte
20220313 061452.056 INFO             PET1 PIOc_sync Exit - MemInfo: Wall-clock time since execution start:                0.16814 seconds
20220313 061452.056 INFO             PET1 PIOc_freedecomp Enter - MemInfo: [/proc/meminfo - SSI]	MemTotal:       65507008 kB
20220313 061452.056 INFO             PET1 PIOc_freedecomp Enter - MemInfo: [/proc/meminfo - SSI]	MemFree:        49558160 kB
20220313 061452.056 INFO             PET1 PIOc_freedecomp Enter - MemInfo: [/proc/meminfo - SSI]	MemAvailable:   49322268 kB
20220313 061452.056 INFO             PET1 PIOc_freedecomp Enter - MemInfo: [/proc/meminfo - SSI]	Committed_AS:   13313972 kB
20220313 061452.056 INFO             PET1 PIOc_freedecomp Enter - MemInfo: [/proc/meminfo - SSI]	CommittedPercent: 20.3245 %
20220313 061452.056 INFO             PET1 PIOc_freedecomp Enter - MemInfo: [/proc/self/status]	VmPeak:	  548080 kB
20220313 061452.056 INFO             PET1 PIOc_freedecomp Enter - MemInfo: [/proc/self/status]	VmSize:	  539892 kB
20220313 061452.056 INFO             PET1 PIOc_freedecomp Enter - MemInfo: [/proc/self/status]	VmLck:	       0 kB
20220313 061452.056 INFO             PET1 PIOc_freedecomp Enter - MemInfo: [/proc/self/status]	VmPin:	       0 kB
20220313 061452.056 INFO             PET1 PIOc_freedecomp Enter - MemInfo: [/proc/self/status]	VmHWM:	   61356 kB
20220313 061452.056 INFO             PET1 PIOc_freedecomp Enter - MemInfo: [/proc/self/status]	VmRSS:	   41284 kB
20220313 061452.056 INFO             PET1 PIOc_freedecomp Enter - MemInfo: [/proc/self/status]	VmData:	   50744 kB
20220313 061452.056 INFO             PET1 PIOc_freedecomp Enter - MemInfo: [/proc/self/status]	VmStk:	     148 kB
20220313 061452.056 INFO             PET1 PIOc_freedecomp Enter - MemInfo: [/proc/self/status]	VmExe:	     212 kB
20220313 061452.056 INFO             PET1 PIOc_freedecomp Enter - MemInfo: [/proc/self/status]	VmLib:	   49028 kB
20220313 061452.056 INFO             PET1 PIOc_freedecomp Enter - MemInfo: [/proc/self/status]	VmPTE:	     788 kB
20220313 061452.056 INFO             PET1 PIOc_freedecomp Enter - MemInfo: [/proc/self/status]	VmPMD:	      16 kB
20220313 061452.056 INFO             PET1 PIOc_freedecomp Enter - MemInfo: [/proc/self/status]	VmSwap:	       0 kB
20220313 061452.056 INFO             PET1 PIOc_freedecomp Enter - MemInfo: [/proc/self/status]	VmRSSPercent: 0.0630223 %
20220313 061452.056 INFO             PET1 PIOc_freedecomp Enter - MemInfo: [malloc] Non-mmapped space allocated:                39694336 Byte
20220313 061452.056 INFO             PET1 PIOc_freedecomp Enter - MemInfo: [malloc] Space allocated in mmapped regions:          1581056 Byte
20220313 061452.056 INFO             PET1 PIOc_freedecomp Enter - MemInfo: [malloc] Maximum total allocated space:                     0 Byte
20220313 061452.056 INFO             PET1 PIOc_freedecomp Enter - MemInfo: [malloc] Space in freed fastbin blocks:                  1456 Byte
20220313 061452.056 INFO             PET1 PIOc_freedecomp Enter - MemInfo: [malloc] Total allocated space:                      20664256 Byte
20220313 061452.056 INFO             PET1 PIOc_freedecomp Enter - MemInfo: [malloc] Total free space:                           19030080 Byte
20220313 061452.056 INFO             PET1 PIOc_freedecomp Enter - MemInfo: [malloc] Top-most, releasable space:                 16908928 Byte
20220313 061452.056 INFO             PET1 PIOc_freedecomp Enter - MemInfo: [malloc] Total space in use, mmap + non-mmap:        22245312 Byte
20220313 061452.056 INFO             PET1 PIOc_freedecomp Enter - MemInfo: [malloc] Total space held (mmap + non-mmap):         41275392 Byte
20220313 061452.057 INFO             PET1 PIOc_freedecomp Enter - MemInfo: [malloc] Total space used (mmap + non-mmap):         22254640 Byte
20220313 061452.057 INFO             PET1 PIOc_freedecomp Enter - MemInfo: Wall-clock time since execution start:               0.168507 seconds
20220313 061452.057 INFO             PET1 PIOc_freedecomp Exit - MemInfo: [/proc/meminfo - SSI]	MemTotal:       65507008 kB
20220313 061452.057 INFO             PET1 PIOc_freedecomp Exit - MemInfo: [/proc/meminfo - SSI]	MemFree:        49558160 kB
20220313 061452.057 INFO             PET1 PIOc_freedecomp Exit - MemInfo: [/proc/meminfo - SSI]	MemAvailable:   49322268 kB
20220313 061452.057 INFO             PET1 PIOc_freedecomp Exit - MemInfo: [/proc/meminfo - SSI]	Committed_AS:   13313972 kB
20220313 061452.057 INFO             PET1 PIOc_freedecomp Exit - MemInfo: [/proc/meminfo - SSI]	CommittedPercent: 20.3245 %
20220313 061452.057 INFO             PET1 PIOc_freedecomp Exit - MemInfo: [/proc/self/status]	VmPeak:	  548080 kB
20220313 061452.057 INFO             PET1 PIOc_freedecomp Exit - MemInfo: [/proc/self/status]	VmSize:	  539892 kB
20220313 061452.057 INFO             PET1 PIOc_freedecomp Exit - MemInfo: [/proc/self/status]	VmLck:	       0 kB
20220313 061452.057 INFO             PET1 PIOc_freedecomp Exit - MemInfo: [/proc/self/status]	VmPin:	       0 kB
20220313 061452.057 INFO             PET1 PIOc_freedecomp Exit - MemInfo: [/proc/self/status]	VmHWM:	   61356 kB
20220313 061452.057 INFO             PET1 PIOc_freedecomp Exit - MemInfo: [/proc/self/status]	VmRSS:	   41284 kB
20220313 061452.057 INFO             PET1 PIOc_freedecomp Exit - MemInfo: [/proc/self/status]	VmData:	   50744 kB
20220313 061452.057 INFO             PET1 PIOc_freedecomp Exit - MemInfo: [/proc/self/status]	VmStk:	     148 kB
20220313 061452.057 INFO             PET1 PIOc_freedecomp Exit - MemInfo: [/proc/self/status]	VmExe:	     212 kB
20220313 061452.057 INFO             PET1 PIOc_freedecomp Exit - MemInfo: [/proc/self/status]	VmLib:	   49028 kB
20220313 061452.057 INFO             PET1 PIOc_freedecomp Exit - MemInfo: [/proc/self/status]	VmPTE:	     788 kB
20220313 061452.057 INFO             PET1 PIOc_freedecomp Exit - MemInfo: [/proc/self/status]	VmPMD:	      16 kB
20220313 061452.057 INFO             PET1 PIOc_freedecomp Exit - MemInfo: [/proc/self/status]	VmSwap:	       0 kB
20220313 061452.057 INFO             PET1 PIOc_freedecomp Exit - MemInfo: [/proc/self/status]	VmRSSPercent: 0.0630223 %
20220313 061452.057 INFO             PET1 PIOc_freedecomp Exit - MemInfo: [malloc] Non-mmapped space allocated:                39694336 Byte
20220313 061452.057 INFO             PET1 PIOc_freedecomp Exit - MemInfo: [malloc] Space allocated in mmapped regions:          1581056 Byte
20220313 061452.057 INFO             PET1 PIOc_freedecomp Exit - MemInfo: [malloc] Maximum total allocated space:                     0 Byte
20220313 061452.057 INFO             PET1 PIOc_freedecomp Exit - MemInfo: [malloc] Space in freed fastbin blocks:                  1808 Byte
20220313 061452.057 INFO             PET1 PIOc_freedecomp Exit - MemInfo: [malloc] Total allocated space:                      20661328 Byte
20220313 061452.057 INFO             PET1 PIOc_freedecomp Exit - MemInfo: [malloc] Total free space:                           19033008 Byte
20220313 061452.057 INFO             PET1 PIOc_freedecomp Exit - MemInfo: [malloc] Top-most, releasable space:                 16908928 Byte
20220313 061452.057 INFO             PET1 PIOc_freedecomp Exit - MemInfo: [malloc] Total space in use, mmap + non-mmap:        22242384 Byte
20220313 061452.057 INFO             PET1 PIOc_freedecomp Exit - MemInfo: [malloc] Total space held (mmap + non-mmap):         41275392 Byte
20220313 061452.057 INFO             PET1 PIOc_freedecomp Exit - MemInfo: [malloc] Total space used (mmap + non-mmap):         22251712 Byte
20220313 061452.057 INFO             PET1 PIOc_freedecomp Exit - MemInfo: Wall-clock time since execution start:               0.168855 seconds
20220313 061452.058 INFO             PET1 PIOc_sync Enter - MemInfo: [/proc/meminfo - SSI]	MemTotal:       65507008 kB
20220313 061452.058 INFO             PET1 PIOc_sync Enter - MemInfo: [/proc/meminfo - SSI]	MemFree:        49558160 kB
20220313 061452.058 INFO             PET1 PIOc_sync Enter - MemInfo: [/proc/meminfo - SSI]	MemAvailable:   49322268 kB
20220313 061452.058 INFO             PET1 PIOc_sync Enter - MemInfo: [/proc/meminfo - SSI]	Committed_AS:   13313972 kB
20220313 061452.058 INFO             PET1 PIOc_sync Enter - MemInfo: [/proc/meminfo - SSI]	CommittedPercent: 20.3245 %
20220313 061452.058 INFO             PET1 PIOc_sync Enter - MemInfo: [/proc/self/status]	VmPeak:	  548080 kB
20220313 061452.058 INFO             PET1 PIOc_sync Enter - MemInfo: [/proc/self/status]	VmSize:	  539892 kB
20220313 061452.058 INFO             PET1 PIOc_sync Enter - MemInfo: [/proc/self/status]	VmLck:	       0 kB
20220313 061452.058 INFO             PET1 PIOc_sync Enter - MemInfo: [/proc/self/status]	VmPin:	       0 kB
20220313 061452.058 INFO             PET1 PIOc_sync Enter - MemInfo: [/proc/self/status]	VmHWM:	   61356 kB
20220313 061452.058 INFO             PET1 PIOc_sync Enter - MemInfo: [/proc/self/status]	VmRSS:	   41284 kB
20220313 061452.058 INFO             PET1 PIOc_sync Enter - MemInfo: [/proc/self/status]	VmData:	   50744 kB
20220313 061452.058 INFO             PET1 PIOc_sync Enter - MemInfo: [/proc/self/status]	VmStk:	     148 kB
20220313 061452.058 INFO             PET1 PIOc_sync Enter - MemInfo: [/proc/self/status]	VmExe:	     212 kB
20220313 061452.058 INFO             PET1 PIOc_sync Enter - MemInfo: [/proc/self/status]	VmLib:	   49028 kB
20220313 061452.058 INFO             PET1 PIOc_sync Enter - MemInfo: [/proc/self/status]	VmPTE:	     788 kB
20220313 061452.058 INFO             PET1 PIOc_sync Enter - MemInfo: [/proc/self/status]	VmPMD:	      16 kB
20220313 061452.058 INFO             PET1 PIOc_sync Enter - MemInfo: [/proc/self/status]	VmSwap:	       0 kB
20220313 061452.058 INFO             PET1 PIOc_sync Enter - MemInfo: [/proc/self/status]	VmRSSPercent: 0.0630223 %
20220313 061452.058 INFO             PET1 PIOc_sync Enter - MemInfo: [malloc] Non-mmapped space allocated:                39694336 Byte
20220313 061452.058 INFO             PET1 PIOc_sync Enter - MemInfo: [malloc] Space allocated in mmapped regions:          1581056 Byte
20220313 061452.058 INFO             PET1 PIOc_sync Enter - MemInfo: [malloc] Maximum total allocated space:                     0 Byte
20220313 061452.058 INFO             PET1 PIOc_sync Enter - MemInfo: [malloc] Space in freed fastbin blocks:                  2800 Byte
20220313 061452.058 INFO             PET1 PIOc_sync Enter - MemInfo: [malloc] Total allocated space:                      20666608 Byte
20220313 061452.058 INFO             PET1 PIOc_sync Enter - MemInfo: [malloc] Total free space:                           19027728 Byte
20220313 061452.058 INFO             PET1 PIOc_sync Enter - MemInfo: [malloc] Top-most, releasable space:                 16908928 Byte
20220313 061452.058 INFO             PET1 PIOc_sync Enter - MemInfo: [malloc] Total space in use, mmap + non-mmap:        22247664 Byte
20220313 061452.058 INFO             PET1 PIOc_sync Enter - MemInfo: [malloc] Total space held (mmap + non-mmap):         41275392 Byte
20220313 061452.058 INFO             PET1 PIOc_sync Enter - MemInfo: [malloc] Total space used (mmap + non-mmap):         22256992 Byte
20220313 061452.058 INFO             PET1 PIOc_sync Enter - MemInfo: Wall-clock time since execution start:               0.169959 seconds
20220313 061452.060 INFO             PET1 PIOc_sync Exit - MemInfo: [/proc/meminfo - SSI]	MemTotal:       65507008 kB
20220313 061452.060 INFO             PET1 PIOc_sync Exit - MemInfo: [/proc/meminfo - SSI]	MemFree:        49558160 kB
20220313 061452.060 INFO             PET1 PIOc_sync Exit - MemInfo: [/proc/meminfo - SSI]	MemAvailable:   49322268 kB
20220313 061452.060 INFO             PET1 PIOc_sync Exit - MemInfo: [/proc/meminfo - SSI]	Committed_AS:   13313972 kB
20220313 061452.060 INFO             PET1 PIOc_sync Exit - MemInfo: [/proc/meminfo - SSI]	CommittedPercent: 20.3245 %
20220313 061452.060 INFO             PET1 PIOc_sync Exit - MemInfo: [/proc/self/status]	VmPeak:	  548080 kB
20220313 061452.060 INFO             PET1 PIOc_sync Exit - MemInfo: [/proc/self/status]	VmSize:	  539892 kB
20220313 061452.060 INFO             PET1 PIOc_sync Exit - MemInfo: [/proc/self/status]	VmLck:	       0 kB
20220313 061452.060 INFO             PET1 PIOc_sync Exit - MemInfo: [/proc/self/status]	VmPin:	       0 kB
20220313 061452.060 INFO             PET1 PIOc_sync Exit - MemInfo: [/proc/self/status]	VmHWM:	   61356 kB
20220313 061452.060 INFO             PET1 PIOc_sync Exit - MemInfo: [/proc/self/status]	VmRSS:	   41284 kB
20220313 061452.060 INFO             PET1 PIOc_sync Exit - MemInfo: [/proc/self/status]	VmData:	   50744 kB
20220313 061452.060 INFO             PET1 PIOc_sync Exit - MemInfo: [/proc/self/status]	VmStk:	     148 kB
20220313 061452.060 INFO             PET1 PIOc_sync Exit - MemInfo: [/proc/self/status]	VmExe:	     212 kB
20220313 061452.060 INFO             PET1 PIOc_sync Exit - MemInfo: [/proc/self/status]	VmLib:	   49028 kB
20220313 061452.060 INFO             PET1 PIOc_sync Exit - MemInfo: [/proc/self/status]	VmPTE:	     788 kB
20220313 061452.060 INFO             PET1 PIOc_sync Exit - MemInfo: [/proc/self/status]	VmPMD:	      16 kB
20220313 061452.060 INFO             PET1 PIOc_sync Exit - MemInfo: [/proc/self/status]	VmSwap:	       0 kB
20220313 061452.060 INFO             PET1 PIOc_sync Exit - MemInfo: [/proc/self/status]	VmRSSPercent: 0.0630223 %
20220313 061452.060 INFO             PET1 PIOc_sync Exit - MemInfo: [malloc] Non-mmapped space allocated:                39694336 Byte
20220313 061452.060 INFO             PET1 PIOc_sync Exit - MemInfo: [malloc] Space allocated in mmapped regions:          1581056 Byte
20220313 061452.060 INFO             PET1 PIOc_sync Exit - MemInfo: [malloc] Maximum total allocated space:                     0 Byte
20220313 061452.060 INFO             PET1 PIOc_sync Exit - MemInfo: [malloc] Space in freed fastbin blocks:                  1424 Byte
20220313 061452.060 INFO             PET1 PIOc_sync Exit - MemInfo: [malloc] Total allocated space:                      20666288 Byte
20220313 061452.060 INFO             PET1 PIOc_sync Exit - MemInfo: [malloc] Total free space:                           19028048 Byte
20220313 061452.060 INFO             PET1 PIOc_sync Exit - MemInfo: [malloc] Top-most, releasable space:                 16908928 Byte
20220313 061452.060 INFO             PET1 PIOc_sync Exit - MemInfo: [malloc] Total space in use, mmap + non-mmap:        22247344 Byte
20220313 061452.060 INFO             PET1 PIOc_sync Exit - MemInfo: [malloc] Total space held (mmap + non-mmap):         41275392 Byte
20220313 061452.060 INFO             PET1 PIOc_sync Exit - MemInfo: [malloc] Total space used (mmap + non-mmap):         22256672 Byte
20220313 061452.060 INFO             PET1 PIOc_sync Exit - MemInfo: Wall-clock time since execution start:               0.172403 seconds
20220313 061452.061 INFO             PET1 PIOc_freedecomp Enter - MemInfo: [/proc/meminfo - SSI]	MemTotal:       65507008 kB
20220313 061452.061 INFO             PET1 PIOc_freedecomp Enter - MemInfo: [/proc/meminfo - SSI]	MemFree:        49558160 kB
20220313 061452.061 INFO             PET1 PIOc_freedecomp Enter - MemInfo: [/proc/meminfo - SSI]	MemAvailable:   49322268 kB
20220313 061452.061 INFO             PET1 PIOc_freedecomp Enter - MemInfo: [/proc/meminfo - SSI]	Committed_AS:   13313972 kB
20220313 061452.061 INFO             PET1 PIOc_freedecomp Enter - MemInfo: [/proc/meminfo - SSI]	CommittedPercent: 20.3245 %
20220313 061452.061 INFO             PET1 PIOc_freedecomp Enter - MemInfo: [/proc/self/status]	VmPeak:	  548080 kB
20220313 061452.061 INFO             PET1 PIOc_freedecomp Enter - MemInfo: [/proc/self/status]	VmSize:	  539892 kB
20220313 061452.061 INFO             PET1 PIOc_freedecomp Enter - MemInfo: [/proc/self/status]	VmLck:	       0 kB
20220313 061452.061 INFO             PET1 PIOc_freedecomp Enter - MemInfo: [/proc/self/status]	VmPin:	       0 kB
20220313 061452.061 INFO             PET1 PIOc_freedecomp Enter - MemInfo: [/proc/self/status]	VmHWM:	   61356 kB
20220313 061452.061 INFO             PET1 PIOc_freedecomp Enter - MemInfo: [/proc/self/status]	VmRSS:	   41284 kB
20220313 061452.061 INFO             PET1 PIOc_freedecomp Enter - MemInfo: [/proc/self/status]	VmData:	   50744 kB
20220313 061452.061 INFO             PET1 PIOc_freedecomp Enter - MemInfo: [/proc/self/status]	VmStk:	     148 kB
20220313 061452.061 INFO             PET1 PIOc_freedecomp Enter - MemInfo: [/proc/self/status]	VmExe:	     212 kB
20220313 061452.061 INFO             PET1 PIOc_freedecomp Enter - MemInfo: [/proc/self/status]	VmLib:	   49028 kB
20220313 061452.061 INFO             PET1 PIOc_freedecomp Enter - MemInfo: [/proc/self/status]	VmPTE:	     788 kB
20220313 061452.061 INFO             PET1 PIOc_freedecomp Enter - MemInfo: [/proc/self/status]	VmPMD:	      16 kB
20220313 061452.061 INFO             PET1 PIOc_freedecomp Enter - MemInfo: [/proc/self/status]	VmSwap:	       0 kB
20220313 061452.061 INFO             PET1 PIOc_freedecomp Enter - MemInfo: [/proc/self/status]	VmRSSPercent: 0.0630223 %
20220313 061452.061 INFO             PET1 PIOc_freedecomp Enter - MemInfo: [malloc] Non-mmapped space allocated:                39694336 Byte
20220313 061452.061 INFO             PET1 PIOc_freedecomp Enter - MemInfo: [malloc] Space allocated in mmapped regions:          1581056 Byte
20220313 061452.061 INFO             PET1 PIOc_freedecomp Enter - MemInfo: [malloc] Maximum total allocated space:                     0 Byte
20220313 061452.061 INFO             PET1 PIOc_freedecomp Enter - MemInfo: [malloc] Space in freed fastbin blocks:                  1456 Byte
20220313 061452.061 INFO             PET1 PIOc_freedecomp Enter - MemInfo: [malloc] Total allocated space:                      20664320 Byte
20220313 061452.061 INFO             PET1 PIOc_freedecomp Enter - MemInfo: [malloc] Total free space:                           19030016 Byte
20220313 061452.061 INFO             PET1 PIOc_freedecomp Enter - MemInfo: [malloc] Top-most, releasable space:                 16908928 Byte
20220313 061452.061 INFO             PET1 PIOc_freedecomp Enter - MemInfo: [malloc] Total space in use, mmap + non-mmap:        22245376 Byte
20220313 061452.061 INFO             PET1 PIOc_freedecomp Enter - MemInfo: [malloc] Total space held (mmap + non-mmap):         41275392 Byte
20220313 061452.061 INFO             PET1 PIOc_freedecomp Enter - MemInfo: [malloc] Total space used (mmap + non-mmap):         22254704 Byte
20220313 061452.061 INFO             PET1 PIOc_freedecomp Enter - MemInfo: Wall-clock time since execution start:               0.172839 seconds
20220313 061452.061 INFO             PET1 PIOc_freedecomp Exit - MemInfo: [/proc/meminfo - SSI]	MemTotal:       65507008 kB
20220313 061452.061 INFO             PET1 PIOc_freedecomp Exit - MemInfo: [/proc/meminfo - SSI]	MemFree:        49558160 kB
20220313 061452.061 INFO             PET1 PIOc_freedecomp Exit - MemInfo: [/proc/meminfo - SSI]	MemAvailable:   49322268 kB
20220313 061452.061 INFO             PET1 PIOc_freedecomp Exit - MemInfo: [/proc/meminfo - SSI]	Committed_AS:   13313972 kB
20220313 061452.061 INFO             PET1 PIOc_freedecomp Exit - MemInfo: [/proc/meminfo - SSI]	CommittedPercent: 20.3245 %
20220313 061452.061 INFO             PET1 PIOc_freedecomp Exit - MemInfo: [/proc/self/status]	VmPeak:	  548080 kB
20220313 061452.061 INFO             PET1 PIOc_freedecomp Exit - MemInfo: [/proc/self/status]	VmSize:	  539892 kB
20220313 061452.061 INFO             PET1 PIOc_freedecomp Exit - MemInfo: [/proc/self/status]	VmLck:	       0 kB
20220313 061452.061 INFO             PET1 PIOc_freedecomp Exit - MemInfo: [/proc/self/status]	VmPin:	       0 kB
20220313 061452.061 INFO             PET1 PIOc_freedecomp Exit - MemInfo: [/proc/self/status]	VmHWM:	   61356 kB
20220313 061452.061 INFO             PET1 PIOc_freedecomp Exit - MemInfo: [/proc/self/status]	VmRSS:	   41284 kB
20220313 061452.061 INFO             PET1 PIOc_freedecomp Exit - MemInfo: [/proc/self/status]	VmData:	   50744 kB
20220313 061452.061 INFO             PET1 PIOc_freedecomp Exit - MemInfo: [/proc/self/status]	VmStk:	     148 kB
20220313 061452.061 INFO             PET1 PIOc_freedecomp Exit - MemInfo: [/proc/self/status]	VmExe:	     212 kB
20220313 061452.061 INFO             PET1 PIOc_freedecomp Exit - MemInfo: [/proc/self/status]	VmLib:	   49028 kB
20220313 061452.061 INFO             PET1 PIOc_freedecomp Exit - MemInfo: [/proc/self/status]	VmPTE:	     788 kB
20220313 061452.061 INFO             PET1 PIOc_freedecomp Exit - MemInfo: [/proc/self/status]	VmPMD:	      16 kB
20220313 061452.061 INFO             PET1 PIOc_freedecomp Exit - MemInfo: [/proc/self/status]	VmSwap:	       0 kB
20220313 061452.061 INFO             PET1 PIOc_freedecomp Exit - MemInfo: [/proc/self/status]	VmRSSPercent: 0.0630223 %
20220313 061452.061 INFO             PET1 PIOc_freedecomp Exit - MemInfo: [malloc] Non-mmapped space allocated:                39694336 Byte
20220313 061452.061 INFO             PET1 PIOc_freedecomp Exit - MemInfo: [malloc] Space allocated in mmapped regions:          1581056 Byte
20220313 061452.061 INFO             PET1 PIOc_freedecomp Exit - MemInfo: [malloc] Maximum total allocated space:                     0 Byte
20220313 061452.061 INFO             PET1 PIOc_freedecomp Exit - MemInfo: [malloc] Space in freed fastbin blocks:                  1808 Byte
20220313 061452.061 INFO             PET1 PIOc_freedecomp Exit - MemInfo: [malloc] Total allocated space:                      20661392 Byte
20220313 061452.061 INFO             PET1 PIOc_freedecomp Exit - MemInfo: [malloc] Total free space:                           19032944 Byte
20220313 061452.061 INFO             PET1 PIOc_freedecomp Exit - MemInfo: [malloc] Top-most, releasable space:                 16908928 Byte
20220313 061452.061 INFO             PET1 PIOc_freedecomp Exit - MemInfo: [malloc] Total space in use, mmap + non-mmap:        22242448 Byte
20220313 061452.061 INFO             PET1 PIOc_freedecomp Exit - MemInfo: [malloc] Total space held (mmap + non-mmap):         41275392 Byte
20220313 061452.061 INFO             PET1 PIOc_freedecomp Exit - MemInfo: [malloc] Total space used (mmap + non-mmap):         22251776 Byte
20220313 061452.061 INFO             PET1 PIOc_freedecomp Exit - MemInfo: Wall-clock time since execution start:               0.173199 seconds
20220313 061452.064 INFO             PET1  PASS  ESMF_FieldRegridStoreFromFile Unit Test, ESMF_FieldSMMFromFileUTest.F90, line 315
20220313 061452.064 INFO             PET1  Ending Test, file ESMF_FieldSMMFromFileUTest.F90, line 322
20220313 061452.064 INFO             PET1 Finalizing ESMF
20220313 061451.889 INFO             PET2 !!!!!!!!!!!!!!!!!!!!!!!!!!!!!!!!!!!!!!!!!!!!!!!!!!!!!!
20220313 061451.889 INFO             PET2 !!! THE ESMF_LOG IS SET TO OUTPUT ALL LOG MESSAGES !!!
20220313 061451.889 INFO             PET2 !!!     THIS MAY CAUSE SLOWDOWN IN PERFORMANCE     !!!
20220313 061451.889 INFO             PET2 !!! FOR PRODUCTION RUNS, USE:                      !!!
20220313 061451.889 INFO             PET2 !!!                   ESMF_LOGKIND_Multi_On_Error  !!!
20220313 061451.889 INFO             PET2 !!!!!!!!!!!!!!!!!!!!!!!!!!!!!!!!!!!!!!!!!!!!!!!!!!!!!!
20220313 061451.889 INFO             PET2 Running with ESMF Version   : v8.3.0b09-96-g559b459836
20220313 061451.889 INFO             PET2 ESMF library build date/time: "Mar 13 2022" "05:58:15"
20220313 061451.889 INFO             PET2 ESMF library build location : /glade/scratch/rlong/esmf-testing/gfortran_7.4.0_openmpi_O_jedwards_pio_update2
20220313 061451.889 INFO             PET2 ESMF_COMM                   : openmpi
20220313 061451.889 INFO             PET2 ESMF_MOAB                   : enabled
20220313 061451.889 INFO             PET2 ESMF_LAPACK                 : enabled
20220313 061451.889 INFO             PET2 ESMF_NETCDF                 : enabled
20220313 061451.889 INFO             PET2 ESMF_PNETCDF                : disabled
20220313 061451.889 INFO             PET2 ESMF_PIO                    : enabled
20220313 061451.889 INFO             PET2 ESMF_YAMLCPP                : enabled
20220313 061451.891 INFO             PET2  Beginning Test, file ESMF_FieldSMMFromFileUTest.F90, line 287
20220313 061451.891 INFO             PET2  NUMBER_OF_PROCESSORS           4
20220313 061452.042 INFO             PET2  PASS  ESMF_FieldSMMFromFile Unit Test, ESMF_FieldSMMFromFileUTest.F90, line 300
20220313 061452.050 INFO             PET2 PIOc_sync Enter - MemInfo: [/proc/meminfo - SSI]	MemTotal:       65507008 kB
20220313 061452.050 INFO             PET2 PIOc_sync Enter - MemInfo: [/proc/meminfo - SSI]	MemFree:        49558160 kB
20220313 061452.050 INFO             PET2 PIOc_sync Enter - MemInfo: [/proc/meminfo - SSI]	MemAvailable:   49322268 kB
20220313 061452.050 INFO             PET2 PIOc_sync Enter - MemInfo: [/proc/meminfo - SSI]	Committed_AS:   13313972 kB
20220313 061452.050 INFO             PET2 PIOc_sync Enter - MemInfo: [/proc/meminfo - SSI]	CommittedPercent: 20.3245 %
20220313 061452.050 INFO             PET2 PIOc_sync Enter - MemInfo: [/proc/self/status]	VmPeak:	  548088 kB
20220313 061452.050 INFO             PET2 PIOc_sync Enter - MemInfo: [/proc/self/status]	VmSize:	  539900 kB
20220313 061452.050 INFO             PET2 PIOc_sync Enter - MemInfo: [/proc/self/status]	VmLck:	       0 kB
20220313 061452.050 INFO             PET2 PIOc_sync Enter - MemInfo: [/proc/self/status]	VmPin:	       0 kB
20220313 061452.050 INFO             PET2 PIOc_sync Enter - MemInfo: [/proc/self/status]	VmHWM:	   61352 kB
20220313 061452.050 INFO             PET2 PIOc_sync Enter - MemInfo: [/proc/self/status]	VmRSS:	   41236 kB
20220313 061452.050 INFO             PET2 PIOc_sync Enter - MemInfo: [/proc/self/status]	VmData:	   50752 kB
20220313 061452.050 INFO             PET2 PIOc_sync Enter - MemInfo: [/proc/self/status]	VmStk:	     148 kB
20220313 061452.050 INFO             PET2 PIOc_sync Enter - MemInfo: [/proc/self/status]	VmExe:	     212 kB
20220313 061452.050 INFO             PET2 PIOc_sync Enter - MemInfo: [/proc/self/status]	VmLib:	   49028 kB
20220313 061452.050 INFO             PET2 PIOc_sync Enter - MemInfo: [/proc/self/status]	VmPTE:	     792 kB
20220313 061452.050 INFO             PET2 PIOc_sync Enter - MemInfo: [/proc/self/status]	VmPMD:	      12 kB
20220313 061452.050 INFO             PET2 PIOc_sync Enter - MemInfo: [/proc/self/status]	VmSwap:	       0 kB
20220313 061452.050 INFO             PET2 PIOc_sync Enter - MemInfo: [/proc/self/status]	VmRSSPercent: 0.062949 %
20220313 061452.050 INFO             PET2 PIOc_sync Enter - MemInfo: [malloc] Non-mmapped space allocated:                39702528 Byte
20220313 061452.052 INFO             PET2 PIOc_sync Enter - MemInfo: [malloc] Space allocated in mmapped regions:          1581056 Byte
20220313 061452.053 INFO             PET2 PIOc_sync Enter - MemInfo: [malloc] Maximum total allocated space:                     0 Byte
20220313 061452.053 INFO             PET2 PIOc_sync Enter - MemInfo: [malloc] Space in freed fastbin blocks:                  2800 Byte
20220313 061452.053 INFO             PET2 PIOc_sync Enter - MemInfo: [malloc] Total allocated space:                      20608544 Byte
20220313 061452.053 INFO             PET2 PIOc_sync Enter - MemInfo: [malloc] Total free space:                           19093984 Byte
20220313 061452.053 INFO             PET2 PIOc_sync Enter - MemInfo: [malloc] Top-most, releasable space:                 16865488 Byte
20220313 061452.053 INFO             PET2 PIOc_sync Enter - MemInfo: [malloc] Total space in use, mmap + non-mmap:        22189600 Byte
20220313 061452.053 INFO             PET2 PIOc_sync Enter - MemInfo: [malloc] Total space held (mmap + non-mmap):         41283584 Byte
20220313 061452.053 INFO             PET2 PIOc_sync Enter - MemInfo: [malloc] Total space used (mmap + non-mmap):         22198928 Byte
20220313 061452.053 INFO             PET2 PIOc_sync Enter - MemInfo: Wall-clock time since execution start:               0.164575 seconds
20220313 061452.053 INFO             PET2 PIOc_sync Exit - MemInfo: [/proc/meminfo - SSI]	MemTotal:       65507008 kB
20220313 061452.053 INFO             PET2 PIOc_sync Exit - MemInfo: [/proc/meminfo - SSI]	MemFree:        49558160 kB
20220313 061452.053 INFO             PET2 PIOc_sync Exit - MemInfo: [/proc/meminfo - SSI]	MemAvailable:   49322268 kB
20220313 061452.053 INFO             PET2 PIOc_sync Exit - MemInfo: [/proc/meminfo - SSI]	Committed_AS:   13313972 kB
20220313 061452.053 INFO             PET2 PIOc_sync Exit - MemInfo: [/proc/meminfo - SSI]	CommittedPercent: 20.3245 %
20220313 061452.053 INFO             PET2 PIOc_sync Exit - MemInfo: [/proc/self/status]	VmPeak:	  548088 kB
20220313 061452.053 INFO             PET2 PIOc_sync Exit - MemInfo: [/proc/self/status]	VmSize:	  539900 kB
20220313 061452.053 INFO             PET2 PIOc_sync Exit - MemInfo: [/proc/self/status]	VmLck:	       0 kB
20220313 061452.053 INFO             PET2 PIOc_sync Exit - MemInfo: [/proc/self/status]	VmPin:	       0 kB
20220313 061452.053 INFO             PET2 PIOc_sync Exit - MemInfo: [/proc/self/status]	VmHWM:	   61352 kB
20220313 061452.053 INFO             PET2 PIOc_sync Exit - MemInfo: [/proc/self/status]	VmRSS:	   41296 kB
20220313 061452.053 INFO             PET2 PIOc_sync Exit - MemInfo: [/proc/self/status]	VmData:	   50752 kB
20220313 061452.053 INFO             PET2 PIOc_sync Exit - MemInfo: [/proc/self/status]	VmStk:	     148 kB
20220313 061452.053 INFO             PET2 PIOc_sync Exit - MemInfo: [/proc/self/status]	VmExe:	     212 kB
20220313 061452.053 INFO             PET2 PIOc_sync Exit - MemInfo: [/proc/self/status]	VmLib:	   49028 kB
20220313 061452.053 INFO             PET2 PIOc_sync Exit - MemInfo: [/proc/self/status]	VmPTE:	     792 kB
