build time -- 2022-03-13 06:00:12.722915
20220313 061212.080 INFO             PET0 !!!!!!!!!!!!!!!!!!!!!!!!!!!!!!!!!!!!!!!!!!!!!!!!!!!!!!
20220313 061212.080 INFO             PET0 !!! THE ESMF_LOG IS SET TO OUTPUT ALL LOG MESSAGES !!!
20220313 061212.080 INFO             PET0 !!!     THIS MAY CAUSE SLOWDOWN IN PERFORMANCE     !!!
20220313 061212.080 INFO             PET0 !!! FOR PRODUCTION RUNS, USE:                      !!!
20220313 061212.080 INFO             PET0 !!!                   ESMF_LOGKIND_Multi_On_Error  !!!
20220313 061212.080 INFO             PET0 !!!!!!!!!!!!!!!!!!!!!!!!!!!!!!!!!!!!!!!!!!!!!!!!!!!!!!
20220313 061212.080 INFO             PET0 Running with ESMF Version   : v8.3.0b09-96-g559b459836
20220313 061212.080 INFO             PET0 ESMF library build date/time: "Mar 13 2022" "05:58:15"
20220313 061212.080 INFO             PET0 ESMF library build location : /glade/scratch/rlong/esmf-testing/gfortran_7.4.0_openmpi_O_jedwards_pio_update2
20220313 061212.080 INFO             PET0 ESMF_COMM                   : openmpi
20220313 061212.080 INFO             PET0 ESMF_MOAB                   : enabled
20220313 061212.080 INFO             PET0 ESMF_LAPACK                 : enabled
20220313 061212.080 INFO             PET0 ESMF_NETCDF                 : enabled
20220313 061212.080 INFO             PET0 ESMF_PNETCDF                : disabled
20220313 061212.080 INFO             PET0 ESMF_PIO                    : enabled
20220313 061212.080 INFO             PET0 ESMF_YAMLCPP                : enabled
20220313 061212.081 INFO             PET0  Beginning Test, file ESMF_RouteHandleAdvancedUTest.F90, line 346
20220313 061212.081 INFO             PET0  NUMBER_OF_PROCESSORS           4
20220313 061212.086 INFO             PET0 ESMF_FieldRedistStoreNF(): Just entered routine.
20220313 061212.208 INFO             PET0 ESMF_FieldRedistStoreNF(): Leaving routine.
20220313 061212.208 INFO             PET0  PASS  Create RouteHandle for the original petList, ESMF_RouteHandleAdvancedUTest.F90, line 511
20220313 061212.208 INFO             PET0  PASS  Test RouteHandleIsCreated(), ESMF_RouteHandleAdvancedUTest.F90, line 519
20220313 061212.208 INFO             PET0  PASS  Test RouteHandleIsCreated() return value, ESMF_RouteHandleAdvancedUTest.F90, line 526
20220313 061212.208 INFO             PET0  PASS  Test RouteHandleGet(), ESMF_RouteHandleAdvancedUTest.F90, line 534
20220313 061212.217 INFO             PET0  PASS  Test RouteHandleWrite(), ESMF_RouteHandleAdvancedUTest.F90, line 542
20220313 061212.217 INFO             PET0  PASS  Test RouteHandleDestroy(), ESMF_RouteHandleAdvancedUTest.F90, line 550
20220313 061212.227 INFO             PET0  PASS  Test RouteHandleCreate(from file), ESMF_RouteHandleAdvancedUTest.F90, line 558
20220313 061212.227 INFO             PET0  PASS  Apply the read in Routehandle, ESMF_RouteHandleAdvancedUTest.F90, line 567
20220313 061212.228 INFO             PET0  PASS  Test RouteHandleDestroy() for the read in Routehandle, ESMF_RouteHandleAdvancedUTest.F90, line 575
20220313 061212.228 INFO             PET0 ESMF_FieldRedistStoreNF(): Just entered routine.
20220313 061212.346 INFO             PET0 ESMF_FieldRedistStoreNF(): Leaving routine.
20220313 061212.346 INFO             PET0  PASS  Create RouteHandle for the original petList, ESMF_RouteHandleAdvancedUTest.F90, line 585
20220313 061212.346 INFO             PET0  PASS  Transfer RouteHandle to a different petList, ESMF_RouteHandleAdvancedUTest.F90, line 602
20220313 061212.364 INFO             PET0 PIOc_sync Enter - MemInfo: [/proc/meminfo - SSI]	MemTotal:       65507008 kB
20220313 061212.364 INFO             PET0 PIOc_sync Enter - MemInfo: [/proc/meminfo - SSI]	MemFree:        49625472 kB
20220313 061212.364 INFO             PET0 PIOc_sync Enter - MemInfo: [/proc/meminfo - SSI]	MemAvailable:   49381484 kB
20220313 061212.364 INFO             PET0 PIOc_sync Enter - MemInfo: [/proc/meminfo - SSI]	Committed_AS:   13170820 kB
20220313 061212.364 INFO             PET0 PIOc_sync Enter - MemInfo: [/proc/meminfo - SSI]	CommittedPercent: 20.106 %
20220313 061212.366 INFO             PET0 PIOc_sync Enter - MemInfo: [/proc/self/status]	VmPeak:	  527080 kB
20220313 061212.366 INFO             PET0 PIOc_sync Enter - MemInfo: [/proc/self/status]	VmSize:	  527080 kB
20220313 061212.366 INFO             PET0 PIOc_sync Enter - MemInfo: [/proc/self/status]	VmLck:	       0 kB
20220313 061212.366 INFO             PET0 PIOc_sync Enter - MemInfo: [/proc/self/status]	VmPin:	       0 kB
20220313 061212.366 INFO             PET0 PIOc_sync Enter - MemInfo: [/proc/self/status]	VmHWM:	   61376 kB
20220313 061212.366 INFO             PET0 PIOc_sync Enter - MemInfo: [/proc/self/status]	VmRSS:	   43984 kB
20220313 061212.366 INFO             PET0 PIOc_sync Enter - MemInfo: [/proc/self/status]	VmData:	   37916 kB
20220313 061212.366 INFO             PET0 PIOc_sync Enter - MemInfo: [/proc/self/status]	VmStk:	     148 kB
20220313 061212.366 INFO             PET0 PIOc_sync Enter - MemInfo: [/proc/self/status]	VmExe:	     228 kB
20220313 061212.366 INFO             PET0 PIOc_sync Enter - MemInfo: [/proc/self/status]	VmLib:	   49028 kB
20220313 061212.366 INFO             PET0 PIOc_sync Enter - MemInfo: [/proc/self/status]	VmPTE:	     780 kB
20220313 061212.366 INFO             PET0 PIOc_sync Enter - MemInfo: [/proc/self/status]	VmPMD:	      16 kB
20220313 061212.366 INFO             PET0 PIOc_sync Enter - MemInfo: [/proc/self/status]	VmSwap:	       0 kB
20220313 061212.366 INFO             PET0 PIOc_sync Enter - MemInfo: [/proc/self/status]	VmRSSPercent: 0.067144 %
20220313 061212.366 INFO             PET0 PIOc_sync Enter - MemInfo: [malloc] Non-mmapped space allocated:                 9777152 Byte
20220313 061212.366 INFO             PET0 PIOc_sync Enter - MemInfo: [malloc] Space allocated in mmapped regions:         18362368 Byte
20220313 061212.366 INFO             PET0 PIOc_sync Enter - MemInfo: [malloc] Maximum total allocated space:                     0 Byte
20220313 061212.366 INFO             PET0 PIOc_sync Enter - MemInfo: [malloc] Space in freed fastbin blocks:                  1520 Byte
20220313 061212.366 INFO             PET0 PIOc_sync Enter - MemInfo: [malloc] Total allocated space:                       4506144 Byte
20220313 061212.366 INFO             PET0 PIOc_sync Enter - MemInfo: [malloc] Total free space:                            5271008 Byte
20220313 061212.366 INFO             PET0 PIOc_sync Enter - MemInfo: [malloc] Top-most, releasable space:                   131296 Byte
20220313 061212.366 INFO             PET0 PIOc_sync Enter - MemInfo: [malloc] Total space in use, mmap + non-mmap:        22868512 Byte
20220313 061212.366 INFO             PET0 PIOc_sync Enter - MemInfo: [malloc] Total space held (mmap + non-mmap):         28139520 Byte
20220313 061212.366 INFO             PET0 PIOc_sync Enter - MemInfo: [malloc] Total space used (mmap + non-mmap):         22877840 Byte
20220313 061212.366 INFO             PET0 PIOc_sync Enter - MemInfo: Wall-clock time since execution start:               0.287441 seconds
20220313 061212.366 INFO             PET0 PIOc_sync Exit - MemInfo: [/proc/meminfo - SSI]	MemTotal:       65507008 kB
20220313 061212.367 INFO             PET0 PIOc_sync Exit - MemInfo: [/proc/meminfo - SSI]	MemFree:        49625472 kB
20220313 061212.367 INFO             PET0 PIOc_sync Exit - MemInfo: [/proc/meminfo - SSI]	MemAvailable:   49381484 kB
20220313 061212.367 INFO             PET0 PIOc_sync Exit - MemInfo: [/proc/meminfo - SSI]	Committed_AS:   13170820 kB
20220313 061212.367 INFO             PET0 PIOc_sync Exit - MemInfo: [/proc/meminfo - SSI]	CommittedPercent: 20.106 %
20220313 061212.367 INFO             PET0 PIOc_sync Exit - MemInfo: [/proc/self/status]	VmPeak:	  527080 kB
20220313 061212.367 INFO             PET0 PIOc_sync Exit - MemInfo: [/proc/self/status]	VmSize:	  527080 kB
20220313 061212.367 INFO             PET0 PIOc_sync Exit - MemInfo: [/proc/self/status]	VmLck:	       0 kB
20220313 061212.367 INFO             PET0 PIOc_sync Exit - MemInfo: [/proc/self/status]	VmPin:	       0 kB
20220313 061212.367 INFO             PET0 PIOc_sync Exit - MemInfo: [/proc/self/status]	VmHWM:	   61376 kB
20220313 061212.367 INFO             PET0 PIOc_sync Exit - MemInfo: [/proc/self/status]	VmRSS:	   44108 kB
20220313 061212.367 INFO             PET0 PIOc_sync Exit - MemInfo: [/proc/self/status]	VmData:	   37916 kB
20220313 061212.367 INFO             PET0 PIOc_sync Exit - MemInfo: [/proc/self/status]	VmStk:	     148 kB
20220313 061212.367 INFO             PET0 PIOc_sync Exit - MemInfo: [/proc/self/status]	VmExe:	     228 kB
20220313 061212.367 INFO             PET0 PIOc_sync Exit - MemInfo: [/proc/self/status]	VmLib:	   49028 kB
20220313 061212.367 INFO             PET0 PIOc_sync Exit - MemInfo: [/proc/self/status]	VmPTE:	     780 kB
20220313 061212.367 INFO             PET0 PIOc_sync Exit - MemInfo: [/proc/self/status]	VmPMD:	      16 kB
20220313 061212.367 INFO             PET0 PIOc_sync Exit - MemInfo: [/proc/self/status]	VmSwap:	       0 kB
20220313 061212.367 INFO             PET0 PIOc_sync Exit - MemInfo: [/proc/self/status]	VmRSSPercent: 0.0673333 %
20220313 061212.367 INFO             PET0 PIOc_sync Exit - MemInfo: [malloc] Non-mmapped space allocated:                 9777152 Byte
20220313 061212.367 INFO             PET0 PIOc_sync Exit - MemInfo: [malloc] Space allocated in mmapped regions:         18362368 Byte
20220313 061212.367 INFO             PET0 PIOc_sync Exit - MemInfo: [malloc] Maximum total allocated space:                     0 Byte
20220313 061212.367 INFO             PET0 PIOc_sync Exit - MemInfo: [malloc] Space in freed fastbin blocks:                  1744 Byte
20220313 061212.367 INFO             PET0 PIOc_sync Exit - MemInfo: [malloc] Total allocated space:                       4510896 Byte
20220313 061212.367 INFO             PET0 PIOc_sync Exit - MemInfo: [malloc] Total free space:                            5266256 Byte
20220313 061212.367 INFO             PET0 PIOc_sync Exit - MemInfo: [malloc] Top-most, releasable space:                   131296 Byte
20220313 061212.367 INFO             PET0 PIOc_sync Exit - MemInfo: [malloc] Total space in use, mmap + non-mmap:        22873264 Byte
20220313 061212.367 INFO             PET0 PIOc_sync Exit - MemInfo: [malloc] Total space held (mmap + non-mmap):         28139520 Byte
20220313 061212.367 INFO             PET0 PIOc_sync Exit - MemInfo: [malloc] Total space used (mmap + non-mmap):         22882592 Byte
20220313 061212.367 INFO             PET0 PIOc_sync Exit - MemInfo: Wall-clock time since execution start:               0.288022 seconds
20220313 061212.368 INFO             PET0 PIOc_freedecomp Enter - MemInfo: [/proc/meminfo - SSI]	MemTotal:       65507008 kB
20220313 061212.368 INFO             PET0 PIOc_freedecomp Enter - MemInfo: [/proc/meminfo - SSI]	MemFree:        49640592 kB
20220313 061212.368 INFO             PET0 PIOc_freedecomp Enter - MemInfo: [/proc/meminfo - SSI]	MemAvailable:   49396604 kB
20220313 061212.368 INFO             PET0 PIOc_freedecomp Enter - MemInfo: [/proc/meminfo - SSI]	Committed_AS:   13154432 kB
20220313 061212.368 INFO             PET0 PIOc_freedecomp Enter - MemInfo: [/proc/meminfo - SSI]	CommittedPercent: 20.081 %
20220313 061212.368 INFO             PET0 PIOc_freedecomp Enter - MemInfo: [/proc/self/status]	VmPeak:	  527080 kB
20220313 061212.368 INFO             PET0 PIOc_freedecomp Enter - MemInfo: [/proc/self/status]	VmSize:	  510692 kB
20220313 061212.368 INFO             PET0 PIOc_freedecomp Enter - MemInfo: [/proc/self/status]	VmLck:	       0 kB
20220313 061212.368 INFO             PET0 PIOc_freedecomp Enter - MemInfo: [/proc/self/status]	VmPin:	       0 kB
20220313 061212.368 INFO             PET0 PIOc_freedecomp Enter - MemInfo: [/proc/self/status]	VmHWM:	   61376 kB
20220313 061212.368 INFO             PET0 PIOc_freedecomp Enter - MemInfo: [/proc/self/status]	VmRSS:	   27720 kB
20220313 061212.368 INFO             PET0 PIOc_freedecomp Enter - MemInfo: [/proc/self/status]	VmData:	   21528 kB
20220313 061212.368 INFO             PET0 PIOc_freedecomp Enter - MemInfo: [/proc/self/status]	VmStk:	     148 kB
20220313 061212.368 INFO             PET0 PIOc_freedecomp Enter - MemInfo: [/proc/self/status]	VmExe:	     228 kB
20220313 061212.368 INFO             PET0 PIOc_freedecomp Enter - MemInfo: [/proc/self/status]	VmLib:	   49028 kB
20220313 061212.368 INFO             PET0 PIOc_freedecomp Enter - MemInfo: [/proc/self/status]	VmPTE:	     748 kB
20220313 061212.368 INFO             PET0 PIOc_freedecomp Enter - MemInfo: [/proc/self/status]	VmPMD:	      16 kB
20220313 061212.368 INFO             PET0 PIOc_freedecomp Enter - MemInfo: [/proc/self/status]	VmSwap:	       0 kB
20220313 061212.368 INFO             PET0 PIOc_freedecomp Enter - MemInfo: [/proc/self/status]	VmRSSPercent: 0.0423161 %
20220313 061212.368 INFO             PET0 PIOc_freedecomp Enter - MemInfo: [malloc] Non-mmapped space allocated:                 9777152 Byte
20220313 061212.368 INFO             PET0 PIOc_freedecomp Enter - MemInfo: [malloc] Space allocated in mmapped regions:          1581056 Byte
20220313 061212.368 INFO             PET0 PIOc_freedecomp Enter - MemInfo: [malloc] Maximum total allocated space:                     0 Byte
20220313 061212.368 INFO             PET0 PIOc_freedecomp Enter - MemInfo: [malloc] Space in freed fastbin blocks:                  1776 Byte
20220313 061212.368 INFO             PET0 PIOc_freedecomp Enter - MemInfo: [malloc] Total allocated space:                       3973280 Byte
20220313 061212.368 INFO             PET0 PIOc_freedecomp Enter - MemInfo: [malloc] Total free space:                            5803872 Byte
20220313 061212.368 INFO             PET0 PIOc_freedecomp Enter - MemInfo: [malloc] Top-most, releasable space:                   131296 Byte
20220313 061212.368 INFO             PET0 PIOc_freedecomp Enter - MemInfo: [malloc] Total space in use, mmap + non-mmap:         5554336 Byte
20220313 061212.368 INFO             PET0 PIOc_freedecomp Enter - MemInfo: [malloc] Total space held (mmap + non-mmap):         11358208 Byte
20220313 061212.368 INFO             PET0 PIOc_freedecomp Enter - MemInfo: [malloc] Total space used (mmap + non-mmap):          5563664 Byte
20220313 061212.368 INFO             PET0 PIOc_freedecomp Enter - MemInfo: Wall-clock time since execution start:                0.28915 seconds
20220313 061212.368 INFO             PET0 PIOc_freedecomp Exit - MemInfo: [/proc/meminfo - SSI]	MemTotal:       65507008 kB
20220313 061212.368 INFO             PET0 PIOc_freedecomp Exit - MemInfo: [/proc/meminfo - SSI]	MemFree:        49640592 kB
20220313 061212.368 INFO             PET0 PIOc_freedecomp Exit - MemInfo: [/proc/meminfo - SSI]	MemAvailable:   49396604 kB
20220313 061212.368 INFO             PET0 PIOc_freedecomp Exit - MemInfo: [/proc/meminfo - SSI]	Committed_AS:   13154432 kB
20220313 061212.368 INFO             PET0 PIOc_freedecomp Exit - MemInfo: [/proc/meminfo - SSI]	CommittedPercent: 20.081 %
20220313 061212.368 INFO             PET0 PIOc_freedecomp Exit - MemInfo: [/proc/self/status]	VmPeak:	  527080 kB
20220313 061212.368 INFO             PET0 PIOc_freedecomp Exit - MemInfo: [/proc/self/status]	VmSize:	  510692 kB
20220313 061212.368 INFO             PET0 PIOc_freedecomp Exit - MemInfo: [/proc/self/status]	VmLck:	       0 kB
20220313 061212.368 INFO             PET0 PIOc_freedecomp Exit - MemInfo: [/proc/self/status]	VmPin:	       0 kB
20220313 061212.368 INFO             PET0 PIOc_freedecomp Exit - MemInfo: [/proc/self/status]	VmHWM:	   61376 kB
20220313 061212.368 INFO             PET0 PIOc_freedecomp Exit - MemInfo: [/proc/self/status]	VmRSS:	   27724 kB
20220313 061212.368 INFO             PET0 PIOc_freedecomp Exit - MemInfo: [/proc/self/status]	VmData:	   21528 kB
20220313 061212.368 INFO             PET0 PIOc_freedecomp Exit - MemInfo: [/proc/self/status]	VmStk:	     148 kB
20220313 061212.368 INFO             PET0 PIOc_freedecomp Exit - MemInfo: [/proc/self/status]	VmExe:	     228 kB
20220313 061212.368 INFO             PET0 PIOc_freedecomp Exit - MemInfo: [/proc/self/status]	VmLib:	   49028 kB
20220313 061212.368 INFO             PET0 PIOc_freedecomp Exit - MemInfo: [/proc/self/status]	VmPTE:	     748 kB
20220313 061212.368 INFO             PET0 PIOc_freedecomp Exit - MemInfo: [/proc/self/status]	VmPMD:	      16 kB
20220313 061212.368 INFO             PET0 PIOc_freedecomp Exit - MemInfo: [/proc/self/status]	VmSwap:	       0 kB
20220313 061212.368 INFO             PET0 PIOc_freedecomp Exit - MemInfo: [/proc/self/status]	VmRSSPercent: 0.0423222 %
20220313 061212.368 INFO             PET0 PIOc_freedecomp Exit - MemInfo: [malloc] Non-mmapped space allocated:                 9777152 Byte
20220313 061212.368 INFO             PET0 PIOc_freedecomp Exit - MemInfo: [malloc] Space allocated in mmapped regions:          1581056 Byte
20220313 061212.368 INFO             PET0 PIOc_freedecomp Exit - MemInfo: [malloc] Maximum total allocated space:                     0 Byte
20220313 061212.368 INFO             PET0 PIOc_freedecomp Exit - MemInfo: [malloc] Space in freed fastbin blocks:                  2688 Byte
20220313 061212.368 INFO             PET0 PIOc_freedecomp Exit - MemInfo: [malloc] Total allocated space:                       3966512 Byte
20220313 061212.368 INFO             PET0 PIOc_freedecomp Exit - MemInfo: [malloc] Total free space:                            5810640 Byte
20220313 061212.368 INFO             PET0 PIOc_freedecomp Exit - MemInfo: [malloc] Top-most, releasable space:                   131296 Byte
20220313 061212.368 INFO             PET0 PIOc_freedecomp Exit - MemInfo: [malloc] Total space in use, mmap + non-mmap:         5547568 Byte
20220313 061212.368 INFO             PET0 PIOc_freedecomp Exit - MemInfo: [malloc] Total space held (mmap + non-mmap):         11358208 Byte
20220313 061212.368 INFO             PET0 PIOc_freedecomp Exit - MemInfo: [malloc] Total space used (mmap + non-mmap):          5556896 Byte
20220313 061212.368 INFO             PET0 PIOc_freedecomp Exit - MemInfo: Wall-clock time since execution start:               0.289495 seconds
20220313 061212.372 INFO             PET0 PIOc_sync Enter - MemInfo: [/proc/meminfo - SSI]	MemTotal:       65507008 kB
20220313 061212.372 INFO             PET0 PIOc_sync Enter - MemInfo: [/proc/meminfo - SSI]	MemFree:        49634040 kB
20220313 061212.372 INFO             PET0 PIOc_sync Enter - MemInfo: [/proc/meminfo - SSI]	MemAvailable:   49390052 kB
20220313 061212.372 INFO             PET0 PIOc_sync Enter - MemInfo: [/proc/meminfo - SSI]	Committed_AS:   13170816 kB
20220313 061212.372 INFO             PET0 PIOc_sync Enter - MemInfo: [/proc/meminfo - SSI]	CommittedPercent: 20.106 %
20220313 061212.373 INFO             PET0 PIOc_sync Enter - MemInfo: [/proc/self/status]	VmPeak:	  527080 kB
20220313 061212.373 INFO             PET0 PIOc_sync Enter - MemInfo: [/proc/self/status]	VmSize:	  527076 kB
20220313 061212.373 INFO             PET0 PIOc_sync Enter - MemInfo: [/proc/self/status]	VmLck:	       0 kB
20220313 061212.373 INFO             PET0 PIOc_sync Enter - MemInfo: [/proc/self/status]	VmPin:	       0 kB
20220313 061212.373 INFO             PET0 PIOc_sync Enter - MemInfo: [/proc/self/status]	VmHWM:	   61376 kB
20220313 061212.373 INFO             PET0 PIOc_sync Enter - MemInfo: [/proc/self/status]	VmRSS:	   35804 kB
20220313 061212.373 INFO             PET0 PIOc_sync Enter - MemInfo: [/proc/self/status]	VmData:	   37912 kB
20220313 061212.373 INFO             PET0 PIOc_sync Enter - MemInfo: [/proc/self/status]	VmStk:	     148 kB
20220313 061212.373 INFO             PET0 PIOc_sync Enter - MemInfo: [/proc/self/status]	VmExe:	     228 kB
20220313 061212.373 INFO             PET0 PIOc_sync Enter - MemInfo: [/proc/self/status]	VmLib:	   49028 kB
20220313 061212.373 INFO             PET0 PIOc_sync Enter - MemInfo: [/proc/self/status]	VmPTE:	     768 kB
20220313 061212.373 INFO             PET0 PIOc_sync Enter - MemInfo: [/proc/self/status]	VmPMD:	      16 kB
20220313 061212.373 INFO             PET0 PIOc_sync Enter - MemInfo: [/proc/self/status]	VmSwap:	       0 kB
20220313 061212.373 INFO             PET0 PIOc_sync Enter - MemInfo: [/proc/self/status]	VmRSSPercent: 0.0546567 %
20220313 061212.373 INFO             PET0 PIOc_sync Enter - MemInfo: [malloc] Non-mmapped space allocated:                26554368 Byte
20220313 061212.373 INFO             PET0 PIOc_sync Enter - MemInfo: [malloc] Space allocated in mmapped regions:          1581056 Byte
20220313 061212.373 INFO             PET0 PIOc_sync Enter - MemInfo: [malloc] Maximum total allocated space:                     0 Byte
20220313 061212.373 INFO             PET0 PIOc_sync Enter - MemInfo: [malloc] Space in freed fastbin blocks:                  2128 Byte
20220313 061212.373 INFO             PET0 PIOc_sync Enter - MemInfo: [malloc] Total allocated space:                      21284192 Byte
20220313 061212.373 INFO             PET0 PIOc_sync Enter - MemInfo: [malloc] Total free space:                            5270176 Byte
20220313 061212.373 INFO             PET0 PIOc_sync Enter - MemInfo: [malloc] Top-most, releasable space:                   131280 Byte
20220313 061212.373 INFO             PET0 PIOc_sync Enter - MemInfo: [malloc] Total space in use, mmap + non-mmap:        22865248 Byte
20220313 061212.373 INFO             PET0 PIOc_sync Enter - MemInfo: [malloc] Total space held (mmap + non-mmap):         28135424 Byte
20220313 061212.373 INFO             PET0 PIOc_sync Enter - MemInfo: [malloc] Total space used (mmap + non-mmap):         22874576 Byte
20220313 061212.373 INFO             PET0 PIOc_sync Enter - MemInfo: Wall-clock time since execution start:               0.293965 seconds
20220313 061212.373 INFO             PET0 PIOc_sync Exit - MemInfo: [/proc/meminfo - SSI]	MemTotal:       65507008 kB
20220313 061212.373 INFO             PET0 PIOc_sync Exit - MemInfo: [/proc/meminfo - SSI]	MemFree:        49634040 kB
20220313 061212.373 INFO             PET0 PIOc_sync Exit - MemInfo: [/proc/meminfo - SSI]	MemAvailable:   49390052 kB
20220313 061212.373 INFO             PET0 PIOc_sync Exit - MemInfo: [/proc/meminfo - SSI]	Committed_AS:   13170816 kB
20220313 061212.373 INFO             PET0 PIOc_sync Exit - MemInfo: [/proc/meminfo - SSI]	CommittedPercent: 20.106 %
20220313 061212.373 INFO             PET0 PIOc_sync Exit - MemInfo: [/proc/self/status]	VmPeak:	  527080 kB
20220313 061212.373 INFO             PET0 PIOc_sync Exit - MemInfo: [/proc/self/status]	VmSize:	  527076 kB
20220313 061212.373 INFO             PET0 PIOc_sync Exit - MemInfo: [/proc/self/status]	VmLck:	       0 kB
20220313 061212.373 INFO             PET0 PIOc_sync Exit - MemInfo: [/proc/self/status]	VmPin:	       0 kB
20220313 061212.373 INFO             PET0 PIOc_sync Exit - MemInfo: [/proc/self/status]	VmHWM:	   61376 kB
20220313 061212.373 INFO             PET0 PIOc_sync Exit - MemInfo: [/proc/self/status]	VmRSS:	   35804 kB
20220313 061212.373 INFO             PET0 PIOc_sync Exit - MemInfo: [/proc/self/status]	VmData:	   37912 kB
20220313 061212.373 INFO             PET0 PIOc_sync Exit - MemInfo: [/proc/self/status]	VmStk:	     148 kB
20220313 061212.373 INFO             PET0 PIOc_sync Exit - MemInfo: [/proc/self/status]	VmExe:	     228 kB
20220313 061212.373 INFO             PET0 PIOc_sync Exit - MemInfo: [/proc/self/status]	VmLib:	   49028 kB
20220313 061212.373 INFO             PET0 PIOc_sync Exit - MemInfo: [/proc/self/status]	VmPTE:	     768 kB
20220313 061212.373 INFO             PET0 PIOc_sync Exit - MemInfo: [/proc/self/status]	VmPMD:	      16 kB
20220313 061212.373 INFO             PET0 PIOc_sync Exit - MemInfo: [/proc/self/status]	VmSwap:	       0 kB
20220313 061212.373 INFO             PET0 PIOc_sync Exit - MemInfo: [/proc/self/status]	VmRSSPercent: 0.0546567 %
20220313 061212.373 INFO             PET0 PIOc_sync Exit - MemInfo: [malloc] Non-mmapped space allocated:                26554368 Byte
20220313 061212.373 INFO             PET0 PIOc_sync Exit - MemInfo: [malloc] Space allocated in mmapped regions:          1581056 Byte
20220313 061212.373 INFO             PET0 PIOc_sync Exit - MemInfo: [malloc] Maximum total allocated space:                     0 Byte
20220313 061212.373 INFO             PET0 PIOc_sync Exit - MemInfo: [malloc] Space in freed fastbin blocks:                  1744 Byte
20220313 061212.373 INFO             PET0 PIOc_sync Exit - MemInfo: [malloc] Total allocated space:                      21288944 Byte
20220313 061212.373 INFO             PET0 PIOc_sync Exit - MemInfo: [malloc] Total free space:                            5265424 Byte
20220313 061212.373 INFO             PET0 PIOc_sync Exit - MemInfo: [malloc] Top-most, releasable space:                   131280 Byte
20220313 061212.373 INFO             PET0 PIOc_sync Exit - MemInfo: [malloc] Total space in use, mmap + non-mmap:        22870000 Byte
20220313 061212.373 INFO             PET0 PIOc_sync Exit - MemInfo: [malloc] Total space held (mmap + non-mmap):         28135424 Byte
20220313 061212.373 INFO             PET0 PIOc_sync Exit - MemInfo: [malloc] Total space used (mmap + non-mmap):         22879328 Byte
20220313 061212.373 INFO             PET0 PIOc_sync Exit - MemInfo: Wall-clock time since execution start:               0.294438 seconds
20220313 061212.373 INFO             PET0 PIOc_freedecomp Enter - MemInfo: [/proc/meminfo - SSI]	MemTotal:       65507008 kB
20220313 061212.373 INFO             PET0 PIOc_freedecomp Enter - MemInfo: [/proc/meminfo - SSI]	MemFree:        49634040 kB
20220313 061212.373 INFO             PET0 PIOc_freedecomp Enter - MemInfo: [/proc/meminfo - SSI]	MemAvailable:   49390052 kB
20220313 061212.373 INFO             PET0 PIOc_freedecomp Enter - MemInfo: [/proc/meminfo - SSI]	Committed_AS:   13170816 kB
20220313 061212.373 INFO             PET0 PIOc_freedecomp Enter - MemInfo: [/proc/meminfo - SSI]	CommittedPercent: 20.106 %
20220313 061212.373 INFO             PET0 PIOc_freedecomp Enter - MemInfo: [/proc/self/status]	VmPeak:	  527080 kB
20220313 061212.373 INFO             PET0 PIOc_freedecomp Enter - MemInfo: [/proc/self/status]	VmSize:	  527076 kB
20220313 061212.373 INFO             PET0 PIOc_freedecomp Enter - MemInfo: [/proc/self/status]	VmLck:	       0 kB
20220313 061212.373 INFO             PET0 PIOc_freedecomp Enter - MemInfo: [/proc/self/status]	VmPin:	       0 kB
20220313 061212.373 INFO             PET0 PIOc_freedecomp Enter - MemInfo: [/proc/self/status]	VmHWM:	   61376 kB
20220313 061212.373 INFO             PET0 PIOc_freedecomp Enter - MemInfo: [/proc/self/status]	VmRSS:	   35804 kB
20220313 061212.373 INFO             PET0 PIOc_freedecomp Enter - MemInfo: [/proc/self/status]	VmData:	   37912 kB
20220313 061212.373 INFO             PET0 PIOc_freedecomp Enter - MemInfo: [/proc/self/status]	VmStk:	     148 kB
20220313 061212.373 INFO             PET0 PIOc_freedecomp Enter - MemInfo: [/proc/self/status]	VmExe:	     228 kB
20220313 061212.373 INFO             PET0 PIOc_freedecomp Enter - MemInfo: [/proc/self/status]	VmLib:	   49028 kB
20220313 061212.373 INFO             PET0 PIOc_freedecomp Enter - MemInfo: [/proc/self/status]	VmPTE:	     768 kB
20220313 061212.373 INFO             PET0 PIOc_freedecomp Enter - MemInfo: [/proc/self/status]	VmPMD:	      16 kB
20220313 061212.373 INFO             PET0 PIOc_freedecomp Enter - MemInfo: [/proc/self/status]	VmSwap:	       0 kB
20220313 061212.374 INFO             PET0 PIOc_freedecomp Enter - MemInfo: [/proc/self/status]	VmRSSPercent: 0.0546567 %
20220313 061212.374 INFO             PET0 PIOc_freedecomp Enter - MemInfo: [malloc] Non-mmapped space allocated:                26554368 Byte
20220313 061212.374 INFO             PET0 PIOc_freedecomp Enter - MemInfo: [malloc] Space allocated in mmapped regions:          1581056 Byte
20220313 061212.374 INFO             PET0 PIOc_freedecomp Enter - MemInfo: [malloc] Maximum total allocated space:                     0 Byte
20220313 061212.374 INFO             PET0 PIOc_freedecomp Enter - MemInfo: [malloc] Space in freed fastbin blocks:                  1552 Byte
20220313 061212.374 INFO             PET0 PIOc_freedecomp Enter - MemInfo: [malloc] Total allocated space:                       3973328 Byte
20220313 061212.374 INFO             PET0 PIOc_freedecomp Enter - MemInfo: [malloc] Total free space:                           22581040 Byte
20220313 061212.374 INFO             PET0 PIOc_freedecomp Enter - MemInfo: [malloc] Top-most, releasable space:                 16908512 Byte
20220313 061212.374 INFO             PET0 PIOc_freedecomp Enter - MemInfo: [malloc] Total space in use, mmap + non-mmap:         5554384 Byte
20220313 061212.374 INFO             PET0 PIOc_freedecomp Enter - MemInfo: [malloc] Total space held (mmap + non-mmap):         28135424 Byte
20220313 061212.374 INFO             PET0 PIOc_freedecomp Enter - MemInfo: [malloc] Total space used (mmap + non-mmap):          5563712 Byte
20220313 061212.374 INFO             PET0 PIOc_freedecomp Enter - MemInfo: Wall-clock time since execution start:               0.294814 seconds
20220313 061212.374 INFO             PET0 PIOc_freedecomp Exit - MemInfo: [/proc/meminfo - SSI]	MemTotal:       65507008 kB
20220313 061212.374 INFO             PET0 PIOc_freedecomp Exit - MemInfo: [/proc/meminfo - SSI]	MemFree:        49634040 kB
20220313 061212.374 INFO             PET0 PIOc_freedecomp Exit - MemInfo: [/proc/meminfo - SSI]	MemAvailable:   49390052 kB
20220313 061212.374 INFO             PET0 PIOc_freedecomp Exit - MemInfo: [/proc/meminfo - SSI]	Committed_AS:   13170816 kB
20220313 061212.374 INFO             PET0 PIOc_freedecomp Exit - MemInfo: [/proc/meminfo - SSI]	CommittedPercent: 20.106 %
20220313 061212.374 INFO             PET0 PIOc_freedecomp Exit - MemInfo: [/proc/self/status]	VmPeak:	  527080 kB
20220313 061212.374 INFO             PET0 PIOc_freedecomp Exit - MemInfo: [/proc/self/status]	VmSize:	  527076 kB
20220313 061212.374 INFO             PET0 PIOc_freedecomp Exit - MemInfo: [/proc/self/status]	VmLck:	       0 kB
20220313 061212.374 INFO             PET0 PIOc_freedecomp Exit - MemInfo: [/proc/self/status]	VmPin:	       0 kB
20220313 061212.374 INFO             PET0 PIOc_freedecomp Exit - MemInfo: [/proc/self/status]	VmHWM:	   61376 kB
20220313 061212.374 INFO             PET0 PIOc_freedecomp Exit - MemInfo: [/proc/self/status]	VmRSS:	   35804 kB
20220313 061212.374 INFO             PET0 PIOc_freedecomp Exit - MemInfo: [/proc/self/status]	VmData:	   37912 kB
20220313 061212.374 INFO             PET0 PIOc_freedecomp Exit - MemInfo: [/proc/self/status]	VmStk:	     148 kB
20220313 061212.374 INFO             PET0 PIOc_freedecomp Exit - MemInfo: [/proc/self/status]	VmExe:	     228 kB
20220313 061212.374 INFO             PET0 PIOc_freedecomp Exit - MemInfo: [/proc/self/status]	VmLib:	   49028 kB
20220313 061212.374 INFO             PET0 PIOc_freedecomp Exit - MemInfo: [/proc/self/status]	VmPTE:	     768 kB
20220313 061212.374 INFO             PET0 PIOc_freedecomp Exit - MemInfo: [/proc/self/status]	VmPMD:	      16 kB
20220313 061212.374 INFO             PET0 PIOc_freedecomp Exit - MemInfo: [/proc/self/status]	VmSwap:	       0 kB
20220313 061212.374 INFO             PET0 PIOc_freedecomp Exit - MemInfo: [/proc/self/status]	VmRSSPercent: 0.0546567 %
20220313 061212.374 INFO             PET0 PIOc_freedecomp Exit - MemInfo: [malloc] Non-mmapped space allocated:                26554368 Byte
20220313 061212.374 INFO             PET0 PIOc_freedecomp Exit - MemInfo: [malloc] Space allocated in mmapped regions:          1581056 Byte
20220313 061212.374 INFO             PET0 PIOc_freedecomp Exit - MemInfo: [malloc] Maximum total allocated space:                     0 Byte
20220313 061212.374 INFO             PET0 PIOc_freedecomp Exit - MemInfo: [malloc] Space in freed fastbin blocks:                  3168 Byte
20220313 061212.374 INFO             PET0 PIOc_freedecomp Exit - MemInfo: [malloc] Total allocated space:                       3966560 Byte
20220313 061212.374 INFO             PET0 PIOc_freedecomp Exit - MemInfo: [malloc] Total free space:                           22587808 Byte
20220313 061212.374 INFO             PET0 PIOc_freedecomp Exit - MemInfo: [malloc] Top-most, releasable space:                 16908512 Byte
20220313 061212.374 INFO             PET0 PIOc_freedecomp Exit - MemInfo: [malloc] Total space in use, mmap + non-mmap:         5547616 Byte
20220313 061212.374 INFO             PET0 PIOc_freedecomp Exit - MemInfo: [malloc] Total space held (mmap + non-mmap):         28135424 Byte
20220313 061212.374 INFO             PET0 PIOc_freedecomp Exit - MemInfo: [malloc] Total space used (mmap + non-mmap):          5556944 Byte
20220313 061212.374 INFO             PET0 PIOc_freedecomp Exit - MemInfo: Wall-clock time since execution start:               0.295158 seconds
20220313 061212.375 INFO             PET0 PIOc_sync Enter - MemInfo: [/proc/meminfo - SSI]	MemTotal:       65507008 kB
20220313 061212.375 INFO             PET0 PIOc_sync Enter - MemInfo: [/proc/meminfo - SSI]	MemFree:        49634040 kB
20220313 061212.375 INFO             PET0 PIOc_sync Enter - MemInfo: [/proc/meminfo - SSI]	MemAvailable:   49390052 kB
20220313 061212.375 INFO             PET0 PIOc_sync Enter - MemInfo: [/proc/meminfo - SSI]	Committed_AS:   13170816 kB
20220313 061212.375 INFO             PET0 PIOc_sync Enter - MemInfo: [/proc/meminfo - SSI]	CommittedPercent: 20.106 %
20220313 061212.375 INFO             PET0 PIOc_sync Enter - MemInfo: [/proc/self/status]	VmPeak:	  535264 kB
20220313 061212.375 INFO             PET0 PIOc_sync Enter - MemInfo: [/proc/self/status]	VmSize:	  527076 kB
20220313 061212.375 INFO             PET0 PIOc_sync Enter - MemInfo: [/proc/self/status]	VmLck:	       0 kB
20220313 061212.375 INFO             PET0 PIOc_sync Enter - MemInfo: [/proc/self/status]	VmPin:	       0 kB
20220313 061212.375 INFO             PET0 PIOc_sync Enter - MemInfo: [/proc/self/status]	VmHWM:	   61376 kB
20220313 061212.375 INFO             PET0 PIOc_sync Enter - MemInfo: [/proc/self/status]	VmRSS:	   35804 kB
20220313 061212.375 INFO             PET0 PIOc_sync Enter - MemInfo: [/proc/self/status]	VmData:	   37912 kB
20220313 061212.375 INFO             PET0 PIOc_sync Enter - MemInfo: [/proc/self/status]	VmStk:	     148 kB
20220313 061212.375 INFO             PET0 PIOc_sync Enter - MemInfo: [/proc/self/status]	VmExe:	     228 kB
20220313 061212.375 INFO             PET0 PIOc_sync Enter - MemInfo: [/proc/self/status]	VmLib:	   49028 kB
20220313 061212.375 INFO             PET0 PIOc_sync Enter - MemInfo: [/proc/self/status]	VmPTE:	     768 kB
20220313 061212.375 INFO             PET0 PIOc_sync Enter - MemInfo: [/proc/self/status]	VmPMD:	      16 kB
20220313 061212.375 INFO             PET0 PIOc_sync Enter - MemInfo: [/proc/self/status]	VmSwap:	       0 kB
20220313 061212.375 INFO             PET0 PIOc_sync Enter - MemInfo: [/proc/self/status]	VmRSSPercent: 0.0546567 %
20220313 061212.375 INFO             PET0 PIOc_sync Enter - MemInfo: [malloc] Non-mmapped space allocated:                26554368 Byte
20220313 061212.375 INFO             PET0 PIOc_sync Enter - MemInfo: [malloc] Space allocated in mmapped regions:          1581056 Byte
20220313 061212.375 INFO             PET0 PIOc_sync Enter - MemInfo: [malloc] Maximum total allocated space:                     0 Byte
20220313 061212.375 INFO             PET0 PIOc_sync Enter - MemInfo: [malloc] Space in freed fastbin blocks:                  2528 Byte
20220313 061212.375 INFO             PET0 PIOc_sync Enter - MemInfo: [malloc] Total allocated space:                      21284864 Byte
20220313 061212.375 INFO             PET0 PIOc_sync Enter - MemInfo: [malloc] Total free space:                            5269504 Byte
20220313 061212.375 INFO             PET0 PIOc_sync Enter - MemInfo: [malloc] Top-most, releasable space:                   131280 Byte
20220313 061212.375 INFO             PET0 PIOc_sync Enter - MemInfo: [malloc] Total space in use, mmap + non-mmap:        22865920 Byte
20220313 061212.375 INFO             PET0 PIOc_sync Enter - MemInfo: [malloc] Total space held (mmap + non-mmap):         28135424 Byte
20220313 061212.375 INFO             PET0 PIOc_sync Enter - MemInfo: [malloc] Total space used (mmap + non-mmap):         22875248 Byte
20220313 061212.375 INFO             PET0 PIOc_sync Enter - MemInfo: Wall-clock time since execution start:               0.296461 seconds
20220313 061212.375 INFO             PET0 PIOc_sync Exit - MemInfo: [/proc/meminfo - SSI]	MemTotal:       65507008 kB
20220313 061212.375 INFO             PET0 PIOc_sync Exit - MemInfo: [/proc/meminfo - SSI]	MemFree:        49634040 kB
20220313 061212.375 INFO             PET0 PIOc_sync Exit - MemInfo: [/proc/meminfo - SSI]	MemAvailable:   49390052 kB
20220313 061212.375 INFO             PET0 PIOc_sync Exit - MemInfo: [/proc/meminfo - SSI]	Committed_AS:   13170816 kB
20220313 061212.375 INFO             PET0 PIOc_sync Exit - MemInfo: [/proc/meminfo - SSI]	CommittedPercent: 20.106 %
20220313 061212.375 INFO             PET0 PIOc_sync Exit - MemInfo: [/proc/self/status]	VmPeak:	  535264 kB
20220313 061212.376 INFO             PET0 PIOc_sync Exit - MemInfo: [/proc/self/status]	VmSize:	  527076 kB
20220313 061212.376 INFO             PET0 PIOc_sync Exit - MemInfo: [/proc/self/status]	VmLck:	       0 kB
20220313 061212.376 INFO             PET0 PIOc_sync Exit - MemInfo: [/proc/self/status]	VmPin:	       0 kB
20220313 061212.376 INFO             PET0 PIOc_sync Exit - MemInfo: [/proc/self/status]	VmHWM:	   61376 kB
20220313 061212.376 INFO             PET0 PIOc_sync Exit - MemInfo: [/proc/self/status]	VmRSS:	   35804 kB
20220313 061212.376 INFO             PET0 PIOc_sync Exit - MemInfo: [/proc/self/status]	VmData:	   37912 kB
20220313 061212.376 INFO             PET0 PIOc_sync Exit - MemInfo: [/proc/self/status]	VmStk:	     148 kB
20220313 061212.376 INFO             PET0 PIOc_sync Exit - MemInfo: [/proc/self/status]	VmExe:	     228 kB
20220313 061212.376 INFO             PET0 PIOc_sync Exit - MemInfo: [/proc/self/status]	VmLib:	   49028 kB
20220313 061212.376 INFO             PET0 PIOc_sync Exit - MemInfo: [/proc/self/status]	VmPTE:	     768 kB
20220313 061212.376 INFO             PET0 PIOc_sync Exit - MemInfo: [/proc/self/status]	VmPMD:	      16 kB
20220313 061212.376 INFO             PET0 PIOc_sync Exit - MemInfo: [/proc/self/status]	VmSwap:	       0 kB
20220313 061212.376 INFO             PET0 PIOc_sync Exit - MemInfo: [/proc/self/status]	VmRSSPercent: 0.0546567 %
20220313 061212.376 INFO             PET0 PIOc_sync Exit - MemInfo: [malloc] Non-mmapped space allocated:                26554368 Byte
20220313 061212.376 INFO             PET0 PIOc_sync Exit - MemInfo: [malloc] Space allocated in mmapped regions:          1581056 Byte
20220313 061212.376 INFO             PET0 PIOc_sync Exit - MemInfo: [malloc] Maximum total allocated space:                     0 Byte
20220313 061212.376 INFO             PET0 PIOc_sync Exit - MemInfo: [malloc] Space in freed fastbin blocks:                  1840 Byte
20220313 061212.376 INFO             PET0 PIOc_sync Exit - MemInfo: [malloc] Total allocated space:                      21289632 Byte
20220313 061212.376 INFO             PET0 PIOc_sync Exit - MemInfo: [malloc] Total free space:                            5264736 Byte
20220313 061212.376 INFO             PET0 PIOc_sync Exit - MemInfo: [malloc] Top-most, releasable space:                   131280 Byte
20220313 061212.376 INFO             PET0 PIOc_sync Exit - MemInfo: [malloc] Total space in use, mmap + non-mmap:        22870688 Byte
20220313 061212.376 INFO             PET0 PIOc_sync Exit - MemInfo: [malloc] Total space held (mmap + non-mmap):         28135424 Byte
20220313 061212.376 INFO             PET0 PIOc_sync Exit - MemInfo: [malloc] Total space used (mmap + non-mmap):         22880016 Byte
20220313 061212.376 INFO             PET0 PIOc_sync Exit - MemInfo: Wall-clock time since execution start:               0.296923 seconds
20220313 061212.376 INFO             PET0 PIOc_freedecomp Enter - MemInfo: [/proc/meminfo - SSI]	MemTotal:       65507008 kB
20220313 061212.376 INFO             PET0 PIOc_freedecomp Enter - MemInfo: [/proc/meminfo - SSI]	MemFree:        49634040 kB
20220313 061212.376 INFO             PET0 PIOc_freedecomp Enter - MemInfo: [/proc/meminfo - SSI]	MemAvailable:   49390052 kB
20220313 061212.376 INFO             PET0 PIOc_freedecomp Enter - MemInfo: [/proc/meminfo - SSI]	Committed_AS:   13170816 kB
20220313 061212.376 INFO             PET0 PIOc_freedecomp Enter - MemInfo: [/proc/meminfo - SSI]	CommittedPercent: 20.106 %
20220313 061212.376 INFO             PET0 PIOc_freedecomp Enter - MemInfo: [/proc/self/status]	VmPeak:	  535264 kB
20220313 061212.376 INFO             PET0 PIOc_freedecomp Enter - MemInfo: [/proc/self/status]	VmSize:	  527076 kB
20220313 061212.376 INFO             PET0 PIOc_freedecomp Enter - MemInfo: [/proc/self/status]	VmLck:	       0 kB
20220313 061212.376 INFO             PET0 PIOc_freedecomp Enter - MemInfo: [/proc/self/status]	VmPin:	       0 kB
20220313 061212.376 INFO             PET0 PIOc_freedecomp Enter - MemInfo: [/proc/self/status]	VmHWM:	   61376 kB
20220313 061212.376 INFO             PET0 PIOc_freedecomp Enter - MemInfo: [/proc/self/status]	VmRSS:	   35804 kB
20220313 061212.376 INFO             PET0 PIOc_freedecomp Enter - MemInfo: [/proc/self/status]	VmData:	   37912 kB
20220313 061212.376 INFO             PET0 PIOc_freedecomp Enter - MemInfo: [/proc/self/status]	VmStk:	     148 kB
20220313 061212.376 INFO             PET0 PIOc_freedecomp Enter - MemInfo: [/proc/self/status]	VmExe:	     228 kB
20220313 061212.376 INFO             PET0 PIOc_freedecomp Enter - MemInfo: [/proc/self/status]	VmLib:	   49028 kB
20220313 061212.376 INFO             PET0 PIOc_freedecomp Enter - MemInfo: [/proc/self/status]	VmPTE:	     768 kB
20220313 061212.376 INFO             PET0 PIOc_freedecomp Enter - MemInfo: [/proc/self/status]	VmPMD:	      16 kB
20220313 061212.376 INFO             PET0 PIOc_freedecomp Enter - MemInfo: [/proc/self/status]	VmSwap:	       0 kB
20220313 061212.376 INFO             PET0 PIOc_freedecomp Enter - MemInfo: [/proc/self/status]	VmRSSPercent: 0.0546567 %
20220313 061212.376 INFO             PET0 PIOc_freedecomp Enter - MemInfo: [malloc] Non-mmapped space allocated:                26554368 Byte
20220313 061212.376 INFO             PET0 PIOc_freedecomp Enter - MemInfo: [malloc] Space allocated in mmapped regions:          1581056 Byte
20220313 061212.376 INFO             PET0 PIOc_freedecomp Enter - MemInfo: [malloc] Maximum total allocated space:                     0 Byte
20220313 061212.376 INFO             PET0 PIOc_freedecomp Enter - MemInfo: [malloc] Space in freed fastbin blocks:                  1776 Byte
20220313 061212.376 INFO             PET0 PIOc_freedecomp Enter - MemInfo: [malloc] Total allocated space:                       3973280 Byte
20220313 061212.376 INFO             PET0 PIOc_freedecomp Enter - MemInfo: [malloc] Total free space:                           22581088 Byte
20220313 061212.376 INFO             PET0 PIOc_freedecomp Enter - MemInfo: [malloc] Top-most, releasable space:                 16908512 Byte
20220313 061212.376 INFO             PET0 PIOc_freedecomp Enter - MemInfo: [malloc] Total space in use, mmap + non-mmap:         5554336 Byte
20220313 061212.376 INFO             PET0 PIOc_freedecomp Enter - MemInfo: [malloc] Total space held (mmap + non-mmap):         28135424 Byte
20220313 061212.376 INFO             PET0 PIOc_freedecomp Enter - MemInfo: [malloc] Total space used (mmap + non-mmap):          5563664 Byte
20220313 061212.376 INFO             PET0 PIOc_freedecomp Enter - MemInfo: Wall-clock time since execution start:               0.297293 seconds
20220313 061212.376 INFO             PET0 PIOc_freedecomp Exit - MemInfo: [/proc/meminfo - SSI]	MemTotal:       65507008 kB
20220313 061212.376 INFO             PET0 PIOc_freedecomp Exit - MemInfo: [/proc/meminfo - SSI]	MemFree:        49634040 kB
20220313 061212.376 INFO             PET0 PIOc_freedecomp Exit - MemInfo: [/proc/meminfo - SSI]	MemAvailable:   49390052 kB
20220313 061212.376 INFO             PET0 PIOc_freedecomp Exit - MemInfo: [/proc/meminfo - SSI]	Committed_AS:   13170816 kB
20220313 061212.376 INFO             PET0 PIOc_freedecomp Exit - MemInfo: [/proc/meminfo - SSI]	CommittedPercent: 20.106 %
20220313 061212.376 INFO             PET0 PIOc_freedecomp Exit - MemInfo: [/proc/self/status]	VmPeak:	  535264 kB
20220313 061212.376 INFO             PET0 PIOc_freedecomp Exit - MemInfo: [/proc/self/status]	VmSize:	  527076 kB
20220313 061212.376 INFO             PET0 PIOc_freedecomp Exit - MemInfo: [/proc/self/status]	VmLck:	       0 kB
20220313 061212.376 INFO             PET0 PIOc_freedecomp Exit - MemInfo: [/proc/self/status]	VmPin:	       0 kB
20220313 061212.376 INFO             PET0 PIOc_freedecomp Exit - MemInfo: [/proc/self/status]	VmHWM:	   61376 kB
20220313 061212.376 INFO             PET0 PIOc_freedecomp Exit - MemInfo: [/proc/self/status]	VmRSS:	   35804 kB
20220313 061212.376 INFO             PET0 PIOc_freedecomp Exit - MemInfo: [/proc/self/status]	VmData:	   37912 kB
20220313 061212.376 INFO             PET0 PIOc_freedecomp Exit - MemInfo: [/proc/self/status]	VmStk:	     148 kB
20220313 061212.376 INFO             PET0 PIOc_freedecomp Exit - MemInfo: [/proc/self/status]	VmExe:	     228 kB
20220313 061212.376 INFO             PET0 PIOc_freedecomp Exit - MemInfo: [/proc/self/status]	VmLib:	   49028 kB
20220313 061212.376 INFO             PET0 PIOc_freedecomp Exit - MemInfo: [/proc/self/status]	VmPTE:	     768 kB
20220313 061212.376 INFO             PET0 PIOc_freedecomp Exit - MemInfo: [/proc/self/status]	VmPMD:	      16 kB
20220313 061212.376 INFO             PET0 PIOc_freedecomp Exit - MemInfo: [/proc/self/status]	VmSwap:	       0 kB
20220313 061212.376 INFO             PET0 PIOc_freedecomp Exit - MemInfo: [/proc/self/status]	VmRSSPercent: 0.0546567 %
20220313 061212.376 INFO             PET0 PIOc_freedecomp Exit - MemInfo: [malloc] Non-mmapped space allocated:                26554368 Byte
20220313 061212.376 INFO             PET0 PIOc_freedecomp Exit - MemInfo: [malloc] Space allocated in mmapped regions:          1581056 Byte
20220313 061212.376 INFO             PET0 PIOc_freedecomp Exit - MemInfo: [malloc] Maximum total allocated space:                     0 Byte
20220313 061212.376 INFO             PET0 PIOc_freedecomp Exit - MemInfo: [malloc] Space in freed fastbin blocks:                  2704 Byte
20220313 061212.376 INFO             PET0 PIOc_freedecomp Exit - MemInfo: [malloc] Total allocated space:                       3966496 Byte
20220313 061212.376 INFO             PET0 PIOc_freedecomp Exit - MemInfo: [malloc] Total free space:                           22587872 Byte
20220313 061212.376 INFO             PET0 PIOc_freedecomp Exit - MemInfo: [malloc] Top-most, releasable space:                 16908512 Byte
20220313 061212.376 INFO             PET0 PIOc_freedecomp Exit - MemInfo: [malloc] Total space in use, mmap + non-mmap:         5547552 Byte
20220313 061212.376 INFO             PET0 PIOc_freedecomp Exit - MemInfo: [malloc] Total space held (mmap + non-mmap):         28135424 Byte
20220313 061212.376 INFO             PET0 PIOc_freedecomp Exit - MemInfo: [malloc] Total space used (mmap + non-mmap):          5556880 Byte
20220313 061212.376 INFO             PET0 PIOc_freedecomp Exit - MemInfo: Wall-clock time since execution start:               0.297633 seconds
20220313 061212.377 INFO             PET0 PIOc_sync Enter - MemInfo: [/proc/meminfo - SSI]	MemTotal:       65507008 kB
20220313 061212.377 INFO             PET0 PIOc_sync Enter - MemInfo: [/proc/meminfo - SSI]	MemFree:        49634040 kB
20220313 061212.377 INFO             PET0 PIOc_sync Enter - MemInfo: [/proc/meminfo - SSI]	MemAvailable:   49390052 kB
20220313 061212.377 INFO             PET0 PIOc_sync Enter - MemInfo: [/proc/meminfo - SSI]	Committed_AS:   13170816 kB
20220313 061212.377 INFO             PET0 PIOc_sync Enter - MemInfo: [/proc/meminfo - SSI]	CommittedPercent: 20.106 %
20220313 061212.378 INFO             PET0 PIOc_sync Enter - MemInfo: [/proc/self/status]	VmPeak:	  535264 kB
20220313 061212.378 INFO             PET0 PIOc_sync Enter - MemInfo: [/proc/self/status]	VmSize:	  527076 kB
20220313 061212.378 INFO             PET0 PIOc_sync Enter - MemInfo: [/proc/self/status]	VmLck:	       0 kB
20220313 061212.378 INFO             PET0 PIOc_sync Enter - MemInfo: [/proc/self/status]	VmPin:	       0 kB
20220313 061212.378 INFO             PET0 PIOc_sync Enter - MemInfo: [/proc/self/status]	VmHWM:	   61376 kB
20220313 061212.378 INFO             PET0 PIOc_sync Enter - MemInfo: [/proc/self/status]	VmRSS:	   35804 kB
20220313 061212.378 INFO             PET0 PIOc_sync Enter - MemInfo: [/proc/self/status]	VmData:	   37912 kB
20220313 061212.378 INFO             PET0 PIOc_sync Enter - MemInfo: [/proc/self/status]	VmStk:	     148 kB
20220313 061212.378 INFO             PET0 PIOc_sync Enter - MemInfo: [/proc/self/status]	VmExe:	     228 kB
20220313 061212.378 INFO             PET0 PIOc_sync Enter - MemInfo: [/proc/self/status]	VmLib:	   49028 kB
20220313 061212.378 INFO             PET0 PIOc_sync Enter - MemInfo: [/proc/self/status]	VmPTE:	     768 kB
20220313 061212.378 INFO             PET0 PIOc_sync Enter - MemInfo: [/proc/self/status]	VmPMD:	      16 kB
20220313 061212.378 INFO             PET0 PIOc_sync Enter - MemInfo: [/proc/self/status]	VmSwap:	       0 kB
20220313 061212.378 INFO             PET0 PIOc_sync Enter - MemInfo: [/proc/self/status]	VmRSSPercent: 0.0546567 %
20220313 061212.378 INFO             PET0 PIOc_sync Enter - MemInfo: [malloc] Non-mmapped space allocated:                26554368 Byte
20220313 061212.378 INFO             PET0 PIOc_sync Enter - MemInfo: [malloc] Space allocated in mmapped regions:          1581056 Byte
20220313 061212.378 INFO             PET0 PIOc_sync Enter - MemInfo: [malloc] Maximum total allocated space:                     0 Byte
20220313 061212.378 INFO             PET0 PIOc_sync Enter - MemInfo: [malloc] Space in freed fastbin blocks:                  2992 Byte
20220313 061212.378 INFO             PET0 PIOc_sync Enter - MemInfo: [malloc] Total allocated space:                      21285600 Byte
20220313 061212.378 INFO             PET0 PIOc_sync Enter - MemInfo: [malloc] Total free space:                            5268768 Byte
20220313 061212.378 INFO             PET0 PIOc_sync Enter - MemInfo: [malloc] Top-most, releasable space:                   131280 Byte
20220313 061212.378 INFO             PET0 PIOc_sync Enter - MemInfo: [malloc] Total space in use, mmap + non-mmap:        22866656 Byte
20220313 061212.378 INFO             PET0 PIOc_sync Enter - MemInfo: [malloc] Total space held (mmap + non-mmap):         28135424 Byte
20220313 061212.378 INFO             PET0 PIOc_sync Enter - MemInfo: [malloc] Total space used (mmap + non-mmap):         22875984 Byte
20220313 061212.378 INFO             PET0 PIOc_sync Enter - MemInfo: Wall-clock time since execution start:               0.298952 seconds
20220313 061212.378 INFO             PET0 PIOc_sync Exit - MemInfo: [/proc/meminfo - SSI]	MemTotal:       65507008 kB
20220313 061212.378 INFO             PET0 PIOc_sync Exit - MemInfo: [/proc/meminfo - SSI]	MemFree:        49634040 kB
20220313 061212.378 INFO             PET0 PIOc_sync Exit - MemInfo: [/proc/meminfo - SSI]	MemAvailable:   49390052 kB
20220313 061212.378 INFO             PET0 PIOc_sync Exit - MemInfo: [/proc/meminfo - SSI]	Committed_AS:   13170816 kB
20220313 061212.378 INFO             PET0 PIOc_sync Exit - MemInfo: [/proc/meminfo - SSI]	CommittedPercent: 20.106 %
20220313 061212.378 INFO             PET0 PIOc_sync Exit - MemInfo: [/proc/self/status]	VmPeak:	  535264 kB
20220313 061212.378 INFO             PET0 PIOc_sync Exit - MemInfo: [/proc/self/status]	VmSize:	  527076 kB
20220313 061212.378 INFO             PET0 PIOc_sync Exit - MemInfo: [/proc/self/status]	VmLck:	       0 kB
20220313 061212.378 INFO             PET0 PIOc_sync Exit - MemInfo: [/proc/self/status]	VmPin:	       0 kB
20220313 061212.378 INFO             PET0 PIOc_sync Exit - MemInfo: [/proc/self/status]	VmHWM:	   61376 kB
20220313 061212.378 INFO             PET0 PIOc_sync Exit - MemInfo: [/proc/self/status]	VmRSS:	   35804 kB
20220313 061212.378 INFO             PET0 PIOc_sync Exit - MemInfo: [/proc/self/status]	VmData:	   37912 kB
20220313 061212.378 INFO             PET0 PIOc_sync Exit - MemInfo: [/proc/self/status]	VmStk:	     148 kB
20220313 061212.378 INFO             PET0 PIOc_sync Exit - MemInfo: [/proc/self/status]	VmExe:	     228 kB
20220313 061212.378 INFO             PET0 PIOc_sync Exit - MemInfo: [/proc/self/status]	VmLib:	   49028 kB
20220313 061212.378 INFO             PET0 PIOc_sync Exit - MemInfo: [/proc/self/status]	VmPTE:	     768 kB
20220313 061212.378 INFO             PET0 PIOc_sync Exit - MemInfo: [/proc/self/status]	VmPMD:	      16 kB
20220313 061212.378 INFO             PET0 PIOc_sync Exit - MemInfo: [/proc/self/status]	VmSwap:	       0 kB
20220313 061212.378 INFO             PET0 PIOc_sync Exit - MemInfo: [/proc/self/status]	VmRSSPercent: 0.0546567 %
20220313 061212.378 INFO             PET0 PIOc_sync Exit - MemInfo: [malloc] Non-mmapped space allocated:                26554368 Byte
20220313 061212.378 INFO             PET0 PIOc_sync Exit - MemInfo: [malloc] Space allocated in mmapped regions:          1581056 Byte
20220313 061212.378 INFO             PET0 PIOc_sync Exit - MemInfo: [malloc] Maximum total allocated space:                     0 Byte
20220313 061212.378 INFO             PET0 PIOc_sync Exit - MemInfo: [malloc] Space in freed fastbin blocks:                  1744 Byte
20220313 061212.378 INFO             PET0 PIOc_sync Exit - MemInfo: [malloc] Total allocated space:                      21290400 Byte
20220313 061212.378 INFO             PET0 PIOc_sync Exit - MemInfo: [malloc] Total free space:                            5263968 Byte
20220313 061212.378 INFO             PET0 PIOc_sync Exit - MemInfo: [malloc] Top-most, releasable space:                   131280 Byte
20220313 061212.378 INFO             PET0 PIOc_sync Exit - MemInfo: [malloc] Total space in use, mmap + non-mmap:        22871456 Byte
20220313 061212.378 INFO             PET0 PIOc_sync Exit - MemInfo: [malloc] Total space held (mmap + non-mmap):         28135424 Byte
20220313 061212.378 INFO             PET0 PIOc_sync Exit - MemInfo: [malloc] Total space used (mmap + non-mmap):         22880784 Byte
20220313 061212.378 INFO             PET0 PIOc_sync Exit - MemInfo: Wall-clock time since execution start:               0.299424 seconds
20220313 061212.378 INFO             PET0 PIOc_freedecomp Enter - MemInfo: [/proc/meminfo - SSI]	MemTotal:       65507008 kB
20220313 061212.378 INFO             PET0 PIOc_freedecomp Enter - MemInfo: [/proc/meminfo - SSI]	MemFree:        49634040 kB
20220313 061212.378 INFO             PET0 PIOc_freedecomp Enter - MemInfo: [/proc/meminfo - SSI]	MemAvailable:   49390052 kB
20220313 061212.378 INFO             PET0 PIOc_freedecomp Enter - MemInfo: [/proc/meminfo - SSI]	Committed_AS:   13170816 kB
20220313 061212.378 INFO             PET0 PIOc_freedecomp Enter - MemInfo: [/proc/meminfo - SSI]	CommittedPercent: 20.106 %
20220313 061212.378 INFO             PET0 PIOc_freedecomp Enter - MemInfo: [/proc/self/status]	VmPeak:	  535264 kB
20220313 061212.378 INFO             PET0 PIOc_freedecomp Enter - MemInfo: [/proc/self/status]	VmSize:	  527076 kB
20220313 061212.378 INFO             PET0 PIOc_freedecomp Enter - MemInfo: [/proc/self/status]	VmLck:	       0 kB
20220313 061212.378 INFO             PET0 PIOc_freedecomp Enter - MemInfo: [/proc/self/status]	VmPin:	       0 kB
20220313 061212.378 INFO             PET0 PIOc_freedecomp Enter - MemInfo: [/proc/self/status]	VmHWM:	   61376 kB
20220313 061212.378 INFO             PET0 PIOc_freedecomp Enter - MemInfo: [/proc/self/status]	VmRSS:	   35804 kB
20220313 061212.378 INFO             PET0 PIOc_freedecomp Enter - MemInfo: [/proc/self/status]	VmData:	   37912 kB
20220313 061212.378 INFO             PET0 PIOc_freedecomp Enter - MemInfo: [/proc/self/status]	VmStk:	     148 kB
20220313 061212.378 INFO             PET0 PIOc_freedecomp Enter - MemInfo: [/proc/self/status]	VmExe:	     228 kB
20220313 061212.378 INFO             PET0 PIOc_freedecomp Enter - MemInfo: [/proc/self/status]	VmLib:	   49028 kB
20220313 061212.378 INFO             PET0 PIOc_freedecomp Enter - MemInfo: [/proc/self/status]	VmPTE:	     768 kB
20220313 061212.378 INFO             PET0 PIOc_freedecomp Enter - MemInfo: [/proc/self/status]	VmPMD:	      16 kB
20220313 061212.378 INFO             PET0 PIOc_freedecomp Enter - MemInfo: [/proc/self/status]	VmSwap:	       0 kB
20220313 061212.378 INFO             PET0 PIOc_freedecomp Enter - MemInfo: [/proc/self/status]	VmRSSPercent: 0.0546567 %
20220313 061212.379 INFO             PET0 PIOc_freedecomp Enter - MemInfo: [malloc] Non-mmapped space allocated:                26554368 Byte
20220313 061212.379 INFO             PET0 PIOc_freedecomp Enter - MemInfo: [malloc] Space allocated in mmapped regions:          1581056 Byte
20220313 061212.379 INFO             PET0 PIOc_freedecomp Enter - MemInfo: [malloc] Maximum total allocated space:                     0 Byte
20220313 061212.379 INFO             PET0 PIOc_freedecomp Enter - MemInfo: [malloc] Space in freed fastbin blocks:                  1552 Byte
20220313 061212.379 INFO             PET0 PIOc_freedecomp Enter - MemInfo: [malloc] Total allocated space:                       3973312 Byte
20220313 061212.379 INFO             PET0 PIOc_freedecomp Enter - MemInfo: [malloc] Total free space:                           22581056 Byte
20220313 061212.379 INFO             PET0 PIOc_freedecomp Enter - MemInfo: [malloc] Top-most, releasable space:                 16908512 Byte
20220313 061212.379 INFO             PET0 PIOc_freedecomp Enter - MemInfo: [malloc] Total space in use, mmap + non-mmap:         5554368 Byte
20220313 061212.379 INFO             PET0 PIOc_freedecomp Enter - MemInfo: [malloc] Total space held (mmap + non-mmap):         28135424 Byte
20220313 061212.379 INFO             PET0 PIOc_freedecomp Enter - MemInfo: [malloc] Total space used (mmap + non-mmap):          5563696 Byte
20220313 061212.379 INFO             PET0 PIOc_freedecomp Enter - MemInfo: Wall-clock time since execution start:               0.299797 seconds
20220313 061212.379 INFO             PET0 PIOc_freedecomp Exit - MemInfo: [/proc/meminfo - SSI]	MemTotal:       65507008 kB
20220313 061212.379 INFO             PET0 PIOc_freedecomp Exit - MemInfo: [/proc/meminfo - SSI]	MemFree:        49634040 kB
20220313 061212.379 INFO             PET0 PIOc_freedecomp Exit - MemInfo: [/proc/meminfo - SSI]	MemAvailable:   49390052 kB
20220313 061212.379 INFO             PET0 PIOc_freedecomp Exit - MemInfo: [/proc/meminfo - SSI]	Committed_AS:   13170816 kB
20220313 061212.379 INFO             PET0 PIOc_freedecomp Exit - MemInfo: [/proc/meminfo - SSI]	CommittedPercent: 20.106 %
20220313 061212.379 INFO             PET0 PIOc_freedecomp Exit - MemInfo: [/proc/self/status]	VmPeak:	  535264 kB
20220313 061212.379 INFO             PET0 PIOc_freedecomp Exit - MemInfo: [/proc/self/status]	VmSize:	  527076 kB
20220313 061212.379 INFO             PET0 PIOc_freedecomp Exit - MemInfo: [/proc/self/status]	VmLck:	       0 kB
20220313 061212.379 INFO             PET0 PIOc_freedecomp Exit - MemInfo: [/proc/self/status]	VmPin:	       0 kB
20220313 061212.379 INFO             PET0 PIOc_freedecomp Exit - MemInfo: [/proc/self/status]	VmHWM:	   61376 kB
20220313 061212.379 INFO             PET0 PIOc_freedecomp Exit - MemInfo: [/proc/self/status]	VmRSS:	   35804 kB
20220313 061212.379 INFO             PET0 PIOc_freedecomp Exit - MemInfo: [/proc/self/status]	VmData:	   37912 kB
20220313 061212.379 INFO             PET0 PIOc_freedecomp Exit - MemInfo: [/proc/self/status]	VmStk:	     148 kB
20220313 061212.379 INFO             PET0 PIOc_freedecomp Exit - MemInfo: [/proc/self/status]	VmExe:	     228 kB
20220313 061212.379 INFO             PET0 PIOc_freedecomp Exit - MemInfo: [/proc/self/status]	VmLib:	   49028 kB
20220313 061212.379 INFO             PET0 PIOc_freedecomp Exit - MemInfo: [/proc/self/status]	VmPTE:	     768 kB
20220313 061212.379 INFO             PET0 PIOc_freedecomp Exit - MemInfo: [/proc/self/status]	VmPMD:	      16 kB
20220313 061212.379 INFO             PET0 PIOc_freedecomp Exit - MemInfo: [/proc/self/status]	VmSwap:	       0 kB
20220313 061212.379 INFO             PET0 PIOc_freedecomp Exit - MemInfo: [/proc/self/status]	VmRSSPercent: 0.0546567 %
20220313 061212.379 INFO             PET0 PIOc_freedecomp Exit - MemInfo: [malloc] Non-mmapped space allocated:                26554368 Byte
20220313 061212.379 INFO             PET0 PIOc_freedecomp Exit - MemInfo: [malloc] Space allocated in mmapped regions:          1581056 Byte
20220313 061212.379 INFO             PET0 PIOc_freedecomp Exit - MemInfo: [malloc] Maximum total allocated space:                     0 Byte
20220313 061212.379 INFO             PET0 PIOc_freedecomp Exit - MemInfo: [malloc] Space in freed fastbin blocks:                  3040 Byte
20220313 061212.379 INFO             PET0 PIOc_freedecomp Exit - MemInfo: [malloc] Total allocated space:                       3966512 Byte
20220313 061212.379 INFO             PET0 PIOc_freedecomp Exit - MemInfo: [malloc] Total free space:                           22587856 Byte
20220313 061212.379 INFO             PET0 PIOc_freedecomp Exit - MemInfo: [malloc] Top-most, releasable space:                 16908512 Byte
20220313 061212.379 INFO             PET0 PIOc_freedecomp Exit - MemInfo: [malloc] Total space in use, mmap + non-mmap:         5547568 Byte
20220313 061212.379 INFO             PET0 PIOc_freedecomp Exit - MemInfo: [malloc] Total space held (mmap + non-mmap):         28135424 Byte
20220313 061212.379 INFO             PET0 PIOc_freedecomp Exit - MemInfo: [malloc] Total space used (mmap + non-mmap):          5556896 Byte
20220313 061212.379 INFO             PET0 PIOc_freedecomp Exit - MemInfo: Wall-clock time since execution start:                0.30014 seconds
20220313 061212.381 INFO             PET0  PASS  Test RouteHandleDestroy(), ESMF_RouteHandleAdvancedUTest.F90, line 633
20220313 061212.381 INFO             PET0  PASS  Apply the copied Routehandle, ESMF_RouteHandleAdvancedUTest.F90, line 643
20220313 061212.381 INFO             PET0  PASS  Test RouteHandleDestroy() for the copied Routehandle, ESMF_RouteHandleAdvancedUTest.F90, line 651
20220313 061212.381 INFO             PET0  PASS  Test ESMF_DynamicMaskSetR4R4R4(), ESMF_RouteHandleAdvancedUTest.F90, line 716
20220313 061212.381 INFO             PET0  PASS  Test ESMF_DynamicMaskSetR4R4R4V(), ESMF_RouteHandleAdvancedUTest.F90, line 725
20220313 061212.381 INFO             PET0  PASS  Test ESMF_DynamicMaskSetR4R8R4V(), ESMF_RouteHandleAdvancedUTest.F90, line 734
20220313 061212.381 INFO             PET0  Ending Test, file ESMF_RouteHandleAdvancedUTest.F90, line 749
20220313 061212.381 INFO             PET0 Finalizing ESMF
20220313 061212.080 INFO             PET1 !!!!!!!!!!!!!!!!!!!!!!!!!!!!!!!!!!!!!!!!!!!!!!!!!!!!!!
20220313 061212.080 INFO             PET1 !!! THE ESMF_LOG IS SET TO OUTPUT ALL LOG MESSAGES !!!
20220313 061212.080 INFO             PET1 !!!     THIS MAY CAUSE SLOWDOWN IN PERFORMANCE     !!!
20220313 061212.080 INFO             PET1 !!! FOR PRODUCTION RUNS, USE:                      !!!
20220313 061212.080 INFO             PET1 !!!                   ESMF_LOGKIND_Multi_On_Error  !!!
20220313 061212.080 INFO             PET1 !!!!!!!!!!!!!!!!!!!!!!!!!!!!!!!!!!!!!!!!!!!!!!!!!!!!!!
20220313 061212.080 INFO             PET1 Running with ESMF Version   : v8.3.0b09-96-g559b459836
20220313 061212.080 INFO             PET1 ESMF library build date/time: "Mar 13 2022" "05:58:15"
20220313 061212.080 INFO             PET1 ESMF library build location : /glade/scratch/rlong/esmf-testing/gfortran_7.4.0_openmpi_O_jedwards_pio_update2
20220313 061212.080 INFO             PET1 ESMF_COMM                   : openmpi
20220313 061212.080 INFO             PET1 ESMF_MOAB                   : enabled
20220313 061212.080 INFO             PET1 ESMF_LAPACK                 : enabled
20220313 061212.080 INFO             PET1 ESMF_NETCDF                 : enabled
20220313 061212.080 INFO             PET1 ESMF_PNETCDF                : disabled
20220313 061212.080 INFO             PET1 ESMF_PIO                    : enabled
20220313 061212.080 INFO             PET1 ESMF_YAMLCPP                : enabled
20220313 061212.081 INFO             PET1  Beginning Test, file ESMF_RouteHandleAdvancedUTest.F90, line 346
20220313 061212.081 INFO             PET1  NUMBER_OF_PROCESSORS           4
20220313 061212.086 INFO             PET1 ESMF_FieldRedistStoreNF(): Just entered routine.
20220313 061212.208 INFO             PET1 ESMF_FieldRedistStoreNF(): Leaving routine.
20220313 061212.208 INFO             PET1  PASS  Create RouteHandle for the original petList, ESMF_RouteHandleAdvancedUTest.F90, line 511
20220313 061212.208 INFO             PET1  PASS  Test RouteHandleIsCreated(), ESMF_RouteHandleAdvancedUTest.F90, line 519
20220313 061212.208 INFO             PET1  PASS  Test RouteHandleIsCreated() return value, ESMF_RouteHandleAdvancedUTest.F90, line 526
20220313 061212.208 INFO             PET1  PASS  Test RouteHandleGet(), ESMF_RouteHandleAdvancedUTest.F90, line 534
20220313 061212.217 INFO             PET1  PASS  Test RouteHandleWrite(), ESMF_RouteHandleAdvancedUTest.F90, line 542
20220313 061212.217 INFO             PET1  PASS  Test RouteHandleDestroy(), ESMF_RouteHandleAdvancedUTest.F90, line 550
20220313 061212.227 INFO             PET1  PASS  Test RouteHandleCreate(from file), ESMF_RouteHandleAdvancedUTest.F90, line 558
20220313 061212.228 INFO             PET1  PASS  Apply the read in Routehandle, ESMF_RouteHandleAdvancedUTest.F90, line 567
20220313 061212.228 INFO             PET1  PASS  Test RouteHandleDestroy() for the read in Routehandle, ESMF_RouteHandleAdvancedUTest.F90, line 575
20220313 061212.228 INFO             PET1 ESMF_FieldRedistStoreNF(): Just entered routine.
20220313 061212.346 INFO             PET1 ESMF_FieldRedistStoreNF(): Leaving routine.
20220313 061212.346 INFO             PET1  PASS  Create RouteHandle for the original petList, ESMF_RouteHandleAdvancedUTest.F90, line 585
20220313 061212.346 INFO             PET1  PASS  Transfer RouteHandle to a different petList, ESMF_RouteHandleAdvancedUTest.F90, line 602
20220313 061212.364 INFO             PET1 PIOc_sync Enter - MemInfo: [/proc/meminfo - SSI]	MemTotal:       65507008 kB
20220313 061212.364 INFO             PET1 PIOc_sync Enter - MemInfo: [/proc/meminfo - SSI]	MemFree:        49625472 kB
20220313 061212.364 INFO             PET1 PIOc_sync Enter - MemInfo: [/proc/meminfo - SSI]	MemAvailable:   49381484 kB
20220313 061212.364 INFO             PET1 PIOc_sync Enter - MemInfo: [/proc/meminfo - SSI]	Committed_AS:   13170820 kB
20220313 061212.364 INFO             PET1 PIOc_sync Enter - MemInfo: [/proc/meminfo - SSI]	CommittedPercent: 20.106 %
20220313 061212.366 INFO             PET1 PIOc_sync Enter - MemInfo: [/proc/self/status]	VmPeak:	  514920 kB
20220313 061212.366 INFO             PET1 PIOc_sync Enter - MemInfo: [/proc/self/status]	VmSize:	  510692 kB
20220313 061212.366 INFO             PET1 PIOc_sync Enter - MemInfo: [/proc/self/status]	VmLck:	       0 kB
20220313 061212.366 INFO             PET1 PIOc_sync Enter - MemInfo: [/proc/self/status]	VmPin:	       0 kB
20220313 061212.366 INFO             PET1 PIOc_sync Enter - MemInfo: [/proc/self/status]	VmHWM:	   61380 kB
20220313 061212.366 INFO             PET1 PIOc_sync Enter - MemInfo: [/proc/self/status]	VmRSS:	   26504 kB
20220313 061212.366 INFO             PET1 PIOc_sync Enter - MemInfo: [/proc/self/status]	VmData:	   21528 kB
20220313 061212.366 INFO             PET1 PIOc_sync Enter - MemInfo: [/proc/self/status]	VmStk:	     148 kB
20220313 061212.366 INFO             PET1 PIOc_sync Enter - MemInfo: [/proc/self/status]	VmExe:	     228 kB
20220313 061212.366 INFO             PET1 PIOc_sync Enter - MemInfo: [/proc/self/status]	VmLib:	   49028 kB
20220313 061212.366 INFO             PET1 PIOc_sync Enter - MemInfo: [/proc/self/status]	VmPTE:	     752 kB
20220313 061212.366 INFO             PET1 PIOc_sync Enter - MemInfo: [/proc/self/status]	VmPMD:	      16 kB
20220313 061212.366 INFO             PET1 PIOc_sync Enter - MemInfo: [/proc/self/status]	VmSwap:	       0 kB
20220313 061212.366 INFO             PET1 PIOc_sync Enter - MemInfo: [/proc/self/status]	VmRSSPercent: 0.0404598 %
20220313 061212.366 INFO             PET1 PIOc_sync Enter - MemInfo: [malloc] Non-mmapped space allocated:                 9777152 Byte
20220313 061212.366 INFO             PET1 PIOc_sync Enter - MemInfo: [malloc] Space allocated in mmapped regions:          1581056 Byte
20220313 061212.366 INFO             PET1 PIOc_sync Enter - MemInfo: [malloc] Maximum total allocated space:                     0 Byte
20220313 061212.366 INFO             PET1 PIOc_sync Enter - MemInfo: [malloc] Space in freed fastbin blocks:                   880 Byte
20220313 061212.366 INFO             PET1 PIOc_sync Enter - MemInfo: [malloc] Total allocated space:                       3714096 Byte
20220313 061212.366 INFO             PET1 PIOc_sync Enter - MemInfo: [malloc] Total free space:                            6063056 Byte
20220313 061212.366 INFO             PET1 PIOc_sync Enter - MemInfo: [malloc] Top-most, releasable space:                   131168 Byte
20220313 061212.366 INFO             PET1 PIOc_sync Enter - MemInfo: [malloc] Total space in use, mmap + non-mmap:         5295152 Byte
20220313 061212.366 INFO             PET1 PIOc_sync Enter - MemInfo: [malloc] Total space held (mmap + non-mmap):         11358208 Byte
20220313 061212.366 INFO             PET1 PIOc_sync Enter - MemInfo: [malloc] Total space used (mmap + non-mmap):          5304480 Byte
20220313 061212.366 INFO             PET1 PIOc_sync Enter - MemInfo: Wall-clock time since execution start:               0.287326 seconds
20220313 061212.366 INFO             PET1 PIOc_sync Exit - MemInfo: [/proc/meminfo - SSI]	MemTotal:       65507008 kB
20220313 061212.367 INFO             PET1 PIOc_sync Exit - MemInfo: [/proc/meminfo - SSI]	MemFree:        49625472 kB
20220313 061212.367 INFO             PET1 PIOc_sync Exit - MemInfo: [/proc/meminfo - SSI]	MemAvailable:   49381484 kB
20220313 061212.367 INFO             PET1 PIOc_sync Exit - MemInfo: [/proc/meminfo - SSI]	Committed_AS:   13170820 kB
20220313 061212.367 INFO             PET1 PIOc_sync Exit - MemInfo: [/proc/meminfo - SSI]	CommittedPercent: 20.106 %
20220313 061212.367 INFO             PET1 PIOc_sync Exit - MemInfo: [/proc/self/status]	VmPeak:	  514920 kB
20220313 061212.367 INFO             PET1 PIOc_sync Exit - MemInfo: [/proc/self/status]	VmSize:	  510692 kB
20220313 061212.367 INFO             PET1 PIOc_sync Exit - MemInfo: [/proc/self/status]	VmLck:	       0 kB
20220313 061212.367 INFO             PET1 PIOc_sync Exit - MemInfo: [/proc/self/status]	VmPin:	       0 kB
20220313 061212.367 INFO             PET1 PIOc_sync Exit - MemInfo: [/proc/self/status]	VmHWM:	   61380 kB
20220313 061212.367 INFO             PET1 PIOc_sync Exit - MemInfo: [/proc/self/status]	VmRSS:	   26584 kB
20220313 061212.367 INFO             PET1 PIOc_sync Exit - MemInfo: [/proc/self/status]	VmData:	   21528 kB
20220313 061212.367 INFO             PET1 PIOc_sync Exit - MemInfo: [/proc/self/status]	VmStk:	     148 kB
20220313 061212.367 INFO             PET1 PIOc_sync Exit - MemInfo: [/proc/self/status]	VmExe:	     228 kB
20220313 061212.367 INFO             PET1 PIOc_sync Exit - MemInfo: [/proc/self/status]	VmLib:	   49028 kB
20220313 061212.367 INFO             PET1 PIOc_sync Exit - MemInfo: [/proc/self/status]	VmPTE:	     752 kB
20220313 061212.367 INFO             PET1 PIOc_sync Exit - MemInfo: [/proc/self/status]	VmPMD:	      16 kB
20220313 061212.367 INFO             PET1 PIOc_sync Exit - MemInfo: [/proc/self/status]	VmSwap:	       0 kB
20220313 061212.367 INFO             PET1 PIOc_sync Exit - MemInfo: [/proc/self/status]	VmRSSPercent: 0.0405819 %
20220313 061212.367 INFO             PET1 PIOc_sync Exit - MemInfo: [malloc] Non-mmapped space allocated:                 9777152 Byte
20220313 061212.367 INFO             PET1 PIOc_sync Exit - MemInfo: [malloc] Space allocated in mmapped regions:          1581056 Byte
20220313 061212.367 INFO             PET1 PIOc_sync Exit - MemInfo: [malloc] Maximum total allocated space:                     0 Byte
20220313 061212.367 INFO             PET1 PIOc_sync Exit - MemInfo: [malloc] Space in freed fastbin blocks:                  1392 Byte
20220313 061212.367 INFO             PET1 PIOc_sync Exit - MemInfo: [malloc] Total allocated space:                       3714016 Byte
20220313 061212.367 INFO             PET1 PIOc_sync Exit - MemInfo: [malloc] Total free space:                            6063136 Byte
20220313 061212.367 INFO             PET1 PIOc_sync Exit - MemInfo: [malloc] Top-most, releasable space:                   131168 Byte
20220313 061212.367 INFO             PET1 PIOc_sync Exit - MemInfo: [malloc] Total space in use, mmap + non-mmap:         5295072 Byte
20220313 061212.367 INFO             PET1 PIOc_sync Exit - MemInfo: [malloc] Total space held (mmap + non-mmap):         11358208 Byte
20220313 061212.367 INFO             PET1 PIOc_sync Exit - MemInfo: [malloc] Total space used (mmap + non-mmap):          5304400 Byte
20220313 061212.367 INFO             PET1 PIOc_sync Exit - MemInfo: Wall-clock time since execution start:               0.287898 seconds
20220313 061212.368 INFO             PET1 PIOc_freedecomp Enter - MemInfo: [/proc/meminfo - SSI]	MemTotal:       65507008 kB
20220313 061212.368 INFO             PET1 PIOc_freedecomp Enter - MemInfo: [/proc/meminfo - SSI]	MemFree:        49640592 kB
20220313 061212.368 INFO             PET1 PIOc_freedecomp Enter - MemInfo: [/proc/meminfo - SSI]	MemAvailable:   49396604 kB
20220313 061212.368 INFO             PET1 PIOc_freedecomp Enter - MemInfo: [/proc/meminfo - SSI]	Committed_AS:   13154432 kB
20220313 061212.368 INFO             PET1 PIOc_freedecomp Enter - MemInfo: [/proc/meminfo - SSI]	CommittedPercent: 20.081 %
20220313 061212.368 INFO             PET1 PIOc_freedecomp Enter - MemInfo: [/proc/self/status]	VmPeak:	  514920 kB
20220313 061212.368 INFO             PET1 PIOc_freedecomp Enter - MemInfo: [/proc/self/status]	VmSize:	  510692 kB
20220313 061212.368 INFO             PET1 PIOc_freedecomp Enter - MemInfo: [/proc/self/status]	VmLck:	       0 kB
20220313 061212.368 INFO             PET1 PIOc_freedecomp Enter - MemInfo: [/proc/self/status]	VmPin:	       0 kB
20220313 061212.368 INFO             PET1 PIOc_freedecomp Enter - MemInfo: [/proc/self/status]	VmHWM:	   61380 kB
20220313 061212.368 INFO             PET1 PIOc_freedecomp Enter - MemInfo: [/proc/self/status]	VmRSS:	   26584 kB
20220313 061212.368 INFO             PET1 PIOc_freedecomp Enter - MemInfo: [/proc/self/status]	VmData:	   21528 kB
20220313 061212.368 INFO             PET1 PIOc_freedecomp Enter - MemInfo: [/proc/self/status]	VmStk:	     148 kB
20220313 061212.368 INFO             PET1 PIOc_freedecomp Enter - MemInfo: [/proc/self/status]	VmExe:	     228 kB
20220313 061212.368 INFO             PET1 PIOc_freedecomp Enter - MemInfo: [/proc/self/status]	VmLib:	   49028 kB
20220313 061212.368 INFO             PET1 PIOc_freedecomp Enter - MemInfo: [/proc/self/status]	VmPTE:	     752 kB
20220313 061212.368 INFO             PET1 PIOc_freedecomp Enter - MemInfo: [/proc/self/status]	VmPMD:	      16 kB
20220313 061212.368 INFO             PET1 PIOc_freedecomp Enter - MemInfo: [/proc/self/status]	VmSwap:	       0 kB
20220313 061212.368 INFO             PET1 PIOc_freedecomp Enter - MemInfo: [/proc/self/status]	VmRSSPercent: 0.0405819 %
20220313 061212.368 INFO             PET1 PIOc_freedecomp Enter - MemInfo: [malloc] Non-mmapped space allocated:                 9777152 Byte
20220313 061212.368 INFO             PET1 PIOc_freedecomp Enter - MemInfo: [malloc] Space allocated in mmapped regions:          1581056 Byte
20220313 061212.368 INFO             PET1 PIOc_freedecomp Enter - MemInfo: [malloc] Maximum total allocated space:                     0 Byte
20220313 061212.368 INFO             PET1 PIOc_freedecomp Enter - MemInfo: [malloc] Space in freed fastbin blocks:                  1536 Byte
20220313 061212.368 INFO             PET1 PIOc_freedecomp Enter - MemInfo: [malloc] Total allocated space:                       3712384 Byte
20220313 061212.368 INFO             PET1 PIOc_freedecomp Enter - MemInfo: [malloc] Total free space:                            6064768 Byte
20220313 061212.368 INFO             PET1 PIOc_freedecomp Enter - MemInfo: [malloc] Top-most, releasable space:                   131168 Byte
20220313 061212.368 INFO             PET1 PIOc_freedecomp Enter - MemInfo: [malloc] Total space in use, mmap + non-mmap:         5293440 Byte
20220313 061212.368 INFO             PET1 PIOc_freedecomp Enter - MemInfo: [malloc] Total space held (mmap + non-mmap):         11358208 Byte
20220313 061212.368 INFO             PET1 PIOc_freedecomp Enter - MemInfo: [malloc] Total space used (mmap + non-mmap):          5302768 Byte
20220313 061212.368 INFO             PET1 PIOc_freedecomp Enter - MemInfo: Wall-clock time since execution start:               0.289027 seconds
20220313 061212.368 INFO             PET1 PIOc_freedecomp Exit - MemInfo: [/proc/meminfo - SSI]	MemTotal:       65507008 kB
20220313 061212.368 INFO             PET1 PIOc_freedecomp Exit - MemInfo: [/proc/meminfo - SSI]	MemFree:        49640592 kB
20220313 061212.368 INFO             PET1 PIOc_freedecomp Exit - MemInfo: [/proc/meminfo - SSI]	MemAvailable:   49396604 kB
20220313 061212.368 INFO             PET1 PIOc_freedecomp Exit - MemInfo: [/proc/meminfo - SSI]	Committed_AS:   13154432 kB
20220313 061212.368 INFO             PET1 PIOc_freedecomp Exit - MemInfo: [/proc/meminfo - SSI]	CommittedPercent: 20.081 %
20220313 061212.368 INFO             PET1 PIOc_freedecomp Exit - MemInfo: [/proc/self/status]	VmPeak:	  514920 kB
20220313 061212.368 INFO             PET1 PIOc_freedecomp Exit - MemInfo: [/proc/self/status]	VmSize:	  510692 kB
20220313 061212.368 INFO             PET1 PIOc_freedecomp Exit - MemInfo: [/proc/self/status]	VmLck:	       0 kB
20220313 061212.368 INFO             PET1 PIOc_freedecomp Exit - MemInfo: [/proc/self/status]	VmPin:	       0 kB
20220313 061212.368 INFO             PET1 PIOc_freedecomp Exit - MemInfo: [/proc/self/status]	VmHWM:	   61380 kB
20220313 061212.368 INFO             PET1 PIOc_freedecomp Exit - MemInfo: [/proc/self/status]	VmRSS:	   26588 kB
20220313 061212.368 INFO             PET1 PIOc_freedecomp Exit - MemInfo: [/proc/self/status]	VmData:	   21528 kB
20220313 061212.368 INFO             PET1 PIOc_freedecomp Exit - MemInfo: [/proc/self/status]	VmStk:	     148 kB
20220313 061212.368 INFO             PET1 PIOc_freedecomp Exit - MemInfo: [/proc/self/status]	VmExe:	     228 kB
20220313 061212.368 INFO             PET1 PIOc_freedecomp Exit - MemInfo: [/proc/self/status]	VmLib:	   49028 kB
20220313 061212.368 INFO             PET1 PIOc_freedecomp Exit - MemInfo: [/proc/self/status]	VmPTE:	     752 kB
20220313 061212.368 INFO             PET1 PIOc_freedecomp Exit - MemInfo: [/proc/self/status]	VmPMD:	      16 kB
20220313 061212.368 INFO             PET1 PIOc_freedecomp Exit - MemInfo: [/proc/self/status]	VmSwap:	       0 kB
20220313 061212.368 INFO             PET1 PIOc_freedecomp Exit - MemInfo: [/proc/self/status]	VmRSSPercent: 0.040588 %
20220313 061212.368 INFO             PET1 PIOc_freedecomp Exit - MemInfo: [malloc] Non-mmapped space allocated:                 9777152 Byte
20220313 061212.368 INFO             PET1 PIOc_freedecomp Exit - MemInfo: [malloc] Space allocated in mmapped regions:          1581056 Byte
20220313 061212.368 INFO             PET1 PIOc_freedecomp Exit - MemInfo: [malloc] Maximum total allocated space:                     0 Byte
20220313 061212.368 INFO             PET1 PIOc_freedecomp Exit - MemInfo: [malloc] Space in freed fastbin blocks:                  2032 Byte
20220313 061212.368 INFO             PET1 PIOc_freedecomp Exit - MemInfo: [malloc] Total allocated space:                       3710416 Byte
20220313 061212.368 INFO             PET1 PIOc_freedecomp Exit - MemInfo: [malloc] Total free space:                            6066736 Byte
20220313 061212.368 INFO             PET1 PIOc_freedecomp Exit - MemInfo: [malloc] Top-most, releasable space:                   131168 Byte
20220313 061212.368 INFO             PET1 PIOc_freedecomp Exit - MemInfo: [malloc] Total space in use, mmap + non-mmap:         5291472 Byte
20220313 061212.368 INFO             PET1 PIOc_freedecomp Exit - MemInfo: [malloc] Total space held (mmap + non-mmap):         11358208 Byte
20220313 061212.368 INFO             PET1 PIOc_freedecomp Exit - MemInfo: [malloc] Total space used (mmap + non-mmap):          5300800 Byte
20220313 061212.368 INFO             PET1 PIOc_freedecomp Exit - MemInfo: Wall-clock time since execution start:               0.289435 seconds
20220313 061212.372 INFO             PET1 PIOc_sync Enter - MemInfo: [/proc/meminfo - SSI]	MemTotal:       65507008 kB
20220313 061212.372 INFO             PET1 PIOc_sync Enter - MemInfo: [/proc/meminfo - SSI]	MemFree:        49634040 kB
20220313 061212.372 INFO             PET1 PIOc_sync Enter - MemInfo: [/proc/meminfo - SSI]	MemAvailable:   49390052 kB
20220313 061212.372 INFO             PET1 PIOc_sync Enter - MemInfo: [/proc/meminfo - SSI]	Committed_AS:   13170816 kB
20220313 061212.373 INFO             PET1 PIOc_sync Enter - MemInfo: [/proc/meminfo - SSI]	CommittedPercent: 20.106 %
20220313 061212.373 INFO             PET1 PIOc_sync Enter - MemInfo: [/proc/self/status]	VmPeak:	  514920 kB
20220313 061212.373 INFO             PET1 PIOc_sync Enter - MemInfo: [/proc/self/status]	VmSize:	  510692 kB
20220313 061212.373 INFO             PET1 PIOc_sync Enter - MemInfo: [/proc/self/status]	VmLck:	       0 kB
20220313 061212.373 INFO             PET1 PIOc_sync Enter - MemInfo: [/proc/self/status]	VmPin:	       0 kB
20220313 061212.373 INFO             PET1 PIOc_sync Enter - MemInfo: [/proc/self/status]	VmHWM:	   61380 kB
20220313 061212.373 INFO             PET1 PIOc_sync Enter - MemInfo: [/proc/self/status]	VmRSS:	   26588 kB
20220313 061212.373 INFO             PET1 PIOc_sync Enter - MemInfo: [/proc/self/status]	VmData:	   21528 kB
20220313 061212.373 INFO             PET1 PIOc_sync Enter - MemInfo: [/proc/self/status]	VmStk:	     148 kB
20220313 061212.373 INFO             PET1 PIOc_sync Enter - MemInfo: [/proc/self/status]	VmExe:	     228 kB
20220313 061212.373 INFO             PET1 PIOc_sync Enter - MemInfo: [/proc/self/status]	VmLib:	   49028 kB
20220313 061212.373 INFO             PET1 PIOc_sync Enter - MemInfo: [/proc/self/status]	VmPTE:	     752 kB
20220313 061212.373 INFO             PET1 PIOc_sync Enter - MemInfo: [/proc/self/status]	VmPMD:	      16 kB
20220313 061212.373 INFO             PET1 PIOc_sync Enter - MemInfo: [/proc/self/status]	VmSwap:	       0 kB
20220313 061212.373 INFO             PET1 PIOc_sync Enter - MemInfo: [/proc/self/status]	VmRSSPercent: 0.040588 %
20220313 061212.373 INFO             PET1 PIOc_sync Enter - MemInfo: [malloc] Non-mmapped space allocated:                 9777152 Byte
20220313 061212.373 INFO             PET1 PIOc_sync Enter - MemInfo: [malloc] Space allocated in mmapped regions:          1581056 Byte
20220313 061212.373 INFO             PET1 PIOc_sync Enter - MemInfo: [malloc] Maximum total allocated space:                     0 Byte
20220313 061212.373 INFO             PET1 PIOc_sync Enter - MemInfo: [malloc] Space in freed fastbin blocks:                   976 Byte
20220313 061212.373 INFO             PET1 PIOc_sync Enter - MemInfo: [malloc] Total allocated space:                       3771776 Byte
20220313 061212.373 INFO             PET1 PIOc_sync Enter - MemInfo: [malloc] Total free space:                            6005376 Byte
20220313 061212.373 INFO             PET1 PIOc_sync Enter - MemInfo: [malloc] Top-most, releasable space:                   131168 Byte
20220313 061212.373 INFO             PET1 PIOc_sync Enter - MemInfo: [malloc] Total space in use, mmap + non-mmap:         5352832 Byte
20220313 061212.373 INFO             PET1 PIOc_sync Enter - MemInfo: [malloc] Total space held (mmap + non-mmap):         11358208 Byte
20220313 061212.373 INFO             PET1 PIOc_sync Enter - MemInfo: [malloc] Total space used (mmap + non-mmap):          5362160 Byte
20220313 061212.373 INFO             PET1 PIOc_sync Enter - MemInfo: Wall-clock time since execution start:               0.293845 seconds
20220313 061212.373 INFO             PET1 PIOc_sync Exit - MemInfo: [/proc/meminfo - SSI]	MemTotal:       65507008 kB
20220313 061212.373 INFO             PET1 PIOc_sync Exit - MemInfo: [/proc/meminfo - SSI]	MemFree:        49634040 kB
20220313 061212.373 INFO             PET1 PIOc_sync Exit - MemInfo: [/proc/meminfo - SSI]	MemAvailable:   49390052 kB
20220313 061212.373 INFO             PET1 PIOc_sync Exit - MemInfo: [/proc/meminfo - SSI]	Committed_AS:   13170816 kB
20220313 061212.373 INFO             PET1 PIOc_sync Exit - MemInfo: [/proc/meminfo - SSI]	CommittedPercent: 20.106 %
20220313 061212.373 INFO             PET1 PIOc_sync Exit - MemInfo: [/proc/self/status]	VmPeak:	  514920 kB
20220313 061212.373 INFO             PET1 PIOc_sync Exit - MemInfo: [/proc/self/status]	VmSize:	  510692 kB
20220313 061212.373 INFO             PET1 PIOc_sync Exit - MemInfo: [/proc/self/status]	VmLck:	       0 kB
20220313 061212.373 INFO             PET1 PIOc_sync Exit - MemInfo: [/proc/self/status]	VmPin:	       0 kB
20220313 061212.373 INFO             PET1 PIOc_sync Exit - MemInfo: [/proc/self/status]	VmHWM:	   61380 kB
20220313 061212.373 INFO             PET1 PIOc_sync Exit - MemInfo: [/proc/self/status]	VmRSS:	   26588 kB
20220313 061212.373 INFO             PET1 PIOc_sync Exit - MemInfo: [/proc/self/status]	VmData:	   21528 kB
20220313 061212.373 INFO             PET1 PIOc_sync Exit - MemInfo: [/proc/self/status]	VmStk:	     148 kB
20220313 061212.373 INFO             PET1 PIOc_sync Exit - MemInfo: [/proc/self/status]	VmExe:	     228 kB
20220313 061212.373 INFO             PET1 PIOc_sync Exit - MemInfo: [/proc/self/status]	VmLib:	   49028 kB
20220313 061212.373 INFO             PET1 PIOc_sync Exit - MemInfo: [/proc/self/status]	VmPTE:	     752 kB
20220313 061212.373 INFO             PET1 PIOc_sync Exit - MemInfo: [/proc/self/status]	VmPMD:	      16 kB
20220313 061212.373 INFO             PET1 PIOc_sync Exit - MemInfo: [/proc/self/status]	VmSwap:	       0 kB
20220313 061212.373 INFO             PET1 PIOc_sync Exit - MemInfo: [/proc/self/status]	VmRSSPercent: 0.040588 %
20220313 061212.373 INFO             PET1 PIOc_sync Exit - MemInfo: [malloc] Non-mmapped space allocated:                 9777152 Byte
20220313 061212.373 INFO             PET1 PIOc_sync Exit - MemInfo: [malloc] Space allocated in mmapped regions:          1581056 Byte
20220313 061212.373 INFO             PET1 PIOc_sync Exit - MemInfo: [malloc] Maximum total allocated space:                     0 Byte
20220313 061212.373 INFO             PET1 PIOc_sync Exit - MemInfo: [malloc] Space in freed fastbin blocks:                  1392 Byte
20220313 061212.373 INFO             PET1 PIOc_sync Exit - MemInfo: [malloc] Total allocated space:                       3771696 Byte
20220313 061212.373 INFO             PET1 PIOc_sync Exit - MemInfo: [malloc] Total free space:                            6005456 Byte
20220313 061212.373 INFO             PET1 PIOc_sync Exit - MemInfo: [malloc] Top-most, releasable space:                   131168 Byte
20220313 061212.373 INFO             PET1 PIOc_sync Exit - MemInfo: [malloc] Total space in use, mmap + non-mmap:         5352752 Byte
20220313 061212.373 INFO             PET1 PIOc_sync Exit - MemInfo: [malloc] Total space held (mmap + non-mmap):         11358208 Byte
20220313 061212.373 INFO             PET1 PIOc_sync Exit - MemInfo: [malloc] Total space used (mmap + non-mmap):          5362080 Byte
20220313 061212.373 INFO             PET1 PIOc_sync Exit - MemInfo: Wall-clock time since execution start:               0.294306 seconds
20220313 061212.373 INFO             PET1 PIOc_freedecomp Enter - MemInfo: [/proc/meminfo - SSI]	MemTotal:       65507008 kB
20220313 061212.373 INFO             PET1 PIOc_freedecomp Enter - MemInfo: [/proc/meminfo - SSI]	MemFree:        49634040 kB
20220313 061212.373 INFO             PET1 PIOc_freedecomp Enter - MemInfo: [/proc/meminfo - SSI]	MemAvailable:   49390052 kB
20220313 061212.373 INFO             PET1 PIOc_freedecomp Enter - MemInfo: [/proc/meminfo - SSI]	Committed_AS:   13170816 kB
20220313 061212.373 INFO             PET1 PIOc_freedecomp Enter - MemInfo: [/proc/meminfo - SSI]	CommittedPercent: 20.106 %
20220313 061212.373 INFO             PET1 PIOc_freedecomp Enter - MemInfo: [/proc/self/status]	VmPeak:	  514920 kB
20220313 061212.373 INFO             PET1 PIOc_freedecomp Enter - MemInfo: [/proc/self/status]	VmSize:	  510692 kB
20220313 061212.373 INFO             PET1 PIOc_freedecomp Enter - MemInfo: [/proc/self/status]	VmLck:	       0 kB
20220313 061212.373 INFO             PET1 PIOc_freedecomp Enter - MemInfo: [/proc/self/status]	VmPin:	       0 kB
20220313 061212.373 INFO             PET1 PIOc_freedecomp Enter - MemInfo: [/proc/self/status]	VmHWM:	   61380 kB
20220313 061212.373 INFO             PET1 PIOc_freedecomp Enter - MemInfo: [/proc/self/status]	VmRSS:	   26588 kB
20220313 061212.373 INFO             PET1 PIOc_freedecomp Enter - MemInfo: [/proc/self/status]	VmData:	   21528 kB
20220313 061212.374 INFO             PET1 PIOc_freedecomp Enter - MemInfo: [/proc/self/status]	VmStk:	     148 kB
20220313 061212.374 INFO             PET1 PIOc_freedecomp Enter - MemInfo: [/proc/self/status]	VmExe:	     228 kB
20220313 061212.374 INFO             PET1 PIOc_freedecomp Enter - MemInfo: [/proc/self/status]	VmLib:	   49028 kB
20220313 061212.374 INFO             PET1 PIOc_freedecomp Enter - MemInfo: [/proc/self/status]	VmPTE:	     752 kB
20220313 061212.374 INFO             PET1 PIOc_freedecomp Enter - MemInfo: [/proc/self/status]	VmPMD:	      16 kB
20220313 061212.374 INFO             PET1 PIOc_freedecomp Enter - MemInfo: [/proc/self/status]	VmSwap:	       0 kB
20220313 061212.374 INFO             PET1 PIOc_freedecomp Enter - MemInfo: [/proc/self/status]	VmRSSPercent: 0.040588 %
20220313 061212.374 INFO             PET1 PIOc_freedecomp Enter - MemInfo: [malloc] Non-mmapped space allocated:                 9777152 Byte
20220313 061212.374 INFO             PET1 PIOc_freedecomp Enter - MemInfo: [malloc] Space allocated in mmapped regions:          1581056 Byte
20220313 061212.374 INFO             PET1 PIOc_freedecomp Enter - MemInfo: [malloc] Maximum total allocated space:                     0 Byte
20220313 061212.374 INFO             PET1 PIOc_freedecomp Enter - MemInfo: [malloc] Space in freed fastbin blocks:                  1664 Byte
20220313 061212.374 INFO             PET1 PIOc_freedecomp Enter - MemInfo: [malloc] Total allocated space:                       3769920 Byte
20220313 061212.374 INFO             PET1 PIOc_freedecomp Enter - MemInfo: [malloc] Total free space:                            6007232 Byte
20220313 061212.374 INFO             PET1 PIOc_freedecomp Enter - MemInfo: [malloc] Top-most, releasable space:                   131168 Byte
20220313 061212.374 INFO             PET1 PIOc_freedecomp Enter - MemInfo: [malloc] Total space in use, mmap + non-mmap:         5350976 Byte
20220313 061212.374 INFO             PET1 PIOc_freedecomp Enter - MemInfo: [malloc] Total space held (mmap + non-mmap):         11358208 Byte
20220313 061212.374 INFO             PET1 PIOc_freedecomp Enter - MemInfo: [malloc] Total space used (mmap + non-mmap):          5360304 Byte
20220313 061212.374 INFO             PET1 PIOc_freedecomp Enter - MemInfo: Wall-clock time since execution start:               0.294721 seconds
20220313 061212.374 INFO             PET1 PIOc_freedecomp Exit - MemInfo: [/proc/meminfo - SSI]	MemTotal:       65507008 kB
20220313 061212.374 INFO             PET1 PIOc_freedecomp Exit - MemInfo: [/proc/meminfo - SSI]	MemFree:        49634040 kB
20220313 061212.374 INFO             PET1 PIOc_freedecomp Exit - MemInfo: [/proc/meminfo - SSI]	MemAvailable:   49390052 kB
20220313 061212.374 INFO             PET1 PIOc_freedecomp Exit - MemInfo: [/proc/meminfo - SSI]	Committed_AS:   13170816 kB
20220313 061212.374 INFO             PET1 PIOc_freedecomp Exit - MemInfo: [/proc/meminfo - SSI]	CommittedPercent: 20.106 %
20220313 061212.374 INFO             PET1 PIOc_freedecomp Exit - MemInfo: [/proc/self/status]	VmPeak:	  514920 kB
20220313 061212.374 INFO             PET1 PIOc_freedecomp Exit - MemInfo: [/proc/self/status]	VmSize:	  510692 kB
20220313 061212.374 INFO             PET1 PIOc_freedecomp Exit - MemInfo: [/proc/self/status]	VmLck:	       0 kB
20220313 061212.374 INFO             PET1 PIOc_freedecomp Exit - MemInfo: [/proc/self/status]	VmPin:	       0 kB
20220313 061212.374 INFO             PET1 PIOc_freedecomp Exit - MemInfo: [/proc/self/status]	VmHWM:	   61380 kB
20220313 061212.374 INFO             PET1 PIOc_freedecomp Exit - MemInfo: [/proc/self/status]	VmRSS:	   26588 kB
20220313 061212.374 INFO             PET1 PIOc_freedecomp Exit - MemInfo: [/proc/self/status]	VmData:	   21528 kB
20220313 061212.374 INFO             PET1 PIOc_freedecomp Exit - MemInfo: [/proc/self/status]	VmStk:	     148 kB
20220313 061212.374 INFO             PET1 PIOc_freedecomp Exit - MemInfo: [/proc/self/status]	VmExe:	     228 kB
20220313 061212.374 INFO             PET1 PIOc_freedecomp Exit - MemInfo: [/proc/self/status]	VmLib:	   49028 kB
20220313 061212.374 INFO             PET1 PIOc_freedecomp Exit - MemInfo: [/proc/self/status]	VmPTE:	     752 kB
20220313 061212.374 INFO             PET1 PIOc_freedecomp Exit - MemInfo: [/proc/self/status]	VmPMD:	      16 kB
20220313 061212.374 INFO             PET1 PIOc_freedecomp Exit - MemInfo: [/proc/self/status]	VmSwap:	       0 kB
20220313 061212.374 INFO             PET1 PIOc_freedecomp Exit - MemInfo: [/proc/self/status]	VmRSSPercent: 0.040588 %
20220313 061212.374 INFO             PET1 PIOc_freedecomp Exit - MemInfo: [malloc] Non-mmapped space allocated:                 9777152 Byte
20220313 061212.374 INFO             PET1 PIOc_freedecomp Exit - MemInfo: [malloc] Space allocated in mmapped regions:          1581056 Byte
20220313 061212.374 INFO             PET1 PIOc_freedecomp Exit - MemInfo: [malloc] Maximum total allocated space:                     0 Byte
20220313 061212.374 INFO             PET1 PIOc_freedecomp Exit - MemInfo: [malloc] Space in freed fastbin blocks:                  2288 Byte
20220313 061212.374 INFO             PET1 PIOc_freedecomp Exit - MemInfo: [malloc] Total allocated space:                       3767952 Byte
20220313 061212.374 INFO             PET1 PIOc_freedecomp Exit - MemInfo: [malloc] Total free space:                            6009200 Byte
20220313 061212.374 INFO             PET1 PIOc_freedecomp Exit - MemInfo: [malloc] Top-most, releasable space:                   131168 Byte
20220313 061212.374 INFO             PET1 PIOc_freedecomp Exit - MemInfo: [malloc] Total space in use, mmap + non-mmap:         5349008 Byte
20220313 061212.374 INFO             PET1 PIOc_freedecomp Exit - MemInfo: [malloc] Total space held (mmap + non-mmap):         11358208 Byte
20220313 061212.374 INFO             PET1 PIOc_freedecomp Exit - MemInfo: [malloc] Total space used (mmap + non-mmap):          5358336 Byte
20220313 061212.374 INFO             PET1 PIOc_freedecomp Exit - MemInfo: Wall-clock time since execution start:               0.295123 seconds
20220313 061212.375 INFO             PET1 PIOc_sync Enter - MemInfo: [/proc/meminfo - SSI]	MemTotal:       65507008 kB
20220313 061212.375 INFO             PET1 PIOc_sync Enter - MemInfo: [/proc/meminfo - SSI]	MemFree:        49634040 kB
20220313 061212.375 INFO             PET1 PIOc_sync Enter - MemInfo: [/proc/meminfo - SSI]	MemAvailable:   49390052 kB
20220313 061212.375 INFO             PET1 PIOc_sync Enter - MemInfo: [/proc/meminfo - SSI]	Committed_AS:   13170816 kB
20220313 061212.375 INFO             PET1 PIOc_sync Enter - MemInfo: [/proc/meminfo - SSI]	CommittedPercent: 20.106 %
20220313 061212.375 INFO             PET1 PIOc_sync Enter - MemInfo: [/proc/self/status]	VmPeak:	  514920 kB
20220313 061212.375 INFO             PET1 PIOc_sync Enter - MemInfo: [/proc/self/status]	VmSize:	  510692 kB
20220313 061212.375 INFO             PET1 PIOc_sync Enter - MemInfo: [/proc/self/status]	VmLck:	       0 kB
20220313 061212.375 INFO             PET1 PIOc_sync Enter - MemInfo: [/proc/self/status]	VmPin:	       0 kB
20220313 061212.375 INFO             PET1 PIOc_sync Enter - MemInfo: [/proc/self/status]	VmHWM:	   61380 kB
20220313 061212.375 INFO             PET1 PIOc_sync Enter - MemInfo: [/proc/self/status]	VmRSS:	   26588 kB
20220313 061212.375 INFO             PET1 PIOc_sync Enter - MemInfo: [/proc/self/status]	VmData:	   21528 kB
20220313 061212.375 INFO             PET1 PIOc_sync Enter - MemInfo: [/proc/self/status]	VmStk:	     148 kB
20220313 061212.375 INFO             PET1 PIOc_sync Enter - MemInfo: [/proc/self/status]	VmExe:	     228 kB
20220313 061212.375 INFO             PET1 PIOc_sync Enter - MemInfo: [/proc/self/status]	VmLib:	   49028 kB
20220313 061212.375 INFO             PET1 PIOc_sync Enter - MemInfo: [/proc/self/status]	VmPTE:	     752 kB
20220313 061212.375 INFO             PET1 PIOc_sync Enter - MemInfo: [/proc/self/status]	VmPMD:	      16 kB
20220313 061212.375 INFO             PET1 PIOc_sync Enter - MemInfo: [/proc/self/status]	VmSwap:	       0 kB
20220313 061212.375 INFO             PET1 PIOc_sync Enter - MemInfo: [/proc/self/status]	VmRSSPercent: 0.040588 %
20220313 061212.375 INFO             PET1 PIOc_sync Enter - MemInfo: [malloc] Non-mmapped space allocated:                 9777152 Byte
20220313 061212.375 INFO             PET1 PIOc_sync Enter - MemInfo: [malloc] Space allocated in mmapped regions:          1581056 Byte
20220313 061212.375 INFO             PET1 PIOc_sync Enter - MemInfo: [malloc] Maximum total allocated space:                     0 Byte
20220313 061212.375 INFO             PET1 PIOc_sync Enter - MemInfo: [malloc] Space in freed fastbin blocks:                   976 Byte
20220313 061212.375 INFO             PET1 PIOc_sync Enter - MemInfo: [malloc] Total allocated space:                       3771904 Byte
20220313 061212.375 INFO             PET1 PIOc_sync Enter - MemInfo: [malloc] Total free space:                            6005248 Byte
20220313 061212.375 INFO             PET1 PIOc_sync Enter - MemInfo: [malloc] Top-most, releasable space:                   131168 Byte
20220313 061212.375 INFO             PET1 PIOc_sync Enter - MemInfo: [malloc] Total space in use, mmap + non-mmap:         5352960 Byte
20220313 061212.375 INFO             PET1 PIOc_sync Enter - MemInfo: [malloc] Total space held (mmap + non-mmap):         11358208 Byte
20220313 061212.375 INFO             PET1 PIOc_sync Enter - MemInfo: [malloc] Total space used (mmap + non-mmap):          5362288 Byte
