build time -- 2022-03-12 06:00:00.945122
20220312 061435.989 INFO             PET0 !!!!!!!!!!!!!!!!!!!!!!!!!!!!!!!!!!!!!!!!!!!!!!!!!!!!!!
20220312 061435.989 INFO             PET0 !!! THE ESMF_LOG IS SET TO OUTPUT ALL LOG MESSAGES !!!
20220312 061435.989 INFO             PET0 !!!     THIS MAY CAUSE SLOWDOWN IN PERFORMANCE     !!!
20220312 061435.989 INFO             PET0 !!! FOR PRODUCTION RUNS, USE:                      !!!
20220312 061435.989 INFO             PET0 !!!                   ESMF_LOGKIND_Multi_On_Error  !!!
20220312 061435.989 INFO             PET0 !!!!!!!!!!!!!!!!!!!!!!!!!!!!!!!!!!!!!!!!!!!!!!!!!!!!!!
20220312 061435.989 INFO             PET0 Running with ESMF Version   : v8.3.0b09-96-g559b459836
20220312 061435.989 INFO             PET0 ESMF library build date/time: "Mar 12 2022" "05:58:05"
20220312 061435.989 INFO             PET0 ESMF library build location : /glade/scratch/rlong/esmf-testing/gfortran_7.4.0_openmpi_O_jedwards_pio_update2
20220312 061435.989 INFO             PET0 ESMF_COMM                   : openmpi
20220312 061435.989 INFO             PET0 ESMF_MOAB                   : enabled
20220312 061435.989 INFO             PET0 ESMF_LAPACK                 : enabled
20220312 061435.989 INFO             PET0 ESMF_NETCDF                 : enabled
20220312 061435.989 INFO             PET0 ESMF_PNETCDF                : disabled
20220312 061435.989 INFO             PET0 ESMF_PIO                    : enabled
20220312 061435.989 INFO             PET0 ESMF_YAMLCPP                : enabled
20220312 061435.990 INFO             PET0  Beginning Test, file ESMF_FieldSMMFromFileUTest.F90, line 287
20220312 061435.990 INFO             PET0  NUMBER_OF_PROCESSORS           4
20220312 061436.142 INFO             PET0  PASS  ESMF_FieldSMMFromFile Unit Test, ESMF_FieldSMMFromFileUTest.F90, line 300
20220312 061436.149 INFO             PET0 PIOc_sync Enter - MemInfo: [/proc/meminfo - SSI]	MemTotal:       65507008 kB
20220312 061436.149 INFO             PET0 PIOc_sync Enter - MemInfo: [/proc/meminfo - SSI]	MemFree:        48554948 kB
20220312 061436.149 INFO             PET0 PIOc_sync Enter - MemInfo: [/proc/meminfo - SSI]	MemAvailable:   48319292 kB
20220312 061436.149 INFO             PET0 PIOc_sync Enter - MemInfo: [/proc/meminfo - SSI]	Committed_AS:   13356092 kB
20220312 061436.149 INFO             PET0 PIOc_sync Enter - MemInfo: [/proc/meminfo - SSI]	CommittedPercent: 20.3888 %
20220312 061436.149 INFO             PET0 PIOc_sync Enter - MemInfo: [/proc/self/status]	VmPeak:	  596512 kB
20220312 061436.149 INFO             PET0 PIOc_sync Enter - MemInfo: [/proc/self/status]	VmSize:	  588324 kB
20220312 061436.149 INFO             PET0 PIOc_sync Enter - MemInfo: [/proc/self/status]	VmLck:	       0 kB
20220312 061436.149 INFO             PET0 PIOc_sync Enter - MemInfo: [/proc/self/status]	VmPin:	       0 kB
20220312 061436.149 INFO             PET0 PIOc_sync Enter - MemInfo: [/proc/self/status]	VmHWM:	   75360 kB
20220312 061436.149 INFO             PET0 PIOc_sync Enter - MemInfo: [/proc/self/status]	VmRSS:	   73940 kB
20220312 061436.149 INFO             PET0 PIOc_sync Enter - MemInfo: [/proc/self/status]	VmData:	   99640 kB
20220312 061436.149 INFO             PET0 PIOc_sync Enter - MemInfo: [/proc/self/status]	VmStk:	     148 kB
20220312 061436.149 INFO             PET0 PIOc_sync Enter - MemInfo: [/proc/self/status]	VmExe:	     212 kB
20220312 061436.149 INFO             PET0 PIOc_sync Enter - MemInfo: [/proc/self/status]	VmLib:	   49028 kB
20220312 061436.149 INFO             PET0 PIOc_sync Enter - MemInfo: [/proc/self/status]	VmPTE:	     856 kB
20220312 061436.149 INFO             PET0 PIOc_sync Enter - MemInfo: [/proc/self/status]	VmPMD:	      16 kB
20220312 061436.149 INFO             PET0 PIOc_sync Enter - MemInfo: [/proc/self/status]	VmSwap:	       0 kB
20220312 061436.149 INFO             PET0 PIOc_sync Enter - MemInfo: [/proc/self/status]	VmRSSPercent: 0.112873 %
20220312 061436.149 INFO             PET0 PIOc_sync Enter - MemInfo: [malloc] Non-mmapped space allocated:                89763840 Byte
20220312 061436.151 INFO             PET0 PIOc_sync Enter - MemInfo: [malloc] Space allocated in mmapped regions:          1581056 Byte
20220312 061436.151 INFO             PET0 PIOc_sync Enter - MemInfo: [malloc] Maximum total allocated space:                     0 Byte
20220312 061436.151 INFO             PET0 PIOc_sync Enter - MemInfo: [malloc] Space in freed fastbin blocks:                  1584 Byte
20220312 061436.151 INFO             PET0 PIOc_sync Enter - MemInfo: [malloc] Total allocated space:                      70949664 Byte
20220312 061436.151 INFO             PET0 PIOc_sync Enter - MemInfo: [malloc] Total free space:                           18814176 Byte
20220312 061436.151 INFO             PET0 PIOc_sync Enter - MemInfo: [malloc] Top-most, releasable space:                 16911440 Byte
20220312 061436.151 INFO             PET0 PIOc_sync Enter - MemInfo: [malloc] Total space in use, mmap + non-mmap:        72530720 Byte
20220312 061436.151 INFO             PET0 PIOc_sync Enter - MemInfo: [malloc] Total space held (mmap + non-mmap):         91344896 Byte
20220312 061436.151 INFO             PET0 PIOc_sync Enter - MemInfo: [malloc] Total space used (mmap + non-mmap):         72540048 Byte
20220312 061436.151 INFO             PET0 PIOc_sync Enter - MemInfo: Wall-clock time since execution start:               0.163354 seconds
20220312 061436.152 INFO             PET0 PIOc_sync Exit - MemInfo: [/proc/meminfo - SSI]	MemTotal:       65507008 kB
20220312 061436.152 INFO             PET0 PIOc_sync Exit - MemInfo: [/proc/meminfo - SSI]	MemFree:        48554948 kB
20220312 061436.152 INFO             PET0 PIOc_sync Exit - MemInfo: [/proc/meminfo - SSI]	MemAvailable:   48319292 kB
20220312 061436.152 INFO             PET0 PIOc_sync Exit - MemInfo: [/proc/meminfo - SSI]	Committed_AS:   13356092 kB
20220312 061436.152 INFO             PET0 PIOc_sync Exit - MemInfo: [/proc/meminfo - SSI]	CommittedPercent: 20.3888 %
20220312 061436.152 INFO             PET0 PIOc_sync Exit - MemInfo: [/proc/self/status]	VmPeak:	  596512 kB
20220312 061436.152 INFO             PET0 PIOc_sync Exit - MemInfo: [/proc/self/status]	VmSize:	  588324 kB
20220312 061436.152 INFO             PET0 PIOc_sync Exit - MemInfo: [/proc/self/status]	VmLck:	       0 kB
20220312 061436.152 INFO             PET0 PIOc_sync Exit - MemInfo: [/proc/self/status]	VmPin:	       0 kB
20220312 061436.152 INFO             PET0 PIOc_sync Exit - MemInfo: [/proc/self/status]	VmHWM:	   75360 kB
20220312 061436.152 INFO             PET0 PIOc_sync Exit - MemInfo: [/proc/self/status]	VmRSS:	   73988 kB
20220312 061436.152 INFO             PET0 PIOc_sync Exit - MemInfo: [/proc/self/status]	VmData:	   99640 kB
20220312 061436.152 INFO             PET0 PIOc_sync Exit - MemInfo: [/proc/self/status]	VmStk:	     148 kB
20220312 061436.152 INFO             PET0 PIOc_sync Exit - MemInfo: [/proc/self/status]	VmExe:	     212 kB
20220312 061436.152 INFO             PET0 PIOc_sync Exit - MemInfo: [/proc/self/status]	VmLib:	   49028 kB
20220312 061436.152 INFO             PET0 PIOc_sync Exit - MemInfo: [/proc/self/status]	VmPTE:	     856 kB
20220312 061436.152 INFO             PET0 PIOc_sync Exit - MemInfo: [/proc/self/status]	VmPMD:	      16 kB
20220312 061436.152 INFO             PET0 PIOc_sync Exit - MemInfo: [/proc/self/status]	VmSwap:	       0 kB
20220312 061436.152 INFO             PET0 PIOc_sync Exit - MemInfo: [/proc/self/status]	VmRSSPercent: 0.112947 %
20220312 061436.152 INFO             PET0 PIOc_sync Exit - MemInfo: [malloc] Non-mmapped space allocated:                89763840 Byte
20220312 061436.152 INFO             PET0 PIOc_sync Exit - MemInfo: [malloc] Space allocated in mmapped regions:          1581056 Byte
20220312 061436.152 INFO             PET0 PIOc_sync Exit - MemInfo: [malloc] Maximum total allocated space:                     0 Byte
20220312 061436.152 INFO             PET0 PIOc_sync Exit - MemInfo: [malloc] Space in freed fastbin blocks:                  2192 Byte
20220312 061436.152 INFO             PET0 PIOc_sync Exit - MemInfo: [malloc] Total allocated space:                      70952000 Byte
20220312 061436.152 INFO             PET0 PIOc_sync Exit - MemInfo: [malloc] Total free space:                           18811840 Byte
20220312 061436.152 INFO             PET0 PIOc_sync Exit - MemInfo: [malloc] Top-most, releasable space:                 16911440 Byte
20220312 061436.152 INFO             PET0 PIOc_sync Exit - MemInfo: [malloc] Total space in use, mmap + non-mmap:        72533056 Byte
20220312 061436.152 INFO             PET0 PIOc_sync Exit - MemInfo: [malloc] Total space held (mmap + non-mmap):         91344896 Byte
20220312 061436.152 INFO             PET0 PIOc_sync Exit - MemInfo: [malloc] Total space used (mmap + non-mmap):         72542384 Byte
20220312 061436.152 INFO             PET0 PIOc_sync Exit - MemInfo: Wall-clock time since execution start:               0.164987 seconds
20220312 061436.152 INFO             PET0 PIOc_freedecomp Enter - MemInfo: [/proc/meminfo - SSI]	MemTotal:       65507008 kB
20220312 061436.152 INFO             PET0 PIOc_freedecomp Enter - MemInfo: [/proc/meminfo - SSI]	MemFree:        48554948 kB
20220312 061436.152 INFO             PET0 PIOc_freedecomp Enter - MemInfo: [/proc/meminfo - SSI]	MemAvailable:   48319292 kB
20220312 061436.152 INFO             PET0 PIOc_freedecomp Enter - MemInfo: [/proc/meminfo - SSI]	Committed_AS:   13356092 kB
20220312 061436.153 INFO             PET0 PIOc_freedecomp Enter - MemInfo: [/proc/meminfo - SSI]	CommittedPercent: 20.3888 %
20220312 061436.153 INFO             PET0 PIOc_freedecomp Enter - MemInfo: [/proc/self/status]	VmPeak:	  596512 kB
20220312 061436.153 INFO             PET0 PIOc_freedecomp Enter - MemInfo: [/proc/self/status]	VmSize:	  588324 kB
20220312 061436.153 INFO             PET0 PIOc_freedecomp Enter - MemInfo: [/proc/self/status]	VmLck:	       0 kB
20220312 061436.153 INFO             PET0 PIOc_freedecomp Enter - MemInfo: [/proc/self/status]	VmPin:	       0 kB
20220312 061436.153 INFO             PET0 PIOc_freedecomp Enter - MemInfo: [/proc/self/status]	VmHWM:	   75360 kB
20220312 061436.153 INFO             PET0 PIOc_freedecomp Enter - MemInfo: [/proc/self/status]	VmRSS:	   73988 kB
20220312 061436.153 INFO             PET0 PIOc_freedecomp Enter - MemInfo: [/proc/self/status]	VmData:	   99640 kB
20220312 061436.153 INFO             PET0 PIOc_freedecomp Enter - MemInfo: [/proc/self/status]	VmStk:	     148 kB
20220312 061436.153 INFO             PET0 PIOc_freedecomp Enter - MemInfo: [/proc/self/status]	VmExe:	     212 kB
20220312 061436.153 INFO             PET0 PIOc_freedecomp Enter - MemInfo: [/proc/self/status]	VmLib:	   49028 kB
20220312 061436.153 INFO             PET0 PIOc_freedecomp Enter - MemInfo: [/proc/self/status]	VmPTE:	     856 kB
20220312 061436.153 INFO             PET0 PIOc_freedecomp Enter - MemInfo: [/proc/self/status]	VmPMD:	      16 kB
20220312 061436.153 INFO             PET0 PIOc_freedecomp Enter - MemInfo: [/proc/self/status]	VmSwap:	       0 kB
20220312 061436.153 INFO             PET0 PIOc_freedecomp Enter - MemInfo: [/proc/self/status]	VmRSSPercent: 0.112947 %
20220312 061436.153 INFO             PET0 PIOc_freedecomp Enter - MemInfo: [malloc] Non-mmapped space allocated:                89763840 Byte
20220312 061436.153 INFO             PET0 PIOc_freedecomp Enter - MemInfo: [malloc] Space allocated in mmapped regions:          1581056 Byte
20220312 061436.153 INFO             PET0 PIOc_freedecomp Enter - MemInfo: [malloc] Maximum total allocated space:                     0 Byte
20220312 061436.153 INFO             PET0 PIOc_freedecomp Enter - MemInfo: [malloc] Space in freed fastbin blocks:                  2176 Byte
20220312 061436.153 INFO             PET0 PIOc_freedecomp Enter - MemInfo: [malloc] Total allocated space:                      54161584 Byte
20220312 061436.153 INFO             PET0 PIOc_freedecomp Enter - MemInfo: [malloc] Total free space:                           35602256 Byte
20220312 061436.153 INFO             PET0 PIOc_freedecomp Enter - MemInfo: [malloc] Top-most, releasable space:                 16911440 Byte
20220312 061436.153 INFO             PET0 PIOc_freedecomp Enter - MemInfo: [malloc] Total space in use, mmap + non-mmap:        55742640 Byte
20220312 061436.153 INFO             PET0 PIOc_freedecomp Enter - MemInfo: [malloc] Total space held (mmap + non-mmap):         91344896 Byte
20220312 061436.153 INFO             PET0 PIOc_freedecomp Enter - MemInfo: [malloc] Total space used (mmap + non-mmap):         55751968 Byte
20220312 061436.153 INFO             PET0 PIOc_freedecomp Enter - MemInfo: Wall-clock time since execution start:               0.165373 seconds
20220312 061436.153 INFO             PET0 PIOc_freedecomp Exit - MemInfo: [/proc/meminfo - SSI]	MemTotal:       65507008 kB
20220312 061436.153 INFO             PET0 PIOc_freedecomp Exit - MemInfo: [/proc/meminfo - SSI]	MemFree:        48554948 kB
20220312 061436.153 INFO             PET0 PIOc_freedecomp Exit - MemInfo: [/proc/meminfo - SSI]	MemAvailable:   48319292 kB
20220312 061436.153 INFO             PET0 PIOc_freedecomp Exit - MemInfo: [/proc/meminfo - SSI]	Committed_AS:   13356092 kB
20220312 061436.153 INFO             PET0 PIOc_freedecomp Exit - MemInfo: [/proc/meminfo - SSI]	CommittedPercent: 20.3888 %
20220312 061436.153 INFO             PET0 PIOc_freedecomp Exit - MemInfo: [/proc/self/status]	VmPeak:	  596512 kB
20220312 061436.153 INFO             PET0 PIOc_freedecomp Exit - MemInfo: [/proc/self/status]	VmSize:	  588324 kB
20220312 061436.153 INFO             PET0 PIOc_freedecomp Exit - MemInfo: [/proc/self/status]	VmLck:	       0 kB
20220312 061436.153 INFO             PET0 PIOc_freedecomp Exit - MemInfo: [/proc/self/status]	VmPin:	       0 kB
20220312 061436.153 INFO             PET0 PIOc_freedecomp Exit - MemInfo: [/proc/self/status]	VmHWM:	   75360 kB
20220312 061436.153 INFO             PET0 PIOc_freedecomp Exit - MemInfo: [/proc/self/status]	VmRSS:	   73988 kB
20220312 061436.153 INFO             PET0 PIOc_freedecomp Exit - MemInfo: [/proc/self/status]	VmData:	   99640 kB
20220312 061436.153 INFO             PET0 PIOc_freedecomp Exit - MemInfo: [/proc/self/status]	VmStk:	     148 kB
20220312 061436.153 INFO             PET0 PIOc_freedecomp Exit - MemInfo: [/proc/self/status]	VmExe:	     212 kB
20220312 061436.153 INFO             PET0 PIOc_freedecomp Exit - MemInfo: [/proc/self/status]	VmLib:	   49028 kB
20220312 061436.153 INFO             PET0 PIOc_freedecomp Exit - MemInfo: [/proc/self/status]	VmPTE:	     856 kB
20220312 061436.153 INFO             PET0 PIOc_freedecomp Exit - MemInfo: [/proc/self/status]	VmPMD:	      16 kB
20220312 061436.153 INFO             PET0 PIOc_freedecomp Exit - MemInfo: [/proc/self/status]	VmSwap:	       0 kB
20220312 061436.153 INFO             PET0 PIOc_freedecomp Exit - MemInfo: [/proc/self/status]	VmRSSPercent: 0.112947 %
20220312 061436.153 INFO             PET0 PIOc_freedecomp Exit - MemInfo: [malloc] Non-mmapped space allocated:                89763840 Byte
20220312 061436.153 INFO             PET0 PIOc_freedecomp Exit - MemInfo: [malloc] Space allocated in mmapped regions:          1581056 Byte
20220312 061436.153 INFO             PET0 PIOc_freedecomp Exit - MemInfo: [malloc] Maximum total allocated space:                     0 Byte
20220312 061436.153 INFO             PET0 PIOc_freedecomp Exit - MemInfo: [malloc] Space in freed fastbin blocks:                  3296 Byte
20220312 061436.153 INFO             PET0 PIOc_freedecomp Exit - MemInfo: [malloc] Total allocated space:                      54153856 Byte
20220312 061436.153 INFO             PET0 PIOc_freedecomp Exit - MemInfo: [malloc] Total free space:                           35609984 Byte
20220312 061436.153 INFO             PET0 PIOc_freedecomp Exit - MemInfo: [malloc] Top-most, releasable space:                 16911440 Byte
20220312 061436.153 INFO             PET0 PIOc_freedecomp Exit - MemInfo: [malloc] Total space in use, mmap + non-mmap:        55734912 Byte
20220312 061436.153 INFO             PET0 PIOc_freedecomp Exit - MemInfo: [malloc] Total space held (mmap + non-mmap):         91344896 Byte
20220312 061436.153 INFO             PET0 PIOc_freedecomp Exit - MemInfo: [malloc] Total space used (mmap + non-mmap):         55744240 Byte
20220312 061436.153 INFO             PET0 PIOc_freedecomp Exit - MemInfo: Wall-clock time since execution start:               0.165717 seconds
20220312 061436.155 INFO             PET0 PIOc_sync Enter - MemInfo: [/proc/meminfo - SSI]	MemTotal:       65507008 kB
20220312 061436.155 INFO             PET0 PIOc_sync Enter - MemInfo: [/proc/meminfo - SSI]	MemFree:        48554948 kB
20220312 061436.155 INFO             PET0 PIOc_sync Enter - MemInfo: [/proc/meminfo - SSI]	MemAvailable:   48319292 kB
20220312 061436.155 INFO             PET0 PIOc_sync Enter - MemInfo: [/proc/meminfo - SSI]	Committed_AS:   13356092 kB
20220312 061436.155 INFO             PET0 PIOc_sync Enter - MemInfo: [/proc/meminfo - SSI]	CommittedPercent: 20.3888 %
20220312 061436.155 INFO             PET0 PIOc_sync Enter - MemInfo: [/proc/self/status]	VmPeak:	  596512 kB
20220312 061436.155 INFO             PET0 PIOc_sync Enter - MemInfo: [/proc/self/status]	VmSize:	  588324 kB
20220312 061436.155 INFO             PET0 PIOc_sync Enter - MemInfo: [/proc/self/status]	VmLck:	       0 kB
20220312 061436.155 INFO             PET0 PIOc_sync Enter - MemInfo: [/proc/self/status]	VmPin:	       0 kB
20220312 061436.155 INFO             PET0 PIOc_sync Enter - MemInfo: [/proc/self/status]	VmHWM:	   75360 kB
20220312 061436.155 INFO             PET0 PIOc_sync Enter - MemInfo: [/proc/self/status]	VmRSS:	   74000 kB
20220312 061436.155 INFO             PET0 PIOc_sync Enter - MemInfo: [/proc/self/status]	VmData:	   99640 kB
20220312 061436.155 INFO             PET0 PIOc_sync Enter - MemInfo: [/proc/self/status]	VmStk:	     148 kB
20220312 061436.155 INFO             PET0 PIOc_sync Enter - MemInfo: [/proc/self/status]	VmExe:	     212 kB
20220312 061436.155 INFO             PET0 PIOc_sync Enter - MemInfo: [/proc/self/status]	VmLib:	   49028 kB
20220312 061436.155 INFO             PET0 PIOc_sync Enter - MemInfo: [/proc/self/status]	VmPTE:	     856 kB
20220312 061436.155 INFO             PET0 PIOc_sync Enter - MemInfo: [/proc/self/status]	VmPMD:	      16 kB
20220312 061436.155 INFO             PET0 PIOc_sync Enter - MemInfo: [/proc/self/status]	VmSwap:	       0 kB
20220312 061436.155 INFO             PET0 PIOc_sync Enter - MemInfo: [/proc/self/status]	VmRSSPercent: 0.112965 %
20220312 061436.155 INFO             PET0 PIOc_sync Enter - MemInfo: [malloc] Non-mmapped space allocated:                89763840 Byte
20220312 061436.155 INFO             PET0 PIOc_sync Enter - MemInfo: [malloc] Space allocated in mmapped regions:          1581056 Byte
20220312 061436.155 INFO             PET0 PIOc_sync Enter - MemInfo: [malloc] Maximum total allocated space:                     0 Byte
20220312 061436.155 INFO             PET0 PIOc_sync Enter - MemInfo: [malloc] Space in freed fastbin blocks:                  1872 Byte
20220312 061436.155 INFO             PET0 PIOc_sync Enter - MemInfo: [malloc] Total allocated space:                      70949792 Byte
20220312 061436.155 INFO             PET0 PIOc_sync Enter - MemInfo: [malloc] Total free space:                           18814048 Byte
20220312 061436.155 INFO             PET0 PIOc_sync Enter - MemInfo: [malloc] Top-most, releasable space:                 16911440 Byte
20220312 061436.155 INFO             PET0 PIOc_sync Enter - MemInfo: [malloc] Total space in use, mmap + non-mmap:        72530848 Byte
20220312 061436.155 INFO             PET0 PIOc_sync Enter - MemInfo: [malloc] Total space held (mmap + non-mmap):         91344896 Byte
20220312 061436.155 INFO             PET0 PIOc_sync Enter - MemInfo: [malloc] Total space used (mmap + non-mmap):         72540176 Byte
20220312 061436.155 INFO             PET0 PIOc_sync Enter - MemInfo: Wall-clock time since execution start:               0.167489 seconds
20220312 061436.155 INFO             PET0 PIOc_sync Exit - MemInfo: [/proc/meminfo - SSI]	MemTotal:       65507008 kB
20220312 061436.155 INFO             PET0 PIOc_sync Exit - MemInfo: [/proc/meminfo - SSI]	MemFree:        48554948 kB
20220312 061436.155 INFO             PET0 PIOc_sync Exit - MemInfo: [/proc/meminfo - SSI]	MemAvailable:   48319292 kB
20220312 061436.155 INFO             PET0 PIOc_sync Exit - MemInfo: [/proc/meminfo - SSI]	Committed_AS:   13356092 kB
20220312 061436.155 INFO             PET0 PIOc_sync Exit - MemInfo: [/proc/meminfo - SSI]	CommittedPercent: 20.3888 %
20220312 061436.155 INFO             PET0 PIOc_sync Exit - MemInfo: [/proc/self/status]	VmPeak:	  596512 kB
20220312 061436.155 INFO             PET0 PIOc_sync Exit - MemInfo: [/proc/self/status]	VmSize:	  588324 kB
20220312 061436.155 INFO             PET0 PIOc_sync Exit - MemInfo: [/proc/self/status]	VmLck:	       0 kB
20220312 061436.155 INFO             PET0 PIOc_sync Exit - MemInfo: [/proc/self/status]	VmPin:	       0 kB
20220312 061436.155 INFO             PET0 PIOc_sync Exit - MemInfo: [/proc/self/status]	VmHWM:	   75360 kB
20220312 061436.155 INFO             PET0 PIOc_sync Exit - MemInfo: [/proc/self/status]	VmRSS:	   74000 kB
20220312 061436.155 INFO             PET0 PIOc_sync Exit - MemInfo: [/proc/self/status]	VmData:	   99640 kB
20220312 061436.155 INFO             PET0 PIOc_sync Exit - MemInfo: [/proc/self/status]	VmStk:	     148 kB
20220312 061436.155 INFO             PET0 PIOc_sync Exit - MemInfo: [/proc/self/status]	VmExe:	     212 kB
20220312 061436.155 INFO             PET0 PIOc_sync Exit - MemInfo: [/proc/self/status]	VmLib:	   49028 kB
20220312 061436.155 INFO             PET0 PIOc_sync Exit - MemInfo: [/proc/self/status]	VmPTE:	     856 kB
20220312 061436.155 INFO             PET0 PIOc_sync Exit - MemInfo: [/proc/self/status]	VmPMD:	      16 kB
20220312 061436.155 INFO             PET0 PIOc_sync Exit - MemInfo: [/proc/self/status]	VmSwap:	       0 kB
20220312 061436.155 INFO             PET0 PIOc_sync Exit - MemInfo: [/proc/self/status]	VmRSSPercent: 0.112965 %
20220312 061436.155 INFO             PET0 PIOc_sync Exit - MemInfo: [malloc] Non-mmapped space allocated:                89763840 Byte
20220312 061436.155 INFO             PET0 PIOc_sync Exit - MemInfo: [malloc] Space allocated in mmapped regions:          1581056 Byte
20220312 061436.155 INFO             PET0 PIOc_sync Exit - MemInfo: [malloc] Maximum total allocated space:                     0 Byte
20220312 061436.155 INFO             PET0 PIOc_sync Exit - MemInfo: [malloc] Space in freed fastbin blocks:                  2160 Byte
20220312 061436.155 INFO             PET0 PIOc_sync Exit - MemInfo: [malloc] Total allocated space:                      70952384 Byte
20220312 061436.155 INFO             PET0 PIOc_sync Exit - MemInfo: [malloc] Total free space:                           18811456 Byte
20220312 061436.155 INFO             PET0 PIOc_sync Exit - MemInfo: [malloc] Top-most, releasable space:                 16911440 Byte
20220312 061436.155 INFO             PET0 PIOc_sync Exit - MemInfo: [malloc] Total space in use, mmap + non-mmap:        72533440 Byte
20220312 061436.155 INFO             PET0 PIOc_sync Exit - MemInfo: [malloc] Total space held (mmap + non-mmap):         91344896 Byte
20220312 061436.155 INFO             PET0 PIOc_sync Exit - MemInfo: [malloc] Total space used (mmap + non-mmap):         72542768 Byte
20220312 061436.155 INFO             PET0 PIOc_sync Exit - MemInfo: Wall-clock time since execution start:               0.167908 seconds
20220312 061436.155 INFO             PET0 PIOc_freedecomp Enter - MemInfo: [/proc/meminfo - SSI]	MemTotal:       65507008 kB
20220312 061436.155 INFO             PET0 PIOc_freedecomp Enter - MemInfo: [/proc/meminfo - SSI]	MemFree:        48554948 kB
20220312 061436.155 INFO             PET0 PIOc_freedecomp Enter - MemInfo: [/proc/meminfo - SSI]	MemAvailable:   48319292 kB
20220312 061436.155 INFO             PET0 PIOc_freedecomp Enter - MemInfo: [/proc/meminfo - SSI]	Committed_AS:   13356092 kB
20220312 061436.155 INFO             PET0 PIOc_freedecomp Enter - MemInfo: [/proc/meminfo - SSI]	CommittedPercent: 20.3888 %
20220312 061436.155 INFO             PET0 PIOc_freedecomp Enter - MemInfo: [/proc/self/status]	VmPeak:	  596512 kB
20220312 061436.155 INFO             PET0 PIOc_freedecomp Enter - MemInfo: [/proc/self/status]	VmSize:	  588324 kB
20220312 061436.155 INFO             PET0 PIOc_freedecomp Enter - MemInfo: [/proc/self/status]	VmLck:	       0 kB
20220312 061436.155 INFO             PET0 PIOc_freedecomp Enter - MemInfo: [/proc/self/status]	VmPin:	       0 kB
20220312 061436.155 INFO             PET0 PIOc_freedecomp Enter - MemInfo: [/proc/self/status]	VmHWM:	   75360 kB
20220312 061436.155 INFO             PET0 PIOc_freedecomp Enter - MemInfo: [/proc/self/status]	VmRSS:	   74000 kB
20220312 061436.156 INFO             PET0 PIOc_freedecomp Enter - MemInfo: [/proc/self/status]	VmData:	   99640 kB
20220312 061436.156 INFO             PET0 PIOc_freedecomp Enter - MemInfo: [/proc/self/status]	VmStk:	     148 kB
20220312 061436.156 INFO             PET0 PIOc_freedecomp Enter - MemInfo: [/proc/self/status]	VmExe:	     212 kB
20220312 061436.156 INFO             PET0 PIOc_freedecomp Enter - MemInfo: [/proc/self/status]	VmLib:	   49028 kB
20220312 061436.156 INFO             PET0 PIOc_freedecomp Enter - MemInfo: [/proc/self/status]	VmPTE:	     856 kB
20220312 061436.156 INFO             PET0 PIOc_freedecomp Enter - MemInfo: [/proc/self/status]	VmPMD:	      16 kB
20220312 061436.156 INFO             PET0 PIOc_freedecomp Enter - MemInfo: [/proc/self/status]	VmSwap:	       0 kB
20220312 061436.156 INFO             PET0 PIOc_freedecomp Enter - MemInfo: [/proc/self/status]	VmRSSPercent: 0.112965 %
20220312 061436.156 INFO             PET0 PIOc_freedecomp Enter - MemInfo: [malloc] Non-mmapped space allocated:                89763840 Byte
20220312 061436.156 INFO             PET0 PIOc_freedecomp Enter - MemInfo: [malloc] Space allocated in mmapped regions:          1581056 Byte
20220312 061436.156 INFO             PET0 PIOc_freedecomp Enter - MemInfo: [malloc] Maximum total allocated space:                     0 Byte
20220312 061436.156 INFO             PET0 PIOc_freedecomp Enter - MemInfo: [malloc] Space in freed fastbin blocks:                  2640 Byte
20220312 061436.156 INFO             PET0 PIOc_freedecomp Enter - MemInfo: [malloc] Total allocated space:                      54161568 Byte
20220312 061436.156 INFO             PET0 PIOc_freedecomp Enter - MemInfo: [malloc] Total free space:                           35602272 Byte
20220312 061436.156 INFO             PET0 PIOc_freedecomp Enter - MemInfo: [malloc] Top-most, releasable space:                 16911440 Byte
20220312 061436.156 INFO             PET0 PIOc_freedecomp Enter - MemInfo: [malloc] Total space in use, mmap + non-mmap:        55742624 Byte
20220312 061436.156 INFO             PET0 PIOc_freedecomp Enter - MemInfo: [malloc] Total space held (mmap + non-mmap):         91344896 Byte
20220312 061436.156 INFO             PET0 PIOc_freedecomp Enter - MemInfo: [malloc] Total space used (mmap + non-mmap):         55751952 Byte
20220312 061436.156 INFO             PET0 PIOc_freedecomp Enter - MemInfo: Wall-clock time since execution start:               0.168269 seconds
20220312 061436.156 INFO             PET0 PIOc_freedecomp Exit - MemInfo: [/proc/meminfo - SSI]	MemTotal:       65507008 kB
20220312 061436.156 INFO             PET0 PIOc_freedecomp Exit - MemInfo: [/proc/meminfo - SSI]	MemFree:        48554948 kB
20220312 061436.156 INFO             PET0 PIOc_freedecomp Exit - MemInfo: [/proc/meminfo - SSI]	MemAvailable:   48319292 kB
20220312 061436.156 INFO             PET0 PIOc_freedecomp Exit - MemInfo: [/proc/meminfo - SSI]	Committed_AS:   13356092 kB
20220312 061436.156 INFO             PET0 PIOc_freedecomp Exit - MemInfo: [/proc/meminfo - SSI]	CommittedPercent: 20.3888 %
20220312 061436.156 INFO             PET0 PIOc_freedecomp Exit - MemInfo: [/proc/self/status]	VmPeak:	  596512 kB
20220312 061436.156 INFO             PET0 PIOc_freedecomp Exit - MemInfo: [/proc/self/status]	VmSize:	  588324 kB
20220312 061436.156 INFO             PET0 PIOc_freedecomp Exit - MemInfo: [/proc/self/status]	VmLck:	       0 kB
20220312 061436.156 INFO             PET0 PIOc_freedecomp Exit - MemInfo: [/proc/self/status]	VmPin:	       0 kB
20220312 061436.156 INFO             PET0 PIOc_freedecomp Exit - MemInfo: [/proc/self/status]	VmHWM:	   75360 kB
20220312 061436.156 INFO             PET0 PIOc_freedecomp Exit - MemInfo: [/proc/self/status]	VmRSS:	   74000 kB
20220312 061436.156 INFO             PET0 PIOc_freedecomp Exit - MemInfo: [/proc/self/status]	VmData:	   99640 kB
20220312 061436.156 INFO             PET0 PIOc_freedecomp Exit - MemInfo: [/proc/self/status]	VmStk:	     148 kB
20220312 061436.156 INFO             PET0 PIOc_freedecomp Exit - MemInfo: [/proc/self/status]	VmExe:	     212 kB
20220312 061436.156 INFO             PET0 PIOc_freedecomp Exit - MemInfo: [/proc/self/status]	VmLib:	   49028 kB
20220312 061436.156 INFO             PET0 PIOc_freedecomp Exit - MemInfo: [/proc/self/status]	VmPTE:	     856 kB
20220312 061436.156 INFO             PET0 PIOc_freedecomp Exit - MemInfo: [/proc/self/status]	VmPMD:	      16 kB
20220312 061436.156 INFO             PET0 PIOc_freedecomp Exit - MemInfo: [/proc/self/status]	VmSwap:	       0 kB
20220312 061436.156 INFO             PET0 PIOc_freedecomp Exit - MemInfo: [/proc/self/status]	VmRSSPercent: 0.112965 %
20220312 061436.156 INFO             PET0 PIOc_freedecomp Exit - MemInfo: [malloc] Non-mmapped space allocated:                89763840 Byte
20220312 061436.156 INFO             PET0 PIOc_freedecomp Exit - MemInfo: [malloc] Space allocated in mmapped regions:          1581056 Byte
20220312 061436.156 INFO             PET0 PIOc_freedecomp Exit - MemInfo: [malloc] Maximum total allocated space:                     0 Byte
20220312 061436.156 INFO             PET0 PIOc_freedecomp Exit - MemInfo: [malloc] Space in freed fastbin blocks:                  3008 Byte
20220312 061436.156 INFO             PET0 PIOc_freedecomp Exit - MemInfo: [malloc] Total allocated space:                      54153824 Byte
20220312 061436.156 INFO             PET0 PIOc_freedecomp Exit - MemInfo: [malloc] Total free space:                           35610016 Byte
20220312 061436.156 INFO             PET0 PIOc_freedecomp Exit - MemInfo: [malloc] Top-most, releasable space:                 16911440 Byte
20220312 061436.156 INFO             PET0 PIOc_freedecomp Exit - MemInfo: [malloc] Total space in use, mmap + non-mmap:        55734880 Byte
20220312 061436.156 INFO             PET0 PIOc_freedecomp Exit - MemInfo: [malloc] Total space held (mmap + non-mmap):         91344896 Byte
20220312 061436.156 INFO             PET0 PIOc_freedecomp Exit - MemInfo: [malloc] Total space used (mmap + non-mmap):         55744208 Byte
20220312 061436.156 INFO             PET0 PIOc_freedecomp Exit - MemInfo: Wall-clock time since execution start:               0.168608 seconds
20220312 061436.157 INFO             PET0 PIOc_sync Enter - MemInfo: [/proc/meminfo - SSI]	MemTotal:       65507008 kB
20220312 061436.157 INFO             PET0 PIOc_sync Enter - MemInfo: [/proc/meminfo - SSI]	MemFree:        48554948 kB
20220312 061436.157 INFO             PET0 PIOc_sync Enter - MemInfo: [/proc/meminfo - SSI]	MemAvailable:   48319292 kB
20220312 061436.157 INFO             PET0 PIOc_sync Enter - MemInfo: [/proc/meminfo - SSI]	Committed_AS:   13356092 kB
20220312 061436.157 INFO             PET0 PIOc_sync Enter - MemInfo: [/proc/meminfo - SSI]	CommittedPercent: 20.3888 %
20220312 061436.157 INFO             PET0 PIOc_sync Enter - MemInfo: [/proc/self/status]	VmPeak:	  596512 kB
20220312 061436.157 INFO             PET0 PIOc_sync Enter - MemInfo: [/proc/self/status]	VmSize:	  588324 kB
20220312 061436.157 INFO             PET0 PIOc_sync Enter - MemInfo: [/proc/self/status]	VmLck:	       0 kB
20220312 061436.157 INFO             PET0 PIOc_sync Enter - MemInfo: [/proc/self/status]	VmPin:	       0 kB
20220312 061436.157 INFO             PET0 PIOc_sync Enter - MemInfo: [/proc/self/status]	VmHWM:	   75360 kB
20220312 061436.157 INFO             PET0 PIOc_sync Enter - MemInfo: [/proc/self/status]	VmRSS:	   74000 kB
20220312 061436.157 INFO             PET0 PIOc_sync Enter - MemInfo: [/proc/self/status]	VmData:	   99640 kB
20220312 061436.157 INFO             PET0 PIOc_sync Enter - MemInfo: [/proc/self/status]	VmStk:	     148 kB
20220312 061436.157 INFO             PET0 PIOc_sync Enter - MemInfo: [/proc/self/status]	VmExe:	     212 kB
20220312 061436.157 INFO             PET0 PIOc_sync Enter - MemInfo: [/proc/self/status]	VmLib:	   49028 kB
20220312 061436.157 INFO             PET0 PIOc_sync Enter - MemInfo: [/proc/self/status]	VmPTE:	     856 kB
20220312 061436.157 INFO             PET0 PIOc_sync Enter - MemInfo: [/proc/self/status]	VmPMD:	      16 kB
20220312 061436.157 INFO             PET0 PIOc_sync Enter - MemInfo: [/proc/self/status]	VmSwap:	       0 kB
20220312 061436.157 INFO             PET0 PIOc_sync Enter - MemInfo: [/proc/self/status]	VmRSSPercent: 0.112965 %
20220312 061436.157 INFO             PET0 PIOc_sync Enter - MemInfo: [malloc] Non-mmapped space allocated:                89763840 Byte
20220312 061436.157 INFO             PET0 PIOc_sync Enter - MemInfo: [malloc] Space allocated in mmapped regions:          1581056 Byte
20220312 061436.157 INFO             PET0 PIOc_sync Enter - MemInfo: [malloc] Maximum total allocated space:                     0 Byte
20220312 061436.157 INFO             PET0 PIOc_sync Enter - MemInfo: [malloc] Space in freed fastbin blocks:                  2128 Byte
20220312 061436.157 INFO             PET0 PIOc_sync Enter - MemInfo: [malloc] Total allocated space:                      70950240 Byte
20220312 061436.157 INFO             PET0 PIOc_sync Enter - MemInfo: [malloc] Total free space:                           18813600 Byte
20220312 061436.157 INFO             PET0 PIOc_sync Enter - MemInfo: [malloc] Top-most, releasable space:                 16911440 Byte
20220312 061436.157 INFO             PET0 PIOc_sync Enter - MemInfo: [malloc] Total space in use, mmap + non-mmap:        72531296 Byte
20220312 061436.157 INFO             PET0 PIOc_sync Enter - MemInfo: [malloc] Total space held (mmap + non-mmap):         91344896 Byte
20220312 061436.157 INFO             PET0 PIOc_sync Enter - MemInfo: [malloc] Total space used (mmap + non-mmap):         72540624 Byte
20220312 061436.157 INFO             PET0 PIOc_sync Enter - MemInfo: Wall-clock time since execution start:               0.169731 seconds
20220312 061436.159 INFO             PET0 PIOc_sync Exit - MemInfo: [/proc/meminfo - SSI]	MemTotal:       65507008 kB
20220312 061436.159 INFO             PET0 PIOc_sync Exit - MemInfo: [/proc/meminfo - SSI]	MemFree:        48554948 kB
20220312 061436.159 INFO             PET0 PIOc_sync Exit - MemInfo: [/proc/meminfo - SSI]	MemAvailable:   48319292 kB
20220312 061436.159 INFO             PET0 PIOc_sync Exit - MemInfo: [/proc/meminfo - SSI]	Committed_AS:   13356092 kB
20220312 061436.159 INFO             PET0 PIOc_sync Exit - MemInfo: [/proc/meminfo - SSI]	CommittedPercent: 20.3888 %
20220312 061436.159 INFO             PET0 PIOc_sync Exit - MemInfo: [/proc/self/status]	VmPeak:	  596512 kB
20220312 061436.159 INFO             PET0 PIOc_sync Exit - MemInfo: [/proc/self/status]	VmSize:	  588324 kB
20220312 061436.159 INFO             PET0 PIOc_sync Exit - MemInfo: [/proc/self/status]	VmLck:	       0 kB
20220312 061436.159 INFO             PET0 PIOc_sync Exit - MemInfo: [/proc/self/status]	VmPin:	       0 kB
20220312 061436.159 INFO             PET0 PIOc_sync Exit - MemInfo: [/proc/self/status]	VmHWM:	   75360 kB
20220312 061436.159 INFO             PET0 PIOc_sync Exit - MemInfo: [/proc/self/status]	VmRSS:	   74000 kB
20220312 061436.159 INFO             PET0 PIOc_sync Exit - MemInfo: [/proc/self/status]	VmData:	   99640 kB
20220312 061436.159 INFO             PET0 PIOc_sync Exit - MemInfo: [/proc/self/status]	VmStk:	     148 kB
20220312 061436.159 INFO             PET0 PIOc_sync Exit - MemInfo: [/proc/self/status]	VmExe:	     212 kB
20220312 061436.159 INFO             PET0 PIOc_sync Exit - MemInfo: [/proc/self/status]	VmLib:	   49028 kB
20220312 061436.159 INFO             PET0 PIOc_sync Exit - MemInfo: [/proc/self/status]	VmPTE:	     856 kB
20220312 061436.159 INFO             PET0 PIOc_sync Exit - MemInfo: [/proc/self/status]	VmPMD:	      16 kB
20220312 061436.159 INFO             PET0 PIOc_sync Exit - MemInfo: [/proc/self/status]	VmSwap:	       0 kB
20220312 061436.159 INFO             PET0 PIOc_sync Exit - MemInfo: [/proc/self/status]	VmRSSPercent: 0.112965 %
20220312 061436.159 INFO             PET0 PIOc_sync Exit - MemInfo: [malloc] Non-mmapped space allocated:                89763840 Byte
20220312 061436.159 INFO             PET0 PIOc_sync Exit - MemInfo: [malloc] Space allocated in mmapped regions:          1581056 Byte
20220312 061436.159 INFO             PET0 PIOc_sync Exit - MemInfo: [malloc] Maximum total allocated space:                     0 Byte
20220312 061436.159 INFO             PET0 PIOc_sync Exit - MemInfo: [malloc] Space in freed fastbin blocks:                  2160 Byte
20220312 061436.159 INFO             PET0 PIOc_sync Exit - MemInfo: [malloc] Total allocated space:                      70952848 Byte
20220312 061436.159 INFO             PET0 PIOc_sync Exit - MemInfo: [malloc] Total free space:                           18810992 Byte
20220312 061436.159 INFO             PET0 PIOc_sync Exit - MemInfo: [malloc] Top-most, releasable space:                 16911440 Byte
20220312 061436.159 INFO             PET0 PIOc_sync Exit - MemInfo: [malloc] Total space in use, mmap + non-mmap:        72533904 Byte
20220312 061436.159 INFO             PET0 PIOc_sync Exit - MemInfo: [malloc] Total space held (mmap + non-mmap):         91344896 Byte
20220312 061436.159 INFO             PET0 PIOc_sync Exit - MemInfo: [malloc] Total space used (mmap + non-mmap):         72543232 Byte
20220312 061436.159 INFO             PET0 PIOc_sync Exit - MemInfo: Wall-clock time since execution start:                0.17194 seconds
20220312 061436.159 INFO             PET0 PIOc_freedecomp Enter - MemInfo: [/proc/meminfo - SSI]	MemTotal:       65507008 kB
20220312 061436.159 INFO             PET0 PIOc_freedecomp Enter - MemInfo: [/proc/meminfo - SSI]	MemFree:        48554948 kB
20220312 061436.159 INFO             PET0 PIOc_freedecomp Enter - MemInfo: [/proc/meminfo - SSI]	MemAvailable:   48319292 kB
20220312 061436.159 INFO             PET0 PIOc_freedecomp Enter - MemInfo: [/proc/meminfo - SSI]	Committed_AS:   13356092 kB
20220312 061436.160 INFO             PET0 PIOc_freedecomp Enter - MemInfo: [/proc/meminfo - SSI]	CommittedPercent: 20.3888 %
20220312 061436.160 INFO             PET0 PIOc_freedecomp Enter - MemInfo: [/proc/self/status]	VmPeak:	  596512 kB
20220312 061436.160 INFO             PET0 PIOc_freedecomp Enter - MemInfo: [/proc/self/status]	VmSize:	  588324 kB
20220312 061436.160 INFO             PET0 PIOc_freedecomp Enter - MemInfo: [/proc/self/status]	VmLck:	       0 kB
20220312 061436.160 INFO             PET0 PIOc_freedecomp Enter - MemInfo: [/proc/self/status]	VmPin:	       0 kB
20220312 061436.160 INFO             PET0 PIOc_freedecomp Enter - MemInfo: [/proc/self/status]	VmHWM:	   75360 kB
20220312 061436.160 INFO             PET0 PIOc_freedecomp Enter - MemInfo: [/proc/self/status]	VmRSS:	   74000 kB
20220312 061436.160 INFO             PET0 PIOc_freedecomp Enter - MemInfo: [/proc/self/status]	VmData:	   99640 kB
20220312 061436.160 INFO             PET0 PIOc_freedecomp Enter - MemInfo: [/proc/self/status]	VmStk:	     148 kB
20220312 061436.160 INFO             PET0 PIOc_freedecomp Enter - MemInfo: [/proc/self/status]	VmExe:	     212 kB
20220312 061436.160 INFO             PET0 PIOc_freedecomp Enter - MemInfo: [/proc/self/status]	VmLib:	   49028 kB
20220312 061436.160 INFO             PET0 PIOc_freedecomp Enter - MemInfo: [/proc/self/status]	VmPTE:	     856 kB
20220312 061436.160 INFO             PET0 PIOc_freedecomp Enter - MemInfo: [/proc/self/status]	VmPMD:	      16 kB
20220312 061436.160 INFO             PET0 PIOc_freedecomp Enter - MemInfo: [/proc/self/status]	VmSwap:	       0 kB
20220312 061436.160 INFO             PET0 PIOc_freedecomp Enter - MemInfo: [/proc/self/status]	VmRSSPercent: 0.112965 %
20220312 061436.160 INFO             PET0 PIOc_freedecomp Enter - MemInfo: [malloc] Non-mmapped space allocated:                89763840 Byte
20220312 061436.160 INFO             PET0 PIOc_freedecomp Enter - MemInfo: [malloc] Space allocated in mmapped regions:          1581056 Byte
20220312 061436.160 INFO             PET0 PIOc_freedecomp Enter - MemInfo: [malloc] Maximum total allocated space:                     0 Byte
20220312 061436.160 INFO             PET0 PIOc_freedecomp Enter - MemInfo: [malloc] Space in freed fastbin blocks:                  2688 Byte
20220312 061436.160 INFO             PET0 PIOc_freedecomp Enter - MemInfo: [malloc] Total allocated space:                      54161616 Byte
20220312 061436.160 INFO             PET0 PIOc_freedecomp Enter - MemInfo: [malloc] Total free space:                           35602224 Byte
20220312 061436.160 INFO             PET0 PIOc_freedecomp Enter - MemInfo: [malloc] Top-most, releasable space:                 16911440 Byte
20220312 061436.160 INFO             PET0 PIOc_freedecomp Enter - MemInfo: [malloc] Total space in use, mmap + non-mmap:        55742672 Byte
20220312 061436.160 INFO             PET0 PIOc_freedecomp Enter - MemInfo: [malloc] Total space held (mmap + non-mmap):         91344896 Byte
20220312 061436.160 INFO             PET0 PIOc_freedecomp Enter - MemInfo: [malloc] Total space used (mmap + non-mmap):         55752016 Byte
20220312 061436.160 INFO             PET0 PIOc_freedecomp Enter - MemInfo: Wall-clock time since execution start:               0.172372 seconds
20220312 061436.160 INFO             PET0 PIOc_freedecomp Exit - MemInfo: [/proc/meminfo - SSI]	MemTotal:       65507008 kB
20220312 061436.160 INFO             PET0 PIOc_freedecomp Exit - MemInfo: [/proc/meminfo - SSI]	MemFree:        48554948 kB
20220312 061436.160 INFO             PET0 PIOc_freedecomp Exit - MemInfo: [/proc/meminfo - SSI]	MemAvailable:   48319292 kB
20220312 061436.160 INFO             PET0 PIOc_freedecomp Exit - MemInfo: [/proc/meminfo - SSI]	Committed_AS:   13356092 kB
20220312 061436.160 INFO             PET0 PIOc_freedecomp Exit - MemInfo: [/proc/meminfo - SSI]	CommittedPercent: 20.3888 %
20220312 061436.160 INFO             PET0 PIOc_freedecomp Exit - MemInfo: [/proc/self/status]	VmPeak:	  596512 kB
20220312 061436.160 INFO             PET0 PIOc_freedecomp Exit - MemInfo: [/proc/self/status]	VmSize:	  588324 kB
20220312 061436.160 INFO             PET0 PIOc_freedecomp Exit - MemInfo: [/proc/self/status]	VmLck:	       0 kB
20220312 061436.160 INFO             PET0 PIOc_freedecomp Exit - MemInfo: [/proc/self/status]	VmPin:	       0 kB
20220312 061436.160 INFO             PET0 PIOc_freedecomp Exit - MemInfo: [/proc/self/status]	VmHWM:	   75360 kB
20220312 061436.160 INFO             PET0 PIOc_freedecomp Exit - MemInfo: [/proc/self/status]	VmRSS:	   74000 kB
20220312 061436.160 INFO             PET0 PIOc_freedecomp Exit - MemInfo: [/proc/self/status]	VmData:	   99640 kB
20220312 061436.160 INFO             PET0 PIOc_freedecomp Exit - MemInfo: [/proc/self/status]	VmStk:	     148 kB
20220312 061436.160 INFO             PET0 PIOc_freedecomp Exit - MemInfo: [/proc/self/status]	VmExe:	     212 kB
20220312 061436.160 INFO             PET0 PIOc_freedecomp Exit - MemInfo: [/proc/self/status]	VmLib:	   49028 kB
20220312 061436.160 INFO             PET0 PIOc_freedecomp Exit - MemInfo: [/proc/self/status]	VmPTE:	     856 kB
20220312 061436.160 INFO             PET0 PIOc_freedecomp Exit - MemInfo: [/proc/self/status]	VmPMD:	      16 kB
20220312 061436.160 INFO             PET0 PIOc_freedecomp Exit - MemInfo: [/proc/self/status]	VmSwap:	       0 kB
20220312 061436.160 INFO             PET0 PIOc_freedecomp Exit - MemInfo: [/proc/self/status]	VmRSSPercent: 0.112965 %
20220312 061436.160 INFO             PET0 PIOc_freedecomp Exit - MemInfo: [malloc] Non-mmapped space allocated:                89763840 Byte
20220312 061436.160 INFO             PET0 PIOc_freedecomp Exit - MemInfo: [malloc] Space allocated in mmapped regions:          1581056 Byte
20220312 061436.160 INFO             PET0 PIOc_freedecomp Exit - MemInfo: [malloc] Maximum total allocated space:                     0 Byte
20220312 061436.160 INFO             PET0 PIOc_freedecomp Exit - MemInfo: [malloc] Space in freed fastbin blocks:                  3008 Byte
20220312 061436.160 INFO             PET0 PIOc_freedecomp Exit - MemInfo: [malloc] Total allocated space:                      54153856 Byte
20220312 061436.160 INFO             PET0 PIOc_freedecomp Exit - MemInfo: [malloc] Total free space:                           35609984 Byte
20220312 061436.160 INFO             PET0 PIOc_freedecomp Exit - MemInfo: [malloc] Top-most, releasable space:                 16911440 Byte
20220312 061436.160 INFO             PET0 PIOc_freedecomp Exit - MemInfo: [malloc] Total space in use, mmap + non-mmap:        55734912 Byte
20220312 061436.160 INFO             PET0 PIOc_freedecomp Exit - MemInfo: [malloc] Total space held (mmap + non-mmap):         91344896 Byte
20220312 061436.160 INFO             PET0 PIOc_freedecomp Exit - MemInfo: [malloc] Total space used (mmap + non-mmap):         55744240 Byte
20220312 061436.160 INFO             PET0 PIOc_freedecomp Exit - MemInfo: Wall-clock time since execution start:               0.172711 seconds
20220312 061436.163 INFO             PET0  PASS  ESMF_FieldRegridStoreFromFile Unit Test, ESMF_FieldSMMFromFileUTest.F90, line 315
20220312 061436.163 INFO             PET0  Ending Test, file ESMF_FieldSMMFromFileUTest.F90, line 322
20220312 061436.163 INFO             PET0 Finalizing ESMF
20220312 061435.989 INFO             PET1 !!!!!!!!!!!!!!!!!!!!!!!!!!!!!!!!!!!!!!!!!!!!!!!!!!!!!!
20220312 061435.989 INFO             PET1 !!! THE ESMF_LOG IS SET TO OUTPUT ALL LOG MESSAGES !!!
20220312 061435.989 INFO             PET1 !!!     THIS MAY CAUSE SLOWDOWN IN PERFORMANCE     !!!
20220312 061435.989 INFO             PET1 !!! FOR PRODUCTION RUNS, USE:                      !!!
20220312 061435.989 INFO             PET1 !!!                   ESMF_LOGKIND_Multi_On_Error  !!!
20220312 061435.989 INFO             PET1 !!!!!!!!!!!!!!!!!!!!!!!!!!!!!!!!!!!!!!!!!!!!!!!!!!!!!!
20220312 061435.989 INFO             PET1 Running with ESMF Version   : v8.3.0b09-96-g559b459836
20220312 061435.989 INFO             PET1 ESMF library build date/time: "Mar 12 2022" "05:58:05"
20220312 061435.989 INFO             PET1 ESMF library build location : /glade/scratch/rlong/esmf-testing/gfortran_7.4.0_openmpi_O_jedwards_pio_update2
20220312 061435.989 INFO             PET1 ESMF_COMM                   : openmpi
20220312 061435.989 INFO             PET1 ESMF_MOAB                   : enabled
20220312 061435.989 INFO             PET1 ESMF_LAPACK                 : enabled
20220312 061435.989 INFO             PET1 ESMF_NETCDF                 : enabled
20220312 061435.989 INFO             PET1 ESMF_PNETCDF                : disabled
20220312 061435.989 INFO             PET1 ESMF_PIO                    : enabled
20220312 061435.989 INFO             PET1 ESMF_YAMLCPP                : enabled
20220312 061435.990 INFO             PET1  Beginning Test, file ESMF_FieldSMMFromFileUTest.F90, line 287
20220312 061435.990 INFO             PET1  NUMBER_OF_PROCESSORS           4
20220312 061436.141 INFO             PET1  PASS  ESMF_FieldSMMFromFile Unit Test, ESMF_FieldSMMFromFileUTest.F90, line 300
20220312 061436.149 INFO             PET1 PIOc_sync Enter - MemInfo: [/proc/meminfo - SSI]	MemTotal:       65507008 kB
20220312 061436.149 INFO             PET1 PIOc_sync Enter - MemInfo: [/proc/meminfo - SSI]	MemFree:        48554948 kB
20220312 061436.149 INFO             PET1 PIOc_sync Enter - MemInfo: [/proc/meminfo - SSI]	MemAvailable:   48319292 kB
20220312 061436.149 INFO             PET1 PIOc_sync Enter - MemInfo: [/proc/meminfo - SSI]	Committed_AS:   13356092 kB
20220312 061436.149 INFO             PET1 PIOc_sync Enter - MemInfo: [/proc/meminfo - SSI]	CommittedPercent: 20.3888 %
20220312 061436.149 INFO             PET1 PIOc_sync Enter - MemInfo: [/proc/self/status]	VmPeak:	  547612 kB
20220312 061436.149 INFO             PET1 PIOc_sync Enter - MemInfo: [/proc/self/status]	VmSize:	  539424 kB
20220312 061436.149 INFO             PET1 PIOc_sync Enter - MemInfo: [/proc/self/status]	VmLck:	       0 kB
20220312 061436.149 INFO             PET1 PIOc_sync Enter - MemInfo: [/proc/self/status]	VmPin:	       0 kB
20220312 061436.149 INFO             PET1 PIOc_sync Enter - MemInfo: [/proc/self/status]	VmHWM:	   61368 kB
20220312 061436.149 INFO             PET1 PIOc_sync Enter - MemInfo: [/proc/self/status]	VmRSS:	   41228 kB
20220312 061436.149 INFO             PET1 PIOc_sync Enter - MemInfo: [/proc/self/status]	VmData:	   50740 kB
20220312 061436.149 INFO             PET1 PIOc_sync Enter - MemInfo: [/proc/self/status]	VmStk:	     148 kB
20220312 061436.149 INFO             PET1 PIOc_sync Enter - MemInfo: [/proc/self/status]	VmExe:	     212 kB
20220312 061436.149 INFO             PET1 PIOc_sync Enter - MemInfo: [/proc/self/status]	VmLib:	   49028 kB
20220312 061436.149 INFO             PET1 PIOc_sync Enter - MemInfo: [/proc/self/status]	VmPTE:	     788 kB
20220312 061436.149 INFO             PET1 PIOc_sync Enter - MemInfo: [/proc/self/status]	VmPMD:	      12 kB
20220312 061436.149 INFO             PET1 PIOc_sync Enter - MemInfo: [/proc/self/status]	VmSwap:	       0 kB
20220312 061436.149 INFO             PET1 PIOc_sync Enter - MemInfo: [/proc/self/status]	VmRSSPercent: 0.0629368 %
20220312 061436.149 INFO             PET1 PIOc_sync Enter - MemInfo: [malloc] Non-mmapped space allocated:                39690240 Byte
20220312 061436.152 INFO             PET1 PIOc_sync Enter - MemInfo: [malloc] Space allocated in mmapped regions:          1581056 Byte
20220312 061436.152 INFO             PET1 PIOc_sync Enter - MemInfo: [malloc] Maximum total allocated space:                     0 Byte
20220312 061436.152 INFO             PET1 PIOc_sync Enter - MemInfo: [malloc] Space in freed fastbin blocks:                   880 Byte
20220312 061436.152 INFO             PET1 PIOc_sync Enter - MemInfo: [malloc] Total allocated space:                      20666512 Byte
20220312 061436.152 INFO             PET1 PIOc_sync Enter - MemInfo: [malloc] Total free space:                           19023728 Byte
20220312 061436.152 INFO             PET1 PIOc_sync Enter - MemInfo: [malloc] Top-most, releasable space:                 16909056 Byte
20220312 061436.152 INFO             PET1 PIOc_sync Enter - MemInfo: [malloc] Total space in use, mmap + non-mmap:        22247568 Byte
20220312 061436.152 INFO             PET1 PIOc_sync Enter - MemInfo: [malloc] Total space held (mmap + non-mmap):         41271296 Byte
20220312 061436.152 INFO             PET1 PIOc_sync Enter - MemInfo: [malloc] Total space used (mmap + non-mmap):         22256896 Byte
20220312 061436.152 INFO             PET1 PIOc_sync Enter - MemInfo: Wall-clock time since execution start:               0.164428 seconds
20220312 061436.152 INFO             PET1 PIOc_sync Exit - MemInfo: [/proc/meminfo - SSI]	MemTotal:       65507008 kB
20220312 061436.152 INFO             PET1 PIOc_sync Exit - MemInfo: [/proc/meminfo - SSI]	MemFree:        48554948 kB
20220312 061436.152 INFO             PET1 PIOc_sync Exit - MemInfo: [/proc/meminfo - SSI]	MemAvailable:   48319292 kB
20220312 061436.152 INFO             PET1 PIOc_sync Exit - MemInfo: [/proc/meminfo - SSI]	Committed_AS:   13356092 kB
20220312 061436.152 INFO             PET1 PIOc_sync Exit - MemInfo: [/proc/meminfo - SSI]	CommittedPercent: 20.3888 %
20220312 061436.152 INFO             PET1 PIOc_sync Exit - MemInfo: [/proc/self/status]	VmPeak:	  547612 kB
20220312 061436.152 INFO             PET1 PIOc_sync Exit - MemInfo: [/proc/self/status]	VmSize:	  539424 kB
20220312 061436.152 INFO             PET1 PIOc_sync Exit - MemInfo: [/proc/self/status]	VmLck:	       0 kB
20220312 061436.152 INFO             PET1 PIOc_sync Exit - MemInfo: [/proc/self/status]	VmPin:	       0 kB
20220312 061436.152 INFO             PET1 PIOc_sync Exit - MemInfo: [/proc/self/status]	VmHWM:	   61368 kB
20220312 061436.152 INFO             PET1 PIOc_sync Exit - MemInfo: [/proc/self/status]	VmRSS:	   41288 kB
20220312 061436.152 INFO             PET1 PIOc_sync Exit - MemInfo: [/proc/self/status]	VmData:	   50740 kB
20220312 061436.152 INFO             PET1 PIOc_sync Exit - MemInfo: [/proc/self/status]	VmStk:	     148 kB
20220312 061436.152 INFO             PET1 PIOc_sync Exit - MemInfo: [/proc/self/status]	VmExe:	     212 kB
20220312 061436.152 INFO             PET1 PIOc_sync Exit - MemInfo: [/proc/self/status]	VmLib:	   49028 kB
20220312 061436.152 INFO             PET1 PIOc_sync Exit - MemInfo: [/proc/self/status]	VmPTE:	     788 kB
20220312 061436.152 INFO             PET1 PIOc_sync Exit - MemInfo: [/proc/self/status]	VmPMD:	      12 kB
20220312 061436.152 INFO             PET1 PIOc_sync Exit - MemInfo: [/proc/self/status]	VmSwap:	       0 kB
20220312 061436.152 INFO             PET1 PIOc_sync Exit - MemInfo: [/proc/self/status]	VmRSSPercent: 0.0630284 %
20220312 061436.152 INFO             PET1 PIOc_sync Exit - MemInfo: [malloc] Non-mmapped space allocated:                39690240 Byte
20220312 061436.152 INFO             PET1 PIOc_sync Exit - MemInfo: [malloc] Space allocated in mmapped regions:          1581056 Byte
20220312 061436.152 INFO             PET1 PIOc_sync Exit - MemInfo: [malloc] Maximum total allocated space:                     0 Byte
20220312 061436.152 INFO             PET1 PIOc_sync Exit - MemInfo: [malloc] Space in freed fastbin blocks:                  1296 Byte
20220312 061436.152 INFO             PET1 PIOc_sync Exit - MemInfo: [malloc] Total allocated space:                      20665936 Byte
20220312 061436.152 INFO             PET1 PIOc_sync Exit - MemInfo: [malloc] Total free space:                           19024304 Byte
20220312 061436.152 INFO             PET1 PIOc_sync Exit - MemInfo: [malloc] Top-most, releasable space:                 16909056 Byte
20220312 061436.152 INFO             PET1 PIOc_sync Exit - MemInfo: [malloc] Total space in use, mmap + non-mmap:        22246992 Byte
20220312 061436.152 INFO             PET1 PIOc_sync Exit - MemInfo: [malloc] Total space held (mmap + non-mmap):         41271296 Byte
20220312 061436.152 INFO             PET1 PIOc_sync Exit - MemInfo: [malloc] Total space used (mmap + non-mmap):         22256320 Byte
20220312 061436.152 INFO             PET1 PIOc_sync Exit - MemInfo: Wall-clock time since execution start:               0.164896 seconds
20220312 061436.152 INFO             PET1 PIOc_freedecomp Enter - MemInfo: [/proc/meminfo - SSI]	MemTotal:       65507008 kB
20220312 061436.152 INFO             PET1 PIOc_freedecomp Enter - MemInfo: [/proc/meminfo - SSI]	MemFree:        48554948 kB
20220312 061436.152 INFO             PET1 PIOc_freedecomp Enter - MemInfo: [/proc/meminfo - SSI]	MemAvailable:   48319292 kB
20220312 061436.152 INFO             PET1 PIOc_freedecomp Enter - MemInfo: [/proc/meminfo - SSI]	Committed_AS:   13356092 kB
20220312 061436.153 INFO             PET1 PIOc_freedecomp Enter - MemInfo: [/proc/meminfo - SSI]	CommittedPercent: 20.3888 %
20220312 061436.153 INFO             PET1 PIOc_freedecomp Enter - MemInfo: [/proc/self/status]	VmPeak:	  547612 kB
20220312 061436.153 INFO             PET1 PIOc_freedecomp Enter - MemInfo: [/proc/self/status]	VmSize:	  539424 kB
20220312 061436.153 INFO             PET1 PIOc_freedecomp Enter - MemInfo: [/proc/self/status]	VmLck:	       0 kB
20220312 061436.153 INFO             PET1 PIOc_freedecomp Enter - MemInfo: [/proc/self/status]	VmPin:	       0 kB
20220312 061436.153 INFO             PET1 PIOc_freedecomp Enter - MemInfo: [/proc/self/status]	VmHWM:	   61368 kB
20220312 061436.153 INFO             PET1 PIOc_freedecomp Enter - MemInfo: [/proc/self/status]	VmRSS:	   41288 kB
20220312 061436.153 INFO             PET1 PIOc_freedecomp Enter - MemInfo: [/proc/self/status]	VmData:	   50740 kB
20220312 061436.153 INFO             PET1 PIOc_freedecomp Enter - MemInfo: [/proc/self/status]	VmStk:	     148 kB
20220312 061436.153 INFO             PET1 PIOc_freedecomp Enter - MemInfo: [/proc/self/status]	VmExe:	     212 kB
20220312 061436.153 INFO             PET1 PIOc_freedecomp Enter - MemInfo: [/proc/self/status]	VmLib:	   49028 kB
20220312 061436.153 INFO             PET1 PIOc_freedecomp Enter - MemInfo: [/proc/self/status]	VmPTE:	     788 kB
20220312 061436.153 INFO             PET1 PIOc_freedecomp Enter - MemInfo: [/proc/self/status]	VmPMD:	      12 kB
20220312 061436.153 INFO             PET1 PIOc_freedecomp Enter - MemInfo: [/proc/self/status]	VmSwap:	       0 kB
20220312 061436.153 INFO             PET1 PIOc_freedecomp Enter - MemInfo: [/proc/self/status]	VmRSSPercent: 0.0630284 %
20220312 061436.153 INFO             PET1 PIOc_freedecomp Enter - MemInfo: [malloc] Non-mmapped space allocated:                39690240 Byte
20220312 061436.153 INFO             PET1 PIOc_freedecomp Enter - MemInfo: [malloc] Space allocated in mmapped regions:          1581056 Byte
20220312 061436.153 INFO             PET1 PIOc_freedecomp Enter - MemInfo: [malloc] Maximum total allocated space:                     0 Byte
20220312 061436.153 INFO             PET1 PIOc_freedecomp Enter - MemInfo: [malloc] Space in freed fastbin blocks:                  1456 Byte
20220312 061436.153 INFO             PET1 PIOc_freedecomp Enter - MemInfo: [malloc] Total allocated space:                      20664256 Byte
20220312 061436.153 INFO             PET1 PIOc_freedecomp Enter - MemInfo: [malloc] Total free space:                           19025984 Byte
20220312 061436.153 INFO             PET1 PIOc_freedecomp Enter - MemInfo: [malloc] Top-most, releasable space:                 16909056 Byte
20220312 061436.153 INFO             PET1 PIOc_freedecomp Enter - MemInfo: [malloc] Total space in use, mmap + non-mmap:        22245312 Byte
20220312 061436.153 INFO             PET1 PIOc_freedecomp Enter - MemInfo: [malloc] Total space held (mmap + non-mmap):         41271296 Byte
20220312 061436.153 INFO             PET1 PIOc_freedecomp Enter - MemInfo: [malloc] Total space used (mmap + non-mmap):         22254640 Byte
20220312 061436.153 INFO             PET1 PIOc_freedecomp Enter - MemInfo: Wall-clock time since execution start:               0.165277 seconds
20220312 061436.153 INFO             PET1 PIOc_freedecomp Exit - MemInfo: [/proc/meminfo - SSI]	MemTotal:       65507008 kB
20220312 061436.153 INFO             PET1 PIOc_freedecomp Exit - MemInfo: [/proc/meminfo - SSI]	MemFree:        48554948 kB
20220312 061436.153 INFO             PET1 PIOc_freedecomp Exit - MemInfo: [/proc/meminfo - SSI]	MemAvailable:   48319292 kB
20220312 061436.153 INFO             PET1 PIOc_freedecomp Exit - MemInfo: [/proc/meminfo - SSI]	Committed_AS:   13356092 kB
20220312 061436.153 INFO             PET1 PIOc_freedecomp Exit - MemInfo: [/proc/meminfo - SSI]	CommittedPercent: 20.3888 %
20220312 061436.153 INFO             PET1 PIOc_freedecomp Exit - MemInfo: [/proc/self/status]	VmPeak:	  547612 kB
20220312 061436.153 INFO             PET1 PIOc_freedecomp Exit - MemInfo: [/proc/self/status]	VmSize:	  539424 kB
20220312 061436.153 INFO             PET1 PIOc_freedecomp Exit - MemInfo: [/proc/self/status]	VmLck:	       0 kB
20220312 061436.153 INFO             PET1 PIOc_freedecomp Exit - MemInfo: [/proc/self/status]	VmPin:	       0 kB
20220312 061436.153 INFO             PET1 PIOc_freedecomp Exit - MemInfo: [/proc/self/status]	VmHWM:	   61368 kB
20220312 061436.153 INFO             PET1 PIOc_freedecomp Exit - MemInfo: [/proc/self/status]	VmRSS:	   41288 kB
20220312 061436.153 INFO             PET1 PIOc_freedecomp Exit - MemInfo: [/proc/self/status]	VmData:	   50740 kB
20220312 061436.153 INFO             PET1 PIOc_freedecomp Exit - MemInfo: [/proc/self/status]	VmStk:	     148 kB
20220312 061436.153 INFO             PET1 PIOc_freedecomp Exit - MemInfo: [/proc/self/status]	VmExe:	     212 kB
20220312 061436.153 INFO             PET1 PIOc_freedecomp Exit - MemInfo: [/proc/self/status]	VmLib:	   49028 kB
20220312 061436.153 INFO             PET1 PIOc_freedecomp Exit - MemInfo: [/proc/self/status]	VmPTE:	     788 kB
20220312 061436.153 INFO             PET1 PIOc_freedecomp Exit - MemInfo: [/proc/self/status]	VmPMD:	      12 kB
20220312 061436.153 INFO             PET1 PIOc_freedecomp Exit - MemInfo: [/proc/self/status]	VmSwap:	       0 kB
20220312 061436.153 INFO             PET1 PIOc_freedecomp Exit - MemInfo: [/proc/self/status]	VmRSSPercent: 0.0630284 %
20220312 061436.153 INFO             PET1 PIOc_freedecomp Exit - MemInfo: [malloc] Non-mmapped space allocated:                39690240 Byte
20220312 061436.153 INFO             PET1 PIOc_freedecomp Exit - MemInfo: [malloc] Space allocated in mmapped regions:          1581056 Byte
20220312 061436.153 INFO             PET1 PIOc_freedecomp Exit - MemInfo: [malloc] Maximum total allocated space:                     0 Byte
20220312 061436.153 INFO             PET1 PIOc_freedecomp Exit - MemInfo: [malloc] Space in freed fastbin blocks:                  1808 Byte
20220312 061436.153 INFO             PET1 PIOc_freedecomp Exit - MemInfo: [malloc] Total allocated space:                      20661328 Byte
20220312 061436.153 INFO             PET1 PIOc_freedecomp Exit - MemInfo: [malloc] Total free space:                           19028912 Byte
20220312 061436.153 INFO             PET1 PIOc_freedecomp Exit - MemInfo: [malloc] Top-most, releasable space:                 16909056 Byte
20220312 061436.153 INFO             PET1 PIOc_freedecomp Exit - MemInfo: [malloc] Total space in use, mmap + non-mmap:        22242384 Byte
20220312 061436.153 INFO             PET1 PIOc_freedecomp Exit - MemInfo: [malloc] Total space held (mmap + non-mmap):         41271296 Byte
20220312 061436.153 INFO             PET1 PIOc_freedecomp Exit - MemInfo: [malloc] Total space used (mmap + non-mmap):         22251712 Byte
20220312 061436.153 INFO             PET1 PIOc_freedecomp Exit - MemInfo: Wall-clock time since execution start:               0.165623 seconds
20220312 061436.155 INFO             PET1 PIOc_sync Enter - MemInfo: [/proc/meminfo - SSI]	MemTotal:       65507008 kB
20220312 061436.155 INFO             PET1 PIOc_sync Enter - MemInfo: [/proc/meminfo - SSI]	MemFree:        48554948 kB
20220312 061436.155 INFO             PET1 PIOc_sync Enter - MemInfo: [/proc/meminfo - SSI]	MemAvailable:   48319292 kB
20220312 061436.155 INFO             PET1 PIOc_sync Enter - MemInfo: [/proc/meminfo - SSI]	Committed_AS:   13356092 kB
20220312 061436.155 INFO             PET1 PIOc_sync Enter - MemInfo: [/proc/meminfo - SSI]	CommittedPercent: 20.3888 %
20220312 061436.155 INFO             PET1 PIOc_sync Enter - MemInfo: [/proc/self/status]	VmPeak:	  547612 kB
20220312 061436.155 INFO             PET1 PIOc_sync Enter - MemInfo: [/proc/self/status]	VmSize:	  539424 kB
20220312 061436.155 INFO             PET1 PIOc_sync Enter - MemInfo: [/proc/self/status]	VmLck:	       0 kB
20220312 061436.155 INFO             PET1 PIOc_sync Enter - MemInfo: [/proc/self/status]	VmPin:	       0 kB
20220312 061436.155 INFO             PET1 PIOc_sync Enter - MemInfo: [/proc/self/status]	VmHWM:	   61368 kB
20220312 061436.155 INFO             PET1 PIOc_sync Enter - MemInfo: [/proc/self/status]	VmRSS:	   41292 kB
20220312 061436.155 INFO             PET1 PIOc_sync Enter - MemInfo: [/proc/self/status]	VmData:	   50740 kB
20220312 061436.155 INFO             PET1 PIOc_sync Enter - MemInfo: [/proc/self/status]	VmStk:	     148 kB
20220312 061436.155 INFO             PET1 PIOc_sync Enter - MemInfo: [/proc/self/status]	VmExe:	     212 kB
20220312 061436.155 INFO             PET1 PIOc_sync Enter - MemInfo: [/proc/self/status]	VmLib:	   49028 kB
20220312 061436.155 INFO             PET1 PIOc_sync Enter - MemInfo: [/proc/self/status]	VmPTE:	     788 kB
20220312 061436.155 INFO             PET1 PIOc_sync Enter - MemInfo: [/proc/self/status]	VmPMD:	      12 kB
20220312 061436.155 INFO             PET1 PIOc_sync Enter - MemInfo: [/proc/self/status]	VmSwap:	       0 kB
20220312 061436.155 INFO             PET1 PIOc_sync Enter - MemInfo: [/proc/self/status]	VmRSSPercent: 0.0630345 %
20220312 061436.155 INFO             PET1 PIOc_sync Enter - MemInfo: [malloc] Non-mmapped space allocated:                39690240 Byte
20220312 061436.155 INFO             PET1 PIOc_sync Enter - MemInfo: [malloc] Space allocated in mmapped regions:          1581056 Byte
20220312 061436.155 INFO             PET1 PIOc_sync Enter - MemInfo: [malloc] Maximum total allocated space:                     0 Byte
20220312 061436.155 INFO             PET1 PIOc_sync Enter - MemInfo: [malloc] Space in freed fastbin blocks:                  2800 Byte
20220312 061436.155 INFO             PET1 PIOc_sync Enter - MemInfo: [malloc] Total allocated space:                      20666416 Byte
20220312 061436.155 INFO             PET1 PIOc_sync Enter - MemInfo: [malloc] Total free space:                           19023824 Byte
20220312 061436.155 INFO             PET1 PIOc_sync Enter - MemInfo: [malloc] Top-most, releasable space:                 16909056 Byte
20220312 061436.155 INFO             PET1 PIOc_sync Enter - MemInfo: [malloc] Total space in use, mmap + non-mmap:        22247472 Byte
20220312 061436.155 INFO             PET1 PIOc_sync Enter - MemInfo: [malloc] Total space held (mmap + non-mmap):         41271296 Byte
20220312 061436.155 INFO             PET1 PIOc_sync Enter - MemInfo: [malloc] Total space used (mmap + non-mmap):         22256800 Byte
20220312 061436.155 INFO             PET1 PIOc_sync Enter - MemInfo: Wall-clock time since execution start:               0.167414 seconds
20220312 061436.155 INFO             PET1 PIOc_sync Exit - MemInfo: [/proc/meminfo - SSI]	MemTotal:       65507008 kB
20220312 061436.155 INFO             PET1 PIOc_sync Exit - MemInfo: [/proc/meminfo - SSI]	MemFree:        48554948 kB
20220312 061436.155 INFO             PET1 PIOc_sync Exit - MemInfo: [/proc/meminfo - SSI]	MemAvailable:   48319292 kB
20220312 061436.155 INFO             PET1 PIOc_sync Exit - MemInfo: [/proc/meminfo - SSI]	Committed_AS:   13356092 kB
20220312 061436.155 INFO             PET1 PIOc_sync Exit - MemInfo: [/proc/meminfo - SSI]	CommittedPercent: 20.3888 %
20220312 061436.155 INFO             PET1 PIOc_sync Exit - MemInfo: [/proc/self/status]	VmPeak:	  547612 kB
20220312 061436.155 INFO             PET1 PIOc_sync Exit - MemInfo: [/proc/self/status]	VmSize:	  539424 kB
20220312 061436.155 INFO             PET1 PIOc_sync Exit - MemInfo: [/proc/self/status]	VmLck:	       0 kB
20220312 061436.155 INFO             PET1 PIOc_sync Exit - MemInfo: [/proc/self/status]	VmPin:	       0 kB
20220312 061436.155 INFO             PET1 PIOc_sync Exit - MemInfo: [/proc/self/status]	VmHWM:	   61368 kB
20220312 061436.155 INFO             PET1 PIOc_sync Exit - MemInfo: [/proc/self/status]	VmRSS:	   41292 kB
20220312 061436.155 INFO             PET1 PIOc_sync Exit - MemInfo: [/proc/self/status]	VmData:	   50740 kB
20220312 061436.155 INFO             PET1 PIOc_sync Exit - MemInfo: [/proc/self/status]	VmStk:	     148 kB
20220312 061436.155 INFO             PET1 PIOc_sync Exit - MemInfo: [/proc/self/status]	VmExe:	     212 kB
20220312 061436.155 INFO             PET1 PIOc_sync Exit - MemInfo: [/proc/self/status]	VmLib:	   49028 kB
20220312 061436.155 INFO             PET1 PIOc_sync Exit - MemInfo: [/proc/self/status]	VmPTE:	     788 kB
20220312 061436.155 INFO             PET1 PIOc_sync Exit - MemInfo: [/proc/self/status]	VmPMD:	      12 kB
20220312 061436.155 INFO             PET1 PIOc_sync Exit - MemInfo: [/proc/self/status]	VmSwap:	       0 kB
20220312 061436.155 INFO             PET1 PIOc_sync Exit - MemInfo: [/proc/self/status]	VmRSSPercent: 0.0630345 %
20220312 061436.155 INFO             PET1 PIOc_sync Exit - MemInfo: [malloc] Non-mmapped space allocated:                39690240 Byte
20220312 061436.155 INFO             PET1 PIOc_sync Exit - MemInfo: [malloc] Space allocated in mmapped regions:          1581056 Byte
20220312 061436.155 INFO             PET1 PIOc_sync Exit - MemInfo: [malloc] Maximum total allocated space:                     0 Byte
20220312 061436.155 INFO             PET1 PIOc_sync Exit - MemInfo: [malloc] Space in freed fastbin blocks:                  1536 Byte
20220312 061436.155 INFO             PET1 PIOc_sync Exit - MemInfo: [malloc] Total allocated space:                      20666096 Byte
20220312 061436.155 INFO             PET1 PIOc_sync Exit - MemInfo: [malloc] Total free space:                           19024144 Byte
20220312 061436.155 INFO             PET1 PIOc_sync Exit - MemInfo: [malloc] Top-most, releasable space:                 16909056 Byte
20220312 061436.155 INFO             PET1 PIOc_sync Exit - MemInfo: [malloc] Total space in use, mmap + non-mmap:        22247152 Byte
20220312 061436.155 INFO             PET1 PIOc_sync Exit - MemInfo: [malloc] Total space held (mmap + non-mmap):         41271296 Byte
20220312 061436.155 INFO             PET1 PIOc_sync Exit - MemInfo: [malloc] Total space used (mmap + non-mmap):         22256480 Byte
20220312 061436.155 INFO             PET1 PIOc_sync Exit - MemInfo: Wall-clock time since execution start:               0.167815 seconds
20220312 061436.155 INFO             PET1 PIOc_freedecomp Enter - MemInfo: [/proc/meminfo - SSI]	MemTotal:       65507008 kB
20220312 061436.155 INFO             PET1 PIOc_freedecomp Enter - MemInfo: [/proc/meminfo - SSI]	MemFree:        48554948 kB
20220312 061436.155 INFO             PET1 PIOc_freedecomp Enter - MemInfo: [/proc/meminfo - SSI]	MemAvailable:   48319292 kB
20220312 061436.155 INFO             PET1 PIOc_freedecomp Enter - MemInfo: [/proc/meminfo - SSI]	Committed_AS:   13356092 kB
20220312 061436.155 INFO             PET1 PIOc_freedecomp Enter - MemInfo: [/proc/meminfo - SSI]	CommittedPercent: 20.3888 %
20220312 061436.155 INFO             PET1 PIOc_freedecomp Enter - MemInfo: [/proc/self/status]	VmPeak:	  547612 kB
20220312 061436.155 INFO             PET1 PIOc_freedecomp Enter - MemInfo: [/proc/self/status]	VmSize:	  539424 kB
20220312 061436.155 INFO             PET1 PIOc_freedecomp Enter - MemInfo: [/proc/self/status]	VmLck:	       0 kB
20220312 061436.155 INFO             PET1 PIOc_freedecomp Enter - MemInfo: [/proc/self/status]	VmPin:	       0 kB
20220312 061436.155 INFO             PET1 PIOc_freedecomp Enter - MemInfo: [/proc/self/status]	VmHWM:	   61368 kB
20220312 061436.156 INFO             PET1 PIOc_freedecomp Enter - MemInfo: [/proc/self/status]	VmRSS:	   41292 kB
20220312 061436.156 INFO             PET1 PIOc_freedecomp Enter - MemInfo: [/proc/self/status]	VmData:	   50740 kB
20220312 061436.156 INFO             PET1 PIOc_freedecomp Enter - MemInfo: [/proc/self/status]	VmStk:	     148 kB
20220312 061436.156 INFO             PET1 PIOc_freedecomp Enter - MemInfo: [/proc/self/status]	VmExe:	     212 kB
20220312 061436.156 INFO             PET1 PIOc_freedecomp Enter - MemInfo: [/proc/self/status]	VmLib:	   49028 kB
20220312 061436.156 INFO             PET1 PIOc_freedecomp Enter - MemInfo: [/proc/self/status]	VmPTE:	     788 kB
20220312 061436.156 INFO             PET1 PIOc_freedecomp Enter - MemInfo: [/proc/self/status]	VmPMD:	      12 kB
20220312 061436.156 INFO             PET1 PIOc_freedecomp Enter - MemInfo: [/proc/self/status]	VmSwap:	       0 kB
20220312 061436.156 INFO             PET1 PIOc_freedecomp Enter - MemInfo: [/proc/self/status]	VmRSSPercent: 0.0630345 %
20220312 061436.156 INFO             PET1 PIOc_freedecomp Enter - MemInfo: [malloc] Non-mmapped space allocated:                39690240 Byte
20220312 061436.156 INFO             PET1 PIOc_freedecomp Enter - MemInfo: [malloc] Space allocated in mmapped regions:          1581056 Byte
20220312 061436.156 INFO             PET1 PIOc_freedecomp Enter - MemInfo: [malloc] Maximum total allocated space:                     0 Byte
20220312 061436.156 INFO             PET1 PIOc_freedecomp Enter - MemInfo: [malloc] Space in freed fastbin blocks:                  1584 Byte
20220312 061436.156 INFO             PET1 PIOc_freedecomp Enter - MemInfo: [malloc] Total allocated space:                      20664272 Byte
20220312 061436.156 INFO             PET1 PIOc_freedecomp Enter - MemInfo: [malloc] Total free space:                           19025968 Byte
20220312 061436.156 INFO             PET1 PIOc_freedecomp Enter - MemInfo: [malloc] Top-most, releasable space:                 16909056 Byte
20220312 061436.156 INFO             PET1 PIOc_freedecomp Enter - MemInfo: [malloc] Total space in use, mmap + non-mmap:        22245328 Byte
20220312 061436.156 INFO             PET1 PIOc_freedecomp Enter - MemInfo: [malloc] Total space held (mmap + non-mmap):         41271296 Byte
20220312 061436.156 INFO             PET1 PIOc_freedecomp Enter - MemInfo: [malloc] Total space used (mmap + non-mmap):         22254656 Byte
20220312 061436.156 INFO             PET1 PIOc_freedecomp Enter - MemInfo: Wall-clock time since execution start:                0.16819 seconds
20220312 061436.156 INFO             PET1 PIOc_freedecomp Exit - MemInfo: [/proc/meminfo - SSI]	MemTotal:       65507008 kB
20220312 061436.156 INFO             PET1 PIOc_freedecomp Exit - MemInfo: [/proc/meminfo - SSI]	MemFree:        48554948 kB
20220312 061436.156 INFO             PET1 PIOc_freedecomp Exit - MemInfo: [/proc/meminfo - SSI]	MemAvailable:   48319292 kB
20220312 061436.156 INFO             PET1 PIOc_freedecomp Exit - MemInfo: [/proc/meminfo - SSI]	Committed_AS:   13356092 kB
20220312 061436.156 INFO             PET1 PIOc_freedecomp Exit - MemInfo: [/proc/meminfo - SSI]	CommittedPercent: 20.3888 %
20220312 061436.156 INFO             PET1 PIOc_freedecomp Exit - MemInfo: [/proc/self/status]	VmPeak:	  547612 kB
20220312 061436.156 INFO             PET1 PIOc_freedecomp Exit - MemInfo: [/proc/self/status]	VmSize:	  539424 kB
20220312 061436.156 INFO             PET1 PIOc_freedecomp Exit - MemInfo: [/proc/self/status]	VmLck:	       0 kB
20220312 061436.156 INFO             PET1 PIOc_freedecomp Exit - MemInfo: [/proc/self/status]	VmPin:	       0 kB
20220312 061436.156 INFO             PET1 PIOc_freedecomp Exit - MemInfo: [/proc/self/status]	VmHWM:	   61368 kB
20220312 061436.156 INFO             PET1 PIOc_freedecomp Exit - MemInfo: [/proc/self/status]	VmRSS:	   41292 kB
20220312 061436.156 INFO             PET1 PIOc_freedecomp Exit - MemInfo: [/proc/self/status]	VmData:	   50740 kB
20220312 061436.156 INFO             PET1 PIOc_freedecomp Exit - MemInfo: [/proc/self/status]	VmStk:	     148 kB
20220312 061436.156 INFO             PET1 PIOc_freedecomp Exit - MemInfo: [/proc/self/status]	VmExe:	     212 kB
20220312 061436.156 INFO             PET1 PIOc_freedecomp Exit - MemInfo: [/proc/self/status]	VmLib:	   49028 kB
20220312 061436.156 INFO             PET1 PIOc_freedecomp Exit - MemInfo: [/proc/self/status]	VmPTE:	     788 kB
20220312 061436.156 INFO             PET1 PIOc_freedecomp Exit - MemInfo: [/proc/self/status]	VmPMD:	      12 kB
20220312 061436.156 INFO             PET1 PIOc_freedecomp Exit - MemInfo: [/proc/self/status]	VmSwap:	       0 kB
20220312 061436.156 INFO             PET1 PIOc_freedecomp Exit - MemInfo: [/proc/self/status]	VmRSSPercent: 0.0630345 %
20220312 061436.156 INFO             PET1 PIOc_freedecomp Exit - MemInfo: [malloc] Non-mmapped space allocated:                39690240 Byte
20220312 061436.156 INFO             PET1 PIOc_freedecomp Exit - MemInfo: [malloc] Space allocated in mmapped regions:          1581056 Byte
20220312 061436.156 INFO             PET1 PIOc_freedecomp Exit - MemInfo: [malloc] Maximum total allocated space:                     0 Byte
20220312 061436.156 INFO             PET1 PIOc_freedecomp Exit - MemInfo: [malloc] Space in freed fastbin blocks:                  2064 Byte
20220312 061436.156 INFO             PET1 PIOc_freedecomp Exit - MemInfo: [malloc] Total allocated space:                      20661344 Byte
20220312 061436.156 INFO             PET1 PIOc_freedecomp Exit - MemInfo: [malloc] Total free space:                           19028896 Byte
20220312 061436.156 INFO             PET1 PIOc_freedecomp Exit - MemInfo: [malloc] Top-most, releasable space:                 16909056 Byte
20220312 061436.156 INFO             PET1 PIOc_freedecomp Exit - MemInfo: [malloc] Total space in use, mmap + non-mmap:        22242400 Byte
20220312 061436.156 INFO             PET1 PIOc_freedecomp Exit - MemInfo: [malloc] Total space held (mmap + non-mmap):         41271296 Byte
20220312 061436.156 INFO             PET1 PIOc_freedecomp Exit - MemInfo: [malloc] Total space used (mmap + non-mmap):         22251728 Byte
20220312 061436.156 INFO             PET1 PIOc_freedecomp Exit - MemInfo: Wall-clock time since execution start:               0.168531 seconds
20220312 061436.157 INFO             PET1 PIOc_sync Enter - MemInfo: [/proc/meminfo - SSI]	MemTotal:       65507008 kB
20220312 061436.157 INFO             PET1 PIOc_sync Enter - MemInfo: [/proc/meminfo - SSI]	MemFree:        48554948 kB
20220312 061436.157 INFO             PET1 PIOc_sync Enter - MemInfo: [/proc/meminfo - SSI]	MemAvailable:   48319292 kB
20220312 061436.157 INFO             PET1 PIOc_sync Enter - MemInfo: [/proc/meminfo - SSI]	Committed_AS:   13356092 kB
20220312 061436.157 INFO             PET1 PIOc_sync Enter - MemInfo: [/proc/meminfo - SSI]	CommittedPercent: 20.3888 %
20220312 061436.157 INFO             PET1 PIOc_sync Enter - MemInfo: [/proc/self/status]	VmPeak:	  547612 kB
20220312 061436.157 INFO             PET1 PIOc_sync Enter - MemInfo: [/proc/self/status]	VmSize:	  539424 kB
20220312 061436.157 INFO             PET1 PIOc_sync Enter - MemInfo: [/proc/self/status]	VmLck:	       0 kB
20220312 061436.157 INFO             PET1 PIOc_sync Enter - MemInfo: [/proc/self/status]	VmPin:	       0 kB
20220312 061436.157 INFO             PET1 PIOc_sync Enter - MemInfo: [/proc/self/status]	VmHWM:	   61368 kB
20220312 061436.157 INFO             PET1 PIOc_sync Enter - MemInfo: [/proc/self/status]	VmRSS:	   41292 kB
20220312 061436.157 INFO             PET1 PIOc_sync Enter - MemInfo: [/proc/self/status]	VmData:	   50740 kB
20220312 061436.157 INFO             PET1 PIOc_sync Enter - MemInfo: [/proc/self/status]	VmStk:	     148 kB
20220312 061436.157 INFO             PET1 PIOc_sync Enter - MemInfo: [/proc/self/status]	VmExe:	     212 kB
20220312 061436.157 INFO             PET1 PIOc_sync Enter - MemInfo: [/proc/self/status]	VmLib:	   49028 kB
20220312 061436.157 INFO             PET1 PIOc_sync Enter - MemInfo: [/proc/self/status]	VmPTE:	     788 kB
20220312 061436.157 INFO             PET1 PIOc_sync Enter - MemInfo: [/proc/self/status]	VmPMD:	      12 kB
20220312 061436.157 INFO             PET1 PIOc_sync Enter - MemInfo: [/proc/self/status]	VmSwap:	       0 kB
20220312 061436.157 INFO             PET1 PIOc_sync Enter - MemInfo: [/proc/self/status]	VmRSSPercent: 0.0630345 %
20220312 061436.157 INFO             PET1 PIOc_sync Enter - MemInfo: [malloc] Non-mmapped space allocated:                39690240 Byte
20220312 061436.157 INFO             PET1 PIOc_sync Enter - MemInfo: [malloc] Space allocated in mmapped regions:          1581056 Byte
20220312 061436.157 INFO             PET1 PIOc_sync Enter - MemInfo: [malloc] Maximum total allocated space:                     0 Byte
20220312 061436.157 INFO             PET1 PIOc_sync Enter - MemInfo: [malloc] Space in freed fastbin blocks:                  2832 Byte
20220312 061436.157 INFO             PET1 PIOc_sync Enter - MemInfo: [malloc] Total allocated space:                      20666592 Byte
20220312 061436.157 INFO             PET1 PIOc_sync Enter - MemInfo: [malloc] Total free space:                           19023648 Byte
20220312 061436.157 INFO             PET1 PIOc_sync Enter - MemInfo: [malloc] Top-most, releasable space:                 16909056 Byte
20220312 061436.157 INFO             PET1 PIOc_sync Enter - MemInfo: [malloc] Total space in use, mmap + non-mmap:        22247648 Byte
20220312 061436.157 INFO             PET1 PIOc_sync Enter - MemInfo: [malloc] Total space held (mmap + non-mmap):         41271296 Byte
20220312 061436.157 INFO             PET1 PIOc_sync Enter - MemInfo: [malloc] Total space used (mmap + non-mmap):         22256976 Byte
20220312 061436.157 INFO             PET1 PIOc_sync Enter - MemInfo: Wall-clock time since execution start:                0.16965 seconds
20220312 061436.159 INFO             PET1 PIOc_sync Exit - MemInfo: [/proc/meminfo - SSI]	MemTotal:       65507008 kB
20220312 061436.159 INFO             PET1 PIOc_sync Exit - MemInfo: [/proc/meminfo - SSI]	MemFree:        48554948 kB
20220312 061436.159 INFO             PET1 PIOc_sync Exit - MemInfo: [/proc/meminfo - SSI]	MemAvailable:   48319292 kB
20220312 061436.159 INFO             PET1 PIOc_sync Exit - MemInfo: [/proc/meminfo - SSI]	Committed_AS:   13356092 kB
20220312 061436.159 INFO             PET1 PIOc_sync Exit - MemInfo: [/proc/meminfo - SSI]	CommittedPercent: 20.3888 %
20220312 061436.159 INFO             PET1 PIOc_sync Exit - MemInfo: [/proc/self/status]	VmPeak:	  547612 kB
20220312 061436.159 INFO             PET1 PIOc_sync Exit - MemInfo: [/proc/self/status]	VmSize:	  539424 kB
20220312 061436.159 INFO             PET1 PIOc_sync Exit - MemInfo: [/proc/self/status]	VmLck:	       0 kB
20220312 061436.159 INFO             PET1 PIOc_sync Exit - MemInfo: [/proc/self/status]	VmPin:	       0 kB
20220312 061436.159 INFO             PET1 PIOc_sync Exit - MemInfo: [/proc/self/status]	VmHWM:	   61368 kB
20220312 061436.159 INFO             PET1 PIOc_sync Exit - MemInfo: [/proc/self/status]	VmRSS:	   41292 kB
20220312 061436.159 INFO             PET1 PIOc_sync Exit - MemInfo: [/proc/self/status]	VmData:	   50740 kB
20220312 061436.159 INFO             PET1 PIOc_sync Exit - MemInfo: [/proc/self/status]	VmStk:	     148 kB
20220312 061436.159 INFO             PET1 PIOc_sync Exit - MemInfo: [/proc/self/status]	VmExe:	     212 kB
20220312 061436.159 INFO             PET1 PIOc_sync Exit - MemInfo: [/proc/self/status]	VmLib:	   49028 kB
20220312 061436.159 INFO             PET1 PIOc_sync Exit - MemInfo: [/proc/self/status]	VmPTE:	     788 kB
20220312 061436.159 INFO             PET1 PIOc_sync Exit - MemInfo: [/proc/self/status]	VmPMD:	      12 kB
20220312 061436.159 INFO             PET1 PIOc_sync Exit - MemInfo: [/proc/self/status]	VmSwap:	       0 kB
20220312 061436.159 INFO             PET1 PIOc_sync Exit - MemInfo: [/proc/self/status]	VmRSSPercent: 0.0630345 %
20220312 061436.159 INFO             PET1 PIOc_sync Exit - MemInfo: [malloc] Non-mmapped space allocated:                39690240 Byte
20220312 061436.159 INFO             PET1 PIOc_sync Exit - MemInfo: [malloc] Space allocated in mmapped regions:          1581056 Byte
20220312 061436.159 INFO             PET1 PIOc_sync Exit - MemInfo: [malloc] Maximum total allocated space:                     0 Byte
20220312 061436.159 INFO             PET1 PIOc_sync Exit - MemInfo: [malloc] Space in freed fastbin blocks:                  1552 Byte
20220312 061436.159 INFO             PET1 PIOc_sync Exit - MemInfo: [malloc] Total allocated space:                      20666272 Byte
20220312 061436.159 INFO             PET1 PIOc_sync Exit - MemInfo: [malloc] Total free space:                           19023968 Byte
20220312 061436.159 INFO             PET1 PIOc_sync Exit - MemInfo: [malloc] Top-most, releasable space:                 16909056 Byte
20220312 061436.159 INFO             PET1 PIOc_sync Exit - MemInfo: [malloc] Total space in use, mmap + non-mmap:        22247328 Byte
20220312 061436.159 INFO             PET1 PIOc_sync Exit - MemInfo: [malloc] Total space held (mmap + non-mmap):         41271296 Byte
20220312 061436.159 INFO             PET1 PIOc_sync Exit - MemInfo: [malloc] Total space used (mmap + non-mmap):         22256656 Byte
20220312 061436.159 INFO             PET1 PIOc_sync Exit - MemInfo: Wall-clock time since execution start:               0.171866 seconds
20220312 061436.159 INFO             PET1 PIOc_freedecomp Enter - MemInfo: [/proc/meminfo - SSI]	MemTotal:       65507008 kB
20220312 061436.159 INFO             PET1 PIOc_freedecomp Enter - MemInfo: [/proc/meminfo - SSI]	MemFree:        48554948 kB
20220312 061436.159 INFO             PET1 PIOc_freedecomp Enter - MemInfo: [/proc/meminfo - SSI]	MemAvailable:   48319292 kB
20220312 061436.159 INFO             PET1 PIOc_freedecomp Enter - MemInfo: [/proc/meminfo - SSI]	Committed_AS:   13356092 kB
20220312 061436.160 INFO             PET1 PIOc_freedecomp Enter - MemInfo: [/proc/meminfo - SSI]	CommittedPercent: 20.3888 %
20220312 061436.160 INFO             PET1 PIOc_freedecomp Enter - MemInfo: [/proc/self/status]	VmPeak:	  547612 kB
20220312 061436.160 INFO             PET1 PIOc_freedecomp Enter - MemInfo: [/proc/self/status]	VmSize:	  539424 kB
20220312 061436.160 INFO             PET1 PIOc_freedecomp Enter - MemInfo: [/proc/self/status]	VmLck:	       0 kB
20220312 061436.160 INFO             PET1 PIOc_freedecomp Enter - MemInfo: [/proc/self/status]	VmPin:	       0 kB
20220312 061436.160 INFO             PET1 PIOc_freedecomp Enter - MemInfo: [/proc/self/status]	VmHWM:	   61368 kB
20220312 061436.160 INFO             PET1 PIOc_freedecomp Enter - MemInfo: [/proc/self/status]	VmRSS:	   41292 kB
20220312 061436.160 INFO             PET1 PIOc_freedecomp Enter - MemInfo: [/proc/self/status]	VmData:	   50740 kB
20220312 061436.160 INFO             PET1 PIOc_freedecomp Enter - MemInfo: [/proc/self/status]	VmStk:	     148 kB
20220312 061436.160 INFO             PET1 PIOc_freedecomp Enter - MemInfo: [/proc/self/status]	VmExe:	     212 kB
20220312 061436.160 INFO             PET1 PIOc_freedecomp Enter - MemInfo: [/proc/self/status]	VmLib:	   49028 kB
20220312 061436.160 INFO             PET1 PIOc_freedecomp Enter - MemInfo: [/proc/self/status]	VmPTE:	     788 kB
20220312 061436.160 INFO             PET1 PIOc_freedecomp Enter - MemInfo: [/proc/self/status]	VmPMD:	      12 kB
20220312 061436.160 INFO             PET1 PIOc_freedecomp Enter - MemInfo: [/proc/self/status]	VmSwap:	       0 kB
20220312 061436.160 INFO             PET1 PIOc_freedecomp Enter - MemInfo: [/proc/self/status]	VmRSSPercent: 0.0630345 %
20220312 061436.160 INFO             PET1 PIOc_freedecomp Enter - MemInfo: [malloc] Non-mmapped space allocated:                39690240 Byte
20220312 061436.160 INFO             PET1 PIOc_freedecomp Enter - MemInfo: [malloc] Space allocated in mmapped regions:          1581056 Byte
20220312 061436.160 INFO             PET1 PIOc_freedecomp Enter - MemInfo: [malloc] Maximum total allocated space:                     0 Byte
20220312 061436.160 INFO             PET1 PIOc_freedecomp Enter - MemInfo: [malloc] Space in freed fastbin blocks:                  1568 Byte
20220312 061436.160 INFO             PET1 PIOc_freedecomp Enter - MemInfo: [malloc] Total allocated space:                      20664304 Byte
20220312 061436.160 INFO             PET1 PIOc_freedecomp Enter - MemInfo: [malloc] Total free space:                           19025936 Byte
20220312 061436.160 INFO             PET1 PIOc_freedecomp Enter - MemInfo: [malloc] Top-most, releasable space:                 16909056 Byte
20220312 061436.160 INFO             PET1 PIOc_freedecomp Enter - MemInfo: [malloc] Total space in use, mmap + non-mmap:        22245360 Byte
20220312 061436.160 INFO             PET1 PIOc_freedecomp Enter - MemInfo: [malloc] Total space held (mmap + non-mmap):         41271296 Byte
20220312 061436.160 INFO             PET1 PIOc_freedecomp Enter - MemInfo: [malloc] Total space used (mmap + non-mmap):         22254688 Byte
20220312 061436.160 INFO             PET1 PIOc_freedecomp Enter - MemInfo: Wall-clock time since execution start:               0.172279 seconds
20220312 061436.160 INFO             PET1 PIOc_freedecomp Exit - MemInfo: [/proc/meminfo - SSI]	MemTotal:       65507008 kB
20220312 061436.160 INFO             PET1 PIOc_freedecomp Exit - MemInfo: [/proc/meminfo - SSI]	MemFree:        48554948 kB
20220312 061436.160 INFO             PET1 PIOc_freedecomp Exit - MemInfo: [/proc/meminfo - SSI]	MemAvailable:   48319292 kB
20220312 061436.160 INFO             PET1 PIOc_freedecomp Exit - MemInfo: [/proc/meminfo - SSI]	Committed_AS:   13356092 kB
20220312 061436.160 INFO             PET1 PIOc_freedecomp Exit - MemInfo: [/proc/meminfo - SSI]	CommittedPercent: 20.3888 %
20220312 061436.160 INFO             PET1 PIOc_freedecomp Exit - MemInfo: [/proc/self/status]	VmPeak:	  547612 kB
20220312 061436.160 INFO             PET1 PIOc_freedecomp Exit - MemInfo: [/proc/self/status]	VmSize:	  539424 kB
20220312 061436.160 INFO             PET1 PIOc_freedecomp Exit - MemInfo: [/proc/self/status]	VmLck:	       0 kB
20220312 061436.160 INFO             PET1 PIOc_freedecomp Exit - MemInfo: [/proc/self/status]	VmPin:	       0 kB
20220312 061436.160 INFO             PET1 PIOc_freedecomp Exit - MemInfo: [/proc/self/status]	VmHWM:	   61368 kB
20220312 061436.160 INFO             PET1 PIOc_freedecomp Exit - MemInfo: [/proc/self/status]	VmRSS:	   41292 kB
20220312 061436.160 INFO             PET1 PIOc_freedecomp Exit - MemInfo: [/proc/self/status]	VmData:	   50740 kB
20220312 061436.160 INFO             PET1 PIOc_freedecomp Exit - MemInfo: [/proc/self/status]	VmStk:	     148 kB
20220312 061436.160 INFO             PET1 PIOc_freedecomp Exit - MemInfo: [/proc/self/status]	VmExe:	     212 kB
20220312 061436.160 INFO             PET1 PIOc_freedecomp Exit - MemInfo: [/proc/self/status]	VmLib:	   49028 kB
20220312 061436.160 INFO             PET1 PIOc_freedecomp Exit - MemInfo: [/proc/self/status]	VmPTE:	     788 kB
20220312 061436.160 INFO             PET1 PIOc_freedecomp Exit - MemInfo: [/proc/self/status]	VmPMD:	      12 kB
20220312 061436.160 INFO             PET1 PIOc_freedecomp Exit - MemInfo: [/proc/self/status]	VmSwap:	       0 kB
20220312 061436.160 INFO             PET1 PIOc_freedecomp Exit - MemInfo: [/proc/self/status]	VmRSSPercent: 0.0630345 %
20220312 061436.160 INFO             PET1 PIOc_freedecomp Exit - MemInfo: [malloc] Non-mmapped space allocated:                39690240 Byte
20220312 061436.160 INFO             PET1 PIOc_freedecomp Exit - MemInfo: [malloc] Space allocated in mmapped regions:          1581056 Byte
20220312 061436.160 INFO             PET1 PIOc_freedecomp Exit - MemInfo: [malloc] Maximum total allocated space:                     0 Byte
20220312 061436.160 INFO             PET1 PIOc_freedecomp Exit - MemInfo: [malloc] Space in freed fastbin blocks:                  1808 Byte
20220312 061436.160 INFO             PET1 PIOc_freedecomp Exit - MemInfo: [malloc] Total allocated space:                      20661376 Byte
20220312 061436.160 INFO             PET1 PIOc_freedecomp Exit - MemInfo: [malloc] Total free space:                           19028864 Byte
20220312 061436.160 INFO             PET1 PIOc_freedecomp Exit - MemInfo: [malloc] Top-most, releasable space:                 16909056 Byte
20220312 061436.160 INFO             PET1 PIOc_freedecomp Exit - MemInfo: [malloc] Total space in use, mmap + non-mmap:        22242432 Byte
20220312 061436.160 INFO             PET1 PIOc_freedecomp Exit - MemInfo: [malloc] Total space held (mmap + non-mmap):         41271296 Byte
20220312 061436.160 INFO             PET1 PIOc_freedecomp Exit - MemInfo: [malloc] Total space used (mmap + non-mmap):         22251760 Byte
20220312 061436.160 INFO             PET1 PIOc_freedecomp Exit - MemInfo: Wall-clock time since execution start:               0.172617 seconds
20220312 061436.163 INFO             PET1  PASS  ESMF_FieldRegridStoreFromFile Unit Test, ESMF_FieldSMMFromFileUTest.F90, line 315
20220312 061436.163 INFO             PET1  Ending Test, file ESMF_FieldSMMFromFileUTest.F90, line 322
20220312 061436.163 INFO             PET1 Finalizing ESMF
20220312 061435.988 INFO             PET2 !!!!!!!!!!!!!!!!!!!!!!!!!!!!!!!!!!!!!!!!!!!!!!!!!!!!!!
20220312 061435.989 INFO             PET2 !!! THE ESMF_LOG IS SET TO OUTPUT ALL LOG MESSAGES !!!
20220312 061435.989 INFO             PET2 !!!     THIS MAY CAUSE SLOWDOWN IN PERFORMANCE     !!!
20220312 061435.989 INFO             PET2 !!! FOR PRODUCTION RUNS, USE:                      !!!
20220312 061435.989 INFO             PET2 !!!                   ESMF_LOGKIND_Multi_On_Error  !!!
20220312 061435.989 INFO             PET2 !!!!!!!!!!!!!!!!!!!!!!!!!!!!!!!!!!!!!!!!!!!!!!!!!!!!!!
20220312 061435.989 INFO             PET2 Running with ESMF Version   : v8.3.0b09-96-g559b459836
20220312 061435.989 INFO             PET2 ESMF library build date/time: "Mar 12 2022" "05:58:05"
20220312 061435.989 INFO             PET2 ESMF library build location : /glade/scratch/rlong/esmf-testing/gfortran_7.4.0_openmpi_O_jedwards_pio_update2
20220312 061435.989 INFO             PET2 ESMF_COMM                   : openmpi
20220312 061435.989 INFO             PET2 ESMF_MOAB                   : enabled
20220312 061435.989 INFO             PET2 ESMF_LAPACK                 : enabled
20220312 061435.989 INFO             PET2 ESMF_NETCDF                 : enabled
20220312 061435.989 INFO             PET2 ESMF_PNETCDF                : disabled
20220312 061435.989 INFO             PET2 ESMF_PIO                    : enabled
20220312 061435.989 INFO             PET2 ESMF_YAMLCPP                : enabled
20220312 061435.990 INFO             PET2  Beginning Test, file ESMF_FieldSMMFromFileUTest.F90, line 287
20220312 061435.990 INFO             PET2  NUMBER_OF_PROCESSORS           4
20220312 061436.141 INFO             PET2  PASS  ESMF_FieldSMMFromFile Unit Test, ESMF_FieldSMMFromFileUTest.F90, line 300
20220312 061436.149 INFO             PET2 PIOc_sync Enter - MemInfo: [/proc/meminfo - SSI]	MemTotal:       65507008 kB
20220312 061436.149 INFO             PET2 PIOc_sync Enter - MemInfo: [/proc/meminfo - SSI]	MemFree:        48554948 kB
20220312 061436.149 INFO             PET2 PIOc_sync Enter - MemInfo: [/proc/meminfo - SSI]	MemAvailable:   48319292 kB
20220312 061436.149 INFO             PET2 PIOc_sync Enter - MemInfo: [/proc/meminfo - SSI]	Committed_AS:   13356092 kB
20220312 061436.149 INFO             PET2 PIOc_sync Enter - MemInfo: [/proc/meminfo - SSI]	CommittedPercent: 20.3888 %
20220312 061436.149 INFO             PET2 PIOc_sync Enter - MemInfo: [/proc/self/status]	VmPeak:	  547624 kB
20220312 061436.149 INFO             PET2 PIOc_sync Enter - MemInfo: [/proc/self/status]	VmSize:	  539436 kB
20220312 061436.149 INFO             PET2 PIOc_sync Enter - MemInfo: [/proc/self/status]	VmLck:	       0 kB
20220312 061436.149 INFO             PET2 PIOc_sync Enter - MemInfo: [/proc/self/status]	VmPin:	       0 kB
20220312 061436.149 INFO             PET2 PIOc_sync Enter - MemInfo: [/proc/self/status]	VmHWM:	   61368 kB
20220312 061436.149 INFO             PET2 PIOc_sync Enter - MemInfo: [/proc/self/status]	VmRSS:	   41252 kB
20220312 061436.149 INFO             PET2 PIOc_sync Enter - MemInfo: [/proc/self/status]	VmData:	   50752 kB
20220312 061436.149 INFO             PET2 PIOc_sync Enter - MemInfo: [/proc/self/status]	VmStk:	     148 kB
20220312 061436.149 INFO             PET2 PIOc_sync Enter - MemInfo: [/proc/self/status]	VmExe:	     212 kB
20220312 061436.149 INFO             PET2 PIOc_sync Enter - MemInfo: [/proc/self/status]	VmLib:	   49028 kB
20220312 061436.149 INFO             PET2 PIOc_sync Enter - MemInfo: [/proc/self/status]	VmPTE:	     788 kB
20220312 061436.149 INFO             PET2 PIOc_sync Enter - MemInfo: [/proc/self/status]	VmPMD:	      16 kB
20220312 061436.149 INFO             PET2 PIOc_sync Enter - MemInfo: [/proc/self/status]	VmSwap:	       0 kB
20220312 061436.149 INFO             PET2 PIOc_sync Enter - MemInfo: [/proc/self/status]	VmRSSPercent: 0.0629734 %
20220312 061436.149 INFO             PET2 PIOc_sync Enter - MemInfo: [malloc] Non-mmapped space allocated:                39702528 Byte
20220312 061436.152 INFO             PET2 PIOc_sync Enter - MemInfo: [malloc] Space allocated in mmapped regions:          1581056 Byte
20220312 061436.152 INFO             PET2 PIOc_sync Enter - MemInfo: [malloc] Maximum total allocated space:                     0 Byte
20220312 061436.152 INFO             PET2 PIOc_sync Enter - MemInfo: [malloc] Space in freed fastbin blocks:                  2768 Byte
20220312 061436.152 INFO             PET2 PIOc_sync Enter - MemInfo: [malloc] Total allocated space:                      20608528 Byte
20220312 061436.152 INFO             PET2 PIOc_sync Enter - MemInfo: [malloc] Total free space:                           19094000 Byte
20220312 061436.152 INFO             PET2 PIOc_sync Enter - MemInfo: [malloc] Top-most, releasable space:                 16909440 Byte
20220312 061436.152 INFO             PET2 PIOc_sync Enter - MemInfo: [malloc] Total space in use, mmap + non-mmap:        22189584 Byte
20220312 061436.152 INFO             PET2 PIOc_sync Enter - MemInfo: [malloc] Total space held (mmap + non-mmap):         41283584 Byte
20220312 061436.152 INFO             PET2 PIOc_sync Enter - MemInfo: [malloc] Total space used (mmap + non-mmap):         22198928 Byte
20220312 061436.152 INFO             PET2 PIOc_sync Enter - MemInfo: Wall-clock time since execution start:               0.164416 seconds
20220312 061436.152 INFO             PET2 PIOc_sync Exit - MemInfo: [/proc/meminfo - SSI]	MemTotal:       65507008 kB
20220312 061436.152 INFO             PET2 PIOc_sync Exit - MemInfo: [/proc/meminfo - SSI]	MemFree:        48554948 kB
20220312 061436.152 INFO             PET2 PIOc_sync Exit - MemInfo: [/proc/meminfo - SSI]	MemAvailable:   48319292 kB
20220312 061436.152 INFO             PET2 PIOc_sync Exit - MemInfo: [/proc/meminfo - SSI]	Committed_AS:   13356092 kB
20220312 061436.152 INFO             PET2 PIOc_sync Exit - MemInfo: [/proc/meminfo - SSI]	CommittedPercent: 20.3888 %
20220312 061436.152 INFO             PET2 PIOc_sync Exit - MemInfo: [/proc/self/status]	VmPeak:	  547624 kB
20220312 061436.152 INFO             PET2 PIOc_sync Exit - MemInfo: [/proc/self/status]	VmSize:	  539436 kB
20220312 061436.152 INFO             PET2 PIOc_sync Exit - MemInfo: [/proc/self/status]	VmLck:	       0 kB
20220312 061436.152 INFO             PET2 PIOc_sync Exit - MemInfo: [/proc/self/status]	VmPin:	       0 kB
20220312 061436.152 INFO             PET2 PIOc_sync Exit - MemInfo: [/proc/self/status]	VmHWM:	   61368 kB
20220312 061436.152 INFO             PET2 PIOc_sync Exit - MemInfo: [/proc/self/status]	VmRSS:	   41312 kB
20220312 061436.152 INFO             PET2 PIOc_sync Exit - MemInfo: [/proc/self/status]	VmData:	   50752 kB
20220312 061436.152 INFO             PET2 PIOc_sync Exit - MemInfo: [/proc/self/status]	VmStk:	     148 kB
20220312 061436.152 INFO             PET2 PIOc_sync Exit - MemInfo: [/proc/self/status]	VmExe:	     212 kB
20220312 061436.152 INFO             PET2 PIOc_sync Exit - MemInfo: [/proc/self/status]	VmLib:	   49028 kB
20220312 061436.152 INFO             PET2 PIOc_sync Exit - MemInfo: [/proc/self/status]	VmPTE:	     788 kB
