build time -- 2022-03-13 06:00:12.722915
20220313 061431.919 INFO             PET0 !!!!!!!!!!!!!!!!!!!!!!!!!!!!!!!!!!!!!!!!!!!!!!!!!!!!!!
20220313 061431.919 INFO             PET0 !!! THE ESMF_LOG IS SET TO OUTPUT ALL LOG MESSAGES !!!
20220313 061431.919 INFO             PET0 !!!     THIS MAY CAUSE SLOWDOWN IN PERFORMANCE     !!!
20220313 061431.919 INFO             PET0 !!! FOR PRODUCTION RUNS, USE:                      !!!
20220313 061431.919 INFO             PET0 !!!                   ESMF_LOGKIND_Multi_On_Error  !!!
20220313 061431.919 INFO             PET0 !!!!!!!!!!!!!!!!!!!!!!!!!!!!!!!!!!!!!!!!!!!!!!!!!!!!!!
20220313 061431.919 INFO             PET0 Running with ESMF Version   : v8.3.0b09-96-g559b459836
20220313 061431.919 INFO             PET0 ESMF library build date/time: "Mar 13 2022" "05:58:15"
20220313 061431.919 INFO             PET0 ESMF library build location : /glade/scratch/rlong/esmf-testing/gfortran_7.4.0_openmpi_O_jedwards_pio_update2
20220313 061431.919 INFO             PET0 ESMF_COMM                   : openmpi
20220313 061431.919 INFO             PET0 ESMF_MOAB                   : enabled
20220313 061431.919 INFO             PET0 ESMF_LAPACK                 : enabled
20220313 061431.919 INFO             PET0 ESMF_NETCDF                 : enabled
20220313 061431.919 INFO             PET0 ESMF_PNETCDF                : disabled
20220313 061431.919 INFO             PET0 ESMF_PIO                    : enabled
20220313 061431.919 INFO             PET0 ESMF_YAMLCPP                : enabled
20220313 061431.920 INFO             PET0  Beginning Test, file ESMF_FieldIOUTest.F90, line 123
20220313 061431.920 INFO             PET0  NUMBER_OF_PROCESSORS           4
20220313 061431.920 INFO             PET0  PASS  Array Spec Set, ESMF_FieldIOUTest.F90, line 146
20220313 061431.920 INFO             PET0  PASS  Creating a Grid to use in Field Tests, ESMF_FieldIOUTest.F90, line 157
20220313 061431.921 INFO             PET0  PASS  Create a field from grid and fortran dummy array, ESMF_FieldIOUTest.F90, line 179
20220313 061431.921 INFO             PET0  PASS  Get Farray_w from field, ESMF_FieldIOUTest.F90, line 190
20220313 061431.931 INFO             PET0 PIOc_sync Enter - MemInfo: [/proc/meminfo - SSI]	MemTotal:       65507008 kB
20220313 061431.931 INFO             PET0 PIOc_sync Enter - MemInfo: [/proc/meminfo - SSI]	MemFree:        49650312 kB
20220313 061431.931 INFO             PET0 PIOc_sync Enter - MemInfo: [/proc/meminfo - SSI]	MemAvailable:   49413940 kB
20220313 061431.931 INFO             PET0 PIOc_sync Enter - MemInfo: [/proc/meminfo - SSI]	Committed_AS:   13142740 kB
20220313 061431.931 INFO             PET0 PIOc_sync Enter - MemInfo: [/proc/meminfo - SSI]	CommittedPercent: 20.0631 %
20220313 061431.931 INFO             PET0 PIOc_sync Enter - MemInfo: [/proc/self/status]	VmPeak:	  521280 kB
20220313 061431.931 INFO             PET0 PIOc_sync Enter - MemInfo: [/proc/self/status]	VmSize:	  521280 kB
20220313 061431.931 INFO             PET0 PIOc_sync Enter - MemInfo: [/proc/self/status]	VmLck:	       0 kB
20220313 061431.931 INFO             PET0 PIOc_sync Enter - MemInfo: [/proc/self/status]	VmPin:	       0 kB
20220313 061431.931 INFO             PET0 PIOc_sync Enter - MemInfo: [/proc/self/status]	VmHWM:	   61380 kB
20220313 061431.931 INFO             PET0 PIOc_sync Enter - MemInfo: [/proc/self/status]	VmRSS:	   36028 kB
20220313 061431.931 INFO             PET0 PIOc_sync Enter - MemInfo: [/proc/self/status]	VmData:	   32068 kB
20220313 061431.931 INFO             PET0 PIOc_sync Enter - MemInfo: [/proc/self/status]	VmStk:	     148 kB
20220313 061431.931 INFO             PET0 PIOc_sync Enter - MemInfo: [/proc/self/status]	VmExe:	     276 kB
20220313 061431.931 INFO             PET0 PIOc_sync Enter - MemInfo: [/proc/self/status]	VmLib:	   49028 kB
20220313 061431.931 INFO             PET0 PIOc_sync Enter - MemInfo: [/proc/self/status]	VmPTE:	     764 kB
20220313 061431.931 INFO             PET0 PIOc_sync Enter - MemInfo: [/proc/self/status]	VmPMD:	      12 kB
20220313 061431.933 INFO             PET0 PIOc_sync Enter - MemInfo: [/proc/self/status]	VmSwap:	       0 kB
20220313 061431.933 INFO             PET0 PIOc_sync Enter - MemInfo: [/proc/self/status]	VmRSSPercent: 0.0549987 %
20220313 061431.933 INFO             PET0 PIOc_sync Enter - MemInfo: [malloc] Non-mmapped space allocated:                 3260416 Byte
20220313 061431.933 INFO             PET0 PIOc_sync Enter - MemInfo: [malloc] Space allocated in mmapped regions:         18890752 Byte
20220313 061431.933 INFO             PET0 PIOc_sync Enter - MemInfo: [malloc] Maximum total allocated space:                     0 Byte
20220313 061431.933 INFO             PET0 PIOc_sync Enter - MemInfo: [malloc] Space in freed fastbin blocks:                  1536 Byte
20220313 061431.933 INFO             PET0 PIOc_sync Enter - MemInfo: [malloc] Total allocated space:                       2643216 Byte
20220313 061431.933 INFO             PET0 PIOc_sync Enter - MemInfo: [malloc] Total free space:                             617200 Byte
20220313 061431.933 INFO             PET0 PIOc_sync Enter - MemInfo: [malloc] Top-most, releasable space:                   132112 Byte
20220313 061431.933 INFO             PET0 PIOc_sync Enter - MemInfo: [malloc] Total space in use, mmap + non-mmap:        21533968 Byte
20220313 061431.933 INFO             PET0 PIOc_sync Enter - MemInfo: [malloc] Total space held (mmap + non-mmap):         22151168 Byte
20220313 061431.933 INFO             PET0 PIOc_sync Enter - MemInfo: [malloc] Total space used (mmap + non-mmap):         21543296 Byte
20220313 061431.933 INFO             PET0 PIOc_sync Enter - MemInfo: Wall-clock time since execution start:              0.0168404 seconds
20220313 061431.934 INFO             PET0 PIOc_sync Exit - MemInfo: [/proc/meminfo - SSI]	MemTotal:       65507008 kB
20220313 061431.934 INFO             PET0 PIOc_sync Exit - MemInfo: [/proc/meminfo - SSI]	MemFree:        49650312 kB
20220313 061431.934 INFO             PET0 PIOc_sync Exit - MemInfo: [/proc/meminfo - SSI]	MemAvailable:   49413940 kB
20220313 061431.934 INFO             PET0 PIOc_sync Exit - MemInfo: [/proc/meminfo - SSI]	Committed_AS:   13142740 kB
20220313 061431.934 INFO             PET0 PIOc_sync Exit - MemInfo: [/proc/meminfo - SSI]	CommittedPercent: 20.0631 %
20220313 061431.934 INFO             PET0 PIOc_sync Exit - MemInfo: [/proc/self/status]	VmPeak:	  521280 kB
20220313 061431.934 INFO             PET0 PIOc_sync Exit - MemInfo: [/proc/self/status]	VmSize:	  521280 kB
20220313 061431.934 INFO             PET0 PIOc_sync Exit - MemInfo: [/proc/self/status]	VmLck:	       0 kB
20220313 061431.934 INFO             PET0 PIOc_sync Exit - MemInfo: [/proc/self/status]	VmPin:	       0 kB
20220313 061431.934 INFO             PET0 PIOc_sync Exit - MemInfo: [/proc/self/status]	VmHWM:	   61380 kB
20220313 061431.934 INFO             PET0 PIOc_sync Exit - MemInfo: [/proc/self/status]	VmRSS:	   36156 kB
20220313 061431.934 INFO             PET0 PIOc_sync Exit - MemInfo: [/proc/self/status]	VmData:	   32068 kB
20220313 061431.934 INFO             PET0 PIOc_sync Exit - MemInfo: [/proc/self/status]	VmStk:	     148 kB
20220313 061431.934 INFO             PET0 PIOc_sync Exit - MemInfo: [/proc/self/status]	VmExe:	     276 kB
20220313 061431.934 INFO             PET0 PIOc_sync Exit - MemInfo: [/proc/self/status]	VmLib:	   49028 kB
20220313 061431.934 INFO             PET0 PIOc_sync Exit - MemInfo: [/proc/self/status]	VmPTE:	     764 kB
20220313 061431.934 INFO             PET0 PIOc_sync Exit - MemInfo: [/proc/self/status]	VmPMD:	      12 kB
20220313 061431.934 INFO             PET0 PIOc_sync Exit - MemInfo: [/proc/self/status]	VmSwap:	       0 kB
20220313 061431.934 INFO             PET0 PIOc_sync Exit - MemInfo: [/proc/self/status]	VmRSSPercent: 0.0551941 %
20220313 061431.934 INFO             PET0 PIOc_sync Exit - MemInfo: [malloc] Non-mmapped space allocated:                 3260416 Byte
20220313 061431.934 INFO             PET0 PIOc_sync Exit - MemInfo: [malloc] Space allocated in mmapped regions:         18890752 Byte
20220313 061431.934 INFO             PET0 PIOc_sync Exit - MemInfo: [malloc] Maximum total allocated space:                     0 Byte
20220313 061431.934 INFO             PET0 PIOc_sync Exit - MemInfo: [malloc] Space in freed fastbin blocks:                  1504 Byte
20220313 061431.934 INFO             PET0 PIOc_sync Exit - MemInfo: [malloc] Total allocated space:                       2652704 Byte
20220313 061431.934 INFO             PET0 PIOc_sync Exit - MemInfo: [malloc] Total free space:                             607712 Byte
20220313 061431.934 INFO             PET0 PIOc_sync Exit - MemInfo: [malloc] Top-most, releasable space:                   132112 Byte
20220313 061431.934 INFO             PET0 PIOc_sync Exit - MemInfo: [malloc] Total space in use, mmap + non-mmap:        21543456 Byte
20220313 061431.934 INFO             PET0 PIOc_sync Exit - MemInfo: [malloc] Total space held (mmap + non-mmap):         22151168 Byte
20220313 061431.934 INFO             PET0 PIOc_sync Exit - MemInfo: [malloc] Total space used (mmap + non-mmap):         21552784 Byte
20220313 061431.934 INFO             PET0 PIOc_sync Exit - MemInfo: Wall-clock time since execution start:              0.0183463 seconds
20220313 061431.935 INFO             PET0 PIOc_freedecomp Enter - MemInfo: [/proc/meminfo - SSI]	MemTotal:       65507008 kB
20220313 061431.935 INFO             PET0 PIOc_freedecomp Enter - MemInfo: [/proc/meminfo - SSI]	MemFree:        49665432 kB
20220313 061431.935 INFO             PET0 PIOc_freedecomp Enter - MemInfo: [/proc/meminfo - SSI]	MemAvailable:   49429060 kB
20220313 061431.935 INFO             PET0 PIOc_freedecomp Enter - MemInfo: [/proc/meminfo - SSI]	Committed_AS:   13126352 kB
20220313 061431.935 INFO             PET0 PIOc_freedecomp Enter - MemInfo: [/proc/meminfo - SSI]	CommittedPercent: 20.0381 %
20220313 061431.935 INFO             PET0 PIOc_freedecomp Enter - MemInfo: [/proc/self/status]	VmPeak:	  521280 kB
20220313 061431.935 INFO             PET0 PIOc_freedecomp Enter - MemInfo: [/proc/self/status]	VmSize:	  504376 kB
20220313 061431.935 INFO             PET0 PIOc_freedecomp Enter - MemInfo: [/proc/self/status]	VmLck:	       0 kB
20220313 061431.935 INFO             PET0 PIOc_freedecomp Enter - MemInfo: [/proc/self/status]	VmPin:	       0 kB
20220313 061431.935 INFO             PET0 PIOc_freedecomp Enter - MemInfo: [/proc/self/status]	VmHWM:	   61380 kB
20220313 061431.935 INFO             PET0 PIOc_freedecomp Enter - MemInfo: [/proc/self/status]	VmRSS:	   19764 kB
20220313 061431.935 INFO             PET0 PIOc_freedecomp Enter - MemInfo: [/proc/self/status]	VmData:	   15164 kB
20220313 061431.935 INFO             PET0 PIOc_freedecomp Enter - MemInfo: [/proc/self/status]	VmStk:	     148 kB
20220313 061431.935 INFO             PET0 PIOc_freedecomp Enter - MemInfo: [/proc/self/status]	VmExe:	     276 kB
20220313 061431.935 INFO             PET0 PIOc_freedecomp Enter - MemInfo: [/proc/self/status]	VmLib:	   49028 kB
20220313 061431.935 INFO             PET0 PIOc_freedecomp Enter - MemInfo: [/proc/self/status]	VmPTE:	     732 kB
20220313 061431.935 INFO             PET0 PIOc_freedecomp Enter - MemInfo: [/proc/self/status]	VmPMD:	      12 kB
20220313 061431.935 INFO             PET0 PIOc_freedecomp Enter - MemInfo: [/proc/self/status]	VmSwap:	       0 kB
20220313 061431.935 INFO             PET0 PIOc_freedecomp Enter - MemInfo: [/proc/self/status]	VmRSSPercent: 0.0301708 %
20220313 061431.935 INFO             PET0 PIOc_freedecomp Enter - MemInfo: [malloc] Non-mmapped space allocated:                 3260416 Byte
20220313 061431.935 INFO             PET0 PIOc_freedecomp Enter - MemInfo: [malloc] Space allocated in mmapped regions:          1581056 Byte
20220313 061431.935 INFO             PET0 PIOc_freedecomp Enter - MemInfo: [malloc] Maximum total allocated space:                     0 Byte
20220313 061431.935 INFO             PET0 PIOc_freedecomp Enter - MemInfo: [malloc] Space in freed fastbin blocks:                  2704 Byte
20220313 061431.935 INFO             PET0 PIOc_freedecomp Enter - MemInfo: [malloc] Total allocated space:                       2639440 Byte
20220313 061431.935 INFO             PET0 PIOc_freedecomp Enter - MemInfo: [malloc] Total free space:                             620976 Byte
20220313 061431.935 INFO             PET0 PIOc_freedecomp Enter - MemInfo: [malloc] Top-most, releasable space:                   132112 Byte
20220313 061431.935 INFO             PET0 PIOc_freedecomp Enter - MemInfo: [malloc] Total space in use, mmap + non-mmap:         4220496 Byte
20220313 061431.935 INFO             PET0 PIOc_freedecomp Enter - MemInfo: [malloc] Total space held (mmap + non-mmap):          4841472 Byte
20220313 061431.936 INFO             PET0 PIOc_freedecomp Enter - MemInfo: [malloc] Total space used (mmap + non-mmap):          4229824 Byte
20220313 061431.936 INFO             PET0 PIOc_freedecomp Enter - MemInfo: Wall-clock time since execution start:              0.0194819 seconds
20220313 061431.936 INFO             PET0 PIOc_freedecomp Exit - MemInfo: [/proc/meminfo - SSI]	MemTotal:       65507008 kB
20220313 061431.936 INFO             PET0 PIOc_freedecomp Exit - MemInfo: [/proc/meminfo - SSI]	MemFree:        49665432 kB
20220313 061431.936 INFO             PET0 PIOc_freedecomp Exit - MemInfo: [/proc/meminfo - SSI]	MemAvailable:   49429060 kB
20220313 061431.936 INFO             PET0 PIOc_freedecomp Exit - MemInfo: [/proc/meminfo - SSI]	Committed_AS:   13126352 kB
20220313 061431.936 INFO             PET0 PIOc_freedecomp Exit - MemInfo: [/proc/meminfo - SSI]	CommittedPercent: 20.0381 %
20220313 061431.936 INFO             PET0 PIOc_freedecomp Exit - MemInfo: [/proc/self/status]	VmPeak:	  521280 kB
20220313 061431.936 INFO             PET0 PIOc_freedecomp Exit - MemInfo: [/proc/self/status]	VmSize:	  504376 kB
20220313 061431.936 INFO             PET0 PIOc_freedecomp Exit - MemInfo: [/proc/self/status]	VmLck:	       0 kB
20220313 061431.936 INFO             PET0 PIOc_freedecomp Exit - MemInfo: [/proc/self/status]	VmPin:	       0 kB
20220313 061431.936 INFO             PET0 PIOc_freedecomp Exit - MemInfo: [/proc/self/status]	VmHWM:	   61380 kB
20220313 061431.936 INFO             PET0 PIOc_freedecomp Exit - MemInfo: [/proc/self/status]	VmRSS:	   19768 kB
20220313 061431.936 INFO             PET0 PIOc_freedecomp Exit - MemInfo: [/proc/self/status]	VmData:	   15164 kB
20220313 061431.936 INFO             PET0 PIOc_freedecomp Exit - MemInfo: [/proc/self/status]	VmStk:	     148 kB
20220313 061431.936 INFO             PET0 PIOc_freedecomp Exit - MemInfo: [/proc/self/status]	VmExe:	     276 kB
20220313 061431.936 INFO             PET0 PIOc_freedecomp Exit - MemInfo: [/proc/self/status]	VmLib:	   49028 kB
20220313 061431.936 INFO             PET0 PIOc_freedecomp Exit - MemInfo: [/proc/self/status]	VmPTE:	     732 kB
20220313 061431.936 INFO             PET0 PIOc_freedecomp Exit - MemInfo: [/proc/self/status]	VmPMD:	      12 kB
20220313 061431.936 INFO             PET0 PIOc_freedecomp Exit - MemInfo: [/proc/self/status]	VmSwap:	       0 kB
20220313 061431.936 INFO             PET0 PIOc_freedecomp Exit - MemInfo: [/proc/self/status]	VmRSSPercent: 0.0301769 %
20220313 061431.936 INFO             PET0 PIOc_freedecomp Exit - MemInfo: [malloc] Non-mmapped space allocated:                 3260416 Byte
20220313 061431.936 INFO             PET0 PIOc_freedecomp Exit - MemInfo: [malloc] Space allocated in mmapped regions:          1581056 Byte
20220313 061431.936 INFO             PET0 PIOc_freedecomp Exit - MemInfo: [malloc] Maximum total allocated space:                     0 Byte
20220313 061431.936 INFO             PET0 PIOc_freedecomp Exit - MemInfo: [malloc] Space in freed fastbin blocks:                  1536 Byte
20220313 061431.936 INFO             PET0 PIOc_freedecomp Exit - MemInfo: [malloc] Total allocated space:                       2624384 Byte
20220313 061431.936 INFO             PET0 PIOc_freedecomp Exit - MemInfo: [malloc] Total free space:                             636032 Byte
20220313 061431.936 INFO             PET0 PIOc_freedecomp Exit - MemInfo: [malloc] Top-most, releasable space:                   132112 Byte
20220313 061431.936 INFO             PET0 PIOc_freedecomp Exit - MemInfo: [malloc] Total space in use, mmap + non-mmap:         4205440 Byte
20220313 061431.936 INFO             PET0 PIOc_freedecomp Exit - MemInfo: [malloc] Total space held (mmap + non-mmap):          4841472 Byte
20220313 061431.936 INFO             PET0 PIOc_freedecomp Exit - MemInfo: [malloc] Total space used (mmap + non-mmap):          4214768 Byte
20220313 061431.936 INFO             PET0 PIOc_freedecomp Exit - MemInfo: Wall-clock time since execution start:              0.0198425 seconds
20220313 061431.936 INFO             PET0  PASS  Write Fortran array in Field, ESMF_FieldIOUTest.F90, line 219
20220313 061431.936 INFO             PET0  PASS  Create a field from grid and fortran dummy array without halo, ESMF_FieldIOUTest.F90, line 233
20220313 061431.936 INFO             PET0  PASS  Get Farray_w from nohalo field, ESMF_FieldIOUTest.F90, line 244
20220313 061431.944 INFO             PET0 PIOc_sync Enter - MemInfo: [/proc/meminfo - SSI]	MemTotal:       65507008 kB
20220313 061431.944 INFO             PET0 PIOc_sync Enter - MemInfo: [/proc/meminfo - SSI]	MemFree:        49650312 kB
20220313 061431.944 INFO             PET0 PIOc_sync Enter - MemInfo: [/proc/meminfo - SSI]	MemAvailable:   49413940 kB
20220313 061431.944 INFO             PET0 PIOc_sync Enter - MemInfo: [/proc/meminfo - SSI]	Committed_AS:   13142732 kB
20220313 061431.944 INFO             PET0 PIOc_sync Enter - MemInfo: [/proc/meminfo - SSI]	CommittedPercent: 20.0631 %
20220313 061431.944 INFO             PET0 PIOc_sync Enter - MemInfo: [/proc/self/status]	VmPeak:	  521280 kB
20220313 061431.944 INFO             PET0 PIOc_sync Enter - MemInfo: [/proc/self/status]	VmSize:	  521272 kB
20220313 061431.944 INFO             PET0 PIOc_sync Enter - MemInfo: [/proc/self/status]	VmLck:	       0 kB
20220313 061431.944 INFO             PET0 PIOc_sync Enter - MemInfo: [/proc/self/status]	VmPin:	       0 kB
20220313 061431.944 INFO             PET0 PIOc_sync Enter - MemInfo: [/proc/self/status]	VmHWM:	   61380 kB
20220313 061431.944 INFO             PET0 PIOc_sync Enter - MemInfo: [/proc/self/status]	VmRSS:	   36304 kB
20220313 061431.944 INFO             PET0 PIOc_sync Enter - MemInfo: [/proc/self/status]	VmData:	   32060 kB
20220313 061431.944 INFO             PET0 PIOc_sync Enter - MemInfo: [/proc/self/status]	VmStk:	     148 kB
20220313 061431.944 INFO             PET0 PIOc_sync Enter - MemInfo: [/proc/self/status]	VmExe:	     276 kB
20220313 061431.944 INFO             PET0 PIOc_sync Enter - MemInfo: [/proc/self/status]	VmLib:	   49028 kB
20220313 061431.944 INFO             PET0 PIOc_sync Enter - MemInfo: [/proc/self/status]	VmPTE:	     764 kB
20220313 061431.944 INFO             PET0 PIOc_sync Enter - MemInfo: [/proc/self/status]	VmPMD:	      12 kB
20220313 061431.944 INFO             PET0 PIOc_sync Enter - MemInfo: [/proc/self/status]	VmSwap:	       0 kB
20220313 061431.945 INFO             PET0 PIOc_sync Enter - MemInfo: [/proc/self/status]	VmRSSPercent: 0.05542 %
20220313 061431.945 INFO             PET0 PIOc_sync Enter - MemInfo: [malloc] Non-mmapped space allocated:                20561920 Byte
20220313 061431.945 INFO             PET0 PIOc_sync Enter - MemInfo: [malloc] Space allocated in mmapped regions:          1581056 Byte
20220313 061431.945 INFO             PET0 PIOc_sync Enter - MemInfo: [malloc] Maximum total allocated space:                     0 Byte
20220313 061431.945 INFO             PET0 PIOc_sync Enter - MemInfo: [malloc] Space in freed fastbin blocks:                  1536 Byte
20220313 061431.945 INFO             PET0 PIOc_sync Enter - MemInfo: [malloc] Total allocated space:                      19950320 Byte
20220313 061431.945 INFO             PET0 PIOc_sync Enter - MemInfo: [malloc] Total free space:                             611600 Byte
20220313 061431.945 INFO             PET0 PIOc_sync Enter - MemInfo: [malloc] Top-most, releasable space:                   132080 Byte
20220313 061431.945 INFO             PET0 PIOc_sync Enter - MemInfo: [malloc] Total space in use, mmap + non-mmap:        21531376 Byte
20220313 061431.945 INFO             PET0 PIOc_sync Enter - MemInfo: [malloc] Total space held (mmap + non-mmap):         22142976 Byte
20220313 061431.945 INFO             PET0 PIOc_sync Enter - MemInfo: [malloc] Total space used (mmap + non-mmap):         21540704 Byte
20220313 061431.945 INFO             PET0 PIOc_sync Enter - MemInfo: Wall-clock time since execution start:              0.0285912 seconds
20220313 061431.945 INFO             PET0 PIOc_sync Exit - MemInfo: [/proc/meminfo - SSI]	MemTotal:       65507008 kB
20220313 061431.945 INFO             PET0 PIOc_sync Exit - MemInfo: [/proc/meminfo - SSI]	MemFree:        49650312 kB
20220313 061431.945 INFO             PET0 PIOc_sync Exit - MemInfo: [/proc/meminfo - SSI]	MemAvailable:   49413940 kB
20220313 061431.945 INFO             PET0 PIOc_sync Exit - MemInfo: [/proc/meminfo - SSI]	Committed_AS:   13142732 kB
20220313 061431.945 INFO             PET0 PIOc_sync Exit - MemInfo: [/proc/meminfo - SSI]	CommittedPercent: 20.0631 %
20220313 061431.945 INFO             PET0 PIOc_sync Exit - MemInfo: [/proc/self/status]	VmPeak:	  521280 kB
20220313 061431.945 INFO             PET0 PIOc_sync Exit - MemInfo: [/proc/self/status]	VmSize:	  521272 kB
20220313 061431.945 INFO             PET0 PIOc_sync Exit - MemInfo: [/proc/self/status]	VmLck:	       0 kB
20220313 061431.945 INFO             PET0 PIOc_sync Exit - MemInfo: [/proc/self/status]	VmPin:	       0 kB
20220313 061431.945 INFO             PET0 PIOc_sync Exit - MemInfo: [/proc/self/status]	VmHWM:	   61380 kB
20220313 061431.945 INFO             PET0 PIOc_sync Exit - MemInfo: [/proc/self/status]	VmRSS:	   36304 kB
20220313 061431.945 INFO             PET0 PIOc_sync Exit - MemInfo: [/proc/self/status]	VmData:	   32060 kB
20220313 061431.945 INFO             PET0 PIOc_sync Exit - MemInfo: [/proc/self/status]	VmStk:	     148 kB
20220313 061431.945 INFO             PET0 PIOc_sync Exit - MemInfo: [/proc/self/status]	VmExe:	     276 kB
20220313 061431.945 INFO             PET0 PIOc_sync Exit - MemInfo: [/proc/self/status]	VmLib:	   49028 kB
20220313 061431.945 INFO             PET0 PIOc_sync Exit - MemInfo: [/proc/self/status]	VmPTE:	     764 kB
20220313 061431.945 INFO             PET0 PIOc_sync Exit - MemInfo: [/proc/self/status]	VmPMD:	      12 kB
20220313 061431.945 INFO             PET0 PIOc_sync Exit - MemInfo: [/proc/self/status]	VmSwap:	       0 kB
20220313 061431.945 INFO             PET0 PIOc_sync Exit - MemInfo: [/proc/self/status]	VmRSSPercent: 0.05542 %
20220313 061431.945 INFO             PET0 PIOc_sync Exit - MemInfo: [malloc] Non-mmapped space allocated:                20561920 Byte
20220313 061431.945 INFO             PET0 PIOc_sync Exit - MemInfo: [malloc] Space allocated in mmapped regions:          1581056 Byte
20220313 061431.945 INFO             PET0 PIOc_sync Exit - MemInfo: [malloc] Maximum total allocated space:                     0 Byte
20220313 061431.945 INFO             PET0 PIOc_sync Exit - MemInfo: [malloc] Space in freed fastbin blocks:                  1712 Byte
20220313 061431.945 INFO             PET0 PIOc_sync Exit - MemInfo: [malloc] Total allocated space:                      19958656 Byte
20220313 061431.945 INFO             PET0 PIOc_sync Exit - MemInfo: [malloc] Total free space:                             603264 Byte
20220313 061431.945 INFO             PET0 PIOc_sync Exit - MemInfo: [malloc] Top-most, releasable space:                   132080 Byte
20220313 061431.945 INFO             PET0 PIOc_sync Exit - MemInfo: [malloc] Total space in use, mmap + non-mmap:        21539712 Byte
20220313 061431.945 INFO             PET0 PIOc_sync Exit - MemInfo: [malloc] Total space held (mmap + non-mmap):         22142976 Byte
20220313 061431.945 INFO             PET0 PIOc_sync Exit - MemInfo: [malloc] Total space used (mmap + non-mmap):         21549040 Byte
20220313 061431.945 INFO             PET0 PIOc_sync Exit - MemInfo: Wall-clock time since execution start:              0.0290111 seconds
20220313 061431.945 INFO             PET0 PIOc_freedecomp Enter - MemInfo: [/proc/meminfo - SSI]	MemTotal:       65507008 kB
20220313 061431.945 INFO             PET0 PIOc_freedecomp Enter - MemInfo: [/proc/meminfo - SSI]	MemFree:        49650312 kB
20220313 061431.945 INFO             PET0 PIOc_freedecomp Enter - MemInfo: [/proc/meminfo - SSI]	MemAvailable:   49413940 kB
20220313 061431.945 INFO             PET0 PIOc_freedecomp Enter - MemInfo: [/proc/meminfo - SSI]	Committed_AS:   13142732 kB
20220313 061431.945 INFO             PET0 PIOc_freedecomp Enter - MemInfo: [/proc/meminfo - SSI]	CommittedPercent: 20.0631 %
20220313 061431.945 INFO             PET0 PIOc_freedecomp Enter - MemInfo: [/proc/self/status]	VmPeak:	  521280 kB
20220313 061431.945 INFO             PET0 PIOc_freedecomp Enter - MemInfo: [/proc/self/status]	VmSize:	  521272 kB
20220313 061431.945 INFO             PET0 PIOc_freedecomp Enter - MemInfo: [/proc/self/status]	VmLck:	       0 kB
20220313 061431.945 INFO             PET0 PIOc_freedecomp Enter - MemInfo: [/proc/self/status]	VmPin:	       0 kB
20220313 061431.945 INFO             PET0 PIOc_freedecomp Enter - MemInfo: [/proc/self/status]	VmHWM:	   61380 kB
20220313 061431.945 INFO             PET0 PIOc_freedecomp Enter - MemInfo: [/proc/self/status]	VmRSS:	   36304 kB
20220313 061431.945 INFO             PET0 PIOc_freedecomp Enter - MemInfo: [/proc/self/status]	VmData:	   32060 kB
20220313 061431.945 INFO             PET0 PIOc_freedecomp Enter - MemInfo: [/proc/self/status]	VmStk:	     148 kB
20220313 061431.945 INFO             PET0 PIOc_freedecomp Enter - MemInfo: [/proc/self/status]	VmExe:	     276 kB
20220313 061431.945 INFO             PET0 PIOc_freedecomp Enter - MemInfo: [/proc/self/status]	VmLib:	   49028 kB
20220313 061431.945 INFO             PET0 PIOc_freedecomp Enter - MemInfo: [/proc/self/status]	VmPTE:	     764 kB
20220313 061431.945 INFO             PET0 PIOc_freedecomp Enter - MemInfo: [/proc/self/status]	VmPMD:	      12 kB
20220313 061431.945 INFO             PET0 PIOc_freedecomp Enter - MemInfo: [/proc/self/status]	VmSwap:	       0 kB
20220313 061431.945 INFO             PET0 PIOc_freedecomp Enter - MemInfo: [/proc/self/status]	VmRSSPercent: 0.05542 %
20220313 061431.945 INFO             PET0 PIOc_freedecomp Enter - MemInfo: [malloc] Non-mmapped space allocated:                20561920 Byte
20220313 061431.945 INFO             PET0 PIOc_freedecomp Enter - MemInfo: [malloc] Space allocated in mmapped regions:          1581056 Byte
20220313 061431.945 INFO             PET0 PIOc_freedecomp Enter - MemInfo: [malloc] Maximum total allocated space:                     0 Byte
20220313 061431.945 INFO             PET0 PIOc_freedecomp Enter - MemInfo: [malloc] Space in freed fastbin blocks:                  1584 Byte
20220313 061431.945 INFO             PET0 PIOc_freedecomp Enter - MemInfo: [malloc] Total allocated space:                       2643840 Byte
20220313 061431.945 INFO             PET0 PIOc_freedecomp Enter - MemInfo: [malloc] Total free space:                           17918080 Byte
20220313 061431.945 INFO             PET0 PIOc_freedecomp Enter - MemInfo: [malloc] Top-most, releasable space:                 17433616 Byte
20220313 061431.945 INFO             PET0 PIOc_freedecomp Enter - MemInfo: [malloc] Total space in use, mmap + non-mmap:         4224896 Byte
20220313 061431.945 INFO             PET0 PIOc_freedecomp Enter - MemInfo: [malloc] Total space held (mmap + non-mmap):         22142976 Byte
20220313 061431.945 INFO             PET0 PIOc_freedecomp Enter - MemInfo: [malloc] Total space used (mmap + non-mmap):          4234224 Byte
20220313 061431.945 INFO             PET0 PIOc_freedecomp Enter - MemInfo: Wall-clock time since execution start:              0.0293883 seconds
20220313 061431.945 INFO             PET0 PIOc_freedecomp Exit - MemInfo: [/proc/meminfo - SSI]	MemTotal:       65507008 kB
20220313 061431.945 INFO             PET0 PIOc_freedecomp Exit - MemInfo: [/proc/meminfo - SSI]	MemFree:        49650312 kB
20220313 061431.945 INFO             PET0 PIOc_freedecomp Exit - MemInfo: [/proc/meminfo - SSI]	MemAvailable:   49413940 kB
20220313 061431.945 INFO             PET0 PIOc_freedecomp Exit - MemInfo: [/proc/meminfo - SSI]	Committed_AS:   13142732 kB
20220313 061431.946 INFO             PET0 PIOc_freedecomp Exit - MemInfo: [/proc/meminfo - SSI]	CommittedPercent: 20.0631 %
20220313 061431.946 INFO             PET0 PIOc_freedecomp Exit - MemInfo: [/proc/self/status]	VmPeak:	  521280 kB
20220313 061431.946 INFO             PET0 PIOc_freedecomp Exit - MemInfo: [/proc/self/status]	VmSize:	  521272 kB
20220313 061431.946 INFO             PET0 PIOc_freedecomp Exit - MemInfo: [/proc/self/status]	VmLck:	       0 kB
20220313 061431.946 INFO             PET0 PIOc_freedecomp Exit - MemInfo: [/proc/self/status]	VmPin:	       0 kB
20220313 061431.946 INFO             PET0 PIOc_freedecomp Exit - MemInfo: [/proc/self/status]	VmHWM:	   61380 kB
20220313 061431.946 INFO             PET0 PIOc_freedecomp Exit - MemInfo: [/proc/self/status]	VmRSS:	   36304 kB
20220313 061431.946 INFO             PET0 PIOc_freedecomp Exit - MemInfo: [/proc/self/status]	VmData:	   32060 kB
20220313 061431.946 INFO             PET0 PIOc_freedecomp Exit - MemInfo: [/proc/self/status]	VmStk:	     148 kB
20220313 061431.946 INFO             PET0 PIOc_freedecomp Exit - MemInfo: [/proc/self/status]	VmExe:	     276 kB
20220313 061431.946 INFO             PET0 PIOc_freedecomp Exit - MemInfo: [/proc/self/status]	VmLib:	   49028 kB
20220313 061431.946 INFO             PET0 PIOc_freedecomp Exit - MemInfo: [/proc/self/status]	VmPTE:	     764 kB
20220313 061431.946 INFO             PET0 PIOc_freedecomp Exit - MemInfo: [/proc/self/status]	VmPMD:	      12 kB
20220313 061431.946 INFO             PET0 PIOc_freedecomp Exit - MemInfo: [/proc/self/status]	VmSwap:	       0 kB
20220313 061431.946 INFO             PET0 PIOc_freedecomp Exit - MemInfo: [/proc/self/status]	VmRSSPercent: 0.05542 %
20220313 061431.946 INFO             PET0 PIOc_freedecomp Exit - MemInfo: [malloc] Non-mmapped space allocated:                20561920 Byte
20220313 061431.946 INFO             PET0 PIOc_freedecomp Exit - MemInfo: [malloc] Space allocated in mmapped regions:          1581056 Byte
20220313 061431.946 INFO             PET0 PIOc_freedecomp Exit - MemInfo: [malloc] Maximum total allocated space:                     0 Byte
20220313 061431.946 INFO             PET0 PIOc_freedecomp Exit - MemInfo: [malloc] Space in freed fastbin blocks:                  1808 Byte
20220313 061431.946 INFO             PET0 PIOc_freedecomp Exit - MemInfo: [malloc] Total allocated space:                       2630896 Byte
20220313 061431.946 INFO             PET0 PIOc_freedecomp Exit - MemInfo: [malloc] Total free space:                           17931024 Byte
20220313 061431.946 INFO             PET0 PIOc_freedecomp Exit - MemInfo: [malloc] Top-most, releasable space:                 17433616 Byte
20220313 061431.946 INFO             PET0 PIOc_freedecomp Exit - MemInfo: [malloc] Total space in use, mmap + non-mmap:         4211952 Byte
20220313 061431.946 INFO             PET0 PIOc_freedecomp Exit - MemInfo: [malloc] Total space held (mmap + non-mmap):         22142976 Byte
20220313 061431.946 INFO             PET0 PIOc_freedecomp Exit - MemInfo: [malloc] Total space used (mmap + non-mmap):          4221280 Byte
20220313 061431.946 INFO             PET0 PIOc_freedecomp Exit - MemInfo: Wall-clock time since execution start:              0.0297247 seconds
20220313 061431.946 INFO             PET0  PASS  Write Fortran array in nohalo Field, ESMF_FieldIOUTest.F90, line 268
20220313 061431.946 INFO             PET0  PASS  Create a field from grid and fortran dummy array without halo, ESMF_FieldIOUTest.F90, line 281
20220313 061431.947 INFO             PET0 PIOc_sync Enter - MemInfo: [/proc/meminfo - SSI]	MemTotal:       65507008 kB
20220313 061431.947 INFO             PET0 PIOc_sync Enter - MemInfo: [/proc/meminfo - SSI]	MemFree:        49649808 kB
20220313 061431.947 INFO             PET0 PIOc_sync Enter - MemInfo: [/proc/meminfo - SSI]	MemAvailable:   49413436 kB
20220313 061431.947 INFO             PET0 PIOc_sync Enter - MemInfo: [/proc/meminfo - SSI]	Committed_AS:   13142732 kB
20220313 061431.947 INFO             PET0 PIOc_sync Enter - MemInfo: [/proc/meminfo - SSI]	CommittedPercent: 20.0631 %
20220313 061431.947 INFO             PET0 PIOc_sync Enter - MemInfo: [/proc/self/status]	VmPeak:	  521280 kB
20220313 061431.947 INFO             PET0 PIOc_sync Enter - MemInfo: [/proc/self/status]	VmSize:	  521272 kB
20220313 061431.947 INFO             PET0 PIOc_sync Enter - MemInfo: [/proc/self/status]	VmLck:	       0 kB
20220313 061431.947 INFO             PET0 PIOc_sync Enter - MemInfo: [/proc/self/status]	VmPin:	       0 kB
20220313 061431.947 INFO             PET0 PIOc_sync Enter - MemInfo: [/proc/self/status]	VmHWM:	   61380 kB
20220313 061431.947 INFO             PET0 PIOc_sync Enter - MemInfo: [/proc/self/status]	VmRSS:	   36680 kB
20220313 061431.947 INFO             PET0 PIOc_sync Enter - MemInfo: [/proc/self/status]	VmData:	   32060 kB
20220313 061431.947 INFO             PET0 PIOc_sync Enter - MemInfo: [/proc/self/status]	VmStk:	     148 kB
20220313 061431.947 INFO             PET0 PIOc_sync Enter - MemInfo: [/proc/self/status]	VmExe:	     276 kB
20220313 061431.947 INFO             PET0 PIOc_sync Enter - MemInfo: [/proc/self/status]	VmLib:	   49028 kB
20220313 061431.947 INFO             PET0 PIOc_sync Enter - MemInfo: [/proc/self/status]	VmPTE:	     764 kB
20220313 061431.947 INFO             PET0 PIOc_sync Enter - MemInfo: [/proc/self/status]	VmPMD:	      12 kB
20220313 061431.947 INFO             PET0 PIOc_sync Enter - MemInfo: [/proc/self/status]	VmSwap:	       0 kB
20220313 061431.947 INFO             PET0 PIOc_sync Enter - MemInfo: [/proc/self/status]	VmRSSPercent: 0.055994 %
20220313 061431.947 INFO             PET0 PIOc_sync Enter - MemInfo: [malloc] Non-mmapped space allocated:                20561920 Byte
20220313 061431.947 INFO             PET0 PIOc_sync Enter - MemInfo: [malloc] Space allocated in mmapped regions:          1581056 Byte
20220313 061431.948 INFO             PET0 PIOc_sync Enter - MemInfo: [malloc] Maximum total allocated space:                     0 Byte
20220313 061431.948 INFO             PET0 PIOc_sync Enter - MemInfo: [malloc] Space in freed fastbin blocks:                  1536 Byte
20220313 061431.948 INFO             PET0 PIOc_sync Enter - MemInfo: [malloc] Total allocated space:                      19956160 Byte
20220313 061431.948 INFO             PET0 PIOc_sync Enter - MemInfo: [malloc] Total free space:                             605760 Byte
20220313 061431.948 INFO             PET0 PIOc_sync Enter - MemInfo: [malloc] Top-most, releasable space:                   132080 Byte
20220313 061431.948 INFO             PET0 PIOc_sync Enter - MemInfo: [malloc] Total space in use, mmap + non-mmap:        21537216 Byte
20220313 061431.948 INFO             PET0 PIOc_sync Enter - MemInfo: [malloc] Total space held (mmap + non-mmap):         22142976 Byte
20220313 061431.948 INFO             PET0 PIOc_sync Enter - MemInfo: [malloc] Total space used (mmap + non-mmap):         21546544 Byte
20220313 061431.948 INFO             PET0 PIOc_sync Enter - MemInfo: Wall-clock time since execution start:              0.0315479 seconds
20220313 061431.948 INFO             PET0 PIOc_sync Exit - MemInfo: [/proc/meminfo - SSI]	MemTotal:       65507008 kB
20220313 061431.948 INFO             PET0 PIOc_sync Exit - MemInfo: [/proc/meminfo - SSI]	MemFree:        49649808 kB
20220313 061431.948 INFO             PET0 PIOc_sync Exit - MemInfo: [/proc/meminfo - SSI]	MemAvailable:   49413436 kB
20220313 061431.948 INFO             PET0 PIOc_sync Exit - MemInfo: [/proc/meminfo - SSI]	Committed_AS:   13142732 kB
20220313 061431.948 INFO             PET0 PIOc_sync Exit - MemInfo: [/proc/meminfo - SSI]	CommittedPercent: 20.0631 %
20220313 061431.948 INFO             PET0 PIOc_sync Exit - MemInfo: [/proc/self/status]	VmPeak:	  521280 kB
20220313 061431.948 INFO             PET0 PIOc_sync Exit - MemInfo: [/proc/self/status]	VmSize:	  521272 kB
20220313 061431.948 INFO             PET0 PIOc_sync Exit - MemInfo: [/proc/self/status]	VmLck:	       0 kB
20220313 061431.948 INFO             PET0 PIOc_sync Exit - MemInfo: [/proc/self/status]	VmPin:	       0 kB
20220313 061431.948 INFO             PET0 PIOc_sync Exit - MemInfo: [/proc/self/status]	VmHWM:	   61380 kB
20220313 061431.948 INFO             PET0 PIOc_sync Exit - MemInfo: [/proc/self/status]	VmRSS:	   36680 kB
20220313 061431.948 INFO             PET0 PIOc_sync Exit - MemInfo: [/proc/self/status]	VmData:	   32060 kB
20220313 061431.948 INFO             PET0 PIOc_sync Exit - MemInfo: [/proc/self/status]	VmStk:	     148 kB
20220313 061431.948 INFO             PET0 PIOc_sync Exit - MemInfo: [/proc/self/status]	VmExe:	     276 kB
20220313 061431.948 INFO             PET0 PIOc_sync Exit - MemInfo: [/proc/self/status]	VmLib:	   49028 kB
20220313 061431.948 INFO             PET0 PIOc_sync Exit - MemInfo: [/proc/self/status]	VmPTE:	     764 kB
20220313 061431.948 INFO             PET0 PIOc_sync Exit - MemInfo: [/proc/self/status]	VmPMD:	      12 kB
20220313 061431.948 INFO             PET0 PIOc_sync Exit - MemInfo: [/proc/self/status]	VmSwap:	       0 kB
20220313 061431.948 INFO             PET0 PIOc_sync Exit - MemInfo: [/proc/self/status]	VmRSSPercent: 0.055994 %
20220313 061431.948 INFO             PET0 PIOc_sync Exit - MemInfo: [malloc] Non-mmapped space allocated:                20561920 Byte
20220313 061431.948 INFO             PET0 PIOc_sync Exit - MemInfo: [malloc] Space allocated in mmapped regions:          1581056 Byte
20220313 061431.948 INFO             PET0 PIOc_sync Exit - MemInfo: [malloc] Maximum total allocated space:                     0 Byte
20220313 061431.948 INFO             PET0 PIOc_sync Exit - MemInfo: [malloc] Space in freed fastbin blocks:                  1600 Byte
20220313 061431.948 INFO             PET0 PIOc_sync Exit - MemInfo: [malloc] Total allocated space:                      19965648 Byte
20220313 061431.948 INFO             PET0 PIOc_sync Exit - MemInfo: [malloc] Total free space:                             596272 Byte
20220313 061431.948 INFO             PET0 PIOc_sync Exit - MemInfo: [malloc] Top-most, releasable space:                   132080 Byte
20220313 061431.948 INFO             PET0 PIOc_sync Exit - MemInfo: [malloc] Total space in use, mmap + non-mmap:        21546704 Byte
20220313 061431.948 INFO             PET0 PIOc_sync Exit - MemInfo: [malloc] Total space held (mmap + non-mmap):         22142976 Byte
20220313 061431.948 INFO             PET0 PIOc_sync Exit - MemInfo: [malloc] Total space used (mmap + non-mmap):         21556032 Byte
20220313 061431.948 INFO             PET0 PIOc_sync Exit - MemInfo: Wall-clock time since execution start:              0.0319644 seconds
20220313 061431.948 INFO             PET0 PIOc_freedecomp Enter - MemInfo: [/proc/meminfo - SSI]	MemTotal:       65507008 kB
20220313 061431.948 INFO             PET0 PIOc_freedecomp Enter - MemInfo: [/proc/meminfo - SSI]	MemFree:        49649808 kB
20220313 061431.948 INFO             PET0 PIOc_freedecomp Enter - MemInfo: [/proc/meminfo - SSI]	MemAvailable:   49413436 kB
20220313 061431.948 INFO             PET0 PIOc_freedecomp Enter - MemInfo: [/proc/meminfo - SSI]	Committed_AS:   13142732 kB
20220313 061431.948 INFO             PET0 PIOc_freedecomp Enter - MemInfo: [/proc/meminfo - SSI]	CommittedPercent: 20.0631 %
20220313 061431.948 INFO             PET0 PIOc_freedecomp Enter - MemInfo: [/proc/self/status]	VmPeak:	  521280 kB
20220313 061431.948 INFO             PET0 PIOc_freedecomp Enter - MemInfo: [/proc/self/status]	VmSize:	  521272 kB
20220313 061431.948 INFO             PET0 PIOc_freedecomp Enter - MemInfo: [/proc/self/status]	VmLck:	       0 kB
20220313 061431.948 INFO             PET0 PIOc_freedecomp Enter - MemInfo: [/proc/self/status]	VmPin:	       0 kB
20220313 061431.948 INFO             PET0 PIOc_freedecomp Enter - MemInfo: [/proc/self/status]	VmHWM:	   61380 kB
20220313 061431.948 INFO             PET0 PIOc_freedecomp Enter - MemInfo: [/proc/self/status]	VmRSS:	   36680 kB
20220313 061431.948 INFO             PET0 PIOc_freedecomp Enter - MemInfo: [/proc/self/status]	VmData:	   32060 kB
20220313 061431.948 INFO             PET0 PIOc_freedecomp Enter - MemInfo: [/proc/self/status]	VmStk:	     148 kB
20220313 061431.948 INFO             PET0 PIOc_freedecomp Enter - MemInfo: [/proc/self/status]	VmExe:	     276 kB
20220313 061431.948 INFO             PET0 PIOc_freedecomp Enter - MemInfo: [/proc/self/status]	VmLib:	   49028 kB
20220313 061431.948 INFO             PET0 PIOc_freedecomp Enter - MemInfo: [/proc/self/status]	VmPTE:	     764 kB
20220313 061431.948 INFO             PET0 PIOc_freedecomp Enter - MemInfo: [/proc/self/status]	VmPMD:	      12 kB
20220313 061431.948 INFO             PET0 PIOc_freedecomp Enter - MemInfo: [/proc/self/status]	VmSwap:	       0 kB
20220313 061431.948 INFO             PET0 PIOc_freedecomp Enter - MemInfo: [/proc/self/status]	VmRSSPercent: 0.055994 %
20220313 061431.948 INFO             PET0 PIOc_freedecomp Enter - MemInfo: [malloc] Non-mmapped space allocated:                20561920 Byte
20220313 061431.948 INFO             PET0 PIOc_freedecomp Enter - MemInfo: [malloc] Space allocated in mmapped regions:          1581056 Byte
20220313 061431.948 INFO             PET0 PIOc_freedecomp Enter - MemInfo: [malloc] Maximum total allocated space:                     0 Byte
20220313 061431.948 INFO             PET0 PIOc_freedecomp Enter - MemInfo: [malloc] Space in freed fastbin blocks:                  1584 Byte
20220313 061431.948 INFO             PET0 PIOc_freedecomp Enter - MemInfo: [malloc] Total allocated space:                       2650832 Byte
20220313 061431.948 INFO             PET0 PIOc_freedecomp Enter - MemInfo: [malloc] Total free space:                           17911088 Byte
20220313 061431.948 INFO             PET0 PIOc_freedecomp Enter - MemInfo: [malloc] Top-most, releasable space:                 17433616 Byte
20220313 061431.948 INFO             PET0 PIOc_freedecomp Enter - MemInfo: [malloc] Total space in use, mmap + non-mmap:         4231888 Byte
20220313 061431.948 INFO             PET0 PIOc_freedecomp Enter - MemInfo: [malloc] Total space held (mmap + non-mmap):         22142976 Byte
20220313 061431.948 INFO             PET0 PIOc_freedecomp Enter - MemInfo: [malloc] Total space used (mmap + non-mmap):          4241216 Byte
20220313 061431.948 INFO             PET0 PIOc_freedecomp Enter - MemInfo: Wall-clock time since execution start:              0.0323327 seconds
20220313 061431.948 INFO             PET0 PIOc_freedecomp Exit - MemInfo: [/proc/meminfo - SSI]	MemTotal:       65507008 kB
20220313 061431.948 INFO             PET0 PIOc_freedecomp Exit - MemInfo: [/proc/meminfo - SSI]	MemFree:        49649808 kB
20220313 061431.948 INFO             PET0 PIOc_freedecomp Exit - MemInfo: [/proc/meminfo - SSI]	MemAvailable:   49413436 kB
20220313 061431.948 INFO             PET0 PIOc_freedecomp Exit - MemInfo: [/proc/meminfo - SSI]	Committed_AS:   13142732 kB
20220313 061431.948 INFO             PET0 PIOc_freedecomp Exit - MemInfo: [/proc/meminfo - SSI]	CommittedPercent: 20.0631 %
20220313 061431.948 INFO             PET0 PIOc_freedecomp Exit - MemInfo: [/proc/self/status]	VmPeak:	  521280 kB
20220313 061431.948 INFO             PET0 PIOc_freedecomp Exit - MemInfo: [/proc/self/status]	VmSize:	  521272 kB
20220313 061431.948 INFO             PET0 PIOc_freedecomp Exit - MemInfo: [/proc/self/status]	VmLck:	       0 kB
20220313 061431.949 INFO             PET0 PIOc_freedecomp Exit - MemInfo: [/proc/self/status]	VmPin:	       0 kB
20220313 061431.949 INFO             PET0 PIOc_freedecomp Exit - MemInfo: [/proc/self/status]	VmHWM:	   61380 kB
20220313 061431.949 INFO             PET0 PIOc_freedecomp Exit - MemInfo: [/proc/self/status]	VmRSS:	   36680 kB
20220313 061431.949 INFO             PET0 PIOc_freedecomp Exit - MemInfo: [/proc/self/status]	VmData:	   32060 kB
20220313 061431.949 INFO             PET0 PIOc_freedecomp Exit - MemInfo: [/proc/self/status]	VmStk:	     148 kB
20220313 061431.949 INFO             PET0 PIOc_freedecomp Exit - MemInfo: [/proc/self/status]	VmExe:	     276 kB
20220313 061431.949 INFO             PET0 PIOc_freedecomp Exit - MemInfo: [/proc/self/status]	VmLib:	   49028 kB
20220313 061431.949 INFO             PET0 PIOc_freedecomp Exit - MemInfo: [/proc/self/status]	VmPTE:	     764 kB
20220313 061431.949 INFO             PET0 PIOc_freedecomp Exit - MemInfo: [/proc/self/status]	VmPMD:	      12 kB
20220313 061431.949 INFO             PET0 PIOc_freedecomp Exit - MemInfo: [/proc/self/status]	VmSwap:	       0 kB
20220313 061431.949 INFO             PET0 PIOc_freedecomp Exit - MemInfo: [/proc/self/status]	VmRSSPercent: 0.055994 %
20220313 061431.949 INFO             PET0 PIOc_freedecomp Exit - MemInfo: [malloc] Non-mmapped space allocated:                20561920 Byte
20220313 061431.949 INFO             PET0 PIOc_freedecomp Exit - MemInfo: [malloc] Space allocated in mmapped regions:          1581056 Byte
20220313 061431.949 INFO             PET0 PIOc_freedecomp Exit - MemInfo: [malloc] Maximum total allocated space:                     0 Byte
20220313 061431.949 INFO             PET0 PIOc_freedecomp Exit - MemInfo: [malloc] Space in freed fastbin blocks:                  1744 Byte
20220313 061431.949 INFO             PET0 PIOc_freedecomp Exit - MemInfo: [malloc] Total allocated space:                       2635776 Byte
20220313 061431.949 INFO             PET0 PIOc_freedecomp Exit - MemInfo: [malloc] Total free space:                           17926144 Byte
20220313 061431.949 INFO             PET0 PIOc_freedecomp Exit - MemInfo: [malloc] Top-most, releasable space:                 17433616 Byte
20220313 061431.949 INFO             PET0 PIOc_freedecomp Exit - MemInfo: [malloc] Total space in use, mmap + non-mmap:         4216832 Byte
20220313 061431.949 INFO             PET0 PIOc_freedecomp Exit - MemInfo: [malloc] Total space held (mmap + non-mmap):         22142976 Byte
20220313 061431.949 INFO             PET0 PIOc_freedecomp Exit - MemInfo: [malloc] Total space used (mmap + non-mmap):          4226160 Byte
20220313 061431.949 INFO             PET0 PIOc_freedecomp Exit - MemInfo: Wall-clock time since execution start:              0.0326724 seconds
20220313 061431.950 INFO             PET0 PIOc_sync Enter - MemInfo: [/proc/meminfo - SSI]	MemTotal:       65507008 kB
20220313 061431.950 INFO             PET0 PIOc_sync Enter - MemInfo: [/proc/meminfo - SSI]	MemFree:        49649808 kB
20220313 061431.950 INFO             PET0 PIOc_sync Enter - MemInfo: [/proc/meminfo - SSI]	MemAvailable:   49413436 kB
20220313 061431.950 INFO             PET0 PIOc_sync Enter - MemInfo: [/proc/meminfo - SSI]	Committed_AS:   13142732 kB
20220313 061431.950 INFO             PET0 PIOc_sync Enter - MemInfo: [/proc/meminfo - SSI]	CommittedPercent: 20.0631 %
20220313 061431.950 INFO             PET0 PIOc_sync Enter - MemInfo: [/proc/self/status]	VmPeak:	  529460 kB
20220313 061431.950 INFO             PET0 PIOc_sync Enter - MemInfo: [/proc/self/status]	VmSize:	  521272 kB
20220313 061431.950 INFO             PET0 PIOc_sync Enter - MemInfo: [/proc/self/status]	VmLck:	       0 kB
20220313 061431.950 INFO             PET0 PIOc_sync Enter - MemInfo: [/proc/self/status]	VmPin:	       0 kB
20220313 061431.950 INFO             PET0 PIOc_sync Enter - MemInfo: [/proc/self/status]	VmHWM:	   61380 kB
20220313 061431.950 INFO             PET0 PIOc_sync Enter - MemInfo: [/proc/self/status]	VmRSS:	   36708 kB
20220313 061431.950 INFO             PET0 PIOc_sync Enter - MemInfo: [/proc/self/status]	VmData:	   32060 kB
20220313 061431.950 INFO             PET0 PIOc_sync Enter - MemInfo: [/proc/self/status]	VmStk:	     148 kB
20220313 061431.950 INFO             PET0 PIOc_sync Enter - MemInfo: [/proc/self/status]	VmExe:	     276 kB
20220313 061431.950 INFO             PET0 PIOc_sync Enter - MemInfo: [/proc/self/status]	VmLib:	   49028 kB
20220313 061431.950 INFO             PET0 PIOc_sync Enter - MemInfo: [/proc/self/status]	VmPTE:	     768 kB
20220313 061431.950 INFO             PET0 PIOc_sync Enter - MemInfo: [/proc/self/status]	VmPMD:	      12 kB
20220313 061431.950 INFO             PET0 PIOc_sync Enter - MemInfo: [/proc/self/status]	VmSwap:	       0 kB
20220313 061431.950 INFO             PET0 PIOc_sync Enter - MemInfo: [/proc/self/status]	VmRSSPercent: 0.0560368 %
20220313 061431.950 INFO             PET0 PIOc_sync Enter - MemInfo: [malloc] Non-mmapped space allocated:                20561920 Byte
20220313 061431.950 INFO             PET0 PIOc_sync Enter - MemInfo: [malloc] Space allocated in mmapped regions:          1581056 Byte
20220313 061431.950 INFO             PET0 PIOc_sync Enter - MemInfo: [malloc] Maximum total allocated space:                     0 Byte
20220313 061431.950 INFO             PET0 PIOc_sync Enter - MemInfo: [malloc] Space in freed fastbin blocks:                  2240 Byte
20220313 061431.950 INFO             PET0 PIOc_sync Enter - MemInfo: [malloc] Total allocated space:                      19955888 Byte
20220313 061431.950 INFO             PET0 PIOc_sync Enter - MemInfo: [malloc] Total free space:                             606032 Byte
20220313 061431.950 INFO             PET0 PIOc_sync Enter - MemInfo: [malloc] Top-most, releasable space:                   132080 Byte
20220313 061431.950 INFO             PET0 PIOc_sync Enter - MemInfo: [malloc] Total space in use, mmap + non-mmap:        21536944 Byte
20220313 061431.950 INFO             PET0 PIOc_sync Enter - MemInfo: [malloc] Total space held (mmap + non-mmap):         22142976 Byte
20220313 061431.950 INFO             PET0 PIOc_sync Enter - MemInfo: [malloc] Total space used (mmap + non-mmap):         21546272 Byte
20220313 061431.950 INFO             PET0 PIOc_sync Enter - MemInfo: Wall-clock time since execution start:              0.0338675 seconds
20220313 061431.950 INFO             PET0 PIOc_sync Exit - MemInfo: [/proc/meminfo - SSI]	MemTotal:       65507008 kB
20220313 061431.950 INFO             PET0 PIOc_sync Exit - MemInfo: [/proc/meminfo - SSI]	MemFree:        49649808 kB
20220313 061431.950 INFO             PET0 PIOc_sync Exit - MemInfo: [/proc/meminfo - SSI]	MemAvailable:   49413436 kB
20220313 061431.950 INFO             PET0 PIOc_sync Exit - MemInfo: [/proc/meminfo - SSI]	Committed_AS:   13142732 kB
20220313 061431.950 INFO             PET0 PIOc_sync Exit - MemInfo: [/proc/meminfo - SSI]	CommittedPercent: 20.0631 %
20220313 061431.950 INFO             PET0 PIOc_sync Exit - MemInfo: [/proc/self/status]	VmPeak:	  529460 kB
20220313 061431.950 INFO             PET0 PIOc_sync Exit - MemInfo: [/proc/self/status]	VmSize:	  521272 kB
20220313 061431.950 INFO             PET0 PIOc_sync Exit - MemInfo: [/proc/self/status]	VmLck:	       0 kB
20220313 061431.950 INFO             PET0 PIOc_sync Exit - MemInfo: [/proc/self/status]	VmPin:	       0 kB
20220313 061431.950 INFO             PET0 PIOc_sync Exit - MemInfo: [/proc/self/status]	VmHWM:	   61380 kB
20220313 061431.950 INFO             PET0 PIOc_sync Exit - MemInfo: [/proc/self/status]	VmRSS:	   36708 kB
20220313 061431.950 INFO             PET0 PIOc_sync Exit - MemInfo: [/proc/self/status]	VmData:	   32060 kB
20220313 061431.950 INFO             PET0 PIOc_sync Exit - MemInfo: [/proc/self/status]	VmStk:	     148 kB
20220313 061431.950 INFO             PET0 PIOc_sync Exit - MemInfo: [/proc/self/status]	VmExe:	     276 kB
20220313 061431.950 INFO             PET0 PIOc_sync Exit - MemInfo: [/proc/self/status]	VmLib:	   49028 kB
20220313 061431.950 INFO             PET0 PIOc_sync Exit - MemInfo: [/proc/self/status]	VmPTE:	     768 kB
20220313 061431.950 INFO             PET0 PIOc_sync Exit - MemInfo: [/proc/self/status]	VmPMD:	      12 kB
20220313 061431.950 INFO             PET0 PIOc_sync Exit - MemInfo: [/proc/self/status]	VmSwap:	       0 kB
20220313 061431.950 INFO             PET0 PIOc_sync Exit - MemInfo: [/proc/self/status]	VmRSSPercent: 0.0560368 %
20220313 061431.950 INFO             PET0 PIOc_sync Exit - MemInfo: [malloc] Non-mmapped space allocated:                20561920 Byte
20220313 061431.950 INFO             PET0 PIOc_sync Exit - MemInfo: [malloc] Space allocated in mmapped regions:          1581056 Byte
20220313 061431.950 INFO             PET0 PIOc_sync Exit - MemInfo: [malloc] Maximum total allocated space:                     0 Byte
20220313 061431.950 INFO             PET0 PIOc_sync Exit - MemInfo: [malloc] Space in freed fastbin blocks:                  1808 Byte
20220313 061431.950 INFO             PET0 PIOc_sync Exit - MemInfo: [malloc] Total allocated space:                      19964224 Byte
20220313 061431.950 INFO             PET0 PIOc_sync Exit - MemInfo: [malloc] Total free space:                             597696 Byte
20220313 061431.950 INFO             PET0 PIOc_sync Exit - MemInfo: [malloc] Top-most, releasable space:                   132080 Byte
20220313 061431.950 INFO             PET0 PIOc_sync Exit - MemInfo: [malloc] Total space in use, mmap + non-mmap:        21545280 Byte
20220313 061431.950 INFO             PET0 PIOc_sync Exit - MemInfo: [malloc] Total space held (mmap + non-mmap):         22142976 Byte
20220313 061431.950 INFO             PET0 PIOc_sync Exit - MemInfo: [malloc] Total space used (mmap + non-mmap):         21554608 Byte
20220313 061431.950 INFO             PET0 PIOc_sync Exit - MemInfo: Wall-clock time since execution start:              0.0343283 seconds
20220313 061431.950 INFO             PET0 PIOc_freedecomp Enter - MemInfo: [/proc/meminfo - SSI]	MemTotal:       65507008 kB
20220313 061431.950 INFO             PET0 PIOc_freedecomp Enter - MemInfo: [/proc/meminfo - SSI]	MemFree:        49649808 kB
20220313 061431.950 INFO             PET0 PIOc_freedecomp Enter - MemInfo: [/proc/meminfo - SSI]	MemAvailable:   49413436 kB
20220313 061431.950 INFO             PET0 PIOc_freedecomp Enter - MemInfo: [/proc/meminfo - SSI]	Committed_AS:   13142732 kB
20220313 061431.950 INFO             PET0 PIOc_freedecomp Enter - MemInfo: [/proc/meminfo - SSI]	CommittedPercent: 20.0631 %
20220313 061431.951 INFO             PET0 PIOc_freedecomp Enter - MemInfo: [/proc/self/status]	VmPeak:	  529460 kB
20220313 061431.951 INFO             PET0 PIOc_freedecomp Enter - MemInfo: [/proc/self/status]	VmSize:	  521272 kB
20220313 061431.951 INFO             PET0 PIOc_freedecomp Enter - MemInfo: [/proc/self/status]	VmLck:	       0 kB
20220313 061431.951 INFO             PET0 PIOc_freedecomp Enter - MemInfo: [/proc/self/status]	VmPin:	       0 kB
20220313 061431.951 INFO             PET0 PIOc_freedecomp Enter - MemInfo: [/proc/self/status]	VmHWM:	   61380 kB
20220313 061431.951 INFO             PET0 PIOc_freedecomp Enter - MemInfo: [/proc/self/status]	VmRSS:	   36708 kB
20220313 061431.951 INFO             PET0 PIOc_freedecomp Enter - MemInfo: [/proc/self/status]	VmData:	   32060 kB
20220313 061431.951 INFO             PET0 PIOc_freedecomp Enter - MemInfo: [/proc/self/status]	VmStk:	     148 kB
20220313 061431.951 INFO             PET0 PIOc_freedecomp Enter - MemInfo: [/proc/self/status]	VmExe:	     276 kB
20220313 061431.951 INFO             PET0 PIOc_freedecomp Enter - MemInfo: [/proc/self/status]	VmLib:	   49028 kB
20220313 061431.951 INFO             PET0 PIOc_freedecomp Enter - MemInfo: [/proc/self/status]	VmPTE:	     768 kB
20220313 061431.951 INFO             PET0 PIOc_freedecomp Enter - MemInfo: [/proc/self/status]	VmPMD:	      12 kB
20220313 061431.951 INFO             PET0 PIOc_freedecomp Enter - MemInfo: [/proc/self/status]	VmSwap:	       0 kB
20220313 061431.951 INFO             PET0 PIOc_freedecomp Enter - MemInfo: [/proc/self/status]	VmRSSPercent: 0.0560368 %
20220313 061431.951 INFO             PET0 PIOc_freedecomp Enter - MemInfo: [malloc] Non-mmapped space allocated:                20561920 Byte
20220313 061431.951 INFO             PET0 PIOc_freedecomp Enter - MemInfo: [malloc] Space allocated in mmapped regions:          1581056 Byte
20220313 061431.951 INFO             PET0 PIOc_freedecomp Enter - MemInfo: [malloc] Maximum total allocated space:                     0 Byte
20220313 061431.951 INFO             PET0 PIOc_freedecomp Enter - MemInfo: [malloc] Space in freed fastbin blocks:                  1680 Byte
20220313 061431.951 INFO             PET0 PIOc_freedecomp Enter - MemInfo: [malloc] Total allocated space:                       2648720 Byte
20220313 061431.951 INFO             PET0 PIOc_freedecomp Enter - MemInfo: [malloc] Total free space:                           17913200 Byte
20220313 061431.951 INFO             PET0 PIOc_freedecomp Enter - MemInfo: [malloc] Top-most, releasable space:                 17433616 Byte
20220313 061431.951 INFO             PET0 PIOc_freedecomp Enter - MemInfo: [malloc] Total space in use, mmap + non-mmap:         4229776 Byte
20220313 061431.951 INFO             PET0 PIOc_freedecomp Enter - MemInfo: [malloc] Total space held (mmap + non-mmap):         22142976 Byte
20220313 061431.951 INFO             PET0 PIOc_freedecomp Enter - MemInfo: [malloc] Total space used (mmap + non-mmap):          4239104 Byte
20220313 061431.951 INFO             PET0 PIOc_freedecomp Enter - MemInfo: Wall-clock time since execution start:              0.0346989 seconds
20220313 061431.951 INFO             PET0 PIOc_freedecomp Exit - MemInfo: [/proc/meminfo - SSI]	MemTotal:       65507008 kB
20220313 061431.951 INFO             PET0 PIOc_freedecomp Exit - MemInfo: [/proc/meminfo - SSI]	MemFree:        49649808 kB
20220313 061431.951 INFO             PET0 PIOc_freedecomp Exit - MemInfo: [/proc/meminfo - SSI]	MemAvailable:   49413436 kB
20220313 061431.951 INFO             PET0 PIOc_freedecomp Exit - MemInfo: [/proc/meminfo - SSI]	Committed_AS:   13142732 kB
20220313 061431.951 INFO             PET0 PIOc_freedecomp Exit - MemInfo: [/proc/meminfo - SSI]	CommittedPercent: 20.0631 %
20220313 061431.951 INFO             PET0 PIOc_freedecomp Exit - MemInfo: [/proc/self/status]	VmPeak:	  529460 kB
20220313 061431.951 INFO             PET0 PIOc_freedecomp Exit - MemInfo: [/proc/self/status]	VmSize:	  521272 kB
20220313 061431.951 INFO             PET0 PIOc_freedecomp Exit - MemInfo: [/proc/self/status]	VmLck:	       0 kB
20220313 061431.951 INFO             PET0 PIOc_freedecomp Exit - MemInfo: [/proc/self/status]	VmPin:	       0 kB
20220313 061431.951 INFO             PET0 PIOc_freedecomp Exit - MemInfo: [/proc/self/status]	VmHWM:	   61380 kB
20220313 061431.951 INFO             PET0 PIOc_freedecomp Exit - MemInfo: [/proc/self/status]	VmRSS:	   36708 kB
20220313 061431.951 INFO             PET0 PIOc_freedecomp Exit - MemInfo: [/proc/self/status]	VmData:	   32060 kB
20220313 061431.951 INFO             PET0 PIOc_freedecomp Exit - MemInfo: [/proc/self/status]	VmStk:	     148 kB
20220313 061431.951 INFO             PET0 PIOc_freedecomp Exit - MemInfo: [/proc/self/status]	VmExe:	     276 kB
20220313 061431.951 INFO             PET0 PIOc_freedecomp Exit - MemInfo: [/proc/self/status]	VmLib:	   49028 kB
20220313 061431.951 INFO             PET0 PIOc_freedecomp Exit - MemInfo: [/proc/self/status]	VmPTE:	     768 kB
20220313 061431.951 INFO             PET0 PIOc_freedecomp Exit - MemInfo: [/proc/self/status]	VmPMD:	      12 kB
20220313 061431.951 INFO             PET0 PIOc_freedecomp Exit - MemInfo: [/proc/self/status]	VmSwap:	       0 kB
20220313 061431.951 INFO             PET0 PIOc_freedecomp Exit - MemInfo: [/proc/self/status]	VmRSSPercent: 0.0560368 %
20220313 061431.951 INFO             PET0 PIOc_freedecomp Exit - MemInfo: [malloc] Non-mmapped space allocated:                20561920 Byte
20220313 061431.951 INFO             PET0 PIOc_freedecomp Exit - MemInfo: [malloc] Space allocated in mmapped regions:          1581056 Byte
20220313 061431.951 INFO             PET0 PIOc_freedecomp Exit - MemInfo: [malloc] Maximum total allocated space:                     0 Byte
20220313 061431.951 INFO             PET0 PIOc_freedecomp Exit - MemInfo: [malloc] Space in freed fastbin blocks:                  1648 Byte
20220313 061431.951 INFO             PET0 PIOc_freedecomp Exit - MemInfo: [malloc] Total allocated space:                       2635776 Byte
20220313 061431.951 INFO             PET0 PIOc_freedecomp Exit - MemInfo: [malloc] Total free space:                           17926144 Byte
20220313 061431.951 INFO             PET0 PIOc_freedecomp Exit - MemInfo: [malloc] Top-most, releasable space:                 17433616 Byte
20220313 061431.951 INFO             PET0 PIOc_freedecomp Exit - MemInfo: [malloc] Total space in use, mmap + non-mmap:         4216832 Byte
20220313 061431.951 INFO             PET0 PIOc_freedecomp Exit - MemInfo: [malloc] Total space held (mmap + non-mmap):         22142976 Byte
20220313 061431.951 INFO             PET0 PIOc_freedecomp Exit - MemInfo: [malloc] Total space used (mmap + non-mmap):          4226160 Byte
20220313 061431.951 INFO             PET0 PIOc_freedecomp Exit - MemInfo: Wall-clock time since execution start:               0.035039 seconds
20220313 061431.951 INFO             PET0  PASS  Write multiple Fields with same dimensions to a file, ESMF_FieldIOUTest.F90, line 292
20220313 061431.951 INFO             PET0  PASS  Create grid for field metadata test, ESMF_FieldIOUTest.F90, line 309
20220313 061431.951 INFO             PET0  PASS  Create field with global indices, ESMF_FieldIOUTest.F90, line 316
20220313 061431.951 INFO             PET0  PASS  Get Farray_md from field, ESMF_FieldIOUTest.F90, line 324
20220313 061431.953 INFO             PET0 PIOc_sync Enter - MemInfo: [/proc/meminfo - SSI]	MemTotal:       65507008 kB
20220313 061431.953 INFO             PET0 PIOc_sync Enter - MemInfo: [/proc/meminfo - SSI]	MemFree:        49649808 kB
20220313 061431.953 INFO             PET0 PIOc_sync Enter - MemInfo: [/proc/meminfo - SSI]	MemAvailable:   49413436 kB
20220313 061431.953 INFO             PET0 PIOc_sync Enter - MemInfo: [/proc/meminfo - SSI]	Committed_AS:   13142732 kB
20220313 061431.953 INFO             PET0 PIOc_sync Enter - MemInfo: [/proc/meminfo - SSI]	CommittedPercent: 20.0631 %
20220313 061431.953 INFO             PET0 PIOc_sync Enter - MemInfo: [/proc/self/status]	VmPeak:	  529460 kB
20220313 061431.953 INFO             PET0 PIOc_sync Enter - MemInfo: [/proc/self/status]	VmSize:	  521272 kB
20220313 061431.953 INFO             PET0 PIOc_sync Enter - MemInfo: [/proc/self/status]	VmLck:	       0 kB
20220313 061431.953 INFO             PET0 PIOc_sync Enter - MemInfo: [/proc/self/status]	VmPin:	       0 kB
20220313 061431.953 INFO             PET0 PIOc_sync Enter - MemInfo: [/proc/self/status]	VmHWM:	   61380 kB
20220313 061431.953 INFO             PET0 PIOc_sync Enter - MemInfo: [/proc/self/status]	VmRSS:	   36716 kB
20220313 061431.953 INFO             PET0 PIOc_sync Enter - MemInfo: [/proc/self/status]	VmData:	   32060 kB
20220313 061431.953 INFO             PET0 PIOc_sync Enter - MemInfo: [/proc/self/status]	VmStk:	     148 kB
20220313 061431.953 INFO             PET0 PIOc_sync Enter - MemInfo: [/proc/self/status]	VmExe:	     276 kB
20220313 061431.953 INFO             PET0 PIOc_sync Enter - MemInfo: [/proc/self/status]	VmLib:	   49028 kB
20220313 061431.953 INFO             PET0 PIOc_sync Enter - MemInfo: [/proc/self/status]	VmPTE:	     768 kB
20220313 061431.953 INFO             PET0 PIOc_sync Enter - MemInfo: [/proc/self/status]	VmPMD:	      12 kB
20220313 061431.953 INFO             PET0 PIOc_sync Enter - MemInfo: [/proc/self/status]	VmSwap:	       0 kB
20220313 061431.953 INFO             PET0 PIOc_sync Enter - MemInfo: [/proc/self/status]	VmRSSPercent: 0.056049 %
20220313 061431.953 INFO             PET0 PIOc_sync Enter - MemInfo: [malloc] Non-mmapped space allocated:                20561920 Byte
20220313 061431.953 INFO             PET0 PIOc_sync Enter - MemInfo: [malloc] Space allocated in mmapped regions:          1581056 Byte
20220313 061431.953 INFO             PET0 PIOc_sync Enter - MemInfo: [malloc] Maximum total allocated space:                     0 Byte
20220313 061431.953 INFO             PET0 PIOc_sync Enter - MemInfo: [malloc] Space in freed fastbin blocks:                  1536 Byte
20220313 061431.953 INFO             PET0 PIOc_sync Enter - MemInfo: [malloc] Total allocated space:                      19975424 Byte
20220313 061431.953 INFO             PET0 PIOc_sync Enter - MemInfo: [malloc] Total free space:                             586496 Byte
20220313 061431.953 INFO             PET0 PIOc_sync Enter - MemInfo: [malloc] Top-most, releasable space:                   132080 Byte
20220313 061431.953 INFO             PET0 PIOc_sync Enter - MemInfo: [malloc] Total space in use, mmap + non-mmap:        21556480 Byte
20220313 061431.953 INFO             PET0 PIOc_sync Enter - MemInfo: [malloc] Total space held (mmap + non-mmap):         22142976 Byte
20220313 061431.953 INFO             PET0 PIOc_sync Enter - MemInfo: [malloc] Total space used (mmap + non-mmap):         21565808 Byte
20220313 061431.953 INFO             PET0 PIOc_sync Enter - MemInfo: Wall-clock time since execution start:              0.0369624 seconds
20220313 061431.953 INFO             PET0 PIOc_sync Exit - MemInfo: [/proc/meminfo - SSI]	MemTotal:       65507008 kB
20220313 061431.953 INFO             PET0 PIOc_sync Exit - MemInfo: [/proc/meminfo - SSI]	MemFree:        49649808 kB
20220313 061431.953 INFO             PET0 PIOc_sync Exit - MemInfo: [/proc/meminfo - SSI]	MemAvailable:   49413436 kB
20220313 061431.953 INFO             PET0 PIOc_sync Exit - MemInfo: [/proc/meminfo - SSI]	Committed_AS:   13142732 kB
20220313 061431.953 INFO             PET0 PIOc_sync Exit - MemInfo: [/proc/meminfo - SSI]	CommittedPercent: 20.0631 %
20220313 061431.953 INFO             PET0 PIOc_sync Exit - MemInfo: [/proc/self/status]	VmPeak:	  529460 kB
20220313 061431.953 INFO             PET0 PIOc_sync Exit - MemInfo: [/proc/self/status]	VmSize:	  521272 kB
20220313 061431.953 INFO             PET0 PIOc_sync Exit - MemInfo: [/proc/self/status]	VmLck:	       0 kB
20220313 061431.953 INFO             PET0 PIOc_sync Exit - MemInfo: [/proc/self/status]	VmPin:	       0 kB
20220313 061431.953 INFO             PET0 PIOc_sync Exit - MemInfo: [/proc/self/status]	VmHWM:	   61380 kB
20220313 061431.953 INFO             PET0 PIOc_sync Exit - MemInfo: [/proc/self/status]	VmRSS:	   36716 kB
20220313 061431.953 INFO             PET0 PIOc_sync Exit - MemInfo: [/proc/self/status]	VmData:	   32060 kB
20220313 061431.953 INFO             PET0 PIOc_sync Exit - MemInfo: [/proc/self/status]	VmStk:	     148 kB
20220313 061431.953 INFO             PET0 PIOc_sync Exit - MemInfo: [/proc/self/status]	VmExe:	     276 kB
20220313 061431.953 INFO             PET0 PIOc_sync Exit - MemInfo: [/proc/self/status]	VmLib:	   49028 kB
20220313 061431.953 INFO             PET0 PIOc_sync Exit - MemInfo: [/proc/self/status]	VmPTE:	     768 kB
20220313 061431.953 INFO             PET0 PIOc_sync Exit - MemInfo: [/proc/self/status]	VmPMD:	      12 kB
20220313 061431.953 INFO             PET0 PIOc_sync Exit - MemInfo: [/proc/self/status]	VmSwap:	       0 kB
20220313 061431.953 INFO             PET0 PIOc_sync Exit - MemInfo: [/proc/self/status]	VmRSSPercent: 0.056049 %
20220313 061431.953 INFO             PET0 PIOc_sync Exit - MemInfo: [malloc] Non-mmapped space allocated:                20561920 Byte
20220313 061431.953 INFO             PET0 PIOc_sync Exit - MemInfo: [malloc] Space allocated in mmapped regions:          1581056 Byte
20220313 061431.953 INFO             PET0 PIOc_sync Exit - MemInfo: [malloc] Maximum total allocated space:                     0 Byte
20220313 061431.953 INFO             PET0 PIOc_sync Exit - MemInfo: [malloc] Space in freed fastbin blocks:                  1712 Byte
20220313 061431.953 INFO             PET0 PIOc_sync Exit - MemInfo: [malloc] Total allocated space:                      20025472 Byte
20220313 061431.953 INFO             PET0 PIOc_sync Exit - MemInfo: [malloc] Total free space:                             536448 Byte
20220313 061431.953 INFO             PET0 PIOc_sync Exit - MemInfo: [malloc] Top-most, releasable space:                   132080 Byte
20220313 061431.953 INFO             PET0 PIOc_sync Exit - MemInfo: [malloc] Total space in use, mmap + non-mmap:        21606528 Byte
20220313 061431.953 INFO             PET0 PIOc_sync Exit - MemInfo: [malloc] Total space held (mmap + non-mmap):         22142976 Byte
20220313 061431.953 INFO             PET0 PIOc_sync Exit - MemInfo: [malloc] Total space used (mmap + non-mmap):         21615856 Byte
20220313 061431.953 INFO             PET0 PIOc_sync Exit - MemInfo: Wall-clock time since execution start:              0.0374021 seconds
20220313 061431.953 INFO             PET0 PIOc_freedecomp Enter - MemInfo: [/proc/meminfo - SSI]	MemTotal:       65507008 kB
20220313 061431.954 INFO             PET0 PIOc_freedecomp Enter - MemInfo: [/proc/meminfo - SSI]	MemFree:        49649808 kB
20220313 061431.954 INFO             PET0 PIOc_freedecomp Enter - MemInfo: [/proc/meminfo - SSI]	MemAvailable:   49413436 kB
20220313 061431.954 INFO             PET0 PIOc_freedecomp Enter - MemInfo: [/proc/meminfo - SSI]	Committed_AS:   13142732 kB
20220313 061431.954 INFO             PET0 PIOc_freedecomp Enter - MemInfo: [/proc/meminfo - SSI]	CommittedPercent: 20.0631 %
20220313 061431.954 INFO             PET0 PIOc_freedecomp Enter - MemInfo: [/proc/self/status]	VmPeak:	  529460 kB
20220313 061431.954 INFO             PET0 PIOc_freedecomp Enter - MemInfo: [/proc/self/status]	VmSize:	  521272 kB
20220313 061431.954 INFO             PET0 PIOc_freedecomp Enter - MemInfo: [/proc/self/status]	VmLck:	       0 kB
20220313 061431.954 INFO             PET0 PIOc_freedecomp Enter - MemInfo: [/proc/self/status]	VmPin:	       0 kB
20220313 061431.954 INFO             PET0 PIOc_freedecomp Enter - MemInfo: [/proc/self/status]	VmHWM:	   61380 kB
20220313 061431.954 INFO             PET0 PIOc_freedecomp Enter - MemInfo: [/proc/self/status]	VmRSS:	   36724 kB
20220313 061431.954 INFO             PET0 PIOc_freedecomp Enter - MemInfo: [/proc/self/status]	VmData:	   32060 kB
20220313 061431.954 INFO             PET0 PIOc_freedecomp Enter - MemInfo: [/proc/self/status]	VmStk:	     148 kB
20220313 061431.954 INFO             PET0 PIOc_freedecomp Enter - MemInfo: [/proc/self/status]	VmExe:	     276 kB
20220313 061431.954 INFO             PET0 PIOc_freedecomp Enter - MemInfo: [/proc/self/status]	VmLib:	   49028 kB
20220313 061431.954 INFO             PET0 PIOc_freedecomp Enter - MemInfo: [/proc/self/status]	VmPTE:	     768 kB
20220313 061431.954 INFO             PET0 PIOc_freedecomp Enter - MemInfo: [/proc/self/status]	VmPMD:	      12 kB
20220313 061431.954 INFO             PET0 PIOc_freedecomp Enter - MemInfo: [/proc/self/status]	VmSwap:	       0 kB
20220313 061431.954 INFO             PET0 PIOc_freedecomp Enter - MemInfo: [/proc/self/status]	VmRSSPercent: 0.0560612 %
20220313 061431.954 INFO             PET0 PIOc_freedecomp Enter - MemInfo: [malloc] Non-mmapped space allocated:                20561920 Byte
20220313 061431.954 INFO             PET0 PIOc_freedecomp Enter - MemInfo: [malloc] Space allocated in mmapped regions:          1581056 Byte
20220313 061431.954 INFO             PET0 PIOc_freedecomp Enter - MemInfo: [malloc] Maximum total allocated space:                     0 Byte
20220313 061431.954 INFO             PET0 PIOc_freedecomp Enter - MemInfo: [malloc] Space in freed fastbin blocks:                  1584 Byte
20220313 061431.954 INFO             PET0 PIOc_freedecomp Enter - MemInfo: [malloc] Total allocated space:                       2710672 Byte
20220313 061431.954 INFO             PET0 PIOc_freedecomp Enter - MemInfo: [malloc] Total free space:                           17851248 Byte
20220313 061431.954 INFO             PET0 PIOc_freedecomp Enter - MemInfo: [malloc] Top-most, releasable space:                 17433616 Byte
20220313 061431.954 INFO             PET0 PIOc_freedecomp Enter - MemInfo: [malloc] Total space in use, mmap + non-mmap:         4291728 Byte
20220313 061431.954 INFO             PET0 PIOc_freedecomp Enter - MemInfo: [malloc] Total space held (mmap + non-mmap):         22142976 Byte
20220313 061431.954 INFO             PET0 PIOc_freedecomp Enter - MemInfo: [malloc] Total space used (mmap + non-mmap):          4301056 Byte
20220313 061431.954 INFO             PET0 PIOc_freedecomp Enter - MemInfo: Wall-clock time since execution start:               0.037777 seconds
20220313 061431.954 INFO             PET0 PIOc_freedecomp Exit - MemInfo: [/proc/meminfo - SSI]	MemTotal:       65507008 kB
20220313 061431.954 INFO             PET0 PIOc_freedecomp Exit - MemInfo: [/proc/meminfo - SSI]	MemFree:        49649808 kB
20220313 061431.954 INFO             PET0 PIOc_freedecomp Exit - MemInfo: [/proc/meminfo - SSI]	MemAvailable:   49413436 kB
20220313 061431.954 INFO             PET0 PIOc_freedecomp Exit - MemInfo: [/proc/meminfo - SSI]	Committed_AS:   13142732 kB
20220313 061431.954 INFO             PET0 PIOc_freedecomp Exit - MemInfo: [/proc/meminfo - SSI]	CommittedPercent: 20.0631 %
20220313 061431.954 INFO             PET0 PIOc_freedecomp Exit - MemInfo: [/proc/self/status]	VmPeak:	  529460 kB
20220313 061431.954 INFO             PET0 PIOc_freedecomp Exit - MemInfo: [/proc/self/status]	VmSize:	  521272 kB
20220313 061431.954 INFO             PET0 PIOc_freedecomp Exit - MemInfo: [/proc/self/status]	VmLck:	       0 kB
20220313 061431.954 INFO             PET0 PIOc_freedecomp Exit - MemInfo: [/proc/self/status]	VmPin:	       0 kB
20220313 061431.954 INFO             PET0 PIOc_freedecomp Exit - MemInfo: [/proc/self/status]	VmHWM:	   61380 kB
20220313 061431.954 INFO             PET0 PIOc_freedecomp Exit - MemInfo: [/proc/self/status]	VmRSS:	   36724 kB
20220313 061431.954 INFO             PET0 PIOc_freedecomp Exit - MemInfo: [/proc/self/status]	VmData:	   32060 kB
20220313 061431.954 INFO             PET0 PIOc_freedecomp Exit - MemInfo: [/proc/self/status]	VmStk:	     148 kB
20220313 061431.954 INFO             PET0 PIOc_freedecomp Exit - MemInfo: [/proc/self/status]	VmExe:	     276 kB
20220313 061431.954 INFO             PET0 PIOc_freedecomp Exit - MemInfo: [/proc/self/status]	VmLib:	   49028 kB
20220313 061431.954 INFO             PET0 PIOc_freedecomp Exit - MemInfo: [/proc/self/status]	VmPTE:	     768 kB
20220313 061431.954 INFO             PET0 PIOc_freedecomp Exit - MemInfo: [/proc/self/status]	VmPMD:	      12 kB
20220313 061431.954 INFO             PET0 PIOc_freedecomp Exit - MemInfo: [/proc/self/status]	VmSwap:	       0 kB
20220313 061431.954 INFO             PET0 PIOc_freedecomp Exit - MemInfo: [/proc/self/status]	VmRSSPercent: 0.0560612 %
20220313 061431.954 INFO             PET0 PIOc_freedecomp Exit - MemInfo: [malloc] Non-mmapped space allocated:                20561920 Byte
20220313 061431.954 INFO             PET0 PIOc_freedecomp Exit - MemInfo: [malloc] Space allocated in mmapped regions:          1581056 Byte
20220313 061431.954 INFO             PET0 PIOc_freedecomp Exit - MemInfo: [malloc] Maximum total allocated space:                     0 Byte
20220313 061431.954 INFO             PET0 PIOc_freedecomp Exit - MemInfo: [malloc] Space in freed fastbin blocks:                  1696 Byte
20220313 061431.954 INFO             PET0 PIOc_freedecomp Exit - MemInfo: [malloc] Total allocated space:                       2652336 Byte
20220313 061431.954 INFO             PET0 PIOc_freedecomp Exit - MemInfo: [malloc] Total free space:                           17909584 Byte
20220313 061431.954 INFO             PET0 PIOc_freedecomp Exit - MemInfo: [malloc] Top-most, releasable space:                 17433616 Byte
20220313 061431.954 INFO             PET0 PIOc_freedecomp Exit - MemInfo: [malloc] Total space in use, mmap + non-mmap:         4233392 Byte
20220313 061431.954 INFO             PET0 PIOc_freedecomp Exit - MemInfo: [malloc] Total space held (mmap + non-mmap):         22142976 Byte
20220313 061431.954 INFO             PET0 PIOc_freedecomp Exit - MemInfo: [malloc] Total space used (mmap + non-mmap):          4242720 Byte
20220313 061431.954 INFO             PET0 PIOc_freedecomp Exit - MemInfo: Wall-clock time since execution start:              0.0381258 seconds
20220313 061431.954 INFO             PET0  PASS  Write Field to NetCDF file, ESMF_FieldIOUTest.F90, line 348
20220313 061431.955 INFO             PET0  PASS  Confirm NetCDF metadata - open file, ESMF_FieldIOUTest.F90, line 359
20220313 061431.955 INFO             PET0  PASS  Confirm NetCDF metadata - check dim 1, ESMF_FieldIOUTest.F90, line 369
20220313 061431.955 INFO             PET0  PASS  Confirm NetCDF metadata - check dim 1 len, ESMF_FieldIOUTest.F90, line 379
20220313 061431.955 INFO             PET0  PASS  Confirm NetCDF metadata - check dim 2, ESMF_FieldIOUTest.F90, line 389
20220313 061431.955 INFO             PET0  PASS  Confirm NetCDF metadata - check dim 2 len, ESMF_FieldIOUTest.F90, line 399
20220313 061431.955 INFO             PET0  PASS  Confirm NetCDF metadata - variable exists, ESMF_FieldIOUTest.F90, line 409
20220313 061431.955 INFO             PET0  PASS  Confirm NetCDF metadata - variable has expected dims, ESMF_FieldIOUTest.F90, line 420
20220313 061431.955 INFO             PET0  PASS  Confirm NetCDF data - check data for field, ESMF_FieldIOUTest.F90, line 445
20220313 061431.955 INFO             PET0  PASS  Confirm NetCDF data - close file, ESMF_FieldIOUTest.F90, line 456
20220313 061431.962 INFO             PET0 PIOc_sync Enter - MemInfo: [/proc/meminfo - SSI]	MemTotal:       65507008 kB
20220313 061431.962 INFO             PET0 PIOc_sync Enter - MemInfo: [/proc/meminfo - SSI]	MemFree:        49647800 kB
20220313 061431.962 INFO             PET0 PIOc_sync Enter - MemInfo: [/proc/meminfo - SSI]	MemAvailable:   49411428 kB
20220313 061431.962 INFO             PET0 PIOc_sync Enter - MemInfo: [/proc/meminfo - SSI]	Committed_AS:   13143996 kB
20220313 061431.962 INFO             PET0 PIOc_sync Enter - MemInfo: [/proc/meminfo - SSI]	CommittedPercent: 20.065 %
20220313 061431.962 INFO             PET0 PIOc_sync Enter - MemInfo: [/proc/self/status]	VmPeak:	  529460 kB
20220313 061431.962 INFO             PET0 PIOc_sync Enter - MemInfo: [/proc/self/status]	VmSize:	  521272 kB
20220313 061431.962 INFO             PET0 PIOc_sync Enter - MemInfo: [/proc/self/status]	VmLck:	       0 kB
20220313 061431.962 INFO             PET0 PIOc_sync Enter - MemInfo: [/proc/self/status]	VmPin:	       0 kB
20220313 061431.962 INFO             PET0 PIOc_sync Enter - MemInfo: [/proc/self/status]	VmHWM:	   61380 kB
20220313 061431.962 INFO             PET0 PIOc_sync Enter - MemInfo: [/proc/self/status]	VmRSS:	   36808 kB
20220313 061431.962 INFO             PET0 PIOc_sync Enter - MemInfo: [/proc/self/status]	VmData:	   32060 kB
20220313 061431.962 INFO             PET0 PIOc_sync Enter - MemInfo: [/proc/self/status]	VmStk:	     148 kB
20220313 061431.962 INFO             PET0 PIOc_sync Enter - MemInfo: [/proc/self/status]	VmExe:	     276 kB
20220313 061431.962 INFO             PET0 PIOc_sync Enter - MemInfo: [/proc/self/status]	VmLib:	   49028 kB
20220313 061431.962 INFO             PET0 PIOc_sync Enter - MemInfo: [/proc/self/status]	VmPTE:	     768 kB
20220313 061431.962 INFO             PET0 PIOc_sync Enter - MemInfo: [/proc/self/status]	VmPMD:	      12 kB
20220313 061431.962 INFO             PET0 PIOc_sync Enter - MemInfo: [/proc/self/status]	VmSwap:	       0 kB
20220313 061431.962 INFO             PET0 PIOc_sync Enter - MemInfo: [/proc/self/status]	VmRSSPercent: 0.0561894 %
20220313 061431.962 INFO             PET0 PIOc_sync Enter - MemInfo: [malloc] Non-mmapped space allocated:                20561920 Byte
20220313 061431.962 INFO             PET0 PIOc_sync Enter - MemInfo: [malloc] Space allocated in mmapped regions:          1581056 Byte
20220313 061431.962 INFO             PET0 PIOc_sync Enter - MemInfo: [malloc] Maximum total allocated space:                     0 Byte
20220313 061431.962 INFO             PET0 PIOc_sync Enter - MemInfo: [malloc] Space in freed fastbin blocks:                  1536 Byte
20220313 061431.962 INFO             PET0 PIOc_sync Enter - MemInfo: [malloc] Total allocated space:                      19978752 Byte
20220313 061431.962 INFO             PET0 PIOc_sync Enter - MemInfo: [malloc] Total free space:                             583168 Byte
20220313 061431.962 INFO             PET0 PIOc_sync Enter - MemInfo: [malloc] Top-most, releasable space:                   132080 Byte
20220313 061431.962 INFO             PET0 PIOc_sync Enter - MemInfo: [malloc] Total space in use, mmap + non-mmap:        21559808 Byte
20220313 061431.962 INFO             PET0 PIOc_sync Enter - MemInfo: [malloc] Total space held (mmap + non-mmap):         22142976 Byte
20220313 061431.962 INFO             PET0 PIOc_sync Enter - MemInfo: [malloc] Total space used (mmap + non-mmap):         21569136 Byte
20220313 061431.962 INFO             PET0 PIOc_sync Enter - MemInfo: Wall-clock time since execution start:              0.0461979 seconds
20220313 061431.962 INFO             PET0 PIOc_sync Exit - MemInfo: [/proc/meminfo - SSI]	MemTotal:       65507008 kB
20220313 061431.962 INFO             PET0 PIOc_sync Exit - MemInfo: [/proc/meminfo - SSI]	MemFree:        49647800 kB
20220313 061431.962 INFO             PET0 PIOc_sync Exit - MemInfo: [/proc/meminfo - SSI]	MemAvailable:   49411428 kB
20220313 061431.962 INFO             PET0 PIOc_sync Exit - MemInfo: [/proc/meminfo - SSI]	Committed_AS:   13143996 kB
20220313 061431.962 INFO             PET0 PIOc_sync Exit - MemInfo: [/proc/meminfo - SSI]	CommittedPercent: 20.065 %
20220313 061431.962 INFO             PET0 PIOc_sync Exit - MemInfo: [/proc/self/status]	VmPeak:	  529460 kB
20220313 061431.962 INFO             PET0 PIOc_sync Exit - MemInfo: [/proc/self/status]	VmSize:	  521272 kB
20220313 061431.962 INFO             PET0 PIOc_sync Exit - MemInfo: [/proc/self/status]	VmLck:	       0 kB
20220313 061431.962 INFO             PET0 PIOc_sync Exit - MemInfo: [/proc/self/status]	VmPin:	       0 kB
20220313 061431.962 INFO             PET0 PIOc_sync Exit - MemInfo: [/proc/self/status]	VmHWM:	   61380 kB
20220313 061431.962 INFO             PET0 PIOc_sync Exit - MemInfo: [/proc/self/status]	VmRSS:	   36812 kB
20220313 061431.962 INFO             PET0 PIOc_sync Exit - MemInfo: [/proc/self/status]	VmData:	   32060 kB
20220313 061431.962 INFO             PET0 PIOc_sync Exit - MemInfo: [/proc/self/status]	VmStk:	     148 kB
20220313 061431.962 INFO             PET0 PIOc_sync Exit - MemInfo: [/proc/self/status]	VmExe:	     276 kB
20220313 061431.962 INFO             PET0 PIOc_sync Exit - MemInfo: [/proc/self/status]	VmLib:	   49028 kB
20220313 061431.963 INFO             PET0 PIOc_sync Exit - MemInfo: [/proc/self/status]	VmPTE:	     768 kB
20220313 061431.963 INFO             PET0 PIOc_sync Exit - MemInfo: [/proc/self/status]	VmPMD:	      12 kB
20220313 061431.963 INFO             PET0 PIOc_sync Exit - MemInfo: [/proc/self/status]	VmSwap:	       0 kB
20220313 061431.963 INFO             PET0 PIOc_sync Exit - MemInfo: [/proc/self/status]	VmRSSPercent: 0.0561955 %
20220313 061431.963 INFO             PET0 PIOc_sync Exit - MemInfo: [malloc] Non-mmapped space allocated:                20561920 Byte
20220313 061431.963 INFO             PET0 PIOc_sync Exit - MemInfo: [malloc] Space allocated in mmapped regions:          1581056 Byte
20220313 061431.963 INFO             PET0 PIOc_sync Exit - MemInfo: [malloc] Maximum total allocated space:                     0 Byte
20220313 061431.963 INFO             PET0 PIOc_sync Exit - MemInfo: [malloc] Space in freed fastbin blocks:                  1632 Byte
20220313 061431.963 INFO             PET0 PIOc_sync Exit - MemInfo: [malloc] Total allocated space:                      19988224 Byte
20220313 061431.963 INFO             PET0 PIOc_sync Exit - MemInfo: [malloc] Total free space:                             573696 Byte
20220313 061431.963 INFO             PET0 PIOc_sync Exit - MemInfo: [malloc] Top-most, releasable space:                   132080 Byte
20220313 061431.963 INFO             PET0 PIOc_sync Exit - MemInfo: [malloc] Total space in use, mmap + non-mmap:        21569280 Byte
20220313 061431.963 INFO             PET0 PIOc_sync Exit - MemInfo: [malloc] Total space held (mmap + non-mmap):         22142976 Byte
20220313 061431.963 INFO             PET0 PIOc_sync Exit - MemInfo: [malloc] Total space used (mmap + non-mmap):         21578608 Byte
20220313 061431.963 INFO             PET0 PIOc_sync Exit - MemInfo: Wall-clock time since execution start:              0.0466189 seconds
20220313 061431.963 INFO             PET0 PIOc_freedecomp Enter - MemInfo: [/proc/meminfo - SSI]	MemTotal:       65507008 kB
20220313 061431.963 INFO             PET0 PIOc_freedecomp Enter - MemInfo: [/proc/meminfo - SSI]	MemFree:        49647800 kB
20220313 061431.963 INFO             PET0 PIOc_freedecomp Enter - MemInfo: [/proc/meminfo - SSI]	MemAvailable:   49411428 kB
20220313 061431.963 INFO             PET0 PIOc_freedecomp Enter - MemInfo: [/proc/meminfo - SSI]	Committed_AS:   13143996 kB
20220313 061431.963 INFO             PET0 PIOc_freedecomp Enter - MemInfo: [/proc/meminfo - SSI]	CommittedPercent: 20.065 %
20220313 061431.963 INFO             PET0 PIOc_freedecomp Enter - MemInfo: [/proc/self/status]	VmPeak:	  529460 kB
20220313 061431.963 INFO             PET0 PIOc_freedecomp Enter - MemInfo: [/proc/self/status]	VmSize:	  521272 kB
20220313 061431.963 INFO             PET0 PIOc_freedecomp Enter - MemInfo: [/proc/self/status]	VmLck:	       0 kB
20220313 061431.963 INFO             PET0 PIOc_freedecomp Enter - MemInfo: [/proc/self/status]	VmPin:	       0 kB
20220313 061431.963 INFO             PET0 PIOc_freedecomp Enter - MemInfo: [/proc/self/status]	VmHWM:	   61380 kB
20220313 061431.963 INFO             PET0 PIOc_freedecomp Enter - MemInfo: [/proc/self/status]	VmRSS:	   36812 kB
20220313 061431.963 INFO             PET0 PIOc_freedecomp Enter - MemInfo: [/proc/self/status]	VmData:	   32060 kB
20220313 061431.963 INFO             PET0 PIOc_freedecomp Enter - MemInfo: [/proc/self/status]	VmStk:	     148 kB
20220313 061431.963 INFO             PET0 PIOc_freedecomp Enter - MemInfo: [/proc/self/status]	VmExe:	     276 kB
20220313 061431.963 INFO             PET0 PIOc_freedecomp Enter - MemInfo: [/proc/self/status]	VmLib:	   49028 kB
20220313 061431.963 INFO             PET0 PIOc_freedecomp Enter - MemInfo: [/proc/self/status]	VmPTE:	     768 kB
20220313 061431.963 INFO             PET0 PIOc_freedecomp Enter - MemInfo: [/proc/self/status]	VmPMD:	      12 kB
20220313 061431.963 INFO             PET0 PIOc_freedecomp Enter - MemInfo: [/proc/self/status]	VmSwap:	       0 kB
20220313 061431.963 INFO             PET0 PIOc_freedecomp Enter - MemInfo: [/proc/self/status]	VmRSSPercent: 0.0561955 %
20220313 061431.963 INFO             PET0 PIOc_freedecomp Enter - MemInfo: [malloc] Non-mmapped space allocated:                20561920 Byte
20220313 061431.963 INFO             PET0 PIOc_freedecomp Enter - MemInfo: [malloc] Space allocated in mmapped regions:          1581056 Byte
20220313 061431.963 INFO             PET0 PIOc_freedecomp Enter - MemInfo: [malloc] Maximum total allocated space:                     0 Byte
20220313 061431.963 INFO             PET0 PIOc_freedecomp Enter - MemInfo: [malloc] Space in freed fastbin blocks:                  1584 Byte
20220313 061431.963 INFO             PET0 PIOc_freedecomp Enter - MemInfo: [malloc] Total allocated space:                       2673328 Byte
20220313 061431.963 INFO             PET0 PIOc_freedecomp Enter - MemInfo: [malloc] Total free space:                           17888592 Byte
20220313 061431.963 INFO             PET0 PIOc_freedecomp Enter - MemInfo: [malloc] Top-most, releasable space:                 17433616 Byte
20220313 061431.963 INFO             PET0 PIOc_freedecomp Enter - MemInfo: [malloc] Total space in use, mmap + non-mmap:         4254384 Byte
20220313 061431.963 INFO             PET0 PIOc_freedecomp Enter - MemInfo: [malloc] Total space held (mmap + non-mmap):         22142976 Byte
20220313 061431.963 INFO             PET0 PIOc_freedecomp Enter - MemInfo: [malloc] Total space used (mmap + non-mmap):          4263712 Byte
20220313 061431.963 INFO             PET0 PIOc_freedecomp Enter - MemInfo: Wall-clock time since execution start:              0.0469949 seconds
20220313 061431.963 INFO             PET0 PIOc_freedecomp Exit - MemInfo: [/proc/meminfo - SSI]	MemTotal:       65507008 kB
20220313 061431.963 INFO             PET0 PIOc_freedecomp Exit - MemInfo: [/proc/meminfo - SSI]	MemFree:        49647800 kB
20220313 061431.963 INFO             PET0 PIOc_freedecomp Exit - MemInfo: [/proc/meminfo - SSI]	MemAvailable:   49411428 kB
20220313 061431.963 INFO             PET0 PIOc_freedecomp Exit - MemInfo: [/proc/meminfo - SSI]	Committed_AS:   13143996 kB
20220313 061431.963 INFO             PET0 PIOc_freedecomp Exit - MemInfo: [/proc/meminfo - SSI]	CommittedPercent: 20.065 %
20220313 061431.963 INFO             PET0 PIOc_freedecomp Exit - MemInfo: [/proc/self/status]	VmPeak:	  529460 kB
20220313 061431.963 INFO             PET0 PIOc_freedecomp Exit - MemInfo: [/proc/self/status]	VmSize:	  521272 kB
20220313 061431.963 INFO             PET0 PIOc_freedecomp Exit - MemInfo: [/proc/self/status]	VmLck:	       0 kB
20220313 061431.963 INFO             PET0 PIOc_freedecomp Exit - MemInfo: [/proc/self/status]	VmPin:	       0 kB
20220313 061431.963 INFO             PET0 PIOc_freedecomp Exit - MemInfo: [/proc/self/status]	VmHWM:	   61380 kB
20220313 061431.963 INFO             PET0 PIOc_freedecomp Exit - MemInfo: [/proc/self/status]	VmRSS:	   36812 kB
20220313 061431.963 INFO             PET0 PIOc_freedecomp Exit - MemInfo: [/proc/self/status]	VmData:	   32060 kB
20220313 061431.963 INFO             PET0 PIOc_freedecomp Exit - MemInfo: [/proc/self/status]	VmStk:	     148 kB
20220313 061431.963 INFO             PET0 PIOc_freedecomp Exit - MemInfo: [/proc/self/status]	VmExe:	     276 kB
20220313 061431.963 INFO             PET0 PIOc_freedecomp Exit - MemInfo: [/proc/self/status]	VmLib:	   49028 kB
20220313 061431.963 INFO             PET0 PIOc_freedecomp Exit - MemInfo: [/proc/self/status]	VmPTE:	     768 kB
20220313 061431.963 INFO             PET0 PIOc_freedecomp Exit - MemInfo: [/proc/self/status]	VmPMD:	      12 kB
20220313 061431.963 INFO             PET0 PIOc_freedecomp Exit - MemInfo: [/proc/self/status]	VmSwap:	       0 kB
20220313 061431.963 INFO             PET0 PIOc_freedecomp Exit - MemInfo: [/proc/self/status]	VmRSSPercent: 0.0561955 %
20220313 061431.963 INFO             PET0 PIOc_freedecomp Exit - MemInfo: [malloc] Non-mmapped space allocated:                20561920 Byte
20220313 061431.963 INFO             PET0 PIOc_freedecomp Exit - MemInfo: [malloc] Space allocated in mmapped regions:          1581056 Byte
20220313 061431.963 INFO             PET0 PIOc_freedecomp Exit - MemInfo: [malloc] Maximum total allocated space:                     0 Byte
20220313 061431.963 INFO             PET0 PIOc_freedecomp Exit - MemInfo: [malloc] Space in freed fastbin blocks:                  1424 Byte
20220313 061431.963 INFO             PET0 PIOc_freedecomp Exit - MemInfo: [malloc] Total allocated space:                       2658256 Byte
20220313 061431.963 INFO             PET0 PIOc_freedecomp Exit - MemInfo: [malloc] Total free space:                           17903664 Byte
20220313 061431.963 INFO             PET0 PIOc_freedecomp Exit - MemInfo: [malloc] Top-most, releasable space:                 17433616 Byte
20220313 061431.963 INFO             PET0 PIOc_freedecomp Exit - MemInfo: [malloc] Total space in use, mmap + non-mmap:         4239312 Byte
20220313 061431.963 INFO             PET0 PIOc_freedecomp Exit - MemInfo: [malloc] Total space held (mmap + non-mmap):         22142976 Byte
20220313 061431.963 INFO             PET0 PIOc_freedecomp Exit - MemInfo: [malloc] Total space used (mmap + non-mmap):          4248640 Byte
20220313 061431.963 INFO             PET0 PIOc_freedecomp Exit - MemInfo: Wall-clock time since execution start:               0.047332 seconds
20220313 061431.965 INFO             PET0 PIOc_sync Enter - MemInfo: [/proc/meminfo - SSI]	MemTotal:       65507008 kB
20220313 061431.965 INFO             PET0 PIOc_sync Enter - MemInfo: [/proc/meminfo - SSI]	MemFree:        49647800 kB
20220313 061431.965 INFO             PET0 PIOc_sync Enter - MemInfo: [/proc/meminfo - SSI]	MemAvailable:   49411428 kB
20220313 061431.965 INFO             PET0 PIOc_sync Enter - MemInfo: [/proc/meminfo - SSI]	Committed_AS:   13143996 kB
20220313 061431.965 INFO             PET0 PIOc_sync Enter - MemInfo: [/proc/meminfo - SSI]	CommittedPercent: 20.065 %
20220313 061431.965 INFO             PET0 PIOc_sync Enter - MemInfo: [/proc/self/status]	VmPeak:	  529460 kB
20220313 061431.965 INFO             PET0 PIOc_sync Enter - MemInfo: [/proc/self/status]	VmSize:	  521272 kB
20220313 061431.965 INFO             PET0 PIOc_sync Enter - MemInfo: [/proc/self/status]	VmLck:	       0 kB
20220313 061431.965 INFO             PET0 PIOc_sync Enter - MemInfo: [/proc/self/status]	VmPin:	       0 kB
20220313 061431.966 INFO             PET0 PIOc_sync Enter - MemInfo: [/proc/self/status]	VmHWM:	   61380 kB
20220313 061431.966 INFO             PET0 PIOc_sync Enter - MemInfo: [/proc/self/status]	VmRSS:	   36904 kB
20220313 061431.966 INFO             PET0 PIOc_sync Enter - MemInfo: [/proc/self/status]	VmData:	   32060 kB
20220313 061431.966 INFO             PET0 PIOc_sync Enter - MemInfo: [/proc/self/status]	VmStk:	     148 kB
20220313 061431.966 INFO             PET0 PIOc_sync Enter - MemInfo: [/proc/self/status]	VmExe:	     276 kB
20220313 061431.966 INFO             PET0 PIOc_sync Enter - MemInfo: [/proc/self/status]	VmLib:	   49028 kB
20220313 061431.966 INFO             PET0 PIOc_sync Enter - MemInfo: [/proc/self/status]	VmPTE:	     768 kB
20220313 061431.966 INFO             PET0 PIOc_sync Enter - MemInfo: [/proc/self/status]	VmPMD:	      12 kB
20220313 061431.966 INFO             PET0 PIOc_sync Enter - MemInfo: [/proc/self/status]	VmSwap:	       0 kB
20220313 061431.966 INFO             PET0 PIOc_sync Enter - MemInfo: [/proc/self/status]	VmRSSPercent: 0.056336 %
20220313 061431.966 INFO             PET0 PIOc_sync Enter - MemInfo: [malloc] Non-mmapped space allocated:                20561920 Byte
20220313 061431.966 INFO             PET0 PIOc_sync Enter - MemInfo: [malloc] Space allocated in mmapped regions:          1581056 Byte
20220313 061431.966 INFO             PET0 PIOc_sync Enter - MemInfo: [malloc] Maximum total allocated space:                     0 Byte
20220313 061431.966 INFO             PET0 PIOc_sync Enter - MemInfo: [malloc] Space in freed fastbin blocks:                  1536 Byte
20220313 061431.966 INFO             PET0 PIOc_sync Enter - MemInfo: [malloc] Total allocated space:                      19982288 Byte
20220313 061431.966 INFO             PET0 PIOc_sync Enter - MemInfo: [malloc] Total free space:                             579632 Byte
20220313 061431.966 INFO             PET0 PIOc_sync Enter - MemInfo: [malloc] Top-most, releasable space:                   132080 Byte
20220313 061431.966 INFO             PET0 PIOc_sync Enter - MemInfo: [malloc] Total space in use, mmap + non-mmap:        21563344 Byte
20220313 061431.966 INFO             PET0 PIOc_sync Enter - MemInfo: [malloc] Total space held (mmap + non-mmap):         22142976 Byte
20220313 061431.966 INFO             PET0 PIOc_sync Enter - MemInfo: [malloc] Total space used (mmap + non-mmap):         21572672 Byte
20220313 061431.966 INFO             PET0 PIOc_sync Enter - MemInfo: Wall-clock time since execution start:              0.0496677 seconds
20220313 061431.966 INFO             PET0 PIOc_sync Exit - MemInfo: [/proc/meminfo - SSI]	MemTotal:       65507008 kB
20220313 061431.966 INFO             PET0 PIOc_sync Exit - MemInfo: [/proc/meminfo - SSI]	MemFree:        49647800 kB
20220313 061431.966 INFO             PET0 PIOc_sync Exit - MemInfo: [/proc/meminfo - SSI]	MemAvailable:   49411428 kB
20220313 061431.966 INFO             PET0 PIOc_sync Exit - MemInfo: [/proc/meminfo - SSI]	Committed_AS:   13143996 kB
20220313 061431.966 INFO             PET0 PIOc_sync Exit - MemInfo: [/proc/meminfo - SSI]	CommittedPercent: 20.065 %
20220313 061431.966 INFO             PET0 PIOc_sync Exit - MemInfo: [/proc/self/status]	VmPeak:	  529460 kB
20220313 061431.966 INFO             PET0 PIOc_sync Exit - MemInfo: [/proc/self/status]	VmSize:	  521272 kB
20220313 061431.966 INFO             PET0 PIOc_sync Exit - MemInfo: [/proc/self/status]	VmLck:	       0 kB
20220313 061431.966 INFO             PET0 PIOc_sync Exit - MemInfo: [/proc/self/status]	VmPin:	       0 kB
20220313 061431.966 INFO             PET0 PIOc_sync Exit - MemInfo: [/proc/self/status]	VmHWM:	   61380 kB
20220313 061431.966 INFO             PET0 PIOc_sync Exit - MemInfo: [/proc/self/status]	VmRSS:	   36904 kB
20220313 061431.966 INFO             PET0 PIOc_sync Exit - MemInfo: [/proc/self/status]	VmData:	   32060 kB
20220313 061431.966 INFO             PET0 PIOc_sync Exit - MemInfo: [/proc/self/status]	VmStk:	     148 kB
20220313 061431.966 INFO             PET0 PIOc_sync Exit - MemInfo: [/proc/self/status]	VmExe:	     276 kB
20220313 061431.966 INFO             PET0 PIOc_sync Exit - MemInfo: [/proc/self/status]	VmLib:	   49028 kB
20220313 061431.966 INFO             PET0 PIOc_sync Exit - MemInfo: [/proc/self/status]	VmPTE:	     768 kB
20220313 061431.966 INFO             PET0 PIOc_sync Exit - MemInfo: [/proc/self/status]	VmPMD:	      12 kB
20220313 061431.966 INFO             PET0 PIOc_sync Exit - MemInfo: [/proc/self/status]	VmSwap:	       0 kB
20220313 061431.966 INFO             PET0 PIOc_sync Exit - MemInfo: [/proc/self/status]	VmRSSPercent: 0.056336 %
20220313 061431.966 INFO             PET0 PIOc_sync Exit - MemInfo: [malloc] Non-mmapped space allocated:                20561920 Byte
20220313 061431.966 INFO             PET0 PIOc_sync Exit - MemInfo: [malloc] Space allocated in mmapped regions:          1581056 Byte
20220313 061431.966 INFO             PET0 PIOc_sync Exit - MemInfo: [malloc] Maximum total allocated space:                     0 Byte
20220313 061431.966 INFO             PET0 PIOc_sync Exit - MemInfo: [malloc] Space in freed fastbin blocks:                  1744 Byte
20220313 061431.966 INFO             PET0 PIOc_sync Exit - MemInfo: [malloc] Total allocated space:                      19990608 Byte
20220313 061431.966 INFO             PET0 PIOc_sync Exit - MemInfo: [malloc] Total free space:                             571312 Byte
20220313 061431.966 INFO             PET0 PIOc_sync Exit - MemInfo: [malloc] Top-most, releasable space:                   132080 Byte
20220313 061431.966 INFO             PET0 PIOc_sync Exit - MemInfo: [malloc] Total space in use, mmap + non-mmap:        21571664 Byte
20220313 061431.966 INFO             PET0 PIOc_sync Exit - MemInfo: [malloc] Total space held (mmap + non-mmap):         22142976 Byte
