build time -- 2022-03-14 06:00:12.898178
20220314 061423.263 INFO             PET0 !!!!!!!!!!!!!!!!!!!!!!!!!!!!!!!!!!!!!!!!!!!!!!!!!!!!!!
20220314 061423.263 INFO             PET0 !!! THE ESMF_LOG IS SET TO OUTPUT ALL LOG MESSAGES !!!
20220314 061423.263 INFO             PET0 !!!     THIS MAY CAUSE SLOWDOWN IN PERFORMANCE     !!!
20220314 061423.263 INFO             PET0 !!! FOR PRODUCTION RUNS, USE:                      !!!
20220314 061423.263 INFO             PET0 !!!                   ESMF_LOGKIND_Multi_On_Error  !!!
20220314 061423.263 INFO             PET0 !!!!!!!!!!!!!!!!!!!!!!!!!!!!!!!!!!!!!!!!!!!!!!!!!!!!!!
20220314 061423.263 INFO             PET0 Running with ESMF Version   : v8.3.0b09-96-g559b459836
20220314 061423.263 INFO             PET0 ESMF library build date/time: "Mar 14 2022" "05:58:16"
20220314 061423.263 INFO             PET0 ESMF library build location : /glade/scratch/rlong/esmf-testing/gfortran_7.4.0_openmpi_O_jedwards_pio_update2
20220314 061423.263 INFO             PET0 ESMF_COMM                   : openmpi
20220314 061423.263 INFO             PET0 ESMF_MOAB                   : enabled
20220314 061423.263 INFO             PET0 ESMF_LAPACK                 : enabled
20220314 061423.263 INFO             PET0 ESMF_NETCDF                 : enabled
20220314 061423.263 INFO             PET0 ESMF_PNETCDF                : disabled
20220314 061423.263 INFO             PET0 ESMF_PIO                    : enabled
20220314 061423.263 INFO             PET0 ESMF_YAMLCPP                : enabled
20220314 061423.264 INFO             PET0  Beginning Test, file ESMF_FieldIOUTest.F90, line 123
20220314 061423.264 INFO             PET0  NUMBER_OF_PROCESSORS           4
20220314 061423.264 INFO             PET0  PASS  Array Spec Set, ESMF_FieldIOUTest.F90, line 146
20220314 061423.264 INFO             PET0  PASS  Creating a Grid to use in Field Tests, ESMF_FieldIOUTest.F90, line 157
20220314 061423.265 INFO             PET0  PASS  Create a field from grid and fortran dummy array, ESMF_FieldIOUTest.F90, line 179
20220314 061423.265 INFO             PET0  PASS  Get Farray_w from field, ESMF_FieldIOUTest.F90, line 190
20220314 061423.275 INFO             PET0 PIOc_sync Enter - MemInfo: [/proc/meminfo - SSI]	MemTotal:       65507008 kB
20220314 061423.275 INFO             PET0 PIOc_sync Enter - MemInfo: [/proc/meminfo - SSI]	MemFree:        49869136 kB
20220314 061423.275 INFO             PET0 PIOc_sync Enter - MemInfo: [/proc/meminfo - SSI]	MemAvailable:   49632440 kB
20220314 061423.275 INFO             PET0 PIOc_sync Enter - MemInfo: [/proc/meminfo - SSI]	Committed_AS:   12939012 kB
20220314 061423.275 INFO             PET0 PIOc_sync Enter - MemInfo: [/proc/meminfo - SSI]	CommittedPercent: 19.7521 %
20220314 061423.275 INFO             PET0 PIOc_sync Enter - MemInfo: [/proc/self/status]	VmPeak:	  520560 kB
20220314 061423.275 INFO             PET0 PIOc_sync Enter - MemInfo: [/proc/self/status]	VmSize:	  520560 kB
20220314 061423.275 INFO             PET0 PIOc_sync Enter - MemInfo: [/proc/self/status]	VmLck:	       0 kB
20220314 061423.275 INFO             PET0 PIOc_sync Enter - MemInfo: [/proc/self/status]	VmPin:	       0 kB
20220314 061423.275 INFO             PET0 PIOc_sync Enter - MemInfo: [/proc/self/status]	VmHWM:	   61384 kB
20220314 061423.275 INFO             PET0 PIOc_sync Enter - MemInfo: [/proc/self/status]	VmRSS:	   36060 kB
20220314 061423.275 INFO             PET0 PIOc_sync Enter - MemInfo: [/proc/self/status]	VmData:	   31972 kB
20220314 061423.275 INFO             PET0 PIOc_sync Enter - MemInfo: [/proc/self/status]	VmStk:	     148 kB
20220314 061423.275 INFO             PET0 PIOc_sync Enter - MemInfo: [/proc/self/status]	VmExe:	     276 kB
20220314 061423.275 INFO             PET0 PIOc_sync Enter - MemInfo: [/proc/self/status]	VmLib:	   49028 kB
20220314 061423.275 INFO             PET0 PIOc_sync Enter - MemInfo: [/proc/self/status]	VmPTE:	     756 kB
20220314 061423.275 INFO             PET0 PIOc_sync Enter - MemInfo: [/proc/self/status]	VmPMD:	      12 kB
20220314 061423.278 INFO             PET0 PIOc_sync Enter - MemInfo: [/proc/self/status]	VmSwap:	       0 kB
20220314 061423.278 INFO             PET0 PIOc_sync Enter - MemInfo: [/proc/self/status]	VmRSSPercent: 0.0550475 %
20220314 061423.278 INFO             PET0 PIOc_sync Enter - MemInfo: [malloc] Non-mmapped space allocated:                 3162112 Byte
20220314 061423.278 INFO             PET0 PIOc_sync Enter - MemInfo: [malloc] Space allocated in mmapped regions:         18890752 Byte
20220314 061423.278 INFO             PET0 PIOc_sync Enter - MemInfo: [malloc] Maximum total allocated space:                     0 Byte
20220314 061423.278 INFO             PET0 PIOc_sync Enter - MemInfo: [malloc] Space in freed fastbin blocks:                  1536 Byte
20220314 061423.278 INFO             PET0 PIOc_sync Enter - MemInfo: [malloc] Total allocated space:                       2643024 Byte
20220314 061423.278 INFO             PET0 PIOc_sync Enter - MemInfo: [malloc] Total free space:                             519088 Byte
20220314 061423.278 INFO             PET0 PIOc_sync Enter - MemInfo: [malloc] Top-most, releasable space:                    33536 Byte
20220314 061423.278 INFO             PET0 PIOc_sync Enter - MemInfo: [malloc] Total space in use, mmap + non-mmap:        21533776 Byte
20220314 061423.278 INFO             PET0 PIOc_sync Enter - MemInfo: [malloc] Total space held (mmap + non-mmap):         22052864 Byte
20220314 061423.278 INFO             PET0 PIOc_sync Enter - MemInfo: [malloc] Total space used (mmap + non-mmap):         21543104 Byte
20220314 061423.278 INFO             PET0 PIOc_sync Enter - MemInfo: Wall-clock time since execution start:              0.0166287 seconds
20220314 061423.278 INFO             PET0 PIOc_sync Exit - MemInfo: [/proc/meminfo - SSI]	MemTotal:       65507008 kB
20220314 061423.278 INFO             PET0 PIOc_sync Exit - MemInfo: [/proc/meminfo - SSI]	MemFree:        49869136 kB
20220314 061423.278 INFO             PET0 PIOc_sync Exit - MemInfo: [/proc/meminfo - SSI]	MemAvailable:   49632440 kB
20220314 061423.278 INFO             PET0 PIOc_sync Exit - MemInfo: [/proc/meminfo - SSI]	Committed_AS:   12939012 kB
20220314 061423.278 INFO             PET0 PIOc_sync Exit - MemInfo: [/proc/meminfo - SSI]	CommittedPercent: 19.7521 %
20220314 061423.278 INFO             PET0 PIOc_sync Exit - MemInfo: [/proc/self/status]	VmPeak:	  520560 kB
20220314 061423.278 INFO             PET0 PIOc_sync Exit - MemInfo: [/proc/self/status]	VmSize:	  520560 kB
20220314 061423.278 INFO             PET0 PIOc_sync Exit - MemInfo: [/proc/self/status]	VmLck:	       0 kB
20220314 061423.278 INFO             PET0 PIOc_sync Exit - MemInfo: [/proc/self/status]	VmPin:	       0 kB
20220314 061423.278 INFO             PET0 PIOc_sync Exit - MemInfo: [/proc/self/status]	VmHWM:	   61384 kB
20220314 061423.278 INFO             PET0 PIOc_sync Exit - MemInfo: [/proc/self/status]	VmRSS:	   36188 kB
20220314 061423.278 INFO             PET0 PIOc_sync Exit - MemInfo: [/proc/self/status]	VmData:	   31972 kB
20220314 061423.278 INFO             PET0 PIOc_sync Exit - MemInfo: [/proc/self/status]	VmStk:	     148 kB
20220314 061423.278 INFO             PET0 PIOc_sync Exit - MemInfo: [/proc/self/status]	VmExe:	     276 kB
20220314 061423.278 INFO             PET0 PIOc_sync Exit - MemInfo: [/proc/self/status]	VmLib:	   49028 kB
20220314 061423.278 INFO             PET0 PIOc_sync Exit - MemInfo: [/proc/self/status]	VmPTE:	     756 kB
20220314 061423.278 INFO             PET0 PIOc_sync Exit - MemInfo: [/proc/self/status]	VmPMD:	      12 kB
20220314 061423.278 INFO             PET0 PIOc_sync Exit - MemInfo: [/proc/self/status]	VmSwap:	       0 kB
20220314 061423.278 INFO             PET0 PIOc_sync Exit - MemInfo: [/proc/self/status]	VmRSSPercent: 0.0552429 %
20220314 061423.278 INFO             PET0 PIOc_sync Exit - MemInfo: [malloc] Non-mmapped space allocated:                 3162112 Byte
20220314 061423.278 INFO             PET0 PIOc_sync Exit - MemInfo: [malloc] Space allocated in mmapped regions:         18890752 Byte
20220314 061423.278 INFO             PET0 PIOc_sync Exit - MemInfo: [malloc] Maximum total allocated space:                     0 Byte
20220314 061423.278 INFO             PET0 PIOc_sync Exit - MemInfo: [malloc] Space in freed fastbin blocks:                  1504 Byte
20220314 061423.278 INFO             PET0 PIOc_sync Exit - MemInfo: [malloc] Total allocated space:                       2652512 Byte
20220314 061423.278 INFO             PET0 PIOc_sync Exit - MemInfo: [malloc] Total free space:                             509600 Byte
20220314 061423.278 INFO             PET0 PIOc_sync Exit - MemInfo: [malloc] Top-most, releasable space:                    33536 Byte
20220314 061423.278 INFO             PET0 PIOc_sync Exit - MemInfo: [malloc] Total space in use, mmap + non-mmap:        21543264 Byte
20220314 061423.278 INFO             PET0 PIOc_sync Exit - MemInfo: [malloc] Total space held (mmap + non-mmap):         22052864 Byte
20220314 061423.278 INFO             PET0 PIOc_sync Exit - MemInfo: [malloc] Total space used (mmap + non-mmap):         21552592 Byte
20220314 061423.278 INFO             PET0 PIOc_sync Exit - MemInfo: Wall-clock time since execution start:              0.0171511 seconds
20220314 061423.279 INFO             PET0 PIOc_freedecomp Enter - MemInfo: [/proc/meminfo - SSI]	MemTotal:       65507008 kB
20220314 061423.279 INFO             PET0 PIOc_freedecomp Enter - MemInfo: [/proc/meminfo - SSI]	MemFree:        49884256 kB
20220314 061423.279 INFO             PET0 PIOc_freedecomp Enter - MemInfo: [/proc/meminfo - SSI]	MemAvailable:   49647560 kB
20220314 061423.279 INFO             PET0 PIOc_freedecomp Enter - MemInfo: [/proc/meminfo - SSI]	Committed_AS:   12922624 kB
20220314 061423.279 INFO             PET0 PIOc_freedecomp Enter - MemInfo: [/proc/meminfo - SSI]	CommittedPercent: 19.7271 %
20220314 061423.279 INFO             PET0 PIOc_freedecomp Enter - MemInfo: [/proc/self/status]	VmPeak:	  520560 kB
20220314 061423.279 INFO             PET0 PIOc_freedecomp Enter - MemInfo: [/proc/self/status]	VmSize:	  503656 kB
20220314 061423.279 INFO             PET0 PIOc_freedecomp Enter - MemInfo: [/proc/self/status]	VmLck:	       0 kB
20220314 061423.279 INFO             PET0 PIOc_freedecomp Enter - MemInfo: [/proc/self/status]	VmPin:	       0 kB
20220314 061423.279 INFO             PET0 PIOc_freedecomp Enter - MemInfo: [/proc/self/status]	VmHWM:	   61384 kB
20220314 061423.279 INFO             PET0 PIOc_freedecomp Enter - MemInfo: [/proc/self/status]	VmRSS:	   19796 kB
20220314 061423.279 INFO             PET0 PIOc_freedecomp Enter - MemInfo: [/proc/self/status]	VmData:	   15068 kB
20220314 061423.279 INFO             PET0 PIOc_freedecomp Enter - MemInfo: [/proc/self/status]	VmStk:	     148 kB
20220314 061423.279 INFO             PET0 PIOc_freedecomp Enter - MemInfo: [/proc/self/status]	VmExe:	     276 kB
20220314 061423.279 INFO             PET0 PIOc_freedecomp Enter - MemInfo: [/proc/self/status]	VmLib:	   49028 kB
20220314 061423.279 INFO             PET0 PIOc_freedecomp Enter - MemInfo: [/proc/self/status]	VmPTE:	     724 kB
20220314 061423.279 INFO             PET0 PIOc_freedecomp Enter - MemInfo: [/proc/self/status]	VmPMD:	      12 kB
20220314 061423.279 INFO             PET0 PIOc_freedecomp Enter - MemInfo: [/proc/self/status]	VmSwap:	       0 kB
20220314 061423.279 INFO             PET0 PIOc_freedecomp Enter - MemInfo: [/proc/self/status]	VmRSSPercent: 0.0302197 %
20220314 061423.279 INFO             PET0 PIOc_freedecomp Enter - MemInfo: [malloc] Non-mmapped space allocated:                 3162112 Byte
20220314 061423.279 INFO             PET0 PIOc_freedecomp Enter - MemInfo: [malloc] Space allocated in mmapped regions:          1581056 Byte
20220314 061423.279 INFO             PET0 PIOc_freedecomp Enter - MemInfo: [malloc] Maximum total allocated space:                     0 Byte
20220314 061423.279 INFO             PET0 PIOc_freedecomp Enter - MemInfo: [malloc] Space in freed fastbin blocks:                  2704 Byte
20220314 061423.279 INFO             PET0 PIOc_freedecomp Enter - MemInfo: [malloc] Total allocated space:                       2639248 Byte
20220314 061423.279 INFO             PET0 PIOc_freedecomp Enter - MemInfo: [malloc] Total free space:                             522864 Byte
20220314 061423.279 INFO             PET0 PIOc_freedecomp Enter - MemInfo: [malloc] Top-most, releasable space:                    33536 Byte
20220314 061423.279 INFO             PET0 PIOc_freedecomp Enter - MemInfo: [malloc] Total space in use, mmap + non-mmap:         4220304 Byte
20220314 061423.279 INFO             PET0 PIOc_freedecomp Enter - MemInfo: [malloc] Total space held (mmap + non-mmap):          4743168 Byte
20220314 061423.279 INFO             PET0 PIOc_freedecomp Enter - MemInfo: [malloc] Total space used (mmap + non-mmap):          4229632 Byte
20220314 061423.279 INFO             PET0 PIOc_freedecomp Enter - MemInfo: Wall-clock time since execution start:               0.018279 seconds
20220314 061423.279 INFO             PET0 PIOc_freedecomp Exit - MemInfo: [/proc/meminfo - SSI]	MemTotal:       65507008 kB
20220314 061423.279 INFO             PET0 PIOc_freedecomp Exit - MemInfo: [/proc/meminfo - SSI]	MemFree:        49884256 kB
20220314 061423.279 INFO             PET0 PIOc_freedecomp Exit - MemInfo: [/proc/meminfo - SSI]	MemAvailable:   49647560 kB
20220314 061423.279 INFO             PET0 PIOc_freedecomp Exit - MemInfo: [/proc/meminfo - SSI]	Committed_AS:   12922624 kB
20220314 061423.279 INFO             PET0 PIOc_freedecomp Exit - MemInfo: [/proc/meminfo - SSI]	CommittedPercent: 19.7271 %
20220314 061423.279 INFO             PET0 PIOc_freedecomp Exit - MemInfo: [/proc/self/status]	VmPeak:	  520560 kB
20220314 061423.279 INFO             PET0 PIOc_freedecomp Exit - MemInfo: [/proc/self/status]	VmSize:	  503656 kB
20220314 061423.279 INFO             PET0 PIOc_freedecomp Exit - MemInfo: [/proc/self/status]	VmLck:	       0 kB
20220314 061423.279 INFO             PET0 PIOc_freedecomp Exit - MemInfo: [/proc/self/status]	VmPin:	       0 kB
20220314 061423.279 INFO             PET0 PIOc_freedecomp Exit - MemInfo: [/proc/self/status]	VmHWM:	   61384 kB
20220314 061423.279 INFO             PET0 PIOc_freedecomp Exit - MemInfo: [/proc/self/status]	VmRSS:	   19800 kB
20220314 061423.279 INFO             PET0 PIOc_freedecomp Exit - MemInfo: [/proc/self/status]	VmData:	   15068 kB
20220314 061423.279 INFO             PET0 PIOc_freedecomp Exit - MemInfo: [/proc/self/status]	VmStk:	     148 kB
20220314 061423.280 INFO             PET0 PIOc_freedecomp Exit - MemInfo: [/proc/self/status]	VmExe:	     276 kB
20220314 061423.280 INFO             PET0 PIOc_freedecomp Exit - MemInfo: [/proc/self/status]	VmLib:	   49028 kB
20220314 061423.280 INFO             PET0 PIOc_freedecomp Exit - MemInfo: [/proc/self/status]	VmPTE:	     724 kB
20220314 061423.280 INFO             PET0 PIOc_freedecomp Exit - MemInfo: [/proc/self/status]	VmPMD:	      12 kB
20220314 061423.280 INFO             PET0 PIOc_freedecomp Exit - MemInfo: [/proc/self/status]	VmSwap:	       0 kB
20220314 061423.280 INFO             PET0 PIOc_freedecomp Exit - MemInfo: [/proc/self/status]	VmRSSPercent: 0.0302258 %
20220314 061423.280 INFO             PET0 PIOc_freedecomp Exit - MemInfo: [malloc] Non-mmapped space allocated:                 3162112 Byte
20220314 061423.280 INFO             PET0 PIOc_freedecomp Exit - MemInfo: [malloc] Space allocated in mmapped regions:          1581056 Byte
20220314 061423.280 INFO             PET0 PIOc_freedecomp Exit - MemInfo: [malloc] Maximum total allocated space:                     0 Byte
20220314 061423.280 INFO             PET0 PIOc_freedecomp Exit - MemInfo: [malloc] Space in freed fastbin blocks:                  1536 Byte
20220314 061423.280 INFO             PET0 PIOc_freedecomp Exit - MemInfo: [malloc] Total allocated space:                       2624192 Byte
20220314 061423.280 INFO             PET0 PIOc_freedecomp Exit - MemInfo: [malloc] Total free space:                             537920 Byte
20220314 061423.280 INFO             PET0 PIOc_freedecomp Exit - MemInfo: [malloc] Top-most, releasable space:                    33536 Byte
20220314 061423.280 INFO             PET0 PIOc_freedecomp Exit - MemInfo: [malloc] Total space in use, mmap + non-mmap:         4205248 Byte
20220314 061423.280 INFO             PET0 PIOc_freedecomp Exit - MemInfo: [malloc] Total space held (mmap + non-mmap):          4743168 Byte
20220314 061423.280 INFO             PET0 PIOc_freedecomp Exit - MemInfo: [malloc] Total space used (mmap + non-mmap):          4214576 Byte
20220314 061423.280 INFO             PET0 PIOc_freedecomp Exit - MemInfo: Wall-clock time since execution start:              0.0186324 seconds
20220314 061423.280 INFO             PET0  PASS  Write Fortran array in Field, ESMF_FieldIOUTest.F90, line 219
20220314 061423.280 INFO             PET0  PASS  Create a field from grid and fortran dummy array without halo, ESMF_FieldIOUTest.F90, line 233
20220314 061423.280 INFO             PET0  PASS  Get Farray_w from nohalo field, ESMF_FieldIOUTest.F90, line 244
20220314 061423.289 INFO             PET0 PIOc_sync Enter - MemInfo: [/proc/meminfo - SSI]	MemTotal:       65507008 kB
20220314 061423.289 INFO             PET0 PIOc_sync Enter - MemInfo: [/proc/meminfo - SSI]	MemFree:        49869136 kB
20220314 061423.289 INFO             PET0 PIOc_sync Enter - MemInfo: [/proc/meminfo - SSI]	MemAvailable:   49632440 kB
20220314 061423.289 INFO             PET0 PIOc_sync Enter - MemInfo: [/proc/meminfo - SSI]	Committed_AS:   12939100 kB
20220314 061423.289 INFO             PET0 PIOc_sync Enter - MemInfo: [/proc/meminfo - SSI]	CommittedPercent: 19.7522 %
20220314 061423.289 INFO             PET0 PIOc_sync Enter - MemInfo: [/proc/self/status]	VmPeak:	  520648 kB
20220314 061423.289 INFO             PET0 PIOc_sync Enter - MemInfo: [/proc/self/status]	VmSize:	  520648 kB
20220314 061423.289 INFO             PET0 PIOc_sync Enter - MemInfo: [/proc/self/status]	VmLck:	       0 kB
20220314 061423.289 INFO             PET0 PIOc_sync Enter - MemInfo: [/proc/self/status]	VmPin:	       0 kB
20220314 061423.289 INFO             PET0 PIOc_sync Enter - MemInfo: [/proc/self/status]	VmHWM:	   61384 kB
20220314 061423.289 INFO             PET0 PIOc_sync Enter - MemInfo: [/proc/self/status]	VmRSS:	   36240 kB
20220314 061423.289 INFO             PET0 PIOc_sync Enter - MemInfo: [/proc/self/status]	VmData:	   32060 kB
20220314 061423.289 INFO             PET0 PIOc_sync Enter - MemInfo: [/proc/self/status]	VmStk:	     148 kB
20220314 061423.289 INFO             PET0 PIOc_sync Enter - MemInfo: [/proc/self/status]	VmExe:	     276 kB
20220314 061423.289 INFO             PET0 PIOc_sync Enter - MemInfo: [/proc/self/status]	VmLib:	   49028 kB
20220314 061423.289 INFO             PET0 PIOc_sync Enter - MemInfo: [/proc/self/status]	VmPTE:	     760 kB
20220314 061423.289 INFO             PET0 PIOc_sync Enter - MemInfo: [/proc/self/status]	VmPMD:	      12 kB
20220314 061423.289 INFO             PET0 PIOc_sync Enter - MemInfo: [/proc/self/status]	VmSwap:	       0 kB
20220314 061423.289 INFO             PET0 PIOc_sync Enter - MemInfo: [/proc/self/status]	VmRSSPercent: 0.0553223 %
20220314 061423.289 INFO             PET0 PIOc_sync Enter - MemInfo: [malloc] Non-mmapped space allocated:                20561920 Byte
20220314 061423.289 INFO             PET0 PIOc_sync Enter - MemInfo: [malloc] Space allocated in mmapped regions:          1581056 Byte
20220314 061423.289 INFO             PET0 PIOc_sync Enter - MemInfo: [malloc] Maximum total allocated space:                     0 Byte
20220314 061423.289 INFO             PET0 PIOc_sync Enter - MemInfo: [malloc] Space in freed fastbin blocks:                  1536 Byte
20220314 061423.289 INFO             PET0 PIOc_sync Enter - MemInfo: [malloc] Total allocated space:                      19948560 Byte
20220314 061423.289 INFO             PET0 PIOc_sync Enter - MemInfo: [malloc] Total free space:                             613360 Byte
20220314 061423.289 INFO             PET0 PIOc_sync Enter - MemInfo: [malloc] Top-most, releasable space:                   131808 Byte
20220314 061423.289 INFO             PET0 PIOc_sync Enter - MemInfo: [malloc] Total space in use, mmap + non-mmap:        21529616 Byte
20220314 061423.289 INFO             PET0 PIOc_sync Enter - MemInfo: [malloc] Total space held (mmap + non-mmap):         22142976 Byte
20220314 061423.289 INFO             PET0 PIOc_sync Enter - MemInfo: [malloc] Total space used (mmap + non-mmap):         21538944 Byte
20220314 061423.289 INFO             PET0 PIOc_sync Enter - MemInfo: Wall-clock time since execution start:              0.0281858 seconds
20220314 061423.289 INFO             PET0 PIOc_sync Exit - MemInfo: [/proc/meminfo - SSI]	MemTotal:       65507008 kB
20220314 061423.289 INFO             PET0 PIOc_sync Exit - MemInfo: [/proc/meminfo - SSI]	MemFree:        49869136 kB
20220314 061423.289 INFO             PET0 PIOc_sync Exit - MemInfo: [/proc/meminfo - SSI]	MemAvailable:   49632440 kB
20220314 061423.289 INFO             PET0 PIOc_sync Exit - MemInfo: [/proc/meminfo - SSI]	Committed_AS:   12939100 kB
20220314 061423.289 INFO             PET0 PIOc_sync Exit - MemInfo: [/proc/meminfo - SSI]	CommittedPercent: 19.7522 %
20220314 061423.289 INFO             PET0 PIOc_sync Exit - MemInfo: [/proc/self/status]	VmPeak:	  520648 kB
20220314 061423.289 INFO             PET0 PIOc_sync Exit - MemInfo: [/proc/self/status]	VmSize:	  520648 kB
20220314 061423.289 INFO             PET0 PIOc_sync Exit - MemInfo: [/proc/self/status]	VmLck:	       0 kB
20220314 061423.289 INFO             PET0 PIOc_sync Exit - MemInfo: [/proc/self/status]	VmPin:	       0 kB
20220314 061423.289 INFO             PET0 PIOc_sync Exit - MemInfo: [/proc/self/status]	VmHWM:	   61384 kB
20220314 061423.290 INFO             PET0 PIOc_sync Exit - MemInfo: [/proc/self/status]	VmRSS:	   36240 kB
20220314 061423.290 INFO             PET0 PIOc_sync Exit - MemInfo: [/proc/self/status]	VmData:	   32060 kB
20220314 061423.290 INFO             PET0 PIOc_sync Exit - MemInfo: [/proc/self/status]	VmStk:	     148 kB
20220314 061423.290 INFO             PET0 PIOc_sync Exit - MemInfo: [/proc/self/status]	VmExe:	     276 kB
20220314 061423.290 INFO             PET0 PIOc_sync Exit - MemInfo: [/proc/self/status]	VmLib:	   49028 kB
20220314 061423.290 INFO             PET0 PIOc_sync Exit - MemInfo: [/proc/self/status]	VmPTE:	     760 kB
20220314 061423.290 INFO             PET0 PIOc_sync Exit - MemInfo: [/proc/self/status]	VmPMD:	      12 kB
20220314 061423.290 INFO             PET0 PIOc_sync Exit - MemInfo: [/proc/self/status]	VmSwap:	       0 kB
20220314 061423.290 INFO             PET0 PIOc_sync Exit - MemInfo: [/proc/self/status]	VmRSSPercent: 0.0553223 %
20220314 061423.290 INFO             PET0 PIOc_sync Exit - MemInfo: [malloc] Non-mmapped space allocated:                20561920 Byte
20220314 061423.290 INFO             PET0 PIOc_sync Exit - MemInfo: [malloc] Space allocated in mmapped regions:          1581056 Byte
20220314 061423.290 INFO             PET0 PIOc_sync Exit - MemInfo: [malloc] Maximum total allocated space:                     0 Byte
20220314 061423.290 INFO             PET0 PIOc_sync Exit - MemInfo: [malloc] Space in freed fastbin blocks:                  1712 Byte
20220314 061423.290 INFO             PET0 PIOc_sync Exit - MemInfo: [malloc] Total allocated space:                      19956896 Byte
20220314 061423.290 INFO             PET0 PIOc_sync Exit - MemInfo: [malloc] Total free space:                             605024 Byte
20220314 061423.290 INFO             PET0 PIOc_sync Exit - MemInfo: [malloc] Top-most, releasable space:                   131808 Byte
20220314 061423.290 INFO             PET0 PIOc_sync Exit - MemInfo: [malloc] Total space in use, mmap + non-mmap:        21537952 Byte
20220314 061423.290 INFO             PET0 PIOc_sync Exit - MemInfo: [malloc] Total space held (mmap + non-mmap):         22142976 Byte
20220314 061423.290 INFO             PET0 PIOc_sync Exit - MemInfo: [malloc] Total space used (mmap + non-mmap):         21547280 Byte
20220314 061423.290 INFO             PET0 PIOc_sync Exit - MemInfo: Wall-clock time since execution start:              0.0286681 seconds
20220314 061423.290 INFO             PET0 PIOc_freedecomp Enter - MemInfo: [/proc/meminfo - SSI]	MemTotal:       65507008 kB
20220314 061423.290 INFO             PET0 PIOc_freedecomp Enter - MemInfo: [/proc/meminfo - SSI]	MemFree:        49869136 kB
20220314 061423.290 INFO             PET0 PIOc_freedecomp Enter - MemInfo: [/proc/meminfo - SSI]	MemAvailable:   49632440 kB
20220314 061423.290 INFO             PET0 PIOc_freedecomp Enter - MemInfo: [/proc/meminfo - SSI]	Committed_AS:   12939100 kB
20220314 061423.290 INFO             PET0 PIOc_freedecomp Enter - MemInfo: [/proc/meminfo - SSI]	CommittedPercent: 19.7522 %
20220314 061423.290 INFO             PET0 PIOc_freedecomp Enter - MemInfo: [/proc/self/status]	VmPeak:	  520648 kB
20220314 061423.290 INFO             PET0 PIOc_freedecomp Enter - MemInfo: [/proc/self/status]	VmSize:	  520648 kB
20220314 061423.290 INFO             PET0 PIOc_freedecomp Enter - MemInfo: [/proc/self/status]	VmLck:	       0 kB
20220314 061423.290 INFO             PET0 PIOc_freedecomp Enter - MemInfo: [/proc/self/status]	VmPin:	       0 kB
20220314 061423.290 INFO             PET0 PIOc_freedecomp Enter - MemInfo: [/proc/self/status]	VmHWM:	   61384 kB
20220314 061423.290 INFO             PET0 PIOc_freedecomp Enter - MemInfo: [/proc/self/status]	VmRSS:	   36240 kB
20220314 061423.290 INFO             PET0 PIOc_freedecomp Enter - MemInfo: [/proc/self/status]	VmData:	   32060 kB
20220314 061423.290 INFO             PET0 PIOc_freedecomp Enter - MemInfo: [/proc/self/status]	VmStk:	     148 kB
20220314 061423.290 INFO             PET0 PIOc_freedecomp Enter - MemInfo: [/proc/self/status]	VmExe:	     276 kB
20220314 061423.290 INFO             PET0 PIOc_freedecomp Enter - MemInfo: [/proc/self/status]	VmLib:	   49028 kB
20220314 061423.290 INFO             PET0 PIOc_freedecomp Enter - MemInfo: [/proc/self/status]	VmPTE:	     760 kB
20220314 061423.290 INFO             PET0 PIOc_freedecomp Enter - MemInfo: [/proc/self/status]	VmPMD:	      12 kB
20220314 061423.290 INFO             PET0 PIOc_freedecomp Enter - MemInfo: [/proc/self/status]	VmSwap:	       0 kB
20220314 061423.290 INFO             PET0 PIOc_freedecomp Enter - MemInfo: [/proc/self/status]	VmRSSPercent: 0.0553223 %
20220314 061423.290 INFO             PET0 PIOc_freedecomp Enter - MemInfo: [malloc] Non-mmapped space allocated:                20561920 Byte
20220314 061423.290 INFO             PET0 PIOc_freedecomp Enter - MemInfo: [malloc] Space allocated in mmapped regions:          1581056 Byte
20220314 061423.290 INFO             PET0 PIOc_freedecomp Enter - MemInfo: [malloc] Maximum total allocated space:                     0 Byte
20220314 061423.290 INFO             PET0 PIOc_freedecomp Enter - MemInfo: [malloc] Space in freed fastbin blocks:                  1696 Byte
20220314 061423.290 INFO             PET0 PIOc_freedecomp Enter - MemInfo: [malloc] Total allocated space:                       2642096 Byte
20220314 061423.290 INFO             PET0 PIOc_freedecomp Enter - MemInfo: [malloc] Total free space:                           17919824 Byte
20220314 061423.290 INFO             PET0 PIOc_freedecomp Enter - MemInfo: [malloc] Top-most, releasable space:                 17433344 Byte
20220314 061423.290 INFO             PET0 PIOc_freedecomp Enter - MemInfo: [malloc] Total space in use, mmap + non-mmap:         4223152 Byte
20220314 061423.290 INFO             PET0 PIOc_freedecomp Enter - MemInfo: [malloc] Total space held (mmap + non-mmap):         22142976 Byte
20220314 061423.290 INFO             PET0 PIOc_freedecomp Enter - MemInfo: [malloc] Total space used (mmap + non-mmap):          4232480 Byte
20220314 061423.290 INFO             PET0 PIOc_freedecomp Enter - MemInfo: Wall-clock time since execution start:              0.0290407 seconds
20220314 061423.290 INFO             PET0 PIOc_freedecomp Exit - MemInfo: [/proc/meminfo - SSI]	MemTotal:       65507008 kB
20220314 061423.290 INFO             PET0 PIOc_freedecomp Exit - MemInfo: [/proc/meminfo - SSI]	MemFree:        49869136 kB
20220314 061423.290 INFO             PET0 PIOc_freedecomp Exit - MemInfo: [/proc/meminfo - SSI]	MemAvailable:   49632440 kB
20220314 061423.290 INFO             PET0 PIOc_freedecomp Exit - MemInfo: [/proc/meminfo - SSI]	Committed_AS:   12939100 kB
20220314 061423.290 INFO             PET0 PIOc_freedecomp Exit - MemInfo: [/proc/meminfo - SSI]	CommittedPercent: 19.7522 %
20220314 061423.290 INFO             PET0 PIOc_freedecomp Exit - MemInfo: [/proc/self/status]	VmPeak:	  520648 kB
20220314 061423.290 INFO             PET0 PIOc_freedecomp Exit - MemInfo: [/proc/self/status]	VmSize:	  520648 kB
20220314 061423.290 INFO             PET0 PIOc_freedecomp Exit - MemInfo: [/proc/self/status]	VmLck:	       0 kB
20220314 061423.290 INFO             PET0 PIOc_freedecomp Exit - MemInfo: [/proc/self/status]	VmPin:	       0 kB
20220314 061423.290 INFO             PET0 PIOc_freedecomp Exit - MemInfo: [/proc/self/status]	VmHWM:	   61384 kB
20220314 061423.290 INFO             PET0 PIOc_freedecomp Exit - MemInfo: [/proc/self/status]	VmRSS:	   36240 kB
20220314 061423.290 INFO             PET0 PIOc_freedecomp Exit - MemInfo: [/proc/self/status]	VmData:	   32060 kB
20220314 061423.290 INFO             PET0 PIOc_freedecomp Exit - MemInfo: [/proc/self/status]	VmStk:	     148 kB
20220314 061423.290 INFO             PET0 PIOc_freedecomp Exit - MemInfo: [/proc/self/status]	VmExe:	     276 kB
20220314 061423.290 INFO             PET0 PIOc_freedecomp Exit - MemInfo: [/proc/self/status]	VmLib:	   49028 kB
20220314 061423.290 INFO             PET0 PIOc_freedecomp Exit - MemInfo: [/proc/self/status]	VmPTE:	     760 kB
20220314 061423.290 INFO             PET0 PIOc_freedecomp Exit - MemInfo: [/proc/self/status]	VmPMD:	      12 kB
20220314 061423.290 INFO             PET0 PIOc_freedecomp Exit - MemInfo: [/proc/self/status]	VmSwap:	       0 kB
20220314 061423.290 INFO             PET0 PIOc_freedecomp Exit - MemInfo: [/proc/self/status]	VmRSSPercent: 0.0553223 %
20220314 061423.290 INFO             PET0 PIOc_freedecomp Exit - MemInfo: [malloc] Non-mmapped space allocated:                20561920 Byte
20220314 061423.290 INFO             PET0 PIOc_freedecomp Exit - MemInfo: [malloc] Space allocated in mmapped regions:          1581056 Byte
20220314 061423.290 INFO             PET0 PIOc_freedecomp Exit - MemInfo: [malloc] Maximum total allocated space:                     0 Byte
20220314 061423.290 INFO             PET0 PIOc_freedecomp Exit - MemInfo: [malloc] Space in freed fastbin blocks:                  1696 Byte
20220314 061423.290 INFO             PET0 PIOc_freedecomp Exit - MemInfo: [malloc] Total allocated space:                       2629152 Byte
20220314 061423.290 INFO             PET0 PIOc_freedecomp Exit - MemInfo: [malloc] Total free space:                           17932768 Byte
20220314 061423.290 INFO             PET0 PIOc_freedecomp Exit - MemInfo: [malloc] Top-most, releasable space:                 17433344 Byte
20220314 061423.290 INFO             PET0 PIOc_freedecomp Exit - MemInfo: [malloc] Total space in use, mmap + non-mmap:         4210208 Byte
20220314 061423.290 INFO             PET0 PIOc_freedecomp Exit - MemInfo: [malloc] Total space held (mmap + non-mmap):         22142976 Byte
20220314 061423.290 INFO             PET0 PIOc_freedecomp Exit - MemInfo: [malloc] Total space used (mmap + non-mmap):          4219536 Byte
20220314 061423.290 INFO             PET0 PIOc_freedecomp Exit - MemInfo: Wall-clock time since execution start:              0.0293827 seconds
20220314 061423.290 INFO             PET0  PASS  Write Fortran array in nohalo Field, ESMF_FieldIOUTest.F90, line 268
20220314 061423.291 INFO             PET0  PASS  Create a field from grid and fortran dummy array without halo, ESMF_FieldIOUTest.F90, line 281
20220314 061423.292 INFO             PET0 PIOc_sync Enter - MemInfo: [/proc/meminfo - SSI]	MemTotal:       65507008 kB
20220314 061423.292 INFO             PET0 PIOc_sync Enter - MemInfo: [/proc/meminfo - SSI]	MemFree:        49868632 kB
20220314 061423.292 INFO             PET0 PIOc_sync Enter - MemInfo: [/proc/meminfo - SSI]	MemAvailable:   49631936 kB
20220314 061423.292 INFO             PET0 PIOc_sync Enter - MemInfo: [/proc/meminfo - SSI]	Committed_AS:   12939100 kB
20220314 061423.292 INFO             PET0 PIOc_sync Enter - MemInfo: [/proc/meminfo - SSI]	CommittedPercent: 19.7522 %
20220314 061423.292 INFO             PET0 PIOc_sync Enter - MemInfo: [/proc/self/status]	VmPeak:	  520648 kB
20220314 061423.292 INFO             PET0 PIOc_sync Enter - MemInfo: [/proc/self/status]	VmSize:	  520648 kB
20220314 061423.292 INFO             PET0 PIOc_sync Enter - MemInfo: [/proc/self/status]	VmLck:	       0 kB
20220314 061423.292 INFO             PET0 PIOc_sync Enter - MemInfo: [/proc/self/status]	VmPin:	       0 kB
20220314 061423.292 INFO             PET0 PIOc_sync Enter - MemInfo: [/proc/self/status]	VmHWM:	   61384 kB
20220314 061423.292 INFO             PET0 PIOc_sync Enter - MemInfo: [/proc/self/status]	VmRSS:	   36712 kB
20220314 061423.292 INFO             PET0 PIOc_sync Enter - MemInfo: [/proc/self/status]	VmData:	   32060 kB
20220314 061423.292 INFO             PET0 PIOc_sync Enter - MemInfo: [/proc/self/status]	VmStk:	     148 kB
20220314 061423.292 INFO             PET0 PIOc_sync Enter - MemInfo: [/proc/self/status]	VmExe:	     276 kB
20220314 061423.292 INFO             PET0 PIOc_sync Enter - MemInfo: [/proc/self/status]	VmLib:	   49028 kB
20220314 061423.292 INFO             PET0 PIOc_sync Enter - MemInfo: [/proc/self/status]	VmPTE:	     760 kB
20220314 061423.292 INFO             PET0 PIOc_sync Enter - MemInfo: [/proc/self/status]	VmPMD:	      12 kB
20220314 061423.292 INFO             PET0 PIOc_sync Enter - MemInfo: [/proc/self/status]	VmSwap:	       0 kB
20220314 061423.292 INFO             PET0 PIOc_sync Enter - MemInfo: [/proc/self/status]	VmRSSPercent: 0.0560429 %
20220314 061423.292 INFO             PET0 PIOc_sync Enter - MemInfo: [malloc] Non-mmapped space allocated:                20561920 Byte
20220314 061423.292 INFO             PET0 PIOc_sync Enter - MemInfo: [malloc] Space allocated in mmapped regions:          1581056 Byte
20220314 061423.292 INFO             PET0 PIOc_sync Enter - MemInfo: [malloc] Maximum total allocated space:                     0 Byte
20220314 061423.292 INFO             PET0 PIOc_sync Enter - MemInfo: [malloc] Space in freed fastbin blocks:                  1536 Byte
20220314 061423.292 INFO             PET0 PIOc_sync Enter - MemInfo: [malloc] Total allocated space:                      19954256 Byte
20220314 061423.292 INFO             PET0 PIOc_sync Enter - MemInfo: [malloc] Total free space:                             607664 Byte
20220314 061423.292 INFO             PET0 PIOc_sync Enter - MemInfo: [malloc] Top-most, releasable space:                   131808 Byte
20220314 061423.292 INFO             PET0 PIOc_sync Enter - MemInfo: [malloc] Total space in use, mmap + non-mmap:        21535312 Byte
20220314 061423.292 INFO             PET0 PIOc_sync Enter - MemInfo: [malloc] Total space held (mmap + non-mmap):         22142976 Byte
20220314 061423.293 INFO             PET0 PIOc_sync Enter - MemInfo: [malloc] Total space used (mmap + non-mmap):         21544640 Byte
20220314 061423.293 INFO             PET0 PIOc_sync Enter - MemInfo: Wall-clock time since execution start:              0.0314815 seconds
20220314 061423.293 INFO             PET0 PIOc_sync Exit - MemInfo: [/proc/meminfo - SSI]	MemTotal:       65507008 kB
20220314 061423.293 INFO             PET0 PIOc_sync Exit - MemInfo: [/proc/meminfo - SSI]	MemFree:        49868632 kB
20220314 061423.293 INFO             PET0 PIOc_sync Exit - MemInfo: [/proc/meminfo - SSI]	MemAvailable:   49631936 kB
20220314 061423.293 INFO             PET0 PIOc_sync Exit - MemInfo: [/proc/meminfo - SSI]	Committed_AS:   12939100 kB
20220314 061423.293 INFO             PET0 PIOc_sync Exit - MemInfo: [/proc/meminfo - SSI]	CommittedPercent: 19.7522 %
20220314 061423.293 INFO             PET0 PIOc_sync Exit - MemInfo: [/proc/self/status]	VmPeak:	  520648 kB
20220314 061423.293 INFO             PET0 PIOc_sync Exit - MemInfo: [/proc/self/status]	VmSize:	  520648 kB
20220314 061423.293 INFO             PET0 PIOc_sync Exit - MemInfo: [/proc/self/status]	VmLck:	       0 kB
20220314 061423.293 INFO             PET0 PIOc_sync Exit - MemInfo: [/proc/self/status]	VmPin:	       0 kB
20220314 061423.293 INFO             PET0 PIOc_sync Exit - MemInfo: [/proc/self/status]	VmHWM:	   61384 kB
20220314 061423.293 INFO             PET0 PIOc_sync Exit - MemInfo: [/proc/self/status]	VmRSS:	   36712 kB
20220314 061423.293 INFO             PET0 PIOc_sync Exit - MemInfo: [/proc/self/status]	VmData:	   32060 kB
20220314 061423.293 INFO             PET0 PIOc_sync Exit - MemInfo: [/proc/self/status]	VmStk:	     148 kB
20220314 061423.293 INFO             PET0 PIOc_sync Exit - MemInfo: [/proc/self/status]	VmExe:	     276 kB
20220314 061423.293 INFO             PET0 PIOc_sync Exit - MemInfo: [/proc/self/status]	VmLib:	   49028 kB
20220314 061423.293 INFO             PET0 PIOc_sync Exit - MemInfo: [/proc/self/status]	VmPTE:	     760 kB
20220314 061423.293 INFO             PET0 PIOc_sync Exit - MemInfo: [/proc/self/status]	VmPMD:	      12 kB
20220314 061423.293 INFO             PET0 PIOc_sync Exit - MemInfo: [/proc/self/status]	VmSwap:	       0 kB
20220314 061423.293 INFO             PET0 PIOc_sync Exit - MemInfo: [/proc/self/status]	VmRSSPercent: 0.0560429 %
20220314 061423.293 INFO             PET0 PIOc_sync Exit - MemInfo: [malloc] Non-mmapped space allocated:                20561920 Byte
20220314 061423.293 INFO             PET0 PIOc_sync Exit - MemInfo: [malloc] Space allocated in mmapped regions:          1581056 Byte
20220314 061423.293 INFO             PET0 PIOc_sync Exit - MemInfo: [malloc] Maximum total allocated space:                     0 Byte
20220314 061423.293 INFO             PET0 PIOc_sync Exit - MemInfo: [malloc] Space in freed fastbin blocks:                  1504 Byte
20220314 061423.293 INFO             PET0 PIOc_sync Exit - MemInfo: [malloc] Total allocated space:                      19963744 Byte
20220314 061423.293 INFO             PET0 PIOc_sync Exit - MemInfo: [malloc] Total free space:                             598176 Byte
20220314 061423.293 INFO             PET0 PIOc_sync Exit - MemInfo: [malloc] Top-most, releasable space:                   131808 Byte
20220314 061423.293 INFO             PET0 PIOc_sync Exit - MemInfo: [malloc] Total space in use, mmap + non-mmap:        21544800 Byte
20220314 061423.293 INFO             PET0 PIOc_sync Exit - MemInfo: [malloc] Total space held (mmap + non-mmap):         22142976 Byte
20220314 061423.293 INFO             PET0 PIOc_sync Exit - MemInfo: [malloc] Total space used (mmap + non-mmap):         21554128 Byte
20220314 061423.293 INFO             PET0 PIOc_sync Exit - MemInfo: Wall-clock time since execution start:              0.0319606 seconds
20220314 061423.293 INFO             PET0 PIOc_freedecomp Enter - MemInfo: [/proc/meminfo - SSI]	MemTotal:       65507008 kB
20220314 061423.293 INFO             PET0 PIOc_freedecomp Enter - MemInfo: [/proc/meminfo - SSI]	MemFree:        49868128 kB
20220314 061423.293 INFO             PET0 PIOc_freedecomp Enter - MemInfo: [/proc/meminfo - SSI]	MemAvailable:   49631432 kB
20220314 061423.293 INFO             PET0 PIOc_freedecomp Enter - MemInfo: [/proc/meminfo - SSI]	Committed_AS:   12939100 kB
20220314 061423.293 INFO             PET0 PIOc_freedecomp Enter - MemInfo: [/proc/meminfo - SSI]	CommittedPercent: 19.7522 %
20220314 061423.293 INFO             PET0 PIOc_freedecomp Enter - MemInfo: [/proc/self/status]	VmPeak:	  520648 kB
20220314 061423.293 INFO             PET0 PIOc_freedecomp Enter - MemInfo: [/proc/self/status]	VmSize:	  520648 kB
20220314 061423.293 INFO             PET0 PIOc_freedecomp Enter - MemInfo: [/proc/self/status]	VmLck:	       0 kB
20220314 061423.293 INFO             PET0 PIOc_freedecomp Enter - MemInfo: [/proc/self/status]	VmPin:	       0 kB
20220314 061423.293 INFO             PET0 PIOc_freedecomp Enter - MemInfo: [/proc/self/status]	VmHWM:	   61384 kB
20220314 061423.293 INFO             PET0 PIOc_freedecomp Enter - MemInfo: [/proc/self/status]	VmRSS:	   36712 kB
20220314 061423.293 INFO             PET0 PIOc_freedecomp Enter - MemInfo: [/proc/self/status]	VmData:	   32060 kB
20220314 061423.293 INFO             PET0 PIOc_freedecomp Enter - MemInfo: [/proc/self/status]	VmStk:	     148 kB
20220314 061423.293 INFO             PET0 PIOc_freedecomp Enter - MemInfo: [/proc/self/status]	VmExe:	     276 kB
20220314 061423.293 INFO             PET0 PIOc_freedecomp Enter - MemInfo: [/proc/self/status]	VmLib:	   49028 kB
20220314 061423.293 INFO             PET0 PIOc_freedecomp Enter - MemInfo: [/proc/self/status]	VmPTE:	     760 kB
20220314 061423.293 INFO             PET0 PIOc_freedecomp Enter - MemInfo: [/proc/self/status]	VmPMD:	      12 kB
20220314 061423.293 INFO             PET0 PIOc_freedecomp Enter - MemInfo: [/proc/self/status]	VmSwap:	       0 kB
20220314 061423.293 INFO             PET0 PIOc_freedecomp Enter - MemInfo: [/proc/self/status]	VmRSSPercent: 0.0560429 %
20220314 061423.293 INFO             PET0 PIOc_freedecomp Enter - MemInfo: [malloc] Non-mmapped space allocated:                20561920 Byte
20220314 061423.293 INFO             PET0 PIOc_freedecomp Enter - MemInfo: [malloc] Space allocated in mmapped regions:          1581056 Byte
20220314 061423.293 INFO             PET0 PIOc_freedecomp Enter - MemInfo: [malloc] Maximum total allocated space:                     0 Byte
20220314 061423.293 INFO             PET0 PIOc_freedecomp Enter - MemInfo: [malloc] Space in freed fastbin blocks:                  2000 Byte
20220314 061423.293 INFO             PET0 PIOc_freedecomp Enter - MemInfo: [malloc] Total allocated space:                       2648928 Byte
20220314 061423.293 INFO             PET0 PIOc_freedecomp Enter - MemInfo: [malloc] Total free space:                           17912992 Byte
20220314 061423.293 INFO             PET0 PIOc_freedecomp Enter - MemInfo: [malloc] Top-most, releasable space:                 17433344 Byte
20220314 061423.293 INFO             PET0 PIOc_freedecomp Enter - MemInfo: [malloc] Total space in use, mmap + non-mmap:         4229984 Byte
20220314 061423.293 INFO             PET0 PIOc_freedecomp Enter - MemInfo: [malloc] Total space held (mmap + non-mmap):         22142976 Byte
20220314 061423.293 INFO             PET0 PIOc_freedecomp Enter - MemInfo: [malloc] Total space used (mmap + non-mmap):          4239312 Byte
20220314 061423.293 INFO             PET0 PIOc_freedecomp Enter - MemInfo: Wall-clock time since execution start:              0.0323341 seconds
20220314 061423.293 INFO             PET0 PIOc_freedecomp Exit - MemInfo: [/proc/meminfo - SSI]	MemTotal:       65507008 kB
20220314 061423.293 INFO             PET0 PIOc_freedecomp Exit - MemInfo: [/proc/meminfo - SSI]	MemFree:        49868128 kB
20220314 061423.293 INFO             PET0 PIOc_freedecomp Exit - MemInfo: [/proc/meminfo - SSI]	MemAvailable:   49631432 kB
20220314 061423.293 INFO             PET0 PIOc_freedecomp Exit - MemInfo: [/proc/meminfo - SSI]	Committed_AS:   12939100 kB
20220314 061423.293 INFO             PET0 PIOc_freedecomp Exit - MemInfo: [/proc/meminfo - SSI]	CommittedPercent: 19.7522 %
20220314 061423.293 INFO             PET0 PIOc_freedecomp Exit - MemInfo: [/proc/self/status]	VmPeak:	  520648 kB
20220314 061423.293 INFO             PET0 PIOc_freedecomp Exit - MemInfo: [/proc/self/status]	VmSize:	  520648 kB
20220314 061423.293 INFO             PET0 PIOc_freedecomp Exit - MemInfo: [/proc/self/status]	VmLck:	       0 kB
20220314 061423.294 INFO             PET0 PIOc_freedecomp Exit - MemInfo: [/proc/self/status]	VmPin:	       0 kB
20220314 061423.294 INFO             PET0 PIOc_freedecomp Exit - MemInfo: [/proc/self/status]	VmHWM:	   61384 kB
20220314 061423.294 INFO             PET0 PIOc_freedecomp Exit - MemInfo: [/proc/self/status]	VmRSS:	   36712 kB
20220314 061423.294 INFO             PET0 PIOc_freedecomp Exit - MemInfo: [/proc/self/status]	VmData:	   32060 kB
20220314 061423.294 INFO             PET0 PIOc_freedecomp Exit - MemInfo: [/proc/self/status]	VmStk:	     148 kB
20220314 061423.294 INFO             PET0 PIOc_freedecomp Exit - MemInfo: [/proc/self/status]	VmExe:	     276 kB
20220314 061423.294 INFO             PET0 PIOc_freedecomp Exit - MemInfo: [/proc/self/status]	VmLib:	   49028 kB
20220314 061423.294 INFO             PET0 PIOc_freedecomp Exit - MemInfo: [/proc/self/status]	VmPTE:	     760 kB
20220314 061423.294 INFO             PET0 PIOc_freedecomp Exit - MemInfo: [/proc/self/status]	VmPMD:	      12 kB
20220314 061423.294 INFO             PET0 PIOc_freedecomp Exit - MemInfo: [/proc/self/status]	VmSwap:	       0 kB
20220314 061423.294 INFO             PET0 PIOc_freedecomp Exit - MemInfo: [/proc/self/status]	VmRSSPercent: 0.0560429 %
20220314 061423.294 INFO             PET0 PIOc_freedecomp Exit - MemInfo: [malloc] Non-mmapped space allocated:                20561920 Byte
20220314 061423.294 INFO             PET0 PIOc_freedecomp Exit - MemInfo: [malloc] Space allocated in mmapped regions:          1581056 Byte
20220314 061423.294 INFO             PET0 PIOc_freedecomp Exit - MemInfo: [malloc] Maximum total allocated space:                     0 Byte
20220314 061423.294 INFO             PET0 PIOc_freedecomp Exit - MemInfo: [malloc] Space in freed fastbin blocks:                  1536 Byte
20220314 061423.294 INFO             PET0 PIOc_freedecomp Exit - MemInfo: [malloc] Total allocated space:                       2633872 Byte
20220314 061423.294 INFO             PET0 PIOc_freedecomp Exit - MemInfo: [malloc] Total free space:                           17928048 Byte
20220314 061423.294 INFO             PET0 PIOc_freedecomp Exit - MemInfo: [malloc] Top-most, releasable space:                 17433344 Byte
20220314 061423.294 INFO             PET0 PIOc_freedecomp Exit - MemInfo: [malloc] Total space in use, mmap + non-mmap:         4214928 Byte
20220314 061423.294 INFO             PET0 PIOc_freedecomp Exit - MemInfo: [malloc] Total space held (mmap + non-mmap):         22142976 Byte
20220314 061423.294 INFO             PET0 PIOc_freedecomp Exit - MemInfo: [malloc] Total space used (mmap + non-mmap):          4224256 Byte
20220314 061423.294 INFO             PET0 PIOc_freedecomp Exit - MemInfo: Wall-clock time since execution start:              0.0326742 seconds
20220314 061423.295 INFO             PET0 PIOc_sync Enter - MemInfo: [/proc/meminfo - SSI]	MemTotal:       65507008 kB
20220314 061423.295 INFO             PET0 PIOc_sync Enter - MemInfo: [/proc/meminfo - SSI]	MemFree:        49867624 kB
20220314 061423.295 INFO             PET0 PIOc_sync Enter - MemInfo: [/proc/meminfo - SSI]	MemAvailable:   49630928 kB
20220314 061423.295 INFO             PET0 PIOc_sync Enter - MemInfo: [/proc/meminfo - SSI]	Committed_AS:   12939100 kB
20220314 061423.295 INFO             PET0 PIOc_sync Enter - MemInfo: [/proc/meminfo - SSI]	CommittedPercent: 19.7522 %
20220314 061423.295 INFO             PET0 PIOc_sync Enter - MemInfo: [/proc/self/status]	VmPeak:	  528836 kB
20220314 061423.295 INFO             PET0 PIOc_sync Enter - MemInfo: [/proc/self/status]	VmSize:	  520648 kB
20220314 061423.295 INFO             PET0 PIOc_sync Enter - MemInfo: [/proc/self/status]	VmLck:	       0 kB
20220314 061423.295 INFO             PET0 PIOc_sync Enter - MemInfo: [/proc/self/status]	VmPin:	       0 kB
20220314 061423.295 INFO             PET0 PIOc_sync Enter - MemInfo: [/proc/self/status]	VmHWM:	   61384 kB
20220314 061423.295 INFO             PET0 PIOc_sync Enter - MemInfo: [/proc/self/status]	VmRSS:	   36736 kB
20220314 061423.295 INFO             PET0 PIOc_sync Enter - MemInfo: [/proc/self/status]	VmData:	   32060 kB
20220314 061423.295 INFO             PET0 PIOc_sync Enter - MemInfo: [/proc/self/status]	VmStk:	     148 kB
20220314 061423.295 INFO             PET0 PIOc_sync Enter - MemInfo: [/proc/self/status]	VmExe:	     276 kB
20220314 061423.295 INFO             PET0 PIOc_sync Enter - MemInfo: [/proc/self/status]	VmLib:	   49028 kB
20220314 061423.295 INFO             PET0 PIOc_sync Enter - MemInfo: [/proc/self/status]	VmPTE:	     764 kB
20220314 061423.295 INFO             PET0 PIOc_sync Enter - MemInfo: [/proc/self/status]	VmPMD:	      12 kB
20220314 061423.295 INFO             PET0 PIOc_sync Enter - MemInfo: [/proc/self/status]	VmSwap:	       0 kB
20220314 061423.295 INFO             PET0 PIOc_sync Enter - MemInfo: [/proc/self/status]	VmRSSPercent: 0.0560795 %
20220314 061423.295 INFO             PET0 PIOc_sync Enter - MemInfo: [malloc] Non-mmapped space allocated:                20561920 Byte
20220314 061423.295 INFO             PET0 PIOc_sync Enter - MemInfo: [malloc] Space allocated in mmapped regions:          1581056 Byte
20220314 061423.295 INFO             PET0 PIOc_sync Enter - MemInfo: [malloc] Maximum total allocated space:                     0 Byte
20220314 061423.295 INFO             PET0 PIOc_sync Enter - MemInfo: [malloc] Space in freed fastbin blocks:                  2224 Byte
20220314 061423.295 INFO             PET0 PIOc_sync Enter - MemInfo: [malloc] Total allocated space:                      19954016 Byte
20220314 061423.295 INFO             PET0 PIOc_sync Enter - MemInfo: [malloc] Total free space:                             607904 Byte
20220314 061423.295 INFO             PET0 PIOc_sync Enter - MemInfo: [malloc] Top-most, releasable space:                   131808 Byte
20220314 061423.295 INFO             PET0 PIOc_sync Enter - MemInfo: [malloc] Total space in use, mmap + non-mmap:        21535072 Byte
20220314 061423.295 INFO             PET0 PIOc_sync Enter - MemInfo: [malloc] Total space held (mmap + non-mmap):         22142976 Byte
20220314 061423.295 INFO             PET0 PIOc_sync Enter - MemInfo: [malloc] Total space used (mmap + non-mmap):         21544400 Byte
20220314 061423.295 INFO             PET0 PIOc_sync Enter - MemInfo: Wall-clock time since execution start:              0.0340665 seconds
20220314 061423.295 INFO             PET0 PIOc_sync Exit - MemInfo: [/proc/meminfo - SSI]	MemTotal:       65507008 kB
20220314 061423.295 INFO             PET0 PIOc_sync Exit - MemInfo: [/proc/meminfo - SSI]	MemFree:        49867624 kB
20220314 061423.295 INFO             PET0 PIOc_sync Exit - MemInfo: [/proc/meminfo - SSI]	MemAvailable:   49630928 kB
20220314 061423.295 INFO             PET0 PIOc_sync Exit - MemInfo: [/proc/meminfo - SSI]	Committed_AS:   12939100 kB
20220314 061423.295 INFO             PET0 PIOc_sync Exit - MemInfo: [/proc/meminfo - SSI]	CommittedPercent: 19.7522 %
20220314 061423.295 INFO             PET0 PIOc_sync Exit - MemInfo: [/proc/self/status]	VmPeak:	  528836 kB
20220314 061423.295 INFO             PET0 PIOc_sync Exit - MemInfo: [/proc/self/status]	VmSize:	  520648 kB
20220314 061423.295 INFO             PET0 PIOc_sync Exit - MemInfo: [/proc/self/status]	VmLck:	       0 kB
20220314 061423.295 INFO             PET0 PIOc_sync Exit - MemInfo: [/proc/self/status]	VmPin:	       0 kB
20220314 061423.295 INFO             PET0 PIOc_sync Exit - MemInfo: [/proc/self/status]	VmHWM:	   61384 kB
20220314 061423.295 INFO             PET0 PIOc_sync Exit - MemInfo: [/proc/self/status]	VmRSS:	   36736 kB
20220314 061423.295 INFO             PET0 PIOc_sync Exit - MemInfo: [/proc/self/status]	VmData:	   32060 kB
20220314 061423.295 INFO             PET0 PIOc_sync Exit - MemInfo: [/proc/self/status]	VmStk:	     148 kB
20220314 061423.295 INFO             PET0 PIOc_sync Exit - MemInfo: [/proc/self/status]	VmExe:	     276 kB
20220314 061423.295 INFO             PET0 PIOc_sync Exit - MemInfo: [/proc/self/status]	VmLib:	   49028 kB
20220314 061423.295 INFO             PET0 PIOc_sync Exit - MemInfo: [/proc/self/status]	VmPTE:	     764 kB
20220314 061423.295 INFO             PET0 PIOc_sync Exit - MemInfo: [/proc/self/status]	VmPMD:	      12 kB
20220314 061423.295 INFO             PET0 PIOc_sync Exit - MemInfo: [/proc/self/status]	VmSwap:	       0 kB
20220314 061423.295 INFO             PET0 PIOc_sync Exit - MemInfo: [/proc/self/status]	VmRSSPercent: 0.0560795 %
20220314 061423.295 INFO             PET0 PIOc_sync Exit - MemInfo: [malloc] Non-mmapped space allocated:                20561920 Byte
20220314 061423.295 INFO             PET0 PIOc_sync Exit - MemInfo: [malloc] Space allocated in mmapped regions:          1581056 Byte
20220314 061423.295 INFO             PET0 PIOc_sync Exit - MemInfo: [malloc] Maximum total allocated space:                     0 Byte
20220314 061423.295 INFO             PET0 PIOc_sync Exit - MemInfo: [malloc] Space in freed fastbin blocks:                  1808 Byte
20220314 061423.296 INFO             PET0 PIOc_sync Exit - MemInfo: [malloc] Total allocated space:                      19962368 Byte
20220314 061423.296 INFO             PET0 PIOc_sync Exit - MemInfo: [malloc] Total free space:                             599552 Byte
20220314 061423.296 INFO             PET0 PIOc_sync Exit - MemInfo: [malloc] Top-most, releasable space:                   131808 Byte
20220314 061423.296 INFO             PET0 PIOc_sync Exit - MemInfo: [malloc] Total space in use, mmap + non-mmap:        21543424 Byte
20220314 061423.296 INFO             PET0 PIOc_sync Exit - MemInfo: [malloc] Total space held (mmap + non-mmap):         22142976 Byte
20220314 061423.296 INFO             PET0 PIOc_sync Exit - MemInfo: [malloc] Total space used (mmap + non-mmap):         21552752 Byte
20220314 061423.296 INFO             PET0 PIOc_sync Exit - MemInfo: Wall-clock time since execution start:               0.034536 seconds
20220314 061423.296 INFO             PET0 PIOc_freedecomp Enter - MemInfo: [/proc/meminfo - SSI]	MemTotal:       65507008 kB
20220314 061423.296 INFO             PET0 PIOc_freedecomp Enter - MemInfo: [/proc/meminfo - SSI]	MemFree:        49867624 kB
20220314 061423.296 INFO             PET0 PIOc_freedecomp Enter - MemInfo: [/proc/meminfo - SSI]	MemAvailable:   49630928 kB
20220314 061423.296 INFO             PET0 PIOc_freedecomp Enter - MemInfo: [/proc/meminfo - SSI]	Committed_AS:   12939100 kB
20220314 061423.296 INFO             PET0 PIOc_freedecomp Enter - MemInfo: [/proc/meminfo - SSI]	CommittedPercent: 19.7522 %
20220314 061423.296 INFO             PET0 PIOc_freedecomp Enter - MemInfo: [/proc/self/status]	VmPeak:	  528836 kB
20220314 061423.296 INFO             PET0 PIOc_freedecomp Enter - MemInfo: [/proc/self/status]	VmSize:	  520648 kB
20220314 061423.296 INFO             PET0 PIOc_freedecomp Enter - MemInfo: [/proc/self/status]	VmLck:	       0 kB
20220314 061423.296 INFO             PET0 PIOc_freedecomp Enter - MemInfo: [/proc/self/status]	VmPin:	       0 kB
20220314 061423.296 INFO             PET0 PIOc_freedecomp Enter - MemInfo: [/proc/self/status]	VmHWM:	   61384 kB
20220314 061423.296 INFO             PET0 PIOc_freedecomp Enter - MemInfo: [/proc/self/status]	VmRSS:	   36736 kB
20220314 061423.296 INFO             PET0 PIOc_freedecomp Enter - MemInfo: [/proc/self/status]	VmData:	   32060 kB
20220314 061423.296 INFO             PET0 PIOc_freedecomp Enter - MemInfo: [/proc/self/status]	VmStk:	     148 kB
20220314 061423.296 INFO             PET0 PIOc_freedecomp Enter - MemInfo: [/proc/self/status]	VmExe:	     276 kB
20220314 061423.296 INFO             PET0 PIOc_freedecomp Enter - MemInfo: [/proc/self/status]	VmLib:	   49028 kB
20220314 061423.296 INFO             PET0 PIOc_freedecomp Enter - MemInfo: [/proc/self/status]	VmPTE:	     764 kB
20220314 061423.296 INFO             PET0 PIOc_freedecomp Enter - MemInfo: [/proc/self/status]	VmPMD:	      12 kB
20220314 061423.296 INFO             PET0 PIOc_freedecomp Enter - MemInfo: [/proc/self/status]	VmSwap:	       0 kB
20220314 061423.296 INFO             PET0 PIOc_freedecomp Enter - MemInfo: [/proc/self/status]	VmRSSPercent: 0.0560795 %
20220314 061423.296 INFO             PET0 PIOc_freedecomp Enter - MemInfo: [malloc] Non-mmapped space allocated:                20561920 Byte
20220314 061423.296 INFO             PET0 PIOc_freedecomp Enter - MemInfo: [malloc] Space allocated in mmapped regions:          1581056 Byte
20220314 061423.296 INFO             PET0 PIOc_freedecomp Enter - MemInfo: [malloc] Maximum total allocated space:                     0 Byte
20220314 061423.296 INFO             PET0 PIOc_freedecomp Enter - MemInfo: [malloc] Space in freed fastbin blocks:                  1696 Byte
20220314 061423.296 INFO             PET0 PIOc_freedecomp Enter - MemInfo: [malloc] Total allocated space:                       2646832 Byte
20220314 061423.296 INFO             PET0 PIOc_freedecomp Enter - MemInfo: [malloc] Total free space:                           17915088 Byte
20220314 061423.296 INFO             PET0 PIOc_freedecomp Enter - MemInfo: [malloc] Top-most, releasable space:                 17433344 Byte
20220314 061423.296 INFO             PET0 PIOc_freedecomp Enter - MemInfo: [malloc] Total space in use, mmap + non-mmap:         4227888 Byte
20220314 061423.296 INFO             PET0 PIOc_freedecomp Enter - MemInfo: [malloc] Total space held (mmap + non-mmap):         22142976 Byte
20220314 061423.296 INFO             PET0 PIOc_freedecomp Enter - MemInfo: [malloc] Total space used (mmap + non-mmap):          4237216 Byte
20220314 061423.296 INFO             PET0 PIOc_freedecomp Enter - MemInfo: Wall-clock time since execution start:              0.0349123 seconds
20220314 061423.296 INFO             PET0 PIOc_freedecomp Exit - MemInfo: [/proc/meminfo - SSI]	MemTotal:       65507008 kB
20220314 061423.296 INFO             PET0 PIOc_freedecomp Exit - MemInfo: [/proc/meminfo - SSI]	MemFree:        49867624 kB
20220314 061423.296 INFO             PET0 PIOc_freedecomp Exit - MemInfo: [/proc/meminfo - SSI]	MemAvailable:   49630928 kB
20220314 061423.296 INFO             PET0 PIOc_freedecomp Exit - MemInfo: [/proc/meminfo - SSI]	Committed_AS:   12939100 kB
20220314 061423.296 INFO             PET0 PIOc_freedecomp Exit - MemInfo: [/proc/meminfo - SSI]	CommittedPercent: 19.7522 %
20220314 061423.296 INFO             PET0 PIOc_freedecomp Exit - MemInfo: [/proc/self/status]	VmPeak:	  528836 kB
20220314 061423.296 INFO             PET0 PIOc_freedecomp Exit - MemInfo: [/proc/self/status]	VmSize:	  520648 kB
20220314 061423.296 INFO             PET0 PIOc_freedecomp Exit - MemInfo: [/proc/self/status]	VmLck:	       0 kB
20220314 061423.296 INFO             PET0 PIOc_freedecomp Exit - MemInfo: [/proc/self/status]	VmPin:	       0 kB
20220314 061423.296 INFO             PET0 PIOc_freedecomp Exit - MemInfo: [/proc/self/status]	VmHWM:	   61384 kB
20220314 061423.296 INFO             PET0 PIOc_freedecomp Exit - MemInfo: [/proc/self/status]	VmRSS:	   36736 kB
20220314 061423.296 INFO             PET0 PIOc_freedecomp Exit - MemInfo: [/proc/self/status]	VmData:	   32060 kB
20220314 061423.296 INFO             PET0 PIOc_freedecomp Exit - MemInfo: [/proc/self/status]	VmStk:	     148 kB
20220314 061423.296 INFO             PET0 PIOc_freedecomp Exit - MemInfo: [/proc/self/status]	VmExe:	     276 kB
20220314 061423.296 INFO             PET0 PIOc_freedecomp Exit - MemInfo: [/proc/self/status]	VmLib:	   49028 kB
20220314 061423.296 INFO             PET0 PIOc_freedecomp Exit - MemInfo: [/proc/self/status]	VmPTE:	     764 kB
20220314 061423.296 INFO             PET0 PIOc_freedecomp Exit - MemInfo: [/proc/self/status]	VmPMD:	      12 kB
20220314 061423.296 INFO             PET0 PIOc_freedecomp Exit - MemInfo: [/proc/self/status]	VmSwap:	       0 kB
20220314 061423.296 INFO             PET0 PIOc_freedecomp Exit - MemInfo: [/proc/self/status]	VmRSSPercent: 0.0560795 %
20220314 061423.296 INFO             PET0 PIOc_freedecomp Exit - MemInfo: [malloc] Non-mmapped space allocated:                20561920 Byte
20220314 061423.296 INFO             PET0 PIOc_freedecomp Exit - MemInfo: [malloc] Space allocated in mmapped regions:          1581056 Byte
20220314 061423.296 INFO             PET0 PIOc_freedecomp Exit - MemInfo: [malloc] Maximum total allocated space:                     0 Byte
20220314 061423.296 INFO             PET0 PIOc_freedecomp Exit - MemInfo: [malloc] Space in freed fastbin blocks:                  1808 Byte
20220314 061423.296 INFO             PET0 PIOc_freedecomp Exit - MemInfo: [malloc] Total allocated space:                       2633888 Byte
20220314 061423.296 INFO             PET0 PIOc_freedecomp Exit - MemInfo: [malloc] Total free space:                           17928032 Byte
20220314 061423.296 INFO             PET0 PIOc_freedecomp Exit - MemInfo: [malloc] Top-most, releasable space:                 17433344 Byte
20220314 061423.296 INFO             PET0 PIOc_freedecomp Exit - MemInfo: [malloc] Total space in use, mmap + non-mmap:         4214944 Byte
20220314 061423.296 INFO             PET0 PIOc_freedecomp Exit - MemInfo: [malloc] Total space held (mmap + non-mmap):         22142976 Byte
20220314 061423.296 INFO             PET0 PIOc_freedecomp Exit - MemInfo: [malloc] Total space used (mmap + non-mmap):          4224272 Byte
20220314 061423.296 INFO             PET0 PIOc_freedecomp Exit - MemInfo: Wall-clock time since execution start:              0.0352501 seconds
20220314 061423.296 INFO             PET0  PASS  Write multiple Fields with same dimensions to a file, ESMF_FieldIOUTest.F90, line 292
20220314 061423.296 INFO             PET0  PASS  Create grid for field metadata test, ESMF_FieldIOUTest.F90, line 309
20220314 061423.297 INFO             PET0  PASS  Create field with global indices, ESMF_FieldIOUTest.F90, line 316
20220314 061423.297 INFO             PET0  PASS  Get Farray_md from field, ESMF_FieldIOUTest.F90, line 324
20220314 061423.298 INFO             PET0 PIOc_sync Enter - MemInfo: [/proc/meminfo - SSI]	MemTotal:       65507008 kB
20220314 061423.298 INFO             PET0 PIOc_sync Enter - MemInfo: [/proc/meminfo - SSI]	MemFree:        49867624 kB
20220314 061423.298 INFO             PET0 PIOc_sync Enter - MemInfo: [/proc/meminfo - SSI]	MemAvailable:   49630928 kB
20220314 061423.298 INFO             PET0 PIOc_sync Enter - MemInfo: [/proc/meminfo - SSI]	Committed_AS:   12939100 kB
20220314 061423.298 INFO             PET0 PIOc_sync Enter - MemInfo: [/proc/meminfo - SSI]	CommittedPercent: 19.7522 %
20220314 061423.298 INFO             PET0 PIOc_sync Enter - MemInfo: [/proc/self/status]	VmPeak:	  528836 kB
20220314 061423.298 INFO             PET0 PIOc_sync Enter - MemInfo: [/proc/self/status]	VmSize:	  520648 kB
20220314 061423.298 INFO             PET0 PIOc_sync Enter - MemInfo: [/proc/self/status]	VmLck:	       0 kB
20220314 061423.298 INFO             PET0 PIOc_sync Enter - MemInfo: [/proc/self/status]	VmPin:	       0 kB
20220314 061423.298 INFO             PET0 PIOc_sync Enter - MemInfo: [/proc/self/status]	VmHWM:	   61384 kB
20220314 061423.298 INFO             PET0 PIOc_sync Enter - MemInfo: [/proc/self/status]	VmRSS:	   36744 kB
20220314 061423.298 INFO             PET0 PIOc_sync Enter - MemInfo: [/proc/self/status]	VmData:	   32060 kB
20220314 061423.298 INFO             PET0 PIOc_sync Enter - MemInfo: [/proc/self/status]	VmStk:	     148 kB
20220314 061423.298 INFO             PET0 PIOc_sync Enter - MemInfo: [/proc/self/status]	VmExe:	     276 kB
20220314 061423.298 INFO             PET0 PIOc_sync Enter - MemInfo: [/proc/self/status]	VmLib:	   49028 kB
20220314 061423.298 INFO             PET0 PIOc_sync Enter - MemInfo: [/proc/self/status]	VmPTE:	     764 kB
20220314 061423.298 INFO             PET0 PIOc_sync Enter - MemInfo: [/proc/self/status]	VmPMD:	      12 kB
20220314 061423.298 INFO             PET0 PIOc_sync Enter - MemInfo: [/proc/self/status]	VmSwap:	       0 kB
20220314 061423.298 INFO             PET0 PIOc_sync Enter - MemInfo: [/proc/self/status]	VmRSSPercent: 0.0560917 %
20220314 061423.298 INFO             PET0 PIOc_sync Enter - MemInfo: [malloc] Non-mmapped space allocated:                20561920 Byte
20220314 061423.298 INFO             PET0 PIOc_sync Enter - MemInfo: [malloc] Space allocated in mmapped regions:          1581056 Byte
20220314 061423.298 INFO             PET0 PIOc_sync Enter - MemInfo: [malloc] Maximum total allocated space:                     0 Byte
20220314 061423.298 INFO             PET0 PIOc_sync Enter - MemInfo: [malloc] Space in freed fastbin blocks:                  1536 Byte
20220314 061423.298 INFO             PET0 PIOc_sync Enter - MemInfo: [malloc] Total allocated space:                      19973472 Byte
20220314 061423.298 INFO             PET0 PIOc_sync Enter - MemInfo: [malloc] Total free space:                             588448 Byte
20220314 061423.298 INFO             PET0 PIOc_sync Enter - MemInfo: [malloc] Top-most, releasable space:                   131808 Byte
20220314 061423.298 INFO             PET0 PIOc_sync Enter - MemInfo: [malloc] Total space in use, mmap + non-mmap:        21554528 Byte
20220314 061423.298 INFO             PET0 PIOc_sync Enter - MemInfo: [malloc] Total space held (mmap + non-mmap):         22142976 Byte
20220314 061423.298 INFO             PET0 PIOc_sync Enter - MemInfo: [malloc] Total space used (mmap + non-mmap):         21563856 Byte
20220314 061423.298 INFO             PET0 PIOc_sync Enter - MemInfo: Wall-clock time since execution start:              0.0374109 seconds
20220314 061423.299 INFO             PET0 PIOc_sync Exit - MemInfo: [/proc/meminfo - SSI]	MemTotal:       65507008 kB
20220314 061423.299 INFO             PET0 PIOc_sync Exit - MemInfo: [/proc/meminfo - SSI]	MemFree:        49867624 kB
20220314 061423.299 INFO             PET0 PIOc_sync Exit - MemInfo: [/proc/meminfo - SSI]	MemAvailable:   49630928 kB
20220314 061423.299 INFO             PET0 PIOc_sync Exit - MemInfo: [/proc/meminfo - SSI]	Committed_AS:   12939100 kB
20220314 061423.299 INFO             PET0 PIOc_sync Exit - MemInfo: [/proc/meminfo - SSI]	CommittedPercent: 19.7522 %
20220314 061423.299 INFO             PET0 PIOc_sync Exit - MemInfo: [/proc/self/status]	VmPeak:	  528836 kB
20220314 061423.299 INFO             PET0 PIOc_sync Exit - MemInfo: [/proc/self/status]	VmSize:	  520648 kB
20220314 061423.299 INFO             PET0 PIOc_sync Exit - MemInfo: [/proc/self/status]	VmLck:	       0 kB
20220314 061423.299 INFO             PET0 PIOc_sync Exit - MemInfo: [/proc/self/status]	VmPin:	       0 kB
20220314 061423.299 INFO             PET0 PIOc_sync Exit - MemInfo: [/proc/self/status]	VmHWM:	   61384 kB
20220314 061423.299 INFO             PET0 PIOc_sync Exit - MemInfo: [/proc/self/status]	VmRSS:	   36744 kB
20220314 061423.299 INFO             PET0 PIOc_sync Exit - MemInfo: [/proc/self/status]	VmData:	   32060 kB
20220314 061423.299 INFO             PET0 PIOc_sync Exit - MemInfo: [/proc/self/status]	VmStk:	     148 kB
20220314 061423.299 INFO             PET0 PIOc_sync Exit - MemInfo: [/proc/self/status]	VmExe:	     276 kB
20220314 061423.299 INFO             PET0 PIOc_sync Exit - MemInfo: [/proc/self/status]	VmLib:	   49028 kB
20220314 061423.299 INFO             PET0 PIOc_sync Exit - MemInfo: [/proc/self/status]	VmPTE:	     764 kB
20220314 061423.299 INFO             PET0 PIOc_sync Exit - MemInfo: [/proc/self/status]	VmPMD:	      12 kB
20220314 061423.299 INFO             PET0 PIOc_sync Exit - MemInfo: [/proc/self/status]	VmSwap:	       0 kB
20220314 061423.299 INFO             PET0 PIOc_sync Exit - MemInfo: [/proc/self/status]	VmRSSPercent: 0.0560917 %
20220314 061423.299 INFO             PET0 PIOc_sync Exit - MemInfo: [malloc] Non-mmapped space allocated:                20561920 Byte
20220314 061423.299 INFO             PET0 PIOc_sync Exit - MemInfo: [malloc] Space allocated in mmapped regions:          1581056 Byte
20220314 061423.299 INFO             PET0 PIOc_sync Exit - MemInfo: [malloc] Maximum total allocated space:                     0 Byte
20220314 061423.299 INFO             PET0 PIOc_sync Exit - MemInfo: [malloc] Space in freed fastbin blocks:                  1712 Byte
20220314 061423.299 INFO             PET0 PIOc_sync Exit - MemInfo: [malloc] Total allocated space:                      20023520 Byte
20220314 061423.299 INFO             PET0 PIOc_sync Exit - MemInfo: [malloc] Total free space:                             538400 Byte
20220314 061423.299 INFO             PET0 PIOc_sync Exit - MemInfo: [malloc] Top-most, releasable space:                   131808 Byte
20220314 061423.299 INFO             PET0 PIOc_sync Exit - MemInfo: [malloc] Total space in use, mmap + non-mmap:        21604576 Byte
20220314 061423.299 INFO             PET0 PIOc_sync Exit - MemInfo: [malloc] Total space held (mmap + non-mmap):         22142976 Byte
20220314 061423.299 INFO             PET0 PIOc_sync Exit - MemInfo: [malloc] Total space used (mmap + non-mmap):         21613904 Byte
20220314 061423.299 INFO             PET0 PIOc_sync Exit - MemInfo: Wall-clock time since execution start:              0.0378913 seconds
20220314 061423.299 INFO             PET0 PIOc_freedecomp Enter - MemInfo: [/proc/meminfo - SSI]	MemTotal:       65507008 kB
20220314 061423.299 INFO             PET0 PIOc_freedecomp Enter - MemInfo: [/proc/meminfo - SSI]	MemFree:        49867624 kB
20220314 061423.299 INFO             PET0 PIOc_freedecomp Enter - MemInfo: [/proc/meminfo - SSI]	MemAvailable:   49630928 kB
20220314 061423.299 INFO             PET0 PIOc_freedecomp Enter - MemInfo: [/proc/meminfo - SSI]	Committed_AS:   12939100 kB
20220314 061423.299 INFO             PET0 PIOc_freedecomp Enter - MemInfo: [/proc/meminfo - SSI]	CommittedPercent: 19.7522 %
20220314 061423.299 INFO             PET0 PIOc_freedecomp Enter - MemInfo: [/proc/self/status]	VmPeak:	  528836 kB
20220314 061423.299 INFO             PET0 PIOc_freedecomp Enter - MemInfo: [/proc/self/status]	VmSize:	  520648 kB
20220314 061423.299 INFO             PET0 PIOc_freedecomp Enter - MemInfo: [/proc/self/status]	VmLck:	       0 kB
20220314 061423.299 INFO             PET0 PIOc_freedecomp Enter - MemInfo: [/proc/self/status]	VmPin:	       0 kB
20220314 061423.299 INFO             PET0 PIOc_freedecomp Enter - MemInfo: [/proc/self/status]	VmHWM:	   61384 kB
20220314 061423.299 INFO             PET0 PIOc_freedecomp Enter - MemInfo: [/proc/self/status]	VmRSS:	   36744 kB
20220314 061423.299 INFO             PET0 PIOc_freedecomp Enter - MemInfo: [/proc/self/status]	VmData:	   32060 kB
20220314 061423.299 INFO             PET0 PIOc_freedecomp Enter - MemInfo: [/proc/self/status]	VmStk:	     148 kB
20220314 061423.299 INFO             PET0 PIOc_freedecomp Enter - MemInfo: [/proc/self/status]	VmExe:	     276 kB
20220314 061423.299 INFO             PET0 PIOc_freedecomp Enter - MemInfo: [/proc/self/status]	VmLib:	   49028 kB
20220314 061423.299 INFO             PET0 PIOc_freedecomp Enter - MemInfo: [/proc/self/status]	VmPTE:	     764 kB
20220314 061423.299 INFO             PET0 PIOc_freedecomp Enter - MemInfo: [/proc/self/status]	VmPMD:	      12 kB
20220314 061423.299 INFO             PET0 PIOc_freedecomp Enter - MemInfo: [/proc/self/status]	VmSwap:	       0 kB
20220314 061423.299 INFO             PET0 PIOc_freedecomp Enter - MemInfo: [/proc/self/status]	VmRSSPercent: 0.0560917 %
20220314 061423.299 INFO             PET0 PIOc_freedecomp Enter - MemInfo: [malloc] Non-mmapped space allocated:                20561920 Byte
20220314 061423.299 INFO             PET0 PIOc_freedecomp Enter - MemInfo: [malloc] Space allocated in mmapped regions:          1581056 Byte
20220314 061423.299 INFO             PET0 PIOc_freedecomp Enter - MemInfo: [malloc] Maximum total allocated space:                     0 Byte
20220314 061423.299 INFO             PET0 PIOc_freedecomp Enter - MemInfo: [malloc] Space in freed fastbin blocks:                  1584 Byte
20220314 061423.299 INFO             PET0 PIOc_freedecomp Enter - MemInfo: [malloc] Total allocated space:                       2708720 Byte
20220314 061423.299 INFO             PET0 PIOc_freedecomp Enter - MemInfo: [malloc] Total free space:                           17853200 Byte
20220314 061423.299 INFO             PET0 PIOc_freedecomp Enter - MemInfo: [malloc] Top-most, releasable space:                 17433344 Byte
20220314 061423.299 INFO             PET0 PIOc_freedecomp Enter - MemInfo: [malloc] Total space in use, mmap + non-mmap:         4289776 Byte
20220314 061423.299 INFO             PET0 PIOc_freedecomp Enter - MemInfo: [malloc] Total space held (mmap + non-mmap):         22142976 Byte
20220314 061423.299 INFO             PET0 PIOc_freedecomp Enter - MemInfo: [malloc] Total space used (mmap + non-mmap):          4299104 Byte
20220314 061423.299 INFO             PET0 PIOc_freedecomp Enter - MemInfo: Wall-clock time since execution start:              0.0382614 seconds
20220314 061423.299 INFO             PET0 PIOc_freedecomp Exit - MemInfo: [/proc/meminfo - SSI]	MemTotal:       65507008 kB
20220314 061423.299 INFO             PET0 PIOc_freedecomp Exit - MemInfo: [/proc/meminfo - SSI]	MemFree:        49867624 kB
20220314 061423.299 INFO             PET0 PIOc_freedecomp Exit - MemInfo: [/proc/meminfo - SSI]	MemAvailable:   49630928 kB
20220314 061423.299 INFO             PET0 PIOc_freedecomp Exit - MemInfo: [/proc/meminfo - SSI]	Committed_AS:   12939100 kB
20220314 061423.299 INFO             PET0 PIOc_freedecomp Exit - MemInfo: [/proc/meminfo - SSI]	CommittedPercent: 19.7522 %
20220314 061423.299 INFO             PET0 PIOc_freedecomp Exit - MemInfo: [/proc/self/status]	VmPeak:	  528836 kB
20220314 061423.299 INFO             PET0 PIOc_freedecomp Exit - MemInfo: [/proc/self/status]	VmSize:	  520648 kB
20220314 061423.299 INFO             PET0 PIOc_freedecomp Exit - MemInfo: [/proc/self/status]	VmLck:	       0 kB
20220314 061423.299 INFO             PET0 PIOc_freedecomp Exit - MemInfo: [/proc/self/status]	VmPin:	       0 kB
20220314 061423.299 INFO             PET0 PIOc_freedecomp Exit - MemInfo: [/proc/self/status]	VmHWM:	   61384 kB
20220314 061423.299 INFO             PET0 PIOc_freedecomp Exit - MemInfo: [/proc/self/status]	VmRSS:	   36744 kB
20220314 061423.299 INFO             PET0 PIOc_freedecomp Exit - MemInfo: [/proc/self/status]	VmData:	   32060 kB
20220314 061423.299 INFO             PET0 PIOc_freedecomp Exit - MemInfo: [/proc/self/status]	VmStk:	     148 kB
20220314 061423.299 INFO             PET0 PIOc_freedecomp Exit - MemInfo: [/proc/self/status]	VmExe:	     276 kB
20220314 061423.299 INFO             PET0 PIOc_freedecomp Exit - MemInfo: [/proc/self/status]	VmLib:	   49028 kB
20220314 061423.299 INFO             PET0 PIOc_freedecomp Exit - MemInfo: [/proc/self/status]	VmPTE:	     764 kB
20220314 061423.299 INFO             PET0 PIOc_freedecomp Exit - MemInfo: [/proc/self/status]	VmPMD:	      12 kB
20220314 061423.300 INFO             PET0 PIOc_freedecomp Exit - MemInfo: [/proc/self/status]	VmSwap:	       0 kB
20220314 061423.300 INFO             PET0 PIOc_freedecomp Exit - MemInfo: [/proc/self/status]	VmRSSPercent: 0.0560917 %
20220314 061423.300 INFO             PET0 PIOc_freedecomp Exit - MemInfo: [malloc] Non-mmapped space allocated:                20561920 Byte
20220314 061423.300 INFO             PET0 PIOc_freedecomp Exit - MemInfo: [malloc] Space allocated in mmapped regions:          1581056 Byte
20220314 061423.300 INFO             PET0 PIOc_freedecomp Exit - MemInfo: [malloc] Maximum total allocated space:                     0 Byte
20220314 061423.300 INFO             PET0 PIOc_freedecomp Exit - MemInfo: [malloc] Space in freed fastbin blocks:                  1696 Byte
20220314 061423.300 INFO             PET0 PIOc_freedecomp Exit - MemInfo: [malloc] Total allocated space:                       2650384 Byte
20220314 061423.300 INFO             PET0 PIOc_freedecomp Exit - MemInfo: [malloc] Total free space:                           17911536 Byte
20220314 061423.300 INFO             PET0 PIOc_freedecomp Exit - MemInfo: [malloc] Top-most, releasable space:                 17433344 Byte
20220314 061423.300 INFO             PET0 PIOc_freedecomp Exit - MemInfo: [malloc] Total space in use, mmap + non-mmap:         4231440 Byte
20220314 061423.300 INFO             PET0 PIOc_freedecomp Exit - MemInfo: [malloc] Total space held (mmap + non-mmap):         22142976 Byte
20220314 061423.300 INFO             PET0 PIOc_freedecomp Exit - MemInfo: [malloc] Total space used (mmap + non-mmap):          4240768 Byte
20220314 061423.300 INFO             PET0 PIOc_freedecomp Exit - MemInfo: Wall-clock time since execution start:              0.0385987 seconds
20220314 061423.300 INFO             PET0  PASS  Write Field to NetCDF file, ESMF_FieldIOUTest.F90, line 348
20220314 061423.300 INFO             PET0  PASS  Confirm NetCDF metadata - open file, ESMF_FieldIOUTest.F90, line 359
20220314 061423.300 INFO             PET0  PASS  Confirm NetCDF metadata - check dim 1, ESMF_FieldIOUTest.F90, line 369
20220314 061423.300 INFO             PET0  PASS  Confirm NetCDF metadata - check dim 1 len, ESMF_FieldIOUTest.F90, line 379
20220314 061423.300 INFO             PET0  PASS  Confirm NetCDF metadata - check dim 2, ESMF_FieldIOUTest.F90, line 389
20220314 061423.300 INFO             PET0  PASS  Confirm NetCDF metadata - check dim 2 len, ESMF_FieldIOUTest.F90, line 399
20220314 061423.300 INFO             PET0  PASS  Confirm NetCDF metadata - variable exists, ESMF_FieldIOUTest.F90, line 409
20220314 061423.300 INFO             PET0  PASS  Confirm NetCDF metadata - variable has expected dims, ESMF_FieldIOUTest.F90, line 420
20220314 061423.300 INFO             PET0  PASS  Confirm NetCDF data - check data for field, ESMF_FieldIOUTest.F90, line 445
20220314 061423.300 INFO             PET0  PASS  Confirm NetCDF data - close file, ESMF_FieldIOUTest.F90, line 456
20220314 061423.307 INFO             PET0 PIOc_sync Enter - MemInfo: [/proc/meminfo - SSI]	MemTotal:       65507008 kB
20220314 061423.307 INFO             PET0 PIOc_sync Enter - MemInfo: [/proc/meminfo - SSI]	MemFree:        49865608 kB
20220314 061423.307 INFO             PET0 PIOc_sync Enter - MemInfo: [/proc/meminfo - SSI]	MemAvailable:   49628912 kB
20220314 061423.307 INFO             PET0 PIOc_sync Enter - MemInfo: [/proc/meminfo - SSI]	Committed_AS:   12939164 kB
20220314 061423.307 INFO             PET0 PIOc_sync Enter - MemInfo: [/proc/meminfo - SSI]	CommittedPercent: 19.7523 %
20220314 061423.307 INFO             PET0 PIOc_sync Enter - MemInfo: [/proc/self/status]	VmPeak:	  528836 kB
20220314 061423.307 INFO             PET0 PIOc_sync Enter - MemInfo: [/proc/self/status]	VmSize:	  520648 kB
20220314 061423.307 INFO             PET0 PIOc_sync Enter - MemInfo: [/proc/self/status]	VmLck:	       0 kB
20220314 061423.307 INFO             PET0 PIOc_sync Enter - MemInfo: [/proc/self/status]	VmPin:	       0 kB
20220314 061423.307 INFO             PET0 PIOc_sync Enter - MemInfo: [/proc/self/status]	VmHWM:	   61384 kB
20220314 061423.307 INFO             PET0 PIOc_sync Enter - MemInfo: [/proc/self/status]	VmRSS:	   36828 kB
20220314 061423.307 INFO             PET0 PIOc_sync Enter - MemInfo: [/proc/self/status]	VmData:	   32060 kB
20220314 061423.307 INFO             PET0 PIOc_sync Enter - MemInfo: [/proc/self/status]	VmStk:	     148 kB
20220314 061423.307 INFO             PET0 PIOc_sync Enter - MemInfo: [/proc/self/status]	VmExe:	     276 kB
20220314 061423.307 INFO             PET0 PIOc_sync Enter - MemInfo: [/proc/self/status]	VmLib:	   49028 kB
20220314 061423.307 INFO             PET0 PIOc_sync Enter - MemInfo: [/proc/self/status]	VmPTE:	     764 kB
20220314 061423.308 INFO             PET0 PIOc_sync Enter - MemInfo: [/proc/self/status]	VmPMD:	      12 kB
20220314 061423.308 INFO             PET0 PIOc_sync Enter - MemInfo: [/proc/self/status]	VmSwap:	       0 kB
20220314 061423.308 INFO             PET0 PIOc_sync Enter - MemInfo: [/proc/self/status]	VmRSSPercent: 0.0562199 %
20220314 061423.308 INFO             PET0 PIOc_sync Enter - MemInfo: [malloc] Non-mmapped space allocated:                20561920 Byte
20220314 061423.308 INFO             PET0 PIOc_sync Enter - MemInfo: [malloc] Space allocated in mmapped regions:          1581056 Byte
20220314 061423.308 INFO             PET0 PIOc_sync Enter - MemInfo: [malloc] Maximum total allocated space:                     0 Byte
20220314 061423.308 INFO             PET0 PIOc_sync Enter - MemInfo: [malloc] Space in freed fastbin blocks:                  1536 Byte
20220314 061423.308 INFO             PET0 PIOc_sync Enter - MemInfo: [malloc] Total allocated space:                      19976816 Byte
20220314 061423.308 INFO             PET0 PIOc_sync Enter - MemInfo: [malloc] Total free space:                             585104 Byte
20220314 061423.308 INFO             PET0 PIOc_sync Enter - MemInfo: [malloc] Top-most, releasable space:                   131808 Byte
20220314 061423.308 INFO             PET0 PIOc_sync Enter - MemInfo: [malloc] Total space in use, mmap + non-mmap:        21557872 Byte
20220314 061423.308 INFO             PET0 PIOc_sync Enter - MemInfo: [malloc] Total space held (mmap + non-mmap):         22142976 Byte
20220314 061423.308 INFO             PET0 PIOc_sync Enter - MemInfo: [malloc] Total space used (mmap + non-mmap):         21567200 Byte
20220314 061423.308 INFO             PET0 PIOc_sync Enter - MemInfo: Wall-clock time since execution start:              0.0466206 seconds
20220314 061423.308 INFO             PET0 PIOc_sync Exit - MemInfo: [/proc/meminfo - SSI]	MemTotal:       65507008 kB
20220314 061423.308 INFO             PET0 PIOc_sync Exit - MemInfo: [/proc/meminfo - SSI]	MemFree:        49865608 kB
20220314 061423.308 INFO             PET0 PIOc_sync Exit - MemInfo: [/proc/meminfo - SSI]	MemAvailable:   49628912 kB
20220314 061423.308 INFO             PET0 PIOc_sync Exit - MemInfo: [/proc/meminfo - SSI]	Committed_AS:   12939164 kB
20220314 061423.308 INFO             PET0 PIOc_sync Exit - MemInfo: [/proc/meminfo - SSI]	CommittedPercent: 19.7523 %
20220314 061423.308 INFO             PET0 PIOc_sync Exit - MemInfo: [/proc/self/status]	VmPeak:	  528836 kB
20220314 061423.308 INFO             PET0 PIOc_sync Exit - MemInfo: [/proc/self/status]	VmSize:	  520648 kB
20220314 061423.308 INFO             PET0 PIOc_sync Exit - MemInfo: [/proc/self/status]	VmLck:	       0 kB
20220314 061423.308 INFO             PET0 PIOc_sync Exit - MemInfo: [/proc/self/status]	VmPin:	       0 kB
20220314 061423.308 INFO             PET0 PIOc_sync Exit - MemInfo: [/proc/self/status]	VmHWM:	   61384 kB
20220314 061423.308 INFO             PET0 PIOc_sync Exit - MemInfo: [/proc/self/status]	VmRSS:	   36828 kB
20220314 061423.308 INFO             PET0 PIOc_sync Exit - MemInfo: [/proc/self/status]	VmData:	   32060 kB
20220314 061423.308 INFO             PET0 PIOc_sync Exit - MemInfo: [/proc/self/status]	VmStk:	     148 kB
20220314 061423.308 INFO             PET0 PIOc_sync Exit - MemInfo: [/proc/self/status]	VmExe:	     276 kB
20220314 061423.308 INFO             PET0 PIOc_sync Exit - MemInfo: [/proc/self/status]	VmLib:	   49028 kB
20220314 061423.308 INFO             PET0 PIOc_sync Exit - MemInfo: [/proc/self/status]	VmPTE:	     764 kB
20220314 061423.308 INFO             PET0 PIOc_sync Exit - MemInfo: [/proc/self/status]	VmPMD:	      12 kB
20220314 061423.308 INFO             PET0 PIOc_sync Exit - MemInfo: [/proc/self/status]	VmSwap:	       0 kB
20220314 061423.308 INFO             PET0 PIOc_sync Exit - MemInfo: [/proc/self/status]	VmRSSPercent: 0.0562199 %
20220314 061423.308 INFO             PET0 PIOc_sync Exit - MemInfo: [malloc] Non-mmapped space allocated:                20561920 Byte
20220314 061423.308 INFO             PET0 PIOc_sync Exit - MemInfo: [malloc] Space allocated in mmapped regions:          1581056 Byte
20220314 061423.308 INFO             PET0 PIOc_sync Exit - MemInfo: [malloc] Maximum total allocated space:                     0 Byte
20220314 061423.308 INFO             PET0 PIOc_sync Exit - MemInfo: [malloc] Space in freed fastbin blocks:                  1632 Byte
20220314 061423.308 INFO             PET0 PIOc_sync Exit - MemInfo: [malloc] Total allocated space:                      19986288 Byte
20220314 061423.308 INFO             PET0 PIOc_sync Exit - MemInfo: [malloc] Total free space:                             575632 Byte
20220314 061423.308 INFO             PET0 PIOc_sync Exit - MemInfo: [malloc] Top-most, releasable space:                   131808 Byte
20220314 061423.308 INFO             PET0 PIOc_sync Exit - MemInfo: [malloc] Total space in use, mmap + non-mmap:        21567344 Byte
20220314 061423.308 INFO             PET0 PIOc_sync Exit - MemInfo: [malloc] Total space held (mmap + non-mmap):         22142976 Byte
20220314 061423.308 INFO             PET0 PIOc_sync Exit - MemInfo: [malloc] Total space used (mmap + non-mmap):         21576672 Byte
20220314 061423.308 INFO             PET0 PIOc_sync Exit - MemInfo: Wall-clock time since execution start:              0.0471086 seconds
20220314 061423.308 INFO             PET0 PIOc_freedecomp Enter - MemInfo: [/proc/meminfo - SSI]	MemTotal:       65507008 kB
20220314 061423.308 INFO             PET0 PIOc_freedecomp Enter - MemInfo: [/proc/meminfo - SSI]	MemFree:        49865608 kB
20220314 061423.308 INFO             PET0 PIOc_freedecomp Enter - MemInfo: [/proc/meminfo - SSI]	MemAvailable:   49628912 kB
20220314 061423.308 INFO             PET0 PIOc_freedecomp Enter - MemInfo: [/proc/meminfo - SSI]	Committed_AS:   12939164 kB
20220314 061423.308 INFO             PET0 PIOc_freedecomp Enter - MemInfo: [/proc/meminfo - SSI]	CommittedPercent: 19.7523 %
20220314 061423.308 INFO             PET0 PIOc_freedecomp Enter - MemInfo: [/proc/self/status]	VmPeak:	  528836 kB
20220314 061423.308 INFO             PET0 PIOc_freedecomp Enter - MemInfo: [/proc/self/status]	VmSize:	  520648 kB
20220314 061423.308 INFO             PET0 PIOc_freedecomp Enter - MemInfo: [/proc/self/status]	VmLck:	       0 kB
20220314 061423.308 INFO             PET0 PIOc_freedecomp Enter - MemInfo: [/proc/self/status]	VmPin:	       0 kB
20220314 061423.308 INFO             PET0 PIOc_freedecomp Enter - MemInfo: [/proc/self/status]	VmHWM:	   61384 kB
20220314 061423.308 INFO             PET0 PIOc_freedecomp Enter - MemInfo: [/proc/self/status]	VmRSS:	   36828 kB
20220314 061423.308 INFO             PET0 PIOc_freedecomp Enter - MemInfo: [/proc/self/status]	VmData:	   32060 kB
20220314 061423.308 INFO             PET0 PIOc_freedecomp Enter - MemInfo: [/proc/self/status]	VmStk:	     148 kB
20220314 061423.308 INFO             PET0 PIOc_freedecomp Enter - MemInfo: [/proc/self/status]	VmExe:	     276 kB
20220314 061423.308 INFO             PET0 PIOc_freedecomp Enter - MemInfo: [/proc/self/status]	VmLib:	   49028 kB
20220314 061423.308 INFO             PET0 PIOc_freedecomp Enter - MemInfo: [/proc/self/status]	VmPTE:	     764 kB
20220314 061423.308 INFO             PET0 PIOc_freedecomp Enter - MemInfo: [/proc/self/status]	VmPMD:	      12 kB
20220314 061423.308 INFO             PET0 PIOc_freedecomp Enter - MemInfo: [/proc/self/status]	VmSwap:	       0 kB
20220314 061423.308 INFO             PET0 PIOc_freedecomp Enter - MemInfo: [/proc/self/status]	VmRSSPercent: 0.0562199 %
20220314 061423.308 INFO             PET0 PIOc_freedecomp Enter - MemInfo: [malloc] Non-mmapped space allocated:                20561920 Byte
20220314 061423.308 INFO             PET0 PIOc_freedecomp Enter - MemInfo: [malloc] Space allocated in mmapped regions:          1581056 Byte
20220314 061423.308 INFO             PET0 PIOc_freedecomp Enter - MemInfo: [malloc] Maximum total allocated space:                     0 Byte
20220314 061423.308 INFO             PET0 PIOc_freedecomp Enter - MemInfo: [malloc] Space in freed fastbin blocks:                  1584 Byte
20220314 061423.308 INFO             PET0 PIOc_freedecomp Enter - MemInfo: [malloc] Total allocated space:                       2671392 Byte
20220314 061423.308 INFO             PET0 PIOc_freedecomp Enter - MemInfo: [malloc] Total free space:                           17890528 Byte
20220314 061423.308 INFO             PET0 PIOc_freedecomp Enter - MemInfo: [malloc] Top-most, releasable space:                 17433344 Byte
20220314 061423.308 INFO             PET0 PIOc_freedecomp Enter - MemInfo: [malloc] Total space in use, mmap + non-mmap:         4252448 Byte
20220314 061423.308 INFO             PET0 PIOc_freedecomp Enter - MemInfo: [malloc] Total space held (mmap + non-mmap):         22142976 Byte
20220314 061423.309 INFO             PET0 PIOc_freedecomp Enter - MemInfo: [malloc] Total space used (mmap + non-mmap):          4261776 Byte
20220314 061423.309 INFO             PET0 PIOc_freedecomp Enter - MemInfo: Wall-clock time since execution start:              0.0474791 seconds
20220314 061423.309 INFO             PET0 PIOc_freedecomp Exit - MemInfo: [/proc/meminfo - SSI]	MemTotal:       65507008 kB
20220314 061423.309 INFO             PET0 PIOc_freedecomp Exit - MemInfo: [/proc/meminfo - SSI]	MemFree:        49865608 kB
20220314 061423.309 INFO             PET0 PIOc_freedecomp Exit - MemInfo: [/proc/meminfo - SSI]	MemAvailable:   49628912 kB
20220314 061423.309 INFO             PET0 PIOc_freedecomp Exit - MemInfo: [/proc/meminfo - SSI]	Committed_AS:   12939164 kB
20220314 061423.309 INFO             PET0 PIOc_freedecomp Exit - MemInfo: [/proc/meminfo - SSI]	CommittedPercent: 19.7523 %
20220314 061423.309 INFO             PET0 PIOc_freedecomp Exit - MemInfo: [/proc/self/status]	VmPeak:	  528836 kB
20220314 061423.309 INFO             PET0 PIOc_freedecomp Exit - MemInfo: [/proc/self/status]	VmSize:	  520648 kB
20220314 061423.309 INFO             PET0 PIOc_freedecomp Exit - MemInfo: [/proc/self/status]	VmLck:	       0 kB
20220314 061423.309 INFO             PET0 PIOc_freedecomp Exit - MemInfo: [/proc/self/status]	VmPin:	       0 kB
20220314 061423.309 INFO             PET0 PIOc_freedecomp Exit - MemInfo: [/proc/self/status]	VmHWM:	   61384 kB
20220314 061423.309 INFO             PET0 PIOc_freedecomp Exit - MemInfo: [/proc/self/status]	VmRSS:	   36828 kB
20220314 061423.309 INFO             PET0 PIOc_freedecomp Exit - MemInfo: [/proc/self/status]	VmData:	   32060 kB
20220314 061423.309 INFO             PET0 PIOc_freedecomp Exit - MemInfo: [/proc/self/status]	VmStk:	     148 kB
20220314 061423.309 INFO             PET0 PIOc_freedecomp Exit - MemInfo: [/proc/self/status]	VmExe:	     276 kB
20220314 061423.309 INFO             PET0 PIOc_freedecomp Exit - MemInfo: [/proc/self/status]	VmLib:	   49028 kB
20220314 061423.309 INFO             PET0 PIOc_freedecomp Exit - MemInfo: [/proc/self/status]	VmPTE:	     764 kB
20220314 061423.309 INFO             PET0 PIOc_freedecomp Exit - MemInfo: [/proc/self/status]	VmPMD:	      12 kB
20220314 061423.309 INFO             PET0 PIOc_freedecomp Exit - MemInfo: [/proc/self/status]	VmSwap:	       0 kB
20220314 061423.309 INFO             PET0 PIOc_freedecomp Exit - MemInfo: [/proc/self/status]	VmRSSPercent: 0.0562199 %
20220314 061423.309 INFO             PET0 PIOc_freedecomp Exit - MemInfo: [malloc] Non-mmapped space allocated:                20561920 Byte
20220314 061423.309 INFO             PET0 PIOc_freedecomp Exit - MemInfo: [malloc] Space allocated in mmapped regions:          1581056 Byte
20220314 061423.309 INFO             PET0 PIOc_freedecomp Exit - MemInfo: [malloc] Maximum total allocated space:                     0 Byte
20220314 061423.309 INFO             PET0 PIOc_freedecomp Exit - MemInfo: [malloc] Space in freed fastbin blocks:                  1424 Byte
20220314 061423.309 INFO             PET0 PIOc_freedecomp Exit - MemInfo: [malloc] Total allocated space:                       2656320 Byte
20220314 061423.309 INFO             PET0 PIOc_freedecomp Exit - MemInfo: [malloc] Total free space:                           17905600 Byte
20220314 061423.309 INFO             PET0 PIOc_freedecomp Exit - MemInfo: [malloc] Top-most, releasable space:                 17433344 Byte
20220314 061423.309 INFO             PET0 PIOc_freedecomp Exit - MemInfo: [malloc] Total space in use, mmap + non-mmap:         4237376 Byte
20220314 061423.309 INFO             PET0 PIOc_freedecomp Exit - MemInfo: [malloc] Total space held (mmap + non-mmap):         22142976 Byte
20220314 061423.309 INFO             PET0 PIOc_freedecomp Exit - MemInfo: [malloc] Total space used (mmap + non-mmap):          4246704 Byte
20220314 061423.309 INFO             PET0 PIOc_freedecomp Exit - MemInfo: Wall-clock time since execution start:              0.0478256 seconds
20220314 061423.311 INFO             PET0 PIOc_sync Enter - MemInfo: [/proc/meminfo - SSI]	MemTotal:       65507008 kB
20220314 061423.311 INFO             PET0 PIOc_sync Enter - MemInfo: [/proc/meminfo - SSI]	MemFree:        49865608 kB
20220314 061423.311 INFO             PET0 PIOc_sync Enter - MemInfo: [/proc/meminfo - SSI]	MemAvailable:   49628912 kB
20220314 061423.311 INFO             PET0 PIOc_sync Enter - MemInfo: [/proc/meminfo - SSI]	Committed_AS:   12939164 kB
20220314 061423.311 INFO             PET0 PIOc_sync Enter - MemInfo: [/proc/meminfo - SSI]	CommittedPercent: 19.7523 %
20220314 061423.311 INFO             PET0 PIOc_sync Enter - MemInfo: [/proc/self/status]	VmPeak:	  528836 kB
20220314 061423.311 INFO             PET0 PIOc_sync Enter - MemInfo: [/proc/self/status]	VmSize:	  520648 kB
20220314 061423.311 INFO             PET0 PIOc_sync Enter - MemInfo: [/proc/self/status]	VmLck:	       0 kB
20220314 061423.311 INFO             PET0 PIOc_sync Enter - MemInfo: [/proc/self/status]	VmPin:	       0 kB
20220314 061423.311 INFO             PET0 PIOc_sync Enter - MemInfo: [/proc/self/status]	VmHWM:	   61384 kB
20220314 061423.311 INFO             PET0 PIOc_sync Enter - MemInfo: [/proc/self/status]	VmRSS:	   36920 kB
20220314 061423.311 INFO             PET0 PIOc_sync Enter - MemInfo: [/proc/self/status]	VmData:	   32060 kB
20220314 061423.311 INFO             PET0 PIOc_sync Enter - MemInfo: [/proc/self/status]	VmStk:	     148 kB
20220314 061423.311 INFO             PET0 PIOc_sync Enter - MemInfo: [/proc/self/status]	VmExe:	     276 kB
20220314 061423.311 INFO             PET0 PIOc_sync Enter - MemInfo: [/proc/self/status]	VmLib:	   49028 kB
20220314 061423.311 INFO             PET0 PIOc_sync Enter - MemInfo: [/proc/self/status]	VmPTE:	     764 kB
20220314 061423.311 INFO             PET0 PIOc_sync Enter - MemInfo: [/proc/self/status]	VmPMD:	      12 kB
20220314 061423.311 INFO             PET0 PIOc_sync Enter - MemInfo: [/proc/self/status]	VmSwap:	       0 kB
20220314 061423.311 INFO             PET0 PIOc_sync Enter - MemInfo: [/proc/self/status]	VmRSSPercent: 0.0563604 %
20220314 061423.311 INFO             PET0 PIOc_sync Enter - MemInfo: [malloc] Non-mmapped space allocated:                20561920 Byte
20220314 061423.311 INFO             PET0 PIOc_sync Enter - MemInfo: [malloc] Space allocated in mmapped regions:          1581056 Byte
20220314 061423.311 INFO             PET0 PIOc_sync Enter - MemInfo: [malloc] Maximum total allocated space:                     0 Byte
20220314 061423.311 INFO             PET0 PIOc_sync Enter - MemInfo: [malloc] Space in freed fastbin blocks:                  1536 Byte
20220314 061423.311 INFO             PET0 PIOc_sync Enter - MemInfo: [malloc] Total allocated space:                      19980384 Byte
20220314 061423.311 INFO             PET0 PIOc_sync Enter - MemInfo: [malloc] Total free space:                             581536 Byte
20220314 061423.311 INFO             PET0 PIOc_sync Enter - MemInfo: [malloc] Top-most, releasable space:                   131808 Byte
20220314 061423.311 INFO             PET0 PIOc_sync Enter - MemInfo: [malloc] Total space in use, mmap + non-mmap:        21561440 Byte
20220314 061423.312 INFO             PET0 PIOc_sync Enter - MemInfo: [malloc] Total space held (mmap + non-mmap):         22142976 Byte
20220314 061423.312 INFO             PET0 PIOc_sync Enter - MemInfo: [malloc] Total space used (mmap + non-mmap):         21570768 Byte
20220314 061423.312 INFO             PET0 PIOc_sync Enter - MemInfo: Wall-clock time since execution start:              0.0505054 seconds
20220314 061423.312 INFO             PET0 PIOc_sync Exit - MemInfo: [/proc/meminfo - SSI]	MemTotal:       65507008 kB
20220314 061423.312 INFO             PET0 PIOc_sync Exit - MemInfo: [/proc/meminfo - SSI]	MemFree:        49865608 kB
20220314 061423.312 INFO             PET0 PIOc_sync Exit - MemInfo: [/proc/meminfo - SSI]	MemAvailable:   49628912 kB
20220314 061423.312 INFO             PET0 PIOc_sync Exit - MemInfo: [/proc/meminfo - SSI]	Committed_AS:   12939164 kB
20220314 061423.312 INFO             PET0 PIOc_sync Exit - MemInfo: [/proc/meminfo - SSI]	CommittedPercent: 19.7523 %
20220314 061423.312 INFO             PET0 PIOc_sync Exit - MemInfo: [/proc/self/status]	VmPeak:	  528836 kB
20220314 061423.312 INFO             PET0 PIOc_sync Exit - MemInfo: [/proc/self/status]	VmSize:	  520648 kB
20220314 061423.312 INFO             PET0 PIOc_sync Exit - MemInfo: [/proc/self/status]	VmLck:	       0 kB
20220314 061423.312 INFO             PET0 PIOc_sync Exit - MemInfo: [/proc/self/status]	VmPin:	       0 kB
20220314 061423.312 INFO             PET0 PIOc_sync Exit - MemInfo: [/proc/self/status]	VmHWM:	   61384 kB
20220314 061423.312 INFO             PET0 PIOc_sync Exit - MemInfo: [/proc/self/status]	VmRSS:	   36920 kB
20220314 061423.312 INFO             PET0 PIOc_sync Exit - MemInfo: [/proc/self/status]	VmData:	   32060 kB
20220314 061423.312 INFO             PET0 PIOc_sync Exit - MemInfo: [/proc/self/status]	VmStk:	     148 kB
20220314 061423.312 INFO             PET0 PIOc_sync Exit - MemInfo: [/proc/self/status]	VmExe:	     276 kB
20220314 061423.312 INFO             PET0 PIOc_sync Exit - MemInfo: [/proc/self/status]	VmLib:	   49028 kB
20220314 061423.312 INFO             PET0 PIOc_sync Exit - MemInfo: [/proc/self/status]	VmPTE:	     764 kB
20220314 061423.312 INFO             PET0 PIOc_sync Exit - MemInfo: [/proc/self/status]	VmPMD:	      12 kB
20220314 061423.312 INFO             PET0 PIOc_sync Exit - MemInfo: [/proc/self/status]	VmSwap:	       0 kB
20220314 061423.312 INFO             PET0 PIOc_sync Exit - MemInfo: [/proc/self/status]	VmRSSPercent: 0.0563604 %
20220314 061423.312 INFO             PET0 PIOc_sync Exit - MemInfo: [malloc] Non-mmapped space allocated:                20561920 Byte
20220314 061423.312 INFO             PET0 PIOc_sync Exit - MemInfo: [malloc] Space allocated in mmapped regions:          1581056 Byte
20220314 061423.312 INFO             PET0 PIOc_sync Exit - MemInfo: [malloc] Maximum total allocated space:                     0 Byte
20220314 061423.312 INFO             PET0 PIOc_sync Exit - MemInfo: [malloc] Space in freed fastbin blocks:                  1744 Byte
20220314 061423.312 INFO             PET0 PIOc_sync Exit - MemInfo: [malloc] Total allocated space:                      19988704 Byte
20220314 061423.312 INFO             PET0 PIOc_sync Exit - MemInfo: [malloc] Total free space:                             573216 Byte
20220314 061423.312 INFO             PET0 PIOc_sync Exit - MemInfo: [malloc] Top-most, releasable space:                   131808 Byte
20220314 061423.312 INFO             PET0 PIOc_sync Exit - MemInfo: [malloc] Total space in use, mmap + non-mmap:        21569760 Byte
