build time -- 2022-03-14 06:02:13.813869
20220314 061439.282 INFO             PET0 !!!!!!!!!!!!!!!!!!!!!!!!!!!!!!!!!!!!!!!!!!!!!!!!!!!!!!
20220314 061439.282 INFO             PET0 !!! THE ESMF_LOG IS SET TO OUTPUT ALL LOG MESSAGES !!!
20220314 061439.282 INFO             PET0 !!!     THIS MAY CAUSE SLOWDOWN IN PERFORMANCE     !!!
20220314 061439.282 INFO             PET0 !!! FOR PRODUCTION RUNS, USE:                      !!!
20220314 061439.282 INFO             PET0 !!!                   ESMF_LOGKIND_Multi_On_Error  !!!
20220314 061439.282 INFO             PET0 !!!!!!!!!!!!!!!!!!!!!!!!!!!!!!!!!!!!!!!!!!!!!!!!!!!!!!
20220314 061439.282 INFO             PET0 Running with ESMF Version   : v8.3.0b09-96-g559b459836
20220314 061439.282 INFO             PET0 ESMF library build date/time: "Mar 14 2022" "06:00:22"
20220314 061439.282 INFO             PET0 ESMF library build location : /glade/scratch/rlong/esmf-testing/gfortran_9.1.0_mpt_O_jedwards_pio_update2
20220314 061439.282 INFO             PET0 ESMF_COMM                   : mpt
20220314 061439.282 INFO             PET0 ESMF_MOAB                   : enabled
20220314 061439.282 INFO             PET0 ESMF_LAPACK                 : enabled
20220314 061439.282 INFO             PET0 ESMF_NETCDF                 : enabled
20220314 061439.282 INFO             PET0 ESMF_PNETCDF                : disabled
20220314 061439.282 INFO             PET0 ESMF_PIO                    : enabled
20220314 061439.282 INFO             PET0 ESMF_YAMLCPP                : enabled
20220314 061439.282 INFO             PET0 Beginning Test, file ESMC_FieldRegridUTest.C, line 68
20220314 061439.282 INFO             PET0 Beginning Test, file ESMC_FieldRegridUTest.C, line 68NUMBER_OF_PROCESSORS 1
20220314 061439.282 INFO             PET0 PASS MeshCreate, ESMC_FieldRegridUTest.C, line 125
20220314 061439.282 INFO             PET0 PASS MeshAddNodes, ESMC_FieldRegridUTest.C, line 133
20220314 061439.283 INFO             PET0 PASS MeshAddElements, ESMC_FieldRegridUTest.C, line 142
20220314 061439.283 INFO             PET0 PASS MeshGetLocalNodeCount, ESMC_FieldRegridUTest.C, line 152
20220314 061439.283 INFO             PET0 PASS MeshGetLocalElementCount, ESMC_FieldRegridUTest.C, line 163
20220314 061439.283 INFO             PET0 PASS MeshCreate, ESMC_FieldRegridUTest.C, line 231
20220314 061439.283 INFO             PET0 PASS MeshAddNodes, ESMC_FieldRegridUTest.C, line 239
20220314 061439.283 INFO             PET0 PASS MeshAddElements, ESMC_FieldRegridUTest.C, line 248
20220314 061439.283 INFO             PET0 PASS MeshGetLocalNodeCount, ESMC_FieldRegridUTest.C, line 258
20220314 061439.283 INFO             PET0 PASS MeshGetLocalElementCount, ESMC_FieldRegridUTest.C, line 269
20220314 061439.283 INFO             PET0 PASS Create ESMC_Field object, ESMC_FieldRegridUTest.C, line 284
20220314 061439.284 INFO             PET0 PASS Create ESMC_Field object, ESMC_FieldRegridUTest.C, line 293
20220314 061439.284 INFO             PET0 PASS Get a void * C pointer to data from ESMC_Field object, ESMC_FieldRegridUTest.C, line 306
20220314 061439.284 INFO             PET0 PASS Get a void * C pointer to data from ESMC_Field object, ESMC_FieldRegridUTest.C, line 325
20220314 061439.284 INFO             PET0 PASS Create an InterArray for maskValues in ESMC_FieldRegridStore(), ESMC_FieldRegridUTest.C, line 343
20220314 061439.296 INFO             PET0 PIOc_sync Enter - MemInfo: [/proc/meminfo - SSI]	MemTotal:       65507008 kB
20220314 061439.296 INFO             PET0 PIOc_sync Enter - MemInfo: [/proc/meminfo - SSI]	MemFree:        49913384 kB
20220314 061439.296 INFO             PET0 PIOc_sync Enter - MemInfo: [/proc/meminfo - SSI]	MemAvailable:   49669336 kB
20220314 061439.296 INFO             PET0 PIOc_sync Enter - MemInfo: [/proc/meminfo - SSI]	Committed_AS:   13131756 kB
20220314 061439.296 INFO             PET0 PIOc_sync Enter - MemInfo: [/proc/meminfo - SSI]	CommittedPercent: 20.0463 %
20220314 061439.296 INFO             PET0 PIOc_sync Enter - MemInfo: [/proc/self/status]	VmPeak:	65695048 kB
20220314 061439.299 INFO             PET0 PIOc_sync Enter - MemInfo: [/proc/self/status]	VmSize:	65695048 kB
20220314 061439.299 INFO             PET0 PIOc_sync Enter - MemInfo: [/proc/self/status]	VmLck:	       0 kB
20220314 061439.299 INFO             PET0 PIOc_sync Enter - MemInfo: [/proc/self/status]	VmPin:	       0 kB
20220314 061439.299 INFO             PET0 PIOc_sync Enter - MemInfo: [/proc/self/status]	VmHWM:	   30972 kB
20220314 061439.299 INFO             PET0 PIOc_sync Enter - MemInfo: [/proc/self/status]	VmRSS:	   30972 kB
20220314 061439.299 INFO             PET0 PIOc_sync Enter - MemInfo: [/proc/self/status]	VmData:	   39080 kB
20220314 061439.299 INFO             PET0 PIOc_sync Enter - MemInfo: [/proc/self/status]	VmStk:	     144 kB
20220314 061439.299 INFO             PET0 PIOc_sync Enter - MemInfo: [/proc/self/status]	VmExe:	     228 kB
20220314 061439.299 INFO             PET0 PIOc_sync Enter - MemInfo: [/proc/self/status]	VmLib:	   39920 kB
20220314 061439.299 INFO             PET0 PIOc_sync Enter - MemInfo: [/proc/self/status]	VmPTE:	     232 kB
20220314 061439.299 INFO             PET0 PIOc_sync Enter - MemInfo: [/proc/self/status]	VmPMD:	      12 kB
20220314 061439.299 INFO             PET0 PIOc_sync Enter - MemInfo: [/proc/self/status]	VmSwap:	       0 kB
20220314 061439.299 INFO             PET0 PIOc_sync Enter - MemInfo: [/proc/self/status]	VmRSSPercent: 0.0472804 %
20220314 061439.299 INFO             PET0 PIOc_sync Enter - MemInfo: [malloc] Non-mmapped space allocated:                36626432 Byte
20220314 061439.299 INFO             PET0 PIOc_sync Enter - MemInfo: [malloc] Space allocated in mmapped regions:                0 Byte
20220314 061439.299 INFO             PET0 PIOc_sync Enter - MemInfo: [malloc] Maximum total allocated space:                     0 Byte
20220314 061439.299 INFO             PET0 PIOc_sync Enter - MemInfo: [malloc] Space in freed fastbin blocks:                  1008 Byte
20220314 061439.299 INFO             PET0 PIOc_sync Enter - MemInfo: [malloc] Total allocated space:                      36508192 Byte
20220314 061439.299 INFO             PET0 PIOc_sync Enter - MemInfo: [malloc] Total free space:                             118240 Byte
20220314 061439.299 INFO             PET0 PIOc_sync Enter - MemInfo: [malloc] Top-most, releasable space:                   116608 Byte
20220314 061439.299 INFO             PET0 PIOc_sync Enter - MemInfo: [malloc] Total space in use, mmap + non-mmap:        36508192 Byte
20220314 061439.299 INFO             PET0 PIOc_sync Enter - MemInfo: [malloc] Total space held (mmap + non-mmap):         36626432 Byte
20220314 061439.299 INFO             PET0 PIOc_sync Enter - MemInfo: [malloc] Total space used (mmap + non-mmap):         36517520 Byte
20220314 061439.299 INFO             PET0 PIOc_sync Enter - MemInfo: Wall-clock time since execution start:              0.0178406 seconds
20220314 061439.299 INFO             PET0 PIOc_sync Exit - MemInfo: [/proc/meminfo - SSI]	MemTotal:       65507008 kB
20220314 061439.299 INFO             PET0 PIOc_sync Exit - MemInfo: [/proc/meminfo - SSI]	MemFree:        49913384 kB
20220314 061439.299 INFO             PET0 PIOc_sync Exit - MemInfo: [/proc/meminfo - SSI]	MemAvailable:   49669336 kB
20220314 061439.299 INFO             PET0 PIOc_sync Exit - MemInfo: [/proc/meminfo - SSI]	Committed_AS:   13131756 kB
20220314 061439.299 INFO             PET0 PIOc_sync Exit - MemInfo: [/proc/meminfo - SSI]	CommittedPercent: 20.0463 %
20220314 061439.299 INFO             PET0 PIOc_sync Exit - MemInfo: [/proc/self/status]	VmPeak:	65695048 kB
20220314 061439.299 INFO             PET0 PIOc_sync Exit - MemInfo: [/proc/self/status]	VmSize:	65695048 kB
20220314 061439.299 INFO             PET0 PIOc_sync Exit - MemInfo: [/proc/self/status]	VmLck:	       0 kB
20220314 061439.299 INFO             PET0 PIOc_sync Exit - MemInfo: [/proc/self/status]	VmPin:	       0 kB
20220314 061439.299 INFO             PET0 PIOc_sync Exit - MemInfo: [/proc/self/status]	VmHWM:	   31092 kB
20220314 061439.299 INFO             PET0 PIOc_sync Exit - MemInfo: [/proc/self/status]	VmRSS:	   31092 kB
20220314 061439.299 INFO             PET0 PIOc_sync Exit - MemInfo: [/proc/self/status]	VmData:	   39080 kB
20220314 061439.299 INFO             PET0 PIOc_sync Exit - MemInfo: [/proc/self/status]	VmStk:	     144 kB
20220314 061439.299 INFO             PET0 PIOc_sync Exit - MemInfo: [/proc/self/status]	VmExe:	     228 kB
20220314 061439.299 INFO             PET0 PIOc_sync Exit - MemInfo: [/proc/self/status]	VmLib:	   39920 kB
20220314 061439.299 INFO             PET0 PIOc_sync Exit - MemInfo: [/proc/self/status]	VmPTE:	     232 kB
20220314 061439.299 INFO             PET0 PIOc_sync Exit - MemInfo: [/proc/self/status]	VmPMD:	      12 kB
20220314 061439.299 INFO             PET0 PIOc_sync Exit - MemInfo: [/proc/self/status]	VmSwap:	       0 kB
20220314 061439.299 INFO             PET0 PIOc_sync Exit - MemInfo: [/proc/self/status]	VmRSSPercent: 0.0474636 %
20220314 061439.299 INFO             PET0 PIOc_sync Exit - MemInfo: [malloc] Non-mmapped space allocated:                36626432 Byte
20220314 061439.299 INFO             PET0 PIOc_sync Exit - MemInfo: [malloc] Space allocated in mmapped regions:                0 Byte
20220314 061439.299 INFO             PET0 PIOc_sync Exit - MemInfo: [malloc] Maximum total allocated space:                     0 Byte
20220314 061439.299 INFO             PET0 PIOc_sync Exit - MemInfo: [malloc] Space in freed fastbin blocks:                   864 Byte
20220314 061439.299 INFO             PET0 PIOc_sync Exit - MemInfo: [malloc] Total allocated space:                      36507056 Byte
20220314 061439.299 INFO             PET0 PIOc_sync Exit - MemInfo: [malloc] Total free space:                             119376 Byte
20220314 061439.299 INFO             PET0 PIOc_sync Exit - MemInfo: [malloc] Top-most, releasable space:                   117024 Byte
20220314 061439.299 INFO             PET0 PIOc_sync Exit - MemInfo: [malloc] Total space in use, mmap + non-mmap:        36507056 Byte
20220314 061439.299 INFO             PET0 PIOc_sync Exit - MemInfo: [malloc] Total space held (mmap + non-mmap):         36626432 Byte
20220314 061439.299 INFO             PET0 PIOc_sync Exit - MemInfo: [malloc] Total space used (mmap + non-mmap):         36516384 Byte
20220314 061439.299 INFO             PET0 PIOc_sync Exit - MemInfo: Wall-clock time since execution start:              0.0182664 seconds
20220314 061439.299 INFO             PET0 PIOc_freedecomp Enter - MemInfo: [/proc/meminfo - SSI]	MemTotal:       65507008 kB
20220314 061439.299 INFO             PET0 PIOc_freedecomp Enter - MemInfo: [/proc/meminfo - SSI]	MemFree:        49913384 kB
20220314 061439.299 INFO             PET0 PIOc_freedecomp Enter - MemInfo: [/proc/meminfo - SSI]	MemAvailable:   49669336 kB
20220314 061439.300 INFO             PET0 PIOc_freedecomp Enter - MemInfo: [/proc/meminfo - SSI]	Committed_AS:   13131756 kB
20220314 061439.300 INFO             PET0 PIOc_freedecomp Enter - MemInfo: [/proc/meminfo - SSI]	CommittedPercent: 20.0463 %
20220314 061439.300 INFO             PET0 PIOc_freedecomp Enter - MemInfo: [/proc/self/status]	VmPeak:	65695048 kB
20220314 061439.300 INFO             PET0 PIOc_freedecomp Enter - MemInfo: [/proc/self/status]	VmSize:	65695048 kB
20220314 061439.300 INFO             PET0 PIOc_freedecomp Enter - MemInfo: [/proc/self/status]	VmLck:	       0 kB
20220314 061439.300 INFO             PET0 PIOc_freedecomp Enter - MemInfo: [/proc/self/status]	VmPin:	       0 kB
20220314 061439.300 INFO             PET0 PIOc_freedecomp Enter - MemInfo: [/proc/self/status]	VmHWM:	   31092 kB
20220314 061439.300 INFO             PET0 PIOc_freedecomp Enter - MemInfo: [/proc/self/status]	VmRSS:	   31092 kB
20220314 061439.300 INFO             PET0 PIOc_freedecomp Enter - MemInfo: [/proc/self/status]	VmData:	   39080 kB
20220314 061439.300 INFO             PET0 PIOc_freedecomp Enter - MemInfo: [/proc/self/status]	VmStk:	     144 kB
20220314 061439.300 INFO             PET0 PIOc_freedecomp Enter - MemInfo: [/proc/self/status]	VmExe:	     228 kB
20220314 061439.300 INFO             PET0 PIOc_freedecomp Enter - MemInfo: [/proc/self/status]	VmLib:	   39920 kB
20220314 061439.300 INFO             PET0 PIOc_freedecomp Enter - MemInfo: [/proc/self/status]	VmPTE:	     232 kB
20220314 061439.300 INFO             PET0 PIOc_freedecomp Enter - MemInfo: [/proc/self/status]	VmPMD:	      12 kB
20220314 061439.300 INFO             PET0 PIOc_freedecomp Enter - MemInfo: [/proc/self/status]	VmSwap:	       0 kB
20220314 061439.300 INFO             PET0 PIOc_freedecomp Enter - MemInfo: [/proc/self/status]	VmRSSPercent: 0.0474636 %
20220314 061439.300 INFO             PET0 PIOc_freedecomp Enter - MemInfo: [malloc] Non-mmapped space allocated:                36626432 Byte
20220314 061439.300 INFO             PET0 PIOc_freedecomp Enter - MemInfo: [malloc] Space allocated in mmapped regions:                0 Byte
20220314 061439.300 INFO             PET0 PIOc_freedecomp Enter - MemInfo: [malloc] Maximum total allocated space:                     0 Byte
20220314 061439.300 INFO             PET0 PIOc_freedecomp Enter - MemInfo: [malloc] Space in freed fastbin blocks:                   976 Byte
20220314 061439.300 INFO             PET0 PIOc_freedecomp Enter - MemInfo: [malloc] Total allocated space:                      19192368 Byte
20220314 061439.300 INFO             PET0 PIOc_freedecomp Enter - MemInfo: [malloc] Total free space:                           17434064 Byte
20220314 061439.300 INFO             PET0 PIOc_freedecomp Enter - MemInfo: [malloc] Top-most, releasable space:                   117024 Byte
20220314 061439.300 INFO             PET0 PIOc_freedecomp Enter - MemInfo: [malloc] Total space in use, mmap + non-mmap:        19192368 Byte
20220314 061439.300 INFO             PET0 PIOc_freedecomp Enter - MemInfo: [malloc] Total space held (mmap + non-mmap):         36626432 Byte
20220314 061439.300 INFO             PET0 PIOc_freedecomp Enter - MemInfo: [malloc] Total space used (mmap + non-mmap):         19201696 Byte
20220314 061439.300 INFO             PET0 PIOc_freedecomp Enter - MemInfo: Wall-clock time since execution start:              0.0186142 seconds
20220314 061439.300 INFO             PET0 PIOc_freedecomp Exit - MemInfo: [/proc/meminfo - SSI]	MemTotal:       65507008 kB
20220314 061439.300 INFO             PET0 PIOc_freedecomp Exit - MemInfo: [/proc/meminfo - SSI]	MemFree:        49913384 kB
20220314 061439.300 INFO             PET0 PIOc_freedecomp Exit - MemInfo: [/proc/meminfo - SSI]	MemAvailable:   49669336 kB
20220314 061439.300 INFO             PET0 PIOc_freedecomp Exit - MemInfo: [/proc/meminfo - SSI]	Committed_AS:   13131756 kB
20220314 061439.300 INFO             PET0 PIOc_freedecomp Exit - MemInfo: [/proc/meminfo - SSI]	CommittedPercent: 20.0463 %
20220314 061439.300 INFO             PET0 PIOc_freedecomp Exit - MemInfo: [/proc/self/status]	VmPeak:	65695048 kB
20220314 061439.300 INFO             PET0 PIOc_freedecomp Exit - MemInfo: [/proc/self/status]	VmSize:	65695048 kB
20220314 061439.300 INFO             PET0 PIOc_freedecomp Exit - MemInfo: [/proc/self/status]	VmLck:	       0 kB
20220314 061439.300 INFO             PET0 PIOc_freedecomp Exit - MemInfo: [/proc/self/status]	VmPin:	       0 kB
20220314 061439.300 INFO             PET0 PIOc_freedecomp Exit - MemInfo: [/proc/self/status]	VmHWM:	   31092 kB
20220314 061439.300 INFO             PET0 PIOc_freedecomp Exit - MemInfo: [/proc/self/status]	VmRSS:	   31092 kB
20220314 061439.300 INFO             PET0 PIOc_freedecomp Exit - MemInfo: [/proc/self/status]	VmData:	   39080 kB
20220314 061439.300 INFO             PET0 PIOc_freedecomp Exit - MemInfo: [/proc/self/status]	VmStk:	     144 kB
20220314 061439.300 INFO             PET0 PIOc_freedecomp Exit - MemInfo: [/proc/self/status]	VmExe:	     228 kB
20220314 061439.300 INFO             PET0 PIOc_freedecomp Exit - MemInfo: [/proc/self/status]	VmLib:	   39920 kB
20220314 061439.300 INFO             PET0 PIOc_freedecomp Exit - MemInfo: [/proc/self/status]	VmPTE:	     232 kB
20220314 061439.300 INFO             PET0 PIOc_freedecomp Exit - MemInfo: [/proc/self/status]	VmPMD:	      12 kB
20220314 061439.300 INFO             PET0 PIOc_freedecomp Exit - MemInfo: [/proc/self/status]	VmSwap:	       0 kB
20220314 061439.300 INFO             PET0 PIOc_freedecomp Exit - MemInfo: [/proc/self/status]	VmRSSPercent: 0.0474636 %
20220314 061439.300 INFO             PET0 PIOc_freedecomp Exit - MemInfo: [malloc] Non-mmapped space allocated:                36626432 Byte
20220314 061439.300 INFO             PET0 PIOc_freedecomp Exit - MemInfo: [malloc] Space allocated in mmapped regions:                0 Byte
20220314 061439.300 INFO             PET0 PIOc_freedecomp Exit - MemInfo: [malloc] Maximum total allocated space:                     0 Byte
20220314 061439.300 INFO             PET0 PIOc_freedecomp Exit - MemInfo: [malloc] Space in freed fastbin blocks:                  1104 Byte
20220314 061439.300 INFO             PET0 PIOc_freedecomp Exit - MemInfo: [malloc] Total allocated space:                      19189472 Byte
20220314 061439.300 INFO             PET0 PIOc_freedecomp Exit - MemInfo: [malloc] Total free space:                           17436960 Byte
20220314 061439.300 INFO             PET0 PIOc_freedecomp Exit - MemInfo: [malloc] Top-most, releasable space:                   117024 Byte
20220314 061439.300 INFO             PET0 PIOc_freedecomp Exit - MemInfo: [malloc] Total space in use, mmap + non-mmap:        19189472 Byte
20220314 061439.300 INFO             PET0 PIOc_freedecomp Exit - MemInfo: [malloc] Total space held (mmap + non-mmap):         36626432 Byte
20220314 061439.300 INFO             PET0 PIOc_freedecomp Exit - MemInfo: [malloc] Total space used (mmap + non-mmap):         19198800 Byte
20220314 061439.300 INFO             PET0 PIOc_freedecomp Exit - MemInfo: Wall-clock time since execution start:              0.0189306 seconds
20220314 061439.301 INFO             PET0 PIOc_sync Enter - MemInfo: [/proc/meminfo - SSI]	MemTotal:       65507008 kB
20220314 061439.301 INFO             PET0 PIOc_sync Enter - MemInfo: [/proc/meminfo - SSI]	MemFree:        49913384 kB
20220314 061439.301 INFO             PET0 PIOc_sync Enter - MemInfo: [/proc/meminfo - SSI]	MemAvailable:   49669336 kB
20220314 061439.301 INFO             PET0 PIOc_sync Enter - MemInfo: [/proc/meminfo - SSI]	Committed_AS:   13131756 kB
20220314 061439.301 INFO             PET0 PIOc_sync Enter - MemInfo: [/proc/meminfo - SSI]	CommittedPercent: 20.0463 %
20220314 061439.301 INFO             PET0 PIOc_sync Enter - MemInfo: [/proc/self/status]	VmPeak:	65703236 kB
20220314 061439.301 INFO             PET0 PIOc_sync Enter - MemInfo: [/proc/self/status]	VmSize:	65695048 kB
20220314 061439.301 INFO             PET0 PIOc_sync Enter - MemInfo: [/proc/self/status]	VmLck:	       0 kB
20220314 061439.301 INFO             PET0 PIOc_sync Enter - MemInfo: [/proc/self/status]	VmPin:	       0 kB
20220314 061439.301 INFO             PET0 PIOc_sync Enter - MemInfo: [/proc/self/status]	VmHWM:	   31100 kB
20220314 061439.301 INFO             PET0 PIOc_sync Enter - MemInfo: [/proc/self/status]	VmRSS:	   31100 kB
20220314 061439.301 INFO             PET0 PIOc_sync Enter - MemInfo: [/proc/self/status]	VmData:	   39080 kB
20220314 061439.301 INFO             PET0 PIOc_sync Enter - MemInfo: [/proc/self/status]	VmStk:	     144 kB
20220314 061439.301 INFO             PET0 PIOc_sync Enter - MemInfo: [/proc/self/status]	VmExe:	     228 kB
20220314 061439.301 INFO             PET0 PIOc_sync Enter - MemInfo: [/proc/self/status]	VmLib:	   39920 kB
20220314 061439.301 INFO             PET0 PIOc_sync Enter - MemInfo: [/proc/self/status]	VmPTE:	     236 kB
20220314 061439.301 INFO             PET0 PIOc_sync Enter - MemInfo: [/proc/self/status]	VmPMD:	      16 kB
20220314 061439.301 INFO             PET0 PIOc_sync Enter - MemInfo: [/proc/self/status]	VmSwap:	       0 kB
20220314 061439.301 INFO             PET0 PIOc_sync Enter - MemInfo: [/proc/self/status]	VmRSSPercent: 0.0474758 %
20220314 061439.301 INFO             PET0 PIOc_sync Enter - MemInfo: [malloc] Non-mmapped space allocated:                36626432 Byte
20220314 061439.301 INFO             PET0 PIOc_sync Enter - MemInfo: [malloc] Space allocated in mmapped regions:                0 Byte
20220314 061439.301 INFO             PET0 PIOc_sync Enter - MemInfo: [malloc] Maximum total allocated space:                     0 Byte
20220314 061439.301 INFO             PET0 PIOc_sync Enter - MemInfo: [malloc] Space in freed fastbin blocks:                   880 Byte
20220314 061439.301 INFO             PET0 PIOc_sync Enter - MemInfo: [malloc] Total allocated space:                      36508320 Byte
20220314 061439.301 INFO             PET0 PIOc_sync Enter - MemInfo: [malloc] Total free space:                             118112 Byte
20220314 061439.301 INFO             PET0 PIOc_sync Enter - MemInfo: [malloc] Top-most, releasable space:                   115504 Byte
20220314 061439.301 INFO             PET0 PIOc_sync Enter - MemInfo: [malloc] Total space in use, mmap + non-mmap:        36508320 Byte
20220314 061439.301 INFO             PET0 PIOc_sync Enter - MemInfo: [malloc] Total space held (mmap + non-mmap):         36626432 Byte
20220314 061439.301 INFO             PET0 PIOc_sync Enter - MemInfo: [malloc] Total space used (mmap + non-mmap):         36517648 Byte
20220314 061439.301 INFO             PET0 PIOc_sync Enter - MemInfo: Wall-clock time since execution start:              0.0199789 seconds
20220314 061439.301 INFO             PET0 PIOc_sync Exit - MemInfo: [/proc/meminfo - SSI]	MemTotal:       65507008 kB
20220314 061439.301 INFO             PET0 PIOc_sync Exit - MemInfo: [/proc/meminfo - SSI]	MemFree:        49913384 kB
20220314 061439.301 INFO             PET0 PIOc_sync Exit - MemInfo: [/proc/meminfo - SSI]	MemAvailable:   49669336 kB
20220314 061439.301 INFO             PET0 PIOc_sync Exit - MemInfo: [/proc/meminfo - SSI]	Committed_AS:   13131756 kB
20220314 061439.301 INFO             PET0 PIOc_sync Exit - MemInfo: [/proc/meminfo - SSI]	CommittedPercent: 20.0463 %
20220314 061439.301 INFO             PET0 PIOc_sync Exit - MemInfo: [/proc/self/status]	VmPeak:	65703236 kB
20220314 061439.301 INFO             PET0 PIOc_sync Exit - MemInfo: [/proc/self/status]	VmSize:	65695048 kB
20220314 061439.301 INFO             PET0 PIOc_sync Exit - MemInfo: [/proc/self/status]	VmLck:	       0 kB
20220314 061439.301 INFO             PET0 PIOc_sync Exit - MemInfo: [/proc/self/status]	VmPin:	       0 kB
20220314 061439.301 INFO             PET0 PIOc_sync Exit - MemInfo: [/proc/self/status]	VmHWM:	   31104 kB
20220314 061439.301 INFO             PET0 PIOc_sync Exit - MemInfo: [/proc/self/status]	VmRSS:	   31104 kB
20220314 061439.301 INFO             PET0 PIOc_sync Exit - MemInfo: [/proc/self/status]	VmData:	   39080 kB
20220314 061439.301 INFO             PET0 PIOc_sync Exit - MemInfo: [/proc/self/status]	VmStk:	     144 kB
20220314 061439.301 INFO             PET0 PIOc_sync Exit - MemInfo: [/proc/self/status]	VmExe:	     228 kB
20220314 061439.301 INFO             PET0 PIOc_sync Exit - MemInfo: [/proc/self/status]	VmLib:	   39920 kB
20220314 061439.301 INFO             PET0 PIOc_sync Exit - MemInfo: [/proc/self/status]	VmPTE:	     236 kB
20220314 061439.301 INFO             PET0 PIOc_sync Exit - MemInfo: [/proc/self/status]	VmPMD:	      16 kB
20220314 061439.301 INFO             PET0 PIOc_sync Exit - MemInfo: [/proc/self/status]	VmSwap:	       0 kB
20220314 061439.301 INFO             PET0 PIOc_sync Exit - MemInfo: [/proc/self/status]	VmRSSPercent: 0.0474819 %
20220314 061439.301 INFO             PET0 PIOc_sync Exit - MemInfo: [malloc] Non-mmapped space allocated:                36626432 Byte
20220314 061439.301 INFO             PET0 PIOc_sync Exit - MemInfo: [malloc] Space allocated in mmapped regions:                0 Byte
20220314 061439.301 INFO             PET0 PIOc_sync Exit - MemInfo: [malloc] Maximum total allocated space:                     0 Byte
20220314 061439.301 INFO             PET0 PIOc_sync Exit - MemInfo: [malloc] Space in freed fastbin blocks:                   832 Byte
20220314 061439.301 INFO             PET0 PIOc_sync Exit - MemInfo: [malloc] Total allocated space:                      36507424 Byte
20220314 061439.301 INFO             PET0 PIOc_sync Exit - MemInfo: [malloc] Total free space:                             119008 Byte
20220314 061439.301 INFO             PET0 PIOc_sync Exit - MemInfo: [malloc] Top-most, releasable space:                   116304 Byte
20220314 061439.301 INFO             PET0 PIOc_sync Exit - MemInfo: [malloc] Total space in use, mmap + non-mmap:        36507424 Byte
20220314 061439.301 INFO             PET0 PIOc_sync Exit - MemInfo: [malloc] Total space held (mmap + non-mmap):         36626432 Byte
20220314 061439.301 INFO             PET0 PIOc_sync Exit - MemInfo: [malloc] Total space used (mmap + non-mmap):         36516752 Byte
20220314 061439.301 INFO             PET0 PIOc_sync Exit - MemInfo: Wall-clock time since execution start:              0.0203334 seconds
20220314 061439.302 INFO             PET0 PIOc_freedecomp Enter - MemInfo: [/proc/meminfo - SSI]	MemTotal:       65507008 kB
20220314 061439.302 INFO             PET0 PIOc_freedecomp Enter - MemInfo: [/proc/meminfo - SSI]	MemFree:        49913384 kB
20220314 061439.302 INFO             PET0 PIOc_freedecomp Enter - MemInfo: [/proc/meminfo - SSI]	MemAvailable:   49669336 kB
20220314 061439.302 INFO             PET0 PIOc_freedecomp Enter - MemInfo: [/proc/meminfo - SSI]	Committed_AS:   13131756 kB
20220314 061439.302 INFO             PET0 PIOc_freedecomp Enter - MemInfo: [/proc/meminfo - SSI]	CommittedPercent: 20.0463 %
20220314 061439.302 INFO             PET0 PIOc_freedecomp Enter - MemInfo: [/proc/self/status]	VmPeak:	65703236 kB
20220314 061439.302 INFO             PET0 PIOc_freedecomp Enter - MemInfo: [/proc/self/status]	VmSize:	65695048 kB
20220314 061439.302 INFO             PET0 PIOc_freedecomp Enter - MemInfo: [/proc/self/status]	VmLck:	       0 kB
20220314 061439.302 INFO             PET0 PIOc_freedecomp Enter - MemInfo: [/proc/self/status]	VmPin:	       0 kB
20220314 061439.302 INFO             PET0 PIOc_freedecomp Enter - MemInfo: [/proc/self/status]	VmHWM:	   31104 kB
20220314 061439.302 INFO             PET0 PIOc_freedecomp Enter - MemInfo: [/proc/self/status]	VmRSS:	   31104 kB
20220314 061439.302 INFO             PET0 PIOc_freedecomp Enter - MemInfo: [/proc/self/status]	VmData:	   39080 kB
20220314 061439.302 INFO             PET0 PIOc_freedecomp Enter - MemInfo: [/proc/self/status]	VmStk:	     144 kB
20220314 061439.302 INFO             PET0 PIOc_freedecomp Enter - MemInfo: [/proc/self/status]	VmExe:	     228 kB
20220314 061439.302 INFO             PET0 PIOc_freedecomp Enter - MemInfo: [/proc/self/status]	VmLib:	   39920 kB
20220314 061439.302 INFO             PET0 PIOc_freedecomp Enter - MemInfo: [/proc/self/status]	VmPTE:	     236 kB
20220314 061439.302 INFO             PET0 PIOc_freedecomp Enter - MemInfo: [/proc/self/status]	VmPMD:	      16 kB
20220314 061439.302 INFO             PET0 PIOc_freedecomp Enter - MemInfo: [/proc/self/status]	VmSwap:	       0 kB
20220314 061439.302 INFO             PET0 PIOc_freedecomp Enter - MemInfo: [/proc/self/status]	VmRSSPercent: 0.0474819 %
20220314 061439.302 INFO             PET0 PIOc_freedecomp Enter - MemInfo: [malloc] Non-mmapped space allocated:                36626432 Byte
20220314 061439.302 INFO             PET0 PIOc_freedecomp Enter - MemInfo: [malloc] Space allocated in mmapped regions:                0 Byte
20220314 061439.302 INFO             PET0 PIOc_freedecomp Enter - MemInfo: [malloc] Maximum total allocated space:                     0 Byte
20220314 061439.302 INFO             PET0 PIOc_freedecomp Enter - MemInfo: [malloc] Space in freed fastbin blocks:                  1072 Byte
20220314 061439.302 INFO             PET0 PIOc_freedecomp Enter - MemInfo: [malloc] Total allocated space:                      19192352 Byte
20220314 061439.302 INFO             PET0 PIOc_freedecomp Enter - MemInfo: [malloc] Total free space:                           17434080 Byte
20220314 061439.302 INFO             PET0 PIOc_freedecomp Enter - MemInfo: [malloc] Top-most, releasable space:                   116304 Byte
20220314 061439.302 INFO             PET0 PIOc_freedecomp Enter - MemInfo: [malloc] Total space in use, mmap + non-mmap:        19192352 Byte
20220314 061439.302 INFO             PET0 PIOc_freedecomp Enter - MemInfo: [malloc] Total space held (mmap + non-mmap):         36626432 Byte
20220314 061439.302 INFO             PET0 PIOc_freedecomp Enter - MemInfo: [malloc] Total space used (mmap + non-mmap):         19201680 Byte
20220314 061439.302 INFO             PET0 PIOc_freedecomp Enter - MemInfo: Wall-clock time since execution start:              0.0206625 seconds
20220314 061439.302 INFO             PET0 PIOc_freedecomp Exit - MemInfo: [/proc/meminfo - SSI]	MemTotal:       65507008 kB
20220314 061439.302 INFO             PET0 PIOc_freedecomp Exit - MemInfo: [/proc/meminfo - SSI]	MemFree:        49913384 kB
20220314 061439.302 INFO             PET0 PIOc_freedecomp Exit - MemInfo: [/proc/meminfo - SSI]	MemAvailable:   49669336 kB
20220314 061439.302 INFO             PET0 PIOc_freedecomp Exit - MemInfo: [/proc/meminfo - SSI]	Committed_AS:   13131756 kB
20220314 061439.302 INFO             PET0 PIOc_freedecomp Exit - MemInfo: [/proc/meminfo - SSI]	CommittedPercent: 20.0463 %
20220314 061439.302 INFO             PET0 PIOc_freedecomp Exit - MemInfo: [/proc/self/status]	VmPeak:	65703236 kB
20220314 061439.302 INFO             PET0 PIOc_freedecomp Exit - MemInfo: [/proc/self/status]	VmSize:	65695048 kB
20220314 061439.302 INFO             PET0 PIOc_freedecomp Exit - MemInfo: [/proc/self/status]	VmLck:	       0 kB
20220314 061439.302 INFO             PET0 PIOc_freedecomp Exit - MemInfo: [/proc/self/status]	VmPin:	       0 kB
20220314 061439.302 INFO             PET0 PIOc_freedecomp Exit - MemInfo: [/proc/self/status]	VmHWM:	   31104 kB
20220314 061439.302 INFO             PET0 PIOc_freedecomp Exit - MemInfo: [/proc/self/status]	VmRSS:	   31104 kB
20220314 061439.302 INFO             PET0 PIOc_freedecomp Exit - MemInfo: [/proc/self/status]	VmData:	   39080 kB
20220314 061439.302 INFO             PET0 PIOc_freedecomp Exit - MemInfo: [/proc/self/status]	VmStk:	     144 kB
20220314 061439.302 INFO             PET0 PIOc_freedecomp Exit - MemInfo: [/proc/self/status]	VmExe:	     228 kB
20220314 061439.302 INFO             PET0 PIOc_freedecomp Exit - MemInfo: [/proc/self/status]	VmLib:	   39920 kB
20220314 061439.302 INFO             PET0 PIOc_freedecomp Exit - MemInfo: [/proc/self/status]	VmPTE:	     236 kB
20220314 061439.302 INFO             PET0 PIOc_freedecomp Exit - MemInfo: [/proc/self/status]	VmPMD:	      16 kB
20220314 061439.302 INFO             PET0 PIOc_freedecomp Exit - MemInfo: [/proc/self/status]	VmSwap:	       0 kB
20220314 061439.302 INFO             PET0 PIOc_freedecomp Exit - MemInfo: [/proc/self/status]	VmRSSPercent: 0.0474819 %
20220314 061439.302 INFO             PET0 PIOc_freedecomp Exit - MemInfo: [malloc] Non-mmapped space allocated:                36626432 Byte
20220314 061439.302 INFO             PET0 PIOc_freedecomp Exit - MemInfo: [malloc] Space allocated in mmapped regions:                0 Byte
20220314 061439.302 INFO             PET0 PIOc_freedecomp Exit - MemInfo: [malloc] Maximum total allocated space:                     0 Byte
20220314 061439.302 INFO             PET0 PIOc_freedecomp Exit - MemInfo: [malloc] Space in freed fastbin blocks:                   784 Byte
20220314 061439.302 INFO             PET0 PIOc_freedecomp Exit - MemInfo: [malloc] Total allocated space:                      19189472 Byte
20220314 061439.302 INFO             PET0 PIOc_freedecomp Exit - MemInfo: [malloc] Total free space:                           17436960 Byte
20220314 061439.302 INFO             PET0 PIOc_freedecomp Exit - MemInfo: [malloc] Top-most, releasable space:                   129200 Byte
20220314 061439.302 INFO             PET0 PIOc_freedecomp Exit - MemInfo: [malloc] Total space in use, mmap + non-mmap:        19189472 Byte
20220314 061439.302 INFO             PET0 PIOc_freedecomp Exit - MemInfo: [malloc] Total space held (mmap + non-mmap):         36626432 Byte
20220314 061439.302 INFO             PET0 PIOc_freedecomp Exit - MemInfo: [malloc] Total space used (mmap + non-mmap):         19198800 Byte
20220314 061439.302 INFO             PET0 PIOc_freedecomp Exit - MemInfo: Wall-clock time since execution start:              0.0209711 seconds
20220314 061439.303 INFO             PET0 PIOc_sync Enter - MemInfo: [/proc/meminfo - SSI]	MemTotal:       65507008 kB
20220314 061439.303 INFO             PET0 PIOc_sync Enter - MemInfo: [/proc/meminfo - SSI]	MemFree:        49913384 kB
20220314 061439.303 INFO             PET0 PIOc_sync Enter - MemInfo: [/proc/meminfo - SSI]	MemAvailable:   49669336 kB
20220314 061439.303 INFO             PET0 PIOc_sync Enter - MemInfo: [/proc/meminfo - SSI]	Committed_AS:   13131756 kB
20220314 061439.303 INFO             PET0 PIOc_sync Enter - MemInfo: [/proc/meminfo - SSI]	CommittedPercent: 20.0463 %
20220314 061439.303 INFO             PET0 PIOc_sync Enter - MemInfo: [/proc/self/status]	VmPeak:	65703236 kB
20220314 061439.303 INFO             PET0 PIOc_sync Enter - MemInfo: [/proc/self/status]	VmSize:	65695048 kB
20220314 061439.303 INFO             PET0 PIOc_sync Enter - MemInfo: [/proc/self/status]	VmLck:	       0 kB
20220314 061439.303 INFO             PET0 PIOc_sync Enter - MemInfo: [/proc/self/status]	VmPin:	       0 kB
20220314 061439.303 INFO             PET0 PIOc_sync Enter - MemInfo: [/proc/self/status]	VmHWM:	   31104 kB
20220314 061439.303 INFO             PET0 PIOc_sync Enter - MemInfo: [/proc/self/status]	VmRSS:	   31104 kB
20220314 061439.303 INFO             PET0 PIOc_sync Enter - MemInfo: [/proc/self/status]	VmData:	   39080 kB
20220314 061439.303 INFO             PET0 PIOc_sync Enter - MemInfo: [/proc/self/status]	VmStk:	     144 kB
20220314 061439.303 INFO             PET0 PIOc_sync Enter - MemInfo: [/proc/self/status]	VmExe:	     228 kB
20220314 061439.303 INFO             PET0 PIOc_sync Enter - MemInfo: [/proc/self/status]	VmLib:	   39920 kB
20220314 061439.303 INFO             PET0 PIOc_sync Enter - MemInfo: [/proc/self/status]	VmPTE:	     236 kB
20220314 061439.303 INFO             PET0 PIOc_sync Enter - MemInfo: [/proc/self/status]	VmPMD:	      16 kB
20220314 061439.303 INFO             PET0 PIOc_sync Enter - MemInfo: [/proc/self/status]	VmSwap:	       0 kB
20220314 061439.303 INFO             PET0 PIOc_sync Enter - MemInfo: [/proc/self/status]	VmRSSPercent: 0.0474819 %
20220314 061439.303 INFO             PET0 PIOc_sync Enter - MemInfo: [malloc] Non-mmapped space allocated:                36626432 Byte
20220314 061439.303 INFO             PET0 PIOc_sync Enter - MemInfo: [malloc] Space allocated in mmapped regions:                0 Byte
20220314 061439.303 INFO             PET0 PIOc_sync Enter - MemInfo: [malloc] Maximum total allocated space:                     0 Byte
20220314 061439.303 INFO             PET0 PIOc_sync Enter - MemInfo: [malloc] Space in freed fastbin blocks:                   976 Byte
20220314 061439.303 INFO             PET0 PIOc_sync Enter - MemInfo: [malloc] Total allocated space:                      36508752 Byte
20220314 061439.303 INFO             PET0 PIOc_sync Enter - MemInfo: [malloc] Total free space:                             117680 Byte
20220314 061439.303 INFO             PET0 PIOc_sync Enter - MemInfo: [malloc] Top-most, releasable space:                   115104 Byte
20220314 061439.303 INFO             PET0 PIOc_sync Enter - MemInfo: [malloc] Total space in use, mmap + non-mmap:        36508752 Byte
20220314 061439.303 INFO             PET0 PIOc_sync Enter - MemInfo: [malloc] Total space held (mmap + non-mmap):         36626432 Byte
20220314 061439.303 INFO             PET0 PIOc_sync Enter - MemInfo: [malloc] Total space used (mmap + non-mmap):         36518080 Byte
20220314 061439.303 INFO             PET0 PIOc_sync Enter - MemInfo: Wall-clock time since execution start:               0.021945 seconds
20220314 061439.303 INFO             PET0 PIOc_sync Exit - MemInfo: [/proc/meminfo - SSI]	MemTotal:       65507008 kB
20220314 061439.303 INFO             PET0 PIOc_sync Exit - MemInfo: [/proc/meminfo - SSI]	MemFree:        49913384 kB
20220314 061439.303 INFO             PET0 PIOc_sync Exit - MemInfo: [/proc/meminfo - SSI]	MemAvailable:   49669336 kB
20220314 061439.303 INFO             PET0 PIOc_sync Exit - MemInfo: [/proc/meminfo - SSI]	Committed_AS:   13131756 kB
20220314 061439.303 INFO             PET0 PIOc_sync Exit - MemInfo: [/proc/meminfo - SSI]	CommittedPercent: 20.0463 %
20220314 061439.303 INFO             PET0 PIOc_sync Exit - MemInfo: [/proc/self/status]	VmPeak:	65703236 kB
20220314 061439.303 INFO             PET0 PIOc_sync Exit - MemInfo: [/proc/self/status]	VmSize:	65695048 kB
20220314 061439.303 INFO             PET0 PIOc_sync Exit - MemInfo: [/proc/self/status]	VmLck:	       0 kB
20220314 061439.303 INFO             PET0 PIOc_sync Exit - MemInfo: [/proc/self/status]	VmPin:	       0 kB
20220314 061439.303 INFO             PET0 PIOc_sync Exit - MemInfo: [/proc/self/status]	VmHWM:	   31108 kB
20220314 061439.303 INFO             PET0 PIOc_sync Exit - MemInfo: [/proc/self/status]	VmRSS:	   31108 kB
20220314 061439.303 INFO             PET0 PIOc_sync Exit - MemInfo: [/proc/self/status]	VmData:	   39080 kB
20220314 061439.303 INFO             PET0 PIOc_sync Exit - MemInfo: [/proc/self/status]	VmStk:	     144 kB
20220314 061439.303 INFO             PET0 PIOc_sync Exit - MemInfo: [/proc/self/status]	VmExe:	     228 kB
20220314 061439.303 INFO             PET0 PIOc_sync Exit - MemInfo: [/proc/self/status]	VmLib:	   39920 kB
20220314 061439.303 INFO             PET0 PIOc_sync Exit - MemInfo: [/proc/self/status]	VmPTE:	     236 kB
20220314 061439.303 INFO             PET0 PIOc_sync Exit - MemInfo: [/proc/self/status]	VmPMD:	      16 kB
20220314 061439.303 INFO             PET0 PIOc_sync Exit - MemInfo: [/proc/self/status]	VmSwap:	       0 kB
20220314 061439.303 INFO             PET0 PIOc_sync Exit - MemInfo: [/proc/self/status]	VmRSSPercent: 0.047488 %
20220314 061439.303 INFO             PET0 PIOc_sync Exit - MemInfo: [malloc] Non-mmapped space allocated:                36626432 Byte
20220314 061439.303 INFO             PET0 PIOc_sync Exit - MemInfo: [malloc] Space allocated in mmapped regions:                0 Byte
20220314 061439.303 INFO             PET0 PIOc_sync Exit - MemInfo: [malloc] Maximum total allocated space:                     0 Byte
20220314 061439.303 INFO             PET0 PIOc_sync Exit - MemInfo: [malloc] Space in freed fastbin blocks:                   944 Byte
20220314 061439.303 INFO             PET0 PIOc_sync Exit - MemInfo: [malloc] Total allocated space:                      36507840 Byte
20220314 061439.303 INFO             PET0 PIOc_sync Exit - MemInfo: [malloc] Total free space:                             118592 Byte
20220314 061439.303 INFO             PET0 PIOc_sync Exit - MemInfo: [malloc] Top-most, releasable space:                   115904 Byte
20220314 061439.303 INFO             PET0 PIOc_sync Exit - MemInfo: [malloc] Total space in use, mmap + non-mmap:        36507840 Byte
20220314 061439.303 INFO             PET0 PIOc_sync Exit - MemInfo: [malloc] Total space held (mmap + non-mmap):         36626432 Byte
20220314 061439.303 INFO             PET0 PIOc_sync Exit - MemInfo: [malloc] Total space used (mmap + non-mmap):         36517184 Byte
20220314 061439.303 INFO             PET0 PIOc_sync Exit - MemInfo: Wall-clock time since execution start:              0.0222953 seconds
20220314 061439.303 INFO             PET0 PIOc_freedecomp Enter - MemInfo: [/proc/meminfo - SSI]	MemTotal:       65507008 kB
20220314 061439.304 INFO             PET0 PIOc_freedecomp Enter - MemInfo: [/proc/meminfo - SSI]	MemFree:        49913384 kB
20220314 061439.304 INFO             PET0 PIOc_freedecomp Enter - MemInfo: [/proc/meminfo - SSI]	MemAvailable:   49669336 kB
20220314 061439.304 INFO             PET0 PIOc_freedecomp Enter - MemInfo: [/proc/meminfo - SSI]	Committed_AS:   13131756 kB
20220314 061439.304 INFO             PET0 PIOc_freedecomp Enter - MemInfo: [/proc/meminfo - SSI]	CommittedPercent: 20.0463 %
20220314 061439.304 INFO             PET0 PIOc_freedecomp Enter - MemInfo: [/proc/self/status]	VmPeak:	65703236 kB
20220314 061439.304 INFO             PET0 PIOc_freedecomp Enter - MemInfo: [/proc/self/status]	VmSize:	65695048 kB
20220314 061439.304 INFO             PET0 PIOc_freedecomp Enter - MemInfo: [/proc/self/status]	VmLck:	       0 kB
20220314 061439.304 INFO             PET0 PIOc_freedecomp Enter - MemInfo: [/proc/self/status]	VmPin:	       0 kB
20220314 061439.304 INFO             PET0 PIOc_freedecomp Enter - MemInfo: [/proc/self/status]	VmHWM:	   31108 kB
20220314 061439.304 INFO             PET0 PIOc_freedecomp Enter - MemInfo: [/proc/self/status]	VmRSS:	   31108 kB
20220314 061439.304 INFO             PET0 PIOc_freedecomp Enter - MemInfo: [/proc/self/status]	VmData:	   39080 kB
20220314 061439.304 INFO             PET0 PIOc_freedecomp Enter - MemInfo: [/proc/self/status]	VmStk:	     144 kB
20220314 061439.304 INFO             PET0 PIOc_freedecomp Enter - MemInfo: [/proc/self/status]	VmExe:	     228 kB
20220314 061439.304 INFO             PET0 PIOc_freedecomp Enter - MemInfo: [/proc/self/status]	VmLib:	   39920 kB
20220314 061439.304 INFO             PET0 PIOc_freedecomp Enter - MemInfo: [/proc/self/status]	VmPTE:	     236 kB
20220314 061439.304 INFO             PET0 PIOc_freedecomp Enter - MemInfo: [/proc/self/status]	VmPMD:	      16 kB
20220314 061439.304 INFO             PET0 PIOc_freedecomp Enter - MemInfo: [/proc/self/status]	VmSwap:	       0 kB
20220314 061439.304 INFO             PET0 PIOc_freedecomp Enter - MemInfo: [/proc/self/status]	VmRSSPercent: 0.047488 %
20220314 061439.304 INFO             PET0 PIOc_freedecomp Enter - MemInfo: [malloc] Non-mmapped space allocated:                36626432 Byte
20220314 061439.304 INFO             PET0 PIOc_freedecomp Enter - MemInfo: [malloc] Space allocated in mmapped regions:                0 Byte
20220314 061439.304 INFO             PET0 PIOc_freedecomp Enter - MemInfo: [malloc] Maximum total allocated space:                     0 Byte
20220314 061439.304 INFO             PET0 PIOc_freedecomp Enter - MemInfo: [malloc] Space in freed fastbin blocks:                  1072 Byte
20220314 061439.304 INFO             PET0 PIOc_freedecomp Enter - MemInfo: [malloc] Total allocated space:                      19192336 Byte
20220314 061439.304 INFO             PET0 PIOc_freedecomp Enter - MemInfo: [malloc] Total free space:                           17434096 Byte
20220314 061439.304 INFO             PET0 PIOc_freedecomp Enter - MemInfo: [malloc] Top-most, releasable space:                   115904 Byte
20220314 061439.304 INFO             PET0 PIOc_freedecomp Enter - MemInfo: [malloc] Total space in use, mmap + non-mmap:        19192336 Byte
20220314 061439.304 INFO             PET0 PIOc_freedecomp Enter - MemInfo: [malloc] Total space held (mmap + non-mmap):         36626432 Byte
20220314 061439.304 INFO             PET0 PIOc_freedecomp Enter - MemInfo: [malloc] Total space used (mmap + non-mmap):         19201664 Byte
20220314 061439.304 INFO             PET0 PIOc_freedecomp Enter - MemInfo: Wall-clock time since execution start:              0.0226254 seconds
20220314 061439.304 INFO             PET0 PIOc_freedecomp Exit - MemInfo: [/proc/meminfo - SSI]	MemTotal:       65507008 kB
20220314 061439.304 INFO             PET0 PIOc_freedecomp Exit - MemInfo: [/proc/meminfo - SSI]	MemFree:        49913384 kB
20220314 061439.304 INFO             PET0 PIOc_freedecomp Exit - MemInfo: [/proc/meminfo - SSI]	MemAvailable:   49669336 kB
20220314 061439.304 INFO             PET0 PIOc_freedecomp Exit - MemInfo: [/proc/meminfo - SSI]	Committed_AS:   13131756 kB
20220314 061439.304 INFO             PET0 PIOc_freedecomp Exit - MemInfo: [/proc/meminfo - SSI]	CommittedPercent: 20.0463 %
20220314 061439.304 INFO             PET0 PIOc_freedecomp Exit - MemInfo: [/proc/self/status]	VmPeak:	65703236 kB
20220314 061439.304 INFO             PET0 PIOc_freedecomp Exit - MemInfo: [/proc/self/status]	VmSize:	65695048 kB
20220314 061439.304 INFO             PET0 PIOc_freedecomp Exit - MemInfo: [/proc/self/status]	VmLck:	       0 kB
20220314 061439.304 INFO             PET0 PIOc_freedecomp Exit - MemInfo: [/proc/self/status]	VmPin:	       0 kB
20220314 061439.304 INFO             PET0 PIOc_freedecomp Exit - MemInfo: [/proc/self/status]	VmHWM:	   31108 kB
20220314 061439.304 INFO             PET0 PIOc_freedecomp Exit - MemInfo: [/proc/self/status]	VmRSS:	   31108 kB
20220314 061439.304 INFO             PET0 PIOc_freedecomp Exit - MemInfo: [/proc/self/status]	VmData:	   39080 kB
20220314 061439.304 INFO             PET0 PIOc_freedecomp Exit - MemInfo: [/proc/self/status]	VmStk:	     144 kB
20220314 061439.304 INFO             PET0 PIOc_freedecomp Exit - MemInfo: [/proc/self/status]	VmExe:	     228 kB
20220314 061439.304 INFO             PET0 PIOc_freedecomp Exit - MemInfo: [/proc/self/status]	VmLib:	   39920 kB
20220314 061439.304 INFO             PET0 PIOc_freedecomp Exit - MemInfo: [/proc/self/status]	VmPTE:	     236 kB
20220314 061439.304 INFO             PET0 PIOc_freedecomp Exit - MemInfo: [/proc/self/status]	VmPMD:	      16 kB
20220314 061439.304 INFO             PET0 PIOc_freedecomp Exit - MemInfo: [/proc/self/status]	VmSwap:	       0 kB
20220314 061439.304 INFO             PET0 PIOc_freedecomp Exit - MemInfo: [/proc/self/status]	VmRSSPercent: 0.047488 %
20220314 061439.304 INFO             PET0 PIOc_freedecomp Exit - MemInfo: [malloc] Non-mmapped space allocated:                36626432 Byte
20220314 061439.304 INFO             PET0 PIOc_freedecomp Exit - MemInfo: [malloc] Space allocated in mmapped regions:                0 Byte
20220314 061439.304 INFO             PET0 PIOc_freedecomp Exit - MemInfo: [malloc] Maximum total allocated space:                     0 Byte
20220314 061439.304 INFO             PET0 PIOc_freedecomp Exit - MemInfo: [malloc] Space in freed fastbin blocks:                   784 Byte
20220314 061439.304 INFO             PET0 PIOc_freedecomp Exit - MemInfo: [malloc] Total allocated space:                      19189472 Byte
20220314 061439.304 INFO             PET0 PIOc_freedecomp Exit - MemInfo: [malloc] Total free space:                           17436960 Byte
20220314 061439.304 INFO             PET0 PIOc_freedecomp Exit - MemInfo: [malloc] Top-most, releasable space:                   118624 Byte
20220314 061439.304 INFO             PET0 PIOc_freedecomp Exit - MemInfo: [malloc] Total space in use, mmap + non-mmap:        19189472 Byte
20220314 061439.304 INFO             PET0 PIOc_freedecomp Exit - MemInfo: [malloc] Total space held (mmap + non-mmap):         36626432 Byte
20220314 061439.304 INFO             PET0 PIOc_freedecomp Exit - MemInfo: [malloc] Total space used (mmap + non-mmap):         19198800 Byte
20220314 061439.304 INFO             PET0 PIOc_freedecomp Exit - MemInfo: Wall-clock time since execution start:              0.0229439 seconds
20220314 061439.304 INFO             PET0 PASS Create an ESMC_RouteHandle via ESMC_FieldRegridStore(), ESMC_FieldRegridUTest.C, line 367
20220314 061439.304 INFO             PET0 PASS Execute ESMC_FieldRegrid(), ESMC_FieldRegridUTest.C, line 375
20220314 061439.313 INFO             PET0 PIOc_sync Enter - MemInfo: [/proc/meminfo - SSI]	MemTotal:       65507008 kB
20220314 061439.313 INFO             PET0 PIOc_sync Enter - MemInfo: [/proc/meminfo - SSI]	MemFree:        49896752 kB
20220314 061439.313 INFO             PET0 PIOc_sync Enter - MemInfo: [/proc/meminfo - SSI]	MemAvailable:   49652704 kB
20220314 061439.313 INFO             PET0 PIOc_sync Enter - MemInfo: [/proc/meminfo - SSI]	Committed_AS:   13148144 kB
20220314 061439.313 INFO             PET0 PIOc_sync Enter - MemInfo: [/proc/meminfo - SSI]	CommittedPercent: 20.0714 %
20220314 061439.313 INFO             PET0 PIOc_sync Enter - MemInfo: [/proc/self/status]	VmPeak:	65711436 kB
20220314 061439.313 INFO             PET0 PIOc_sync Enter - MemInfo: [/proc/self/status]	VmSize:	65711436 kB
20220314 061439.313 INFO             PET0 PIOc_sync Enter - MemInfo: [/proc/self/status]	VmLck:	       0 kB
20220314 061439.313 INFO             PET0 PIOc_sync Enter - MemInfo: [/proc/self/status]	VmPin:	       0 kB
20220314 061439.313 INFO             PET0 PIOc_sync Enter - MemInfo: [/proc/self/status]	VmHWM:	   47536 kB
20220314 061439.313 INFO             PET0 PIOc_sync Enter - MemInfo: [/proc/self/status]	VmRSS:	   47536 kB
20220314 061439.313 INFO             PET0 PIOc_sync Enter - MemInfo: [/proc/self/status]	VmData:	   55468 kB
20220314 061439.313 INFO             PET0 PIOc_sync Enter - MemInfo: [/proc/self/status]	VmStk:	     144 kB
20220314 061439.313 INFO             PET0 PIOc_sync Enter - MemInfo: [/proc/self/status]	VmExe:	     228 kB
20220314 061439.313 INFO             PET0 PIOc_sync Enter - MemInfo: [/proc/self/status]	VmLib:	   39920 kB
20220314 061439.313 INFO             PET0 PIOc_sync Enter - MemInfo: [/proc/self/status]	VmPTE:	     268 kB
20220314 061439.313 INFO             PET0 PIOc_sync Enter - MemInfo: [/proc/self/status]	VmPMD:	      16 kB
20220314 061439.313 INFO             PET0 PIOc_sync Enter - MemInfo: [/proc/self/status]	VmSwap:	       0 kB
20220314 061439.313 INFO             PET0 PIOc_sync Enter - MemInfo: [/proc/self/status]	VmRSSPercent: 0.0725663 %
20220314 061439.313 INFO             PET0 PIOc_sync Enter - MemInfo: [malloc] Non-mmapped space allocated:                53407744 Byte
20220314 061439.313 INFO             PET0 PIOc_sync Enter - MemInfo: [malloc] Space allocated in mmapped regions:                0 Byte
20220314 061439.313 INFO             PET0 PIOc_sync Enter - MemInfo: [malloc] Maximum total allocated space:                     0 Byte
20220314 061439.313 INFO             PET0 PIOc_sync Enter - MemInfo: [malloc] Space in freed fastbin blocks:                   896 Byte
20220314 061439.313 INFO             PET0 PIOc_sync Enter - MemInfo: [malloc] Total allocated space:                      36514256 Byte
20220314 061439.313 INFO             PET0 PIOc_sync Enter - MemInfo: [malloc] Total free space:                           16893488 Byte
20220314 061439.313 INFO             PET0 PIOc_sync Enter - MemInfo: [malloc] Top-most, releasable space:                   133280 Byte
20220314 061439.313 INFO             PET0 PIOc_sync Enter - MemInfo: [malloc] Total space in use, mmap + non-mmap:        36514256 Byte
20220314 061439.313 INFO             PET0 PIOc_sync Enter - MemInfo: [malloc] Total space held (mmap + non-mmap):         53407744 Byte
20220314 061439.313 INFO             PET0 PIOc_sync Enter - MemInfo: [malloc] Total space used (mmap + non-mmap):         36523584 Byte
20220314 061439.313 INFO             PET0 PIOc_sync Enter - MemInfo: Wall-clock time since execution start:              0.0318843 seconds
20220314 061439.313 INFO             PET0 PIOc_sync Exit - MemInfo: [/proc/meminfo - SSI]	MemTotal:       65507008 kB
20220314 061439.313 INFO             PET0 PIOc_sync Exit - MemInfo: [/proc/meminfo - SSI]	MemFree:        49896752 kB
20220314 061439.313 INFO             PET0 PIOc_sync Exit - MemInfo: [/proc/meminfo - SSI]	MemAvailable:   49652704 kB
20220314 061439.313 INFO             PET0 PIOc_sync Exit - MemInfo: [/proc/meminfo - SSI]	Committed_AS:   13148144 kB
20220314 061439.313 INFO             PET0 PIOc_sync Exit - MemInfo: [/proc/meminfo - SSI]	CommittedPercent: 20.0714 %
20220314 061439.313 INFO             PET0 PIOc_sync Exit - MemInfo: [/proc/self/status]	VmPeak:	65711436 kB
20220314 061439.313 INFO             PET0 PIOc_sync Exit - MemInfo: [/proc/self/status]	VmSize:	65711436 kB
20220314 061439.313 INFO             PET0 PIOc_sync Exit - MemInfo: [/proc/self/status]	VmLck:	       0 kB
20220314 061439.313 INFO             PET0 PIOc_sync Exit - MemInfo: [/proc/self/status]	VmPin:	       0 kB
20220314 061439.313 INFO             PET0 PIOc_sync Exit - MemInfo: [/proc/self/status]	VmHWM:	   47536 kB
20220314 061439.313 INFO             PET0 PIOc_sync Exit - MemInfo: [/proc/self/status]	VmRSS:	   47536 kB
20220314 061439.313 INFO             PET0 PIOc_sync Exit - MemInfo: [/proc/self/status]	VmData:	   55468 kB
20220314 061439.313 INFO             PET0 PIOc_sync Exit - MemInfo: [/proc/self/status]	VmStk:	     144 kB
20220314 061439.313 INFO             PET0 PIOc_sync Exit - MemInfo: [/proc/self/status]	VmExe:	     228 kB
20220314 061439.313 INFO             PET0 PIOc_sync Exit - MemInfo: [/proc/self/status]	VmLib:	   39920 kB
20220314 061439.313 INFO             PET0 PIOc_sync Exit - MemInfo: [/proc/self/status]	VmPTE:	     268 kB
20220314 061439.313 INFO             PET0 PIOc_sync Exit - MemInfo: [/proc/self/status]	VmPMD:	      16 kB
20220314 061439.313 INFO             PET0 PIOc_sync Exit - MemInfo: [/proc/self/status]	VmSwap:	       0 kB
20220314 061439.313 INFO             PET0 PIOc_sync Exit - MemInfo: [/proc/self/status]	VmRSSPercent: 0.0725663 %
20220314 061439.313 INFO             PET0 PIOc_sync Exit - MemInfo: [malloc] Non-mmapped space allocated:                53407744 Byte
20220314 061439.313 INFO             PET0 PIOc_sync Exit - MemInfo: [malloc] Space allocated in mmapped regions:                0 Byte
20220314 061439.313 INFO             PET0 PIOc_sync Exit - MemInfo: [malloc] Maximum total allocated space:                     0 Byte
20220314 061439.313 INFO             PET0 PIOc_sync Exit - MemInfo: [malloc] Space in freed fastbin blocks:                  1536 Byte
20220314 061439.313 INFO             PET0 PIOc_sync Exit - MemInfo: [malloc] Total allocated space:                      36513584 Byte
20220314 061439.313 INFO             PET0 PIOc_sync Exit - MemInfo: [malloc] Total free space:                           16894160 Byte
20220314 061439.313 INFO             PET0 PIOc_sync Exit - MemInfo: [malloc] Top-most, releasable space:                   133280 Byte
20220314 061439.313 INFO             PET0 PIOc_sync Exit - MemInfo: [malloc] Total space in use, mmap + non-mmap:        36513584 Byte
20220314 061439.313 INFO             PET0 PIOc_sync Exit - MemInfo: [malloc] Total space held (mmap + non-mmap):         53407744 Byte
20220314 061439.313 INFO             PET0 PIOc_sync Exit - MemInfo: [malloc] Total space used (mmap + non-mmap):         36522912 Byte
20220314 061439.313 INFO             PET0 PIOc_sync Exit - MemInfo: Wall-clock time since execution start:               0.032233 seconds
20220314 061439.313 INFO             PET0 PIOc_freedecomp Enter - MemInfo: [/proc/meminfo - SSI]	MemTotal:       65507008 kB
20220314 061439.313 INFO             PET0 PIOc_freedecomp Enter - MemInfo: [/proc/meminfo - SSI]	MemFree:        49896752 kB
20220314 061439.313 INFO             PET0 PIOc_freedecomp Enter - MemInfo: [/proc/meminfo - SSI]	MemAvailable:   49652704 kB
20220314 061439.313 INFO             PET0 PIOc_freedecomp Enter - MemInfo: [/proc/meminfo - SSI]	Committed_AS:   13148144 kB
20220314 061439.313 INFO             PET0 PIOc_freedecomp Enter - MemInfo: [/proc/meminfo - SSI]	CommittedPercent: 20.0714 %
20220314 061439.314 INFO             PET0 PIOc_freedecomp Enter - MemInfo: [/proc/self/status]	VmPeak:	65711436 kB
20220314 061439.314 INFO             PET0 PIOc_freedecomp Enter - MemInfo: [/proc/self/status]	VmSize:	65711436 kB
20220314 061439.314 INFO             PET0 PIOc_freedecomp Enter - MemInfo: [/proc/self/status]	VmLck:	       0 kB
20220314 061439.314 INFO             PET0 PIOc_freedecomp Enter - MemInfo: [/proc/self/status]	VmPin:	       0 kB
20220314 061439.314 INFO             PET0 PIOc_freedecomp Enter - MemInfo: [/proc/self/status]	VmHWM:	   47536 kB
20220314 061439.314 INFO             PET0 PIOc_freedecomp Enter - MemInfo: [/proc/self/status]	VmRSS:	   47536 kB
20220314 061439.314 INFO             PET0 PIOc_freedecomp Enter - MemInfo: [/proc/self/status]	VmData:	   55468 kB
20220314 061439.314 INFO             PET0 PIOc_freedecomp Enter - MemInfo: [/proc/self/status]	VmStk:	     144 kB
20220314 061439.314 INFO             PET0 PIOc_freedecomp Enter - MemInfo: [/proc/self/status]	VmExe:	     228 kB
20220314 061439.314 INFO             PET0 PIOc_freedecomp Enter - MemInfo: [/proc/self/status]	VmLib:	   39920 kB
20220314 061439.314 INFO             PET0 PIOc_freedecomp Enter - MemInfo: [/proc/self/status]	VmPTE:	     268 kB
20220314 061439.314 INFO             PET0 PIOc_freedecomp Enter - MemInfo: [/proc/self/status]	VmPMD:	      16 kB
20220314 061439.314 INFO             PET0 PIOc_freedecomp Enter - MemInfo: [/proc/self/status]	VmSwap:	       0 kB
20220314 061439.314 INFO             PET0 PIOc_freedecomp Enter - MemInfo: [/proc/self/status]	VmRSSPercent: 0.0725663 %
20220314 061439.314 INFO             PET0 PIOc_freedecomp Enter - MemInfo: [malloc] Non-mmapped space allocated:                53407744 Byte
20220314 061439.314 INFO             PET0 PIOc_freedecomp Enter - MemInfo: [malloc] Space allocated in mmapped regions:                0 Byte
20220314 061439.314 INFO             PET0 PIOc_freedecomp Enter - MemInfo: [malloc] Maximum total allocated space:                     0 Byte
20220314 061439.314 INFO             PET0 PIOc_freedecomp Enter - MemInfo: [malloc] Space in freed fastbin blocks:                   832 Byte
20220314 061439.314 INFO             PET0 PIOc_freedecomp Enter - MemInfo: [malloc] Total allocated space:                      19198704 Byte
20220314 061439.314 INFO             PET0 PIOc_freedecomp Enter - MemInfo: [malloc] Total free space:                           34209040 Byte
20220314 061439.314 INFO             PET0 PIOc_freedecomp Enter - MemInfo: [malloc] Top-most, releasable space:                 16910512 Byte
20220314 061439.314 INFO             PET0 PIOc_freedecomp Enter - MemInfo: [malloc] Total space in use, mmap + non-mmap:        19198704 Byte
20220314 061439.314 INFO             PET0 PIOc_freedecomp Enter - MemInfo: [malloc] Total space held (mmap + non-mmap):         53407744 Byte
20220314 061439.314 INFO             PET0 PIOc_freedecomp Enter - MemInfo: [malloc] Total space used (mmap + non-mmap):         19208032 Byte
20220314 061439.314 INFO             PET0 PIOc_freedecomp Enter - MemInfo: Wall-clock time since execution start:              0.0325634 seconds
20220314 061439.314 INFO             PET0 PIOc_freedecomp Exit - MemInfo: [/proc/meminfo - SSI]	MemTotal:       65507008 kB
20220314 061439.314 INFO             PET0 PIOc_freedecomp Exit - MemInfo: [/proc/meminfo - SSI]	MemFree:        49896752 kB
20220314 061439.314 INFO             PET0 PIOc_freedecomp Exit - MemInfo: [/proc/meminfo - SSI]	MemAvailable:   49652704 kB
20220314 061439.314 INFO             PET0 PIOc_freedecomp Exit - MemInfo: [/proc/meminfo - SSI]	Committed_AS:   13148144 kB
20220314 061439.314 INFO             PET0 PIOc_freedecomp Exit - MemInfo: [/proc/meminfo - SSI]	CommittedPercent: 20.0714 %
20220314 061439.314 INFO             PET0 PIOc_freedecomp Exit - MemInfo: [/proc/self/status]	VmPeak:	65711436 kB
20220314 061439.314 INFO             PET0 PIOc_freedecomp Exit - MemInfo: [/proc/self/status]	VmSize:	65711436 kB
20220314 061439.314 INFO             PET0 PIOc_freedecomp Exit - MemInfo: [/proc/self/status]	VmLck:	       0 kB
20220314 061439.314 INFO             PET0 PIOc_freedecomp Exit - MemInfo: [/proc/self/status]	VmPin:	       0 kB
20220314 061439.314 INFO             PET0 PIOc_freedecomp Exit - MemInfo: [/proc/self/status]	VmHWM:	   47536 kB
20220314 061439.314 INFO             PET0 PIOc_freedecomp Exit - MemInfo: [/proc/self/status]	VmRSS:	   47536 kB
20220314 061439.314 INFO             PET0 PIOc_freedecomp Exit - MemInfo: [/proc/self/status]	VmData:	   55468 kB
20220314 061439.314 INFO             PET0 PIOc_freedecomp Exit - MemInfo: [/proc/self/status]	VmStk:	     144 kB
20220314 061439.314 INFO             PET0 PIOc_freedecomp Exit - MemInfo: [/proc/self/status]	VmExe:	     228 kB
20220314 061439.314 INFO             PET0 PIOc_freedecomp Exit - MemInfo: [/proc/self/status]	VmLib:	   39920 kB
20220314 061439.314 INFO             PET0 PIOc_freedecomp Exit - MemInfo: [/proc/self/status]	VmPTE:	     268 kB
20220314 061439.314 INFO             PET0 PIOc_freedecomp Exit - MemInfo: [/proc/self/status]	VmPMD:	      16 kB
20220314 061439.314 INFO             PET0 PIOc_freedecomp Exit - MemInfo: [/proc/self/status]	VmSwap:	       0 kB
20220314 061439.314 INFO             PET0 PIOc_freedecomp Exit - MemInfo: [/proc/self/status]	VmRSSPercent: 0.0725663 %
20220314 061439.314 INFO             PET0 PIOc_freedecomp Exit - MemInfo: [malloc] Non-mmapped space allocated:                53407744 Byte
20220314 061439.314 INFO             PET0 PIOc_freedecomp Exit - MemInfo: [malloc] Space allocated in mmapped regions:                0 Byte
20220314 061439.314 INFO             PET0 PIOc_freedecomp Exit - MemInfo: [malloc] Maximum total allocated space:                     0 Byte
20220314 061439.314 INFO             PET0 PIOc_freedecomp Exit - MemInfo: [malloc] Space in freed fastbin blocks:                  2000 Byte
20220314 061439.314 INFO             PET0 PIOc_freedecomp Exit - MemInfo: [malloc] Total allocated space:                      19197328 Byte
20220314 061439.314 INFO             PET0 PIOc_freedecomp Exit - MemInfo: [malloc] Total free space:                           34210416 Byte
20220314 061439.314 INFO             PET0 PIOc_freedecomp Exit - MemInfo: [malloc] Top-most, releasable space:                 16910512 Byte
20220314 061439.314 INFO             PET0 PIOc_freedecomp Exit - MemInfo: [malloc] Total space in use, mmap + non-mmap:        19197328 Byte
20220314 061439.314 INFO             PET0 PIOc_freedecomp Exit - MemInfo: [malloc] Total space held (mmap + non-mmap):         53407744 Byte
20220314 061439.314 INFO             PET0 PIOc_freedecomp Exit - MemInfo: [malloc] Total space used (mmap + non-mmap):         19206656 Byte
20220314 061439.314 INFO             PET0 PIOc_freedecomp Exit - MemInfo: Wall-clock time since execution start:              0.0328724 seconds
20220314 061439.315 INFO             PET0 PIOc_sync Enter - MemInfo: [/proc/meminfo - SSI]	MemTotal:       65507008 kB
20220314 061439.315 INFO             PET0 PIOc_sync Enter - MemInfo: [/proc/meminfo - SSI]	MemFree:        49896752 kB
20220314 061439.315 INFO             PET0 PIOc_sync Enter - MemInfo: [/proc/meminfo - SSI]	MemAvailable:   49652704 kB
20220314 061439.315 INFO             PET0 PIOc_sync Enter - MemInfo: [/proc/meminfo - SSI]	Committed_AS:   13148144 kB
20220314 061439.315 INFO             PET0 PIOc_sync Enter - MemInfo: [/proc/meminfo - SSI]	CommittedPercent: 20.0714 %
20220314 061439.315 INFO             PET0 PIOc_sync Enter - MemInfo: [/proc/self/status]	VmPeak:	65719624 kB
20220314 061439.315 INFO             PET0 PIOc_sync Enter - MemInfo: [/proc/self/status]	VmSize:	65711436 kB
20220314 061439.315 INFO             PET0 PIOc_sync Enter - MemInfo: [/proc/self/status]	VmLck:	       0 kB
20220314 061439.315 INFO             PET0 PIOc_sync Enter - MemInfo: [/proc/self/status]	VmPin:	       0 kB
20220314 061439.315 INFO             PET0 PIOc_sync Enter - MemInfo: [/proc/self/status]	VmHWM:	   47536 kB
20220314 061439.315 INFO             PET0 PIOc_sync Enter - MemInfo: [/proc/self/status]	VmRSS:	   47536 kB
20220314 061439.315 INFO             PET0 PIOc_sync Enter - MemInfo: [/proc/self/status]	VmData:	   55468 kB
20220314 061439.315 INFO             PET0 PIOc_sync Enter - MemInfo: [/proc/self/status]	VmStk:	     144 kB
20220314 061439.315 INFO             PET0 PIOc_sync Enter - MemInfo: [/proc/self/status]	VmExe:	     228 kB
20220314 061439.315 INFO             PET0 PIOc_sync Enter - MemInfo: [/proc/self/status]	VmLib:	   39920 kB
20220314 061439.315 INFO             PET0 PIOc_sync Enter - MemInfo: [/proc/self/status]	VmPTE:	     268 kB
20220314 061439.315 INFO             PET0 PIOc_sync Enter - MemInfo: [/proc/self/status]	VmPMD:	      16 kB
20220314 061439.315 INFO             PET0 PIOc_sync Enter - MemInfo: [/proc/self/status]	VmSwap:	       0 kB
20220314 061439.315 INFO             PET0 PIOc_sync Enter - MemInfo: [/proc/self/status]	VmRSSPercent: 0.0725663 %
20220314 061439.315 INFO             PET0 PIOc_sync Enter - MemInfo: [malloc] Non-mmapped space allocated:                53407744 Byte
20220314 061439.315 INFO             PET0 PIOc_sync Enter - MemInfo: [malloc] Space allocated in mmapped regions:                0 Byte
20220314 061439.315 INFO             PET0 PIOc_sync Enter - MemInfo: [malloc] Maximum total allocated space:                     0 Byte
20220314 061439.315 INFO             PET0 PIOc_sync Enter - MemInfo: [malloc] Space in freed fastbin blocks:                   896 Byte
20220314 061439.315 INFO             PET0 PIOc_sync Enter - MemInfo: [malloc] Total allocated space:                      36514960 Byte
20220314 061439.315 INFO             PET0 PIOc_sync Enter - MemInfo: [malloc] Total free space:                           16892784 Byte
20220314 061439.315 INFO             PET0 PIOc_sync Enter - MemInfo: [malloc] Top-most, releasable space:                   133280 Byte
20220314 061439.315 INFO             PET0 PIOc_sync Enter - MemInfo: [malloc] Total space in use, mmap + non-mmap:        36514960 Byte
20220314 061439.315 INFO             PET0 PIOc_sync Enter - MemInfo: [malloc] Total space held (mmap + non-mmap):         53407744 Byte
20220314 061439.315 INFO             PET0 PIOc_sync Enter - MemInfo: [malloc] Total space used (mmap + non-mmap):         36524288 Byte
20220314 061439.315 INFO             PET0 PIOc_sync Enter - MemInfo: Wall-clock time since execution start:              0.0338478 seconds
20220314 061439.315 INFO             PET0 PIOc_sync Exit - MemInfo: [/proc/meminfo - SSI]	MemTotal:       65507008 kB
20220314 061439.315 INFO             PET0 PIOc_sync Exit - MemInfo: [/proc/meminfo - SSI]	MemFree:        49896752 kB
20220314 061439.315 INFO             PET0 PIOc_sync Exit - MemInfo: [/proc/meminfo - SSI]	MemAvailable:   49652704 kB
20220314 061439.315 INFO             PET0 PIOc_sync Exit - MemInfo: [/proc/meminfo - SSI]	Committed_AS:   13148144 kB
20220314 061439.315 INFO             PET0 PIOc_sync Exit - MemInfo: [/proc/meminfo - SSI]	CommittedPercent: 20.0714 %
20220314 061439.315 INFO             PET0 PIOc_sync Exit - MemInfo: [/proc/self/status]	VmPeak:	65719624 kB
20220314 061439.315 INFO             PET0 PIOc_sync Exit - MemInfo: [/proc/self/status]	VmSize:	65711436 kB
20220314 061439.315 INFO             PET0 PIOc_sync Exit - MemInfo: [/proc/self/status]	VmLck:	       0 kB
20220314 061439.315 INFO             PET0 PIOc_sync Exit - MemInfo: [/proc/self/status]	VmPin:	       0 kB
20220314 061439.315 INFO             PET0 PIOc_sync Exit - MemInfo: [/proc/self/status]	VmHWM:	   47536 kB
20220314 061439.315 INFO             PET0 PIOc_sync Exit - MemInfo: [/proc/self/status]	VmRSS:	   47536 kB
20220314 061439.315 INFO             PET0 PIOc_sync Exit - MemInfo: [/proc/self/status]	VmData:	   55468 kB
20220314 061439.315 INFO             PET0 PIOc_sync Exit - MemInfo: [/proc/self/status]	VmStk:	     144 kB
20220314 061439.315 INFO             PET0 PIOc_sync Exit - MemInfo: [/proc/self/status]	VmExe:	     228 kB
20220314 061439.315 INFO             PET0 PIOc_sync Exit - MemInfo: [/proc/self/status]	VmLib:	   39920 kB
20220314 061439.315 INFO             PET0 PIOc_sync Exit - MemInfo: [/proc/self/status]	VmPTE:	     268 kB
20220314 061439.315 INFO             PET0 PIOc_sync Exit - MemInfo: [/proc/self/status]	VmPMD:	      16 kB
20220314 061439.315 INFO             PET0 PIOc_sync Exit - MemInfo: [/proc/self/status]	VmSwap:	       0 kB
20220314 061439.315 INFO             PET0 PIOc_sync Exit - MemInfo: [/proc/self/status]	VmRSSPercent: 0.0725663 %
20220314 061439.315 INFO             PET0 PIOc_sync Exit - MemInfo: [malloc] Non-mmapped space allocated:                53407744 Byte
20220314 061439.315 INFO             PET0 PIOc_sync Exit - MemInfo: [malloc] Space allocated in mmapped regions:                0 Byte
20220314 061439.315 INFO             PET0 PIOc_sync Exit - MemInfo: [malloc] Maximum total allocated space:                     0 Byte
20220314 061439.315 INFO             PET0 PIOc_sync Exit - MemInfo: [malloc] Space in freed fastbin blocks:                  1696 Byte
20220314 061439.315 INFO             PET0 PIOc_sync Exit - MemInfo: [malloc] Total allocated space:                      36514288 Byte
20220314 061439.315 INFO             PET0 PIOc_sync Exit - MemInfo: [malloc] Total free space:                           16893456 Byte
20220314 061439.315 INFO             PET0 PIOc_sync Exit - MemInfo: [malloc] Top-most, releasable space:                   133280 Byte
20220314 061439.315 INFO             PET0 PIOc_sync Exit - MemInfo: [malloc] Total space in use, mmap + non-mmap:        36514288 Byte
20220314 061439.315 INFO             PET0 PIOc_sync Exit - MemInfo: [malloc] Total space held (mmap + non-mmap):         53407744 Byte
20220314 061439.315 INFO             PET0 PIOc_sync Exit - MemInfo: [malloc] Total space used (mmap + non-mmap):         36523616 Byte
20220314 061439.315 INFO             PET0 PIOc_sync Exit - MemInfo: Wall-clock time since execution start:              0.0341923 seconds
20220314 061439.315 INFO             PET0 PIOc_freedecomp Enter - MemInfo: [/proc/meminfo - SSI]	MemTotal:       65507008 kB
20220314 061439.315 INFO             PET0 PIOc_freedecomp Enter - MemInfo: [/proc/meminfo - SSI]	MemFree:        49896752 kB
20220314 061439.315 INFO             PET0 PIOc_freedecomp Enter - MemInfo: [/proc/meminfo - SSI]	MemAvailable:   49652704 kB
20220314 061439.315 INFO             PET0 PIOc_freedecomp Enter - MemInfo: [/proc/meminfo - SSI]	Committed_AS:   13148144 kB
20220314 061439.315 INFO             PET0 PIOc_freedecomp Enter - MemInfo: [/proc/meminfo - SSI]	CommittedPercent: 20.0714 %
20220314 061439.315 INFO             PET0 PIOc_freedecomp Enter - MemInfo: [/proc/self/status]	VmPeak:	65719624 kB
20220314 061439.315 INFO             PET0 PIOc_freedecomp Enter - MemInfo: [/proc/self/status]	VmSize:	65711436 kB
20220314 061439.315 INFO             PET0 PIOc_freedecomp Enter - MemInfo: [/proc/self/status]	VmLck:	       0 kB
20220314 061439.315 INFO             PET0 PIOc_freedecomp Enter - MemInfo: [/proc/self/status]	VmPin:	       0 kB
20220314 061439.315 INFO             PET0 PIOc_freedecomp Enter - MemInfo: [/proc/self/status]	VmHWM:	   47536 kB
20220314 061439.316 INFO             PET0 PIOc_freedecomp Enter - MemInfo: [/proc/self/status]	VmRSS:	   47536 kB
20220314 061439.316 INFO             PET0 PIOc_freedecomp Enter - MemInfo: [/proc/self/status]	VmData:	   55468 kB
20220314 061439.316 INFO             PET0 PIOc_freedecomp Enter - MemInfo: [/proc/self/status]	VmStk:	     144 kB
20220314 061439.316 INFO             PET0 PIOc_freedecomp Enter - MemInfo: [/proc/self/status]	VmExe:	     228 kB
20220314 061439.316 INFO             PET0 PIOc_freedecomp Enter - MemInfo: [/proc/self/status]	VmLib:	   39920 kB
20220314 061439.316 INFO             PET0 PIOc_freedecomp Enter - MemInfo: [/proc/self/status]	VmPTE:	     268 kB
20220314 061439.316 INFO             PET0 PIOc_freedecomp Enter - MemInfo: [/proc/self/status]	VmPMD:	      16 kB
20220314 061439.316 INFO             PET0 PIOc_freedecomp Enter - MemInfo: [/proc/self/status]	VmSwap:	       0 kB
20220314 061439.316 INFO             PET0 PIOc_freedecomp Enter - MemInfo: [/proc/self/status]	VmRSSPercent: 0.0725663 %
20220314 061439.316 INFO             PET0 PIOc_freedecomp Enter - MemInfo: [malloc] Non-mmapped space allocated:                53407744 Byte
20220314 061439.316 INFO             PET0 PIOc_freedecomp Enter - MemInfo: [malloc] Space allocated in mmapped regions:                0 Byte
20220314 061439.316 INFO             PET0 PIOc_freedecomp Enter - MemInfo: [malloc] Maximum total allocated space:                     0 Byte
20220314 061439.316 INFO             PET0 PIOc_freedecomp Enter - MemInfo: [malloc] Space in freed fastbin blocks:                  1008 Byte
20220314 061439.316 INFO             PET0 PIOc_freedecomp Enter - MemInfo: [malloc] Total allocated space:                      19198704 Byte
20220314 061439.316 INFO             PET0 PIOc_freedecomp Enter - MemInfo: [malloc] Total free space:                           34209040 Byte
20220314 061439.316 INFO             PET0 PIOc_freedecomp Enter - MemInfo: [malloc] Top-most, releasable space:                 16910512 Byte
20220314 061439.316 INFO             PET0 PIOc_freedecomp Enter - MemInfo: [malloc] Total space in use, mmap + non-mmap:        19198704 Byte
20220314 061439.316 INFO             PET0 PIOc_freedecomp Enter - MemInfo: [malloc] Total space held (mmap + non-mmap):         53407744 Byte
20220314 061439.316 INFO             PET0 PIOc_freedecomp Enter - MemInfo: [malloc] Total space used (mmap + non-mmap):         19208032 Byte
20220314 061439.316 INFO             PET0 PIOc_freedecomp Enter - MemInfo: Wall-clock time since execution start:              0.0345211 seconds
20220314 061439.316 INFO             PET0 PIOc_freedecomp Exit - MemInfo: [/proc/meminfo - SSI]	MemTotal:       65507008 kB
20220314 061439.316 INFO             PET0 PIOc_freedecomp Exit - MemInfo: [/proc/meminfo - SSI]	MemFree:        49896752 kB
20220314 061439.316 INFO             PET0 PIOc_freedecomp Exit - MemInfo: [/proc/meminfo - SSI]	MemAvailable:   49652704 kB
20220314 061439.316 INFO             PET0 PIOc_freedecomp Exit - MemInfo: [/proc/meminfo - SSI]	Committed_AS:   13148144 kB
20220314 061439.316 INFO             PET0 PIOc_freedecomp Exit - MemInfo: [/proc/meminfo - SSI]	CommittedPercent: 20.0714 %
20220314 061439.316 INFO             PET0 PIOc_freedecomp Exit - MemInfo: [/proc/self/status]	VmPeak:	65719624 kB
20220314 061439.316 INFO             PET0 PIOc_freedecomp Exit - MemInfo: [/proc/self/status]	VmSize:	65711436 kB
20220314 061439.316 INFO             PET0 PIOc_freedecomp Exit - MemInfo: [/proc/self/status]	VmLck:	       0 kB
20220314 061439.316 INFO             PET0 PIOc_freedecomp Exit - MemInfo: [/proc/self/status]	VmPin:	       0 kB
20220314 061439.316 INFO             PET0 PIOc_freedecomp Exit - MemInfo: [/proc/self/status]	VmHWM:	   47536 kB
20220314 061439.316 INFO             PET0 PIOc_freedecomp Exit - MemInfo: [/proc/self/status]	VmRSS:	   47536 kB
20220314 061439.316 INFO             PET0 PIOc_freedecomp Exit - MemInfo: [/proc/self/status]	VmData:	   55468 kB
20220314 061439.316 INFO             PET0 PIOc_freedecomp Exit - MemInfo: [/proc/self/status]	VmStk:	     144 kB
20220314 061439.316 INFO             PET0 PIOc_freedecomp Exit - MemInfo: [/proc/self/status]	VmExe:	     228 kB
20220314 061439.316 INFO             PET0 PIOc_freedecomp Exit - MemInfo: [/proc/self/status]	VmLib:	   39920 kB
20220314 061439.316 INFO             PET0 PIOc_freedecomp Exit - MemInfo: [/proc/self/status]	VmPTE:	     268 kB
20220314 061439.316 INFO             PET0 PIOc_freedecomp Exit - MemInfo: [/proc/self/status]	VmPMD:	      16 kB
20220314 061439.316 INFO             PET0 PIOc_freedecomp Exit - MemInfo: [/proc/self/status]	VmSwap:	       0 kB
20220314 061439.316 INFO             PET0 PIOc_freedecomp Exit - MemInfo: [/proc/self/status]	VmRSSPercent: 0.0725663 %
20220314 061439.316 INFO             PET0 PIOc_freedecomp Exit - MemInfo: [malloc] Non-mmapped space allocated:                53407744 Byte
20220314 061439.316 INFO             PET0 PIOc_freedecomp Exit - MemInfo: [malloc] Space allocated in mmapped regions:                0 Byte
20220314 061439.316 INFO             PET0 PIOc_freedecomp Exit - MemInfo: [malloc] Maximum total allocated space:                     0 Byte
20220314 061439.316 INFO             PET0 PIOc_freedecomp Exit - MemInfo: [malloc] Space in freed fastbin blocks:                  1616 Byte
20220314 061439.316 INFO             PET0 PIOc_freedecomp Exit - MemInfo: [malloc] Total allocated space:                      19197328 Byte
20220314 061439.316 INFO             PET0 PIOc_freedecomp Exit - MemInfo: [malloc] Total free space:                           34210416 Byte
20220314 061439.316 INFO             PET0 PIOc_freedecomp Exit - MemInfo: [malloc] Top-most, releasable space:                 16910512 Byte
20220314 061439.316 INFO             PET0 PIOc_freedecomp Exit - MemInfo: [malloc] Total space in use, mmap + non-mmap:        19197328 Byte
20220314 061439.316 INFO             PET0 PIOc_freedecomp Exit - MemInfo: [malloc] Total space held (mmap + non-mmap):         53407744 Byte
20220314 061439.316 INFO             PET0 PIOc_freedecomp Exit - MemInfo: [malloc] Total space used (mmap + non-mmap):         19206656 Byte
20220314 061439.316 INFO             PET0 PIOc_freedecomp Exit - MemInfo: Wall-clock time since execution start:              0.0348302 seconds
20220314 061439.317 INFO             PET0 PIOc_sync Enter - MemInfo: [/proc/meminfo - SSI]	MemTotal:       65507008 kB
20220314 061439.317 INFO             PET0 PIOc_sync Enter - MemInfo: [/proc/meminfo - SSI]	MemFree:        49896752 kB
20220314 061439.317 INFO             PET0 PIOc_sync Enter - MemInfo: [/proc/meminfo - SSI]	MemAvailable:   49652704 kB
20220314 061439.317 INFO             PET0 PIOc_sync Enter - MemInfo: [/proc/meminfo - SSI]	Committed_AS:   13148144 kB
20220314 061439.317 INFO             PET0 PIOc_sync Enter - MemInfo: [/proc/meminfo - SSI]	CommittedPercent: 20.0714 %
20220314 061439.317 INFO             PET0 PIOc_sync Enter - MemInfo: [/proc/self/status]	VmPeak:	65719624 kB
20220314 061439.317 INFO             PET0 PIOc_sync Enter - MemInfo: [/proc/self/status]	VmSize:	65711436 kB
20220314 061439.317 INFO             PET0 PIOc_sync Enter - MemInfo: [/proc/self/status]	VmLck:	       0 kB
20220314 061439.317 INFO             PET0 PIOc_sync Enter - MemInfo: [/proc/self/status]	VmPin:	       0 kB
20220314 061439.317 INFO             PET0 PIOc_sync Enter - MemInfo: [/proc/self/status]	VmHWM:	   47536 kB
20220314 061439.317 INFO             PET0 PIOc_sync Enter - MemInfo: [/proc/self/status]	VmRSS:	   47536 kB
20220314 061439.317 INFO             PET0 PIOc_sync Enter - MemInfo: [/proc/self/status]	VmData:	   55468 kB
20220314 061439.317 INFO             PET0 PIOc_sync Enter - MemInfo: [/proc/self/status]	VmStk:	     144 kB
20220314 061439.317 INFO             PET0 PIOc_sync Enter - MemInfo: [/proc/self/status]	VmExe:	     228 kB
20220314 061439.317 INFO             PET0 PIOc_sync Enter - MemInfo: [/proc/self/status]	VmLib:	   39920 kB
20220314 061439.317 INFO             PET0 PIOc_sync Enter - MemInfo: [/proc/self/status]	VmPTE:	     268 kB
20220314 061439.317 INFO             PET0 PIOc_sync Enter - MemInfo: [/proc/self/status]	VmPMD:	      16 kB
20220314 061439.317 INFO             PET0 PIOc_sync Enter - MemInfo: [/proc/self/status]	VmSwap:	       0 kB
20220314 061439.317 INFO             PET0 PIOc_sync Enter - MemInfo: [/proc/self/status]	VmRSSPercent: 0.0725663 %
20220314 061439.317 INFO             PET0 PIOc_sync Enter - MemInfo: [malloc] Non-mmapped space allocated:                53407744 Byte
20220314 061439.317 INFO             PET0 PIOc_sync Enter - MemInfo: [malloc] Space allocated in mmapped regions:                0 Byte
20220314 061439.317 INFO             PET0 PIOc_sync Enter - MemInfo: [malloc] Maximum total allocated space:                     0 Byte
20220314 061439.317 INFO             PET0 PIOc_sync Enter - MemInfo: [malloc] Space in freed fastbin blocks:                  1008 Byte
20220314 061439.317 INFO             PET0 PIOc_sync Enter - MemInfo: [malloc] Total allocated space:                      36515712 Byte
20220314 061439.317 INFO             PET0 PIOc_sync Enter - MemInfo: [malloc] Total free space:                           16892032 Byte
20220314 061439.317 INFO             PET0 PIOc_sync Enter - MemInfo: [malloc] Top-most, releasable space:                   133280 Byte
20220314 061439.317 INFO             PET0 PIOc_sync Enter - MemInfo: [malloc] Total space in use, mmap + non-mmap:        36515712 Byte
20220314 061439.317 INFO             PET0 PIOc_sync Enter - MemInfo: [malloc] Total space held (mmap + non-mmap):         53407744 Byte
20220314 061439.317 INFO             PET0 PIOc_sync Enter - MemInfo: [malloc] Total space used (mmap + non-mmap):         36525040 Byte
20220314 061439.317 INFO             PET0 PIOc_sync Enter - MemInfo: Wall-clock time since execution start:              0.0358078 seconds
20220314 061439.317 INFO             PET0 PIOc_sync Exit - MemInfo: [/proc/meminfo - SSI]	MemTotal:       65507008 kB
20220314 061439.317 INFO             PET0 PIOc_sync Exit - MemInfo: [/proc/meminfo - SSI]	MemFree:        49896752 kB
20220314 061439.317 INFO             PET0 PIOc_sync Exit - MemInfo: [/proc/meminfo - SSI]	MemAvailable:   49652704 kB
20220314 061439.317 INFO             PET0 PIOc_sync Exit - MemInfo: [/proc/meminfo - SSI]	Committed_AS:   13148144 kB
20220314 061439.317 INFO             PET0 PIOc_sync Exit - MemInfo: [/proc/meminfo - SSI]	CommittedPercent: 20.0714 %
20220314 061439.317 INFO             PET0 PIOc_sync Exit - MemInfo: [/proc/self/status]	VmPeak:	65719624 kB
20220314 061439.317 INFO             PET0 PIOc_sync Exit - MemInfo: [/proc/self/status]	VmSize:	65711436 kB
20220314 061439.317 INFO             PET0 PIOc_sync Exit - MemInfo: [/proc/self/status]	VmLck:	       0 kB
20220314 061439.317 INFO             PET0 PIOc_sync Exit - MemInfo: [/proc/self/status]	VmPin:	       0 kB
20220314 061439.317 INFO             PET0 PIOc_sync Exit - MemInfo: [/proc/self/status]	VmHWM:	   47536 kB
20220314 061439.317 INFO             PET0 PIOc_sync Exit - MemInfo: [/proc/self/status]	VmRSS:	   47536 kB
20220314 061439.317 INFO             PET0 PIOc_sync Exit - MemInfo: [/proc/self/status]	VmData:	   55468 kB
20220314 061439.317 INFO             PET0 PIOc_sync Exit - MemInfo: [/proc/self/status]	VmStk:	     144 kB
20220314 061439.317 INFO             PET0 PIOc_sync Exit - MemInfo: [/proc/self/status]	VmExe:	     228 kB
20220314 061439.317 INFO             PET0 PIOc_sync Exit - MemInfo: [/proc/self/status]	VmLib:	   39920 kB
20220314 061439.317 INFO             PET0 PIOc_sync Exit - MemInfo: [/proc/self/status]	VmPTE:	     268 kB
20220314 061439.317 INFO             PET0 PIOc_sync Exit - MemInfo: [/proc/self/status]	VmPMD:	      16 kB
20220314 061439.317 INFO             PET0 PIOc_sync Exit - MemInfo: [/proc/self/status]	VmSwap:	       0 kB
20220314 061439.317 INFO             PET0 PIOc_sync Exit - MemInfo: [/proc/self/status]	VmRSSPercent: 0.0725663 %
20220314 061439.317 INFO             PET0 PIOc_sync Exit - MemInfo: [malloc] Non-mmapped space allocated:                53407744 Byte
20220314 061439.317 INFO             PET0 PIOc_sync Exit - MemInfo: [malloc] Space allocated in mmapped regions:                0 Byte
20220314 061439.317 INFO             PET0 PIOc_sync Exit - MemInfo: [malloc] Maximum total allocated space:                     0 Byte
20220314 061439.317 INFO             PET0 PIOc_sync Exit - MemInfo: [malloc] Space in freed fastbin blocks:                  1520 Byte
20220314 061439.317 INFO             PET0 PIOc_sync Exit - MemInfo: [malloc] Total allocated space:                      36515040 Byte
20220314 061439.317 INFO             PET0 PIOc_sync Exit - MemInfo: [malloc] Total free space:                           16892704 Byte
20220314 061439.317 INFO             PET0 PIOc_sync Exit - MemInfo: [malloc] Top-most, releasable space:                   133280 Byte
20220314 061439.317 INFO             PET0 PIOc_sync Exit - MemInfo: [malloc] Total space in use, mmap + non-mmap:        36515040 Byte
20220314 061439.317 INFO             PET0 PIOc_sync Exit - MemInfo: [malloc] Total space held (mmap + non-mmap):         53407744 Byte
20220314 061439.317 INFO             PET0 PIOc_sync Exit - MemInfo: [malloc] Total space used (mmap + non-mmap):         36524368 Byte
20220314 061439.317 INFO             PET0 PIOc_sync Exit - MemInfo: Wall-clock time since execution start:              0.0361485 seconds
20220314 061439.317 INFO             PET0 PIOc_freedecomp Enter - MemInfo: [/proc/meminfo - SSI]	MemTotal:       65507008 kB
20220314 061439.317 INFO             PET0 PIOc_freedecomp Enter - MemInfo: [/proc/meminfo - SSI]	MemFree:        49896752 kB
20220314 061439.317 INFO             PET0 PIOc_freedecomp Enter - MemInfo: [/proc/meminfo - SSI]	MemAvailable:   49652704 kB
20220314 061439.317 INFO             PET0 PIOc_freedecomp Enter - MemInfo: [/proc/meminfo - SSI]	Committed_AS:   13148144 kB
20220314 061439.317 INFO             PET0 PIOc_freedecomp Enter - MemInfo: [/proc/meminfo - SSI]	CommittedPercent: 20.0714 %
20220314 061439.317 INFO             PET0 PIOc_freedecomp Enter - MemInfo: [/proc/self/status]	VmPeak:	65719624 kB
20220314 061439.317 INFO             PET0 PIOc_freedecomp Enter - MemInfo: [/proc/self/status]	VmSize:	65711436 kB
20220314 061439.317 INFO             PET0 PIOc_freedecomp Enter - MemInfo: [/proc/self/status]	VmLck:	       0 kB
20220314 061439.317 INFO             PET0 PIOc_freedecomp Enter - MemInfo: [/proc/self/status]	VmPin:	       0 kB
20220314 061439.317 INFO             PET0 PIOc_freedecomp Enter - MemInfo: [/proc/self/status]	VmHWM:	   47536 kB
20220314 061439.317 INFO             PET0 PIOc_freedecomp Enter - MemInfo: [/proc/self/status]	VmRSS:	   47536 kB
20220314 061439.317 INFO             PET0 PIOc_freedecomp Enter - MemInfo: [/proc/self/status]	VmData:	   55468 kB
20220314 061439.317 INFO             PET0 PIOc_freedecomp Enter - MemInfo: [/proc/self/status]	VmStk:	     144 kB
20220314 061439.317 INFO             PET0 PIOc_freedecomp Enter - MemInfo: [/proc/self/status]	VmExe:	     228 kB
20220314 061439.317 INFO             PET0 PIOc_freedecomp Enter - MemInfo: [/proc/self/status]	VmLib:	   39920 kB
20220314 061439.317 INFO             PET0 PIOc_freedecomp Enter - MemInfo: [/proc/self/status]	VmPTE:	     268 kB
20220314 061439.318 INFO             PET0 PIOc_freedecomp Enter - MemInfo: [/proc/self/status]	VmPMD:	      16 kB
20220314 061439.318 INFO             PET0 PIOc_freedecomp Enter - MemInfo: [/proc/self/status]	VmSwap:	       0 kB
20220314 061439.318 INFO             PET0 PIOc_freedecomp Enter - MemInfo: [/proc/self/status]	VmRSSPercent: 0.0725663 %
20220314 061439.318 INFO             PET0 PIOc_freedecomp Enter - MemInfo: [malloc] Non-mmapped space allocated:                53407744 Byte
20220314 061439.318 INFO             PET0 PIOc_freedecomp Enter - MemInfo: [malloc] Space allocated in mmapped regions:                0 Byte
20220314 061439.318 INFO             PET0 PIOc_freedecomp Enter - MemInfo: [malloc] Maximum total allocated space:                     0 Byte
20220314 061439.318 INFO             PET0 PIOc_freedecomp Enter - MemInfo: [malloc] Space in freed fastbin blocks:                   832 Byte
20220314 061439.318 INFO             PET0 PIOc_freedecomp Enter - MemInfo: [malloc] Total allocated space:                      19198704 Byte
20220314 061439.318 INFO             PET0 PIOc_freedecomp Enter - MemInfo: [malloc] Total free space:                           34209040 Byte
20220314 061439.318 INFO             PET0 PIOc_freedecomp Enter - MemInfo: [malloc] Top-most, releasable space:                 16910512 Byte
20220314 061439.318 INFO             PET0 PIOc_freedecomp Enter - MemInfo: [malloc] Total space in use, mmap + non-mmap:        19198704 Byte
20220314 061439.318 INFO             PET0 PIOc_freedecomp Enter - MemInfo: [malloc] Total space held (mmap + non-mmap):         53407744 Byte
20220314 061439.318 INFO             PET0 PIOc_freedecomp Enter - MemInfo: [malloc] Total space used (mmap + non-mmap):         19208032 Byte
20220314 061439.318 INFO             PET0 PIOc_freedecomp Enter - MemInfo: Wall-clock time since execution start:              0.0364764 seconds
20220314 061439.318 INFO             PET0 PIOc_freedecomp Exit - MemInfo: [/proc/meminfo - SSI]	MemTotal:       65507008 kB
20220314 061439.318 INFO             PET0 PIOc_freedecomp Exit - MemInfo: [/proc/meminfo - SSI]	MemFree:        49896752 kB
20220314 061439.318 INFO             PET0 PIOc_freedecomp Exit - MemInfo: [/proc/meminfo - SSI]	MemAvailable:   49652704 kB
20220314 061439.318 INFO             PET0 PIOc_freedecomp Exit - MemInfo: [/proc/meminfo - SSI]	Committed_AS:   13148144 kB
20220314 061439.318 INFO             PET0 PIOc_freedecomp Exit - MemInfo: [/proc/meminfo - SSI]	CommittedPercent: 20.0714 %
20220314 061439.318 INFO             PET0 PIOc_freedecomp Exit - MemInfo: [/proc/self/status]	VmPeak:	65719624 kB
20220314 061439.318 INFO             PET0 PIOc_freedecomp Exit - MemInfo: [/proc/self/status]	VmSize:	65711436 kB
20220314 061439.318 INFO             PET0 PIOc_freedecomp Exit - MemInfo: [/proc/self/status]	VmLck:	       0 kB
20220314 061439.318 INFO             PET0 PIOc_freedecomp Exit - MemInfo: [/proc/self/status]	VmPin:	       0 kB
20220314 061439.318 INFO             PET0 PIOc_freedecomp Exit - MemInfo: [/proc/self/status]	VmHWM:	   47536 kB
20220314 061439.318 INFO             PET0 PIOc_freedecomp Exit - MemInfo: [/proc/self/status]	VmRSS:	   47536 kB
20220314 061439.318 INFO             PET0 PIOc_freedecomp Exit - MemInfo: [/proc/self/status]	VmData:	   55468 kB
20220314 061439.318 INFO             PET0 PIOc_freedecomp Exit - MemInfo: [/proc/self/status]	VmStk:	     144 kB
20220314 061439.318 INFO             PET0 PIOc_freedecomp Exit - MemInfo: [/proc/self/status]	VmExe:	     228 kB
20220314 061439.318 INFO             PET0 PIOc_freedecomp Exit - MemInfo: [/proc/self/status]	VmLib:	   39920 kB
20220314 061439.318 INFO             PET0 PIOc_freedecomp Exit - MemInfo: [/proc/self/status]	VmPTE:	     268 kB
20220314 061439.318 INFO             PET0 PIOc_freedecomp Exit - MemInfo: [/proc/self/status]	VmPMD:	      16 kB
20220314 061439.318 INFO             PET0 PIOc_freedecomp Exit - MemInfo: [/proc/self/status]	VmSwap:	       0 kB
20220314 061439.318 INFO             PET0 PIOc_freedecomp Exit - MemInfo: [/proc/self/status]	VmRSSPercent: 0.0725663 %
20220314 061439.318 INFO             PET0 PIOc_freedecomp Exit - MemInfo: [malloc] Non-mmapped space allocated:                53407744 Byte
20220314 061439.318 INFO             PET0 PIOc_freedecomp Exit - MemInfo: [malloc] Space allocated in mmapped regions:                0 Byte
20220314 061439.318 INFO             PET0 PIOc_freedecomp Exit - MemInfo: [malloc] Maximum total allocated space:                     0 Byte
20220314 061439.318 INFO             PET0 PIOc_freedecomp Exit - MemInfo: [malloc] Space in freed fastbin blocks:                  1616 Byte
20220314 061439.318 INFO             PET0 PIOc_freedecomp Exit - MemInfo: [malloc] Total allocated space:                      19197328 Byte
20220314 061439.318 INFO             PET0 PIOc_freedecomp Exit - MemInfo: [malloc] Total free space:                           34210416 Byte
20220314 061439.318 INFO             PET0 PIOc_freedecomp Exit - MemInfo: [malloc] Top-most, releasable space:                 16910512 Byte
20220314 061439.318 INFO             PET0 PIOc_freedecomp Exit - MemInfo: [malloc] Total space in use, mmap + non-mmap:        19197328 Byte
20220314 061439.318 INFO             PET0 PIOc_freedecomp Exit - MemInfo: [malloc] Total space held (mmap + non-mmap):         53407744 Byte
20220314 061439.318 INFO             PET0 PIOc_freedecomp Exit - MemInfo: [malloc] Total space used (mmap + non-mmap):         19206656 Byte
20220314 061439.318 INFO             PET0 PIOc_freedecomp Exit - MemInfo: Wall-clock time since execution start:              0.0367835 seconds
20220314 061439.319 INFO             PET0 PIOc_sync Enter - MemInfo: [/proc/meminfo - SSI]	MemTotal:       65507008 kB
20220314 061439.319 INFO             PET0 PIOc_sync Enter - MemInfo: [/proc/meminfo - SSI]	MemFree:        49896752 kB
20220314 061439.319 INFO             PET0 PIOc_sync Enter - MemInfo: [/proc/meminfo - SSI]	MemAvailable:   49652704 kB
20220314 061439.319 INFO             PET0 PIOc_sync Enter - MemInfo: [/proc/meminfo - SSI]	Committed_AS:   13148144 kB
20220314 061439.319 INFO             PET0 PIOc_sync Enter - MemInfo: [/proc/meminfo - SSI]	CommittedPercent: 20.0714 %
20220314 061439.319 INFO             PET0 PIOc_sync Enter - MemInfo: [/proc/self/status]	VmPeak:	65719624 kB
20220314 061439.319 INFO             PET0 PIOc_sync Enter - MemInfo: [/proc/self/status]	VmSize:	65711436 kB
20220314 061439.319 INFO             PET0 PIOc_sync Enter - MemInfo: [/proc/self/status]	VmLck:	       0 kB
20220314 061439.319 INFO             PET0 PIOc_sync Enter - MemInfo: [/proc/self/status]	VmPin:	       0 kB
20220314 061439.319 INFO             PET0 PIOc_sync Enter - MemInfo: [/proc/self/status]	VmHWM:	   47536 kB
20220314 061439.319 INFO             PET0 PIOc_sync Enter - MemInfo: [/proc/self/status]	VmRSS:	   47536 kB
20220314 061439.319 INFO             PET0 PIOc_sync Enter - MemInfo: [/proc/self/status]	VmData:	   55468 kB
20220314 061439.319 INFO             PET0 PIOc_sync Enter - MemInfo: [/proc/self/status]	VmStk:	     144 kB
20220314 061439.319 INFO             PET0 PIOc_sync Enter - MemInfo: [/proc/self/status]	VmExe:	     228 kB
20220314 061439.319 INFO             PET0 PIOc_sync Enter - MemInfo: [/proc/self/status]	VmLib:	   39920 kB
20220314 061439.319 INFO             PET0 PIOc_sync Enter - MemInfo: [/proc/self/status]	VmPTE:	     268 kB
20220314 061439.319 INFO             PET0 PIOc_sync Enter - MemInfo: [/proc/self/status]	VmPMD:	      16 kB
20220314 061439.319 INFO             PET0 PIOc_sync Enter - MemInfo: [/proc/self/status]	VmSwap:	       0 kB
20220314 061439.319 INFO             PET0 PIOc_sync Enter - MemInfo: [/proc/self/status]	VmRSSPercent: 0.0725663 %
20220314 061439.319 INFO             PET0 PIOc_sync Enter - MemInfo: [malloc] Non-mmapped space allocated:                53407744 Byte
20220314 061439.319 INFO             PET0 PIOc_sync Enter - MemInfo: [malloc] Space allocated in mmapped regions:                0 Byte
20220314 061439.319 INFO             PET0 PIOc_sync Enter - MemInfo: [malloc] Maximum total allocated space:                     0 Byte
20220314 061439.319 INFO             PET0 PIOc_sync Enter - MemInfo: [malloc] Space in freed fastbin blocks:                  1024 Byte
20220314 061439.319 INFO             PET0 PIOc_sync Enter - MemInfo: [malloc] Total allocated space:                      36516448 Byte
20220314 061439.319 INFO             PET0 PIOc_sync Enter - MemInfo: [malloc] Total free space:                           16891296 Byte
20220314 061439.319 INFO             PET0 PIOc_sync Enter - MemInfo: [malloc] Top-most, releasable space:                   133280 Byte
20220314 061439.319 INFO             PET0 PIOc_sync Enter - MemInfo: [malloc] Total space in use, mmap + non-mmap:        36516448 Byte
20220314 061439.319 INFO             PET0 PIOc_sync Enter - MemInfo: [malloc] Total space held (mmap + non-mmap):         53407744 Byte
20220314 061439.319 INFO             PET0 PIOc_sync Enter - MemInfo: [malloc] Total space used (mmap + non-mmap):         36525776 Byte
20220314 061439.319 INFO             PET0 PIOc_sync Enter - MemInfo: Wall-clock time since execution start:              0.0377552 seconds
20220314 061439.319 INFO             PET0 PIOc_sync Exit - MemInfo: [/proc/meminfo - SSI]	MemTotal:       65507008 kB
20220314 061439.319 INFO             PET0 PIOc_sync Exit - MemInfo: [/proc/meminfo - SSI]	MemFree:        49896752 kB
20220314 061439.319 INFO             PET0 PIOc_sync Exit - MemInfo: [/proc/meminfo - SSI]	MemAvailable:   49652704 kB
20220314 061439.319 INFO             PET0 PIOc_sync Exit - MemInfo: [/proc/meminfo - SSI]	Committed_AS:   13148144 kB
20220314 061439.319 INFO             PET0 PIOc_sync Exit - MemInfo: [/proc/meminfo - SSI]	CommittedPercent: 20.0714 %
20220314 061439.319 INFO             PET0 PIOc_sync Exit - MemInfo: [/proc/self/status]	VmPeak:	65719624 kB
20220314 061439.319 INFO             PET0 PIOc_sync Exit - MemInfo: [/proc/self/status]	VmSize:	65711436 kB
20220314 061439.319 INFO             PET0 PIOc_sync Exit - MemInfo: [/proc/self/status]	VmLck:	       0 kB
20220314 061439.319 INFO             PET0 PIOc_sync Exit - MemInfo: [/proc/self/status]	VmPin:	       0 kB
20220314 061439.319 INFO             PET0 PIOc_sync Exit - MemInfo: [/proc/self/status]	VmHWM:	   47536 kB
20220314 061439.319 INFO             PET0 PIOc_sync Exit - MemInfo: [/proc/self/status]	VmRSS:	   47536 kB
20220314 061439.319 INFO             PET0 PIOc_sync Exit - MemInfo: [/proc/self/status]	VmData:	   55468 kB
20220314 061439.319 INFO             PET0 PIOc_sync Exit - MemInfo: [/proc/self/status]	VmStk:	     144 kB
20220314 061439.319 INFO             PET0 PIOc_sync Exit - MemInfo: [/proc/self/status]	VmExe:	     228 kB
20220314 061439.319 INFO             PET0 PIOc_sync Exit - MemInfo: [/proc/self/status]	VmLib:	   39920 kB
20220314 061439.319 INFO             PET0 PIOc_sync Exit - MemInfo: [/proc/self/status]	VmPTE:	     268 kB
20220314 061439.319 INFO             PET0 PIOc_sync Exit - MemInfo: [/proc/self/status]	VmPMD:	      16 kB
20220314 061439.319 INFO             PET0 PIOc_sync Exit - MemInfo: [/proc/self/status]	VmSwap:	       0 kB
20220314 061439.319 INFO             PET0 PIOc_sync Exit - MemInfo: [/proc/self/status]	VmRSSPercent: 0.0725663 %
20220314 061439.319 INFO             PET0 PIOc_sync Exit - MemInfo: [malloc] Non-mmapped space allocated:                53407744 Byte
20220314 061439.319 INFO             PET0 PIOc_sync Exit - MemInfo: [malloc] Space allocated in mmapped regions:                0 Byte
20220314 061439.319 INFO             PET0 PIOc_sync Exit - MemInfo: [malloc] Maximum total allocated space:                     0 Byte
20220314 061439.319 INFO             PET0 PIOc_sync Exit - MemInfo: [malloc] Space in freed fastbin blocks:                   832 Byte
20220314 061439.319 INFO             PET0 PIOc_sync Exit - MemInfo: [malloc] Total allocated space:                      36515792 Byte
20220314 061439.319 INFO             PET0 PIOc_sync Exit - MemInfo: [malloc] Total free space:                           16891952 Byte
20220314 061439.319 INFO             PET0 PIOc_sync Exit - MemInfo: [malloc] Top-most, releasable space:                   133280 Byte
20220314 061439.319 INFO             PET0 PIOc_sync Exit - MemInfo: [malloc] Total space in use, mmap + non-mmap:        36515792 Byte
20220314 061439.319 INFO             PET0 PIOc_sync Exit - MemInfo: [malloc] Total space held (mmap + non-mmap):         53407744 Byte
20220314 061439.319 INFO             PET0 PIOc_sync Exit - MemInfo: [malloc] Total space used (mmap + non-mmap):         36525120 Byte
20220314 061439.319 INFO             PET0 PIOc_sync Exit - MemInfo: Wall-clock time since execution start:              0.0380987 seconds
20220314 061439.319 INFO             PET0 PIOc_freedecomp Enter - MemInfo: [/proc/meminfo - SSI]	MemTotal:       65507008 kB
20220314 061439.319 INFO             PET0 PIOc_freedecomp Enter - MemInfo: [/proc/meminfo - SSI]	MemFree:        49896752 kB
20220314 061439.319 INFO             PET0 PIOc_freedecomp Enter - MemInfo: [/proc/meminfo - SSI]	MemAvailable:   49652704 kB
20220314 061439.319 INFO             PET0 PIOc_freedecomp Enter - MemInfo: [/proc/meminfo - SSI]	Committed_AS:   13148144 kB
