build time -- 2022-03-12 06:02:09.269137
20220312 061343.733 INFO             PET0 !!!!!!!!!!!!!!!!!!!!!!!!!!!!!!!!!!!!!!!!!!!!!!!!!!!!!!
20220312 061343.733 INFO             PET0 !!! THE ESMF_LOG IS SET TO OUTPUT ALL LOG MESSAGES !!!
20220312 061343.733 INFO             PET0 !!!     THIS MAY CAUSE SLOWDOWN IN PERFORMANCE     !!!
20220312 061343.733 INFO             PET0 !!! FOR PRODUCTION RUNS, USE:                      !!!
20220312 061343.733 INFO             PET0 !!!                   ESMF_LOGKIND_Multi_On_Error  !!!
20220312 061343.733 INFO             PET0 !!!!!!!!!!!!!!!!!!!!!!!!!!!!!!!!!!!!!!!!!!!!!!!!!!!!!!
20220312 061343.733 INFO             PET0 Running with ESMF Version   : v8.3.0b09-96-g559b459836
20220312 061343.733 INFO             PET0 ESMF library build date/time: "Mar 12 2022" "06:00:17"
20220312 061343.733 INFO             PET0 ESMF library build location : /glade/scratch/rlong/esmf-testing/gfortran_9.1.0_mpt_O_jedwards_pio_update2
20220312 061343.733 INFO             PET0 ESMF_COMM                   : mpt
20220312 061343.733 INFO             PET0 ESMF_MOAB                   : enabled
20220312 061343.733 INFO             PET0 ESMF_LAPACK                 : enabled
20220312 061343.733 INFO             PET0 ESMF_NETCDF                 : enabled
20220312 061343.733 INFO             PET0 ESMF_PNETCDF                : disabled
20220312 061343.733 INFO             PET0 ESMF_PIO                    : enabled
20220312 061343.733 INFO             PET0 ESMF_YAMLCPP                : enabled
20220312 061343.734 INFO             PET0  Beginning Test, file ESMF_IOUTest.F90, line 57
20220312 061343.734 INFO             PET0  NUMBER_OF_PROCESSORS           4
20220312 061343.734 INFO             PET0 Starting Test:  ESMF_OutputWeightFile
20220312 061343.746 INFO             PET0 PIOc_sync Enter - MemInfo: [/proc/meminfo - SSI]	MemTotal:       65507008 kB
20220312 061343.746 INFO             PET0 PIOc_sync Enter - MemInfo: [/proc/meminfo - SSI]	MemFree:        49470720 kB
20220312 061343.746 INFO             PET0 PIOc_sync Enter - MemInfo: [/proc/meminfo - SSI]	MemAvailable:   49223044 kB
20220312 061343.746 INFO             PET0 PIOc_sync Enter - MemInfo: [/proc/meminfo - SSI]	Committed_AS:   13214432 kB
20220312 061343.746 INFO             PET0 PIOc_sync Enter - MemInfo: [/proc/meminfo - SSI]	CommittedPercent: 20.1725 %
20220312 061343.746 INFO             PET0 PIOc_sync Enter - MemInfo: [/proc/self/status]	VmPeak:	65907948 kB
20220312 061343.746 INFO             PET0 PIOc_sync Enter - MemInfo: [/proc/self/status]	VmSize:	65907948 kB
20220312 061343.746 INFO             PET0 PIOc_sync Enter - MemInfo: [/proc/self/status]	VmLck:	       0 kB
20220312 061343.746 INFO             PET0 PIOc_sync Enter - MemInfo: [/proc/self/status]	VmPin:	       0 kB
20220312 061343.746 INFO             PET0 PIOc_sync Enter - MemInfo: [/proc/self/status]	VmHWM:	   30232 kB
20220312 061343.746 INFO             PET0 PIOc_sync Enter - MemInfo: [/proc/self/status]	VmRSS:	   30232 kB
20220312 061343.746 INFO             PET0 PIOc_sync Enter - MemInfo: [/proc/self/status]	VmData:	   38624 kB
20220312 061343.746 INFO             PET0 PIOc_sync Enter - MemInfo: [/proc/self/status]	VmStk:	     144 kB
20220312 061343.746 INFO             PET0 PIOc_sync Enter - MemInfo: [/proc/self/status]	VmExe:	     196 kB
20220312 061343.746 INFO             PET0 PIOc_sync Enter - MemInfo: [/proc/self/status]	VmLib:	   39920 kB
20220312 061343.746 INFO             PET0 PIOc_sync Enter - MemInfo: [/proc/self/status]	VmPTE:	     248 kB
20220312 061343.746 INFO             PET0 PIOc_sync Enter - MemInfo: [/proc/self/status]	VmPMD:	      16 kB
20220312 061343.746 INFO             PET0 PIOc_sync Enter - MemInfo: [/proc/self/status]	VmSwap:	       0 kB
20220312 061343.746 INFO             PET0 PIOc_sync Enter - MemInfo: [/proc/self/status]	VmRSSPercent: 0.0461508 %
20220312 061343.746 INFO             PET0 PIOc_sync Enter - MemInfo: [malloc] Non-mmapped space allocated:                36159488 Byte
20220312 061343.748 INFO             PET0 PIOc_sync Enter - MemInfo: [malloc] Space allocated in mmapped regions:                0 Byte
20220312 061343.748 INFO             PET0 PIOc_sync Enter - MemInfo: [malloc] Maximum total allocated space:                     0 Byte
20220312 061343.748 INFO             PET0 PIOc_sync Enter - MemInfo: [malloc] Space in freed fastbin blocks:                   944 Byte
20220312 061343.748 INFO             PET0 PIOc_sync Enter - MemInfo: [malloc] Total allocated space:                      36041808 Byte
20220312 061343.748 INFO             PET0 PIOc_sync Enter - MemInfo: [malloc] Total free space:                             117680 Byte
20220312 061343.748 INFO             PET0 PIOc_sync Enter - MemInfo: [malloc] Top-most, releasable space:                   116176 Byte
20220312 061343.748 INFO             PET0 PIOc_sync Enter - MemInfo: [malloc] Total space in use, mmap + non-mmap:        36041808 Byte
20220312 061343.748 INFO             PET0 PIOc_sync Enter - MemInfo: [malloc] Total space held (mmap + non-mmap):         36159488 Byte
20220312 061343.748 INFO             PET0 PIOc_sync Enter - MemInfo: [malloc] Total space used (mmap + non-mmap):         36051136 Byte
20220312 061343.748 INFO             PET0 PIOc_sync Enter - MemInfo: Wall-clock time since execution start:              0.0154029 seconds
20220312 061343.748 INFO             PET0 PIOc_sync Exit - MemInfo: [/proc/meminfo - SSI]	MemTotal:       65507008 kB
20220312 061343.748 INFO             PET0 PIOc_sync Exit - MemInfo: [/proc/meminfo - SSI]	MemFree:        49470720 kB
20220312 061343.748 INFO             PET0 PIOc_sync Exit - MemInfo: [/proc/meminfo - SSI]	MemAvailable:   49223044 kB
20220312 061343.748 INFO             PET0 PIOc_sync Exit - MemInfo: [/proc/meminfo - SSI]	Committed_AS:   13214432 kB
20220312 061343.748 INFO             PET0 PIOc_sync Exit - MemInfo: [/proc/meminfo - SSI]	CommittedPercent: 20.1725 %
20220312 061343.748 INFO             PET0 PIOc_sync Exit - MemInfo: [/proc/self/status]	VmPeak:	65907948 kB
20220312 061343.748 INFO             PET0 PIOc_sync Exit - MemInfo: [/proc/self/status]	VmSize:	65907948 kB
20220312 061343.748 INFO             PET0 PIOc_sync Exit - MemInfo: [/proc/self/status]	VmLck:	       0 kB
20220312 061343.748 INFO             PET0 PIOc_sync Exit - MemInfo: [/proc/self/status]	VmPin:	       0 kB
20220312 061343.748 INFO             PET0 PIOc_sync Exit - MemInfo: [/proc/self/status]	VmHWM:	   30364 kB
20220312 061343.748 INFO             PET0 PIOc_sync Exit - MemInfo: [/proc/self/status]	VmRSS:	   30364 kB
20220312 061343.749 INFO             PET0 PIOc_sync Exit - MemInfo: [/proc/self/status]	VmData:	   38624 kB
20220312 061343.749 INFO             PET0 PIOc_sync Exit - MemInfo: [/proc/self/status]	VmStk:	     144 kB
20220312 061343.749 INFO             PET0 PIOc_sync Exit - MemInfo: [/proc/self/status]	VmExe:	     196 kB
20220312 061343.749 INFO             PET0 PIOc_sync Exit - MemInfo: [/proc/self/status]	VmLib:	   39920 kB
20220312 061343.749 INFO             PET0 PIOc_sync Exit - MemInfo: [/proc/self/status]	VmPTE:	     248 kB
20220312 061343.749 INFO             PET0 PIOc_sync Exit - MemInfo: [/proc/self/status]	VmPMD:	      16 kB
20220312 061343.749 INFO             PET0 PIOc_sync Exit - MemInfo: [/proc/self/status]	VmSwap:	       0 kB
20220312 061343.749 INFO             PET0 PIOc_sync Exit - MemInfo: [/proc/self/status]	VmRSSPercent: 0.0463523 %
20220312 061343.749 INFO             PET0 PIOc_sync Exit - MemInfo: [malloc] Non-mmapped space allocated:                36159488 Byte
20220312 061343.749 INFO             PET0 PIOc_sync Exit - MemInfo: [malloc] Space allocated in mmapped regions:                0 Byte
20220312 061343.749 INFO             PET0 PIOc_sync Exit - MemInfo: [malloc] Maximum total allocated space:                     0 Byte
20220312 061343.749 INFO             PET0 PIOc_sync Exit - MemInfo: [malloc] Space in freed fastbin blocks:                   704 Byte
20220312 061343.749 INFO             PET0 PIOc_sync Exit - MemInfo: [malloc] Total allocated space:                      36041168 Byte
20220312 061343.749 INFO             PET0 PIOc_sync Exit - MemInfo: [malloc] Total free space:                             118320 Byte
20220312 061343.749 INFO             PET0 PIOc_sync Exit - MemInfo: [malloc] Top-most, releasable space:                   116112 Byte
20220312 061343.749 INFO             PET0 PIOc_sync Exit - MemInfo: [malloc] Total space in use, mmap + non-mmap:        36041168 Byte
20220312 061343.749 INFO             PET0 PIOc_sync Exit - MemInfo: [malloc] Total space held (mmap + non-mmap):         36159488 Byte
20220312 061343.749 INFO             PET0 PIOc_sync Exit - MemInfo: [malloc] Total space used (mmap + non-mmap):         36050496 Byte
20220312 061343.749 INFO             PET0 PIOc_sync Exit - MemInfo: Wall-clock time since execution start:              0.0161415 seconds
20220312 061343.749 INFO             PET0 PIOc_freedecomp Enter - MemInfo: [/proc/meminfo - SSI]	MemTotal:       65507008 kB
20220312 061343.749 INFO             PET0 PIOc_freedecomp Enter - MemInfo: [/proc/meminfo - SSI]	MemFree:        49470720 kB
20220312 061343.749 INFO             PET0 PIOc_freedecomp Enter - MemInfo: [/proc/meminfo - SSI]	MemAvailable:   49223044 kB
20220312 061343.749 INFO             PET0 PIOc_freedecomp Enter - MemInfo: [/proc/meminfo - SSI]	Committed_AS:   13214432 kB
20220312 061343.749 INFO             PET0 PIOc_freedecomp Enter - MemInfo: [/proc/meminfo - SSI]	CommittedPercent: 20.1725 %
20220312 061343.749 INFO             PET0 PIOc_freedecomp Enter - MemInfo: [/proc/self/status]	VmPeak:	65907948 kB
20220312 061343.749 INFO             PET0 PIOc_freedecomp Enter - MemInfo: [/proc/self/status]	VmSize:	65907948 kB
20220312 061343.749 INFO             PET0 PIOc_freedecomp Enter - MemInfo: [/proc/self/status]	VmLck:	       0 kB
20220312 061343.749 INFO             PET0 PIOc_freedecomp Enter - MemInfo: [/proc/self/status]	VmPin:	       0 kB
20220312 061343.749 INFO             PET0 PIOc_freedecomp Enter - MemInfo: [/proc/self/status]	VmHWM:	   30364 kB
20220312 061343.749 INFO             PET0 PIOc_freedecomp Enter - MemInfo: [/proc/self/status]	VmRSS:	   30364 kB
20220312 061343.749 INFO             PET0 PIOc_freedecomp Enter - MemInfo: [/proc/self/status]	VmData:	   38624 kB
20220312 061343.749 INFO             PET0 PIOc_freedecomp Enter - MemInfo: [/proc/self/status]	VmStk:	     144 kB
20220312 061343.749 INFO             PET0 PIOc_freedecomp Enter - MemInfo: [/proc/self/status]	VmExe:	     196 kB
20220312 061343.749 INFO             PET0 PIOc_freedecomp Enter - MemInfo: [/proc/self/status]	VmLib:	   39920 kB
20220312 061343.749 INFO             PET0 PIOc_freedecomp Enter - MemInfo: [/proc/self/status]	VmPTE:	     248 kB
20220312 061343.749 INFO             PET0 PIOc_freedecomp Enter - MemInfo: [/proc/self/status]	VmPMD:	      16 kB
20220312 061343.749 INFO             PET0 PIOc_freedecomp Enter - MemInfo: [/proc/self/status]	VmSwap:	       0 kB
20220312 061343.749 INFO             PET0 PIOc_freedecomp Enter - MemInfo: [/proc/self/status]	VmRSSPercent: 0.0463523 %
20220312 061343.749 INFO             PET0 PIOc_freedecomp Enter - MemInfo: [malloc] Non-mmapped space allocated:                36159488 Byte
20220312 061343.749 INFO             PET0 PIOc_freedecomp Enter - MemInfo: [malloc] Space allocated in mmapped regions:                0 Byte
20220312 061343.749 INFO             PET0 PIOc_freedecomp Enter - MemInfo: [malloc] Maximum total allocated space:                     0 Byte
20220312 061343.749 INFO             PET0 PIOc_freedecomp Enter - MemInfo: [malloc] Space in freed fastbin blocks:                  1024 Byte
20220312 061343.749 INFO             PET0 PIOc_freedecomp Enter - MemInfo: [malloc] Total allocated space:                      18726544 Byte
20220312 061343.749 INFO             PET0 PIOc_freedecomp Enter - MemInfo: [malloc] Total free space:                           17432944 Byte
20220312 061343.749 INFO             PET0 PIOc_freedecomp Enter - MemInfo: [malloc] Top-most, releasable space:                   116112 Byte
20220312 061343.749 INFO             PET0 PIOc_freedecomp Enter - MemInfo: [malloc] Total space in use, mmap + non-mmap:        18726544 Byte
20220312 061343.749 INFO             PET0 PIOc_freedecomp Enter - MemInfo: [malloc] Total space held (mmap + non-mmap):         36159488 Byte
20220312 061343.749 INFO             PET0 PIOc_freedecomp Enter - MemInfo: [malloc] Total space used (mmap + non-mmap):         18735888 Byte
20220312 061343.749 INFO             PET0 PIOc_freedecomp Enter - MemInfo: Wall-clock time since execution start:              0.0165256 seconds
20220312 061343.749 INFO             PET0 PIOc_freedecomp Exit - MemInfo: [/proc/meminfo - SSI]	MemTotal:       65507008 kB
20220312 061343.749 INFO             PET0 PIOc_freedecomp Exit - MemInfo: [/proc/meminfo - SSI]	MemFree:        49470720 kB
20220312 061343.749 INFO             PET0 PIOc_freedecomp Exit - MemInfo: [/proc/meminfo - SSI]	MemAvailable:   49223044 kB
20220312 061343.749 INFO             PET0 PIOc_freedecomp Exit - MemInfo: [/proc/meminfo - SSI]	Committed_AS:   13214432 kB
20220312 061343.749 INFO             PET0 PIOc_freedecomp Exit - MemInfo: [/proc/meminfo - SSI]	CommittedPercent: 20.1725 %
20220312 061343.749 INFO             PET0 PIOc_freedecomp Exit - MemInfo: [/proc/self/status]	VmPeak:	65907948 kB
20220312 061343.749 INFO             PET0 PIOc_freedecomp Exit - MemInfo: [/proc/self/status]	VmSize:	65907948 kB
20220312 061343.749 INFO             PET0 PIOc_freedecomp Exit - MemInfo: [/proc/self/status]	VmLck:	       0 kB
20220312 061343.749 INFO             PET0 PIOc_freedecomp Exit - MemInfo: [/proc/self/status]	VmPin:	       0 kB
20220312 061343.749 INFO             PET0 PIOc_freedecomp Exit - MemInfo: [/proc/self/status]	VmHWM:	   30368 kB
20220312 061343.749 INFO             PET0 PIOc_freedecomp Exit - MemInfo: [/proc/self/status]	VmRSS:	   30368 kB
20220312 061343.749 INFO             PET0 PIOc_freedecomp Exit - MemInfo: [/proc/self/status]	VmData:	   38624 kB
20220312 061343.749 INFO             PET0 PIOc_freedecomp Exit - MemInfo: [/proc/self/status]	VmStk:	     144 kB
20220312 061343.749 INFO             PET0 PIOc_freedecomp Exit - MemInfo: [/proc/self/status]	VmExe:	     196 kB
20220312 061343.749 INFO             PET0 PIOc_freedecomp Exit - MemInfo: [/proc/self/status]	VmLib:	   39920 kB
20220312 061343.749 INFO             PET0 PIOc_freedecomp Exit - MemInfo: [/proc/self/status]	VmPTE:	     248 kB
20220312 061343.749 INFO             PET0 PIOc_freedecomp Exit - MemInfo: [/proc/self/status]	VmPMD:	      16 kB
20220312 061343.749 INFO             PET0 PIOc_freedecomp Exit - MemInfo: [/proc/self/status]	VmSwap:	       0 kB
20220312 061343.749 INFO             PET0 PIOc_freedecomp Exit - MemInfo: [/proc/self/status]	VmRSSPercent: 0.0463584 %
20220312 061343.749 INFO             PET0 PIOc_freedecomp Exit - MemInfo: [malloc] Non-mmapped space allocated:                36159488 Byte
20220312 061343.749 INFO             PET0 PIOc_freedecomp Exit - MemInfo: [malloc] Space allocated in mmapped regions:                0 Byte
20220312 061343.749 INFO             PET0 PIOc_freedecomp Exit - MemInfo: [malloc] Maximum total allocated space:                     0 Byte
20220312 061343.749 INFO             PET0 PIOc_freedecomp Exit - MemInfo: [malloc] Space in freed fastbin blocks:                  1280 Byte
20220312 061343.749 INFO             PET0 PIOc_freedecomp Exit - MemInfo: [malloc] Total allocated space:                      18724640 Byte
20220312 061343.749 INFO             PET0 PIOc_freedecomp Exit - MemInfo: [malloc] Total free space:                           17434848 Byte
20220312 061343.749 INFO             PET0 PIOc_freedecomp Exit - MemInfo: [malloc] Top-most, releasable space:                   116112 Byte
20220312 061343.749 INFO             PET0 PIOc_freedecomp Exit - MemInfo: [malloc] Total space in use, mmap + non-mmap:        18724640 Byte
20220312 061343.749 INFO             PET0 PIOc_freedecomp Exit - MemInfo: [malloc] Total space held (mmap + non-mmap):         36159488 Byte
20220312 061343.749 INFO             PET0 PIOc_freedecomp Exit - MemInfo: [malloc] Total space used (mmap + non-mmap):         18733968 Byte
20220312 061343.749 INFO             PET0 PIOc_freedecomp Exit - MemInfo: Wall-clock time since execution start:              0.0168617 seconds
20220312 061343.750 INFO             PET0 PIOc_sync Enter - MemInfo: [/proc/meminfo - SSI]	MemTotal:       65507008 kB
20220312 061343.750 INFO             PET0 PIOc_sync Enter - MemInfo: [/proc/meminfo - SSI]	MemFree:        49470720 kB
20220312 061343.750 INFO             PET0 PIOc_sync Enter - MemInfo: [/proc/meminfo - SSI]	MemAvailable:   49223044 kB
20220312 061343.750 INFO             PET0 PIOc_sync Enter - MemInfo: [/proc/meminfo - SSI]	Committed_AS:   13214432 kB
20220312 061343.750 INFO             PET0 PIOc_sync Enter - MemInfo: [/proc/meminfo - SSI]	CommittedPercent: 20.1725 %
20220312 061343.750 INFO             PET0 PIOc_sync Enter - MemInfo: [/proc/self/status]	VmPeak:	65916136 kB
20220312 061343.750 INFO             PET0 PIOc_sync Enter - MemInfo: [/proc/self/status]	VmSize:	65907948 kB
20220312 061343.750 INFO             PET0 PIOc_sync Enter - MemInfo: [/proc/self/status]	VmLck:	       0 kB
20220312 061343.750 INFO             PET0 PIOc_sync Enter - MemInfo: [/proc/self/status]	VmPin:	       0 kB
20220312 061343.750 INFO             PET0 PIOc_sync Enter - MemInfo: [/proc/self/status]	VmHWM:	   30376 kB
20220312 061343.750 INFO             PET0 PIOc_sync Enter - MemInfo: [/proc/self/status]	VmRSS:	   30376 kB
20220312 061343.750 INFO             PET0 PIOc_sync Enter - MemInfo: [/proc/self/status]	VmData:	   38624 kB
20220312 061343.750 INFO             PET0 PIOc_sync Enter - MemInfo: [/proc/self/status]	VmStk:	     144 kB
20220312 061343.750 INFO             PET0 PIOc_sync Enter - MemInfo: [/proc/self/status]	VmExe:	     196 kB
20220312 061343.750 INFO             PET0 PIOc_sync Enter - MemInfo: [/proc/self/status]	VmLib:	   39920 kB
20220312 061343.750 INFO             PET0 PIOc_sync Enter - MemInfo: [/proc/self/status]	VmPTE:	     252 kB
20220312 061343.750 INFO             PET0 PIOc_sync Enter - MemInfo: [/proc/self/status]	VmPMD:	      16 kB
20220312 061343.750 INFO             PET0 PIOc_sync Enter - MemInfo: [/proc/self/status]	VmSwap:	       0 kB
20220312 061343.750 INFO             PET0 PIOc_sync Enter - MemInfo: [/proc/self/status]	VmRSSPercent: 0.0463706 %
20220312 061343.751 INFO             PET0 PIOc_sync Enter - MemInfo: [malloc] Non-mmapped space allocated:                36159488 Byte
20220312 061343.751 INFO             PET0 PIOc_sync Enter - MemInfo: [malloc] Space allocated in mmapped regions:                0 Byte
20220312 061343.751 INFO             PET0 PIOc_sync Enter - MemInfo: [malloc] Maximum total allocated space:                     0 Byte
20220312 061343.751 INFO             PET0 PIOc_sync Enter - MemInfo: [malloc] Space in freed fastbin blocks:                  1248 Byte
20220312 061343.751 INFO             PET0 PIOc_sync Enter - MemInfo: [malloc] Total allocated space:                      36042176 Byte
20220312 061343.751 INFO             PET0 PIOc_sync Enter - MemInfo: [malloc] Total free space:                             117312 Byte
20220312 061343.751 INFO             PET0 PIOc_sync Enter - MemInfo: [malloc] Top-most, releasable space:                   114832 Byte
20220312 061343.751 INFO             PET0 PIOc_sync Enter - MemInfo: [malloc] Total space in use, mmap + non-mmap:        36042176 Byte
20220312 061343.751 INFO             PET0 PIOc_sync Enter - MemInfo: [malloc] Total space held (mmap + non-mmap):         36159488 Byte
20220312 061343.751 INFO             PET0 PIOc_sync Enter - MemInfo: [malloc] Total space used (mmap + non-mmap):         36051504 Byte
20220312 061343.751 INFO             PET0 PIOc_sync Enter - MemInfo: Wall-clock time since execution start:              0.0180679 seconds
20220312 061343.751 INFO             PET0 PIOc_sync Exit - MemInfo: [/proc/meminfo - SSI]	MemTotal:       65507008 kB
20220312 061343.751 INFO             PET0 PIOc_sync Exit - MemInfo: [/proc/meminfo - SSI]	MemFree:        49470720 kB
20220312 061343.751 INFO             PET0 PIOc_sync Exit - MemInfo: [/proc/meminfo - SSI]	MemAvailable:   49223044 kB
20220312 061343.751 INFO             PET0 PIOc_sync Exit - MemInfo: [/proc/meminfo - SSI]	Committed_AS:   13214432 kB
20220312 061343.751 INFO             PET0 PIOc_sync Exit - MemInfo: [/proc/meminfo - SSI]	CommittedPercent: 20.1725 %
20220312 061343.751 INFO             PET0 PIOc_sync Exit - MemInfo: [/proc/self/status]	VmPeak:	65916136 kB
20220312 061343.751 INFO             PET0 PIOc_sync Exit - MemInfo: [/proc/self/status]	VmSize:	65907948 kB
20220312 061343.751 INFO             PET0 PIOc_sync Exit - MemInfo: [/proc/self/status]	VmLck:	       0 kB
20220312 061343.751 INFO             PET0 PIOc_sync Exit - MemInfo: [/proc/self/status]	VmPin:	       0 kB
20220312 061343.751 INFO             PET0 PIOc_sync Exit - MemInfo: [/proc/self/status]	VmHWM:	   30384 kB
20220312 061343.751 INFO             PET0 PIOc_sync Exit - MemInfo: [/proc/self/status]	VmRSS:	   30384 kB
20220312 061343.751 INFO             PET0 PIOc_sync Exit - MemInfo: [/proc/self/status]	VmData:	   38624 kB
20220312 061343.751 INFO             PET0 PIOc_sync Exit - MemInfo: [/proc/self/status]	VmStk:	     144 kB
20220312 061343.751 INFO             PET0 PIOc_sync Exit - MemInfo: [/proc/self/status]	VmExe:	     196 kB
20220312 061343.751 INFO             PET0 PIOc_sync Exit - MemInfo: [/proc/self/status]	VmLib:	   39920 kB
20220312 061343.751 INFO             PET0 PIOc_sync Exit - MemInfo: [/proc/self/status]	VmPTE:	     252 kB
20220312 061343.751 INFO             PET0 PIOc_sync Exit - MemInfo: [/proc/self/status]	VmPMD:	      16 kB
20220312 061343.751 INFO             PET0 PIOc_sync Exit - MemInfo: [/proc/self/status]	VmSwap:	       0 kB
20220312 061343.751 INFO             PET0 PIOc_sync Exit - MemInfo: [/proc/self/status]	VmRSSPercent: 0.0463828 %
20220312 061343.751 INFO             PET0 PIOc_sync Exit - MemInfo: [malloc] Non-mmapped space allocated:                36159488 Byte
20220312 061343.751 INFO             PET0 PIOc_sync Exit - MemInfo: [malloc] Space allocated in mmapped regions:                0 Byte
20220312 061343.751 INFO             PET0 PIOc_sync Exit - MemInfo: [malloc] Maximum total allocated space:                     0 Byte
20220312 061343.751 INFO             PET0 PIOc_sync Exit - MemInfo: [malloc] Space in freed fastbin blocks:                  1088 Byte
20220312 061343.751 INFO             PET0 PIOc_sync Exit - MemInfo: [malloc] Total allocated space:                      36041584 Byte
20220312 061343.751 INFO             PET0 PIOc_sync Exit - MemInfo: [malloc] Total free space:                             117904 Byte
20220312 061343.751 INFO             PET0 PIOc_sync Exit - MemInfo: [malloc] Top-most, releasable space:                   114832 Byte
20220312 061343.751 INFO             PET0 PIOc_sync Exit - MemInfo: [malloc] Total space in use, mmap + non-mmap:        36041584 Byte
20220312 061343.751 INFO             PET0 PIOc_sync Exit - MemInfo: [malloc] Total space held (mmap + non-mmap):         36159488 Byte
20220312 061343.751 INFO             PET0 PIOc_sync Exit - MemInfo: [malloc] Total space used (mmap + non-mmap):         36050912 Byte
20220312 061343.751 INFO             PET0 PIOc_sync Exit - MemInfo: Wall-clock time since execution start:              0.0184628 seconds
20220312 061343.751 INFO             PET0 PIOc_freedecomp Enter - MemInfo: [/proc/meminfo - SSI]	MemTotal:       65507008 kB
20220312 061343.751 INFO             PET0 PIOc_freedecomp Enter - MemInfo: [/proc/meminfo - SSI]	MemFree:        49470216 kB
20220312 061343.751 INFO             PET0 PIOc_freedecomp Enter - MemInfo: [/proc/meminfo - SSI]	MemAvailable:   49222540 kB
20220312 061343.751 INFO             PET0 PIOc_freedecomp Enter - MemInfo: [/proc/meminfo - SSI]	Committed_AS:   13214432 kB
20220312 061343.751 INFO             PET0 PIOc_freedecomp Enter - MemInfo: [/proc/meminfo - SSI]	CommittedPercent: 20.1725 %
20220312 061343.751 INFO             PET0 PIOc_freedecomp Enter - MemInfo: [/proc/self/status]	VmPeak:	65916136 kB
20220312 061343.751 INFO             PET0 PIOc_freedecomp Enter - MemInfo: [/proc/self/status]	VmSize:	65907948 kB
20220312 061343.751 INFO             PET0 PIOc_freedecomp Enter - MemInfo: [/proc/self/status]	VmLck:	       0 kB
20220312 061343.751 INFO             PET0 PIOc_freedecomp Enter - MemInfo: [/proc/self/status]	VmPin:	       0 kB
20220312 061343.751 INFO             PET0 PIOc_freedecomp Enter - MemInfo: [/proc/self/status]	VmHWM:	   30384 kB
20220312 061343.751 INFO             PET0 PIOc_freedecomp Enter - MemInfo: [/proc/self/status]	VmRSS:	   30384 kB
20220312 061343.751 INFO             PET0 PIOc_freedecomp Enter - MemInfo: [/proc/self/status]	VmData:	   38624 kB
20220312 061343.751 INFO             PET0 PIOc_freedecomp Enter - MemInfo: [/proc/self/status]	VmStk:	     144 kB
20220312 061343.751 INFO             PET0 PIOc_freedecomp Enter - MemInfo: [/proc/self/status]	VmExe:	     196 kB
20220312 061343.751 INFO             PET0 PIOc_freedecomp Enter - MemInfo: [/proc/self/status]	VmLib:	   39920 kB
20220312 061343.751 INFO             PET0 PIOc_freedecomp Enter - MemInfo: [/proc/self/status]	VmPTE:	     252 kB
20220312 061343.751 INFO             PET0 PIOc_freedecomp Enter - MemInfo: [/proc/self/status]	VmPMD:	      16 kB
20220312 061343.751 INFO             PET0 PIOc_freedecomp Enter - MemInfo: [/proc/self/status]	VmSwap:	       0 kB
20220312 061343.751 INFO             PET0 PIOc_freedecomp Enter - MemInfo: [/proc/self/status]	VmRSSPercent: 0.0463828 %
20220312 061343.751 INFO             PET0 PIOc_freedecomp Enter - MemInfo: [malloc] Non-mmapped space allocated:                36159488 Byte
20220312 061343.751 INFO             PET0 PIOc_freedecomp Enter - MemInfo: [malloc] Space allocated in mmapped regions:                0 Byte
20220312 061343.751 INFO             PET0 PIOc_freedecomp Enter - MemInfo: [malloc] Maximum total allocated space:                     0 Byte
20220312 061343.751 INFO             PET0 PIOc_freedecomp Enter - MemInfo: [malloc] Space in freed fastbin blocks:                  1024 Byte
20220312 061343.751 INFO             PET0 PIOc_freedecomp Enter - MemInfo: [malloc] Total allocated space:                      18726544 Byte
20220312 061343.751 INFO             PET0 PIOc_freedecomp Enter - MemInfo: [malloc] Total free space:                           17432944 Byte
20220312 061343.751 INFO             PET0 PIOc_freedecomp Enter - MemInfo: [malloc] Top-most, releasable space:                   116112 Byte
20220312 061343.751 INFO             PET0 PIOc_freedecomp Enter - MemInfo: [malloc] Total space in use, mmap + non-mmap:        18726544 Byte
20220312 061343.751 INFO             PET0 PIOc_freedecomp Enter - MemInfo: [malloc] Total space held (mmap + non-mmap):         36159488 Byte
20220312 061343.751 INFO             PET0 PIOc_freedecomp Enter - MemInfo: [malloc] Total space used (mmap + non-mmap):         18735872 Byte
20220312 061343.751 INFO             PET0 PIOc_freedecomp Enter - MemInfo: Wall-clock time since execution start:              0.0188312 seconds
20220312 061343.751 INFO             PET0 PIOc_freedecomp Exit - MemInfo: [/proc/meminfo - SSI]	MemTotal:       65507008 kB
20220312 061343.751 INFO             PET0 PIOc_freedecomp Exit - MemInfo: [/proc/meminfo - SSI]	MemFree:        49470216 kB
20220312 061343.751 INFO             PET0 PIOc_freedecomp Exit - MemInfo: [/proc/meminfo - SSI]	MemAvailable:   49222540 kB
20220312 061343.751 INFO             PET0 PIOc_freedecomp Exit - MemInfo: [/proc/meminfo - SSI]	Committed_AS:   13214432 kB
20220312 061343.751 INFO             PET0 PIOc_freedecomp Exit - MemInfo: [/proc/meminfo - SSI]	CommittedPercent: 20.1725 %
20220312 061343.751 INFO             PET0 PIOc_freedecomp Exit - MemInfo: [/proc/self/status]	VmPeak:	65916136 kB
20220312 061343.751 INFO             PET0 PIOc_freedecomp Exit - MemInfo: [/proc/self/status]	VmSize:	65907948 kB
20220312 061343.751 INFO             PET0 PIOc_freedecomp Exit - MemInfo: [/proc/self/status]	VmLck:	       0 kB
20220312 061343.752 INFO             PET0 PIOc_freedecomp Exit - MemInfo: [/proc/self/status]	VmPin:	       0 kB
20220312 061343.752 INFO             PET0 PIOc_freedecomp Exit - MemInfo: [/proc/self/status]	VmHWM:	   30384 kB
20220312 061343.752 INFO             PET0 PIOc_freedecomp Exit - MemInfo: [/proc/self/status]	VmRSS:	   30384 kB
20220312 061343.752 INFO             PET0 PIOc_freedecomp Exit - MemInfo: [/proc/self/status]	VmData:	   38624 kB
20220312 061343.752 INFO             PET0 PIOc_freedecomp Exit - MemInfo: [/proc/self/status]	VmStk:	     144 kB
20220312 061343.752 INFO             PET0 PIOc_freedecomp Exit - MemInfo: [/proc/self/status]	VmExe:	     196 kB
20220312 061343.752 INFO             PET0 PIOc_freedecomp Exit - MemInfo: [/proc/self/status]	VmLib:	   39920 kB
20220312 061343.752 INFO             PET0 PIOc_freedecomp Exit - MemInfo: [/proc/self/status]	VmPTE:	     252 kB
20220312 061343.752 INFO             PET0 PIOc_freedecomp Exit - MemInfo: [/proc/self/status]	VmPMD:	      16 kB
20220312 061343.752 INFO             PET0 PIOc_freedecomp Exit - MemInfo: [/proc/self/status]	VmSwap:	       0 kB
20220312 061343.752 INFO             PET0 PIOc_freedecomp Exit - MemInfo: [/proc/self/status]	VmRSSPercent: 0.0463828 %
20220312 061343.752 INFO             PET0 PIOc_freedecomp Exit - MemInfo: [malloc] Non-mmapped space allocated:                36159488 Byte
20220312 061343.752 INFO             PET0 PIOc_freedecomp Exit - MemInfo: [malloc] Space allocated in mmapped regions:                0 Byte
20220312 061343.752 INFO             PET0 PIOc_freedecomp Exit - MemInfo: [malloc] Maximum total allocated space:                     0 Byte
20220312 061343.752 INFO             PET0 PIOc_freedecomp Exit - MemInfo: [malloc] Space in freed fastbin blocks:                  1840 Byte
20220312 061343.752 INFO             PET0 PIOc_freedecomp Exit - MemInfo: [malloc] Total allocated space:                      18724640 Byte
20220312 061343.752 INFO             PET0 PIOc_freedecomp Exit - MemInfo: [malloc] Total free space:                           17434848 Byte
20220312 061343.752 INFO             PET0 PIOc_freedecomp Exit - MemInfo: [malloc] Top-most, releasable space:                   116112 Byte
20220312 061343.752 INFO             PET0 PIOc_freedecomp Exit - MemInfo: [malloc] Total space in use, mmap + non-mmap:        18724640 Byte
20220312 061343.752 INFO             PET0 PIOc_freedecomp Exit - MemInfo: [malloc] Total space held (mmap + non-mmap):         36159488 Byte
20220312 061343.752 INFO             PET0 PIOc_freedecomp Exit - MemInfo: [malloc] Total space used (mmap + non-mmap):         18733968 Byte
20220312 061343.752 INFO             PET0 PIOc_freedecomp Exit - MemInfo: Wall-clock time since execution start:              0.0191635 seconds
20220312 061343.752 INFO             PET0 PIOc_sync Enter - MemInfo: [/proc/meminfo - SSI]	MemTotal:       65507008 kB
20220312 061343.752 INFO             PET0 PIOc_sync Enter - MemInfo: [/proc/meminfo - SSI]	MemFree:        49470216 kB
20220312 061343.752 INFO             PET0 PIOc_sync Enter - MemInfo: [/proc/meminfo - SSI]	MemAvailable:   49222540 kB
20220312 061343.752 INFO             PET0 PIOc_sync Enter - MemInfo: [/proc/meminfo - SSI]	Committed_AS:   13214432 kB
20220312 061343.752 INFO             PET0 PIOc_sync Enter - MemInfo: [/proc/meminfo - SSI]	CommittedPercent: 20.1725 %
20220312 061343.753 INFO             PET0 PIOc_sync Enter - MemInfo: [/proc/self/status]	VmPeak:	65916136 kB
20220312 061343.753 INFO             PET0 PIOc_sync Enter - MemInfo: [/proc/self/status]	VmSize:	65907948 kB
20220312 061343.753 INFO             PET0 PIOc_sync Enter - MemInfo: [/proc/self/status]	VmLck:	       0 kB
20220312 061343.753 INFO             PET0 PIOc_sync Enter - MemInfo: [/proc/self/status]	VmPin:	       0 kB
20220312 061343.753 INFO             PET0 PIOc_sync Enter - MemInfo: [/proc/self/status]	VmHWM:	   30384 kB
20220312 061343.753 INFO             PET0 PIOc_sync Enter - MemInfo: [/proc/self/status]	VmRSS:	   30384 kB
20220312 061343.753 INFO             PET0 PIOc_sync Enter - MemInfo: [/proc/self/status]	VmData:	   38624 kB
20220312 061343.753 INFO             PET0 PIOc_sync Enter - MemInfo: [/proc/self/status]	VmStk:	     144 kB
20220312 061343.753 INFO             PET0 PIOc_sync Enter - MemInfo: [/proc/self/status]	VmExe:	     196 kB
20220312 061343.753 INFO             PET0 PIOc_sync Enter - MemInfo: [/proc/self/status]	VmLib:	   39920 kB
20220312 061343.753 INFO             PET0 PIOc_sync Enter - MemInfo: [/proc/self/status]	VmPTE:	     252 kB
20220312 061343.753 INFO             PET0 PIOc_sync Enter - MemInfo: [/proc/self/status]	VmPMD:	      16 kB
20220312 061343.753 INFO             PET0 PIOc_sync Enter - MemInfo: [/proc/self/status]	VmSwap:	       0 kB
20220312 061343.753 INFO             PET0 PIOc_sync Enter - MemInfo: [/proc/self/status]	VmRSSPercent: 0.0463828 %
20220312 061343.753 INFO             PET0 PIOc_sync Enter - MemInfo: [malloc] Non-mmapped space allocated:                36159488 Byte
20220312 061343.753 INFO             PET0 PIOc_sync Enter - MemInfo: [malloc] Space allocated in mmapped regions:                0 Byte
20220312 061343.753 INFO             PET0 PIOc_sync Enter - MemInfo: [malloc] Maximum total allocated space:                     0 Byte
20220312 061343.753 INFO             PET0 PIOc_sync Enter - MemInfo: [malloc] Space in freed fastbin blocks:                  1488 Byte
20220312 061343.753 INFO             PET0 PIOc_sync Enter - MemInfo: [malloc] Total allocated space:                      36042624 Byte
20220312 061343.753 INFO             PET0 PIOc_sync Enter - MemInfo: [malloc] Total free space:                             116864 Byte
20220312 061343.753 INFO             PET0 PIOc_sync Enter - MemInfo: [malloc] Top-most, releasable space:                   114416 Byte
20220312 061343.753 INFO             PET0 PIOc_sync Enter - MemInfo: [malloc] Total space in use, mmap + non-mmap:        36042624 Byte
20220312 061343.753 INFO             PET0 PIOc_sync Enter - MemInfo: [malloc] Total space held (mmap + non-mmap):         36159488 Byte
20220312 061343.753 INFO             PET0 PIOc_sync Enter - MemInfo: [malloc] Total space used (mmap + non-mmap):         36051952 Byte
20220312 061343.753 INFO             PET0 PIOc_sync Enter - MemInfo: Wall-clock time since execution start:              0.0201935 seconds
20220312 061343.753 INFO             PET0 PIOc_sync Exit - MemInfo: [/proc/meminfo - SSI]	MemTotal:       65507008 kB
20220312 061343.753 INFO             PET0 PIOc_sync Exit - MemInfo: [/proc/meminfo - SSI]	MemFree:        49470216 kB
20220312 061343.753 INFO             PET0 PIOc_sync Exit - MemInfo: [/proc/meminfo - SSI]	MemAvailable:   49222540 kB
20220312 061343.753 INFO             PET0 PIOc_sync Exit - MemInfo: [/proc/meminfo - SSI]	Committed_AS:   13214432 kB
20220312 061343.753 INFO             PET0 PIOc_sync Exit - MemInfo: [/proc/meminfo - SSI]	CommittedPercent: 20.1725 %
20220312 061343.753 INFO             PET0 PIOc_sync Exit - MemInfo: [/proc/self/status]	VmPeak:	65916136 kB
20220312 061343.753 INFO             PET0 PIOc_sync Exit - MemInfo: [/proc/self/status]	VmSize:	65907948 kB
20220312 061343.753 INFO             PET0 PIOc_sync Exit - MemInfo: [/proc/self/status]	VmLck:	       0 kB
20220312 061343.753 INFO             PET0 PIOc_sync Exit - MemInfo: [/proc/self/status]	VmPin:	       0 kB
20220312 061343.753 INFO             PET0 PIOc_sync Exit - MemInfo: [/proc/self/status]	VmHWM:	   30384 kB
20220312 061343.753 INFO             PET0 PIOc_sync Exit - MemInfo: [/proc/self/status]	VmRSS:	   30384 kB
20220312 061343.753 INFO             PET0 PIOc_sync Exit - MemInfo: [/proc/self/status]	VmData:	   38624 kB
20220312 061343.753 INFO             PET0 PIOc_sync Exit - MemInfo: [/proc/self/status]	VmStk:	     144 kB
20220312 061343.753 INFO             PET0 PIOc_sync Exit - MemInfo: [/proc/self/status]	VmExe:	     196 kB
20220312 061343.753 INFO             PET0 PIOc_sync Exit - MemInfo: [/proc/self/status]	VmLib:	   39920 kB
20220312 061343.753 INFO             PET0 PIOc_sync Exit - MemInfo: [/proc/self/status]	VmPTE:	     252 kB
20220312 061343.753 INFO             PET0 PIOc_sync Exit - MemInfo: [/proc/self/status]	VmPMD:	      16 kB
20220312 061343.753 INFO             PET0 PIOc_sync Exit - MemInfo: [/proc/self/status]	VmSwap:	       0 kB
20220312 061343.753 INFO             PET0 PIOc_sync Exit - MemInfo: [/proc/self/status]	VmRSSPercent: 0.0463828 %
20220312 061343.753 INFO             PET0 PIOc_sync Exit - MemInfo: [malloc] Non-mmapped space allocated:                36159488 Byte
20220312 061343.753 INFO             PET0 PIOc_sync Exit - MemInfo: [malloc] Space allocated in mmapped regions:                0 Byte
20220312 061343.753 INFO             PET0 PIOc_sync Exit - MemInfo: [malloc] Maximum total allocated space:                     0 Byte
20220312 061343.753 INFO             PET0 PIOc_sync Exit - MemInfo: [malloc] Space in freed fastbin blocks:                  1440 Byte
20220312 061343.753 INFO             PET0 PIOc_sync Exit - MemInfo: [malloc] Total allocated space:                      36042048 Byte
20220312 061343.753 INFO             PET0 PIOc_sync Exit - MemInfo: [malloc] Total free space:                             117440 Byte
20220312 061343.753 INFO             PET0 PIOc_sync Exit - MemInfo: [malloc] Top-most, releasable space:                   115184 Byte
20220312 061343.753 INFO             PET0 PIOc_sync Exit - MemInfo: [malloc] Total space in use, mmap + non-mmap:        36042048 Byte
20220312 061343.753 INFO             PET0 PIOc_sync Exit - MemInfo: [malloc] Total space held (mmap + non-mmap):         36159488 Byte
20220312 061343.753 INFO             PET0 PIOc_sync Exit - MemInfo: [malloc] Total space used (mmap + non-mmap):         36051376 Byte
20220312 061343.753 INFO             PET0 PIOc_sync Exit - MemInfo: Wall-clock time since execution start:              0.0205809 seconds
20220312 061343.753 INFO             PET0 PIOc_freedecomp Enter - MemInfo: [/proc/meminfo - SSI]	MemTotal:       65507008 kB
20220312 061343.753 INFO             PET0 PIOc_freedecomp Enter - MemInfo: [/proc/meminfo - SSI]	MemFree:        49469712 kB
20220312 061343.753 INFO             PET0 PIOc_freedecomp Enter - MemInfo: [/proc/meminfo - SSI]	MemAvailable:   49222036 kB
20220312 061343.753 INFO             PET0 PIOc_freedecomp Enter - MemInfo: [/proc/meminfo - SSI]	Committed_AS:   13214432 kB
20220312 061343.753 INFO             PET0 PIOc_freedecomp Enter - MemInfo: [/proc/meminfo - SSI]	CommittedPercent: 20.1725 %
20220312 061343.753 INFO             PET0 PIOc_freedecomp Enter - MemInfo: [/proc/self/status]	VmPeak:	65916136 kB
20220312 061343.753 INFO             PET0 PIOc_freedecomp Enter - MemInfo: [/proc/self/status]	VmSize:	65907948 kB
20220312 061343.753 INFO             PET0 PIOc_freedecomp Enter - MemInfo: [/proc/self/status]	VmLck:	       0 kB
20220312 061343.753 INFO             PET0 PIOc_freedecomp Enter - MemInfo: [/proc/self/status]	VmPin:	       0 kB
20220312 061343.753 INFO             PET0 PIOc_freedecomp Enter - MemInfo: [/proc/self/status]	VmHWM:	   30384 kB
20220312 061343.753 INFO             PET0 PIOc_freedecomp Enter - MemInfo: [/proc/self/status]	VmRSS:	   30384 kB
20220312 061343.753 INFO             PET0 PIOc_freedecomp Enter - MemInfo: [/proc/self/status]	VmData:	   38624 kB
20220312 061343.753 INFO             PET0 PIOc_freedecomp Enter - MemInfo: [/proc/self/status]	VmStk:	     144 kB
20220312 061343.753 INFO             PET0 PIOc_freedecomp Enter - MemInfo: [/proc/self/status]	VmExe:	     196 kB
20220312 061343.753 INFO             PET0 PIOc_freedecomp Enter - MemInfo: [/proc/self/status]	VmLib:	   39920 kB
20220312 061343.753 INFO             PET0 PIOc_freedecomp Enter - MemInfo: [/proc/self/status]	VmPTE:	     252 kB
20220312 061343.753 INFO             PET0 PIOc_freedecomp Enter - MemInfo: [/proc/self/status]	VmPMD:	      16 kB
20220312 061343.753 INFO             PET0 PIOc_freedecomp Enter - MemInfo: [/proc/self/status]	VmSwap:	       0 kB
20220312 061343.753 INFO             PET0 PIOc_freedecomp Enter - MemInfo: [/proc/self/status]	VmRSSPercent: 0.0463828 %
20220312 061343.753 INFO             PET0 PIOc_freedecomp Enter - MemInfo: [malloc] Non-mmapped space allocated:                36159488 Byte
20220312 061343.753 INFO             PET0 PIOc_freedecomp Enter - MemInfo: [malloc] Space allocated in mmapped regions:                0 Byte
20220312 061343.753 INFO             PET0 PIOc_freedecomp Enter - MemInfo: [malloc] Maximum total allocated space:                     0 Byte
20220312 061343.753 INFO             PET0 PIOc_freedecomp Enter - MemInfo: [malloc] Space in freed fastbin blocks:                  1024 Byte
20220312 061343.753 INFO             PET0 PIOc_freedecomp Enter - MemInfo: [malloc] Total allocated space:                      18726560 Byte
20220312 061343.753 INFO             PET0 PIOc_freedecomp Enter - MemInfo: [malloc] Total free space:                           17432928 Byte
20220312 061343.753 INFO             PET0 PIOc_freedecomp Enter - MemInfo: [malloc] Top-most, releasable space:                   115424 Byte
20220312 061343.753 INFO             PET0 PIOc_freedecomp Enter - MemInfo: [malloc] Total space in use, mmap + non-mmap:        18726560 Byte
20220312 061343.753 INFO             PET0 PIOc_freedecomp Enter - MemInfo: [malloc] Total space held (mmap + non-mmap):         36159488 Byte
20220312 061343.753 INFO             PET0 PIOc_freedecomp Enter - MemInfo: [malloc] Total space used (mmap + non-mmap):         18735888 Byte
20220312 061343.753 INFO             PET0 PIOc_freedecomp Enter - MemInfo: Wall-clock time since execution start:              0.0209497 seconds
20220312 061343.754 INFO             PET0 PIOc_freedecomp Exit - MemInfo: [/proc/meminfo - SSI]	MemTotal:       65507008 kB
20220312 061343.754 INFO             PET0 PIOc_freedecomp Exit - MemInfo: [/proc/meminfo - SSI]	MemFree:        49469712 kB
20220312 061343.754 INFO             PET0 PIOc_freedecomp Exit - MemInfo: [/proc/meminfo - SSI]	MemAvailable:   49222036 kB
20220312 061343.754 INFO             PET0 PIOc_freedecomp Exit - MemInfo: [/proc/meminfo - SSI]	Committed_AS:   13214432 kB
20220312 061343.754 INFO             PET0 PIOc_freedecomp Exit - MemInfo: [/proc/meminfo - SSI]	CommittedPercent: 20.1725 %
20220312 061343.754 INFO             PET0 PIOc_freedecomp Exit - MemInfo: [/proc/self/status]	VmPeak:	65916136 kB
20220312 061343.754 INFO             PET0 PIOc_freedecomp Exit - MemInfo: [/proc/self/status]	VmSize:	65907948 kB
20220312 061343.754 INFO             PET0 PIOc_freedecomp Exit - MemInfo: [/proc/self/status]	VmLck:	       0 kB
20220312 061343.754 INFO             PET0 PIOc_freedecomp Exit - MemInfo: [/proc/self/status]	VmPin:	       0 kB
20220312 061343.754 INFO             PET0 PIOc_freedecomp Exit - MemInfo: [/proc/self/status]	VmHWM:	   30384 kB
20220312 061343.754 INFO             PET0 PIOc_freedecomp Exit - MemInfo: [/proc/self/status]	VmRSS:	   30384 kB
20220312 061343.754 INFO             PET0 PIOc_freedecomp Exit - MemInfo: [/proc/self/status]	VmData:	   38624 kB
20220312 061343.754 INFO             PET0 PIOc_freedecomp Exit - MemInfo: [/proc/self/status]	VmStk:	     144 kB
20220312 061343.754 INFO             PET0 PIOc_freedecomp Exit - MemInfo: [/proc/self/status]	VmExe:	     196 kB
20220312 061343.754 INFO             PET0 PIOc_freedecomp Exit - MemInfo: [/proc/self/status]	VmLib:	   39920 kB
20220312 061343.754 INFO             PET0 PIOc_freedecomp Exit - MemInfo: [/proc/self/status]	VmPTE:	     252 kB
20220312 061343.754 INFO             PET0 PIOc_freedecomp Exit - MemInfo: [/proc/self/status]	VmPMD:	      16 kB
20220312 061343.754 INFO             PET0 PIOc_freedecomp Exit - MemInfo: [/proc/self/status]	VmSwap:	       0 kB
20220312 061343.754 INFO             PET0 PIOc_freedecomp Exit - MemInfo: [/proc/self/status]	VmRSSPercent: 0.0463828 %
20220312 061343.754 INFO             PET0 PIOc_freedecomp Exit - MemInfo: [malloc] Non-mmapped space allocated:                36159488 Byte
20220312 061343.754 INFO             PET0 PIOc_freedecomp Exit - MemInfo: [malloc] Space allocated in mmapped regions:                0 Byte
20220312 061343.754 INFO             PET0 PIOc_freedecomp Exit - MemInfo: [malloc] Maximum total allocated space:                     0 Byte
20220312 061343.754 INFO             PET0 PIOc_freedecomp Exit - MemInfo: [malloc] Space in freed fastbin blocks:                  1872 Byte
20220312 061343.754 INFO             PET0 PIOc_freedecomp Exit - MemInfo: [malloc] Total allocated space:                      18724640 Byte
20220312 061343.754 INFO             PET0 PIOc_freedecomp Exit - MemInfo: [malloc] Total free space:                           17434848 Byte
20220312 061343.754 INFO             PET0 PIOc_freedecomp Exit - MemInfo: [malloc] Top-most, releasable space:                   115424 Byte
20220312 061343.754 INFO             PET0 PIOc_freedecomp Exit - MemInfo: [malloc] Total space in use, mmap + non-mmap:        18724640 Byte
20220312 061343.754 INFO             PET0 PIOc_freedecomp Exit - MemInfo: [malloc] Total space held (mmap + non-mmap):         36159488 Byte
20220312 061343.754 INFO             PET0 PIOc_freedecomp Exit - MemInfo: [malloc] Total space used (mmap + non-mmap):         18733968 Byte
20220312 061343.754 INFO             PET0 PIOc_freedecomp Exit - MemInfo: Wall-clock time since execution start:              0.0212892 seconds
20220312 061343.754 INFO             PET0  PASS  ESMF_OutputWeightFile, ESMF_IOUTest.F90, line 81
20220312 061343.757 INFO             PET0  PASS  call ESMF_OutputWeightFile with empty factor list on four PETs, ESMF_IOUTest.F90, line 191
20220312 061343.757 INFO             PET0  Ending Test, file ESMF_IOUTest.F90, line 201
20220312 061343.757 INFO             PET0 Finalizing ESMF
20220312 061343.734 INFO             PET1 !!!!!!!!!!!!!!!!!!!!!!!!!!!!!!!!!!!!!!!!!!!!!!!!!!!!!!
20220312 061343.734 INFO             PET1 !!! THE ESMF_LOG IS SET TO OUTPUT ALL LOG MESSAGES !!!
20220312 061343.734 INFO             PET1 !!!     THIS MAY CAUSE SLOWDOWN IN PERFORMANCE     !!!
20220312 061343.734 INFO             PET1 !!! FOR PRODUCTION RUNS, USE:                      !!!
20220312 061343.734 INFO             PET1 !!!                   ESMF_LOGKIND_Multi_On_Error  !!!
20220312 061343.734 INFO             PET1 !!!!!!!!!!!!!!!!!!!!!!!!!!!!!!!!!!!!!!!!!!!!!!!!!!!!!!
20220312 061343.734 INFO             PET1 Running with ESMF Version   : v8.3.0b09-96-g559b459836
20220312 061343.734 INFO             PET1 ESMF library build date/time: "Mar 12 2022" "06:00:17"
20220312 061343.734 INFO             PET1 ESMF library build location : /glade/scratch/rlong/esmf-testing/gfortran_9.1.0_mpt_O_jedwards_pio_update2
20220312 061343.734 INFO             PET1 ESMF_COMM                   : mpt
20220312 061343.734 INFO             PET1 ESMF_MOAB                   : enabled
20220312 061343.734 INFO             PET1 ESMF_LAPACK                 : enabled
20220312 061343.734 INFO             PET1 ESMF_NETCDF                 : enabled
20220312 061343.734 INFO             PET1 ESMF_PNETCDF                : disabled
20220312 061343.734 INFO             PET1 ESMF_PIO                    : enabled
20220312 061343.734 INFO             PET1 ESMF_YAMLCPP                : enabled
20220312 061343.734 INFO             PET1  Beginning Test, file ESMF_IOUTest.F90, line 57
20220312 061343.734 INFO             PET1  NUMBER_OF_PROCESSORS           4
20220312 061343.734 INFO             PET1 Starting Test:  ESMF_OutputWeightFile
20220312 061343.746 INFO             PET1 PIOc_sync Enter - MemInfo: [/proc/meminfo - SSI]	MemTotal:       65507008 kB
20220312 061343.746 INFO             PET1 PIOc_sync Enter - MemInfo: [/proc/meminfo - SSI]	MemFree:        49470720 kB
20220312 061343.746 INFO             PET1 PIOc_sync Enter - MemInfo: [/proc/meminfo - SSI]	MemAvailable:   49223044 kB
20220312 061343.746 INFO             PET1 PIOc_sync Enter - MemInfo: [/proc/meminfo - SSI]	Committed_AS:   13214432 kB
20220312 061343.746 INFO             PET1 PIOc_sync Enter - MemInfo: [/proc/meminfo - SSI]	CommittedPercent: 20.1725 %
20220312 061343.746 INFO             PET1 PIOc_sync Enter - MemInfo: [/proc/self/status]	VmPeak:	65890764 kB
20220312 061343.746 INFO             PET1 PIOc_sync Enter - MemInfo: [/proc/self/status]	VmSize:	65890764 kB
20220312 061343.746 INFO             PET1 PIOc_sync Enter - MemInfo: [/proc/self/status]	VmLck:	       0 kB
20220312 061343.746 INFO             PET1 PIOc_sync Enter - MemInfo: [/proc/self/status]	VmPin:	       0 kB
20220312 061343.746 INFO             PET1 PIOc_sync Enter - MemInfo: [/proc/self/status]	VmHWM:	   11948 kB
20220312 061343.746 INFO             PET1 PIOc_sync Enter - MemInfo: [/proc/self/status]	VmRSS:	   11948 kB
20220312 061343.746 INFO             PET1 PIOc_sync Enter - MemInfo: [/proc/self/status]	VmData:	   21440 kB
20220312 061343.746 INFO             PET1 PIOc_sync Enter - MemInfo: [/proc/self/status]	VmStk:	     144 kB
20220312 061343.746 INFO             PET1 PIOc_sync Enter - MemInfo: [/proc/self/status]	VmExe:	     196 kB
20220312 061343.746 INFO             PET1 PIOc_sync Enter - MemInfo: [/proc/self/status]	VmLib:	   39920 kB
20220312 061343.746 INFO             PET1 PIOc_sync Enter - MemInfo: [/proc/self/status]	VmPTE:	     208 kB
20220312 061343.746 INFO             PET1 PIOc_sync Enter - MemInfo: [/proc/self/status]	VmPMD:	      20 kB
20220312 061343.746 INFO             PET1 PIOc_sync Enter - MemInfo: [/proc/self/status]	VmSwap:	       0 kB
20220312 061343.746 INFO             PET1 PIOc_sync Enter - MemInfo: [/proc/self/status]	VmRSSPercent: 0.0182393 %
20220312 061343.746 INFO             PET1 PIOc_sync Enter - MemInfo: [malloc] Non-mmapped space allocated:                18563072 Byte
20220312 061343.748 INFO             PET1 PIOc_sync Enter - MemInfo: [malloc] Space allocated in mmapped regions:                0 Byte
20220312 061343.748 INFO             PET1 PIOc_sync Enter - MemInfo: [malloc] Maximum total allocated space:                     0 Byte
20220312 061343.748 INFO             PET1 PIOc_sync Enter - MemInfo: [malloc] Space in freed fastbin blocks:                  1072 Byte
20220312 061343.748 INFO             PET1 PIOc_sync Enter - MemInfo: [malloc] Total allocated space:                      18472576 Byte
20220312 061343.748 INFO             PET1 PIOc_sync Enter - MemInfo: [malloc] Total free space:                              90496 Byte
20220312 061343.748 INFO             PET1 PIOc_sync Enter - MemInfo: [malloc] Top-most, releasable space:                    85872 Byte
20220312 061343.748 INFO             PET1 PIOc_sync Enter - MemInfo: [malloc] Total space in use, mmap + non-mmap:        18472576 Byte
20220312 061343.748 INFO             PET1 PIOc_sync Enter - MemInfo: [malloc] Total space held (mmap + non-mmap):         18563072 Byte
20220312 061343.748 INFO             PET1 PIOc_sync Enter - MemInfo: [malloc] Total space used (mmap + non-mmap):         18481904 Byte
20220312 061343.748 INFO             PET1 PIOc_sync Enter - MemInfo: Wall-clock time since execution start:              0.0157088 seconds
20220312 061343.748 INFO             PET1 PIOc_sync Exit - MemInfo: [/proc/meminfo - SSI]	MemTotal:       65507008 kB
20220312 061343.748 INFO             PET1 PIOc_sync Exit - MemInfo: [/proc/meminfo - SSI]	MemFree:        49470720 kB
20220312 061343.748 INFO             PET1 PIOc_sync Exit - MemInfo: [/proc/meminfo - SSI]	MemAvailable:   49223044 kB
20220312 061343.748 INFO             PET1 PIOc_sync Exit - MemInfo: [/proc/meminfo - SSI]	Committed_AS:   13214432 kB
20220312 061343.748 INFO             PET1 PIOc_sync Exit - MemInfo: [/proc/meminfo - SSI]	CommittedPercent: 20.1725 %
20220312 061343.748 INFO             PET1 PIOc_sync Exit - MemInfo: [/proc/self/status]	VmPeak:	65890764 kB
20220312 061343.748 INFO             PET1 PIOc_sync Exit - MemInfo: [/proc/self/status]	VmSize:	65890764 kB
20220312 061343.748 INFO             PET1 PIOc_sync Exit - MemInfo: [/proc/self/status]	VmLck:	       0 kB
20220312 061343.748 INFO             PET1 PIOc_sync Exit - MemInfo: [/proc/self/status]	VmPin:	       0 kB
20220312 061343.748 INFO             PET1 PIOc_sync Exit - MemInfo: [/proc/self/status]	VmHWM:	   12040 kB
20220312 061343.748 INFO             PET1 PIOc_sync Exit - MemInfo: [/proc/self/status]	VmRSS:	   12040 kB
20220312 061343.749 INFO             PET1 PIOc_sync Exit - MemInfo: [/proc/self/status]	VmData:	   21440 kB
20220312 061343.749 INFO             PET1 PIOc_sync Exit - MemInfo: [/proc/self/status]	VmStk:	     144 kB
20220312 061343.749 INFO             PET1 PIOc_sync Exit - MemInfo: [/proc/self/status]	VmExe:	     196 kB
20220312 061343.749 INFO             PET1 PIOc_sync Exit - MemInfo: [/proc/self/status]	VmLib:	   39920 kB
20220312 061343.749 INFO             PET1 PIOc_sync Exit - MemInfo: [/proc/self/status]	VmPTE:	     208 kB
20220312 061343.749 INFO             PET1 PIOc_sync Exit - MemInfo: [/proc/self/status]	VmPMD:	      20 kB
20220312 061343.749 INFO             PET1 PIOc_sync Exit - MemInfo: [/proc/self/status]	VmSwap:	       0 kB
20220312 061343.749 INFO             PET1 PIOc_sync Exit - MemInfo: [/proc/self/status]	VmRSSPercent: 0.0183797 %
20220312 061343.749 INFO             PET1 PIOc_sync Exit - MemInfo: [malloc] Non-mmapped space allocated:                18563072 Byte
20220312 061343.749 INFO             PET1 PIOc_sync Exit - MemInfo: [malloc] Space allocated in mmapped regions:                0 Byte
20220312 061343.749 INFO             PET1 PIOc_sync Exit - MemInfo: [malloc] Maximum total allocated space:                     0 Byte
20220312 061343.749 INFO             PET1 PIOc_sync Exit - MemInfo: [malloc] Space in freed fastbin blocks:                  1376 Byte
20220312 061343.749 INFO             PET1 PIOc_sync Exit - MemInfo: [malloc] Total allocated space:                      18471776 Byte
20220312 061343.749 INFO             PET1 PIOc_sync Exit - MemInfo: [malloc] Total free space:                              91296 Byte
20220312 061343.749 INFO             PET1 PIOc_sync Exit - MemInfo: [malloc] Top-most, releasable space:                    85872 Byte
20220312 061343.749 INFO             PET1 PIOc_sync Exit - MemInfo: [malloc] Total space in use, mmap + non-mmap:        18471776 Byte
20220312 061343.749 INFO             PET1 PIOc_sync Exit - MemInfo: [malloc] Total space held (mmap + non-mmap):         18563072 Byte
20220312 061343.749 INFO             PET1 PIOc_sync Exit - MemInfo: [malloc] Total space used (mmap + non-mmap):         18481104 Byte
20220312 061343.749 INFO             PET1 PIOc_sync Exit - MemInfo: Wall-clock time since execution start:              0.0161355 seconds
20220312 061343.749 INFO             PET1 PIOc_freedecomp Enter - MemInfo: [/proc/meminfo - SSI]	MemTotal:       65507008 kB
20220312 061343.749 INFO             PET1 PIOc_freedecomp Enter - MemInfo: [/proc/meminfo - SSI]	MemFree:        49470720 kB
20220312 061343.749 INFO             PET1 PIOc_freedecomp Enter - MemInfo: [/proc/meminfo - SSI]	MemAvailable:   49223044 kB
20220312 061343.749 INFO             PET1 PIOc_freedecomp Enter - MemInfo: [/proc/meminfo - SSI]	Committed_AS:   13214432 kB
20220312 061343.749 INFO             PET1 PIOc_freedecomp Enter - MemInfo: [/proc/meminfo - SSI]	CommittedPercent: 20.1725 %
20220312 061343.749 INFO             PET1 PIOc_freedecomp Enter - MemInfo: [/proc/self/status]	VmPeak:	65890764 kB
20220312 061343.749 INFO             PET1 PIOc_freedecomp Enter - MemInfo: [/proc/self/status]	VmSize:	65890764 kB
20220312 061343.749 INFO             PET1 PIOc_freedecomp Enter - MemInfo: [/proc/self/status]	VmLck:	       0 kB
20220312 061343.749 INFO             PET1 PIOc_freedecomp Enter - MemInfo: [/proc/self/status]	VmPin:	       0 kB
20220312 061343.749 INFO             PET1 PIOc_freedecomp Enter - MemInfo: [/proc/self/status]	VmHWM:	   12040 kB
20220312 061343.749 INFO             PET1 PIOc_freedecomp Enter - MemInfo: [/proc/self/status]	VmRSS:	   12040 kB
20220312 061343.749 INFO             PET1 PIOc_freedecomp Enter - MemInfo: [/proc/self/status]	VmData:	   21440 kB
20220312 061343.749 INFO             PET1 PIOc_freedecomp Enter - MemInfo: [/proc/self/status]	VmStk:	     144 kB
20220312 061343.749 INFO             PET1 PIOc_freedecomp Enter - MemInfo: [/proc/self/status]	VmExe:	     196 kB
20220312 061343.749 INFO             PET1 PIOc_freedecomp Enter - MemInfo: [/proc/self/status]	VmLib:	   39920 kB
20220312 061343.749 INFO             PET1 PIOc_freedecomp Enter - MemInfo: [/proc/self/status]	VmPTE:	     208 kB
20220312 061343.749 INFO             PET1 PIOc_freedecomp Enter - MemInfo: [/proc/self/status]	VmPMD:	      20 kB
20220312 061343.749 INFO             PET1 PIOc_freedecomp Enter - MemInfo: [/proc/self/status]	VmSwap:	       0 kB
20220312 061343.749 INFO             PET1 PIOc_freedecomp Enter - MemInfo: [/proc/self/status]	VmRSSPercent: 0.0183797 %
20220312 061343.749 INFO             PET1 PIOc_freedecomp Enter - MemInfo: [malloc] Non-mmapped space allocated:                18563072 Byte
20220312 061343.749 INFO             PET1 PIOc_freedecomp Enter - MemInfo: [malloc] Space allocated in mmapped regions:                0 Byte
20220312 061343.749 INFO             PET1 PIOc_freedecomp Enter - MemInfo: [malloc] Maximum total allocated space:                     0 Byte
20220312 061343.749 INFO             PET1 PIOc_freedecomp Enter - MemInfo: [malloc] Space in freed fastbin blocks:                  1504 Byte
20220312 061343.749 INFO             PET1 PIOc_freedecomp Enter - MemInfo: [malloc] Total allocated space:                      18470128 Byte
20220312 061343.749 INFO             PET1 PIOc_freedecomp Enter - MemInfo: [malloc] Total free space:                              92944 Byte
20220312 061343.749 INFO             PET1 PIOc_freedecomp Enter - MemInfo: [malloc] Top-most, releasable space:                    85872 Byte
20220312 061343.749 INFO             PET1 PIOc_freedecomp Enter - MemInfo: [malloc] Total space in use, mmap + non-mmap:        18470128 Byte
20220312 061343.749 INFO             PET1 PIOc_freedecomp Enter - MemInfo: [malloc] Total space held (mmap + non-mmap):         18563072 Byte
20220312 061343.749 INFO             PET1 PIOc_freedecomp Enter - MemInfo: [malloc] Total space used (mmap + non-mmap):         18479456 Byte
20220312 061343.749 INFO             PET1 PIOc_freedecomp Enter - MemInfo: Wall-clock time since execution start:              0.0165154 seconds
20220312 061343.749 INFO             PET1 PIOc_freedecomp Exit - MemInfo: [/proc/meminfo - SSI]	MemTotal:       65507008 kB
20220312 061343.749 INFO             PET1 PIOc_freedecomp Exit - MemInfo: [/proc/meminfo - SSI]	MemFree:        49470720 kB
20220312 061343.749 INFO             PET1 PIOc_freedecomp Exit - MemInfo: [/proc/meminfo - SSI]	MemAvailable:   49223044 kB
20220312 061343.749 INFO             PET1 PIOc_freedecomp Exit - MemInfo: [/proc/meminfo - SSI]	Committed_AS:   13214432 kB
20220312 061343.749 INFO             PET1 PIOc_freedecomp Exit - MemInfo: [/proc/meminfo - SSI]	CommittedPercent: 20.1725 %
20220312 061343.749 INFO             PET1 PIOc_freedecomp Exit - MemInfo: [/proc/self/status]	VmPeak:	65890764 kB
20220312 061343.749 INFO             PET1 PIOc_freedecomp Exit - MemInfo: [/proc/self/status]	VmSize:	65890764 kB
20220312 061343.749 INFO             PET1 PIOc_freedecomp Exit - MemInfo: [/proc/self/status]	VmLck:	       0 kB
20220312 061343.749 INFO             PET1 PIOc_freedecomp Exit - MemInfo: [/proc/self/status]	VmPin:	       0 kB
20220312 061343.749 INFO             PET1 PIOc_freedecomp Exit - MemInfo: [/proc/self/status]	VmHWM:	   12044 kB
20220312 061343.749 INFO             PET1 PIOc_freedecomp Exit - MemInfo: [/proc/self/status]	VmRSS:	   12044 kB
20220312 061343.749 INFO             PET1 PIOc_freedecomp Exit - MemInfo: [/proc/self/status]	VmData:	   21440 kB
20220312 061343.749 INFO             PET1 PIOc_freedecomp Exit - MemInfo: [/proc/self/status]	VmStk:	     144 kB
20220312 061343.749 INFO             PET1 PIOc_freedecomp Exit - MemInfo: [/proc/self/status]	VmExe:	     196 kB
20220312 061343.749 INFO             PET1 PIOc_freedecomp Exit - MemInfo: [/proc/self/status]	VmLib:	   39920 kB
20220312 061343.749 INFO             PET1 PIOc_freedecomp Exit - MemInfo: [/proc/self/status]	VmPTE:	     208 kB
20220312 061343.749 INFO             PET1 PIOc_freedecomp Exit - MemInfo: [/proc/self/status]	VmPMD:	      20 kB
20220312 061343.749 INFO             PET1 PIOc_freedecomp Exit - MemInfo: [/proc/self/status]	VmSwap:	       0 kB
20220312 061343.749 INFO             PET1 PIOc_freedecomp Exit - MemInfo: [/proc/self/status]	VmRSSPercent: 0.0183858 %
20220312 061343.749 INFO             PET1 PIOc_freedecomp Exit - MemInfo: [malloc] Non-mmapped space allocated:                18563072 Byte
20220312 061343.749 INFO             PET1 PIOc_freedecomp Exit - MemInfo: [malloc] Space allocated in mmapped regions:                0 Byte
20220312 061343.749 INFO             PET1 PIOc_freedecomp Exit - MemInfo: [malloc] Maximum total allocated space:                     0 Byte
20220312 061343.749 INFO             PET1 PIOc_freedecomp Exit - MemInfo: [malloc] Space in freed fastbin blocks:                  1664 Byte
20220312 061343.749 INFO             PET1 PIOc_freedecomp Exit - MemInfo: [malloc] Total allocated space:                      18468720 Byte
20220312 061343.749 INFO             PET1 PIOc_freedecomp Exit - MemInfo: [malloc] Total free space:                              94352 Byte
20220312 061343.749 INFO             PET1 PIOc_freedecomp Exit - MemInfo: [malloc] Top-most, releasable space:                    85872 Byte
20220312 061343.749 INFO             PET1 PIOc_freedecomp Exit - MemInfo: [malloc] Total space in use, mmap + non-mmap:        18468720 Byte
20220312 061343.749 INFO             PET1 PIOc_freedecomp Exit - MemInfo: [malloc] Total space held (mmap + non-mmap):         18563072 Byte
20220312 061343.749 INFO             PET1 PIOc_freedecomp Exit - MemInfo: [malloc] Total space used (mmap + non-mmap):         18478048 Byte
20220312 061343.749 INFO             PET1 PIOc_freedecomp Exit - MemInfo: Wall-clock time since execution start:              0.0168487 seconds
20220312 061343.750 INFO             PET1 PIOc_sync Enter - MemInfo: [/proc/meminfo - SSI]	MemTotal:       65507008 kB
20220312 061343.750 INFO             PET1 PIOc_sync Enter - MemInfo: [/proc/meminfo - SSI]	MemFree:        49470720 kB
20220312 061343.750 INFO             PET1 PIOc_sync Enter - MemInfo: [/proc/meminfo - SSI]	MemAvailable:   49223044 kB
20220312 061343.750 INFO             PET1 PIOc_sync Enter - MemInfo: [/proc/meminfo - SSI]	Committed_AS:   13214432 kB
20220312 061343.750 INFO             PET1 PIOc_sync Enter - MemInfo: [/proc/meminfo - SSI]	CommittedPercent: 20.1725 %
20220312 061343.750 INFO             PET1 PIOc_sync Enter - MemInfo: [/proc/self/status]	VmPeak:	65890764 kB
20220312 061343.750 INFO             PET1 PIOc_sync Enter - MemInfo: [/proc/self/status]	VmSize:	65890764 kB
20220312 061343.750 INFO             PET1 PIOc_sync Enter - MemInfo: [/proc/self/status]	VmLck:	       0 kB
20220312 061343.750 INFO             PET1 PIOc_sync Enter - MemInfo: [/proc/self/status]	VmPin:	       0 kB
20220312 061343.750 INFO             PET1 PIOc_sync Enter - MemInfo: [/proc/self/status]	VmHWM:	   12048 kB
20220312 061343.750 INFO             PET1 PIOc_sync Enter - MemInfo: [/proc/self/status]	VmRSS:	   12048 kB
20220312 061343.750 INFO             PET1 PIOc_sync Enter - MemInfo: [/proc/self/status]	VmData:	   21440 kB
20220312 061343.750 INFO             PET1 PIOc_sync Enter - MemInfo: [/proc/self/status]	VmStk:	     144 kB
20220312 061343.750 INFO             PET1 PIOc_sync Enter - MemInfo: [/proc/self/status]	VmExe:	     196 kB
20220312 061343.750 INFO             PET1 PIOc_sync Enter - MemInfo: [/proc/self/status]	VmLib:	   39920 kB
20220312 061343.750 INFO             PET1 PIOc_sync Enter - MemInfo: [/proc/self/status]	VmPTE:	     208 kB
20220312 061343.750 INFO             PET1 PIOc_sync Enter - MemInfo: [/proc/self/status]	VmPMD:	      20 kB
20220312 061343.750 INFO             PET1 PIOc_sync Enter - MemInfo: [/proc/self/status]	VmSwap:	       0 kB
20220312 061343.750 INFO             PET1 PIOc_sync Enter - MemInfo: [/proc/self/status]	VmRSSPercent: 0.0183919 %
20220312 061343.751 INFO             PET1 PIOc_sync Enter - MemInfo: [malloc] Non-mmapped space allocated:                18563072 Byte
20220312 061343.751 INFO             PET1 PIOc_sync Enter - MemInfo: [malloc] Space allocated in mmapped regions:                0 Byte
20220312 061343.751 INFO             PET1 PIOc_sync Enter - MemInfo: [malloc] Maximum total allocated space:                     0 Byte
20220312 061343.751 INFO             PET1 PIOc_sync Enter - MemInfo: [malloc] Space in freed fastbin blocks:                  1248 Byte
20220312 061343.751 INFO             PET1 PIOc_sync Enter - MemInfo: [malloc] Total allocated space:                      18472656 Byte
20220312 061343.751 INFO             PET1 PIOc_sync Enter - MemInfo: [malloc] Total free space:                              90416 Byte
20220312 061343.751 INFO             PET1 PIOc_sync Enter - MemInfo: [malloc] Top-most, releasable space:                    87312 Byte
20220312 061343.751 INFO             PET1 PIOc_sync Enter - MemInfo: [malloc] Total space in use, mmap + non-mmap:        18472656 Byte
20220312 061343.751 INFO             PET1 PIOc_sync Enter - MemInfo: [malloc] Total space held (mmap + non-mmap):         18563072 Byte
20220312 061343.751 INFO             PET1 PIOc_sync Enter - MemInfo: [malloc] Total space used (mmap + non-mmap):         18481984 Byte
20220312 061343.751 INFO             PET1 PIOc_sync Enter - MemInfo: Wall-clock time since execution start:              0.0180535 seconds
20220312 061343.751 INFO             PET1 PIOc_sync Exit - MemInfo: [/proc/meminfo - SSI]	MemTotal:       65507008 kB
20220312 061343.751 INFO             PET1 PIOc_sync Exit - MemInfo: [/proc/meminfo - SSI]	MemFree:        49470720 kB
20220312 061343.751 INFO             PET1 PIOc_sync Exit - MemInfo: [/proc/meminfo - SSI]	MemAvailable:   49223044 kB
20220312 061343.751 INFO             PET1 PIOc_sync Exit - MemInfo: [/proc/meminfo - SSI]	Committed_AS:   13214432 kB
20220312 061343.751 INFO             PET1 PIOc_sync Exit - MemInfo: [/proc/meminfo - SSI]	CommittedPercent: 20.1725 %
20220312 061343.751 INFO             PET1 PIOc_sync Exit - MemInfo: [/proc/self/status]	VmPeak:	65890764 kB
20220312 061343.751 INFO             PET1 PIOc_sync Exit - MemInfo: [/proc/self/status]	VmSize:	65890764 kB
20220312 061343.751 INFO             PET1 PIOc_sync Exit - MemInfo: [/proc/self/status]	VmLck:	       0 kB
20220312 061343.751 INFO             PET1 PIOc_sync Exit - MemInfo: [/proc/self/status]	VmPin:	       0 kB
20220312 061343.751 INFO             PET1 PIOc_sync Exit - MemInfo: [/proc/self/status]	VmHWM:	   12048 kB
20220312 061343.751 INFO             PET1 PIOc_sync Exit - MemInfo: [/proc/self/status]	VmRSS:	   12048 kB
20220312 061343.751 INFO             PET1 PIOc_sync Exit - MemInfo: [/proc/self/status]	VmData:	   21440 kB
20220312 061343.751 INFO             PET1 PIOc_sync Exit - MemInfo: [/proc/self/status]	VmStk:	     144 kB
20220312 061343.751 INFO             PET1 PIOc_sync Exit - MemInfo: [/proc/self/status]	VmExe:	     196 kB
20220312 061343.751 INFO             PET1 PIOc_sync Exit - MemInfo: [/proc/self/status]	VmLib:	   39920 kB
20220312 061343.751 INFO             PET1 PIOc_sync Exit - MemInfo: [/proc/self/status]	VmPTE:	     208 kB
20220312 061343.751 INFO             PET1 PIOc_sync Exit - MemInfo: [/proc/self/status]	VmPMD:	      20 kB
20220312 061343.751 INFO             PET1 PIOc_sync Exit - MemInfo: [/proc/self/status]	VmSwap:	       0 kB
20220312 061343.751 INFO             PET1 PIOc_sync Exit - MemInfo: [/proc/self/status]	VmRSSPercent: 0.0183919 %
20220312 061343.751 INFO             PET1 PIOc_sync Exit - MemInfo: [malloc] Non-mmapped space allocated:                18563072 Byte
20220312 061343.751 INFO             PET1 PIOc_sync Exit - MemInfo: [malloc] Space allocated in mmapped regions:                0 Byte
20220312 061343.751 INFO             PET1 PIOc_sync Exit - MemInfo: [malloc] Maximum total allocated space:                     0 Byte
20220312 061343.751 INFO             PET1 PIOc_sync Exit - MemInfo: [malloc] Space in freed fastbin blocks:                  1424 Byte
20220312 061343.751 INFO             PET1 PIOc_sync Exit - MemInfo: [malloc] Total allocated space:                      18471904 Byte
20220312 061343.751 INFO             PET1 PIOc_sync Exit - MemInfo: [malloc] Total free space:                              91168 Byte
20220312 061343.751 INFO             PET1 PIOc_sync Exit - MemInfo: [malloc] Top-most, releasable space:                    88848 Byte
20220312 061343.751 INFO             PET1 PIOc_sync Exit - MemInfo: [malloc] Total space in use, mmap + non-mmap:        18471904 Byte
20220312 061343.751 INFO             PET1 PIOc_sync Exit - MemInfo: [malloc] Total space held (mmap + non-mmap):         18563072 Byte
20220312 061343.751 INFO             PET1 PIOc_sync Exit - MemInfo: [malloc] Total space used (mmap + non-mmap):         18481232 Byte
20220312 061343.751 INFO             PET1 PIOc_sync Exit - MemInfo: Wall-clock time since execution start:              0.0184452 seconds
20220312 061343.751 INFO             PET1 PIOc_freedecomp Enter - MemInfo: [/proc/meminfo - SSI]	MemTotal:       65507008 kB
20220312 061343.751 INFO             PET1 PIOc_freedecomp Enter - MemInfo: [/proc/meminfo - SSI]	MemFree:        49470216 kB
20220312 061343.751 INFO             PET1 PIOc_freedecomp Enter - MemInfo: [/proc/meminfo - SSI]	MemAvailable:   49222540 kB
20220312 061343.751 INFO             PET1 PIOc_freedecomp Enter - MemInfo: [/proc/meminfo - SSI]	Committed_AS:   13214432 kB
20220312 061343.751 INFO             PET1 PIOc_freedecomp Enter - MemInfo: [/proc/meminfo - SSI]	CommittedPercent: 20.1725 %
20220312 061343.751 INFO             PET1 PIOc_freedecomp Enter - MemInfo: [/proc/self/status]	VmPeak:	65890764 kB
20220312 061343.751 INFO             PET1 PIOc_freedecomp Enter - MemInfo: [/proc/self/status]	VmSize:	65890764 kB
20220312 061343.751 INFO             PET1 PIOc_freedecomp Enter - MemInfo: [/proc/self/status]	VmLck:	       0 kB
20220312 061343.751 INFO             PET1 PIOc_freedecomp Enter - MemInfo: [/proc/self/status]	VmPin:	       0 kB
20220312 061343.751 INFO             PET1 PIOc_freedecomp Enter - MemInfo: [/proc/self/status]	VmHWM:	   12048 kB
20220312 061343.751 INFO             PET1 PIOc_freedecomp Enter - MemInfo: [/proc/self/status]	VmRSS:	   12048 kB
20220312 061343.751 INFO             PET1 PIOc_freedecomp Enter - MemInfo: [/proc/self/status]	VmData:	   21440 kB
20220312 061343.751 INFO             PET1 PIOc_freedecomp Enter - MemInfo: [/proc/self/status]	VmStk:	     144 kB
20220312 061343.751 INFO             PET1 PIOc_freedecomp Enter - MemInfo: [/proc/self/status]	VmExe:	     196 kB
20220312 061343.751 INFO             PET1 PIOc_freedecomp Enter - MemInfo: [/proc/self/status]	VmLib:	   39920 kB
20220312 061343.751 INFO             PET1 PIOc_freedecomp Enter - MemInfo: [/proc/self/status]	VmPTE:	     208 kB
20220312 061343.751 INFO             PET1 PIOc_freedecomp Enter - MemInfo: [/proc/self/status]	VmPMD:	      20 kB
20220312 061343.751 INFO             PET1 PIOc_freedecomp Enter - MemInfo: [/proc/self/status]	VmSwap:	       0 kB
20220312 061343.751 INFO             PET1 PIOc_freedecomp Enter - MemInfo: [/proc/self/status]	VmRSSPercent: 0.0183919 %
20220312 061343.751 INFO             PET1 PIOc_freedecomp Enter - MemInfo: [malloc] Non-mmapped space allocated:                18563072 Byte
20220312 061343.751 INFO             PET1 PIOc_freedecomp Enter - MemInfo: [malloc] Space allocated in mmapped regions:                0 Byte
20220312 061343.751 INFO             PET1 PIOc_freedecomp Enter - MemInfo: [malloc] Maximum total allocated space:                     0 Byte
20220312 061343.751 INFO             PET1 PIOc_freedecomp Enter - MemInfo: [malloc] Space in freed fastbin blocks:                   400 Byte
20220312 061343.751 INFO             PET1 PIOc_freedecomp Enter - MemInfo: [malloc] Total allocated space:                      18470128 Byte
20220312 061343.751 INFO             PET1 PIOc_freedecomp Enter - MemInfo: [malloc] Total free space:                              92944 Byte
20220312 061343.751 INFO             PET1 PIOc_freedecomp Enter - MemInfo: [malloc] Top-most, releasable space:                    90752 Byte
20220312 061343.751 INFO             PET1 PIOc_freedecomp Enter - MemInfo: [malloc] Total space in use, mmap + non-mmap:        18470128 Byte
20220312 061343.751 INFO             PET1 PIOc_freedecomp Enter - MemInfo: [malloc] Total space held (mmap + non-mmap):         18563072 Byte
20220312 061343.751 INFO             PET1 PIOc_freedecomp Enter - MemInfo: [malloc] Total space used (mmap + non-mmap):         18479456 Byte
20220312 061343.751 INFO             PET1 PIOc_freedecomp Enter - MemInfo: Wall-clock time since execution start:              0.0188174 seconds
20220312 061343.751 INFO             PET1 PIOc_freedecomp Exit - MemInfo: [/proc/meminfo - SSI]	MemTotal:       65507008 kB
20220312 061343.751 INFO             PET1 PIOc_freedecomp Exit - MemInfo: [/proc/meminfo - SSI]	MemFree:        49470216 kB
20220312 061343.751 INFO             PET1 PIOc_freedecomp Exit - MemInfo: [/proc/meminfo - SSI]	MemAvailable:   49222540 kB
20220312 061343.751 INFO             PET1 PIOc_freedecomp Exit - MemInfo: [/proc/meminfo - SSI]	Committed_AS:   13214432 kB
20220312 061343.751 INFO             PET1 PIOc_freedecomp Exit - MemInfo: [/proc/meminfo - SSI]	CommittedPercent: 20.1725 %
20220312 061343.751 INFO             PET1 PIOc_freedecomp Exit - MemInfo: [/proc/self/status]	VmPeak:	65890764 kB
20220312 061343.751 INFO             PET1 PIOc_freedecomp Exit - MemInfo: [/proc/self/status]	VmSize:	65890764 kB
20220312 061343.751 INFO             PET1 PIOc_freedecomp Exit - MemInfo: [/proc/self/status]	VmLck:	       0 kB
20220312 061343.751 INFO             PET1 PIOc_freedecomp Exit - MemInfo: [/proc/self/status]	VmPin:	       0 kB
20220312 061343.751 INFO             PET1 PIOc_freedecomp Exit - MemInfo: [/proc/self/status]	VmHWM:	   12048 kB
20220312 061343.752 INFO             PET1 PIOc_freedecomp Exit - MemInfo: [/proc/self/status]	VmRSS:	   12048 kB
20220312 061343.752 INFO             PET1 PIOc_freedecomp Exit - MemInfo: [/proc/self/status]	VmData:	   21440 kB
20220312 061343.752 INFO             PET1 PIOc_freedecomp Exit - MemInfo: [/proc/self/status]	VmStk:	     144 kB
20220312 061343.752 INFO             PET1 PIOc_freedecomp Exit - MemInfo: [/proc/self/status]	VmExe:	     196 kB
20220312 061343.752 INFO             PET1 PIOc_freedecomp Exit - MemInfo: [/proc/self/status]	VmLib:	   39920 kB
20220312 061343.752 INFO             PET1 PIOc_freedecomp Exit - MemInfo: [/proc/self/status]	VmPTE:	     208 kB
20220312 061343.752 INFO             PET1 PIOc_freedecomp Exit - MemInfo: [/proc/self/status]	VmPMD:	      20 kB
20220312 061343.752 INFO             PET1 PIOc_freedecomp Exit - MemInfo: [/proc/self/status]	VmSwap:	       0 kB
20220312 061343.752 INFO             PET1 PIOc_freedecomp Exit - MemInfo: [/proc/self/status]	VmRSSPercent: 0.0183919 %
20220312 061343.752 INFO             PET1 PIOc_freedecomp Exit - MemInfo: [malloc] Non-mmapped space allocated:                18563072 Byte
20220312 061343.752 INFO             PET1 PIOc_freedecomp Exit - MemInfo: [malloc] Space allocated in mmapped regions:                0 Byte
20220312 061343.752 INFO             PET1 PIOc_freedecomp Exit - MemInfo: [malloc] Maximum total allocated space:                     0 Byte
20220312 061343.752 INFO             PET1 PIOc_freedecomp Exit - MemInfo: [malloc] Space in freed fastbin blocks:                   816 Byte
20220312 061343.752 INFO             PET1 PIOc_freedecomp Exit - MemInfo: [malloc] Total allocated space:                      18468720 Byte
20220312 061343.752 INFO             PET1 PIOc_freedecomp Exit - MemInfo: [malloc] Total free space:                              94352 Byte
20220312 061343.752 INFO             PET1 PIOc_freedecomp Exit - MemInfo: [malloc] Top-most, releasable space:                    91280 Byte
20220312 061343.752 INFO             PET1 PIOc_freedecomp Exit - MemInfo: [malloc] Total space in use, mmap + non-mmap:        18468720 Byte
20220312 061343.752 INFO             PET1 PIOc_freedecomp Exit - MemInfo: [malloc] Total space held (mmap + non-mmap):         18563072 Byte
20220312 061343.752 INFO             PET1 PIOc_freedecomp Exit - MemInfo: [malloc] Total space used (mmap + non-mmap):         18478048 Byte
20220312 061343.752 INFO             PET1 PIOc_freedecomp Exit - MemInfo: Wall-clock time since execution start:              0.0191407 seconds
20220312 061343.752 INFO             PET1 PIOc_sync Enter - MemInfo: [/proc/meminfo - SSI]	MemTotal:       65507008 kB
20220312 061343.752 INFO             PET1 PIOc_sync Enter - MemInfo: [/proc/meminfo - SSI]	MemFree:        49470216 kB
20220312 061343.752 INFO             PET1 PIOc_sync Enter - MemInfo: [/proc/meminfo - SSI]	MemAvailable:   49222540 kB
20220312 061343.752 INFO             PET1 PIOc_sync Enter - MemInfo: [/proc/meminfo - SSI]	Committed_AS:   13214432 kB
20220312 061343.752 INFO             PET1 PIOc_sync Enter - MemInfo: [/proc/meminfo - SSI]	CommittedPercent: 20.1725 %
20220312 061343.753 INFO             PET1 PIOc_sync Enter - MemInfo: [/proc/self/status]	VmPeak:	65890764 kB
20220312 061343.753 INFO             PET1 PIOc_sync Enter - MemInfo: [/proc/self/status]	VmSize:	65890764 kB
20220312 061343.753 INFO             PET1 PIOc_sync Enter - MemInfo: [/proc/self/status]	VmLck:	       0 kB
20220312 061343.753 INFO             PET1 PIOc_sync Enter - MemInfo: [/proc/self/status]	VmPin:	       0 kB
20220312 061343.753 INFO             PET1 PIOc_sync Enter - MemInfo: [/proc/self/status]	VmHWM:	   12048 kB
20220312 061343.753 INFO             PET1 PIOc_sync Enter - MemInfo: [/proc/self/status]	VmRSS:	   12048 kB
20220312 061343.753 INFO             PET1 PIOc_sync Enter - MemInfo: [/proc/self/status]	VmData:	   21440 kB
20220312 061343.753 INFO             PET1 PIOc_sync Enter - MemInfo: [/proc/self/status]	VmStk:	     144 kB
20220312 061343.753 INFO             PET1 PIOc_sync Enter - MemInfo: [/proc/self/status]	VmExe:	     196 kB
20220312 061343.753 INFO             PET1 PIOc_sync Enter - MemInfo: [/proc/self/status]	VmLib:	   39920 kB
20220312 061343.753 INFO             PET1 PIOc_sync Enter - MemInfo: [/proc/self/status]	VmPTE:	     208 kB
20220312 061343.753 INFO             PET1 PIOc_sync Enter - MemInfo: [/proc/self/status]	VmPMD:	      20 kB
20220312 061343.753 INFO             PET1 PIOc_sync Enter - MemInfo: [/proc/self/status]	VmSwap:	       0 kB
20220312 061343.753 INFO             PET1 PIOc_sync Enter - MemInfo: [/proc/self/status]	VmRSSPercent: 0.0183919 %
20220312 061343.753 INFO             PET1 PIOc_sync Enter - MemInfo: [malloc] Non-mmapped space allocated:                18563072 Byte
20220312 061343.753 INFO             PET1 PIOc_sync Enter - MemInfo: [malloc] Space allocated in mmapped regions:                0 Byte
20220312 061343.753 INFO             PET1 PIOc_sync Enter - MemInfo: [malloc] Maximum total allocated space:                     0 Byte
20220312 061343.753 INFO             PET1 PIOc_sync Enter - MemInfo: [malloc] Space in freed fastbin blocks:                  1104 Byte
20220312 061343.753 INFO             PET1 PIOc_sync Enter - MemInfo: [malloc] Total allocated space:                      18472816 Byte
20220312 061343.753 INFO             PET1 PIOc_sync Enter - MemInfo: [malloc] Total free space:                              90256 Byte
20220312 061343.753 INFO             PET1 PIOc_sync Enter - MemInfo: [malloc] Top-most, releasable space:                    87152 Byte
20220312 061343.753 INFO             PET1 PIOc_sync Enter - MemInfo: [malloc] Total space in use, mmap + non-mmap:        18472816 Byte
20220312 061343.753 INFO             PET1 PIOc_sync Enter - MemInfo: [malloc] Total space held (mmap + non-mmap):         18563072 Byte
20220312 061343.753 INFO             PET1 PIOc_sync Enter - MemInfo: [malloc] Total space used (mmap + non-mmap):         18482144 Byte
20220312 061343.753 INFO             PET1 PIOc_sync Enter - MemInfo: Wall-clock time since execution start:              0.0201898 seconds
20220312 061343.753 INFO             PET1 PIOc_sync Exit - MemInfo: [/proc/meminfo - SSI]	MemTotal:       65507008 kB
20220312 061343.753 INFO             PET1 PIOc_sync Exit - MemInfo: [/proc/meminfo - SSI]	MemFree:        49470216 kB
20220312 061343.753 INFO             PET1 PIOc_sync Exit - MemInfo: [/proc/meminfo - SSI]	MemAvailable:   49222540 kB
20220312 061343.753 INFO             PET1 PIOc_sync Exit - MemInfo: [/proc/meminfo - SSI]	Committed_AS:   13214432 kB
20220312 061343.753 INFO             PET1 PIOc_sync Exit - MemInfo: [/proc/meminfo - SSI]	CommittedPercent: 20.1725 %
20220312 061343.753 INFO             PET1 PIOc_sync Exit - MemInfo: [/proc/self/status]	VmPeak:	65890764 kB
20220312 061343.753 INFO             PET1 PIOc_sync Exit - MemInfo: [/proc/self/status]	VmSize:	65890764 kB
20220312 061343.753 INFO             PET1 PIOc_sync Exit - MemInfo: [/proc/self/status]	VmLck:	       0 kB
20220312 061343.753 INFO             PET1 PIOc_sync Exit - MemInfo: [/proc/self/status]	VmPin:	       0 kB
20220312 061343.753 INFO             PET1 PIOc_sync Exit - MemInfo: [/proc/self/status]	VmHWM:	   12048 kB
20220312 061343.753 INFO             PET1 PIOc_sync Exit - MemInfo: [/proc/self/status]	VmRSS:	   12048 kB
20220312 061343.753 INFO             PET1 PIOc_sync Exit - MemInfo: [/proc/self/status]	VmData:	   21440 kB
20220312 061343.753 INFO             PET1 PIOc_sync Exit - MemInfo: [/proc/self/status]	VmStk:	     144 kB
20220312 061343.753 INFO             PET1 PIOc_sync Exit - MemInfo: [/proc/self/status]	VmExe:	     196 kB
20220312 061343.753 INFO             PET1 PIOc_sync Exit - MemInfo: [/proc/self/status]	VmLib:	   39920 kB
20220312 061343.753 INFO             PET1 PIOc_sync Exit - MemInfo: [/proc/self/status]	VmPTE:	     208 kB
20220312 061343.753 INFO             PET1 PIOc_sync Exit - MemInfo: [/proc/self/status]	VmPMD:	      20 kB
20220312 061343.753 INFO             PET1 PIOc_sync Exit - MemInfo: [/proc/self/status]	VmSwap:	       0 kB
20220312 061343.753 INFO             PET1 PIOc_sync Exit - MemInfo: [/proc/self/status]	VmRSSPercent: 0.0183919 %
20220312 061343.753 INFO             PET1 PIOc_sync Exit - MemInfo: [malloc] Non-mmapped space allocated:                18563072 Byte
20220312 061343.753 INFO             PET1 PIOc_sync Exit - MemInfo: [malloc] Space allocated in mmapped regions:                0 Byte
20220312 061343.753 INFO             PET1 PIOc_sync Exit - MemInfo: [malloc] Maximum total allocated space:                     0 Byte
20220312 061343.753 INFO             PET1 PIOc_sync Exit - MemInfo: [malloc] Space in freed fastbin blocks:                  1440 Byte
20220312 061343.753 INFO             PET1 PIOc_sync Exit - MemInfo: [malloc] Total allocated space:                      18472064 Byte
20220312 061343.753 INFO             PET1 PIOc_sync Exit - MemInfo: [malloc] Total free space:                              91008 Byte
20220312 061343.753 INFO             PET1 PIOc_sync Exit - MemInfo: [malloc] Top-most, releasable space:                    88656 Byte
20220312 061343.753 INFO             PET1 PIOc_sync Exit - MemInfo: [malloc] Total space in use, mmap + non-mmap:        18472064 Byte
20220312 061343.753 INFO             PET1 PIOc_sync Exit - MemInfo: [malloc] Total space held (mmap + non-mmap):         18563072 Byte
20220312 061343.753 INFO             PET1 PIOc_sync Exit - MemInfo: [malloc] Total space used (mmap + non-mmap):         18481392 Byte
20220312 061343.753 INFO             PET1 PIOc_sync Exit - MemInfo: Wall-clock time since execution start:              0.0205653 seconds
20220312 061343.753 INFO             PET1 PIOc_freedecomp Enter - MemInfo: [/proc/meminfo - SSI]	MemTotal:       65507008 kB
20220312 061343.753 INFO             PET1 PIOc_freedecomp Enter - MemInfo: [/proc/meminfo - SSI]	MemFree:        49469712 kB
20220312 061343.753 INFO             PET1 PIOc_freedecomp Enter - MemInfo: [/proc/meminfo - SSI]	MemAvailable:   49222036 kB
20220312 061343.753 INFO             PET1 PIOc_freedecomp Enter - MemInfo: [/proc/meminfo - SSI]	Committed_AS:   13214432 kB
20220312 061343.753 INFO             PET1 PIOc_freedecomp Enter - MemInfo: [/proc/meminfo - SSI]	CommittedPercent: 20.1725 %
20220312 061343.753 INFO             PET1 PIOc_freedecomp Enter - MemInfo: [/proc/self/status]	VmPeak:	65890764 kB
20220312 061343.753 INFO             PET1 PIOc_freedecomp Enter - MemInfo: [/proc/self/status]	VmSize:	65890764 kB
20220312 061343.753 INFO             PET1 PIOc_freedecomp Enter - MemInfo: [/proc/self/status]	VmLck:	       0 kB
20220312 061343.753 INFO             PET1 PIOc_freedecomp Enter - MemInfo: [/proc/self/status]	VmPin:	       0 kB
20220312 061343.753 INFO             PET1 PIOc_freedecomp Enter - MemInfo: [/proc/self/status]	VmHWM:	   12048 kB
20220312 061343.753 INFO             PET1 PIOc_freedecomp Enter - MemInfo: [/proc/self/status]	VmRSS:	   12048 kB
20220312 061343.753 INFO             PET1 PIOc_freedecomp Enter - MemInfo: [/proc/self/status]	VmData:	   21440 kB
20220312 061343.753 INFO             PET1 PIOc_freedecomp Enter - MemInfo: [/proc/self/status]	VmStk:	     144 kB
20220312 061343.753 INFO             PET1 PIOc_freedecomp Enter - MemInfo: [/proc/self/status]	VmExe:	     196 kB
20220312 061343.753 INFO             PET1 PIOc_freedecomp Enter - MemInfo: [/proc/self/status]	VmLib:	   39920 kB
20220312 061343.753 INFO             PET1 PIOc_freedecomp Enter - MemInfo: [/proc/self/status]	VmPTE:	     208 kB
20220312 061343.753 INFO             PET1 PIOc_freedecomp Enter - MemInfo: [/proc/self/status]	VmPMD:	      20 kB
20220312 061343.753 INFO             PET1 PIOc_freedecomp Enter - MemInfo: [/proc/self/status]	VmSwap:	       0 kB
20220312 061343.753 INFO             PET1 PIOc_freedecomp Enter - MemInfo: [/proc/self/status]	VmRSSPercent: 0.0183919 %
20220312 061343.753 INFO             PET1 PIOc_freedecomp Enter - MemInfo: [malloc] Non-mmapped space allocated:                18563072 Byte
20220312 061343.753 INFO             PET1 PIOc_freedecomp Enter - MemInfo: [malloc] Space allocated in mmapped regions:                0 Byte
20220312 061343.753 INFO             PET1 PIOc_freedecomp Enter - MemInfo: [malloc] Maximum total allocated space:                     0 Byte
20220312 061343.753 INFO             PET1 PIOc_freedecomp Enter - MemInfo: [malloc] Space in freed fastbin blocks:                  1520 Byte
20220312 061343.753 INFO             PET1 PIOc_freedecomp Enter - MemInfo: [malloc] Total allocated space:                      18470128 Byte
20220312 061343.753 INFO             PET1 PIOc_freedecomp Enter - MemInfo: [malloc] Total free space:                              92944 Byte
20220312 061343.753 INFO             PET1 PIOc_freedecomp Enter - MemInfo: [malloc] Top-most, releasable space:                    89312 Byte
20220312 061343.753 INFO             PET1 PIOc_freedecomp Enter - MemInfo: [malloc] Total space in use, mmap + non-mmap:        18470128 Byte
20220312 061343.753 INFO             PET1 PIOc_freedecomp Enter - MemInfo: [malloc] Total space held (mmap + non-mmap):         18563072 Byte
20220312 061343.753 INFO             PET1 PIOc_freedecomp Enter - MemInfo: [malloc] Total space used (mmap + non-mmap):         18479456 Byte
20220312 061343.753 INFO             PET1 PIOc_freedecomp Enter - MemInfo: Wall-clock time since execution start:              0.0209364 seconds
20220312 061343.754 INFO             PET1 PIOc_freedecomp Exit - MemInfo: [/proc/meminfo - SSI]	MemTotal:       65507008 kB
20220312 061343.754 INFO             PET1 PIOc_freedecomp Exit - MemInfo: [/proc/meminfo - SSI]	MemFree:        49469712 kB
20220312 061343.754 INFO             PET1 PIOc_freedecomp Exit - MemInfo: [/proc/meminfo - SSI]	MemAvailable:   49222036 kB
20220312 061343.754 INFO             PET1 PIOc_freedecomp Exit - MemInfo: [/proc/meminfo - SSI]	Committed_AS:   13214432 kB
20220312 061343.754 INFO             PET1 PIOc_freedecomp Exit - MemInfo: [/proc/meminfo - SSI]	CommittedPercent: 20.1725 %
20220312 061343.754 INFO             PET1 PIOc_freedecomp Exit - MemInfo: [/proc/self/status]	VmPeak:	65890764 kB
20220312 061343.754 INFO             PET1 PIOc_freedecomp Exit - MemInfo: [/proc/self/status]	VmSize:	65890764 kB
20220312 061343.754 INFO             PET1 PIOc_freedecomp Exit - MemInfo: [/proc/self/status]	VmLck:	       0 kB
20220312 061343.754 INFO             PET1 PIOc_freedecomp Exit - MemInfo: [/proc/self/status]	VmPin:	       0 kB
20220312 061343.754 INFO             PET1 PIOc_freedecomp Exit - MemInfo: [/proc/self/status]	VmHWM:	   12048 kB
20220312 061343.754 INFO             PET1 PIOc_freedecomp Exit - MemInfo: [/proc/self/status]	VmRSS:	   12048 kB
20220312 061343.754 INFO             PET1 PIOc_freedecomp Exit - MemInfo: [/proc/self/status]	VmData:	   21440 kB
20220312 061343.754 INFO             PET1 PIOc_freedecomp Exit - MemInfo: [/proc/self/status]	VmStk:	     144 kB
20220312 061343.754 INFO             PET1 PIOc_freedecomp Exit - MemInfo: [/proc/self/status]	VmExe:	     196 kB
20220312 061343.754 INFO             PET1 PIOc_freedecomp Exit - MemInfo: [/proc/self/status]	VmLib:	   39920 kB
20220312 061343.754 INFO             PET1 PIOc_freedecomp Exit - MemInfo: [/proc/self/status]	VmPTE:	     208 kB
20220312 061343.754 INFO             PET1 PIOc_freedecomp Exit - MemInfo: [/proc/self/status]	VmPMD:	      20 kB
20220312 061343.754 INFO             PET1 PIOc_freedecomp Exit - MemInfo: [/proc/self/status]	VmSwap:	       0 kB
20220312 061343.754 INFO             PET1 PIOc_freedecomp Exit - MemInfo: [/proc/self/status]	VmRSSPercent: 0.0183919 %
20220312 061343.754 INFO             PET1 PIOc_freedecomp Exit - MemInfo: [malloc] Non-mmapped space allocated:                18563072 Byte
20220312 061343.754 INFO             PET1 PIOc_freedecomp Exit - MemInfo: [malloc] Space allocated in mmapped regions:                0 Byte
20220312 061343.754 INFO             PET1 PIOc_freedecomp Exit - MemInfo: [malloc] Maximum total allocated space:                     0 Byte
20220312 061343.754 INFO             PET1 PIOc_freedecomp Exit - MemInfo: [malloc] Space in freed fastbin blocks:                  1696 Byte
20220312 061343.754 INFO             PET1 PIOc_freedecomp Exit - MemInfo: [malloc] Total allocated space:                      18468720 Byte
20220312 061343.754 INFO             PET1 PIOc_freedecomp Exit - MemInfo: [malloc] Total free space:                              94352 Byte
20220312 061343.754 INFO             PET1 PIOc_freedecomp Exit - MemInfo: [malloc] Top-most, releasable space:                    90416 Byte
20220312 061343.754 INFO             PET1 PIOc_freedecomp Exit - MemInfo: [malloc] Total space in use, mmap + non-mmap:        18468720 Byte
20220312 061343.754 INFO             PET1 PIOc_freedecomp Exit - MemInfo: [malloc] Total space held (mmap + non-mmap):         18563072 Byte
20220312 061343.754 INFO             PET1 PIOc_freedecomp Exit - MemInfo: [malloc] Total space used (mmap + non-mmap):         18478048 Byte
20220312 061343.754 INFO             PET1 PIOc_freedecomp Exit - MemInfo: Wall-clock time since execution start:              0.0212667 seconds
20220312 061343.754 INFO             PET1  PASS  ESMF_OutputWeightFile, ESMF_IOUTest.F90, line 81
20220312 061343.762 INFO             PET1  PASS  call ESMF_OutputWeightFile with empty factor list on four PETs, ESMF_IOUTest.F90, line 191
20220312 061343.762 INFO             PET1  Ending Test, file ESMF_IOUTest.F90, line 201
20220312 061343.762 INFO             PET1 Finalizing ESMF
20220312 061343.733 INFO             PET2 !!!!!!!!!!!!!!!!!!!!!!!!!!!!!!!!!!!!!!!!!!!!!!!!!!!!!!
20220312 061343.734 INFO             PET2 !!! THE ESMF_LOG IS SET TO OUTPUT ALL LOG MESSAGES !!!
20220312 061343.734 INFO             PET2 !!!     THIS MAY CAUSE SLOWDOWN IN PERFORMANCE     !!!
20220312 061343.734 INFO             PET2 !!! FOR PRODUCTION RUNS, USE:                      !!!
20220312 061343.734 INFO             PET2 !!!                   ESMF_LOGKIND_Multi_On_Error  !!!
20220312 061343.734 INFO             PET2 !!!!!!!!!!!!!!!!!!!!!!!!!!!!!!!!!!!!!!!!!!!!!!!!!!!!!!
20220312 061343.734 INFO             PET2 Running with ESMF Version   : v8.3.0b09-96-g559b459836
20220312 061343.734 INFO             PET2 ESMF library build date/time: "Mar 12 2022" "06:00:17"
20220312 061343.734 INFO             PET2 ESMF library build location : /glade/scratch/rlong/esmf-testing/gfortran_9.1.0_mpt_O_jedwards_pio_update2
20220312 061343.734 INFO             PET2 ESMF_COMM                   : mpt
20220312 061343.734 INFO             PET2 ESMF_MOAB                   : enabled
20220312 061343.734 INFO             PET2 ESMF_LAPACK                 : enabled
20220312 061343.734 INFO             PET2 ESMF_NETCDF                 : enabled
20220312 061343.734 INFO             PET2 ESMF_PNETCDF                : disabled
20220312 061343.734 INFO             PET2 ESMF_PIO                    : enabled
20220312 061343.734 INFO             PET2 ESMF_YAMLCPP                : enabled
20220312 061343.734 INFO             PET2  Beginning Test, file ESMF_IOUTest.F90, line 57
20220312 061343.734 INFO             PET2  NUMBER_OF_PROCESSORS           4
20220312 061343.734 INFO             PET2 Starting Test:  ESMF_OutputWeightFile
20220312 061343.746 INFO             PET2 PIOc_sync Enter - MemInfo: [/proc/meminfo - SSI]	MemTotal:       65507008 kB
20220312 061343.746 INFO             PET2 PIOc_sync Enter - MemInfo: [/proc/meminfo - SSI]	MemFree:        49470720 kB
20220312 061343.746 INFO             PET2 PIOc_sync Enter - MemInfo: [/proc/meminfo - SSI]	MemAvailable:   49223044 kB
20220312 061343.746 INFO             PET2 PIOc_sync Enter - MemInfo: [/proc/meminfo - SSI]	Committed_AS:   13214432 kB
20220312 061343.746 INFO             PET2 PIOc_sync Enter - MemInfo: [/proc/meminfo - SSI]	CommittedPercent: 20.1725 %
20220312 061343.746 INFO             PET2 PIOc_sync Enter - MemInfo: [/proc/self/status]	VmPeak:	65890764 kB
20220312 061343.746 INFO             PET2 PIOc_sync Enter - MemInfo: [/proc/self/status]	VmSize:	65890764 kB
20220312 061343.746 INFO             PET2 PIOc_sync Enter - MemInfo: [/proc/self/status]	VmLck:	       0 kB
20220312 061343.746 INFO             PET2 PIOc_sync Enter - MemInfo: [/proc/self/status]	VmPin:	       0 kB
20220312 061343.746 INFO             PET2 PIOc_sync Enter - MemInfo: [/proc/self/status]	VmHWM:	   11952 kB
20220312 061343.746 INFO             PET2 PIOc_sync Enter - MemInfo: [/proc/self/status]	VmRSS:	   11952 kB
20220312 061343.746 INFO             PET2 PIOc_sync Enter - MemInfo: [/proc/self/status]	VmData:	   21440 kB
20220312 061343.746 INFO             PET2 PIOc_sync Enter - MemInfo: [/proc/self/status]	VmStk:	     144 kB
20220312 061343.746 INFO             PET2 PIOc_sync Enter - MemInfo: [/proc/self/status]	VmExe:	     196 kB
20220312 061343.746 INFO             PET2 PIOc_sync Enter - MemInfo: [/proc/self/status]	VmLib:	   39920 kB
20220312 061343.746 INFO             PET2 PIOc_sync Enter - MemInfo: [/proc/self/status]	VmPTE:	     208 kB
20220312 061343.746 INFO             PET2 PIOc_sync Enter - MemInfo: [/proc/self/status]	VmPMD:	      20 kB
20220312 061343.746 INFO             PET2 PIOc_sync Enter - MemInfo: [/proc/self/status]	VmSwap:	       0 kB
20220312 061343.746 INFO             PET2 PIOc_sync Enter - MemInfo: [/proc/self/status]	VmRSSPercent: 0.0182454 %
20220312 061343.746 INFO             PET2 PIOc_sync Enter - MemInfo: [malloc] Non-mmapped space allocated:                18563072 Byte
20220312 061343.747 INFO             PET2 PIOc_sync Enter - MemInfo: [malloc] Space allocated in mmapped regions:                0 Byte
20220312 061343.747 INFO             PET2 PIOc_sync Enter - MemInfo: [malloc] Maximum total allocated space:                     0 Byte
20220312 061343.747 INFO             PET2 PIOc_sync Enter - MemInfo: [malloc] Space in freed fastbin blocks:                  1184 Byte
20220312 061343.747 INFO             PET2 PIOc_sync Enter - MemInfo: [malloc] Total allocated space:                      18472704 Byte
20220312 061343.747 INFO             PET2 PIOc_sync Enter - MemInfo: [malloc] Total free space:                              90368 Byte
20220312 061343.747 INFO             PET2 PIOc_sync Enter - MemInfo: [malloc] Top-most, releasable space:                    85552 Byte
20220312 061343.747 INFO             PET2 PIOc_sync Enter - MemInfo: [malloc] Total space in use, mmap + non-mmap:        18472704 Byte
20220312 061343.747 INFO             PET2 PIOc_sync Enter - MemInfo: [malloc] Total space held (mmap + non-mmap):         18563072 Byte
20220312 061343.747 INFO             PET2 PIOc_sync Enter - MemInfo: [malloc] Total space used (mmap + non-mmap):         18482032 Byte
20220312 061343.747 INFO             PET2 PIOc_sync Enter - MemInfo: Wall-clock time since execution start:              0.0143737 seconds
20220312 061343.748 INFO             PET2 PIOc_sync Exit - MemInfo: [/proc/meminfo - SSI]	MemTotal:       65507008 kB
20220312 061343.748 INFO             PET2 PIOc_sync Exit - MemInfo: [/proc/meminfo - SSI]	MemFree:        49470720 kB
20220312 061343.748 INFO             PET2 PIOc_sync Exit - MemInfo: [/proc/meminfo - SSI]	MemAvailable:   49223044 kB
20220312 061343.748 INFO             PET2 PIOc_sync Exit - MemInfo: [/proc/meminfo - SSI]	Committed_AS:   13214432 kB
20220312 061343.748 INFO             PET2 PIOc_sync Exit - MemInfo: [/proc/meminfo - SSI]	CommittedPercent: 20.1725 %
20220312 061343.748 INFO             PET2 PIOc_sync Exit - MemInfo: [/proc/self/status]	VmPeak:	65890764 kB
20220312 061343.748 INFO             PET2 PIOc_sync Exit - MemInfo: [/proc/self/status]	VmSize:	65890764 kB
20220312 061343.748 INFO             PET2 PIOc_sync Exit - MemInfo: [/proc/self/status]	VmLck:	       0 kB
20220312 061343.748 INFO             PET2 PIOc_sync Exit - MemInfo: [/proc/self/status]	VmPin:	       0 kB
20220312 061343.748 INFO             PET2 PIOc_sync Exit - MemInfo: [/proc/self/status]	VmHWM:	   12044 kB
20220312 061343.748 INFO             PET2 PIOc_sync Exit - MemInfo: [/proc/self/status]	VmRSS:	   12044 kB
20220312 061343.749 INFO             PET2 PIOc_sync Exit - MemInfo: [/proc/self/status]	VmData:	   21440 kB
20220312 061343.749 INFO             PET2 PIOc_sync Exit - MemInfo: [/proc/self/status]	VmStk:	     144 kB
20220312 061343.749 INFO             PET2 PIOc_sync Exit - MemInfo: [/proc/self/status]	VmExe:	     196 kB
20220312 061343.749 INFO             PET2 PIOc_sync Exit - MemInfo: [/proc/self/status]	VmLib:	   39920 kB
20220312 061343.749 INFO             PET2 PIOc_sync Exit - MemInfo: [/proc/self/status]	VmPTE:	     208 kB
