build time -- 2022-03-14 06:02:13.813869
20220314 061316.620 INFO             PET0 !!!!!!!!!!!!!!!!!!!!!!!!!!!!!!!!!!!!!!!!!!!!!!!!!!!!!!
20220314 061316.620 INFO             PET0 !!! THE ESMF_LOG IS SET TO OUTPUT ALL LOG MESSAGES !!!
20220314 061316.620 INFO             PET0 !!!     THIS MAY CAUSE SLOWDOWN IN PERFORMANCE     !!!
20220314 061316.620 INFO             PET0 !!! FOR PRODUCTION RUNS, USE:                      !!!
20220314 061316.620 INFO             PET0 !!!                   ESMF_LOGKIND_Multi_On_Error  !!!
20220314 061316.620 INFO             PET0 !!!!!!!!!!!!!!!!!!!!!!!!!!!!!!!!!!!!!!!!!!!!!!!!!!!!!!
20220314 061316.620 INFO             PET0 Running with ESMF Version   : v8.3.0b09-96-g559b459836
20220314 061316.620 INFO             PET0 ESMF library build date/time: "Mar 14 2022" "06:00:22"
20220314 061316.620 INFO             PET0 ESMF library build location : /glade/scratch/rlong/esmf-testing/gfortran_9.1.0_mpt_O_jedwards_pio_update2
20220314 061316.620 INFO             PET0 ESMF_COMM                   : mpt
20220314 061316.620 INFO             PET0 ESMF_MOAB                   : enabled
20220314 061316.620 INFO             PET0 ESMF_LAPACK                 : enabled
20220314 061316.620 INFO             PET0 ESMF_NETCDF                 : enabled
20220314 061316.620 INFO             PET0 ESMF_PNETCDF                : disabled
20220314 061316.620 INFO             PET0 ESMF_PIO                    : enabled
20220314 061316.620 INFO             PET0 ESMF_YAMLCPP                : enabled
20220314 061316.621 INFO             PET0  Beginning Test, file ESMF_RouteHandleAdvancedUTest.F90, line 346
20220314 061316.621 INFO             PET0  NUMBER_OF_PROCESSORS           4
20220314 061316.626 INFO             PET0 ESMF_FieldRedistStoreNF(): Just entered routine.
20220314 061316.741 INFO             PET0 ESMF_FieldRedistStoreNF(): Leaving routine.
20220314 061316.741 INFO             PET0  PASS  Create RouteHandle for the original petList, ESMF_RouteHandleAdvancedUTest.F90, line 511
20220314 061316.741 INFO             PET0  PASS  Test RouteHandleIsCreated(), ESMF_RouteHandleAdvancedUTest.F90, line 519
20220314 061316.741 INFO             PET0  PASS  Test RouteHandleIsCreated() return value, ESMF_RouteHandleAdvancedUTest.F90, line 526
20220314 061316.741 INFO             PET0  PASS  Test RouteHandleGet(), ESMF_RouteHandleAdvancedUTest.F90, line 534
20220314 061316.749 INFO             PET0  PASS  Test RouteHandleWrite(), ESMF_RouteHandleAdvancedUTest.F90, line 542
20220314 061316.749 INFO             PET0  PASS  Test RouteHandleDestroy(), ESMF_RouteHandleAdvancedUTest.F90, line 550
20220314 061316.750 INFO             PET0  PASS  Test RouteHandleCreate(from file), ESMF_RouteHandleAdvancedUTest.F90, line 558
20220314 061316.751 INFO             PET0  PASS  Apply the read in Routehandle, ESMF_RouteHandleAdvancedUTest.F90, line 567
20220314 061316.751 INFO             PET0  PASS  Test RouteHandleDestroy() for the read in Routehandle, ESMF_RouteHandleAdvancedUTest.F90, line 575
20220314 061316.751 INFO             PET0 ESMF_FieldRedistStoreNF(): Just entered routine.
20220314 061316.858 INFO             PET0 ESMF_FieldRedistStoreNF(): Leaving routine.
20220314 061316.858 INFO             PET0  PASS  Create RouteHandle for the original petList, ESMF_RouteHandleAdvancedUTest.F90, line 585
20220314 061316.858 INFO             PET0  PASS  Transfer RouteHandle to a different petList, ESMF_RouteHandleAdvancedUTest.F90, line 602
20220314 061316.872 INFO             PET0 PIOc_sync Enter - MemInfo: [/proc/meminfo - SSI]	MemTotal:       65507008 kB
20220314 061316.872 INFO             PET0 PIOc_sync Enter - MemInfo: [/proc/meminfo - SSI]	MemFree:        49885660 kB
20220314 061316.872 INFO             PET0 PIOc_sync Enter - MemInfo: [/proc/meminfo - SSI]	MemAvailable:   49634756 kB
20220314 061316.872 INFO             PET0 PIOc_sync Enter - MemInfo: [/proc/meminfo - SSI]	Committed_AS:   13264908 kB
20220314 061316.872 INFO             PET0 PIOc_sync Enter - MemInfo: [/proc/meminfo - SSI]	CommittedPercent: 20.2496 %
20220314 061316.874 INFO             PET0 PIOc_sync Enter - MemInfo: [/proc/self/status]	VmPeak:	65914520 kB
20220314 061316.874 INFO             PET0 PIOc_sync Enter - MemInfo: [/proc/self/status]	VmSize:	65914520 kB
20220314 061316.874 INFO             PET0 PIOc_sync Enter - MemInfo: [/proc/self/status]	VmLck:	       0 kB
20220314 061316.874 INFO             PET0 PIOc_sync Enter - MemInfo: [/proc/self/status]	VmPin:	       0 kB
20220314 061316.874 INFO             PET0 PIOc_sync Enter - MemInfo: [/proc/self/status]	VmHWM:	   37788 kB
20220314 061316.874 INFO             PET0 PIOc_sync Enter - MemInfo: [/proc/self/status]	VmRSS:	   37788 kB
20220314 061316.874 INFO             PET0 PIOc_sync Enter - MemInfo: [/proc/self/status]	VmData:	   45180 kB
20220314 061316.874 INFO             PET0 PIOc_sync Enter - MemInfo: [/proc/self/status]	VmStk:	     144 kB
20220314 061316.874 INFO             PET0 PIOc_sync Enter - MemInfo: [/proc/self/status]	VmExe:	     212 kB
20220314 061316.874 INFO             PET0 PIOc_sync Enter - MemInfo: [/proc/self/status]	VmLib:	   39920 kB
20220314 061316.874 INFO             PET0 PIOc_sync Enter - MemInfo: [/proc/self/status]	VmPTE:	     312 kB
20220314 061316.874 INFO             PET0 PIOc_sync Enter - MemInfo: [/proc/self/status]	VmPMD:	      28 kB
20220314 061316.874 INFO             PET0 PIOc_sync Enter - MemInfo: [/proc/self/status]	VmSwap:	       0 kB
20220314 061316.874 INFO             PET0 PIOc_sync Enter - MemInfo: [/proc/self/status]	VmRSSPercent: 0.0576854 %
20220314 061316.874 INFO             PET0 PIOc_sync Enter - MemInfo: [malloc] Non-mmapped space allocated:                42872832 Byte
20220314 061316.874 INFO             PET0 PIOc_sync Enter - MemInfo: [malloc] Space allocated in mmapped regions:                0 Byte
20220314 061316.874 INFO             PET0 PIOc_sync Enter - MemInfo: [malloc] Maximum total allocated space:                     0 Byte
20220314 061316.874 INFO             PET0 PIOc_sync Enter - MemInfo: [malloc] Space in freed fastbin blocks:                   880 Byte
20220314 061316.874 INFO             PET0 PIOc_sync Enter - MemInfo: [malloc] Total allocated space:                      37363504 Byte
20220314 061316.874 INFO             PET0 PIOc_sync Enter - MemInfo: [malloc] Total free space:                            5509328 Byte
20220314 061316.874 INFO             PET0 PIOc_sync Enter - MemInfo: [malloc] Top-most, releasable space:                   470992 Byte
20220314 061316.874 INFO             PET0 PIOc_sync Enter - MemInfo: [malloc] Total space in use, mmap + non-mmap:        37363504 Byte
20220314 061316.874 INFO             PET0 PIOc_sync Enter - MemInfo: [malloc] Total space held (mmap + non-mmap):         42872832 Byte
20220314 061316.874 INFO             PET0 PIOc_sync Enter - MemInfo: [malloc] Total space used (mmap + non-mmap):         37372832 Byte
20220314 061316.874 INFO             PET0 PIOc_sync Enter - MemInfo: Wall-clock time since execution start:               0.255426 seconds
20220314 061316.876 INFO             PET0 PIOc_sync Exit - MemInfo: [/proc/meminfo - SSI]	MemTotal:       65507008 kB
20220314 061316.876 INFO             PET0 PIOc_sync Exit - MemInfo: [/proc/meminfo - SSI]	MemFree:        49885660 kB
20220314 061316.876 INFO             PET0 PIOc_sync Exit - MemInfo: [/proc/meminfo - SSI]	MemAvailable:   49634756 kB
20220314 061316.876 INFO             PET0 PIOc_sync Exit - MemInfo: [/proc/meminfo - SSI]	Committed_AS:   13264908 kB
20220314 061316.876 INFO             PET0 PIOc_sync Exit - MemInfo: [/proc/meminfo - SSI]	CommittedPercent: 20.2496 %
20220314 061316.876 INFO             PET0 PIOc_sync Exit - MemInfo: [/proc/self/status]	VmPeak:	65914520 kB
20220314 061316.876 INFO             PET0 PIOc_sync Exit - MemInfo: [/proc/self/status]	VmSize:	65914520 kB
20220314 061316.876 INFO             PET0 PIOc_sync Exit - MemInfo: [/proc/self/status]	VmLck:	       0 kB
20220314 061316.876 INFO             PET0 PIOc_sync Exit - MemInfo: [/proc/self/status]	VmPin:	       0 kB
20220314 061316.876 INFO             PET0 PIOc_sync Exit - MemInfo: [/proc/self/status]	VmHWM:	   37884 kB
20220314 061316.876 INFO             PET0 PIOc_sync Exit - MemInfo: [/proc/self/status]	VmRSS:	   37884 kB
20220314 061316.876 INFO             PET0 PIOc_sync Exit - MemInfo: [/proc/self/status]	VmData:	   45180 kB
20220314 061316.876 INFO             PET0 PIOc_sync Exit - MemInfo: [/proc/self/status]	VmStk:	     144 kB
20220314 061316.876 INFO             PET0 PIOc_sync Exit - MemInfo: [/proc/self/status]	VmExe:	     212 kB
20220314 061316.876 INFO             PET0 PIOc_sync Exit - MemInfo: [/proc/self/status]	VmLib:	   39920 kB
20220314 061316.876 INFO             PET0 PIOc_sync Exit - MemInfo: [/proc/self/status]	VmPTE:	     312 kB
20220314 061316.876 INFO             PET0 PIOc_sync Exit - MemInfo: [/proc/self/status]	VmPMD:	      28 kB
20220314 061316.876 INFO             PET0 PIOc_sync Exit - MemInfo: [/proc/self/status]	VmSwap:	       0 kB
20220314 061316.876 INFO             PET0 PIOc_sync Exit - MemInfo: [/proc/self/status]	VmRSSPercent: 0.057832 %
20220314 061316.876 INFO             PET0 PIOc_sync Exit - MemInfo: [malloc] Non-mmapped space allocated:                42872832 Byte
20220314 061316.876 INFO             PET0 PIOc_sync Exit - MemInfo: [malloc] Space allocated in mmapped regions:                0 Byte
20220314 061316.876 INFO             PET0 PIOc_sync Exit - MemInfo: [malloc] Maximum total allocated space:                     0 Byte
20220314 061316.876 INFO             PET0 PIOc_sync Exit - MemInfo: [malloc] Space in freed fastbin blocks:                  1456 Byte
20220314 061316.876 INFO             PET0 PIOc_sync Exit - MemInfo: [malloc] Total allocated space:                      37363136 Byte
20220314 061316.876 INFO             PET0 PIOc_sync Exit - MemInfo: [malloc] Total free space:                            5509696 Byte
20220314 061316.876 INFO             PET0 PIOc_sync Exit - MemInfo: [malloc] Top-most, releasable space:                   470992 Byte
20220314 061316.876 INFO             PET0 PIOc_sync Exit - MemInfo: [malloc] Total space in use, mmap + non-mmap:        37363136 Byte
20220314 061316.876 INFO             PET0 PIOc_sync Exit - MemInfo: [malloc] Total space held (mmap + non-mmap):         42872832 Byte
20220314 061316.876 INFO             PET0 PIOc_sync Exit - MemInfo: [malloc] Total space used (mmap + non-mmap):         37372464 Byte
20220314 061316.876 INFO             PET0 PIOc_sync Exit - MemInfo: Wall-clock time since execution start:               0.256884 seconds
20220314 061316.876 INFO             PET0 PIOc_freedecomp Enter - MemInfo: [/proc/meminfo - SSI]	MemTotal:       65507008 kB
20220314 061316.876 INFO             PET0 PIOc_freedecomp Enter - MemInfo: [/proc/meminfo - SSI]	MemFree:        49885660 kB
20220314 061316.876 INFO             PET0 PIOc_freedecomp Enter - MemInfo: [/proc/meminfo - SSI]	MemAvailable:   49634756 kB
20220314 061316.876 INFO             PET0 PIOc_freedecomp Enter - MemInfo: [/proc/meminfo - SSI]	Committed_AS:   13264908 kB
20220314 061316.876 INFO             PET0 PIOc_freedecomp Enter - MemInfo: [/proc/meminfo - SSI]	CommittedPercent: 20.2496 %
20220314 061316.876 INFO             PET0 PIOc_freedecomp Enter - MemInfo: [/proc/self/status]	VmPeak:	65914520 kB
20220314 061316.876 INFO             PET0 PIOc_freedecomp Enter - MemInfo: [/proc/self/status]	VmSize:	65914520 kB
20220314 061316.876 INFO             PET0 PIOc_freedecomp Enter - MemInfo: [/proc/self/status]	VmLck:	       0 kB
20220314 061316.876 INFO             PET0 PIOc_freedecomp Enter - MemInfo: [/proc/self/status]	VmPin:	       0 kB
20220314 061316.876 INFO             PET0 PIOc_freedecomp Enter - MemInfo: [/proc/self/status]	VmHWM:	   37884 kB
20220314 061316.876 INFO             PET0 PIOc_freedecomp Enter - MemInfo: [/proc/self/status]	VmRSS:	   37884 kB
20220314 061316.876 INFO             PET0 PIOc_freedecomp Enter - MemInfo: [/proc/self/status]	VmData:	   45180 kB
20220314 061316.876 INFO             PET0 PIOc_freedecomp Enter - MemInfo: [/proc/self/status]	VmStk:	     144 kB
20220314 061316.876 INFO             PET0 PIOc_freedecomp Enter - MemInfo: [/proc/self/status]	VmExe:	     212 kB
20220314 061316.876 INFO             PET0 PIOc_freedecomp Enter - MemInfo: [/proc/self/status]	VmLib:	   39920 kB
20220314 061316.876 INFO             PET0 PIOc_freedecomp Enter - MemInfo: [/proc/self/status]	VmPTE:	     312 kB
20220314 061316.876 INFO             PET0 PIOc_freedecomp Enter - MemInfo: [/proc/self/status]	VmPMD:	      28 kB
20220314 061316.876 INFO             PET0 PIOc_freedecomp Enter - MemInfo: [/proc/self/status]	VmSwap:	       0 kB
20220314 061316.876 INFO             PET0 PIOc_freedecomp Enter - MemInfo: [/proc/self/status]	VmRSSPercent: 0.057832 %
20220314 061316.876 INFO             PET0 PIOc_freedecomp Enter - MemInfo: [malloc] Non-mmapped space allocated:                42872832 Byte
20220314 061316.876 INFO             PET0 PIOc_freedecomp Enter - MemInfo: [malloc] Space allocated in mmapped regions:                0 Byte
20220314 061316.876 INFO             PET0 PIOc_freedecomp Enter - MemInfo: [malloc] Maximum total allocated space:                     0 Byte
20220314 061316.876 INFO             PET0 PIOc_freedecomp Enter - MemInfo: [malloc] Space in freed fastbin blocks:                  1232 Byte
20220314 061316.876 INFO             PET0 PIOc_freedecomp Enter - MemInfo: [malloc] Total allocated space:                      20048304 Byte
20220314 061316.876 INFO             PET0 PIOc_freedecomp Enter - MemInfo: [malloc] Total free space:                           22824528 Byte
20220314 061316.876 INFO             PET0 PIOc_freedecomp Enter - MemInfo: [malloc] Top-most, releasable space:                 17248224 Byte
20220314 061316.876 INFO             PET0 PIOc_freedecomp Enter - MemInfo: [malloc] Total space in use, mmap + non-mmap:        20048304 Byte
20220314 061316.876 INFO             PET0 PIOc_freedecomp Enter - MemInfo: [malloc] Total space held (mmap + non-mmap):         42872832 Byte
20220314 061316.876 INFO             PET0 PIOc_freedecomp Enter - MemInfo: [malloc] Total space used (mmap + non-mmap):         20057632 Byte
20220314 061316.876 INFO             PET0 PIOc_freedecomp Enter - MemInfo: Wall-clock time since execution start:               0.257256 seconds
20220314 061316.876 INFO             PET0 PIOc_freedecomp Exit - MemInfo: [/proc/meminfo - SSI]	MemTotal:       65507008 kB
20220314 061316.876 INFO             PET0 PIOc_freedecomp Exit - MemInfo: [/proc/meminfo - SSI]	MemFree:        49885660 kB
20220314 061316.876 INFO             PET0 PIOc_freedecomp Exit - MemInfo: [/proc/meminfo - SSI]	MemAvailable:   49634756 kB
20220314 061316.876 INFO             PET0 PIOc_freedecomp Exit - MemInfo: [/proc/meminfo - SSI]	Committed_AS:   13264908 kB
20220314 061316.876 INFO             PET0 PIOc_freedecomp Exit - MemInfo: [/proc/meminfo - SSI]	CommittedPercent: 20.2496 %
20220314 061316.876 INFO             PET0 PIOc_freedecomp Exit - MemInfo: [/proc/self/status]	VmPeak:	65914520 kB
20220314 061316.876 INFO             PET0 PIOc_freedecomp Exit - MemInfo: [/proc/self/status]	VmSize:	65914520 kB
20220314 061316.876 INFO             PET0 PIOc_freedecomp Exit - MemInfo: [/proc/self/status]	VmLck:	       0 kB
20220314 061316.876 INFO             PET0 PIOc_freedecomp Exit - MemInfo: [/proc/self/status]	VmPin:	       0 kB
20220314 061316.876 INFO             PET0 PIOc_freedecomp Exit - MemInfo: [/proc/self/status]	VmHWM:	   37884 kB
20220314 061316.876 INFO             PET0 PIOc_freedecomp Exit - MemInfo: [/proc/self/status]	VmRSS:	   37884 kB
20220314 061316.876 INFO             PET0 PIOc_freedecomp Exit - MemInfo: [/proc/self/status]	VmData:	   45180 kB
20220314 061316.876 INFO             PET0 PIOc_freedecomp Exit - MemInfo: [/proc/self/status]	VmStk:	     144 kB
20220314 061316.876 INFO             PET0 PIOc_freedecomp Exit - MemInfo: [/proc/self/status]	VmExe:	     212 kB
20220314 061316.876 INFO             PET0 PIOc_freedecomp Exit - MemInfo: [/proc/self/status]	VmLib:	   39920 kB
20220314 061316.876 INFO             PET0 PIOc_freedecomp Exit - MemInfo: [/proc/self/status]	VmPTE:	     312 kB
20220314 061316.876 INFO             PET0 PIOc_freedecomp Exit - MemInfo: [/proc/self/status]	VmPMD:	      28 kB
20220314 061316.876 INFO             PET0 PIOc_freedecomp Exit - MemInfo: [/proc/self/status]	VmSwap:	       0 kB
20220314 061316.876 INFO             PET0 PIOc_freedecomp Exit - MemInfo: [/proc/self/status]	VmRSSPercent: 0.057832 %
20220314 061316.877 INFO             PET0 PIOc_freedecomp Exit - MemInfo: [malloc] Non-mmapped space allocated:                42872832 Byte
20220314 061316.877 INFO             PET0 PIOc_freedecomp Exit - MemInfo: [malloc] Space allocated in mmapped regions:                0 Byte
20220314 061316.877 INFO             PET0 PIOc_freedecomp Exit - MemInfo: [malloc] Maximum total allocated space:                     0 Byte
20220314 061316.877 INFO             PET0 PIOc_freedecomp Exit - MemInfo: [malloc] Space in freed fastbin blocks:                  1888 Byte
20220314 061316.877 INFO             PET0 PIOc_freedecomp Exit - MemInfo: [malloc] Total allocated space:                      20046480 Byte
20220314 061316.877 INFO             PET0 PIOc_freedecomp Exit - MemInfo: [malloc] Total free space:                           22826352 Byte
20220314 061316.877 INFO             PET0 PIOc_freedecomp Exit - MemInfo: [malloc] Top-most, releasable space:                 17248224 Byte
20220314 061316.877 INFO             PET0 PIOc_freedecomp Exit - MemInfo: [malloc] Total space in use, mmap + non-mmap:        20046480 Byte
20220314 061316.877 INFO             PET0 PIOc_freedecomp Exit - MemInfo: [malloc] Total space held (mmap + non-mmap):         42872832 Byte
20220314 061316.877 INFO             PET0 PIOc_freedecomp Exit - MemInfo: [malloc] Total space used (mmap + non-mmap):         20055808 Byte
20220314 061316.877 INFO             PET0 PIOc_freedecomp Exit - MemInfo: Wall-clock time since execution start:                0.25758 seconds
20220314 061316.878 INFO             PET0 PIOc_sync Enter - MemInfo: [/proc/meminfo - SSI]	MemTotal:       65507008 kB
20220314 061316.878 INFO             PET0 PIOc_sync Enter - MemInfo: [/proc/meminfo - SSI]	MemFree:        49885660 kB
20220314 061316.878 INFO             PET0 PIOc_sync Enter - MemInfo: [/proc/meminfo - SSI]	MemAvailable:   49634756 kB
20220314 061316.878 INFO             PET0 PIOc_sync Enter - MemInfo: [/proc/meminfo - SSI]	Committed_AS:   13264908 kB
20220314 061316.878 INFO             PET0 PIOc_sync Enter - MemInfo: [/proc/meminfo - SSI]	CommittedPercent: 20.2496 %
20220314 061316.878 INFO             PET0 PIOc_sync Enter - MemInfo: [/proc/self/status]	VmPeak:	65922708 kB
20220314 061316.878 INFO             PET0 PIOc_sync Enter - MemInfo: [/proc/self/status]	VmSize:	65914520 kB
20220314 061316.878 INFO             PET0 PIOc_sync Enter - MemInfo: [/proc/self/status]	VmLck:	       0 kB
20220314 061316.878 INFO             PET0 PIOc_sync Enter - MemInfo: [/proc/self/status]	VmPin:	       0 kB
20220314 061316.878 INFO             PET0 PIOc_sync Enter - MemInfo: [/proc/self/status]	VmHWM:	   37892 kB
20220314 061316.878 INFO             PET0 PIOc_sync Enter - MemInfo: [/proc/self/status]	VmRSS:	   37892 kB
20220314 061316.878 INFO             PET0 PIOc_sync Enter - MemInfo: [/proc/self/status]	VmData:	   45180 kB
20220314 061316.878 INFO             PET0 PIOc_sync Enter - MemInfo: [/proc/self/status]	VmStk:	     144 kB
20220314 061316.878 INFO             PET0 PIOc_sync Enter - MemInfo: [/proc/self/status]	VmExe:	     212 kB
20220314 061316.878 INFO             PET0 PIOc_sync Enter - MemInfo: [/proc/self/status]	VmLib:	   39920 kB
20220314 061316.878 INFO             PET0 PIOc_sync Enter - MemInfo: [/proc/self/status]	VmPTE:	     312 kB
20220314 061316.878 INFO             PET0 PIOc_sync Enter - MemInfo: [/proc/self/status]	VmPMD:	      28 kB
20220314 061316.878 INFO             PET0 PIOc_sync Enter - MemInfo: [/proc/self/status]	VmSwap:	       0 kB
20220314 061316.878 INFO             PET0 PIOc_sync Enter - MemInfo: [/proc/self/status]	VmRSSPercent: 0.0578442 %
20220314 061316.878 INFO             PET0 PIOc_sync Enter - MemInfo: [malloc] Non-mmapped space allocated:                42872832 Byte
20220314 061316.878 INFO             PET0 PIOc_sync Enter - MemInfo: [malloc] Space allocated in mmapped regions:                0 Byte
20220314 061316.878 INFO             PET0 PIOc_sync Enter - MemInfo: [malloc] Maximum total allocated space:                     0 Byte
20220314 061316.878 INFO             PET0 PIOc_sync Enter - MemInfo: [malloc] Space in freed fastbin blocks:                  1440 Byte
20220314 061316.878 INFO             PET0 PIOc_sync Enter - MemInfo: [malloc] Total allocated space:                      37364240 Byte
20220314 061316.878 INFO             PET0 PIOc_sync Enter - MemInfo: [malloc] Total free space:                            5508592 Byte
20220314 061316.878 INFO             PET0 PIOc_sync Enter - MemInfo: [malloc] Top-most, releasable space:                   470992 Byte
20220314 061316.878 INFO             PET0 PIOc_sync Enter - MemInfo: [malloc] Total space in use, mmap + non-mmap:        37364240 Byte
20220314 061316.878 INFO             PET0 PIOc_sync Enter - MemInfo: [malloc] Total space held (mmap + non-mmap):         42872832 Byte
20220314 061316.878 INFO             PET0 PIOc_sync Enter - MemInfo: [malloc] Total space used (mmap + non-mmap):         37373568 Byte
20220314 061316.878 INFO             PET0 PIOc_sync Enter - MemInfo: Wall-clock time since execution start:                0.25881 seconds
20220314 061316.878 INFO             PET0 PIOc_sync Exit - MemInfo: [/proc/meminfo - SSI]	MemTotal:       65507008 kB
20220314 061316.878 INFO             PET0 PIOc_sync Exit - MemInfo: [/proc/meminfo - SSI]	MemFree:        49885660 kB
20220314 061316.878 INFO             PET0 PIOc_sync Exit - MemInfo: [/proc/meminfo - SSI]	MemAvailable:   49634756 kB
20220314 061316.878 INFO             PET0 PIOc_sync Exit - MemInfo: [/proc/meminfo - SSI]	Committed_AS:   13264908 kB
20220314 061316.878 INFO             PET0 PIOc_sync Exit - MemInfo: [/proc/meminfo - SSI]	CommittedPercent: 20.2496 %
20220314 061316.878 INFO             PET0 PIOc_sync Exit - MemInfo: [/proc/self/status]	VmPeak:	65922708 kB
20220314 061316.878 INFO             PET0 PIOc_sync Exit - MemInfo: [/proc/self/status]	VmSize:	65914520 kB
20220314 061316.878 INFO             PET0 PIOc_sync Exit - MemInfo: [/proc/self/status]	VmLck:	       0 kB
20220314 061316.878 INFO             PET0 PIOc_sync Exit - MemInfo: [/proc/self/status]	VmPin:	       0 kB
20220314 061316.878 INFO             PET0 PIOc_sync Exit - MemInfo: [/proc/self/status]	VmHWM:	   37892 kB
20220314 061316.878 INFO             PET0 PIOc_sync Exit - MemInfo: [/proc/self/status]	VmRSS:	   37892 kB
20220314 061316.878 INFO             PET0 PIOc_sync Exit - MemInfo: [/proc/self/status]	VmData:	   45180 kB
20220314 061316.878 INFO             PET0 PIOc_sync Exit - MemInfo: [/proc/self/status]	VmStk:	     144 kB
20220314 061316.878 INFO             PET0 PIOc_sync Exit - MemInfo: [/proc/self/status]	VmExe:	     212 kB
20220314 061316.878 INFO             PET0 PIOc_sync Exit - MemInfo: [/proc/self/status]	VmLib:	   39920 kB
20220314 061316.878 INFO             PET0 PIOc_sync Exit - MemInfo: [/proc/self/status]	VmPTE:	     312 kB
20220314 061316.878 INFO             PET0 PIOc_sync Exit - MemInfo: [/proc/self/status]	VmPMD:	      28 kB
20220314 061316.878 INFO             PET0 PIOc_sync Exit - MemInfo: [/proc/self/status]	VmSwap:	       0 kB
20220314 061316.878 INFO             PET0 PIOc_sync Exit - MemInfo: [/proc/self/status]	VmRSSPercent: 0.0578442 %
20220314 061316.878 INFO             PET0 PIOc_sync Exit - MemInfo: [malloc] Non-mmapped space allocated:                42872832 Byte
20220314 061316.878 INFO             PET0 PIOc_sync Exit - MemInfo: [malloc] Space allocated in mmapped regions:                0 Byte
20220314 061316.878 INFO             PET0 PIOc_sync Exit - MemInfo: [malloc] Maximum total allocated space:                     0 Byte
20220314 061316.878 INFO             PET0 PIOc_sync Exit - MemInfo: [malloc] Space in freed fastbin blocks:                  1600 Byte
20220314 061316.878 INFO             PET0 PIOc_sync Exit - MemInfo: [malloc] Total allocated space:                      37363872 Byte
20220314 061316.878 INFO             PET0 PIOc_sync Exit - MemInfo: [malloc] Total free space:                            5508960 Byte
20220314 061316.878 INFO             PET0 PIOc_sync Exit - MemInfo: [malloc] Top-most, releasable space:                   470992 Byte
20220314 061316.878 INFO             PET0 PIOc_sync Exit - MemInfo: [malloc] Total space in use, mmap + non-mmap:        37363872 Byte
20220314 061316.878 INFO             PET0 PIOc_sync Exit - MemInfo: [malloc] Total space held (mmap + non-mmap):         42872832 Byte
20220314 061316.878 INFO             PET0 PIOc_sync Exit - MemInfo: [malloc] Total space used (mmap + non-mmap):         37373200 Byte
20220314 061316.878 INFO             PET0 PIOc_sync Exit - MemInfo: Wall-clock time since execution start:               0.259188 seconds
20220314 061316.878 INFO             PET0 PIOc_freedecomp Enter - MemInfo: [/proc/meminfo - SSI]	MemTotal:       65507008 kB
20220314 061316.878 INFO             PET0 PIOc_freedecomp Enter - MemInfo: [/proc/meminfo - SSI]	MemFree:        49885660 kB
20220314 061316.878 INFO             PET0 PIOc_freedecomp Enter - MemInfo: [/proc/meminfo - SSI]	MemAvailable:   49634756 kB
20220314 061316.878 INFO             PET0 PIOc_freedecomp Enter - MemInfo: [/proc/meminfo - SSI]	Committed_AS:   13264908 kB
20220314 061316.878 INFO             PET0 PIOc_freedecomp Enter - MemInfo: [/proc/meminfo - SSI]	CommittedPercent: 20.2496 %
20220314 061316.878 INFO             PET0 PIOc_freedecomp Enter - MemInfo: [/proc/self/status]	VmPeak:	65922708 kB
20220314 061316.878 INFO             PET0 PIOc_freedecomp Enter - MemInfo: [/proc/self/status]	VmSize:	65914520 kB
20220314 061316.878 INFO             PET0 PIOc_freedecomp Enter - MemInfo: [/proc/self/status]	VmLck:	       0 kB
20220314 061316.878 INFO             PET0 PIOc_freedecomp Enter - MemInfo: [/proc/self/status]	VmPin:	       0 kB
20220314 061316.878 INFO             PET0 PIOc_freedecomp Enter - MemInfo: [/proc/self/status]	VmHWM:	   37892 kB
20220314 061316.878 INFO             PET0 PIOc_freedecomp Enter - MemInfo: [/proc/self/status]	VmRSS:	   37892 kB
20220314 061316.878 INFO             PET0 PIOc_freedecomp Enter - MemInfo: [/proc/self/status]	VmData:	   45180 kB
20220314 061316.878 INFO             PET0 PIOc_freedecomp Enter - MemInfo: [/proc/self/status]	VmStk:	     144 kB
20220314 061316.878 INFO             PET0 PIOc_freedecomp Enter - MemInfo: [/proc/self/status]	VmExe:	     212 kB
20220314 061316.878 INFO             PET0 PIOc_freedecomp Enter - MemInfo: [/proc/self/status]	VmLib:	   39920 kB
20220314 061316.878 INFO             PET0 PIOc_freedecomp Enter - MemInfo: [/proc/self/status]	VmPTE:	     312 kB
20220314 061316.878 INFO             PET0 PIOc_freedecomp Enter - MemInfo: [/proc/self/status]	VmPMD:	      28 kB
20220314 061316.878 INFO             PET0 PIOc_freedecomp Enter - MemInfo: [/proc/self/status]	VmSwap:	       0 kB
20220314 061316.878 INFO             PET0 PIOc_freedecomp Enter - MemInfo: [/proc/self/status]	VmRSSPercent: 0.0578442 %
20220314 061316.878 INFO             PET0 PIOc_freedecomp Enter - MemInfo: [malloc] Non-mmapped space allocated:                42872832 Byte
20220314 061316.878 INFO             PET0 PIOc_freedecomp Enter - MemInfo: [malloc] Space allocated in mmapped regions:                0 Byte
20220314 061316.878 INFO             PET0 PIOc_freedecomp Enter - MemInfo: [malloc] Maximum total allocated space:                     0 Byte
20220314 061316.878 INFO             PET0 PIOc_freedecomp Enter - MemInfo: [malloc] Space in freed fastbin blocks:                  1136 Byte
20220314 061316.878 INFO             PET0 PIOc_freedecomp Enter - MemInfo: [malloc] Total allocated space:                      20048304 Byte
20220314 061316.879 INFO             PET0 PIOc_freedecomp Enter - MemInfo: [malloc] Total free space:                           22824528 Byte
20220314 061316.879 INFO             PET0 PIOc_freedecomp Enter - MemInfo: [malloc] Top-most, releasable space:                 17248224 Byte
20220314 061316.879 INFO             PET0 PIOc_freedecomp Enter - MemInfo: [malloc] Total space in use, mmap + non-mmap:        20048304 Byte
20220314 061316.879 INFO             PET0 PIOc_freedecomp Enter - MemInfo: [malloc] Total space held (mmap + non-mmap):         42872832 Byte
20220314 061316.879 INFO             PET0 PIOc_freedecomp Enter - MemInfo: [malloc] Total space used (mmap + non-mmap):         20057632 Byte
20220314 061316.879 INFO             PET0 PIOc_freedecomp Enter - MemInfo: Wall-clock time since execution start:               0.259536 seconds
20220314 061316.879 INFO             PET0 PIOc_freedecomp Exit - MemInfo: [/proc/meminfo - SSI]	MemTotal:       65507008 kB
20220314 061316.879 INFO             PET0 PIOc_freedecomp Exit - MemInfo: [/proc/meminfo - SSI]	MemFree:        49885660 kB
20220314 061316.879 INFO             PET0 PIOc_freedecomp Exit - MemInfo: [/proc/meminfo - SSI]	MemAvailable:   49634756 kB
20220314 061316.879 INFO             PET0 PIOc_freedecomp Exit - MemInfo: [/proc/meminfo - SSI]	Committed_AS:   13264908 kB
20220314 061316.879 INFO             PET0 PIOc_freedecomp Exit - MemInfo: [/proc/meminfo - SSI]	CommittedPercent: 20.2496 %
20220314 061316.879 INFO             PET0 PIOc_freedecomp Exit - MemInfo: [/proc/self/status]	VmPeak:	65922708 kB
20220314 061316.879 INFO             PET0 PIOc_freedecomp Exit - MemInfo: [/proc/self/status]	VmSize:	65914520 kB
20220314 061316.879 INFO             PET0 PIOc_freedecomp Exit - MemInfo: [/proc/self/status]	VmLck:	       0 kB
20220314 061316.879 INFO             PET0 PIOc_freedecomp Exit - MemInfo: [/proc/self/status]	VmPin:	       0 kB
20220314 061316.879 INFO             PET0 PIOc_freedecomp Exit - MemInfo: [/proc/self/status]	VmHWM:	   37892 kB
20220314 061316.879 INFO             PET0 PIOc_freedecomp Exit - MemInfo: [/proc/self/status]	VmRSS:	   37892 kB
20220314 061316.879 INFO             PET0 PIOc_freedecomp Exit - MemInfo: [/proc/self/status]	VmData:	   45180 kB
20220314 061316.879 INFO             PET0 PIOc_freedecomp Exit - MemInfo: [/proc/self/status]	VmStk:	     144 kB
20220314 061316.879 INFO             PET0 PIOc_freedecomp Exit - MemInfo: [/proc/self/status]	VmExe:	     212 kB
20220314 061316.879 INFO             PET0 PIOc_freedecomp Exit - MemInfo: [/proc/self/status]	VmLib:	   39920 kB
20220314 061316.879 INFO             PET0 PIOc_freedecomp Exit - MemInfo: [/proc/self/status]	VmPTE:	     312 kB
20220314 061316.879 INFO             PET0 PIOc_freedecomp Exit - MemInfo: [/proc/self/status]	VmPMD:	      28 kB
20220314 061316.879 INFO             PET0 PIOc_freedecomp Exit - MemInfo: [/proc/self/status]	VmSwap:	       0 kB
20220314 061316.879 INFO             PET0 PIOc_freedecomp Exit - MemInfo: [/proc/self/status]	VmRSSPercent: 0.0578442 %
20220314 061316.879 INFO             PET0 PIOc_freedecomp Exit - MemInfo: [malloc] Non-mmapped space allocated:                42872832 Byte
20220314 061316.879 INFO             PET0 PIOc_freedecomp Exit - MemInfo: [malloc] Space allocated in mmapped regions:                0 Byte
20220314 061316.879 INFO             PET0 PIOc_freedecomp Exit - MemInfo: [malloc] Maximum total allocated space:                     0 Byte
20220314 061316.879 INFO             PET0 PIOc_freedecomp Exit - MemInfo: [malloc] Space in freed fastbin blocks:                  1888 Byte
20220314 061316.879 INFO             PET0 PIOc_freedecomp Exit - MemInfo: [malloc] Total allocated space:                      20046480 Byte
20220314 061316.879 INFO             PET0 PIOc_freedecomp Exit - MemInfo: [malloc] Total free space:                           22826352 Byte
20220314 061316.879 INFO             PET0 PIOc_freedecomp Exit - MemInfo: [malloc] Top-most, releasable space:                 17248224 Byte
20220314 061316.879 INFO             PET0 PIOc_freedecomp Exit - MemInfo: [malloc] Total space in use, mmap + non-mmap:        20046480 Byte
20220314 061316.879 INFO             PET0 PIOc_freedecomp Exit - MemInfo: [malloc] Total space held (mmap + non-mmap):         42872832 Byte
20220314 061316.879 INFO             PET0 PIOc_freedecomp Exit - MemInfo: [malloc] Total space used (mmap + non-mmap):         20055808 Byte
20220314 061316.879 INFO             PET0 PIOc_freedecomp Exit - MemInfo: Wall-clock time since execution start:               0.259852 seconds
20220314 061316.880 INFO             PET0 PIOc_sync Enter - MemInfo: [/proc/meminfo - SSI]	MemTotal:       65507008 kB
20220314 061316.880 INFO             PET0 PIOc_sync Enter - MemInfo: [/proc/meminfo - SSI]	MemFree:        49885660 kB
20220314 061316.880 INFO             PET0 PIOc_sync Enter - MemInfo: [/proc/meminfo - SSI]	MemAvailable:   49634756 kB
20220314 061316.880 INFO             PET0 PIOc_sync Enter - MemInfo: [/proc/meminfo - SSI]	Committed_AS:   13264908 kB
20220314 061316.880 INFO             PET0 PIOc_sync Enter - MemInfo: [/proc/meminfo - SSI]	CommittedPercent: 20.2496 %
20220314 061316.880 INFO             PET0 PIOc_sync Enter - MemInfo: [/proc/self/status]	VmPeak:	65922708 kB
20220314 061316.880 INFO             PET0 PIOc_sync Enter - MemInfo: [/proc/self/status]	VmSize:	65914520 kB
20220314 061316.880 INFO             PET0 PIOc_sync Enter - MemInfo: [/proc/self/status]	VmLck:	       0 kB
20220314 061316.880 INFO             PET0 PIOc_sync Enter - MemInfo: [/proc/self/status]	VmPin:	       0 kB
20220314 061316.880 INFO             PET0 PIOc_sync Enter - MemInfo: [/proc/self/status]	VmHWM:	   37892 kB
20220314 061316.880 INFO             PET0 PIOc_sync Enter - MemInfo: [/proc/self/status]	VmRSS:	   37892 kB
20220314 061316.880 INFO             PET0 PIOc_sync Enter - MemInfo: [/proc/self/status]	VmData:	   45180 kB
20220314 061316.880 INFO             PET0 PIOc_sync Enter - MemInfo: [/proc/self/status]	VmStk:	     144 kB
20220314 061316.880 INFO             PET0 PIOc_sync Enter - MemInfo: [/proc/self/status]	VmExe:	     212 kB
20220314 061316.880 INFO             PET0 PIOc_sync Enter - MemInfo: [/proc/self/status]	VmLib:	   39920 kB
20220314 061316.880 INFO             PET0 PIOc_sync Enter - MemInfo: [/proc/self/status]	VmPTE:	     312 kB
20220314 061316.880 INFO             PET0 PIOc_sync Enter - MemInfo: [/proc/self/status]	VmPMD:	      28 kB
20220314 061316.880 INFO             PET0 PIOc_sync Enter - MemInfo: [/proc/self/status]	VmSwap:	       0 kB
20220314 061316.880 INFO             PET0 PIOc_sync Enter - MemInfo: [/proc/self/status]	VmRSSPercent: 0.0578442 %
20220314 061316.880 INFO             PET0 PIOc_sync Enter - MemInfo: [malloc] Non-mmapped space allocated:                42872832 Byte
20220314 061316.880 INFO             PET0 PIOc_sync Enter - MemInfo: [malloc] Space allocated in mmapped regions:                0 Byte
20220314 061316.880 INFO             PET0 PIOc_sync Enter - MemInfo: [malloc] Maximum total allocated space:                     0 Byte
20220314 061316.880 INFO             PET0 PIOc_sync Enter - MemInfo: [malloc] Space in freed fastbin blocks:                  2464 Byte
20220314 061316.880 INFO             PET0 PIOc_sync Enter - MemInfo: [malloc] Total allocated space:                      37365024 Byte
20220314 061316.880 INFO             PET0 PIOc_sync Enter - MemInfo: [malloc] Total free space:                            5507808 Byte
20220314 061316.880 INFO             PET0 PIOc_sync Enter - MemInfo: [malloc] Top-most, releasable space:                   470992 Byte
20220314 061316.880 INFO             PET0 PIOc_sync Enter - MemInfo: [malloc] Total space in use, mmap + non-mmap:        37365024 Byte
20220314 061316.880 INFO             PET0 PIOc_sync Enter - MemInfo: [malloc] Total space held (mmap + non-mmap):         42872832 Byte
20220314 061316.880 INFO             PET0 PIOc_sync Enter - MemInfo: [malloc] Total space used (mmap + non-mmap):         37374352 Byte
20220314 061316.880 INFO             PET0 PIOc_sync Enter - MemInfo: Wall-clock time since execution start:               0.260875 seconds
20220314 061316.880 INFO             PET0 PIOc_sync Exit - MemInfo: [/proc/meminfo - SSI]	MemTotal:       65507008 kB
20220314 061316.880 INFO             PET0 PIOc_sync Exit - MemInfo: [/proc/meminfo - SSI]	MemFree:        49885660 kB
20220314 061316.880 INFO             PET0 PIOc_sync Exit - MemInfo: [/proc/meminfo - SSI]	MemAvailable:   49634756 kB
20220314 061316.880 INFO             PET0 PIOc_sync Exit - MemInfo: [/proc/meminfo - SSI]	Committed_AS:   13264908 kB
20220314 061316.880 INFO             PET0 PIOc_sync Exit - MemInfo: [/proc/meminfo - SSI]	CommittedPercent: 20.2496 %
20220314 061316.880 INFO             PET0 PIOc_sync Exit - MemInfo: [/proc/self/status]	VmPeak:	65922708 kB
20220314 061316.880 INFO             PET0 PIOc_sync Exit - MemInfo: [/proc/self/status]	VmSize:	65914520 kB
20220314 061316.880 INFO             PET0 PIOc_sync Exit - MemInfo: [/proc/self/status]	VmLck:	       0 kB
20220314 061316.880 INFO             PET0 PIOc_sync Exit - MemInfo: [/proc/self/status]	VmPin:	       0 kB
20220314 061316.880 INFO             PET0 PIOc_sync Exit - MemInfo: [/proc/self/status]	VmHWM:	   37892 kB
20220314 061316.880 INFO             PET0 PIOc_sync Exit - MemInfo: [/proc/self/status]	VmRSS:	   37892 kB
20220314 061316.880 INFO             PET0 PIOc_sync Exit - MemInfo: [/proc/self/status]	VmData:	   45180 kB
20220314 061316.880 INFO             PET0 PIOc_sync Exit - MemInfo: [/proc/self/status]	VmStk:	     144 kB
20220314 061316.880 INFO             PET0 PIOc_sync Exit - MemInfo: [/proc/self/status]	VmExe:	     212 kB
20220314 061316.880 INFO             PET0 PIOc_sync Exit - MemInfo: [/proc/self/status]	VmLib:	   39920 kB
20220314 061316.880 INFO             PET0 PIOc_sync Exit - MemInfo: [/proc/self/status]	VmPTE:	     312 kB
20220314 061316.880 INFO             PET0 PIOc_sync Exit - MemInfo: [/proc/self/status]	VmPMD:	      28 kB
20220314 061316.880 INFO             PET0 PIOc_sync Exit - MemInfo: [/proc/self/status]	VmSwap:	       0 kB
20220314 061316.880 INFO             PET0 PIOc_sync Exit - MemInfo: [/proc/self/status]	VmRSSPercent: 0.0578442 %
20220314 061316.880 INFO             PET0 PIOc_sync Exit - MemInfo: [malloc] Non-mmapped space allocated:                42872832 Byte
20220314 061316.880 INFO             PET0 PIOc_sync Exit - MemInfo: [malloc] Space allocated in mmapped regions:                0 Byte
20220314 061316.880 INFO             PET0 PIOc_sync Exit - MemInfo: [malloc] Maximum total allocated space:                     0 Byte
20220314 061316.880 INFO             PET0 PIOc_sync Exit - MemInfo: [malloc] Space in freed fastbin blocks:                   944 Byte
20220314 061316.880 INFO             PET0 PIOc_sync Exit - MemInfo: [malloc] Total allocated space:                      37364656 Byte
20220314 061316.880 INFO             PET0 PIOc_sync Exit - MemInfo: [malloc] Total free space:                            5508176 Byte
20220314 061316.880 INFO             PET0 PIOc_sync Exit - MemInfo: [malloc] Top-most, releasable space:                   470992 Byte
20220314 061316.880 INFO             PET0 PIOc_sync Exit - MemInfo: [malloc] Total space in use, mmap + non-mmap:        37364656 Byte
20220314 061316.880 INFO             PET0 PIOc_sync Exit - MemInfo: [malloc] Total space held (mmap + non-mmap):         42872832 Byte
20220314 061316.880 INFO             PET0 PIOc_sync Exit - MemInfo: [malloc] Total space used (mmap + non-mmap):         37373984 Byte
20220314 061316.880 INFO             PET0 PIOc_sync Exit - MemInfo: Wall-clock time since execution start:               0.261248 seconds
20220314 061316.880 INFO             PET0 PIOc_freedecomp Enter - MemInfo: [/proc/meminfo - SSI]	MemTotal:       65507008 kB
20220314 061316.880 INFO             PET0 PIOc_freedecomp Enter - MemInfo: [/proc/meminfo - SSI]	MemFree:        49885660 kB
20220314 061316.880 INFO             PET0 PIOc_freedecomp Enter - MemInfo: [/proc/meminfo - SSI]	MemAvailable:   49634756 kB
20220314 061316.880 INFO             PET0 PIOc_freedecomp Enter - MemInfo: [/proc/meminfo - SSI]	Committed_AS:   13264908 kB
20220314 061316.880 INFO             PET0 PIOc_freedecomp Enter - MemInfo: [/proc/meminfo - SSI]	CommittedPercent: 20.2496 %
20220314 061316.880 INFO             PET0 PIOc_freedecomp Enter - MemInfo: [/proc/self/status]	VmPeak:	65922708 kB
20220314 061316.880 INFO             PET0 PIOc_freedecomp Enter - MemInfo: [/proc/self/status]	VmSize:	65914520 kB
20220314 061316.880 INFO             PET0 PIOc_freedecomp Enter - MemInfo: [/proc/self/status]	VmLck:	       0 kB
20220314 061316.880 INFO             PET0 PIOc_freedecomp Enter - MemInfo: [/proc/self/status]	VmPin:	       0 kB
20220314 061316.880 INFO             PET0 PIOc_freedecomp Enter - MemInfo: [/proc/self/status]	VmHWM:	   37892 kB
20220314 061316.880 INFO             PET0 PIOc_freedecomp Enter - MemInfo: [/proc/self/status]	VmRSS:	   37892 kB
20220314 061316.880 INFO             PET0 PIOc_freedecomp Enter - MemInfo: [/proc/self/status]	VmData:	   45180 kB
20220314 061316.880 INFO             PET0 PIOc_freedecomp Enter - MemInfo: [/proc/self/status]	VmStk:	     144 kB
20220314 061316.880 INFO             PET0 PIOc_freedecomp Enter - MemInfo: [/proc/self/status]	VmExe:	     212 kB
20220314 061316.880 INFO             PET0 PIOc_freedecomp Enter - MemInfo: [/proc/self/status]	VmLib:	   39920 kB
20220314 061316.880 INFO             PET0 PIOc_freedecomp Enter - MemInfo: [/proc/self/status]	VmPTE:	     312 kB
20220314 061316.880 INFO             PET0 PIOc_freedecomp Enter - MemInfo: [/proc/self/status]	VmPMD:	      28 kB
20220314 061316.880 INFO             PET0 PIOc_freedecomp Enter - MemInfo: [/proc/self/status]	VmSwap:	       0 kB
20220314 061316.881 INFO             PET0 PIOc_freedecomp Enter - MemInfo: [/proc/self/status]	VmRSSPercent: 0.0578442 %
20220314 061316.881 INFO             PET0 PIOc_freedecomp Enter - MemInfo: [malloc] Non-mmapped space allocated:                42872832 Byte
20220314 061316.881 INFO             PET0 PIOc_freedecomp Enter - MemInfo: [malloc] Space allocated in mmapped regions:                0 Byte
20220314 061316.881 INFO             PET0 PIOc_freedecomp Enter - MemInfo: [malloc] Maximum total allocated space:                     0 Byte
20220314 061316.881 INFO             PET0 PIOc_freedecomp Enter - MemInfo: [malloc] Space in freed fastbin blocks:                   704 Byte
20220314 061316.881 INFO             PET0 PIOc_freedecomp Enter - MemInfo: [malloc] Total allocated space:                      20048304 Byte
20220314 061316.881 INFO             PET0 PIOc_freedecomp Enter - MemInfo: [malloc] Total free space:                           22824528 Byte
20220314 061316.881 INFO             PET0 PIOc_freedecomp Enter - MemInfo: [malloc] Top-most, releasable space:                 17248224 Byte
20220314 061316.881 INFO             PET0 PIOc_freedecomp Enter - MemInfo: [malloc] Total space in use, mmap + non-mmap:        20048304 Byte
20220314 061316.881 INFO             PET0 PIOc_freedecomp Enter - MemInfo: [malloc] Total space held (mmap + non-mmap):         42872832 Byte
20220314 061316.881 INFO             PET0 PIOc_freedecomp Enter - MemInfo: [malloc] Total space used (mmap + non-mmap):         20057632 Byte
20220314 061316.881 INFO             PET0 PIOc_freedecomp Enter - MemInfo: Wall-clock time since execution start:               0.261595 seconds
20220314 061316.881 INFO             PET0 PIOc_freedecomp Exit - MemInfo: [/proc/meminfo - SSI]	MemTotal:       65507008 kB
20220314 061316.881 INFO             PET0 PIOc_freedecomp Exit - MemInfo: [/proc/meminfo - SSI]	MemFree:        49885660 kB
20220314 061316.881 INFO             PET0 PIOc_freedecomp Exit - MemInfo: [/proc/meminfo - SSI]	MemAvailable:   49634756 kB
20220314 061316.881 INFO             PET0 PIOc_freedecomp Exit - MemInfo: [/proc/meminfo - SSI]	Committed_AS:   13264908 kB
20220314 061316.881 INFO             PET0 PIOc_freedecomp Exit - MemInfo: [/proc/meminfo - SSI]	CommittedPercent: 20.2496 %
20220314 061316.881 INFO             PET0 PIOc_freedecomp Exit - MemInfo: [/proc/self/status]	VmPeak:	65922708 kB
20220314 061316.881 INFO             PET0 PIOc_freedecomp Exit - MemInfo: [/proc/self/status]	VmSize:	65914520 kB
20220314 061316.881 INFO             PET0 PIOc_freedecomp Exit - MemInfo: [/proc/self/status]	VmLck:	       0 kB
20220314 061316.881 INFO             PET0 PIOc_freedecomp Exit - MemInfo: [/proc/self/status]	VmPin:	       0 kB
20220314 061316.881 INFO             PET0 PIOc_freedecomp Exit - MemInfo: [/proc/self/status]	VmHWM:	   37892 kB
20220314 061316.881 INFO             PET0 PIOc_freedecomp Exit - MemInfo: [/proc/self/status]	VmRSS:	   37892 kB
20220314 061316.881 INFO             PET0 PIOc_freedecomp Exit - MemInfo: [/proc/self/status]	VmData:	   45180 kB
20220314 061316.881 INFO             PET0 PIOc_freedecomp Exit - MemInfo: [/proc/self/status]	VmStk:	     144 kB
20220314 061316.881 INFO             PET0 PIOc_freedecomp Exit - MemInfo: [/proc/self/status]	VmExe:	     212 kB
20220314 061316.881 INFO             PET0 PIOc_freedecomp Exit - MemInfo: [/proc/self/status]	VmLib:	   39920 kB
20220314 061316.881 INFO             PET0 PIOc_freedecomp Exit - MemInfo: [/proc/self/status]	VmPTE:	     312 kB
20220314 061316.881 INFO             PET0 PIOc_freedecomp Exit - MemInfo: [/proc/self/status]	VmPMD:	      28 kB
20220314 061316.881 INFO             PET0 PIOc_freedecomp Exit - MemInfo: [/proc/self/status]	VmSwap:	       0 kB
20220314 061316.881 INFO             PET0 PIOc_freedecomp Exit - MemInfo: [/proc/self/status]	VmRSSPercent: 0.0578442 %
20220314 061316.881 INFO             PET0 PIOc_freedecomp Exit - MemInfo: [malloc] Non-mmapped space allocated:                42872832 Byte
20220314 061316.881 INFO             PET0 PIOc_freedecomp Exit - MemInfo: [malloc] Space allocated in mmapped regions:                0 Byte
20220314 061316.881 INFO             PET0 PIOc_freedecomp Exit - MemInfo: [malloc] Maximum total allocated space:                     0 Byte
20220314 061316.881 INFO             PET0 PIOc_freedecomp Exit - MemInfo: [malloc] Space in freed fastbin blocks:                  1792 Byte
20220314 061316.881 INFO             PET0 PIOc_freedecomp Exit - MemInfo: [malloc] Total allocated space:                      20046480 Byte
20220314 061316.881 INFO             PET0 PIOc_freedecomp Exit - MemInfo: [malloc] Total free space:                           22826352 Byte
20220314 061316.881 INFO             PET0 PIOc_freedecomp Exit - MemInfo: [malloc] Top-most, releasable space:                 17248224 Byte
20220314 061316.881 INFO             PET0 PIOc_freedecomp Exit - MemInfo: [malloc] Total space in use, mmap + non-mmap:        20046480 Byte
20220314 061316.881 INFO             PET0 PIOc_freedecomp Exit - MemInfo: [malloc] Total space held (mmap + non-mmap):         42872832 Byte
20220314 061316.881 INFO             PET0 PIOc_freedecomp Exit - MemInfo: [malloc] Total space used (mmap + non-mmap):         20055808 Byte
20220314 061316.881 INFO             PET0 PIOc_freedecomp Exit - MemInfo: Wall-clock time since execution start:               0.261918 seconds
20220314 061316.882 INFO             PET0 PIOc_sync Enter - MemInfo: [/proc/meminfo - SSI]	MemTotal:       65507008 kB
20220314 061316.882 INFO             PET0 PIOc_sync Enter - MemInfo: [/proc/meminfo - SSI]	MemFree:        49885668 kB
20220314 061316.882 INFO             PET0 PIOc_sync Enter - MemInfo: [/proc/meminfo - SSI]	MemAvailable:   49634764 kB
20220314 061316.882 INFO             PET0 PIOc_sync Enter - MemInfo: [/proc/meminfo - SSI]	Committed_AS:   13264908 kB
20220314 061316.882 INFO             PET0 PIOc_sync Enter - MemInfo: [/proc/meminfo - SSI]	CommittedPercent: 20.2496 %
20220314 061316.882 INFO             PET0 PIOc_sync Enter - MemInfo: [/proc/self/status]	VmPeak:	65922708 kB
20220314 061316.882 INFO             PET0 PIOc_sync Enter - MemInfo: [/proc/self/status]	VmSize:	65914520 kB
20220314 061316.882 INFO             PET0 PIOc_sync Enter - MemInfo: [/proc/self/status]	VmLck:	       0 kB
20220314 061316.882 INFO             PET0 PIOc_sync Enter - MemInfo: [/proc/self/status]	VmPin:	       0 kB
20220314 061316.882 INFO             PET0 PIOc_sync Enter - MemInfo: [/proc/self/status]	VmHWM:	   37892 kB
20220314 061316.882 INFO             PET0 PIOc_sync Enter - MemInfo: [/proc/self/status]	VmRSS:	   37892 kB
20220314 061316.882 INFO             PET0 PIOc_sync Enter - MemInfo: [/proc/self/status]	VmData:	   45180 kB
20220314 061316.882 INFO             PET0 PIOc_sync Enter - MemInfo: [/proc/self/status]	VmStk:	     144 kB
20220314 061316.882 INFO             PET0 PIOc_sync Enter - MemInfo: [/proc/self/status]	VmExe:	     212 kB
20220314 061316.882 INFO             PET0 PIOc_sync Enter - MemInfo: [/proc/self/status]	VmLib:	   39920 kB
20220314 061316.882 INFO             PET0 PIOc_sync Enter - MemInfo: [/proc/self/status]	VmPTE:	     312 kB
20220314 061316.882 INFO             PET0 PIOc_sync Enter - MemInfo: [/proc/self/status]	VmPMD:	      28 kB
20220314 061316.882 INFO             PET0 PIOc_sync Enter - MemInfo: [/proc/self/status]	VmSwap:	       0 kB
20220314 061316.882 INFO             PET0 PIOc_sync Enter - MemInfo: [/proc/self/status]	VmRSSPercent: 0.0578442 %
20220314 061316.882 INFO             PET0 PIOc_sync Enter - MemInfo: [malloc] Non-mmapped space allocated:                42872832 Byte
20220314 061316.882 INFO             PET0 PIOc_sync Enter - MemInfo: [malloc] Space allocated in mmapped regions:                0 Byte
20220314 061316.882 INFO             PET0 PIOc_sync Enter - MemInfo: [malloc] Maximum total allocated space:                     0 Byte
20220314 061316.882 INFO             PET0 PIOc_sync Enter - MemInfo: [malloc] Space in freed fastbin blocks:                  2368 Byte
20220314 061316.882 INFO             PET0 PIOc_sync Enter - MemInfo: [malloc] Total allocated space:                      37365728 Byte
20220314 061316.882 INFO             PET0 PIOc_sync Enter - MemInfo: [malloc] Total free space:                            5507104 Byte
20220314 061316.882 INFO             PET0 PIOc_sync Enter - MemInfo: [malloc] Top-most, releasable space:                   470992 Byte
20220314 061316.882 INFO             PET0 PIOc_sync Enter - MemInfo: [malloc] Total space in use, mmap + non-mmap:        37365728 Byte
20220314 061316.882 INFO             PET0 PIOc_sync Enter - MemInfo: [malloc] Total space held (mmap + non-mmap):         42872832 Byte
20220314 061316.882 INFO             PET0 PIOc_sync Enter - MemInfo: [malloc] Total space used (mmap + non-mmap):         37375056 Byte
20220314 061316.882 INFO             PET0 PIOc_sync Enter - MemInfo: Wall-clock time since execution start:               0.262959 seconds
20220314 061316.882 INFO             PET0 PIOc_sync Exit - MemInfo: [/proc/meminfo - SSI]	MemTotal:       65507008 kB
20220314 061316.882 INFO             PET0 PIOc_sync Exit - MemInfo: [/proc/meminfo - SSI]	MemFree:        49885668 kB
20220314 061316.882 INFO             PET0 PIOc_sync Exit - MemInfo: [/proc/meminfo - SSI]	MemAvailable:   49634764 kB
20220314 061316.882 INFO             PET0 PIOc_sync Exit - MemInfo: [/proc/meminfo - SSI]	Committed_AS:   13264908 kB
20220314 061316.882 INFO             PET0 PIOc_sync Exit - MemInfo: [/proc/meminfo - SSI]	CommittedPercent: 20.2496 %
20220314 061316.882 INFO             PET0 PIOc_sync Exit - MemInfo: [/proc/self/status]	VmPeak:	65922708 kB
20220314 061316.882 INFO             PET0 PIOc_sync Exit - MemInfo: [/proc/self/status]	VmSize:	65914520 kB
20220314 061316.882 INFO             PET0 PIOc_sync Exit - MemInfo: [/proc/self/status]	VmLck:	       0 kB
20220314 061316.882 INFO             PET0 PIOc_sync Exit - MemInfo: [/proc/self/status]	VmPin:	       0 kB
20220314 061316.882 INFO             PET0 PIOc_sync Exit - MemInfo: [/proc/self/status]	VmHWM:	   37892 kB
20220314 061316.882 INFO             PET0 PIOc_sync Exit - MemInfo: [/proc/self/status]	VmRSS:	   37892 kB
20220314 061316.882 INFO             PET0 PIOc_sync Exit - MemInfo: [/proc/self/status]	VmData:	   45180 kB
20220314 061316.882 INFO             PET0 PIOc_sync Exit - MemInfo: [/proc/self/status]	VmStk:	     144 kB
20220314 061316.882 INFO             PET0 PIOc_sync Exit - MemInfo: [/proc/self/status]	VmExe:	     212 kB
20220314 061316.882 INFO             PET0 PIOc_sync Exit - MemInfo: [/proc/self/status]	VmLib:	   39920 kB
20220314 061316.882 INFO             PET0 PIOc_sync Exit - MemInfo: [/proc/self/status]	VmPTE:	     312 kB
20220314 061316.882 INFO             PET0 PIOc_sync Exit - MemInfo: [/proc/self/status]	VmPMD:	      28 kB
20220314 061316.882 INFO             PET0 PIOc_sync Exit - MemInfo: [/proc/self/status]	VmSwap:	       0 kB
20220314 061316.882 INFO             PET0 PIOc_sync Exit - MemInfo: [/proc/self/status]	VmRSSPercent: 0.0578442 %
20220314 061316.882 INFO             PET0 PIOc_sync Exit - MemInfo: [malloc] Non-mmapped space allocated:                42872832 Byte
20220314 061316.882 INFO             PET0 PIOc_sync Exit - MemInfo: [malloc] Space allocated in mmapped regions:                0 Byte
20220314 061316.882 INFO             PET0 PIOc_sync Exit - MemInfo: [malloc] Maximum total allocated space:                     0 Byte
20220314 061316.882 INFO             PET0 PIOc_sync Exit - MemInfo: [malloc] Space in freed fastbin blocks:                   928 Byte
20220314 061316.882 INFO             PET0 PIOc_sync Exit - MemInfo: [malloc] Total allocated space:                      37365344 Byte
20220314 061316.882 INFO             PET0 PIOc_sync Exit - MemInfo: [malloc] Total free space:                            5507488 Byte
20220314 061316.882 INFO             PET0 PIOc_sync Exit - MemInfo: [malloc] Top-most, releasable space:                   470992 Byte
20220314 061316.882 INFO             PET0 PIOc_sync Exit - MemInfo: [malloc] Total space in use, mmap + non-mmap:        37365344 Byte
20220314 061316.882 INFO             PET0 PIOc_sync Exit - MemInfo: [malloc] Total space held (mmap + non-mmap):         42872832 Byte
20220314 061316.882 INFO             PET0 PIOc_sync Exit - MemInfo: [malloc] Total space used (mmap + non-mmap):         37374672 Byte
20220314 061316.882 INFO             PET0 PIOc_sync Exit - MemInfo: Wall-clock time since execution start:               0.263333 seconds
20220314 061316.882 INFO             PET0 PIOc_freedecomp Enter - MemInfo: [/proc/meminfo - SSI]	MemTotal:       65507008 kB
20220314 061316.882 INFO             PET0 PIOc_freedecomp Enter - MemInfo: [/proc/meminfo - SSI]	MemFree:        49885668 kB
20220314 061316.882 INFO             PET0 PIOc_freedecomp Enter - MemInfo: [/proc/meminfo - SSI]	MemAvailable:   49634764 kB
20220314 061316.882 INFO             PET0 PIOc_freedecomp Enter - MemInfo: [/proc/meminfo - SSI]	Committed_AS:   13264908 kB
20220314 061316.882 INFO             PET0 PIOc_freedecomp Enter - MemInfo: [/proc/meminfo - SSI]	CommittedPercent: 20.2496 %
20220314 061316.882 INFO             PET0 PIOc_freedecomp Enter - MemInfo: [/proc/self/status]	VmPeak:	65922708 kB
20220314 061316.882 INFO             PET0 PIOc_freedecomp Enter - MemInfo: [/proc/self/status]	VmSize:	65914520 kB
20220314 061316.883 INFO             PET0 PIOc_freedecomp Enter - MemInfo: [/proc/self/status]	VmLck:	       0 kB
20220314 061316.883 INFO             PET0 PIOc_freedecomp Enter - MemInfo: [/proc/self/status]	VmPin:	       0 kB
20220314 061316.883 INFO             PET0 PIOc_freedecomp Enter - MemInfo: [/proc/self/status]	VmHWM:	   37892 kB
20220314 061316.883 INFO             PET0 PIOc_freedecomp Enter - MemInfo: [/proc/self/status]	VmRSS:	   37892 kB
20220314 061316.883 INFO             PET0 PIOc_freedecomp Enter - MemInfo: [/proc/self/status]	VmData:	   45180 kB
20220314 061316.883 INFO             PET0 PIOc_freedecomp Enter - MemInfo: [/proc/self/status]	VmStk:	     144 kB
20220314 061316.883 INFO             PET0 PIOc_freedecomp Enter - MemInfo: [/proc/self/status]	VmExe:	     212 kB
20220314 061316.883 INFO             PET0 PIOc_freedecomp Enter - MemInfo: [/proc/self/status]	VmLib:	   39920 kB
20220314 061316.883 INFO             PET0 PIOc_freedecomp Enter - MemInfo: [/proc/self/status]	VmPTE:	     312 kB
20220314 061316.883 INFO             PET0 PIOc_freedecomp Enter - MemInfo: [/proc/self/status]	VmPMD:	      28 kB
20220314 061316.883 INFO             PET0 PIOc_freedecomp Enter - MemInfo: [/proc/self/status]	VmSwap:	       0 kB
20220314 061316.883 INFO             PET0 PIOc_freedecomp Enter - MemInfo: [/proc/self/status]	VmRSSPercent: 0.0578442 %
20220314 061316.883 INFO             PET0 PIOc_freedecomp Enter - MemInfo: [malloc] Non-mmapped space allocated:                42872832 Byte
20220314 061316.883 INFO             PET0 PIOc_freedecomp Enter - MemInfo: [malloc] Space allocated in mmapped regions:                0 Byte
20220314 061316.883 INFO             PET0 PIOc_freedecomp Enter - MemInfo: [malloc] Maximum total allocated space:                     0 Byte
20220314 061316.883 INFO             PET0 PIOc_freedecomp Enter - MemInfo: [malloc] Space in freed fastbin blocks:                   912 Byte
20220314 061316.883 INFO             PET0 PIOc_freedecomp Enter - MemInfo: [malloc] Total allocated space:                      20048288 Byte
20220314 061316.883 INFO             PET0 PIOc_freedecomp Enter - MemInfo: [malloc] Total free space:                           22824544 Byte
20220314 061316.883 INFO             PET0 PIOc_freedecomp Enter - MemInfo: [malloc] Top-most, releasable space:                 17248224 Byte
20220314 061316.883 INFO             PET0 PIOc_freedecomp Enter - MemInfo: [malloc] Total space in use, mmap + non-mmap:        20048288 Byte
20220314 061316.883 INFO             PET0 PIOc_freedecomp Enter - MemInfo: [malloc] Total space held (mmap + non-mmap):         42872832 Byte
20220314 061316.883 INFO             PET0 PIOc_freedecomp Enter - MemInfo: [malloc] Total space used (mmap + non-mmap):         20057616 Byte
20220314 061316.883 INFO             PET0 PIOc_freedecomp Enter - MemInfo: Wall-clock time since execution start:               0.263684 seconds
20220314 061316.883 INFO             PET0 PIOc_freedecomp Exit - MemInfo: [/proc/meminfo - SSI]	MemTotal:       65507008 kB
20220314 061316.883 INFO             PET0 PIOc_freedecomp Exit - MemInfo: [/proc/meminfo - SSI]	MemFree:        49885668 kB
20220314 061316.883 INFO             PET0 PIOc_freedecomp Exit - MemInfo: [/proc/meminfo - SSI]	MemAvailable:   49634764 kB
20220314 061316.883 INFO             PET0 PIOc_freedecomp Exit - MemInfo: [/proc/meminfo - SSI]	Committed_AS:   13264908 kB
20220314 061316.883 INFO             PET0 PIOc_freedecomp Exit - MemInfo: [/proc/meminfo - SSI]	CommittedPercent: 20.2496 %
20220314 061316.883 INFO             PET0 PIOc_freedecomp Exit - MemInfo: [/proc/self/status]	VmPeak:	65922708 kB
20220314 061316.883 INFO             PET0 PIOc_freedecomp Exit - MemInfo: [/proc/self/status]	VmSize:	65914520 kB
20220314 061316.883 INFO             PET0 PIOc_freedecomp Exit - MemInfo: [/proc/self/status]	VmLck:	       0 kB
20220314 061316.883 INFO             PET0 PIOc_freedecomp Exit - MemInfo: [/proc/self/status]	VmPin:	       0 kB
20220314 061316.883 INFO             PET0 PIOc_freedecomp Exit - MemInfo: [/proc/self/status]	VmHWM:	   37892 kB
20220314 061316.883 INFO             PET0 PIOc_freedecomp Exit - MemInfo: [/proc/self/status]	VmRSS:	   37892 kB
20220314 061316.883 INFO             PET0 PIOc_freedecomp Exit - MemInfo: [/proc/self/status]	VmData:	   45180 kB
20220314 061316.883 INFO             PET0 PIOc_freedecomp Exit - MemInfo: [/proc/self/status]	VmStk:	     144 kB
20220314 061316.883 INFO             PET0 PIOc_freedecomp Exit - MemInfo: [/proc/self/status]	VmExe:	     212 kB
20220314 061316.883 INFO             PET0 PIOc_freedecomp Exit - MemInfo: [/proc/self/status]	VmLib:	   39920 kB
20220314 061316.883 INFO             PET0 PIOc_freedecomp Exit - MemInfo: [/proc/self/status]	VmPTE:	     312 kB
20220314 061316.883 INFO             PET0 PIOc_freedecomp Exit - MemInfo: [/proc/self/status]	VmPMD:	      28 kB
20220314 061316.883 INFO             PET0 PIOc_freedecomp Exit - MemInfo: [/proc/self/status]	VmSwap:	       0 kB
20220314 061316.883 INFO             PET0 PIOc_freedecomp Exit - MemInfo: [/proc/self/status]	VmRSSPercent: 0.0578442 %
20220314 061316.883 INFO             PET0 PIOc_freedecomp Exit - MemInfo: [malloc] Non-mmapped space allocated:                42872832 Byte
20220314 061316.883 INFO             PET0 PIOc_freedecomp Exit - MemInfo: [malloc] Space allocated in mmapped regions:                0 Byte
20220314 061316.883 INFO             PET0 PIOc_freedecomp Exit - MemInfo: [malloc] Maximum total allocated space:                     0 Byte
20220314 061316.883 INFO             PET0 PIOc_freedecomp Exit - MemInfo: [malloc] Space in freed fastbin blocks:                  1744 Byte
20220314 061316.883 INFO             PET0 PIOc_freedecomp Exit - MemInfo: [malloc] Total allocated space:                      20046480 Byte
20220314 061316.883 INFO             PET0 PIOc_freedecomp Exit - MemInfo: [malloc] Total free space:                           22826352 Byte
20220314 061316.883 INFO             PET0 PIOc_freedecomp Exit - MemInfo: [malloc] Top-most, releasable space:                 17248224 Byte
20220314 061316.883 INFO             PET0 PIOc_freedecomp Exit - MemInfo: [malloc] Total space in use, mmap + non-mmap:        20046480 Byte
20220314 061316.883 INFO             PET0 PIOc_freedecomp Exit - MemInfo: [malloc] Total space held (mmap + non-mmap):         42872832 Byte
20220314 061316.883 INFO             PET0 PIOc_freedecomp Exit - MemInfo: [malloc] Total space used (mmap + non-mmap):         20055808 Byte
20220314 061316.883 INFO             PET0 PIOc_freedecomp Exit - MemInfo: Wall-clock time since execution start:               0.264004 seconds
20220314 061316.885 INFO             PET0  PASS  Test RouteHandleDestroy(), ESMF_RouteHandleAdvancedUTest.F90, line 633
20220314 061316.885 INFO             PET0  PASS  Apply the copied Routehandle, ESMF_RouteHandleAdvancedUTest.F90, line 643
20220314 061316.885 INFO             PET0  PASS  Test RouteHandleDestroy() for the copied Routehandle, ESMF_RouteHandleAdvancedUTest.F90, line 651
20220314 061316.885 INFO             PET0  PASS  Test ESMF_DynamicMaskSetR4R4R4(), ESMF_RouteHandleAdvancedUTest.F90, line 716
20220314 061316.885 INFO             PET0  PASS  Test ESMF_DynamicMaskSetR4R4R4V(), ESMF_RouteHandleAdvancedUTest.F90, line 725
20220314 061316.885 INFO             PET0  PASS  Test ESMF_DynamicMaskSetR4R8R4V(), ESMF_RouteHandleAdvancedUTest.F90, line 734
20220314 061316.885 INFO             PET0  Ending Test, file ESMF_RouteHandleAdvancedUTest.F90, line 749
20220314 061316.885 INFO             PET0 Finalizing ESMF
20220314 061316.620 INFO             PET1 !!!!!!!!!!!!!!!!!!!!!!!!!!!!!!!!!!!!!!!!!!!!!!!!!!!!!!
20220314 061316.620 INFO             PET1 !!! THE ESMF_LOG IS SET TO OUTPUT ALL LOG MESSAGES !!!
20220314 061316.620 INFO             PET1 !!!     THIS MAY CAUSE SLOWDOWN IN PERFORMANCE     !!!
20220314 061316.620 INFO             PET1 !!! FOR PRODUCTION RUNS, USE:                      !!!
20220314 061316.620 INFO             PET1 !!!                   ESMF_LOGKIND_Multi_On_Error  !!!
20220314 061316.620 INFO             PET1 !!!!!!!!!!!!!!!!!!!!!!!!!!!!!!!!!!!!!!!!!!!!!!!!!!!!!!
20220314 061316.620 INFO             PET1 Running with ESMF Version   : v8.3.0b09-96-g559b459836
20220314 061316.620 INFO             PET1 ESMF library build date/time: "Mar 14 2022" "06:00:22"
20220314 061316.620 INFO             PET1 ESMF library build location : /glade/scratch/rlong/esmf-testing/gfortran_9.1.0_mpt_O_jedwards_pio_update2
20220314 061316.620 INFO             PET1 ESMF_COMM                   : mpt
20220314 061316.620 INFO             PET1 ESMF_MOAB                   : enabled
20220314 061316.620 INFO             PET1 ESMF_LAPACK                 : enabled
20220314 061316.620 INFO             PET1 ESMF_NETCDF                 : enabled
20220314 061316.620 INFO             PET1 ESMF_PNETCDF                : disabled
20220314 061316.620 INFO             PET1 ESMF_PIO                    : enabled
20220314 061316.620 INFO             PET1 ESMF_YAMLCPP                : enabled
20220314 061316.621 INFO             PET1  Beginning Test, file ESMF_RouteHandleAdvancedUTest.F90, line 346
20220314 061316.621 INFO             PET1  NUMBER_OF_PROCESSORS           4
20220314 061316.626 INFO             PET1 ESMF_FieldRedistStoreNF(): Just entered routine.
20220314 061316.741 INFO             PET1 ESMF_FieldRedistStoreNF(): Leaving routine.
20220314 061316.741 INFO             PET1  PASS  Create RouteHandle for the original petList, ESMF_RouteHandleAdvancedUTest.F90, line 511
20220314 061316.741 INFO             PET1  PASS  Test RouteHandleIsCreated(), ESMF_RouteHandleAdvancedUTest.F90, line 519
20220314 061316.741 INFO             PET1  PASS  Test RouteHandleIsCreated() return value, ESMF_RouteHandleAdvancedUTest.F90, line 526
20220314 061316.741 INFO             PET1  PASS  Test RouteHandleGet(), ESMF_RouteHandleAdvancedUTest.F90, line 534
20220314 061316.749 INFO             PET1  PASS  Test RouteHandleWrite(), ESMF_RouteHandleAdvancedUTest.F90, line 542
20220314 061316.749 INFO             PET1  PASS  Test RouteHandleDestroy(), ESMF_RouteHandleAdvancedUTest.F90, line 550
20220314 061316.750 INFO             PET1  PASS  Test RouteHandleCreate(from file), ESMF_RouteHandleAdvancedUTest.F90, line 558
20220314 061316.751 INFO             PET1  PASS  Apply the read in Routehandle, ESMF_RouteHandleAdvancedUTest.F90, line 567
20220314 061316.751 INFO             PET1  PASS  Test RouteHandleDestroy() for the read in Routehandle, ESMF_RouteHandleAdvancedUTest.F90, line 575
20220314 061316.751 INFO             PET1 ESMF_FieldRedistStoreNF(): Just entered routine.
20220314 061316.858 INFO             PET1 ESMF_FieldRedistStoreNF(): Leaving routine.
20220314 061316.858 INFO             PET1  PASS  Create RouteHandle for the original petList, ESMF_RouteHandleAdvancedUTest.F90, line 585
20220314 061316.858 INFO             PET1  PASS  Transfer RouteHandle to a different petList, ESMF_RouteHandleAdvancedUTest.F90, line 602
20220314 061316.872 INFO             PET1 PIOc_sync Enter - MemInfo: [/proc/meminfo - SSI]	MemTotal:       65507008 kB
20220314 061316.872 INFO             PET1 PIOc_sync Enter - MemInfo: [/proc/meminfo - SSI]	MemFree:        49885660 kB
20220314 061316.872 INFO             PET1 PIOc_sync Enter - MemInfo: [/proc/meminfo - SSI]	MemAvailable:   49634756 kB
20220314 061316.872 INFO             PET1 PIOc_sync Enter - MemInfo: [/proc/meminfo - SSI]	Committed_AS:   13264908 kB
20220314 061316.872 INFO             PET1 PIOc_sync Enter - MemInfo: [/proc/meminfo - SSI]	CommittedPercent: 20.2496 %
20220314 061316.875 INFO             PET1 PIOc_sync Enter - MemInfo: [/proc/self/status]	VmPeak:	65914520 kB
20220314 061316.875 INFO             PET1 PIOc_sync Enter - MemInfo: [/proc/self/status]	VmSize:	65914520 kB
20220314 061316.875 INFO             PET1 PIOc_sync Enter - MemInfo: [/proc/self/status]	VmLck:	       0 kB
20220314 061316.875 INFO             PET1 PIOc_sync Enter - MemInfo: [/proc/self/status]	VmPin:	       0 kB
20220314 061316.875 INFO             PET1 PIOc_sync Enter - MemInfo: [/proc/self/status]	VmHWM:	   24344 kB
20220314 061316.875 INFO             PET1 PIOc_sync Enter - MemInfo: [/proc/self/status]	VmRSS:	   24344 kB
20220314 061316.875 INFO             PET1 PIOc_sync Enter - MemInfo: [/proc/self/status]	VmData:	   45180 kB
20220314 061316.875 INFO             PET1 PIOc_sync Enter - MemInfo: [/proc/self/status]	VmStk:	     144 kB
20220314 061316.875 INFO             PET1 PIOc_sync Enter - MemInfo: [/proc/self/status]	VmExe:	     212 kB
20220314 061316.875 INFO             PET1 PIOc_sync Enter - MemInfo: [/proc/self/status]	VmLib:	   39920 kB
20220314 061316.875 INFO             PET1 PIOc_sync Enter - MemInfo: [/proc/self/status]	VmPTE:	     296 kB
20220314 061316.875 INFO             PET1 PIOc_sync Enter - MemInfo: [/proc/self/status]	VmPMD:	      28 kB
20220314 061316.875 INFO             PET1 PIOc_sync Enter - MemInfo: [/proc/self/status]	VmSwap:	       0 kB
20220314 061316.875 INFO             PET1 PIOc_sync Enter - MemInfo: [/proc/self/status]	VmRSSPercent: 0.0371624 %
20220314 061316.875 INFO             PET1 PIOc_sync Enter - MemInfo: [malloc] Non-mmapped space allocated:                42872832 Byte
20220314 061316.875 INFO             PET1 PIOc_sync Enter - MemInfo: [malloc] Space allocated in mmapped regions:                0 Byte
20220314 061316.875 INFO             PET1 PIOc_sync Enter - MemInfo: [malloc] Maximum total allocated space:                     0 Byte
20220314 061316.875 INFO             PET1 PIOc_sync Enter - MemInfo: [malloc] Space in freed fastbin blocks:                   944 Byte
20220314 061316.875 INFO             PET1 PIOc_sync Enter - MemInfo: [malloc] Total allocated space:                      19794176 Byte
20220314 061316.875 INFO             PET1 PIOc_sync Enter - MemInfo: [malloc] Total free space:                           23078656 Byte
20220314 061316.875 INFO             PET1 PIOc_sync Enter - MemInfo: [malloc] Top-most, releasable space:                 16934352 Byte
20220314 061316.875 INFO             PET1 PIOc_sync Enter - MemInfo: [malloc] Total space in use, mmap + non-mmap:        19794176 Byte
20220314 061316.875 INFO             PET1 PIOc_sync Enter - MemInfo: [malloc] Total space held (mmap + non-mmap):         42872832 Byte
20220314 061316.875 INFO             PET1 PIOc_sync Enter - MemInfo: [malloc] Total space used (mmap + non-mmap):         19803504 Byte
20220314 061316.875 INFO             PET1 PIOc_sync Enter - MemInfo: Wall-clock time since execution start:               0.256432 seconds
20220314 061316.876 INFO             PET1 PIOc_sync Exit - MemInfo: [/proc/meminfo - SSI]	MemTotal:       65507008 kB
20220314 061316.876 INFO             PET1 PIOc_sync Exit - MemInfo: [/proc/meminfo - SSI]	MemFree:        49885660 kB
20220314 061316.876 INFO             PET1 PIOc_sync Exit - MemInfo: [/proc/meminfo - SSI]	MemAvailable:   49634756 kB
20220314 061316.876 INFO             PET1 PIOc_sync Exit - MemInfo: [/proc/meminfo - SSI]	Committed_AS:   13264908 kB
20220314 061316.876 INFO             PET1 PIOc_sync Exit - MemInfo: [/proc/meminfo - SSI]	CommittedPercent: 20.2496 %
20220314 061316.876 INFO             PET1 PIOc_sync Exit - MemInfo: [/proc/self/status]	VmPeak:	65914520 kB
20220314 061316.876 INFO             PET1 PIOc_sync Exit - MemInfo: [/proc/self/status]	VmSize:	65914520 kB
20220314 061316.876 INFO             PET1 PIOc_sync Exit - MemInfo: [/proc/self/status]	VmLck:	       0 kB
20220314 061316.876 INFO             PET1 PIOc_sync Exit - MemInfo: [/proc/self/status]	VmPin:	       0 kB
20220314 061316.876 INFO             PET1 PIOc_sync Exit - MemInfo: [/proc/self/status]	VmHWM:	   24404 kB
20220314 061316.876 INFO             PET1 PIOc_sync Exit - MemInfo: [/proc/self/status]	VmRSS:	   24404 kB
20220314 061316.876 INFO             PET1 PIOc_sync Exit - MemInfo: [/proc/self/status]	VmData:	   45180 kB
20220314 061316.876 INFO             PET1 PIOc_sync Exit - MemInfo: [/proc/self/status]	VmStk:	     144 kB
20220314 061316.876 INFO             PET1 PIOc_sync Exit - MemInfo: [/proc/self/status]	VmExe:	     212 kB
20220314 061316.876 INFO             PET1 PIOc_sync Exit - MemInfo: [/proc/self/status]	VmLib:	   39920 kB
20220314 061316.876 INFO             PET1 PIOc_sync Exit - MemInfo: [/proc/self/status]	VmPTE:	     296 kB
20220314 061316.876 INFO             PET1 PIOc_sync Exit - MemInfo: [/proc/self/status]	VmPMD:	      28 kB
20220314 061316.876 INFO             PET1 PIOc_sync Exit - MemInfo: [/proc/self/status]	VmSwap:	       0 kB
20220314 061316.876 INFO             PET1 PIOc_sync Exit - MemInfo: [/proc/self/status]	VmRSSPercent: 0.037254 %
20220314 061316.876 INFO             PET1 PIOc_sync Exit - MemInfo: [malloc] Non-mmapped space allocated:                42872832 Byte
20220314 061316.876 INFO             PET1 PIOc_sync Exit - MemInfo: [malloc] Space allocated in mmapped regions:                0 Byte
20220314 061316.876 INFO             PET1 PIOc_sync Exit - MemInfo: [malloc] Maximum total allocated space:                     0 Byte
20220314 061316.876 INFO             PET1 PIOc_sync Exit - MemInfo: [malloc] Space in freed fastbin blocks:                  1472 Byte
20220314 061316.876 INFO             PET1 PIOc_sync Exit - MemInfo: [malloc] Total allocated space:                      19793456 Byte
20220314 061316.876 INFO             PET1 PIOc_sync Exit - MemInfo: [malloc] Total free space:                           23079376 Byte
20220314 061316.876 INFO             PET1 PIOc_sync Exit - MemInfo: [malloc] Top-most, releasable space:                 16934352 Byte
20220314 061316.876 INFO             PET1 PIOc_sync Exit - MemInfo: [malloc] Total space in use, mmap + non-mmap:        19793456 Byte
20220314 061316.876 INFO             PET1 PIOc_sync Exit - MemInfo: [malloc] Total space held (mmap + non-mmap):         42872832 Byte
20220314 061316.876 INFO             PET1 PIOc_sync Exit - MemInfo: [malloc] Total space used (mmap + non-mmap):         19802784 Byte
20220314 061316.876 INFO             PET1 PIOc_sync Exit - MemInfo: Wall-clock time since execution start:               0.256871 seconds
20220314 061316.876 INFO             PET1 PIOc_freedecomp Enter - MemInfo: [/proc/meminfo - SSI]	MemTotal:       65507008 kB
20220314 061316.876 INFO             PET1 PIOc_freedecomp Enter - MemInfo: [/proc/meminfo - SSI]	MemFree:        49885660 kB
20220314 061316.876 INFO             PET1 PIOc_freedecomp Enter - MemInfo: [/proc/meminfo - SSI]	MemAvailable:   49634756 kB
20220314 061316.876 INFO             PET1 PIOc_freedecomp Enter - MemInfo: [/proc/meminfo - SSI]	Committed_AS:   13264908 kB
20220314 061316.876 INFO             PET1 PIOc_freedecomp Enter - MemInfo: [/proc/meminfo - SSI]	CommittedPercent: 20.2496 %
20220314 061316.876 INFO             PET1 PIOc_freedecomp Enter - MemInfo: [/proc/self/status]	VmPeak:	65914520 kB
20220314 061316.876 INFO             PET1 PIOc_freedecomp Enter - MemInfo: [/proc/self/status]	VmSize:	65914520 kB
20220314 061316.876 INFO             PET1 PIOc_freedecomp Enter - MemInfo: [/proc/self/status]	VmLck:	       0 kB
20220314 061316.876 INFO             PET1 PIOc_freedecomp Enter - MemInfo: [/proc/self/status]	VmPin:	       0 kB
20220314 061316.876 INFO             PET1 PIOc_freedecomp Enter - MemInfo: [/proc/self/status]	VmHWM:	   24404 kB
20220314 061316.876 INFO             PET1 PIOc_freedecomp Enter - MemInfo: [/proc/self/status]	VmRSS:	   24404 kB
20220314 061316.876 INFO             PET1 PIOc_freedecomp Enter - MemInfo: [/proc/self/status]	VmData:	   45180 kB
20220314 061316.876 INFO             PET1 PIOc_freedecomp Enter - MemInfo: [/proc/self/status]	VmStk:	     144 kB
20220314 061316.876 INFO             PET1 PIOc_freedecomp Enter - MemInfo: [/proc/self/status]	VmExe:	     212 kB
20220314 061316.876 INFO             PET1 PIOc_freedecomp Enter - MemInfo: [/proc/self/status]	VmLib:	   39920 kB
20220314 061316.876 INFO             PET1 PIOc_freedecomp Enter - MemInfo: [/proc/self/status]	VmPTE:	     296 kB
20220314 061316.876 INFO             PET1 PIOc_freedecomp Enter - MemInfo: [/proc/self/status]	VmPMD:	      28 kB
20220314 061316.876 INFO             PET1 PIOc_freedecomp Enter - MemInfo: [/proc/self/status]	VmSwap:	       0 kB
20220314 061316.876 INFO             PET1 PIOc_freedecomp Enter - MemInfo: [/proc/self/status]	VmRSSPercent: 0.037254 %
20220314 061316.876 INFO             PET1 PIOc_freedecomp Enter - MemInfo: [malloc] Non-mmapped space allocated:                42872832 Byte
20220314 061316.876 INFO             PET1 PIOc_freedecomp Enter - MemInfo: [malloc] Space allocated in mmapped regions:                0 Byte
20220314 061316.876 INFO             PET1 PIOc_freedecomp Enter - MemInfo: [malloc] Maximum total allocated space:                     0 Byte
20220314 061316.876 INFO             PET1 PIOc_freedecomp Enter - MemInfo: [malloc] Space in freed fastbin blocks:                  1280 Byte
20220314 061316.876 INFO             PET1 PIOc_freedecomp Enter - MemInfo: [malloc] Total allocated space:                      19791808 Byte
20220314 061316.876 INFO             PET1 PIOc_freedecomp Enter - MemInfo: [malloc] Total free space:                           23081024 Byte
20220314 061316.876 INFO             PET1 PIOc_freedecomp Enter - MemInfo: [malloc] Top-most, releasable space:                 16934352 Byte
20220314 061316.876 INFO             PET1 PIOc_freedecomp Enter - MemInfo: [malloc] Total space in use, mmap + non-mmap:        19791808 Byte
20220314 061316.876 INFO             PET1 PIOc_freedecomp Enter - MemInfo: [malloc] Total space held (mmap + non-mmap):         42872832 Byte
20220314 061316.876 INFO             PET1 PIOc_freedecomp Enter - MemInfo: [malloc] Total space used (mmap + non-mmap):         19801136 Byte
20220314 061316.876 INFO             PET1 PIOc_freedecomp Enter - MemInfo: Wall-clock time since execution start:               0.257256 seconds
20220314 061316.876 INFO             PET1 PIOc_freedecomp Exit - MemInfo: [/proc/meminfo - SSI]	MemTotal:       65507008 kB
20220314 061316.876 INFO             PET1 PIOc_freedecomp Exit - MemInfo: [/proc/meminfo - SSI]	MemFree:        49885660 kB
20220314 061316.876 INFO             PET1 PIOc_freedecomp Exit - MemInfo: [/proc/meminfo - SSI]	MemAvailable:   49634756 kB
20220314 061316.876 INFO             PET1 PIOc_freedecomp Exit - MemInfo: [/proc/meminfo - SSI]	Committed_AS:   13264908 kB
20220314 061316.876 INFO             PET1 PIOc_freedecomp Exit - MemInfo: [/proc/meminfo - SSI]	CommittedPercent: 20.2496 %
20220314 061316.876 INFO             PET1 PIOc_freedecomp Exit - MemInfo: [/proc/self/status]	VmPeak:	65914520 kB
20220314 061316.876 INFO             PET1 PIOc_freedecomp Exit - MemInfo: [/proc/self/status]	VmSize:	65914520 kB
20220314 061316.876 INFO             PET1 PIOc_freedecomp Exit - MemInfo: [/proc/self/status]	VmLck:	       0 kB
20220314 061316.876 INFO             PET1 PIOc_freedecomp Exit - MemInfo: [/proc/self/status]	VmPin:	       0 kB
20220314 061316.876 INFO             PET1 PIOc_freedecomp Exit - MemInfo: [/proc/self/status]	VmHWM:	   24404 kB
20220314 061316.876 INFO             PET1 PIOc_freedecomp Exit - MemInfo: [/proc/self/status]	VmRSS:	   24404 kB
20220314 061316.876 INFO             PET1 PIOc_freedecomp Exit - MemInfo: [/proc/self/status]	VmData:	   45180 kB
20220314 061316.876 INFO             PET1 PIOc_freedecomp Exit - MemInfo: [/proc/self/status]	VmStk:	     144 kB
20220314 061316.876 INFO             PET1 PIOc_freedecomp Exit - MemInfo: [/proc/self/status]	VmExe:	     212 kB
20220314 061316.876 INFO             PET1 PIOc_freedecomp Exit - MemInfo: [/proc/self/status]	VmLib:	   39920 kB
20220314 061316.876 INFO             PET1 PIOc_freedecomp Exit - MemInfo: [/proc/self/status]	VmPTE:	     296 kB
20220314 061316.876 INFO             PET1 PIOc_freedecomp Exit - MemInfo: [/proc/self/status]	VmPMD:	      28 kB
20220314 061316.876 INFO             PET1 PIOc_freedecomp Exit - MemInfo: [/proc/self/status]	VmSwap:	       0 kB
20220314 061316.876 INFO             PET1 PIOc_freedecomp Exit - MemInfo: [/proc/self/status]	VmRSSPercent: 0.037254 %
20220314 061316.876 INFO             PET1 PIOc_freedecomp Exit - MemInfo: [malloc] Non-mmapped space allocated:                42872832 Byte
20220314 061316.877 INFO             PET1 PIOc_freedecomp Exit - MemInfo: [malloc] Space allocated in mmapped regions:                0 Byte
20220314 061316.877 INFO             PET1 PIOc_freedecomp Exit - MemInfo: [malloc] Maximum total allocated space:                     0 Byte
20220314 061316.877 INFO             PET1 PIOc_freedecomp Exit - MemInfo: [malloc] Space in freed fastbin blocks:                  1696 Byte
20220314 061316.877 INFO             PET1 PIOc_freedecomp Exit - MemInfo: [malloc] Total allocated space:                      19790480 Byte
20220314 061316.877 INFO             PET1 PIOc_freedecomp Exit - MemInfo: [malloc] Total free space:                           23082352 Byte
20220314 061316.877 INFO             PET1 PIOc_freedecomp Exit - MemInfo: [malloc] Top-most, releasable space:                 16934352 Byte
20220314 061316.877 INFO             PET1 PIOc_freedecomp Exit - MemInfo: [malloc] Total space in use, mmap + non-mmap:        19790480 Byte
20220314 061316.877 INFO             PET1 PIOc_freedecomp Exit - MemInfo: [malloc] Total space held (mmap + non-mmap):         42872832 Byte
20220314 061316.877 INFO             PET1 PIOc_freedecomp Exit - MemInfo: [malloc] Total space used (mmap + non-mmap):         19799808 Byte
20220314 061316.877 INFO             PET1 PIOc_freedecomp Exit - MemInfo: Wall-clock time since execution start:               0.257577 seconds
20220314 061316.878 INFO             PET1 PIOc_sync Enter - MemInfo: [/proc/meminfo - SSI]	MemTotal:       65507008 kB
20220314 061316.878 INFO             PET1 PIOc_sync Enter - MemInfo: [/proc/meminfo - SSI]	MemFree:        49885660 kB
20220314 061316.878 INFO             PET1 PIOc_sync Enter - MemInfo: [/proc/meminfo - SSI]	MemAvailable:   49634756 kB
20220314 061316.878 INFO             PET1 PIOc_sync Enter - MemInfo: [/proc/meminfo - SSI]	Committed_AS:   13264908 kB
20220314 061316.878 INFO             PET1 PIOc_sync Enter - MemInfo: [/proc/meminfo - SSI]	CommittedPercent: 20.2496 %
20220314 061316.878 INFO             PET1 PIOc_sync Enter - MemInfo: [/proc/self/status]	VmPeak:	65914520 kB
20220314 061316.878 INFO             PET1 PIOc_sync Enter - MemInfo: [/proc/self/status]	VmSize:	65914520 kB
20220314 061316.878 INFO             PET1 PIOc_sync Enter - MemInfo: [/proc/self/status]	VmLck:	       0 kB
20220314 061316.878 INFO             PET1 PIOc_sync Enter - MemInfo: [/proc/self/status]	VmPin:	       0 kB
20220314 061316.878 INFO             PET1 PIOc_sync Enter - MemInfo: [/proc/self/status]	VmHWM:	   24408 kB
20220314 061316.878 INFO             PET1 PIOc_sync Enter - MemInfo: [/proc/self/status]	VmRSS:	   24408 kB
20220314 061316.878 INFO             PET1 PIOc_sync Enter - MemInfo: [/proc/self/status]	VmData:	   45180 kB
20220314 061316.878 INFO             PET1 PIOc_sync Enter - MemInfo: [/proc/self/status]	VmStk:	     144 kB
20220314 061316.878 INFO             PET1 PIOc_sync Enter - MemInfo: [/proc/self/status]	VmExe:	     212 kB
20220314 061316.878 INFO             PET1 PIOc_sync Enter - MemInfo: [/proc/self/status]	VmLib:	   39920 kB
20220314 061316.878 INFO             PET1 PIOc_sync Enter - MemInfo: [/proc/self/status]	VmPTE:	     296 kB
20220314 061316.878 INFO             PET1 PIOc_sync Enter - MemInfo: [/proc/self/status]	VmPMD:	      28 kB
20220314 061316.878 INFO             PET1 PIOc_sync Enter - MemInfo: [/proc/self/status]	VmSwap:	       0 kB
20220314 061316.878 INFO             PET1 PIOc_sync Enter - MemInfo: [/proc/self/status]	VmRSSPercent: 0.0372601 %
20220314 061316.878 INFO             PET1 PIOc_sync Enter - MemInfo: [malloc] Non-mmapped space allocated:                42872832 Byte
20220314 061316.878 INFO             PET1 PIOc_sync Enter - MemInfo: [malloc] Space allocated in mmapped regions:                0 Byte
20220314 061316.878 INFO             PET1 PIOc_sync Enter - MemInfo: [malloc] Maximum total allocated space:                     0 Byte
20220314 061316.878 INFO             PET1 PIOc_sync Enter - MemInfo: [malloc] Space in freed fastbin blocks:                   944 Byte
20220314 061316.878 INFO             PET1 PIOc_sync Enter - MemInfo: [malloc] Total allocated space:                      19794320 Byte
20220314 061316.878 INFO             PET1 PIOc_sync Enter - MemInfo: [malloc] Total free space:                           23078512 Byte
20220314 061316.878 INFO             PET1 PIOc_sync Enter - MemInfo: [malloc] Top-most, releasable space:                 16934352 Byte
20220314 061316.878 INFO             PET1 PIOc_sync Enter - MemInfo: [malloc] Total space in use, mmap + non-mmap:        19794320 Byte
20220314 061316.878 INFO             PET1 PIOc_sync Enter - MemInfo: [malloc] Total space held (mmap + non-mmap):         42872832 Byte
20220314 061316.878 INFO             PET1 PIOc_sync Enter - MemInfo: [malloc] Total space used (mmap + non-mmap):         19803648 Byte
20220314 061316.878 INFO             PET1 PIOc_sync Enter - MemInfo: Wall-clock time since execution start:               0.258808 seconds
20220314 061316.878 INFO             PET1 PIOc_sync Exit - MemInfo: [/proc/meminfo - SSI]	MemTotal:       65507008 kB
20220314 061316.878 INFO             PET1 PIOc_sync Exit - MemInfo: [/proc/meminfo - SSI]	MemFree:        49885660 kB
20220314 061316.878 INFO             PET1 PIOc_sync Exit - MemInfo: [/proc/meminfo - SSI]	MemAvailable:   49634756 kB
20220314 061316.878 INFO             PET1 PIOc_sync Exit - MemInfo: [/proc/meminfo - SSI]	Committed_AS:   13264908 kB
20220314 061316.878 INFO             PET1 PIOc_sync Exit - MemInfo: [/proc/meminfo - SSI]	CommittedPercent: 20.2496 %
20220314 061316.878 INFO             PET1 PIOc_sync Exit - MemInfo: [/proc/self/status]	VmPeak:	65914520 kB
20220314 061316.878 INFO             PET1 PIOc_sync Exit - MemInfo: [/proc/self/status]	VmSize:	65914520 kB
20220314 061316.878 INFO             PET1 PIOc_sync Exit - MemInfo: [/proc/self/status]	VmLck:	       0 kB
20220314 061316.878 INFO             PET1 PIOc_sync Exit - MemInfo: [/proc/self/status]	VmPin:	       0 kB
20220314 061316.878 INFO             PET1 PIOc_sync Exit - MemInfo: [/proc/self/status]	VmHWM:	   24408 kB
20220314 061316.878 INFO             PET1 PIOc_sync Exit - MemInfo: [/proc/self/status]	VmRSS:	   24408 kB
20220314 061316.878 INFO             PET1 PIOc_sync Exit - MemInfo: [/proc/self/status]	VmData:	   45180 kB
20220314 061316.878 INFO             PET1 PIOc_sync Exit - MemInfo: [/proc/self/status]	VmStk:	     144 kB
20220314 061316.878 INFO             PET1 PIOc_sync Exit - MemInfo: [/proc/self/status]	VmExe:	     212 kB
20220314 061316.878 INFO             PET1 PIOc_sync Exit - MemInfo: [/proc/self/status]	VmLib:	   39920 kB
20220314 061316.878 INFO             PET1 PIOc_sync Exit - MemInfo: [/proc/self/status]	VmPTE:	     296 kB
20220314 061316.878 INFO             PET1 PIOc_sync Exit - MemInfo: [/proc/self/status]	VmPMD:	      28 kB
20220314 061316.878 INFO             PET1 PIOc_sync Exit - MemInfo: [/proc/self/status]	VmSwap:	       0 kB
20220314 061316.878 INFO             PET1 PIOc_sync Exit - MemInfo: [/proc/self/status]	VmRSSPercent: 0.0372601 %
20220314 061316.878 INFO             PET1 PIOc_sync Exit - MemInfo: [malloc] Non-mmapped space allocated:                42872832 Byte
20220314 061316.878 INFO             PET1 PIOc_sync Exit - MemInfo: [malloc] Space allocated in mmapped regions:                0 Byte
20220314 061316.878 INFO             PET1 PIOc_sync Exit - MemInfo: [malloc] Maximum total allocated space:                     0 Byte
20220314 061316.878 INFO             PET1 PIOc_sync Exit - MemInfo: [malloc] Space in freed fastbin blocks:                  1472 Byte
20220314 061316.878 INFO             PET1 PIOc_sync Exit - MemInfo: [malloc] Total allocated space:                      19793600 Byte
20220314 061316.878 INFO             PET1 PIOc_sync Exit - MemInfo: [malloc] Total free space:                           23079232 Byte
20220314 061316.878 INFO             PET1 PIOc_sync Exit - MemInfo: [malloc] Top-most, releasable space:                 16934352 Byte
20220314 061316.878 INFO             PET1 PIOc_sync Exit - MemInfo: [malloc] Total space in use, mmap + non-mmap:        19793600 Byte
20220314 061316.878 INFO             PET1 PIOc_sync Exit - MemInfo: [malloc] Total space held (mmap + non-mmap):         42872832 Byte
20220314 061316.878 INFO             PET1 PIOc_sync Exit - MemInfo: [malloc] Total space used (mmap + non-mmap):         19802928 Byte
20220314 061316.878 INFO             PET1 PIOc_sync Exit - MemInfo: Wall-clock time since execution start:               0.259181 seconds
20220314 061316.878 INFO             PET1 PIOc_freedecomp Enter - MemInfo: [/proc/meminfo - SSI]	MemTotal:       65507008 kB
20220314 061316.878 INFO             PET1 PIOc_freedecomp Enter - MemInfo: [/proc/meminfo - SSI]	MemFree:        49885660 kB
20220314 061316.878 INFO             PET1 PIOc_freedecomp Enter - MemInfo: [/proc/meminfo - SSI]	MemAvailable:   49634756 kB
20220314 061316.878 INFO             PET1 PIOc_freedecomp Enter - MemInfo: [/proc/meminfo - SSI]	Committed_AS:   13264908 kB
20220314 061316.878 INFO             PET1 PIOc_freedecomp Enter - MemInfo: [/proc/meminfo - SSI]	CommittedPercent: 20.2496 %
20220314 061316.878 INFO             PET1 PIOc_freedecomp Enter - MemInfo: [/proc/self/status]	VmPeak:	65914520 kB
20220314 061316.878 INFO             PET1 PIOc_freedecomp Enter - MemInfo: [/proc/self/status]	VmSize:	65914520 kB
20220314 061316.878 INFO             PET1 PIOc_freedecomp Enter - MemInfo: [/proc/self/status]	VmLck:	       0 kB
20220314 061316.878 INFO             PET1 PIOc_freedecomp Enter - MemInfo: [/proc/self/status]	VmPin:	       0 kB
20220314 061316.878 INFO             PET1 PIOc_freedecomp Enter - MemInfo: [/proc/self/status]	VmHWM:	   24408 kB
20220314 061316.878 INFO             PET1 PIOc_freedecomp Enter - MemInfo: [/proc/self/status]	VmRSS:	   24408 kB
20220314 061316.878 INFO             PET1 PIOc_freedecomp Enter - MemInfo: [/proc/self/status]	VmData:	   45180 kB
20220314 061316.878 INFO             PET1 PIOc_freedecomp Enter - MemInfo: [/proc/self/status]	VmStk:	     144 kB
20220314 061316.878 INFO             PET1 PIOc_freedecomp Enter - MemInfo: [/proc/self/status]	VmExe:	     212 kB
20220314 061316.878 INFO             PET1 PIOc_freedecomp Enter - MemInfo: [/proc/self/status]	VmLib:	   39920 kB
20220314 061316.878 INFO             PET1 PIOc_freedecomp Enter - MemInfo: [/proc/self/status]	VmPTE:	     296 kB
20220314 061316.878 INFO             PET1 PIOc_freedecomp Enter - MemInfo: [/proc/self/status]	VmPMD:	      28 kB
20220314 061316.878 INFO             PET1 PIOc_freedecomp Enter - MemInfo: [/proc/self/status]	VmSwap:	       0 kB
20220314 061316.878 INFO             PET1 PIOc_freedecomp Enter - MemInfo: [/proc/self/status]	VmRSSPercent: 0.0372601 %
20220314 061316.878 INFO             PET1 PIOc_freedecomp Enter - MemInfo: [malloc] Non-mmapped space allocated:                42872832 Byte
20220314 061316.878 INFO             PET1 PIOc_freedecomp Enter - MemInfo: [malloc] Space allocated in mmapped regions:                0 Byte
20220314 061316.878 INFO             PET1 PIOc_freedecomp Enter - MemInfo: [malloc] Maximum total allocated space:                     0 Byte
20220314 061316.878 INFO             PET1 PIOc_freedecomp Enter - MemInfo: [malloc] Space in freed fastbin blocks:                  1280 Byte
20220314 061316.878 INFO             PET1 PIOc_freedecomp Enter - MemInfo: [malloc] Total allocated space:                      19791824 Byte
20220314 061316.879 INFO             PET1 PIOc_freedecomp Enter - MemInfo: [malloc] Total free space:                           23081008 Byte
20220314 061316.879 INFO             PET1 PIOc_freedecomp Enter - MemInfo: [malloc] Top-most, releasable space:                 16934352 Byte
20220314 061316.879 INFO             PET1 PIOc_freedecomp Enter - MemInfo: [malloc] Total space in use, mmap + non-mmap:        19791824 Byte
20220314 061316.879 INFO             PET1 PIOc_freedecomp Enter - MemInfo: [malloc] Total space held (mmap + non-mmap):         42872832 Byte
20220314 061316.879 INFO             PET1 PIOc_freedecomp Enter - MemInfo: [malloc] Total space used (mmap + non-mmap):         19801152 Byte
20220314 061316.879 INFO             PET1 PIOc_freedecomp Enter - MemInfo: Wall-clock time since execution start:               0.259541 seconds
20220314 061316.879 INFO             PET1 PIOc_freedecomp Exit - MemInfo: [/proc/meminfo - SSI]	MemTotal:       65507008 kB
20220314 061316.879 INFO             PET1 PIOc_freedecomp Exit - MemInfo: [/proc/meminfo - SSI]	MemFree:        49885660 kB
20220314 061316.879 INFO             PET1 PIOc_freedecomp Exit - MemInfo: [/proc/meminfo - SSI]	MemAvailable:   49634756 kB
20220314 061316.879 INFO             PET1 PIOc_freedecomp Exit - MemInfo: [/proc/meminfo - SSI]	Committed_AS:   13264908 kB
20220314 061316.879 INFO             PET1 PIOc_freedecomp Exit - MemInfo: [/proc/meminfo - SSI]	CommittedPercent: 20.2496 %
20220314 061316.879 INFO             PET1 PIOc_freedecomp Exit - MemInfo: [/proc/self/status]	VmPeak:	65914520 kB
20220314 061316.879 INFO             PET1 PIOc_freedecomp Exit - MemInfo: [/proc/self/status]	VmSize:	65914520 kB
20220314 061316.879 INFO             PET1 PIOc_freedecomp Exit - MemInfo: [/proc/self/status]	VmLck:	       0 kB
20220314 061316.879 INFO             PET1 PIOc_freedecomp Exit - MemInfo: [/proc/self/status]	VmPin:	       0 kB
20220314 061316.879 INFO             PET1 PIOc_freedecomp Exit - MemInfo: [/proc/self/status]	VmHWM:	   24408 kB
20220314 061316.879 INFO             PET1 PIOc_freedecomp Exit - MemInfo: [/proc/self/status]	VmRSS:	   24408 kB
20220314 061316.879 INFO             PET1 PIOc_freedecomp Exit - MemInfo: [/proc/self/status]	VmData:	   45180 kB
20220314 061316.879 INFO             PET1 PIOc_freedecomp Exit - MemInfo: [/proc/self/status]	VmStk:	     144 kB
20220314 061316.879 INFO             PET1 PIOc_freedecomp Exit - MemInfo: [/proc/self/status]	VmExe:	     212 kB
20220314 061316.879 INFO             PET1 PIOc_freedecomp Exit - MemInfo: [/proc/self/status]	VmLib:	   39920 kB
20220314 061316.879 INFO             PET1 PIOc_freedecomp Exit - MemInfo: [/proc/self/status]	VmPTE:	     296 kB
20220314 061316.879 INFO             PET1 PIOc_freedecomp Exit - MemInfo: [/proc/self/status]	VmPMD:	      28 kB
20220314 061316.879 INFO             PET1 PIOc_freedecomp Exit - MemInfo: [/proc/self/status]	VmSwap:	       0 kB
20220314 061316.879 INFO             PET1 PIOc_freedecomp Exit - MemInfo: [/proc/self/status]	VmRSSPercent: 0.0372601 %
20220314 061316.879 INFO             PET1 PIOc_freedecomp Exit - MemInfo: [malloc] Non-mmapped space allocated:                42872832 Byte
20220314 061316.879 INFO             PET1 PIOc_freedecomp Exit - MemInfo: [malloc] Space allocated in mmapped regions:                0 Byte
20220314 061316.879 INFO             PET1 PIOc_freedecomp Exit - MemInfo: [malloc] Maximum total allocated space:                     0 Byte
20220314 061316.879 INFO             PET1 PIOc_freedecomp Exit - MemInfo: [malloc] Space in freed fastbin blocks:                  1712 Byte
20220314 061316.879 INFO             PET1 PIOc_freedecomp Exit - MemInfo: [malloc] Total allocated space:                      19790480 Byte
20220314 061316.879 INFO             PET1 PIOc_freedecomp Exit - MemInfo: [malloc] Total free space:                           23082352 Byte
20220314 061316.879 INFO             PET1 PIOc_freedecomp Exit - MemInfo: [malloc] Top-most, releasable space:                 16934352 Byte
20220314 061316.879 INFO             PET1 PIOc_freedecomp Exit - MemInfo: [malloc] Total space in use, mmap + non-mmap:        19790480 Byte
20220314 061316.879 INFO             PET1 PIOc_freedecomp Exit - MemInfo: [malloc] Total space held (mmap + non-mmap):         42872832 Byte
20220314 061316.879 INFO             PET1 PIOc_freedecomp Exit - MemInfo: [malloc] Total space used (mmap + non-mmap):         19799808 Byte
20220314 061316.879 INFO             PET1 PIOc_freedecomp Exit - MemInfo: Wall-clock time since execution start:               0.259858 seconds
20220314 061316.880 INFO             PET1 PIOc_sync Enter - MemInfo: [/proc/meminfo - SSI]	MemTotal:       65507008 kB
20220314 061316.880 INFO             PET1 PIOc_sync Enter - MemInfo: [/proc/meminfo - SSI]	MemFree:        49885660 kB
20220314 061316.880 INFO             PET1 PIOc_sync Enter - MemInfo: [/proc/meminfo - SSI]	MemAvailable:   49634756 kB
20220314 061316.880 INFO             PET1 PIOc_sync Enter - MemInfo: [/proc/meminfo - SSI]	Committed_AS:   13264908 kB
20220314 061316.880 INFO             PET1 PIOc_sync Enter - MemInfo: [/proc/meminfo - SSI]	CommittedPercent: 20.2496 %
20220314 061316.880 INFO             PET1 PIOc_sync Enter - MemInfo: [/proc/self/status]	VmPeak:	65914520 kB
20220314 061316.880 INFO             PET1 PIOc_sync Enter - MemInfo: [/proc/self/status]	VmSize:	65914520 kB
20220314 061316.880 INFO             PET1 PIOc_sync Enter - MemInfo: [/proc/self/status]	VmLck:	       0 kB
20220314 061316.880 INFO             PET1 PIOc_sync Enter - MemInfo: [/proc/self/status]	VmPin:	       0 kB
20220314 061316.880 INFO             PET1 PIOc_sync Enter - MemInfo: [/proc/self/status]	VmHWM:	   24408 kB
20220314 061316.880 INFO             PET1 PIOc_sync Enter - MemInfo: [/proc/self/status]	VmRSS:	   24408 kB
20220314 061316.880 INFO             PET1 PIOc_sync Enter - MemInfo: [/proc/self/status]	VmData:	   45180 kB
20220314 061316.880 INFO             PET1 PIOc_sync Enter - MemInfo: [/proc/self/status]	VmStk:	     144 kB
20220314 061316.880 INFO             PET1 PIOc_sync Enter - MemInfo: [/proc/self/status]	VmExe:	     212 kB
20220314 061316.880 INFO             PET1 PIOc_sync Enter - MemInfo: [/proc/self/status]	VmLib:	   39920 kB
20220314 061316.880 INFO             PET1 PIOc_sync Enter - MemInfo: [/proc/self/status]	VmPTE:	     296 kB
20220314 061316.880 INFO             PET1 PIOc_sync Enter - MemInfo: [/proc/self/status]	VmPMD:	      28 kB
20220314 061316.880 INFO             PET1 PIOc_sync Enter - MemInfo: [/proc/self/status]	VmSwap:	       0 kB
20220314 061316.880 INFO             PET1 PIOc_sync Enter - MemInfo: [/proc/self/status]	VmRSSPercent: 0.0372601 %
20220314 061316.880 INFO             PET1 PIOc_sync Enter - MemInfo: [malloc] Non-mmapped space allocated:                42872832 Byte
20220314 061316.880 INFO             PET1 PIOc_sync Enter - MemInfo: [malloc] Space allocated in mmapped regions:                0 Byte
20220314 061316.880 INFO             PET1 PIOc_sync Enter - MemInfo: [malloc] Maximum total allocated space:                     0 Byte
20220314 061316.880 INFO             PET1 PIOc_sync Enter - MemInfo: [malloc] Space in freed fastbin blocks:                   944 Byte
20220314 061316.880 INFO             PET1 PIOc_sync Enter - MemInfo: [malloc] Total allocated space:                      19794448 Byte
20220314 061316.880 INFO             PET1 PIOc_sync Enter - MemInfo: [malloc] Total free space:                           23078384 Byte
20220314 061316.880 INFO             PET1 PIOc_sync Enter - MemInfo: [malloc] Top-most, releasable space:                 16934352 Byte
20220314 061316.880 INFO             PET1 PIOc_sync Enter - MemInfo: [malloc] Total space in use, mmap + non-mmap:        19794448 Byte
20220314 061316.880 INFO             PET1 PIOc_sync Enter - MemInfo: [malloc] Total space held (mmap + non-mmap):         42872832 Byte
20220314 061316.880 INFO             PET1 PIOc_sync Enter - MemInfo: [malloc] Total space used (mmap + non-mmap):         19803776 Byte
