build time -- 2022-03-14 06:02:13.813869
20220314 061514.029 INFO             PET0 !!!!!!!!!!!!!!!!!!!!!!!!!!!!!!!!!!!!!!!!!!!!!!!!!!!!!!
20220314 061514.029 INFO             PET0 !!! THE ESMF_LOG IS SET TO OUTPUT ALL LOG MESSAGES !!!
20220314 061514.029 INFO             PET0 !!!     THIS MAY CAUSE SLOWDOWN IN PERFORMANCE     !!!
20220314 061514.029 INFO             PET0 !!! FOR PRODUCTION RUNS, USE:                      !!!
20220314 061514.029 INFO             PET0 !!!                   ESMF_LOGKIND_Multi_On_Error  !!!
20220314 061514.029 INFO             PET0 !!!!!!!!!!!!!!!!!!!!!!!!!!!!!!!!!!!!!!!!!!!!!!!!!!!!!!
20220314 061514.029 INFO             PET0 Running with ESMF Version   : v8.3.0b09-96-g559b459836
20220314 061514.029 INFO             PET0 ESMF library build date/time: "Mar 14 2022" "06:00:22"
20220314 061514.029 INFO             PET0 ESMF library build location : /glade/scratch/rlong/esmf-testing/gfortran_9.1.0_mpt_O_jedwards_pio_update2
20220314 061514.029 INFO             PET0 ESMF_COMM                   : mpt
20220314 061514.029 INFO             PET0 ESMF_MOAB                   : enabled
20220314 061514.029 INFO             PET0 ESMF_LAPACK                 : enabled
20220314 061514.029 INFO             PET0 ESMF_NETCDF                 : enabled
20220314 061514.029 INFO             PET0 ESMF_PNETCDF                : disabled
20220314 061514.029 INFO             PET0 ESMF_PIO                    : enabled
20220314 061514.029 INFO             PET0 ESMF_YAMLCPP                : enabled
20220314 061514.030 INFO             PET0  Beginning Test, file ESMF_FieldSMMFromFileUTest.F90, line 287
20220314 061514.030 INFO             PET0  NUMBER_OF_PROCESSORS           4
20220314 061514.178 INFO             PET0  PASS  ESMF_FieldSMMFromFile Unit Test, ESMF_FieldSMMFromFileUTest.F90, line 300
20220314 061514.184 INFO             PET0 PIOc_sync Enter - MemInfo: [/proc/meminfo - SSI]	MemTotal:       65507008 kB
20220314 061514.184 INFO             PET0 PIOc_sync Enter - MemInfo: [/proc/meminfo - SSI]	MemFree:        49809460 kB
20220314 061514.184 INFO             PET0 PIOc_sync Enter - MemInfo: [/proc/meminfo - SSI]	MemAvailable:   49567828 kB
20220314 061514.184 INFO             PET0 PIOc_sync Enter - MemInfo: [/proc/meminfo - SSI]	Committed_AS:   13372492 kB
20220314 061514.184 INFO             PET0 PIOc_sync Enter - MemInfo: [/proc/meminfo - SSI]	CommittedPercent: 20.4138 %
20220314 061514.184 INFO             PET0 PIOc_sync Enter - MemInfo: [/proc/self/status]	VmPeak:	65984308 kB
20220314 061514.184 INFO             PET0 PIOc_sync Enter - MemInfo: [/proc/self/status]	VmSize:	65976120 kB
20220314 061514.184 INFO             PET0 PIOc_sync Enter - MemInfo: [/proc/self/status]	VmLck:	       0 kB
20220314 061514.184 INFO             PET0 PIOc_sync Enter - MemInfo: [/proc/self/status]	VmPin:	       0 kB
20220314 061514.184 INFO             PET0 PIOc_sync Enter - MemInfo: [/proc/self/status]	VmHWM:	   70788 kB
20220314 061514.184 INFO             PET0 PIOc_sync Enter - MemInfo: [/proc/self/status]	VmRSS:	   69332 kB
20220314 061514.184 INFO             PET0 PIOc_sync Enter - MemInfo: [/proc/self/status]	VmData:	  106792 kB
20220314 061514.184 INFO             PET0 PIOc_sync Enter - MemInfo: [/proc/self/status]	VmStk:	     144 kB
20220314 061514.184 INFO             PET0 PIOc_sync Enter - MemInfo: [/proc/self/status]	VmExe:	     200 kB
20220314 061514.184 INFO             PET0 PIOc_sync Enter - MemInfo: [/proc/self/status]	VmLib:	   39920 kB
20220314 061514.184 INFO             PET0 PIOc_sync Enter - MemInfo: [/proc/self/status]	VmPTE:	     380 kB
20220314 061514.184 INFO             PET0 PIOc_sync Enter - MemInfo: [/proc/self/status]	VmPMD:	      28 kB
20220314 061514.184 INFO             PET0 PIOc_sync Enter - MemInfo: [/proc/self/status]	VmSwap:	       0 kB
20220314 061514.184 INFO             PET0 PIOc_sync Enter - MemInfo: [/proc/self/status]	VmRSSPercent: 0.105839 %
20220314 061514.184 INFO             PET0 PIOc_sync Enter - MemInfo: [malloc] Non-mmapped space allocated:               105963520 Byte
20220314 061514.185 INFO             PET0 PIOc_sync Enter - MemInfo: [malloc] Space allocated in mmapped regions:                0 Byte
20220314 061514.185 INFO             PET0 PIOc_sync Enter - MemInfo: [malloc] Maximum total allocated space:                     0 Byte
20220314 061514.185 INFO             PET0 PIOc_sync Enter - MemInfo: [malloc] Space in freed fastbin blocks:                   944 Byte
20220314 061514.185 INFO             PET0 PIOc_sync Enter - MemInfo: [malloc] Total allocated space:                      86943072 Byte
20220314 061514.185 INFO             PET0 PIOc_sync Enter - MemInfo: [malloc] Total free space:                           19020448 Byte
20220314 061514.185 INFO             PET0 PIOc_sync Enter - MemInfo: [malloc] Top-most, releasable space:                 16909664 Byte
20220314 061514.185 INFO             PET0 PIOc_sync Enter - MemInfo: [malloc] Total space in use, mmap + non-mmap:        86943072 Byte
20220314 061514.185 INFO             PET0 PIOc_sync Enter - MemInfo: [malloc] Total space held (mmap + non-mmap):        105963520 Byte
20220314 061514.185 INFO             PET0 PIOc_sync Enter - MemInfo: [malloc] Total space used (mmap + non-mmap):         86952400 Byte
20220314 061514.185 INFO             PET0 PIOc_sync Enter - MemInfo: Wall-clock time since execution start:               0.156838 seconds
20220314 061514.188 INFO             PET0 PIOc_sync Exit - MemInfo: [/proc/meminfo - SSI]	MemTotal:       65507008 kB
20220314 061514.188 INFO             PET0 PIOc_sync Exit - MemInfo: [/proc/meminfo - SSI]	MemFree:        49809460 kB
20220314 061514.188 INFO             PET0 PIOc_sync Exit - MemInfo: [/proc/meminfo - SSI]	MemAvailable:   49567828 kB
20220314 061514.188 INFO             PET0 PIOc_sync Exit - MemInfo: [/proc/meminfo - SSI]	Committed_AS:   13372492 kB
20220314 061514.188 INFO             PET0 PIOc_sync Exit - MemInfo: [/proc/meminfo - SSI]	CommittedPercent: 20.4138 %
20220314 061514.188 INFO             PET0 PIOc_sync Exit - MemInfo: [/proc/self/status]	VmPeak:	65984308 kB
20220314 061514.188 INFO             PET0 PIOc_sync Exit - MemInfo: [/proc/self/status]	VmSize:	65976120 kB
20220314 061514.188 INFO             PET0 PIOc_sync Exit - MemInfo: [/proc/self/status]	VmLck:	       0 kB
20220314 061514.188 INFO             PET0 PIOc_sync Exit - MemInfo: [/proc/self/status]	VmPin:	       0 kB
20220314 061514.188 INFO             PET0 PIOc_sync Exit - MemInfo: [/proc/self/status]	VmHWM:	   70788 kB
20220314 061514.188 INFO             PET0 PIOc_sync Exit - MemInfo: [/proc/self/status]	VmRSS:	   69364 kB
20220314 061514.188 INFO             PET0 PIOc_sync Exit - MemInfo: [/proc/self/status]	VmData:	  106792 kB
20220314 061514.188 INFO             PET0 PIOc_sync Exit - MemInfo: [/proc/self/status]	VmStk:	     144 kB
20220314 061514.188 INFO             PET0 PIOc_sync Exit - MemInfo: [/proc/self/status]	VmExe:	     200 kB
20220314 061514.188 INFO             PET0 PIOc_sync Exit - MemInfo: [/proc/self/status]	VmLib:	   39920 kB
20220314 061514.188 INFO             PET0 PIOc_sync Exit - MemInfo: [/proc/self/status]	VmPTE:	     380 kB
20220314 061514.188 INFO             PET0 PIOc_sync Exit - MemInfo: [/proc/self/status]	VmPMD:	      28 kB
20220314 061514.188 INFO             PET0 PIOc_sync Exit - MemInfo: [/proc/self/status]	VmSwap:	       0 kB
20220314 061514.188 INFO             PET0 PIOc_sync Exit - MemInfo: [/proc/self/status]	VmRSSPercent: 0.105888 %
20220314 061514.188 INFO             PET0 PIOc_sync Exit - MemInfo: [malloc] Non-mmapped space allocated:               105963520 Byte
20220314 061514.188 INFO             PET0 PIOc_sync Exit - MemInfo: [malloc] Space allocated in mmapped regions:                0 Byte
20220314 061514.188 INFO             PET0 PIOc_sync Exit - MemInfo: [malloc] Maximum total allocated space:                     0 Byte
20220314 061514.188 INFO             PET0 PIOc_sync Exit - MemInfo: [malloc] Space in freed fastbin blocks:                  1024 Byte
20220314 061514.188 INFO             PET0 PIOc_sync Exit - MemInfo: [malloc] Total allocated space:                      86942000 Byte
20220314 061514.188 INFO             PET0 PIOc_sync Exit - MemInfo: [malloc] Total free space:                           19021520 Byte
20220314 061514.188 INFO             PET0 PIOc_sync Exit - MemInfo: [malloc] Top-most, releasable space:                 16909664 Byte
20220314 061514.188 INFO             PET0 PIOc_sync Exit - MemInfo: [malloc] Total space in use, mmap + non-mmap:        86942000 Byte
20220314 061514.188 INFO             PET0 PIOc_sync Exit - MemInfo: [malloc] Total space held (mmap + non-mmap):        105963520 Byte
20220314 061514.188 INFO             PET0 PIOc_sync Exit - MemInfo: [malloc] Total space used (mmap + non-mmap):         86951328 Byte
20220314 061514.188 INFO             PET0 PIOc_sync Exit - MemInfo: Wall-clock time since execution start:                0.15968 seconds
20220314 061514.188 INFO             PET0 PIOc_freedecomp Enter - MemInfo: [/proc/meminfo - SSI]	MemTotal:       65507008 kB
20220314 061514.188 INFO             PET0 PIOc_freedecomp Enter - MemInfo: [/proc/meminfo - SSI]	MemFree:        49809460 kB
20220314 061514.188 INFO             PET0 PIOc_freedecomp Enter - MemInfo: [/proc/meminfo - SSI]	MemAvailable:   49567828 kB
20220314 061514.188 INFO             PET0 PIOc_freedecomp Enter - MemInfo: [/proc/meminfo - SSI]	Committed_AS:   13372492 kB
20220314 061514.188 INFO             PET0 PIOc_freedecomp Enter - MemInfo: [/proc/meminfo - SSI]	CommittedPercent: 20.4138 %
20220314 061514.188 INFO             PET0 PIOc_freedecomp Enter - MemInfo: [/proc/self/status]	VmPeak:	65984308 kB
20220314 061514.188 INFO             PET0 PIOc_freedecomp Enter - MemInfo: [/proc/self/status]	VmSize:	65976120 kB
20220314 061514.188 INFO             PET0 PIOc_freedecomp Enter - MemInfo: [/proc/self/status]	VmLck:	       0 kB
20220314 061514.188 INFO             PET0 PIOc_freedecomp Enter - MemInfo: [/proc/self/status]	VmPin:	       0 kB
20220314 061514.188 INFO             PET0 PIOc_freedecomp Enter - MemInfo: [/proc/self/status]	VmHWM:	   70788 kB
20220314 061514.188 INFO             PET0 PIOc_freedecomp Enter - MemInfo: [/proc/self/status]	VmRSS:	   69364 kB
20220314 061514.188 INFO             PET0 PIOc_freedecomp Enter - MemInfo: [/proc/self/status]	VmData:	  106792 kB
20220314 061514.188 INFO             PET0 PIOc_freedecomp Enter - MemInfo: [/proc/self/status]	VmStk:	     144 kB
20220314 061514.188 INFO             PET0 PIOc_freedecomp Enter - MemInfo: [/proc/self/status]	VmExe:	     200 kB
20220314 061514.188 INFO             PET0 PIOc_freedecomp Enter - MemInfo: [/proc/self/status]	VmLib:	   39920 kB
20220314 061514.188 INFO             PET0 PIOc_freedecomp Enter - MemInfo: [/proc/self/status]	VmPTE:	     380 kB
20220314 061514.188 INFO             PET0 PIOc_freedecomp Enter - MemInfo: [/proc/self/status]	VmPMD:	      28 kB
20220314 061514.188 INFO             PET0 PIOc_freedecomp Enter - MemInfo: [/proc/self/status]	VmSwap:	       0 kB
20220314 061514.188 INFO             PET0 PIOc_freedecomp Enter - MemInfo: [/proc/self/status]	VmRSSPercent: 0.105888 %
20220314 061514.188 INFO             PET0 PIOc_freedecomp Enter - MemInfo: [malloc] Non-mmapped space allocated:               105963520 Byte
20220314 061514.188 INFO             PET0 PIOc_freedecomp Enter - MemInfo: [malloc] Space allocated in mmapped regions:                0 Byte
20220314 061514.188 INFO             PET0 PIOc_freedecomp Enter - MemInfo: [malloc] Maximum total allocated space:                     0 Byte
20220314 061514.188 INFO             PET0 PIOc_freedecomp Enter - MemInfo: [malloc] Space in freed fastbin blocks:                  1520 Byte
20220314 061514.188 INFO             PET0 PIOc_freedecomp Enter - MemInfo: [malloc] Total allocated space:                      70151600 Byte
20220314 061514.188 INFO             PET0 PIOc_freedecomp Enter - MemInfo: [malloc] Total free space:                           35811920 Byte
20220314 061514.188 INFO             PET0 PIOc_freedecomp Enter - MemInfo: [malloc] Top-most, releasable space:                 16909664 Byte
20220314 061514.188 INFO             PET0 PIOc_freedecomp Enter - MemInfo: [malloc] Total space in use, mmap + non-mmap:        70151600 Byte
20220314 061514.188 INFO             PET0 PIOc_freedecomp Enter - MemInfo: [malloc] Total space held (mmap + non-mmap):        105963520 Byte
20220314 061514.188 INFO             PET0 PIOc_freedecomp Enter - MemInfo: [malloc] Total space used (mmap + non-mmap):         70160928 Byte
20220314 061514.188 INFO             PET0 PIOc_freedecomp Enter - MemInfo: Wall-clock time since execution start:                0.16005 seconds
20220314 061514.188 INFO             PET0 PIOc_freedecomp Exit - MemInfo: [/proc/meminfo - SSI]	MemTotal:       65507008 kB
20220314 061514.189 INFO             PET0 PIOc_freedecomp Exit - MemInfo: [/proc/meminfo - SSI]	MemFree:        49809460 kB
20220314 061514.189 INFO             PET0 PIOc_freedecomp Exit - MemInfo: [/proc/meminfo - SSI]	MemAvailable:   49567828 kB
20220314 061514.189 INFO             PET0 PIOc_freedecomp Exit - MemInfo: [/proc/meminfo - SSI]	Committed_AS:   13372492 kB
20220314 061514.189 INFO             PET0 PIOc_freedecomp Exit - MemInfo: [/proc/meminfo - SSI]	CommittedPercent: 20.4138 %
20220314 061514.189 INFO             PET0 PIOc_freedecomp Exit - MemInfo: [/proc/self/status]	VmPeak:	65984308 kB
20220314 061514.189 INFO             PET0 PIOc_freedecomp Exit - MemInfo: [/proc/self/status]	VmSize:	65976120 kB
20220314 061514.189 INFO             PET0 PIOc_freedecomp Exit - MemInfo: [/proc/self/status]	VmLck:	       0 kB
20220314 061514.189 INFO             PET0 PIOc_freedecomp Exit - MemInfo: [/proc/self/status]	VmPin:	       0 kB
20220314 061514.189 INFO             PET0 PIOc_freedecomp Exit - MemInfo: [/proc/self/status]	VmHWM:	   70788 kB
20220314 061514.189 INFO             PET0 PIOc_freedecomp Exit - MemInfo: [/proc/self/status]	VmRSS:	   69364 kB
20220314 061514.189 INFO             PET0 PIOc_freedecomp Exit - MemInfo: [/proc/self/status]	VmData:	  106792 kB
20220314 061514.189 INFO             PET0 PIOc_freedecomp Exit - MemInfo: [/proc/self/status]	VmStk:	     144 kB
20220314 061514.189 INFO             PET0 PIOc_freedecomp Exit - MemInfo: [/proc/self/status]	VmExe:	     200 kB
20220314 061514.189 INFO             PET0 PIOc_freedecomp Exit - MemInfo: [/proc/self/status]	VmLib:	   39920 kB
20220314 061514.189 INFO             PET0 PIOc_freedecomp Exit - MemInfo: [/proc/self/status]	VmPTE:	     380 kB
20220314 061514.189 INFO             PET0 PIOc_freedecomp Exit - MemInfo: [/proc/self/status]	VmPMD:	      28 kB
20220314 061514.189 INFO             PET0 PIOc_freedecomp Exit - MemInfo: [/proc/self/status]	VmSwap:	       0 kB
20220314 061514.189 INFO             PET0 PIOc_freedecomp Exit - MemInfo: [/proc/self/status]	VmRSSPercent: 0.105888 %
20220314 061514.189 INFO             PET0 PIOc_freedecomp Exit - MemInfo: [malloc] Non-mmapped space allocated:               105963520 Byte
20220314 061514.189 INFO             PET0 PIOc_freedecomp Exit - MemInfo: [malloc] Space allocated in mmapped regions:                0 Byte
20220314 061514.189 INFO             PET0 PIOc_freedecomp Exit - MemInfo: [malloc] Maximum total allocated space:                     0 Byte
20220314 061514.189 INFO             PET0 PIOc_freedecomp Exit - MemInfo: [malloc] Space in freed fastbin blocks:                  2256 Byte
20220314 061514.189 INFO             PET0 PIOc_freedecomp Exit - MemInfo: [malloc] Total allocated space:                      70147088 Byte
20220314 061514.189 INFO             PET0 PIOc_freedecomp Exit - MemInfo: [malloc] Total free space:                           35816432 Byte
20220314 061514.189 INFO             PET0 PIOc_freedecomp Exit - MemInfo: [malloc] Top-most, releasable space:                 16909664 Byte
20220314 061514.189 INFO             PET0 PIOc_freedecomp Exit - MemInfo: [malloc] Total space in use, mmap + non-mmap:        70147088 Byte
20220314 061514.189 INFO             PET0 PIOc_freedecomp Exit - MemInfo: [malloc] Total space held (mmap + non-mmap):        105963520 Byte
20220314 061514.189 INFO             PET0 PIOc_freedecomp Exit - MemInfo: [malloc] Total space used (mmap + non-mmap):         70156416 Byte
20220314 061514.189 INFO             PET0 PIOc_freedecomp Exit - MemInfo: Wall-clock time since execution start:                0.16039 seconds
20220314 061514.190 INFO             PET0 PIOc_sync Enter - MemInfo: [/proc/meminfo - SSI]	MemTotal:       65507008 kB
20220314 061514.190 INFO             PET0 PIOc_sync Enter - MemInfo: [/proc/meminfo - SSI]	MemFree:        49809460 kB
20220314 061514.190 INFO             PET0 PIOc_sync Enter - MemInfo: [/proc/meminfo - SSI]	MemAvailable:   49567828 kB
20220314 061514.190 INFO             PET0 PIOc_sync Enter - MemInfo: [/proc/meminfo - SSI]	Committed_AS:   13372492 kB
20220314 061514.190 INFO             PET0 PIOc_sync Enter - MemInfo: [/proc/meminfo - SSI]	CommittedPercent: 20.4138 %
20220314 061514.190 INFO             PET0 PIOc_sync Enter - MemInfo: [/proc/self/status]	VmPeak:	65984308 kB
20220314 061514.190 INFO             PET0 PIOc_sync Enter - MemInfo: [/proc/self/status]	VmSize:	65976120 kB
20220314 061514.190 INFO             PET0 PIOc_sync Enter - MemInfo: [/proc/self/status]	VmLck:	       0 kB
20220314 061514.190 INFO             PET0 PIOc_sync Enter - MemInfo: [/proc/self/status]	VmPin:	       0 kB
20220314 061514.190 INFO             PET0 PIOc_sync Enter - MemInfo: [/proc/self/status]	VmHWM:	   70788 kB
20220314 061514.190 INFO             PET0 PIOc_sync Enter - MemInfo: [/proc/self/status]	VmRSS:	   69372 kB
20220314 061514.190 INFO             PET0 PIOc_sync Enter - MemInfo: [/proc/self/status]	VmData:	  106792 kB
20220314 061514.190 INFO             PET0 PIOc_sync Enter - MemInfo: [/proc/self/status]	VmStk:	     144 kB
20220314 061514.190 INFO             PET0 PIOc_sync Enter - MemInfo: [/proc/self/status]	VmExe:	     200 kB
20220314 061514.190 INFO             PET0 PIOc_sync Enter - MemInfo: [/proc/self/status]	VmLib:	   39920 kB
20220314 061514.190 INFO             PET0 PIOc_sync Enter - MemInfo: [/proc/self/status]	VmPTE:	     380 kB
20220314 061514.190 INFO             PET0 PIOc_sync Enter - MemInfo: [/proc/self/status]	VmPMD:	      28 kB
20220314 061514.190 INFO             PET0 PIOc_sync Enter - MemInfo: [/proc/self/status]	VmSwap:	       0 kB
20220314 061514.190 INFO             PET0 PIOc_sync Enter - MemInfo: [/proc/self/status]	VmRSSPercent: 0.1059 %
20220314 061514.190 INFO             PET0 PIOc_sync Enter - MemInfo: [malloc] Non-mmapped space allocated:               105963520 Byte
20220314 061514.190 INFO             PET0 PIOc_sync Enter - MemInfo: [malloc] Space allocated in mmapped regions:                0 Byte
20220314 061514.190 INFO             PET0 PIOc_sync Enter - MemInfo: [malloc] Maximum total allocated space:                     0 Byte
20220314 061514.190 INFO             PET0 PIOc_sync Enter - MemInfo: [malloc] Space in freed fastbin blocks:                  1248 Byte
20220314 061514.190 INFO             PET0 PIOc_sync Enter - MemInfo: [malloc] Total allocated space:                      86943264 Byte
20220314 061514.190 INFO             PET0 PIOc_sync Enter - MemInfo: [malloc] Total free space:                           19020256 Byte
20220314 061514.190 INFO             PET0 PIOc_sync Enter - MemInfo: [malloc] Top-most, releasable space:                 16909664 Byte
20220314 061514.190 INFO             PET0 PIOc_sync Enter - MemInfo: [malloc] Total space in use, mmap + non-mmap:        86943264 Byte
20220314 061514.190 INFO             PET0 PIOc_sync Enter - MemInfo: [malloc] Total space held (mmap + non-mmap):        105963520 Byte
20220314 061514.190 INFO             PET0 PIOc_sync Enter - MemInfo: [malloc] Total space used (mmap + non-mmap):         86952608 Byte
20220314 061514.190 INFO             PET0 PIOc_sync Enter - MemInfo: Wall-clock time since execution start:               0.161786 seconds
20220314 061514.190 INFO             PET0 PIOc_sync Exit - MemInfo: [/proc/meminfo - SSI]	MemTotal:       65507008 kB
20220314 061514.190 INFO             PET0 PIOc_sync Exit - MemInfo: [/proc/meminfo - SSI]	MemFree:        49809460 kB
20220314 061514.190 INFO             PET0 PIOc_sync Exit - MemInfo: [/proc/meminfo - SSI]	MemAvailable:   49567828 kB
20220314 061514.190 INFO             PET0 PIOc_sync Exit - MemInfo: [/proc/meminfo - SSI]	Committed_AS:   13372492 kB
20220314 061514.190 INFO             PET0 PIOc_sync Exit - MemInfo: [/proc/meminfo - SSI]	CommittedPercent: 20.4138 %
20220314 061514.190 INFO             PET0 PIOc_sync Exit - MemInfo: [/proc/self/status]	VmPeak:	65984308 kB
20220314 061514.190 INFO             PET0 PIOc_sync Exit - MemInfo: [/proc/self/status]	VmSize:	65976120 kB
20220314 061514.190 INFO             PET0 PIOc_sync Exit - MemInfo: [/proc/self/status]	VmLck:	       0 kB
20220314 061514.190 INFO             PET0 PIOc_sync Exit - MemInfo: [/proc/self/status]	VmPin:	       0 kB
20220314 061514.190 INFO             PET0 PIOc_sync Exit - MemInfo: [/proc/self/status]	VmHWM:	   70788 kB
20220314 061514.190 INFO             PET0 PIOc_sync Exit - MemInfo: [/proc/self/status]	VmRSS:	   69372 kB
20220314 061514.190 INFO             PET0 PIOc_sync Exit - MemInfo: [/proc/self/status]	VmData:	  106792 kB
20220314 061514.190 INFO             PET0 PIOc_sync Exit - MemInfo: [/proc/self/status]	VmStk:	     144 kB
20220314 061514.190 INFO             PET0 PIOc_sync Exit - MemInfo: [/proc/self/status]	VmExe:	     200 kB
20220314 061514.190 INFO             PET0 PIOc_sync Exit - MemInfo: [/proc/self/status]	VmLib:	   39920 kB
20220314 061514.190 INFO             PET0 PIOc_sync Exit - MemInfo: [/proc/self/status]	VmPTE:	     380 kB
20220314 061514.190 INFO             PET0 PIOc_sync Exit - MemInfo: [/proc/self/status]	VmPMD:	      28 kB
20220314 061514.190 INFO             PET0 PIOc_sync Exit - MemInfo: [/proc/self/status]	VmSwap:	       0 kB
20220314 061514.190 INFO             PET0 PIOc_sync Exit - MemInfo: [/proc/self/status]	VmRSSPercent: 0.1059 %
20220314 061514.190 INFO             PET0 PIOc_sync Exit - MemInfo: [malloc] Non-mmapped space allocated:               105963520 Byte
20220314 061514.191 INFO             PET0 PIOc_sync Exit - MemInfo: [malloc] Space allocated in mmapped regions:                0 Byte
20220314 061514.191 INFO             PET0 PIOc_sync Exit - MemInfo: [malloc] Maximum total allocated space:                     0 Byte
20220314 061514.191 INFO             PET0 PIOc_sync Exit - MemInfo: [malloc] Space in freed fastbin blocks:                   928 Byte
20220314 061514.191 INFO             PET0 PIOc_sync Exit - MemInfo: [malloc] Total allocated space:                      86942464 Byte
20220314 061514.191 INFO             PET0 PIOc_sync Exit - MemInfo: [malloc] Total free space:                           19021056 Byte
20220314 061514.191 INFO             PET0 PIOc_sync Exit - MemInfo: [malloc] Top-most, releasable space:                 16909664 Byte
20220314 061514.191 INFO             PET0 PIOc_sync Exit - MemInfo: [malloc] Total space in use, mmap + non-mmap:        86942464 Byte
20220314 061514.191 INFO             PET0 PIOc_sync Exit - MemInfo: [malloc] Total space held (mmap + non-mmap):        105963520 Byte
20220314 061514.191 INFO             PET0 PIOc_sync Exit - MemInfo: [malloc] Total space used (mmap + non-mmap):         86951792 Byte
20220314 061514.191 INFO             PET0 PIOc_sync Exit - MemInfo: Wall-clock time since execution start:               0.162173 seconds
20220314 061514.191 INFO             PET0 PIOc_freedecomp Enter - MemInfo: [/proc/meminfo - SSI]	MemTotal:       65507008 kB
20220314 061514.191 INFO             PET0 PIOc_freedecomp Enter - MemInfo: [/proc/meminfo - SSI]	MemFree:        49809460 kB
20220314 061514.191 INFO             PET0 PIOc_freedecomp Enter - MemInfo: [/proc/meminfo - SSI]	MemAvailable:   49567828 kB
20220314 061514.191 INFO             PET0 PIOc_freedecomp Enter - MemInfo: [/proc/meminfo - SSI]	Committed_AS:   13372492 kB
20220314 061514.191 INFO             PET0 PIOc_freedecomp Enter - MemInfo: [/proc/meminfo - SSI]	CommittedPercent: 20.4138 %
20220314 061514.191 INFO             PET0 PIOc_freedecomp Enter - MemInfo: [/proc/self/status]	VmPeak:	65984308 kB
20220314 061514.191 INFO             PET0 PIOc_freedecomp Enter - MemInfo: [/proc/self/status]	VmSize:	65976120 kB
20220314 061514.191 INFO             PET0 PIOc_freedecomp Enter - MemInfo: [/proc/self/status]	VmLck:	       0 kB
20220314 061514.191 INFO             PET0 PIOc_freedecomp Enter - MemInfo: [/proc/self/status]	VmPin:	       0 kB
20220314 061514.191 INFO             PET0 PIOc_freedecomp Enter - MemInfo: [/proc/self/status]	VmHWM:	   70788 kB
20220314 061514.191 INFO             PET0 PIOc_freedecomp Enter - MemInfo: [/proc/self/status]	VmRSS:	   69372 kB
20220314 061514.191 INFO             PET0 PIOc_freedecomp Enter - MemInfo: [/proc/self/status]	VmData:	  106792 kB
20220314 061514.191 INFO             PET0 PIOc_freedecomp Enter - MemInfo: [/proc/self/status]	VmStk:	     144 kB
20220314 061514.191 INFO             PET0 PIOc_freedecomp Enter - MemInfo: [/proc/self/status]	VmExe:	     200 kB
20220314 061514.191 INFO             PET0 PIOc_freedecomp Enter - MemInfo: [/proc/self/status]	VmLib:	   39920 kB
20220314 061514.191 INFO             PET0 PIOc_freedecomp Enter - MemInfo: [/proc/self/status]	VmPTE:	     380 kB
20220314 061514.191 INFO             PET0 PIOc_freedecomp Enter - MemInfo: [/proc/self/status]	VmPMD:	      28 kB
20220314 061514.191 INFO             PET0 PIOc_freedecomp Enter - MemInfo: [/proc/self/status]	VmSwap:	       0 kB
20220314 061514.191 INFO             PET0 PIOc_freedecomp Enter - MemInfo: [/proc/self/status]	VmRSSPercent: 0.1059 %
20220314 061514.191 INFO             PET0 PIOc_freedecomp Enter - MemInfo: [malloc] Non-mmapped space allocated:               105963520 Byte
20220314 061514.191 INFO             PET0 PIOc_freedecomp Enter - MemInfo: [malloc] Space allocated in mmapped regions:                0 Byte
20220314 061514.191 INFO             PET0 PIOc_freedecomp Enter - MemInfo: [malloc] Maximum total allocated space:                     0 Byte
20220314 061514.191 INFO             PET0 PIOc_freedecomp Enter - MemInfo: [malloc] Space in freed fastbin blocks:                  1808 Byte
20220314 061514.191 INFO             PET0 PIOc_freedecomp Enter - MemInfo: [malloc] Total allocated space:                      70151616 Byte
20220314 061514.191 INFO             PET0 PIOc_freedecomp Enter - MemInfo: [malloc] Total free space:                           35811904 Byte
20220314 061514.191 INFO             PET0 PIOc_freedecomp Enter - MemInfo: [malloc] Top-most, releasable space:                 16909664 Byte
20220314 061514.191 INFO             PET0 PIOc_freedecomp Enter - MemInfo: [malloc] Total space in use, mmap + non-mmap:        70151616 Byte
20220314 061514.191 INFO             PET0 PIOc_freedecomp Enter - MemInfo: [malloc] Total space held (mmap + non-mmap):        105963520 Byte
20220314 061514.191 INFO             PET0 PIOc_freedecomp Enter - MemInfo: [malloc] Total space used (mmap + non-mmap):         70160944 Byte
20220314 061514.191 INFO             PET0 PIOc_freedecomp Enter - MemInfo: Wall-clock time since execution start:               0.162532 seconds
20220314 061514.191 INFO             PET0 PIOc_freedecomp Exit - MemInfo: [/proc/meminfo - SSI]	MemTotal:       65507008 kB
20220314 061514.191 INFO             PET0 PIOc_freedecomp Exit - MemInfo: [/proc/meminfo - SSI]	MemFree:        49809460 kB
20220314 061514.191 INFO             PET0 PIOc_freedecomp Exit - MemInfo: [/proc/meminfo - SSI]	MemAvailable:   49567828 kB
20220314 061514.191 INFO             PET0 PIOc_freedecomp Exit - MemInfo: [/proc/meminfo - SSI]	Committed_AS:   13372492 kB
20220314 061514.191 INFO             PET0 PIOc_freedecomp Exit - MemInfo: [/proc/meminfo - SSI]	CommittedPercent: 20.4138 %
20220314 061514.191 INFO             PET0 PIOc_freedecomp Exit - MemInfo: [/proc/self/status]	VmPeak:	65984308 kB
20220314 061514.191 INFO             PET0 PIOc_freedecomp Exit - MemInfo: [/proc/self/status]	VmSize:	65976120 kB
20220314 061514.191 INFO             PET0 PIOc_freedecomp Exit - MemInfo: [/proc/self/status]	VmLck:	       0 kB
20220314 061514.191 INFO             PET0 PIOc_freedecomp Exit - MemInfo: [/proc/self/status]	VmPin:	       0 kB
20220314 061514.191 INFO             PET0 PIOc_freedecomp Exit - MemInfo: [/proc/self/status]	VmHWM:	   70788 kB
20220314 061514.191 INFO             PET0 PIOc_freedecomp Exit - MemInfo: [/proc/self/status]	VmRSS:	   69372 kB
20220314 061514.191 INFO             PET0 PIOc_freedecomp Exit - MemInfo: [/proc/self/status]	VmData:	  106792 kB
20220314 061514.191 INFO             PET0 PIOc_freedecomp Exit - MemInfo: [/proc/self/status]	VmStk:	     144 kB
20220314 061514.191 INFO             PET0 PIOc_freedecomp Exit - MemInfo: [/proc/self/status]	VmExe:	     200 kB
20220314 061514.191 INFO             PET0 PIOc_freedecomp Exit - MemInfo: [/proc/self/status]	VmLib:	   39920 kB
20220314 061514.191 INFO             PET0 PIOc_freedecomp Exit - MemInfo: [/proc/self/status]	VmPTE:	     380 kB
20220314 061514.191 INFO             PET0 PIOc_freedecomp Exit - MemInfo: [/proc/self/status]	VmPMD:	      28 kB
20220314 061514.191 INFO             PET0 PIOc_freedecomp Exit - MemInfo: [/proc/self/status]	VmSwap:	       0 kB
20220314 061514.191 INFO             PET0 PIOc_freedecomp Exit - MemInfo: [/proc/self/status]	VmRSSPercent: 0.1059 %
20220314 061514.191 INFO             PET0 PIOc_freedecomp Exit - MemInfo: [malloc] Non-mmapped space allocated:               105963520 Byte
20220314 061514.191 INFO             PET0 PIOc_freedecomp Exit - MemInfo: [malloc] Space allocated in mmapped regions:                0 Byte
20220314 061514.191 INFO             PET0 PIOc_freedecomp Exit - MemInfo: [malloc] Maximum total allocated space:                     0 Byte
20220314 061514.191 INFO             PET0 PIOc_freedecomp Exit - MemInfo: [malloc] Space in freed fastbin blocks:                  1760 Byte
20220314 061514.191 INFO             PET0 PIOc_freedecomp Exit - MemInfo: [malloc] Total allocated space:                      70147088 Byte
20220314 061514.191 INFO             PET0 PIOc_freedecomp Exit - MemInfo: [malloc] Total free space:                           35816432 Byte
20220314 061514.191 INFO             PET0 PIOc_freedecomp Exit - MemInfo: [malloc] Top-most, releasable space:                 16909664 Byte
20220314 061514.191 INFO             PET0 PIOc_freedecomp Exit - MemInfo: [malloc] Total space in use, mmap + non-mmap:        70147088 Byte
20220314 061514.191 INFO             PET0 PIOc_freedecomp Exit - MemInfo: [malloc] Total space held (mmap + non-mmap):        105963520 Byte
20220314 061514.191 INFO             PET0 PIOc_freedecomp Exit - MemInfo: [malloc] Total space used (mmap + non-mmap):         70156416 Byte
20220314 061514.191 INFO             PET0 PIOc_freedecomp Exit - MemInfo: Wall-clock time since execution start:               0.162859 seconds
20220314 061514.192 INFO             PET0 PIOc_sync Enter - MemInfo: [/proc/meminfo - SSI]	MemTotal:       65507008 kB
20220314 061514.192 INFO             PET0 PIOc_sync Enter - MemInfo: [/proc/meminfo - SSI]	MemFree:        49809460 kB
20220314 061514.192 INFO             PET0 PIOc_sync Enter - MemInfo: [/proc/meminfo - SSI]	MemAvailable:   49567828 kB
20220314 061514.192 INFO             PET0 PIOc_sync Enter - MemInfo: [/proc/meminfo - SSI]	Committed_AS:   13372492 kB
20220314 061514.192 INFO             PET0 PIOc_sync Enter - MemInfo: [/proc/meminfo - SSI]	CommittedPercent: 20.4138 %
20220314 061514.192 INFO             PET0 PIOc_sync Enter - MemInfo: [/proc/self/status]	VmPeak:	65984308 kB
20220314 061514.192 INFO             PET0 PIOc_sync Enter - MemInfo: [/proc/self/status]	VmSize:	65976120 kB
20220314 061514.192 INFO             PET0 PIOc_sync Enter - MemInfo: [/proc/self/status]	VmLck:	       0 kB
20220314 061514.192 INFO             PET0 PIOc_sync Enter - MemInfo: [/proc/self/status]	VmPin:	       0 kB
20220314 061514.192 INFO             PET0 PIOc_sync Enter - MemInfo: [/proc/self/status]	VmHWM:	   70788 kB
20220314 061514.192 INFO             PET0 PIOc_sync Enter - MemInfo: [/proc/self/status]	VmRSS:	   69372 kB
20220314 061514.192 INFO             PET0 PIOc_sync Enter - MemInfo: [/proc/self/status]	VmData:	  106792 kB
20220314 061514.192 INFO             PET0 PIOc_sync Enter - MemInfo: [/proc/self/status]	VmStk:	     144 kB
20220314 061514.192 INFO             PET0 PIOc_sync Enter - MemInfo: [/proc/self/status]	VmExe:	     200 kB
20220314 061514.192 INFO             PET0 PIOc_sync Enter - MemInfo: [/proc/self/status]	VmLib:	   39920 kB
20220314 061514.192 INFO             PET0 PIOc_sync Enter - MemInfo: [/proc/self/status]	VmPTE:	     380 kB
20220314 061514.192 INFO             PET0 PIOc_sync Enter - MemInfo: [/proc/self/status]	VmPMD:	      28 kB
20220314 061514.192 INFO             PET0 PIOc_sync Enter - MemInfo: [/proc/self/status]	VmSwap:	       0 kB
20220314 061514.192 INFO             PET0 PIOc_sync Enter - MemInfo: [/proc/self/status]	VmRSSPercent: 0.1059 %
20220314 061514.192 INFO             PET0 PIOc_sync Enter - MemInfo: [malloc] Non-mmapped space allocated:               105963520 Byte
20220314 061514.192 INFO             PET0 PIOc_sync Enter - MemInfo: [malloc] Space allocated in mmapped regions:                0 Byte
20220314 061514.192 INFO             PET0 PIOc_sync Enter - MemInfo: [malloc] Maximum total allocated space:                     0 Byte
20220314 061514.192 INFO             PET0 PIOc_sync Enter - MemInfo: [malloc] Space in freed fastbin blocks:                  1504 Byte
20220314 061514.192 INFO             PET0 PIOc_sync Enter - MemInfo: [malloc] Total allocated space:                      86943696 Byte
20220314 061514.192 INFO             PET0 PIOc_sync Enter - MemInfo: [malloc] Total free space:                           19019824 Byte
20220314 061514.192 INFO             PET0 PIOc_sync Enter - MemInfo: [malloc] Top-most, releasable space:                 16909664 Byte
20220314 061514.192 INFO             PET0 PIOc_sync Enter - MemInfo: [malloc] Total space in use, mmap + non-mmap:        86943696 Byte
20220314 061514.192 INFO             PET0 PIOc_sync Enter - MemInfo: [malloc] Total space held (mmap + non-mmap):        105963520 Byte
20220314 061514.192 INFO             PET0 PIOc_sync Enter - MemInfo: [malloc] Total space used (mmap + non-mmap):         86953024 Byte
20220314 061514.192 INFO             PET0 PIOc_sync Enter - MemInfo: Wall-clock time since execution start:               0.163862 seconds
20220314 061514.194 INFO             PET0 PIOc_sync Exit - MemInfo: [/proc/meminfo - SSI]	MemTotal:       65507008 kB
20220314 061514.194 INFO             PET0 PIOc_sync Exit - MemInfo: [/proc/meminfo - SSI]	MemFree:        49809460 kB
20220314 061514.194 INFO             PET0 PIOc_sync Exit - MemInfo: [/proc/meminfo - SSI]	MemAvailable:   49567828 kB
20220314 061514.194 INFO             PET0 PIOc_sync Exit - MemInfo: [/proc/meminfo - SSI]	Committed_AS:   13372492 kB
20220314 061514.194 INFO             PET0 PIOc_sync Exit - MemInfo: [/proc/meminfo - SSI]	CommittedPercent: 20.4138 %
20220314 061514.194 INFO             PET0 PIOc_sync Exit - MemInfo: [/proc/self/status]	VmPeak:	65984308 kB
20220314 061514.194 INFO             PET0 PIOc_sync Exit - MemInfo: [/proc/self/status]	VmSize:	65976120 kB
20220314 061514.194 INFO             PET0 PIOc_sync Exit - MemInfo: [/proc/self/status]	VmLck:	       0 kB
20220314 061514.194 INFO             PET0 PIOc_sync Exit - MemInfo: [/proc/self/status]	VmPin:	       0 kB
20220314 061514.194 INFO             PET0 PIOc_sync Exit - MemInfo: [/proc/self/status]	VmHWM:	   70788 kB
20220314 061514.194 INFO             PET0 PIOc_sync Exit - MemInfo: [/proc/self/status]	VmRSS:	   69372 kB
20220314 061514.194 INFO             PET0 PIOc_sync Exit - MemInfo: [/proc/self/status]	VmData:	  106792 kB
20220314 061514.194 INFO             PET0 PIOc_sync Exit - MemInfo: [/proc/self/status]	VmStk:	     144 kB
20220314 061514.195 INFO             PET0 PIOc_sync Exit - MemInfo: [/proc/self/status]	VmExe:	     200 kB
20220314 061514.195 INFO             PET0 PIOc_sync Exit - MemInfo: [/proc/self/status]	VmLib:	   39920 kB
20220314 061514.195 INFO             PET0 PIOc_sync Exit - MemInfo: [/proc/self/status]	VmPTE:	     380 kB
20220314 061514.195 INFO             PET0 PIOc_sync Exit - MemInfo: [/proc/self/status]	VmPMD:	      28 kB
20220314 061514.195 INFO             PET0 PIOc_sync Exit - MemInfo: [/proc/self/status]	VmSwap:	       0 kB
20220314 061514.195 INFO             PET0 PIOc_sync Exit - MemInfo: [/proc/self/status]	VmRSSPercent: 0.1059 %
20220314 061514.195 INFO             PET0 PIOc_sync Exit - MemInfo: [malloc] Non-mmapped space allocated:               105963520 Byte
20220314 061514.195 INFO             PET0 PIOc_sync Exit - MemInfo: [malloc] Space allocated in mmapped regions:                0 Byte
20220314 061514.195 INFO             PET0 PIOc_sync Exit - MemInfo: [malloc] Maximum total allocated space:                     0 Byte
20220314 061514.195 INFO             PET0 PIOc_sync Exit - MemInfo: [malloc] Space in freed fastbin blocks:                  1120 Byte
20220314 061514.195 INFO             PET0 PIOc_sync Exit - MemInfo: [malloc] Total allocated space:                      86942880 Byte
20220314 061514.195 INFO             PET0 PIOc_sync Exit - MemInfo: [malloc] Total free space:                           19020640 Byte
20220314 061514.195 INFO             PET0 PIOc_sync Exit - MemInfo: [malloc] Top-most, releasable space:                 16909664 Byte
20220314 061514.195 INFO             PET0 PIOc_sync Exit - MemInfo: [malloc] Total space in use, mmap + non-mmap:        86942880 Byte
20220314 061514.195 INFO             PET0 PIOc_sync Exit - MemInfo: [malloc] Total space held (mmap + non-mmap):        105963520 Byte
20220314 061514.195 INFO             PET0 PIOc_sync Exit - MemInfo: [malloc] Total space used (mmap + non-mmap):         86952208 Byte
20220314 061514.195 INFO             PET0 PIOc_sync Exit - MemInfo: Wall-clock time since execution start:               0.166244 seconds
20220314 061514.195 INFO             PET0 PIOc_freedecomp Enter - MemInfo: [/proc/meminfo - SSI]	MemTotal:       65507008 kB
20220314 061514.195 INFO             PET0 PIOc_freedecomp Enter - MemInfo: [/proc/meminfo - SSI]	MemFree:        49809460 kB
20220314 061514.195 INFO             PET0 PIOc_freedecomp Enter - MemInfo: [/proc/meminfo - SSI]	MemAvailable:   49567828 kB
20220314 061514.195 INFO             PET0 PIOc_freedecomp Enter - MemInfo: [/proc/meminfo - SSI]	Committed_AS:   13372492 kB
20220314 061514.195 INFO             PET0 PIOc_freedecomp Enter - MemInfo: [/proc/meminfo - SSI]	CommittedPercent: 20.4138 %
20220314 061514.195 INFO             PET0 PIOc_freedecomp Enter - MemInfo: [/proc/self/status]	VmPeak:	65984308 kB
20220314 061514.195 INFO             PET0 PIOc_freedecomp Enter - MemInfo: [/proc/self/status]	VmSize:	65976120 kB
20220314 061514.195 INFO             PET0 PIOc_freedecomp Enter - MemInfo: [/proc/self/status]	VmLck:	       0 kB
20220314 061514.195 INFO             PET0 PIOc_freedecomp Enter - MemInfo: [/proc/self/status]	VmPin:	       0 kB
20220314 061514.195 INFO             PET0 PIOc_freedecomp Enter - MemInfo: [/proc/self/status]	VmHWM:	   70788 kB
20220314 061514.195 INFO             PET0 PIOc_freedecomp Enter - MemInfo: [/proc/self/status]	VmRSS:	   69372 kB
20220314 061514.195 INFO             PET0 PIOc_freedecomp Enter - MemInfo: [/proc/self/status]	VmData:	  106792 kB
20220314 061514.195 INFO             PET0 PIOc_freedecomp Enter - MemInfo: [/proc/self/status]	VmStk:	     144 kB
20220314 061514.195 INFO             PET0 PIOc_freedecomp Enter - MemInfo: [/proc/self/status]	VmExe:	     200 kB
20220314 061514.195 INFO             PET0 PIOc_freedecomp Enter - MemInfo: [/proc/self/status]	VmLib:	   39920 kB
20220314 061514.195 INFO             PET0 PIOc_freedecomp Enter - MemInfo: [/proc/self/status]	VmPTE:	     380 kB
20220314 061514.195 INFO             PET0 PIOc_freedecomp Enter - MemInfo: [/proc/self/status]	VmPMD:	      28 kB
20220314 061514.195 INFO             PET0 PIOc_freedecomp Enter - MemInfo: [/proc/self/status]	VmSwap:	       0 kB
20220314 061514.195 INFO             PET0 PIOc_freedecomp Enter - MemInfo: [/proc/self/status]	VmRSSPercent: 0.1059 %
20220314 061514.195 INFO             PET0 PIOc_freedecomp Enter - MemInfo: [malloc] Non-mmapped space allocated:               105963520 Byte
20220314 061514.195 INFO             PET0 PIOc_freedecomp Enter - MemInfo: [malloc] Space allocated in mmapped regions:                0 Byte
20220314 061514.195 INFO             PET0 PIOc_freedecomp Enter - MemInfo: [malloc] Maximum total allocated space:                     0 Byte
20220314 061514.195 INFO             PET0 PIOc_freedecomp Enter - MemInfo: [malloc] Space in freed fastbin blocks:                  2080 Byte
20220314 061514.195 INFO             PET0 PIOc_freedecomp Enter - MemInfo: [malloc] Total allocated space:                      70151632 Byte
20220314 061514.195 INFO             PET0 PIOc_freedecomp Enter - MemInfo: [malloc] Total free space:                           35811888 Byte
20220314 061514.195 INFO             PET0 PIOc_freedecomp Enter - MemInfo: [malloc] Top-most, releasable space:                 16909664 Byte
20220314 061514.195 INFO             PET0 PIOc_freedecomp Enter - MemInfo: [malloc] Total space in use, mmap + non-mmap:        70151632 Byte
20220314 061514.195 INFO             PET0 PIOc_freedecomp Enter - MemInfo: [malloc] Total space held (mmap + non-mmap):        105963520 Byte
20220314 061514.195 INFO             PET0 PIOc_freedecomp Enter - MemInfo: [malloc] Total space used (mmap + non-mmap):         70160960 Byte
20220314 061514.195 INFO             PET0 PIOc_freedecomp Enter - MemInfo: Wall-clock time since execution start:               0.166649 seconds
20220314 061514.195 INFO             PET0 PIOc_freedecomp Exit - MemInfo: [/proc/meminfo - SSI]	MemTotal:       65507008 kB
20220314 061514.195 INFO             PET0 PIOc_freedecomp Exit - MemInfo: [/proc/meminfo - SSI]	MemFree:        49809460 kB
20220314 061514.195 INFO             PET0 PIOc_freedecomp Exit - MemInfo: [/proc/meminfo - SSI]	MemAvailable:   49567828 kB
20220314 061514.195 INFO             PET0 PIOc_freedecomp Exit - MemInfo: [/proc/meminfo - SSI]	Committed_AS:   13372492 kB
20220314 061514.195 INFO             PET0 PIOc_freedecomp Exit - MemInfo: [/proc/meminfo - SSI]	CommittedPercent: 20.4138 %
20220314 061514.195 INFO             PET0 PIOc_freedecomp Exit - MemInfo: [/proc/self/status]	VmPeak:	65984308 kB
20220314 061514.195 INFO             PET0 PIOc_freedecomp Exit - MemInfo: [/proc/self/status]	VmSize:	65976120 kB
20220314 061514.195 INFO             PET0 PIOc_freedecomp Exit - MemInfo: [/proc/self/status]	VmLck:	       0 kB
20220314 061514.195 INFO             PET0 PIOc_freedecomp Exit - MemInfo: [/proc/self/status]	VmPin:	       0 kB
20220314 061514.195 INFO             PET0 PIOc_freedecomp Exit - MemInfo: [/proc/self/status]	VmHWM:	   70788 kB
20220314 061514.195 INFO             PET0 PIOc_freedecomp Exit - MemInfo: [/proc/self/status]	VmRSS:	   69372 kB
20220314 061514.195 INFO             PET0 PIOc_freedecomp Exit - MemInfo: [/proc/self/status]	VmData:	  106792 kB
20220314 061514.195 INFO             PET0 PIOc_freedecomp Exit - MemInfo: [/proc/self/status]	VmStk:	     144 kB
20220314 061514.195 INFO             PET0 PIOc_freedecomp Exit - MemInfo: [/proc/self/status]	VmExe:	     200 kB
20220314 061514.195 INFO             PET0 PIOc_freedecomp Exit - MemInfo: [/proc/self/status]	VmLib:	   39920 kB
20220314 061514.195 INFO             PET0 PIOc_freedecomp Exit - MemInfo: [/proc/self/status]	VmPTE:	     380 kB
20220314 061514.195 INFO             PET0 PIOc_freedecomp Exit - MemInfo: [/proc/self/status]	VmPMD:	      28 kB
20220314 061514.195 INFO             PET0 PIOc_freedecomp Exit - MemInfo: [/proc/self/status]	VmSwap:	       0 kB
20220314 061514.195 INFO             PET0 PIOc_freedecomp Exit - MemInfo: [/proc/self/status]	VmRSSPercent: 0.1059 %
20220314 061514.195 INFO             PET0 PIOc_freedecomp Exit - MemInfo: [malloc] Non-mmapped space allocated:               105963520 Byte
20220314 061514.195 INFO             PET0 PIOc_freedecomp Exit - MemInfo: [malloc] Space allocated in mmapped regions:                0 Byte
20220314 061514.195 INFO             PET0 PIOc_freedecomp Exit - MemInfo: [malloc] Maximum total allocated space:                     0 Byte
20220314 061514.195 INFO             PET0 PIOc_freedecomp Exit - MemInfo: [malloc] Space in freed fastbin blocks:                  1984 Byte
20220314 061514.195 INFO             PET0 PIOc_freedecomp Exit - MemInfo: [malloc] Total allocated space:                      70147088 Byte
20220314 061514.195 INFO             PET0 PIOc_freedecomp Exit - MemInfo: [malloc] Total free space:                           35816432 Byte
20220314 061514.195 INFO             PET0 PIOc_freedecomp Exit - MemInfo: [malloc] Top-most, releasable space:                 16909664 Byte
20220314 061514.195 INFO             PET0 PIOc_freedecomp Exit - MemInfo: [malloc] Total space in use, mmap + non-mmap:        70147088 Byte
20220314 061514.195 INFO             PET0 PIOc_freedecomp Exit - MemInfo: [malloc] Total space held (mmap + non-mmap):        105963520 Byte
20220314 061514.195 INFO             PET0 PIOc_freedecomp Exit - MemInfo: [malloc] Total space used (mmap + non-mmap):         70156416 Byte
20220314 061514.195 INFO             PET0 PIOc_freedecomp Exit - MemInfo: Wall-clock time since execution start:               0.166976 seconds
20220314 061514.198 INFO             PET0  PASS  ESMF_FieldRegridStoreFromFile Unit Test, ESMF_FieldSMMFromFileUTest.F90, line 315
20220314 061514.198 INFO             PET0  Ending Test, file ESMF_FieldSMMFromFileUTest.F90, line 322
20220314 061514.198 INFO             PET0 Finalizing ESMF
20220314 061514.029 INFO             PET1 !!!!!!!!!!!!!!!!!!!!!!!!!!!!!!!!!!!!!!!!!!!!!!!!!!!!!!
20220314 061514.029 INFO             PET1 !!! THE ESMF_LOG IS SET TO OUTPUT ALL LOG MESSAGES !!!
20220314 061514.029 INFO             PET1 !!!     THIS MAY CAUSE SLOWDOWN IN PERFORMANCE     !!!
20220314 061514.029 INFO             PET1 !!! FOR PRODUCTION RUNS, USE:                      !!!
20220314 061514.029 INFO             PET1 !!!                   ESMF_LOGKIND_Multi_On_Error  !!!
20220314 061514.029 INFO             PET1 !!!!!!!!!!!!!!!!!!!!!!!!!!!!!!!!!!!!!!!!!!!!!!!!!!!!!!
20220314 061514.029 INFO             PET1 Running with ESMF Version   : v8.3.0b09-96-g559b459836
20220314 061514.029 INFO             PET1 ESMF library build date/time: "Mar 14 2022" "06:00:22"
20220314 061514.029 INFO             PET1 ESMF library build location : /glade/scratch/rlong/esmf-testing/gfortran_9.1.0_mpt_O_jedwards_pio_update2
20220314 061514.029 INFO             PET1 ESMF_COMM                   : mpt
20220314 061514.030 INFO             PET1 ESMF_MOAB                   : enabled
20220314 061514.030 INFO             PET1 ESMF_LAPACK                 : enabled
20220314 061514.030 INFO             PET1 ESMF_NETCDF                 : enabled
20220314 061514.030 INFO             PET1 ESMF_PNETCDF                : disabled
20220314 061514.030 INFO             PET1 ESMF_PIO                    : enabled
20220314 061514.030 INFO             PET1 ESMF_YAMLCPP                : enabled
20220314 061514.030 INFO             PET1  Beginning Test, file ESMF_FieldSMMFromFileUTest.F90, line 287
20220314 061514.030 INFO             PET1  NUMBER_OF_PROCESSORS           4
20220314 061514.176 INFO             PET1  PASS  ESMF_FieldSMMFromFile Unit Test, ESMF_FieldSMMFromFileUTest.F90, line 300
20220314 061514.184 INFO             PET1 PIOc_sync Enter - MemInfo: [/proc/meminfo - SSI]	MemTotal:       65507008 kB
20220314 061514.184 INFO             PET1 PIOc_sync Enter - MemInfo: [/proc/meminfo - SSI]	MemFree:        49809460 kB
20220314 061514.184 INFO             PET1 PIOc_sync Enter - MemInfo: [/proc/meminfo - SSI]	MemAvailable:   49567828 kB
20220314 061514.184 INFO             PET1 PIOc_sync Enter - MemInfo: [/proc/meminfo - SSI]	Committed_AS:   13372492 kB
20220314 061514.184 INFO             PET1 PIOc_sync Enter - MemInfo: [/proc/meminfo - SSI]	CommittedPercent: 20.4138 %
20220314 061514.184 INFO             PET1 PIOc_sync Enter - MemInfo: [/proc/self/status]	VmPeak:	65935140 kB
20220314 061514.184 INFO             PET1 PIOc_sync Enter - MemInfo: [/proc/self/status]	VmSize:	65926952 kB
20220314 061514.184 INFO             PET1 PIOc_sync Enter - MemInfo: [/proc/self/status]	VmLck:	       0 kB
20220314 061514.184 INFO             PET1 PIOc_sync Enter - MemInfo: [/proc/self/status]	VmPin:	       0 kB
20220314 061514.184 INFO             PET1 PIOc_sync Enter - MemInfo: [/proc/self/status]	VmHWM:	   37032 kB
20220314 061514.184 INFO             PET1 PIOc_sync Enter - MemInfo: [/proc/self/status]	VmRSS:	   36044 kB
20220314 061514.184 INFO             PET1 PIOc_sync Enter - MemInfo: [/proc/self/status]	VmData:	   57624 kB
20220314 061514.184 INFO             PET1 PIOc_sync Enter - MemInfo: [/proc/self/status]	VmStk:	     144 kB
20220314 061514.184 INFO             PET1 PIOc_sync Enter - MemInfo: [/proc/self/status]	VmExe:	     200 kB
20220314 061514.184 INFO             PET1 PIOc_sync Enter - MemInfo: [/proc/self/status]	VmLib:	   39920 kB
20220314 061514.184 INFO             PET1 PIOc_sync Enter - MemInfo: [/proc/self/status]	VmPTE:	     316 kB
20220314 061514.184 INFO             PET1 PIOc_sync Enter - MemInfo: [/proc/self/status]	VmPMD:	      28 kB
20220314 061514.184 INFO             PET1 PIOc_sync Enter - MemInfo: [/proc/self/status]	VmSwap:	       0 kB
20220314 061514.184 INFO             PET1 PIOc_sync Enter - MemInfo: [/proc/self/status]	VmRSSPercent: 0.0550231 %
20220314 061514.184 INFO             PET1 PIOc_sync Enter - MemInfo: [malloc] Non-mmapped space allocated:                55615488 Byte
20220314 061514.187 INFO             PET1 PIOc_sync Enter - MemInfo: [malloc] Space allocated in mmapped regions:                0 Byte
20220314 061514.187 INFO             PET1 PIOc_sync Enter - MemInfo: [malloc] Maximum total allocated space:                     0 Byte
20220314 061514.187 INFO             PET1 PIOc_sync Enter - MemInfo: [malloc] Space in freed fastbin blocks:                  2816 Byte
20220314 061514.187 INFO             PET1 PIOc_sync Enter - MemInfo: [malloc] Total allocated space:                      36659184 Byte
20220314 061514.187 INFO             PET1 PIOc_sync Enter - MemInfo: [malloc] Total free space:                           18956304 Byte
20220314 061514.187 INFO             PET1 PIOc_sync Enter - MemInfo: [malloc] Top-most, releasable space:                 16908976 Byte
20220314 061514.187 INFO             PET1 PIOc_sync Enter - MemInfo: [malloc] Total space in use, mmap + non-mmap:        36659184 Byte
20220314 061514.187 INFO             PET1 PIOc_sync Enter - MemInfo: [malloc] Total space held (mmap + non-mmap):         55615488 Byte
20220314 061514.187 INFO             PET1 PIOc_sync Enter - MemInfo: [malloc] Total space used (mmap + non-mmap):         36668512 Byte
20220314 061514.187 INFO             PET1 PIOc_sync Enter - MemInfo: Wall-clock time since execution start:               0.158775 seconds
20220314 061514.188 INFO             PET1 PIOc_sync Exit - MemInfo: [/proc/meminfo - SSI]	MemTotal:       65507008 kB
20220314 061514.188 INFO             PET1 PIOc_sync Exit - MemInfo: [/proc/meminfo - SSI]	MemFree:        49809460 kB
20220314 061514.188 INFO             PET1 PIOc_sync Exit - MemInfo: [/proc/meminfo - SSI]	MemAvailable:   49567828 kB
20220314 061514.188 INFO             PET1 PIOc_sync Exit - MemInfo: [/proc/meminfo - SSI]	Committed_AS:   13372492 kB
20220314 061514.188 INFO             PET1 PIOc_sync Exit - MemInfo: [/proc/meminfo - SSI]	CommittedPercent: 20.4138 %
20220314 061514.188 INFO             PET1 PIOc_sync Exit - MemInfo: [/proc/self/status]	VmPeak:	65935140 kB
20220314 061514.188 INFO             PET1 PIOc_sync Exit - MemInfo: [/proc/self/status]	VmSize:	65926952 kB
20220314 061514.188 INFO             PET1 PIOc_sync Exit - MemInfo: [/proc/self/status]	VmLck:	       0 kB
20220314 061514.188 INFO             PET1 PIOc_sync Exit - MemInfo: [/proc/self/status]	VmPin:	       0 kB
20220314 061514.188 INFO             PET1 PIOc_sync Exit - MemInfo: [/proc/self/status]	VmHWM:	   37032 kB
20220314 061514.188 INFO             PET1 PIOc_sync Exit - MemInfo: [/proc/self/status]	VmRSS:	   36104 kB
20220314 061514.188 INFO             PET1 PIOc_sync Exit - MemInfo: [/proc/self/status]	VmData:	   57624 kB
20220314 061514.188 INFO             PET1 PIOc_sync Exit - MemInfo: [/proc/self/status]	VmStk:	     144 kB
20220314 061514.188 INFO             PET1 PIOc_sync Exit - MemInfo: [/proc/self/status]	VmExe:	     200 kB
20220314 061514.188 INFO             PET1 PIOc_sync Exit - MemInfo: [/proc/self/status]	VmLib:	   39920 kB
20220314 061514.188 INFO             PET1 PIOc_sync Exit - MemInfo: [/proc/self/status]	VmPTE:	     316 kB
20220314 061514.188 INFO             PET1 PIOc_sync Exit - MemInfo: [/proc/self/status]	VmPMD:	      28 kB
20220314 061514.188 INFO             PET1 PIOc_sync Exit - MemInfo: [/proc/self/status]	VmSwap:	       0 kB
20220314 061514.188 INFO             PET1 PIOc_sync Exit - MemInfo: [/proc/self/status]	VmRSSPercent: 0.0551147 %
20220314 061514.188 INFO             PET1 PIOc_sync Exit - MemInfo: [malloc] Non-mmapped space allocated:                55615488 Byte
20220314 061514.188 INFO             PET1 PIOc_sync Exit - MemInfo: [malloc] Space allocated in mmapped regions:                0 Byte
20220314 061514.188 INFO             PET1 PIOc_sync Exit - MemInfo: [malloc] Maximum total allocated space:                     0 Byte
20220314 061514.188 INFO             PET1 PIOc_sync Exit - MemInfo: [malloc] Space in freed fastbin blocks:                  1488 Byte
20220314 061514.188 INFO             PET1 PIOc_sync Exit - MemInfo: [malloc] Total allocated space:                      36657952 Byte
20220314 061514.188 INFO             PET1 PIOc_sync Exit - MemInfo: [malloc] Total free space:                           18957536 Byte
20220314 061514.188 INFO             PET1 PIOc_sync Exit - MemInfo: [malloc] Top-most, releasable space:                 16908976 Byte
20220314 061514.188 INFO             PET1 PIOc_sync Exit - MemInfo: [malloc] Total space in use, mmap + non-mmap:        36657952 Byte
20220314 061514.188 INFO             PET1 PIOc_sync Exit - MemInfo: [malloc] Total space held (mmap + non-mmap):         55615488 Byte
20220314 061514.188 INFO             PET1 PIOc_sync Exit - MemInfo: [malloc] Total space used (mmap + non-mmap):         36667280 Byte
20220314 061514.188 INFO             PET1 PIOc_sync Exit - MemInfo: Wall-clock time since execution start:               0.159677 seconds
20220314 061514.188 INFO             PET1 PIOc_freedecomp Enter - MemInfo: [/proc/meminfo - SSI]	MemTotal:       65507008 kB
20220314 061514.188 INFO             PET1 PIOc_freedecomp Enter - MemInfo: [/proc/meminfo - SSI]	MemFree:        49809460 kB
20220314 061514.188 INFO             PET1 PIOc_freedecomp Enter - MemInfo: [/proc/meminfo - SSI]	MemAvailable:   49567828 kB
20220314 061514.188 INFO             PET1 PIOc_freedecomp Enter - MemInfo: [/proc/meminfo - SSI]	Committed_AS:   13372492 kB
20220314 061514.188 INFO             PET1 PIOc_freedecomp Enter - MemInfo: [/proc/meminfo - SSI]	CommittedPercent: 20.4138 %
20220314 061514.188 INFO             PET1 PIOc_freedecomp Enter - MemInfo: [/proc/self/status]	VmPeak:	65935140 kB
20220314 061514.188 INFO             PET1 PIOc_freedecomp Enter - MemInfo: [/proc/self/status]	VmSize:	65926952 kB
20220314 061514.188 INFO             PET1 PIOc_freedecomp Enter - MemInfo: [/proc/self/status]	VmLck:	       0 kB
20220314 061514.188 INFO             PET1 PIOc_freedecomp Enter - MemInfo: [/proc/self/status]	VmPin:	       0 kB
20220314 061514.188 INFO             PET1 PIOc_freedecomp Enter - MemInfo: [/proc/self/status]	VmHWM:	   37032 kB
20220314 061514.188 INFO             PET1 PIOc_freedecomp Enter - MemInfo: [/proc/self/status]	VmRSS:	   36104 kB
20220314 061514.188 INFO             PET1 PIOc_freedecomp Enter - MemInfo: [/proc/self/status]	VmData:	   57624 kB
20220314 061514.188 INFO             PET1 PIOc_freedecomp Enter - MemInfo: [/proc/self/status]	VmStk:	     144 kB
20220314 061514.188 INFO             PET1 PIOc_freedecomp Enter - MemInfo: [/proc/self/status]	VmExe:	     200 kB
20220314 061514.188 INFO             PET1 PIOc_freedecomp Enter - MemInfo: [/proc/self/status]	VmLib:	   39920 kB
20220314 061514.188 INFO             PET1 PIOc_freedecomp Enter - MemInfo: [/proc/self/status]	VmPTE:	     316 kB
20220314 061514.188 INFO             PET1 PIOc_freedecomp Enter - MemInfo: [/proc/self/status]	VmPMD:	      28 kB
20220314 061514.188 INFO             PET1 PIOc_freedecomp Enter - MemInfo: [/proc/self/status]	VmSwap:	       0 kB
20220314 061514.188 INFO             PET1 PIOc_freedecomp Enter - MemInfo: [/proc/self/status]	VmRSSPercent: 0.0551147 %
20220314 061514.188 INFO             PET1 PIOc_freedecomp Enter - MemInfo: [malloc] Non-mmapped space allocated:                55615488 Byte
20220314 061514.188 INFO             PET1 PIOc_freedecomp Enter - MemInfo: [malloc] Space allocated in mmapped regions:                0 Byte
20220314 061514.188 INFO             PET1 PIOc_freedecomp Enter - MemInfo: [malloc] Maximum total allocated space:                     0 Byte
20220314 061514.188 INFO             PET1 PIOc_freedecomp Enter - MemInfo: [malloc] Space in freed fastbin blocks:                  1456 Byte
20220314 061514.188 INFO             PET1 PIOc_freedecomp Enter - MemInfo: [malloc] Total allocated space:                      36656256 Byte
20220314 061514.188 INFO             PET1 PIOc_freedecomp Enter - MemInfo: [malloc] Total free space:                           18959232 Byte
20220314 061514.188 INFO             PET1 PIOc_freedecomp Enter - MemInfo: [malloc] Top-most, releasable space:                 16908976 Byte
20220314 061514.188 INFO             PET1 PIOc_freedecomp Enter - MemInfo: [malloc] Total space in use, mmap + non-mmap:        36656256 Byte
20220314 061514.188 INFO             PET1 PIOc_freedecomp Enter - MemInfo: [malloc] Total space held (mmap + non-mmap):         55615488 Byte
20220314 061514.188 INFO             PET1 PIOc_freedecomp Enter - MemInfo: [malloc] Total space used (mmap + non-mmap):         36665584 Byte
20220314 061514.188 INFO             PET1 PIOc_freedecomp Enter - MemInfo: Wall-clock time since execution start:               0.160047 seconds
20220314 061514.188 INFO             PET1 PIOc_freedecomp Exit - MemInfo: [/proc/meminfo - SSI]	MemTotal:       65507008 kB
20220314 061514.189 INFO             PET1 PIOc_freedecomp Exit - MemInfo: [/proc/meminfo - SSI]	MemFree:        49809460 kB
20220314 061514.189 INFO             PET1 PIOc_freedecomp Exit - MemInfo: [/proc/meminfo - SSI]	MemAvailable:   49567828 kB
20220314 061514.189 INFO             PET1 PIOc_freedecomp Exit - MemInfo: [/proc/meminfo - SSI]	Committed_AS:   13372492 kB
20220314 061514.189 INFO             PET1 PIOc_freedecomp Exit - MemInfo: [/proc/meminfo - SSI]	CommittedPercent: 20.4138 %
20220314 061514.189 INFO             PET1 PIOc_freedecomp Exit - MemInfo: [/proc/self/status]	VmPeak:	65935140 kB
20220314 061514.189 INFO             PET1 PIOc_freedecomp Exit - MemInfo: [/proc/self/status]	VmSize:	65926952 kB
20220314 061514.189 INFO             PET1 PIOc_freedecomp Exit - MemInfo: [/proc/self/status]	VmLck:	       0 kB
20220314 061514.189 INFO             PET1 PIOc_freedecomp Exit - MemInfo: [/proc/self/status]	VmPin:	       0 kB
20220314 061514.189 INFO             PET1 PIOc_freedecomp Exit - MemInfo: [/proc/self/status]	VmHWM:	   37032 kB
20220314 061514.189 INFO             PET1 PIOc_freedecomp Exit - MemInfo: [/proc/self/status]	VmRSS:	   36104 kB
20220314 061514.189 INFO             PET1 PIOc_freedecomp Exit - MemInfo: [/proc/self/status]	VmData:	   57624 kB
20220314 061514.189 INFO             PET1 PIOc_freedecomp Exit - MemInfo: [/proc/self/status]	VmStk:	     144 kB
20220314 061514.189 INFO             PET1 PIOc_freedecomp Exit - MemInfo: [/proc/self/status]	VmExe:	     200 kB
20220314 061514.189 INFO             PET1 PIOc_freedecomp Exit - MemInfo: [/proc/self/status]	VmLib:	   39920 kB
20220314 061514.189 INFO             PET1 PIOc_freedecomp Exit - MemInfo: [/proc/self/status]	VmPTE:	     316 kB
20220314 061514.189 INFO             PET1 PIOc_freedecomp Exit - MemInfo: [/proc/self/status]	VmPMD:	      28 kB
20220314 061514.189 INFO             PET1 PIOc_freedecomp Exit - MemInfo: [/proc/self/status]	VmSwap:	       0 kB
20220314 061514.189 INFO             PET1 PIOc_freedecomp Exit - MemInfo: [/proc/self/status]	VmRSSPercent: 0.0551147 %
20220314 061514.189 INFO             PET1 PIOc_freedecomp Exit - MemInfo: [malloc] Non-mmapped space allocated:                55615488 Byte
20220314 061514.189 INFO             PET1 PIOc_freedecomp Exit - MemInfo: [malloc] Space allocated in mmapped regions:                0 Byte
20220314 061514.189 INFO             PET1 PIOc_freedecomp Exit - MemInfo: [malloc] Maximum total allocated space:                     0 Byte
20220314 061514.189 INFO             PET1 PIOc_freedecomp Exit - MemInfo: [malloc] Space in freed fastbin blocks:                  1712 Byte
20220314 061514.189 INFO             PET1 PIOc_freedecomp Exit - MemInfo: [malloc] Total allocated space:                      36653968 Byte
20220314 061514.189 INFO             PET1 PIOc_freedecomp Exit - MemInfo: [malloc] Total free space:                           18961520 Byte
20220314 061514.189 INFO             PET1 PIOc_freedecomp Exit - MemInfo: [malloc] Top-most, releasable space:                 16908976 Byte
20220314 061514.189 INFO             PET1 PIOc_freedecomp Exit - MemInfo: [malloc] Total space in use, mmap + non-mmap:        36653968 Byte
20220314 061514.189 INFO             PET1 PIOc_freedecomp Exit - MemInfo: [malloc] Total space held (mmap + non-mmap):         55615488 Byte
20220314 061514.189 INFO             PET1 PIOc_freedecomp Exit - MemInfo: [malloc] Total space used (mmap + non-mmap):         36663296 Byte
20220314 061514.189 INFO             PET1 PIOc_freedecomp Exit - MemInfo: Wall-clock time since execution start:               0.160382 seconds
20220314 061514.190 INFO             PET1 PIOc_sync Enter - MemInfo: [/proc/meminfo - SSI]	MemTotal:       65507008 kB
20220314 061514.190 INFO             PET1 PIOc_sync Enter - MemInfo: [/proc/meminfo - SSI]	MemFree:        49809460 kB
20220314 061514.190 INFO             PET1 PIOc_sync Enter - MemInfo: [/proc/meminfo - SSI]	MemAvailable:   49567828 kB
20220314 061514.190 INFO             PET1 PIOc_sync Enter - MemInfo: [/proc/meminfo - SSI]	Committed_AS:   13372492 kB
20220314 061514.190 INFO             PET1 PIOc_sync Enter - MemInfo: [/proc/meminfo - SSI]	CommittedPercent: 20.4138 %
20220314 061514.190 INFO             PET1 PIOc_sync Enter - MemInfo: [/proc/self/status]	VmPeak:	65935140 kB
20220314 061514.190 INFO             PET1 PIOc_sync Enter - MemInfo: [/proc/self/status]	VmSize:	65926952 kB
20220314 061514.190 INFO             PET1 PIOc_sync Enter - MemInfo: [/proc/self/status]	VmLck:	       0 kB
20220314 061514.190 INFO             PET1 PIOc_sync Enter - MemInfo: [/proc/self/status]	VmPin:	       0 kB
20220314 061514.190 INFO             PET1 PIOc_sync Enter - MemInfo: [/proc/self/status]	VmHWM:	   37032 kB
20220314 061514.190 INFO             PET1 PIOc_sync Enter - MemInfo: [/proc/self/status]	VmRSS:	   36108 kB
20220314 061514.190 INFO             PET1 PIOc_sync Enter - MemInfo: [/proc/self/status]	VmData:	   57624 kB
20220314 061514.190 INFO             PET1 PIOc_sync Enter - MemInfo: [/proc/self/status]	VmStk:	     144 kB
20220314 061514.190 INFO             PET1 PIOc_sync Enter - MemInfo: [/proc/self/status]	VmExe:	     200 kB
20220314 061514.190 INFO             PET1 PIOc_sync Enter - MemInfo: [/proc/self/status]	VmLib:	   39920 kB
20220314 061514.190 INFO             PET1 PIOc_sync Enter - MemInfo: [/proc/self/status]	VmPTE:	     316 kB
20220314 061514.190 INFO             PET1 PIOc_sync Enter - MemInfo: [/proc/self/status]	VmPMD:	      28 kB
20220314 061514.190 INFO             PET1 PIOc_sync Enter - MemInfo: [/proc/self/status]	VmSwap:	       0 kB
20220314 061514.190 INFO             PET1 PIOc_sync Enter - MemInfo: [/proc/self/status]	VmRSSPercent: 0.0551208 %
20220314 061514.190 INFO             PET1 PIOc_sync Enter - MemInfo: [malloc] Non-mmapped space allocated:                55615488 Byte
20220314 061514.190 INFO             PET1 PIOc_sync Enter - MemInfo: [malloc] Space allocated in mmapped regions:                0 Byte
20220314 061514.190 INFO             PET1 PIOc_sync Enter - MemInfo: [malloc] Maximum total allocated space:                     0 Byte
20220314 061514.190 INFO             PET1 PIOc_sync Enter - MemInfo: [malloc] Space in freed fastbin blocks:                  2832 Byte
20220314 061514.190 INFO             PET1 PIOc_sync Enter - MemInfo: [malloc] Total allocated space:                      36659056 Byte
20220314 061514.190 INFO             PET1 PIOc_sync Enter - MemInfo: [malloc] Total free space:                           18956432 Byte
20220314 061514.190 INFO             PET1 PIOc_sync Enter - MemInfo: [malloc] Top-most, releasable space:                 16908976 Byte
20220314 061514.190 INFO             PET1 PIOc_sync Enter - MemInfo: [malloc] Total space in use, mmap + non-mmap:        36659056 Byte
20220314 061514.190 INFO             PET1 PIOc_sync Enter - MemInfo: [malloc] Total space held (mmap + non-mmap):         55615488 Byte
20220314 061514.190 INFO             PET1 PIOc_sync Enter - MemInfo: [malloc] Total space used (mmap + non-mmap):         36668400 Byte
20220314 061514.190 INFO             PET1 PIOc_sync Enter - MemInfo: Wall-clock time since execution start:               0.161783 seconds
20220314 061514.190 INFO             PET1 PIOc_sync Exit - MemInfo: [/proc/meminfo - SSI]	MemTotal:       65507008 kB
20220314 061514.190 INFO             PET1 PIOc_sync Exit - MemInfo: [/proc/meminfo - SSI]	MemFree:        49809460 kB
20220314 061514.190 INFO             PET1 PIOc_sync Exit - MemInfo: [/proc/meminfo - SSI]	MemAvailable:   49567828 kB
20220314 061514.190 INFO             PET1 PIOc_sync Exit - MemInfo: [/proc/meminfo - SSI]	Committed_AS:   13372492 kB
20220314 061514.190 INFO             PET1 PIOc_sync Exit - MemInfo: [/proc/meminfo - SSI]	CommittedPercent: 20.4138 %
20220314 061514.190 INFO             PET1 PIOc_sync Exit - MemInfo: [/proc/self/status]	VmPeak:	65935140 kB
20220314 061514.190 INFO             PET1 PIOc_sync Exit - MemInfo: [/proc/self/status]	VmSize:	65926952 kB
20220314 061514.190 INFO             PET1 PIOc_sync Exit - MemInfo: [/proc/self/status]	VmLck:	       0 kB
20220314 061514.190 INFO             PET1 PIOc_sync Exit - MemInfo: [/proc/self/status]	VmPin:	       0 kB
20220314 061514.190 INFO             PET1 PIOc_sync Exit - MemInfo: [/proc/self/status]	VmHWM:	   37032 kB
20220314 061514.190 INFO             PET1 PIOc_sync Exit - MemInfo: [/proc/self/status]	VmRSS:	   36108 kB
20220314 061514.190 INFO             PET1 PIOc_sync Exit - MemInfo: [/proc/self/status]	VmData:	   57624 kB
20220314 061514.190 INFO             PET1 PIOc_sync Exit - MemInfo: [/proc/self/status]	VmStk:	     144 kB
20220314 061514.190 INFO             PET1 PIOc_sync Exit - MemInfo: [/proc/self/status]	VmExe:	     200 kB
20220314 061514.190 INFO             PET1 PIOc_sync Exit - MemInfo: [/proc/self/status]	VmLib:	   39920 kB
20220314 061514.190 INFO             PET1 PIOc_sync Exit - MemInfo: [/proc/self/status]	VmPTE:	     316 kB
20220314 061514.190 INFO             PET1 PIOc_sync Exit - MemInfo: [/proc/self/status]	VmPMD:	      28 kB
20220314 061514.190 INFO             PET1 PIOc_sync Exit - MemInfo: [/proc/self/status]	VmSwap:	       0 kB
20220314 061514.190 INFO             PET1 PIOc_sync Exit - MemInfo: [/proc/self/status]	VmRSSPercent: 0.0551208 %
20220314 061514.190 INFO             PET1 PIOc_sync Exit - MemInfo: [malloc] Non-mmapped space allocated:                55615488 Byte
20220314 061514.190 INFO             PET1 PIOc_sync Exit - MemInfo: [malloc] Space allocated in mmapped regions:                0 Byte
20220314 061514.191 INFO             PET1 PIOc_sync Exit - MemInfo: [malloc] Maximum total allocated space:                     0 Byte
20220314 061514.191 INFO             PET1 PIOc_sync Exit - MemInfo: [malloc] Space in freed fastbin blocks:                  1632 Byte
20220314 061514.191 INFO             PET1 PIOc_sync Exit - MemInfo: [malloc] Total allocated space:                      36658080 Byte
20220314 061514.191 INFO             PET1 PIOc_sync Exit - MemInfo: [malloc] Total free space:                           18957408 Byte
20220314 061514.191 INFO             PET1 PIOc_sync Exit - MemInfo: [malloc] Top-most, releasable space:                 16908976 Byte
20220314 061514.191 INFO             PET1 PIOc_sync Exit - MemInfo: [malloc] Total space in use, mmap + non-mmap:        36658080 Byte
20220314 061514.191 INFO             PET1 PIOc_sync Exit - MemInfo: [malloc] Total space held (mmap + non-mmap):         55615488 Byte
20220314 061514.191 INFO             PET1 PIOc_sync Exit - MemInfo: [malloc] Total space used (mmap + non-mmap):         36667408 Byte
20220314 061514.191 INFO             PET1 PIOc_sync Exit - MemInfo: Wall-clock time since execution start:               0.162165 seconds
20220314 061514.191 INFO             PET1 PIOc_freedecomp Enter - MemInfo: [/proc/meminfo - SSI]	MemTotal:       65507008 kB
20220314 061514.191 INFO             PET1 PIOc_freedecomp Enter - MemInfo: [/proc/meminfo - SSI]	MemFree:        49809460 kB
20220314 061514.191 INFO             PET1 PIOc_freedecomp Enter - MemInfo: [/proc/meminfo - SSI]	MemAvailable:   49567828 kB
20220314 061514.191 INFO             PET1 PIOc_freedecomp Enter - MemInfo: [/proc/meminfo - SSI]	Committed_AS:   13372492 kB
20220314 061514.191 INFO             PET1 PIOc_freedecomp Enter - MemInfo: [/proc/meminfo - SSI]	CommittedPercent: 20.4138 %
20220314 061514.191 INFO             PET1 PIOc_freedecomp Enter - MemInfo: [/proc/self/status]	VmPeak:	65935140 kB
20220314 061514.191 INFO             PET1 PIOc_freedecomp Enter - MemInfo: [/proc/self/status]	VmSize:	65926952 kB
20220314 061514.191 INFO             PET1 PIOc_freedecomp Enter - MemInfo: [/proc/self/status]	VmLck:	       0 kB
20220314 061514.191 INFO             PET1 PIOc_freedecomp Enter - MemInfo: [/proc/self/status]	VmPin:	       0 kB
20220314 061514.191 INFO             PET1 PIOc_freedecomp Enter - MemInfo: [/proc/self/status]	VmHWM:	   37032 kB
20220314 061514.191 INFO             PET1 PIOc_freedecomp Enter - MemInfo: [/proc/self/status]	VmRSS:	   36108 kB
20220314 061514.191 INFO             PET1 PIOc_freedecomp Enter - MemInfo: [/proc/self/status]	VmData:	   57624 kB
20220314 061514.191 INFO             PET1 PIOc_freedecomp Enter - MemInfo: [/proc/self/status]	VmStk:	     144 kB
20220314 061514.191 INFO             PET1 PIOc_freedecomp Enter - MemInfo: [/proc/self/status]	VmExe:	     200 kB
20220314 061514.191 INFO             PET1 PIOc_freedecomp Enter - MemInfo: [/proc/self/status]	VmLib:	   39920 kB
20220314 061514.191 INFO             PET1 PIOc_freedecomp Enter - MemInfo: [/proc/self/status]	VmPTE:	     316 kB
20220314 061514.191 INFO             PET1 PIOc_freedecomp Enter - MemInfo: [/proc/self/status]	VmPMD:	      28 kB
20220314 061514.191 INFO             PET1 PIOc_freedecomp Enter - MemInfo: [/proc/self/status]	VmSwap:	       0 kB
20220314 061514.191 INFO             PET1 PIOc_freedecomp Enter - MemInfo: [/proc/self/status]	VmRSSPercent: 0.0551208 %
20220314 061514.191 INFO             PET1 PIOc_freedecomp Enter - MemInfo: [malloc] Non-mmapped space allocated:                55615488 Byte
20220314 061514.191 INFO             PET1 PIOc_freedecomp Enter - MemInfo: [malloc] Space allocated in mmapped regions:                0 Byte
20220314 061514.191 INFO             PET1 PIOc_freedecomp Enter - MemInfo: [malloc] Maximum total allocated space:                     0 Byte
20220314 061514.191 INFO             PET1 PIOc_freedecomp Enter - MemInfo: [malloc] Space in freed fastbin blocks:                  1584 Byte
20220314 061514.191 INFO             PET1 PIOc_freedecomp Enter - MemInfo: [malloc] Total allocated space:                      36656240 Byte
20220314 061514.191 INFO             PET1 PIOc_freedecomp Enter - MemInfo: [malloc] Total free space:                           18959248 Byte
20220314 061514.191 INFO             PET1 PIOc_freedecomp Enter - MemInfo: [malloc] Top-most, releasable space:                 16908976 Byte
20220314 061514.191 INFO             PET1 PIOc_freedecomp Enter - MemInfo: [malloc] Total space in use, mmap + non-mmap:        36656240 Byte
20220314 061514.191 INFO             PET1 PIOc_freedecomp Enter - MemInfo: [malloc] Total space held (mmap + non-mmap):         55615488 Byte
20220314 061514.191 INFO             PET1 PIOc_freedecomp Enter - MemInfo: [malloc] Total space used (mmap + non-mmap):         36665568 Byte
20220314 061514.191 INFO             PET1 PIOc_freedecomp Enter - MemInfo: Wall-clock time since execution start:                0.16252 seconds
20220314 061514.191 INFO             PET1 PIOc_freedecomp Exit - MemInfo: [/proc/meminfo - SSI]	MemTotal:       65507008 kB
20220314 061514.191 INFO             PET1 PIOc_freedecomp Exit - MemInfo: [/proc/meminfo - SSI]	MemFree:        49809460 kB
20220314 061514.191 INFO             PET1 PIOc_freedecomp Exit - MemInfo: [/proc/meminfo - SSI]	MemAvailable:   49567828 kB
20220314 061514.191 INFO             PET1 PIOc_freedecomp Exit - MemInfo: [/proc/meminfo - SSI]	Committed_AS:   13372492 kB
20220314 061514.191 INFO             PET1 PIOc_freedecomp Exit - MemInfo: [/proc/meminfo - SSI]	CommittedPercent: 20.4138 %
20220314 061514.191 INFO             PET1 PIOc_freedecomp Exit - MemInfo: [/proc/self/status]	VmPeak:	65935140 kB
20220314 061514.191 INFO             PET1 PIOc_freedecomp Exit - MemInfo: [/proc/self/status]	VmSize:	65926952 kB
20220314 061514.191 INFO             PET1 PIOc_freedecomp Exit - MemInfo: [/proc/self/status]	VmLck:	       0 kB
20220314 061514.191 INFO             PET1 PIOc_freedecomp Exit - MemInfo: [/proc/self/status]	VmPin:	       0 kB
20220314 061514.191 INFO             PET1 PIOc_freedecomp Exit - MemInfo: [/proc/self/status]	VmHWM:	   37032 kB
20220314 061514.191 INFO             PET1 PIOc_freedecomp Exit - MemInfo: [/proc/self/status]	VmRSS:	   36108 kB
20220314 061514.191 INFO             PET1 PIOc_freedecomp Exit - MemInfo: [/proc/self/status]	VmData:	   57624 kB
20220314 061514.191 INFO             PET1 PIOc_freedecomp Exit - MemInfo: [/proc/self/status]	VmStk:	     144 kB
20220314 061514.191 INFO             PET1 PIOc_freedecomp Exit - MemInfo: [/proc/self/status]	VmExe:	     200 kB
20220314 061514.191 INFO             PET1 PIOc_freedecomp Exit - MemInfo: [/proc/self/status]	VmLib:	   39920 kB
20220314 061514.191 INFO             PET1 PIOc_freedecomp Exit - MemInfo: [/proc/self/status]	VmPTE:	     316 kB
20220314 061514.191 INFO             PET1 PIOc_freedecomp Exit - MemInfo: [/proc/self/status]	VmPMD:	      28 kB
20220314 061514.191 INFO             PET1 PIOc_freedecomp Exit - MemInfo: [/proc/self/status]	VmSwap:	       0 kB
20220314 061514.191 INFO             PET1 PIOc_freedecomp Exit - MemInfo: [/proc/self/status]	VmRSSPercent: 0.0551208 %
20220314 061514.191 INFO             PET1 PIOc_freedecomp Exit - MemInfo: [malloc] Non-mmapped space allocated:                55615488 Byte
20220314 061514.191 INFO             PET1 PIOc_freedecomp Exit - MemInfo: [malloc] Space allocated in mmapped regions:                0 Byte
20220314 061514.191 INFO             PET1 PIOc_freedecomp Exit - MemInfo: [malloc] Maximum total allocated space:                     0 Byte
20220314 061514.191 INFO             PET1 PIOc_freedecomp Exit - MemInfo: [malloc] Space in freed fastbin blocks:                  1808 Byte
20220314 061514.191 INFO             PET1 PIOc_freedecomp Exit - MemInfo: [malloc] Total allocated space:                      36653968 Byte
20220314 061514.191 INFO             PET1 PIOc_freedecomp Exit - MemInfo: [malloc] Total free space:                           18961520 Byte
20220314 061514.191 INFO             PET1 PIOc_freedecomp Exit - MemInfo: [malloc] Top-most, releasable space:                 16908976 Byte
20220314 061514.191 INFO             PET1 PIOc_freedecomp Exit - MemInfo: [malloc] Total space in use, mmap + non-mmap:        36653968 Byte
20220314 061514.191 INFO             PET1 PIOc_freedecomp Exit - MemInfo: [malloc] Total space held (mmap + non-mmap):         55615488 Byte
20220314 061514.191 INFO             PET1 PIOc_freedecomp Exit - MemInfo: [malloc] Total space used (mmap + non-mmap):         36663296 Byte
20220314 061514.191 INFO             PET1 PIOc_freedecomp Exit - MemInfo: Wall-clock time since execution start:               0.162844 seconds
20220314 061514.192 INFO             PET1 PIOc_sync Enter - MemInfo: [/proc/meminfo - SSI]	MemTotal:       65507008 kB
20220314 061514.192 INFO             PET1 PIOc_sync Enter - MemInfo: [/proc/meminfo - SSI]	MemFree:        49809460 kB
20220314 061514.192 INFO             PET1 PIOc_sync Enter - MemInfo: [/proc/meminfo - SSI]	MemAvailable:   49567828 kB
20220314 061514.192 INFO             PET1 PIOc_sync Enter - MemInfo: [/proc/meminfo - SSI]	Committed_AS:   13372492 kB
20220314 061514.192 INFO             PET1 PIOc_sync Enter - MemInfo: [/proc/meminfo - SSI]	CommittedPercent: 20.4138 %
20220314 061514.192 INFO             PET1 PIOc_sync Enter - MemInfo: [/proc/self/status]	VmPeak:	65935140 kB
20220314 061514.192 INFO             PET1 PIOc_sync Enter - MemInfo: [/proc/self/status]	VmSize:	65926952 kB
20220314 061514.192 INFO             PET1 PIOc_sync Enter - MemInfo: [/proc/self/status]	VmLck:	       0 kB
20220314 061514.192 INFO             PET1 PIOc_sync Enter - MemInfo: [/proc/self/status]	VmPin:	       0 kB
20220314 061514.192 INFO             PET1 PIOc_sync Enter - MemInfo: [/proc/self/status]	VmHWM:	   37032 kB
20220314 061514.192 INFO             PET1 PIOc_sync Enter - MemInfo: [/proc/self/status]	VmRSS:	   36108 kB
20220314 061514.192 INFO             PET1 PIOc_sync Enter - MemInfo: [/proc/self/status]	VmData:	   57624 kB
20220314 061514.192 INFO             PET1 PIOc_sync Enter - MemInfo: [/proc/self/status]	VmStk:	     144 kB
20220314 061514.192 INFO             PET1 PIOc_sync Enter - MemInfo: [/proc/self/status]	VmExe:	     200 kB
20220314 061514.192 INFO             PET1 PIOc_sync Enter - MemInfo: [/proc/self/status]	VmLib:	   39920 kB
20220314 061514.192 INFO             PET1 PIOc_sync Enter - MemInfo: [/proc/self/status]	VmPTE:	     316 kB
20220314 061514.192 INFO             PET1 PIOc_sync Enter - MemInfo: [/proc/self/status]	VmPMD:	      28 kB
20220314 061514.192 INFO             PET1 PIOc_sync Enter - MemInfo: [/proc/self/status]	VmSwap:	       0 kB
20220314 061514.192 INFO             PET1 PIOc_sync Enter - MemInfo: [/proc/self/status]	VmRSSPercent: 0.0551208 %
20220314 061514.192 INFO             PET1 PIOc_sync Enter - MemInfo: [malloc] Non-mmapped space allocated:                55615488 Byte
20220314 061514.192 INFO             PET1 PIOc_sync Enter - MemInfo: [malloc] Space allocated in mmapped regions:                0 Byte
20220314 061514.192 INFO             PET1 PIOc_sync Enter - MemInfo: [malloc] Maximum total allocated space:                     0 Byte
20220314 061514.192 INFO             PET1 PIOc_sync Enter - MemInfo: [malloc] Space in freed fastbin blocks:                  2896 Byte
20220314 061514.192 INFO             PET1 PIOc_sync Enter - MemInfo: [malloc] Total allocated space:                      36659184 Byte
20220314 061514.192 INFO             PET1 PIOc_sync Enter - MemInfo: [malloc] Total free space:                           18956304 Byte
20220314 061514.192 INFO             PET1 PIOc_sync Enter - MemInfo: [malloc] Top-most, releasable space:                 16908976 Byte
20220314 061514.192 INFO             PET1 PIOc_sync Enter - MemInfo: [malloc] Total space in use, mmap + non-mmap:        36659184 Byte
20220314 061514.192 INFO             PET1 PIOc_sync Enter - MemInfo: [malloc] Total space held (mmap + non-mmap):         55615488 Byte
20220314 061514.192 INFO             PET1 PIOc_sync Enter - MemInfo: [malloc] Total space used (mmap + non-mmap):         36668512 Byte
20220314 061514.192 INFO             PET1 PIOc_sync Enter - MemInfo: Wall-clock time since execution start:               0.163865 seconds
20220314 061514.194 INFO             PET1 PIOc_sync Exit - MemInfo: [/proc/meminfo - SSI]	MemTotal:       65507008 kB
20220314 061514.194 INFO             PET1 PIOc_sync Exit - MemInfo: [/proc/meminfo - SSI]	MemFree:        49809460 kB
20220314 061514.194 INFO             PET1 PIOc_sync Exit - MemInfo: [/proc/meminfo - SSI]	MemAvailable:   49567828 kB
20220314 061514.194 INFO             PET1 PIOc_sync Exit - MemInfo: [/proc/meminfo - SSI]	Committed_AS:   13372492 kB
20220314 061514.194 INFO             PET1 PIOc_sync Exit - MemInfo: [/proc/meminfo - SSI]	CommittedPercent: 20.4138 %
20220314 061514.194 INFO             PET1 PIOc_sync Exit - MemInfo: [/proc/self/status]	VmPeak:	65935140 kB
20220314 061514.194 INFO             PET1 PIOc_sync Exit - MemInfo: [/proc/self/status]	VmSize:	65926952 kB
20220314 061514.194 INFO             PET1 PIOc_sync Exit - MemInfo: [/proc/self/status]	VmLck:	       0 kB
20220314 061514.194 INFO             PET1 PIOc_sync Exit - MemInfo: [/proc/self/status]	VmPin:	       0 kB
20220314 061514.194 INFO             PET1 PIOc_sync Exit - MemInfo: [/proc/self/status]	VmHWM:	   37032 kB
20220314 061514.194 INFO             PET1 PIOc_sync Exit - MemInfo: [/proc/self/status]	VmRSS:	   36108 kB
20220314 061514.194 INFO             PET1 PIOc_sync Exit - MemInfo: [/proc/self/status]	VmData:	   57624 kB
20220314 061514.194 INFO             PET1 PIOc_sync Exit - MemInfo: [/proc/self/status]	VmStk:	     144 kB
20220314 061514.194 INFO             PET1 PIOc_sync Exit - MemInfo: [/proc/self/status]	VmExe:	     200 kB
20220314 061514.194 INFO             PET1 PIOc_sync Exit - MemInfo: [/proc/self/status]	VmLib:	   39920 kB
20220314 061514.195 INFO             PET1 PIOc_sync Exit - MemInfo: [/proc/self/status]	VmPTE:	     316 kB
20220314 061514.195 INFO             PET1 PIOc_sync Exit - MemInfo: [/proc/self/status]	VmPMD:	      28 kB
20220314 061514.195 INFO             PET1 PIOc_sync Exit - MemInfo: [/proc/self/status]	VmSwap:	       0 kB
20220314 061514.195 INFO             PET1 PIOc_sync Exit - MemInfo: [/proc/self/status]	VmRSSPercent: 0.0551208 %
20220314 061514.195 INFO             PET1 PIOc_sync Exit - MemInfo: [malloc] Non-mmapped space allocated:                55615488 Byte
20220314 061514.195 INFO             PET1 PIOc_sync Exit - MemInfo: [malloc] Space allocated in mmapped regions:                0 Byte
20220314 061514.195 INFO             PET1 PIOc_sync Exit - MemInfo: [malloc] Maximum total allocated space:                     0 Byte
20220314 061514.195 INFO             PET1 PIOc_sync Exit - MemInfo: [malloc] Space in freed fastbin blocks:                  1504 Byte
20220314 061514.195 INFO             PET1 PIOc_sync Exit - MemInfo: [malloc] Total allocated space:                      36658208 Byte
20220314 061514.195 INFO             PET1 PIOc_sync Exit - MemInfo: [malloc] Total free space:                           18957280 Byte
20220314 061514.195 INFO             PET1 PIOc_sync Exit - MemInfo: [malloc] Top-most, releasable space:                 16908976 Byte
20220314 061514.195 INFO             PET1 PIOc_sync Exit - MemInfo: [malloc] Total space in use, mmap + non-mmap:        36658208 Byte
20220314 061514.195 INFO             PET1 PIOc_sync Exit - MemInfo: [malloc] Total space held (mmap + non-mmap):         55615488 Byte
20220314 061514.195 INFO             PET1 PIOc_sync Exit - MemInfo: [malloc] Total space used (mmap + non-mmap):         36667536 Byte
20220314 061514.195 INFO             PET1 PIOc_sync Exit - MemInfo: Wall-clock time since execution start:                0.16623 seconds
20220314 061514.195 INFO             PET1 PIOc_freedecomp Enter - MemInfo: [/proc/meminfo - SSI]	MemTotal:       65507008 kB
20220314 061514.195 INFO             PET1 PIOc_freedecomp Enter - MemInfo: [/proc/meminfo - SSI]	MemFree:        49809460 kB
20220314 061514.195 INFO             PET1 PIOc_freedecomp Enter - MemInfo: [/proc/meminfo - SSI]	MemAvailable:   49567828 kB
20220314 061514.195 INFO             PET1 PIOc_freedecomp Enter - MemInfo: [/proc/meminfo - SSI]	Committed_AS:   13372492 kB
20220314 061514.195 INFO             PET1 PIOc_freedecomp Enter - MemInfo: [/proc/meminfo - SSI]	CommittedPercent: 20.4138 %
20220314 061514.195 INFO             PET1 PIOc_freedecomp Enter - MemInfo: [/proc/self/status]	VmPeak:	65935140 kB
20220314 061514.195 INFO             PET1 PIOc_freedecomp Enter - MemInfo: [/proc/self/status]	VmSize:	65926952 kB
20220314 061514.195 INFO             PET1 PIOc_freedecomp Enter - MemInfo: [/proc/self/status]	VmLck:	       0 kB
20220314 061514.195 INFO             PET1 PIOc_freedecomp Enter - MemInfo: [/proc/self/status]	VmPin:	       0 kB
20220314 061514.195 INFO             PET1 PIOc_freedecomp Enter - MemInfo: [/proc/self/status]	VmHWM:	   37032 kB
20220314 061514.195 INFO             PET1 PIOc_freedecomp Enter - MemInfo: [/proc/self/status]	VmRSS:	   36108 kB
20220314 061514.195 INFO             PET1 PIOc_freedecomp Enter - MemInfo: [/proc/self/status]	VmData:	   57624 kB
20220314 061514.195 INFO             PET1 PIOc_freedecomp Enter - MemInfo: [/proc/self/status]	VmStk:	     144 kB
20220314 061514.195 INFO             PET1 PIOc_freedecomp Enter - MemInfo: [/proc/self/status]	VmExe:	     200 kB
20220314 061514.195 INFO             PET1 PIOc_freedecomp Enter - MemInfo: [/proc/self/status]	VmLib:	   39920 kB
20220314 061514.195 INFO             PET1 PIOc_freedecomp Enter - MemInfo: [/proc/self/status]	VmPTE:	     316 kB
20220314 061514.195 INFO             PET1 PIOc_freedecomp Enter - MemInfo: [/proc/self/status]	VmPMD:	      28 kB
20220314 061514.195 INFO             PET1 PIOc_freedecomp Enter - MemInfo: [/proc/self/status]	VmSwap:	       0 kB
20220314 061514.195 INFO             PET1 PIOc_freedecomp Enter - MemInfo: [/proc/self/status]	VmRSSPercent: 0.0551208 %
20220314 061514.195 INFO             PET1 PIOc_freedecomp Enter - MemInfo: [malloc] Non-mmapped space allocated:                55615488 Byte
20220314 061514.195 INFO             PET1 PIOc_freedecomp Enter - MemInfo: [malloc] Space allocated in mmapped regions:                0 Byte
20220314 061514.195 INFO             PET1 PIOc_freedecomp Enter - MemInfo: [malloc] Maximum total allocated space:                     0 Byte
20220314 061514.195 INFO             PET1 PIOc_freedecomp Enter - MemInfo: [malloc] Space in freed fastbin blocks:                  1328 Byte
20220314 061514.195 INFO             PET1 PIOc_freedecomp Enter - MemInfo: [malloc] Total allocated space:                      36656240 Byte
20220314 061514.195 INFO             PET1 PIOc_freedecomp Enter - MemInfo: [malloc] Total free space:                           18959248 Byte
20220314 061514.195 INFO             PET1 PIOc_freedecomp Enter - MemInfo: [malloc] Top-most, releasable space:                 16908976 Byte
20220314 061514.195 INFO             PET1 PIOc_freedecomp Enter - MemInfo: [malloc] Total space in use, mmap + non-mmap:        36656240 Byte
20220314 061514.195 INFO             PET1 PIOc_freedecomp Enter - MemInfo: [malloc] Total space held (mmap + non-mmap):         55615488 Byte
20220314 061514.195 INFO             PET1 PIOc_freedecomp Enter - MemInfo: [malloc] Total space used (mmap + non-mmap):         36665568 Byte
20220314 061514.195 INFO             PET1 PIOc_freedecomp Enter - MemInfo: Wall-clock time since execution start:               0.166641 seconds
20220314 061514.195 INFO             PET1 PIOc_freedecomp Exit - MemInfo: [/proc/meminfo - SSI]	MemTotal:       65507008 kB
20220314 061514.195 INFO             PET1 PIOc_freedecomp Exit - MemInfo: [/proc/meminfo - SSI]	MemFree:        49809460 kB
20220314 061514.195 INFO             PET1 PIOc_freedecomp Exit - MemInfo: [/proc/meminfo - SSI]	MemAvailable:   49567828 kB
20220314 061514.195 INFO             PET1 PIOc_freedecomp Exit - MemInfo: [/proc/meminfo - SSI]	Committed_AS:   13372492 kB
20220314 061514.195 INFO             PET1 PIOc_freedecomp Exit - MemInfo: [/proc/meminfo - SSI]	CommittedPercent: 20.4138 %
20220314 061514.195 INFO             PET1 PIOc_freedecomp Exit - MemInfo: [/proc/self/status]	VmPeak:	65935140 kB
20220314 061514.195 INFO             PET1 PIOc_freedecomp Exit - MemInfo: [/proc/self/status]	VmSize:	65926952 kB
20220314 061514.195 INFO             PET1 PIOc_freedecomp Exit - MemInfo: [/proc/self/status]	VmLck:	       0 kB
20220314 061514.195 INFO             PET1 PIOc_freedecomp Exit - MemInfo: [/proc/self/status]	VmPin:	       0 kB
20220314 061514.195 INFO             PET1 PIOc_freedecomp Exit - MemInfo: [/proc/self/status]	VmHWM:	   37032 kB
20220314 061514.195 INFO             PET1 PIOc_freedecomp Exit - MemInfo: [/proc/self/status]	VmRSS:	   36108 kB
20220314 061514.195 INFO             PET1 PIOc_freedecomp Exit - MemInfo: [/proc/self/status]	VmData:	   57624 kB
20220314 061514.195 INFO             PET1 PIOc_freedecomp Exit - MemInfo: [/proc/self/status]	VmStk:	     144 kB
20220314 061514.195 INFO             PET1 PIOc_freedecomp Exit - MemInfo: [/proc/self/status]	VmExe:	     200 kB
20220314 061514.195 INFO             PET1 PIOc_freedecomp Exit - MemInfo: [/proc/self/status]	VmLib:	   39920 kB
20220314 061514.195 INFO             PET1 PIOc_freedecomp Exit - MemInfo: [/proc/self/status]	VmPTE:	     316 kB
20220314 061514.195 INFO             PET1 PIOc_freedecomp Exit - MemInfo: [/proc/self/status]	VmPMD:	      28 kB
20220314 061514.195 INFO             PET1 PIOc_freedecomp Exit - MemInfo: [/proc/self/status]	VmSwap:	       0 kB
20220314 061514.195 INFO             PET1 PIOc_freedecomp Exit - MemInfo: [/proc/self/status]	VmRSSPercent: 0.0551208 %
20220314 061514.195 INFO             PET1 PIOc_freedecomp Exit - MemInfo: [malloc] Non-mmapped space allocated:                55615488 Byte
20220314 061514.195 INFO             PET1 PIOc_freedecomp Exit - MemInfo: [malloc] Space allocated in mmapped regions:                0 Byte
20220314 061514.195 INFO             PET1 PIOc_freedecomp Exit - MemInfo: [malloc] Maximum total allocated space:                     0 Byte
20220314 061514.195 INFO             PET1 PIOc_freedecomp Exit - MemInfo: [malloc] Space in freed fastbin blocks:                  1712 Byte
20220314 061514.195 INFO             PET1 PIOc_freedecomp Exit - MemInfo: [malloc] Total allocated space:                      36653968 Byte
20220314 061514.195 INFO             PET1 PIOc_freedecomp Exit - MemInfo: [malloc] Total free space:                           18961520 Byte
20220314 061514.195 INFO             PET1 PIOc_freedecomp Exit - MemInfo: [malloc] Top-most, releasable space:                 16908976 Byte
20220314 061514.195 INFO             PET1 PIOc_freedecomp Exit - MemInfo: [malloc] Total space in use, mmap + non-mmap:        36653968 Byte
20220314 061514.195 INFO             PET1 PIOc_freedecomp Exit - MemInfo: [malloc] Total space held (mmap + non-mmap):         55615488 Byte
20220314 061514.195 INFO             PET1 PIOc_freedecomp Exit - MemInfo: [malloc] Total space used (mmap + non-mmap):         36663312 Byte
20220314 061514.195 INFO             PET1 PIOc_freedecomp Exit - MemInfo: Wall-clock time since execution start:               0.166962 seconds
20220314 061514.198 INFO             PET1  PASS  ESMF_FieldRegridStoreFromFile Unit Test, ESMF_FieldSMMFromFileUTest.F90, line 315
20220314 061514.198 INFO             PET1  Ending Test, file ESMF_FieldSMMFromFileUTest.F90, line 322
20220314 061514.198 INFO             PET1 Finalizing ESMF
20220314 061514.029 INFO             PET2 !!!!!!!!!!!!!!!!!!!!!!!!!!!!!!!!!!!!!!!!!!!!!!!!!!!!!!
20220314 061514.029 INFO             PET2 !!! THE ESMF_LOG IS SET TO OUTPUT ALL LOG MESSAGES !!!
20220314 061514.029 INFO             PET2 !!!     THIS MAY CAUSE SLOWDOWN IN PERFORMANCE     !!!
20220314 061514.029 INFO             PET2 !!! FOR PRODUCTION RUNS, USE:                      !!!
20220314 061514.029 INFO             PET2 !!!                   ESMF_LOGKIND_Multi_On_Error  !!!
20220314 061514.029 INFO             PET2 !!!!!!!!!!!!!!!!!!!!!!!!!!!!!!!!!!!!!!!!!!!!!!!!!!!!!!
20220314 061514.029 INFO             PET2 Running with ESMF Version   : v8.3.0b09-96-g559b459836
20220314 061514.029 INFO             PET2 ESMF library build date/time: "Mar 14 2022" "06:00:22"
20220314 061514.029 INFO             PET2 ESMF library build location : /glade/scratch/rlong/esmf-testing/gfortran_9.1.0_mpt_O_jedwards_pio_update2
20220314 061514.029 INFO             PET2 ESMF_COMM                   : mpt
20220314 061514.029 INFO             PET2 ESMF_MOAB                   : enabled
20220314 061514.029 INFO             PET2 ESMF_LAPACK                 : enabled
20220314 061514.029 INFO             PET2 ESMF_NETCDF                 : enabled
20220314 061514.029 INFO             PET2 ESMF_PNETCDF                : disabled
20220314 061514.029 INFO             PET2 ESMF_PIO                    : enabled
20220314 061514.029 INFO             PET2 ESMF_YAMLCPP                : enabled
20220314 061514.030 INFO             PET2  Beginning Test, file ESMF_FieldSMMFromFileUTest.F90, line 287
20220314 061514.030 INFO             PET2  NUMBER_OF_PROCESSORS           4
20220314 061514.176 INFO             PET2  PASS  ESMF_FieldSMMFromFile Unit Test, ESMF_FieldSMMFromFileUTest.F90, line 300
20220314 061514.184 INFO             PET2 PIOc_sync Enter - MemInfo: [/proc/meminfo - SSI]	MemTotal:       65507008 kB
20220314 061514.184 INFO             PET2 PIOc_sync Enter - MemInfo: [/proc/meminfo - SSI]	MemFree:        49809460 kB
20220314 061514.184 INFO             PET2 PIOc_sync Enter - MemInfo: [/proc/meminfo - SSI]	MemAvailable:   49567828 kB
20220314 061514.184 INFO             PET2 PIOc_sync Enter - MemInfo: [/proc/meminfo - SSI]	Committed_AS:   13372492 kB
20220314 061514.184 INFO             PET2 PIOc_sync Enter - MemInfo: [/proc/meminfo - SSI]	CommittedPercent: 20.4138 %
20220314 061514.184 INFO             PET2 PIOc_sync Enter - MemInfo: [/proc/self/status]	VmPeak:	65935152 kB
20220314 061514.184 INFO             PET2 PIOc_sync Enter - MemInfo: [/proc/self/status]	VmSize:	65926964 kB
20220314 061514.184 INFO             PET2 PIOc_sync Enter - MemInfo: [/proc/self/status]	VmLck:	       0 kB
20220314 061514.184 INFO             PET2 PIOc_sync Enter - MemInfo: [/proc/self/status]	VmPin:	       0 kB
20220314 061514.184 INFO             PET2 PIOc_sync Enter - MemInfo: [/proc/self/status]	VmHWM:	   37248 kB
20220314 061514.184 INFO             PET2 PIOc_sync Enter - MemInfo: [/proc/self/status]	VmRSS:	   36272 kB
20220314 061514.184 INFO             PET2 PIOc_sync Enter - MemInfo: [/proc/self/status]	VmData:	   57636 kB
20220314 061514.184 INFO             PET2 PIOc_sync Enter - MemInfo: [/proc/self/status]	VmStk:	     144 kB
20220314 061514.184 INFO             PET2 PIOc_sync Enter - MemInfo: [/proc/self/status]	VmExe:	     200 kB
20220314 061514.184 INFO             PET2 PIOc_sync Enter - MemInfo: [/proc/self/status]	VmLib:	   39920 kB
20220314 061514.184 INFO             PET2 PIOc_sync Enter - MemInfo: [/proc/self/status]	VmPTE:	     320 kB
20220314 061514.184 INFO             PET2 PIOc_sync Enter - MemInfo: [/proc/self/status]	VmPMD:	      28 kB
20220314 061514.184 INFO             PET2 PIOc_sync Enter - MemInfo: [/proc/self/status]	VmSwap:	       0 kB
20220314 061514.184 INFO             PET2 PIOc_sync Enter - MemInfo: [/proc/self/status]	VmRSSPercent: 0.0553712 %
20220314 061514.184 INFO             PET2 PIOc_sync Enter - MemInfo: [malloc] Non-mmapped space allocated:                55627776 Byte
20220314 061514.187 INFO             PET2 PIOc_sync Enter - MemInfo: [malloc] Space allocated in mmapped regions:                0 Byte
20220314 061514.187 INFO             PET2 PIOc_sync Enter - MemInfo: [malloc] Maximum total allocated space:                     0 Byte
20220314 061514.187 INFO             PET2 PIOc_sync Enter - MemInfo: [malloc] Space in freed fastbin blocks:                  2832 Byte
20220314 061514.187 INFO             PET2 PIOc_sync Enter - MemInfo: [malloc] Total allocated space:                      36659376 Byte
20220314 061514.187 INFO             PET2 PIOc_sync Enter - MemInfo: [malloc] Total free space:                           18968400 Byte
20220314 061514.187 INFO             PET2 PIOc_sync Enter - MemInfo: [malloc] Top-most, releasable space:                 16912304 Byte
20220314 061514.187 INFO             PET2 PIOc_sync Enter - MemInfo: [malloc] Total space in use, mmap + non-mmap:        36659376 Byte
20220314 061514.187 INFO             PET2 PIOc_sync Enter - MemInfo: [malloc] Total space held (mmap + non-mmap):         55627776 Byte
20220314 061514.187 INFO             PET2 PIOc_sync Enter - MemInfo: [malloc] Total space used (mmap + non-mmap):         36668704 Byte
20220314 061514.187 INFO             PET2 PIOc_sync Enter - MemInfo: Wall-clock time since execution start:               0.158779 seconds
20220314 061514.188 INFO             PET2 PIOc_sync Exit - MemInfo: [/proc/meminfo - SSI]	MemTotal:       65507008 kB
20220314 061514.188 INFO             PET2 PIOc_sync Exit - MemInfo: [/proc/meminfo - SSI]	MemFree:        49809460 kB
20220314 061514.188 INFO             PET2 PIOc_sync Exit - MemInfo: [/proc/meminfo - SSI]	MemAvailable:   49567828 kB
20220314 061514.188 INFO             PET2 PIOc_sync Exit - MemInfo: [/proc/meminfo - SSI]	Committed_AS:   13372492 kB
20220314 061514.188 INFO             PET2 PIOc_sync Exit - MemInfo: [/proc/meminfo - SSI]	CommittedPercent: 20.4138 %
20220314 061514.188 INFO             PET2 PIOc_sync Exit - MemInfo: [/proc/self/status]	VmPeak:	65935152 kB
20220314 061514.188 INFO             PET2 PIOc_sync Exit - MemInfo: [/proc/self/status]	VmSize:	65926964 kB
20220314 061514.188 INFO             PET2 PIOc_sync Exit - MemInfo: [/proc/self/status]	VmLck:	       0 kB
20220314 061514.188 INFO             PET2 PIOc_sync Exit - MemInfo: [/proc/self/status]	VmPin:	       0 kB
20220314 061514.188 INFO             PET2 PIOc_sync Exit - MemInfo: [/proc/self/status]	VmHWM:	   37248 kB
20220314 061514.188 INFO             PET2 PIOc_sync Exit - MemInfo: [/proc/self/status]	VmRSS:	   36332 kB
20220314 061514.188 INFO             PET2 PIOc_sync Exit - MemInfo: [/proc/self/status]	VmData:	   57636 kB
20220314 061514.188 INFO             PET2 PIOc_sync Exit - MemInfo: [/proc/self/status]	VmStk:	     144 kB
20220314 061514.188 INFO             PET2 PIOc_sync Exit - MemInfo: [/proc/self/status]	VmExe:	     200 kB
20220314 061514.188 INFO             PET2 PIOc_sync Exit - MemInfo: [/proc/self/status]	VmLib:	   39920 kB
20220314 061514.188 INFO             PET2 PIOc_sync Exit - MemInfo: [/proc/self/status]	VmPTE:	     320 kB
