build time -- 2022-03-12 06:02:09.269137
20220312 061459.911 INFO             PET0 !!!!!!!!!!!!!!!!!!!!!!!!!!!!!!!!!!!!!!!!!!!!!!!!!!!!!!
20220312 061459.912 INFO             PET0 !!! THE ESMF_LOG IS SET TO OUTPUT ALL LOG MESSAGES !!!
20220312 061459.912 INFO             PET0 !!!     THIS MAY CAUSE SLOWDOWN IN PERFORMANCE     !!!
20220312 061459.912 INFO             PET0 !!! FOR PRODUCTION RUNS, USE:                      !!!
20220312 061459.912 INFO             PET0 !!!                   ESMF_LOGKIND_Multi_On_Error  !!!
20220312 061459.912 INFO             PET0 !!!!!!!!!!!!!!!!!!!!!!!!!!!!!!!!!!!!!!!!!!!!!!!!!!!!!!
20220312 061459.912 INFO             PET0 Running with ESMF Version   : v8.3.0b09-96-g559b459836
20220312 061459.912 INFO             PET0 ESMF library build date/time: "Mar 12 2022" "06:00:17"
20220312 061459.912 INFO             PET0 ESMF library build location : /glade/scratch/rlong/esmf-testing/gfortran_9.1.0_mpt_O_jedwards_pio_update2
20220312 061459.912 INFO             PET0 ESMF_COMM                   : mpt
20220312 061459.912 INFO             PET0 ESMF_MOAB                   : enabled
20220312 061459.912 INFO             PET0 ESMF_LAPACK                 : enabled
20220312 061459.912 INFO             PET0 ESMF_NETCDF                 : enabled
20220312 061459.912 INFO             PET0 ESMF_PNETCDF                : disabled
20220312 061459.912 INFO             PET0 ESMF_PIO                    : enabled
20220312 061459.912 INFO             PET0 ESMF_YAMLCPP                : enabled
20220312 061459.912 INFO             PET0  Beginning Test, file ESMF_FieldIOUTest.F90, line 123
20220312 061459.912 INFO             PET0  NUMBER_OF_PROCESSORS           4
20220312 061459.912 INFO             PET0  PASS  Array Spec Set, ESMF_FieldIOUTest.F90, line 146
20220312 061459.912 INFO             PET0  PASS  Creating a Grid to use in Field Tests, ESMF_FieldIOUTest.F90, line 157
20220312 061459.913 INFO             PET0  PASS  Create a field from grid and fortran dummy array, ESMF_FieldIOUTest.F90, line 179
20220312 061459.913 INFO             PET0  PASS  Get Farray_w from field, ESMF_FieldIOUTest.F90, line 190
20220312 061459.923 INFO             PET0 PIOc_sync Enter - MemInfo: [/proc/meminfo - SSI]	MemTotal:       65507008 kB
20220312 061459.923 INFO             PET0 PIOc_sync Enter - MemInfo: [/proc/meminfo - SSI]	MemFree:        49471964 kB
20220312 061459.923 INFO             PET0 PIOc_sync Enter - MemInfo: [/proc/meminfo - SSI]	MemAvailable:   49229704 kB
20220312 061459.923 INFO             PET0 PIOc_sync Enter - MemInfo: [/proc/meminfo - SSI]	Committed_AS:   13219076 kB
20220312 061459.923 INFO             PET0 PIOc_sync Enter - MemInfo: [/proc/meminfo - SSI]	CommittedPercent: 20.1796 %
20220312 061459.923 INFO             PET0 PIOc_sync Enter - MemInfo: [/proc/self/status]	VmPeak:	65908020 kB
20220312 061459.923 INFO             PET0 PIOc_sync Enter - MemInfo: [/proc/self/status]	VmSize:	65908020 kB
20220312 061459.923 INFO             PET0 PIOc_sync Enter - MemInfo: [/proc/self/status]	VmLck:	       0 kB
20220312 061459.923 INFO             PET0 PIOc_sync Enter - MemInfo: [/proc/self/status]	VmPin:	       0 kB
20220312 061459.923 INFO             PET0 PIOc_sync Enter - MemInfo: [/proc/self/status]	VmHWM:	   30384 kB
20220312 061459.924 INFO             PET0 PIOc_sync Enter - MemInfo: [/proc/self/status]	VmRSS:	   30384 kB
20220312 061459.924 INFO             PET0 PIOc_sync Enter - MemInfo: [/proc/self/status]	VmData:	   38628 kB
20220312 061459.924 INFO             PET0 PIOc_sync Enter - MemInfo: [/proc/self/status]	VmStk:	     144 kB
20220312 061459.924 INFO             PET0 PIOc_sync Enter - MemInfo: [/proc/self/status]	VmExe:	     264 kB
20220312 061459.924 INFO             PET0 PIOc_sync Enter - MemInfo: [/proc/self/status]	VmLib:	   39920 kB
20220312 061459.924 INFO             PET0 PIOc_sync Enter - MemInfo: [/proc/self/status]	VmPTE:	     244 kB
20220312 061459.924 INFO             PET0 PIOc_sync Enter - MemInfo: [/proc/self/status]	VmPMD:	      16 kB
20220312 061459.925 INFO             PET0 PIOc_sync Enter - MemInfo: [/proc/self/status]	VmSwap:	       0 kB
20220312 061459.925 INFO             PET0 PIOc_sync Enter - MemInfo: [/proc/self/status]	VmRSSPercent: 0.0463828 %
20220312 061459.925 INFO             PET0 PIOc_sync Enter - MemInfo: [malloc] Non-mmapped space allocated:                36163584 Byte
20220312 061459.925 INFO             PET0 PIOc_sync Enter - MemInfo: [malloc] Space allocated in mmapped regions:                0 Byte
20220312 061459.925 INFO             PET0 PIOc_sync Enter - MemInfo: [malloc] Maximum total allocated space:                     0 Byte
20220312 061459.925 INFO             PET0 PIOc_sync Enter - MemInfo: [malloc] Space in freed fastbin blocks:                   704 Byte
20220312 061459.925 INFO             PET0 PIOc_sync Enter - MemInfo: [malloc] Total allocated space:                      36048848 Byte
20220312 061459.925 INFO             PET0 PIOc_sync Enter - MemInfo: [malloc] Total free space:                             114736 Byte
20220312 061459.925 INFO             PET0 PIOc_sync Enter - MemInfo: [malloc] Top-most, releasable space:                   113056 Byte
20220312 061459.925 INFO             PET0 PIOc_sync Enter - MemInfo: [malloc] Total space in use, mmap + non-mmap:        36048848 Byte
20220312 061459.925 INFO             PET0 PIOc_sync Enter - MemInfo: [malloc] Total space held (mmap + non-mmap):         36163584 Byte
20220312 061459.925 INFO             PET0 PIOc_sync Enter - MemInfo: [malloc] Total space used (mmap + non-mmap):         36058176 Byte
20220312 061459.925 INFO             PET0 PIOc_sync Enter - MemInfo: Wall-clock time since execution start:              0.0143137 seconds
20220312 061459.926 INFO             PET0 PIOc_sync Exit - MemInfo: [/proc/meminfo - SSI]	MemTotal:       65507008 kB
20220312 061459.926 INFO             PET0 PIOc_sync Exit - MemInfo: [/proc/meminfo - SSI]	MemFree:        49472004 kB
20220312 061459.926 INFO             PET0 PIOc_sync Exit - MemInfo: [/proc/meminfo - SSI]	MemAvailable:   49229744 kB
20220312 061459.926 INFO             PET0 PIOc_sync Exit - MemInfo: [/proc/meminfo - SSI]	Committed_AS:   13219076 kB
20220312 061459.926 INFO             PET0 PIOc_sync Exit - MemInfo: [/proc/meminfo - SSI]	CommittedPercent: 20.1796 %
20220312 061459.926 INFO             PET0 PIOc_sync Exit - MemInfo: [/proc/self/status]	VmPeak:	65908020 kB
20220312 061459.926 INFO             PET0 PIOc_sync Exit - MemInfo: [/proc/self/status]	VmSize:	65908020 kB
20220312 061459.926 INFO             PET0 PIOc_sync Exit - MemInfo: [/proc/self/status]	VmLck:	       0 kB
20220312 061459.926 INFO             PET0 PIOc_sync Exit - MemInfo: [/proc/self/status]	VmPin:	       0 kB
20220312 061459.926 INFO             PET0 PIOc_sync Exit - MemInfo: [/proc/self/status]	VmHWM:	   30508 kB
20220312 061459.926 INFO             PET0 PIOc_sync Exit - MemInfo: [/proc/self/status]	VmRSS:	   30508 kB
20220312 061459.926 INFO             PET0 PIOc_sync Exit - MemInfo: [/proc/self/status]	VmData:	   38628 kB
20220312 061459.926 INFO             PET0 PIOc_sync Exit - MemInfo: [/proc/self/status]	VmStk:	     144 kB
20220312 061459.926 INFO             PET0 PIOc_sync Exit - MemInfo: [/proc/self/status]	VmExe:	     264 kB
20220312 061459.926 INFO             PET0 PIOc_sync Exit - MemInfo: [/proc/self/status]	VmLib:	   39920 kB
20220312 061459.926 INFO             PET0 PIOc_sync Exit - MemInfo: [/proc/self/status]	VmPTE:	     244 kB
20220312 061459.926 INFO             PET0 PIOc_sync Exit - MemInfo: [/proc/self/status]	VmPMD:	      16 kB
20220312 061459.926 INFO             PET0 PIOc_sync Exit - MemInfo: [/proc/self/status]	VmSwap:	       0 kB
20220312 061459.926 INFO             PET0 PIOc_sync Exit - MemInfo: [/proc/self/status]	VmRSSPercent: 0.0465721 %
20220312 061459.926 INFO             PET0 PIOc_sync Exit - MemInfo: [malloc] Non-mmapped space allocated:                36163584 Byte
20220312 061459.926 INFO             PET0 PIOc_sync Exit - MemInfo: [malloc] Space allocated in mmapped regions:                0 Byte
20220312 061459.926 INFO             PET0 PIOc_sync Exit - MemInfo: [malloc] Maximum total allocated space:                     0 Byte
20220312 061459.926 INFO             PET0 PIOc_sync Exit - MemInfo: [malloc] Space in freed fastbin blocks:                   976 Byte
20220312 061459.926 INFO             PET0 PIOc_sync Exit - MemInfo: [malloc] Total allocated space:                      36048304 Byte
20220312 061459.926 INFO             PET0 PIOc_sync Exit - MemInfo: [malloc] Total free space:                             115280 Byte
20220312 061459.926 INFO             PET0 PIOc_sync Exit - MemInfo: [malloc] Top-most, releasable space:                   110192 Byte
20220312 061459.926 INFO             PET0 PIOc_sync Exit - MemInfo: [malloc] Total space in use, mmap + non-mmap:        36048304 Byte
20220312 061459.926 INFO             PET0 PIOc_sync Exit - MemInfo: [malloc] Total space held (mmap + non-mmap):         36163584 Byte
20220312 061459.926 INFO             PET0 PIOc_sync Exit - MemInfo: [malloc] Total space used (mmap + non-mmap):         36057632 Byte
20220312 061459.926 INFO             PET0 PIOc_sync Exit - MemInfo: Wall-clock time since execution start:              0.0158377 seconds
20220312 061459.927 INFO             PET0 PIOc_freedecomp Enter - MemInfo: [/proc/meminfo - SSI]	MemTotal:       65507008 kB
20220312 061459.927 INFO             PET0 PIOc_freedecomp Enter - MemInfo: [/proc/meminfo - SSI]	MemFree:        49472004 kB
20220312 061459.927 INFO             PET0 PIOc_freedecomp Enter - MemInfo: [/proc/meminfo - SSI]	MemAvailable:   49229744 kB
20220312 061459.927 INFO             PET0 PIOc_freedecomp Enter - MemInfo: [/proc/meminfo - SSI]	Committed_AS:   13219076 kB
20220312 061459.927 INFO             PET0 PIOc_freedecomp Enter - MemInfo: [/proc/meminfo - SSI]	CommittedPercent: 20.1796 %
20220312 061459.927 INFO             PET0 PIOc_freedecomp Enter - MemInfo: [/proc/self/status]	VmPeak:	65908020 kB
20220312 061459.927 INFO             PET0 PIOc_freedecomp Enter - MemInfo: [/proc/self/status]	VmSize:	65908020 kB
20220312 061459.927 INFO             PET0 PIOc_freedecomp Enter - MemInfo: [/proc/self/status]	VmLck:	       0 kB
20220312 061459.927 INFO             PET0 PIOc_freedecomp Enter - MemInfo: [/proc/self/status]	VmPin:	       0 kB
20220312 061459.927 INFO             PET0 PIOc_freedecomp Enter - MemInfo: [/proc/self/status]	VmHWM:	   30512 kB
20220312 061459.927 INFO             PET0 PIOc_freedecomp Enter - MemInfo: [/proc/self/status]	VmRSS:	   30512 kB
20220312 061459.927 INFO             PET0 PIOc_freedecomp Enter - MemInfo: [/proc/self/status]	VmData:	   38628 kB
20220312 061459.927 INFO             PET0 PIOc_freedecomp Enter - MemInfo: [/proc/self/status]	VmStk:	     144 kB
20220312 061459.927 INFO             PET0 PIOc_freedecomp Enter - MemInfo: [/proc/self/status]	VmExe:	     264 kB
20220312 061459.927 INFO             PET0 PIOc_freedecomp Enter - MemInfo: [/proc/self/status]	VmLib:	   39920 kB
20220312 061459.927 INFO             PET0 PIOc_freedecomp Enter - MemInfo: [/proc/self/status]	VmPTE:	     244 kB
20220312 061459.927 INFO             PET0 PIOc_freedecomp Enter - MemInfo: [/proc/self/status]	VmPMD:	      16 kB
20220312 061459.927 INFO             PET0 PIOc_freedecomp Enter - MemInfo: [/proc/self/status]	VmSwap:	       0 kB
20220312 061459.927 INFO             PET0 PIOc_freedecomp Enter - MemInfo: [/proc/self/status]	VmRSSPercent: 0.0465782 %
20220312 061459.927 INFO             PET0 PIOc_freedecomp Enter - MemInfo: [malloc] Non-mmapped space allocated:                36163584 Byte
20220312 061459.927 INFO             PET0 PIOc_freedecomp Enter - MemInfo: [malloc] Space allocated in mmapped regions:                0 Byte
20220312 061459.927 INFO             PET0 PIOc_freedecomp Enter - MemInfo: [malloc] Maximum total allocated space:                     0 Byte
20220312 061459.927 INFO             PET0 PIOc_freedecomp Enter - MemInfo: [malloc] Space in freed fastbin blocks:                  1056 Byte
20220312 061459.927 INFO             PET0 PIOc_freedecomp Enter - MemInfo: [malloc] Total allocated space:                      18733488 Byte
20220312 061459.927 INFO             PET0 PIOc_freedecomp Enter - MemInfo: [malloc] Total free space:                           17430096 Byte
20220312 061459.927 INFO             PET0 PIOc_freedecomp Enter - MemInfo: [malloc] Top-most, releasable space:                   110192 Byte
20220312 061459.927 INFO             PET0 PIOc_freedecomp Enter - MemInfo: [malloc] Total space in use, mmap + non-mmap:        18733488 Byte
20220312 061459.927 INFO             PET0 PIOc_freedecomp Enter - MemInfo: [malloc] Total space held (mmap + non-mmap):         36163584 Byte
20220312 061459.927 INFO             PET0 PIOc_freedecomp Enter - MemInfo: [malloc] Total space used (mmap + non-mmap):         18742816 Byte
20220312 061459.927 INFO             PET0 PIOc_freedecomp Enter - MemInfo: Wall-clock time since execution start:              0.0162219 seconds
20220312 061459.927 INFO             PET0 PIOc_freedecomp Exit - MemInfo: [/proc/meminfo - SSI]	MemTotal:       65507008 kB
20220312 061459.927 INFO             PET0 PIOc_freedecomp Exit - MemInfo: [/proc/meminfo - SSI]	MemFree:        49472004 kB
20220312 061459.927 INFO             PET0 PIOc_freedecomp Exit - MemInfo: [/proc/meminfo - SSI]	MemAvailable:   49229744 kB
20220312 061459.927 INFO             PET0 PIOc_freedecomp Exit - MemInfo: [/proc/meminfo - SSI]	Committed_AS:   13219076 kB
20220312 061459.927 INFO             PET0 PIOc_freedecomp Exit - MemInfo: [/proc/meminfo - SSI]	CommittedPercent: 20.1796 %
20220312 061459.927 INFO             PET0 PIOc_freedecomp Exit - MemInfo: [/proc/self/status]	VmPeak:	65908020 kB
20220312 061459.927 INFO             PET0 PIOc_freedecomp Exit - MemInfo: [/proc/self/status]	VmSize:	65908020 kB
20220312 061459.927 INFO             PET0 PIOc_freedecomp Exit - MemInfo: [/proc/self/status]	VmLck:	       0 kB
20220312 061459.927 INFO             PET0 PIOc_freedecomp Exit - MemInfo: [/proc/self/status]	VmPin:	       0 kB
20220312 061459.927 INFO             PET0 PIOc_freedecomp Exit - MemInfo: [/proc/self/status]	VmHWM:	   30512 kB
20220312 061459.927 INFO             PET0 PIOc_freedecomp Exit - MemInfo: [/proc/self/status]	VmRSS:	   30512 kB
20220312 061459.927 INFO             PET0 PIOc_freedecomp Exit - MemInfo: [/proc/self/status]	VmData:	   38628 kB
20220312 061459.927 INFO             PET0 PIOc_freedecomp Exit - MemInfo: [/proc/self/status]	VmStk:	     144 kB
20220312 061459.927 INFO             PET0 PIOc_freedecomp Exit - MemInfo: [/proc/self/status]	VmExe:	     264 kB
20220312 061459.927 INFO             PET0 PIOc_freedecomp Exit - MemInfo: [/proc/self/status]	VmLib:	   39920 kB
20220312 061459.927 INFO             PET0 PIOc_freedecomp Exit - MemInfo: [/proc/self/status]	VmPTE:	     244 kB
20220312 061459.927 INFO             PET0 PIOc_freedecomp Exit - MemInfo: [/proc/self/status]	VmPMD:	      16 kB
20220312 061459.927 INFO             PET0 PIOc_freedecomp Exit - MemInfo: [/proc/self/status]	VmSwap:	       0 kB
20220312 061459.927 INFO             PET0 PIOc_freedecomp Exit - MemInfo: [/proc/self/status]	VmRSSPercent: 0.0465782 %
20220312 061459.927 INFO             PET0 PIOc_freedecomp Exit - MemInfo: [malloc] Non-mmapped space allocated:                36163584 Byte
20220312 061459.927 INFO             PET0 PIOc_freedecomp Exit - MemInfo: [malloc] Space allocated in mmapped regions:                0 Byte
20220312 061459.927 INFO             PET0 PIOc_freedecomp Exit - MemInfo: [malloc] Maximum total allocated space:                     0 Byte
20220312 061459.927 INFO             PET0 PIOc_freedecomp Exit - MemInfo: [malloc] Space in freed fastbin blocks:                   784 Byte
20220312 061459.927 INFO             PET0 PIOc_freedecomp Exit - MemInfo: [malloc] Total allocated space:                      18728288 Byte
20220312 061459.927 INFO             PET0 PIOc_freedecomp Exit - MemInfo: [malloc] Total free space:                           17435296 Byte
20220312 061459.927 INFO             PET0 PIOc_freedecomp Exit - MemInfo: [malloc] Top-most, releasable space:                   125808 Byte
20220312 061459.927 INFO             PET0 PIOc_freedecomp Exit - MemInfo: [malloc] Total space in use, mmap + non-mmap:        18728288 Byte
20220312 061459.927 INFO             PET0 PIOc_freedecomp Exit - MemInfo: [malloc] Total space held (mmap + non-mmap):         36163584 Byte
20220312 061459.927 INFO             PET0 PIOc_freedecomp Exit - MemInfo: [malloc] Total space used (mmap + non-mmap):         18737616 Byte
20220312 061459.927 INFO             PET0 PIOc_freedecomp Exit - MemInfo: Wall-clock time since execution start:               0.016557 seconds
20220312 061459.927 INFO             PET0  PASS  Write Fortran array in Field, ESMF_FieldIOUTest.F90, line 219
20220312 061459.927 INFO             PET0  PASS  Create a field from grid and fortran dummy array without halo, ESMF_FieldIOUTest.F90, line 233
20220312 061459.927 INFO             PET0  PASS  Get Farray_w from nohalo field, ESMF_FieldIOUTest.F90, line 244
20220312 061459.929 INFO             PET0 PIOc_sync Enter - MemInfo: [/proc/meminfo - SSI]	MemTotal:       65507008 kB
20220312 061459.929 INFO             PET0 PIOc_sync Enter - MemInfo: [/proc/meminfo - SSI]	MemFree:        49472004 kB
20220312 061459.929 INFO             PET0 PIOc_sync Enter - MemInfo: [/proc/meminfo - SSI]	MemAvailable:   49229744 kB
20220312 061459.929 INFO             PET0 PIOc_sync Enter - MemInfo: [/proc/meminfo - SSI]	Committed_AS:   13219076 kB
20220312 061459.929 INFO             PET0 PIOc_sync Enter - MemInfo: [/proc/meminfo - SSI]	CommittedPercent: 20.1796 %
20220312 061459.929 INFO             PET0 PIOc_sync Enter - MemInfo: [/proc/self/status]	VmPeak:	65908020 kB
20220312 061459.929 INFO             PET0 PIOc_sync Enter - MemInfo: [/proc/self/status]	VmSize:	65908020 kB
20220312 061459.929 INFO             PET0 PIOc_sync Enter - MemInfo: [/proc/self/status]	VmLck:	       0 kB
20220312 061459.929 INFO             PET0 PIOc_sync Enter - MemInfo: [/proc/self/status]	VmPin:	       0 kB
20220312 061459.929 INFO             PET0 PIOc_sync Enter - MemInfo: [/proc/self/status]	VmHWM:	   30520 kB
20220312 061459.929 INFO             PET0 PIOc_sync Enter - MemInfo: [/proc/self/status]	VmRSS:	   30520 kB
20220312 061459.929 INFO             PET0 PIOc_sync Enter - MemInfo: [/proc/self/status]	VmData:	   38628 kB
20220312 061459.929 INFO             PET0 PIOc_sync Enter - MemInfo: [/proc/self/status]	VmStk:	     144 kB
20220312 061459.929 INFO             PET0 PIOc_sync Enter - MemInfo: [/proc/self/status]	VmExe:	     264 kB
20220312 061459.929 INFO             PET0 PIOc_sync Enter - MemInfo: [/proc/self/status]	VmLib:	   39920 kB
20220312 061459.929 INFO             PET0 PIOc_sync Enter - MemInfo: [/proc/self/status]	VmPTE:	     244 kB
20220312 061459.929 INFO             PET0 PIOc_sync Enter - MemInfo: [/proc/self/status]	VmPMD:	      16 kB
20220312 061459.929 INFO             PET0 PIOc_sync Enter - MemInfo: [/proc/self/status]	VmSwap:	       0 kB
20220312 061459.929 INFO             PET0 PIOc_sync Enter - MemInfo: [/proc/self/status]	VmRSSPercent: 0.0465904 %
20220312 061459.929 INFO             PET0 PIOc_sync Enter - MemInfo: [malloc] Non-mmapped space allocated:                36163584 Byte
20220312 061459.930 INFO             PET0 PIOc_sync Enter - MemInfo: [malloc] Space allocated in mmapped regions:                0 Byte
20220312 061459.930 INFO             PET0 PIOc_sync Enter - MemInfo: [malloc] Maximum total allocated space:                     0 Byte
20220312 061459.930 INFO             PET0 PIOc_sync Enter - MemInfo: [malloc] Space in freed fastbin blocks:                   896 Byte
20220312 061459.930 INFO             PET0 PIOc_sync Enter - MemInfo: [malloc] Total allocated space:                      36052768 Byte
20220312 061459.930 INFO             PET0 PIOc_sync Enter - MemInfo: [malloc] Total free space:                             110816 Byte
20220312 061459.930 INFO             PET0 PIOc_sync Enter - MemInfo: [malloc] Top-most, releasable space:                   109264 Byte
20220312 061459.930 INFO             PET0 PIOc_sync Enter - MemInfo: [malloc] Total space in use, mmap + non-mmap:        36052768 Byte
20220312 061459.930 INFO             PET0 PIOc_sync Enter - MemInfo: [malloc] Total space held (mmap + non-mmap):         36163584 Byte
20220312 061459.930 INFO             PET0 PIOc_sync Enter - MemInfo: [malloc] Total space used (mmap + non-mmap):         36062096 Byte
20220312 061459.930 INFO             PET0 PIOc_sync Enter - MemInfo: Wall-clock time since execution start:              0.0189522 seconds
20220312 061459.930 INFO             PET0 PIOc_sync Exit - MemInfo: [/proc/meminfo - SSI]	MemTotal:       65507008 kB
20220312 061459.930 INFO             PET0 PIOc_sync Exit - MemInfo: [/proc/meminfo - SSI]	MemFree:        49472004 kB
20220312 061459.930 INFO             PET0 PIOc_sync Exit - MemInfo: [/proc/meminfo - SSI]	MemAvailable:   49229744 kB
20220312 061459.930 INFO             PET0 PIOc_sync Exit - MemInfo: [/proc/meminfo - SSI]	Committed_AS:   13219076 kB
20220312 061459.930 INFO             PET0 PIOc_sync Exit - MemInfo: [/proc/meminfo - SSI]	CommittedPercent: 20.1796 %
20220312 061459.930 INFO             PET0 PIOc_sync Exit - MemInfo: [/proc/self/status]	VmPeak:	65908020 kB
20220312 061459.930 INFO             PET0 PIOc_sync Exit - MemInfo: [/proc/self/status]	VmSize:	65908020 kB
20220312 061459.930 INFO             PET0 PIOc_sync Exit - MemInfo: [/proc/self/status]	VmLck:	       0 kB
20220312 061459.930 INFO             PET0 PIOc_sync Exit - MemInfo: [/proc/self/status]	VmPin:	       0 kB
20220312 061459.930 INFO             PET0 PIOc_sync Exit - MemInfo: [/proc/self/status]	VmHWM:	   30520 kB
20220312 061459.930 INFO             PET0 PIOc_sync Exit - MemInfo: [/proc/self/status]	VmRSS:	   30520 kB
20220312 061459.930 INFO             PET0 PIOc_sync Exit - MemInfo: [/proc/self/status]	VmData:	   38628 kB
20220312 061459.930 INFO             PET0 PIOc_sync Exit - MemInfo: [/proc/self/status]	VmStk:	     144 kB
20220312 061459.930 INFO             PET0 PIOc_sync Exit - MemInfo: [/proc/self/status]	VmExe:	     264 kB
20220312 061459.930 INFO             PET0 PIOc_sync Exit - MemInfo: [/proc/self/status]	VmLib:	   39920 kB
20220312 061459.930 INFO             PET0 PIOc_sync Exit - MemInfo: [/proc/self/status]	VmPTE:	     244 kB
20220312 061459.930 INFO             PET0 PIOc_sync Exit - MemInfo: [/proc/self/status]	VmPMD:	      16 kB
20220312 061459.930 INFO             PET0 PIOc_sync Exit - MemInfo: [/proc/self/status]	VmSwap:	       0 kB
20220312 061459.930 INFO             PET0 PIOc_sync Exit - MemInfo: [/proc/self/status]	VmRSSPercent: 0.0465904 %
20220312 061459.930 INFO             PET0 PIOc_sync Exit - MemInfo: [malloc] Non-mmapped space allocated:                36163584 Byte
20220312 061459.930 INFO             PET0 PIOc_sync Exit - MemInfo: [malloc] Space allocated in mmapped regions:                0 Byte
20220312 061459.930 INFO             PET0 PIOc_sync Exit - MemInfo: [malloc] Maximum total allocated space:                     0 Byte
20220312 061459.930 INFO             PET0 PIOc_sync Exit - MemInfo: [malloc] Space in freed fastbin blocks:                   976 Byte
20220312 061459.930 INFO             PET0 PIOc_sync Exit - MemInfo: [malloc] Total allocated space:                      36052400 Byte
20220312 061459.930 INFO             PET0 PIOc_sync Exit - MemInfo: [malloc] Total free space:                             111184 Byte
20220312 061459.930 INFO             PET0 PIOc_sync Exit - MemInfo: [malloc] Top-most, releasable space:                   106496 Byte
20220312 061459.930 INFO             PET0 PIOc_sync Exit - MemInfo: [malloc] Total space in use, mmap + non-mmap:        36052400 Byte
20220312 061459.930 INFO             PET0 PIOc_sync Exit - MemInfo: [malloc] Total space held (mmap + non-mmap):         36163584 Byte
20220312 061459.930 INFO             PET0 PIOc_sync Exit - MemInfo: [malloc] Total space used (mmap + non-mmap):         36061728 Byte
20220312 061459.930 INFO             PET0 PIOc_sync Exit - MemInfo: Wall-clock time since execution start:               0.019349 seconds
20220312 061459.930 INFO             PET0 PIOc_freedecomp Enter - MemInfo: [/proc/meminfo - SSI]	MemTotal:       65507008 kB
20220312 061459.930 INFO             PET0 PIOc_freedecomp Enter - MemInfo: [/proc/meminfo - SSI]	MemFree:        49472004 kB
20220312 061459.930 INFO             PET0 PIOc_freedecomp Enter - MemInfo: [/proc/meminfo - SSI]	MemAvailable:   49229744 kB
20220312 061459.930 INFO             PET0 PIOc_freedecomp Enter - MemInfo: [/proc/meminfo - SSI]	Committed_AS:   13219076 kB
20220312 061459.930 INFO             PET0 PIOc_freedecomp Enter - MemInfo: [/proc/meminfo - SSI]	CommittedPercent: 20.1796 %
20220312 061459.930 INFO             PET0 PIOc_freedecomp Enter - MemInfo: [/proc/self/status]	VmPeak:	65908020 kB
20220312 061459.930 INFO             PET0 PIOc_freedecomp Enter - MemInfo: [/proc/self/status]	VmSize:	65908020 kB
20220312 061459.930 INFO             PET0 PIOc_freedecomp Enter - MemInfo: [/proc/self/status]	VmLck:	       0 kB
20220312 061459.930 INFO             PET0 PIOc_freedecomp Enter - MemInfo: [/proc/self/status]	VmPin:	       0 kB
20220312 061459.930 INFO             PET0 PIOc_freedecomp Enter - MemInfo: [/proc/self/status]	VmHWM:	   30524 kB
20220312 061459.930 INFO             PET0 PIOc_freedecomp Enter - MemInfo: [/proc/self/status]	VmRSS:	   30524 kB
20220312 061459.930 INFO             PET0 PIOc_freedecomp Enter - MemInfo: [/proc/self/status]	VmData:	   38628 kB
20220312 061459.930 INFO             PET0 PIOc_freedecomp Enter - MemInfo: [/proc/self/status]	VmStk:	     144 kB
20220312 061459.930 INFO             PET0 PIOc_freedecomp Enter - MemInfo: [/proc/self/status]	VmExe:	     264 kB
20220312 061459.930 INFO             PET0 PIOc_freedecomp Enter - MemInfo: [/proc/self/status]	VmLib:	   39920 kB
20220312 061459.930 INFO             PET0 PIOc_freedecomp Enter - MemInfo: [/proc/self/status]	VmPTE:	     244 kB
20220312 061459.930 INFO             PET0 PIOc_freedecomp Enter - MemInfo: [/proc/self/status]	VmPMD:	      16 kB
20220312 061459.930 INFO             PET0 PIOc_freedecomp Enter - MemInfo: [/proc/self/status]	VmSwap:	       0 kB
20220312 061459.930 INFO             PET0 PIOc_freedecomp Enter - MemInfo: [/proc/self/status]	VmRSSPercent: 0.0465965 %
20220312 061459.930 INFO             PET0 PIOc_freedecomp Enter - MemInfo: [malloc] Non-mmapped space allocated:                36163584 Byte
20220312 061459.930 INFO             PET0 PIOc_freedecomp Enter - MemInfo: [malloc] Space allocated in mmapped regions:                0 Byte
20220312 061459.930 INFO             PET0 PIOc_freedecomp Enter - MemInfo: [malloc] Maximum total allocated space:                     0 Byte
20220312 061459.930 INFO             PET0 PIOc_freedecomp Enter - MemInfo: [malloc] Space in freed fastbin blocks:                   864 Byte
20220312 061459.930 INFO             PET0 PIOc_freedecomp Enter - MemInfo: [malloc] Total allocated space:                      18737584 Byte
20220312 061459.930 INFO             PET0 PIOc_freedecomp Enter - MemInfo: [malloc] Total free space:                           17426000 Byte
20220312 061459.930 INFO             PET0 PIOc_freedecomp Enter - MemInfo: [malloc] Top-most, releasable space:                   106496 Byte
20220312 061459.930 INFO             PET0 PIOc_freedecomp Enter - MemInfo: [malloc] Total space in use, mmap + non-mmap:        18737584 Byte
20220312 061459.930 INFO             PET0 PIOc_freedecomp Enter - MemInfo: [malloc] Total space held (mmap + non-mmap):         36163584 Byte
20220312 061459.930 INFO             PET0 PIOc_freedecomp Enter - MemInfo: [malloc] Total space used (mmap + non-mmap):         18746912 Byte
20220312 061459.930 INFO             PET0 PIOc_freedecomp Enter - MemInfo: Wall-clock time since execution start:              0.0197174 seconds
20220312 061459.930 INFO             PET0 PIOc_freedecomp Exit - MemInfo: [/proc/meminfo - SSI]	MemTotal:       65507008 kB
20220312 061459.930 INFO             PET0 PIOc_freedecomp Exit - MemInfo: [/proc/meminfo - SSI]	MemFree:        49472004 kB
20220312 061459.930 INFO             PET0 PIOc_freedecomp Exit - MemInfo: [/proc/meminfo - SSI]	MemAvailable:   49229744 kB
20220312 061459.930 INFO             PET0 PIOc_freedecomp Exit - MemInfo: [/proc/meminfo - SSI]	Committed_AS:   13219076 kB
20220312 061459.930 INFO             PET0 PIOc_freedecomp Exit - MemInfo: [/proc/meminfo - SSI]	CommittedPercent: 20.1796 %
20220312 061459.930 INFO             PET0 PIOc_freedecomp Exit - MemInfo: [/proc/self/status]	VmPeak:	65908020 kB
20220312 061459.930 INFO             PET0 PIOc_freedecomp Exit - MemInfo: [/proc/self/status]	VmSize:	65908020 kB
20220312 061459.930 INFO             PET0 PIOc_freedecomp Exit - MemInfo: [/proc/self/status]	VmLck:	       0 kB
20220312 061459.931 INFO             PET0 PIOc_freedecomp Exit - MemInfo: [/proc/self/status]	VmPin:	       0 kB
20220312 061459.931 INFO             PET0 PIOc_freedecomp Exit - MemInfo: [/proc/self/status]	VmHWM:	   30524 kB
20220312 061459.931 INFO             PET0 PIOc_freedecomp Exit - MemInfo: [/proc/self/status]	VmRSS:	   30524 kB
20220312 061459.931 INFO             PET0 PIOc_freedecomp Exit - MemInfo: [/proc/self/status]	VmData:	   38628 kB
20220312 061459.931 INFO             PET0 PIOc_freedecomp Exit - MemInfo: [/proc/self/status]	VmStk:	     144 kB
20220312 061459.931 INFO             PET0 PIOc_freedecomp Exit - MemInfo: [/proc/self/status]	VmExe:	     264 kB
20220312 061459.931 INFO             PET0 PIOc_freedecomp Exit - MemInfo: [/proc/self/status]	VmLib:	   39920 kB
20220312 061459.931 INFO             PET0 PIOc_freedecomp Exit - MemInfo: [/proc/self/status]	VmPTE:	     244 kB
20220312 061459.931 INFO             PET0 PIOc_freedecomp Exit - MemInfo: [/proc/self/status]	VmPMD:	      16 kB
20220312 061459.931 INFO             PET0 PIOc_freedecomp Exit - MemInfo: [/proc/self/status]	VmSwap:	       0 kB
20220312 061459.931 INFO             PET0 PIOc_freedecomp Exit - MemInfo: [/proc/self/status]	VmRSSPercent: 0.0465965 %
20220312 061459.931 INFO             PET0 PIOc_freedecomp Exit - MemInfo: [malloc] Non-mmapped space allocated:                36163584 Byte
20220312 061459.931 INFO             PET0 PIOc_freedecomp Exit - MemInfo: [malloc] Space allocated in mmapped regions:                0 Byte
20220312 061459.931 INFO             PET0 PIOc_freedecomp Exit - MemInfo: [malloc] Maximum total allocated space:                     0 Byte
20220312 061459.931 INFO             PET0 PIOc_freedecomp Exit - MemInfo: [malloc] Space in freed fastbin blocks:                   960 Byte
20220312 061459.931 INFO             PET0 PIOc_freedecomp Exit - MemInfo: [malloc] Total allocated space:                      18733152 Byte
20220312 061459.931 INFO             PET0 PIOc_freedecomp Exit - MemInfo: [malloc] Total free space:                           17430432 Byte
20220312 061459.931 INFO             PET0 PIOc_freedecomp Exit - MemInfo: [malloc] Top-most, releasable space:                   108432 Byte
20220312 061459.931 INFO             PET0 PIOc_freedecomp Exit - MemInfo: [malloc] Total space in use, mmap + non-mmap:        18733152 Byte
20220312 061459.931 INFO             PET0 PIOc_freedecomp Exit - MemInfo: [malloc] Total space held (mmap + non-mmap):         36163584 Byte
20220312 061459.931 INFO             PET0 PIOc_freedecomp Exit - MemInfo: [malloc] Total space used (mmap + non-mmap):         18742480 Byte
20220312 061459.931 INFO             PET0 PIOc_freedecomp Exit - MemInfo: Wall-clock time since execution start:              0.0200512 seconds
20220312 061459.931 INFO             PET0  PASS  Write Fortran array in nohalo Field, ESMF_FieldIOUTest.F90, line 268
20220312 061459.931 INFO             PET0  PASS  Create a field from grid and fortran dummy array without halo, ESMF_FieldIOUTest.F90, line 281
20220312 061459.939 INFO             PET0 PIOc_sync Enter - MemInfo: [/proc/meminfo - SSI]	MemTotal:       65507008 kB
20220312 061459.939 INFO             PET0 PIOc_sync Enter - MemInfo: [/proc/meminfo - SSI]	MemFree:        49455876 kB
20220312 061459.939 INFO             PET0 PIOc_sync Enter - MemInfo: [/proc/meminfo - SSI]	MemAvailable:   49213616 kB
20220312 061459.939 INFO             PET0 PIOc_sync Enter - MemInfo: [/proc/meminfo - SSI]	Committed_AS:   13235468 kB
20220312 061459.939 INFO             PET0 PIOc_sync Enter - MemInfo: [/proc/meminfo - SSI]	CommittedPercent: 20.2047 %
20220312 061459.940 INFO             PET0 PIOc_sync Enter - MemInfo: [/proc/self/status]	VmPeak:	65924412 kB
20220312 061459.940 INFO             PET0 PIOc_sync Enter - MemInfo: [/proc/self/status]	VmSize:	65924412 kB
20220312 061459.940 INFO             PET0 PIOc_sync Enter - MemInfo: [/proc/self/status]	VmLck:	       0 kB
20220312 061459.940 INFO             PET0 PIOc_sync Enter - MemInfo: [/proc/self/status]	VmPin:	       0 kB
20220312 061459.940 INFO             PET0 PIOc_sync Enter - MemInfo: [/proc/self/status]	VmHWM:	   46880 kB
20220312 061459.940 INFO             PET0 PIOc_sync Enter - MemInfo: [/proc/self/status]	VmRSS:	   46880 kB
20220312 061459.940 INFO             PET0 PIOc_sync Enter - MemInfo: [/proc/self/status]	VmData:	   55020 kB
20220312 061459.940 INFO             PET0 PIOc_sync Enter - MemInfo: [/proc/self/status]	VmStk:	     144 kB
20220312 061459.940 INFO             PET0 PIOc_sync Enter - MemInfo: [/proc/self/status]	VmExe:	     264 kB
20220312 061459.940 INFO             PET0 PIOc_sync Enter - MemInfo: [/proc/self/status]	VmLib:	   39920 kB
20220312 061459.940 INFO             PET0 PIOc_sync Enter - MemInfo: [/proc/self/status]	VmPTE:	     276 kB
20220312 061459.940 INFO             PET0 PIOc_sync Enter - MemInfo: [/proc/self/status]	VmPMD:	      16 kB
20220312 061459.940 INFO             PET0 PIOc_sync Enter - MemInfo: [/proc/self/status]	VmSwap:	       0 kB
20220312 061459.940 INFO             PET0 PIOc_sync Enter - MemInfo: [/proc/self/status]	VmRSSPercent: 0.0715649 %
20220312 061459.940 INFO             PET0 PIOc_sync Enter - MemInfo: [malloc] Non-mmapped space allocated:                52948992 Byte
20220312 061459.940 INFO             PET0 PIOc_sync Enter - MemInfo: [malloc] Space allocated in mmapped regions:                0 Byte
20220312 061459.940 INFO             PET0 PIOc_sync Enter - MemInfo: [malloc] Maximum total allocated space:                     0 Byte
20220312 061459.940 INFO             PET0 PIOc_sync Enter - MemInfo: [malloc] Space in freed fastbin blocks:                   896 Byte
20220312 061459.940 INFO             PET0 PIOc_sync Enter - MemInfo: [malloc] Total allocated space:                      36058512 Byte
20220312 061459.940 INFO             PET0 PIOc_sync Enter - MemInfo: [malloc] Total free space:                           16890480 Byte
20220312 061459.940 INFO             PET0 PIOc_sync Enter - MemInfo: [malloc] Top-most, releasable space:                   133984 Byte
20220312 061459.940 INFO             PET0 PIOc_sync Enter - MemInfo: [malloc] Total space in use, mmap + non-mmap:        36058512 Byte
20220312 061459.940 INFO             PET0 PIOc_sync Enter - MemInfo: [malloc] Total space held (mmap + non-mmap):         52948992 Byte
20220312 061459.940 INFO             PET0 PIOc_sync Enter - MemInfo: [malloc] Total space used (mmap + non-mmap):         36067840 Byte
20220312 061459.940 INFO             PET0 PIOc_sync Enter - MemInfo: Wall-clock time since execution start:              0.0290763 seconds
20220312 061459.940 INFO             PET0 PIOc_sync Exit - MemInfo: [/proc/meminfo - SSI]	MemTotal:       65507008 kB
20220312 061459.940 INFO             PET0 PIOc_sync Exit - MemInfo: [/proc/meminfo - SSI]	MemFree:        49455876 kB
20220312 061459.940 INFO             PET0 PIOc_sync Exit - MemInfo: [/proc/meminfo - SSI]	MemAvailable:   49213616 kB
20220312 061459.940 INFO             PET0 PIOc_sync Exit - MemInfo: [/proc/meminfo - SSI]	Committed_AS:   13235468 kB
20220312 061459.940 INFO             PET0 PIOc_sync Exit - MemInfo: [/proc/meminfo - SSI]	CommittedPercent: 20.2047 %
20220312 061459.940 INFO             PET0 PIOc_sync Exit - MemInfo: [/proc/self/status]	VmPeak:	65924412 kB
20220312 061459.940 INFO             PET0 PIOc_sync Exit - MemInfo: [/proc/self/status]	VmSize:	65924412 kB
20220312 061459.940 INFO             PET0 PIOc_sync Exit - MemInfo: [/proc/self/status]	VmLck:	       0 kB
20220312 061459.940 INFO             PET0 PIOc_sync Exit - MemInfo: [/proc/self/status]	VmPin:	       0 kB
20220312 061459.940 INFO             PET0 PIOc_sync Exit - MemInfo: [/proc/self/status]	VmHWM:	   46880 kB
20220312 061459.940 INFO             PET0 PIOc_sync Exit - MemInfo: [/proc/self/status]	VmRSS:	   46880 kB
20220312 061459.940 INFO             PET0 PIOc_sync Exit - MemInfo: [/proc/self/status]	VmData:	   55020 kB
20220312 061459.940 INFO             PET0 PIOc_sync Exit - MemInfo: [/proc/self/status]	VmStk:	     144 kB
20220312 061459.940 INFO             PET0 PIOc_sync Exit - MemInfo: [/proc/self/status]	VmExe:	     264 kB
20220312 061459.940 INFO             PET0 PIOc_sync Exit - MemInfo: [/proc/self/status]	VmLib:	   39920 kB
20220312 061459.940 INFO             PET0 PIOc_sync Exit - MemInfo: [/proc/self/status]	VmPTE:	     276 kB
20220312 061459.940 INFO             PET0 PIOc_sync Exit - MemInfo: [/proc/self/status]	VmPMD:	      16 kB
20220312 061459.940 INFO             PET0 PIOc_sync Exit - MemInfo: [/proc/self/status]	VmSwap:	       0 kB
20220312 061459.940 INFO             PET0 PIOc_sync Exit - MemInfo: [/proc/self/status]	VmRSSPercent: 0.0715649 %
20220312 061459.940 INFO             PET0 PIOc_sync Exit - MemInfo: [malloc] Non-mmapped space allocated:                52948992 Byte
20220312 061459.940 INFO             PET0 PIOc_sync Exit - MemInfo: [malloc] Space allocated in mmapped regions:                0 Byte
20220312 061459.940 INFO             PET0 PIOc_sync Exit - MemInfo: [malloc] Maximum total allocated space:                     0 Byte
20220312 061459.940 INFO             PET0 PIOc_sync Exit - MemInfo: [malloc] Space in freed fastbin blocks:                   912 Byte
20220312 061459.940 INFO             PET0 PIOc_sync Exit - MemInfo: [malloc] Total allocated space:                      36058000 Byte
20220312 061459.940 INFO             PET0 PIOc_sync Exit - MemInfo: [malloc] Total free space:                           16890992 Byte
20220312 061459.940 INFO             PET0 PIOc_sync Exit - MemInfo: [malloc] Top-most, releasable space:                   133984 Byte
20220312 061459.940 INFO             PET0 PIOc_sync Exit - MemInfo: [malloc] Total space in use, mmap + non-mmap:        36058000 Byte
20220312 061459.940 INFO             PET0 PIOc_sync Exit - MemInfo: [malloc] Total space held (mmap + non-mmap):         52948992 Byte
20220312 061459.940 INFO             PET0 PIOc_sync Exit - MemInfo: [malloc] Total space used (mmap + non-mmap):         36067328 Byte
20220312 061459.940 INFO             PET0 PIOc_sync Exit - MemInfo: Wall-clock time since execution start:              0.0294768 seconds
20220312 061459.940 INFO             PET0 PIOc_freedecomp Enter - MemInfo: [/proc/meminfo - SSI]	MemTotal:       65507008 kB
20220312 061459.940 INFO             PET0 PIOc_freedecomp Enter - MemInfo: [/proc/meminfo - SSI]	MemFree:        49455876 kB
20220312 061459.940 INFO             PET0 PIOc_freedecomp Enter - MemInfo: [/proc/meminfo - SSI]	MemAvailable:   49213616 kB
20220312 061459.940 INFO             PET0 PIOc_freedecomp Enter - MemInfo: [/proc/meminfo - SSI]	Committed_AS:   13235468 kB
20220312 061459.940 INFO             PET0 PIOc_freedecomp Enter - MemInfo: [/proc/meminfo - SSI]	CommittedPercent: 20.2047 %
20220312 061459.940 INFO             PET0 PIOc_freedecomp Enter - MemInfo: [/proc/self/status]	VmPeak:	65924412 kB
20220312 061459.940 INFO             PET0 PIOc_freedecomp Enter - MemInfo: [/proc/self/status]	VmSize:	65924412 kB
20220312 061459.940 INFO             PET0 PIOc_freedecomp Enter - MemInfo: [/proc/self/status]	VmLck:	       0 kB
20220312 061459.940 INFO             PET0 PIOc_freedecomp Enter - MemInfo: [/proc/self/status]	VmPin:	       0 kB
20220312 061459.940 INFO             PET0 PIOc_freedecomp Enter - MemInfo: [/proc/self/status]	VmHWM:	   46880 kB
20220312 061459.940 INFO             PET0 PIOc_freedecomp Enter - MemInfo: [/proc/self/status]	VmRSS:	   46880 kB
20220312 061459.940 INFO             PET0 PIOc_freedecomp Enter - MemInfo: [/proc/self/status]	VmData:	   55020 kB
20220312 061459.940 INFO             PET0 PIOc_freedecomp Enter - MemInfo: [/proc/self/status]	VmStk:	     144 kB
20220312 061459.940 INFO             PET0 PIOc_freedecomp Enter - MemInfo: [/proc/self/status]	VmExe:	     264 kB
20220312 061459.940 INFO             PET0 PIOc_freedecomp Enter - MemInfo: [/proc/self/status]	VmLib:	   39920 kB
20220312 061459.940 INFO             PET0 PIOc_freedecomp Enter - MemInfo: [/proc/self/status]	VmPTE:	     276 kB
20220312 061459.940 INFO             PET0 PIOc_freedecomp Enter - MemInfo: [/proc/self/status]	VmPMD:	      16 kB
20220312 061459.940 INFO             PET0 PIOc_freedecomp Enter - MemInfo: [/proc/self/status]	VmSwap:	       0 kB
20220312 061459.940 INFO             PET0 PIOc_freedecomp Enter - MemInfo: [/proc/self/status]	VmRSSPercent: 0.0715649 %
20220312 061459.940 INFO             PET0 PIOc_freedecomp Enter - MemInfo: [malloc] Non-mmapped space allocated:                52948992 Byte
20220312 061459.940 INFO             PET0 PIOc_freedecomp Enter - MemInfo: [malloc] Space allocated in mmapped regions:                0 Byte
20220312 061459.940 INFO             PET0 PIOc_freedecomp Enter - MemInfo: [malloc] Maximum total allocated space:                     0 Byte
20220312 061459.940 INFO             PET0 PIOc_freedecomp Enter - MemInfo: [malloc] Space in freed fastbin blocks:                   976 Byte
20220312 061459.940 INFO             PET0 PIOc_freedecomp Enter - MemInfo: [malloc] Total allocated space:                      18743184 Byte
20220312 061459.940 INFO             PET0 PIOc_freedecomp Enter - MemInfo: [malloc] Total free space:                           34205808 Byte
20220312 061459.940 INFO             PET0 PIOc_freedecomp Enter - MemInfo: [malloc] Top-most, releasable space:                 16911216 Byte
20220312 061459.940 INFO             PET0 PIOc_freedecomp Enter - MemInfo: [malloc] Total space in use, mmap + non-mmap:        18743184 Byte
20220312 061459.940 INFO             PET0 PIOc_freedecomp Enter - MemInfo: [malloc] Total space held (mmap + non-mmap):         52948992 Byte
20220312 061459.940 INFO             PET0 PIOc_freedecomp Enter - MemInfo: [malloc] Total space used (mmap + non-mmap):         18752512 Byte
20220312 061459.940 INFO             PET0 PIOc_freedecomp Enter - MemInfo: Wall-clock time since execution start:              0.0298427 seconds
20220312 061459.941 INFO             PET0 PIOc_freedecomp Exit - MemInfo: [/proc/meminfo - SSI]	MemTotal:       65507008 kB
20220312 061459.941 INFO             PET0 PIOc_freedecomp Exit - MemInfo: [/proc/meminfo - SSI]	MemFree:        49455876 kB
20220312 061459.941 INFO             PET0 PIOc_freedecomp Exit - MemInfo: [/proc/meminfo - SSI]	MemAvailable:   49213616 kB
20220312 061459.941 INFO             PET0 PIOc_freedecomp Exit - MemInfo: [/proc/meminfo - SSI]	Committed_AS:   13235468 kB
20220312 061459.941 INFO             PET0 PIOc_freedecomp Exit - MemInfo: [/proc/meminfo - SSI]	CommittedPercent: 20.2047 %
20220312 061459.941 INFO             PET0 PIOc_freedecomp Exit - MemInfo: [/proc/self/status]	VmPeak:	65924412 kB
20220312 061459.941 INFO             PET0 PIOc_freedecomp Exit - MemInfo: [/proc/self/status]	VmSize:	65924412 kB
20220312 061459.941 INFO             PET0 PIOc_freedecomp Exit - MemInfo: [/proc/self/status]	VmLck:	       0 kB
20220312 061459.941 INFO             PET0 PIOc_freedecomp Exit - MemInfo: [/proc/self/status]	VmPin:	       0 kB
20220312 061459.941 INFO             PET0 PIOc_freedecomp Exit - MemInfo: [/proc/self/status]	VmHWM:	   46880 kB
20220312 061459.941 INFO             PET0 PIOc_freedecomp Exit - MemInfo: [/proc/self/status]	VmRSS:	   46880 kB
20220312 061459.941 INFO             PET0 PIOc_freedecomp Exit - MemInfo: [/proc/self/status]	VmData:	   55020 kB
20220312 061459.941 INFO             PET0 PIOc_freedecomp Exit - MemInfo: [/proc/self/status]	VmStk:	     144 kB
20220312 061459.941 INFO             PET0 PIOc_freedecomp Exit - MemInfo: [/proc/self/status]	VmExe:	     264 kB
20220312 061459.941 INFO             PET0 PIOc_freedecomp Exit - MemInfo: [/proc/self/status]	VmLib:	   39920 kB
20220312 061459.941 INFO             PET0 PIOc_freedecomp Exit - MemInfo: [/proc/self/status]	VmPTE:	     276 kB
20220312 061459.941 INFO             PET0 PIOc_freedecomp Exit - MemInfo: [/proc/self/status]	VmPMD:	      16 kB
20220312 061459.941 INFO             PET0 PIOc_freedecomp Exit - MemInfo: [/proc/self/status]	VmSwap:	       0 kB
20220312 061459.941 INFO             PET0 PIOc_freedecomp Exit - MemInfo: [/proc/self/status]	VmRSSPercent: 0.0715649 %
20220312 061459.941 INFO             PET0 PIOc_freedecomp Exit - MemInfo: [malloc] Non-mmapped space allocated:                52948992 Byte
20220312 061459.941 INFO             PET0 PIOc_freedecomp Exit - MemInfo: [malloc] Space allocated in mmapped regions:                0 Byte
20220312 061459.941 INFO             PET0 PIOc_freedecomp Exit - MemInfo: [malloc] Maximum total allocated space:                     0 Byte
20220312 061459.941 INFO             PET0 PIOc_freedecomp Exit - MemInfo: [malloc] Space in freed fastbin blocks:                   704 Byte
20220312 061459.941 INFO             PET0 PIOc_freedecomp Exit - MemInfo: [malloc] Total allocated space:                      18737952 Byte
20220312 061459.941 INFO             PET0 PIOc_freedecomp Exit - MemInfo: [malloc] Total free space:                           34211040 Byte
20220312 061459.941 INFO             PET0 PIOc_freedecomp Exit - MemInfo: [malloc] Top-most, releasable space:                 16911216 Byte
20220312 061459.941 INFO             PET0 PIOc_freedecomp Exit - MemInfo: [malloc] Total space in use, mmap + non-mmap:        18737952 Byte
20220312 061459.941 INFO             PET0 PIOc_freedecomp Exit - MemInfo: [malloc] Total space held (mmap + non-mmap):         52948992 Byte
20220312 061459.941 INFO             PET0 PIOc_freedecomp Exit - MemInfo: [malloc] Total space used (mmap + non-mmap):         18747280 Byte
20220312 061459.941 INFO             PET0 PIOc_freedecomp Exit - MemInfo: Wall-clock time since execution start:               0.030177 seconds
20220312 061459.942 INFO             PET0 PIOc_sync Enter - MemInfo: [/proc/meminfo - SSI]	MemTotal:       65507008 kB
20220312 061459.942 INFO             PET0 PIOc_sync Enter - MemInfo: [/proc/meminfo - SSI]	MemFree:        49455876 kB
20220312 061459.942 INFO             PET0 PIOc_sync Enter - MemInfo: [/proc/meminfo - SSI]	MemAvailable:   49213616 kB
20220312 061459.942 INFO             PET0 PIOc_sync Enter - MemInfo: [/proc/meminfo - SSI]	Committed_AS:   13235468 kB
20220312 061459.942 INFO             PET0 PIOc_sync Enter - MemInfo: [/proc/meminfo - SSI]	CommittedPercent: 20.2047 %
20220312 061459.942 INFO             PET0 PIOc_sync Enter - MemInfo: [/proc/self/status]	VmPeak:	65932600 kB
20220312 061459.942 INFO             PET0 PIOc_sync Enter - MemInfo: [/proc/self/status]	VmSize:	65924412 kB
20220312 061459.942 INFO             PET0 PIOc_sync Enter - MemInfo: [/proc/self/status]	VmLck:	       0 kB
20220312 061459.942 INFO             PET0 PIOc_sync Enter - MemInfo: [/proc/self/status]	VmPin:	       0 kB
20220312 061459.942 INFO             PET0 PIOc_sync Enter - MemInfo: [/proc/self/status]	VmHWM:	   46888 kB
20220312 061459.942 INFO             PET0 PIOc_sync Enter - MemInfo: [/proc/self/status]	VmRSS:	   46888 kB
20220312 061459.942 INFO             PET0 PIOc_sync Enter - MemInfo: [/proc/self/status]	VmData:	   55020 kB
20220312 061459.942 INFO             PET0 PIOc_sync Enter - MemInfo: [/proc/self/status]	VmStk:	     144 kB
20220312 061459.942 INFO             PET0 PIOc_sync Enter - MemInfo: [/proc/self/status]	VmExe:	     264 kB
20220312 061459.942 INFO             PET0 PIOc_sync Enter - MemInfo: [/proc/self/status]	VmLib:	   39920 kB
20220312 061459.942 INFO             PET0 PIOc_sync Enter - MemInfo: [/proc/self/status]	VmPTE:	     276 kB
20220312 061459.942 INFO             PET0 PIOc_sync Enter - MemInfo: [/proc/self/status]	VmPMD:	      16 kB
20220312 061459.942 INFO             PET0 PIOc_sync Enter - MemInfo: [/proc/self/status]	VmSwap:	       0 kB
20220312 061459.942 INFO             PET0 PIOc_sync Enter - MemInfo: [/proc/self/status]	VmRSSPercent: 0.0715771 %
20220312 061459.942 INFO             PET0 PIOc_sync Enter - MemInfo: [malloc] Non-mmapped space allocated:                52948992 Byte
20220312 061459.942 INFO             PET0 PIOc_sync Enter - MemInfo: [malloc] Space allocated in mmapped regions:                0 Byte
20220312 061459.942 INFO             PET0 PIOc_sync Enter - MemInfo: [malloc] Maximum total allocated space:                     0 Byte
20220312 061459.942 INFO             PET0 PIOc_sync Enter - MemInfo: [malloc] Space in freed fastbin blocks:                  1584 Byte
20220312 061459.942 INFO             PET0 PIOc_sync Enter - MemInfo: [malloc] Total allocated space:                      36058224 Byte
20220312 061459.942 INFO             PET0 PIOc_sync Enter - MemInfo: [malloc] Total free space:                           16890768 Byte
20220312 061459.942 INFO             PET0 PIOc_sync Enter - MemInfo: [malloc] Top-most, releasable space:                   133984 Byte
20220312 061459.942 INFO             PET0 PIOc_sync Enter - MemInfo: [malloc] Total space in use, mmap + non-mmap:        36058224 Byte
20220312 061459.942 INFO             PET0 PIOc_sync Enter - MemInfo: [malloc] Total space held (mmap + non-mmap):         52948992 Byte
20220312 061459.942 INFO             PET0 PIOc_sync Enter - MemInfo: [malloc] Total space used (mmap + non-mmap):         36067552 Byte
20220312 061459.942 INFO             PET0 PIOc_sync Enter - MemInfo: Wall-clock time since execution start:              0.0313049 seconds
20220312 061459.942 INFO             PET0 PIOc_sync Exit - MemInfo: [/proc/meminfo - SSI]	MemTotal:       65507008 kB
20220312 061459.942 INFO             PET0 PIOc_sync Exit - MemInfo: [/proc/meminfo - SSI]	MemFree:        49455876 kB
20220312 061459.942 INFO             PET0 PIOc_sync Exit - MemInfo: [/proc/meminfo - SSI]	MemAvailable:   49213616 kB
20220312 061459.942 INFO             PET0 PIOc_sync Exit - MemInfo: [/proc/meminfo - SSI]	Committed_AS:   13235468 kB
20220312 061459.942 INFO             PET0 PIOc_sync Exit - MemInfo: [/proc/meminfo - SSI]	CommittedPercent: 20.2047 %
20220312 061459.942 INFO             PET0 PIOc_sync Exit - MemInfo: [/proc/self/status]	VmPeak:	65932600 kB
20220312 061459.942 INFO             PET0 PIOc_sync Exit - MemInfo: [/proc/self/status]	VmSize:	65924412 kB
20220312 061459.942 INFO             PET0 PIOc_sync Exit - MemInfo: [/proc/self/status]	VmLck:	       0 kB
20220312 061459.942 INFO             PET0 PIOc_sync Exit - MemInfo: [/proc/self/status]	VmPin:	       0 kB
20220312 061459.942 INFO             PET0 PIOc_sync Exit - MemInfo: [/proc/self/status]	VmHWM:	   46888 kB
20220312 061459.942 INFO             PET0 PIOc_sync Exit - MemInfo: [/proc/self/status]	VmRSS:	   46888 kB
20220312 061459.942 INFO             PET0 PIOc_sync Exit - MemInfo: [/proc/self/status]	VmData:	   55020 kB
20220312 061459.942 INFO             PET0 PIOc_sync Exit - MemInfo: [/proc/self/status]	VmStk:	     144 kB
20220312 061459.942 INFO             PET0 PIOc_sync Exit - MemInfo: [/proc/self/status]	VmExe:	     264 kB
20220312 061459.942 INFO             PET0 PIOc_sync Exit - MemInfo: [/proc/self/status]	VmLib:	   39920 kB
20220312 061459.942 INFO             PET0 PIOc_sync Exit - MemInfo: [/proc/self/status]	VmPTE:	     276 kB
20220312 061459.942 INFO             PET0 PIOc_sync Exit - MemInfo: [/proc/self/status]	VmPMD:	      16 kB
20220312 061459.942 INFO             PET0 PIOc_sync Exit - MemInfo: [/proc/self/status]	VmSwap:	       0 kB
20220312 061459.942 INFO             PET0 PIOc_sync Exit - MemInfo: [/proc/self/status]	VmRSSPercent: 0.0715771 %
20220312 061459.942 INFO             PET0 PIOc_sync Exit - MemInfo: [malloc] Non-mmapped space allocated:                52948992 Byte
20220312 061459.942 INFO             PET0 PIOc_sync Exit - MemInfo: [malloc] Space allocated in mmapped regions:                0 Byte
20220312 061459.942 INFO             PET0 PIOc_sync Exit - MemInfo: [malloc] Maximum total allocated space:                     0 Byte
20220312 061459.942 INFO             PET0 PIOc_sync Exit - MemInfo: [malloc] Space in freed fastbin blocks:                  1088 Byte
20220312 061459.942 INFO             PET0 PIOc_sync Exit - MemInfo: [malloc] Total allocated space:                      36057856 Byte
20220312 061459.942 INFO             PET0 PIOc_sync Exit - MemInfo: [malloc] Total free space:                           16891136 Byte
20220312 061459.942 INFO             PET0 PIOc_sync Exit - MemInfo: [malloc] Top-most, releasable space:                   133984 Byte
20220312 061459.942 INFO             PET0 PIOc_sync Exit - MemInfo: [malloc] Total space in use, mmap + non-mmap:        36057856 Byte
20220312 061459.942 INFO             PET0 PIOc_sync Exit - MemInfo: [malloc] Total space held (mmap + non-mmap):         52948992 Byte
20220312 061459.942 INFO             PET0 PIOc_sync Exit - MemInfo: [malloc] Total space used (mmap + non-mmap):         36067184 Byte
20220312 061459.942 INFO             PET0 PIOc_sync Exit - MemInfo: Wall-clock time since execution start:               0.031694 seconds
20220312 061459.942 INFO             PET0 PIOc_freedecomp Enter - MemInfo: [/proc/meminfo - SSI]	MemTotal:       65507008 kB
20220312 061459.942 INFO             PET0 PIOc_freedecomp Enter - MemInfo: [/proc/meminfo - SSI]	MemFree:        49455876 kB
20220312 061459.942 INFO             PET0 PIOc_freedecomp Enter - MemInfo: [/proc/meminfo - SSI]	MemAvailable:   49213616 kB
20220312 061459.942 INFO             PET0 PIOc_freedecomp Enter - MemInfo: [/proc/meminfo - SSI]	Committed_AS:   13235468 kB
20220312 061459.942 INFO             PET0 PIOc_freedecomp Enter - MemInfo: [/proc/meminfo - SSI]	CommittedPercent: 20.2047 %
20220312 061459.942 INFO             PET0 PIOc_freedecomp Enter - MemInfo: [/proc/self/status]	VmPeak:	65932600 kB
20220312 061459.942 INFO             PET0 PIOc_freedecomp Enter - MemInfo: [/proc/self/status]	VmSize:	65924412 kB
20220312 061459.943 INFO             PET0 PIOc_freedecomp Enter - MemInfo: [/proc/self/status]	VmLck:	       0 kB
20220312 061459.943 INFO             PET0 PIOc_freedecomp Enter - MemInfo: [/proc/self/status]	VmPin:	       0 kB
20220312 061459.943 INFO             PET0 PIOc_freedecomp Enter - MemInfo: [/proc/self/status]	VmHWM:	   46888 kB
20220312 061459.943 INFO             PET0 PIOc_freedecomp Enter - MemInfo: [/proc/self/status]	VmRSS:	   46888 kB
20220312 061459.943 INFO             PET0 PIOc_freedecomp Enter - MemInfo: [/proc/self/status]	VmData:	   55020 kB
20220312 061459.943 INFO             PET0 PIOc_freedecomp Enter - MemInfo: [/proc/self/status]	VmStk:	     144 kB
20220312 061459.943 INFO             PET0 PIOc_freedecomp Enter - MemInfo: [/proc/self/status]	VmExe:	     264 kB
20220312 061459.943 INFO             PET0 PIOc_freedecomp Enter - MemInfo: [/proc/self/status]	VmLib:	   39920 kB
20220312 061459.943 INFO             PET0 PIOc_freedecomp Enter - MemInfo: [/proc/self/status]	VmPTE:	     276 kB
20220312 061459.943 INFO             PET0 PIOc_freedecomp Enter - MemInfo: [/proc/self/status]	VmPMD:	      16 kB
20220312 061459.943 INFO             PET0 PIOc_freedecomp Enter - MemInfo: [/proc/self/status]	VmSwap:	       0 kB
20220312 061459.943 INFO             PET0 PIOc_freedecomp Enter - MemInfo: [/proc/self/status]	VmRSSPercent: 0.0715771 %
20220312 061459.943 INFO             PET0 PIOc_freedecomp Enter - MemInfo: [malloc] Non-mmapped space allocated:                52948992 Byte
20220312 061459.943 INFO             PET0 PIOc_freedecomp Enter - MemInfo: [malloc] Space allocated in mmapped regions:                0 Byte
20220312 061459.943 INFO             PET0 PIOc_freedecomp Enter - MemInfo: [malloc] Maximum total allocated space:                     0 Byte
20220312 061459.943 INFO             PET0 PIOc_freedecomp Enter - MemInfo: [malloc] Space in freed fastbin blocks:                  1056 Byte
20220312 061459.943 INFO             PET0 PIOc_freedecomp Enter - MemInfo: [malloc] Total allocated space:                      18742368 Byte
20220312 061459.943 INFO             PET0 PIOc_freedecomp Enter - MemInfo: [malloc] Total free space:                           34206624 Byte
20220312 061459.943 INFO             PET0 PIOc_freedecomp Enter - MemInfo: [malloc] Top-most, releasable space:                 16911216 Byte
20220312 061459.943 INFO             PET0 PIOc_freedecomp Enter - MemInfo: [malloc] Total space in use, mmap + non-mmap:        18742368 Byte
20220312 061459.943 INFO             PET0 PIOc_freedecomp Enter - MemInfo: [malloc] Total space held (mmap + non-mmap):         52948992 Byte
20220312 061459.943 INFO             PET0 PIOc_freedecomp Enter - MemInfo: [malloc] Total space used (mmap + non-mmap):         18751696 Byte
20220312 061459.943 INFO             PET0 PIOc_freedecomp Enter - MemInfo: Wall-clock time since execution start:              0.0320567 seconds
20220312 061459.943 INFO             PET0 PIOc_freedecomp Exit - MemInfo: [/proc/meminfo - SSI]	MemTotal:       65507008 kB
20220312 061459.943 INFO             PET0 PIOc_freedecomp Exit - MemInfo: [/proc/meminfo - SSI]	MemFree:        49455876 kB
20220312 061459.943 INFO             PET0 PIOc_freedecomp Exit - MemInfo: [/proc/meminfo - SSI]	MemAvailable:   49213616 kB
20220312 061459.943 INFO             PET0 PIOc_freedecomp Exit - MemInfo: [/proc/meminfo - SSI]	Committed_AS:   13235468 kB
20220312 061459.943 INFO             PET0 PIOc_freedecomp Exit - MemInfo: [/proc/meminfo - SSI]	CommittedPercent: 20.2047 %
20220312 061459.943 INFO             PET0 PIOc_freedecomp Exit - MemInfo: [/proc/self/status]	VmPeak:	65932600 kB
20220312 061459.943 INFO             PET0 PIOc_freedecomp Exit - MemInfo: [/proc/self/status]	VmSize:	65924412 kB
20220312 061459.943 INFO             PET0 PIOc_freedecomp Exit - MemInfo: [/proc/self/status]	VmLck:	       0 kB
20220312 061459.943 INFO             PET0 PIOc_freedecomp Exit - MemInfo: [/proc/self/status]	VmPin:	       0 kB
20220312 061459.943 INFO             PET0 PIOc_freedecomp Exit - MemInfo: [/proc/self/status]	VmHWM:	   46888 kB
20220312 061459.943 INFO             PET0 PIOc_freedecomp Exit - MemInfo: [/proc/self/status]	VmRSS:	   46888 kB
20220312 061459.943 INFO             PET0 PIOc_freedecomp Exit - MemInfo: [/proc/self/status]	VmData:	   55020 kB
20220312 061459.943 INFO             PET0 PIOc_freedecomp Exit - MemInfo: [/proc/self/status]	VmStk:	     144 kB
20220312 061459.943 INFO             PET0 PIOc_freedecomp Exit - MemInfo: [/proc/self/status]	VmExe:	     264 kB
20220312 061459.943 INFO             PET0 PIOc_freedecomp Exit - MemInfo: [/proc/self/status]	VmLib:	   39920 kB
20220312 061459.943 INFO             PET0 PIOc_freedecomp Exit - MemInfo: [/proc/self/status]	VmPTE:	     276 kB
20220312 061459.943 INFO             PET0 PIOc_freedecomp Exit - MemInfo: [/proc/self/status]	VmPMD:	      16 kB
20220312 061459.943 INFO             PET0 PIOc_freedecomp Exit - MemInfo: [/proc/self/status]	VmSwap:	       0 kB
20220312 061459.943 INFO             PET0 PIOc_freedecomp Exit - MemInfo: [/proc/self/status]	VmRSSPercent: 0.0715771 %
20220312 061459.943 INFO             PET0 PIOc_freedecomp Exit - MemInfo: [malloc] Non-mmapped space allocated:                52948992 Byte
20220312 061459.943 INFO             PET0 PIOc_freedecomp Exit - MemInfo: [malloc] Space allocated in mmapped regions:                0 Byte
20220312 061459.943 INFO             PET0 PIOc_freedecomp Exit - MemInfo: [malloc] Maximum total allocated space:                     0 Byte
20220312 061459.943 INFO             PET0 PIOc_freedecomp Exit - MemInfo: [malloc] Space in freed fastbin blocks:                   944 Byte
20220312 061459.943 INFO             PET0 PIOc_freedecomp Exit - MemInfo: [malloc] Total allocated space:                      18737952 Byte
20220312 061459.943 INFO             PET0 PIOc_freedecomp Exit - MemInfo: [malloc] Total free space:                           34211040 Byte
20220312 061459.943 INFO             PET0 PIOc_freedecomp Exit - MemInfo: [malloc] Top-most, releasable space:                 16911216 Byte
20220312 061459.943 INFO             PET0 PIOc_freedecomp Exit - MemInfo: [malloc] Total space in use, mmap + non-mmap:        18737952 Byte
20220312 061459.943 INFO             PET0 PIOc_freedecomp Exit - MemInfo: [malloc] Total space held (mmap + non-mmap):         52948992 Byte
20220312 061459.943 INFO             PET0 PIOc_freedecomp Exit - MemInfo: [malloc] Total space used (mmap + non-mmap):         18747280 Byte
20220312 061459.943 INFO             PET0 PIOc_freedecomp Exit - MemInfo: Wall-clock time since execution start:              0.0323866 seconds
20220312 061459.943 INFO             PET0  PASS  Write multiple Fields with same dimensions to a file, ESMF_FieldIOUTest.F90, line 292
20220312 061459.943 INFO             PET0  PASS  Create grid for field metadata test, ESMF_FieldIOUTest.F90, line 309
20220312 061459.943 INFO             PET0  PASS  Create field with global indices, ESMF_FieldIOUTest.F90, line 316
20220312 061459.943 INFO             PET0  PASS  Get Farray_md from field, ESMF_FieldIOUTest.F90, line 324
20220312 061459.945 INFO             PET0 PIOc_sync Enter - MemInfo: [/proc/meminfo - SSI]	MemTotal:       65507008 kB
20220312 061459.945 INFO             PET0 PIOc_sync Enter - MemInfo: [/proc/meminfo - SSI]	MemFree:        49455876 kB
20220312 061459.945 INFO             PET0 PIOc_sync Enter - MemInfo: [/proc/meminfo - SSI]	MemAvailable:   49213616 kB
20220312 061459.945 INFO             PET0 PIOc_sync Enter - MemInfo: [/proc/meminfo - SSI]	Committed_AS:   13235468 kB
20220312 061459.945 INFO             PET0 PIOc_sync Enter - MemInfo: [/proc/meminfo - SSI]	CommittedPercent: 20.2047 %
20220312 061459.945 INFO             PET0 PIOc_sync Enter - MemInfo: [/proc/self/status]	VmPeak:	65932600 kB
20220312 061459.945 INFO             PET0 PIOc_sync Enter - MemInfo: [/proc/self/status]	VmSize:	65924412 kB
20220312 061459.945 INFO             PET0 PIOc_sync Enter - MemInfo: [/proc/self/status]	VmLck:	       0 kB
20220312 061459.945 INFO             PET0 PIOc_sync Enter - MemInfo: [/proc/self/status]	VmPin:	       0 kB
20220312 061459.945 INFO             PET0 PIOc_sync Enter - MemInfo: [/proc/self/status]	VmHWM:	   46896 kB
20220312 061459.945 INFO             PET0 PIOc_sync Enter - MemInfo: [/proc/self/status]	VmRSS:	   46896 kB
20220312 061459.945 INFO             PET0 PIOc_sync Enter - MemInfo: [/proc/self/status]	VmData:	   55020 kB
20220312 061459.945 INFO             PET0 PIOc_sync Enter - MemInfo: [/proc/self/status]	VmStk:	     144 kB
20220312 061459.945 INFO             PET0 PIOc_sync Enter - MemInfo: [/proc/self/status]	VmExe:	     264 kB
20220312 061459.945 INFO             PET0 PIOc_sync Enter - MemInfo: [/proc/self/status]	VmLib:	   39920 kB
20220312 061459.945 INFO             PET0 PIOc_sync Enter - MemInfo: [/proc/self/status]	VmPTE:	     276 kB
20220312 061459.945 INFO             PET0 PIOc_sync Enter - MemInfo: [/proc/self/status]	VmPMD:	      16 kB
20220312 061459.945 INFO             PET0 PIOc_sync Enter - MemInfo: [/proc/self/status]	VmSwap:	       0 kB
20220312 061459.945 INFO             PET0 PIOc_sync Enter - MemInfo: [/proc/self/status]	VmRSSPercent: 0.0715893 %
20220312 061459.945 INFO             PET0 PIOc_sync Enter - MemInfo: [malloc] Non-mmapped space allocated:                52948992 Byte
20220312 061459.945 INFO             PET0 PIOc_sync Enter - MemInfo: [malloc] Space allocated in mmapped regions:                0 Byte
20220312 061459.945 INFO             PET0 PIOc_sync Enter - MemInfo: [malloc] Maximum total allocated space:                     0 Byte
20220312 061459.945 INFO             PET0 PIOc_sync Enter - MemInfo: [malloc] Space in freed fastbin blocks:                   896 Byte
20220312 061459.945 INFO             PET0 PIOc_sync Enter - MemInfo: [malloc] Total allocated space:                      36077600 Byte
20220312 061459.945 INFO             PET0 PIOc_sync Enter - MemInfo: [malloc] Total free space:                           16871392 Byte
20220312 061459.945 INFO             PET0 PIOc_sync Enter - MemInfo: [malloc] Top-most, releasable space:                   133984 Byte
20220312 061459.945 INFO             PET0 PIOc_sync Enter - MemInfo: [malloc] Total space in use, mmap + non-mmap:        36077600 Byte
20220312 061459.945 INFO             PET0 PIOc_sync Enter - MemInfo: [malloc] Total space held (mmap + non-mmap):         52948992 Byte
20220312 061459.945 INFO             PET0 PIOc_sync Enter - MemInfo: [malloc] Total space used (mmap + non-mmap):         36086928 Byte
20220312 061459.945 INFO             PET0 PIOc_sync Enter - MemInfo: Wall-clock time since execution start:              0.0342731 seconds
20220312 061459.945 INFO             PET0 PIOc_sync Exit - MemInfo: [/proc/meminfo - SSI]	MemTotal:       65507008 kB
20220312 061459.945 INFO             PET0 PIOc_sync Exit - MemInfo: [/proc/meminfo - SSI]	MemFree:        49455876 kB
20220312 061459.945 INFO             PET0 PIOc_sync Exit - MemInfo: [/proc/meminfo - SSI]	MemAvailable:   49213616 kB
20220312 061459.945 INFO             PET0 PIOc_sync Exit - MemInfo: [/proc/meminfo - SSI]	Committed_AS:   13235468 kB
20220312 061459.945 INFO             PET0 PIOc_sync Exit - MemInfo: [/proc/meminfo - SSI]	CommittedPercent: 20.2047 %
20220312 061459.945 INFO             PET0 PIOc_sync Exit - MemInfo: [/proc/self/status]	VmPeak:	65932600 kB
20220312 061459.945 INFO             PET0 PIOc_sync Exit - MemInfo: [/proc/self/status]	VmSize:	65924412 kB
20220312 061459.945 INFO             PET0 PIOc_sync Exit - MemInfo: [/proc/self/status]	VmLck:	       0 kB
20220312 061459.945 INFO             PET0 PIOc_sync Exit - MemInfo: [/proc/self/status]	VmPin:	       0 kB
20220312 061459.945 INFO             PET0 PIOc_sync Exit - MemInfo: [/proc/self/status]	VmHWM:	   46896 kB
20220312 061459.945 INFO             PET0 PIOc_sync Exit - MemInfo: [/proc/self/status]	VmRSS:	   46896 kB
20220312 061459.945 INFO             PET0 PIOc_sync Exit - MemInfo: [/proc/self/status]	VmData:	   55020 kB
20220312 061459.945 INFO             PET0 PIOc_sync Exit - MemInfo: [/proc/self/status]	VmStk:	     144 kB
20220312 061459.945 INFO             PET0 PIOc_sync Exit - MemInfo: [/proc/self/status]	VmExe:	     264 kB
20220312 061459.945 INFO             PET0 PIOc_sync Exit - MemInfo: [/proc/self/status]	VmLib:	   39920 kB
20220312 061459.945 INFO             PET0 PIOc_sync Exit - MemInfo: [/proc/self/status]	VmPTE:	     276 kB
20220312 061459.945 INFO             PET0 PIOc_sync Exit - MemInfo: [/proc/self/status]	VmPMD:	      16 kB
20220312 061459.945 INFO             PET0 PIOc_sync Exit - MemInfo: [/proc/self/status]	VmSwap:	       0 kB
20220312 061459.945 INFO             PET0 PIOc_sync Exit - MemInfo: [/proc/self/status]	VmRSSPercent: 0.0715893 %
20220312 061459.945 INFO             PET0 PIOc_sync Exit - MemInfo: [malloc] Non-mmapped space allocated:                52948992 Byte
20220312 061459.945 INFO             PET0 PIOc_sync Exit - MemInfo: [malloc] Space allocated in mmapped regions:                0 Byte
20220312 061459.945 INFO             PET0 PIOc_sync Exit - MemInfo: [malloc] Maximum total allocated space:                     0 Byte
20220312 061459.945 INFO             PET0 PIOc_sync Exit - MemInfo: [malloc] Space in freed fastbin blocks:                   928 Byte
20220312 061459.945 INFO             PET0 PIOc_sync Exit - MemInfo: [malloc] Total allocated space:                      36083216 Byte
20220312 061459.945 INFO             PET0 PIOc_sync Exit - MemInfo: [malloc] Total free space:                           16865776 Byte
20220312 061459.945 INFO             PET0 PIOc_sync Exit - MemInfo: [malloc] Top-most, releasable space:                   133984 Byte
20220312 061459.945 INFO             PET0 PIOc_sync Exit - MemInfo: [malloc] Total space in use, mmap + non-mmap:        36083216 Byte
20220312 061459.945 INFO             PET0 PIOc_sync Exit - MemInfo: [malloc] Total space held (mmap + non-mmap):         52948992 Byte
20220312 061459.945 INFO             PET0 PIOc_sync Exit - MemInfo: [malloc] Total space used (mmap + non-mmap):         36092544 Byte
20220312 061459.945 INFO             PET0 PIOc_sync Exit - MemInfo: Wall-clock time since execution start:              0.0346786 seconds
20220312 061459.945 INFO             PET0 PIOc_freedecomp Enter - MemInfo: [/proc/meminfo - SSI]	MemTotal:       65507008 kB
20220312 061459.945 INFO             PET0 PIOc_freedecomp Enter - MemInfo: [/proc/meminfo - SSI]	MemFree:        49455876 kB
20220312 061459.945 INFO             PET0 PIOc_freedecomp Enter - MemInfo: [/proc/meminfo - SSI]	MemAvailable:   49213616 kB
20220312 061459.945 INFO             PET0 PIOc_freedecomp Enter - MemInfo: [/proc/meminfo - SSI]	Committed_AS:   13235468 kB
20220312 061459.945 INFO             PET0 PIOc_freedecomp Enter - MemInfo: [/proc/meminfo - SSI]	CommittedPercent: 20.2047 %
20220312 061459.945 INFO             PET0 PIOc_freedecomp Enter - MemInfo: [/proc/self/status]	VmPeak:	65932600 kB
20220312 061459.945 INFO             PET0 PIOc_freedecomp Enter - MemInfo: [/proc/self/status]	VmSize:	65924412 kB
20220312 061459.945 INFO             PET0 PIOc_freedecomp Enter - MemInfo: [/proc/self/status]	VmLck:	       0 kB
20220312 061459.945 INFO             PET0 PIOc_freedecomp Enter - MemInfo: [/proc/self/status]	VmPin:	       0 kB
20220312 061459.946 INFO             PET0 PIOc_freedecomp Enter - MemInfo: [/proc/self/status]	VmHWM:	   46896 kB
20220312 061459.946 INFO             PET0 PIOc_freedecomp Enter - MemInfo: [/proc/self/status]	VmRSS:	   46896 kB
20220312 061459.946 INFO             PET0 PIOc_freedecomp Enter - MemInfo: [/proc/self/status]	VmData:	   55020 kB
20220312 061459.946 INFO             PET0 PIOc_freedecomp Enter - MemInfo: [/proc/self/status]	VmStk:	     144 kB
20220312 061459.946 INFO             PET0 PIOc_freedecomp Enter - MemInfo: [/proc/self/status]	VmExe:	     264 kB
20220312 061459.946 INFO             PET0 PIOc_freedecomp Enter - MemInfo: [/proc/self/status]	VmLib:	   39920 kB
20220312 061459.946 INFO             PET0 PIOc_freedecomp Enter - MemInfo: [/proc/self/status]	VmPTE:	     276 kB
20220312 061459.946 INFO             PET0 PIOc_freedecomp Enter - MemInfo: [/proc/self/status]	VmPMD:	      16 kB
20220312 061459.946 INFO             PET0 PIOc_freedecomp Enter - MemInfo: [/proc/self/status]	VmSwap:	       0 kB
20220312 061459.946 INFO             PET0 PIOc_freedecomp Enter - MemInfo: [/proc/self/status]	VmRSSPercent: 0.0715893 %
20220312 061459.946 INFO             PET0 PIOc_freedecomp Enter - MemInfo: [malloc] Non-mmapped space allocated:                52948992 Byte
20220312 061459.946 INFO             PET0 PIOc_freedecomp Enter - MemInfo: [malloc] Space allocated in mmapped regions:                0 Byte
20220312 061459.946 INFO             PET0 PIOc_freedecomp Enter - MemInfo: [malloc] Maximum total allocated space:                     0 Byte
20220312 061459.946 INFO             PET0 PIOc_freedecomp Enter - MemInfo: [malloc] Space in freed fastbin blocks:                   864 Byte
20220312 061459.946 INFO             PET0 PIOc_freedecomp Enter - MemInfo: [malloc] Total allocated space:                      18768400 Byte
20220312 061459.946 INFO             PET0 PIOc_freedecomp Enter - MemInfo: [malloc] Total free space:                           34180592 Byte
20220312 061459.946 INFO             PET0 PIOc_freedecomp Enter - MemInfo: [malloc] Top-most, releasable space:                 16911216 Byte
20220312 061459.946 INFO             PET0 PIOc_freedecomp Enter - MemInfo: [malloc] Total space in use, mmap + non-mmap:        18768400 Byte
20220312 061459.946 INFO             PET0 PIOc_freedecomp Enter - MemInfo: [malloc] Total space held (mmap + non-mmap):         52948992 Byte
20220312 061459.946 INFO             PET0 PIOc_freedecomp Enter - MemInfo: [malloc] Total space used (mmap + non-mmap):         18777728 Byte
20220312 061459.946 INFO             PET0 PIOc_freedecomp Enter - MemInfo: Wall-clock time since execution start:              0.0350519 seconds
20220312 061459.946 INFO             PET0 PIOc_freedecomp Exit - MemInfo: [/proc/meminfo - SSI]	MemTotal:       65507008 kB
20220312 061459.946 INFO             PET0 PIOc_freedecomp Exit - MemInfo: [/proc/meminfo - SSI]	MemFree:        49455876 kB
20220312 061459.946 INFO             PET0 PIOc_freedecomp Exit - MemInfo: [/proc/meminfo - SSI]	MemAvailable:   49213616 kB
20220312 061459.946 INFO             PET0 PIOc_freedecomp Exit - MemInfo: [/proc/meminfo - SSI]	Committed_AS:   13235468 kB
20220312 061459.946 INFO             PET0 PIOc_freedecomp Exit - MemInfo: [/proc/meminfo - SSI]	CommittedPercent: 20.2047 %
20220312 061459.946 INFO             PET0 PIOc_freedecomp Exit - MemInfo: [/proc/self/status]	VmPeak:	65932600 kB
20220312 061459.946 INFO             PET0 PIOc_freedecomp Exit - MemInfo: [/proc/self/status]	VmSize:	65924412 kB
20220312 061459.946 INFO             PET0 PIOc_freedecomp Exit - MemInfo: [/proc/self/status]	VmLck:	       0 kB
20220312 061459.946 INFO             PET0 PIOc_freedecomp Exit - MemInfo: [/proc/self/status]	VmPin:	       0 kB
20220312 061459.946 INFO             PET0 PIOc_freedecomp Exit - MemInfo: [/proc/self/status]	VmHWM:	   46896 kB
20220312 061459.946 INFO             PET0 PIOc_freedecomp Exit - MemInfo: [/proc/self/status]	VmRSS:	   46896 kB
20220312 061459.946 INFO             PET0 PIOc_freedecomp Exit - MemInfo: [/proc/self/status]	VmData:	   55020 kB
20220312 061459.946 INFO             PET0 PIOc_freedecomp Exit - MemInfo: [/proc/self/status]	VmStk:	     144 kB
20220312 061459.946 INFO             PET0 PIOc_freedecomp Exit - MemInfo: [/proc/self/status]	VmExe:	     264 kB
20220312 061459.946 INFO             PET0 PIOc_freedecomp Exit - MemInfo: [/proc/self/status]	VmLib:	   39920 kB
20220312 061459.946 INFO             PET0 PIOc_freedecomp Exit - MemInfo: [/proc/self/status]	VmPTE:	     276 kB
20220312 061459.946 INFO             PET0 PIOc_freedecomp Exit - MemInfo: [/proc/self/status]	VmPMD:	      16 kB
20220312 061459.946 INFO             PET0 PIOc_freedecomp Exit - MemInfo: [/proc/self/status]	VmSwap:	       0 kB
20220312 061459.946 INFO             PET0 PIOc_freedecomp Exit - MemInfo: [/proc/self/status]	VmRSSPercent: 0.0715893 %
20220312 061459.946 INFO             PET0 PIOc_freedecomp Exit - MemInfo: [malloc] Non-mmapped space allocated:                52948992 Byte
20220312 061459.946 INFO             PET0 PIOc_freedecomp Exit - MemInfo: [malloc] Space allocated in mmapped regions:                0 Byte
20220312 061459.946 INFO             PET0 PIOc_freedecomp Exit - MemInfo: [malloc] Maximum total allocated space:                     0 Byte
20220312 061459.946 INFO             PET0 PIOc_freedecomp Exit - MemInfo: [malloc] Space in freed fastbin blocks:                   944 Byte
20220312 061459.946 INFO             PET0 PIOc_freedecomp Exit - MemInfo: [malloc] Total allocated space:                      18754320 Byte
20220312 061459.946 INFO             PET0 PIOc_freedecomp Exit - MemInfo: [malloc] Total free space:                           34194672 Byte
20220312 061459.946 INFO             PET0 PIOc_freedecomp Exit - MemInfo: [malloc] Top-most, releasable space:                 16911216 Byte
20220312 061459.946 INFO             PET0 PIOc_freedecomp Exit - MemInfo: [malloc] Total space in use, mmap + non-mmap:        18754320 Byte
20220312 061459.946 INFO             PET0 PIOc_freedecomp Exit - MemInfo: [malloc] Total space held (mmap + non-mmap):         52948992 Byte
20220312 061459.946 INFO             PET0 PIOc_freedecomp Exit - MemInfo: [malloc] Total space used (mmap + non-mmap):         18763648 Byte
20220312 061459.946 INFO             PET0 PIOc_freedecomp Exit - MemInfo: Wall-clock time since execution start:              0.0353855 seconds
20220312 061459.946 INFO             PET0  PASS  Write Field to NetCDF file, ESMF_FieldIOUTest.F90, line 348
20220312 061459.947 INFO             PET0  PASS  Confirm NetCDF metadata - open file, ESMF_FieldIOUTest.F90, line 359
20220312 061459.947 INFO             PET0  PASS  Confirm NetCDF metadata - check dim 1, ESMF_FieldIOUTest.F90, line 369
20220312 061459.947 INFO             PET0  PASS  Confirm NetCDF metadata - check dim 1 len, ESMF_FieldIOUTest.F90, line 379
20220312 061459.947 INFO             PET0  PASS  Confirm NetCDF metadata - check dim 2, ESMF_FieldIOUTest.F90, line 389
20220312 061459.947 INFO             PET0  PASS  Confirm NetCDF metadata - check dim 2 len, ESMF_FieldIOUTest.F90, line 399
20220312 061459.947 INFO             PET0  PASS  Confirm NetCDF metadata - variable exists, ESMF_FieldIOUTest.F90, line 409
20220312 061459.947 INFO             PET0  PASS  Confirm NetCDF metadata - variable has expected dims, ESMF_FieldIOUTest.F90, line 420
20220312 061459.947 INFO             PET0  PASS  Confirm NetCDF data - check data for field, ESMF_FieldIOUTest.F90, line 445
20220312 061459.947 INFO             PET0  PASS  Confirm NetCDF data - close file, ESMF_FieldIOUTest.F90, line 456
20220312 061459.954 INFO             PET0 PIOc_sync Enter - MemInfo: [/proc/meminfo - SSI]	MemTotal:       65507008 kB
20220312 061459.954 INFO             PET0 PIOc_sync Enter - MemInfo: [/proc/meminfo - SSI]	MemFree:        49429416 kB
20220312 061459.954 INFO             PET0 PIOc_sync Enter - MemInfo: [/proc/meminfo - SSI]	MemAvailable:   49187220 kB
20220312 061459.954 INFO             PET0 PIOc_sync Enter - MemInfo: [/proc/meminfo - SSI]	Committed_AS:   13290560 kB
20220312 061459.954 INFO             PET0 PIOc_sync Enter - MemInfo: [/proc/meminfo - SSI]	CommittedPercent: 20.2888 %
20220312 061459.954 INFO             PET0 PIOc_sync Enter - MemInfo: [/proc/self/status]	VmPeak:	65932600 kB
20220312 061459.954 INFO             PET0 PIOc_sync Enter - MemInfo: [/proc/self/status]	VmSize:	65924412 kB
20220312 061459.954 INFO             PET0 PIOc_sync Enter - MemInfo: [/proc/self/status]	VmLck:	       0 kB
20220312 061459.954 INFO             PET0 PIOc_sync Enter - MemInfo: [/proc/self/status]	VmPin:	       0 kB
20220312 061459.954 INFO             PET0 PIOc_sync Enter - MemInfo: [/proc/self/status]	VmHWM:	   46984 kB
20220312 061459.954 INFO             PET0 PIOc_sync Enter - MemInfo: [/proc/self/status]	VmRSS:	   46984 kB
20220312 061459.954 INFO             PET0 PIOc_sync Enter - MemInfo: [/proc/self/status]	VmData:	   55020 kB
20220312 061459.954 INFO             PET0 PIOc_sync Enter - MemInfo: [/proc/self/status]	VmStk:	     144 kB
20220312 061459.955 INFO             PET0 PIOc_sync Enter - MemInfo: [/proc/self/status]	VmExe:	     264 kB
20220312 061459.955 INFO             PET0 PIOc_sync Enter - MemInfo: [/proc/self/status]	VmLib:	   39920 kB
20220312 061459.955 INFO             PET0 PIOc_sync Enter - MemInfo: [/proc/self/status]	VmPTE:	     276 kB
20220312 061459.955 INFO             PET0 PIOc_sync Enter - MemInfo: [/proc/self/status]	VmPMD:	      16 kB
20220312 061459.955 INFO             PET0 PIOc_sync Enter - MemInfo: [/proc/self/status]	VmSwap:	       0 kB
20220312 061459.955 INFO             PET0 PIOc_sync Enter - MemInfo: [/proc/self/status]	VmRSSPercent: 0.0717236 %
20220312 061459.955 INFO             PET0 PIOc_sync Enter - MemInfo: [malloc] Non-mmapped space allocated:                52948992 Byte
20220312 061459.955 INFO             PET0 PIOc_sync Enter - MemInfo: [malloc] Space allocated in mmapped regions:                0 Byte
20220312 061459.955 INFO             PET0 PIOc_sync Enter - MemInfo: [malloc] Maximum total allocated space:                     0 Byte
20220312 061459.955 INFO             PET0 PIOc_sync Enter - MemInfo: [malloc] Space in freed fastbin blocks:                   960 Byte
20220312 061459.955 INFO             PET0 PIOc_sync Enter - MemInfo: [malloc] Total allocated space:                      36080928 Byte
20220312 061459.955 INFO             PET0 PIOc_sync Enter - MemInfo: [malloc] Total free space:                           16868064 Byte
20220312 061459.955 INFO             PET0 PIOc_sync Enter - MemInfo: [malloc] Top-most, releasable space:                   133984 Byte
20220312 061459.955 INFO             PET0 PIOc_sync Enter - MemInfo: [malloc] Total space in use, mmap + non-mmap:        36080928 Byte
20220312 061459.955 INFO             PET0 PIOc_sync Enter - MemInfo: [malloc] Total space held (mmap + non-mmap):         52948992 Byte
20220312 061459.955 INFO             PET0 PIOc_sync Enter - MemInfo: [malloc] Total space used (mmap + non-mmap):         36090256 Byte
20220312 061459.955 INFO             PET0 PIOc_sync Enter - MemInfo: Wall-clock time since execution start:              0.0440073 seconds
20220312 061459.955 INFO             PET0 PIOc_sync Exit - MemInfo: [/proc/meminfo - SSI]	MemTotal:       65507008 kB
20220312 061459.955 INFO             PET0 PIOc_sync Exit - MemInfo: [/proc/meminfo - SSI]	MemFree:        49429416 kB
20220312 061459.955 INFO             PET0 PIOc_sync Exit - MemInfo: [/proc/meminfo - SSI]	MemAvailable:   49187220 kB
20220312 061459.955 INFO             PET0 PIOc_sync Exit - MemInfo: [/proc/meminfo - SSI]	Committed_AS:   13290560 kB
20220312 061459.955 INFO             PET0 PIOc_sync Exit - MemInfo: [/proc/meminfo - SSI]	CommittedPercent: 20.2888 %
20220312 061459.955 INFO             PET0 PIOc_sync Exit - MemInfo: [/proc/self/status]	VmPeak:	65932600 kB
20220312 061459.955 INFO             PET0 PIOc_sync Exit - MemInfo: [/proc/self/status]	VmSize:	65924412 kB
20220312 061459.955 INFO             PET0 PIOc_sync Exit - MemInfo: [/proc/self/status]	VmLck:	       0 kB
20220312 061459.955 INFO             PET0 PIOc_sync Exit - MemInfo: [/proc/self/status]	VmPin:	       0 kB
20220312 061459.955 INFO             PET0 PIOc_sync Exit - MemInfo: [/proc/self/status]	VmHWM:	   46984 kB
20220312 061459.955 INFO             PET0 PIOc_sync Exit - MemInfo: [/proc/self/status]	VmRSS:	   46984 kB
20220312 061459.955 INFO             PET0 PIOc_sync Exit - MemInfo: [/proc/self/status]	VmData:	   55020 kB
20220312 061459.955 INFO             PET0 PIOc_sync Exit - MemInfo: [/proc/self/status]	VmStk:	     144 kB
20220312 061459.955 INFO             PET0 PIOc_sync Exit - MemInfo: [/proc/self/status]	VmExe:	     264 kB
20220312 061459.955 INFO             PET0 PIOc_sync Exit - MemInfo: [/proc/self/status]	VmLib:	   39920 kB
20220312 061459.955 INFO             PET0 PIOc_sync Exit - MemInfo: [/proc/self/status]	VmPTE:	     276 kB
20220312 061459.955 INFO             PET0 PIOc_sync Exit - MemInfo: [/proc/self/status]	VmPMD:	      16 kB
20220312 061459.955 INFO             PET0 PIOc_sync Exit - MemInfo: [/proc/self/status]	VmSwap:	       0 kB
20220312 061459.955 INFO             PET0 PIOc_sync Exit - MemInfo: [/proc/self/status]	VmRSSPercent: 0.0717236 %
20220312 061459.955 INFO             PET0 PIOc_sync Exit - MemInfo: [malloc] Non-mmapped space allocated:                52948992 Byte
20220312 061459.955 INFO             PET0 PIOc_sync Exit - MemInfo: [malloc] Space allocated in mmapped regions:                0 Byte
20220312 061459.955 INFO             PET0 PIOc_sync Exit - MemInfo: [malloc] Maximum total allocated space:                     0 Byte
20220312 061459.955 INFO             PET0 PIOc_sync Exit - MemInfo: [malloc] Space in freed fastbin blocks:                  1104 Byte
20220312 061459.955 INFO             PET0 PIOc_sync Exit - MemInfo: [malloc] Total allocated space:                      36080336 Byte
20220312 061459.955 INFO             PET0 PIOc_sync Exit - MemInfo: [malloc] Total free space:                           16868656 Byte
20220312 061459.955 INFO             PET0 PIOc_sync Exit - MemInfo: [malloc] Top-most, releasable space:                   133984 Byte
20220312 061459.955 INFO             PET0 PIOc_sync Exit - MemInfo: [malloc] Total space in use, mmap + non-mmap:        36080336 Byte
20220312 061459.955 INFO             PET0 PIOc_sync Exit - MemInfo: [malloc] Total space held (mmap + non-mmap):         52948992 Byte
20220312 061459.955 INFO             PET0 PIOc_sync Exit - MemInfo: [malloc] Total space used (mmap + non-mmap):         36089664 Byte
20220312 061459.955 INFO             PET0 PIOc_sync Exit - MemInfo: Wall-clock time since execution start:              0.0444082 seconds
20220312 061459.955 INFO             PET0 PIOc_freedecomp Enter - MemInfo: [/proc/meminfo - SSI]	MemTotal:       65507008 kB
20220312 061459.955 INFO             PET0 PIOc_freedecomp Enter - MemInfo: [/proc/meminfo - SSI]	MemFree:        49429416 kB
20220312 061459.955 INFO             PET0 PIOc_freedecomp Enter - MemInfo: [/proc/meminfo - SSI]	MemAvailable:   49187220 kB
20220312 061459.955 INFO             PET0 PIOc_freedecomp Enter - MemInfo: [/proc/meminfo - SSI]	Committed_AS:   13290560 kB
20220312 061459.955 INFO             PET0 PIOc_freedecomp Enter - MemInfo: [/proc/meminfo - SSI]	CommittedPercent: 20.2888 %
20220312 061459.955 INFO             PET0 PIOc_freedecomp Enter - MemInfo: [/proc/self/status]	VmPeak:	65932600 kB
20220312 061459.955 INFO             PET0 PIOc_freedecomp Enter - MemInfo: [/proc/self/status]	VmSize:	65924412 kB
20220312 061459.955 INFO             PET0 PIOc_freedecomp Enter - MemInfo: [/proc/self/status]	VmLck:	       0 kB
20220312 061459.955 INFO             PET0 PIOc_freedecomp Enter - MemInfo: [/proc/self/status]	VmPin:	       0 kB
20220312 061459.955 INFO             PET0 PIOc_freedecomp Enter - MemInfo: [/proc/self/status]	VmHWM:	   46984 kB
20220312 061459.955 INFO             PET0 PIOc_freedecomp Enter - MemInfo: [/proc/self/status]	VmRSS:	   46984 kB
20220312 061459.955 INFO             PET0 PIOc_freedecomp Enter - MemInfo: [/proc/self/status]	VmData:	   55020 kB
20220312 061459.955 INFO             PET0 PIOc_freedecomp Enter - MemInfo: [/proc/self/status]	VmStk:	     144 kB
20220312 061459.955 INFO             PET0 PIOc_freedecomp Enter - MemInfo: [/proc/self/status]	VmExe:	     264 kB
20220312 061459.955 INFO             PET0 PIOc_freedecomp Enter - MemInfo: [/proc/self/status]	VmLib:	   39920 kB
20220312 061459.955 INFO             PET0 PIOc_freedecomp Enter - MemInfo: [/proc/self/status]	VmPTE:	     276 kB
20220312 061459.955 INFO             PET0 PIOc_freedecomp Enter - MemInfo: [/proc/self/status]	VmPMD:	      16 kB
20220312 061459.955 INFO             PET0 PIOc_freedecomp Enter - MemInfo: [/proc/self/status]	VmSwap:	       0 kB
20220312 061459.955 INFO             PET0 PIOc_freedecomp Enter - MemInfo: [/proc/self/status]	VmRSSPercent: 0.0717236 %
20220312 061459.955 INFO             PET0 PIOc_freedecomp Enter - MemInfo: [malloc] Non-mmapped space allocated:                52948992 Byte
20220312 061459.955 INFO             PET0 PIOc_freedecomp Enter - MemInfo: [malloc] Space allocated in mmapped regions:                0 Byte
20220312 061459.955 INFO             PET0 PIOc_freedecomp Enter - MemInfo: [malloc] Maximum total allocated space:                     0 Byte
20220312 061459.955 INFO             PET0 PIOc_freedecomp Enter - MemInfo: [malloc] Space in freed fastbin blocks:                   864 Byte
20220312 061459.955 INFO             PET0 PIOc_freedecomp Enter - MemInfo: [malloc] Total allocated space:                      18765424 Byte
20220312 061459.955 INFO             PET0 PIOc_freedecomp Enter - MemInfo: [malloc] Total free space:                           34183568 Byte
20220312 061459.955 INFO             PET0 PIOc_freedecomp Enter - MemInfo: [malloc] Top-most, releasable space:                 16911216 Byte
20220312 061459.955 INFO             PET0 PIOc_freedecomp Enter - MemInfo: [malloc] Total space in use, mmap + non-mmap:        18765424 Byte
20220312 061459.955 INFO             PET0 PIOc_freedecomp Enter - MemInfo: [malloc] Total space held (mmap + non-mmap):         52948992 Byte
20220312 061459.955 INFO             PET0 PIOc_freedecomp Enter - MemInfo: [malloc] Total space used (mmap + non-mmap):         18774752 Byte
20220312 061459.955 INFO             PET0 PIOc_freedecomp Enter - MemInfo: Wall-clock time since execution start:              0.0447727 seconds
20220312 061459.955 INFO             PET0 PIOc_freedecomp Exit - MemInfo: [/proc/meminfo - SSI]	MemTotal:       65507008 kB
20220312 061459.955 INFO             PET0 PIOc_freedecomp Exit - MemInfo: [/proc/meminfo - SSI]	MemFree:        49429416 kB
20220312 061459.955 INFO             PET0 PIOc_freedecomp Exit - MemInfo: [/proc/meminfo - SSI]	MemAvailable:   49187220 kB
20220312 061459.955 INFO             PET0 PIOc_freedecomp Exit - MemInfo: [/proc/meminfo - SSI]	Committed_AS:   13290560 kB
20220312 061459.956 INFO             PET0 PIOc_freedecomp Exit - MemInfo: [/proc/meminfo - SSI]	CommittedPercent: 20.2888 %
20220312 061459.956 INFO             PET0 PIOc_freedecomp Exit - MemInfo: [/proc/self/status]	VmPeak:	65932600 kB
20220312 061459.956 INFO             PET0 PIOc_freedecomp Exit - MemInfo: [/proc/self/status]	VmSize:	65924412 kB
20220312 061459.956 INFO             PET0 PIOc_freedecomp Exit - MemInfo: [/proc/self/status]	VmLck:	       0 kB
20220312 061459.956 INFO             PET0 PIOc_freedecomp Exit - MemInfo: [/proc/self/status]	VmPin:	       0 kB
20220312 061459.956 INFO             PET0 PIOc_freedecomp Exit - MemInfo: [/proc/self/status]	VmHWM:	   46984 kB
20220312 061459.956 INFO             PET0 PIOc_freedecomp Exit - MemInfo: [/proc/self/status]	VmRSS:	   46984 kB
20220312 061459.956 INFO             PET0 PIOc_freedecomp Exit - MemInfo: [/proc/self/status]	VmData:	   55020 kB
20220312 061459.956 INFO             PET0 PIOc_freedecomp Exit - MemInfo: [/proc/self/status]	VmStk:	     144 kB
20220312 061459.956 INFO             PET0 PIOc_freedecomp Exit - MemInfo: [/proc/self/status]	VmExe:	     264 kB
20220312 061459.956 INFO             PET0 PIOc_freedecomp Exit - MemInfo: [/proc/self/status]	VmLib:	   39920 kB
20220312 061459.956 INFO             PET0 PIOc_freedecomp Exit - MemInfo: [/proc/self/status]	VmPTE:	     276 kB
20220312 061459.956 INFO             PET0 PIOc_freedecomp Exit - MemInfo: [/proc/self/status]	VmPMD:	      16 kB
20220312 061459.956 INFO             PET0 PIOc_freedecomp Exit - MemInfo: [/proc/self/status]	VmSwap:	       0 kB
20220312 061459.956 INFO             PET0 PIOc_freedecomp Exit - MemInfo: [/proc/self/status]	VmRSSPercent: 0.0717236 %
20220312 061459.956 INFO             PET0 PIOc_freedecomp Exit - MemInfo: [malloc] Non-mmapped space allocated:                52948992 Byte
20220312 061459.956 INFO             PET0 PIOc_freedecomp Exit - MemInfo: [malloc] Space allocated in mmapped regions:                0 Byte
20220312 061459.956 INFO             PET0 PIOc_freedecomp Exit - MemInfo: [malloc] Maximum total allocated space:                     0 Byte
20220312 061459.956 INFO             PET0 PIOc_freedecomp Exit - MemInfo: [malloc] Space in freed fastbin blocks:                   704 Byte
20220312 061459.956 INFO             PET0 PIOc_freedecomp Exit - MemInfo: [malloc] Total allocated space:                      18760240 Byte
20220312 061459.956 INFO             PET0 PIOc_freedecomp Exit - MemInfo: [malloc] Total free space:                           34188752 Byte
20220312 061459.956 INFO             PET0 PIOc_freedecomp Exit - MemInfo: [malloc] Top-most, releasable space:                 16911216 Byte
20220312 061459.956 INFO             PET0 PIOc_freedecomp Exit - MemInfo: [malloc] Total space in use, mmap + non-mmap:        18760240 Byte
20220312 061459.956 INFO             PET0 PIOc_freedecomp Exit - MemInfo: [malloc] Total space held (mmap + non-mmap):         52948992 Byte
20220312 061459.956 INFO             PET0 PIOc_freedecomp Exit - MemInfo: [malloc] Total space used (mmap + non-mmap):         18769568 Byte
20220312 061459.956 INFO             PET0 PIOc_freedecomp Exit - MemInfo: Wall-clock time since execution start:              0.0451029 seconds
20220312 061459.957 INFO             PET0 PIOc_sync Enter - MemInfo: [/proc/meminfo - SSI]	MemTotal:       65507008 kB
20220312 061459.957 INFO             PET0 PIOc_sync Enter - MemInfo: [/proc/meminfo - SSI]	MemFree:        49429416 kB
20220312 061459.957 INFO             PET0 PIOc_sync Enter - MemInfo: [/proc/meminfo - SSI]	MemAvailable:   49187220 kB
20220312 061459.957 INFO             PET0 PIOc_sync Enter - MemInfo: [/proc/meminfo - SSI]	Committed_AS:   13290560 kB
20220312 061459.957 INFO             PET0 PIOc_sync Enter - MemInfo: [/proc/meminfo - SSI]	CommittedPercent: 20.2888 %
20220312 061459.957 INFO             PET0 PIOc_sync Enter - MemInfo: [/proc/self/status]	VmPeak:	65932600 kB
20220312 061459.957 INFO             PET0 PIOc_sync Enter - MemInfo: [/proc/self/status]	VmSize:	65924412 kB
20220312 061459.957 INFO             PET0 PIOc_sync Enter - MemInfo: [/proc/self/status]	VmLck:	       0 kB
20220312 061459.957 INFO             PET0 PIOc_sync Enter - MemInfo: [/proc/self/status]	VmPin:	       0 kB
20220312 061459.957 INFO             PET0 PIOc_sync Enter - MemInfo: [/proc/self/status]	VmHWM:	   47076 kB
20220312 061459.957 INFO             PET0 PIOc_sync Enter - MemInfo: [/proc/self/status]	VmRSS:	   47076 kB
20220312 061459.957 INFO             PET0 PIOc_sync Enter - MemInfo: [/proc/self/status]	VmData:	   55020 kB
20220312 061459.957 INFO             PET0 PIOc_sync Enter - MemInfo: [/proc/self/status]	VmStk:	     144 kB
20220312 061459.957 INFO             PET0 PIOc_sync Enter - MemInfo: [/proc/self/status]	VmExe:	     264 kB
20220312 061459.957 INFO             PET0 PIOc_sync Enter - MemInfo: [/proc/self/status]	VmLib:	   39920 kB
20220312 061459.957 INFO             PET0 PIOc_sync Enter - MemInfo: [/proc/self/status]	VmPTE:	     276 kB
20220312 061459.957 INFO             PET0 PIOc_sync Enter - MemInfo: [/proc/self/status]	VmPMD:	      16 kB
20220312 061459.957 INFO             PET0 PIOc_sync Enter - MemInfo: [/proc/self/status]	VmSwap:	       0 kB
20220312 061459.957 INFO             PET0 PIOc_sync Enter - MemInfo: [/proc/self/status]	VmRSSPercent: 0.0718641 %
20220312 061459.957 INFO             PET0 PIOc_sync Enter - MemInfo: [malloc] Non-mmapped space allocated:                52948992 Byte
20220312 061459.957 INFO             PET0 PIOc_sync Enter - MemInfo: [malloc] Space allocated in mmapped regions:                0 Byte
20220312 061459.957 INFO             PET0 PIOc_sync Enter - MemInfo: [malloc] Maximum total allocated space:                     0 Byte
20220312 061459.957 INFO             PET0 PIOc_sync Enter - MemInfo: [malloc] Space in freed fastbin blocks:                   896 Byte
20220312 061459.957 INFO             PET0 PIOc_sync Enter - MemInfo: [malloc] Total allocated space:                      36084416 Byte
20220312 061459.957 INFO             PET0 PIOc_sync Enter - MemInfo: [malloc] Total free space:                           16864576 Byte
20220312 061459.957 INFO             PET0 PIOc_sync Enter - MemInfo: [malloc] Top-most, releasable space:                   133984 Byte
20220312 061459.957 INFO             PET0 PIOc_sync Enter - MemInfo: [malloc] Total space in use, mmap + non-mmap:        36084416 Byte
20220312 061459.958 INFO             PET0 PIOc_sync Enter - MemInfo: [malloc] Total space held (mmap + non-mmap):         52948992 Byte
20220312 061459.958 INFO             PET0 PIOc_sync Enter - MemInfo: [malloc] Total space used (mmap + non-mmap):         36093744 Byte
20220312 061459.958 INFO             PET0 PIOc_sync Enter - MemInfo: Wall-clock time since execution start:              0.0468676 seconds
20220312 061459.958 INFO             PET0 PIOc_sync Exit - MemInfo: [/proc/meminfo - SSI]	MemTotal:       65507008 kB
20220312 061459.958 INFO             PET0 PIOc_sync Exit - MemInfo: [/proc/meminfo - SSI]	MemFree:        49429416 kB
20220312 061459.958 INFO             PET0 PIOc_sync Exit - MemInfo: [/proc/meminfo - SSI]	MemAvailable:   49187220 kB
20220312 061459.958 INFO             PET0 PIOc_sync Exit - MemInfo: [/proc/meminfo - SSI]	Committed_AS:   13290560 kB
20220312 061459.958 INFO             PET0 PIOc_sync Exit - MemInfo: [/proc/meminfo - SSI]	CommittedPercent: 20.2888 %
20220312 061459.958 INFO             PET0 PIOc_sync Exit - MemInfo: [/proc/self/status]	VmPeak:	65932600 kB
20220312 061459.958 INFO             PET0 PIOc_sync Exit - MemInfo: [/proc/self/status]	VmSize:	65924412 kB
20220312 061459.958 INFO             PET0 PIOc_sync Exit - MemInfo: [/proc/self/status]	VmLck:	       0 kB
20220312 061459.958 INFO             PET0 PIOc_sync Exit - MemInfo: [/proc/self/status]	VmPin:	       0 kB
20220312 061459.958 INFO             PET0 PIOc_sync Exit - MemInfo: [/proc/self/status]	VmHWM:	   47076 kB
20220312 061459.958 INFO             PET0 PIOc_sync Exit - MemInfo: [/proc/self/status]	VmRSS:	   47076 kB
20220312 061459.958 INFO             PET0 PIOc_sync Exit - MemInfo: [/proc/self/status]	VmData:	   55020 kB
20220312 061459.958 INFO             PET0 PIOc_sync Exit - MemInfo: [/proc/self/status]	VmStk:	     144 kB
20220312 061459.958 INFO             PET0 PIOc_sync Exit - MemInfo: [/proc/self/status]	VmExe:	     264 kB
20220312 061459.958 INFO             PET0 PIOc_sync Exit - MemInfo: [/proc/self/status]	VmLib:	   39920 kB
20220312 061459.958 INFO             PET0 PIOc_sync Exit - MemInfo: [/proc/self/status]	VmPTE:	     276 kB
20220312 061459.958 INFO             PET0 PIOc_sync Exit - MemInfo: [/proc/self/status]	VmPMD:	      16 kB
20220312 061459.958 INFO             PET0 PIOc_sync Exit - MemInfo: [/proc/self/status]	VmSwap:	       0 kB
20220312 061459.958 INFO             PET0 PIOc_sync Exit - MemInfo: [/proc/self/status]	VmRSSPercent: 0.0718641 %
20220312 061459.958 INFO             PET0 PIOc_sync Exit - MemInfo: [malloc] Non-mmapped space allocated:                52948992 Byte
20220312 061459.958 INFO             PET0 PIOc_sync Exit - MemInfo: [malloc] Space allocated in mmapped regions:                0 Byte
20220312 061459.958 INFO             PET0 PIOc_sync Exit - MemInfo: [malloc] Maximum total allocated space:                     0 Byte
20220312 061459.958 INFO             PET0 PIOc_sync Exit - MemInfo: [malloc] Space in freed fastbin blocks:                  1168 Byte
20220312 061459.958 INFO             PET0 PIOc_sync Exit - MemInfo: [malloc] Total allocated space:                      36084000 Byte
20220312 061459.958 INFO             PET0 PIOc_sync Exit - MemInfo: [malloc] Total free space:                           16864992 Byte
20220312 061459.958 INFO             PET0 PIOc_sync Exit - MemInfo: [malloc] Top-most, releasable space:                   133984 Byte
20220312 061459.958 INFO             PET0 PIOc_sync Exit - MemInfo: [malloc] Total space in use, mmap + non-mmap:        36084000 Byte
