build time -- 2022-03-14 06:02:13.813869
20220314 061342.758 INFO             PET0 !!!!!!!!!!!!!!!!!!!!!!!!!!!!!!!!!!!!!!!!!!!!!!!!!!!!!!
20220314 061342.758 INFO             PET0 !!! THE ESMF_LOG IS SET TO OUTPUT ALL LOG MESSAGES !!!
20220314 061342.758 INFO             PET0 !!!     THIS MAY CAUSE SLOWDOWN IN PERFORMANCE     !!!
20220314 061342.758 INFO             PET0 !!! FOR PRODUCTION RUNS, USE:                      !!!
20220314 061342.758 INFO             PET0 !!!                   ESMF_LOGKIND_Multi_On_Error  !!!
20220314 061342.758 INFO             PET0 !!!!!!!!!!!!!!!!!!!!!!!!!!!!!!!!!!!!!!!!!!!!!!!!!!!!!!
20220314 061342.758 INFO             PET0 Running with ESMF Version   : v8.3.0b09-96-g559b459836
20220314 061342.758 INFO             PET0 ESMF library build date/time: "Mar 14 2022" "06:00:22"
20220314 061342.758 INFO             PET0 ESMF library build location : /glade/scratch/rlong/esmf-testing/gfortran_9.1.0_mpt_O_jedwards_pio_update2
20220314 061342.758 INFO             PET0 ESMF_COMM                   : mpt
20220314 061342.758 INFO             PET0 ESMF_MOAB                   : enabled
20220314 061342.758 INFO             PET0 ESMF_LAPACK                 : enabled
20220314 061342.758 INFO             PET0 ESMF_NETCDF                 : enabled
20220314 061342.758 INFO             PET0 ESMF_PNETCDF                : disabled
20220314 061342.758 INFO             PET0 ESMF_PIO                    : enabled
20220314 061342.758 INFO             PET0 ESMF_YAMLCPP                : enabled
20220314 061342.758 INFO             PET0  Beginning Test, file ESMF_IOUTest.F90, line 57
20220314 061342.758 INFO             PET0  NUMBER_OF_PROCESSORS           4
20220314 061342.758 INFO             PET0 Starting Test:  ESMF_OutputWeightFile
20220314 061342.770 INFO             PET0 PIOc_sync Enter - MemInfo: [/proc/meminfo - SSI]	MemTotal:       65507008 kB
20220314 061342.770 INFO             PET0 PIOc_sync Enter - MemInfo: [/proc/meminfo - SSI]	MemFree:        49917164 kB
20220314 061342.770 INFO             PET0 PIOc_sync Enter - MemInfo: [/proc/meminfo - SSI]	MemAvailable:   49669584 kB
20220314 061342.770 INFO             PET0 PIOc_sync Enter - MemInfo: [/proc/meminfo - SSI]	Committed_AS:   13205904 kB
20220314 061342.770 INFO             PET0 PIOc_sync Enter - MemInfo: [/proc/meminfo - SSI]	CommittedPercent: 20.1595 %
20220314 061342.770 INFO             PET0 PIOc_sync Enter - MemInfo: [/proc/self/status]	VmPeak:	65907948 kB
20220314 061342.770 INFO             PET0 PIOc_sync Enter - MemInfo: [/proc/self/status]	VmSize:	65907948 kB
20220314 061342.770 INFO             PET0 PIOc_sync Enter - MemInfo: [/proc/self/status]	VmLck:	       0 kB
20220314 061342.770 INFO             PET0 PIOc_sync Enter - MemInfo: [/proc/self/status]	VmPin:	       0 kB
20220314 061342.770 INFO             PET0 PIOc_sync Enter - MemInfo: [/proc/self/status]	VmHWM:	   30240 kB
20220314 061342.770 INFO             PET0 PIOc_sync Enter - MemInfo: [/proc/self/status]	VmRSS:	   30240 kB
20220314 061342.770 INFO             PET0 PIOc_sync Enter - MemInfo: [/proc/self/status]	VmData:	   38624 kB
20220314 061342.770 INFO             PET0 PIOc_sync Enter - MemInfo: [/proc/self/status]	VmStk:	     144 kB
20220314 061342.770 INFO             PET0 PIOc_sync Enter - MemInfo: [/proc/self/status]	VmExe:	     196 kB
20220314 061342.770 INFO             PET0 PIOc_sync Enter - MemInfo: [/proc/self/status]	VmLib:	   39920 kB
20220314 061342.770 INFO             PET0 PIOc_sync Enter - MemInfo: [/proc/self/status]	VmPTE:	     252 kB
20220314 061342.770 INFO             PET0 PIOc_sync Enter - MemInfo: [/proc/self/status]	VmPMD:	      16 kB
20220314 061342.770 INFO             PET0 PIOc_sync Enter - MemInfo: [/proc/self/status]	VmSwap:	       0 kB
20220314 061342.770 INFO             PET0 PIOc_sync Enter - MemInfo: [/proc/self/status]	VmRSSPercent: 0.046163 %
20220314 061342.770 INFO             PET0 PIOc_sync Enter - MemInfo: [malloc] Non-mmapped space allocated:                36159488 Byte
20220314 061342.773 INFO             PET0 PIOc_sync Enter - MemInfo: [malloc] Space allocated in mmapped regions:                0 Byte
20220314 061342.773 INFO             PET0 PIOc_sync Enter - MemInfo: [malloc] Maximum total allocated space:                     0 Byte
20220314 061342.773 INFO             PET0 PIOc_sync Enter - MemInfo: [malloc] Space in freed fastbin blocks:                   944 Byte
20220314 061342.773 INFO             PET0 PIOc_sync Enter - MemInfo: [malloc] Total allocated space:                      36041808 Byte
20220314 061342.773 INFO             PET0 PIOc_sync Enter - MemInfo: [malloc] Total free space:                             117680 Byte
20220314 061342.773 INFO             PET0 PIOc_sync Enter - MemInfo: [malloc] Top-most, releasable space:                   116176 Byte
20220314 061342.773 INFO             PET0 PIOc_sync Enter - MemInfo: [malloc] Total space in use, mmap + non-mmap:        36041808 Byte
20220314 061342.773 INFO             PET0 PIOc_sync Enter - MemInfo: [malloc] Total space held (mmap + non-mmap):         36159488 Byte
20220314 061342.773 INFO             PET0 PIOc_sync Enter - MemInfo: [malloc] Total space used (mmap + non-mmap):         36051136 Byte
20220314 061342.773 INFO             PET0 PIOc_sync Enter - MemInfo: Wall-clock time since execution start:              0.0157946 seconds
20220314 061342.773 INFO             PET0 PIOc_sync Exit - MemInfo: [/proc/meminfo - SSI]	MemTotal:       65507008 kB
20220314 061342.773 INFO             PET0 PIOc_sync Exit - MemInfo: [/proc/meminfo - SSI]	MemFree:        49917164 kB
20220314 061342.773 INFO             PET0 PIOc_sync Exit - MemInfo: [/proc/meminfo - SSI]	MemAvailable:   49669584 kB
20220314 061342.773 INFO             PET0 PIOc_sync Exit - MemInfo: [/proc/meminfo - SSI]	Committed_AS:   13205904 kB
20220314 061342.773 INFO             PET0 PIOc_sync Exit - MemInfo: [/proc/meminfo - SSI]	CommittedPercent: 20.1595 %
20220314 061342.773 INFO             PET0 PIOc_sync Exit - MemInfo: [/proc/self/status]	VmPeak:	65907948 kB
20220314 061342.773 INFO             PET0 PIOc_sync Exit - MemInfo: [/proc/self/status]	VmSize:	65907948 kB
20220314 061342.773 INFO             PET0 PIOc_sync Exit - MemInfo: [/proc/self/status]	VmLck:	       0 kB
20220314 061342.773 INFO             PET0 PIOc_sync Exit - MemInfo: [/proc/self/status]	VmPin:	       0 kB
20220314 061342.773 INFO             PET0 PIOc_sync Exit - MemInfo: [/proc/self/status]	VmHWM:	   30372 kB
20220314 061342.773 INFO             PET0 PIOc_sync Exit - MemInfo: [/proc/self/status]	VmRSS:	   30372 kB
20220314 061342.773 INFO             PET0 PIOc_sync Exit - MemInfo: [/proc/self/status]	VmData:	   38624 kB
20220314 061342.773 INFO             PET0 PIOc_sync Exit - MemInfo: [/proc/self/status]	VmStk:	     144 kB
20220314 061342.773 INFO             PET0 PIOc_sync Exit - MemInfo: [/proc/self/status]	VmExe:	     196 kB
20220314 061342.773 INFO             PET0 PIOc_sync Exit - MemInfo: [/proc/self/status]	VmLib:	   39920 kB
20220314 061342.773 INFO             PET0 PIOc_sync Exit - MemInfo: [/proc/self/status]	VmPTE:	     252 kB
20220314 061342.773 INFO             PET0 PIOc_sync Exit - MemInfo: [/proc/self/status]	VmPMD:	      16 kB
20220314 061342.773 INFO             PET0 PIOc_sync Exit - MemInfo: [/proc/self/status]	VmSwap:	       0 kB
20220314 061342.773 INFO             PET0 PIOc_sync Exit - MemInfo: [/proc/self/status]	VmRSSPercent: 0.0463645 %
20220314 061342.773 INFO             PET0 PIOc_sync Exit - MemInfo: [malloc] Non-mmapped space allocated:                36159488 Byte
20220314 061342.773 INFO             PET0 PIOc_sync Exit - MemInfo: [malloc] Space allocated in mmapped regions:                0 Byte
20220314 061342.773 INFO             PET0 PIOc_sync Exit - MemInfo: [malloc] Maximum total allocated space:                     0 Byte
20220314 061342.773 INFO             PET0 PIOc_sync Exit - MemInfo: [malloc] Space in freed fastbin blocks:                   704 Byte
20220314 061342.773 INFO             PET0 PIOc_sync Exit - MemInfo: [malloc] Total allocated space:                      36041168 Byte
20220314 061342.773 INFO             PET0 PIOc_sync Exit - MemInfo: [malloc] Total free space:                             118320 Byte
20220314 061342.774 INFO             PET0 PIOc_sync Exit - MemInfo: [malloc] Top-most, releasable space:                   116112 Byte
20220314 061342.774 INFO             PET0 PIOc_sync Exit - MemInfo: [malloc] Total space in use, mmap + non-mmap:        36041168 Byte
20220314 061342.774 INFO             PET0 PIOc_sync Exit - MemInfo: [malloc] Total space held (mmap + non-mmap):         36159488 Byte
20220314 061342.774 INFO             PET0 PIOc_sync Exit - MemInfo: [malloc] Total space used (mmap + non-mmap):         36050496 Byte
20220314 061342.774 INFO             PET0 PIOc_sync Exit - MemInfo: Wall-clock time since execution start:              0.0166859 seconds
20220314 061342.774 INFO             PET0 PIOc_freedecomp Enter - MemInfo: [/proc/meminfo - SSI]	MemTotal:       65507008 kB
20220314 061342.774 INFO             PET0 PIOc_freedecomp Enter - MemInfo: [/proc/meminfo - SSI]	MemFree:        49917164 kB
20220314 061342.774 INFO             PET0 PIOc_freedecomp Enter - MemInfo: [/proc/meminfo - SSI]	MemAvailable:   49669584 kB
20220314 061342.774 INFO             PET0 PIOc_freedecomp Enter - MemInfo: [/proc/meminfo - SSI]	Committed_AS:   13205904 kB
20220314 061342.774 INFO             PET0 PIOc_freedecomp Enter - MemInfo: [/proc/meminfo - SSI]	CommittedPercent: 20.1595 %
20220314 061342.774 INFO             PET0 PIOc_freedecomp Enter - MemInfo: [/proc/self/status]	VmPeak:	65907948 kB
20220314 061342.774 INFO             PET0 PIOc_freedecomp Enter - MemInfo: [/proc/self/status]	VmSize:	65907948 kB
20220314 061342.774 INFO             PET0 PIOc_freedecomp Enter - MemInfo: [/proc/self/status]	VmLck:	       0 kB
20220314 061342.774 INFO             PET0 PIOc_freedecomp Enter - MemInfo: [/proc/self/status]	VmPin:	       0 kB
20220314 061342.774 INFO             PET0 PIOc_freedecomp Enter - MemInfo: [/proc/self/status]	VmHWM:	   30372 kB
20220314 061342.774 INFO             PET0 PIOc_freedecomp Enter - MemInfo: [/proc/self/status]	VmRSS:	   30372 kB
20220314 061342.774 INFO             PET0 PIOc_freedecomp Enter - MemInfo: [/proc/self/status]	VmData:	   38624 kB
20220314 061342.774 INFO             PET0 PIOc_freedecomp Enter - MemInfo: [/proc/self/status]	VmStk:	     144 kB
20220314 061342.774 INFO             PET0 PIOc_freedecomp Enter - MemInfo: [/proc/self/status]	VmExe:	     196 kB
20220314 061342.774 INFO             PET0 PIOc_freedecomp Enter - MemInfo: [/proc/self/status]	VmLib:	   39920 kB
20220314 061342.774 INFO             PET0 PIOc_freedecomp Enter - MemInfo: [/proc/self/status]	VmPTE:	     252 kB
20220314 061342.774 INFO             PET0 PIOc_freedecomp Enter - MemInfo: [/proc/self/status]	VmPMD:	      16 kB
20220314 061342.774 INFO             PET0 PIOc_freedecomp Enter - MemInfo: [/proc/self/status]	VmSwap:	       0 kB
20220314 061342.774 INFO             PET0 PIOc_freedecomp Enter - MemInfo: [/proc/self/status]	VmRSSPercent: 0.0463645 %
20220314 061342.774 INFO             PET0 PIOc_freedecomp Enter - MemInfo: [malloc] Non-mmapped space allocated:                36159488 Byte
20220314 061342.774 INFO             PET0 PIOc_freedecomp Enter - MemInfo: [malloc] Space allocated in mmapped regions:                0 Byte
20220314 061342.774 INFO             PET0 PIOc_freedecomp Enter - MemInfo: [malloc] Maximum total allocated space:                     0 Byte
20220314 061342.774 INFO             PET0 PIOc_freedecomp Enter - MemInfo: [malloc] Space in freed fastbin blocks:                  1024 Byte
20220314 061342.774 INFO             PET0 PIOc_freedecomp Enter - MemInfo: [malloc] Total allocated space:                      18726544 Byte
20220314 061342.774 INFO             PET0 PIOc_freedecomp Enter - MemInfo: [malloc] Total free space:                           17432944 Byte
20220314 061342.774 INFO             PET0 PIOc_freedecomp Enter - MemInfo: [malloc] Top-most, releasable space:                   116112 Byte
20220314 061342.774 INFO             PET0 PIOc_freedecomp Enter - MemInfo: [malloc] Total space in use, mmap + non-mmap:        18726544 Byte
20220314 061342.774 INFO             PET0 PIOc_freedecomp Enter - MemInfo: [malloc] Total space held (mmap + non-mmap):         36159488 Byte
20220314 061342.774 INFO             PET0 PIOc_freedecomp Enter - MemInfo: [malloc] Total space used (mmap + non-mmap):         18735888 Byte
20220314 061342.774 INFO             PET0 PIOc_freedecomp Enter - MemInfo: Wall-clock time since execution start:              0.0170563 seconds
20220314 061342.774 INFO             PET0 PIOc_freedecomp Exit - MemInfo: [/proc/meminfo - SSI]	MemTotal:       65507008 kB
20220314 061342.774 INFO             PET0 PIOc_freedecomp Exit - MemInfo: [/proc/meminfo - SSI]	MemFree:        49917164 kB
20220314 061342.774 INFO             PET0 PIOc_freedecomp Exit - MemInfo: [/proc/meminfo - SSI]	MemAvailable:   49669584 kB
20220314 061342.774 INFO             PET0 PIOc_freedecomp Exit - MemInfo: [/proc/meminfo - SSI]	Committed_AS:   13205904 kB
20220314 061342.774 INFO             PET0 PIOc_freedecomp Exit - MemInfo: [/proc/meminfo - SSI]	CommittedPercent: 20.1595 %
20220314 061342.774 INFO             PET0 PIOc_freedecomp Exit - MemInfo: [/proc/self/status]	VmPeak:	65907948 kB
20220314 061342.774 INFO             PET0 PIOc_freedecomp Exit - MemInfo: [/proc/self/status]	VmSize:	65907948 kB
20220314 061342.774 INFO             PET0 PIOc_freedecomp Exit - MemInfo: [/proc/self/status]	VmLck:	       0 kB
20220314 061342.774 INFO             PET0 PIOc_freedecomp Exit - MemInfo: [/proc/self/status]	VmPin:	       0 kB
20220314 061342.774 INFO             PET0 PIOc_freedecomp Exit - MemInfo: [/proc/self/status]	VmHWM:	   30376 kB
20220314 061342.774 INFO             PET0 PIOc_freedecomp Exit - MemInfo: [/proc/self/status]	VmRSS:	   30376 kB
20220314 061342.774 INFO             PET0 PIOc_freedecomp Exit - MemInfo: [/proc/self/status]	VmData:	   38624 kB
20220314 061342.774 INFO             PET0 PIOc_freedecomp Exit - MemInfo: [/proc/self/status]	VmStk:	     144 kB
20220314 061342.774 INFO             PET0 PIOc_freedecomp Exit - MemInfo: [/proc/self/status]	VmExe:	     196 kB
20220314 061342.774 INFO             PET0 PIOc_freedecomp Exit - MemInfo: [/proc/self/status]	VmLib:	   39920 kB
20220314 061342.774 INFO             PET0 PIOc_freedecomp Exit - MemInfo: [/proc/self/status]	VmPTE:	     252 kB
20220314 061342.774 INFO             PET0 PIOc_freedecomp Exit - MemInfo: [/proc/self/status]	VmPMD:	      16 kB
20220314 061342.774 INFO             PET0 PIOc_freedecomp Exit - MemInfo: [/proc/self/status]	VmSwap:	       0 kB
20220314 061342.774 INFO             PET0 PIOc_freedecomp Exit - MemInfo: [/proc/self/status]	VmRSSPercent: 0.0463706 %
20220314 061342.774 INFO             PET0 PIOc_freedecomp Exit - MemInfo: [malloc] Non-mmapped space allocated:                36159488 Byte
20220314 061342.774 INFO             PET0 PIOc_freedecomp Exit - MemInfo: [malloc] Space allocated in mmapped regions:                0 Byte
20220314 061342.774 INFO             PET0 PIOc_freedecomp Exit - MemInfo: [malloc] Maximum total allocated space:                     0 Byte
20220314 061342.774 INFO             PET0 PIOc_freedecomp Exit - MemInfo: [malloc] Space in freed fastbin blocks:                  1280 Byte
20220314 061342.774 INFO             PET0 PIOc_freedecomp Exit - MemInfo: [malloc] Total allocated space:                      18724640 Byte
20220314 061342.774 INFO             PET0 PIOc_freedecomp Exit - MemInfo: [malloc] Total free space:                           17434848 Byte
20220314 061342.774 INFO             PET0 PIOc_freedecomp Exit - MemInfo: [malloc] Top-most, releasable space:                   116112 Byte
20220314 061342.774 INFO             PET0 PIOc_freedecomp Exit - MemInfo: [malloc] Total space in use, mmap + non-mmap:        18724640 Byte
20220314 061342.774 INFO             PET0 PIOc_freedecomp Exit - MemInfo: [malloc] Total space held (mmap + non-mmap):         36159488 Byte
20220314 061342.774 INFO             PET0 PIOc_freedecomp Exit - MemInfo: [malloc] Total space used (mmap + non-mmap):         18733968 Byte
20220314 061342.774 INFO             PET0 PIOc_freedecomp Exit - MemInfo: Wall-clock time since execution start:               0.017382 seconds
20220314 061342.775 INFO             PET0 PIOc_sync Enter - MemInfo: [/proc/meminfo - SSI]	MemTotal:       65507008 kB
20220314 061342.775 INFO             PET0 PIOc_sync Enter - MemInfo: [/proc/meminfo - SSI]	MemFree:        49917164 kB
20220314 061342.775 INFO             PET0 PIOc_sync Enter - MemInfo: [/proc/meminfo - SSI]	MemAvailable:   49669584 kB
20220314 061342.775 INFO             PET0 PIOc_sync Enter - MemInfo: [/proc/meminfo - SSI]	Committed_AS:   13205904 kB
20220314 061342.775 INFO             PET0 PIOc_sync Enter - MemInfo: [/proc/meminfo - SSI]	CommittedPercent: 20.1595 %
20220314 061342.775 INFO             PET0 PIOc_sync Enter - MemInfo: [/proc/self/status]	VmPeak:	65916136 kB
20220314 061342.775 INFO             PET0 PIOc_sync Enter - MemInfo: [/proc/self/status]	VmSize:	65907948 kB
20220314 061342.775 INFO             PET0 PIOc_sync Enter - MemInfo: [/proc/self/status]	VmLck:	       0 kB
20220314 061342.775 INFO             PET0 PIOc_sync Enter - MemInfo: [/proc/self/status]	VmPin:	       0 kB
20220314 061342.775 INFO             PET0 PIOc_sync Enter - MemInfo: [/proc/self/status]	VmHWM:	   30384 kB
20220314 061342.775 INFO             PET0 PIOc_sync Enter - MemInfo: [/proc/self/status]	VmRSS:	   30384 kB
20220314 061342.775 INFO             PET0 PIOc_sync Enter - MemInfo: [/proc/self/status]	VmData:	   38624 kB
20220314 061342.775 INFO             PET0 PIOc_sync Enter - MemInfo: [/proc/self/status]	VmStk:	     144 kB
20220314 061342.775 INFO             PET0 PIOc_sync Enter - MemInfo: [/proc/self/status]	VmExe:	     196 kB
20220314 061342.775 INFO             PET0 PIOc_sync Enter - MemInfo: [/proc/self/status]	VmLib:	   39920 kB
20220314 061342.775 INFO             PET0 PIOc_sync Enter - MemInfo: [/proc/self/status]	VmPTE:	     256 kB
20220314 061342.775 INFO             PET0 PIOc_sync Enter - MemInfo: [/proc/self/status]	VmPMD:	      16 kB
20220314 061342.775 INFO             PET0 PIOc_sync Enter - MemInfo: [/proc/self/status]	VmSwap:	       0 kB
20220314 061342.775 INFO             PET0 PIOc_sync Enter - MemInfo: [/proc/self/status]	VmRSSPercent: 0.0463828 %
20220314 061342.775 INFO             PET0 PIOc_sync Enter - MemInfo: [malloc] Non-mmapped space allocated:                36159488 Byte
20220314 061342.775 INFO             PET0 PIOc_sync Enter - MemInfo: [malloc] Space allocated in mmapped regions:                0 Byte
20220314 061342.775 INFO             PET0 PIOc_sync Enter - MemInfo: [malloc] Maximum total allocated space:                     0 Byte
20220314 061342.775 INFO             PET0 PIOc_sync Enter - MemInfo: [malloc] Space in freed fastbin blocks:                  1248 Byte
20220314 061342.775 INFO             PET0 PIOc_sync Enter - MemInfo: [malloc] Total allocated space:                      36042176 Byte
20220314 061342.775 INFO             PET0 PIOc_sync Enter - MemInfo: [malloc] Total free space:                             117312 Byte
20220314 061342.775 INFO             PET0 PIOc_sync Enter - MemInfo: [malloc] Top-most, releasable space:                   114832 Byte
20220314 061342.775 INFO             PET0 PIOc_sync Enter - MemInfo: [malloc] Total space in use, mmap + non-mmap:        36042176 Byte
20220314 061342.775 INFO             PET0 PIOc_sync Enter - MemInfo: [malloc] Total space held (mmap + non-mmap):         36159488 Byte
20220314 061342.775 INFO             PET0 PIOc_sync Enter - MemInfo: [malloc] Total space used (mmap + non-mmap):         36051504 Byte
20220314 061342.775 INFO             PET0 PIOc_sync Enter - MemInfo: Wall-clock time since execution start:              0.0184608 seconds
20220314 061342.775 INFO             PET0 PIOc_sync Exit - MemInfo: [/proc/meminfo - SSI]	MemTotal:       65507008 kB
20220314 061342.775 INFO             PET0 PIOc_sync Exit - MemInfo: [/proc/meminfo - SSI]	MemFree:        49917164 kB
20220314 061342.775 INFO             PET0 PIOc_sync Exit - MemInfo: [/proc/meminfo - SSI]	MemAvailable:   49669584 kB
20220314 061342.775 INFO             PET0 PIOc_sync Exit - MemInfo: [/proc/meminfo - SSI]	Committed_AS:   13205904 kB
20220314 061342.775 INFO             PET0 PIOc_sync Exit - MemInfo: [/proc/meminfo - SSI]	CommittedPercent: 20.1595 %
20220314 061342.775 INFO             PET0 PIOc_sync Exit - MemInfo: [/proc/self/status]	VmPeak:	65916136 kB
20220314 061342.776 INFO             PET0 PIOc_sync Exit - MemInfo: [/proc/self/status]	VmSize:	65907948 kB
20220314 061342.776 INFO             PET0 PIOc_sync Exit - MemInfo: [/proc/self/status]	VmLck:	       0 kB
20220314 061342.776 INFO             PET0 PIOc_sync Exit - MemInfo: [/proc/self/status]	VmPin:	       0 kB
20220314 061342.776 INFO             PET0 PIOc_sync Exit - MemInfo: [/proc/self/status]	VmHWM:	   30392 kB
20220314 061342.776 INFO             PET0 PIOc_sync Exit - MemInfo: [/proc/self/status]	VmRSS:	   30392 kB
20220314 061342.776 INFO             PET0 PIOc_sync Exit - MemInfo: [/proc/self/status]	VmData:	   38624 kB
20220314 061342.776 INFO             PET0 PIOc_sync Exit - MemInfo: [/proc/self/status]	VmStk:	     144 kB
20220314 061342.776 INFO             PET0 PIOc_sync Exit - MemInfo: [/proc/self/status]	VmExe:	     196 kB
20220314 061342.776 INFO             PET0 PIOc_sync Exit - MemInfo: [/proc/self/status]	VmLib:	   39920 kB
20220314 061342.776 INFO             PET0 PIOc_sync Exit - MemInfo: [/proc/self/status]	VmPTE:	     256 kB
20220314 061342.776 INFO             PET0 PIOc_sync Exit - MemInfo: [/proc/self/status]	VmPMD:	      16 kB
20220314 061342.776 INFO             PET0 PIOc_sync Exit - MemInfo: [/proc/self/status]	VmSwap:	       0 kB
20220314 061342.776 INFO             PET0 PIOc_sync Exit - MemInfo: [/proc/self/status]	VmRSSPercent: 0.046395 %
20220314 061342.776 INFO             PET0 PIOc_sync Exit - MemInfo: [malloc] Non-mmapped space allocated:                36159488 Byte
20220314 061342.776 INFO             PET0 PIOc_sync Exit - MemInfo: [malloc] Space allocated in mmapped regions:                0 Byte
20220314 061342.776 INFO             PET0 PIOc_sync Exit - MemInfo: [malloc] Maximum total allocated space:                     0 Byte
20220314 061342.776 INFO             PET0 PIOc_sync Exit - MemInfo: [malloc] Space in freed fastbin blocks:                  1088 Byte
20220314 061342.776 INFO             PET0 PIOc_sync Exit - MemInfo: [malloc] Total allocated space:                      36041584 Byte
20220314 061342.776 INFO             PET0 PIOc_sync Exit - MemInfo: [malloc] Total free space:                             117904 Byte
20220314 061342.776 INFO             PET0 PIOc_sync Exit - MemInfo: [malloc] Top-most, releasable space:                   114832 Byte
20220314 061342.776 INFO             PET0 PIOc_sync Exit - MemInfo: [malloc] Total space in use, mmap + non-mmap:        36041584 Byte
20220314 061342.776 INFO             PET0 PIOc_sync Exit - MemInfo: [malloc] Total space held (mmap + non-mmap):         36159488 Byte
20220314 061342.776 INFO             PET0 PIOc_sync Exit - MemInfo: [malloc] Total space used (mmap + non-mmap):         36050912 Byte
20220314 061342.776 INFO             PET0 PIOc_sync Exit - MemInfo: Wall-clock time since execution start:              0.0188403 seconds
20220314 061342.776 INFO             PET0 PIOc_freedecomp Enter - MemInfo: [/proc/meminfo - SSI]	MemTotal:       65507008 kB
20220314 061342.776 INFO             PET0 PIOc_freedecomp Enter - MemInfo: [/proc/meminfo - SSI]	MemFree:        49917164 kB
20220314 061342.776 INFO             PET0 PIOc_freedecomp Enter - MemInfo: [/proc/meminfo - SSI]	MemAvailable:   49669584 kB
20220314 061342.776 INFO             PET0 PIOc_freedecomp Enter - MemInfo: [/proc/meminfo - SSI]	Committed_AS:   13205904 kB
20220314 061342.776 INFO             PET0 PIOc_freedecomp Enter - MemInfo: [/proc/meminfo - SSI]	CommittedPercent: 20.1595 %
20220314 061342.776 INFO             PET0 PIOc_freedecomp Enter - MemInfo: [/proc/self/status]	VmPeak:	65916136 kB
20220314 061342.776 INFO             PET0 PIOc_freedecomp Enter - MemInfo: [/proc/self/status]	VmSize:	65907948 kB
20220314 061342.776 INFO             PET0 PIOc_freedecomp Enter - MemInfo: [/proc/self/status]	VmLck:	       0 kB
20220314 061342.776 INFO             PET0 PIOc_freedecomp Enter - MemInfo: [/proc/self/status]	VmPin:	       0 kB
20220314 061342.776 INFO             PET0 PIOc_freedecomp Enter - MemInfo: [/proc/self/status]	VmHWM:	   30392 kB
20220314 061342.776 INFO             PET0 PIOc_freedecomp Enter - MemInfo: [/proc/self/status]	VmRSS:	   30392 kB
20220314 061342.776 INFO             PET0 PIOc_freedecomp Enter - MemInfo: [/proc/self/status]	VmData:	   38624 kB
20220314 061342.776 INFO             PET0 PIOc_freedecomp Enter - MemInfo: [/proc/self/status]	VmStk:	     144 kB
20220314 061342.776 INFO             PET0 PIOc_freedecomp Enter - MemInfo: [/proc/self/status]	VmExe:	     196 kB
20220314 061342.776 INFO             PET0 PIOc_freedecomp Enter - MemInfo: [/proc/self/status]	VmLib:	   39920 kB
20220314 061342.776 INFO             PET0 PIOc_freedecomp Enter - MemInfo: [/proc/self/status]	VmPTE:	     256 kB
20220314 061342.776 INFO             PET0 PIOc_freedecomp Enter - MemInfo: [/proc/self/status]	VmPMD:	      16 kB
20220314 061342.776 INFO             PET0 PIOc_freedecomp Enter - MemInfo: [/proc/self/status]	VmSwap:	       0 kB
20220314 061342.776 INFO             PET0 PIOc_freedecomp Enter - MemInfo: [/proc/self/status]	VmRSSPercent: 0.046395 %
20220314 061342.776 INFO             PET0 PIOc_freedecomp Enter - MemInfo: [malloc] Non-mmapped space allocated:                36159488 Byte
20220314 061342.776 INFO             PET0 PIOc_freedecomp Enter - MemInfo: [malloc] Space allocated in mmapped regions:                0 Byte
20220314 061342.776 INFO             PET0 PIOc_freedecomp Enter - MemInfo: [malloc] Maximum total allocated space:                     0 Byte
20220314 061342.776 INFO             PET0 PIOc_freedecomp Enter - MemInfo: [malloc] Space in freed fastbin blocks:                  1024 Byte
20220314 061342.776 INFO             PET0 PIOc_freedecomp Enter - MemInfo: [malloc] Total allocated space:                      18726544 Byte
20220314 061342.776 INFO             PET0 PIOc_freedecomp Enter - MemInfo: [malloc] Total free space:                           17432944 Byte
20220314 061342.776 INFO             PET0 PIOc_freedecomp Enter - MemInfo: [malloc] Top-most, releasable space:                   116112 Byte
20220314 061342.776 INFO             PET0 PIOc_freedecomp Enter - MemInfo: [malloc] Total space in use, mmap + non-mmap:        18726544 Byte
20220314 061342.776 INFO             PET0 PIOc_freedecomp Enter - MemInfo: [malloc] Total space held (mmap + non-mmap):         36159488 Byte
20220314 061342.776 INFO             PET0 PIOc_freedecomp Enter - MemInfo: [malloc] Total space used (mmap + non-mmap):         18735872 Byte
20220314 061342.776 INFO             PET0 PIOc_freedecomp Enter - MemInfo: Wall-clock time since execution start:              0.0191901 seconds
20220314 061342.776 INFO             PET0 PIOc_freedecomp Exit - MemInfo: [/proc/meminfo - SSI]	MemTotal:       65507008 kB
20220314 061342.776 INFO             PET0 PIOc_freedecomp Exit - MemInfo: [/proc/meminfo - SSI]	MemFree:        49917164 kB
20220314 061342.776 INFO             PET0 PIOc_freedecomp Exit - MemInfo: [/proc/meminfo - SSI]	MemAvailable:   49669584 kB
20220314 061342.776 INFO             PET0 PIOc_freedecomp Exit - MemInfo: [/proc/meminfo - SSI]	Committed_AS:   13205904 kB
20220314 061342.776 INFO             PET0 PIOc_freedecomp Exit - MemInfo: [/proc/meminfo - SSI]	CommittedPercent: 20.1595 %
20220314 061342.776 INFO             PET0 PIOc_freedecomp Exit - MemInfo: [/proc/self/status]	VmPeak:	65916136 kB
20220314 061342.776 INFO             PET0 PIOc_freedecomp Exit - MemInfo: [/proc/self/status]	VmSize:	65907948 kB
20220314 061342.776 INFO             PET0 PIOc_freedecomp Exit - MemInfo: [/proc/self/status]	VmLck:	       0 kB
20220314 061342.776 INFO             PET0 PIOc_freedecomp Exit - MemInfo: [/proc/self/status]	VmPin:	       0 kB
20220314 061342.776 INFO             PET0 PIOc_freedecomp Exit - MemInfo: [/proc/self/status]	VmHWM:	   30392 kB
20220314 061342.776 INFO             PET0 PIOc_freedecomp Exit - MemInfo: [/proc/self/status]	VmRSS:	   30392 kB
20220314 061342.776 INFO             PET0 PIOc_freedecomp Exit - MemInfo: [/proc/self/status]	VmData:	   38624 kB
20220314 061342.776 INFO             PET0 PIOc_freedecomp Exit - MemInfo: [/proc/self/status]	VmStk:	     144 kB
20220314 061342.776 INFO             PET0 PIOc_freedecomp Exit - MemInfo: [/proc/self/status]	VmExe:	     196 kB
20220314 061342.776 INFO             PET0 PIOc_freedecomp Exit - MemInfo: [/proc/self/status]	VmLib:	   39920 kB
20220314 061342.776 INFO             PET0 PIOc_freedecomp Exit - MemInfo: [/proc/self/status]	VmPTE:	     256 kB
20220314 061342.776 INFO             PET0 PIOc_freedecomp Exit - MemInfo: [/proc/self/status]	VmPMD:	      16 kB
20220314 061342.776 INFO             PET0 PIOc_freedecomp Exit - MemInfo: [/proc/self/status]	VmSwap:	       0 kB
20220314 061342.776 INFO             PET0 PIOc_freedecomp Exit - MemInfo: [/proc/self/status]	VmRSSPercent: 0.046395 %
20220314 061342.776 INFO             PET0 PIOc_freedecomp Exit - MemInfo: [malloc] Non-mmapped space allocated:                36159488 Byte
20220314 061342.776 INFO             PET0 PIOc_freedecomp Exit - MemInfo: [malloc] Space allocated in mmapped regions:                0 Byte
20220314 061342.776 INFO             PET0 PIOc_freedecomp Exit - MemInfo: [malloc] Maximum total allocated space:                     0 Byte
20220314 061342.776 INFO             PET0 PIOc_freedecomp Exit - MemInfo: [malloc] Space in freed fastbin blocks:                  1840 Byte
20220314 061342.776 INFO             PET0 PIOc_freedecomp Exit - MemInfo: [malloc] Total allocated space:                      18724640 Byte
20220314 061342.776 INFO             PET0 PIOc_freedecomp Exit - MemInfo: [malloc] Total free space:                           17434848 Byte
20220314 061342.776 INFO             PET0 PIOc_freedecomp Exit - MemInfo: [malloc] Top-most, releasable space:                   116112 Byte
20220314 061342.776 INFO             PET0 PIOc_freedecomp Exit - MemInfo: [malloc] Total space in use, mmap + non-mmap:        18724640 Byte
20220314 061342.776 INFO             PET0 PIOc_freedecomp Exit - MemInfo: [malloc] Total space held (mmap + non-mmap):         36159488 Byte
20220314 061342.776 INFO             PET0 PIOc_freedecomp Exit - MemInfo: [malloc] Total space used (mmap + non-mmap):         18733968 Byte
20220314 061342.776 INFO             PET0 PIOc_freedecomp Exit - MemInfo: Wall-clock time since execution start:              0.0195053 seconds
20220314 061342.777 INFO             PET0 PIOc_sync Enter - MemInfo: [/proc/meminfo - SSI]	MemTotal:       65507008 kB
20220314 061342.777 INFO             PET0 PIOc_sync Enter - MemInfo: [/proc/meminfo - SSI]	MemFree:        49917164 kB
20220314 061342.777 INFO             PET0 PIOc_sync Enter - MemInfo: [/proc/meminfo - SSI]	MemAvailable:   49669584 kB
20220314 061342.777 INFO             PET0 PIOc_sync Enter - MemInfo: [/proc/meminfo - SSI]	Committed_AS:   13205904 kB
20220314 061342.777 INFO             PET0 PIOc_sync Enter - MemInfo: [/proc/meminfo - SSI]	CommittedPercent: 20.1595 %
20220314 061342.777 INFO             PET0 PIOc_sync Enter - MemInfo: [/proc/self/status]	VmPeak:	65916136 kB
20220314 061342.777 INFO             PET0 PIOc_sync Enter - MemInfo: [/proc/self/status]	VmSize:	65907948 kB
20220314 061342.777 INFO             PET0 PIOc_sync Enter - MemInfo: [/proc/self/status]	VmLck:	       0 kB
20220314 061342.777 INFO             PET0 PIOc_sync Enter - MemInfo: [/proc/self/status]	VmPin:	       0 kB
20220314 061342.777 INFO             PET0 PIOc_sync Enter - MemInfo: [/proc/self/status]	VmHWM:	   30392 kB
20220314 061342.777 INFO             PET0 PIOc_sync Enter - MemInfo: [/proc/self/status]	VmRSS:	   30392 kB
20220314 061342.777 INFO             PET0 PIOc_sync Enter - MemInfo: [/proc/self/status]	VmData:	   38624 kB
20220314 061342.777 INFO             PET0 PIOc_sync Enter - MemInfo: [/proc/self/status]	VmStk:	     144 kB
20220314 061342.777 INFO             PET0 PIOc_sync Enter - MemInfo: [/proc/self/status]	VmExe:	     196 kB
20220314 061342.777 INFO             PET0 PIOc_sync Enter - MemInfo: [/proc/self/status]	VmLib:	   39920 kB
20220314 061342.777 INFO             PET0 PIOc_sync Enter - MemInfo: [/proc/self/status]	VmPTE:	     256 kB
20220314 061342.777 INFO             PET0 PIOc_sync Enter - MemInfo: [/proc/self/status]	VmPMD:	      16 kB
20220314 061342.777 INFO             PET0 PIOc_sync Enter - MemInfo: [/proc/self/status]	VmSwap:	       0 kB
20220314 061342.777 INFO             PET0 PIOc_sync Enter - MemInfo: [/proc/self/status]	VmRSSPercent: 0.046395 %
20220314 061342.777 INFO             PET0 PIOc_sync Enter - MemInfo: [malloc] Non-mmapped space allocated:                36159488 Byte
20220314 061342.777 INFO             PET0 PIOc_sync Enter - MemInfo: [malloc] Space allocated in mmapped regions:                0 Byte
20220314 061342.777 INFO             PET0 PIOc_sync Enter - MemInfo: [malloc] Maximum total allocated space:                     0 Byte
20220314 061342.777 INFO             PET0 PIOc_sync Enter - MemInfo: [malloc] Space in freed fastbin blocks:                  1488 Byte
20220314 061342.777 INFO             PET0 PIOc_sync Enter - MemInfo: [malloc] Total allocated space:                      36042624 Byte
20220314 061342.777 INFO             PET0 PIOc_sync Enter - MemInfo: [malloc] Total free space:                             116864 Byte
20220314 061342.777 INFO             PET0 PIOc_sync Enter - MemInfo: [malloc] Top-most, releasable space:                   114416 Byte
20220314 061342.777 INFO             PET0 PIOc_sync Enter - MemInfo: [malloc] Total space in use, mmap + non-mmap:        36042624 Byte
20220314 061342.777 INFO             PET0 PIOc_sync Enter - MemInfo: [malloc] Total space held (mmap + non-mmap):         36159488 Byte
20220314 061342.777 INFO             PET0 PIOc_sync Enter - MemInfo: [malloc] Total space used (mmap + non-mmap):         36051952 Byte
20220314 061342.777 INFO             PET0 PIOc_sync Enter - MemInfo: Wall-clock time since execution start:              0.0205189 seconds
20220314 061342.777 INFO             PET0 PIOc_sync Exit - MemInfo: [/proc/meminfo - SSI]	MemTotal:       65507008 kB
20220314 061342.777 INFO             PET0 PIOc_sync Exit - MemInfo: [/proc/meminfo - SSI]	MemFree:        49917164 kB
20220314 061342.777 INFO             PET0 PIOc_sync Exit - MemInfo: [/proc/meminfo - SSI]	MemAvailable:   49669584 kB
20220314 061342.777 INFO             PET0 PIOc_sync Exit - MemInfo: [/proc/meminfo - SSI]	Committed_AS:   13205904 kB
20220314 061342.778 INFO             PET0 PIOc_sync Exit - MemInfo: [/proc/meminfo - SSI]	CommittedPercent: 20.1595 %
20220314 061342.778 INFO             PET0 PIOc_sync Exit - MemInfo: [/proc/self/status]	VmPeak:	65916136 kB
20220314 061342.778 INFO             PET0 PIOc_sync Exit - MemInfo: [/proc/self/status]	VmSize:	65907948 kB
20220314 061342.778 INFO             PET0 PIOc_sync Exit - MemInfo: [/proc/self/status]	VmLck:	       0 kB
20220314 061342.778 INFO             PET0 PIOc_sync Exit - MemInfo: [/proc/self/status]	VmPin:	       0 kB
20220314 061342.778 INFO             PET0 PIOc_sync Exit - MemInfo: [/proc/self/status]	VmHWM:	   30392 kB
20220314 061342.778 INFO             PET0 PIOc_sync Exit - MemInfo: [/proc/self/status]	VmRSS:	   30392 kB
20220314 061342.778 INFO             PET0 PIOc_sync Exit - MemInfo: [/proc/self/status]	VmData:	   38624 kB
20220314 061342.778 INFO             PET0 PIOc_sync Exit - MemInfo: [/proc/self/status]	VmStk:	     144 kB
20220314 061342.778 INFO             PET0 PIOc_sync Exit - MemInfo: [/proc/self/status]	VmExe:	     196 kB
20220314 061342.778 INFO             PET0 PIOc_sync Exit - MemInfo: [/proc/self/status]	VmLib:	   39920 kB
20220314 061342.778 INFO             PET0 PIOc_sync Exit - MemInfo: [/proc/self/status]	VmPTE:	     256 kB
20220314 061342.778 INFO             PET0 PIOc_sync Exit - MemInfo: [/proc/self/status]	VmPMD:	      16 kB
20220314 061342.778 INFO             PET0 PIOc_sync Exit - MemInfo: [/proc/self/status]	VmSwap:	       0 kB
20220314 061342.778 INFO             PET0 PIOc_sync Exit - MemInfo: [/proc/self/status]	VmRSSPercent: 0.046395 %
20220314 061342.778 INFO             PET0 PIOc_sync Exit - MemInfo: [malloc] Non-mmapped space allocated:                36159488 Byte
20220314 061342.778 INFO             PET0 PIOc_sync Exit - MemInfo: [malloc] Space allocated in mmapped regions:                0 Byte
20220314 061342.778 INFO             PET0 PIOc_sync Exit - MemInfo: [malloc] Maximum total allocated space:                     0 Byte
20220314 061342.778 INFO             PET0 PIOc_sync Exit - MemInfo: [malloc] Space in freed fastbin blocks:                  1440 Byte
20220314 061342.778 INFO             PET0 PIOc_sync Exit - MemInfo: [malloc] Total allocated space:                      36042048 Byte
20220314 061342.778 INFO             PET0 PIOc_sync Exit - MemInfo: [malloc] Total free space:                             117440 Byte
20220314 061342.778 INFO             PET0 PIOc_sync Exit - MemInfo: [malloc] Top-most, releasable space:                   115184 Byte
20220314 061342.778 INFO             PET0 PIOc_sync Exit - MemInfo: [malloc] Total space in use, mmap + non-mmap:        36042048 Byte
20220314 061342.778 INFO             PET0 PIOc_sync Exit - MemInfo: [malloc] Total space held (mmap + non-mmap):         36159488 Byte
20220314 061342.778 INFO             PET0 PIOc_sync Exit - MemInfo: [malloc] Total space used (mmap + non-mmap):         36051376 Byte
20220314 061342.778 INFO             PET0 PIOc_sync Exit - MemInfo: Wall-clock time since execution start:              0.0208918 seconds
20220314 061342.778 INFO             PET0 PIOc_freedecomp Enter - MemInfo: [/proc/meminfo - SSI]	MemTotal:       65507008 kB
20220314 061342.778 INFO             PET0 PIOc_freedecomp Enter - MemInfo: [/proc/meminfo - SSI]	MemFree:        49917164 kB
20220314 061342.778 INFO             PET0 PIOc_freedecomp Enter - MemInfo: [/proc/meminfo - SSI]	MemAvailable:   49669584 kB
20220314 061342.778 INFO             PET0 PIOc_freedecomp Enter - MemInfo: [/proc/meminfo - SSI]	Committed_AS:   13205904 kB
20220314 061342.778 INFO             PET0 PIOc_freedecomp Enter - MemInfo: [/proc/meminfo - SSI]	CommittedPercent: 20.1595 %
20220314 061342.778 INFO             PET0 PIOc_freedecomp Enter - MemInfo: [/proc/self/status]	VmPeak:	65916136 kB
20220314 061342.778 INFO             PET0 PIOc_freedecomp Enter - MemInfo: [/proc/self/status]	VmSize:	65907948 kB
20220314 061342.778 INFO             PET0 PIOc_freedecomp Enter - MemInfo: [/proc/self/status]	VmLck:	       0 kB
20220314 061342.778 INFO             PET0 PIOc_freedecomp Enter - MemInfo: [/proc/self/status]	VmPin:	       0 kB
20220314 061342.778 INFO             PET0 PIOc_freedecomp Enter - MemInfo: [/proc/self/status]	VmHWM:	   30392 kB
20220314 061342.778 INFO             PET0 PIOc_freedecomp Enter - MemInfo: [/proc/self/status]	VmRSS:	   30392 kB
20220314 061342.778 INFO             PET0 PIOc_freedecomp Enter - MemInfo: [/proc/self/status]	VmData:	   38624 kB
20220314 061342.778 INFO             PET0 PIOc_freedecomp Enter - MemInfo: [/proc/self/status]	VmStk:	     144 kB
20220314 061342.778 INFO             PET0 PIOc_freedecomp Enter - MemInfo: [/proc/self/status]	VmExe:	     196 kB
20220314 061342.778 INFO             PET0 PIOc_freedecomp Enter - MemInfo: [/proc/self/status]	VmLib:	   39920 kB
20220314 061342.778 INFO             PET0 PIOc_freedecomp Enter - MemInfo: [/proc/self/status]	VmPTE:	     256 kB
20220314 061342.778 INFO             PET0 PIOc_freedecomp Enter - MemInfo: [/proc/self/status]	VmPMD:	      16 kB
20220314 061342.778 INFO             PET0 PIOc_freedecomp Enter - MemInfo: [/proc/self/status]	VmSwap:	       0 kB
20220314 061342.778 INFO             PET0 PIOc_freedecomp Enter - MemInfo: [/proc/self/status]	VmRSSPercent: 0.046395 %
20220314 061342.778 INFO             PET0 PIOc_freedecomp Enter - MemInfo: [malloc] Non-mmapped space allocated:                36159488 Byte
20220314 061342.778 INFO             PET0 PIOc_freedecomp Enter - MemInfo: [malloc] Space allocated in mmapped regions:                0 Byte
20220314 061342.778 INFO             PET0 PIOc_freedecomp Enter - MemInfo: [malloc] Maximum total allocated space:                     0 Byte
20220314 061342.778 INFO             PET0 PIOc_freedecomp Enter - MemInfo: [malloc] Space in freed fastbin blocks:                  1024 Byte
20220314 061342.778 INFO             PET0 PIOc_freedecomp Enter - MemInfo: [malloc] Total allocated space:                      18726560 Byte
20220314 061342.778 INFO             PET0 PIOc_freedecomp Enter - MemInfo: [malloc] Total free space:                           17432928 Byte
20220314 061342.778 INFO             PET0 PIOc_freedecomp Enter - MemInfo: [malloc] Top-most, releasable space:                   115424 Byte
20220314 061342.778 INFO             PET0 PIOc_freedecomp Enter - MemInfo: [malloc] Total space in use, mmap + non-mmap:        18726560 Byte
20220314 061342.778 INFO             PET0 PIOc_freedecomp Enter - MemInfo: [malloc] Total space held (mmap + non-mmap):         36159488 Byte
20220314 061342.778 INFO             PET0 PIOc_freedecomp Enter - MemInfo: [malloc] Total space used (mmap + non-mmap):         18735888 Byte
20220314 061342.778 INFO             PET0 PIOc_freedecomp Enter - MemInfo: Wall-clock time since execution start:              0.0212401 seconds
20220314 061342.778 INFO             PET0 PIOc_freedecomp Exit - MemInfo: [/proc/meminfo - SSI]	MemTotal:       65507008 kB
20220314 061342.778 INFO             PET0 PIOc_freedecomp Exit - MemInfo: [/proc/meminfo - SSI]	MemFree:        49917164 kB
20220314 061342.778 INFO             PET0 PIOc_freedecomp Exit - MemInfo: [/proc/meminfo - SSI]	MemAvailable:   49669584 kB
20220314 061342.778 INFO             PET0 PIOc_freedecomp Exit - MemInfo: [/proc/meminfo - SSI]	Committed_AS:   13205904 kB
20220314 061342.778 INFO             PET0 PIOc_freedecomp Exit - MemInfo: [/proc/meminfo - SSI]	CommittedPercent: 20.1595 %
20220314 061342.778 INFO             PET0 PIOc_freedecomp Exit - MemInfo: [/proc/self/status]	VmPeak:	65916136 kB
20220314 061342.778 INFO             PET0 PIOc_freedecomp Exit - MemInfo: [/proc/self/status]	VmSize:	65907948 kB
20220314 061342.778 INFO             PET0 PIOc_freedecomp Exit - MemInfo: [/proc/self/status]	VmLck:	       0 kB
20220314 061342.778 INFO             PET0 PIOc_freedecomp Exit - MemInfo: [/proc/self/status]	VmPin:	       0 kB
20220314 061342.778 INFO             PET0 PIOc_freedecomp Exit - MemInfo: [/proc/self/status]	VmHWM:	   30392 kB
20220314 061342.778 INFO             PET0 PIOc_freedecomp Exit - MemInfo: [/proc/self/status]	VmRSS:	   30392 kB
20220314 061342.778 INFO             PET0 PIOc_freedecomp Exit - MemInfo: [/proc/self/status]	VmData:	   38624 kB
20220314 061342.778 INFO             PET0 PIOc_freedecomp Exit - MemInfo: [/proc/self/status]	VmStk:	     144 kB
20220314 061342.778 INFO             PET0 PIOc_freedecomp Exit - MemInfo: [/proc/self/status]	VmExe:	     196 kB
20220314 061342.778 INFO             PET0 PIOc_freedecomp Exit - MemInfo: [/proc/self/status]	VmLib:	   39920 kB
20220314 061342.778 INFO             PET0 PIOc_freedecomp Exit - MemInfo: [/proc/self/status]	VmPTE:	     256 kB
20220314 061342.778 INFO             PET0 PIOc_freedecomp Exit - MemInfo: [/proc/self/status]	VmPMD:	      16 kB
20220314 061342.778 INFO             PET0 PIOc_freedecomp Exit - MemInfo: [/proc/self/status]	VmSwap:	       0 kB
20220314 061342.778 INFO             PET0 PIOc_freedecomp Exit - MemInfo: [/proc/self/status]	VmRSSPercent: 0.046395 %
20220314 061342.778 INFO             PET0 PIOc_freedecomp Exit - MemInfo: [malloc] Non-mmapped space allocated:                36159488 Byte
20220314 061342.778 INFO             PET0 PIOc_freedecomp Exit - MemInfo: [malloc] Space allocated in mmapped regions:                0 Byte
20220314 061342.778 INFO             PET0 PIOc_freedecomp Exit - MemInfo: [malloc] Maximum total allocated space:                     0 Byte
20220314 061342.778 INFO             PET0 PIOc_freedecomp Exit - MemInfo: [malloc] Space in freed fastbin blocks:                  1872 Byte
20220314 061342.778 INFO             PET0 PIOc_freedecomp Exit - MemInfo: [malloc] Total allocated space:                      18724640 Byte
20220314 061342.778 INFO             PET0 PIOc_freedecomp Exit - MemInfo: [malloc] Total free space:                           17434848 Byte
20220314 061342.778 INFO             PET0 PIOc_freedecomp Exit - MemInfo: [malloc] Top-most, releasable space:                   115424 Byte
20220314 061342.778 INFO             PET0 PIOc_freedecomp Exit - MemInfo: [malloc] Total space in use, mmap + non-mmap:        18724640 Byte
20220314 061342.778 INFO             PET0 PIOc_freedecomp Exit - MemInfo: [malloc] Total space held (mmap + non-mmap):         36159488 Byte
20220314 061342.778 INFO             PET0 PIOc_freedecomp Exit - MemInfo: [malloc] Total space used (mmap + non-mmap):         18733968 Byte
20220314 061342.778 INFO             PET0 PIOc_freedecomp Exit - MemInfo: Wall-clock time since execution start:              0.0215555 seconds
20220314 061342.778 INFO             PET0  PASS  ESMF_OutputWeightFile, ESMF_IOUTest.F90, line 81
20220314 061342.781 INFO             PET0  PASS  call ESMF_OutputWeightFile with empty factor list on four PETs, ESMF_IOUTest.F90, line 191
20220314 061342.781 INFO             PET0  Ending Test, file ESMF_IOUTest.F90, line 201
20220314 061342.781 INFO             PET0 Finalizing ESMF
20220314 061342.758 INFO             PET1 !!!!!!!!!!!!!!!!!!!!!!!!!!!!!!!!!!!!!!!!!!!!!!!!!!!!!!
20220314 061342.758 INFO             PET1 !!! THE ESMF_LOG IS SET TO OUTPUT ALL LOG MESSAGES !!!
20220314 061342.758 INFO             PET1 !!!     THIS MAY CAUSE SLOWDOWN IN PERFORMANCE     !!!
20220314 061342.758 INFO             PET1 !!! FOR PRODUCTION RUNS, USE:                      !!!
20220314 061342.758 INFO             PET1 !!!                   ESMF_LOGKIND_Multi_On_Error  !!!
20220314 061342.758 INFO             PET1 !!!!!!!!!!!!!!!!!!!!!!!!!!!!!!!!!!!!!!!!!!!!!!!!!!!!!!
20220314 061342.758 INFO             PET1 Running with ESMF Version   : v8.3.0b09-96-g559b459836
20220314 061342.758 INFO             PET1 ESMF library build date/time: "Mar 14 2022" "06:00:22"
20220314 061342.758 INFO             PET1 ESMF library build location : /glade/scratch/rlong/esmf-testing/gfortran_9.1.0_mpt_O_jedwards_pio_update2
20220314 061342.758 INFO             PET1 ESMF_COMM                   : mpt
20220314 061342.758 INFO             PET1 ESMF_MOAB                   : enabled
20220314 061342.758 INFO             PET1 ESMF_LAPACK                 : enabled
20220314 061342.758 INFO             PET1 ESMF_NETCDF                 : enabled
20220314 061342.758 INFO             PET1 ESMF_PNETCDF                : disabled
20220314 061342.758 INFO             PET1 ESMF_PIO                    : enabled
20220314 061342.758 INFO             PET1 ESMF_YAMLCPP                : enabled
20220314 061342.758 INFO             PET1  Beginning Test, file ESMF_IOUTest.F90, line 57
20220314 061342.758 INFO             PET1  NUMBER_OF_PROCESSORS           4
20220314 061342.758 INFO             PET1 Starting Test:  ESMF_OutputWeightFile
20220314 061342.770 INFO             PET1 PIOc_sync Enter - MemInfo: [/proc/meminfo - SSI]	MemTotal:       65507008 kB
20220314 061342.770 INFO             PET1 PIOc_sync Enter - MemInfo: [/proc/meminfo - SSI]	MemFree:        49917164 kB
20220314 061342.770 INFO             PET1 PIOc_sync Enter - MemInfo: [/proc/meminfo - SSI]	MemAvailable:   49669584 kB
20220314 061342.770 INFO             PET1 PIOc_sync Enter - MemInfo: [/proc/meminfo - SSI]	Committed_AS:   13205904 kB
20220314 061342.770 INFO             PET1 PIOc_sync Enter - MemInfo: [/proc/meminfo - SSI]	CommittedPercent: 20.1595 %
20220314 061342.770 INFO             PET1 PIOc_sync Enter - MemInfo: [/proc/self/status]	VmPeak:	65890764 kB
20220314 061342.770 INFO             PET1 PIOc_sync Enter - MemInfo: [/proc/self/status]	VmSize:	65890764 kB
20220314 061342.770 INFO             PET1 PIOc_sync Enter - MemInfo: [/proc/self/status]	VmLck:	       0 kB
20220314 061342.770 INFO             PET1 PIOc_sync Enter - MemInfo: [/proc/self/status]	VmPin:	       0 kB
20220314 061342.770 INFO             PET1 PIOc_sync Enter - MemInfo: [/proc/self/status]	VmHWM:	   11948 kB
20220314 061342.770 INFO             PET1 PIOc_sync Enter - MemInfo: [/proc/self/status]	VmRSS:	   11948 kB
20220314 061342.770 INFO             PET1 PIOc_sync Enter - MemInfo: [/proc/self/status]	VmData:	   21440 kB
20220314 061342.770 INFO             PET1 PIOc_sync Enter - MemInfo: [/proc/self/status]	VmStk:	     144 kB
20220314 061342.770 INFO             PET1 PIOc_sync Enter - MemInfo: [/proc/self/status]	VmExe:	     196 kB
20220314 061342.770 INFO             PET1 PIOc_sync Enter - MemInfo: [/proc/self/status]	VmLib:	   39920 kB
20220314 061342.770 INFO             PET1 PIOc_sync Enter - MemInfo: [/proc/self/status]	VmPTE:	     208 kB
20220314 061342.770 INFO             PET1 PIOc_sync Enter - MemInfo: [/proc/self/status]	VmPMD:	      20 kB
20220314 061342.770 INFO             PET1 PIOc_sync Enter - MemInfo: [/proc/self/status]	VmSwap:	       0 kB
20220314 061342.770 INFO             PET1 PIOc_sync Enter - MemInfo: [/proc/self/status]	VmRSSPercent: 0.0182393 %
20220314 061342.770 INFO             PET1 PIOc_sync Enter - MemInfo: [malloc] Non-mmapped space allocated:                18563072 Byte
20220314 061342.773 INFO             PET1 PIOc_sync Enter - MemInfo: [malloc] Space allocated in mmapped regions:                0 Byte
20220314 061342.773 INFO             PET1 PIOc_sync Enter - MemInfo: [malloc] Maximum total allocated space:                     0 Byte
20220314 061342.773 INFO             PET1 PIOc_sync Enter - MemInfo: [malloc] Space in freed fastbin blocks:                  1072 Byte
20220314 061342.773 INFO             PET1 PIOc_sync Enter - MemInfo: [malloc] Total allocated space:                      18472576 Byte
20220314 061342.773 INFO             PET1 PIOc_sync Enter - MemInfo: [malloc] Total free space:                              90496 Byte
20220314 061342.773 INFO             PET1 PIOc_sync Enter - MemInfo: [malloc] Top-most, releasable space:                    85872 Byte
20220314 061342.773 INFO             PET1 PIOc_sync Enter - MemInfo: [malloc] Total space in use, mmap + non-mmap:        18472576 Byte
20220314 061342.773 INFO             PET1 PIOc_sync Enter - MemInfo: [malloc] Total space held (mmap + non-mmap):         18563072 Byte
20220314 061342.773 INFO             PET1 PIOc_sync Enter - MemInfo: [malloc] Total space used (mmap + non-mmap):         18481904 Byte
20220314 061342.773 INFO             PET1 PIOc_sync Enter - MemInfo: Wall-clock time since execution start:              0.0158376 seconds
20220314 061342.773 INFO             PET1 PIOc_sync Exit - MemInfo: [/proc/meminfo - SSI]	MemTotal:       65507008 kB
20220314 061342.773 INFO             PET1 PIOc_sync Exit - MemInfo: [/proc/meminfo - SSI]	MemFree:        49917164 kB
20220314 061342.773 INFO             PET1 PIOc_sync Exit - MemInfo: [/proc/meminfo - SSI]	MemAvailable:   49669584 kB
20220314 061342.773 INFO             PET1 PIOc_sync Exit - MemInfo: [/proc/meminfo - SSI]	Committed_AS:   13205904 kB
20220314 061342.773 INFO             PET1 PIOc_sync Exit - MemInfo: [/proc/meminfo - SSI]	CommittedPercent: 20.1595 %
20220314 061342.773 INFO             PET1 PIOc_sync Exit - MemInfo: [/proc/self/status]	VmPeak:	65890764 kB
20220314 061342.773 INFO             PET1 PIOc_sync Exit - MemInfo: [/proc/self/status]	VmSize:	65890764 kB
20220314 061342.773 INFO             PET1 PIOc_sync Exit - MemInfo: [/proc/self/status]	VmLck:	       0 kB
20220314 061342.773 INFO             PET1 PIOc_sync Exit - MemInfo: [/proc/self/status]	VmPin:	       0 kB
20220314 061342.773 INFO             PET1 PIOc_sync Exit - MemInfo: [/proc/self/status]	VmHWM:	   12040 kB
20220314 061342.773 INFO             PET1 PIOc_sync Exit - MemInfo: [/proc/self/status]	VmRSS:	   12040 kB
20220314 061342.773 INFO             PET1 PIOc_sync Exit - MemInfo: [/proc/self/status]	VmData:	   21440 kB
20220314 061342.773 INFO             PET1 PIOc_sync Exit - MemInfo: [/proc/self/status]	VmStk:	     144 kB
20220314 061342.773 INFO             PET1 PIOc_sync Exit - MemInfo: [/proc/self/status]	VmExe:	     196 kB
20220314 061342.773 INFO             PET1 PIOc_sync Exit - MemInfo: [/proc/self/status]	VmLib:	   39920 kB
20220314 061342.773 INFO             PET1 PIOc_sync Exit - MemInfo: [/proc/self/status]	VmPTE:	     208 kB
20220314 061342.773 INFO             PET1 PIOc_sync Exit - MemInfo: [/proc/self/status]	VmPMD:	      20 kB
20220314 061342.773 INFO             PET1 PIOc_sync Exit - MemInfo: [/proc/self/status]	VmSwap:	       0 kB
20220314 061342.773 INFO             PET1 PIOc_sync Exit - MemInfo: [/proc/self/status]	VmRSSPercent: 0.0183797 %
20220314 061342.773 INFO             PET1 PIOc_sync Exit - MemInfo: [malloc] Non-mmapped space allocated:                18563072 Byte
20220314 061342.773 INFO             PET1 PIOc_sync Exit - MemInfo: [malloc] Space allocated in mmapped regions:                0 Byte
20220314 061342.773 INFO             PET1 PIOc_sync Exit - MemInfo: [malloc] Maximum total allocated space:                     0 Byte
20220314 061342.773 INFO             PET1 PIOc_sync Exit - MemInfo: [malloc] Space in freed fastbin blocks:                  1376 Byte
20220314 061342.773 INFO             PET1 PIOc_sync Exit - MemInfo: [malloc] Total allocated space:                      18471776 Byte
20220314 061342.773 INFO             PET1 PIOc_sync Exit - MemInfo: [malloc] Total free space:                              91296 Byte
20220314 061342.773 INFO             PET1 PIOc_sync Exit - MemInfo: [malloc] Top-most, releasable space:                    85872 Byte
20220314 061342.774 INFO             PET1 PIOc_sync Exit - MemInfo: [malloc] Total space in use, mmap + non-mmap:        18471776 Byte
20220314 061342.774 INFO             PET1 PIOc_sync Exit - MemInfo: [malloc] Total space held (mmap + non-mmap):         18563072 Byte
20220314 061342.774 INFO             PET1 PIOc_sync Exit - MemInfo: [malloc] Total space used (mmap + non-mmap):         18481104 Byte
20220314 061342.774 INFO             PET1 PIOc_sync Exit - MemInfo: Wall-clock time since execution start:              0.0166756 seconds
20220314 061342.774 INFO             PET1 PIOc_freedecomp Enter - MemInfo: [/proc/meminfo - SSI]	MemTotal:       65507008 kB
20220314 061342.774 INFO             PET1 PIOc_freedecomp Enter - MemInfo: [/proc/meminfo - SSI]	MemFree:        49917164 kB
20220314 061342.774 INFO             PET1 PIOc_freedecomp Enter - MemInfo: [/proc/meminfo - SSI]	MemAvailable:   49669584 kB
20220314 061342.774 INFO             PET1 PIOc_freedecomp Enter - MemInfo: [/proc/meminfo - SSI]	Committed_AS:   13205904 kB
20220314 061342.774 INFO             PET1 PIOc_freedecomp Enter - MemInfo: [/proc/meminfo - SSI]	CommittedPercent: 20.1595 %
20220314 061342.774 INFO             PET1 PIOc_freedecomp Enter - MemInfo: [/proc/self/status]	VmPeak:	65890764 kB
20220314 061342.774 INFO             PET1 PIOc_freedecomp Enter - MemInfo: [/proc/self/status]	VmSize:	65890764 kB
20220314 061342.774 INFO             PET1 PIOc_freedecomp Enter - MemInfo: [/proc/self/status]	VmLck:	       0 kB
20220314 061342.774 INFO             PET1 PIOc_freedecomp Enter - MemInfo: [/proc/self/status]	VmPin:	       0 kB
20220314 061342.774 INFO             PET1 PIOc_freedecomp Enter - MemInfo: [/proc/self/status]	VmHWM:	   12040 kB
20220314 061342.774 INFO             PET1 PIOc_freedecomp Enter - MemInfo: [/proc/self/status]	VmRSS:	   12040 kB
20220314 061342.774 INFO             PET1 PIOc_freedecomp Enter - MemInfo: [/proc/self/status]	VmData:	   21440 kB
20220314 061342.774 INFO             PET1 PIOc_freedecomp Enter - MemInfo: [/proc/self/status]	VmStk:	     144 kB
20220314 061342.774 INFO             PET1 PIOc_freedecomp Enter - MemInfo: [/proc/self/status]	VmExe:	     196 kB
20220314 061342.774 INFO             PET1 PIOc_freedecomp Enter - MemInfo: [/proc/self/status]	VmLib:	   39920 kB
20220314 061342.774 INFO             PET1 PIOc_freedecomp Enter - MemInfo: [/proc/self/status]	VmPTE:	     208 kB
20220314 061342.774 INFO             PET1 PIOc_freedecomp Enter - MemInfo: [/proc/self/status]	VmPMD:	      20 kB
20220314 061342.774 INFO             PET1 PIOc_freedecomp Enter - MemInfo: [/proc/self/status]	VmSwap:	       0 kB
20220314 061342.774 INFO             PET1 PIOc_freedecomp Enter - MemInfo: [/proc/self/status]	VmRSSPercent: 0.0183797 %
20220314 061342.774 INFO             PET1 PIOc_freedecomp Enter - MemInfo: [malloc] Non-mmapped space allocated:                18563072 Byte
20220314 061342.774 INFO             PET1 PIOc_freedecomp Enter - MemInfo: [malloc] Space allocated in mmapped regions:                0 Byte
20220314 061342.774 INFO             PET1 PIOc_freedecomp Enter - MemInfo: [malloc] Maximum total allocated space:                     0 Byte
20220314 061342.774 INFO             PET1 PIOc_freedecomp Enter - MemInfo: [malloc] Space in freed fastbin blocks:                  1504 Byte
20220314 061342.774 INFO             PET1 PIOc_freedecomp Enter - MemInfo: [malloc] Total allocated space:                      18470128 Byte
20220314 061342.774 INFO             PET1 PIOc_freedecomp Enter - MemInfo: [malloc] Total free space:                              92944 Byte
20220314 061342.774 INFO             PET1 PIOc_freedecomp Enter - MemInfo: [malloc] Top-most, releasable space:                    85872 Byte
20220314 061342.774 INFO             PET1 PIOc_freedecomp Enter - MemInfo: [malloc] Total space in use, mmap + non-mmap:        18470128 Byte
20220314 061342.774 INFO             PET1 PIOc_freedecomp Enter - MemInfo: [malloc] Total space held (mmap + non-mmap):         18563072 Byte
20220314 061342.774 INFO             PET1 PIOc_freedecomp Enter - MemInfo: [malloc] Total space used (mmap + non-mmap):         18479456 Byte
20220314 061342.774 INFO             PET1 PIOc_freedecomp Enter - MemInfo: Wall-clock time since execution start:              0.0170482 seconds
20220314 061342.774 INFO             PET1 PIOc_freedecomp Exit - MemInfo: [/proc/meminfo - SSI]	MemTotal:       65507008 kB
20220314 061342.774 INFO             PET1 PIOc_freedecomp Exit - MemInfo: [/proc/meminfo - SSI]	MemFree:        49917164 kB
20220314 061342.774 INFO             PET1 PIOc_freedecomp Exit - MemInfo: [/proc/meminfo - SSI]	MemAvailable:   49669584 kB
20220314 061342.774 INFO             PET1 PIOc_freedecomp Exit - MemInfo: [/proc/meminfo - SSI]	Committed_AS:   13205904 kB
20220314 061342.774 INFO             PET1 PIOc_freedecomp Exit - MemInfo: [/proc/meminfo - SSI]	CommittedPercent: 20.1595 %
20220314 061342.774 INFO             PET1 PIOc_freedecomp Exit - MemInfo: [/proc/self/status]	VmPeak:	65890764 kB
20220314 061342.774 INFO             PET1 PIOc_freedecomp Exit - MemInfo: [/proc/self/status]	VmSize:	65890764 kB
20220314 061342.774 INFO             PET1 PIOc_freedecomp Exit - MemInfo: [/proc/self/status]	VmLck:	       0 kB
20220314 061342.774 INFO             PET1 PIOc_freedecomp Exit - MemInfo: [/proc/self/status]	VmPin:	       0 kB
20220314 061342.774 INFO             PET1 PIOc_freedecomp Exit - MemInfo: [/proc/self/status]	VmHWM:	   12044 kB
20220314 061342.774 INFO             PET1 PIOc_freedecomp Exit - MemInfo: [/proc/self/status]	VmRSS:	   12044 kB
20220314 061342.774 INFO             PET1 PIOc_freedecomp Exit - MemInfo: [/proc/self/status]	VmData:	   21440 kB
20220314 061342.774 INFO             PET1 PIOc_freedecomp Exit - MemInfo: [/proc/self/status]	VmStk:	     144 kB
20220314 061342.774 INFO             PET1 PIOc_freedecomp Exit - MemInfo: [/proc/self/status]	VmExe:	     196 kB
20220314 061342.774 INFO             PET1 PIOc_freedecomp Exit - MemInfo: [/proc/self/status]	VmLib:	   39920 kB
20220314 061342.774 INFO             PET1 PIOc_freedecomp Exit - MemInfo: [/proc/self/status]	VmPTE:	     208 kB
20220314 061342.774 INFO             PET1 PIOc_freedecomp Exit - MemInfo: [/proc/self/status]	VmPMD:	      20 kB
20220314 061342.774 INFO             PET1 PIOc_freedecomp Exit - MemInfo: [/proc/self/status]	VmSwap:	       0 kB
20220314 061342.774 INFO             PET1 PIOc_freedecomp Exit - MemInfo: [/proc/self/status]	VmRSSPercent: 0.0183858 %
20220314 061342.774 INFO             PET1 PIOc_freedecomp Exit - MemInfo: [malloc] Non-mmapped space allocated:                18563072 Byte
20220314 061342.774 INFO             PET1 PIOc_freedecomp Exit - MemInfo: [malloc] Space allocated in mmapped regions:                0 Byte
20220314 061342.774 INFO             PET1 PIOc_freedecomp Exit - MemInfo: [malloc] Maximum total allocated space:                     0 Byte
20220314 061342.774 INFO             PET1 PIOc_freedecomp Exit - MemInfo: [malloc] Space in freed fastbin blocks:                  1664 Byte
20220314 061342.774 INFO             PET1 PIOc_freedecomp Exit - MemInfo: [malloc] Total allocated space:                      18468720 Byte
20220314 061342.774 INFO             PET1 PIOc_freedecomp Exit - MemInfo: [malloc] Total free space:                              94352 Byte
20220314 061342.774 INFO             PET1 PIOc_freedecomp Exit - MemInfo: [malloc] Top-most, releasable space:                    85872 Byte
20220314 061342.774 INFO             PET1 PIOc_freedecomp Exit - MemInfo: [malloc] Total space in use, mmap + non-mmap:        18468720 Byte
20220314 061342.774 INFO             PET1 PIOc_freedecomp Exit - MemInfo: [malloc] Total space held (mmap + non-mmap):         18563072 Byte
20220314 061342.774 INFO             PET1 PIOc_freedecomp Exit - MemInfo: [malloc] Total space used (mmap + non-mmap):         18478048 Byte
20220314 061342.774 INFO             PET1 PIOc_freedecomp Exit - MemInfo: Wall-clock time since execution start:              0.0173668 seconds
20220314 061342.775 INFO             PET1 PIOc_sync Enter - MemInfo: [/proc/meminfo - SSI]	MemTotal:       65507008 kB
20220314 061342.775 INFO             PET1 PIOc_sync Enter - MemInfo: [/proc/meminfo - SSI]	MemFree:        49917164 kB
20220314 061342.775 INFO             PET1 PIOc_sync Enter - MemInfo: [/proc/meminfo - SSI]	MemAvailable:   49669584 kB
20220314 061342.775 INFO             PET1 PIOc_sync Enter - MemInfo: [/proc/meminfo - SSI]	Committed_AS:   13205904 kB
20220314 061342.775 INFO             PET1 PIOc_sync Enter - MemInfo: [/proc/meminfo - SSI]	CommittedPercent: 20.1595 %
20220314 061342.775 INFO             PET1 PIOc_sync Enter - MemInfo: [/proc/self/status]	VmPeak:	65890764 kB
20220314 061342.775 INFO             PET1 PIOc_sync Enter - MemInfo: [/proc/self/status]	VmSize:	65890764 kB
20220314 061342.775 INFO             PET1 PIOc_sync Enter - MemInfo: [/proc/self/status]	VmLck:	       0 kB
20220314 061342.775 INFO             PET1 PIOc_sync Enter - MemInfo: [/proc/self/status]	VmPin:	       0 kB
20220314 061342.775 INFO             PET1 PIOc_sync Enter - MemInfo: [/proc/self/status]	VmHWM:	   12048 kB
20220314 061342.775 INFO             PET1 PIOc_sync Enter - MemInfo: [/proc/self/status]	VmRSS:	   12048 kB
20220314 061342.775 INFO             PET1 PIOc_sync Enter - MemInfo: [/proc/self/status]	VmData:	   21440 kB
20220314 061342.775 INFO             PET1 PIOc_sync Enter - MemInfo: [/proc/self/status]	VmStk:	     144 kB
20220314 061342.775 INFO             PET1 PIOc_sync Enter - MemInfo: [/proc/self/status]	VmExe:	     196 kB
20220314 061342.775 INFO             PET1 PIOc_sync Enter - MemInfo: [/proc/self/status]	VmLib:	   39920 kB
20220314 061342.775 INFO             PET1 PIOc_sync Enter - MemInfo: [/proc/self/status]	VmPTE:	     208 kB
20220314 061342.775 INFO             PET1 PIOc_sync Enter - MemInfo: [/proc/self/status]	VmPMD:	      20 kB
20220314 061342.775 INFO             PET1 PIOc_sync Enter - MemInfo: [/proc/self/status]	VmSwap:	       0 kB
20220314 061342.775 INFO             PET1 PIOc_sync Enter - MemInfo: [/proc/self/status]	VmRSSPercent: 0.0183919 %
20220314 061342.775 INFO             PET1 PIOc_sync Enter - MemInfo: [malloc] Non-mmapped space allocated:                18563072 Byte
20220314 061342.775 INFO             PET1 PIOc_sync Enter - MemInfo: [malloc] Space allocated in mmapped regions:                0 Byte
20220314 061342.775 INFO             PET1 PIOc_sync Enter - MemInfo: [malloc] Maximum total allocated space:                     0 Byte
20220314 061342.775 INFO             PET1 PIOc_sync Enter - MemInfo: [malloc] Space in freed fastbin blocks:                  1248 Byte
20220314 061342.775 INFO             PET1 PIOc_sync Enter - MemInfo: [malloc] Total allocated space:                      18472656 Byte
20220314 061342.775 INFO             PET1 PIOc_sync Enter - MemInfo: [malloc] Total free space:                              90416 Byte
20220314 061342.775 INFO             PET1 PIOc_sync Enter - MemInfo: [malloc] Top-most, releasable space:                    87312 Byte
20220314 061342.775 INFO             PET1 PIOc_sync Enter - MemInfo: [malloc] Total space in use, mmap + non-mmap:        18472656 Byte
20220314 061342.775 INFO             PET1 PIOc_sync Enter - MemInfo: [malloc] Total space held (mmap + non-mmap):         18563072 Byte
20220314 061342.775 INFO             PET1 PIOc_sync Enter - MemInfo: [malloc] Total space used (mmap + non-mmap):         18481984 Byte
20220314 061342.775 INFO             PET1 PIOc_sync Enter - MemInfo: Wall-clock time since execution start:              0.0184526 seconds
20220314 061342.775 INFO             PET1 PIOc_sync Exit - MemInfo: [/proc/meminfo - SSI]	MemTotal:       65507008 kB
20220314 061342.775 INFO             PET1 PIOc_sync Exit - MemInfo: [/proc/meminfo - SSI]	MemFree:        49917164 kB
20220314 061342.775 INFO             PET1 PIOc_sync Exit - MemInfo: [/proc/meminfo - SSI]	MemAvailable:   49669584 kB
20220314 061342.775 INFO             PET1 PIOc_sync Exit - MemInfo: [/proc/meminfo - SSI]	Committed_AS:   13205904 kB
20220314 061342.775 INFO             PET1 PIOc_sync Exit - MemInfo: [/proc/meminfo - SSI]	CommittedPercent: 20.1595 %
20220314 061342.775 INFO             PET1 PIOc_sync Exit - MemInfo: [/proc/self/status]	VmPeak:	65890764 kB
20220314 061342.775 INFO             PET1 PIOc_sync Exit - MemInfo: [/proc/self/status]	VmSize:	65890764 kB
20220314 061342.775 INFO             PET1 PIOc_sync Exit - MemInfo: [/proc/self/status]	VmLck:	       0 kB
20220314 061342.776 INFO             PET1 PIOc_sync Exit - MemInfo: [/proc/self/status]	VmPin:	       0 kB
20220314 061342.776 INFO             PET1 PIOc_sync Exit - MemInfo: [/proc/self/status]	VmHWM:	   12048 kB
20220314 061342.776 INFO             PET1 PIOc_sync Exit - MemInfo: [/proc/self/status]	VmRSS:	   12048 kB
20220314 061342.776 INFO             PET1 PIOc_sync Exit - MemInfo: [/proc/self/status]	VmData:	   21440 kB
20220314 061342.776 INFO             PET1 PIOc_sync Exit - MemInfo: [/proc/self/status]	VmStk:	     144 kB
20220314 061342.776 INFO             PET1 PIOc_sync Exit - MemInfo: [/proc/self/status]	VmExe:	     196 kB
20220314 061342.776 INFO             PET1 PIOc_sync Exit - MemInfo: [/proc/self/status]	VmLib:	   39920 kB
20220314 061342.776 INFO             PET1 PIOc_sync Exit - MemInfo: [/proc/self/status]	VmPTE:	     208 kB
20220314 061342.776 INFO             PET1 PIOc_sync Exit - MemInfo: [/proc/self/status]	VmPMD:	      20 kB
20220314 061342.776 INFO             PET1 PIOc_sync Exit - MemInfo: [/proc/self/status]	VmSwap:	       0 kB
20220314 061342.776 INFO             PET1 PIOc_sync Exit - MemInfo: [/proc/self/status]	VmRSSPercent: 0.0183919 %
20220314 061342.776 INFO             PET1 PIOc_sync Exit - MemInfo: [malloc] Non-mmapped space allocated:                18563072 Byte
20220314 061342.776 INFO             PET1 PIOc_sync Exit - MemInfo: [malloc] Space allocated in mmapped regions:                0 Byte
20220314 061342.776 INFO             PET1 PIOc_sync Exit - MemInfo: [malloc] Maximum total allocated space:                     0 Byte
20220314 061342.776 INFO             PET1 PIOc_sync Exit - MemInfo: [malloc] Space in freed fastbin blocks:                  1424 Byte
20220314 061342.776 INFO             PET1 PIOc_sync Exit - MemInfo: [malloc] Total allocated space:                      18471904 Byte
20220314 061342.776 INFO             PET1 PIOc_sync Exit - MemInfo: [malloc] Total free space:                              91168 Byte
20220314 061342.776 INFO             PET1 PIOc_sync Exit - MemInfo: [malloc] Top-most, releasable space:                    88848 Byte
20220314 061342.776 INFO             PET1 PIOc_sync Exit - MemInfo: [malloc] Total space in use, mmap + non-mmap:        18471904 Byte
20220314 061342.776 INFO             PET1 PIOc_sync Exit - MemInfo: [malloc] Total space held (mmap + non-mmap):         18563072 Byte
20220314 061342.776 INFO             PET1 PIOc_sync Exit - MemInfo: [malloc] Total space used (mmap + non-mmap):         18481232 Byte
20220314 061342.776 INFO             PET1 PIOc_sync Exit - MemInfo: Wall-clock time since execution start:              0.0188259 seconds
20220314 061342.776 INFO             PET1 PIOc_freedecomp Enter - MemInfo: [/proc/meminfo - SSI]	MemTotal:       65507008 kB
20220314 061342.776 INFO             PET1 PIOc_freedecomp Enter - MemInfo: [/proc/meminfo - SSI]	MemFree:        49917164 kB
20220314 061342.776 INFO             PET1 PIOc_freedecomp Enter - MemInfo: [/proc/meminfo - SSI]	MemAvailable:   49669584 kB
20220314 061342.776 INFO             PET1 PIOc_freedecomp Enter - MemInfo: [/proc/meminfo - SSI]	Committed_AS:   13205904 kB
20220314 061342.776 INFO             PET1 PIOc_freedecomp Enter - MemInfo: [/proc/meminfo - SSI]	CommittedPercent: 20.1595 %
20220314 061342.776 INFO             PET1 PIOc_freedecomp Enter - MemInfo: [/proc/self/status]	VmPeak:	65890764 kB
20220314 061342.776 INFO             PET1 PIOc_freedecomp Enter - MemInfo: [/proc/self/status]	VmSize:	65890764 kB
20220314 061342.776 INFO             PET1 PIOc_freedecomp Enter - MemInfo: [/proc/self/status]	VmLck:	       0 kB
20220314 061342.776 INFO             PET1 PIOc_freedecomp Enter - MemInfo: [/proc/self/status]	VmPin:	       0 kB
20220314 061342.776 INFO             PET1 PIOc_freedecomp Enter - MemInfo: [/proc/self/status]	VmHWM:	   12048 kB
20220314 061342.776 INFO             PET1 PIOc_freedecomp Enter - MemInfo: [/proc/self/status]	VmRSS:	   12048 kB
20220314 061342.776 INFO             PET1 PIOc_freedecomp Enter - MemInfo: [/proc/self/status]	VmData:	   21440 kB
20220314 061342.776 INFO             PET1 PIOc_freedecomp Enter - MemInfo: [/proc/self/status]	VmStk:	     144 kB
20220314 061342.776 INFO             PET1 PIOc_freedecomp Enter - MemInfo: [/proc/self/status]	VmExe:	     196 kB
20220314 061342.776 INFO             PET1 PIOc_freedecomp Enter - MemInfo: [/proc/self/status]	VmLib:	   39920 kB
20220314 061342.776 INFO             PET1 PIOc_freedecomp Enter - MemInfo: [/proc/self/status]	VmPTE:	     208 kB
20220314 061342.776 INFO             PET1 PIOc_freedecomp Enter - MemInfo: [/proc/self/status]	VmPMD:	      20 kB
20220314 061342.776 INFO             PET1 PIOc_freedecomp Enter - MemInfo: [/proc/self/status]	VmSwap:	       0 kB
20220314 061342.776 INFO             PET1 PIOc_freedecomp Enter - MemInfo: [/proc/self/status]	VmRSSPercent: 0.0183919 %
20220314 061342.776 INFO             PET1 PIOc_freedecomp Enter - MemInfo: [malloc] Non-mmapped space allocated:                18563072 Byte
20220314 061342.776 INFO             PET1 PIOc_freedecomp Enter - MemInfo: [malloc] Space allocated in mmapped regions:                0 Byte
20220314 061342.776 INFO             PET1 PIOc_freedecomp Enter - MemInfo: [malloc] Maximum total allocated space:                     0 Byte
20220314 061342.776 INFO             PET1 PIOc_freedecomp Enter - MemInfo: [malloc] Space in freed fastbin blocks:                   400 Byte
20220314 061342.776 INFO             PET1 PIOc_freedecomp Enter - MemInfo: [malloc] Total allocated space:                      18470128 Byte
20220314 061342.776 INFO             PET1 PIOc_freedecomp Enter - MemInfo: [malloc] Total free space:                              92944 Byte
20220314 061342.776 INFO             PET1 PIOc_freedecomp Enter - MemInfo: [malloc] Top-most, releasable space:                    90752 Byte
20220314 061342.776 INFO             PET1 PIOc_freedecomp Enter - MemInfo: [malloc] Total space in use, mmap + non-mmap:        18470128 Byte
20220314 061342.776 INFO             PET1 PIOc_freedecomp Enter - MemInfo: [malloc] Total space held (mmap + non-mmap):         18563072 Byte
20220314 061342.776 INFO             PET1 PIOc_freedecomp Enter - MemInfo: [malloc] Total space used (mmap + non-mmap):         18479456 Byte
20220314 061342.776 INFO             PET1 PIOc_freedecomp Enter - MemInfo: Wall-clock time since execution start:              0.0191792 seconds
20220314 061342.776 INFO             PET1 PIOc_freedecomp Exit - MemInfo: [/proc/meminfo - SSI]	MemTotal:       65507008 kB
20220314 061342.776 INFO             PET1 PIOc_freedecomp Exit - MemInfo: [/proc/meminfo - SSI]	MemFree:        49917164 kB
20220314 061342.776 INFO             PET1 PIOc_freedecomp Exit - MemInfo: [/proc/meminfo - SSI]	MemAvailable:   49669584 kB
20220314 061342.776 INFO             PET1 PIOc_freedecomp Exit - MemInfo: [/proc/meminfo - SSI]	Committed_AS:   13205904 kB
20220314 061342.776 INFO             PET1 PIOc_freedecomp Exit - MemInfo: [/proc/meminfo - SSI]	CommittedPercent: 20.1595 %
20220314 061342.776 INFO             PET1 PIOc_freedecomp Exit - MemInfo: [/proc/self/status]	VmPeak:	65890764 kB
20220314 061342.776 INFO             PET1 PIOc_freedecomp Exit - MemInfo: [/proc/self/status]	VmSize:	65890764 kB
20220314 061342.776 INFO             PET1 PIOc_freedecomp Exit - MemInfo: [/proc/self/status]	VmLck:	       0 kB
20220314 061342.776 INFO             PET1 PIOc_freedecomp Exit - MemInfo: [/proc/self/status]	VmPin:	       0 kB
20220314 061342.776 INFO             PET1 PIOc_freedecomp Exit - MemInfo: [/proc/self/status]	VmHWM:	   12048 kB
20220314 061342.776 INFO             PET1 PIOc_freedecomp Exit - MemInfo: [/proc/self/status]	VmRSS:	   12048 kB
20220314 061342.776 INFO             PET1 PIOc_freedecomp Exit - MemInfo: [/proc/self/status]	VmData:	   21440 kB
20220314 061342.776 INFO             PET1 PIOc_freedecomp Exit - MemInfo: [/proc/self/status]	VmStk:	     144 kB
20220314 061342.776 INFO             PET1 PIOc_freedecomp Exit - MemInfo: [/proc/self/status]	VmExe:	     196 kB
20220314 061342.776 INFO             PET1 PIOc_freedecomp Exit - MemInfo: [/proc/self/status]	VmLib:	   39920 kB
20220314 061342.776 INFO             PET1 PIOc_freedecomp Exit - MemInfo: [/proc/self/status]	VmPTE:	     208 kB
20220314 061342.776 INFO             PET1 PIOc_freedecomp Exit - MemInfo: [/proc/self/status]	VmPMD:	      20 kB
20220314 061342.776 INFO             PET1 PIOc_freedecomp Exit - MemInfo: [/proc/self/status]	VmSwap:	       0 kB
20220314 061342.776 INFO             PET1 PIOc_freedecomp Exit - MemInfo: [/proc/self/status]	VmRSSPercent: 0.0183919 %
20220314 061342.776 INFO             PET1 PIOc_freedecomp Exit - MemInfo: [malloc] Non-mmapped space allocated:                18563072 Byte
20220314 061342.776 INFO             PET1 PIOc_freedecomp Exit - MemInfo: [malloc] Space allocated in mmapped regions:                0 Byte
20220314 061342.776 INFO             PET1 PIOc_freedecomp Exit - MemInfo: [malloc] Maximum total allocated space:                     0 Byte
20220314 061342.776 INFO             PET1 PIOc_freedecomp Exit - MemInfo: [malloc] Space in freed fastbin blocks:                   816 Byte
20220314 061342.776 INFO             PET1 PIOc_freedecomp Exit - MemInfo: [malloc] Total allocated space:                      18468720 Byte
20220314 061342.776 INFO             PET1 PIOc_freedecomp Exit - MemInfo: [malloc] Total free space:                              94352 Byte
20220314 061342.776 INFO             PET1 PIOc_freedecomp Exit - MemInfo: [malloc] Top-most, releasable space:                    91280 Byte
20220314 061342.776 INFO             PET1 PIOc_freedecomp Exit - MemInfo: [malloc] Total space in use, mmap + non-mmap:        18468720 Byte
20220314 061342.776 INFO             PET1 PIOc_freedecomp Exit - MemInfo: [malloc] Total space held (mmap + non-mmap):         18563072 Byte
20220314 061342.776 INFO             PET1 PIOc_freedecomp Exit - MemInfo: [malloc] Total space used (mmap + non-mmap):         18478048 Byte
20220314 061342.776 INFO             PET1 PIOc_freedecomp Exit - MemInfo: Wall-clock time since execution start:              0.0194915 seconds
20220314 061342.777 INFO             PET1 PIOc_sync Enter - MemInfo: [/proc/meminfo - SSI]	MemTotal:       65507008 kB
20220314 061342.777 INFO             PET1 PIOc_sync Enter - MemInfo: [/proc/meminfo - SSI]	MemFree:        49917164 kB
20220314 061342.777 INFO             PET1 PIOc_sync Enter - MemInfo: [/proc/meminfo - SSI]	MemAvailable:   49669584 kB
20220314 061342.777 INFO             PET1 PIOc_sync Enter - MemInfo: [/proc/meminfo - SSI]	Committed_AS:   13205904 kB
20220314 061342.777 INFO             PET1 PIOc_sync Enter - MemInfo: [/proc/meminfo - SSI]	CommittedPercent: 20.1595 %
20220314 061342.777 INFO             PET1 PIOc_sync Enter - MemInfo: [/proc/self/status]	VmPeak:	65890764 kB
20220314 061342.777 INFO             PET1 PIOc_sync Enter - MemInfo: [/proc/self/status]	VmSize:	65890764 kB
20220314 061342.777 INFO             PET1 PIOc_sync Enter - MemInfo: [/proc/self/status]	VmLck:	       0 kB
20220314 061342.777 INFO             PET1 PIOc_sync Enter - MemInfo: [/proc/self/status]	VmPin:	       0 kB
20220314 061342.777 INFO             PET1 PIOc_sync Enter - MemInfo: [/proc/self/status]	VmHWM:	   12048 kB
20220314 061342.777 INFO             PET1 PIOc_sync Enter - MemInfo: [/proc/self/status]	VmRSS:	   12048 kB
20220314 061342.777 INFO             PET1 PIOc_sync Enter - MemInfo: [/proc/self/status]	VmData:	   21440 kB
20220314 061342.777 INFO             PET1 PIOc_sync Enter - MemInfo: [/proc/self/status]	VmStk:	     144 kB
20220314 061342.777 INFO             PET1 PIOc_sync Enter - MemInfo: [/proc/self/status]	VmExe:	     196 kB
20220314 061342.777 INFO             PET1 PIOc_sync Enter - MemInfo: [/proc/self/status]	VmLib:	   39920 kB
20220314 061342.777 INFO             PET1 PIOc_sync Enter - MemInfo: [/proc/self/status]	VmPTE:	     208 kB
20220314 061342.777 INFO             PET1 PIOc_sync Enter - MemInfo: [/proc/self/status]	VmPMD:	      20 kB
20220314 061342.777 INFO             PET1 PIOc_sync Enter - MemInfo: [/proc/self/status]	VmSwap:	       0 kB
20220314 061342.777 INFO             PET1 PIOc_sync Enter - MemInfo: [/proc/self/status]	VmRSSPercent: 0.0183919 %
20220314 061342.777 INFO             PET1 PIOc_sync Enter - MemInfo: [malloc] Non-mmapped space allocated:                18563072 Byte
20220314 061342.777 INFO             PET1 PIOc_sync Enter - MemInfo: [malloc] Space allocated in mmapped regions:                0 Byte
20220314 061342.777 INFO             PET1 PIOc_sync Enter - MemInfo: [malloc] Maximum total allocated space:                     0 Byte
20220314 061342.777 INFO             PET1 PIOc_sync Enter - MemInfo: [malloc] Space in freed fastbin blocks:                  1104 Byte
20220314 061342.777 INFO             PET1 PIOc_sync Enter - MemInfo: [malloc] Total allocated space:                      18472816 Byte
20220314 061342.777 INFO             PET1 PIOc_sync Enter - MemInfo: [malloc] Total free space:                              90256 Byte
20220314 061342.777 INFO             PET1 PIOc_sync Enter - MemInfo: [malloc] Top-most, releasable space:                    87152 Byte
20220314 061342.777 INFO             PET1 PIOc_sync Enter - MemInfo: [malloc] Total space in use, mmap + non-mmap:        18472816 Byte
20220314 061342.777 INFO             PET1 PIOc_sync Enter - MemInfo: [malloc] Total space held (mmap + non-mmap):         18563072 Byte
20220314 061342.777 INFO             PET1 PIOc_sync Enter - MemInfo: [malloc] Total space used (mmap + non-mmap):         18482144 Byte
20220314 061342.777 INFO             PET1 PIOc_sync Enter - MemInfo: Wall-clock time since execution start:              0.0205104 seconds
20220314 061342.777 INFO             PET1 PIOc_sync Exit - MemInfo: [/proc/meminfo - SSI]	MemTotal:       65507008 kB
20220314 061342.777 INFO             PET1 PIOc_sync Exit - MemInfo: [/proc/meminfo - SSI]	MemFree:        49917164 kB
20220314 061342.777 INFO             PET1 PIOc_sync Exit - MemInfo: [/proc/meminfo - SSI]	MemAvailable:   49669584 kB
20220314 061342.777 INFO             PET1 PIOc_sync Exit - MemInfo: [/proc/meminfo - SSI]	Committed_AS:   13205904 kB
20220314 061342.778 INFO             PET1 PIOc_sync Exit - MemInfo: [/proc/meminfo - SSI]	CommittedPercent: 20.1595 %
20220314 061342.778 INFO             PET1 PIOc_sync Exit - MemInfo: [/proc/self/status]	VmPeak:	65890764 kB
20220314 061342.778 INFO             PET1 PIOc_sync Exit - MemInfo: [/proc/self/status]	VmSize:	65890764 kB
20220314 061342.778 INFO             PET1 PIOc_sync Exit - MemInfo: [/proc/self/status]	VmLck:	       0 kB
20220314 061342.778 INFO             PET1 PIOc_sync Exit - MemInfo: [/proc/self/status]	VmPin:	       0 kB
20220314 061342.778 INFO             PET1 PIOc_sync Exit - MemInfo: [/proc/self/status]	VmHWM:	   12048 kB
20220314 061342.778 INFO             PET1 PIOc_sync Exit - MemInfo: [/proc/self/status]	VmRSS:	   12048 kB
20220314 061342.778 INFO             PET1 PIOc_sync Exit - MemInfo: [/proc/self/status]	VmData:	   21440 kB
20220314 061342.778 INFO             PET1 PIOc_sync Exit - MemInfo: [/proc/self/status]	VmStk:	     144 kB
20220314 061342.778 INFO             PET1 PIOc_sync Exit - MemInfo: [/proc/self/status]	VmExe:	     196 kB
20220314 061342.778 INFO             PET1 PIOc_sync Exit - MemInfo: [/proc/self/status]	VmLib:	   39920 kB
20220314 061342.778 INFO             PET1 PIOc_sync Exit - MemInfo: [/proc/self/status]	VmPTE:	     208 kB
20220314 061342.778 INFO             PET1 PIOc_sync Exit - MemInfo: [/proc/self/status]	VmPMD:	      20 kB
20220314 061342.778 INFO             PET1 PIOc_sync Exit - MemInfo: [/proc/self/status]	VmSwap:	       0 kB
20220314 061342.778 INFO             PET1 PIOc_sync Exit - MemInfo: [/proc/self/status]	VmRSSPercent: 0.0183919 %
20220314 061342.778 INFO             PET1 PIOc_sync Exit - MemInfo: [malloc] Non-mmapped space allocated:                18563072 Byte
20220314 061342.778 INFO             PET1 PIOc_sync Exit - MemInfo: [malloc] Space allocated in mmapped regions:                0 Byte
20220314 061342.778 INFO             PET1 PIOc_sync Exit - MemInfo: [malloc] Maximum total allocated space:                     0 Byte
20220314 061342.778 INFO             PET1 PIOc_sync Exit - MemInfo: [malloc] Space in freed fastbin blocks:                  1440 Byte
20220314 061342.778 INFO             PET1 PIOc_sync Exit - MemInfo: [malloc] Total allocated space:                      18472064 Byte
20220314 061342.778 INFO             PET1 PIOc_sync Exit - MemInfo: [malloc] Total free space:                              91008 Byte
20220314 061342.778 INFO             PET1 PIOc_sync Exit - MemInfo: [malloc] Top-most, releasable space:                    88656 Byte
20220314 061342.778 INFO             PET1 PIOc_sync Exit - MemInfo: [malloc] Total space in use, mmap + non-mmap:        18472064 Byte
20220314 061342.778 INFO             PET1 PIOc_sync Exit - MemInfo: [malloc] Total space held (mmap + non-mmap):         18563072 Byte
20220314 061342.778 INFO             PET1 PIOc_sync Exit - MemInfo: [malloc] Total space used (mmap + non-mmap):         18481392 Byte
20220314 061342.778 INFO             PET1 PIOc_sync Exit - MemInfo: Wall-clock time since execution start:              0.0208795 seconds
20220314 061342.778 INFO             PET1 PIOc_freedecomp Enter - MemInfo: [/proc/meminfo - SSI]	MemTotal:       65507008 kB
20220314 061342.778 INFO             PET1 PIOc_freedecomp Enter - MemInfo: [/proc/meminfo - SSI]	MemFree:        49917164 kB
20220314 061342.778 INFO             PET1 PIOc_freedecomp Enter - MemInfo: [/proc/meminfo - SSI]	MemAvailable:   49669584 kB
20220314 061342.778 INFO             PET1 PIOc_freedecomp Enter - MemInfo: [/proc/meminfo - SSI]	Committed_AS:   13205904 kB
20220314 061342.778 INFO             PET1 PIOc_freedecomp Enter - MemInfo: [/proc/meminfo - SSI]	CommittedPercent: 20.1595 %
20220314 061342.778 INFO             PET1 PIOc_freedecomp Enter - MemInfo: [/proc/self/status]	VmPeak:	65890764 kB
20220314 061342.778 INFO             PET1 PIOc_freedecomp Enter - MemInfo: [/proc/self/status]	VmSize:	65890764 kB
20220314 061342.778 INFO             PET1 PIOc_freedecomp Enter - MemInfo: [/proc/self/status]	VmLck:	       0 kB
20220314 061342.778 INFO             PET1 PIOc_freedecomp Enter - MemInfo: [/proc/self/status]	VmPin:	       0 kB
20220314 061342.778 INFO             PET1 PIOc_freedecomp Enter - MemInfo: [/proc/self/status]	VmHWM:	   12048 kB
20220314 061342.778 INFO             PET1 PIOc_freedecomp Enter - MemInfo: [/proc/self/status]	VmRSS:	   12048 kB
20220314 061342.778 INFO             PET1 PIOc_freedecomp Enter - MemInfo: [/proc/self/status]	VmData:	   21440 kB
20220314 061342.778 INFO             PET1 PIOc_freedecomp Enter - MemInfo: [/proc/self/status]	VmStk:	     144 kB
20220314 061342.778 INFO             PET1 PIOc_freedecomp Enter - MemInfo: [/proc/self/status]	VmExe:	     196 kB
20220314 061342.778 INFO             PET1 PIOc_freedecomp Enter - MemInfo: [/proc/self/status]	VmLib:	   39920 kB
20220314 061342.778 INFO             PET1 PIOc_freedecomp Enter - MemInfo: [/proc/self/status]	VmPTE:	     208 kB
20220314 061342.778 INFO             PET1 PIOc_freedecomp Enter - MemInfo: [/proc/self/status]	VmPMD:	      20 kB
20220314 061342.778 INFO             PET1 PIOc_freedecomp Enter - MemInfo: [/proc/self/status]	VmSwap:	       0 kB
20220314 061342.778 INFO             PET1 PIOc_freedecomp Enter - MemInfo: [/proc/self/status]	VmRSSPercent: 0.0183919 %
20220314 061342.778 INFO             PET1 PIOc_freedecomp Enter - MemInfo: [malloc] Non-mmapped space allocated:                18563072 Byte
20220314 061342.778 INFO             PET1 PIOc_freedecomp Enter - MemInfo: [malloc] Space allocated in mmapped regions:                0 Byte
20220314 061342.778 INFO             PET1 PIOc_freedecomp Enter - MemInfo: [malloc] Maximum total allocated space:                     0 Byte
20220314 061342.778 INFO             PET1 PIOc_freedecomp Enter - MemInfo: [malloc] Space in freed fastbin blocks:                  1520 Byte
20220314 061342.778 INFO             PET1 PIOc_freedecomp Enter - MemInfo: [malloc] Total allocated space:                      18470128 Byte
20220314 061342.778 INFO             PET1 PIOc_freedecomp Enter - MemInfo: [malloc] Total free space:                              92944 Byte
20220314 061342.778 INFO             PET1 PIOc_freedecomp Enter - MemInfo: [malloc] Top-most, releasable space:                    89312 Byte
20220314 061342.778 INFO             PET1 PIOc_freedecomp Enter - MemInfo: [malloc] Total space in use, mmap + non-mmap:        18470128 Byte
20220314 061342.778 INFO             PET1 PIOc_freedecomp Enter - MemInfo: [malloc] Total space held (mmap + non-mmap):         18563072 Byte
20220314 061342.778 INFO             PET1 PIOc_freedecomp Enter - MemInfo: [malloc] Total space used (mmap + non-mmap):         18479456 Byte
20220314 061342.778 INFO             PET1 PIOc_freedecomp Enter - MemInfo: Wall-clock time since execution start:              0.0212309 seconds
20220314 061342.778 INFO             PET1 PIOc_freedecomp Exit - MemInfo: [/proc/meminfo - SSI]	MemTotal:       65507008 kB
20220314 061342.778 INFO             PET1 PIOc_freedecomp Exit - MemInfo: [/proc/meminfo - SSI]	MemFree:        49917164 kB
20220314 061342.778 INFO             PET1 PIOc_freedecomp Exit - MemInfo: [/proc/meminfo - SSI]	MemAvailable:   49669584 kB
20220314 061342.778 INFO             PET1 PIOc_freedecomp Exit - MemInfo: [/proc/meminfo - SSI]	Committed_AS:   13205904 kB
20220314 061342.778 INFO             PET1 PIOc_freedecomp Exit - MemInfo: [/proc/meminfo - SSI]	CommittedPercent: 20.1595 %
20220314 061342.778 INFO             PET1 PIOc_freedecomp Exit - MemInfo: [/proc/self/status]	VmPeak:	65890764 kB
20220314 061342.778 INFO             PET1 PIOc_freedecomp Exit - MemInfo: [/proc/self/status]	VmSize:	65890764 kB
20220314 061342.778 INFO             PET1 PIOc_freedecomp Exit - MemInfo: [/proc/self/status]	VmLck:	       0 kB
20220314 061342.778 INFO             PET1 PIOc_freedecomp Exit - MemInfo: [/proc/self/status]	VmPin:	       0 kB
20220314 061342.778 INFO             PET1 PIOc_freedecomp Exit - MemInfo: [/proc/self/status]	VmHWM:	   12048 kB
20220314 061342.778 INFO             PET1 PIOc_freedecomp Exit - MemInfo: [/proc/self/status]	VmRSS:	   12048 kB
20220314 061342.778 INFO             PET1 PIOc_freedecomp Exit - MemInfo: [/proc/self/status]	VmData:	   21440 kB
20220314 061342.778 INFO             PET1 PIOc_freedecomp Exit - MemInfo: [/proc/self/status]	VmStk:	     144 kB
20220314 061342.778 INFO             PET1 PIOc_freedecomp Exit - MemInfo: [/proc/self/status]	VmExe:	     196 kB
20220314 061342.778 INFO             PET1 PIOc_freedecomp Exit - MemInfo: [/proc/self/status]	VmLib:	   39920 kB
20220314 061342.778 INFO             PET1 PIOc_freedecomp Exit - MemInfo: [/proc/self/status]	VmPTE:	     208 kB
20220314 061342.778 INFO             PET1 PIOc_freedecomp Exit - MemInfo: [/proc/self/status]	VmPMD:	      20 kB
20220314 061342.778 INFO             PET1 PIOc_freedecomp Exit - MemInfo: [/proc/self/status]	VmSwap:	       0 kB
20220314 061342.778 INFO             PET1 PIOc_freedecomp Exit - MemInfo: [/proc/self/status]	VmRSSPercent: 0.0183919 %
20220314 061342.778 INFO             PET1 PIOc_freedecomp Exit - MemInfo: [malloc] Non-mmapped space allocated:                18563072 Byte
20220314 061342.778 INFO             PET1 PIOc_freedecomp Exit - MemInfo: [malloc] Space allocated in mmapped regions:                0 Byte
20220314 061342.778 INFO             PET1 PIOc_freedecomp Exit - MemInfo: [malloc] Maximum total allocated space:                     0 Byte
20220314 061342.778 INFO             PET1 PIOc_freedecomp Exit - MemInfo: [malloc] Space in freed fastbin blocks:                  1696 Byte
20220314 061342.778 INFO             PET1 PIOc_freedecomp Exit - MemInfo: [malloc] Total allocated space:                      18468720 Byte
20220314 061342.778 INFO             PET1 PIOc_freedecomp Exit - MemInfo: [malloc] Total free space:                              94352 Byte
20220314 061342.778 INFO             PET1 PIOc_freedecomp Exit - MemInfo: [malloc] Top-most, releasable space:                    90416 Byte
20220314 061342.778 INFO             PET1 PIOc_freedecomp Exit - MemInfo: [malloc] Total space in use, mmap + non-mmap:        18468720 Byte
20220314 061342.778 INFO             PET1 PIOc_freedecomp Exit - MemInfo: [malloc] Total space held (mmap + non-mmap):         18563072 Byte
20220314 061342.778 INFO             PET1 PIOc_freedecomp Exit - MemInfo: [malloc] Total space used (mmap + non-mmap):         18478048 Byte
20220314 061342.778 INFO             PET1 PIOc_freedecomp Exit - MemInfo: Wall-clock time since execution start:              0.0215447 seconds
20220314 061342.778 INFO             PET1  PASS  ESMF_OutputWeightFile, ESMF_IOUTest.F90, line 81
20220314 061342.786 INFO             PET1  PASS  call ESMF_OutputWeightFile with empty factor list on four PETs, ESMF_IOUTest.F90, line 191
20220314 061342.786 INFO             PET1  Ending Test, file ESMF_IOUTest.F90, line 201
20220314 061342.786 INFO             PET1 Finalizing ESMF
20220314 061342.758 INFO             PET2 !!!!!!!!!!!!!!!!!!!!!!!!!!!!!!!!!!!!!!!!!!!!!!!!!!!!!!
20220314 061342.758 INFO             PET2 !!! THE ESMF_LOG IS SET TO OUTPUT ALL LOG MESSAGES !!!
20220314 061342.758 INFO             PET2 !!!     THIS MAY CAUSE SLOWDOWN IN PERFORMANCE     !!!
20220314 061342.758 INFO             PET2 !!! FOR PRODUCTION RUNS, USE:                      !!!
20220314 061342.758 INFO             PET2 !!!                   ESMF_LOGKIND_Multi_On_Error  !!!
20220314 061342.758 INFO             PET2 !!!!!!!!!!!!!!!!!!!!!!!!!!!!!!!!!!!!!!!!!!!!!!!!!!!!!!
20220314 061342.758 INFO             PET2 Running with ESMF Version   : v8.3.0b09-96-g559b459836
20220314 061342.758 INFO             PET2 ESMF library build date/time: "Mar 14 2022" "06:00:22"
20220314 061342.758 INFO             PET2 ESMF library build location : /glade/scratch/rlong/esmf-testing/gfortran_9.1.0_mpt_O_jedwards_pio_update2
20220314 061342.758 INFO             PET2 ESMF_COMM                   : mpt
20220314 061342.758 INFO             PET2 ESMF_MOAB                   : enabled
20220314 061342.758 INFO             PET2 ESMF_LAPACK                 : enabled
20220314 061342.758 INFO             PET2 ESMF_NETCDF                 : enabled
20220314 061342.758 INFO             PET2 ESMF_PNETCDF                : disabled
20220314 061342.758 INFO             PET2 ESMF_PIO                    : enabled
20220314 061342.758 INFO             PET2 ESMF_YAMLCPP                : enabled
20220314 061342.758 INFO             PET2  Beginning Test, file ESMF_IOUTest.F90, line 57
20220314 061342.758 INFO             PET2  NUMBER_OF_PROCESSORS           4
20220314 061342.758 INFO             PET2 Starting Test:  ESMF_OutputWeightFile
20220314 061342.770 INFO             PET2 PIOc_sync Enter - MemInfo: [/proc/meminfo - SSI]	MemTotal:       65507008 kB
20220314 061342.770 INFO             PET2 PIOc_sync Enter - MemInfo: [/proc/meminfo - SSI]	MemFree:        49917164 kB
20220314 061342.770 INFO             PET2 PIOc_sync Enter - MemInfo: [/proc/meminfo - SSI]	MemAvailable:   49669584 kB
20220314 061342.770 INFO             PET2 PIOc_sync Enter - MemInfo: [/proc/meminfo - SSI]	Committed_AS:   13205904 kB
20220314 061342.770 INFO             PET2 PIOc_sync Enter - MemInfo: [/proc/meminfo - SSI]	CommittedPercent: 20.1595 %
20220314 061342.770 INFO             PET2 PIOc_sync Enter - MemInfo: [/proc/self/status]	VmPeak:	65890764 kB
20220314 061342.770 INFO             PET2 PIOc_sync Enter - MemInfo: [/proc/self/status]	VmSize:	65890764 kB
20220314 061342.770 INFO             PET2 PIOc_sync Enter - MemInfo: [/proc/self/status]	VmLck:	       0 kB
20220314 061342.770 INFO             PET2 PIOc_sync Enter - MemInfo: [/proc/self/status]	VmPin:	       0 kB
20220314 061342.770 INFO             PET2 PIOc_sync Enter - MemInfo: [/proc/self/status]	VmHWM:	   11960 kB
20220314 061342.770 INFO             PET2 PIOc_sync Enter - MemInfo: [/proc/self/status]	VmRSS:	   11960 kB
20220314 061342.770 INFO             PET2 PIOc_sync Enter - MemInfo: [/proc/self/status]	VmData:	   21440 kB
20220314 061342.770 INFO             PET2 PIOc_sync Enter - MemInfo: [/proc/self/status]	VmStk:	     144 kB
20220314 061342.770 INFO             PET2 PIOc_sync Enter - MemInfo: [/proc/self/status]	VmExe:	     196 kB
20220314 061342.770 INFO             PET2 PIOc_sync Enter - MemInfo: [/proc/self/status]	VmLib:	   39920 kB
20220314 061342.770 INFO             PET2 PIOc_sync Enter - MemInfo: [/proc/self/status]	VmPTE:	     208 kB
20220314 061342.770 INFO             PET2 PIOc_sync Enter - MemInfo: [/proc/self/status]	VmPMD:	      20 kB
20220314 061342.770 INFO             PET2 PIOc_sync Enter - MemInfo: [/proc/self/status]	VmSwap:	       0 kB
20220314 061342.770 INFO             PET2 PIOc_sync Enter - MemInfo: [/proc/self/status]	VmRSSPercent: 0.0182576 %
20220314 061342.770 INFO             PET2 PIOc_sync Enter - MemInfo: [malloc] Non-mmapped space allocated:                18563072 Byte
20220314 061342.773 INFO             PET2 PIOc_sync Enter - MemInfo: [malloc] Space allocated in mmapped regions:                0 Byte
20220314 061342.773 INFO             PET2 PIOc_sync Enter - MemInfo: [malloc] Maximum total allocated space:                     0 Byte
20220314 061342.773 INFO             PET2 PIOc_sync Enter - MemInfo: [malloc] Space in freed fastbin blocks:                  1184 Byte
20220314 061342.773 INFO             PET2 PIOc_sync Enter - MemInfo: [malloc] Total allocated space:                      18472704 Byte
20220314 061342.773 INFO             PET2 PIOc_sync Enter - MemInfo: [malloc] Total free space:                              90368 Byte
20220314 061342.773 INFO             PET2 PIOc_sync Enter - MemInfo: [malloc] Top-most, releasable space:                    85552 Byte
20220314 061342.773 INFO             PET2 PIOc_sync Enter - MemInfo: [malloc] Total space in use, mmap + non-mmap:        18472704 Byte
20220314 061342.773 INFO             PET2 PIOc_sync Enter - MemInfo: [malloc] Total space held (mmap + non-mmap):         18563072 Byte
20220314 061342.773 INFO             PET2 PIOc_sync Enter - MemInfo: [malloc] Total space used (mmap + non-mmap):         18482032 Byte
20220314 061342.773 INFO             PET2 PIOc_sync Enter - MemInfo: Wall-clock time since execution start:              0.0162544 seconds
20220314 061342.773 INFO             PET2 PIOc_sync Exit - MemInfo: [/proc/meminfo - SSI]	MemTotal:       65507008 kB
20220314 061342.773 INFO             PET2 PIOc_sync Exit - MemInfo: [/proc/meminfo - SSI]	MemFree:        49917164 kB
20220314 061342.773 INFO             PET2 PIOc_sync Exit - MemInfo: [/proc/meminfo - SSI]	MemAvailable:   49669584 kB
20220314 061342.773 INFO             PET2 PIOc_sync Exit - MemInfo: [/proc/meminfo - SSI]	Committed_AS:   13205904 kB
20220314 061342.773 INFO             PET2 PIOc_sync Exit - MemInfo: [/proc/meminfo - SSI]	CommittedPercent: 20.1595 %
20220314 061342.773 INFO             PET2 PIOc_sync Exit - MemInfo: [/proc/self/status]	VmPeak:	65890764 kB
20220314 061342.773 INFO             PET2 PIOc_sync Exit - MemInfo: [/proc/self/status]	VmSize:	65890764 kB
20220314 061342.773 INFO             PET2 PIOc_sync Exit - MemInfo: [/proc/self/status]	VmLck:	       0 kB
20220314 061342.773 INFO             PET2 PIOc_sync Exit - MemInfo: [/proc/self/status]	VmPin:	       0 kB
20220314 061342.773 INFO             PET2 PIOc_sync Exit - MemInfo: [/proc/self/status]	VmHWM:	   12052 kB
20220314 061342.773 INFO             PET2 PIOc_sync Exit - MemInfo: [/proc/self/status]	VmRSS:	   12052 kB
20220314 061342.773 INFO             PET2 PIOc_sync Exit - MemInfo: [/proc/self/status]	VmData:	   21440 kB
20220314 061342.773 INFO             PET2 PIOc_sync Exit - MemInfo: [/proc/self/status]	VmStk:	     144 kB
20220314 061342.773 INFO             PET2 PIOc_sync Exit - MemInfo: [/proc/self/status]	VmExe:	     196 kB
20220314 061342.773 INFO             PET2 PIOc_sync Exit - MemInfo: [/proc/self/status]	VmLib:	   39920 kB
20220314 061342.773 INFO             PET2 PIOc_sync Exit - MemInfo: [/proc/self/status]	VmPTE:	     208 kB
