build time -- 2022-03-13 06:02:15.568055
20220313 061514.862 INFO             PET0 !!!!!!!!!!!!!!!!!!!!!!!!!!!!!!!!!!!!!!!!!!!!!!!!!!!!!!
20220313 061514.862 INFO             PET0 !!! THE ESMF_LOG IS SET TO OUTPUT ALL LOG MESSAGES !!!
20220313 061514.862 INFO             PET0 !!!     THIS MAY CAUSE SLOWDOWN IN PERFORMANCE     !!!
20220313 061514.862 INFO             PET0 !!! FOR PRODUCTION RUNS, USE:                      !!!
20220313 061514.862 INFO             PET0 !!!                   ESMF_LOGKIND_Multi_On_Error  !!!
20220313 061514.862 INFO             PET0 !!!!!!!!!!!!!!!!!!!!!!!!!!!!!!!!!!!!!!!!!!!!!!!!!!!!!!
20220313 061514.862 INFO             PET0 Running with ESMF Version   : v8.3.0b09-96-g559b459836
20220313 061514.862 INFO             PET0 ESMF library build date/time: "Mar 13 2022" "06:00:22"
20220313 061514.862 INFO             PET0 ESMF library build location : /glade/scratch/rlong/esmf-testing/gfortran_9.1.0_mpt_O_jedwards_pio_update2
20220313 061514.862 INFO             PET0 ESMF_COMM                   : mpt
20220313 061514.863 INFO             PET0 ESMF_MOAB                   : enabled
20220313 061514.863 INFO             PET0 ESMF_LAPACK                 : enabled
20220313 061514.863 INFO             PET0 ESMF_NETCDF                 : enabled
20220313 061514.863 INFO             PET0 ESMF_PNETCDF                : disabled
20220313 061514.863 INFO             PET0 ESMF_PIO                    : enabled
20220313 061514.863 INFO             PET0 ESMF_YAMLCPP                : enabled
20220313 061514.863 INFO             PET0  Beginning Test, file ESMF_FieldSMMFromFileUTest.F90, line 287
20220313 061514.863 INFO             PET0  NUMBER_OF_PROCESSORS           4
20220313 061515.012 INFO             PET0  PASS  ESMF_FieldSMMFromFile Unit Test, ESMF_FieldSMMFromFileUTest.F90, line 300
20220313 061515.019 INFO             PET0 PIOc_sync Enter - MemInfo: [/proc/meminfo - SSI]	MemTotal:       65507008 kB
20220313 061515.019 INFO             PET0 PIOc_sync Enter - MemInfo: [/proc/meminfo - SSI]	MemFree:        48801444 kB
20220313 061515.019 INFO             PET0 PIOc_sync Enter - MemInfo: [/proc/meminfo - SSI]	MemAvailable:   48559612 kB
20220313 061515.019 INFO             PET0 PIOc_sync Enter - MemInfo: [/proc/meminfo - SSI]	Committed_AS:   13238488 kB
20220313 061515.019 INFO             PET0 PIOc_sync Enter - MemInfo: [/proc/meminfo - SSI]	CommittedPercent: 20.2093 %
20220313 061515.019 INFO             PET0 PIOc_sync Enter - MemInfo: [/proc/self/status]	VmPeak:	65984308 kB
20220313 061515.019 INFO             PET0 PIOc_sync Enter - MemInfo: [/proc/self/status]	VmSize:	65976120 kB
20220313 061515.019 INFO             PET0 PIOc_sync Enter - MemInfo: [/proc/self/status]	VmLck:	       0 kB
20220313 061515.019 INFO             PET0 PIOc_sync Enter - MemInfo: [/proc/self/status]	VmPin:	       0 kB
20220313 061515.019 INFO             PET0 PIOc_sync Enter - MemInfo: [/proc/self/status]	VmHWM:	   70804 kB
20220313 061515.019 INFO             PET0 PIOc_sync Enter - MemInfo: [/proc/self/status]	VmRSS:	   69348 kB
20220313 061515.019 INFO             PET0 PIOc_sync Enter - MemInfo: [/proc/self/status]	VmData:	  106792 kB
20220313 061515.019 INFO             PET0 PIOc_sync Enter - MemInfo: [/proc/self/status]	VmStk:	     144 kB
20220313 061515.019 INFO             PET0 PIOc_sync Enter - MemInfo: [/proc/self/status]	VmExe:	     200 kB
20220313 061515.019 INFO             PET0 PIOc_sync Enter - MemInfo: [/proc/self/status]	VmLib:	   39920 kB
20220313 061515.019 INFO             PET0 PIOc_sync Enter - MemInfo: [/proc/self/status]	VmPTE:	     368 kB
20220313 061515.019 INFO             PET0 PIOc_sync Enter - MemInfo: [/proc/self/status]	VmPMD:	      28 kB
20220313 061515.019 INFO             PET0 PIOc_sync Enter - MemInfo: [/proc/self/status]	VmSwap:	       0 kB
20220313 061515.019 INFO             PET0 PIOc_sync Enter - MemInfo: [/proc/self/status]	VmRSSPercent: 0.105863 %
20220313 061515.019 INFO             PET0 PIOc_sync Enter - MemInfo: [malloc] Non-mmapped space allocated:               105963520 Byte
20220313 061515.022 INFO             PET0 PIOc_sync Enter - MemInfo: [malloc] Space allocated in mmapped regions:                0 Byte
20220313 061515.022 INFO             PET0 PIOc_sync Enter - MemInfo: [malloc] Maximum total allocated space:                     0 Byte
20220313 061515.022 INFO             PET0 PIOc_sync Enter - MemInfo: [malloc] Space in freed fastbin blocks:                   944 Byte
20220313 061515.022 INFO             PET0 PIOc_sync Enter - MemInfo: [malloc] Total allocated space:                      86943072 Byte
20220313 061515.022 INFO             PET0 PIOc_sync Enter - MemInfo: [malloc] Total free space:                           19020448 Byte
20220313 061515.022 INFO             PET0 PIOc_sync Enter - MemInfo: [malloc] Top-most, releasable space:                 16909664 Byte
20220313 061515.022 INFO             PET0 PIOc_sync Enter - MemInfo: [malloc] Total space in use, mmap + non-mmap:        86943072 Byte
20220313 061515.022 INFO             PET0 PIOc_sync Enter - MemInfo: [malloc] Total space held (mmap + non-mmap):        105963520 Byte
20220313 061515.022 INFO             PET0 PIOc_sync Enter - MemInfo: [malloc] Total space used (mmap + non-mmap):         86952400 Byte
20220313 061515.022 INFO             PET0 PIOc_sync Enter - MemInfo: Wall-clock time since execution start:               0.161008 seconds
20220313 061515.022 INFO             PET0 PIOc_sync Exit - MemInfo: [/proc/meminfo - SSI]	MemTotal:       65507008 kB
20220313 061515.022 INFO             PET0 PIOc_sync Exit - MemInfo: [/proc/meminfo - SSI]	MemFree:        48801444 kB
20220313 061515.022 INFO             PET0 PIOc_sync Exit - MemInfo: [/proc/meminfo - SSI]	MemAvailable:   48559612 kB
20220313 061515.022 INFO             PET0 PIOc_sync Exit - MemInfo: [/proc/meminfo - SSI]	Committed_AS:   13238488 kB
20220313 061515.022 INFO             PET0 PIOc_sync Exit - MemInfo: [/proc/meminfo - SSI]	CommittedPercent: 20.2093 %
20220313 061515.022 INFO             PET0 PIOc_sync Exit - MemInfo: [/proc/self/status]	VmPeak:	65984308 kB
20220313 061515.022 INFO             PET0 PIOc_sync Exit - MemInfo: [/proc/self/status]	VmSize:	65976120 kB
20220313 061515.022 INFO             PET0 PIOc_sync Exit - MemInfo: [/proc/self/status]	VmLck:	       0 kB
20220313 061515.022 INFO             PET0 PIOc_sync Exit - MemInfo: [/proc/self/status]	VmPin:	       0 kB
20220313 061515.022 INFO             PET0 PIOc_sync Exit - MemInfo: [/proc/self/status]	VmHWM:	   70804 kB
20220313 061515.022 INFO             PET0 PIOc_sync Exit - MemInfo: [/proc/self/status]	VmRSS:	   69380 kB
20220313 061515.023 INFO             PET0 PIOc_sync Exit - MemInfo: [/proc/self/status]	VmData:	  106792 kB
20220313 061515.023 INFO             PET0 PIOc_sync Exit - MemInfo: [/proc/self/status]	VmStk:	     144 kB
20220313 061515.023 INFO             PET0 PIOc_sync Exit - MemInfo: [/proc/self/status]	VmExe:	     200 kB
20220313 061515.023 INFO             PET0 PIOc_sync Exit - MemInfo: [/proc/self/status]	VmLib:	   39920 kB
20220313 061515.023 INFO             PET0 PIOc_sync Exit - MemInfo: [/proc/self/status]	VmPTE:	     368 kB
20220313 061515.023 INFO             PET0 PIOc_sync Exit - MemInfo: [/proc/self/status]	VmPMD:	      28 kB
20220313 061515.023 INFO             PET0 PIOc_sync Exit - MemInfo: [/proc/self/status]	VmSwap:	       0 kB
20220313 061515.023 INFO             PET0 PIOc_sync Exit - MemInfo: [/proc/self/status]	VmRSSPercent: 0.105912 %
20220313 061515.023 INFO             PET0 PIOc_sync Exit - MemInfo: [malloc] Non-mmapped space allocated:               105963520 Byte
20220313 061515.023 INFO             PET0 PIOc_sync Exit - MemInfo: [malloc] Space allocated in mmapped regions:                0 Byte
20220313 061515.023 INFO             PET0 PIOc_sync Exit - MemInfo: [malloc] Maximum total allocated space:                     0 Byte
20220313 061515.023 INFO             PET0 PIOc_sync Exit - MemInfo: [malloc] Space in freed fastbin blocks:                  1024 Byte
20220313 061515.023 INFO             PET0 PIOc_sync Exit - MemInfo: [malloc] Total allocated space:                      86942000 Byte
20220313 061515.023 INFO             PET0 PIOc_sync Exit - MemInfo: [malloc] Total free space:                           19021520 Byte
20220313 061515.023 INFO             PET0 PIOc_sync Exit - MemInfo: [malloc] Top-most, releasable space:                 16909664 Byte
20220313 061515.023 INFO             PET0 PIOc_sync Exit - MemInfo: [malloc] Total space in use, mmap + non-mmap:        86942000 Byte
20220313 061515.023 INFO             PET0 PIOc_sync Exit - MemInfo: [malloc] Total space held (mmap + non-mmap):        105963520 Byte
20220313 061515.023 INFO             PET0 PIOc_sync Exit - MemInfo: [malloc] Total space used (mmap + non-mmap):         86951328 Byte
20220313 061515.023 INFO             PET0 PIOc_sync Exit - MemInfo: Wall-clock time since execution start:               0.161837 seconds
20220313 061515.023 INFO             PET0 PIOc_freedecomp Enter - MemInfo: [/proc/meminfo - SSI]	MemTotal:       65507008 kB
20220313 061515.023 INFO             PET0 PIOc_freedecomp Enter - MemInfo: [/proc/meminfo - SSI]	MemFree:        48801444 kB
20220313 061515.023 INFO             PET0 PIOc_freedecomp Enter - MemInfo: [/proc/meminfo - SSI]	MemAvailable:   48559612 kB
20220313 061515.023 INFO             PET0 PIOc_freedecomp Enter - MemInfo: [/proc/meminfo - SSI]	Committed_AS:   13238488 kB
20220313 061515.023 INFO             PET0 PIOc_freedecomp Enter - MemInfo: [/proc/meminfo - SSI]	CommittedPercent: 20.2093 %
20220313 061515.023 INFO             PET0 PIOc_freedecomp Enter - MemInfo: [/proc/self/status]	VmPeak:	65984308 kB
20220313 061515.023 INFO             PET0 PIOc_freedecomp Enter - MemInfo: [/proc/self/status]	VmSize:	65976120 kB
20220313 061515.023 INFO             PET0 PIOc_freedecomp Enter - MemInfo: [/proc/self/status]	VmLck:	       0 kB
20220313 061515.023 INFO             PET0 PIOc_freedecomp Enter - MemInfo: [/proc/self/status]	VmPin:	       0 kB
20220313 061515.023 INFO             PET0 PIOc_freedecomp Enter - MemInfo: [/proc/self/status]	VmHWM:	   70804 kB
20220313 061515.023 INFO             PET0 PIOc_freedecomp Enter - MemInfo: [/proc/self/status]	VmRSS:	   69380 kB
20220313 061515.023 INFO             PET0 PIOc_freedecomp Enter - MemInfo: [/proc/self/status]	VmData:	  106792 kB
20220313 061515.023 INFO             PET0 PIOc_freedecomp Enter - MemInfo: [/proc/self/status]	VmStk:	     144 kB
20220313 061515.023 INFO             PET0 PIOc_freedecomp Enter - MemInfo: [/proc/self/status]	VmExe:	     200 kB
20220313 061515.023 INFO             PET0 PIOc_freedecomp Enter - MemInfo: [/proc/self/status]	VmLib:	   39920 kB
20220313 061515.023 INFO             PET0 PIOc_freedecomp Enter - MemInfo: [/proc/self/status]	VmPTE:	     368 kB
20220313 061515.023 INFO             PET0 PIOc_freedecomp Enter - MemInfo: [/proc/self/status]	VmPMD:	      28 kB
20220313 061515.023 INFO             PET0 PIOc_freedecomp Enter - MemInfo: [/proc/self/status]	VmSwap:	       0 kB
20220313 061515.023 INFO             PET0 PIOc_freedecomp Enter - MemInfo: [/proc/self/status]	VmRSSPercent: 0.105912 %
20220313 061515.023 INFO             PET0 PIOc_freedecomp Enter - MemInfo: [malloc] Non-mmapped space allocated:               105963520 Byte
20220313 061515.023 INFO             PET0 PIOc_freedecomp Enter - MemInfo: [malloc] Space allocated in mmapped regions:                0 Byte
20220313 061515.023 INFO             PET0 PIOc_freedecomp Enter - MemInfo: [malloc] Maximum total allocated space:                     0 Byte
20220313 061515.023 INFO             PET0 PIOc_freedecomp Enter - MemInfo: [malloc] Space in freed fastbin blocks:                  1520 Byte
20220313 061515.023 INFO             PET0 PIOc_freedecomp Enter - MemInfo: [malloc] Total allocated space:                      70151600 Byte
20220313 061515.023 INFO             PET0 PIOc_freedecomp Enter - MemInfo: [malloc] Total free space:                           35811920 Byte
20220313 061515.023 INFO             PET0 PIOc_freedecomp Enter - MemInfo: [malloc] Top-most, releasable space:                 16909664 Byte
20220313 061515.023 INFO             PET0 PIOc_freedecomp Enter - MemInfo: [malloc] Total space in use, mmap + non-mmap:        70151600 Byte
20220313 061515.023 INFO             PET0 PIOc_freedecomp Enter - MemInfo: [malloc] Total space held (mmap + non-mmap):        105963520 Byte
20220313 061515.023 INFO             PET0 PIOc_freedecomp Enter - MemInfo: [malloc] Total space used (mmap + non-mmap):         70160928 Byte
20220313 061515.023 INFO             PET0 PIOc_freedecomp Enter - MemInfo: Wall-clock time since execution start:               0.162201 seconds
20220313 061515.023 INFO             PET0 PIOc_freedecomp Exit - MemInfo: [/proc/meminfo - SSI]	MemTotal:       65507008 kB
20220313 061515.023 INFO             PET0 PIOc_freedecomp Exit - MemInfo: [/proc/meminfo - SSI]	MemFree:        48801444 kB
20220313 061515.023 INFO             PET0 PIOc_freedecomp Exit - MemInfo: [/proc/meminfo - SSI]	MemAvailable:   48559612 kB
20220313 061515.023 INFO             PET0 PIOc_freedecomp Exit - MemInfo: [/proc/meminfo - SSI]	Committed_AS:   13238488 kB
20220313 061515.023 INFO             PET0 PIOc_freedecomp Exit - MemInfo: [/proc/meminfo - SSI]	CommittedPercent: 20.2093 %
20220313 061515.023 INFO             PET0 PIOc_freedecomp Exit - MemInfo: [/proc/self/status]	VmPeak:	65984308 kB
20220313 061515.023 INFO             PET0 PIOc_freedecomp Exit - MemInfo: [/proc/self/status]	VmSize:	65976120 kB
20220313 061515.023 INFO             PET0 PIOc_freedecomp Exit - MemInfo: [/proc/self/status]	VmLck:	       0 kB
20220313 061515.023 INFO             PET0 PIOc_freedecomp Exit - MemInfo: [/proc/self/status]	VmPin:	       0 kB
20220313 061515.023 INFO             PET0 PIOc_freedecomp Exit - MemInfo: [/proc/self/status]	VmHWM:	   70804 kB
20220313 061515.023 INFO             PET0 PIOc_freedecomp Exit - MemInfo: [/proc/self/status]	VmRSS:	   69380 kB
20220313 061515.023 INFO             PET0 PIOc_freedecomp Exit - MemInfo: [/proc/self/status]	VmData:	  106792 kB
20220313 061515.023 INFO             PET0 PIOc_freedecomp Exit - MemInfo: [/proc/self/status]	VmStk:	     144 kB
20220313 061515.023 INFO             PET0 PIOc_freedecomp Exit - MemInfo: [/proc/self/status]	VmExe:	     200 kB
20220313 061515.023 INFO             PET0 PIOc_freedecomp Exit - MemInfo: [/proc/self/status]	VmLib:	   39920 kB
20220313 061515.023 INFO             PET0 PIOc_freedecomp Exit - MemInfo: [/proc/self/status]	VmPTE:	     368 kB
20220313 061515.023 INFO             PET0 PIOc_freedecomp Exit - MemInfo: [/proc/self/status]	VmPMD:	      28 kB
20220313 061515.023 INFO             PET0 PIOc_freedecomp Exit - MemInfo: [/proc/self/status]	VmSwap:	       0 kB
20220313 061515.023 INFO             PET0 PIOc_freedecomp Exit - MemInfo: [/proc/self/status]	VmRSSPercent: 0.105912 %
20220313 061515.023 INFO             PET0 PIOc_freedecomp Exit - MemInfo: [malloc] Non-mmapped space allocated:               105963520 Byte
20220313 061515.023 INFO             PET0 PIOc_freedecomp Exit - MemInfo: [malloc] Space allocated in mmapped regions:                0 Byte
20220313 061515.023 INFO             PET0 PIOc_freedecomp Exit - MemInfo: [malloc] Maximum total allocated space:                     0 Byte
20220313 061515.023 INFO             PET0 PIOc_freedecomp Exit - MemInfo: [malloc] Space in freed fastbin blocks:                  2256 Byte
20220313 061515.023 INFO             PET0 PIOc_freedecomp Exit - MemInfo: [malloc] Total allocated space:                      70147088 Byte
20220313 061515.023 INFO             PET0 PIOc_freedecomp Exit - MemInfo: [malloc] Total free space:                           35816432 Byte
20220313 061515.023 INFO             PET0 PIOc_freedecomp Exit - MemInfo: [malloc] Top-most, releasable space:                 16909664 Byte
20220313 061515.023 INFO             PET0 PIOc_freedecomp Exit - MemInfo: [malloc] Total space in use, mmap + non-mmap:        70147088 Byte
20220313 061515.023 INFO             PET0 PIOc_freedecomp Exit - MemInfo: [malloc] Total space held (mmap + non-mmap):        105963520 Byte
20220313 061515.023 INFO             PET0 PIOc_freedecomp Exit - MemInfo: [malloc] Total space used (mmap + non-mmap):         70156416 Byte
20220313 061515.023 INFO             PET0 PIOc_freedecomp Exit - MemInfo: Wall-clock time since execution start:               0.162526 seconds
20220313 061515.024 INFO             PET0 PIOc_sync Enter - MemInfo: [/proc/meminfo - SSI]	MemTotal:       65507008 kB
20220313 061515.024 INFO             PET0 PIOc_sync Enter - MemInfo: [/proc/meminfo - SSI]	MemFree:        48801444 kB
20220313 061515.024 INFO             PET0 PIOc_sync Enter - MemInfo: [/proc/meminfo - SSI]	MemAvailable:   48559612 kB
20220313 061515.024 INFO             PET0 PIOc_sync Enter - MemInfo: [/proc/meminfo - SSI]	Committed_AS:   13238488 kB
20220313 061515.024 INFO             PET0 PIOc_sync Enter - MemInfo: [/proc/meminfo - SSI]	CommittedPercent: 20.2093 %
20220313 061515.025 INFO             PET0 PIOc_sync Enter - MemInfo: [/proc/self/status]	VmPeak:	65984308 kB
20220313 061515.025 INFO             PET0 PIOc_sync Enter - MemInfo: [/proc/self/status]	VmSize:	65976120 kB
20220313 061515.025 INFO             PET0 PIOc_sync Enter - MemInfo: [/proc/self/status]	VmLck:	       0 kB
20220313 061515.025 INFO             PET0 PIOc_sync Enter - MemInfo: [/proc/self/status]	VmPin:	       0 kB
20220313 061515.025 INFO             PET0 PIOc_sync Enter - MemInfo: [/proc/self/status]	VmHWM:	   70804 kB
20220313 061515.025 INFO             PET0 PIOc_sync Enter - MemInfo: [/proc/self/status]	VmRSS:	   69388 kB
20220313 061515.025 INFO             PET0 PIOc_sync Enter - MemInfo: [/proc/self/status]	VmData:	  106792 kB
20220313 061515.025 INFO             PET0 PIOc_sync Enter - MemInfo: [/proc/self/status]	VmStk:	     144 kB
20220313 061515.025 INFO             PET0 PIOc_sync Enter - MemInfo: [/proc/self/status]	VmExe:	     200 kB
20220313 061515.025 INFO             PET0 PIOc_sync Enter - MemInfo: [/proc/self/status]	VmLib:	   39920 kB
20220313 061515.025 INFO             PET0 PIOc_sync Enter - MemInfo: [/proc/self/status]	VmPTE:	     368 kB
20220313 061515.025 INFO             PET0 PIOc_sync Enter - MemInfo: [/proc/self/status]	VmPMD:	      28 kB
20220313 061515.025 INFO             PET0 PIOc_sync Enter - MemInfo: [/proc/self/status]	VmSwap:	       0 kB
20220313 061515.025 INFO             PET0 PIOc_sync Enter - MemInfo: [/proc/self/status]	VmRSSPercent: 0.105925 %
20220313 061515.025 INFO             PET0 PIOc_sync Enter - MemInfo: [malloc] Non-mmapped space allocated:               105963520 Byte
20220313 061515.025 INFO             PET0 PIOc_sync Enter - MemInfo: [malloc] Space allocated in mmapped regions:                0 Byte
20220313 061515.025 INFO             PET0 PIOc_sync Enter - MemInfo: [malloc] Maximum total allocated space:                     0 Byte
20220313 061515.025 INFO             PET0 PIOc_sync Enter - MemInfo: [malloc] Space in freed fastbin blocks:                  1248 Byte
20220313 061515.025 INFO             PET0 PIOc_sync Enter - MemInfo: [malloc] Total allocated space:                      86943264 Byte
20220313 061515.025 INFO             PET0 PIOc_sync Enter - MemInfo: [malloc] Total free space:                           19020256 Byte
20220313 061515.025 INFO             PET0 PIOc_sync Enter - MemInfo: [malloc] Top-most, releasable space:                 16909664 Byte
20220313 061515.025 INFO             PET0 PIOc_sync Enter - MemInfo: [malloc] Total space in use, mmap + non-mmap:        86943264 Byte
20220313 061515.025 INFO             PET0 PIOc_sync Enter - MemInfo: [malloc] Total space held (mmap + non-mmap):        105963520 Byte
20220313 061515.025 INFO             PET0 PIOc_sync Enter - MemInfo: [malloc] Total space used (mmap + non-mmap):         86952608 Byte
20220313 061515.025 INFO             PET0 PIOc_sync Enter - MemInfo: Wall-clock time since execution start:               0.163906 seconds
20220313 061515.025 INFO             PET0 PIOc_sync Exit - MemInfo: [/proc/meminfo - SSI]	MemTotal:       65507008 kB
20220313 061515.025 INFO             PET0 PIOc_sync Exit - MemInfo: [/proc/meminfo - SSI]	MemFree:        48801444 kB
20220313 061515.025 INFO             PET0 PIOc_sync Exit - MemInfo: [/proc/meminfo - SSI]	MemAvailable:   48559612 kB
20220313 061515.025 INFO             PET0 PIOc_sync Exit - MemInfo: [/proc/meminfo - SSI]	Committed_AS:   13238488 kB
20220313 061515.025 INFO             PET0 PIOc_sync Exit - MemInfo: [/proc/meminfo - SSI]	CommittedPercent: 20.2093 %
20220313 061515.025 INFO             PET0 PIOc_sync Exit - MemInfo: [/proc/self/status]	VmPeak:	65984308 kB
20220313 061515.025 INFO             PET0 PIOc_sync Exit - MemInfo: [/proc/self/status]	VmSize:	65976120 kB
20220313 061515.025 INFO             PET0 PIOc_sync Exit - MemInfo: [/proc/self/status]	VmLck:	       0 kB
20220313 061515.025 INFO             PET0 PIOc_sync Exit - MemInfo: [/proc/self/status]	VmPin:	       0 kB
20220313 061515.025 INFO             PET0 PIOc_sync Exit - MemInfo: [/proc/self/status]	VmHWM:	   70804 kB
20220313 061515.025 INFO             PET0 PIOc_sync Exit - MemInfo: [/proc/self/status]	VmRSS:	   69388 kB
20220313 061515.025 INFO             PET0 PIOc_sync Exit - MemInfo: [/proc/self/status]	VmData:	  106792 kB
20220313 061515.025 INFO             PET0 PIOc_sync Exit - MemInfo: [/proc/self/status]	VmStk:	     144 kB
20220313 061515.025 INFO             PET0 PIOc_sync Exit - MemInfo: [/proc/self/status]	VmExe:	     200 kB
20220313 061515.025 INFO             PET0 PIOc_sync Exit - MemInfo: [/proc/self/status]	VmLib:	   39920 kB
20220313 061515.025 INFO             PET0 PIOc_sync Exit - MemInfo: [/proc/self/status]	VmPTE:	     368 kB
20220313 061515.025 INFO             PET0 PIOc_sync Exit - MemInfo: [/proc/self/status]	VmPMD:	      28 kB
20220313 061515.025 INFO             PET0 PIOc_sync Exit - MemInfo: [/proc/self/status]	VmSwap:	       0 kB
20220313 061515.025 INFO             PET0 PIOc_sync Exit - MemInfo: [/proc/self/status]	VmRSSPercent: 0.105925 %
20220313 061515.025 INFO             PET0 PIOc_sync Exit - MemInfo: [malloc] Non-mmapped space allocated:               105963520 Byte
20220313 061515.025 INFO             PET0 PIOc_sync Exit - MemInfo: [malloc] Space allocated in mmapped regions:                0 Byte
20220313 061515.025 INFO             PET0 PIOc_sync Exit - MemInfo: [malloc] Maximum total allocated space:                     0 Byte
20220313 061515.025 INFO             PET0 PIOc_sync Exit - MemInfo: [malloc] Space in freed fastbin blocks:                   928 Byte
20220313 061515.025 INFO             PET0 PIOc_sync Exit - MemInfo: [malloc] Total allocated space:                      86942464 Byte
20220313 061515.025 INFO             PET0 PIOc_sync Exit - MemInfo: [malloc] Total free space:                           19021056 Byte
20220313 061515.025 INFO             PET0 PIOc_sync Exit - MemInfo: [malloc] Top-most, releasable space:                 16909664 Byte
20220313 061515.025 INFO             PET0 PIOc_sync Exit - MemInfo: [malloc] Total space in use, mmap + non-mmap:        86942464 Byte
20220313 061515.025 INFO             PET0 PIOc_sync Exit - MemInfo: [malloc] Total space held (mmap + non-mmap):        105963520 Byte
20220313 061515.025 INFO             PET0 PIOc_sync Exit - MemInfo: [malloc] Total space used (mmap + non-mmap):         86951792 Byte
20220313 061515.025 INFO             PET0 PIOc_sync Exit - MemInfo: Wall-clock time since execution start:               0.164281 seconds
20220313 061515.025 INFO             PET0 PIOc_freedecomp Enter - MemInfo: [/proc/meminfo - SSI]	MemTotal:       65507008 kB
20220313 061515.025 INFO             PET0 PIOc_freedecomp Enter - MemInfo: [/proc/meminfo - SSI]	MemFree:        48801444 kB
20220313 061515.025 INFO             PET0 PIOc_freedecomp Enter - MemInfo: [/proc/meminfo - SSI]	MemAvailable:   48559612 kB
20220313 061515.025 INFO             PET0 PIOc_freedecomp Enter - MemInfo: [/proc/meminfo - SSI]	Committed_AS:   13238488 kB
20220313 061515.025 INFO             PET0 PIOc_freedecomp Enter - MemInfo: [/proc/meminfo - SSI]	CommittedPercent: 20.2093 %
20220313 061515.025 INFO             PET0 PIOc_freedecomp Enter - MemInfo: [/proc/self/status]	VmPeak:	65984308 kB
20220313 061515.025 INFO             PET0 PIOc_freedecomp Enter - MemInfo: [/proc/self/status]	VmSize:	65976120 kB
20220313 061515.025 INFO             PET0 PIOc_freedecomp Enter - MemInfo: [/proc/self/status]	VmLck:	       0 kB
20220313 061515.025 INFO             PET0 PIOc_freedecomp Enter - MemInfo: [/proc/self/status]	VmPin:	       0 kB
20220313 061515.025 INFO             PET0 PIOc_freedecomp Enter - MemInfo: [/proc/self/status]	VmHWM:	   70804 kB
20220313 061515.025 INFO             PET0 PIOc_freedecomp Enter - MemInfo: [/proc/self/status]	VmRSS:	   69388 kB
20220313 061515.025 INFO             PET0 PIOc_freedecomp Enter - MemInfo: [/proc/self/status]	VmData:	  106792 kB
20220313 061515.025 INFO             PET0 PIOc_freedecomp Enter - MemInfo: [/proc/self/status]	VmStk:	     144 kB
20220313 061515.025 INFO             PET0 PIOc_freedecomp Enter - MemInfo: [/proc/self/status]	VmExe:	     200 kB
20220313 061515.025 INFO             PET0 PIOc_freedecomp Enter - MemInfo: [/proc/self/status]	VmLib:	   39920 kB
20220313 061515.025 INFO             PET0 PIOc_freedecomp Enter - MemInfo: [/proc/self/status]	VmPTE:	     368 kB
20220313 061515.025 INFO             PET0 PIOc_freedecomp Enter - MemInfo: [/proc/self/status]	VmPMD:	      28 kB
20220313 061515.025 INFO             PET0 PIOc_freedecomp Enter - MemInfo: [/proc/self/status]	VmSwap:	       0 kB
20220313 061515.025 INFO             PET0 PIOc_freedecomp Enter - MemInfo: [/proc/self/status]	VmRSSPercent: 0.105925 %
20220313 061515.025 INFO             PET0 PIOc_freedecomp Enter - MemInfo: [malloc] Non-mmapped space allocated:               105963520 Byte
20220313 061515.025 INFO             PET0 PIOc_freedecomp Enter - MemInfo: [malloc] Space allocated in mmapped regions:                0 Byte
20220313 061515.025 INFO             PET0 PIOc_freedecomp Enter - MemInfo: [malloc] Maximum total allocated space:                     0 Byte
20220313 061515.025 INFO             PET0 PIOc_freedecomp Enter - MemInfo: [malloc] Space in freed fastbin blocks:                  1808 Byte
20220313 061515.025 INFO             PET0 PIOc_freedecomp Enter - MemInfo: [malloc] Total allocated space:                      70151616 Byte
20220313 061515.025 INFO             PET0 PIOc_freedecomp Enter - MemInfo: [malloc] Total free space:                           35811904 Byte
20220313 061515.025 INFO             PET0 PIOc_freedecomp Enter - MemInfo: [malloc] Top-most, releasable space:                 16909664 Byte
20220313 061515.025 INFO             PET0 PIOc_freedecomp Enter - MemInfo: [malloc] Total space in use, mmap + non-mmap:        70151616 Byte
20220313 061515.025 INFO             PET0 PIOc_freedecomp Enter - MemInfo: [malloc] Total space held (mmap + non-mmap):        105963520 Byte
20220313 061515.025 INFO             PET0 PIOc_freedecomp Enter - MemInfo: [malloc] Total space used (mmap + non-mmap):         70160944 Byte
20220313 061515.025 INFO             PET0 PIOc_freedecomp Enter - MemInfo: Wall-clock time since execution start:               0.164624 seconds
20220313 061515.025 INFO             PET0 PIOc_freedecomp Exit - MemInfo: [/proc/meminfo - SSI]	MemTotal:       65507008 kB
20220313 061515.026 INFO             PET0 PIOc_freedecomp Exit - MemInfo: [/proc/meminfo - SSI]	MemFree:        48801444 kB
20220313 061515.026 INFO             PET0 PIOc_freedecomp Exit - MemInfo: [/proc/meminfo - SSI]	MemAvailable:   48559612 kB
20220313 061515.026 INFO             PET0 PIOc_freedecomp Exit - MemInfo: [/proc/meminfo - SSI]	Committed_AS:   13238488 kB
20220313 061515.026 INFO             PET0 PIOc_freedecomp Exit - MemInfo: [/proc/meminfo - SSI]	CommittedPercent: 20.2093 %
20220313 061515.026 INFO             PET0 PIOc_freedecomp Exit - MemInfo: [/proc/self/status]	VmPeak:	65984308 kB
20220313 061515.026 INFO             PET0 PIOc_freedecomp Exit - MemInfo: [/proc/self/status]	VmSize:	65976120 kB
20220313 061515.026 INFO             PET0 PIOc_freedecomp Exit - MemInfo: [/proc/self/status]	VmLck:	       0 kB
20220313 061515.026 INFO             PET0 PIOc_freedecomp Exit - MemInfo: [/proc/self/status]	VmPin:	       0 kB
20220313 061515.026 INFO             PET0 PIOc_freedecomp Exit - MemInfo: [/proc/self/status]	VmHWM:	   70804 kB
20220313 061515.026 INFO             PET0 PIOc_freedecomp Exit - MemInfo: [/proc/self/status]	VmRSS:	   69388 kB
20220313 061515.026 INFO             PET0 PIOc_freedecomp Exit - MemInfo: [/proc/self/status]	VmData:	  106792 kB
20220313 061515.026 INFO             PET0 PIOc_freedecomp Exit - MemInfo: [/proc/self/status]	VmStk:	     144 kB
20220313 061515.026 INFO             PET0 PIOc_freedecomp Exit - MemInfo: [/proc/self/status]	VmExe:	     200 kB
20220313 061515.026 INFO             PET0 PIOc_freedecomp Exit - MemInfo: [/proc/self/status]	VmLib:	   39920 kB
20220313 061515.026 INFO             PET0 PIOc_freedecomp Exit - MemInfo: [/proc/self/status]	VmPTE:	     368 kB
20220313 061515.026 INFO             PET0 PIOc_freedecomp Exit - MemInfo: [/proc/self/status]	VmPMD:	      28 kB
20220313 061515.026 INFO             PET0 PIOc_freedecomp Exit - MemInfo: [/proc/self/status]	VmSwap:	       0 kB
20220313 061515.026 INFO             PET0 PIOc_freedecomp Exit - MemInfo: [/proc/self/status]	VmRSSPercent: 0.105925 %
20220313 061515.026 INFO             PET0 PIOc_freedecomp Exit - MemInfo: [malloc] Non-mmapped space allocated:               105963520 Byte
20220313 061515.026 INFO             PET0 PIOc_freedecomp Exit - MemInfo: [malloc] Space allocated in mmapped regions:                0 Byte
20220313 061515.026 INFO             PET0 PIOc_freedecomp Exit - MemInfo: [malloc] Maximum total allocated space:                     0 Byte
20220313 061515.026 INFO             PET0 PIOc_freedecomp Exit - MemInfo: [malloc] Space in freed fastbin blocks:                  1760 Byte
20220313 061515.026 INFO             PET0 PIOc_freedecomp Exit - MemInfo: [malloc] Total allocated space:                      70147088 Byte
20220313 061515.026 INFO             PET0 PIOc_freedecomp Exit - MemInfo: [malloc] Total free space:                           35816432 Byte
20220313 061515.026 INFO             PET0 PIOc_freedecomp Exit - MemInfo: [malloc] Top-most, releasable space:                 16909664 Byte
20220313 061515.026 INFO             PET0 PIOc_freedecomp Exit - MemInfo: [malloc] Total space in use, mmap + non-mmap:        70147088 Byte
20220313 061515.026 INFO             PET0 PIOc_freedecomp Exit - MemInfo: [malloc] Total space held (mmap + non-mmap):        105963520 Byte
20220313 061515.026 INFO             PET0 PIOc_freedecomp Exit - MemInfo: [malloc] Total space used (mmap + non-mmap):         70156416 Byte
20220313 061515.026 INFO             PET0 PIOc_freedecomp Exit - MemInfo: Wall-clock time since execution start:               0.164942 seconds
20220313 061515.026 INFO             PET0 PIOc_sync Enter - MemInfo: [/proc/meminfo - SSI]	MemTotal:       65507008 kB
20220313 061515.026 INFO             PET0 PIOc_sync Enter - MemInfo: [/proc/meminfo - SSI]	MemFree:        48801444 kB
20220313 061515.026 INFO             PET0 PIOc_sync Enter - MemInfo: [/proc/meminfo - SSI]	MemAvailable:   48559612 kB
20220313 061515.027 INFO             PET0 PIOc_sync Enter - MemInfo: [/proc/meminfo - SSI]	Committed_AS:   13238488 kB
20220313 061515.027 INFO             PET0 PIOc_sync Enter - MemInfo: [/proc/meminfo - SSI]	CommittedPercent: 20.2093 %
20220313 061515.027 INFO             PET0 PIOc_sync Enter - MemInfo: [/proc/self/status]	VmPeak:	65984308 kB
20220313 061515.027 INFO             PET0 PIOc_sync Enter - MemInfo: [/proc/self/status]	VmSize:	65976120 kB
20220313 061515.027 INFO             PET0 PIOc_sync Enter - MemInfo: [/proc/self/status]	VmLck:	       0 kB
20220313 061515.027 INFO             PET0 PIOc_sync Enter - MemInfo: [/proc/self/status]	VmPin:	       0 kB
20220313 061515.027 INFO             PET0 PIOc_sync Enter - MemInfo: [/proc/self/status]	VmHWM:	   70804 kB
20220313 061515.027 INFO             PET0 PIOc_sync Enter - MemInfo: [/proc/self/status]	VmRSS:	   69388 kB
20220313 061515.027 INFO             PET0 PIOc_sync Enter - MemInfo: [/proc/self/status]	VmData:	  106792 kB
20220313 061515.027 INFO             PET0 PIOc_sync Enter - MemInfo: [/proc/self/status]	VmStk:	     144 kB
20220313 061515.027 INFO             PET0 PIOc_sync Enter - MemInfo: [/proc/self/status]	VmExe:	     200 kB
20220313 061515.027 INFO             PET0 PIOc_sync Enter - MemInfo: [/proc/self/status]	VmLib:	   39920 kB
20220313 061515.027 INFO             PET0 PIOc_sync Enter - MemInfo: [/proc/self/status]	VmPTE:	     368 kB
20220313 061515.027 INFO             PET0 PIOc_sync Enter - MemInfo: [/proc/self/status]	VmPMD:	      28 kB
20220313 061515.027 INFO             PET0 PIOc_sync Enter - MemInfo: [/proc/self/status]	VmSwap:	       0 kB
20220313 061515.027 INFO             PET0 PIOc_sync Enter - MemInfo: [/proc/self/status]	VmRSSPercent: 0.105925 %
20220313 061515.027 INFO             PET0 PIOc_sync Enter - MemInfo: [malloc] Non-mmapped space allocated:               105963520 Byte
20220313 061515.027 INFO             PET0 PIOc_sync Enter - MemInfo: [malloc] Space allocated in mmapped regions:                0 Byte
20220313 061515.027 INFO             PET0 PIOc_sync Enter - MemInfo: [malloc] Maximum total allocated space:                     0 Byte
20220313 061515.027 INFO             PET0 PIOc_sync Enter - MemInfo: [malloc] Space in freed fastbin blocks:                  1504 Byte
20220313 061515.027 INFO             PET0 PIOc_sync Enter - MemInfo: [malloc] Total allocated space:                      86943696 Byte
20220313 061515.027 INFO             PET0 PIOc_sync Enter - MemInfo: [malloc] Total free space:                           19019824 Byte
20220313 061515.027 INFO             PET0 PIOc_sync Enter - MemInfo: [malloc] Top-most, releasable space:                 16909664 Byte
20220313 061515.027 INFO             PET0 PIOc_sync Enter - MemInfo: [malloc] Total space in use, mmap + non-mmap:        86943696 Byte
20220313 061515.027 INFO             PET0 PIOc_sync Enter - MemInfo: [malloc] Total space held (mmap + non-mmap):        105963520 Byte
20220313 061515.027 INFO             PET0 PIOc_sync Enter - MemInfo: [malloc] Total space used (mmap + non-mmap):         86953024 Byte
20220313 061515.027 INFO             PET0 PIOc_sync Enter - MemInfo: Wall-clock time since execution start:                0.16594 seconds
20220313 061515.029 INFO             PET0 PIOc_sync Exit - MemInfo: [/proc/meminfo - SSI]	MemTotal:       65507008 kB
20220313 061515.029 INFO             PET0 PIOc_sync Exit - MemInfo: [/proc/meminfo - SSI]	MemFree:        48801444 kB
20220313 061515.029 INFO             PET0 PIOc_sync Exit - MemInfo: [/proc/meminfo - SSI]	MemAvailable:   48559612 kB
20220313 061515.029 INFO             PET0 PIOc_sync Exit - MemInfo: [/proc/meminfo - SSI]	Committed_AS:   13238488 kB
20220313 061515.029 INFO             PET0 PIOc_sync Exit - MemInfo: [/proc/meminfo - SSI]	CommittedPercent: 20.2093 %
20220313 061515.029 INFO             PET0 PIOc_sync Exit - MemInfo: [/proc/self/status]	VmPeak:	65984308 kB
20220313 061515.029 INFO             PET0 PIOc_sync Exit - MemInfo: [/proc/self/status]	VmSize:	65976120 kB
20220313 061515.029 INFO             PET0 PIOc_sync Exit - MemInfo: [/proc/self/status]	VmLck:	       0 kB
20220313 061515.029 INFO             PET0 PIOc_sync Exit - MemInfo: [/proc/self/status]	VmPin:	       0 kB
20220313 061515.029 INFO             PET0 PIOc_sync Exit - MemInfo: [/proc/self/status]	VmHWM:	   70804 kB
20220313 061515.029 INFO             PET0 PIOc_sync Exit - MemInfo: [/proc/self/status]	VmRSS:	   69388 kB
20220313 061515.029 INFO             PET0 PIOc_sync Exit - MemInfo: [/proc/self/status]	VmData:	  106792 kB
20220313 061515.029 INFO             PET0 PIOc_sync Exit - MemInfo: [/proc/self/status]	VmStk:	     144 kB
20220313 061515.029 INFO             PET0 PIOc_sync Exit - MemInfo: [/proc/self/status]	VmExe:	     200 kB
20220313 061515.029 INFO             PET0 PIOc_sync Exit - MemInfo: [/proc/self/status]	VmLib:	   39920 kB
20220313 061515.029 INFO             PET0 PIOc_sync Exit - MemInfo: [/proc/self/status]	VmPTE:	     368 kB
20220313 061515.029 INFO             PET0 PIOc_sync Exit - MemInfo: [/proc/self/status]	VmPMD:	      28 kB
20220313 061515.029 INFO             PET0 PIOc_sync Exit - MemInfo: [/proc/self/status]	VmSwap:	       0 kB
20220313 061515.029 INFO             PET0 PIOc_sync Exit - MemInfo: [/proc/self/status]	VmRSSPercent: 0.105925 %
20220313 061515.029 INFO             PET0 PIOc_sync Exit - MemInfo: [malloc] Non-mmapped space allocated:               105963520 Byte
20220313 061515.029 INFO             PET0 PIOc_sync Exit - MemInfo: [malloc] Space allocated in mmapped regions:                0 Byte
20220313 061515.029 INFO             PET0 PIOc_sync Exit - MemInfo: [malloc] Maximum total allocated space:                     0 Byte
20220313 061515.029 INFO             PET0 PIOc_sync Exit - MemInfo: [malloc] Space in freed fastbin blocks:                  1120 Byte
20220313 061515.029 INFO             PET0 PIOc_sync Exit - MemInfo: [malloc] Total allocated space:                      86942880 Byte
20220313 061515.029 INFO             PET0 PIOc_sync Exit - MemInfo: [malloc] Total free space:                           19020640 Byte
20220313 061515.029 INFO             PET0 PIOc_sync Exit - MemInfo: [malloc] Top-most, releasable space:                 16909664 Byte
20220313 061515.029 INFO             PET0 PIOc_sync Exit - MemInfo: [malloc] Total space in use, mmap + non-mmap:        86942880 Byte
20220313 061515.029 INFO             PET0 PIOc_sync Exit - MemInfo: [malloc] Total space held (mmap + non-mmap):        105963520 Byte
20220313 061515.029 INFO             PET0 PIOc_sync Exit - MemInfo: [malloc] Total space used (mmap + non-mmap):         86952208 Byte
20220313 061515.029 INFO             PET0 PIOc_sync Exit - MemInfo: Wall-clock time since execution start:               0.168361 seconds
20220313 061515.029 INFO             PET0 PIOc_freedecomp Enter - MemInfo: [/proc/meminfo - SSI]	MemTotal:       65507008 kB
20220313 061515.029 INFO             PET0 PIOc_freedecomp Enter - MemInfo: [/proc/meminfo - SSI]	MemFree:        48801444 kB
20220313 061515.029 INFO             PET0 PIOc_freedecomp Enter - MemInfo: [/proc/meminfo - SSI]	MemAvailable:   48559612 kB
20220313 061515.029 INFO             PET0 PIOc_freedecomp Enter - MemInfo: [/proc/meminfo - SSI]	Committed_AS:   13238488 kB
20220313 061515.029 INFO             PET0 PIOc_freedecomp Enter - MemInfo: [/proc/meminfo - SSI]	CommittedPercent: 20.2093 %
20220313 061515.029 INFO             PET0 PIOc_freedecomp Enter - MemInfo: [/proc/self/status]	VmPeak:	65984308 kB
20220313 061515.029 INFO             PET0 PIOc_freedecomp Enter - MemInfo: [/proc/self/status]	VmSize:	65976120 kB
20220313 061515.029 INFO             PET0 PIOc_freedecomp Enter - MemInfo: [/proc/self/status]	VmLck:	       0 kB
20220313 061515.029 INFO             PET0 PIOc_freedecomp Enter - MemInfo: [/proc/self/status]	VmPin:	       0 kB
20220313 061515.029 INFO             PET0 PIOc_freedecomp Enter - MemInfo: [/proc/self/status]	VmHWM:	   70804 kB
20220313 061515.029 INFO             PET0 PIOc_freedecomp Enter - MemInfo: [/proc/self/status]	VmRSS:	   69388 kB
20220313 061515.029 INFO             PET0 PIOc_freedecomp Enter - MemInfo: [/proc/self/status]	VmData:	  106792 kB
20220313 061515.029 INFO             PET0 PIOc_freedecomp Enter - MemInfo: [/proc/self/status]	VmStk:	     144 kB
20220313 061515.029 INFO             PET0 PIOc_freedecomp Enter - MemInfo: [/proc/self/status]	VmExe:	     200 kB
20220313 061515.029 INFO             PET0 PIOc_freedecomp Enter - MemInfo: [/proc/self/status]	VmLib:	   39920 kB
20220313 061515.029 INFO             PET0 PIOc_freedecomp Enter - MemInfo: [/proc/self/status]	VmPTE:	     368 kB
20220313 061515.029 INFO             PET0 PIOc_freedecomp Enter - MemInfo: [/proc/self/status]	VmPMD:	      28 kB
20220313 061515.029 INFO             PET0 PIOc_freedecomp Enter - MemInfo: [/proc/self/status]	VmSwap:	       0 kB
20220313 061515.030 INFO             PET0 PIOc_freedecomp Enter - MemInfo: [/proc/self/status]	VmRSSPercent: 0.105925 %
20220313 061515.030 INFO             PET0 PIOc_freedecomp Enter - MemInfo: [malloc] Non-mmapped space allocated:               105963520 Byte
20220313 061515.030 INFO             PET0 PIOc_freedecomp Enter - MemInfo: [malloc] Space allocated in mmapped regions:                0 Byte
20220313 061515.030 INFO             PET0 PIOc_freedecomp Enter - MemInfo: [malloc] Maximum total allocated space:                     0 Byte
20220313 061515.030 INFO             PET0 PIOc_freedecomp Enter - MemInfo: [malloc] Space in freed fastbin blocks:                  2080 Byte
20220313 061515.030 INFO             PET0 PIOc_freedecomp Enter - MemInfo: [malloc] Total allocated space:                      70151632 Byte
20220313 061515.030 INFO             PET0 PIOc_freedecomp Enter - MemInfo: [malloc] Total free space:                           35811888 Byte
20220313 061515.030 INFO             PET0 PIOc_freedecomp Enter - MemInfo: [malloc] Top-most, releasable space:                 16909664 Byte
20220313 061515.030 INFO             PET0 PIOc_freedecomp Enter - MemInfo: [malloc] Total space in use, mmap + non-mmap:        70151632 Byte
20220313 061515.030 INFO             PET0 PIOc_freedecomp Enter - MemInfo: [malloc] Total space held (mmap + non-mmap):        105963520 Byte
20220313 061515.030 INFO             PET0 PIOc_freedecomp Enter - MemInfo: [malloc] Total space used (mmap + non-mmap):         70160960 Byte
20220313 061515.030 INFO             PET0 PIOc_freedecomp Enter - MemInfo: Wall-clock time since execution start:               0.168781 seconds
20220313 061515.030 INFO             PET0 PIOc_freedecomp Exit - MemInfo: [/proc/meminfo - SSI]	MemTotal:       65507008 kB
20220313 061515.030 INFO             PET0 PIOc_freedecomp Exit - MemInfo: [/proc/meminfo - SSI]	MemFree:        48801444 kB
20220313 061515.030 INFO             PET0 PIOc_freedecomp Exit - MemInfo: [/proc/meminfo - SSI]	MemAvailable:   48559612 kB
20220313 061515.030 INFO             PET0 PIOc_freedecomp Exit - MemInfo: [/proc/meminfo - SSI]	Committed_AS:   13238488 kB
20220313 061515.030 INFO             PET0 PIOc_freedecomp Exit - MemInfo: [/proc/meminfo - SSI]	CommittedPercent: 20.2093 %
20220313 061515.030 INFO             PET0 PIOc_freedecomp Exit - MemInfo: [/proc/self/status]	VmPeak:	65984308 kB
20220313 061515.030 INFO             PET0 PIOc_freedecomp Exit - MemInfo: [/proc/self/status]	VmSize:	65976120 kB
20220313 061515.030 INFO             PET0 PIOc_freedecomp Exit - MemInfo: [/proc/self/status]	VmLck:	       0 kB
20220313 061515.030 INFO             PET0 PIOc_freedecomp Exit - MemInfo: [/proc/self/status]	VmPin:	       0 kB
20220313 061515.030 INFO             PET0 PIOc_freedecomp Exit - MemInfo: [/proc/self/status]	VmHWM:	   70804 kB
20220313 061515.030 INFO             PET0 PIOc_freedecomp Exit - MemInfo: [/proc/self/status]	VmRSS:	   69388 kB
20220313 061515.030 INFO             PET0 PIOc_freedecomp Exit - MemInfo: [/proc/self/status]	VmData:	  106792 kB
20220313 061515.030 INFO             PET0 PIOc_freedecomp Exit - MemInfo: [/proc/self/status]	VmStk:	     144 kB
20220313 061515.030 INFO             PET0 PIOc_freedecomp Exit - MemInfo: [/proc/self/status]	VmExe:	     200 kB
20220313 061515.030 INFO             PET0 PIOc_freedecomp Exit - MemInfo: [/proc/self/status]	VmLib:	   39920 kB
20220313 061515.030 INFO             PET0 PIOc_freedecomp Exit - MemInfo: [/proc/self/status]	VmPTE:	     368 kB
20220313 061515.030 INFO             PET0 PIOc_freedecomp Exit - MemInfo: [/proc/self/status]	VmPMD:	      28 kB
20220313 061515.030 INFO             PET0 PIOc_freedecomp Exit - MemInfo: [/proc/self/status]	VmSwap:	       0 kB
20220313 061515.030 INFO             PET0 PIOc_freedecomp Exit - MemInfo: [/proc/self/status]	VmRSSPercent: 0.105925 %
20220313 061515.030 INFO             PET0 PIOc_freedecomp Exit - MemInfo: [malloc] Non-mmapped space allocated:               105963520 Byte
20220313 061515.030 INFO             PET0 PIOc_freedecomp Exit - MemInfo: [malloc] Space allocated in mmapped regions:                0 Byte
20220313 061515.030 INFO             PET0 PIOc_freedecomp Exit - MemInfo: [malloc] Maximum total allocated space:                     0 Byte
20220313 061515.030 INFO             PET0 PIOc_freedecomp Exit - MemInfo: [malloc] Space in freed fastbin blocks:                  1984 Byte
20220313 061515.030 INFO             PET0 PIOc_freedecomp Exit - MemInfo: [malloc] Total allocated space:                      70147088 Byte
20220313 061515.030 INFO             PET0 PIOc_freedecomp Exit - MemInfo: [malloc] Total free space:                           35816432 Byte
20220313 061515.030 INFO             PET0 PIOc_freedecomp Exit - MemInfo: [malloc] Top-most, releasable space:                 16909664 Byte
20220313 061515.030 INFO             PET0 PIOc_freedecomp Exit - MemInfo: [malloc] Total space in use, mmap + non-mmap:        70147088 Byte
20220313 061515.030 INFO             PET0 PIOc_freedecomp Exit - MemInfo: [malloc] Total space held (mmap + non-mmap):        105963520 Byte
20220313 061515.030 INFO             PET0 PIOc_freedecomp Exit - MemInfo: [malloc] Total space used (mmap + non-mmap):         70156416 Byte
20220313 061515.030 INFO             PET0 PIOc_freedecomp Exit - MemInfo: Wall-clock time since execution start:               0.169098 seconds
20220313 061515.032 INFO             PET0  PASS  ESMF_FieldRegridStoreFromFile Unit Test, ESMF_FieldSMMFromFileUTest.F90, line 315
20220313 061515.032 INFO             PET0  Ending Test, file ESMF_FieldSMMFromFileUTest.F90, line 322
20220313 061515.033 INFO             PET0 Finalizing ESMF
20220313 061514.862 INFO             PET1 !!!!!!!!!!!!!!!!!!!!!!!!!!!!!!!!!!!!!!!!!!!!!!!!!!!!!!
20220313 061514.862 INFO             PET1 !!! THE ESMF_LOG IS SET TO OUTPUT ALL LOG MESSAGES !!!
20220313 061514.862 INFO             PET1 !!!     THIS MAY CAUSE SLOWDOWN IN PERFORMANCE     !!!
20220313 061514.862 INFO             PET1 !!! FOR PRODUCTION RUNS, USE:                      !!!
20220313 061514.862 INFO             PET1 !!!                   ESMF_LOGKIND_Multi_On_Error  !!!
20220313 061514.862 INFO             PET1 !!!!!!!!!!!!!!!!!!!!!!!!!!!!!!!!!!!!!!!!!!!!!!!!!!!!!!
20220313 061514.862 INFO             PET1 Running with ESMF Version   : v8.3.0b09-96-g559b459836
20220313 061514.862 INFO             PET1 ESMF library build date/time: "Mar 13 2022" "06:00:22"
20220313 061514.862 INFO             PET1 ESMF library build location : /glade/scratch/rlong/esmf-testing/gfortran_9.1.0_mpt_O_jedwards_pio_update2
20220313 061514.862 INFO             PET1 ESMF_COMM                   : mpt
20220313 061514.862 INFO             PET1 ESMF_MOAB                   : enabled
20220313 061514.862 INFO             PET1 ESMF_LAPACK                 : enabled
20220313 061514.862 INFO             PET1 ESMF_NETCDF                 : enabled
20220313 061514.862 INFO             PET1 ESMF_PNETCDF                : disabled
20220313 061514.862 INFO             PET1 ESMF_PIO                    : enabled
20220313 061514.862 INFO             PET1 ESMF_YAMLCPP                : enabled
20220313 061514.863 INFO             PET1  Beginning Test, file ESMF_FieldSMMFromFileUTest.F90, line 287
20220313 061514.863 INFO             PET1  NUMBER_OF_PROCESSORS           4
20220313 061515.009 INFO             PET1  PASS  ESMF_FieldSMMFromFile Unit Test, ESMF_FieldSMMFromFileUTest.F90, line 300
20220313 061515.019 INFO             PET1 PIOc_sync Enter - MemInfo: [/proc/meminfo - SSI]	MemTotal:       65507008 kB
20220313 061515.019 INFO             PET1 PIOc_sync Enter - MemInfo: [/proc/meminfo - SSI]	MemFree:        48801444 kB
20220313 061515.019 INFO             PET1 PIOc_sync Enter - MemInfo: [/proc/meminfo - SSI]	MemAvailable:   48559612 kB
20220313 061515.019 INFO             PET1 PIOc_sync Enter - MemInfo: [/proc/meminfo - SSI]	Committed_AS:   13238488 kB
20220313 061515.019 INFO             PET1 PIOc_sync Enter - MemInfo: [/proc/meminfo - SSI]	CommittedPercent: 20.2093 %
20220313 061515.019 INFO             PET1 PIOc_sync Enter - MemInfo: [/proc/self/status]	VmPeak:	65935140 kB
20220313 061515.019 INFO             PET1 PIOc_sync Enter - MemInfo: [/proc/self/status]	VmSize:	65926952 kB
20220313 061515.019 INFO             PET1 PIOc_sync Enter - MemInfo: [/proc/self/status]	VmLck:	       0 kB
20220313 061515.019 INFO             PET1 PIOc_sync Enter - MemInfo: [/proc/self/status]	VmPin:	       0 kB
20220313 061515.019 INFO             PET1 PIOc_sync Enter - MemInfo: [/proc/self/status]	VmHWM:	   37048 kB
20220313 061515.019 INFO             PET1 PIOc_sync Enter - MemInfo: [/proc/self/status]	VmRSS:	   36060 kB
20220313 061515.019 INFO             PET1 PIOc_sync Enter - MemInfo: [/proc/self/status]	VmData:	   57624 kB
20220313 061515.019 INFO             PET1 PIOc_sync Enter - MemInfo: [/proc/self/status]	VmStk:	     144 kB
20220313 061515.019 INFO             PET1 PIOc_sync Enter - MemInfo: [/proc/self/status]	VmExe:	     200 kB
20220313 061515.019 INFO             PET1 PIOc_sync Enter - MemInfo: [/proc/self/status]	VmLib:	   39920 kB
20220313 061515.019 INFO             PET1 PIOc_sync Enter - MemInfo: [/proc/self/status]	VmPTE:	     300 kB
20220313 061515.019 INFO             PET1 PIOc_sync Enter - MemInfo: [/proc/self/status]	VmPMD:	      28 kB
20220313 061515.019 INFO             PET1 PIOc_sync Enter - MemInfo: [/proc/self/status]	VmSwap:	       0 kB
20220313 061515.019 INFO             PET1 PIOc_sync Enter - MemInfo: [/proc/self/status]	VmRSSPercent: 0.0550475 %
20220313 061515.019 INFO             PET1 PIOc_sync Enter - MemInfo: [malloc] Non-mmapped space allocated:                55615488 Byte
20220313 061515.022 INFO             PET1 PIOc_sync Enter - MemInfo: [malloc] Space allocated in mmapped regions:                0 Byte
20220313 061515.022 INFO             PET1 PIOc_sync Enter - MemInfo: [malloc] Maximum total allocated space:                     0 Byte
20220313 061515.022 INFO             PET1 PIOc_sync Enter - MemInfo: [malloc] Space in freed fastbin blocks:                  2816 Byte
20220313 061515.022 INFO             PET1 PIOc_sync Enter - MemInfo: [malloc] Total allocated space:                      36659184 Byte
20220313 061515.022 INFO             PET1 PIOc_sync Enter - MemInfo: [malloc] Total free space:                           18956304 Byte
20220313 061515.022 INFO             PET1 PIOc_sync Enter - MemInfo: [malloc] Top-most, releasable space:                 16908976 Byte
20220313 061515.022 INFO             PET1 PIOc_sync Enter - MemInfo: [malloc] Total space in use, mmap + non-mmap:        36659184 Byte
20220313 061515.022 INFO             PET1 PIOc_sync Enter - MemInfo: [malloc] Total space held (mmap + non-mmap):         55615488 Byte
20220313 061515.022 INFO             PET1 PIOc_sync Enter - MemInfo: [malloc] Total space used (mmap + non-mmap):         36668512 Byte
20220313 061515.022 INFO             PET1 PIOc_sync Enter - MemInfo: Wall-clock time since execution start:               0.161421 seconds
20220313 061515.022 INFO             PET1 PIOc_sync Exit - MemInfo: [/proc/meminfo - SSI]	MemTotal:       65507008 kB
20220313 061515.022 INFO             PET1 PIOc_sync Exit - MemInfo: [/proc/meminfo - SSI]	MemFree:        48801444 kB
20220313 061515.022 INFO             PET1 PIOc_sync Exit - MemInfo: [/proc/meminfo - SSI]	MemAvailable:   48559612 kB
20220313 061515.022 INFO             PET1 PIOc_sync Exit - MemInfo: [/proc/meminfo - SSI]	Committed_AS:   13238488 kB
20220313 061515.022 INFO             PET1 PIOc_sync Exit - MemInfo: [/proc/meminfo - SSI]	CommittedPercent: 20.2093 %
20220313 061515.022 INFO             PET1 PIOc_sync Exit - MemInfo: [/proc/self/status]	VmPeak:	65935140 kB
20220313 061515.022 INFO             PET1 PIOc_sync Exit - MemInfo: [/proc/self/status]	VmSize:	65926952 kB
20220313 061515.022 INFO             PET1 PIOc_sync Exit - MemInfo: [/proc/self/status]	VmLck:	       0 kB
20220313 061515.022 INFO             PET1 PIOc_sync Exit - MemInfo: [/proc/self/status]	VmPin:	       0 kB
20220313 061515.022 INFO             PET1 PIOc_sync Exit - MemInfo: [/proc/self/status]	VmHWM:	   37048 kB
20220313 061515.022 INFO             PET1 PIOc_sync Exit - MemInfo: [/proc/self/status]	VmRSS:	   36120 kB
20220313 061515.023 INFO             PET1 PIOc_sync Exit - MemInfo: [/proc/self/status]	VmData:	   57624 kB
20220313 061515.023 INFO             PET1 PIOc_sync Exit - MemInfo: [/proc/self/status]	VmStk:	     144 kB
20220313 061515.023 INFO             PET1 PIOc_sync Exit - MemInfo: [/proc/self/status]	VmExe:	     200 kB
20220313 061515.023 INFO             PET1 PIOc_sync Exit - MemInfo: [/proc/self/status]	VmLib:	   39920 kB
20220313 061515.023 INFO             PET1 PIOc_sync Exit - MemInfo: [/proc/self/status]	VmPTE:	     300 kB
20220313 061515.023 INFO             PET1 PIOc_sync Exit - MemInfo: [/proc/self/status]	VmPMD:	      28 kB
20220313 061515.023 INFO             PET1 PIOc_sync Exit - MemInfo: [/proc/self/status]	VmSwap:	       0 kB
20220313 061515.023 INFO             PET1 PIOc_sync Exit - MemInfo: [/proc/self/status]	VmRSSPercent: 0.0551391 %
20220313 061515.023 INFO             PET1 PIOc_sync Exit - MemInfo: [malloc] Non-mmapped space allocated:                55615488 Byte
20220313 061515.023 INFO             PET1 PIOc_sync Exit - MemInfo: [malloc] Space allocated in mmapped regions:                0 Byte
20220313 061515.023 INFO             PET1 PIOc_sync Exit - MemInfo: [malloc] Maximum total allocated space:                     0 Byte
20220313 061515.023 INFO             PET1 PIOc_sync Exit - MemInfo: [malloc] Space in freed fastbin blocks:                  1488 Byte
20220313 061515.023 INFO             PET1 PIOc_sync Exit - MemInfo: [malloc] Total allocated space:                      36657952 Byte
20220313 061515.023 INFO             PET1 PIOc_sync Exit - MemInfo: [malloc] Total free space:                           18957536 Byte
20220313 061515.023 INFO             PET1 PIOc_sync Exit - MemInfo: [malloc] Top-most, releasable space:                 16908976 Byte
20220313 061515.023 INFO             PET1 PIOc_sync Exit - MemInfo: [malloc] Total space in use, mmap + non-mmap:        36657952 Byte
20220313 061515.023 INFO             PET1 PIOc_sync Exit - MemInfo: [malloc] Total space held (mmap + non-mmap):         55615488 Byte
20220313 061515.023 INFO             PET1 PIOc_sync Exit - MemInfo: [malloc] Total space used (mmap + non-mmap):         36667280 Byte
20220313 061515.023 INFO             PET1 PIOc_sync Exit - MemInfo: Wall-clock time since execution start:               0.161826 seconds
20220313 061515.023 INFO             PET1 PIOc_freedecomp Enter - MemInfo: [/proc/meminfo - SSI]	MemTotal:       65507008 kB
20220313 061515.023 INFO             PET1 PIOc_freedecomp Enter - MemInfo: [/proc/meminfo - SSI]	MemFree:        48801444 kB
20220313 061515.023 INFO             PET1 PIOc_freedecomp Enter - MemInfo: [/proc/meminfo - SSI]	MemAvailable:   48559612 kB
20220313 061515.023 INFO             PET1 PIOc_freedecomp Enter - MemInfo: [/proc/meminfo - SSI]	Committed_AS:   13238488 kB
20220313 061515.023 INFO             PET1 PIOc_freedecomp Enter - MemInfo: [/proc/meminfo - SSI]	CommittedPercent: 20.2093 %
20220313 061515.023 INFO             PET1 PIOc_freedecomp Enter - MemInfo: [/proc/self/status]	VmPeak:	65935140 kB
20220313 061515.023 INFO             PET1 PIOc_freedecomp Enter - MemInfo: [/proc/self/status]	VmSize:	65926952 kB
20220313 061515.023 INFO             PET1 PIOc_freedecomp Enter - MemInfo: [/proc/self/status]	VmLck:	       0 kB
20220313 061515.023 INFO             PET1 PIOc_freedecomp Enter - MemInfo: [/proc/self/status]	VmPin:	       0 kB
20220313 061515.023 INFO             PET1 PIOc_freedecomp Enter - MemInfo: [/proc/self/status]	VmHWM:	   37048 kB
20220313 061515.023 INFO             PET1 PIOc_freedecomp Enter - MemInfo: [/proc/self/status]	VmRSS:	   36120 kB
20220313 061515.023 INFO             PET1 PIOc_freedecomp Enter - MemInfo: [/proc/self/status]	VmData:	   57624 kB
20220313 061515.023 INFO             PET1 PIOc_freedecomp Enter - MemInfo: [/proc/self/status]	VmStk:	     144 kB
20220313 061515.023 INFO             PET1 PIOc_freedecomp Enter - MemInfo: [/proc/self/status]	VmExe:	     200 kB
20220313 061515.023 INFO             PET1 PIOc_freedecomp Enter - MemInfo: [/proc/self/status]	VmLib:	   39920 kB
20220313 061515.023 INFO             PET1 PIOc_freedecomp Enter - MemInfo: [/proc/self/status]	VmPTE:	     300 kB
20220313 061515.023 INFO             PET1 PIOc_freedecomp Enter - MemInfo: [/proc/self/status]	VmPMD:	      28 kB
20220313 061515.023 INFO             PET1 PIOc_freedecomp Enter - MemInfo: [/proc/self/status]	VmSwap:	       0 kB
20220313 061515.023 INFO             PET1 PIOc_freedecomp Enter - MemInfo: [/proc/self/status]	VmRSSPercent: 0.0551391 %
20220313 061515.023 INFO             PET1 PIOc_freedecomp Enter - MemInfo: [malloc] Non-mmapped space allocated:                55615488 Byte
20220313 061515.023 INFO             PET1 PIOc_freedecomp Enter - MemInfo: [malloc] Space allocated in mmapped regions:                0 Byte
20220313 061515.023 INFO             PET1 PIOc_freedecomp Enter - MemInfo: [malloc] Maximum total allocated space:                     0 Byte
20220313 061515.023 INFO             PET1 PIOc_freedecomp Enter - MemInfo: [malloc] Space in freed fastbin blocks:                  1456 Byte
20220313 061515.023 INFO             PET1 PIOc_freedecomp Enter - MemInfo: [malloc] Total allocated space:                      36656256 Byte
20220313 061515.023 INFO             PET1 PIOc_freedecomp Enter - MemInfo: [malloc] Total free space:                           18959232 Byte
20220313 061515.023 INFO             PET1 PIOc_freedecomp Enter - MemInfo: [malloc] Top-most, releasable space:                 16908976 Byte
20220313 061515.023 INFO             PET1 PIOc_freedecomp Enter - MemInfo: [malloc] Total space in use, mmap + non-mmap:        36656256 Byte
20220313 061515.023 INFO             PET1 PIOc_freedecomp Enter - MemInfo: [malloc] Total space held (mmap + non-mmap):         55615488 Byte
20220313 061515.023 INFO             PET1 PIOc_freedecomp Enter - MemInfo: [malloc] Total space used (mmap + non-mmap):         36665584 Byte
20220313 061515.023 INFO             PET1 PIOc_freedecomp Enter - MemInfo: Wall-clock time since execution start:               0.162192 seconds
20220313 061515.023 INFO             PET1 PIOc_freedecomp Exit - MemInfo: [/proc/meminfo - SSI]	MemTotal:       65507008 kB
20220313 061515.023 INFO             PET1 PIOc_freedecomp Exit - MemInfo: [/proc/meminfo - SSI]	MemFree:        48801444 kB
20220313 061515.023 INFO             PET1 PIOc_freedecomp Exit - MemInfo: [/proc/meminfo - SSI]	MemAvailable:   48559612 kB
20220313 061515.023 INFO             PET1 PIOc_freedecomp Exit - MemInfo: [/proc/meminfo - SSI]	Committed_AS:   13238488 kB
20220313 061515.023 INFO             PET1 PIOc_freedecomp Exit - MemInfo: [/proc/meminfo - SSI]	CommittedPercent: 20.2093 %
20220313 061515.023 INFO             PET1 PIOc_freedecomp Exit - MemInfo: [/proc/self/status]	VmPeak:	65935140 kB
20220313 061515.023 INFO             PET1 PIOc_freedecomp Exit - MemInfo: [/proc/self/status]	VmSize:	65926952 kB
20220313 061515.023 INFO             PET1 PIOc_freedecomp Exit - MemInfo: [/proc/self/status]	VmLck:	       0 kB
20220313 061515.023 INFO             PET1 PIOc_freedecomp Exit - MemInfo: [/proc/self/status]	VmPin:	       0 kB
20220313 061515.023 INFO             PET1 PIOc_freedecomp Exit - MemInfo: [/proc/self/status]	VmHWM:	   37048 kB
20220313 061515.023 INFO             PET1 PIOc_freedecomp Exit - MemInfo: [/proc/self/status]	VmRSS:	   36120 kB
20220313 061515.023 INFO             PET1 PIOc_freedecomp Exit - MemInfo: [/proc/self/status]	VmData:	   57624 kB
20220313 061515.023 INFO             PET1 PIOc_freedecomp Exit - MemInfo: [/proc/self/status]	VmStk:	     144 kB
20220313 061515.023 INFO             PET1 PIOc_freedecomp Exit - MemInfo: [/proc/self/status]	VmExe:	     200 kB
20220313 061515.023 INFO             PET1 PIOc_freedecomp Exit - MemInfo: [/proc/self/status]	VmLib:	   39920 kB
20220313 061515.023 INFO             PET1 PIOc_freedecomp Exit - MemInfo: [/proc/self/status]	VmPTE:	     300 kB
20220313 061515.023 INFO             PET1 PIOc_freedecomp Exit - MemInfo: [/proc/self/status]	VmPMD:	      28 kB
20220313 061515.023 INFO             PET1 PIOc_freedecomp Exit - MemInfo: [/proc/self/status]	VmSwap:	       0 kB
20220313 061515.023 INFO             PET1 PIOc_freedecomp Exit - MemInfo: [/proc/self/status]	VmRSSPercent: 0.0551391 %
20220313 061515.023 INFO             PET1 PIOc_freedecomp Exit - MemInfo: [malloc] Non-mmapped space allocated:                55615488 Byte
20220313 061515.023 INFO             PET1 PIOc_freedecomp Exit - MemInfo: [malloc] Space allocated in mmapped regions:                0 Byte
20220313 061515.023 INFO             PET1 PIOc_freedecomp Exit - MemInfo: [malloc] Maximum total allocated space:                     0 Byte
20220313 061515.023 INFO             PET1 PIOc_freedecomp Exit - MemInfo: [malloc] Space in freed fastbin blocks:                  1712 Byte
20220313 061515.023 INFO             PET1 PIOc_freedecomp Exit - MemInfo: [malloc] Total allocated space:                      36653968 Byte
20220313 061515.023 INFO             PET1 PIOc_freedecomp Exit - MemInfo: [malloc] Total free space:                           18961520 Byte
20220313 061515.023 INFO             PET1 PIOc_freedecomp Exit - MemInfo: [malloc] Top-most, releasable space:                 16908976 Byte
20220313 061515.023 INFO             PET1 PIOc_freedecomp Exit - MemInfo: [malloc] Total space in use, mmap + non-mmap:        36653968 Byte
20220313 061515.023 INFO             PET1 PIOc_freedecomp Exit - MemInfo: [malloc] Total space held (mmap + non-mmap):         55615488 Byte
20220313 061515.023 INFO             PET1 PIOc_freedecomp Exit - MemInfo: [malloc] Total space used (mmap + non-mmap):         36663296 Byte
20220313 061515.023 INFO             PET1 PIOc_freedecomp Exit - MemInfo: Wall-clock time since execution start:               0.162511 seconds
20220313 061515.024 INFO             PET1 PIOc_sync Enter - MemInfo: [/proc/meminfo - SSI]	MemTotal:       65507008 kB
20220313 061515.024 INFO             PET1 PIOc_sync Enter - MemInfo: [/proc/meminfo - SSI]	MemFree:        48801444 kB
20220313 061515.024 INFO             PET1 PIOc_sync Enter - MemInfo: [/proc/meminfo - SSI]	MemAvailable:   48559612 kB
20220313 061515.024 INFO             PET1 PIOc_sync Enter - MemInfo: [/proc/meminfo - SSI]	Committed_AS:   13238488 kB
20220313 061515.024 INFO             PET1 PIOc_sync Enter - MemInfo: [/proc/meminfo - SSI]	CommittedPercent: 20.2093 %
20220313 061515.025 INFO             PET1 PIOc_sync Enter - MemInfo: [/proc/self/status]	VmPeak:	65935140 kB
20220313 061515.025 INFO             PET1 PIOc_sync Enter - MemInfo: [/proc/self/status]	VmSize:	65926952 kB
20220313 061515.025 INFO             PET1 PIOc_sync Enter - MemInfo: [/proc/self/status]	VmLck:	       0 kB
20220313 061515.025 INFO             PET1 PIOc_sync Enter - MemInfo: [/proc/self/status]	VmPin:	       0 kB
20220313 061515.025 INFO             PET1 PIOc_sync Enter - MemInfo: [/proc/self/status]	VmHWM:	   37048 kB
20220313 061515.025 INFO             PET1 PIOc_sync Enter - MemInfo: [/proc/self/status]	VmRSS:	   36124 kB
20220313 061515.025 INFO             PET1 PIOc_sync Enter - MemInfo: [/proc/self/status]	VmData:	   57624 kB
20220313 061515.025 INFO             PET1 PIOc_sync Enter - MemInfo: [/proc/self/status]	VmStk:	     144 kB
20220313 061515.025 INFO             PET1 PIOc_sync Enter - MemInfo: [/proc/self/status]	VmExe:	     200 kB
20220313 061515.025 INFO             PET1 PIOc_sync Enter - MemInfo: [/proc/self/status]	VmLib:	   39920 kB
20220313 061515.025 INFO             PET1 PIOc_sync Enter - MemInfo: [/proc/self/status]	VmPTE:	     300 kB
20220313 061515.025 INFO             PET1 PIOc_sync Enter - MemInfo: [/proc/self/status]	VmPMD:	      28 kB
20220313 061515.025 INFO             PET1 PIOc_sync Enter - MemInfo: [/proc/self/status]	VmSwap:	       0 kB
20220313 061515.025 INFO             PET1 PIOc_sync Enter - MemInfo: [/proc/self/status]	VmRSSPercent: 0.0551452 %
20220313 061515.025 INFO             PET1 PIOc_sync Enter - MemInfo: [malloc] Non-mmapped space allocated:                55615488 Byte
20220313 061515.025 INFO             PET1 PIOc_sync Enter - MemInfo: [malloc] Space allocated in mmapped regions:                0 Byte
20220313 061515.025 INFO             PET1 PIOc_sync Enter - MemInfo: [malloc] Maximum total allocated space:                     0 Byte
20220313 061515.025 INFO             PET1 PIOc_sync Enter - MemInfo: [malloc] Space in freed fastbin blocks:                  2832 Byte
20220313 061515.025 INFO             PET1 PIOc_sync Enter - MemInfo: [malloc] Total allocated space:                      36659056 Byte
20220313 061515.025 INFO             PET1 PIOc_sync Enter - MemInfo: [malloc] Total free space:                           18956432 Byte
20220313 061515.025 INFO             PET1 PIOc_sync Enter - MemInfo: [malloc] Top-most, releasable space:                 16908976 Byte
20220313 061515.025 INFO             PET1 PIOc_sync Enter - MemInfo: [malloc] Total space in use, mmap + non-mmap:        36659056 Byte
20220313 061515.025 INFO             PET1 PIOc_sync Enter - MemInfo: [malloc] Total space held (mmap + non-mmap):         55615488 Byte
20220313 061515.025 INFO             PET1 PIOc_sync Enter - MemInfo: [malloc] Total space used (mmap + non-mmap):         36668400 Byte
20220313 061515.025 INFO             PET1 PIOc_sync Enter - MemInfo: Wall-clock time since execution start:               0.163902 seconds
20220313 061515.025 INFO             PET1 PIOc_sync Exit - MemInfo: [/proc/meminfo - SSI]	MemTotal:       65507008 kB
20220313 061515.025 INFO             PET1 PIOc_sync Exit - MemInfo: [/proc/meminfo - SSI]	MemFree:        48801444 kB
20220313 061515.025 INFO             PET1 PIOc_sync Exit - MemInfo: [/proc/meminfo - SSI]	MemAvailable:   48559612 kB
20220313 061515.025 INFO             PET1 PIOc_sync Exit - MemInfo: [/proc/meminfo - SSI]	Committed_AS:   13238488 kB
20220313 061515.025 INFO             PET1 PIOc_sync Exit - MemInfo: [/proc/meminfo - SSI]	CommittedPercent: 20.2093 %
20220313 061515.025 INFO             PET1 PIOc_sync Exit - MemInfo: [/proc/self/status]	VmPeak:	65935140 kB
20220313 061515.025 INFO             PET1 PIOc_sync Exit - MemInfo: [/proc/self/status]	VmSize:	65926952 kB
20220313 061515.025 INFO             PET1 PIOc_sync Exit - MemInfo: [/proc/self/status]	VmLck:	       0 kB
20220313 061515.025 INFO             PET1 PIOc_sync Exit - MemInfo: [/proc/self/status]	VmPin:	       0 kB
20220313 061515.025 INFO             PET1 PIOc_sync Exit - MemInfo: [/proc/self/status]	VmHWM:	   37048 kB
20220313 061515.025 INFO             PET1 PIOc_sync Exit - MemInfo: [/proc/self/status]	VmRSS:	   36124 kB
20220313 061515.025 INFO             PET1 PIOc_sync Exit - MemInfo: [/proc/self/status]	VmData:	   57624 kB
20220313 061515.025 INFO             PET1 PIOc_sync Exit - MemInfo: [/proc/self/status]	VmStk:	     144 kB
20220313 061515.025 INFO             PET1 PIOc_sync Exit - MemInfo: [/proc/self/status]	VmExe:	     200 kB
20220313 061515.025 INFO             PET1 PIOc_sync Exit - MemInfo: [/proc/self/status]	VmLib:	   39920 kB
20220313 061515.025 INFO             PET1 PIOc_sync Exit - MemInfo: [/proc/self/status]	VmPTE:	     300 kB
20220313 061515.025 INFO             PET1 PIOc_sync Exit - MemInfo: [/proc/self/status]	VmPMD:	      28 kB
20220313 061515.025 INFO             PET1 PIOc_sync Exit - MemInfo: [/proc/self/status]	VmSwap:	       0 kB
20220313 061515.025 INFO             PET1 PIOc_sync Exit - MemInfo: [/proc/self/status]	VmRSSPercent: 0.0551452 %
20220313 061515.025 INFO             PET1 PIOc_sync Exit - MemInfo: [malloc] Non-mmapped space allocated:                55615488 Byte
20220313 061515.025 INFO             PET1 PIOc_sync Exit - MemInfo: [malloc] Space allocated in mmapped regions:                0 Byte
20220313 061515.025 INFO             PET1 PIOc_sync Exit - MemInfo: [malloc] Maximum total allocated space:                     0 Byte
20220313 061515.025 INFO             PET1 PIOc_sync Exit - MemInfo: [malloc] Space in freed fastbin blocks:                  1632 Byte
20220313 061515.025 INFO             PET1 PIOc_sync Exit - MemInfo: [malloc] Total allocated space:                      36658080 Byte
20220313 061515.025 INFO             PET1 PIOc_sync Exit - MemInfo: [malloc] Total free space:                           18957408 Byte
20220313 061515.025 INFO             PET1 PIOc_sync Exit - MemInfo: [malloc] Top-most, releasable space:                 16908976 Byte
20220313 061515.025 INFO             PET1 PIOc_sync Exit - MemInfo: [malloc] Total space in use, mmap + non-mmap:        36658080 Byte
20220313 061515.025 INFO             PET1 PIOc_sync Exit - MemInfo: [malloc] Total space held (mmap + non-mmap):         55615488 Byte
20220313 061515.025 INFO             PET1 PIOc_sync Exit - MemInfo: [malloc] Total space used (mmap + non-mmap):         36667408 Byte
20220313 061515.025 INFO             PET1 PIOc_sync Exit - MemInfo: Wall-clock time since execution start:               0.164268 seconds
20220313 061515.025 INFO             PET1 PIOc_freedecomp Enter - MemInfo: [/proc/meminfo - SSI]	MemTotal:       65507008 kB
20220313 061515.025 INFO             PET1 PIOc_freedecomp Enter - MemInfo: [/proc/meminfo - SSI]	MemFree:        48801444 kB
20220313 061515.025 INFO             PET1 PIOc_freedecomp Enter - MemInfo: [/proc/meminfo - SSI]	MemAvailable:   48559612 kB
20220313 061515.025 INFO             PET1 PIOc_freedecomp Enter - MemInfo: [/proc/meminfo - SSI]	Committed_AS:   13238488 kB
20220313 061515.025 INFO             PET1 PIOc_freedecomp Enter - MemInfo: [/proc/meminfo - SSI]	CommittedPercent: 20.2093 %
20220313 061515.025 INFO             PET1 PIOc_freedecomp Enter - MemInfo: [/proc/self/status]	VmPeak:	65935140 kB
20220313 061515.025 INFO             PET1 PIOc_freedecomp Enter - MemInfo: [/proc/self/status]	VmSize:	65926952 kB
20220313 061515.025 INFO             PET1 PIOc_freedecomp Enter - MemInfo: [/proc/self/status]	VmLck:	       0 kB
20220313 061515.025 INFO             PET1 PIOc_freedecomp Enter - MemInfo: [/proc/self/status]	VmPin:	       0 kB
20220313 061515.025 INFO             PET1 PIOc_freedecomp Enter - MemInfo: [/proc/self/status]	VmHWM:	   37048 kB
20220313 061515.025 INFO             PET1 PIOc_freedecomp Enter - MemInfo: [/proc/self/status]	VmRSS:	   36124 kB
20220313 061515.025 INFO             PET1 PIOc_freedecomp Enter - MemInfo: [/proc/self/status]	VmData:	   57624 kB
20220313 061515.025 INFO             PET1 PIOc_freedecomp Enter - MemInfo: [/proc/self/status]	VmStk:	     144 kB
20220313 061515.025 INFO             PET1 PIOc_freedecomp Enter - MemInfo: [/proc/self/status]	VmExe:	     200 kB
20220313 061515.025 INFO             PET1 PIOc_freedecomp Enter - MemInfo: [/proc/self/status]	VmLib:	   39920 kB
20220313 061515.025 INFO             PET1 PIOc_freedecomp Enter - MemInfo: [/proc/self/status]	VmPTE:	     300 kB
20220313 061515.025 INFO             PET1 PIOc_freedecomp Enter - MemInfo: [/proc/self/status]	VmPMD:	      28 kB
20220313 061515.025 INFO             PET1 PIOc_freedecomp Enter - MemInfo: [/proc/self/status]	VmSwap:	       0 kB
20220313 061515.025 INFO             PET1 PIOc_freedecomp Enter - MemInfo: [/proc/self/status]	VmRSSPercent: 0.0551452 %
20220313 061515.025 INFO             PET1 PIOc_freedecomp Enter - MemInfo: [malloc] Non-mmapped space allocated:                55615488 Byte
20220313 061515.025 INFO             PET1 PIOc_freedecomp Enter - MemInfo: [malloc] Space allocated in mmapped regions:                0 Byte
20220313 061515.025 INFO             PET1 PIOc_freedecomp Enter - MemInfo: [malloc] Maximum total allocated space:                     0 Byte
20220313 061515.025 INFO             PET1 PIOc_freedecomp Enter - MemInfo: [malloc] Space in freed fastbin blocks:                  1584 Byte
20220313 061515.025 INFO             PET1 PIOc_freedecomp Enter - MemInfo: [malloc] Total allocated space:                      36656240 Byte
20220313 061515.025 INFO             PET1 PIOc_freedecomp Enter - MemInfo: [malloc] Total free space:                           18959248 Byte
20220313 061515.025 INFO             PET1 PIOc_freedecomp Enter - MemInfo: [malloc] Top-most, releasable space:                 16908976 Byte
20220313 061515.025 INFO             PET1 PIOc_freedecomp Enter - MemInfo: [malloc] Total space in use, mmap + non-mmap:        36656240 Byte
20220313 061515.025 INFO             PET1 PIOc_freedecomp Enter - MemInfo: [malloc] Total space held (mmap + non-mmap):         55615488 Byte
20220313 061515.025 INFO             PET1 PIOc_freedecomp Enter - MemInfo: [malloc] Total space used (mmap + non-mmap):         36665568 Byte
20220313 061515.025 INFO             PET1 PIOc_freedecomp Enter - MemInfo: Wall-clock time since execution start:                0.16462 seconds
20220313 061515.025 INFO             PET1 PIOc_freedecomp Exit - MemInfo: [/proc/meminfo - SSI]	MemTotal:       65507008 kB
20220313 061515.026 INFO             PET1 PIOc_freedecomp Exit - MemInfo: [/proc/meminfo - SSI]	MemFree:        48801444 kB
20220313 061515.026 INFO             PET1 PIOc_freedecomp Exit - MemInfo: [/proc/meminfo - SSI]	MemAvailable:   48559612 kB
20220313 061515.026 INFO             PET1 PIOc_freedecomp Exit - MemInfo: [/proc/meminfo - SSI]	Committed_AS:   13238488 kB
20220313 061515.026 INFO             PET1 PIOc_freedecomp Exit - MemInfo: [/proc/meminfo - SSI]	CommittedPercent: 20.2093 %
20220313 061515.026 INFO             PET1 PIOc_freedecomp Exit - MemInfo: [/proc/self/status]	VmPeak:	65935140 kB
20220313 061515.026 INFO             PET1 PIOc_freedecomp Exit - MemInfo: [/proc/self/status]	VmSize:	65926952 kB
20220313 061515.026 INFO             PET1 PIOc_freedecomp Exit - MemInfo: [/proc/self/status]	VmLck:	       0 kB
20220313 061515.026 INFO             PET1 PIOc_freedecomp Exit - MemInfo: [/proc/self/status]	VmPin:	       0 kB
20220313 061515.026 INFO             PET1 PIOc_freedecomp Exit - MemInfo: [/proc/self/status]	VmHWM:	   37048 kB
20220313 061515.026 INFO             PET1 PIOc_freedecomp Exit - MemInfo: [/proc/self/status]	VmRSS:	   36124 kB
20220313 061515.026 INFO             PET1 PIOc_freedecomp Exit - MemInfo: [/proc/self/status]	VmData:	   57624 kB
20220313 061515.026 INFO             PET1 PIOc_freedecomp Exit - MemInfo: [/proc/self/status]	VmStk:	     144 kB
20220313 061515.026 INFO             PET1 PIOc_freedecomp Exit - MemInfo: [/proc/self/status]	VmExe:	     200 kB
20220313 061515.026 INFO             PET1 PIOc_freedecomp Exit - MemInfo: [/proc/self/status]	VmLib:	   39920 kB
20220313 061515.026 INFO             PET1 PIOc_freedecomp Exit - MemInfo: [/proc/self/status]	VmPTE:	     300 kB
20220313 061515.026 INFO             PET1 PIOc_freedecomp Exit - MemInfo: [/proc/self/status]	VmPMD:	      28 kB
20220313 061515.026 INFO             PET1 PIOc_freedecomp Exit - MemInfo: [/proc/self/status]	VmSwap:	       0 kB
20220313 061515.026 INFO             PET1 PIOc_freedecomp Exit - MemInfo: [/proc/self/status]	VmRSSPercent: 0.0551452 %
20220313 061515.026 INFO             PET1 PIOc_freedecomp Exit - MemInfo: [malloc] Non-mmapped space allocated:                55615488 Byte
20220313 061515.026 INFO             PET1 PIOc_freedecomp Exit - MemInfo: [malloc] Space allocated in mmapped regions:                0 Byte
20220313 061515.026 INFO             PET1 PIOc_freedecomp Exit - MemInfo: [malloc] Maximum total allocated space:                     0 Byte
20220313 061515.026 INFO             PET1 PIOc_freedecomp Exit - MemInfo: [malloc] Space in freed fastbin blocks:                  1808 Byte
20220313 061515.026 INFO             PET1 PIOc_freedecomp Exit - MemInfo: [malloc] Total allocated space:                      36653968 Byte
20220313 061515.026 INFO             PET1 PIOc_freedecomp Exit - MemInfo: [malloc] Total free space:                           18961520 Byte
20220313 061515.026 INFO             PET1 PIOc_freedecomp Exit - MemInfo: [malloc] Top-most, releasable space:                 16908976 Byte
20220313 061515.026 INFO             PET1 PIOc_freedecomp Exit - MemInfo: [malloc] Total space in use, mmap + non-mmap:        36653968 Byte
20220313 061515.026 INFO             PET1 PIOc_freedecomp Exit - MemInfo: [malloc] Total space held (mmap + non-mmap):         55615488 Byte
20220313 061515.026 INFO             PET1 PIOc_freedecomp Exit - MemInfo: [malloc] Total space used (mmap + non-mmap):         36663296 Byte
20220313 061515.026 INFO             PET1 PIOc_freedecomp Exit - MemInfo: Wall-clock time since execution start:               0.164937 seconds
20220313 061515.026 INFO             PET1 PIOc_sync Enter - MemInfo: [/proc/meminfo - SSI]	MemTotal:       65507008 kB
20220313 061515.026 INFO             PET1 PIOc_sync Enter - MemInfo: [/proc/meminfo - SSI]	MemFree:        48801444 kB
20220313 061515.026 INFO             PET1 PIOc_sync Enter - MemInfo: [/proc/meminfo - SSI]	MemAvailable:   48559612 kB
20220313 061515.027 INFO             PET1 PIOc_sync Enter - MemInfo: [/proc/meminfo - SSI]	Committed_AS:   13238488 kB
20220313 061515.027 INFO             PET1 PIOc_sync Enter - MemInfo: [/proc/meminfo - SSI]	CommittedPercent: 20.2093 %
20220313 061515.027 INFO             PET1 PIOc_sync Enter - MemInfo: [/proc/self/status]	VmPeak:	65935140 kB
20220313 061515.027 INFO             PET1 PIOc_sync Enter - MemInfo: [/proc/self/status]	VmSize:	65926952 kB
20220313 061515.027 INFO             PET1 PIOc_sync Enter - MemInfo: [/proc/self/status]	VmLck:	       0 kB
20220313 061515.027 INFO             PET1 PIOc_sync Enter - MemInfo: [/proc/self/status]	VmPin:	       0 kB
20220313 061515.027 INFO             PET1 PIOc_sync Enter - MemInfo: [/proc/self/status]	VmHWM:	   37048 kB
20220313 061515.027 INFO             PET1 PIOc_sync Enter - MemInfo: [/proc/self/status]	VmRSS:	   36124 kB
20220313 061515.027 INFO             PET1 PIOc_sync Enter - MemInfo: [/proc/self/status]	VmData:	   57624 kB
20220313 061515.027 INFO             PET1 PIOc_sync Enter - MemInfo: [/proc/self/status]	VmStk:	     144 kB
20220313 061515.027 INFO             PET1 PIOc_sync Enter - MemInfo: [/proc/self/status]	VmExe:	     200 kB
20220313 061515.027 INFO             PET1 PIOc_sync Enter - MemInfo: [/proc/self/status]	VmLib:	   39920 kB
20220313 061515.027 INFO             PET1 PIOc_sync Enter - MemInfo: [/proc/self/status]	VmPTE:	     300 kB
20220313 061515.027 INFO             PET1 PIOc_sync Enter - MemInfo: [/proc/self/status]	VmPMD:	      28 kB
20220313 061515.027 INFO             PET1 PIOc_sync Enter - MemInfo: [/proc/self/status]	VmSwap:	       0 kB
20220313 061515.027 INFO             PET1 PIOc_sync Enter - MemInfo: [/proc/self/status]	VmRSSPercent: 0.0551452 %
20220313 061515.027 INFO             PET1 PIOc_sync Enter - MemInfo: [malloc] Non-mmapped space allocated:                55615488 Byte
20220313 061515.027 INFO             PET1 PIOc_sync Enter - MemInfo: [malloc] Space allocated in mmapped regions:                0 Byte
20220313 061515.027 INFO             PET1 PIOc_sync Enter - MemInfo: [malloc] Maximum total allocated space:                     0 Byte
20220313 061515.027 INFO             PET1 PIOc_sync Enter - MemInfo: [malloc] Space in freed fastbin blocks:                  2896 Byte
20220313 061515.027 INFO             PET1 PIOc_sync Enter - MemInfo: [malloc] Total allocated space:                      36659184 Byte
20220313 061515.027 INFO             PET1 PIOc_sync Enter - MemInfo: [malloc] Total free space:                           18956304 Byte
20220313 061515.027 INFO             PET1 PIOc_sync Enter - MemInfo: [malloc] Top-most, releasable space:                 16908976 Byte
20220313 061515.027 INFO             PET1 PIOc_sync Enter - MemInfo: [malloc] Total space in use, mmap + non-mmap:        36659184 Byte
20220313 061515.027 INFO             PET1 PIOc_sync Enter - MemInfo: [malloc] Total space held (mmap + non-mmap):         55615488 Byte
20220313 061515.027 INFO             PET1 PIOc_sync Enter - MemInfo: [malloc] Total space used (mmap + non-mmap):         36668512 Byte
20220313 061515.027 INFO             PET1 PIOc_sync Enter - MemInfo: Wall-clock time since execution start:               0.165932 seconds
20220313 061515.029 INFO             PET1 PIOc_sync Exit - MemInfo: [/proc/meminfo - SSI]	MemTotal:       65507008 kB
20220313 061515.029 INFO             PET1 PIOc_sync Exit - MemInfo: [/proc/meminfo - SSI]	MemFree:        48801444 kB
20220313 061515.029 INFO             PET1 PIOc_sync Exit - MemInfo: [/proc/meminfo - SSI]	MemAvailable:   48559612 kB
20220313 061515.029 INFO             PET1 PIOc_sync Exit - MemInfo: [/proc/meminfo - SSI]	Committed_AS:   13238488 kB
20220313 061515.029 INFO             PET1 PIOc_sync Exit - MemInfo: [/proc/meminfo - SSI]	CommittedPercent: 20.2093 %
20220313 061515.029 INFO             PET1 PIOc_sync Exit - MemInfo: [/proc/self/status]	VmPeak:	65935140 kB
20220313 061515.029 INFO             PET1 PIOc_sync Exit - MemInfo: [/proc/self/status]	VmSize:	65926952 kB
20220313 061515.029 INFO             PET1 PIOc_sync Exit - MemInfo: [/proc/self/status]	VmLck:	       0 kB
20220313 061515.029 INFO             PET1 PIOc_sync Exit - MemInfo: [/proc/self/status]	VmPin:	       0 kB
20220313 061515.029 INFO             PET1 PIOc_sync Exit - MemInfo: [/proc/self/status]	VmHWM:	   37048 kB
20220313 061515.029 INFO             PET1 PIOc_sync Exit - MemInfo: [/proc/self/status]	VmRSS:	   36124 kB
20220313 061515.029 INFO             PET1 PIOc_sync Exit - MemInfo: [/proc/self/status]	VmData:	   57624 kB
20220313 061515.029 INFO             PET1 PIOc_sync Exit - MemInfo: [/proc/self/status]	VmStk:	     144 kB
20220313 061515.029 INFO             PET1 PIOc_sync Exit - MemInfo: [/proc/self/status]	VmExe:	     200 kB
20220313 061515.029 INFO             PET1 PIOc_sync Exit - MemInfo: [/proc/self/status]	VmLib:	   39920 kB
20220313 061515.029 INFO             PET1 PIOc_sync Exit - MemInfo: [/proc/self/status]	VmPTE:	     300 kB
20220313 061515.029 INFO             PET1 PIOc_sync Exit - MemInfo: [/proc/self/status]	VmPMD:	      28 kB
20220313 061515.029 INFO             PET1 PIOc_sync Exit - MemInfo: [/proc/self/status]	VmSwap:	       0 kB
20220313 061515.029 INFO             PET1 PIOc_sync Exit - MemInfo: [/proc/self/status]	VmRSSPercent: 0.0551452 %
20220313 061515.029 INFO             PET1 PIOc_sync Exit - MemInfo: [malloc] Non-mmapped space allocated:                55615488 Byte
20220313 061515.029 INFO             PET1 PIOc_sync Exit - MemInfo: [malloc] Space allocated in mmapped regions:                0 Byte
20220313 061515.029 INFO             PET1 PIOc_sync Exit - MemInfo: [malloc] Maximum total allocated space:                     0 Byte
20220313 061515.029 INFO             PET1 PIOc_sync Exit - MemInfo: [malloc] Space in freed fastbin blocks:                  1504 Byte
20220313 061515.029 INFO             PET1 PIOc_sync Exit - MemInfo: [malloc] Total allocated space:                      36658208 Byte
20220313 061515.029 INFO             PET1 PIOc_sync Exit - MemInfo: [malloc] Total free space:                           18957280 Byte
20220313 061515.029 INFO             PET1 PIOc_sync Exit - MemInfo: [malloc] Top-most, releasable space:                 16908976 Byte
20220313 061515.029 INFO             PET1 PIOc_sync Exit - MemInfo: [malloc] Total space in use, mmap + non-mmap:        36658208 Byte
20220313 061515.029 INFO             PET1 PIOc_sync Exit - MemInfo: [malloc] Total space held (mmap + non-mmap):         55615488 Byte
20220313 061515.029 INFO             PET1 PIOc_sync Exit - MemInfo: [malloc] Total space used (mmap + non-mmap):         36667536 Byte
20220313 061515.029 INFO             PET1 PIOc_sync Exit - MemInfo: Wall-clock time since execution start:               0.168346 seconds
20220313 061515.029 INFO             PET1 PIOc_freedecomp Enter - MemInfo: [/proc/meminfo - SSI]	MemTotal:       65507008 kB
20220313 061515.029 INFO             PET1 PIOc_freedecomp Enter - MemInfo: [/proc/meminfo - SSI]	MemFree:        48801444 kB
20220313 061515.029 INFO             PET1 PIOc_freedecomp Enter - MemInfo: [/proc/meminfo - SSI]	MemAvailable:   48559612 kB
20220313 061515.029 INFO             PET1 PIOc_freedecomp Enter - MemInfo: [/proc/meminfo - SSI]	Committed_AS:   13238488 kB
20220313 061515.029 INFO             PET1 PIOc_freedecomp Enter - MemInfo: [/proc/meminfo - SSI]	CommittedPercent: 20.2093 %
20220313 061515.029 INFO             PET1 PIOc_freedecomp Enter - MemInfo: [/proc/self/status]	VmPeak:	65935140 kB
20220313 061515.029 INFO             PET1 PIOc_freedecomp Enter - MemInfo: [/proc/self/status]	VmSize:	65926952 kB
20220313 061515.029 INFO             PET1 PIOc_freedecomp Enter - MemInfo: [/proc/self/status]	VmLck:	       0 kB
20220313 061515.029 INFO             PET1 PIOc_freedecomp Enter - MemInfo: [/proc/self/status]	VmPin:	       0 kB
20220313 061515.029 INFO             PET1 PIOc_freedecomp Enter - MemInfo: [/proc/self/status]	VmHWM:	   37048 kB
20220313 061515.029 INFO             PET1 PIOc_freedecomp Enter - MemInfo: [/proc/self/status]	VmRSS:	   36124 kB
20220313 061515.029 INFO             PET1 PIOc_freedecomp Enter - MemInfo: [/proc/self/status]	VmData:	   57624 kB
20220313 061515.029 INFO             PET1 PIOc_freedecomp Enter - MemInfo: [/proc/self/status]	VmStk:	     144 kB
20220313 061515.029 INFO             PET1 PIOc_freedecomp Enter - MemInfo: [/proc/self/status]	VmExe:	     200 kB
20220313 061515.029 INFO             PET1 PIOc_freedecomp Enter - MemInfo: [/proc/self/status]	VmLib:	   39920 kB
20220313 061515.029 INFO             PET1 PIOc_freedecomp Enter - MemInfo: [/proc/self/status]	VmPTE:	     300 kB
20220313 061515.029 INFO             PET1 PIOc_freedecomp Enter - MemInfo: [/proc/self/status]	VmPMD:	      28 kB
20220313 061515.029 INFO             PET1 PIOc_freedecomp Enter - MemInfo: [/proc/self/status]	VmSwap:	       0 kB
20220313 061515.030 INFO             PET1 PIOc_freedecomp Enter - MemInfo: [/proc/self/status]	VmRSSPercent: 0.0551452 %
20220313 061515.030 INFO             PET1 PIOc_freedecomp Enter - MemInfo: [malloc] Non-mmapped space allocated:                55615488 Byte
20220313 061515.030 INFO             PET1 PIOc_freedecomp Enter - MemInfo: [malloc] Space allocated in mmapped regions:                0 Byte
20220313 061515.030 INFO             PET1 PIOc_freedecomp Enter - MemInfo: [malloc] Maximum total allocated space:                     0 Byte
20220313 061515.030 INFO             PET1 PIOc_freedecomp Enter - MemInfo: [malloc] Space in freed fastbin blocks:                  1328 Byte
20220313 061515.030 INFO             PET1 PIOc_freedecomp Enter - MemInfo: [malloc] Total allocated space:                      36656240 Byte
20220313 061515.030 INFO             PET1 PIOc_freedecomp Enter - MemInfo: [malloc] Total free space:                           18959248 Byte
20220313 061515.030 INFO             PET1 PIOc_freedecomp Enter - MemInfo: [malloc] Top-most, releasable space:                 16908976 Byte
20220313 061515.030 INFO             PET1 PIOc_freedecomp Enter - MemInfo: [malloc] Total space in use, mmap + non-mmap:        36656240 Byte
20220313 061515.030 INFO             PET1 PIOc_freedecomp Enter - MemInfo: [malloc] Total space held (mmap + non-mmap):         55615488 Byte
20220313 061515.030 INFO             PET1 PIOc_freedecomp Enter - MemInfo: [malloc] Total space used (mmap + non-mmap):         36665568 Byte
20220313 061515.030 INFO             PET1 PIOc_freedecomp Enter - MemInfo: Wall-clock time since execution start:               0.168767 seconds
20220313 061515.030 INFO             PET1 PIOc_freedecomp Exit - MemInfo: [/proc/meminfo - SSI]	MemTotal:       65507008 kB
20220313 061515.030 INFO             PET1 PIOc_freedecomp Exit - MemInfo: [/proc/meminfo - SSI]	MemFree:        48801444 kB
20220313 061515.030 INFO             PET1 PIOc_freedecomp Exit - MemInfo: [/proc/meminfo - SSI]	MemAvailable:   48559612 kB
20220313 061515.030 INFO             PET1 PIOc_freedecomp Exit - MemInfo: [/proc/meminfo - SSI]	Committed_AS:   13238488 kB
20220313 061515.030 INFO             PET1 PIOc_freedecomp Exit - MemInfo: [/proc/meminfo - SSI]	CommittedPercent: 20.2093 %
20220313 061515.030 INFO             PET1 PIOc_freedecomp Exit - MemInfo: [/proc/self/status]	VmPeak:	65935140 kB
20220313 061515.030 INFO             PET1 PIOc_freedecomp Exit - MemInfo: [/proc/self/status]	VmSize:	65926952 kB
20220313 061515.030 INFO             PET1 PIOc_freedecomp Exit - MemInfo: [/proc/self/status]	VmLck:	       0 kB
20220313 061515.030 INFO             PET1 PIOc_freedecomp Exit - MemInfo: [/proc/self/status]	VmPin:	       0 kB
20220313 061515.030 INFO             PET1 PIOc_freedecomp Exit - MemInfo: [/proc/self/status]	VmHWM:	   37048 kB
20220313 061515.030 INFO             PET1 PIOc_freedecomp Exit - MemInfo: [/proc/self/status]	VmRSS:	   36124 kB
20220313 061515.030 INFO             PET1 PIOc_freedecomp Exit - MemInfo: [/proc/self/status]	VmData:	   57624 kB
20220313 061515.030 INFO             PET1 PIOc_freedecomp Exit - MemInfo: [/proc/self/status]	VmStk:	     144 kB
20220313 061515.030 INFO             PET1 PIOc_freedecomp Exit - MemInfo: [/proc/self/status]	VmExe:	     200 kB
20220313 061515.030 INFO             PET1 PIOc_freedecomp Exit - MemInfo: [/proc/self/status]	VmLib:	   39920 kB
20220313 061515.030 INFO             PET1 PIOc_freedecomp Exit - MemInfo: [/proc/self/status]	VmPTE:	     300 kB
20220313 061515.030 INFO             PET1 PIOc_freedecomp Exit - MemInfo: [/proc/self/status]	VmPMD:	      28 kB
20220313 061515.030 INFO             PET1 PIOc_freedecomp Exit - MemInfo: [/proc/self/status]	VmSwap:	       0 kB
20220313 061515.030 INFO             PET1 PIOc_freedecomp Exit - MemInfo: [/proc/self/status]	VmRSSPercent: 0.0551452 %
20220313 061515.030 INFO             PET1 PIOc_freedecomp Exit - MemInfo: [malloc] Non-mmapped space allocated:                55615488 Byte
20220313 061515.030 INFO             PET1 PIOc_freedecomp Exit - MemInfo: [malloc] Space allocated in mmapped regions:                0 Byte
20220313 061515.030 INFO             PET1 PIOc_freedecomp Exit - MemInfo: [malloc] Maximum total allocated space:                     0 Byte
20220313 061515.030 INFO             PET1 PIOc_freedecomp Exit - MemInfo: [malloc] Space in freed fastbin blocks:                  1712 Byte
20220313 061515.030 INFO             PET1 PIOc_freedecomp Exit - MemInfo: [malloc] Total allocated space:                      36653968 Byte
20220313 061515.030 INFO             PET1 PIOc_freedecomp Exit - MemInfo: [malloc] Total free space:                           18961520 Byte
20220313 061515.030 INFO             PET1 PIOc_freedecomp Exit - MemInfo: [malloc] Top-most, releasable space:                 16908976 Byte
20220313 061515.030 INFO             PET1 PIOc_freedecomp Exit - MemInfo: [malloc] Total space in use, mmap + non-mmap:        36653968 Byte
20220313 061515.030 INFO             PET1 PIOc_freedecomp Exit - MemInfo: [malloc] Total space held (mmap + non-mmap):         55615488 Byte
20220313 061515.030 INFO             PET1 PIOc_freedecomp Exit - MemInfo: [malloc] Total space used (mmap + non-mmap):         36663312 Byte
20220313 061515.030 INFO             PET1 PIOc_freedecomp Exit - MemInfo: Wall-clock time since execution start:               0.169081 seconds
20220313 061515.032 INFO             PET1  PASS  ESMF_FieldRegridStoreFromFile Unit Test, ESMF_FieldSMMFromFileUTest.F90, line 315
20220313 061515.032 INFO             PET1  Ending Test, file ESMF_FieldSMMFromFileUTest.F90, line 322
20220313 061515.033 INFO             PET1 Finalizing ESMF
20220313 061514.862 INFO             PET2 !!!!!!!!!!!!!!!!!!!!!!!!!!!!!!!!!!!!!!!!!!!!!!!!!!!!!!
20220313 061514.862 INFO             PET2 !!! THE ESMF_LOG IS SET TO OUTPUT ALL LOG MESSAGES !!!
20220313 061514.862 INFO             PET2 !!!     THIS MAY CAUSE SLOWDOWN IN PERFORMANCE     !!!
20220313 061514.862 INFO             PET2 !!! FOR PRODUCTION RUNS, USE:                      !!!
20220313 061514.862 INFO             PET2 !!!                   ESMF_LOGKIND_Multi_On_Error  !!!
20220313 061514.862 INFO             PET2 !!!!!!!!!!!!!!!!!!!!!!!!!!!!!!!!!!!!!!!!!!!!!!!!!!!!!!
20220313 061514.862 INFO             PET2 Running with ESMF Version   : v8.3.0b09-96-g559b459836
20220313 061514.862 INFO             PET2 ESMF library build date/time: "Mar 13 2022" "06:00:22"
20220313 061514.862 INFO             PET2 ESMF library build location : /glade/scratch/rlong/esmf-testing/gfortran_9.1.0_mpt_O_jedwards_pio_update2
20220313 061514.862 INFO             PET2 ESMF_COMM                   : mpt
20220313 061514.862 INFO             PET2 ESMF_MOAB                   : enabled
20220313 061514.862 INFO             PET2 ESMF_LAPACK                 : enabled
20220313 061514.862 INFO             PET2 ESMF_NETCDF                 : enabled
20220313 061514.862 INFO             PET2 ESMF_PNETCDF                : disabled
20220313 061514.862 INFO             PET2 ESMF_PIO                    : enabled
20220313 061514.862 INFO             PET2 ESMF_YAMLCPP                : enabled
20220313 061514.863 INFO             PET2  Beginning Test, file ESMF_FieldSMMFromFileUTest.F90, line 287
20220313 061514.863 INFO             PET2  NUMBER_OF_PROCESSORS           4
20220313 061515.009 INFO             PET2  PASS  ESMF_FieldSMMFromFile Unit Test, ESMF_FieldSMMFromFileUTest.F90, line 300
20220313 061515.019 INFO             PET2 PIOc_sync Enter - MemInfo: [/proc/meminfo - SSI]	MemTotal:       65507008 kB
20220313 061515.019 INFO             PET2 PIOc_sync Enter - MemInfo: [/proc/meminfo - SSI]	MemFree:        48801444 kB
20220313 061515.019 INFO             PET2 PIOc_sync Enter - MemInfo: [/proc/meminfo - SSI]	MemAvailable:   48559612 kB
20220313 061515.019 INFO             PET2 PIOc_sync Enter - MemInfo: [/proc/meminfo - SSI]	Committed_AS:   13238488 kB
20220313 061515.019 INFO             PET2 PIOc_sync Enter - MemInfo: [/proc/meminfo - SSI]	CommittedPercent: 20.2093 %
20220313 061515.019 INFO             PET2 PIOc_sync Enter - MemInfo: [/proc/self/status]	VmPeak:	65935152 kB
20220313 061515.019 INFO             PET2 PIOc_sync Enter - MemInfo: [/proc/self/status]	VmSize:	65926964 kB
20220313 061515.019 INFO             PET2 PIOc_sync Enter - MemInfo: [/proc/self/status]	VmLck:	       0 kB
20220313 061515.019 INFO             PET2 PIOc_sync Enter - MemInfo: [/proc/self/status]	VmPin:	       0 kB
20220313 061515.019 INFO             PET2 PIOc_sync Enter - MemInfo: [/proc/self/status]	VmHWM:	   37264 kB
20220313 061515.019 INFO             PET2 PIOc_sync Enter - MemInfo: [/proc/self/status]	VmRSS:	   36288 kB
20220313 061515.019 INFO             PET2 PIOc_sync Enter - MemInfo: [/proc/self/status]	VmData:	   57636 kB
20220313 061515.019 INFO             PET2 PIOc_sync Enter - MemInfo: [/proc/self/status]	VmStk:	     144 kB
20220313 061515.019 INFO             PET2 PIOc_sync Enter - MemInfo: [/proc/self/status]	VmExe:	     200 kB
20220313 061515.019 INFO             PET2 PIOc_sync Enter - MemInfo: [/proc/self/status]	VmLib:	   39920 kB
20220313 061515.019 INFO             PET2 PIOc_sync Enter - MemInfo: [/proc/self/status]	VmPTE:	     304 kB
20220313 061515.019 INFO             PET2 PIOc_sync Enter - MemInfo: [/proc/self/status]	VmPMD:	      28 kB
20220313 061515.019 INFO             PET2 PIOc_sync Enter - MemInfo: [/proc/self/status]	VmSwap:	       0 kB
20220313 061515.019 INFO             PET2 PIOc_sync Enter - MemInfo: [/proc/self/status]	VmRSSPercent: 0.0553956 %
20220313 061515.019 INFO             PET2 PIOc_sync Enter - MemInfo: [malloc] Non-mmapped space allocated:                55627776 Byte
20220313 061515.021 INFO             PET2 PIOc_sync Enter - MemInfo: [malloc] Space allocated in mmapped regions:                0 Byte
20220313 061515.021 INFO             PET2 PIOc_sync Enter - MemInfo: [malloc] Maximum total allocated space:                     0 Byte
20220313 061515.021 INFO             PET2 PIOc_sync Enter - MemInfo: [malloc] Space in freed fastbin blocks:                  2832 Byte
20220313 061515.021 INFO             PET2 PIOc_sync Enter - MemInfo: [malloc] Total allocated space:                      36659376 Byte
20220313 061515.021 INFO             PET2 PIOc_sync Enter - MemInfo: [malloc] Total free space:                           18968400 Byte
20220313 061515.021 INFO             PET2 PIOc_sync Enter - MemInfo: [malloc] Top-most, releasable space:                 16912304 Byte
20220313 061515.021 INFO             PET2 PIOc_sync Enter - MemInfo: [malloc] Total space in use, mmap + non-mmap:        36659376 Byte
20220313 061515.021 INFO             PET2 PIOc_sync Enter - MemInfo: [malloc] Total space held (mmap + non-mmap):         55627776 Byte
20220313 061515.021 INFO             PET2 PIOc_sync Enter - MemInfo: [malloc] Total space used (mmap + non-mmap):         36668704 Byte
20220313 061515.021 INFO             PET2 PIOc_sync Enter - MemInfo: Wall-clock time since execution start:               0.160256 seconds
20220313 061515.022 INFO             PET2 PIOc_sync Exit - MemInfo: [/proc/meminfo - SSI]	MemTotal:       65507008 kB
20220313 061515.022 INFO             PET2 PIOc_sync Exit - MemInfo: [/proc/meminfo - SSI]	MemFree:        48801444 kB
20220313 061515.022 INFO             PET2 PIOc_sync Exit - MemInfo: [/proc/meminfo - SSI]	MemAvailable:   48559612 kB
20220313 061515.022 INFO             PET2 PIOc_sync Exit - MemInfo: [/proc/meminfo - SSI]	Committed_AS:   13238488 kB
20220313 061515.022 INFO             PET2 PIOc_sync Exit - MemInfo: [/proc/meminfo - SSI]	CommittedPercent: 20.2093 %
20220313 061515.022 INFO             PET2 PIOc_sync Exit - MemInfo: [/proc/self/status]	VmPeak:	65935152 kB
20220313 061515.022 INFO             PET2 PIOc_sync Exit - MemInfo: [/proc/self/status]	VmSize:	65926964 kB
20220313 061515.022 INFO             PET2 PIOc_sync Exit - MemInfo: [/proc/self/status]	VmLck:	       0 kB
20220313 061515.022 INFO             PET2 PIOc_sync Exit - MemInfo: [/proc/self/status]	VmPin:	       0 kB
20220313 061515.022 INFO             PET2 PIOc_sync Exit - MemInfo: [/proc/self/status]	VmHWM:	   37264 kB
20220313 061515.022 INFO             PET2 PIOc_sync Exit - MemInfo: [/proc/self/status]	VmRSS:	   36348 kB
20220313 061515.022 INFO             PET2 PIOc_sync Exit - MemInfo: [/proc/self/status]	VmData:	   57636 kB
20220313 061515.023 INFO             PET2 PIOc_sync Exit - MemInfo: [/proc/self/status]	VmStk:	     144 kB
20220313 061515.023 INFO             PET2 PIOc_sync Exit - MemInfo: [/proc/self/status]	VmExe:	     200 kB
20220313 061515.023 INFO             PET2 PIOc_sync Exit - MemInfo: [/proc/self/status]	VmLib:	   39920 kB
20220313 061515.023 INFO             PET2 PIOc_sync Exit - MemInfo: [/proc/self/status]	VmPTE:	     304 kB
