build time -- 2022-03-13 06:04:17.956249
20220313 062833.347 INFO             PET0 !!!!!!!!!!!!!!!!!!!!!!!!!!!!!!!!!!!!!!!!!!!!!!!!!!!!!!
20220313 062833.347 INFO             PET0 !!! THE ESMF_LOG IS SET TO OUTPUT ALL LOG MESSAGES !!!
20220313 062833.347 INFO             PET0 !!!     THIS MAY CAUSE SLOWDOWN IN PERFORMANCE     !!!
20220313 062833.347 INFO             PET0 !!! FOR PRODUCTION RUNS, USE:                      !!!
20220313 062833.347 INFO             PET0 !!!                   ESMF_LOGKIND_Multi_On_Error  !!!
20220313 062833.347 INFO             PET0 !!!!!!!!!!!!!!!!!!!!!!!!!!!!!!!!!!!!!!!!!!!!!!!!!!!!!!
20220313 062833.347 INFO             PET0 Running with ESMF Version   : v8.3.0b09-96-g559b459836
20220313 062833.347 INFO             PET0 ESMF library build date/time: "Mar 13 2022" "06:02:26"
20220313 062833.347 INFO             PET0 ESMF library build location : /glade/scratch/rlong/esmf-testing/gfortran_10.1.0_mpt_O_jedwards_pio_update2
20220313 062833.347 INFO             PET0 ESMF_COMM                   : mpt
20220313 062833.348 INFO             PET0 ESMF_MOAB                   : enabled
20220313 062833.348 INFO             PET0 ESMF_LAPACK                 : enabled
20220313 062833.348 INFO             PET0 ESMF_NETCDF                 : enabled
20220313 062833.348 INFO             PET0 ESMF_PNETCDF                : disabled
20220313 062833.348 INFO             PET0 ESMF_PIO                    : enabled
20220313 062833.348 INFO             PET0 ESMF_YAMLCPP                : enabled
20220313 062833.360 INFO             PET0 PIOc_sync Enter - MemInfo: [/proc/meminfo - SSI]	MemTotal:       65507008 kB
20220313 062833.360 INFO             PET0 PIOc_sync Enter - MemInfo: [/proc/meminfo - SSI]	MemFree:        49846952 kB
20220313 062833.360 INFO             PET0 PIOc_sync Enter - MemInfo: [/proc/meminfo - SSI]	MemAvailable:   49612580 kB
20220313 062833.360 INFO             PET0 PIOc_sync Enter - MemInfo: [/proc/meminfo - SSI]	Committed_AS:   13173152 kB
20220313 062833.360 INFO             PET0 PIOc_sync Enter - MemInfo: [/proc/meminfo - SSI]	CommittedPercent: 20.1095 %
20220313 062833.360 INFO             PET0 PIOc_sync Enter - MemInfo: [/proc/self/status]	VmPeak:	  134648 kB
20220313 062833.360 INFO             PET0 PIOc_sync Enter - MemInfo: [/proc/self/status]	VmSize:	  134648 kB
20220313 062833.360 INFO             PET0 PIOc_sync Enter - MemInfo: [/proc/self/status]	VmLck:	       0 kB
20220313 062833.360 INFO             PET0 PIOc_sync Enter - MemInfo: [/proc/self/status]	VmPin:	       0 kB
20220313 062833.360 INFO             PET0 PIOc_sync Enter - MemInfo: [/proc/self/status]	VmHWM:	   29996 kB
20220313 062833.360 INFO             PET0 PIOc_sync Enter - MemInfo: [/proc/self/status]	VmRSS:	   29996 kB
20220313 062833.360 INFO             PET0 PIOc_sync Enter - MemInfo: [/proc/self/status]	VmData:	   39056 kB
20220313 062833.360 INFO             PET0 PIOc_sync Enter - MemInfo: [/proc/self/status]	VmStk:	     144 kB
20220313 062833.360 INFO             PET0 PIOc_sync Enter - MemInfo: [/proc/self/status]	VmExe:	     212 kB
20220313 062833.360 INFO             PET0 PIOc_sync Enter - MemInfo: [/proc/self/status]	VmLib:	   39752 kB
20220313 062833.360 INFO             PET0 PIOc_sync Enter - MemInfo: [/proc/self/status]	VmPTE:	     232 kB
20220313 062833.360 INFO             PET0 PIOc_sync Enter - MemInfo: [/proc/self/status]	VmPMD:	      16 kB
20220313 062833.360 INFO             PET0 PIOc_sync Enter - MemInfo: [/proc/self/status]	VmSwap:	       0 kB
20220313 062833.360 INFO             PET0 PIOc_sync Enter - MemInfo: [/proc/self/status]	VmRSSPercent: 0.0457905 %
20220313 062833.360 INFO             PET0 PIOc_sync Enter - MemInfo: [malloc] Non-mmapped space allocated:                36577280 Byte
20220313 062833.360 INFO             PET0 PIOc_sync Enter - MemInfo: [malloc] Space allocated in mmapped regions:                0 Byte
20220313 062833.360 INFO             PET0 PIOc_sync Enter - MemInfo: [malloc] Maximum total allocated space:                     0 Byte
20220313 062833.360 INFO             PET0 PIOc_sync Enter - MemInfo: [malloc] Space in freed fastbin blocks:                  1168 Byte
20220313 062833.360 INFO             PET0 PIOc_sync Enter - MemInfo: [malloc] Total allocated space:                      36461168 Byte
20220313 062833.360 INFO             PET0 PIOc_sync Enter - MemInfo: [malloc] Total free space:                             116112 Byte
20220313 062833.360 INFO             PET0 PIOc_sync Enter - MemInfo: [malloc] Top-most, releasable space:                   114320 Byte
20220313 062833.360 INFO             PET0 PIOc_sync Enter - MemInfo: [malloc] Total space in use, mmap + non-mmap:        36461168 Byte
20220313 062833.360 INFO             PET0 PIOc_sync Enter - MemInfo: [malloc] Total space held (mmap + non-mmap):         36577280 Byte
20220313 062833.360 INFO             PET0 PIOc_sync Enter - MemInfo: [malloc] Total space used (mmap + non-mmap):         36470560 Byte
20220313 062833.360 INFO             PET0 PIOc_sync Enter - MemInfo: Wall-clock time since execution start:              0.0146384 seconds
20220313 062833.363 INFO             PET0 PIOc_sync Exit - MemInfo: [/proc/meminfo - SSI]	MemTotal:       65507008 kB
20220313 062833.363 INFO             PET0 PIOc_sync Exit - MemInfo: [/proc/meminfo - SSI]	MemFree:        49846952 kB
20220313 062833.363 INFO             PET0 PIOc_sync Exit - MemInfo: [/proc/meminfo - SSI]	MemAvailable:   49612580 kB
20220313 062833.363 INFO             PET0 PIOc_sync Exit - MemInfo: [/proc/meminfo - SSI]	Committed_AS:   13173152 kB
20220313 062833.363 INFO             PET0 PIOc_sync Exit - MemInfo: [/proc/meminfo - SSI]	CommittedPercent: 20.1095 %
20220313 062833.363 INFO             PET0 PIOc_sync Exit - MemInfo: [/proc/self/status]	VmPeak:	  134648 kB
20220313 062833.363 INFO             PET0 PIOc_sync Exit - MemInfo: [/proc/self/status]	VmSize:	  134648 kB
20220313 062833.363 INFO             PET0 PIOc_sync Exit - MemInfo: [/proc/self/status]	VmLck:	       0 kB
20220313 062833.363 INFO             PET0 PIOc_sync Exit - MemInfo: [/proc/self/status]	VmPin:	       0 kB
20220313 062833.363 INFO             PET0 PIOc_sync Exit - MemInfo: [/proc/self/status]	VmHWM:	   30100 kB
20220313 062833.363 INFO             PET0 PIOc_sync Exit - MemInfo: [/proc/self/status]	VmRSS:	   30100 kB
20220313 062833.363 INFO             PET0 PIOc_sync Exit - MemInfo: [/proc/self/status]	VmData:	   39056 kB
20220313 062833.363 INFO             PET0 PIOc_sync Exit - MemInfo: [/proc/self/status]	VmStk:	     144 kB
20220313 062833.363 INFO             PET0 PIOc_sync Exit - MemInfo: [/proc/self/status]	VmExe:	     212 kB
20220313 062833.363 INFO             PET0 PIOc_sync Exit - MemInfo: [/proc/self/status]	VmLib:	   39752 kB
20220313 062833.363 INFO             PET0 PIOc_sync Exit - MemInfo: [/proc/self/status]	VmPTE:	     232 kB
20220313 062833.363 INFO             PET0 PIOc_sync Exit - MemInfo: [/proc/self/status]	VmPMD:	      16 kB
20220313 062833.363 INFO             PET0 PIOc_sync Exit - MemInfo: [/proc/self/status]	VmSwap:	       0 kB
20220313 062833.363 INFO             PET0 PIOc_sync Exit - MemInfo: [/proc/self/status]	VmRSSPercent: 0.0459493 %
20220313 062833.363 INFO             PET0 PIOc_sync Exit - MemInfo: [malloc] Non-mmapped space allocated:                36577280 Byte
20220313 062833.363 INFO             PET0 PIOc_sync Exit - MemInfo: [malloc] Space allocated in mmapped regions:                0 Byte
20220313 062833.363 INFO             PET0 PIOc_sync Exit - MemInfo: [malloc] Maximum total allocated space:                     0 Byte
20220313 062833.363 INFO             PET0 PIOc_sync Exit - MemInfo: [malloc] Space in freed fastbin blocks:                  2800 Byte
20220313 062833.363 INFO             PET0 PIOc_sync Exit - MemInfo: [malloc] Total allocated space:                      36460768 Byte
20220313 062833.363 INFO             PET0 PIOc_sync Exit - MemInfo: [malloc] Total free space:                             116512 Byte
20220313 062833.363 INFO             PET0 PIOc_sync Exit - MemInfo: [malloc] Top-most, releasable space:                   113104 Byte
20220313 062833.363 INFO             PET0 PIOc_sync Exit - MemInfo: [malloc] Total space in use, mmap + non-mmap:        36460768 Byte
20220313 062833.363 INFO             PET0 PIOc_sync Exit - MemInfo: [malloc] Total space held (mmap + non-mmap):         36577280 Byte
20220313 062833.363 INFO             PET0 PIOc_sync Exit - MemInfo: [malloc] Total space used (mmap + non-mmap):         36470160 Byte
20220313 062833.363 INFO             PET0 PIOc_sync Exit - MemInfo: Wall-clock time since execution start:              0.0176048 seconds
20220313 062833.363 INFO             PET0 PIOc_freedecomp Enter - MemInfo: [/proc/meminfo - SSI]	MemTotal:       65507008 kB
20220313 062833.363 INFO             PET0 PIOc_freedecomp Enter - MemInfo: [/proc/meminfo - SSI]	MemFree:        49846952 kB
20220313 062833.363 INFO             PET0 PIOc_freedecomp Enter - MemInfo: [/proc/meminfo - SSI]	MemAvailable:   49612580 kB
20220313 062833.364 INFO             PET0 PIOc_freedecomp Enter - MemInfo: [/proc/meminfo - SSI]	Committed_AS:   13173152 kB
20220313 062833.364 INFO             PET0 PIOc_freedecomp Enter - MemInfo: [/proc/meminfo - SSI]	CommittedPercent: 20.1095 %
20220313 062833.364 INFO             PET0 PIOc_freedecomp Enter - MemInfo: [/proc/self/status]	VmPeak:	  134648 kB
20220313 062833.364 INFO             PET0 PIOc_freedecomp Enter - MemInfo: [/proc/self/status]	VmSize:	  134648 kB
20220313 062833.364 INFO             PET0 PIOc_freedecomp Enter - MemInfo: [/proc/self/status]	VmLck:	       0 kB
20220313 062833.364 INFO             PET0 PIOc_freedecomp Enter - MemInfo: [/proc/self/status]	VmPin:	       0 kB
20220313 062833.364 INFO             PET0 PIOc_freedecomp Enter - MemInfo: [/proc/self/status]	VmHWM:	   30100 kB
20220313 062833.364 INFO             PET0 PIOc_freedecomp Enter - MemInfo: [/proc/self/status]	VmRSS:	   30100 kB
20220313 062833.364 INFO             PET0 PIOc_freedecomp Enter - MemInfo: [/proc/self/status]	VmData:	   39056 kB
20220313 062833.364 INFO             PET0 PIOc_freedecomp Enter - MemInfo: [/proc/self/status]	VmStk:	     144 kB
20220313 062833.364 INFO             PET0 PIOc_freedecomp Enter - MemInfo: [/proc/self/status]	VmExe:	     212 kB
20220313 062833.364 INFO             PET0 PIOc_freedecomp Enter - MemInfo: [/proc/self/status]	VmLib:	   39752 kB
20220313 062833.364 INFO             PET0 PIOc_freedecomp Enter - MemInfo: [/proc/self/status]	VmPTE:	     232 kB
20220313 062833.364 INFO             PET0 PIOc_freedecomp Enter - MemInfo: [/proc/self/status]	VmPMD:	      16 kB
20220313 062833.364 INFO             PET0 PIOc_freedecomp Enter - MemInfo: [/proc/self/status]	VmSwap:	       0 kB
20220313 062833.364 INFO             PET0 PIOc_freedecomp Enter - MemInfo: [/proc/self/status]	VmRSSPercent: 0.0459493 %
20220313 062833.364 INFO             PET0 PIOc_freedecomp Enter - MemInfo: [malloc] Non-mmapped space allocated:                36577280 Byte
20220313 062833.364 INFO             PET0 PIOc_freedecomp Enter - MemInfo: [malloc] Space allocated in mmapped regions:                0 Byte
20220313 062833.364 INFO             PET0 PIOc_freedecomp Enter - MemInfo: [malloc] Maximum total allocated space:                     0 Byte
20220313 062833.364 INFO             PET0 PIOc_freedecomp Enter - MemInfo: [malloc] Space in freed fastbin blocks:                  1040 Byte
20220313 062833.364 INFO             PET0 PIOc_freedecomp Enter - MemInfo: [malloc] Total allocated space:                      19145936 Byte
20220313 062833.364 INFO             PET0 PIOc_freedecomp Enter - MemInfo: [malloc] Total free space:                           17431344 Byte
20220313 062833.364 INFO             PET0 PIOc_freedecomp Enter - MemInfo: [malloc] Top-most, releasable space:                   115696 Byte
20220313 062833.364 INFO             PET0 PIOc_freedecomp Enter - MemInfo: [malloc] Total space in use, mmap + non-mmap:        19145936 Byte
20220313 062833.364 INFO             PET0 PIOc_freedecomp Enter - MemInfo: [malloc] Total space held (mmap + non-mmap):         36577280 Byte
20220313 062833.364 INFO             PET0 PIOc_freedecomp Enter - MemInfo: [malloc] Total space used (mmap + non-mmap):         19155312 Byte
20220313 062833.364 INFO             PET0 PIOc_freedecomp Enter - MemInfo: Wall-clock time since execution start:              0.0178576 seconds
20220313 062833.364 INFO             PET0 PIOc_freedecomp Exit - MemInfo: [/proc/meminfo - SSI]	MemTotal:       65507008 kB
20220313 062833.364 INFO             PET0 PIOc_freedecomp Exit - MemInfo: [/proc/meminfo - SSI]	MemFree:        49846952 kB
20220313 062833.364 INFO             PET0 PIOc_freedecomp Exit - MemInfo: [/proc/meminfo - SSI]	MemAvailable:   49612580 kB
20220313 062833.364 INFO             PET0 PIOc_freedecomp Exit - MemInfo: [/proc/meminfo - SSI]	Committed_AS:   13173152 kB
20220313 062833.364 INFO             PET0 PIOc_freedecomp Exit - MemInfo: [/proc/meminfo - SSI]	CommittedPercent: 20.1095 %
20220313 062833.364 INFO             PET0 PIOc_freedecomp Exit - MemInfo: [/proc/self/status]	VmPeak:	  134648 kB
20220313 062833.364 INFO             PET0 PIOc_freedecomp Exit - MemInfo: [/proc/self/status]	VmSize:	  134648 kB
20220313 062833.364 INFO             PET0 PIOc_freedecomp Exit - MemInfo: [/proc/self/status]	VmLck:	       0 kB
20220313 062833.364 INFO             PET0 PIOc_freedecomp Exit - MemInfo: [/proc/self/status]	VmPin:	       0 kB
20220313 062833.364 INFO             PET0 PIOc_freedecomp Exit - MemInfo: [/proc/self/status]	VmHWM:	   30100 kB
20220313 062833.364 INFO             PET0 PIOc_freedecomp Exit - MemInfo: [/proc/self/status]	VmRSS:	   30100 kB
20220313 062833.364 INFO             PET0 PIOc_freedecomp Exit - MemInfo: [/proc/self/status]	VmData:	   39056 kB
20220313 062833.364 INFO             PET0 PIOc_freedecomp Exit - MemInfo: [/proc/self/status]	VmStk:	     144 kB
20220313 062833.364 INFO             PET0 PIOc_freedecomp Exit - MemInfo: [/proc/self/status]	VmExe:	     212 kB
20220313 062833.364 INFO             PET0 PIOc_freedecomp Exit - MemInfo: [/proc/self/status]	VmLib:	   39752 kB
20220313 062833.364 INFO             PET0 PIOc_freedecomp Exit - MemInfo: [/proc/self/status]	VmPTE:	     232 kB
20220313 062833.364 INFO             PET0 PIOc_freedecomp Exit - MemInfo: [/proc/self/status]	VmPMD:	      16 kB
20220313 062833.364 INFO             PET0 PIOc_freedecomp Exit - MemInfo: [/proc/self/status]	VmSwap:	       0 kB
20220313 062833.364 INFO             PET0 PIOc_freedecomp Exit - MemInfo: [/proc/self/status]	VmRSSPercent: 0.0459493 %
20220313 062833.364 INFO             PET0 PIOc_freedecomp Exit - MemInfo: [malloc] Non-mmapped space allocated:                36577280 Byte
20220313 062833.364 INFO             PET0 PIOc_freedecomp Exit - MemInfo: [malloc] Space allocated in mmapped regions:                0 Byte
20220313 062833.364 INFO             PET0 PIOc_freedecomp Exit - MemInfo: [malloc] Maximum total allocated space:                     0 Byte
20220313 062833.364 INFO             PET0 PIOc_freedecomp Exit - MemInfo: [malloc] Space in freed fastbin blocks:                  1344 Byte
20220313 062833.364 INFO             PET0 PIOc_freedecomp Exit - MemInfo: [malloc] Total allocated space:                      19144128 Byte
20220313 062833.364 INFO             PET0 PIOc_freedecomp Exit - MemInfo: [malloc] Total free space:                           17433152 Byte
20220313 062833.364 INFO             PET0 PIOc_freedecomp Exit - MemInfo: [malloc] Top-most, releasable space:                   115696 Byte
20220313 062833.364 INFO             PET0 PIOc_freedecomp Exit - MemInfo: [malloc] Total space in use, mmap + non-mmap:        19144128 Byte
20220313 062833.364 INFO             PET0 PIOc_freedecomp Exit - MemInfo: [malloc] Total space held (mmap + non-mmap):         36577280 Byte
20220313 062833.364 INFO             PET0 PIOc_freedecomp Exit - MemInfo: [malloc] Total space used (mmap + non-mmap):         19153504 Byte
20220313 062833.364 INFO             PET0 PIOc_freedecomp Exit - MemInfo: Wall-clock time since execution start:              0.0180582 seconds
20220313 062833.365 INFO             PET0 PIOc_sync Enter - MemInfo: [/proc/meminfo - SSI]	MemTotal:       65507008 kB
20220313 062833.365 INFO             PET0 PIOc_sync Enter - MemInfo: [/proc/meminfo - SSI]	MemFree:        49846952 kB
20220313 062833.365 INFO             PET0 PIOc_sync Enter - MemInfo: [/proc/meminfo - SSI]	MemAvailable:   49612580 kB
20220313 062833.365 INFO             PET0 PIOc_sync Enter - MemInfo: [/proc/meminfo - SSI]	Committed_AS:   13173152 kB
20220313 062833.365 INFO             PET0 PIOc_sync Enter - MemInfo: [/proc/meminfo - SSI]	CommittedPercent: 20.1095 %
20220313 062833.365 INFO             PET0 PIOc_sync Enter - MemInfo: [/proc/self/status]	VmPeak:	  142836 kB
20220313 062833.365 INFO             PET0 PIOc_sync Enter - MemInfo: [/proc/self/status]	VmSize:	  134648 kB
20220313 062833.365 INFO             PET0 PIOc_sync Enter - MemInfo: [/proc/self/status]	VmLck:	       0 kB
20220313 062833.365 INFO             PET0 PIOc_sync Enter - MemInfo: [/proc/self/status]	VmPin:	       0 kB
20220313 062833.365 INFO             PET0 PIOc_sync Enter - MemInfo: [/proc/self/status]	VmHWM:	   30104 kB
20220313 062833.365 INFO             PET0 PIOc_sync Enter - MemInfo: [/proc/self/status]	VmRSS:	   30104 kB
20220313 062833.365 INFO             PET0 PIOc_sync Enter - MemInfo: [/proc/self/status]	VmData:	   39056 kB
20220313 062833.365 INFO             PET0 PIOc_sync Enter - MemInfo: [/proc/self/status]	VmStk:	     144 kB
20220313 062833.365 INFO             PET0 PIOc_sync Enter - MemInfo: [/proc/self/status]	VmExe:	     212 kB
20220313 062833.365 INFO             PET0 PIOc_sync Enter - MemInfo: [/proc/self/status]	VmLib:	   39752 kB
20220313 062833.365 INFO             PET0 PIOc_sync Enter - MemInfo: [/proc/self/status]	VmPTE:	     232 kB
20220313 062833.365 INFO             PET0 PIOc_sync Enter - MemInfo: [/proc/self/status]	VmPMD:	      16 kB
20220313 062833.365 INFO             PET0 PIOc_sync Enter - MemInfo: [/proc/self/status]	VmSwap:	       0 kB
20220313 062833.365 INFO             PET0 PIOc_sync Enter - MemInfo: [/proc/self/status]	VmRSSPercent: 0.0459554 %
20220313 062833.365 INFO             PET0 PIOc_sync Enter - MemInfo: [malloc] Non-mmapped space allocated:                36577280 Byte
20220313 062833.365 INFO             PET0 PIOc_sync Enter - MemInfo: [malloc] Space allocated in mmapped regions:                0 Byte
20220313 062833.365 INFO             PET0 PIOc_sync Enter - MemInfo: [malloc] Maximum total allocated space:                     0 Byte
20220313 062833.365 INFO             PET0 PIOc_sync Enter - MemInfo: [malloc] Space in freed fastbin blocks:                  1712 Byte
20220313 062833.365 INFO             PET0 PIOc_sync Enter - MemInfo: [malloc] Total allocated space:                      36461920 Byte
20220313 062833.365 INFO             PET0 PIOc_sync Enter - MemInfo: [malloc] Total free space:                             115360 Byte
20220313 062833.365 INFO             PET0 PIOc_sync Enter - MemInfo: [malloc] Top-most, releasable space:                   112976 Byte
20220313 062833.365 INFO             PET0 PIOc_sync Enter - MemInfo: [malloc] Total space in use, mmap + non-mmap:        36461920 Byte
20220313 062833.365 INFO             PET0 PIOc_sync Enter - MemInfo: [malloc] Total space held (mmap + non-mmap):         36577280 Byte
20220313 062833.365 INFO             PET0 PIOc_sync Enter - MemInfo: [malloc] Total space used (mmap + non-mmap):         36471312 Byte
20220313 062833.365 INFO             PET0 PIOc_sync Enter - MemInfo: Wall-clock time since execution start:               0.019693 seconds
20220313 062833.366 INFO             PET0 PIOc_sync Exit - MemInfo: [/proc/meminfo - SSI]	MemTotal:       65507008 kB
20220313 062833.366 INFO             PET0 PIOc_sync Exit - MemInfo: [/proc/meminfo - SSI]	MemFree:        49846952 kB
20220313 062833.366 INFO             PET0 PIOc_sync Exit - MemInfo: [/proc/meminfo - SSI]	MemAvailable:   49612580 kB
20220313 062833.366 INFO             PET0 PIOc_sync Exit - MemInfo: [/proc/meminfo - SSI]	Committed_AS:   13173152 kB
20220313 062833.366 INFO             PET0 PIOc_sync Exit - MemInfo: [/proc/meminfo - SSI]	CommittedPercent: 20.1095 %
20220313 062833.366 INFO             PET0 PIOc_sync Exit - MemInfo: [/proc/self/status]	VmPeak:	  142836 kB
20220313 062833.366 INFO             PET0 PIOc_sync Exit - MemInfo: [/proc/self/status]	VmSize:	  134648 kB
20220313 062833.366 INFO             PET0 PIOc_sync Exit - MemInfo: [/proc/self/status]	VmLck:	       0 kB
20220313 062833.366 INFO             PET0 PIOc_sync Exit - MemInfo: [/proc/self/status]	VmPin:	       0 kB
20220313 062833.366 INFO             PET0 PIOc_sync Exit - MemInfo: [/proc/self/status]	VmHWM:	   30104 kB
20220313 062833.366 INFO             PET0 PIOc_sync Exit - MemInfo: [/proc/self/status]	VmRSS:	   30104 kB
20220313 062833.366 INFO             PET0 PIOc_sync Exit - MemInfo: [/proc/self/status]	VmData:	   39056 kB
20220313 062833.366 INFO             PET0 PIOc_sync Exit - MemInfo: [/proc/self/status]	VmStk:	     144 kB
20220313 062833.366 INFO             PET0 PIOc_sync Exit - MemInfo: [/proc/self/status]	VmExe:	     212 kB
20220313 062833.366 INFO             PET0 PIOc_sync Exit - MemInfo: [/proc/self/status]	VmLib:	   39752 kB
20220313 062833.366 INFO             PET0 PIOc_sync Exit - MemInfo: [/proc/self/status]	VmPTE:	     232 kB
20220313 062833.366 INFO             PET0 PIOc_sync Exit - MemInfo: [/proc/self/status]	VmPMD:	      16 kB
20220313 062833.366 INFO             PET0 PIOc_sync Exit - MemInfo: [/proc/self/status]	VmSwap:	       0 kB
20220313 062833.366 INFO             PET0 PIOc_sync Exit - MemInfo: [/proc/self/status]	VmRSSPercent: 0.0459554 %
20220313 062833.366 INFO             PET0 PIOc_sync Exit - MemInfo: [malloc] Non-mmapped space allocated:                36577280 Byte
20220313 062833.366 INFO             PET0 PIOc_sync Exit - MemInfo: [malloc] Space allocated in mmapped regions:                0 Byte
20220313 062833.366 INFO             PET0 PIOc_sync Exit - MemInfo: [malloc] Maximum total allocated space:                     0 Byte
20220313 062833.366 INFO             PET0 PIOc_sync Exit - MemInfo: [malloc] Space in freed fastbin blocks:                  3104 Byte
20220313 062833.366 INFO             PET0 PIOc_sync Exit - MemInfo: [malloc] Total allocated space:                      36461536 Byte
20220313 062833.366 INFO             PET0 PIOc_sync Exit - MemInfo: [malloc] Total free space:                             115744 Byte
20220313 062833.366 INFO             PET0 PIOc_sync Exit - MemInfo: [malloc] Top-most, releasable space:                   111712 Byte
20220313 062833.366 INFO             PET0 PIOc_sync Exit - MemInfo: [malloc] Total space in use, mmap + non-mmap:        36461536 Byte
20220313 062833.366 INFO             PET0 PIOc_sync Exit - MemInfo: [malloc] Total space held (mmap + non-mmap):         36577280 Byte
20220313 062833.366 INFO             PET0 PIOc_sync Exit - MemInfo: [malloc] Total space used (mmap + non-mmap):         36470928 Byte
20220313 062833.366 INFO             PET0 PIOc_sync Exit - MemInfo: Wall-clock time since execution start:              0.0199466 seconds
20220313 062833.366 INFO             PET0 PIOc_freedecomp Enter - MemInfo: [/proc/meminfo - SSI]	MemTotal:       65507008 kB
20220313 062833.366 INFO             PET0 PIOc_freedecomp Enter - MemInfo: [/proc/meminfo - SSI]	MemFree:        49846952 kB
20220313 062833.366 INFO             PET0 PIOc_freedecomp Enter - MemInfo: [/proc/meminfo - SSI]	MemAvailable:   49612580 kB
20220313 062833.366 INFO             PET0 PIOc_freedecomp Enter - MemInfo: [/proc/meminfo - SSI]	Committed_AS:   13173152 kB
20220313 062833.366 INFO             PET0 PIOc_freedecomp Enter - MemInfo: [/proc/meminfo - SSI]	CommittedPercent: 20.1095 %
20220313 062833.366 INFO             PET0 PIOc_freedecomp Enter - MemInfo: [/proc/self/status]	VmPeak:	  142836 kB
20220313 062833.366 INFO             PET0 PIOc_freedecomp Enter - MemInfo: [/proc/self/status]	VmSize:	  134648 kB
20220313 062833.366 INFO             PET0 PIOc_freedecomp Enter - MemInfo: [/proc/self/status]	VmLck:	       0 kB
20220313 062833.366 INFO             PET0 PIOc_freedecomp Enter - MemInfo: [/proc/self/status]	VmPin:	       0 kB
20220313 062833.366 INFO             PET0 PIOc_freedecomp Enter - MemInfo: [/proc/self/status]	VmHWM:	   30108 kB
20220313 062833.366 INFO             PET0 PIOc_freedecomp Enter - MemInfo: [/proc/self/status]	VmRSS:	   30108 kB
20220313 062833.366 INFO             PET0 PIOc_freedecomp Enter - MemInfo: [/proc/self/status]	VmData:	   39056 kB
20220313 062833.366 INFO             PET0 PIOc_freedecomp Enter - MemInfo: [/proc/self/status]	VmStk:	     144 kB
20220313 062833.366 INFO             PET0 PIOc_freedecomp Enter - MemInfo: [/proc/self/status]	VmExe:	     212 kB
20220313 062833.366 INFO             PET0 PIOc_freedecomp Enter - MemInfo: [/proc/self/status]	VmLib:	   39752 kB
20220313 062833.366 INFO             PET0 PIOc_freedecomp Enter - MemInfo: [/proc/self/status]	VmPTE:	     232 kB
20220313 062833.366 INFO             PET0 PIOc_freedecomp Enter - MemInfo: [/proc/self/status]	VmPMD:	      16 kB
20220313 062833.366 INFO             PET0 PIOc_freedecomp Enter - MemInfo: [/proc/self/status]	VmSwap:	       0 kB
20220313 062833.366 INFO             PET0 PIOc_freedecomp Enter - MemInfo: [/proc/self/status]	VmRSSPercent: 0.0459615 %
20220313 062833.366 INFO             PET0 PIOc_freedecomp Enter - MemInfo: [malloc] Non-mmapped space allocated:                36577280 Byte
20220313 062833.366 INFO             PET0 PIOc_freedecomp Enter - MemInfo: [malloc] Space allocated in mmapped regions:                0 Byte
20220313 062833.366 INFO             PET0 PIOc_freedecomp Enter - MemInfo: [malloc] Maximum total allocated space:                     0 Byte
20220313 062833.366 INFO             PET0 PIOc_freedecomp Enter - MemInfo: [malloc] Space in freed fastbin blocks:                  1040 Byte
20220313 062833.366 INFO             PET0 PIOc_freedecomp Enter - MemInfo: [malloc] Total allocated space:                      19145936 Byte
20220313 062833.366 INFO             PET0 PIOc_freedecomp Enter - MemInfo: [malloc] Total free space:                           17431344 Byte
20220313 062833.366 INFO             PET0 PIOc_freedecomp Enter - MemInfo: [malloc] Top-most, releasable space:                   114288 Byte
20220313 062833.366 INFO             PET0 PIOc_freedecomp Enter - MemInfo: [malloc] Total space in use, mmap + non-mmap:        19145936 Byte
20220313 062833.366 INFO             PET0 PIOc_freedecomp Enter - MemInfo: [malloc] Total space held (mmap + non-mmap):         36577280 Byte
20220313 062833.366 INFO             PET0 PIOc_freedecomp Enter - MemInfo: [malloc] Total space used (mmap + non-mmap):         19155312 Byte
20220313 062833.366 INFO             PET0 PIOc_freedecomp Enter - MemInfo: Wall-clock time since execution start:              0.0201892 seconds
20220313 062833.366 INFO             PET0 PIOc_freedecomp Exit - MemInfo: [/proc/meminfo - SSI]	MemTotal:       65507008 kB
20220313 062833.366 INFO             PET0 PIOc_freedecomp Exit - MemInfo: [/proc/meminfo - SSI]	MemFree:        49846952 kB
20220313 062833.366 INFO             PET0 PIOc_freedecomp Exit - MemInfo: [/proc/meminfo - SSI]	MemAvailable:   49612580 kB
20220313 062833.366 INFO             PET0 PIOc_freedecomp Exit - MemInfo: [/proc/meminfo - SSI]	Committed_AS:   13173152 kB
20220313 062833.366 INFO             PET0 PIOc_freedecomp Exit - MemInfo: [/proc/meminfo - SSI]	CommittedPercent: 20.1095 %
20220313 062833.366 INFO             PET0 PIOc_freedecomp Exit - MemInfo: [/proc/self/status]	VmPeak:	  142836 kB
20220313 062833.366 INFO             PET0 PIOc_freedecomp Exit - MemInfo: [/proc/self/status]	VmSize:	  134648 kB
20220313 062833.366 INFO             PET0 PIOc_freedecomp Exit - MemInfo: [/proc/self/status]	VmLck:	       0 kB
20220313 062833.366 INFO             PET0 PIOc_freedecomp Exit - MemInfo: [/proc/self/status]	VmPin:	       0 kB
20220313 062833.366 INFO             PET0 PIOc_freedecomp Exit - MemInfo: [/proc/self/status]	VmHWM:	   30108 kB
20220313 062833.366 INFO             PET0 PIOc_freedecomp Exit - MemInfo: [/proc/self/status]	VmRSS:	   30108 kB
20220313 062833.366 INFO             PET0 PIOc_freedecomp Exit - MemInfo: [/proc/self/status]	VmData:	   39056 kB
20220313 062833.366 INFO             PET0 PIOc_freedecomp Exit - MemInfo: [/proc/self/status]	VmStk:	     144 kB
20220313 062833.366 INFO             PET0 PIOc_freedecomp Exit - MemInfo: [/proc/self/status]	VmExe:	     212 kB
20220313 062833.366 INFO             PET0 PIOc_freedecomp Exit - MemInfo: [/proc/self/status]	VmLib:	   39752 kB
20220313 062833.366 INFO             PET0 PIOc_freedecomp Exit - MemInfo: [/proc/self/status]	VmPTE:	     232 kB
20220313 062833.366 INFO             PET0 PIOc_freedecomp Exit - MemInfo: [/proc/self/status]	VmPMD:	      16 kB
20220313 062833.366 INFO             PET0 PIOc_freedecomp Exit - MemInfo: [/proc/self/status]	VmSwap:	       0 kB
20220313 062833.366 INFO             PET0 PIOc_freedecomp Exit - MemInfo: [/proc/self/status]	VmRSSPercent: 0.0459615 %
20220313 062833.366 INFO             PET0 PIOc_freedecomp Exit - MemInfo: [malloc] Non-mmapped space allocated:                36577280 Byte
20220313 062833.366 INFO             PET0 PIOc_freedecomp Exit - MemInfo: [malloc] Space allocated in mmapped regions:                0 Byte
20220313 062833.366 INFO             PET0 PIOc_freedecomp Exit - MemInfo: [malloc] Maximum total allocated space:                     0 Byte
20220313 062833.366 INFO             PET0 PIOc_freedecomp Exit - MemInfo: [malloc] Space in freed fastbin blocks:                  3056 Byte
20220313 062833.366 INFO             PET0 PIOc_freedecomp Exit - MemInfo: [malloc] Total allocated space:                      19144128 Byte
20220313 062833.366 INFO             PET0 PIOc_freedecomp Exit - MemInfo: [malloc] Total free space:                           17433152 Byte
20220313 062833.366 INFO             PET0 PIOc_freedecomp Exit - MemInfo: [malloc] Top-most, releasable space:                   114288 Byte
20220313 062833.366 INFO             PET0 PIOc_freedecomp Exit - MemInfo: [malloc] Total space in use, mmap + non-mmap:        19144128 Byte
20220313 062833.366 INFO             PET0 PIOc_freedecomp Exit - MemInfo: [malloc] Total space held (mmap + non-mmap):         36577280 Byte
20220313 062833.366 INFO             PET0 PIOc_freedecomp Exit - MemInfo: [malloc] Total space used (mmap + non-mmap):         19153520 Byte
20220313 062833.366 INFO             PET0 PIOc_freedecomp Exit - MemInfo: Wall-clock time since execution start:              0.0203884 seconds
20220313 062833.367 INFO             PET0 PIOc_sync Enter - MemInfo: [/proc/meminfo - SSI]	MemTotal:       65507008 kB
20220313 062833.367 INFO             PET0 PIOc_sync Enter - MemInfo: [/proc/meminfo - SSI]	MemFree:        49846952 kB
20220313 062833.367 INFO             PET0 PIOc_sync Enter - MemInfo: [/proc/meminfo - SSI]	MemAvailable:   49612580 kB
20220313 062833.367 INFO             PET0 PIOc_sync Enter - MemInfo: [/proc/meminfo - SSI]	Committed_AS:   13173152 kB
20220313 062833.367 INFO             PET0 PIOc_sync Enter - MemInfo: [/proc/meminfo - SSI]	CommittedPercent: 20.1095 %
20220313 062833.367 INFO             PET0 PIOc_sync Enter - MemInfo: [/proc/self/status]	VmPeak:	  142836 kB
20220313 062833.367 INFO             PET0 PIOc_sync Enter - MemInfo: [/proc/self/status]	VmSize:	  134648 kB
20220313 062833.367 INFO             PET0 PIOc_sync Enter - MemInfo: [/proc/self/status]	VmLck:	       0 kB
20220313 062833.367 INFO             PET0 PIOc_sync Enter - MemInfo: [/proc/self/status]	VmPin:	       0 kB
20220313 062833.367 INFO             PET0 PIOc_sync Enter - MemInfo: [/proc/self/status]	VmHWM:	   30108 kB
20220313 062833.367 INFO             PET0 PIOc_sync Enter - MemInfo: [/proc/self/status]	VmRSS:	   30108 kB
20220313 062833.367 INFO             PET0 PIOc_sync Enter - MemInfo: [/proc/self/status]	VmData:	   39056 kB
20220313 062833.367 INFO             PET0 PIOc_sync Enter - MemInfo: [/proc/self/status]	VmStk:	     144 kB
20220313 062833.367 INFO             PET0 PIOc_sync Enter - MemInfo: [/proc/self/status]	VmExe:	     212 kB
20220313 062833.367 INFO             PET0 PIOc_sync Enter - MemInfo: [/proc/self/status]	VmLib:	   39752 kB
20220313 062833.367 INFO             PET0 PIOc_sync Enter - MemInfo: [/proc/self/status]	VmPTE:	     232 kB
20220313 062833.367 INFO             PET0 PIOc_sync Enter - MemInfo: [/proc/self/status]	VmPMD:	      16 kB
20220313 062833.367 INFO             PET0 PIOc_sync Enter - MemInfo: [/proc/self/status]	VmSwap:	       0 kB
20220313 062833.367 INFO             PET0 PIOc_sync Enter - MemInfo: [/proc/self/status]	VmRSSPercent: 0.0459615 %
20220313 062833.367 INFO             PET0 PIOc_sync Enter - MemInfo: [malloc] Non-mmapped space allocated:                36577280 Byte
20220313 062833.367 INFO             PET0 PIOc_sync Enter - MemInfo: [malloc] Space allocated in mmapped regions:                0 Byte
20220313 062833.367 INFO             PET0 PIOc_sync Enter - MemInfo: [malloc] Maximum total allocated space:                     0 Byte
20220313 062833.367 INFO             PET0 PIOc_sync Enter - MemInfo: [malloc] Space in freed fastbin blocks:                   288 Byte
20220313 062833.367 INFO             PET0 PIOc_sync Enter - MemInfo: [malloc] Total allocated space:                      36462640 Byte
20220313 062833.367 INFO             PET0 PIOc_sync Enter - MemInfo: [malloc] Total free space:                             114640 Byte
20220313 062833.367 INFO             PET0 PIOc_sync Enter - MemInfo: [malloc] Top-most, releasable space:                   112672 Byte
20220313 062833.367 INFO             PET0 PIOc_sync Enter - MemInfo: [malloc] Total space in use, mmap + non-mmap:        36462640 Byte
20220313 062833.367 INFO             PET0 PIOc_sync Enter - MemInfo: [malloc] Total space held (mmap + non-mmap):         36577280 Byte
20220313 062833.367 INFO             PET0 PIOc_sync Enter - MemInfo: [malloc] Total space used (mmap + non-mmap):         36472032 Byte
20220313 062833.367 INFO             PET0 PIOc_sync Enter - MemInfo: Wall-clock time since execution start:              0.0212843 seconds
20220313 062833.367 INFO             PET0 PIOc_sync Exit - MemInfo: [/proc/meminfo - SSI]	MemTotal:       65507008 kB
20220313 062833.367 INFO             PET0 PIOc_sync Exit - MemInfo: [/proc/meminfo - SSI]	MemFree:        49846952 kB
20220313 062833.367 INFO             PET0 PIOc_sync Exit - MemInfo: [/proc/meminfo - SSI]	MemAvailable:   49612580 kB
20220313 062833.367 INFO             PET0 PIOc_sync Exit - MemInfo: [/proc/meminfo - SSI]	Committed_AS:   13173152 kB
20220313 062833.367 INFO             PET0 PIOc_sync Exit - MemInfo: [/proc/meminfo - SSI]	CommittedPercent: 20.1095 %
20220313 062833.367 INFO             PET0 PIOc_sync Exit - MemInfo: [/proc/self/status]	VmPeak:	  142836 kB
20220313 062833.367 INFO             PET0 PIOc_sync Exit - MemInfo: [/proc/self/status]	VmSize:	  134648 kB
20220313 062833.367 INFO             PET0 PIOc_sync Exit - MemInfo: [/proc/self/status]	VmLck:	       0 kB
20220313 062833.367 INFO             PET0 PIOc_sync Exit - MemInfo: [/proc/self/status]	VmPin:	       0 kB
20220313 062833.367 INFO             PET0 PIOc_sync Exit - MemInfo: [/proc/self/status]	VmHWM:	   30108 kB
20220313 062833.367 INFO             PET0 PIOc_sync Exit - MemInfo: [/proc/self/status]	VmRSS:	   30108 kB
20220313 062833.367 INFO             PET0 PIOc_sync Exit - MemInfo: [/proc/self/status]	VmData:	   39056 kB
20220313 062833.367 INFO             PET0 PIOc_sync Exit - MemInfo: [/proc/self/status]	VmStk:	     144 kB
20220313 062833.367 INFO             PET0 PIOc_sync Exit - MemInfo: [/proc/self/status]	VmExe:	     212 kB
20220313 062833.367 INFO             PET0 PIOc_sync Exit - MemInfo: [/proc/self/status]	VmLib:	   39752 kB
20220313 062833.367 INFO             PET0 PIOc_sync Exit - MemInfo: [/proc/self/status]	VmPTE:	     232 kB
20220313 062833.367 INFO             PET0 PIOc_sync Exit - MemInfo: [/proc/self/status]	VmPMD:	      16 kB
20220313 062833.367 INFO             PET0 PIOc_sync Exit - MemInfo: [/proc/self/status]	VmSwap:	       0 kB
20220313 062833.367 INFO             PET0 PIOc_sync Exit - MemInfo: [/proc/self/status]	VmRSSPercent: 0.0459615 %
20220313 062833.367 INFO             PET0 PIOc_sync Exit - MemInfo: [malloc] Non-mmapped space allocated:                36577280 Byte
20220313 062833.367 INFO             PET0 PIOc_sync Exit - MemInfo: [malloc] Space allocated in mmapped regions:                0 Byte
20220313 062833.367 INFO             PET0 PIOc_sync Exit - MemInfo: [malloc] Maximum total allocated space:                     0 Byte
20220313 062833.367 INFO             PET0 PIOc_sync Exit - MemInfo: [malloc] Space in freed fastbin blocks:                  3040 Byte
20220313 062833.367 INFO             PET0 PIOc_sync Exit - MemInfo: [malloc] Total allocated space:                      36462256 Byte
20220313 062833.367 INFO             PET0 PIOc_sync Exit - MemInfo: [malloc] Total free space:                             115024 Byte
20220313 062833.367 INFO             PET0 PIOc_sync Exit - MemInfo: [malloc] Top-most, releasable space:                   111312 Byte
20220313 062833.367 INFO             PET0 PIOc_sync Exit - MemInfo: [malloc] Total space in use, mmap + non-mmap:        36462256 Byte
20220313 062833.367 INFO             PET0 PIOc_sync Exit - MemInfo: [malloc] Total space held (mmap + non-mmap):         36577280 Byte
20220313 062833.367 INFO             PET0 PIOc_sync Exit - MemInfo: [malloc] Total space used (mmap + non-mmap):         36471648 Byte
20220313 062833.367 INFO             PET0 PIOc_sync Exit - MemInfo: Wall-clock time since execution start:              0.0215339 seconds
20220313 062833.367 INFO             PET0 PIOc_freedecomp Enter - MemInfo: [/proc/meminfo - SSI]	MemTotal:       65507008 kB
20220313 062833.367 INFO             PET0 PIOc_freedecomp Enter - MemInfo: [/proc/meminfo - SSI]	MemFree:        49846952 kB
20220313 062833.367 INFO             PET0 PIOc_freedecomp Enter - MemInfo: [/proc/meminfo - SSI]	MemAvailable:   49612580 kB
20220313 062833.367 INFO             PET0 PIOc_freedecomp Enter - MemInfo: [/proc/meminfo - SSI]	Committed_AS:   13173152 kB
20220313 062833.367 INFO             PET0 PIOc_freedecomp Enter - MemInfo: [/proc/meminfo - SSI]	CommittedPercent: 20.1095 %
20220313 062833.367 INFO             PET0 PIOc_freedecomp Enter - MemInfo: [/proc/self/status]	VmPeak:	  142836 kB
20220313 062833.367 INFO             PET0 PIOc_freedecomp Enter - MemInfo: [/proc/self/status]	VmSize:	  134648 kB
20220313 062833.367 INFO             PET0 PIOc_freedecomp Enter - MemInfo: [/proc/self/status]	VmLck:	       0 kB
20220313 062833.367 INFO             PET0 PIOc_freedecomp Enter - MemInfo: [/proc/self/status]	VmPin:	       0 kB
20220313 062833.367 INFO             PET0 PIOc_freedecomp Enter - MemInfo: [/proc/self/status]	VmHWM:	   30108 kB
20220313 062833.367 INFO             PET0 PIOc_freedecomp Enter - MemInfo: [/proc/self/status]	VmRSS:	   30108 kB
20220313 062833.367 INFO             PET0 PIOc_freedecomp Enter - MemInfo: [/proc/self/status]	VmData:	   39056 kB
20220313 062833.367 INFO             PET0 PIOc_freedecomp Enter - MemInfo: [/proc/self/status]	VmStk:	     144 kB
20220313 062833.367 INFO             PET0 PIOc_freedecomp Enter - MemInfo: [/proc/self/status]	VmExe:	     212 kB
20220313 062833.367 INFO             PET0 PIOc_freedecomp Enter - MemInfo: [/proc/self/status]	VmLib:	   39752 kB
20220313 062833.367 INFO             PET0 PIOc_freedecomp Enter - MemInfo: [/proc/self/status]	VmPTE:	     232 kB
20220313 062833.367 INFO             PET0 PIOc_freedecomp Enter - MemInfo: [/proc/self/status]	VmPMD:	      16 kB
20220313 062833.367 INFO             PET0 PIOc_freedecomp Enter - MemInfo: [/proc/self/status]	VmSwap:	       0 kB
20220313 062833.368 INFO             PET0 PIOc_freedecomp Enter - MemInfo: [/proc/self/status]	VmRSSPercent: 0.0459615 %
20220313 062833.368 INFO             PET0 PIOc_freedecomp Enter - MemInfo: [malloc] Non-mmapped space allocated:                36577280 Byte
20220313 062833.368 INFO             PET0 PIOc_freedecomp Enter - MemInfo: [malloc] Space allocated in mmapped regions:                0 Byte
20220313 062833.368 INFO             PET0 PIOc_freedecomp Enter - MemInfo: [malloc] Maximum total allocated space:                     0 Byte
20220313 062833.368 INFO             PET0 PIOc_freedecomp Enter - MemInfo: [malloc] Space in freed fastbin blocks:                   960 Byte
20220313 062833.368 INFO             PET0 PIOc_freedecomp Enter - MemInfo: [malloc] Total allocated space:                      19145952 Byte
20220313 062833.368 INFO             PET0 PIOc_freedecomp Enter - MemInfo: [malloc] Total free space:                           17431328 Byte
20220313 062833.368 INFO             PET0 PIOc_freedecomp Enter - MemInfo: [malloc] Top-most, releasable space:                   114448 Byte
20220313 062833.368 INFO             PET0 PIOc_freedecomp Enter - MemInfo: [malloc] Total space in use, mmap + non-mmap:        19145952 Byte
20220313 062833.368 INFO             PET0 PIOc_freedecomp Enter - MemInfo: [malloc] Total space held (mmap + non-mmap):         36577280 Byte
20220313 062833.368 INFO             PET0 PIOc_freedecomp Enter - MemInfo: [malloc] Total space used (mmap + non-mmap):         19155328 Byte
20220313 062833.368 INFO             PET0 PIOc_freedecomp Enter - MemInfo: Wall-clock time since execution start:              0.0217624 seconds
20220313 062833.368 INFO             PET0 PIOc_freedecomp Exit - MemInfo: [/proc/meminfo - SSI]	MemTotal:       65507008 kB
20220313 062833.368 INFO             PET0 PIOc_freedecomp Exit - MemInfo: [/proc/meminfo - SSI]	MemFree:        49846952 kB
20220313 062833.368 INFO             PET0 PIOc_freedecomp Exit - MemInfo: [/proc/meminfo - SSI]	MemAvailable:   49612580 kB
20220313 062833.368 INFO             PET0 PIOc_freedecomp Exit - MemInfo: [/proc/meminfo - SSI]	Committed_AS:   13173152 kB
20220313 062833.368 INFO             PET0 PIOc_freedecomp Exit - MemInfo: [/proc/meminfo - SSI]	CommittedPercent: 20.1095 %
20220313 062833.368 INFO             PET0 PIOc_freedecomp Exit - MemInfo: [/proc/self/status]	VmPeak:	  142836 kB
20220313 062833.368 INFO             PET0 PIOc_freedecomp Exit - MemInfo: [/proc/self/status]	VmSize:	  134648 kB
20220313 062833.368 INFO             PET0 PIOc_freedecomp Exit - MemInfo: [/proc/self/status]	VmLck:	       0 kB
20220313 062833.368 INFO             PET0 PIOc_freedecomp Exit - MemInfo: [/proc/self/status]	VmPin:	       0 kB
20220313 062833.368 INFO             PET0 PIOc_freedecomp Exit - MemInfo: [/proc/self/status]	VmHWM:	   30108 kB
20220313 062833.368 INFO             PET0 PIOc_freedecomp Exit - MemInfo: [/proc/self/status]	VmRSS:	   30108 kB
20220313 062833.368 INFO             PET0 PIOc_freedecomp Exit - MemInfo: [/proc/self/status]	VmData:	   39056 kB
20220313 062833.368 INFO             PET0 PIOc_freedecomp Exit - MemInfo: [/proc/self/status]	VmStk:	     144 kB
20220313 062833.368 INFO             PET0 PIOc_freedecomp Exit - MemInfo: [/proc/self/status]	VmExe:	     212 kB
20220313 062833.368 INFO             PET0 PIOc_freedecomp Exit - MemInfo: [/proc/self/status]	VmLib:	   39752 kB
20220313 062833.368 INFO             PET0 PIOc_freedecomp Exit - MemInfo: [/proc/self/status]	VmPTE:	     232 kB
20220313 062833.368 INFO             PET0 PIOc_freedecomp Exit - MemInfo: [/proc/self/status]	VmPMD:	      16 kB
20220313 062833.368 INFO             PET0 PIOc_freedecomp Exit - MemInfo: [/proc/self/status]	VmSwap:	       0 kB
20220313 062833.368 INFO             PET0 PIOc_freedecomp Exit - MemInfo: [/proc/self/status]	VmRSSPercent: 0.0459615 %
20220313 062833.368 INFO             PET0 PIOc_freedecomp Exit - MemInfo: [malloc] Non-mmapped space allocated:                36577280 Byte
20220313 062833.368 INFO             PET0 PIOc_freedecomp Exit - MemInfo: [malloc] Space allocated in mmapped regions:                0 Byte
20220313 062833.368 INFO             PET0 PIOc_freedecomp Exit - MemInfo: [malloc] Maximum total allocated space:                     0 Byte
20220313 062833.368 INFO             PET0 PIOc_freedecomp Exit - MemInfo: [malloc] Space in freed fastbin blocks:                  2960 Byte
20220313 062833.368 INFO             PET0 PIOc_freedecomp Exit - MemInfo: [malloc] Total allocated space:                      19144128 Byte
20220313 062833.368 INFO             PET0 PIOc_freedecomp Exit - MemInfo: [malloc] Total free space:                           17433152 Byte
20220313 062833.368 INFO             PET0 PIOc_freedecomp Exit - MemInfo: [malloc] Top-most, releasable space:                   114448 Byte
20220313 062833.368 INFO             PET0 PIOc_freedecomp Exit - MemInfo: [malloc] Total space in use, mmap + non-mmap:        19144128 Byte
20220313 062833.368 INFO             PET0 PIOc_freedecomp Exit - MemInfo: [malloc] Total space held (mmap + non-mmap):         36577280 Byte
20220313 062833.368 INFO             PET0 PIOc_freedecomp Exit - MemInfo: [malloc] Total space used (mmap + non-mmap):         19153504 Byte
20220313 062833.368 INFO             PET0 PIOc_freedecomp Exit - MemInfo: Wall-clock time since execution start:              0.0219587 seconds
20220313 062833.368 INFO             PET0 PIOc_sync Enter - MemInfo: [/proc/meminfo - SSI]	MemTotal:       65507008 kB
20220313 062833.368 INFO             PET0 PIOc_sync Enter - MemInfo: [/proc/meminfo - SSI]	MemFree:        49846952 kB
20220313 062833.368 INFO             PET0 PIOc_sync Enter - MemInfo: [/proc/meminfo - SSI]	MemAvailable:   49612580 kB
20220313 062833.369 INFO             PET0 PIOc_sync Enter - MemInfo: [/proc/meminfo - SSI]	Committed_AS:   13173152 kB
20220313 062833.369 INFO             PET0 PIOc_sync Enter - MemInfo: [/proc/meminfo - SSI]	CommittedPercent: 20.1095 %
20220313 062833.369 INFO             PET0 PIOc_sync Enter - MemInfo: [/proc/self/status]	VmPeak:	  142836 kB
20220313 062833.369 INFO             PET0 PIOc_sync Enter - MemInfo: [/proc/self/status]	VmSize:	  134648 kB
20220313 062833.369 INFO             PET0 PIOc_sync Enter - MemInfo: [/proc/self/status]	VmLck:	       0 kB
20220313 062833.369 INFO             PET0 PIOc_sync Enter - MemInfo: [/proc/self/status]	VmPin:	       0 kB
20220313 062833.369 INFO             PET0 PIOc_sync Enter - MemInfo: [/proc/self/status]	VmHWM:	   30108 kB
20220313 062833.369 INFO             PET0 PIOc_sync Enter - MemInfo: [/proc/self/status]	VmRSS:	   30108 kB
20220313 062833.369 INFO             PET0 PIOc_sync Enter - MemInfo: [/proc/self/status]	VmData:	   39056 kB
20220313 062833.369 INFO             PET0 PIOc_sync Enter - MemInfo: [/proc/self/status]	VmStk:	     144 kB
20220313 062833.369 INFO             PET0 PIOc_sync Enter - MemInfo: [/proc/self/status]	VmExe:	     212 kB
20220313 062833.369 INFO             PET0 PIOc_sync Enter - MemInfo: [/proc/self/status]	VmLib:	   39752 kB
20220313 062833.369 INFO             PET0 PIOc_sync Enter - MemInfo: [/proc/self/status]	VmPTE:	     232 kB
20220313 062833.369 INFO             PET0 PIOc_sync Enter - MemInfo: [/proc/self/status]	VmPMD:	      16 kB
20220313 062833.369 INFO             PET0 PIOc_sync Enter - MemInfo: [/proc/self/status]	VmSwap:	       0 kB
20220313 062833.369 INFO             PET0 PIOc_sync Enter - MemInfo: [/proc/self/status]	VmRSSPercent: 0.0459615 %
20220313 062833.369 INFO             PET0 PIOc_sync Enter - MemInfo: [malloc] Non-mmapped space allocated:                36577280 Byte
20220313 062833.369 INFO             PET0 PIOc_sync Enter - MemInfo: [malloc] Space allocated in mmapped regions:                0 Byte
20220313 062833.369 INFO             PET0 PIOc_sync Enter - MemInfo: [malloc] Maximum total allocated space:                     0 Byte
20220313 062833.369 INFO             PET0 PIOc_sync Enter - MemInfo: [malloc] Space in freed fastbin blocks:                   256 Byte
20220313 062833.369 INFO             PET0 PIOc_sync Enter - MemInfo: [malloc] Total allocated space:                      36463440 Byte
20220313 062833.369 INFO             PET0 PIOc_sync Enter - MemInfo: [malloc] Total free space:                             113840 Byte
20220313 062833.369 INFO             PET0 PIOc_sync Enter - MemInfo: [malloc] Top-most, releasable space:                   112064 Byte
20220313 062833.369 INFO             PET0 PIOc_sync Enter - MemInfo: [malloc] Total space in use, mmap + non-mmap:        36463440 Byte
20220313 062833.369 INFO             PET0 PIOc_sync Enter - MemInfo: [malloc] Total space held (mmap + non-mmap):         36577280 Byte
20220313 062833.369 INFO             PET0 PIOc_sync Enter - MemInfo: [malloc] Total space used (mmap + non-mmap):         36472816 Byte
20220313 062833.369 INFO             PET0 PIOc_sync Enter - MemInfo: Wall-clock time since execution start:               0.022865 seconds
20220313 062833.369 INFO             PET0 PIOc_sync Exit - MemInfo: [/proc/meminfo - SSI]	MemTotal:       65507008 kB
20220313 062833.369 INFO             PET0 PIOc_sync Exit - MemInfo: [/proc/meminfo - SSI]	MemFree:        49846952 kB
20220313 062833.369 INFO             PET0 PIOc_sync Exit - MemInfo: [/proc/meminfo - SSI]	MemAvailable:   49612580 kB
20220313 062833.369 INFO             PET0 PIOc_sync Exit - MemInfo: [/proc/meminfo - SSI]	Committed_AS:   13173152 kB
20220313 062833.369 INFO             PET0 PIOc_sync Exit - MemInfo: [/proc/meminfo - SSI]	CommittedPercent: 20.1095 %
20220313 062833.369 INFO             PET0 PIOc_sync Exit - MemInfo: [/proc/self/status]	VmPeak:	  142836 kB
20220313 062833.369 INFO             PET0 PIOc_sync Exit - MemInfo: [/proc/self/status]	VmSize:	  134648 kB
20220313 062833.369 INFO             PET0 PIOc_sync Exit - MemInfo: [/proc/self/status]	VmLck:	       0 kB
20220313 062833.369 INFO             PET0 PIOc_sync Exit - MemInfo: [/proc/self/status]	VmPin:	       0 kB
20220313 062833.369 INFO             PET0 PIOc_sync Exit - MemInfo: [/proc/self/status]	VmHWM:	   30108 kB
20220313 062833.369 INFO             PET0 PIOc_sync Exit - MemInfo: [/proc/self/status]	VmRSS:	   30108 kB
20220313 062833.369 INFO             PET0 PIOc_sync Exit - MemInfo: [/proc/self/status]	VmData:	   39056 kB
20220313 062833.369 INFO             PET0 PIOc_sync Exit - MemInfo: [/proc/self/status]	VmStk:	     144 kB
20220313 062833.369 INFO             PET0 PIOc_sync Exit - MemInfo: [/proc/self/status]	VmExe:	     212 kB
20220313 062833.369 INFO             PET0 PIOc_sync Exit - MemInfo: [/proc/self/status]	VmLib:	   39752 kB
20220313 062833.369 INFO             PET0 PIOc_sync Exit - MemInfo: [/proc/self/status]	VmPTE:	     232 kB
20220313 062833.369 INFO             PET0 PIOc_sync Exit - MemInfo: [/proc/self/status]	VmPMD:	      16 kB
20220313 062833.369 INFO             PET0 PIOc_sync Exit - MemInfo: [/proc/self/status]	VmSwap:	       0 kB
20220313 062833.369 INFO             PET0 PIOc_sync Exit - MemInfo: [/proc/self/status]	VmRSSPercent: 0.0459615 %
20220313 062833.369 INFO             PET0 PIOc_sync Exit - MemInfo: [malloc] Non-mmapped space allocated:                36577280 Byte
20220313 062833.369 INFO             PET0 PIOc_sync Exit - MemInfo: [malloc] Space allocated in mmapped regions:                0 Byte
20220313 062833.369 INFO             PET0 PIOc_sync Exit - MemInfo: [malloc] Maximum total allocated space:                     0 Byte
20220313 062833.369 INFO             PET0 PIOc_sync Exit - MemInfo: [malloc] Space in freed fastbin blocks:                  1040 Byte
20220313 062833.369 INFO             PET0 PIOc_sync Exit - MemInfo: [malloc] Total allocated space:                      36463056 Byte
20220313 062833.369 INFO             PET0 PIOc_sync Exit - MemInfo: [malloc] Total free space:                             114224 Byte
20220313 062833.369 INFO             PET0 PIOc_sync Exit - MemInfo: [malloc] Top-most, releasable space:                   112080 Byte
20220313 062833.369 INFO             PET0 PIOc_sync Exit - MemInfo: [malloc] Total space in use, mmap + non-mmap:        36463056 Byte
20220313 062833.369 INFO             PET0 PIOc_sync Exit - MemInfo: [malloc] Total space held (mmap + non-mmap):         36577280 Byte
20220313 062833.369 INFO             PET0 PIOc_sync Exit - MemInfo: [malloc] Total space used (mmap + non-mmap):         36472448 Byte
20220313 062833.369 INFO             PET0 PIOc_sync Exit - MemInfo: Wall-clock time since execution start:              0.0231136 seconds
20220313 062833.369 INFO             PET0 PIOc_freedecomp Enter - MemInfo: [/proc/meminfo - SSI]	MemTotal:       65507008 kB
20220313 062833.369 INFO             PET0 PIOc_freedecomp Enter - MemInfo: [/proc/meminfo - SSI]	MemFree:        49846952 kB
20220313 062833.369 INFO             PET0 PIOc_freedecomp Enter - MemInfo: [/proc/meminfo - SSI]	MemAvailable:   49612580 kB
20220313 062833.369 INFO             PET0 PIOc_freedecomp Enter - MemInfo: [/proc/meminfo - SSI]	Committed_AS:   13173152 kB
20220313 062833.369 INFO             PET0 PIOc_freedecomp Enter - MemInfo: [/proc/meminfo - SSI]	CommittedPercent: 20.1095 %
20220313 062833.369 INFO             PET0 PIOc_freedecomp Enter - MemInfo: [/proc/self/status]	VmPeak:	  142836 kB
20220313 062833.369 INFO             PET0 PIOc_freedecomp Enter - MemInfo: [/proc/self/status]	VmSize:	  134648 kB
20220313 062833.369 INFO             PET0 PIOc_freedecomp Enter - MemInfo: [/proc/self/status]	VmLck:	       0 kB
20220313 062833.369 INFO             PET0 PIOc_freedecomp Enter - MemInfo: [/proc/self/status]	VmPin:	       0 kB
20220313 062833.369 INFO             PET0 PIOc_freedecomp Enter - MemInfo: [/proc/self/status]	VmHWM:	   30108 kB
20220313 062833.369 INFO             PET0 PIOc_freedecomp Enter - MemInfo: [/proc/self/status]	VmRSS:	   30108 kB
20220313 062833.369 INFO             PET0 PIOc_freedecomp Enter - MemInfo: [/proc/self/status]	VmData:	   39056 kB
20220313 062833.369 INFO             PET0 PIOc_freedecomp Enter - MemInfo: [/proc/self/status]	VmStk:	     144 kB
20220313 062833.369 INFO             PET0 PIOc_freedecomp Enter - MemInfo: [/proc/self/status]	VmExe:	     212 kB
20220313 062833.369 INFO             PET0 PIOc_freedecomp Enter - MemInfo: [/proc/self/status]	VmLib:	   39752 kB
20220313 062833.369 INFO             PET0 PIOc_freedecomp Enter - MemInfo: [/proc/self/status]	VmPTE:	     232 kB
20220313 062833.369 INFO             PET0 PIOc_freedecomp Enter - MemInfo: [/proc/self/status]	VmPMD:	      16 kB
20220313 062833.369 INFO             PET0 PIOc_freedecomp Enter - MemInfo: [/proc/self/status]	VmSwap:	       0 kB
20220313 062833.369 INFO             PET0 PIOc_freedecomp Enter - MemInfo: [/proc/self/status]	VmRSSPercent: 0.0459615 %
20220313 062833.369 INFO             PET0 PIOc_freedecomp Enter - MemInfo: [malloc] Non-mmapped space allocated:                36577280 Byte
20220313 062833.369 INFO             PET0 PIOc_freedecomp Enter - MemInfo: [malloc] Space allocated in mmapped regions:                0 Byte
20220313 062833.369 INFO             PET0 PIOc_freedecomp Enter - MemInfo: [malloc] Maximum total allocated space:                     0 Byte
20220313 062833.369 INFO             PET0 PIOc_freedecomp Enter - MemInfo: [malloc] Space in freed fastbin blocks:                  1040 Byte
20220313 062833.369 INFO             PET0 PIOc_freedecomp Enter - MemInfo: [malloc] Total allocated space:                      19145952 Byte
20220313 062833.369 INFO             PET0 PIOc_freedecomp Enter - MemInfo: [malloc] Total free space:                           17431328 Byte
20220313 062833.369 INFO             PET0 PIOc_freedecomp Enter - MemInfo: [malloc] Top-most, releasable space:                   112080 Byte
20220313 062833.369 INFO             PET0 PIOc_freedecomp Enter - MemInfo: [malloc] Total space in use, mmap + non-mmap:        19145952 Byte
20220313 062833.369 INFO             PET0 PIOc_freedecomp Enter - MemInfo: [malloc] Total space held (mmap + non-mmap):         36577280 Byte
20220313 062833.369 INFO             PET0 PIOc_freedecomp Enter - MemInfo: [malloc] Total space used (mmap + non-mmap):         19155328 Byte
20220313 062833.369 INFO             PET0 PIOc_freedecomp Enter - MemInfo: Wall-clock time since execution start:              0.0233377 seconds
20220313 062833.369 INFO             PET0 PIOc_freedecomp Exit - MemInfo: [/proc/meminfo - SSI]	MemTotal:       65507008 kB
20220313 062833.369 INFO             PET0 PIOc_freedecomp Exit - MemInfo: [/proc/meminfo - SSI]	MemFree:        49846952 kB
20220313 062833.369 INFO             PET0 PIOc_freedecomp Exit - MemInfo: [/proc/meminfo - SSI]	MemAvailable:   49612580 kB
20220313 062833.369 INFO             PET0 PIOc_freedecomp Exit - MemInfo: [/proc/meminfo - SSI]	Committed_AS:   13173152 kB
20220313 062833.369 INFO             PET0 PIOc_freedecomp Exit - MemInfo: [/proc/meminfo - SSI]	CommittedPercent: 20.1095 %
20220313 062833.369 INFO             PET0 PIOc_freedecomp Exit - MemInfo: [/proc/self/status]	VmPeak:	  142836 kB
20220313 062833.369 INFO             PET0 PIOc_freedecomp Exit - MemInfo: [/proc/self/status]	VmSize:	  134648 kB
20220313 062833.369 INFO             PET0 PIOc_freedecomp Exit - MemInfo: [/proc/self/status]	VmLck:	       0 kB
20220313 062833.369 INFO             PET0 PIOc_freedecomp Exit - MemInfo: [/proc/self/status]	VmPin:	       0 kB
20220313 062833.369 INFO             PET0 PIOc_freedecomp Exit - MemInfo: [/proc/self/status]	VmHWM:	   30108 kB
20220313 062833.369 INFO             PET0 PIOc_freedecomp Exit - MemInfo: [/proc/self/status]	VmRSS:	   30108 kB
20220313 062833.369 INFO             PET0 PIOc_freedecomp Exit - MemInfo: [/proc/self/status]	VmData:	   39056 kB
20220313 062833.369 INFO             PET0 PIOc_freedecomp Exit - MemInfo: [/proc/self/status]	VmStk:	     144 kB
20220313 062833.369 INFO             PET0 PIOc_freedecomp Exit - MemInfo: [/proc/self/status]	VmExe:	     212 kB
20220313 062833.369 INFO             PET0 PIOc_freedecomp Exit - MemInfo: [/proc/self/status]	VmLib:	   39752 kB
20220313 062833.369 INFO             PET0 PIOc_freedecomp Exit - MemInfo: [/proc/self/status]	VmPTE:	     232 kB
20220313 062833.369 INFO             PET0 PIOc_freedecomp Exit - MemInfo: [/proc/self/status]	VmPMD:	      16 kB
20220313 062833.369 INFO             PET0 PIOc_freedecomp Exit - MemInfo: [/proc/self/status]	VmSwap:	       0 kB
20220313 062833.369 INFO             PET0 PIOc_freedecomp Exit - MemInfo: [/proc/self/status]	VmRSSPercent: 0.0459615 %
20220313 062833.369 INFO             PET0 PIOc_freedecomp Exit - MemInfo: [malloc] Non-mmapped space allocated:                36577280 Byte
20220313 062833.369 INFO             PET0 PIOc_freedecomp Exit - MemInfo: [malloc] Space allocated in mmapped regions:                0 Byte
20220313 062833.369 INFO             PET0 PIOc_freedecomp Exit - MemInfo: [malloc] Maximum total allocated space:                     0 Byte
20220313 062833.369 INFO             PET0 PIOc_freedecomp Exit - MemInfo: [malloc] Space in freed fastbin blocks:                  2944 Byte
20220313 062833.369 INFO             PET0 PIOc_freedecomp Exit - MemInfo: [malloc] Total allocated space:                      19144128 Byte
20220313 062833.369 INFO             PET0 PIOc_freedecomp Exit - MemInfo: [malloc] Total free space:                           17433152 Byte
20220313 062833.369 INFO             PET0 PIOc_freedecomp Exit - MemInfo: [malloc] Top-most, releasable space:                   112080 Byte
20220313 062833.369 INFO             PET0 PIOc_freedecomp Exit - MemInfo: [malloc] Total space in use, mmap + non-mmap:        19144128 Byte
20220313 062833.369 INFO             PET0 PIOc_freedecomp Exit - MemInfo: [malloc] Total space held (mmap + non-mmap):         36577280 Byte
20220313 062833.369 INFO             PET0 PIOc_freedecomp Exit - MemInfo: [malloc] Total space used (mmap + non-mmap):         19153504 Byte
20220313 062833.369 INFO             PET0 PIOc_freedecomp Exit - MemInfo: Wall-clock time since execution start:              0.0235365 seconds
20220313 062833.376 INFO             PET0  NUMBER_OF_PROCESSORS           4
20220313 062833.376 INFO             PET0  PASS  Example ESMF_RHandleBitForBitEx, ESMF_RHandleBitForBitEx.F90, line 1557
20220313 062833.376 INFO             PET0 Finalizing ESMF
20220313 062833.348 INFO             PET1 !!!!!!!!!!!!!!!!!!!!!!!!!!!!!!!!!!!!!!!!!!!!!!!!!!!!!!
20220313 062833.348 INFO             PET1 !!! THE ESMF_LOG IS SET TO OUTPUT ALL LOG MESSAGES !!!
20220313 062833.348 INFO             PET1 !!!     THIS MAY CAUSE SLOWDOWN IN PERFORMANCE     !!!
20220313 062833.348 INFO             PET1 !!! FOR PRODUCTION RUNS, USE:                      !!!
20220313 062833.348 INFO             PET1 !!!                   ESMF_LOGKIND_Multi_On_Error  !!!
20220313 062833.348 INFO             PET1 !!!!!!!!!!!!!!!!!!!!!!!!!!!!!!!!!!!!!!!!!!!!!!!!!!!!!!
20220313 062833.348 INFO             PET1 Running with ESMF Version   : v8.3.0b09-96-g559b459836
20220313 062833.348 INFO             PET1 ESMF library build date/time: "Mar 13 2022" "06:02:26"
20220313 062833.348 INFO             PET1 ESMF library build location : /glade/scratch/rlong/esmf-testing/gfortran_10.1.0_mpt_O_jedwards_pio_update2
20220313 062833.348 INFO             PET1 ESMF_COMM                   : mpt
20220313 062833.348 INFO             PET1 ESMF_MOAB                   : enabled
20220313 062833.348 INFO             PET1 ESMF_LAPACK                 : enabled
20220313 062833.348 INFO             PET1 ESMF_NETCDF                 : enabled
20220313 062833.348 INFO             PET1 ESMF_PNETCDF                : disabled
20220313 062833.348 INFO             PET1 ESMF_PIO                    : enabled
20220313 062833.348 INFO             PET1 ESMF_YAMLCPP                : enabled
20220313 062833.360 INFO             PET1 PIOc_sync Enter - MemInfo: [/proc/meminfo - SSI]	MemTotal:       65507008 kB
20220313 062833.360 INFO             PET1 PIOc_sync Enter - MemInfo: [/proc/meminfo - SSI]	MemFree:        49846952 kB
20220313 062833.360 INFO             PET1 PIOc_sync Enter - MemInfo: [/proc/meminfo - SSI]	MemAvailable:   49612580 kB
20220313 062833.360 INFO             PET1 PIOc_sync Enter - MemInfo: [/proc/meminfo - SSI]	Committed_AS:   13173152 kB
20220313 062833.360 INFO             PET1 PIOc_sync Enter - MemInfo: [/proc/meminfo - SSI]	CommittedPercent: 20.1095 %
20220313 062833.360 INFO             PET1 PIOc_sync Enter - MemInfo: [/proc/self/status]	VmPeak:	  117556 kB
20220313 062833.360 INFO             PET1 PIOc_sync Enter - MemInfo: [/proc/self/status]	VmSize:	  117556 kB
20220313 062833.360 INFO             PET1 PIOc_sync Enter - MemInfo: [/proc/self/status]	VmLck:	       0 kB
20220313 062833.360 INFO             PET1 PIOc_sync Enter - MemInfo: [/proc/self/status]	VmPin:	       0 kB
20220313 062833.360 INFO             PET1 PIOc_sync Enter - MemInfo: [/proc/self/status]	VmHWM:	   11624 kB
20220313 062833.360 INFO             PET1 PIOc_sync Enter - MemInfo: [/proc/self/status]	VmRSS:	   11624 kB
20220313 062833.360 INFO             PET1 PIOc_sync Enter - MemInfo: [/proc/self/status]	VmData:	   21964 kB
20220313 062833.360 INFO             PET1 PIOc_sync Enter - MemInfo: [/proc/self/status]	VmStk:	     144 kB
20220313 062833.360 INFO             PET1 PIOc_sync Enter - MemInfo: [/proc/self/status]	VmExe:	     212 kB
20220313 062833.360 INFO             PET1 PIOc_sync Enter - MemInfo: [/proc/self/status]	VmLib:	   39752 kB
20220313 062833.360 INFO             PET1 PIOc_sync Enter - MemInfo: [/proc/self/status]	VmPTE:	     200 kB
20220313 062833.360 INFO             PET1 PIOc_sync Enter - MemInfo: [/proc/self/status]	VmPMD:	      16 kB
20220313 062833.360 INFO             PET1 PIOc_sync Enter - MemInfo: [/proc/self/status]	VmSwap:	       0 kB
20220313 062833.360 INFO             PET1 PIOc_sync Enter - MemInfo: [/proc/self/status]	VmRSSPercent: 0.0177447 %
20220313 062833.360 INFO             PET1 PIOc_sync Enter - MemInfo: [malloc] Non-mmapped space allocated:                19075072 Byte
20220313 062833.360 INFO             PET1 PIOc_sync Enter - MemInfo: [malloc] Space allocated in mmapped regions:                0 Byte
20220313 062833.360 INFO             PET1 PIOc_sync Enter - MemInfo: [malloc] Maximum total allocated space:                     0 Byte
20220313 062833.360 INFO             PET1 PIOc_sync Enter - MemInfo: [malloc] Space in freed fastbin blocks:                  1168 Byte
20220313 062833.360 INFO             PET1 PIOc_sync Enter - MemInfo: [malloc] Total allocated space:                      18799600 Byte
20220313 062833.360 INFO             PET1 PIOc_sync Enter - MemInfo: [malloc] Total free space:                             275472 Byte
20220313 062833.360 INFO             PET1 PIOc_sync Enter - MemInfo: [malloc] Top-most, releasable space:                   271216 Byte
20220313 062833.360 INFO             PET1 PIOc_sync Enter - MemInfo: [malloc] Total space in use, mmap + non-mmap:        18799600 Byte
20220313 062833.360 INFO             PET1 PIOc_sync Enter - MemInfo: [malloc] Total space held (mmap + non-mmap):         19075072 Byte
20220313 062833.360 INFO             PET1 PIOc_sync Enter - MemInfo: [malloc] Total space used (mmap + non-mmap):         18808992 Byte
20220313 062833.360 INFO             PET1 PIOc_sync Enter - MemInfo: Wall-clock time since execution start:              0.0146343 seconds
20220313 062833.363 INFO             PET1 PIOc_sync Exit - MemInfo: [/proc/meminfo - SSI]	MemTotal:       65507008 kB
20220313 062833.363 INFO             PET1 PIOc_sync Exit - MemInfo: [/proc/meminfo - SSI]	MemFree:        49846952 kB
20220313 062833.363 INFO             PET1 PIOc_sync Exit - MemInfo: [/proc/meminfo - SSI]	MemAvailable:   49612580 kB
20220313 062833.363 INFO             PET1 PIOc_sync Exit - MemInfo: [/proc/meminfo - SSI]	Committed_AS:   13173152 kB
20220313 062833.363 INFO             PET1 PIOc_sync Exit - MemInfo: [/proc/meminfo - SSI]	CommittedPercent: 20.1095 %
20220313 062833.363 INFO             PET1 PIOc_sync Exit - MemInfo: [/proc/self/status]	VmPeak:	  117556 kB
20220313 062833.363 INFO             PET1 PIOc_sync Exit - MemInfo: [/proc/self/status]	VmSize:	  117556 kB
20220313 062833.363 INFO             PET1 PIOc_sync Exit - MemInfo: [/proc/self/status]	VmLck:	       0 kB
20220313 062833.363 INFO             PET1 PIOc_sync Exit - MemInfo: [/proc/self/status]	VmPin:	       0 kB
20220313 062833.363 INFO             PET1 PIOc_sync Exit - MemInfo: [/proc/self/status]	VmHWM:	   11708 kB
20220313 062833.363 INFO             PET1 PIOc_sync Exit - MemInfo: [/proc/self/status]	VmRSS:	   11708 kB
20220313 062833.363 INFO             PET1 PIOc_sync Exit - MemInfo: [/proc/self/status]	VmData:	   21964 kB
20220313 062833.363 INFO             PET1 PIOc_sync Exit - MemInfo: [/proc/self/status]	VmStk:	     144 kB
20220313 062833.363 INFO             PET1 PIOc_sync Exit - MemInfo: [/proc/self/status]	VmExe:	     212 kB
20220313 062833.363 INFO             PET1 PIOc_sync Exit - MemInfo: [/proc/self/status]	VmLib:	   39752 kB
20220313 062833.363 INFO             PET1 PIOc_sync Exit - MemInfo: [/proc/self/status]	VmPTE:	     200 kB
20220313 062833.363 INFO             PET1 PIOc_sync Exit - MemInfo: [/proc/self/status]	VmPMD:	      16 kB
20220313 062833.363 INFO             PET1 PIOc_sync Exit - MemInfo: [/proc/self/status]	VmSwap:	       0 kB
20220313 062833.363 INFO             PET1 PIOc_sync Exit - MemInfo: [/proc/self/status]	VmRSSPercent: 0.0178729 %
20220313 062833.363 INFO             PET1 PIOc_sync Exit - MemInfo: [malloc] Non-mmapped space allocated:                19075072 Byte
20220313 062833.363 INFO             PET1 PIOc_sync Exit - MemInfo: [malloc] Space allocated in mmapped regions:                0 Byte
20220313 062833.363 INFO             PET1 PIOc_sync Exit - MemInfo: [malloc] Maximum total allocated space:                     0 Byte
20220313 062833.363 INFO             PET1 PIOc_sync Exit - MemInfo: [malloc] Space in freed fastbin blocks:                  2768 Byte
20220313 062833.363 INFO             PET1 PIOc_sync Exit - MemInfo: [malloc] Total allocated space:                      18798864 Byte
20220313 062833.363 INFO             PET1 PIOc_sync Exit - MemInfo: [malloc] Total free space:                             276208 Byte
20220313 062833.363 INFO             PET1 PIOc_sync Exit - MemInfo: [malloc] Top-most, releasable space:                   271216 Byte
20220313 062833.363 INFO             PET1 PIOc_sync Exit - MemInfo: [malloc] Total space in use, mmap + non-mmap:        18798864 Byte
20220313 062833.363 INFO             PET1 PIOc_sync Exit - MemInfo: [malloc] Total space held (mmap + non-mmap):         19075072 Byte
20220313 062833.363 INFO             PET1 PIOc_sync Exit - MemInfo: [malloc] Total space used (mmap + non-mmap):         18808256 Byte
20220313 062833.363 INFO             PET1 PIOc_sync Exit - MemInfo: Wall-clock time since execution start:              0.0176002 seconds
20220313 062833.363 INFO             PET1 PIOc_freedecomp Enter - MemInfo: [/proc/meminfo - SSI]	MemTotal:       65507008 kB
20220313 062833.363 INFO             PET1 PIOc_freedecomp Enter - MemInfo: [/proc/meminfo - SSI]	MemFree:        49846952 kB
20220313 062833.363 INFO             PET1 PIOc_freedecomp Enter - MemInfo: [/proc/meminfo - SSI]	MemAvailable:   49612580 kB
20220313 062833.364 INFO             PET1 PIOc_freedecomp Enter - MemInfo: [/proc/meminfo - SSI]	Committed_AS:   13173152 kB
20220313 062833.364 INFO             PET1 PIOc_freedecomp Enter - MemInfo: [/proc/meminfo - SSI]	CommittedPercent: 20.1095 %
20220313 062833.364 INFO             PET1 PIOc_freedecomp Enter - MemInfo: [/proc/self/status]	VmPeak:	  117556 kB
20220313 062833.364 INFO             PET1 PIOc_freedecomp Enter - MemInfo: [/proc/self/status]	VmSize:	  117556 kB
20220313 062833.364 INFO             PET1 PIOc_freedecomp Enter - MemInfo: [/proc/self/status]	VmLck:	       0 kB
20220313 062833.364 INFO             PET1 PIOc_freedecomp Enter - MemInfo: [/proc/self/status]	VmPin:	       0 kB
20220313 062833.364 INFO             PET1 PIOc_freedecomp Enter - MemInfo: [/proc/self/status]	VmHWM:	   11708 kB
20220313 062833.364 INFO             PET1 PIOc_freedecomp Enter - MemInfo: [/proc/self/status]	VmRSS:	   11708 kB
20220313 062833.364 INFO             PET1 PIOc_freedecomp Enter - MemInfo: [/proc/self/status]	VmData:	   21964 kB
20220313 062833.364 INFO             PET1 PIOc_freedecomp Enter - MemInfo: [/proc/self/status]	VmStk:	     144 kB
20220313 062833.364 INFO             PET1 PIOc_freedecomp Enter - MemInfo: [/proc/self/status]	VmExe:	     212 kB
20220313 062833.364 INFO             PET1 PIOc_freedecomp Enter - MemInfo: [/proc/self/status]	VmLib:	   39752 kB
20220313 062833.364 INFO             PET1 PIOc_freedecomp Enter - MemInfo: [/proc/self/status]	VmPTE:	     200 kB
20220313 062833.364 INFO             PET1 PIOc_freedecomp Enter - MemInfo: [/proc/self/status]	VmPMD:	      16 kB
20220313 062833.364 INFO             PET1 PIOc_freedecomp Enter - MemInfo: [/proc/self/status]	VmSwap:	       0 kB
20220313 062833.364 INFO             PET1 PIOc_freedecomp Enter - MemInfo: [/proc/self/status]	VmRSSPercent: 0.0178729 %
20220313 062833.364 INFO             PET1 PIOc_freedecomp Enter - MemInfo: [malloc] Non-mmapped space allocated:                19075072 Byte
20220313 062833.364 INFO             PET1 PIOc_freedecomp Enter - MemInfo: [malloc] Space allocated in mmapped regions:                0 Byte
20220313 062833.364 INFO             PET1 PIOc_freedecomp Enter - MemInfo: [malloc] Maximum total allocated space:                     0 Byte
20220313 062833.364 INFO             PET1 PIOc_freedecomp Enter - MemInfo: [malloc] Space in freed fastbin blocks:                  2512 Byte
20220313 062833.364 INFO             PET1 PIOc_freedecomp Enter - MemInfo: [malloc] Total allocated space:                      18797248 Byte
20220313 062833.364 INFO             PET1 PIOc_freedecomp Enter - MemInfo: [malloc] Total free space:                             277824 Byte
20220313 062833.364 INFO             PET1 PIOc_freedecomp Enter - MemInfo: [malloc] Top-most, releasable space:                   271216 Byte
20220313 062833.364 INFO             PET1 PIOc_freedecomp Enter - MemInfo: [malloc] Total space in use, mmap + non-mmap:        18797248 Byte
20220313 062833.364 INFO             PET1 PIOc_freedecomp Enter - MemInfo: [malloc] Total space held (mmap + non-mmap):         19075072 Byte
20220313 062833.364 INFO             PET1 PIOc_freedecomp Enter - MemInfo: [malloc] Total space used (mmap + non-mmap):         18806624 Byte
20220313 062833.364 INFO             PET1 PIOc_freedecomp Enter - MemInfo: Wall-clock time since execution start:              0.0178494 seconds
20220313 062833.364 INFO             PET1 PIOc_freedecomp Exit - MemInfo: [/proc/meminfo - SSI]	MemTotal:       65507008 kB
20220313 062833.364 INFO             PET1 PIOc_freedecomp Exit - MemInfo: [/proc/meminfo - SSI]	MemFree:        49846952 kB
20220313 062833.364 INFO             PET1 PIOc_freedecomp Exit - MemInfo: [/proc/meminfo - SSI]	MemAvailable:   49612580 kB
20220313 062833.364 INFO             PET1 PIOc_freedecomp Exit - MemInfo: [/proc/meminfo - SSI]	Committed_AS:   13173152 kB
20220313 062833.364 INFO             PET1 PIOc_freedecomp Exit - MemInfo: [/proc/meminfo - SSI]	CommittedPercent: 20.1095 %
20220313 062833.364 INFO             PET1 PIOc_freedecomp Exit - MemInfo: [/proc/self/status]	VmPeak:	  117556 kB
20220313 062833.364 INFO             PET1 PIOc_freedecomp Exit - MemInfo: [/proc/self/status]	VmSize:	  117556 kB
20220313 062833.364 INFO             PET1 PIOc_freedecomp Exit - MemInfo: [/proc/self/status]	VmLck:	       0 kB
20220313 062833.364 INFO             PET1 PIOc_freedecomp Exit - MemInfo: [/proc/self/status]	VmPin:	       0 kB
20220313 062833.364 INFO             PET1 PIOc_freedecomp Exit - MemInfo: [/proc/self/status]	VmHWM:	   11708 kB
20220313 062833.364 INFO             PET1 PIOc_freedecomp Exit - MemInfo: [/proc/self/status]	VmRSS:	   11708 kB
20220313 062833.364 INFO             PET1 PIOc_freedecomp Exit - MemInfo: [/proc/self/status]	VmData:	   21964 kB
20220313 062833.364 INFO             PET1 PIOc_freedecomp Exit - MemInfo: [/proc/self/status]	VmStk:	     144 kB
20220313 062833.364 INFO             PET1 PIOc_freedecomp Exit - MemInfo: [/proc/self/status]	VmExe:	     212 kB
20220313 062833.364 INFO             PET1 PIOc_freedecomp Exit - MemInfo: [/proc/self/status]	VmLib:	   39752 kB
20220313 062833.364 INFO             PET1 PIOc_freedecomp Exit - MemInfo: [/proc/self/status]	VmPTE:	     200 kB
20220313 062833.364 INFO             PET1 PIOc_freedecomp Exit - MemInfo: [/proc/self/status]	VmPMD:	      16 kB
20220313 062833.364 INFO             PET1 PIOc_freedecomp Exit - MemInfo: [/proc/self/status]	VmSwap:	       0 kB
20220313 062833.364 INFO             PET1 PIOc_freedecomp Exit - MemInfo: [/proc/self/status]	VmRSSPercent: 0.0178729 %
20220313 062833.364 INFO             PET1 PIOc_freedecomp Exit - MemInfo: [malloc] Non-mmapped space allocated:                19075072 Byte
20220313 062833.364 INFO             PET1 PIOc_freedecomp Exit - MemInfo: [malloc] Space allocated in mmapped regions:                0 Byte
20220313 062833.364 INFO             PET1 PIOc_freedecomp Exit - MemInfo: [malloc] Maximum total allocated space:                     0 Byte
20220313 062833.364 INFO             PET1 PIOc_freedecomp Exit - MemInfo: [malloc] Space in freed fastbin blocks:                  3008 Byte
20220313 062833.364 INFO             PET1 PIOc_freedecomp Exit - MemInfo: [malloc] Total allocated space:                      18795936 Byte
20220313 062833.364 INFO             PET1 PIOc_freedecomp Exit - MemInfo: [malloc] Total free space:                             279136 Byte
20220313 062833.364 INFO             PET1 PIOc_freedecomp Exit - MemInfo: [malloc] Top-most, releasable space:                   271216 Byte
20220313 062833.364 INFO             PET1 PIOc_freedecomp Exit - MemInfo: [malloc] Total space in use, mmap + non-mmap:        18795936 Byte
20220313 062833.364 INFO             PET1 PIOc_freedecomp Exit - MemInfo: [malloc] Total space held (mmap + non-mmap):         19075072 Byte
20220313 062833.364 INFO             PET1 PIOc_freedecomp Exit - MemInfo: [malloc] Total space used (mmap + non-mmap):         18805312 Byte
20220313 062833.364 INFO             PET1 PIOc_freedecomp Exit - MemInfo: Wall-clock time since execution start:              0.0180569 seconds
20220313 062833.365 INFO             PET1 PIOc_sync Enter - MemInfo: [/proc/meminfo - SSI]	MemTotal:       65507008 kB
20220313 062833.365 INFO             PET1 PIOc_sync Enter - MemInfo: [/proc/meminfo - SSI]	MemFree:        49846952 kB
20220313 062833.365 INFO             PET1 PIOc_sync Enter - MemInfo: [/proc/meminfo - SSI]	MemAvailable:   49612580 kB
20220313 062833.365 INFO             PET1 PIOc_sync Enter - MemInfo: [/proc/meminfo - SSI]	Committed_AS:   13173152 kB
20220313 062833.365 INFO             PET1 PIOc_sync Enter - MemInfo: [/proc/meminfo - SSI]	CommittedPercent: 20.1095 %
20220313 062833.365 INFO             PET1 PIOc_sync Enter - MemInfo: [/proc/self/status]	VmPeak:	  117556 kB
20220313 062833.365 INFO             PET1 PIOc_sync Enter - MemInfo: [/proc/self/status]	VmSize:	  117556 kB
20220313 062833.365 INFO             PET1 PIOc_sync Enter - MemInfo: [/proc/self/status]	VmLck:	       0 kB
20220313 062833.365 INFO             PET1 PIOc_sync Enter - MemInfo: [/proc/self/status]	VmPin:	       0 kB
20220313 062833.365 INFO             PET1 PIOc_sync Enter - MemInfo: [/proc/self/status]	VmHWM:	   11712 kB
20220313 062833.365 INFO             PET1 PIOc_sync Enter - MemInfo: [/proc/self/status]	VmRSS:	   11712 kB
20220313 062833.365 INFO             PET1 PIOc_sync Enter - MemInfo: [/proc/self/status]	VmData:	   21964 kB
20220313 062833.365 INFO             PET1 PIOc_sync Enter - MemInfo: [/proc/self/status]	VmStk:	     144 kB
20220313 062833.365 INFO             PET1 PIOc_sync Enter - MemInfo: [/proc/self/status]	VmExe:	     212 kB
20220313 062833.365 INFO             PET1 PIOc_sync Enter - MemInfo: [/proc/self/status]	VmLib:	   39752 kB
20220313 062833.365 INFO             PET1 PIOc_sync Enter - MemInfo: [/proc/self/status]	VmPTE:	     200 kB
20220313 062833.365 INFO             PET1 PIOc_sync Enter - MemInfo: [/proc/self/status]	VmPMD:	      16 kB
20220313 062833.365 INFO             PET1 PIOc_sync Enter - MemInfo: [/proc/self/status]	VmSwap:	       0 kB
20220313 062833.365 INFO             PET1 PIOc_sync Enter - MemInfo: [/proc/self/status]	VmRSSPercent: 0.017879 %
20220313 062833.365 INFO             PET1 PIOc_sync Enter - MemInfo: [malloc] Non-mmapped space allocated:                19075072 Byte
20220313 062833.365 INFO             PET1 PIOc_sync Enter - MemInfo: [malloc] Space allocated in mmapped regions:                0 Byte
20220313 062833.365 INFO             PET1 PIOc_sync Enter - MemInfo: [malloc] Maximum total allocated space:                     0 Byte
20220313 062833.365 INFO             PET1 PIOc_sync Enter - MemInfo: [malloc] Space in freed fastbin blocks:                  1248 Byte
20220313 062833.365 INFO             PET1 PIOc_sync Enter - MemInfo: [malloc] Total allocated space:                      18799760 Byte
20220313 062833.365 INFO             PET1 PIOc_sync Enter - MemInfo: [malloc] Total free space:                             275312 Byte
20220313 062833.365 INFO             PET1 PIOc_sync Enter - MemInfo: [malloc] Top-most, releasable space:                   271216 Byte
20220313 062833.365 INFO             PET1 PIOc_sync Enter - MemInfo: [malloc] Total space in use, mmap + non-mmap:        18799760 Byte
20220313 062833.365 INFO             PET1 PIOc_sync Enter - MemInfo: [malloc] Total space held (mmap + non-mmap):         19075072 Byte
20220313 062833.365 INFO             PET1 PIOc_sync Enter - MemInfo: [malloc] Total space used (mmap + non-mmap):         18809152 Byte
20220313 062833.365 INFO             PET1 PIOc_sync Enter - MemInfo: Wall-clock time since execution start:               0.019679 seconds
20220313 062833.366 INFO             PET1 PIOc_sync Exit - MemInfo: [/proc/meminfo - SSI]	MemTotal:       65507008 kB
20220313 062833.366 INFO             PET1 PIOc_sync Exit - MemInfo: [/proc/meminfo - SSI]	MemFree:        49846952 kB
20220313 062833.366 INFO             PET1 PIOc_sync Exit - MemInfo: [/proc/meminfo - SSI]	MemAvailable:   49612580 kB
20220313 062833.366 INFO             PET1 PIOc_sync Exit - MemInfo: [/proc/meminfo - SSI]	Committed_AS:   13173152 kB
20220313 062833.366 INFO             PET1 PIOc_sync Exit - MemInfo: [/proc/meminfo - SSI]	CommittedPercent: 20.1095 %
20220313 062833.366 INFO             PET1 PIOc_sync Exit - MemInfo: [/proc/self/status]	VmPeak:	  117556 kB
20220313 062833.366 INFO             PET1 PIOc_sync Exit - MemInfo: [/proc/self/status]	VmSize:	  117556 kB
20220313 062833.366 INFO             PET1 PIOc_sync Exit - MemInfo: [/proc/self/status]	VmLck:	       0 kB
20220313 062833.366 INFO             PET1 PIOc_sync Exit - MemInfo: [/proc/self/status]	VmPin:	       0 kB
20220313 062833.366 INFO             PET1 PIOc_sync Exit - MemInfo: [/proc/self/status]	VmHWM:	   11712 kB
20220313 062833.366 INFO             PET1 PIOc_sync Exit - MemInfo: [/proc/self/status]	VmRSS:	   11712 kB
20220313 062833.366 INFO             PET1 PIOc_sync Exit - MemInfo: [/proc/self/status]	VmData:	   21964 kB
20220313 062833.366 INFO             PET1 PIOc_sync Exit - MemInfo: [/proc/self/status]	VmStk:	     144 kB
20220313 062833.366 INFO             PET1 PIOc_sync Exit - MemInfo: [/proc/self/status]	VmExe:	     212 kB
20220313 062833.366 INFO             PET1 PIOc_sync Exit - MemInfo: [/proc/self/status]	VmLib:	   39752 kB
20220313 062833.366 INFO             PET1 PIOc_sync Exit - MemInfo: [/proc/self/status]	VmPTE:	     200 kB
20220313 062833.366 INFO             PET1 PIOc_sync Exit - MemInfo: [/proc/self/status]	VmPMD:	      16 kB
20220313 062833.366 INFO             PET1 PIOc_sync Exit - MemInfo: [/proc/self/status]	VmSwap:	       0 kB
20220313 062833.366 INFO             PET1 PIOc_sync Exit - MemInfo: [/proc/self/status]	VmRSSPercent: 0.017879 %
20220313 062833.366 INFO             PET1 PIOc_sync Exit - MemInfo: [malloc] Non-mmapped space allocated:                19075072 Byte
20220313 062833.366 INFO             PET1 PIOc_sync Exit - MemInfo: [malloc] Space allocated in mmapped regions:                0 Byte
20220313 062833.366 INFO             PET1 PIOc_sync Exit - MemInfo: [malloc] Maximum total allocated space:                     0 Byte
20220313 062833.366 INFO             PET1 PIOc_sync Exit - MemInfo: [malloc] Space in freed fastbin blocks:                  2768 Byte
20220313 062833.366 INFO             PET1 PIOc_sync Exit - MemInfo: [malloc] Total allocated space:                      18799024 Byte
20220313 062833.366 INFO             PET1 PIOc_sync Exit - MemInfo: [malloc] Total free space:                             276048 Byte
20220313 062833.366 INFO             PET1 PIOc_sync Exit - MemInfo: [malloc] Top-most, releasable space:                   271216 Byte
20220313 062833.366 INFO             PET1 PIOc_sync Exit - MemInfo: [malloc] Total space in use, mmap + non-mmap:        18799024 Byte
20220313 062833.366 INFO             PET1 PIOc_sync Exit - MemInfo: [malloc] Total space held (mmap + non-mmap):         19075072 Byte
20220313 062833.366 INFO             PET1 PIOc_sync Exit - MemInfo: [malloc] Total space used (mmap + non-mmap):         18808416 Byte
20220313 062833.366 INFO             PET1 PIOc_sync Exit - MemInfo: Wall-clock time since execution start:              0.0199375 seconds
20220313 062833.366 INFO             PET1 PIOc_freedecomp Enter - MemInfo: [/proc/meminfo - SSI]	MemTotal:       65507008 kB
20220313 062833.366 INFO             PET1 PIOc_freedecomp Enter - MemInfo: [/proc/meminfo - SSI]	MemFree:        49846952 kB
20220313 062833.366 INFO             PET1 PIOc_freedecomp Enter - MemInfo: [/proc/meminfo - SSI]	MemAvailable:   49612580 kB
20220313 062833.366 INFO             PET1 PIOc_freedecomp Enter - MemInfo: [/proc/meminfo - SSI]	Committed_AS:   13173152 kB
20220313 062833.366 INFO             PET1 PIOc_freedecomp Enter - MemInfo: [/proc/meminfo - SSI]	CommittedPercent: 20.1095 %
20220313 062833.366 INFO             PET1 PIOc_freedecomp Enter - MemInfo: [/proc/self/status]	VmPeak:	  117556 kB
20220313 062833.366 INFO             PET1 PIOc_freedecomp Enter - MemInfo: [/proc/self/status]	VmSize:	  117556 kB
20220313 062833.366 INFO             PET1 PIOc_freedecomp Enter - MemInfo: [/proc/self/status]	VmLck:	       0 kB
20220313 062833.366 INFO             PET1 PIOc_freedecomp Enter - MemInfo: [/proc/self/status]	VmPin:	       0 kB
20220313 062833.366 INFO             PET1 PIOc_freedecomp Enter - MemInfo: [/proc/self/status]	VmHWM:	   11712 kB
20220313 062833.366 INFO             PET1 PIOc_freedecomp Enter - MemInfo: [/proc/self/status]	VmRSS:	   11712 kB
20220313 062833.366 INFO             PET1 PIOc_freedecomp Enter - MemInfo: [/proc/self/status]	VmData:	   21964 kB
20220313 062833.366 INFO             PET1 PIOc_freedecomp Enter - MemInfo: [/proc/self/status]	VmStk:	     144 kB
20220313 062833.366 INFO             PET1 PIOc_freedecomp Enter - MemInfo: [/proc/self/status]	VmExe:	     212 kB
20220313 062833.366 INFO             PET1 PIOc_freedecomp Enter - MemInfo: [/proc/self/status]	VmLib:	   39752 kB
20220313 062833.366 INFO             PET1 PIOc_freedecomp Enter - MemInfo: [/proc/self/status]	VmPTE:	     200 kB
20220313 062833.366 INFO             PET1 PIOc_freedecomp Enter - MemInfo: [/proc/self/status]	VmPMD:	      16 kB
20220313 062833.366 INFO             PET1 PIOc_freedecomp Enter - MemInfo: [/proc/self/status]	VmSwap:	       0 kB
20220313 062833.366 INFO             PET1 PIOc_freedecomp Enter - MemInfo: [/proc/self/status]	VmRSSPercent: 0.017879 %
20220313 062833.366 INFO             PET1 PIOc_freedecomp Enter - MemInfo: [malloc] Non-mmapped space allocated:                19075072 Byte
20220313 062833.366 INFO             PET1 PIOc_freedecomp Enter - MemInfo: [malloc] Space allocated in mmapped regions:                0 Byte
20220313 062833.366 INFO             PET1 PIOc_freedecomp Enter - MemInfo: [malloc] Maximum total allocated space:                     0 Byte
20220313 062833.366 INFO             PET1 PIOc_freedecomp Enter - MemInfo: [malloc] Space in freed fastbin blocks:                  2736 Byte
20220313 062833.366 INFO             PET1 PIOc_freedecomp Enter - MemInfo: [malloc] Total allocated space:                      18797248 Byte
20220313 062833.366 INFO             PET1 PIOc_freedecomp Enter - MemInfo: [malloc] Total free space:                             277824 Byte
20220313 062833.366 INFO             PET1 PIOc_freedecomp Enter - MemInfo: [malloc] Top-most, releasable space:                   271216 Byte
20220313 062833.366 INFO             PET1 PIOc_freedecomp Enter - MemInfo: [malloc] Total space in use, mmap + non-mmap:        18797248 Byte
20220313 062833.366 INFO             PET1 PIOc_freedecomp Enter - MemInfo: [malloc] Total space held (mmap + non-mmap):         19075072 Byte
20220313 062833.366 INFO             PET1 PIOc_freedecomp Enter - MemInfo: [malloc] Total space used (mmap + non-mmap):         18806624 Byte
20220313 062833.366 INFO             PET1 PIOc_freedecomp Enter - MemInfo: Wall-clock time since execution start:              0.0201817 seconds
20220313 062833.366 INFO             PET1 PIOc_freedecomp Exit - MemInfo: [/proc/meminfo - SSI]	MemTotal:       65507008 kB
20220313 062833.366 INFO             PET1 PIOc_freedecomp Exit - MemInfo: [/proc/meminfo - SSI]	MemFree:        49846952 kB
20220313 062833.366 INFO             PET1 PIOc_freedecomp Exit - MemInfo: [/proc/meminfo - SSI]	MemAvailable:   49612580 kB
20220313 062833.366 INFO             PET1 PIOc_freedecomp Exit - MemInfo: [/proc/meminfo - SSI]	Committed_AS:   13173152 kB
20220313 062833.366 INFO             PET1 PIOc_freedecomp Exit - MemInfo: [/proc/meminfo - SSI]	CommittedPercent: 20.1095 %
20220313 062833.366 INFO             PET1 PIOc_freedecomp Exit - MemInfo: [/proc/self/status]	VmPeak:	  117556 kB
20220313 062833.366 INFO             PET1 PIOc_freedecomp Exit - MemInfo: [/proc/self/status]	VmSize:	  117556 kB
20220313 062833.366 INFO             PET1 PIOc_freedecomp Exit - MemInfo: [/proc/self/status]	VmLck:	       0 kB
20220313 062833.366 INFO             PET1 PIOc_freedecomp Exit - MemInfo: [/proc/self/status]	VmPin:	       0 kB
20220313 062833.366 INFO             PET1 PIOc_freedecomp Exit - MemInfo: [/proc/self/status]	VmHWM:	   11712 kB
20220313 062833.366 INFO             PET1 PIOc_freedecomp Exit - MemInfo: [/proc/self/status]	VmRSS:	   11712 kB
20220313 062833.366 INFO             PET1 PIOc_freedecomp Exit - MemInfo: [/proc/self/status]	VmData:	   21964 kB
20220313 062833.366 INFO             PET1 PIOc_freedecomp Exit - MemInfo: [/proc/self/status]	VmStk:	     144 kB
20220313 062833.366 INFO             PET1 PIOc_freedecomp Exit - MemInfo: [/proc/self/status]	VmExe:	     212 kB
20220313 062833.366 INFO             PET1 PIOc_freedecomp Exit - MemInfo: [/proc/self/status]	VmLib:	   39752 kB
20220313 062833.366 INFO             PET1 PIOc_freedecomp Exit - MemInfo: [/proc/self/status]	VmPTE:	     200 kB
20220313 062833.366 INFO             PET1 PIOc_freedecomp Exit - MemInfo: [/proc/self/status]	VmPMD:	      16 kB
20220313 062833.366 INFO             PET1 PIOc_freedecomp Exit - MemInfo: [/proc/self/status]	VmSwap:	       0 kB
20220313 062833.366 INFO             PET1 PIOc_freedecomp Exit - MemInfo: [/proc/self/status]	VmRSSPercent: 0.017879 %
20220313 062833.366 INFO             PET1 PIOc_freedecomp Exit - MemInfo: [malloc] Non-mmapped space allocated:                19075072 Byte
20220313 062833.366 INFO             PET1 PIOc_freedecomp Exit - MemInfo: [malloc] Space allocated in mmapped regions:                0 Byte
20220313 062833.366 INFO             PET1 PIOc_freedecomp Exit - MemInfo: [malloc] Maximum total allocated space:                     0 Byte
20220313 062833.366 INFO             PET1 PIOc_freedecomp Exit - MemInfo: [malloc] Space in freed fastbin blocks:                  2912 Byte
20220313 062833.366 INFO             PET1 PIOc_freedecomp Exit - MemInfo: [malloc] Total allocated space:                      18795936 Byte
20220313 062833.366 INFO             PET1 PIOc_freedecomp Exit - MemInfo: [malloc] Total free space:                             279136 Byte
20220313 062833.366 INFO             PET1 PIOc_freedecomp Exit - MemInfo: [malloc] Top-most, releasable space:                   271216 Byte
20220313 062833.366 INFO             PET1 PIOc_freedecomp Exit - MemInfo: [malloc] Total space in use, mmap + non-mmap:        18795936 Byte
20220313 062833.366 INFO             PET1 PIOc_freedecomp Exit - MemInfo: [malloc] Total space held (mmap + non-mmap):         19075072 Byte
20220313 062833.366 INFO             PET1 PIOc_freedecomp Exit - MemInfo: [malloc] Total space used (mmap + non-mmap):         18805312 Byte
20220313 062833.366 INFO             PET1 PIOc_freedecomp Exit - MemInfo: Wall-clock time since execution start:              0.0203773 seconds
20220313 062833.367 INFO             PET1 PIOc_sync Enter - MemInfo: [/proc/meminfo - SSI]	MemTotal:       65507008 kB
20220313 062833.367 INFO             PET1 PIOc_sync Enter - MemInfo: [/proc/meminfo - SSI]	MemFree:        49846952 kB
20220313 062833.367 INFO             PET1 PIOc_sync Enter - MemInfo: [/proc/meminfo - SSI]	MemAvailable:   49612580 kB
20220313 062833.367 INFO             PET1 PIOc_sync Enter - MemInfo: [/proc/meminfo - SSI]	Committed_AS:   13173152 kB
20220313 062833.367 INFO             PET1 PIOc_sync Enter - MemInfo: [/proc/meminfo - SSI]	CommittedPercent: 20.1095 %
20220313 062833.367 INFO             PET1 PIOc_sync Enter - MemInfo: [/proc/self/status]	VmPeak:	  117556 kB
20220313 062833.367 INFO             PET1 PIOc_sync Enter - MemInfo: [/proc/self/status]	VmSize:	  117556 kB
20220313 062833.367 INFO             PET1 PIOc_sync Enter - MemInfo: [/proc/self/status]	VmLck:	       0 kB
20220313 062833.367 INFO             PET1 PIOc_sync Enter - MemInfo: [/proc/self/status]	VmPin:	       0 kB
20220313 062833.367 INFO             PET1 PIOc_sync Enter - MemInfo: [/proc/self/status]	VmHWM:	   11712 kB
20220313 062833.367 INFO             PET1 PIOc_sync Enter - MemInfo: [/proc/self/status]	VmRSS:	   11712 kB
20220313 062833.367 INFO             PET1 PIOc_sync Enter - MemInfo: [/proc/self/status]	VmData:	   21964 kB
20220313 062833.367 INFO             PET1 PIOc_sync Enter - MemInfo: [/proc/self/status]	VmStk:	     144 kB
20220313 062833.367 INFO             PET1 PIOc_sync Enter - MemInfo: [/proc/self/status]	VmExe:	     212 kB
20220313 062833.367 INFO             PET1 PIOc_sync Enter - MemInfo: [/proc/self/status]	VmLib:	   39752 kB
20220313 062833.367 INFO             PET1 PIOc_sync Enter - MemInfo: [/proc/self/status]	VmPTE:	     200 kB
20220313 062833.367 INFO             PET1 PIOc_sync Enter - MemInfo: [/proc/self/status]	VmPMD:	      16 kB
20220313 062833.367 INFO             PET1 PIOc_sync Enter - MemInfo: [/proc/self/status]	VmSwap:	       0 kB
20220313 062833.367 INFO             PET1 PIOc_sync Enter - MemInfo: [/proc/self/status]	VmRSSPercent: 0.017879 %
20220313 062833.367 INFO             PET1 PIOc_sync Enter - MemInfo: [malloc] Non-mmapped space allocated:                19075072 Byte
20220313 062833.367 INFO             PET1 PIOc_sync Enter - MemInfo: [malloc] Space allocated in mmapped regions:                0 Byte
20220313 062833.367 INFO             PET1 PIOc_sync Enter - MemInfo: [malloc] Maximum total allocated space:                     0 Byte
20220313 062833.367 INFO             PET1 PIOc_sync Enter - MemInfo: [malloc] Space in freed fastbin blocks:                  1248 Byte
20220313 062833.367 INFO             PET1 PIOc_sync Enter - MemInfo: [malloc] Total allocated space:                      18799888 Byte
20220313 062833.367 INFO             PET1 PIOc_sync Enter - MemInfo: [malloc] Total free space:                             275184 Byte
20220313 062833.367 INFO             PET1 PIOc_sync Enter - MemInfo: [malloc] Top-most, releasable space:                   271216 Byte
20220313 062833.367 INFO             PET1 PIOc_sync Enter - MemInfo: [malloc] Total space in use, mmap + non-mmap:        18799888 Byte
20220313 062833.367 INFO             PET1 PIOc_sync Enter - MemInfo: [malloc] Total space held (mmap + non-mmap):         19075072 Byte
20220313 062833.367 INFO             PET1 PIOc_sync Enter - MemInfo: [malloc] Total space used (mmap + non-mmap):         18809280 Byte
20220313 062833.367 INFO             PET1 PIOc_sync Enter - MemInfo: Wall-clock time since execution start:              0.0212745 seconds
20220313 062833.367 INFO             PET1 PIOc_sync Exit - MemInfo: [/proc/meminfo - SSI]	MemTotal:       65507008 kB
20220313 062833.367 INFO             PET1 PIOc_sync Exit - MemInfo: [/proc/meminfo - SSI]	MemFree:        49846952 kB
20220313 062833.367 INFO             PET1 PIOc_sync Exit - MemInfo: [/proc/meminfo - SSI]	MemAvailable:   49612580 kB
20220313 062833.367 INFO             PET1 PIOc_sync Exit - MemInfo: [/proc/meminfo - SSI]	Committed_AS:   13173152 kB
20220313 062833.367 INFO             PET1 PIOc_sync Exit - MemInfo: [/proc/meminfo - SSI]	CommittedPercent: 20.1095 %
20220313 062833.367 INFO             PET1 PIOc_sync Exit - MemInfo: [/proc/self/status]	VmPeak:	  117556 kB
20220313 062833.367 INFO             PET1 PIOc_sync Exit - MemInfo: [/proc/self/status]	VmSize:	  117556 kB
20220313 062833.367 INFO             PET1 PIOc_sync Exit - MemInfo: [/proc/self/status]	VmLck:	       0 kB
20220313 062833.367 INFO             PET1 PIOc_sync Exit - MemInfo: [/proc/self/status]	VmPin:	       0 kB
20220313 062833.367 INFO             PET1 PIOc_sync Exit - MemInfo: [/proc/self/status]	VmHWM:	   11712 kB
20220313 062833.367 INFO             PET1 PIOc_sync Exit - MemInfo: [/proc/self/status]	VmRSS:	   11712 kB
20220313 062833.367 INFO             PET1 PIOc_sync Exit - MemInfo: [/proc/self/status]	VmData:	   21964 kB
20220313 062833.367 INFO             PET1 PIOc_sync Exit - MemInfo: [/proc/self/status]	VmStk:	     144 kB
20220313 062833.367 INFO             PET1 PIOc_sync Exit - MemInfo: [/proc/self/status]	VmExe:	     212 kB
20220313 062833.367 INFO             PET1 PIOc_sync Exit - MemInfo: [/proc/self/status]	VmLib:	   39752 kB
20220313 062833.367 INFO             PET1 PIOc_sync Exit - MemInfo: [/proc/self/status]	VmPTE:	     200 kB
20220313 062833.367 INFO             PET1 PIOc_sync Exit - MemInfo: [/proc/self/status]	VmPMD:	      16 kB
20220313 062833.367 INFO             PET1 PIOc_sync Exit - MemInfo: [/proc/self/status]	VmSwap:	       0 kB
20220313 062833.367 INFO             PET1 PIOc_sync Exit - MemInfo: [/proc/self/status]	VmRSSPercent: 0.017879 %
20220313 062833.367 INFO             PET1 PIOc_sync Exit - MemInfo: [malloc] Non-mmapped space allocated:                19075072 Byte
20220313 062833.367 INFO             PET1 PIOc_sync Exit - MemInfo: [malloc] Space allocated in mmapped regions:                0 Byte
20220313 062833.367 INFO             PET1 PIOc_sync Exit - MemInfo: [malloc] Maximum total allocated space:                     0 Byte
20220313 062833.367 INFO             PET1 PIOc_sync Exit - MemInfo: [malloc] Space in freed fastbin blocks:                  2784 Byte
20220313 062833.367 INFO             PET1 PIOc_sync Exit - MemInfo: [malloc] Total allocated space:                      18799168 Byte
20220313 062833.367 INFO             PET1 PIOc_sync Exit - MemInfo: [malloc] Total free space:                             275904 Byte
20220313 062833.367 INFO             PET1 PIOc_sync Exit - MemInfo: [malloc] Top-most, releasable space:                   271216 Byte
20220313 062833.367 INFO             PET1 PIOc_sync Exit - MemInfo: [malloc] Total space in use, mmap + non-mmap:        18799168 Byte
20220313 062833.367 INFO             PET1 PIOc_sync Exit - MemInfo: [malloc] Total space held (mmap + non-mmap):         19075072 Byte
20220313 062833.367 INFO             PET1 PIOc_sync Exit - MemInfo: [malloc] Total space used (mmap + non-mmap):         18808560 Byte
20220313 062833.367 INFO             PET1 PIOc_sync Exit - MemInfo: Wall-clock time since execution start:              0.0215242 seconds
20220313 062833.367 INFO             PET1 PIOc_freedecomp Enter - MemInfo: [/proc/meminfo - SSI]	MemTotal:       65507008 kB
20220313 062833.367 INFO             PET1 PIOc_freedecomp Enter - MemInfo: [/proc/meminfo - SSI]	MemFree:        49846952 kB
20220313 062833.367 INFO             PET1 PIOc_freedecomp Enter - MemInfo: [/proc/meminfo - SSI]	MemAvailable:   49612580 kB
20220313 062833.367 INFO             PET1 PIOc_freedecomp Enter - MemInfo: [/proc/meminfo - SSI]	Committed_AS:   13173152 kB
20220313 062833.367 INFO             PET1 PIOc_freedecomp Enter - MemInfo: [/proc/meminfo - SSI]	CommittedPercent: 20.1095 %
20220313 062833.367 INFO             PET1 PIOc_freedecomp Enter - MemInfo: [/proc/self/status]	VmPeak:	  117556 kB
20220313 062833.367 INFO             PET1 PIOc_freedecomp Enter - MemInfo: [/proc/self/status]	VmSize:	  117556 kB
