build time -- 2022-03-14 06:04:57.088307
20220314 062913.529 INFO             PET0 !!!!!!!!!!!!!!!!!!!!!!!!!!!!!!!!!!!!!!!!!!!!!!!!!!!!!!
20220314 062913.529 INFO             PET0 !!! THE ESMF_LOG IS SET TO OUTPUT ALL LOG MESSAGES !!!
20220314 062913.529 INFO             PET0 !!!     THIS MAY CAUSE SLOWDOWN IN PERFORMANCE     !!!
20220314 062913.529 INFO             PET0 !!! FOR PRODUCTION RUNS, USE:                      !!!
20220314 062913.529 INFO             PET0 !!!                   ESMF_LOGKIND_Multi_On_Error  !!!
20220314 062913.529 INFO             PET0 !!!!!!!!!!!!!!!!!!!!!!!!!!!!!!!!!!!!!!!!!!!!!!!!!!!!!!
20220314 062913.529 INFO             PET0 Running with ESMF Version   : v8.3.0b09-96-g559b459836
20220314 062913.529 INFO             PET0 ESMF library build date/time: "Mar 14 2022" "06:03:07"
20220314 062913.529 INFO             PET0 ESMF library build location : /glade/scratch/rlong/esmf-testing/gfortran_10.1.0_mpt_O_jedwards_pio_update2
20220314 062913.529 INFO             PET0 ESMF_COMM                   : mpt
20220314 062913.529 INFO             PET0 ESMF_MOAB                   : enabled
20220314 062913.529 INFO             PET0 ESMF_LAPACK                 : enabled
20220314 062913.529 INFO             PET0 ESMF_NETCDF                 : enabled
20220314 062913.529 INFO             PET0 ESMF_PNETCDF                : disabled
20220314 062913.529 INFO             PET0 ESMF_PIO                    : enabled
20220314 062913.530 INFO             PET0 ESMF_YAMLCPP                : enabled
20220314 062913.543 INFO             PET0 PIOc_sync Enter - MemInfo: [/proc/meminfo - SSI]	MemTotal:       65507008 kB
20220314 062913.543 INFO             PET0 PIOc_sync Enter - MemInfo: [/proc/meminfo - SSI]	MemFree:        49784632 kB
20220314 062913.543 INFO             PET0 PIOc_sync Enter - MemInfo: [/proc/meminfo - SSI]	MemAvailable:   49549760 kB
20220314 062913.543 INFO             PET0 PIOc_sync Enter - MemInfo: [/proc/meminfo - SSI]	Committed_AS:   13145080 kB
20220314 062913.543 INFO             PET0 PIOc_sync Enter - MemInfo: [/proc/meminfo - SSI]	CommittedPercent: 20.0667 %
20220314 062913.543 INFO             PET0 PIOc_sync Enter - MemInfo: [/proc/self/status]	VmPeak:	  134184 kB
20220314 062913.543 INFO             PET0 PIOc_sync Enter - MemInfo: [/proc/self/status]	VmSize:	  134184 kB
20220314 062913.543 INFO             PET0 PIOc_sync Enter - MemInfo: [/proc/self/status]	VmLck:	       0 kB
20220314 062913.543 INFO             PET0 PIOc_sync Enter - MemInfo: [/proc/self/status]	VmPin:	       0 kB
20220314 062913.543 INFO             PET0 PIOc_sync Enter - MemInfo: [/proc/self/status]	VmHWM:	   30016 kB
20220314 062913.543 INFO             PET0 PIOc_sync Enter - MemInfo: [/proc/self/status]	VmRSS:	   30016 kB
20220314 062913.543 INFO             PET0 PIOc_sync Enter - MemInfo: [/proc/self/status]	VmData:	   39056 kB
20220314 062913.543 INFO             PET0 PIOc_sync Enter - MemInfo: [/proc/self/status]	VmStk:	     144 kB
20220314 062913.543 INFO             PET0 PIOc_sync Enter - MemInfo: [/proc/self/status]	VmExe:	     212 kB
20220314 062913.543 INFO             PET0 PIOc_sync Enter - MemInfo: [/proc/self/status]	VmLib:	   39752 kB
20220314 062913.543 INFO             PET0 PIOc_sync Enter - MemInfo: [/proc/self/status]	VmPTE:	     236 kB
20220314 062913.543 INFO             PET0 PIOc_sync Enter - MemInfo: [/proc/self/status]	VmPMD:	      12 kB
20220314 062913.543 INFO             PET0 PIOc_sync Enter - MemInfo: [/proc/self/status]	VmSwap:	       0 kB
20220314 062913.543 INFO             PET0 PIOc_sync Enter - MemInfo: [/proc/self/status]	VmRSSPercent: 0.0458211 %
20220314 062913.543 INFO             PET0 PIOc_sync Enter - MemInfo: [malloc] Non-mmapped space allocated:                36577280 Byte
20220314 062913.543 INFO             PET0 PIOc_sync Enter - MemInfo: [malloc] Space allocated in mmapped regions:                0 Byte
20220314 062913.543 INFO             PET0 PIOc_sync Enter - MemInfo: [malloc] Maximum total allocated space:                     0 Byte
20220314 062913.543 INFO             PET0 PIOc_sync Enter - MemInfo: [malloc] Space in freed fastbin blocks:                  1168 Byte
20220314 062913.543 INFO             PET0 PIOc_sync Enter - MemInfo: [malloc] Total allocated space:                      36461168 Byte
20220314 062913.543 INFO             PET0 PIOc_sync Enter - MemInfo: [malloc] Total free space:                             116112 Byte
20220314 062913.543 INFO             PET0 PIOc_sync Enter - MemInfo: [malloc] Top-most, releasable space:                   114320 Byte
20220314 062913.543 INFO             PET0 PIOc_sync Enter - MemInfo: [malloc] Total space in use, mmap + non-mmap:        36461168 Byte
20220314 062913.543 INFO             PET0 PIOc_sync Enter - MemInfo: [malloc] Total space held (mmap + non-mmap):         36577280 Byte
20220314 062913.543 INFO             PET0 PIOc_sync Enter - MemInfo: [malloc] Total space used (mmap + non-mmap):         36470560 Byte
20220314 062913.543 INFO             PET0 PIOc_sync Enter - MemInfo: Wall-clock time since execution start:               0.014292 seconds
20220314 062913.547 INFO             PET0 PIOc_sync Exit - MemInfo: [/proc/meminfo - SSI]	MemTotal:       65507008 kB
20220314 062913.547 INFO             PET0 PIOc_sync Exit - MemInfo: [/proc/meminfo - SSI]	MemFree:        49784852 kB
20220314 062913.547 INFO             PET0 PIOc_sync Exit - MemInfo: [/proc/meminfo - SSI]	MemAvailable:   49549980 kB
20220314 062913.547 INFO             PET0 PIOc_sync Exit - MemInfo: [/proc/meminfo - SSI]	Committed_AS:   13145080 kB
20220314 062913.547 INFO             PET0 PIOc_sync Exit - MemInfo: [/proc/meminfo - SSI]	CommittedPercent: 20.0667 %
20220314 062913.547 INFO             PET0 PIOc_sync Exit - MemInfo: [/proc/self/status]	VmPeak:	  134184 kB
20220314 062913.547 INFO             PET0 PIOc_sync Exit - MemInfo: [/proc/self/status]	VmSize:	  134184 kB
20220314 062913.547 INFO             PET0 PIOc_sync Exit - MemInfo: [/proc/self/status]	VmLck:	       0 kB
20220314 062913.547 INFO             PET0 PIOc_sync Exit - MemInfo: [/proc/self/status]	VmPin:	       0 kB
20220314 062913.547 INFO             PET0 PIOc_sync Exit - MemInfo: [/proc/self/status]	VmHWM:	   30120 kB
20220314 062913.547 INFO             PET0 PIOc_sync Exit - MemInfo: [/proc/self/status]	VmRSS:	   30120 kB
20220314 062913.547 INFO             PET0 PIOc_sync Exit - MemInfo: [/proc/self/status]	VmData:	   39056 kB
20220314 062913.547 INFO             PET0 PIOc_sync Exit - MemInfo: [/proc/self/status]	VmStk:	     144 kB
20220314 062913.547 INFO             PET0 PIOc_sync Exit - MemInfo: [/proc/self/status]	VmExe:	     212 kB
20220314 062913.547 INFO             PET0 PIOc_sync Exit - MemInfo: [/proc/self/status]	VmLib:	   39752 kB
20220314 062913.547 INFO             PET0 PIOc_sync Exit - MemInfo: [/proc/self/status]	VmPTE:	     236 kB
20220314 062913.547 INFO             PET0 PIOc_sync Exit - MemInfo: [/proc/self/status]	VmPMD:	      12 kB
20220314 062913.547 INFO             PET0 PIOc_sync Exit - MemInfo: [/proc/self/status]	VmSwap:	       0 kB
20220314 062913.547 INFO             PET0 PIOc_sync Exit - MemInfo: [/proc/self/status]	VmRSSPercent: 0.0459798 %
20220314 062913.547 INFO             PET0 PIOc_sync Exit - MemInfo: [malloc] Non-mmapped space allocated:                36577280 Byte
20220314 062913.547 INFO             PET0 PIOc_sync Exit - MemInfo: [malloc] Space allocated in mmapped regions:                0 Byte
20220314 062913.547 INFO             PET0 PIOc_sync Exit - MemInfo: [malloc] Maximum total allocated space:                     0 Byte
20220314 062913.547 INFO             PET0 PIOc_sync Exit - MemInfo: [malloc] Space in freed fastbin blocks:                  2800 Byte
20220314 062913.547 INFO             PET0 PIOc_sync Exit - MemInfo: [malloc] Total allocated space:                      36460768 Byte
20220314 062913.547 INFO             PET0 PIOc_sync Exit - MemInfo: [malloc] Total free space:                             116512 Byte
20220314 062913.547 INFO             PET0 PIOc_sync Exit - MemInfo: [malloc] Top-most, releasable space:                   113104 Byte
20220314 062913.547 INFO             PET0 PIOc_sync Exit - MemInfo: [malloc] Total space in use, mmap + non-mmap:        36460768 Byte
20220314 062913.547 INFO             PET0 PIOc_sync Exit - MemInfo: [malloc] Total space held (mmap + non-mmap):         36577280 Byte
20220314 062913.547 INFO             PET0 PIOc_sync Exit - MemInfo: [malloc] Total space used (mmap + non-mmap):         36470160 Byte
20220314 062913.547 INFO             PET0 PIOc_sync Exit - MemInfo: Wall-clock time since execution start:              0.0182406 seconds
20220314 062913.547 INFO             PET0 PIOc_freedecomp Enter - MemInfo: [/proc/meminfo - SSI]	MemTotal:       65507008 kB
20220314 062913.547 INFO             PET0 PIOc_freedecomp Enter - MemInfo: [/proc/meminfo - SSI]	MemFree:        49784852 kB
20220314 062913.547 INFO             PET0 PIOc_freedecomp Enter - MemInfo: [/proc/meminfo - SSI]	MemAvailable:   49549980 kB
20220314 062913.547 INFO             PET0 PIOc_freedecomp Enter - MemInfo: [/proc/meminfo - SSI]	Committed_AS:   13145080 kB
20220314 062913.547 INFO             PET0 PIOc_freedecomp Enter - MemInfo: [/proc/meminfo - SSI]	CommittedPercent: 20.0667 %
20220314 062913.547 INFO             PET0 PIOc_freedecomp Enter - MemInfo: [/proc/self/status]	VmPeak:	  134184 kB
20220314 062913.547 INFO             PET0 PIOc_freedecomp Enter - MemInfo: [/proc/self/status]	VmSize:	  134184 kB
20220314 062913.547 INFO             PET0 PIOc_freedecomp Enter - MemInfo: [/proc/self/status]	VmLck:	       0 kB
20220314 062913.547 INFO             PET0 PIOc_freedecomp Enter - MemInfo: [/proc/self/status]	VmPin:	       0 kB
20220314 062913.547 INFO             PET0 PIOc_freedecomp Enter - MemInfo: [/proc/self/status]	VmHWM:	   30120 kB
20220314 062913.547 INFO             PET0 PIOc_freedecomp Enter - MemInfo: [/proc/self/status]	VmRSS:	   30120 kB
20220314 062913.547 INFO             PET0 PIOc_freedecomp Enter - MemInfo: [/proc/self/status]	VmData:	   39056 kB
20220314 062913.547 INFO             PET0 PIOc_freedecomp Enter - MemInfo: [/proc/self/status]	VmStk:	     144 kB
20220314 062913.547 INFO             PET0 PIOc_freedecomp Enter - MemInfo: [/proc/self/status]	VmExe:	     212 kB
20220314 062913.547 INFO             PET0 PIOc_freedecomp Enter - MemInfo: [/proc/self/status]	VmLib:	   39752 kB
20220314 062913.547 INFO             PET0 PIOc_freedecomp Enter - MemInfo: [/proc/self/status]	VmPTE:	     236 kB
20220314 062913.547 INFO             PET0 PIOc_freedecomp Enter - MemInfo: [/proc/self/status]	VmPMD:	      12 kB
20220314 062913.547 INFO             PET0 PIOc_freedecomp Enter - MemInfo: [/proc/self/status]	VmSwap:	       0 kB
20220314 062913.547 INFO             PET0 PIOc_freedecomp Enter - MemInfo: [/proc/self/status]	VmRSSPercent: 0.0459798 %
20220314 062913.547 INFO             PET0 PIOc_freedecomp Enter - MemInfo: [malloc] Non-mmapped space allocated:                36577280 Byte
20220314 062913.547 INFO             PET0 PIOc_freedecomp Enter - MemInfo: [malloc] Space allocated in mmapped regions:                0 Byte
20220314 062913.547 INFO             PET0 PIOc_freedecomp Enter - MemInfo: [malloc] Maximum total allocated space:                     0 Byte
20220314 062913.547 INFO             PET0 PIOc_freedecomp Enter - MemInfo: [malloc] Space in freed fastbin blocks:                  1040 Byte
20220314 062913.547 INFO             PET0 PIOc_freedecomp Enter - MemInfo: [malloc] Total allocated space:                      19145936 Byte
20220314 062913.547 INFO             PET0 PIOc_freedecomp Enter - MemInfo: [malloc] Total free space:                           17431344 Byte
20220314 062913.547 INFO             PET0 PIOc_freedecomp Enter - MemInfo: [malloc] Top-most, releasable space:                   115696 Byte
20220314 062913.547 INFO             PET0 PIOc_freedecomp Enter - MemInfo: [malloc] Total space in use, mmap + non-mmap:        19145936 Byte
20220314 062913.547 INFO             PET0 PIOc_freedecomp Enter - MemInfo: [malloc] Total space held (mmap + non-mmap):         36577280 Byte
20220314 062913.547 INFO             PET0 PIOc_freedecomp Enter - MemInfo: [malloc] Total space used (mmap + non-mmap):         19155312 Byte
20220314 062913.547 INFO             PET0 PIOc_freedecomp Enter - MemInfo: Wall-clock time since execution start:              0.0184931 seconds
20220314 062913.547 INFO             PET0 PIOc_freedecomp Exit - MemInfo: [/proc/meminfo - SSI]	MemTotal:       65507008 kB
20220314 062913.547 INFO             PET0 PIOc_freedecomp Exit - MemInfo: [/proc/meminfo - SSI]	MemFree:        49784852 kB
20220314 062913.547 INFO             PET0 PIOc_freedecomp Exit - MemInfo: [/proc/meminfo - SSI]	MemAvailable:   49549980 kB
20220314 062913.547 INFO             PET0 PIOc_freedecomp Exit - MemInfo: [/proc/meminfo - SSI]	Committed_AS:   13145080 kB
20220314 062913.547 INFO             PET0 PIOc_freedecomp Exit - MemInfo: [/proc/meminfo - SSI]	CommittedPercent: 20.0667 %
20220314 062913.547 INFO             PET0 PIOc_freedecomp Exit - MemInfo: [/proc/self/status]	VmPeak:	  134184 kB
20220314 062913.547 INFO             PET0 PIOc_freedecomp Exit - MemInfo: [/proc/self/status]	VmSize:	  134184 kB
20220314 062913.547 INFO             PET0 PIOc_freedecomp Exit - MemInfo: [/proc/self/status]	VmLck:	       0 kB
20220314 062913.547 INFO             PET0 PIOc_freedecomp Exit - MemInfo: [/proc/self/status]	VmPin:	       0 kB
20220314 062913.547 INFO             PET0 PIOc_freedecomp Exit - MemInfo: [/proc/self/status]	VmHWM:	   30120 kB
20220314 062913.547 INFO             PET0 PIOc_freedecomp Exit - MemInfo: [/proc/self/status]	VmRSS:	   30120 kB
20220314 062913.547 INFO             PET0 PIOc_freedecomp Exit - MemInfo: [/proc/self/status]	VmData:	   39056 kB
20220314 062913.547 INFO             PET0 PIOc_freedecomp Exit - MemInfo: [/proc/self/status]	VmStk:	     144 kB
20220314 062913.547 INFO             PET0 PIOc_freedecomp Exit - MemInfo: [/proc/self/status]	VmExe:	     212 kB
20220314 062913.547 INFO             PET0 PIOc_freedecomp Exit - MemInfo: [/proc/self/status]	VmLib:	   39752 kB
20220314 062913.547 INFO             PET0 PIOc_freedecomp Exit - MemInfo: [/proc/self/status]	VmPTE:	     236 kB
20220314 062913.547 INFO             PET0 PIOc_freedecomp Exit - MemInfo: [/proc/self/status]	VmPMD:	      12 kB
20220314 062913.547 INFO             PET0 PIOc_freedecomp Exit - MemInfo: [/proc/self/status]	VmSwap:	       0 kB
20220314 062913.547 INFO             PET0 PIOc_freedecomp Exit - MemInfo: [/proc/self/status]	VmRSSPercent: 0.0459798 %
20220314 062913.547 INFO             PET0 PIOc_freedecomp Exit - MemInfo: [malloc] Non-mmapped space allocated:                36577280 Byte
20220314 062913.547 INFO             PET0 PIOc_freedecomp Exit - MemInfo: [malloc] Space allocated in mmapped regions:                0 Byte
20220314 062913.547 INFO             PET0 PIOc_freedecomp Exit - MemInfo: [malloc] Maximum total allocated space:                     0 Byte
20220314 062913.547 INFO             PET0 PIOc_freedecomp Exit - MemInfo: [malloc] Space in freed fastbin blocks:                  1344 Byte
20220314 062913.547 INFO             PET0 PIOc_freedecomp Exit - MemInfo: [malloc] Total allocated space:                      19144128 Byte
20220314 062913.547 INFO             PET0 PIOc_freedecomp Exit - MemInfo: [malloc] Total free space:                           17433152 Byte
20220314 062913.547 INFO             PET0 PIOc_freedecomp Exit - MemInfo: [malloc] Top-most, releasable space:                   115696 Byte
20220314 062913.547 INFO             PET0 PIOc_freedecomp Exit - MemInfo: [malloc] Total space in use, mmap + non-mmap:        19144128 Byte
20220314 062913.547 INFO             PET0 PIOc_freedecomp Exit - MemInfo: [malloc] Total space held (mmap + non-mmap):         36577280 Byte
20220314 062913.547 INFO             PET0 PIOc_freedecomp Exit - MemInfo: [malloc] Total space used (mmap + non-mmap):         19153504 Byte
20220314 062913.547 INFO             PET0 PIOc_freedecomp Exit - MemInfo: Wall-clock time since execution start:              0.0186977 seconds
20220314 062913.548 INFO             PET0 PIOc_sync Enter - MemInfo: [/proc/meminfo - SSI]	MemTotal:       65507008 kB
20220314 062913.548 INFO             PET0 PIOc_sync Enter - MemInfo: [/proc/meminfo - SSI]	MemFree:        49784852 kB
20220314 062913.548 INFO             PET0 PIOc_sync Enter - MemInfo: [/proc/meminfo - SSI]	MemAvailable:   49549980 kB
20220314 062913.548 INFO             PET0 PIOc_sync Enter - MemInfo: [/proc/meminfo - SSI]	Committed_AS:   13145080 kB
20220314 062913.548 INFO             PET0 PIOc_sync Enter - MemInfo: [/proc/meminfo - SSI]	CommittedPercent: 20.0667 %
20220314 062913.548 INFO             PET0 PIOc_sync Enter - MemInfo: [/proc/self/status]	VmPeak:	  142372 kB
20220314 062913.548 INFO             PET0 PIOc_sync Enter - MemInfo: [/proc/self/status]	VmSize:	  134184 kB
20220314 062913.548 INFO             PET0 PIOc_sync Enter - MemInfo: [/proc/self/status]	VmLck:	       0 kB
20220314 062913.548 INFO             PET0 PIOc_sync Enter - MemInfo: [/proc/self/status]	VmPin:	       0 kB
20220314 062913.548 INFO             PET0 PIOc_sync Enter - MemInfo: [/proc/self/status]	VmHWM:	   30124 kB
20220314 062913.548 INFO             PET0 PIOc_sync Enter - MemInfo: [/proc/self/status]	VmRSS:	   30124 kB
20220314 062913.548 INFO             PET0 PIOc_sync Enter - MemInfo: [/proc/self/status]	VmData:	   39056 kB
20220314 062913.548 INFO             PET0 PIOc_sync Enter - MemInfo: [/proc/self/status]	VmStk:	     144 kB
20220314 062913.548 INFO             PET0 PIOc_sync Enter - MemInfo: [/proc/self/status]	VmExe:	     212 kB
20220314 062913.548 INFO             PET0 PIOc_sync Enter - MemInfo: [/proc/self/status]	VmLib:	   39752 kB
20220314 062913.548 INFO             PET0 PIOc_sync Enter - MemInfo: [/proc/self/status]	VmPTE:	     236 kB
20220314 062913.548 INFO             PET0 PIOc_sync Enter - MemInfo: [/proc/self/status]	VmPMD:	      12 kB
20220314 062913.548 INFO             PET0 PIOc_sync Enter - MemInfo: [/proc/self/status]	VmSwap:	       0 kB
20220314 062913.548 INFO             PET0 PIOc_sync Enter - MemInfo: [/proc/self/status]	VmRSSPercent: 0.0459859 %
20220314 062913.548 INFO             PET0 PIOc_sync Enter - MemInfo: [malloc] Non-mmapped space allocated:                36577280 Byte
20220314 062913.548 INFO             PET0 PIOc_sync Enter - MemInfo: [malloc] Space allocated in mmapped regions:                0 Byte
20220314 062913.548 INFO             PET0 PIOc_sync Enter - MemInfo: [malloc] Maximum total allocated space:                     0 Byte
20220314 062913.548 INFO             PET0 PIOc_sync Enter - MemInfo: [malloc] Space in freed fastbin blocks:                  1712 Byte
20220314 062913.548 INFO             PET0 PIOc_sync Enter - MemInfo: [malloc] Total allocated space:                      36461920 Byte
20220314 062913.548 INFO             PET0 PIOc_sync Enter - MemInfo: [malloc] Total free space:                             115360 Byte
20220314 062913.548 INFO             PET0 PIOc_sync Enter - MemInfo: [malloc] Top-most, releasable space:                   112976 Byte
20220314 062913.548 INFO             PET0 PIOc_sync Enter - MemInfo: [malloc] Total space in use, mmap + non-mmap:        36461920 Byte
20220314 062913.548 INFO             PET0 PIOc_sync Enter - MemInfo: [malloc] Total space held (mmap + non-mmap):         36577280 Byte
20220314 062913.548 INFO             PET0 PIOc_sync Enter - MemInfo: [malloc] Total space used (mmap + non-mmap):         36471312 Byte
20220314 062913.548 INFO             PET0 PIOc_sync Enter - MemInfo: Wall-clock time since execution start:              0.0196525 seconds
20220314 062913.548 INFO             PET0 PIOc_sync Exit - MemInfo: [/proc/meminfo - SSI]	MemTotal:       65507008 kB
20220314 062913.548 INFO             PET0 PIOc_sync Exit - MemInfo: [/proc/meminfo - SSI]	MemFree:        49784852 kB
20220314 062913.548 INFO             PET0 PIOc_sync Exit - MemInfo: [/proc/meminfo - SSI]	MemAvailable:   49549980 kB
20220314 062913.548 INFO             PET0 PIOc_sync Exit - MemInfo: [/proc/meminfo - SSI]	Committed_AS:   13145080 kB
20220314 062913.548 INFO             PET0 PIOc_sync Exit - MemInfo: [/proc/meminfo - SSI]	CommittedPercent: 20.0667 %
20220314 062913.548 INFO             PET0 PIOc_sync Exit - MemInfo: [/proc/self/status]	VmPeak:	  142372 kB
20220314 062913.548 INFO             PET0 PIOc_sync Exit - MemInfo: [/proc/self/status]	VmSize:	  134184 kB
20220314 062913.548 INFO             PET0 PIOc_sync Exit - MemInfo: [/proc/self/status]	VmLck:	       0 kB
20220314 062913.548 INFO             PET0 PIOc_sync Exit - MemInfo: [/proc/self/status]	VmPin:	       0 kB
20220314 062913.548 INFO             PET0 PIOc_sync Exit - MemInfo: [/proc/self/status]	VmHWM:	   30124 kB
20220314 062913.548 INFO             PET0 PIOc_sync Exit - MemInfo: [/proc/self/status]	VmRSS:	   30124 kB
20220314 062913.548 INFO             PET0 PIOc_sync Exit - MemInfo: [/proc/self/status]	VmData:	   39056 kB
20220314 062913.548 INFO             PET0 PIOc_sync Exit - MemInfo: [/proc/self/status]	VmStk:	     144 kB
20220314 062913.548 INFO             PET0 PIOc_sync Exit - MemInfo: [/proc/self/status]	VmExe:	     212 kB
20220314 062913.548 INFO             PET0 PIOc_sync Exit - MemInfo: [/proc/self/status]	VmLib:	   39752 kB
20220314 062913.548 INFO             PET0 PIOc_sync Exit - MemInfo: [/proc/self/status]	VmPTE:	     236 kB
20220314 062913.548 INFO             PET0 PIOc_sync Exit - MemInfo: [/proc/self/status]	VmPMD:	      12 kB
20220314 062913.548 INFO             PET0 PIOc_sync Exit - MemInfo: [/proc/self/status]	VmSwap:	       0 kB
20220314 062913.549 INFO             PET0 PIOc_sync Exit - MemInfo: [/proc/self/status]	VmRSSPercent: 0.0459859 %
20220314 062913.549 INFO             PET0 PIOc_sync Exit - MemInfo: [malloc] Non-mmapped space allocated:                36577280 Byte
20220314 062913.549 INFO             PET0 PIOc_sync Exit - MemInfo: [malloc] Space allocated in mmapped regions:                0 Byte
20220314 062913.549 INFO             PET0 PIOc_sync Exit - MemInfo: [malloc] Maximum total allocated space:                     0 Byte
20220314 062913.549 INFO             PET0 PIOc_sync Exit - MemInfo: [malloc] Space in freed fastbin blocks:                  3104 Byte
20220314 062913.549 INFO             PET0 PIOc_sync Exit - MemInfo: [malloc] Total allocated space:                      36461536 Byte
20220314 062913.549 INFO             PET0 PIOc_sync Exit - MemInfo: [malloc] Total free space:                             115744 Byte
20220314 062913.549 INFO             PET0 PIOc_sync Exit - MemInfo: [malloc] Top-most, releasable space:                   111712 Byte
20220314 062913.549 INFO             PET0 PIOc_sync Exit - MemInfo: [malloc] Total space in use, mmap + non-mmap:        36461536 Byte
20220314 062913.549 INFO             PET0 PIOc_sync Exit - MemInfo: [malloc] Total space held (mmap + non-mmap):         36577280 Byte
20220314 062913.549 INFO             PET0 PIOc_sync Exit - MemInfo: [malloc] Total space used (mmap + non-mmap):         36470928 Byte
20220314 062913.549 INFO             PET0 PIOc_sync Exit - MemInfo: Wall-clock time since execution start:              0.0199078 seconds
20220314 062913.549 INFO             PET0 PIOc_freedecomp Enter - MemInfo: [/proc/meminfo - SSI]	MemTotal:       65507008 kB
20220314 062913.549 INFO             PET0 PIOc_freedecomp Enter - MemInfo: [/proc/meminfo - SSI]	MemFree:        49784852 kB
20220314 062913.549 INFO             PET0 PIOc_freedecomp Enter - MemInfo: [/proc/meminfo - SSI]	MemAvailable:   49549980 kB
20220314 062913.549 INFO             PET0 PIOc_freedecomp Enter - MemInfo: [/proc/meminfo - SSI]	Committed_AS:   13145080 kB
20220314 062913.549 INFO             PET0 PIOc_freedecomp Enter - MemInfo: [/proc/meminfo - SSI]	CommittedPercent: 20.0667 %
20220314 062913.549 INFO             PET0 PIOc_freedecomp Enter - MemInfo: [/proc/self/status]	VmPeak:	  142372 kB
20220314 062913.549 INFO             PET0 PIOc_freedecomp Enter - MemInfo: [/proc/self/status]	VmSize:	  134184 kB
20220314 062913.549 INFO             PET0 PIOc_freedecomp Enter - MemInfo: [/proc/self/status]	VmLck:	       0 kB
20220314 062913.549 INFO             PET0 PIOc_freedecomp Enter - MemInfo: [/proc/self/status]	VmPin:	       0 kB
20220314 062913.549 INFO             PET0 PIOc_freedecomp Enter - MemInfo: [/proc/self/status]	VmHWM:	   30128 kB
20220314 062913.549 INFO             PET0 PIOc_freedecomp Enter - MemInfo: [/proc/self/status]	VmRSS:	   30128 kB
20220314 062913.549 INFO             PET0 PIOc_freedecomp Enter - MemInfo: [/proc/self/status]	VmData:	   39056 kB
20220314 062913.549 INFO             PET0 PIOc_freedecomp Enter - MemInfo: [/proc/self/status]	VmStk:	     144 kB
20220314 062913.549 INFO             PET0 PIOc_freedecomp Enter - MemInfo: [/proc/self/status]	VmExe:	     212 kB
20220314 062913.549 INFO             PET0 PIOc_freedecomp Enter - MemInfo: [/proc/self/status]	VmLib:	   39752 kB
20220314 062913.549 INFO             PET0 PIOc_freedecomp Enter - MemInfo: [/proc/self/status]	VmPTE:	     236 kB
20220314 062913.549 INFO             PET0 PIOc_freedecomp Enter - MemInfo: [/proc/self/status]	VmPMD:	      12 kB
20220314 062913.549 INFO             PET0 PIOc_freedecomp Enter - MemInfo: [/proc/self/status]	VmSwap:	       0 kB
20220314 062913.549 INFO             PET0 PIOc_freedecomp Enter - MemInfo: [/proc/self/status]	VmRSSPercent: 0.045992 %
20220314 062913.549 INFO             PET0 PIOc_freedecomp Enter - MemInfo: [malloc] Non-mmapped space allocated:                36577280 Byte
20220314 062913.549 INFO             PET0 PIOc_freedecomp Enter - MemInfo: [malloc] Space allocated in mmapped regions:                0 Byte
20220314 062913.549 INFO             PET0 PIOc_freedecomp Enter - MemInfo: [malloc] Maximum total allocated space:                     0 Byte
20220314 062913.549 INFO             PET0 PIOc_freedecomp Enter - MemInfo: [malloc] Space in freed fastbin blocks:                  1040 Byte
20220314 062913.549 INFO             PET0 PIOc_freedecomp Enter - MemInfo: [malloc] Total allocated space:                      19145936 Byte
20220314 062913.549 INFO             PET0 PIOc_freedecomp Enter - MemInfo: [malloc] Total free space:                           17431344 Byte
20220314 062913.549 INFO             PET0 PIOc_freedecomp Enter - MemInfo: [malloc] Top-most, releasable space:                   114288 Byte
20220314 062913.549 INFO             PET0 PIOc_freedecomp Enter - MemInfo: [malloc] Total space in use, mmap + non-mmap:        19145936 Byte
20220314 062913.549 INFO             PET0 PIOc_freedecomp Enter - MemInfo: [malloc] Total space held (mmap + non-mmap):         36577280 Byte
20220314 062913.549 INFO             PET0 PIOc_freedecomp Enter - MemInfo: [malloc] Total space used (mmap + non-mmap):         19155312 Byte
20220314 062913.549 INFO             PET0 PIOc_freedecomp Enter - MemInfo: Wall-clock time since execution start:              0.0201406 seconds
20220314 062913.549 INFO             PET0 PIOc_freedecomp Exit - MemInfo: [/proc/meminfo - SSI]	MemTotal:       65507008 kB
20220314 062913.549 INFO             PET0 PIOc_freedecomp Exit - MemInfo: [/proc/meminfo - SSI]	MemFree:        49784852 kB
20220314 062913.549 INFO             PET0 PIOc_freedecomp Exit - MemInfo: [/proc/meminfo - SSI]	MemAvailable:   49549980 kB
20220314 062913.549 INFO             PET0 PIOc_freedecomp Exit - MemInfo: [/proc/meminfo - SSI]	Committed_AS:   13145080 kB
20220314 062913.549 INFO             PET0 PIOc_freedecomp Exit - MemInfo: [/proc/meminfo - SSI]	CommittedPercent: 20.0667 %
20220314 062913.549 INFO             PET0 PIOc_freedecomp Exit - MemInfo: [/proc/self/status]	VmPeak:	  142372 kB
20220314 062913.549 INFO             PET0 PIOc_freedecomp Exit - MemInfo: [/proc/self/status]	VmSize:	  134184 kB
20220314 062913.549 INFO             PET0 PIOc_freedecomp Exit - MemInfo: [/proc/self/status]	VmLck:	       0 kB
20220314 062913.549 INFO             PET0 PIOc_freedecomp Exit - MemInfo: [/proc/self/status]	VmPin:	       0 kB
20220314 062913.549 INFO             PET0 PIOc_freedecomp Exit - MemInfo: [/proc/self/status]	VmHWM:	   30128 kB
20220314 062913.549 INFO             PET0 PIOc_freedecomp Exit - MemInfo: [/proc/self/status]	VmRSS:	   30128 kB
20220314 062913.549 INFO             PET0 PIOc_freedecomp Exit - MemInfo: [/proc/self/status]	VmData:	   39056 kB
20220314 062913.549 INFO             PET0 PIOc_freedecomp Exit - MemInfo: [/proc/self/status]	VmStk:	     144 kB
20220314 062913.549 INFO             PET0 PIOc_freedecomp Exit - MemInfo: [/proc/self/status]	VmExe:	     212 kB
20220314 062913.549 INFO             PET0 PIOc_freedecomp Exit - MemInfo: [/proc/self/status]	VmLib:	   39752 kB
20220314 062913.549 INFO             PET0 PIOc_freedecomp Exit - MemInfo: [/proc/self/status]	VmPTE:	     236 kB
20220314 062913.549 INFO             PET0 PIOc_freedecomp Exit - MemInfo: [/proc/self/status]	VmPMD:	      12 kB
20220314 062913.549 INFO             PET0 PIOc_freedecomp Exit - MemInfo: [/proc/self/status]	VmSwap:	       0 kB
20220314 062913.549 INFO             PET0 PIOc_freedecomp Exit - MemInfo: [/proc/self/status]	VmRSSPercent: 0.045992 %
20220314 062913.549 INFO             PET0 PIOc_freedecomp Exit - MemInfo: [malloc] Non-mmapped space allocated:                36577280 Byte
20220314 062913.549 INFO             PET0 PIOc_freedecomp Exit - MemInfo: [malloc] Space allocated in mmapped regions:                0 Byte
20220314 062913.549 INFO             PET0 PIOc_freedecomp Exit - MemInfo: [malloc] Maximum total allocated space:                     0 Byte
20220314 062913.549 INFO             PET0 PIOc_freedecomp Exit - MemInfo: [malloc] Space in freed fastbin blocks:                  3056 Byte
20220314 062913.549 INFO             PET0 PIOc_freedecomp Exit - MemInfo: [malloc] Total allocated space:                      19144128 Byte
20220314 062913.549 INFO             PET0 PIOc_freedecomp Exit - MemInfo: [malloc] Total free space:                           17433152 Byte
20220314 062913.549 INFO             PET0 PIOc_freedecomp Exit - MemInfo: [malloc] Top-most, releasable space:                   114288 Byte
20220314 062913.549 INFO             PET0 PIOc_freedecomp Exit - MemInfo: [malloc] Total space in use, mmap + non-mmap:        19144128 Byte
20220314 062913.549 INFO             PET0 PIOc_freedecomp Exit - MemInfo: [malloc] Total space held (mmap + non-mmap):         36577280 Byte
20220314 062913.549 INFO             PET0 PIOc_freedecomp Exit - MemInfo: [malloc] Total space used (mmap + non-mmap):         19153520 Byte
20220314 062913.549 INFO             PET0 PIOc_freedecomp Exit - MemInfo: Wall-clock time since execution start:              0.0203415 seconds
20220314 062913.550 INFO             PET0 PIOc_sync Enter - MemInfo: [/proc/meminfo - SSI]	MemTotal:       65507008 kB
20220314 062913.550 INFO             PET0 PIOc_sync Enter - MemInfo: [/proc/meminfo - SSI]	MemFree:        49784852 kB
20220314 062913.550 INFO             PET0 PIOc_sync Enter - MemInfo: [/proc/meminfo - SSI]	MemAvailable:   49549980 kB
20220314 062913.550 INFO             PET0 PIOc_sync Enter - MemInfo: [/proc/meminfo - SSI]	Committed_AS:   13145080 kB
20220314 062913.550 INFO             PET0 PIOc_sync Enter - MemInfo: [/proc/meminfo - SSI]	CommittedPercent: 20.0667 %
20220314 062913.550 INFO             PET0 PIOc_sync Enter - MemInfo: [/proc/self/status]	VmPeak:	  142372 kB
20220314 062913.550 INFO             PET0 PIOc_sync Enter - MemInfo: [/proc/self/status]	VmSize:	  134184 kB
20220314 062913.550 INFO             PET0 PIOc_sync Enter - MemInfo: [/proc/self/status]	VmLck:	       0 kB
20220314 062913.550 INFO             PET0 PIOc_sync Enter - MemInfo: [/proc/self/status]	VmPin:	       0 kB
20220314 062913.550 INFO             PET0 PIOc_sync Enter - MemInfo: [/proc/self/status]	VmHWM:	   30128 kB
20220314 062913.550 INFO             PET0 PIOc_sync Enter - MemInfo: [/proc/self/status]	VmRSS:	   30128 kB
20220314 062913.550 INFO             PET0 PIOc_sync Enter - MemInfo: [/proc/self/status]	VmData:	   39056 kB
20220314 062913.550 INFO             PET0 PIOc_sync Enter - MemInfo: [/proc/self/status]	VmStk:	     144 kB
20220314 062913.550 INFO             PET0 PIOc_sync Enter - MemInfo: [/proc/self/status]	VmExe:	     212 kB
20220314 062913.550 INFO             PET0 PIOc_sync Enter - MemInfo: [/proc/self/status]	VmLib:	   39752 kB
20220314 062913.550 INFO             PET0 PIOc_sync Enter - MemInfo: [/proc/self/status]	VmPTE:	     236 kB
20220314 062913.550 INFO             PET0 PIOc_sync Enter - MemInfo: [/proc/self/status]	VmPMD:	      12 kB
20220314 062913.550 INFO             PET0 PIOc_sync Enter - MemInfo: [/proc/self/status]	VmSwap:	       0 kB
20220314 062913.550 INFO             PET0 PIOc_sync Enter - MemInfo: [/proc/self/status]	VmRSSPercent: 0.045992 %
20220314 062913.550 INFO             PET0 PIOc_sync Enter - MemInfo: [malloc] Non-mmapped space allocated:                36577280 Byte
20220314 062913.550 INFO             PET0 PIOc_sync Enter - MemInfo: [malloc] Space allocated in mmapped regions:                0 Byte
20220314 062913.550 INFO             PET0 PIOc_sync Enter - MemInfo: [malloc] Maximum total allocated space:                     0 Byte
20220314 062913.550 INFO             PET0 PIOc_sync Enter - MemInfo: [malloc] Space in freed fastbin blocks:                   272 Byte
20220314 062913.550 INFO             PET0 PIOc_sync Enter - MemInfo: [malloc] Total allocated space:                      36462656 Byte
20220314 062913.550 INFO             PET0 PIOc_sync Enter - MemInfo: [malloc] Total free space:                             114624 Byte
20220314 062913.550 INFO             PET0 PIOc_sync Enter - MemInfo: [malloc] Top-most, releasable space:                   112672 Byte
20220314 062913.550 INFO             PET0 PIOc_sync Enter - MemInfo: [malloc] Total space in use, mmap + non-mmap:        36462656 Byte
20220314 062913.550 INFO             PET0 PIOc_sync Enter - MemInfo: [malloc] Total space held (mmap + non-mmap):         36577280 Byte
20220314 062913.550 INFO             PET0 PIOc_sync Enter - MemInfo: [malloc] Total space used (mmap + non-mmap):         36472032 Byte
20220314 062913.550 INFO             PET0 PIOc_sync Enter - MemInfo: Wall-clock time since execution start:              0.0212417 seconds
20220314 062913.550 INFO             PET0 PIOc_sync Exit - MemInfo: [/proc/meminfo - SSI]	MemTotal:       65507008 kB
20220314 062913.550 INFO             PET0 PIOc_sync Exit - MemInfo: [/proc/meminfo - SSI]	MemFree:        49784852 kB
20220314 062913.550 INFO             PET0 PIOc_sync Exit - MemInfo: [/proc/meminfo - SSI]	MemAvailable:   49549980 kB
20220314 062913.550 INFO             PET0 PIOc_sync Exit - MemInfo: [/proc/meminfo - SSI]	Committed_AS:   13145080 kB
20220314 062913.550 INFO             PET0 PIOc_sync Exit - MemInfo: [/proc/meminfo - SSI]	CommittedPercent: 20.0667 %
20220314 062913.550 INFO             PET0 PIOc_sync Exit - MemInfo: [/proc/self/status]	VmPeak:	  142372 kB
20220314 062913.550 INFO             PET0 PIOc_sync Exit - MemInfo: [/proc/self/status]	VmSize:	  134184 kB
20220314 062913.550 INFO             PET0 PIOc_sync Exit - MemInfo: [/proc/self/status]	VmLck:	       0 kB
20220314 062913.550 INFO             PET0 PIOc_sync Exit - MemInfo: [/proc/self/status]	VmPin:	       0 kB
20220314 062913.550 INFO             PET0 PIOc_sync Exit - MemInfo: [/proc/self/status]	VmHWM:	   30128 kB
20220314 062913.550 INFO             PET0 PIOc_sync Exit - MemInfo: [/proc/self/status]	VmRSS:	   30128 kB
20220314 062913.550 INFO             PET0 PIOc_sync Exit - MemInfo: [/proc/self/status]	VmData:	   39056 kB
20220314 062913.550 INFO             PET0 PIOc_sync Exit - MemInfo: [/proc/self/status]	VmStk:	     144 kB
20220314 062913.550 INFO             PET0 PIOc_sync Exit - MemInfo: [/proc/self/status]	VmExe:	     212 kB
20220314 062913.550 INFO             PET0 PIOc_sync Exit - MemInfo: [/proc/self/status]	VmLib:	   39752 kB
20220314 062913.550 INFO             PET0 PIOc_sync Exit - MemInfo: [/proc/self/status]	VmPTE:	     236 kB
20220314 062913.550 INFO             PET0 PIOc_sync Exit - MemInfo: [/proc/self/status]	VmPMD:	      12 kB
20220314 062913.550 INFO             PET0 PIOc_sync Exit - MemInfo: [/proc/self/status]	VmSwap:	       0 kB
20220314 062913.550 INFO             PET0 PIOc_sync Exit - MemInfo: [/proc/self/status]	VmRSSPercent: 0.045992 %
20220314 062913.550 INFO             PET0 PIOc_sync Exit - MemInfo: [malloc] Non-mmapped space allocated:                36577280 Byte
20220314 062913.550 INFO             PET0 PIOc_sync Exit - MemInfo: [malloc] Space allocated in mmapped regions:                0 Byte
20220314 062913.550 INFO             PET0 PIOc_sync Exit - MemInfo: [malloc] Maximum total allocated space:                     0 Byte
20220314 062913.550 INFO             PET0 PIOc_sync Exit - MemInfo: [malloc] Space in freed fastbin blocks:                  1248 Byte
20220314 062913.550 INFO             PET0 PIOc_sync Exit - MemInfo: [malloc] Total allocated space:                      36462272 Byte
20220314 062913.550 INFO             PET0 PIOc_sync Exit - MemInfo: [malloc] Total free space:                             115008 Byte
20220314 062913.550 INFO             PET0 PIOc_sync Exit - MemInfo: [malloc] Top-most, releasable space:                   113200 Byte
20220314 062913.550 INFO             PET0 PIOc_sync Exit - MemInfo: [malloc] Total space in use, mmap + non-mmap:        36462272 Byte
20220314 062913.550 INFO             PET0 PIOc_sync Exit - MemInfo: [malloc] Total space held (mmap + non-mmap):         36577280 Byte
20220314 062913.550 INFO             PET0 PIOc_sync Exit - MemInfo: [malloc] Total space used (mmap + non-mmap):         36471664 Byte
20220314 062913.550 INFO             PET0 PIOc_sync Exit - MemInfo: Wall-clock time since execution start:              0.0214949 seconds
20220314 062913.550 INFO             PET0 PIOc_freedecomp Enter - MemInfo: [/proc/meminfo - SSI]	MemTotal:       65507008 kB
20220314 062913.550 INFO             PET0 PIOc_freedecomp Enter - MemInfo: [/proc/meminfo - SSI]	MemFree:        49784852 kB
20220314 062913.550 INFO             PET0 PIOc_freedecomp Enter - MemInfo: [/proc/meminfo - SSI]	MemAvailable:   49549980 kB
20220314 062913.550 INFO             PET0 PIOc_freedecomp Enter - MemInfo: [/proc/meminfo - SSI]	Committed_AS:   13145080 kB
20220314 062913.550 INFO             PET0 PIOc_freedecomp Enter - MemInfo: [/proc/meminfo - SSI]	CommittedPercent: 20.0667 %
20220314 062913.550 INFO             PET0 PIOc_freedecomp Enter - MemInfo: [/proc/self/status]	VmPeak:	  142372 kB
20220314 062913.550 INFO             PET0 PIOc_freedecomp Enter - MemInfo: [/proc/self/status]	VmSize:	  134184 kB
20220314 062913.550 INFO             PET0 PIOc_freedecomp Enter - MemInfo: [/proc/self/status]	VmLck:	       0 kB
20220314 062913.550 INFO             PET0 PIOc_freedecomp Enter - MemInfo: [/proc/self/status]	VmPin:	       0 kB
20220314 062913.550 INFO             PET0 PIOc_freedecomp Enter - MemInfo: [/proc/self/status]	VmHWM:	   30128 kB
20220314 062913.550 INFO             PET0 PIOc_freedecomp Enter - MemInfo: [/proc/self/status]	VmRSS:	   30128 kB
20220314 062913.550 INFO             PET0 PIOc_freedecomp Enter - MemInfo: [/proc/self/status]	VmData:	   39056 kB
20220314 062913.550 INFO             PET0 PIOc_freedecomp Enter - MemInfo: [/proc/self/status]	VmStk:	     144 kB
20220314 062913.550 INFO             PET0 PIOc_freedecomp Enter - MemInfo: [/proc/self/status]	VmExe:	     212 kB
20220314 062913.550 INFO             PET0 PIOc_freedecomp Enter - MemInfo: [/proc/self/status]	VmLib:	   39752 kB
20220314 062913.550 INFO             PET0 PIOc_freedecomp Enter - MemInfo: [/proc/self/status]	VmPTE:	     236 kB
20220314 062913.550 INFO             PET0 PIOc_freedecomp Enter - MemInfo: [/proc/self/status]	VmPMD:	      12 kB
20220314 062913.550 INFO             PET0 PIOc_freedecomp Enter - MemInfo: [/proc/self/status]	VmSwap:	       0 kB
20220314 062913.550 INFO             PET0 PIOc_freedecomp Enter - MemInfo: [/proc/self/status]	VmRSSPercent: 0.045992 %
20220314 062913.550 INFO             PET0 PIOc_freedecomp Enter - MemInfo: [malloc] Non-mmapped space allocated:                36577280 Byte
20220314 062913.550 INFO             PET0 PIOc_freedecomp Enter - MemInfo: [malloc] Space allocated in mmapped regions:                0 Byte
20220314 062913.550 INFO             PET0 PIOc_freedecomp Enter - MemInfo: [malloc] Maximum total allocated space:                     0 Byte
20220314 062913.550 INFO             PET0 PIOc_freedecomp Enter - MemInfo: [malloc] Space in freed fastbin blocks:                   960 Byte
20220314 062913.550 INFO             PET0 PIOc_freedecomp Enter - MemInfo: [malloc] Total allocated space:                      19145968 Byte
20220314 062913.550 INFO             PET0 PIOc_freedecomp Enter - MemInfo: [malloc] Total free space:                           17431312 Byte
20220314 062913.550 INFO             PET0 PIOc_freedecomp Enter - MemInfo: [malloc] Top-most, releasable space:                   114192 Byte
20220314 062913.550 INFO             PET0 PIOc_freedecomp Enter - MemInfo: [malloc] Total space in use, mmap + non-mmap:        19145968 Byte
20220314 062913.550 INFO             PET0 PIOc_freedecomp Enter - MemInfo: [malloc] Total space held (mmap + non-mmap):         36577280 Byte
20220314 062913.550 INFO             PET0 PIOc_freedecomp Enter - MemInfo: [malloc] Total space used (mmap + non-mmap):         19155360 Byte
20220314 062913.550 INFO             PET0 PIOc_freedecomp Enter - MemInfo: Wall-clock time since execution start:              0.0217302 seconds
20220314 062913.550 INFO             PET0 PIOc_freedecomp Exit - MemInfo: [/proc/meminfo - SSI]	MemTotal:       65507008 kB
20220314 062913.550 INFO             PET0 PIOc_freedecomp Exit - MemInfo: [/proc/meminfo - SSI]	MemFree:        49784852 kB
20220314 062913.550 INFO             PET0 PIOc_freedecomp Exit - MemInfo: [/proc/meminfo - SSI]	MemAvailable:   49549980 kB
20220314 062913.550 INFO             PET0 PIOc_freedecomp Exit - MemInfo: [/proc/meminfo - SSI]	Committed_AS:   13145080 kB
20220314 062913.550 INFO             PET0 PIOc_freedecomp Exit - MemInfo: [/proc/meminfo - SSI]	CommittedPercent: 20.0667 %
20220314 062913.550 INFO             PET0 PIOc_freedecomp Exit - MemInfo: [/proc/self/status]	VmPeak:	  142372 kB
20220314 062913.550 INFO             PET0 PIOc_freedecomp Exit - MemInfo: [/proc/self/status]	VmSize:	  134184 kB
20220314 062913.550 INFO             PET0 PIOc_freedecomp Exit - MemInfo: [/proc/self/status]	VmLck:	       0 kB
20220314 062913.550 INFO             PET0 PIOc_freedecomp Exit - MemInfo: [/proc/self/status]	VmPin:	       0 kB
20220314 062913.550 INFO             PET0 PIOc_freedecomp Exit - MemInfo: [/proc/self/status]	VmHWM:	   30128 kB
20220314 062913.551 INFO             PET0 PIOc_freedecomp Exit - MemInfo: [/proc/self/status]	VmRSS:	   30128 kB
20220314 062913.551 INFO             PET0 PIOc_freedecomp Exit - MemInfo: [/proc/self/status]	VmData:	   39056 kB
20220314 062913.551 INFO             PET0 PIOc_freedecomp Exit - MemInfo: [/proc/self/status]	VmStk:	     144 kB
20220314 062913.551 INFO             PET0 PIOc_freedecomp Exit - MemInfo: [/proc/self/status]	VmExe:	     212 kB
20220314 062913.551 INFO             PET0 PIOc_freedecomp Exit - MemInfo: [/proc/self/status]	VmLib:	   39752 kB
20220314 062913.551 INFO             PET0 PIOc_freedecomp Exit - MemInfo: [/proc/self/status]	VmPTE:	     236 kB
20220314 062913.551 INFO             PET0 PIOc_freedecomp Exit - MemInfo: [/proc/self/status]	VmPMD:	      12 kB
20220314 062913.551 INFO             PET0 PIOc_freedecomp Exit - MemInfo: [/proc/self/status]	VmSwap:	       0 kB
20220314 062913.551 INFO             PET0 PIOc_freedecomp Exit - MemInfo: [/proc/self/status]	VmRSSPercent: 0.045992 %
20220314 062913.551 INFO             PET0 PIOc_freedecomp Exit - MemInfo: [malloc] Non-mmapped space allocated:                36577280 Byte
20220314 062913.551 INFO             PET0 PIOc_freedecomp Exit - MemInfo: [malloc] Space allocated in mmapped regions:                0 Byte
20220314 062913.551 INFO             PET0 PIOc_freedecomp Exit - MemInfo: [malloc] Maximum total allocated space:                     0 Byte
20220314 062913.551 INFO             PET0 PIOc_freedecomp Exit - MemInfo: [malloc] Space in freed fastbin blocks:                  3184 Byte
20220314 062913.551 INFO             PET0 PIOc_freedecomp Exit - MemInfo: [malloc] Total allocated space:                      19144128 Byte
20220314 062913.551 INFO             PET0 PIOc_freedecomp Exit - MemInfo: [malloc] Total free space:                           17433152 Byte
20220314 062913.551 INFO             PET0 PIOc_freedecomp Exit - MemInfo: [malloc] Top-most, releasable space:                   114192 Byte
20220314 062913.551 INFO             PET0 PIOc_freedecomp Exit - MemInfo: [malloc] Total space in use, mmap + non-mmap:        19144128 Byte
20220314 062913.551 INFO             PET0 PIOc_freedecomp Exit - MemInfo: [malloc] Total space held (mmap + non-mmap):         36577280 Byte
20220314 062913.551 INFO             PET0 PIOc_freedecomp Exit - MemInfo: [malloc] Total space used (mmap + non-mmap):         19153504 Byte
20220314 062913.551 INFO             PET0 PIOc_freedecomp Exit - MemInfo: Wall-clock time since execution start:              0.0219303 seconds
20220314 062913.551 INFO             PET0 PIOc_sync Enter - MemInfo: [/proc/meminfo - SSI]	MemTotal:       65507008 kB
20220314 062913.551 INFO             PET0 PIOc_sync Enter - MemInfo: [/proc/meminfo - SSI]	MemFree:        49784852 kB
20220314 062913.551 INFO             PET0 PIOc_sync Enter - MemInfo: [/proc/meminfo - SSI]	MemAvailable:   49549980 kB
20220314 062913.551 INFO             PET0 PIOc_sync Enter - MemInfo: [/proc/meminfo - SSI]	Committed_AS:   13145080 kB
20220314 062913.551 INFO             PET0 PIOc_sync Enter - MemInfo: [/proc/meminfo - SSI]	CommittedPercent: 20.0667 %
20220314 062913.551 INFO             PET0 PIOc_sync Enter - MemInfo: [/proc/self/status]	VmPeak:	  142372 kB
20220314 062913.551 INFO             PET0 PIOc_sync Enter - MemInfo: [/proc/self/status]	VmSize:	  134184 kB
20220314 062913.551 INFO             PET0 PIOc_sync Enter - MemInfo: [/proc/self/status]	VmLck:	       0 kB
20220314 062913.551 INFO             PET0 PIOc_sync Enter - MemInfo: [/proc/self/status]	VmPin:	       0 kB
20220314 062913.551 INFO             PET0 PIOc_sync Enter - MemInfo: [/proc/self/status]	VmHWM:	   30128 kB
20220314 062913.551 INFO             PET0 PIOc_sync Enter - MemInfo: [/proc/self/status]	VmRSS:	   30128 kB
20220314 062913.551 INFO             PET0 PIOc_sync Enter - MemInfo: [/proc/self/status]	VmData:	   39056 kB
20220314 062913.551 INFO             PET0 PIOc_sync Enter - MemInfo: [/proc/self/status]	VmStk:	     144 kB
20220314 062913.551 INFO             PET0 PIOc_sync Enter - MemInfo: [/proc/self/status]	VmExe:	     212 kB
20220314 062913.551 INFO             PET0 PIOc_sync Enter - MemInfo: [/proc/self/status]	VmLib:	   39752 kB
20220314 062913.551 INFO             PET0 PIOc_sync Enter - MemInfo: [/proc/self/status]	VmPTE:	     236 kB
20220314 062913.551 INFO             PET0 PIOc_sync Enter - MemInfo: [/proc/self/status]	VmPMD:	      12 kB
20220314 062913.551 INFO             PET0 PIOc_sync Enter - MemInfo: [/proc/self/status]	VmSwap:	       0 kB
20220314 062913.551 INFO             PET0 PIOc_sync Enter - MemInfo: [/proc/self/status]	VmRSSPercent: 0.045992 %
20220314 062913.551 INFO             PET0 PIOc_sync Enter - MemInfo: [malloc] Non-mmapped space allocated:                36577280 Byte
20220314 062913.551 INFO             PET0 PIOc_sync Enter - MemInfo: [malloc] Space allocated in mmapped regions:                0 Byte
20220314 062913.551 INFO             PET0 PIOc_sync Enter - MemInfo: [malloc] Maximum total allocated space:                     0 Byte
20220314 062913.551 INFO             PET0 PIOc_sync Enter - MemInfo: [malloc] Space in freed fastbin blocks:                   272 Byte
20220314 062913.551 INFO             PET0 PIOc_sync Enter - MemInfo: [malloc] Total allocated space:                      36463376 Byte
20220314 062913.551 INFO             PET0 PIOc_sync Enter - MemInfo: [malloc] Total free space:                             113904 Byte
20220314 062913.551 INFO             PET0 PIOc_sync Enter - MemInfo: [malloc] Top-most, releasable space:                   111872 Byte
20220314 062913.551 INFO             PET0 PIOc_sync Enter - MemInfo: [malloc] Total space in use, mmap + non-mmap:        36463376 Byte
20220314 062913.551 INFO             PET0 PIOc_sync Enter - MemInfo: [malloc] Total space held (mmap + non-mmap):         36577280 Byte
20220314 062913.551 INFO             PET0 PIOc_sync Enter - MemInfo: [malloc] Total space used (mmap + non-mmap):         36472752 Byte
20220314 062913.551 INFO             PET0 PIOc_sync Enter - MemInfo: Wall-clock time since execution start:              0.0228324 seconds
20220314 062913.552 INFO             PET0 PIOc_sync Exit - MemInfo: [/proc/meminfo - SSI]	MemTotal:       65507008 kB
20220314 062913.552 INFO             PET0 PIOc_sync Exit - MemInfo: [/proc/meminfo - SSI]	MemFree:        49784852 kB
20220314 062913.552 INFO             PET0 PIOc_sync Exit - MemInfo: [/proc/meminfo - SSI]	MemAvailable:   49549980 kB
20220314 062913.552 INFO             PET0 PIOc_sync Exit - MemInfo: [/proc/meminfo - SSI]	Committed_AS:   13145080 kB
20220314 062913.552 INFO             PET0 PIOc_sync Exit - MemInfo: [/proc/meminfo - SSI]	CommittedPercent: 20.0667 %
20220314 062913.552 INFO             PET0 PIOc_sync Exit - MemInfo: [/proc/self/status]	VmPeak:	  142372 kB
20220314 062913.552 INFO             PET0 PIOc_sync Exit - MemInfo: [/proc/self/status]	VmSize:	  134184 kB
20220314 062913.552 INFO             PET0 PIOc_sync Exit - MemInfo: [/proc/self/status]	VmLck:	       0 kB
20220314 062913.552 INFO             PET0 PIOc_sync Exit - MemInfo: [/proc/self/status]	VmPin:	       0 kB
20220314 062913.552 INFO             PET0 PIOc_sync Exit - MemInfo: [/proc/self/status]	VmHWM:	   30128 kB
20220314 062913.552 INFO             PET0 PIOc_sync Exit - MemInfo: [/proc/self/status]	VmRSS:	   30128 kB
20220314 062913.552 INFO             PET0 PIOc_sync Exit - MemInfo: [/proc/self/status]	VmData:	   39056 kB
20220314 062913.552 INFO             PET0 PIOc_sync Exit - MemInfo: [/proc/self/status]	VmStk:	     144 kB
20220314 062913.552 INFO             PET0 PIOc_sync Exit - MemInfo: [/proc/self/status]	VmExe:	     212 kB
20220314 062913.552 INFO             PET0 PIOc_sync Exit - MemInfo: [/proc/self/status]	VmLib:	   39752 kB
20220314 062913.552 INFO             PET0 PIOc_sync Exit - MemInfo: [/proc/self/status]	VmPTE:	     236 kB
20220314 062913.552 INFO             PET0 PIOc_sync Exit - MemInfo: [/proc/self/status]	VmPMD:	      12 kB
20220314 062913.552 INFO             PET0 PIOc_sync Exit - MemInfo: [/proc/self/status]	VmSwap:	       0 kB
20220314 062913.552 INFO             PET0 PIOc_sync Exit - MemInfo: [/proc/self/status]	VmRSSPercent: 0.045992 %
20220314 062913.552 INFO             PET0 PIOc_sync Exit - MemInfo: [malloc] Non-mmapped space allocated:                36577280 Byte
20220314 062913.552 INFO             PET0 PIOc_sync Exit - MemInfo: [malloc] Space allocated in mmapped regions:                0 Byte
20220314 062913.552 INFO             PET0 PIOc_sync Exit - MemInfo: [malloc] Maximum total allocated space:                     0 Byte
20220314 062913.552 INFO             PET0 PIOc_sync Exit - MemInfo: [malloc] Space in freed fastbin blocks:                  1024 Byte
20220314 062913.552 INFO             PET0 PIOc_sync Exit - MemInfo: [malloc] Total allocated space:                      36463008 Byte
20220314 062913.552 INFO             PET0 PIOc_sync Exit - MemInfo: [malloc] Total free space:                             114272 Byte
20220314 062913.552 INFO             PET0 PIOc_sync Exit - MemInfo: [malloc] Top-most, releasable space:                   111904 Byte
20220314 062913.552 INFO             PET0 PIOc_sync Exit - MemInfo: [malloc] Total space in use, mmap + non-mmap:        36463008 Byte
20220314 062913.552 INFO             PET0 PIOc_sync Exit - MemInfo: [malloc] Total space held (mmap + non-mmap):         36577280 Byte
20220314 062913.552 INFO             PET0 PIOc_sync Exit - MemInfo: [malloc] Total space used (mmap + non-mmap):         36472400 Byte
20220314 062913.552 INFO             PET0 PIOc_sync Exit - MemInfo: Wall-clock time since execution start:              0.0230857 seconds
20220314 062913.552 INFO             PET0 PIOc_freedecomp Enter - MemInfo: [/proc/meminfo - SSI]	MemTotal:       65507008 kB
20220314 062913.552 INFO             PET0 PIOc_freedecomp Enter - MemInfo: [/proc/meminfo - SSI]	MemFree:        49784852 kB
20220314 062913.552 INFO             PET0 PIOc_freedecomp Enter - MemInfo: [/proc/meminfo - SSI]	MemAvailable:   49549980 kB
20220314 062913.552 INFO             PET0 PIOc_freedecomp Enter - MemInfo: [/proc/meminfo - SSI]	Committed_AS:   13145080 kB
20220314 062913.552 INFO             PET0 PIOc_freedecomp Enter - MemInfo: [/proc/meminfo - SSI]	CommittedPercent: 20.0667 %
20220314 062913.552 INFO             PET0 PIOc_freedecomp Enter - MemInfo: [/proc/self/status]	VmPeak:	  142372 kB
20220314 062913.552 INFO             PET0 PIOc_freedecomp Enter - MemInfo: [/proc/self/status]	VmSize:	  134184 kB
20220314 062913.552 INFO             PET0 PIOc_freedecomp Enter - MemInfo: [/proc/self/status]	VmLck:	       0 kB
20220314 062913.552 INFO             PET0 PIOc_freedecomp Enter - MemInfo: [/proc/self/status]	VmPin:	       0 kB
20220314 062913.552 INFO             PET0 PIOc_freedecomp Enter - MemInfo: [/proc/self/status]	VmHWM:	   30128 kB
20220314 062913.552 INFO             PET0 PIOc_freedecomp Enter - MemInfo: [/proc/self/status]	VmRSS:	   30128 kB
20220314 062913.552 INFO             PET0 PIOc_freedecomp Enter - MemInfo: [/proc/self/status]	VmData:	   39056 kB
20220314 062913.552 INFO             PET0 PIOc_freedecomp Enter - MemInfo: [/proc/self/status]	VmStk:	     144 kB
20220314 062913.552 INFO             PET0 PIOc_freedecomp Enter - MemInfo: [/proc/self/status]	VmExe:	     212 kB
20220314 062913.552 INFO             PET0 PIOc_freedecomp Enter - MemInfo: [/proc/self/status]	VmLib:	   39752 kB
20220314 062913.552 INFO             PET0 PIOc_freedecomp Enter - MemInfo: [/proc/self/status]	VmPTE:	     236 kB
20220314 062913.552 INFO             PET0 PIOc_freedecomp Enter - MemInfo: [/proc/self/status]	VmPMD:	      12 kB
20220314 062913.552 INFO             PET0 PIOc_freedecomp Enter - MemInfo: [/proc/self/status]	VmSwap:	       0 kB
20220314 062913.552 INFO             PET0 PIOc_freedecomp Enter - MemInfo: [/proc/self/status]	VmRSSPercent: 0.045992 %
20220314 062913.552 INFO             PET0 PIOc_freedecomp Enter - MemInfo: [malloc] Non-mmapped space allocated:                36577280 Byte
20220314 062913.552 INFO             PET0 PIOc_freedecomp Enter - MemInfo: [malloc] Space allocated in mmapped regions:                0 Byte
20220314 062913.552 INFO             PET0 PIOc_freedecomp Enter - MemInfo: [malloc] Maximum total allocated space:                     0 Byte
20220314 062913.552 INFO             PET0 PIOc_freedecomp Enter - MemInfo: [malloc] Space in freed fastbin blocks:                  1136 Byte
20220314 062913.552 INFO             PET0 PIOc_freedecomp Enter - MemInfo: [malloc] Total allocated space:                      19145968 Byte
20220314 062913.552 INFO             PET0 PIOc_freedecomp Enter - MemInfo: [malloc] Total free space:                           17431312 Byte
20220314 062913.552 INFO             PET0 PIOc_freedecomp Enter - MemInfo: [malloc] Top-most, releasable space:                   111904 Byte
20220314 062913.552 INFO             PET0 PIOc_freedecomp Enter - MemInfo: [malloc] Total space in use, mmap + non-mmap:        19145968 Byte
20220314 062913.552 INFO             PET0 PIOc_freedecomp Enter - MemInfo: [malloc] Total space held (mmap + non-mmap):         36577280 Byte
20220314 062913.552 INFO             PET0 PIOc_freedecomp Enter - MemInfo: [malloc] Total space used (mmap + non-mmap):         19155344 Byte
20220314 062913.552 INFO             PET0 PIOc_freedecomp Enter - MemInfo: Wall-clock time since execution start:              0.0233152 seconds
20220314 062913.552 INFO             PET0 PIOc_freedecomp Exit - MemInfo: [/proc/meminfo - SSI]	MemTotal:       65507008 kB
20220314 062913.552 INFO             PET0 PIOc_freedecomp Exit - MemInfo: [/proc/meminfo - SSI]	MemFree:        49784852 kB
20220314 062913.552 INFO             PET0 PIOc_freedecomp Exit - MemInfo: [/proc/meminfo - SSI]	MemAvailable:   49549980 kB
20220314 062913.552 INFO             PET0 PIOc_freedecomp Exit - MemInfo: [/proc/meminfo - SSI]	Committed_AS:   13145080 kB
20220314 062913.552 INFO             PET0 PIOc_freedecomp Exit - MemInfo: [/proc/meminfo - SSI]	CommittedPercent: 20.0667 %
20220314 062913.552 INFO             PET0 PIOc_freedecomp Exit - MemInfo: [/proc/self/status]	VmPeak:	  142372 kB
20220314 062913.552 INFO             PET0 PIOc_freedecomp Exit - MemInfo: [/proc/self/status]	VmSize:	  134184 kB
20220314 062913.552 INFO             PET0 PIOc_freedecomp Exit - MemInfo: [/proc/self/status]	VmLck:	       0 kB
20220314 062913.552 INFO             PET0 PIOc_freedecomp Exit - MemInfo: [/proc/self/status]	VmPin:	       0 kB
20220314 062913.552 INFO             PET0 PIOc_freedecomp Exit - MemInfo: [/proc/self/status]	VmHWM:	   30128 kB
20220314 062913.552 INFO             PET0 PIOc_freedecomp Exit - MemInfo: [/proc/self/status]	VmRSS:	   30128 kB
20220314 062913.552 INFO             PET0 PIOc_freedecomp Exit - MemInfo: [/proc/self/status]	VmData:	   39056 kB
20220314 062913.552 INFO             PET0 PIOc_freedecomp Exit - MemInfo: [/proc/self/status]	VmStk:	     144 kB
20220314 062913.552 INFO             PET0 PIOc_freedecomp Exit - MemInfo: [/proc/self/status]	VmExe:	     212 kB
20220314 062913.552 INFO             PET0 PIOc_freedecomp Exit - MemInfo: [/proc/self/status]	VmLib:	   39752 kB
20220314 062913.552 INFO             PET0 PIOc_freedecomp Exit - MemInfo: [/proc/self/status]	VmPTE:	     236 kB
20220314 062913.552 INFO             PET0 PIOc_freedecomp Exit - MemInfo: [/proc/self/status]	VmPMD:	      12 kB
20220314 062913.552 INFO             PET0 PIOc_freedecomp Exit - MemInfo: [/proc/self/status]	VmSwap:	       0 kB
20220314 062913.552 INFO             PET0 PIOc_freedecomp Exit - MemInfo: [/proc/self/status]	VmRSSPercent: 0.045992 %
20220314 062913.552 INFO             PET0 PIOc_freedecomp Exit - MemInfo: [malloc] Non-mmapped space allocated:                36577280 Byte
20220314 062913.552 INFO             PET0 PIOc_freedecomp Exit - MemInfo: [malloc] Space allocated in mmapped regions:                0 Byte
20220314 062913.552 INFO             PET0 PIOc_freedecomp Exit - MemInfo: [malloc] Maximum total allocated space:                     0 Byte
20220314 062913.552 INFO             PET0 PIOc_freedecomp Exit - MemInfo: [malloc] Space in freed fastbin blocks:                  2928 Byte
20220314 062913.552 INFO             PET0 PIOc_freedecomp Exit - MemInfo: [malloc] Total allocated space:                      19144128 Byte
20220314 062913.552 INFO             PET0 PIOc_freedecomp Exit - MemInfo: [malloc] Total free space:                           17433152 Byte
20220314 062913.552 INFO             PET0 PIOc_freedecomp Exit - MemInfo: [malloc] Top-most, releasable space:                   111904 Byte
20220314 062913.552 INFO             PET0 PIOc_freedecomp Exit - MemInfo: [malloc] Total space in use, mmap + non-mmap:        19144128 Byte
20220314 062913.552 INFO             PET0 PIOc_freedecomp Exit - MemInfo: [malloc] Total space held (mmap + non-mmap):         36577280 Byte
20220314 062913.552 INFO             PET0 PIOc_freedecomp Exit - MemInfo: [malloc] Total space used (mmap + non-mmap):         19153504 Byte
20220314 062913.552 INFO             PET0 PIOc_freedecomp Exit - MemInfo: Wall-clock time since execution start:              0.0235173 seconds
20220314 062913.558 INFO             PET0  NUMBER_OF_PROCESSORS           4
20220314 062913.558 INFO             PET0  PASS  Example ESMF_RHandleBitForBitEx, ESMF_RHandleBitForBitEx.F90, line 1557
20220314 062913.558 INFO             PET0 Finalizing ESMF
20220314 062913.530 INFO             PET1 !!!!!!!!!!!!!!!!!!!!!!!!!!!!!!!!!!!!!!!!!!!!!!!!!!!!!!
20220314 062913.530 INFO             PET1 !!! THE ESMF_LOG IS SET TO OUTPUT ALL LOG MESSAGES !!!
20220314 062913.530 INFO             PET1 !!!     THIS MAY CAUSE SLOWDOWN IN PERFORMANCE     !!!
20220314 062913.530 INFO             PET1 !!! FOR PRODUCTION RUNS, USE:                      !!!
20220314 062913.530 INFO             PET1 !!!                   ESMF_LOGKIND_Multi_On_Error  !!!
20220314 062913.530 INFO             PET1 !!!!!!!!!!!!!!!!!!!!!!!!!!!!!!!!!!!!!!!!!!!!!!!!!!!!!!
20220314 062913.530 INFO             PET1 Running with ESMF Version   : v8.3.0b09-96-g559b459836
20220314 062913.530 INFO             PET1 ESMF library build date/time: "Mar 14 2022" "06:03:07"
20220314 062913.530 INFO             PET1 ESMF library build location : /glade/scratch/rlong/esmf-testing/gfortran_10.1.0_mpt_O_jedwards_pio_update2
20220314 062913.530 INFO             PET1 ESMF_COMM                   : mpt
20220314 062913.530 INFO             PET1 ESMF_MOAB                   : enabled
20220314 062913.530 INFO             PET1 ESMF_LAPACK                 : enabled
20220314 062913.530 INFO             PET1 ESMF_NETCDF                 : enabled
20220314 062913.530 INFO             PET1 ESMF_PNETCDF                : disabled
20220314 062913.530 INFO             PET1 ESMF_PIO                    : enabled
20220314 062913.530 INFO             PET1 ESMF_YAMLCPP                : enabled
20220314 062913.543 INFO             PET1 PIOc_sync Enter - MemInfo: [/proc/meminfo - SSI]	MemTotal:       65507008 kB
20220314 062913.543 INFO             PET1 PIOc_sync Enter - MemInfo: [/proc/meminfo - SSI]	MemFree:        49784632 kB
20220314 062913.543 INFO             PET1 PIOc_sync Enter - MemInfo: [/proc/meminfo - SSI]	MemAvailable:   49549760 kB
20220314 062913.543 INFO             PET1 PIOc_sync Enter - MemInfo: [/proc/meminfo - SSI]	Committed_AS:   13145080 kB
20220314 062913.543 INFO             PET1 PIOc_sync Enter - MemInfo: [/proc/meminfo - SSI]	CommittedPercent: 20.0667 %
20220314 062913.543 INFO             PET1 PIOc_sync Enter - MemInfo: [/proc/self/status]	VmPeak:	  117092 kB
20220314 062913.543 INFO             PET1 PIOc_sync Enter - MemInfo: [/proc/self/status]	VmSize:	  117092 kB
20220314 062913.543 INFO             PET1 PIOc_sync Enter - MemInfo: [/proc/self/status]	VmLck:	       0 kB
20220314 062913.543 INFO             PET1 PIOc_sync Enter - MemInfo: [/proc/self/status]	VmPin:	       0 kB
20220314 062913.543 INFO             PET1 PIOc_sync Enter - MemInfo: [/proc/self/status]	VmHWM:	   11632 kB
20220314 062913.543 INFO             PET1 PIOc_sync Enter - MemInfo: [/proc/self/status]	VmRSS:	   11632 kB
20220314 062913.543 INFO             PET1 PIOc_sync Enter - MemInfo: [/proc/self/status]	VmData:	   21964 kB
20220314 062913.543 INFO             PET1 PIOc_sync Enter - MemInfo: [/proc/self/status]	VmStk:	     144 kB
20220314 062913.543 INFO             PET1 PIOc_sync Enter - MemInfo: [/proc/self/status]	VmExe:	     212 kB
20220314 062913.543 INFO             PET1 PIOc_sync Enter - MemInfo: [/proc/self/status]	VmLib:	   39752 kB
20220314 062913.543 INFO             PET1 PIOc_sync Enter - MemInfo: [/proc/self/status]	VmPTE:	     204 kB
20220314 062913.543 INFO             PET1 PIOc_sync Enter - MemInfo: [/proc/self/status]	VmPMD:	      12 kB
20220314 062913.543 INFO             PET1 PIOc_sync Enter - MemInfo: [/proc/self/status]	VmSwap:	       0 kB
20220314 062913.543 INFO             PET1 PIOc_sync Enter - MemInfo: [/proc/self/status]	VmRSSPercent: 0.0177569 %
20220314 062913.543 INFO             PET1 PIOc_sync Enter - MemInfo: [malloc] Non-mmapped space allocated:                19075072 Byte
20220314 062913.543 INFO             PET1 PIOc_sync Enter - MemInfo: [malloc] Space allocated in mmapped regions:                0 Byte
20220314 062913.543 INFO             PET1 PIOc_sync Enter - MemInfo: [malloc] Maximum total allocated space:                     0 Byte
20220314 062913.543 INFO             PET1 PIOc_sync Enter - MemInfo: [malloc] Space in freed fastbin blocks:                  1168 Byte
20220314 062913.543 INFO             PET1 PIOc_sync Enter - MemInfo: [malloc] Total allocated space:                      18799600 Byte
20220314 062913.543 INFO             PET1 PIOc_sync Enter - MemInfo: [malloc] Total free space:                             275472 Byte
20220314 062913.543 INFO             PET1 PIOc_sync Enter - MemInfo: [malloc] Top-most, releasable space:                   271216 Byte
20220314 062913.543 INFO             PET1 PIOc_sync Enter - MemInfo: [malloc] Total space in use, mmap + non-mmap:        18799600 Byte
20220314 062913.543 INFO             PET1 PIOc_sync Enter - MemInfo: [malloc] Total space held (mmap + non-mmap):         19075072 Byte
20220314 062913.543 INFO             PET1 PIOc_sync Enter - MemInfo: [malloc] Total space used (mmap + non-mmap):         18808992 Byte
20220314 062913.543 INFO             PET1 PIOc_sync Enter - MemInfo: Wall-clock time since execution start:              0.0143024 seconds
20220314 062913.547 INFO             PET1 PIOc_sync Exit - MemInfo: [/proc/meminfo - SSI]	MemTotal:       65507008 kB
20220314 062913.547 INFO             PET1 PIOc_sync Exit - MemInfo: [/proc/meminfo - SSI]	MemFree:        49784852 kB
20220314 062913.547 INFO             PET1 PIOc_sync Exit - MemInfo: [/proc/meminfo - SSI]	MemAvailable:   49549980 kB
20220314 062913.547 INFO             PET1 PIOc_sync Exit - MemInfo: [/proc/meminfo - SSI]	Committed_AS:   13145080 kB
20220314 062913.547 INFO             PET1 PIOc_sync Exit - MemInfo: [/proc/meminfo - SSI]	CommittedPercent: 20.0667 %
20220314 062913.547 INFO             PET1 PIOc_sync Exit - MemInfo: [/proc/self/status]	VmPeak:	  117092 kB
20220314 062913.547 INFO             PET1 PIOc_sync Exit - MemInfo: [/proc/self/status]	VmSize:	  117092 kB
20220314 062913.547 INFO             PET1 PIOc_sync Exit - MemInfo: [/proc/self/status]	VmLck:	       0 kB
20220314 062913.547 INFO             PET1 PIOc_sync Exit - MemInfo: [/proc/self/status]	VmPin:	       0 kB
20220314 062913.547 INFO             PET1 PIOc_sync Exit - MemInfo: [/proc/self/status]	VmHWM:	   11716 kB
20220314 062913.547 INFO             PET1 PIOc_sync Exit - MemInfo: [/proc/self/status]	VmRSS:	   11716 kB
20220314 062913.547 INFO             PET1 PIOc_sync Exit - MemInfo: [/proc/self/status]	VmData:	   21964 kB
20220314 062913.547 INFO             PET1 PIOc_sync Exit - MemInfo: [/proc/self/status]	VmStk:	     144 kB
20220314 062913.547 INFO             PET1 PIOc_sync Exit - MemInfo: [/proc/self/status]	VmExe:	     212 kB
20220314 062913.547 INFO             PET1 PIOc_sync Exit - MemInfo: [/proc/self/status]	VmLib:	   39752 kB
20220314 062913.547 INFO             PET1 PIOc_sync Exit - MemInfo: [/proc/self/status]	VmPTE:	     204 kB
20220314 062913.547 INFO             PET1 PIOc_sync Exit - MemInfo: [/proc/self/status]	VmPMD:	      12 kB
20220314 062913.547 INFO             PET1 PIOc_sync Exit - MemInfo: [/proc/self/status]	VmSwap:	       0 kB
20220314 062913.547 INFO             PET1 PIOc_sync Exit - MemInfo: [/proc/self/status]	VmRSSPercent: 0.0178851 %
20220314 062913.547 INFO             PET1 PIOc_sync Exit - MemInfo: [malloc] Non-mmapped space allocated:                19075072 Byte
20220314 062913.547 INFO             PET1 PIOc_sync Exit - MemInfo: [malloc] Space allocated in mmapped regions:                0 Byte
20220314 062913.547 INFO             PET1 PIOc_sync Exit - MemInfo: [malloc] Maximum total allocated space:                     0 Byte
20220314 062913.547 INFO             PET1 PIOc_sync Exit - MemInfo: [malloc] Space in freed fastbin blocks:                  2768 Byte
20220314 062913.547 INFO             PET1 PIOc_sync Exit - MemInfo: [malloc] Total allocated space:                      18798864 Byte
20220314 062913.547 INFO             PET1 PIOc_sync Exit - MemInfo: [malloc] Total free space:                             276208 Byte
20220314 062913.547 INFO             PET1 PIOc_sync Exit - MemInfo: [malloc] Top-most, releasable space:                   271216 Byte
20220314 062913.547 INFO             PET1 PIOc_sync Exit - MemInfo: [malloc] Total space in use, mmap + non-mmap:        18798864 Byte
20220314 062913.547 INFO             PET1 PIOc_sync Exit - MemInfo: [malloc] Total space held (mmap + non-mmap):         19075072 Byte
20220314 062913.547 INFO             PET1 PIOc_sync Exit - MemInfo: [malloc] Total space used (mmap + non-mmap):         18808256 Byte
20220314 062913.547 INFO             PET1 PIOc_sync Exit - MemInfo: Wall-clock time since execution start:               0.018244 seconds
20220314 062913.547 INFO             PET1 PIOc_freedecomp Enter - MemInfo: [/proc/meminfo - SSI]	MemTotal:       65507008 kB
20220314 062913.547 INFO             PET1 PIOc_freedecomp Enter - MemInfo: [/proc/meminfo - SSI]	MemFree:        49784852 kB
20220314 062913.547 INFO             PET1 PIOc_freedecomp Enter - MemInfo: [/proc/meminfo - SSI]	MemAvailable:   49549980 kB
20220314 062913.547 INFO             PET1 PIOc_freedecomp Enter - MemInfo: [/proc/meminfo - SSI]	Committed_AS:   13145080 kB
20220314 062913.547 INFO             PET1 PIOc_freedecomp Enter - MemInfo: [/proc/meminfo - SSI]	CommittedPercent: 20.0667 %
20220314 062913.547 INFO             PET1 PIOc_freedecomp Enter - MemInfo: [/proc/self/status]	VmPeak:	  117092 kB
20220314 062913.547 INFO             PET1 PIOc_freedecomp Enter - MemInfo: [/proc/self/status]	VmSize:	  117092 kB
20220314 062913.547 INFO             PET1 PIOc_freedecomp Enter - MemInfo: [/proc/self/status]	VmLck:	       0 kB
20220314 062913.547 INFO             PET1 PIOc_freedecomp Enter - MemInfo: [/proc/self/status]	VmPin:	       0 kB
20220314 062913.547 INFO             PET1 PIOc_freedecomp Enter - MemInfo: [/proc/self/status]	VmHWM:	   11716 kB
20220314 062913.547 INFO             PET1 PIOc_freedecomp Enter - MemInfo: [/proc/self/status]	VmRSS:	   11716 kB
20220314 062913.547 INFO             PET1 PIOc_freedecomp Enter - MemInfo: [/proc/self/status]	VmData:	   21964 kB
20220314 062913.547 INFO             PET1 PIOc_freedecomp Enter - MemInfo: [/proc/self/status]	VmStk:	     144 kB
20220314 062913.547 INFO             PET1 PIOc_freedecomp Enter - MemInfo: [/proc/self/status]	VmExe:	     212 kB
20220314 062913.547 INFO             PET1 PIOc_freedecomp Enter - MemInfo: [/proc/self/status]	VmLib:	   39752 kB
20220314 062913.547 INFO             PET1 PIOc_freedecomp Enter - MemInfo: [/proc/self/status]	VmPTE:	     204 kB
20220314 062913.547 INFO             PET1 PIOc_freedecomp Enter - MemInfo: [/proc/self/status]	VmPMD:	      12 kB
20220314 062913.547 INFO             PET1 PIOc_freedecomp Enter - MemInfo: [/proc/self/status]	VmSwap:	       0 kB
20220314 062913.547 INFO             PET1 PIOc_freedecomp Enter - MemInfo: [/proc/self/status]	VmRSSPercent: 0.0178851 %
20220314 062913.547 INFO             PET1 PIOc_freedecomp Enter - MemInfo: [malloc] Non-mmapped space allocated:                19075072 Byte
20220314 062913.547 INFO             PET1 PIOc_freedecomp Enter - MemInfo: [malloc] Space allocated in mmapped regions:                0 Byte
20220314 062913.547 INFO             PET1 PIOc_freedecomp Enter - MemInfo: [malloc] Maximum total allocated space:                     0 Byte
20220314 062913.547 INFO             PET1 PIOc_freedecomp Enter - MemInfo: [malloc] Space in freed fastbin blocks:                  2512 Byte
20220314 062913.547 INFO             PET1 PIOc_freedecomp Enter - MemInfo: [malloc] Total allocated space:                      18797248 Byte
20220314 062913.547 INFO             PET1 PIOc_freedecomp Enter - MemInfo: [malloc] Total free space:                             277824 Byte
20220314 062913.547 INFO             PET1 PIOc_freedecomp Enter - MemInfo: [malloc] Top-most, releasable space:                   271216 Byte
20220314 062913.547 INFO             PET1 PIOc_freedecomp Enter - MemInfo: [malloc] Total space in use, mmap + non-mmap:        18797248 Byte
20220314 062913.547 INFO             PET1 PIOc_freedecomp Enter - MemInfo: [malloc] Total space held (mmap + non-mmap):         19075072 Byte
20220314 062913.547 INFO             PET1 PIOc_freedecomp Enter - MemInfo: [malloc] Total space used (mmap + non-mmap):         18806624 Byte
20220314 062913.547 INFO             PET1 PIOc_freedecomp Enter - MemInfo: Wall-clock time since execution start:              0.0184887 seconds
20220314 062913.547 INFO             PET1 PIOc_freedecomp Exit - MemInfo: [/proc/meminfo - SSI]	MemTotal:       65507008 kB
20220314 062913.547 INFO             PET1 PIOc_freedecomp Exit - MemInfo: [/proc/meminfo - SSI]	MemFree:        49784852 kB
20220314 062913.547 INFO             PET1 PIOc_freedecomp Exit - MemInfo: [/proc/meminfo - SSI]	MemAvailable:   49549980 kB
20220314 062913.547 INFO             PET1 PIOc_freedecomp Exit - MemInfo: [/proc/meminfo - SSI]	Committed_AS:   13145080 kB
20220314 062913.547 INFO             PET1 PIOc_freedecomp Exit - MemInfo: [/proc/meminfo - SSI]	CommittedPercent: 20.0667 %
20220314 062913.547 INFO             PET1 PIOc_freedecomp Exit - MemInfo: [/proc/self/status]	VmPeak:	  117092 kB
20220314 062913.547 INFO             PET1 PIOc_freedecomp Exit - MemInfo: [/proc/self/status]	VmSize:	  117092 kB
20220314 062913.547 INFO             PET1 PIOc_freedecomp Exit - MemInfo: [/proc/self/status]	VmLck:	       0 kB
20220314 062913.547 INFO             PET1 PIOc_freedecomp Exit - MemInfo: [/proc/self/status]	VmPin:	       0 kB
20220314 062913.547 INFO             PET1 PIOc_freedecomp Exit - MemInfo: [/proc/self/status]	VmHWM:	   11716 kB
20220314 062913.547 INFO             PET1 PIOc_freedecomp Exit - MemInfo: [/proc/self/status]	VmRSS:	   11716 kB
20220314 062913.547 INFO             PET1 PIOc_freedecomp Exit - MemInfo: [/proc/self/status]	VmData:	   21964 kB
20220314 062913.547 INFO             PET1 PIOc_freedecomp Exit - MemInfo: [/proc/self/status]	VmStk:	     144 kB
20220314 062913.547 INFO             PET1 PIOc_freedecomp Exit - MemInfo: [/proc/self/status]	VmExe:	     212 kB
20220314 062913.547 INFO             PET1 PIOc_freedecomp Exit - MemInfo: [/proc/self/status]	VmLib:	   39752 kB
20220314 062913.547 INFO             PET1 PIOc_freedecomp Exit - MemInfo: [/proc/self/status]	VmPTE:	     204 kB
20220314 062913.547 INFO             PET1 PIOc_freedecomp Exit - MemInfo: [/proc/self/status]	VmPMD:	      12 kB
20220314 062913.547 INFO             PET1 PIOc_freedecomp Exit - MemInfo: [/proc/self/status]	VmSwap:	       0 kB
20220314 062913.547 INFO             PET1 PIOc_freedecomp Exit - MemInfo: [/proc/self/status]	VmRSSPercent: 0.0178851 %
20220314 062913.547 INFO             PET1 PIOc_freedecomp Exit - MemInfo: [malloc] Non-mmapped space allocated:                19075072 Byte
20220314 062913.547 INFO             PET1 PIOc_freedecomp Exit - MemInfo: [malloc] Space allocated in mmapped regions:                0 Byte
20220314 062913.547 INFO             PET1 PIOc_freedecomp Exit - MemInfo: [malloc] Maximum total allocated space:                     0 Byte
20220314 062913.547 INFO             PET1 PIOc_freedecomp Exit - MemInfo: [malloc] Space in freed fastbin blocks:                  3008 Byte
20220314 062913.547 INFO             PET1 PIOc_freedecomp Exit - MemInfo: [malloc] Total allocated space:                      18795936 Byte
20220314 062913.547 INFO             PET1 PIOc_freedecomp Exit - MemInfo: [malloc] Total free space:                             279136 Byte
20220314 062913.547 INFO             PET1 PIOc_freedecomp Exit - MemInfo: [malloc] Top-most, releasable space:                   271216 Byte
20220314 062913.547 INFO             PET1 PIOc_freedecomp Exit - MemInfo: [malloc] Total space in use, mmap + non-mmap:        18795936 Byte
20220314 062913.547 INFO             PET1 PIOc_freedecomp Exit - MemInfo: [malloc] Total space held (mmap + non-mmap):         19075072 Byte
20220314 062913.547 INFO             PET1 PIOc_freedecomp Exit - MemInfo: [malloc] Total space used (mmap + non-mmap):         18805312 Byte
20220314 062913.547 INFO             PET1 PIOc_freedecomp Exit - MemInfo: Wall-clock time since execution start:              0.0186878 seconds
20220314 062913.548 INFO             PET1 PIOc_sync Enter - MemInfo: [/proc/meminfo - SSI]	MemTotal:       65507008 kB
20220314 062913.548 INFO             PET1 PIOc_sync Enter - MemInfo: [/proc/meminfo - SSI]	MemFree:        49784852 kB
20220314 062913.548 INFO             PET1 PIOc_sync Enter - MemInfo: [/proc/meminfo - SSI]	MemAvailable:   49549980 kB
20220314 062913.548 INFO             PET1 PIOc_sync Enter - MemInfo: [/proc/meminfo - SSI]	Committed_AS:   13145080 kB
20220314 062913.548 INFO             PET1 PIOc_sync Enter - MemInfo: [/proc/meminfo - SSI]	CommittedPercent: 20.0667 %
20220314 062913.548 INFO             PET1 PIOc_sync Enter - MemInfo: [/proc/self/status]	VmPeak:	  117092 kB
20220314 062913.548 INFO             PET1 PIOc_sync Enter - MemInfo: [/proc/self/status]	VmSize:	  117092 kB
20220314 062913.548 INFO             PET1 PIOc_sync Enter - MemInfo: [/proc/self/status]	VmLck:	       0 kB
20220314 062913.548 INFO             PET1 PIOc_sync Enter - MemInfo: [/proc/self/status]	VmPin:	       0 kB
20220314 062913.548 INFO             PET1 PIOc_sync Enter - MemInfo: [/proc/self/status]	VmHWM:	   11720 kB
20220314 062913.548 INFO             PET1 PIOc_sync Enter - MemInfo: [/proc/self/status]	VmRSS:	   11720 kB
20220314 062913.548 INFO             PET1 PIOc_sync Enter - MemInfo: [/proc/self/status]	VmData:	   21964 kB
20220314 062913.548 INFO             PET1 PIOc_sync Enter - MemInfo: [/proc/self/status]	VmStk:	     144 kB
20220314 062913.548 INFO             PET1 PIOc_sync Enter - MemInfo: [/proc/self/status]	VmExe:	     212 kB
20220314 062913.548 INFO             PET1 PIOc_sync Enter - MemInfo: [/proc/self/status]	VmLib:	   39752 kB
20220314 062913.548 INFO             PET1 PIOc_sync Enter - MemInfo: [/proc/self/status]	VmPTE:	     204 kB
20220314 062913.548 INFO             PET1 PIOc_sync Enter - MemInfo: [/proc/self/status]	VmPMD:	      12 kB
20220314 062913.548 INFO             PET1 PIOc_sync Enter - MemInfo: [/proc/self/status]	VmSwap:	       0 kB
20220314 062913.548 INFO             PET1 PIOc_sync Enter - MemInfo: [/proc/self/status]	VmRSSPercent: 0.0178912 %
20220314 062913.548 INFO             PET1 PIOc_sync Enter - MemInfo: [malloc] Non-mmapped space allocated:                19075072 Byte
20220314 062913.548 INFO             PET1 PIOc_sync Enter - MemInfo: [malloc] Space allocated in mmapped regions:                0 Byte
20220314 062913.548 INFO             PET1 PIOc_sync Enter - MemInfo: [malloc] Maximum total allocated space:                     0 Byte
20220314 062913.548 INFO             PET1 PIOc_sync Enter - MemInfo: [malloc] Space in freed fastbin blocks:                  1168 Byte
20220314 062913.548 INFO             PET1 PIOc_sync Enter - MemInfo: [malloc] Total allocated space:                      18799760 Byte
20220314 062913.548 INFO             PET1 PIOc_sync Enter - MemInfo: [malloc] Total free space:                             275312 Byte
20220314 062913.548 INFO             PET1 PIOc_sync Enter - MemInfo: [malloc] Top-most, releasable space:                   271216 Byte
20220314 062913.548 INFO             PET1 PIOc_sync Enter - MemInfo: [malloc] Total space in use, mmap + non-mmap:        18799760 Byte
20220314 062913.548 INFO             PET1 PIOc_sync Enter - MemInfo: [malloc] Total space held (mmap + non-mmap):         19075072 Byte
20220314 062913.548 INFO             PET1 PIOc_sync Enter - MemInfo: [malloc] Total space used (mmap + non-mmap):         18809152 Byte
20220314 062913.548 INFO             PET1 PIOc_sync Enter - MemInfo: Wall-clock time since execution start:              0.0196475 seconds
20220314 062913.548 INFO             PET1 PIOc_sync Exit - MemInfo: [/proc/meminfo - SSI]	MemTotal:       65507008 kB
20220314 062913.548 INFO             PET1 PIOc_sync Exit - MemInfo: [/proc/meminfo - SSI]	MemFree:        49784852 kB
20220314 062913.548 INFO             PET1 PIOc_sync Exit - MemInfo: [/proc/meminfo - SSI]	MemAvailable:   49549980 kB
20220314 062913.548 INFO             PET1 PIOc_sync Exit - MemInfo: [/proc/meminfo - SSI]	Committed_AS:   13145080 kB
20220314 062913.548 INFO             PET1 PIOc_sync Exit - MemInfo: [/proc/meminfo - SSI]	CommittedPercent: 20.0667 %
20220314 062913.548 INFO             PET1 PIOc_sync Exit - MemInfo: [/proc/self/status]	VmPeak:	  117092 kB
20220314 062913.548 INFO             PET1 PIOc_sync Exit - MemInfo: [/proc/self/status]	VmSize:	  117092 kB
20220314 062913.548 INFO             PET1 PIOc_sync Exit - MemInfo: [/proc/self/status]	VmLck:	       0 kB
20220314 062913.548 INFO             PET1 PIOc_sync Exit - MemInfo: [/proc/self/status]	VmPin:	       0 kB
20220314 062913.548 INFO             PET1 PIOc_sync Exit - MemInfo: [/proc/self/status]	VmHWM:	   11720 kB
20220314 062913.548 INFO             PET1 PIOc_sync Exit - MemInfo: [/proc/self/status]	VmRSS:	   11720 kB
20220314 062913.548 INFO             PET1 PIOc_sync Exit - MemInfo: [/proc/self/status]	VmData:	   21964 kB
20220314 062913.548 INFO             PET1 PIOc_sync Exit - MemInfo: [/proc/self/status]	VmStk:	     144 kB
20220314 062913.548 INFO             PET1 PIOc_sync Exit - MemInfo: [/proc/self/status]	VmExe:	     212 kB
20220314 062913.548 INFO             PET1 PIOc_sync Exit - MemInfo: [/proc/self/status]	VmLib:	   39752 kB
20220314 062913.548 INFO             PET1 PIOc_sync Exit - MemInfo: [/proc/self/status]	VmPTE:	     204 kB
20220314 062913.548 INFO             PET1 PIOc_sync Exit - MemInfo: [/proc/self/status]	VmPMD:	      12 kB
20220314 062913.548 INFO             PET1 PIOc_sync Exit - MemInfo: [/proc/self/status]	VmSwap:	       0 kB
20220314 062913.548 INFO             PET1 PIOc_sync Exit - MemInfo: [/proc/self/status]	VmRSSPercent: 0.0178912 %
20220314 062913.549 INFO             PET1 PIOc_sync Exit - MemInfo: [malloc] Non-mmapped space allocated:                19075072 Byte
20220314 062913.549 INFO             PET1 PIOc_sync Exit - MemInfo: [malloc] Space allocated in mmapped regions:                0 Byte
20220314 062913.549 INFO             PET1 PIOc_sync Exit - MemInfo: [malloc] Maximum total allocated space:                     0 Byte
20220314 062913.549 INFO             PET1 PIOc_sync Exit - MemInfo: [malloc] Space in freed fastbin blocks:                  2896 Byte
20220314 062913.549 INFO             PET1 PIOc_sync Exit - MemInfo: [malloc] Total allocated space:                      18799024 Byte
20220314 062913.549 INFO             PET1 PIOc_sync Exit - MemInfo: [malloc] Total free space:                             276048 Byte
20220314 062913.549 INFO             PET1 PIOc_sync Exit - MemInfo: [malloc] Top-most, releasable space:                   271216 Byte
20220314 062913.549 INFO             PET1 PIOc_sync Exit - MemInfo: [malloc] Total space in use, mmap + non-mmap:        18799024 Byte
20220314 062913.549 INFO             PET1 PIOc_sync Exit - MemInfo: [malloc] Total space held (mmap + non-mmap):         19075072 Byte
20220314 062913.549 INFO             PET1 PIOc_sync Exit - MemInfo: [malloc] Total space used (mmap + non-mmap):         18808416 Byte
20220314 062913.549 INFO             PET1 PIOc_sync Exit - MemInfo: Wall-clock time since execution start:              0.0199009 seconds
20220314 062913.549 INFO             PET1 PIOc_freedecomp Enter - MemInfo: [/proc/meminfo - SSI]	MemTotal:       65507008 kB
20220314 062913.549 INFO             PET1 PIOc_freedecomp Enter - MemInfo: [/proc/meminfo - SSI]	MemFree:        49784852 kB
20220314 062913.549 INFO             PET1 PIOc_freedecomp Enter - MemInfo: [/proc/meminfo - SSI]	MemAvailable:   49549980 kB
20220314 062913.549 INFO             PET1 PIOc_freedecomp Enter - MemInfo: [/proc/meminfo - SSI]	Committed_AS:   13145080 kB
20220314 062913.549 INFO             PET1 PIOc_freedecomp Enter - MemInfo: [/proc/meminfo - SSI]	CommittedPercent: 20.0667 %
20220314 062913.549 INFO             PET1 PIOc_freedecomp Enter - MemInfo: [/proc/self/status]	VmPeak:	  117092 kB
20220314 062913.549 INFO             PET1 PIOc_freedecomp Enter - MemInfo: [/proc/self/status]	VmSize:	  117092 kB
20220314 062913.549 INFO             PET1 PIOc_freedecomp Enter - MemInfo: [/proc/self/status]	VmLck:	       0 kB
20220314 062913.549 INFO             PET1 PIOc_freedecomp Enter - MemInfo: [/proc/self/status]	VmPin:	       0 kB
20220314 062913.549 INFO             PET1 PIOc_freedecomp Enter - MemInfo: [/proc/self/status]	VmHWM:	   11720 kB
20220314 062913.549 INFO             PET1 PIOc_freedecomp Enter - MemInfo: [/proc/self/status]	VmRSS:	   11720 kB
20220314 062913.549 INFO             PET1 PIOc_freedecomp Enter - MemInfo: [/proc/self/status]	VmData:	   21964 kB
20220314 062913.549 INFO             PET1 PIOc_freedecomp Enter - MemInfo: [/proc/self/status]	VmStk:	     144 kB
20220314 062913.549 INFO             PET1 PIOc_freedecomp Enter - MemInfo: [/proc/self/status]	VmExe:	     212 kB
20220314 062913.549 INFO             PET1 PIOc_freedecomp Enter - MemInfo: [/proc/self/status]	VmLib:	   39752 kB
20220314 062913.549 INFO             PET1 PIOc_freedecomp Enter - MemInfo: [/proc/self/status]	VmPTE:	     204 kB
20220314 062913.549 INFO             PET1 PIOc_freedecomp Enter - MemInfo: [/proc/self/status]	VmPMD:	      12 kB
20220314 062913.549 INFO             PET1 PIOc_freedecomp Enter - MemInfo: [/proc/self/status]	VmSwap:	       0 kB
20220314 062913.549 INFO             PET1 PIOc_freedecomp Enter - MemInfo: [/proc/self/status]	VmRSSPercent: 0.0178912 %
20220314 062913.549 INFO             PET1 PIOc_freedecomp Enter - MemInfo: [malloc] Non-mmapped space allocated:                19075072 Byte
20220314 062913.549 INFO             PET1 PIOc_freedecomp Enter - MemInfo: [malloc] Space allocated in mmapped regions:                0 Byte
20220314 062913.549 INFO             PET1 PIOc_freedecomp Enter - MemInfo: [malloc] Maximum total allocated space:                     0 Byte
20220314 062913.549 INFO             PET1 PIOc_freedecomp Enter - MemInfo: [malloc] Space in freed fastbin blocks:                  2528 Byte
20220314 062913.549 INFO             PET1 PIOc_freedecomp Enter - MemInfo: [malloc] Total allocated space:                      18797248 Byte
20220314 062913.549 INFO             PET1 PIOc_freedecomp Enter - MemInfo: [malloc] Total free space:                             277824 Byte
20220314 062913.549 INFO             PET1 PIOc_freedecomp Enter - MemInfo: [malloc] Top-most, releasable space:                   271216 Byte
20220314 062913.549 INFO             PET1 PIOc_freedecomp Enter - MemInfo: [malloc] Total space in use, mmap + non-mmap:        18797248 Byte
20220314 062913.549 INFO             PET1 PIOc_freedecomp Enter - MemInfo: [malloc] Total space held (mmap + non-mmap):         19075072 Byte
20220314 062913.549 INFO             PET1 PIOc_freedecomp Enter - MemInfo: [malloc] Total space used (mmap + non-mmap):         18806624 Byte
20220314 062913.549 INFO             PET1 PIOc_freedecomp Enter - MemInfo: Wall-clock time since execution start:              0.0201366 seconds
20220314 062913.549 INFO             PET1 PIOc_freedecomp Exit - MemInfo: [/proc/meminfo - SSI]	MemTotal:       65507008 kB
20220314 062913.549 INFO             PET1 PIOc_freedecomp Exit - MemInfo: [/proc/meminfo - SSI]	MemFree:        49784852 kB
20220314 062913.549 INFO             PET1 PIOc_freedecomp Exit - MemInfo: [/proc/meminfo - SSI]	MemAvailable:   49549980 kB
20220314 062913.549 INFO             PET1 PIOc_freedecomp Exit - MemInfo: [/proc/meminfo - SSI]	Committed_AS:   13145080 kB
20220314 062913.549 INFO             PET1 PIOc_freedecomp Exit - MemInfo: [/proc/meminfo - SSI]	CommittedPercent: 20.0667 %
20220314 062913.549 INFO             PET1 PIOc_freedecomp Exit - MemInfo: [/proc/self/status]	VmPeak:	  117092 kB
20220314 062913.549 INFO             PET1 PIOc_freedecomp Exit - MemInfo: [/proc/self/status]	VmSize:	  117092 kB
20220314 062913.549 INFO             PET1 PIOc_freedecomp Exit - MemInfo: [/proc/self/status]	VmLck:	       0 kB
20220314 062913.549 INFO             PET1 PIOc_freedecomp Exit - MemInfo: [/proc/self/status]	VmPin:	       0 kB
20220314 062913.549 INFO             PET1 PIOc_freedecomp Exit - MemInfo: [/proc/self/status]	VmHWM:	   11720 kB
20220314 062913.549 INFO             PET1 PIOc_freedecomp Exit - MemInfo: [/proc/self/status]	VmRSS:	   11720 kB
20220314 062913.549 INFO             PET1 PIOc_freedecomp Exit - MemInfo: [/proc/self/status]	VmData:	   21964 kB
20220314 062913.549 INFO             PET1 PIOc_freedecomp Exit - MemInfo: [/proc/self/status]	VmStk:	     144 kB
20220314 062913.549 INFO             PET1 PIOc_freedecomp Exit - MemInfo: [/proc/self/status]	VmExe:	     212 kB
20220314 062913.549 INFO             PET1 PIOc_freedecomp Exit - MemInfo: [/proc/self/status]	VmLib:	   39752 kB
20220314 062913.549 INFO             PET1 PIOc_freedecomp Exit - MemInfo: [/proc/self/status]	VmPTE:	     204 kB
20220314 062913.549 INFO             PET1 PIOc_freedecomp Exit - MemInfo: [/proc/self/status]	VmPMD:	      12 kB
20220314 062913.549 INFO             PET1 PIOc_freedecomp Exit - MemInfo: [/proc/self/status]	VmSwap:	       0 kB
20220314 062913.549 INFO             PET1 PIOc_freedecomp Exit - MemInfo: [/proc/self/status]	VmRSSPercent: 0.0178912 %
20220314 062913.549 INFO             PET1 PIOc_freedecomp Exit - MemInfo: [malloc] Non-mmapped space allocated:                19075072 Byte
20220314 062913.549 INFO             PET1 PIOc_freedecomp Exit - MemInfo: [malloc] Space allocated in mmapped regions:                0 Byte
20220314 062913.549 INFO             PET1 PIOc_freedecomp Exit - MemInfo: [malloc] Maximum total allocated space:                     0 Byte
20220314 062913.549 INFO             PET1 PIOc_freedecomp Exit - MemInfo: [malloc] Space in freed fastbin blocks:                  2880 Byte
20220314 062913.549 INFO             PET1 PIOc_freedecomp Exit - MemInfo: [malloc] Total allocated space:                      18795936 Byte
20220314 062913.549 INFO             PET1 PIOc_freedecomp Exit - MemInfo: [malloc] Total free space:                             279136 Byte
20220314 062913.549 INFO             PET1 PIOc_freedecomp Exit - MemInfo: [malloc] Top-most, releasable space:                   271216 Byte
20220314 062913.549 INFO             PET1 PIOc_freedecomp Exit - MemInfo: [malloc] Total space in use, mmap + non-mmap:        18795936 Byte
20220314 062913.549 INFO             PET1 PIOc_freedecomp Exit - MemInfo: [malloc] Total space held (mmap + non-mmap):         19075072 Byte
20220314 062913.549 INFO             PET1 PIOc_freedecomp Exit - MemInfo: [malloc] Total space used (mmap + non-mmap):         18805312 Byte
20220314 062913.549 INFO             PET1 PIOc_freedecomp Exit - MemInfo: Wall-clock time since execution start:              0.0203324 seconds
20220314 062913.550 INFO             PET1 PIOc_sync Enter - MemInfo: [/proc/meminfo - SSI]	MemTotal:       65507008 kB
20220314 062913.550 INFO             PET1 PIOc_sync Enter - MemInfo: [/proc/meminfo - SSI]	MemFree:        49784852 kB
20220314 062913.550 INFO             PET1 PIOc_sync Enter - MemInfo: [/proc/meminfo - SSI]	MemAvailable:   49549980 kB
20220314 062913.550 INFO             PET1 PIOc_sync Enter - MemInfo: [/proc/meminfo - SSI]	Committed_AS:   13145080 kB
20220314 062913.550 INFO             PET1 PIOc_sync Enter - MemInfo: [/proc/meminfo - SSI]	CommittedPercent: 20.0667 %
20220314 062913.550 INFO             PET1 PIOc_sync Enter - MemInfo: [/proc/self/status]	VmPeak:	  117092 kB
20220314 062913.550 INFO             PET1 PIOc_sync Enter - MemInfo: [/proc/self/status]	VmSize:	  117092 kB
20220314 062913.550 INFO             PET1 PIOc_sync Enter - MemInfo: [/proc/self/status]	VmLck:	       0 kB
20220314 062913.550 INFO             PET1 PIOc_sync Enter - MemInfo: [/proc/self/status]	VmPin:	       0 kB
20220314 062913.550 INFO             PET1 PIOc_sync Enter - MemInfo: [/proc/self/status]	VmHWM:	   11720 kB
20220314 062913.550 INFO             PET1 PIOc_sync Enter - MemInfo: [/proc/self/status]	VmRSS:	   11720 kB
20220314 062913.550 INFO             PET1 PIOc_sync Enter - MemInfo: [/proc/self/status]	VmData:	   21964 kB
20220314 062913.550 INFO             PET1 PIOc_sync Enter - MemInfo: [/proc/self/status]	VmStk:	     144 kB
20220314 062913.550 INFO             PET1 PIOc_sync Enter - MemInfo: [/proc/self/status]	VmExe:	     212 kB
20220314 062913.550 INFO             PET1 PIOc_sync Enter - MemInfo: [/proc/self/status]	VmLib:	   39752 kB
20220314 062913.550 INFO             PET1 PIOc_sync Enter - MemInfo: [/proc/self/status]	VmPTE:	     204 kB
20220314 062913.550 INFO             PET1 PIOc_sync Enter - MemInfo: [/proc/self/status]	VmPMD:	      12 kB
20220314 062913.550 INFO             PET1 PIOc_sync Enter - MemInfo: [/proc/self/status]	VmSwap:	       0 kB
20220314 062913.550 INFO             PET1 PIOc_sync Enter - MemInfo: [/proc/self/status]	VmRSSPercent: 0.0178912 %
20220314 062913.550 INFO             PET1 PIOc_sync Enter - MemInfo: [malloc] Non-mmapped space allocated:                19075072 Byte
20220314 062913.550 INFO             PET1 PIOc_sync Enter - MemInfo: [malloc] Space allocated in mmapped regions:                0 Byte
20220314 062913.550 INFO             PET1 PIOc_sync Enter - MemInfo: [malloc] Maximum total allocated space:                     0 Byte
20220314 062913.550 INFO             PET1 PIOc_sync Enter - MemInfo: [malloc] Space in freed fastbin blocks:                  1168 Byte
20220314 062913.550 INFO             PET1 PIOc_sync Enter - MemInfo: [malloc] Total allocated space:                      18799888 Byte
20220314 062913.550 INFO             PET1 PIOc_sync Enter - MemInfo: [malloc] Total free space:                             275184 Byte
20220314 062913.550 INFO             PET1 PIOc_sync Enter - MemInfo: [malloc] Top-most, releasable space:                   271216 Byte
20220314 062913.550 INFO             PET1 PIOc_sync Enter - MemInfo: [malloc] Total space in use, mmap + non-mmap:        18799888 Byte
20220314 062913.550 INFO             PET1 PIOc_sync Enter - MemInfo: [malloc] Total space held (mmap + non-mmap):         19075072 Byte
20220314 062913.550 INFO             PET1 PIOc_sync Enter - MemInfo: [malloc] Total space used (mmap + non-mmap):         18809280 Byte
20220314 062913.550 INFO             PET1 PIOc_sync Enter - MemInfo: Wall-clock time since execution start:              0.0212328 seconds
20220314 062913.550 INFO             PET1 PIOc_sync Exit - MemInfo: [/proc/meminfo - SSI]	MemTotal:       65507008 kB
20220314 062913.550 INFO             PET1 PIOc_sync Exit - MemInfo: [/proc/meminfo - SSI]	MemFree:        49784852 kB
20220314 062913.550 INFO             PET1 PIOc_sync Exit - MemInfo: [/proc/meminfo - SSI]	MemAvailable:   49549980 kB
20220314 062913.550 INFO             PET1 PIOc_sync Exit - MemInfo: [/proc/meminfo - SSI]	Committed_AS:   13145080 kB
20220314 062913.550 INFO             PET1 PIOc_sync Exit - MemInfo: [/proc/meminfo - SSI]	CommittedPercent: 20.0667 %
20220314 062913.550 INFO             PET1 PIOc_sync Exit - MemInfo: [/proc/self/status]	VmPeak:	  117092 kB
20220314 062913.550 INFO             PET1 PIOc_sync Exit - MemInfo: [/proc/self/status]	VmSize:	  117092 kB
20220314 062913.550 INFO             PET1 PIOc_sync Exit - MemInfo: [/proc/self/status]	VmLck:	       0 kB
20220314 062913.550 INFO             PET1 PIOc_sync Exit - MemInfo: [/proc/self/status]	VmPin:	       0 kB
20220314 062913.550 INFO             PET1 PIOc_sync Exit - MemInfo: [/proc/self/status]	VmHWM:	   11720 kB
20220314 062913.550 INFO             PET1 PIOc_sync Exit - MemInfo: [/proc/self/status]	VmRSS:	   11720 kB
20220314 062913.550 INFO             PET1 PIOc_sync Exit - MemInfo: [/proc/self/status]	VmData:	   21964 kB
20220314 062913.550 INFO             PET1 PIOc_sync Exit - MemInfo: [/proc/self/status]	VmStk:	     144 kB
20220314 062913.550 INFO             PET1 PIOc_sync Exit - MemInfo: [/proc/self/status]	VmExe:	     212 kB
20220314 062913.550 INFO             PET1 PIOc_sync Exit - MemInfo: [/proc/self/status]	VmLib:	   39752 kB
20220314 062913.550 INFO             PET1 PIOc_sync Exit - MemInfo: [/proc/self/status]	VmPTE:	     204 kB
20220314 062913.550 INFO             PET1 PIOc_sync Exit - MemInfo: [/proc/self/status]	VmPMD:	      12 kB
20220314 062913.550 INFO             PET1 PIOc_sync Exit - MemInfo: [/proc/self/status]	VmSwap:	       0 kB
20220314 062913.550 INFO             PET1 PIOc_sync Exit - MemInfo: [/proc/self/status]	VmRSSPercent: 0.0178912 %
20220314 062913.550 INFO             PET1 PIOc_sync Exit - MemInfo: [malloc] Non-mmapped space allocated:                19075072 Byte
20220314 062913.550 INFO             PET1 PIOc_sync Exit - MemInfo: [malloc] Space allocated in mmapped regions:                0 Byte
20220314 062913.550 INFO             PET1 PIOc_sync Exit - MemInfo: [malloc] Maximum total allocated space:                     0 Byte
20220314 062913.550 INFO             PET1 PIOc_sync Exit - MemInfo: [malloc] Space in freed fastbin blocks:                  2768 Byte
20220314 062913.550 INFO             PET1 PIOc_sync Exit - MemInfo: [malloc] Total allocated space:                      18799168 Byte
20220314 062913.550 INFO             PET1 PIOc_sync Exit - MemInfo: [malloc] Total free space:                             275904 Byte
20220314 062913.550 INFO             PET1 PIOc_sync Exit - MemInfo: [malloc] Top-most, releasable space:                   271216 Byte
20220314 062913.550 INFO             PET1 PIOc_sync Exit - MemInfo: [malloc] Total space in use, mmap + non-mmap:        18799168 Byte
20220314 062913.550 INFO             PET1 PIOc_sync Exit - MemInfo: [malloc] Total space held (mmap + non-mmap):         19075072 Byte
20220314 062913.550 INFO             PET1 PIOc_sync Exit - MemInfo: [malloc] Total space used (mmap + non-mmap):         18808560 Byte
20220314 062913.550 INFO             PET1 PIOc_sync Exit - MemInfo: Wall-clock time since execution start:              0.0214915 seconds
20220314 062913.550 INFO             PET1 PIOc_freedecomp Enter - MemInfo: [/proc/meminfo - SSI]	MemTotal:       65507008 kB
20220314 062913.550 INFO             PET1 PIOc_freedecomp Enter - MemInfo: [/proc/meminfo - SSI]	MemFree:        49784852 kB
20220314 062913.550 INFO             PET1 PIOc_freedecomp Enter - MemInfo: [/proc/meminfo - SSI]	MemAvailable:   49549980 kB
20220314 062913.550 INFO             PET1 PIOc_freedecomp Enter - MemInfo: [/proc/meminfo - SSI]	Committed_AS:   13145080 kB
20220314 062913.550 INFO             PET1 PIOc_freedecomp Enter - MemInfo: [/proc/meminfo - SSI]	CommittedPercent: 20.0667 %
20220314 062913.550 INFO             PET1 PIOc_freedecomp Enter - MemInfo: [/proc/self/status]	VmPeak:	  117092 kB
20220314 062913.550 INFO             PET1 PIOc_freedecomp Enter - MemInfo: [/proc/self/status]	VmSize:	  117092 kB
