build time -- 2022-03-14 00:45:12
20220314 010752.802 INFO             PET0 !!!!!!!!!!!!!!!!!!!!!!!!!!!!!!!!!!!!!!!!!!!!!!!!!!!!!!
20220314 010752.802 INFO             PET0 !!! THE ESMF_LOG IS SET TO OUTPUT ALL LOG MESSAGES !!!
20220314 010752.802 INFO             PET0 !!!     THIS MAY CAUSE SLOWDOWN IN PERFORMANCE     !!!
20220314 010752.802 INFO             PET0 !!! FOR PRODUCTION RUNS, USE:                      !!!
20220314 010752.802 INFO             PET0 !!!                   ESMF_LOGKIND_Multi_On_Error  !!!
20220314 010752.802 INFO             PET0 !!!!!!!!!!!!!!!!!!!!!!!!!!!!!!!!!!!!!!!!!!!!!!!!!!!!!!
20220314 010752.802 INFO             PET0 Running with ESMF Version   : v8.3.0b09-96-g559b459836
20220314 010752.802 INFO             PET0 ESMF library build date/time: "Mar 14 2022" "00:43:16"
20220314 010752.802 INFO             PET0 ESMF library build location : /lustre/f2/dev/ncep/Mark.Potts/intel_2019.5_mpi_O_jedwards_pio_update2
20220314 010752.802 INFO             PET0 ESMF_COMM                   : mpi
20220314 010752.803 INFO             PET0 ESMF_MOAB                   : enabled
20220314 010752.803 INFO             PET0 ESMF_LAPACK                 : enabled
20220314 010752.803 INFO             PET0 ESMF_NETCDF                 : enabled
20220314 010752.803 INFO             PET0 ESMF_PNETCDF                : disabled
20220314 010752.803 INFO             PET0 ESMF_PIO                    : enabled
20220314 010752.803 INFO             PET0 ESMF_YAMLCPP                : enabled
20220314 010752.803 INFO             PET0 Beginning Test, file ESMC_FieldGridRegridCsrvUTest.C, line 69
20220314 010752.803 INFO             PET0 Beginning Test, file ESMC_FieldGridRegridCsrvUTest.C, line 69NUMBER_OF_PROCESSORS 1
20220314 010752.803 INFO             PET0 PASS GridCreate, ESMC_FieldGridRegridCsrvUTest.C, line 114
20220314 010752.804 INFO             PET0 PASS GridAddCoord, ESMC_FieldGridRegridCsrvUTest.C, line 130
20220314 010752.804 INFO             PET0 PASS GridAddItem, ESMC_FieldGridRegridCsrvUTest.C, line 140
20220314 010752.804 INFO             PET0 PASS GridGetItem - mask, ESMC_FieldGridRegridCsrvUTest.C, line 151
20220314 010752.804 INFO             PET0 PASS GridGetCoord - X, ESMC_FieldGridRegridCsrvUTest.C, line 176
20220314 010752.804 INFO             PET0 PASS GridGetCoord - Y, ESMC_FieldGridRegridCsrvUTest.C, line 199
20220314 010752.804 INFO             PET0 PASS GridGetCoord - X, ESMC_FieldGridRegridCsrvUTest.C, line 224
20220314 010752.804 INFO             PET0 PASS GridGetCoord - Y, ESMC_FieldGridRegridCsrvUTest.C, line 247
20220314 010752.804 INFO             PET0 PASS GridAddItem - area, ESMC_FieldGridRegridCsrvUTest.C, line 271
20220314 010752.804 INFO             PET0 PASS GridGetItem - area, ESMC_FieldGridRegridCsrvUTest.C, line 282
20220314 010752.804 INFO             PET0 PASS MeshCreate, ESMC_FieldGridRegridCsrvUTest.C, line 366
20220314 010752.804 INFO             PET0 PASS MeshAddNodes, ESMC_FieldGridRegridCsrvUTest.C, line 374
20220314 010752.805 INFO             PET0 PASS MeshAddElements, ESMC_FieldGridRegridCsrvUTest.C, line 388
20220314 010752.805 INFO             PET0 PASS MeshGetLocalNodeCount, ESMC_FieldGridRegridCsrvUTest.C, line 398
20220314 010752.805 INFO             PET0 PASS MeshGetLocalElementCount, ESMC_FieldGridRegridCsrvUTest.C, line 409
20220314 010752.805 INFO             PET0 PASS Create ESMC_Field object from a Grid via TypeKind, ESMC_FieldGridRegridCsrvUTest.C, line 424
20220314 010752.805 INFO             PET0 PASS Create ESMC_Field object from a Mesh via TypeKind, ESMC_FieldGridRegridCsrvUTest.C, line 433
20220314 010752.805 INFO             PET0 PASS Get a void * C pointer to data from ESMC_Field object, ESMC_FieldGridRegridCsrvUTest.C, line 446
20220314 010752.805 INFO             PET0 PASS Get a void * C pointer to data from ESMC_Field object, ESMC_FieldGridRegridCsrvUTest.C, line 470
20220314 010752.805 INFO             PET0 PASS Create an InterArray for maskValues in ESMC_FieldRegridStore(), ESMC_FieldGridRegridCsrvUTest.C, line 485
20220314 010752.807 INFO             PET0 PASS Create an ESMC_RouteHandle via ESMC_FieldRegridStore(), ESMC_FieldGridRegridCsrvUTest.C, line 510
20220314 010752.807 INFO             PET0 PASS Execute ESMC_FieldRegrid(), ESMC_FieldGridRegridCsrvUTest.C, line 518
20220314 010752.816 INFO             PET0 PIOc_sync Enter - MemInfo: [/proc/meminfo - SSI]	MemTotal:       65855856 kB
20220314 010752.816 INFO             PET0 PIOc_sync Enter - MemInfo: [/proc/meminfo - SSI]	MemFree:        61304872 kB
20220314 010752.816 INFO             PET0 PIOc_sync Enter - MemInfo: [/proc/meminfo - SSI]	MemAvailable:   61087456 kB
20220314 010752.816 INFO             PET0 PIOc_sync Enter - MemInfo: [/proc/meminfo - SSI]	Committed_AS:    2792940 kB
20220314 010752.816 INFO             PET0 PIOc_sync Enter - MemInfo: [/proc/meminfo - SSI]	CommittedPercent: 4.24099 %
20220314 010752.816 INFO             PET0 PIOc_sync Enter - MemInfo: [/proc/self/status]	VmPeak:	  213432 kB
20220314 010752.816 INFO             PET0 PIOc_sync Enter - MemInfo: [/proc/self/status]	VmSize:	  213432 kB
20220314 010752.816 INFO             PET0 PIOc_sync Enter - MemInfo: [/proc/self/status]	VmLck:	       0 kB
20220314 010752.816 INFO             PET0 PIOc_sync Enter - MemInfo: [/proc/self/status]	VmPin:	       0 kB
20220314 010752.816 INFO             PET0 PIOc_sync Enter - MemInfo: [/proc/self/status]	VmHWM:	   29852 kB
20220314 010752.816 INFO             PET0 PIOc_sync Enter - MemInfo: [/proc/self/status]	VmRSS:	   29852 kB
20220314 010752.816 INFO             PET0 PIOc_sync Enter - MemInfo: [/proc/self/status]	VmData:	   37136 kB
20220314 010752.816 INFO             PET0 PIOc_sync Enter - MemInfo: [/proc/self/status]	VmStk:	     508 kB
20220314 010752.816 INFO             PET0 PIOc_sync Enter - MemInfo: [/proc/self/status]	VmExe:	    1000 kB
20220314 010752.816 INFO             PET0 PIOc_sync Enter - MemInfo: [/proc/self/status]	VmLib:	   93984 kB
20220314 010752.816 INFO             PET0 PIOc_sync Enter - MemInfo: [/proc/self/status]	VmPTE:	     344 kB
20220314 010752.816 INFO             PET0 PIOc_sync Enter - MemInfo: [/proc/self/status]	VmPMD:	      12 kB
20220314 010752.816 INFO             PET0 PIOc_sync Enter - MemInfo: [/proc/self/status]	VmSwap:	       0 kB
20220314 010752.816 INFO             PET0 PIOc_sync Enter - MemInfo: [/proc/self/status]	VmRSSPercent: 0.0453293 %
20220314 010752.816 INFO             PET0 PIOc_sync Enter - MemInfo: [malloc] Non-mmapped space allocated:                 1150976 Byte
20220314 010752.816 INFO             PET0 PIOc_sync Enter - MemInfo: [malloc] Space allocated in mmapped regions:         15712256 Byte
20220314 010752.816 INFO             PET0 PIOc_sync Enter - MemInfo: [malloc] Maximum total allocated space:                     0 Byte
20220314 010752.816 INFO             PET0 PIOc_sync Enter - MemInfo: [malloc] Space in freed fastbin blocks:                     0 Byte
20220314 010752.816 INFO             PET0 PIOc_sync Enter - MemInfo: [malloc] Total allocated space:                       1137632 Byte
20220314 010752.816 INFO             PET0 PIOc_sync Enter - MemInfo: [malloc] Total free space:                              13344 Byte
20220314 010752.816 INFO             PET0 PIOc_sync Enter - MemInfo: [malloc] Top-most, releasable space:                    13344 Byte
20220314 010752.816 INFO             PET0 PIOc_sync Enter - MemInfo: [malloc] Total space in use, mmap + non-mmap:        16849888 Byte
20220314 010752.816 INFO             PET0 PIOc_sync Enter - MemInfo: [malloc] Total space held (mmap + non-mmap):         16863232 Byte
20220314 010752.816 INFO             PET0 PIOc_sync Enter - MemInfo: [malloc] Total space used (mmap + non-mmap):         16859472 Byte
20220314 010752.816 INFO             PET0 PIOc_sync Enter - MemInfo: Wall-clock time since execution start:              0.0396481 seconds
20220314 010752.816 INFO             PET0 PIOc_sync Exit - MemInfo: [/proc/meminfo - SSI]	MemTotal:       65855856 kB
20220314 010752.816 INFO             PET0 PIOc_sync Exit - MemInfo: [/proc/meminfo - SSI]	MemFree:        61304368 kB
20220314 010752.816 INFO             PET0 PIOc_sync Exit - MemInfo: [/proc/meminfo - SSI]	MemAvailable:   61086952 kB
20220314 010752.816 INFO             PET0 PIOc_sync Exit - MemInfo: [/proc/meminfo - SSI]	Committed_AS:    2792940 kB
20220314 010752.816 INFO             PET0 PIOc_sync Exit - MemInfo: [/proc/meminfo - SSI]	CommittedPercent: 4.24099 %
20220314 010752.816 INFO             PET0 PIOc_sync Exit - MemInfo: [/proc/self/status]	VmPeak:	  213940 kB
20220314 010752.816 INFO             PET0 PIOc_sync Exit - MemInfo: [/proc/self/status]	VmSize:	  213940 kB
20220314 010752.816 INFO             PET0 PIOc_sync Exit - MemInfo: [/proc/self/status]	VmLck:	       0 kB
20220314 010752.816 INFO             PET0 PIOc_sync Exit - MemInfo: [/proc/self/status]	VmPin:	       0 kB
20220314 010752.816 INFO             PET0 PIOc_sync Exit - MemInfo: [/proc/self/status]	VmHWM:	   30380 kB
20220314 010752.816 INFO             PET0 PIOc_sync Exit - MemInfo: [/proc/self/status]	VmRSS:	   30380 kB
20220314 010752.816 INFO             PET0 PIOc_sync Exit - MemInfo: [/proc/self/status]	VmData:	   37644 kB
20220314 010752.816 INFO             PET0 PIOc_sync Exit - MemInfo: [/proc/self/status]	VmStk:	     508 kB
20220314 010752.816 INFO             PET0 PIOc_sync Exit - MemInfo: [/proc/self/status]	VmExe:	    1000 kB
20220314 010752.816 INFO             PET0 PIOc_sync Exit - MemInfo: [/proc/self/status]	VmLib:	   93984 kB
20220314 010752.816 INFO             PET0 PIOc_sync Exit - MemInfo: [/proc/self/status]	VmPTE:	     344 kB
20220314 010752.816 INFO             PET0 PIOc_sync Exit - MemInfo: [/proc/self/status]	VmPMD:	      12 kB
20220314 010752.816 INFO             PET0 PIOc_sync Exit - MemInfo: [/proc/self/status]	VmSwap:	       0 kB
20220314 010752.816 INFO             PET0 PIOc_sync Exit - MemInfo: [/proc/self/status]	VmRSSPercent: 0.0461311 %
20220314 010752.816 INFO             PET0 PIOc_sync Exit - MemInfo: [malloc] Non-mmapped space allocated:                 1339392 Byte
20220314 010752.816 INFO             PET0 PIOc_sync Exit - MemInfo: [malloc] Space allocated in mmapped regions:         16044032 Byte
20220314 010752.816 INFO             PET0 PIOc_sync Exit - MemInfo: [malloc] Maximum total allocated space:                     0 Byte
20220314 010752.816 INFO             PET0 PIOc_sync Exit - MemInfo: [malloc] Space in freed fastbin blocks:                     0 Byte
20220314 010752.816 INFO             PET0 PIOc_sync Exit - MemInfo: [malloc] Total allocated space:                       1206064 Byte
20220314 010752.816 INFO             PET0 PIOc_sync Exit - MemInfo: [malloc] Total free space:                             133328 Byte
20220314 010752.816 INFO             PET0 PIOc_sync Exit - MemInfo: [malloc] Top-most, releasable space:                   133328 Byte
20220314 010752.816 INFO             PET0 PIOc_sync Exit - MemInfo: [malloc] Total space in use, mmap + non-mmap:        17250096 Byte
20220314 010752.816 INFO             PET0 PIOc_sync Exit - MemInfo: [malloc] Total space held (mmap + non-mmap):         17383424 Byte
20220314 010752.816 INFO             PET0 PIOc_sync Exit - MemInfo: [malloc] Total space used (mmap + non-mmap):         17258528 Byte
20220314 010752.816 INFO             PET0 PIOc_sync Exit - MemInfo: Wall-clock time since execution start:              0.0402219 seconds
20220314 010752.817 INFO             PET0 PIOc_freedecomp Enter - MemInfo: [/proc/meminfo - SSI]	MemTotal:       65855856 kB
20220314 010752.817 INFO             PET0 PIOc_freedecomp Enter - MemInfo: [/proc/meminfo - SSI]	MemFree:        61311424 kB
20220314 010752.817 INFO             PET0 PIOc_freedecomp Enter - MemInfo: [/proc/meminfo - SSI]	MemAvailable:   61094008 kB
20220314 010752.817 INFO             PET0 PIOc_freedecomp Enter - MemInfo: [/proc/meminfo - SSI]	Committed_AS:    2785252 kB
20220314 010752.817 INFO             PET0 PIOc_freedecomp Enter - MemInfo: [/proc/meminfo - SSI]	CommittedPercent: 4.22932 %
20220314 010752.817 INFO             PET0 PIOc_freedecomp Enter - MemInfo: [/proc/self/status]	VmPeak:	  213940 kB
20220314 010752.817 INFO             PET0 PIOc_freedecomp Enter - MemInfo: [/proc/self/status]	VmSize:	  205228 kB
20220314 010752.817 INFO             PET0 PIOc_freedecomp Enter - MemInfo: [/proc/self/status]	VmLck:	       0 kB
20220314 010752.817 INFO             PET0 PIOc_freedecomp Enter - MemInfo: [/proc/self/status]	VmPin:	       0 kB
20220314 010752.817 INFO             PET0 PIOc_freedecomp Enter - MemInfo: [/proc/self/status]	VmHWM:	   30380 kB
20220314 010752.817 INFO             PET0 PIOc_freedecomp Enter - MemInfo: [/proc/self/status]	VmRSS:	   22364 kB
20220314 010752.817 INFO             PET0 PIOc_freedecomp Enter - MemInfo: [/proc/self/status]	VmData:	   28932 kB
20220314 010752.817 INFO             PET0 PIOc_freedecomp Enter - MemInfo: [/proc/self/status]	VmStk:	     508 kB
20220314 010752.817 INFO             PET0 PIOc_freedecomp Enter - MemInfo: [/proc/self/status]	VmExe:	    1000 kB
20220314 010752.817 INFO             PET0 PIOc_freedecomp Enter - MemInfo: [/proc/self/status]	VmLib:	   93984 kB
20220314 010752.817 INFO             PET0 PIOc_freedecomp Enter - MemInfo: [/proc/self/status]	VmPTE:	     328 kB
20220314 010752.817 INFO             PET0 PIOc_freedecomp Enter - MemInfo: [/proc/self/status]	VmPMD:	      12 kB
20220314 010752.817 INFO             PET0 PIOc_freedecomp Enter - MemInfo: [/proc/self/status]	VmSwap:	       0 kB
20220314 010752.817 INFO             PET0 PIOc_freedecomp Enter - MemInfo: [/proc/self/status]	VmRSSPercent: 0.033959 %
20220314 010752.817 INFO             PET0 PIOc_freedecomp Enter - MemInfo: [malloc] Non-mmapped space allocated:                 1339392 Byte
20220314 010752.817 INFO             PET0 PIOc_freedecomp Enter - MemInfo: [malloc] Space allocated in mmapped regions:          7122944 Byte
20220314 010752.817 INFO             PET0 PIOc_freedecomp Enter - MemInfo: [malloc] Maximum total allocated space:                     0 Byte
20220314 010752.817 INFO             PET0 PIOc_freedecomp Enter - MemInfo: [malloc] Space in freed fastbin blocks:                   256 Byte
20220314 010752.817 INFO             PET0 PIOc_freedecomp Enter - MemInfo: [malloc] Total allocated space:                       1195872 Byte
20220314 010752.817 INFO             PET0 PIOc_freedecomp Enter - MemInfo: [malloc] Total free space:                             143520 Byte
20220314 010752.817 INFO             PET0 PIOc_freedecomp Enter - MemInfo: [malloc] Top-most, releasable space:                   132768 Byte
20220314 010752.817 INFO             PET0 PIOc_freedecomp Enter - MemInfo: [malloc] Total space in use, mmap + non-mmap:         8318816 Byte
20220314 010752.817 INFO             PET0 PIOc_freedecomp Enter - MemInfo: [malloc] Total space held (mmap + non-mmap):          8462336 Byte
20220314 010752.817 INFO             PET0 PIOc_freedecomp Enter - MemInfo: [malloc] Total space used (mmap + non-mmap):          8327248 Byte
20220314 010752.817 INFO             PET0 PIOc_freedecomp Enter - MemInfo: Wall-clock time since execution start:              0.0410259 seconds
20220314 010752.817 INFO             PET0 PIOc_freedecomp Exit - MemInfo: [/proc/meminfo - SSI]	MemTotal:       65855856 kB
20220314 010752.817 INFO             PET0 PIOc_freedecomp Exit - MemInfo: [/proc/meminfo - SSI]	MemFree:        61311424 kB
20220314 010752.817 INFO             PET0 PIOc_freedecomp Exit - MemInfo: [/proc/meminfo - SSI]	MemAvailable:   61094008 kB
20220314 010752.817 INFO             PET0 PIOc_freedecomp Exit - MemInfo: [/proc/meminfo - SSI]	Committed_AS:    2785252 kB
20220314 010752.817 INFO             PET0 PIOc_freedecomp Exit - MemInfo: [/proc/meminfo - SSI]	CommittedPercent: 4.22932 %
20220314 010752.817 INFO             PET0 PIOc_freedecomp Exit - MemInfo: [/proc/self/status]	VmPeak:	  213940 kB
20220314 010752.817 INFO             PET0 PIOc_freedecomp Exit - MemInfo: [/proc/self/status]	VmSize:	  205228 kB
20220314 010752.817 INFO             PET0 PIOc_freedecomp Exit - MemInfo: [/proc/self/status]	VmLck:	       0 kB
20220314 010752.817 INFO             PET0 PIOc_freedecomp Exit - MemInfo: [/proc/self/status]	VmPin:	       0 kB
20220314 010752.817 INFO             PET0 PIOc_freedecomp Exit - MemInfo: [/proc/self/status]	VmHWM:	   30380 kB
20220314 010752.817 INFO             PET0 PIOc_freedecomp Exit - MemInfo: [/proc/self/status]	VmRSS:	   22364 kB
20220314 010752.817 INFO             PET0 PIOc_freedecomp Exit - MemInfo: [/proc/self/status]	VmData:	   28932 kB
20220314 010752.817 INFO             PET0 PIOc_freedecomp Exit - MemInfo: [/proc/self/status]	VmStk:	     508 kB
20220314 010752.817 INFO             PET0 PIOc_freedecomp Exit - MemInfo: [/proc/self/status]	VmExe:	    1000 kB
20220314 010752.817 INFO             PET0 PIOc_freedecomp Exit - MemInfo: [/proc/self/status]	VmLib:	   93984 kB
20220314 010752.817 INFO             PET0 PIOc_freedecomp Exit - MemInfo: [/proc/self/status]	VmPTE:	     328 kB
20220314 010752.817 INFO             PET0 PIOc_freedecomp Exit - MemInfo: [/proc/self/status]	VmPMD:	      12 kB
20220314 010752.818 INFO             PET0 PIOc_freedecomp Exit - MemInfo: [/proc/self/status]	VmSwap:	       0 kB
20220314 010752.818 INFO             PET0 PIOc_freedecomp Exit - MemInfo: [/proc/self/status]	VmRSSPercent: 0.033959 %
20220314 010752.818 INFO             PET0 PIOc_freedecomp Exit - MemInfo: [malloc] Non-mmapped space allocated:                 1339392 Byte
20220314 010752.818 INFO             PET0 PIOc_freedecomp Exit - MemInfo: [malloc] Space allocated in mmapped regions:          7122944 Byte
20220314 010752.818 INFO             PET0 PIOc_freedecomp Exit - MemInfo: [malloc] Maximum total allocated space:                     0 Byte
20220314 010752.818 INFO             PET0 PIOc_freedecomp Exit - MemInfo: [malloc] Space in freed fastbin blocks:                   800 Byte
20220314 010752.818 INFO             PET0 PIOc_freedecomp Exit - MemInfo: [malloc] Total allocated space:                       1195520 Byte
20220314 010752.818 INFO             PET0 PIOc_freedecomp Exit - MemInfo: [malloc] Total free space:                             143872 Byte
20220314 010752.818 INFO             PET0 PIOc_freedecomp Exit - MemInfo: [malloc] Top-most, releasable space:                   132768 Byte
20220314 010752.818 INFO             PET0 PIOc_freedecomp Exit - MemInfo: [malloc] Total space in use, mmap + non-mmap:         8318464 Byte
20220314 010752.818 INFO             PET0 PIOc_freedecomp Exit - MemInfo: [malloc] Total space held (mmap + non-mmap):          8462336 Byte
20220314 010752.818 INFO             PET0 PIOc_freedecomp Exit - MemInfo: [malloc] Total space used (mmap + non-mmap):          8326784 Byte
20220314 010752.818 INFO             PET0 PIOc_freedecomp Exit - MemInfo: Wall-clock time since execution start:              0.0413399 seconds
20220314 010752.820 INFO             PET0 PIOc_sync Enter - MemInfo: [/proc/meminfo - SSI]	MemTotal:       65855856 kB
20220314 010752.820 INFO             PET0 PIOc_sync Enter - MemInfo: [/proc/meminfo - SSI]	MemFree:        61308400 kB
20220314 010752.820 INFO             PET0 PIOc_sync Enter - MemInfo: [/proc/meminfo - SSI]	MemAvailable:   61090984 kB
20220314 010752.820 INFO             PET0 PIOc_sync Enter - MemInfo: [/proc/meminfo - SSI]	Committed_AS:    2793440 kB
20220314 010752.820 INFO             PET0 PIOc_sync Enter - MemInfo: [/proc/meminfo - SSI]	CommittedPercent: 4.24175 %
20220314 010752.820 INFO             PET0 PIOc_sync Enter - MemInfo: [/proc/self/status]	VmPeak:	  213940 kB
20220314 010752.820 INFO             PET0 PIOc_sync Enter - MemInfo: [/proc/self/status]	VmSize:	  213932 kB
20220314 010752.820 INFO             PET0 PIOc_sync Enter - MemInfo: [/proc/self/status]	VmLck:	       0 kB
20220314 010752.820 INFO             PET0 PIOc_sync Enter - MemInfo: [/proc/self/status]	VmPin:	       0 kB
20220314 010752.820 INFO             PET0 PIOc_sync Enter - MemInfo: [/proc/self/status]	VmHWM:	   30380 kB
20220314 010752.820 INFO             PET0 PIOc_sync Enter - MemInfo: [/proc/self/status]	VmRSS:	   26584 kB
20220314 010752.820 INFO             PET0 PIOc_sync Enter - MemInfo: [/proc/self/status]	VmData:	   37636 kB
20220314 010752.820 INFO             PET0 PIOc_sync Enter - MemInfo: [/proc/self/status]	VmStk:	     508 kB
20220314 010752.820 INFO             PET0 PIOc_sync Enter - MemInfo: [/proc/self/status]	VmExe:	    1000 kB
20220314 010752.820 INFO             PET0 PIOc_sync Enter - MemInfo: [/proc/self/status]	VmLib:	   93984 kB
20220314 010752.820 INFO             PET0 PIOc_sync Enter - MemInfo: [/proc/self/status]	VmPTE:	     340 kB
20220314 010752.820 INFO             PET0 PIOc_sync Enter - MemInfo: [/proc/self/status]	VmPMD:	      12 kB
20220314 010752.820 INFO             PET0 PIOc_sync Enter - MemInfo: [/proc/self/status]	VmSwap:	       0 kB
20220314 010752.820 INFO             PET0 PIOc_sync Enter - MemInfo: [/proc/self/status]	VmRSSPercent: 0.0403669 %
20220314 010752.820 INFO             PET0 PIOc_sync Enter - MemInfo: [malloc] Non-mmapped space allocated:                10252288 Byte
20220314 010752.820 INFO             PET0 PIOc_sync Enter - MemInfo: [malloc] Space allocated in mmapped regions:          7122944 Byte
20220314 010752.820 INFO             PET0 PIOc_sync Enter - MemInfo: [malloc] Maximum total allocated space:                     0 Byte
20220314 010752.820 INFO             PET0 PIOc_sync Enter - MemInfo: [malloc] Space in freed fastbin blocks:                   528 Byte
20220314 010752.820 INFO             PET0 PIOc_sync Enter - MemInfo: [malloc] Total allocated space:                      10124304 Byte
20220314 010752.820 INFO             PET0 PIOc_sync Enter - MemInfo: [malloc] Total free space:                             127984 Byte
20220314 010752.820 INFO             PET0 PIOc_sync Enter - MemInfo: [malloc] Top-most, releasable space:                   127392 Byte
20220314 010752.821 INFO             PET0 PIOc_sync Enter - MemInfo: [malloc] Total space in use, mmap + non-mmap:        17247248 Byte
20220314 010752.821 INFO             PET0 PIOc_sync Enter - MemInfo: [malloc] Total space held (mmap + non-mmap):         17375232 Byte
20220314 010752.821 INFO             PET0 PIOc_sync Enter - MemInfo: [malloc] Total space used (mmap + non-mmap):         17255568 Byte
20220314 010752.821 INFO             PET0 PIOc_sync Enter - MemInfo: Wall-clock time since execution start:              0.0442691 seconds
20220314 010752.821 INFO             PET0 PIOc_sync Exit - MemInfo: [/proc/meminfo - SSI]	MemTotal:       65855856 kB
20220314 010752.821 INFO             PET0 PIOc_sync Exit - MemInfo: [/proc/meminfo - SSI]	MemFree:        61308400 kB
20220314 010752.821 INFO             PET0 PIOc_sync Exit - MemInfo: [/proc/meminfo - SSI]	MemAvailable:   61090984 kB
20220314 010752.821 INFO             PET0 PIOc_sync Exit - MemInfo: [/proc/meminfo - SSI]	Committed_AS:    2793440 kB
20220314 010752.821 INFO             PET0 PIOc_sync Exit - MemInfo: [/proc/meminfo - SSI]	CommittedPercent: 4.24175 %
20220314 010752.821 INFO             PET0 PIOc_sync Exit - MemInfo: [/proc/self/status]	VmPeak:	  213940 kB
20220314 010752.821 INFO             PET0 PIOc_sync Exit - MemInfo: [/proc/self/status]	VmSize:	  213932 kB
20220314 010752.821 INFO             PET0 PIOc_sync Exit - MemInfo: [/proc/self/status]	VmLck:	       0 kB
20220314 010752.821 INFO             PET0 PIOc_sync Exit - MemInfo: [/proc/self/status]	VmPin:	       0 kB
20220314 010752.821 INFO             PET0 PIOc_sync Exit - MemInfo: [/proc/self/status]	VmHWM:	   30380 kB
20220314 010752.821 INFO             PET0 PIOc_sync Exit - MemInfo: [/proc/self/status]	VmRSS:	   26584 kB
20220314 010752.821 INFO             PET0 PIOc_sync Exit - MemInfo: [/proc/self/status]	VmData:	   37636 kB
20220314 010752.821 INFO             PET0 PIOc_sync Exit - MemInfo: [/proc/self/status]	VmStk:	     508 kB
20220314 010752.821 INFO             PET0 PIOc_sync Exit - MemInfo: [/proc/self/status]	VmExe:	    1000 kB
20220314 010752.821 INFO             PET0 PIOc_sync Exit - MemInfo: [/proc/self/status]	VmLib:	   93984 kB
20220314 010752.821 INFO             PET0 PIOc_sync Exit - MemInfo: [/proc/self/status]	VmPTE:	     340 kB
20220314 010752.821 INFO             PET0 PIOc_sync Exit - MemInfo: [/proc/self/status]	VmPMD:	      12 kB
20220314 010752.821 INFO             PET0 PIOc_sync Exit - MemInfo: [/proc/self/status]	VmSwap:	       0 kB
20220314 010752.821 INFO             PET0 PIOc_sync Exit - MemInfo: [/proc/self/status]	VmRSSPercent: 0.0403669 %
20220314 010752.821 INFO             PET0 PIOc_sync Exit - MemInfo: [malloc] Non-mmapped space allocated:                10252288 Byte
20220314 010752.821 INFO             PET0 PIOc_sync Exit - MemInfo: [malloc] Space allocated in mmapped regions:          7122944 Byte
20220314 010752.821 INFO             PET0 PIOc_sync Exit - MemInfo: [malloc] Maximum total allocated space:                     0 Byte
20220314 010752.821 INFO             PET0 PIOc_sync Exit - MemInfo: [malloc] Space in freed fastbin blocks:                    80 Byte
20220314 010752.821 INFO             PET0 PIOc_sync Exit - MemInfo: [malloc] Total allocated space:                      10125120 Byte
20220314 010752.821 INFO             PET0 PIOc_sync Exit - MemInfo: [malloc] Total free space:                             127168 Byte
20220314 010752.821 INFO             PET0 PIOc_sync Exit - MemInfo: [malloc] Top-most, releasable space:                   127056 Byte
20220314 010752.821 INFO             PET0 PIOc_sync Exit - MemInfo: [malloc] Total space in use, mmap + non-mmap:        17248064 Byte
20220314 010752.821 INFO             PET0 PIOc_sync Exit - MemInfo: [malloc] Total space held (mmap + non-mmap):         17375232 Byte
20220314 010752.821 INFO             PET0 PIOc_sync Exit - MemInfo: [malloc] Total space used (mmap + non-mmap):         17256384 Byte
20220314 010752.821 INFO             PET0 PIOc_sync Exit - MemInfo: Wall-clock time since execution start:              0.0446141 seconds
20220314 010752.821 INFO             PET0 PIOc_freedecomp Enter - MemInfo: [/proc/meminfo - SSI]	MemTotal:       65855856 kB
20220314 010752.821 INFO             PET0 PIOc_freedecomp Enter - MemInfo: [/proc/meminfo - SSI]	MemFree:        61308400 kB
20220314 010752.821 INFO             PET0 PIOc_freedecomp Enter - MemInfo: [/proc/meminfo - SSI]	MemAvailable:   61090984 kB
20220314 010752.821 INFO             PET0 PIOc_freedecomp Enter - MemInfo: [/proc/meminfo - SSI]	Committed_AS:    2793440 kB
20220314 010752.821 INFO             PET0 PIOc_freedecomp Enter - MemInfo: [/proc/meminfo - SSI]	CommittedPercent: 4.24175 %
20220314 010752.821 INFO             PET0 PIOc_freedecomp Enter - MemInfo: [/proc/self/status]	VmPeak:	  213940 kB
20220314 010752.821 INFO             PET0 PIOc_freedecomp Enter - MemInfo: [/proc/self/status]	VmSize:	  213932 kB
20220314 010752.821 INFO             PET0 PIOc_freedecomp Enter - MemInfo: [/proc/self/status]	VmLck:	       0 kB
20220314 010752.821 INFO             PET0 PIOc_freedecomp Enter - MemInfo: [/proc/self/status]	VmPin:	       0 kB
20220314 010752.821 INFO             PET0 PIOc_freedecomp Enter - MemInfo: [/proc/self/status]	VmHWM:	   30380 kB
20220314 010752.821 INFO             PET0 PIOc_freedecomp Enter - MemInfo: [/proc/self/status]	VmRSS:	   26584 kB
20220314 010752.821 INFO             PET0 PIOc_freedecomp Enter - MemInfo: [/proc/self/status]	VmData:	   37636 kB
20220314 010752.821 INFO             PET0 PIOc_freedecomp Enter - MemInfo: [/proc/self/status]	VmStk:	     508 kB
20220314 010752.821 INFO             PET0 PIOc_freedecomp Enter - MemInfo: [/proc/self/status]	VmExe:	    1000 kB
20220314 010752.821 INFO             PET0 PIOc_freedecomp Enter - MemInfo: [/proc/self/status]	VmLib:	   93984 kB
20220314 010752.821 INFO             PET0 PIOc_freedecomp Enter - MemInfo: [/proc/self/status]	VmPTE:	     340 kB
20220314 010752.821 INFO             PET0 PIOc_freedecomp Enter - MemInfo: [/proc/self/status]	VmPMD:	      12 kB
20220314 010752.821 INFO             PET0 PIOc_freedecomp Enter - MemInfo: [/proc/self/status]	VmSwap:	       0 kB
20220314 010752.821 INFO             PET0 PIOc_freedecomp Enter - MemInfo: [/proc/self/status]	VmRSSPercent: 0.0403669 %
20220314 010752.821 INFO             PET0 PIOc_freedecomp Enter - MemInfo: [malloc] Non-mmapped space allocated:                10252288 Byte
20220314 010752.821 INFO             PET0 PIOc_freedecomp Enter - MemInfo: [malloc] Space allocated in mmapped regions:          7122944 Byte
20220314 010752.821 INFO             PET0 PIOc_freedecomp Enter - MemInfo: [malloc] Maximum total allocated space:                     0 Byte
20220314 010752.821 INFO             PET0 PIOc_freedecomp Enter - MemInfo: [malloc] Space in freed fastbin blocks:                   272 Byte
20220314 010752.821 INFO             PET0 PIOc_freedecomp Enter - MemInfo: [malloc] Total allocated space:                       1200800 Byte
20220314 010752.821 INFO             PET0 PIOc_freedecomp Enter - MemInfo: [malloc] Total free space:                            9051488 Byte
20220314 010752.821 INFO             PET0 PIOc_freedecomp Enter - MemInfo: [malloc] Top-most, releasable space:                   126720 Byte
20220314 010752.821 INFO             PET0 PIOc_freedecomp Enter - MemInfo: [malloc] Total space in use, mmap + non-mmap:         8323744 Byte
20220314 010752.821 INFO             PET0 PIOc_freedecomp Enter - MemInfo: [malloc] Total space held (mmap + non-mmap):         17375232 Byte
20220314 010752.821 INFO             PET0 PIOc_freedecomp Enter - MemInfo: [malloc] Total space used (mmap + non-mmap):          8331952 Byte
20220314 010752.821 INFO             PET0 PIOc_freedecomp Enter - MemInfo: Wall-clock time since execution start:               0.045094 seconds
20220314 010752.821 INFO             PET0 PIOc_freedecomp Exit - MemInfo: [/proc/meminfo - SSI]	MemTotal:       65855856 kB
20220314 010752.821 INFO             PET0 PIOc_freedecomp Exit - MemInfo: [/proc/meminfo - SSI]	MemFree:        61308400 kB
20220314 010752.821 INFO             PET0 PIOc_freedecomp Exit - MemInfo: [/proc/meminfo - SSI]	MemAvailable:   61090984 kB
20220314 010752.821 INFO             PET0 PIOc_freedecomp Exit - MemInfo: [/proc/meminfo - SSI]	Committed_AS:    2793440 kB
20220314 010752.821 INFO             PET0 PIOc_freedecomp Exit - MemInfo: [/proc/meminfo - SSI]	CommittedPercent: 4.24175 %
20220314 010752.821 INFO             PET0 PIOc_freedecomp Exit - MemInfo: [/proc/self/status]	VmPeak:	  213940 kB
20220314 010752.821 INFO             PET0 PIOc_freedecomp Exit - MemInfo: [/proc/self/status]	VmSize:	  213932 kB
20220314 010752.821 INFO             PET0 PIOc_freedecomp Exit - MemInfo: [/proc/self/status]	VmLck:	       0 kB
20220314 010752.821 INFO             PET0 PIOc_freedecomp Exit - MemInfo: [/proc/self/status]	VmPin:	       0 kB
20220314 010752.821 INFO             PET0 PIOc_freedecomp Exit - MemInfo: [/proc/self/status]	VmHWM:	   30380 kB
20220314 010752.822 INFO             PET0 PIOc_freedecomp Exit - MemInfo: [/proc/self/status]	VmRSS:	   26584 kB
20220314 010752.822 INFO             PET0 PIOc_freedecomp Exit - MemInfo: [/proc/self/status]	VmData:	   37636 kB
20220314 010752.822 INFO             PET0 PIOc_freedecomp Exit - MemInfo: [/proc/self/status]	VmStk:	     508 kB
20220314 010752.822 INFO             PET0 PIOc_freedecomp Exit - MemInfo: [/proc/self/status]	VmExe:	    1000 kB
20220314 010752.822 INFO             PET0 PIOc_freedecomp Exit - MemInfo: [/proc/self/status]	VmLib:	   93984 kB
20220314 010752.822 INFO             PET0 PIOc_freedecomp Exit - MemInfo: [/proc/self/status]	VmPTE:	     340 kB
20220314 010752.822 INFO             PET0 PIOc_freedecomp Exit - MemInfo: [/proc/self/status]	VmPMD:	      12 kB
20220314 010752.822 INFO             PET0 PIOc_freedecomp Exit - MemInfo: [/proc/self/status]	VmSwap:	       0 kB
20220314 010752.822 INFO             PET0 PIOc_freedecomp Exit - MemInfo: [/proc/self/status]	VmRSSPercent: 0.0403669 %
20220314 010752.822 INFO             PET0 PIOc_freedecomp Exit - MemInfo: [malloc] Non-mmapped space allocated:                10252288 Byte
20220314 010752.822 INFO             PET0 PIOc_freedecomp Exit - MemInfo: [malloc] Space allocated in mmapped regions:          7122944 Byte
20220314 010752.822 INFO             PET0 PIOc_freedecomp Exit - MemInfo: [malloc] Maximum total allocated space:                     0 Byte
20220314 010752.822 INFO             PET0 PIOc_freedecomp Exit - MemInfo: [malloc] Space in freed fastbin blocks:                   896 Byte
20220314 010752.822 INFO             PET0 PIOc_freedecomp Exit - MemInfo: [malloc] Total allocated space:                       1199904 Byte
20220314 010752.822 INFO             PET0 PIOc_freedecomp Exit - MemInfo: [malloc] Total free space:                            9052384 Byte
20220314 010752.822 INFO             PET0 PIOc_freedecomp Exit - MemInfo: [malloc] Top-most, releasable space:                   126720 Byte
20220314 010752.822 INFO             PET0 PIOc_freedecomp Exit - MemInfo: [malloc] Total space in use, mmap + non-mmap:         8322848 Byte
20220314 010752.822 INFO             PET0 PIOc_freedecomp Exit - MemInfo: [malloc] Total space held (mmap + non-mmap):         17375232 Byte
20220314 010752.822 INFO             PET0 PIOc_freedecomp Exit - MemInfo: [malloc] Total space used (mmap + non-mmap):          8331056 Byte
20220314 010752.822 INFO             PET0 PIOc_freedecomp Exit - MemInfo: Wall-clock time since execution start:              0.0454109 seconds
20220314 010752.823 INFO             PET0 PIOc_sync Enter - MemInfo: [/proc/meminfo - SSI]	MemTotal:       65855856 kB
20220314 010752.823 INFO             PET0 PIOc_sync Enter - MemInfo: [/proc/meminfo - SSI]	MemFree:        61307896 kB
20220314 010752.823 INFO             PET0 PIOc_sync Enter - MemInfo: [/proc/meminfo - SSI]	MemAvailable:   61090480 kB
20220314 010752.823 INFO             PET0 PIOc_sync Enter - MemInfo: [/proc/meminfo - SSI]	Committed_AS:    2793440 kB
20220314 010752.823 INFO             PET0 PIOc_sync Enter - MemInfo: [/proc/meminfo - SSI]	CommittedPercent: 4.24175 %
20220314 010752.823 INFO             PET0 PIOc_sync Enter - MemInfo: [/proc/self/status]	VmPeak:	  213940 kB
20220314 010752.823 INFO             PET0 PIOc_sync Enter - MemInfo: [/proc/self/status]	VmSize:	  213932 kB
20220314 010752.823 INFO             PET0 PIOc_sync Enter - MemInfo: [/proc/self/status]	VmLck:	       0 kB
20220314 010752.823 INFO             PET0 PIOc_sync Enter - MemInfo: [/proc/self/status]	VmPin:	       0 kB
20220314 010752.823 INFO             PET0 PIOc_sync Enter - MemInfo: [/proc/self/status]	VmHWM:	   30380 kB
20220314 010752.823 INFO             PET0 PIOc_sync Enter - MemInfo: [/proc/self/status]	VmRSS:	   26848 kB
20220314 010752.823 INFO             PET0 PIOc_sync Enter - MemInfo: [/proc/self/status]	VmData:	   37636 kB
20220314 010752.823 INFO             PET0 PIOc_sync Enter - MemInfo: [/proc/self/status]	VmStk:	     508 kB
20220314 010752.823 INFO             PET0 PIOc_sync Enter - MemInfo: [/proc/self/status]	VmExe:	    1000 kB
20220314 010752.823 INFO             PET0 PIOc_sync Enter - MemInfo: [/proc/self/status]	VmLib:	   93984 kB
20220314 010752.823 INFO             PET0 PIOc_sync Enter - MemInfo: [/proc/self/status]	VmPTE:	     340 kB
20220314 010752.823 INFO             PET0 PIOc_sync Enter - MemInfo: [/proc/self/status]	VmPMD:	      12 kB
20220314 010752.823 INFO             PET0 PIOc_sync Enter - MemInfo: [/proc/self/status]	VmSwap:	       0 kB
20220314 010752.823 INFO             PET0 PIOc_sync Enter - MemInfo: [/proc/self/status]	VmRSSPercent: 0.0407678 %
20220314 010752.823 INFO             PET0 PIOc_sync Enter - MemInfo: [malloc] Non-mmapped space allocated:                10252288 Byte
20220314 010752.823 INFO             PET0 PIOc_sync Enter - MemInfo: [malloc] Space allocated in mmapped regions:          7122944 Byte
20220314 010752.823 INFO             PET0 PIOc_sync Enter - MemInfo: [malloc] Maximum total allocated space:                     0 Byte
20220314 010752.823 INFO             PET0 PIOc_sync Enter - MemInfo: [malloc] Space in freed fastbin blocks:                   880 Byte
20220314 010752.823 INFO             PET0 PIOc_sync Enter - MemInfo: [malloc] Total allocated space:                      10128896 Byte
20220314 010752.823 INFO             PET0 PIOc_sync Enter - MemInfo: [malloc] Total free space:                             123392 Byte
20220314 010752.823 INFO             PET0 PIOc_sync Enter - MemInfo: [malloc] Top-most, releasable space:                   116224 Byte
20220314 010752.823 INFO             PET0 PIOc_sync Enter - MemInfo: [malloc] Total space in use, mmap + non-mmap:        17251840 Byte
20220314 010752.823 INFO             PET0 PIOc_sync Enter - MemInfo: [malloc] Total space held (mmap + non-mmap):         17375232 Byte
20220314 010752.823 INFO             PET0 PIOc_sync Enter - MemInfo: [malloc] Total space used (mmap + non-mmap):         17260048 Byte
20220314 010752.823 INFO             PET0 PIOc_sync Enter - MemInfo: Wall-clock time since execution start:              0.0468681 seconds
20220314 010752.823 INFO             PET0 PIOc_sync Exit - MemInfo: [/proc/meminfo - SSI]	MemTotal:       65855856 kB
20220314 010752.823 INFO             PET0 PIOc_sync Exit - MemInfo: [/proc/meminfo - SSI]	MemFree:        61307896 kB
20220314 010752.823 INFO             PET0 PIOc_sync Exit - MemInfo: [/proc/meminfo - SSI]	MemAvailable:   61090480 kB
20220314 010752.823 INFO             PET0 PIOc_sync Exit - MemInfo: [/proc/meminfo - SSI]	Committed_AS:    2793440 kB
20220314 010752.823 INFO             PET0 PIOc_sync Exit - MemInfo: [/proc/meminfo - SSI]	CommittedPercent: 4.24175 %
20220314 010752.823 INFO             PET0 PIOc_sync Exit - MemInfo: [/proc/self/status]	VmPeak:	  213940 kB
20220314 010752.823 INFO             PET0 PIOc_sync Exit - MemInfo: [/proc/self/status]	VmSize:	  213932 kB
20220314 010752.823 INFO             PET0 PIOc_sync Exit - MemInfo: [/proc/self/status]	VmLck:	       0 kB
20220314 010752.823 INFO             PET0 PIOc_sync Exit - MemInfo: [/proc/self/status]	VmPin:	       0 kB
20220314 010752.823 INFO             PET0 PIOc_sync Exit - MemInfo: [/proc/self/status]	VmHWM:	   30380 kB
20220314 010752.823 INFO             PET0 PIOc_sync Exit - MemInfo: [/proc/self/status]	VmRSS:	   26848 kB
20220314 010752.823 INFO             PET0 PIOc_sync Exit - MemInfo: [/proc/self/status]	VmData:	   37636 kB
20220314 010752.823 INFO             PET0 PIOc_sync Exit - MemInfo: [/proc/self/status]	VmStk:	     508 kB
20220314 010752.823 INFO             PET0 PIOc_sync Exit - MemInfo: [/proc/self/status]	VmExe:	    1000 kB
20220314 010752.823 INFO             PET0 PIOc_sync Exit - MemInfo: [/proc/self/status]	VmLib:	   93984 kB
20220314 010752.823 INFO             PET0 PIOc_sync Exit - MemInfo: [/proc/self/status]	VmPTE:	     340 kB
20220314 010752.823 INFO             PET0 PIOc_sync Exit - MemInfo: [/proc/self/status]	VmPMD:	      12 kB
20220314 010752.823 INFO             PET0 PIOc_sync Exit - MemInfo: [/proc/self/status]	VmSwap:	       0 kB
20220314 010752.823 INFO             PET0 PIOc_sync Exit - MemInfo: [/proc/self/status]	VmRSSPercent: 0.0407678 %
20220314 010752.823 INFO             PET0 PIOc_sync Exit - MemInfo: [malloc] Non-mmapped space allocated:                10252288 Byte
20220314 010752.823 INFO             PET0 PIOc_sync Exit - MemInfo: [malloc] Space allocated in mmapped regions:          7122944 Byte
20220314 010752.823 INFO             PET0 PIOc_sync Exit - MemInfo: [malloc] Maximum total allocated space:                     0 Byte
20220314 010752.823 INFO             PET0 PIOc_sync Exit - MemInfo: [malloc] Space in freed fastbin blocks:                     0 Byte
20220314 010752.823 INFO             PET0 PIOc_sync Exit - MemInfo: [malloc] Total allocated space:                      10129232 Byte
20220314 010752.823 INFO             PET0 PIOc_sync Exit - MemInfo: [malloc] Total free space:                             123056 Byte
20220314 010752.823 INFO             PET0 PIOc_sync Exit - MemInfo: [malloc] Top-most, releasable space:                   116000 Byte
20220314 010752.823 INFO             PET0 PIOc_sync Exit - MemInfo: [malloc] Total space in use, mmap + non-mmap:        17252176 Byte
20220314 010752.823 INFO             PET0 PIOc_sync Exit - MemInfo: [malloc] Total space held (mmap + non-mmap):         17375232 Byte
20220314 010752.823 INFO             PET0 PIOc_sync Exit - MemInfo: [malloc] Total space used (mmap + non-mmap):         17260624 Byte
20220314 010752.823 INFO             PET0 PIOc_sync Exit - MemInfo: Wall-clock time since execution start:              0.0472291 seconds
20220314 010752.824 INFO             PET0 PIOc_freedecomp Enter - MemInfo: [/proc/meminfo - SSI]	MemTotal:       65855856 kB
20220314 010752.824 INFO             PET0 PIOc_freedecomp Enter - MemInfo: [/proc/meminfo - SSI]	MemFree:        61307896 kB
20220314 010752.824 INFO             PET0 PIOc_freedecomp Enter - MemInfo: [/proc/meminfo - SSI]	MemAvailable:   61090480 kB
20220314 010752.824 INFO             PET0 PIOc_freedecomp Enter - MemInfo: [/proc/meminfo - SSI]	Committed_AS:    2793440 kB
20220314 010752.824 INFO             PET0 PIOc_freedecomp Enter - MemInfo: [/proc/meminfo - SSI]	CommittedPercent: 4.24175 %
20220314 010752.824 INFO             PET0 PIOc_freedecomp Enter - MemInfo: [/proc/self/status]	VmPeak:	  213940 kB
20220314 010752.824 INFO             PET0 PIOc_freedecomp Enter - MemInfo: [/proc/self/status]	VmSize:	  213932 kB
20220314 010752.824 INFO             PET0 PIOc_freedecomp Enter - MemInfo: [/proc/self/status]	VmLck:	       0 kB
20220314 010752.824 INFO             PET0 PIOc_freedecomp Enter - MemInfo: [/proc/self/status]	VmPin:	       0 kB
20220314 010752.824 INFO             PET0 PIOc_freedecomp Enter - MemInfo: [/proc/self/status]	VmHWM:	   30380 kB
20220314 010752.824 INFO             PET0 PIOc_freedecomp Enter - MemInfo: [/proc/self/status]	VmRSS:	   26848 kB
20220314 010752.824 INFO             PET0 PIOc_freedecomp Enter - MemInfo: [/proc/self/status]	VmData:	   37636 kB
20220314 010752.824 INFO             PET0 PIOc_freedecomp Enter - MemInfo: [/proc/self/status]	VmStk:	     508 kB
20220314 010752.824 INFO             PET0 PIOc_freedecomp Enter - MemInfo: [/proc/self/status]	VmExe:	    1000 kB
20220314 010752.824 INFO             PET0 PIOc_freedecomp Enter - MemInfo: [/proc/self/status]	VmLib:	   93984 kB
20220314 010752.824 INFO             PET0 PIOc_freedecomp Enter - MemInfo: [/proc/self/status]	VmPTE:	     340 kB
20220314 010752.824 INFO             PET0 PIOc_freedecomp Enter - MemInfo: [/proc/self/status]	VmPMD:	      12 kB
20220314 010752.824 INFO             PET0 PIOc_freedecomp Enter - MemInfo: [/proc/self/status]	VmSwap:	       0 kB
20220314 010752.824 INFO             PET0 PIOc_freedecomp Enter - MemInfo: [/proc/self/status]	VmRSSPercent: 0.0407678 %
20220314 010752.824 INFO             PET0 PIOc_freedecomp Enter - MemInfo: [malloc] Non-mmapped space allocated:                10252288 Byte
20220314 010752.824 INFO             PET0 PIOc_freedecomp Enter - MemInfo: [malloc] Space allocated in mmapped regions:          7122944 Byte
20220314 010752.824 INFO             PET0 PIOc_freedecomp Enter - MemInfo: [malloc] Maximum total allocated space:                     0 Byte
20220314 010752.824 INFO             PET0 PIOc_freedecomp Enter - MemInfo: [malloc] Space in freed fastbin blocks:                   272 Byte
20220314 010752.824 INFO             PET0 PIOc_freedecomp Enter - MemInfo: [malloc] Total allocated space:                       1203760 Byte
20220314 010752.824 INFO             PET0 PIOc_freedecomp Enter - MemInfo: [malloc] Total free space:                            9048528 Byte
20220314 010752.824 INFO             PET0 PIOc_freedecomp Enter - MemInfo: [malloc] Top-most, releasable space:                   115776 Byte
20220314 010752.824 INFO             PET0 PIOc_freedecomp Enter - MemInfo: [malloc] Total space in use, mmap + non-mmap:         8326704 Byte
20220314 010752.824 INFO             PET0 PIOc_freedecomp Enter - MemInfo: [malloc] Total space held (mmap + non-mmap):         17375232 Byte
20220314 010752.824 INFO             PET0 PIOc_freedecomp Enter - MemInfo: [malloc] Total space used (mmap + non-mmap):          8334912 Byte
20220314 010752.824 INFO             PET0 PIOc_freedecomp Enter - MemInfo: Wall-clock time since execution start:              0.0477891 seconds
20220314 010752.824 INFO             PET0 PIOc_freedecomp Exit - MemInfo: [/proc/meminfo - SSI]	MemTotal:       65855856 kB
20220314 010752.824 INFO             PET0 PIOc_freedecomp Exit - MemInfo: [/proc/meminfo - SSI]	MemFree:        61307896 kB
20220314 010752.824 INFO             PET0 PIOc_freedecomp Exit - MemInfo: [/proc/meminfo - SSI]	MemAvailable:   61090480 kB
20220314 010752.824 INFO             PET0 PIOc_freedecomp Exit - MemInfo: [/proc/meminfo - SSI]	Committed_AS:    2793440 kB
20220314 010752.824 INFO             PET0 PIOc_freedecomp Exit - MemInfo: [/proc/meminfo - SSI]	CommittedPercent: 4.24175 %
20220314 010752.824 INFO             PET0 PIOc_freedecomp Exit - MemInfo: [/proc/self/status]	VmPeak:	  213940 kB
20220314 010752.824 INFO             PET0 PIOc_freedecomp Exit - MemInfo: [/proc/self/status]	VmSize:	  213932 kB
20220314 010752.824 INFO             PET0 PIOc_freedecomp Exit - MemInfo: [/proc/self/status]	VmLck:	       0 kB
20220314 010752.824 INFO             PET0 PIOc_freedecomp Exit - MemInfo: [/proc/self/status]	VmPin:	       0 kB
20220314 010752.824 INFO             PET0 PIOc_freedecomp Exit - MemInfo: [/proc/self/status]	VmHWM:	   30380 kB
20220314 010752.824 INFO             PET0 PIOc_freedecomp Exit - MemInfo: [/proc/self/status]	VmRSS:	   26848 kB
20220314 010752.824 INFO             PET0 PIOc_freedecomp Exit - MemInfo: [/proc/self/status]	VmData:	   37636 kB
20220314 010752.824 INFO             PET0 PIOc_freedecomp Exit - MemInfo: [/proc/self/status]	VmStk:	     508 kB
20220314 010752.824 INFO             PET0 PIOc_freedecomp Exit - MemInfo: [/proc/self/status]	VmExe:	    1000 kB
20220314 010752.824 INFO             PET0 PIOc_freedecomp Exit - MemInfo: [/proc/self/status]	VmLib:	   93984 kB
20220314 010752.824 INFO             PET0 PIOc_freedecomp Exit - MemInfo: [/proc/self/status]	VmPTE:	     340 kB
20220314 010752.824 INFO             PET0 PIOc_freedecomp Exit - MemInfo: [/proc/self/status]	VmPMD:	      12 kB
20220314 010752.824 INFO             PET0 PIOc_freedecomp Exit - MemInfo: [/proc/self/status]	VmSwap:	       0 kB
20220314 010752.824 INFO             PET0 PIOc_freedecomp Exit - MemInfo: [/proc/self/status]	VmRSSPercent: 0.0407678 %
20220314 010752.824 INFO             PET0 PIOc_freedecomp Exit - MemInfo: [malloc] Non-mmapped space allocated:                10252288 Byte
20220314 010752.824 INFO             PET0 PIOc_freedecomp Exit - MemInfo: [malloc] Space allocated in mmapped regions:          7122944 Byte
20220314 010752.824 INFO             PET0 PIOc_freedecomp Exit - MemInfo: [malloc] Maximum total allocated space:                     0 Byte
20220314 010752.824 INFO             PET0 PIOc_freedecomp Exit - MemInfo: [malloc] Space in freed fastbin blocks:                   896 Byte
20220314 010752.824 INFO             PET0 PIOc_freedecomp Exit - MemInfo: [malloc] Total allocated space:                       1202864 Byte
20220314 010752.824 INFO             PET0 PIOc_freedecomp Exit - MemInfo: [malloc] Total free space:                            9049424 Byte
20220314 010752.824 INFO             PET0 PIOc_freedecomp Exit - MemInfo: [malloc] Top-most, releasable space:                   126496 Byte
20220314 010752.824 INFO             PET0 PIOc_freedecomp Exit - MemInfo: [malloc] Total space in use, mmap + non-mmap:         8325808 Byte
20220314 010752.824 INFO             PET0 PIOc_freedecomp Exit - MemInfo: [malloc] Total space held (mmap + non-mmap):         17375232 Byte
20220314 010752.824 INFO             PET0 PIOc_freedecomp Exit - MemInfo: [malloc] Total space used (mmap + non-mmap):          8334016 Byte
20220314 010752.824 INFO             PET0 PIOc_freedecomp Exit - MemInfo: Wall-clock time since execution start:              0.0481031 seconds
20220314 010752.825 INFO             PET0 PIOc_sync Enter - MemInfo: [/proc/meminfo - SSI]	MemTotal:       65855856 kB
20220314 010752.825 INFO             PET0 PIOc_sync Enter - MemInfo: [/proc/meminfo - SSI]	MemFree:        61307896 kB
20220314 010752.825 INFO             PET0 PIOc_sync Enter - MemInfo: [/proc/meminfo - SSI]	MemAvailable:   61090480 kB
20220314 010752.826 INFO             PET0 PIOc_sync Enter - MemInfo: [/proc/meminfo - SSI]	Committed_AS:    2793440 kB
20220314 010752.826 INFO             PET0 PIOc_sync Enter - MemInfo: [/proc/meminfo - SSI]	CommittedPercent: 4.24175 %
20220314 010752.826 INFO             PET0 PIOc_sync Enter - MemInfo: [/proc/self/status]	VmPeak:	  213940 kB
20220314 010752.826 INFO             PET0 PIOc_sync Enter - MemInfo: [/proc/self/status]	VmSize:	  213932 kB
20220314 010752.826 INFO             PET0 PIOc_sync Enter - MemInfo: [/proc/self/status]	VmLck:	       0 kB
20220314 010752.826 INFO             PET0 PIOc_sync Enter - MemInfo: [/proc/self/status]	VmPin:	       0 kB
20220314 010752.826 INFO             PET0 PIOc_sync Enter - MemInfo: [/proc/self/status]	VmHWM:	   30380 kB
20220314 010752.826 INFO             PET0 PIOc_sync Enter - MemInfo: [/proc/self/status]	VmRSS:	   26848 kB
20220314 010752.826 INFO             PET0 PIOc_sync Enter - MemInfo: [/proc/self/status]	VmData:	   37636 kB
20220314 010752.826 INFO             PET0 PIOc_sync Enter - MemInfo: [/proc/self/status]	VmStk:	     508 kB
20220314 010752.826 INFO             PET0 PIOc_sync Enter - MemInfo: [/proc/self/status]	VmExe:	    1000 kB
20220314 010752.826 INFO             PET0 PIOc_sync Enter - MemInfo: [/proc/self/status]	VmLib:	   93984 kB
20220314 010752.826 INFO             PET0 PIOc_sync Enter - MemInfo: [/proc/self/status]	VmPTE:	     340 kB
20220314 010752.826 INFO             PET0 PIOc_sync Enter - MemInfo: [/proc/self/status]	VmPMD:	      12 kB
20220314 010752.826 INFO             PET0 PIOc_sync Enter - MemInfo: [/proc/self/status]	VmSwap:	       0 kB
20220314 010752.826 INFO             PET0 PIOc_sync Enter - MemInfo: [/proc/self/status]	VmRSSPercent: 0.0407678 %
20220314 010752.826 INFO             PET0 PIOc_sync Enter - MemInfo: [malloc] Non-mmapped space allocated:                10252288 Byte
20220314 010752.826 INFO             PET0 PIOc_sync Enter - MemInfo: [malloc] Space allocated in mmapped regions:          7122944 Byte
20220314 010752.826 INFO             PET0 PIOc_sync Enter - MemInfo: [malloc] Maximum total allocated space:                     0 Byte
20220314 010752.826 INFO             PET0 PIOc_sync Enter - MemInfo: [malloc] Space in freed fastbin blocks:                  1568 Byte
20220314 010752.826 INFO             PET0 PIOc_sync Enter - MemInfo: [malloc] Total allocated space:                      10130960 Byte
20220314 010752.826 INFO             PET0 PIOc_sync Enter - MemInfo: [malloc] Total free space:                             121328 Byte
20220314 010752.826 INFO             PET0 PIOc_sync Enter - MemInfo: [malloc] Top-most, releasable space:                   116224 Byte
20220314 010752.826 INFO             PET0 PIOc_sync Enter - MemInfo: [malloc] Total space in use, mmap + non-mmap:        17253904 Byte
20220314 010752.826 INFO             PET0 PIOc_sync Enter - MemInfo: [malloc] Total space held (mmap + non-mmap):         17375232 Byte
20220314 010752.826 INFO             PET0 PIOc_sync Enter - MemInfo: [malloc] Total space used (mmap + non-mmap):         17262112 Byte
20220314 010752.826 INFO             PET0 PIOc_sync Enter - MemInfo: Wall-clock time since execution start:               0.049511 seconds
20220314 010752.826 INFO             PET0 PIOc_sync Exit - MemInfo: [/proc/meminfo - SSI]	MemTotal:       65855856 kB
20220314 010752.826 INFO             PET0 PIOc_sync Exit - MemInfo: [/proc/meminfo - SSI]	MemFree:        61307896 kB
20220314 010752.826 INFO             PET0 PIOc_sync Exit - MemInfo: [/proc/meminfo - SSI]	MemAvailable:   61090480 kB
20220314 010752.826 INFO             PET0 PIOc_sync Exit - MemInfo: [/proc/meminfo - SSI]	Committed_AS:    2793440 kB
20220314 010752.826 INFO             PET0 PIOc_sync Exit - MemInfo: [/proc/meminfo - SSI]	CommittedPercent: 4.24175 %
20220314 010752.826 INFO             PET0 PIOc_sync Exit - MemInfo: [/proc/self/status]	VmPeak:	  213940 kB
20220314 010752.826 INFO             PET0 PIOc_sync Exit - MemInfo: [/proc/self/status]	VmSize:	  213932 kB
20220314 010752.826 INFO             PET0 PIOc_sync Exit - MemInfo: [/proc/self/status]	VmLck:	       0 kB
20220314 010752.826 INFO             PET0 PIOc_sync Exit - MemInfo: [/proc/self/status]	VmPin:	       0 kB
20220314 010752.826 INFO             PET0 PIOc_sync Exit - MemInfo: [/proc/self/status]	VmHWM:	   30380 kB
20220314 010752.826 INFO             PET0 PIOc_sync Exit - MemInfo: [/proc/self/status]	VmRSS:	   26848 kB
20220314 010752.826 INFO             PET0 PIOc_sync Exit - MemInfo: [/proc/self/status]	VmData:	   37636 kB
20220314 010752.826 INFO             PET0 PIOc_sync Exit - MemInfo: [/proc/self/status]	VmStk:	     508 kB
20220314 010752.826 INFO             PET0 PIOc_sync Exit - MemInfo: [/proc/self/status]	VmExe:	    1000 kB
20220314 010752.826 INFO             PET0 PIOc_sync Exit - MemInfo: [/proc/self/status]	VmLib:	   93984 kB
20220314 010752.826 INFO             PET0 PIOc_sync Exit - MemInfo: [/proc/self/status]	VmPTE:	     340 kB
20220314 010752.826 INFO             PET0 PIOc_sync Exit - MemInfo: [/proc/self/status]	VmPMD:	      12 kB
20220314 010752.826 INFO             PET0 PIOc_sync Exit - MemInfo: [/proc/self/status]	VmSwap:	       0 kB
20220314 010752.826 INFO             PET0 PIOc_sync Exit - MemInfo: [/proc/self/status]	VmRSSPercent: 0.0407678 %
20220314 010752.826 INFO             PET0 PIOc_sync Exit - MemInfo: [malloc] Non-mmapped space allocated:                10252288 Byte
20220314 010752.826 INFO             PET0 PIOc_sync Exit - MemInfo: [malloc] Space allocated in mmapped regions:          7122944 Byte
20220314 010752.826 INFO             PET0 PIOc_sync Exit - MemInfo: [malloc] Maximum total allocated space:                     0 Byte
20220314 010752.826 INFO             PET0 PIOc_sync Exit - MemInfo: [malloc] Space in freed fastbin blocks:                    80 Byte
20220314 010752.826 INFO             PET0 PIOc_sync Exit - MemInfo: [malloc] Total allocated space:                      10131392 Byte
20220314 010752.826 INFO             PET0 PIOc_sync Exit - MemInfo: [malloc] Total free space:                             120896 Byte
20220314 010752.826 INFO             PET0 PIOc_sync Exit - MemInfo: [malloc] Top-most, releasable space:                   116000 Byte
20220314 010752.826 INFO             PET0 PIOc_sync Exit - MemInfo: [malloc] Total space in use, mmap + non-mmap:        17254336 Byte
20220314 010752.826 INFO             PET0 PIOc_sync Exit - MemInfo: [malloc] Total space held (mmap + non-mmap):         17375232 Byte
20220314 010752.826 INFO             PET0 PIOc_sync Exit - MemInfo: [malloc] Total space used (mmap + non-mmap):         17262544 Byte
20220314 010752.826 INFO             PET0 PIOc_sync Exit - MemInfo: Wall-clock time since execution start:               0.049865 seconds
20220314 010752.826 INFO             PET0 PIOc_freedecomp Enter - MemInfo: [/proc/meminfo - SSI]	MemTotal:       65855856 kB
20220314 010752.826 INFO             PET0 PIOc_freedecomp Enter - MemInfo: [/proc/meminfo - SSI]	MemFree:        61307896 kB
20220314 010752.826 INFO             PET0 PIOc_freedecomp Enter - MemInfo: [/proc/meminfo - SSI]	MemAvailable:   61090480 kB
20220314 010752.826 INFO             PET0 PIOc_freedecomp Enter - MemInfo: [/proc/meminfo - SSI]	Committed_AS:    2793440 kB
20220314 010752.826 INFO             PET0 PIOc_freedecomp Enter - MemInfo: [/proc/meminfo - SSI]	CommittedPercent: 4.24175 %
20220314 010752.826 INFO             PET0 PIOc_freedecomp Enter - MemInfo: [/proc/self/status]	VmPeak:	  213940 kB
20220314 010752.826 INFO             PET0 PIOc_freedecomp Enter - MemInfo: [/proc/self/status]	VmSize:	  213932 kB
20220314 010752.826 INFO             PET0 PIOc_freedecomp Enter - MemInfo: [/proc/self/status]	VmLck:	       0 kB
20220314 010752.826 INFO             PET0 PIOc_freedecomp Enter - MemInfo: [/proc/self/status]	VmPin:	       0 kB
20220314 010752.826 INFO             PET0 PIOc_freedecomp Enter - MemInfo: [/proc/self/status]	VmHWM:	   30380 kB
20220314 010752.826 INFO             PET0 PIOc_freedecomp Enter - MemInfo: [/proc/self/status]	VmRSS:	   26848 kB
20220314 010752.826 INFO             PET0 PIOc_freedecomp Enter - MemInfo: [/proc/self/status]	VmData:	   37636 kB
20220314 010752.826 INFO             PET0 PIOc_freedecomp Enter - MemInfo: [/proc/self/status]	VmStk:	     508 kB
20220314 010752.826 INFO             PET0 PIOc_freedecomp Enter - MemInfo: [/proc/self/status]	VmExe:	    1000 kB
20220314 010752.826 INFO             PET0 PIOc_freedecomp Enter - MemInfo: [/proc/self/status]	VmLib:	   93984 kB
20220314 010752.826 INFO             PET0 PIOc_freedecomp Enter - MemInfo: [/proc/self/status]	VmPTE:	     340 kB
20220314 010752.826 INFO             PET0 PIOc_freedecomp Enter - MemInfo: [/proc/self/status]	VmPMD:	      12 kB
20220314 010752.826 INFO             PET0 PIOc_freedecomp Enter - MemInfo: [/proc/self/status]	VmSwap:	       0 kB
20220314 010752.826 INFO             PET0 PIOc_freedecomp Enter - MemInfo: [/proc/self/status]	VmRSSPercent: 0.0407678 %
20220314 010752.827 INFO             PET0 PIOc_freedecomp Enter - MemInfo: [malloc] Non-mmapped space allocated:                10252288 Byte
20220314 010752.827 INFO             PET0 PIOc_freedecomp Enter - MemInfo: [malloc] Space allocated in mmapped regions:          7122944 Byte
20220314 010752.827 INFO             PET0 PIOc_freedecomp Enter - MemInfo: [malloc] Maximum total allocated space:                     0 Byte
20220314 010752.827 INFO             PET0 PIOc_freedecomp Enter - MemInfo: [malloc] Space in freed fastbin blocks:                   272 Byte
20220314 010752.827 INFO             PET0 PIOc_freedecomp Enter - MemInfo: [malloc] Total allocated space:                       1204992 Byte
20220314 010752.827 INFO             PET0 PIOc_freedecomp Enter - MemInfo: [malloc] Total free space:                            9047296 Byte
20220314 010752.827 INFO             PET0 PIOc_freedecomp Enter - MemInfo: [malloc] Top-most, releasable space:                   115776 Byte
20220314 010752.827 INFO             PET0 PIOc_freedecomp Enter - MemInfo: [malloc] Total space in use, mmap + non-mmap:         8327936 Byte
20220314 010752.827 INFO             PET0 PIOc_freedecomp Enter - MemInfo: [malloc] Total space held (mmap + non-mmap):         17375232 Byte
20220314 010752.827 INFO             PET0 PIOc_freedecomp Enter - MemInfo: [malloc] Total space used (mmap + non-mmap):          8336144 Byte
20220314 010752.827 INFO             PET0 PIOc_freedecomp Enter - MemInfo: Wall-clock time since execution start:              0.0503139 seconds
20220314 010752.827 INFO             PET0 PIOc_freedecomp Exit - MemInfo: [/proc/meminfo - SSI]	MemTotal:       65855856 kB
20220314 010752.827 INFO             PET0 PIOc_freedecomp Exit - MemInfo: [/proc/meminfo - SSI]	MemFree:        61307896 kB
20220314 010752.827 INFO             PET0 PIOc_freedecomp Exit - MemInfo: [/proc/meminfo - SSI]	MemAvailable:   61090480 kB
20220314 010752.827 INFO             PET0 PIOc_freedecomp Exit - MemInfo: [/proc/meminfo - SSI]	Committed_AS:    2793440 kB
20220314 010752.827 INFO             PET0 PIOc_freedecomp Exit - MemInfo: [/proc/meminfo - SSI]	CommittedPercent: 4.24175 %
20220314 010752.827 INFO             PET0 PIOc_freedecomp Exit - MemInfo: [/proc/self/status]	VmPeak:	  213940 kB
20220314 010752.827 INFO             PET0 PIOc_freedecomp Exit - MemInfo: [/proc/self/status]	VmSize:	  213932 kB
20220314 010752.827 INFO             PET0 PIOc_freedecomp Exit - MemInfo: [/proc/self/status]	VmLck:	       0 kB
20220314 010752.827 INFO             PET0 PIOc_freedecomp Exit - MemInfo: [/proc/self/status]	VmPin:	       0 kB
20220314 010752.827 INFO             PET0 PIOc_freedecomp Exit - MemInfo: [/proc/self/status]	VmHWM:	   30380 kB
20220314 010752.827 INFO             PET0 PIOc_freedecomp Exit - MemInfo: [/proc/self/status]	VmRSS:	   26848 kB
20220314 010752.827 INFO             PET0 PIOc_freedecomp Exit - MemInfo: [/proc/self/status]	VmData:	   37636 kB
20220314 010752.827 INFO             PET0 PIOc_freedecomp Exit - MemInfo: [/proc/self/status]	VmStk:	     508 kB
20220314 010752.827 INFO             PET0 PIOc_freedecomp Exit - MemInfo: [/proc/self/status]	VmExe:	    1000 kB
20220314 010752.827 INFO             PET0 PIOc_freedecomp Exit - MemInfo: [/proc/self/status]	VmLib:	   93984 kB
20220314 010752.827 INFO             PET0 PIOc_freedecomp Exit - MemInfo: [/proc/self/status]	VmPTE:	     340 kB
20220314 010752.827 INFO             PET0 PIOc_freedecomp Exit - MemInfo: [/proc/self/status]	VmPMD:	      12 kB
20220314 010752.827 INFO             PET0 PIOc_freedecomp Exit - MemInfo: [/proc/self/status]	VmSwap:	       0 kB
20220314 010752.827 INFO             PET0 PIOc_freedecomp Exit - MemInfo: [/proc/self/status]	VmRSSPercent: 0.0407678 %
20220314 010752.827 INFO             PET0 PIOc_freedecomp Exit - MemInfo: [malloc] Non-mmapped space allocated:                10252288 Byte
20220314 010752.827 INFO             PET0 PIOc_freedecomp Exit - MemInfo: [malloc] Space allocated in mmapped regions:          7122944 Byte
20220314 010752.827 INFO             PET0 PIOc_freedecomp Exit - MemInfo: [malloc] Maximum total allocated space:                     0 Byte
20220314 010752.827 INFO             PET0 PIOc_freedecomp Exit - MemInfo: [malloc] Space in freed fastbin blocks:                   896 Byte
20220314 010752.827 INFO             PET0 PIOc_freedecomp Exit - MemInfo: [malloc] Total allocated space:                       1204096 Byte
20220314 010752.827 INFO             PET0 PIOc_freedecomp Exit - MemInfo: [malloc] Total free space:                            9048192 Byte
20220314 010752.827 INFO             PET0 PIOc_freedecomp Exit - MemInfo: [malloc] Top-most, releasable space:                   126496 Byte
20220314 010752.827 INFO             PET0 PIOc_freedecomp Exit - MemInfo: [malloc] Total space in use, mmap + non-mmap:         8327040 Byte
20220314 010752.827 INFO             PET0 PIOc_freedecomp Exit - MemInfo: [malloc] Total space held (mmap + non-mmap):         17375232 Byte
20220314 010752.827 INFO             PET0 PIOc_freedecomp Exit - MemInfo: [malloc] Total space used (mmap + non-mmap):          8335248 Byte
20220314 010752.827 INFO             PET0 PIOc_freedecomp Exit - MemInfo: Wall-clock time since execution start:              0.0506351 seconds
20220314 010752.827 INFO             PET0 PASS Execute ESMC_RouteHandlePrint(), ESMC_FieldGridRegridCsrvUTest.C, line 526
20220314 010752.827 INFO             PET0 PASS Release an ESMC_RouteHandle via ESMC_FieldRegridRelease(), ESMC_FieldGridRegridCsrvUTest.C, line 534
20220314 010752.827 INFO             PET0 PASS Execute ESMC_FieldRegridGetArea() - source, ESMC_FieldGridRegridCsrvUTest.C, line 584
20220314 010752.828 INFO             PET0 PASS Execute ESMC_FieldRegridGetArea() - destination, ESMC_FieldGridRegridCsrvUTest.C, line 606
20220314 010752.828 INFO             PET0 PASS Regridding Validation, ESMC_FieldGridRegridCsrvUTest.C, line 671
20220314 010752.828 INFO             PET0 PASS Destroy ESMC_Field object, ESMC_FieldGridRegridCsrvUTest.C, line 685
20220314 010752.828 INFO             PET0 PASS Destroy ESMC_Field object, ESMC_FieldGridRegridCsrvUTest.C, line 693
20220314 010752.828 INFO             PET0 PASS Destroy ESMC_Grid object, ESMC_FieldGridRegridCsrvUTest.C, line 701
20220314 010752.828 INFO             PET0 PASS Destroy ESMC_Mesh object, ESMC_FieldGridRegridCsrvUTest.C, line 709
20220314 010752.828 INFO             PET0 Ending Test, file ESMC_FieldGridRegridCsrvUTest.C, line 714
20220314 010752.828 INFO             PET0 Finalizing ESMF
