build time -- 2022-03-12 23:46:11
20220313 000741.657 INFO             PET0 !!!!!!!!!!!!!!!!!!!!!!!!!!!!!!!!!!!!!!!!!!!!!!!!!!!!!!
20220313 000741.657 INFO             PET0 !!! THE ESMF_LOG IS SET TO OUTPUT ALL LOG MESSAGES !!!
20220313 000741.657 INFO             PET0 !!!     THIS MAY CAUSE SLOWDOWN IN PERFORMANCE     !!!
20220313 000741.657 INFO             PET0 !!! FOR PRODUCTION RUNS, USE:                      !!!
20220313 000741.657 INFO             PET0 !!!                   ESMF_LOGKIND_Multi_On_Error  !!!
20220313 000741.657 INFO             PET0 !!!!!!!!!!!!!!!!!!!!!!!!!!!!!!!!!!!!!!!!!!!!!!!!!!!!!!
20220313 000741.657 INFO             PET0 Running with ESMF Version   : v8.3.0b09-96-g559b459836
20220313 000741.657 INFO             PET0 ESMF library build date/time: "Mar 12 2022" "23:42:39"
20220313 000741.657 INFO             PET0 ESMF library build location : /lustre/f2/dev/ncep/Mark.Potts/intel_2019.5_mpi_O_jedwards_pio_update2
20220313 000741.657 INFO             PET0 ESMF_COMM                   : mpi
20220313 000741.658 INFO             PET0 ESMF_MOAB                   : enabled
20220313 000741.658 INFO             PET0 ESMF_LAPACK                 : enabled
20220313 000741.658 INFO             PET0 ESMF_NETCDF                 : enabled
20220313 000741.658 INFO             PET0 ESMF_PNETCDF                : disabled
20220313 000741.658 INFO             PET0 ESMF_PIO                    : enabled
20220313 000741.658 INFO             PET0 ESMF_YAMLCPP                : enabled
20220313 000741.658 INFO             PET0 Beginning Test, file ESMC_FieldRegridUTest.C, line 68
20220313 000741.658 INFO             PET0 Beginning Test, file ESMC_FieldRegridUTest.C, line 68NUMBER_OF_PROCESSORS 1
20220313 000741.658 INFO             PET0 PASS MeshCreate, ESMC_FieldRegridUTest.C, line 125
20220313 000741.658 INFO             PET0 PASS MeshAddNodes, ESMC_FieldRegridUTest.C, line 133
20220313 000741.659 INFO             PET0 PASS MeshAddElements, ESMC_FieldRegridUTest.C, line 142
20220313 000741.659 INFO             PET0 PASS MeshGetLocalNodeCount, ESMC_FieldRegridUTest.C, line 152
20220313 000741.659 INFO             PET0 PASS MeshGetLocalElementCount, ESMC_FieldRegridUTest.C, line 163
20220313 000741.659 INFO             PET0 PASS MeshCreate, ESMC_FieldRegridUTest.C, line 231
20220313 000741.659 INFO             PET0 PASS MeshAddNodes, ESMC_FieldRegridUTest.C, line 239
20220313 000741.659 INFO             PET0 PASS MeshAddElements, ESMC_FieldRegridUTest.C, line 248
20220313 000741.659 INFO             PET0 PASS MeshGetLocalNodeCount, ESMC_FieldRegridUTest.C, line 258
20220313 000741.659 INFO             PET0 PASS MeshGetLocalElementCount, ESMC_FieldRegridUTest.C, line 269
20220313 000741.659 INFO             PET0 PASS Create ESMC_Field object, ESMC_FieldRegridUTest.C, line 284
20220313 000741.660 INFO             PET0 PASS Create ESMC_Field object, ESMC_FieldRegridUTest.C, line 293
20220313 000741.660 INFO             PET0 PASS Get a void * C pointer to data from ESMC_Field object, ESMC_FieldRegridUTest.C, line 306
20220313 000741.660 INFO             PET0 PASS Get a void * C pointer to data from ESMC_Field object, ESMC_FieldRegridUTest.C, line 325
20220313 000741.660 INFO             PET0 PASS Create an InterArray for maskValues in ESMC_FieldRegridStore(), ESMC_FieldRegridUTest.C, line 343
20220313 000741.673 INFO             PET0 PIOc_sync Enter - MemInfo: [/proc/meminfo - SSI]	MemTotal:       65855856 kB
20220313 000741.673 INFO             PET0 PIOc_sync Enter - MemInfo: [/proc/meminfo - SSI]	MemFree:        61234940 kB
20220313 000741.673 INFO             PET0 PIOc_sync Enter - MemInfo: [/proc/meminfo - SSI]	MemAvailable:   61016588 kB
20220313 000741.673 INFO             PET0 PIOc_sync Enter - MemInfo: [/proc/meminfo - SSI]	Committed_AS:    2852268 kB
20220313 000741.673 INFO             PET0 PIOc_sync Enter - MemInfo: [/proc/meminfo - SSI]	CommittedPercent: 4.33108 %
20220313 000741.673 INFO             PET0 PIOc_sync Enter - MemInfo: [/proc/self/status]	VmPeak:	  213516 kB
20220313 000741.673 INFO             PET0 PIOc_sync Enter - MemInfo: [/proc/self/status]	VmSize:	  213516 kB
20220313 000741.673 INFO             PET0 PIOc_sync Enter - MemInfo: [/proc/self/status]	VmLck:	       0 kB
20220313 000741.673 INFO             PET0 PIOc_sync Enter - MemInfo: [/proc/self/status]	VmPin:	       0 kB
20220313 000741.673 INFO             PET0 PIOc_sync Enter - MemInfo: [/proc/self/status]	VmHWM:	   30080 kB
20220313 000741.673 INFO             PET0 PIOc_sync Enter - MemInfo: [/proc/self/status]	VmRSS:	   30080 kB
20220313 000741.673 INFO             PET0 PIOc_sync Enter - MemInfo: [/proc/self/status]	VmData:	   37224 kB
20220313 000741.673 INFO             PET0 PIOc_sync Enter - MemInfo: [/proc/self/status]	VmStk:	     508 kB
20220313 000741.673 INFO             PET0 PIOc_sync Enter - MemInfo: [/proc/self/status]	VmExe:	     996 kB
20220313 000741.673 INFO             PET0 PIOc_sync Enter - MemInfo: [/proc/self/status]	VmLib:	   93984 kB
20220313 000741.673 INFO             PET0 PIOc_sync Enter - MemInfo: [/proc/self/status]	VmPTE:	     352 kB
20220313 000741.673 INFO             PET0 PIOc_sync Enter - MemInfo: [/proc/self/status]	VmPMD:	      12 kB
20220313 000741.673 INFO             PET0 PIOc_sync Enter - MemInfo: [/proc/self/status]	VmSwap:	       0 kB
20220313 000741.673 INFO             PET0 PIOc_sync Enter - MemInfo: [/proc/self/status]	VmRSSPercent: 0.0456755 %
20220313 000741.673 INFO             PET0 PIOc_sync Enter - MemInfo: [malloc] Non-mmapped space allocated:                 1241088 Byte
20220313 000741.673 INFO             PET0 PIOc_sync Enter - MemInfo: [malloc] Space allocated in mmapped regions:         15712256 Byte
20220313 000741.673 INFO             PET0 PIOc_sync Enter - MemInfo: [malloc] Maximum total allocated space:                     0 Byte
20220313 000741.673 INFO             PET0 PIOc_sync Enter - MemInfo: [malloc] Space in freed fastbin blocks:                     0 Byte
20220313 000741.673 INFO             PET0 PIOc_sync Enter - MemInfo: [malloc] Total allocated space:                       1118912 Byte
20220313 000741.673 INFO             PET0 PIOc_sync Enter - MemInfo: [malloc] Total free space:                             122176 Byte
20220313 000741.673 INFO             PET0 PIOc_sync Enter - MemInfo: [malloc] Top-most, releasable space:                   122112 Byte
20220313 000741.673 INFO             PET0 PIOc_sync Enter - MemInfo: [malloc] Total space in use, mmap + non-mmap:        16831168 Byte
20220313 000741.673 INFO             PET0 PIOc_sync Enter - MemInfo: [malloc] Total space held (mmap + non-mmap):         16953344 Byte
20220313 000741.673 INFO             PET0 PIOc_sync Enter - MemInfo: [malloc] Total space used (mmap + non-mmap):         16840640 Byte
20220313 000741.673 INFO             PET0 PIOc_sync Enter - MemInfo: Wall-clock time since execution start:               0.043026 seconds
20220313 000741.674 INFO             PET0 PIOc_sync Exit - MemInfo: [/proc/meminfo - SSI]	MemTotal:       65855856 kB
20220313 000741.674 INFO             PET0 PIOc_sync Exit - MemInfo: [/proc/meminfo - SSI]	MemFree:        61234436 kB
20220313 000741.674 INFO             PET0 PIOc_sync Exit - MemInfo: [/proc/meminfo - SSI]	MemAvailable:   61016084 kB
20220313 000741.674 INFO             PET0 PIOc_sync Exit - MemInfo: [/proc/meminfo - SSI]	Committed_AS:    2852268 kB
20220313 000741.674 INFO             PET0 PIOc_sync Exit - MemInfo: [/proc/meminfo - SSI]	CommittedPercent: 4.33108 %
20220313 000741.674 INFO             PET0 PIOc_sync Exit - MemInfo: [/proc/self/status]	VmPeak:	  213840 kB
20220313 000741.674 INFO             PET0 PIOc_sync Exit - MemInfo: [/proc/self/status]	VmSize:	  213840 kB
20220313 000741.674 INFO             PET0 PIOc_sync Exit - MemInfo: [/proc/self/status]	VmLck:	       0 kB
20220313 000741.674 INFO             PET0 PIOc_sync Exit - MemInfo: [/proc/self/status]	VmPin:	       0 kB
20220313 000741.674 INFO             PET0 PIOc_sync Exit - MemInfo: [/proc/self/status]	VmHWM:	   30608 kB
20220313 000741.674 INFO             PET0 PIOc_sync Exit - MemInfo: [/proc/self/status]	VmRSS:	   30608 kB
20220313 000741.674 INFO             PET0 PIOc_sync Exit - MemInfo: [/proc/self/status]	VmData:	   37548 kB
20220313 000741.674 INFO             PET0 PIOc_sync Exit - MemInfo: [/proc/self/status]	VmStk:	     508 kB
20220313 000741.674 INFO             PET0 PIOc_sync Exit - MemInfo: [/proc/self/status]	VmExe:	     996 kB
20220313 000741.674 INFO             PET0 PIOc_sync Exit - MemInfo: [/proc/self/status]	VmLib:	   93984 kB
20220313 000741.674 INFO             PET0 PIOc_sync Exit - MemInfo: [/proc/self/status]	VmPTE:	     352 kB
20220313 000741.674 INFO             PET0 PIOc_sync Exit - MemInfo: [/proc/self/status]	VmPMD:	      12 kB
20220313 000741.674 INFO             PET0 PIOc_sync Exit - MemInfo: [/proc/self/status]	VmSwap:	       0 kB
20220313 000741.674 INFO             PET0 PIOc_sync Exit - MemInfo: [/proc/self/status]	VmRSSPercent: 0.0464773 %
20220313 000741.674 INFO             PET0 PIOc_sync Exit - MemInfo: [malloc] Non-mmapped space allocated:                 1241088 Byte
20220313 000741.674 INFO             PET0 PIOc_sync Exit - MemInfo: [malloc] Space allocated in mmapped regions:         16044032 Byte
20220313 000741.674 INFO             PET0 PIOc_sync Exit - MemInfo: [malloc] Maximum total allocated space:                     0 Byte
20220313 000741.674 INFO             PET0 PIOc_sync Exit - MemInfo: [malloc] Space in freed fastbin blocks:                     0 Byte
20220313 000741.674 INFO             PET0 PIOc_sync Exit - MemInfo: [malloc] Total allocated space:                       1187664 Byte
20220313 000741.674 INFO             PET0 PIOc_sync Exit - MemInfo: [malloc] Total free space:                              53424 Byte
20220313 000741.674 INFO             PET0 PIOc_sync Exit - MemInfo: [malloc] Top-most, releasable space:                    53424 Byte
20220313 000741.674 INFO             PET0 PIOc_sync Exit - MemInfo: [malloc] Total space in use, mmap + non-mmap:        17231696 Byte
20220313 000741.674 INFO             PET0 PIOc_sync Exit - MemInfo: [malloc] Total space held (mmap + non-mmap):         17285120 Byte
20220313 000741.674 INFO             PET0 PIOc_sync Exit - MemInfo: [malloc] Total space used (mmap + non-mmap):         17240160 Byte
20220313 000741.674 INFO             PET0 PIOc_sync Exit - MemInfo: Wall-clock time since execution start:              0.0436611 seconds
20220313 000741.674 INFO             PET0 PIOc_freedecomp Enter - MemInfo: [/proc/meminfo - SSI]	MemTotal:       65855856 kB
20220313 000741.674 INFO             PET0 PIOc_freedecomp Enter - MemInfo: [/proc/meminfo - SSI]	MemFree:        61241492 kB
20220313 000741.674 INFO             PET0 PIOc_freedecomp Enter - MemInfo: [/proc/meminfo - SSI]	MemAvailable:   61023140 kB
20220313 000741.674 INFO             PET0 PIOc_freedecomp Enter - MemInfo: [/proc/meminfo - SSI]	Committed_AS:    2844396 kB
20220313 000741.674 INFO             PET0 PIOc_freedecomp Enter - MemInfo: [/proc/meminfo - SSI]	CommittedPercent: 4.31912 %
20220313 000741.674 INFO             PET0 PIOc_freedecomp Enter - MemInfo: [/proc/self/status]	VmPeak:	  213840 kB
20220313 000741.674 INFO             PET0 PIOc_freedecomp Enter - MemInfo: [/proc/self/status]	VmSize:	  205128 kB
20220313 000741.674 INFO             PET0 PIOc_freedecomp Enter - MemInfo: [/proc/self/status]	VmLck:	       0 kB
20220313 000741.674 INFO             PET0 PIOc_freedecomp Enter - MemInfo: [/proc/self/status]	VmPin:	       0 kB
20220313 000741.675 INFO             PET0 PIOc_freedecomp Enter - MemInfo: [/proc/self/status]	VmHWM:	   30608 kB
20220313 000741.675 INFO             PET0 PIOc_freedecomp Enter - MemInfo: [/proc/self/status]	VmRSS:	   22472 kB
20220313 000741.675 INFO             PET0 PIOc_freedecomp Enter - MemInfo: [/proc/self/status]	VmData:	   28836 kB
20220313 000741.675 INFO             PET0 PIOc_freedecomp Enter - MemInfo: [/proc/self/status]	VmStk:	     508 kB
20220313 000741.675 INFO             PET0 PIOc_freedecomp Enter - MemInfo: [/proc/self/status]	VmExe:	     996 kB
20220313 000741.675 INFO             PET0 PIOc_freedecomp Enter - MemInfo: [/proc/self/status]	VmLib:	   93984 kB
20220313 000741.675 INFO             PET0 PIOc_freedecomp Enter - MemInfo: [/proc/self/status]	VmPTE:	     336 kB
20220313 000741.675 INFO             PET0 PIOc_freedecomp Enter - MemInfo: [/proc/self/status]	VmPMD:	      12 kB
20220313 000741.675 INFO             PET0 PIOc_freedecomp Enter - MemInfo: [/proc/self/status]	VmSwap:	       0 kB
20220313 000741.675 INFO             PET0 PIOc_freedecomp Enter - MemInfo: [/proc/self/status]	VmRSSPercent: 0.034123 %
20220313 000741.675 INFO             PET0 PIOc_freedecomp Enter - MemInfo: [malloc] Non-mmapped space allocated:                 1241088 Byte
20220313 000741.675 INFO             PET0 PIOc_freedecomp Enter - MemInfo: [malloc] Space allocated in mmapped regions:          7122944 Byte
20220313 000741.675 INFO             PET0 PIOc_freedecomp Enter - MemInfo: [malloc] Maximum total allocated space:                     0 Byte
20220313 000741.675 INFO             PET0 PIOc_freedecomp Enter - MemInfo: [malloc] Space in freed fastbin blocks:                   208 Byte
20220313 000741.675 INFO             PET0 PIOc_freedecomp Enter - MemInfo: [malloc] Total allocated space:                       1177376 Byte
20220313 000741.675 INFO             PET0 PIOc_freedecomp Enter - MemInfo: [malloc] Total free space:                              63712 Byte
20220313 000741.675 INFO             PET0 PIOc_freedecomp Enter - MemInfo: [malloc] Top-most, releasable space:                    52832 Byte
20220313 000741.675 INFO             PET0 PIOc_freedecomp Enter - MemInfo: [malloc] Total space in use, mmap + non-mmap:         8300320 Byte
20220313 000741.675 INFO             PET0 PIOc_freedecomp Enter - MemInfo: [malloc] Total space held (mmap + non-mmap):          8364032 Byte
20220313 000741.675 INFO             PET0 PIOc_freedecomp Enter - MemInfo: [malloc] Total space used (mmap + non-mmap):          8308752 Byte
20220313 000741.675 INFO             PET0 PIOc_freedecomp Enter - MemInfo: Wall-clock time since execution start:              0.0444551 seconds
20220313 000741.675 INFO             PET0 PIOc_freedecomp Exit - MemInfo: [/proc/meminfo - SSI]	MemTotal:       65855856 kB
20220313 000741.675 INFO             PET0 PIOc_freedecomp Exit - MemInfo: [/proc/meminfo - SSI]	MemFree:        61241492 kB
20220313 000741.675 INFO             PET0 PIOc_freedecomp Exit - MemInfo: [/proc/meminfo - SSI]	MemAvailable:   61023140 kB
20220313 000741.675 INFO             PET0 PIOc_freedecomp Exit - MemInfo: [/proc/meminfo - SSI]	Committed_AS:    2844396 kB
20220313 000741.675 INFO             PET0 PIOc_freedecomp Exit - MemInfo: [/proc/meminfo - SSI]	CommittedPercent: 4.31912 %
20220313 000741.675 INFO             PET0 PIOc_freedecomp Exit - MemInfo: [/proc/self/status]	VmPeak:	  213840 kB
20220313 000741.675 INFO             PET0 PIOc_freedecomp Exit - MemInfo: [/proc/self/status]	VmSize:	  205128 kB
20220313 000741.675 INFO             PET0 PIOc_freedecomp Exit - MemInfo: [/proc/self/status]	VmLck:	       0 kB
20220313 000741.675 INFO             PET0 PIOc_freedecomp Exit - MemInfo: [/proc/self/status]	VmPin:	       0 kB
20220313 000741.675 INFO             PET0 PIOc_freedecomp Exit - MemInfo: [/proc/self/status]	VmHWM:	   30608 kB
20220313 000741.675 INFO             PET0 PIOc_freedecomp Exit - MemInfo: [/proc/self/status]	VmRSS:	   22472 kB
20220313 000741.675 INFO             PET0 PIOc_freedecomp Exit - MemInfo: [/proc/self/status]	VmData:	   28836 kB
20220313 000741.675 INFO             PET0 PIOc_freedecomp Exit - MemInfo: [/proc/self/status]	VmStk:	     508 kB
20220313 000741.675 INFO             PET0 PIOc_freedecomp Exit - MemInfo: [/proc/self/status]	VmExe:	     996 kB
20220313 000741.675 INFO             PET0 PIOc_freedecomp Exit - MemInfo: [/proc/self/status]	VmLib:	   93984 kB
20220313 000741.675 INFO             PET0 PIOc_freedecomp Exit - MemInfo: [/proc/self/status]	VmPTE:	     336 kB
20220313 000741.675 INFO             PET0 PIOc_freedecomp Exit - MemInfo: [/proc/self/status]	VmPMD:	      12 kB
20220313 000741.675 INFO             PET0 PIOc_freedecomp Exit - MemInfo: [/proc/self/status]	VmSwap:	       0 kB
20220313 000741.675 INFO             PET0 PIOc_freedecomp Exit - MemInfo: [/proc/self/status]	VmRSSPercent: 0.034123 %
20220313 000741.675 INFO             PET0 PIOc_freedecomp Exit - MemInfo: [malloc] Non-mmapped space allocated:                 1241088 Byte
20220313 000741.675 INFO             PET0 PIOc_freedecomp Exit - MemInfo: [malloc] Space allocated in mmapped regions:          7122944 Byte
20220313 000741.675 INFO             PET0 PIOc_freedecomp Exit - MemInfo: [malloc] Maximum total allocated space:                     0 Byte
20220313 000741.675 INFO             PET0 PIOc_freedecomp Exit - MemInfo: [malloc] Space in freed fastbin blocks:                   704 Byte
20220313 000741.675 INFO             PET0 PIOc_freedecomp Exit - MemInfo: [malloc] Total allocated space:                       1175648 Byte
20220313 000741.675 INFO             PET0 PIOc_freedecomp Exit - MemInfo: [malloc] Total free space:                              65440 Byte
20220313 000741.675 INFO             PET0 PIOc_freedecomp Exit - MemInfo: [malloc] Top-most, releasable space:                    52832 Byte
20220313 000741.675 INFO             PET0 PIOc_freedecomp Exit - MemInfo: [malloc] Total space in use, mmap + non-mmap:         8298592 Byte
20220313 000741.675 INFO             PET0 PIOc_freedecomp Exit - MemInfo: [malloc] Total space held (mmap + non-mmap):          8364032 Byte
20220313 000741.675 INFO             PET0 PIOc_freedecomp Exit - MemInfo: [malloc] Total space used (mmap + non-mmap):          8307024 Byte
20220313 000741.675 INFO             PET0 PIOc_freedecomp Exit - MemInfo: Wall-clock time since execution start:              0.0447981 seconds
20220313 000741.678 INFO             PET0 PIOc_sync Enter - MemInfo: [/proc/meminfo - SSI]	MemTotal:       65855856 kB
20220313 000741.678 INFO             PET0 PIOc_sync Enter - MemInfo: [/proc/meminfo - SSI]	MemFree:        61238468 kB
20220313 000741.678 INFO             PET0 PIOc_sync Enter - MemInfo: [/proc/meminfo - SSI]	MemAvailable:   61020116 kB
20220313 000741.678 INFO             PET0 PIOc_sync Enter - MemInfo: [/proc/meminfo - SSI]	Committed_AS:    2852664 kB
20220313 000741.678 INFO             PET0 PIOc_sync Enter - MemInfo: [/proc/meminfo - SSI]	CommittedPercent: 4.33168 %
20220313 000741.678 INFO             PET0 PIOc_sync Enter - MemInfo: [/proc/self/status]	VmPeak:	  213912 kB
20220313 000741.678 INFO             PET0 PIOc_sync Enter - MemInfo: [/proc/self/status]	VmSize:	  213912 kB
20220313 000741.678 INFO             PET0 PIOc_sync Enter - MemInfo: [/proc/self/status]	VmLck:	       0 kB
20220313 000741.678 INFO             PET0 PIOc_sync Enter - MemInfo: [/proc/self/status]	VmPin:	       0 kB
20220313 000741.678 INFO             PET0 PIOc_sync Enter - MemInfo: [/proc/self/status]	VmHWM:	   30608 kB
20220313 000741.678 INFO             PET0 PIOc_sync Enter - MemInfo: [/proc/self/status]	VmRSS:	   26428 kB
20220313 000741.678 INFO             PET0 PIOc_sync Enter - MemInfo: [/proc/self/status]	VmData:	   37620 kB
20220313 000741.678 INFO             PET0 PIOc_sync Enter - MemInfo: [/proc/self/status]	VmStk:	     508 kB
20220313 000741.678 INFO             PET0 PIOc_sync Enter - MemInfo: [/proc/self/status]	VmExe:	     996 kB
20220313 000741.678 INFO             PET0 PIOc_sync Enter - MemInfo: [/proc/self/status]	VmLib:	   93984 kB
20220313 000741.678 INFO             PET0 PIOc_sync Enter - MemInfo: [/proc/self/status]	VmPTE:	     348 kB
20220313 000741.678 INFO             PET0 PIOc_sync Enter - MemInfo: [/proc/self/status]	VmPMD:	      12 kB
20220313 000741.678 INFO             PET0 PIOc_sync Enter - MemInfo: [/proc/self/status]	VmSwap:	       0 kB
20220313 000741.678 INFO             PET0 PIOc_sync Enter - MemInfo: [/proc/self/status]	VmRSSPercent: 0.0401301 %
20220313 000741.678 INFO             PET0 PIOc_sync Enter - MemInfo: [malloc] Non-mmapped space allocated:                10235904 Byte
20220313 000741.678 INFO             PET0 PIOc_sync Enter - MemInfo: [malloc] Space allocated in mmapped regions:          7122944 Byte
20220313 000741.678 INFO             PET0 PIOc_sync Enter - MemInfo: [malloc] Maximum total allocated space:                     0 Byte
20220313 000741.679 INFO             PET0 PIOc_sync Enter - MemInfo: [malloc] Space in freed fastbin blocks:                    64 Byte
20220313 000741.679 INFO             PET0 PIOc_sync Enter - MemInfo: [malloc] Total allocated space:                      10105104 Byte
20220313 000741.679 INFO             PET0 PIOc_sync Enter - MemInfo: [malloc] Total free space:                             130800 Byte
20220313 000741.679 INFO             PET0 PIOc_sync Enter - MemInfo: [malloc] Top-most, releasable space:                   129472 Byte
20220313 000741.679 INFO             PET0 PIOc_sync Enter - MemInfo: [malloc] Total space in use, mmap + non-mmap:        17228048 Byte
20220313 000741.679 INFO             PET0 PIOc_sync Enter - MemInfo: [malloc] Total space held (mmap + non-mmap):         17358848 Byte
20220313 000741.679 INFO             PET0 PIOc_sync Enter - MemInfo: [malloc] Total space used (mmap + non-mmap):         17236368 Byte
20220313 000741.679 INFO             PET0 PIOc_sync Enter - MemInfo: Wall-clock time since execution start:              0.0483382 seconds
20220313 000741.679 INFO             PET0 PIOc_sync Exit - MemInfo: [/proc/meminfo - SSI]	MemTotal:       65855856 kB
20220313 000741.679 INFO             PET0 PIOc_sync Exit - MemInfo: [/proc/meminfo - SSI]	MemFree:        61238468 kB
20220313 000741.679 INFO             PET0 PIOc_sync Exit - MemInfo: [/proc/meminfo - SSI]	MemAvailable:   61020116 kB
20220313 000741.679 INFO             PET0 PIOc_sync Exit - MemInfo: [/proc/meminfo - SSI]	Committed_AS:    2852664 kB
20220313 000741.679 INFO             PET0 PIOc_sync Exit - MemInfo: [/proc/meminfo - SSI]	CommittedPercent: 4.33168 %
20220313 000741.679 INFO             PET0 PIOc_sync Exit - MemInfo: [/proc/self/status]	VmPeak:	  213912 kB
20220313 000741.679 INFO             PET0 PIOc_sync Exit - MemInfo: [/proc/self/status]	VmSize:	  213912 kB
20220313 000741.679 INFO             PET0 PIOc_sync Exit - MemInfo: [/proc/self/status]	VmLck:	       0 kB
20220313 000741.679 INFO             PET0 PIOc_sync Exit - MemInfo: [/proc/self/status]	VmPin:	       0 kB
20220313 000741.679 INFO             PET0 PIOc_sync Exit - MemInfo: [/proc/self/status]	VmHWM:	   30608 kB
20220313 000741.679 INFO             PET0 PIOc_sync Exit - MemInfo: [/proc/self/status]	VmRSS:	   26428 kB
20220313 000741.679 INFO             PET0 PIOc_sync Exit - MemInfo: [/proc/self/status]	VmData:	   37620 kB
20220313 000741.679 INFO             PET0 PIOc_sync Exit - MemInfo: [/proc/self/status]	VmStk:	     508 kB
20220313 000741.679 INFO             PET0 PIOc_sync Exit - MemInfo: [/proc/self/status]	VmExe:	     996 kB
20220313 000741.679 INFO             PET0 PIOc_sync Exit - MemInfo: [/proc/self/status]	VmLib:	   93984 kB
20220313 000741.679 INFO             PET0 PIOc_sync Exit - MemInfo: [/proc/self/status]	VmPTE:	     348 kB
20220313 000741.679 INFO             PET0 PIOc_sync Exit - MemInfo: [/proc/self/status]	VmPMD:	      12 kB
20220313 000741.679 INFO             PET0 PIOc_sync Exit - MemInfo: [/proc/self/status]	VmSwap:	       0 kB
20220313 000741.679 INFO             PET0 PIOc_sync Exit - MemInfo: [/proc/self/status]	VmRSSPercent: 0.0401301 %
20220313 000741.679 INFO             PET0 PIOc_sync Exit - MemInfo: [malloc] Non-mmapped space allocated:                10235904 Byte
20220313 000741.679 INFO             PET0 PIOc_sync Exit - MemInfo: [malloc] Space allocated in mmapped regions:          7122944 Byte
20220313 000741.679 INFO             PET0 PIOc_sync Exit - MemInfo: [malloc] Maximum total allocated space:                     0 Byte
20220313 000741.679 INFO             PET0 PIOc_sync Exit - MemInfo: [malloc] Space in freed fastbin blocks:                     0 Byte
20220313 000741.679 INFO             PET0 PIOc_sync Exit - MemInfo: [malloc] Total allocated space:                      10105840 Byte
20220313 000741.679 INFO             PET0 PIOc_sync Exit - MemInfo: [malloc] Total free space:                             130064 Byte
20220313 000741.679 INFO             PET0 PIOc_sync Exit - MemInfo: [malloc] Top-most, releasable space:                   129248 Byte
20220313 000741.679 INFO             PET0 PIOc_sync Exit - MemInfo: [malloc] Total space in use, mmap + non-mmap:        17228784 Byte
20220313 000741.679 INFO             PET0 PIOc_sync Exit - MemInfo: [malloc] Total space held (mmap + non-mmap):         17358848 Byte
20220313 000741.679 INFO             PET0 PIOc_sync Exit - MemInfo: [malloc] Total space used (mmap + non-mmap):         17237104 Byte
20220313 000741.679 INFO             PET0 PIOc_sync Exit - MemInfo: Wall-clock time since execution start:               0.048702 seconds
20220313 000741.679 INFO             PET0 PIOc_freedecomp Enter - MemInfo: [/proc/meminfo - SSI]	MemTotal:       65855856 kB
20220313 000741.679 INFO             PET0 PIOc_freedecomp Enter - MemInfo: [/proc/meminfo - SSI]	MemFree:        61238468 kB
20220313 000741.679 INFO             PET0 PIOc_freedecomp Enter - MemInfo: [/proc/meminfo - SSI]	MemAvailable:   61020116 kB
20220313 000741.679 INFO             PET0 PIOc_freedecomp Enter - MemInfo: [/proc/meminfo - SSI]	Committed_AS:    2852664 kB
20220313 000741.679 INFO             PET0 PIOc_freedecomp Enter - MemInfo: [/proc/meminfo - SSI]	CommittedPercent: 4.33168 %
20220313 000741.679 INFO             PET0 PIOc_freedecomp Enter - MemInfo: [/proc/self/status]	VmPeak:	  213912 kB
20220313 000741.679 INFO             PET0 PIOc_freedecomp Enter - MemInfo: [/proc/self/status]	VmSize:	  213912 kB
20220313 000741.679 INFO             PET0 PIOc_freedecomp Enter - MemInfo: [/proc/self/status]	VmLck:	       0 kB
20220313 000741.679 INFO             PET0 PIOc_freedecomp Enter - MemInfo: [/proc/self/status]	VmPin:	       0 kB
20220313 000741.679 INFO             PET0 PIOc_freedecomp Enter - MemInfo: [/proc/self/status]	VmHWM:	   30608 kB
20220313 000741.679 INFO             PET0 PIOc_freedecomp Enter - MemInfo: [/proc/self/status]	VmRSS:	   26428 kB
20220313 000741.679 INFO             PET0 PIOc_freedecomp Enter - MemInfo: [/proc/self/status]	VmData:	   37620 kB
20220313 000741.679 INFO             PET0 PIOc_freedecomp Enter - MemInfo: [/proc/self/status]	VmStk:	     508 kB
20220313 000741.679 INFO             PET0 PIOc_freedecomp Enter - MemInfo: [/proc/self/status]	VmExe:	     996 kB
20220313 000741.679 INFO             PET0 PIOc_freedecomp Enter - MemInfo: [/proc/self/status]	VmLib:	   93984 kB
20220313 000741.679 INFO             PET0 PIOc_freedecomp Enter - MemInfo: [/proc/self/status]	VmPTE:	     348 kB
20220313 000741.679 INFO             PET0 PIOc_freedecomp Enter - MemInfo: [/proc/self/status]	VmPMD:	      12 kB
20220313 000741.679 INFO             PET0 PIOc_freedecomp Enter - MemInfo: [/proc/self/status]	VmSwap:	       0 kB
20220313 000741.679 INFO             PET0 PIOc_freedecomp Enter - MemInfo: [/proc/self/status]	VmRSSPercent: 0.0401301 %
20220313 000741.679 INFO             PET0 PIOc_freedecomp Enter - MemInfo: [malloc] Non-mmapped space allocated:                10235904 Byte
20220313 000741.679 INFO             PET0 PIOc_freedecomp Enter - MemInfo: [malloc] Space allocated in mmapped regions:          7122944 Byte
20220313 000741.679 INFO             PET0 PIOc_freedecomp Enter - MemInfo: [malloc] Maximum total allocated space:                     0 Byte
20220313 000741.679 INFO             PET0 PIOc_freedecomp Enter - MemInfo: [malloc] Space in freed fastbin blocks:                   144 Byte
20220313 000741.679 INFO             PET0 PIOc_freedecomp Enter - MemInfo: [malloc] Total allocated space:                       1182080 Byte
20220313 000741.679 INFO             PET0 PIOc_freedecomp Enter - MemInfo: [malloc] Total free space:                            9053824 Byte
20220313 000741.679 INFO             PET0 PIOc_freedecomp Enter - MemInfo: [malloc] Top-most, releasable space:                   129024 Byte
20220313 000741.679 INFO             PET0 PIOc_freedecomp Enter - MemInfo: [malloc] Total space in use, mmap + non-mmap:         8305024 Byte
20220313 000741.679 INFO             PET0 PIOc_freedecomp Enter - MemInfo: [malloc] Total space held (mmap + non-mmap):         17358848 Byte
20220313 000741.679 INFO             PET0 PIOc_freedecomp Enter - MemInfo: [malloc] Total space used (mmap + non-mmap):          8313232 Byte
20220313 000741.679 INFO             PET0 PIOc_freedecomp Enter - MemInfo: Wall-clock time since execution start:              0.0491772 seconds
20220313 000741.679 INFO             PET0 PIOc_freedecomp Exit - MemInfo: [/proc/meminfo - SSI]	MemTotal:       65855856 kB
20220313 000741.679 INFO             PET0 PIOc_freedecomp Exit - MemInfo: [/proc/meminfo - SSI]	MemFree:        61238468 kB
20220313 000741.679 INFO             PET0 PIOc_freedecomp Exit - MemInfo: [/proc/meminfo - SSI]	MemAvailable:   61020116 kB
20220313 000741.679 INFO             PET0 PIOc_freedecomp Exit - MemInfo: [/proc/meminfo - SSI]	Committed_AS:    2852664 kB
20220313 000741.680 INFO             PET0 PIOc_freedecomp Exit - MemInfo: [/proc/meminfo - SSI]	CommittedPercent: 4.33168 %
20220313 000741.680 INFO             PET0 PIOc_freedecomp Exit - MemInfo: [/proc/self/status]	VmPeak:	  213912 kB
20220313 000741.680 INFO             PET0 PIOc_freedecomp Exit - MemInfo: [/proc/self/status]	VmSize:	  213912 kB
20220313 000741.680 INFO             PET0 PIOc_freedecomp Exit - MemInfo: [/proc/self/status]	VmLck:	       0 kB
20220313 000741.680 INFO             PET0 PIOc_freedecomp Exit - MemInfo: [/proc/self/status]	VmPin:	       0 kB
20220313 000741.680 INFO             PET0 PIOc_freedecomp Exit - MemInfo: [/proc/self/status]	VmHWM:	   30608 kB
20220313 000741.680 INFO             PET0 PIOc_freedecomp Exit - MemInfo: [/proc/self/status]	VmRSS:	   26428 kB
20220313 000741.680 INFO             PET0 PIOc_freedecomp Exit - MemInfo: [/proc/self/status]	VmData:	   37620 kB
20220313 000741.680 INFO             PET0 PIOc_freedecomp Exit - MemInfo: [/proc/self/status]	VmStk:	     508 kB
20220313 000741.680 INFO             PET0 PIOc_freedecomp Exit - MemInfo: [/proc/self/status]	VmExe:	     996 kB
20220313 000741.680 INFO             PET0 PIOc_freedecomp Exit - MemInfo: [/proc/self/status]	VmLib:	   93984 kB
20220313 000741.680 INFO             PET0 PIOc_freedecomp Exit - MemInfo: [/proc/self/status]	VmPTE:	     348 kB
20220313 000741.680 INFO             PET0 PIOc_freedecomp Exit - MemInfo: [/proc/self/status]	VmPMD:	      12 kB
20220313 000741.680 INFO             PET0 PIOc_freedecomp Exit - MemInfo: [/proc/self/status]	VmSwap:	       0 kB
20220313 000741.680 INFO             PET0 PIOc_freedecomp Exit - MemInfo: [/proc/self/status]	VmRSSPercent: 0.0401301 %
20220313 000741.680 INFO             PET0 PIOc_freedecomp Exit - MemInfo: [malloc] Non-mmapped space allocated:                10235904 Byte
20220313 000741.680 INFO             PET0 PIOc_freedecomp Exit - MemInfo: [malloc] Space allocated in mmapped regions:          7122944 Byte
20220313 000741.680 INFO             PET0 PIOc_freedecomp Exit - MemInfo: [malloc] Maximum total allocated space:                     0 Byte
20220313 000741.680 INFO             PET0 PIOc_freedecomp Exit - MemInfo: [malloc] Space in freed fastbin blocks:                   768 Byte
20220313 000741.680 INFO             PET0 PIOc_freedecomp Exit - MemInfo: [malloc] Total allocated space:                       1180256 Byte
20220313 000741.680 INFO             PET0 PIOc_freedecomp Exit - MemInfo: [malloc] Total free space:                            9055648 Byte
20220313 000741.680 INFO             PET0 PIOc_freedecomp Exit - MemInfo: [malloc] Top-most, releasable space:                   129024 Byte
20220313 000741.680 INFO             PET0 PIOc_freedecomp Exit - MemInfo: [malloc] Total space in use, mmap + non-mmap:         8303200 Byte
20220313 000741.680 INFO             PET0 PIOc_freedecomp Exit - MemInfo: [malloc] Total space held (mmap + non-mmap):         17358848 Byte
20220313 000741.680 INFO             PET0 PIOc_freedecomp Exit - MemInfo: [malloc] Total space used (mmap + non-mmap):          8311408 Byte
20220313 000741.680 INFO             PET0 PIOc_freedecomp Exit - MemInfo: Wall-clock time since execution start:              0.0495021 seconds
20220313 000741.681 INFO             PET0 PIOc_sync Enter - MemInfo: [/proc/meminfo - SSI]	MemTotal:       65855856 kB
20220313 000741.681 INFO             PET0 PIOc_sync Enter - MemInfo: [/proc/meminfo - SSI]	MemFree:        61237964 kB
20220313 000741.681 INFO             PET0 PIOc_sync Enter - MemInfo: [/proc/meminfo - SSI]	MemAvailable:   61019612 kB
20220313 000741.681 INFO             PET0 PIOc_sync Enter - MemInfo: [/proc/meminfo - SSI]	Committed_AS:    2852664 kB
20220313 000741.681 INFO             PET0 PIOc_sync Enter - MemInfo: [/proc/meminfo - SSI]	CommittedPercent: 4.33168 %
20220313 000741.681 INFO             PET0 PIOc_sync Enter - MemInfo: [/proc/self/status]	VmPeak:	  213912 kB
20220313 000741.681 INFO             PET0 PIOc_sync Enter - MemInfo: [/proc/self/status]	VmSize:	  213912 kB
20220313 000741.681 INFO             PET0 PIOc_sync Enter - MemInfo: [/proc/self/status]	VmLck:	       0 kB
20220313 000741.681 INFO             PET0 PIOc_sync Enter - MemInfo: [/proc/self/status]	VmPin:	       0 kB
20220313 000741.681 INFO             PET0 PIOc_sync Enter - MemInfo: [/proc/self/status]	VmHWM:	   30608 kB
20220313 000741.681 INFO             PET0 PIOc_sync Enter - MemInfo: [/proc/self/status]	VmRSS:	   26956 kB
20220313 000741.681 INFO             PET0 PIOc_sync Enter - MemInfo: [/proc/self/status]	VmData:	   37620 kB
20220313 000741.681 INFO             PET0 PIOc_sync Enter - MemInfo: [/proc/self/status]	VmStk:	     508 kB
20220313 000741.681 INFO             PET0 PIOc_sync Enter - MemInfo: [/proc/self/status]	VmExe:	     996 kB
20220313 000741.681 INFO             PET0 PIOc_sync Enter - MemInfo: [/proc/self/status]	VmLib:	   93984 kB
20220313 000741.681 INFO             PET0 PIOc_sync Enter - MemInfo: [/proc/self/status]	VmPTE:	     348 kB
20220313 000741.681 INFO             PET0 PIOc_sync Enter - MemInfo: [/proc/self/status]	VmPMD:	      12 kB
20220313 000741.681 INFO             PET0 PIOc_sync Enter - MemInfo: [/proc/self/status]	VmSwap:	       0 kB
20220313 000741.681 INFO             PET0 PIOc_sync Enter - MemInfo: [/proc/self/status]	VmRSSPercent: 0.0409318 %
20220313 000741.681 INFO             PET0 PIOc_sync Enter - MemInfo: [malloc] Non-mmapped space allocated:                10235904 Byte
20220313 000741.681 INFO             PET0 PIOc_sync Enter - MemInfo: [malloc] Space allocated in mmapped regions:          7122944 Byte
20220313 000741.682 INFO             PET0 PIOc_sync Enter - MemInfo: [malloc] Maximum total allocated space:                     0 Byte
20220313 000741.682 INFO             PET0 PIOc_sync Enter - MemInfo: [malloc] Space in freed fastbin blocks:                   304 Byte
20220313 000741.682 INFO             PET0 PIOc_sync Enter - MemInfo: [malloc] Total allocated space:                      10108800 Byte
20220313 000741.682 INFO             PET0 PIOc_sync Enter - MemInfo: [malloc] Total free space:                             127104 Byte
20220313 000741.682 INFO             PET0 PIOc_sync Enter - MemInfo: [malloc] Top-most, releasable space:                   123776 Byte
20220313 000741.682 INFO             PET0 PIOc_sync Enter - MemInfo: [malloc] Total space in use, mmap + non-mmap:        17231744 Byte
20220313 000741.682 INFO             PET0 PIOc_sync Enter - MemInfo: [malloc] Total space held (mmap + non-mmap):         17358848 Byte
20220313 000741.682 INFO             PET0 PIOc_sync Enter - MemInfo: [malloc] Total space used (mmap + non-mmap):         17239952 Byte
20220313 000741.682 INFO             PET0 PIOc_sync Enter - MemInfo: Wall-clock time since execution start:              0.0513251 seconds
20220313 000741.682 INFO             PET0 PIOc_sync Exit - MemInfo: [/proc/meminfo - SSI]	MemTotal:       65855856 kB
20220313 000741.682 INFO             PET0 PIOc_sync Exit - MemInfo: [/proc/meminfo - SSI]	MemFree:        61237964 kB
20220313 000741.682 INFO             PET0 PIOc_sync Exit - MemInfo: [/proc/meminfo - SSI]	MemAvailable:   61019612 kB
20220313 000741.682 INFO             PET0 PIOc_sync Exit - MemInfo: [/proc/meminfo - SSI]	Committed_AS:    2852664 kB
20220313 000741.682 INFO             PET0 PIOc_sync Exit - MemInfo: [/proc/meminfo - SSI]	CommittedPercent: 4.33168 %
20220313 000741.682 INFO             PET0 PIOc_sync Exit - MemInfo: [/proc/self/status]	VmPeak:	  213912 kB
20220313 000741.682 INFO             PET0 PIOc_sync Exit - MemInfo: [/proc/self/status]	VmSize:	  213912 kB
20220313 000741.682 INFO             PET0 PIOc_sync Exit - MemInfo: [/proc/self/status]	VmLck:	       0 kB
20220313 000741.682 INFO             PET0 PIOc_sync Exit - MemInfo: [/proc/self/status]	VmPin:	       0 kB
20220313 000741.682 INFO             PET0 PIOc_sync Exit - MemInfo: [/proc/self/status]	VmHWM:	   30608 kB
20220313 000741.682 INFO             PET0 PIOc_sync Exit - MemInfo: [/proc/self/status]	VmRSS:	   26956 kB
20220313 000741.682 INFO             PET0 PIOc_sync Exit - MemInfo: [/proc/self/status]	VmData:	   37620 kB
20220313 000741.682 INFO             PET0 PIOc_sync Exit - MemInfo: [/proc/self/status]	VmStk:	     508 kB
20220313 000741.682 INFO             PET0 PIOc_sync Exit - MemInfo: [/proc/self/status]	VmExe:	     996 kB
20220313 000741.682 INFO             PET0 PIOc_sync Exit - MemInfo: [/proc/self/status]	VmLib:	   93984 kB
20220313 000741.682 INFO             PET0 PIOc_sync Exit - MemInfo: [/proc/self/status]	VmPTE:	     348 kB
20220313 000741.682 INFO             PET0 PIOc_sync Exit - MemInfo: [/proc/self/status]	VmPMD:	      12 kB
20220313 000741.682 INFO             PET0 PIOc_sync Exit - MemInfo: [/proc/self/status]	VmSwap:	       0 kB
20220313 000741.682 INFO             PET0 PIOc_sync Exit - MemInfo: [/proc/self/status]	VmRSSPercent: 0.0409318 %
20220313 000741.682 INFO             PET0 PIOc_sync Exit - MemInfo: [malloc] Non-mmapped space allocated:                10235904 Byte
20220313 000741.682 INFO             PET0 PIOc_sync Exit - MemInfo: [malloc] Space allocated in mmapped regions:          7122944 Byte
20220313 000741.682 INFO             PET0 PIOc_sync Exit - MemInfo: [malloc] Maximum total allocated space:                     0 Byte
20220313 000741.682 INFO             PET0 PIOc_sync Exit - MemInfo: [malloc] Space in freed fastbin blocks:                     0 Byte
20220313 000741.682 INFO             PET0 PIOc_sync Exit - MemInfo: [malloc] Total allocated space:                      10109232 Byte
20220313 000741.682 INFO             PET0 PIOc_sync Exit - MemInfo: [malloc] Total free space:                             126672 Byte
20220313 000741.682 INFO             PET0 PIOc_sync Exit - MemInfo: [malloc] Top-most, releasable space:                   123552 Byte
20220313 000741.682 INFO             PET0 PIOc_sync Exit - MemInfo: [malloc] Total space in use, mmap + non-mmap:        17232176 Byte
20220313 000741.682 INFO             PET0 PIOc_sync Exit - MemInfo: [malloc] Total space held (mmap + non-mmap):         17358848 Byte
20220313 000741.682 INFO             PET0 PIOc_sync Exit - MemInfo: [malloc] Total space used (mmap + non-mmap):         17240496 Byte
20220313 000741.682 INFO             PET0 PIOc_sync Exit - MemInfo: Wall-clock time since execution start:               0.051693 seconds
20220313 000741.682 INFO             PET0 PIOc_freedecomp Enter - MemInfo: [/proc/meminfo - SSI]	MemTotal:       65855856 kB
20220313 000741.682 INFO             PET0 PIOc_freedecomp Enter - MemInfo: [/proc/meminfo - SSI]	MemFree:        61237964 kB
20220313 000741.682 INFO             PET0 PIOc_freedecomp Enter - MemInfo: [/proc/meminfo - SSI]	MemAvailable:   61019612 kB
20220313 000741.682 INFO             PET0 PIOc_freedecomp Enter - MemInfo: [/proc/meminfo - SSI]	Committed_AS:    2852664 kB
20220313 000741.682 INFO             PET0 PIOc_freedecomp Enter - MemInfo: [/proc/meminfo - SSI]	CommittedPercent: 4.33168 %
20220313 000741.682 INFO             PET0 PIOc_freedecomp Enter - MemInfo: [/proc/self/status]	VmPeak:	  213912 kB
20220313 000741.682 INFO             PET0 PIOc_freedecomp Enter - MemInfo: [/proc/self/status]	VmSize:	  213912 kB
20220313 000741.682 INFO             PET0 PIOc_freedecomp Enter - MemInfo: [/proc/self/status]	VmLck:	       0 kB
20220313 000741.682 INFO             PET0 PIOc_freedecomp Enter - MemInfo: [/proc/self/status]	VmPin:	       0 kB
20220313 000741.682 INFO             PET0 PIOc_freedecomp Enter - MemInfo: [/proc/self/status]	VmHWM:	   30608 kB
20220313 000741.682 INFO             PET0 PIOc_freedecomp Enter - MemInfo: [/proc/self/status]	VmRSS:	   26956 kB
20220313 000741.682 INFO             PET0 PIOc_freedecomp Enter - MemInfo: [/proc/self/status]	VmData:	   37620 kB
20220313 000741.682 INFO             PET0 PIOc_freedecomp Enter - MemInfo: [/proc/self/status]	VmStk:	     508 kB
20220313 000741.682 INFO             PET0 PIOc_freedecomp Enter - MemInfo: [/proc/self/status]	VmExe:	     996 kB
20220313 000741.682 INFO             PET0 PIOc_freedecomp Enter - MemInfo: [/proc/self/status]	VmLib:	   93984 kB
20220313 000741.682 INFO             PET0 PIOc_freedecomp Enter - MemInfo: [/proc/self/status]	VmPTE:	     348 kB
20220313 000741.682 INFO             PET0 PIOc_freedecomp Enter - MemInfo: [/proc/self/status]	VmPMD:	      12 kB
20220313 000741.682 INFO             PET0 PIOc_freedecomp Enter - MemInfo: [/proc/self/status]	VmSwap:	       0 kB
20220313 000741.682 INFO             PET0 PIOc_freedecomp Enter - MemInfo: [/proc/self/status]	VmRSSPercent: 0.0409318 %
20220313 000741.682 INFO             PET0 PIOc_freedecomp Enter - MemInfo: [malloc] Non-mmapped space allocated:                10235904 Byte
20220313 000741.682 INFO             PET0 PIOc_freedecomp Enter - MemInfo: [malloc] Space allocated in mmapped regions:          7122944 Byte
20220313 000741.682 INFO             PET0 PIOc_freedecomp Enter - MemInfo: [malloc] Maximum total allocated space:                     0 Byte
20220313 000741.682 INFO             PET0 PIOc_freedecomp Enter - MemInfo: [malloc] Space in freed fastbin blocks:                    64 Byte
20220313 000741.682 INFO             PET0 PIOc_freedecomp Enter - MemInfo: [malloc] Total allocated space:                       1184416 Byte
20220313 000741.682 INFO             PET0 PIOc_freedecomp Enter - MemInfo: [malloc] Total free space:                            9051488 Byte
20220313 000741.682 INFO             PET0 PIOc_freedecomp Enter - MemInfo: [malloc] Top-most, releasable space:                   123328 Byte
20220313 000741.682 INFO             PET0 PIOc_freedecomp Enter - MemInfo: [malloc] Total space in use, mmap + non-mmap:         8307360 Byte
20220313 000741.682 INFO             PET0 PIOc_freedecomp Enter - MemInfo: [malloc] Total space held (mmap + non-mmap):         17358848 Byte
20220313 000741.682 INFO             PET0 PIOc_freedecomp Enter - MemInfo: [malloc] Total space used (mmap + non-mmap):          8315568 Byte
20220313 000741.682 INFO             PET0 PIOc_freedecomp Enter - MemInfo: Wall-clock time since execution start:                0.05217 seconds
20220313 000741.682 INFO             PET0 PIOc_freedecomp Exit - MemInfo: [/proc/meminfo - SSI]	MemTotal:       65855856 kB
20220313 000741.682 INFO             PET0 PIOc_freedecomp Exit - MemInfo: [/proc/meminfo - SSI]	MemFree:        61237964 kB
20220313 000741.682 INFO             PET0 PIOc_freedecomp Exit - MemInfo: [/proc/meminfo - SSI]	MemAvailable:   61019612 kB
20220313 000741.682 INFO             PET0 PIOc_freedecomp Exit - MemInfo: [/proc/meminfo - SSI]	Committed_AS:    2852664 kB
20220313 000741.683 INFO             PET0 PIOc_freedecomp Exit - MemInfo: [/proc/meminfo - SSI]	CommittedPercent: 4.33168 %
20220313 000741.683 INFO             PET0 PIOc_freedecomp Exit - MemInfo: [/proc/self/status]	VmPeak:	  213912 kB
20220313 000741.683 INFO             PET0 PIOc_freedecomp Exit - MemInfo: [/proc/self/status]	VmSize:	  213912 kB
20220313 000741.683 INFO             PET0 PIOc_freedecomp Exit - MemInfo: [/proc/self/status]	VmLck:	       0 kB
20220313 000741.683 INFO             PET0 PIOc_freedecomp Exit - MemInfo: [/proc/self/status]	VmPin:	       0 kB
20220313 000741.683 INFO             PET0 PIOc_freedecomp Exit - MemInfo: [/proc/self/status]	VmHWM:	   30608 kB
20220313 000741.683 INFO             PET0 PIOc_freedecomp Exit - MemInfo: [/proc/self/status]	VmRSS:	   26956 kB
20220313 000741.683 INFO             PET0 PIOc_freedecomp Exit - MemInfo: [/proc/self/status]	VmData:	   37620 kB
20220313 000741.683 INFO             PET0 PIOc_freedecomp Exit - MemInfo: [/proc/self/status]	VmStk:	     508 kB
20220313 000741.683 INFO             PET0 PIOc_freedecomp Exit - MemInfo: [/proc/self/status]	VmExe:	     996 kB
20220313 000741.683 INFO             PET0 PIOc_freedecomp Exit - MemInfo: [/proc/self/status]	VmLib:	   93984 kB
20220313 000741.683 INFO             PET0 PIOc_freedecomp Exit - MemInfo: [/proc/self/status]	VmPTE:	     348 kB
20220313 000741.683 INFO             PET0 PIOc_freedecomp Exit - MemInfo: [/proc/self/status]	VmPMD:	      12 kB
20220313 000741.683 INFO             PET0 PIOc_freedecomp Exit - MemInfo: [/proc/self/status]	VmSwap:	       0 kB
20220313 000741.683 INFO             PET0 PIOc_freedecomp Exit - MemInfo: [/proc/self/status]	VmRSSPercent: 0.0409318 %
20220313 000741.683 INFO             PET0 PIOc_freedecomp Exit - MemInfo: [malloc] Non-mmapped space allocated:                10235904 Byte
20220313 000741.683 INFO             PET0 PIOc_freedecomp Exit - MemInfo: [malloc] Space allocated in mmapped regions:          7122944 Byte
20220313 000741.683 INFO             PET0 PIOc_freedecomp Exit - MemInfo: [malloc] Maximum total allocated space:                     0 Byte
20220313 000741.683 INFO             PET0 PIOc_freedecomp Exit - MemInfo: [malloc] Space in freed fastbin blocks:                   192 Byte
20220313 000741.683 INFO             PET0 PIOc_freedecomp Exit - MemInfo: [malloc] Total allocated space:                       1182608 Byte
20220313 000741.683 INFO             PET0 PIOc_freedecomp Exit - MemInfo: [malloc] Total free space:                            9053296 Byte
20220313 000741.683 INFO             PET0 PIOc_freedecomp Exit - MemInfo: [malloc] Top-most, releasable space:                   129024 Byte
20220313 000741.683 INFO             PET0 PIOc_freedecomp Exit - MemInfo: [malloc] Total space in use, mmap + non-mmap:         8305552 Byte
20220313 000741.683 INFO             PET0 PIOc_freedecomp Exit - MemInfo: [malloc] Total space held (mmap + non-mmap):         17358848 Byte
20220313 000741.683 INFO             PET0 PIOc_freedecomp Exit - MemInfo: [malloc] Total space used (mmap + non-mmap):          8313760 Byte
20220313 000741.683 INFO             PET0 PIOc_freedecomp Exit - MemInfo: Wall-clock time since execution start:              0.0525031 seconds
20220313 000741.683 INFO             PET0 PASS Create an ESMC_RouteHandle via ESMC_FieldRegridStore(), ESMC_FieldRegridUTest.C, line 367
20220313 000741.683 INFO             PET0 PASS Execute ESMC_FieldRegrid(), ESMC_FieldRegridUTest.C, line 375
20220313 000741.698 INFO             PET0 PIOc_sync Enter - MemInfo: [/proc/meminfo - SSI]	MemTotal:       65855856 kB
20220313 000741.698 INFO             PET0 PIOc_sync Enter - MemInfo: [/proc/meminfo - SSI]	MemFree:        61233428 kB
20220313 000741.698 INFO             PET0 PIOc_sync Enter - MemInfo: [/proc/meminfo - SSI]	MemAvailable:   61015076 kB
20220313 000741.698 INFO             PET0 PIOc_sync Enter - MemInfo: [/proc/meminfo - SSI]	Committed_AS:    2852664 kB
20220313 000741.698 INFO             PET0 PIOc_sync Enter - MemInfo: [/proc/meminfo - SSI]	CommittedPercent: 4.33168 %
20220313 000741.698 INFO             PET0 PIOc_sync Enter - MemInfo: [/proc/self/status]	VmPeak:	  213912 kB
20220313 000741.698 INFO             PET0 PIOc_sync Enter - MemInfo: [/proc/self/status]	VmSize:	  213912 kB
20220313 000741.698 INFO             PET0 PIOc_sync Enter - MemInfo: [/proc/self/status]	VmLck:	       0 kB
20220313 000741.698 INFO             PET0 PIOc_sync Enter - MemInfo: [/proc/self/status]	VmPin:	       0 kB
20220313 000741.698 INFO             PET0 PIOc_sync Enter - MemInfo: [/proc/self/status]	VmHWM:	   31180 kB
20220313 000741.698 INFO             PET0 PIOc_sync Enter - MemInfo: [/proc/self/status]	VmRSS:	   31180 kB
20220313 000741.698 INFO             PET0 PIOc_sync Enter - MemInfo: [/proc/self/status]	VmData:	   37620 kB
20220313 000741.698 INFO             PET0 PIOc_sync Enter - MemInfo: [/proc/self/status]	VmStk:	     508 kB
20220313 000741.698 INFO             PET0 PIOc_sync Enter - MemInfo: [/proc/self/status]	VmExe:	     996 kB
20220313 000741.698 INFO             PET0 PIOc_sync Enter - MemInfo: [/proc/self/status]	VmLib:	   93984 kB
20220313 000741.698 INFO             PET0 PIOc_sync Enter - MemInfo: [/proc/self/status]	VmPTE:	     352 kB
20220313 000741.698 INFO             PET0 PIOc_sync Enter - MemInfo: [/proc/self/status]	VmPMD:	      12 kB
20220313 000741.698 INFO             PET0 PIOc_sync Enter - MemInfo: [/proc/self/status]	VmSwap:	       0 kB
20220313 000741.698 INFO             PET0 PIOc_sync Enter - MemInfo: [/proc/self/status]	VmRSSPercent: 0.0473458 %
20220313 000741.698 INFO             PET0 PIOc_sync Enter - MemInfo: [malloc] Non-mmapped space allocated:                10235904 Byte
20220313 000741.698 INFO             PET0 PIOc_sync Enter - MemInfo: [malloc] Space allocated in mmapped regions:          7122944 Byte
20220313 000741.698 INFO             PET0 PIOc_sync Enter - MemInfo: [malloc] Maximum total allocated space:                     0 Byte
20220313 000741.698 INFO             PET0 PIOc_sync Enter - MemInfo: [malloc] Space in freed fastbin blocks:                    48 Byte
20220313 000741.698 INFO             PET0 PIOc_sync Enter - MemInfo: [malloc] Total allocated space:                      10118128 Byte
20220313 000741.698 INFO             PET0 PIOc_sync Enter - MemInfo: [malloc] Total free space:                             117776 Byte
20220313 000741.698 INFO             PET0 PIOc_sync Enter - MemInfo: [malloc] Top-most, releasable space:                   117728 Byte
20220313 000741.698 INFO             PET0 PIOc_sync Enter - MemInfo: [malloc] Total space in use, mmap + non-mmap:        17241072 Byte
20220313 000741.698 INFO             PET0 PIOc_sync Enter - MemInfo: [malloc] Total space held (mmap + non-mmap):         17358848 Byte
20220313 000741.698 INFO             PET0 PIOc_sync Enter - MemInfo: [malloc] Total space used (mmap + non-mmap):         17249392 Byte
20220313 000741.698 INFO             PET0 PIOc_sync Enter - MemInfo: Wall-clock time since execution start:              0.0680361 seconds
20220313 000741.698 INFO             PET0 PIOc_sync Exit - MemInfo: [/proc/meminfo - SSI]	MemTotal:       65855856 kB
20220313 000741.698 INFO             PET0 PIOc_sync Exit - MemInfo: [/proc/meminfo - SSI]	MemFree:        61233428 kB
20220313 000741.698 INFO             PET0 PIOc_sync Exit - MemInfo: [/proc/meminfo - SSI]	MemAvailable:   61015076 kB
20220313 000741.698 INFO             PET0 PIOc_sync Exit - MemInfo: [/proc/meminfo - SSI]	Committed_AS:    2852664 kB
20220313 000741.698 INFO             PET0 PIOc_sync Exit - MemInfo: [/proc/meminfo - SSI]	CommittedPercent: 4.33168 %
20220313 000741.698 INFO             PET0 PIOc_sync Exit - MemInfo: [/proc/self/status]	VmPeak:	  213912 kB
20220313 000741.698 INFO             PET0 PIOc_sync Exit - MemInfo: [/proc/self/status]	VmSize:	  213912 kB
20220313 000741.698 INFO             PET0 PIOc_sync Exit - MemInfo: [/proc/self/status]	VmLck:	       0 kB
20220313 000741.698 INFO             PET0 PIOc_sync Exit - MemInfo: [/proc/self/status]	VmPin:	       0 kB
20220313 000741.698 INFO             PET0 PIOc_sync Exit - MemInfo: [/proc/self/status]	VmHWM:	   31180 kB
20220313 000741.698 INFO             PET0 PIOc_sync Exit - MemInfo: [/proc/self/status]	VmRSS:	   31180 kB
20220313 000741.698 INFO             PET0 PIOc_sync Exit - MemInfo: [/proc/self/status]	VmData:	   37620 kB
20220313 000741.698 INFO             PET0 PIOc_sync Exit - MemInfo: [/proc/self/status]	VmStk:	     508 kB
20220313 000741.698 INFO             PET0 PIOc_sync Exit - MemInfo: [/proc/self/status]	VmExe:	     996 kB
20220313 000741.698 INFO             PET0 PIOc_sync Exit - MemInfo: [/proc/self/status]	VmLib:	   93984 kB
20220313 000741.698 INFO             PET0 PIOc_sync Exit - MemInfo: [/proc/self/status]	VmPTE:	     352 kB
20220313 000741.699 INFO             PET0 PIOc_sync Exit - MemInfo: [/proc/self/status]	VmPMD:	      12 kB
20220313 000741.699 INFO             PET0 PIOc_sync Exit - MemInfo: [/proc/self/status]	VmSwap:	       0 kB
20220313 000741.699 INFO             PET0 PIOc_sync Exit - MemInfo: [/proc/self/status]	VmRSSPercent: 0.0473458 %
20220313 000741.699 INFO             PET0 PIOc_sync Exit - MemInfo: [malloc] Non-mmapped space allocated:                10235904 Byte
20220313 000741.699 INFO             PET0 PIOc_sync Exit - MemInfo: [malloc] Space allocated in mmapped regions:          7122944 Byte
20220313 000741.699 INFO             PET0 PIOc_sync Exit - MemInfo: [malloc] Maximum total allocated space:                     0 Byte
20220313 000741.699 INFO             PET0 PIOc_sync Exit - MemInfo: [malloc] Space in freed fastbin blocks:                     0 Byte
20220313 000741.699 INFO             PET0 PIOc_sync Exit - MemInfo: [malloc] Total allocated space:                      10118672 Byte
20220313 000741.699 INFO             PET0 PIOc_sync Exit - MemInfo: [malloc] Total free space:                             117232 Byte
20220313 000741.699 INFO             PET0 PIOc_sync Exit - MemInfo: [malloc] Top-most, releasable space:                   117232 Byte
20220313 000741.699 INFO             PET0 PIOc_sync Exit - MemInfo: [malloc] Total space in use, mmap + non-mmap:        17241616 Byte
20220313 000741.699 INFO             PET0 PIOc_sync Exit - MemInfo: [malloc] Total space held (mmap + non-mmap):         17358848 Byte
20220313 000741.699 INFO             PET0 PIOc_sync Exit - MemInfo: [malloc] Total space used (mmap + non-mmap):         17249936 Byte
20220313 000741.699 INFO             PET0 PIOc_sync Exit - MemInfo: Wall-clock time since execution start:               0.068399 seconds
20220313 000741.699 INFO             PET0 PIOc_freedecomp Enter - MemInfo: [/proc/meminfo - SSI]	MemTotal:       65855856 kB
20220313 000741.699 INFO             PET0 PIOc_freedecomp Enter - MemInfo: [/proc/meminfo - SSI]	MemFree:        61233428 kB
20220313 000741.699 INFO             PET0 PIOc_freedecomp Enter - MemInfo: [/proc/meminfo - SSI]	MemAvailable:   61015076 kB
20220313 000741.699 INFO             PET0 PIOc_freedecomp Enter - MemInfo: [/proc/meminfo - SSI]	Committed_AS:    2852664 kB
20220313 000741.699 INFO             PET0 PIOc_freedecomp Enter - MemInfo: [/proc/meminfo - SSI]	CommittedPercent: 4.33168 %
20220313 000741.699 INFO             PET0 PIOc_freedecomp Enter - MemInfo: [/proc/self/status]	VmPeak:	  213912 kB
20220313 000741.699 INFO             PET0 PIOc_freedecomp Enter - MemInfo: [/proc/self/status]	VmSize:	  213912 kB
20220313 000741.699 INFO             PET0 PIOc_freedecomp Enter - MemInfo: [/proc/self/status]	VmLck:	       0 kB
20220313 000741.699 INFO             PET0 PIOc_freedecomp Enter - MemInfo: [/proc/self/status]	VmPin:	       0 kB
20220313 000741.699 INFO             PET0 PIOc_freedecomp Enter - MemInfo: [/proc/self/status]	VmHWM:	   31180 kB
20220313 000741.699 INFO             PET0 PIOc_freedecomp Enter - MemInfo: [/proc/self/status]	VmRSS:	   31180 kB
20220313 000741.699 INFO             PET0 PIOc_freedecomp Enter - MemInfo: [/proc/self/status]	VmData:	   37620 kB
20220313 000741.699 INFO             PET0 PIOc_freedecomp Enter - MemInfo: [/proc/self/status]	VmStk:	     508 kB
20220313 000741.699 INFO             PET0 PIOc_freedecomp Enter - MemInfo: [/proc/self/status]	VmExe:	     996 kB
20220313 000741.699 INFO             PET0 PIOc_freedecomp Enter - MemInfo: [/proc/self/status]	VmLib:	   93984 kB
20220313 000741.699 INFO             PET0 PIOc_freedecomp Enter - MemInfo: [/proc/self/status]	VmPTE:	     352 kB
20220313 000741.699 INFO             PET0 PIOc_freedecomp Enter - MemInfo: [/proc/self/status]	VmPMD:	      12 kB
20220313 000741.699 INFO             PET0 PIOc_freedecomp Enter - MemInfo: [/proc/self/status]	VmSwap:	       0 kB
20220313 000741.699 INFO             PET0 PIOc_freedecomp Enter - MemInfo: [/proc/self/status]	VmRSSPercent: 0.0473458 %
20220313 000741.699 INFO             PET0 PIOc_freedecomp Enter - MemInfo: [malloc] Non-mmapped space allocated:                10235904 Byte
20220313 000741.699 INFO             PET0 PIOc_freedecomp Enter - MemInfo: [malloc] Space allocated in mmapped regions:          7122944 Byte
20220313 000741.699 INFO             PET0 PIOc_freedecomp Enter - MemInfo: [malloc] Maximum total allocated space:                     0 Byte
20220313 000741.699 INFO             PET0 PIOc_freedecomp Enter - MemInfo: [malloc] Space in freed fastbin blocks:                   112 Byte
20220313 000741.699 INFO             PET0 PIOc_freedecomp Enter - MemInfo: [malloc] Total allocated space:                       1194448 Byte
20220313 000741.699 INFO             PET0 PIOc_freedecomp Enter - MemInfo: [malloc] Total free space:                            9041456 Byte
20220313 000741.699 INFO             PET0 PIOc_freedecomp Enter - MemInfo: [malloc] Top-most, releasable space:                   116896 Byte
20220313 000741.699 INFO             PET0 PIOc_freedecomp Enter - MemInfo: [malloc] Total space in use, mmap + non-mmap:         8317392 Byte
20220313 000741.699 INFO             PET0 PIOc_freedecomp Enter - MemInfo: [malloc] Total space held (mmap + non-mmap):         17358848 Byte
20220313 000741.699 INFO             PET0 PIOc_freedecomp Enter - MemInfo: [malloc] Total space used (mmap + non-mmap):          8325600 Byte
20220313 000741.699 INFO             PET0 PIOc_freedecomp Enter - MemInfo: Wall-clock time since execution start:               0.068882 seconds
20220313 000741.699 INFO             PET0 PIOc_freedecomp Exit - MemInfo: [/proc/meminfo - SSI]	MemTotal:       65855856 kB
20220313 000741.699 INFO             PET0 PIOc_freedecomp Exit - MemInfo: [/proc/meminfo - SSI]	MemFree:        61233428 kB
20220313 000741.699 INFO             PET0 PIOc_freedecomp Exit - MemInfo: [/proc/meminfo - SSI]	MemAvailable:   61015076 kB
20220313 000741.699 INFO             PET0 PIOc_freedecomp Exit - MemInfo: [/proc/meminfo - SSI]	Committed_AS:    2852664 kB
20220313 000741.699 INFO             PET0 PIOc_freedecomp Exit - MemInfo: [/proc/meminfo - SSI]	CommittedPercent: 4.33168 %
20220313 000741.699 INFO             PET0 PIOc_freedecomp Exit - MemInfo: [/proc/self/status]	VmPeak:	  213912 kB
20220313 000741.699 INFO             PET0 PIOc_freedecomp Exit - MemInfo: [/proc/self/status]	VmSize:	  213912 kB
20220313 000741.699 INFO             PET0 PIOc_freedecomp Exit - MemInfo: [/proc/self/status]	VmLck:	       0 kB
20220313 000741.699 INFO             PET0 PIOc_freedecomp Exit - MemInfo: [/proc/self/status]	VmPin:	       0 kB
20220313 000741.699 INFO             PET0 PIOc_freedecomp Exit - MemInfo: [/proc/self/status]	VmHWM:	   31180 kB
20220313 000741.699 INFO             PET0 PIOc_freedecomp Exit - MemInfo: [/proc/self/status]	VmRSS:	   31180 kB
20220313 000741.699 INFO             PET0 PIOc_freedecomp Exit - MemInfo: [/proc/self/status]	VmData:	   37620 kB
20220313 000741.699 INFO             PET0 PIOc_freedecomp Exit - MemInfo: [/proc/self/status]	VmStk:	     508 kB
20220313 000741.699 INFO             PET0 PIOc_freedecomp Exit - MemInfo: [/proc/self/status]	VmExe:	     996 kB
20220313 000741.699 INFO             PET0 PIOc_freedecomp Exit - MemInfo: [/proc/self/status]	VmLib:	   93984 kB
20220313 000741.699 INFO             PET0 PIOc_freedecomp Exit - MemInfo: [/proc/self/status]	VmPTE:	     352 kB
20220313 000741.699 INFO             PET0 PIOc_freedecomp Exit - MemInfo: [/proc/self/status]	VmPMD:	      12 kB
20220313 000741.699 INFO             PET0 PIOc_freedecomp Exit - MemInfo: [/proc/self/status]	VmSwap:	       0 kB
20220313 000741.699 INFO             PET0 PIOc_freedecomp Exit - MemInfo: [/proc/self/status]	VmRSSPercent: 0.0473458 %
20220313 000741.699 INFO             PET0 PIOc_freedecomp Exit - MemInfo: [malloc] Non-mmapped space allocated:                10235904 Byte
20220313 000741.699 INFO             PET0 PIOc_freedecomp Exit - MemInfo: [malloc] Space allocated in mmapped regions:          7122944 Byte
20220313 000741.699 INFO             PET0 PIOc_freedecomp Exit - MemInfo: [malloc] Maximum total allocated space:                     0 Byte
20220313 000741.699 INFO             PET0 PIOc_freedecomp Exit - MemInfo: [malloc] Space in freed fastbin blocks:                   928 Byte
20220313 000741.699 INFO             PET0 PIOc_freedecomp Exit - MemInfo: [malloc] Total allocated space:                       1193520 Byte
20220313 000741.699 INFO             PET0 PIOc_freedecomp Exit - MemInfo: [malloc] Total free space:                            9042384 Byte
20220313 000741.699 INFO             PET0 PIOc_freedecomp Exit - MemInfo: [malloc] Top-most, releasable space:                   117120 Byte
20220313 000741.699 INFO             PET0 PIOc_freedecomp Exit - MemInfo: [malloc] Total space in use, mmap + non-mmap:         8316464 Byte
20220313 000741.699 INFO             PET0 PIOc_freedecomp Exit - MemInfo: [malloc] Total space held (mmap + non-mmap):         17358848 Byte
20220313 000741.699 INFO             PET0 PIOc_freedecomp Exit - MemInfo: [malloc] Total space used (mmap + non-mmap):          8324672 Byte
20220313 000741.699 INFO             PET0 PIOc_freedecomp Exit - MemInfo: Wall-clock time since execution start:              0.0692151 seconds
20220313 000741.703 INFO             PET0 PIOc_sync Enter - MemInfo: [/proc/meminfo - SSI]	MemTotal:       65855856 kB
20220313 000741.703 INFO             PET0 PIOc_sync Enter - MemInfo: [/proc/meminfo - SSI]	MemFree:        61229780 kB
20220313 000741.703 INFO             PET0 PIOc_sync Enter - MemInfo: [/proc/meminfo - SSI]	MemAvailable:   61011432 kB
20220313 000741.703 INFO             PET0 PIOc_sync Enter - MemInfo: [/proc/meminfo - SSI]	Committed_AS:    2860872 kB
20220313 000741.703 INFO             PET0 PIOc_sync Enter - MemInfo: [/proc/meminfo - SSI]	CommittedPercent: 4.34414 %
20220313 000741.703 INFO             PET0 PIOc_sync Enter - MemInfo: [/proc/self/status]	VmPeak:	  222120 kB
20220313 000741.703 INFO             PET0 PIOc_sync Enter - MemInfo: [/proc/self/status]	VmSize:	  222120 kB
20220313 000741.703 INFO             PET0 PIOc_sync Enter - MemInfo: [/proc/self/status]	VmLck:	       0 kB
20220313 000741.703 INFO             PET0 PIOc_sync Enter - MemInfo: [/proc/self/status]	VmPin:	       0 kB
20220313 000741.703 INFO             PET0 PIOc_sync Enter - MemInfo: [/proc/self/status]	VmHWM:	   35140 kB
20220313 000741.703 INFO             PET0 PIOc_sync Enter - MemInfo: [/proc/self/status]	VmRSS:	   35140 kB
20220313 000741.703 INFO             PET0 PIOc_sync Enter - MemInfo: [/proc/self/status]	VmData:	   45828 kB
20220313 000741.703 INFO             PET0 PIOc_sync Enter - MemInfo: [/proc/self/status]	VmStk:	     508 kB
20220313 000741.703 INFO             PET0 PIOc_sync Enter - MemInfo: [/proc/self/status]	VmExe:	     996 kB
20220313 000741.703 INFO             PET0 PIOc_sync Enter - MemInfo: [/proc/self/status]	VmLib:	   93984 kB
20220313 000741.703 INFO             PET0 PIOc_sync Enter - MemInfo: [/proc/self/status]	VmPTE:	     364 kB
20220313 000741.703 INFO             PET0 PIOc_sync Enter - MemInfo: [/proc/self/status]	VmPMD:	      12 kB
20220313 000741.703 INFO             PET0 PIOc_sync Enter - MemInfo: [/proc/self/status]	VmSwap:	       0 kB
20220313 000741.703 INFO             PET0 PIOc_sync Enter - MemInfo: [/proc/self/status]	VmRSSPercent: 0.053359 %
20220313 000741.703 INFO             PET0 PIOc_sync Enter - MemInfo: [malloc] Non-mmapped space allocated:                18640896 Byte
20220313 000741.703 INFO             PET0 PIOc_sync Enter - MemInfo: [malloc] Space allocated in mmapped regions:          7122944 Byte
20220313 000741.703 INFO             PET0 PIOc_sync Enter - MemInfo: [malloc] Maximum total allocated space:                     0 Byte
20220313 000741.703 INFO             PET0 PIOc_sync Enter - MemInfo: [malloc] Space in freed fastbin blocks:                   624 Byte
20220313 000741.703 INFO             PET0 PIOc_sync Enter - MemInfo: [malloc] Total allocated space:                      10120032 Byte
20220313 000741.703 INFO             PET0 PIOc_sync Enter - MemInfo: [malloc] Total free space:                            8520864 Byte
20220313 000741.703 INFO             PET0 PIOc_sync Enter - MemInfo: [malloc] Top-most, releasable space:                   133488 Byte
20220313 000741.703 INFO             PET0 PIOc_sync Enter - MemInfo: [malloc] Total space in use, mmap + non-mmap:        17242976 Byte
20220313 000741.703 INFO             PET0 PIOc_sync Enter - MemInfo: [malloc] Total space held (mmap + non-mmap):         25763840 Byte
20220313 000741.703 INFO             PET0 PIOc_sync Enter - MemInfo: [malloc] Total space used (mmap + non-mmap):         17251296 Byte
20220313 000741.703 INFO             PET0 PIOc_sync Enter - MemInfo: Wall-clock time since execution start:              0.0727432 seconds
20220313 000741.703 INFO             PET0 PIOc_sync Exit - MemInfo: [/proc/meminfo - SSI]	MemTotal:       65855856 kB
20220313 000741.703 INFO             PET0 PIOc_sync Exit - MemInfo: [/proc/meminfo - SSI]	MemFree:        61229780 kB
20220313 000741.703 INFO             PET0 PIOc_sync Exit - MemInfo: [/proc/meminfo - SSI]	MemAvailable:   61011432 kB
20220313 000741.703 INFO             PET0 PIOc_sync Exit - MemInfo: [/proc/meminfo - SSI]	Committed_AS:    2860872 kB
20220313 000741.703 INFO             PET0 PIOc_sync Exit - MemInfo: [/proc/meminfo - SSI]	CommittedPercent: 4.34414 %
20220313 000741.703 INFO             PET0 PIOc_sync Exit - MemInfo: [/proc/self/status]	VmPeak:	  222120 kB
20220313 000741.703 INFO             PET0 PIOc_sync Exit - MemInfo: [/proc/self/status]	VmSize:	  222120 kB
20220313 000741.703 INFO             PET0 PIOc_sync Exit - MemInfo: [/proc/self/status]	VmLck:	       0 kB
20220313 000741.703 INFO             PET0 PIOc_sync Exit - MemInfo: [/proc/self/status]	VmPin:	       0 kB
20220313 000741.703 INFO             PET0 PIOc_sync Exit - MemInfo: [/proc/self/status]	VmHWM:	   35140 kB
20220313 000741.703 INFO             PET0 PIOc_sync Exit - MemInfo: [/proc/self/status]	VmRSS:	   35140 kB
20220313 000741.703 INFO             PET0 PIOc_sync Exit - MemInfo: [/proc/self/status]	VmData:	   45828 kB
20220313 000741.703 INFO             PET0 PIOc_sync Exit - MemInfo: [/proc/self/status]	VmStk:	     508 kB
20220313 000741.703 INFO             PET0 PIOc_sync Exit - MemInfo: [/proc/self/status]	VmExe:	     996 kB
20220313 000741.703 INFO             PET0 PIOc_sync Exit - MemInfo: [/proc/self/status]	VmLib:	   93984 kB
20220313 000741.703 INFO             PET0 PIOc_sync Exit - MemInfo: [/proc/self/status]	VmPTE:	     364 kB
20220313 000741.703 INFO             PET0 PIOc_sync Exit - MemInfo: [/proc/self/status]	VmPMD:	      12 kB
20220313 000741.703 INFO             PET0 PIOc_sync Exit - MemInfo: [/proc/self/status]	VmSwap:	       0 kB
20220313 000741.703 INFO             PET0 PIOc_sync Exit - MemInfo: [/proc/self/status]	VmRSSPercent: 0.053359 %
20220313 000741.703 INFO             PET0 PIOc_sync Exit - MemInfo: [malloc] Non-mmapped space allocated:                18640896 Byte
20220313 000741.703 INFO             PET0 PIOc_sync Exit - MemInfo: [malloc] Space allocated in mmapped regions:          7122944 Byte
20220313 000741.703 INFO             PET0 PIOc_sync Exit - MemInfo: [malloc] Maximum total allocated space:                     0 Byte
20220313 000741.703 INFO             PET0 PIOc_sync Exit - MemInfo: [malloc] Space in freed fastbin blocks:                     0 Byte
20220313 000741.703 INFO             PET0 PIOc_sync Exit - MemInfo: [malloc] Total allocated space:                      10120512 Byte
20220313 000741.703 INFO             PET0 PIOc_sync Exit - MemInfo: [malloc] Total free space:                            8520384 Byte
20220313 000741.703 INFO             PET0 PIOc_sync Exit - MemInfo: [malloc] Top-most, releasable space:                   133488 Byte
20220313 000741.703 INFO             PET0 PIOc_sync Exit - MemInfo: [malloc] Total space in use, mmap + non-mmap:        17243456 Byte
20220313 000741.703 INFO             PET0 PIOc_sync Exit - MemInfo: [malloc] Total space held (mmap + non-mmap):         25763840 Byte
20220313 000741.703 INFO             PET0 PIOc_sync Exit - MemInfo: [malloc] Total space used (mmap + non-mmap):         17251776 Byte
20220313 000741.703 INFO             PET0 PIOc_sync Exit - MemInfo: Wall-clock time since execution start:              0.0731001 seconds
20220313 000741.704 INFO             PET0 PIOc_freedecomp Enter - MemInfo: [/proc/meminfo - SSI]	MemTotal:       65855856 kB
20220313 000741.704 INFO             PET0 PIOc_freedecomp Enter - MemInfo: [/proc/meminfo - SSI]	MemFree:        61229780 kB
20220313 000741.704 INFO             PET0 PIOc_freedecomp Enter - MemInfo: [/proc/meminfo - SSI]	MemAvailable:   61011432 kB
20220313 000741.704 INFO             PET0 PIOc_freedecomp Enter - MemInfo: [/proc/meminfo - SSI]	Committed_AS:    2860872 kB
20220313 000741.704 INFO             PET0 PIOc_freedecomp Enter - MemInfo: [/proc/meminfo - SSI]	CommittedPercent: 4.34414 %
20220313 000741.704 INFO             PET0 PIOc_freedecomp Enter - MemInfo: [/proc/self/status]	VmPeak:	  222120 kB
20220313 000741.704 INFO             PET0 PIOc_freedecomp Enter - MemInfo: [/proc/self/status]	VmSize:	  222120 kB
20220313 000741.704 INFO             PET0 PIOc_freedecomp Enter - MemInfo: [/proc/self/status]	VmLck:	       0 kB
20220313 000741.704 INFO             PET0 PIOc_freedecomp Enter - MemInfo: [/proc/self/status]	VmPin:	       0 kB
20220313 000741.704 INFO             PET0 PIOc_freedecomp Enter - MemInfo: [/proc/self/status]	VmHWM:	   35140 kB
20220313 000741.704 INFO             PET0 PIOc_freedecomp Enter - MemInfo: [/proc/self/status]	VmRSS:	   35140 kB
20220313 000741.704 INFO             PET0 PIOc_freedecomp Enter - MemInfo: [/proc/self/status]	VmData:	   45828 kB
20220313 000741.704 INFO             PET0 PIOc_freedecomp Enter - MemInfo: [/proc/self/status]	VmStk:	     508 kB
20220313 000741.704 INFO             PET0 PIOc_freedecomp Enter - MemInfo: [/proc/self/status]	VmExe:	     996 kB
20220313 000741.704 INFO             PET0 PIOc_freedecomp Enter - MemInfo: [/proc/self/status]	VmLib:	   93984 kB
20220313 000741.704 INFO             PET0 PIOc_freedecomp Enter - MemInfo: [/proc/self/status]	VmPTE:	     364 kB
20220313 000741.704 INFO             PET0 PIOc_freedecomp Enter - MemInfo: [/proc/self/status]	VmPMD:	      12 kB
20220313 000741.704 INFO             PET0 PIOc_freedecomp Enter - MemInfo: [/proc/self/status]	VmSwap:	       0 kB
20220313 000741.704 INFO             PET0 PIOc_freedecomp Enter - MemInfo: [/proc/self/status]	VmRSSPercent: 0.053359 %
20220313 000741.704 INFO             PET0 PIOc_freedecomp Enter - MemInfo: [malloc] Non-mmapped space allocated:                18640896 Byte
20220313 000741.704 INFO             PET0 PIOc_freedecomp Enter - MemInfo: [malloc] Space allocated in mmapped regions:          7122944 Byte
20220313 000741.704 INFO             PET0 PIOc_freedecomp Enter - MemInfo: [malloc] Maximum total allocated space:                     0 Byte
20220313 000741.704 INFO             PET0 PIOc_freedecomp Enter - MemInfo: [malloc] Space in freed fastbin blocks:                   272 Byte
20220313 000741.704 INFO             PET0 PIOc_freedecomp Enter - MemInfo: [malloc] Total allocated space:                       1195296 Byte
20220313 000741.704 INFO             PET0 PIOc_freedecomp Enter - MemInfo: [malloc] Total free space:                           17445600 Byte
20220313 000741.704 INFO             PET0 PIOc_freedecomp Enter - MemInfo: [malloc] Top-most, releasable space:                  8522112 Byte
20220313 000741.704 INFO             PET0 PIOc_freedecomp Enter - MemInfo: [malloc] Total space in use, mmap + non-mmap:         8318240 Byte
20220313 000741.704 INFO             PET0 PIOc_freedecomp Enter - MemInfo: [malloc] Total space held (mmap + non-mmap):         25763840 Byte
20220313 000741.704 INFO             PET0 PIOc_freedecomp Enter - MemInfo: [malloc] Total space used (mmap + non-mmap):          8326448 Byte
20220313 000741.704 INFO             PET0 PIOc_freedecomp Enter - MemInfo: Wall-clock time since execution start:                0.07358 seconds
20220313 000741.704 INFO             PET0 PIOc_freedecomp Exit - MemInfo: [/proc/meminfo - SSI]	MemTotal:       65855856 kB
20220313 000741.704 INFO             PET0 PIOc_freedecomp Exit - MemInfo: [/proc/meminfo - SSI]	MemFree:        61229780 kB
20220313 000741.704 INFO             PET0 PIOc_freedecomp Exit - MemInfo: [/proc/meminfo - SSI]	MemAvailable:   61011432 kB
20220313 000741.704 INFO             PET0 PIOc_freedecomp Exit - MemInfo: [/proc/meminfo - SSI]	Committed_AS:    2860872 kB
20220313 000741.704 INFO             PET0 PIOc_freedecomp Exit - MemInfo: [/proc/meminfo - SSI]	CommittedPercent: 4.34414 %
20220313 000741.704 INFO             PET0 PIOc_freedecomp Exit - MemInfo: [/proc/self/status]	VmPeak:	  222120 kB
20220313 000741.704 INFO             PET0 PIOc_freedecomp Exit - MemInfo: [/proc/self/status]	VmSize:	  222120 kB
20220313 000741.704 INFO             PET0 PIOc_freedecomp Exit - MemInfo: [/proc/self/status]	VmLck:	       0 kB
20220313 000741.704 INFO             PET0 PIOc_freedecomp Exit - MemInfo: [/proc/self/status]	VmPin:	       0 kB
20220313 000741.704 INFO             PET0 PIOc_freedecomp Exit - MemInfo: [/proc/self/status]	VmHWM:	   35140 kB
20220313 000741.704 INFO             PET0 PIOc_freedecomp Exit - MemInfo: [/proc/self/status]	VmRSS:	   35140 kB
20220313 000741.704 INFO             PET0 PIOc_freedecomp Exit - MemInfo: [/proc/self/status]	VmData:	   45828 kB
20220313 000741.704 INFO             PET0 PIOc_freedecomp Exit - MemInfo: [/proc/self/status]	VmStk:	     508 kB
20220313 000741.704 INFO             PET0 PIOc_freedecomp Exit - MemInfo: [/proc/self/status]	VmExe:	     996 kB
20220313 000741.704 INFO             PET0 PIOc_freedecomp Exit - MemInfo: [/proc/self/status]	VmLib:	   93984 kB
20220313 000741.704 INFO             PET0 PIOc_freedecomp Exit - MemInfo: [/proc/self/status]	VmPTE:	     364 kB
20220313 000741.704 INFO             PET0 PIOc_freedecomp Exit - MemInfo: [/proc/self/status]	VmPMD:	      12 kB
20220313 000741.704 INFO             PET0 PIOc_freedecomp Exit - MemInfo: [/proc/self/status]	VmSwap:	       0 kB
20220313 000741.704 INFO             PET0 PIOc_freedecomp Exit - MemInfo: [/proc/self/status]	VmRSSPercent: 0.053359 %
20220313 000741.704 INFO             PET0 PIOc_freedecomp Exit - MemInfo: [malloc] Non-mmapped space allocated:                18640896 Byte
20220313 000741.704 INFO             PET0 PIOc_freedecomp Exit - MemInfo: [malloc] Space allocated in mmapped regions:          7122944 Byte
20220313 000741.704 INFO             PET0 PIOc_freedecomp Exit - MemInfo: [malloc] Maximum total allocated space:                     0 Byte
20220313 000741.704 INFO             PET0 PIOc_freedecomp Exit - MemInfo: [malloc] Space in freed fastbin blocks:                   896 Byte
20220313 000741.704 INFO             PET0 PIOc_freedecomp Exit - MemInfo: [malloc] Total allocated space:                       1194400 Byte
20220313 000741.704 INFO             PET0 PIOc_freedecomp Exit - MemInfo: [malloc] Total free space:                           17446496 Byte
20220313 000741.704 INFO             PET0 PIOc_freedecomp Exit - MemInfo: [malloc] Top-most, releasable space:                  8522112 Byte
20220313 000741.704 INFO             PET0 PIOc_freedecomp Exit - MemInfo: [malloc] Total space in use, mmap + non-mmap:         8317344 Byte
20220313 000741.704 INFO             PET0 PIOc_freedecomp Exit - MemInfo: [malloc] Total space held (mmap + non-mmap):         25763840 Byte
20220313 000741.704 INFO             PET0 PIOc_freedecomp Exit - MemInfo: [malloc] Total space used (mmap + non-mmap):          8325552 Byte
20220313 000741.704 INFO             PET0 PIOc_freedecomp Exit - MemInfo: Wall-clock time since execution start:                0.07392 seconds
20220313 000741.706 INFO             PET0 PIOc_sync Enter - MemInfo: [/proc/meminfo - SSI]	MemTotal:       65855856 kB
20220313 000741.706 INFO             PET0 PIOc_sync Enter - MemInfo: [/proc/meminfo - SSI]	MemFree:        61229780 kB
20220313 000741.706 INFO             PET0 PIOc_sync Enter - MemInfo: [/proc/meminfo - SSI]	MemAvailable:   61011684 kB
20220313 000741.706 INFO             PET0 PIOc_sync Enter - MemInfo: [/proc/meminfo - SSI]	Committed_AS:    2860872 kB
20220313 000741.706 INFO             PET0 PIOc_sync Enter - MemInfo: [/proc/meminfo - SSI]	CommittedPercent: 4.34414 %
20220313 000741.706 INFO             PET0 PIOc_sync Enter - MemInfo: [/proc/self/status]	VmPeak:	  222120 kB
20220313 000741.706 INFO             PET0 PIOc_sync Enter - MemInfo: [/proc/self/status]	VmSize:	  222120 kB
20220313 000741.706 INFO             PET0 PIOc_sync Enter - MemInfo: [/proc/self/status]	VmLck:	       0 kB
20220313 000741.706 INFO             PET0 PIOc_sync Enter - MemInfo: [/proc/self/status]	VmPin:	       0 kB
20220313 000741.706 INFO             PET0 PIOc_sync Enter - MemInfo: [/proc/self/status]	VmHWM:	   35140 kB
20220313 000741.706 INFO             PET0 PIOc_sync Enter - MemInfo: [/proc/self/status]	VmRSS:	   35140 kB
20220313 000741.706 INFO             PET0 PIOc_sync Enter - MemInfo: [/proc/self/status]	VmData:	   45828 kB
20220313 000741.706 INFO             PET0 PIOc_sync Enter - MemInfo: [/proc/self/status]	VmStk:	     508 kB
20220313 000741.706 INFO             PET0 PIOc_sync Enter - MemInfo: [/proc/self/status]	VmExe:	     996 kB
20220313 000741.706 INFO             PET0 PIOc_sync Enter - MemInfo: [/proc/self/status]	VmLib:	   93984 kB
20220313 000741.706 INFO             PET0 PIOc_sync Enter - MemInfo: [/proc/self/status]	VmPTE:	     364 kB
20220313 000741.706 INFO             PET0 PIOc_sync Enter - MemInfo: [/proc/self/status]	VmPMD:	      12 kB
20220313 000741.706 INFO             PET0 PIOc_sync Enter - MemInfo: [/proc/self/status]	VmSwap:	       0 kB
20220313 000741.706 INFO             PET0 PIOc_sync Enter - MemInfo: [/proc/self/status]	VmRSSPercent: 0.053359 %
20220313 000741.706 INFO             PET0 PIOc_sync Enter - MemInfo: [malloc] Non-mmapped space allocated:                18640896 Byte
20220313 000741.706 INFO             PET0 PIOc_sync Enter - MemInfo: [malloc] Space allocated in mmapped regions:          7122944 Byte
20220313 000741.706 INFO             PET0 PIOc_sync Enter - MemInfo: [malloc] Maximum total allocated space:                     0 Byte
20220313 000741.706 INFO             PET0 PIOc_sync Enter - MemInfo: [malloc] Space in freed fastbin blocks:                  1104 Byte
20220313 000741.706 INFO             PET0 PIOc_sync Enter - MemInfo: [malloc] Total allocated space:                      10121520 Byte
20220313 000741.706 INFO             PET0 PIOc_sync Enter - MemInfo: [malloc] Total free space:                            8519376 Byte
20220313 000741.706 INFO             PET0 PIOc_sync Enter - MemInfo: [malloc] Top-most, releasable space:                   133488 Byte
20220313 000741.706 INFO             PET0 PIOc_sync Enter - MemInfo: [malloc] Total space in use, mmap + non-mmap:        17244464 Byte
20220313 000741.706 INFO             PET0 PIOc_sync Enter - MemInfo: [malloc] Total space held (mmap + non-mmap):         25763840 Byte
20220313 000741.706 INFO             PET0 PIOc_sync Enter - MemInfo: [malloc] Total space used (mmap + non-mmap):         17252784 Byte
20220313 000741.706 INFO             PET0 PIOc_sync Enter - MemInfo: Wall-clock time since execution start:               0.075608 seconds
20220313 000741.706 INFO             PET0 PIOc_sync Exit - MemInfo: [/proc/meminfo - SSI]	MemTotal:       65855856 kB
20220313 000741.706 INFO             PET0 PIOc_sync Exit - MemInfo: [/proc/meminfo - SSI]	MemFree:        61229780 kB
20220313 000741.706 INFO             PET0 PIOc_sync Exit - MemInfo: [/proc/meminfo - SSI]	MemAvailable:   61011684 kB
20220313 000741.706 INFO             PET0 PIOc_sync Exit - MemInfo: [/proc/meminfo - SSI]	Committed_AS:    2860872 kB
20220313 000741.706 INFO             PET0 PIOc_sync Exit - MemInfo: [/proc/meminfo - SSI]	CommittedPercent: 4.34414 %
20220313 000741.706 INFO             PET0 PIOc_sync Exit - MemInfo: [/proc/self/status]	VmPeak:	  222120 kB
20220313 000741.706 INFO             PET0 PIOc_sync Exit - MemInfo: [/proc/self/status]	VmSize:	  222120 kB
20220313 000741.706 INFO             PET0 PIOc_sync Exit - MemInfo: [/proc/self/status]	VmLck:	       0 kB
20220313 000741.706 INFO             PET0 PIOc_sync Exit - MemInfo: [/proc/self/status]	VmPin:	       0 kB
20220313 000741.706 INFO             PET0 PIOc_sync Exit - MemInfo: [/proc/self/status]	VmHWM:	   35140 kB
20220313 000741.706 INFO             PET0 PIOc_sync Exit - MemInfo: [/proc/self/status]	VmRSS:	   35140 kB
20220313 000741.706 INFO             PET0 PIOc_sync Exit - MemInfo: [/proc/self/status]	VmData:	   45828 kB
20220313 000741.706 INFO             PET0 PIOc_sync Exit - MemInfo: [/proc/self/status]	VmStk:	     508 kB
20220313 000741.706 INFO             PET0 PIOc_sync Exit - MemInfo: [/proc/self/status]	VmExe:	     996 kB
20220313 000741.706 INFO             PET0 PIOc_sync Exit - MemInfo: [/proc/self/status]	VmLib:	   93984 kB
20220313 000741.706 INFO             PET0 PIOc_sync Exit - MemInfo: [/proc/self/status]	VmPTE:	     364 kB
20220313 000741.706 INFO             PET0 PIOc_sync Exit - MemInfo: [/proc/self/status]	VmPMD:	      12 kB
20220313 000741.706 INFO             PET0 PIOc_sync Exit - MemInfo: [/proc/self/status]	VmSwap:	       0 kB
20220313 000741.706 INFO             PET0 PIOc_sync Exit - MemInfo: [/proc/self/status]	VmRSSPercent: 0.053359 %
20220313 000741.706 INFO             PET0 PIOc_sync Exit - MemInfo: [malloc] Non-mmapped space allocated:                18640896 Byte
20220313 000741.706 INFO             PET0 PIOc_sync Exit - MemInfo: [malloc] Space allocated in mmapped regions:          7122944 Byte
20220313 000741.706 INFO             PET0 PIOc_sync Exit - MemInfo: [malloc] Maximum total allocated space:                     0 Byte
20220313 000741.706 INFO             PET0 PIOc_sync Exit - MemInfo: [malloc] Space in freed fastbin blocks:                     0 Byte
20220313 000741.706 INFO             PET0 PIOc_sync Exit - MemInfo: [malloc] Total allocated space:                      10122000 Byte
20220313 000741.706 INFO             PET0 PIOc_sync Exit - MemInfo: [malloc] Total free space:                            8518896 Byte
20220313 000741.706 INFO             PET0 PIOc_sync Exit - MemInfo: [malloc] Top-most, releasable space:                   133488 Byte
20220313 000741.706 INFO             PET0 PIOc_sync Exit - MemInfo: [malloc] Total space in use, mmap + non-mmap:        17244944 Byte
20220313 000741.706 INFO             PET0 PIOc_sync Exit - MemInfo: [malloc] Total space held (mmap + non-mmap):         25763840 Byte
20220313 000741.706 INFO             PET0 PIOc_sync Exit - MemInfo: [malloc] Total space used (mmap + non-mmap):         17253392 Byte
20220313 000741.706 INFO             PET0 PIOc_sync Exit - MemInfo: Wall-clock time since execution start:               0.075942 seconds
20220313 000741.706 INFO             PET0 PIOc_freedecomp Enter - MemInfo: [/proc/meminfo - SSI]	MemTotal:       65855856 kB
20220313 000741.706 INFO             PET0 PIOc_freedecomp Enter - MemInfo: [/proc/meminfo - SSI]	MemFree:        61229780 kB
20220313 000741.706 INFO             PET0 PIOc_freedecomp Enter - MemInfo: [/proc/meminfo - SSI]	MemAvailable:   61011684 kB
20220313 000741.706 INFO             PET0 PIOc_freedecomp Enter - MemInfo: [/proc/meminfo - SSI]	Committed_AS:    2860872 kB
20220313 000741.706 INFO             PET0 PIOc_freedecomp Enter - MemInfo: [/proc/meminfo - SSI]	CommittedPercent: 4.34414 %
20220313 000741.706 INFO             PET0 PIOc_freedecomp Enter - MemInfo: [/proc/self/status]	VmPeak:	  222120 kB
20220313 000741.706 INFO             PET0 PIOc_freedecomp Enter - MemInfo: [/proc/self/status]	VmSize:	  222120 kB
20220313 000741.706 INFO             PET0 PIOc_freedecomp Enter - MemInfo: [/proc/self/status]	VmLck:	       0 kB
20220313 000741.706 INFO             PET0 PIOc_freedecomp Enter - MemInfo: [/proc/self/status]	VmPin:	       0 kB
20220313 000741.706 INFO             PET0 PIOc_freedecomp Enter - MemInfo: [/proc/self/status]	VmHWM:	   35140 kB
20220313 000741.706 INFO             PET0 PIOc_freedecomp Enter - MemInfo: [/proc/self/status]	VmRSS:	   35140 kB
20220313 000741.706 INFO             PET0 PIOc_freedecomp Enter - MemInfo: [/proc/self/status]	VmData:	   45828 kB
20220313 000741.707 INFO             PET0 PIOc_freedecomp Enter - MemInfo: [/proc/self/status]	VmStk:	     508 kB
20220313 000741.707 INFO             PET0 PIOc_freedecomp Enter - MemInfo: [/proc/self/status]	VmExe:	     996 kB
20220313 000741.707 INFO             PET0 PIOc_freedecomp Enter - MemInfo: [/proc/self/status]	VmLib:	   93984 kB
20220313 000741.707 INFO             PET0 PIOc_freedecomp Enter - MemInfo: [/proc/self/status]	VmPTE:	     364 kB
20220313 000741.707 INFO             PET0 PIOc_freedecomp Enter - MemInfo: [/proc/self/status]	VmPMD:	      12 kB
20220313 000741.707 INFO             PET0 PIOc_freedecomp Enter - MemInfo: [/proc/self/status]	VmSwap:	       0 kB
20220313 000741.707 INFO             PET0 PIOc_freedecomp Enter - MemInfo: [/proc/self/status]	VmRSSPercent: 0.053359 %
20220313 000741.707 INFO             PET0 PIOc_freedecomp Enter - MemInfo: [malloc] Non-mmapped space allocated:                18640896 Byte
20220313 000741.707 INFO             PET0 PIOc_freedecomp Enter - MemInfo: [malloc] Space allocated in mmapped regions:          7122944 Byte
20220313 000741.707 INFO             PET0 PIOc_freedecomp Enter - MemInfo: [malloc] Maximum total allocated space:                     0 Byte
20220313 000741.707 INFO             PET0 PIOc_freedecomp Enter - MemInfo: [malloc] Space in freed fastbin blocks:                   272 Byte
20220313 000741.707 INFO             PET0 PIOc_freedecomp Enter - MemInfo: [malloc] Total allocated space:                       1196208 Byte
20220313 000741.707 INFO             PET0 PIOc_freedecomp Enter - MemInfo: [malloc] Total free space:                           17444688 Byte
20220313 000741.707 INFO             PET0 PIOc_freedecomp Enter - MemInfo: [malloc] Top-most, releasable space:                  8522112 Byte
20220313 000741.707 INFO             PET0 PIOc_freedecomp Enter - MemInfo: [malloc] Total space in use, mmap + non-mmap:         8319152 Byte
20220313 000741.707 INFO             PET0 PIOc_freedecomp Enter - MemInfo: [malloc] Total space held (mmap + non-mmap):         25763840 Byte
20220313 000741.707 INFO             PET0 PIOc_freedecomp Enter - MemInfo: [malloc] Total space used (mmap + non-mmap):          8327360 Byte
20220313 000741.707 INFO             PET0 PIOc_freedecomp Enter - MemInfo: Wall-clock time since execution start:               0.076407 seconds
20220313 000741.707 INFO             PET0 PIOc_freedecomp Exit - MemInfo: [/proc/meminfo - SSI]	MemTotal:       65855856 kB
20220313 000741.707 INFO             PET0 PIOc_freedecomp Exit - MemInfo: [/proc/meminfo - SSI]	MemFree:        61229780 kB
20220313 000741.707 INFO             PET0 PIOc_freedecomp Exit - MemInfo: [/proc/meminfo - SSI]	MemAvailable:   61011684 kB
20220313 000741.707 INFO             PET0 PIOc_freedecomp Exit - MemInfo: [/proc/meminfo - SSI]	Committed_AS:    2860872 kB
20220313 000741.707 INFO             PET0 PIOc_freedecomp Exit - MemInfo: [/proc/meminfo - SSI]	CommittedPercent: 4.34414 %
20220313 000741.707 INFO             PET0 PIOc_freedecomp Exit - MemInfo: [/proc/self/status]	VmPeak:	  222120 kB
20220313 000741.707 INFO             PET0 PIOc_freedecomp Exit - MemInfo: [/proc/self/status]	VmSize:	  222120 kB
20220313 000741.707 INFO             PET0 PIOc_freedecomp Exit - MemInfo: [/proc/self/status]	VmLck:	       0 kB
20220313 000741.707 INFO             PET0 PIOc_freedecomp Exit - MemInfo: [/proc/self/status]	VmPin:	       0 kB
20220313 000741.707 INFO             PET0 PIOc_freedecomp Exit - MemInfo: [/proc/self/status]	VmHWM:	   35140 kB
20220313 000741.707 INFO             PET0 PIOc_freedecomp Exit - MemInfo: [/proc/self/status]	VmRSS:	   35140 kB
20220313 000741.707 INFO             PET0 PIOc_freedecomp Exit - MemInfo: [/proc/self/status]	VmData:	   45828 kB
20220313 000741.707 INFO             PET0 PIOc_freedecomp Exit - MemInfo: [/proc/self/status]	VmStk:	     508 kB
20220313 000741.707 INFO             PET0 PIOc_freedecomp Exit - MemInfo: [/proc/self/status]	VmExe:	     996 kB
20220313 000741.707 INFO             PET0 PIOc_freedecomp Exit - MemInfo: [/proc/self/status]	VmLib:	   93984 kB
20220313 000741.707 INFO             PET0 PIOc_freedecomp Exit - MemInfo: [/proc/self/status]	VmPTE:	     364 kB
20220313 000741.707 INFO             PET0 PIOc_freedecomp Exit - MemInfo: [/proc/self/status]	VmPMD:	      12 kB
20220313 000741.707 INFO             PET0 PIOc_freedecomp Exit - MemInfo: [/proc/self/status]	VmSwap:	       0 kB
20220313 000741.707 INFO             PET0 PIOc_freedecomp Exit - MemInfo: [/proc/self/status]	VmRSSPercent: 0.053359 %
20220313 000741.707 INFO             PET0 PIOc_freedecomp Exit - MemInfo: [malloc] Non-mmapped space allocated:                18640896 Byte
20220313 000741.707 INFO             PET0 PIOc_freedecomp Exit - MemInfo: [malloc] Space allocated in mmapped regions:          7122944 Byte
20220313 000741.707 INFO             PET0 PIOc_freedecomp Exit - MemInfo: [malloc] Maximum total allocated space:                     0 Byte
20220313 000741.707 INFO             PET0 PIOc_freedecomp Exit - MemInfo: [malloc] Space in freed fastbin blocks:                   896 Byte
20220313 000741.707 INFO             PET0 PIOc_freedecomp Exit - MemInfo: [malloc] Total allocated space:                       1195312 Byte
20220313 000741.707 INFO             PET0 PIOc_freedecomp Exit - MemInfo: [malloc] Total free space:                           17445584 Byte
20220313 000741.707 INFO             PET0 PIOc_freedecomp Exit - MemInfo: [malloc] Top-most, releasable space:                  8522112 Byte
20220313 000741.707 INFO             PET0 PIOc_freedecomp Exit - MemInfo: [malloc] Total space in use, mmap + non-mmap:         8318256 Byte
20220313 000741.707 INFO             PET0 PIOc_freedecomp Exit - MemInfo: [malloc] Total space held (mmap + non-mmap):         25763840 Byte
20220313 000741.707 INFO             PET0 PIOc_freedecomp Exit - MemInfo: [malloc] Total space used (mmap + non-mmap):          8326464 Byte
20220313 000741.707 INFO             PET0 PIOc_freedecomp Exit - MemInfo: Wall-clock time since execution start:              0.0767159 seconds
20220313 000741.708 INFO             PET0 PIOc_sync Enter - MemInfo: [/proc/meminfo - SSI]	MemTotal:       65855856 kB
20220313 000741.708 INFO             PET0 PIOc_sync Enter - MemInfo: [/proc/meminfo - SSI]	MemFree:        61229780 kB
20220313 000741.708 INFO             PET0 PIOc_sync Enter - MemInfo: [/proc/meminfo - SSI]	MemAvailable:   61011684 kB
20220313 000741.708 INFO             PET0 PIOc_sync Enter - MemInfo: [/proc/meminfo - SSI]	Committed_AS:    2860872 kB
20220313 000741.708 INFO             PET0 PIOc_sync Enter - MemInfo: [/proc/meminfo - SSI]	CommittedPercent: 4.34414 %
20220313 000741.708 INFO             PET0 PIOc_sync Enter - MemInfo: [/proc/self/status]	VmPeak:	  222120 kB
20220313 000741.708 INFO             PET0 PIOc_sync Enter - MemInfo: [/proc/self/status]	VmSize:	  222120 kB
20220313 000741.708 INFO             PET0 PIOc_sync Enter - MemInfo: [/proc/self/status]	VmLck:	       0 kB
20220313 000741.708 INFO             PET0 PIOc_sync Enter - MemInfo: [/proc/self/status]	VmPin:	       0 kB
20220313 000741.708 INFO             PET0 PIOc_sync Enter - MemInfo: [/proc/self/status]	VmHWM:	   35140 kB
20220313 000741.708 INFO             PET0 PIOc_sync Enter - MemInfo: [/proc/self/status]	VmRSS:	   35140 kB
20220313 000741.708 INFO             PET0 PIOc_sync Enter - MemInfo: [/proc/self/status]	VmData:	   45828 kB
20220313 000741.708 INFO             PET0 PIOc_sync Enter - MemInfo: [/proc/self/status]	VmStk:	     508 kB
20220313 000741.708 INFO             PET0 PIOc_sync Enter - MemInfo: [/proc/self/status]	VmExe:	     996 kB
20220313 000741.708 INFO             PET0 PIOc_sync Enter - MemInfo: [/proc/self/status]	VmLib:	   93984 kB
20220313 000741.708 INFO             PET0 PIOc_sync Enter - MemInfo: [/proc/self/status]	VmPTE:	     364 kB
20220313 000741.708 INFO             PET0 PIOc_sync Enter - MemInfo: [/proc/self/status]	VmPMD:	      12 kB
20220313 000741.708 INFO             PET0 PIOc_sync Enter - MemInfo: [/proc/self/status]	VmSwap:	       0 kB
20220313 000741.708 INFO             PET0 PIOc_sync Enter - MemInfo: [/proc/self/status]	VmRSSPercent: 0.053359 %
20220313 000741.708 INFO             PET0 PIOc_sync Enter - MemInfo: [malloc] Non-mmapped space allocated:                18640896 Byte
20220313 000741.708 INFO             PET0 PIOc_sync Enter - MemInfo: [malloc] Space allocated in mmapped regions:          7122944 Byte
20220313 000741.708 INFO             PET0 PIOc_sync Enter - MemInfo: [malloc] Maximum total allocated space:                     0 Byte
20220313 000741.708 INFO             PET0 PIOc_sync Enter - MemInfo: [malloc] Space in freed fastbin blocks:                  1696 Byte
20220313 000741.708 INFO             PET0 PIOc_sync Enter - MemInfo: [malloc] Total allocated space:                      10123264 Byte
20220313 000741.708 INFO             PET0 PIOc_sync Enter - MemInfo: [malloc] Total free space:                            8517632 Byte
20220313 000741.708 INFO             PET0 PIOc_sync Enter - MemInfo: [malloc] Top-most, releasable space:                   133488 Byte
20220313 000741.708 INFO             PET0 PIOc_sync Enter - MemInfo: [malloc] Total space in use, mmap + non-mmap:        17246208 Byte
20220313 000741.708 INFO             PET0 PIOc_sync Enter - MemInfo: [malloc] Total space held (mmap + non-mmap):         25763840 Byte
20220313 000741.708 INFO             PET0 PIOc_sync Enter - MemInfo: [malloc] Total space used (mmap + non-mmap):         17254416 Byte
20220313 000741.708 INFO             PET0 PIOc_sync Enter - MemInfo: Wall-clock time since execution start:              0.0781941 seconds
20220313 000741.708 INFO             PET0 PIOc_sync Exit - MemInfo: [/proc/meminfo - SSI]	MemTotal:       65855856 kB
20220313 000741.709 INFO             PET0 PIOc_sync Exit - MemInfo: [/proc/meminfo - SSI]	MemFree:        61229780 kB
20220313 000741.709 INFO             PET0 PIOc_sync Exit - MemInfo: [/proc/meminfo - SSI]	MemAvailable:   61011684 kB
20220313 000741.709 INFO             PET0 PIOc_sync Exit - MemInfo: [/proc/meminfo - SSI]	Committed_AS:    2860872 kB
20220313 000741.709 INFO             PET0 PIOc_sync Exit - MemInfo: [/proc/meminfo - SSI]	CommittedPercent: 4.34414 %
20220313 000741.709 INFO             PET0 PIOc_sync Exit - MemInfo: [/proc/self/status]	VmPeak:	  222120 kB
20220313 000741.709 INFO             PET0 PIOc_sync Exit - MemInfo: [/proc/self/status]	VmSize:	  222120 kB
20220313 000741.709 INFO             PET0 PIOc_sync Exit - MemInfo: [/proc/self/status]	VmLck:	       0 kB
20220313 000741.709 INFO             PET0 PIOc_sync Exit - MemInfo: [/proc/self/status]	VmPin:	       0 kB
20220313 000741.709 INFO             PET0 PIOc_sync Exit - MemInfo: [/proc/self/status]	VmHWM:	   35140 kB
20220313 000741.709 INFO             PET0 PIOc_sync Exit - MemInfo: [/proc/self/status]	VmRSS:	   35140 kB
20220313 000741.709 INFO             PET0 PIOc_sync Exit - MemInfo: [/proc/self/status]	VmData:	   45828 kB
20220313 000741.709 INFO             PET0 PIOc_sync Exit - MemInfo: [/proc/self/status]	VmStk:	     508 kB
20220313 000741.709 INFO             PET0 PIOc_sync Exit - MemInfo: [/proc/self/status]	VmExe:	     996 kB
20220313 000741.709 INFO             PET0 PIOc_sync Exit - MemInfo: [/proc/self/status]	VmLib:	   93984 kB
20220313 000741.709 INFO             PET0 PIOc_sync Exit - MemInfo: [/proc/self/status]	VmPTE:	     364 kB
20220313 000741.709 INFO             PET0 PIOc_sync Exit - MemInfo: [/proc/self/status]	VmPMD:	      12 kB
20220313 000741.709 INFO             PET0 PIOc_sync Exit - MemInfo: [/proc/self/status]	VmSwap:	       0 kB
20220313 000741.709 INFO             PET0 PIOc_sync Exit - MemInfo: [/proc/self/status]	VmRSSPercent: 0.053359 %
20220313 000741.709 INFO             PET0 PIOc_sync Exit - MemInfo: [malloc] Non-mmapped space allocated:                18640896 Byte
20220313 000741.709 INFO             PET0 PIOc_sync Exit - MemInfo: [malloc] Space allocated in mmapped regions:          7122944 Byte
20220313 000741.709 INFO             PET0 PIOc_sync Exit - MemInfo: [malloc] Maximum total allocated space:                     0 Byte
20220313 000741.709 INFO             PET0 PIOc_sync Exit - MemInfo: [malloc] Space in freed fastbin blocks:                    64 Byte
20220313 000741.709 INFO             PET0 PIOc_sync Exit - MemInfo: [malloc] Total allocated space:                      10123712 Byte
20220313 000741.709 INFO             PET0 PIOc_sync Exit - MemInfo: [malloc] Total free space:                            8517184 Byte
20220313 000741.709 INFO             PET0 PIOc_sync Exit - MemInfo: [malloc] Top-most, releasable space:                   133488 Byte
20220313 000741.709 INFO             PET0 PIOc_sync Exit - MemInfo: [malloc] Total space in use, mmap + non-mmap:        17246656 Byte
20220313 000741.709 INFO             PET0 PIOc_sync Exit - MemInfo: [malloc] Total space held (mmap + non-mmap):         25763840 Byte
20220313 000741.709 INFO             PET0 PIOc_sync Exit - MemInfo: [malloc] Total space used (mmap + non-mmap):         17254864 Byte
20220313 000741.709 INFO             PET0 PIOc_sync Exit - MemInfo: Wall-clock time since execution start:               0.078537 seconds
20220313 000741.709 INFO             PET0 PIOc_freedecomp Enter - MemInfo: [/proc/meminfo - SSI]	MemTotal:       65855856 kB
20220313 000741.709 INFO             PET0 PIOc_freedecomp Enter - MemInfo: [/proc/meminfo - SSI]	MemFree:        61229780 kB
20220313 000741.709 INFO             PET0 PIOc_freedecomp Enter - MemInfo: [/proc/meminfo - SSI]	MemAvailable:   61011684 kB
20220313 000741.709 INFO             PET0 PIOc_freedecomp Enter - MemInfo: [/proc/meminfo - SSI]	Committed_AS:    2860872 kB
