build time -- 2022-03-12 23:46:11
20220313 000800.478 INFO             PET0 !!!!!!!!!!!!!!!!!!!!!!!!!!!!!!!!!!!!!!!!!!!!!!!!!!!!!!
20220313 000800.478 INFO             PET0 !!! THE ESMF_LOG IS SET TO OUTPUT ALL LOG MESSAGES !!!
20220313 000800.478 INFO             PET0 !!!     THIS MAY CAUSE SLOWDOWN IN PERFORMANCE     !!!
20220313 000800.478 INFO             PET0 !!! FOR PRODUCTION RUNS, USE:                      !!!
20220313 000800.478 INFO             PET0 !!!                   ESMF_LOGKIND_Multi_On_Error  !!!
20220313 000800.478 INFO             PET0 !!!!!!!!!!!!!!!!!!!!!!!!!!!!!!!!!!!!!!!!!!!!!!!!!!!!!!
20220313 000800.478 INFO             PET0 Running with ESMF Version   : v8.3.0b09-96-g559b459836
20220313 000800.478 INFO             PET0 ESMF library build date/time: "Mar 12 2022" "23:42:39"
20220313 000800.478 INFO             PET0 ESMF library build location : /lustre/f2/dev/ncep/Mark.Potts/intel_2019.5_mpi_O_jedwards_pio_update2
20220313 000800.478 INFO             PET0 ESMF_COMM                   : mpi
20220313 000800.479 INFO             PET0 ESMF_MOAB                   : enabled
20220313 000800.479 INFO             PET0 ESMF_LAPACK                 : enabled
20220313 000800.479 INFO             PET0 ESMF_NETCDF                 : enabled
20220313 000800.479 INFO             PET0 ESMF_PNETCDF                : disabled
20220313 000800.479 INFO             PET0 ESMF_PIO                    : enabled
20220313 000800.479 INFO             PET0 ESMF_YAMLCPP                : enabled
20220313 000800.479 INFO             PET0 Beginning Test, file ESMC_FieldSMMFromFileUTest.C, line 41
20220313 000800.479 INFO             PET0 Beginning Test, file ESMC_FieldSMMFromFileUTest.C, line 41NUMBER_OF_PROCESSORS 4
20220313 000800.530 INFO             PET0 PIOc_sync Enter - MemInfo: [/proc/meminfo - SSI]	MemTotal:       65855856 kB
20220313 000800.530 INFO             PET0 PIOc_sync Enter - MemInfo: [/proc/meminfo - SSI]	MemFree:        61210096 kB
20220313 000800.530 INFO             PET0 PIOc_sync Enter - MemInfo: [/proc/meminfo - SSI]	MemAvailable:   60991736 kB
20220313 000800.530 INFO             PET0 PIOc_sync Enter - MemInfo: [/proc/meminfo - SSI]	Committed_AS:    2910928 kB
20220313 000800.530 INFO             PET0 PIOc_sync Enter - MemInfo: [/proc/meminfo - SSI]	CommittedPercent: 4.42015 %
20220313 000800.530 INFO             PET0 PIOc_sync Enter - MemInfo: [/proc/self/status]	VmPeak:	  228284 kB
20220313 000800.530 INFO             PET0 PIOc_sync Enter - MemInfo: [/proc/self/status]	VmSize:	  228284 kB
20220313 000800.530 INFO             PET0 PIOc_sync Enter - MemInfo: [/proc/self/status]	VmLck:	       0 kB
20220313 000800.530 INFO             PET0 PIOc_sync Enter - MemInfo: [/proc/self/status]	VmPin:	       0 kB
20220313 000800.530 INFO             PET0 PIOc_sync Enter - MemInfo: [/proc/self/status]	VmHWM:	   32588 kB
20220313 000800.530 INFO             PET0 PIOc_sync Enter - MemInfo: [/proc/self/status]	VmRSS:	   32588 kB
20220313 000800.530 INFO             PET0 PIOc_sync Enter - MemInfo: [/proc/self/status]	VmData:	   34728 kB
20220313 000800.530 INFO             PET0 PIOc_sync Enter - MemInfo: [/proc/self/status]	VmStk:	     508 kB
20220313 000800.530 INFO             PET0 PIOc_sync Enter - MemInfo: [/proc/self/status]	VmExe:	     992 kB
20220313 000800.530 INFO             PET0 PIOc_sync Enter - MemInfo: [/proc/self/status]	VmLib:	   93984 kB
20220313 000800.530 INFO             PET0 PIOc_sync Enter - MemInfo: [/proc/self/status]	VmPTE:	     364 kB
20220313 000800.530 INFO             PET0 PIOc_sync Enter - MemInfo: [/proc/self/status]	VmPMD:	      12 kB
20220313 000800.530 INFO             PET0 PIOc_sync Enter - MemInfo: [/proc/self/status]	VmSwap:	       0 kB
20220313 000800.530 INFO             PET0 PIOc_sync Enter - MemInfo: [/proc/self/status]	VmRSSPercent: 0.0494838 %
20220313 000800.530 INFO             PET0 PIOc_sync Enter - MemInfo: [malloc] Non-mmapped space allocated:                 1470464 Byte
20220313 000800.530 INFO             PET0 PIOc_sync Enter - MemInfo: [malloc] Space allocated in mmapped regions:         12926976 Byte
20220313 000800.530 INFO             PET0 PIOc_sync Enter - MemInfo: [malloc] Maximum total allocated space:                     0 Byte
20220313 000800.531 INFO             PET0 PIOc_sync Enter - MemInfo: [malloc] Space in freed fastbin blocks:                     0 Byte
20220313 000800.531 INFO             PET0 PIOc_sync Enter - MemInfo: [malloc] Total allocated space:                       1308720 Byte
20220313 000800.531 INFO             PET0 PIOc_sync Enter - MemInfo: [malloc] Total free space:                             161744 Byte
20220313 000800.531 INFO             PET0 PIOc_sync Enter - MemInfo: [malloc] Top-most, releasable space:                   133024 Byte
20220313 000800.531 INFO             PET0 PIOc_sync Enter - MemInfo: [malloc] Total space in use, mmap + non-mmap:        14235696 Byte
20220313 000800.531 INFO             PET0 PIOc_sync Enter - MemInfo: [malloc] Total space held (mmap + non-mmap):         14397440 Byte
20220313 000800.531 INFO             PET0 PIOc_sync Enter - MemInfo: [malloc] Total space used (mmap + non-mmap):         14244720 Byte
20220313 000800.531 INFO             PET0 PIOc_sync Enter - MemInfo: Wall-clock time since execution start:              0.0679681 seconds
20220313 000800.531 INFO             PET0 PIOc_sync Exit - MemInfo: [/proc/meminfo - SSI]	MemTotal:       65855856 kB
20220313 000800.531 INFO             PET0 PIOc_sync Exit - MemInfo: [/proc/meminfo - SSI]	MemFree:        61210096 kB
20220313 000800.531 INFO             PET0 PIOc_sync Exit - MemInfo: [/proc/meminfo - SSI]	MemAvailable:   60991988 kB
20220313 000800.531 INFO             PET0 PIOc_sync Exit - MemInfo: [/proc/meminfo - SSI]	Committed_AS:    2910928 kB
20220313 000800.531 INFO             PET0 PIOc_sync Exit - MemInfo: [/proc/meminfo - SSI]	CommittedPercent: 4.42015 %
20220313 000800.531 INFO             PET0 PIOc_sync Exit - MemInfo: [/proc/self/status]	VmPeak:	  228608 kB
20220313 000800.531 INFO             PET0 PIOc_sync Exit - MemInfo: [/proc/self/status]	VmSize:	  228608 kB
20220313 000800.531 INFO             PET0 PIOc_sync Exit - MemInfo: [/proc/self/status]	VmLck:	       0 kB
20220313 000800.531 INFO             PET0 PIOc_sync Exit - MemInfo: [/proc/self/status]	VmPin:	       0 kB
20220313 000800.531 INFO             PET0 PIOc_sync Exit - MemInfo: [/proc/self/status]	VmHWM:	   33088 kB
20220313 000800.531 INFO             PET0 PIOc_sync Exit - MemInfo: [/proc/self/status]	VmRSS:	   33088 kB
20220313 000800.531 INFO             PET0 PIOc_sync Exit - MemInfo: [/proc/self/status]	VmData:	   35052 kB
20220313 000800.531 INFO             PET0 PIOc_sync Exit - MemInfo: [/proc/self/status]	VmStk:	     508 kB
20220313 000800.531 INFO             PET0 PIOc_sync Exit - MemInfo: [/proc/self/status]	VmExe:	     992 kB
20220313 000800.531 INFO             PET0 PIOc_sync Exit - MemInfo: [/proc/self/status]	VmLib:	   93984 kB
20220313 000800.531 INFO             PET0 PIOc_sync Exit - MemInfo: [/proc/self/status]	VmPTE:	     368 kB
20220313 000800.531 INFO             PET0 PIOc_sync Exit - MemInfo: [/proc/self/status]	VmPMD:	      12 kB
20220313 000800.531 INFO             PET0 PIOc_sync Exit - MemInfo: [/proc/self/status]	VmSwap:	       0 kB
20220313 000800.531 INFO             PET0 PIOc_sync Exit - MemInfo: [/proc/self/status]	VmRSSPercent: 0.0502431 %
20220313 000800.531 INFO             PET0 PIOc_sync Exit - MemInfo: [malloc] Non-mmapped space allocated:                 1470464 Byte
20220313 000800.531 INFO             PET0 PIOc_sync Exit - MemInfo: [malloc] Space allocated in mmapped regions:         13258752 Byte
20220313 000800.531 INFO             PET0 PIOc_sync Exit - MemInfo: [malloc] Maximum total allocated space:                     0 Byte
20220313 000800.531 INFO             PET0 PIOc_sync Exit - MemInfo: [malloc] Space in freed fastbin blocks:                     0 Byte
20220313 000800.531 INFO             PET0 PIOc_sync Exit - MemInfo: [malloc] Total allocated space:                       1377536 Byte
20220313 000800.531 INFO             PET0 PIOc_sync Exit - MemInfo: [malloc] Total free space:                              92928 Byte
20220313 000800.531 INFO             PET0 PIOc_sync Exit - MemInfo: [malloc] Top-most, releasable space:                    67472 Byte
20220313 000800.531 INFO             PET0 PIOc_sync Exit - MemInfo: [malloc] Total space in use, mmap + non-mmap:        14636288 Byte
20220313 000800.531 INFO             PET0 PIOc_sync Exit - MemInfo: [malloc] Total space held (mmap + non-mmap):         14729216 Byte
20220313 000800.531 INFO             PET0 PIOc_sync Exit - MemInfo: [malloc] Total space used (mmap + non-mmap):         14644784 Byte
20220313 000800.531 INFO             PET0 PIOc_sync Exit - MemInfo: Wall-clock time since execution start:              0.0685761 seconds
20220313 000800.532 INFO             PET0 PIOc_freedecomp Enter - MemInfo: [/proc/meminfo - SSI]	MemTotal:       65855856 kB
20220313 000800.532 INFO             PET0 PIOc_freedecomp Enter - MemInfo: [/proc/meminfo - SSI]	MemFree:        61216648 kB
20220313 000800.532 INFO             PET0 PIOc_freedecomp Enter - MemInfo: [/proc/meminfo - SSI]	MemAvailable:   60998540 kB
20220313 000800.532 INFO             PET0 PIOc_freedecomp Enter - MemInfo: [/proc/meminfo - SSI]	Committed_AS:    2903064 kB
20220313 000800.532 INFO             PET0 PIOc_freedecomp Enter - MemInfo: [/proc/meminfo - SSI]	CommittedPercent: 4.40821 %
20220313 000800.532 INFO             PET0 PIOc_freedecomp Enter - MemInfo: [/proc/self/status]	VmPeak:	  228608 kB
20220313 000800.532 INFO             PET0 PIOc_freedecomp Enter - MemInfo: [/proc/self/status]	VmSize:	  219896 kB
20220313 000800.532 INFO             PET0 PIOc_freedecomp Enter - MemInfo: [/proc/self/status]	VmLck:	       0 kB
20220313 000800.532 INFO             PET0 PIOc_freedecomp Enter - MemInfo: [/proc/self/status]	VmPin:	       0 kB
20220313 000800.532 INFO             PET0 PIOc_freedecomp Enter - MemInfo: [/proc/self/status]	VmHWM:	   33088 kB
20220313 000800.532 INFO             PET0 PIOc_freedecomp Enter - MemInfo: [/proc/self/status]	VmRSS:	   25116 kB
20220313 000800.532 INFO             PET0 PIOc_freedecomp Enter - MemInfo: [/proc/self/status]	VmData:	   26340 kB
20220313 000800.532 INFO             PET0 PIOc_freedecomp Enter - MemInfo: [/proc/self/status]	VmStk:	     508 kB
20220313 000800.532 INFO             PET0 PIOc_freedecomp Enter - MemInfo: [/proc/self/status]	VmExe:	     992 kB
20220313 000800.532 INFO             PET0 PIOc_freedecomp Enter - MemInfo: [/proc/self/status]	VmLib:	   93984 kB
20220313 000800.532 INFO             PET0 PIOc_freedecomp Enter - MemInfo: [/proc/self/status]	VmPTE:	     356 kB
20220313 000800.532 INFO             PET0 PIOc_freedecomp Enter - MemInfo: [/proc/self/status]	VmPMD:	      12 kB
20220313 000800.532 INFO             PET0 PIOc_freedecomp Enter - MemInfo: [/proc/self/status]	VmSwap:	       0 kB
20220313 000800.532 INFO             PET0 PIOc_freedecomp Enter - MemInfo: [/proc/self/status]	VmRSSPercent: 0.0381378 %
20220313 000800.532 INFO             PET0 PIOc_freedecomp Enter - MemInfo: [malloc] Non-mmapped space allocated:                 1470464 Byte
20220313 000800.532 INFO             PET0 PIOc_freedecomp Enter - MemInfo: [malloc] Space allocated in mmapped regions:          4337664 Byte
20220313 000800.532 INFO             PET0 PIOc_freedecomp Enter - MemInfo: [malloc] Maximum total allocated space:                     0 Byte
20220313 000800.532 INFO             PET0 PIOc_freedecomp Enter - MemInfo: [malloc] Space in freed fastbin blocks:                   352 Byte
20220313 000800.532 INFO             PET0 PIOc_freedecomp Enter - MemInfo: [malloc] Total allocated space:                       1367312 Byte
20220313 000800.532 INFO             PET0 PIOc_freedecomp Enter - MemInfo: [malloc] Total free space:                             103152 Byte
20220313 000800.532 INFO             PET0 PIOc_freedecomp Enter - MemInfo: [malloc] Top-most, releasable space:                    67472 Byte
20220313 000800.532 INFO             PET0 PIOc_freedecomp Enter - MemInfo: [malloc] Total space in use, mmap + non-mmap:         5704976 Byte
20220313 000800.532 INFO             PET0 PIOc_freedecomp Enter - MemInfo: [malloc] Total space held (mmap + non-mmap):          5808128 Byte
20220313 000800.532 INFO             PET0 PIOc_freedecomp Enter - MemInfo: [malloc] Total space used (mmap + non-mmap):          5713408 Byte
20220313 000800.532 INFO             PET0 PIOc_freedecomp Enter - MemInfo: Wall-clock time since execution start:              0.0694091 seconds
20220313 000800.532 INFO             PET0 PIOc_freedecomp Exit - MemInfo: [/proc/meminfo - SSI]	MemTotal:       65855856 kB
20220313 000800.532 INFO             PET0 PIOc_freedecomp Exit - MemInfo: [/proc/meminfo - SSI]	MemFree:        61216648 kB
20220313 000800.532 INFO             PET0 PIOc_freedecomp Exit - MemInfo: [/proc/meminfo - SSI]	MemAvailable:   60998540 kB
20220313 000800.532 INFO             PET0 PIOc_freedecomp Exit - MemInfo: [/proc/meminfo - SSI]	Committed_AS:    2903064 kB
20220313 000800.532 INFO             PET0 PIOc_freedecomp Exit - MemInfo: [/proc/meminfo - SSI]	CommittedPercent: 4.40821 %
20220313 000800.532 INFO             PET0 PIOc_freedecomp Exit - MemInfo: [/proc/self/status]	VmPeak:	  228608 kB
20220313 000800.532 INFO             PET0 PIOc_freedecomp Exit - MemInfo: [/proc/self/status]	VmSize:	  219896 kB
20220313 000800.532 INFO             PET0 PIOc_freedecomp Exit - MemInfo: [/proc/self/status]	VmLck:	       0 kB
20220313 000800.532 INFO             PET0 PIOc_freedecomp Exit - MemInfo: [/proc/self/status]	VmPin:	       0 kB
20220313 000800.532 INFO             PET0 PIOc_freedecomp Exit - MemInfo: [/proc/self/status]	VmHWM:	   33088 kB
20220313 000800.532 INFO             PET0 PIOc_freedecomp Exit - MemInfo: [/proc/self/status]	VmRSS:	   25116 kB
20220313 000800.532 INFO             PET0 PIOc_freedecomp Exit - MemInfo: [/proc/self/status]	VmData:	   26340 kB
20220313 000800.532 INFO             PET0 PIOc_freedecomp Exit - MemInfo: [/proc/self/status]	VmStk:	     508 kB
20220313 000800.532 INFO             PET0 PIOc_freedecomp Exit - MemInfo: [/proc/self/status]	VmExe:	     992 kB
20220313 000800.532 INFO             PET0 PIOc_freedecomp Exit - MemInfo: [/proc/self/status]	VmLib:	   93984 kB
20220313 000800.532 INFO             PET0 PIOc_freedecomp Exit - MemInfo: [/proc/self/status]	VmPTE:	     356 kB
20220313 000800.532 INFO             PET0 PIOc_freedecomp Exit - MemInfo: [/proc/self/status]	VmPMD:	      12 kB
20220313 000800.532 INFO             PET0 PIOc_freedecomp Exit - MemInfo: [/proc/self/status]	VmSwap:	       0 kB
20220313 000800.532 INFO             PET0 PIOc_freedecomp Exit - MemInfo: [/proc/self/status]	VmRSSPercent: 0.0381378 %
20220313 000800.532 INFO             PET0 PIOc_freedecomp Exit - MemInfo: [malloc] Non-mmapped space allocated:                 1470464 Byte
20220313 000800.532 INFO             PET0 PIOc_freedecomp Exit - MemInfo: [malloc] Space allocated in mmapped regions:          4337664 Byte
20220313 000800.532 INFO             PET0 PIOc_freedecomp Exit - MemInfo: [malloc] Maximum total allocated space:                     0 Byte
20220313 000800.532 INFO             PET0 PIOc_freedecomp Exit - MemInfo: [malloc] Space in freed fastbin blocks:                   816 Byte
20220313 000800.532 INFO             PET0 PIOc_freedecomp Exit - MemInfo: [malloc] Total allocated space:                       1364688 Byte
20220313 000800.532 INFO             PET0 PIOc_freedecomp Exit - MemInfo: [malloc] Total free space:                             105776 Byte
20220313 000800.532 INFO             PET0 PIOc_freedecomp Exit - MemInfo: [malloc] Top-most, releasable space:                    67472 Byte
20220313 000800.532 INFO             PET0 PIOc_freedecomp Exit - MemInfo: [malloc] Total space in use, mmap + non-mmap:         5702352 Byte
20220313 000800.532 INFO             PET0 PIOc_freedecomp Exit - MemInfo: [malloc] Total space held (mmap + non-mmap):          5808128 Byte
20220313 000800.532 INFO             PET0 PIOc_freedecomp Exit - MemInfo: [malloc] Total space used (mmap + non-mmap):          5710784 Byte
20220313 000800.532 INFO             PET0 PIOc_freedecomp Exit - MemInfo: Wall-clock time since execution start:              0.0696781 seconds
20220313 000800.535 INFO             PET0 PIOc_sync Enter - MemInfo: [/proc/meminfo - SSI]	MemTotal:       65855856 kB
20220313 000800.535 INFO             PET0 PIOc_sync Enter - MemInfo: [/proc/meminfo - SSI]	MemFree:        61214128 kB
20220313 000800.535 INFO             PET0 PIOc_sync Enter - MemInfo: [/proc/meminfo - SSI]	MemAvailable:   60996020 kB
20220313 000800.535 INFO             PET0 PIOc_sync Enter - MemInfo: [/proc/meminfo - SSI]	Committed_AS:    2911316 kB
20220313 000800.535 INFO             PET0 PIOc_sync Enter - MemInfo: [/proc/meminfo - SSI]	CommittedPercent: 4.42074 %
20220313 000800.535 INFO             PET0 PIOc_sync Enter - MemInfo: [/proc/self/status]	VmPeak:	  228628 kB
20220313 000800.535 INFO             PET0 PIOc_sync Enter - MemInfo: [/proc/self/status]	VmSize:	  228628 kB
20220313 000800.535 INFO             PET0 PIOc_sync Enter - MemInfo: [/proc/self/status]	VmLck:	       0 kB
20220313 000800.535 INFO             PET0 PIOc_sync Enter - MemInfo: [/proc/self/status]	VmPin:	       0 kB
20220313 000800.535 INFO             PET0 PIOc_sync Enter - MemInfo: [/proc/self/status]	VmHWM:	   33088 kB
20220313 000800.535 INFO             PET0 PIOc_sync Enter - MemInfo: [/proc/self/status]	VmRSS:	   29040 kB
20220313 000800.535 INFO             PET0 PIOc_sync Enter - MemInfo: [/proc/self/status]	VmData:	   35108 kB
20220313 000800.535 INFO             PET0 PIOc_sync Enter - MemInfo: [/proc/self/status]	VmStk:	     508 kB
20220313 000800.535 INFO             PET0 PIOc_sync Enter - MemInfo: [/proc/self/status]	VmExe:	     992 kB
20220313 000800.535 INFO             PET0 PIOc_sync Enter - MemInfo: [/proc/self/status]	VmLib:	   93984 kB
20220313 000800.535 INFO             PET0 PIOc_sync Enter - MemInfo: [/proc/self/status]	VmPTE:	     368 kB
20220313 000800.535 INFO             PET0 PIOc_sync Enter - MemInfo: [/proc/self/status]	VmPMD:	      12 kB
20220313 000800.535 INFO             PET0 PIOc_sync Enter - MemInfo: [/proc/self/status]	VmSwap:	       0 kB
20220313 000800.535 INFO             PET0 PIOc_sync Enter - MemInfo: [/proc/self/status]	VmRSSPercent: 0.0440963 %
20220313 000800.535 INFO             PET0 PIOc_sync Enter - MemInfo: [malloc] Non-mmapped space allocated:                10448896 Byte
20220313 000800.535 INFO             PET0 PIOc_sync Enter - MemInfo: [malloc] Space allocated in mmapped regions:          4337664 Byte
20220313 000800.535 INFO             PET0 PIOc_sync Enter - MemInfo: [malloc] Maximum total allocated space:                     0 Byte
20220313 000800.535 INFO             PET0 PIOc_sync Enter - MemInfo: [malloc] Space in freed fastbin blocks:                   112 Byte
20220313 000800.535 INFO             PET0 PIOc_sync Enter - MemInfo: [malloc] Total allocated space:                      10292128 Byte
20220313 000800.535 INFO             PET0 PIOc_sync Enter - MemInfo: [malloc] Total free space:                             156768 Byte
20220313 000800.535 INFO             PET0 PIOc_sync Enter - MemInfo: [malloc] Top-most, releasable space:                   132976 Byte
20220313 000800.535 INFO             PET0 PIOc_sync Enter - MemInfo: [malloc] Total space in use, mmap + non-mmap:        14629792 Byte
20220313 000800.535 INFO             PET0 PIOc_sync Enter - MemInfo: [malloc] Total space held (mmap + non-mmap):         14786560 Byte
20220313 000800.535 INFO             PET0 PIOc_sync Enter - MemInfo: [malloc] Total space used (mmap + non-mmap):         14638112 Byte
20220313 000800.535 INFO             PET0 PIOc_sync Enter - MemInfo: Wall-clock time since execution start:              0.0726771 seconds
20220313 000800.535 INFO             PET0 PIOc_sync Exit - MemInfo: [/proc/meminfo - SSI]	MemTotal:       65855856 kB
20220313 000800.535 INFO             PET0 PIOc_sync Exit - MemInfo: [/proc/meminfo - SSI]	MemFree:        61214128 kB
20220313 000800.535 INFO             PET0 PIOc_sync Exit - MemInfo: [/proc/meminfo - SSI]	MemAvailable:   60996020 kB
20220313 000800.535 INFO             PET0 PIOc_sync Exit - MemInfo: [/proc/meminfo - SSI]	Committed_AS:    2911316 kB
20220313 000800.535 INFO             PET0 PIOc_sync Exit - MemInfo: [/proc/meminfo - SSI]	CommittedPercent: 4.42074 %
20220313 000800.536 INFO             PET0 PIOc_sync Exit - MemInfo: [/proc/self/status]	VmPeak:	  228628 kB
20220313 000800.536 INFO             PET0 PIOc_sync Exit - MemInfo: [/proc/self/status]	VmSize:	  228628 kB
20220313 000800.536 INFO             PET0 PIOc_sync Exit - MemInfo: [/proc/self/status]	VmLck:	       0 kB
20220313 000800.536 INFO             PET0 PIOc_sync Exit - MemInfo: [/proc/self/status]	VmPin:	       0 kB
20220313 000800.536 INFO             PET0 PIOc_sync Exit - MemInfo: [/proc/self/status]	VmHWM:	   33088 kB
20220313 000800.536 INFO             PET0 PIOc_sync Exit - MemInfo: [/proc/self/status]	VmRSS:	   29040 kB
20220313 000800.536 INFO             PET0 PIOc_sync Exit - MemInfo: [/proc/self/status]	VmData:	   35108 kB
20220313 000800.536 INFO             PET0 PIOc_sync Exit - MemInfo: [/proc/self/status]	VmStk:	     508 kB
20220313 000800.536 INFO             PET0 PIOc_sync Exit - MemInfo: [/proc/self/status]	VmExe:	     992 kB
20220313 000800.536 INFO             PET0 PIOc_sync Exit - MemInfo: [/proc/self/status]	VmLib:	   93984 kB
20220313 000800.536 INFO             PET0 PIOc_sync Exit - MemInfo: [/proc/self/status]	VmPTE:	     368 kB
20220313 000800.536 INFO             PET0 PIOc_sync Exit - MemInfo: [/proc/self/status]	VmPMD:	      12 kB
20220313 000800.536 INFO             PET0 PIOc_sync Exit - MemInfo: [/proc/self/status]	VmSwap:	       0 kB
20220313 000800.536 INFO             PET0 PIOc_sync Exit - MemInfo: [/proc/self/status]	VmRSSPercent: 0.0440963 %
20220313 000800.536 INFO             PET0 PIOc_sync Exit - MemInfo: [malloc] Non-mmapped space allocated:                10448896 Byte
20220313 000800.536 INFO             PET0 PIOc_sync Exit - MemInfo: [malloc] Space allocated in mmapped regions:          4337664 Byte
20220313 000800.536 INFO             PET0 PIOc_sync Exit - MemInfo: [malloc] Maximum total allocated space:                     0 Byte
20220313 000800.536 INFO             PET0 PIOc_sync Exit - MemInfo: [malloc] Space in freed fastbin blocks:                     0 Byte
20220313 000800.536 INFO             PET0 PIOc_sync Exit - MemInfo: [malloc] Total allocated space:                      10293200 Byte
20220313 000800.536 INFO             PET0 PIOc_sync Exit - MemInfo: [malloc] Total free space:                             155696 Byte
20220313 000800.536 INFO             PET0 PIOc_sync Exit - MemInfo: [malloc] Top-most, releasable space:                   132976 Byte
20220313 000800.536 INFO             PET0 PIOc_sync Exit - MemInfo: [malloc] Total space in use, mmap + non-mmap:        14630864 Byte
20220313 000800.536 INFO             PET0 PIOc_sync Exit - MemInfo: [malloc] Total space held (mmap + non-mmap):         14786560 Byte
20220313 000800.536 INFO             PET0 PIOc_sync Exit - MemInfo: [malloc] Total space used (mmap + non-mmap):         14639184 Byte
20220313 000800.536 INFO             PET0 PIOc_sync Exit - MemInfo: Wall-clock time since execution start:              0.0731101 seconds
20220313 000800.536 INFO             PET0 PIOc_freedecomp Enter - MemInfo: [/proc/meminfo - SSI]	MemTotal:       65855856 kB
20220313 000800.536 INFO             PET0 PIOc_freedecomp Enter - MemInfo: [/proc/meminfo - SSI]	MemFree:        61214128 kB
20220313 000800.536 INFO             PET0 PIOc_freedecomp Enter - MemInfo: [/proc/meminfo - SSI]	MemAvailable:   60996020 kB
20220313 000800.536 INFO             PET0 PIOc_freedecomp Enter - MemInfo: [/proc/meminfo - SSI]	Committed_AS:    2911316 kB
20220313 000800.536 INFO             PET0 PIOc_freedecomp Enter - MemInfo: [/proc/meminfo - SSI]	CommittedPercent: 4.42074 %
20220313 000800.536 INFO             PET0 PIOc_freedecomp Enter - MemInfo: [/proc/self/status]	VmPeak:	  228628 kB
20220313 000800.536 INFO             PET0 PIOc_freedecomp Enter - MemInfo: [/proc/self/status]	VmSize:	  228628 kB
20220313 000800.536 INFO             PET0 PIOc_freedecomp Enter - MemInfo: [/proc/self/status]	VmLck:	       0 kB
20220313 000800.536 INFO             PET0 PIOc_freedecomp Enter - MemInfo: [/proc/self/status]	VmPin:	       0 kB
20220313 000800.536 INFO             PET0 PIOc_freedecomp Enter - MemInfo: [/proc/self/status]	VmHWM:	   33088 kB
20220313 000800.536 INFO             PET0 PIOc_freedecomp Enter - MemInfo: [/proc/self/status]	VmRSS:	   29040 kB
20220313 000800.536 INFO             PET0 PIOc_freedecomp Enter - MemInfo: [/proc/self/status]	VmData:	   35108 kB
20220313 000800.536 INFO             PET0 PIOc_freedecomp Enter - MemInfo: [/proc/self/status]	VmStk:	     508 kB
20220313 000800.536 INFO             PET0 PIOc_freedecomp Enter - MemInfo: [/proc/self/status]	VmExe:	     992 kB
20220313 000800.536 INFO             PET0 PIOc_freedecomp Enter - MemInfo: [/proc/self/status]	VmLib:	   93984 kB
20220313 000800.536 INFO             PET0 PIOc_freedecomp Enter - MemInfo: [/proc/self/status]	VmPTE:	     368 kB
20220313 000800.536 INFO             PET0 PIOc_freedecomp Enter - MemInfo: [/proc/self/status]	VmPMD:	      12 kB
20220313 000800.536 INFO             PET0 PIOc_freedecomp Enter - MemInfo: [/proc/self/status]	VmSwap:	       0 kB
20220313 000800.536 INFO             PET0 PIOc_freedecomp Enter - MemInfo: [/proc/self/status]	VmRSSPercent: 0.0440963 %
20220313 000800.536 INFO             PET0 PIOc_freedecomp Enter - MemInfo: [malloc] Non-mmapped space allocated:                10448896 Byte
20220313 000800.536 INFO             PET0 PIOc_freedecomp Enter - MemInfo: [malloc] Space allocated in mmapped regions:          4337664 Byte
20220313 000800.536 INFO             PET0 PIOc_freedecomp Enter - MemInfo: [malloc] Maximum total allocated space:                     0 Byte
20220313 000800.536 INFO             PET0 PIOc_freedecomp Enter - MemInfo: [malloc] Space in freed fastbin blocks:                   256 Byte
20220313 000800.536 INFO             PET0 PIOc_freedecomp Enter - MemInfo: [malloc] Total allocated space:                       1369136 Byte
20220313 000800.536 INFO             PET0 PIOc_freedecomp Enter - MemInfo: [malloc] Total free space:                            9079760 Byte
20220313 000800.536 INFO             PET0 PIOc_freedecomp Enter - MemInfo: [malloc] Top-most, releasable space:                  9045904 Byte
20220313 000800.536 INFO             PET0 PIOc_freedecomp Enter - MemInfo: [malloc] Total space in use, mmap + non-mmap:         5706800 Byte
20220313 000800.536 INFO             PET0 PIOc_freedecomp Enter - MemInfo: [malloc] Total space held (mmap + non-mmap):         14786560 Byte
20220313 000800.536 INFO             PET0 PIOc_freedecomp Enter - MemInfo: [malloc] Total space used (mmap + non-mmap):          5715008 Byte
20220313 000800.536 INFO             PET0 PIOc_freedecomp Enter - MemInfo: Wall-clock time since execution start:               0.073621 seconds
20220313 000800.536 INFO             PET0 PIOc_freedecomp Exit - MemInfo: [/proc/meminfo - SSI]	MemTotal:       65855856 kB
20220313 000800.536 INFO             PET0 PIOc_freedecomp Exit - MemInfo: [/proc/meminfo - SSI]	MemFree:        61214128 kB
20220313 000800.536 INFO             PET0 PIOc_freedecomp Exit - MemInfo: [/proc/meminfo - SSI]	MemAvailable:   60996020 kB
20220313 000800.536 INFO             PET0 PIOc_freedecomp Exit - MemInfo: [/proc/meminfo - SSI]	Committed_AS:    2911316 kB
20220313 000800.536 INFO             PET0 PIOc_freedecomp Exit - MemInfo: [/proc/meminfo - SSI]	CommittedPercent: 4.42074 %
20220313 000800.536 INFO             PET0 PIOc_freedecomp Exit - MemInfo: [/proc/self/status]	VmPeak:	  228628 kB
20220313 000800.536 INFO             PET0 PIOc_freedecomp Exit - MemInfo: [/proc/self/status]	VmSize:	  228628 kB
20220313 000800.536 INFO             PET0 PIOc_freedecomp Exit - MemInfo: [/proc/self/status]	VmLck:	       0 kB
20220313 000800.536 INFO             PET0 PIOc_freedecomp Exit - MemInfo: [/proc/self/status]	VmPin:	       0 kB
20220313 000800.536 INFO             PET0 PIOc_freedecomp Exit - MemInfo: [/proc/self/status]	VmHWM:	   33088 kB
20220313 000800.536 INFO             PET0 PIOc_freedecomp Exit - MemInfo: [/proc/self/status]	VmRSS:	   29040 kB
20220313 000800.536 INFO             PET0 PIOc_freedecomp Exit - MemInfo: [/proc/self/status]	VmData:	   35108 kB
20220313 000800.536 INFO             PET0 PIOc_freedecomp Exit - MemInfo: [/proc/self/status]	VmStk:	     508 kB
20220313 000800.536 INFO             PET0 PIOc_freedecomp Exit - MemInfo: [/proc/self/status]	VmExe:	     992 kB
20220313 000800.536 INFO             PET0 PIOc_freedecomp Exit - MemInfo: [/proc/self/status]	VmLib:	   93984 kB
20220313 000800.536 INFO             PET0 PIOc_freedecomp Exit - MemInfo: [/proc/self/status]	VmPTE:	     368 kB
20220313 000800.536 INFO             PET0 PIOc_freedecomp Exit - MemInfo: [/proc/self/status]	VmPMD:	      12 kB
20220313 000800.536 INFO             PET0 PIOc_freedecomp Exit - MemInfo: [/proc/self/status]	VmSwap:	       0 kB
20220313 000800.536 INFO             PET0 PIOc_freedecomp Exit - MemInfo: [/proc/self/status]	VmRSSPercent: 0.0440963 %
20220313 000800.536 INFO             PET0 PIOc_freedecomp Exit - MemInfo: [malloc] Non-mmapped space allocated:                10448896 Byte
20220313 000800.536 INFO             PET0 PIOc_freedecomp Exit - MemInfo: [malloc] Space allocated in mmapped regions:          4337664 Byte
20220313 000800.536 INFO             PET0 PIOc_freedecomp Exit - MemInfo: [malloc] Maximum total allocated space:                     0 Byte
20220313 000800.536 INFO             PET0 PIOc_freedecomp Exit - MemInfo: [malloc] Space in freed fastbin blocks:                   944 Byte
20220313 000800.537 INFO             PET0 PIOc_freedecomp Exit - MemInfo: [malloc] Total allocated space:                       1365296 Byte
20220313 000800.537 INFO             PET0 PIOc_freedecomp Exit - MemInfo: [malloc] Total free space:                            9083600 Byte
20220313 000800.537 INFO             PET0 PIOc_freedecomp Exit - MemInfo: [malloc] Top-most, releasable space:                  9045904 Byte
20220313 000800.537 INFO             PET0 PIOc_freedecomp Exit - MemInfo: [malloc] Total space in use, mmap + non-mmap:         5702960 Byte
20220313 000800.537 INFO             PET0 PIOc_freedecomp Exit - MemInfo: [malloc] Total space held (mmap + non-mmap):         14786560 Byte
20220313 000800.537 INFO             PET0 PIOc_freedecomp Exit - MemInfo: [malloc] Total space used (mmap + non-mmap):          5711168 Byte
20220313 000800.537 INFO             PET0 PIOc_freedecomp Exit - MemInfo: Wall-clock time since execution start:              0.0739112 seconds
20220313 000800.538 INFO             PET0 PIOc_sync Enter - MemInfo: [/proc/meminfo - SSI]	MemTotal:       65855856 kB
20220313 000800.538 INFO             PET0 PIOc_sync Enter - MemInfo: [/proc/meminfo - SSI]	MemFree:        61213624 kB
20220313 000800.538 INFO             PET0 PIOc_sync Enter - MemInfo: [/proc/meminfo - SSI]	MemAvailable:   60995516 kB
20220313 000800.538 INFO             PET0 PIOc_sync Enter - MemInfo: [/proc/meminfo - SSI]	Committed_AS:    2911316 kB
20220313 000800.538 INFO             PET0 PIOc_sync Enter - MemInfo: [/proc/meminfo - SSI]	CommittedPercent: 4.42074 %
20220313 000800.538 INFO             PET0 PIOc_sync Enter - MemInfo: [/proc/self/status]	VmPeak:	  228628 kB
20220313 000800.538 INFO             PET0 PIOc_sync Enter - MemInfo: [/proc/self/status]	VmSize:	  228628 kB
20220313 000800.538 INFO             PET0 PIOc_sync Enter - MemInfo: [/proc/self/status]	VmLck:	       0 kB
20220313 000800.538 INFO             PET0 PIOc_sync Enter - MemInfo: [/proc/self/status]	VmPin:	       0 kB
20220313 000800.538 INFO             PET0 PIOc_sync Enter - MemInfo: [/proc/self/status]	VmHWM:	   33088 kB
20220313 000800.538 INFO             PET0 PIOc_sync Enter - MemInfo: [/proc/self/status]	VmRSS:	   29568 kB
20220313 000800.538 INFO             PET0 PIOc_sync Enter - MemInfo: [/proc/self/status]	VmData:	   35108 kB
20220313 000800.538 INFO             PET0 PIOc_sync Enter - MemInfo: [/proc/self/status]	VmStk:	     508 kB
20220313 000800.538 INFO             PET0 PIOc_sync Enter - MemInfo: [/proc/self/status]	VmExe:	     992 kB
20220313 000800.538 INFO             PET0 PIOc_sync Enter - MemInfo: [/proc/self/status]	VmLib:	   93984 kB
20220313 000800.538 INFO             PET0 PIOc_sync Enter - MemInfo: [/proc/self/status]	VmPTE:	     368 kB
20220313 000800.538 INFO             PET0 PIOc_sync Enter - MemInfo: [/proc/self/status]	VmPMD:	      12 kB
20220313 000800.538 INFO             PET0 PIOc_sync Enter - MemInfo: [/proc/self/status]	VmSwap:	       0 kB
20220313 000800.538 INFO             PET0 PIOc_sync Enter - MemInfo: [/proc/self/status]	VmRSSPercent: 0.0448981 %
20220313 000800.538 INFO             PET0 PIOc_sync Enter - MemInfo: [malloc] Non-mmapped space allocated:                10448896 Byte
20220313 000800.538 INFO             PET0 PIOc_sync Enter - MemInfo: [malloc] Space allocated in mmapped regions:          4337664 Byte
20220313 000800.538 INFO             PET0 PIOc_sync Enter - MemInfo: [malloc] Maximum total allocated space:                     0 Byte
20220313 000800.538 INFO             PET0 PIOc_sync Enter - MemInfo: [malloc] Space in freed fastbin blocks:                   304 Byte
20220313 000800.538 INFO             PET0 PIOc_sync Enter - MemInfo: [malloc] Total allocated space:                      10294480 Byte
20220313 000800.538 INFO             PET0 PIOc_sync Enter - MemInfo: [malloc] Total free space:                             154416 Byte
20220313 000800.538 INFO             PET0 PIOc_sync Enter - MemInfo: [malloc] Top-most, releasable space:                   132976 Byte
20220313 000800.538 INFO             PET0 PIOc_sync Enter - MemInfo: [malloc] Total space in use, mmap + non-mmap:        14632144 Byte
20220313 000800.538 INFO             PET0 PIOc_sync Enter - MemInfo: [malloc] Total space held (mmap + non-mmap):         14786560 Byte
20220313 000800.538 INFO             PET0 PIOc_sync Enter - MemInfo: [malloc] Total space used (mmap + non-mmap):         14640464 Byte
20220313 000800.538 INFO             PET0 PIOc_sync Enter - MemInfo: Wall-clock time since execution start:               0.075587 seconds
20220313 000800.538 INFO             PET0 PIOc_sync Exit - MemInfo: [/proc/meminfo - SSI]	MemTotal:       65855856 kB
20220313 000800.538 INFO             PET0 PIOc_sync Exit - MemInfo: [/proc/meminfo - SSI]	MemFree:        61213120 kB
20220313 000800.538 INFO             PET0 PIOc_sync Exit - MemInfo: [/proc/meminfo - SSI]	MemAvailable:   60995012 kB
20220313 000800.538 INFO             PET0 PIOc_sync Exit - MemInfo: [/proc/meminfo - SSI]	Committed_AS:    2911316 kB
20220313 000800.538 INFO             PET0 PIOc_sync Exit - MemInfo: [/proc/meminfo - SSI]	CommittedPercent: 4.42074 %
20220313 000800.538 INFO             PET0 PIOc_sync Exit - MemInfo: [/proc/self/status]	VmPeak:	  228628 kB
20220313 000800.538 INFO             PET0 PIOc_sync Exit - MemInfo: [/proc/self/status]	VmSize:	  228628 kB
20220313 000800.538 INFO             PET0 PIOc_sync Exit - MemInfo: [/proc/self/status]	VmLck:	       0 kB
20220313 000800.538 INFO             PET0 PIOc_sync Exit - MemInfo: [/proc/self/status]	VmPin:	       0 kB
20220313 000800.538 INFO             PET0 PIOc_sync Exit - MemInfo: [/proc/self/status]	VmHWM:	   33088 kB
20220313 000800.538 INFO             PET0 PIOc_sync Exit - MemInfo: [/proc/self/status]	VmRSS:	   29568 kB
20220313 000800.538 INFO             PET0 PIOc_sync Exit - MemInfo: [/proc/self/status]	VmData:	   35108 kB
20220313 000800.538 INFO             PET0 PIOc_sync Exit - MemInfo: [/proc/self/status]	VmStk:	     508 kB
20220313 000800.538 INFO             PET0 PIOc_sync Exit - MemInfo: [/proc/self/status]	VmExe:	     992 kB
20220313 000800.538 INFO             PET0 PIOc_sync Exit - MemInfo: [/proc/self/status]	VmLib:	   93984 kB
20220313 000800.538 INFO             PET0 PIOc_sync Exit - MemInfo: [/proc/self/status]	VmPTE:	     372 kB
20220313 000800.538 INFO             PET0 PIOc_sync Exit - MemInfo: [/proc/self/status]	VmPMD:	      12 kB
20220313 000800.539 INFO             PET0 PIOc_sync Exit - MemInfo: [/proc/self/status]	VmSwap:	       0 kB
20220313 000800.539 INFO             PET0 PIOc_sync Exit - MemInfo: [/proc/self/status]	VmRSSPercent: 0.0448981 %
20220313 000800.539 INFO             PET0 PIOc_sync Exit - MemInfo: [malloc] Non-mmapped space allocated:                10448896 Byte
20220313 000800.539 INFO             PET0 PIOc_sync Exit - MemInfo: [malloc] Space allocated in mmapped regions:          4337664 Byte
20220313 000800.539 INFO             PET0 PIOc_sync Exit - MemInfo: [malloc] Maximum total allocated space:                     0 Byte
20220313 000800.539 INFO             PET0 PIOc_sync Exit - MemInfo: [malloc] Space in freed fastbin blocks:                     0 Byte
20220313 000800.539 INFO             PET0 PIOc_sync Exit - MemInfo: [malloc] Total allocated space:                      10295280 Byte
20220313 000800.539 INFO             PET0 PIOc_sync Exit - MemInfo: [malloc] Total free space:                             153616 Byte
20220313 000800.539 INFO             PET0 PIOc_sync Exit - MemInfo: [malloc] Top-most, releasable space:                   132976 Byte
20220313 000800.539 INFO             PET0 PIOc_sync Exit - MemInfo: [malloc] Total space in use, mmap + non-mmap:        14632944 Byte
20220313 000800.539 INFO             PET0 PIOc_sync Exit - MemInfo: [malloc] Total space held (mmap + non-mmap):         14786560 Byte
20220313 000800.539 INFO             PET0 PIOc_sync Exit - MemInfo: [malloc] Total space used (mmap + non-mmap):         14641264 Byte
20220313 000800.539 INFO             PET0 PIOc_sync Exit - MemInfo: Wall-clock time since execution start:               0.075984 seconds
20220313 000800.539 INFO             PET0 PIOc_freedecomp Enter - MemInfo: [/proc/meminfo - SSI]	MemTotal:       65855856 kB
20220313 000800.539 INFO             PET0 PIOc_freedecomp Enter - MemInfo: [/proc/meminfo - SSI]	MemFree:        61213120 kB
20220313 000800.539 INFO             PET0 PIOc_freedecomp Enter - MemInfo: [/proc/meminfo - SSI]	MemAvailable:   60995012 kB
20220313 000800.539 INFO             PET0 PIOc_freedecomp Enter - MemInfo: [/proc/meminfo - SSI]	Committed_AS:    2911316 kB
20220313 000800.539 INFO             PET0 PIOc_freedecomp Enter - MemInfo: [/proc/meminfo - SSI]	CommittedPercent: 4.42074 %
20220313 000800.539 INFO             PET0 PIOc_freedecomp Enter - MemInfo: [/proc/self/status]	VmPeak:	  228628 kB
20220313 000800.539 INFO             PET0 PIOc_freedecomp Enter - MemInfo: [/proc/self/status]	VmSize:	  228628 kB
20220313 000800.539 INFO             PET0 PIOc_freedecomp Enter - MemInfo: [/proc/self/status]	VmLck:	       0 kB
20220313 000800.539 INFO             PET0 PIOc_freedecomp Enter - MemInfo: [/proc/self/status]	VmPin:	       0 kB
20220313 000800.539 INFO             PET0 PIOc_freedecomp Enter - MemInfo: [/proc/self/status]	VmHWM:	   33088 kB
20220313 000800.539 INFO             PET0 PIOc_freedecomp Enter - MemInfo: [/proc/self/status]	VmRSS:	   29568 kB
20220313 000800.539 INFO             PET0 PIOc_freedecomp Enter - MemInfo: [/proc/self/status]	VmData:	   35108 kB
20220313 000800.539 INFO             PET0 PIOc_freedecomp Enter - MemInfo: [/proc/self/status]	VmStk:	     508 kB
20220313 000800.539 INFO             PET0 PIOc_freedecomp Enter - MemInfo: [/proc/self/status]	VmExe:	     992 kB
20220313 000800.539 INFO             PET0 PIOc_freedecomp Enter - MemInfo: [/proc/self/status]	VmLib:	   93984 kB
20220313 000800.539 INFO             PET0 PIOc_freedecomp Enter - MemInfo: [/proc/self/status]	VmPTE:	     372 kB
20220313 000800.539 INFO             PET0 PIOc_freedecomp Enter - MemInfo: [/proc/self/status]	VmPMD:	      12 kB
20220313 000800.539 INFO             PET0 PIOc_freedecomp Enter - MemInfo: [/proc/self/status]	VmSwap:	       0 kB
20220313 000800.539 INFO             PET0 PIOc_freedecomp Enter - MemInfo: [/proc/self/status]	VmRSSPercent: 0.0448981 %
20220313 000800.539 INFO             PET0 PIOc_freedecomp Enter - MemInfo: [malloc] Non-mmapped space allocated:                10448896 Byte
20220313 000800.539 INFO             PET0 PIOc_freedecomp Enter - MemInfo: [malloc] Space allocated in mmapped regions:          4337664 Byte
20220313 000800.539 INFO             PET0 PIOc_freedecomp Enter - MemInfo: [malloc] Maximum total allocated space:                     0 Byte
20220313 000800.539 INFO             PET0 PIOc_freedecomp Enter - MemInfo: [malloc] Space in freed fastbin blocks:                   112 Byte
20220313 000800.539 INFO             PET0 PIOc_freedecomp Enter - MemInfo: [malloc] Total allocated space:                       1370720 Byte
20220313 000800.539 INFO             PET0 PIOc_freedecomp Enter - MemInfo: [malloc] Total free space:                            9078176 Byte
20220313 000800.539 INFO             PET0 PIOc_freedecomp Enter - MemInfo: [malloc] Top-most, releasable space:                  9045904 Byte
20220313 000800.539 INFO             PET0 PIOc_freedecomp Enter - MemInfo: [malloc] Total space in use, mmap + non-mmap:         5708384 Byte
20220313 000800.539 INFO             PET0 PIOc_freedecomp Enter - MemInfo: [malloc] Total space held (mmap + non-mmap):         14786560 Byte
20220313 000800.539 INFO             PET0 PIOc_freedecomp Enter - MemInfo: [malloc] Total space used (mmap + non-mmap):          5716592 Byte
20220313 000800.539 INFO             PET0 PIOc_freedecomp Enter - MemInfo: Wall-clock time since execution start:              0.0764122 seconds
20220313 000800.539 INFO             PET0 PIOc_freedecomp Exit - MemInfo: [/proc/meminfo - SSI]	MemTotal:       65855856 kB
20220313 000800.539 INFO             PET0 PIOc_freedecomp Exit - MemInfo: [/proc/meminfo - SSI]	MemFree:        61213120 kB
20220313 000800.539 INFO             PET0 PIOc_freedecomp Exit - MemInfo: [/proc/meminfo - SSI]	MemAvailable:   60995012 kB
20220313 000800.539 INFO             PET0 PIOc_freedecomp Exit - MemInfo: [/proc/meminfo - SSI]	Committed_AS:    2911316 kB
20220313 000800.539 INFO             PET0 PIOc_freedecomp Exit - MemInfo: [/proc/meminfo - SSI]	CommittedPercent: 4.42074 %
20220313 000800.539 INFO             PET0 PIOc_freedecomp Exit - MemInfo: [/proc/self/status]	VmPeak:	  228628 kB
20220313 000800.539 INFO             PET0 PIOc_freedecomp Exit - MemInfo: [/proc/self/status]	VmSize:	  228628 kB
20220313 000800.539 INFO             PET0 PIOc_freedecomp Exit - MemInfo: [/proc/self/status]	VmLck:	       0 kB
20220313 000800.539 INFO             PET0 PIOc_freedecomp Exit - MemInfo: [/proc/self/status]	VmPin:	       0 kB
20220313 000800.539 INFO             PET0 PIOc_freedecomp Exit - MemInfo: [/proc/self/status]	VmHWM:	   33088 kB
20220313 000800.539 INFO             PET0 PIOc_freedecomp Exit - MemInfo: [/proc/self/status]	VmRSS:	   29568 kB
20220313 000800.539 INFO             PET0 PIOc_freedecomp Exit - MemInfo: [/proc/self/status]	VmData:	   35108 kB
20220313 000800.539 INFO             PET0 PIOc_freedecomp Exit - MemInfo: [/proc/self/status]	VmStk:	     508 kB
20220313 000800.539 INFO             PET0 PIOc_freedecomp Exit - MemInfo: [/proc/self/status]	VmExe:	     992 kB
20220313 000800.539 INFO             PET0 PIOc_freedecomp Exit - MemInfo: [/proc/self/status]	VmLib:	   93984 kB
20220313 000800.539 INFO             PET0 PIOc_freedecomp Exit - MemInfo: [/proc/self/status]	VmPTE:	     372 kB
20220313 000800.539 INFO             PET0 PIOc_freedecomp Exit - MemInfo: [/proc/self/status]	VmPMD:	      12 kB
20220313 000800.539 INFO             PET0 PIOc_freedecomp Exit - MemInfo: [/proc/self/status]	VmSwap:	       0 kB
20220313 000800.539 INFO             PET0 PIOc_freedecomp Exit - MemInfo: [/proc/self/status]	VmRSSPercent: 0.0448981 %
20220313 000800.539 INFO             PET0 PIOc_freedecomp Exit - MemInfo: [malloc] Non-mmapped space allocated:                10448896 Byte
20220313 000800.539 INFO             PET0 PIOc_freedecomp Exit - MemInfo: [malloc] Space allocated in mmapped regions:          4337664 Byte
20220313 000800.539 INFO             PET0 PIOc_freedecomp Exit - MemInfo: [malloc] Maximum total allocated space:                     0 Byte
20220313 000800.539 INFO             PET0 PIOc_freedecomp Exit - MemInfo: [malloc] Space in freed fastbin blocks:                   960 Byte
20220313 000800.539 INFO             PET0 PIOc_freedecomp Exit - MemInfo: [malloc] Total allocated space:                       1366336 Byte
20220313 000800.539 INFO             PET0 PIOc_freedecomp Exit - MemInfo: [malloc] Total free space:                            9082560 Byte
20220313 000800.539 INFO             PET0 PIOc_freedecomp Exit - MemInfo: [malloc] Top-most, releasable space:                  9045904 Byte
20220313 000800.539 INFO             PET0 PIOc_freedecomp Exit - MemInfo: [malloc] Total space in use, mmap + non-mmap:         5704000 Byte
20220313 000800.539 INFO             PET0 PIOc_freedecomp Exit - MemInfo: [malloc] Total space held (mmap + non-mmap):         14786560 Byte
20220313 000800.539 INFO             PET0 PIOc_freedecomp Exit - MemInfo: [malloc] Total space used (mmap + non-mmap):          5712208 Byte
20220313 000800.539 INFO             PET0 PIOc_freedecomp Exit - MemInfo: Wall-clock time since execution start:              0.0766912 seconds
20220313 000800.539 INFO             PET0 PASS ESMC_FieldRegridStoreFile test, ESMC_FieldSMMFromFileUTest.C, line 199
20220313 000800.545 INFO             PET0 PASS ESMC_FieldSMMStore from File test, ESMC_FieldSMMFromFileUTest.C, line 229
20220313 000800.545 INFO             PET0 PASS ESMC_FieldSMMStore From File validation, ESMC_FieldSMMFromFileUTest.C, line 257
20220313 000800.545 INFO             PET0 PASS ESMC_FieldRegridRelease, ESMC_FieldSMMFromFileUTest.C, line 271
20220313 000800.545 INFO             PET0 Ending Test, file ESMC_FieldSMMFromFileUTest.C, line 289
20220313 000800.545 INFO             PET0 Finalizing ESMF
20220313 000800.501 INFO             PET1 !!!!!!!!!!!!!!!!!!!!!!!!!!!!!!!!!!!!!!!!!!!!!!!!!!!!!!
20220313 000800.501 INFO             PET1 !!! THE ESMF_LOG IS SET TO OUTPUT ALL LOG MESSAGES !!!
20220313 000800.501 INFO             PET1 !!!     THIS MAY CAUSE SLOWDOWN IN PERFORMANCE     !!!
20220313 000800.501 INFO             PET1 !!! FOR PRODUCTION RUNS, USE:                      !!!
20220313 000800.501 INFO             PET1 !!!                   ESMF_LOGKIND_Multi_On_Error  !!!
20220313 000800.501 INFO             PET1 !!!!!!!!!!!!!!!!!!!!!!!!!!!!!!!!!!!!!!!!!!!!!!!!!!!!!!
20220313 000800.501 INFO             PET1 Running with ESMF Version   : v8.3.0b09-96-g559b459836
20220313 000800.501 INFO             PET1 ESMF library build date/time: "Mar 12 2022" "23:42:39"
20220313 000800.501 INFO             PET1 ESMF library build location : /lustre/f2/dev/ncep/Mark.Potts/intel_2019.5_mpi_O_jedwards_pio_update2
20220313 000800.501 INFO             PET1 ESMF_COMM                   : mpi
20220313 000800.502 INFO             PET1 ESMF_MOAB                   : enabled
20220313 000800.502 INFO             PET1 ESMF_LAPACK                 : enabled
20220313 000800.502 INFO             PET1 ESMF_NETCDF                 : enabled
20220313 000800.502 INFO             PET1 ESMF_PNETCDF                : disabled
20220313 000800.502 INFO             PET1 ESMF_PIO                    : enabled
20220313 000800.502 INFO             PET1 ESMF_YAMLCPP                : enabled
20220313 000800.502 INFO             PET1 Beginning Test, file ESMC_FieldSMMFromFileUTest.C, line 41
20220313 000800.502 INFO             PET1 Beginning Test, file ESMC_FieldSMMFromFileUTest.C, line 41NUMBER_OF_PROCESSORS 4
20220313 000800.530 INFO             PET1 PIOc_sync Enter - MemInfo: [/proc/meminfo - SSI]	MemTotal:       65855856 kB
20220313 000800.530 INFO             PET1 PIOc_sync Enter - MemInfo: [/proc/meminfo - SSI]	MemFree:        61210096 kB
20220313 000800.530 INFO             PET1 PIOc_sync Enter - MemInfo: [/proc/meminfo - SSI]	MemAvailable:   60991736 kB
20220313 000800.530 INFO             PET1 PIOc_sync Enter - MemInfo: [/proc/meminfo - SSI]	Committed_AS:    2910928 kB
20220313 000800.530 INFO             PET1 PIOc_sync Enter - MemInfo: [/proc/meminfo - SSI]	CommittedPercent: 4.42015 %
20220313 000800.530 INFO             PET1 PIOc_sync Enter - MemInfo: [/proc/self/status]	VmPeak:	  219660 kB
20220313 000800.530 INFO             PET1 PIOc_sync Enter - MemInfo: [/proc/self/status]	VmSize:	  219380 kB
20220313 000800.530 INFO             PET1 PIOc_sync Enter - MemInfo: [/proc/self/status]	VmLck:	       0 kB
20220313 000800.530 INFO             PET1 PIOc_sync Enter - MemInfo: [/proc/self/status]	VmPin:	       0 kB
20220313 000800.530 INFO             PET1 PIOc_sync Enter - MemInfo: [/proc/self/status]	VmHWM:	   23032 kB
20220313 000800.530 INFO             PET1 PIOc_sync Enter - MemInfo: [/proc/self/status]	VmRSS:	   23032 kB
20220313 000800.530 INFO             PET1 PIOc_sync Enter - MemInfo: [/proc/self/status]	VmData:	   25824 kB
20220313 000800.530 INFO             PET1 PIOc_sync Enter - MemInfo: [/proc/self/status]	VmStk:	     508 kB
20220313 000800.530 INFO             PET1 PIOc_sync Enter - MemInfo: [/proc/self/status]	VmExe:	     992 kB
20220313 000800.530 INFO             PET1 PIOc_sync Enter - MemInfo: [/proc/self/status]	VmLib:	   93984 kB
20220313 000800.530 INFO             PET1 PIOc_sync Enter - MemInfo: [/proc/self/status]	VmPTE:	     340 kB
20220313 000800.530 INFO             PET1 PIOc_sync Enter - MemInfo: [/proc/self/status]	VmPMD:	      12 kB
20220313 000800.530 INFO             PET1 PIOc_sync Enter - MemInfo: [/proc/self/status]	VmSwap:	       0 kB
20220313 000800.530 INFO             PET1 PIOc_sync Enter - MemInfo: [/proc/self/status]	VmRSSPercent: 0.0349734 %
20220313 000800.530 INFO             PET1 PIOc_sync Enter - MemInfo: [malloc] Non-mmapped space allocated:                 1273856 Byte
20220313 000800.530 INFO             PET1 PIOc_sync Enter - MemInfo: [malloc] Space allocated in mmapped regions:          4005888 Byte
20220313 000800.530 INFO             PET1 PIOc_sync Enter - MemInfo: [malloc] Maximum total allocated space:                     0 Byte
20220313 000800.531 INFO             PET1 PIOc_sync Enter - MemInfo: [malloc] Space in freed fastbin blocks:                     0 Byte
20220313 000800.531 INFO             PET1 PIOc_sync Enter - MemInfo: [malloc] Total allocated space:                       1125040 Byte
20220313 000800.531 INFO             PET1 PIOc_sync Enter - MemInfo: [malloc] Total free space:                             148816 Byte
20220313 000800.531 INFO             PET1 PIOc_sync Enter - MemInfo: [malloc] Top-most, releasable space:                   131552 Byte
20220313 000800.531 INFO             PET1 PIOc_sync Enter - MemInfo: [malloc] Total space in use, mmap + non-mmap:         5130928 Byte
20220313 000800.531 INFO             PET1 PIOc_sync Enter - MemInfo: [malloc] Total space held (mmap + non-mmap):          5279744 Byte
20220313 000800.531 INFO             PET1 PIOc_sync Enter - MemInfo: [malloc] Total space used (mmap + non-mmap):          5139856 Byte
20220313 000800.531 INFO             PET1 PIOc_sync Enter - MemInfo: Wall-clock time since execution start:              0.0678759 seconds
20220313 000800.531 INFO             PET1 PIOc_sync Exit - MemInfo: [/proc/meminfo - SSI]	MemTotal:       65855856 kB
20220313 000800.531 INFO             PET1 PIOc_sync Exit - MemInfo: [/proc/meminfo - SSI]	MemFree:        61210096 kB
20220313 000800.531 INFO             PET1 PIOc_sync Exit - MemInfo: [/proc/meminfo - SSI]	MemAvailable:   60991988 kB
20220313 000800.531 INFO             PET1 PIOc_sync Exit - MemInfo: [/proc/meminfo - SSI]	Committed_AS:    2910928 kB
20220313 000800.531 INFO             PET1 PIOc_sync Exit - MemInfo: [/proc/meminfo - SSI]	CommittedPercent: 4.42015 %
20220313 000800.531 INFO             PET1 PIOc_sync Exit - MemInfo: [/proc/self/status]	VmPeak:	  219660 kB
20220313 000800.531 INFO             PET1 PIOc_sync Exit - MemInfo: [/proc/self/status]	VmSize:	  219380 kB
20220313 000800.531 INFO             PET1 PIOc_sync Exit - MemInfo: [/proc/self/status]	VmLck:	       0 kB
20220313 000800.531 INFO             PET1 PIOc_sync Exit - MemInfo: [/proc/self/status]	VmPin:	       0 kB
20220313 000800.531 INFO             PET1 PIOc_sync Exit - MemInfo: [/proc/self/status]	VmHWM:	   23032 kB
20220313 000800.531 INFO             PET1 PIOc_sync Exit - MemInfo: [/proc/self/status]	VmRSS:	   23032 kB
20220313 000800.531 INFO             PET1 PIOc_sync Exit - MemInfo: [/proc/self/status]	VmData:	   25824 kB
20220313 000800.531 INFO             PET1 PIOc_sync Exit - MemInfo: [/proc/self/status]	VmStk:	     508 kB
20220313 000800.531 INFO             PET1 PIOc_sync Exit - MemInfo: [/proc/self/status]	VmExe:	     992 kB
20220313 000800.531 INFO             PET1 PIOc_sync Exit - MemInfo: [/proc/self/status]	VmLib:	   93984 kB
20220313 000800.531 INFO             PET1 PIOc_sync Exit - MemInfo: [/proc/self/status]	VmPTE:	     340 kB
20220313 000800.531 INFO             PET1 PIOc_sync Exit - MemInfo: [/proc/self/status]	VmPMD:	      12 kB
20220313 000800.531 INFO             PET1 PIOc_sync Exit - MemInfo: [/proc/self/status]	VmSwap:	       0 kB
20220313 000800.531 INFO             PET1 PIOc_sync Exit - MemInfo: [/proc/self/status]	VmRSSPercent: 0.0349734 %
20220313 000800.531 INFO             PET1 PIOc_sync Exit - MemInfo: [malloc] Non-mmapped space allocated:                 1273856 Byte
20220313 000800.531 INFO             PET1 PIOc_sync Exit - MemInfo: [malloc] Space allocated in mmapped regions:          4005888 Byte
20220313 000800.531 INFO             PET1 PIOc_sync Exit - MemInfo: [malloc] Maximum total allocated space:                     0 Byte
20220313 000800.531 INFO             PET1 PIOc_sync Exit - MemInfo: [malloc] Space in freed fastbin blocks:                     0 Byte
20220313 000800.531 INFO             PET1 PIOc_sync Exit - MemInfo: [malloc] Total allocated space:                       1126656 Byte
20220313 000800.531 INFO             PET1 PIOc_sync Exit - MemInfo: [malloc] Total free space:                             147200 Byte
20220313 000800.531 INFO             PET1 PIOc_sync Exit - MemInfo: [malloc] Top-most, releasable space:                   131552 Byte
20220313 000800.531 INFO             PET1 PIOc_sync Exit - MemInfo: [malloc] Total space in use, mmap + non-mmap:         5132544 Byte
20220313 000800.531 INFO             PET1 PIOc_sync Exit - MemInfo: [malloc] Total space held (mmap + non-mmap):          5279744 Byte
20220313 000800.531 INFO             PET1 PIOc_sync Exit - MemInfo: [malloc] Total space used (mmap + non-mmap):          5141040 Byte
20220313 000800.531 INFO             PET1 PIOc_sync Exit - MemInfo: Wall-clock time since execution start:               0.068527 seconds
20220313 000800.532 INFO             PET1 PIOc_freedecomp Enter - MemInfo: [/proc/meminfo - SSI]	MemTotal:       65855856 kB
20220313 000800.532 INFO             PET1 PIOc_freedecomp Enter - MemInfo: [/proc/meminfo - SSI]	MemFree:        61216648 kB
20220313 000800.532 INFO             PET1 PIOc_freedecomp Enter - MemInfo: [/proc/meminfo - SSI]	MemAvailable:   60998540 kB
20220313 000800.532 INFO             PET1 PIOc_freedecomp Enter - MemInfo: [/proc/meminfo - SSI]	Committed_AS:    2903064 kB
20220313 000800.532 INFO             PET1 PIOc_freedecomp Enter - MemInfo: [/proc/meminfo - SSI]	CommittedPercent: 4.40821 %
20220313 000800.532 INFO             PET1 PIOc_freedecomp Enter - MemInfo: [/proc/self/status]	VmPeak:	  219660 kB
20220313 000800.532 INFO             PET1 PIOc_freedecomp Enter - MemInfo: [/proc/self/status]	VmSize:	  219380 kB
20220313 000800.532 INFO             PET1 PIOc_freedecomp Enter - MemInfo: [/proc/self/status]	VmLck:	       0 kB
20220313 000800.532 INFO             PET1 PIOc_freedecomp Enter - MemInfo: [/proc/self/status]	VmPin:	       0 kB
20220313 000800.532 INFO             PET1 PIOc_freedecomp Enter - MemInfo: [/proc/self/status]	VmHWM:	   23032 kB
20220313 000800.532 INFO             PET1 PIOc_freedecomp Enter - MemInfo: [/proc/self/status]	VmRSS:	   23032 kB
20220313 000800.532 INFO             PET1 PIOc_freedecomp Enter - MemInfo: [/proc/self/status]	VmData:	   25824 kB
20220313 000800.532 INFO             PET1 PIOc_freedecomp Enter - MemInfo: [/proc/self/status]	VmStk:	     508 kB
20220313 000800.532 INFO             PET1 PIOc_freedecomp Enter - MemInfo: [/proc/self/status]	VmExe:	     992 kB
20220313 000800.532 INFO             PET1 PIOc_freedecomp Enter - MemInfo: [/proc/self/status]	VmLib:	   93984 kB
20220313 000800.532 INFO             PET1 PIOc_freedecomp Enter - MemInfo: [/proc/self/status]	VmPTE:	     340 kB
20220313 000800.532 INFO             PET1 PIOc_freedecomp Enter - MemInfo: [/proc/self/status]	VmPMD:	      12 kB
20220313 000800.532 INFO             PET1 PIOc_freedecomp Enter - MemInfo: [/proc/self/status]	VmSwap:	       0 kB
20220313 000800.532 INFO             PET1 PIOc_freedecomp Enter - MemInfo: [/proc/self/status]	VmRSSPercent: 0.0349734 %
20220313 000800.532 INFO             PET1 PIOc_freedecomp Enter - MemInfo: [malloc] Non-mmapped space allocated:                 1273856 Byte
20220313 000800.532 INFO             PET1 PIOc_freedecomp Enter - MemInfo: [malloc] Space allocated in mmapped regions:          4005888 Byte
20220313 000800.532 INFO             PET1 PIOc_freedecomp Enter - MemInfo: [malloc] Maximum total allocated space:                     0 Byte
20220313 000800.532 INFO             PET1 PIOc_freedecomp Enter - MemInfo: [malloc] Space in freed fastbin blocks:                     0 Byte
20220313 000800.532 INFO             PET1 PIOc_freedecomp Enter - MemInfo: [malloc] Total allocated space:                       1127312 Byte
20220313 000800.532 INFO             PET1 PIOc_freedecomp Enter - MemInfo: [malloc] Total free space:                             146544 Byte
20220313 000800.532 INFO             PET1 PIOc_freedecomp Enter - MemInfo: [malloc] Top-most, releasable space:                   131328 Byte
20220313 000800.532 INFO             PET1 PIOc_freedecomp Enter - MemInfo: [malloc] Total space in use, mmap + non-mmap:         5133200 Byte
20220313 000800.532 INFO             PET1 PIOc_freedecomp Enter - MemInfo: [malloc] Total space held (mmap + non-mmap):          5279744 Byte
20220313 000800.532 INFO             PET1 PIOc_freedecomp Enter - MemInfo: [malloc] Total space used (mmap + non-mmap):          5141696 Byte
20220313 000800.532 INFO             PET1 PIOc_freedecomp Enter - MemInfo: Wall-clock time since execution start:              0.0693209 seconds
20220313 000800.532 INFO             PET1 PIOc_freedecomp Exit - MemInfo: [/proc/meminfo - SSI]	MemTotal:       65855856 kB
20220313 000800.532 INFO             PET1 PIOc_freedecomp Exit - MemInfo: [/proc/meminfo - SSI]	MemFree:        61216648 kB
20220313 000800.532 INFO             PET1 PIOc_freedecomp Exit - MemInfo: [/proc/meminfo - SSI]	MemAvailable:   60998540 kB
20220313 000800.532 INFO             PET1 PIOc_freedecomp Exit - MemInfo: [/proc/meminfo - SSI]	Committed_AS:    2903064 kB
20220313 000800.532 INFO             PET1 PIOc_freedecomp Exit - MemInfo: [/proc/meminfo - SSI]	CommittedPercent: 4.40821 %
20220313 000800.532 INFO             PET1 PIOc_freedecomp Exit - MemInfo: [/proc/self/status]	VmPeak:	  219660 kB
20220313 000800.532 INFO             PET1 PIOc_freedecomp Exit - MemInfo: [/proc/self/status]	VmSize:	  219380 kB
20220313 000800.532 INFO             PET1 PIOc_freedecomp Exit - MemInfo: [/proc/self/status]	VmLck:	       0 kB
20220313 000800.532 INFO             PET1 PIOc_freedecomp Exit - MemInfo: [/proc/self/status]	VmPin:	       0 kB
20220313 000800.532 INFO             PET1 PIOc_freedecomp Exit - MemInfo: [/proc/self/status]	VmHWM:	   23032 kB
20220313 000800.532 INFO             PET1 PIOc_freedecomp Exit - MemInfo: [/proc/self/status]	VmRSS:	   23032 kB
20220313 000800.532 INFO             PET1 PIOc_freedecomp Exit - MemInfo: [/proc/self/status]	VmData:	   25824 kB
20220313 000800.532 INFO             PET1 PIOc_freedecomp Exit - MemInfo: [/proc/self/status]	VmStk:	     508 kB
20220313 000800.532 INFO             PET1 PIOc_freedecomp Exit - MemInfo: [/proc/self/status]	VmExe:	     992 kB
20220313 000800.532 INFO             PET1 PIOc_freedecomp Exit - MemInfo: [/proc/self/status]	VmLib:	   93984 kB
20220313 000800.532 INFO             PET1 PIOc_freedecomp Exit - MemInfo: [/proc/self/status]	VmPTE:	     340 kB
20220313 000800.532 INFO             PET1 PIOc_freedecomp Exit - MemInfo: [/proc/self/status]	VmPMD:	      12 kB
20220313 000800.532 INFO             PET1 PIOc_freedecomp Exit - MemInfo: [/proc/self/status]	VmSwap:	       0 kB
20220313 000800.532 INFO             PET1 PIOc_freedecomp Exit - MemInfo: [/proc/self/status]	VmRSSPercent: 0.0349734 %
20220313 000800.532 INFO             PET1 PIOc_freedecomp Exit - MemInfo: [malloc] Non-mmapped space allocated:                 1273856 Byte
20220313 000800.532 INFO             PET1 PIOc_freedecomp Exit - MemInfo: [malloc] Space allocated in mmapped regions:          4005888 Byte
20220313 000800.532 INFO             PET1 PIOc_freedecomp Exit - MemInfo: [malloc] Maximum total allocated space:                     0 Byte
20220313 000800.532 INFO             PET1 PIOc_freedecomp Exit - MemInfo: [malloc] Space in freed fastbin blocks:                   128 Byte
20220313 000800.532 INFO             PET1 PIOc_freedecomp Exit - MemInfo: [malloc] Total allocated space:                       1127200 Byte
20220313 000800.532 INFO             PET1 PIOc_freedecomp Exit - MemInfo: [malloc] Total free space:                             146656 Byte
20220313 000800.532 INFO             PET1 PIOc_freedecomp Exit - MemInfo: [malloc] Top-most, releasable space:                   131104 Byte
20220313 000800.532 INFO             PET1 PIOc_freedecomp Exit - MemInfo: [malloc] Total space in use, mmap + non-mmap:         5133088 Byte
20220313 000800.532 INFO             PET1 PIOc_freedecomp Exit - MemInfo: [malloc] Total space held (mmap + non-mmap):          5279744 Byte
20220313 000800.532 INFO             PET1 PIOc_freedecomp Exit - MemInfo: [malloc] Total space used (mmap + non-mmap):          5141520 Byte
20220313 000800.532 INFO             PET1 PIOc_freedecomp Exit - MemInfo: Wall-clock time since execution start:              0.0696299 seconds
20220313 000800.535 INFO             PET1 PIOc_sync Enter - MemInfo: [/proc/meminfo - SSI]	MemTotal:       65855856 kB
20220313 000800.535 INFO             PET1 PIOc_sync Enter - MemInfo: [/proc/meminfo - SSI]	MemFree:        61214128 kB
20220313 000800.535 INFO             PET1 PIOc_sync Enter - MemInfo: [/proc/meminfo - SSI]	MemAvailable:   60996020 kB
20220313 000800.535 INFO             PET1 PIOc_sync Enter - MemInfo: [/proc/meminfo - SSI]	Committed_AS:    2911316 kB
20220313 000800.535 INFO             PET1 PIOc_sync Enter - MemInfo: [/proc/meminfo - SSI]	CommittedPercent: 4.42074 %
20220313 000800.535 INFO             PET1 PIOc_sync Enter - MemInfo: [/proc/self/status]	VmPeak:	  219660 kB
20220313 000800.535 INFO             PET1 PIOc_sync Enter - MemInfo: [/proc/self/status]	VmSize:	  219344 kB
20220313 000800.535 INFO             PET1 PIOc_sync Enter - MemInfo: [/proc/self/status]	VmLck:	       0 kB
20220313 000800.535 INFO             PET1 PIOc_sync Enter - MemInfo: [/proc/self/status]	VmPin:	       0 kB
20220313 000800.535 INFO             PET1 PIOc_sync Enter - MemInfo: [/proc/self/status]	VmHWM:	   23216 kB
20220313 000800.535 INFO             PET1 PIOc_sync Enter - MemInfo: [/proc/self/status]	VmRSS:	   23200 kB
20220313 000800.535 INFO             PET1 PIOc_sync Enter - MemInfo: [/proc/self/status]	VmData:	   25824 kB
20220313 000800.535 INFO             PET1 PIOc_sync Enter - MemInfo: [/proc/self/status]	VmStk:	     508 kB
20220313 000800.535 INFO             PET1 PIOc_sync Enter - MemInfo: [/proc/self/status]	VmExe:	     992 kB
20220313 000800.535 INFO             PET1 PIOc_sync Enter - MemInfo: [/proc/self/status]	VmLib:	   93984 kB
20220313 000800.535 INFO             PET1 PIOc_sync Enter - MemInfo: [/proc/self/status]	VmPTE:	     340 kB
20220313 000800.535 INFO             PET1 PIOc_sync Enter - MemInfo: [/proc/self/status]	VmPMD:	      12 kB
20220313 000800.535 INFO             PET1 PIOc_sync Enter - MemInfo: [/proc/self/status]	VmSwap:	       0 kB
20220313 000800.535 INFO             PET1 PIOc_sync Enter - MemInfo: [/proc/self/status]	VmRSSPercent: 0.0352285 %
20220313 000800.535 INFO             PET1 PIOc_sync Enter - MemInfo: [malloc] Non-mmapped space allocated:                 1273856 Byte
20220313 000800.535 INFO             PET1 PIOc_sync Enter - MemInfo: [malloc] Space allocated in mmapped regions:          4005888 Byte
20220313 000800.535 INFO             PET1 PIOc_sync Enter - MemInfo: [malloc] Maximum total allocated space:                     0 Byte
20220313 000800.535 INFO             PET1 PIOc_sync Enter - MemInfo: [malloc] Space in freed fastbin blocks:                    80 Byte
20220313 000800.535 INFO             PET1 PIOc_sync Enter - MemInfo: [malloc] Total allocated space:                       1128160 Byte
20220313 000800.535 INFO             PET1 PIOc_sync Enter - MemInfo: [malloc] Total free space:                             145696 Byte
20220313 000800.535 INFO             PET1 PIOc_sync Enter - MemInfo: [malloc] Top-most, releasable space:                   130880 Byte
20220313 000800.535 INFO             PET1 PIOc_sync Enter - MemInfo: [malloc] Total space in use, mmap + non-mmap:         5134048 Byte
20220313 000800.535 INFO             PET1 PIOc_sync Enter - MemInfo: [malloc] Total space held (mmap + non-mmap):          5279744 Byte
20220313 000800.535 INFO             PET1 PIOc_sync Enter - MemInfo: [malloc] Total space used (mmap + non-mmap):          5142256 Byte
20220313 000800.535 INFO             PET1 PIOc_sync Enter - MemInfo: Wall-clock time since execution start:               0.072613 seconds
20220313 000800.535 INFO             PET1 PIOc_sync Exit - MemInfo: [/proc/meminfo - SSI]	MemTotal:       65855856 kB
20220313 000800.535 INFO             PET1 PIOc_sync Exit - MemInfo: [/proc/meminfo - SSI]	MemFree:        61214128 kB
20220313 000800.535 INFO             PET1 PIOc_sync Exit - MemInfo: [/proc/meminfo - SSI]	MemAvailable:   60996020 kB
20220313 000800.535 INFO             PET1 PIOc_sync Exit - MemInfo: [/proc/meminfo - SSI]	Committed_AS:    2911316 kB
20220313 000800.535 INFO             PET1 PIOc_sync Exit - MemInfo: [/proc/meminfo - SSI]	CommittedPercent: 4.42074 %
20220313 000800.536 INFO             PET1 PIOc_sync Exit - MemInfo: [/proc/self/status]	VmPeak:	  219660 kB
20220313 000800.536 INFO             PET1 PIOc_sync Exit - MemInfo: [/proc/self/status]	VmSize:	  219344 kB
20220313 000800.536 INFO             PET1 PIOc_sync Exit - MemInfo: [/proc/self/status]	VmLck:	       0 kB
20220313 000800.536 INFO             PET1 PIOc_sync Exit - MemInfo: [/proc/self/status]	VmPin:	       0 kB
20220313 000800.536 INFO             PET1 PIOc_sync Exit - MemInfo: [/proc/self/status]	VmHWM:	   23216 kB
20220313 000800.536 INFO             PET1 PIOc_sync Exit - MemInfo: [/proc/self/status]	VmRSS:	   23200 kB
20220313 000800.536 INFO             PET1 PIOc_sync Exit - MemInfo: [/proc/self/status]	VmData:	   25824 kB
20220313 000800.536 INFO             PET1 PIOc_sync Exit - MemInfo: [/proc/self/status]	VmStk:	     508 kB
20220313 000800.536 INFO             PET1 PIOc_sync Exit - MemInfo: [/proc/self/status]	VmExe:	     992 kB
20220313 000800.536 INFO             PET1 PIOc_sync Exit - MemInfo: [/proc/self/status]	VmLib:	   93984 kB
20220313 000800.536 INFO             PET1 PIOc_sync Exit - MemInfo: [/proc/self/status]	VmPTE:	     340 kB
20220313 000800.536 INFO             PET1 PIOc_sync Exit - MemInfo: [/proc/self/status]	VmPMD:	      12 kB
20220313 000800.536 INFO             PET1 PIOc_sync Exit - MemInfo: [/proc/self/status]	VmSwap:	       0 kB
20220313 000800.536 INFO             PET1 PIOc_sync Exit - MemInfo: [/proc/self/status]	VmRSSPercent: 0.0352285 %
20220313 000800.536 INFO             PET1 PIOc_sync Exit - MemInfo: [malloc] Non-mmapped space allocated:                 1273856 Byte
20220313 000800.536 INFO             PET1 PIOc_sync Exit - MemInfo: [malloc] Space allocated in mmapped regions:          4005888 Byte
20220313 000800.536 INFO             PET1 PIOc_sync Exit - MemInfo: [malloc] Maximum total allocated space:                     0 Byte
20220313 000800.536 INFO             PET1 PIOc_sync Exit - MemInfo: [malloc] Space in freed fastbin blocks:                    80 Byte
20220313 000800.536 INFO             PET1 PIOc_sync Exit - MemInfo: [malloc] Total allocated space:                       1128560 Byte
20220313 000800.536 INFO             PET1 PIOc_sync Exit - MemInfo: [malloc] Total free space:                             145296 Byte
20220313 000800.536 INFO             PET1 PIOc_sync Exit - MemInfo: [malloc] Top-most, releasable space:                   130656 Byte
20220313 000800.536 INFO             PET1 PIOc_sync Exit - MemInfo: [malloc] Total space in use, mmap + non-mmap:         5134448 Byte
20220313 000800.536 INFO             PET1 PIOc_sync Exit - MemInfo: [malloc] Total space held (mmap + non-mmap):          5279744 Byte
20220313 000800.536 INFO             PET1 PIOc_sync Exit - MemInfo: [malloc] Total space used (mmap + non-mmap):          5142656 Byte
20220313 000800.536 INFO             PET1 PIOc_sync Exit - MemInfo: Wall-clock time since execution start:                0.07303 seconds
20220313 000800.536 INFO             PET1 PIOc_freedecomp Enter - MemInfo: [/proc/meminfo - SSI]	MemTotal:       65855856 kB
20220313 000800.536 INFO             PET1 PIOc_freedecomp Enter - MemInfo: [/proc/meminfo - SSI]	MemFree:        61214128 kB
20220313 000800.536 INFO             PET1 PIOc_freedecomp Enter - MemInfo: [/proc/meminfo - SSI]	MemAvailable:   60996020 kB
20220313 000800.536 INFO             PET1 PIOc_freedecomp Enter - MemInfo: [/proc/meminfo - SSI]	Committed_AS:    2911316 kB
20220313 000800.536 INFO             PET1 PIOc_freedecomp Enter - MemInfo: [/proc/meminfo - SSI]	CommittedPercent: 4.42074 %
20220313 000800.536 INFO             PET1 PIOc_freedecomp Enter - MemInfo: [/proc/self/status]	VmPeak:	  219660 kB
20220313 000800.536 INFO             PET1 PIOc_freedecomp Enter - MemInfo: [/proc/self/status]	VmSize:	  219344 kB
20220313 000800.536 INFO             PET1 PIOc_freedecomp Enter - MemInfo: [/proc/self/status]	VmLck:	       0 kB
20220313 000800.536 INFO             PET1 PIOc_freedecomp Enter - MemInfo: [/proc/self/status]	VmPin:	       0 kB
20220313 000800.536 INFO             PET1 PIOc_freedecomp Enter - MemInfo: [/proc/self/status]	VmHWM:	   23216 kB
20220313 000800.536 INFO             PET1 PIOc_freedecomp Enter - MemInfo: [/proc/self/status]	VmRSS:	   23200 kB
20220313 000800.536 INFO             PET1 PIOc_freedecomp Enter - MemInfo: [/proc/self/status]	VmData:	   25824 kB
20220313 000800.536 INFO             PET1 PIOc_freedecomp Enter - MemInfo: [/proc/self/status]	VmStk:	     508 kB
20220313 000800.536 INFO             PET1 PIOc_freedecomp Enter - MemInfo: [/proc/self/status]	VmExe:	     992 kB
20220313 000800.536 INFO             PET1 PIOc_freedecomp Enter - MemInfo: [/proc/self/status]	VmLib:	   93984 kB
20220313 000800.536 INFO             PET1 PIOc_freedecomp Enter - MemInfo: [/proc/self/status]	VmPTE:	     340 kB
20220313 000800.536 INFO             PET1 PIOc_freedecomp Enter - MemInfo: [/proc/self/status]	VmPMD:	      12 kB
20220313 000800.536 INFO             PET1 PIOc_freedecomp Enter - MemInfo: [/proc/self/status]	VmSwap:	       0 kB
20220313 000800.536 INFO             PET1 PIOc_freedecomp Enter - MemInfo: [/proc/self/status]	VmRSSPercent: 0.0352285 %
20220313 000800.536 INFO             PET1 PIOc_freedecomp Enter - MemInfo: [malloc] Non-mmapped space allocated:                 1273856 Byte
20220313 000800.536 INFO             PET1 PIOc_freedecomp Enter - MemInfo: [malloc] Space allocated in mmapped regions:          4005888 Byte
20220313 000800.536 INFO             PET1 PIOc_freedecomp Enter - MemInfo: [malloc] Maximum total allocated space:                     0 Byte
20220313 000800.536 INFO             PET1 PIOc_freedecomp Enter - MemInfo: [malloc] Space in freed fastbin blocks:                   160 Byte
20220313 000800.536 INFO             PET1 PIOc_freedecomp Enter - MemInfo: [malloc] Total allocated space:                       1128112 Byte
20220313 000800.536 INFO             PET1 PIOc_freedecomp Enter - MemInfo: [malloc] Total free space:                             145744 Byte
20220313 000800.536 INFO             PET1 PIOc_freedecomp Enter - MemInfo: [malloc] Top-most, releasable space:                   130432 Byte
20220313 000800.536 INFO             PET1 PIOc_freedecomp Enter - MemInfo: [malloc] Total space in use, mmap + non-mmap:         5134000 Byte
20220313 000800.536 INFO             PET1 PIOc_freedecomp Enter - MemInfo: [malloc] Total space held (mmap + non-mmap):          5279744 Byte
20220313 000800.536 INFO             PET1 PIOc_freedecomp Enter - MemInfo: [malloc] Total space used (mmap + non-mmap):          5142208 Byte
20220313 000800.536 INFO             PET1 PIOc_freedecomp Enter - MemInfo: Wall-clock time since execution start:              0.0735569 seconds
20220313 000800.536 INFO             PET1 PIOc_freedecomp Exit - MemInfo: [/proc/meminfo - SSI]	MemTotal:       65855856 kB
20220313 000800.536 INFO             PET1 PIOc_freedecomp Exit - MemInfo: [/proc/meminfo - SSI]	MemFree:        61214128 kB
20220313 000800.536 INFO             PET1 PIOc_freedecomp Exit - MemInfo: [/proc/meminfo - SSI]	MemAvailable:   60996020 kB
20220313 000800.536 INFO             PET1 PIOc_freedecomp Exit - MemInfo: [/proc/meminfo - SSI]	Committed_AS:    2911316 kB
20220313 000800.536 INFO             PET1 PIOc_freedecomp Exit - MemInfo: [/proc/meminfo - SSI]	CommittedPercent: 4.42074 %
20220313 000800.536 INFO             PET1 PIOc_freedecomp Exit - MemInfo: [/proc/self/status]	VmPeak:	  219660 kB
20220313 000800.536 INFO             PET1 PIOc_freedecomp Exit - MemInfo: [/proc/self/status]	VmSize:	  219344 kB
20220313 000800.536 INFO             PET1 PIOc_freedecomp Exit - MemInfo: [/proc/self/status]	VmLck:	       0 kB
20220313 000800.536 INFO             PET1 PIOc_freedecomp Exit - MemInfo: [/proc/self/status]	VmPin:	       0 kB
20220313 000800.536 INFO             PET1 PIOc_freedecomp Exit - MemInfo: [/proc/self/status]	VmHWM:	   23216 kB
20220313 000800.536 INFO             PET1 PIOc_freedecomp Exit - MemInfo: [/proc/self/status]	VmRSS:	   23200 kB
20220313 000800.536 INFO             PET1 PIOc_freedecomp Exit - MemInfo: [/proc/self/status]	VmData:	   25824 kB
20220313 000800.536 INFO             PET1 PIOc_freedecomp Exit - MemInfo: [/proc/self/status]	VmStk:	     508 kB
20220313 000800.536 INFO             PET1 PIOc_freedecomp Exit - MemInfo: [/proc/self/status]	VmExe:	     992 kB
20220313 000800.536 INFO             PET1 PIOc_freedecomp Exit - MemInfo: [/proc/self/status]	VmLib:	   93984 kB
20220313 000800.537 INFO             PET1 PIOc_freedecomp Exit - MemInfo: [/proc/self/status]	VmPTE:	     340 kB
20220313 000800.537 INFO             PET1 PIOc_freedecomp Exit - MemInfo: [/proc/self/status]	VmPMD:	      12 kB
20220313 000800.537 INFO             PET1 PIOc_freedecomp Exit - MemInfo: [/proc/self/status]	VmSwap:	       0 kB
20220313 000800.537 INFO             PET1 PIOc_freedecomp Exit - MemInfo: [/proc/self/status]	VmRSSPercent: 0.0352285 %
20220313 000800.537 INFO             PET1 PIOc_freedecomp Exit - MemInfo: [malloc] Non-mmapped space allocated:                 1273856 Byte
20220313 000800.537 INFO             PET1 PIOc_freedecomp Exit - MemInfo: [malloc] Space allocated in mmapped regions:          4005888 Byte
20220313 000800.537 INFO             PET1 PIOc_freedecomp Exit - MemInfo: [malloc] Maximum total allocated space:                     0 Byte
20220313 000800.537 INFO             PET1 PIOc_freedecomp Exit - MemInfo: [malloc] Space in freed fastbin blocks:                   528 Byte
20220313 000800.537 INFO             PET1 PIOc_freedecomp Exit - MemInfo: [malloc] Total allocated space:                       1126752 Byte
20220313 000800.537 INFO             PET1 PIOc_freedecomp Exit - MemInfo: [malloc] Total free space:                             147104 Byte
20220313 000800.537 INFO             PET1 PIOc_freedecomp Exit - MemInfo: [malloc] Top-most, releasable space:                   130208 Byte
20220313 000800.537 INFO             PET1 PIOc_freedecomp Exit - MemInfo: [malloc] Total space in use, mmap + non-mmap:         5132640 Byte
20220313 000800.537 INFO             PET1 PIOc_freedecomp Exit - MemInfo: [malloc] Total space held (mmap + non-mmap):          5279744 Byte
20220313 000800.537 INFO             PET1 PIOc_freedecomp Exit - MemInfo: [malloc] Total space used (mmap + non-mmap):          5140848 Byte
20220313 000800.537 INFO             PET1 PIOc_freedecomp Exit - MemInfo: Wall-clock time since execution start:              0.0738919 seconds
20220313 000800.538 INFO             PET1 PIOc_sync Enter - MemInfo: [/proc/meminfo - SSI]	MemTotal:       65855856 kB
20220313 000800.538 INFO             PET1 PIOc_sync Enter - MemInfo: [/proc/meminfo - SSI]	MemFree:        61213624 kB
20220313 000800.538 INFO             PET1 PIOc_sync Enter - MemInfo: [/proc/meminfo - SSI]	MemAvailable:   60995516 kB
20220313 000800.538 INFO             PET1 PIOc_sync Enter - MemInfo: [/proc/meminfo - SSI]	Committed_AS:    2911316 kB
20220313 000800.538 INFO             PET1 PIOc_sync Enter - MemInfo: [/proc/meminfo - SSI]	CommittedPercent: 4.42074 %
20220313 000800.538 INFO             PET1 PIOc_sync Enter - MemInfo: [/proc/self/status]	VmPeak:	  219660 kB
20220313 000800.538 INFO             PET1 PIOc_sync Enter - MemInfo: [/proc/self/status]	VmSize:	  219344 kB
20220313 000800.538 INFO             PET1 PIOc_sync Enter - MemInfo: [/proc/self/status]	VmLck:	       0 kB
20220313 000800.538 INFO             PET1 PIOc_sync Enter - MemInfo: [/proc/self/status]	VmPin:	       0 kB
20220313 000800.538 INFO             PET1 PIOc_sync Enter - MemInfo: [/proc/self/status]	VmHWM:	   23216 kB
20220313 000800.538 INFO             PET1 PIOc_sync Enter - MemInfo: [/proc/self/status]	VmRSS:	   23200 kB
20220313 000800.538 INFO             PET1 PIOc_sync Enter - MemInfo: [/proc/self/status]	VmData:	   25824 kB
20220313 000800.538 INFO             PET1 PIOc_sync Enter - MemInfo: [/proc/self/status]	VmStk:	     508 kB
20220313 000800.538 INFO             PET1 PIOc_sync Enter - MemInfo: [/proc/self/status]	VmExe:	     992 kB
20220313 000800.538 INFO             PET1 PIOc_sync Enter - MemInfo: [/proc/self/status]	VmLib:	   93984 kB
20220313 000800.538 INFO             PET1 PIOc_sync Enter - MemInfo: [/proc/self/status]	VmPTE:	     344 kB
20220313 000800.538 INFO             PET1 PIOc_sync Enter - MemInfo: [/proc/self/status]	VmPMD:	      12 kB
20220313 000800.538 INFO             PET1 PIOc_sync Enter - MemInfo: [/proc/self/status]	VmSwap:	       0 kB
20220313 000800.538 INFO             PET1 PIOc_sync Enter - MemInfo: [/proc/self/status]	VmRSSPercent: 0.0352285 %
20220313 000800.538 INFO             PET1 PIOc_sync Enter - MemInfo: [malloc] Non-mmapped space allocated:                 1273856 Byte
20220313 000800.538 INFO             PET1 PIOc_sync Enter - MemInfo: [malloc] Space allocated in mmapped regions:          4005888 Byte
20220313 000800.538 INFO             PET1 PIOc_sync Enter - MemInfo: [malloc] Maximum total allocated space:                     0 Byte
20220313 000800.538 INFO             PET1 PIOc_sync Enter - MemInfo: [malloc] Space in freed fastbin blocks:                    80 Byte
20220313 000800.538 INFO             PET1 PIOc_sync Enter - MemInfo: [malloc] Total allocated space:                       1128480 Byte
20220313 000800.538 INFO             PET1 PIOc_sync Enter - MemInfo: [malloc] Total free space:                             145376 Byte
20220313 000800.538 INFO             PET1 PIOc_sync Enter - MemInfo: [malloc] Top-most, releasable space:                   129984 Byte
20220313 000800.538 INFO             PET1 PIOc_sync Enter - MemInfo: [malloc] Total space in use, mmap + non-mmap:         5134368 Byte
20220313 000800.538 INFO             PET1 PIOc_sync Enter - MemInfo: [malloc] Total space held (mmap + non-mmap):          5279744 Byte
20220313 000800.538 INFO             PET1 PIOc_sync Enter - MemInfo: [malloc] Total space used (mmap + non-mmap):          5142576 Byte
20220313 000800.538 INFO             PET1 PIOc_sync Enter - MemInfo: Wall-clock time since execution start:               0.075532 seconds
20220313 000800.538 INFO             PET1 PIOc_sync Exit - MemInfo: [/proc/meminfo - SSI]	MemTotal:       65855856 kB
20220313 000800.538 INFO             PET1 PIOc_sync Exit - MemInfo: [/proc/meminfo - SSI]	MemFree:        61213120 kB
20220313 000800.538 INFO             PET1 PIOc_sync Exit - MemInfo: [/proc/meminfo - SSI]	MemAvailable:   60995012 kB
20220313 000800.538 INFO             PET1 PIOc_sync Exit - MemInfo: [/proc/meminfo - SSI]	Committed_AS:    2911316 kB
20220313 000800.538 INFO             PET1 PIOc_sync Exit - MemInfo: [/proc/meminfo - SSI]	CommittedPercent: 4.42074 %
20220313 000800.538 INFO             PET1 PIOc_sync Exit - MemInfo: [/proc/self/status]	VmPeak:	  219660 kB
20220313 000800.538 INFO             PET1 PIOc_sync Exit - MemInfo: [/proc/self/status]	VmSize:	  219344 kB
20220313 000800.538 INFO             PET1 PIOc_sync Exit - MemInfo: [/proc/self/status]	VmLck:	       0 kB
20220313 000800.538 INFO             PET1 PIOc_sync Exit - MemInfo: [/proc/self/status]	VmPin:	       0 kB
20220313 000800.538 INFO             PET1 PIOc_sync Exit - MemInfo: [/proc/self/status]	VmHWM:	   23216 kB
20220313 000800.538 INFO             PET1 PIOc_sync Exit - MemInfo: [/proc/self/status]	VmRSS:	   23200 kB
20220313 000800.538 INFO             PET1 PIOc_sync Exit - MemInfo: [/proc/self/status]	VmData:	   25824 kB
20220313 000800.538 INFO             PET1 PIOc_sync Exit - MemInfo: [/proc/self/status]	VmStk:	     508 kB
20220313 000800.538 INFO             PET1 PIOc_sync Exit - MemInfo: [/proc/self/status]	VmExe:	     992 kB
20220313 000800.539 INFO             PET1 PIOc_sync Exit - MemInfo: [/proc/self/status]	VmLib:	   93984 kB
20220313 000800.539 INFO             PET1 PIOc_sync Exit - MemInfo: [/proc/self/status]	VmPTE:	     344 kB
20220313 000800.539 INFO             PET1 PIOc_sync Exit - MemInfo: [/proc/self/status]	VmPMD:	      12 kB
20220313 000800.539 INFO             PET1 PIOc_sync Exit - MemInfo: [/proc/self/status]	VmSwap:	       0 kB
20220313 000800.539 INFO             PET1 PIOc_sync Exit - MemInfo: [/proc/self/status]	VmRSSPercent: 0.0352285 %
20220313 000800.539 INFO             PET1 PIOc_sync Exit - MemInfo: [malloc] Non-mmapped space allocated:                 1273856 Byte
20220313 000800.539 INFO             PET1 PIOc_sync Exit - MemInfo: [malloc] Space allocated in mmapped regions:          4005888 Byte
20220313 000800.539 INFO             PET1 PIOc_sync Exit - MemInfo: [malloc] Maximum total allocated space:                     0 Byte
20220313 000800.539 INFO             PET1 PIOc_sync Exit - MemInfo: [malloc] Space in freed fastbin blocks:                     0 Byte
20220313 000800.539 INFO             PET1 PIOc_sync Exit - MemInfo: [malloc] Total allocated space:                       1128720 Byte
20220313 000800.539 INFO             PET1 PIOc_sync Exit - MemInfo: [malloc] Total free space:                             145136 Byte
20220313 000800.539 INFO             PET1 PIOc_sync Exit - MemInfo: [malloc] Top-most, releasable space:                   129760 Byte
20220313 000800.539 INFO             PET1 PIOc_sync Exit - MemInfo: [malloc] Total space in use, mmap + non-mmap:         5134608 Byte
20220313 000800.539 INFO             PET1 PIOc_sync Exit - MemInfo: [malloc] Total space held (mmap + non-mmap):          5279744 Byte
20220313 000800.539 INFO             PET1 PIOc_sync Exit - MemInfo: [malloc] Total space used (mmap + non-mmap):          5142816 Byte
20220313 000800.539 INFO             PET1 PIOc_sync Exit - MemInfo: Wall-clock time since execution start:              0.0759339 seconds
20220313 000800.539 INFO             PET1 PIOc_freedecomp Enter - MemInfo: [/proc/meminfo - SSI]	MemTotal:       65855856 kB
20220313 000800.539 INFO             PET1 PIOc_freedecomp Enter - MemInfo: [/proc/meminfo - SSI]	MemFree:        61213120 kB
20220313 000800.539 INFO             PET1 PIOc_freedecomp Enter - MemInfo: [/proc/meminfo - SSI]	MemAvailable:   60995012 kB
20220313 000800.539 INFO             PET1 PIOc_freedecomp Enter - MemInfo: [/proc/meminfo - SSI]	Committed_AS:    2911316 kB
20220313 000800.539 INFO             PET1 PIOc_freedecomp Enter - MemInfo: [/proc/meminfo - SSI]	CommittedPercent: 4.42074 %
20220313 000800.539 INFO             PET1 PIOc_freedecomp Enter - MemInfo: [/proc/self/status]	VmPeak:	  219660 kB
20220313 000800.539 INFO             PET1 PIOc_freedecomp Enter - MemInfo: [/proc/self/status]	VmSize:	  219344 kB
20220313 000800.539 INFO             PET1 PIOc_freedecomp Enter - MemInfo: [/proc/self/status]	VmLck:	       0 kB
20220313 000800.539 INFO             PET1 PIOc_freedecomp Enter - MemInfo: [/proc/self/status]	VmPin:	       0 kB
20220313 000800.539 INFO             PET1 PIOc_freedecomp Enter - MemInfo: [/proc/self/status]	VmHWM:	   23216 kB
20220313 000800.539 INFO             PET1 PIOc_freedecomp Enter - MemInfo: [/proc/self/status]	VmRSS:	   23200 kB
20220313 000800.539 INFO             PET1 PIOc_freedecomp Enter - MemInfo: [/proc/self/status]	VmData:	   25824 kB
20220313 000800.539 INFO             PET1 PIOc_freedecomp Enter - MemInfo: [/proc/self/status]	VmStk:	     508 kB
20220313 000800.539 INFO             PET1 PIOc_freedecomp Enter - MemInfo: [/proc/self/status]	VmExe:	     992 kB
20220313 000800.539 INFO             PET1 PIOc_freedecomp Enter - MemInfo: [/proc/self/status]	VmLib:	   93984 kB
20220313 000800.539 INFO             PET1 PIOc_freedecomp Enter - MemInfo: [/proc/self/status]	VmPTE:	     344 kB
20220313 000800.539 INFO             PET1 PIOc_freedecomp Enter - MemInfo: [/proc/self/status]	VmPMD:	      12 kB
20220313 000800.539 INFO             PET1 PIOc_freedecomp Enter - MemInfo: [/proc/self/status]	VmSwap:	       0 kB
20220313 000800.539 INFO             PET1 PIOc_freedecomp Enter - MemInfo: [/proc/self/status]	VmRSSPercent: 0.0352285 %
20220313 000800.539 INFO             PET1 PIOc_freedecomp Enter - MemInfo: [malloc] Non-mmapped space allocated:                 1273856 Byte
20220313 000800.539 INFO             PET1 PIOc_freedecomp Enter - MemInfo: [malloc] Space allocated in mmapped regions:          4005888 Byte
20220313 000800.539 INFO             PET1 PIOc_freedecomp Enter - MemInfo: [malloc] Maximum total allocated space:                     0 Byte
20220313 000800.539 INFO             PET1 PIOc_freedecomp Enter - MemInfo: [malloc] Space in freed fastbin blocks:                     0 Byte
20220313 000800.539 INFO             PET1 PIOc_freedecomp Enter - MemInfo: [malloc] Total allocated space:                       1128432 Byte
20220313 000800.539 INFO             PET1 PIOc_freedecomp Enter - MemInfo: [malloc] Total free space:                             145424 Byte
20220313 000800.539 INFO             PET1 PIOc_freedecomp Enter - MemInfo: [malloc] Top-most, releasable space:                   129536 Byte
20220313 000800.539 INFO             PET1 PIOc_freedecomp Enter - MemInfo: [malloc] Total space in use, mmap + non-mmap:         5134320 Byte
20220313 000800.539 INFO             PET1 PIOc_freedecomp Enter - MemInfo: [malloc] Total space held (mmap + non-mmap):          5279744 Byte
20220313 000800.539 INFO             PET1 PIOc_freedecomp Enter - MemInfo: [malloc] Total space used (mmap + non-mmap):          5142528 Byte
20220313 000800.539 INFO             PET1 PIOc_freedecomp Enter - MemInfo: Wall-clock time since execution start:              0.0763481 seconds
20220313 000800.539 INFO             PET1 PIOc_freedecomp Exit - MemInfo: [/proc/meminfo - SSI]	MemTotal:       65855856 kB
20220313 000800.539 INFO             PET1 PIOc_freedecomp Exit - MemInfo: [/proc/meminfo - SSI]	MemFree:        61213120 kB
20220313 000800.539 INFO             PET1 PIOc_freedecomp Exit - MemInfo: [/proc/meminfo - SSI]	MemAvailable:   60995012 kB
20220313 000800.539 INFO             PET1 PIOc_freedecomp Exit - MemInfo: [/proc/meminfo - SSI]	Committed_AS:    2911316 kB
20220313 000800.539 INFO             PET1 PIOc_freedecomp Exit - MemInfo: [/proc/meminfo - SSI]	CommittedPercent: 4.42074 %
20220313 000800.539 INFO             PET1 PIOc_freedecomp Exit - MemInfo: [/proc/self/status]	VmPeak:	  219660 kB
20220313 000800.539 INFO             PET1 PIOc_freedecomp Exit - MemInfo: [/proc/self/status]	VmSize:	  219344 kB
20220313 000800.539 INFO             PET1 PIOc_freedecomp Exit - MemInfo: [/proc/self/status]	VmLck:	       0 kB
20220313 000800.539 INFO             PET1 PIOc_freedecomp Exit - MemInfo: [/proc/self/status]	VmPin:	       0 kB
20220313 000800.539 INFO             PET1 PIOc_freedecomp Exit - MemInfo: [/proc/self/status]	VmHWM:	   23216 kB
20220313 000800.539 INFO             PET1 PIOc_freedecomp Exit - MemInfo: [/proc/self/status]	VmRSS:	   23200 kB
20220313 000800.539 INFO             PET1 PIOc_freedecomp Exit - MemInfo: [/proc/self/status]	VmData:	   25824 kB
20220313 000800.539 INFO             PET1 PIOc_freedecomp Exit - MemInfo: [/proc/self/status]	VmStk:	     508 kB
20220313 000800.539 INFO             PET1 PIOc_freedecomp Exit - MemInfo: [/proc/self/status]	VmExe:	     992 kB
20220313 000800.539 INFO             PET1 PIOc_freedecomp Exit - MemInfo: [/proc/self/status]	VmLib:	   93984 kB
20220313 000800.539 INFO             PET1 PIOc_freedecomp Exit - MemInfo: [/proc/self/status]	VmPTE:	     344 kB
20220313 000800.539 INFO             PET1 PIOc_freedecomp Exit - MemInfo: [/proc/self/status]	VmPMD:	      12 kB
20220313 000800.539 INFO             PET1 PIOc_freedecomp Exit - MemInfo: [/proc/self/status]	VmSwap:	       0 kB
20220313 000800.539 INFO             PET1 PIOc_freedecomp Exit - MemInfo: [/proc/self/status]	VmRSSPercent: 0.0352285 %
20220313 000800.539 INFO             PET1 PIOc_freedecomp Exit - MemInfo: [malloc] Non-mmapped space allocated:                 1273856 Byte
20220313 000800.539 INFO             PET1 PIOc_freedecomp Exit - MemInfo: [malloc] Space allocated in mmapped regions:          4005888 Byte
20220313 000800.539 INFO             PET1 PIOc_freedecomp Exit - MemInfo: [malloc] Maximum total allocated space:                     0 Byte
20220313 000800.539 INFO             PET1 PIOc_freedecomp Exit - MemInfo: [malloc] Space in freed fastbin blocks:                   528 Byte
20220313 000800.539 INFO             PET1 PIOc_freedecomp Exit - MemInfo: [malloc] Total allocated space:                       1127072 Byte
20220313 000800.539 INFO             PET1 PIOc_freedecomp Exit - MemInfo: [malloc] Total free space:                             146784 Byte
20220313 000800.539 INFO             PET1 PIOc_freedecomp Exit - MemInfo: [malloc] Top-most, releasable space:                   129312 Byte
20220313 000800.539 INFO             PET1 PIOc_freedecomp Exit - MemInfo: [malloc] Total space in use, mmap + non-mmap:         5132960 Byte
20220313 000800.539 INFO             PET1 PIOc_freedecomp Exit - MemInfo: [malloc] Total space held (mmap + non-mmap):          5279744 Byte
20220313 000800.539 INFO             PET1 PIOc_freedecomp Exit - MemInfo: [malloc] Total space used (mmap + non-mmap):          5141168 Byte
20220313 000800.539 INFO             PET1 PIOc_freedecomp Exit - MemInfo: Wall-clock time since execution start:               0.076721 seconds
20220313 000800.539 INFO             PET1 PASS ESMC_FieldRegridStoreFile test, ESMC_FieldSMMFromFileUTest.C, line 199
20220313 000800.545 INFO             PET1 PASS ESMC_FieldSMMStore from File test, ESMC_FieldSMMFromFileUTest.C, line 229
20220313 000800.545 INFO             PET1 PASS ESMC_FieldSMMStore From File validation, ESMC_FieldSMMFromFileUTest.C, line 257
20220313 000800.545 INFO             PET1 PASS ESMC_FieldRegridRelease, ESMC_FieldSMMFromFileUTest.C, line 271
20220313 000800.545 INFO             PET1 Ending Test, file ESMC_FieldSMMFromFileUTest.C, line 289
20220313 000800.545 INFO             PET1 Finalizing ESMF
20220313 000800.475 INFO             PET2 !!!!!!!!!!!!!!!!!!!!!!!!!!!!!!!!!!!!!!!!!!!!!!!!!!!!!!
20220313 000800.475 INFO             PET2 !!! THE ESMF_LOG IS SET TO OUTPUT ALL LOG MESSAGES !!!
20220313 000800.475 INFO             PET2 !!!     THIS MAY CAUSE SLOWDOWN IN PERFORMANCE     !!!
20220313 000800.475 INFO             PET2 !!! FOR PRODUCTION RUNS, USE:                      !!!
20220313 000800.475 INFO             PET2 !!!                   ESMF_LOGKIND_Multi_On_Error  !!!
20220313 000800.475 INFO             PET2 !!!!!!!!!!!!!!!!!!!!!!!!!!!!!!!!!!!!!!!!!!!!!!!!!!!!!!
20220313 000800.475 INFO             PET2 Running with ESMF Version   : v8.3.0b09-96-g559b459836
20220313 000800.475 INFO             PET2 ESMF library build date/time: "Mar 12 2022" "23:42:39"
20220313 000800.475 INFO             PET2 ESMF library build location : /lustre/f2/dev/ncep/Mark.Potts/intel_2019.5_mpi_O_jedwards_pio_update2
20220313 000800.475 INFO             PET2 ESMF_COMM                   : mpi
20220313 000800.476 INFO             PET2 ESMF_MOAB                   : enabled
20220313 000800.476 INFO             PET2 ESMF_LAPACK                 : enabled
20220313 000800.476 INFO             PET2 ESMF_NETCDF                 : enabled
20220313 000800.476 INFO             PET2 ESMF_PNETCDF                : disabled
20220313 000800.476 INFO             PET2 ESMF_PIO                    : enabled
20220313 000800.476 INFO             PET2 ESMF_YAMLCPP                : enabled
20220313 000800.477 INFO             PET2 Beginning Test, file ESMC_FieldSMMFromFileUTest.C, line 41
20220313 000800.477 INFO             PET2 Beginning Test, file ESMC_FieldSMMFromFileUTest.C, line 41NUMBER_OF_PROCESSORS 4
20220313 000800.530 INFO             PET2 PIOc_sync Enter - MemInfo: [/proc/meminfo - SSI]	MemTotal:       65855856 kB
20220313 000800.530 INFO             PET2 PIOc_sync Enter - MemInfo: [/proc/meminfo - SSI]	MemFree:        61210096 kB
20220313 000800.530 INFO             PET2 PIOc_sync Enter - MemInfo: [/proc/meminfo - SSI]	MemAvailable:   60991736 kB
20220313 000800.530 INFO             PET2 PIOc_sync Enter - MemInfo: [/proc/meminfo - SSI]	Committed_AS:    2910928 kB
20220313 000800.530 INFO             PET2 PIOc_sync Enter - MemInfo: [/proc/meminfo - SSI]	CommittedPercent: 4.42015 %
20220313 000800.530 INFO             PET2 PIOc_sync Enter - MemInfo: [/proc/self/status]	VmPeak:	  219660 kB
20220313 000800.530 INFO             PET2 PIOc_sync Enter - MemInfo: [/proc/self/status]	VmSize:	  219380 kB
20220313 000800.530 INFO             PET2 PIOc_sync Enter - MemInfo: [/proc/self/status]	VmLck:	       0 kB
20220313 000800.530 INFO             PET2 PIOc_sync Enter - MemInfo: [/proc/self/status]	VmPin:	       0 kB
20220313 000800.530 INFO             PET2 PIOc_sync Enter - MemInfo: [/proc/self/status]	VmHWM:	   23044 kB
20220313 000800.530 INFO             PET2 PIOc_sync Enter - MemInfo: [/proc/self/status]	VmRSS:	   23044 kB
20220313 000800.530 INFO             PET2 PIOc_sync Enter - MemInfo: [/proc/self/status]	VmData:	   25824 kB
20220313 000800.530 INFO             PET2 PIOc_sync Enter - MemInfo: [/proc/self/status]	VmStk:	     508 kB
20220313 000800.530 INFO             PET2 PIOc_sync Enter - MemInfo: [/proc/self/status]	VmExe:	     992 kB
20220313 000800.530 INFO             PET2 PIOc_sync Enter - MemInfo: [/proc/self/status]	VmLib:	   93984 kB
20220313 000800.530 INFO             PET2 PIOc_sync Enter - MemInfo: [/proc/self/status]	VmPTE:	     340 kB
20220313 000800.530 INFO             PET2 PIOc_sync Enter - MemInfo: [/proc/self/status]	VmPMD:	      12 kB
20220313 000800.530 INFO             PET2 PIOc_sync Enter - MemInfo: [/proc/self/status]	VmSwap:	       0 kB
20220313 000800.530 INFO             PET2 PIOc_sync Enter - MemInfo: [/proc/self/status]	VmRSSPercent: 0.0349916 %
20220313 000800.530 INFO             PET2 PIOc_sync Enter - MemInfo: [malloc] Non-mmapped space allocated:                 1273856 Byte
20220313 000800.530 INFO             PET2 PIOc_sync Enter - MemInfo: [malloc] Space allocated in mmapped regions:          4005888 Byte
20220313 000800.530 INFO             PET2 PIOc_sync Enter - MemInfo: [malloc] Maximum total allocated space:                     0 Byte
20220313 000800.531 INFO             PET2 PIOc_sync Enter - MemInfo: [malloc] Space in freed fastbin blocks:                     0 Byte
20220313 000800.531 INFO             PET2 PIOc_sync Enter - MemInfo: [malloc] Total allocated space:                       1124048 Byte
20220313 000800.531 INFO             PET2 PIOc_sync Enter - MemInfo: [malloc] Total free space:                             149808 Byte
20220313 000800.531 INFO             PET2 PIOc_sync Enter - MemInfo: [malloc] Top-most, releasable space:                   131568 Byte
20220313 000800.531 INFO             PET2 PIOc_sync Enter - MemInfo: [malloc] Total space in use, mmap + non-mmap:         5129936 Byte
20220313 000800.531 INFO             PET2 PIOc_sync Enter - MemInfo: [malloc] Total space held (mmap + non-mmap):          5279744 Byte
20220313 000800.531 INFO             PET2 PIOc_sync Enter - MemInfo: [malloc] Total space used (mmap + non-mmap):          5138848 Byte
20220313 000800.531 INFO             PET2 PIOc_sync Enter - MemInfo: Wall-clock time since execution start:              0.0679021 seconds
20220313 000800.531 INFO             PET2 PIOc_sync Exit - MemInfo: [/proc/meminfo - SSI]	MemTotal:       65855856 kB
20220313 000800.531 INFO             PET2 PIOc_sync Exit - MemInfo: [/proc/meminfo - SSI]	MemFree:        61210096 kB
20220313 000800.531 INFO             PET2 PIOc_sync Exit - MemInfo: [/proc/meminfo - SSI]	MemAvailable:   60991988 kB
20220313 000800.531 INFO             PET2 PIOc_sync Exit - MemInfo: [/proc/meminfo - SSI]	Committed_AS:    2910928 kB
20220313 000800.531 INFO             PET2 PIOc_sync Exit - MemInfo: [/proc/meminfo - SSI]	CommittedPercent: 4.42015 %
20220313 000800.531 INFO             PET2 PIOc_sync Exit - MemInfo: [/proc/self/status]	VmPeak:	  219660 kB
20220313 000800.531 INFO             PET2 PIOc_sync Exit - MemInfo: [/proc/self/status]	VmSize:	  219380 kB
20220313 000800.531 INFO             PET2 PIOc_sync Exit - MemInfo: [/proc/self/status]	VmLck:	       0 kB
20220313 000800.531 INFO             PET2 PIOc_sync Exit - MemInfo: [/proc/self/status]	VmPin:	       0 kB
20220313 000800.531 INFO             PET2 PIOc_sync Exit - MemInfo: [/proc/self/status]	VmHWM:	   23044 kB
20220313 000800.531 INFO             PET2 PIOc_sync Exit - MemInfo: [/proc/self/status]	VmRSS:	   23044 kB
20220313 000800.531 INFO             PET2 PIOc_sync Exit - MemInfo: [/proc/self/status]	VmData:	   25824 kB
