build time -- 2022-03-11 23:42:24
20220312 000445.841 INFO             PET0 !!!!!!!!!!!!!!!!!!!!!!!!!!!!!!!!!!!!!!!!!!!!!!!!!!!!!!
20220312 000445.841 INFO             PET0 !!! THE ESMF_LOG IS SET TO OUTPUT ALL LOG MESSAGES !!!
20220312 000445.841 INFO             PET0 !!!     THIS MAY CAUSE SLOWDOWN IN PERFORMANCE     !!!
20220312 000445.841 INFO             PET0 !!! FOR PRODUCTION RUNS, USE:                      !!!
20220312 000445.841 INFO             PET0 !!!                   ESMF_LOGKIND_Multi_On_Error  !!!
20220312 000445.841 INFO             PET0 !!!!!!!!!!!!!!!!!!!!!!!!!!!!!!!!!!!!!!!!!!!!!!!!!!!!!!
20220312 000445.841 INFO             PET0 Running with ESMF Version   : v8.3.0b09-96-g559b459836
20220312 000445.841 INFO             PET0 ESMF library build date/time: "Mar 11 2022" "23:40:33"
20220312 000445.841 INFO             PET0 ESMF library build location : /lustre/f2/dev/ncep/Mark.Potts/intel_2019.5_mpi_O_jedwards_pio_update2
20220312 000445.841 INFO             PET0 ESMF_COMM                   : mpi
20220312 000445.842 INFO             PET0 ESMF_MOAB                   : enabled
20220312 000445.842 INFO             PET0 ESMF_LAPACK                 : enabled
20220312 000445.842 INFO             PET0 ESMF_NETCDF                 : enabled
20220312 000445.842 INFO             PET0 ESMF_PNETCDF                : disabled
20220312 000445.842 INFO             PET0 ESMF_PIO                    : enabled
20220312 000445.842 INFO             PET0 ESMF_YAMLCPP                : enabled
20220312 000445.842 INFO             PET0 Beginning Test, file ESMC_FieldRegridUTest.C, line 68
20220312 000445.842 INFO             PET0 Beginning Test, file ESMC_FieldRegridUTest.C, line 68NUMBER_OF_PROCESSORS 1
20220312 000445.842 INFO             PET0 PASS MeshCreate, ESMC_FieldRegridUTest.C, line 125
20220312 000445.842 INFO             PET0 PASS MeshAddNodes, ESMC_FieldRegridUTest.C, line 133
20220312 000445.843 INFO             PET0 PASS MeshAddElements, ESMC_FieldRegridUTest.C, line 142
20220312 000445.843 INFO             PET0 PASS MeshGetLocalNodeCount, ESMC_FieldRegridUTest.C, line 152
20220312 000445.843 INFO             PET0 PASS MeshGetLocalElementCount, ESMC_FieldRegridUTest.C, line 163
20220312 000445.843 INFO             PET0 PASS MeshCreate, ESMC_FieldRegridUTest.C, line 231
20220312 000445.843 INFO             PET0 PASS MeshAddNodes, ESMC_FieldRegridUTest.C, line 239
20220312 000445.843 INFO             PET0 PASS MeshAddElements, ESMC_FieldRegridUTest.C, line 248
20220312 000445.843 INFO             PET0 PASS MeshGetLocalNodeCount, ESMC_FieldRegridUTest.C, line 258
20220312 000445.843 INFO             PET0 PASS MeshGetLocalElementCount, ESMC_FieldRegridUTest.C, line 269
20220312 000445.844 INFO             PET0 PASS Create ESMC_Field object, ESMC_FieldRegridUTest.C, line 284
20220312 000445.844 INFO             PET0 PASS Create ESMC_Field object, ESMC_FieldRegridUTest.C, line 293
20220312 000445.844 INFO             PET0 PASS Get a void * C pointer to data from ESMC_Field object, ESMC_FieldRegridUTest.C, line 306
20220312 000445.844 INFO             PET0 PASS Get a void * C pointer to data from ESMC_Field object, ESMC_FieldRegridUTest.C, line 325
20220312 000445.844 INFO             PET0 PASS Create an InterArray for maskValues in ESMC_FieldRegridStore(), ESMC_FieldRegridUTest.C, line 343
20220312 000445.871 INFO             PET0 PIOc_sync Enter - MemInfo: [/proc/meminfo - SSI]	MemTotal:       65855856 kB
20220312 000445.871 INFO             PET0 PIOc_sync Enter - MemInfo: [/proc/meminfo - SSI]	MemFree:        61190860 kB
20220312 000445.871 INFO             PET0 PIOc_sync Enter - MemInfo: [/proc/meminfo - SSI]	MemAvailable:   60975164 kB
20220312 000445.871 INFO             PET0 PIOc_sync Enter - MemInfo: [/proc/meminfo - SSI]	Committed_AS:    2874456 kB
20220312 000445.871 INFO             PET0 PIOc_sync Enter - MemInfo: [/proc/meminfo - SSI]	CommittedPercent: 4.36477 %
20220312 000445.871 INFO             PET0 PIOc_sync Enter - MemInfo: [/proc/self/status]	VmPeak:	  213516 kB
20220312 000445.871 INFO             PET0 PIOc_sync Enter - MemInfo: [/proc/self/status]	VmSize:	  213516 kB
20220312 000445.871 INFO             PET0 PIOc_sync Enter - MemInfo: [/proc/self/status]	VmLck:	       0 kB
20220312 000445.871 INFO             PET0 PIOc_sync Enter - MemInfo: [/proc/self/status]	VmPin:	       0 kB
20220312 000445.871 INFO             PET0 PIOc_sync Enter - MemInfo: [/proc/self/status]	VmHWM:	   30080 kB
20220312 000445.871 INFO             PET0 PIOc_sync Enter - MemInfo: [/proc/self/status]	VmRSS:	   30080 kB
20220312 000445.871 INFO             PET0 PIOc_sync Enter - MemInfo: [/proc/self/status]	VmData:	   37224 kB
20220312 000445.871 INFO             PET0 PIOc_sync Enter - MemInfo: [/proc/self/status]	VmStk:	     508 kB
20220312 000445.871 INFO             PET0 PIOc_sync Enter - MemInfo: [/proc/self/status]	VmExe:	     996 kB
20220312 000445.871 INFO             PET0 PIOc_sync Enter - MemInfo: [/proc/self/status]	VmLib:	   93984 kB
20220312 000445.871 INFO             PET0 PIOc_sync Enter - MemInfo: [/proc/self/status]	VmPTE:	     352 kB
20220312 000445.871 INFO             PET0 PIOc_sync Enter - MemInfo: [/proc/self/status]	VmPMD:	      12 kB
20220312 000445.871 INFO             PET0 PIOc_sync Enter - MemInfo: [/proc/self/status]	VmSwap:	       0 kB
20220312 000445.871 INFO             PET0 PIOc_sync Enter - MemInfo: [/proc/self/status]	VmRSSPercent: 0.0456755 %
20220312 000445.871 INFO             PET0 PIOc_sync Enter - MemInfo: [malloc] Non-mmapped space allocated:                 1241088 Byte
20220312 000445.871 INFO             PET0 PIOc_sync Enter - MemInfo: [malloc] Space allocated in mmapped regions:         15712256 Byte
20220312 000445.871 INFO             PET0 PIOc_sync Enter - MemInfo: [malloc] Maximum total allocated space:                     0 Byte
20220312 000445.871 INFO             PET0 PIOc_sync Enter - MemInfo: [malloc] Space in freed fastbin blocks:                     0 Byte
20220312 000445.871 INFO             PET0 PIOc_sync Enter - MemInfo: [malloc] Total allocated space:                       1118912 Byte
20220312 000445.871 INFO             PET0 PIOc_sync Enter - MemInfo: [malloc] Total free space:                             122176 Byte
20220312 000445.871 INFO             PET0 PIOc_sync Enter - MemInfo: [malloc] Top-most, releasable space:                   122112 Byte
20220312 000445.871 INFO             PET0 PIOc_sync Enter - MemInfo: [malloc] Total space in use, mmap + non-mmap:        16831168 Byte
20220312 000445.871 INFO             PET0 PIOc_sync Enter - MemInfo: [malloc] Total space held (mmap + non-mmap):         16953344 Byte
20220312 000445.871 INFO             PET0 PIOc_sync Enter - MemInfo: [malloc] Total space used (mmap + non-mmap):         16840640 Byte
20220312 000445.871 INFO             PET0 PIOc_sync Enter - MemInfo: Wall-clock time since execution start:              0.0472481 seconds
20220312 000445.871 INFO             PET0 PIOc_sync Exit - MemInfo: [/proc/meminfo - SSI]	MemTotal:       65855856 kB
20220312 000445.871 INFO             PET0 PIOc_sync Exit - MemInfo: [/proc/meminfo - SSI]	MemFree:        61190356 kB
20220312 000445.871 INFO             PET0 PIOc_sync Exit - MemInfo: [/proc/meminfo - SSI]	MemAvailable:   60974660 kB
20220312 000445.872 INFO             PET0 PIOc_sync Exit - MemInfo: [/proc/meminfo - SSI]	Committed_AS:    2874456 kB
20220312 000445.872 INFO             PET0 PIOc_sync Exit - MemInfo: [/proc/meminfo - SSI]	CommittedPercent: 4.36477 %
20220312 000445.872 INFO             PET0 PIOc_sync Exit - MemInfo: [/proc/self/status]	VmPeak:	  213840 kB
20220312 000445.872 INFO             PET0 PIOc_sync Exit - MemInfo: [/proc/self/status]	VmSize:	  213840 kB
20220312 000445.872 INFO             PET0 PIOc_sync Exit - MemInfo: [/proc/self/status]	VmLck:	       0 kB
20220312 000445.872 INFO             PET0 PIOc_sync Exit - MemInfo: [/proc/self/status]	VmPin:	       0 kB
20220312 000445.872 INFO             PET0 PIOc_sync Exit - MemInfo: [/proc/self/status]	VmHWM:	   30608 kB
20220312 000445.872 INFO             PET0 PIOc_sync Exit - MemInfo: [/proc/self/status]	VmRSS:	   30608 kB
20220312 000445.872 INFO             PET0 PIOc_sync Exit - MemInfo: [/proc/self/status]	VmData:	   37548 kB
20220312 000445.872 INFO             PET0 PIOc_sync Exit - MemInfo: [/proc/self/status]	VmStk:	     508 kB
20220312 000445.872 INFO             PET0 PIOc_sync Exit - MemInfo: [/proc/self/status]	VmExe:	     996 kB
20220312 000445.872 INFO             PET0 PIOc_sync Exit - MemInfo: [/proc/self/status]	VmLib:	   93984 kB
20220312 000445.872 INFO             PET0 PIOc_sync Exit - MemInfo: [/proc/self/status]	VmPTE:	     352 kB
20220312 000445.872 INFO             PET0 PIOc_sync Exit - MemInfo: [/proc/self/status]	VmPMD:	      12 kB
20220312 000445.872 INFO             PET0 PIOc_sync Exit - MemInfo: [/proc/self/status]	VmSwap:	       0 kB
20220312 000445.872 INFO             PET0 PIOc_sync Exit - MemInfo: [/proc/self/status]	VmRSSPercent: 0.0464773 %
20220312 000445.872 INFO             PET0 PIOc_sync Exit - MemInfo: [malloc] Non-mmapped space allocated:                 1241088 Byte
20220312 000445.872 INFO             PET0 PIOc_sync Exit - MemInfo: [malloc] Space allocated in mmapped regions:         16044032 Byte
20220312 000445.872 INFO             PET0 PIOc_sync Exit - MemInfo: [malloc] Maximum total allocated space:                     0 Byte
20220312 000445.872 INFO             PET0 PIOc_sync Exit - MemInfo: [malloc] Space in freed fastbin blocks:                     0 Byte
20220312 000445.872 INFO             PET0 PIOc_sync Exit - MemInfo: [malloc] Total allocated space:                       1187664 Byte
20220312 000445.872 INFO             PET0 PIOc_sync Exit - MemInfo: [malloc] Total free space:                              53424 Byte
20220312 000445.872 INFO             PET0 PIOc_sync Exit - MemInfo: [malloc] Top-most, releasable space:                    53424 Byte
20220312 000445.872 INFO             PET0 PIOc_sync Exit - MemInfo: [malloc] Total space in use, mmap + non-mmap:        17231696 Byte
20220312 000445.872 INFO             PET0 PIOc_sync Exit - MemInfo: [malloc] Total space held (mmap + non-mmap):         17285120 Byte
20220312 000445.872 INFO             PET0 PIOc_sync Exit - MemInfo: [malloc] Total space used (mmap + non-mmap):         17240160 Byte
20220312 000445.872 INFO             PET0 PIOc_sync Exit - MemInfo: Wall-clock time since execution start:              0.0479262 seconds
20220312 000445.872 INFO             PET0 PIOc_freedecomp Enter - MemInfo: [/proc/meminfo - SSI]	MemTotal:       65855856 kB
20220312 000445.872 INFO             PET0 PIOc_freedecomp Enter - MemInfo: [/proc/meminfo - SSI]	MemFree:        61197412 kB
20220312 000445.872 INFO             PET0 PIOc_freedecomp Enter - MemInfo: [/proc/meminfo - SSI]	MemAvailable:   60981716 kB
20220312 000445.872 INFO             PET0 PIOc_freedecomp Enter - MemInfo: [/proc/meminfo - SSI]	Committed_AS:    2866584 kB
20220312 000445.872 INFO             PET0 PIOc_freedecomp Enter - MemInfo: [/proc/meminfo - SSI]	CommittedPercent: 4.35282 %
20220312 000445.872 INFO             PET0 PIOc_freedecomp Enter - MemInfo: [/proc/self/status]	VmPeak:	  213840 kB
20220312 000445.872 INFO             PET0 PIOc_freedecomp Enter - MemInfo: [/proc/self/status]	VmSize:	  205128 kB
20220312 000445.872 INFO             PET0 PIOc_freedecomp Enter - MemInfo: [/proc/self/status]	VmLck:	       0 kB
20220312 000445.872 INFO             PET0 PIOc_freedecomp Enter - MemInfo: [/proc/self/status]	VmPin:	       0 kB
20220312 000445.872 INFO             PET0 PIOc_freedecomp Enter - MemInfo: [/proc/self/status]	VmHWM:	   30608 kB
20220312 000445.872 INFO             PET0 PIOc_freedecomp Enter - MemInfo: [/proc/self/status]	VmRSS:	   22472 kB
20220312 000445.872 INFO             PET0 PIOc_freedecomp Enter - MemInfo: [/proc/self/status]	VmData:	   28836 kB
20220312 000445.872 INFO             PET0 PIOc_freedecomp Enter - MemInfo: [/proc/self/status]	VmStk:	     508 kB
20220312 000445.872 INFO             PET0 PIOc_freedecomp Enter - MemInfo: [/proc/self/status]	VmExe:	     996 kB
20220312 000445.872 INFO             PET0 PIOc_freedecomp Enter - MemInfo: [/proc/self/status]	VmLib:	   93984 kB
20220312 000445.872 INFO             PET0 PIOc_freedecomp Enter - MemInfo: [/proc/self/status]	VmPTE:	     336 kB
20220312 000445.872 INFO             PET0 PIOc_freedecomp Enter - MemInfo: [/proc/self/status]	VmPMD:	      12 kB
20220312 000445.872 INFO             PET0 PIOc_freedecomp Enter - MemInfo: [/proc/self/status]	VmSwap:	       0 kB
20220312 000445.872 INFO             PET0 PIOc_freedecomp Enter - MemInfo: [/proc/self/status]	VmRSSPercent: 0.034123 %
20220312 000445.872 INFO             PET0 PIOc_freedecomp Enter - MemInfo: [malloc] Non-mmapped space allocated:                 1241088 Byte
20220312 000445.872 INFO             PET0 PIOc_freedecomp Enter - MemInfo: [malloc] Space allocated in mmapped regions:          7122944 Byte
20220312 000445.872 INFO             PET0 PIOc_freedecomp Enter - MemInfo: [malloc] Maximum total allocated space:                     0 Byte
20220312 000445.872 INFO             PET0 PIOc_freedecomp Enter - MemInfo: [malloc] Space in freed fastbin blocks:                   208 Byte
20220312 000445.873 INFO             PET0 PIOc_freedecomp Enter - MemInfo: [malloc] Total allocated space:                       1177376 Byte
20220312 000445.873 INFO             PET0 PIOc_freedecomp Enter - MemInfo: [malloc] Total free space:                              63712 Byte
20220312 000445.873 INFO             PET0 PIOc_freedecomp Enter - MemInfo: [malloc] Top-most, releasable space:                    52832 Byte
20220312 000445.873 INFO             PET0 PIOc_freedecomp Enter - MemInfo: [malloc] Total space in use, mmap + non-mmap:         8300320 Byte
20220312 000445.873 INFO             PET0 PIOc_freedecomp Enter - MemInfo: [malloc] Total space held (mmap + non-mmap):          8364032 Byte
20220312 000445.873 INFO             PET0 PIOc_freedecomp Enter - MemInfo: [malloc] Total space used (mmap + non-mmap):          8308752 Byte
20220312 000445.873 INFO             PET0 PIOc_freedecomp Enter - MemInfo: Wall-clock time since execution start:              0.0486701 seconds
20220312 000445.873 INFO             PET0 PIOc_freedecomp Exit - MemInfo: [/proc/meminfo - SSI]	MemTotal:       65855856 kB
20220312 000445.873 INFO             PET0 PIOc_freedecomp Exit - MemInfo: [/proc/meminfo - SSI]	MemFree:        61197412 kB
20220312 000445.873 INFO             PET0 PIOc_freedecomp Exit - MemInfo: [/proc/meminfo - SSI]	MemAvailable:   60981716 kB
20220312 000445.873 INFO             PET0 PIOc_freedecomp Exit - MemInfo: [/proc/meminfo - SSI]	Committed_AS:    2866584 kB
20220312 000445.873 INFO             PET0 PIOc_freedecomp Exit - MemInfo: [/proc/meminfo - SSI]	CommittedPercent: 4.35282 %
20220312 000445.873 INFO             PET0 PIOc_freedecomp Exit - MemInfo: [/proc/self/status]	VmPeak:	  213840 kB
20220312 000445.873 INFO             PET0 PIOc_freedecomp Exit - MemInfo: [/proc/self/status]	VmSize:	  205128 kB
20220312 000445.873 INFO             PET0 PIOc_freedecomp Exit - MemInfo: [/proc/self/status]	VmLck:	       0 kB
20220312 000445.873 INFO             PET0 PIOc_freedecomp Exit - MemInfo: [/proc/self/status]	VmPin:	       0 kB
20220312 000445.873 INFO             PET0 PIOc_freedecomp Exit - MemInfo: [/proc/self/status]	VmHWM:	   30608 kB
20220312 000445.873 INFO             PET0 PIOc_freedecomp Exit - MemInfo: [/proc/self/status]	VmRSS:	   22472 kB
20220312 000445.873 INFO             PET0 PIOc_freedecomp Exit - MemInfo: [/proc/self/status]	VmData:	   28836 kB
20220312 000445.873 INFO             PET0 PIOc_freedecomp Exit - MemInfo: [/proc/self/status]	VmStk:	     508 kB
20220312 000445.873 INFO             PET0 PIOc_freedecomp Exit - MemInfo: [/proc/self/status]	VmExe:	     996 kB
20220312 000445.873 INFO             PET0 PIOc_freedecomp Exit - MemInfo: [/proc/self/status]	VmLib:	   93984 kB
20220312 000445.873 INFO             PET0 PIOc_freedecomp Exit - MemInfo: [/proc/self/status]	VmPTE:	     336 kB
20220312 000445.873 INFO             PET0 PIOc_freedecomp Exit - MemInfo: [/proc/self/status]	VmPMD:	      12 kB
20220312 000445.873 INFO             PET0 PIOc_freedecomp Exit - MemInfo: [/proc/self/status]	VmSwap:	       0 kB
20220312 000445.873 INFO             PET0 PIOc_freedecomp Exit - MemInfo: [/proc/self/status]	VmRSSPercent: 0.034123 %
20220312 000445.873 INFO             PET0 PIOc_freedecomp Exit - MemInfo: [malloc] Non-mmapped space allocated:                 1241088 Byte
20220312 000445.873 INFO             PET0 PIOc_freedecomp Exit - MemInfo: [malloc] Space allocated in mmapped regions:          7122944 Byte
20220312 000445.873 INFO             PET0 PIOc_freedecomp Exit - MemInfo: [malloc] Maximum total allocated space:                     0 Byte
20220312 000445.873 INFO             PET0 PIOc_freedecomp Exit - MemInfo: [malloc] Space in freed fastbin blocks:                   704 Byte
20220312 000445.873 INFO             PET0 PIOc_freedecomp Exit - MemInfo: [malloc] Total allocated space:                       1175648 Byte
20220312 000445.873 INFO             PET0 PIOc_freedecomp Exit - MemInfo: [malloc] Total free space:                              65440 Byte
20220312 000445.873 INFO             PET0 PIOc_freedecomp Exit - MemInfo: [malloc] Top-most, releasable space:                    52832 Byte
20220312 000445.873 INFO             PET0 PIOc_freedecomp Exit - MemInfo: [malloc] Total space in use, mmap + non-mmap:         8298592 Byte
20220312 000445.873 INFO             PET0 PIOc_freedecomp Exit - MemInfo: [malloc] Total space held (mmap + non-mmap):          8364032 Byte
20220312 000445.873 INFO             PET0 PIOc_freedecomp Exit - MemInfo: [malloc] Total space used (mmap + non-mmap):          8307024 Byte
20220312 000445.873 INFO             PET0 PIOc_freedecomp Exit - MemInfo: Wall-clock time since execution start:              0.0489972 seconds
20220312 000445.875 INFO             PET0 PIOc_sync Enter - MemInfo: [/proc/meminfo - SSI]	MemTotal:       65855856 kB
20220312 000445.875 INFO             PET0 PIOc_sync Enter - MemInfo: [/proc/meminfo - SSI]	MemFree:        61194892 kB
20220312 000445.875 INFO             PET0 PIOc_sync Enter - MemInfo: [/proc/meminfo - SSI]	MemAvailable:   60979196 kB
20220312 000445.875 INFO             PET0 PIOc_sync Enter - MemInfo: [/proc/meminfo - SSI]	Committed_AS:    2874852 kB
20220312 000445.875 INFO             PET0 PIOc_sync Enter - MemInfo: [/proc/meminfo - SSI]	CommittedPercent: 4.36537 %
20220312 000445.876 INFO             PET0 PIOc_sync Enter - MemInfo: [/proc/self/status]	VmPeak:	  213912 kB
20220312 000445.876 INFO             PET0 PIOc_sync Enter - MemInfo: [/proc/self/status]	VmSize:	  213912 kB
20220312 000445.876 INFO             PET0 PIOc_sync Enter - MemInfo: [/proc/self/status]	VmLck:	       0 kB
20220312 000445.876 INFO             PET0 PIOc_sync Enter - MemInfo: [/proc/self/status]	VmPin:	       0 kB
20220312 000445.876 INFO             PET0 PIOc_sync Enter - MemInfo: [/proc/self/status]	VmHWM:	   30608 kB
20220312 000445.876 INFO             PET0 PIOc_sync Enter - MemInfo: [/proc/self/status]	VmRSS:	   26428 kB
20220312 000445.876 INFO             PET0 PIOc_sync Enter - MemInfo: [/proc/self/status]	VmData:	   37620 kB
20220312 000445.876 INFO             PET0 PIOc_sync Enter - MemInfo: [/proc/self/status]	VmStk:	     508 kB
20220312 000445.876 INFO             PET0 PIOc_sync Enter - MemInfo: [/proc/self/status]	VmExe:	     996 kB
20220312 000445.876 INFO             PET0 PIOc_sync Enter - MemInfo: [/proc/self/status]	VmLib:	   93984 kB
20220312 000445.876 INFO             PET0 PIOc_sync Enter - MemInfo: [/proc/self/status]	VmPTE:	     348 kB
20220312 000445.876 INFO             PET0 PIOc_sync Enter - MemInfo: [/proc/self/status]	VmPMD:	      12 kB
20220312 000445.876 INFO             PET0 PIOc_sync Enter - MemInfo: [/proc/self/status]	VmSwap:	       0 kB
20220312 000445.876 INFO             PET0 PIOc_sync Enter - MemInfo: [/proc/self/status]	VmRSSPercent: 0.0401301 %
20220312 000445.876 INFO             PET0 PIOc_sync Enter - MemInfo: [malloc] Non-mmapped space allocated:                10235904 Byte
20220312 000445.876 INFO             PET0 PIOc_sync Enter - MemInfo: [malloc] Space allocated in mmapped regions:          7122944 Byte
20220312 000445.876 INFO             PET0 PIOc_sync Enter - MemInfo: [malloc] Maximum total allocated space:                     0 Byte
20220312 000445.876 INFO             PET0 PIOc_sync Enter - MemInfo: [malloc] Space in freed fastbin blocks:                    64 Byte
20220312 000445.876 INFO             PET0 PIOc_sync Enter - MemInfo: [malloc] Total allocated space:                      10105104 Byte
20220312 000445.876 INFO             PET0 PIOc_sync Enter - MemInfo: [malloc] Total free space:                             130800 Byte
20220312 000445.876 INFO             PET0 PIOc_sync Enter - MemInfo: [malloc] Top-most, releasable space:                   129472 Byte
20220312 000445.876 INFO             PET0 PIOc_sync Enter - MemInfo: [malloc] Total space in use, mmap + non-mmap:        17228048 Byte
20220312 000445.876 INFO             PET0 PIOc_sync Enter - MemInfo: [malloc] Total space held (mmap + non-mmap):         17358848 Byte
20220312 000445.876 INFO             PET0 PIOc_sync Enter - MemInfo: [malloc] Total space used (mmap + non-mmap):         17236368 Byte
20220312 000445.876 INFO             PET0 PIOc_sync Enter - MemInfo: Wall-clock time since execution start:              0.0518951 seconds
20220312 000445.876 INFO             PET0 PIOc_sync Exit - MemInfo: [/proc/meminfo - SSI]	MemTotal:       65855856 kB
20220312 000445.876 INFO             PET0 PIOc_sync Exit - MemInfo: [/proc/meminfo - SSI]	MemFree:        61194892 kB
20220312 000445.876 INFO             PET0 PIOc_sync Exit - MemInfo: [/proc/meminfo - SSI]	MemAvailable:   60979196 kB
20220312 000445.876 INFO             PET0 PIOc_sync Exit - MemInfo: [/proc/meminfo - SSI]	Committed_AS:    2874852 kB
20220312 000445.876 INFO             PET0 PIOc_sync Exit - MemInfo: [/proc/meminfo - SSI]	CommittedPercent: 4.36537 %
20220312 000445.876 INFO             PET0 PIOc_sync Exit - MemInfo: [/proc/self/status]	VmPeak:	  213912 kB
20220312 000445.876 INFO             PET0 PIOc_sync Exit - MemInfo: [/proc/self/status]	VmSize:	  213912 kB
20220312 000445.876 INFO             PET0 PIOc_sync Exit - MemInfo: [/proc/self/status]	VmLck:	       0 kB
20220312 000445.876 INFO             PET0 PIOc_sync Exit - MemInfo: [/proc/self/status]	VmPin:	       0 kB
20220312 000445.876 INFO             PET0 PIOc_sync Exit - MemInfo: [/proc/self/status]	VmHWM:	   30608 kB
20220312 000445.876 INFO             PET0 PIOc_sync Exit - MemInfo: [/proc/self/status]	VmRSS:	   26428 kB
20220312 000445.876 INFO             PET0 PIOc_sync Exit - MemInfo: [/proc/self/status]	VmData:	   37620 kB
20220312 000445.876 INFO             PET0 PIOc_sync Exit - MemInfo: [/proc/self/status]	VmStk:	     508 kB
20220312 000445.876 INFO             PET0 PIOc_sync Exit - MemInfo: [/proc/self/status]	VmExe:	     996 kB
20220312 000445.876 INFO             PET0 PIOc_sync Exit - MemInfo: [/proc/self/status]	VmLib:	   93984 kB
20220312 000445.876 INFO             PET0 PIOc_sync Exit - MemInfo: [/proc/self/status]	VmPTE:	     348 kB
20220312 000445.876 INFO             PET0 PIOc_sync Exit - MemInfo: [/proc/self/status]	VmPMD:	      12 kB
20220312 000445.876 INFO             PET0 PIOc_sync Exit - MemInfo: [/proc/self/status]	VmSwap:	       0 kB
20220312 000445.876 INFO             PET0 PIOc_sync Exit - MemInfo: [/proc/self/status]	VmRSSPercent: 0.0401301 %
20220312 000445.876 INFO             PET0 PIOc_sync Exit - MemInfo: [malloc] Non-mmapped space allocated:                10235904 Byte
20220312 000445.876 INFO             PET0 PIOc_sync Exit - MemInfo: [malloc] Space allocated in mmapped regions:          7122944 Byte
20220312 000445.876 INFO             PET0 PIOc_sync Exit - MemInfo: [malloc] Maximum total allocated space:                     0 Byte
20220312 000445.876 INFO             PET0 PIOc_sync Exit - MemInfo: [malloc] Space in freed fastbin blocks:                     0 Byte
20220312 000445.876 INFO             PET0 PIOc_sync Exit - MemInfo: [malloc] Total allocated space:                      10105840 Byte
20220312 000445.876 INFO             PET0 PIOc_sync Exit - MemInfo: [malloc] Total free space:                             130064 Byte
20220312 000445.876 INFO             PET0 PIOc_sync Exit - MemInfo: [malloc] Top-most, releasable space:                   129248 Byte
20220312 000445.876 INFO             PET0 PIOc_sync Exit - MemInfo: [malloc] Total space in use, mmap + non-mmap:        17228784 Byte
20220312 000445.876 INFO             PET0 PIOc_sync Exit - MemInfo: [malloc] Total space held (mmap + non-mmap):         17358848 Byte
20220312 000445.876 INFO             PET0 PIOc_sync Exit - MemInfo: [malloc] Total space used (mmap + non-mmap):         17237104 Byte
20220312 000445.876 INFO             PET0 PIOc_sync Exit - MemInfo: Wall-clock time since execution start:              0.0522401 seconds
20220312 000445.876 INFO             PET0 PIOc_freedecomp Enter - MemInfo: [/proc/meminfo - SSI]	MemTotal:       65855856 kB
20220312 000445.876 INFO             PET0 PIOc_freedecomp Enter - MemInfo: [/proc/meminfo - SSI]	MemFree:        61194892 kB
20220312 000445.876 INFO             PET0 PIOc_freedecomp Enter - MemInfo: [/proc/meminfo - SSI]	MemAvailable:   60979196 kB
20220312 000445.876 INFO             PET0 PIOc_freedecomp Enter - MemInfo: [/proc/meminfo - SSI]	Committed_AS:    2874852 kB
20220312 000445.876 INFO             PET0 PIOc_freedecomp Enter - MemInfo: [/proc/meminfo - SSI]	CommittedPercent: 4.36537 %
20220312 000445.876 INFO             PET0 PIOc_freedecomp Enter - MemInfo: [/proc/self/status]	VmPeak:	  213912 kB
20220312 000445.876 INFO             PET0 PIOc_freedecomp Enter - MemInfo: [/proc/self/status]	VmSize:	  213912 kB
20220312 000445.876 INFO             PET0 PIOc_freedecomp Enter - MemInfo: [/proc/self/status]	VmLck:	       0 kB
20220312 000445.876 INFO             PET0 PIOc_freedecomp Enter - MemInfo: [/proc/self/status]	VmPin:	       0 kB
20220312 000445.876 INFO             PET0 PIOc_freedecomp Enter - MemInfo: [/proc/self/status]	VmHWM:	   30608 kB
20220312 000445.876 INFO             PET0 PIOc_freedecomp Enter - MemInfo: [/proc/self/status]	VmRSS:	   26428 kB
20220312 000445.876 INFO             PET0 PIOc_freedecomp Enter - MemInfo: [/proc/self/status]	VmData:	   37620 kB
20220312 000445.876 INFO             PET0 PIOc_freedecomp Enter - MemInfo: [/proc/self/status]	VmStk:	     508 kB
20220312 000445.876 INFO             PET0 PIOc_freedecomp Enter - MemInfo: [/proc/self/status]	VmExe:	     996 kB
20220312 000445.876 INFO             PET0 PIOc_freedecomp Enter - MemInfo: [/proc/self/status]	VmLib:	   93984 kB
20220312 000445.876 INFO             PET0 PIOc_freedecomp Enter - MemInfo: [/proc/self/status]	VmPTE:	     348 kB
20220312 000445.876 INFO             PET0 PIOc_freedecomp Enter - MemInfo: [/proc/self/status]	VmPMD:	      12 kB
20220312 000445.876 INFO             PET0 PIOc_freedecomp Enter - MemInfo: [/proc/self/status]	VmSwap:	       0 kB
20220312 000445.876 INFO             PET0 PIOc_freedecomp Enter - MemInfo: [/proc/self/status]	VmRSSPercent: 0.0401301 %
20220312 000445.876 INFO             PET0 PIOc_freedecomp Enter - MemInfo: [malloc] Non-mmapped space allocated:                10235904 Byte
20220312 000445.876 INFO             PET0 PIOc_freedecomp Enter - MemInfo: [malloc] Space allocated in mmapped regions:          7122944 Byte
20220312 000445.877 INFO             PET0 PIOc_freedecomp Enter - MemInfo: [malloc] Maximum total allocated space:                     0 Byte
20220312 000445.877 INFO             PET0 PIOc_freedecomp Enter - MemInfo: [malloc] Space in freed fastbin blocks:                   144 Byte
20220312 000445.877 INFO             PET0 PIOc_freedecomp Enter - MemInfo: [malloc] Total allocated space:                       1182080 Byte
20220312 000445.877 INFO             PET0 PIOc_freedecomp Enter - MemInfo: [malloc] Total free space:                            9053824 Byte
20220312 000445.877 INFO             PET0 PIOc_freedecomp Enter - MemInfo: [malloc] Top-most, releasable space:                   129024 Byte
20220312 000445.877 INFO             PET0 PIOc_freedecomp Enter - MemInfo: [malloc] Total space in use, mmap + non-mmap:         8305024 Byte
20220312 000445.877 INFO             PET0 PIOc_freedecomp Enter - MemInfo: [malloc] Total space held (mmap + non-mmap):         17358848 Byte
20220312 000445.877 INFO             PET0 PIOc_freedecomp Enter - MemInfo: [malloc] Total space used (mmap + non-mmap):          8313232 Byte
20220312 000445.877 INFO             PET0 PIOc_freedecomp Enter - MemInfo: Wall-clock time since execution start:              0.0527101 seconds
20220312 000445.877 INFO             PET0 PIOc_freedecomp Exit - MemInfo: [/proc/meminfo - SSI]	MemTotal:       65855856 kB
20220312 000445.877 INFO             PET0 PIOc_freedecomp Exit - MemInfo: [/proc/meminfo - SSI]	MemFree:        61194388 kB
20220312 000445.877 INFO             PET0 PIOc_freedecomp Exit - MemInfo: [/proc/meminfo - SSI]	MemAvailable:   60978692 kB
20220312 000445.877 INFO             PET0 PIOc_freedecomp Exit - MemInfo: [/proc/meminfo - SSI]	Committed_AS:    2874852 kB
20220312 000445.877 INFO             PET0 PIOc_freedecomp Exit - MemInfo: [/proc/meminfo - SSI]	CommittedPercent: 4.36537 %
20220312 000445.877 INFO             PET0 PIOc_freedecomp Exit - MemInfo: [/proc/self/status]	VmPeak:	  213912 kB
20220312 000445.877 INFO             PET0 PIOc_freedecomp Exit - MemInfo: [/proc/self/status]	VmSize:	  213912 kB
20220312 000445.877 INFO             PET0 PIOc_freedecomp Exit - MemInfo: [/proc/self/status]	VmLck:	       0 kB
20220312 000445.877 INFO             PET0 PIOc_freedecomp Exit - MemInfo: [/proc/self/status]	VmPin:	       0 kB
20220312 000445.877 INFO             PET0 PIOc_freedecomp Exit - MemInfo: [/proc/self/status]	VmHWM:	   30608 kB
20220312 000445.877 INFO             PET0 PIOc_freedecomp Exit - MemInfo: [/proc/self/status]	VmRSS:	   26428 kB
20220312 000445.877 INFO             PET0 PIOc_freedecomp Exit - MemInfo: [/proc/self/status]	VmData:	   37620 kB
20220312 000445.877 INFO             PET0 PIOc_freedecomp Exit - MemInfo: [/proc/self/status]	VmStk:	     508 kB
20220312 000445.877 INFO             PET0 PIOc_freedecomp Exit - MemInfo: [/proc/self/status]	VmExe:	     996 kB
20220312 000445.877 INFO             PET0 PIOc_freedecomp Exit - MemInfo: [/proc/self/status]	VmLib:	   93984 kB
20220312 000445.877 INFO             PET0 PIOc_freedecomp Exit - MemInfo: [/proc/self/status]	VmPTE:	     348 kB
20220312 000445.877 INFO             PET0 PIOc_freedecomp Exit - MemInfo: [/proc/self/status]	VmPMD:	      12 kB
20220312 000445.877 INFO             PET0 PIOc_freedecomp Exit - MemInfo: [/proc/self/status]	VmSwap:	       0 kB
20220312 000445.877 INFO             PET0 PIOc_freedecomp Exit - MemInfo: [/proc/self/status]	VmRSSPercent: 0.0401301 %
20220312 000445.877 INFO             PET0 PIOc_freedecomp Exit - MemInfo: [malloc] Non-mmapped space allocated:                10235904 Byte
20220312 000445.877 INFO             PET0 PIOc_freedecomp Exit - MemInfo: [malloc] Space allocated in mmapped regions:          7122944 Byte
20220312 000445.877 INFO             PET0 PIOc_freedecomp Exit - MemInfo: [malloc] Maximum total allocated space:                     0 Byte
20220312 000445.877 INFO             PET0 PIOc_freedecomp Exit - MemInfo: [malloc] Space in freed fastbin blocks:                   768 Byte
20220312 000445.877 INFO             PET0 PIOc_freedecomp Exit - MemInfo: [malloc] Total allocated space:                       1180256 Byte
20220312 000445.877 INFO             PET0 PIOc_freedecomp Exit - MemInfo: [malloc] Total free space:                            9055648 Byte
20220312 000445.877 INFO             PET0 PIOc_freedecomp Exit - MemInfo: [malloc] Top-most, releasable space:                   129024 Byte
20220312 000445.877 INFO             PET0 PIOc_freedecomp Exit - MemInfo: [malloc] Total space in use, mmap + non-mmap:         8303200 Byte
20220312 000445.877 INFO             PET0 PIOc_freedecomp Exit - MemInfo: [malloc] Total space held (mmap + non-mmap):         17358848 Byte
20220312 000445.877 INFO             PET0 PIOc_freedecomp Exit - MemInfo: [malloc] Total space used (mmap + non-mmap):          8311408 Byte
20220312 000445.877 INFO             PET0 PIOc_freedecomp Exit - MemInfo: Wall-clock time since execution start:              0.0530031 seconds
20220312 000445.878 INFO             PET0 PIOc_sync Enter - MemInfo: [/proc/meminfo - SSI]	MemTotal:       65855856 kB
20220312 000445.878 INFO             PET0 PIOc_sync Enter - MemInfo: [/proc/meminfo - SSI]	MemFree:        61193884 kB
20220312 000445.878 INFO             PET0 PIOc_sync Enter - MemInfo: [/proc/meminfo - SSI]	MemAvailable:   60978188 kB
20220312 000445.878 INFO             PET0 PIOc_sync Enter - MemInfo: [/proc/meminfo - SSI]	Committed_AS:    2874852 kB
20220312 000445.878 INFO             PET0 PIOc_sync Enter - MemInfo: [/proc/meminfo - SSI]	CommittedPercent: 4.36537 %
20220312 000445.878 INFO             PET0 PIOc_sync Enter - MemInfo: [/proc/self/status]	VmPeak:	  213912 kB
20220312 000445.878 INFO             PET0 PIOc_sync Enter - MemInfo: [/proc/self/status]	VmSize:	  213912 kB
20220312 000445.878 INFO             PET0 PIOc_sync Enter - MemInfo: [/proc/self/status]	VmLck:	       0 kB
20220312 000445.878 INFO             PET0 PIOc_sync Enter - MemInfo: [/proc/self/status]	VmPin:	       0 kB
20220312 000445.878 INFO             PET0 PIOc_sync Enter - MemInfo: [/proc/self/status]	VmHWM:	   30608 kB
20220312 000445.878 INFO             PET0 PIOc_sync Enter - MemInfo: [/proc/self/status]	VmRSS:	   26956 kB
20220312 000445.878 INFO             PET0 PIOc_sync Enter - MemInfo: [/proc/self/status]	VmData:	   37620 kB
20220312 000445.878 INFO             PET0 PIOc_sync Enter - MemInfo: [/proc/self/status]	VmStk:	     508 kB
20220312 000445.878 INFO             PET0 PIOc_sync Enter - MemInfo: [/proc/self/status]	VmExe:	     996 kB
20220312 000445.878 INFO             PET0 PIOc_sync Enter - MemInfo: [/proc/self/status]	VmLib:	   93984 kB
20220312 000445.878 INFO             PET0 PIOc_sync Enter - MemInfo: [/proc/self/status]	VmPTE:	     348 kB
20220312 000445.878 INFO             PET0 PIOc_sync Enter - MemInfo: [/proc/self/status]	VmPMD:	      12 kB
20220312 000445.878 INFO             PET0 PIOc_sync Enter - MemInfo: [/proc/self/status]	VmSwap:	       0 kB
20220312 000445.878 INFO             PET0 PIOc_sync Enter - MemInfo: [/proc/self/status]	VmRSSPercent: 0.0409318 %
20220312 000445.878 INFO             PET0 PIOc_sync Enter - MemInfo: [malloc] Non-mmapped space allocated:                10235904 Byte
20220312 000445.878 INFO             PET0 PIOc_sync Enter - MemInfo: [malloc] Space allocated in mmapped regions:          7122944 Byte
20220312 000445.878 INFO             PET0 PIOc_sync Enter - MemInfo: [malloc] Maximum total allocated space:                     0 Byte
20220312 000445.878 INFO             PET0 PIOc_sync Enter - MemInfo: [malloc] Space in freed fastbin blocks:                   304 Byte
20220312 000445.878 INFO             PET0 PIOc_sync Enter - MemInfo: [malloc] Total allocated space:                      10108800 Byte
20220312 000445.878 INFO             PET0 PIOc_sync Enter - MemInfo: [malloc] Total free space:                             127104 Byte
20220312 000445.878 INFO             PET0 PIOc_sync Enter - MemInfo: [malloc] Top-most, releasable space:                   123776 Byte
20220312 000445.878 INFO             PET0 PIOc_sync Enter - MemInfo: [malloc] Total space in use, mmap + non-mmap:        17231744 Byte
20220312 000445.878 INFO             PET0 PIOc_sync Enter - MemInfo: [malloc] Total space held (mmap + non-mmap):         17358848 Byte
20220312 000445.878 INFO             PET0 PIOc_sync Enter - MemInfo: [malloc] Total space used (mmap + non-mmap):         17239952 Byte
20220312 000445.878 INFO             PET0 PIOc_sync Enter - MemInfo: Wall-clock time since execution start:               0.054533 seconds
20220312 000445.878 INFO             PET0 PIOc_sync Exit - MemInfo: [/proc/meminfo - SSI]	MemTotal:       65855856 kB
20220312 000445.878 INFO             PET0 PIOc_sync Exit - MemInfo: [/proc/meminfo - SSI]	MemFree:        61193884 kB
20220312 000445.878 INFO             PET0 PIOc_sync Exit - MemInfo: [/proc/meminfo - SSI]	MemAvailable:   60978188 kB
20220312 000445.879 INFO             PET0 PIOc_sync Exit - MemInfo: [/proc/meminfo - SSI]	Committed_AS:    2874852 kB
20220312 000445.879 INFO             PET0 PIOc_sync Exit - MemInfo: [/proc/meminfo - SSI]	CommittedPercent: 4.36537 %
20220312 000445.879 INFO             PET0 PIOc_sync Exit - MemInfo: [/proc/self/status]	VmPeak:	  213912 kB
20220312 000445.879 INFO             PET0 PIOc_sync Exit - MemInfo: [/proc/self/status]	VmSize:	  213912 kB
20220312 000445.879 INFO             PET0 PIOc_sync Exit - MemInfo: [/proc/self/status]	VmLck:	       0 kB
20220312 000445.879 INFO             PET0 PIOc_sync Exit - MemInfo: [/proc/self/status]	VmPin:	       0 kB
20220312 000445.879 INFO             PET0 PIOc_sync Exit - MemInfo: [/proc/self/status]	VmHWM:	   30608 kB
20220312 000445.879 INFO             PET0 PIOc_sync Exit - MemInfo: [/proc/self/status]	VmRSS:	   26956 kB
20220312 000445.879 INFO             PET0 PIOc_sync Exit - MemInfo: [/proc/self/status]	VmData:	   37620 kB
20220312 000445.879 INFO             PET0 PIOc_sync Exit - MemInfo: [/proc/self/status]	VmStk:	     508 kB
20220312 000445.879 INFO             PET0 PIOc_sync Exit - MemInfo: [/proc/self/status]	VmExe:	     996 kB
20220312 000445.879 INFO             PET0 PIOc_sync Exit - MemInfo: [/proc/self/status]	VmLib:	   93984 kB
20220312 000445.879 INFO             PET0 PIOc_sync Exit - MemInfo: [/proc/self/status]	VmPTE:	     348 kB
20220312 000445.879 INFO             PET0 PIOc_sync Exit - MemInfo: [/proc/self/status]	VmPMD:	      12 kB
20220312 000445.879 INFO             PET0 PIOc_sync Exit - MemInfo: [/proc/self/status]	VmSwap:	       0 kB
20220312 000445.879 INFO             PET0 PIOc_sync Exit - MemInfo: [/proc/self/status]	VmRSSPercent: 0.0409318 %
20220312 000445.879 INFO             PET0 PIOc_sync Exit - MemInfo: [malloc] Non-mmapped space allocated:                10235904 Byte
20220312 000445.879 INFO             PET0 PIOc_sync Exit - MemInfo: [malloc] Space allocated in mmapped regions:          7122944 Byte
20220312 000445.879 INFO             PET0 PIOc_sync Exit - MemInfo: [malloc] Maximum total allocated space:                     0 Byte
20220312 000445.879 INFO             PET0 PIOc_sync Exit - MemInfo: [malloc] Space in freed fastbin blocks:                     0 Byte
20220312 000445.879 INFO             PET0 PIOc_sync Exit - MemInfo: [malloc] Total allocated space:                      10109232 Byte
20220312 000445.879 INFO             PET0 PIOc_sync Exit - MemInfo: [malloc] Total free space:                             126672 Byte
20220312 000445.879 INFO             PET0 PIOc_sync Exit - MemInfo: [malloc] Top-most, releasable space:                   123552 Byte
20220312 000445.879 INFO             PET0 PIOc_sync Exit - MemInfo: [malloc] Total space in use, mmap + non-mmap:        17232176 Byte
20220312 000445.879 INFO             PET0 PIOc_sync Exit - MemInfo: [malloc] Total space held (mmap + non-mmap):         17358848 Byte
20220312 000445.879 INFO             PET0 PIOc_sync Exit - MemInfo: [malloc] Total space used (mmap + non-mmap):         17240496 Byte
20220312 000445.879 INFO             PET0 PIOc_sync Exit - MemInfo: Wall-clock time since execution start:               0.054883 seconds
20220312 000445.879 INFO             PET0 PIOc_freedecomp Enter - MemInfo: [/proc/meminfo - SSI]	MemTotal:       65855856 kB
20220312 000445.879 INFO             PET0 PIOc_freedecomp Enter - MemInfo: [/proc/meminfo - SSI]	MemFree:        61193884 kB
20220312 000445.879 INFO             PET0 PIOc_freedecomp Enter - MemInfo: [/proc/meminfo - SSI]	MemAvailable:   60978188 kB
20220312 000445.879 INFO             PET0 PIOc_freedecomp Enter - MemInfo: [/proc/meminfo - SSI]	Committed_AS:    2874852 kB
20220312 000445.879 INFO             PET0 PIOc_freedecomp Enter - MemInfo: [/proc/meminfo - SSI]	CommittedPercent: 4.36537 %
20220312 000445.879 INFO             PET0 PIOc_freedecomp Enter - MemInfo: [/proc/self/status]	VmPeak:	  213912 kB
20220312 000445.879 INFO             PET0 PIOc_freedecomp Enter - MemInfo: [/proc/self/status]	VmSize:	  213912 kB
20220312 000445.879 INFO             PET0 PIOc_freedecomp Enter - MemInfo: [/proc/self/status]	VmLck:	       0 kB
20220312 000445.879 INFO             PET0 PIOc_freedecomp Enter - MemInfo: [/proc/self/status]	VmPin:	       0 kB
20220312 000445.879 INFO             PET0 PIOc_freedecomp Enter - MemInfo: [/proc/self/status]	VmHWM:	   30608 kB
20220312 000445.879 INFO             PET0 PIOc_freedecomp Enter - MemInfo: [/proc/self/status]	VmRSS:	   26956 kB
20220312 000445.879 INFO             PET0 PIOc_freedecomp Enter - MemInfo: [/proc/self/status]	VmData:	   37620 kB
20220312 000445.879 INFO             PET0 PIOc_freedecomp Enter - MemInfo: [/proc/self/status]	VmStk:	     508 kB
20220312 000445.879 INFO             PET0 PIOc_freedecomp Enter - MemInfo: [/proc/self/status]	VmExe:	     996 kB
20220312 000445.879 INFO             PET0 PIOc_freedecomp Enter - MemInfo: [/proc/self/status]	VmLib:	   93984 kB
20220312 000445.879 INFO             PET0 PIOc_freedecomp Enter - MemInfo: [/proc/self/status]	VmPTE:	     348 kB
20220312 000445.879 INFO             PET0 PIOc_freedecomp Enter - MemInfo: [/proc/self/status]	VmPMD:	      12 kB
20220312 000445.879 INFO             PET0 PIOc_freedecomp Enter - MemInfo: [/proc/self/status]	VmSwap:	       0 kB
20220312 000445.879 INFO             PET0 PIOc_freedecomp Enter - MemInfo: [/proc/self/status]	VmRSSPercent: 0.0409318 %
20220312 000445.879 INFO             PET0 PIOc_freedecomp Enter - MemInfo: [malloc] Non-mmapped space allocated:                10235904 Byte
20220312 000445.879 INFO             PET0 PIOc_freedecomp Enter - MemInfo: [malloc] Space allocated in mmapped regions:          7122944 Byte
20220312 000445.879 INFO             PET0 PIOc_freedecomp Enter - MemInfo: [malloc] Maximum total allocated space:                     0 Byte
20220312 000445.879 INFO             PET0 PIOc_freedecomp Enter - MemInfo: [malloc] Space in freed fastbin blocks:                    64 Byte
20220312 000445.879 INFO             PET0 PIOc_freedecomp Enter - MemInfo: [malloc] Total allocated space:                       1184416 Byte
20220312 000445.879 INFO             PET0 PIOc_freedecomp Enter - MemInfo: [malloc] Total free space:                            9051488 Byte
20220312 000445.879 INFO             PET0 PIOc_freedecomp Enter - MemInfo: [malloc] Top-most, releasable space:                   123328 Byte
20220312 000445.879 INFO             PET0 PIOc_freedecomp Enter - MemInfo: [malloc] Total space in use, mmap + non-mmap:         8307360 Byte
20220312 000445.879 INFO             PET0 PIOc_freedecomp Enter - MemInfo: [malloc] Total space held (mmap + non-mmap):         17358848 Byte
20220312 000445.879 INFO             PET0 PIOc_freedecomp Enter - MemInfo: [malloc] Total space used (mmap + non-mmap):          8315568 Byte
20220312 000445.879 INFO             PET0 PIOc_freedecomp Enter - MemInfo: Wall-clock time since execution start:              0.0555141 seconds
20220312 000445.879 INFO             PET0 PIOc_freedecomp Exit - MemInfo: [/proc/meminfo - SSI]	MemTotal:       65855856 kB
20220312 000445.879 INFO             PET0 PIOc_freedecomp Exit - MemInfo: [/proc/meminfo - SSI]	MemFree:        61193884 kB
20220312 000445.879 INFO             PET0 PIOc_freedecomp Exit - MemInfo: [/proc/meminfo - SSI]	MemAvailable:   60978188 kB
20220312 000445.879 INFO             PET0 PIOc_freedecomp Exit - MemInfo: [/proc/meminfo - SSI]	Committed_AS:    2874852 kB
20220312 000445.879 INFO             PET0 PIOc_freedecomp Exit - MemInfo: [/proc/meminfo - SSI]	CommittedPercent: 4.36537 %
20220312 000445.880 INFO             PET0 PIOc_freedecomp Exit - MemInfo: [/proc/self/status]	VmPeak:	  213912 kB
20220312 000445.880 INFO             PET0 PIOc_freedecomp Exit - MemInfo: [/proc/self/status]	VmSize:	  213912 kB
20220312 000445.880 INFO             PET0 PIOc_freedecomp Exit - MemInfo: [/proc/self/status]	VmLck:	       0 kB
20220312 000445.880 INFO             PET0 PIOc_freedecomp Exit - MemInfo: [/proc/self/status]	VmPin:	       0 kB
20220312 000445.880 INFO             PET0 PIOc_freedecomp Exit - MemInfo: [/proc/self/status]	VmHWM:	   30608 kB
20220312 000445.880 INFO             PET0 PIOc_freedecomp Exit - MemInfo: [/proc/self/status]	VmRSS:	   26956 kB
20220312 000445.880 INFO             PET0 PIOc_freedecomp Exit - MemInfo: [/proc/self/status]	VmData:	   37620 kB
20220312 000445.880 INFO             PET0 PIOc_freedecomp Exit - MemInfo: [/proc/self/status]	VmStk:	     508 kB
20220312 000445.880 INFO             PET0 PIOc_freedecomp Exit - MemInfo: [/proc/self/status]	VmExe:	     996 kB
20220312 000445.880 INFO             PET0 PIOc_freedecomp Exit - MemInfo: [/proc/self/status]	VmLib:	   93984 kB
20220312 000445.880 INFO             PET0 PIOc_freedecomp Exit - MemInfo: [/proc/self/status]	VmPTE:	     348 kB
20220312 000445.880 INFO             PET0 PIOc_freedecomp Exit - MemInfo: [/proc/self/status]	VmPMD:	      12 kB
20220312 000445.880 INFO             PET0 PIOc_freedecomp Exit - MemInfo: [/proc/self/status]	VmSwap:	       0 kB
20220312 000445.880 INFO             PET0 PIOc_freedecomp Exit - MemInfo: [/proc/self/status]	VmRSSPercent: 0.0409318 %
20220312 000445.880 INFO             PET0 PIOc_freedecomp Exit - MemInfo: [malloc] Non-mmapped space allocated:                10235904 Byte
20220312 000445.880 INFO             PET0 PIOc_freedecomp Exit - MemInfo: [malloc] Space allocated in mmapped regions:          7122944 Byte
20220312 000445.880 INFO             PET0 PIOc_freedecomp Exit - MemInfo: [malloc] Maximum total allocated space:                     0 Byte
20220312 000445.880 INFO             PET0 PIOc_freedecomp Exit - MemInfo: [malloc] Space in freed fastbin blocks:                   192 Byte
20220312 000445.880 INFO             PET0 PIOc_freedecomp Exit - MemInfo: [malloc] Total allocated space:                       1182608 Byte
20220312 000445.880 INFO             PET0 PIOc_freedecomp Exit - MemInfo: [malloc] Total free space:                            9053296 Byte
20220312 000445.880 INFO             PET0 PIOc_freedecomp Exit - MemInfo: [malloc] Top-most, releasable space:                   129024 Byte
20220312 000445.880 INFO             PET0 PIOc_freedecomp Exit - MemInfo: [malloc] Total space in use, mmap + non-mmap:         8305552 Byte
20220312 000445.880 INFO             PET0 PIOc_freedecomp Exit - MemInfo: [malloc] Total space held (mmap + non-mmap):         17358848 Byte
20220312 000445.880 INFO             PET0 PIOc_freedecomp Exit - MemInfo: [malloc] Total space used (mmap + non-mmap):          8313760 Byte
20220312 000445.880 INFO             PET0 PIOc_freedecomp Exit - MemInfo: Wall-clock time since execution start:              0.0558741 seconds
20220312 000445.880 INFO             PET0 PASS Create an ESMC_RouteHandle via ESMC_FieldRegridStore(), ESMC_FieldRegridUTest.C, line 367
20220312 000445.880 INFO             PET0 PASS Execute ESMC_FieldRegrid(), ESMC_FieldRegridUTest.C, line 375
20220312 000445.883 INFO             PET0 PIOc_sync Enter - MemInfo: [/proc/meminfo - SSI]	MemTotal:       65855856 kB
20220312 000445.883 INFO             PET0 PIOc_sync Enter - MemInfo: [/proc/meminfo - SSI]	MemFree:        61189852 kB
20220312 000445.883 INFO             PET0 PIOc_sync Enter - MemInfo: [/proc/meminfo - SSI]	MemAvailable:   60974156 kB
20220312 000445.883 INFO             PET0 PIOc_sync Enter - MemInfo: [/proc/meminfo - SSI]	Committed_AS:    2874852 kB
20220312 000445.883 INFO             PET0 PIOc_sync Enter - MemInfo: [/proc/meminfo - SSI]	CommittedPercent: 4.36537 %
20220312 000445.883 INFO             PET0 PIOc_sync Enter - MemInfo: [/proc/self/status]	VmPeak:	  213912 kB
20220312 000445.883 INFO             PET0 PIOc_sync Enter - MemInfo: [/proc/self/status]	VmSize:	  213912 kB
20220312 000445.883 INFO             PET0 PIOc_sync Enter - MemInfo: [/proc/self/status]	VmLck:	       0 kB
20220312 000445.883 INFO             PET0 PIOc_sync Enter - MemInfo: [/proc/self/status]	VmPin:	       0 kB
20220312 000445.883 INFO             PET0 PIOc_sync Enter - MemInfo: [/proc/self/status]	VmHWM:	   31180 kB
20220312 000445.883 INFO             PET0 PIOc_sync Enter - MemInfo: [/proc/self/status]	VmRSS:	   31180 kB
20220312 000445.883 INFO             PET0 PIOc_sync Enter - MemInfo: [/proc/self/status]	VmData:	   37620 kB
20220312 000445.883 INFO             PET0 PIOc_sync Enter - MemInfo: [/proc/self/status]	VmStk:	     508 kB
20220312 000445.883 INFO             PET0 PIOc_sync Enter - MemInfo: [/proc/self/status]	VmExe:	     996 kB
20220312 000445.883 INFO             PET0 PIOc_sync Enter - MemInfo: [/proc/self/status]	VmLib:	   93984 kB
20220312 000445.883 INFO             PET0 PIOc_sync Enter - MemInfo: [/proc/self/status]	VmPTE:	     352 kB
20220312 000445.883 INFO             PET0 PIOc_sync Enter - MemInfo: [/proc/self/status]	VmPMD:	      12 kB
20220312 000445.883 INFO             PET0 PIOc_sync Enter - MemInfo: [/proc/self/status]	VmSwap:	       0 kB
20220312 000445.883 INFO             PET0 PIOc_sync Enter - MemInfo: [/proc/self/status]	VmRSSPercent: 0.0473458 %
20220312 000445.883 INFO             PET0 PIOc_sync Enter - MemInfo: [malloc] Non-mmapped space allocated:                10235904 Byte
20220312 000445.883 INFO             PET0 PIOc_sync Enter - MemInfo: [malloc] Space allocated in mmapped regions:          7122944 Byte
20220312 000445.883 INFO             PET0 PIOc_sync Enter - MemInfo: [malloc] Maximum total allocated space:                     0 Byte
20220312 000445.883 INFO             PET0 PIOc_sync Enter - MemInfo: [malloc] Space in freed fastbin blocks:                    48 Byte
20220312 000445.883 INFO             PET0 PIOc_sync Enter - MemInfo: [malloc] Total allocated space:                      10118128 Byte
20220312 000445.883 INFO             PET0 PIOc_sync Enter - MemInfo: [malloc] Total free space:                             117776 Byte
20220312 000445.883 INFO             PET0 PIOc_sync Enter - MemInfo: [malloc] Top-most, releasable space:                   117728 Byte
20220312 000445.883 INFO             PET0 PIOc_sync Enter - MemInfo: [malloc] Total space in use, mmap + non-mmap:        17241072 Byte
20220312 000445.883 INFO             PET0 PIOc_sync Enter - MemInfo: [malloc] Total space held (mmap + non-mmap):         17358848 Byte
20220312 000445.883 INFO             PET0 PIOc_sync Enter - MemInfo: [malloc] Total space used (mmap + non-mmap):         17249392 Byte
20220312 000445.883 INFO             PET0 PIOc_sync Enter - MemInfo: Wall-clock time since execution start:              0.0593622 seconds
20220312 000445.883 INFO             PET0 PIOc_sync Exit - MemInfo: [/proc/meminfo - SSI]	MemTotal:       65855856 kB
20220312 000445.883 INFO             PET0 PIOc_sync Exit - MemInfo: [/proc/meminfo - SSI]	MemFree:        61189852 kB
20220312 000445.883 INFO             PET0 PIOc_sync Exit - MemInfo: [/proc/meminfo - SSI]	MemAvailable:   60974156 kB
20220312 000445.883 INFO             PET0 PIOc_sync Exit - MemInfo: [/proc/meminfo - SSI]	Committed_AS:    2874852 kB
20220312 000445.883 INFO             PET0 PIOc_sync Exit - MemInfo: [/proc/meminfo - SSI]	CommittedPercent: 4.36537 %
20220312 000445.883 INFO             PET0 PIOc_sync Exit - MemInfo: [/proc/self/status]	VmPeak:	  213912 kB
20220312 000445.883 INFO             PET0 PIOc_sync Exit - MemInfo: [/proc/self/status]	VmSize:	  213912 kB
20220312 000445.883 INFO             PET0 PIOc_sync Exit - MemInfo: [/proc/self/status]	VmLck:	       0 kB
20220312 000445.883 INFO             PET0 PIOc_sync Exit - MemInfo: [/proc/self/status]	VmPin:	       0 kB
20220312 000445.883 INFO             PET0 PIOc_sync Exit - MemInfo: [/proc/self/status]	VmHWM:	   31180 kB
20220312 000445.883 INFO             PET0 PIOc_sync Exit - MemInfo: [/proc/self/status]	VmRSS:	   31180 kB
20220312 000445.883 INFO             PET0 PIOc_sync Exit - MemInfo: [/proc/self/status]	VmData:	   37620 kB
20220312 000445.883 INFO             PET0 PIOc_sync Exit - MemInfo: [/proc/self/status]	VmStk:	     508 kB
20220312 000445.883 INFO             PET0 PIOc_sync Exit - MemInfo: [/proc/self/status]	VmExe:	     996 kB
20220312 000445.883 INFO             PET0 PIOc_sync Exit - MemInfo: [/proc/self/status]	VmLib:	   93984 kB
20220312 000445.883 INFO             PET0 PIOc_sync Exit - MemInfo: [/proc/self/status]	VmPTE:	     352 kB
20220312 000445.883 INFO             PET0 PIOc_sync Exit - MemInfo: [/proc/self/status]	VmPMD:	      12 kB
20220312 000445.884 INFO             PET0 PIOc_sync Exit - MemInfo: [/proc/self/status]	VmSwap:	       0 kB
20220312 000445.884 INFO             PET0 PIOc_sync Exit - MemInfo: [/proc/self/status]	VmRSSPercent: 0.0473458 %
20220312 000445.884 INFO             PET0 PIOc_sync Exit - MemInfo: [malloc] Non-mmapped space allocated:                10235904 Byte
20220312 000445.884 INFO             PET0 PIOc_sync Exit - MemInfo: [malloc] Space allocated in mmapped regions:          7122944 Byte
20220312 000445.884 INFO             PET0 PIOc_sync Exit - MemInfo: [malloc] Maximum total allocated space:                     0 Byte
20220312 000445.884 INFO             PET0 PIOc_sync Exit - MemInfo: [malloc] Space in freed fastbin blocks:                     0 Byte
20220312 000445.884 INFO             PET0 PIOc_sync Exit - MemInfo: [malloc] Total allocated space:                      10118672 Byte
20220312 000445.884 INFO             PET0 PIOc_sync Exit - MemInfo: [malloc] Total free space:                             117232 Byte
20220312 000445.884 INFO             PET0 PIOc_sync Exit - MemInfo: [malloc] Top-most, releasable space:                   117232 Byte
20220312 000445.884 INFO             PET0 PIOc_sync Exit - MemInfo: [malloc] Total space in use, mmap + non-mmap:        17241616 Byte
20220312 000445.884 INFO             PET0 PIOc_sync Exit - MemInfo: [malloc] Total space held (mmap + non-mmap):         17358848 Byte
20220312 000445.884 INFO             PET0 PIOc_sync Exit - MemInfo: [malloc] Total space used (mmap + non-mmap):         17249936 Byte
20220312 000445.884 INFO             PET0 PIOc_sync Exit - MemInfo: Wall-clock time since execution start:              0.0597391 seconds
20220312 000445.884 INFO             PET0 PIOc_freedecomp Enter - MemInfo: [/proc/meminfo - SSI]	MemTotal:       65855856 kB
20220312 000445.884 INFO             PET0 PIOc_freedecomp Enter - MemInfo: [/proc/meminfo - SSI]	MemFree:        61189852 kB
20220312 000445.884 INFO             PET0 PIOc_freedecomp Enter - MemInfo: [/proc/meminfo - SSI]	MemAvailable:   60974156 kB
20220312 000445.884 INFO             PET0 PIOc_freedecomp Enter - MemInfo: [/proc/meminfo - SSI]	Committed_AS:    2874852 kB
20220312 000445.884 INFO             PET0 PIOc_freedecomp Enter - MemInfo: [/proc/meminfo - SSI]	CommittedPercent: 4.36537 %
20220312 000445.884 INFO             PET0 PIOc_freedecomp Enter - MemInfo: [/proc/self/status]	VmPeak:	  213912 kB
20220312 000445.884 INFO             PET0 PIOc_freedecomp Enter - MemInfo: [/proc/self/status]	VmSize:	  213912 kB
20220312 000445.884 INFO             PET0 PIOc_freedecomp Enter - MemInfo: [/proc/self/status]	VmLck:	       0 kB
20220312 000445.884 INFO             PET0 PIOc_freedecomp Enter - MemInfo: [/proc/self/status]	VmPin:	       0 kB
20220312 000445.884 INFO             PET0 PIOc_freedecomp Enter - MemInfo: [/proc/self/status]	VmHWM:	   31180 kB
20220312 000445.884 INFO             PET0 PIOc_freedecomp Enter - MemInfo: [/proc/self/status]	VmRSS:	   31180 kB
20220312 000445.884 INFO             PET0 PIOc_freedecomp Enter - MemInfo: [/proc/self/status]	VmData:	   37620 kB
20220312 000445.884 INFO             PET0 PIOc_freedecomp Enter - MemInfo: [/proc/self/status]	VmStk:	     508 kB
20220312 000445.884 INFO             PET0 PIOc_freedecomp Enter - MemInfo: [/proc/self/status]	VmExe:	     996 kB
20220312 000445.884 INFO             PET0 PIOc_freedecomp Enter - MemInfo: [/proc/self/status]	VmLib:	   93984 kB
20220312 000445.884 INFO             PET0 PIOc_freedecomp Enter - MemInfo: [/proc/self/status]	VmPTE:	     352 kB
20220312 000445.884 INFO             PET0 PIOc_freedecomp Enter - MemInfo: [/proc/self/status]	VmPMD:	      12 kB
20220312 000445.884 INFO             PET0 PIOc_freedecomp Enter - MemInfo: [/proc/self/status]	VmSwap:	       0 kB
20220312 000445.884 INFO             PET0 PIOc_freedecomp Enter - MemInfo: [/proc/self/status]	VmRSSPercent: 0.0473458 %
20220312 000445.884 INFO             PET0 PIOc_freedecomp Enter - MemInfo: [malloc] Non-mmapped space allocated:                10235904 Byte
20220312 000445.884 INFO             PET0 PIOc_freedecomp Enter - MemInfo: [malloc] Space allocated in mmapped regions:          7122944 Byte
20220312 000445.884 INFO             PET0 PIOc_freedecomp Enter - MemInfo: [malloc] Maximum total allocated space:                     0 Byte
20220312 000445.884 INFO             PET0 PIOc_freedecomp Enter - MemInfo: [malloc] Space in freed fastbin blocks:                   112 Byte
20220312 000445.884 INFO             PET0 PIOc_freedecomp Enter - MemInfo: [malloc] Total allocated space:                       1194448 Byte
20220312 000445.884 INFO             PET0 PIOc_freedecomp Enter - MemInfo: [malloc] Total free space:                            9041456 Byte
20220312 000445.884 INFO             PET0 PIOc_freedecomp Enter - MemInfo: [malloc] Top-most, releasable space:                   116896 Byte
20220312 000445.884 INFO             PET0 PIOc_freedecomp Enter - MemInfo: [malloc] Total space in use, mmap + non-mmap:         8317392 Byte
20220312 000445.884 INFO             PET0 PIOc_freedecomp Enter - MemInfo: [malloc] Total space held (mmap + non-mmap):         17358848 Byte
20220312 000445.884 INFO             PET0 PIOc_freedecomp Enter - MemInfo: [malloc] Total space used (mmap + non-mmap):          8325600 Byte
20220312 000445.884 INFO             PET0 PIOc_freedecomp Enter - MemInfo: Wall-clock time since execution start:               0.060199 seconds
20220312 000445.884 INFO             PET0 PIOc_freedecomp Exit - MemInfo: [/proc/meminfo - SSI]	MemTotal:       65855856 kB
20220312 000445.884 INFO             PET0 PIOc_freedecomp Exit - MemInfo: [/proc/meminfo - SSI]	MemFree:        61189852 kB
20220312 000445.884 INFO             PET0 PIOc_freedecomp Exit - MemInfo: [/proc/meminfo - SSI]	MemAvailable:   60974156 kB
20220312 000445.884 INFO             PET0 PIOc_freedecomp Exit - MemInfo: [/proc/meminfo - SSI]	Committed_AS:    2874852 kB
20220312 000445.884 INFO             PET0 PIOc_freedecomp Exit - MemInfo: [/proc/meminfo - SSI]	CommittedPercent: 4.36537 %
20220312 000445.884 INFO             PET0 PIOc_freedecomp Exit - MemInfo: [/proc/self/status]	VmPeak:	  213912 kB
20220312 000445.884 INFO             PET0 PIOc_freedecomp Exit - MemInfo: [/proc/self/status]	VmSize:	  213912 kB
20220312 000445.884 INFO             PET0 PIOc_freedecomp Exit - MemInfo: [/proc/self/status]	VmLck:	       0 kB
20220312 000445.884 INFO             PET0 PIOc_freedecomp Exit - MemInfo: [/proc/self/status]	VmPin:	       0 kB
20220312 000445.884 INFO             PET0 PIOc_freedecomp Exit - MemInfo: [/proc/self/status]	VmHWM:	   31180 kB
20220312 000445.884 INFO             PET0 PIOc_freedecomp Exit - MemInfo: [/proc/self/status]	VmRSS:	   31180 kB
20220312 000445.884 INFO             PET0 PIOc_freedecomp Exit - MemInfo: [/proc/self/status]	VmData:	   37620 kB
20220312 000445.884 INFO             PET0 PIOc_freedecomp Exit - MemInfo: [/proc/self/status]	VmStk:	     508 kB
20220312 000445.884 INFO             PET0 PIOc_freedecomp Exit - MemInfo: [/proc/self/status]	VmExe:	     996 kB
20220312 000445.884 INFO             PET0 PIOc_freedecomp Exit - MemInfo: [/proc/self/status]	VmLib:	   93984 kB
20220312 000445.884 INFO             PET0 PIOc_freedecomp Exit - MemInfo: [/proc/self/status]	VmPTE:	     352 kB
20220312 000445.884 INFO             PET0 PIOc_freedecomp Exit - MemInfo: [/proc/self/status]	VmPMD:	      12 kB
20220312 000445.884 INFO             PET0 PIOc_freedecomp Exit - MemInfo: [/proc/self/status]	VmSwap:	       0 kB
20220312 000445.884 INFO             PET0 PIOc_freedecomp Exit - MemInfo: [/proc/self/status]	VmRSSPercent: 0.0473458 %
20220312 000445.884 INFO             PET0 PIOc_freedecomp Exit - MemInfo: [malloc] Non-mmapped space allocated:                10235904 Byte
20220312 000445.884 INFO             PET0 PIOc_freedecomp Exit - MemInfo: [malloc] Space allocated in mmapped regions:          7122944 Byte
20220312 000445.884 INFO             PET0 PIOc_freedecomp Exit - MemInfo: [malloc] Maximum total allocated space:                     0 Byte
20220312 000445.884 INFO             PET0 PIOc_freedecomp Exit - MemInfo: [malloc] Space in freed fastbin blocks:                   928 Byte
20220312 000445.884 INFO             PET0 PIOc_freedecomp Exit - MemInfo: [malloc] Total allocated space:                       1193520 Byte
20220312 000445.884 INFO             PET0 PIOc_freedecomp Exit - MemInfo: [malloc] Total free space:                            9042384 Byte
20220312 000445.884 INFO             PET0 PIOc_freedecomp Exit - MemInfo: [malloc] Top-most, releasable space:                   117120 Byte
20220312 000445.884 INFO             PET0 PIOc_freedecomp Exit - MemInfo: [malloc] Total space in use, mmap + non-mmap:         8316464 Byte
20220312 000445.884 INFO             PET0 PIOc_freedecomp Exit - MemInfo: [malloc] Total space held (mmap + non-mmap):         17358848 Byte
20220312 000445.884 INFO             PET0 PIOc_freedecomp Exit - MemInfo: [malloc] Total space used (mmap + non-mmap):          8324672 Byte
20220312 000445.884 INFO             PET0 PIOc_freedecomp Exit - MemInfo: Wall-clock time since execution start:              0.0605142 seconds
20220312 000445.888 INFO             PET0 PIOc_sync Enter - MemInfo: [/proc/meminfo - SSI]	MemTotal:       65855856 kB
20220312 000445.888 INFO             PET0 PIOc_sync Enter - MemInfo: [/proc/meminfo - SSI]	MemFree:        61185316 kB
20220312 000445.888 INFO             PET0 PIOc_sync Enter - MemInfo: [/proc/meminfo - SSI]	MemAvailable:   60969620 kB
20220312 000445.888 INFO             PET0 PIOc_sync Enter - MemInfo: [/proc/meminfo - SSI]	Committed_AS:    2883060 kB
20220312 000445.888 INFO             PET0 PIOc_sync Enter - MemInfo: [/proc/meminfo - SSI]	CommittedPercent: 4.37783 %
20220312 000445.888 INFO             PET0 PIOc_sync Enter - MemInfo: [/proc/self/status]	VmPeak:	  222120 kB
20220312 000445.888 INFO             PET0 PIOc_sync Enter - MemInfo: [/proc/self/status]	VmSize:	  222120 kB
20220312 000445.888 INFO             PET0 PIOc_sync Enter - MemInfo: [/proc/self/status]	VmLck:	       0 kB
20220312 000445.888 INFO             PET0 PIOc_sync Enter - MemInfo: [/proc/self/status]	VmPin:	       0 kB
20220312 000445.888 INFO             PET0 PIOc_sync Enter - MemInfo: [/proc/self/status]	VmHWM:	   35140 kB
20220312 000445.888 INFO             PET0 PIOc_sync Enter - MemInfo: [/proc/self/status]	VmRSS:	   35140 kB
20220312 000445.888 INFO             PET0 PIOc_sync Enter - MemInfo: [/proc/self/status]	VmData:	   45828 kB
20220312 000445.888 INFO             PET0 PIOc_sync Enter - MemInfo: [/proc/self/status]	VmStk:	     508 kB
20220312 000445.888 INFO             PET0 PIOc_sync Enter - MemInfo: [/proc/self/status]	VmExe:	     996 kB
20220312 000445.888 INFO             PET0 PIOc_sync Enter - MemInfo: [/proc/self/status]	VmLib:	   93984 kB
20220312 000445.888 INFO             PET0 PIOc_sync Enter - MemInfo: [/proc/self/status]	VmPTE:	     364 kB
20220312 000445.888 INFO             PET0 PIOc_sync Enter - MemInfo: [/proc/self/status]	VmPMD:	      12 kB
20220312 000445.888 INFO             PET0 PIOc_sync Enter - MemInfo: [/proc/self/status]	VmSwap:	       0 kB
20220312 000445.888 INFO             PET0 PIOc_sync Enter - MemInfo: [/proc/self/status]	VmRSSPercent: 0.053359 %
20220312 000445.888 INFO             PET0 PIOc_sync Enter - MemInfo: [malloc] Non-mmapped space allocated:                18640896 Byte
20220312 000445.888 INFO             PET0 PIOc_sync Enter - MemInfo: [malloc] Space allocated in mmapped regions:          7122944 Byte
20220312 000445.888 INFO             PET0 PIOc_sync Enter - MemInfo: [malloc] Maximum total allocated space:                     0 Byte
20220312 000445.888 INFO             PET0 PIOc_sync Enter - MemInfo: [malloc] Space in freed fastbin blocks:                   624 Byte
20220312 000445.888 INFO             PET0 PIOc_sync Enter - MemInfo: [malloc] Total allocated space:                      10120032 Byte
20220312 000445.888 INFO             PET0 PIOc_sync Enter - MemInfo: [malloc] Total free space:                            8520864 Byte
20220312 000445.888 INFO             PET0 PIOc_sync Enter - MemInfo: [malloc] Top-most, releasable space:                   133488 Byte
20220312 000445.888 INFO             PET0 PIOc_sync Enter - MemInfo: [malloc] Total space in use, mmap + non-mmap:        17242976 Byte
20220312 000445.888 INFO             PET0 PIOc_sync Enter - MemInfo: [malloc] Total space held (mmap + non-mmap):         25763840 Byte
20220312 000445.888 INFO             PET0 PIOc_sync Enter - MemInfo: [malloc] Total space used (mmap + non-mmap):         17251296 Byte
20220312 000445.888 INFO             PET0 PIOc_sync Enter - MemInfo: Wall-clock time since execution start:              0.0640011 seconds
20220312 000445.888 INFO             PET0 PIOc_sync Exit - MemInfo: [/proc/meminfo - SSI]	MemTotal:       65855856 kB
20220312 000445.888 INFO             PET0 PIOc_sync Exit - MemInfo: [/proc/meminfo - SSI]	MemFree:        61185316 kB
20220312 000445.888 INFO             PET0 PIOc_sync Exit - MemInfo: [/proc/meminfo - SSI]	MemAvailable:   60969620 kB
20220312 000445.888 INFO             PET0 PIOc_sync Exit - MemInfo: [/proc/meminfo - SSI]	Committed_AS:    2883060 kB
20220312 000445.888 INFO             PET0 PIOc_sync Exit - MemInfo: [/proc/meminfo - SSI]	CommittedPercent: 4.37783 %
20220312 000445.888 INFO             PET0 PIOc_sync Exit - MemInfo: [/proc/self/status]	VmPeak:	  222120 kB
20220312 000445.888 INFO             PET0 PIOc_sync Exit - MemInfo: [/proc/self/status]	VmSize:	  222120 kB
20220312 000445.888 INFO             PET0 PIOc_sync Exit - MemInfo: [/proc/self/status]	VmLck:	       0 kB
20220312 000445.888 INFO             PET0 PIOc_sync Exit - MemInfo: [/proc/self/status]	VmPin:	       0 kB
20220312 000445.888 INFO             PET0 PIOc_sync Exit - MemInfo: [/proc/self/status]	VmHWM:	   35140 kB
20220312 000445.888 INFO             PET0 PIOc_sync Exit - MemInfo: [/proc/self/status]	VmRSS:	   35140 kB
20220312 000445.888 INFO             PET0 PIOc_sync Exit - MemInfo: [/proc/self/status]	VmData:	   45828 kB
20220312 000445.888 INFO             PET0 PIOc_sync Exit - MemInfo: [/proc/self/status]	VmStk:	     508 kB
20220312 000445.888 INFO             PET0 PIOc_sync Exit - MemInfo: [/proc/self/status]	VmExe:	     996 kB
20220312 000445.888 INFO             PET0 PIOc_sync Exit - MemInfo: [/proc/self/status]	VmLib:	   93984 kB
20220312 000445.888 INFO             PET0 PIOc_sync Exit - MemInfo: [/proc/self/status]	VmPTE:	     364 kB
20220312 000445.888 INFO             PET0 PIOc_sync Exit - MemInfo: [/proc/self/status]	VmPMD:	      12 kB
20220312 000445.888 INFO             PET0 PIOc_sync Exit - MemInfo: [/proc/self/status]	VmSwap:	       0 kB
20220312 000445.888 INFO             PET0 PIOc_sync Exit - MemInfo: [/proc/self/status]	VmRSSPercent: 0.053359 %
20220312 000445.888 INFO             PET0 PIOc_sync Exit - MemInfo: [malloc] Non-mmapped space allocated:                18640896 Byte
20220312 000445.888 INFO             PET0 PIOc_sync Exit - MemInfo: [malloc] Space allocated in mmapped regions:          7122944 Byte
20220312 000445.888 INFO             PET0 PIOc_sync Exit - MemInfo: [malloc] Maximum total allocated space:                     0 Byte
20220312 000445.888 INFO             PET0 PIOc_sync Exit - MemInfo: [malloc] Space in freed fastbin blocks:                     0 Byte
20220312 000445.888 INFO             PET0 PIOc_sync Exit - MemInfo: [malloc] Total allocated space:                      10120512 Byte
20220312 000445.888 INFO             PET0 PIOc_sync Exit - MemInfo: [malloc] Total free space:                            8520384 Byte
20220312 000445.888 INFO             PET0 PIOc_sync Exit - MemInfo: [malloc] Top-most, releasable space:                   133488 Byte
20220312 000445.888 INFO             PET0 PIOc_sync Exit - MemInfo: [malloc] Total space in use, mmap + non-mmap:        17243456 Byte
20220312 000445.888 INFO             PET0 PIOc_sync Exit - MemInfo: [malloc] Total space held (mmap + non-mmap):         25763840 Byte
20220312 000445.888 INFO             PET0 PIOc_sync Exit - MemInfo: [malloc] Total space used (mmap + non-mmap):         17251776 Byte
20220312 000445.888 INFO             PET0 PIOc_sync Exit - MemInfo: Wall-clock time since execution start:               0.064332 seconds
20220312 000445.888 INFO             PET0 PIOc_freedecomp Enter - MemInfo: [/proc/meminfo - SSI]	MemTotal:       65855856 kB
20220312 000445.888 INFO             PET0 PIOc_freedecomp Enter - MemInfo: [/proc/meminfo - SSI]	MemFree:        61185316 kB
20220312 000445.888 INFO             PET0 PIOc_freedecomp Enter - MemInfo: [/proc/meminfo - SSI]	MemAvailable:   60969620 kB
20220312 000445.888 INFO             PET0 PIOc_freedecomp Enter - MemInfo: [/proc/meminfo - SSI]	Committed_AS:    2883060 kB
20220312 000445.888 INFO             PET0 PIOc_freedecomp Enter - MemInfo: [/proc/meminfo - SSI]	CommittedPercent: 4.37783 %
20220312 000445.888 INFO             PET0 PIOc_freedecomp Enter - MemInfo: [/proc/self/status]	VmPeak:	  222120 kB
20220312 000445.888 INFO             PET0 PIOc_freedecomp Enter - MemInfo: [/proc/self/status]	VmSize:	  222120 kB
20220312 000445.888 INFO             PET0 PIOc_freedecomp Enter - MemInfo: [/proc/self/status]	VmLck:	       0 kB
20220312 000445.888 INFO             PET0 PIOc_freedecomp Enter - MemInfo: [/proc/self/status]	VmPin:	       0 kB
20220312 000445.889 INFO             PET0 PIOc_freedecomp Enter - MemInfo: [/proc/self/status]	VmHWM:	   35140 kB
20220312 000445.889 INFO             PET0 PIOc_freedecomp Enter - MemInfo: [/proc/self/status]	VmRSS:	   35140 kB
20220312 000445.889 INFO             PET0 PIOc_freedecomp Enter - MemInfo: [/proc/self/status]	VmData:	   45828 kB
20220312 000445.889 INFO             PET0 PIOc_freedecomp Enter - MemInfo: [/proc/self/status]	VmStk:	     508 kB
20220312 000445.889 INFO             PET0 PIOc_freedecomp Enter - MemInfo: [/proc/self/status]	VmExe:	     996 kB
20220312 000445.889 INFO             PET0 PIOc_freedecomp Enter - MemInfo: [/proc/self/status]	VmLib:	   93984 kB
20220312 000445.889 INFO             PET0 PIOc_freedecomp Enter - MemInfo: [/proc/self/status]	VmPTE:	     364 kB
20220312 000445.889 INFO             PET0 PIOc_freedecomp Enter - MemInfo: [/proc/self/status]	VmPMD:	      12 kB
20220312 000445.889 INFO             PET0 PIOc_freedecomp Enter - MemInfo: [/proc/self/status]	VmSwap:	       0 kB
20220312 000445.889 INFO             PET0 PIOc_freedecomp Enter - MemInfo: [/proc/self/status]	VmRSSPercent: 0.053359 %
20220312 000445.889 INFO             PET0 PIOc_freedecomp Enter - MemInfo: [malloc] Non-mmapped space allocated:                18640896 Byte
20220312 000445.889 INFO             PET0 PIOc_freedecomp Enter - MemInfo: [malloc] Space allocated in mmapped regions:          7122944 Byte
20220312 000445.889 INFO             PET0 PIOc_freedecomp Enter - MemInfo: [malloc] Maximum total allocated space:                     0 Byte
20220312 000445.889 INFO             PET0 PIOc_freedecomp Enter - MemInfo: [malloc] Space in freed fastbin blocks:                   272 Byte
20220312 000445.889 INFO             PET0 PIOc_freedecomp Enter - MemInfo: [malloc] Total allocated space:                       1195296 Byte
20220312 000445.889 INFO             PET0 PIOc_freedecomp Enter - MemInfo: [malloc] Total free space:                           17445600 Byte
20220312 000445.889 INFO             PET0 PIOc_freedecomp Enter - MemInfo: [malloc] Top-most, releasable space:                  8522112 Byte
20220312 000445.889 INFO             PET0 PIOc_freedecomp Enter - MemInfo: [malloc] Total space in use, mmap + non-mmap:         8318240 Byte
20220312 000445.889 INFO             PET0 PIOc_freedecomp Enter - MemInfo: [malloc] Total space held (mmap + non-mmap):         25763840 Byte
20220312 000445.889 INFO             PET0 PIOc_freedecomp Enter - MemInfo: [malloc] Total space used (mmap + non-mmap):          8326448 Byte
20220312 000445.889 INFO             PET0 PIOc_freedecomp Enter - MemInfo: Wall-clock time since execution start:              0.0647712 seconds
20220312 000445.889 INFO             PET0 PIOc_freedecomp Exit - MemInfo: [/proc/meminfo - SSI]	MemTotal:       65855856 kB
20220312 000445.889 INFO             PET0 PIOc_freedecomp Exit - MemInfo: [/proc/meminfo - SSI]	MemFree:        61185316 kB
20220312 000445.889 INFO             PET0 PIOc_freedecomp Exit - MemInfo: [/proc/meminfo - SSI]	MemAvailable:   60969620 kB
20220312 000445.889 INFO             PET0 PIOc_freedecomp Exit - MemInfo: [/proc/meminfo - SSI]	Committed_AS:    2883060 kB
20220312 000445.889 INFO             PET0 PIOc_freedecomp Exit - MemInfo: [/proc/meminfo - SSI]	CommittedPercent: 4.37783 %
20220312 000445.889 INFO             PET0 PIOc_freedecomp Exit - MemInfo: [/proc/self/status]	VmPeak:	  222120 kB
20220312 000445.889 INFO             PET0 PIOc_freedecomp Exit - MemInfo: [/proc/self/status]	VmSize:	  222120 kB
20220312 000445.889 INFO             PET0 PIOc_freedecomp Exit - MemInfo: [/proc/self/status]	VmLck:	       0 kB
20220312 000445.889 INFO             PET0 PIOc_freedecomp Exit - MemInfo: [/proc/self/status]	VmPin:	       0 kB
20220312 000445.889 INFO             PET0 PIOc_freedecomp Exit - MemInfo: [/proc/self/status]	VmHWM:	   35140 kB
20220312 000445.889 INFO             PET0 PIOc_freedecomp Exit - MemInfo: [/proc/self/status]	VmRSS:	   35140 kB
20220312 000445.889 INFO             PET0 PIOc_freedecomp Exit - MemInfo: [/proc/self/status]	VmData:	   45828 kB
20220312 000445.889 INFO             PET0 PIOc_freedecomp Exit - MemInfo: [/proc/self/status]	VmStk:	     508 kB
20220312 000445.889 INFO             PET0 PIOc_freedecomp Exit - MemInfo: [/proc/self/status]	VmExe:	     996 kB
20220312 000445.889 INFO             PET0 PIOc_freedecomp Exit - MemInfo: [/proc/self/status]	VmLib:	   93984 kB
20220312 000445.889 INFO             PET0 PIOc_freedecomp Exit - MemInfo: [/proc/self/status]	VmPTE:	     364 kB
20220312 000445.889 INFO             PET0 PIOc_freedecomp Exit - MemInfo: [/proc/self/status]	VmPMD:	      12 kB
20220312 000445.889 INFO             PET0 PIOc_freedecomp Exit - MemInfo: [/proc/self/status]	VmSwap:	       0 kB
20220312 000445.889 INFO             PET0 PIOc_freedecomp Exit - MemInfo: [/proc/self/status]	VmRSSPercent: 0.053359 %
20220312 000445.889 INFO             PET0 PIOc_freedecomp Exit - MemInfo: [malloc] Non-mmapped space allocated:                18640896 Byte
20220312 000445.889 INFO             PET0 PIOc_freedecomp Exit - MemInfo: [malloc] Space allocated in mmapped regions:          7122944 Byte
20220312 000445.889 INFO             PET0 PIOc_freedecomp Exit - MemInfo: [malloc] Maximum total allocated space:                     0 Byte
20220312 000445.889 INFO             PET0 PIOc_freedecomp Exit - MemInfo: [malloc] Space in freed fastbin blocks:                   896 Byte
20220312 000445.889 INFO             PET0 PIOc_freedecomp Exit - MemInfo: [malloc] Total allocated space:                       1194400 Byte
20220312 000445.889 INFO             PET0 PIOc_freedecomp Exit - MemInfo: [malloc] Total free space:                           17446496 Byte
20220312 000445.889 INFO             PET0 PIOc_freedecomp Exit - MemInfo: [malloc] Top-most, releasable space:                  8522112 Byte
20220312 000445.889 INFO             PET0 PIOc_freedecomp Exit - MemInfo: [malloc] Total space in use, mmap + non-mmap:         8317344 Byte
20220312 000445.889 INFO             PET0 PIOc_freedecomp Exit - MemInfo: [malloc] Total space held (mmap + non-mmap):         25763840 Byte
20220312 000445.889 INFO             PET0 PIOc_freedecomp Exit - MemInfo: [malloc] Total space used (mmap + non-mmap):          8325552 Byte
20220312 000445.889 INFO             PET0 PIOc_freedecomp Exit - MemInfo: Wall-clock time since execution start:              0.0650802 seconds
20220312 000445.890 INFO             PET0 PIOc_sync Enter - MemInfo: [/proc/meminfo - SSI]	MemTotal:       65855856 kB
20220312 000445.890 INFO             PET0 PIOc_sync Enter - MemInfo: [/proc/meminfo - SSI]	MemFree:        61185316 kB
20220312 000445.890 INFO             PET0 PIOc_sync Enter - MemInfo: [/proc/meminfo - SSI]	MemAvailable:   60969620 kB
20220312 000445.890 INFO             PET0 PIOc_sync Enter - MemInfo: [/proc/meminfo - SSI]	Committed_AS:    2883060 kB
20220312 000445.890 INFO             PET0 PIOc_sync Enter - MemInfo: [/proc/meminfo - SSI]	CommittedPercent: 4.37783 %
20220312 000445.890 INFO             PET0 PIOc_sync Enter - MemInfo: [/proc/self/status]	VmPeak:	  222120 kB
20220312 000445.890 INFO             PET0 PIOc_sync Enter - MemInfo: [/proc/self/status]	VmSize:	  222120 kB
20220312 000445.890 INFO             PET0 PIOc_sync Enter - MemInfo: [/proc/self/status]	VmLck:	       0 kB
20220312 000445.890 INFO             PET0 PIOc_sync Enter - MemInfo: [/proc/self/status]	VmPin:	       0 kB
20220312 000445.890 INFO             PET0 PIOc_sync Enter - MemInfo: [/proc/self/status]	VmHWM:	   35140 kB
20220312 000445.890 INFO             PET0 PIOc_sync Enter - MemInfo: [/proc/self/status]	VmRSS:	   35140 kB
20220312 000445.890 INFO             PET0 PIOc_sync Enter - MemInfo: [/proc/self/status]	VmData:	   45828 kB
20220312 000445.890 INFO             PET0 PIOc_sync Enter - MemInfo: [/proc/self/status]	VmStk:	     508 kB
20220312 000445.890 INFO             PET0 PIOc_sync Enter - MemInfo: [/proc/self/status]	VmExe:	     996 kB
20220312 000445.890 INFO             PET0 PIOc_sync Enter - MemInfo: [/proc/self/status]	VmLib:	   93984 kB
20220312 000445.890 INFO             PET0 PIOc_sync Enter - MemInfo: [/proc/self/status]	VmPTE:	     364 kB
20220312 000445.890 INFO             PET0 PIOc_sync Enter - MemInfo: [/proc/self/status]	VmPMD:	      12 kB
20220312 000445.890 INFO             PET0 PIOc_sync Enter - MemInfo: [/proc/self/status]	VmSwap:	       0 kB
20220312 000445.890 INFO             PET0 PIOc_sync Enter - MemInfo: [/proc/self/status]	VmRSSPercent: 0.053359 %
20220312 000445.890 INFO             PET0 PIOc_sync Enter - MemInfo: [malloc] Non-mmapped space allocated:                18640896 Byte
20220312 000445.890 INFO             PET0 PIOc_sync Enter - MemInfo: [malloc] Space allocated in mmapped regions:          7122944 Byte
20220312 000445.890 INFO             PET0 PIOc_sync Enter - MemInfo: [malloc] Maximum total allocated space:                     0 Byte
20220312 000445.890 INFO             PET0 PIOc_sync Enter - MemInfo: [malloc] Space in freed fastbin blocks:                  1104 Byte
20220312 000445.890 INFO             PET0 PIOc_sync Enter - MemInfo: [malloc] Total allocated space:                      10121520 Byte
20220312 000445.890 INFO             PET0 PIOc_sync Enter - MemInfo: [malloc] Total free space:                            8519376 Byte
20220312 000445.890 INFO             PET0 PIOc_sync Enter - MemInfo: [malloc] Top-most, releasable space:                   133488 Byte
20220312 000445.890 INFO             PET0 PIOc_sync Enter - MemInfo: [malloc] Total space in use, mmap + non-mmap:        17244464 Byte
20220312 000445.890 INFO             PET0 PIOc_sync Enter - MemInfo: [malloc] Total space held (mmap + non-mmap):         25763840 Byte
20220312 000445.890 INFO             PET0 PIOc_sync Enter - MemInfo: [malloc] Total space used (mmap + non-mmap):         17252784 Byte
20220312 000445.890 INFO             PET0 PIOc_sync Enter - MemInfo: Wall-clock time since execution start:                0.06657 seconds
20220312 000445.891 INFO             PET0 PIOc_sync Exit - MemInfo: [/proc/meminfo - SSI]	MemTotal:       65855856 kB
20220312 000445.891 INFO             PET0 PIOc_sync Exit - MemInfo: [/proc/meminfo - SSI]	MemFree:        61185316 kB
20220312 000445.891 INFO             PET0 PIOc_sync Exit - MemInfo: [/proc/meminfo - SSI]	MemAvailable:   60969620 kB
20220312 000445.891 INFO             PET0 PIOc_sync Exit - MemInfo: [/proc/meminfo - SSI]	Committed_AS:    2883060 kB
20220312 000445.891 INFO             PET0 PIOc_sync Exit - MemInfo: [/proc/meminfo - SSI]	CommittedPercent: 4.37783 %
20220312 000445.891 INFO             PET0 PIOc_sync Exit - MemInfo: [/proc/self/status]	VmPeak:	  222120 kB
20220312 000445.891 INFO             PET0 PIOc_sync Exit - MemInfo: [/proc/self/status]	VmSize:	  222120 kB
20220312 000445.891 INFO             PET0 PIOc_sync Exit - MemInfo: [/proc/self/status]	VmLck:	       0 kB
20220312 000445.891 INFO             PET0 PIOc_sync Exit - MemInfo: [/proc/self/status]	VmPin:	       0 kB
20220312 000445.891 INFO             PET0 PIOc_sync Exit - MemInfo: [/proc/self/status]	VmHWM:	   35140 kB
20220312 000445.891 INFO             PET0 PIOc_sync Exit - MemInfo: [/proc/self/status]	VmRSS:	   35140 kB
20220312 000445.891 INFO             PET0 PIOc_sync Exit - MemInfo: [/proc/self/status]	VmData:	   45828 kB
20220312 000445.891 INFO             PET0 PIOc_sync Exit - MemInfo: [/proc/self/status]	VmStk:	     508 kB
20220312 000445.891 INFO             PET0 PIOc_sync Exit - MemInfo: [/proc/self/status]	VmExe:	     996 kB
20220312 000445.891 INFO             PET0 PIOc_sync Exit - MemInfo: [/proc/self/status]	VmLib:	   93984 kB
20220312 000445.891 INFO             PET0 PIOc_sync Exit - MemInfo: [/proc/self/status]	VmPTE:	     364 kB
20220312 000445.891 INFO             PET0 PIOc_sync Exit - MemInfo: [/proc/self/status]	VmPMD:	      12 kB
20220312 000445.891 INFO             PET0 PIOc_sync Exit - MemInfo: [/proc/self/status]	VmSwap:	       0 kB
20220312 000445.891 INFO             PET0 PIOc_sync Exit - MemInfo: [/proc/self/status]	VmRSSPercent: 0.053359 %
20220312 000445.891 INFO             PET0 PIOc_sync Exit - MemInfo: [malloc] Non-mmapped space allocated:                18640896 Byte
20220312 000445.891 INFO             PET0 PIOc_sync Exit - MemInfo: [malloc] Space allocated in mmapped regions:          7122944 Byte
20220312 000445.891 INFO             PET0 PIOc_sync Exit - MemInfo: [malloc] Maximum total allocated space:                     0 Byte
20220312 000445.891 INFO             PET0 PIOc_sync Exit - MemInfo: [malloc] Space in freed fastbin blocks:                     0 Byte
20220312 000445.891 INFO             PET0 PIOc_sync Exit - MemInfo: [malloc] Total allocated space:                      10122000 Byte
20220312 000445.891 INFO             PET0 PIOc_sync Exit - MemInfo: [malloc] Total free space:                            8518896 Byte
20220312 000445.891 INFO             PET0 PIOc_sync Exit - MemInfo: [malloc] Top-most, releasable space:                   133488 Byte
20220312 000445.891 INFO             PET0 PIOc_sync Exit - MemInfo: [malloc] Total space in use, mmap + non-mmap:        17244944 Byte
20220312 000445.891 INFO             PET0 PIOc_sync Exit - MemInfo: [malloc] Total space held (mmap + non-mmap):         25763840 Byte
20220312 000445.891 INFO             PET0 PIOc_sync Exit - MemInfo: [malloc] Total space used (mmap + non-mmap):         17253392 Byte
20220312 000445.891 INFO             PET0 PIOc_sync Exit - MemInfo: Wall-clock time since execution start:              0.0669022 seconds
20220312 000445.891 INFO             PET0 PIOc_freedecomp Enter - MemInfo: [/proc/meminfo - SSI]	MemTotal:       65855856 kB
20220312 000445.891 INFO             PET0 PIOc_freedecomp Enter - MemInfo: [/proc/meminfo - SSI]	MemFree:        61185316 kB
20220312 000445.891 INFO             PET0 PIOc_freedecomp Enter - MemInfo: [/proc/meminfo - SSI]	MemAvailable:   60969620 kB
20220312 000445.891 INFO             PET0 PIOc_freedecomp Enter - MemInfo: [/proc/meminfo - SSI]	Committed_AS:    2883060 kB
20220312 000445.891 INFO             PET0 PIOc_freedecomp Enter - MemInfo: [/proc/meminfo - SSI]	CommittedPercent: 4.37783 %
20220312 000445.891 INFO             PET0 PIOc_freedecomp Enter - MemInfo: [/proc/self/status]	VmPeak:	  222120 kB
20220312 000445.891 INFO             PET0 PIOc_freedecomp Enter - MemInfo: [/proc/self/status]	VmSize:	  222120 kB
20220312 000445.891 INFO             PET0 PIOc_freedecomp Enter - MemInfo: [/proc/self/status]	VmLck:	       0 kB
20220312 000445.891 INFO             PET0 PIOc_freedecomp Enter - MemInfo: [/proc/self/status]	VmPin:	       0 kB
20220312 000445.891 INFO             PET0 PIOc_freedecomp Enter - MemInfo: [/proc/self/status]	VmHWM:	   35140 kB
20220312 000445.891 INFO             PET0 PIOc_freedecomp Enter - MemInfo: [/proc/self/status]	VmRSS:	   35140 kB
20220312 000445.891 INFO             PET0 PIOc_freedecomp Enter - MemInfo: [/proc/self/status]	VmData:	   45828 kB
20220312 000445.891 INFO             PET0 PIOc_freedecomp Enter - MemInfo: [/proc/self/status]	VmStk:	     508 kB
20220312 000445.891 INFO             PET0 PIOc_freedecomp Enter - MemInfo: [/proc/self/status]	VmExe:	     996 kB
20220312 000445.891 INFO             PET0 PIOc_freedecomp Enter - MemInfo: [/proc/self/status]	VmLib:	   93984 kB
20220312 000445.891 INFO             PET0 PIOc_freedecomp Enter - MemInfo: [/proc/self/status]	VmPTE:	     364 kB
20220312 000445.891 INFO             PET0 PIOc_freedecomp Enter - MemInfo: [/proc/self/status]	VmPMD:	      12 kB
20220312 000445.891 INFO             PET0 PIOc_freedecomp Enter - MemInfo: [/proc/self/status]	VmSwap:	       0 kB
20220312 000445.891 INFO             PET0 PIOc_freedecomp Enter - MemInfo: [/proc/self/status]	VmRSSPercent: 0.053359 %
20220312 000445.891 INFO             PET0 PIOc_freedecomp Enter - MemInfo: [malloc] Non-mmapped space allocated:                18640896 Byte
20220312 000445.891 INFO             PET0 PIOc_freedecomp Enter - MemInfo: [malloc] Space allocated in mmapped regions:          7122944 Byte
20220312 000445.891 INFO             PET0 PIOc_freedecomp Enter - MemInfo: [malloc] Maximum total allocated space:                     0 Byte
20220312 000445.891 INFO             PET0 PIOc_freedecomp Enter - MemInfo: [malloc] Space in freed fastbin blocks:                   272 Byte
20220312 000445.891 INFO             PET0 PIOc_freedecomp Enter - MemInfo: [malloc] Total allocated space:                       1196208 Byte
20220312 000445.891 INFO             PET0 PIOc_freedecomp Enter - MemInfo: [malloc] Total free space:                           17444688 Byte
20220312 000445.891 INFO             PET0 PIOc_freedecomp Enter - MemInfo: [malloc] Top-most, releasable space:                  8522112 Byte
20220312 000445.891 INFO             PET0 PIOc_freedecomp Enter - MemInfo: [malloc] Total space in use, mmap + non-mmap:         8319152 Byte
20220312 000445.891 INFO             PET0 PIOc_freedecomp Enter - MemInfo: [malloc] Total space held (mmap + non-mmap):         25763840 Byte
20220312 000445.891 INFO             PET0 PIOc_freedecomp Enter - MemInfo: [malloc] Total space used (mmap + non-mmap):          8327360 Byte
20220312 000445.891 INFO             PET0 PIOc_freedecomp Enter - MemInfo: Wall-clock time since execution start:              0.0674751 seconds
20220312 000445.891 INFO             PET0 PIOc_freedecomp Exit - MemInfo: [/proc/meminfo - SSI]	MemTotal:       65855856 kB
20220312 000445.891 INFO             PET0 PIOc_freedecomp Exit - MemInfo: [/proc/meminfo - SSI]	MemFree:        61185316 kB
20220312 000445.891 INFO             PET0 PIOc_freedecomp Exit - MemInfo: [/proc/meminfo - SSI]	MemAvailable:   60969620 kB
20220312 000445.891 INFO             PET0 PIOc_freedecomp Exit - MemInfo: [/proc/meminfo - SSI]	Committed_AS:    2883060 kB
20220312 000445.891 INFO             PET0 PIOc_freedecomp Exit - MemInfo: [/proc/meminfo - SSI]	CommittedPercent: 4.37783 %
20220312 000445.891 INFO             PET0 PIOc_freedecomp Exit - MemInfo: [/proc/self/status]	VmPeak:	  222120 kB
20220312 000445.891 INFO             PET0 PIOc_freedecomp Exit - MemInfo: [/proc/self/status]	VmSize:	  222120 kB
20220312 000445.891 INFO             PET0 PIOc_freedecomp Exit - MemInfo: [/proc/self/status]	VmLck:	       0 kB
20220312 000445.891 INFO             PET0 PIOc_freedecomp Exit - MemInfo: [/proc/self/status]	VmPin:	       0 kB
20220312 000445.891 INFO             PET0 PIOc_freedecomp Exit - MemInfo: [/proc/self/status]	VmHWM:	   35140 kB
20220312 000445.892 INFO             PET0 PIOc_freedecomp Exit - MemInfo: [/proc/self/status]	VmRSS:	   35140 kB
20220312 000445.892 INFO             PET0 PIOc_freedecomp Exit - MemInfo: [/proc/self/status]	VmData:	   45828 kB
20220312 000445.892 INFO             PET0 PIOc_freedecomp Exit - MemInfo: [/proc/self/status]	VmStk:	     508 kB
20220312 000445.892 INFO             PET0 PIOc_freedecomp Exit - MemInfo: [/proc/self/status]	VmExe:	     996 kB
20220312 000445.892 INFO             PET0 PIOc_freedecomp Exit - MemInfo: [/proc/self/status]	VmLib:	   93984 kB
20220312 000445.892 INFO             PET0 PIOc_freedecomp Exit - MemInfo: [/proc/self/status]	VmPTE:	     364 kB
20220312 000445.892 INFO             PET0 PIOc_freedecomp Exit - MemInfo: [/proc/self/status]	VmPMD:	      12 kB
20220312 000445.892 INFO             PET0 PIOc_freedecomp Exit - MemInfo: [/proc/self/status]	VmSwap:	       0 kB
20220312 000445.892 INFO             PET0 PIOc_freedecomp Exit - MemInfo: [/proc/self/status]	VmRSSPercent: 0.053359 %
20220312 000445.892 INFO             PET0 PIOc_freedecomp Exit - MemInfo: [malloc] Non-mmapped space allocated:                18640896 Byte
20220312 000445.892 INFO             PET0 PIOc_freedecomp Exit - MemInfo: [malloc] Space allocated in mmapped regions:          7122944 Byte
20220312 000445.892 INFO             PET0 PIOc_freedecomp Exit - MemInfo: [malloc] Maximum total allocated space:                     0 Byte
20220312 000445.892 INFO             PET0 PIOc_freedecomp Exit - MemInfo: [malloc] Space in freed fastbin blocks:                   896 Byte
20220312 000445.892 INFO             PET0 PIOc_freedecomp Exit - MemInfo: [malloc] Total allocated space:                       1195312 Byte
20220312 000445.892 INFO             PET0 PIOc_freedecomp Exit - MemInfo: [malloc] Total free space:                           17445584 Byte
20220312 000445.892 INFO             PET0 PIOc_freedecomp Exit - MemInfo: [malloc] Top-most, releasable space:                  8522112 Byte
20220312 000445.892 INFO             PET0 PIOc_freedecomp Exit - MemInfo: [malloc] Total space in use, mmap + non-mmap:         8318256 Byte
20220312 000445.892 INFO             PET0 PIOc_freedecomp Exit - MemInfo: [malloc] Total space held (mmap + non-mmap):         25763840 Byte
20220312 000445.892 INFO             PET0 PIOc_freedecomp Exit - MemInfo: [malloc] Total space used (mmap + non-mmap):          8326464 Byte
20220312 000445.892 INFO             PET0 PIOc_freedecomp Exit - MemInfo: Wall-clock time since execution start:              0.0678282 seconds
20220312 000445.893 INFO             PET0 PIOc_sync Enter - MemInfo: [/proc/meminfo - SSI]	MemTotal:       65855856 kB
20220312 000445.893 INFO             PET0 PIOc_sync Enter - MemInfo: [/proc/meminfo - SSI]	MemFree:        61185316 kB
20220312 000445.893 INFO             PET0 PIOc_sync Enter - MemInfo: [/proc/meminfo - SSI]	MemAvailable:   60969620 kB
20220312 000445.893 INFO             PET0 PIOc_sync Enter - MemInfo: [/proc/meminfo - SSI]	Committed_AS:    2883060 kB
20220312 000445.893 INFO             PET0 PIOc_sync Enter - MemInfo: [/proc/meminfo - SSI]	CommittedPercent: 4.37783 %
20220312 000445.893 INFO             PET0 PIOc_sync Enter - MemInfo: [/proc/self/status]	VmPeak:	  222120 kB
20220312 000445.893 INFO             PET0 PIOc_sync Enter - MemInfo: [/proc/self/status]	VmSize:	  222120 kB
20220312 000445.893 INFO             PET0 PIOc_sync Enter - MemInfo: [/proc/self/status]	VmLck:	       0 kB
20220312 000445.893 INFO             PET0 PIOc_sync Enter - MemInfo: [/proc/self/status]	VmPin:	       0 kB
20220312 000445.893 INFO             PET0 PIOc_sync Enter - MemInfo: [/proc/self/status]	VmHWM:	   35140 kB
20220312 000445.893 INFO             PET0 PIOc_sync Enter - MemInfo: [/proc/self/status]	VmRSS:	   35140 kB
20220312 000445.893 INFO             PET0 PIOc_sync Enter - MemInfo: [/proc/self/status]	VmData:	   45828 kB
20220312 000445.893 INFO             PET0 PIOc_sync Enter - MemInfo: [/proc/self/status]	VmStk:	     508 kB
20220312 000445.893 INFO             PET0 PIOc_sync Enter - MemInfo: [/proc/self/status]	VmExe:	     996 kB
20220312 000445.893 INFO             PET0 PIOc_sync Enter - MemInfo: [/proc/self/status]	VmLib:	   93984 kB
20220312 000445.893 INFO             PET0 PIOc_sync Enter - MemInfo: [/proc/self/status]	VmPTE:	     364 kB
20220312 000445.893 INFO             PET0 PIOc_sync Enter - MemInfo: [/proc/self/status]	VmPMD:	      12 kB
20220312 000445.893 INFO             PET0 PIOc_sync Enter - MemInfo: [/proc/self/status]	VmSwap:	       0 kB
20220312 000445.893 INFO             PET0 PIOc_sync Enter - MemInfo: [/proc/self/status]	VmRSSPercent: 0.053359 %
20220312 000445.893 INFO             PET0 PIOc_sync Enter - MemInfo: [malloc] Non-mmapped space allocated:                18640896 Byte
20220312 000445.893 INFO             PET0 PIOc_sync Enter - MemInfo: [malloc] Space allocated in mmapped regions:          7122944 Byte
20220312 000445.893 INFO             PET0 PIOc_sync Enter - MemInfo: [malloc] Maximum total allocated space:                     0 Byte
20220312 000445.893 INFO             PET0 PIOc_sync Enter - MemInfo: [malloc] Space in freed fastbin blocks:                  1696 Byte
20220312 000445.893 INFO             PET0 PIOc_sync Enter - MemInfo: [malloc] Total allocated space:                      10123264 Byte
20220312 000445.893 INFO             PET0 PIOc_sync Enter - MemInfo: [malloc] Total free space:                            8517632 Byte
20220312 000445.893 INFO             PET0 PIOc_sync Enter - MemInfo: [malloc] Top-most, releasable space:                   133488 Byte
20220312 000445.893 INFO             PET0 PIOc_sync Enter - MemInfo: [malloc] Total space in use, mmap + non-mmap:        17246208 Byte
20220312 000445.893 INFO             PET0 PIOc_sync Enter - MemInfo: [malloc] Total space held (mmap + non-mmap):         25763840 Byte
20220312 000445.893 INFO             PET0 PIOc_sync Enter - MemInfo: [malloc] Total space used (mmap + non-mmap):         17254416 Byte
20220312 000445.893 INFO             PET0 PIOc_sync Enter - MemInfo: Wall-clock time since execution start:              0.0695822 seconds
20220312 000445.894 INFO             PET0 PIOc_sync Exit - MemInfo: [/proc/meminfo - SSI]	MemTotal:       65855856 kB
20220312 000445.894 INFO             PET0 PIOc_sync Exit - MemInfo: [/proc/meminfo - SSI]	MemFree:        61185316 kB
20220312 000445.894 INFO             PET0 PIOc_sync Exit - MemInfo: [/proc/meminfo - SSI]	MemAvailable:   60969620 kB
20220312 000445.894 INFO             PET0 PIOc_sync Exit - MemInfo: [/proc/meminfo - SSI]	Committed_AS:    2883060 kB
20220312 000445.894 INFO             PET0 PIOc_sync Exit - MemInfo: [/proc/meminfo - SSI]	CommittedPercent: 4.37783 %
20220312 000445.894 INFO             PET0 PIOc_sync Exit - MemInfo: [/proc/self/status]	VmPeak:	  222120 kB
20220312 000445.894 INFO             PET0 PIOc_sync Exit - MemInfo: [/proc/self/status]	VmSize:	  222120 kB
20220312 000445.894 INFO             PET0 PIOc_sync Exit - MemInfo: [/proc/self/status]	VmLck:	       0 kB
20220312 000445.894 INFO             PET0 PIOc_sync Exit - MemInfo: [/proc/self/status]	VmPin:	       0 kB
20220312 000445.894 INFO             PET0 PIOc_sync Exit - MemInfo: [/proc/self/status]	VmHWM:	   35140 kB
20220312 000445.894 INFO             PET0 PIOc_sync Exit - MemInfo: [/proc/self/status]	VmRSS:	   35140 kB
20220312 000445.894 INFO             PET0 PIOc_sync Exit - MemInfo: [/proc/self/status]	VmData:	   45828 kB
20220312 000445.894 INFO             PET0 PIOc_sync Exit - MemInfo: [/proc/self/status]	VmStk:	     508 kB
20220312 000445.894 INFO             PET0 PIOc_sync Exit - MemInfo: [/proc/self/status]	VmExe:	     996 kB
20220312 000445.894 INFO             PET0 PIOc_sync Exit - MemInfo: [/proc/self/status]	VmLib:	   93984 kB
20220312 000445.894 INFO             PET0 PIOc_sync Exit - MemInfo: [/proc/self/status]	VmPTE:	     364 kB
20220312 000445.894 INFO             PET0 PIOc_sync Exit - MemInfo: [/proc/self/status]	VmPMD:	      12 kB
20220312 000445.894 INFO             PET0 PIOc_sync Exit - MemInfo: [/proc/self/status]	VmSwap:	       0 kB
20220312 000445.894 INFO             PET0 PIOc_sync Exit - MemInfo: [/proc/self/status]	VmRSSPercent: 0.053359 %
20220312 000445.894 INFO             PET0 PIOc_sync Exit - MemInfo: [malloc] Non-mmapped space allocated:                18640896 Byte
20220312 000445.894 INFO             PET0 PIOc_sync Exit - MemInfo: [malloc] Space allocated in mmapped regions:          7122944 Byte
20220312 000445.894 INFO             PET0 PIOc_sync Exit - MemInfo: [malloc] Maximum total allocated space:                     0 Byte
20220312 000445.894 INFO             PET0 PIOc_sync Exit - MemInfo: [malloc] Space in freed fastbin blocks:                    64 Byte
20220312 000445.894 INFO             PET0 PIOc_sync Exit - MemInfo: [malloc] Total allocated space:                      10123712 Byte
20220312 000445.894 INFO             PET0 PIOc_sync Exit - MemInfo: [malloc] Total free space:                            8517184 Byte
20220312 000445.894 INFO             PET0 PIOc_sync Exit - MemInfo: [malloc] Top-most, releasable space:                   133488 Byte
20220312 000445.894 INFO             PET0 PIOc_sync Exit - MemInfo: [malloc] Total space in use, mmap + non-mmap:        17246656 Byte
20220312 000445.894 INFO             PET0 PIOc_sync Exit - MemInfo: [malloc] Total space held (mmap + non-mmap):         25763840 Byte
20220312 000445.894 INFO             PET0 PIOc_sync Exit - MemInfo: [malloc] Total space used (mmap + non-mmap):         17254864 Byte
20220312 000445.894 INFO             PET0 PIOc_sync Exit - MemInfo: Wall-clock time since execution start:              0.0699172 seconds
20220312 000445.894 INFO             PET0 PIOc_freedecomp Enter - MemInfo: [/proc/meminfo - SSI]	MemTotal:       65855856 kB
20220312 000445.894 INFO             PET0 PIOc_freedecomp Enter - MemInfo: [/proc/meminfo - SSI]	MemFree:        61185316 kB
20220312 000445.894 INFO             PET0 PIOc_freedecomp Enter - MemInfo: [/proc/meminfo - SSI]	MemAvailable:   60969620 kB
20220312 000445.894 INFO             PET0 PIOc_freedecomp Enter - MemInfo: [/proc/meminfo - SSI]	Committed_AS:    2883060 kB
