build time -- 2022-03-14 00:45:12
20220314 010610.897 INFO             PET0 !!!!!!!!!!!!!!!!!!!!!!!!!!!!!!!!!!!!!!!!!!!!!!!!!!!!!!
20220314 010610.897 INFO             PET0 !!! THE ESMF_LOG IS SET TO OUTPUT ALL LOG MESSAGES !!!
20220314 010610.897 INFO             PET0 !!!     THIS MAY CAUSE SLOWDOWN IN PERFORMANCE     !!!
20220314 010610.897 INFO             PET0 !!! FOR PRODUCTION RUNS, USE:                      !!!
20220314 010610.897 INFO             PET0 !!!                   ESMF_LOGKIND_Multi_On_Error  !!!
20220314 010610.897 INFO             PET0 !!!!!!!!!!!!!!!!!!!!!!!!!!!!!!!!!!!!!!!!!!!!!!!!!!!!!!
20220314 010610.897 INFO             PET0 Running with ESMF Version   : v8.3.0b09-96-g559b459836
20220314 010610.897 INFO             PET0 ESMF library build date/time: "Mar 14 2022" "00:43:16"
20220314 010610.897 INFO             PET0 ESMF library build location : /lustre/f2/dev/ncep/Mark.Potts/intel_2019.5_mpi_O_jedwards_pio_update2
20220314 010610.897 INFO             PET0 ESMF_COMM                   : mpi
20220314 010610.898 INFO             PET0 ESMF_MOAB                   : enabled
20220314 010610.898 INFO             PET0 ESMF_LAPACK                 : enabled
20220314 010610.898 INFO             PET0 ESMF_NETCDF                 : enabled
20220314 010610.898 INFO             PET0 ESMF_PNETCDF                : disabled
20220314 010610.898 INFO             PET0 ESMF_PIO                    : enabled
20220314 010610.898 INFO             PET0 ESMF_YAMLCPP                : enabled
20220314 010610.910 INFO             PET0  Beginning Test, file ESMF_IOUTest.F90, line 57
20220314 010610.910 INFO             PET0  NUMBER_OF_PROCESSORS           4
20220314 010610.911 INFO             PET0 Starting Test:  ESMF_OutputWeightFile
20220314 010610.925 INFO             PET0 PIOc_sync Enter - MemInfo: [/proc/meminfo - SSI]	MemTotal:       65855856 kB
20220314 010610.925 INFO             PET0 PIOc_sync Enter - MemInfo: [/proc/meminfo - SSI]	MemFree:        61275932 kB
20220314 010610.925 INFO             PET0 PIOc_sync Enter - MemInfo: [/proc/meminfo - SSI]	MemAvailable:   61060756 kB
20220314 010610.925 INFO             PET0 PIOc_sync Enter - MemInfo: [/proc/meminfo - SSI]	Committed_AS:    2841584 kB
20220314 010610.925 INFO             PET0 PIOc_sync Enter - MemInfo: [/proc/meminfo - SSI]	CommittedPercent: 4.31485 %
20220314 010610.925 INFO             PET0 PIOc_sync Enter - MemInfo: [/proc/self/status]	VmPeak:	  227968 kB
20220314 010610.925 INFO             PET0 PIOc_sync Enter - MemInfo: [/proc/self/status]	VmSize:	  227968 kB
20220314 010610.925 INFO             PET0 PIOc_sync Enter - MemInfo: [/proc/self/status]	VmLck:	       0 kB
20220314 010610.925 INFO             PET0 PIOc_sync Enter - MemInfo: [/proc/self/status]	VmPin:	       0 kB
20220314 010610.925 INFO             PET0 PIOc_sync Enter - MemInfo: [/proc/self/status]	VmHWM:	   29240 kB
20220314 010610.925 INFO             PET0 PIOc_sync Enter - MemInfo: [/proc/self/status]	VmRSS:	   29240 kB
20220314 010610.925 INFO             PET0 PIOc_sync Enter - MemInfo: [/proc/self/status]	VmData:	   33484 kB
20220314 010610.925 INFO             PET0 PIOc_sync Enter - MemInfo: [/proc/self/status]	VmStk:	     508 kB
20220314 010610.925 INFO             PET0 PIOc_sync Enter - MemInfo: [/proc/self/status]	VmExe:	    1920 kB
20220314 010610.925 INFO             PET0 PIOc_sync Enter - MemInfo: [/proc/self/status]	VmLib:	   93984 kB
20220314 010610.925 INFO             PET0 PIOc_sync Enter - MemInfo: [/proc/self/status]	VmPTE:	     356 kB
20220314 010610.925 INFO             PET0 PIOc_sync Enter - MemInfo: [/proc/self/status]	VmPMD:	      12 kB
20220314 010610.925 INFO             PET0 PIOc_sync Enter - MemInfo: [/proc/self/status]	VmSwap:	       0 kB
20220314 010610.925 INFO             PET0 PIOc_sync Enter - MemInfo: [/proc/self/status]	VmRSSPercent: 0.0444 %
20220314 010610.925 INFO             PET0 PIOc_sync Enter - MemInfo: [malloc] Non-mmapped space allocated:                 1040384 Byte
20220314 010610.925 INFO             PET0 PIOc_sync Enter - MemInfo: [malloc] Space allocated in mmapped regions:         11808768 Byte
20220314 010613.664 INFO             PET0 PIOc_sync Enter - MemInfo: [malloc] Maximum total allocated space:                     0 Byte
20220314 010613.664 INFO             PET0 PIOc_sync Enter - MemInfo: [malloc] Space in freed fastbin blocks:                     0 Byte
20220314 010613.664 INFO             PET0 PIOc_sync Enter - MemInfo: [malloc] Total allocated space:                        925312 Byte
20220314 010613.664 INFO             PET0 PIOc_sync Enter - MemInfo: [malloc] Total free space:                             115072 Byte
20220314 010613.664 INFO             PET0 PIOc_sync Enter - MemInfo: [malloc] Top-most, releasable space:                   115072 Byte
20220314 010613.664 INFO             PET0 PIOc_sync Enter - MemInfo: [malloc] Total space in use, mmap + non-mmap:        12734080 Byte
20220314 010613.664 INFO             PET0 PIOc_sync Enter - MemInfo: [malloc] Total space held (mmap + non-mmap):         12849152 Byte
20220314 010613.664 INFO             PET0 PIOc_sync Enter - MemInfo: [malloc] Total space used (mmap + non-mmap):         12743696 Byte
20220314 010613.664 INFO             PET0 PIOc_sync Enter - MemInfo: Wall-clock time since execution start:                 2.7873 seconds
20220314 010613.665 INFO             PET0 PIOc_sync Exit - MemInfo: [/proc/meminfo - SSI]	MemTotal:       65855856 kB
20220314 010613.665 INFO             PET0 PIOc_sync Exit - MemInfo: [/proc/meminfo - SSI]	MemFree:        61273632 kB
20220314 010613.665 INFO             PET0 PIOc_sync Exit - MemInfo: [/proc/meminfo - SSI]	MemAvailable:   61059956 kB
20220314 010613.665 INFO             PET0 PIOc_sync Exit - MemInfo: [/proc/meminfo - SSI]	Committed_AS:    2841584 kB
20220314 010613.665 INFO             PET0 PIOc_sync Exit - MemInfo: [/proc/meminfo - SSI]	CommittedPercent: 4.31485 %
20220314 010613.665 INFO             PET0 PIOc_sync Exit - MemInfo: [/proc/self/status]	VmPeak:	  228292 kB
20220314 010613.665 INFO             PET0 PIOc_sync Exit - MemInfo: [/proc/self/status]	VmSize:	  228292 kB
20220314 010613.665 INFO             PET0 PIOc_sync Exit - MemInfo: [/proc/self/status]	VmLck:	       0 kB
20220314 010613.665 INFO             PET0 PIOc_sync Exit - MemInfo: [/proc/self/status]	VmPin:	       0 kB
20220314 010613.665 INFO             PET0 PIOc_sync Exit - MemInfo: [/proc/self/status]	VmHWM:	   29748 kB
20220314 010613.665 INFO             PET0 PIOc_sync Exit - MemInfo: [/proc/self/status]	VmRSS:	   29748 kB
20220314 010613.665 INFO             PET0 PIOc_sync Exit - MemInfo: [/proc/self/status]	VmData:	   33808 kB
20220314 010613.665 INFO             PET0 PIOc_sync Exit - MemInfo: [/proc/self/status]	VmStk:	     508 kB
20220314 010613.665 INFO             PET0 PIOc_sync Exit - MemInfo: [/proc/self/status]	VmExe:	    1920 kB
20220314 010613.665 INFO             PET0 PIOc_sync Exit - MemInfo: [/proc/self/status]	VmLib:	   93984 kB
20220314 010613.665 INFO             PET0 PIOc_sync Exit - MemInfo: [/proc/self/status]	VmPTE:	     364 kB
20220314 010613.665 INFO             PET0 PIOc_sync Exit - MemInfo: [/proc/self/status]	VmPMD:	      12 kB
20220314 010613.665 INFO             PET0 PIOc_sync Exit - MemInfo: [/proc/self/status]	VmSwap:	       0 kB
20220314 010613.665 INFO             PET0 PIOc_sync Exit - MemInfo: [/proc/self/status]	VmRSSPercent: 0.0451714 %
20220314 010613.665 INFO             PET0 PIOc_sync Exit - MemInfo: [malloc] Non-mmapped space allocated:                 1040384 Byte
20220314 010613.665 INFO             PET0 PIOc_sync Exit - MemInfo: [malloc] Space allocated in mmapped regions:         12140544 Byte
20220314 010613.665 INFO             PET0 PIOc_sync Exit - MemInfo: [malloc] Maximum total allocated space:                     0 Byte
20220314 010613.665 INFO             PET0 PIOc_sync Exit - MemInfo: [malloc] Space in freed fastbin blocks:                     0 Byte
20220314 010613.665 INFO             PET0 PIOc_sync Exit - MemInfo: [malloc] Total allocated space:                        995664 Byte
20220314 010613.665 INFO             PET0 PIOc_sync Exit - MemInfo: [malloc] Total free space:                              44720 Byte
20220314 010613.665 INFO             PET0 PIOc_sync Exit - MemInfo: [malloc] Top-most, releasable space:                    44720 Byte
20220314 010613.665 INFO             PET0 PIOc_sync Exit - MemInfo: [malloc] Total space in use, mmap + non-mmap:        13136208 Byte
20220314 010613.665 INFO             PET0 PIOc_sync Exit - MemInfo: [malloc] Total space held (mmap + non-mmap):         13180928 Byte
20220314 010613.665 INFO             PET0 PIOc_sync Exit - MemInfo: [malloc] Total space used (mmap + non-mmap):         13144704 Byte
20220314 010613.665 INFO             PET0 PIOc_sync Exit - MemInfo: Wall-clock time since execution start:                2.78796 seconds
20220314 010613.665 INFO             PET0 PIOc_freedecomp Enter - MemInfo: [/proc/meminfo - SSI]	MemTotal:       65855856 kB
20220314 010613.665 INFO             PET0 PIOc_freedecomp Enter - MemInfo: [/proc/meminfo - SSI]	MemFree:        61280688 kB
20220314 010613.665 INFO             PET0 PIOc_freedecomp Enter - MemInfo: [/proc/meminfo - SSI]	MemAvailable:   61067012 kB
20220314 010613.665 INFO             PET0 PIOc_freedecomp Enter - MemInfo: [/proc/meminfo - SSI]	Committed_AS:    2833716 kB
20220314 010613.665 INFO             PET0 PIOc_freedecomp Enter - MemInfo: [/proc/meminfo - SSI]	CommittedPercent: 4.30291 %
20220314 010613.665 INFO             PET0 PIOc_freedecomp Enter - MemInfo: [/proc/self/status]	VmPeak:	  228292 kB
20220314 010613.665 INFO             PET0 PIOc_freedecomp Enter - MemInfo: [/proc/self/status]	VmSize:	  219580 kB
20220314 010613.665 INFO             PET0 PIOc_freedecomp Enter - MemInfo: [/proc/self/status]	VmLck:	       0 kB
20220314 010613.665 INFO             PET0 PIOc_freedecomp Enter - MemInfo: [/proc/self/status]	VmPin:	       0 kB
20220314 010613.665 INFO             PET0 PIOc_freedecomp Enter - MemInfo: [/proc/self/status]	VmHWM:	   29748 kB
20220314 010613.665 INFO             PET0 PIOc_freedecomp Enter - MemInfo: [/proc/self/status]	VmRSS:	   21744 kB
20220314 010613.665 INFO             PET0 PIOc_freedecomp Enter - MemInfo: [/proc/self/status]	VmData:	   25096 kB
20220314 010613.665 INFO             PET0 PIOc_freedecomp Enter - MemInfo: [/proc/self/status]	VmStk:	     508 kB
20220314 010613.665 INFO             PET0 PIOc_freedecomp Enter - MemInfo: [/proc/self/status]	VmExe:	    1920 kB
20220314 010613.665 INFO             PET0 PIOc_freedecomp Enter - MemInfo: [/proc/self/status]	VmLib:	   93984 kB
20220314 010613.665 INFO             PET0 PIOc_freedecomp Enter - MemInfo: [/proc/self/status]	VmPTE:	     352 kB
20220314 010613.665 INFO             PET0 PIOc_freedecomp Enter - MemInfo: [/proc/self/status]	VmPMD:	      12 kB
20220314 010613.665 INFO             PET0 PIOc_freedecomp Enter - MemInfo: [/proc/self/status]	VmSwap:	       0 kB
20220314 010613.665 INFO             PET0 PIOc_freedecomp Enter - MemInfo: [/proc/self/status]	VmRSSPercent: 0.0330176 %
20220314 010613.665 INFO             PET0 PIOc_freedecomp Enter - MemInfo: [malloc] Non-mmapped space allocated:                 1040384 Byte
20220314 010613.666 INFO             PET0 PIOc_freedecomp Enter - MemInfo: [malloc] Space allocated in mmapped regions:          3219456 Byte
20220314 010613.666 INFO             PET0 PIOc_freedecomp Enter - MemInfo: [malloc] Maximum total allocated space:                     0 Byte
20220314 010613.666 INFO             PET0 PIOc_freedecomp Enter - MemInfo: [malloc] Space in freed fastbin blocks:                   288 Byte
20220314 010613.666 INFO             PET0 PIOc_freedecomp Enter - MemInfo: [malloc] Total allocated space:                        985616 Byte
20220314 010613.666 INFO             PET0 PIOc_freedecomp Enter - MemInfo: [malloc] Total free space:                              54768 Byte
20220314 010613.666 INFO             PET0 PIOc_freedecomp Enter - MemInfo: [malloc] Top-most, releasable space:                    44096 Byte
20220314 010613.666 INFO             PET0 PIOc_freedecomp Enter - MemInfo: [malloc] Total space in use, mmap + non-mmap:         4205072 Byte
20220314 010613.666 INFO             PET0 PIOc_freedecomp Enter - MemInfo: [malloc] Total space held (mmap + non-mmap):          4259840 Byte
20220314 010613.666 INFO             PET0 PIOc_freedecomp Enter - MemInfo: [malloc] Total space used (mmap + non-mmap):          4213504 Byte
20220314 010613.666 INFO             PET0 PIOc_freedecomp Enter - MemInfo: Wall-clock time since execution start:                2.78866 seconds
20220314 010613.666 INFO             PET0 PIOc_freedecomp Exit - MemInfo: [/proc/meminfo - SSI]	MemTotal:       65855856 kB
20220314 010613.666 INFO             PET0 PIOc_freedecomp Exit - MemInfo: [/proc/meminfo - SSI]	MemFree:        61280688 kB
20220314 010613.666 INFO             PET0 PIOc_freedecomp Exit - MemInfo: [/proc/meminfo - SSI]	MemAvailable:   61067012 kB
20220314 010613.666 INFO             PET0 PIOc_freedecomp Exit - MemInfo: [/proc/meminfo - SSI]	Committed_AS:    2833716 kB
20220314 010613.666 INFO             PET0 PIOc_freedecomp Exit - MemInfo: [/proc/meminfo - SSI]	CommittedPercent: 4.30291 %
20220314 010613.666 INFO             PET0 PIOc_freedecomp Exit - MemInfo: [/proc/self/status]	VmPeak:	  228292 kB
20220314 010613.666 INFO             PET0 PIOc_freedecomp Exit - MemInfo: [/proc/self/status]	VmSize:	  219580 kB
20220314 010613.666 INFO             PET0 PIOc_freedecomp Exit - MemInfo: [/proc/self/status]	VmLck:	       0 kB
20220314 010613.666 INFO             PET0 PIOc_freedecomp Exit - MemInfo: [/proc/self/status]	VmPin:	       0 kB
20220314 010613.666 INFO             PET0 PIOc_freedecomp Exit - MemInfo: [/proc/self/status]	VmHWM:	   29748 kB
20220314 010613.666 INFO             PET0 PIOc_freedecomp Exit - MemInfo: [/proc/self/status]	VmRSS:	   21744 kB
20220314 010613.666 INFO             PET0 PIOc_freedecomp Exit - MemInfo: [/proc/self/status]	VmData:	   25096 kB
20220314 010613.666 INFO             PET0 PIOc_freedecomp Exit - MemInfo: [/proc/self/status]	VmStk:	     508 kB
20220314 010613.666 INFO             PET0 PIOc_freedecomp Exit - MemInfo: [/proc/self/status]	VmExe:	    1920 kB
20220314 010613.666 INFO             PET0 PIOc_freedecomp Exit - MemInfo: [/proc/self/status]	VmLib:	   93984 kB
20220314 010613.666 INFO             PET0 PIOc_freedecomp Exit - MemInfo: [/proc/self/status]	VmPTE:	     352 kB
20220314 010613.666 INFO             PET0 PIOc_freedecomp Exit - MemInfo: [/proc/self/status]	VmPMD:	      12 kB
20220314 010613.666 INFO             PET0 PIOc_freedecomp Exit - MemInfo: [/proc/self/status]	VmSwap:	       0 kB
20220314 010613.666 INFO             PET0 PIOc_freedecomp Exit - MemInfo: [/proc/self/status]	VmRSSPercent: 0.0330176 %
20220314 010613.666 INFO             PET0 PIOc_freedecomp Exit - MemInfo: [malloc] Non-mmapped space allocated:                 1040384 Byte
20220314 010613.666 INFO             PET0 PIOc_freedecomp Exit - MemInfo: [malloc] Space allocated in mmapped regions:          3219456 Byte
20220314 010613.666 INFO             PET0 PIOc_freedecomp Exit - MemInfo: [malloc] Maximum total allocated space:                     0 Byte
20220314 010613.666 INFO             PET0 PIOc_freedecomp Exit - MemInfo: [malloc] Space in freed fastbin blocks:                  1072 Byte
20220314 010613.666 INFO             PET0 PIOc_freedecomp Exit - MemInfo: [malloc] Total allocated space:                        985328 Byte
20220314 010613.666 INFO             PET0 PIOc_freedecomp Exit - MemInfo: [malloc] Total free space:                              55056 Byte
20220314 010613.666 INFO             PET0 PIOc_freedecomp Exit - MemInfo: [malloc] Top-most, releasable space:                    44096 Byte
20220314 010613.666 INFO             PET0 PIOc_freedecomp Exit - MemInfo: [malloc] Total space in use, mmap + non-mmap:         4204784 Byte
20220314 010613.666 INFO             PET0 PIOc_freedecomp Exit - MemInfo: [malloc] Total space held (mmap + non-mmap):          4259840 Byte
20220314 010613.666 INFO             PET0 PIOc_freedecomp Exit - MemInfo: [malloc] Total space used (mmap + non-mmap):          4213216 Byte
20220314 010613.666 INFO             PET0 PIOc_freedecomp Exit - MemInfo: Wall-clock time since execution start:                 2.7889 seconds
20220314 010613.669 INFO             PET0 PIOc_sync Enter - MemInfo: [/proc/meminfo - SSI]	MemTotal:       65855856 kB
20220314 010613.669 INFO             PET0 PIOc_sync Enter - MemInfo: [/proc/meminfo - SSI]	MemFree:        61278168 kB
20220314 010613.669 INFO             PET0 PIOc_sync Enter - MemInfo: [/proc/meminfo - SSI]	MemAvailable:   61064492 kB
20220314 010613.669 INFO             PET0 PIOc_sync Enter - MemInfo: [/proc/meminfo - SSI]	Committed_AS:    2841992 kB
20220314 010613.669 INFO             PET0 PIOc_sync Enter - MemInfo: [/proc/meminfo - SSI]	CommittedPercent: 4.31547 %
20220314 010613.669 INFO             PET0 PIOc_sync Enter - MemInfo: [/proc/self/status]	VmPeak:	  228372 kB
20220314 010613.669 INFO             PET0 PIOc_sync Enter - MemInfo: [/proc/self/status]	VmSize:	  228372 kB
20220314 010613.669 INFO             PET0 PIOc_sync Enter - MemInfo: [/proc/self/status]	VmLck:	       0 kB
20220314 010613.669 INFO             PET0 PIOc_sync Enter - MemInfo: [/proc/self/status]	VmPin:	       0 kB
20220314 010613.669 INFO             PET0 PIOc_sync Enter - MemInfo: [/proc/self/status]	VmHWM:	   29748 kB
20220314 010613.669 INFO             PET0 PIOc_sync Enter - MemInfo: [/proc/self/status]	VmRSS:	   25664 kB
20220314 010613.669 INFO             PET0 PIOc_sync Enter - MemInfo: [/proc/self/status]	VmData:	   33888 kB
20220314 010613.669 INFO             PET0 PIOc_sync Enter - MemInfo: [/proc/self/status]	VmStk:	     508 kB
20220314 010613.669 INFO             PET0 PIOc_sync Enter - MemInfo: [/proc/self/status]	VmExe:	    1920 kB
20220314 010613.669 INFO             PET0 PIOc_sync Enter - MemInfo: [/proc/self/status]	VmLib:	   93984 kB
20220314 010613.669 INFO             PET0 PIOc_sync Enter - MemInfo: [/proc/self/status]	VmPTE:	     364 kB
20220314 010613.669 INFO             PET0 PIOc_sync Enter - MemInfo: [/proc/self/status]	VmPMD:	      12 kB
20220314 010613.669 INFO             PET0 PIOc_sync Enter - MemInfo: [/proc/self/status]	VmSwap:	       0 kB
20220314 010613.669 INFO             PET0 PIOc_sync Enter - MemInfo: [/proc/self/status]	VmRSSPercent: 0.03897 %
20220314 010613.669 INFO             PET0 PIOc_sync Enter - MemInfo: [malloc] Non-mmapped space allocated:                10043392 Byte
20220314 010613.669 INFO             PET0 PIOc_sync Enter - MemInfo: [malloc] Space allocated in mmapped regions:          3219456 Byte
20220314 010613.669 INFO             PET0 PIOc_sync Enter - MemInfo: [malloc] Maximum total allocated space:                     0 Byte
20220314 010613.669 INFO             PET0 PIOc_sync Enter - MemInfo: [malloc] Space in freed fastbin blocks:                    64 Byte
20220314 010613.669 INFO             PET0 PIOc_sync Enter - MemInfo: [malloc] Total allocated space:                       9912512 Byte
20220314 010613.669 INFO             PET0 PIOc_sync Enter - MemInfo: [malloc] Total free space:                             130880 Byte
20220314 010613.669 INFO             PET0 PIOc_sync Enter - MemInfo: [malloc] Top-most, releasable space:                   128928 Byte
20220314 010613.669 INFO             PET0 PIOc_sync Enter - MemInfo: [malloc] Total space in use, mmap + non-mmap:        13131968 Byte
20220314 010613.669 INFO             PET0 PIOc_sync Enter - MemInfo: [malloc] Total space held (mmap + non-mmap):         13262848 Byte
20220314 010613.669 INFO             PET0 PIOc_sync Enter - MemInfo: [malloc] Total space used (mmap + non-mmap):         13140288 Byte
20220314 010613.669 INFO             PET0 PIOc_sync Enter - MemInfo: Wall-clock time since execution start:                2.79237 seconds
20220314 010613.669 INFO             PET0 PIOc_sync Exit - MemInfo: [/proc/meminfo - SSI]	MemTotal:       65855856 kB
20220314 010613.669 INFO             PET0 PIOc_sync Exit - MemInfo: [/proc/meminfo - SSI]	MemFree:        61278168 kB
20220314 010613.669 INFO             PET0 PIOc_sync Exit - MemInfo: [/proc/meminfo - SSI]	MemAvailable:   61064492 kB
20220314 010613.669 INFO             PET0 PIOc_sync Exit - MemInfo: [/proc/meminfo - SSI]	Committed_AS:    2841992 kB
20220314 010613.669 INFO             PET0 PIOc_sync Exit - MemInfo: [/proc/meminfo - SSI]	CommittedPercent: 4.31547 %
20220314 010613.670 INFO             PET0 PIOc_sync Exit - MemInfo: [/proc/self/status]	VmPeak:	  228372 kB
20220314 010613.670 INFO             PET0 PIOc_sync Exit - MemInfo: [/proc/self/status]	VmSize:	  228372 kB
20220314 010613.670 INFO             PET0 PIOc_sync Exit - MemInfo: [/proc/self/status]	VmLck:	       0 kB
20220314 010613.670 INFO             PET0 PIOc_sync Exit - MemInfo: [/proc/self/status]	VmPin:	       0 kB
20220314 010613.670 INFO             PET0 PIOc_sync Exit - MemInfo: [/proc/self/status]	VmHWM:	   29748 kB
20220314 010613.670 INFO             PET0 PIOc_sync Exit - MemInfo: [/proc/self/status]	VmRSS:	   25664 kB
20220314 010613.670 INFO             PET0 PIOc_sync Exit - MemInfo: [/proc/self/status]	VmData:	   33888 kB
20220314 010613.670 INFO             PET0 PIOc_sync Exit - MemInfo: [/proc/self/status]	VmStk:	     508 kB
20220314 010613.670 INFO             PET0 PIOc_sync Exit - MemInfo: [/proc/self/status]	VmExe:	    1920 kB
20220314 010613.670 INFO             PET0 PIOc_sync Exit - MemInfo: [/proc/self/status]	VmLib:	   93984 kB
20220314 010613.670 INFO             PET0 PIOc_sync Exit - MemInfo: [/proc/self/status]	VmPTE:	     364 kB
20220314 010613.670 INFO             PET0 PIOc_sync Exit - MemInfo: [/proc/self/status]	VmPMD:	      12 kB
20220314 010613.670 INFO             PET0 PIOc_sync Exit - MemInfo: [/proc/self/status]	VmSwap:	       0 kB
20220314 010613.670 INFO             PET0 PIOc_sync Exit - MemInfo: [/proc/self/status]	VmRSSPercent: 0.03897 %
20220314 010613.670 INFO             PET0 PIOc_sync Exit - MemInfo: [malloc] Non-mmapped space allocated:                10043392 Byte
20220314 010613.670 INFO             PET0 PIOc_sync Exit - MemInfo: [malloc] Space allocated in mmapped regions:          3219456 Byte
20220314 010613.670 INFO             PET0 PIOc_sync Exit - MemInfo: [malloc] Maximum total allocated space:                     0 Byte
20220314 010613.670 INFO             PET0 PIOc_sync Exit - MemInfo: [malloc] Space in freed fastbin blocks:                     0 Byte
20220314 010613.670 INFO             PET0 PIOc_sync Exit - MemInfo: [malloc] Total allocated space:                       9913664 Byte
20220314 010613.670 INFO             PET0 PIOc_sync Exit - MemInfo: [malloc] Total free space:                             129728 Byte
20220314 010613.670 INFO             PET0 PIOc_sync Exit - MemInfo: [malloc] Top-most, releasable space:                   128704 Byte
20220314 010613.670 INFO             PET0 PIOc_sync Exit - MemInfo: [malloc] Total space in use, mmap + non-mmap:        13133120 Byte
20220314 010613.670 INFO             PET0 PIOc_sync Exit - MemInfo: [malloc] Total space held (mmap + non-mmap):         13262848 Byte
20220314 010613.670 INFO             PET0 PIOc_sync Exit - MemInfo: [malloc] Total space used (mmap + non-mmap):         13141440 Byte
20220314 010613.670 INFO             PET0 PIOc_sync Exit - MemInfo: Wall-clock time since execution start:                2.79274 seconds
20220314 010613.670 INFO             PET0 PIOc_freedecomp Enter - MemInfo: [/proc/meminfo - SSI]	MemTotal:       65855856 kB
20220314 010613.670 INFO             PET0 PIOc_freedecomp Enter - MemInfo: [/proc/meminfo - SSI]	MemFree:        61278168 kB
20220314 010613.670 INFO             PET0 PIOc_freedecomp Enter - MemInfo: [/proc/meminfo - SSI]	MemAvailable:   61064492 kB
20220314 010613.670 INFO             PET0 PIOc_freedecomp Enter - MemInfo: [/proc/meminfo - SSI]	Committed_AS:    2841992 kB
20220314 010613.670 INFO             PET0 PIOc_freedecomp Enter - MemInfo: [/proc/meminfo - SSI]	CommittedPercent: 4.31547 %
20220314 010613.670 INFO             PET0 PIOc_freedecomp Enter - MemInfo: [/proc/self/status]	VmPeak:	  228372 kB
20220314 010613.670 INFO             PET0 PIOc_freedecomp Enter - MemInfo: [/proc/self/status]	VmSize:	  228372 kB
20220314 010613.670 INFO             PET0 PIOc_freedecomp Enter - MemInfo: [/proc/self/status]	VmLck:	       0 kB
20220314 010613.670 INFO             PET0 PIOc_freedecomp Enter - MemInfo: [/proc/self/status]	VmPin:	       0 kB
20220314 010613.670 INFO             PET0 PIOc_freedecomp Enter - MemInfo: [/proc/self/status]	VmHWM:	   29748 kB
20220314 010613.670 INFO             PET0 PIOc_freedecomp Enter - MemInfo: [/proc/self/status]	VmRSS:	   25664 kB
20220314 010613.670 INFO             PET0 PIOc_freedecomp Enter - MemInfo: [/proc/self/status]	VmData:	   33888 kB
20220314 010613.670 INFO             PET0 PIOc_freedecomp Enter - MemInfo: [/proc/self/status]	VmStk:	     508 kB
20220314 010613.670 INFO             PET0 PIOc_freedecomp Enter - MemInfo: [/proc/self/status]	VmExe:	    1920 kB
20220314 010613.670 INFO             PET0 PIOc_freedecomp Enter - MemInfo: [/proc/self/status]	VmLib:	   93984 kB
20220314 010613.670 INFO             PET0 PIOc_freedecomp Enter - MemInfo: [/proc/self/status]	VmPTE:	     364 kB
20220314 010613.670 INFO             PET0 PIOc_freedecomp Enter - MemInfo: [/proc/self/status]	VmPMD:	      12 kB
20220314 010613.670 INFO             PET0 PIOc_freedecomp Enter - MemInfo: [/proc/self/status]	VmSwap:	       0 kB
20220314 010613.670 INFO             PET0 PIOc_freedecomp Enter - MemInfo: [/proc/self/status]	VmRSSPercent: 0.03897 %
20220314 010613.670 INFO             PET0 PIOc_freedecomp Enter - MemInfo: [malloc] Non-mmapped space allocated:                10043392 Byte
20220314 010613.670 INFO             PET0 PIOc_freedecomp Enter - MemInfo: [malloc] Space allocated in mmapped regions:          3219456 Byte
20220314 010613.670 INFO             PET0 PIOc_freedecomp Enter - MemInfo: [malloc] Maximum total allocated space:                     0 Byte
20220314 010613.670 INFO             PET0 PIOc_freedecomp Enter - MemInfo: [malloc] Space in freed fastbin blocks:                   192 Byte
20220314 010613.670 INFO             PET0 PIOc_freedecomp Enter - MemInfo: [malloc] Total allocated space:                        990048 Byte
20220314 010613.670 INFO             PET0 PIOc_freedecomp Enter - MemInfo: [malloc] Total free space:                            9053344 Byte
20220314 010613.670 INFO             PET0 PIOc_freedecomp Enter - MemInfo: [malloc] Top-most, releasable space:                   128480 Byte
20220314 010613.670 INFO             PET0 PIOc_freedecomp Enter - MemInfo: [malloc] Total space in use, mmap + non-mmap:         4209504 Byte
20220314 010613.670 INFO             PET0 PIOc_freedecomp Enter - MemInfo: [malloc] Total space held (mmap + non-mmap):         13262848 Byte
20220314 010613.670 INFO             PET0 PIOc_freedecomp Enter - MemInfo: [malloc] Total space used (mmap + non-mmap):          4217712 Byte
20220314 010613.670 INFO             PET0 PIOc_freedecomp Enter - MemInfo: Wall-clock time since execution start:                2.79316 seconds
20220314 010613.670 INFO             PET0 PIOc_freedecomp Exit - MemInfo: [/proc/meminfo - SSI]	MemTotal:       65855856 kB
20220314 010613.670 INFO             PET0 PIOc_freedecomp Exit - MemInfo: [/proc/meminfo - SSI]	MemFree:        61278168 kB
20220314 010613.670 INFO             PET0 PIOc_freedecomp Exit - MemInfo: [/proc/meminfo - SSI]	MemAvailable:   61064492 kB
20220314 010613.670 INFO             PET0 PIOc_freedecomp Exit - MemInfo: [/proc/meminfo - SSI]	Committed_AS:    2841992 kB
20220314 010613.670 INFO             PET0 PIOc_freedecomp Exit - MemInfo: [/proc/meminfo - SSI]	CommittedPercent: 4.31547 %
20220314 010613.670 INFO             PET0 PIOc_freedecomp Exit - MemInfo: [/proc/self/status]	VmPeak:	  228372 kB
20220314 010613.670 INFO             PET0 PIOc_freedecomp Exit - MemInfo: [/proc/self/status]	VmSize:	  228372 kB
20220314 010613.670 INFO             PET0 PIOc_freedecomp Exit - MemInfo: [/proc/self/status]	VmLck:	       0 kB
20220314 010613.670 INFO             PET0 PIOc_freedecomp Exit - MemInfo: [/proc/self/status]	VmPin:	       0 kB
20220314 010613.670 INFO             PET0 PIOc_freedecomp Exit - MemInfo: [/proc/self/status]	VmHWM:	   29748 kB
20220314 010613.670 INFO             PET0 PIOc_freedecomp Exit - MemInfo: [/proc/self/status]	VmRSS:	   25664 kB
20220314 010613.670 INFO             PET0 PIOc_freedecomp Exit - MemInfo: [/proc/self/status]	VmData:	   33888 kB
20220314 010613.670 INFO             PET0 PIOc_freedecomp Exit - MemInfo: [/proc/self/status]	VmStk:	     508 kB
20220314 010613.670 INFO             PET0 PIOc_freedecomp Exit - MemInfo: [/proc/self/status]	VmExe:	    1920 kB
20220314 010613.670 INFO             PET0 PIOc_freedecomp Exit - MemInfo: [/proc/self/status]	VmLib:	   93984 kB
20220314 010613.670 INFO             PET0 PIOc_freedecomp Exit - MemInfo: [/proc/self/status]	VmPTE:	     364 kB
20220314 010613.670 INFO             PET0 PIOc_freedecomp Exit - MemInfo: [/proc/self/status]	VmPMD:	      12 kB
20220314 010613.670 INFO             PET0 PIOc_freedecomp Exit - MemInfo: [/proc/self/status]	VmSwap:	       0 kB
20220314 010613.670 INFO             PET0 PIOc_freedecomp Exit - MemInfo: [/proc/self/status]	VmRSSPercent: 0.03897 %
20220314 010613.670 INFO             PET0 PIOc_freedecomp Exit - MemInfo: [malloc] Non-mmapped space allocated:                10043392 Byte
20220314 010613.670 INFO             PET0 PIOc_freedecomp Exit - MemInfo: [malloc] Space allocated in mmapped regions:          3219456 Byte
20220314 010613.670 INFO             PET0 PIOc_freedecomp Exit - MemInfo: [malloc] Maximum total allocated space:                     0 Byte
20220314 010613.670 INFO             PET0 PIOc_freedecomp Exit - MemInfo: [malloc] Space in freed fastbin blocks:                  1136 Byte
20220314 010613.670 INFO             PET0 PIOc_freedecomp Exit - MemInfo: [malloc] Total allocated space:                        988912 Byte
20220314 010613.670 INFO             PET0 PIOc_freedecomp Exit - MemInfo: [malloc] Total free space:                            9054480 Byte
20220314 010613.670 INFO             PET0 PIOc_freedecomp Exit - MemInfo: [malloc] Top-most, releasable space:                   128480 Byte
20220314 010613.670 INFO             PET0 PIOc_freedecomp Exit - MemInfo: [malloc] Total space in use, mmap + non-mmap:         4208368 Byte
20220314 010613.670 INFO             PET0 PIOc_freedecomp Exit - MemInfo: [malloc] Total space held (mmap + non-mmap):         13262848 Byte
20220314 010613.670 INFO             PET0 PIOc_freedecomp Exit - MemInfo: [malloc] Total space used (mmap + non-mmap):          4216576 Byte
20220314 010613.670 INFO             PET0 PIOc_freedecomp Exit - MemInfo: Wall-clock time since execution start:                2.79342 seconds
20220314 010613.672 INFO             PET0 PIOc_sync Enter - MemInfo: [/proc/meminfo - SSI]	MemTotal:       65855856 kB
20220314 010613.672 INFO             PET0 PIOc_sync Enter - MemInfo: [/proc/meminfo - SSI]	MemFree:        61277664 kB
20220314 010613.672 INFO             PET0 PIOc_sync Enter - MemInfo: [/proc/meminfo - SSI]	MemAvailable:   61063988 kB
20220314 010613.672 INFO             PET0 PIOc_sync Enter - MemInfo: [/proc/meminfo - SSI]	Committed_AS:    2841992 kB
20220314 010613.672 INFO             PET0 PIOc_sync Enter - MemInfo: [/proc/meminfo - SSI]	CommittedPercent: 4.31547 %
20220314 010613.672 INFO             PET0 PIOc_sync Enter - MemInfo: [/proc/self/status]	VmPeak:	  228372 kB
20220314 010613.672 INFO             PET0 PIOc_sync Enter - MemInfo: [/proc/self/status]	VmSize:	  228348 kB
20220314 010613.672 INFO             PET0 PIOc_sync Enter - MemInfo: [/proc/self/status]	VmLck:	       0 kB
20220314 010613.672 INFO             PET0 PIOc_sync Enter - MemInfo: [/proc/self/status]	VmPin:	       0 kB
20220314 010613.672 INFO             PET0 PIOc_sync Enter - MemInfo: [/proc/self/status]	VmHWM:	   29748 kB
20220314 010613.672 INFO             PET0 PIOc_sync Enter - MemInfo: [/proc/self/status]	VmRSS:	   26160 kB
20220314 010613.672 INFO             PET0 PIOc_sync Enter - MemInfo: [/proc/self/status]	VmData:	   33888 kB
20220314 010613.672 INFO             PET0 PIOc_sync Enter - MemInfo: [/proc/self/status]	VmStk:	     508 kB
20220314 010613.672 INFO             PET0 PIOc_sync Enter - MemInfo: [/proc/self/status]	VmExe:	    1920 kB
20220314 010613.672 INFO             PET0 PIOc_sync Enter - MemInfo: [/proc/self/status]	VmLib:	   93984 kB
20220314 010613.672 INFO             PET0 PIOc_sync Enter - MemInfo: [/proc/self/status]	VmPTE:	     364 kB
20220314 010613.672 INFO             PET0 PIOc_sync Enter - MemInfo: [/proc/self/status]	VmPMD:	      12 kB
20220314 010613.672 INFO             PET0 PIOc_sync Enter - MemInfo: [/proc/self/status]	VmSwap:	       0 kB
20220314 010613.672 INFO             PET0 PIOc_sync Enter - MemInfo: [/proc/self/status]	VmRSSPercent: 0.0397231 %
20220314 010613.672 INFO             PET0 PIOc_sync Enter - MemInfo: [malloc] Non-mmapped space allocated:                10043392 Byte
20220314 010613.672 INFO             PET0 PIOc_sync Enter - MemInfo: [malloc] Space allocated in mmapped regions:          3219456 Byte
20220314 010613.672 INFO             PET0 PIOc_sync Enter - MemInfo: [malloc] Maximum total allocated space:                     0 Byte
20220314 010613.672 INFO             PET0 PIOc_sync Enter - MemInfo: [malloc] Space in freed fastbin blocks:                   288 Byte
20220314 010613.672 INFO             PET0 PIOc_sync Enter - MemInfo: [malloc] Total allocated space:                       9914736 Byte
20220314 010613.672 INFO             PET0 PIOc_sync Enter - MemInfo: [malloc] Total free space:                             128656 Byte
20220314 010613.672 INFO             PET0 PIOc_sync Enter - MemInfo: [malloc] Top-most, releasable space:                   123232 Byte
20220314 010613.672 INFO             PET0 PIOc_sync Enter - MemInfo: [malloc] Total space in use, mmap + non-mmap:        13134192 Byte
20220314 010613.672 INFO             PET0 PIOc_sync Enter - MemInfo: [malloc] Total space held (mmap + non-mmap):         13262848 Byte
20220314 010613.672 INFO             PET0 PIOc_sync Enter - MemInfo: [malloc] Total space used (mmap + non-mmap):         13142400 Byte
20220314 010613.672 INFO             PET0 PIOc_sync Enter - MemInfo: Wall-clock time since execution start:                2.79535 seconds
20220314 010613.673 INFO             PET0 PIOc_sync Exit - MemInfo: [/proc/meminfo - SSI]	MemTotal:       65855856 kB
20220314 010613.673 INFO             PET0 PIOc_sync Exit - MemInfo: [/proc/meminfo - SSI]	MemFree:        61277664 kB
20220314 010613.673 INFO             PET0 PIOc_sync Exit - MemInfo: [/proc/meminfo - SSI]	MemAvailable:   61063988 kB
20220314 010613.673 INFO             PET0 PIOc_sync Exit - MemInfo: [/proc/meminfo - SSI]	Committed_AS:    2841992 kB
20220314 010613.673 INFO             PET0 PIOc_sync Exit - MemInfo: [/proc/meminfo - SSI]	CommittedPercent: 4.31547 %
20220314 010613.673 INFO             PET0 PIOc_sync Exit - MemInfo: [/proc/self/status]	VmPeak:	  228372 kB
20220314 010613.673 INFO             PET0 PIOc_sync Exit - MemInfo: [/proc/self/status]	VmSize:	  228348 kB
20220314 010613.673 INFO             PET0 PIOc_sync Exit - MemInfo: [/proc/self/status]	VmLck:	       0 kB
20220314 010613.673 INFO             PET0 PIOc_sync Exit - MemInfo: [/proc/self/status]	VmPin:	       0 kB
20220314 010613.673 INFO             PET0 PIOc_sync Exit - MemInfo: [/proc/self/status]	VmHWM:	   29748 kB
20220314 010613.673 INFO             PET0 PIOc_sync Exit - MemInfo: [/proc/self/status]	VmRSS:	   26160 kB
20220314 010613.673 INFO             PET0 PIOc_sync Exit - MemInfo: [/proc/self/status]	VmData:	   33888 kB
20220314 010613.673 INFO             PET0 PIOc_sync Exit - MemInfo: [/proc/self/status]	VmStk:	     508 kB
20220314 010613.673 INFO             PET0 PIOc_sync Exit - MemInfo: [/proc/self/status]	VmExe:	    1920 kB
20220314 010613.673 INFO             PET0 PIOc_sync Exit - MemInfo: [/proc/self/status]	VmLib:	   93984 kB
20220314 010613.673 INFO             PET0 PIOc_sync Exit - MemInfo: [/proc/self/status]	VmPTE:	     364 kB
20220314 010613.673 INFO             PET0 PIOc_sync Exit - MemInfo: [/proc/self/status]	VmPMD:	      12 kB
20220314 010613.673 INFO             PET0 PIOc_sync Exit - MemInfo: [/proc/self/status]	VmSwap:	       0 kB
20220314 010613.673 INFO             PET0 PIOc_sync Exit - MemInfo: [/proc/self/status]	VmRSSPercent: 0.0397231 %
20220314 010613.673 INFO             PET0 PIOc_sync Exit - MemInfo: [malloc] Non-mmapped space allocated:                10043392 Byte
20220314 010613.673 INFO             PET0 PIOc_sync Exit - MemInfo: [malloc] Space allocated in mmapped regions:          3219456 Byte
20220314 010613.673 INFO             PET0 PIOc_sync Exit - MemInfo: [malloc] Maximum total allocated space:                     0 Byte
20220314 010613.673 INFO             PET0 PIOc_sync Exit - MemInfo: [malloc] Space in freed fastbin blocks:                     0 Byte
20220314 010613.673 INFO             PET0 PIOc_sync Exit - MemInfo: [malloc] Total allocated space:                       9915552 Byte
20220314 010613.673 INFO             PET0 PIOc_sync Exit - MemInfo: [malloc] Total free space:                             127840 Byte
20220314 010613.673 INFO             PET0 PIOc_sync Exit - MemInfo: [malloc] Top-most, releasable space:                   123008 Byte
20220314 010613.673 INFO             PET0 PIOc_sync Exit - MemInfo: [malloc] Total space in use, mmap + non-mmap:        13135008 Byte
20220314 010613.673 INFO             PET0 PIOc_sync Exit - MemInfo: [malloc] Total space held (mmap + non-mmap):         13262848 Byte
20220314 010613.673 INFO             PET0 PIOc_sync Exit - MemInfo: [malloc] Total space used (mmap + non-mmap):         13143328 Byte
20220314 010613.673 INFO             PET0 PIOc_sync Exit - MemInfo: Wall-clock time since execution start:                2.79588 seconds
20220314 010613.673 INFO             PET0 PIOc_freedecomp Enter - MemInfo: [/proc/meminfo - SSI]	MemTotal:       65855856 kB
20220314 010613.673 INFO             PET0 PIOc_freedecomp Enter - MemInfo: [/proc/meminfo - SSI]	MemFree:        61277664 kB
20220314 010613.673 INFO             PET0 PIOc_freedecomp Enter - MemInfo: [/proc/meminfo - SSI]	MemAvailable:   61063988 kB
20220314 010613.673 INFO             PET0 PIOc_freedecomp Enter - MemInfo: [/proc/meminfo - SSI]	Committed_AS:    2841992 kB
20220314 010613.673 INFO             PET0 PIOc_freedecomp Enter - MemInfo: [/proc/meminfo - SSI]	CommittedPercent: 4.31547 %
20220314 010613.673 INFO             PET0 PIOc_freedecomp Enter - MemInfo: [/proc/self/status]	VmPeak:	  228372 kB
20220314 010613.673 INFO             PET0 PIOc_freedecomp Enter - MemInfo: [/proc/self/status]	VmSize:	  228348 kB
20220314 010613.673 INFO             PET0 PIOc_freedecomp Enter - MemInfo: [/proc/self/status]	VmLck:	       0 kB
20220314 010613.673 INFO             PET0 PIOc_freedecomp Enter - MemInfo: [/proc/self/status]	VmPin:	       0 kB
20220314 010613.673 INFO             PET0 PIOc_freedecomp Enter - MemInfo: [/proc/self/status]	VmHWM:	   29748 kB
20220314 010613.673 INFO             PET0 PIOc_freedecomp Enter - MemInfo: [/proc/self/status]	VmRSS:	   26160 kB
20220314 010613.673 INFO             PET0 PIOc_freedecomp Enter - MemInfo: [/proc/self/status]	VmData:	   33888 kB
20220314 010613.673 INFO             PET0 PIOc_freedecomp Enter - MemInfo: [/proc/self/status]	VmStk:	     508 kB
20220314 010613.673 INFO             PET0 PIOc_freedecomp Enter - MemInfo: [/proc/self/status]	VmExe:	    1920 kB
20220314 010613.673 INFO             PET0 PIOc_freedecomp Enter - MemInfo: [/proc/self/status]	VmLib:	   93984 kB
20220314 010613.673 INFO             PET0 PIOc_freedecomp Enter - MemInfo: [/proc/self/status]	VmPTE:	     364 kB
20220314 010613.673 INFO             PET0 PIOc_freedecomp Enter - MemInfo: [/proc/self/status]	VmPMD:	      12 kB
20220314 010613.673 INFO             PET0 PIOc_freedecomp Enter - MemInfo: [/proc/self/status]	VmSwap:	       0 kB
20220314 010613.673 INFO             PET0 PIOc_freedecomp Enter - MemInfo: [/proc/self/status]	VmRSSPercent: 0.0397231 %
20220314 010613.673 INFO             PET0 PIOc_freedecomp Enter - MemInfo: [malloc] Non-mmapped space allocated:                10043392 Byte
20220314 010613.673 INFO             PET0 PIOc_freedecomp Enter - MemInfo: [malloc] Space allocated in mmapped regions:          3219456 Byte
20220314 010613.673 INFO             PET0 PIOc_freedecomp Enter - MemInfo: [malloc] Maximum total allocated space:                     0 Byte
20220314 010613.673 INFO             PET0 PIOc_freedecomp Enter - MemInfo: [malloc] Space in freed fastbin blocks:                   112 Byte
20220314 010613.673 INFO             PET0 PIOc_freedecomp Enter - MemInfo: [malloc] Total allocated space:                        991232 Byte
20220314 010613.673 INFO             PET0 PIOc_freedecomp Enter - MemInfo: [malloc] Total free space:                            9052160 Byte
20220314 010613.673 INFO             PET0 PIOc_freedecomp Enter - MemInfo: [malloc] Top-most, releasable space:                   122784 Byte
20220314 010613.673 INFO             PET0 PIOc_freedecomp Enter - MemInfo: [malloc] Total space in use, mmap + non-mmap:         4210688 Byte
20220314 010613.673 INFO             PET0 PIOc_freedecomp Enter - MemInfo: [malloc] Total space held (mmap + non-mmap):         13262848 Byte
20220314 010613.673 INFO             PET0 PIOc_freedecomp Enter - MemInfo: [malloc] Total space used (mmap + non-mmap):          4218896 Byte
20220314 010613.673 INFO             PET0 PIOc_freedecomp Enter - MemInfo: Wall-clock time since execution start:                2.79629 seconds
20220314 010613.673 INFO             PET0 PIOc_freedecomp Exit - MemInfo: [/proc/meminfo - SSI]	MemTotal:       65855856 kB
20220314 010613.673 INFO             PET0 PIOc_freedecomp Exit - MemInfo: [/proc/meminfo - SSI]	MemFree:        61277664 kB
20220314 010613.673 INFO             PET0 PIOc_freedecomp Exit - MemInfo: [/proc/meminfo - SSI]	MemAvailable:   61063988 kB
20220314 010613.673 INFO             PET0 PIOc_freedecomp Exit - MemInfo: [/proc/meminfo - SSI]	Committed_AS:    2841992 kB
20220314 010613.673 INFO             PET0 PIOc_freedecomp Exit - MemInfo: [/proc/meminfo - SSI]	CommittedPercent: 4.31547 %
20220314 010613.673 INFO             PET0 PIOc_freedecomp Exit - MemInfo: [/proc/self/status]	VmPeak:	  228372 kB
20220314 010613.673 INFO             PET0 PIOc_freedecomp Exit - MemInfo: [/proc/self/status]	VmSize:	  228348 kB
20220314 010613.673 INFO             PET0 PIOc_freedecomp Exit - MemInfo: [/proc/self/status]	VmLck:	       0 kB
20220314 010613.673 INFO             PET0 PIOc_freedecomp Exit - MemInfo: [/proc/self/status]	VmPin:	       0 kB
20220314 010613.673 INFO             PET0 PIOc_freedecomp Exit - MemInfo: [/proc/self/status]	VmHWM:	   29748 kB
20220314 010613.673 INFO             PET0 PIOc_freedecomp Exit - MemInfo: [/proc/self/status]	VmRSS:	   26160 kB
20220314 010613.673 INFO             PET0 PIOc_freedecomp Exit - MemInfo: [/proc/self/status]	VmData:	   33888 kB
20220314 010613.673 INFO             PET0 PIOc_freedecomp Exit - MemInfo: [/proc/self/status]	VmStk:	     508 kB
20220314 010613.673 INFO             PET0 PIOc_freedecomp Exit - MemInfo: [/proc/self/status]	VmExe:	    1920 kB
20220314 010613.673 INFO             PET0 PIOc_freedecomp Exit - MemInfo: [/proc/self/status]	VmLib:	   93984 kB
20220314 010613.673 INFO             PET0 PIOc_freedecomp Exit - MemInfo: [/proc/self/status]	VmPTE:	     364 kB
20220314 010613.673 INFO             PET0 PIOc_freedecomp Exit - MemInfo: [/proc/self/status]	VmPMD:	      12 kB
20220314 010613.673 INFO             PET0 PIOc_freedecomp Exit - MemInfo: [/proc/self/status]	VmSwap:	       0 kB
20220314 010613.673 INFO             PET0 PIOc_freedecomp Exit - MemInfo: [/proc/self/status]	VmRSSPercent: 0.0397231 %
20220314 010613.673 INFO             PET0 PIOc_freedecomp Exit - MemInfo: [malloc] Non-mmapped space allocated:                10043392 Byte
20220314 010613.673 INFO             PET0 PIOc_freedecomp Exit - MemInfo: [malloc] Space allocated in mmapped regions:          3219456 Byte
20220314 010613.673 INFO             PET0 PIOc_freedecomp Exit - MemInfo: [malloc] Maximum total allocated space:                     0 Byte
20220314 010613.673 INFO             PET0 PIOc_freedecomp Exit - MemInfo: [malloc] Space in freed fastbin blocks:                  1280 Byte
20220314 010613.673 INFO             PET0 PIOc_freedecomp Exit - MemInfo: [malloc] Total allocated space:                        989952 Byte
20220314 010613.673 INFO             PET0 PIOc_freedecomp Exit - MemInfo: [malloc] Total free space:                            9053440 Byte
20220314 010613.673 INFO             PET0 PIOc_freedecomp Exit - MemInfo: [malloc] Top-most, releasable space:                   128480 Byte
20220314 010613.673 INFO             PET0 PIOc_freedecomp Exit - MemInfo: [malloc] Total space in use, mmap + non-mmap:         4209408 Byte
20220314 010613.673 INFO             PET0 PIOc_freedecomp Exit - MemInfo: [malloc] Total space held (mmap + non-mmap):         13262848 Byte
20220314 010613.673 INFO             PET0 PIOc_freedecomp Exit - MemInfo: [malloc] Total space used (mmap + non-mmap):          4217616 Byte
20220314 010613.673 INFO             PET0 PIOc_freedecomp Exit - MemInfo: Wall-clock time since execution start:                2.79655 seconds
20220314 010613.674 INFO             PET0  PASS  ESMF_OutputWeightFile, ESMF_IOUTest.F90, line 81
20220314 010613.739 INFO             PET0  PASS  call ESMF_OutputWeightFile with empty factor list on four PETs, ESMF_IOUTest.F90, line 191
20220314 010613.739 INFO             PET0  Ending Test, file ESMF_IOUTest.F90, line 201
20220314 010613.739 INFO             PET0 Finalizing ESMF
20220314 010610.897 INFO             PET1 !!!!!!!!!!!!!!!!!!!!!!!!!!!!!!!!!!!!!!!!!!!!!!!!!!!!!!
20220314 010610.897 INFO             PET1 !!! THE ESMF_LOG IS SET TO OUTPUT ALL LOG MESSAGES !!!
20220314 010610.897 INFO             PET1 !!!     THIS MAY CAUSE SLOWDOWN IN PERFORMANCE     !!!
20220314 010610.897 INFO             PET1 !!! FOR PRODUCTION RUNS, USE:                      !!!
20220314 010610.897 INFO             PET1 !!!                   ESMF_LOGKIND_Multi_On_Error  !!!
20220314 010610.897 INFO             PET1 !!!!!!!!!!!!!!!!!!!!!!!!!!!!!!!!!!!!!!!!!!!!!!!!!!!!!!
20220314 010610.897 INFO             PET1 Running with ESMF Version   : v8.3.0b09-96-g559b459836
20220314 010610.897 INFO             PET1 ESMF library build date/time: "Mar 14 2022" "00:43:16"
20220314 010610.897 INFO             PET1 ESMF library build location : /lustre/f2/dev/ncep/Mark.Potts/intel_2019.5_mpi_O_jedwards_pio_update2
20220314 010610.897 INFO             PET1 ESMF_COMM                   : mpi
20220314 010610.898 INFO             PET1 ESMF_MOAB                   : enabled
20220314 010610.898 INFO             PET1 ESMF_LAPACK                 : enabled
20220314 010610.898 INFO             PET1 ESMF_NETCDF                 : enabled
20220314 010610.898 INFO             PET1 ESMF_PNETCDF                : disabled
20220314 010610.898 INFO             PET1 ESMF_PIO                    : enabled
20220314 010610.898 INFO             PET1 ESMF_YAMLCPP                : enabled
20220314 010610.910 INFO             PET1  Beginning Test, file ESMF_IOUTest.F90, line 57
20220314 010610.911 INFO             PET1  NUMBER_OF_PROCESSORS           4
20220314 010610.911 INFO             PET1 Starting Test:  ESMF_OutputWeightFile
20220314 010610.925 INFO             PET1 PIOc_sync Enter - MemInfo: [/proc/meminfo - SSI]	MemTotal:       65855856 kB
20220314 010610.925 INFO             PET1 PIOc_sync Enter - MemInfo: [/proc/meminfo - SSI]	MemFree:        61275932 kB
20220314 010610.925 INFO             PET1 PIOc_sync Enter - MemInfo: [/proc/meminfo - SSI]	MemAvailable:   61060756 kB
20220314 010610.925 INFO             PET1 PIOc_sync Enter - MemInfo: [/proc/meminfo - SSI]	Committed_AS:    2841584 kB
20220314 010610.925 INFO             PET1 PIOc_sync Enter - MemInfo: [/proc/meminfo - SSI]	CommittedPercent: 4.31485 %
20220314 010610.925 INFO             PET1 PIOc_sync Enter - MemInfo: [/proc/self/status]	VmPeak:	  218996 kB
20220314 010610.925 INFO             PET1 PIOc_sync Enter - MemInfo: [/proc/self/status]	VmSize:	  218996 kB
20220314 010610.925 INFO             PET1 PIOc_sync Enter - MemInfo: [/proc/self/status]	VmLck:	       0 kB
20220314 010610.925 INFO             PET1 PIOc_sync Enter - MemInfo: [/proc/self/status]	VmPin:	       0 kB
20220314 010610.925 INFO             PET1 PIOc_sync Enter - MemInfo: [/proc/self/status]	VmHWM:	   19572 kB
20220314 010610.925 INFO             PET1 PIOc_sync Enter - MemInfo: [/proc/self/status]	VmRSS:	   19572 kB
20220314 010610.925 INFO             PET1 PIOc_sync Enter - MemInfo: [/proc/self/status]	VmData:	   24512 kB
20220314 010610.925 INFO             PET1 PIOc_sync Enter - MemInfo: [/proc/self/status]	VmStk:	     508 kB
20220314 010610.925 INFO             PET1 PIOc_sync Enter - MemInfo: [/proc/self/status]	VmExe:	    1920 kB
20220314 010610.925 INFO             PET1 PIOc_sync Enter - MemInfo: [/proc/self/status]	VmLib:	   93984 kB
20220314 010610.925 INFO             PET1 PIOc_sync Enter - MemInfo: [/proc/self/status]	VmPTE:	     336 kB
20220314 010610.925 INFO             PET1 PIOc_sync Enter - MemInfo: [/proc/self/status]	VmPMD:	      12 kB
20220314 010610.925 INFO             PET1 PIOc_sync Enter - MemInfo: [/proc/self/status]	VmSwap:	       0 kB
20220314 010610.925 INFO             PET1 PIOc_sync Enter - MemInfo: [/proc/self/status]	VmRSSPercent: 0.0297195 %
20220314 010610.925 INFO             PET1 PIOc_sync Enter - MemInfo: [malloc] Non-mmapped space allocated:                  774144 Byte
20220314 010610.925 INFO             PET1 PIOc_sync Enter - MemInfo: [malloc] Space allocated in mmapped regions:          2887680 Byte
20220314 010610.925 INFO             PET1 PIOc_sync Enter - MemInfo: [malloc] Maximum total allocated space:                     0 Byte
20220314 010610.925 INFO             PET1 PIOc_sync Enter - MemInfo: [malloc] Space in freed fastbin blocks:                     0 Byte
20220314 010610.925 INFO             PET1 PIOc_sync Enter - MemInfo: [malloc] Total allocated space:                        653904 Byte
20220314 010610.925 INFO             PET1 PIOc_sync Enter - MemInfo: [malloc] Total free space:                             120240 Byte
20220314 010610.925 INFO             PET1 PIOc_sync Enter - MemInfo: [malloc] Top-most, releasable space:                   120240 Byte
20220314 010610.925 INFO             PET1 PIOc_sync Enter - MemInfo: [malloc] Total space in use, mmap + non-mmap:         3541584 Byte
20220314 010610.925 INFO             PET1 PIOc_sync Enter - MemInfo: [malloc] Total space held (mmap + non-mmap):          3661824 Byte
20220314 010610.925 INFO             PET1 PIOc_sync Enter - MemInfo: [malloc] Total space used (mmap + non-mmap):          3551200 Byte
20220314 010610.925 INFO             PET1 PIOc_sync Enter - MemInfo: Wall-clock time since execution start:              0.0480349 seconds
20220314 010613.665 INFO             PET1 PIOc_sync Exit - MemInfo: [/proc/meminfo - SSI]	MemTotal:       65855856 kB
20220314 010613.665 INFO             PET1 PIOc_sync Exit - MemInfo: [/proc/meminfo - SSI]	MemFree:        61273632 kB
20220314 010613.665 INFO             PET1 PIOc_sync Exit - MemInfo: [/proc/meminfo - SSI]	MemAvailable:   61059956 kB
20220314 010613.665 INFO             PET1 PIOc_sync Exit - MemInfo: [/proc/meminfo - SSI]	Committed_AS:    2841584 kB
20220314 010613.665 INFO             PET1 PIOc_sync Exit - MemInfo: [/proc/meminfo - SSI]	CommittedPercent: 4.31485 %
20220314 010613.665 INFO             PET1 PIOc_sync Exit - MemInfo: [/proc/self/status]	VmPeak:	  218996 kB
20220314 010613.665 INFO             PET1 PIOc_sync Exit - MemInfo: [/proc/self/status]	VmSize:	  218996 kB
20220314 010613.665 INFO             PET1 PIOc_sync Exit - MemInfo: [/proc/self/status]	VmLck:	       0 kB
20220314 010613.665 INFO             PET1 PIOc_sync Exit - MemInfo: [/proc/self/status]	VmPin:	       0 kB
20220314 010613.665 INFO             PET1 PIOc_sync Exit - MemInfo: [/proc/self/status]	VmHWM:	   19796 kB
20220314 010613.665 INFO             PET1 PIOc_sync Exit - MemInfo: [/proc/self/status]	VmRSS:	   19796 kB
20220314 010613.665 INFO             PET1 PIOc_sync Exit - MemInfo: [/proc/self/status]	VmData:	   24512 kB
20220314 010613.665 INFO             PET1 PIOc_sync Exit - MemInfo: [/proc/self/status]	VmStk:	     508 kB
20220314 010613.665 INFO             PET1 PIOc_sync Exit - MemInfo: [/proc/self/status]	VmExe:	    1920 kB
20220314 010613.665 INFO             PET1 PIOc_sync Exit - MemInfo: [/proc/self/status]	VmLib:	   93984 kB
20220314 010613.665 INFO             PET1 PIOc_sync Exit - MemInfo: [/proc/self/status]	VmPTE:	     340 kB
20220314 010613.665 INFO             PET1 PIOc_sync Exit - MemInfo: [/proc/self/status]	VmPMD:	      12 kB
20220314 010613.665 INFO             PET1 PIOc_sync Exit - MemInfo: [/proc/self/status]	VmSwap:	       0 kB
20220314 010613.665 INFO             PET1 PIOc_sync Exit - MemInfo: [/proc/self/status]	VmRSSPercent: 0.0300596 %
20220314 010613.665 INFO             PET1 PIOc_sync Exit - MemInfo: [malloc] Non-mmapped space allocated:                  774144 Byte
20220314 010613.665 INFO             PET1 PIOc_sync Exit - MemInfo: [malloc] Space allocated in mmapped regions:          2887680 Byte
20220314 010613.665 INFO             PET1 PIOc_sync Exit - MemInfo: [malloc] Maximum total allocated space:                     0 Byte
20220314 010613.665 INFO             PET1 PIOc_sync Exit - MemInfo: [malloc] Space in freed fastbin blocks:                     0 Byte
20220314 010613.665 INFO             PET1 PIOc_sync Exit - MemInfo: [malloc] Total allocated space:                        656208 Byte
20220314 010613.665 INFO             PET1 PIOc_sync Exit - MemInfo: [malloc] Total free space:                             117936 Byte
20220314 010613.665 INFO             PET1 PIOc_sync Exit - MemInfo: [malloc] Top-most, releasable space:                   117936 Byte
20220314 010613.665 INFO             PET1 PIOc_sync Exit - MemInfo: [malloc] Total space in use, mmap + non-mmap:         3543888 Byte
20220314 010613.665 INFO             PET1 PIOc_sync Exit - MemInfo: [malloc] Total space held (mmap + non-mmap):          3661824 Byte
20220314 010613.665 INFO             PET1 PIOc_sync Exit - MemInfo: [malloc] Total space used (mmap + non-mmap):          3552384 Byte
20220314 010613.665 INFO             PET1 PIOc_sync Exit - MemInfo: Wall-clock time since execution start:                2.78805 seconds
20220314 010613.665 INFO             PET1 PIOc_freedecomp Enter - MemInfo: [/proc/meminfo - SSI]	MemTotal:       65855856 kB
20220314 010613.665 INFO             PET1 PIOc_freedecomp Enter - MemInfo: [/proc/meminfo - SSI]	MemFree:        61280688 kB
20220314 010613.665 INFO             PET1 PIOc_freedecomp Enter - MemInfo: [/proc/meminfo - SSI]	MemAvailable:   61067012 kB
20220314 010613.665 INFO             PET1 PIOc_freedecomp Enter - MemInfo: [/proc/meminfo - SSI]	Committed_AS:    2833716 kB
20220314 010613.665 INFO             PET1 PIOc_freedecomp Enter - MemInfo: [/proc/meminfo - SSI]	CommittedPercent: 4.30291 %
20220314 010613.665 INFO             PET1 PIOc_freedecomp Enter - MemInfo: [/proc/self/status]	VmPeak:	  218996 kB
20220314 010613.665 INFO             PET1 PIOc_freedecomp Enter - MemInfo: [/proc/self/status]	VmSize:	  218996 kB
20220314 010613.665 INFO             PET1 PIOc_freedecomp Enter - MemInfo: [/proc/self/status]	VmLck:	       0 kB
20220314 010613.665 INFO             PET1 PIOc_freedecomp Enter - MemInfo: [/proc/self/status]	VmPin:	       0 kB
20220314 010613.665 INFO             PET1 PIOc_freedecomp Enter - MemInfo: [/proc/self/status]	VmHWM:	   19796 kB
20220314 010613.665 INFO             PET1 PIOc_freedecomp Enter - MemInfo: [/proc/self/status]	VmRSS:	   19796 kB
20220314 010613.665 INFO             PET1 PIOc_freedecomp Enter - MemInfo: [/proc/self/status]	VmData:	   24512 kB
20220314 010613.665 INFO             PET1 PIOc_freedecomp Enter - MemInfo: [/proc/self/status]	VmStk:	     508 kB
20220314 010613.665 INFO             PET1 PIOc_freedecomp Enter - MemInfo: [/proc/self/status]	VmExe:	    1920 kB
20220314 010613.665 INFO             PET1 PIOc_freedecomp Enter - MemInfo: [/proc/self/status]	VmLib:	   93984 kB
20220314 010613.665 INFO             PET1 PIOc_freedecomp Enter - MemInfo: [/proc/self/status]	VmPTE:	     340 kB
20220314 010613.665 INFO             PET1 PIOc_freedecomp Enter - MemInfo: [/proc/self/status]	VmPMD:	      12 kB
20220314 010613.665 INFO             PET1 PIOc_freedecomp Enter - MemInfo: [/proc/self/status]	VmSwap:	       0 kB
20220314 010613.665 INFO             PET1 PIOc_freedecomp Enter - MemInfo: [/proc/self/status]	VmRSSPercent: 0.0300596 %
20220314 010613.666 INFO             PET1 PIOc_freedecomp Enter - MemInfo: [malloc] Non-mmapped space allocated:                  774144 Byte
20220314 010613.666 INFO             PET1 PIOc_freedecomp Enter - MemInfo: [malloc] Space allocated in mmapped regions:          2887680 Byte
20220314 010613.666 INFO             PET1 PIOc_freedecomp Enter - MemInfo: [malloc] Maximum total allocated space:                     0 Byte
20220314 010613.666 INFO             PET1 PIOc_freedecomp Enter - MemInfo: [malloc] Space in freed fastbin blocks:                     0 Byte
20220314 010613.666 INFO             PET1 PIOc_freedecomp Enter - MemInfo: [malloc] Total allocated space:                        657008 Byte
20220314 010613.666 INFO             PET1 PIOc_freedecomp Enter - MemInfo: [malloc] Total free space:                             117136 Byte
20220314 010613.666 INFO             PET1 PIOc_freedecomp Enter - MemInfo: [malloc] Top-most, releasable space:                   117136 Byte
20220314 010613.666 INFO             PET1 PIOc_freedecomp Enter - MemInfo: [malloc] Total space in use, mmap + non-mmap:         3544688 Byte
20220314 010613.666 INFO             PET1 PIOc_freedecomp Enter - MemInfo: [malloc] Total space held (mmap + non-mmap):          3661824 Byte
20220314 010613.666 INFO             PET1 PIOc_freedecomp Enter - MemInfo: [malloc] Total space used (mmap + non-mmap):          3553184 Byte
20220314 010613.666 INFO             PET1 PIOc_freedecomp Enter - MemInfo: Wall-clock time since execution start:                2.78868 seconds
20220314 010613.666 INFO             PET1 PIOc_freedecomp Exit - MemInfo: [/proc/meminfo - SSI]	MemTotal:       65855856 kB
20220314 010613.666 INFO             PET1 PIOc_freedecomp Exit - MemInfo: [/proc/meminfo - SSI]	MemFree:        61280688 kB
20220314 010613.666 INFO             PET1 PIOc_freedecomp Exit - MemInfo: [/proc/meminfo - SSI]	MemAvailable:   61067012 kB
20220314 010613.666 INFO             PET1 PIOc_freedecomp Exit - MemInfo: [/proc/meminfo - SSI]	Committed_AS:    2833716 kB
20220314 010613.666 INFO             PET1 PIOc_freedecomp Exit - MemInfo: [/proc/meminfo - SSI]	CommittedPercent: 4.30291 %
20220314 010613.666 INFO             PET1 PIOc_freedecomp Exit - MemInfo: [/proc/self/status]	VmPeak:	  218996 kB
20220314 010613.666 INFO             PET1 PIOc_freedecomp Exit - MemInfo: [/proc/self/status]	VmSize:	  218996 kB
20220314 010613.666 INFO             PET1 PIOc_freedecomp Exit - MemInfo: [/proc/self/status]	VmLck:	       0 kB
20220314 010613.666 INFO             PET1 PIOc_freedecomp Exit - MemInfo: [/proc/self/status]	VmPin:	       0 kB
20220314 010613.666 INFO             PET1 PIOc_freedecomp Exit - MemInfo: [/proc/self/status]	VmHWM:	   19796 kB
20220314 010613.666 INFO             PET1 PIOc_freedecomp Exit - MemInfo: [/proc/self/status]	VmRSS:	   19796 kB
20220314 010613.666 INFO             PET1 PIOc_freedecomp Exit - MemInfo: [/proc/self/status]	VmData:	   24512 kB
20220314 010613.666 INFO             PET1 PIOc_freedecomp Exit - MemInfo: [/proc/self/status]	VmStk:	     508 kB
20220314 010613.666 INFO             PET1 PIOc_freedecomp Exit - MemInfo: [/proc/self/status]	VmExe:	    1920 kB
20220314 010613.666 INFO             PET1 PIOc_freedecomp Exit - MemInfo: [/proc/self/status]	VmLib:	   93984 kB
20220314 010613.666 INFO             PET1 PIOc_freedecomp Exit - MemInfo: [/proc/self/status]	VmPTE:	     340 kB
20220314 010613.666 INFO             PET1 PIOc_freedecomp Exit - MemInfo: [/proc/self/status]	VmPMD:	      12 kB
20220314 010613.666 INFO             PET1 PIOc_freedecomp Exit - MemInfo: [/proc/self/status]	VmSwap:	       0 kB
20220314 010613.666 INFO             PET1 PIOc_freedecomp Exit - MemInfo: [/proc/self/status]	VmRSSPercent: 0.0300596 %
20220314 010613.666 INFO             PET1 PIOc_freedecomp Exit - MemInfo: [malloc] Non-mmapped space allocated:                  774144 Byte
20220314 010613.666 INFO             PET1 PIOc_freedecomp Exit - MemInfo: [malloc] Space allocated in mmapped regions:          2887680 Byte
20220314 010613.666 INFO             PET1 PIOc_freedecomp Exit - MemInfo: [malloc] Maximum total allocated space:                     0 Byte
20220314 010613.666 INFO             PET1 PIOc_freedecomp Exit - MemInfo: [malloc] Space in freed fastbin blocks:                   112 Byte
20220314 010613.666 INFO             PET1 PIOc_freedecomp Exit - MemInfo: [malloc] Total allocated space:                        657744 Byte
20220314 010613.666 INFO             PET1 PIOc_freedecomp Exit - MemInfo: [malloc] Total free space:                             116400 Byte
20220314 010613.666 INFO             PET1 PIOc_freedecomp Exit - MemInfo: [malloc] Top-most, releasable space:                   116288 Byte
20220314 010613.666 INFO             PET1 PIOc_freedecomp Exit - MemInfo: [malloc] Total space in use, mmap + non-mmap:         3545424 Byte
20220314 010613.666 INFO             PET1 PIOc_freedecomp Exit - MemInfo: [malloc] Total space held (mmap + non-mmap):          3661824 Byte
20220314 010613.666 INFO             PET1 PIOc_freedecomp Exit - MemInfo: [malloc] Total space used (mmap + non-mmap):          3553856 Byte
20220314 010613.666 INFO             PET1 PIOc_freedecomp Exit - MemInfo: Wall-clock time since execution start:                2.78896 seconds
20220314 010613.669 INFO             PET1 PIOc_sync Enter - MemInfo: [/proc/meminfo - SSI]	MemTotal:       65855856 kB
20220314 010613.669 INFO             PET1 PIOc_sync Enter - MemInfo: [/proc/meminfo - SSI]	MemFree:        61278168 kB
20220314 010613.669 INFO             PET1 PIOc_sync Enter - MemInfo: [/proc/meminfo - SSI]	MemAvailable:   61064492 kB
20220314 010613.669 INFO             PET1 PIOc_sync Enter - MemInfo: [/proc/meminfo - SSI]	Committed_AS:    2841992 kB
20220314 010613.669 INFO             PET1 PIOc_sync Enter - MemInfo: [/proc/meminfo - SSI]	CommittedPercent: 4.31547 %
20220314 010613.669 INFO             PET1 PIOc_sync Enter - MemInfo: [/proc/self/status]	VmPeak:	  218996 kB
20220314 010613.669 INFO             PET1 PIOc_sync Enter - MemInfo: [/proc/self/status]	VmSize:	  218996 kB
20220314 010613.669 INFO             PET1 PIOc_sync Enter - MemInfo: [/proc/self/status]	VmLck:	       0 kB
20220314 010613.669 INFO             PET1 PIOc_sync Enter - MemInfo: [/proc/self/status]	VmPin:	       0 kB
20220314 010613.669 INFO             PET1 PIOc_sync Enter - MemInfo: [/proc/self/status]	VmHWM:	   19820 kB
20220314 010613.669 INFO             PET1 PIOc_sync Enter - MemInfo: [/proc/self/status]	VmRSS:	   19804 kB
20220314 010613.669 INFO             PET1 PIOc_sync Enter - MemInfo: [/proc/self/status]	VmData:	   24512 kB
20220314 010613.669 INFO             PET1 PIOc_sync Enter - MemInfo: [/proc/self/status]	VmStk:	     508 kB
20220314 010613.669 INFO             PET1 PIOc_sync Enter - MemInfo: [/proc/self/status]	VmExe:	    1920 kB
20220314 010613.669 INFO             PET1 PIOc_sync Enter - MemInfo: [/proc/self/status]	VmLib:	   93984 kB
20220314 010613.669 INFO             PET1 PIOc_sync Enter - MemInfo: [/proc/self/status]	VmPTE:	     340 kB
20220314 010613.669 INFO             PET1 PIOc_sync Enter - MemInfo: [/proc/self/status]	VmPMD:	      12 kB
20220314 010613.669 INFO             PET1 PIOc_sync Enter - MemInfo: [/proc/self/status]	VmSwap:	       0 kB
20220314 010613.669 INFO             PET1 PIOc_sync Enter - MemInfo: [/proc/self/status]	VmRSSPercent: 0.0300717 %
20220314 010613.669 INFO             PET1 PIOc_sync Enter - MemInfo: [malloc] Non-mmapped space allocated:                  774144 Byte
20220314 010613.669 INFO             PET1 PIOc_sync Enter - MemInfo: [malloc] Space allocated in mmapped regions:          2887680 Byte
20220314 010613.669 INFO             PET1 PIOc_sync Enter - MemInfo: [malloc] Maximum total allocated space:                     0 Byte
20220314 010613.669 INFO             PET1 PIOc_sync Enter - MemInfo: [malloc] Space in freed fastbin blocks:                     0 Byte
20220314 010613.669 INFO             PET1 PIOc_sync Enter - MemInfo: [malloc] Total allocated space:                        659584 Byte
20220314 010613.669 INFO             PET1 PIOc_sync Enter - MemInfo: [malloc] Total free space:                             114560 Byte
20220314 010613.669 INFO             PET1 PIOc_sync Enter - MemInfo: [malloc] Top-most, releasable space:                   113776 Byte
20220314 010613.669 INFO             PET1 PIOc_sync Enter - MemInfo: [malloc] Total space in use, mmap + non-mmap:         3547264 Byte
20220314 010613.669 INFO             PET1 PIOc_sync Enter - MemInfo: [malloc] Total space held (mmap + non-mmap):          3661824 Byte
20220314 010613.669 INFO             PET1 PIOc_sync Enter - MemInfo: [malloc] Total space used (mmap + non-mmap):          3555472 Byte
20220314 010613.669 INFO             PET1 PIOc_sync Enter - MemInfo: Wall-clock time since execution start:                2.79241 seconds
20220314 010613.669 INFO             PET1 PIOc_sync Exit - MemInfo: [/proc/meminfo - SSI]	MemTotal:       65855856 kB
20220314 010613.669 INFO             PET1 PIOc_sync Exit - MemInfo: [/proc/meminfo - SSI]	MemFree:        61278168 kB
20220314 010613.669 INFO             PET1 PIOc_sync Exit - MemInfo: [/proc/meminfo - SSI]	MemAvailable:   61064492 kB
20220314 010613.669 INFO             PET1 PIOc_sync Exit - MemInfo: [/proc/meminfo - SSI]	Committed_AS:    2841992 kB
20220314 010613.670 INFO             PET1 PIOc_sync Exit - MemInfo: [/proc/meminfo - SSI]	CommittedPercent: 4.31547 %
20220314 010613.670 INFO             PET1 PIOc_sync Exit - MemInfo: [/proc/self/status]	VmPeak:	  218996 kB
20220314 010613.670 INFO             PET1 PIOc_sync Exit - MemInfo: [/proc/self/status]	VmSize:	  218996 kB
20220314 010613.670 INFO             PET1 PIOc_sync Exit - MemInfo: [/proc/self/status]	VmLck:	       0 kB
20220314 010613.670 INFO             PET1 PIOc_sync Exit - MemInfo: [/proc/self/status]	VmPin:	       0 kB
20220314 010613.670 INFO             PET1 PIOc_sync Exit - MemInfo: [/proc/self/status]	VmHWM:	   19820 kB
20220314 010613.670 INFO             PET1 PIOc_sync Exit - MemInfo: [/proc/self/status]	VmRSS:	   19804 kB
20220314 010613.670 INFO             PET1 PIOc_sync Exit - MemInfo: [/proc/self/status]	VmData:	   24512 kB
20220314 010613.670 INFO             PET1 PIOc_sync Exit - MemInfo: [/proc/self/status]	VmStk:	     508 kB
20220314 010613.670 INFO             PET1 PIOc_sync Exit - MemInfo: [/proc/self/status]	VmExe:	    1920 kB
20220314 010613.670 INFO             PET1 PIOc_sync Exit - MemInfo: [/proc/self/status]	VmLib:	   93984 kB
20220314 010613.670 INFO             PET1 PIOc_sync Exit - MemInfo: [/proc/self/status]	VmPTE:	     340 kB
20220314 010613.670 INFO             PET1 PIOc_sync Exit - MemInfo: [/proc/self/status]	VmPMD:	      12 kB
20220314 010613.670 INFO             PET1 PIOc_sync Exit - MemInfo: [/proc/self/status]	VmSwap:	       0 kB
20220314 010613.670 INFO             PET1 PIOc_sync Exit - MemInfo: [/proc/self/status]	VmRSSPercent: 0.0300717 %
20220314 010613.670 INFO             PET1 PIOc_sync Exit - MemInfo: [malloc] Non-mmapped space allocated:                  774144 Byte
20220314 010613.670 INFO             PET1 PIOc_sync Exit - MemInfo: [malloc] Space allocated in mmapped regions:          2887680 Byte
20220314 010613.670 INFO             PET1 PIOc_sync Exit - MemInfo: [malloc] Maximum total allocated space:                     0 Byte
20220314 010613.670 INFO             PET1 PIOc_sync Exit - MemInfo: [malloc] Space in freed fastbin blocks:                     0 Byte
20220314 010613.670 INFO             PET1 PIOc_sync Exit - MemInfo: [malloc] Total allocated space:                        660048 Byte
20220314 010613.670 INFO             PET1 PIOc_sync Exit - MemInfo: [malloc] Total free space:                             114096 Byte
20220314 010613.670 INFO             PET1 PIOc_sync Exit - MemInfo: [malloc] Top-most, releasable space:                   113552 Byte
20220314 010613.670 INFO             PET1 PIOc_sync Exit - MemInfo: [malloc] Total space in use, mmap + non-mmap:         3547728 Byte
20220314 010613.670 INFO             PET1 PIOc_sync Exit - MemInfo: [malloc] Total space held (mmap + non-mmap):          3661824 Byte
20220314 010613.670 INFO             PET1 PIOc_sync Exit - MemInfo: [malloc] Total space used (mmap + non-mmap):          3555936 Byte
20220314 010613.670 INFO             PET1 PIOc_sync Exit - MemInfo: Wall-clock time since execution start:                2.79279 seconds
20220314 010613.670 INFO             PET1 PIOc_freedecomp Enter - MemInfo: [/proc/meminfo - SSI]	MemTotal:       65855856 kB
20220314 010613.670 INFO             PET1 PIOc_freedecomp Enter - MemInfo: [/proc/meminfo - SSI]	MemFree:        61278168 kB
20220314 010613.670 INFO             PET1 PIOc_freedecomp Enter - MemInfo: [/proc/meminfo - SSI]	MemAvailable:   61064492 kB
20220314 010613.670 INFO             PET1 PIOc_freedecomp Enter - MemInfo: [/proc/meminfo - SSI]	Committed_AS:    2841992 kB
20220314 010613.670 INFO             PET1 PIOc_freedecomp Enter - MemInfo: [/proc/meminfo - SSI]	CommittedPercent: 4.31547 %
20220314 010613.670 INFO             PET1 PIOc_freedecomp Enter - MemInfo: [/proc/self/status]	VmPeak:	  218996 kB
20220314 010613.670 INFO             PET1 PIOc_freedecomp Enter - MemInfo: [/proc/self/status]	VmSize:	  218996 kB
20220314 010613.670 INFO             PET1 PIOc_freedecomp Enter - MemInfo: [/proc/self/status]	VmLck:	       0 kB
20220314 010613.670 INFO             PET1 PIOc_freedecomp Enter - MemInfo: [/proc/self/status]	VmPin:	       0 kB
20220314 010613.670 INFO             PET1 PIOc_freedecomp Enter - MemInfo: [/proc/self/status]	VmHWM:	   19820 kB
20220314 010613.670 INFO             PET1 PIOc_freedecomp Enter - MemInfo: [/proc/self/status]	VmRSS:	   19804 kB
20220314 010613.670 INFO             PET1 PIOc_freedecomp Enter - MemInfo: [/proc/self/status]	VmData:	   24512 kB
20220314 010613.670 INFO             PET1 PIOc_freedecomp Enter - MemInfo: [/proc/self/status]	VmStk:	     508 kB
20220314 010613.670 INFO             PET1 PIOc_freedecomp Enter - MemInfo: [/proc/self/status]	VmExe:	    1920 kB
20220314 010613.670 INFO             PET1 PIOc_freedecomp Enter - MemInfo: [/proc/self/status]	VmLib:	   93984 kB
20220314 010613.670 INFO             PET1 PIOc_freedecomp Enter - MemInfo: [/proc/self/status]	VmPTE:	     340 kB
20220314 010613.670 INFO             PET1 PIOc_freedecomp Enter - MemInfo: [/proc/self/status]	VmPMD:	      12 kB
20220314 010613.670 INFO             PET1 PIOc_freedecomp Enter - MemInfo: [/proc/self/status]	VmSwap:	       0 kB
20220314 010613.670 INFO             PET1 PIOc_freedecomp Enter - MemInfo: [/proc/self/status]	VmRSSPercent: 0.0300717 %
20220314 010613.670 INFO             PET1 PIOc_freedecomp Enter - MemInfo: [malloc] Non-mmapped space allocated:                  774144 Byte
20220314 010613.670 INFO             PET1 PIOc_freedecomp Enter - MemInfo: [malloc] Space allocated in mmapped regions:          2887680 Byte
20220314 010613.670 INFO             PET1 PIOc_freedecomp Enter - MemInfo: [malloc] Maximum total allocated space:                     0 Byte
20220314 010613.670 INFO             PET1 PIOc_freedecomp Enter - MemInfo: [malloc] Space in freed fastbin blocks:                     0 Byte
20220314 010613.670 INFO             PET1 PIOc_freedecomp Enter - MemInfo: [malloc] Total allocated space:                        660272 Byte
20220314 010613.670 INFO             PET1 PIOc_freedecomp Enter - MemInfo: [malloc] Total free space:                             113872 Byte
20220314 010613.670 INFO             PET1 PIOc_freedecomp Enter - MemInfo: [malloc] Top-most, releasable space:                   113328 Byte
20220314 010613.670 INFO             PET1 PIOc_freedecomp Enter - MemInfo: [malloc] Total space in use, mmap + non-mmap:         3547952 Byte
20220314 010613.670 INFO             PET1 PIOc_freedecomp Enter - MemInfo: [malloc] Total space held (mmap + non-mmap):          3661824 Byte
20220314 010613.670 INFO             PET1 PIOc_freedecomp Enter - MemInfo: [malloc] Total space used (mmap + non-mmap):          3556160 Byte
20220314 010613.670 INFO             PET1 PIOc_freedecomp Enter - MemInfo: Wall-clock time since execution start:                2.79321 seconds
20220314 010613.670 INFO             PET1 PIOc_freedecomp Exit - MemInfo: [/proc/meminfo - SSI]	MemTotal:       65855856 kB
20220314 010613.670 INFO             PET1 PIOc_freedecomp Exit - MemInfo: [/proc/meminfo - SSI]	MemFree:        61278168 kB
20220314 010613.670 INFO             PET1 PIOc_freedecomp Exit - MemInfo: [/proc/meminfo - SSI]	MemAvailable:   61064492 kB
20220314 010613.670 INFO             PET1 PIOc_freedecomp Exit - MemInfo: [/proc/meminfo - SSI]	Committed_AS:    2841992 kB
20220314 010613.670 INFO             PET1 PIOc_freedecomp Exit - MemInfo: [/proc/meminfo - SSI]	CommittedPercent: 4.31547 %
20220314 010613.670 INFO             PET1 PIOc_freedecomp Exit - MemInfo: [/proc/self/status]	VmPeak:	  218996 kB
20220314 010613.670 INFO             PET1 PIOc_freedecomp Exit - MemInfo: [/proc/self/status]	VmSize:	  218996 kB
20220314 010613.670 INFO             PET1 PIOc_freedecomp Exit - MemInfo: [/proc/self/status]	VmLck:	       0 kB
20220314 010613.670 INFO             PET1 PIOc_freedecomp Exit - MemInfo: [/proc/self/status]	VmPin:	       0 kB
20220314 010613.670 INFO             PET1 PIOc_freedecomp Exit - MemInfo: [/proc/self/status]	VmHWM:	   19820 kB
20220314 010613.670 INFO             PET1 PIOc_freedecomp Exit - MemInfo: [/proc/self/status]	VmRSS:	   19804 kB
20220314 010613.670 INFO             PET1 PIOc_freedecomp Exit - MemInfo: [/proc/self/status]	VmData:	   24512 kB
20220314 010613.670 INFO             PET1 PIOc_freedecomp Exit - MemInfo: [/proc/self/status]	VmStk:	     508 kB
20220314 010613.670 INFO             PET1 PIOc_freedecomp Exit - MemInfo: [/proc/self/status]	VmExe:	    1920 kB
20220314 010613.670 INFO             PET1 PIOc_freedecomp Exit - MemInfo: [/proc/self/status]	VmLib:	   93984 kB
20220314 010613.670 INFO             PET1 PIOc_freedecomp Exit - MemInfo: [/proc/self/status]	VmPTE:	     340 kB
20220314 010613.670 INFO             PET1 PIOc_freedecomp Exit - MemInfo: [/proc/self/status]	VmPMD:	      12 kB
20220314 010613.670 INFO             PET1 PIOc_freedecomp Exit - MemInfo: [/proc/self/status]	VmSwap:	       0 kB
20220314 010613.670 INFO             PET1 PIOc_freedecomp Exit - MemInfo: [/proc/self/status]	VmRSSPercent: 0.0300717 %
20220314 010613.670 INFO             PET1 PIOc_freedecomp Exit - MemInfo: [malloc] Non-mmapped space allocated:                  774144 Byte
20220314 010613.670 INFO             PET1 PIOc_freedecomp Exit - MemInfo: [malloc] Space allocated in mmapped regions:          2887680 Byte
20220314 010613.670 INFO             PET1 PIOc_freedecomp Exit - MemInfo: [malloc] Maximum total allocated space:                     0 Byte
20220314 010613.670 INFO             PET1 PIOc_freedecomp Exit - MemInfo: [malloc] Space in freed fastbin blocks:                   304 Byte
20220314 010613.670 INFO             PET1 PIOc_freedecomp Exit - MemInfo: [malloc] Total allocated space:                        659968 Byte
20220314 010613.670 INFO             PET1 PIOc_freedecomp Exit - MemInfo: [malloc] Total free space:                             114176 Byte
20220314 010613.670 INFO             PET1 PIOc_freedecomp Exit - MemInfo: [malloc] Top-most, releasable space:                   113104 Byte
20220314 010613.670 INFO             PET1 PIOc_freedecomp Exit - MemInfo: [malloc] Total space in use, mmap + non-mmap:         3547648 Byte
20220314 010613.670 INFO             PET1 PIOc_freedecomp Exit - MemInfo: [malloc] Total space held (mmap + non-mmap):          3661824 Byte
20220314 010613.670 INFO             PET1 PIOc_freedecomp Exit - MemInfo: [malloc] Total space used (mmap + non-mmap):          3555856 Byte
20220314 010613.670 INFO             PET1 PIOc_freedecomp Exit - MemInfo: Wall-clock time since execution start:                2.79352 seconds
20220314 010613.672 INFO             PET1 PIOc_sync Enter - MemInfo: [/proc/meminfo - SSI]	MemTotal:       65855856 kB
20220314 010613.672 INFO             PET1 PIOc_sync Enter - MemInfo: [/proc/meminfo - SSI]	MemFree:        61277664 kB
20220314 010613.672 INFO             PET1 PIOc_sync Enter - MemInfo: [/proc/meminfo - SSI]	MemAvailable:   61063988 kB
20220314 010613.672 INFO             PET1 PIOc_sync Enter - MemInfo: [/proc/meminfo - SSI]	Committed_AS:    2841992 kB
20220314 010613.672 INFO             PET1 PIOc_sync Enter - MemInfo: [/proc/meminfo - SSI]	CommittedPercent: 4.31547 %
20220314 010613.672 INFO             PET1 PIOc_sync Enter - MemInfo: [/proc/self/status]	VmPeak:	  218996 kB
20220314 010613.672 INFO             PET1 PIOc_sync Enter - MemInfo: [/proc/self/status]	VmSize:	  218972 kB
20220314 010613.672 INFO             PET1 PIOc_sync Enter - MemInfo: [/proc/self/status]	VmLck:	       0 kB
20220314 010613.672 INFO             PET1 PIOc_sync Enter - MemInfo: [/proc/self/status]	VmPin:	       0 kB
20220314 010613.672 INFO             PET1 PIOc_sync Enter - MemInfo: [/proc/self/status]	VmHWM:	   19840 kB
20220314 010613.672 INFO             PET1 PIOc_sync Enter - MemInfo: [/proc/self/status]	VmRSS:	   19824 kB
20220314 010613.672 INFO             PET1 PIOc_sync Enter - MemInfo: [/proc/self/status]	VmData:	   24512 kB
20220314 010613.672 INFO             PET1 PIOc_sync Enter - MemInfo: [/proc/self/status]	VmStk:	     508 kB
20220314 010613.672 INFO             PET1 PIOc_sync Enter - MemInfo: [/proc/self/status]	VmExe:	    1920 kB
20220314 010613.672 INFO             PET1 PIOc_sync Enter - MemInfo: [/proc/self/status]	VmLib:	   93984 kB
20220314 010613.672 INFO             PET1 PIOc_sync Enter - MemInfo: [/proc/self/status]	VmPTE:	     340 kB
20220314 010613.672 INFO             PET1 PIOc_sync Enter - MemInfo: [/proc/self/status]	VmPMD:	      12 kB
20220314 010613.672 INFO             PET1 PIOc_sync Enter - MemInfo: [/proc/self/status]	VmSwap:	       0 kB
20220314 010613.672 INFO             PET1 PIOc_sync Enter - MemInfo: [/proc/self/status]	VmRSSPercent: 0.0301021 %
20220314 010613.672 INFO             PET1 PIOc_sync Enter - MemInfo: [malloc] Non-mmapped space allocated:                  774144 Byte
20220314 010613.672 INFO             PET1 PIOc_sync Enter - MemInfo: [malloc] Space allocated in mmapped regions:          2887680 Byte
20220314 010613.672 INFO             PET1 PIOc_sync Enter - MemInfo: [malloc] Maximum total allocated space:                     0 Byte
20220314 010613.672 INFO             PET1 PIOc_sync Enter - MemInfo: [malloc] Space in freed fastbin blocks:                    48 Byte
20220314 010613.672 INFO             PET1 PIOc_sync Enter - MemInfo: [malloc] Total allocated space:                        660208 Byte
20220314 010613.672 INFO             PET1 PIOc_sync Enter - MemInfo: [malloc] Total free space:                             113936 Byte
20220314 010613.672 INFO             PET1 PIOc_sync Enter - MemInfo: [malloc] Top-most, releasable space:                   112880 Byte
20220314 010613.672 INFO             PET1 PIOc_sync Enter - MemInfo: [malloc] Total space in use, mmap + non-mmap:         3547888 Byte
20220314 010613.672 INFO             PET1 PIOc_sync Enter - MemInfo: [malloc] Total space held (mmap + non-mmap):          3661824 Byte
20220314 010613.672 INFO             PET1 PIOc_sync Enter - MemInfo: [malloc] Total space used (mmap + non-mmap):          3556096 Byte
20220314 010613.673 INFO             PET1 PIOc_sync Enter - MemInfo: Wall-clock time since execution start:                2.79556 seconds
20220314 010613.673 INFO             PET1 PIOc_sync Exit - MemInfo: [/proc/meminfo - SSI]	MemTotal:       65855856 kB
20220314 010613.673 INFO             PET1 PIOc_sync Exit - MemInfo: [/proc/meminfo - SSI]	MemFree:        61277664 kB
20220314 010613.673 INFO             PET1 PIOc_sync Exit - MemInfo: [/proc/meminfo - SSI]	MemAvailable:   61063988 kB
20220314 010613.673 INFO             PET1 PIOc_sync Exit - MemInfo: [/proc/meminfo - SSI]	Committed_AS:    2841992 kB
20220314 010613.673 INFO             PET1 PIOc_sync Exit - MemInfo: [/proc/meminfo - SSI]	CommittedPercent: 4.31547 %
20220314 010613.673 INFO             PET1 PIOc_sync Exit - MemInfo: [/proc/self/status]	VmPeak:	  218996 kB
20220314 010613.673 INFO             PET1 PIOc_sync Exit - MemInfo: [/proc/self/status]	VmSize:	  218972 kB
20220314 010613.673 INFO             PET1 PIOc_sync Exit - MemInfo: [/proc/self/status]	VmLck:	       0 kB
20220314 010613.673 INFO             PET1 PIOc_sync Exit - MemInfo: [/proc/self/status]	VmPin:	       0 kB
20220314 010613.673 INFO             PET1 PIOc_sync Exit - MemInfo: [/proc/self/status]	VmHWM:	   19840 kB
20220314 010613.673 INFO             PET1 PIOc_sync Exit - MemInfo: [/proc/self/status]	VmRSS:	   19824 kB
20220314 010613.673 INFO             PET1 PIOc_sync Exit - MemInfo: [/proc/self/status]	VmData:	   24512 kB
20220314 010613.673 INFO             PET1 PIOc_sync Exit - MemInfo: [/proc/self/status]	VmStk:	     508 kB
20220314 010613.673 INFO             PET1 PIOc_sync Exit - MemInfo: [/proc/self/status]	VmExe:	    1920 kB
20220314 010613.673 INFO             PET1 PIOc_sync Exit - MemInfo: [/proc/self/status]	VmLib:	   93984 kB
20220314 010613.673 INFO             PET1 PIOc_sync Exit - MemInfo: [/proc/self/status]	VmPTE:	     340 kB
20220314 010613.673 INFO             PET1 PIOc_sync Exit - MemInfo: [/proc/self/status]	VmPMD:	      12 kB
20220314 010613.673 INFO             PET1 PIOc_sync Exit - MemInfo: [/proc/self/status]	VmSwap:	       0 kB
20220314 010613.673 INFO             PET1 PIOc_sync Exit - MemInfo: [/proc/self/status]	VmRSSPercent: 0.0301021 %
20220314 010613.673 INFO             PET1 PIOc_sync Exit - MemInfo: [malloc] Non-mmapped space allocated:                  774144 Byte
20220314 010613.673 INFO             PET1 PIOc_sync Exit - MemInfo: [malloc] Space allocated in mmapped regions:          2887680 Byte
20220314 010613.673 INFO             PET1 PIOc_sync Exit - MemInfo: [malloc] Maximum total allocated space:                     0 Byte
20220314 010613.673 INFO             PET1 PIOc_sync Exit - MemInfo: [malloc] Space in freed fastbin blocks:                     0 Byte
20220314 010613.673 INFO             PET1 PIOc_sync Exit - MemInfo: [malloc] Total allocated space:                        660448 Byte
20220314 010613.673 INFO             PET1 PIOc_sync Exit - MemInfo: [malloc] Total free space:                             113696 Byte
20220314 010613.673 INFO             PET1 PIOc_sync Exit - MemInfo: [malloc] Top-most, releasable space:                   112656 Byte
20220314 010613.673 INFO             PET1 PIOc_sync Exit - MemInfo: [malloc] Total space in use, mmap + non-mmap:         3548128 Byte
20220314 010613.673 INFO             PET1 PIOc_sync Exit - MemInfo: [malloc] Total space held (mmap + non-mmap):          3661824 Byte
20220314 010613.673 INFO             PET1 PIOc_sync Exit - MemInfo: [malloc] Total space used (mmap + non-mmap):          3556336 Byte
20220314 010613.673 INFO             PET1 PIOc_sync Exit - MemInfo: Wall-clock time since execution start:                2.79593 seconds
20220314 010613.673 INFO             PET1 PIOc_freedecomp Enter - MemInfo: [/proc/meminfo - SSI]	MemTotal:       65855856 kB
20220314 010613.673 INFO             PET1 PIOc_freedecomp Enter - MemInfo: [/proc/meminfo - SSI]	MemFree:        61277664 kB
20220314 010613.673 INFO             PET1 PIOc_freedecomp Enter - MemInfo: [/proc/meminfo - SSI]	MemAvailable:   61063988 kB
20220314 010613.673 INFO             PET1 PIOc_freedecomp Enter - MemInfo: [/proc/meminfo - SSI]	Committed_AS:    2841992 kB
20220314 010613.673 INFO             PET1 PIOc_freedecomp Enter - MemInfo: [/proc/meminfo - SSI]	CommittedPercent: 4.31547 %
20220314 010613.673 INFO             PET1 PIOc_freedecomp Enter - MemInfo: [/proc/self/status]	VmPeak:	  218996 kB
20220314 010613.673 INFO             PET1 PIOc_freedecomp Enter - MemInfo: [/proc/self/status]	VmSize:	  218972 kB
20220314 010613.673 INFO             PET1 PIOc_freedecomp Enter - MemInfo: [/proc/self/status]	VmLck:	       0 kB
20220314 010613.673 INFO             PET1 PIOc_freedecomp Enter - MemInfo: [/proc/self/status]	VmPin:	       0 kB
20220314 010613.673 INFO             PET1 PIOc_freedecomp Enter - MemInfo: [/proc/self/status]	VmHWM:	   19840 kB
20220314 010613.673 INFO             PET1 PIOc_freedecomp Enter - MemInfo: [/proc/self/status]	VmRSS:	   19824 kB
20220314 010613.673 INFO             PET1 PIOc_freedecomp Enter - MemInfo: [/proc/self/status]	VmData:	   24512 kB
20220314 010613.673 INFO             PET1 PIOc_freedecomp Enter - MemInfo: [/proc/self/status]	VmStk:	     508 kB
20220314 010613.673 INFO             PET1 PIOc_freedecomp Enter - MemInfo: [/proc/self/status]	VmExe:	    1920 kB
20220314 010613.673 INFO             PET1 PIOc_freedecomp Enter - MemInfo: [/proc/self/status]	VmLib:	   93984 kB
20220314 010613.673 INFO             PET1 PIOc_freedecomp Enter - MemInfo: [/proc/self/status]	VmPTE:	     340 kB
20220314 010613.673 INFO             PET1 PIOc_freedecomp Enter - MemInfo: [/proc/self/status]	VmPMD:	      12 kB
20220314 010613.673 INFO             PET1 PIOc_freedecomp Enter - MemInfo: [/proc/self/status]	VmSwap:	       0 kB
20220314 010613.673 INFO             PET1 PIOc_freedecomp Enter - MemInfo: [/proc/self/status]	VmRSSPercent: 0.0301021 %
20220314 010613.673 INFO             PET1 PIOc_freedecomp Enter - MemInfo: [malloc] Non-mmapped space allocated:                  774144 Byte
20220314 010613.673 INFO             PET1 PIOc_freedecomp Enter - MemInfo: [malloc] Space allocated in mmapped regions:          2887680 Byte
20220314 010613.673 INFO             PET1 PIOc_freedecomp Enter - MemInfo: [malloc] Maximum total allocated space:                     0 Byte
20220314 010613.673 INFO             PET1 PIOc_freedecomp Enter - MemInfo: [malloc] Space in freed fastbin blocks:                     0 Byte
20220314 010613.673 INFO             PET1 PIOc_freedecomp Enter - MemInfo: [malloc] Total allocated space:                        660160 Byte
20220314 010613.673 INFO             PET1 PIOc_freedecomp Enter - MemInfo: [malloc] Total free space:                             113984 Byte
20220314 010613.673 INFO             PET1 PIOc_freedecomp Enter - MemInfo: [malloc] Top-most, releasable space:                   112432 Byte
20220314 010613.673 INFO             PET1 PIOc_freedecomp Enter - MemInfo: [malloc] Total space in use, mmap + non-mmap:         3547840 Byte
20220314 010613.673 INFO             PET1 PIOc_freedecomp Enter - MemInfo: [malloc] Total space held (mmap + non-mmap):          3661824 Byte
20220314 010613.673 INFO             PET1 PIOc_freedecomp Enter - MemInfo: [malloc] Total space used (mmap + non-mmap):          3556048 Byte
20220314 010613.673 INFO             PET1 PIOc_freedecomp Enter - MemInfo: Wall-clock time since execution start:                2.79634 seconds
20220314 010613.673 INFO             PET1 PIOc_freedecomp Exit - MemInfo: [/proc/meminfo - SSI]	MemTotal:       65855856 kB
20220314 010613.673 INFO             PET1 PIOc_freedecomp Exit - MemInfo: [/proc/meminfo - SSI]	MemFree:        61277664 kB
20220314 010613.673 INFO             PET1 PIOc_freedecomp Exit - MemInfo: [/proc/meminfo - SSI]	MemAvailable:   61063988 kB
20220314 010613.673 INFO             PET1 PIOc_freedecomp Exit - MemInfo: [/proc/meminfo - SSI]	Committed_AS:    2841992 kB
20220314 010613.673 INFO             PET1 PIOc_freedecomp Exit - MemInfo: [/proc/meminfo - SSI]	CommittedPercent: 4.31547 %
20220314 010613.673 INFO             PET1 PIOc_freedecomp Exit - MemInfo: [/proc/self/status]	VmPeak:	  218996 kB
20220314 010613.673 INFO             PET1 PIOc_freedecomp Exit - MemInfo: [/proc/self/status]	VmSize:	  218972 kB
20220314 010613.673 INFO             PET1 PIOc_freedecomp Exit - MemInfo: [/proc/self/status]	VmLck:	       0 kB
20220314 010613.673 INFO             PET1 PIOc_freedecomp Exit - MemInfo: [/proc/self/status]	VmPin:	       0 kB
20220314 010613.673 INFO             PET1 PIOc_freedecomp Exit - MemInfo: [/proc/self/status]	VmHWM:	   19840 kB
20220314 010613.673 INFO             PET1 PIOc_freedecomp Exit - MemInfo: [/proc/self/status]	VmRSS:	   19824 kB
20220314 010613.673 INFO             PET1 PIOc_freedecomp Exit - MemInfo: [/proc/self/status]	VmData:	   24512 kB
20220314 010613.673 INFO             PET1 PIOc_freedecomp Exit - MemInfo: [/proc/self/status]	VmStk:	     508 kB
20220314 010613.673 INFO             PET1 PIOc_freedecomp Exit - MemInfo: [/proc/self/status]	VmExe:	    1920 kB
20220314 010613.673 INFO             PET1 PIOc_freedecomp Exit - MemInfo: [/proc/self/status]	VmLib:	   93984 kB
20220314 010613.673 INFO             PET1 PIOc_freedecomp Exit - MemInfo: [/proc/self/status]	VmPTE:	     340 kB
20220314 010613.673 INFO             PET1 PIOc_freedecomp Exit - MemInfo: [/proc/self/status]	VmPMD:	      12 kB
20220314 010613.673 INFO             PET1 PIOc_freedecomp Exit - MemInfo: [/proc/self/status]	VmSwap:	       0 kB
20220314 010613.673 INFO             PET1 PIOc_freedecomp Exit - MemInfo: [/proc/self/status]	VmRSSPercent: 0.0301021 %
20220314 010613.673 INFO             PET1 PIOc_freedecomp Exit - MemInfo: [malloc] Non-mmapped space allocated:                  774144 Byte
20220314 010613.673 INFO             PET1 PIOc_freedecomp Exit - MemInfo: [malloc] Space allocated in mmapped regions:          2887680 Byte
20220314 010613.673 INFO             PET1 PIOc_freedecomp Exit - MemInfo: [malloc] Maximum total allocated space:                     0 Byte
20220314 010613.674 INFO             PET1 PIOc_freedecomp Exit - MemInfo: [malloc] Space in freed fastbin blocks:                   480 Byte
20220314 010613.674 INFO             PET1 PIOc_freedecomp Exit - MemInfo: [malloc] Total allocated space:                        659680 Byte
20220314 010613.674 INFO             PET1 PIOc_freedecomp Exit - MemInfo: [malloc] Total free space:                             114464 Byte
20220314 010613.674 INFO             PET1 PIOc_freedecomp Exit - MemInfo: [malloc] Top-most, releasable space:                   112208 Byte
20220314 010613.674 INFO             PET1 PIOc_freedecomp Exit - MemInfo: [malloc] Total space in use, mmap + non-mmap:         3547360 Byte
20220314 010613.674 INFO             PET1 PIOc_freedecomp Exit - MemInfo: [malloc] Total space held (mmap + non-mmap):          3661824 Byte
20220314 010613.674 INFO             PET1 PIOc_freedecomp Exit - MemInfo: [malloc] Total space used (mmap + non-mmap):          3555568 Byte
20220314 010613.674 INFO             PET1 PIOc_freedecomp Exit - MemInfo: Wall-clock time since execution start:                2.79665 seconds
20220314 010613.674 INFO             PET1  PASS  ESMF_OutputWeightFile, ESMF_IOUTest.F90, line 81
20220314 010613.742 INFO             PET1  PASS  call ESMF_OutputWeightFile with empty factor list on four PETs, ESMF_IOUTest.F90, line 191
20220314 010613.742 INFO             PET1  Ending Test, file ESMF_IOUTest.F90, line 201
20220314 010613.743 INFO             PET1 Finalizing ESMF
20220314 010610.897 INFO             PET2 !!!!!!!!!!!!!!!!!!!!!!!!!!!!!!!!!!!!!!!!!!!!!!!!!!!!!!
20220314 010610.897 INFO             PET2 !!! THE ESMF_LOG IS SET TO OUTPUT ALL LOG MESSAGES !!!
20220314 010610.897 INFO             PET2 !!!     THIS MAY CAUSE SLOWDOWN IN PERFORMANCE     !!!
20220314 010610.897 INFO             PET2 !!! FOR PRODUCTION RUNS, USE:                      !!!
20220314 010610.897 INFO             PET2 !!!                   ESMF_LOGKIND_Multi_On_Error  !!!
20220314 010610.897 INFO             PET2 !!!!!!!!!!!!!!!!!!!!!!!!!!!!!!!!!!!!!!!!!!!!!!!!!!!!!!
20220314 010610.897 INFO             PET2 Running with ESMF Version   : v8.3.0b09-96-g559b459836
20220314 010610.897 INFO             PET2 ESMF library build date/time: "Mar 14 2022" "00:43:16"
20220314 010610.897 INFO             PET2 ESMF library build location : /lustre/f2/dev/ncep/Mark.Potts/intel_2019.5_mpi_O_jedwards_pio_update2
20220314 010610.897 INFO             PET2 ESMF_COMM                   : mpi
20220314 010610.898 INFO             PET2 ESMF_MOAB                   : enabled
20220314 010610.898 INFO             PET2 ESMF_LAPACK                 : enabled
20220314 010610.898 INFO             PET2 ESMF_NETCDF                 : enabled
20220314 010610.898 INFO             PET2 ESMF_PNETCDF                : disabled
20220314 010610.898 INFO             PET2 ESMF_PIO                    : enabled
20220314 010610.898 INFO             PET2 ESMF_YAMLCPP                : enabled
20220314 010610.910 INFO             PET2  Beginning Test, file ESMF_IOUTest.F90, line 57
20220314 010610.910 INFO             PET2  NUMBER_OF_PROCESSORS           4
20220314 010610.911 INFO             PET2 Starting Test:  ESMF_OutputWeightFile
20220314 010610.925 INFO             PET2 PIOc_sync Enter - MemInfo: [/proc/meminfo - SSI]	MemTotal:       65855856 kB
20220314 010610.925 INFO             PET2 PIOc_sync Enter - MemInfo: [/proc/meminfo - SSI]	MemFree:        61275932 kB
20220314 010610.925 INFO             PET2 PIOc_sync Enter - MemInfo: [/proc/meminfo - SSI]	MemAvailable:   61060756 kB
20220314 010610.925 INFO             PET2 PIOc_sync Enter - MemInfo: [/proc/meminfo - SSI]	Committed_AS:    2841584 kB
20220314 010610.925 INFO             PET2 PIOc_sync Enter - MemInfo: [/proc/meminfo - SSI]	CommittedPercent: 4.31485 %
20220314 010610.925 INFO             PET2 PIOc_sync Enter - MemInfo: [/proc/self/status]	VmPeak:	  218996 kB
20220314 010610.925 INFO             PET2 PIOc_sync Enter - MemInfo: [/proc/self/status]	VmSize:	  218996 kB
20220314 010610.925 INFO             PET2 PIOc_sync Enter - MemInfo: [/proc/self/status]	VmLck:	       0 kB
20220314 010610.925 INFO             PET2 PIOc_sync Enter - MemInfo: [/proc/self/status]	VmPin:	       0 kB
20220314 010610.925 INFO             PET2 PIOc_sync Enter - MemInfo: [/proc/self/status]	VmHWM:	   19596 kB
20220314 010610.925 INFO             PET2 PIOc_sync Enter - MemInfo: [/proc/self/status]	VmRSS:	   19596 kB
20220314 010610.925 INFO             PET2 PIOc_sync Enter - MemInfo: [/proc/self/status]	VmData:	   24512 kB
20220314 010610.925 INFO             PET2 PIOc_sync Enter - MemInfo: [/proc/self/status]	VmStk:	     508 kB
20220314 010610.925 INFO             PET2 PIOc_sync Enter - MemInfo: [/proc/self/status]	VmExe:	    1920 kB
20220314 010610.925 INFO             PET2 PIOc_sync Enter - MemInfo: [/proc/self/status]	VmLib:	   93984 kB
20220314 010610.925 INFO             PET2 PIOc_sync Enter - MemInfo: [/proc/self/status]	VmPTE:	     336 kB
20220314 010610.925 INFO             PET2 PIOc_sync Enter - MemInfo: [/proc/self/status]	VmPMD:	      12 kB
20220314 010610.925 INFO             PET2 PIOc_sync Enter - MemInfo: [/proc/self/status]	VmSwap:	       0 kB
20220314 010610.925 INFO             PET2 PIOc_sync Enter - MemInfo: [/proc/self/status]	VmRSSPercent: 0.0297559 %
20220314 010610.925 INFO             PET2 PIOc_sync Enter - MemInfo: [malloc] Non-mmapped space allocated:                  774144 Byte
20220314 010610.925 INFO             PET2 PIOc_sync Enter - MemInfo: [malloc] Space allocated in mmapped regions:          2887680 Byte
20220314 010610.925 INFO             PET2 PIOc_sync Enter - MemInfo: [malloc] Maximum total allocated space:                     0 Byte
20220314 010610.925 INFO             PET2 PIOc_sync Enter - MemInfo: [malloc] Space in freed fastbin blocks:                     0 Byte
20220314 010610.925 INFO             PET2 PIOc_sync Enter - MemInfo: [malloc] Total allocated space:                        653904 Byte
20220314 010610.925 INFO             PET2 PIOc_sync Enter - MemInfo: [malloc] Total free space:                             120240 Byte
20220314 010610.925 INFO             PET2 PIOc_sync Enter - MemInfo: [malloc] Top-most, releasable space:                   120240 Byte
20220314 010610.925 INFO             PET2 PIOc_sync Enter - MemInfo: [malloc] Total space in use, mmap + non-mmap:         3541584 Byte
20220314 010610.925 INFO             PET2 PIOc_sync Enter - MemInfo: [malloc] Total space held (mmap + non-mmap):          3661824 Byte
20220314 010610.925 INFO             PET2 PIOc_sync Enter - MemInfo: [malloc] Total space used (mmap + non-mmap):          3551200 Byte
20220314 010610.925 INFO             PET2 PIOc_sync Enter - MemInfo: Wall-clock time since execution start:              0.0480959 seconds
20220314 010613.665 INFO             PET2 PIOc_sync Exit - MemInfo: [/proc/meminfo - SSI]	MemTotal:       65855856 kB
20220314 010613.665 INFO             PET2 PIOc_sync Exit - MemInfo: [/proc/meminfo - SSI]	MemFree:        61273632 kB
20220314 010613.665 INFO             PET2 PIOc_sync Exit - MemInfo: [/proc/meminfo - SSI]	MemAvailable:   61059956 kB
20220314 010613.665 INFO             PET2 PIOc_sync Exit - MemInfo: [/proc/meminfo - SSI]	Committed_AS:    2841584 kB
20220314 010613.665 INFO             PET2 PIOc_sync Exit - MemInfo: [/proc/meminfo - SSI]	CommittedPercent: 4.31485 %
20220314 010613.665 INFO             PET2 PIOc_sync Exit - MemInfo: [/proc/self/status]	VmPeak:	  218996 kB
20220314 010613.665 INFO             PET2 PIOc_sync Exit - MemInfo: [/proc/self/status]	VmSize:	  218996 kB
20220314 010613.665 INFO             PET2 PIOc_sync Exit - MemInfo: [/proc/self/status]	VmLck:	       0 kB
20220314 010613.665 INFO             PET2 PIOc_sync Exit - MemInfo: [/proc/self/status]	VmPin:	       0 kB
20220314 010613.665 INFO             PET2 PIOc_sync Exit - MemInfo: [/proc/self/status]	VmHWM:	   19808 kB
20220314 010613.665 INFO             PET2 PIOc_sync Exit - MemInfo: [/proc/self/status]	VmRSS:	   19808 kB
20220314 010613.665 INFO             PET2 PIOc_sync Exit - MemInfo: [/proc/self/status]	VmData:	   24512 kB
20220314 010613.665 INFO             PET2 PIOc_sync Exit - MemInfo: [/proc/self/status]	VmStk:	     508 kB
20220314 010613.665 INFO             PET2 PIOc_sync Exit - MemInfo: [/proc/self/status]	VmExe:	    1920 kB
20220314 010613.665 INFO             PET2 PIOc_sync Exit - MemInfo: [/proc/self/status]	VmLib:	   93984 kB
20220314 010613.665 INFO             PET2 PIOc_sync Exit - MemInfo: [/proc/self/status]	VmPTE:	     336 kB
