build time -- 2022-03-12 23:46:11
20220313 000526.919 INFO             PET0 !!!!!!!!!!!!!!!!!!!!!!!!!!!!!!!!!!!!!!!!!!!!!!!!!!!!!!
20220313 000526.919 INFO             PET0 !!! THE ESMF_LOG IS SET TO OUTPUT ALL LOG MESSAGES !!!
20220313 000526.919 INFO             PET0 !!!     THIS MAY CAUSE SLOWDOWN IN PERFORMANCE     !!!
20220313 000526.919 INFO             PET0 !!! FOR PRODUCTION RUNS, USE:                      !!!
20220313 000526.919 INFO             PET0 !!!                   ESMF_LOGKIND_Multi_On_Error  !!!
20220313 000526.919 INFO             PET0 !!!!!!!!!!!!!!!!!!!!!!!!!!!!!!!!!!!!!!!!!!!!!!!!!!!!!!
20220313 000526.919 INFO             PET0 Running with ESMF Version   : v8.3.0b09-96-g559b459836
20220313 000526.919 INFO             PET0 ESMF library build date/time: "Mar 12 2022" "23:42:39"
20220313 000526.919 INFO             PET0 ESMF library build location : /lustre/f2/dev/ncep/Mark.Potts/intel_2019.5_mpi_O_jedwards_pio_update2
20220313 000526.919 INFO             PET0 ESMF_COMM                   : mpi
20220313 000526.920 INFO             PET0 ESMF_MOAB                   : enabled
20220313 000526.920 INFO             PET0 ESMF_LAPACK                 : enabled
20220313 000526.920 INFO             PET0 ESMF_NETCDF                 : enabled
20220313 000526.920 INFO             PET0 ESMF_PNETCDF                : disabled
20220313 000526.920 INFO             PET0 ESMF_PIO                    : enabled
20220313 000526.920 INFO             PET0 ESMF_YAMLCPP                : enabled
20220313 000526.920 INFO             PET0  Beginning Test, file ESMF_ArrayIOUTest.F90, line 103
20220313 000526.920 INFO             PET0  NUMBER_OF_PROCESSORS           6
20220313 000526.920 INFO             PET0  PASS  dstDistgrid Create Test, ESMF_ArrayIOUTest.F90, line 137
20220313 000526.920 INFO             PET0  PASS  Array Spec Set Test, ESMF_ArrayIOUTest.F90, line 145
20220313 000526.921 INFO             PET0  PASS  Array with Halo Create Test, ESMF_ArrayIOUTest.F90, line 160
20220313 000526.921 INFO             PET0  PASS  Array without Halo Create Test, ESMF_ArrayIOUTest.F90, line 170
20220313 000526.921 INFO             PET0  PASS  Accessing Fortran pointers for Arrays Test, ESMF_ArrayIOUTest.F90, line 225
20220313 000526.963 INFO             PET0 PIOc_sync Enter - MemInfo: [/proc/meminfo - SSI]	MemTotal:       65855856 kB
20220313 000526.963 INFO             PET0 PIOc_sync Enter - MemInfo: [/proc/meminfo - SSI]	MemFree:        61190984 kB
20220313 000526.963 INFO             PET0 PIOc_sync Enter - MemInfo: [/proc/meminfo - SSI]	MemAvailable:   60973896 kB
20220313 000526.963 INFO             PET0 PIOc_sync Enter - MemInfo: [/proc/meminfo - SSI]	Committed_AS:    2969680 kB
20220313 000526.963 INFO             PET0 PIOc_sync Enter - MemInfo: [/proc/meminfo - SSI]	CommittedPercent: 4.50936 %
20220313 000526.963 INFO             PET0 PIOc_sync Enter - MemInfo: [/proc/self/status]	VmPeak:	  238148 kB
20220313 000526.963 INFO             PET0 PIOc_sync Enter - MemInfo: [/proc/self/status]	VmSize:	  238148 kB
20220313 000526.963 INFO             PET0 PIOc_sync Enter - MemInfo: [/proc/self/status]	VmLck:	       0 kB
20220313 000526.963 INFO             PET0 PIOc_sync Enter - MemInfo: [/proc/self/status]	VmPin:	       0 kB
20220313 000526.963 INFO             PET0 PIOc_sync Enter - MemInfo: [/proc/self/status]	VmHWM:	   30164 kB
20220313 000526.963 INFO             PET0 PIOc_sync Enter - MemInfo: [/proc/self/status]	VmRSS:	   30164 kB
20220313 000526.963 INFO             PET0 PIOc_sync Enter - MemInfo: [/proc/self/status]	VmData:	   34348 kB
20220313 000526.963 INFO             PET0 PIOc_sync Enter - MemInfo: [/proc/self/status]	VmStk:	     508 kB
20220313 000526.963 INFO             PET0 PIOc_sync Enter - MemInfo: [/proc/self/status]	VmExe:	    1824 kB
20220313 000526.963 INFO             PET0 PIOc_sync Enter - MemInfo: [/proc/self/status]	VmLib:	   93984 kB
20220313 000526.963 INFO             PET0 PIOc_sync Enter - MemInfo: [/proc/self/status]	VmPTE:	     364 kB
20220313 000526.963 INFO             PET0 PIOc_sync Enter - MemInfo: [/proc/self/status]	VmPMD:	      12 kB
20220313 000526.963 INFO             PET0 PIOc_sync Enter - MemInfo: [/proc/self/status]	VmSwap:	       0 kB
20220313 000526.963 INFO             PET0 PIOc_sync Enter - MemInfo: [/proc/self/status]	VmRSSPercent: 0.0458031 %
20220313 000526.963 INFO             PET0 PIOc_sync Enter - MemInfo: [malloc] Non-mmapped space allocated:                 1064960 Byte
20220313 000526.963 INFO             PET0 PIOc_sync Enter - MemInfo: [malloc] Space allocated in mmapped regions:         12787712 Byte
20220313 000526.963 INFO             PET0 PIOc_sync Enter - MemInfo: [malloc] Maximum total allocated space:                     0 Byte
20220313 000526.963 INFO             PET0 PIOc_sync Enter - MemInfo: [malloc] Space in freed fastbin blocks:                     0 Byte
20220313 000526.963 INFO             PET0 PIOc_sync Enter - MemInfo: [malloc] Total allocated space:                       1035968 Byte
20220313 000526.963 INFO             PET0 PIOc_sync Enter - MemInfo: [malloc] Total free space:                              28992 Byte
20220313 000526.963 INFO             PET0 PIOc_sync Enter - MemInfo: [malloc] Top-most, releasable space:                     2928 Byte
20220313 000526.963 INFO             PET0 PIOc_sync Enter - MemInfo: [malloc] Total space in use, mmap + non-mmap:        13823680 Byte
20220313 000526.963 INFO             PET0 PIOc_sync Enter - MemInfo: [malloc] Total space held (mmap + non-mmap):         13852672 Byte
20220313 000526.963 INFO             PET0 PIOc_sync Enter - MemInfo: [malloc] Total space used (mmap + non-mmap):         13833296 Byte
20220313 000526.963 INFO             PET0 PIOc_sync Enter - MemInfo: Wall-clock time since execution start:              0.0784488 seconds
20220313 000528.421 INFO             PET0 PIOc_sync Exit - MemInfo: [/proc/meminfo - SSI]	MemTotal:       65855856 kB
20220313 000528.421 INFO             PET0 PIOc_sync Exit - MemInfo: [/proc/meminfo - SSI]	MemFree:        61189220 kB
20220313 000528.421 INFO             PET0 PIOc_sync Exit - MemInfo: [/proc/meminfo - SSI]	MemAvailable:   60973880 kB
20220313 000528.421 INFO             PET0 PIOc_sync Exit - MemInfo: [/proc/meminfo - SSI]	Committed_AS:    2969680 kB
20220313 000528.421 INFO             PET0 PIOc_sync Exit - MemInfo: [/proc/meminfo - SSI]	CommittedPercent: 4.50936 %
20220313 000528.421 INFO             PET0 PIOc_sync Exit - MemInfo: [/proc/self/status]	VmPeak:	  238664 kB
20220313 000528.421 INFO             PET0 PIOc_sync Exit - MemInfo: [/proc/self/status]	VmSize:	  238664 kB
20220313 000528.421 INFO             PET0 PIOc_sync Exit - MemInfo: [/proc/self/status]	VmLck:	       0 kB
20220313 000528.421 INFO             PET0 PIOc_sync Exit - MemInfo: [/proc/self/status]	VmPin:	       0 kB
20220313 000528.421 INFO             PET0 PIOc_sync Exit - MemInfo: [/proc/self/status]	VmHWM:	   30664 kB
20220313 000528.421 INFO             PET0 PIOc_sync Exit - MemInfo: [/proc/self/status]	VmRSS:	   30664 kB
20220313 000528.421 INFO             PET0 PIOc_sync Exit - MemInfo: [/proc/self/status]	VmData:	   34864 kB
20220313 000528.421 INFO             PET0 PIOc_sync Exit - MemInfo: [/proc/self/status]	VmStk:	     508 kB
20220313 000528.421 INFO             PET0 PIOc_sync Exit - MemInfo: [/proc/self/status]	VmExe:	    1824 kB
20220313 000528.421 INFO             PET0 PIOc_sync Exit - MemInfo: [/proc/self/status]	VmLib:	   93984 kB
20220313 000528.421 INFO             PET0 PIOc_sync Exit - MemInfo: [/proc/self/status]	VmPTE:	     372 kB
20220313 000528.421 INFO             PET0 PIOc_sync Exit - MemInfo: [/proc/self/status]	VmPMD:	      12 kB
20220313 000528.421 INFO             PET0 PIOc_sync Exit - MemInfo: [/proc/self/status]	VmSwap:	       0 kB
20220313 000528.421 INFO             PET0 PIOc_sync Exit - MemInfo: [/proc/self/status]	VmRSSPercent: 0.0465623 %
20220313 000528.421 INFO             PET0 PIOc_sync Exit - MemInfo: [malloc] Non-mmapped space allocated:                 1261568 Byte
20220313 000528.421 INFO             PET0 PIOc_sync Exit - MemInfo: [malloc] Space allocated in mmapped regions:         13119488 Byte
20220313 000528.421 INFO             PET0 PIOc_sync Exit - MemInfo: [malloc] Maximum total allocated space:                     0 Byte
20220313 000528.421 INFO             PET0 PIOc_sync Exit - MemInfo: [malloc] Space in freed fastbin blocks:                     0 Byte
20220313 000528.421 INFO             PET0 PIOc_sync Exit - MemInfo: [malloc] Total allocated space:                       1110144 Byte
20220313 000528.421 INFO             PET0 PIOc_sync Exit - MemInfo: [malloc] Total free space:                             151424 Byte
20220313 000528.421 INFO             PET0 PIOc_sync Exit - MemInfo: [malloc] Top-most, releasable space:                   133984 Byte
20220313 000528.421 INFO             PET0 PIOc_sync Exit - MemInfo: [malloc] Total space in use, mmap + non-mmap:        14229632 Byte
20220313 000528.421 INFO             PET0 PIOc_sync Exit - MemInfo: [malloc] Total space held (mmap + non-mmap):         14381056 Byte
20220313 000528.421 INFO             PET0 PIOc_sync Exit - MemInfo: [malloc] Total space used (mmap + non-mmap):         14238128 Byte
20220313 000528.421 INFO             PET0 PIOc_sync Exit - MemInfo: Wall-clock time since execution start:                1.53592 seconds
20220313 000528.421 INFO             PET0 PIOc_freedecomp Enter - MemInfo: [/proc/meminfo - SSI]	MemTotal:       65855856 kB
20220313 000528.421 INFO             PET0 PIOc_freedecomp Enter - MemInfo: [/proc/meminfo - SSI]	MemFree:        61196276 kB
20220313 000528.421 INFO             PET0 PIOc_freedecomp Enter - MemInfo: [/proc/meminfo - SSI]	MemAvailable:   60980936 kB
20220313 000528.421 INFO             PET0 PIOc_freedecomp Enter - MemInfo: [/proc/meminfo - SSI]	Committed_AS:    2962956 kB
20220313 000528.421 INFO             PET0 PIOc_freedecomp Enter - MemInfo: [/proc/meminfo - SSI]	CommittedPercent: 4.49915 %
20220313 000528.421 INFO             PET0 PIOc_freedecomp Enter - MemInfo: [/proc/self/status]	VmPeak:	  238664 kB
20220313 000528.421 INFO             PET0 PIOc_freedecomp Enter - MemInfo: [/proc/self/status]	VmSize:	  229952 kB
20220313 000528.421 INFO             PET0 PIOc_freedecomp Enter - MemInfo: [/proc/self/status]	VmLck:	       0 kB
20220313 000528.421 INFO             PET0 PIOc_freedecomp Enter - MemInfo: [/proc/self/status]	VmPin:	       0 kB
20220313 000528.421 INFO             PET0 PIOc_freedecomp Enter - MemInfo: [/proc/self/status]	VmHWM:	   30664 kB
20220313 000528.422 INFO             PET0 PIOc_freedecomp Enter - MemInfo: [/proc/self/status]	VmRSS:	   22576 kB
20220313 000528.422 INFO             PET0 PIOc_freedecomp Enter - MemInfo: [/proc/self/status]	VmData:	   26152 kB
20220313 000528.422 INFO             PET0 PIOc_freedecomp Enter - MemInfo: [/proc/self/status]	VmStk:	     508 kB
20220313 000528.422 INFO             PET0 PIOc_freedecomp Enter - MemInfo: [/proc/self/status]	VmExe:	    1824 kB
20220313 000528.422 INFO             PET0 PIOc_freedecomp Enter - MemInfo: [/proc/self/status]	VmLib:	   93984 kB
20220313 000528.422 INFO             PET0 PIOc_freedecomp Enter - MemInfo: [/proc/self/status]	VmPTE:	     360 kB
20220313 000528.422 INFO             PET0 PIOc_freedecomp Enter - MemInfo: [/proc/self/status]	VmPMD:	      12 kB
20220313 000528.422 INFO             PET0 PIOc_freedecomp Enter - MemInfo: [/proc/self/status]	VmSwap:	       0 kB
20220313 000528.422 INFO             PET0 PIOc_freedecomp Enter - MemInfo: [/proc/self/status]	VmRSSPercent: 0.0342809 %
20220313 000528.422 INFO             PET0 PIOc_freedecomp Enter - MemInfo: [malloc] Non-mmapped space allocated:                 1261568 Byte
20220313 000528.422 INFO             PET0 PIOc_freedecomp Enter - MemInfo: [malloc] Space allocated in mmapped regions:          4198400 Byte
20220313 000528.422 INFO             PET0 PIOc_freedecomp Enter - MemInfo: [malloc] Maximum total allocated space:                     0 Byte
20220313 000528.422 INFO             PET0 PIOc_freedecomp Enter - MemInfo: [malloc] Space in freed fastbin blocks:                   608 Byte
20220313 000528.422 INFO             PET0 PIOc_freedecomp Enter - MemInfo: [malloc] Total allocated space:                       1099664 Byte
20220313 000528.422 INFO             PET0 PIOc_freedecomp Enter - MemInfo: [malloc] Total free space:                             161904 Byte
20220313 000528.422 INFO             PET0 PIOc_freedecomp Enter - MemInfo: [malloc] Top-most, releasable space:                   133984 Byte
20220313 000528.422 INFO             PET0 PIOc_freedecomp Enter - MemInfo: [malloc] Total space in use, mmap + non-mmap:         5298064 Byte
20220313 000528.422 INFO             PET0 PIOc_freedecomp Enter - MemInfo: [malloc] Total space held (mmap + non-mmap):          5459968 Byte
20220313 000528.422 INFO             PET0 PIOc_freedecomp Enter - MemInfo: [malloc] Total space used (mmap + non-mmap):          5306384 Byte
20220313 000528.422 INFO             PET0 PIOc_freedecomp Enter - MemInfo: Wall-clock time since execution start:                1.53665 seconds
20220313 000528.422 INFO             PET0 PIOc_freedecomp Exit - MemInfo: [/proc/meminfo - SSI]	MemTotal:       65855856 kB
20220313 000528.422 INFO             PET0 PIOc_freedecomp Exit - MemInfo: [/proc/meminfo - SSI]	MemFree:        61196276 kB
20220313 000528.422 INFO             PET0 PIOc_freedecomp Exit - MemInfo: [/proc/meminfo - SSI]	MemAvailable:   60980936 kB
20220313 000528.422 INFO             PET0 PIOc_freedecomp Exit - MemInfo: [/proc/meminfo - SSI]	Committed_AS:    2962956 kB
20220313 000528.422 INFO             PET0 PIOc_freedecomp Exit - MemInfo: [/proc/meminfo - SSI]	CommittedPercent: 4.49915 %
20220313 000528.422 INFO             PET0 PIOc_freedecomp Exit - MemInfo: [/proc/self/status]	VmPeak:	  238664 kB
20220313 000528.422 INFO             PET0 PIOc_freedecomp Exit - MemInfo: [/proc/self/status]	VmSize:	  229952 kB
20220313 000528.422 INFO             PET0 PIOc_freedecomp Exit - MemInfo: [/proc/self/status]	VmLck:	       0 kB
20220313 000528.422 INFO             PET0 PIOc_freedecomp Exit - MemInfo: [/proc/self/status]	VmPin:	       0 kB
20220313 000528.422 INFO             PET0 PIOc_freedecomp Exit - MemInfo: [/proc/self/status]	VmHWM:	   30664 kB
20220313 000528.422 INFO             PET0 PIOc_freedecomp Exit - MemInfo: [/proc/self/status]	VmRSS:	   22576 kB
20220313 000528.422 INFO             PET0 PIOc_freedecomp Exit - MemInfo: [/proc/self/status]	VmData:	   26152 kB
20220313 000528.422 INFO             PET0 PIOc_freedecomp Exit - MemInfo: [/proc/self/status]	VmStk:	     508 kB
20220313 000528.422 INFO             PET0 PIOc_freedecomp Exit - MemInfo: [/proc/self/status]	VmExe:	    1824 kB
20220313 000528.422 INFO             PET0 PIOc_freedecomp Exit - MemInfo: [/proc/self/status]	VmLib:	   93984 kB
20220313 000528.422 INFO             PET0 PIOc_freedecomp Exit - MemInfo: [/proc/self/status]	VmPTE:	     360 kB
20220313 000528.422 INFO             PET0 PIOc_freedecomp Exit - MemInfo: [/proc/self/status]	VmPMD:	      12 kB
20220313 000528.422 INFO             PET0 PIOc_freedecomp Exit - MemInfo: [/proc/self/status]	VmSwap:	       0 kB
20220313 000528.422 INFO             PET0 PIOc_freedecomp Exit - MemInfo: [/proc/self/status]	VmRSSPercent: 0.0342809 %
20220313 000528.422 INFO             PET0 PIOc_freedecomp Exit - MemInfo: [malloc] Non-mmapped space allocated:                 1261568 Byte
20220313 000528.422 INFO             PET0 PIOc_freedecomp Exit - MemInfo: [malloc] Space allocated in mmapped regions:          4198400 Byte
20220313 000528.422 INFO             PET0 PIOc_freedecomp Exit - MemInfo: [malloc] Maximum total allocated space:                     0 Byte
20220313 000528.422 INFO             PET0 PIOc_freedecomp Exit - MemInfo: [malloc] Space in freed fastbin blocks:                   160 Byte
20220313 000528.422 INFO             PET0 PIOc_freedecomp Exit - MemInfo: [malloc] Total allocated space:                       1086688 Byte
20220313 000528.422 INFO             PET0 PIOc_freedecomp Exit - MemInfo: [malloc] Total free space:                             174880 Byte
20220313 000528.422 INFO             PET0 PIOc_freedecomp Exit - MemInfo: [malloc] Top-most, releasable space:                   133984 Byte
20220313 000528.422 INFO             PET0 PIOc_freedecomp Exit - MemInfo: [malloc] Total space in use, mmap + non-mmap:         5285088 Byte
20220313 000528.422 INFO             PET0 PIOc_freedecomp Exit - MemInfo: [malloc] Total space held (mmap + non-mmap):          5459968 Byte
20220313 000528.422 INFO             PET0 PIOc_freedecomp Exit - MemInfo: [malloc] Total space used (mmap + non-mmap):          5293520 Byte
20220313 000528.422 INFO             PET0 PIOc_freedecomp Exit - MemInfo: Wall-clock time since execution start:                1.53691 seconds
20220313 000528.422 INFO             PET0  PASS  Write ESMF_Array with Halo to NetCDF Test, ESMF_ArrayIOUTest.F90, line 236
20220313 000528.423 WARNING          PET0 ESMCI_PIO_Handler.C:1319 ESMCI::PIO_Handler::open()  Unable to create file: file3D_withhalo.nc, (PIO/NetCDF error = NetCDF: File exists && NC_NOCLOBBER)
20220313 000528.423 ERROR            PET0 ESMCI_PIO_Handler.C:779 ESMCI::PIO_Handler::arrayWrite() Unable to read from file  - file not open
20220313 000528.423 ERROR            PET0 ESMCI_IO.C:736 ESMCI::IO::write() Unable to read from file  - Internal subroutine call returned Error
20220313 000528.423 ERROR            PET0 ESMCI_IO.C:956 ESMCI::IO::close() Unable to close file  - Internal subroutine call returned Error
20220313 000528.423 ERROR            PET0 ESMCI_IO.C:494 ESMCI::IO::write() Unable to read from file  - Internal subroutine call returned Error
20220313 000528.423 ERROR            PET0 ESMCI_Array.C:4093 ESMCI::Array::write() Unable to write to file  - Internal subroutine call returned Error
20220313 000528.423 ERROR            PET0 ESMCI_Array_F.C:801 c_esmc_arraywrite() Unable to write to file  - Internal subroutine call returned Error
20220313 000528.423 ERROR            PET0 ESMF_Array.F90:3994 ESMF_ArrayWrite Unable to write to file  - Internal subroutine call returned Error
20220313 000528.423 INFO             PET0  PASS  Write ESMF_Array with Halo Test overwrite test, ESMF_ArrayIOUTest.F90, line 250
20220313 000528.423 ERROR            PET0 ESMCI_IO_Handler.C:164 ESMCI::IO_Handler::create() Unknown I/O Format
20220313 000528.423 ERROR            PET0 ESMCI_IO.C:469 ESMCI::IO::write() Invalid argument  - Internal subroutine call returned Error
20220313 000528.423 ERROR            PET0 ESMCI_Array.C:4093 ESMCI::Array::write() Invalid argument  - Internal subroutine call returned Error
20220313 000528.423 ERROR            PET0 ESMCI_Array_F.C:801 c_esmc_arraywrite() Invalid argument  - Internal subroutine call returned Error
20220313 000528.423 ERROR            PET0 ESMF_Array.F90:3994 ESMF_ArrayWrite Invalid argument  - Internal subroutine call returned Error
20220313 000528.423 INFO             PET0  PASS  Write ESMF_Array with Halo to binary Test, ESMF_ArrayIOUTest.F90, line 264
20220313 000528.447 INFO             PET0 PIOc_sync Enter - MemInfo: [/proc/meminfo - SSI]	MemTotal:       65855856 kB
20220313 000528.447 INFO             PET0 PIOc_sync Enter - MemInfo: [/proc/meminfo - SSI]	MemFree:        61188716 kB
20220313 000528.447 INFO             PET0 PIOc_sync Enter - MemInfo: [/proc/meminfo - SSI]	MemAvailable:   60973376 kB
20220313 000528.447 INFO             PET0 PIOc_sync Enter - MemInfo: [/proc/meminfo - SSI]	Committed_AS:    2971148 kB
20220313 000528.447 INFO             PET0 PIOc_sync Enter - MemInfo: [/proc/meminfo - SSI]	CommittedPercent: 4.51159 %
20220313 000528.447 INFO             PET0 PIOc_sync Enter - MemInfo: [/proc/self/status]	VmPeak:	  238664 kB
20220313 000528.447 INFO             PET0 PIOc_sync Enter - MemInfo: [/proc/self/status]	VmSize:	  238656 kB
20220313 000528.447 INFO             PET0 PIOc_sync Enter - MemInfo: [/proc/self/status]	VmLck:	       0 kB
20220313 000528.447 INFO             PET0 PIOc_sync Enter - MemInfo: [/proc/self/status]	VmPin:	       0 kB
20220313 000528.447 INFO             PET0 PIOc_sync Enter - MemInfo: [/proc/self/status]	VmHWM:	   31124 kB
20220313 000528.447 INFO             PET0 PIOc_sync Enter - MemInfo: [/proc/self/status]	VmRSS:	   31124 kB
20220313 000528.447 INFO             PET0 PIOc_sync Enter - MemInfo: [/proc/self/status]	VmData:	   34856 kB
20220313 000528.447 INFO             PET0 PIOc_sync Enter - MemInfo: [/proc/self/status]	VmStk:	     508 kB
20220313 000528.447 INFO             PET0 PIOc_sync Enter - MemInfo: [/proc/self/status]	VmExe:	    1824 kB
20220313 000528.447 INFO             PET0 PIOc_sync Enter - MemInfo: [/proc/self/status]	VmLib:	   93984 kB
20220313 000528.447 INFO             PET0 PIOc_sync Enter - MemInfo: [/proc/self/status]	VmPTE:	     376 kB
20220313 000528.447 INFO             PET0 PIOc_sync Enter - MemInfo: [/proc/self/status]	VmPMD:	      12 kB
20220313 000528.447 INFO             PET0 PIOc_sync Enter - MemInfo: [/proc/self/status]	VmSwap:	       0 kB
20220313 000528.447 INFO             PET0 PIOc_sync Enter - MemInfo: [/proc/self/status]	VmRSSPercent: 0.0472608 %
20220313 000528.447 INFO             PET0 PIOc_sync Enter - MemInfo: [malloc] Non-mmapped space allocated:                10174464 Byte
20220313 000528.447 INFO             PET0 PIOc_sync Enter - MemInfo: [malloc] Space allocated in mmapped regions:          4198400 Byte
20220313 000528.447 INFO             PET0 PIOc_sync Enter - MemInfo: [malloc] Maximum total allocated space:                     0 Byte
20220313 000528.447 INFO             PET0 PIOc_sync Enter - MemInfo: [malloc] Space in freed fastbin blocks:                     0 Byte
20220313 000528.447 INFO             PET0 PIOc_sync Enter - MemInfo: [malloc] Total allocated space:                      10016944 Byte
20220313 000528.447 INFO             PET0 PIOc_sync Enter - MemInfo: [malloc] Total free space:                             157520 Byte
20220313 000528.447 INFO             PET0 PIOc_sync Enter - MemInfo: [malloc] Top-most, releasable space:                   133952 Byte
20220313 000528.447 INFO             PET0 PIOc_sync Enter - MemInfo: [malloc] Total space in use, mmap + non-mmap:        14215344 Byte
20220313 000528.447 INFO             PET0 PIOc_sync Enter - MemInfo: [malloc] Total space held (mmap + non-mmap):         14372864 Byte
20220313 000528.447 INFO             PET0 PIOc_sync Enter - MemInfo: [malloc] Total space used (mmap + non-mmap):         14223664 Byte
20220313 000528.447 INFO             PET0 PIOc_sync Enter - MemInfo: Wall-clock time since execution start:                1.56229 seconds
20220313 000528.447 INFO             PET0 PIOc_sync Exit - MemInfo: [/proc/meminfo - SSI]	MemTotal:       65855856 kB
20220313 000528.447 INFO             PET0 PIOc_sync Exit - MemInfo: [/proc/meminfo - SSI]	MemFree:        61188716 kB
20220313 000528.447 INFO             PET0 PIOc_sync Exit - MemInfo: [/proc/meminfo - SSI]	MemAvailable:   60973376 kB
20220313 000528.447 INFO             PET0 PIOc_sync Exit - MemInfo: [/proc/meminfo - SSI]	Committed_AS:    2971148 kB
20220313 000528.447 INFO             PET0 PIOc_sync Exit - MemInfo: [/proc/meminfo - SSI]	CommittedPercent: 4.51159 %
20220313 000528.447 INFO             PET0 PIOc_sync Exit - MemInfo: [/proc/self/status]	VmPeak:	  238664 kB
20220313 000528.447 INFO             PET0 PIOc_sync Exit - MemInfo: [/proc/self/status]	VmSize:	  238656 kB
20220313 000528.447 INFO             PET0 PIOc_sync Exit - MemInfo: [/proc/self/status]	VmLck:	       0 kB
20220313 000528.447 INFO             PET0 PIOc_sync Exit - MemInfo: [/proc/self/status]	VmPin:	       0 kB
20220313 000528.447 INFO             PET0 PIOc_sync Exit - MemInfo: [/proc/self/status]	VmHWM:	   31124 kB
20220313 000528.448 INFO             PET0 PIOc_sync Exit - MemInfo: [/proc/self/status]	VmRSS:	   31124 kB
20220313 000528.448 INFO             PET0 PIOc_sync Exit - MemInfo: [/proc/self/status]	VmData:	   34856 kB
20220313 000528.448 INFO             PET0 PIOc_sync Exit - MemInfo: [/proc/self/status]	VmStk:	     508 kB
20220313 000528.448 INFO             PET0 PIOc_sync Exit - MemInfo: [/proc/self/status]	VmExe:	    1824 kB
20220313 000528.448 INFO             PET0 PIOc_sync Exit - MemInfo: [/proc/self/status]	VmLib:	   93984 kB
20220313 000528.448 INFO             PET0 PIOc_sync Exit - MemInfo: [/proc/self/status]	VmPTE:	     384 kB
20220313 000528.448 INFO             PET0 PIOc_sync Exit - MemInfo: [/proc/self/status]	VmPMD:	      12 kB
20220313 000528.448 INFO             PET0 PIOc_sync Exit - MemInfo: [/proc/self/status]	VmSwap:	       0 kB
20220313 000528.448 INFO             PET0 PIOc_sync Exit - MemInfo: [/proc/self/status]	VmRSSPercent: 0.0472608 %
20220313 000528.448 INFO             PET0 PIOc_sync Exit - MemInfo: [malloc] Non-mmapped space allocated:                10174464 Byte
20220313 000528.448 INFO             PET0 PIOc_sync Exit - MemInfo: [malloc] Space allocated in mmapped regions:          4198400 Byte
20220313 000528.448 INFO             PET0 PIOc_sync Exit - MemInfo: [malloc] Maximum total allocated space:                     0 Byte
20220313 000528.448 INFO             PET0 PIOc_sync Exit - MemInfo: [malloc] Space in freed fastbin blocks:                    96 Byte
20220313 000528.448 INFO             PET0 PIOc_sync Exit - MemInfo: [malloc] Total allocated space:                      10018160 Byte
20220313 000528.448 INFO             PET0 PIOc_sync Exit - MemInfo: [malloc] Total free space:                             156304 Byte
20220313 000528.448 INFO             PET0 PIOc_sync Exit - MemInfo: [malloc] Top-most, releasable space:                   133952 Byte
20220313 000528.448 INFO             PET0 PIOc_sync Exit - MemInfo: [malloc] Total space in use, mmap + non-mmap:        14216560 Byte
20220313 000528.448 INFO             PET0 PIOc_sync Exit - MemInfo: [malloc] Total space held (mmap + non-mmap):         14372864 Byte
20220313 000528.448 INFO             PET0 PIOc_sync Exit - MemInfo: [malloc] Total space used (mmap + non-mmap):         14224880 Byte
20220313 000528.448 INFO             PET0 PIOc_sync Exit - MemInfo: Wall-clock time since execution start:                1.56265 seconds
20220313 000528.448 INFO             PET0 PIOc_freedecomp Enter - MemInfo: [/proc/meminfo - SSI]	MemTotal:       65855856 kB
20220313 000528.448 INFO             PET0 PIOc_freedecomp Enter - MemInfo: [/proc/meminfo - SSI]	MemFree:        61188716 kB
20220313 000528.448 INFO             PET0 PIOc_freedecomp Enter - MemInfo: [/proc/meminfo - SSI]	MemAvailable:   60973376 kB
20220313 000528.448 INFO             PET0 PIOc_freedecomp Enter - MemInfo: [/proc/meminfo - SSI]	Committed_AS:    2971148 kB
20220313 000528.448 INFO             PET0 PIOc_freedecomp Enter - MemInfo: [/proc/meminfo - SSI]	CommittedPercent: 4.51159 %
20220313 000528.448 INFO             PET0 PIOc_freedecomp Enter - MemInfo: [/proc/self/status]	VmPeak:	  238664 kB
20220313 000528.448 INFO             PET0 PIOc_freedecomp Enter - MemInfo: [/proc/self/status]	VmSize:	  238656 kB
20220313 000528.448 INFO             PET0 PIOc_freedecomp Enter - MemInfo: [/proc/self/status]	VmLck:	       0 kB
20220313 000528.448 INFO             PET0 PIOc_freedecomp Enter - MemInfo: [/proc/self/status]	VmPin:	       0 kB
20220313 000528.448 INFO             PET0 PIOc_freedecomp Enter - MemInfo: [/proc/self/status]	VmHWM:	   31124 kB
20220313 000528.448 INFO             PET0 PIOc_freedecomp Enter - MemInfo: [/proc/self/status]	VmRSS:	   31124 kB
20220313 000528.448 INFO             PET0 PIOc_freedecomp Enter - MemInfo: [/proc/self/status]	VmData:	   34856 kB
20220313 000528.448 INFO             PET0 PIOc_freedecomp Enter - MemInfo: [/proc/self/status]	VmStk:	     508 kB
20220313 000528.448 INFO             PET0 PIOc_freedecomp Enter - MemInfo: [/proc/self/status]	VmExe:	    1824 kB
20220313 000528.448 INFO             PET0 PIOc_freedecomp Enter - MemInfo: [/proc/self/status]	VmLib:	   93984 kB
20220313 000528.448 INFO             PET0 PIOc_freedecomp Enter - MemInfo: [/proc/self/status]	VmPTE:	     384 kB
20220313 000528.448 INFO             PET0 PIOc_freedecomp Enter - MemInfo: [/proc/self/status]	VmPMD:	      12 kB
20220313 000528.448 INFO             PET0 PIOc_freedecomp Enter - MemInfo: [/proc/self/status]	VmSwap:	       0 kB
20220313 000528.448 INFO             PET0 PIOc_freedecomp Enter - MemInfo: [/proc/self/status]	VmRSSPercent: 0.0472608 %
20220313 000528.448 INFO             PET0 PIOc_freedecomp Enter - MemInfo: [malloc] Non-mmapped space allocated:                10174464 Byte
20220313 000528.448 INFO             PET0 PIOc_freedecomp Enter - MemInfo: [malloc] Space allocated in mmapped regions:          4198400 Byte
20220313 000528.448 INFO             PET0 PIOc_freedecomp Enter - MemInfo: [malloc] Maximum total allocated space:                     0 Byte
20220313 000528.448 INFO             PET0 PIOc_freedecomp Enter - MemInfo: [malloc] Space in freed fastbin blocks:                   160 Byte
20220313 000528.448 INFO             PET0 PIOc_freedecomp Enter - MemInfo: [malloc] Total allocated space:                       1094256 Byte
20220313 000528.448 INFO             PET0 PIOc_freedecomp Enter - MemInfo: [malloc] Total free space:                            9080208 Byte
20220313 000528.448 INFO             PET0 PIOc_freedecomp Enter - MemInfo: [malloc] Top-most, releasable space:                  9046880 Byte
20220313 000528.448 INFO             PET0 PIOc_freedecomp Enter - MemInfo: [malloc] Total space in use, mmap + non-mmap:         5292656 Byte
20220313 000528.448 INFO             PET0 PIOc_freedecomp Enter - MemInfo: [malloc] Total space held (mmap + non-mmap):         14372864 Byte
20220313 000528.448 INFO             PET0 PIOc_freedecomp Enter - MemInfo: [malloc] Total space used (mmap + non-mmap):          5300864 Byte
20220313 000528.448 INFO             PET0 PIOc_freedecomp Enter - MemInfo: Wall-clock time since execution start:                1.56314 seconds
20220313 000528.448 INFO             PET0 PIOc_freedecomp Exit - MemInfo: [/proc/meminfo - SSI]	MemTotal:       65855856 kB
20220313 000528.448 INFO             PET0 PIOc_freedecomp Exit - MemInfo: [/proc/meminfo - SSI]	MemFree:        61188716 kB
20220313 000528.448 INFO             PET0 PIOc_freedecomp Exit - MemInfo: [/proc/meminfo - SSI]	MemAvailable:   60973376 kB
20220313 000528.448 INFO             PET0 PIOc_freedecomp Exit - MemInfo: [/proc/meminfo - SSI]	Committed_AS:    2971148 kB
20220313 000528.448 INFO             PET0 PIOc_freedecomp Exit - MemInfo: [/proc/meminfo - SSI]	CommittedPercent: 4.51159 %
20220313 000528.448 INFO             PET0 PIOc_freedecomp Exit - MemInfo: [/proc/self/status]	VmPeak:	  238664 kB
20220313 000528.448 INFO             PET0 PIOc_freedecomp Exit - MemInfo: [/proc/self/status]	VmSize:	  238656 kB
20220313 000528.448 INFO             PET0 PIOc_freedecomp Exit - MemInfo: [/proc/self/status]	VmLck:	       0 kB
20220313 000528.448 INFO             PET0 PIOc_freedecomp Exit - MemInfo: [/proc/self/status]	VmPin:	       0 kB
20220313 000528.448 INFO             PET0 PIOc_freedecomp Exit - MemInfo: [/proc/self/status]	VmHWM:	   31124 kB
20220313 000528.448 INFO             PET0 PIOc_freedecomp Exit - MemInfo: [/proc/self/status]	VmRSS:	   31124 kB
20220313 000528.448 INFO             PET0 PIOc_freedecomp Exit - MemInfo: [/proc/self/status]	VmData:	   34856 kB
20220313 000528.448 INFO             PET0 PIOc_freedecomp Exit - MemInfo: [/proc/self/status]	VmStk:	     508 kB
20220313 000528.448 INFO             PET0 PIOc_freedecomp Exit - MemInfo: [/proc/self/status]	VmExe:	    1824 kB
20220313 000528.448 INFO             PET0 PIOc_freedecomp Exit - MemInfo: [/proc/self/status]	VmLib:	   93984 kB
20220313 000528.448 INFO             PET0 PIOc_freedecomp Exit - MemInfo: [/proc/self/status]	VmPTE:	     384 kB
20220313 000528.448 INFO             PET0 PIOc_freedecomp Exit - MemInfo: [/proc/self/status]	VmPMD:	      12 kB
20220313 000528.448 INFO             PET0 PIOc_freedecomp Exit - MemInfo: [/proc/self/status]	VmSwap:	       0 kB
20220313 000528.448 INFO             PET0 PIOc_freedecomp Exit - MemInfo: [/proc/self/status]	VmRSSPercent: 0.0472608 %
20220313 000528.448 INFO             PET0 PIOc_freedecomp Exit - MemInfo: [malloc] Non-mmapped space allocated:                10174464 Byte
20220313 000528.448 INFO             PET0 PIOc_freedecomp Exit - MemInfo: [malloc] Space allocated in mmapped regions:          4198400 Byte
20220313 000528.448 INFO             PET0 PIOc_freedecomp Exit - MemInfo: [malloc] Maximum total allocated space:                     0 Byte
20220313 000528.448 INFO             PET0 PIOc_freedecomp Exit - MemInfo: [malloc] Space in freed fastbin blocks:                   592 Byte
20220313 000528.448 INFO             PET0 PIOc_freedecomp Exit - MemInfo: [malloc] Total allocated space:                       1093344 Byte
20220313 000528.448 INFO             PET0 PIOc_freedecomp Exit - MemInfo: [malloc] Total free space:                            9081120 Byte
20220313 000528.448 INFO             PET0 PIOc_freedecomp Exit - MemInfo: [malloc] Top-most, releasable space:                  9046880 Byte
20220313 000528.448 INFO             PET0 PIOc_freedecomp Exit - MemInfo: [malloc] Total space in use, mmap + non-mmap:         5291744 Byte
20220313 000528.448 INFO             PET0 PIOc_freedecomp Exit - MemInfo: [malloc] Total space held (mmap + non-mmap):         14372864 Byte
20220313 000528.448 INFO             PET0 PIOc_freedecomp Exit - MemInfo: [malloc] Total space used (mmap + non-mmap):          5299952 Byte
20220313 000528.448 INFO             PET0 PIOc_freedecomp Exit - MemInfo: Wall-clock time since execution start:                1.56341 seconds
20220313 000528.448 INFO             PET0  PASS  Write ESMF_Array without Halo to NetCDF Test, ESMF_ArrayIOUTest.F90, line 274
20220313 000528.449 INFO             PET0  PASS  Create Array without Halo for PIO Read, ESMF_ArrayIOUTest.F90, line 288
20220313 000528.449 INFO             PET0  PASS  Create Array with Halo for PIO Read, ESMF_ArrayIOUTest.F90, line 299
20220313 000528.449 INFO             PET0  PASS  Create Array with Halo for PIO Read, ESMF_ArrayIOUTest.F90, line 309
20220313 000528.450 WARNING          PET0 ESMCI_PIO_Handler.C:1344 ESMCI::PIO_Handler::open()  Unable to set fill on file: file3D_wouthalo.nc, (PIO/NetCDF error = NetCDF: Write to read only)
20220313 000528.451 INFO             PET0 PIOc_sync Enter - MemInfo: [/proc/meminfo - SSI]	MemTotal:       65855856 kB
20220313 000528.451 INFO             PET0 PIOc_sync Enter - MemInfo: [/proc/meminfo - SSI]	MemFree:        61188716 kB
20220313 000528.451 INFO             PET0 PIOc_sync Enter - MemInfo: [/proc/meminfo - SSI]	MemAvailable:   60973376 kB
20220313 000528.451 INFO             PET0 PIOc_sync Enter - MemInfo: [/proc/meminfo - SSI]	Committed_AS:    2971148 kB
20220313 000528.451 INFO             PET0 PIOc_sync Enter - MemInfo: [/proc/meminfo - SSI]	CommittedPercent: 4.51159 %
20220313 000528.451 INFO             PET0 PIOc_sync Enter - MemInfo: [/proc/self/status]	VmPeak:	  238664 kB
20220313 000528.451 INFO             PET0 PIOc_sync Enter - MemInfo: [/proc/self/status]	VmSize:	  238596 kB
20220313 000528.451 INFO             PET0 PIOc_sync Enter - MemInfo: [/proc/self/status]	VmLck:	       0 kB
20220313 000528.451 INFO             PET0 PIOc_sync Enter - MemInfo: [/proc/self/status]	VmPin:	       0 kB
20220313 000528.451 INFO             PET0 PIOc_sync Enter - MemInfo: [/proc/self/status]	VmHWM:	   31324 kB
20220313 000528.451 INFO             PET0 PIOc_sync Enter - MemInfo: [/proc/self/status]	VmRSS:	   31284 kB
20220313 000528.451 INFO             PET0 PIOc_sync Enter - MemInfo: [/proc/self/status]	VmData:	   34856 kB
20220313 000528.451 INFO             PET0 PIOc_sync Enter - MemInfo: [/proc/self/status]	VmStk:	     508 kB
20220313 000528.451 INFO             PET0 PIOc_sync Enter - MemInfo: [/proc/self/status]	VmExe:	    1824 kB
20220313 000528.451 INFO             PET0 PIOc_sync Enter - MemInfo: [/proc/self/status]	VmLib:	   93984 kB
20220313 000528.451 INFO             PET0 PIOc_sync Enter - MemInfo: [/proc/self/status]	VmPTE:	     384 kB
20220313 000528.451 INFO             PET0 PIOc_sync Enter - MemInfo: [/proc/self/status]	VmPMD:	      12 kB
20220313 000528.451 INFO             PET0 PIOc_sync Enter - MemInfo: [/proc/self/status]	VmSwap:	       0 kB
20220313 000528.451 INFO             PET0 PIOc_sync Enter - MemInfo: [/proc/self/status]	VmRSSPercent: 0.0475037 %
20220313 000528.451 INFO             PET0 PIOc_sync Enter - MemInfo: [malloc] Non-mmapped space allocated:                10174464 Byte
20220313 000528.451 INFO             PET0 PIOc_sync Enter - MemInfo: [malloc] Space allocated in mmapped regions:          4198400 Byte
20220313 000528.451 INFO             PET0 PIOc_sync Enter - MemInfo: [malloc] Maximum total allocated space:                     0 Byte
20220313 000528.451 INFO             PET0 PIOc_sync Enter - MemInfo: [malloc] Space in freed fastbin blocks:                     0 Byte
20220313 000528.451 INFO             PET0 PIOc_sync Enter - MemInfo: [malloc] Total allocated space:                      10051616 Byte
20220313 000528.451 INFO             PET0 PIOc_sync Enter - MemInfo: [malloc] Total free space:                             122848 Byte
20220313 000528.451 INFO             PET0 PIOc_sync Enter - MemInfo: [malloc] Top-most, releasable space:                   120496 Byte
20220313 000528.451 INFO             PET0 PIOc_sync Enter - MemInfo: [malloc] Total space in use, mmap + non-mmap:        14250016 Byte
20220313 000528.451 INFO             PET0 PIOc_sync Enter - MemInfo: [malloc] Total space held (mmap + non-mmap):         14372864 Byte
20220313 000528.451 INFO             PET0 PIOc_sync Enter - MemInfo: [malloc] Total space used (mmap + non-mmap):         14258336 Byte
20220313 000528.451 INFO             PET0 PIOc_sync Enter - MemInfo: Wall-clock time since execution start:                1.56584 seconds
20220313 000528.451 INFO             PET0 PIOc_sync Exit - MemInfo: [/proc/meminfo - SSI]	MemTotal:       65855856 kB
20220313 000528.451 INFO             PET0 PIOc_sync Exit - MemInfo: [/proc/meminfo - SSI]	MemFree:        61188716 kB
20220313 000528.451 INFO             PET0 PIOc_sync Exit - MemInfo: [/proc/meminfo - SSI]	MemAvailable:   60973376 kB
20220313 000528.451 INFO             PET0 PIOc_sync Exit - MemInfo: [/proc/meminfo - SSI]	Committed_AS:    2971148 kB
20220313 000528.451 INFO             PET0 PIOc_sync Exit - MemInfo: [/proc/meminfo - SSI]	CommittedPercent: 4.51159 %
20220313 000528.451 INFO             PET0 PIOc_sync Exit - MemInfo: [/proc/self/status]	VmPeak:	  238664 kB
20220313 000528.451 INFO             PET0 PIOc_sync Exit - MemInfo: [/proc/self/status]	VmSize:	  238596 kB
20220313 000528.451 INFO             PET0 PIOc_sync Exit - MemInfo: [/proc/self/status]	VmLck:	       0 kB
20220313 000528.451 INFO             PET0 PIOc_sync Exit - MemInfo: [/proc/self/status]	VmPin:	       0 kB
20220313 000528.451 INFO             PET0 PIOc_sync Exit - MemInfo: [/proc/self/status]	VmHWM:	   31324 kB
20220313 000528.451 INFO             PET0 PIOc_sync Exit - MemInfo: [/proc/self/status]	VmRSS:	   31284 kB
20220313 000528.451 INFO             PET0 PIOc_sync Exit - MemInfo: [/proc/self/status]	VmData:	   34856 kB
20220313 000528.451 INFO             PET0 PIOc_sync Exit - MemInfo: [/proc/self/status]	VmStk:	     508 kB
20220313 000528.451 INFO             PET0 PIOc_sync Exit - MemInfo: [/proc/self/status]	VmExe:	    1824 kB
20220313 000528.451 INFO             PET0 PIOc_sync Exit - MemInfo: [/proc/self/status]	VmLib:	   93984 kB
20220313 000528.451 INFO             PET0 PIOc_sync Exit - MemInfo: [/proc/self/status]	VmPTE:	     384 kB
20220313 000528.451 INFO             PET0 PIOc_sync Exit - MemInfo: [/proc/self/status]	VmPMD:	      12 kB
20220313 000528.451 INFO             PET0 PIOc_sync Exit - MemInfo: [/proc/self/status]	VmSwap:	       0 kB
20220313 000528.451 INFO             PET0 PIOc_sync Exit - MemInfo: [/proc/self/status]	VmRSSPercent: 0.0475037 %
20220313 000528.451 INFO             PET0 PIOc_sync Exit - MemInfo: [malloc] Non-mmapped space allocated:                10174464 Byte
20220313 000528.451 INFO             PET0 PIOc_sync Exit - MemInfo: [malloc] Space allocated in mmapped regions:          4198400 Byte
20220313 000528.451 INFO             PET0 PIOc_sync Exit - MemInfo: [malloc] Maximum total allocated space:                     0 Byte
20220313 000528.451 INFO             PET0 PIOc_sync Exit - MemInfo: [malloc] Space in freed fastbin blocks:                     0 Byte
20220313 000528.451 INFO             PET0 PIOc_sync Exit - MemInfo: [malloc] Total allocated space:                      10051728 Byte
20220313 000528.451 INFO             PET0 PIOc_sync Exit - MemInfo: [malloc] Total free space:                             122736 Byte
20220313 000528.451 INFO             PET0 PIOc_sync Exit - MemInfo: [malloc] Top-most, releasable space:                   120272 Byte
20220313 000528.451 INFO             PET0 PIOc_sync Exit - MemInfo: [malloc] Total space in use, mmap + non-mmap:        14250128 Byte
20220313 000528.451 INFO             PET0 PIOc_sync Exit - MemInfo: [malloc] Total space held (mmap + non-mmap):         14372864 Byte
20220313 000528.451 INFO             PET0 PIOc_sync Exit - MemInfo: [malloc] Total space used (mmap + non-mmap):         14258336 Byte
20220313 000528.451 INFO             PET0 PIOc_sync Exit - MemInfo: Wall-clock time since execution start:                1.56612 seconds
20220313 000528.451 INFO             PET0 PIOc_freedecomp Enter - MemInfo: [/proc/meminfo - SSI]	MemTotal:       65855856 kB
20220313 000528.451 INFO             PET0 PIOc_freedecomp Enter - MemInfo: [/proc/meminfo - SSI]	MemFree:        61188716 kB
20220313 000528.451 INFO             PET0 PIOc_freedecomp Enter - MemInfo: [/proc/meminfo - SSI]	MemAvailable:   60973376 kB
20220313 000528.451 INFO             PET0 PIOc_freedecomp Enter - MemInfo: [/proc/meminfo - SSI]	Committed_AS:    2971148 kB
20220313 000528.451 INFO             PET0 PIOc_freedecomp Enter - MemInfo: [/proc/meminfo - SSI]	CommittedPercent: 4.51159 %
20220313 000528.451 INFO             PET0 PIOc_freedecomp Enter - MemInfo: [/proc/self/status]	VmPeak:	  238664 kB
20220313 000528.451 INFO             PET0 PIOc_freedecomp Enter - MemInfo: [/proc/self/status]	VmSize:	  238596 kB
20220313 000528.451 INFO             PET0 PIOc_freedecomp Enter - MemInfo: [/proc/self/status]	VmLck:	       0 kB
20220313 000528.451 INFO             PET0 PIOc_freedecomp Enter - MemInfo: [/proc/self/status]	VmPin:	       0 kB
20220313 000528.451 INFO             PET0 PIOc_freedecomp Enter - MemInfo: [/proc/self/status]	VmHWM:	   31324 kB
20220313 000528.451 INFO             PET0 PIOc_freedecomp Enter - MemInfo: [/proc/self/status]	VmRSS:	   31284 kB
20220313 000528.451 INFO             PET0 PIOc_freedecomp Enter - MemInfo: [/proc/self/status]	VmData:	   34856 kB
20220313 000528.451 INFO             PET0 PIOc_freedecomp Enter - MemInfo: [/proc/self/status]	VmStk:	     508 kB
20220313 000528.451 INFO             PET0 PIOc_freedecomp Enter - MemInfo: [/proc/self/status]	VmExe:	    1824 kB
20220313 000528.451 INFO             PET0 PIOc_freedecomp Enter - MemInfo: [/proc/self/status]	VmLib:	   93984 kB
20220313 000528.451 INFO             PET0 PIOc_freedecomp Enter - MemInfo: [/proc/self/status]	VmPTE:	     384 kB
20220313 000528.451 INFO             PET0 PIOc_freedecomp Enter - MemInfo: [/proc/self/status]	VmPMD:	      12 kB
20220313 000528.451 INFO             PET0 PIOc_freedecomp Enter - MemInfo: [/proc/self/status]	VmSwap:	       0 kB
20220313 000528.451 INFO             PET0 PIOc_freedecomp Enter - MemInfo: [/proc/self/status]	VmRSSPercent: 0.0475037 %
20220313 000528.451 INFO             PET0 PIOc_freedecomp Enter - MemInfo: [malloc] Non-mmapped space allocated:                10174464 Byte
20220313 000528.451 INFO             PET0 PIOc_freedecomp Enter - MemInfo: [malloc] Space allocated in mmapped regions:          4198400 Byte
20220313 000528.451 INFO             PET0 PIOc_freedecomp Enter - MemInfo: [malloc] Maximum total allocated space:                     0 Byte
20220313 000528.451 INFO             PET0 PIOc_freedecomp Enter - MemInfo: [malloc] Space in freed fastbin blocks:                   128 Byte
20220313 000528.451 INFO             PET0 PIOc_freedecomp Enter - MemInfo: [malloc] Total allocated space:                       1127536 Byte
20220313 000528.451 INFO             PET0 PIOc_freedecomp Enter - MemInfo: [malloc] Total free space:                            9046928 Byte
20220313 000528.451 INFO             PET0 PIOc_freedecomp Enter - MemInfo: [malloc] Top-most, releasable space:                   120048 Byte
20220313 000528.452 INFO             PET0 PIOc_freedecomp Enter - MemInfo: [malloc] Total space in use, mmap + non-mmap:         5325936 Byte
20220313 000528.452 INFO             PET0 PIOc_freedecomp Enter - MemInfo: [malloc] Total space held (mmap + non-mmap):         14372864 Byte
20220313 000528.452 INFO             PET0 PIOc_freedecomp Enter - MemInfo: [malloc] Total space used (mmap + non-mmap):          5334144 Byte
20220313 000528.452 INFO             PET0 PIOc_freedecomp Enter - MemInfo: Wall-clock time since execution start:                1.56656 seconds
20220313 000528.452 INFO             PET0 PIOc_freedecomp Exit - MemInfo: [/proc/meminfo - SSI]	MemTotal:       65855856 kB
20220313 000528.452 INFO             PET0 PIOc_freedecomp Exit - MemInfo: [/proc/meminfo - SSI]	MemFree:        61188716 kB
20220313 000528.452 INFO             PET0 PIOc_freedecomp Exit - MemInfo: [/proc/meminfo - SSI]	MemAvailable:   60973376 kB
20220313 000528.452 INFO             PET0 PIOc_freedecomp Exit - MemInfo: [/proc/meminfo - SSI]	Committed_AS:    2971148 kB
20220313 000528.452 INFO             PET0 PIOc_freedecomp Exit - MemInfo: [/proc/meminfo - SSI]	CommittedPercent: 4.51159 %
20220313 000528.452 INFO             PET0 PIOc_freedecomp Exit - MemInfo: [/proc/self/status]	VmPeak:	  238664 kB
20220313 000528.452 INFO             PET0 PIOc_freedecomp Exit - MemInfo: [/proc/self/status]	VmSize:	  238596 kB
20220313 000528.452 INFO             PET0 PIOc_freedecomp Exit - MemInfo: [/proc/self/status]	VmLck:	       0 kB
20220313 000528.452 INFO             PET0 PIOc_freedecomp Exit - MemInfo: [/proc/self/status]	VmPin:	       0 kB
20220313 000528.452 INFO             PET0 PIOc_freedecomp Exit - MemInfo: [/proc/self/status]	VmHWM:	   31324 kB
20220313 000528.452 INFO             PET0 PIOc_freedecomp Exit - MemInfo: [/proc/self/status]	VmRSS:	   31284 kB
20220313 000528.452 INFO             PET0 PIOc_freedecomp Exit - MemInfo: [/proc/self/status]	VmData:	   34856 kB
20220313 000528.452 INFO             PET0 PIOc_freedecomp Exit - MemInfo: [/proc/self/status]	VmStk:	     508 kB
20220313 000528.452 INFO             PET0 PIOc_freedecomp Exit - MemInfo: [/proc/self/status]	VmExe:	    1824 kB
20220313 000528.452 INFO             PET0 PIOc_freedecomp Exit - MemInfo: [/proc/self/status]	VmLib:	   93984 kB
20220313 000528.452 INFO             PET0 PIOc_freedecomp Exit - MemInfo: [/proc/self/status]	VmPTE:	     384 kB
20220313 000528.452 INFO             PET0 PIOc_freedecomp Exit - MemInfo: [/proc/self/status]	VmPMD:	      12 kB
20220313 000528.452 INFO             PET0 PIOc_freedecomp Exit - MemInfo: [/proc/self/status]	VmSwap:	       0 kB
20220313 000528.452 INFO             PET0 PIOc_freedecomp Exit - MemInfo: [/proc/self/status]	VmRSSPercent: 0.0475037 %
20220313 000528.452 INFO             PET0 PIOc_freedecomp Exit - MemInfo: [malloc] Non-mmapped space allocated:                10174464 Byte
20220313 000528.452 INFO             PET0 PIOc_freedecomp Exit - MemInfo: [malloc] Space allocated in mmapped regions:          4198400 Byte
20220313 000528.452 INFO             PET0 PIOc_freedecomp Exit - MemInfo: [malloc] Maximum total allocated space:                     0 Byte
20220313 000528.452 INFO             PET0 PIOc_freedecomp Exit - MemInfo: [malloc] Space in freed fastbin blocks:                   432 Byte
20220313 000528.452 INFO             PET0 PIOc_freedecomp Exit - MemInfo: [malloc] Total allocated space:                       1127104 Byte
20220313 000528.452 INFO             PET0 PIOc_freedecomp Exit - MemInfo: [malloc] Total free space:                            9047360 Byte
20220313 000528.452 INFO             PET0 PIOc_freedecomp Exit - MemInfo: [malloc] Top-most, releasable space:                  9038448 Byte
20220313 000528.452 INFO             PET0 PIOc_freedecomp Exit - MemInfo: [malloc] Total space in use, mmap + non-mmap:         5325504 Byte
20220313 000528.452 INFO             PET0 PIOc_freedecomp Exit - MemInfo: [malloc] Total space held (mmap + non-mmap):         14372864 Byte
20220313 000528.452 INFO             PET0 PIOc_freedecomp Exit - MemInfo: [malloc] Total space used (mmap + non-mmap):          5333712 Byte
20220313 000528.452 INFO             PET0 PIOc_freedecomp Exit - MemInfo: Wall-clock time since execution start:                1.56685 seconds
20220313 000528.452 INFO             PET0  PASS  Read ESMF_Array without Halo from NetCDF file Test, ESMF_ArrayIOUTest.F90, line 330
20220313 000528.452 INFO             PET0  PASS  Compare read in data to the existing data - 3D without halo, ESMF_ArrayIOUTest.F90, line 353
20220313 000528.453 WARNING          PET0 ESMCI_PIO_Handler.C:1344 ESMCI::PIO_Handler::open()  Unable to set fill on file: file3D_withhalo.nc, (PIO/NetCDF error = NetCDF: Write to read only)
20220313 000528.454 INFO             PET0 PIOc_sync Enter - MemInfo: [/proc/meminfo - SSI]	MemTotal:       65855856 kB
20220313 000528.454 INFO             PET0 PIOc_sync Enter - MemInfo: [/proc/meminfo - SSI]	MemFree:        61188212 kB
20220313 000528.454 INFO             PET0 PIOc_sync Enter - MemInfo: [/proc/meminfo - SSI]	MemAvailable:   60972892 kB
20220313 000528.454 INFO             PET0 PIOc_sync Enter - MemInfo: [/proc/meminfo - SSI]	Committed_AS:    2971148 kB
20220313 000528.454 INFO             PET0 PIOc_sync Enter - MemInfo: [/proc/meminfo - SSI]	CommittedPercent: 4.51159 %
20220313 000528.454 INFO             PET0 PIOc_sync Enter - MemInfo: [/proc/self/status]	VmPeak:	  238664 kB
20220313 000528.454 INFO             PET0 PIOc_sync Enter - MemInfo: [/proc/self/status]	VmSize:	  238596 kB
20220313 000528.454 INFO             PET0 PIOc_sync Enter - MemInfo: [/proc/self/status]	VmLck:	       0 kB
20220313 000528.454 INFO             PET0 PIOc_sync Enter - MemInfo: [/proc/self/status]	VmPin:	       0 kB
20220313 000528.454 INFO             PET0 PIOc_sync Enter - MemInfo: [/proc/self/status]	VmHWM:	   31324 kB
20220313 000528.454 INFO             PET0 PIOc_sync Enter - MemInfo: [/proc/self/status]	VmRSS:	   31284 kB
20220313 000528.454 INFO             PET0 PIOc_sync Enter - MemInfo: [/proc/self/status]	VmData:	   34856 kB
20220313 000528.454 INFO             PET0 PIOc_sync Enter - MemInfo: [/proc/self/status]	VmStk:	     508 kB
20220313 000528.454 INFO             PET0 PIOc_sync Enter - MemInfo: [/proc/self/status]	VmExe:	    1824 kB
20220313 000528.454 INFO             PET0 PIOc_sync Enter - MemInfo: [/proc/self/status]	VmLib:	   93984 kB
20220313 000528.454 INFO             PET0 PIOc_sync Enter - MemInfo: [/proc/self/status]	VmPTE:	     384 kB
20220313 000528.454 INFO             PET0 PIOc_sync Enter - MemInfo: [/proc/self/status]	VmPMD:	      12 kB
20220313 000528.454 INFO             PET0 PIOc_sync Enter - MemInfo: [/proc/self/status]	VmSwap:	       0 kB
20220313 000528.454 INFO             PET0 PIOc_sync Enter - MemInfo: [/proc/self/status]	VmRSSPercent: 0.0475037 %
20220313 000528.454 INFO             PET0 PIOc_sync Enter - MemInfo: [malloc] Non-mmapped space allocated:                10174464 Byte
20220313 000528.454 INFO             PET0 PIOc_sync Enter - MemInfo: [malloc] Space allocated in mmapped regions:          4198400 Byte
20220313 000528.454 INFO             PET0 PIOc_sync Enter - MemInfo: [malloc] Maximum total allocated space:                     0 Byte
20220313 000528.454 INFO             PET0 PIOc_sync Enter - MemInfo: [malloc] Space in freed fastbin blocks:                     0 Byte
20220313 000528.454 INFO             PET0 PIOc_sync Enter - MemInfo: [malloc] Total allocated space:                      10066352 Byte
20220313 000528.454 INFO             PET0 PIOc_sync Enter - MemInfo: [malloc] Total free space:                             108112 Byte
20220313 000528.454 INFO             PET0 PIOc_sync Enter - MemInfo: [malloc] Top-most, releasable space:                    67488 Byte
20220313 000528.454 INFO             PET0 PIOc_sync Enter - MemInfo: [malloc] Total space in use, mmap + non-mmap:        14264752 Byte
20220313 000528.454 INFO             PET0 PIOc_sync Enter - MemInfo: [malloc] Total space held (mmap + non-mmap):         14372864 Byte
20220313 000528.454 INFO             PET0 PIOc_sync Enter - MemInfo: [malloc] Total space used (mmap + non-mmap):         14273072 Byte
20220313 000528.454 INFO             PET0 PIOc_sync Enter - MemInfo: Wall-clock time since execution start:                1.56886 seconds
20220313 000528.454 INFO             PET0 PIOc_sync Exit - MemInfo: [/proc/meminfo - SSI]	MemTotal:       65855856 kB
20220313 000528.454 INFO             PET0 PIOc_sync Exit - MemInfo: [/proc/meminfo - SSI]	MemFree:        61188212 kB
20220313 000528.454 INFO             PET0 PIOc_sync Exit - MemInfo: [/proc/meminfo - SSI]	MemAvailable:   60972892 kB
20220313 000528.454 INFO             PET0 PIOc_sync Exit - MemInfo: [/proc/meminfo - SSI]	Committed_AS:    2971148 kB
20220313 000528.454 INFO             PET0 PIOc_sync Exit - MemInfo: [/proc/meminfo - SSI]	CommittedPercent: 4.51159 %
20220313 000528.454 INFO             PET0 PIOc_sync Exit - MemInfo: [/proc/self/status]	VmPeak:	  238664 kB
20220313 000528.454 INFO             PET0 PIOc_sync Exit - MemInfo: [/proc/self/status]	VmSize:	  238596 kB
20220313 000528.454 INFO             PET0 PIOc_sync Exit - MemInfo: [/proc/self/status]	VmLck:	       0 kB
20220313 000528.454 INFO             PET0 PIOc_sync Exit - MemInfo: [/proc/self/status]	VmPin:	       0 kB
20220313 000528.454 INFO             PET0 PIOc_sync Exit - MemInfo: [/proc/self/status]	VmHWM:	   31324 kB
20220313 000528.454 INFO             PET0 PIOc_sync Exit - MemInfo: [/proc/self/status]	VmRSS:	   31284 kB
20220313 000528.454 INFO             PET0 PIOc_sync Exit - MemInfo: [/proc/self/status]	VmData:	   34856 kB
20220313 000528.454 INFO             PET0 PIOc_sync Exit - MemInfo: [/proc/self/status]	VmStk:	     508 kB
20220313 000528.454 INFO             PET0 PIOc_sync Exit - MemInfo: [/proc/self/status]	VmExe:	    1824 kB
20220313 000528.454 INFO             PET0 PIOc_sync Exit - MemInfo: [/proc/self/status]	VmLib:	   93984 kB
20220313 000528.454 INFO             PET0 PIOc_sync Exit - MemInfo: [/proc/self/status]	VmPTE:	     384 kB
20220313 000528.454 INFO             PET0 PIOc_sync Exit - MemInfo: [/proc/self/status]	VmPMD:	      12 kB
20220313 000528.454 INFO             PET0 PIOc_sync Exit - MemInfo: [/proc/self/status]	VmSwap:	       0 kB
20220313 000528.454 INFO             PET0 PIOc_sync Exit - MemInfo: [/proc/self/status]	VmRSSPercent: 0.0475037 %
20220313 000528.454 INFO             PET0 PIOc_sync Exit - MemInfo: [malloc] Non-mmapped space allocated:                10174464 Byte
20220313 000528.454 INFO             PET0 PIOc_sync Exit - MemInfo: [malloc] Space allocated in mmapped regions:          4198400 Byte
20220313 000528.454 INFO             PET0 PIOc_sync Exit - MemInfo: [malloc] Maximum total allocated space:                     0 Byte
20220313 000528.454 INFO             PET0 PIOc_sync Exit - MemInfo: [malloc] Space in freed fastbin blocks:                     0 Byte
20220313 000528.454 INFO             PET0 PIOc_sync Exit - MemInfo: [malloc] Total allocated space:                      10066464 Byte
20220313 000528.454 INFO             PET0 PIOc_sync Exit - MemInfo: [malloc] Total free space:                             108000 Byte
20220313 000528.454 INFO             PET0 PIOc_sync Exit - MemInfo: [malloc] Top-most, releasable space:                    67488 Byte
20220313 000528.454 INFO             PET0 PIOc_sync Exit - MemInfo: [malloc] Total space in use, mmap + non-mmap:        14264864 Byte
20220313 000528.454 INFO             PET0 PIOc_sync Exit - MemInfo: [malloc] Total space held (mmap + non-mmap):         14372864 Byte
20220313 000528.454 INFO             PET0 PIOc_sync Exit - MemInfo: [malloc] Total space used (mmap + non-mmap):         14273072 Byte
20220313 000528.454 INFO             PET0 PIOc_sync Exit - MemInfo: Wall-clock time since execution start:                1.56912 seconds
20220313 000528.454 INFO             PET0 PIOc_freedecomp Enter - MemInfo: [/proc/meminfo - SSI]	MemTotal:       65855856 kB
20220313 000528.454 INFO             PET0 PIOc_freedecomp Enter - MemInfo: [/proc/meminfo - SSI]	MemFree:        61188212 kB
20220313 000528.454 INFO             PET0 PIOc_freedecomp Enter - MemInfo: [/proc/meminfo - SSI]	MemAvailable:   60972892 kB
20220313 000528.454 INFO             PET0 PIOc_freedecomp Enter - MemInfo: [/proc/meminfo - SSI]	Committed_AS:    2971148 kB
20220313 000528.454 INFO             PET0 PIOc_freedecomp Enter - MemInfo: [/proc/meminfo - SSI]	CommittedPercent: 4.51159 %
20220313 000528.454 INFO             PET0 PIOc_freedecomp Enter - MemInfo: [/proc/self/status]	VmPeak:	  238664 kB
20220313 000528.454 INFO             PET0 PIOc_freedecomp Enter - MemInfo: [/proc/self/status]	VmSize:	  238596 kB
20220313 000528.454 INFO             PET0 PIOc_freedecomp Enter - MemInfo: [/proc/self/status]	VmLck:	       0 kB
20220313 000528.454 INFO             PET0 PIOc_freedecomp Enter - MemInfo: [/proc/self/status]	VmPin:	       0 kB
20220313 000528.454 INFO             PET0 PIOc_freedecomp Enter - MemInfo: [/proc/self/status]	VmHWM:	   31324 kB
20220313 000528.454 INFO             PET0 PIOc_freedecomp Enter - MemInfo: [/proc/self/status]	VmRSS:	   31284 kB
20220313 000528.454 INFO             PET0 PIOc_freedecomp Enter - MemInfo: [/proc/self/status]	VmData:	   34856 kB
20220313 000528.454 INFO             PET0 PIOc_freedecomp Enter - MemInfo: [/proc/self/status]	VmStk:	     508 kB
20220313 000528.454 INFO             PET0 PIOc_freedecomp Enter - MemInfo: [/proc/self/status]	VmExe:	    1824 kB
20220313 000528.454 INFO             PET0 PIOc_freedecomp Enter - MemInfo: [/proc/self/status]	VmLib:	   93984 kB
20220313 000528.454 INFO             PET0 PIOc_freedecomp Enter - MemInfo: [/proc/self/status]	VmPTE:	     384 kB
20220313 000528.454 INFO             PET0 PIOc_freedecomp Enter - MemInfo: [/proc/self/status]	VmPMD:	      12 kB
20220313 000528.454 INFO             PET0 PIOc_freedecomp Enter - MemInfo: [/proc/self/status]	VmSwap:	       0 kB
20220313 000528.454 INFO             PET0 PIOc_freedecomp Enter - MemInfo: [/proc/self/status]	VmRSSPercent: 0.0475037 %
20220313 000528.454 INFO             PET0 PIOc_freedecomp Enter - MemInfo: [malloc] Non-mmapped space allocated:                10174464 Byte
20220313 000528.454 INFO             PET0 PIOc_freedecomp Enter - MemInfo: [malloc] Space allocated in mmapped regions:          4198400 Byte
20220313 000528.455 INFO             PET0 PIOc_freedecomp Enter - MemInfo: [malloc] Maximum total allocated space:                     0 Byte
20220313 000528.455 INFO             PET0 PIOc_freedecomp Enter - MemInfo: [malloc] Space in freed fastbin blocks:                   128 Byte
20220313 000528.455 INFO             PET0 PIOc_freedecomp Enter - MemInfo: [malloc] Total allocated space:                       1142288 Byte
20220313 000528.455 INFO             PET0 PIOc_freedecomp Enter - MemInfo: [malloc] Total free space:                            9032176 Byte
20220313 000528.455 INFO             PET0 PIOc_freedecomp Enter - MemInfo: [malloc] Top-most, releasable space:                    67488 Byte
20220313 000528.455 INFO             PET0 PIOc_freedecomp Enter - MemInfo: [malloc] Total space in use, mmap + non-mmap:         5340688 Byte
20220313 000528.455 INFO             PET0 PIOc_freedecomp Enter - MemInfo: [malloc] Total space held (mmap + non-mmap):         14372864 Byte
20220313 000528.455 INFO             PET0 PIOc_freedecomp Enter - MemInfo: [malloc] Total space used (mmap + non-mmap):          5348896 Byte
20220313 000528.455 INFO             PET0 PIOc_freedecomp Enter - MemInfo: Wall-clock time since execution start:                1.56956 seconds
20220313 000528.455 INFO             PET0 PIOc_freedecomp Exit - MemInfo: [/proc/meminfo - SSI]	MemTotal:       65855856 kB
20220313 000528.455 INFO             PET0 PIOc_freedecomp Exit - MemInfo: [/proc/meminfo - SSI]	MemFree:        61188212 kB
20220313 000528.455 INFO             PET0 PIOc_freedecomp Exit - MemInfo: [/proc/meminfo - SSI]	MemAvailable:   60972892 kB
20220313 000528.455 INFO             PET0 PIOc_freedecomp Exit - MemInfo: [/proc/meminfo - SSI]	Committed_AS:    2971148 kB
20220313 000528.455 INFO             PET0 PIOc_freedecomp Exit - MemInfo: [/proc/meminfo - SSI]	CommittedPercent: 4.51159 %
20220313 000528.455 INFO             PET0 PIOc_freedecomp Exit - MemInfo: [/proc/self/status]	VmPeak:	  238664 kB
20220313 000528.455 INFO             PET0 PIOc_freedecomp Exit - MemInfo: [/proc/self/status]	VmSize:	  238596 kB
20220313 000528.455 INFO             PET0 PIOc_freedecomp Exit - MemInfo: [/proc/self/status]	VmLck:	       0 kB
20220313 000528.455 INFO             PET0 PIOc_freedecomp Exit - MemInfo: [/proc/self/status]	VmPin:	       0 kB
20220313 000528.455 INFO             PET0 PIOc_freedecomp Exit - MemInfo: [/proc/self/status]	VmHWM:	   31324 kB
20220313 000528.455 INFO             PET0 PIOc_freedecomp Exit - MemInfo: [/proc/self/status]	VmRSS:	   31284 kB
20220313 000528.455 INFO             PET0 PIOc_freedecomp Exit - MemInfo: [/proc/self/status]	VmData:	   34856 kB
20220313 000528.455 INFO             PET0 PIOc_freedecomp Exit - MemInfo: [/proc/self/status]	VmStk:	     508 kB
20220313 000528.455 INFO             PET0 PIOc_freedecomp Exit - MemInfo: [/proc/self/status]	VmExe:	    1824 kB
20220313 000528.455 INFO             PET0 PIOc_freedecomp Exit - MemInfo: [/proc/self/status]	VmLib:	   93984 kB
20220313 000528.455 INFO             PET0 PIOc_freedecomp Exit - MemInfo: [/proc/self/status]	VmPTE:	     384 kB
20220313 000528.455 INFO             PET0 PIOc_freedecomp Exit - MemInfo: [/proc/self/status]	VmPMD:	      12 kB
20220313 000528.455 INFO             PET0 PIOc_freedecomp Exit - MemInfo: [/proc/self/status]	VmSwap:	       0 kB
20220313 000528.455 INFO             PET0 PIOc_freedecomp Exit - MemInfo: [/proc/self/status]	VmRSSPercent: 0.0475037 %
20220313 000528.455 INFO             PET0 PIOc_freedecomp Exit - MemInfo: [malloc] Non-mmapped space allocated:                10174464 Byte
20220313 000528.455 INFO             PET0 PIOc_freedecomp Exit - MemInfo: [malloc] Space allocated in mmapped regions:          4198400 Byte
20220313 000528.455 INFO             PET0 PIOc_freedecomp Exit - MemInfo: [malloc] Maximum total allocated space:                     0 Byte
20220313 000528.455 INFO             PET0 PIOc_freedecomp Exit - MemInfo: [malloc] Space in freed fastbin blocks:                   304 Byte
20220313 000528.455 INFO             PET0 PIOc_freedecomp Exit - MemInfo: [malloc] Total allocated space:                       1129280 Byte
20220313 000528.455 INFO             PET0 PIOc_freedecomp Exit - MemInfo: [malloc] Total free space:                            9045184 Byte
20220313 000528.455 INFO             PET0 PIOc_freedecomp Exit - MemInfo: [malloc] Top-most, releasable space:                    67488 Byte
20220313 000528.455 INFO             PET0 PIOc_freedecomp Exit - MemInfo: [malloc] Total space in use, mmap + non-mmap:         5327680 Byte
20220313 000528.455 INFO             PET0 PIOc_freedecomp Exit - MemInfo: [malloc] Total space held (mmap + non-mmap):         14372864 Byte
20220313 000528.455 INFO             PET0 PIOc_freedecomp Exit - MemInfo: [malloc] Total space used (mmap + non-mmap):          5335888 Byte
20220313 000528.455 INFO             PET0 PIOc_freedecomp Exit - MemInfo: Wall-clock time since execution start:                1.56982 seconds
20220313 000528.455 INFO             PET0  PASS  Read ESMF_Array with Halo from NetCDF Test, ESMF_ArrayIOUTest.F90, line 380
20220313 000528.455 ERROR            PET0 ESMCI_IO_Handler.C:164 ESMCI::IO_Handler::create() Unknown I/O Format
20220313 000528.455 ERROR            PET0 ESMCI_IO.C:264 ESMCI::IO::read() Invalid argument  - Internal subroutine call returned Error
20220313 000528.455 ERROR            PET0 ESMCI_Array.C:3933 ESMCI::Array::read() Invalid argument  - Internal subroutine call returned Error
20220313 000528.455 ERROR            PET0 ESMCI_Array_F.C:831 c_esmc_arrayread() Invalid argument  - Internal subroutine call returned Error
20220313 000528.455 ERROR            PET0 ESMF_ArrayHa.F90:723 ESMF_ArrayRead Invalid argument  - Internal subroutine call returned Error
20220313 000528.455 INFO             PET0  PASS  Read ESMF_Array with Halo from binary Test, ESMF_ArrayIOUTest.F90, line 394
20220313 000528.455 INFO             PET0  PASS  Compare read in data to the existing NetCDF data - 3D with halo, ESMF_ArrayIOUTest.F90, line 412
20220313 000528.455 ERROR            PET0 ESMCI_Array.C:3914 ESMCI::Array::read() Invalid argument  - Array variable name not allowed in binary mode
20220313 000528.455 ERROR            PET0 ESMCI_Array_F.C:831 c_esmc_arrayread() Invalid argument  - Internal subroutine call returned Error
20220313 000528.455 ERROR            PET0 ESMF_ArrayHa.F90:723 ESMF_ArrayRead Invalid argument  - Internal subroutine call returned Error
20220313 000528.455 INFO             PET0  PASS  Read ESMF_Array variable with Halo from binary Test, ESMF_ArrayIOUTest.F90, line 430
20220313 000528.457 INFO             PET0 PIOc_sync Enter - MemInfo: [/proc/meminfo - SSI]	MemTotal:       65855856 kB
20220313 000528.457 INFO             PET0 PIOc_sync Enter - MemInfo: [/proc/meminfo - SSI]	MemFree:        61188212 kB
20220313 000528.457 INFO             PET0 PIOc_sync Enter - MemInfo: [/proc/meminfo - SSI]	MemAvailable:   60972892 kB
20220313 000528.457 INFO             PET0 PIOc_sync Enter - MemInfo: [/proc/meminfo - SSI]	Committed_AS:    2971148 kB
20220313 000528.457 INFO             PET0 PIOc_sync Enter - MemInfo: [/proc/meminfo - SSI]	CommittedPercent: 4.51159 %
20220313 000528.457 INFO             PET0 PIOc_sync Enter - MemInfo: [/proc/self/status]	VmPeak:	  238664 kB
20220313 000528.457 INFO             PET0 PIOc_sync Enter - MemInfo: [/proc/self/status]	VmSize:	  238596 kB
20220313 000528.457 INFO             PET0 PIOc_sync Enter - MemInfo: [/proc/self/status]	VmLck:	       0 kB
20220313 000528.457 INFO             PET0 PIOc_sync Enter - MemInfo: [/proc/self/status]	VmPin:	       0 kB
20220313 000528.457 INFO             PET0 PIOc_sync Enter - MemInfo: [/proc/self/status]	VmHWM:	   31324 kB
20220313 000528.457 INFO             PET0 PIOc_sync Enter - MemInfo: [/proc/self/status]	VmRSS:	   31284 kB
20220313 000528.457 INFO             PET0 PIOc_sync Enter - MemInfo: [/proc/self/status]	VmData:	   34856 kB
20220313 000528.457 INFO             PET0 PIOc_sync Enter - MemInfo: [/proc/self/status]	VmStk:	     508 kB
20220313 000528.457 INFO             PET0 PIOc_sync Enter - MemInfo: [/proc/self/status]	VmExe:	    1824 kB
20220313 000528.457 INFO             PET0 PIOc_sync Enter - MemInfo: [/proc/self/status]	VmLib:	   93984 kB
20220313 000528.457 INFO             PET0 PIOc_sync Enter - MemInfo: [/proc/self/status]	VmPTE:	     384 kB
20220313 000528.457 INFO             PET0 PIOc_sync Enter - MemInfo: [/proc/self/status]	VmPMD:	      12 kB
20220313 000528.457 INFO             PET0 PIOc_sync Enter - MemInfo: [/proc/self/status]	VmSwap:	       0 kB
20220313 000528.457 INFO             PET0 PIOc_sync Enter - MemInfo: [/proc/self/status]	VmRSSPercent: 0.0475037 %
20220313 000528.457 INFO             PET0 PIOc_sync Enter - MemInfo: [malloc] Non-mmapped space allocated:                10174464 Byte
20220313 000528.457 INFO             PET0 PIOc_sync Enter - MemInfo: [malloc] Space allocated in mmapped regions:          4198400 Byte
20220313 000528.457 INFO             PET0 PIOc_sync Enter - MemInfo: [malloc] Maximum total allocated space:                     0 Byte
20220313 000528.457 INFO             PET0 PIOc_sync Enter - MemInfo: [malloc] Space in freed fastbin blocks:                     0 Byte
20220313 000528.457 INFO             PET0 PIOc_sync Enter - MemInfo: [malloc] Total allocated space:                      10073168 Byte
20220313 000528.457 INFO             PET0 PIOc_sync Enter - MemInfo: [malloc] Total free space:                             101296 Byte
20220313 000528.457 INFO             PET0 PIOc_sync Enter - MemInfo: [malloc] Top-most, releasable space:                    65472 Byte
20220313 000528.457 INFO             PET0 PIOc_sync Enter - MemInfo: [malloc] Total space in use, mmap + non-mmap:        14271568 Byte
20220313 000528.457 INFO             PET0 PIOc_sync Enter - MemInfo: [malloc] Total space held (mmap + non-mmap):         14372864 Byte
20220313 000528.457 INFO             PET0 PIOc_sync Enter - MemInfo: [malloc] Total space used (mmap + non-mmap):         14279888 Byte
20220313 000528.457 INFO             PET0 PIOc_sync Enter - MemInfo: Wall-clock time since execution start:                1.57227 seconds
20220313 000528.457 INFO             PET0 PIOc_sync Exit - MemInfo: [/proc/meminfo - SSI]	MemTotal:       65855856 kB
20220313 000528.457 INFO             PET0 PIOc_sync Exit - MemInfo: [/proc/meminfo - SSI]	MemFree:        61188212 kB
20220313 000528.457 INFO             PET0 PIOc_sync Exit - MemInfo: [/proc/meminfo - SSI]	MemAvailable:   60972892 kB
20220313 000528.457 INFO             PET0 PIOc_sync Exit - MemInfo: [/proc/meminfo - SSI]	Committed_AS:    2971148 kB
20220313 000528.457 INFO             PET0 PIOc_sync Exit - MemInfo: [/proc/meminfo - SSI]	CommittedPercent: 4.51159 %
20220313 000528.457 INFO             PET0 PIOc_sync Exit - MemInfo: [/proc/self/status]	VmPeak:	  238664 kB
20220313 000528.457 INFO             PET0 PIOc_sync Exit - MemInfo: [/proc/self/status]	VmSize:	  238596 kB
20220313 000528.457 INFO             PET0 PIOc_sync Exit - MemInfo: [/proc/self/status]	VmLck:	       0 kB
20220313 000528.457 INFO             PET0 PIOc_sync Exit - MemInfo: [/proc/self/status]	VmPin:	       0 kB
20220313 000528.457 INFO             PET0 PIOc_sync Exit - MemInfo: [/proc/self/status]	VmHWM:	   31324 kB
20220313 000528.457 INFO             PET0 PIOc_sync Exit - MemInfo: [/proc/self/status]	VmRSS:	   31284 kB
20220313 000528.457 INFO             PET0 PIOc_sync Exit - MemInfo: [/proc/self/status]	VmData:	   34856 kB
20220313 000528.458 INFO             PET0 PIOc_sync Exit - MemInfo: [/proc/self/status]	VmStk:	     508 kB
20220313 000528.458 INFO             PET0 PIOc_sync Exit - MemInfo: [/proc/self/status]	VmExe:	    1824 kB
20220313 000528.458 INFO             PET0 PIOc_sync Exit - MemInfo: [/proc/self/status]	VmLib:	   93984 kB
20220313 000528.458 INFO             PET0 PIOc_sync Exit - MemInfo: [/proc/self/status]	VmPTE:	     384 kB
20220313 000528.458 INFO             PET0 PIOc_sync Exit - MemInfo: [/proc/self/status]	VmPMD:	      12 kB
20220313 000528.458 INFO             PET0 PIOc_sync Exit - MemInfo: [/proc/self/status]	VmSwap:	       0 kB
20220313 000528.458 INFO             PET0 PIOc_sync Exit - MemInfo: [/proc/self/status]	VmRSSPercent: 0.0475037 %
20220313 000528.458 INFO             PET0 PIOc_sync Exit - MemInfo: [malloc] Non-mmapped space allocated:                10174464 Byte
20220313 000528.458 INFO             PET0 PIOc_sync Exit - MemInfo: [malloc] Space allocated in mmapped regions:          4198400 Byte
20220313 000528.458 INFO             PET0 PIOc_sync Exit - MemInfo: [malloc] Maximum total allocated space:                     0 Byte
20220313 000528.458 INFO             PET0 PIOc_sync Exit - MemInfo: [malloc] Space in freed fastbin blocks:                     0 Byte
20220313 000528.458 INFO             PET0 PIOc_sync Exit - MemInfo: [malloc] Total allocated space:                      10070896 Byte
20220313 000528.458 INFO             PET0 PIOc_sync Exit - MemInfo: [malloc] Total free space:                             103568 Byte
20220313 000528.458 INFO             PET0 PIOc_sync Exit - MemInfo: [malloc] Top-most, releasable space:                    65472 Byte
20220313 000528.458 INFO             PET0 PIOc_sync Exit - MemInfo: [malloc] Total space in use, mmap + non-mmap:        14269296 Byte
20220313 000528.458 INFO             PET0 PIOc_sync Exit - MemInfo: [malloc] Total space held (mmap + non-mmap):         14372864 Byte
20220313 000528.458 INFO             PET0 PIOc_sync Exit - MemInfo: [malloc] Total space used (mmap + non-mmap):         14277616 Byte
20220313 000528.458 INFO             PET0 PIOc_sync Exit - MemInfo: Wall-clock time since execution start:                 1.5726 seconds
20220313 000528.458 INFO             PET0 PIOc_freedecomp Enter - MemInfo: [/proc/meminfo - SSI]	MemTotal:       65855856 kB
20220313 000528.458 INFO             PET0 PIOc_freedecomp Enter - MemInfo: [/proc/meminfo - SSI]	MemFree:        61188212 kB
20220313 000528.458 INFO             PET0 PIOc_freedecomp Enter - MemInfo: [/proc/meminfo - SSI]	MemAvailable:   60972892 kB
20220313 000528.458 INFO             PET0 PIOc_freedecomp Enter - MemInfo: [/proc/meminfo - SSI]	Committed_AS:    2971148 kB
20220313 000528.458 INFO             PET0 PIOc_freedecomp Enter - MemInfo: [/proc/meminfo - SSI]	CommittedPercent: 4.51159 %
20220313 000528.458 INFO             PET0 PIOc_freedecomp Enter - MemInfo: [/proc/self/status]	VmPeak:	  238664 kB
20220313 000528.458 INFO             PET0 PIOc_freedecomp Enter - MemInfo: [/proc/self/status]	VmSize:	  238596 kB
20220313 000528.458 INFO             PET0 PIOc_freedecomp Enter - MemInfo: [/proc/self/status]	VmLck:	       0 kB
20220313 000528.458 INFO             PET0 PIOc_freedecomp Enter - MemInfo: [/proc/self/status]	VmPin:	       0 kB
20220313 000528.458 INFO             PET0 PIOc_freedecomp Enter - MemInfo: [/proc/self/status]	VmHWM:	   31324 kB
20220313 000528.458 INFO             PET0 PIOc_freedecomp Enter - MemInfo: [/proc/self/status]	VmRSS:	   31284 kB
20220313 000528.458 INFO             PET0 PIOc_freedecomp Enter - MemInfo: [/proc/self/status]	VmData:	   34856 kB
20220313 000528.458 INFO             PET0 PIOc_freedecomp Enter - MemInfo: [/proc/self/status]	VmStk:	     508 kB
20220313 000528.458 INFO             PET0 PIOc_freedecomp Enter - MemInfo: [/proc/self/status]	VmExe:	    1824 kB
20220313 000528.458 INFO             PET0 PIOc_freedecomp Enter - MemInfo: [/proc/self/status]	VmLib:	   93984 kB
20220313 000528.458 INFO             PET0 PIOc_freedecomp Enter - MemInfo: [/proc/self/status]	VmPTE:	     384 kB
20220313 000528.458 INFO             PET0 PIOc_freedecomp Enter - MemInfo: [/proc/self/status]	VmPMD:	      12 kB
20220313 000528.458 INFO             PET0 PIOc_freedecomp Enter - MemInfo: [/proc/self/status]	VmSwap:	       0 kB
20220313 000528.458 INFO             PET0 PIOc_freedecomp Enter - MemInfo: [/proc/self/status]	VmRSSPercent: 0.0475037 %
20220313 000528.458 INFO             PET0 PIOc_freedecomp Enter - MemInfo: [malloc] Non-mmapped space allocated:                10174464 Byte
20220313 000528.458 INFO             PET0 PIOc_freedecomp Enter - MemInfo: [malloc] Space allocated in mmapped regions:          4198400 Byte
20220313 000528.458 INFO             PET0 PIOc_freedecomp Enter - MemInfo: [malloc] Maximum total allocated space:                     0 Byte
20220313 000528.458 INFO             PET0 PIOc_freedecomp Enter - MemInfo: [malloc] Space in freed fastbin blocks:                   160 Byte
20220313 000528.458 INFO             PET0 PIOc_freedecomp Enter - MemInfo: [malloc] Total allocated space:                       1145712 Byte
20220313 000528.458 INFO             PET0 PIOc_freedecomp Enter - MemInfo: [malloc] Total free space:                            9028752 Byte
20220313 000528.458 INFO             PET0 PIOc_freedecomp Enter - MemInfo: [malloc] Top-most, releasable space:                    65472 Byte
20220313 000528.458 INFO             PET0 PIOc_freedecomp Enter - MemInfo: [malloc] Total space in use, mmap + non-mmap:         5344112 Byte
20220313 000528.458 INFO             PET0 PIOc_freedecomp Enter - MemInfo: [malloc] Total space held (mmap + non-mmap):         14372864 Byte
20220313 000528.458 INFO             PET0 PIOc_freedecomp Enter - MemInfo: [malloc] Total space used (mmap + non-mmap):          5352320 Byte
20220313 000528.458 INFO             PET0 PIOc_freedecomp Enter - MemInfo: Wall-clock time since execution start:                1.57303 seconds
20220313 000528.458 INFO             PET0 PIOc_freedecomp Exit - MemInfo: [/proc/meminfo - SSI]	MemTotal:       65855856 kB
20220313 000528.458 INFO             PET0 PIOc_freedecomp Exit - MemInfo: [/proc/meminfo - SSI]	MemFree:        61188212 kB
20220313 000528.458 INFO             PET0 PIOc_freedecomp Exit - MemInfo: [/proc/meminfo - SSI]	MemAvailable:   60972892 kB
20220313 000528.458 INFO             PET0 PIOc_freedecomp Exit - MemInfo: [/proc/meminfo - SSI]	Committed_AS:    2971148 kB
20220313 000528.458 INFO             PET0 PIOc_freedecomp Exit - MemInfo: [/proc/meminfo - SSI]	CommittedPercent: 4.51159 %
20220313 000528.458 INFO             PET0 PIOc_freedecomp Exit - MemInfo: [/proc/self/status]	VmPeak:	  238664 kB
20220313 000528.458 INFO             PET0 PIOc_freedecomp Exit - MemInfo: [/proc/self/status]	VmSize:	  238596 kB
20220313 000528.458 INFO             PET0 PIOc_freedecomp Exit - MemInfo: [/proc/self/status]	VmLck:	       0 kB
20220313 000528.458 INFO             PET0 PIOc_freedecomp Exit - MemInfo: [/proc/self/status]	VmPin:	       0 kB
20220313 000528.458 INFO             PET0 PIOc_freedecomp Exit - MemInfo: [/proc/self/status]	VmHWM:	   31324 kB
20220313 000528.458 INFO             PET0 PIOc_freedecomp Exit - MemInfo: [/proc/self/status]	VmRSS:	   31284 kB
20220313 000528.458 INFO             PET0 PIOc_freedecomp Exit - MemInfo: [/proc/self/status]	VmData:	   34856 kB
20220313 000528.458 INFO             PET0 PIOc_freedecomp Exit - MemInfo: [/proc/self/status]	VmStk:	     508 kB
20220313 000528.458 INFO             PET0 PIOc_freedecomp Exit - MemInfo: [/proc/self/status]	VmExe:	    1824 kB
20220313 000528.458 INFO             PET0 PIOc_freedecomp Exit - MemInfo: [/proc/self/status]	VmLib:	   93984 kB
20220313 000528.458 INFO             PET0 PIOc_freedecomp Exit - MemInfo: [/proc/self/status]	VmPTE:	     384 kB
20220313 000528.458 INFO             PET0 PIOc_freedecomp Exit - MemInfo: [/proc/self/status]	VmPMD:	      12 kB
20220313 000528.458 INFO             PET0 PIOc_freedecomp Exit - MemInfo: [/proc/self/status]	VmSwap:	       0 kB
20220313 000528.458 INFO             PET0 PIOc_freedecomp Exit - MemInfo: [/proc/self/status]	VmRSSPercent: 0.0475037 %
20220313 000528.458 INFO             PET0 PIOc_freedecomp Exit - MemInfo: [malloc] Non-mmapped space allocated:                10174464 Byte
20220313 000528.458 INFO             PET0 PIOc_freedecomp Exit - MemInfo: [malloc] Space allocated in mmapped regions:          4198400 Byte
20220313 000528.458 INFO             PET0 PIOc_freedecomp Exit - MemInfo: [malloc] Maximum total allocated space:                     0 Byte
20220313 000528.458 INFO             PET0 PIOc_freedecomp Exit - MemInfo: [malloc] Space in freed fastbin blocks:                   464 Byte
20220313 000528.458 INFO             PET0 PIOc_freedecomp Exit - MemInfo: [malloc] Total allocated space:                       1131984 Byte
20220313 000528.458 INFO             PET0 PIOc_freedecomp Exit - MemInfo: [malloc] Total free space:                            9042480 Byte
20220313 000528.458 INFO             PET0 PIOc_freedecomp Exit - MemInfo: [malloc] Top-most, releasable space:                    65472 Byte
20220313 000528.458 INFO             PET0 PIOc_freedecomp Exit - MemInfo: [malloc] Total space in use, mmap + non-mmap:         5330384 Byte
20220313 000528.458 INFO             PET0 PIOc_freedecomp Exit - MemInfo: [malloc] Total space held (mmap + non-mmap):         14372864 Byte
20220313 000528.458 INFO             PET0 PIOc_freedecomp Exit - MemInfo: [malloc] Total space used (mmap + non-mmap):          5338592 Byte
20220313 000528.458 INFO             PET0 PIOc_freedecomp Exit - MemInfo: Wall-clock time since execution start:                1.57329 seconds
20220313 000528.458 INFO             PET0  PASS  Write ESMF_Array with Halo to NetCDF variable copy Test, ESMF_ArrayIOUTest.F90, line 442
20220313 000528.458 INFO             PET0  PASS  Destroy Array with Halo, ESMF_ArrayIOUTest.F90, line 453
20220313 000528.458 INFO             PET0  PASS  Destroy Array without Halo, ESMF_ArrayIOUTest.F90, line 460
20220313 000528.458 INFO             PET0  PASS  Destroy DistGrid, ESMF_ArrayIOUTest.F90, line 467
20220313 000528.458 INFO             PET0  PASS  dstDistgrid Create Test, ESMF_ArrayIOUTest.F90, line 485
20220313 000528.458 INFO             PET0  PASS  Array Spec Set Test, ESMF_ArrayIOUTest.F90, line 493
20220313 000528.459 INFO             PET0  PASS  Array with Halo Create Test, ESMF_ArrayIOUTest.F90, line 507
20220313 000528.459 INFO             PET0  PASS  Array without Halo Create Test, ESMF_ArrayIOUTest.F90, line 517
20220313 000528.469 INFO             PET0 PIOc_sync Enter - MemInfo: [/proc/meminfo - SSI]	MemTotal:       65855856 kB
20220313 000528.469 INFO             PET0 PIOc_sync Enter - MemInfo: [/proc/meminfo - SSI]	MemFree:        61187708 kB
20220313 000528.469 INFO             PET0 PIOc_sync Enter - MemInfo: [/proc/meminfo - SSI]	MemAvailable:   60972388 kB
20220313 000528.469 INFO             PET0 PIOc_sync Enter - MemInfo: [/proc/meminfo - SSI]	Committed_AS:    2971148 kB
20220313 000528.469 INFO             PET0 PIOc_sync Enter - MemInfo: [/proc/meminfo - SSI]	CommittedPercent: 4.51159 %
20220313 000528.469 INFO             PET0 PIOc_sync Enter - MemInfo: [/proc/self/status]	VmPeak:	  238664 kB
20220313 000528.469 INFO             PET0 PIOc_sync Enter - MemInfo: [/proc/self/status]	VmSize:	  238596 kB
20220313 000528.469 INFO             PET0 PIOc_sync Enter - MemInfo: [/proc/self/status]	VmLck:	       0 kB
20220313 000528.469 INFO             PET0 PIOc_sync Enter - MemInfo: [/proc/self/status]	VmPin:	       0 kB
20220313 000528.469 INFO             PET0 PIOc_sync Enter - MemInfo: [/proc/self/status]	VmHWM:	   31540 kB
20220313 000528.469 INFO             PET0 PIOc_sync Enter - MemInfo: [/proc/self/status]	VmRSS:	   31540 kB
20220313 000528.469 INFO             PET0 PIOc_sync Enter - MemInfo: [/proc/self/status]	VmData:	   34856 kB
20220313 000528.469 INFO             PET0 PIOc_sync Enter - MemInfo: [/proc/self/status]	VmStk:	     508 kB
20220313 000528.469 INFO             PET0 PIOc_sync Enter - MemInfo: [/proc/self/status]	VmExe:	    1824 kB
20220313 000528.469 INFO             PET0 PIOc_sync Enter - MemInfo: [/proc/self/status]	VmLib:	   93984 kB
20220313 000528.469 INFO             PET0 PIOc_sync Enter - MemInfo: [/proc/self/status]	VmPTE:	     384 kB
20220313 000528.469 INFO             PET0 PIOc_sync Enter - MemInfo: [/proc/self/status]	VmPMD:	      12 kB
20220313 000528.469 INFO             PET0 PIOc_sync Enter - MemInfo: [/proc/self/status]	VmSwap:	       0 kB
20220313 000528.469 INFO             PET0 PIOc_sync Enter - MemInfo: [/proc/self/status]	VmRSSPercent: 0.0478925 %
20220313 000528.469 INFO             PET0 PIOc_sync Enter - MemInfo: [malloc] Non-mmapped space allocated:                10174464 Byte
20220313 000528.469 INFO             PET0 PIOc_sync Enter - MemInfo: [malloc] Space allocated in mmapped regions:          4198400 Byte
20220313 000528.469 INFO             PET0 PIOc_sync Enter - MemInfo: [malloc] Maximum total allocated space:                     0 Byte
20220313 000528.469 INFO             PET0 PIOc_sync Enter - MemInfo: [malloc] Space in freed fastbin blocks:                     0 Byte
20220313 000528.470 INFO             PET0 PIOc_sync Enter - MemInfo: [malloc] Total allocated space:                      10067536 Byte
20220313 000528.470 INFO             PET0 PIOc_sync Enter - MemInfo: [malloc] Total free space:                             106928 Byte
20220313 000528.470 INFO             PET0 PIOc_sync Enter - MemInfo: [malloc] Top-most, releasable space:                    65472 Byte
20220313 000528.470 INFO             PET0 PIOc_sync Enter - MemInfo: [malloc] Total space in use, mmap + non-mmap:        14265936 Byte
20220313 000528.470 INFO             PET0 PIOc_sync Enter - MemInfo: [malloc] Total space held (mmap + non-mmap):         14372864 Byte
20220313 000528.470 INFO             PET0 PIOc_sync Enter - MemInfo: [malloc] Total space used (mmap + non-mmap):         14274784 Byte
20220313 000528.470 INFO             PET0 PIOc_sync Enter - MemInfo: Wall-clock time since execution start:                1.58453 seconds
20220313 000528.470 INFO             PET0 PIOc_sync Exit - MemInfo: [/proc/meminfo - SSI]	MemTotal:       65855856 kB
20220313 000528.470 INFO             PET0 PIOc_sync Exit - MemInfo: [/proc/meminfo - SSI]	MemFree:        61187708 kB
20220313 000528.470 INFO             PET0 PIOc_sync Exit - MemInfo: [/proc/meminfo - SSI]	MemAvailable:   60972388 kB
20220313 000528.470 INFO             PET0 PIOc_sync Exit - MemInfo: [/proc/meminfo - SSI]	Committed_AS:    2971148 kB
20220313 000528.470 INFO             PET0 PIOc_sync Exit - MemInfo: [/proc/meminfo - SSI]	CommittedPercent: 4.51159 %
20220313 000528.470 INFO             PET0 PIOc_sync Exit - MemInfo: [/proc/self/status]	VmPeak:	  238664 kB
20220313 000528.470 INFO             PET0 PIOc_sync Exit - MemInfo: [/proc/self/status]	VmSize:	  238596 kB
20220313 000528.470 INFO             PET0 PIOc_sync Exit - MemInfo: [/proc/self/status]	VmLck:	       0 kB
20220313 000528.470 INFO             PET0 PIOc_sync Exit - MemInfo: [/proc/self/status]	VmPin:	       0 kB
20220313 000528.470 INFO             PET0 PIOc_sync Exit - MemInfo: [/proc/self/status]	VmHWM:	   31540 kB
20220313 000528.470 INFO             PET0 PIOc_sync Exit - MemInfo: [/proc/self/status]	VmRSS:	   31540 kB
20220313 000528.470 INFO             PET0 PIOc_sync Exit - MemInfo: [/proc/self/status]	VmData:	   34856 kB
20220313 000528.470 INFO             PET0 PIOc_sync Exit - MemInfo: [/proc/self/status]	VmStk:	     508 kB
20220313 000528.470 INFO             PET0 PIOc_sync Exit - MemInfo: [/proc/self/status]	VmExe:	    1824 kB
20220313 000528.470 INFO             PET0 PIOc_sync Exit - MemInfo: [/proc/self/status]	VmLib:	   93984 kB
20220313 000528.470 INFO             PET0 PIOc_sync Exit - MemInfo: [/proc/self/status]	VmPTE:	     384 kB
20220313 000528.470 INFO             PET0 PIOc_sync Exit - MemInfo: [/proc/self/status]	VmPMD:	      12 kB
20220313 000528.470 INFO             PET0 PIOc_sync Exit - MemInfo: [/proc/self/status]	VmSwap:	       0 kB
20220313 000528.470 INFO             PET0 PIOc_sync Exit - MemInfo: [/proc/self/status]	VmRSSPercent: 0.0478925 %
20220313 000528.470 INFO             PET0 PIOc_sync Exit - MemInfo: [malloc] Non-mmapped space allocated:                10174464 Byte
20220313 000528.470 INFO             PET0 PIOc_sync Exit - MemInfo: [malloc] Space allocated in mmapped regions:          4198400 Byte
20220313 000528.470 INFO             PET0 PIOc_sync Exit - MemInfo: [malloc] Maximum total allocated space:                     0 Byte
20220313 000528.470 INFO             PET0 PIOc_sync Exit - MemInfo: [malloc] Space in freed fastbin blocks:                    48 Byte
20220313 000528.470 INFO             PET0 PIOc_sync Exit - MemInfo: [malloc] Total allocated space:                      10070976 Byte
20220313 000528.470 INFO             PET0 PIOc_sync Exit - MemInfo: [malloc] Total free space:                             103488 Byte
20220313 000528.470 INFO             PET0 PIOc_sync Exit - MemInfo: [malloc] Top-most, releasable space:                    65472 Byte
20220313 000528.470 INFO             PET0 PIOc_sync Exit - MemInfo: [malloc] Total space in use, mmap + non-mmap:        14269376 Byte
20220313 000528.470 INFO             PET0 PIOc_sync Exit - MemInfo: [malloc] Total space held (mmap + non-mmap):         14372864 Byte
20220313 000528.470 INFO             PET0 PIOc_sync Exit - MemInfo: [malloc] Total space used (mmap + non-mmap):         14277696 Byte
20220313 000528.470 INFO             PET0 PIOc_sync Exit - MemInfo: Wall-clock time since execution start:                1.58495 seconds
20220313 000528.470 INFO             PET0 PIOc_freedecomp Enter - MemInfo: [/proc/meminfo - SSI]	MemTotal:       65855856 kB
20220313 000528.470 INFO             PET0 PIOc_freedecomp Enter - MemInfo: [/proc/meminfo - SSI]	MemFree:        61187708 kB
20220313 000528.470 INFO             PET0 PIOc_freedecomp Enter - MemInfo: [/proc/meminfo - SSI]	MemAvailable:   60972388 kB
20220313 000528.470 INFO             PET0 PIOc_freedecomp Enter - MemInfo: [/proc/meminfo - SSI]	Committed_AS:    2971148 kB
20220313 000528.470 INFO             PET0 PIOc_freedecomp Enter - MemInfo: [/proc/meminfo - SSI]	CommittedPercent: 4.51159 %
20220313 000528.470 INFO             PET0 PIOc_freedecomp Enter - MemInfo: [/proc/self/status]	VmPeak:	  238664 kB
20220313 000528.470 INFO             PET0 PIOc_freedecomp Enter - MemInfo: [/proc/self/status]	VmSize:	  238596 kB
20220313 000528.470 INFO             PET0 PIOc_freedecomp Enter - MemInfo: [/proc/self/status]	VmLck:	       0 kB
20220313 000528.470 INFO             PET0 PIOc_freedecomp Enter - MemInfo: [/proc/self/status]	VmPin:	       0 kB
20220313 000528.470 INFO             PET0 PIOc_freedecomp Enter - MemInfo: [/proc/self/status]	VmHWM:	   31540 kB
20220313 000528.470 INFO             PET0 PIOc_freedecomp Enter - MemInfo: [/proc/self/status]	VmRSS:	   31540 kB
20220313 000528.470 INFO             PET0 PIOc_freedecomp Enter - MemInfo: [/proc/self/status]	VmData:	   34856 kB
20220313 000528.470 INFO             PET0 PIOc_freedecomp Enter - MemInfo: [/proc/self/status]	VmStk:	     508 kB
20220313 000528.470 INFO             PET0 PIOc_freedecomp Enter - MemInfo: [/proc/self/status]	VmExe:	    1824 kB
20220313 000528.470 INFO             PET0 PIOc_freedecomp Enter - MemInfo: [/proc/self/status]	VmLib:	   93984 kB
20220313 000528.470 INFO             PET0 PIOc_freedecomp Enter - MemInfo: [/proc/self/status]	VmPTE:	     384 kB
20220313 000528.470 INFO             PET0 PIOc_freedecomp Enter - MemInfo: [/proc/self/status]	VmPMD:	      12 kB
20220313 000528.470 INFO             PET0 PIOc_freedecomp Enter - MemInfo: [/proc/self/status]	VmSwap:	       0 kB
20220313 000528.470 INFO             PET0 PIOc_freedecomp Enter - MemInfo: [/proc/self/status]	VmRSSPercent: 0.0478925 %
20220313 000528.470 INFO             PET0 PIOc_freedecomp Enter - MemInfo: [malloc] Non-mmapped space allocated:                10174464 Byte
20220313 000528.470 INFO             PET0 PIOc_freedecomp Enter - MemInfo: [malloc] Space allocated in mmapped regions:          4198400 Byte
20220313 000528.470 INFO             PET0 PIOc_freedecomp Enter - MemInfo: [malloc] Maximum total allocated space:                     0 Byte
20220313 000528.470 INFO             PET0 PIOc_freedecomp Enter - MemInfo: [malloc] Space in freed fastbin blocks:                   160 Byte
20220313 000528.470 INFO             PET0 PIOc_freedecomp Enter - MemInfo: [malloc] Total allocated space:                       1146592 Byte
20220313 000528.470 INFO             PET0 PIOc_freedecomp Enter - MemInfo: [malloc] Total free space:                            9027872 Byte
20220313 000528.470 INFO             PET0 PIOc_freedecomp Enter - MemInfo: [malloc] Top-most, releasable space:                    65472 Byte
20220313 000528.470 INFO             PET0 PIOc_freedecomp Enter - MemInfo: [malloc] Total space in use, mmap + non-mmap:         5344992 Byte
20220313 000528.470 INFO             PET0 PIOc_freedecomp Enter - MemInfo: [malloc] Total space held (mmap + non-mmap):         14372864 Byte
20220313 000528.470 INFO             PET0 PIOc_freedecomp Enter - MemInfo: [malloc] Total space used (mmap + non-mmap):          5353200 Byte
20220313 000528.470 INFO             PET0 PIOc_freedecomp Enter - MemInfo: Wall-clock time since execution start:                1.58539 seconds
20220313 000528.470 INFO             PET0 PIOc_freedecomp Exit - MemInfo: [/proc/meminfo - SSI]	MemTotal:       65855856 kB
20220313 000528.470 INFO             PET0 PIOc_freedecomp Exit - MemInfo: [/proc/meminfo - SSI]	MemFree:        61187708 kB
20220313 000528.470 INFO             PET0 PIOc_freedecomp Exit - MemInfo: [/proc/meminfo - SSI]	MemAvailable:   60972388 kB
20220313 000528.470 INFO             PET0 PIOc_freedecomp Exit - MemInfo: [/proc/meminfo - SSI]	Committed_AS:    2971148 kB
20220313 000528.470 INFO             PET0 PIOc_freedecomp Exit - MemInfo: [/proc/meminfo - SSI]	CommittedPercent: 4.51159 %
20220313 000528.470 INFO             PET0 PIOc_freedecomp Exit - MemInfo: [/proc/self/status]	VmPeak:	  238664 kB
20220313 000528.470 INFO             PET0 PIOc_freedecomp Exit - MemInfo: [/proc/self/status]	VmSize:	  238596 kB
20220313 000528.471 INFO             PET0 PIOc_freedecomp Exit - MemInfo: [/proc/self/status]	VmLck:	       0 kB
20220313 000528.471 INFO             PET0 PIOc_freedecomp Exit - MemInfo: [/proc/self/status]	VmPin:	       0 kB
20220313 000528.471 INFO             PET0 PIOc_freedecomp Exit - MemInfo: [/proc/self/status]	VmHWM:	   31540 kB
20220313 000528.471 INFO             PET0 PIOc_freedecomp Exit - MemInfo: [/proc/self/status]	VmRSS:	   31540 kB
20220313 000528.471 INFO             PET0 PIOc_freedecomp Exit - MemInfo: [/proc/self/status]	VmData:	   34856 kB
20220313 000528.471 INFO             PET0 PIOc_freedecomp Exit - MemInfo: [/proc/self/status]	VmStk:	     508 kB
20220313 000528.471 INFO             PET0 PIOc_freedecomp Exit - MemInfo: [/proc/self/status]	VmExe:	    1824 kB
20220313 000528.471 INFO             PET0 PIOc_freedecomp Exit - MemInfo: [/proc/self/status]	VmLib:	   93984 kB
20220313 000528.471 INFO             PET0 PIOc_freedecomp Exit - MemInfo: [/proc/self/status]	VmPTE:	     384 kB
20220313 000528.471 INFO             PET0 PIOc_freedecomp Exit - MemInfo: [/proc/self/status]	VmPMD:	      12 kB
20220313 000528.471 INFO             PET0 PIOc_freedecomp Exit - MemInfo: [/proc/self/status]	VmSwap:	       0 kB
20220313 000528.471 INFO             PET0 PIOc_freedecomp Exit - MemInfo: [/proc/self/status]	VmRSSPercent: 0.0478925 %
20220313 000528.471 INFO             PET0 PIOc_freedecomp Exit - MemInfo: [malloc] Non-mmapped space allocated:                10174464 Byte
20220313 000528.471 INFO             PET0 PIOc_freedecomp Exit - MemInfo: [malloc] Space allocated in mmapped regions:          4198400 Byte
20220313 000528.471 INFO             PET0 PIOc_freedecomp Exit - MemInfo: [malloc] Maximum total allocated space:                     0 Byte
20220313 000528.471 INFO             PET0 PIOc_freedecomp Exit - MemInfo: [malloc] Space in freed fastbin blocks:                   496 Byte
20220313 000528.471 INFO             PET0 PIOc_freedecomp Exit - MemInfo: [malloc] Total allocated space:                       1146096 Byte
20220313 000528.471 INFO             PET0 PIOc_freedecomp Exit - MemInfo: [malloc] Total free space:                            9028368 Byte
20220313 000528.471 INFO             PET0 PIOc_freedecomp Exit - MemInfo: [malloc] Top-most, releasable space:                    65472 Byte
20220313 000528.471 INFO             PET0 PIOc_freedecomp Exit - MemInfo: [malloc] Total space in use, mmap + non-mmap:         5344496 Byte
20220313 000528.471 INFO             PET0 PIOc_freedecomp Exit - MemInfo: [malloc] Total space held (mmap + non-mmap):         14372864 Byte
20220313 000528.471 INFO             PET0 PIOc_freedecomp Exit - MemInfo: [malloc] Total space used (mmap + non-mmap):          5352704 Byte
20220313 000528.471 INFO             PET0 PIOc_freedecomp Exit - MemInfo: Wall-clock time since execution start:                1.58568 seconds
20220313 000528.471 INFO             PET0  PASS  Write 2D ESMF_Array with Halo to NetCDF Test, ESMF_ArrayIOUTest.F90, line 547
20220313 000528.472 WARNING          PET0 ESMCI_PIO_Handler.C:1344 ESMCI::PIO_Handler::open()  Unable to set fill on file: file2D_withhalo.nc, (PIO/NetCDF error = NetCDF: Write to read only)
20220313 000528.472 INFO             PET0 PIOc_sync Enter - MemInfo: [/proc/meminfo - SSI]	MemTotal:       65855856 kB
20220313 000528.472 INFO             PET0 PIOc_sync Enter - MemInfo: [/proc/meminfo - SSI]	MemFree:        61187708 kB
20220313 000528.472 INFO             PET0 PIOc_sync Enter - MemInfo: [/proc/meminfo - SSI]	MemAvailable:   60972388 kB
20220313 000528.472 INFO             PET0 PIOc_sync Enter - MemInfo: [/proc/meminfo - SSI]	Committed_AS:    2971148 kB
20220313 000528.472 INFO             PET0 PIOc_sync Enter - MemInfo: [/proc/meminfo - SSI]	CommittedPercent: 4.51159 %
20220313 000528.472 INFO             PET0 PIOc_sync Enter - MemInfo: [/proc/self/status]	VmPeak:	  238664 kB
20220313 000528.472 INFO             PET0 PIOc_sync Enter - MemInfo: [/proc/self/status]	VmSize:	  238596 kB
20220313 000528.472 INFO             PET0 PIOc_sync Enter - MemInfo: [/proc/self/status]	VmLck:	       0 kB
20220313 000528.472 INFO             PET0 PIOc_sync Enter - MemInfo: [/proc/self/status]	VmPin:	       0 kB
20220313 000528.472 INFO             PET0 PIOc_sync Enter - MemInfo: [/proc/self/status]	VmHWM:	   31540 kB
20220313 000528.472 INFO             PET0 PIOc_sync Enter - MemInfo: [/proc/self/status]	VmRSS:	   31540 kB
20220313 000528.472 INFO             PET0 PIOc_sync Enter - MemInfo: [/proc/self/status]	VmData:	   34856 kB
20220313 000528.472 INFO             PET0 PIOc_sync Enter - MemInfo: [/proc/self/status]	VmStk:	     508 kB
20220313 000528.472 INFO             PET0 PIOc_sync Enter - MemInfo: [/proc/self/status]	VmExe:	    1824 kB
20220313 000528.472 INFO             PET0 PIOc_sync Enter - MemInfo: [/proc/self/status]	VmLib:	   93984 kB
20220313 000528.472 INFO             PET0 PIOc_sync Enter - MemInfo: [/proc/self/status]	VmPTE:	     384 kB
20220313 000528.472 INFO             PET0 PIOc_sync Enter - MemInfo: [/proc/self/status]	VmPMD:	      12 kB
20220313 000528.472 INFO             PET0 PIOc_sync Enter - MemInfo: [/proc/self/status]	VmSwap:	       0 kB
20220313 000528.472 INFO             PET0 PIOc_sync Enter - MemInfo: [/proc/self/status]	VmRSSPercent: 0.0478925 %
20220313 000528.472 INFO             PET0 PIOc_sync Enter - MemInfo: [malloc] Non-mmapped space allocated:                10174464 Byte
20220313 000528.472 INFO             PET0 PIOc_sync Enter - MemInfo: [malloc] Space allocated in mmapped regions:          4198400 Byte
20220313 000528.472 INFO             PET0 PIOc_sync Enter - MemInfo: [malloc] Maximum total allocated space:                     0 Byte
20220313 000528.472 INFO             PET0 PIOc_sync Enter - MemInfo: [malloc] Space in freed fastbin blocks:                     0 Byte
20220313 000528.472 INFO             PET0 PIOc_sync Enter - MemInfo: [malloc] Total allocated space:                      10072288 Byte
