build time -- 2022-03-14 00:45:12
20220314 010556.074 INFO             PET0 !!!!!!!!!!!!!!!!!!!!!!!!!!!!!!!!!!!!!!!!!!!!!!!!!!!!!!
20220314 010556.074 INFO             PET0 !!! THE ESMF_LOG IS SET TO OUTPUT ALL LOG MESSAGES !!!
20220314 010556.074 INFO             PET0 !!!     THIS MAY CAUSE SLOWDOWN IN PERFORMANCE     !!!
20220314 010556.074 INFO             PET0 !!! FOR PRODUCTION RUNS, USE:                      !!!
20220314 010556.074 INFO             PET0 !!!                   ESMF_LOGKIND_Multi_On_Error  !!!
20220314 010556.074 INFO             PET0 !!!!!!!!!!!!!!!!!!!!!!!!!!!!!!!!!!!!!!!!!!!!!!!!!!!!!!
20220314 010556.074 INFO             PET0 Running with ESMF Version   : v8.3.0b09-96-g559b459836
20220314 010556.074 INFO             PET0 ESMF library build date/time: "Mar 14 2022" "00:43:16"
20220314 010556.074 INFO             PET0 ESMF library build location : /lustre/f2/dev/ncep/Mark.Potts/intel_2019.5_mpi_O_jedwards_pio_update2
20220314 010556.074 INFO             PET0 ESMF_COMM                   : mpi
20220314 010556.076 INFO             PET0 ESMF_MOAB                   : enabled
20220314 010556.076 INFO             PET0 ESMF_LAPACK                 : enabled
20220314 010556.076 INFO             PET0 ESMF_NETCDF                 : enabled
20220314 010556.076 INFO             PET0 ESMF_PNETCDF                : disabled
20220314 010556.076 INFO             PET0 ESMF_PIO                    : enabled
20220314 010556.076 INFO             PET0 ESMF_YAMLCPP                : enabled
20220314 010556.076 INFO             PET0  Beginning Test, file ESMF_ArrayBundleIOUTest.F90, line 70
20220314 010556.076 INFO             PET0  NUMBER_OF_PROCESSORS           4
20220314 010556.077 INFO             PET0  PASS  ArrayCreate Allocate 2D ESMF_TYPEKIND_R8 Test, ESMF_ArrayBundleIOUTest.F90, line 109
20220314 010556.077 INFO             PET0  PASS  Obtain real Fortran Array Pointer for array 1, ESMF_ArrayBundleIOUTest.F90, line 117
20220314 010556.077 INFO             PET0  PASS  ArrayCreate Allocate 2D ESMF_TYPEKIND_I4 Test, ESMF_ArrayBundleIOUTest.F90, line 125
20220314 010556.077 INFO             PET0  PASS  Obtain integer Fortran Array Pointer for array 2, ESMF_ArrayBundleIOUTest.F90, line 133
20220314 010556.077 INFO             PET0  PASS  ArrayCreate Allocate 3D ESMF_TYPEKIND_I4 Test, ESMF_ArrayBundleIOUTest.F90, line 141
20220314 010556.077 INFO             PET0  PASS  Obtain Integer Fortran Array Pointer for array 2, ESMF_ArrayBundleIOUTest.F90, line 149
20220314 010556.077 INFO             PET0  PASS  ArrayBundleCreate Test, ESMF_ArrayBundleIOUTest.F90, line 158
20220314 010556.100 INFO             PET0 PIOc_sync Enter - MemInfo: [/proc/meminfo - SSI]	MemTotal:       65855856 kB
20220314 010556.100 INFO             PET0 PIOc_sync Enter - MemInfo: [/proc/meminfo - SSI]	MemFree:        61265432 kB
20220314 010556.100 INFO             PET0 PIOc_sync Enter - MemInfo: [/proc/meminfo - SSI]	MemAvailable:   61054240 kB
20220314 010556.100 INFO             PET0 PIOc_sync Enter - MemInfo: [/proc/meminfo - SSI]	Committed_AS:    2840312 kB
20220314 010556.100 INFO             PET0 PIOc_sync Enter - MemInfo: [/proc/meminfo - SSI]	CommittedPercent: 4.31292 %
20220314 010556.100 INFO             PET0 PIOc_sync Enter - MemInfo: [/proc/self/status]	VmPeak:	  228004 kB
20220314 010556.100 INFO             PET0 PIOc_sync Enter - MemInfo: [/proc/self/status]	VmSize:	  228004 kB
20220314 010556.100 INFO             PET0 PIOc_sync Enter - MemInfo: [/proc/self/status]	VmLck:	       0 kB
20220314 010556.100 INFO             PET0 PIOc_sync Enter - MemInfo: [/proc/self/status]	VmPin:	       0 kB
20220314 010556.100 INFO             PET0 PIOc_sync Enter - MemInfo: [/proc/self/status]	VmHWM:	   28976 kB
20220314 010556.100 INFO             PET0 PIOc_sync Enter - MemInfo: [/proc/self/status]	VmRSS:	   28976 kB
20220314 010556.100 INFO             PET0 PIOc_sync Enter - MemInfo: [/proc/self/status]	VmData:	   33496 kB
20220314 010556.100 INFO             PET0 PIOc_sync Enter - MemInfo: [/proc/self/status]	VmStk:	     508 kB
20220314 010556.100 INFO             PET0 PIOc_sync Enter - MemInfo: [/proc/self/status]	VmExe:	    1944 kB
20220314 010556.100 INFO             PET0 PIOc_sync Enter - MemInfo: [/proc/self/status]	VmLib:	   93984 kB
20220314 010556.100 INFO             PET0 PIOc_sync Enter - MemInfo: [/proc/self/status]	VmPTE:	     348 kB
20220314 010556.100 INFO             PET0 PIOc_sync Enter - MemInfo: [/proc/self/status]	VmPMD:	      12 kB
20220314 010556.100 INFO             PET0 PIOc_sync Enter - MemInfo: [/proc/self/status]	VmSwap:	       0 kB
20220314 010556.100 INFO             PET0 PIOc_sync Enter - MemInfo: [/proc/self/status]	VmRSSPercent: 0.0439991 %
20220314 010556.100 INFO             PET0 PIOc_sync Enter - MemInfo: [malloc] Non-mmapped space allocated:                 1048576 Byte
20220314 010556.100 INFO             PET0 PIOc_sync Enter - MemInfo: [malloc] Space allocated in mmapped regions:         11808768 Byte
20220314 010556.101 INFO             PET0 PIOc_sync Enter - MemInfo: [malloc] Maximum total allocated space:                     0 Byte
20220314 010556.101 INFO             PET0 PIOc_sync Enter - MemInfo: [malloc] Space in freed fastbin blocks:                     0 Byte
20220314 010556.101 INFO             PET0 PIOc_sync Enter - MemInfo: [malloc] Total allocated space:                        960864 Byte
20220314 010556.101 INFO             PET0 PIOc_sync Enter - MemInfo: [malloc] Total free space:                              87712 Byte
20220314 010556.101 INFO             PET0 PIOc_sync Enter - MemInfo: [malloc] Top-most, releasable space:                    83488 Byte
20220314 010556.101 INFO             PET0 PIOc_sync Enter - MemInfo: [malloc] Total space in use, mmap + non-mmap:        12769632 Byte
20220314 010556.101 INFO             PET0 PIOc_sync Enter - MemInfo: [malloc] Total space held (mmap + non-mmap):         12857344 Byte
20220314 010556.101 INFO             PET0 PIOc_sync Enter - MemInfo: [malloc] Total space used (mmap + non-mmap):         12778720 Byte
20220314 010556.101 INFO             PET0 PIOc_sync Enter - MemInfo: Wall-clock time since execution start:              0.0563838 seconds
20220314 010556.101 INFO             PET0 PIOc_sync Exit - MemInfo: [/proc/meminfo - SSI]	MemTotal:       65855856 kB
20220314 010556.101 INFO             PET0 PIOc_sync Exit - MemInfo: [/proc/meminfo - SSI]	MemFree:        61263920 kB
20220314 010556.101 INFO             PET0 PIOc_sync Exit - MemInfo: [/proc/meminfo - SSI]	MemAvailable:   61052728 kB
20220314 010556.101 INFO             PET0 PIOc_sync Exit - MemInfo: [/proc/meminfo - SSI]	Committed_AS:    2840312 kB
20220314 010556.101 INFO             PET0 PIOc_sync Exit - MemInfo: [/proc/meminfo - SSI]	CommittedPercent: 4.31292 %
20220314 010556.101 INFO             PET0 PIOc_sync Exit - MemInfo: [/proc/self/status]	VmPeak:	  228460 kB
20220314 010556.101 INFO             PET0 PIOc_sync Exit - MemInfo: [/proc/self/status]	VmSize:	  228460 kB
20220314 010556.101 INFO             PET0 PIOc_sync Exit - MemInfo: [/proc/self/status]	VmLck:	       0 kB
20220314 010556.101 INFO             PET0 PIOc_sync Exit - MemInfo: [/proc/self/status]	VmPin:	       0 kB
20220314 010556.101 INFO             PET0 PIOc_sync Exit - MemInfo: [/proc/self/status]	VmHWM:	   29492 kB
20220314 010556.101 INFO             PET0 PIOc_sync Exit - MemInfo: [/proc/self/status]	VmRSS:	   29492 kB
20220314 010556.101 INFO             PET0 PIOc_sync Exit - MemInfo: [/proc/self/status]	VmData:	   33952 kB
20220314 010556.101 INFO             PET0 PIOc_sync Exit - MemInfo: [/proc/self/status]	VmStk:	     508 kB
20220314 010556.101 INFO             PET0 PIOc_sync Exit - MemInfo: [/proc/self/status]	VmExe:	    1944 kB
20220314 010556.101 INFO             PET0 PIOc_sync Exit - MemInfo: [/proc/self/status]	VmLib:	   93984 kB
20220314 010556.101 INFO             PET0 PIOc_sync Exit - MemInfo: [/proc/self/status]	VmPTE:	     356 kB
20220314 010556.101 INFO             PET0 PIOc_sync Exit - MemInfo: [/proc/self/status]	VmPMD:	      12 kB
20220314 010556.101 INFO             PET0 PIOc_sync Exit - MemInfo: [/proc/self/status]	VmSwap:	       0 kB
20220314 010556.101 INFO             PET0 PIOc_sync Exit - MemInfo: [/proc/self/status]	VmRSSPercent: 0.0447827 %
20220314 010556.101 INFO             PET0 PIOc_sync Exit - MemInfo: [malloc] Non-mmapped space allocated:                 1183744 Byte
20220314 010556.101 INFO             PET0 PIOc_sync Exit - MemInfo: [malloc] Space allocated in mmapped regions:         12140544 Byte
20220314 010556.101 INFO             PET0 PIOc_sync Exit - MemInfo: [malloc] Maximum total allocated space:                     0 Byte
20220314 010556.101 INFO             PET0 PIOc_sync Exit - MemInfo: [malloc] Space in freed fastbin blocks:                     0 Byte
20220314 010556.101 INFO             PET0 PIOc_sync Exit - MemInfo: [malloc] Total allocated space:                       1074432 Byte
20220314 010556.101 INFO             PET0 PIOc_sync Exit - MemInfo: [malloc] Total free space:                             109312 Byte
20220314 010556.101 INFO             PET0 PIOc_sync Exit - MemInfo: [malloc] Top-most, releasable space:                    94560 Byte
20220314 010556.101 INFO             PET0 PIOc_sync Exit - MemInfo: [malloc] Total space in use, mmap + non-mmap:        13214976 Byte
20220314 010556.101 INFO             PET0 PIOc_sync Exit - MemInfo: [malloc] Total space held (mmap + non-mmap):         13324288 Byte
20220314 010556.101 INFO             PET0 PIOc_sync Exit - MemInfo: [malloc] Total space used (mmap + non-mmap):         13223520 Byte
20220314 010556.101 INFO             PET0 PIOc_sync Exit - MemInfo: Wall-clock time since execution start:              0.0572228 seconds
20220314 010556.102 INFO             PET0 PIOc_freedecomp Enter - MemInfo: [/proc/meminfo - SSI]	MemTotal:       65855856 kB
20220314 010556.102 INFO             PET0 PIOc_freedecomp Enter - MemInfo: [/proc/meminfo - SSI]	MemFree:        61270976 kB
20220314 010556.102 INFO             PET0 PIOc_freedecomp Enter - MemInfo: [/proc/meminfo - SSI]	MemAvailable:   61059784 kB
20220314 010556.102 INFO             PET0 PIOc_freedecomp Enter - MemInfo: [/proc/meminfo - SSI]	Committed_AS:    2832576 kB
20220314 010556.102 INFO             PET0 PIOc_freedecomp Enter - MemInfo: [/proc/meminfo - SSI]	CommittedPercent: 4.30118 %
20220314 010556.102 INFO             PET0 PIOc_freedecomp Enter - MemInfo: [/proc/self/status]	VmPeak:	  228460 kB
20220314 010556.102 INFO             PET0 PIOc_freedecomp Enter - MemInfo: [/proc/self/status]	VmSize:	  219748 kB
20220314 010556.102 INFO             PET0 PIOc_freedecomp Enter - MemInfo: [/proc/self/status]	VmLck:	       0 kB
20220314 010556.102 INFO             PET0 PIOc_freedecomp Enter - MemInfo: [/proc/self/status]	VmPin:	       0 kB
20220314 010556.102 INFO             PET0 PIOc_freedecomp Enter - MemInfo: [/proc/self/status]	VmHWM:	   29492 kB
20220314 010556.102 INFO             PET0 PIOc_freedecomp Enter - MemInfo: [/proc/self/status]	VmRSS:	   21524 kB
20220314 010556.102 INFO             PET0 PIOc_freedecomp Enter - MemInfo: [/proc/self/status]	VmData:	   25240 kB
20220314 010556.102 INFO             PET0 PIOc_freedecomp Enter - MemInfo: [/proc/self/status]	VmStk:	     508 kB
20220314 010556.102 INFO             PET0 PIOc_freedecomp Enter - MemInfo: [/proc/self/status]	VmExe:	    1944 kB
20220314 010556.102 INFO             PET0 PIOc_freedecomp Enter - MemInfo: [/proc/self/status]	VmLib:	   93984 kB
20220314 010556.102 INFO             PET0 PIOc_freedecomp Enter - MemInfo: [/proc/self/status]	VmPTE:	     344 kB
20220314 010556.102 INFO             PET0 PIOc_freedecomp Enter - MemInfo: [/proc/self/status]	VmPMD:	      12 kB
20220314 010556.102 INFO             PET0 PIOc_freedecomp Enter - MemInfo: [/proc/self/status]	VmSwap:	       0 kB
20220314 010556.102 INFO             PET0 PIOc_freedecomp Enter - MemInfo: [/proc/self/status]	VmRSSPercent: 0.0326835 %
20220314 010556.102 INFO             PET0 PIOc_freedecomp Enter - MemInfo: [malloc] Non-mmapped space allocated:                 1183744 Byte
20220314 010556.102 INFO             PET0 PIOc_freedecomp Enter - MemInfo: [malloc] Space allocated in mmapped regions:          3219456 Byte
20220314 010556.102 INFO             PET0 PIOc_freedecomp Enter - MemInfo: [malloc] Maximum total allocated space:                     0 Byte
20220314 010556.102 INFO             PET0 PIOc_freedecomp Enter - MemInfo: [malloc] Space in freed fastbin blocks:                  1360 Byte
20220314 010556.102 INFO             PET0 PIOc_freedecomp Enter - MemInfo: [malloc] Total allocated space:                       1063248 Byte
20220314 010556.102 INFO             PET0 PIOc_freedecomp Enter - MemInfo: [malloc] Total free space:                             120496 Byte
20220314 010556.102 INFO             PET0 PIOc_freedecomp Enter - MemInfo: [malloc] Top-most, releasable space:                    94560 Byte
20220314 010556.102 INFO             PET0 PIOc_freedecomp Enter - MemInfo: [malloc] Total space in use, mmap + non-mmap:         4282704 Byte
20220314 010556.102 INFO             PET0 PIOc_freedecomp Enter - MemInfo: [malloc] Total space held (mmap + non-mmap):          4403200 Byte
20220314 010556.102 INFO             PET0 PIOc_freedecomp Enter - MemInfo: [malloc] Total space used (mmap + non-mmap):          4290912 Byte
20220314 010556.102 INFO             PET0 PIOc_freedecomp Enter - MemInfo: Wall-clock time since execution start:              0.0578969 seconds
20220314 010556.102 INFO             PET0 PIOc_freedecomp Exit - MemInfo: [/proc/meminfo - SSI]	MemTotal:       65855856 kB
20220314 010556.102 INFO             PET0 PIOc_freedecomp Exit - MemInfo: [/proc/meminfo - SSI]	MemFree:        61270976 kB
20220314 010556.102 INFO             PET0 PIOc_freedecomp Exit - MemInfo: [/proc/meminfo - SSI]	MemAvailable:   61059784 kB
20220314 010556.102 INFO             PET0 PIOc_freedecomp Exit - MemInfo: [/proc/meminfo - SSI]	Committed_AS:    2832576 kB
20220314 010556.102 INFO             PET0 PIOc_freedecomp Exit - MemInfo: [/proc/meminfo - SSI]	CommittedPercent: 4.30118 %
20220314 010556.102 INFO             PET0 PIOc_freedecomp Exit - MemInfo: [/proc/self/status]	VmPeak:	  228460 kB
20220314 010556.102 INFO             PET0 PIOc_freedecomp Exit - MemInfo: [/proc/self/status]	VmSize:	  219748 kB
20220314 010556.102 INFO             PET0 PIOc_freedecomp Exit - MemInfo: [/proc/self/status]	VmLck:	       0 kB
20220314 010556.102 INFO             PET0 PIOc_freedecomp Exit - MemInfo: [/proc/self/status]	VmPin:	       0 kB
20220314 010556.102 INFO             PET0 PIOc_freedecomp Exit - MemInfo: [/proc/self/status]	VmHWM:	   29492 kB
20220314 010556.102 INFO             PET0 PIOc_freedecomp Exit - MemInfo: [/proc/self/status]	VmRSS:	   21524 kB
20220314 010556.102 INFO             PET0 PIOc_freedecomp Exit - MemInfo: [/proc/self/status]	VmData:	   25240 kB
20220314 010556.102 INFO             PET0 PIOc_freedecomp Exit - MemInfo: [/proc/self/status]	VmStk:	     508 kB
20220314 010556.102 INFO             PET0 PIOc_freedecomp Exit - MemInfo: [/proc/self/status]	VmExe:	    1944 kB
20220314 010556.102 INFO             PET0 PIOc_freedecomp Exit - MemInfo: [/proc/self/status]	VmLib:	   93984 kB
20220314 010556.102 INFO             PET0 PIOc_freedecomp Exit - MemInfo: [/proc/self/status]	VmPTE:	     344 kB
20220314 010556.102 INFO             PET0 PIOc_freedecomp Exit - MemInfo: [/proc/self/status]	VmPMD:	      12 kB
20220314 010556.102 INFO             PET0 PIOc_freedecomp Exit - MemInfo: [/proc/self/status]	VmSwap:	       0 kB
20220314 010556.102 INFO             PET0 PIOc_freedecomp Exit - MemInfo: [/proc/self/status]	VmRSSPercent: 0.0326835 %
20220314 010556.102 INFO             PET0 PIOc_freedecomp Exit - MemInfo: [malloc] Non-mmapped space allocated:                 1183744 Byte
20220314 010556.102 INFO             PET0 PIOc_freedecomp Exit - MemInfo: [malloc] Space allocated in mmapped regions:          3219456 Byte
20220314 010556.102 INFO             PET0 PIOc_freedecomp Exit - MemInfo: [malloc] Maximum total allocated space:                     0 Byte
20220314 010556.102 INFO             PET0 PIOc_freedecomp Exit - MemInfo: [malloc] Space in freed fastbin blocks:                   384 Byte
20220314 010556.102 INFO             PET0 PIOc_freedecomp Exit - MemInfo: [malloc] Total allocated space:                       1029920 Byte
20220314 010556.102 INFO             PET0 PIOc_freedecomp Exit - MemInfo: [malloc] Total free space:                             153824 Byte
20220314 010556.102 INFO             PET0 PIOc_freedecomp Exit - MemInfo: [malloc] Top-most, releasable space:                    98432 Byte
20220314 010556.102 INFO             PET0 PIOc_freedecomp Exit - MemInfo: [malloc] Total space in use, mmap + non-mmap:         4249376 Byte
20220314 010556.102 INFO             PET0 PIOc_freedecomp Exit - MemInfo: [malloc] Total space held (mmap + non-mmap):          4403200 Byte
20220314 010556.102 INFO             PET0 PIOc_freedecomp Exit - MemInfo: [malloc] Total space used (mmap + non-mmap):          4257808 Byte
20220314 010556.102 INFO             PET0 PIOc_freedecomp Exit - MemInfo: Wall-clock time since execution start:              0.0581608 seconds
20220314 010556.102 INFO             PET0 PIOc_freedecomp Enter - MemInfo: [/proc/meminfo - SSI]	MemTotal:       65855856 kB
20220314 010556.102 INFO             PET0 PIOc_freedecomp Enter - MemInfo: [/proc/meminfo - SSI]	MemFree:        61270976 kB
20220314 010556.102 INFO             PET0 PIOc_freedecomp Enter - MemInfo: [/proc/meminfo - SSI]	MemAvailable:   61059784 kB
20220314 010556.102 INFO             PET0 PIOc_freedecomp Enter - MemInfo: [/proc/meminfo - SSI]	Committed_AS:    2832576 kB
20220314 010556.102 INFO             PET0 PIOc_freedecomp Enter - MemInfo: [/proc/meminfo - SSI]	CommittedPercent: 4.30118 %
20220314 010556.102 INFO             PET0 PIOc_freedecomp Enter - MemInfo: [/proc/self/status]	VmPeak:	  228460 kB
20220314 010556.102 INFO             PET0 PIOc_freedecomp Enter - MemInfo: [/proc/self/status]	VmSize:	  219748 kB
20220314 010556.102 INFO             PET0 PIOc_freedecomp Enter - MemInfo: [/proc/self/status]	VmLck:	       0 kB
20220314 010556.102 INFO             PET0 PIOc_freedecomp Enter - MemInfo: [/proc/self/status]	VmPin:	       0 kB
20220314 010556.102 INFO             PET0 PIOc_freedecomp Enter - MemInfo: [/proc/self/status]	VmHWM:	   29492 kB
20220314 010556.102 INFO             PET0 PIOc_freedecomp Enter - MemInfo: [/proc/self/status]	VmRSS:	   21524 kB
20220314 010556.102 INFO             PET0 PIOc_freedecomp Enter - MemInfo: [/proc/self/status]	VmData:	   25240 kB
20220314 010556.102 INFO             PET0 PIOc_freedecomp Enter - MemInfo: [/proc/self/status]	VmStk:	     508 kB
20220314 010556.102 INFO             PET0 PIOc_freedecomp Enter - MemInfo: [/proc/self/status]	VmExe:	    1944 kB
20220314 010556.102 INFO             PET0 PIOc_freedecomp Enter - MemInfo: [/proc/self/status]	VmLib:	   93984 kB
20220314 010556.102 INFO             PET0 PIOc_freedecomp Enter - MemInfo: [/proc/self/status]	VmPTE:	     344 kB
20220314 010556.103 INFO             PET0 PIOc_freedecomp Enter - MemInfo: [/proc/self/status]	VmPMD:	      12 kB
20220314 010556.103 INFO             PET0 PIOc_freedecomp Enter - MemInfo: [/proc/self/status]	VmSwap:	       0 kB
20220314 010556.103 INFO             PET0 PIOc_freedecomp Enter - MemInfo: [/proc/self/status]	VmRSSPercent: 0.0326835 %
20220314 010556.103 INFO             PET0 PIOc_freedecomp Enter - MemInfo: [malloc] Non-mmapped space allocated:                 1183744 Byte
20220314 010556.103 INFO             PET0 PIOc_freedecomp Enter - MemInfo: [malloc] Space allocated in mmapped regions:          3219456 Byte
20220314 010556.103 INFO             PET0 PIOc_freedecomp Enter - MemInfo: [malloc] Maximum total allocated space:                     0 Byte
20220314 010556.103 INFO             PET0 PIOc_freedecomp Enter - MemInfo: [malloc] Space in freed fastbin blocks:                     0 Byte
20220314 010556.103 INFO             PET0 PIOc_freedecomp Enter - MemInfo: [malloc] Total allocated space:                       1030480 Byte
20220314 010556.103 INFO             PET0 PIOc_freedecomp Enter - MemInfo: [malloc] Total free space:                             153264 Byte
20220314 010556.103 INFO             PET0 PIOc_freedecomp Enter - MemInfo: [malloc] Top-most, releasable space:                    98432 Byte
20220314 010556.103 INFO             PET0 PIOc_freedecomp Enter - MemInfo: [malloc] Total space in use, mmap + non-mmap:         4249936 Byte
20220314 010556.103 INFO             PET0 PIOc_freedecomp Enter - MemInfo: [malloc] Total space held (mmap + non-mmap):          4403200 Byte
20220314 010556.103 INFO             PET0 PIOc_freedecomp Enter - MemInfo: [malloc] Total space used (mmap + non-mmap):          4258144 Byte
20220314 010556.103 INFO             PET0 PIOc_freedecomp Enter - MemInfo: Wall-clock time since execution start:              0.0584109 seconds
20220314 010556.103 INFO             PET0 PIOc_freedecomp Exit - MemInfo: [/proc/meminfo - SSI]	MemTotal:       65855856 kB
20220314 010556.103 INFO             PET0 PIOc_freedecomp Exit - MemInfo: [/proc/meminfo - SSI]	MemFree:        61270976 kB
20220314 010556.103 INFO             PET0 PIOc_freedecomp Exit - MemInfo: [/proc/meminfo - SSI]	MemAvailable:   61059784 kB
20220314 010556.103 INFO             PET0 PIOc_freedecomp Exit - MemInfo: [/proc/meminfo - SSI]	Committed_AS:    2832576 kB
20220314 010556.103 INFO             PET0 PIOc_freedecomp Exit - MemInfo: [/proc/meminfo - SSI]	CommittedPercent: 4.30118 %
20220314 010556.103 INFO             PET0 PIOc_freedecomp Exit - MemInfo: [/proc/self/status]	VmPeak:	  228460 kB
20220314 010556.103 INFO             PET0 PIOc_freedecomp Exit - MemInfo: [/proc/self/status]	VmSize:	  219748 kB
20220314 010556.103 INFO             PET0 PIOc_freedecomp Exit - MemInfo: [/proc/self/status]	VmLck:	       0 kB
20220314 010556.103 INFO             PET0 PIOc_freedecomp Exit - MemInfo: [/proc/self/status]	VmPin:	       0 kB
20220314 010556.103 INFO             PET0 PIOc_freedecomp Exit - MemInfo: [/proc/self/status]	VmHWM:	   29492 kB
20220314 010556.103 INFO             PET0 PIOc_freedecomp Exit - MemInfo: [/proc/self/status]	VmRSS:	   21524 kB
20220314 010556.103 INFO             PET0 PIOc_freedecomp Exit - MemInfo: [/proc/self/status]	VmData:	   25240 kB
20220314 010556.103 INFO             PET0 PIOc_freedecomp Exit - MemInfo: [/proc/self/status]	VmStk:	     508 kB
20220314 010556.103 INFO             PET0 PIOc_freedecomp Exit - MemInfo: [/proc/self/status]	VmExe:	    1944 kB
20220314 010556.103 INFO             PET0 PIOc_freedecomp Exit - MemInfo: [/proc/self/status]	VmLib:	   93984 kB
20220314 010556.103 INFO             PET0 PIOc_freedecomp Exit - MemInfo: [/proc/self/status]	VmPTE:	     344 kB
20220314 010556.103 INFO             PET0 PIOc_freedecomp Exit - MemInfo: [/proc/self/status]	VmPMD:	      12 kB
20220314 010556.103 INFO             PET0 PIOc_freedecomp Exit - MemInfo: [/proc/self/status]	VmSwap:	       0 kB
20220314 010556.103 INFO             PET0 PIOc_freedecomp Exit - MemInfo: [/proc/self/status]	VmRSSPercent: 0.0326835 %
20220314 010556.103 INFO             PET0 PIOc_freedecomp Exit - MemInfo: [malloc] Non-mmapped space allocated:                 1183744 Byte
20220314 010556.103 INFO             PET0 PIOc_freedecomp Exit - MemInfo: [malloc] Space allocated in mmapped regions:          3219456 Byte
20220314 010556.103 INFO             PET0 PIOc_freedecomp Exit - MemInfo: [malloc] Maximum total allocated space:                     0 Byte
20220314 010556.103 INFO             PET0 PIOc_freedecomp Exit - MemInfo: [malloc] Space in freed fastbin blocks:                   432 Byte
20220314 010556.103 INFO             PET0 PIOc_freedecomp Exit - MemInfo: [malloc] Total allocated space:                       1027504 Byte
20220314 010556.103 INFO             PET0 PIOc_freedecomp Exit - MemInfo: [malloc] Total free space:                             156240 Byte
20220314 010556.103 INFO             PET0 PIOc_freedecomp Exit - MemInfo: [malloc] Top-most, releasable space:                    98432 Byte
20220314 010556.103 INFO             PET0 PIOc_freedecomp Exit - MemInfo: [malloc] Total space in use, mmap + non-mmap:         4246960 Byte
20220314 010556.103 INFO             PET0 PIOc_freedecomp Exit - MemInfo: [malloc] Total space held (mmap + non-mmap):          4403200 Byte
20220314 010556.103 INFO             PET0 PIOc_freedecomp Exit - MemInfo: [malloc] Total space used (mmap + non-mmap):          4255168 Byte
20220314 010556.103 INFO             PET0 PIOc_freedecomp Exit - MemInfo: Wall-clock time since execution start:               0.058661 seconds
20220314 010556.103 INFO             PET0 PIOc_freedecomp Enter - MemInfo: [/proc/meminfo - SSI]	MemTotal:       65855856 kB
20220314 010556.103 INFO             PET0 PIOc_freedecomp Enter - MemInfo: [/proc/meminfo - SSI]	MemFree:        61270976 kB
20220314 010556.103 INFO             PET0 PIOc_freedecomp Enter - MemInfo: [/proc/meminfo - SSI]	MemAvailable:   61059784 kB
20220314 010556.103 INFO             PET0 PIOc_freedecomp Enter - MemInfo: [/proc/meminfo - SSI]	Committed_AS:    2832576 kB
20220314 010556.103 INFO             PET0 PIOc_freedecomp Enter - MemInfo: [/proc/meminfo - SSI]	CommittedPercent: 4.30118 %
20220314 010556.103 INFO             PET0 PIOc_freedecomp Enter - MemInfo: [/proc/self/status]	VmPeak:	  228460 kB
20220314 010556.103 INFO             PET0 PIOc_freedecomp Enter - MemInfo: [/proc/self/status]	VmSize:	  219748 kB
20220314 010556.103 INFO             PET0 PIOc_freedecomp Enter - MemInfo: [/proc/self/status]	VmLck:	       0 kB
20220314 010556.103 INFO             PET0 PIOc_freedecomp Enter - MemInfo: [/proc/self/status]	VmPin:	       0 kB
20220314 010556.103 INFO             PET0 PIOc_freedecomp Enter - MemInfo: [/proc/self/status]	VmHWM:	   29492 kB
20220314 010556.103 INFO             PET0 PIOc_freedecomp Enter - MemInfo: [/proc/self/status]	VmRSS:	   21524 kB
20220314 010556.103 INFO             PET0 PIOc_freedecomp Enter - MemInfo: [/proc/self/status]	VmData:	   25240 kB
20220314 010556.103 INFO             PET0 PIOc_freedecomp Enter - MemInfo: [/proc/self/status]	VmStk:	     508 kB
20220314 010556.103 INFO             PET0 PIOc_freedecomp Enter - MemInfo: [/proc/self/status]	VmExe:	    1944 kB
20220314 010556.103 INFO             PET0 PIOc_freedecomp Enter - MemInfo: [/proc/self/status]	VmLib:	   93984 kB
20220314 010556.103 INFO             PET0 PIOc_freedecomp Enter - MemInfo: [/proc/self/status]	VmPTE:	     344 kB
20220314 010556.103 INFO             PET0 PIOc_freedecomp Enter - MemInfo: [/proc/self/status]	VmPMD:	      12 kB
20220314 010556.103 INFO             PET0 PIOc_freedecomp Enter - MemInfo: [/proc/self/status]	VmSwap:	       0 kB
20220314 010556.103 INFO             PET0 PIOc_freedecomp Enter - MemInfo: [/proc/self/status]	VmRSSPercent: 0.0326835 %
20220314 010556.103 INFO             PET0 PIOc_freedecomp Enter - MemInfo: [malloc] Non-mmapped space allocated:                 1183744 Byte
20220314 010556.103 INFO             PET0 PIOc_freedecomp Enter - MemInfo: [malloc] Space allocated in mmapped regions:          3219456 Byte
20220314 010556.103 INFO             PET0 PIOc_freedecomp Enter - MemInfo: [malloc] Maximum total allocated space:                     0 Byte
20220314 010556.103 INFO             PET0 PIOc_freedecomp Enter - MemInfo: [malloc] Space in freed fastbin blocks:                    64 Byte
20220314 010556.103 INFO             PET0 PIOc_freedecomp Enter - MemInfo: [malloc] Total allocated space:                       1027664 Byte
20220314 010556.103 INFO             PET0 PIOc_freedecomp Enter - MemInfo: [malloc] Total free space:                             156080 Byte
20220314 010556.103 INFO             PET0 PIOc_freedecomp Enter - MemInfo: [malloc] Top-most, releasable space:                    98432 Byte
20220314 010556.103 INFO             PET0 PIOc_freedecomp Enter - MemInfo: [malloc] Total space in use, mmap + non-mmap:         4247120 Byte
20220314 010556.103 INFO             PET0 PIOc_freedecomp Enter - MemInfo: [malloc] Total space held (mmap + non-mmap):          4403200 Byte
20220314 010556.103 INFO             PET0 PIOc_freedecomp Enter - MemInfo: [malloc] Total space used (mmap + non-mmap):          4255328 Byte
20220314 010556.103 INFO             PET0 PIOc_freedecomp Enter - MemInfo: Wall-clock time since execution start:              0.0588808 seconds
20220314 010556.103 INFO             PET0 PIOc_freedecomp Exit - MemInfo: [/proc/meminfo - SSI]	MemTotal:       65855856 kB
20220314 010556.103 INFO             PET0 PIOc_freedecomp Exit - MemInfo: [/proc/meminfo - SSI]	MemFree:        61270976 kB
20220314 010556.103 INFO             PET0 PIOc_freedecomp Exit - MemInfo: [/proc/meminfo - SSI]	MemAvailable:   61059784 kB
20220314 010556.103 INFO             PET0 PIOc_freedecomp Exit - MemInfo: [/proc/meminfo - SSI]	Committed_AS:    2832576 kB
20220314 010556.103 INFO             PET0 PIOc_freedecomp Exit - MemInfo: [/proc/meminfo - SSI]	CommittedPercent: 4.30118 %
20220314 010556.103 INFO             PET0 PIOc_freedecomp Exit - MemInfo: [/proc/self/status]	VmPeak:	  228460 kB
20220314 010556.103 INFO             PET0 PIOc_freedecomp Exit - MemInfo: [/proc/self/status]	VmSize:	  219748 kB
20220314 010556.103 INFO             PET0 PIOc_freedecomp Exit - MemInfo: [/proc/self/status]	VmLck:	       0 kB
20220314 010556.103 INFO             PET0 PIOc_freedecomp Exit - MemInfo: [/proc/self/status]	VmPin:	       0 kB
20220314 010556.103 INFO             PET0 PIOc_freedecomp Exit - MemInfo: [/proc/self/status]	VmHWM:	   29492 kB
20220314 010556.103 INFO             PET0 PIOc_freedecomp Exit - MemInfo: [/proc/self/status]	VmRSS:	   21524 kB
20220314 010556.103 INFO             PET0 PIOc_freedecomp Exit - MemInfo: [/proc/self/status]	VmData:	   25240 kB
20220314 010556.103 INFO             PET0 PIOc_freedecomp Exit - MemInfo: [/proc/self/status]	VmStk:	     508 kB
20220314 010556.103 INFO             PET0 PIOc_freedecomp Exit - MemInfo: [/proc/self/status]	VmExe:	    1944 kB
20220314 010556.103 INFO             PET0 PIOc_freedecomp Exit - MemInfo: [/proc/self/status]	VmLib:	   93984 kB
20220314 010556.103 INFO             PET0 PIOc_freedecomp Exit - MemInfo: [/proc/self/status]	VmPTE:	     344 kB
20220314 010556.103 INFO             PET0 PIOc_freedecomp Exit - MemInfo: [/proc/self/status]	VmPMD:	      12 kB
20220314 010556.103 INFO             PET0 PIOc_freedecomp Exit - MemInfo: [/proc/self/status]	VmSwap:	       0 kB
20220314 010556.103 INFO             PET0 PIOc_freedecomp Exit - MemInfo: [/proc/self/status]	VmRSSPercent: 0.0326835 %
20220314 010556.103 INFO             PET0 PIOc_freedecomp Exit - MemInfo: [malloc] Non-mmapped space allocated:                 1183744 Byte
20220314 010556.103 INFO             PET0 PIOc_freedecomp Exit - MemInfo: [malloc] Space allocated in mmapped regions:          3219456 Byte
20220314 010556.103 INFO             PET0 PIOc_freedecomp Exit - MemInfo: [malloc] Maximum total allocated space:                     0 Byte
20220314 010556.103 INFO             PET0 PIOc_freedecomp Exit - MemInfo: [malloc] Space in freed fastbin blocks:                   528 Byte
20220314 010556.103 INFO             PET0 PIOc_freedecomp Exit - MemInfo: [malloc] Total allocated space:                       1022800 Byte
20220314 010556.103 INFO             PET0 PIOc_freedecomp Exit - MemInfo: [malloc] Total free space:                             160944 Byte
20220314 010556.103 INFO             PET0 PIOc_freedecomp Exit - MemInfo: [malloc] Top-most, releasable space:                    98432 Byte
20220314 010556.103 INFO             PET0 PIOc_freedecomp Exit - MemInfo: [malloc] Total space in use, mmap + non-mmap:         4242256 Byte
20220314 010556.103 INFO             PET0 PIOc_freedecomp Exit - MemInfo: [malloc] Total space held (mmap + non-mmap):          4403200 Byte
20220314 010556.103 INFO             PET0 PIOc_freedecomp Exit - MemInfo: [malloc] Total space used (mmap + non-mmap):          4250464 Byte
20220314 010556.103 INFO             PET0 PIOc_freedecomp Exit - MemInfo: Wall-clock time since execution start:              0.0591779 seconds
20220314 010556.103 INFO             PET0  PASS  ArrayBundleWrite Single file Test, ESMF_ArrayBundleIOUTest.F90, line 167
20220314 010556.117 INFO             PET0 PIOc_sync Enter - MemInfo: [/proc/meminfo - SSI]	MemTotal:       65855856 kB
20220314 010556.117 INFO             PET0 PIOc_sync Enter - MemInfo: [/proc/meminfo - SSI]	MemFree:        61264424 kB
20220314 010556.117 INFO             PET0 PIOc_sync Enter - MemInfo: [/proc/meminfo - SSI]	MemAvailable:   61053232 kB
20220314 010556.117 INFO             PET0 PIOc_sync Enter - MemInfo: [/proc/meminfo - SSI]	Committed_AS:    2840796 kB
20220314 010556.117 INFO             PET0 PIOc_sync Enter - MemInfo: [/proc/meminfo - SSI]	CommittedPercent: 4.31366 %
20220314 010556.117 INFO             PET0 PIOc_sync Enter - MemInfo: [/proc/self/status]	VmPeak:	  228484 kB
20220314 010556.117 INFO             PET0 PIOc_sync Enter - MemInfo: [/proc/self/status]	VmSize:	  228484 kB
20220314 010556.117 INFO             PET0 PIOc_sync Enter - MemInfo: [/proc/self/status]	VmLck:	       0 kB
20220314 010556.117 INFO             PET0 PIOc_sync Enter - MemInfo: [/proc/self/status]	VmPin:	       0 kB
20220314 010556.117 INFO             PET0 PIOc_sync Enter - MemInfo: [/proc/self/status]	VmHWM:	   29672 kB
20220314 010556.117 INFO             PET0 PIOc_sync Enter - MemInfo: [/proc/self/status]	VmRSS:	   29672 kB
20220314 010556.117 INFO             PET0 PIOc_sync Enter - MemInfo: [/proc/self/status]	VmData:	   33976 kB
20220314 010556.117 INFO             PET0 PIOc_sync Enter - MemInfo: [/proc/self/status]	VmStk:	     508 kB
20220314 010556.117 INFO             PET0 PIOc_sync Enter - MemInfo: [/proc/self/status]	VmExe:	    1944 kB
20220314 010556.117 INFO             PET0 PIOc_sync Enter - MemInfo: [/proc/self/status]	VmLib:	   93984 kB
20220314 010556.117 INFO             PET0 PIOc_sync Enter - MemInfo: [/proc/self/status]	VmPTE:	     360 kB
20220314 010556.117 INFO             PET0 PIOc_sync Enter - MemInfo: [/proc/self/status]	VmPMD:	      12 kB
20220314 010556.117 INFO             PET0 PIOc_sync Enter - MemInfo: [/proc/self/status]	VmSwap:	       0 kB
20220314 010556.117 INFO             PET0 PIOc_sync Enter - MemInfo: [/proc/self/status]	VmRSSPercent: 0.045056 %
20220314 010556.117 INFO             PET0 PIOc_sync Enter - MemInfo: [malloc] Non-mmapped space allocated:                10129408 Byte
20220314 010556.117 INFO             PET0 PIOc_sync Enter - MemInfo: [malloc] Space allocated in mmapped regions:          3219456 Byte
20220314 010556.117 INFO             PET0 PIOc_sync Enter - MemInfo: [malloc] Maximum total allocated space:                     0 Byte
20220314 010556.117 INFO             PET0 PIOc_sync Enter - MemInfo: [malloc] Space in freed fastbin blocks:                     0 Byte
20220314 010556.117 INFO             PET0 PIOc_sync Enter - MemInfo: [malloc] Total allocated space:                       9973344 Byte
20220314 010556.117 INFO             PET0 PIOc_sync Enter - MemInfo: [malloc] Total free space:                             156064 Byte
20220314 010556.117 INFO             PET0 PIOc_sync Enter - MemInfo: [malloc] Top-most, releasable space:                   131168 Byte
20220314 010556.117 INFO             PET0 PIOc_sync Enter - MemInfo: [malloc] Total space in use, mmap + non-mmap:        13192800 Byte
20220314 010556.117 INFO             PET0 PIOc_sync Enter - MemInfo: [malloc] Total space held (mmap + non-mmap):         13348864 Byte
20220314 010556.117 INFO             PET0 PIOc_sync Enter - MemInfo: [malloc] Total space used (mmap + non-mmap):         13201008 Byte
20220314 010556.117 INFO             PET0 PIOc_sync Enter - MemInfo: Wall-clock time since execution start:              0.0731409 seconds
20220314 010556.118 INFO             PET0 PIOc_sync Exit - MemInfo: [/proc/meminfo - SSI]	MemTotal:       65855856 kB
20220314 010556.118 INFO             PET0 PIOc_sync Exit - MemInfo: [/proc/meminfo - SSI]	MemFree:        61264424 kB
20220314 010556.118 INFO             PET0 PIOc_sync Exit - MemInfo: [/proc/meminfo - SSI]	MemAvailable:   61053232 kB
20220314 010556.118 INFO             PET0 PIOc_sync Exit - MemInfo: [/proc/meminfo - SSI]	Committed_AS:    2840796 kB
20220314 010556.118 INFO             PET0 PIOc_sync Exit - MemInfo: [/proc/meminfo - SSI]	CommittedPercent: 4.31366 %
20220314 010556.118 INFO             PET0 PIOc_sync Exit - MemInfo: [/proc/self/status]	VmPeak:	  228484 kB
20220314 010556.118 INFO             PET0 PIOc_sync Exit - MemInfo: [/proc/self/status]	VmSize:	  228484 kB
20220314 010556.118 INFO             PET0 PIOc_sync Exit - MemInfo: [/proc/self/status]	VmLck:	       0 kB
20220314 010556.118 INFO             PET0 PIOc_sync Exit - MemInfo: [/proc/self/status]	VmPin:	       0 kB
20220314 010556.118 INFO             PET0 PIOc_sync Exit - MemInfo: [/proc/self/status]	VmHWM:	   29672 kB
20220314 010556.118 INFO             PET0 PIOc_sync Exit - MemInfo: [/proc/self/status]	VmRSS:	   29672 kB
20220314 010556.118 INFO             PET0 PIOc_sync Exit - MemInfo: [/proc/self/status]	VmData:	   33976 kB
20220314 010556.118 INFO             PET0 PIOc_sync Exit - MemInfo: [/proc/self/status]	VmStk:	     508 kB
20220314 010556.118 INFO             PET0 PIOc_sync Exit - MemInfo: [/proc/self/status]	VmExe:	    1944 kB
20220314 010556.118 INFO             PET0 PIOc_sync Exit - MemInfo: [/proc/self/status]	VmLib:	   93984 kB
20220314 010556.118 INFO             PET0 PIOc_sync Exit - MemInfo: [/proc/self/status]	VmPTE:	     360 kB
20220314 010556.118 INFO             PET0 PIOc_sync Exit - MemInfo: [/proc/self/status]	VmPMD:	      12 kB
20220314 010556.118 INFO             PET0 PIOc_sync Exit - MemInfo: [/proc/self/status]	VmSwap:	       0 kB
20220314 010556.118 INFO             PET0 PIOc_sync Exit - MemInfo: [/proc/self/status]	VmRSSPercent: 0.045056 %
20220314 010556.118 INFO             PET0 PIOc_sync Exit - MemInfo: [malloc] Non-mmapped space allocated:                10129408 Byte
20220314 010556.118 INFO             PET0 PIOc_sync Exit - MemInfo: [malloc] Space allocated in mmapped regions:          3219456 Byte
20220314 010556.118 INFO             PET0 PIOc_sync Exit - MemInfo: [malloc] Maximum total allocated space:                     0 Byte
20220314 010556.118 INFO             PET0 PIOc_sync Exit - MemInfo: [malloc] Space in freed fastbin blocks:                     0 Byte
20220314 010556.118 INFO             PET0 PIOc_sync Exit - MemInfo: [malloc] Total allocated space:                       9994224 Byte
20220314 010556.118 INFO             PET0 PIOc_sync Exit - MemInfo: [malloc] Total free space:                             135184 Byte
20220314 010556.118 INFO             PET0 PIOc_sync Exit - MemInfo: [malloc] Top-most, releasable space:                   116544 Byte
20220314 010556.118 INFO             PET0 PIOc_sync Exit - MemInfo: [malloc] Total space in use, mmap + non-mmap:        13213680 Byte
20220314 010556.118 INFO             PET0 PIOc_sync Exit - MemInfo: [malloc] Total space held (mmap + non-mmap):         13348864 Byte
20220314 010556.118 INFO             PET0 PIOc_sync Exit - MemInfo: [malloc] Total space used (mmap + non-mmap):         13222000 Byte
20220314 010556.118 INFO             PET0 PIOc_sync Exit - MemInfo: Wall-clock time since execution start:               0.073617 seconds
20220314 010556.118 INFO             PET0 PIOc_freedecomp Enter - MemInfo: [/proc/meminfo - SSI]	MemTotal:       65855856 kB
20220314 010556.118 INFO             PET0 PIOc_freedecomp Enter - MemInfo: [/proc/meminfo - SSI]	MemFree:        61264424 kB
20220314 010556.118 INFO             PET0 PIOc_freedecomp Enter - MemInfo: [/proc/meminfo - SSI]	MemAvailable:   61053232 kB
20220314 010556.118 INFO             PET0 PIOc_freedecomp Enter - MemInfo: [/proc/meminfo - SSI]	Committed_AS:    2840796 kB
20220314 010556.118 INFO             PET0 PIOc_freedecomp Enter - MemInfo: [/proc/meminfo - SSI]	CommittedPercent: 4.31366 %
20220314 010556.118 INFO             PET0 PIOc_freedecomp Enter - MemInfo: [/proc/self/status]	VmPeak:	  228484 kB
20220314 010556.118 INFO             PET0 PIOc_freedecomp Enter - MemInfo: [/proc/self/status]	VmSize:	  228484 kB
20220314 010556.118 INFO             PET0 PIOc_freedecomp Enter - MemInfo: [/proc/self/status]	VmLck:	       0 kB
20220314 010556.118 INFO             PET0 PIOc_freedecomp Enter - MemInfo: [/proc/self/status]	VmPin:	       0 kB
20220314 010556.118 INFO             PET0 PIOc_freedecomp Enter - MemInfo: [/proc/self/status]	VmHWM:	   29672 kB
20220314 010556.118 INFO             PET0 PIOc_freedecomp Enter - MemInfo: [/proc/self/status]	VmRSS:	   29672 kB
20220314 010556.118 INFO             PET0 PIOc_freedecomp Enter - MemInfo: [/proc/self/status]	VmData:	   33976 kB
20220314 010556.118 INFO             PET0 PIOc_freedecomp Enter - MemInfo: [/proc/self/status]	VmStk:	     508 kB
20220314 010556.118 INFO             PET0 PIOc_freedecomp Enter - MemInfo: [/proc/self/status]	VmExe:	    1944 kB
20220314 010556.118 INFO             PET0 PIOc_freedecomp Enter - MemInfo: [/proc/self/status]	VmLib:	   93984 kB
20220314 010556.118 INFO             PET0 PIOc_freedecomp Enter - MemInfo: [/proc/self/status]	VmPTE:	     360 kB
20220314 010556.118 INFO             PET0 PIOc_freedecomp Enter - MemInfo: [/proc/self/status]	VmPMD:	      12 kB
20220314 010556.118 INFO             PET0 PIOc_freedecomp Enter - MemInfo: [/proc/self/status]	VmSwap:	       0 kB
20220314 010556.118 INFO             PET0 PIOc_freedecomp Enter - MemInfo: [/proc/self/status]	VmRSSPercent: 0.045056 %
20220314 010556.118 INFO             PET0 PIOc_freedecomp Enter - MemInfo: [malloc] Non-mmapped space allocated:                10129408 Byte
20220314 010556.118 INFO             PET0 PIOc_freedecomp Enter - MemInfo: [malloc] Space allocated in mmapped regions:          3219456 Byte
20220314 010556.118 INFO             PET0 PIOc_freedecomp Enter - MemInfo: [malloc] Maximum total allocated space:                     0 Byte
20220314 010556.118 INFO             PET0 PIOc_freedecomp Enter - MemInfo: [malloc] Space in freed fastbin blocks:                   176 Byte
20220314 010556.118 INFO             PET0 PIOc_freedecomp Enter - MemInfo: [malloc] Total allocated space:                       1069168 Byte
20220314 010556.118 INFO             PET0 PIOc_freedecomp Enter - MemInfo: [malloc] Total free space:                            9060240 Byte
20220314 010556.118 INFO             PET0 PIOc_freedecomp Enter - MemInfo: [malloc] Top-most, releasable space:                   116544 Byte
20220314 010556.118 INFO             PET0 PIOc_freedecomp Enter - MemInfo: [malloc] Total space in use, mmap + non-mmap:         4288624 Byte
20220314 010556.118 INFO             PET0 PIOc_freedecomp Enter - MemInfo: [malloc] Total space held (mmap + non-mmap):         13348864 Byte
20220314 010556.118 INFO             PET0 PIOc_freedecomp Enter - MemInfo: [malloc] Total space used (mmap + non-mmap):          4296832 Byte
20220314 010556.118 INFO             PET0 PIOc_freedecomp Enter - MemInfo: Wall-clock time since execution start:              0.0740318 seconds
20220314 010556.118 INFO             PET0 PIOc_freedecomp Exit - MemInfo: [/proc/meminfo - SSI]	MemTotal:       65855856 kB
20220314 010556.118 INFO             PET0 PIOc_freedecomp Exit - MemInfo: [/proc/meminfo - SSI]	MemFree:        61264424 kB
20220314 010556.118 INFO             PET0 PIOc_freedecomp Exit - MemInfo: [/proc/meminfo - SSI]	MemAvailable:   61053232 kB
20220314 010556.118 INFO             PET0 PIOc_freedecomp Exit - MemInfo: [/proc/meminfo - SSI]	Committed_AS:    2840796 kB
20220314 010556.118 INFO             PET0 PIOc_freedecomp Exit - MemInfo: [/proc/meminfo - SSI]	CommittedPercent: 4.31366 %
20220314 010556.118 INFO             PET0 PIOc_freedecomp Exit - MemInfo: [/proc/self/status]	VmPeak:	  228484 kB
20220314 010556.118 INFO             PET0 PIOc_freedecomp Exit - MemInfo: [/proc/self/status]	VmSize:	  228484 kB
20220314 010556.118 INFO             PET0 PIOc_freedecomp Exit - MemInfo: [/proc/self/status]	VmLck:	       0 kB
20220314 010556.118 INFO             PET0 PIOc_freedecomp Exit - MemInfo: [/proc/self/status]	VmPin:	       0 kB
20220314 010556.118 INFO             PET0 PIOc_freedecomp Exit - MemInfo: [/proc/self/status]	VmHWM:	   29672 kB
20220314 010556.118 INFO             PET0 PIOc_freedecomp Exit - MemInfo: [/proc/self/status]	VmRSS:	   29672 kB
20220314 010556.118 INFO             PET0 PIOc_freedecomp Exit - MemInfo: [/proc/self/status]	VmData:	   33976 kB
20220314 010556.118 INFO             PET0 PIOc_freedecomp Exit - MemInfo: [/proc/self/status]	VmStk:	     508 kB
20220314 010556.118 INFO             PET0 PIOc_freedecomp Exit - MemInfo: [/proc/self/status]	VmExe:	    1944 kB
20220314 010556.118 INFO             PET0 PIOc_freedecomp Exit - MemInfo: [/proc/self/status]	VmLib:	   93984 kB
20220314 010556.118 INFO             PET0 PIOc_freedecomp Exit - MemInfo: [/proc/self/status]	VmPTE:	     360 kB
20220314 010556.118 INFO             PET0 PIOc_freedecomp Exit - MemInfo: [/proc/self/status]	VmPMD:	      12 kB
20220314 010556.118 INFO             PET0 PIOc_freedecomp Exit - MemInfo: [/proc/self/status]	VmSwap:	       0 kB
20220314 010556.118 INFO             PET0 PIOc_freedecomp Exit - MemInfo: [/proc/self/status]	VmRSSPercent: 0.045056 %
20220314 010556.118 INFO             PET0 PIOc_freedecomp Exit - MemInfo: [malloc] Non-mmapped space allocated:                10129408 Byte
20220314 010556.118 INFO             PET0 PIOc_freedecomp Exit - MemInfo: [malloc] Space allocated in mmapped regions:          3219456 Byte
20220314 010556.118 INFO             PET0 PIOc_freedecomp Exit - MemInfo: [malloc] Maximum total allocated space:                     0 Byte
20220314 010556.118 INFO             PET0 PIOc_freedecomp Exit - MemInfo: [malloc] Space in freed fastbin blocks:                   480 Byte
20220314 010556.118 INFO             PET0 PIOc_freedecomp Exit - MemInfo: [malloc] Total allocated space:                       1035104 Byte
20220314 010556.118 INFO             PET0 PIOc_freedecomp Exit - MemInfo: [malloc] Total free space:                            9094304 Byte
20220314 010556.118 INFO             PET0 PIOc_freedecomp Exit - MemInfo: [malloc] Top-most, releasable space:                  9043872 Byte
20220314 010556.118 INFO             PET0 PIOc_freedecomp Exit - MemInfo: [malloc] Total space in use, mmap + non-mmap:         4254560 Byte
20220314 010556.118 INFO             PET0 PIOc_freedecomp Exit - MemInfo: [malloc] Total space held (mmap + non-mmap):         13348864 Byte
20220314 010556.118 INFO             PET0 PIOc_freedecomp Exit - MemInfo: [malloc] Total space used (mmap + non-mmap):          4262768 Byte
20220314 010556.118 INFO             PET0 PIOc_freedecomp Exit - MemInfo: Wall-clock time since execution start:               0.074291 seconds
20220314 010556.119 INFO             PET0 PIOc_freedecomp Enter - MemInfo: [/proc/meminfo - SSI]	MemTotal:       65855856 kB
20220314 010556.119 INFO             PET0 PIOc_freedecomp Enter - MemInfo: [/proc/meminfo - SSI]	MemFree:        61264424 kB
20220314 010556.119 INFO             PET0 PIOc_freedecomp Enter - MemInfo: [/proc/meminfo - SSI]	MemAvailable:   61053232 kB
20220314 010556.119 INFO             PET0 PIOc_freedecomp Enter - MemInfo: [/proc/meminfo - SSI]	Committed_AS:    2840796 kB
20220314 010556.119 INFO             PET0 PIOc_freedecomp Enter - MemInfo: [/proc/meminfo - SSI]	CommittedPercent: 4.31366 %
20220314 010556.119 INFO             PET0 PIOc_freedecomp Enter - MemInfo: [/proc/self/status]	VmPeak:	  228484 kB
20220314 010556.119 INFO             PET0 PIOc_freedecomp Enter - MemInfo: [/proc/self/status]	VmSize:	  228484 kB
20220314 010556.119 INFO             PET0 PIOc_freedecomp Enter - MemInfo: [/proc/self/status]	VmLck:	       0 kB
20220314 010556.119 INFO             PET0 PIOc_freedecomp Enter - MemInfo: [/proc/self/status]	VmPin:	       0 kB
20220314 010556.119 INFO             PET0 PIOc_freedecomp Enter - MemInfo: [/proc/self/status]	VmHWM:	   29672 kB
20220314 010556.119 INFO             PET0 PIOc_freedecomp Enter - MemInfo: [/proc/self/status]	VmRSS:	   29672 kB
20220314 010556.119 INFO             PET0 PIOc_freedecomp Enter - MemInfo: [/proc/self/status]	VmData:	   33976 kB
20220314 010556.119 INFO             PET0 PIOc_freedecomp Enter - MemInfo: [/proc/self/status]	VmStk:	     508 kB
20220314 010556.119 INFO             PET0 PIOc_freedecomp Enter - MemInfo: [/proc/self/status]	VmExe:	    1944 kB
20220314 010556.119 INFO             PET0 PIOc_freedecomp Enter - MemInfo: [/proc/self/status]	VmLib:	   93984 kB
20220314 010556.119 INFO             PET0 PIOc_freedecomp Enter - MemInfo: [/proc/self/status]	VmPTE:	     360 kB
20220314 010556.119 INFO             PET0 PIOc_freedecomp Enter - MemInfo: [/proc/self/status]	VmPMD:	      12 kB
20220314 010556.119 INFO             PET0 PIOc_freedecomp Enter - MemInfo: [/proc/self/status]	VmSwap:	       0 kB
20220314 010556.119 INFO             PET0 PIOc_freedecomp Enter - MemInfo: [/proc/self/status]	VmRSSPercent: 0.045056 %
20220314 010556.119 INFO             PET0 PIOc_freedecomp Enter - MemInfo: [malloc] Non-mmapped space allocated:                10129408 Byte
20220314 010556.119 INFO             PET0 PIOc_freedecomp Enter - MemInfo: [malloc] Space allocated in mmapped regions:          3219456 Byte
20220314 010556.119 INFO             PET0 PIOc_freedecomp Enter - MemInfo: [malloc] Maximum total allocated space:                     0 Byte
20220314 010556.119 INFO             PET0 PIOc_freedecomp Enter - MemInfo: [malloc] Space in freed fastbin blocks:                    64 Byte
20220314 010556.119 INFO             PET0 PIOc_freedecomp Enter - MemInfo: [malloc] Total allocated space:                       1035040 Byte
20220314 010556.119 INFO             PET0 PIOc_freedecomp Enter - MemInfo: [malloc] Total free space:                            9094368 Byte
20220314 010556.119 INFO             PET0 PIOc_freedecomp Enter - MemInfo: [malloc] Top-most, releasable space:                  9044096 Byte
20220314 010556.119 INFO             PET0 PIOc_freedecomp Enter - MemInfo: [malloc] Total space in use, mmap + non-mmap:         4254496 Byte
20220314 010556.119 INFO             PET0 PIOc_freedecomp Enter - MemInfo: [malloc] Total space held (mmap + non-mmap):         13348864 Byte
20220314 010556.119 INFO             PET0 PIOc_freedecomp Enter - MemInfo: [malloc] Total space used (mmap + non-mmap):          4262704 Byte
20220314 010556.119 INFO             PET0 PIOc_freedecomp Enter - MemInfo: Wall-clock time since execution start:               0.074544 seconds
20220314 010556.119 INFO             PET0 PIOc_freedecomp Exit - MemInfo: [/proc/meminfo - SSI]	MemTotal:       65855856 kB
20220314 010556.119 INFO             PET0 PIOc_freedecomp Exit - MemInfo: [/proc/meminfo - SSI]	MemFree:        61264424 kB
20220314 010556.119 INFO             PET0 PIOc_freedecomp Exit - MemInfo: [/proc/meminfo - SSI]	MemAvailable:   61053232 kB
20220314 010556.119 INFO             PET0 PIOc_freedecomp Exit - MemInfo: [/proc/meminfo - SSI]	Committed_AS:    2840796 kB
20220314 010556.119 INFO             PET0 PIOc_freedecomp Exit - MemInfo: [/proc/meminfo - SSI]	CommittedPercent: 4.31366 %
20220314 010556.119 INFO             PET0 PIOc_freedecomp Exit - MemInfo: [/proc/self/status]	VmPeak:	  228484 kB
20220314 010556.119 INFO             PET0 PIOc_freedecomp Exit - MemInfo: [/proc/self/status]	VmSize:	  228484 kB
20220314 010556.119 INFO             PET0 PIOc_freedecomp Exit - MemInfo: [/proc/self/status]	VmLck:	       0 kB
20220314 010556.119 INFO             PET0 PIOc_freedecomp Exit - MemInfo: [/proc/self/status]	VmPin:	       0 kB
20220314 010556.119 INFO             PET0 PIOc_freedecomp Exit - MemInfo: [/proc/self/status]	VmHWM:	   29672 kB
20220314 010556.119 INFO             PET0 PIOc_freedecomp Exit - MemInfo: [/proc/self/status]	VmRSS:	   29672 kB
20220314 010556.119 INFO             PET0 PIOc_freedecomp Exit - MemInfo: [/proc/self/status]	VmData:	   33976 kB
20220314 010556.119 INFO             PET0 PIOc_freedecomp Exit - MemInfo: [/proc/self/status]	VmStk:	     508 kB
20220314 010556.119 INFO             PET0 PIOc_freedecomp Exit - MemInfo: [/proc/self/status]	VmExe:	    1944 kB
20220314 010556.119 INFO             PET0 PIOc_freedecomp Exit - MemInfo: [/proc/self/status]	VmLib:	   93984 kB
20220314 010556.119 INFO             PET0 PIOc_freedecomp Exit - MemInfo: [/proc/self/status]	VmPTE:	     360 kB
20220314 010556.119 INFO             PET0 PIOc_freedecomp Exit - MemInfo: [/proc/self/status]	VmPMD:	      12 kB
20220314 010556.119 INFO             PET0 PIOc_freedecomp Exit - MemInfo: [/proc/self/status]	VmSwap:	       0 kB
20220314 010556.119 INFO             PET0 PIOc_freedecomp Exit - MemInfo: [/proc/self/status]	VmRSSPercent: 0.045056 %
20220314 010556.119 INFO             PET0 PIOc_freedecomp Exit - MemInfo: [malloc] Non-mmapped space allocated:                10129408 Byte
20220314 010556.119 INFO             PET0 PIOc_freedecomp Exit - MemInfo: [malloc] Space allocated in mmapped regions:          3219456 Byte
20220314 010556.119 INFO             PET0 PIOc_freedecomp Exit - MemInfo: [malloc] Maximum total allocated space:                     0 Byte
20220314 010556.119 INFO             PET0 PIOc_freedecomp Exit - MemInfo: [malloc] Space in freed fastbin blocks:                   544 Byte
20220314 010556.119 INFO             PET0 PIOc_freedecomp Exit - MemInfo: [malloc] Total allocated space:                       1031728 Byte
20220314 010556.119 INFO             PET0 PIOc_freedecomp Exit - MemInfo: [malloc] Total free space:                            9097680 Byte
20220314 010556.119 INFO             PET0 PIOc_freedecomp Exit - MemInfo: [malloc] Top-most, releasable space:                  9044096 Byte
20220314 010556.119 INFO             PET0 PIOc_freedecomp Exit - MemInfo: [malloc] Total space in use, mmap + non-mmap:         4251184 Byte
20220314 010556.119 INFO             PET0 PIOc_freedecomp Exit - MemInfo: [malloc] Total space held (mmap + non-mmap):         13348864 Byte
20220314 010556.119 INFO             PET0 PIOc_freedecomp Exit - MemInfo: [malloc] Total space used (mmap + non-mmap):          4259392 Byte
20220314 010556.119 INFO             PET0 PIOc_freedecomp Exit - MemInfo: Wall-clock time since execution start:              0.0747988 seconds
20220314 010556.119 INFO             PET0 PIOc_freedecomp Enter - MemInfo: [/proc/meminfo - SSI]	MemTotal:       65855856 kB
20220314 010556.119 INFO             PET0 PIOc_freedecomp Enter - MemInfo: [/proc/meminfo - SSI]	MemFree:        61264424 kB
20220314 010556.119 INFO             PET0 PIOc_freedecomp Enter - MemInfo: [/proc/meminfo - SSI]	MemAvailable:   61053232 kB
20220314 010556.119 INFO             PET0 PIOc_freedecomp Enter - MemInfo: [/proc/meminfo - SSI]	Committed_AS:    2840796 kB
20220314 010556.119 INFO             PET0 PIOc_freedecomp Enter - MemInfo: [/proc/meminfo - SSI]	CommittedPercent: 4.31366 %
20220314 010556.119 INFO             PET0 PIOc_freedecomp Enter - MemInfo: [/proc/self/status]	VmPeak:	  228484 kB
20220314 010556.119 INFO             PET0 PIOc_freedecomp Enter - MemInfo: [/proc/self/status]	VmSize:	  228484 kB
20220314 010556.119 INFO             PET0 PIOc_freedecomp Enter - MemInfo: [/proc/self/status]	VmLck:	       0 kB
20220314 010556.119 INFO             PET0 PIOc_freedecomp Enter - MemInfo: [/proc/self/status]	VmPin:	       0 kB
20220314 010556.119 INFO             PET0 PIOc_freedecomp Enter - MemInfo: [/proc/self/status]	VmHWM:	   29672 kB
20220314 010556.119 INFO             PET0 PIOc_freedecomp Enter - MemInfo: [/proc/self/status]	VmRSS:	   29672 kB
20220314 010556.119 INFO             PET0 PIOc_freedecomp Enter - MemInfo: [/proc/self/status]	VmData:	   33976 kB
20220314 010556.119 INFO             PET0 PIOc_freedecomp Enter - MemInfo: [/proc/self/status]	VmStk:	     508 kB
20220314 010556.119 INFO             PET0 PIOc_freedecomp Enter - MemInfo: [/proc/self/status]	VmExe:	    1944 kB
20220314 010556.119 INFO             PET0 PIOc_freedecomp Enter - MemInfo: [/proc/self/status]	VmLib:	   93984 kB
20220314 010556.119 INFO             PET0 PIOc_freedecomp Enter - MemInfo: [/proc/self/status]	VmPTE:	     360 kB
20220314 010556.119 INFO             PET0 PIOc_freedecomp Enter - MemInfo: [/proc/self/status]	VmPMD:	      12 kB
20220314 010556.119 INFO             PET0 PIOc_freedecomp Enter - MemInfo: [/proc/self/status]	VmSwap:	       0 kB
20220314 010556.119 INFO             PET0 PIOc_freedecomp Enter - MemInfo: [/proc/self/status]	VmRSSPercent: 0.045056 %
20220314 010556.119 INFO             PET0 PIOc_freedecomp Enter - MemInfo: [malloc] Non-mmapped space allocated:                10129408 Byte
20220314 010556.119 INFO             PET0 PIOc_freedecomp Enter - MemInfo: [malloc] Space allocated in mmapped regions:          3219456 Byte
20220314 010556.119 INFO             PET0 PIOc_freedecomp Enter - MemInfo: [malloc] Maximum total allocated space:                     0 Byte
20220314 010556.119 INFO             PET0 PIOc_freedecomp Enter - MemInfo: [malloc] Space in freed fastbin blocks:                    64 Byte
20220314 010556.119 INFO             PET0 PIOc_freedecomp Enter - MemInfo: [malloc] Total allocated space:                       1031664 Byte
20220314 010556.119 INFO             PET0 PIOc_freedecomp Enter - MemInfo: [malloc] Total free space:                            9097744 Byte
20220314 010556.119 INFO             PET0 PIOc_freedecomp Enter - MemInfo: [malloc] Top-most, releasable space:                  9044096 Byte
20220314 010556.119 INFO             PET0 PIOc_freedecomp Enter - MemInfo: [malloc] Total space in use, mmap + non-mmap:         4251120 Byte
20220314 010556.119 INFO             PET0 PIOc_freedecomp Enter - MemInfo: [malloc] Total space held (mmap + non-mmap):         13348864 Byte
20220314 010556.119 INFO             PET0 PIOc_freedecomp Enter - MemInfo: [malloc] Total space used (mmap + non-mmap):          4259328 Byte
20220314 010556.119 INFO             PET0 PIOc_freedecomp Enter - MemInfo: Wall-clock time since execution start:              0.0750518 seconds
20220314 010556.119 INFO             PET0 PIOc_freedecomp Exit - MemInfo: [/proc/meminfo - SSI]	MemTotal:       65855856 kB
20220314 010556.119 INFO             PET0 PIOc_freedecomp Exit - MemInfo: [/proc/meminfo - SSI]	MemFree:        61264424 kB
20220314 010556.119 INFO             PET0 PIOc_freedecomp Exit - MemInfo: [/proc/meminfo - SSI]	MemAvailable:   61053232 kB
20220314 010556.119 INFO             PET0 PIOc_freedecomp Exit - MemInfo: [/proc/meminfo - SSI]	Committed_AS:    2840796 kB
20220314 010556.119 INFO             PET0 PIOc_freedecomp Exit - MemInfo: [/proc/meminfo - SSI]	CommittedPercent: 4.31366 %
20220314 010556.119 INFO             PET0 PIOc_freedecomp Exit - MemInfo: [/proc/self/status]	VmPeak:	  228484 kB
20220314 010556.119 INFO             PET0 PIOc_freedecomp Exit - MemInfo: [/proc/self/status]	VmSize:	  228484 kB
20220314 010556.119 INFO             PET0 PIOc_freedecomp Exit - MemInfo: [/proc/self/status]	VmLck:	       0 kB
20220314 010556.119 INFO             PET0 PIOc_freedecomp Exit - MemInfo: [/proc/self/status]	VmPin:	       0 kB
20220314 010556.119 INFO             PET0 PIOc_freedecomp Exit - MemInfo: [/proc/self/status]	VmHWM:	   29672 kB
20220314 010556.119 INFO             PET0 PIOc_freedecomp Exit - MemInfo: [/proc/self/status]	VmRSS:	   29672 kB
20220314 010556.119 INFO             PET0 PIOc_freedecomp Exit - MemInfo: [/proc/self/status]	VmData:	   33976 kB
20220314 010556.119 INFO             PET0 PIOc_freedecomp Exit - MemInfo: [/proc/self/status]	VmStk:	     508 kB
20220314 010556.119 INFO             PET0 PIOc_freedecomp Exit - MemInfo: [/proc/self/status]	VmExe:	    1944 kB
20220314 010556.119 INFO             PET0 PIOc_freedecomp Exit - MemInfo: [/proc/self/status]	VmLib:	   93984 kB
20220314 010556.119 INFO             PET0 PIOc_freedecomp Exit - MemInfo: [/proc/self/status]	VmPTE:	     360 kB
20220314 010556.119 INFO             PET0 PIOc_freedecomp Exit - MemInfo: [/proc/self/status]	VmPMD:	      12 kB
20220314 010556.119 INFO             PET0 PIOc_freedecomp Exit - MemInfo: [/proc/self/status]	VmSwap:	       0 kB
20220314 010556.119 INFO             PET0 PIOc_freedecomp Exit - MemInfo: [/proc/self/status]	VmRSSPercent: 0.045056 %
20220314 010556.119 INFO             PET0 PIOc_freedecomp Exit - MemInfo: [malloc] Non-mmapped space allocated:                10129408 Byte
20220314 010556.120 INFO             PET0 PIOc_freedecomp Exit - MemInfo: [malloc] Space allocated in mmapped regions:          3219456 Byte
20220314 010556.120 INFO             PET0 PIOc_freedecomp Exit - MemInfo: [malloc] Maximum total allocated space:                     0 Byte
20220314 010556.120 INFO             PET0 PIOc_freedecomp Exit - MemInfo: [malloc] Space in freed fastbin blocks:                   592 Byte
20220314 010556.120 INFO             PET0 PIOc_freedecomp Exit - MemInfo: [malloc] Total allocated space:                       1026736 Byte
20220314 010556.120 INFO             PET0 PIOc_freedecomp Exit - MemInfo: [malloc] Total free space:                            9102672 Byte
20220314 010556.120 INFO             PET0 PIOc_freedecomp Exit - MemInfo: [malloc] Top-most, releasable space:                  9044096 Byte
20220314 010556.120 INFO             PET0 PIOc_freedecomp Exit - MemInfo: [malloc] Total space in use, mmap + non-mmap:         4246192 Byte
20220314 010556.120 INFO             PET0 PIOc_freedecomp Exit - MemInfo: [malloc] Total space held (mmap + non-mmap):         13348864 Byte
20220314 010556.120 INFO             PET0 PIOc_freedecomp Exit - MemInfo: [malloc] Total space used (mmap + non-mmap):          4254400 Byte
20220314 010556.120 INFO             PET0 PIOc_freedecomp Exit - MemInfo: Wall-clock time since execution start:              0.0753899 seconds
20220314 010556.120 INFO             PET0  PASS  ArrayBundleWrite Single file with timeslice Test, ESMF_ArrayBundleIOUTest.F90, line 180
20220314 010556.123 INFO             PET0 PIOc_sync Enter - MemInfo: [/proc/meminfo - SSI]	MemTotal:       65855856 kB
20220314 010556.123 INFO             PET0 PIOc_sync Enter - MemInfo: [/proc/meminfo - SSI]	MemFree:        61263920 kB
20220314 010556.123 INFO             PET0 PIOc_sync Enter - MemInfo: [/proc/meminfo - SSI]	MemAvailable:   61052728 kB
20220314 010556.123 INFO             PET0 PIOc_sync Enter - MemInfo: [/proc/meminfo - SSI]	Committed_AS:    2840796 kB
20220314 010556.123 INFO             PET0 PIOc_sync Enter - MemInfo: [/proc/meminfo - SSI]	CommittedPercent: 4.31366 %
20220314 010556.123 INFO             PET0 PIOc_sync Enter - MemInfo: [/proc/self/status]	VmPeak:	  228484 kB
20220314 010556.123 INFO             PET0 PIOc_sync Enter - MemInfo: [/proc/self/status]	VmSize:	  228460 kB
20220314 010556.123 INFO             PET0 PIOc_sync Enter - MemInfo: [/proc/self/status]	VmLck:	       0 kB
20220314 010556.123 INFO             PET0 PIOc_sync Enter - MemInfo: [/proc/self/status]	VmPin:	       0 kB
20220314 010556.123 INFO             PET0 PIOc_sync Enter - MemInfo: [/proc/self/status]	VmHWM:	   30088 kB
20220314 010556.123 INFO             PET0 PIOc_sync Enter - MemInfo: [/proc/self/status]	VmRSS:	   30088 kB
20220314 010556.123 INFO             PET0 PIOc_sync Enter - MemInfo: [/proc/self/status]	VmData:	   33976 kB
20220314 010556.123 INFO             PET0 PIOc_sync Enter - MemInfo: [/proc/self/status]	VmStk:	     508 kB
20220314 010556.123 INFO             PET0 PIOc_sync Enter - MemInfo: [/proc/self/status]	VmExe:	    1944 kB
20220314 010556.123 INFO             PET0 PIOc_sync Enter - MemInfo: [/proc/self/status]	VmLib:	   93984 kB
20220314 010556.123 INFO             PET0 PIOc_sync Enter - MemInfo: [/proc/self/status]	VmPTE:	     360 kB
20220314 010556.123 INFO             PET0 PIOc_sync Enter - MemInfo: [/proc/self/status]	VmPMD:	      12 kB
20220314 010556.123 INFO             PET0 PIOc_sync Enter - MemInfo: [/proc/self/status]	VmSwap:	       0 kB
20220314 010556.123 INFO             PET0 PIOc_sync Enter - MemInfo: [/proc/self/status]	VmRSSPercent: 0.0456877 %
20220314 010556.123 INFO             PET0 PIOc_sync Enter - MemInfo: [malloc] Non-mmapped space allocated:                10129408 Byte
20220314 010556.123 INFO             PET0 PIOc_sync Enter - MemInfo: [malloc] Space allocated in mmapped regions:          3219456 Byte
20220314 010556.123 INFO             PET0 PIOc_sync Enter - MemInfo: [malloc] Maximum total allocated space:                     0 Byte
20220314 010556.123 INFO             PET0 PIOc_sync Enter - MemInfo: [malloc] Space in freed fastbin blocks:                     0 Byte
20220314 010556.123 INFO             PET0 PIOc_sync Enter - MemInfo: [malloc] Total allocated space:                       9954720 Byte
20220314 010556.123 INFO             PET0 PIOc_sync Enter - MemInfo: [malloc] Total free space:                             174688 Byte
20220314 010556.123 INFO             PET0 PIOc_sync Enter - MemInfo: [malloc] Top-most, releasable space:                   131168 Byte
20220314 010556.123 INFO             PET0 PIOc_sync Enter - MemInfo: [malloc] Total space in use, mmap + non-mmap:        13174176 Byte
20220314 010556.123 INFO             PET0 PIOc_sync Enter - MemInfo: [malloc] Total space held (mmap + non-mmap):         13348864 Byte
20220314 010556.123 INFO             PET0 PIOc_sync Enter - MemInfo: [malloc] Total space used (mmap + non-mmap):         13182496 Byte
20220314 010556.123 INFO             PET0 PIOc_sync Enter - MemInfo: Wall-clock time since execution start:              0.0786009 seconds
20220314 010556.123 INFO             PET0 PIOc_sync Exit - MemInfo: [/proc/meminfo - SSI]	MemTotal:       65855856 kB
20220314 010556.123 INFO             PET0 PIOc_sync Exit - MemInfo: [/proc/meminfo - SSI]	MemFree:        61263920 kB
20220314 010556.123 INFO             PET0 PIOc_sync Exit - MemInfo: [/proc/meminfo - SSI]	MemAvailable:   61052728 kB
20220314 010556.123 INFO             PET0 PIOc_sync Exit - MemInfo: [/proc/meminfo - SSI]	Committed_AS:    2840796 kB
20220314 010556.123 INFO             PET0 PIOc_sync Exit - MemInfo: [/proc/meminfo - SSI]	CommittedPercent: 4.31366 %
20220314 010556.123 INFO             PET0 PIOc_sync Exit - MemInfo: [/proc/self/status]	VmPeak:	  228484 kB
20220314 010556.123 INFO             PET0 PIOc_sync Exit - MemInfo: [/proc/self/status]	VmSize:	  228460 kB
20220314 010556.123 INFO             PET0 PIOc_sync Exit - MemInfo: [/proc/self/status]	VmLck:	       0 kB
20220314 010556.123 INFO             PET0 PIOc_sync Exit - MemInfo: [/proc/self/status]	VmPin:	       0 kB
20220314 010556.123 INFO             PET0 PIOc_sync Exit - MemInfo: [/proc/self/status]	VmHWM:	   30088 kB
20220314 010556.123 INFO             PET0 PIOc_sync Exit - MemInfo: [/proc/self/status]	VmRSS:	   30088 kB
20220314 010556.123 INFO             PET0 PIOc_sync Exit - MemInfo: [/proc/self/status]	VmData:	   33976 kB
20220314 010556.123 INFO             PET0 PIOc_sync Exit - MemInfo: [/proc/self/status]	VmStk:	     508 kB
20220314 010556.123 INFO             PET0 PIOc_sync Exit - MemInfo: [/proc/self/status]	VmExe:	    1944 kB
20220314 010556.123 INFO             PET0 PIOc_sync Exit - MemInfo: [/proc/self/status]	VmLib:	   93984 kB
20220314 010556.123 INFO             PET0 PIOc_sync Exit - MemInfo: [/proc/self/status]	VmPTE:	     360 kB
20220314 010556.123 INFO             PET0 PIOc_sync Exit - MemInfo: [/proc/self/status]	VmPMD:	      12 kB
20220314 010556.123 INFO             PET0 PIOc_sync Exit - MemInfo: [/proc/self/status]	VmSwap:	       0 kB
20220314 010556.123 INFO             PET0 PIOc_sync Exit - MemInfo: [/proc/self/status]	VmRSSPercent: 0.0456877 %
20220314 010556.123 INFO             PET0 PIOc_sync Exit - MemInfo: [malloc] Non-mmapped space allocated:                10129408 Byte
20220314 010556.123 INFO             PET0 PIOc_sync Exit - MemInfo: [malloc] Space allocated in mmapped regions:          3219456 Byte
20220314 010556.123 INFO             PET0 PIOc_sync Exit - MemInfo: [malloc] Maximum total allocated space:                     0 Byte
20220314 010556.123 INFO             PET0 PIOc_sync Exit - MemInfo: [malloc] Space in freed fastbin blocks:                     0 Byte
20220314 010556.123 INFO             PET0 PIOc_sync Exit - MemInfo: [malloc] Total allocated space:                       9955280 Byte
20220314 010556.123 INFO             PET0 PIOc_sync Exit - MemInfo: [malloc] Total free space:                             174128 Byte
20220314 010556.123 INFO             PET0 PIOc_sync Exit - MemInfo: [malloc] Top-most, releasable space:                   131168 Byte
20220314 010556.123 INFO             PET0 PIOc_sync Exit - MemInfo: [malloc] Total space in use, mmap + non-mmap:        13174736 Byte
20220314 010556.123 INFO             PET0 PIOc_sync Exit - MemInfo: [malloc] Total space held (mmap + non-mmap):         13348864 Byte
20220314 010556.123 INFO             PET0 PIOc_sync Exit - MemInfo: [malloc] Total space used (mmap + non-mmap):         13183056 Byte
20220314 010556.123 INFO             PET0 PIOc_sync Exit - MemInfo: Wall-clock time since execution start:               0.078938 seconds
20220314 010556.123 WARNING          PET0 ESMCI_PIO_Handler.C:1501 ESMCI::PIO_Handler::isOpen() File, sep.nc000, closed by PIO
20220314 010556.123 WARNING          PET0 ESMCI_PIO_Handler.C:1501 ESMCI::PIO_Handler::isOpen() File, sep.nc000, closed by PIO
20220314 010556.123 WARNING          PET0 ESMCI_PIO_Handler.C:1501 ESMCI::PIO_Handler::isOpen() File, sep.nc000, closed by PIO
20220314 010556.123 WARNING          PET0 ESMCI_PIO_Handler.C:1501 ESMCI::PIO_Handler::isOpen() File, sep.nc001, closed by PIO
20220314 010556.134 INFO             PET0 PIOc_sync Enter - MemInfo: [/proc/meminfo - SSI]	MemTotal:       65855856 kB
20220314 010556.134 INFO             PET0 PIOc_sync Enter - MemInfo: [/proc/meminfo - SSI]	MemFree:        61263740 kB
20220314 010556.134 INFO             PET0 PIOc_sync Enter - MemInfo: [/proc/meminfo - SSI]	MemAvailable:   61052548 kB
20220314 010556.134 INFO             PET0 PIOc_sync Enter - MemInfo: [/proc/meminfo - SSI]	Committed_AS:    2840796 kB
20220314 010556.134 INFO             PET0 PIOc_sync Enter - MemInfo: [/proc/meminfo - SSI]	CommittedPercent: 4.31366 %
20220314 010556.134 INFO             PET0 PIOc_sync Enter - MemInfo: [/proc/self/status]	VmPeak:	  228484 kB
20220314 010556.134 INFO             PET0 PIOc_sync Enter - MemInfo: [/proc/self/status]	VmSize:	  228460 kB
20220314 010556.134 INFO             PET0 PIOc_sync Enter - MemInfo: [/proc/self/status]	VmLck:	       0 kB
20220314 010556.134 INFO             PET0 PIOc_sync Enter - MemInfo: [/proc/self/status]	VmPin:	       0 kB
20220314 010556.134 INFO             PET0 PIOc_sync Enter - MemInfo: [/proc/self/status]	VmHWM:	   30088 kB
20220314 010556.134 INFO             PET0 PIOc_sync Enter - MemInfo: [/proc/self/status]	VmRSS:	   30088 kB
20220314 010556.134 INFO             PET0 PIOc_sync Enter - MemInfo: [/proc/self/status]	VmData:	   33976 kB
20220314 010556.134 INFO             PET0 PIOc_sync Enter - MemInfo: [/proc/self/status]	VmStk:	     508 kB
20220314 010556.134 INFO             PET0 PIOc_sync Enter - MemInfo: [/proc/self/status]	VmExe:	    1944 kB
20220314 010556.134 INFO             PET0 PIOc_sync Enter - MemInfo: [/proc/self/status]	VmLib:	   93984 kB
20220314 010556.134 INFO             PET0 PIOc_sync Enter - MemInfo: [/proc/self/status]	VmPTE:	     360 kB
20220314 010556.134 INFO             PET0 PIOc_sync Enter - MemInfo: [/proc/self/status]	VmPMD:	      12 kB
20220314 010556.134 INFO             PET0 PIOc_sync Enter - MemInfo: [/proc/self/status]	VmSwap:	       0 kB
20220314 010556.134 INFO             PET0 PIOc_sync Enter - MemInfo: [/proc/self/status]	VmRSSPercent: 0.0456877 %
20220314 010556.134 INFO             PET0 PIOc_sync Enter - MemInfo: [malloc] Non-mmapped space allocated:                10129408 Byte
20220314 010556.134 INFO             PET0 PIOc_sync Enter - MemInfo: [malloc] Space allocated in mmapped regions:          3219456 Byte
20220314 010556.134 INFO             PET0 PIOc_sync Enter - MemInfo: [malloc] Maximum total allocated space:                     0 Byte
20220314 010556.134 INFO             PET0 PIOc_sync Enter - MemInfo: [malloc] Space in freed fastbin blocks:                   480 Byte
20220314 010556.134 INFO             PET0 PIOc_sync Enter - MemInfo: [malloc] Total allocated space:                       9961200 Byte
20220314 010556.134 INFO             PET0 PIOc_sync Enter - MemInfo: [malloc] Total free space:                             168208 Byte
20220314 010556.134 INFO             PET0 PIOc_sync Enter - MemInfo: [malloc] Top-most, releasable space:                   131168 Byte
20220314 010556.134 INFO             PET0 PIOc_sync Enter - MemInfo: [malloc] Total space in use, mmap + non-mmap:        13180656 Byte
20220314 010556.134 INFO             PET0 PIOc_sync Enter - MemInfo: [malloc] Total space held (mmap + non-mmap):         13348864 Byte
20220314 010556.134 INFO             PET0 PIOc_sync Enter - MemInfo: [malloc] Total space used (mmap + non-mmap):         13188976 Byte
20220314 010556.134 INFO             PET0 PIOc_sync Enter - MemInfo: Wall-clock time since execution start:              0.0901818 seconds
20220314 010556.135 INFO             PET0 PIOc_sync Exit - MemInfo: [/proc/meminfo - SSI]	MemTotal:       65855856 kB
20220314 010556.135 INFO             PET0 PIOc_sync Exit - MemInfo: [/proc/meminfo - SSI]	MemFree:        61263740 kB
20220314 010556.135 INFO             PET0 PIOc_sync Exit - MemInfo: [/proc/meminfo - SSI]	MemAvailable:   61052548 kB
20220314 010556.135 INFO             PET0 PIOc_sync Exit - MemInfo: [/proc/meminfo - SSI]	Committed_AS:    2840796 kB
20220314 010556.135 INFO             PET0 PIOc_sync Exit - MemInfo: [/proc/meminfo - SSI]	CommittedPercent: 4.31366 %
20220314 010556.135 INFO             PET0 PIOc_sync Exit - MemInfo: [/proc/self/status]	VmPeak:	  228484 kB
20220314 010556.135 INFO             PET0 PIOc_sync Exit - MemInfo: [/proc/self/status]	VmSize:	  228460 kB
20220314 010556.135 INFO             PET0 PIOc_sync Exit - MemInfo: [/proc/self/status]	VmLck:	       0 kB
20220314 010556.135 INFO             PET0 PIOc_sync Exit - MemInfo: [/proc/self/status]	VmPin:	       0 kB
20220314 010556.135 INFO             PET0 PIOc_sync Exit - MemInfo: [/proc/self/status]	VmHWM:	   30088 kB
20220314 010556.135 INFO             PET0 PIOc_sync Exit - MemInfo: [/proc/self/status]	VmRSS:	   30088 kB
20220314 010556.135 INFO             PET0 PIOc_sync Exit - MemInfo: [/proc/self/status]	VmData:	   33976 kB
20220314 010556.135 INFO             PET0 PIOc_sync Exit - MemInfo: [/proc/self/status]	VmStk:	     508 kB
20220314 010556.135 INFO             PET0 PIOc_sync Exit - MemInfo: [/proc/self/status]	VmExe:	    1944 kB
20220314 010556.135 INFO             PET0 PIOc_sync Exit - MemInfo: [/proc/self/status]	VmLib:	   93984 kB
20220314 010556.135 INFO             PET0 PIOc_sync Exit - MemInfo: [/proc/self/status]	VmPTE:	     360 kB
20220314 010556.135 INFO             PET0 PIOc_sync Exit - MemInfo: [/proc/self/status]	VmPMD:	      12 kB
20220314 010556.135 INFO             PET0 PIOc_sync Exit - MemInfo: [/proc/self/status]	VmSwap:	       0 kB
20220314 010556.135 INFO             PET0 PIOc_sync Exit - MemInfo: [/proc/self/status]	VmRSSPercent: 0.0456877 %
20220314 010556.135 INFO             PET0 PIOc_sync Exit - MemInfo: [malloc] Non-mmapped space allocated:                10129408 Byte
20220314 010556.135 INFO             PET0 PIOc_sync Exit - MemInfo: [malloc] Space allocated in mmapped regions:          3219456 Byte
20220314 010556.135 INFO             PET0 PIOc_sync Exit - MemInfo: [malloc] Maximum total allocated space:                     0 Byte
20220314 010556.135 INFO             PET0 PIOc_sync Exit - MemInfo: [malloc] Space in freed fastbin blocks:                   768 Byte
20220314 010556.135 INFO             PET0 PIOc_sync Exit - MemInfo: [malloc] Total allocated space:                       9961696 Byte
20220314 010556.135 INFO             PET0 PIOc_sync Exit - MemInfo: [malloc] Total free space:                             167712 Byte
20220314 010556.135 INFO             PET0 PIOc_sync Exit - MemInfo: [malloc] Top-most, releasable space:                   131168 Byte
20220314 010556.135 INFO             PET0 PIOc_sync Exit - MemInfo: [malloc] Total space in use, mmap + non-mmap:        13181152 Byte
20220314 010556.135 INFO             PET0 PIOc_sync Exit - MemInfo: [malloc] Total space held (mmap + non-mmap):         13348864 Byte
20220314 010556.135 INFO             PET0 PIOc_sync Exit - MemInfo: [malloc] Total space used (mmap + non-mmap):         13189472 Byte
20220314 010556.135 INFO             PET0 PIOc_sync Exit - MemInfo: Wall-clock time since execution start:              0.0905499 seconds
20220314 010556.135 WARNING          PET0 ESMCI_PIO_Handler.C:1501 ESMCI::PIO_Handler::isOpen() File, sep.nc001, closed by PIO
20220314 010556.135 WARNING          PET0 ESMCI_PIO_Handler.C:1501 ESMCI::PIO_Handler::isOpen() File, sep.nc001, closed by PIO
20220314 010556.135 WARNING          PET0 ESMCI_PIO_Handler.C:1501 ESMCI::PIO_Handler::isOpen() File, sep.nc001, closed by PIO
20220314 010556.135 WARNING          PET0 ESMCI_PIO_Handler.C:1501 ESMCI::PIO_Handler::isOpen() File, sep.nc002, closed by PIO
20220314 010556.221 INFO             PET0 PIOc_sync Enter - MemInfo: [/proc/meminfo - SSI]	MemTotal:       65855856 kB
20220314 010556.221 INFO             PET0 PIOc_sync Enter - MemInfo: [/proc/meminfo - SSI]	MemFree:        61263700 kB
20220314 010556.221 INFO             PET0 PIOc_sync Enter - MemInfo: [/proc/meminfo - SSI]	MemAvailable:   61053168 kB
20220314 010556.221 INFO             PET0 PIOc_sync Enter - MemInfo: [/proc/meminfo - SSI]	Committed_AS:    2840796 kB
20220314 010556.221 INFO             PET0 PIOc_sync Enter - MemInfo: [/proc/meminfo - SSI]	CommittedPercent: 4.31366 %
20220314 010556.221 INFO             PET0 PIOc_sync Enter - MemInfo: [/proc/self/status]	VmPeak:	  228484 kB
20220314 010556.221 INFO             PET0 PIOc_sync Enter - MemInfo: [/proc/self/status]	VmSize:	  228460 kB
20220314 010556.221 INFO             PET0 PIOc_sync Enter - MemInfo: [/proc/self/status]	VmLck:	       0 kB
20220314 010556.221 INFO             PET0 PIOc_sync Enter - MemInfo: [/proc/self/status]	VmPin:	       0 kB
20220314 010556.221 INFO             PET0 PIOc_sync Enter - MemInfo: [/proc/self/status]	VmHWM:	   30088 kB
20220314 010556.221 INFO             PET0 PIOc_sync Enter - MemInfo: [/proc/self/status]	VmRSS:	   30088 kB
20220314 010556.221 INFO             PET0 PIOc_sync Enter - MemInfo: [/proc/self/status]	VmData:	   33976 kB
20220314 010556.221 INFO             PET0 PIOc_sync Enter - MemInfo: [/proc/self/status]	VmStk:	     508 kB
20220314 010556.221 INFO             PET0 PIOc_sync Enter - MemInfo: [/proc/self/status]	VmExe:	    1944 kB
20220314 010556.221 INFO             PET0 PIOc_sync Enter - MemInfo: [/proc/self/status]	VmLib:	   93984 kB
20220314 010556.221 INFO             PET0 PIOc_sync Enter - MemInfo: [/proc/self/status]	VmPTE:	     360 kB
20220314 010556.221 INFO             PET0 PIOc_sync Enter - MemInfo: [/proc/self/status]	VmPMD:	      12 kB
20220314 010556.221 INFO             PET0 PIOc_sync Enter - MemInfo: [/proc/self/status]	VmSwap:	       0 kB
20220314 010556.221 INFO             PET0 PIOc_sync Enter - MemInfo: [/proc/self/status]	VmRSSPercent: 0.0456877 %
20220314 010556.221 INFO             PET0 PIOc_sync Enter - MemInfo: [malloc] Non-mmapped space allocated:                10129408 Byte
20220314 010556.221 INFO             PET0 PIOc_sync Enter - MemInfo: [malloc] Space allocated in mmapped regions:          3219456 Byte
20220314 010556.221 INFO             PET0 PIOc_sync Enter - MemInfo: [malloc] Maximum total allocated space:                     0 Byte
20220314 010556.221 INFO             PET0 PIOc_sync Enter - MemInfo: [malloc] Space in freed fastbin blocks:                   528 Byte
20220314 010556.221 INFO             PET0 PIOc_sync Enter - MemInfo: [malloc] Total allocated space:                       9977536 Byte
20220314 010556.221 INFO             PET0 PIOc_sync Enter - MemInfo: [malloc] Total free space:                             151872 Byte
20220314 010556.221 INFO             PET0 PIOc_sync Enter - MemInfo: [malloc] Top-most, releasable space:                   131168 Byte
20220314 010556.221 INFO             PET0 PIOc_sync Enter - MemInfo: [malloc] Total space in use, mmap + non-mmap:        13196992 Byte
20220314 010556.221 INFO             PET0 PIOc_sync Enter - MemInfo: [malloc] Total space held (mmap + non-mmap):         13348864 Byte
20220314 010556.221 INFO             PET0 PIOc_sync Enter - MemInfo: [malloc] Total space used (mmap + non-mmap):         13205312 Byte
20220314 010556.221 INFO             PET0 PIOc_sync Enter - MemInfo: Wall-clock time since execution start:               0.177209 seconds
20220314 010556.222 INFO             PET0 PIOc_sync Exit - MemInfo: [/proc/meminfo - SSI]	MemTotal:       65855856 kB
20220314 010556.222 INFO             PET0 PIOc_sync Exit - MemInfo: [/proc/meminfo - SSI]	MemFree:        61263700 kB
20220314 010556.222 INFO             PET0 PIOc_sync Exit - MemInfo: [/proc/meminfo - SSI]	MemAvailable:   61053168 kB
20220314 010556.222 INFO             PET0 PIOc_sync Exit - MemInfo: [/proc/meminfo - SSI]	Committed_AS:    2840796 kB
20220314 010556.222 INFO             PET0 PIOc_sync Exit - MemInfo: [/proc/meminfo - SSI]	CommittedPercent: 4.31366 %
20220314 010556.222 INFO             PET0 PIOc_sync Exit - MemInfo: [/proc/self/status]	VmPeak:	  228484 kB
20220314 010556.222 INFO             PET0 PIOc_sync Exit - MemInfo: [/proc/self/status]	VmSize:	  228460 kB
20220314 010556.222 INFO             PET0 PIOc_sync Exit - MemInfo: [/proc/self/status]	VmLck:	       0 kB
20220314 010556.222 INFO             PET0 PIOc_sync Exit - MemInfo: [/proc/self/status]	VmPin:	       0 kB
20220314 010556.222 INFO             PET0 PIOc_sync Exit - MemInfo: [/proc/self/status]	VmHWM:	   30088 kB
20220314 010556.222 INFO             PET0 PIOc_sync Exit - MemInfo: [/proc/self/status]	VmRSS:	   30088 kB
20220314 010556.222 INFO             PET0 PIOc_sync Exit - MemInfo: [/proc/self/status]	VmData:	   33976 kB
20220314 010556.222 INFO             PET0 PIOc_sync Exit - MemInfo: [/proc/self/status]	VmStk:	     508 kB
20220314 010556.222 INFO             PET0 PIOc_sync Exit - MemInfo: [/proc/self/status]	VmExe:	    1944 kB
20220314 010556.222 INFO             PET0 PIOc_sync Exit - MemInfo: [/proc/self/status]	VmLib:	   93984 kB
20220314 010556.222 INFO             PET0 PIOc_sync Exit - MemInfo: [/proc/self/status]	VmPTE:	     360 kB
20220314 010556.222 INFO             PET0 PIOc_sync Exit - MemInfo: [/proc/self/status]	VmPMD:	      12 kB
20220314 010556.222 INFO             PET0 PIOc_sync Exit - MemInfo: [/proc/self/status]	VmSwap:	       0 kB
20220314 010556.222 INFO             PET0 PIOc_sync Exit - MemInfo: [/proc/self/status]	VmRSSPercent: 0.0456877 %
20220314 010556.222 INFO             PET0 PIOc_sync Exit - MemInfo: [malloc] Non-mmapped space allocated:                10129408 Byte
20220314 010556.222 INFO             PET0 PIOc_sync Exit - MemInfo: [malloc] Space allocated in mmapped regions:          3219456 Byte
20220314 010556.222 INFO             PET0 PIOc_sync Exit - MemInfo: [malloc] Maximum total allocated space:                     0 Byte
20220314 010556.222 INFO             PET0 PIOc_sync Exit - MemInfo: [malloc] Space in freed fastbin blocks:                   480 Byte
20220314 010556.222 INFO             PET0 PIOc_sync Exit - MemInfo: [malloc] Total allocated space:                       9997424 Byte
20220314 010556.222 INFO             PET0 PIOc_sync Exit - MemInfo: [malloc] Total free space:                             131984 Byte
20220314 010556.222 INFO             PET0 PIOc_sync Exit - MemInfo: [malloc] Top-most, releasable space:                   113872 Byte
20220314 010556.222 INFO             PET0 PIOc_sync Exit - MemInfo: [malloc] Total space in use, mmap + non-mmap:        13216880 Byte
20220314 010556.222 INFO             PET0 PIOc_sync Exit - MemInfo: [malloc] Total space held (mmap + non-mmap):         13348864 Byte
20220314 010556.222 INFO             PET0 PIOc_sync Exit - MemInfo: [malloc] Total space used (mmap + non-mmap):         13225200 Byte
20220314 010556.222 INFO             PET0 PIOc_sync Exit - MemInfo: Wall-clock time since execution start:               0.177567 seconds
20220314 010556.222 INFO             PET0 PIOc_freedecomp Enter - MemInfo: [/proc/meminfo - SSI]	MemTotal:       65855856 kB
20220314 010556.222 INFO             PET0 PIOc_freedecomp Enter - MemInfo: [/proc/meminfo - SSI]	MemFree:        61263700 kB
20220314 010556.222 INFO             PET0 PIOc_freedecomp Enter - MemInfo: [/proc/meminfo - SSI]	MemAvailable:   61053168 kB
20220314 010556.222 INFO             PET0 PIOc_freedecomp Enter - MemInfo: [/proc/meminfo - SSI]	Committed_AS:    2840796 kB
20220314 010556.222 INFO             PET0 PIOc_freedecomp Enter - MemInfo: [/proc/meminfo - SSI]	CommittedPercent: 4.31366 %
20220314 010556.222 INFO             PET0 PIOc_freedecomp Enter - MemInfo: [/proc/self/status]	VmPeak:	  228484 kB
20220314 010556.222 INFO             PET0 PIOc_freedecomp Enter - MemInfo: [/proc/self/status]	VmSize:	  228460 kB
20220314 010556.222 INFO             PET0 PIOc_freedecomp Enter - MemInfo: [/proc/self/status]	VmLck:	       0 kB
20220314 010556.222 INFO             PET0 PIOc_freedecomp Enter - MemInfo: [/proc/self/status]	VmPin:	       0 kB
20220314 010556.222 INFO             PET0 PIOc_freedecomp Enter - MemInfo: [/proc/self/status]	VmHWM:	   30088 kB
20220314 010556.222 INFO             PET0 PIOc_freedecomp Enter - MemInfo: [/proc/self/status]	VmRSS:	   30088 kB
20220314 010556.222 INFO             PET0 PIOc_freedecomp Enter - MemInfo: [/proc/self/status]	VmData:	   33976 kB
20220314 010556.222 INFO             PET0 PIOc_freedecomp Enter - MemInfo: [/proc/self/status]	VmStk:	     508 kB
20220314 010556.222 INFO             PET0 PIOc_freedecomp Enter - MemInfo: [/proc/self/status]	VmExe:	    1944 kB
20220314 010556.222 INFO             PET0 PIOc_freedecomp Enter - MemInfo: [/proc/self/status]	VmLib:	   93984 kB
20220314 010556.222 INFO             PET0 PIOc_freedecomp Enter - MemInfo: [/proc/self/status]	VmPTE:	     360 kB
20220314 010556.222 INFO             PET0 PIOc_freedecomp Enter - MemInfo: [/proc/self/status]	VmPMD:	      12 kB
20220314 010556.222 INFO             PET0 PIOc_freedecomp Enter - MemInfo: [/proc/self/status]	VmSwap:	       0 kB
20220314 010556.222 INFO             PET0 PIOc_freedecomp Enter - MemInfo: [/proc/self/status]	VmRSSPercent: 0.0456877 %
20220314 010556.222 INFO             PET0 PIOc_freedecomp Enter - MemInfo: [malloc] Non-mmapped space allocated:                10129408 Byte
20220314 010556.222 INFO             PET0 PIOc_freedecomp Enter - MemInfo: [malloc] Space allocated in mmapped regions:          3219456 Byte
20220314 010556.222 INFO             PET0 PIOc_freedecomp Enter - MemInfo: [malloc] Maximum total allocated space:                     0 Byte
20220314 010556.222 INFO             PET0 PIOc_freedecomp Enter - MemInfo: [malloc] Space in freed fastbin blocks:                   208 Byte
20220314 010556.222 INFO             PET0 PIOc_freedecomp Enter - MemInfo: [malloc] Total allocated space:                       1072960 Byte
20220314 010556.222 INFO             PET0 PIOc_freedecomp Enter - MemInfo: [malloc] Total free space:                            9056448 Byte
20220314 010556.222 INFO             PET0 PIOc_freedecomp Enter - MemInfo: [malloc] Top-most, releasable space:                   113872 Byte
20220314 010556.222 INFO             PET0 PIOc_freedecomp Enter - MemInfo: [malloc] Total space in use, mmap + non-mmap:         4292416 Byte
20220314 010556.222 INFO             PET0 PIOc_freedecomp Enter - MemInfo: [malloc] Total space held (mmap + non-mmap):         13348864 Byte
20220314 010556.222 INFO             PET0 PIOc_freedecomp Enter - MemInfo: [malloc] Total space used (mmap + non-mmap):          4300624 Byte
20220314 010556.222 INFO             PET0 PIOc_freedecomp Enter - MemInfo: Wall-clock time since execution start:               0.178001 seconds
20220314 010556.222 INFO             PET0 PIOc_freedecomp Exit - MemInfo: [/proc/meminfo - SSI]	MemTotal:       65855856 kB
20220314 010556.222 INFO             PET0 PIOc_freedecomp Exit - MemInfo: [/proc/meminfo - SSI]	MemFree:        61263700 kB
20220314 010556.222 INFO             PET0 PIOc_freedecomp Exit - MemInfo: [/proc/meminfo - SSI]	MemAvailable:   61053168 kB
20220314 010556.222 INFO             PET0 PIOc_freedecomp Exit - MemInfo: [/proc/meminfo - SSI]	Committed_AS:    2840796 kB
20220314 010556.222 INFO             PET0 PIOc_freedecomp Exit - MemInfo: [/proc/meminfo - SSI]	CommittedPercent: 4.31366 %
20220314 010556.222 INFO             PET0 PIOc_freedecomp Exit - MemInfo: [/proc/self/status]	VmPeak:	  228484 kB
20220314 010556.222 INFO             PET0 PIOc_freedecomp Exit - MemInfo: [/proc/self/status]	VmSize:	  228460 kB
20220314 010556.222 INFO             PET0 PIOc_freedecomp Exit - MemInfo: [/proc/self/status]	VmLck:	       0 kB
20220314 010556.222 INFO             PET0 PIOc_freedecomp Exit - MemInfo: [/proc/self/status]	VmPin:	       0 kB
20220314 010556.222 INFO             PET0 PIOc_freedecomp Exit - MemInfo: [/proc/self/status]	VmHWM:	   30088 kB
20220314 010556.222 INFO             PET0 PIOc_freedecomp Exit - MemInfo: [/proc/self/status]	VmRSS:	   30088 kB
20220314 010556.222 INFO             PET0 PIOc_freedecomp Exit - MemInfo: [/proc/self/status]	VmData:	   33976 kB
20220314 010556.222 INFO             PET0 PIOc_freedecomp Exit - MemInfo: [/proc/self/status]	VmStk:	     508 kB
20220314 010556.222 INFO             PET0 PIOc_freedecomp Exit - MemInfo: [/proc/self/status]	VmExe:	    1944 kB
20220314 010556.222 INFO             PET0 PIOc_freedecomp Exit - MemInfo: [/proc/self/status]	VmLib:	   93984 kB
20220314 010556.222 INFO             PET0 PIOc_freedecomp Exit - MemInfo: [/proc/self/status]	VmPTE:	     360 kB
20220314 010556.222 INFO             PET0 PIOc_freedecomp Exit - MemInfo: [/proc/self/status]	VmPMD:	      12 kB
20220314 010556.222 INFO             PET0 PIOc_freedecomp Exit - MemInfo: [/proc/self/status]	VmSwap:	       0 kB
20220314 010556.222 INFO             PET0 PIOc_freedecomp Exit - MemInfo: [/proc/self/status]	VmRSSPercent: 0.0456877 %
20220314 010556.222 INFO             PET0 PIOc_freedecomp Exit - MemInfo: [malloc] Non-mmapped space allocated:                10129408 Byte
20220314 010556.222 INFO             PET0 PIOc_freedecomp Exit - MemInfo: [malloc] Space allocated in mmapped regions:          3219456 Byte
20220314 010556.222 INFO             PET0 PIOc_freedecomp Exit - MemInfo: [malloc] Maximum total allocated space:                     0 Byte
20220314 010556.222 INFO             PET0 PIOc_freedecomp Exit - MemInfo: [malloc] Space in freed fastbin blocks:                   336 Byte
20220314 010556.222 INFO             PET0 PIOc_freedecomp Exit - MemInfo: [malloc] Total allocated space:                       1039040 Byte
20220314 010556.222 INFO             PET0 PIOc_freedecomp Exit - MemInfo: [malloc] Total free space:                            9090368 Byte
20220314 010556.222 INFO             PET0 PIOc_freedecomp Exit - MemInfo: [malloc] Top-most, releasable space:                  9044096 Byte
20220314 010556.222 INFO             PET0 PIOc_freedecomp Exit - MemInfo: [malloc] Total space in use, mmap + non-mmap:         4258496 Byte
20220314 010556.222 INFO             PET0 PIOc_freedecomp Exit - MemInfo: [malloc] Total space held (mmap + non-mmap):         13348864 Byte
20220314 010556.222 INFO             PET0 PIOc_freedecomp Exit - MemInfo: [malloc] Total space used (mmap + non-mmap):          4266704 Byte
20220314 010556.222 INFO             PET0 PIOc_freedecomp Exit - MemInfo: Wall-clock time since execution start:               0.178272 seconds
20220314 010556.222 INFO             PET0 PIOc_freedecomp Enter - MemInfo: [/proc/meminfo - SSI]	MemTotal:       65855856 kB
20220314 010556.223 INFO             PET0 PIOc_freedecomp Enter - MemInfo: [/proc/meminfo - SSI]	MemFree:        61263700 kB
20220314 010556.223 INFO             PET0 PIOc_freedecomp Enter - MemInfo: [/proc/meminfo - SSI]	MemAvailable:   61053168 kB
20220314 010556.223 INFO             PET0 PIOc_freedecomp Enter - MemInfo: [/proc/meminfo - SSI]	Committed_AS:    2840796 kB
20220314 010556.223 INFO             PET0 PIOc_freedecomp Enter - MemInfo: [/proc/meminfo - SSI]	CommittedPercent: 4.31366 %
20220314 010556.223 INFO             PET0 PIOc_freedecomp Enter - MemInfo: [/proc/self/status]	VmPeak:	  228484 kB
20220314 010556.223 INFO             PET0 PIOc_freedecomp Enter - MemInfo: [/proc/self/status]	VmSize:	  228460 kB
20220314 010556.223 INFO             PET0 PIOc_freedecomp Enter - MemInfo: [/proc/self/status]	VmLck:	       0 kB
20220314 010556.223 INFO             PET0 PIOc_freedecomp Enter - MemInfo: [/proc/self/status]	VmPin:	       0 kB
20220314 010556.223 INFO             PET0 PIOc_freedecomp Enter - MemInfo: [/proc/self/status]	VmHWM:	   30088 kB
20220314 010556.223 INFO             PET0 PIOc_freedecomp Enter - MemInfo: [/proc/self/status]	VmRSS:	   30088 kB
20220314 010556.223 INFO             PET0 PIOc_freedecomp Enter - MemInfo: [/proc/self/status]	VmData:	   33976 kB
20220314 010556.223 INFO             PET0 PIOc_freedecomp Enter - MemInfo: [/proc/self/status]	VmStk:	     508 kB
20220314 010556.223 INFO             PET0 PIOc_freedecomp Enter - MemInfo: [/proc/self/status]	VmExe:	    1944 kB
20220314 010556.223 INFO             PET0 PIOc_freedecomp Enter - MemInfo: [/proc/self/status]	VmLib:	   93984 kB
20220314 010556.223 INFO             PET0 PIOc_freedecomp Enter - MemInfo: [/proc/self/status]	VmPTE:	     360 kB
20220314 010556.223 INFO             PET0 PIOc_freedecomp Enter - MemInfo: [/proc/self/status]	VmPMD:	      12 kB
20220314 010556.223 INFO             PET0 PIOc_freedecomp Enter - MemInfo: [/proc/self/status]	VmSwap:	       0 kB
20220314 010556.223 INFO             PET0 PIOc_freedecomp Enter - MemInfo: [/proc/self/status]	VmRSSPercent: 0.0456877 %
20220314 010556.223 INFO             PET0 PIOc_freedecomp Enter - MemInfo: [malloc] Non-mmapped space allocated:                10129408 Byte
20220314 010556.223 INFO             PET0 PIOc_freedecomp Enter - MemInfo: [malloc] Space allocated in mmapped regions:          3219456 Byte
20220314 010556.223 INFO             PET0 PIOc_freedecomp Enter - MemInfo: [malloc] Maximum total allocated space:                     0 Byte
20220314 010556.223 INFO             PET0 PIOc_freedecomp Enter - MemInfo: [malloc] Space in freed fastbin blocks:                    64 Byte
20220314 010556.223 INFO             PET0 PIOc_freedecomp Enter - MemInfo: [malloc] Total allocated space:                       1038976 Byte
20220314 010556.223 INFO             PET0 PIOc_freedecomp Enter - MemInfo: [malloc] Total free space:                            9090432 Byte
20220314 010556.223 INFO             PET0 PIOc_freedecomp Enter - MemInfo: [malloc] Top-most, releasable space:                  9044096 Byte
20220314 010556.223 INFO             PET0 PIOc_freedecomp Enter - MemInfo: [malloc] Total space in use, mmap + non-mmap:         4258432 Byte
20220314 010556.223 INFO             PET0 PIOc_freedecomp Enter - MemInfo: [malloc] Total space held (mmap + non-mmap):         13348864 Byte
20220314 010556.223 INFO             PET0 PIOc_freedecomp Enter - MemInfo: [malloc] Total space used (mmap + non-mmap):          4266640 Byte
20220314 010556.223 INFO             PET0 PIOc_freedecomp Enter - MemInfo: Wall-clock time since execution start:               0.178529 seconds
20220314 010556.223 INFO             PET0 PIOc_freedecomp Exit - MemInfo: [/proc/meminfo - SSI]	MemTotal:       65855856 kB
20220314 010556.223 INFO             PET0 PIOc_freedecomp Exit - MemInfo: [/proc/meminfo - SSI]	MemFree:        61263700 kB
20220314 010556.223 INFO             PET0 PIOc_freedecomp Exit - MemInfo: [/proc/meminfo - SSI]	MemAvailable:   61053168 kB
20220314 010556.223 INFO             PET0 PIOc_freedecomp Exit - MemInfo: [/proc/meminfo - SSI]	Committed_AS:    2840796 kB
20220314 010556.223 INFO             PET0 PIOc_freedecomp Exit - MemInfo: [/proc/meminfo - SSI]	CommittedPercent: 4.31366 %
20220314 010556.223 INFO             PET0 PIOc_freedecomp Exit - MemInfo: [/proc/self/status]	VmPeak:	  228484 kB
20220314 010556.223 INFO             PET0 PIOc_freedecomp Exit - MemInfo: [/proc/self/status]	VmSize:	  228460 kB
20220314 010556.223 INFO             PET0 PIOc_freedecomp Exit - MemInfo: [/proc/self/status]	VmLck:	       0 kB
20220314 010556.223 INFO             PET0 PIOc_freedecomp Exit - MemInfo: [/proc/self/status]	VmPin:	       0 kB
20220314 010556.223 INFO             PET0 PIOc_freedecomp Exit - MemInfo: [/proc/self/status]	VmHWM:	   30088 kB
20220314 010556.223 INFO             PET0 PIOc_freedecomp Exit - MemInfo: [/proc/self/status]	VmRSS:	   30088 kB
20220314 010556.223 INFO             PET0 PIOc_freedecomp Exit - MemInfo: [/proc/self/status]	VmData:	   33976 kB
20220314 010556.223 INFO             PET0 PIOc_freedecomp Exit - MemInfo: [/proc/self/status]	VmStk:	     508 kB
20220314 010556.223 INFO             PET0 PIOc_freedecomp Exit - MemInfo: [/proc/self/status]	VmExe:	    1944 kB
20220314 010556.223 INFO             PET0 PIOc_freedecomp Exit - MemInfo: [/proc/self/status]	VmLib:	   93984 kB
20220314 010556.223 INFO             PET0 PIOc_freedecomp Exit - MemInfo: [/proc/self/status]	VmPTE:	     360 kB
20220314 010556.223 INFO             PET0 PIOc_freedecomp Exit - MemInfo: [/proc/self/status]	VmPMD:	      12 kB
20220314 010556.223 INFO             PET0 PIOc_freedecomp Exit - MemInfo: [/proc/self/status]	VmSwap:	       0 kB
20220314 010556.223 INFO             PET0 PIOc_freedecomp Exit - MemInfo: [/proc/self/status]	VmRSSPercent: 0.0456877 %
20220314 010556.223 INFO             PET0 PIOc_freedecomp Exit - MemInfo: [malloc] Non-mmapped space allocated:                10129408 Byte
20220314 010556.223 INFO             PET0 PIOc_freedecomp Exit - MemInfo: [malloc] Space allocated in mmapped regions:          3219456 Byte
20220314 010556.223 INFO             PET0 PIOc_freedecomp Exit - MemInfo: [malloc] Maximum total allocated space:                     0 Byte
20220314 010556.223 INFO             PET0 PIOc_freedecomp Exit - MemInfo: [malloc] Space in freed fastbin blocks:                   480 Byte
20220314 010556.223 INFO             PET0 PIOc_freedecomp Exit - MemInfo: [malloc] Total allocated space:                       1035728 Byte
20220314 010556.223 INFO             PET0 PIOc_freedecomp Exit - MemInfo: [malloc] Total free space:                            9093680 Byte
20220314 010556.223 INFO             PET0 PIOc_freedecomp Exit - MemInfo: [malloc] Top-most, releasable space:                  9044096 Byte
20220314 010556.223 INFO             PET0 PIOc_freedecomp Exit - MemInfo: [malloc] Total space in use, mmap + non-mmap:         4255184 Byte
