build time -- 2022-03-12 23:46:11
20220313 000454.703 INFO             PET0 !!!!!!!!!!!!!!!!!!!!!!!!!!!!!!!!!!!!!!!!!!!!!!!!!!!!!!
20220313 000454.703 INFO             PET0 !!! THE ESMF_LOG IS SET TO OUTPUT ALL LOG MESSAGES !!!
20220313 000454.703 INFO             PET0 !!!     THIS MAY CAUSE SLOWDOWN IN PERFORMANCE     !!!
20220313 000454.703 INFO             PET0 !!! FOR PRODUCTION RUNS, USE:                      !!!
20220313 000454.703 INFO             PET0 !!!                   ESMF_LOGKIND_Multi_On_Error  !!!
20220313 000454.703 INFO             PET0 !!!!!!!!!!!!!!!!!!!!!!!!!!!!!!!!!!!!!!!!!!!!!!!!!!!!!!
20220313 000454.703 INFO             PET0 Running with ESMF Version   : v8.3.0b09-96-g559b459836
20220313 000454.703 INFO             PET0 ESMF library build date/time: "Mar 12 2022" "23:42:39"
20220313 000454.703 INFO             PET0 ESMF library build location : /lustre/f2/dev/ncep/Mark.Potts/intel_2019.5_mpi_O_jedwards_pio_update2
20220313 000454.703 INFO             PET0 ESMF_COMM                   : mpi
20220313 000454.704 INFO             PET0 ESMF_MOAB                   : enabled
20220313 000454.704 INFO             PET0 ESMF_LAPACK                 : enabled
20220313 000454.704 INFO             PET0 ESMF_NETCDF                 : enabled
20220313 000454.704 INFO             PET0 ESMF_PNETCDF                : disabled
20220313 000454.704 INFO             PET0 ESMF_PIO                    : enabled
20220313 000454.704 INFO             PET0 ESMF_YAMLCPP                : enabled
20220313 000454.705 INFO             PET0  Beginning Test, file ESMF_RouteHandleAdvancedUTest.F90, line 346
20220313 000454.705 INFO             PET0  NUMBER_OF_PROCESSORS           4
20220313 000454.711 INFO             PET0 ESMF_FieldRedistStoreNF(): Just entered routine.
20220313 000454.806 INFO             PET0 ESMF_FieldRedistStoreNF(): Leaving routine.
20220313 000454.806 INFO             PET0  PASS  Create RouteHandle for the original petList, ESMF_RouteHandleAdvancedUTest.F90, line 511
20220313 000454.807 INFO             PET0  PASS  Test RouteHandleIsCreated(), ESMF_RouteHandleAdvancedUTest.F90, line 519
20220313 000454.807 INFO             PET0  PASS  Test RouteHandleIsCreated() return value, ESMF_RouteHandleAdvancedUTest.F90, line 526
20220313 000454.807 INFO             PET0  PASS  Test RouteHandleGet(), ESMF_RouteHandleAdvancedUTest.F90, line 534
20220313 000454.814 INFO             PET0  PASS  Test RouteHandleWrite(), ESMF_RouteHandleAdvancedUTest.F90, line 542
20220313 000454.814 INFO             PET0  PASS  Test RouteHandleDestroy(), ESMF_RouteHandleAdvancedUTest.F90, line 550
20220313 000454.817 INFO             PET0  PASS  Test RouteHandleCreate(from file), ESMF_RouteHandleAdvancedUTest.F90, line 558
20220313 000454.819 INFO             PET0  PASS  Apply the read in Routehandle, ESMF_RouteHandleAdvancedUTest.F90, line 567
20220313 000454.819 INFO             PET0  PASS  Test RouteHandleDestroy() for the read in Routehandle, ESMF_RouteHandleAdvancedUTest.F90, line 575
20220313 000454.819 INFO             PET0 ESMF_FieldRedistStoreNF(): Just entered routine.
20220313 000454.907 INFO             PET0 ESMF_FieldRedistStoreNF(): Leaving routine.
20220313 000454.907 INFO             PET0  PASS  Create RouteHandle for the original petList, ESMF_RouteHandleAdvancedUTest.F90, line 585
20220313 000454.907 INFO             PET0  PASS  Transfer RouteHandle to a different petList, ESMF_RouteHandleAdvancedUTest.F90, line 602
20220313 000454.945 INFO             PET0 PIOc_sync Enter - MemInfo: [/proc/meminfo - SSI]	MemTotal:       65855856 kB
20220313 000454.945 INFO             PET0 PIOc_sync Enter - MemInfo: [/proc/meminfo - SSI]	MemFree:        61149784 kB
20220313 000454.945 INFO             PET0 PIOc_sync Enter - MemInfo: [/proc/meminfo - SSI]	MemAvailable:   60934420 kB
20220313 000454.945 INFO             PET0 PIOc_sync Enter - MemInfo: [/proc/meminfo - SSI]	Committed_AS:    3011740 kB
20220313 000454.945 INFO             PET0 PIOc_sync Enter - MemInfo: [/proc/meminfo - SSI]	CommittedPercent: 4.57323 %
20220313 000454.945 INFO             PET0 PIOc_sync Enter - MemInfo: [/proc/self/status]	VmPeak:	  313604 kB
20220313 000457.444 INFO             PET0 PIOc_sync Enter - MemInfo: [/proc/self/status]	VmSize:	  313604 kB
20220313 000457.445 INFO             PET0 PIOc_sync Enter - MemInfo: [/proc/self/status]	VmLck:	       0 kB
20220313 000457.445 INFO             PET0 PIOc_sync Enter - MemInfo: [/proc/self/status]	VmPin:	       0 kB
20220313 000457.445 INFO             PET0 PIOc_sync Enter - MemInfo: [/proc/self/status]	VmHWM:	   37864 kB
20220313 000457.445 INFO             PET0 PIOc_sync Enter - MemInfo: [/proc/self/status]	VmRSS:	   37864 kB
20220313 000457.445 INFO             PET0 PIOc_sync Enter - MemInfo: [/proc/self/status]	VmData:	   45388 kB
20220313 000457.445 INFO             PET0 PIOc_sync Enter - MemInfo: [/proc/self/status]	VmStk:	     508 kB
20220313 000457.445 INFO             PET0 PIOc_sync Enter - MemInfo: [/proc/self/status]	VmExe:	    1936 kB
20220313 000457.445 INFO             PET0 PIOc_sync Enter - MemInfo: [/proc/self/status]	VmLib:	   93984 kB
20220313 000457.445 INFO             PET0 PIOc_sync Enter - MemInfo: [/proc/self/status]	VmPTE:	     464 kB
20220313 000457.445 INFO             PET0 PIOc_sync Enter - MemInfo: [/proc/self/status]	VmPMD:	      12 kB
20220313 000457.445 INFO             PET0 PIOc_sync Enter - MemInfo: [/proc/self/status]	VmSwap:	       0 kB
20220313 000457.445 INFO             PET0 PIOc_sync Enter - MemInfo: [/proc/self/status]	VmRSSPercent: 0.0574953 %
20220313 000457.445 INFO             PET0 PIOc_sync Enter - MemInfo: [malloc] Non-mmapped space allocated:                22007808 Byte
20220313 000457.445 INFO             PET0 PIOc_sync Enter - MemInfo: [malloc] Space allocated in mmapped regions:          3026944 Byte
20220313 000457.445 INFO             PET0 PIOc_sync Enter - MemInfo: [malloc] Maximum total allocated space:                     0 Byte
20220313 000457.445 INFO             PET0 PIOc_sync Enter - MemInfo: [malloc] Space in freed fastbin blocks:                     0 Byte
20220313 000457.445 INFO             PET0 PIOc_sync Enter - MemInfo: [malloc] Total allocated space:                      10895408 Byte
20220313 000457.445 INFO             PET0 PIOc_sync Enter - MemInfo: [malloc] Total free space:                           11112400 Byte
20220313 000457.445 INFO             PET0 PIOc_sync Enter - MemInfo: [malloc] Top-most, releasable space:                  6362640 Byte
20220313 000457.445 INFO             PET0 PIOc_sync Enter - MemInfo: [malloc] Total space in use, mmap + non-mmap:        13922352 Byte
20220313 000457.445 INFO             PET0 PIOc_sync Enter - MemInfo: [malloc] Total space held (mmap + non-mmap):         25034752 Byte
20220313 000457.445 INFO             PET0 PIOc_sync Enter - MemInfo: [malloc] Total space used (mmap + non-mmap):         13931440 Byte
20220313 000457.445 INFO             PET0 PIOc_sync Enter - MemInfo: Wall-clock time since execution start:                2.77124 seconds
20220313 000457.445 INFO             PET0 PIOc_sync Exit - MemInfo: [/proc/meminfo - SSI]	MemTotal:       65855856 kB
20220313 000457.445 INFO             PET0 PIOc_sync Exit - MemInfo: [/proc/meminfo - SSI]	MemFree:        61145840 kB
20220313 000457.445 INFO             PET0 PIOc_sync Exit - MemInfo: [/proc/meminfo - SSI]	MemAvailable:   60931840 kB
20220313 000457.445 INFO             PET0 PIOc_sync Exit - MemInfo: [/proc/meminfo - SSI]	Committed_AS:    3011740 kB
20220313 000457.445 INFO             PET0 PIOc_sync Exit - MemInfo: [/proc/meminfo - SSI]	CommittedPercent: 4.57323 %
20220313 000457.445 INFO             PET0 PIOc_sync Exit - MemInfo: [/proc/self/status]	VmPeak:	  313604 kB
20220313 000457.445 INFO             PET0 PIOc_sync Exit - MemInfo: [/proc/self/status]	VmSize:	  313604 kB
20220313 000457.445 INFO             PET0 PIOc_sync Exit - MemInfo: [/proc/self/status]	VmLck:	       0 kB
20220313 000457.445 INFO             PET0 PIOc_sync Exit - MemInfo: [/proc/self/status]	VmPin:	       0 kB
20220313 000457.445 INFO             PET0 PIOc_sync Exit - MemInfo: [/proc/self/status]	VmHWM:	   38112 kB
20220313 000457.445 INFO             PET0 PIOc_sync Exit - MemInfo: [/proc/self/status]	VmRSS:	   38112 kB
20220313 000457.445 INFO             PET0 PIOc_sync Exit - MemInfo: [/proc/self/status]	VmData:	   45388 kB
20220313 000457.445 INFO             PET0 PIOc_sync Exit - MemInfo: [/proc/self/status]	VmStk:	     508 kB
20220313 000457.445 INFO             PET0 PIOc_sync Exit - MemInfo: [/proc/self/status]	VmExe:	    1936 kB
20220313 000457.445 INFO             PET0 PIOc_sync Exit - MemInfo: [/proc/self/status]	VmLib:	   93984 kB
20220313 000457.445 INFO             PET0 PIOc_sync Exit - MemInfo: [/proc/self/status]	VmPTE:	     464 kB
20220313 000457.445 INFO             PET0 PIOc_sync Exit - MemInfo: [/proc/self/status]	VmPMD:	      12 kB
20220313 000457.445 INFO             PET0 PIOc_sync Exit - MemInfo: [/proc/self/status]	VmSwap:	       0 kB
20220313 000457.445 INFO             PET0 PIOc_sync Exit - MemInfo: [/proc/self/status]	VmRSSPercent: 0.0578718 %
20220313 000457.445 INFO             PET0 PIOc_sync Exit - MemInfo: [malloc] Non-mmapped space allocated:                22007808 Byte
20220313 000457.445 INFO             PET0 PIOc_sync Exit - MemInfo: [malloc] Space allocated in mmapped regions:          3026944 Byte
20220313 000457.445 INFO             PET0 PIOc_sync Exit - MemInfo: [malloc] Maximum total allocated space:                     0 Byte
20220313 000457.445 INFO             PET0 PIOc_sync Exit - MemInfo: [malloc] Space in freed fastbin blocks:                     0 Byte
20220313 000457.445 INFO             PET0 PIOc_sync Exit - MemInfo: [malloc] Total allocated space:                      11292880 Byte
20220313 000457.445 INFO             PET0 PIOc_sync Exit - MemInfo: [malloc] Total free space:                           10714928 Byte
20220313 000457.445 INFO             PET0 PIOc_sync Exit - MemInfo: [malloc] Top-most, releasable space:                  6362640 Byte
20220313 000457.445 INFO             PET0 PIOc_sync Exit - MemInfo: [malloc] Total space in use, mmap + non-mmap:        14319824 Byte
20220313 000457.445 INFO             PET0 PIOc_sync Exit - MemInfo: [malloc] Total space held (mmap + non-mmap):         25034752 Byte
20220313 000457.445 INFO             PET0 PIOc_sync Exit - MemInfo: [malloc] Total space used (mmap + non-mmap):         14328144 Byte
20220313 000457.445 INFO             PET0 PIOc_sync Exit - MemInfo: Wall-clock time since execution start:                2.77173 seconds
20220313 000457.447 INFO             PET0 PIOc_freedecomp Enter - MemInfo: [/proc/meminfo - SSI]	MemTotal:       65855856 kB
20220313 000457.447 INFO             PET0 PIOc_freedecomp Enter - MemInfo: [/proc/meminfo - SSI]	MemFree:        61145840 kB
20220313 000457.447 INFO             PET0 PIOc_freedecomp Enter - MemInfo: [/proc/meminfo - SSI]	MemAvailable:   60931840 kB
20220313 000457.447 INFO             PET0 PIOc_freedecomp Enter - MemInfo: [/proc/meminfo - SSI]	Committed_AS:    3011740 kB
20220313 000457.447 INFO             PET0 PIOc_freedecomp Enter - MemInfo: [/proc/meminfo - SSI]	CommittedPercent: 4.57323 %
20220313 000457.447 INFO             PET0 PIOc_freedecomp Enter - MemInfo: [/proc/self/status]	VmPeak:	  313604 kB
20220313 000457.447 INFO             PET0 PIOc_freedecomp Enter - MemInfo: [/proc/self/status]	VmSize:	  313604 kB
20220313 000457.447 INFO             PET0 PIOc_freedecomp Enter - MemInfo: [/proc/self/status]	VmLck:	       0 kB
20220313 000457.447 INFO             PET0 PIOc_freedecomp Enter - MemInfo: [/proc/self/status]	VmPin:	       0 kB
20220313 000457.447 INFO             PET0 PIOc_freedecomp Enter - MemInfo: [/proc/self/status]	VmHWM:	   38112 kB
20220313 000457.447 INFO             PET0 PIOc_freedecomp Enter - MemInfo: [/proc/self/status]	VmRSS:	   38112 kB
20220313 000457.447 INFO             PET0 PIOc_freedecomp Enter - MemInfo: [/proc/self/status]	VmData:	   45388 kB
20220313 000457.447 INFO             PET0 PIOc_freedecomp Enter - MemInfo: [/proc/self/status]	VmStk:	     508 kB
20220313 000457.447 INFO             PET0 PIOc_freedecomp Enter - MemInfo: [/proc/self/status]	VmExe:	    1936 kB
20220313 000457.447 INFO             PET0 PIOc_freedecomp Enter - MemInfo: [/proc/self/status]	VmLib:	   93984 kB
20220313 000457.447 INFO             PET0 PIOc_freedecomp Enter - MemInfo: [/proc/self/status]	VmPTE:	     464 kB
20220313 000457.447 INFO             PET0 PIOc_freedecomp Enter - MemInfo: [/proc/self/status]	VmPMD:	      12 kB
20220313 000457.447 INFO             PET0 PIOc_freedecomp Enter - MemInfo: [/proc/self/status]	VmSwap:	       0 kB
20220313 000457.447 INFO             PET0 PIOc_freedecomp Enter - MemInfo: [/proc/self/status]	VmRSSPercent: 0.0578718 %
20220313 000457.447 INFO             PET0 PIOc_freedecomp Enter - MemInfo: [malloc] Non-mmapped space allocated:                22007808 Byte
20220313 000457.447 INFO             PET0 PIOc_freedecomp Enter - MemInfo: [malloc] Space allocated in mmapped regions:          3026944 Byte
20220313 000457.447 INFO             PET0 PIOc_freedecomp Enter - MemInfo: [malloc] Maximum total allocated space:                     0 Byte
20220313 000457.447 INFO             PET0 PIOc_freedecomp Enter - MemInfo: [malloc] Space in freed fastbin blocks:                   112 Byte
20220313 000457.447 INFO             PET0 PIOc_freedecomp Enter - MemInfo: [malloc] Total allocated space:                       2369472 Byte
20220313 000457.447 INFO             PET0 PIOc_freedecomp Enter - MemInfo: [malloc] Total free space:                           19638336 Byte
20220313 000457.447 INFO             PET0 PIOc_freedecomp Enter - MemInfo: [malloc] Top-most, releasable space:                 14751264 Byte
20220313 000457.447 INFO             PET0 PIOc_freedecomp Enter - MemInfo: [malloc] Total space in use, mmap + non-mmap:         5396416 Byte
20220313 000457.447 INFO             PET0 PIOc_freedecomp Enter - MemInfo: [malloc] Total space held (mmap + non-mmap):         25034752 Byte
20220313 000457.447 INFO             PET0 PIOc_freedecomp Enter - MemInfo: [malloc] Total space used (mmap + non-mmap):          5404848 Byte
20220313 000457.447 INFO             PET0 PIOc_freedecomp Enter - MemInfo: Wall-clock time since execution start:                2.77357 seconds
20220313 000457.447 INFO             PET0 PIOc_freedecomp Exit - MemInfo: [/proc/meminfo - SSI]	MemTotal:       65855856 kB
20220313 000457.447 INFO             PET0 PIOc_freedecomp Exit - MemInfo: [/proc/meminfo - SSI]	MemFree:        61145840 kB
20220313 000457.447 INFO             PET0 PIOc_freedecomp Exit - MemInfo: [/proc/meminfo - SSI]	MemAvailable:   60931840 kB
20220313 000457.447 INFO             PET0 PIOc_freedecomp Exit - MemInfo: [/proc/meminfo - SSI]	Committed_AS:    3011740 kB
20220313 000457.447 INFO             PET0 PIOc_freedecomp Exit - MemInfo: [/proc/meminfo - SSI]	CommittedPercent: 4.57323 %
20220313 000457.447 INFO             PET0 PIOc_freedecomp Exit - MemInfo: [/proc/self/status]	VmPeak:	  313604 kB
20220313 000457.447 INFO             PET0 PIOc_freedecomp Exit - MemInfo: [/proc/self/status]	VmSize:	  313604 kB
20220313 000457.447 INFO             PET0 PIOc_freedecomp Exit - MemInfo: [/proc/self/status]	VmLck:	       0 kB
20220313 000457.447 INFO             PET0 PIOc_freedecomp Exit - MemInfo: [/proc/self/status]	VmPin:	       0 kB
20220313 000457.447 INFO             PET0 PIOc_freedecomp Exit - MemInfo: [/proc/self/status]	VmHWM:	   38112 kB
20220313 000457.447 INFO             PET0 PIOc_freedecomp Exit - MemInfo: [/proc/self/status]	VmRSS:	   38112 kB
20220313 000457.447 INFO             PET0 PIOc_freedecomp Exit - MemInfo: [/proc/self/status]	VmData:	   45388 kB
20220313 000457.447 INFO             PET0 PIOc_freedecomp Exit - MemInfo: [/proc/self/status]	VmStk:	     508 kB
20220313 000457.447 INFO             PET0 PIOc_freedecomp Exit - MemInfo: [/proc/self/status]	VmExe:	    1936 kB
20220313 000457.447 INFO             PET0 PIOc_freedecomp Exit - MemInfo: [/proc/self/status]	VmLib:	   93984 kB
20220313 000457.447 INFO             PET0 PIOc_freedecomp Exit - MemInfo: [/proc/self/status]	VmPTE:	     464 kB
20220313 000457.447 INFO             PET0 PIOc_freedecomp Exit - MemInfo: [/proc/self/status]	VmPMD:	      12 kB
20220313 000457.447 INFO             PET0 PIOc_freedecomp Exit - MemInfo: [/proc/self/status]	VmSwap:	       0 kB
20220313 000457.447 INFO             PET0 PIOc_freedecomp Exit - MemInfo: [/proc/self/status]	VmRSSPercent: 0.0578718 %
20220313 000457.447 INFO             PET0 PIOc_freedecomp Exit - MemInfo: [malloc] Non-mmapped space allocated:                22007808 Byte
20220313 000457.447 INFO             PET0 PIOc_freedecomp Exit - MemInfo: [malloc] Space allocated in mmapped regions:          3026944 Byte
20220313 000457.447 INFO             PET0 PIOc_freedecomp Exit - MemInfo: [malloc] Maximum total allocated space:                     0 Byte
20220313 000457.447 INFO             PET0 PIOc_freedecomp Exit - MemInfo: [malloc] Space in freed fastbin blocks:                   720 Byte
20220313 000457.447 INFO             PET0 PIOc_freedecomp Exit - MemInfo: [malloc] Total allocated space:                       2369312 Byte
20220313 000457.447 INFO             PET0 PIOc_freedecomp Exit - MemInfo: [malloc] Total free space:                           19638496 Byte
20220313 000457.447 INFO             PET0 PIOc_freedecomp Exit - MemInfo: [malloc] Top-most, releasable space:                 14751264 Byte
20220313 000457.447 INFO             PET0 PIOc_freedecomp Exit - MemInfo: [malloc] Total space in use, mmap + non-mmap:         5396256 Byte
20220313 000457.447 INFO             PET0 PIOc_freedecomp Exit - MemInfo: [malloc] Total space held (mmap + non-mmap):         25034752 Byte
20220313 000457.447 INFO             PET0 PIOc_freedecomp Exit - MemInfo: [malloc] Total space used (mmap + non-mmap):          5404464 Byte
20220313 000457.447 INFO             PET0 PIOc_freedecomp Exit - MemInfo: Wall-clock time since execution start:                2.77384 seconds
20220313 000457.449 INFO             PET0 PIOc_sync Enter - MemInfo: [/proc/meminfo - SSI]	MemTotal:       65855856 kB
20220313 000457.449 INFO             PET0 PIOc_sync Enter - MemInfo: [/proc/meminfo - SSI]	MemFree:        61145840 kB
20220313 000457.449 INFO             PET0 PIOc_sync Enter - MemInfo: [/proc/meminfo - SSI]	MemAvailable:   60931840 kB
20220313 000457.449 INFO             PET0 PIOc_sync Enter - MemInfo: [/proc/meminfo - SSI]	Committed_AS:    3011740 kB
20220313 000457.449 INFO             PET0 PIOc_sync Enter - MemInfo: [/proc/meminfo - SSI]	CommittedPercent: 4.57323 %
20220313 000457.449 INFO             PET0 PIOc_sync Enter - MemInfo: [/proc/self/status]	VmPeak:	  313604 kB
20220313 000457.449 INFO             PET0 PIOc_sync Enter - MemInfo: [/proc/self/status]	VmSize:	  313580 kB
20220313 000457.449 INFO             PET0 PIOc_sync Enter - MemInfo: [/proc/self/status]	VmLck:	       0 kB
20220313 000457.449 INFO             PET0 PIOc_sync Enter - MemInfo: [/proc/self/status]	VmPin:	       0 kB
20220313 000457.449 INFO             PET0 PIOc_sync Enter - MemInfo: [/proc/self/status]	VmHWM:	   38156 kB
20220313 000457.449 INFO             PET0 PIOc_sync Enter - MemInfo: [/proc/self/status]	VmRSS:	   38144 kB
20220313 000457.449 INFO             PET0 PIOc_sync Enter - MemInfo: [/proc/self/status]	VmData:	   45388 kB
20220313 000457.449 INFO             PET0 PIOc_sync Enter - MemInfo: [/proc/self/status]	VmStk:	     508 kB
20220313 000457.449 INFO             PET0 PIOc_sync Enter - MemInfo: [/proc/self/status]	VmExe:	    1936 kB
20220313 000457.449 INFO             PET0 PIOc_sync Enter - MemInfo: [/proc/self/status]	VmLib:	   93984 kB
20220313 000457.449 INFO             PET0 PIOc_sync Enter - MemInfo: [/proc/self/status]	VmPTE:	     464 kB
20220313 000457.449 INFO             PET0 PIOc_sync Enter - MemInfo: [/proc/self/status]	VmPMD:	      12 kB
20220313 000457.449 INFO             PET0 PIOc_sync Enter - MemInfo: [/proc/self/status]	VmSwap:	       0 kB
20220313 000457.449 INFO             PET0 PIOc_sync Enter - MemInfo: [/proc/self/status]	VmRSSPercent: 0.0579204 %
20220313 000457.449 INFO             PET0 PIOc_sync Enter - MemInfo: [malloc] Non-mmapped space allocated:                22007808 Byte
20220313 000457.449 INFO             PET0 PIOc_sync Enter - MemInfo: [malloc] Space allocated in mmapped regions:          3026944 Byte
20220313 000457.449 INFO             PET0 PIOc_sync Enter - MemInfo: [malloc] Maximum total allocated space:                     0 Byte
20220313 000457.449 INFO             PET0 PIOc_sync Enter - MemInfo: [malloc] Space in freed fastbin blocks:                   384 Byte
20220313 000457.449 INFO             PET0 PIOc_sync Enter - MemInfo: [malloc] Total allocated space:                      11295504 Byte
20220313 000457.449 INFO             PET0 PIOc_sync Enter - MemInfo: [malloc] Total free space:                           10712304 Byte
20220313 000457.449 INFO             PET0 PIOc_sync Enter - MemInfo: [malloc] Top-most, releasable space:                  6362640 Byte
20220313 000457.449 INFO             PET0 PIOc_sync Enter - MemInfo: [malloc] Total space in use, mmap + non-mmap:        14322448 Byte
20220313 000457.449 INFO             PET0 PIOc_sync Enter - MemInfo: [malloc] Total space held (mmap + non-mmap):         25034752 Byte
20220313 000457.449 INFO             PET0 PIOc_sync Enter - MemInfo: [malloc] Total space used (mmap + non-mmap):         14330656 Byte
20220313 000457.449 INFO             PET0 PIOc_sync Enter - MemInfo: Wall-clock time since execution start:                2.77587 seconds
20220313 000457.449 INFO             PET0 PIOc_sync Exit - MemInfo: [/proc/meminfo - SSI]	MemTotal:       65855856 kB
20220313 000457.449 INFO             PET0 PIOc_sync Exit - MemInfo: [/proc/meminfo - SSI]	MemFree:        61145840 kB
20220313 000457.449 INFO             PET0 PIOc_sync Exit - MemInfo: [/proc/meminfo - SSI]	MemAvailable:   60931840 kB
20220313 000457.449 INFO             PET0 PIOc_sync Exit - MemInfo: [/proc/meminfo - SSI]	Committed_AS:    3011740 kB
20220313 000457.449 INFO             PET0 PIOc_sync Exit - MemInfo: [/proc/meminfo - SSI]	CommittedPercent: 4.57323 %
20220313 000457.449 INFO             PET0 PIOc_sync Exit - MemInfo: [/proc/self/status]	VmPeak:	  313604 kB
20220313 000457.449 INFO             PET0 PIOc_sync Exit - MemInfo: [/proc/self/status]	VmSize:	  313580 kB
20220313 000457.450 INFO             PET0 PIOc_sync Exit - MemInfo: [/proc/self/status]	VmLck:	       0 kB
20220313 000457.450 INFO             PET0 PIOc_sync Exit - MemInfo: [/proc/self/status]	VmPin:	       0 kB
20220313 000457.450 INFO             PET0 PIOc_sync Exit - MemInfo: [/proc/self/status]	VmHWM:	   38156 kB
20220313 000457.450 INFO             PET0 PIOc_sync Exit - MemInfo: [/proc/self/status]	VmRSS:	   38144 kB
20220313 000457.450 INFO             PET0 PIOc_sync Exit - MemInfo: [/proc/self/status]	VmData:	   45388 kB
20220313 000457.450 INFO             PET0 PIOc_sync Exit - MemInfo: [/proc/self/status]	VmStk:	     508 kB
20220313 000457.450 INFO             PET0 PIOc_sync Exit - MemInfo: [/proc/self/status]	VmExe:	    1936 kB
20220313 000457.450 INFO             PET0 PIOc_sync Exit - MemInfo: [/proc/self/status]	VmLib:	   93984 kB
20220313 000457.450 INFO             PET0 PIOc_sync Exit - MemInfo: [/proc/self/status]	VmPTE:	     464 kB
20220313 000457.450 INFO             PET0 PIOc_sync Exit - MemInfo: [/proc/self/status]	VmPMD:	      12 kB
20220313 000457.450 INFO             PET0 PIOc_sync Exit - MemInfo: [/proc/self/status]	VmSwap:	       0 kB
20220313 000457.450 INFO             PET0 PIOc_sync Exit - MemInfo: [/proc/self/status]	VmRSSPercent: 0.0579204 %
20220313 000457.450 INFO             PET0 PIOc_sync Exit - MemInfo: [malloc] Non-mmapped space allocated:                22007808 Byte
20220313 000457.450 INFO             PET0 PIOc_sync Exit - MemInfo: [malloc] Space allocated in mmapped regions:          3026944 Byte
20220313 000457.450 INFO             PET0 PIOc_sync Exit - MemInfo: [malloc] Maximum total allocated space:                     0 Byte
20220313 000457.450 INFO             PET0 PIOc_sync Exit - MemInfo: [malloc] Space in freed fastbin blocks:                     0 Byte
20220313 000457.450 INFO             PET0 PIOc_sync Exit - MemInfo: [malloc] Total allocated space:                      11296784 Byte
20220313 000457.450 INFO             PET0 PIOc_sync Exit - MemInfo: [malloc] Total free space:                           10711024 Byte
20220313 000457.450 INFO             PET0 PIOc_sync Exit - MemInfo: [malloc] Top-most, releasable space:                  6362640 Byte
20220313 000457.450 INFO             PET0 PIOc_sync Exit - MemInfo: [malloc] Total space in use, mmap + non-mmap:        14323728 Byte
20220313 000457.450 INFO             PET0 PIOc_sync Exit - MemInfo: [malloc] Total space held (mmap + non-mmap):         25034752 Byte
20220313 000457.450 INFO             PET0 PIOc_sync Exit - MemInfo: [malloc] Total space used (mmap + non-mmap):         14332048 Byte
20220313 000457.450 INFO             PET0 PIOc_sync Exit - MemInfo: Wall-clock time since execution start:                2.77623 seconds
20220313 000457.450 INFO             PET0 PIOc_freedecomp Enter - MemInfo: [/proc/meminfo - SSI]	MemTotal:       65855856 kB
20220313 000457.450 INFO             PET0 PIOc_freedecomp Enter - MemInfo: [/proc/meminfo - SSI]	MemFree:        61145840 kB
20220313 000457.450 INFO             PET0 PIOc_freedecomp Enter - MemInfo: [/proc/meminfo - SSI]	MemAvailable:   60931840 kB
20220313 000457.450 INFO             PET0 PIOc_freedecomp Enter - MemInfo: [/proc/meminfo - SSI]	Committed_AS:    3011740 kB
20220313 000457.450 INFO             PET0 PIOc_freedecomp Enter - MemInfo: [/proc/meminfo - SSI]	CommittedPercent: 4.57323 %
20220313 000457.450 INFO             PET0 PIOc_freedecomp Enter - MemInfo: [/proc/self/status]	VmPeak:	  313604 kB
20220313 000457.450 INFO             PET0 PIOc_freedecomp Enter - MemInfo: [/proc/self/status]	VmSize:	  313580 kB
20220313 000457.450 INFO             PET0 PIOc_freedecomp Enter - MemInfo: [/proc/self/status]	VmLck:	       0 kB
20220313 000457.450 INFO             PET0 PIOc_freedecomp Enter - MemInfo: [/proc/self/status]	VmPin:	       0 kB
20220313 000457.450 INFO             PET0 PIOc_freedecomp Enter - MemInfo: [/proc/self/status]	VmHWM:	   38156 kB
20220313 000457.450 INFO             PET0 PIOc_freedecomp Enter - MemInfo: [/proc/self/status]	VmRSS:	   38144 kB
20220313 000457.450 INFO             PET0 PIOc_freedecomp Enter - MemInfo: [/proc/self/status]	VmData:	   45388 kB
20220313 000457.450 INFO             PET0 PIOc_freedecomp Enter - MemInfo: [/proc/self/status]	VmStk:	     508 kB
20220313 000457.450 INFO             PET0 PIOc_freedecomp Enter - MemInfo: [/proc/self/status]	VmExe:	    1936 kB
20220313 000457.450 INFO             PET0 PIOc_freedecomp Enter - MemInfo: [/proc/self/status]	VmLib:	   93984 kB
20220313 000457.450 INFO             PET0 PIOc_freedecomp Enter - MemInfo: [/proc/self/status]	VmPTE:	     464 kB
20220313 000457.450 INFO             PET0 PIOc_freedecomp Enter - MemInfo: [/proc/self/status]	VmPMD:	      12 kB
20220313 000457.450 INFO             PET0 PIOc_freedecomp Enter - MemInfo: [/proc/self/status]	VmSwap:	       0 kB
20220313 000457.450 INFO             PET0 PIOc_freedecomp Enter - MemInfo: [/proc/self/status]	VmRSSPercent: 0.0579204 %
20220313 000457.450 INFO             PET0 PIOc_freedecomp Enter - MemInfo: [malloc] Non-mmapped space allocated:                22007808 Byte
20220313 000457.450 INFO             PET0 PIOc_freedecomp Enter - MemInfo: [malloc] Space allocated in mmapped regions:          3026944 Byte
20220313 000457.450 INFO             PET0 PIOc_freedecomp Enter - MemInfo: [malloc] Maximum total allocated space:                     0 Byte
20220313 000457.450 INFO             PET0 PIOc_freedecomp Enter - MemInfo: [malloc] Space in freed fastbin blocks:                   272 Byte
20220313 000457.450 INFO             PET0 PIOc_freedecomp Enter - MemInfo: [malloc] Total allocated space:                       2372464 Byte
20220313 000457.450 INFO             PET0 PIOc_freedecomp Enter - MemInfo: [malloc] Total free space:                           19635344 Byte
20220313 000457.450 INFO             PET0 PIOc_freedecomp Enter - MemInfo: [malloc] Top-most, releasable space:                 14751264 Byte
20220313 000457.450 INFO             PET0 PIOc_freedecomp Enter - MemInfo: [malloc] Total space in use, mmap + non-mmap:         5399408 Byte
20220313 000457.450 INFO             PET0 PIOc_freedecomp Enter - MemInfo: [malloc] Total space held (mmap + non-mmap):         25034752 Byte
20220313 000457.450 INFO             PET0 PIOc_freedecomp Enter - MemInfo: [malloc] Total space used (mmap + non-mmap):          5407616 Byte
20220313 000457.450 INFO             PET0 PIOc_freedecomp Enter - MemInfo: Wall-clock time since execution start:                2.77665 seconds
20220313 000457.450 INFO             PET0 PIOc_freedecomp Exit - MemInfo: [/proc/meminfo - SSI]	MemTotal:       65855856 kB
20220313 000457.450 INFO             PET0 PIOc_freedecomp Exit - MemInfo: [/proc/meminfo - SSI]	MemFree:        61145840 kB
20220313 000457.450 INFO             PET0 PIOc_freedecomp Exit - MemInfo: [/proc/meminfo - SSI]	MemAvailable:   60931840 kB
20220313 000457.450 INFO             PET0 PIOc_freedecomp Exit - MemInfo: [/proc/meminfo - SSI]	Committed_AS:    3011740 kB
20220313 000457.450 INFO             PET0 PIOc_freedecomp Exit - MemInfo: [/proc/meminfo - SSI]	CommittedPercent: 4.57323 %
20220313 000457.450 INFO             PET0 PIOc_freedecomp Exit - MemInfo: [/proc/self/status]	VmPeak:	  313604 kB
20220313 000457.450 INFO             PET0 PIOc_freedecomp Exit - MemInfo: [/proc/self/status]	VmSize:	  313580 kB
20220313 000457.450 INFO             PET0 PIOc_freedecomp Exit - MemInfo: [/proc/self/status]	VmLck:	       0 kB
20220313 000457.450 INFO             PET0 PIOc_freedecomp Exit - MemInfo: [/proc/self/status]	VmPin:	       0 kB
20220313 000457.450 INFO             PET0 PIOc_freedecomp Exit - MemInfo: [/proc/self/status]	VmHWM:	   38156 kB
20220313 000457.450 INFO             PET0 PIOc_freedecomp Exit - MemInfo: [/proc/self/status]	VmRSS:	   38144 kB
20220313 000457.450 INFO             PET0 PIOc_freedecomp Exit - MemInfo: [/proc/self/status]	VmData:	   45388 kB
20220313 000457.450 INFO             PET0 PIOc_freedecomp Exit - MemInfo: [/proc/self/status]	VmStk:	     508 kB
20220313 000457.450 INFO             PET0 PIOc_freedecomp Exit - MemInfo: [/proc/self/status]	VmExe:	    1936 kB
20220313 000457.450 INFO             PET0 PIOc_freedecomp Exit - MemInfo: [/proc/self/status]	VmLib:	   93984 kB
20220313 000457.450 INFO             PET0 PIOc_freedecomp Exit - MemInfo: [/proc/self/status]	VmPTE:	     464 kB
20220313 000457.450 INFO             PET0 PIOc_freedecomp Exit - MemInfo: [/proc/self/status]	VmPMD:	      12 kB
20220313 000457.450 INFO             PET0 PIOc_freedecomp Exit - MemInfo: [/proc/self/status]	VmSwap:	       0 kB
20220313 000457.450 INFO             PET0 PIOc_freedecomp Exit - MemInfo: [/proc/self/status]	VmRSSPercent: 0.0579204 %
20220313 000457.450 INFO             PET0 PIOc_freedecomp Exit - MemInfo: [malloc] Non-mmapped space allocated:                22007808 Byte
20220313 000457.450 INFO             PET0 PIOc_freedecomp Exit - MemInfo: [malloc] Space allocated in mmapped regions:          3026944 Byte
20220313 000457.450 INFO             PET0 PIOc_freedecomp Exit - MemInfo: [malloc] Maximum total allocated space:                     0 Byte
20220313 000457.450 INFO             PET0 PIOc_freedecomp Exit - MemInfo: [malloc] Space in freed fastbin blocks:                  1280 Byte
20220313 000457.450 INFO             PET0 PIOc_freedecomp Exit - MemInfo: [malloc] Total allocated space:                       2371040 Byte
20220313 000457.450 INFO             PET0 PIOc_freedecomp Exit - MemInfo: [malloc] Total free space:                           19636768 Byte
20220313 000457.450 INFO             PET0 PIOc_freedecomp Exit - MemInfo: [malloc] Top-most, releasable space:                 14751264 Byte
20220313 000457.450 INFO             PET0 PIOc_freedecomp Exit - MemInfo: [malloc] Total space in use, mmap + non-mmap:         5397984 Byte
20220313 000457.450 INFO             PET0 PIOc_freedecomp Exit - MemInfo: [malloc] Total space held (mmap + non-mmap):         25034752 Byte
20220313 000457.450 INFO             PET0 PIOc_freedecomp Exit - MemInfo: [malloc] Total space used (mmap + non-mmap):          5406192 Byte
20220313 000457.450 INFO             PET0 PIOc_freedecomp Exit - MemInfo: Wall-clock time since execution start:                 2.7769 seconds
20220313 000457.452 INFO             PET0 PIOc_sync Enter - MemInfo: [/proc/meminfo - SSI]	MemTotal:       65855856 kB
20220313 000457.452 INFO             PET0 PIOc_sync Enter - MemInfo: [/proc/meminfo - SSI]	MemFree:        61145840 kB
20220313 000457.452 INFO             PET0 PIOc_sync Enter - MemInfo: [/proc/meminfo - SSI]	MemAvailable:   60931840 kB
20220313 000457.452 INFO             PET0 PIOc_sync Enter - MemInfo: [/proc/meminfo - SSI]	Committed_AS:    3011740 kB
20220313 000457.452 INFO             PET0 PIOc_sync Enter - MemInfo: [/proc/meminfo - SSI]	CommittedPercent: 4.57323 %
20220313 000457.452 INFO             PET0 PIOc_sync Enter - MemInfo: [/proc/self/status]	VmPeak:	  313604 kB
20220313 000457.452 INFO             PET0 PIOc_sync Enter - MemInfo: [/proc/self/status]	VmSize:	  313580 kB
20220313 000457.452 INFO             PET0 PIOc_sync Enter - MemInfo: [/proc/self/status]	VmLck:	       0 kB
20220313 000457.452 INFO             PET0 PIOc_sync Enter - MemInfo: [/proc/self/status]	VmPin:	       0 kB
20220313 000457.452 INFO             PET0 PIOc_sync Enter - MemInfo: [/proc/self/status]	VmHWM:	   38156 kB
20220313 000457.452 INFO             PET0 PIOc_sync Enter - MemInfo: [/proc/self/status]	VmRSS:	   38144 kB
20220313 000457.452 INFO             PET0 PIOc_sync Enter - MemInfo: [/proc/self/status]	VmData:	   45388 kB
20220313 000457.452 INFO             PET0 PIOc_sync Enter - MemInfo: [/proc/self/status]	VmStk:	     508 kB
20220313 000457.452 INFO             PET0 PIOc_sync Enter - MemInfo: [/proc/self/status]	VmExe:	    1936 kB
20220313 000457.452 INFO             PET0 PIOc_sync Enter - MemInfo: [/proc/self/status]	VmLib:	   93984 kB
20220313 000457.452 INFO             PET0 PIOc_sync Enter - MemInfo: [/proc/self/status]	VmPTE:	     464 kB
20220313 000457.452 INFO             PET0 PIOc_sync Enter - MemInfo: [/proc/self/status]	VmPMD:	      12 kB
20220313 000457.452 INFO             PET0 PIOc_sync Enter - MemInfo: [/proc/self/status]	VmSwap:	       0 kB
20220313 000457.452 INFO             PET0 PIOc_sync Enter - MemInfo: [/proc/self/status]	VmRSSPercent: 0.0579204 %
20220313 000457.452 INFO             PET0 PIOc_sync Enter - MemInfo: [malloc] Non-mmapped space allocated:                22007808 Byte
20220313 000457.452 INFO             PET0 PIOc_sync Enter - MemInfo: [malloc] Space allocated in mmapped regions:          3026944 Byte
20220313 000457.452 INFO             PET0 PIOc_sync Enter - MemInfo: [malloc] Maximum total allocated space:                     0 Byte
20220313 000457.452 INFO             PET0 PIOc_sync Enter - MemInfo: [malloc] Space in freed fastbin blocks:                  1104 Byte
20220313 000457.452 INFO             PET0 PIOc_sync Enter - MemInfo: [malloc] Total allocated space:                      11298256 Byte
20220313 000457.452 INFO             PET0 PIOc_sync Enter - MemInfo: [malloc] Total free space:                           10709552 Byte
20220313 000457.452 INFO             PET0 PIOc_sync Enter - MemInfo: [malloc] Top-most, releasable space:                  6362640 Byte
20220313 000457.452 INFO             PET0 PIOc_sync Enter - MemInfo: [malloc] Total space in use, mmap + non-mmap:        14325200 Byte
20220313 000457.452 INFO             PET0 PIOc_sync Enter - MemInfo: [malloc] Total space held (mmap + non-mmap):         25034752 Byte
20220313 000457.452 INFO             PET0 PIOc_sync Enter - MemInfo: [malloc] Total space used (mmap + non-mmap):         14333408 Byte
20220313 000457.452 INFO             PET0 PIOc_sync Enter - MemInfo: Wall-clock time since execution start:                2.77859 seconds
20220313 000457.452 INFO             PET0 PIOc_sync Exit - MemInfo: [/proc/meminfo - SSI]	MemTotal:       65855856 kB
20220313 000457.452 INFO             PET0 PIOc_sync Exit - MemInfo: [/proc/meminfo - SSI]	MemFree:        61145840 kB
20220313 000457.452 INFO             PET0 PIOc_sync Exit - MemInfo: [/proc/meminfo - SSI]	MemAvailable:   60931840 kB
20220313 000457.452 INFO             PET0 PIOc_sync Exit - MemInfo: [/proc/meminfo - SSI]	Committed_AS:    3011740 kB
20220313 000457.452 INFO             PET0 PIOc_sync Exit - MemInfo: [/proc/meminfo - SSI]	CommittedPercent: 4.57323 %
20220313 000457.452 INFO             PET0 PIOc_sync Exit - MemInfo: [/proc/self/status]	VmPeak:	  313604 kB
20220313 000457.452 INFO             PET0 PIOc_sync Exit - MemInfo: [/proc/self/status]	VmSize:	  313580 kB
20220313 000457.452 INFO             PET0 PIOc_sync Exit - MemInfo: [/proc/self/status]	VmLck:	       0 kB
20220313 000457.452 INFO             PET0 PIOc_sync Exit - MemInfo: [/proc/self/status]	VmPin:	       0 kB
20220313 000457.452 INFO             PET0 PIOc_sync Exit - MemInfo: [/proc/self/status]	VmHWM:	   38156 kB
20220313 000457.452 INFO             PET0 PIOc_sync Exit - MemInfo: [/proc/self/status]	VmRSS:	   38144 kB
20220313 000457.452 INFO             PET0 PIOc_sync Exit - MemInfo: [/proc/self/status]	VmData:	   45388 kB
20220313 000457.452 INFO             PET0 PIOc_sync Exit - MemInfo: [/proc/self/status]	VmStk:	     508 kB
20220313 000457.452 INFO             PET0 PIOc_sync Exit - MemInfo: [/proc/self/status]	VmExe:	    1936 kB
20220313 000457.452 INFO             PET0 PIOc_sync Exit - MemInfo: [/proc/self/status]	VmLib:	   93984 kB
20220313 000457.452 INFO             PET0 PIOc_sync Exit - MemInfo: [/proc/self/status]	VmPTE:	     468 kB
20220313 000457.452 INFO             PET0 PIOc_sync Exit - MemInfo: [/proc/self/status]	VmPMD:	      12 kB
20220313 000457.452 INFO             PET0 PIOc_sync Exit - MemInfo: [/proc/self/status]	VmSwap:	       0 kB
20220313 000457.452 INFO             PET0 PIOc_sync Exit - MemInfo: [/proc/self/status]	VmRSSPercent: 0.0579204 %
20220313 000457.452 INFO             PET0 PIOc_sync Exit - MemInfo: [malloc] Non-mmapped space allocated:                22007808 Byte
20220313 000457.452 INFO             PET0 PIOc_sync Exit - MemInfo: [malloc] Space allocated in mmapped regions:          3026944 Byte
20220313 000457.452 INFO             PET0 PIOc_sync Exit - MemInfo: [malloc] Maximum total allocated space:                     0 Byte
20220313 000457.452 INFO             PET0 PIOc_sync Exit - MemInfo: [malloc] Space in freed fastbin blocks:                     0 Byte
20220313 000457.452 INFO             PET0 PIOc_sync Exit - MemInfo: [malloc] Total allocated space:                      11298992 Byte
20220313 000457.452 INFO             PET0 PIOc_sync Exit - MemInfo: [malloc] Total free space:                           10708816 Byte
20220313 000457.452 INFO             PET0 PIOc_sync Exit - MemInfo: [malloc] Top-most, releasable space:                  6362640 Byte
20220313 000457.452 INFO             PET0 PIOc_sync Exit - MemInfo: [malloc] Total space in use, mmap + non-mmap:        14325936 Byte
20220313 000457.452 INFO             PET0 PIOc_sync Exit - MemInfo: [malloc] Total space held (mmap + non-mmap):         25034752 Byte
20220313 000457.452 INFO             PET0 PIOc_sync Exit - MemInfo: [malloc] Total space used (mmap + non-mmap):         14334256 Byte
20220313 000457.452 INFO             PET0 PIOc_sync Exit - MemInfo: Wall-clock time since execution start:                2.77899 seconds
20220313 000457.453 INFO             PET0 PIOc_freedecomp Enter - MemInfo: [/proc/meminfo - SSI]	MemTotal:       65855856 kB
20220313 000457.453 INFO             PET0 PIOc_freedecomp Enter - MemInfo: [/proc/meminfo - SSI]	MemFree:        61145840 kB
20220313 000457.453 INFO             PET0 PIOc_freedecomp Enter - MemInfo: [/proc/meminfo - SSI]	MemAvailable:   60931840 kB
20220313 000457.453 INFO             PET0 PIOc_freedecomp Enter - MemInfo: [/proc/meminfo - SSI]	Committed_AS:    3011740 kB
20220313 000457.453 INFO             PET0 PIOc_freedecomp Enter - MemInfo: [/proc/meminfo - SSI]	CommittedPercent: 4.57323 %
20220313 000457.453 INFO             PET0 PIOc_freedecomp Enter - MemInfo: [/proc/self/status]	VmPeak:	  313604 kB
20220313 000457.453 INFO             PET0 PIOc_freedecomp Enter - MemInfo: [/proc/self/status]	VmSize:	  313580 kB
20220313 000457.453 INFO             PET0 PIOc_freedecomp Enter - MemInfo: [/proc/self/status]	VmLck:	       0 kB
20220313 000457.453 INFO             PET0 PIOc_freedecomp Enter - MemInfo: [/proc/self/status]	VmPin:	       0 kB
20220313 000457.453 INFO             PET0 PIOc_freedecomp Enter - MemInfo: [/proc/self/status]	VmHWM:	   38156 kB
20220313 000457.453 INFO             PET0 PIOc_freedecomp Enter - MemInfo: [/proc/self/status]	VmRSS:	   38144 kB
20220313 000457.453 INFO             PET0 PIOc_freedecomp Enter - MemInfo: [/proc/self/status]	VmData:	   45388 kB
20220313 000457.453 INFO             PET0 PIOc_freedecomp Enter - MemInfo: [/proc/self/status]	VmStk:	     508 kB
20220313 000457.453 INFO             PET0 PIOc_freedecomp Enter - MemInfo: [/proc/self/status]	VmExe:	    1936 kB
20220313 000457.453 INFO             PET0 PIOc_freedecomp Enter - MemInfo: [/proc/self/status]	VmLib:	   93984 kB
20220313 000457.453 INFO             PET0 PIOc_freedecomp Enter - MemInfo: [/proc/self/status]	VmPTE:	     468 kB
20220313 000457.453 INFO             PET0 PIOc_freedecomp Enter - MemInfo: [/proc/self/status]	VmPMD:	      12 kB
20220313 000457.453 INFO             PET0 PIOc_freedecomp Enter - MemInfo: [/proc/self/status]	VmSwap:	       0 kB
20220313 000457.453 INFO             PET0 PIOc_freedecomp Enter - MemInfo: [/proc/self/status]	VmRSSPercent: 0.0579204 %
20220313 000457.453 INFO             PET0 PIOc_freedecomp Enter - MemInfo: [malloc] Non-mmapped space allocated:                22007808 Byte
20220313 000457.453 INFO             PET0 PIOc_freedecomp Enter - MemInfo: [malloc] Space allocated in mmapped regions:          3026944 Byte
20220313 000457.453 INFO             PET0 PIOc_freedecomp Enter - MemInfo: [malloc] Maximum total allocated space:                     0 Byte
20220313 000457.453 INFO             PET0 PIOc_freedecomp Enter - MemInfo: [malloc] Space in freed fastbin blocks:                   272 Byte
20220313 000457.453 INFO             PET0 PIOc_freedecomp Enter - MemInfo: [malloc] Total allocated space:                       2373760 Byte
20220313 000457.453 INFO             PET0 PIOc_freedecomp Enter - MemInfo: [malloc] Total free space:                           19634048 Byte
20220313 000457.453 INFO             PET0 PIOc_freedecomp Enter - MemInfo: [malloc] Top-most, releasable space:                 14751264 Byte
20220313 000457.453 INFO             PET0 PIOc_freedecomp Enter - MemInfo: [malloc] Total space in use, mmap + non-mmap:         5400704 Byte
20220313 000457.453 INFO             PET0 PIOc_freedecomp Enter - MemInfo: [malloc] Total space held (mmap + non-mmap):         25034752 Byte
20220313 000457.453 INFO             PET0 PIOc_freedecomp Enter - MemInfo: [malloc] Total space used (mmap + non-mmap):          5408912 Byte
20220313 000457.453 INFO             PET0 PIOc_freedecomp Enter - MemInfo: Wall-clock time since execution start:                2.77941 seconds
20220313 000457.453 INFO             PET0 PIOc_freedecomp Exit - MemInfo: [/proc/meminfo - SSI]	MemTotal:       65855856 kB
20220313 000457.453 INFO             PET0 PIOc_freedecomp Exit - MemInfo: [/proc/meminfo - SSI]	MemFree:        61145840 kB
20220313 000457.453 INFO             PET0 PIOc_freedecomp Exit - MemInfo: [/proc/meminfo - SSI]	MemAvailable:   60931840 kB
20220313 000457.453 INFO             PET0 PIOc_freedecomp Exit - MemInfo: [/proc/meminfo - SSI]	Committed_AS:    3011740 kB
20220313 000457.453 INFO             PET0 PIOc_freedecomp Exit - MemInfo: [/proc/meminfo - SSI]	CommittedPercent: 4.57323 %
20220313 000457.453 INFO             PET0 PIOc_freedecomp Exit - MemInfo: [/proc/self/status]	VmPeak:	  313604 kB
20220313 000457.453 INFO             PET0 PIOc_freedecomp Exit - MemInfo: [/proc/self/status]	VmSize:	  313580 kB
20220313 000457.453 INFO             PET0 PIOc_freedecomp Exit - MemInfo: [/proc/self/status]	VmLck:	       0 kB
20220313 000457.453 INFO             PET0 PIOc_freedecomp Exit - MemInfo: [/proc/self/status]	VmPin:	       0 kB
20220313 000457.453 INFO             PET0 PIOc_freedecomp Exit - MemInfo: [/proc/self/status]	VmHWM:	   38156 kB
20220313 000457.453 INFO             PET0 PIOc_freedecomp Exit - MemInfo: [/proc/self/status]	VmRSS:	   38144 kB
20220313 000457.453 INFO             PET0 PIOc_freedecomp Exit - MemInfo: [/proc/self/status]	VmData:	   45388 kB
20220313 000457.453 INFO             PET0 PIOc_freedecomp Exit - MemInfo: [/proc/self/status]	VmStk:	     508 kB
20220313 000457.453 INFO             PET0 PIOc_freedecomp Exit - MemInfo: [/proc/self/status]	VmExe:	    1936 kB
20220313 000457.453 INFO             PET0 PIOc_freedecomp Exit - MemInfo: [/proc/self/status]	VmLib:	   93984 kB
20220313 000457.453 INFO             PET0 PIOc_freedecomp Exit - MemInfo: [/proc/self/status]	VmPTE:	     468 kB
20220313 000457.453 INFO             PET0 PIOc_freedecomp Exit - MemInfo: [/proc/self/status]	VmPMD:	      12 kB
20220313 000457.453 INFO             PET0 PIOc_freedecomp Exit - MemInfo: [/proc/self/status]	VmSwap:	       0 kB
20220313 000457.453 INFO             PET0 PIOc_freedecomp Exit - MemInfo: [/proc/self/status]	VmRSSPercent: 0.0579204 %
20220313 000457.453 INFO             PET0 PIOc_freedecomp Exit - MemInfo: [malloc] Non-mmapped space allocated:                22007808 Byte
20220313 000457.453 INFO             PET0 PIOc_freedecomp Exit - MemInfo: [malloc] Space allocated in mmapped regions:          3026944 Byte
20220313 000457.453 INFO             PET0 PIOc_freedecomp Exit - MemInfo: [malloc] Maximum total allocated space:                     0 Byte
20220313 000457.453 INFO             PET0 PIOc_freedecomp Exit - MemInfo: [malloc] Space in freed fastbin blocks:                  1488 Byte
20220313 000457.453 INFO             PET0 PIOc_freedecomp Exit - MemInfo: [malloc] Total allocated space:                       2372128 Byte
20220313 000457.453 INFO             PET0 PIOc_freedecomp Exit - MemInfo: [malloc] Total free space:                           19635680 Byte
20220313 000457.453 INFO             PET0 PIOc_freedecomp Exit - MemInfo: [malloc] Top-most, releasable space:                 14751264 Byte
20220313 000457.453 INFO             PET0 PIOc_freedecomp Exit - MemInfo: [malloc] Total space in use, mmap + non-mmap:         5399072 Byte
20220313 000457.453 INFO             PET0 PIOc_freedecomp Exit - MemInfo: [malloc] Total space held (mmap + non-mmap):         25034752 Byte
20220313 000457.453 INFO             PET0 PIOc_freedecomp Exit - MemInfo: [malloc] Total space used (mmap + non-mmap):          5407280 Byte
20220313 000457.453 INFO             PET0 PIOc_freedecomp Exit - MemInfo: Wall-clock time since execution start:                2.77968 seconds
20220313 000457.455 INFO             PET0 PIOc_sync Enter - MemInfo: [/proc/meminfo - SSI]	MemTotal:       65855856 kB
20220313 000457.455 INFO             PET0 PIOc_sync Enter - MemInfo: [/proc/meminfo - SSI]	MemFree:        61145840 kB
20220313 000457.455 INFO             PET0 PIOc_sync Enter - MemInfo: [/proc/meminfo - SSI]	MemAvailable:   60931840 kB
20220313 000457.455 INFO             PET0 PIOc_sync Enter - MemInfo: [/proc/meminfo - SSI]	Committed_AS:    3011740 kB
20220313 000457.455 INFO             PET0 PIOc_sync Enter - MemInfo: [/proc/meminfo - SSI]	CommittedPercent: 4.57323 %
20220313 000457.455 INFO             PET0 PIOc_sync Enter - MemInfo: [/proc/self/status]	VmPeak:	  313604 kB
20220313 000457.455 INFO             PET0 PIOc_sync Enter - MemInfo: [/proc/self/status]	VmSize:	  313580 kB
20220313 000457.455 INFO             PET0 PIOc_sync Enter - MemInfo: [/proc/self/status]	VmLck:	       0 kB
20220313 000457.455 INFO             PET0 PIOc_sync Enter - MemInfo: [/proc/self/status]	VmPin:	       0 kB
20220313 000457.455 INFO             PET0 PIOc_sync Enter - MemInfo: [/proc/self/status]	VmHWM:	   38156 kB
20220313 000457.455 INFO             PET0 PIOc_sync Enter - MemInfo: [/proc/self/status]	VmRSS:	   38144 kB
20220313 000457.455 INFO             PET0 PIOc_sync Enter - MemInfo: [/proc/self/status]	VmData:	   45388 kB
20220313 000457.455 INFO             PET0 PIOc_sync Enter - MemInfo: [/proc/self/status]	VmStk:	     508 kB
20220313 000457.455 INFO             PET0 PIOc_sync Enter - MemInfo: [/proc/self/status]	VmExe:	    1936 kB
20220313 000457.455 INFO             PET0 PIOc_sync Enter - MemInfo: [/proc/self/status]	VmLib:	   93984 kB
20220313 000457.455 INFO             PET0 PIOc_sync Enter - MemInfo: [/proc/self/status]	VmPTE:	     468 kB
20220313 000457.455 INFO             PET0 PIOc_sync Enter - MemInfo: [/proc/self/status]	VmPMD:	      12 kB
20220313 000457.455 INFO             PET0 PIOc_sync Enter - MemInfo: [/proc/self/status]	VmSwap:	       0 kB
20220313 000457.455 INFO             PET0 PIOc_sync Enter - MemInfo: [/proc/self/status]	VmRSSPercent: 0.0579204 %
20220313 000457.455 INFO             PET0 PIOc_sync Enter - MemInfo: [malloc] Non-mmapped space allocated:                22007808 Byte
20220313 000457.455 INFO             PET0 PIOc_sync Enter - MemInfo: [malloc] Space allocated in mmapped regions:          3026944 Byte
20220313 000457.455 INFO             PET0 PIOc_sync Enter - MemInfo: [malloc] Maximum total allocated space:                     0 Byte
20220313 000457.455 INFO             PET0 PIOc_sync Enter - MemInfo: [malloc] Space in freed fastbin blocks:                  1616 Byte
20220313 000457.455 INFO             PET0 PIOc_sync Enter - MemInfo: [malloc] Total allocated space:                      11300688 Byte
20220313 000457.455 INFO             PET0 PIOc_sync Enter - MemInfo: [malloc] Total free space:                           10707120 Byte
20220313 000457.455 INFO             PET0 PIOc_sync Enter - MemInfo: [malloc] Top-most, releasable space:                  6362640 Byte
20220313 000457.455 INFO             PET0 PIOc_sync Enter - MemInfo: [malloc] Total space in use, mmap + non-mmap:        14327632 Byte
20220313 000457.455 INFO             PET0 PIOc_sync Enter - MemInfo: [malloc] Total space held (mmap + non-mmap):         25034752 Byte
20220313 000457.455 INFO             PET0 PIOc_sync Enter - MemInfo: [malloc] Total space used (mmap + non-mmap):         14335840 Byte
20220313 000457.455 INFO             PET0 PIOc_sync Enter - MemInfo: Wall-clock time since execution start:                2.78139 seconds
20220313 000457.455 INFO             PET0 PIOc_sync Exit - MemInfo: [/proc/meminfo - SSI]	MemTotal:       65855856 kB
20220313 000457.455 INFO             PET0 PIOc_sync Exit - MemInfo: [/proc/meminfo - SSI]	MemFree:        61145840 kB
20220313 000457.455 INFO             PET0 PIOc_sync Exit - MemInfo: [/proc/meminfo - SSI]	MemAvailable:   60931840 kB
20220313 000457.455 INFO             PET0 PIOc_sync Exit - MemInfo: [/proc/meminfo - SSI]	Committed_AS:    3011740 kB
20220313 000457.455 INFO             PET0 PIOc_sync Exit - MemInfo: [/proc/meminfo - SSI]	CommittedPercent: 4.57323 %
20220313 000457.455 INFO             PET0 PIOc_sync Exit - MemInfo: [/proc/self/status]	VmPeak:	  313604 kB
20220313 000457.455 INFO             PET0 PIOc_sync Exit - MemInfo: [/proc/self/status]	VmSize:	  313580 kB
20220313 000457.455 INFO             PET0 PIOc_sync Exit - MemInfo: [/proc/self/status]	VmLck:	       0 kB
20220313 000457.455 INFO             PET0 PIOc_sync Exit - MemInfo: [/proc/self/status]	VmPin:	       0 kB
20220313 000457.455 INFO             PET0 PIOc_sync Exit - MemInfo: [/proc/self/status]	VmHWM:	   38156 kB
20220313 000457.455 INFO             PET0 PIOc_sync Exit - MemInfo: [/proc/self/status]	VmRSS:	   38144 kB
20220313 000457.455 INFO             PET0 PIOc_sync Exit - MemInfo: [/proc/self/status]	VmData:	   45388 kB
20220313 000457.455 INFO             PET0 PIOc_sync Exit - MemInfo: [/proc/self/status]	VmStk:	     508 kB
20220313 000457.455 INFO             PET0 PIOc_sync Exit - MemInfo: [/proc/self/status]	VmExe:	    1936 kB
20220313 000457.455 INFO             PET0 PIOc_sync Exit - MemInfo: [/proc/self/status]	VmLib:	   93984 kB
20220313 000457.455 INFO             PET0 PIOc_sync Exit - MemInfo: [/proc/self/status]	VmPTE:	     468 kB
20220313 000457.455 INFO             PET0 PIOc_sync Exit - MemInfo: [/proc/self/status]	VmPMD:	      12 kB
20220313 000457.455 INFO             PET0 PIOc_sync Exit - MemInfo: [/proc/self/status]	VmSwap:	       0 kB
20220313 000457.455 INFO             PET0 PIOc_sync Exit - MemInfo: [/proc/self/status]	VmRSSPercent: 0.0579204 %
20220313 000457.455 INFO             PET0 PIOc_sync Exit - MemInfo: [malloc] Non-mmapped space allocated:                22007808 Byte
20220313 000457.455 INFO             PET0 PIOc_sync Exit - MemInfo: [malloc] Space allocated in mmapped regions:          3026944 Byte
20220313 000457.455 INFO             PET0 PIOc_sync Exit - MemInfo: [malloc] Maximum total allocated space:                     0 Byte
20220313 000457.455 INFO             PET0 PIOc_sync Exit - MemInfo: [malloc] Space in freed fastbin blocks:                   224 Byte
20220313 000457.455 INFO             PET0 PIOc_sync Exit - MemInfo: [malloc] Total allocated space:                      11301696 Byte
20220313 000457.455 INFO             PET0 PIOc_sync Exit - MemInfo: [malloc] Total free space:                           10706112 Byte
20220313 000457.455 INFO             PET0 PIOc_sync Exit - MemInfo: [malloc] Top-most, releasable space:                  6362640 Byte
20220313 000457.455 INFO             PET0 PIOc_sync Exit - MemInfo: [malloc] Total space in use, mmap + non-mmap:        14328640 Byte
20220313 000457.455 INFO             PET0 PIOc_sync Exit - MemInfo: [malloc] Total space held (mmap + non-mmap):         25034752 Byte
20220313 000457.455 INFO             PET0 PIOc_sync Exit - MemInfo: [malloc] Total space used (mmap + non-mmap):         14336960 Byte
20220313 000457.455 INFO             PET0 PIOc_sync Exit - MemInfo: Wall-clock time since execution start:                2.78173 seconds
20220313 000457.455 INFO             PET0 PIOc_freedecomp Enter - MemInfo: [/proc/meminfo - SSI]	MemTotal:       65855856 kB
20220313 000457.455 INFO             PET0 PIOc_freedecomp Enter - MemInfo: [/proc/meminfo - SSI]	MemFree:        61145840 kB
20220313 000457.455 INFO             PET0 PIOc_freedecomp Enter - MemInfo: [/proc/meminfo - SSI]	MemAvailable:   60931840 kB
20220313 000457.455 INFO             PET0 PIOc_freedecomp Enter - MemInfo: [/proc/meminfo - SSI]	Committed_AS:    3011740 kB
20220313 000457.455 INFO             PET0 PIOc_freedecomp Enter - MemInfo: [/proc/meminfo - SSI]	CommittedPercent: 4.57323 %
20220313 000457.455 INFO             PET0 PIOc_freedecomp Enter - MemInfo: [/proc/self/status]	VmPeak:	  313604 kB
20220313 000457.455 INFO             PET0 PIOc_freedecomp Enter - MemInfo: [/proc/self/status]	VmSize:	  313580 kB
20220313 000457.455 INFO             PET0 PIOc_freedecomp Enter - MemInfo: [/proc/self/status]	VmLck:	       0 kB
20220313 000457.455 INFO             PET0 PIOc_freedecomp Enter - MemInfo: [/proc/self/status]	VmPin:	       0 kB
20220313 000457.455 INFO             PET0 PIOc_freedecomp Enter - MemInfo: [/proc/self/status]	VmHWM:	   38156 kB
20220313 000457.455 INFO             PET0 PIOc_freedecomp Enter - MemInfo: [/proc/self/status]	VmRSS:	   38144 kB
20220313 000457.455 INFO             PET0 PIOc_freedecomp Enter - MemInfo: [/proc/self/status]	VmData:	   45388 kB
20220313 000457.455 INFO             PET0 PIOc_freedecomp Enter - MemInfo: [/proc/self/status]	VmStk:	     508 kB
20220313 000457.456 INFO             PET0 PIOc_freedecomp Enter - MemInfo: [/proc/self/status]	VmExe:	    1936 kB
20220313 000457.456 INFO             PET0 PIOc_freedecomp Enter - MemInfo: [/proc/self/status]	VmLib:	   93984 kB
20220313 000457.456 INFO             PET0 PIOc_freedecomp Enter - MemInfo: [/proc/self/status]	VmPTE:	     468 kB
20220313 000457.456 INFO             PET0 PIOc_freedecomp Enter - MemInfo: [/proc/self/status]	VmPMD:	      12 kB
20220313 000457.456 INFO             PET0 PIOc_freedecomp Enter - MemInfo: [/proc/self/status]	VmSwap:	       0 kB
20220313 000457.456 INFO             PET0 PIOc_freedecomp Enter - MemInfo: [/proc/self/status]	VmRSSPercent: 0.0579204 %
20220313 000457.456 INFO             PET0 PIOc_freedecomp Enter - MemInfo: [malloc] Non-mmapped space allocated:                22007808 Byte
20220313 000457.456 INFO             PET0 PIOc_freedecomp Enter - MemInfo: [malloc] Space allocated in mmapped regions:          3026944 Byte
20220313 000457.456 INFO             PET0 PIOc_freedecomp Enter - MemInfo: [malloc] Maximum total allocated space:                     0 Byte
20220313 000457.456 INFO             PET0 PIOc_freedecomp Enter - MemInfo: [malloc] Space in freed fastbin blocks:                   272 Byte
20220313 000457.456 INFO             PET0 PIOc_freedecomp Enter - MemInfo: [malloc] Total allocated space:                       2375648 Byte
20220313 000457.456 INFO             PET0 PIOc_freedecomp Enter - MemInfo: [malloc] Total free space:                           19632160 Byte
20220313 000457.456 INFO             PET0 PIOc_freedecomp Enter - MemInfo: [malloc] Top-most, releasable space:                 14751264 Byte
20220313 000457.456 INFO             PET0 PIOc_freedecomp Enter - MemInfo: [malloc] Total space in use, mmap + non-mmap:         5402592 Byte
20220313 000457.456 INFO             PET0 PIOc_freedecomp Enter - MemInfo: [malloc] Total space held (mmap + non-mmap):         25034752 Byte
20220313 000457.456 INFO             PET0 PIOc_freedecomp Enter - MemInfo: [malloc] Total space used (mmap + non-mmap):          5410800 Byte
20220313 000457.456 INFO             PET0 PIOc_freedecomp Enter - MemInfo: Wall-clock time since execution start:                 2.7822 seconds
20220313 000457.456 INFO             PET0 PIOc_freedecomp Exit - MemInfo: [/proc/meminfo - SSI]	MemTotal:       65855856 kB
20220313 000457.456 INFO             PET0 PIOc_freedecomp Exit - MemInfo: [/proc/meminfo - SSI]	MemFree:        61145840 kB
20220313 000457.456 INFO             PET0 PIOc_freedecomp Exit - MemInfo: [/proc/meminfo - SSI]	MemAvailable:   60931840 kB
20220313 000457.456 INFO             PET0 PIOc_freedecomp Exit - MemInfo: [/proc/meminfo - SSI]	Committed_AS:    3011740 kB
20220313 000457.456 INFO             PET0 PIOc_freedecomp Exit - MemInfo: [/proc/meminfo - SSI]	CommittedPercent: 4.57323 %
20220313 000457.456 INFO             PET0 PIOc_freedecomp Exit - MemInfo: [/proc/self/status]	VmPeak:	  313604 kB
20220313 000457.456 INFO             PET0 PIOc_freedecomp Exit - MemInfo: [/proc/self/status]	VmSize:	  313580 kB
20220313 000457.456 INFO             PET0 PIOc_freedecomp Exit - MemInfo: [/proc/self/status]	VmLck:	       0 kB
20220313 000457.456 INFO             PET0 PIOc_freedecomp Exit - MemInfo: [/proc/self/status]	VmPin:	       0 kB
20220313 000457.456 INFO             PET0 PIOc_freedecomp Exit - MemInfo: [/proc/self/status]	VmHWM:	   38156 kB
20220313 000457.456 INFO             PET0 PIOc_freedecomp Exit - MemInfo: [/proc/self/status]	VmRSS:	   38144 kB
20220313 000457.456 INFO             PET0 PIOc_freedecomp Exit - MemInfo: [/proc/self/status]	VmData:	   45388 kB
20220313 000457.456 INFO             PET0 PIOc_freedecomp Exit - MemInfo: [/proc/self/status]	VmStk:	     508 kB
20220313 000457.456 INFO             PET0 PIOc_freedecomp Exit - MemInfo: [/proc/self/status]	VmExe:	    1936 kB
20220313 000457.456 INFO             PET0 PIOc_freedecomp Exit - MemInfo: [/proc/self/status]	VmLib:	   93984 kB
20220313 000457.456 INFO             PET0 PIOc_freedecomp Exit - MemInfo: [/proc/self/status]	VmPTE:	     468 kB
20220313 000457.456 INFO             PET0 PIOc_freedecomp Exit - MemInfo: [/proc/self/status]	VmPMD:	      12 kB
20220313 000457.456 INFO             PET0 PIOc_freedecomp Exit - MemInfo: [/proc/self/status]	VmSwap:	       0 kB
20220313 000457.456 INFO             PET0 PIOc_freedecomp Exit - MemInfo: [/proc/self/status]	VmRSSPercent: 0.0579204 %
20220313 000457.456 INFO             PET0 PIOc_freedecomp Exit - MemInfo: [malloc] Non-mmapped space allocated:                22007808 Byte
20220313 000457.456 INFO             PET0 PIOc_freedecomp Exit - MemInfo: [malloc] Space allocated in mmapped regions:          3026944 Byte
20220313 000457.456 INFO             PET0 PIOc_freedecomp Exit - MemInfo: [malloc] Maximum total allocated space:                     0 Byte
20220313 000457.456 INFO             PET0 PIOc_freedecomp Exit - MemInfo: [malloc] Space in freed fastbin blocks:                  1568 Byte
20220313 000457.456 INFO             PET0 PIOc_freedecomp Exit - MemInfo: [malloc] Total allocated space:                       2373936 Byte
20220313 000457.456 INFO             PET0 PIOc_freedecomp Exit - MemInfo: [malloc] Total free space:                           19633872 Byte
20220313 000457.456 INFO             PET0 PIOc_freedecomp Exit - MemInfo: [malloc] Top-most, releasable space:                 14751264 Byte
20220313 000457.456 INFO             PET0 PIOc_freedecomp Exit - MemInfo: [malloc] Total space in use, mmap + non-mmap:         5400880 Byte
20220313 000457.456 INFO             PET0 PIOc_freedecomp Exit - MemInfo: [malloc] Total space held (mmap + non-mmap):         25034752 Byte
20220313 000457.456 INFO             PET0 PIOc_freedecomp Exit - MemInfo: [malloc] Total space used (mmap + non-mmap):          5409088 Byte
20220313 000457.456 INFO             PET0 PIOc_freedecomp Exit - MemInfo: Wall-clock time since execution start:                2.78262 seconds
20220313 000457.457 INFO             PET0  PASS  Test RouteHandleDestroy(), ESMF_RouteHandleAdvancedUTest.F90, line 633
20220313 000457.457 INFO             PET0  PASS  Apply the copied Routehandle, ESMF_RouteHandleAdvancedUTest.F90, line 643
20220313 000457.457 INFO             PET0  PASS  Test RouteHandleDestroy() for the copied Routehandle, ESMF_RouteHandleAdvancedUTest.F90, line 651
20220313 000457.457 INFO             PET0  PASS  Test ESMF_DynamicMaskSetR4R4R4(), ESMF_RouteHandleAdvancedUTest.F90, line 716
20220313 000457.457 INFO             PET0  PASS  Test ESMF_DynamicMaskSetR4R4R4V(), ESMF_RouteHandleAdvancedUTest.F90, line 725
20220313 000457.457 INFO             PET0  PASS  Test ESMF_DynamicMaskSetR4R8R4V(), ESMF_RouteHandleAdvancedUTest.F90, line 734
20220313 000457.457 INFO             PET0  Ending Test, file ESMF_RouteHandleAdvancedUTest.F90, line 749
20220313 000457.457 INFO             PET0 Finalizing ESMF
20220313 000454.703 INFO             PET1 !!!!!!!!!!!!!!!!!!!!!!!!!!!!!!!!!!!!!!!!!!!!!!!!!!!!!!
20220313 000454.703 INFO             PET1 !!! THE ESMF_LOG IS SET TO OUTPUT ALL LOG MESSAGES !!!
20220313 000454.703 INFO             PET1 !!!     THIS MAY CAUSE SLOWDOWN IN PERFORMANCE     !!!
20220313 000454.703 INFO             PET1 !!! FOR PRODUCTION RUNS, USE:                      !!!
20220313 000454.703 INFO             PET1 !!!                   ESMF_LOGKIND_Multi_On_Error  !!!
20220313 000454.703 INFO             PET1 !!!!!!!!!!!!!!!!!!!!!!!!!!!!!!!!!!!!!!!!!!!!!!!!!!!!!!
20220313 000454.703 INFO             PET1 Running with ESMF Version   : v8.3.0b09-96-g559b459836
20220313 000454.703 INFO             PET1 ESMF library build date/time: "Mar 12 2022" "23:42:39"
20220313 000454.703 INFO             PET1 ESMF library build location : /lustre/f2/dev/ncep/Mark.Potts/intel_2019.5_mpi_O_jedwards_pio_update2
20220313 000454.703 INFO             PET1 ESMF_COMM                   : mpi
20220313 000454.704 INFO             PET1 ESMF_MOAB                   : enabled
20220313 000454.704 INFO             PET1 ESMF_LAPACK                 : enabled
20220313 000454.704 INFO             PET1 ESMF_NETCDF                 : enabled
20220313 000454.704 INFO             PET1 ESMF_PNETCDF                : disabled
20220313 000454.704 INFO             PET1 ESMF_PIO                    : enabled
20220313 000454.704 INFO             PET1 ESMF_YAMLCPP                : enabled
20220313 000454.705 INFO             PET1  Beginning Test, file ESMF_RouteHandleAdvancedUTest.F90, line 346
20220313 000454.705 INFO             PET1  NUMBER_OF_PROCESSORS           4
20220313 000454.711 INFO             PET1 ESMF_FieldRedistStoreNF(): Just entered routine.
20220313 000454.806 INFO             PET1 ESMF_FieldRedistStoreNF(): Leaving routine.
20220313 000454.806 INFO             PET1  PASS  Create RouteHandle for the original petList, ESMF_RouteHandleAdvancedUTest.F90, line 511
20220313 000454.806 INFO             PET1  PASS  Test RouteHandleIsCreated(), ESMF_RouteHandleAdvancedUTest.F90, line 519
20220313 000454.806 INFO             PET1  PASS  Test RouteHandleIsCreated() return value, ESMF_RouteHandleAdvancedUTest.F90, line 526
20220313 000454.806 INFO             PET1  PASS  Test RouteHandleGet(), ESMF_RouteHandleAdvancedUTest.F90, line 534
20220313 000454.814 INFO             PET1  PASS  Test RouteHandleWrite(), ESMF_RouteHandleAdvancedUTest.F90, line 542
20220313 000454.814 INFO             PET1  PASS  Test RouteHandleDestroy(), ESMF_RouteHandleAdvancedUTest.F90, line 550
20220313 000454.817 INFO             PET1  PASS  Test RouteHandleCreate(from file), ESMF_RouteHandleAdvancedUTest.F90, line 558
20220313 000454.819 INFO             PET1  PASS  Apply the read in Routehandle, ESMF_RouteHandleAdvancedUTest.F90, line 567
20220313 000454.819 INFO             PET1  PASS  Test RouteHandleDestroy() for the read in Routehandle, ESMF_RouteHandleAdvancedUTest.F90, line 575
20220313 000454.819 INFO             PET1 ESMF_FieldRedistStoreNF(): Just entered routine.
20220313 000454.907 INFO             PET1 ESMF_FieldRedistStoreNF(): Leaving routine.
20220313 000454.907 INFO             PET1  PASS  Create RouteHandle for the original petList, ESMF_RouteHandleAdvancedUTest.F90, line 585
20220313 000454.907 INFO             PET1  PASS  Transfer RouteHandle to a different petList, ESMF_RouteHandleAdvancedUTest.F90, line 602
20220313 000454.945 INFO             PET1 PIOc_sync Enter - MemInfo: [/proc/meminfo - SSI]	MemTotal:       65855856 kB
20220313 000454.945 INFO             PET1 PIOc_sync Enter - MemInfo: [/proc/meminfo - SSI]	MemFree:        61149784 kB
20220313 000454.945 INFO             PET1 PIOc_sync Enter - MemInfo: [/proc/meminfo - SSI]	MemAvailable:   60934420 kB
20220313 000454.945 INFO             PET1 PIOc_sync Enter - MemInfo: [/proc/meminfo - SSI]	Committed_AS:    3011740 kB
20220313 000454.945 INFO             PET1 PIOc_sync Enter - MemInfo: [/proc/meminfo - SSI]	CommittedPercent: 4.57323 %
20220313 000454.945 INFO             PET1 PIOc_sync Enter - MemInfo: [/proc/self/status]	VmPeak:	  309120 kB
20220313 000457.444 INFO             PET1 PIOc_sync Enter - MemInfo: [/proc/self/status]	VmSize:	  309120 kB
20220313 000457.445 INFO             PET1 PIOc_sync Enter - MemInfo: [/proc/self/status]	VmLck:	       0 kB
20220313 000457.445 INFO             PET1 PIOc_sync Enter - MemInfo: [/proc/self/status]	VmPin:	       0 kB
20220313 000457.445 INFO             PET1 PIOc_sync Enter - MemInfo: [/proc/self/status]	VmHWM:	   34380 kB
20220313 000457.445 INFO             PET1 PIOc_sync Enter - MemInfo: [/proc/self/status]	VmRSS:	   34380 kB
20220313 000457.445 INFO             PET1 PIOc_sync Enter - MemInfo: [/proc/self/status]	VmData:	   47048 kB
20220313 000457.445 INFO             PET1 PIOc_sync Enter - MemInfo: [/proc/self/status]	VmStk:	     508 kB
20220313 000457.445 INFO             PET1 PIOc_sync Enter - MemInfo: [/proc/self/status]	VmExe:	    1936 kB
20220313 000457.445 INFO             PET1 PIOc_sync Enter - MemInfo: [/proc/self/status]	VmLib:	   93984 kB
20220313 000457.445 INFO             PET1 PIOc_sync Enter - MemInfo: [/proc/self/status]	VmPTE:	     436 kB
20220313 000457.445 INFO             PET1 PIOc_sync Enter - MemInfo: [/proc/self/status]	VmPMD:	      12 kB
20220313 000457.445 INFO             PET1 PIOc_sync Enter - MemInfo: [/proc/self/status]	VmSwap:	       0 kB
20220313 000457.445 INFO             PET1 PIOc_sync Enter - MemInfo: [/proc/self/status]	VmRSSPercent: 0.0522049 %
20220313 000457.445 INFO             PET1 PIOc_sync Enter - MemInfo: [malloc] Non-mmapped space allocated:                22728704 Byte
20220313 000457.445 INFO             PET1 PIOc_sync Enter - MemInfo: [malloc] Space allocated in mmapped regions:          4005888 Byte
20220313 000457.445 INFO             PET1 PIOc_sync Enter - MemInfo: [malloc] Maximum total allocated space:                     0 Byte
20220313 000457.445 INFO             PET1 PIOc_sync Enter - MemInfo: [malloc] Space in freed fastbin blocks:                    32 Byte
20220313 000457.445 INFO             PET1 PIOc_sync Enter - MemInfo: [malloc] Total allocated space:                       1774144 Byte
20220313 000457.445 INFO             PET1 PIOc_sync Enter - MemInfo: [malloc] Total free space:                           20954560 Byte
20220313 000457.445 INFO             PET1 PIOc_sync Enter - MemInfo: [malloc] Top-most, releasable space:                 15412736 Byte
20220313 000457.445 INFO             PET1 PIOc_sync Enter - MemInfo: [malloc] Total space in use, mmap + non-mmap:         5780032 Byte
20220313 000457.445 INFO             PET1 PIOc_sync Enter - MemInfo: [malloc] Total space held (mmap + non-mmap):         26734592 Byte
20220313 000457.445 INFO             PET1 PIOc_sync Enter - MemInfo: [malloc] Total space used (mmap + non-mmap):          5788896 Byte
20220313 000457.445 INFO             PET1 PIOc_sync Enter - MemInfo: Wall-clock time since execution start:                2.77126 seconds
20220313 000457.445 INFO             PET1 PIOc_sync Exit - MemInfo: [/proc/meminfo - SSI]	MemTotal:       65855856 kB
20220313 000457.445 INFO             PET1 PIOc_sync Exit - MemInfo: [/proc/meminfo - SSI]	MemFree:        61145840 kB
20220313 000457.445 INFO             PET1 PIOc_sync Exit - MemInfo: [/proc/meminfo - SSI]	MemAvailable:   60931840 kB
20220313 000457.445 INFO             PET1 PIOc_sync Exit - MemInfo: [/proc/meminfo - SSI]	Committed_AS:    3011740 kB
20220313 000457.445 INFO             PET1 PIOc_sync Exit - MemInfo: [/proc/meminfo - SSI]	CommittedPercent: 4.57323 %
20220313 000457.445 INFO             PET1 PIOc_sync Exit - MemInfo: [/proc/self/status]	VmPeak:	  309120 kB
20220313 000457.445 INFO             PET1 PIOc_sync Exit - MemInfo: [/proc/self/status]	VmSize:	  309120 kB
20220313 000457.445 INFO             PET1 PIOc_sync Exit - MemInfo: [/proc/self/status]	VmLck:	       0 kB
20220313 000457.445 INFO             PET1 PIOc_sync Exit - MemInfo: [/proc/self/status]	VmPin:	       0 kB
20220313 000457.445 INFO             PET1 PIOc_sync Exit - MemInfo: [/proc/self/status]	VmHWM:	   34380 kB
20220313 000457.445 INFO             PET1 PIOc_sync Exit - MemInfo: [/proc/self/status]	VmRSS:	   34380 kB
20220313 000457.445 INFO             PET1 PIOc_sync Exit - MemInfo: [/proc/self/status]	VmData:	   47048 kB
20220313 000457.445 INFO             PET1 PIOc_sync Exit - MemInfo: [/proc/self/status]	VmStk:	     508 kB
20220313 000457.445 INFO             PET1 PIOc_sync Exit - MemInfo: [/proc/self/status]	VmExe:	    1936 kB
20220313 000457.445 INFO             PET1 PIOc_sync Exit - MemInfo: [/proc/self/status]	VmLib:	   93984 kB
20220313 000457.445 INFO             PET1 PIOc_sync Exit - MemInfo: [/proc/self/status]	VmPTE:	     436 kB
20220313 000457.445 INFO             PET1 PIOc_sync Exit - MemInfo: [/proc/self/status]	VmPMD:	      12 kB
20220313 000457.445 INFO             PET1 PIOc_sync Exit - MemInfo: [/proc/self/status]	VmSwap:	       0 kB
20220313 000457.445 INFO             PET1 PIOc_sync Exit - MemInfo: [/proc/self/status]	VmRSSPercent: 0.0522049 %
20220313 000457.445 INFO             PET1 PIOc_sync Exit - MemInfo: [malloc] Non-mmapped space allocated:                22728704 Byte
20220313 000457.445 INFO             PET1 PIOc_sync Exit - MemInfo: [malloc] Space allocated in mmapped regions:          4005888 Byte
20220313 000457.445 INFO             PET1 PIOc_sync Exit - MemInfo: [malloc] Maximum total allocated space:                     0 Byte
20220313 000457.445 INFO             PET1 PIOc_sync Exit - MemInfo: [malloc] Space in freed fastbin blocks:                     0 Byte
20220313 000457.445 INFO             PET1 PIOc_sync Exit - MemInfo: [malloc] Total allocated space:                       1775472 Byte
20220313 000457.445 INFO             PET1 PIOc_sync Exit - MemInfo: [malloc] Total free space:                           20953232 Byte
20220313 000457.445 INFO             PET1 PIOc_sync Exit - MemInfo: [malloc] Top-most, releasable space:                 15412736 Byte
20220313 000457.445 INFO             PET1 PIOc_sync Exit - MemInfo: [malloc] Total space in use, mmap + non-mmap:         5781360 Byte
20220313 000457.445 INFO             PET1 PIOc_sync Exit - MemInfo: [malloc] Total space held (mmap + non-mmap):         26734592 Byte
20220313 000457.445 INFO             PET1 PIOc_sync Exit - MemInfo: [malloc] Total space used (mmap + non-mmap):          5789680 Byte
20220313 000457.445 INFO             PET1 PIOc_sync Exit - MemInfo: Wall-clock time since execution start:                 2.7717 seconds
20220313 000457.447 INFO             PET1 PIOc_freedecomp Enter - MemInfo: [/proc/meminfo - SSI]	MemTotal:       65855856 kB
20220313 000457.447 INFO             PET1 PIOc_freedecomp Enter - MemInfo: [/proc/meminfo - SSI]	MemFree:        61145840 kB
20220313 000457.447 INFO             PET1 PIOc_freedecomp Enter - MemInfo: [/proc/meminfo - SSI]	MemAvailable:   60931840 kB
20220313 000457.447 INFO             PET1 PIOc_freedecomp Enter - MemInfo: [/proc/meminfo - SSI]	Committed_AS:    3011740 kB
20220313 000457.447 INFO             PET1 PIOc_freedecomp Enter - MemInfo: [/proc/meminfo - SSI]	CommittedPercent: 4.57323 %
20220313 000457.447 INFO             PET1 PIOc_freedecomp Enter - MemInfo: [/proc/self/status]	VmPeak:	  309120 kB
20220313 000457.447 INFO             PET1 PIOc_freedecomp Enter - MemInfo: [/proc/self/status]	VmSize:	  309120 kB
20220313 000457.447 INFO             PET1 PIOc_freedecomp Enter - MemInfo: [/proc/self/status]	VmLck:	       0 kB
20220313 000457.447 INFO             PET1 PIOc_freedecomp Enter - MemInfo: [/proc/self/status]	VmPin:	       0 kB
20220313 000457.447 INFO             PET1 PIOc_freedecomp Enter - MemInfo: [/proc/self/status]	VmHWM:	   34380 kB
20220313 000457.447 INFO             PET1 PIOc_freedecomp Enter - MemInfo: [/proc/self/status]	VmRSS:	   34380 kB
20220313 000457.447 INFO             PET1 PIOc_freedecomp Enter - MemInfo: [/proc/self/status]	VmData:	   47048 kB
20220313 000457.447 INFO             PET1 PIOc_freedecomp Enter - MemInfo: [/proc/self/status]	VmStk:	     508 kB
20220313 000457.447 INFO             PET1 PIOc_freedecomp Enter - MemInfo: [/proc/self/status]	VmExe:	    1936 kB
20220313 000457.447 INFO             PET1 PIOc_freedecomp Enter - MemInfo: [/proc/self/status]	VmLib:	   93984 kB
20220313 000457.447 INFO             PET1 PIOc_freedecomp Enter - MemInfo: [/proc/self/status]	VmPTE:	     436 kB
20220313 000457.447 INFO             PET1 PIOc_freedecomp Enter - MemInfo: [/proc/self/status]	VmPMD:	      12 kB
20220313 000457.447 INFO             PET1 PIOc_freedecomp Enter - MemInfo: [/proc/self/status]	VmSwap:	       0 kB
20220313 000457.447 INFO             PET1 PIOc_freedecomp Enter - MemInfo: [/proc/self/status]	VmRSSPercent: 0.0522049 %
20220313 000457.447 INFO             PET1 PIOc_freedecomp Enter - MemInfo: [malloc] Non-mmapped space allocated:                22728704 Byte
20220313 000457.447 INFO             PET1 PIOc_freedecomp Enter - MemInfo: [malloc] Space allocated in mmapped regions:          4005888 Byte
20220313 000457.447 INFO             PET1 PIOc_freedecomp Enter - MemInfo: [malloc] Maximum total allocated space:                     0 Byte
20220313 000457.447 INFO             PET1 PIOc_freedecomp Enter - MemInfo: [malloc] Space in freed fastbin blocks:                     0 Byte
20220313 000457.447 INFO             PET1 PIOc_freedecomp Enter - MemInfo: [malloc] Total allocated space:                       1775920 Byte
20220313 000457.447 INFO             PET1 PIOc_freedecomp Enter - MemInfo: [malloc] Total free space:                           20952784 Byte
20220313 000457.447 INFO             PET1 PIOc_freedecomp Enter - MemInfo: [malloc] Top-most, releasable space:                 15412736 Byte
20220313 000457.447 INFO             PET1 PIOc_freedecomp Enter - MemInfo: [malloc] Total space in use, mmap + non-mmap:         5781808 Byte
20220313 000457.447 INFO             PET1 PIOc_freedecomp Enter - MemInfo: [malloc] Total space held (mmap + non-mmap):         26734592 Byte
20220313 000457.447 INFO             PET1 PIOc_freedecomp Enter - MemInfo: [malloc] Total space used (mmap + non-mmap):          5790304 Byte
20220313 000457.447 INFO             PET1 PIOc_freedecomp Enter - MemInfo: Wall-clock time since execution start:                2.77354 seconds
20220313 000457.447 INFO             PET1 PIOc_freedecomp Exit - MemInfo: [/proc/meminfo - SSI]	MemTotal:       65855856 kB
20220313 000457.447 INFO             PET1 PIOc_freedecomp Exit - MemInfo: [/proc/meminfo - SSI]	MemFree:        61145840 kB
20220313 000457.447 INFO             PET1 PIOc_freedecomp Exit - MemInfo: [/proc/meminfo - SSI]	MemAvailable:   60931840 kB
20220313 000457.447 INFO             PET1 PIOc_freedecomp Exit - MemInfo: [/proc/meminfo - SSI]	Committed_AS:    3011740 kB
20220313 000457.447 INFO             PET1 PIOc_freedecomp Exit - MemInfo: [/proc/meminfo - SSI]	CommittedPercent: 4.57323 %
20220313 000457.447 INFO             PET1 PIOc_freedecomp Exit - MemInfo: [/proc/self/status]	VmPeak:	  309120 kB
20220313 000457.447 INFO             PET1 PIOc_freedecomp Exit - MemInfo: [/proc/self/status]	VmSize:	  309120 kB
20220313 000457.447 INFO             PET1 PIOc_freedecomp Exit - MemInfo: [/proc/self/status]	VmLck:	       0 kB
20220313 000457.447 INFO             PET1 PIOc_freedecomp Exit - MemInfo: [/proc/self/status]	VmPin:	       0 kB
20220313 000457.447 INFO             PET1 PIOc_freedecomp Exit - MemInfo: [/proc/self/status]	VmHWM:	   34380 kB
20220313 000457.447 INFO             PET1 PIOc_freedecomp Exit - MemInfo: [/proc/self/status]	VmRSS:	   34380 kB
20220313 000457.447 INFO             PET1 PIOc_freedecomp Exit - MemInfo: [/proc/self/status]	VmData:	   47048 kB
20220313 000457.447 INFO             PET1 PIOc_freedecomp Exit - MemInfo: [/proc/self/status]	VmStk:	     508 kB
20220313 000457.447 INFO             PET1 PIOc_freedecomp Exit - MemInfo: [/proc/self/status]	VmExe:	    1936 kB
20220313 000457.447 INFO             PET1 PIOc_freedecomp Exit - MemInfo: [/proc/self/status]	VmLib:	   93984 kB
20220313 000457.447 INFO             PET1 PIOc_freedecomp Exit - MemInfo: [/proc/self/status]	VmPTE:	     436 kB
20220313 000457.447 INFO             PET1 PIOc_freedecomp Exit - MemInfo: [/proc/self/status]	VmPMD:	      12 kB
20220313 000457.447 INFO             PET1 PIOc_freedecomp Exit - MemInfo: [/proc/self/status]	VmSwap:	       0 kB
20220313 000457.447 INFO             PET1 PIOc_freedecomp Exit - MemInfo: [/proc/self/status]	VmRSSPercent: 0.0522049 %
20220313 000457.447 INFO             PET1 PIOc_freedecomp Exit - MemInfo: [malloc] Non-mmapped space allocated:                22728704 Byte
20220313 000457.447 INFO             PET1 PIOc_freedecomp Exit - MemInfo: [malloc] Space allocated in mmapped regions:          4005888 Byte
20220313 000457.447 INFO             PET1 PIOc_freedecomp Exit - MemInfo: [malloc] Maximum total allocated space:                     0 Byte
20220313 000457.447 INFO             PET1 PIOc_freedecomp Exit - MemInfo: [malloc] Space in freed fastbin blocks:                   112 Byte
20220313 000457.447 INFO             PET1 PIOc_freedecomp Exit - MemInfo: [malloc] Total allocated space:                       1776432 Byte
20220313 000457.447 INFO             PET1 PIOc_freedecomp Exit - MemInfo: [malloc] Total free space:                           20952272 Byte
20220313 000457.447 INFO             PET1 PIOc_freedecomp Exit - MemInfo: [malloc] Top-most, releasable space:                 15412736 Byte
20220313 000457.447 INFO             PET1 PIOc_freedecomp Exit - MemInfo: [malloc] Total space in use, mmap + non-mmap:         5782320 Byte
20220313 000457.447 INFO             PET1 PIOc_freedecomp Exit - MemInfo: [malloc] Total space held (mmap + non-mmap):         26734592 Byte
20220313 000457.447 INFO             PET1 PIOc_freedecomp Exit - MemInfo: [malloc] Total space used (mmap + non-mmap):          5790752 Byte
20220313 000457.447 INFO             PET1 PIOc_freedecomp Exit - MemInfo: Wall-clock time since execution start:                2.77385 seconds
20220313 000457.449 INFO             PET1 PIOc_sync Enter - MemInfo: [/proc/meminfo - SSI]	MemTotal:       65855856 kB
20220313 000457.449 INFO             PET1 PIOc_sync Enter - MemInfo: [/proc/meminfo - SSI]	MemFree:        61145840 kB
20220313 000457.449 INFO             PET1 PIOc_sync Enter - MemInfo: [/proc/meminfo - SSI]	MemAvailable:   60931840 kB
20220313 000457.449 INFO             PET1 PIOc_sync Enter - MemInfo: [/proc/meminfo - SSI]	Committed_AS:    3011740 kB
20220313 000457.449 INFO             PET1 PIOc_sync Enter - MemInfo: [/proc/meminfo - SSI]	CommittedPercent: 4.57323 %
20220313 000457.449 INFO             PET1 PIOc_sync Enter - MemInfo: [/proc/self/status]	VmPeak:	  309120 kB
20220313 000457.449 INFO             PET1 PIOc_sync Enter - MemInfo: [/proc/self/status]	VmSize:	  309096 kB
20220313 000457.449 INFO             PET1 PIOc_sync Enter - MemInfo: [/proc/self/status]	VmLck:	       0 kB
20220313 000457.449 INFO             PET1 PIOc_sync Enter - MemInfo: [/proc/self/status]	VmPin:	       0 kB
20220313 000457.449 INFO             PET1 PIOc_sync Enter - MemInfo: [/proc/self/status]	VmHWM:	   34476 kB
20220313 000457.449 INFO             PET1 PIOc_sync Enter - MemInfo: [/proc/self/status]	VmRSS:	   34468 kB
20220313 000457.449 INFO             PET1 PIOc_sync Enter - MemInfo: [/proc/self/status]	VmData:	   47048 kB
20220313 000457.449 INFO             PET1 PIOc_sync Enter - MemInfo: [/proc/self/status]	VmStk:	     508 kB
20220313 000457.449 INFO             PET1 PIOc_sync Enter - MemInfo: [/proc/self/status]	VmExe:	    1936 kB
20220313 000457.449 INFO             PET1 PIOc_sync Enter - MemInfo: [/proc/self/status]	VmLib:	   93984 kB
20220313 000457.449 INFO             PET1 PIOc_sync Enter - MemInfo: [/proc/self/status]	VmPTE:	     436 kB
20220313 000457.449 INFO             PET1 PIOc_sync Enter - MemInfo: [/proc/self/status]	VmPMD:	      12 kB
20220313 000457.449 INFO             PET1 PIOc_sync Enter - MemInfo: [/proc/self/status]	VmSwap:	       0 kB
20220313 000457.449 INFO             PET1 PIOc_sync Enter - MemInfo: [/proc/self/status]	VmRSSPercent: 0.0523385 %
20220313 000457.449 INFO             PET1 PIOc_sync Enter - MemInfo: [malloc] Non-mmapped space allocated:                22728704 Byte
20220313 000457.449 INFO             PET1 PIOc_sync Enter - MemInfo: [malloc] Space allocated in mmapped regions:          4005888 Byte
20220313 000457.449 INFO             PET1 PIOc_sync Enter - MemInfo: [malloc] Maximum total allocated space:                     0 Byte
20220313 000457.449 INFO             PET1 PIOc_sync Enter - MemInfo: [malloc] Space in freed fastbin blocks:                    80 Byte
20220313 000457.449 INFO             PET1 PIOc_sync Enter - MemInfo: [malloc] Total allocated space:                       1777648 Byte
20220313 000457.449 INFO             PET1 PIOc_sync Enter - MemInfo: [malloc] Total free space:                           20951056 Byte
20220313 000457.449 INFO             PET1 PIOc_sync Enter - MemInfo: [malloc] Top-most, releasable space:                 15412736 Byte
20220313 000457.449 INFO             PET1 PIOc_sync Enter - MemInfo: [malloc] Total space in use, mmap + non-mmap:         5783536 Byte
20220313 000457.449 INFO             PET1 PIOc_sync Enter - MemInfo: [malloc] Total space held (mmap + non-mmap):         26734592 Byte
20220313 000457.449 INFO             PET1 PIOc_sync Enter - MemInfo: [malloc] Total space used (mmap + non-mmap):          5791744 Byte
20220313 000457.449 INFO             PET1 PIOc_sync Enter - MemInfo: Wall-clock time since execution start:                2.77584 seconds
20220313 000457.449 INFO             PET1 PIOc_sync Exit - MemInfo: [/proc/meminfo - SSI]	MemTotal:       65855856 kB
20220313 000457.449 INFO             PET1 PIOc_sync Exit - MemInfo: [/proc/meminfo - SSI]	MemFree:        61145840 kB
20220313 000457.449 INFO             PET1 PIOc_sync Exit - MemInfo: [/proc/meminfo - SSI]	MemAvailable:   60931840 kB
20220313 000457.449 INFO             PET1 PIOc_sync Exit - MemInfo: [/proc/meminfo - SSI]	Committed_AS:    3011740 kB
20220313 000457.449 INFO             PET1 PIOc_sync Exit - MemInfo: [/proc/meminfo - SSI]	CommittedPercent: 4.57323 %
20220313 000457.449 INFO             PET1 PIOc_sync Exit - MemInfo: [/proc/self/status]	VmPeak:	  309120 kB
20220313 000457.450 INFO             PET1 PIOc_sync Exit - MemInfo: [/proc/self/status]	VmSize:	  309096 kB
20220313 000457.450 INFO             PET1 PIOc_sync Exit - MemInfo: [/proc/self/status]	VmLck:	       0 kB
20220313 000457.450 INFO             PET1 PIOc_sync Exit - MemInfo: [/proc/self/status]	VmPin:	       0 kB
20220313 000457.450 INFO             PET1 PIOc_sync Exit - MemInfo: [/proc/self/status]	VmHWM:	   34476 kB
20220313 000457.450 INFO             PET1 PIOc_sync Exit - MemInfo: [/proc/self/status]	VmRSS:	   34468 kB
20220313 000457.450 INFO             PET1 PIOc_sync Exit - MemInfo: [/proc/self/status]	VmData:	   47048 kB
20220313 000457.450 INFO             PET1 PIOc_sync Exit - MemInfo: [/proc/self/status]	VmStk:	     508 kB
20220313 000457.450 INFO             PET1 PIOc_sync Exit - MemInfo: [/proc/self/status]	VmExe:	    1936 kB
20220313 000457.450 INFO             PET1 PIOc_sync Exit - MemInfo: [/proc/self/status]	VmLib:	   93984 kB
20220313 000457.450 INFO             PET1 PIOc_sync Exit - MemInfo: [/proc/self/status]	VmPTE:	     436 kB
20220313 000457.450 INFO             PET1 PIOc_sync Exit - MemInfo: [/proc/self/status]	VmPMD:	      12 kB
20220313 000457.450 INFO             PET1 PIOc_sync Exit - MemInfo: [/proc/self/status]	VmSwap:	       0 kB
20220313 000457.450 INFO             PET1 PIOc_sync Exit - MemInfo: [/proc/self/status]	VmRSSPercent: 0.0523385 %
20220313 000457.450 INFO             PET1 PIOc_sync Exit - MemInfo: [malloc] Non-mmapped space allocated:                22728704 Byte
20220313 000457.450 INFO             PET1 PIOc_sync Exit - MemInfo: [malloc] Space allocated in mmapped regions:          4005888 Byte
20220313 000457.450 INFO             PET1 PIOc_sync Exit - MemInfo: [malloc] Maximum total allocated space:                     0 Byte
20220313 000457.450 INFO             PET1 PIOc_sync Exit - MemInfo: [malloc] Space in freed fastbin blocks:                     0 Byte
20220313 000457.450 INFO             PET1 PIOc_sync Exit - MemInfo: [malloc] Total allocated space:                       1778112 Byte
20220313 000457.450 INFO             PET1 PIOc_sync Exit - MemInfo: [malloc] Total free space:                           20950592 Byte
20220313 000457.450 INFO             PET1 PIOc_sync Exit - MemInfo: [malloc] Top-most, releasable space:                 15412736 Byte
20220313 000457.450 INFO             PET1 PIOc_sync Exit - MemInfo: [malloc] Total space in use, mmap + non-mmap:         5784000 Byte
20220313 000457.450 INFO             PET1 PIOc_sync Exit - MemInfo: [malloc] Total space held (mmap + non-mmap):         26734592 Byte
20220313 000457.450 INFO             PET1 PIOc_sync Exit - MemInfo: [malloc] Total space used (mmap + non-mmap):          5792208 Byte
20220313 000457.450 INFO             PET1 PIOc_sync Exit - MemInfo: Wall-clock time since execution start:                 2.7762 seconds
20220313 000457.450 INFO             PET1 PIOc_freedecomp Enter - MemInfo: [/proc/meminfo - SSI]	MemTotal:       65855856 kB
20220313 000457.450 INFO             PET1 PIOc_freedecomp Enter - MemInfo: [/proc/meminfo - SSI]	MemFree:        61145840 kB
20220313 000457.450 INFO             PET1 PIOc_freedecomp Enter - MemInfo: [/proc/meminfo - SSI]	MemAvailable:   60931840 kB
20220313 000457.450 INFO             PET1 PIOc_freedecomp Enter - MemInfo: [/proc/meminfo - SSI]	Committed_AS:    3011740 kB
20220313 000457.450 INFO             PET1 PIOc_freedecomp Enter - MemInfo: [/proc/meminfo - SSI]	CommittedPercent: 4.57323 %
20220313 000457.450 INFO             PET1 PIOc_freedecomp Enter - MemInfo: [/proc/self/status]	VmPeak:	  309120 kB
20220313 000457.450 INFO             PET1 PIOc_freedecomp Enter - MemInfo: [/proc/self/status]	VmSize:	  309096 kB
20220313 000457.450 INFO             PET1 PIOc_freedecomp Enter - MemInfo: [/proc/self/status]	VmLck:	       0 kB
20220313 000457.450 INFO             PET1 PIOc_freedecomp Enter - MemInfo: [/proc/self/status]	VmPin:	       0 kB
20220313 000457.450 INFO             PET1 PIOc_freedecomp Enter - MemInfo: [/proc/self/status]	VmHWM:	   34476 kB
20220313 000457.450 INFO             PET1 PIOc_freedecomp Enter - MemInfo: [/proc/self/status]	VmRSS:	   34468 kB
20220313 000457.450 INFO             PET1 PIOc_freedecomp Enter - MemInfo: [/proc/self/status]	VmData:	   47048 kB
20220313 000457.450 INFO             PET1 PIOc_freedecomp Enter - MemInfo: [/proc/self/status]	VmStk:	     508 kB
20220313 000457.450 INFO             PET1 PIOc_freedecomp Enter - MemInfo: [/proc/self/status]	VmExe:	    1936 kB
20220313 000457.450 INFO             PET1 PIOc_freedecomp Enter - MemInfo: [/proc/self/status]	VmLib:	   93984 kB
20220313 000457.450 INFO             PET1 PIOc_freedecomp Enter - MemInfo: [/proc/self/status]	VmPTE:	     436 kB
20220313 000457.450 INFO             PET1 PIOc_freedecomp Enter - MemInfo: [/proc/self/status]	VmPMD:	      12 kB
20220313 000457.450 INFO             PET1 PIOc_freedecomp Enter - MemInfo: [/proc/self/status]	VmSwap:	       0 kB
20220313 000457.450 INFO             PET1 PIOc_freedecomp Enter - MemInfo: [/proc/self/status]	VmRSSPercent: 0.0523385 %
20220313 000457.450 INFO             PET1 PIOc_freedecomp Enter - MemInfo: [malloc] Non-mmapped space allocated:                22728704 Byte
20220313 000457.450 INFO             PET1 PIOc_freedecomp Enter - MemInfo: [malloc] Space allocated in mmapped regions:          4005888 Byte
20220313 000457.450 INFO             PET1 PIOc_freedecomp Enter - MemInfo: [malloc] Maximum total allocated space:                     0 Byte
20220313 000457.450 INFO             PET1 PIOc_freedecomp Enter - MemInfo: [malloc] Space in freed fastbin blocks:                     0 Byte
20220313 000457.450 INFO             PET1 PIOc_freedecomp Enter - MemInfo: [malloc] Total allocated space:                       1778336 Byte
20220313 000457.450 INFO             PET1 PIOc_freedecomp Enter - MemInfo: [malloc] Total free space:                           20950368 Byte
20220313 000457.450 INFO             PET1 PIOc_freedecomp Enter - MemInfo: [malloc] Top-most, releasable space:                 15412736 Byte
20220313 000457.450 INFO             PET1 PIOc_freedecomp Enter - MemInfo: [malloc] Total space in use, mmap + non-mmap:         5784224 Byte
20220313 000457.450 INFO             PET1 PIOc_freedecomp Enter - MemInfo: [malloc] Total space held (mmap + non-mmap):         26734592 Byte
20220313 000457.450 INFO             PET1 PIOc_freedecomp Enter - MemInfo: [malloc] Total space used (mmap + non-mmap):          5792432 Byte
20220313 000457.450 INFO             PET1 PIOc_freedecomp Enter - MemInfo: Wall-clock time since execution start:                2.77661 seconds
20220313 000457.450 INFO             PET1 PIOc_freedecomp Exit - MemInfo: [/proc/meminfo - SSI]	MemTotal:       65855856 kB
20220313 000457.450 INFO             PET1 PIOc_freedecomp Exit - MemInfo: [/proc/meminfo - SSI]	MemFree:        61145840 kB
20220313 000457.450 INFO             PET1 PIOc_freedecomp Exit - MemInfo: [/proc/meminfo - SSI]	MemAvailable:   60931840 kB
20220313 000457.450 INFO             PET1 PIOc_freedecomp Exit - MemInfo: [/proc/meminfo - SSI]	Committed_AS:    3011740 kB
20220313 000457.450 INFO             PET1 PIOc_freedecomp Exit - MemInfo: [/proc/meminfo - SSI]	CommittedPercent: 4.57323 %
20220313 000457.450 INFO             PET1 PIOc_freedecomp Exit - MemInfo: [/proc/self/status]	VmPeak:	  309120 kB
20220313 000457.450 INFO             PET1 PIOc_freedecomp Exit - MemInfo: [/proc/self/status]	VmSize:	  309096 kB
20220313 000457.450 INFO             PET1 PIOc_freedecomp Exit - MemInfo: [/proc/self/status]	VmLck:	       0 kB
20220313 000457.450 INFO             PET1 PIOc_freedecomp Exit - MemInfo: [/proc/self/status]	VmPin:	       0 kB
20220313 000457.450 INFO             PET1 PIOc_freedecomp Exit - MemInfo: [/proc/self/status]	VmHWM:	   34476 kB
20220313 000457.450 INFO             PET1 PIOc_freedecomp Exit - MemInfo: [/proc/self/status]	VmRSS:	   34468 kB
20220313 000457.450 INFO             PET1 PIOc_freedecomp Exit - MemInfo: [/proc/self/status]	VmData:	   47048 kB
20220313 000457.450 INFO             PET1 PIOc_freedecomp Exit - MemInfo: [/proc/self/status]	VmStk:	     508 kB
20220313 000457.450 INFO             PET1 PIOc_freedecomp Exit - MemInfo: [/proc/self/status]	VmExe:	    1936 kB
20220313 000457.450 INFO             PET1 PIOc_freedecomp Exit - MemInfo: [/proc/self/status]	VmLib:	   93984 kB
20220313 000457.450 INFO             PET1 PIOc_freedecomp Exit - MemInfo: [/proc/self/status]	VmPTE:	     436 kB
20220313 000457.450 INFO             PET1 PIOc_freedecomp Exit - MemInfo: [/proc/self/status]	VmPMD:	      12 kB
20220313 000457.450 INFO             PET1 PIOc_freedecomp Exit - MemInfo: [/proc/self/status]	VmSwap:	       0 kB
20220313 000457.450 INFO             PET1 PIOc_freedecomp Exit - MemInfo: [/proc/self/status]	VmRSSPercent: 0.0523385 %
20220313 000457.450 INFO             PET1 PIOc_freedecomp Exit - MemInfo: [malloc] Non-mmapped space allocated:                22728704 Byte
20220313 000457.450 INFO             PET1 PIOc_freedecomp Exit - MemInfo: [malloc] Space allocated in mmapped regions:          4005888 Byte
20220313 000457.450 INFO             PET1 PIOc_freedecomp Exit - MemInfo: [malloc] Maximum total allocated space:                     0 Byte
20220313 000457.450 INFO             PET1 PIOc_freedecomp Exit - MemInfo: [malloc] Space in freed fastbin blocks:                   592 Byte
20220313 000457.450 INFO             PET1 PIOc_freedecomp Exit - MemInfo: [malloc] Total allocated space:                       1777744 Byte
20220313 000457.450 INFO             PET1 PIOc_freedecomp Exit - MemInfo: [malloc] Total free space:                           20950960 Byte
20220313 000457.450 INFO             PET1 PIOc_freedecomp Exit - MemInfo: [malloc] Top-most, releasable space:                 15412736 Byte
20220313 000457.450 INFO             PET1 PIOc_freedecomp Exit - MemInfo: [malloc] Total space in use, mmap + non-mmap:         5783632 Byte
20220313 000457.450 INFO             PET1 PIOc_freedecomp Exit - MemInfo: [malloc] Total space held (mmap + non-mmap):         26734592 Byte
20220313 000457.450 INFO             PET1 PIOc_freedecomp Exit - MemInfo: [malloc] Total space used (mmap + non-mmap):          5791840 Byte
20220313 000457.450 INFO             PET1 PIOc_freedecomp Exit - MemInfo: Wall-clock time since execution start:                2.77692 seconds
20220313 000457.452 INFO             PET1 PIOc_sync Enter - MemInfo: [/proc/meminfo - SSI]	MemTotal:       65855856 kB
20220313 000457.452 INFO             PET1 PIOc_sync Enter - MemInfo: [/proc/meminfo - SSI]	MemFree:        61145840 kB
20220313 000457.452 INFO             PET1 PIOc_sync Enter - MemInfo: [/proc/meminfo - SSI]	MemAvailable:   60931840 kB
20220313 000457.452 INFO             PET1 PIOc_sync Enter - MemInfo: [/proc/meminfo - SSI]	Committed_AS:    3011740 kB
20220313 000457.452 INFO             PET1 PIOc_sync Enter - MemInfo: [/proc/meminfo - SSI]	CommittedPercent: 4.57323 %
20220313 000457.452 INFO             PET1 PIOc_sync Enter - MemInfo: [/proc/self/status]	VmPeak:	  309120 kB
20220313 000457.452 INFO             PET1 PIOc_sync Enter - MemInfo: [/proc/self/status]	VmSize:	  309096 kB
20220313 000457.452 INFO             PET1 PIOc_sync Enter - MemInfo: [/proc/self/status]	VmLck:	       0 kB
20220313 000457.452 INFO             PET1 PIOc_sync Enter - MemInfo: [/proc/self/status]	VmPin:	       0 kB
20220313 000457.452 INFO             PET1 PIOc_sync Enter - MemInfo: [/proc/self/status]	VmHWM:	   34476 kB
20220313 000457.452 INFO             PET1 PIOc_sync Enter - MemInfo: [/proc/self/status]	VmRSS:	   34468 kB
20220313 000457.452 INFO             PET1 PIOc_sync Enter - MemInfo: [/proc/self/status]	VmData:	   47048 kB
20220313 000457.452 INFO             PET1 PIOc_sync Enter - MemInfo: [/proc/self/status]	VmStk:	     508 kB
20220313 000457.452 INFO             PET1 PIOc_sync Enter - MemInfo: [/proc/self/status]	VmExe:	    1936 kB
20220313 000457.452 INFO             PET1 PIOc_sync Enter - MemInfo: [/proc/self/status]	VmLib:	   93984 kB
20220313 000457.452 INFO             PET1 PIOc_sync Enter - MemInfo: [/proc/self/status]	VmPTE:	     440 kB
20220313 000457.452 INFO             PET1 PIOc_sync Enter - MemInfo: [/proc/self/status]	VmPMD:	      12 kB
20220313 000457.452 INFO             PET1 PIOc_sync Enter - MemInfo: [/proc/self/status]	VmSwap:	       0 kB
20220313 000457.452 INFO             PET1 PIOc_sync Enter - MemInfo: [/proc/self/status]	VmRSSPercent: 0.0523385 %
20220313 000457.452 INFO             PET1 PIOc_sync Enter - MemInfo: [malloc] Non-mmapped space allocated:                22728704 Byte
20220313 000457.452 INFO             PET1 PIOc_sync Enter - MemInfo: [malloc] Space allocated in mmapped regions:          4005888 Byte
20220313 000457.452 INFO             PET1 PIOc_sync Enter - MemInfo: [malloc] Maximum total allocated space:                     0 Byte
20220313 000457.452 INFO             PET1 PIOc_sync Enter - MemInfo: [malloc] Space in freed fastbin blocks:                    32 Byte
20220313 000457.452 INFO             PET1 PIOc_sync Enter - MemInfo: [malloc] Total allocated space:                       1778960 Byte
20220313 000457.452 INFO             PET1 PIOc_sync Enter - MemInfo: [malloc] Total free space:                           20949744 Byte
20220313 000457.452 INFO             PET1 PIOc_sync Enter - MemInfo: [malloc] Top-most, releasable space:                 15412736 Byte
20220313 000457.452 INFO             PET1 PIOc_sync Enter - MemInfo: [malloc] Total space in use, mmap + non-mmap:         5784848 Byte
20220313 000457.452 INFO             PET1 PIOc_sync Enter - MemInfo: [malloc] Total space held (mmap + non-mmap):         26734592 Byte
20220313 000457.452 INFO             PET1 PIOc_sync Enter - MemInfo: [malloc] Total space used (mmap + non-mmap):          5793056 Byte
