build time -- 2022-03-12 23:46:11
20220313 000613.720 INFO             PET0 !!!!!!!!!!!!!!!!!!!!!!!!!!!!!!!!!!!!!!!!!!!!!!!!!!!!!!
20220313 000613.720 INFO             PET0 !!! THE ESMF_LOG IS SET TO OUTPUT ALL LOG MESSAGES !!!
20220313 000613.720 INFO             PET0 !!!     THIS MAY CAUSE SLOWDOWN IN PERFORMANCE     !!!
20220313 000613.720 INFO             PET0 !!! FOR PRODUCTION RUNS, USE:                      !!!
20220313 000613.720 INFO             PET0 !!!                   ESMF_LOGKIND_Multi_On_Error  !!!
20220313 000613.720 INFO             PET0 !!!!!!!!!!!!!!!!!!!!!!!!!!!!!!!!!!!!!!!!!!!!!!!!!!!!!!
20220313 000613.720 INFO             PET0 Running with ESMF Version   : v8.3.0b09-96-g559b459836
20220313 000613.720 INFO             PET0 ESMF library build date/time: "Mar 12 2022" "23:42:39"
20220313 000613.720 INFO             PET0 ESMF library build location : /lustre/f2/dev/ncep/Mark.Potts/intel_2019.5_mpi_O_jedwards_pio_update2
20220313 000613.720 INFO             PET0 ESMF_COMM                   : mpi
20220313 000613.721 INFO             PET0 ESMF_MOAB                   : enabled
20220313 000613.721 INFO             PET0 ESMF_LAPACK                 : enabled
20220313 000613.721 INFO             PET0 ESMF_NETCDF                 : enabled
20220313 000613.721 INFO             PET0 ESMF_PNETCDF                : disabled
20220313 000613.721 INFO             PET0 ESMF_PIO                    : enabled
20220313 000613.721 INFO             PET0 ESMF_YAMLCPP                : enabled
20220313 000613.722 INFO             PET0  Beginning Test, file ESMF_IOUTest.F90, line 57
20220313 000613.722 INFO             PET0  NUMBER_OF_PROCESSORS           4
20220313 000613.722 INFO             PET0 Starting Test:  ESMF_OutputWeightFile
20220313 000613.750 INFO             PET0 PIOc_sync Enter - MemInfo: [/proc/meminfo - SSI]	MemTotal:       65855856 kB
20220313 000613.751 INFO             PET0 PIOc_sync Enter - MemInfo: [/proc/meminfo - SSI]	MemFree:        61206572 kB
20220313 000613.751 INFO             PET0 PIOc_sync Enter - MemInfo: [/proc/meminfo - SSI]	MemAvailable:   60989612 kB
20220313 000613.751 INFO             PET0 PIOc_sync Enter - MemInfo: [/proc/meminfo - SSI]	Committed_AS:    2907064 kB
20220313 000613.751 INFO             PET0 PIOc_sync Enter - MemInfo: [/proc/meminfo - SSI]	CommittedPercent: 4.41428 %
20220313 000613.751 INFO             PET0 PIOc_sync Enter - MemInfo: [/proc/self/status]	VmPeak:	  227968 kB
20220313 000613.751 INFO             PET0 PIOc_sync Enter - MemInfo: [/proc/self/status]	VmSize:	  227968 kB
20220313 000613.751 INFO             PET0 PIOc_sync Enter - MemInfo: [/proc/self/status]	VmLck:	       0 kB
20220313 000613.751 INFO             PET0 PIOc_sync Enter - MemInfo: [/proc/self/status]	VmPin:	       0 kB
20220313 000613.751 INFO             PET0 PIOc_sync Enter - MemInfo: [/proc/self/status]	VmHWM:	   29208 kB
20220313 000613.751 INFO             PET0 PIOc_sync Enter - MemInfo: [/proc/self/status]	VmRSS:	   29208 kB
20220313 000613.751 INFO             PET0 PIOc_sync Enter - MemInfo: [/proc/self/status]	VmData:	   33484 kB
20220313 000613.751 INFO             PET0 PIOc_sync Enter - MemInfo: [/proc/self/status]	VmStk:	     508 kB
20220313 000613.751 INFO             PET0 PIOc_sync Enter - MemInfo: [/proc/self/status]	VmExe:	    1920 kB
20220313 000613.751 INFO             PET0 PIOc_sync Enter - MemInfo: [/proc/self/status]	VmLib:	   93984 kB
20220313 000613.751 INFO             PET0 PIOc_sync Enter - MemInfo: [/proc/self/status]	VmPTE:	     356 kB
20220313 000613.751 INFO             PET0 PIOc_sync Enter - MemInfo: [/proc/self/status]	VmPMD:	      12 kB
20220313 000613.751 INFO             PET0 PIOc_sync Enter - MemInfo: [/proc/self/status]	VmSwap:	       0 kB
20220313 000613.751 INFO             PET0 PIOc_sync Enter - MemInfo: [/proc/self/status]	VmRSSPercent: 0.0443514 %
20220313 000613.751 INFO             PET0 PIOc_sync Enter - MemInfo: [malloc] Non-mmapped space allocated:                 1040384 Byte
20220313 000613.751 INFO             PET0 PIOc_sync Enter - MemInfo: [malloc] Space allocated in mmapped regions:         11808768 Byte
20220313 000613.751 INFO             PET0 PIOc_sync Enter - MemInfo: [malloc] Maximum total allocated space:                     0 Byte
20220313 000613.751 INFO             PET0 PIOc_sync Enter - MemInfo: [malloc] Space in freed fastbin blocks:                     0 Byte
20220313 000613.751 INFO             PET0 PIOc_sync Enter - MemInfo: [malloc] Total allocated space:                        925312 Byte
20220313 000613.751 INFO             PET0 PIOc_sync Enter - MemInfo: [malloc] Total free space:                             115072 Byte
20220313 000613.751 INFO             PET0 PIOc_sync Enter - MemInfo: [malloc] Top-most, releasable space:                   115072 Byte
20220313 000613.751 INFO             PET0 PIOc_sync Enter - MemInfo: [malloc] Total space in use, mmap + non-mmap:        12734080 Byte
20220313 000613.751 INFO             PET0 PIOc_sync Enter - MemInfo: [malloc] Total space held (mmap + non-mmap):         12849152 Byte
20220313 000613.751 INFO             PET0 PIOc_sync Enter - MemInfo: [malloc] Total space used (mmap + non-mmap):         12743696 Byte
20220313 000613.751 INFO             PET0 PIOc_sync Enter - MemInfo: Wall-clock time since execution start:              0.0626051 seconds
20220313 000613.751 INFO             PET0 PIOc_sync Exit - MemInfo: [/proc/meminfo - SSI]	MemTotal:       65855856 kB
20220313 000613.751 INFO             PET0 PIOc_sync Exit - MemInfo: [/proc/meminfo - SSI]	MemFree:        61206068 kB
20220313 000613.751 INFO             PET0 PIOc_sync Exit - MemInfo: [/proc/meminfo - SSI]	MemAvailable:   60989108 kB
20220313 000613.751 INFO             PET0 PIOc_sync Exit - MemInfo: [/proc/meminfo - SSI]	Committed_AS:    2907064 kB
20220313 000613.751 INFO             PET0 PIOc_sync Exit - MemInfo: [/proc/meminfo - SSI]	CommittedPercent: 4.41428 %
20220313 000613.751 INFO             PET0 PIOc_sync Exit - MemInfo: [/proc/self/status]	VmPeak:	  228292 kB
20220313 000613.751 INFO             PET0 PIOc_sync Exit - MemInfo: [/proc/self/status]	VmSize:	  228292 kB
20220313 000613.751 INFO             PET0 PIOc_sync Exit - MemInfo: [/proc/self/status]	VmLck:	       0 kB
20220313 000613.751 INFO             PET0 PIOc_sync Exit - MemInfo: [/proc/self/status]	VmPin:	       0 kB
20220313 000613.751 INFO             PET0 PIOc_sync Exit - MemInfo: [/proc/self/status]	VmHWM:	   29708 kB
20220313 000613.751 INFO             PET0 PIOc_sync Exit - MemInfo: [/proc/self/status]	VmRSS:	   29708 kB
20220313 000613.751 INFO             PET0 PIOc_sync Exit - MemInfo: [/proc/self/status]	VmData:	   33808 kB
20220313 000613.751 INFO             PET0 PIOc_sync Exit - MemInfo: [/proc/self/status]	VmStk:	     508 kB
20220313 000613.751 INFO             PET0 PIOc_sync Exit - MemInfo: [/proc/self/status]	VmExe:	    1920 kB
20220313 000613.751 INFO             PET0 PIOc_sync Exit - MemInfo: [/proc/self/status]	VmLib:	   93984 kB
20220313 000613.751 INFO             PET0 PIOc_sync Exit - MemInfo: [/proc/self/status]	VmPTE:	     364 kB
20220313 000613.751 INFO             PET0 PIOc_sync Exit - MemInfo: [/proc/self/status]	VmPMD:	      12 kB
20220313 000613.751 INFO             PET0 PIOc_sync Exit - MemInfo: [/proc/self/status]	VmSwap:	       0 kB
20220313 000613.751 INFO             PET0 PIOc_sync Exit - MemInfo: [/proc/self/status]	VmRSSPercent: 0.0451106 %
20220313 000613.751 INFO             PET0 PIOc_sync Exit - MemInfo: [malloc] Non-mmapped space allocated:                 1040384 Byte
20220313 000613.751 INFO             PET0 PIOc_sync Exit - MemInfo: [malloc] Space allocated in mmapped regions:         12140544 Byte
20220313 000613.751 INFO             PET0 PIOc_sync Exit - MemInfo: [malloc] Maximum total allocated space:                     0 Byte
20220313 000613.751 INFO             PET0 PIOc_sync Exit - MemInfo: [malloc] Space in freed fastbin blocks:                     0 Byte
20220313 000613.751 INFO             PET0 PIOc_sync Exit - MemInfo: [malloc] Total allocated space:                        995664 Byte
20220313 000613.751 INFO             PET0 PIOc_sync Exit - MemInfo: [malloc] Total free space:                              44720 Byte
20220313 000613.751 INFO             PET0 PIOc_sync Exit - MemInfo: [malloc] Top-most, releasable space:                    44720 Byte
20220313 000613.751 INFO             PET0 PIOc_sync Exit - MemInfo: [malloc] Total space in use, mmap + non-mmap:        13136208 Byte
20220313 000613.751 INFO             PET0 PIOc_sync Exit - MemInfo: [malloc] Total space held (mmap + non-mmap):         13180928 Byte
20220313 000613.751 INFO             PET0 PIOc_sync Exit - MemInfo: [malloc] Total space used (mmap + non-mmap):         13144704 Byte
20220313 000613.751 INFO             PET0 PIOc_sync Exit - MemInfo: Wall-clock time since execution start:              0.0632331 seconds
20220313 000613.752 INFO             PET0 PIOc_freedecomp Enter - MemInfo: [/proc/meminfo - SSI]	MemTotal:       65855856 kB
20220313 000613.752 INFO             PET0 PIOc_freedecomp Enter - MemInfo: [/proc/meminfo - SSI]	MemFree:        61213124 kB
20220313 000613.752 INFO             PET0 PIOc_freedecomp Enter - MemInfo: [/proc/meminfo - SSI]	MemAvailable:   60996164 kB
20220313 000613.752 INFO             PET0 PIOc_freedecomp Enter - MemInfo: [/proc/meminfo - SSI]	Committed_AS:    2899192 kB
20220313 000613.752 INFO             PET0 PIOc_freedecomp Enter - MemInfo: [/proc/meminfo - SSI]	CommittedPercent: 4.40233 %
20220313 000613.752 INFO             PET0 PIOc_freedecomp Enter - MemInfo: [/proc/self/status]	VmPeak:	  228292 kB
20220313 000613.752 INFO             PET0 PIOc_freedecomp Enter - MemInfo: [/proc/self/status]	VmSize:	  219580 kB
20220313 000613.752 INFO             PET0 PIOc_freedecomp Enter - MemInfo: [/proc/self/status]	VmLck:	       0 kB
20220313 000613.752 INFO             PET0 PIOc_freedecomp Enter - MemInfo: [/proc/self/status]	VmPin:	       0 kB
20220313 000613.752 INFO             PET0 PIOc_freedecomp Enter - MemInfo: [/proc/self/status]	VmHWM:	   29708 kB
20220313 000613.752 INFO             PET0 PIOc_freedecomp Enter - MemInfo: [/proc/self/status]	VmRSS:	   21712 kB
20220313 000613.752 INFO             PET0 PIOc_freedecomp Enter - MemInfo: [/proc/self/status]	VmData:	   25096 kB
20220313 000613.752 INFO             PET0 PIOc_freedecomp Enter - MemInfo: [/proc/self/status]	VmStk:	     508 kB
20220313 000613.752 INFO             PET0 PIOc_freedecomp Enter - MemInfo: [/proc/self/status]	VmExe:	    1920 kB
20220313 000613.753 INFO             PET0 PIOc_freedecomp Enter - MemInfo: [/proc/self/status]	VmLib:	   93984 kB
20220313 000613.753 INFO             PET0 PIOc_freedecomp Enter - MemInfo: [/proc/self/status]	VmPTE:	     352 kB
20220313 000613.753 INFO             PET0 PIOc_freedecomp Enter - MemInfo: [/proc/self/status]	VmPMD:	      12 kB
20220313 000613.753 INFO             PET0 PIOc_freedecomp Enter - MemInfo: [/proc/self/status]	VmSwap:	       0 kB
20220313 000613.753 INFO             PET0 PIOc_freedecomp Enter - MemInfo: [/proc/self/status]	VmRSSPercent: 0.032969 %
20220313 000613.753 INFO             PET0 PIOc_freedecomp Enter - MemInfo: [malloc] Non-mmapped space allocated:                 1040384 Byte
20220313 000613.753 INFO             PET0 PIOc_freedecomp Enter - MemInfo: [malloc] Space allocated in mmapped regions:          3219456 Byte
20220313 000613.753 INFO             PET0 PIOc_freedecomp Enter - MemInfo: [malloc] Maximum total allocated space:                     0 Byte
20220313 000613.753 INFO             PET0 PIOc_freedecomp Enter - MemInfo: [malloc] Space in freed fastbin blocks:                   288 Byte
20220313 000613.753 INFO             PET0 PIOc_freedecomp Enter - MemInfo: [malloc] Total allocated space:                        985504 Byte
20220313 000613.753 INFO             PET0 PIOc_freedecomp Enter - MemInfo: [malloc] Total free space:                              54880 Byte
20220313 000613.753 INFO             PET0 PIOc_freedecomp Enter - MemInfo: [malloc] Top-most, releasable space:                    44096 Byte
20220313 000613.753 INFO             PET0 PIOc_freedecomp Enter - MemInfo: [malloc] Total space in use, mmap + non-mmap:         4204960 Byte
20220313 000613.753 INFO             PET0 PIOc_freedecomp Enter - MemInfo: [malloc] Total space held (mmap + non-mmap):          4259840 Byte
20220313 000613.753 INFO             PET0 PIOc_freedecomp Enter - MemInfo: [malloc] Total space used (mmap + non-mmap):          4213392 Byte
20220313 000613.753 INFO             PET0 PIOc_freedecomp Enter - MemInfo: Wall-clock time since execution start:              0.0644062 seconds
20220313 000613.753 INFO             PET0 PIOc_freedecomp Exit - MemInfo: [/proc/meminfo - SSI]	MemTotal:       65855856 kB
20220313 000613.753 INFO             PET0 PIOc_freedecomp Exit - MemInfo: [/proc/meminfo - SSI]	MemFree:        61213124 kB
20220313 000613.753 INFO             PET0 PIOc_freedecomp Exit - MemInfo: [/proc/meminfo - SSI]	MemAvailable:   60996164 kB
20220313 000613.753 INFO             PET0 PIOc_freedecomp Exit - MemInfo: [/proc/meminfo - SSI]	Committed_AS:    2899192 kB
20220313 000613.753 INFO             PET0 PIOc_freedecomp Exit - MemInfo: [/proc/meminfo - SSI]	CommittedPercent: 4.40233 %
20220313 000613.753 INFO             PET0 PIOc_freedecomp Exit - MemInfo: [/proc/self/status]	VmPeak:	  228292 kB
20220313 000613.753 INFO             PET0 PIOc_freedecomp Exit - MemInfo: [/proc/self/status]	VmSize:	  219580 kB
20220313 000613.753 INFO             PET0 PIOc_freedecomp Exit - MemInfo: [/proc/self/status]	VmLck:	       0 kB
20220313 000613.753 INFO             PET0 PIOc_freedecomp Exit - MemInfo: [/proc/self/status]	VmPin:	       0 kB
20220313 000613.753 INFO             PET0 PIOc_freedecomp Exit - MemInfo: [/proc/self/status]	VmHWM:	   29708 kB
20220313 000613.753 INFO             PET0 PIOc_freedecomp Exit - MemInfo: [/proc/self/status]	VmRSS:	   21712 kB
20220313 000613.753 INFO             PET0 PIOc_freedecomp Exit - MemInfo: [/proc/self/status]	VmData:	   25096 kB
20220313 000613.753 INFO             PET0 PIOc_freedecomp Exit - MemInfo: [/proc/self/status]	VmStk:	     508 kB
20220313 000613.753 INFO             PET0 PIOc_freedecomp Exit - MemInfo: [/proc/self/status]	VmExe:	    1920 kB
20220313 000613.753 INFO             PET0 PIOc_freedecomp Exit - MemInfo: [/proc/self/status]	VmLib:	   93984 kB
20220313 000613.753 INFO             PET0 PIOc_freedecomp Exit - MemInfo: [/proc/self/status]	VmPTE:	     352 kB
20220313 000613.753 INFO             PET0 PIOc_freedecomp Exit - MemInfo: [/proc/self/status]	VmPMD:	      12 kB
20220313 000613.753 INFO             PET0 PIOc_freedecomp Exit - MemInfo: [/proc/self/status]	VmSwap:	       0 kB
20220313 000613.753 INFO             PET0 PIOc_freedecomp Exit - MemInfo: [/proc/self/status]	VmRSSPercent: 0.032969 %
20220313 000613.753 INFO             PET0 PIOc_freedecomp Exit - MemInfo: [malloc] Non-mmapped space allocated:                 1040384 Byte
20220313 000613.753 INFO             PET0 PIOc_freedecomp Exit - MemInfo: [malloc] Space allocated in mmapped regions:          3219456 Byte
20220313 000613.753 INFO             PET0 PIOc_freedecomp Exit - MemInfo: [malloc] Maximum total allocated space:                     0 Byte
20220313 000613.753 INFO             PET0 PIOc_freedecomp Exit - MemInfo: [malloc] Space in freed fastbin blocks:                  1104 Byte
20220313 000613.753 INFO             PET0 PIOc_freedecomp Exit - MemInfo: [malloc] Total allocated space:                        985072 Byte
20220313 000613.753 INFO             PET0 PIOc_freedecomp Exit - MemInfo: [malloc] Total free space:                              55312 Byte
20220313 000613.753 INFO             PET0 PIOc_freedecomp Exit - MemInfo: [malloc] Top-most, releasable space:                    44096 Byte
20220313 000613.753 INFO             PET0 PIOc_freedecomp Exit - MemInfo: [malloc] Total space in use, mmap + non-mmap:         4204528 Byte
20220313 000613.753 INFO             PET0 PIOc_freedecomp Exit - MemInfo: [malloc] Total space held (mmap + non-mmap):          4259840 Byte
20220313 000613.753 INFO             PET0 PIOc_freedecomp Exit - MemInfo: [malloc] Total space used (mmap + non-mmap):          4212960 Byte
20220313 000613.753 INFO             PET0 PIOc_freedecomp Exit - MemInfo: Wall-clock time since execution start:              0.0646532 seconds
20220313 000613.756 INFO             PET0 PIOc_sync Enter - MemInfo: [/proc/meminfo - SSI]	MemTotal:       65855856 kB
20220313 000613.756 INFO             PET0 PIOc_sync Enter - MemInfo: [/proc/meminfo - SSI]	MemFree:        61210100 kB
20220313 000613.756 INFO             PET0 PIOc_sync Enter - MemInfo: [/proc/meminfo - SSI]	MemAvailable:   60993140 kB
20220313 000613.756 INFO             PET0 PIOc_sync Enter - MemInfo: [/proc/meminfo - SSI]	Committed_AS:    2907468 kB
20220313 000613.756 INFO             PET0 PIOc_sync Enter - MemInfo: [/proc/meminfo - SSI]	CommittedPercent: 4.4149 %
20220313 000613.756 INFO             PET0 PIOc_sync Enter - MemInfo: [/proc/self/status]	VmPeak:	  228372 kB
20220313 000613.756 INFO             PET0 PIOc_sync Enter - MemInfo: [/proc/self/status]	VmSize:	  228372 kB
20220313 000613.756 INFO             PET0 PIOc_sync Enter - MemInfo: [/proc/self/status]	VmLck:	       0 kB
20220313 000613.756 INFO             PET0 PIOc_sync Enter - MemInfo: [/proc/self/status]	VmPin:	       0 kB
20220313 000613.756 INFO             PET0 PIOc_sync Enter - MemInfo: [/proc/self/status]	VmHWM:	   29708 kB
20220313 000613.756 INFO             PET0 PIOc_sync Enter - MemInfo: [/proc/self/status]	VmRSS:	   25636 kB
20220313 000613.756 INFO             PET0 PIOc_sync Enter - MemInfo: [/proc/self/status]	VmData:	   33888 kB
20220313 000613.756 INFO             PET0 PIOc_sync Enter - MemInfo: [/proc/self/status]	VmStk:	     508 kB
20220313 000613.756 INFO             PET0 PIOc_sync Enter - MemInfo: [/proc/self/status]	VmExe:	    1920 kB
20220313 000613.756 INFO             PET0 PIOc_sync Enter - MemInfo: [/proc/self/status]	VmLib:	   93984 kB
20220313 000613.756 INFO             PET0 PIOc_sync Enter - MemInfo: [/proc/self/status]	VmPTE:	     364 kB
20220313 000613.756 INFO             PET0 PIOc_sync Enter - MemInfo: [/proc/self/status]	VmPMD:	      12 kB
20220313 000613.756 INFO             PET0 PIOc_sync Enter - MemInfo: [/proc/self/status]	VmSwap:	       0 kB
20220313 000613.756 INFO             PET0 PIOc_sync Enter - MemInfo: [/proc/self/status]	VmRSSPercent: 0.0389274 %
20220313 000613.756 INFO             PET0 PIOc_sync Enter - MemInfo: [malloc] Non-mmapped space allocated:                10043392 Byte
20220313 000613.756 INFO             PET0 PIOc_sync Enter - MemInfo: [malloc] Space allocated in mmapped regions:          3219456 Byte
20220313 000613.756 INFO             PET0 PIOc_sync Enter - MemInfo: [malloc] Maximum total allocated space:                     0 Byte
20220313 000613.756 INFO             PET0 PIOc_sync Enter - MemInfo: [malloc] Space in freed fastbin blocks:                    32 Byte
20220313 000613.756 INFO             PET0 PIOc_sync Enter - MemInfo: [malloc] Total allocated space:                       9912176 Byte
20220313 000613.756 INFO             PET0 PIOc_sync Enter - MemInfo: [malloc] Total free space:                             131216 Byte
20220313 000613.756 INFO             PET0 PIOc_sync Enter - MemInfo: [malloc] Top-most, releasable space:                   128928 Byte
20220313 000613.756 INFO             PET0 PIOc_sync Enter - MemInfo: [malloc] Total space in use, mmap + non-mmap:        13131632 Byte
20220313 000613.756 INFO             PET0 PIOc_sync Enter - MemInfo: [malloc] Total space held (mmap + non-mmap):         13262848 Byte
20220313 000613.756 INFO             PET0 PIOc_sync Enter - MemInfo: [malloc] Total space used (mmap + non-mmap):         13139952 Byte
20220313 000613.756 INFO             PET0 PIOc_sync Enter - MemInfo: Wall-clock time since execution start:              0.0682042 seconds
20220313 000613.757 INFO             PET0 PIOc_sync Exit - MemInfo: [/proc/meminfo - SSI]	MemTotal:       65855856 kB
20220313 000613.757 INFO             PET0 PIOc_sync Exit - MemInfo: [/proc/meminfo - SSI]	MemFree:        61210100 kB
20220313 000613.757 INFO             PET0 PIOc_sync Exit - MemInfo: [/proc/meminfo - SSI]	MemAvailable:   60993140 kB
20220313 000613.757 INFO             PET0 PIOc_sync Exit - MemInfo: [/proc/meminfo - SSI]	Committed_AS:    2907468 kB
20220313 000613.757 INFO             PET0 PIOc_sync Exit - MemInfo: [/proc/meminfo - SSI]	CommittedPercent: 4.4149 %
20220313 000613.757 INFO             PET0 PIOc_sync Exit - MemInfo: [/proc/self/status]	VmPeak:	  228372 kB
20220313 000613.757 INFO             PET0 PIOc_sync Exit - MemInfo: [/proc/self/status]	VmSize:	  228372 kB
20220313 000613.757 INFO             PET0 PIOc_sync Exit - MemInfo: [/proc/self/status]	VmLck:	       0 kB
20220313 000613.757 INFO             PET0 PIOc_sync Exit - MemInfo: [/proc/self/status]	VmPin:	       0 kB
20220313 000613.757 INFO             PET0 PIOc_sync Exit - MemInfo: [/proc/self/status]	VmHWM:	   29708 kB
20220313 000613.757 INFO             PET0 PIOc_sync Exit - MemInfo: [/proc/self/status]	VmRSS:	   25636 kB
20220313 000613.757 INFO             PET0 PIOc_sync Exit - MemInfo: [/proc/self/status]	VmData:	   33888 kB
20220313 000613.757 INFO             PET0 PIOc_sync Exit - MemInfo: [/proc/self/status]	VmStk:	     508 kB
20220313 000613.757 INFO             PET0 PIOc_sync Exit - MemInfo: [/proc/self/status]	VmExe:	    1920 kB
20220313 000613.757 INFO             PET0 PIOc_sync Exit - MemInfo: [/proc/self/status]	VmLib:	   93984 kB
20220313 000613.757 INFO             PET0 PIOc_sync Exit - MemInfo: [/proc/self/status]	VmPTE:	     364 kB
20220313 000613.757 INFO             PET0 PIOc_sync Exit - MemInfo: [/proc/self/status]	VmPMD:	      12 kB
20220313 000613.757 INFO             PET0 PIOc_sync Exit - MemInfo: [/proc/self/status]	VmSwap:	       0 kB
20220313 000613.757 INFO             PET0 PIOc_sync Exit - MemInfo: [/proc/self/status]	VmRSSPercent: 0.0389274 %
20220313 000613.757 INFO             PET0 PIOc_sync Exit - MemInfo: [malloc] Non-mmapped space allocated:                10043392 Byte
20220313 000613.757 INFO             PET0 PIOc_sync Exit - MemInfo: [malloc] Space allocated in mmapped regions:          3219456 Byte
20220313 000613.757 INFO             PET0 PIOc_sync Exit - MemInfo: [malloc] Maximum total allocated space:                     0 Byte
20220313 000613.757 INFO             PET0 PIOc_sync Exit - MemInfo: [malloc] Space in freed fastbin blocks:                     0 Byte
20220313 000613.757 INFO             PET0 PIOc_sync Exit - MemInfo: [malloc] Total allocated space:                       9913472 Byte
20220313 000613.757 INFO             PET0 PIOc_sync Exit - MemInfo: [malloc] Total free space:                             129920 Byte
20220313 000613.757 INFO             PET0 PIOc_sync Exit - MemInfo: [malloc] Top-most, releasable space:                   128704 Byte
20220313 000613.757 INFO             PET0 PIOc_sync Exit - MemInfo: [malloc] Total space in use, mmap + non-mmap:        13132928 Byte
20220313 000613.757 INFO             PET0 PIOc_sync Exit - MemInfo: [malloc] Total space held (mmap + non-mmap):         13262848 Byte
20220313 000613.757 INFO             PET0 PIOc_sync Exit - MemInfo: [malloc] Total space used (mmap + non-mmap):         13141248 Byte
20220313 000613.757 INFO             PET0 PIOc_sync Exit - MemInfo: Wall-clock time since execution start:              0.0685182 seconds
20220313 000613.757 INFO             PET0 PIOc_freedecomp Enter - MemInfo: [/proc/meminfo - SSI]	MemTotal:       65855856 kB
20220313 000613.757 INFO             PET0 PIOc_freedecomp Enter - MemInfo: [/proc/meminfo - SSI]	MemFree:        61210100 kB
20220313 000613.757 INFO             PET0 PIOc_freedecomp Enter - MemInfo: [/proc/meminfo - SSI]	MemAvailable:   60993140 kB
20220313 000613.757 INFO             PET0 PIOc_freedecomp Enter - MemInfo: [/proc/meminfo - SSI]	Committed_AS:    2907468 kB
20220313 000613.757 INFO             PET0 PIOc_freedecomp Enter - MemInfo: [/proc/meminfo - SSI]	CommittedPercent: 4.4149 %
20220313 000613.757 INFO             PET0 PIOc_freedecomp Enter - MemInfo: [/proc/self/status]	VmPeak:	  228372 kB
20220313 000613.757 INFO             PET0 PIOc_freedecomp Enter - MemInfo: [/proc/self/status]	VmSize:	  228372 kB
20220313 000613.757 INFO             PET0 PIOc_freedecomp Enter - MemInfo: [/proc/self/status]	VmLck:	       0 kB
20220313 000613.757 INFO             PET0 PIOc_freedecomp Enter - MemInfo: [/proc/self/status]	VmPin:	       0 kB
20220313 000613.757 INFO             PET0 PIOc_freedecomp Enter - MemInfo: [/proc/self/status]	VmHWM:	   29708 kB
20220313 000613.757 INFO             PET0 PIOc_freedecomp Enter - MemInfo: [/proc/self/status]	VmRSS:	   25636 kB
20220313 000613.757 INFO             PET0 PIOc_freedecomp Enter - MemInfo: [/proc/self/status]	VmData:	   33888 kB
20220313 000613.757 INFO             PET0 PIOc_freedecomp Enter - MemInfo: [/proc/self/status]	VmStk:	     508 kB
20220313 000613.757 INFO             PET0 PIOc_freedecomp Enter - MemInfo: [/proc/self/status]	VmExe:	    1920 kB
20220313 000613.757 INFO             PET0 PIOc_freedecomp Enter - MemInfo: [/proc/self/status]	VmLib:	   93984 kB
20220313 000613.757 INFO             PET0 PIOc_freedecomp Enter - MemInfo: [/proc/self/status]	VmPTE:	     364 kB
20220313 000613.757 INFO             PET0 PIOc_freedecomp Enter - MemInfo: [/proc/self/status]	VmPMD:	      12 kB
20220313 000613.757 INFO             PET0 PIOc_freedecomp Enter - MemInfo: [/proc/self/status]	VmSwap:	       0 kB
20220313 000613.757 INFO             PET0 PIOc_freedecomp Enter - MemInfo: [/proc/self/status]	VmRSSPercent: 0.0389274 %
20220313 000613.757 INFO             PET0 PIOc_freedecomp Enter - MemInfo: [malloc] Non-mmapped space allocated:                10043392 Byte
20220313 000613.757 INFO             PET0 PIOc_freedecomp Enter - MemInfo: [malloc] Space allocated in mmapped regions:          3219456 Byte
20220313 000613.757 INFO             PET0 PIOc_freedecomp Enter - MemInfo: [malloc] Maximum total allocated space:                     0 Byte
20220313 000613.757 INFO             PET0 PIOc_freedecomp Enter - MemInfo: [malloc] Space in freed fastbin blocks:                   192 Byte
20220313 000613.757 INFO             PET0 PIOc_freedecomp Enter - MemInfo: [malloc] Total allocated space:                        989872 Byte
20220313 000613.757 INFO             PET0 PIOc_freedecomp Enter - MemInfo: [malloc] Total free space:                            9053520 Byte
20220313 000613.757 INFO             PET0 PIOc_freedecomp Enter - MemInfo: [malloc] Top-most, releasable space:                   128480 Byte
20220313 000613.757 INFO             PET0 PIOc_freedecomp Enter - MemInfo: [malloc] Total space in use, mmap + non-mmap:         4209328 Byte
20220313 000613.757 INFO             PET0 PIOc_freedecomp Enter - MemInfo: [malloc] Total space held (mmap + non-mmap):         13262848 Byte
20220313 000613.757 INFO             PET0 PIOc_freedecomp Enter - MemInfo: [malloc] Total space used (mmap + non-mmap):          4217536 Byte
20220313 000613.757 INFO             PET0 PIOc_freedecomp Enter - MemInfo: Wall-clock time since execution start:               0.068959 seconds
20220313 000613.757 INFO             PET0 PIOc_freedecomp Exit - MemInfo: [/proc/meminfo - SSI]	MemTotal:       65855856 kB
20220313 000613.757 INFO             PET0 PIOc_freedecomp Exit - MemInfo: [/proc/meminfo - SSI]	MemFree:        61210100 kB
20220313 000613.757 INFO             PET0 PIOc_freedecomp Exit - MemInfo: [/proc/meminfo - SSI]	MemAvailable:   60993140 kB
20220313 000613.757 INFO             PET0 PIOc_freedecomp Exit - MemInfo: [/proc/meminfo - SSI]	Committed_AS:    2907468 kB
20220313 000613.757 INFO             PET0 PIOc_freedecomp Exit - MemInfo: [/proc/meminfo - SSI]	CommittedPercent: 4.4149 %
20220313 000613.757 INFO             PET0 PIOc_freedecomp Exit - MemInfo: [/proc/self/status]	VmPeak:	  228372 kB
20220313 000613.757 INFO             PET0 PIOc_freedecomp Exit - MemInfo: [/proc/self/status]	VmSize:	  228372 kB
20220313 000613.757 INFO             PET0 PIOc_freedecomp Exit - MemInfo: [/proc/self/status]	VmLck:	       0 kB
20220313 000613.757 INFO             PET0 PIOc_freedecomp Exit - MemInfo: [/proc/self/status]	VmPin:	       0 kB
20220313 000613.757 INFO             PET0 PIOc_freedecomp Exit - MemInfo: [/proc/self/status]	VmHWM:	   29708 kB
20220313 000613.757 INFO             PET0 PIOc_freedecomp Exit - MemInfo: [/proc/self/status]	VmRSS:	   25636 kB
20220313 000613.757 INFO             PET0 PIOc_freedecomp Exit - MemInfo: [/proc/self/status]	VmData:	   33888 kB
20220313 000613.757 INFO             PET0 PIOc_freedecomp Exit - MemInfo: [/proc/self/status]	VmStk:	     508 kB
20220313 000613.757 INFO             PET0 PIOc_freedecomp Exit - MemInfo: [/proc/self/status]	VmExe:	    1920 kB
20220313 000613.757 INFO             PET0 PIOc_freedecomp Exit - MemInfo: [/proc/self/status]	VmLib:	   93984 kB
20220313 000613.757 INFO             PET0 PIOc_freedecomp Exit - MemInfo: [/proc/self/status]	VmPTE:	     364 kB
20220313 000613.757 INFO             PET0 PIOc_freedecomp Exit - MemInfo: [/proc/self/status]	VmPMD:	      12 kB
20220313 000613.757 INFO             PET0 PIOc_freedecomp Exit - MemInfo: [/proc/self/status]	VmSwap:	       0 kB
20220313 000613.757 INFO             PET0 PIOc_freedecomp Exit - MemInfo: [/proc/self/status]	VmRSSPercent: 0.0389274 %
20220313 000613.757 INFO             PET0 PIOc_freedecomp Exit - MemInfo: [malloc] Non-mmapped space allocated:                10043392 Byte
20220313 000613.757 INFO             PET0 PIOc_freedecomp Exit - MemInfo: [malloc] Space allocated in mmapped regions:          3219456 Byte
20220313 000613.757 INFO             PET0 PIOc_freedecomp Exit - MemInfo: [malloc] Maximum total allocated space:                     0 Byte
20220313 000613.757 INFO             PET0 PIOc_freedecomp Exit - MemInfo: [malloc] Space in freed fastbin blocks:                  1136 Byte
20220313 000613.757 INFO             PET0 PIOc_freedecomp Exit - MemInfo: [malloc] Total allocated space:                        988736 Byte
20220313 000613.757 INFO             PET0 PIOc_freedecomp Exit - MemInfo: [malloc] Total free space:                            9054656 Byte
20220313 000613.757 INFO             PET0 PIOc_freedecomp Exit - MemInfo: [malloc] Top-most, releasable space:                   128480 Byte
20220313 000613.757 INFO             PET0 PIOc_freedecomp Exit - MemInfo: [malloc] Total space in use, mmap + non-mmap:         4208192 Byte
20220313 000613.757 INFO             PET0 PIOc_freedecomp Exit - MemInfo: [malloc] Total space held (mmap + non-mmap):         13262848 Byte
20220313 000613.757 INFO             PET0 PIOc_freedecomp Exit - MemInfo: [malloc] Total space used (mmap + non-mmap):          4216400 Byte
20220313 000613.757 INFO             PET0 PIOc_freedecomp Exit - MemInfo: Wall-clock time since execution start:              0.0692172 seconds
20220313 000613.759 INFO             PET0 PIOc_sync Enter - MemInfo: [/proc/meminfo - SSI]	MemTotal:       65855856 kB
20220313 000613.759 INFO             PET0 PIOc_sync Enter - MemInfo: [/proc/meminfo - SSI]	MemFree:        61209596 kB
20220313 000613.759 INFO             PET0 PIOc_sync Enter - MemInfo: [/proc/meminfo - SSI]	MemAvailable:   60992636 kB
20220313 000613.759 INFO             PET0 PIOc_sync Enter - MemInfo: [/proc/meminfo - SSI]	Committed_AS:    2907468 kB
20220313 000613.759 INFO             PET0 PIOc_sync Enter - MemInfo: [/proc/meminfo - SSI]	CommittedPercent: 4.4149 %
20220313 000613.759 INFO             PET0 PIOc_sync Enter - MemInfo: [/proc/self/status]	VmPeak:	  228372 kB
20220313 000613.759 INFO             PET0 PIOc_sync Enter - MemInfo: [/proc/self/status]	VmSize:	  228348 kB
20220313 000613.759 INFO             PET0 PIOc_sync Enter - MemInfo: [/proc/self/status]	VmLck:	       0 kB
20220313 000613.759 INFO             PET0 PIOc_sync Enter - MemInfo: [/proc/self/status]	VmPin:	       0 kB
20220313 000613.759 INFO             PET0 PIOc_sync Enter - MemInfo: [/proc/self/status]	VmHWM:	   29708 kB
20220313 000613.759 INFO             PET0 PIOc_sync Enter - MemInfo: [/proc/self/status]	VmRSS:	   26128 kB
20220313 000613.759 INFO             PET0 PIOc_sync Enter - MemInfo: [/proc/self/status]	VmData:	   33888 kB
20220313 000613.759 INFO             PET0 PIOc_sync Enter - MemInfo: [/proc/self/status]	VmStk:	     508 kB
20220313 000613.759 INFO             PET0 PIOc_sync Enter - MemInfo: [/proc/self/status]	VmExe:	    1920 kB
20220313 000613.759 INFO             PET0 PIOc_sync Enter - MemInfo: [/proc/self/status]	VmLib:	   93984 kB
20220313 000613.759 INFO             PET0 PIOc_sync Enter - MemInfo: [/proc/self/status]	VmPTE:	     364 kB
20220313 000613.759 INFO             PET0 PIOc_sync Enter - MemInfo: [/proc/self/status]	VmPMD:	      12 kB
20220313 000613.759 INFO             PET0 PIOc_sync Enter - MemInfo: [/proc/self/status]	VmSwap:	       0 kB
20220313 000613.759 INFO             PET0 PIOc_sync Enter - MemInfo: [/proc/self/status]	VmRSSPercent: 0.0396745 %
20220313 000613.759 INFO             PET0 PIOc_sync Enter - MemInfo: [malloc] Non-mmapped space allocated:                10043392 Byte
20220313 000613.759 INFO             PET0 PIOc_sync Enter - MemInfo: [malloc] Space allocated in mmapped regions:          3219456 Byte
20220313 000613.759 INFO             PET0 PIOc_sync Enter - MemInfo: [malloc] Maximum total allocated space:                     0 Byte
20220313 000613.759 INFO             PET0 PIOc_sync Enter - MemInfo: [malloc] Space in freed fastbin blocks:                   352 Byte
20220313 000613.759 INFO             PET0 PIOc_sync Enter - MemInfo: [malloc] Total allocated space:                       9914640 Byte
20220313 000613.759 INFO             PET0 PIOc_sync Enter - MemInfo: [malloc] Total free space:                             128752 Byte
20220313 000613.759 INFO             PET0 PIOc_sync Enter - MemInfo: [malloc] Top-most, releasable space:                   123232 Byte
20220313 000613.759 INFO             PET0 PIOc_sync Enter - MemInfo: [malloc] Total space in use, mmap + non-mmap:        13134096 Byte
20220313 000613.759 INFO             PET0 PIOc_sync Enter - MemInfo: [malloc] Total space held (mmap + non-mmap):         13262848 Byte
20220313 000613.759 INFO             PET0 PIOc_sync Enter - MemInfo: [malloc] Total space used (mmap + non-mmap):         13142416 Byte
20220313 000613.759 INFO             PET0 PIOc_sync Enter - MemInfo: Wall-clock time since execution start:              0.0712161 seconds
20220313 000613.760 INFO             PET0 PIOc_sync Exit - MemInfo: [/proc/meminfo - SSI]	MemTotal:       65855856 kB
20220313 000613.760 INFO             PET0 PIOc_sync Exit - MemInfo: [/proc/meminfo - SSI]	MemFree:        61209596 kB
20220313 000613.760 INFO             PET0 PIOc_sync Exit - MemInfo: [/proc/meminfo - SSI]	MemAvailable:   60992636 kB
20220313 000613.760 INFO             PET0 PIOc_sync Exit - MemInfo: [/proc/meminfo - SSI]	Committed_AS:    2907468 kB
20220313 000613.760 INFO             PET0 PIOc_sync Exit - MemInfo: [/proc/meminfo - SSI]	CommittedPercent: 4.4149 %
20220313 000613.760 INFO             PET0 PIOc_sync Exit - MemInfo: [/proc/self/status]	VmPeak:	  228372 kB
20220313 000613.760 INFO             PET0 PIOc_sync Exit - MemInfo: [/proc/self/status]	VmSize:	  228348 kB
20220313 000613.760 INFO             PET0 PIOc_sync Exit - MemInfo: [/proc/self/status]	VmLck:	       0 kB
20220313 000613.760 INFO             PET0 PIOc_sync Exit - MemInfo: [/proc/self/status]	VmPin:	       0 kB
20220313 000613.760 INFO             PET0 PIOc_sync Exit - MemInfo: [/proc/self/status]	VmHWM:	   29708 kB
20220313 000613.760 INFO             PET0 PIOc_sync Exit - MemInfo: [/proc/self/status]	VmRSS:	   26128 kB
20220313 000613.760 INFO             PET0 PIOc_sync Exit - MemInfo: [/proc/self/status]	VmData:	   33888 kB
20220313 000613.760 INFO             PET0 PIOc_sync Exit - MemInfo: [/proc/self/status]	VmStk:	     508 kB
20220313 000613.760 INFO             PET0 PIOc_sync Exit - MemInfo: [/proc/self/status]	VmExe:	    1920 kB
20220313 000613.760 INFO             PET0 PIOc_sync Exit - MemInfo: [/proc/self/status]	VmLib:	   93984 kB
20220313 000613.760 INFO             PET0 PIOc_sync Exit - MemInfo: [/proc/self/status]	VmPTE:	     364 kB
20220313 000613.760 INFO             PET0 PIOc_sync Exit - MemInfo: [/proc/self/status]	VmPMD:	      12 kB
20220313 000613.760 INFO             PET0 PIOc_sync Exit - MemInfo: [/proc/self/status]	VmSwap:	       0 kB
20220313 000613.760 INFO             PET0 PIOc_sync Exit - MemInfo: [/proc/self/status]	VmRSSPercent: 0.0396745 %
20220313 000613.760 INFO             PET0 PIOc_sync Exit - MemInfo: [malloc] Non-mmapped space allocated:                10043392 Byte
20220313 000613.760 INFO             PET0 PIOc_sync Exit - MemInfo: [malloc] Space allocated in mmapped regions:          3219456 Byte
20220313 000613.760 INFO             PET0 PIOc_sync Exit - MemInfo: [malloc] Maximum total allocated space:                     0 Byte
20220313 000613.760 INFO             PET0 PIOc_sync Exit - MemInfo: [malloc] Space in freed fastbin blocks:                    48 Byte
20220313 000613.760 INFO             PET0 PIOc_sync Exit - MemInfo: [malloc] Total allocated space:                       9915728 Byte
20220313 000613.760 INFO             PET0 PIOc_sync Exit - MemInfo: [malloc] Total free space:                             127664 Byte
20220313 000613.760 INFO             PET0 PIOc_sync Exit - MemInfo: [malloc] Top-most, releasable space:                   123008 Byte
20220313 000613.760 INFO             PET0 PIOc_sync Exit - MemInfo: [malloc] Total space in use, mmap + non-mmap:        13135184 Byte
20220313 000613.760 INFO             PET0 PIOc_sync Exit - MemInfo: [malloc] Total space held (mmap + non-mmap):         13262848 Byte
20220313 000613.760 INFO             PET0 PIOc_sync Exit - MemInfo: [malloc] Total space used (mmap + non-mmap):         13143504 Byte
20220313 000613.760 INFO             PET0 PIOc_sync Exit - MemInfo: Wall-clock time since execution start:              0.0716412 seconds
20220313 000613.760 INFO             PET0 PIOc_freedecomp Enter - MemInfo: [/proc/meminfo - SSI]	MemTotal:       65855856 kB
20220313 000613.760 INFO             PET0 PIOc_freedecomp Enter - MemInfo: [/proc/meminfo - SSI]	MemFree:        61209596 kB
20220313 000613.760 INFO             PET0 PIOc_freedecomp Enter - MemInfo: [/proc/meminfo - SSI]	MemAvailable:   60992636 kB
20220313 000613.760 INFO             PET0 PIOc_freedecomp Enter - MemInfo: [/proc/meminfo - SSI]	Committed_AS:    2907468 kB
20220313 000613.760 INFO             PET0 PIOc_freedecomp Enter - MemInfo: [/proc/meminfo - SSI]	CommittedPercent: 4.4149 %
20220313 000613.760 INFO             PET0 PIOc_freedecomp Enter - MemInfo: [/proc/self/status]	VmPeak:	  228372 kB
20220313 000613.760 INFO             PET0 PIOc_freedecomp Enter - MemInfo: [/proc/self/status]	VmSize:	  228348 kB
20220313 000613.760 INFO             PET0 PIOc_freedecomp Enter - MemInfo: [/proc/self/status]	VmLck:	       0 kB
20220313 000613.760 INFO             PET0 PIOc_freedecomp Enter - MemInfo: [/proc/self/status]	VmPin:	       0 kB
20220313 000613.760 INFO             PET0 PIOc_freedecomp Enter - MemInfo: [/proc/self/status]	VmHWM:	   29708 kB
20220313 000613.760 INFO             PET0 PIOc_freedecomp Enter - MemInfo: [/proc/self/status]	VmRSS:	   26128 kB
20220313 000613.760 INFO             PET0 PIOc_freedecomp Enter - MemInfo: [/proc/self/status]	VmData:	   33888 kB
20220313 000613.760 INFO             PET0 PIOc_freedecomp Enter - MemInfo: [/proc/self/status]	VmStk:	     508 kB
20220313 000613.760 INFO             PET0 PIOc_freedecomp Enter - MemInfo: [/proc/self/status]	VmExe:	    1920 kB
20220313 000613.760 INFO             PET0 PIOc_freedecomp Enter - MemInfo: [/proc/self/status]	VmLib:	   93984 kB
20220313 000613.760 INFO             PET0 PIOc_freedecomp Enter - MemInfo: [/proc/self/status]	VmPTE:	     364 kB
20220313 000613.760 INFO             PET0 PIOc_freedecomp Enter - MemInfo: [/proc/self/status]	VmPMD:	      12 kB
20220313 000613.760 INFO             PET0 PIOc_freedecomp Enter - MemInfo: [/proc/self/status]	VmSwap:	       0 kB
20220313 000613.760 INFO             PET0 PIOc_freedecomp Enter - MemInfo: [/proc/self/status]	VmRSSPercent: 0.0396745 %
20220313 000613.760 INFO             PET0 PIOc_freedecomp Enter - MemInfo: [malloc] Non-mmapped space allocated:                10043392 Byte
20220313 000613.760 INFO             PET0 PIOc_freedecomp Enter - MemInfo: [malloc] Space allocated in mmapped regions:          3219456 Byte
20220313 000613.760 INFO             PET0 PIOc_freedecomp Enter - MemInfo: [malloc] Maximum total allocated space:                     0 Byte
20220313 000613.760 INFO             PET0 PIOc_freedecomp Enter - MemInfo: [malloc] Space in freed fastbin blocks:                   192 Byte
20220313 000613.760 INFO             PET0 PIOc_freedecomp Enter - MemInfo: [malloc] Total allocated space:                        991248 Byte
20220313 000613.760 INFO             PET0 PIOc_freedecomp Enter - MemInfo: [malloc] Total free space:                            9052144 Byte
20220313 000613.760 INFO             PET0 PIOc_freedecomp Enter - MemInfo: [malloc] Top-most, releasable space:                   122784 Byte
20220313 000613.760 INFO             PET0 PIOc_freedecomp Enter - MemInfo: [malloc] Total space in use, mmap + non-mmap:         4210704 Byte
20220313 000613.760 INFO             PET0 PIOc_freedecomp Enter - MemInfo: [malloc] Total space held (mmap + non-mmap):         13262848 Byte
20220313 000613.760 INFO             PET0 PIOc_freedecomp Enter - MemInfo: [malloc] Total space used (mmap + non-mmap):          4218912 Byte
20220313 000613.760 INFO             PET0 PIOc_freedecomp Enter - MemInfo: Wall-clock time since execution start:               0.072103 seconds
20220313 000613.760 INFO             PET0 PIOc_freedecomp Exit - MemInfo: [/proc/meminfo - SSI]	MemTotal:       65855856 kB
20220313 000613.760 INFO             PET0 PIOc_freedecomp Exit - MemInfo: [/proc/meminfo - SSI]	MemFree:        61209596 kB
20220313 000613.760 INFO             PET0 PIOc_freedecomp Exit - MemInfo: [/proc/meminfo - SSI]	MemAvailable:   60992636 kB
20220313 000613.760 INFO             PET0 PIOc_freedecomp Exit - MemInfo: [/proc/meminfo - SSI]	Committed_AS:    2907468 kB
20220313 000613.760 INFO             PET0 PIOc_freedecomp Exit - MemInfo: [/proc/meminfo - SSI]	CommittedPercent: 4.4149 %
20220313 000613.760 INFO             PET0 PIOc_freedecomp Exit - MemInfo: [/proc/self/status]	VmPeak:	  228372 kB
20220313 000613.760 INFO             PET0 PIOc_freedecomp Exit - MemInfo: [/proc/self/status]	VmSize:	  228348 kB
20220313 000613.760 INFO             PET0 PIOc_freedecomp Exit - MemInfo: [/proc/self/status]	VmLck:	       0 kB
20220313 000613.760 INFO             PET0 PIOc_freedecomp Exit - MemInfo: [/proc/self/status]	VmPin:	       0 kB
20220313 000613.760 INFO             PET0 PIOc_freedecomp Exit - MemInfo: [/proc/self/status]	VmHWM:	   29708 kB
20220313 000613.760 INFO             PET0 PIOc_freedecomp Exit - MemInfo: [/proc/self/status]	VmRSS:	   26128 kB
20220313 000613.760 INFO             PET0 PIOc_freedecomp Exit - MemInfo: [/proc/self/status]	VmData:	   33888 kB
20220313 000613.760 INFO             PET0 PIOc_freedecomp Exit - MemInfo: [/proc/self/status]	VmStk:	     508 kB
20220313 000613.760 INFO             PET0 PIOc_freedecomp Exit - MemInfo: [/proc/self/status]	VmExe:	    1920 kB
20220313 000613.760 INFO             PET0 PIOc_freedecomp Exit - MemInfo: [/proc/self/status]	VmLib:	   93984 kB
20220313 000613.760 INFO             PET0 PIOc_freedecomp Exit - MemInfo: [/proc/self/status]	VmPTE:	     364 kB
20220313 000613.760 INFO             PET0 PIOc_freedecomp Exit - MemInfo: [/proc/self/status]	VmPMD:	      12 kB
20220313 000613.760 INFO             PET0 PIOc_freedecomp Exit - MemInfo: [/proc/self/status]	VmSwap:	       0 kB
20220313 000613.760 INFO             PET0 PIOc_freedecomp Exit - MemInfo: [/proc/self/status]	VmRSSPercent: 0.0396745 %
20220313 000613.761 INFO             PET0 PIOc_freedecomp Exit - MemInfo: [malloc] Non-mmapped space allocated:                10043392 Byte
20220313 000613.761 INFO             PET0 PIOc_freedecomp Exit - MemInfo: [malloc] Space allocated in mmapped regions:          3219456 Byte
20220313 000613.761 INFO             PET0 PIOc_freedecomp Exit - MemInfo: [malloc] Maximum total allocated space:                     0 Byte
20220313 000613.761 INFO             PET0 PIOc_freedecomp Exit - MemInfo: [malloc] Space in freed fastbin blocks:                  1200 Byte
20220313 000613.761 INFO             PET0 PIOc_freedecomp Exit - MemInfo: [malloc] Total allocated space:                        990048 Byte
20220313 000613.761 INFO             PET0 PIOc_freedecomp Exit - MemInfo: [malloc] Total free space:                            9053344 Byte
20220313 000613.761 INFO             PET0 PIOc_freedecomp Exit - MemInfo: [malloc] Top-most, releasable space:                   128480 Byte
20220313 000613.761 INFO             PET0 PIOc_freedecomp Exit - MemInfo: [malloc] Total space in use, mmap + non-mmap:         4209504 Byte
20220313 000613.761 INFO             PET0 PIOc_freedecomp Exit - MemInfo: [malloc] Total space held (mmap + non-mmap):         13262848 Byte
20220313 000613.761 INFO             PET0 PIOc_freedecomp Exit - MemInfo: [malloc] Total space used (mmap + non-mmap):          4217712 Byte
20220313 000613.761 INFO             PET0 PIOc_freedecomp Exit - MemInfo: Wall-clock time since execution start:              0.0723581 seconds
20220313 000613.761 INFO             PET0  PASS  ESMF_OutputWeightFile, ESMF_IOUTest.F90, line 81
20220313 000613.784 INFO             PET0  PASS  call ESMF_OutputWeightFile with empty factor list on four PETs, ESMF_IOUTest.F90, line 191
20220313 000613.784 INFO             PET0  Ending Test, file ESMF_IOUTest.F90, line 201
20220313 000613.784 INFO             PET0 Finalizing ESMF
20220313 000613.720 INFO             PET1 !!!!!!!!!!!!!!!!!!!!!!!!!!!!!!!!!!!!!!!!!!!!!!!!!!!!!!
20220313 000613.720 INFO             PET1 !!! THE ESMF_LOG IS SET TO OUTPUT ALL LOG MESSAGES !!!
20220313 000613.720 INFO             PET1 !!!     THIS MAY CAUSE SLOWDOWN IN PERFORMANCE     !!!
20220313 000613.720 INFO             PET1 !!! FOR PRODUCTION RUNS, USE:                      !!!
20220313 000613.720 INFO             PET1 !!!                   ESMF_LOGKIND_Multi_On_Error  !!!
20220313 000613.720 INFO             PET1 !!!!!!!!!!!!!!!!!!!!!!!!!!!!!!!!!!!!!!!!!!!!!!!!!!!!!!
20220313 000613.720 INFO             PET1 Running with ESMF Version   : v8.3.0b09-96-g559b459836
20220313 000613.720 INFO             PET1 ESMF library build date/time: "Mar 12 2022" "23:42:39"
20220313 000613.720 INFO             PET1 ESMF library build location : /lustre/f2/dev/ncep/Mark.Potts/intel_2019.5_mpi_O_jedwards_pio_update2
20220313 000613.720 INFO             PET1 ESMF_COMM                   : mpi
20220313 000613.721 INFO             PET1 ESMF_MOAB                   : enabled
20220313 000613.721 INFO             PET1 ESMF_LAPACK                 : enabled
20220313 000613.721 INFO             PET1 ESMF_NETCDF                 : enabled
20220313 000613.721 INFO             PET1 ESMF_PNETCDF                : disabled
20220313 000613.721 INFO             PET1 ESMF_PIO                    : enabled
20220313 000613.721 INFO             PET1 ESMF_YAMLCPP                : enabled
20220313 000613.722 INFO             PET1  Beginning Test, file ESMF_IOUTest.F90, line 57
20220313 000613.722 INFO             PET1  NUMBER_OF_PROCESSORS           4
20220313 000613.722 INFO             PET1 Starting Test:  ESMF_OutputWeightFile
20220313 000613.750 INFO             PET1 PIOc_sync Enter - MemInfo: [/proc/meminfo - SSI]	MemTotal:       65855856 kB
20220313 000613.751 INFO             PET1 PIOc_sync Enter - MemInfo: [/proc/meminfo - SSI]	MemFree:        61206572 kB
20220313 000613.751 INFO             PET1 PIOc_sync Enter - MemInfo: [/proc/meminfo - SSI]	MemAvailable:   60989612 kB
20220313 000613.751 INFO             PET1 PIOc_sync Enter - MemInfo: [/proc/meminfo - SSI]	Committed_AS:    2907064 kB
20220313 000613.751 INFO             PET1 PIOc_sync Enter - MemInfo: [/proc/meminfo - SSI]	CommittedPercent: 4.41428 %
20220313 000613.751 INFO             PET1 PIOc_sync Enter - MemInfo: [/proc/self/status]	VmPeak:	  218996 kB
20220313 000613.751 INFO             PET1 PIOc_sync Enter - MemInfo: [/proc/self/status]	VmSize:	  218996 kB
20220313 000613.751 INFO             PET1 PIOc_sync Enter - MemInfo: [/proc/self/status]	VmLck:	       0 kB
20220313 000613.751 INFO             PET1 PIOc_sync Enter - MemInfo: [/proc/self/status]	VmPin:	       0 kB
20220313 000613.751 INFO             PET1 PIOc_sync Enter - MemInfo: [/proc/self/status]	VmHWM:	   19500 kB
20220313 000613.751 INFO             PET1 PIOc_sync Enter - MemInfo: [/proc/self/status]	VmRSS:	   19500 kB
20220313 000613.751 INFO             PET1 PIOc_sync Enter - MemInfo: [/proc/self/status]	VmData:	   24512 kB
20220313 000613.751 INFO             PET1 PIOc_sync Enter - MemInfo: [/proc/self/status]	VmStk:	     508 kB
20220313 000613.751 INFO             PET1 PIOc_sync Enter - MemInfo: [/proc/self/status]	VmExe:	    1920 kB
20220313 000613.751 INFO             PET1 PIOc_sync Enter - MemInfo: [/proc/self/status]	VmLib:	   93984 kB
20220313 000613.751 INFO             PET1 PIOc_sync Enter - MemInfo: [/proc/self/status]	VmPTE:	     336 kB
20220313 000613.751 INFO             PET1 PIOc_sync Enter - MemInfo: [/proc/self/status]	VmPMD:	      12 kB
20220313 000613.751 INFO             PET1 PIOc_sync Enter - MemInfo: [/proc/self/status]	VmSwap:	       0 kB
20220313 000613.751 INFO             PET1 PIOc_sync Enter - MemInfo: [/proc/self/status]	VmRSSPercent: 0.0296101 %
20220313 000613.751 INFO             PET1 PIOc_sync Enter - MemInfo: [malloc] Non-mmapped space allocated:                  774144 Byte
20220313 000613.751 INFO             PET1 PIOc_sync Enter - MemInfo: [malloc] Space allocated in mmapped regions:          2887680 Byte
20220313 000613.751 INFO             PET1 PIOc_sync Enter - MemInfo: [malloc] Maximum total allocated space:                     0 Byte
20220313 000613.751 INFO             PET1 PIOc_sync Enter - MemInfo: [malloc] Space in freed fastbin blocks:                     0 Byte
20220313 000613.751 INFO             PET1 PIOc_sync Enter - MemInfo: [malloc] Total allocated space:                        653904 Byte
20220313 000613.751 INFO             PET1 PIOc_sync Enter - MemInfo: [malloc] Total free space:                             120240 Byte
20220313 000613.751 INFO             PET1 PIOc_sync Enter - MemInfo: [malloc] Top-most, releasable space:                   120240 Byte
20220313 000613.751 INFO             PET1 PIOc_sync Enter - MemInfo: [malloc] Total space in use, mmap + non-mmap:         3541584 Byte
20220313 000613.751 INFO             PET1 PIOc_sync Enter - MemInfo: [malloc] Total space held (mmap + non-mmap):          3661824 Byte
20220313 000613.751 INFO             PET1 PIOc_sync Enter - MemInfo: [malloc] Total space used (mmap + non-mmap):          3551200 Byte
20220313 000613.751 INFO             PET1 PIOc_sync Enter - MemInfo: Wall-clock time since execution start:               0.062515 seconds
20220313 000613.751 INFO             PET1 PIOc_sync Exit - MemInfo: [/proc/meminfo - SSI]	MemTotal:       65855856 kB
20220313 000613.751 INFO             PET1 PIOc_sync Exit - MemInfo: [/proc/meminfo - SSI]	MemFree:        61206068 kB
20220313 000613.751 INFO             PET1 PIOc_sync Exit - MemInfo: [/proc/meminfo - SSI]	MemAvailable:   60989108 kB
20220313 000613.751 INFO             PET1 PIOc_sync Exit - MemInfo: [/proc/meminfo - SSI]	Committed_AS:    2907064 kB
20220313 000613.751 INFO             PET1 PIOc_sync Exit - MemInfo: [/proc/meminfo - SSI]	CommittedPercent: 4.41428 %
20220313 000613.751 INFO             PET1 PIOc_sync Exit - MemInfo: [/proc/self/status]	VmPeak:	  218996 kB
20220313 000613.751 INFO             PET1 PIOc_sync Exit - MemInfo: [/proc/self/status]	VmSize:	  218996 kB
20220313 000613.751 INFO             PET1 PIOc_sync Exit - MemInfo: [/proc/self/status]	VmLck:	       0 kB
20220313 000613.751 INFO             PET1 PIOc_sync Exit - MemInfo: [/proc/self/status]	VmPin:	       0 kB
20220313 000613.751 INFO             PET1 PIOc_sync Exit - MemInfo: [/proc/self/status]	VmHWM:	   19708 kB
20220313 000613.751 INFO             PET1 PIOc_sync Exit - MemInfo: [/proc/self/status]	VmRSS:	   19708 kB
20220313 000613.751 INFO             PET1 PIOc_sync Exit - MemInfo: [/proc/self/status]	VmData:	   24512 kB
20220313 000613.751 INFO             PET1 PIOc_sync Exit - MemInfo: [/proc/self/status]	VmStk:	     508 kB
20220313 000613.751 INFO             PET1 PIOc_sync Exit - MemInfo: [/proc/self/status]	VmExe:	    1920 kB
20220313 000613.751 INFO             PET1 PIOc_sync Exit - MemInfo: [/proc/self/status]	VmLib:	   93984 kB
20220313 000613.751 INFO             PET1 PIOc_sync Exit - MemInfo: [/proc/self/status]	VmPTE:	     336 kB
20220313 000613.751 INFO             PET1 PIOc_sync Exit - MemInfo: [/proc/self/status]	VmPMD:	      12 kB
20220313 000613.751 INFO             PET1 PIOc_sync Exit - MemInfo: [/proc/self/status]	VmSwap:	       0 kB
20220313 000613.751 INFO             PET1 PIOc_sync Exit - MemInfo: [/proc/self/status]	VmRSSPercent: 0.029926 %
20220313 000613.751 INFO             PET1 PIOc_sync Exit - MemInfo: [malloc] Non-mmapped space allocated:                  774144 Byte
20220313 000613.751 INFO             PET1 PIOc_sync Exit - MemInfo: [malloc] Space allocated in mmapped regions:          2887680 Byte
20220313 000613.751 INFO             PET1 PIOc_sync Exit - MemInfo: [malloc] Maximum total allocated space:                     0 Byte
20220313 000613.751 INFO             PET1 PIOc_sync Exit - MemInfo: [malloc] Space in freed fastbin blocks:                     0 Byte
20220313 000613.751 INFO             PET1 PIOc_sync Exit - MemInfo: [malloc] Total allocated space:                        656208 Byte
20220313 000613.751 INFO             PET1 PIOc_sync Exit - MemInfo: [malloc] Total free space:                             117936 Byte
20220313 000613.751 INFO             PET1 PIOc_sync Exit - MemInfo: [malloc] Top-most, releasable space:                   117936 Byte
20220313 000613.751 INFO             PET1 PIOc_sync Exit - MemInfo: [malloc] Total space in use, mmap + non-mmap:         3543888 Byte
20220313 000613.751 INFO             PET1 PIOc_sync Exit - MemInfo: [malloc] Total space held (mmap + non-mmap):          3661824 Byte
20220313 000613.751 INFO             PET1 PIOc_sync Exit - MemInfo: [malloc] Total space used (mmap + non-mmap):          3552384 Byte
20220313 000613.752 INFO             PET1 PIOc_sync Exit - MemInfo: Wall-clock time since execution start:              0.0631461 seconds
20220313 000613.752 INFO             PET1 PIOc_freedecomp Enter - MemInfo: [/proc/meminfo - SSI]	MemTotal:       65855856 kB
20220313 000613.752 INFO             PET1 PIOc_freedecomp Enter - MemInfo: [/proc/meminfo - SSI]	MemFree:        61213124 kB
20220313 000613.752 INFO             PET1 PIOc_freedecomp Enter - MemInfo: [/proc/meminfo - SSI]	MemAvailable:   60996164 kB
20220313 000613.752 INFO             PET1 PIOc_freedecomp Enter - MemInfo: [/proc/meminfo - SSI]	Committed_AS:    2899192 kB
20220313 000613.752 INFO             PET1 PIOc_freedecomp Enter - MemInfo: [/proc/meminfo - SSI]	CommittedPercent: 4.40233 %
20220313 000613.752 INFO             PET1 PIOc_freedecomp Enter - MemInfo: [/proc/self/status]	VmPeak:	  218996 kB
20220313 000613.752 INFO             PET1 PIOc_freedecomp Enter - MemInfo: [/proc/self/status]	VmSize:	  218996 kB
20220313 000613.752 INFO             PET1 PIOc_freedecomp Enter - MemInfo: [/proc/self/status]	VmLck:	       0 kB
20220313 000613.752 INFO             PET1 PIOc_freedecomp Enter - MemInfo: [/proc/self/status]	VmPin:	       0 kB
20220313 000613.752 INFO             PET1 PIOc_freedecomp Enter - MemInfo: [/proc/self/status]	VmHWM:	   19708 kB
20220313 000613.752 INFO             PET1 PIOc_freedecomp Enter - MemInfo: [/proc/self/status]	VmRSS:	   19708 kB
20220313 000613.752 INFO             PET1 PIOc_freedecomp Enter - MemInfo: [/proc/self/status]	VmData:	   24512 kB
20220313 000613.752 INFO             PET1 PIOc_freedecomp Enter - MemInfo: [/proc/self/status]	VmStk:	     508 kB
20220313 000613.752 INFO             PET1 PIOc_freedecomp Enter - MemInfo: [/proc/self/status]	VmExe:	    1920 kB
20220313 000613.753 INFO             PET1 PIOc_freedecomp Enter - MemInfo: [/proc/self/status]	VmLib:	   93984 kB
20220313 000613.753 INFO             PET1 PIOc_freedecomp Enter - MemInfo: [/proc/self/status]	VmPTE:	     336 kB
20220313 000613.753 INFO             PET1 PIOc_freedecomp Enter - MemInfo: [/proc/self/status]	VmPMD:	      12 kB
20220313 000613.753 INFO             PET1 PIOc_freedecomp Enter - MemInfo: [/proc/self/status]	VmSwap:	       0 kB
20220313 000613.753 INFO             PET1 PIOc_freedecomp Enter - MemInfo: [/proc/self/status]	VmRSSPercent: 0.029926 %
20220313 000613.753 INFO             PET1 PIOc_freedecomp Enter - MemInfo: [malloc] Non-mmapped space allocated:                  774144 Byte
20220313 000613.753 INFO             PET1 PIOc_freedecomp Enter - MemInfo: [malloc] Space allocated in mmapped regions:          2887680 Byte
20220313 000613.753 INFO             PET1 PIOc_freedecomp Enter - MemInfo: [malloc] Maximum total allocated space:                     0 Byte
20220313 000613.753 INFO             PET1 PIOc_freedecomp Enter - MemInfo: [malloc] Space in freed fastbin blocks:                     0 Byte
20220313 000613.753 INFO             PET1 PIOc_freedecomp Enter - MemInfo: [malloc] Total allocated space:                        657152 Byte
20220313 000613.753 INFO             PET1 PIOc_freedecomp Enter - MemInfo: [malloc] Total free space:                             116992 Byte
20220313 000613.753 INFO             PET1 PIOc_freedecomp Enter - MemInfo: [malloc] Top-most, releasable space:                   116992 Byte
20220313 000613.753 INFO             PET1 PIOc_freedecomp Enter - MemInfo: [malloc] Total space in use, mmap + non-mmap:         3544832 Byte
20220313 000613.753 INFO             PET1 PIOc_freedecomp Enter - MemInfo: [malloc] Total space held (mmap + non-mmap):          3661824 Byte
20220313 000613.753 INFO             PET1 PIOc_freedecomp Enter - MemInfo: [malloc] Total space used (mmap + non-mmap):          3553328 Byte
20220313 000613.753 INFO             PET1 PIOc_freedecomp Enter - MemInfo: Wall-clock time since execution start:               0.064307 seconds
20220313 000613.753 INFO             PET1 PIOc_freedecomp Exit - MemInfo: [/proc/meminfo - SSI]	MemTotal:       65855856 kB
20220313 000613.753 INFO             PET1 PIOc_freedecomp Exit - MemInfo: [/proc/meminfo - SSI]	MemFree:        61213124 kB
20220313 000613.753 INFO             PET1 PIOc_freedecomp Exit - MemInfo: [/proc/meminfo - SSI]	MemAvailable:   60996164 kB
20220313 000613.753 INFO             PET1 PIOc_freedecomp Exit - MemInfo: [/proc/meminfo - SSI]	Committed_AS:    2899192 kB
20220313 000613.753 INFO             PET1 PIOc_freedecomp Exit - MemInfo: [/proc/meminfo - SSI]	CommittedPercent: 4.40233 %
20220313 000613.753 INFO             PET1 PIOc_freedecomp Exit - MemInfo: [/proc/self/status]	VmPeak:	  218996 kB
20220313 000613.753 INFO             PET1 PIOc_freedecomp Exit - MemInfo: [/proc/self/status]	VmSize:	  218996 kB
20220313 000613.753 INFO             PET1 PIOc_freedecomp Exit - MemInfo: [/proc/self/status]	VmLck:	       0 kB
20220313 000613.753 INFO             PET1 PIOc_freedecomp Exit - MemInfo: [/proc/self/status]	VmPin:	       0 kB
20220313 000613.753 INFO             PET1 PIOc_freedecomp Exit - MemInfo: [/proc/self/status]	VmHWM:	   19708 kB
20220313 000613.753 INFO             PET1 PIOc_freedecomp Exit - MemInfo: [/proc/self/status]	VmRSS:	   19708 kB
20220313 000613.753 INFO             PET1 PIOc_freedecomp Exit - MemInfo: [/proc/self/status]	VmData:	   24512 kB
20220313 000613.753 INFO             PET1 PIOc_freedecomp Exit - MemInfo: [/proc/self/status]	VmStk:	     508 kB
20220313 000613.753 INFO             PET1 PIOc_freedecomp Exit - MemInfo: [/proc/self/status]	VmExe:	    1920 kB
20220313 000613.753 INFO             PET1 PIOc_freedecomp Exit - MemInfo: [/proc/self/status]	VmLib:	   93984 kB
20220313 000613.753 INFO             PET1 PIOc_freedecomp Exit - MemInfo: [/proc/self/status]	VmPTE:	     336 kB
20220313 000613.753 INFO             PET1 PIOc_freedecomp Exit - MemInfo: [/proc/self/status]	VmPMD:	      12 kB
20220313 000613.753 INFO             PET1 PIOc_freedecomp Exit - MemInfo: [/proc/self/status]	VmSwap:	       0 kB
20220313 000613.753 INFO             PET1 PIOc_freedecomp Exit - MemInfo: [/proc/self/status]	VmRSSPercent: 0.029926 %
20220313 000613.753 INFO             PET1 PIOc_freedecomp Exit - MemInfo: [malloc] Non-mmapped space allocated:                  774144 Byte
20220313 000613.753 INFO             PET1 PIOc_freedecomp Exit - MemInfo: [malloc] Space allocated in mmapped regions:          2887680 Byte
20220313 000613.753 INFO             PET1 PIOc_freedecomp Exit - MemInfo: [malloc] Maximum total allocated space:                     0 Byte
20220313 000613.753 INFO             PET1 PIOc_freedecomp Exit - MemInfo: [malloc] Space in freed fastbin blocks:                   112 Byte
20220313 000613.753 INFO             PET1 PIOc_freedecomp Exit - MemInfo: [malloc] Total allocated space:                        657664 Byte
20220313 000613.753 INFO             PET1 PIOc_freedecomp Exit - MemInfo: [malloc] Total free space:                             116480 Byte
20220313 000613.753 INFO             PET1 PIOc_freedecomp Exit - MemInfo: [malloc] Top-most, releasable space:                   116368 Byte
20220313 000613.753 INFO             PET1 PIOc_freedecomp Exit - MemInfo: [malloc] Total space in use, mmap + non-mmap:         3545344 Byte
20220313 000613.753 INFO             PET1 PIOc_freedecomp Exit - MemInfo: [malloc] Total space held (mmap + non-mmap):          3661824 Byte
20220313 000613.753 INFO             PET1 PIOc_freedecomp Exit - MemInfo: [malloc] Total space used (mmap + non-mmap):          3553776 Byte
20220313 000613.753 INFO             PET1 PIOc_freedecomp Exit - MemInfo: Wall-clock time since execution start:              0.0645921 seconds
20220313 000613.756 INFO             PET1 PIOc_sync Enter - MemInfo: [/proc/meminfo - SSI]	MemTotal:       65855856 kB
20220313 000613.756 INFO             PET1 PIOc_sync Enter - MemInfo: [/proc/meminfo - SSI]	MemFree:        61210100 kB
20220313 000613.756 INFO             PET1 PIOc_sync Enter - MemInfo: [/proc/meminfo - SSI]	MemAvailable:   60993140 kB
20220313 000613.756 INFO             PET1 PIOc_sync Enter - MemInfo: [/proc/meminfo - SSI]	Committed_AS:    2907468 kB
20220313 000613.756 INFO             PET1 PIOc_sync Enter - MemInfo: [/proc/meminfo - SSI]	CommittedPercent: 4.4149 %
20220313 000613.756 INFO             PET1 PIOc_sync Enter - MemInfo: [/proc/self/status]	VmPeak:	  218996 kB
20220313 000613.756 INFO             PET1 PIOc_sync Enter - MemInfo: [/proc/self/status]	VmSize:	  218996 kB
20220313 000613.756 INFO             PET1 PIOc_sync Enter - MemInfo: [/proc/self/status]	VmLck:	       0 kB
20220313 000613.756 INFO             PET1 PIOc_sync Enter - MemInfo: [/proc/self/status]	VmPin:	       0 kB
20220313 000613.756 INFO             PET1 PIOc_sync Enter - MemInfo: [/proc/self/status]	VmHWM:	   19800 kB
20220313 000613.756 INFO             PET1 PIOc_sync Enter - MemInfo: [/proc/self/status]	VmRSS:	   19784 kB
20220313 000613.756 INFO             PET1 PIOc_sync Enter - MemInfo: [/proc/self/status]	VmData:	   24512 kB
20220313 000613.756 INFO             PET1 PIOc_sync Enter - MemInfo: [/proc/self/status]	VmStk:	     508 kB
20220313 000613.756 INFO             PET1 PIOc_sync Enter - MemInfo: [/proc/self/status]	VmExe:	    1920 kB
20220313 000613.756 INFO             PET1 PIOc_sync Enter - MemInfo: [/proc/self/status]	VmLib:	   93984 kB
20220313 000613.756 INFO             PET1 PIOc_sync Enter - MemInfo: [/proc/self/status]	VmPTE:	     336 kB
20220313 000613.756 INFO             PET1 PIOc_sync Enter - MemInfo: [/proc/self/status]	VmPMD:	      12 kB
20220313 000613.756 INFO             PET1 PIOc_sync Enter - MemInfo: [/proc/self/status]	VmSwap:	       0 kB
20220313 000613.756 INFO             PET1 PIOc_sync Enter - MemInfo: [/proc/self/status]	VmRSSPercent: 0.0300414 %
20220313 000613.756 INFO             PET1 PIOc_sync Enter - MemInfo: [malloc] Non-mmapped space allocated:                  774144 Byte
20220313 000613.756 INFO             PET1 PIOc_sync Enter - MemInfo: [malloc] Space allocated in mmapped regions:          2887680 Byte
20220313 000613.756 INFO             PET1 PIOc_sync Enter - MemInfo: [malloc] Maximum total allocated space:                     0 Byte
20220313 000613.756 INFO             PET1 PIOc_sync Enter - MemInfo: [malloc] Space in freed fastbin blocks:                     0 Byte
20220313 000613.756 INFO             PET1 PIOc_sync Enter - MemInfo: [malloc] Total allocated space:                        659328 Byte
20220313 000613.756 INFO             PET1 PIOc_sync Enter - MemInfo: [malloc] Total free space:                             114816 Byte
20220313 000613.756 INFO             PET1 PIOc_sync Enter - MemInfo: [malloc] Top-most, releasable space:                   114016 Byte
20220313 000613.756 INFO             PET1 PIOc_sync Enter - MemInfo: [malloc] Total space in use, mmap + non-mmap:         3547008 Byte
20220313 000613.756 INFO             PET1 PIOc_sync Enter - MemInfo: [malloc] Total space held (mmap + non-mmap):          3661824 Byte
20220313 000613.756 INFO             PET1 PIOc_sync Enter - MemInfo: [malloc] Total space used (mmap + non-mmap):          3555216 Byte
20220313 000613.756 INFO             PET1 PIOc_sync Enter - MemInfo: Wall-clock time since execution start:              0.0680871 seconds
20220313 000613.757 INFO             PET1 PIOc_sync Exit - MemInfo: [/proc/meminfo - SSI]	MemTotal:       65855856 kB
20220313 000613.757 INFO             PET1 PIOc_sync Exit - MemInfo: [/proc/meminfo - SSI]	MemFree:        61210100 kB
20220313 000613.757 INFO             PET1 PIOc_sync Exit - MemInfo: [/proc/meminfo - SSI]	MemAvailable:   60993140 kB
20220313 000613.757 INFO             PET1 PIOc_sync Exit - MemInfo: [/proc/meminfo - SSI]	Committed_AS:    2907468 kB
20220313 000613.757 INFO             PET1 PIOc_sync Exit - MemInfo: [/proc/meminfo - SSI]	CommittedPercent: 4.4149 %
20220313 000613.757 INFO             PET1 PIOc_sync Exit - MemInfo: [/proc/self/status]	VmPeak:	  218996 kB
20220313 000613.757 INFO             PET1 PIOc_sync Exit - MemInfo: [/proc/self/status]	VmSize:	  218996 kB
20220313 000613.757 INFO             PET1 PIOc_sync Exit - MemInfo: [/proc/self/status]	VmLck:	       0 kB
20220313 000613.757 INFO             PET1 PIOc_sync Exit - MemInfo: [/proc/self/status]	VmPin:	       0 kB
20220313 000613.757 INFO             PET1 PIOc_sync Exit - MemInfo: [/proc/self/status]	VmHWM:	   19800 kB
20220313 000613.757 INFO             PET1 PIOc_sync Exit - MemInfo: [/proc/self/status]	VmRSS:	   19784 kB
20220313 000613.757 INFO             PET1 PIOc_sync Exit - MemInfo: [/proc/self/status]	VmData:	   24512 kB
20220313 000613.757 INFO             PET1 PIOc_sync Exit - MemInfo: [/proc/self/status]	VmStk:	     508 kB
20220313 000613.757 INFO             PET1 PIOc_sync Exit - MemInfo: [/proc/self/status]	VmExe:	    1920 kB
20220313 000613.757 INFO             PET1 PIOc_sync Exit - MemInfo: [/proc/self/status]	VmLib:	   93984 kB
20220313 000613.757 INFO             PET1 PIOc_sync Exit - MemInfo: [/proc/self/status]	VmPTE:	     340 kB
20220313 000613.757 INFO             PET1 PIOc_sync Exit - MemInfo: [/proc/self/status]	VmPMD:	      12 kB
20220313 000613.757 INFO             PET1 PIOc_sync Exit - MemInfo: [/proc/self/status]	VmSwap:	       0 kB
20220313 000613.757 INFO             PET1 PIOc_sync Exit - MemInfo: [/proc/self/status]	VmRSSPercent: 0.0300414 %
20220313 000613.757 INFO             PET1 PIOc_sync Exit - MemInfo: [malloc] Non-mmapped space allocated:                  774144 Byte
20220313 000613.757 INFO             PET1 PIOc_sync Exit - MemInfo: [malloc] Space allocated in mmapped regions:          2887680 Byte
20220313 000613.757 INFO             PET1 PIOc_sync Exit - MemInfo: [malloc] Maximum total allocated space:                     0 Byte
20220313 000613.757 INFO             PET1 PIOc_sync Exit - MemInfo: [malloc] Space in freed fastbin blocks:                     0 Byte
20220313 000613.757 INFO             PET1 PIOc_sync Exit - MemInfo: [malloc] Total allocated space:                        659792 Byte
20220313 000613.757 INFO             PET1 PIOc_sync Exit - MemInfo: [malloc] Total free space:                             114352 Byte
20220313 000613.757 INFO             PET1 PIOc_sync Exit - MemInfo: [malloc] Top-most, releasable space:                   113792 Byte
20220313 000613.757 INFO             PET1 PIOc_sync Exit - MemInfo: [malloc] Total space in use, mmap + non-mmap:         3547472 Byte
20220313 000613.757 INFO             PET1 PIOc_sync Exit - MemInfo: [malloc] Total space held (mmap + non-mmap):          3661824 Byte
20220313 000613.757 INFO             PET1 PIOc_sync Exit - MemInfo: [malloc] Total space used (mmap + non-mmap):          3555792 Byte
20220313 000613.757 INFO             PET1 PIOc_sync Exit - MemInfo: Wall-clock time since execution start:              0.0684512 seconds
20220313 000613.757 INFO             PET1 PIOc_freedecomp Enter - MemInfo: [/proc/meminfo - SSI]	MemTotal:       65855856 kB
20220313 000613.757 INFO             PET1 PIOc_freedecomp Enter - MemInfo: [/proc/meminfo - SSI]	MemFree:        61210100 kB
20220313 000613.757 INFO             PET1 PIOc_freedecomp Enter - MemInfo: [/proc/meminfo - SSI]	MemAvailable:   60993140 kB
20220313 000613.757 INFO             PET1 PIOc_freedecomp Enter - MemInfo: [/proc/meminfo - SSI]	Committed_AS:    2907468 kB
20220313 000613.757 INFO             PET1 PIOc_freedecomp Enter - MemInfo: [/proc/meminfo - SSI]	CommittedPercent: 4.4149 %
20220313 000613.757 INFO             PET1 PIOc_freedecomp Enter - MemInfo: [/proc/self/status]	VmPeak:	  218996 kB
20220313 000613.757 INFO             PET1 PIOc_freedecomp Enter - MemInfo: [/proc/self/status]	VmSize:	  218996 kB
20220313 000613.757 INFO             PET1 PIOc_freedecomp Enter - MemInfo: [/proc/self/status]	VmLck:	       0 kB
20220313 000613.757 INFO             PET1 PIOc_freedecomp Enter - MemInfo: [/proc/self/status]	VmPin:	       0 kB
20220313 000613.757 INFO             PET1 PIOc_freedecomp Enter - MemInfo: [/proc/self/status]	VmHWM:	   19800 kB
20220313 000613.757 INFO             PET1 PIOc_freedecomp Enter - MemInfo: [/proc/self/status]	VmRSS:	   19784 kB
20220313 000613.757 INFO             PET1 PIOc_freedecomp Enter - MemInfo: [/proc/self/status]	VmData:	   24512 kB
20220313 000613.757 INFO             PET1 PIOc_freedecomp Enter - MemInfo: [/proc/self/status]	VmStk:	     508 kB
20220313 000613.757 INFO             PET1 PIOc_freedecomp Enter - MemInfo: [/proc/self/status]	VmExe:	    1920 kB
20220313 000613.757 INFO             PET1 PIOc_freedecomp Enter - MemInfo: [/proc/self/status]	VmLib:	   93984 kB
20220313 000613.757 INFO             PET1 PIOc_freedecomp Enter - MemInfo: [/proc/self/status]	VmPTE:	     340 kB
20220313 000613.757 INFO             PET1 PIOc_freedecomp Enter - MemInfo: [/proc/self/status]	VmPMD:	      12 kB
20220313 000613.757 INFO             PET1 PIOc_freedecomp Enter - MemInfo: [/proc/self/status]	VmSwap:	       0 kB
20220313 000613.757 INFO             PET1 PIOc_freedecomp Enter - MemInfo: [/proc/self/status]	VmRSSPercent: 0.0300414 %
20220313 000613.757 INFO             PET1 PIOc_freedecomp Enter - MemInfo: [malloc] Non-mmapped space allocated:                  774144 Byte
20220313 000613.757 INFO             PET1 PIOc_freedecomp Enter - MemInfo: [malloc] Space allocated in mmapped regions:          2887680 Byte
20220313 000613.757 INFO             PET1 PIOc_freedecomp Enter - MemInfo: [malloc] Maximum total allocated space:                     0 Byte
20220313 000613.757 INFO             PET1 PIOc_freedecomp Enter - MemInfo: [malloc] Space in freed fastbin blocks:                     0 Byte
20220313 000613.757 INFO             PET1 PIOc_freedecomp Enter - MemInfo: [malloc] Total allocated space:                        660128 Byte
20220313 000613.757 INFO             PET1 PIOc_freedecomp Enter - MemInfo: [malloc] Total free space:                             114016 Byte
20220313 000613.757 INFO             PET1 PIOc_freedecomp Enter - MemInfo: [malloc] Top-most, releasable space:                   113568 Byte
20220313 000613.757 INFO             PET1 PIOc_freedecomp Enter - MemInfo: [malloc] Total space in use, mmap + non-mmap:         3547808 Byte
20220313 000613.757 INFO             PET1 PIOc_freedecomp Enter - MemInfo: [malloc] Total space held (mmap + non-mmap):          3661824 Byte
20220313 000613.757 INFO             PET1 PIOc_freedecomp Enter - MemInfo: [malloc] Total space used (mmap + non-mmap):          3556128 Byte
20220313 000613.757 INFO             PET1 PIOc_freedecomp Enter - MemInfo: Wall-clock time since execution start:              0.0688422 seconds
20220313 000613.757 INFO             PET1 PIOc_freedecomp Exit - MemInfo: [/proc/meminfo - SSI]	MemTotal:       65855856 kB
20220313 000613.757 INFO             PET1 PIOc_freedecomp Exit - MemInfo: [/proc/meminfo - SSI]	MemFree:        61210100 kB
20220313 000613.757 INFO             PET1 PIOc_freedecomp Exit - MemInfo: [/proc/meminfo - SSI]	MemAvailable:   60993140 kB
20220313 000613.757 INFO             PET1 PIOc_freedecomp Exit - MemInfo: [/proc/meminfo - SSI]	Committed_AS:    2907468 kB
20220313 000613.757 INFO             PET1 PIOc_freedecomp Exit - MemInfo: [/proc/meminfo - SSI]	CommittedPercent: 4.4149 %
20220313 000613.757 INFO             PET1 PIOc_freedecomp Exit - MemInfo: [/proc/self/status]	VmPeak:	  218996 kB
20220313 000613.757 INFO             PET1 PIOc_freedecomp Exit - MemInfo: [/proc/self/status]	VmSize:	  218996 kB
20220313 000613.757 INFO             PET1 PIOc_freedecomp Exit - MemInfo: [/proc/self/status]	VmLck:	       0 kB
20220313 000613.757 INFO             PET1 PIOc_freedecomp Exit - MemInfo: [/proc/self/status]	VmPin:	       0 kB
20220313 000613.757 INFO             PET1 PIOc_freedecomp Exit - MemInfo: [/proc/self/status]	VmHWM:	   19800 kB
20220313 000613.757 INFO             PET1 PIOc_freedecomp Exit - MemInfo: [/proc/self/status]	VmRSS:	   19784 kB
20220313 000613.757 INFO             PET1 PIOc_freedecomp Exit - MemInfo: [/proc/self/status]	VmData:	   24512 kB
20220313 000613.757 INFO             PET1 PIOc_freedecomp Exit - MemInfo: [/proc/self/status]	VmStk:	     508 kB
20220313 000613.757 INFO             PET1 PIOc_freedecomp Exit - MemInfo: [/proc/self/status]	VmExe:	    1920 kB
20220313 000613.757 INFO             PET1 PIOc_freedecomp Exit - MemInfo: [/proc/self/status]	VmLib:	   93984 kB
20220313 000613.757 INFO             PET1 PIOc_freedecomp Exit - MemInfo: [/proc/self/status]	VmPTE:	     340 kB
20220313 000613.757 INFO             PET1 PIOc_freedecomp Exit - MemInfo: [/proc/self/status]	VmPMD:	      12 kB
20220313 000613.757 INFO             PET1 PIOc_freedecomp Exit - MemInfo: [/proc/self/status]	VmSwap:	       0 kB
20220313 000613.757 INFO             PET1 PIOc_freedecomp Exit - MemInfo: [/proc/self/status]	VmRSSPercent: 0.0300414 %
20220313 000613.757 INFO             PET1 PIOc_freedecomp Exit - MemInfo: [malloc] Non-mmapped space allocated:                  774144 Byte
20220313 000613.757 INFO             PET1 PIOc_freedecomp Exit - MemInfo: [malloc] Space allocated in mmapped regions:          2887680 Byte
20220313 000613.757 INFO             PET1 PIOc_freedecomp Exit - MemInfo: [malloc] Maximum total allocated space:                     0 Byte
20220313 000613.757 INFO             PET1 PIOc_freedecomp Exit - MemInfo: [malloc] Space in freed fastbin blocks:                   224 Byte
20220313 000613.757 INFO             PET1 PIOc_freedecomp Exit - MemInfo: [malloc] Total allocated space:                        660016 Byte
20220313 000613.757 INFO             PET1 PIOc_freedecomp Exit - MemInfo: [malloc] Total free space:                             114128 Byte
20220313 000613.757 INFO             PET1 PIOc_freedecomp Exit - MemInfo: [malloc] Top-most, releasable space:                   113344 Byte
20220313 000613.757 INFO             PET1 PIOc_freedecomp Exit - MemInfo: [malloc] Total space in use, mmap + non-mmap:         3547696 Byte
20220313 000613.757 INFO             PET1 PIOc_freedecomp Exit - MemInfo: [malloc] Total space held (mmap + non-mmap):          3661824 Byte
20220313 000613.757 INFO             PET1 PIOc_freedecomp Exit - MemInfo: [malloc] Total space used (mmap + non-mmap):          3556016 Byte
20220313 000613.758 INFO             PET1 PIOc_freedecomp Exit - MemInfo: Wall-clock time since execution start:               0.069149 seconds
20220313 000613.759 INFO             PET1 PIOc_sync Enter - MemInfo: [/proc/meminfo - SSI]	MemTotal:       65855856 kB
20220313 000613.759 INFO             PET1 PIOc_sync Enter - MemInfo: [/proc/meminfo - SSI]	MemFree:        61209596 kB
20220313 000613.759 INFO             PET1 PIOc_sync Enter - MemInfo: [/proc/meminfo - SSI]	MemAvailable:   60992636 kB
20220313 000613.759 INFO             PET1 PIOc_sync Enter - MemInfo: [/proc/meminfo - SSI]	Committed_AS:    2907468 kB
20220313 000613.759 INFO             PET1 PIOc_sync Enter - MemInfo: [/proc/meminfo - SSI]	CommittedPercent: 4.4149 %
20220313 000613.759 INFO             PET1 PIOc_sync Enter - MemInfo: [/proc/self/status]	VmPeak:	  218996 kB
20220313 000613.759 INFO             PET1 PIOc_sync Enter - MemInfo: [/proc/self/status]	VmSize:	  218972 kB
20220313 000613.759 INFO             PET1 PIOc_sync Enter - MemInfo: [/proc/self/status]	VmLck:	       0 kB
20220313 000613.759 INFO             PET1 PIOc_sync Enter - MemInfo: [/proc/self/status]	VmPin:	       0 kB
20220313 000613.759 INFO             PET1 PIOc_sync Enter - MemInfo: [/proc/self/status]	VmHWM:	   19820 kB
20220313 000613.759 INFO             PET1 PIOc_sync Enter - MemInfo: [/proc/self/status]	VmRSS:	   19804 kB
20220313 000613.759 INFO             PET1 PIOc_sync Enter - MemInfo: [/proc/self/status]	VmData:	   24512 kB
20220313 000613.759 INFO             PET1 PIOc_sync Enter - MemInfo: [/proc/self/status]	VmStk:	     508 kB
20220313 000613.759 INFO             PET1 PIOc_sync Enter - MemInfo: [/proc/self/status]	VmExe:	    1920 kB
20220313 000613.759 INFO             PET1 PIOc_sync Enter - MemInfo: [/proc/self/status]	VmLib:	   93984 kB
20220313 000613.759 INFO             PET1 PIOc_sync Enter - MemInfo: [/proc/self/status]	VmPTE:	     340 kB
20220313 000613.759 INFO             PET1 PIOc_sync Enter - MemInfo: [/proc/self/status]	VmPMD:	      12 kB
20220313 000613.759 INFO             PET1 PIOc_sync Enter - MemInfo: [/proc/self/status]	VmSwap:	       0 kB
20220313 000613.759 INFO             PET1 PIOc_sync Enter - MemInfo: [/proc/self/status]	VmRSSPercent: 0.0300717 %
20220313 000613.759 INFO             PET1 PIOc_sync Enter - MemInfo: [malloc] Non-mmapped space allocated:                  774144 Byte
20220313 000613.759 INFO             PET1 PIOc_sync Enter - MemInfo: [malloc] Space allocated in mmapped regions:          2887680 Byte
20220313 000613.759 INFO             PET1 PIOc_sync Enter - MemInfo: [malloc] Maximum total allocated space:                     0 Byte
20220313 000613.759 INFO             PET1 PIOc_sync Enter - MemInfo: [malloc] Space in freed fastbin blocks:                     0 Byte
20220313 000613.759 INFO             PET1 PIOc_sync Enter - MemInfo: [malloc] Total allocated space:                        660480 Byte
20220313 000613.759 INFO             PET1 PIOc_sync Enter - MemInfo: [malloc] Total free space:                             113664 Byte
20220313 000613.759 INFO             PET1 PIOc_sync Enter - MemInfo: [malloc] Top-most, releasable space:                   112816 Byte
20220313 000613.759 INFO             PET1 PIOc_sync Enter - MemInfo: [malloc] Total space in use, mmap + non-mmap:         3548160 Byte
20220313 000613.759 INFO             PET1 PIOc_sync Enter - MemInfo: [malloc] Total space held (mmap + non-mmap):          3661824 Byte
20220313 000613.759 INFO             PET1 PIOc_sync Enter - MemInfo: [malloc] Total space used (mmap + non-mmap):          3556368 Byte
20220313 000613.759 INFO             PET1 PIOc_sync Enter - MemInfo: Wall-clock time since execution start:              0.0711401 seconds
20220313 000613.760 INFO             PET1 PIOc_sync Exit - MemInfo: [/proc/meminfo - SSI]	MemTotal:       65855856 kB
20220313 000613.760 INFO             PET1 PIOc_sync Exit - MemInfo: [/proc/meminfo - SSI]	MemFree:        61209596 kB
20220313 000613.760 INFO             PET1 PIOc_sync Exit - MemInfo: [/proc/meminfo - SSI]	MemAvailable:   60992636 kB
20220313 000613.760 INFO             PET1 PIOc_sync Exit - MemInfo: [/proc/meminfo - SSI]	Committed_AS:    2907468 kB
20220313 000613.760 INFO             PET1 PIOc_sync Exit - MemInfo: [/proc/meminfo - SSI]	CommittedPercent: 4.4149 %
20220313 000613.760 INFO             PET1 PIOc_sync Exit - MemInfo: [/proc/self/status]	VmPeak:	  218996 kB
20220313 000613.760 INFO             PET1 PIOc_sync Exit - MemInfo: [/proc/self/status]	VmSize:	  218972 kB
20220313 000613.760 INFO             PET1 PIOc_sync Exit - MemInfo: [/proc/self/status]	VmLck:	       0 kB
20220313 000613.760 INFO             PET1 PIOc_sync Exit - MemInfo: [/proc/self/status]	VmPin:	       0 kB
20220313 000613.760 INFO             PET1 PIOc_sync Exit - MemInfo: [/proc/self/status]	VmHWM:	   19820 kB
20220313 000613.760 INFO             PET1 PIOc_sync Exit - MemInfo: [/proc/self/status]	VmRSS:	   19804 kB
20220313 000613.760 INFO             PET1 PIOc_sync Exit - MemInfo: [/proc/self/status]	VmData:	   24512 kB
20220313 000613.760 INFO             PET1 PIOc_sync Exit - MemInfo: [/proc/self/status]	VmStk:	     508 kB
20220313 000613.760 INFO             PET1 PIOc_sync Exit - MemInfo: [/proc/self/status]	VmExe:	    1920 kB
20220313 000613.760 INFO             PET1 PIOc_sync Exit - MemInfo: [/proc/self/status]	VmLib:	   93984 kB
20220313 000613.760 INFO             PET1 PIOc_sync Exit - MemInfo: [/proc/self/status]	VmPTE:	     340 kB
20220313 000613.760 INFO             PET1 PIOc_sync Exit - MemInfo: [/proc/self/status]	VmPMD:	      12 kB
20220313 000613.760 INFO             PET1 PIOc_sync Exit - MemInfo: [/proc/self/status]	VmSwap:	       0 kB
20220313 000613.760 INFO             PET1 PIOc_sync Exit - MemInfo: [/proc/self/status]	VmRSSPercent: 0.0300717 %
20220313 000613.760 INFO             PET1 PIOc_sync Exit - MemInfo: [malloc] Non-mmapped space allocated:                  774144 Byte
20220313 000613.760 INFO             PET1 PIOc_sync Exit - MemInfo: [malloc] Space allocated in mmapped regions:          2887680 Byte
20220313 000613.760 INFO             PET1 PIOc_sync Exit - MemInfo: [malloc] Maximum total allocated space:                     0 Byte
20220313 000613.760 INFO             PET1 PIOc_sync Exit - MemInfo: [malloc] Space in freed fastbin blocks:                     0 Byte
20220313 000613.760 INFO             PET1 PIOc_sync Exit - MemInfo: [malloc] Total allocated space:                        660720 Byte
20220313 000613.760 INFO             PET1 PIOc_sync Exit - MemInfo: [malloc] Total free space:                             113424 Byte
20220313 000613.760 INFO             PET1 PIOc_sync Exit - MemInfo: [malloc] Top-most, releasable space:                   112592 Byte
20220313 000613.760 INFO             PET1 PIOc_sync Exit - MemInfo: [malloc] Total space in use, mmap + non-mmap:         3548400 Byte
20220313 000613.760 INFO             PET1 PIOc_sync Exit - MemInfo: [malloc] Total space held (mmap + non-mmap):          3661824 Byte
20220313 000613.760 INFO             PET1 PIOc_sync Exit - MemInfo: [malloc] Total space used (mmap + non-mmap):          3556608 Byte
20220313 000613.760 INFO             PET1 PIOc_sync Exit - MemInfo: Wall-clock time since execution start:               0.071553 seconds
20220313 000613.760 INFO             PET1 PIOc_freedecomp Enter - MemInfo: [/proc/meminfo - SSI]	MemTotal:       65855856 kB
20220313 000613.760 INFO             PET1 PIOc_freedecomp Enter - MemInfo: [/proc/meminfo - SSI]	MemFree:        61209596 kB
20220313 000613.760 INFO             PET1 PIOc_freedecomp Enter - MemInfo: [/proc/meminfo - SSI]	MemAvailable:   60992636 kB
20220313 000613.760 INFO             PET1 PIOc_freedecomp Enter - MemInfo: [/proc/meminfo - SSI]	Committed_AS:    2907468 kB
20220313 000613.760 INFO             PET1 PIOc_freedecomp Enter - MemInfo: [/proc/meminfo - SSI]	CommittedPercent: 4.4149 %
20220313 000613.760 INFO             PET1 PIOc_freedecomp Enter - MemInfo: [/proc/self/status]	VmPeak:	  218996 kB
20220313 000613.760 INFO             PET1 PIOc_freedecomp Enter - MemInfo: [/proc/self/status]	VmSize:	  218972 kB
20220313 000613.760 INFO             PET1 PIOc_freedecomp Enter - MemInfo: [/proc/self/status]	VmLck:	       0 kB
20220313 000613.760 INFO             PET1 PIOc_freedecomp Enter - MemInfo: [/proc/self/status]	VmPin:	       0 kB
20220313 000613.760 INFO             PET1 PIOc_freedecomp Enter - MemInfo: [/proc/self/status]	VmHWM:	   19820 kB
20220313 000613.760 INFO             PET1 PIOc_freedecomp Enter - MemInfo: [/proc/self/status]	VmRSS:	   19804 kB
20220313 000613.760 INFO             PET1 PIOc_freedecomp Enter - MemInfo: [/proc/self/status]	VmData:	   24512 kB
20220313 000613.760 INFO             PET1 PIOc_freedecomp Enter - MemInfo: [/proc/self/status]	VmStk:	     508 kB
20220313 000613.760 INFO             PET1 PIOc_freedecomp Enter - MemInfo: [/proc/self/status]	VmExe:	    1920 kB
20220313 000613.760 INFO             PET1 PIOc_freedecomp Enter - MemInfo: [/proc/self/status]	VmLib:	   93984 kB
20220313 000613.760 INFO             PET1 PIOc_freedecomp Enter - MemInfo: [/proc/self/status]	VmPTE:	     340 kB
20220313 000613.760 INFO             PET1 PIOc_freedecomp Enter - MemInfo: [/proc/self/status]	VmPMD:	      12 kB
20220313 000613.760 INFO             PET1 PIOc_freedecomp Enter - MemInfo: [/proc/self/status]	VmSwap:	       0 kB
20220313 000613.760 INFO             PET1 PIOc_freedecomp Enter - MemInfo: [/proc/self/status]	VmRSSPercent: 0.0300717 %
20220313 000613.760 INFO             PET1 PIOc_freedecomp Enter - MemInfo: [malloc] Non-mmapped space allocated:                  774144 Byte
20220313 000613.760 INFO             PET1 PIOc_freedecomp Enter - MemInfo: [malloc] Space allocated in mmapped regions:          2887680 Byte
20220313 000613.760 INFO             PET1 PIOc_freedecomp Enter - MemInfo: [malloc] Maximum total allocated space:                     0 Byte
20220313 000613.760 INFO             PET1 PIOc_freedecomp Enter - MemInfo: [malloc] Space in freed fastbin blocks:                     0 Byte
20220313 000613.760 INFO             PET1 PIOc_freedecomp Enter - MemInfo: [malloc] Total allocated space:                        660432 Byte
20220313 000613.760 INFO             PET1 PIOc_freedecomp Enter - MemInfo: [malloc] Total free space:                             113712 Byte
20220313 000613.760 INFO             PET1 PIOc_freedecomp Enter - MemInfo: [malloc] Top-most, releasable space:                   112368 Byte
20220313 000613.760 INFO             PET1 PIOc_freedecomp Enter - MemInfo: [malloc] Total space in use, mmap + non-mmap:         3548112 Byte
20220313 000613.760 INFO             PET1 PIOc_freedecomp Enter - MemInfo: [malloc] Total space held (mmap + non-mmap):          3661824 Byte
20220313 000613.760 INFO             PET1 PIOc_freedecomp Enter - MemInfo: [malloc] Total space used (mmap + non-mmap):          3556320 Byte
20220313 000613.760 INFO             PET1 PIOc_freedecomp Enter - MemInfo: Wall-clock time since execution start:               0.072001 seconds
20220313 000613.760 INFO             PET1 PIOc_freedecomp Exit - MemInfo: [/proc/meminfo - SSI]	MemTotal:       65855856 kB
20220313 000613.760 INFO             PET1 PIOc_freedecomp Exit - MemInfo: [/proc/meminfo - SSI]	MemFree:        61209596 kB
20220313 000613.760 INFO             PET1 PIOc_freedecomp Exit - MemInfo: [/proc/meminfo - SSI]	MemAvailable:   60992636 kB
20220313 000613.760 INFO             PET1 PIOc_freedecomp Exit - MemInfo: [/proc/meminfo - SSI]	Committed_AS:    2907468 kB
20220313 000613.760 INFO             PET1 PIOc_freedecomp Exit - MemInfo: [/proc/meminfo - SSI]	CommittedPercent: 4.4149 %
20220313 000613.760 INFO             PET1 PIOc_freedecomp Exit - MemInfo: [/proc/self/status]	VmPeak:	  218996 kB
20220313 000613.760 INFO             PET1 PIOc_freedecomp Exit - MemInfo: [/proc/self/status]	VmSize:	  218972 kB
20220313 000613.760 INFO             PET1 PIOc_freedecomp Exit - MemInfo: [/proc/self/status]	VmLck:	       0 kB
20220313 000613.760 INFO             PET1 PIOc_freedecomp Exit - MemInfo: [/proc/self/status]	VmPin:	       0 kB
20220313 000613.760 INFO             PET1 PIOc_freedecomp Exit - MemInfo: [/proc/self/status]	VmHWM:	   19820 kB
20220313 000613.760 INFO             PET1 PIOc_freedecomp Exit - MemInfo: [/proc/self/status]	VmRSS:	   19804 kB
20220313 000613.760 INFO             PET1 PIOc_freedecomp Exit - MemInfo: [/proc/self/status]	VmData:	   24512 kB
20220313 000613.760 INFO             PET1 PIOc_freedecomp Exit - MemInfo: [/proc/self/status]	VmStk:	     508 kB
20220313 000613.761 INFO             PET1 PIOc_freedecomp Exit - MemInfo: [/proc/self/status]	VmExe:	    1920 kB
20220313 000613.761 INFO             PET1 PIOc_freedecomp Exit - MemInfo: [/proc/self/status]	VmLib:	   93984 kB
20220313 000613.761 INFO             PET1 PIOc_freedecomp Exit - MemInfo: [/proc/self/status]	VmPTE:	     340 kB
20220313 000613.761 INFO             PET1 PIOc_freedecomp Exit - MemInfo: [/proc/self/status]	VmPMD:	      12 kB
20220313 000613.761 INFO             PET1 PIOc_freedecomp Exit - MemInfo: [/proc/self/status]	VmSwap:	       0 kB
20220313 000613.761 INFO             PET1 PIOc_freedecomp Exit - MemInfo: [/proc/self/status]	VmRSSPercent: 0.0300717 %
20220313 000613.761 INFO             PET1 PIOc_freedecomp Exit - MemInfo: [malloc] Non-mmapped space allocated:                  774144 Byte
20220313 000613.761 INFO             PET1 PIOc_freedecomp Exit - MemInfo: [malloc] Space allocated in mmapped regions:          2887680 Byte
20220313 000613.761 INFO             PET1 PIOc_freedecomp Exit - MemInfo: [malloc] Maximum total allocated space:                     0 Byte
20220313 000613.761 INFO             PET1 PIOc_freedecomp Exit - MemInfo: [malloc] Space in freed fastbin blocks:                   480 Byte
20220313 000613.761 INFO             PET1 PIOc_freedecomp Exit - MemInfo: [malloc] Total allocated space:                        659952 Byte
20220313 000613.761 INFO             PET1 PIOc_freedecomp Exit - MemInfo: [malloc] Total free space:                             114192 Byte
20220313 000613.761 INFO             PET1 PIOc_freedecomp Exit - MemInfo: [malloc] Top-most, releasable space:                   112144 Byte
20220313 000613.761 INFO             PET1 PIOc_freedecomp Exit - MemInfo: [malloc] Total space in use, mmap + non-mmap:         3547632 Byte
20220313 000613.761 INFO             PET1 PIOc_freedecomp Exit - MemInfo: [malloc] Total space held (mmap + non-mmap):          3661824 Byte
20220313 000613.761 INFO             PET1 PIOc_freedecomp Exit - MemInfo: [malloc] Total space used (mmap + non-mmap):          3555840 Byte
20220313 000613.761 INFO             PET1 PIOc_freedecomp Exit - MemInfo: Wall-clock time since execution start:              0.0723841 seconds
20220313 000613.761 INFO             PET1  PASS  ESMF_OutputWeightFile, ESMF_IOUTest.F90, line 81
20220313 000613.787 INFO             PET1  PASS  call ESMF_OutputWeightFile with empty factor list on four PETs, ESMF_IOUTest.F90, line 191
20220313 000613.787 INFO             PET1  Ending Test, file ESMF_IOUTest.F90, line 201
20220313 000613.787 INFO             PET1 Finalizing ESMF
20220313 000613.702 INFO             PET2 !!!!!!!!!!!!!!!!!!!!!!!!!!!!!!!!!!!!!!!!!!!!!!!!!!!!!!
20220313 000613.702 INFO             PET2 !!! THE ESMF_LOG IS SET TO OUTPUT ALL LOG MESSAGES !!!
20220313 000613.702 INFO             PET2 !!!     THIS MAY CAUSE SLOWDOWN IN PERFORMANCE     !!!
20220313 000613.702 INFO             PET2 !!! FOR PRODUCTION RUNS, USE:                      !!!
20220313 000613.702 INFO             PET2 !!!                   ESMF_LOGKIND_Multi_On_Error  !!!
20220313 000613.702 INFO             PET2 !!!!!!!!!!!!!!!!!!!!!!!!!!!!!!!!!!!!!!!!!!!!!!!!!!!!!!
20220313 000613.702 INFO             PET2 Running with ESMF Version   : v8.3.0b09-96-g559b459836
20220313 000613.702 INFO             PET2 ESMF library build date/time: "Mar 12 2022" "23:42:39"
20220313 000613.702 INFO             PET2 ESMF library build location : /lustre/f2/dev/ncep/Mark.Potts/intel_2019.5_mpi_O_jedwards_pio_update2
20220313 000613.702 INFO             PET2 ESMF_COMM                   : mpi
20220313 000613.703 INFO             PET2 ESMF_MOAB                   : enabled
20220313 000613.703 INFO             PET2 ESMF_LAPACK                 : enabled
20220313 000613.703 INFO             PET2 ESMF_NETCDF                 : enabled
20220313 000613.703 INFO             PET2 ESMF_PNETCDF                : disabled
20220313 000613.703 INFO             PET2 ESMF_PIO                    : enabled
20220313 000613.703 INFO             PET2 ESMF_YAMLCPP                : enabled
20220313 000613.722 INFO             PET2  Beginning Test, file ESMF_IOUTest.F90, line 57
20220313 000613.722 INFO             PET2  NUMBER_OF_PROCESSORS           4
20220313 000613.722 INFO             PET2 Starting Test:  ESMF_OutputWeightFile
20220313 000613.750 INFO             PET2 PIOc_sync Enter - MemInfo: [/proc/meminfo - SSI]	MemTotal:       65855856 kB
20220313 000613.751 INFO             PET2 PIOc_sync Enter - MemInfo: [/proc/meminfo - SSI]	MemFree:        61206572 kB
20220313 000613.751 INFO             PET2 PIOc_sync Enter - MemInfo: [/proc/meminfo - SSI]	MemAvailable:   60989612 kB
20220313 000613.751 INFO             PET2 PIOc_sync Enter - MemInfo: [/proc/meminfo - SSI]	Committed_AS:    2907064 kB
20220313 000613.751 INFO             PET2 PIOc_sync Enter - MemInfo: [/proc/meminfo - SSI]	CommittedPercent: 4.41428 %
20220313 000613.751 INFO             PET2 PIOc_sync Enter - MemInfo: [/proc/self/status]	VmPeak:	  218996 kB
20220313 000613.751 INFO             PET2 PIOc_sync Enter - MemInfo: [/proc/self/status]	VmSize:	  218996 kB
20220313 000613.751 INFO             PET2 PIOc_sync Enter - MemInfo: [/proc/self/status]	VmLck:	       0 kB
20220313 000613.751 INFO             PET2 PIOc_sync Enter - MemInfo: [/proc/self/status]	VmPin:	       0 kB
20220313 000613.751 INFO             PET2 PIOc_sync Enter - MemInfo: [/proc/self/status]	VmHWM:	   19496 kB
20220313 000613.751 INFO             PET2 PIOc_sync Enter - MemInfo: [/proc/self/status]	VmRSS:	   19496 kB
20220313 000613.751 INFO             PET2 PIOc_sync Enter - MemInfo: [/proc/self/status]	VmData:	   24512 kB
20220313 000613.751 INFO             PET2 PIOc_sync Enter - MemInfo: [/proc/self/status]	VmStk:	     508 kB
20220313 000613.751 INFO             PET2 PIOc_sync Enter - MemInfo: [/proc/self/status]	VmExe:	    1920 kB
20220313 000613.751 INFO             PET2 PIOc_sync Enter - MemInfo: [/proc/self/status]	VmLib:	   93984 kB
20220313 000613.751 INFO             PET2 PIOc_sync Enter - MemInfo: [/proc/self/status]	VmPTE:	     336 kB
20220313 000613.751 INFO             PET2 PIOc_sync Enter - MemInfo: [/proc/self/status]	VmPMD:	      12 kB
20220313 000613.751 INFO             PET2 PIOc_sync Enter - MemInfo: [/proc/self/status]	VmSwap:	       0 kB
20220313 000613.751 INFO             PET2 PIOc_sync Enter - MemInfo: [/proc/self/status]	VmRSSPercent: 0.029604 %
20220313 000613.751 INFO             PET2 PIOc_sync Enter - MemInfo: [malloc] Non-mmapped space allocated:                  774144 Byte
20220313 000613.751 INFO             PET2 PIOc_sync Enter - MemInfo: [malloc] Space allocated in mmapped regions:          2887680 Byte
20220313 000613.751 INFO             PET2 PIOc_sync Enter - MemInfo: [malloc] Maximum total allocated space:                     0 Byte
20220313 000613.751 INFO             PET2 PIOc_sync Enter - MemInfo: [malloc] Space in freed fastbin blocks:                     0 Byte
20220313 000613.751 INFO             PET2 PIOc_sync Enter - MemInfo: [malloc] Total allocated space:                        653904 Byte
20220313 000613.751 INFO             PET2 PIOc_sync Enter - MemInfo: [malloc] Total free space:                             120240 Byte
20220313 000613.751 INFO             PET2 PIOc_sync Enter - MemInfo: [malloc] Top-most, releasable space:                   120240 Byte
20220313 000613.751 INFO             PET2 PIOc_sync Enter - MemInfo: [malloc] Total space in use, mmap + non-mmap:         3541584 Byte
20220313 000613.751 INFO             PET2 PIOc_sync Enter - MemInfo: [malloc] Total space held (mmap + non-mmap):          3661824 Byte
20220313 000613.751 INFO             PET2 PIOc_sync Enter - MemInfo: [malloc] Total space used (mmap + non-mmap):          3551200 Byte
20220313 000613.751 INFO             PET2 PIOc_sync Enter - MemInfo: Wall-clock time since execution start:               0.062561 seconds
20220313 000613.751 INFO             PET2 PIOc_sync Exit - MemInfo: [/proc/meminfo - SSI]	MemTotal:       65855856 kB
20220313 000613.751 INFO             PET2 PIOc_sync Exit - MemInfo: [/proc/meminfo - SSI]	MemFree:        61206068 kB
20220313 000613.751 INFO             PET2 PIOc_sync Exit - MemInfo: [/proc/meminfo - SSI]	MemAvailable:   60989108 kB
20220313 000613.751 INFO             PET2 PIOc_sync Exit - MemInfo: [/proc/meminfo - SSI]	Committed_AS:    2907064 kB
20220313 000613.751 INFO             PET2 PIOc_sync Exit - MemInfo: [/proc/meminfo - SSI]	CommittedPercent: 4.41428 %
20220313 000613.751 INFO             PET2 PIOc_sync Exit - MemInfo: [/proc/self/status]	VmPeak:	  218996 kB
20220313 000613.751 INFO             PET2 PIOc_sync Exit - MemInfo: [/proc/self/status]	VmSize:	  218996 kB
20220313 000613.751 INFO             PET2 PIOc_sync Exit - MemInfo: [/proc/self/status]	VmLck:	       0 kB
20220313 000613.751 INFO             PET2 PIOc_sync Exit - MemInfo: [/proc/self/status]	VmPin:	       0 kB
20220313 000613.751 INFO             PET2 PIOc_sync Exit - MemInfo: [/proc/self/status]	VmHWM:	   19716 kB
20220313 000613.751 INFO             PET2 PIOc_sync Exit - MemInfo: [/proc/self/status]	VmRSS:	   19716 kB
20220313 000613.751 INFO             PET2 PIOc_sync Exit - MemInfo: [/proc/self/status]	VmData:	   24512 kB
20220313 000613.751 INFO             PET2 PIOc_sync Exit - MemInfo: [/proc/self/status]	VmStk:	     508 kB
20220313 000613.751 INFO             PET2 PIOc_sync Exit - MemInfo: [/proc/self/status]	VmExe:	    1920 kB
20220313 000613.751 INFO             PET2 PIOc_sync Exit - MemInfo: [/proc/self/status]	VmLib:	   93984 kB
20220313 000613.751 INFO             PET2 PIOc_sync Exit - MemInfo: [/proc/self/status]	VmPTE:	     336 kB
