build time -- 2022-03-11 23:42:24
20220312 000226.609 INFO             PET0 !!!!!!!!!!!!!!!!!!!!!!!!!!!!!!!!!!!!!!!!!!!!!!!!!!!!!!
20220312 000226.609 INFO             PET0 !!! THE ESMF_LOG IS SET TO OUTPUT ALL LOG MESSAGES !!!
20220312 000226.609 INFO             PET0 !!!     THIS MAY CAUSE SLOWDOWN IN PERFORMANCE     !!!
20220312 000226.609 INFO             PET0 !!! FOR PRODUCTION RUNS, USE:                      !!!
20220312 000226.609 INFO             PET0 !!!                   ESMF_LOGKIND_Multi_On_Error  !!!
20220312 000226.609 INFO             PET0 !!!!!!!!!!!!!!!!!!!!!!!!!!!!!!!!!!!!!!!!!!!!!!!!!!!!!!
20220312 000226.609 INFO             PET0 Running with ESMF Version   : v8.3.0b09-96-g559b459836
20220312 000226.609 INFO             PET0 ESMF library build date/time: "Mar 11 2022" "23:40:33"
20220312 000226.609 INFO             PET0 ESMF library build location : /lustre/f2/dev/ncep/Mark.Potts/intel_2019.5_mpi_O_jedwards_pio_update2
20220312 000226.610 INFO             PET0 ESMF_COMM                   : mpi
20220312 000226.610 INFO             PET0 ESMF_MOAB                   : enabled
20220312 000226.610 INFO             PET0 ESMF_LAPACK                 : enabled
20220312 000226.610 INFO             PET0 ESMF_NETCDF                 : enabled
20220312 000226.610 INFO             PET0 ESMF_PNETCDF                : disabled
20220312 000226.610 INFO             PET0 ESMF_PIO                    : enabled
20220312 000226.610 INFO             PET0 ESMF_YAMLCPP                : enabled
20220312 000226.633 INFO             PET0  Beginning Test, file ESMF_ArrayBundleIOUTest.F90, line 70
20220312 000226.633 INFO             PET0  NUMBER_OF_PROCESSORS           4
20220312 000226.634 INFO             PET0  PASS  ArrayCreate Allocate 2D ESMF_TYPEKIND_R8 Test, ESMF_ArrayBundleIOUTest.F90, line 109
20220312 000226.634 INFO             PET0  PASS  Obtain real Fortran Array Pointer for array 1, ESMF_ArrayBundleIOUTest.F90, line 117
20220312 000226.634 INFO             PET0  PASS  ArrayCreate Allocate 2D ESMF_TYPEKIND_I4 Test, ESMF_ArrayBundleIOUTest.F90, line 125
20220312 000226.635 INFO             PET0  PASS  Obtain integer Fortran Array Pointer for array 2, ESMF_ArrayBundleIOUTest.F90, line 133
20220312 000226.635 INFO             PET0  PASS  ArrayCreate Allocate 3D ESMF_TYPEKIND_I4 Test, ESMF_ArrayBundleIOUTest.F90, line 141
20220312 000226.635 INFO             PET0  PASS  Obtain Integer Fortran Array Pointer for array 2, ESMF_ArrayBundleIOUTest.F90, line 149
20220312 000226.635 INFO             PET0  PASS  ArrayBundleCreate Test, ESMF_ArrayBundleIOUTest.F90, line 158
20220312 000226.649 INFO             PET0 PIOc_sync Enter - MemInfo: [/proc/meminfo - SSI]	MemTotal:       65855856 kB
20220312 000226.649 INFO             PET0 PIOc_sync Enter - MemInfo: [/proc/meminfo - SSI]	MemFree:        61163392 kB
20220312 000226.649 INFO             PET0 PIOc_sync Enter - MemInfo: [/proc/meminfo - SSI]	MemAvailable:   60951664 kB
20220312 000226.649 INFO             PET0 PIOc_sync Enter - MemInfo: [/proc/meminfo - SSI]	Committed_AS:    2907156 kB
20220312 000226.649 INFO             PET0 PIOc_sync Enter - MemInfo: [/proc/meminfo - SSI]	CommittedPercent: 4.41442 %
20220312 000226.649 INFO             PET0 PIOc_sync Enter - MemInfo: [/proc/self/status]	VmPeak:	  228004 kB
20220312 000226.649 INFO             PET0 PIOc_sync Enter - MemInfo: [/proc/self/status]	VmSize:	  228004 kB
20220312 000226.649 INFO             PET0 PIOc_sync Enter - MemInfo: [/proc/self/status]	VmLck:	       0 kB
20220312 000226.649 INFO             PET0 PIOc_sync Enter - MemInfo: [/proc/self/status]	VmPin:	       0 kB
20220312 000226.649 INFO             PET0 PIOc_sync Enter - MemInfo: [/proc/self/status]	VmHWM:	   28940 kB
20220312 000226.649 INFO             PET0 PIOc_sync Enter - MemInfo: [/proc/self/status]	VmRSS:	   28940 kB
20220312 000226.649 INFO             PET0 PIOc_sync Enter - MemInfo: [/proc/self/status]	VmData:	   33496 kB
20220312 000226.649 INFO             PET0 PIOc_sync Enter - MemInfo: [/proc/self/status]	VmStk:	     508 kB
20220312 000226.649 INFO             PET0 PIOc_sync Enter - MemInfo: [/proc/self/status]	VmExe:	    1944 kB
20220312 000226.649 INFO             PET0 PIOc_sync Enter - MemInfo: [/proc/self/status]	VmLib:	   93984 kB
20220312 000226.649 INFO             PET0 PIOc_sync Enter - MemInfo: [/proc/self/status]	VmPTE:	     348 kB
20220312 000226.649 INFO             PET0 PIOc_sync Enter - MemInfo: [/proc/self/status]	VmPMD:	      12 kB
20220312 000226.649 INFO             PET0 PIOc_sync Enter - MemInfo: [/proc/self/status]	VmSwap:	       0 kB
20220312 000226.649 INFO             PET0 PIOc_sync Enter - MemInfo: [/proc/self/status]	VmRSSPercent: 0.0439445 %
20220312 000226.649 INFO             PET0 PIOc_sync Enter - MemInfo: [malloc] Non-mmapped space allocated:                 1048576 Byte
20220312 000226.649 INFO             PET0 PIOc_sync Enter - MemInfo: [malloc] Space allocated in mmapped regions:         11808768 Byte
20220312 000226.649 INFO             PET0 PIOc_sync Enter - MemInfo: [malloc] Maximum total allocated space:                     0 Byte
20220312 000226.649 INFO             PET0 PIOc_sync Enter - MemInfo: [malloc] Space in freed fastbin blocks:                     0 Byte
20220312 000226.649 INFO             PET0 PIOc_sync Enter - MemInfo: [malloc] Total allocated space:                        961792 Byte
20220312 000226.649 INFO             PET0 PIOc_sync Enter - MemInfo: [malloc] Total free space:                              86784 Byte
20220312 000226.649 INFO             PET0 PIOc_sync Enter - MemInfo: [malloc] Top-most, releasable space:                    82560 Byte
20220312 000226.649 INFO             PET0 PIOc_sync Enter - MemInfo: [malloc] Total space in use, mmap + non-mmap:        12770560 Byte
20220312 000226.649 INFO             PET0 PIOc_sync Enter - MemInfo: [malloc] Total space held (mmap + non-mmap):         12857344 Byte
20220312 000226.649 INFO             PET0 PIOc_sync Enter - MemInfo: [malloc] Total space used (mmap + non-mmap):         12779648 Byte
20220312 000226.649 INFO             PET0 PIOc_sync Enter - MemInfo: Wall-clock time since execution start:              0.0508649 seconds
20220312 000226.650 INFO             PET0 PIOc_sync Exit - MemInfo: [/proc/meminfo - SSI]	MemTotal:       65855856 kB
20220312 000226.650 INFO             PET0 PIOc_sync Exit - MemInfo: [/proc/meminfo - SSI]	MemFree:        61161880 kB
20220312 000226.650 INFO             PET0 PIOc_sync Exit - MemInfo: [/proc/meminfo - SSI]	MemAvailable:   60950152 kB
20220312 000226.650 INFO             PET0 PIOc_sync Exit - MemInfo: [/proc/meminfo - SSI]	Committed_AS:    2907156 kB
20220312 000226.650 INFO             PET0 PIOc_sync Exit - MemInfo: [/proc/meminfo - SSI]	CommittedPercent: 4.41442 %
20220312 000226.650 INFO             PET0 PIOc_sync Exit - MemInfo: [/proc/self/status]	VmPeak:	  228460 kB
20220312 000226.650 INFO             PET0 PIOc_sync Exit - MemInfo: [/proc/self/status]	VmSize:	  228460 kB
20220312 000226.650 INFO             PET0 PIOc_sync Exit - MemInfo: [/proc/self/status]	VmLck:	       0 kB
20220312 000226.650 INFO             PET0 PIOc_sync Exit - MemInfo: [/proc/self/status]	VmPin:	       0 kB
20220312 000226.650 INFO             PET0 PIOc_sync Exit - MemInfo: [/proc/self/status]	VmHWM:	   29716 kB
20220312 000226.650 INFO             PET0 PIOc_sync Exit - MemInfo: [/proc/self/status]	VmRSS:	   29716 kB
20220312 000226.650 INFO             PET0 PIOc_sync Exit - MemInfo: [/proc/self/status]	VmData:	   33952 kB
20220312 000226.650 INFO             PET0 PIOc_sync Exit - MemInfo: [/proc/self/status]	VmStk:	     508 kB
20220312 000226.650 INFO             PET0 PIOc_sync Exit - MemInfo: [/proc/self/status]	VmExe:	    1944 kB
20220312 000226.650 INFO             PET0 PIOc_sync Exit - MemInfo: [/proc/self/status]	VmLib:	   93984 kB
20220312 000226.650 INFO             PET0 PIOc_sync Exit - MemInfo: [/proc/self/status]	VmPTE:	     356 kB
20220312 000226.650 INFO             PET0 PIOc_sync Exit - MemInfo: [/proc/self/status]	VmPMD:	      12 kB
20220312 000226.650 INFO             PET0 PIOc_sync Exit - MemInfo: [/proc/self/status]	VmSwap:	       0 kB
20220312 000226.650 INFO             PET0 PIOc_sync Exit - MemInfo: [/proc/self/status]	VmRSSPercent: 0.0451228 %
20220312 000226.650 INFO             PET0 PIOc_sync Exit - MemInfo: [malloc] Non-mmapped space allocated:                 1183744 Byte
20220312 000226.650 INFO             PET0 PIOc_sync Exit - MemInfo: [malloc] Space allocated in mmapped regions:         12140544 Byte
20220312 000226.650 INFO             PET0 PIOc_sync Exit - MemInfo: [malloc] Maximum total allocated space:                     0 Byte
20220312 000226.650 INFO             PET0 PIOc_sync Exit - MemInfo: [malloc] Space in freed fastbin blocks:                     0 Byte
20220312 000226.650 INFO             PET0 PIOc_sync Exit - MemInfo: [malloc] Total allocated space:                       1074496 Byte
20220312 000226.650 INFO             PET0 PIOc_sync Exit - MemInfo: [malloc] Total free space:                             109248 Byte
20220312 000226.650 INFO             PET0 PIOc_sync Exit - MemInfo: [malloc] Top-most, releasable space:                    94496 Byte
20220312 000226.650 INFO             PET0 PIOc_sync Exit - MemInfo: [malloc] Total space in use, mmap + non-mmap:        13215040 Byte
20220312 000226.650 INFO             PET0 PIOc_sync Exit - MemInfo: [malloc] Total space held (mmap + non-mmap):         13324288 Byte
20220312 000226.650 INFO             PET0 PIOc_sync Exit - MemInfo: [malloc] Total space used (mmap + non-mmap):         13223584 Byte
20220312 000226.650 INFO             PET0 PIOc_sync Exit - MemInfo: Wall-clock time since execution start:               0.051729 seconds
20220312 000226.651 INFO             PET0 PIOc_freedecomp Enter - MemInfo: [/proc/meminfo - SSI]	MemTotal:       65855856 kB
20220312 000226.651 INFO             PET0 PIOc_freedecomp Enter - MemInfo: [/proc/meminfo - SSI]	MemFree:        61168432 kB
20220312 000226.651 INFO             PET0 PIOc_freedecomp Enter - MemInfo: [/proc/meminfo - SSI]	MemAvailable:   60956704 kB
20220312 000226.651 INFO             PET0 PIOc_freedecomp Enter - MemInfo: [/proc/meminfo - SSI]	Committed_AS:    2899420 kB
20220312 000226.651 INFO             PET0 PIOc_freedecomp Enter - MemInfo: [/proc/meminfo - SSI]	CommittedPercent: 4.40268 %
20220312 000226.651 INFO             PET0 PIOc_freedecomp Enter - MemInfo: [/proc/self/status]	VmPeak:	  228460 kB
20220312 000226.651 INFO             PET0 PIOc_freedecomp Enter - MemInfo: [/proc/self/status]	VmSize:	  219748 kB
20220312 000226.651 INFO             PET0 PIOc_freedecomp Enter - MemInfo: [/proc/self/status]	VmLck:	       0 kB
20220312 000226.651 INFO             PET0 PIOc_freedecomp Enter - MemInfo: [/proc/self/status]	VmPin:	       0 kB
20220312 000226.651 INFO             PET0 PIOc_freedecomp Enter - MemInfo: [/proc/self/status]	VmHWM:	   29716 kB
20220312 000226.651 INFO             PET0 PIOc_freedecomp Enter - MemInfo: [/proc/self/status]	VmRSS:	   21524 kB
20220312 000226.651 INFO             PET0 PIOc_freedecomp Enter - MemInfo: [/proc/self/status]	VmData:	   25240 kB
20220312 000226.651 INFO             PET0 PIOc_freedecomp Enter - MemInfo: [/proc/self/status]	VmStk:	     508 kB
20220312 000226.651 INFO             PET0 PIOc_freedecomp Enter - MemInfo: [/proc/self/status]	VmExe:	    1944 kB
20220312 000226.651 INFO             PET0 PIOc_freedecomp Enter - MemInfo: [/proc/self/status]	VmLib:	   93984 kB
20220312 000226.651 INFO             PET0 PIOc_freedecomp Enter - MemInfo: [/proc/self/status]	VmPTE:	     344 kB
20220312 000226.651 INFO             PET0 PIOc_freedecomp Enter - MemInfo: [/proc/self/status]	VmPMD:	      12 kB
20220312 000226.651 INFO             PET0 PIOc_freedecomp Enter - MemInfo: [/proc/self/status]	VmSwap:	       0 kB
20220312 000226.651 INFO             PET0 PIOc_freedecomp Enter - MemInfo: [/proc/self/status]	VmRSSPercent: 0.0326835 %
20220312 000226.651 INFO             PET0 PIOc_freedecomp Enter - MemInfo: [malloc] Non-mmapped space allocated:                 1183744 Byte
20220312 000226.651 INFO             PET0 PIOc_freedecomp Enter - MemInfo: [malloc] Space allocated in mmapped regions:          3219456 Byte
20220312 000226.651 INFO             PET0 PIOc_freedecomp Enter - MemInfo: [malloc] Maximum total allocated space:                     0 Byte
20220312 000226.651 INFO             PET0 PIOc_freedecomp Enter - MemInfo: [malloc] Space in freed fastbin blocks:                  1360 Byte
20220312 000226.651 INFO             PET0 PIOc_freedecomp Enter - MemInfo: [malloc] Total allocated space:                       1063312 Byte
20220312 000226.651 INFO             PET0 PIOc_freedecomp Enter - MemInfo: [malloc] Total free space:                             120432 Byte
20220312 000226.651 INFO             PET0 PIOc_freedecomp Enter - MemInfo: [malloc] Top-most, releasable space:                    94496 Byte
20220312 000226.651 INFO             PET0 PIOc_freedecomp Enter - MemInfo: [malloc] Total space in use, mmap + non-mmap:         4282768 Byte
20220312 000226.651 INFO             PET0 PIOc_freedecomp Enter - MemInfo: [malloc] Total space held (mmap + non-mmap):          4403200 Byte
20220312 000226.651 INFO             PET0 PIOc_freedecomp Enter - MemInfo: [malloc] Total space used (mmap + non-mmap):          4290976 Byte
20220312 000226.651 INFO             PET0 PIOc_freedecomp Enter - MemInfo: Wall-clock time since execution start:              0.0524659 seconds
20220312 000226.651 INFO             PET0 PIOc_freedecomp Exit - MemInfo: [/proc/meminfo - SSI]	MemTotal:       65855856 kB
20220312 000226.651 INFO             PET0 PIOc_freedecomp Exit - MemInfo: [/proc/meminfo - SSI]	MemFree:        61168432 kB
20220312 000226.651 INFO             PET0 PIOc_freedecomp Exit - MemInfo: [/proc/meminfo - SSI]	MemAvailable:   60956704 kB
20220312 000226.651 INFO             PET0 PIOc_freedecomp Exit - MemInfo: [/proc/meminfo - SSI]	Committed_AS:    2899420 kB
20220312 000226.651 INFO             PET0 PIOc_freedecomp Exit - MemInfo: [/proc/meminfo - SSI]	CommittedPercent: 4.40268 %
20220312 000226.651 INFO             PET0 PIOc_freedecomp Exit - MemInfo: [/proc/self/status]	VmPeak:	  228460 kB
20220312 000226.651 INFO             PET0 PIOc_freedecomp Exit - MemInfo: [/proc/self/status]	VmSize:	  219748 kB
20220312 000226.651 INFO             PET0 PIOc_freedecomp Exit - MemInfo: [/proc/self/status]	VmLck:	       0 kB
20220312 000226.651 INFO             PET0 PIOc_freedecomp Exit - MemInfo: [/proc/self/status]	VmPin:	       0 kB
20220312 000226.651 INFO             PET0 PIOc_freedecomp Exit - MemInfo: [/proc/self/status]	VmHWM:	   29716 kB
20220312 000226.651 INFO             PET0 PIOc_freedecomp Exit - MemInfo: [/proc/self/status]	VmRSS:	   21524 kB
20220312 000226.651 INFO             PET0 PIOc_freedecomp Exit - MemInfo: [/proc/self/status]	VmData:	   25240 kB
20220312 000226.651 INFO             PET0 PIOc_freedecomp Exit - MemInfo: [/proc/self/status]	VmStk:	     508 kB
20220312 000226.651 INFO             PET0 PIOc_freedecomp Exit - MemInfo: [/proc/self/status]	VmExe:	    1944 kB
20220312 000226.651 INFO             PET0 PIOc_freedecomp Exit - MemInfo: [/proc/self/status]	VmLib:	   93984 kB
20220312 000226.651 INFO             PET0 PIOc_freedecomp Exit - MemInfo: [/proc/self/status]	VmPTE:	     344 kB
20220312 000226.651 INFO             PET0 PIOc_freedecomp Exit - MemInfo: [/proc/self/status]	VmPMD:	      12 kB
20220312 000226.651 INFO             PET0 PIOc_freedecomp Exit - MemInfo: [/proc/self/status]	VmSwap:	       0 kB
20220312 000226.651 INFO             PET0 PIOc_freedecomp Exit - MemInfo: [/proc/self/status]	VmRSSPercent: 0.0326835 %
20220312 000226.651 INFO             PET0 PIOc_freedecomp Exit - MemInfo: [malloc] Non-mmapped space allocated:                 1183744 Byte
20220312 000226.651 INFO             PET0 PIOc_freedecomp Exit - MemInfo: [malloc] Space allocated in mmapped regions:          3219456 Byte
20220312 000226.651 INFO             PET0 PIOc_freedecomp Exit - MemInfo: [malloc] Maximum total allocated space:                     0 Byte
20220312 000226.651 INFO             PET0 PIOc_freedecomp Exit - MemInfo: [malloc] Space in freed fastbin blocks:                   384 Byte
20220312 000226.651 INFO             PET0 PIOc_freedecomp Exit - MemInfo: [malloc] Total allocated space:                       1029984 Byte
20220312 000226.651 INFO             PET0 PIOc_freedecomp Exit - MemInfo: [malloc] Total free space:                             153760 Byte
20220312 000226.651 INFO             PET0 PIOc_freedecomp Exit - MemInfo: [malloc] Top-most, releasable space:                    98368 Byte
20220312 000226.651 INFO             PET0 PIOc_freedecomp Exit - MemInfo: [malloc] Total space in use, mmap + non-mmap:         4249440 Byte
20220312 000226.651 INFO             PET0 PIOc_freedecomp Exit - MemInfo: [malloc] Total space held (mmap + non-mmap):          4403200 Byte
20220312 000226.651 INFO             PET0 PIOc_freedecomp Exit - MemInfo: [malloc] Total space used (mmap + non-mmap):          4257872 Byte
20220312 000226.651 INFO             PET0 PIOc_freedecomp Exit - MemInfo: Wall-clock time since execution start:              0.0527689 seconds
20220312 000226.651 INFO             PET0 PIOc_freedecomp Enter - MemInfo: [/proc/meminfo - SSI]	MemTotal:       65855856 kB
20220312 000226.651 INFO             PET0 PIOc_freedecomp Enter - MemInfo: [/proc/meminfo - SSI]	MemFree:        61168432 kB
20220312 000226.651 INFO             PET0 PIOc_freedecomp Enter - MemInfo: [/proc/meminfo - SSI]	MemAvailable:   60956704 kB
20220312 000226.651 INFO             PET0 PIOc_freedecomp Enter - MemInfo: [/proc/meminfo - SSI]	Committed_AS:    2899420 kB
20220312 000226.651 INFO             PET0 PIOc_freedecomp Enter - MemInfo: [/proc/meminfo - SSI]	CommittedPercent: 4.40268 %
20220312 000226.651 INFO             PET0 PIOc_freedecomp Enter - MemInfo: [/proc/self/status]	VmPeak:	  228460 kB
20220312 000226.651 INFO             PET0 PIOc_freedecomp Enter - MemInfo: [/proc/self/status]	VmSize:	  219748 kB
20220312 000226.651 INFO             PET0 PIOc_freedecomp Enter - MemInfo: [/proc/self/status]	VmLck:	       0 kB
20220312 000226.651 INFO             PET0 PIOc_freedecomp Enter - MemInfo: [/proc/self/status]	VmPin:	       0 kB
20220312 000226.651 INFO             PET0 PIOc_freedecomp Enter - MemInfo: [/proc/self/status]	VmHWM:	   29716 kB
20220312 000226.651 INFO             PET0 PIOc_freedecomp Enter - MemInfo: [/proc/self/status]	VmRSS:	   21524 kB
20220312 000226.651 INFO             PET0 PIOc_freedecomp Enter - MemInfo: [/proc/self/status]	VmData:	   25240 kB
20220312 000226.651 INFO             PET0 PIOc_freedecomp Enter - MemInfo: [/proc/self/status]	VmStk:	     508 kB
20220312 000226.651 INFO             PET0 PIOc_freedecomp Enter - MemInfo: [/proc/self/status]	VmExe:	    1944 kB
20220312 000226.651 INFO             PET0 PIOc_freedecomp Enter - MemInfo: [/proc/self/status]	VmLib:	   93984 kB
20220312 000226.651 INFO             PET0 PIOc_freedecomp Enter - MemInfo: [/proc/self/status]	VmPTE:	     344 kB
20220312 000226.651 INFO             PET0 PIOc_freedecomp Enter - MemInfo: [/proc/self/status]	VmPMD:	      12 kB
20220312 000226.651 INFO             PET0 PIOc_freedecomp Enter - MemInfo: [/proc/self/status]	VmSwap:	       0 kB
20220312 000226.651 INFO             PET0 PIOc_freedecomp Enter - MemInfo: [/proc/self/status]	VmRSSPercent: 0.0326835 %
20220312 000226.651 INFO             PET0 PIOc_freedecomp Enter - MemInfo: [malloc] Non-mmapped space allocated:                 1183744 Byte
20220312 000226.651 INFO             PET0 PIOc_freedecomp Enter - MemInfo: [malloc] Space allocated in mmapped regions:          3219456 Byte
20220312 000226.651 INFO             PET0 PIOc_freedecomp Enter - MemInfo: [malloc] Maximum total allocated space:                     0 Byte
20220312 000226.651 INFO             PET0 PIOc_freedecomp Enter - MemInfo: [malloc] Space in freed fastbin blocks:                     0 Byte
20220312 000226.651 INFO             PET0 PIOc_freedecomp Enter - MemInfo: [malloc] Total allocated space:                       1030560 Byte
20220312 000226.652 INFO             PET0 PIOc_freedecomp Enter - MemInfo: [malloc] Total free space:                             153184 Byte
20220312 000226.652 INFO             PET0 PIOc_freedecomp Enter - MemInfo: [malloc] Top-most, releasable space:                    98368 Byte
20220312 000226.652 INFO             PET0 PIOc_freedecomp Enter - MemInfo: [malloc] Total space in use, mmap + non-mmap:         4250016 Byte
20220312 000226.652 INFO             PET0 PIOc_freedecomp Enter - MemInfo: [malloc] Total space held (mmap + non-mmap):          4403200 Byte
20220312 000226.652 INFO             PET0 PIOc_freedecomp Enter - MemInfo: [malloc] Total space used (mmap + non-mmap):          4258224 Byte
20220312 000226.652 INFO             PET0 PIOc_freedecomp Enter - MemInfo: Wall-clock time since execution start:               0.053091 seconds
20220312 000226.652 INFO             PET0 PIOc_freedecomp Exit - MemInfo: [/proc/meminfo - SSI]	MemTotal:       65855856 kB
20220312 000226.652 INFO             PET0 PIOc_freedecomp Exit - MemInfo: [/proc/meminfo - SSI]	MemFree:        61168432 kB
20220312 000226.652 INFO             PET0 PIOc_freedecomp Exit - MemInfo: [/proc/meminfo - SSI]	MemAvailable:   60956704 kB
20220312 000226.652 INFO             PET0 PIOc_freedecomp Exit - MemInfo: [/proc/meminfo - SSI]	Committed_AS:    2899420 kB
20220312 000226.652 INFO             PET0 PIOc_freedecomp Exit - MemInfo: [/proc/meminfo - SSI]	CommittedPercent: 4.40268 %
20220312 000226.652 INFO             PET0 PIOc_freedecomp Exit - MemInfo: [/proc/self/status]	VmPeak:	  228460 kB
20220312 000226.652 INFO             PET0 PIOc_freedecomp Exit - MemInfo: [/proc/self/status]	VmSize:	  219748 kB
20220312 000226.652 INFO             PET0 PIOc_freedecomp Exit - MemInfo: [/proc/self/status]	VmLck:	       0 kB
20220312 000226.652 INFO             PET0 PIOc_freedecomp Exit - MemInfo: [/proc/self/status]	VmPin:	       0 kB
20220312 000226.652 INFO             PET0 PIOc_freedecomp Exit - MemInfo: [/proc/self/status]	VmHWM:	   29716 kB
20220312 000226.652 INFO             PET0 PIOc_freedecomp Exit - MemInfo: [/proc/self/status]	VmRSS:	   21524 kB
20220312 000226.652 INFO             PET0 PIOc_freedecomp Exit - MemInfo: [/proc/self/status]	VmData:	   25240 kB
20220312 000226.652 INFO             PET0 PIOc_freedecomp Exit - MemInfo: [/proc/self/status]	VmStk:	     508 kB
20220312 000226.652 INFO             PET0 PIOc_freedecomp Exit - MemInfo: [/proc/self/status]	VmExe:	    1944 kB
20220312 000226.652 INFO             PET0 PIOc_freedecomp Exit - MemInfo: [/proc/self/status]	VmLib:	   93984 kB
20220312 000226.652 INFO             PET0 PIOc_freedecomp Exit - MemInfo: [/proc/self/status]	VmPTE:	     344 kB
20220312 000226.652 INFO             PET0 PIOc_freedecomp Exit - MemInfo: [/proc/self/status]	VmPMD:	      12 kB
20220312 000226.652 INFO             PET0 PIOc_freedecomp Exit - MemInfo: [/proc/self/status]	VmSwap:	       0 kB
20220312 000226.652 INFO             PET0 PIOc_freedecomp Exit - MemInfo: [/proc/self/status]	VmRSSPercent: 0.0326835 %
20220312 000226.652 INFO             PET0 PIOc_freedecomp Exit - MemInfo: [malloc] Non-mmapped space allocated:                 1183744 Byte
20220312 000226.652 INFO             PET0 PIOc_freedecomp Exit - MemInfo: [malloc] Space allocated in mmapped regions:          3219456 Byte
20220312 000226.652 INFO             PET0 PIOc_freedecomp Exit - MemInfo: [malloc] Maximum total allocated space:                     0 Byte
20220312 000226.652 INFO             PET0 PIOc_freedecomp Exit - MemInfo: [malloc] Space in freed fastbin blocks:                   432 Byte
20220312 000226.652 INFO             PET0 PIOc_freedecomp Exit - MemInfo: [malloc] Total allocated space:                       1027584 Byte
20220312 000226.652 INFO             PET0 PIOc_freedecomp Exit - MemInfo: [malloc] Total free space:                             156160 Byte
20220312 000226.652 INFO             PET0 PIOc_freedecomp Exit - MemInfo: [malloc] Top-most, releasable space:                    98368 Byte
20220312 000226.652 INFO             PET0 PIOc_freedecomp Exit - MemInfo: [malloc] Total space in use, mmap + non-mmap:         4247040 Byte
20220312 000226.652 INFO             PET0 PIOc_freedecomp Exit - MemInfo: [malloc] Total space held (mmap + non-mmap):          4403200 Byte
20220312 000226.652 INFO             PET0 PIOc_freedecomp Exit - MemInfo: [malloc] Total space used (mmap + non-mmap):          4255248 Byte
20220312 000226.652 INFO             PET0 PIOc_freedecomp Exit - MemInfo: Wall-clock time since execution start:              0.0533581 seconds
20220312 000226.652 INFO             PET0 PIOc_freedecomp Enter - MemInfo: [/proc/meminfo - SSI]	MemTotal:       65855856 kB
20220312 000226.652 INFO             PET0 PIOc_freedecomp Enter - MemInfo: [/proc/meminfo - SSI]	MemFree:        61168432 kB
20220312 000226.652 INFO             PET0 PIOc_freedecomp Enter - MemInfo: [/proc/meminfo - SSI]	MemAvailable:   60956704 kB
20220312 000226.652 INFO             PET0 PIOc_freedecomp Enter - MemInfo: [/proc/meminfo - SSI]	Committed_AS:    2899420 kB
20220312 000226.652 INFO             PET0 PIOc_freedecomp Enter - MemInfo: [/proc/meminfo - SSI]	CommittedPercent: 4.40268 %
20220312 000226.652 INFO             PET0 PIOc_freedecomp Enter - MemInfo: [/proc/self/status]	VmPeak:	  228460 kB
20220312 000226.652 INFO             PET0 PIOc_freedecomp Enter - MemInfo: [/proc/self/status]	VmSize:	  219748 kB
20220312 000226.652 INFO             PET0 PIOc_freedecomp Enter - MemInfo: [/proc/self/status]	VmLck:	       0 kB
20220312 000226.652 INFO             PET0 PIOc_freedecomp Enter - MemInfo: [/proc/self/status]	VmPin:	       0 kB
20220312 000226.652 INFO             PET0 PIOc_freedecomp Enter - MemInfo: [/proc/self/status]	VmHWM:	   29716 kB
20220312 000226.652 INFO             PET0 PIOc_freedecomp Enter - MemInfo: [/proc/self/status]	VmRSS:	   21524 kB
20220312 000226.652 INFO             PET0 PIOc_freedecomp Enter - MemInfo: [/proc/self/status]	VmData:	   25240 kB
20220312 000226.652 INFO             PET0 PIOc_freedecomp Enter - MemInfo: [/proc/self/status]	VmStk:	     508 kB
20220312 000226.652 INFO             PET0 PIOc_freedecomp Enter - MemInfo: [/proc/self/status]	VmExe:	    1944 kB
20220312 000226.652 INFO             PET0 PIOc_freedecomp Enter - MemInfo: [/proc/self/status]	VmLib:	   93984 kB
20220312 000226.652 INFO             PET0 PIOc_freedecomp Enter - MemInfo: [/proc/self/status]	VmPTE:	     344 kB
20220312 000226.652 INFO             PET0 PIOc_freedecomp Enter - MemInfo: [/proc/self/status]	VmPMD:	      12 kB
20220312 000226.652 INFO             PET0 PIOc_freedecomp Enter - MemInfo: [/proc/self/status]	VmSwap:	       0 kB
20220312 000226.652 INFO             PET0 PIOc_freedecomp Enter - MemInfo: [/proc/self/status]	VmRSSPercent: 0.0326835 %
20220312 000226.652 INFO             PET0 PIOc_freedecomp Enter - MemInfo: [malloc] Non-mmapped space allocated:                 1183744 Byte
20220312 000226.652 INFO             PET0 PIOc_freedecomp Enter - MemInfo: [malloc] Space allocated in mmapped regions:          3219456 Byte
20220312 000226.652 INFO             PET0 PIOc_freedecomp Enter - MemInfo: [malloc] Maximum total allocated space:                     0 Byte
20220312 000226.652 INFO             PET0 PIOc_freedecomp Enter - MemInfo: [malloc] Space in freed fastbin blocks:                    64 Byte
20220312 000226.652 INFO             PET0 PIOc_freedecomp Enter - MemInfo: [malloc] Total allocated space:                       1027744 Byte
20220312 000226.652 INFO             PET0 PIOc_freedecomp Enter - MemInfo: [malloc] Total free space:                             156000 Byte
20220312 000226.652 INFO             PET0 PIOc_freedecomp Enter - MemInfo: [malloc] Top-most, releasable space:                    98368 Byte
20220312 000226.652 INFO             PET0 PIOc_freedecomp Enter - MemInfo: [malloc] Total space in use, mmap + non-mmap:         4247200 Byte
20220312 000226.652 INFO             PET0 PIOc_freedecomp Enter - MemInfo: [malloc] Total space held (mmap + non-mmap):          4403200 Byte
20220312 000226.652 INFO             PET0 PIOc_freedecomp Enter - MemInfo: [malloc] Total space used (mmap + non-mmap):          4255408 Byte
20220312 000226.652 INFO             PET0 PIOc_freedecomp Enter - MemInfo: Wall-clock time since execution start:               0.053587 seconds
20220312 000226.652 INFO             PET0 PIOc_freedecomp Exit - MemInfo: [/proc/meminfo - SSI]	MemTotal:       65855856 kB
20220312 000226.652 INFO             PET0 PIOc_freedecomp Exit - MemInfo: [/proc/meminfo - SSI]	MemFree:        61168432 kB
20220312 000226.652 INFO             PET0 PIOc_freedecomp Exit - MemInfo: [/proc/meminfo - SSI]	MemAvailable:   60956704 kB
20220312 000226.652 INFO             PET0 PIOc_freedecomp Exit - MemInfo: [/proc/meminfo - SSI]	Committed_AS:    2899420 kB
20220312 000226.652 INFO             PET0 PIOc_freedecomp Exit - MemInfo: [/proc/meminfo - SSI]	CommittedPercent: 4.40268 %
20220312 000226.652 INFO             PET0 PIOc_freedecomp Exit - MemInfo: [/proc/self/status]	VmPeak:	  228460 kB
20220312 000226.652 INFO             PET0 PIOc_freedecomp Exit - MemInfo: [/proc/self/status]	VmSize:	  219748 kB
20220312 000226.652 INFO             PET0 PIOc_freedecomp Exit - MemInfo: [/proc/self/status]	VmLck:	       0 kB
20220312 000226.652 INFO             PET0 PIOc_freedecomp Exit - MemInfo: [/proc/self/status]	VmPin:	       0 kB
20220312 000226.652 INFO             PET0 PIOc_freedecomp Exit - MemInfo: [/proc/self/status]	VmHWM:	   29716 kB
20220312 000226.652 INFO             PET0 PIOc_freedecomp Exit - MemInfo: [/proc/self/status]	VmRSS:	   21524 kB
20220312 000226.652 INFO             PET0 PIOc_freedecomp Exit - MemInfo: [/proc/self/status]	VmData:	   25240 kB
20220312 000226.652 INFO             PET0 PIOc_freedecomp Exit - MemInfo: [/proc/self/status]	VmStk:	     508 kB
20220312 000226.652 INFO             PET0 PIOc_freedecomp Exit - MemInfo: [/proc/self/status]	VmExe:	    1944 kB
20220312 000226.652 INFO             PET0 PIOc_freedecomp Exit - MemInfo: [/proc/self/status]	VmLib:	   93984 kB
20220312 000226.652 INFO             PET0 PIOc_freedecomp Exit - MemInfo: [/proc/self/status]	VmPTE:	     344 kB
20220312 000226.652 INFO             PET0 PIOc_freedecomp Exit - MemInfo: [/proc/self/status]	VmPMD:	      12 kB
20220312 000226.652 INFO             PET0 PIOc_freedecomp Exit - MemInfo: [/proc/self/status]	VmSwap:	       0 kB
20220312 000226.652 INFO             PET0 PIOc_freedecomp Exit - MemInfo: [/proc/self/status]	VmRSSPercent: 0.0326835 %
20220312 000226.652 INFO             PET0 PIOc_freedecomp Exit - MemInfo: [malloc] Non-mmapped space allocated:                 1183744 Byte
20220312 000226.652 INFO             PET0 PIOc_freedecomp Exit - MemInfo: [malloc] Space allocated in mmapped regions:          3219456 Byte
20220312 000226.652 INFO             PET0 PIOc_freedecomp Exit - MemInfo: [malloc] Maximum total allocated space:                     0 Byte
20220312 000226.652 INFO             PET0 PIOc_freedecomp Exit - MemInfo: [malloc] Space in freed fastbin blocks:                   528 Byte
20220312 000226.652 INFO             PET0 PIOc_freedecomp Exit - MemInfo: [malloc] Total allocated space:                       1022880 Byte
20220312 000226.652 INFO             PET0 PIOc_freedecomp Exit - MemInfo: [malloc] Total free space:                             160864 Byte
20220312 000226.652 INFO             PET0 PIOc_freedecomp Exit - MemInfo: [malloc] Top-most, releasable space:                    98368 Byte
20220312 000226.652 INFO             PET0 PIOc_freedecomp Exit - MemInfo: [malloc] Total space in use, mmap + non-mmap:         4242336 Byte
20220312 000226.652 INFO             PET0 PIOc_freedecomp Exit - MemInfo: [malloc] Total space held (mmap + non-mmap):          4403200 Byte
20220312 000226.652 INFO             PET0 PIOc_freedecomp Exit - MemInfo: [malloc] Total space used (mmap + non-mmap):          4250544 Byte
20220312 000226.652 INFO             PET0 PIOc_freedecomp Exit - MemInfo: Wall-clock time since execution start:              0.0538449 seconds
20220312 000226.652 INFO             PET0  PASS  ArrayBundleWrite Single file Test, ESMF_ArrayBundleIOUTest.F90, line 167
20220312 000226.659 INFO             PET0 PIOc_sync Enter - MemInfo: [/proc/meminfo - SSI]	MemTotal:       65855856 kB
20220312 000226.659 INFO             PET0 PIOc_sync Enter - MemInfo: [/proc/meminfo - SSI]	MemFree:        61161376 kB
20220312 000226.659 INFO             PET0 PIOc_sync Enter - MemInfo: [/proc/meminfo - SSI]	MemAvailable:   60949648 kB
20220312 000226.659 INFO             PET0 PIOc_sync Enter - MemInfo: [/proc/meminfo - SSI]	Committed_AS:    2907640 kB
20220312 000226.659 INFO             PET0 PIOc_sync Enter - MemInfo: [/proc/meminfo - SSI]	CommittedPercent: 4.41516 %
20220312 000226.659 INFO             PET0 PIOc_sync Enter - MemInfo: [/proc/self/status]	VmPeak:	  228484 kB
20220312 000226.659 INFO             PET0 PIOc_sync Enter - MemInfo: [/proc/self/status]	VmSize:	  228484 kB
20220312 000226.659 INFO             PET0 PIOc_sync Enter - MemInfo: [/proc/self/status]	VmLck:	       0 kB
20220312 000226.659 INFO             PET0 PIOc_sync Enter - MemInfo: [/proc/self/status]	VmPin:	       0 kB
20220312 000226.659 INFO             PET0 PIOc_sync Enter - MemInfo: [/proc/self/status]	VmHWM:	   29716 kB
20220312 000226.659 INFO             PET0 PIOc_sync Enter - MemInfo: [/proc/self/status]	VmRSS:	   29672 kB
20220312 000226.659 INFO             PET0 PIOc_sync Enter - MemInfo: [/proc/self/status]	VmData:	   33976 kB
20220312 000226.659 INFO             PET0 PIOc_sync Enter - MemInfo: [/proc/self/status]	VmStk:	     508 kB
20220312 000226.659 INFO             PET0 PIOc_sync Enter - MemInfo: [/proc/self/status]	VmExe:	    1944 kB
20220312 000226.659 INFO             PET0 PIOc_sync Enter - MemInfo: [/proc/self/status]	VmLib:	   93984 kB
20220312 000226.659 INFO             PET0 PIOc_sync Enter - MemInfo: [/proc/self/status]	VmPTE:	     360 kB
20220312 000226.659 INFO             PET0 PIOc_sync Enter - MemInfo: [/proc/self/status]	VmPMD:	      12 kB
20220312 000226.659 INFO             PET0 PIOc_sync Enter - MemInfo: [/proc/self/status]	VmSwap:	       0 kB
20220312 000226.659 INFO             PET0 PIOc_sync Enter - MemInfo: [/proc/self/status]	VmRSSPercent: 0.045056 %
20220312 000226.659 INFO             PET0 PIOc_sync Enter - MemInfo: [malloc] Non-mmapped space allocated:                10129408 Byte
20220312 000226.659 INFO             PET0 PIOc_sync Enter - MemInfo: [malloc] Space allocated in mmapped regions:          3219456 Byte
20220312 000226.659 INFO             PET0 PIOc_sync Enter - MemInfo: [malloc] Maximum total allocated space:                     0 Byte
20220312 000226.659 INFO             PET0 PIOc_sync Enter - MemInfo: [malloc] Space in freed fastbin blocks:                     0 Byte
20220312 000226.659 INFO             PET0 PIOc_sync Enter - MemInfo: [malloc] Total allocated space:                       9973664 Byte
20220312 000226.659 INFO             PET0 PIOc_sync Enter - MemInfo: [malloc] Total free space:                             155744 Byte
20220312 000226.659 INFO             PET0 PIOc_sync Enter - MemInfo: [malloc] Top-most, releasable space:                   131104 Byte
20220312 000226.659 INFO             PET0 PIOc_sync Enter - MemInfo: [malloc] Total space in use, mmap + non-mmap:        13193120 Byte
20220312 000226.659 INFO             PET0 PIOc_sync Enter - MemInfo: [malloc] Total space held (mmap + non-mmap):         13348864 Byte
20220312 000226.659 INFO             PET0 PIOc_sync Enter - MemInfo: [malloc] Total space used (mmap + non-mmap):         13201328 Byte
20220312 000226.659 INFO             PET0 PIOc_sync Enter - MemInfo: Wall-clock time since execution start:              0.0607491 seconds
20220312 000226.819 INFO             PET0 PIOc_sync Exit - MemInfo: [/proc/meminfo - SSI]	MemTotal:       65855856 kB
20220312 000226.819 INFO             PET0 PIOc_sync Exit - MemInfo: [/proc/meminfo - SSI]	MemFree:        61161520 kB
20220312 000226.819 INFO             PET0 PIOc_sync Exit - MemInfo: [/proc/meminfo - SSI]	MemAvailable:   60949812 kB
20220312 000226.819 INFO             PET0 PIOc_sync Exit - MemInfo: [/proc/meminfo - SSI]	Committed_AS:    2907640 kB
20220312 000226.819 INFO             PET0 PIOc_sync Exit - MemInfo: [/proc/meminfo - SSI]	CommittedPercent: 4.41516 %
20220312 000226.819 INFO             PET0 PIOc_sync Exit - MemInfo: [/proc/self/status]	VmPeak:	  228484 kB
20220312 000226.819 INFO             PET0 PIOc_sync Exit - MemInfo: [/proc/self/status]	VmSize:	  228484 kB
20220312 000226.819 INFO             PET0 PIOc_sync Exit - MemInfo: [/proc/self/status]	VmLck:	       0 kB
20220312 000226.819 INFO             PET0 PIOc_sync Exit - MemInfo: [/proc/self/status]	VmPin:	       0 kB
20220312 000226.819 INFO             PET0 PIOc_sync Exit - MemInfo: [/proc/self/status]	VmHWM:	   29716 kB
20220312 000226.819 INFO             PET0 PIOc_sync Exit - MemInfo: [/proc/self/status]	VmRSS:	   29672 kB
20220312 000226.819 INFO             PET0 PIOc_sync Exit - MemInfo: [/proc/self/status]	VmData:	   33976 kB
20220312 000226.819 INFO             PET0 PIOc_sync Exit - MemInfo: [/proc/self/status]	VmStk:	     508 kB
20220312 000226.819 INFO             PET0 PIOc_sync Exit - MemInfo: [/proc/self/status]	VmExe:	    1944 kB
20220312 000226.819 INFO             PET0 PIOc_sync Exit - MemInfo: [/proc/self/status]	VmLib:	   93984 kB
20220312 000226.819 INFO             PET0 PIOc_sync Exit - MemInfo: [/proc/self/status]	VmPTE:	     360 kB
20220312 000226.819 INFO             PET0 PIOc_sync Exit - MemInfo: [/proc/self/status]	VmPMD:	      12 kB
20220312 000226.819 INFO             PET0 PIOc_sync Exit - MemInfo: [/proc/self/status]	VmSwap:	       0 kB
20220312 000226.819 INFO             PET0 PIOc_sync Exit - MemInfo: [/proc/self/status]	VmRSSPercent: 0.045056 %
20220312 000226.819 INFO             PET0 PIOc_sync Exit - MemInfo: [malloc] Non-mmapped space allocated:                10129408 Byte
20220312 000226.819 INFO             PET0 PIOc_sync Exit - MemInfo: [malloc] Space allocated in mmapped regions:          3219456 Byte
20220312 000226.819 INFO             PET0 PIOc_sync Exit - MemInfo: [malloc] Maximum total allocated space:                     0 Byte
20220312 000226.819 INFO             PET0 PIOc_sync Exit - MemInfo: [malloc] Space in freed fastbin blocks:                     0 Byte
20220312 000226.819 INFO             PET0 PIOc_sync Exit - MemInfo: [malloc] Total allocated space:                       9994688 Byte
20220312 000226.819 INFO             PET0 PIOc_sync Exit - MemInfo: [malloc] Total free space:                             134720 Byte
20220312 000226.819 INFO             PET0 PIOc_sync Exit - MemInfo: [malloc] Top-most, releasable space:                   116480 Byte
20220312 000226.819 INFO             PET0 PIOc_sync Exit - MemInfo: [malloc] Total space in use, mmap + non-mmap:        13214144 Byte
20220312 000226.819 INFO             PET0 PIOc_sync Exit - MemInfo: [malloc] Total space held (mmap + non-mmap):         13348864 Byte
20220312 000226.819 INFO             PET0 PIOc_sync Exit - MemInfo: [malloc] Total space used (mmap + non-mmap):         13222464 Byte
20220312 000226.819 INFO             PET0 PIOc_sync Exit - MemInfo: Wall-clock time since execution start:               0.220404 seconds
20220312 000226.819 INFO             PET0 PIOc_freedecomp Enter - MemInfo: [/proc/meminfo - SSI]	MemTotal:       65855856 kB
20220312 000226.819 INFO             PET0 PIOc_freedecomp Enter - MemInfo: [/proc/meminfo - SSI]	MemFree:        61161520 kB
20220312 000226.819 INFO             PET0 PIOc_freedecomp Enter - MemInfo: [/proc/meminfo - SSI]	MemAvailable:   60949812 kB
20220312 000226.819 INFO             PET0 PIOc_freedecomp Enter - MemInfo: [/proc/meminfo - SSI]	Committed_AS:    2907640 kB
20220312 000226.819 INFO             PET0 PIOc_freedecomp Enter - MemInfo: [/proc/meminfo - SSI]	CommittedPercent: 4.41516 %
20220312 000226.819 INFO             PET0 PIOc_freedecomp Enter - MemInfo: [/proc/self/status]	VmPeak:	  228484 kB
20220312 000226.819 INFO             PET0 PIOc_freedecomp Enter - MemInfo: [/proc/self/status]	VmSize:	  228484 kB
20220312 000226.819 INFO             PET0 PIOc_freedecomp Enter - MemInfo: [/proc/self/status]	VmLck:	       0 kB
20220312 000226.819 INFO             PET0 PIOc_freedecomp Enter - MemInfo: [/proc/self/status]	VmPin:	       0 kB
20220312 000226.819 INFO             PET0 PIOc_freedecomp Enter - MemInfo: [/proc/self/status]	VmHWM:	   29716 kB
20220312 000226.819 INFO             PET0 PIOc_freedecomp Enter - MemInfo: [/proc/self/status]	VmRSS:	   29672 kB
20220312 000226.819 INFO             PET0 PIOc_freedecomp Enter - MemInfo: [/proc/self/status]	VmData:	   33976 kB
20220312 000226.819 INFO             PET0 PIOc_freedecomp Enter - MemInfo: [/proc/self/status]	VmStk:	     508 kB
20220312 000226.819 INFO             PET0 PIOc_freedecomp Enter - MemInfo: [/proc/self/status]	VmExe:	    1944 kB
20220312 000226.819 INFO             PET0 PIOc_freedecomp Enter - MemInfo: [/proc/self/status]	VmLib:	   93984 kB
20220312 000226.819 INFO             PET0 PIOc_freedecomp Enter - MemInfo: [/proc/self/status]	VmPTE:	     360 kB
20220312 000226.819 INFO             PET0 PIOc_freedecomp Enter - MemInfo: [/proc/self/status]	VmPMD:	      12 kB
20220312 000226.819 INFO             PET0 PIOc_freedecomp Enter - MemInfo: [/proc/self/status]	VmSwap:	       0 kB
20220312 000226.819 INFO             PET0 PIOc_freedecomp Enter - MemInfo: [/proc/self/status]	VmRSSPercent: 0.045056 %
20220312 000226.819 INFO             PET0 PIOc_freedecomp Enter - MemInfo: [malloc] Non-mmapped space allocated:                10129408 Byte
20220312 000226.819 INFO             PET0 PIOc_freedecomp Enter - MemInfo: [malloc] Space allocated in mmapped regions:          3219456 Byte
20220312 000226.819 INFO             PET0 PIOc_freedecomp Enter - MemInfo: [malloc] Maximum total allocated space:                     0 Byte
20220312 000226.819 INFO             PET0 PIOc_freedecomp Enter - MemInfo: [malloc] Space in freed fastbin blocks:                   176 Byte
20220312 000226.819 INFO             PET0 PIOc_freedecomp Enter - MemInfo: [malloc] Total allocated space:                       1069536 Byte
20220312 000226.819 INFO             PET0 PIOc_freedecomp Enter - MemInfo: [malloc] Total free space:                            9059872 Byte
20220312 000226.819 INFO             PET0 PIOc_freedecomp Enter - MemInfo: [malloc] Top-most, releasable space:                   116480 Byte
20220312 000226.819 INFO             PET0 PIOc_freedecomp Enter - MemInfo: [malloc] Total space in use, mmap + non-mmap:         4288992 Byte
20220312 000226.819 INFO             PET0 PIOc_freedecomp Enter - MemInfo: [malloc] Total space held (mmap + non-mmap):         13348864 Byte
20220312 000226.819 INFO             PET0 PIOc_freedecomp Enter - MemInfo: [malloc] Total space used (mmap + non-mmap):          4297200 Byte
20220312 000226.819 INFO             PET0 PIOc_freedecomp Enter - MemInfo: Wall-clock time since execution start:               0.220854 seconds
20220312 000226.819 INFO             PET0 PIOc_freedecomp Exit - MemInfo: [/proc/meminfo - SSI]	MemTotal:       65855856 kB
20220312 000226.819 INFO             PET0 PIOc_freedecomp Exit - MemInfo: [/proc/meminfo - SSI]	MemFree:        61161520 kB
20220312 000226.819 INFO             PET0 PIOc_freedecomp Exit - MemInfo: [/proc/meminfo - SSI]	MemAvailable:   60949812 kB
20220312 000226.819 INFO             PET0 PIOc_freedecomp Exit - MemInfo: [/proc/meminfo - SSI]	Committed_AS:    2907640 kB
20220312 000226.819 INFO             PET0 PIOc_freedecomp Exit - MemInfo: [/proc/meminfo - SSI]	CommittedPercent: 4.41516 %
20220312 000226.819 INFO             PET0 PIOc_freedecomp Exit - MemInfo: [/proc/self/status]	VmPeak:	  228484 kB
20220312 000226.819 INFO             PET0 PIOc_freedecomp Exit - MemInfo: [/proc/self/status]	VmSize:	  228484 kB
20220312 000226.819 INFO             PET0 PIOc_freedecomp Exit - MemInfo: [/proc/self/status]	VmLck:	       0 kB
20220312 000226.819 INFO             PET0 PIOc_freedecomp Exit - MemInfo: [/proc/self/status]	VmPin:	       0 kB
20220312 000226.819 INFO             PET0 PIOc_freedecomp Exit - MemInfo: [/proc/self/status]	VmHWM:	   29716 kB
20220312 000226.819 INFO             PET0 PIOc_freedecomp Exit - MemInfo: [/proc/self/status]	VmRSS:	   29672 kB
20220312 000226.819 INFO             PET0 PIOc_freedecomp Exit - MemInfo: [/proc/self/status]	VmData:	   33976 kB
20220312 000226.819 INFO             PET0 PIOc_freedecomp Exit - MemInfo: [/proc/self/status]	VmStk:	     508 kB
20220312 000226.820 INFO             PET0 PIOc_freedecomp Exit - MemInfo: [/proc/self/status]	VmExe:	    1944 kB
20220312 000226.820 INFO             PET0 PIOc_freedecomp Exit - MemInfo: [/proc/self/status]	VmLib:	   93984 kB
20220312 000226.820 INFO             PET0 PIOc_freedecomp Exit - MemInfo: [/proc/self/status]	VmPTE:	     360 kB
20220312 000226.820 INFO             PET0 PIOc_freedecomp Exit - MemInfo: [/proc/self/status]	VmPMD:	      12 kB
20220312 000226.820 INFO             PET0 PIOc_freedecomp Exit - MemInfo: [/proc/self/status]	VmSwap:	       0 kB
20220312 000226.820 INFO             PET0 PIOc_freedecomp Exit - MemInfo: [/proc/self/status]	VmRSSPercent: 0.045056 %
20220312 000226.820 INFO             PET0 PIOc_freedecomp Exit - MemInfo: [malloc] Non-mmapped space allocated:                10129408 Byte
20220312 000226.820 INFO             PET0 PIOc_freedecomp Exit - MemInfo: [malloc] Space allocated in mmapped regions:          3219456 Byte
20220312 000226.820 INFO             PET0 PIOc_freedecomp Exit - MemInfo: [malloc] Maximum total allocated space:                     0 Byte
20220312 000226.820 INFO             PET0 PIOc_freedecomp Exit - MemInfo: [malloc] Space in freed fastbin blocks:                   480 Byte
20220312 000226.820 INFO             PET0 PIOc_freedecomp Exit - MemInfo: [malloc] Total allocated space:                       1035472 Byte
20220312 000226.820 INFO             PET0 PIOc_freedecomp Exit - MemInfo: [malloc] Total free space:                            9093936 Byte
20220312 000226.820 INFO             PET0 PIOc_freedecomp Exit - MemInfo: [malloc] Top-most, releasable space:                  9043808 Byte
20220312 000226.820 INFO             PET0 PIOc_freedecomp Exit - MemInfo: [malloc] Total space in use, mmap + non-mmap:         4254928 Byte
20220312 000226.820 INFO             PET0 PIOc_freedecomp Exit - MemInfo: [malloc] Total space held (mmap + non-mmap):         13348864 Byte
20220312 000226.820 INFO             PET0 PIOc_freedecomp Exit - MemInfo: [malloc] Total space used (mmap + non-mmap):          4263136 Byte
20220312 000226.820 INFO             PET0 PIOc_freedecomp Exit - MemInfo: Wall-clock time since execution start:               0.221129 seconds
20220312 000226.820 INFO             PET0 PIOc_freedecomp Enter - MemInfo: [/proc/meminfo - SSI]	MemTotal:       65855856 kB
20220312 000226.820 INFO             PET0 PIOc_freedecomp Enter - MemInfo: [/proc/meminfo - SSI]	MemFree:        61161520 kB
20220312 000226.820 INFO             PET0 PIOc_freedecomp Enter - MemInfo: [/proc/meminfo - SSI]	MemAvailable:   60949812 kB
20220312 000226.820 INFO             PET0 PIOc_freedecomp Enter - MemInfo: [/proc/meminfo - SSI]	Committed_AS:    2907640 kB
20220312 000226.820 INFO             PET0 PIOc_freedecomp Enter - MemInfo: [/proc/meminfo - SSI]	CommittedPercent: 4.41516 %
20220312 000226.820 INFO             PET0 PIOc_freedecomp Enter - MemInfo: [/proc/self/status]	VmPeak:	  228484 kB
20220312 000226.820 INFO             PET0 PIOc_freedecomp Enter - MemInfo: [/proc/self/status]	VmSize:	  228484 kB
20220312 000226.820 INFO             PET0 PIOc_freedecomp Enter - MemInfo: [/proc/self/status]	VmLck:	       0 kB
20220312 000226.820 INFO             PET0 PIOc_freedecomp Enter - MemInfo: [/proc/self/status]	VmPin:	       0 kB
20220312 000226.820 INFO             PET0 PIOc_freedecomp Enter - MemInfo: [/proc/self/status]	VmHWM:	   29716 kB
20220312 000226.820 INFO             PET0 PIOc_freedecomp Enter - MemInfo: [/proc/self/status]	VmRSS:	   29672 kB
20220312 000226.820 INFO             PET0 PIOc_freedecomp Enter - MemInfo: [/proc/self/status]	VmData:	   33976 kB
20220312 000226.820 INFO             PET0 PIOc_freedecomp Enter - MemInfo: [/proc/self/status]	VmStk:	     508 kB
20220312 000226.820 INFO             PET0 PIOc_freedecomp Enter - MemInfo: [/proc/self/status]	VmExe:	    1944 kB
20220312 000226.820 INFO             PET0 PIOc_freedecomp Enter - MemInfo: [/proc/self/status]	VmLib:	   93984 kB
20220312 000226.820 INFO             PET0 PIOc_freedecomp Enter - MemInfo: [/proc/self/status]	VmPTE:	     360 kB
20220312 000226.820 INFO             PET0 PIOc_freedecomp Enter - MemInfo: [/proc/self/status]	VmPMD:	      12 kB
20220312 000226.820 INFO             PET0 PIOc_freedecomp Enter - MemInfo: [/proc/self/status]	VmSwap:	       0 kB
20220312 000226.820 INFO             PET0 PIOc_freedecomp Enter - MemInfo: [/proc/self/status]	VmRSSPercent: 0.045056 %
20220312 000226.820 INFO             PET0 PIOc_freedecomp Enter - MemInfo: [malloc] Non-mmapped space allocated:                10129408 Byte
20220312 000226.820 INFO             PET0 PIOc_freedecomp Enter - MemInfo: [malloc] Space allocated in mmapped regions:          3219456 Byte
20220312 000226.820 INFO             PET0 PIOc_freedecomp Enter - MemInfo: [malloc] Maximum total allocated space:                     0 Byte
20220312 000226.820 INFO             PET0 PIOc_freedecomp Enter - MemInfo: [malloc] Space in freed fastbin blocks:                    64 Byte
20220312 000226.820 INFO             PET0 PIOc_freedecomp Enter - MemInfo: [malloc] Total allocated space:                       1035408 Byte
20220312 000226.820 INFO             PET0 PIOc_freedecomp Enter - MemInfo: [malloc] Total free space:                            9094000 Byte
20220312 000226.820 INFO             PET0 PIOc_freedecomp Enter - MemInfo: [malloc] Top-most, releasable space:                  9044032 Byte
20220312 000226.820 INFO             PET0 PIOc_freedecomp Enter - MemInfo: [malloc] Total space in use, mmap + non-mmap:         4254864 Byte
20220312 000226.820 INFO             PET0 PIOc_freedecomp Enter - MemInfo: [malloc] Total space held (mmap + non-mmap):         13348864 Byte
20220312 000226.820 INFO             PET0 PIOc_freedecomp Enter - MemInfo: [malloc] Total space used (mmap + non-mmap):          4263072 Byte
20220312 000226.820 INFO             PET0 PIOc_freedecomp Enter - MemInfo: Wall-clock time since execution start:               0.221387 seconds
20220312 000226.820 INFO             PET0 PIOc_freedecomp Exit - MemInfo: [/proc/meminfo - SSI]	MemTotal:       65855856 kB
20220312 000226.820 INFO             PET0 PIOc_freedecomp Exit - MemInfo: [/proc/meminfo - SSI]	MemFree:        61161520 kB
20220312 000226.820 INFO             PET0 PIOc_freedecomp Exit - MemInfo: [/proc/meminfo - SSI]	MemAvailable:   60949812 kB
20220312 000226.820 INFO             PET0 PIOc_freedecomp Exit - MemInfo: [/proc/meminfo - SSI]	Committed_AS:    2907640 kB
20220312 000226.820 INFO             PET0 PIOc_freedecomp Exit - MemInfo: [/proc/meminfo - SSI]	CommittedPercent: 4.41516 %
20220312 000226.820 INFO             PET0 PIOc_freedecomp Exit - MemInfo: [/proc/self/status]	VmPeak:	  228484 kB
20220312 000226.820 INFO             PET0 PIOc_freedecomp Exit - MemInfo: [/proc/self/status]	VmSize:	  228484 kB
20220312 000226.820 INFO             PET0 PIOc_freedecomp Exit - MemInfo: [/proc/self/status]	VmLck:	       0 kB
20220312 000226.820 INFO             PET0 PIOc_freedecomp Exit - MemInfo: [/proc/self/status]	VmPin:	       0 kB
20220312 000226.820 INFO             PET0 PIOc_freedecomp Exit - MemInfo: [/proc/self/status]	VmHWM:	   29716 kB
20220312 000226.820 INFO             PET0 PIOc_freedecomp Exit - MemInfo: [/proc/self/status]	VmRSS:	   29672 kB
20220312 000226.820 INFO             PET0 PIOc_freedecomp Exit - MemInfo: [/proc/self/status]	VmData:	   33976 kB
20220312 000226.820 INFO             PET0 PIOc_freedecomp Exit - MemInfo: [/proc/self/status]	VmStk:	     508 kB
20220312 000226.820 INFO             PET0 PIOc_freedecomp Exit - MemInfo: [/proc/self/status]	VmExe:	    1944 kB
20220312 000226.820 INFO             PET0 PIOc_freedecomp Exit - MemInfo: [/proc/self/status]	VmLib:	   93984 kB
20220312 000226.820 INFO             PET0 PIOc_freedecomp Exit - MemInfo: [/proc/self/status]	VmPTE:	     360 kB
20220312 000226.820 INFO             PET0 PIOc_freedecomp Exit - MemInfo: [/proc/self/status]	VmPMD:	      12 kB
20220312 000226.820 INFO             PET0 PIOc_freedecomp Exit - MemInfo: [/proc/self/status]	VmSwap:	       0 kB
20220312 000226.820 INFO             PET0 PIOc_freedecomp Exit - MemInfo: [/proc/self/status]	VmRSSPercent: 0.045056 %
20220312 000226.820 INFO             PET0 PIOc_freedecomp Exit - MemInfo: [malloc] Non-mmapped space allocated:                10129408 Byte
20220312 000226.820 INFO             PET0 PIOc_freedecomp Exit - MemInfo: [malloc] Space allocated in mmapped regions:          3219456 Byte
20220312 000226.820 INFO             PET0 PIOc_freedecomp Exit - MemInfo: [malloc] Maximum total allocated space:                     0 Byte
20220312 000226.820 INFO             PET0 PIOc_freedecomp Exit - MemInfo: [malloc] Space in freed fastbin blocks:                   544 Byte
20220312 000226.820 INFO             PET0 PIOc_freedecomp Exit - MemInfo: [malloc] Total allocated space:                       1032096 Byte
20220312 000226.820 INFO             PET0 PIOc_freedecomp Exit - MemInfo: [malloc] Total free space:                            9097312 Byte
20220312 000226.820 INFO             PET0 PIOc_freedecomp Exit - MemInfo: [malloc] Top-most, releasable space:                  9044032 Byte
20220312 000226.820 INFO             PET0 PIOc_freedecomp Exit - MemInfo: [malloc] Total space in use, mmap + non-mmap:         4251552 Byte
20220312 000226.820 INFO             PET0 PIOc_freedecomp Exit - MemInfo: [malloc] Total space held (mmap + non-mmap):         13348864 Byte
20220312 000226.820 INFO             PET0 PIOc_freedecomp Exit - MemInfo: [malloc] Total space used (mmap + non-mmap):          4259760 Byte
20220312 000226.820 INFO             PET0 PIOc_freedecomp Exit - MemInfo: Wall-clock time since execution start:               0.221645 seconds
20220312 000226.820 INFO             PET0 PIOc_freedecomp Enter - MemInfo: [/proc/meminfo - SSI]	MemTotal:       65855856 kB
20220312 000226.820 INFO             PET0 PIOc_freedecomp Enter - MemInfo: [/proc/meminfo - SSI]	MemFree:        61161520 kB
20220312 000226.820 INFO             PET0 PIOc_freedecomp Enter - MemInfo: [/proc/meminfo - SSI]	MemAvailable:   60949812 kB
20220312 000226.820 INFO             PET0 PIOc_freedecomp Enter - MemInfo: [/proc/meminfo - SSI]	Committed_AS:    2907640 kB
20220312 000226.820 INFO             PET0 PIOc_freedecomp Enter - MemInfo: [/proc/meminfo - SSI]	CommittedPercent: 4.41516 %
20220312 000226.820 INFO             PET0 PIOc_freedecomp Enter - MemInfo: [/proc/self/status]	VmPeak:	  228484 kB
20220312 000226.820 INFO             PET0 PIOc_freedecomp Enter - MemInfo: [/proc/self/status]	VmSize:	  228484 kB
20220312 000226.820 INFO             PET0 PIOc_freedecomp Enter - MemInfo: [/proc/self/status]	VmLck:	       0 kB
20220312 000226.820 INFO             PET0 PIOc_freedecomp Enter - MemInfo: [/proc/self/status]	VmPin:	       0 kB
20220312 000226.820 INFO             PET0 PIOc_freedecomp Enter - MemInfo: [/proc/self/status]	VmHWM:	   29716 kB
20220312 000226.820 INFO             PET0 PIOc_freedecomp Enter - MemInfo: [/proc/self/status]	VmRSS:	   29672 kB
20220312 000226.820 INFO             PET0 PIOc_freedecomp Enter - MemInfo: [/proc/self/status]	VmData:	   33976 kB
20220312 000226.820 INFO             PET0 PIOc_freedecomp Enter - MemInfo: [/proc/self/status]	VmStk:	     508 kB
20220312 000226.820 INFO             PET0 PIOc_freedecomp Enter - MemInfo: [/proc/self/status]	VmExe:	    1944 kB
20220312 000226.820 INFO             PET0 PIOc_freedecomp Enter - MemInfo: [/proc/self/status]	VmLib:	   93984 kB
20220312 000226.820 INFO             PET0 PIOc_freedecomp Enter - MemInfo: [/proc/self/status]	VmPTE:	     360 kB
20220312 000226.820 INFO             PET0 PIOc_freedecomp Enter - MemInfo: [/proc/self/status]	VmPMD:	      12 kB
20220312 000226.820 INFO             PET0 PIOc_freedecomp Enter - MemInfo: [/proc/self/status]	VmSwap:	       0 kB
20220312 000226.820 INFO             PET0 PIOc_freedecomp Enter - MemInfo: [/proc/self/status]	VmRSSPercent: 0.045056 %
20220312 000226.820 INFO             PET0 PIOc_freedecomp Enter - MemInfo: [malloc] Non-mmapped space allocated:                10129408 Byte
20220312 000226.820 INFO             PET0 PIOc_freedecomp Enter - MemInfo: [malloc] Space allocated in mmapped regions:          3219456 Byte
20220312 000226.820 INFO             PET0 PIOc_freedecomp Enter - MemInfo: [malloc] Maximum total allocated space:                     0 Byte
20220312 000226.820 INFO             PET0 PIOc_freedecomp Enter - MemInfo: [malloc] Space in freed fastbin blocks:                    64 Byte
20220312 000226.820 INFO             PET0 PIOc_freedecomp Enter - MemInfo: [malloc] Total allocated space:                       1032032 Byte
20220312 000226.820 INFO             PET0 PIOc_freedecomp Enter - MemInfo: [malloc] Total free space:                            9097376 Byte
20220312 000226.820 INFO             PET0 PIOc_freedecomp Enter - MemInfo: [malloc] Top-most, releasable space:                  9044032 Byte
20220312 000226.820 INFO             PET0 PIOc_freedecomp Enter - MemInfo: [malloc] Total space in use, mmap + non-mmap:         4251488 Byte
20220312 000226.820 INFO             PET0 PIOc_freedecomp Enter - MemInfo: [malloc] Total space held (mmap + non-mmap):         13348864 Byte
20220312 000226.820 INFO             PET0 PIOc_freedecomp Enter - MemInfo: [malloc] Total space used (mmap + non-mmap):          4259696 Byte
20220312 000226.820 INFO             PET0 PIOc_freedecomp Enter - MemInfo: Wall-clock time since execution start:               0.221895 seconds
20220312 000226.820 INFO             PET0 PIOc_freedecomp Exit - MemInfo: [/proc/meminfo - SSI]	MemTotal:       65855856 kB
20220312 000226.820 INFO             PET0 PIOc_freedecomp Exit - MemInfo: [/proc/meminfo - SSI]	MemFree:        61161520 kB
20220312 000226.820 INFO             PET0 PIOc_freedecomp Exit - MemInfo: [/proc/meminfo - SSI]	MemAvailable:   60949812 kB
20220312 000226.820 INFO             PET0 PIOc_freedecomp Exit - MemInfo: [/proc/meminfo - SSI]	Committed_AS:    2907640 kB
20220312 000226.820 INFO             PET0 PIOc_freedecomp Exit - MemInfo: [/proc/meminfo - SSI]	CommittedPercent: 4.41516 %
20220312 000226.820 INFO             PET0 PIOc_freedecomp Exit - MemInfo: [/proc/self/status]	VmPeak:	  228484 kB
20220312 000226.820 INFO             PET0 PIOc_freedecomp Exit - MemInfo: [/proc/self/status]	VmSize:	  228484 kB
20220312 000226.821 INFO             PET0 PIOc_freedecomp Exit - MemInfo: [/proc/self/status]	VmLck:	       0 kB
20220312 000226.821 INFO             PET0 PIOc_freedecomp Exit - MemInfo: [/proc/self/status]	VmPin:	       0 kB
20220312 000226.821 INFO             PET0 PIOc_freedecomp Exit - MemInfo: [/proc/self/status]	VmHWM:	   29716 kB
20220312 000226.821 INFO             PET0 PIOc_freedecomp Exit - MemInfo: [/proc/self/status]	VmRSS:	   29672 kB
20220312 000226.821 INFO             PET0 PIOc_freedecomp Exit - MemInfo: [/proc/self/status]	VmData:	   33976 kB
20220312 000226.821 INFO             PET0 PIOc_freedecomp Exit - MemInfo: [/proc/self/status]	VmStk:	     508 kB
20220312 000226.821 INFO             PET0 PIOc_freedecomp Exit - MemInfo: [/proc/self/status]	VmExe:	    1944 kB
20220312 000226.821 INFO             PET0 PIOc_freedecomp Exit - MemInfo: [/proc/self/status]	VmLib:	   93984 kB
20220312 000226.821 INFO             PET0 PIOc_freedecomp Exit - MemInfo: [/proc/self/status]	VmPTE:	     360 kB
20220312 000226.821 INFO             PET0 PIOc_freedecomp Exit - MemInfo: [/proc/self/status]	VmPMD:	      12 kB
20220312 000226.821 INFO             PET0 PIOc_freedecomp Exit - MemInfo: [/proc/self/status]	VmSwap:	       0 kB
20220312 000226.821 INFO             PET0 PIOc_freedecomp Exit - MemInfo: [/proc/self/status]	VmRSSPercent: 0.045056 %
20220312 000226.821 INFO             PET0 PIOc_freedecomp Exit - MemInfo: [malloc] Non-mmapped space allocated:                10129408 Byte
20220312 000226.821 INFO             PET0 PIOc_freedecomp Exit - MemInfo: [malloc] Space allocated in mmapped regions:          3219456 Byte
20220312 000226.821 INFO             PET0 PIOc_freedecomp Exit - MemInfo: [malloc] Maximum total allocated space:                     0 Byte
20220312 000226.821 INFO             PET0 PIOc_freedecomp Exit - MemInfo: [malloc] Space in freed fastbin blocks:                   624 Byte
20220312 000226.821 INFO             PET0 PIOc_freedecomp Exit - MemInfo: [malloc] Total allocated space:                       1027072 Byte
20220312 000226.821 INFO             PET0 PIOc_freedecomp Exit - MemInfo: [malloc] Total free space:                            9102336 Byte
20220312 000226.821 INFO             PET0 PIOc_freedecomp Exit - MemInfo: [malloc] Top-most, releasable space:                  9044032 Byte
20220312 000226.821 INFO             PET0 PIOc_freedecomp Exit - MemInfo: [malloc] Total space in use, mmap + non-mmap:         4246528 Byte
20220312 000226.821 INFO             PET0 PIOc_freedecomp Exit - MemInfo: [malloc] Total space held (mmap + non-mmap):         13348864 Byte
20220312 000226.821 INFO             PET0 PIOc_freedecomp Exit - MemInfo: [malloc] Total space used (mmap + non-mmap):          4254736 Byte
20220312 000226.821 INFO             PET0 PIOc_freedecomp Exit - MemInfo: Wall-clock time since execution start:               0.222152 seconds
20220312 000226.821 INFO             PET0  PASS  ArrayBundleWrite Single file with timeslice Test, ESMF_ArrayBundleIOUTest.F90, line 180
20220312 000226.823 INFO             PET0 PIOc_sync Enter - MemInfo: [/proc/meminfo - SSI]	MemTotal:       65855856 kB
20220312 000226.823 INFO             PET0 PIOc_sync Enter - MemInfo: [/proc/meminfo - SSI]	MemFree:        61161016 kB
20220312 000226.823 INFO             PET0 PIOc_sync Enter - MemInfo: [/proc/meminfo - SSI]	MemAvailable:   60949308 kB
20220312 000226.823 INFO             PET0 PIOc_sync Enter - MemInfo: [/proc/meminfo - SSI]	Committed_AS:    2907640 kB
20220312 000226.824 INFO             PET0 PIOc_sync Enter - MemInfo: [/proc/meminfo - SSI]	CommittedPercent: 4.41516 %
20220312 000226.824 INFO             PET0 PIOc_sync Enter - MemInfo: [/proc/self/status]	VmPeak:	  228484 kB
20220312 000226.824 INFO             PET0 PIOc_sync Enter - MemInfo: [/proc/self/status]	VmSize:	  228460 kB
20220312 000226.824 INFO             PET0 PIOc_sync Enter - MemInfo: [/proc/self/status]	VmLck:	       0 kB
20220312 000226.824 INFO             PET0 PIOc_sync Enter - MemInfo: [/proc/self/status]	VmPin:	       0 kB
20220312 000226.824 INFO             PET0 PIOc_sync Enter - MemInfo: [/proc/self/status]	VmHWM:	   30084 kB
20220312 000226.824 INFO             PET0 PIOc_sync Enter - MemInfo: [/proc/self/status]	VmRSS:	   30084 kB
20220312 000226.824 INFO             PET0 PIOc_sync Enter - MemInfo: [/proc/self/status]	VmData:	   33976 kB
20220312 000226.824 INFO             PET0 PIOc_sync Enter - MemInfo: [/proc/self/status]	VmStk:	     508 kB
20220312 000226.824 INFO             PET0 PIOc_sync Enter - MemInfo: [/proc/self/status]	VmExe:	    1944 kB
20220312 000226.824 INFO             PET0 PIOc_sync Enter - MemInfo: [/proc/self/status]	VmLib:	   93984 kB
20220312 000226.824 INFO             PET0 PIOc_sync Enter - MemInfo: [/proc/self/status]	VmPTE:	     360 kB
20220312 000226.824 INFO             PET0 PIOc_sync Enter - MemInfo: [/proc/self/status]	VmPMD:	      12 kB
20220312 000226.824 INFO             PET0 PIOc_sync Enter - MemInfo: [/proc/self/status]	VmSwap:	       0 kB
20220312 000226.824 INFO             PET0 PIOc_sync Enter - MemInfo: [/proc/self/status]	VmRSSPercent: 0.0456816 %
20220312 000226.824 INFO             PET0 PIOc_sync Enter - MemInfo: [malloc] Non-mmapped space allocated:                10129408 Byte
20220312 000226.824 INFO             PET0 PIOc_sync Enter - MemInfo: [malloc] Space allocated in mmapped regions:          3219456 Byte
20220312 000226.824 INFO             PET0 PIOc_sync Enter - MemInfo: [malloc] Maximum total allocated space:                     0 Byte
20220312 000226.824 INFO             PET0 PIOc_sync Enter - MemInfo: [malloc] Space in freed fastbin blocks:                   816 Byte
20220312 000226.824 INFO             PET0 PIOc_sync Enter - MemInfo: [malloc] Total allocated space:                       9954256 Byte
20220312 000226.824 INFO             PET0 PIOc_sync Enter - MemInfo: [malloc] Total free space:                             175152 Byte
20220312 000226.824 INFO             PET0 PIOc_sync Enter - MemInfo: [malloc] Top-most, releasable space:                   131104 Byte
20220312 000226.824 INFO             PET0 PIOc_sync Enter - MemInfo: [malloc] Total space in use, mmap + non-mmap:        13173712 Byte
20220312 000226.824 INFO             PET0 PIOc_sync Enter - MemInfo: [malloc] Total space held (mmap + non-mmap):         13348864 Byte
20220312 000226.824 INFO             PET0 PIOc_sync Enter - MemInfo: [malloc] Total space used (mmap + non-mmap):         13182032 Byte
20220312 000226.824 INFO             PET0 PIOc_sync Enter - MemInfo: Wall-clock time since execution start:               0.225232 seconds
20220312 000226.824 INFO             PET0 PIOc_sync Exit - MemInfo: [/proc/meminfo - SSI]	MemTotal:       65855856 kB
20220312 000226.824 INFO             PET0 PIOc_sync Exit - MemInfo: [/proc/meminfo - SSI]	MemFree:        61161016 kB
20220312 000226.824 INFO             PET0 PIOc_sync Exit - MemInfo: [/proc/meminfo - SSI]	MemAvailable:   60949308 kB
20220312 000226.824 INFO             PET0 PIOc_sync Exit - MemInfo: [/proc/meminfo - SSI]	Committed_AS:    2907640 kB
20220312 000226.824 INFO             PET0 PIOc_sync Exit - MemInfo: [/proc/meminfo - SSI]	CommittedPercent: 4.41516 %
20220312 000226.824 INFO             PET0 PIOc_sync Exit - MemInfo: [/proc/self/status]	VmPeak:	  228484 kB
20220312 000226.824 INFO             PET0 PIOc_sync Exit - MemInfo: [/proc/self/status]	VmSize:	  228460 kB
20220312 000226.824 INFO             PET0 PIOc_sync Exit - MemInfo: [/proc/self/status]	VmLck:	       0 kB
20220312 000226.824 INFO             PET0 PIOc_sync Exit - MemInfo: [/proc/self/status]	VmPin:	       0 kB
20220312 000226.824 INFO             PET0 PIOc_sync Exit - MemInfo: [/proc/self/status]	VmHWM:	   30084 kB
20220312 000226.824 INFO             PET0 PIOc_sync Exit - MemInfo: [/proc/self/status]	VmRSS:	   30084 kB
20220312 000226.824 INFO             PET0 PIOc_sync Exit - MemInfo: [/proc/self/status]	VmData:	   33976 kB
20220312 000226.824 INFO             PET0 PIOc_sync Exit - MemInfo: [/proc/self/status]	VmStk:	     508 kB
20220312 000226.824 INFO             PET0 PIOc_sync Exit - MemInfo: [/proc/self/status]	VmExe:	    1944 kB
20220312 000226.824 INFO             PET0 PIOc_sync Exit - MemInfo: [/proc/self/status]	VmLib:	   93984 kB
20220312 000226.824 INFO             PET0 PIOc_sync Exit - MemInfo: [/proc/self/status]	VmPTE:	     360 kB
20220312 000226.824 INFO             PET0 PIOc_sync Exit - MemInfo: [/proc/self/status]	VmPMD:	      12 kB
20220312 000226.824 INFO             PET0 PIOc_sync Exit - MemInfo: [/proc/self/status]	VmSwap:	       0 kB
20220312 000226.824 INFO             PET0 PIOc_sync Exit - MemInfo: [/proc/self/status]	VmRSSPercent: 0.0456816 %
20220312 000226.824 INFO             PET0 PIOc_sync Exit - MemInfo: [malloc] Non-mmapped space allocated:                10129408 Byte
20220312 000226.824 INFO             PET0 PIOc_sync Exit - MemInfo: [malloc] Space allocated in mmapped regions:          3219456 Byte
20220312 000226.824 INFO             PET0 PIOc_sync Exit - MemInfo: [malloc] Maximum total allocated space:                     0 Byte
20220312 000226.824 INFO             PET0 PIOc_sync Exit - MemInfo: [malloc] Space in freed fastbin blocks:                   144 Byte
20220312 000226.824 INFO             PET0 PIOc_sync Exit - MemInfo: [malloc] Total allocated space:                       9954656 Byte
20220312 000226.824 INFO             PET0 PIOc_sync Exit - MemInfo: [malloc] Total free space:                             174752 Byte
20220312 000226.824 INFO             PET0 PIOc_sync Exit - MemInfo: [malloc] Top-most, releasable space:                   131104 Byte
20220312 000226.824 INFO             PET0 PIOc_sync Exit - MemInfo: [malloc] Total space in use, mmap + non-mmap:        13174112 Byte
20220312 000226.824 INFO             PET0 PIOc_sync Exit - MemInfo: [malloc] Total space held (mmap + non-mmap):         13348864 Byte
20220312 000226.824 INFO             PET0 PIOc_sync Exit - MemInfo: [malloc] Total space used (mmap + non-mmap):         13182432 Byte
20220312 000226.824 INFO             PET0 PIOc_sync Exit - MemInfo: Wall-clock time since execution start:               0.225587 seconds
20220312 000226.824 WARNING          PET0 ESMCI_PIO_Handler.C:1501 ESMCI::PIO_Handler::isOpen() File, sep.nc000, closed by PIO
20220312 000226.824 WARNING          PET0 ESMCI_PIO_Handler.C:1501 ESMCI::PIO_Handler::isOpen() File, sep.nc000, closed by PIO
20220312 000226.824 WARNING          PET0 ESMCI_PIO_Handler.C:1501 ESMCI::PIO_Handler::isOpen() File, sep.nc000, closed by PIO
20220312 000226.824 WARNING          PET0 ESMCI_PIO_Handler.C:1501 ESMCI::PIO_Handler::isOpen() File, sep.nc001, closed by PIO
20220312 000226.843 INFO             PET0 PIOc_sync Enter - MemInfo: [/proc/meminfo - SSI]	MemTotal:       65855856 kB
20220312 000226.843 INFO             PET0 PIOc_sync Enter - MemInfo: [/proc/meminfo - SSI]	MemFree:        61160200 kB
20220312 000226.843 INFO             PET0 PIOc_sync Enter - MemInfo: [/proc/meminfo - SSI]	MemAvailable:   60949324 kB
20220312 000226.843 INFO             PET0 PIOc_sync Enter - MemInfo: [/proc/meminfo - SSI]	Committed_AS:    2907640 kB
20220312 000226.843 INFO             PET0 PIOc_sync Enter - MemInfo: [/proc/meminfo - SSI]	CommittedPercent: 4.41516 %
20220312 000226.843 INFO             PET0 PIOc_sync Enter - MemInfo: [/proc/self/status]	VmPeak:	  228484 kB
20220312 000226.843 INFO             PET0 PIOc_sync Enter - MemInfo: [/proc/self/status]	VmSize:	  228460 kB
20220312 000226.843 INFO             PET0 PIOc_sync Enter - MemInfo: [/proc/self/status]	VmLck:	       0 kB
20220312 000226.843 INFO             PET0 PIOc_sync Enter - MemInfo: [/proc/self/status]	VmPin:	       0 kB
20220312 000226.843 INFO             PET0 PIOc_sync Enter - MemInfo: [/proc/self/status]	VmHWM:	   30084 kB
20220312 000226.843 INFO             PET0 PIOc_sync Enter - MemInfo: [/proc/self/status]	VmRSS:	   30084 kB
20220312 000226.843 INFO             PET0 PIOc_sync Enter - MemInfo: [/proc/self/status]	VmData:	   33976 kB
20220312 000226.843 INFO             PET0 PIOc_sync Enter - MemInfo: [/proc/self/status]	VmStk:	     508 kB
20220312 000226.843 INFO             PET0 PIOc_sync Enter - MemInfo: [/proc/self/status]	VmExe:	    1944 kB
20220312 000226.843 INFO             PET0 PIOc_sync Enter - MemInfo: [/proc/self/status]	VmLib:	   93984 kB
20220312 000226.843 INFO             PET0 PIOc_sync Enter - MemInfo: [/proc/self/status]	VmPTE:	     360 kB
20220312 000226.843 INFO             PET0 PIOc_sync Enter - MemInfo: [/proc/self/status]	VmPMD:	      12 kB
20220312 000226.843 INFO             PET0 PIOc_sync Enter - MemInfo: [/proc/self/status]	VmSwap:	       0 kB
20220312 000226.843 INFO             PET0 PIOc_sync Enter - MemInfo: [/proc/self/status]	VmRSSPercent: 0.0456816 %
20220312 000226.843 INFO             PET0 PIOc_sync Enter - MemInfo: [malloc] Non-mmapped space allocated:                10129408 Byte
20220312 000226.843 INFO             PET0 PIOc_sync Enter - MemInfo: [malloc] Space allocated in mmapped regions:          3219456 Byte
20220312 000226.843 INFO             PET0 PIOc_sync Enter - MemInfo: [malloc] Maximum total allocated space:                     0 Byte
20220312 000226.843 INFO             PET0 PIOc_sync Enter - MemInfo: [malloc] Space in freed fastbin blocks:                   480 Byte
20220312 000226.843 INFO             PET0 PIOc_sync Enter - MemInfo: [malloc] Total allocated space:                       9960832 Byte
20220312 000226.843 INFO             PET0 PIOc_sync Enter - MemInfo: [malloc] Total free space:                             168576 Byte
20220312 000226.843 INFO             PET0 PIOc_sync Enter - MemInfo: [malloc] Top-most, releasable space:                   131104 Byte
20220312 000226.843 INFO             PET0 PIOc_sync Enter - MemInfo: [malloc] Total space in use, mmap + non-mmap:        13180288 Byte
20220312 000226.843 INFO             PET0 PIOc_sync Enter - MemInfo: [malloc] Total space held (mmap + non-mmap):         13348864 Byte
20220312 000226.843 INFO             PET0 PIOc_sync Enter - MemInfo: [malloc] Total space used (mmap + non-mmap):         13188608 Byte
20220312 000226.843 INFO             PET0 PIOc_sync Enter - MemInfo: Wall-clock time since execution start:               0.244856 seconds
20220312 000226.844 INFO             PET0 PIOc_sync Exit - MemInfo: [/proc/meminfo - SSI]	MemTotal:       65855856 kB
20220312 000226.844 INFO             PET0 PIOc_sync Exit - MemInfo: [/proc/meminfo - SSI]	MemFree:        61160200 kB
20220312 000226.844 INFO             PET0 PIOc_sync Exit - MemInfo: [/proc/meminfo - SSI]	MemAvailable:   60949324 kB
20220312 000226.844 INFO             PET0 PIOc_sync Exit - MemInfo: [/proc/meminfo - SSI]	Committed_AS:    2907640 kB
20220312 000226.844 INFO             PET0 PIOc_sync Exit - MemInfo: [/proc/meminfo - SSI]	CommittedPercent: 4.41516 %
20220312 000226.844 INFO             PET0 PIOc_sync Exit - MemInfo: [/proc/self/status]	VmPeak:	  228484 kB
20220312 000226.844 INFO             PET0 PIOc_sync Exit - MemInfo: [/proc/self/status]	VmSize:	  228460 kB
20220312 000226.844 INFO             PET0 PIOc_sync Exit - MemInfo: [/proc/self/status]	VmLck:	       0 kB
20220312 000226.844 INFO             PET0 PIOc_sync Exit - MemInfo: [/proc/self/status]	VmPin:	       0 kB
20220312 000226.844 INFO             PET0 PIOc_sync Exit - MemInfo: [/proc/self/status]	VmHWM:	   30084 kB
20220312 000226.844 INFO             PET0 PIOc_sync Exit - MemInfo: [/proc/self/status]	VmRSS:	   30084 kB
20220312 000226.844 INFO             PET0 PIOc_sync Exit - MemInfo: [/proc/self/status]	VmData:	   33976 kB
20220312 000226.844 INFO             PET0 PIOc_sync Exit - MemInfo: [/proc/self/status]	VmStk:	     508 kB
20220312 000226.844 INFO             PET0 PIOc_sync Exit - MemInfo: [/proc/self/status]	VmExe:	    1944 kB
20220312 000226.844 INFO             PET0 PIOc_sync Exit - MemInfo: [/proc/self/status]	VmLib:	   93984 kB
20220312 000226.844 INFO             PET0 PIOc_sync Exit - MemInfo: [/proc/self/status]	VmPTE:	     360 kB
20220312 000226.844 INFO             PET0 PIOc_sync Exit - MemInfo: [/proc/self/status]	VmPMD:	      12 kB
20220312 000226.844 INFO             PET0 PIOc_sync Exit - MemInfo: [/proc/self/status]	VmSwap:	       0 kB
20220312 000226.844 INFO             PET0 PIOc_sync Exit - MemInfo: [/proc/self/status]	VmRSSPercent: 0.0456816 %
20220312 000226.844 INFO             PET0 PIOc_sync Exit - MemInfo: [malloc] Non-mmapped space allocated:                10129408 Byte
20220312 000226.844 INFO             PET0 PIOc_sync Exit - MemInfo: [malloc] Space allocated in mmapped regions:          3219456 Byte
20220312 000226.844 INFO             PET0 PIOc_sync Exit - MemInfo: [malloc] Maximum total allocated space:                     0 Byte
20220312 000226.844 INFO             PET0 PIOc_sync Exit - MemInfo: [malloc] Space in freed fastbin blocks:                   624 Byte
20220312 000226.844 INFO             PET0 PIOc_sync Exit - MemInfo: [malloc] Total allocated space:                       9961312 Byte
20220312 000226.844 INFO             PET0 PIOc_sync Exit - MemInfo: [malloc] Total free space:                             168096 Byte
20220312 000226.844 INFO             PET0 PIOc_sync Exit - MemInfo: [malloc] Top-most, releasable space:                   131104 Byte
20220312 000226.844 INFO             PET0 PIOc_sync Exit - MemInfo: [malloc] Total space in use, mmap + non-mmap:        13180768 Byte
20220312 000226.844 INFO             PET0 PIOc_sync Exit - MemInfo: [malloc] Total space held (mmap + non-mmap):         13348864 Byte
20220312 000226.844 INFO             PET0 PIOc_sync Exit - MemInfo: [malloc] Total space used (mmap + non-mmap):         13189088 Byte
20220312 000226.844 INFO             PET0 PIOc_sync Exit - MemInfo: Wall-clock time since execution start:               0.245237 seconds
20220312 000226.844 WARNING          PET0 ESMCI_PIO_Handler.C:1501 ESMCI::PIO_Handler::isOpen() File, sep.nc001, closed by PIO
20220312 000226.844 WARNING          PET0 ESMCI_PIO_Handler.C:1501 ESMCI::PIO_Handler::isOpen() File, sep.nc001, closed by PIO
20220312 000226.844 WARNING          PET0 ESMCI_PIO_Handler.C:1501 ESMCI::PIO_Handler::isOpen() File, sep.nc001, closed by PIO
20220312 000226.844 WARNING          PET0 ESMCI_PIO_Handler.C:1501 ESMCI::PIO_Handler::isOpen() File, sep.nc002, closed by PIO
20220312 000226.853 INFO             PET0 PIOc_sync Enter - MemInfo: [/proc/meminfo - SSI]	MemTotal:       65855856 kB
20220312 000226.853 INFO             PET0 PIOc_sync Enter - MemInfo: [/proc/meminfo - SSI]	MemFree:        61160200 kB
20220312 000226.853 INFO             PET0 PIOc_sync Enter - MemInfo: [/proc/meminfo - SSI]	MemAvailable:   60949324 kB
20220312 000226.853 INFO             PET0 PIOc_sync Enter - MemInfo: [/proc/meminfo - SSI]	Committed_AS:    2907640 kB
20220312 000226.853 INFO             PET0 PIOc_sync Enter - MemInfo: [/proc/meminfo - SSI]	CommittedPercent: 4.41516 %
20220312 000226.853 INFO             PET0 PIOc_sync Enter - MemInfo: [/proc/self/status]	VmPeak:	  228484 kB
20220312 000226.853 INFO             PET0 PIOc_sync Enter - MemInfo: [/proc/self/status]	VmSize:	  228460 kB
20220312 000226.853 INFO             PET0 PIOc_sync Enter - MemInfo: [/proc/self/status]	VmLck:	       0 kB
20220312 000226.853 INFO             PET0 PIOc_sync Enter - MemInfo: [/proc/self/status]	VmPin:	       0 kB
20220312 000226.853 INFO             PET0 PIOc_sync Enter - MemInfo: [/proc/self/status]	VmHWM:	   30084 kB
20220312 000226.853 INFO             PET0 PIOc_sync Enter - MemInfo: [/proc/self/status]	VmRSS:	   30084 kB
20220312 000226.853 INFO             PET0 PIOc_sync Enter - MemInfo: [/proc/self/status]	VmData:	   33976 kB
20220312 000226.853 INFO             PET0 PIOc_sync Enter - MemInfo: [/proc/self/status]	VmStk:	     508 kB
20220312 000226.853 INFO             PET0 PIOc_sync Enter - MemInfo: [/proc/self/status]	VmExe:	    1944 kB
20220312 000226.853 INFO             PET0 PIOc_sync Enter - MemInfo: [/proc/self/status]	VmLib:	   93984 kB
20220312 000226.853 INFO             PET0 PIOc_sync Enter - MemInfo: [/proc/self/status]	VmPTE:	     360 kB
20220312 000226.853 INFO             PET0 PIOc_sync Enter - MemInfo: [/proc/self/status]	VmPMD:	      12 kB
20220312 000226.853 INFO             PET0 PIOc_sync Enter - MemInfo: [/proc/self/status]	VmSwap:	       0 kB
20220312 000226.853 INFO             PET0 PIOc_sync Enter - MemInfo: [/proc/self/status]	VmRSSPercent: 0.0456816 %
20220312 000226.853 INFO             PET0 PIOc_sync Enter - MemInfo: [malloc] Non-mmapped space allocated:                10129408 Byte
20220312 000226.853 INFO             PET0 PIOc_sync Enter - MemInfo: [malloc] Space allocated in mmapped regions:          3219456 Byte
20220312 000226.853 INFO             PET0 PIOc_sync Enter - MemInfo: [malloc] Maximum total allocated space:                     0 Byte
20220312 000226.853 INFO             PET0 PIOc_sync Enter - MemInfo: [malloc] Space in freed fastbin blocks:                   480 Byte
20220312 000226.853 INFO             PET0 PIOc_sync Enter - MemInfo: [malloc] Total allocated space:                       9976976 Byte
20220312 000226.853 INFO             PET0 PIOc_sync Enter - MemInfo: [malloc] Total free space:                             152432 Byte
20220312 000226.853 INFO             PET0 PIOc_sync Enter - MemInfo: [malloc] Top-most, releasable space:                   131104 Byte
20220312 000226.853 INFO             PET0 PIOc_sync Enter - MemInfo: [malloc] Total space in use, mmap + non-mmap:        13196432 Byte
20220312 000226.853 INFO             PET0 PIOc_sync Enter - MemInfo: [malloc] Total space held (mmap + non-mmap):         13348864 Byte
20220312 000226.853 INFO             PET0 PIOc_sync Enter - MemInfo: [malloc] Total space used (mmap + non-mmap):         13204752 Byte
20220312 000226.853 INFO             PET0 PIOc_sync Enter - MemInfo: Wall-clock time since execution start:               0.254677 seconds
20220312 000226.853 INFO             PET0 PIOc_sync Exit - MemInfo: [/proc/meminfo - SSI]	MemTotal:       65855856 kB
20220312 000226.853 INFO             PET0 PIOc_sync Exit - MemInfo: [/proc/meminfo - SSI]	MemFree:        61160200 kB
20220312 000226.853 INFO             PET0 PIOc_sync Exit - MemInfo: [/proc/meminfo - SSI]	MemAvailable:   60949324 kB
20220312 000226.853 INFO             PET0 PIOc_sync Exit - MemInfo: [/proc/meminfo - SSI]	Committed_AS:    2907640 kB
20220312 000226.853 INFO             PET0 PIOc_sync Exit - MemInfo: [/proc/meminfo - SSI]	CommittedPercent: 4.41516 %
20220312 000226.853 INFO             PET0 PIOc_sync Exit - MemInfo: [/proc/self/status]	VmPeak:	  228484 kB
20220312 000226.853 INFO             PET0 PIOc_sync Exit - MemInfo: [/proc/self/status]	VmSize:	  228460 kB
20220312 000226.853 INFO             PET0 PIOc_sync Exit - MemInfo: [/proc/self/status]	VmLck:	       0 kB
20220312 000226.853 INFO             PET0 PIOc_sync Exit - MemInfo: [/proc/self/status]	VmPin:	       0 kB
20220312 000226.853 INFO             PET0 PIOc_sync Exit - MemInfo: [/proc/self/status]	VmHWM:	   30084 kB
20220312 000226.853 INFO             PET0 PIOc_sync Exit - MemInfo: [/proc/self/status]	VmRSS:	   30084 kB
20220312 000226.853 INFO             PET0 PIOc_sync Exit - MemInfo: [/proc/self/status]	VmData:	   33976 kB
20220312 000226.853 INFO             PET0 PIOc_sync Exit - MemInfo: [/proc/self/status]	VmStk:	     508 kB
20220312 000226.853 INFO             PET0 PIOc_sync Exit - MemInfo: [/proc/self/status]	VmExe:	    1944 kB
20220312 000226.853 INFO             PET0 PIOc_sync Exit - MemInfo: [/proc/self/status]	VmLib:	   93984 kB
20220312 000226.853 INFO             PET0 PIOc_sync Exit - MemInfo: [/proc/self/status]	VmPTE:	     360 kB
20220312 000226.853 INFO             PET0 PIOc_sync Exit - MemInfo: [/proc/self/status]	VmPMD:	      12 kB
20220312 000226.853 INFO             PET0 PIOc_sync Exit - MemInfo: [/proc/self/status]	VmSwap:	       0 kB
20220312 000226.853 INFO             PET0 PIOc_sync Exit - MemInfo: [/proc/self/status]	VmRSSPercent: 0.0456816 %
20220312 000226.853 INFO             PET0 PIOc_sync Exit - MemInfo: [malloc] Non-mmapped space allocated:                10129408 Byte
20220312 000226.853 INFO             PET0 PIOc_sync Exit - MemInfo: [malloc] Space allocated in mmapped regions:          3219456 Byte
20220312 000226.854 INFO             PET0 PIOc_sync Exit - MemInfo: [malloc] Maximum total allocated space:                     0 Byte
20220312 000226.854 INFO             PET0 PIOc_sync Exit - MemInfo: [malloc] Space in freed fastbin blocks:                   528 Byte
20220312 000226.854 INFO             PET0 PIOc_sync Exit - MemInfo: [malloc] Total allocated space:                       9996864 Byte
20220312 000226.854 INFO             PET0 PIOc_sync Exit - MemInfo: [malloc] Total free space:                             132544 Byte
20220312 000226.854 INFO             PET0 PIOc_sync Exit - MemInfo: [malloc] Top-most, releasable space:                   113808 Byte
20220312 000226.854 INFO             PET0 PIOc_sync Exit - MemInfo: [malloc] Total space in use, mmap + non-mmap:        13216320 Byte
20220312 000226.854 INFO             PET0 PIOc_sync Exit - MemInfo: [malloc] Total space held (mmap + non-mmap):         13348864 Byte
20220312 000226.854 INFO             PET0 PIOc_sync Exit - MemInfo: [malloc] Total space used (mmap + non-mmap):         13224640 Byte
20220312 000226.854 INFO             PET0 PIOc_sync Exit - MemInfo: Wall-clock time since execution start:               0.255044 seconds
20220312 000226.854 INFO             PET0 PIOc_freedecomp Enter - MemInfo: [/proc/meminfo - SSI]	MemTotal:       65855856 kB
20220312 000226.854 INFO             PET0 PIOc_freedecomp Enter - MemInfo: [/proc/meminfo - SSI]	MemFree:        61160200 kB
20220312 000226.854 INFO             PET0 PIOc_freedecomp Enter - MemInfo: [/proc/meminfo - SSI]	MemAvailable:   60949576 kB
20220312 000226.854 INFO             PET0 PIOc_freedecomp Enter - MemInfo: [/proc/meminfo - SSI]	Committed_AS:    2907640 kB
20220312 000226.854 INFO             PET0 PIOc_freedecomp Enter - MemInfo: [/proc/meminfo - SSI]	CommittedPercent: 4.41516 %
20220312 000226.854 INFO             PET0 PIOc_freedecomp Enter - MemInfo: [/proc/self/status]	VmPeak:	  228484 kB
20220312 000226.854 INFO             PET0 PIOc_freedecomp Enter - MemInfo: [/proc/self/status]	VmSize:	  228460 kB
20220312 000226.854 INFO             PET0 PIOc_freedecomp Enter - MemInfo: [/proc/self/status]	VmLck:	       0 kB
20220312 000226.854 INFO             PET0 PIOc_freedecomp Enter - MemInfo: [/proc/self/status]	VmPin:	       0 kB
20220312 000226.854 INFO             PET0 PIOc_freedecomp Enter - MemInfo: [/proc/self/status]	VmHWM:	   30084 kB
20220312 000226.854 INFO             PET0 PIOc_freedecomp Enter - MemInfo: [/proc/self/status]	VmRSS:	   30084 kB
20220312 000226.854 INFO             PET0 PIOc_freedecomp Enter - MemInfo: [/proc/self/status]	VmData:	   33976 kB
20220312 000226.854 INFO             PET0 PIOc_freedecomp Enter - MemInfo: [/proc/self/status]	VmStk:	     508 kB
20220312 000226.854 INFO             PET0 PIOc_freedecomp Enter - MemInfo: [/proc/self/status]	VmExe:	    1944 kB
20220312 000226.854 INFO             PET0 PIOc_freedecomp Enter - MemInfo: [/proc/self/status]	VmLib:	   93984 kB
20220312 000226.854 INFO             PET0 PIOc_freedecomp Enter - MemInfo: [/proc/self/status]	VmPTE:	     360 kB
20220312 000226.854 INFO             PET0 PIOc_freedecomp Enter - MemInfo: [/proc/self/status]	VmPMD:	      12 kB
20220312 000226.854 INFO             PET0 PIOc_freedecomp Enter - MemInfo: [/proc/self/status]	VmSwap:	       0 kB
20220312 000226.854 INFO             PET0 PIOc_freedecomp Enter - MemInfo: [/proc/self/status]	VmRSSPercent: 0.0456816 %
20220312 000226.854 INFO             PET0 PIOc_freedecomp Enter - MemInfo: [malloc] Non-mmapped space allocated:                10129408 Byte
20220312 000226.854 INFO             PET0 PIOc_freedecomp Enter - MemInfo: [malloc] Space allocated in mmapped regions:          3219456 Byte
20220312 000226.854 INFO             PET0 PIOc_freedecomp Enter - MemInfo: [malloc] Maximum total allocated space:                     0 Byte
20220312 000226.854 INFO             PET0 PIOc_freedecomp Enter - MemInfo: [malloc] Space in freed fastbin blocks:                   240 Byte
20220312 000226.854 INFO             PET0 PIOc_freedecomp Enter - MemInfo: [malloc] Total allocated space:                       1072368 Byte
20220312 000226.854 INFO             PET0 PIOc_freedecomp Enter - MemInfo: [malloc] Total free space:                            9057040 Byte
20220312 000226.854 INFO             PET0 PIOc_freedecomp Enter - MemInfo: [malloc] Top-most, releasable space:                   113808 Byte
20220312 000226.854 INFO             PET0 PIOc_freedecomp Enter - MemInfo: [malloc] Total space in use, mmap + non-mmap:         4291824 Byte
20220312 000226.854 INFO             PET0 PIOc_freedecomp Enter - MemInfo: [malloc] Total space held (mmap + non-mmap):         13348864 Byte
20220312 000226.854 INFO             PET0 PIOc_freedecomp Enter - MemInfo: [malloc] Total space used (mmap + non-mmap):          4300032 Byte
20220312 000226.854 INFO             PET0 PIOc_freedecomp Enter - MemInfo: Wall-clock time since execution start:               0.255554 seconds
20220312 000226.854 INFO             PET0 PIOc_freedecomp Exit - MemInfo: [/proc/meminfo - SSI]	MemTotal:       65855856 kB
20220312 000226.854 INFO             PET0 PIOc_freedecomp Exit - MemInfo: [/proc/meminfo - SSI]	MemFree:        61160200 kB
20220312 000226.854 INFO             PET0 PIOc_freedecomp Exit - MemInfo: [/proc/meminfo - SSI]	MemAvailable:   60949576 kB
20220312 000226.854 INFO             PET0 PIOc_freedecomp Exit - MemInfo: [/proc/meminfo - SSI]	Committed_AS:    2907640 kB
20220312 000226.854 INFO             PET0 PIOc_freedecomp Exit - MemInfo: [/proc/meminfo - SSI]	CommittedPercent: 4.41516 %
20220312 000226.854 INFO             PET0 PIOc_freedecomp Exit - MemInfo: [/proc/self/status]	VmPeak:	  228484 kB
20220312 000226.854 INFO             PET0 PIOc_freedecomp Exit - MemInfo: [/proc/self/status]	VmSize:	  228460 kB
20220312 000226.854 INFO             PET0 PIOc_freedecomp Exit - MemInfo: [/proc/self/status]	VmLck:	       0 kB
20220312 000226.854 INFO             PET0 PIOc_freedecomp Exit - MemInfo: [/proc/self/status]	VmPin:	       0 kB
20220312 000226.854 INFO             PET0 PIOc_freedecomp Exit - MemInfo: [/proc/self/status]	VmHWM:	   30084 kB
20220312 000226.854 INFO             PET0 PIOc_freedecomp Exit - MemInfo: [/proc/self/status]	VmRSS:	   30084 kB
20220312 000226.854 INFO             PET0 PIOc_freedecomp Exit - MemInfo: [/proc/self/status]	VmData:	   33976 kB
20220312 000226.854 INFO             PET0 PIOc_freedecomp Exit - MemInfo: [/proc/self/status]	VmStk:	     508 kB
20220312 000226.854 INFO             PET0 PIOc_freedecomp Exit - MemInfo: [/proc/self/status]	VmExe:	    1944 kB
20220312 000226.854 INFO             PET0 PIOc_freedecomp Exit - MemInfo: [/proc/self/status]	VmLib:	   93984 kB
20220312 000226.854 INFO             PET0 PIOc_freedecomp Exit - MemInfo: [/proc/self/status]	VmPTE:	     360 kB
20220312 000226.854 INFO             PET0 PIOc_freedecomp Exit - MemInfo: [/proc/self/status]	VmPMD:	      12 kB
20220312 000226.854 INFO             PET0 PIOc_freedecomp Exit - MemInfo: [/proc/self/status]	VmSwap:	       0 kB
20220312 000226.854 INFO             PET0 PIOc_freedecomp Exit - MemInfo: [/proc/self/status]	VmRSSPercent: 0.0456816 %
20220312 000226.854 INFO             PET0 PIOc_freedecomp Exit - MemInfo: [malloc] Non-mmapped space allocated:                10129408 Byte
20220312 000226.854 INFO             PET0 PIOc_freedecomp Exit - MemInfo: [malloc] Space allocated in mmapped regions:          3219456 Byte
20220312 000226.854 INFO             PET0 PIOc_freedecomp Exit - MemInfo: [malloc] Maximum total allocated space:                     0 Byte
20220312 000226.854 INFO             PET0 PIOc_freedecomp Exit - MemInfo: [malloc] Space in freed fastbin blocks:                   400 Byte
20220312 000226.854 INFO             PET0 PIOc_freedecomp Exit - MemInfo: [malloc] Total allocated space:                       1038384 Byte
20220312 000226.854 INFO             PET0 PIOc_freedecomp Exit - MemInfo: [malloc] Total free space:                            9091024 Byte
20220312 000226.854 INFO             PET0 PIOc_freedecomp Exit - MemInfo: [malloc] Top-most, releasable space:                  9044032 Byte
20220312 000226.854 INFO             PET0 PIOc_freedecomp Exit - MemInfo: [malloc] Total space in use, mmap + non-mmap:         4257840 Byte
20220312 000226.854 INFO             PET0 PIOc_freedecomp Exit - MemInfo: [malloc] Total space held (mmap + non-mmap):         13348864 Byte
20220312 000226.854 INFO             PET0 PIOc_freedecomp Exit - MemInfo: [malloc] Total space used (mmap + non-mmap):          4266048 Byte
20220312 000226.854 INFO             PET0 PIOc_freedecomp Exit - MemInfo: Wall-clock time since execution start:               0.255824 seconds
20220312 000226.854 INFO             PET0 PIOc_freedecomp Enter - MemInfo: [/proc/meminfo - SSI]	MemTotal:       65855856 kB
20220312 000226.854 INFO             PET0 PIOc_freedecomp Enter - MemInfo: [/proc/meminfo - SSI]	MemFree:        61160200 kB
20220312 000226.854 INFO             PET0 PIOc_freedecomp Enter - MemInfo: [/proc/meminfo - SSI]	MemAvailable:   60949576 kB
20220312 000226.854 INFO             PET0 PIOc_freedecomp Enter - MemInfo: [/proc/meminfo - SSI]	Committed_AS:    2907640 kB
20220312 000226.854 INFO             PET0 PIOc_freedecomp Enter - MemInfo: [/proc/meminfo - SSI]	CommittedPercent: 4.41516 %
20220312 000226.854 INFO             PET0 PIOc_freedecomp Enter - MemInfo: [/proc/self/status]	VmPeak:	  228484 kB
20220312 000226.854 INFO             PET0 PIOc_freedecomp Enter - MemInfo: [/proc/self/status]	VmSize:	  228460 kB
20220312 000226.854 INFO             PET0 PIOc_freedecomp Enter - MemInfo: [/proc/self/status]	VmLck:	       0 kB
20220312 000226.854 INFO             PET0 PIOc_freedecomp Enter - MemInfo: [/proc/self/status]	VmPin:	       0 kB
20220312 000226.854 INFO             PET0 PIOc_freedecomp Enter - MemInfo: [/proc/self/status]	VmHWM:	   30084 kB
20220312 000226.854 INFO             PET0 PIOc_freedecomp Enter - MemInfo: [/proc/self/status]	VmRSS:	   30084 kB
20220312 000226.854 INFO             PET0 PIOc_freedecomp Enter - MemInfo: [/proc/self/status]	VmData:	   33976 kB
20220312 000226.854 INFO             PET0 PIOc_freedecomp Enter - MemInfo: [/proc/self/status]	VmStk:	     508 kB
20220312 000226.854 INFO             PET0 PIOc_freedecomp Enter - MemInfo: [/proc/self/status]	VmExe:	    1944 kB
20220312 000226.854 INFO             PET0 PIOc_freedecomp Enter - MemInfo: [/proc/self/status]	VmLib:	   93984 kB
20220312 000226.854 INFO             PET0 PIOc_freedecomp Enter - MemInfo: [/proc/self/status]	VmPTE:	     360 kB
20220312 000226.855 INFO             PET0 PIOc_freedecomp Enter - MemInfo: [/proc/self/status]	VmPMD:	      12 kB
20220312 000226.855 INFO             PET0 PIOc_freedecomp Enter - MemInfo: [/proc/self/status]	VmSwap:	       0 kB
20220312 000226.855 INFO             PET0 PIOc_freedecomp Enter - MemInfo: [/proc/self/status]	VmRSSPercent: 0.0456816 %
20220312 000226.855 INFO             PET0 PIOc_freedecomp Enter - MemInfo: [malloc] Non-mmapped space allocated:                10129408 Byte
20220312 000226.855 INFO             PET0 PIOc_freedecomp Enter - MemInfo: [malloc] Space allocated in mmapped regions:          3219456 Byte
20220312 000226.855 INFO             PET0 PIOc_freedecomp Enter - MemInfo: [malloc] Maximum total allocated space:                     0 Byte
20220312 000226.855 INFO             PET0 PIOc_freedecomp Enter - MemInfo: [malloc] Space in freed fastbin blocks:                    64 Byte
20220312 000226.855 INFO             PET0 PIOc_freedecomp Enter - MemInfo: [malloc] Total allocated space:                       1038320 Byte
20220312 000226.855 INFO             PET0 PIOc_freedecomp Enter - MemInfo: [malloc] Total free space:                            9091088 Byte
20220312 000226.855 INFO             PET0 PIOc_freedecomp Enter - MemInfo: [malloc] Top-most, releasable space:                  9044032 Byte
20220312 000226.855 INFO             PET0 PIOc_freedecomp Enter - MemInfo: [malloc] Total space in use, mmap + non-mmap:         4257776 Byte
20220312 000226.855 INFO             PET0 PIOc_freedecomp Enter - MemInfo: [malloc] Total space held (mmap + non-mmap):         13348864 Byte
20220312 000226.855 INFO             PET0 PIOc_freedecomp Enter - MemInfo: [malloc] Total space used (mmap + non-mmap):          4265984 Byte
20220312 000226.855 INFO             PET0 PIOc_freedecomp Enter - MemInfo: Wall-clock time since execution start:               0.256085 seconds
20220312 000226.855 INFO             PET0 PIOc_freedecomp Exit - MemInfo: [/proc/meminfo - SSI]	MemTotal:       65855856 kB
20220312 000226.855 INFO             PET0 PIOc_freedecomp Exit - MemInfo: [/proc/meminfo - SSI]	MemFree:        61160200 kB
20220312 000226.855 INFO             PET0 PIOc_freedecomp Exit - MemInfo: [/proc/meminfo - SSI]	MemAvailable:   60949576 kB
20220312 000226.855 INFO             PET0 PIOc_freedecomp Exit - MemInfo: [/proc/meminfo - SSI]	Committed_AS:    2907640 kB
20220312 000226.855 INFO             PET0 PIOc_freedecomp Exit - MemInfo: [/proc/meminfo - SSI]	CommittedPercent: 4.41516 %
20220312 000226.855 INFO             PET0 PIOc_freedecomp Exit - MemInfo: [/proc/self/status]	VmPeak:	  228484 kB
20220312 000226.855 INFO             PET0 PIOc_freedecomp Exit - MemInfo: [/proc/self/status]	VmSize:	  228460 kB
20220312 000226.855 INFO             PET0 PIOc_freedecomp Exit - MemInfo: [/proc/self/status]	VmLck:	       0 kB
20220312 000226.855 INFO             PET0 PIOc_freedecomp Exit - MemInfo: [/proc/self/status]	VmPin:	       0 kB
20220312 000226.855 INFO             PET0 PIOc_freedecomp Exit - MemInfo: [/proc/self/status]	VmHWM:	   30084 kB
20220312 000226.855 INFO             PET0 PIOc_freedecomp Exit - MemInfo: [/proc/self/status]	VmRSS:	   30084 kB
20220312 000226.855 INFO             PET0 PIOc_freedecomp Exit - MemInfo: [/proc/self/status]	VmData:	   33976 kB
20220312 000226.855 INFO             PET0 PIOc_freedecomp Exit - MemInfo: [/proc/self/status]	VmStk:	     508 kB
20220312 000226.855 INFO             PET0 PIOc_freedecomp Exit - MemInfo: [/proc/self/status]	VmExe:	    1944 kB
20220312 000226.855 INFO             PET0 PIOc_freedecomp Exit - MemInfo: [/proc/self/status]	VmLib:	   93984 kB
20220312 000226.855 INFO             PET0 PIOc_freedecomp Exit - MemInfo: [/proc/self/status]	VmPTE:	     360 kB
20220312 000226.855 INFO             PET0 PIOc_freedecomp Exit - MemInfo: [/proc/self/status]	VmPMD:	      12 kB
20220312 000226.855 INFO             PET0 PIOc_freedecomp Exit - MemInfo: [/proc/self/status]	VmSwap:	       0 kB
20220312 000226.855 INFO             PET0 PIOc_freedecomp Exit - MemInfo: [/proc/self/status]	VmRSSPercent: 0.0456816 %
20220312 000226.855 INFO             PET0 PIOc_freedecomp Exit - MemInfo: [malloc] Non-mmapped space allocated:                10129408 Byte
20220312 000226.855 INFO             PET0 PIOc_freedecomp Exit - MemInfo: [malloc] Space allocated in mmapped regions:          3219456 Byte
20220312 000226.855 INFO             PET0 PIOc_freedecomp Exit - MemInfo: [malloc] Maximum total allocated space:                     0 Byte
20220312 000226.855 INFO             PET0 PIOc_freedecomp Exit - MemInfo: [malloc] Space in freed fastbin blocks:                   544 Byte
20220312 000226.855 INFO             PET0 PIOc_freedecomp Exit - MemInfo: [malloc] Total allocated space:                       1035008 Byte
20220312 000226.855 INFO             PET0 PIOc_freedecomp Exit - MemInfo: [malloc] Total free space:                            9094400 Byte
20220312 000226.855 INFO             PET0 PIOc_freedecomp Exit - MemInfo: [malloc] Top-most, releasable space:                  9044032 Byte
20220312 000226.855 INFO             PET0 PIOc_freedecomp Exit - MemInfo: [malloc] Total space in use, mmap + non-mmap:         4254464 Byte
