build time -- 2022-03-12 23:46:11
20220313 000827.086 INFO             PET0 !!!!!!!!!!!!!!!!!!!!!!!!!!!!!!!!!!!!!!!!!!!!!!!!!!!!!!
20220313 000827.086 INFO             PET0 !!! THE ESMF_LOG IS SET TO OUTPUT ALL LOG MESSAGES !!!
20220313 000827.086 INFO             PET0 !!!     THIS MAY CAUSE SLOWDOWN IN PERFORMANCE     !!!
20220313 000827.086 INFO             PET0 !!! FOR PRODUCTION RUNS, USE:                      !!!
20220313 000827.086 INFO             PET0 !!!                   ESMF_LOGKIND_Multi_On_Error  !!!
20220313 000827.086 INFO             PET0 !!!!!!!!!!!!!!!!!!!!!!!!!!!!!!!!!!!!!!!!!!!!!!!!!!!!!!
20220313 000827.086 INFO             PET0 Running with ESMF Version   : v8.3.0b09-96-g559b459836
20220313 000827.086 INFO             PET0 ESMF library build date/time: "Mar 12 2022" "23:42:39"
20220313 000827.086 INFO             PET0 ESMF library build location : /lustre/f2/dev/ncep/Mark.Potts/intel_2019.5_mpi_O_jedwards_pio_update2
20220313 000827.086 INFO             PET0 ESMF_COMM                   : mpi
20220313 000827.087 INFO             PET0 ESMF_MOAB                   : enabled
20220313 000827.087 INFO             PET0 ESMF_LAPACK                 : enabled
20220313 000827.087 INFO             PET0 ESMF_NETCDF                 : enabled
20220313 000827.087 INFO             PET0 ESMF_PNETCDF                : disabled
20220313 000827.087 INFO             PET0 ESMF_PIO                    : enabled
20220313 000827.087 INFO             PET0 ESMF_YAMLCPP                : enabled
20220313 000827.106 INFO             PET0  Beginning Test, file ESMF_FieldIOUTest.F90, line 123
20220313 000827.106 INFO             PET0  NUMBER_OF_PROCESSORS           4
20220313 000827.106 INFO             PET0  PASS  Array Spec Set, ESMF_FieldIOUTest.F90, line 146
20220313 000827.108 INFO             PET0  PASS  Creating a Grid to use in Field Tests, ESMF_FieldIOUTest.F90, line 157
20220313 000827.109 INFO             PET0  PASS  Create a field from grid and fortran dummy array, ESMF_FieldIOUTest.F90, line 179
20220313 000827.109 INFO             PET0  PASS  Get Farray_w from field, ESMF_FieldIOUTest.F90, line 190
20220313 000827.130 INFO             PET0 PIOc_sync Enter - MemInfo: [/proc/meminfo - SSI]	MemTotal:       65855856 kB
20220313 000827.130 INFO             PET0 PIOc_sync Enter - MemInfo: [/proc/meminfo - SSI]	MemFree:        61210124 kB
20220313 000827.130 INFO             PET0 PIOc_sync Enter - MemInfo: [/proc/meminfo - SSI]	MemAvailable:   60993252 kB
20220313 000827.130 INFO             PET0 PIOc_sync Enter - MemInfo: [/proc/meminfo - SSI]	Committed_AS:    2922048 kB
20220313 000827.130 INFO             PET0 PIOc_sync Enter - MemInfo: [/proc/meminfo - SSI]	CommittedPercent: 4.43704 %
20220313 000827.130 INFO             PET0 PIOc_sync Enter - MemInfo: [/proc/self/status]	VmPeak:	  227720 kB
20220313 000827.130 INFO             PET0 PIOc_sync Enter - MemInfo: [/proc/self/status]	VmSize:	  227720 kB
20220313 000827.130 INFO             PET0 PIOc_sync Enter - MemInfo: [/proc/self/status]	VmLck:	       0 kB
20220313 000827.130 INFO             PET0 PIOc_sync Enter - MemInfo: [/proc/self/status]	VmPin:	       0 kB
20220313 000827.130 INFO             PET0 PIOc_sync Enter - MemInfo: [/proc/self/status]	VmHWM:	   29596 kB
20220313 000827.130 INFO             PET0 PIOc_sync Enter - MemInfo: [/proc/self/status]	VmRSS:	   29596 kB
20220313 000827.130 INFO             PET0 PIOc_sync Enter - MemInfo: [/proc/self/status]	VmData:	   33372 kB
20220313 000827.130 INFO             PET0 PIOc_sync Enter - MemInfo: [/proc/self/status]	VmStk:	     508 kB
20220313 000827.130 INFO             PET0 PIOc_sync Enter - MemInfo: [/proc/self/status]	VmExe:	    1788 kB
20220313 000827.130 INFO             PET0 PIOc_sync Enter - MemInfo: [/proc/self/status]	VmLib:	   93984 kB
20220313 000827.130 INFO             PET0 PIOc_sync Enter - MemInfo: [/proc/self/status]	VmPTE:	     360 kB
20220313 000827.130 INFO             PET0 PIOc_sync Enter - MemInfo: [/proc/self/status]	VmPMD:	      12 kB
20220313 000827.130 INFO             PET0 PIOc_sync Enter - MemInfo: [/proc/self/status]	VmSwap:	       0 kB
20220313 000827.130 INFO             PET0 PIOc_sync Enter - MemInfo: [/proc/self/status]	VmRSSPercent: 0.0449406 %
20220313 000827.130 INFO             PET0 PIOc_sync Enter - MemInfo: [malloc] Non-mmapped space allocated:                 1044480 Byte
20220313 000827.130 INFO             PET0 PIOc_sync Enter - MemInfo: [malloc] Space allocated in mmapped regions:         11808768 Byte
20220313 000827.130 INFO             PET0 PIOc_sync Enter - MemInfo: [malloc] Maximum total allocated space:                     0 Byte
20220313 000827.130 INFO             PET0 PIOc_sync Enter - MemInfo: [malloc] Space in freed fastbin blocks:                     0 Byte
20220313 000827.130 INFO             PET0 PIOc_sync Enter - MemInfo: [malloc] Total allocated space:                        932464 Byte
20220313 000827.130 INFO             PET0 PIOc_sync Enter - MemInfo: [malloc] Total free space:                             112016 Byte
20220313 000827.130 INFO             PET0 PIOc_sync Enter - MemInfo: [malloc] Top-most, releasable space:                   112016 Byte
20220313 000827.130 INFO             PET0 PIOc_sync Enter - MemInfo: [malloc] Total space in use, mmap + non-mmap:        12741232 Byte
20220313 000827.130 INFO             PET0 PIOc_sync Enter - MemInfo: [malloc] Total space held (mmap + non-mmap):         12853248 Byte
20220313 000827.130 INFO             PET0 PIOc_sync Enter - MemInfo: [malloc] Total space used (mmap + non-mmap):         12750848 Byte
20220313 000827.130 INFO             PET0 PIOc_sync Enter - MemInfo: Wall-clock time since execution start:              0.0617862 seconds
20220313 000831.461 INFO             PET0 PIOc_sync Exit - MemInfo: [/proc/meminfo - SSI]	MemTotal:       65855856 kB
20220313 000831.461 INFO             PET0 PIOc_sync Exit - MemInfo: [/proc/meminfo - SSI]	MemFree:        61218852 kB
20220313 000831.461 INFO             PET0 PIOc_sync Exit - MemInfo: [/proc/meminfo - SSI]	MemAvailable:   61003368 kB
20220313 000831.461 INFO             PET0 PIOc_sync Exit - MemInfo: [/proc/meminfo - SSI]	Committed_AS:    2922048 kB
20220313 000831.461 INFO             PET0 PIOc_sync Exit - MemInfo: [/proc/meminfo - SSI]	CommittedPercent: 4.43704 %
20220313 000831.461 INFO             PET0 PIOc_sync Exit - MemInfo: [/proc/self/status]	VmPeak:	  228044 kB
20220313 000831.461 INFO             PET0 PIOc_sync Exit - MemInfo: [/proc/self/status]	VmSize:	  228044 kB
20220313 000831.461 INFO             PET0 PIOc_sync Exit - MemInfo: [/proc/self/status]	VmLck:	       0 kB
20220313 000831.461 INFO             PET0 PIOc_sync Exit - MemInfo: [/proc/self/status]	VmPin:	       0 kB
20220313 000831.461 INFO             PET0 PIOc_sync Exit - MemInfo: [/proc/self/status]	VmHWM:	   30108 kB
20220313 000831.461 INFO             PET0 PIOc_sync Exit - MemInfo: [/proc/self/status]	VmRSS:	   30108 kB
20220313 000831.461 INFO             PET0 PIOc_sync Exit - MemInfo: [/proc/self/status]	VmData:	   33696 kB
20220313 000831.461 INFO             PET0 PIOc_sync Exit - MemInfo: [/proc/self/status]	VmStk:	     508 kB
20220313 000831.461 INFO             PET0 PIOc_sync Exit - MemInfo: [/proc/self/status]	VmExe:	    1788 kB
20220313 000831.461 INFO             PET0 PIOc_sync Exit - MemInfo: [/proc/self/status]	VmLib:	   93984 kB
20220313 000831.461 INFO             PET0 PIOc_sync Exit - MemInfo: [/proc/self/status]	VmPTE:	     364 kB
20220313 000831.461 INFO             PET0 PIOc_sync Exit - MemInfo: [/proc/self/status]	VmPMD:	      12 kB
20220313 000831.461 INFO             PET0 PIOc_sync Exit - MemInfo: [/proc/self/status]	VmSwap:	       0 kB
20220313 000831.461 INFO             PET0 PIOc_sync Exit - MemInfo: [/proc/self/status]	VmRSSPercent: 0.045718 %
20220313 000831.461 INFO             PET0 PIOc_sync Exit - MemInfo: [malloc] Non-mmapped space allocated:                 1044480 Byte
20220313 000831.461 INFO             PET0 PIOc_sync Exit - MemInfo: [malloc] Space allocated in mmapped regions:         12140544 Byte
20220313 000831.461 INFO             PET0 PIOc_sync Exit - MemInfo: [malloc] Maximum total allocated space:                     0 Byte
20220313 000831.461 INFO             PET0 PIOc_sync Exit - MemInfo: [malloc] Space in freed fastbin blocks:                     0 Byte
20220313 000831.461 INFO             PET0 PIOc_sync Exit - MemInfo: [malloc] Total allocated space:                       1004656 Byte
20220313 000831.461 INFO             PET0 PIOc_sync Exit - MemInfo: [malloc] Total free space:                              39824 Byte
20220313 000831.461 INFO             PET0 PIOc_sync Exit - MemInfo: [malloc] Top-most, releasable space:                    35920 Byte
20220313 000831.461 INFO             PET0 PIOc_sync Exit - MemInfo: [malloc] Total space in use, mmap + non-mmap:        13145200 Byte
20220313 000831.461 INFO             PET0 PIOc_sync Exit - MemInfo: [malloc] Total space held (mmap + non-mmap):         13185024 Byte
20220313 000831.461 INFO             PET0 PIOc_sync Exit - MemInfo: [malloc] Total space used (mmap + non-mmap):         13153696 Byte
20220313 000831.461 INFO             PET0 PIOc_sync Exit - MemInfo: Wall-clock time since execution start:                4.39229 seconds
20220313 000831.461 INFO             PET0 PIOc_freedecomp Enter - MemInfo: [/proc/meminfo - SSI]	MemTotal:       65855856 kB
20220313 000831.461 INFO             PET0 PIOc_freedecomp Enter - MemInfo: [/proc/meminfo - SSI]	MemFree:        61225404 kB
20220313 000831.461 INFO             PET0 PIOc_freedecomp Enter - MemInfo: [/proc/meminfo - SSI]	MemAvailable:   61009920 kB
20220313 000831.461 INFO             PET0 PIOc_freedecomp Enter - MemInfo: [/proc/meminfo - SSI]	Committed_AS:    2914180 kB
20220313 000831.461 INFO             PET0 PIOc_freedecomp Enter - MemInfo: [/proc/meminfo - SSI]	CommittedPercent: 4.42509 %
20220313 000831.461 INFO             PET0 PIOc_freedecomp Enter - MemInfo: [/proc/self/status]	VmPeak:	  228044 kB
20220313 000831.461 INFO             PET0 PIOc_freedecomp Enter - MemInfo: [/proc/self/status]	VmSize:	  219332 kB
20220313 000831.461 INFO             PET0 PIOc_freedecomp Enter - MemInfo: [/proc/self/status]	VmLck:	       0 kB
20220313 000831.461 INFO             PET0 PIOc_freedecomp Enter - MemInfo: [/proc/self/status]	VmPin:	       0 kB
20220313 000831.461 INFO             PET0 PIOc_freedecomp Enter - MemInfo: [/proc/self/status]	VmHWM:	   30108 kB
20220313 000831.461 INFO             PET0 PIOc_freedecomp Enter - MemInfo: [/proc/self/status]	VmRSS:	   22072 kB
20220313 000831.461 INFO             PET0 PIOc_freedecomp Enter - MemInfo: [/proc/self/status]	VmData:	   24984 kB
20220313 000831.461 INFO             PET0 PIOc_freedecomp Enter - MemInfo: [/proc/self/status]	VmStk:	     508 kB
20220313 000831.461 INFO             PET0 PIOc_freedecomp Enter - MemInfo: [/proc/self/status]	VmExe:	    1788 kB
20220313 000831.461 INFO             PET0 PIOc_freedecomp Enter - MemInfo: [/proc/self/status]	VmLib:	   93984 kB
20220313 000831.461 INFO             PET0 PIOc_freedecomp Enter - MemInfo: [/proc/self/status]	VmPTE:	     352 kB
20220313 000831.461 INFO             PET0 PIOc_freedecomp Enter - MemInfo: [/proc/self/status]	VmPMD:	      12 kB
20220313 000831.461 INFO             PET0 PIOc_freedecomp Enter - MemInfo: [/proc/self/status]	VmSwap:	       0 kB
20220313 000831.461 INFO             PET0 PIOc_freedecomp Enter - MemInfo: [/proc/self/status]	VmRSSPercent: 0.0335156 %
20220313 000831.461 INFO             PET0 PIOc_freedecomp Enter - MemInfo: [malloc] Non-mmapped space allocated:                 1044480 Byte
20220313 000831.462 INFO             PET0 PIOc_freedecomp Enter - MemInfo: [malloc] Space allocated in mmapped regions:          3219456 Byte
20220313 000831.462 INFO             PET0 PIOc_freedecomp Enter - MemInfo: [malloc] Maximum total allocated space:                     0 Byte
20220313 000831.462 INFO             PET0 PIOc_freedecomp Enter - MemInfo: [malloc] Space in freed fastbin blocks:                   304 Byte
20220313 000831.462 INFO             PET0 PIOc_freedecomp Enter - MemInfo: [malloc] Total allocated space:                        994592 Byte
20220313 000831.462 INFO             PET0 PIOc_freedecomp Enter - MemInfo: [malloc] Total free space:                              49888 Byte
20220313 000831.462 INFO             PET0 PIOc_freedecomp Enter - MemInfo: [malloc] Top-most, releasable space:                    35696 Byte
20220313 000831.462 INFO             PET0 PIOc_freedecomp Enter - MemInfo: [malloc] Total space in use, mmap + non-mmap:         4214048 Byte
20220313 000831.462 INFO             PET0 PIOc_freedecomp Enter - MemInfo: [malloc] Total space held (mmap + non-mmap):          4263936 Byte
20220313 000831.462 INFO             PET0 PIOc_freedecomp Enter - MemInfo: [malloc] Total space used (mmap + non-mmap):          4222480 Byte
20220313 000831.462 INFO             PET0 PIOc_freedecomp Enter - MemInfo: Wall-clock time since execution start:                4.39301 seconds
20220313 000831.462 INFO             PET0 PIOc_freedecomp Exit - MemInfo: [/proc/meminfo - SSI]	MemTotal:       65855856 kB
20220313 000831.462 INFO             PET0 PIOc_freedecomp Exit - MemInfo: [/proc/meminfo - SSI]	MemFree:        61225404 kB
20220313 000831.462 INFO             PET0 PIOc_freedecomp Exit - MemInfo: [/proc/meminfo - SSI]	MemAvailable:   61009920 kB
20220313 000831.462 INFO             PET0 PIOc_freedecomp Exit - MemInfo: [/proc/meminfo - SSI]	Committed_AS:    2914180 kB
20220313 000831.462 INFO             PET0 PIOc_freedecomp Exit - MemInfo: [/proc/meminfo - SSI]	CommittedPercent: 4.42509 %
20220313 000831.462 INFO             PET0 PIOc_freedecomp Exit - MemInfo: [/proc/self/status]	VmPeak:	  228044 kB
20220313 000831.462 INFO             PET0 PIOc_freedecomp Exit - MemInfo: [/proc/self/status]	VmSize:	  219332 kB
20220313 000831.462 INFO             PET0 PIOc_freedecomp Exit - MemInfo: [/proc/self/status]	VmLck:	       0 kB
20220313 000831.462 INFO             PET0 PIOc_freedecomp Exit - MemInfo: [/proc/self/status]	VmPin:	       0 kB
20220313 000831.462 INFO             PET0 PIOc_freedecomp Exit - MemInfo: [/proc/self/status]	VmHWM:	   30108 kB
20220313 000831.462 INFO             PET0 PIOc_freedecomp Exit - MemInfo: [/proc/self/status]	VmRSS:	   22072 kB
20220313 000831.462 INFO             PET0 PIOc_freedecomp Exit - MemInfo: [/proc/self/status]	VmData:	   24984 kB
20220313 000831.462 INFO             PET0 PIOc_freedecomp Exit - MemInfo: [/proc/self/status]	VmStk:	     508 kB
20220313 000831.462 INFO             PET0 PIOc_freedecomp Exit - MemInfo: [/proc/self/status]	VmExe:	    1788 kB
20220313 000831.462 INFO             PET0 PIOc_freedecomp Exit - MemInfo: [/proc/self/status]	VmLib:	   93984 kB
20220313 000831.462 INFO             PET0 PIOc_freedecomp Exit - MemInfo: [/proc/self/status]	VmPTE:	     352 kB
20220313 000831.462 INFO             PET0 PIOc_freedecomp Exit - MemInfo: [/proc/self/status]	VmPMD:	      12 kB
20220313 000831.462 INFO             PET0 PIOc_freedecomp Exit - MemInfo: [/proc/self/status]	VmSwap:	       0 kB
20220313 000831.462 INFO             PET0 PIOc_freedecomp Exit - MemInfo: [/proc/self/status]	VmRSSPercent: 0.0335156 %
20220313 000831.462 INFO             PET0 PIOc_freedecomp Exit - MemInfo: [malloc] Non-mmapped space allocated:                 1044480 Byte
20220313 000831.462 INFO             PET0 PIOc_freedecomp Exit - MemInfo: [malloc] Space allocated in mmapped regions:          3219456 Byte
20220313 000831.462 INFO             PET0 PIOc_freedecomp Exit - MemInfo: [malloc] Maximum total allocated space:                     0 Byte
20220313 000831.462 INFO             PET0 PIOc_freedecomp Exit - MemInfo: [malloc] Space in freed fastbin blocks:                   464 Byte
20220313 000831.462 INFO             PET0 PIOc_freedecomp Exit - MemInfo: [malloc] Total allocated space:                        992592 Byte
20220313 000831.462 INFO             PET0 PIOc_freedecomp Exit - MemInfo: [malloc] Total free space:                              51888 Byte
20220313 000831.462 INFO             PET0 PIOc_freedecomp Exit - MemInfo: [malloc] Top-most, releasable space:                    35696 Byte
20220313 000831.462 INFO             PET0 PIOc_freedecomp Exit - MemInfo: [malloc] Total space in use, mmap + non-mmap:         4212048 Byte
20220313 000831.462 INFO             PET0 PIOc_freedecomp Exit - MemInfo: [malloc] Total space held (mmap + non-mmap):          4263936 Byte
20220313 000831.462 INFO             PET0 PIOc_freedecomp Exit - MemInfo: [malloc] Total space used (mmap + non-mmap):          4220480 Byte
20220313 000831.462 INFO             PET0 PIOc_freedecomp Exit - MemInfo: Wall-clock time since execution start:                4.39326 seconds
20220313 000831.462 INFO             PET0  PASS  Write Fortran array in Field, ESMF_FieldIOUTest.F90, line 219
20220313 000831.462 INFO             PET0  PASS  Create a field from grid and fortran dummy array without halo, ESMF_FieldIOUTest.F90, line 233
20220313 000831.462 INFO             PET0  PASS  Get Farray_w from nohalo field, ESMF_FieldIOUTest.F90, line 244
20220313 000831.484 INFO             PET0 PIOc_sync Enter - MemInfo: [/proc/meminfo - SSI]	MemTotal:       65855856 kB
20220313 000831.484 INFO             PET0 PIOc_sync Enter - MemInfo: [/proc/meminfo - SSI]	MemFree:        61218852 kB
20220313 000831.484 INFO             PET0 PIOc_sync Enter - MemInfo: [/proc/meminfo - SSI]	MemAvailable:   61003368 kB
20220313 000831.484 INFO             PET0 PIOc_sync Enter - MemInfo: [/proc/meminfo - SSI]	Committed_AS:    2922464 kB
20220313 000831.484 INFO             PET0 PIOc_sync Enter - MemInfo: [/proc/meminfo - SSI]	CommittedPercent: 4.43767 %
20220313 000831.484 INFO             PET0 PIOc_sync Enter - MemInfo: [/proc/self/status]	VmPeak:	  228132 kB
20220313 000831.484 INFO             PET0 PIOc_sync Enter - MemInfo: [/proc/self/status]	VmSize:	  228132 kB
20220313 000831.484 INFO             PET0 PIOc_sync Enter - MemInfo: [/proc/self/status]	VmLck:	       0 kB
20220313 000831.484 INFO             PET0 PIOc_sync Enter - MemInfo: [/proc/self/status]	VmPin:	       0 kB
20220313 000831.484 INFO             PET0 PIOc_sync Enter - MemInfo: [/proc/self/status]	VmHWM:	   30216 kB
20220313 000831.484 INFO             PET0 PIOc_sync Enter - MemInfo: [/proc/self/status]	VmRSS:	   30216 kB
20220313 000831.484 INFO             PET0 PIOc_sync Enter - MemInfo: [/proc/self/status]	VmData:	   33784 kB
20220313 000831.484 INFO             PET0 PIOc_sync Enter - MemInfo: [/proc/self/status]	VmStk:	     508 kB
20220313 000831.484 INFO             PET0 PIOc_sync Enter - MemInfo: [/proc/self/status]	VmExe:	    1788 kB
20220313 000831.484 INFO             PET0 PIOc_sync Enter - MemInfo: [/proc/self/status]	VmLib:	   93984 kB
20220313 000831.484 INFO             PET0 PIOc_sync Enter - MemInfo: [/proc/self/status]	VmPTE:	     368 kB
20220313 000831.484 INFO             PET0 PIOc_sync Enter - MemInfo: [/proc/self/status]	VmPMD:	      12 kB
20220313 000831.484 INFO             PET0 PIOc_sync Enter - MemInfo: [/proc/self/status]	VmSwap:	       0 kB
20220313 000831.484 INFO             PET0 PIOc_sync Enter - MemInfo: [/proc/self/status]	VmRSSPercent: 0.045882 %
20220313 000831.484 INFO             PET0 PIOc_sync Enter - MemInfo: [malloc] Non-mmapped space allocated:                10055680 Byte
20220313 000831.484 INFO             PET0 PIOc_sync Enter - MemInfo: [malloc] Space allocated in mmapped regions:          3219456 Byte
20220313 000831.484 INFO             PET0 PIOc_sync Enter - MemInfo: [malloc] Maximum total allocated space:                     0 Byte
20220313 000831.484 INFO             PET0 PIOc_sync Enter - MemInfo: [malloc] Space in freed fastbin blocks:                     0 Byte
20220313 000831.484 INFO             PET0 PIOc_sync Enter - MemInfo: [malloc] Total allocated space:                       9926768 Byte
20220313 000831.484 INFO             PET0 PIOc_sync Enter - MemInfo: [malloc] Total free space:                             128912 Byte
20220313 000831.484 INFO             PET0 PIOc_sync Enter - MemInfo: [malloc] Top-most, releasable space:                   123472 Byte
20220313 000831.484 INFO             PET0 PIOc_sync Enter - MemInfo: [malloc] Total space in use, mmap + non-mmap:        13146224 Byte
20220313 000831.484 INFO             PET0 PIOc_sync Enter - MemInfo: [malloc] Total space held (mmap + non-mmap):         13275136 Byte
20220313 000831.484 INFO             PET0 PIOc_sync Enter - MemInfo: [malloc] Total space used (mmap + non-mmap):         13154544 Byte
20220313 000831.484 INFO             PET0 PIOc_sync Enter - MemInfo: Wall-clock time since execution start:                4.41561 seconds
20220313 000831.484 INFO             PET0 PIOc_sync Exit - MemInfo: [/proc/meminfo - SSI]	MemTotal:       65855856 kB
20220313 000831.484 INFO             PET0 PIOc_sync Exit - MemInfo: [/proc/meminfo - SSI]	MemFree:        61218852 kB
20220313 000831.484 INFO             PET0 PIOc_sync Exit - MemInfo: [/proc/meminfo - SSI]	MemAvailable:   61003368 kB
20220313 000831.484 INFO             PET0 PIOc_sync Exit - MemInfo: [/proc/meminfo - SSI]	Committed_AS:    2922464 kB
20220313 000831.484 INFO             PET0 PIOc_sync Exit - MemInfo: [/proc/meminfo - SSI]	CommittedPercent: 4.43767 %
20220313 000831.484 INFO             PET0 PIOc_sync Exit - MemInfo: [/proc/self/status]	VmPeak:	  228132 kB
20220313 000831.484 INFO             PET0 PIOc_sync Exit - MemInfo: [/proc/self/status]	VmSize:	  228132 kB
20220313 000831.484 INFO             PET0 PIOc_sync Exit - MemInfo: [/proc/self/status]	VmLck:	       0 kB
20220313 000831.484 INFO             PET0 PIOc_sync Exit - MemInfo: [/proc/self/status]	VmPin:	       0 kB
20220313 000831.484 INFO             PET0 PIOc_sync Exit - MemInfo: [/proc/self/status]	VmHWM:	   30216 kB
20220313 000831.484 INFO             PET0 PIOc_sync Exit - MemInfo: [/proc/self/status]	VmRSS:	   30216 kB
20220313 000831.484 INFO             PET0 PIOc_sync Exit - MemInfo: [/proc/self/status]	VmData:	   33784 kB
20220313 000831.484 INFO             PET0 PIOc_sync Exit - MemInfo: [/proc/self/status]	VmStk:	     508 kB
20220313 000831.484 INFO             PET0 PIOc_sync Exit - MemInfo: [/proc/self/status]	VmExe:	    1788 kB
20220313 000831.484 INFO             PET0 PIOc_sync Exit - MemInfo: [/proc/self/status]	VmLib:	   93984 kB
20220313 000831.484 INFO             PET0 PIOc_sync Exit - MemInfo: [/proc/self/status]	VmPTE:	     372 kB
20220313 000831.484 INFO             PET0 PIOc_sync Exit - MemInfo: [/proc/self/status]	VmPMD:	      12 kB
20220313 000831.484 INFO             PET0 PIOc_sync Exit - MemInfo: [/proc/self/status]	VmSwap:	       0 kB
20220313 000831.484 INFO             PET0 PIOc_sync Exit - MemInfo: [/proc/self/status]	VmRSSPercent: 0.045882 %
20220313 000831.484 INFO             PET0 PIOc_sync Exit - MemInfo: [malloc] Non-mmapped space allocated:                10055680 Byte
20220313 000831.484 INFO             PET0 PIOc_sync Exit - MemInfo: [malloc] Space allocated in mmapped regions:          3219456 Byte
20220313 000831.484 INFO             PET0 PIOc_sync Exit - MemInfo: [malloc] Maximum total allocated space:                     0 Byte
20220313 000831.484 INFO             PET0 PIOc_sync Exit - MemInfo: [malloc] Space in freed fastbin blocks:                     0 Byte
20220313 000831.484 INFO             PET0 PIOc_sync Exit - MemInfo: [malloc] Total allocated space:                       9928272 Byte
20220313 000831.484 INFO             PET0 PIOc_sync Exit - MemInfo: [malloc] Total free space:                             127408 Byte
20220313 000831.484 INFO             PET0 PIOc_sync Exit - MemInfo: [malloc] Top-most, releasable space:                   123248 Byte
20220313 000831.484 INFO             PET0 PIOc_sync Exit - MemInfo: [malloc] Total space in use, mmap + non-mmap:        13147728 Byte
20220313 000831.484 INFO             PET0 PIOc_sync Exit - MemInfo: [malloc] Total space held (mmap + non-mmap):         13275136 Byte
20220313 000831.485 INFO             PET0 PIOc_sync Exit - MemInfo: [malloc] Total space used (mmap + non-mmap):         13156048 Byte
20220313 000831.485 INFO             PET0 PIOc_sync Exit - MemInfo: Wall-clock time since execution start:                4.41592 seconds
20220313 000831.485 INFO             PET0 PIOc_freedecomp Enter - MemInfo: [/proc/meminfo - SSI]	MemTotal:       65855856 kB
20220313 000831.485 INFO             PET0 PIOc_freedecomp Enter - MemInfo: [/proc/meminfo - SSI]	MemFree:        61218852 kB
20220313 000831.485 INFO             PET0 PIOc_freedecomp Enter - MemInfo: [/proc/meminfo - SSI]	MemAvailable:   61003368 kB
20220313 000831.485 INFO             PET0 PIOc_freedecomp Enter - MemInfo: [/proc/meminfo - SSI]	Committed_AS:    2922464 kB
20220313 000831.485 INFO             PET0 PIOc_freedecomp Enter - MemInfo: [/proc/meminfo - SSI]	CommittedPercent: 4.43767 %
20220313 000831.485 INFO             PET0 PIOc_freedecomp Enter - MemInfo: [/proc/self/status]	VmPeak:	  228132 kB
20220313 000831.485 INFO             PET0 PIOc_freedecomp Enter - MemInfo: [/proc/self/status]	VmSize:	  228132 kB
20220313 000831.485 INFO             PET0 PIOc_freedecomp Enter - MemInfo: [/proc/self/status]	VmLck:	       0 kB
20220313 000831.485 INFO             PET0 PIOc_freedecomp Enter - MemInfo: [/proc/self/status]	VmPin:	       0 kB
20220313 000831.485 INFO             PET0 PIOc_freedecomp Enter - MemInfo: [/proc/self/status]	VmHWM:	   30216 kB
20220313 000831.485 INFO             PET0 PIOc_freedecomp Enter - MemInfo: [/proc/self/status]	VmRSS:	   30216 kB
20220313 000831.485 INFO             PET0 PIOc_freedecomp Enter - MemInfo: [/proc/self/status]	VmData:	   33784 kB
20220313 000831.485 INFO             PET0 PIOc_freedecomp Enter - MemInfo: [/proc/self/status]	VmStk:	     508 kB
20220313 000831.485 INFO             PET0 PIOc_freedecomp Enter - MemInfo: [/proc/self/status]	VmExe:	    1788 kB
20220313 000831.485 INFO             PET0 PIOc_freedecomp Enter - MemInfo: [/proc/self/status]	VmLib:	   93984 kB
20220313 000831.485 INFO             PET0 PIOc_freedecomp Enter - MemInfo: [/proc/self/status]	VmPTE:	     372 kB
20220313 000831.485 INFO             PET0 PIOc_freedecomp Enter - MemInfo: [/proc/self/status]	VmPMD:	      12 kB
20220313 000831.485 INFO             PET0 PIOc_freedecomp Enter - MemInfo: [/proc/self/status]	VmSwap:	       0 kB
20220313 000831.485 INFO             PET0 PIOc_freedecomp Enter - MemInfo: [/proc/self/status]	VmRSSPercent: 0.045882 %
20220313 000831.485 INFO             PET0 PIOc_freedecomp Enter - MemInfo: [malloc] Non-mmapped space allocated:                10055680 Byte
20220313 000831.485 INFO             PET0 PIOc_freedecomp Enter - MemInfo: [malloc] Space allocated in mmapped regions:          3219456 Byte
20220313 000831.485 INFO             PET0 PIOc_freedecomp Enter - MemInfo: [malloc] Maximum total allocated space:                     0 Byte
20220313 000831.485 INFO             PET0 PIOc_freedecomp Enter - MemInfo: [malloc] Space in freed fastbin blocks:                   112 Byte
20220313 000831.485 INFO             PET0 PIOc_freedecomp Enter - MemInfo: [malloc] Total allocated space:                       1004768 Byte
20220313 000831.485 INFO             PET0 PIOc_freedecomp Enter - MemInfo: [malloc] Total free space:                            9050912 Byte
20220313 000831.485 INFO             PET0 PIOc_freedecomp Enter - MemInfo: [malloc] Top-most, releasable space:                   123024 Byte
20220313 000831.485 INFO             PET0 PIOc_freedecomp Enter - MemInfo: [malloc] Total space in use, mmap + non-mmap:         4224224 Byte
20220313 000831.485 INFO             PET0 PIOc_freedecomp Enter - MemInfo: [malloc] Total space held (mmap + non-mmap):         13275136 Byte
20220313 000831.485 INFO             PET0 PIOc_freedecomp Enter - MemInfo: [malloc] Total space used (mmap + non-mmap):          4232432 Byte
20220313 000831.485 INFO             PET0 PIOc_freedecomp Enter - MemInfo: Wall-clock time since execution start:                4.41639 seconds
20220313 000831.485 INFO             PET0 PIOc_freedecomp Exit - MemInfo: [/proc/meminfo - SSI]	MemTotal:       65855856 kB
20220313 000831.485 INFO             PET0 PIOc_freedecomp Exit - MemInfo: [/proc/meminfo - SSI]	MemFree:        61218852 kB
20220313 000831.485 INFO             PET0 PIOc_freedecomp Exit - MemInfo: [/proc/meminfo - SSI]	MemAvailable:   61003368 kB
20220313 000831.485 INFO             PET0 PIOc_freedecomp Exit - MemInfo: [/proc/meminfo - SSI]	Committed_AS:    2922464 kB
20220313 000831.485 INFO             PET0 PIOc_freedecomp Exit - MemInfo: [/proc/meminfo - SSI]	CommittedPercent: 4.43767 %
20220313 000831.485 INFO             PET0 PIOc_freedecomp Exit - MemInfo: [/proc/self/status]	VmPeak:	  228132 kB
20220313 000831.485 INFO             PET0 PIOc_freedecomp Exit - MemInfo: [/proc/self/status]	VmSize:	  228132 kB
20220313 000831.485 INFO             PET0 PIOc_freedecomp Exit - MemInfo: [/proc/self/status]	VmLck:	       0 kB
20220313 000831.485 INFO             PET0 PIOc_freedecomp Exit - MemInfo: [/proc/self/status]	VmPin:	       0 kB
20220313 000831.485 INFO             PET0 PIOc_freedecomp Exit - MemInfo: [/proc/self/status]	VmHWM:	   30216 kB
20220313 000831.485 INFO             PET0 PIOc_freedecomp Exit - MemInfo: [/proc/self/status]	VmRSS:	   30216 kB
20220313 000831.485 INFO             PET0 PIOc_freedecomp Exit - MemInfo: [/proc/self/status]	VmData:	   33784 kB
20220313 000831.485 INFO             PET0 PIOc_freedecomp Exit - MemInfo: [/proc/self/status]	VmStk:	     508 kB
20220313 000831.485 INFO             PET0 PIOc_freedecomp Exit - MemInfo: [/proc/self/status]	VmExe:	    1788 kB
20220313 000831.485 INFO             PET0 PIOc_freedecomp Exit - MemInfo: [/proc/self/status]	VmLib:	   93984 kB
20220313 000831.485 INFO             PET0 PIOc_freedecomp Exit - MemInfo: [/proc/self/status]	VmPTE:	     372 kB
20220313 000831.485 INFO             PET0 PIOc_freedecomp Exit - MemInfo: [/proc/self/status]	VmPMD:	      12 kB
20220313 000831.485 INFO             PET0 PIOc_freedecomp Exit - MemInfo: [/proc/self/status]	VmSwap:	       0 kB
20220313 000831.485 INFO             PET0 PIOc_freedecomp Exit - MemInfo: [/proc/self/status]	VmRSSPercent: 0.045882 %
20220313 000831.485 INFO             PET0 PIOc_freedecomp Exit - MemInfo: [malloc] Non-mmapped space allocated:                10055680 Byte
20220313 000831.485 INFO             PET0 PIOc_freedecomp Exit - MemInfo: [malloc] Space allocated in mmapped regions:          3219456 Byte
20220313 000831.485 INFO             PET0 PIOc_freedecomp Exit - MemInfo: [malloc] Maximum total allocated space:                     0 Byte
20220313 000831.485 INFO             PET0 PIOc_freedecomp Exit - MemInfo: [malloc] Space in freed fastbin blocks:                   912 Byte
20220313 000831.485 INFO             PET0 PIOc_freedecomp Exit - MemInfo: [malloc] Total allocated space:                       1002080 Byte
20220313 000831.485 INFO             PET0 PIOc_freedecomp Exit - MemInfo: [malloc] Total free space:                            9053600 Byte
20220313 000831.485 INFO             PET0 PIOc_freedecomp Exit - MemInfo: [malloc] Top-most, releasable space:                   123024 Byte
20220313 000831.485 INFO             PET0 PIOc_freedecomp Exit - MemInfo: [malloc] Total space in use, mmap + non-mmap:         4221536 Byte
20220313 000831.485 INFO             PET0 PIOc_freedecomp Exit - MemInfo: [malloc] Total space held (mmap + non-mmap):         13275136 Byte
20220313 000831.485 INFO             PET0 PIOc_freedecomp Exit - MemInfo: [malloc] Total space used (mmap + non-mmap):          4229744 Byte
20220313 000831.485 INFO             PET0 PIOc_freedecomp Exit - MemInfo: Wall-clock time since execution start:                4.41665 seconds
20220313 000831.485 INFO             PET0  PASS  Write Fortran array in nohalo Field, ESMF_FieldIOUTest.F90, line 268
20220313 000831.485 INFO             PET0  PASS  Create a field from grid and fortran dummy array without halo, ESMF_FieldIOUTest.F90, line 281
20220313 000831.495 INFO             PET0 PIOc_sync Enter - MemInfo: [/proc/meminfo - SSI]	MemTotal:       65855856 kB
20220313 000831.495 INFO             PET0 PIOc_sync Enter - MemInfo: [/proc/meminfo - SSI]	MemFree:        61217844 kB
20220313 000831.495 INFO             PET0 PIOc_sync Enter - MemInfo: [/proc/meminfo - SSI]	MemAvailable:   61002360 kB
20220313 000831.495 INFO             PET0 PIOc_sync Enter - MemInfo: [/proc/meminfo - SSI]	Committed_AS:    2922464 kB
20220313 000831.495 INFO             PET0 PIOc_sync Enter - MemInfo: [/proc/meminfo - SSI]	CommittedPercent: 4.43767 %
20220313 000831.495 INFO             PET0 PIOc_sync Enter - MemInfo: [/proc/self/status]	VmPeak:	  228132 kB
20220313 000831.495 INFO             PET0 PIOc_sync Enter - MemInfo: [/proc/self/status]	VmSize:	  228108 kB
20220313 000831.495 INFO             PET0 PIOc_sync Enter - MemInfo: [/proc/self/status]	VmLck:	       0 kB
20220313 000831.495 INFO             PET0 PIOc_sync Enter - MemInfo: [/proc/self/status]	VmPin:	       0 kB
20220313 000831.495 INFO             PET0 PIOc_sync Enter - MemInfo: [/proc/self/status]	VmHWM:	   30568 kB
20220313 000831.495 INFO             PET0 PIOc_sync Enter - MemInfo: [/proc/self/status]	VmRSS:	   30568 kB
20220313 000831.495 INFO             PET0 PIOc_sync Enter - MemInfo: [/proc/self/status]	VmData:	   33784 kB
20220313 000831.495 INFO             PET0 PIOc_sync Enter - MemInfo: [/proc/self/status]	VmStk:	     508 kB
20220313 000831.495 INFO             PET0 PIOc_sync Enter - MemInfo: [/proc/self/status]	VmExe:	    1788 kB
20220313 000831.495 INFO             PET0 PIOc_sync Enter - MemInfo: [/proc/self/status]	VmLib:	   93984 kB
20220313 000831.495 INFO             PET0 PIOc_sync Enter - MemInfo: [/proc/self/status]	VmPTE:	     372 kB
20220313 000831.495 INFO             PET0 PIOc_sync Enter - MemInfo: [/proc/self/status]	VmPMD:	      12 kB
20220313 000831.495 INFO             PET0 PIOc_sync Enter - MemInfo: [/proc/self/status]	VmSwap:	       0 kB
20220313 000831.495 INFO             PET0 PIOc_sync Enter - MemInfo: [/proc/self/status]	VmRSSPercent: 0.0464165 %
20220313 000831.495 INFO             PET0 PIOc_sync Enter - MemInfo: [malloc] Non-mmapped space allocated:                10055680 Byte
20220313 000831.495 INFO             PET0 PIOc_sync Enter - MemInfo: [malloc] Space allocated in mmapped regions:          3219456 Byte
20220313 000831.495 INFO             PET0 PIOc_sync Enter - MemInfo: [malloc] Maximum total allocated space:                     0 Byte
20220313 000831.495 INFO             PET0 PIOc_sync Enter - MemInfo: [malloc] Space in freed fastbin blocks:                     0 Byte
20220313 000831.495 INFO             PET0 PIOc_sync Enter - MemInfo: [malloc] Total allocated space:                       9932480 Byte
20220313 000831.495 INFO             PET0 PIOc_sync Enter - MemInfo: [malloc] Total free space:                             123200 Byte
20220313 000831.495 INFO             PET0 PIOc_sync Enter - MemInfo: [malloc] Top-most, releasable space:                   117776 Byte
20220313 000831.495 INFO             PET0 PIOc_sync Enter - MemInfo: [malloc] Total space in use, mmap + non-mmap:        13151936 Byte
20220313 000831.495 INFO             PET0 PIOc_sync Enter - MemInfo: [malloc] Total space held (mmap + non-mmap):         13275136 Byte
20220313 000831.495 INFO             PET0 PIOc_sync Enter - MemInfo: [malloc] Total space used (mmap + non-mmap):         13160256 Byte
20220313 000831.496 INFO             PET0 PIOc_sync Enter - MemInfo: Wall-clock time since execution start:                4.42692 seconds
20220313 000831.496 INFO             PET0 PIOc_sync Exit - MemInfo: [/proc/meminfo - SSI]	MemTotal:       65855856 kB
20220313 000831.496 INFO             PET0 PIOc_sync Exit - MemInfo: [/proc/meminfo - SSI]	MemFree:        61217844 kB
20220313 000831.496 INFO             PET0 PIOc_sync Exit - MemInfo: [/proc/meminfo - SSI]	MemAvailable:   61002360 kB
20220313 000831.496 INFO             PET0 PIOc_sync Exit - MemInfo: [/proc/meminfo - SSI]	Committed_AS:    2922464 kB
20220313 000831.496 INFO             PET0 PIOc_sync Exit - MemInfo: [/proc/meminfo - SSI]	CommittedPercent: 4.43767 %
20220313 000831.496 INFO             PET0 PIOc_sync Exit - MemInfo: [/proc/self/status]	VmPeak:	  228132 kB
20220313 000831.496 INFO             PET0 PIOc_sync Exit - MemInfo: [/proc/self/status]	VmSize:	  228108 kB
20220313 000831.496 INFO             PET0 PIOc_sync Exit - MemInfo: [/proc/self/status]	VmLck:	       0 kB
20220313 000831.496 INFO             PET0 PIOc_sync Exit - MemInfo: [/proc/self/status]	VmPin:	       0 kB
20220313 000831.496 INFO             PET0 PIOc_sync Exit - MemInfo: [/proc/self/status]	VmHWM:	   30568 kB
20220313 000831.496 INFO             PET0 PIOc_sync Exit - MemInfo: [/proc/self/status]	VmRSS:	   30568 kB
20220313 000831.496 INFO             PET0 PIOc_sync Exit - MemInfo: [/proc/self/status]	VmData:	   33784 kB
20220313 000831.496 INFO             PET0 PIOc_sync Exit - MemInfo: [/proc/self/status]	VmStk:	     508 kB
20220313 000831.496 INFO             PET0 PIOc_sync Exit - MemInfo: [/proc/self/status]	VmExe:	    1788 kB
20220313 000831.496 INFO             PET0 PIOc_sync Exit - MemInfo: [/proc/self/status]	VmLib:	   93984 kB
20220313 000831.496 INFO             PET0 PIOc_sync Exit - MemInfo: [/proc/self/status]	VmPTE:	     372 kB
20220313 000831.496 INFO             PET0 PIOc_sync Exit - MemInfo: [/proc/self/status]	VmPMD:	      12 kB
20220313 000831.496 INFO             PET0 PIOc_sync Exit - MemInfo: [/proc/self/status]	VmSwap:	       0 kB
20220313 000831.496 INFO             PET0 PIOc_sync Exit - MemInfo: [/proc/self/status]	VmRSSPercent: 0.0464165 %
20220313 000831.496 INFO             PET0 PIOc_sync Exit - MemInfo: [malloc] Non-mmapped space allocated:                10055680 Byte
20220313 000831.496 INFO             PET0 PIOc_sync Exit - MemInfo: [malloc] Space allocated in mmapped regions:          3219456 Byte
20220313 000831.496 INFO             PET0 PIOc_sync Exit - MemInfo: [malloc] Maximum total allocated space:                     0 Byte
20220313 000831.496 INFO             PET0 PIOc_sync Exit - MemInfo: [malloc] Space in freed fastbin blocks:                     0 Byte
20220313 000831.496 INFO             PET0 PIOc_sync Exit - MemInfo: [malloc] Total allocated space:                       9933808 Byte
20220313 000831.496 INFO             PET0 PIOc_sync Exit - MemInfo: [malloc] Total free space:                             121872 Byte
20220313 000831.496 INFO             PET0 PIOc_sync Exit - MemInfo: [malloc] Top-most, releasable space:                   117552 Byte
20220313 000831.496 INFO             PET0 PIOc_sync Exit - MemInfo: [malloc] Total space in use, mmap + non-mmap:        13153264 Byte
20220313 000831.496 INFO             PET0 PIOc_sync Exit - MemInfo: [malloc] Total space held (mmap + non-mmap):         13275136 Byte
20220313 000831.496 INFO             PET0 PIOc_sync Exit - MemInfo: [malloc] Total space used (mmap + non-mmap):         13161584 Byte
20220313 000831.496 INFO             PET0 PIOc_sync Exit - MemInfo: Wall-clock time since execution start:                4.42735 seconds
20220313 000831.496 INFO             PET0 PIOc_freedecomp Enter - MemInfo: [/proc/meminfo - SSI]	MemTotal:       65855856 kB
20220313 000831.496 INFO             PET0 PIOc_freedecomp Enter - MemInfo: [/proc/meminfo - SSI]	MemFree:        61217844 kB
20220313 000831.496 INFO             PET0 PIOc_freedecomp Enter - MemInfo: [/proc/meminfo - SSI]	MemAvailable:   61002360 kB
20220313 000831.496 INFO             PET0 PIOc_freedecomp Enter - MemInfo: [/proc/meminfo - SSI]	Committed_AS:    2922464 kB
20220313 000831.496 INFO             PET0 PIOc_freedecomp Enter - MemInfo: [/proc/meminfo - SSI]	CommittedPercent: 4.43767 %
20220313 000831.496 INFO             PET0 PIOc_freedecomp Enter - MemInfo: [/proc/self/status]	VmPeak:	  228132 kB
20220313 000831.496 INFO             PET0 PIOc_freedecomp Enter - MemInfo: [/proc/self/status]	VmSize:	  228108 kB
20220313 000831.496 INFO             PET0 PIOc_freedecomp Enter - MemInfo: [/proc/self/status]	VmLck:	       0 kB
20220313 000831.496 INFO             PET0 PIOc_freedecomp Enter - MemInfo: [/proc/self/status]	VmPin:	       0 kB
20220313 000831.496 INFO             PET0 PIOc_freedecomp Enter - MemInfo: [/proc/self/status]	VmHWM:	   30568 kB
20220313 000831.496 INFO             PET0 PIOc_freedecomp Enter - MemInfo: [/proc/self/status]	VmRSS:	   30568 kB
20220313 000831.496 INFO             PET0 PIOc_freedecomp Enter - MemInfo: [/proc/self/status]	VmData:	   33784 kB
20220313 000831.496 INFO             PET0 PIOc_freedecomp Enter - MemInfo: [/proc/self/status]	VmStk:	     508 kB
20220313 000831.496 INFO             PET0 PIOc_freedecomp Enter - MemInfo: [/proc/self/status]	VmExe:	    1788 kB
20220313 000831.496 INFO             PET0 PIOc_freedecomp Enter - MemInfo: [/proc/self/status]	VmLib:	   93984 kB
20220313 000831.496 INFO             PET0 PIOc_freedecomp Enter - MemInfo: [/proc/self/status]	VmPTE:	     372 kB
20220313 000831.496 INFO             PET0 PIOc_freedecomp Enter - MemInfo: [/proc/self/status]	VmPMD:	      12 kB
20220313 000831.496 INFO             PET0 PIOc_freedecomp Enter - MemInfo: [/proc/self/status]	VmSwap:	       0 kB
20220313 000831.496 INFO             PET0 PIOc_freedecomp Enter - MemInfo: [/proc/self/status]	VmRSSPercent: 0.0464165 %
20220313 000831.496 INFO             PET0 PIOc_freedecomp Enter - MemInfo: [malloc] Non-mmapped space allocated:                10055680 Byte
20220313 000831.496 INFO             PET0 PIOc_freedecomp Enter - MemInfo: [malloc] Space allocated in mmapped regions:          3219456 Byte
20220313 000831.496 INFO             PET0 PIOc_freedecomp Enter - MemInfo: [malloc] Maximum total allocated space:                     0 Byte
20220313 000831.496 INFO             PET0 PIOc_freedecomp Enter - MemInfo: [malloc] Space in freed fastbin blocks:                   112 Byte
20220313 000831.496 INFO             PET0 PIOc_freedecomp Enter - MemInfo: [malloc] Total allocated space:                       1009984 Byte
20220313 000831.496 INFO             PET0 PIOc_freedecomp Enter - MemInfo: [malloc] Total free space:                            9045696 Byte
20220313 000831.496 INFO             PET0 PIOc_freedecomp Enter - MemInfo: [malloc] Top-most, releasable space:                   117328 Byte
20220313 000831.496 INFO             PET0 PIOc_freedecomp Enter - MemInfo: [malloc] Total space in use, mmap + non-mmap:         4229440 Byte
20220313 000831.496 INFO             PET0 PIOc_freedecomp Enter - MemInfo: [malloc] Total space held (mmap + non-mmap):         13275136 Byte
20220313 000831.496 INFO             PET0 PIOc_freedecomp Enter - MemInfo: [malloc] Total space used (mmap + non-mmap):          4237648 Byte
20220313 000831.496 INFO             PET0 PIOc_freedecomp Enter - MemInfo: Wall-clock time since execution start:                4.42781 seconds
20220313 000831.496 INFO             PET0 PIOc_freedecomp Exit - MemInfo: [/proc/meminfo - SSI]	MemTotal:       65855856 kB
20220313 000831.496 INFO             PET0 PIOc_freedecomp Exit - MemInfo: [/proc/meminfo - SSI]	MemFree:        61217340 kB
20220313 000831.496 INFO             PET0 PIOc_freedecomp Exit - MemInfo: [/proc/meminfo - SSI]	MemAvailable:   61001856 kB
20220313 000831.496 INFO             PET0 PIOc_freedecomp Exit - MemInfo: [/proc/meminfo - SSI]	Committed_AS:    2922464 kB
20220313 000831.496 INFO             PET0 PIOc_freedecomp Exit - MemInfo: [/proc/meminfo - SSI]	CommittedPercent: 4.43767 %
20220313 000831.496 INFO             PET0 PIOc_freedecomp Exit - MemInfo: [/proc/self/status]	VmPeak:	  228132 kB
20220313 000831.496 INFO             PET0 PIOc_freedecomp Exit - MemInfo: [/proc/self/status]	VmSize:	  228108 kB
20220313 000831.496 INFO             PET0 PIOc_freedecomp Exit - MemInfo: [/proc/self/status]	VmLck:	       0 kB
20220313 000831.496 INFO             PET0 PIOc_freedecomp Exit - MemInfo: [/proc/self/status]	VmPin:	       0 kB
20220313 000831.497 INFO             PET0 PIOc_freedecomp Exit - MemInfo: [/proc/self/status]	VmHWM:	   30568 kB
20220313 000831.497 INFO             PET0 PIOc_freedecomp Exit - MemInfo: [/proc/self/status]	VmRSS:	   30568 kB
20220313 000831.497 INFO             PET0 PIOc_freedecomp Exit - MemInfo: [/proc/self/status]	VmData:	   33784 kB
20220313 000831.497 INFO             PET0 PIOc_freedecomp Exit - MemInfo: [/proc/self/status]	VmStk:	     508 kB
20220313 000831.497 INFO             PET0 PIOc_freedecomp Exit - MemInfo: [/proc/self/status]	VmExe:	    1788 kB
20220313 000831.497 INFO             PET0 PIOc_freedecomp Exit - MemInfo: [/proc/self/status]	VmLib:	   93984 kB
20220313 000831.497 INFO             PET0 PIOc_freedecomp Exit - MemInfo: [/proc/self/status]	VmPTE:	     372 kB
20220313 000831.497 INFO             PET0 PIOc_freedecomp Exit - MemInfo: [/proc/self/status]	VmPMD:	      12 kB
20220313 000831.497 INFO             PET0 PIOc_freedecomp Exit - MemInfo: [/proc/self/status]	VmSwap:	       0 kB
20220313 000831.497 INFO             PET0 PIOc_freedecomp Exit - MemInfo: [/proc/self/status]	VmRSSPercent: 0.0464165 %
20220313 000831.497 INFO             PET0 PIOc_freedecomp Exit - MemInfo: [malloc] Non-mmapped space allocated:                10055680 Byte
20220313 000831.497 INFO             PET0 PIOc_freedecomp Exit - MemInfo: [malloc] Space allocated in mmapped regions:          3219456 Byte
20220313 000831.497 INFO             PET0 PIOc_freedecomp Exit - MemInfo: [malloc] Maximum total allocated space:                     0 Byte
20220313 000831.497 INFO             PET0 PIOc_freedecomp Exit - MemInfo: [malloc] Space in freed fastbin blocks:                   304 Byte
20220313 000831.497 INFO             PET0 PIOc_freedecomp Exit - MemInfo: [malloc] Total allocated space:                       1007248 Byte
20220313 000831.497 INFO             PET0 PIOc_freedecomp Exit - MemInfo: [malloc] Total free space:                            9048432 Byte
20220313 000831.497 INFO             PET0 PIOc_freedecomp Exit - MemInfo: [malloc] Top-most, releasable space:                   123024 Byte
20220313 000831.497 INFO             PET0 PIOc_freedecomp Exit - MemInfo: [malloc] Total space in use, mmap + non-mmap:         4226704 Byte
20220313 000831.497 INFO             PET0 PIOc_freedecomp Exit - MemInfo: [malloc] Total space held (mmap + non-mmap):         13275136 Byte
20220313 000831.497 INFO             PET0 PIOc_freedecomp Exit - MemInfo: [malloc] Total space used (mmap + non-mmap):          4234912 Byte
20220313 000831.497 INFO             PET0 PIOc_freedecomp Exit - MemInfo: Wall-clock time since execution start:                4.42807 seconds
20220313 000831.498 INFO             PET0 PIOc_sync Enter - MemInfo: [/proc/meminfo - SSI]	MemTotal:       65855856 kB
20220313 000831.498 INFO             PET0 PIOc_sync Enter - MemInfo: [/proc/meminfo - SSI]	MemFree:        61217340 kB
20220313 000831.498 INFO             PET0 PIOc_sync Enter - MemInfo: [/proc/meminfo - SSI]	MemAvailable:   61001856 kB
20220313 000831.498 INFO             PET0 PIOc_sync Enter - MemInfo: [/proc/meminfo - SSI]	Committed_AS:    2922464 kB
20220313 000831.498 INFO             PET0 PIOc_sync Enter - MemInfo: [/proc/meminfo - SSI]	CommittedPercent: 4.43767 %
20220313 000831.498 INFO             PET0 PIOc_sync Enter - MemInfo: [/proc/self/status]	VmPeak:	  228132 kB
20220313 000831.498 INFO             PET0 PIOc_sync Enter - MemInfo: [/proc/self/status]	VmSize:	  228096 kB
20220313 000831.498 INFO             PET0 PIOc_sync Enter - MemInfo: [/proc/self/status]	VmLck:	       0 kB
20220313 000831.498 INFO             PET0 PIOc_sync Enter - MemInfo: [/proc/self/status]	VmPin:	       0 kB
20220313 000831.498 INFO             PET0 PIOc_sync Enter - MemInfo: [/proc/self/status]	VmHWM:	   30804 kB
20220313 000831.498 INFO             PET0 PIOc_sync Enter - MemInfo: [/proc/self/status]	VmRSS:	   30804 kB
20220313 000831.498 INFO             PET0 PIOc_sync Enter - MemInfo: [/proc/self/status]	VmData:	   33784 kB
20220313 000831.498 INFO             PET0 PIOc_sync Enter - MemInfo: [/proc/self/status]	VmStk:	     508 kB
20220313 000831.498 INFO             PET0 PIOc_sync Enter - MemInfo: [/proc/self/status]	VmExe:	    1788 kB
20220313 000831.498 INFO             PET0 PIOc_sync Enter - MemInfo: [/proc/self/status]	VmLib:	   93984 kB
20220313 000831.498 INFO             PET0 PIOc_sync Enter - MemInfo: [/proc/self/status]	VmPTE:	     372 kB
20220313 000831.498 INFO             PET0 PIOc_sync Enter - MemInfo: [/proc/self/status]	VmPMD:	      12 kB
20220313 000831.498 INFO             PET0 PIOc_sync Enter - MemInfo: [/proc/self/status]	VmSwap:	       0 kB
20220313 000831.498 INFO             PET0 PIOc_sync Enter - MemInfo: [/proc/self/status]	VmRSSPercent: 0.0467749 %
20220313 000831.498 INFO             PET0 PIOc_sync Enter - MemInfo: [malloc] Non-mmapped space allocated:                10055680 Byte
20220313 000831.498 INFO             PET0 PIOc_sync Enter - MemInfo: [malloc] Space allocated in mmapped regions:          3219456 Byte
20220313 000831.498 INFO             PET0 PIOc_sync Enter - MemInfo: [malloc] Maximum total allocated space:                     0 Byte
20220313 000831.498 INFO             PET0 PIOc_sync Enter - MemInfo: [malloc] Space in freed fastbin blocks:                   512 Byte
20220313 000831.498 INFO             PET0 PIOc_sync Enter - MemInfo: [malloc] Total allocated space:                       9934832 Byte
20220313 000831.498 INFO             PET0 PIOc_sync Enter - MemInfo: [malloc] Total free space:                             120848 Byte
20220313 000831.498 INFO             PET0 PIOc_sync Enter - MemInfo: [malloc] Top-most, releasable space:                   117776 Byte
20220313 000831.498 INFO             PET0 PIOc_sync Enter - MemInfo: [malloc] Total space in use, mmap + non-mmap:        13154288 Byte
20220313 000831.498 INFO             PET0 PIOc_sync Enter - MemInfo: [malloc] Total space held (mmap + non-mmap):         13275136 Byte
20220313 000831.498 INFO             PET0 PIOc_sync Enter - MemInfo: [malloc] Total space used (mmap + non-mmap):         13162608 Byte
20220313 000831.498 INFO             PET0 PIOc_sync Enter - MemInfo: Wall-clock time since execution start:                4.42978 seconds
20220313 000831.498 INFO             PET0 PIOc_sync Exit - MemInfo: [/proc/meminfo - SSI]	MemTotal:       65855856 kB
20220313 000831.498 INFO             PET0 PIOc_sync Exit - MemInfo: [/proc/meminfo - SSI]	MemFree:        61217340 kB
20220313 000831.499 INFO             PET0 PIOc_sync Exit - MemInfo: [/proc/meminfo - SSI]	MemAvailable:   61001856 kB
20220313 000831.499 INFO             PET0 PIOc_sync Exit - MemInfo: [/proc/meminfo - SSI]	Committed_AS:    2922464 kB
20220313 000831.499 INFO             PET0 PIOc_sync Exit - MemInfo: [/proc/meminfo - SSI]	CommittedPercent: 4.43767 %
20220313 000831.499 INFO             PET0 PIOc_sync Exit - MemInfo: [/proc/self/status]	VmPeak:	  228132 kB
20220313 000831.499 INFO             PET0 PIOc_sync Exit - MemInfo: [/proc/self/status]	VmSize:	  228096 kB
20220313 000831.499 INFO             PET0 PIOc_sync Exit - MemInfo: [/proc/self/status]	VmLck:	       0 kB
20220313 000831.499 INFO             PET0 PIOc_sync Exit - MemInfo: [/proc/self/status]	VmPin:	       0 kB
20220313 000831.499 INFO             PET0 PIOc_sync Exit - MemInfo: [/proc/self/status]	VmHWM:	   30804 kB
20220313 000831.499 INFO             PET0 PIOc_sync Exit - MemInfo: [/proc/self/status]	VmRSS:	   30804 kB
20220313 000831.499 INFO             PET0 PIOc_sync Exit - MemInfo: [/proc/self/status]	VmData:	   33784 kB
20220313 000831.499 INFO             PET0 PIOc_sync Exit - MemInfo: [/proc/self/status]	VmStk:	     508 kB
20220313 000831.499 INFO             PET0 PIOc_sync Exit - MemInfo: [/proc/self/status]	VmExe:	    1788 kB
20220313 000831.499 INFO             PET0 PIOc_sync Exit - MemInfo: [/proc/self/status]	VmLib:	   93984 kB
20220313 000831.499 INFO             PET0 PIOc_sync Exit - MemInfo: [/proc/self/status]	VmPTE:	     372 kB
20220313 000831.499 INFO             PET0 PIOc_sync Exit - MemInfo: [/proc/self/status]	VmPMD:	      12 kB
20220313 000831.499 INFO             PET0 PIOc_sync Exit - MemInfo: [/proc/self/status]	VmSwap:	       0 kB
20220313 000831.499 INFO             PET0 PIOc_sync Exit - MemInfo: [/proc/self/status]	VmRSSPercent: 0.0467749 %
20220313 000831.499 INFO             PET0 PIOc_sync Exit - MemInfo: [malloc] Non-mmapped space allocated:                10055680 Byte
20220313 000831.499 INFO             PET0 PIOc_sync Exit - MemInfo: [malloc] Space allocated in mmapped regions:          3219456 Byte
20220313 000831.499 INFO             PET0 PIOc_sync Exit - MemInfo: [malloc] Maximum total allocated space:                     0 Byte
20220313 000831.499 INFO             PET0 PIOc_sync Exit - MemInfo: [malloc] Space in freed fastbin blocks:                     0 Byte
20220313 000831.499 INFO             PET0 PIOc_sync Exit - MemInfo: [malloc] Total allocated space:                       9935840 Byte
20220313 000831.499 INFO             PET0 PIOc_sync Exit - MemInfo: [malloc] Total free space:                             119840 Byte
20220313 000831.499 INFO             PET0 PIOc_sync Exit - MemInfo: [malloc] Top-most, releasable space:                   117552 Byte
20220313 000831.499 INFO             PET0 PIOc_sync Exit - MemInfo: [malloc] Total space in use, mmap + non-mmap:        13155296 Byte
20220313 000831.499 INFO             PET0 PIOc_sync Exit - MemInfo: [malloc] Total space held (mmap + non-mmap):         13275136 Byte
20220313 000831.499 INFO             PET0 PIOc_sync Exit - MemInfo: [malloc] Total space used (mmap + non-mmap):         13163616 Byte
20220313 000831.499 INFO             PET0 PIOc_sync Exit - MemInfo: Wall-clock time since execution start:                4.43014 seconds
20220313 000831.499 INFO             PET0 PIOc_freedecomp Enter - MemInfo: [/proc/meminfo - SSI]	MemTotal:       65855856 kB
20220313 000831.499 INFO             PET0 PIOc_freedecomp Enter - MemInfo: [/proc/meminfo - SSI]	MemFree:        61217340 kB
20220313 000831.499 INFO             PET0 PIOc_freedecomp Enter - MemInfo: [/proc/meminfo - SSI]	MemAvailable:   61001856 kB
20220313 000831.499 INFO             PET0 PIOc_freedecomp Enter - MemInfo: [/proc/meminfo - SSI]	Committed_AS:    2922464 kB
20220313 000831.499 INFO             PET0 PIOc_freedecomp Enter - MemInfo: [/proc/meminfo - SSI]	CommittedPercent: 4.43767 %
20220313 000831.499 INFO             PET0 PIOc_freedecomp Enter - MemInfo: [/proc/self/status]	VmPeak:	  228132 kB
20220313 000831.499 INFO             PET0 PIOc_freedecomp Enter - MemInfo: [/proc/self/status]	VmSize:	  228096 kB
20220313 000831.499 INFO             PET0 PIOc_freedecomp Enter - MemInfo: [/proc/self/status]	VmLck:	       0 kB
20220313 000831.499 INFO             PET0 PIOc_freedecomp Enter - MemInfo: [/proc/self/status]	VmPin:	       0 kB
20220313 000831.499 INFO             PET0 PIOc_freedecomp Enter - MemInfo: [/proc/self/status]	VmHWM:	   30804 kB
20220313 000831.499 INFO             PET0 PIOc_freedecomp Enter - MemInfo: [/proc/self/status]	VmRSS:	   30804 kB
20220313 000831.499 INFO             PET0 PIOc_freedecomp Enter - MemInfo: [/proc/self/status]	VmData:	   33784 kB
20220313 000831.499 INFO             PET0 PIOc_freedecomp Enter - MemInfo: [/proc/self/status]	VmStk:	     508 kB
20220313 000831.499 INFO             PET0 PIOc_freedecomp Enter - MemInfo: [/proc/self/status]	VmExe:	    1788 kB
20220313 000831.499 INFO             PET0 PIOc_freedecomp Enter - MemInfo: [/proc/self/status]	VmLib:	   93984 kB
20220313 000831.499 INFO             PET0 PIOc_freedecomp Enter - MemInfo: [/proc/self/status]	VmPTE:	     372 kB
20220313 000831.499 INFO             PET0 PIOc_freedecomp Enter - MemInfo: [/proc/self/status]	VmPMD:	      12 kB
20220313 000831.499 INFO             PET0 PIOc_freedecomp Enter - MemInfo: [/proc/self/status]	VmSwap:	       0 kB
20220313 000831.499 INFO             PET0 PIOc_freedecomp Enter - MemInfo: [/proc/self/status]	VmRSSPercent: 0.0467749 %
20220313 000831.499 INFO             PET0 PIOc_freedecomp Enter - MemInfo: [malloc] Non-mmapped space allocated:                10055680 Byte
20220313 000831.499 INFO             PET0 PIOc_freedecomp Enter - MemInfo: [malloc] Space allocated in mmapped regions:          3219456 Byte
20220313 000831.499 INFO             PET0 PIOc_freedecomp Enter - MemInfo: [malloc] Maximum total allocated space:                     0 Byte
20220313 000831.499 INFO             PET0 PIOc_freedecomp Enter - MemInfo: [malloc] Space in freed fastbin blocks:                   112 Byte
20220313 000831.499 INFO             PET0 PIOc_freedecomp Enter - MemInfo: [malloc] Total allocated space:                       1011504 Byte
20220313 000831.499 INFO             PET0 PIOc_freedecomp Enter - MemInfo: [malloc] Total free space:                            9044176 Byte
20220313 000831.499 INFO             PET0 PIOc_freedecomp Enter - MemInfo: [malloc] Top-most, releasable space:                   117328 Byte
20220313 000831.499 INFO             PET0 PIOc_freedecomp Enter - MemInfo: [malloc] Total space in use, mmap + non-mmap:         4230960 Byte
20220313 000831.499 INFO             PET0 PIOc_freedecomp Enter - MemInfo: [malloc] Total space held (mmap + non-mmap):         13275136 Byte
20220313 000831.499 INFO             PET0 PIOc_freedecomp Enter - MemInfo: [malloc] Total space used (mmap + non-mmap):          4239168 Byte
20220313 000831.499 INFO             PET0 PIOc_freedecomp Enter - MemInfo: Wall-clock time since execution start:                4.43054 seconds
20220313 000831.499 INFO             PET0 PIOc_freedecomp Exit - MemInfo: [/proc/meminfo - SSI]	MemTotal:       65855856 kB
20220313 000831.499 INFO             PET0 PIOc_freedecomp Exit - MemInfo: [/proc/meminfo - SSI]	MemFree:        61217340 kB
20220313 000831.499 INFO             PET0 PIOc_freedecomp Exit - MemInfo: [/proc/meminfo - SSI]	MemAvailable:   61001856 kB
20220313 000831.499 INFO             PET0 PIOc_freedecomp Exit - MemInfo: [/proc/meminfo - SSI]	Committed_AS:    2922464 kB
20220313 000831.499 INFO             PET0 PIOc_freedecomp Exit - MemInfo: [/proc/meminfo - SSI]	CommittedPercent: 4.43767 %
20220313 000831.499 INFO             PET0 PIOc_freedecomp Exit - MemInfo: [/proc/self/status]	VmPeak:	  228132 kB
20220313 000831.499 INFO             PET0 PIOc_freedecomp Exit - MemInfo: [/proc/self/status]	VmSize:	  228096 kB
20220313 000831.499 INFO             PET0 PIOc_freedecomp Exit - MemInfo: [/proc/self/status]	VmLck:	       0 kB
20220313 000831.499 INFO             PET0 PIOc_freedecomp Exit - MemInfo: [/proc/self/status]	VmPin:	       0 kB
20220313 000831.499 INFO             PET0 PIOc_freedecomp Exit - MemInfo: [/proc/self/status]	VmHWM:	   30804 kB
20220313 000831.499 INFO             PET0 PIOc_freedecomp Exit - MemInfo: [/proc/self/status]	VmRSS:	   30804 kB
20220313 000831.499 INFO             PET0 PIOc_freedecomp Exit - MemInfo: [/proc/self/status]	VmData:	   33784 kB
20220313 000831.499 INFO             PET0 PIOc_freedecomp Exit - MemInfo: [/proc/self/status]	VmStk:	     508 kB
20220313 000831.499 INFO             PET0 PIOc_freedecomp Exit - MemInfo: [/proc/self/status]	VmExe:	    1788 kB
20220313 000831.499 INFO             PET0 PIOc_freedecomp Exit - MemInfo: [/proc/self/status]	VmLib:	   93984 kB
20220313 000831.499 INFO             PET0 PIOc_freedecomp Exit - MemInfo: [/proc/self/status]	VmPTE:	     372 kB
20220313 000831.499 INFO             PET0 PIOc_freedecomp Exit - MemInfo: [/proc/self/status]	VmPMD:	      12 kB
20220313 000831.499 INFO             PET0 PIOc_freedecomp Exit - MemInfo: [/proc/self/status]	VmSwap:	       0 kB
20220313 000831.499 INFO             PET0 PIOc_freedecomp Exit - MemInfo: [/proc/self/status]	VmRSSPercent: 0.0467749 %
20220313 000831.499 INFO             PET0 PIOc_freedecomp Exit - MemInfo: [malloc] Non-mmapped space allocated:                10055680 Byte
20220313 000831.499 INFO             PET0 PIOc_freedecomp Exit - MemInfo: [malloc] Space allocated in mmapped regions:          3219456 Byte
20220313 000831.499 INFO             PET0 PIOc_freedecomp Exit - MemInfo: [malloc] Maximum total allocated space:                     0 Byte
20220313 000831.499 INFO             PET0 PIOc_freedecomp Exit - MemInfo: [malloc] Space in freed fastbin blocks:                   848 Byte
20220313 000831.499 INFO             PET0 PIOc_freedecomp Exit - MemInfo: [malloc] Total allocated space:                       1008880 Byte
20220313 000831.499 INFO             PET0 PIOc_freedecomp Exit - MemInfo: [malloc] Total free space:                            9046800 Byte
20220313 000831.499 INFO             PET0 PIOc_freedecomp Exit - MemInfo: [malloc] Top-most, releasable space:                   123024 Byte
20220313 000831.499 INFO             PET0 PIOc_freedecomp Exit - MemInfo: [malloc] Total space in use, mmap + non-mmap:         4228336 Byte
20220313 000831.499 INFO             PET0 PIOc_freedecomp Exit - MemInfo: [malloc] Total space held (mmap + non-mmap):         13275136 Byte
20220313 000831.499 INFO             PET0 PIOc_freedecomp Exit - MemInfo: [malloc] Total space used (mmap + non-mmap):          4236544 Byte
20220313 000831.499 INFO             PET0 PIOc_freedecomp Exit - MemInfo: Wall-clock time since execution start:                4.43079 seconds
20220313 000831.499 INFO             PET0  PASS  Write multiple Fields with same dimensions to a file, ESMF_FieldIOUTest.F90, line 292
20220313 000831.500 INFO             PET0  PASS  Create grid for field metadata test, ESMF_FieldIOUTest.F90, line 309
20220313 000831.500 INFO             PET0  PASS  Create field with global indices, ESMF_FieldIOUTest.F90, line 316
20220313 000831.500 INFO             PET0  PASS  Get Farray_md from field, ESMF_FieldIOUTest.F90, line 324
20220313 000831.510 INFO             PET0 PIOc_sync Enter - MemInfo: [/proc/meminfo - SSI]	MemTotal:       65855856 kB
20220313 000831.510 INFO             PET0 PIOc_sync Enter - MemInfo: [/proc/meminfo - SSI]	MemFree:        61208772 kB
20220313 000831.510 INFO             PET0 PIOc_sync Enter - MemInfo: [/proc/meminfo - SSI]	MemAvailable:   60993288 kB
20220313 000831.510 INFO             PET0 PIOc_sync Enter - MemInfo: [/proc/meminfo - SSI]	Committed_AS:    2930672 kB
20220313 000831.510 INFO             PET0 PIOc_sync Enter - MemInfo: [/proc/meminfo - SSI]	CommittedPercent: 4.45013 %
20220313 000831.510 INFO             PET0 PIOc_sync Enter - MemInfo: [/proc/self/status]	VmPeak:	  236296 kB
20220313 000831.510 INFO             PET0 PIOc_sync Enter - MemInfo: [/proc/self/status]	VmSize:	  236296 kB
20220313 000831.510 INFO             PET0 PIOc_sync Enter - MemInfo: [/proc/self/status]	VmLck:	       0 kB
20220313 000831.510 INFO             PET0 PIOc_sync Enter - MemInfo: [/proc/self/status]	VmPin:	       0 kB
20220313 000831.510 INFO             PET0 PIOc_sync Enter - MemInfo: [/proc/self/status]	VmHWM:	   38984 kB
20220313 000831.510 INFO             PET0 PIOc_sync Enter - MemInfo: [/proc/self/status]	VmRSS:	   38984 kB
20220313 000831.510 INFO             PET0 PIOc_sync Enter - MemInfo: [/proc/self/status]	VmData:	   41984 kB
20220313 000831.510 INFO             PET0 PIOc_sync Enter - MemInfo: [/proc/self/status]	VmStk:	     508 kB
20220313 000831.510 INFO             PET0 PIOc_sync Enter - MemInfo: [/proc/self/status]	VmExe:	    1788 kB
20220313 000831.510 INFO             PET0 PIOc_sync Enter - MemInfo: [/proc/self/status]	VmLib:	   93984 kB
20220313 000831.510 INFO             PET0 PIOc_sync Enter - MemInfo: [/proc/self/status]	VmPTE:	     388 kB
20220313 000831.510 INFO             PET0 PIOc_sync Enter - MemInfo: [/proc/self/status]	VmPMD:	      12 kB
20220313 000831.511 INFO             PET0 PIOc_sync Enter - MemInfo: [/proc/self/status]	VmSwap:	       0 kB
20220313 000831.511 INFO             PET0 PIOc_sync Enter - MemInfo: [/proc/self/status]	VmRSSPercent: 0.059196 %
20220313 000831.511 INFO             PET0 PIOc_sync Enter - MemInfo: [malloc] Non-mmapped space allocated:                18452480 Byte
20220313 000831.511 INFO             PET0 PIOc_sync Enter - MemInfo: [malloc] Space allocated in mmapped regions:          3219456 Byte
20220313 000831.511 INFO             PET0 PIOc_sync Enter - MemInfo: [malloc] Maximum total allocated space:                     0 Byte
20220313 000831.511 INFO             PET0 PIOc_sync Enter - MemInfo: [malloc] Space in freed fastbin blocks:                     0 Byte
20220313 000831.511 INFO             PET0 PIOc_sync Enter - MemInfo: [malloc] Total allocated space:                       9957616 Byte
20220313 000831.511 INFO             PET0 PIOc_sync Enter - MemInfo: [malloc] Total free space:                            8494864 Byte
20220313 000831.511 INFO             PET0 PIOc_sync Enter - MemInfo: [malloc] Top-most, releasable space:                   131200 Byte
20220313 000831.511 INFO             PET0 PIOc_sync Enter - MemInfo: [malloc] Total space in use, mmap + non-mmap:        13177072 Byte
20220313 000831.511 INFO             PET0 PIOc_sync Enter - MemInfo: [malloc] Total space held (mmap + non-mmap):         21671936 Byte
20220313 000831.511 INFO             PET0 PIOc_sync Enter - MemInfo: [malloc] Total space used (mmap + non-mmap):         13185392 Byte
20220313 000831.511 INFO             PET0 PIOc_sync Enter - MemInfo: Wall-clock time since execution start:                4.44204 seconds
20220313 000831.511 INFO             PET0 PIOc_sync Exit - MemInfo: [/proc/meminfo - SSI]	MemTotal:       65855856 kB
20220313 000831.511 INFO             PET0 PIOc_sync Exit - MemInfo: [/proc/meminfo - SSI]	MemFree:        61208772 kB
20220313 000831.511 INFO             PET0 PIOc_sync Exit - MemInfo: [/proc/meminfo - SSI]	MemAvailable:   60993288 kB
20220313 000831.511 INFO             PET0 PIOc_sync Exit - MemInfo: [/proc/meminfo - SSI]	Committed_AS:    2930672 kB
20220313 000831.511 INFO             PET0 PIOc_sync Exit - MemInfo: [/proc/meminfo - SSI]	CommittedPercent: 4.45013 %
20220313 000831.511 INFO             PET0 PIOc_sync Exit - MemInfo: [/proc/self/status]	VmPeak:	  236296 kB
20220313 000831.511 INFO             PET0 PIOc_sync Exit - MemInfo: [/proc/self/status]	VmSize:	  236296 kB
20220313 000831.511 INFO             PET0 PIOc_sync Exit - MemInfo: [/proc/self/status]	VmLck:	       0 kB
20220313 000831.511 INFO             PET0 PIOc_sync Exit - MemInfo: [/proc/self/status]	VmPin:	       0 kB
20220313 000831.511 INFO             PET0 PIOc_sync Exit - MemInfo: [/proc/self/status]	VmHWM:	   38984 kB
20220313 000831.511 INFO             PET0 PIOc_sync Exit - MemInfo: [/proc/self/status]	VmRSS:	   38984 kB
20220313 000831.511 INFO             PET0 PIOc_sync Exit - MemInfo: [/proc/self/status]	VmData:	   41984 kB
20220313 000831.511 INFO             PET0 PIOc_sync Exit - MemInfo: [/proc/self/status]	VmStk:	     508 kB
20220313 000831.511 INFO             PET0 PIOc_sync Exit - MemInfo: [/proc/self/status]	VmExe:	    1788 kB
20220313 000831.511 INFO             PET0 PIOc_sync Exit - MemInfo: [/proc/self/status]	VmLib:	   93984 kB
20220313 000831.511 INFO             PET0 PIOc_sync Exit - MemInfo: [/proc/self/status]	VmPTE:	     388 kB
20220313 000831.511 INFO             PET0 PIOc_sync Exit - MemInfo: [/proc/self/status]	VmPMD:	      12 kB
20220313 000831.511 INFO             PET0 PIOc_sync Exit - MemInfo: [/proc/self/status]	VmSwap:	       0 kB
20220313 000831.511 INFO             PET0 PIOc_sync Exit - MemInfo: [/proc/self/status]	VmRSSPercent: 0.059196 %
20220313 000831.511 INFO             PET0 PIOc_sync Exit - MemInfo: [malloc] Non-mmapped space allocated:                18452480 Byte
20220313 000831.511 INFO             PET0 PIOc_sync Exit - MemInfo: [malloc] Space allocated in mmapped regions:          3219456 Byte
20220313 000831.511 INFO             PET0 PIOc_sync Exit - MemInfo: [malloc] Maximum total allocated space:                     0 Byte
20220313 000831.511 INFO             PET0 PIOc_sync Exit - MemInfo: [malloc] Space in freed fastbin blocks:                     0 Byte
20220313 000831.511 INFO             PET0 PIOc_sync Exit - MemInfo: [malloc] Total allocated space:                       9973312 Byte
20220313 000831.511 INFO             PET0 PIOc_sync Exit - MemInfo: [malloc] Total free space:                            8479168 Byte
20220313 000831.511 INFO             PET0 PIOc_sync Exit - MemInfo: [malloc] Top-most, releasable space:                   131200 Byte
20220313 000831.511 INFO             PET0 PIOc_sync Exit - MemInfo: [malloc] Total space in use, mmap + non-mmap:        13192768 Byte
20220313 000831.511 INFO             PET0 PIOc_sync Exit - MemInfo: [malloc] Total space held (mmap + non-mmap):         21671936 Byte
20220313 000831.511 INFO             PET0 PIOc_sync Exit - MemInfo: [malloc] Total space used (mmap + non-mmap):         13201088 Byte
20220313 000831.511 INFO             PET0 PIOc_sync Exit - MemInfo: Wall-clock time since execution start:                4.44237 seconds
20220313 000831.511 INFO             PET0 PIOc_freedecomp Enter - MemInfo: [/proc/meminfo - SSI]	MemTotal:       65855856 kB
20220313 000831.511 INFO             PET0 PIOc_freedecomp Enter - MemInfo: [/proc/meminfo - SSI]	MemFree:        61208772 kB
20220313 000831.511 INFO             PET0 PIOc_freedecomp Enter - MemInfo: [/proc/meminfo - SSI]	MemAvailable:   60993288 kB
20220313 000831.511 INFO             PET0 PIOc_freedecomp Enter - MemInfo: [/proc/meminfo - SSI]	Committed_AS:    2930672 kB
20220313 000831.511 INFO             PET0 PIOc_freedecomp Enter - MemInfo: [/proc/meminfo - SSI]	CommittedPercent: 4.45013 %
20220313 000831.511 INFO             PET0 PIOc_freedecomp Enter - MemInfo: [/proc/self/status]	VmPeak:	  236296 kB
20220313 000831.511 INFO             PET0 PIOc_freedecomp Enter - MemInfo: [/proc/self/status]	VmSize:	  236296 kB
20220313 000831.511 INFO             PET0 PIOc_freedecomp Enter - MemInfo: [/proc/self/status]	VmLck:	       0 kB
20220313 000831.511 INFO             PET0 PIOc_freedecomp Enter - MemInfo: [/proc/self/status]	VmPin:	       0 kB
20220313 000831.511 INFO             PET0 PIOc_freedecomp Enter - MemInfo: [/proc/self/status]	VmHWM:	   38984 kB
20220313 000831.511 INFO             PET0 PIOc_freedecomp Enter - MemInfo: [/proc/self/status]	VmRSS:	   38984 kB
20220313 000831.511 INFO             PET0 PIOc_freedecomp Enter - MemInfo: [/proc/self/status]	VmData:	   41984 kB
20220313 000831.511 INFO             PET0 PIOc_freedecomp Enter - MemInfo: [/proc/self/status]	VmStk:	     508 kB
20220313 000831.511 INFO             PET0 PIOc_freedecomp Enter - MemInfo: [/proc/self/status]	VmExe:	    1788 kB
20220313 000831.511 INFO             PET0 PIOc_freedecomp Enter - MemInfo: [/proc/self/status]	VmLib:	   93984 kB
20220313 000831.511 INFO             PET0 PIOc_freedecomp Enter - MemInfo: [/proc/self/status]	VmPTE:	     388 kB
20220313 000831.511 INFO             PET0 PIOc_freedecomp Enter - MemInfo: [/proc/self/status]	VmPMD:	      12 kB
20220313 000831.511 INFO             PET0 PIOc_freedecomp Enter - MemInfo: [/proc/self/status]	VmSwap:	       0 kB
20220313 000831.511 INFO             PET0 PIOc_freedecomp Enter - MemInfo: [/proc/self/status]	VmRSSPercent: 0.059196 %
20220313 000831.511 INFO             PET0 PIOc_freedecomp Enter - MemInfo: [malloc] Non-mmapped space allocated:                18452480 Byte
20220313 000831.511 INFO             PET0 PIOc_freedecomp Enter - MemInfo: [malloc] Space allocated in mmapped regions:          3219456 Byte
20220313 000831.511 INFO             PET0 PIOc_freedecomp Enter - MemInfo: [malloc] Maximum total allocated space:                     0 Byte
20220313 000831.511 INFO             PET0 PIOc_freedecomp Enter - MemInfo: [malloc] Space in freed fastbin blocks:                     0 Byte
20220313 000831.511 INFO             PET0 PIOc_freedecomp Enter - MemInfo: [malloc] Total allocated space:                       1049312 Byte
20220313 000831.511 INFO             PET0 PIOc_freedecomp Enter - MemInfo: [malloc] Total free space:                           17403168 Byte
20220313 000831.511 INFO             PET0 PIOc_freedecomp Enter - MemInfo: [malloc] Top-most, releasable space:                  8519824 Byte
20220313 000831.511 INFO             PET0 PIOc_freedecomp Enter - MemInfo: [malloc] Total space in use, mmap + non-mmap:         4268768 Byte
20220313 000831.511 INFO             PET0 PIOc_freedecomp Enter - MemInfo: [malloc] Total space held (mmap + non-mmap):         21671936 Byte
20220313 000831.511 INFO             PET0 PIOc_freedecomp Enter - MemInfo: [malloc] Total space used (mmap + non-mmap):          4276976 Byte
20220313 000831.511 INFO             PET0 PIOc_freedecomp Enter - MemInfo: Wall-clock time since execution start:                4.44279 seconds
20220313 000831.511 INFO             PET0 PIOc_freedecomp Exit - MemInfo: [/proc/meminfo - SSI]	MemTotal:       65855856 kB
20220313 000831.511 INFO             PET0 PIOc_freedecomp Exit - MemInfo: [/proc/meminfo - SSI]	MemFree:        61208772 kB
20220313 000831.511 INFO             PET0 PIOc_freedecomp Exit - MemInfo: [/proc/meminfo - SSI]	MemAvailable:   60993288 kB
20220313 000831.511 INFO             PET0 PIOc_freedecomp Exit - MemInfo: [/proc/meminfo - SSI]	Committed_AS:    2930672 kB
20220313 000831.511 INFO             PET0 PIOc_freedecomp Exit - MemInfo: [/proc/meminfo - SSI]	CommittedPercent: 4.45013 %
20220313 000831.511 INFO             PET0 PIOc_freedecomp Exit - MemInfo: [/proc/self/status]	VmPeak:	  236296 kB
20220313 000831.512 INFO             PET0 PIOc_freedecomp Exit - MemInfo: [/proc/self/status]	VmSize:	  236296 kB
20220313 000831.512 INFO             PET0 PIOc_freedecomp Exit - MemInfo: [/proc/self/status]	VmLck:	       0 kB
20220313 000831.512 INFO             PET0 PIOc_freedecomp Exit - MemInfo: [/proc/self/status]	VmPin:	       0 kB
20220313 000831.512 INFO             PET0 PIOc_freedecomp Exit - MemInfo: [/proc/self/status]	VmHWM:	   38984 kB
20220313 000831.512 INFO             PET0 PIOc_freedecomp Exit - MemInfo: [/proc/self/status]	VmRSS:	   38984 kB
20220313 000831.512 INFO             PET0 PIOc_freedecomp Exit - MemInfo: [/proc/self/status]	VmData:	   41984 kB
20220313 000831.512 INFO             PET0 PIOc_freedecomp Exit - MemInfo: [/proc/self/status]	VmStk:	     508 kB
20220313 000831.512 INFO             PET0 PIOc_freedecomp Exit - MemInfo: [/proc/self/status]	VmExe:	    1788 kB
20220313 000831.512 INFO             PET0 PIOc_freedecomp Exit - MemInfo: [/proc/self/status]	VmLib:	   93984 kB
20220313 000831.512 INFO             PET0 PIOc_freedecomp Exit - MemInfo: [/proc/self/status]	VmPTE:	     388 kB
20220313 000831.512 INFO             PET0 PIOc_freedecomp Exit - MemInfo: [/proc/self/status]	VmPMD:	      12 kB
20220313 000831.512 INFO             PET0 PIOc_freedecomp Exit - MemInfo: [/proc/self/status]	VmSwap:	       0 kB
20220313 000831.512 INFO             PET0 PIOc_freedecomp Exit - MemInfo: [/proc/self/status]	VmRSSPercent: 0.059196 %
20220313 000831.512 INFO             PET0 PIOc_freedecomp Exit - MemInfo: [malloc] Non-mmapped space allocated:                18452480 Byte
20220313 000831.512 INFO             PET0 PIOc_freedecomp Exit - MemInfo: [malloc] Space allocated in mmapped regions:          3219456 Byte
20220313 000831.512 INFO             PET0 PIOc_freedecomp Exit - MemInfo: [malloc] Maximum total allocated space:                     0 Byte
20220313 000831.512 INFO             PET0 PIOc_freedecomp Exit - MemInfo: [malloc] Space in freed fastbin blocks:                   528 Byte
20220313 000831.512 INFO             PET0 PIOc_freedecomp Exit - MemInfo: [malloc] Total allocated space:                       1045168 Byte
20220313 000831.512 INFO             PET0 PIOc_freedecomp Exit - MemInfo: [malloc] Total free space:                           17407312 Byte
20220313 000831.512 INFO             PET0 PIOc_freedecomp Exit - MemInfo: [malloc] Top-most, releasable space:                  8519824 Byte
20220313 000831.512 INFO             PET0 PIOc_freedecomp Exit - MemInfo: [malloc] Total space in use, mmap + non-mmap:         4264624 Byte
20220313 000831.512 INFO             PET0 PIOc_freedecomp Exit - MemInfo: [malloc] Total space held (mmap + non-mmap):         21671936 Byte
20220313 000831.512 INFO             PET0 PIOc_freedecomp Exit - MemInfo: [malloc] Total space used (mmap + non-mmap):          4272832 Byte
20220313 000831.512 INFO             PET0 PIOc_freedecomp Exit - MemInfo: Wall-clock time since execution start:                4.44306 seconds
20220313 000831.512 INFO             PET0  PASS  Write Field to NetCDF file, ESMF_FieldIOUTest.F90, line 348
20220313 000831.514 INFO             PET0  PASS  Confirm NetCDF metadata - open file, ESMF_FieldIOUTest.F90, line 359
20220313 000831.514 INFO             PET0  PASS  Confirm NetCDF metadata - check dim 1, ESMF_FieldIOUTest.F90, line 369
20220313 000831.514 INFO             PET0  PASS  Confirm NetCDF metadata - check dim 1 len, ESMF_FieldIOUTest.F90, line 379
20220313 000831.514 INFO             PET0  PASS  Confirm NetCDF metadata - check dim 2, ESMF_FieldIOUTest.F90, line 389
20220313 000831.514 INFO             PET0  PASS  Confirm NetCDF metadata - check dim 2 len, ESMF_FieldIOUTest.F90, line 399
20220313 000831.515 INFO             PET0  PASS  Confirm NetCDF metadata - variable exists, ESMF_FieldIOUTest.F90, line 409
20220313 000831.515 INFO             PET0  PASS  Confirm NetCDF metadata - variable has expected dims, ESMF_FieldIOUTest.F90, line 420
20220313 000831.515 INFO             PET0  PASS  Confirm NetCDF data - check data for field, ESMF_FieldIOUTest.F90, line 445
20220313 000831.515 INFO             PET0  PASS  Confirm NetCDF data - close file, ESMF_FieldIOUTest.F90, line 456
20220313 000831.533 INFO             PET0 PIOc_sync Enter - MemInfo: [/proc/meminfo - SSI]	MemTotal:       65855856 kB
20220313 000831.533 INFO             PET0 PIOc_sync Enter - MemInfo: [/proc/meminfo - SSI]	MemFree:        61204236 kB
20220313 000831.533 INFO             PET0 PIOc_sync Enter - MemInfo: [/proc/meminfo - SSI]	MemAvailable:   60988752 kB
20220313 000831.533 INFO             PET0 PIOc_sync Enter - MemInfo: [/proc/meminfo - SSI]	Committed_AS:    2933000 kB
20220313 000831.533 INFO             PET0 PIOc_sync Enter - MemInfo: [/proc/meminfo - SSI]	CommittedPercent: 4.45367 %
20220313 000831.533 INFO             PET0 PIOc_sync Enter - MemInfo: [/proc/self/status]	VmPeak:	  236296 kB
20220313 000831.533 INFO             PET0 PIOc_sync Enter - MemInfo: [/proc/self/status]	VmSize:	  236296 kB
20220313 000831.533 INFO             PET0 PIOc_sync Enter - MemInfo: [/proc/self/status]	VmLck:	       0 kB
20220313 000831.533 INFO             PET0 PIOc_sync Enter - MemInfo: [/proc/self/status]	VmPin:	       0 kB
20220313 000831.533 INFO             PET0 PIOc_sync Enter - MemInfo: [/proc/self/status]	VmHWM:	   38984 kB
20220313 000831.533 INFO             PET0 PIOc_sync Enter - MemInfo: [/proc/self/status]	VmRSS:	   38984 kB
20220313 000831.533 INFO             PET0 PIOc_sync Enter - MemInfo: [/proc/self/status]	VmData:	   41984 kB
20220313 000831.533 INFO             PET0 PIOc_sync Enter - MemInfo: [/proc/self/status]	VmStk:	     508 kB
20220313 000831.533 INFO             PET0 PIOc_sync Enter - MemInfo: [/proc/self/status]	VmExe:	    1788 kB
20220313 000831.533 INFO             PET0 PIOc_sync Enter - MemInfo: [/proc/self/status]	VmLib:	   93984 kB
20220313 000831.533 INFO             PET0 PIOc_sync Enter - MemInfo: [/proc/self/status]	VmPTE:	     392 kB
20220313 000831.533 INFO             PET0 PIOc_sync Enter - MemInfo: [/proc/self/status]	VmPMD:	      12 kB
20220313 000831.533 INFO             PET0 PIOc_sync Enter - MemInfo: [/proc/self/status]	VmSwap:	       0 kB
20220313 000831.533 INFO             PET0 PIOc_sync Enter - MemInfo: [/proc/self/status]	VmRSSPercent: 0.059196 %
20220313 000831.533 INFO             PET0 PIOc_sync Enter - MemInfo: [malloc] Non-mmapped space allocated:                18452480 Byte
20220313 000831.533 INFO             PET0 PIOc_sync Enter - MemInfo: [malloc] Space allocated in mmapped regions:          3219456 Byte
20220313 000831.534 INFO             PET0 PIOc_sync Enter - MemInfo: [malloc] Maximum total allocated space:                     0 Byte
20220313 000831.534 INFO             PET0 PIOc_sync Enter - MemInfo: [malloc] Space in freed fastbin blocks:                     0 Byte
20220313 000831.534 INFO             PET0 PIOc_sync Enter - MemInfo: [malloc] Total allocated space:                       9977552 Byte
20220313 000831.534 INFO             PET0 PIOc_sync Enter - MemInfo: [malloc] Total free space:                            8474928 Byte
20220313 000831.534 INFO             PET0 PIOc_sync Enter - MemInfo: [malloc] Top-most, releasable space:                   131200 Byte
20220313 000831.534 INFO             PET0 PIOc_sync Enter - MemInfo: [malloc] Total space in use, mmap + non-mmap:        13197008 Byte
20220313 000831.534 INFO             PET0 PIOc_sync Enter - MemInfo: [malloc] Total space held (mmap + non-mmap):         21671936 Byte
20220313 000831.534 INFO             PET0 PIOc_sync Enter - MemInfo: [malloc] Total space used (mmap + non-mmap):         13205328 Byte
20220313 000831.534 INFO             PET0 PIOc_sync Enter - MemInfo: Wall-clock time since execution start:                4.46497 seconds
20220313 000831.534 INFO             PET0 PIOc_sync Exit - MemInfo: [/proc/meminfo - SSI]	MemTotal:       65855856 kB
20220313 000831.534 INFO             PET0 PIOc_sync Exit - MemInfo: [/proc/meminfo - SSI]	MemFree:        61204236 kB
20220313 000831.534 INFO             PET0 PIOc_sync Exit - MemInfo: [/proc/meminfo - SSI]	MemAvailable:   60988752 kB
20220313 000831.534 INFO             PET0 PIOc_sync Exit - MemInfo: [/proc/meminfo - SSI]	Committed_AS:    2933000 kB
20220313 000831.534 INFO             PET0 PIOc_sync Exit - MemInfo: [/proc/meminfo - SSI]	CommittedPercent: 4.45367 %
20220313 000831.534 INFO             PET0 PIOc_sync Exit - MemInfo: [/proc/self/status]	VmPeak:	  236296 kB
20220313 000831.534 INFO             PET0 PIOc_sync Exit - MemInfo: [/proc/self/status]	VmSize:	  236296 kB
20220313 000831.534 INFO             PET0 PIOc_sync Exit - MemInfo: [/proc/self/status]	VmLck:	       0 kB
20220313 000831.534 INFO             PET0 PIOc_sync Exit - MemInfo: [/proc/self/status]	VmPin:	       0 kB
20220313 000831.534 INFO             PET0 PIOc_sync Exit - MemInfo: [/proc/self/status]	VmHWM:	   38984 kB
20220313 000831.534 INFO             PET0 PIOc_sync Exit - MemInfo: [/proc/self/status]	VmRSS:	   38984 kB
20220313 000831.534 INFO             PET0 PIOc_sync Exit - MemInfo: [/proc/self/status]	VmData:	   41984 kB
20220313 000831.534 INFO             PET0 PIOc_sync Exit - MemInfo: [/proc/self/status]	VmStk:	     508 kB
20220313 000831.534 INFO             PET0 PIOc_sync Exit - MemInfo: [/proc/self/status]	VmExe:	    1788 kB
20220313 000831.534 INFO             PET0 PIOc_sync Exit - MemInfo: [/proc/self/status]	VmLib:	   93984 kB
20220313 000831.534 INFO             PET0 PIOc_sync Exit - MemInfo: [/proc/self/status]	VmPTE:	     392 kB
20220313 000831.534 INFO             PET0 PIOc_sync Exit - MemInfo: [/proc/self/status]	VmPMD:	      12 kB
20220313 000831.534 INFO             PET0 PIOc_sync Exit - MemInfo: [/proc/self/status]	VmSwap:	       0 kB
20220313 000831.534 INFO             PET0 PIOc_sync Exit - MemInfo: [/proc/self/status]	VmRSSPercent: 0.059196 %
20220313 000831.534 INFO             PET0 PIOc_sync Exit - MemInfo: [malloc] Non-mmapped space allocated:                18452480 Byte
20220313 000831.534 INFO             PET0 PIOc_sync Exit - MemInfo: [malloc] Space allocated in mmapped regions:          3219456 Byte
20220313 000831.534 INFO             PET0 PIOc_sync Exit - MemInfo: [malloc] Maximum total allocated space:                     0 Byte
20220313 000831.534 INFO             PET0 PIOc_sync Exit - MemInfo: [malloc] Space in freed fastbin blocks:                     0 Byte
20220313 000831.534 INFO             PET0 PIOc_sync Exit - MemInfo: [malloc] Total allocated space:                       9978800 Byte
20220313 000831.534 INFO             PET0 PIOc_sync Exit - MemInfo: [malloc] Total free space:                            8473680 Byte
20220313 000831.534 INFO             PET0 PIOc_sync Exit - MemInfo: [malloc] Top-most, releasable space:                   131200 Byte
20220313 000831.534 INFO             PET0 PIOc_sync Exit - MemInfo: [malloc] Total space in use, mmap + non-mmap:        13198256 Byte
20220313 000831.534 INFO             PET0 PIOc_sync Exit - MemInfo: [malloc] Total space held (mmap + non-mmap):         21671936 Byte
20220313 000831.534 INFO             PET0 PIOc_sync Exit - MemInfo: [malloc] Total space used (mmap + non-mmap):         13206576 Byte
20220313 000831.534 INFO             PET0 PIOc_sync Exit - MemInfo: Wall-clock time since execution start:                4.46534 seconds
20220313 000831.534 INFO             PET0 PIOc_freedecomp Enter - MemInfo: [/proc/meminfo - SSI]	MemTotal:       65855856 kB
20220313 000831.534 INFO             PET0 PIOc_freedecomp Enter - MemInfo: [/proc/meminfo - SSI]	MemFree:        61204236 kB
20220313 000831.534 INFO             PET0 PIOc_freedecomp Enter - MemInfo: [/proc/meminfo - SSI]	MemAvailable:   60988752 kB
20220313 000831.534 INFO             PET0 PIOc_freedecomp Enter - MemInfo: [/proc/meminfo - SSI]	Committed_AS:    2933000 kB
20220313 000831.534 INFO             PET0 PIOc_freedecomp Enter - MemInfo: [/proc/meminfo - SSI]	CommittedPercent: 4.45367 %
20220313 000831.534 INFO             PET0 PIOc_freedecomp Enter - MemInfo: [/proc/self/status]	VmPeak:	  236296 kB
20220313 000831.534 INFO             PET0 PIOc_freedecomp Enter - MemInfo: [/proc/self/status]	VmSize:	  236296 kB
20220313 000831.534 INFO             PET0 PIOc_freedecomp Enter - MemInfo: [/proc/self/status]	VmLck:	       0 kB
20220313 000831.534 INFO             PET0 PIOc_freedecomp Enter - MemInfo: [/proc/self/status]	VmPin:	       0 kB
20220313 000831.534 INFO             PET0 PIOc_freedecomp Enter - MemInfo: [/proc/self/status]	VmHWM:	   38984 kB
20220313 000831.534 INFO             PET0 PIOc_freedecomp Enter - MemInfo: [/proc/self/status]	VmRSS:	   38984 kB
20220313 000831.534 INFO             PET0 PIOc_freedecomp Enter - MemInfo: [/proc/self/status]	VmData:	   41984 kB
20220313 000831.534 INFO             PET0 PIOc_freedecomp Enter - MemInfo: [/proc/self/status]	VmStk:	     508 kB
20220313 000831.534 INFO             PET0 PIOc_freedecomp Enter - MemInfo: [/proc/self/status]	VmExe:	    1788 kB
20220313 000831.534 INFO             PET0 PIOc_freedecomp Enter - MemInfo: [/proc/self/status]	VmLib:	   93984 kB
20220313 000831.534 INFO             PET0 PIOc_freedecomp Enter - MemInfo: [/proc/self/status]	VmPTE:	     392 kB
20220313 000831.534 INFO             PET0 PIOc_freedecomp Enter - MemInfo: [/proc/self/status]	VmPMD:	      12 kB
20220313 000831.534 INFO             PET0 PIOc_freedecomp Enter - MemInfo: [/proc/self/status]	VmSwap:	       0 kB
20220313 000831.534 INFO             PET0 PIOc_freedecomp Enter - MemInfo: [/proc/self/status]	VmRSSPercent: 0.059196 %
20220313 000831.534 INFO             PET0 PIOc_freedecomp Enter - MemInfo: [malloc] Non-mmapped space allocated:                18452480 Byte
20220313 000831.534 INFO             PET0 PIOc_freedecomp Enter - MemInfo: [malloc] Space allocated in mmapped regions:          3219456 Byte
20220313 000831.534 INFO             PET0 PIOc_freedecomp Enter - MemInfo: [malloc] Maximum total allocated space:                     0 Byte
20220313 000831.534 INFO             PET0 PIOc_freedecomp Enter - MemInfo: [malloc] Space in freed fastbin blocks:                   112 Byte
20220313 000831.534 INFO             PET0 PIOc_freedecomp Enter - MemInfo: [malloc] Total allocated space:                       1054656 Byte
20220313 000831.534 INFO             PET0 PIOc_freedecomp Enter - MemInfo: [malloc] Total free space:                           17397824 Byte
20220313 000831.534 INFO             PET0 PIOc_freedecomp Enter - MemInfo: [malloc] Top-most, releasable space:                  8519824 Byte
20220313 000831.534 INFO             PET0 PIOc_freedecomp Enter - MemInfo: [malloc] Total space in use, mmap + non-mmap:         4274112 Byte
20220313 000831.534 INFO             PET0 PIOc_freedecomp Enter - MemInfo: [malloc] Total space held (mmap + non-mmap):         21671936 Byte
20220313 000831.534 INFO             PET0 PIOc_freedecomp Enter - MemInfo: [malloc] Total space used (mmap + non-mmap):          4282320 Byte
20220313 000831.534 INFO             PET0 PIOc_freedecomp Enter - MemInfo: Wall-clock time since execution start:                4.46574 seconds
20220313 000831.534 INFO             PET0 PIOc_freedecomp Exit - MemInfo: [/proc/meminfo - SSI]	MemTotal:       65855856 kB
20220313 000831.534 INFO             PET0 PIOc_freedecomp Exit - MemInfo: [/proc/meminfo - SSI]	MemFree:        61204236 kB
20220313 000831.534 INFO             PET0 PIOc_freedecomp Exit - MemInfo: [/proc/meminfo - SSI]	MemAvailable:   60988752 kB
20220313 000831.534 INFO             PET0 PIOc_freedecomp Exit - MemInfo: [/proc/meminfo - SSI]	Committed_AS:    2933000 kB
20220313 000831.534 INFO             PET0 PIOc_freedecomp Exit - MemInfo: [/proc/meminfo - SSI]	CommittedPercent: 4.45367 %
20220313 000831.534 INFO             PET0 PIOc_freedecomp Exit - MemInfo: [/proc/self/status]	VmPeak:	  236296 kB
20220313 000831.534 INFO             PET0 PIOc_freedecomp Exit - MemInfo: [/proc/self/status]	VmSize:	  236296 kB
20220313 000831.534 INFO             PET0 PIOc_freedecomp Exit - MemInfo: [/proc/self/status]	VmLck:	       0 kB
20220313 000831.534 INFO             PET0 PIOc_freedecomp Exit - MemInfo: [/proc/self/status]	VmPin:	       0 kB
20220313 000831.534 INFO             PET0 PIOc_freedecomp Exit - MemInfo: [/proc/self/status]	VmHWM:	   38984 kB
20220313 000831.534 INFO             PET0 PIOc_freedecomp Exit - MemInfo: [/proc/self/status]	VmRSS:	   38984 kB
20220313 000831.534 INFO             PET0 PIOc_freedecomp Exit - MemInfo: [/proc/self/status]	VmData:	   41984 kB
20220313 000831.534 INFO             PET0 PIOc_freedecomp Exit - MemInfo: [/proc/self/status]	VmStk:	     508 kB
20220313 000831.534 INFO             PET0 PIOc_freedecomp Exit - MemInfo: [/proc/self/status]	VmExe:	    1788 kB
20220313 000831.534 INFO             PET0 PIOc_freedecomp Exit - MemInfo: [/proc/self/status]	VmLib:	   93984 kB
20220313 000831.534 INFO             PET0 PIOc_freedecomp Exit - MemInfo: [/proc/self/status]	VmPTE:	     392 kB
20220313 000831.534 INFO             PET0 PIOc_freedecomp Exit - MemInfo: [/proc/self/status]	VmPMD:	      12 kB
20220313 000831.534 INFO             PET0 PIOc_freedecomp Exit - MemInfo: [/proc/self/status]	VmSwap:	       0 kB
20220313 000831.535 INFO             PET0 PIOc_freedecomp Exit - MemInfo: [/proc/self/status]	VmRSSPercent: 0.059196 %
20220313 000831.535 INFO             PET0 PIOc_freedecomp Exit - MemInfo: [malloc] Non-mmapped space allocated:                18452480 Byte
20220313 000831.535 INFO             PET0 PIOc_freedecomp Exit - MemInfo: [malloc] Space allocated in mmapped regions:          3219456 Byte
20220313 000831.535 INFO             PET0 PIOc_freedecomp Exit - MemInfo: [malloc] Maximum total allocated space:                     0 Byte
20220313 000831.535 INFO             PET0 PIOc_freedecomp Exit - MemInfo: [malloc] Space in freed fastbin blocks:                   288 Byte
20220313 000831.535 INFO             PET0 PIOc_freedecomp Exit - MemInfo: [malloc] Total allocated space:                       1051920 Byte
20220313 000831.535 INFO             PET0 PIOc_freedecomp Exit - MemInfo: [malloc] Total free space:                           17400560 Byte
20220313 000831.535 INFO             PET0 PIOc_freedecomp Exit - MemInfo: [malloc] Top-most, releasable space:                  8519824 Byte
20220313 000831.535 INFO             PET0 PIOc_freedecomp Exit - MemInfo: [malloc] Total space in use, mmap + non-mmap:         4271376 Byte
20220313 000831.535 INFO             PET0 PIOc_freedecomp Exit - MemInfo: [malloc] Total space held (mmap + non-mmap):         21671936 Byte
20220313 000831.535 INFO             PET0 PIOc_freedecomp Exit - MemInfo: [malloc] Total space used (mmap + non-mmap):          4279584 Byte
20220313 000831.535 INFO             PET0 PIOc_freedecomp Exit - MemInfo: Wall-clock time since execution start:                  4.466 seconds
20220313 000831.594 INFO             PET0 PIOc_sync Enter - MemInfo: [/proc/meminfo - SSI]	MemTotal:       65855856 kB
20220313 000831.594 INFO             PET0 PIOc_sync Enter - MemInfo: [/proc/meminfo - SSI]	MemFree:        61204236 kB
20220313 000831.594 INFO             PET0 PIOc_sync Enter - MemInfo: [/proc/meminfo - SSI]	MemAvailable:   60988752 kB
20220313 000831.594 INFO             PET0 PIOc_sync Enter - MemInfo: [/proc/meminfo - SSI]	Committed_AS:    2933000 kB
20220313 000831.594 INFO             PET0 PIOc_sync Enter - MemInfo: [/proc/meminfo - SSI]	CommittedPercent: 4.45367 %
20220313 000831.594 INFO             PET0 PIOc_sync Enter - MemInfo: [/proc/self/status]	VmPeak:	  236296 kB
20220313 000831.594 INFO             PET0 PIOc_sync Enter - MemInfo: [/proc/self/status]	VmSize:	  236296 kB
20220313 000831.594 INFO             PET0 PIOc_sync Enter - MemInfo: [/proc/self/status]	VmLck:	       0 kB
20220313 000831.594 INFO             PET0 PIOc_sync Enter - MemInfo: [/proc/self/status]	VmPin:	       0 kB
20220313 000831.594 INFO             PET0 PIOc_sync Enter - MemInfo: [/proc/self/status]	VmHWM:	   39236 kB
20220313 000831.594 INFO             PET0 PIOc_sync Enter - MemInfo: [/proc/self/status]	VmRSS:	   39236 kB
20220313 000831.594 INFO             PET0 PIOc_sync Enter - MemInfo: [/proc/self/status]	VmData:	   41984 kB
20220313 000831.594 INFO             PET0 PIOc_sync Enter - MemInfo: [/proc/self/status]	VmStk:	     508 kB
20220313 000831.594 INFO             PET0 PIOc_sync Enter - MemInfo: [/proc/self/status]	VmExe:	    1788 kB
20220313 000831.594 INFO             PET0 PIOc_sync Enter - MemInfo: [/proc/self/status]	VmLib:	   93984 kB
20220313 000831.594 INFO             PET0 PIOc_sync Enter - MemInfo: [/proc/self/status]	VmPTE:	     392 kB
20220313 000831.594 INFO             PET0 PIOc_sync Enter - MemInfo: [/proc/self/status]	VmPMD:	      12 kB
20220313 000831.594 INFO             PET0 PIOc_sync Enter - MemInfo: [/proc/self/status]	VmSwap:	       0 kB
20220313 000831.594 INFO             PET0 PIOc_sync Enter - MemInfo: [/proc/self/status]	VmRSSPercent: 0.0595786 %
20220313 000831.594 INFO             PET0 PIOc_sync Enter - MemInfo: [malloc] Non-mmapped space allocated:                18452480 Byte
20220313 000831.594 INFO             PET0 PIOc_sync Enter - MemInfo: [malloc] Space allocated in mmapped regions:          3219456 Byte
20220313 000831.594 INFO             PET0 PIOc_sync Enter - MemInfo: [malloc] Maximum total allocated space:                     0 Byte
20220313 000831.594 INFO             PET0 PIOc_sync Enter - MemInfo: [malloc] Space in freed fastbin blocks:                     0 Byte
20220313 000831.594 INFO             PET0 PIOc_sync Enter - MemInfo: [malloc] Total allocated space:                       9984208 Byte
20220313 000831.594 INFO             PET0 PIOc_sync Enter - MemInfo: [malloc] Total free space:                            8468272 Byte
20220313 000831.594 INFO             PET0 PIOc_sync Enter - MemInfo: [malloc] Top-most, releasable space:                   131200 Byte
20220313 000831.594 INFO             PET0 PIOc_sync Enter - MemInfo: [malloc] Total space in use, mmap + non-mmap:        13203664 Byte
20220313 000831.594 INFO             PET0 PIOc_sync Enter - MemInfo: [malloc] Total space held (mmap + non-mmap):         21671936 Byte
20220313 000831.594 INFO             PET0 PIOc_sync Enter - MemInfo: [malloc] Total space used (mmap + non-mmap):         13211984 Byte
20220313 000831.594 INFO             PET0 PIOc_sync Enter - MemInfo: Wall-clock time since execution start:                 4.5253 seconds
20220313 000831.594 INFO             PET0 PIOc_sync Exit - MemInfo: [/proc/meminfo - SSI]	MemTotal:       65855856 kB
20220313 000831.594 INFO             PET0 PIOc_sync Exit - MemInfo: [/proc/meminfo - SSI]	MemFree:        61204236 kB
20220313 000831.594 INFO             PET0 PIOc_sync Exit - MemInfo: [/proc/meminfo - SSI]	MemAvailable:   60988752 kB
20220313 000831.594 INFO             PET0 PIOc_sync Exit - MemInfo: [/proc/meminfo - SSI]	Committed_AS:    2933000 kB
20220313 000831.594 INFO             PET0 PIOc_sync Exit - MemInfo: [/proc/meminfo - SSI]	CommittedPercent: 4.45367 %
20220313 000831.594 INFO             PET0 PIOc_sync Exit - MemInfo: [/proc/self/status]	VmPeak:	  236296 kB
20220313 000831.594 INFO             PET0 PIOc_sync Exit - MemInfo: [/proc/self/status]	VmSize:	  236296 kB
20220313 000831.594 INFO             PET0 PIOc_sync Exit - MemInfo: [/proc/self/status]	VmLck:	       0 kB
20220313 000831.594 INFO             PET0 PIOc_sync Exit - MemInfo: [/proc/self/status]	VmPin:	       0 kB
20220313 000831.594 INFO             PET0 PIOc_sync Exit - MemInfo: [/proc/self/status]	VmHWM:	   39236 kB
20220313 000831.594 INFO             PET0 PIOc_sync Exit - MemInfo: [/proc/self/status]	VmRSS:	   39236 kB
20220313 000831.594 INFO             PET0 PIOc_sync Exit - MemInfo: [/proc/self/status]	VmData:	   41984 kB
20220313 000831.594 INFO             PET0 PIOc_sync Exit - MemInfo: [/proc/self/status]	VmStk:	     508 kB
20220313 000831.594 INFO             PET0 PIOc_sync Exit - MemInfo: [/proc/self/status]	VmExe:	    1788 kB
20220313 000831.594 INFO             PET0 PIOc_sync Exit - MemInfo: [/proc/self/status]	VmLib:	   93984 kB
20220313 000831.594 INFO             PET0 PIOc_sync Exit - MemInfo: [/proc/self/status]	VmPTE:	     396 kB
20220313 000831.594 INFO             PET0 PIOc_sync Exit - MemInfo: [/proc/self/status]	VmPMD:	      12 kB
20220313 000831.594 INFO             PET0 PIOc_sync Exit - MemInfo: [/proc/self/status]	VmSwap:	       0 kB
20220313 000831.594 INFO             PET0 PIOc_sync Exit - MemInfo: [/proc/self/status]	VmRSSPercent: 0.0595786 %
20220313 000831.594 INFO             PET0 PIOc_sync Exit - MemInfo: [malloc] Non-mmapped space allocated:                18452480 Byte
20220313 000831.594 INFO             PET0 PIOc_sync Exit - MemInfo: [malloc] Space allocated in mmapped regions:          3219456 Byte
20220313 000831.594 INFO             PET0 PIOc_sync Exit - MemInfo: [malloc] Maximum total allocated space:                     0 Byte
20220313 000831.594 INFO             PET0 PIOc_sync Exit - MemInfo: [malloc] Space in freed fastbin blocks:                     0 Byte
20220313 000831.594 INFO             PET0 PIOc_sync Exit - MemInfo: [malloc] Total allocated space:                       9985408 Byte
20220313 000831.594 INFO             PET0 PIOc_sync Exit - MemInfo: [malloc] Total free space:                            8467072 Byte
20220313 000831.594 INFO             PET0 PIOc_sync Exit - MemInfo: [malloc] Top-most, releasable space:                   131200 Byte
20220313 000831.594 INFO             PET0 PIOc_sync Exit - MemInfo: [malloc] Total space in use, mmap + non-mmap:        13204864 Byte
20220313 000831.594 INFO             PET0 PIOc_sync Exit - MemInfo: [malloc] Total space held (mmap + non-mmap):         21671936 Byte
