build time -- 2022-03-14 00:45:12
20220314 010901.351 INFO             PET0 !!!!!!!!!!!!!!!!!!!!!!!!!!!!!!!!!!!!!!!!!!!!!!!!!!!!!!
20220314 010901.351 INFO             PET0 !!! THE ESMF_LOG IS SET TO OUTPUT ALL LOG MESSAGES !!!
20220314 010901.351 INFO             PET0 !!!     THIS MAY CAUSE SLOWDOWN IN PERFORMANCE     !!!
20220314 010901.351 INFO             PET0 !!! FOR PRODUCTION RUNS, USE:                      !!!
20220314 010901.351 INFO             PET0 !!!                   ESMF_LOGKIND_Multi_On_Error  !!!
20220314 010901.351 INFO             PET0 !!!!!!!!!!!!!!!!!!!!!!!!!!!!!!!!!!!!!!!!!!!!!!!!!!!!!!
20220314 010901.351 INFO             PET0 Running with ESMF Version   : v8.3.0b09-96-g559b459836
20220314 010901.351 INFO             PET0 ESMF library build date/time: "Mar 14 2022" "00:43:16"
20220314 010901.351 INFO             PET0 ESMF library build location : /lustre/f2/dev/ncep/Mark.Potts/intel_2019.5_mpi_O_jedwards_pio_update2
20220314 010901.351 INFO             PET0 ESMF_COMM                   : mpi
20220314 010901.352 INFO             PET0 ESMF_MOAB                   : enabled
20220314 010901.352 INFO             PET0 ESMF_LAPACK                 : enabled
20220314 010901.352 INFO             PET0 ESMF_NETCDF                 : enabled
20220314 010901.352 INFO             PET0 ESMF_PNETCDF                : disabled
20220314 010901.352 INFO             PET0 ESMF_PIO                    : enabled
20220314 010901.352 INFO             PET0 ESMF_YAMLCPP                : enabled
20220314 010901.400 INFO             PET0  Beginning Test, file ESMF_FieldSMMFromFileUTest.F90, line 287
20220314 010901.400 INFO             PET0  NUMBER_OF_PROCESSORS           4
20220314 010901.530 INFO             PET0  PASS  ESMF_FieldSMMFromFile Unit Test, ESMF_FieldSMMFromFileUTest.F90, line 300
20220314 010901.559 INFO             PET0 PIOc_sync Enter - MemInfo: [/proc/meminfo - SSI]	MemTotal:       65855856 kB
20220314 010901.559 INFO             PET0 PIOc_sync Enter - MemInfo: [/proc/meminfo - SSI]	MemFree:        61207664 kB
20220314 010901.559 INFO             PET0 PIOc_sync Enter - MemInfo: [/proc/meminfo - SSI]	MemAvailable:   60993488 kB
20220314 010901.559 INFO             PET0 PIOc_sync Enter - MemInfo: [/proc/meminfo - SSI]	Committed_AS:    2974932 kB
20220314 010901.559 INFO             PET0 PIOc_sync Enter - MemInfo: [/proc/meminfo - SSI]	CommittedPercent: 4.51734 %
20220314 010901.559 INFO             PET0 PIOc_sync Enter - MemInfo: [/proc/self/status]	VmPeak:	  316008 kB
20220314 010901.559 INFO             PET0 PIOc_sync Enter - MemInfo: [/proc/self/status]	VmSize:	  315984 kB
20220314 010901.559 INFO             PET0 PIOc_sync Enter - MemInfo: [/proc/self/status]	VmLck:	       0 kB
20220314 010901.559 INFO             PET0 PIOc_sync Enter - MemInfo: [/proc/self/status]	VmPin:	       0 kB
20220314 010901.559 INFO             PET0 PIOc_sync Enter - MemInfo: [/proc/self/status]	VmHWM:	   55820 kB
20220314 010901.559 INFO             PET0 PIOc_sync Enter - MemInfo: [/proc/self/status]	VmRSS:	   55820 kB
20220314 010901.559 INFO             PET0 PIOc_sync Enter - MemInfo: [/proc/self/status]	VmData:	   78524 kB
20220314 010901.559 INFO             PET0 PIOc_sync Enter - MemInfo: [/proc/self/status]	VmStk:	     508 kB
20220314 010901.559 INFO             PET0 PIOc_sync Enter - MemInfo: [/proc/self/status]	VmExe:	    1924 kB
20220314 010901.559 INFO             PET0 PIOc_sync Enter - MemInfo: [/proc/self/status]	VmLib:	   93984 kB
20220314 010901.559 INFO             PET0 PIOc_sync Enter - MemInfo: [/proc/self/status]	VmPTE:	     476 kB
20220314 010901.559 INFO             PET0 PIOc_sync Enter - MemInfo: [/proc/self/status]	VmPMD:	      12 kB
20220314 010901.559 INFO             PET0 PIOc_sync Enter - MemInfo: [/proc/self/status]	VmSwap:	       0 kB
20220314 010901.559 INFO             PET0 PIOc_sync Enter - MemInfo: [/proc/self/status]	VmRSSPercent: 0.0847609 %
20220314 010901.559 INFO             PET0 PIOc_sync Enter - MemInfo: [malloc] Non-mmapped space allocated:                51888128 Byte
20220314 010901.559 INFO             PET0 PIOc_sync Enter - MemInfo: [malloc] Space allocated in mmapped regions:          2887680 Byte
20220314 010901.559 INFO             PET0 PIOc_sync Enter - MemInfo: [malloc] Maximum total allocated space:                     0 Byte
20220314 010901.559 INFO             PET0 PIOc_sync Enter - MemInfo: [malloc] Space in freed fastbin blocks:                    48 Byte
20220314 010901.559 INFO             PET0 PIOc_sync Enter - MemInfo: [malloc] Total allocated space:                      36653616 Byte
20220314 010901.559 INFO             PET0 PIOc_sync Enter - MemInfo: [malloc] Total free space:                           15234512 Byte
20220314 010901.559 INFO             PET0 PIOc_sync Enter - MemInfo: [malloc] Top-most, releasable space:                  8520304 Byte
20220314 010901.559 INFO             PET0 PIOc_sync Enter - MemInfo: [malloc] Total space in use, mmap + non-mmap:        39541296 Byte
20220314 010901.559 INFO             PET0 PIOc_sync Enter - MemInfo: [malloc] Total space held (mmap + non-mmap):         54775808 Byte
20220314 010901.559 INFO             PET0 PIOc_sync Enter - MemInfo: [malloc] Total space used (mmap + non-mmap):         39550912 Byte
20220314 010901.559 INFO             PET0 PIOc_sync Enter - MemInfo: Wall-clock time since execution start:               0.235979 seconds
20220314 010901.559 INFO             PET0 PIOc_sync Exit - MemInfo: [/proc/meminfo - SSI]	MemTotal:       65855856 kB
20220314 010901.559 INFO             PET0 PIOc_sync Exit - MemInfo: [/proc/meminfo - SSI]	MemFree:        61207160 kB
20220314 010901.559 INFO             PET0 PIOc_sync Exit - MemInfo: [/proc/meminfo - SSI]	MemAvailable:   60992984 kB
20220314 010901.559 INFO             PET0 PIOc_sync Exit - MemInfo: [/proc/meminfo - SSI]	Committed_AS:    2974932 kB
20220314 010901.559 INFO             PET0 PIOc_sync Exit - MemInfo: [/proc/meminfo - SSI]	CommittedPercent: 4.51734 %
20220314 010901.559 INFO             PET0 PIOc_sync Exit - MemInfo: [/proc/self/status]	VmPeak:	  316008 kB
20220314 010901.559 INFO             PET0 PIOc_sync Exit - MemInfo: [/proc/self/status]	VmSize:	  315984 kB
20220314 010901.559 INFO             PET0 PIOc_sync Exit - MemInfo: [/proc/self/status]	VmLck:	       0 kB
20220314 010901.559 INFO             PET0 PIOc_sync Exit - MemInfo: [/proc/self/status]	VmPin:	       0 kB
20220314 010901.559 INFO             PET0 PIOc_sync Exit - MemInfo: [/proc/self/status]	VmHWM:	   56020 kB
20220314 010901.559 INFO             PET0 PIOc_sync Exit - MemInfo: [/proc/self/status]	VmRSS:	   56020 kB
20220314 010901.559 INFO             PET0 PIOc_sync Exit - MemInfo: [/proc/self/status]	VmData:	   78524 kB
20220314 010901.559 INFO             PET0 PIOc_sync Exit - MemInfo: [/proc/self/status]	VmStk:	     508 kB
20220314 010901.559 INFO             PET0 PIOc_sync Exit - MemInfo: [/proc/self/status]	VmExe:	    1924 kB
20220314 010901.559 INFO             PET0 PIOc_sync Exit - MemInfo: [/proc/self/status]	VmLib:	   93984 kB
20220314 010901.559 INFO             PET0 PIOc_sync Exit - MemInfo: [/proc/self/status]	VmPTE:	     476 kB
20220314 010901.559 INFO             PET0 PIOc_sync Exit - MemInfo: [/proc/self/status]	VmPMD:	      12 kB
20220314 010901.559 INFO             PET0 PIOc_sync Exit - MemInfo: [/proc/self/status]	VmSwap:	       0 kB
20220314 010901.559 INFO             PET0 PIOc_sync Exit - MemInfo: [/proc/self/status]	VmRSSPercent: 0.0850646 %
20220314 010901.559 INFO             PET0 PIOc_sync Exit - MemInfo: [malloc] Non-mmapped space allocated:                51888128 Byte
20220314 010901.560 INFO             PET0 PIOc_sync Exit - MemInfo: [malloc] Space allocated in mmapped regions:          2887680 Byte
20220314 010901.560 INFO             PET0 PIOc_sync Exit - MemInfo: [malloc] Maximum total allocated space:                     0 Byte
20220314 010901.560 INFO             PET0 PIOc_sync Exit - MemInfo: [malloc] Space in freed fastbin blocks:                     0 Byte
20220314 010901.560 INFO             PET0 PIOc_sync Exit - MemInfo: [malloc] Total allocated space:                      37050256 Byte
20220314 010901.560 INFO             PET0 PIOc_sync Exit - MemInfo: [malloc] Total free space:                           14837872 Byte
20220314 010901.560 INFO             PET0 PIOc_sync Exit - MemInfo: [malloc] Top-most, releasable space:                  8520304 Byte
20220314 010901.560 INFO             PET0 PIOc_sync Exit - MemInfo: [malloc] Total space in use, mmap + non-mmap:        39937936 Byte
20220314 010901.560 INFO             PET0 PIOc_sync Exit - MemInfo: [malloc] Total space held (mmap + non-mmap):         54775808 Byte
20220314 010901.560 INFO             PET0 PIOc_sync Exit - MemInfo: [malloc] Total space used (mmap + non-mmap):         39946432 Byte
20220314 010901.560 INFO             PET0 PIOc_sync Exit - MemInfo: Wall-clock time since execution start:               0.236477 seconds
20220314 010901.560 INFO             PET0 PIOc_freedecomp Enter - MemInfo: [/proc/meminfo - SSI]	MemTotal:       65855856 kB
20220314 010901.560 INFO             PET0 PIOc_freedecomp Enter - MemInfo: [/proc/meminfo - SSI]	MemFree:        61207160 kB
20220314 010901.560 INFO             PET0 PIOc_freedecomp Enter - MemInfo: [/proc/meminfo - SSI]	MemAvailable:   60992984 kB
20220314 010901.560 INFO             PET0 PIOc_freedecomp Enter - MemInfo: [/proc/meminfo - SSI]	Committed_AS:    2974932 kB
20220314 010901.560 INFO             PET0 PIOc_freedecomp Enter - MemInfo: [/proc/meminfo - SSI]	CommittedPercent: 4.51734 %
20220314 010901.560 INFO             PET0 PIOc_freedecomp Enter - MemInfo: [/proc/self/status]	VmPeak:	  316008 kB
20220314 010901.560 INFO             PET0 PIOc_freedecomp Enter - MemInfo: [/proc/self/status]	VmSize:	  315984 kB
20220314 010901.560 INFO             PET0 PIOc_freedecomp Enter - MemInfo: [/proc/self/status]	VmLck:	       0 kB
20220314 010901.560 INFO             PET0 PIOc_freedecomp Enter - MemInfo: [/proc/self/status]	VmPin:	       0 kB
20220314 010901.560 INFO             PET0 PIOc_freedecomp Enter - MemInfo: [/proc/self/status]	VmHWM:	   56020 kB
20220314 010901.560 INFO             PET0 PIOc_freedecomp Enter - MemInfo: [/proc/self/status]	VmRSS:	   56020 kB
20220314 010901.560 INFO             PET0 PIOc_freedecomp Enter - MemInfo: [/proc/self/status]	VmData:	   78524 kB
20220314 010901.560 INFO             PET0 PIOc_freedecomp Enter - MemInfo: [/proc/self/status]	VmStk:	     508 kB
20220314 010901.560 INFO             PET0 PIOc_freedecomp Enter - MemInfo: [/proc/self/status]	VmExe:	    1924 kB
20220314 010901.560 INFO             PET0 PIOc_freedecomp Enter - MemInfo: [/proc/self/status]	VmLib:	   93984 kB
20220314 010901.560 INFO             PET0 PIOc_freedecomp Enter - MemInfo: [/proc/self/status]	VmPTE:	     476 kB
20220314 010901.560 INFO             PET0 PIOc_freedecomp Enter - MemInfo: [/proc/self/status]	VmPMD:	      12 kB
20220314 010901.560 INFO             PET0 PIOc_freedecomp Enter - MemInfo: [/proc/self/status]	VmSwap:	       0 kB
20220314 010901.560 INFO             PET0 PIOc_freedecomp Enter - MemInfo: [/proc/self/status]	VmRSSPercent: 0.0850646 %
20220314 010901.560 INFO             PET0 PIOc_freedecomp Enter - MemInfo: [malloc] Non-mmapped space allocated:                51888128 Byte
20220314 010901.560 INFO             PET0 PIOc_freedecomp Enter - MemInfo: [malloc] Space allocated in mmapped regions:          2887680 Byte
20220314 010901.560 INFO             PET0 PIOc_freedecomp Enter - MemInfo: [malloc] Maximum total allocated space:                     0 Byte
20220314 010901.560 INFO             PET0 PIOc_freedecomp Enter - MemInfo: [malloc] Space in freed fastbin blocks:                   448 Byte
20220314 010901.560 INFO             PET0 PIOc_freedecomp Enter - MemInfo: [malloc] Total allocated space:                      28650784 Byte
20220314 010901.560 INFO             PET0 PIOc_freedecomp Enter - MemInfo: [malloc] Total free space:                           23237344 Byte
20220314 010901.560 INFO             PET0 PIOc_freedecomp Enter - MemInfo: [malloc] Top-most, releasable space:                  8520304 Byte
20220314 010901.560 INFO             PET0 PIOc_freedecomp Enter - MemInfo: [malloc] Total space in use, mmap + non-mmap:        31538464 Byte
20220314 010901.560 INFO             PET0 PIOc_freedecomp Enter - MemInfo: [malloc] Total space held (mmap + non-mmap):         54775808 Byte
20220314 010901.560 INFO             PET0 PIOc_freedecomp Enter - MemInfo: [malloc] Total space used (mmap + non-mmap):         31546896 Byte
20220314 010901.560 INFO             PET0 PIOc_freedecomp Enter - MemInfo: Wall-clock time since execution start:               0.236979 seconds
20220314 010901.560 INFO             PET0 PIOc_freedecomp Exit - MemInfo: [/proc/meminfo - SSI]	MemTotal:       65855856 kB
20220314 010901.560 INFO             PET0 PIOc_freedecomp Exit - MemInfo: [/proc/meminfo - SSI]	MemFree:        61207160 kB
20220314 010901.560 INFO             PET0 PIOc_freedecomp Exit - MemInfo: [/proc/meminfo - SSI]	MemAvailable:   60992984 kB
20220314 010901.560 INFO             PET0 PIOc_freedecomp Exit - MemInfo: [/proc/meminfo - SSI]	Committed_AS:    2974932 kB
20220314 010901.560 INFO             PET0 PIOc_freedecomp Exit - MemInfo: [/proc/meminfo - SSI]	CommittedPercent: 4.51734 %
20220314 010901.560 INFO             PET0 PIOc_freedecomp Exit - MemInfo: [/proc/self/status]	VmPeak:	  316008 kB
20220314 010901.560 INFO             PET0 PIOc_freedecomp Exit - MemInfo: [/proc/self/status]	VmSize:	  315984 kB
20220314 010901.560 INFO             PET0 PIOc_freedecomp Exit - MemInfo: [/proc/self/status]	VmLck:	       0 kB
20220314 010901.560 INFO             PET0 PIOc_freedecomp Exit - MemInfo: [/proc/self/status]	VmPin:	       0 kB
20220314 010901.560 INFO             PET0 PIOc_freedecomp Exit - MemInfo: [/proc/self/status]	VmHWM:	   56020 kB
20220314 010901.560 INFO             PET0 PIOc_freedecomp Exit - MemInfo: [/proc/self/status]	VmRSS:	   56020 kB
20220314 010901.560 INFO             PET0 PIOc_freedecomp Exit - MemInfo: [/proc/self/status]	VmData:	   78524 kB
20220314 010901.560 INFO             PET0 PIOc_freedecomp Exit - MemInfo: [/proc/self/status]	VmStk:	     508 kB
20220314 010901.560 INFO             PET0 PIOc_freedecomp Exit - MemInfo: [/proc/self/status]	VmExe:	    1924 kB
20220314 010901.560 INFO             PET0 PIOc_freedecomp Exit - MemInfo: [/proc/self/status]	VmLib:	   93984 kB
20220314 010901.560 INFO             PET0 PIOc_freedecomp Exit - MemInfo: [/proc/self/status]	VmPTE:	     476 kB
20220314 010901.560 INFO             PET0 PIOc_freedecomp Exit - MemInfo: [/proc/self/status]	VmPMD:	      12 kB
20220314 010901.560 INFO             PET0 PIOc_freedecomp Exit - MemInfo: [/proc/self/status]	VmSwap:	       0 kB
20220314 010901.560 INFO             PET0 PIOc_freedecomp Exit - MemInfo: [/proc/self/status]	VmRSSPercent: 0.0850646 %
20220314 010901.560 INFO             PET0 PIOc_freedecomp Exit - MemInfo: [malloc] Non-mmapped space allocated:                51888128 Byte
20220314 010901.560 INFO             PET0 PIOc_freedecomp Exit - MemInfo: [malloc] Space allocated in mmapped regions:          2887680 Byte
20220314 010901.560 INFO             PET0 PIOc_freedecomp Exit - MemInfo: [malloc] Maximum total allocated space:                     0 Byte
20220314 010901.560 INFO             PET0 PIOc_freedecomp Exit - MemInfo: [malloc] Space in freed fastbin blocks:                   832 Byte
20220314 010901.560 INFO             PET0 PIOc_freedecomp Exit - MemInfo: [malloc] Total allocated space:                      28647920 Byte
20220314 010901.560 INFO             PET0 PIOc_freedecomp Exit - MemInfo: [malloc] Total free space:                           23240208 Byte
20220314 010901.560 INFO             PET0 PIOc_freedecomp Exit - MemInfo: [malloc] Top-most, releasable space:                  8520304 Byte
20220314 010901.560 INFO             PET0 PIOc_freedecomp Exit - MemInfo: [malloc] Total space in use, mmap + non-mmap:        31535600 Byte
20220314 010901.560 INFO             PET0 PIOc_freedecomp Exit - MemInfo: [malloc] Total space held (mmap + non-mmap):         54775808 Byte
20220314 010901.560 INFO             PET0 PIOc_freedecomp Exit - MemInfo: [malloc] Total space used (mmap + non-mmap):         31544032 Byte
20220314 010901.560 INFO             PET0 PIOc_freedecomp Exit - MemInfo: Wall-clock time since execution start:               0.237253 seconds
20220314 010901.562 INFO             PET0 PIOc_sync Enter - MemInfo: [/proc/meminfo - SSI]	MemTotal:       65855856 kB
20220314 010901.562 INFO             PET0 PIOc_sync Enter - MemInfo: [/proc/meminfo - SSI]	MemFree:        61207160 kB
20220314 010901.562 INFO             PET0 PIOc_sync Enter - MemInfo: [/proc/meminfo - SSI]	MemAvailable:   60992984 kB
20220314 010901.562 INFO             PET0 PIOc_sync Enter - MemInfo: [/proc/meminfo - SSI]	Committed_AS:    2974932 kB
20220314 010901.562 INFO             PET0 PIOc_sync Enter - MemInfo: [/proc/meminfo - SSI]	CommittedPercent: 4.51734 %
20220314 010901.562 INFO             PET0 PIOc_sync Enter - MemInfo: [/proc/self/status]	VmPeak:	  316008 kB
20220314 010901.562 INFO             PET0 PIOc_sync Enter - MemInfo: [/proc/self/status]	VmSize:	  315984 kB
20220314 010901.562 INFO             PET0 PIOc_sync Enter - MemInfo: [/proc/self/status]	VmLck:	       0 kB
20220314 010901.562 INFO             PET0 PIOc_sync Enter - MemInfo: [/proc/self/status]	VmPin:	       0 kB
20220314 010901.562 INFO             PET0 PIOc_sync Enter - MemInfo: [/proc/self/status]	VmHWM:	   56020 kB
20220314 010901.562 INFO             PET0 PIOc_sync Enter - MemInfo: [/proc/self/status]	VmRSS:	   56020 kB
20220314 010901.562 INFO             PET0 PIOc_sync Enter - MemInfo: [/proc/self/status]	VmData:	   78524 kB
20220314 010901.562 INFO             PET0 PIOc_sync Enter - MemInfo: [/proc/self/status]	VmStk:	     508 kB
20220314 010901.562 INFO             PET0 PIOc_sync Enter - MemInfo: [/proc/self/status]	VmExe:	    1924 kB
20220314 010901.562 INFO             PET0 PIOc_sync Enter - MemInfo: [/proc/self/status]	VmLib:	   93984 kB
20220314 010901.562 INFO             PET0 PIOc_sync Enter - MemInfo: [/proc/self/status]	VmPTE:	     476 kB
20220314 010901.562 INFO             PET0 PIOc_sync Enter - MemInfo: [/proc/self/status]	VmPMD:	      12 kB
20220314 010901.562 INFO             PET0 PIOc_sync Enter - MemInfo: [/proc/self/status]	VmSwap:	       0 kB
20220314 010901.562 INFO             PET0 PIOc_sync Enter - MemInfo: [/proc/self/status]	VmRSSPercent: 0.0850646 %
20220314 010901.562 INFO             PET0 PIOc_sync Enter - MemInfo: [malloc] Non-mmapped space allocated:                51888128 Byte
20220314 010901.562 INFO             PET0 PIOc_sync Enter - MemInfo: [malloc] Space allocated in mmapped regions:          2887680 Byte
20220314 010901.562 INFO             PET0 PIOc_sync Enter - MemInfo: [malloc] Maximum total allocated space:                     0 Byte
20220314 010901.562 INFO             PET0 PIOc_sync Enter - MemInfo: [malloc] Space in freed fastbin blocks:                   160 Byte
20220314 010901.562 INFO             PET0 PIOc_sync Enter - MemInfo: [malloc] Total allocated space:                      37052320 Byte
20220314 010901.562 INFO             PET0 PIOc_sync Enter - MemInfo: [malloc] Total free space:                           14835808 Byte
20220314 010901.562 INFO             PET0 PIOc_sync Enter - MemInfo: [malloc] Top-most, releasable space:                  8520304 Byte
20220314 010901.562 INFO             PET0 PIOc_sync Enter - MemInfo: [malloc] Total space in use, mmap + non-mmap:        39940000 Byte
20220314 010901.562 INFO             PET0 PIOc_sync Enter - MemInfo: [malloc] Total space held (mmap + non-mmap):         54775808 Byte
20220314 010901.562 INFO             PET0 PIOc_sync Enter - MemInfo: [malloc] Total space used (mmap + non-mmap):         39948320 Byte
20220314 010901.562 INFO             PET0 PIOc_sync Enter - MemInfo: Wall-clock time since execution start:               0.238873 seconds
20220314 010901.562 INFO             PET0 PIOc_sync Exit - MemInfo: [/proc/meminfo - SSI]	MemTotal:       65855856 kB
20220314 010901.562 INFO             PET0 PIOc_sync Exit - MemInfo: [/proc/meminfo - SSI]	MemFree:        61207160 kB
20220314 010901.562 INFO             PET0 PIOc_sync Exit - MemInfo: [/proc/meminfo - SSI]	MemAvailable:   60992984 kB
20220314 010901.562 INFO             PET0 PIOc_sync Exit - MemInfo: [/proc/meminfo - SSI]	Committed_AS:    2974932 kB
20220314 010901.562 INFO             PET0 PIOc_sync Exit - MemInfo: [/proc/meminfo - SSI]	CommittedPercent: 4.51734 %
20220314 010901.562 INFO             PET0 PIOc_sync Exit - MemInfo: [/proc/self/status]	VmPeak:	  316008 kB
20220314 010901.562 INFO             PET0 PIOc_sync Exit - MemInfo: [/proc/self/status]	VmSize:	  315984 kB
20220314 010901.562 INFO             PET0 PIOc_sync Exit - MemInfo: [/proc/self/status]	VmLck:	       0 kB
20220314 010901.562 INFO             PET0 PIOc_sync Exit - MemInfo: [/proc/self/status]	VmPin:	       0 kB
20220314 010901.562 INFO             PET0 PIOc_sync Exit - MemInfo: [/proc/self/status]	VmHWM:	   56020 kB
20220314 010901.562 INFO             PET0 PIOc_sync Exit - MemInfo: [/proc/self/status]	VmRSS:	   56020 kB
20220314 010901.562 INFO             PET0 PIOc_sync Exit - MemInfo: [/proc/self/status]	VmData:	   78524 kB
20220314 010901.562 INFO             PET0 PIOc_sync Exit - MemInfo: [/proc/self/status]	VmStk:	     508 kB
20220314 010901.562 INFO             PET0 PIOc_sync Exit - MemInfo: [/proc/self/status]	VmExe:	    1924 kB
20220314 010901.562 INFO             PET0 PIOc_sync Exit - MemInfo: [/proc/self/status]	VmLib:	   93984 kB
20220314 010901.562 INFO             PET0 PIOc_sync Exit - MemInfo: [/proc/self/status]	VmPTE:	     480 kB
20220314 010901.562 INFO             PET0 PIOc_sync Exit - MemInfo: [/proc/self/status]	VmPMD:	      12 kB
20220314 010901.562 INFO             PET0 PIOc_sync Exit - MemInfo: [/proc/self/status]	VmSwap:	       0 kB
20220314 010901.562 INFO             PET0 PIOc_sync Exit - MemInfo: [/proc/self/status]	VmRSSPercent: 0.0850646 %
20220314 010901.562 INFO             PET0 PIOc_sync Exit - MemInfo: [malloc] Non-mmapped space allocated:                51888128 Byte
20220314 010901.562 INFO             PET0 PIOc_sync Exit - MemInfo: [malloc] Space allocated in mmapped regions:          2887680 Byte
20220314 010901.562 INFO             PET0 PIOc_sync Exit - MemInfo: [malloc] Maximum total allocated space:                     0 Byte
20220314 010901.562 INFO             PET0 PIOc_sync Exit - MemInfo: [malloc] Space in freed fastbin blocks:                    48 Byte
20220314 010901.562 INFO             PET0 PIOc_sync Exit - MemInfo: [malloc] Total allocated space:                      37053488 Byte
20220314 010901.562 INFO             PET0 PIOc_sync Exit - MemInfo: [malloc] Total free space:                           14834640 Byte
20220314 010901.562 INFO             PET0 PIOc_sync Exit - MemInfo: [malloc] Top-most, releasable space:                  8520304 Byte
20220314 010901.562 INFO             PET0 PIOc_sync Exit - MemInfo: [malloc] Total space in use, mmap + non-mmap:        39941168 Byte
20220314 010901.562 INFO             PET0 PIOc_sync Exit - MemInfo: [malloc] Total space held (mmap + non-mmap):         54775808 Byte
20220314 010901.562 INFO             PET0 PIOc_sync Exit - MemInfo: [malloc] Total space used (mmap + non-mmap):         39949488 Byte
20220314 010901.562 INFO             PET0 PIOc_sync Exit - MemInfo: Wall-clock time since execution start:                0.23925 seconds
20220314 010901.563 INFO             PET0 PIOc_freedecomp Enter - MemInfo: [/proc/meminfo - SSI]	MemTotal:       65855856 kB
20220314 010901.563 INFO             PET0 PIOc_freedecomp Enter - MemInfo: [/proc/meminfo - SSI]	MemFree:        61207160 kB
20220314 010901.563 INFO             PET0 PIOc_freedecomp Enter - MemInfo: [/proc/meminfo - SSI]	MemAvailable:   60992984 kB
20220314 010901.563 INFO             PET0 PIOc_freedecomp Enter - MemInfo: [/proc/meminfo - SSI]	Committed_AS:    2974932 kB
20220314 010901.563 INFO             PET0 PIOc_freedecomp Enter - MemInfo: [/proc/meminfo - SSI]	CommittedPercent: 4.51734 %
20220314 010901.563 INFO             PET0 PIOc_freedecomp Enter - MemInfo: [/proc/self/status]	VmPeak:	  316008 kB
20220314 010901.563 INFO             PET0 PIOc_freedecomp Enter - MemInfo: [/proc/self/status]	VmSize:	  315984 kB
20220314 010901.563 INFO             PET0 PIOc_freedecomp Enter - MemInfo: [/proc/self/status]	VmLck:	       0 kB
20220314 010901.563 INFO             PET0 PIOc_freedecomp Enter - MemInfo: [/proc/self/status]	VmPin:	       0 kB
20220314 010901.563 INFO             PET0 PIOc_freedecomp Enter - MemInfo: [/proc/self/status]	VmHWM:	   56020 kB
20220314 010901.563 INFO             PET0 PIOc_freedecomp Enter - MemInfo: [/proc/self/status]	VmRSS:	   56020 kB
20220314 010901.563 INFO             PET0 PIOc_freedecomp Enter - MemInfo: [/proc/self/status]	VmData:	   78524 kB
20220314 010901.563 INFO             PET0 PIOc_freedecomp Enter - MemInfo: [/proc/self/status]	VmStk:	     508 kB
20220314 010901.563 INFO             PET0 PIOc_freedecomp Enter - MemInfo: [/proc/self/status]	VmExe:	    1924 kB
20220314 010901.563 INFO             PET0 PIOc_freedecomp Enter - MemInfo: [/proc/self/status]	VmLib:	   93984 kB
20220314 010901.563 INFO             PET0 PIOc_freedecomp Enter - MemInfo: [/proc/self/status]	VmPTE:	     480 kB
20220314 010901.563 INFO             PET0 PIOc_freedecomp Enter - MemInfo: [/proc/self/status]	VmPMD:	      12 kB
20220314 010901.563 INFO             PET0 PIOc_freedecomp Enter - MemInfo: [/proc/self/status]	VmSwap:	       0 kB
20220314 010901.563 INFO             PET0 PIOc_freedecomp Enter - MemInfo: [/proc/self/status]	VmRSSPercent: 0.0850646 %
20220314 010901.563 INFO             PET0 PIOc_freedecomp Enter - MemInfo: [malloc] Non-mmapped space allocated:                51888128 Byte
20220314 010901.563 INFO             PET0 PIOc_freedecomp Enter - MemInfo: [malloc] Space allocated in mmapped regions:          2887680 Byte
20220314 010901.563 INFO             PET0 PIOc_freedecomp Enter - MemInfo: [malloc] Maximum total allocated space:                     0 Byte
20220314 010901.563 INFO             PET0 PIOc_freedecomp Enter - MemInfo: [malloc] Space in freed fastbin blocks:                   800 Byte
20220314 010901.563 INFO             PET0 PIOc_freedecomp Enter - MemInfo: [malloc] Total allocated space:                      28652880 Byte
20220314 010901.563 INFO             PET0 PIOc_freedecomp Enter - MemInfo: [malloc] Total free space:                           23235248 Byte
20220314 010901.563 INFO             PET0 PIOc_freedecomp Enter - MemInfo: [malloc] Top-most, releasable space:                  8520304 Byte
20220314 010901.563 INFO             PET0 PIOc_freedecomp Enter - MemInfo: [malloc] Total space in use, mmap + non-mmap:        31540560 Byte
20220314 010901.563 INFO             PET0 PIOc_freedecomp Enter - MemInfo: [malloc] Total space held (mmap + non-mmap):         54775808 Byte
20220314 010901.563 INFO             PET0 PIOc_freedecomp Enter - MemInfo: [malloc] Total space used (mmap + non-mmap):         31548768 Byte
20220314 010901.563 INFO             PET0 PIOc_freedecomp Enter - MemInfo: Wall-clock time since execution start:               0.239703 seconds
20220314 010901.563 INFO             PET0 PIOc_freedecomp Exit - MemInfo: [/proc/meminfo - SSI]	MemTotal:       65855856 kB
20220314 010901.563 INFO             PET0 PIOc_freedecomp Exit - MemInfo: [/proc/meminfo - SSI]	MemFree:        61207160 kB
20220314 010901.563 INFO             PET0 PIOc_freedecomp Exit - MemInfo: [/proc/meminfo - SSI]	MemAvailable:   60992984 kB
20220314 010901.563 INFO             PET0 PIOc_freedecomp Exit - MemInfo: [/proc/meminfo - SSI]	Committed_AS:    2974932 kB
20220314 010901.563 INFO             PET0 PIOc_freedecomp Exit - MemInfo: [/proc/meminfo - SSI]	CommittedPercent: 4.51734 %
20220314 010901.563 INFO             PET0 PIOc_freedecomp Exit - MemInfo: [/proc/self/status]	VmPeak:	  316008 kB
20220314 010901.563 INFO             PET0 PIOc_freedecomp Exit - MemInfo: [/proc/self/status]	VmSize:	  315984 kB
20220314 010901.563 INFO             PET0 PIOc_freedecomp Exit - MemInfo: [/proc/self/status]	VmLck:	       0 kB
20220314 010901.563 INFO             PET0 PIOc_freedecomp Exit - MemInfo: [/proc/self/status]	VmPin:	       0 kB
20220314 010901.563 INFO             PET0 PIOc_freedecomp Exit - MemInfo: [/proc/self/status]	VmHWM:	   56020 kB
20220314 010901.563 INFO             PET0 PIOc_freedecomp Exit - MemInfo: [/proc/self/status]	VmRSS:	   56020 kB
20220314 010901.563 INFO             PET0 PIOc_freedecomp Exit - MemInfo: [/proc/self/status]	VmData:	   78524 kB
20220314 010901.563 INFO             PET0 PIOc_freedecomp Exit - MemInfo: [/proc/self/status]	VmStk:	     508 kB
20220314 010901.563 INFO             PET0 PIOc_freedecomp Exit - MemInfo: [/proc/self/status]	VmExe:	    1924 kB
20220314 010901.563 INFO             PET0 PIOc_freedecomp Exit - MemInfo: [/proc/self/status]	VmLib:	   93984 kB
20220314 010901.563 INFO             PET0 PIOc_freedecomp Exit - MemInfo: [/proc/self/status]	VmPTE:	     480 kB
20220314 010901.563 INFO             PET0 PIOc_freedecomp Exit - MemInfo: [/proc/self/status]	VmPMD:	      12 kB
20220314 010901.563 INFO             PET0 PIOc_freedecomp Exit - MemInfo: [/proc/self/status]	VmSwap:	       0 kB
20220314 010901.563 INFO             PET0 PIOc_freedecomp Exit - MemInfo: [/proc/self/status]	VmRSSPercent: 0.0850646 %
20220314 010901.563 INFO             PET0 PIOc_freedecomp Exit - MemInfo: [malloc] Non-mmapped space allocated:                51888128 Byte
20220314 010901.563 INFO             PET0 PIOc_freedecomp Exit - MemInfo: [malloc] Space allocated in mmapped regions:          2887680 Byte
20220314 010901.563 INFO             PET0 PIOc_freedecomp Exit - MemInfo: [malloc] Maximum total allocated space:                     0 Byte
20220314 010901.563 INFO             PET0 PIOc_freedecomp Exit - MemInfo: [malloc] Space in freed fastbin blocks:                   960 Byte
20220314 010901.563 INFO             PET0 PIOc_freedecomp Exit - MemInfo: [malloc] Total allocated space:                      28649024 Byte
20220314 010901.563 INFO             PET0 PIOc_freedecomp Exit - MemInfo: [malloc] Total free space:                           23239104 Byte
20220314 010901.563 INFO             PET0 PIOc_freedecomp Exit - MemInfo: [malloc] Top-most, releasable space:                  8520304 Byte
20220314 010901.563 INFO             PET0 PIOc_freedecomp Exit - MemInfo: [malloc] Total space in use, mmap + non-mmap:        31536704 Byte
20220314 010901.563 INFO             PET0 PIOc_freedecomp Exit - MemInfo: [malloc] Total space held (mmap + non-mmap):         54775808 Byte
20220314 010901.563 INFO             PET0 PIOc_freedecomp Exit - MemInfo: [malloc] Total space used (mmap + non-mmap):         31544912 Byte
20220314 010901.563 INFO             PET0 PIOc_freedecomp Exit - MemInfo: Wall-clock time since execution start:               0.239975 seconds
20220314 010901.564 INFO             PET0 PIOc_sync Enter - MemInfo: [/proc/meminfo - SSI]	MemTotal:       65855856 kB
20220314 010901.564 INFO             PET0 PIOc_sync Enter - MemInfo: [/proc/meminfo - SSI]	MemFree:        61207160 kB
20220314 010901.564 INFO             PET0 PIOc_sync Enter - MemInfo: [/proc/meminfo - SSI]	MemAvailable:   60992984 kB
20220314 010901.564 INFO             PET0 PIOc_sync Enter - MemInfo: [/proc/meminfo - SSI]	Committed_AS:    2974932 kB
20220314 010901.565 INFO             PET0 PIOc_sync Enter - MemInfo: [/proc/meminfo - SSI]	CommittedPercent: 4.51734 %
20220314 010901.565 INFO             PET0 PIOc_sync Enter - MemInfo: [/proc/self/status]	VmPeak:	  316008 kB
20220314 010901.565 INFO             PET0 PIOc_sync Enter - MemInfo: [/proc/self/status]	VmSize:	  315984 kB
20220314 010901.565 INFO             PET0 PIOc_sync Enter - MemInfo: [/proc/self/status]	VmLck:	       0 kB
20220314 010901.565 INFO             PET0 PIOc_sync Enter - MemInfo: [/proc/self/status]	VmPin:	       0 kB
20220314 010901.565 INFO             PET0 PIOc_sync Enter - MemInfo: [/proc/self/status]	VmHWM:	   56020 kB
20220314 010901.565 INFO             PET0 PIOc_sync Enter - MemInfo: [/proc/self/status]	VmRSS:	   56020 kB
20220314 010901.565 INFO             PET0 PIOc_sync Enter - MemInfo: [/proc/self/status]	VmData:	   78524 kB
20220314 010901.565 INFO             PET0 PIOc_sync Enter - MemInfo: [/proc/self/status]	VmStk:	     508 kB
20220314 010901.565 INFO             PET0 PIOc_sync Enter - MemInfo: [/proc/self/status]	VmExe:	    1924 kB
20220314 010901.565 INFO             PET0 PIOc_sync Enter - MemInfo: [/proc/self/status]	VmLib:	   93984 kB
20220314 010901.565 INFO             PET0 PIOc_sync Enter - MemInfo: [/proc/self/status]	VmPTE:	     480 kB
20220314 010901.565 INFO             PET0 PIOc_sync Enter - MemInfo: [/proc/self/status]	VmPMD:	      12 kB
20220314 010901.565 INFO             PET0 PIOc_sync Enter - MemInfo: [/proc/self/status]	VmSwap:	       0 kB
20220314 010901.565 INFO             PET0 PIOc_sync Enter - MemInfo: [/proc/self/status]	VmRSSPercent: 0.0850646 %
20220314 010901.565 INFO             PET0 PIOc_sync Enter - MemInfo: [malloc] Non-mmapped space allocated:                51888128 Byte
20220314 010901.565 INFO             PET0 PIOc_sync Enter - MemInfo: [malloc] Space allocated in mmapped regions:          2887680 Byte
20220314 010901.565 INFO             PET0 PIOc_sync Enter - MemInfo: [malloc] Maximum total allocated space:                     0 Byte
20220314 010901.565 INFO             PET0 PIOc_sync Enter - MemInfo: [malloc] Space in freed fastbin blocks:                   448 Byte
20220314 010901.565 INFO             PET0 PIOc_sync Enter - MemInfo: [malloc] Total allocated space:                      37053280 Byte
20220314 010901.565 INFO             PET0 PIOc_sync Enter - MemInfo: [malloc] Total free space:                           14834848 Byte
20220314 010901.565 INFO             PET0 PIOc_sync Enter - MemInfo: [malloc] Top-most, releasable space:                  8520304 Byte
20220314 010901.565 INFO             PET0 PIOc_sync Enter - MemInfo: [malloc] Total space in use, mmap + non-mmap:        39940960 Byte
20220314 010901.565 INFO             PET0 PIOc_sync Enter - MemInfo: [malloc] Total space held (mmap + non-mmap):         54775808 Byte
20220314 010901.565 INFO             PET0 PIOc_sync Enter - MemInfo: [malloc] Total space used (mmap + non-mmap):         39949280 Byte
20220314 010901.565 INFO             PET0 PIOc_sync Enter - MemInfo: Wall-clock time since execution start:               0.241617 seconds
20220314 010901.565 INFO             PET0 PIOc_sync Exit - MemInfo: [/proc/meminfo - SSI]	MemTotal:       65855856 kB
20220314 010901.565 INFO             PET0 PIOc_sync Exit - MemInfo: [/proc/meminfo - SSI]	MemFree:        61206656 kB
20220314 010901.565 INFO             PET0 PIOc_sync Exit - MemInfo: [/proc/meminfo - SSI]	MemAvailable:   60992480 kB
20220314 010901.565 INFO             PET0 PIOc_sync Exit - MemInfo: [/proc/meminfo - SSI]	Committed_AS:    2974932 kB
20220314 010901.565 INFO             PET0 PIOc_sync Exit - MemInfo: [/proc/meminfo - SSI]	CommittedPercent: 4.51734 %
20220314 010901.565 INFO             PET0 PIOc_sync Exit - MemInfo: [/proc/self/status]	VmPeak:	  316008 kB
20220314 010901.565 INFO             PET0 PIOc_sync Exit - MemInfo: [/proc/self/status]	VmSize:	  315984 kB
20220314 010901.565 INFO             PET0 PIOc_sync Exit - MemInfo: [/proc/self/status]	VmLck:	       0 kB
20220314 010901.565 INFO             PET0 PIOc_sync Exit - MemInfo: [/proc/self/status]	VmPin:	       0 kB
20220314 010901.565 INFO             PET0 PIOc_sync Exit - MemInfo: [/proc/self/status]	VmHWM:	   56020 kB
20220314 010901.565 INFO             PET0 PIOc_sync Exit - MemInfo: [/proc/self/status]	VmRSS:	   56020 kB
20220314 010901.565 INFO             PET0 PIOc_sync Exit - MemInfo: [/proc/self/status]	VmData:	   78524 kB
20220314 010901.565 INFO             PET0 PIOc_sync Exit - MemInfo: [/proc/self/status]	VmStk:	     508 kB
20220314 010901.565 INFO             PET0 PIOc_sync Exit - MemInfo: [/proc/self/status]	VmExe:	    1924 kB
20220314 010901.565 INFO             PET0 PIOc_sync Exit - MemInfo: [/proc/self/status]	VmLib:	   93984 kB
20220314 010901.565 INFO             PET0 PIOc_sync Exit - MemInfo: [/proc/self/status]	VmPTE:	     480 kB
20220314 010901.565 INFO             PET0 PIOc_sync Exit - MemInfo: [/proc/self/status]	VmPMD:	      12 kB
20220314 010901.565 INFO             PET0 PIOc_sync Exit - MemInfo: [/proc/self/status]	VmSwap:	       0 kB
20220314 010901.565 INFO             PET0 PIOc_sync Exit - MemInfo: [/proc/self/status]	VmRSSPercent: 0.0850646 %
20220314 010901.565 INFO             PET0 PIOc_sync Exit - MemInfo: [malloc] Non-mmapped space allocated:                51888128 Byte
20220314 010901.565 INFO             PET0 PIOc_sync Exit - MemInfo: [malloc] Space allocated in mmapped regions:          2887680 Byte
20220314 010901.565 INFO             PET0 PIOc_sync Exit - MemInfo: [malloc] Maximum total allocated space:                     0 Byte
20220314 010901.565 INFO             PET0 PIOc_sync Exit - MemInfo: [malloc] Space in freed fastbin blocks:                    96 Byte
20220314 010901.565 INFO             PET0 PIOc_sync Exit - MemInfo: [malloc] Total allocated space:                      37054560 Byte
20220314 010901.565 INFO             PET0 PIOc_sync Exit - MemInfo: [malloc] Total free space:                           14833568 Byte
20220314 010901.565 INFO             PET0 PIOc_sync Exit - MemInfo: [malloc] Top-most, releasable space:                  8520304 Byte
20220314 010901.565 INFO             PET0 PIOc_sync Exit - MemInfo: [malloc] Total space in use, mmap + non-mmap:        39942240 Byte
20220314 010901.565 INFO             PET0 PIOc_sync Exit - MemInfo: [malloc] Total space held (mmap + non-mmap):         54775808 Byte
20220314 010901.565 INFO             PET0 PIOc_sync Exit - MemInfo: [malloc] Total space used (mmap + non-mmap):         39950448 Byte
20220314 010901.565 INFO             PET0 PIOc_sync Exit - MemInfo: Wall-clock time since execution start:               0.242016 seconds
20220314 010901.565 INFO             PET0 PIOc_freedecomp Enter - MemInfo: [/proc/meminfo - SSI]	MemTotal:       65855856 kB
20220314 010901.565 INFO             PET0 PIOc_freedecomp Enter - MemInfo: [/proc/meminfo - SSI]	MemFree:        61206656 kB
20220314 010901.565 INFO             PET0 PIOc_freedecomp Enter - MemInfo: [/proc/meminfo - SSI]	MemAvailable:   60992480 kB
20220314 010901.565 INFO             PET0 PIOc_freedecomp Enter - MemInfo: [/proc/meminfo - SSI]	Committed_AS:    2974932 kB
20220314 010901.565 INFO             PET0 PIOc_freedecomp Enter - MemInfo: [/proc/meminfo - SSI]	CommittedPercent: 4.51734 %
20220314 010901.565 INFO             PET0 PIOc_freedecomp Enter - MemInfo: [/proc/self/status]	VmPeak:	  316008 kB
20220314 010901.565 INFO             PET0 PIOc_freedecomp Enter - MemInfo: [/proc/self/status]	VmSize:	  315984 kB
20220314 010901.565 INFO             PET0 PIOc_freedecomp Enter - MemInfo: [/proc/self/status]	VmLck:	       0 kB
20220314 010901.565 INFO             PET0 PIOc_freedecomp Enter - MemInfo: [/proc/self/status]	VmPin:	       0 kB
20220314 010901.565 INFO             PET0 PIOc_freedecomp Enter - MemInfo: [/proc/self/status]	VmHWM:	   56020 kB
20220314 010901.565 INFO             PET0 PIOc_freedecomp Enter - MemInfo: [/proc/self/status]	VmRSS:	   56020 kB
20220314 010901.565 INFO             PET0 PIOc_freedecomp Enter - MemInfo: [/proc/self/status]	VmData:	   78524 kB
20220314 010901.565 INFO             PET0 PIOc_freedecomp Enter - MemInfo: [/proc/self/status]	VmStk:	     508 kB
20220314 010901.565 INFO             PET0 PIOc_freedecomp Enter - MemInfo: [/proc/self/status]	VmExe:	    1924 kB
20220314 010901.565 INFO             PET0 PIOc_freedecomp Enter - MemInfo: [/proc/self/status]	VmLib:	   93984 kB
20220314 010901.565 INFO             PET0 PIOc_freedecomp Enter - MemInfo: [/proc/self/status]	VmPTE:	     480 kB
20220314 010901.565 INFO             PET0 PIOc_freedecomp Enter - MemInfo: [/proc/self/status]	VmPMD:	      12 kB
20220314 010901.565 INFO             PET0 PIOc_freedecomp Enter - MemInfo: [/proc/self/status]	VmSwap:	       0 kB
20220314 010901.565 INFO             PET0 PIOc_freedecomp Enter - MemInfo: [/proc/self/status]	VmRSSPercent: 0.0850646 %
20220314 010901.565 INFO             PET0 PIOc_freedecomp Enter - MemInfo: [malloc] Non-mmapped space allocated:                51888128 Byte
20220314 010901.565 INFO             PET0 PIOc_freedecomp Enter - MemInfo: [malloc] Space allocated in mmapped regions:          2887680 Byte
20220314 010901.566 INFO             PET0 PIOc_freedecomp Enter - MemInfo: [malloc] Maximum total allocated space:                     0 Byte
20220314 010901.566 INFO             PET0 PIOc_freedecomp Enter - MemInfo: [malloc] Space in freed fastbin blocks:                  1024 Byte
20220314 010901.566 INFO             PET0 PIOc_freedecomp Enter - MemInfo: [malloc] Total allocated space:                      28653440 Byte
20220314 010901.566 INFO             PET0 PIOc_freedecomp Enter - MemInfo: [malloc] Total free space:                           23234688 Byte
20220314 010901.566 INFO             PET0 PIOc_freedecomp Enter - MemInfo: [malloc] Top-most, releasable space:                  8520304 Byte
20220314 010901.566 INFO             PET0 PIOc_freedecomp Enter - MemInfo: [malloc] Total space in use, mmap + non-mmap:        31541120 Byte
20220314 010901.566 INFO             PET0 PIOc_freedecomp Enter - MemInfo: [malloc] Total space held (mmap + non-mmap):         54775808 Byte
20220314 010901.566 INFO             PET0 PIOc_freedecomp Enter - MemInfo: [malloc] Total space used (mmap + non-mmap):         31549328 Byte
20220314 010901.566 INFO             PET0 PIOc_freedecomp Enter - MemInfo: Wall-clock time since execution start:               0.242456 seconds
20220314 010901.566 INFO             PET0 PIOc_freedecomp Exit - MemInfo: [/proc/meminfo - SSI]	MemTotal:       65855856 kB
20220314 010901.566 INFO             PET0 PIOc_freedecomp Exit - MemInfo: [/proc/meminfo - SSI]	MemFree:        61206656 kB
20220314 010901.566 INFO             PET0 PIOc_freedecomp Exit - MemInfo: [/proc/meminfo - SSI]	MemAvailable:   60992480 kB
20220314 010901.566 INFO             PET0 PIOc_freedecomp Exit - MemInfo: [/proc/meminfo - SSI]	Committed_AS:    2974932 kB
20220314 010901.566 INFO             PET0 PIOc_freedecomp Exit - MemInfo: [/proc/meminfo - SSI]	CommittedPercent: 4.51734 %
20220314 010901.566 INFO             PET0 PIOc_freedecomp Exit - MemInfo: [/proc/self/status]	VmPeak:	  316008 kB
20220314 010901.566 INFO             PET0 PIOc_freedecomp Exit - MemInfo: [/proc/self/status]	VmSize:	  315984 kB
20220314 010901.566 INFO             PET0 PIOc_freedecomp Exit - MemInfo: [/proc/self/status]	VmLck:	       0 kB
20220314 010901.566 INFO             PET0 PIOc_freedecomp Exit - MemInfo: [/proc/self/status]	VmPin:	       0 kB
20220314 010901.566 INFO             PET0 PIOc_freedecomp Exit - MemInfo: [/proc/self/status]	VmHWM:	   56020 kB
20220314 010901.566 INFO             PET0 PIOc_freedecomp Exit - MemInfo: [/proc/self/status]	VmRSS:	   56020 kB
20220314 010901.566 INFO             PET0 PIOc_freedecomp Exit - MemInfo: [/proc/self/status]	VmData:	   78524 kB
20220314 010901.566 INFO             PET0 PIOc_freedecomp Exit - MemInfo: [/proc/self/status]	VmStk:	     508 kB
20220314 010901.566 INFO             PET0 PIOc_freedecomp Exit - MemInfo: [/proc/self/status]	VmExe:	    1924 kB
20220314 010901.566 INFO             PET0 PIOc_freedecomp Exit - MemInfo: [/proc/self/status]	VmLib:	   93984 kB
20220314 010901.566 INFO             PET0 PIOc_freedecomp Exit - MemInfo: [/proc/self/status]	VmPTE:	     480 kB
20220314 010901.566 INFO             PET0 PIOc_freedecomp Exit - MemInfo: [/proc/self/status]	VmPMD:	      12 kB
20220314 010901.566 INFO             PET0 PIOc_freedecomp Exit - MemInfo: [/proc/self/status]	VmSwap:	       0 kB
20220314 010901.566 INFO             PET0 PIOc_freedecomp Exit - MemInfo: [/proc/self/status]	VmRSSPercent: 0.0850646 %
20220314 010901.566 INFO             PET0 PIOc_freedecomp Exit - MemInfo: [malloc] Non-mmapped space allocated:                51888128 Byte
20220314 010901.566 INFO             PET0 PIOc_freedecomp Exit - MemInfo: [malloc] Space allocated in mmapped regions:          2887680 Byte
20220314 010901.566 INFO             PET0 PIOc_freedecomp Exit - MemInfo: [malloc] Maximum total allocated space:                     0 Byte
20220314 010901.566 INFO             PET0 PIOc_freedecomp Exit - MemInfo: [malloc] Space in freed fastbin blocks:                   960 Byte
20220314 010901.566 INFO             PET0 PIOc_freedecomp Exit - MemInfo: [malloc] Total allocated space:                      28649888 Byte
20220314 010901.566 INFO             PET0 PIOc_freedecomp Exit - MemInfo: [malloc] Total free space:                           23238240 Byte
20220314 010901.566 INFO             PET0 PIOc_freedecomp Exit - MemInfo: [malloc] Top-most, releasable space:                  8520304 Byte
20220314 010901.566 INFO             PET0 PIOc_freedecomp Exit - MemInfo: [malloc] Total space in use, mmap + non-mmap:        31537568 Byte
20220314 010901.566 INFO             PET0 PIOc_freedecomp Exit - MemInfo: [malloc] Total space held (mmap + non-mmap):         54775808 Byte
20220314 010901.566 INFO             PET0 PIOc_freedecomp Exit - MemInfo: [malloc] Total space used (mmap + non-mmap):         31545776 Byte
20220314 010901.566 INFO             PET0 PIOc_freedecomp Exit - MemInfo: Wall-clock time since execution start:               0.242744 seconds
20220314 010901.568 INFO             PET0  PASS  ESMF_FieldRegridStoreFromFile Unit Test, ESMF_FieldSMMFromFileUTest.F90, line 315
20220314 010901.568 INFO             PET0  Ending Test, file ESMF_FieldSMMFromFileUTest.F90, line 322
20220314 010901.568 INFO             PET0 Finalizing ESMF
20220314 010901.369 INFO             PET1 !!!!!!!!!!!!!!!!!!!!!!!!!!!!!!!!!!!!!!!!!!!!!!!!!!!!!!
20220314 010901.369 INFO             PET1 !!! THE ESMF_LOG IS SET TO OUTPUT ALL LOG MESSAGES !!!
20220314 010901.369 INFO             PET1 !!!     THIS MAY CAUSE SLOWDOWN IN PERFORMANCE     !!!
20220314 010901.369 INFO             PET1 !!! FOR PRODUCTION RUNS, USE:                      !!!
20220314 010901.369 INFO             PET1 !!!                   ESMF_LOGKIND_Multi_On_Error  !!!
20220314 010901.369 INFO             PET1 !!!!!!!!!!!!!!!!!!!!!!!!!!!!!!!!!!!!!!!!!!!!!!!!!!!!!!
20220314 010901.369 INFO             PET1 Running with ESMF Version   : v8.3.0b09-96-g559b459836
20220314 010901.369 INFO             PET1 ESMF library build date/time: "Mar 14 2022" "00:43:16"
20220314 010901.369 INFO             PET1 ESMF library build location : /lustre/f2/dev/ncep/Mark.Potts/intel_2019.5_mpi_O_jedwards_pio_update2
20220314 010901.369 INFO             PET1 ESMF_COMM                   : mpi
20220314 010901.370 INFO             PET1 ESMF_MOAB                   : enabled
20220314 010901.370 INFO             PET1 ESMF_LAPACK                 : enabled
20220314 010901.370 INFO             PET1 ESMF_NETCDF                 : enabled
20220314 010901.370 INFO             PET1 ESMF_PNETCDF                : disabled
20220314 010901.370 INFO             PET1 ESMF_PIO                    : enabled
20220314 010901.370 INFO             PET1 ESMF_YAMLCPP                : enabled
20220314 010901.400 INFO             PET1  Beginning Test, file ESMF_FieldSMMFromFileUTest.F90, line 287
20220314 010901.400 INFO             PET1  NUMBER_OF_PROCESSORS           4
20220314 010901.529 INFO             PET1  PASS  ESMF_FieldSMMFromFile Unit Test, ESMF_FieldSMMFromFileUTest.F90, line 300
20220314 010901.559 INFO             PET1 PIOc_sync Enter - MemInfo: [/proc/meminfo - SSI]	MemTotal:       65855856 kB
20220314 010901.559 INFO             PET1 PIOc_sync Enter - MemInfo: [/proc/meminfo - SSI]	MemFree:        61207664 kB
20220314 010901.559 INFO             PET1 PIOc_sync Enter - MemInfo: [/proc/meminfo - SSI]	MemAvailable:   60993488 kB
20220314 010901.559 INFO             PET1 PIOc_sync Enter - MemInfo: [/proc/meminfo - SSI]	Committed_AS:    2974932 kB
20220314 010901.559 INFO             PET1 PIOc_sync Enter - MemInfo: [/proc/meminfo - SSI]	CommittedPercent: 4.51734 %
20220314 010901.559 INFO             PET1 PIOc_sync Enter - MemInfo: [/proc/self/status]	VmPeak:	  281228 kB
20220314 010901.559 INFO             PET1 PIOc_sync Enter - MemInfo: [/proc/self/status]	VmSize:	  281204 kB
20220314 010901.559 INFO             PET1 PIOc_sync Enter - MemInfo: [/proc/self/status]	VmLck:	       0 kB
20220314 010901.559 INFO             PET1 PIOc_sync Enter - MemInfo: [/proc/self/status]	VmPin:	       0 kB
20220314 010901.559 INFO             PET1 PIOc_sync Enter - MemInfo: [/proc/self/status]	VmHWM:	   37572 kB
20220314 010901.559 INFO             PET1 PIOc_sync Enter - MemInfo: [/proc/self/status]	VmRSS:	   37572 kB
20220314 010901.559 INFO             PET1 PIOc_sync Enter - MemInfo: [/proc/self/status]	VmData:	   49888 kB
20220314 010901.559 INFO             PET1 PIOc_sync Enter - MemInfo: [/proc/self/status]	VmStk:	     508 kB
20220314 010901.559 INFO             PET1 PIOc_sync Enter - MemInfo: [/proc/self/status]	VmExe:	    1924 kB
20220314 010901.559 INFO             PET1 PIOc_sync Enter - MemInfo: [/proc/self/status]	VmLib:	   93984 kB
20220314 010901.559 INFO             PET1 PIOc_sync Enter - MemInfo: [/proc/self/status]	VmPTE:	     420 kB
20220314 010901.559 INFO             PET1 PIOc_sync Enter - MemInfo: [/proc/self/status]	VmPMD:	      12 kB
20220314 010901.559 INFO             PET1 PIOc_sync Enter - MemInfo: [/proc/self/status]	VmSwap:	       0 kB
20220314 010901.559 INFO             PET1 PIOc_sync Enter - MemInfo: [/proc/self/status]	VmRSSPercent: 0.0570519 %
20220314 010901.559 INFO             PET1 PIOc_sync Enter - MemInfo: [malloc] Non-mmapped space allocated:                26759168 Byte
20220314 010901.559 INFO             PET1 PIOc_sync Enter - MemInfo: [malloc] Space allocated in mmapped regions:          2887680 Byte
20220314 010901.559 INFO             PET1 PIOc_sync Enter - MemInfo: [malloc] Maximum total allocated space:                     0 Byte
20220314 010901.559 INFO             PET1 PIOc_sync Enter - MemInfo: [malloc] Space in freed fastbin blocks:                    48 Byte
20220314 010901.559 INFO             PET1 PIOc_sync Enter - MemInfo: [malloc] Total allocated space:                      11524176 Byte
20220314 010901.559 INFO             PET1 PIOc_sync Enter - MemInfo: [malloc] Total free space:                           15234992 Byte
20220314 010901.559 INFO             PET1 PIOc_sync Enter - MemInfo: [malloc] Top-most, releasable space:                  8521440 Byte
20220314 010901.559 INFO             PET1 PIOc_sync Enter - MemInfo: [malloc] Total space in use, mmap + non-mmap:        14411856 Byte
20220314 010901.559 INFO             PET1 PIOc_sync Enter - MemInfo: [malloc] Total space held (mmap + non-mmap):         29646848 Byte
20220314 010901.559 INFO             PET1 PIOc_sync Enter - MemInfo: [malloc] Total space used (mmap + non-mmap):         14420768 Byte
20220314 010901.559 INFO             PET1 PIOc_sync Enter - MemInfo: Wall-clock time since execution start:               0.235388 seconds
20220314 010901.559 INFO             PET1 PIOc_sync Exit - MemInfo: [/proc/meminfo - SSI]	MemTotal:       65855856 kB
20220314 010901.559 INFO             PET1 PIOc_sync Exit - MemInfo: [/proc/meminfo - SSI]	MemFree:        61207160 kB
20220314 010901.559 INFO             PET1 PIOc_sync Exit - MemInfo: [/proc/meminfo - SSI]	MemAvailable:   60992984 kB
20220314 010901.559 INFO             PET1 PIOc_sync Exit - MemInfo: [/proc/meminfo - SSI]	Committed_AS:    2974932 kB
20220314 010901.559 INFO             PET1 PIOc_sync Exit - MemInfo: [/proc/meminfo - SSI]	CommittedPercent: 4.51734 %
20220314 010901.559 INFO             PET1 PIOc_sync Exit - MemInfo: [/proc/self/status]	VmPeak:	  281228 kB
20220314 010901.559 INFO             PET1 PIOc_sync Exit - MemInfo: [/proc/self/status]	VmSize:	  281204 kB
20220314 010901.559 INFO             PET1 PIOc_sync Exit - MemInfo: [/proc/self/status]	VmLck:	       0 kB
20220314 010901.559 INFO             PET1 PIOc_sync Exit - MemInfo: [/proc/self/status]	VmPin:	       0 kB
20220314 010901.559 INFO             PET1 PIOc_sync Exit - MemInfo: [/proc/self/status]	VmHWM:	   37572 kB
20220314 010901.559 INFO             PET1 PIOc_sync Exit - MemInfo: [/proc/self/status]	VmRSS:	   37572 kB
20220314 010901.559 INFO             PET1 PIOc_sync Exit - MemInfo: [/proc/self/status]	VmData:	   49888 kB
20220314 010901.559 INFO             PET1 PIOc_sync Exit - MemInfo: [/proc/self/status]	VmStk:	     508 kB
20220314 010901.559 INFO             PET1 PIOc_sync Exit - MemInfo: [/proc/self/status]	VmExe:	    1924 kB
20220314 010901.559 INFO             PET1 PIOc_sync Exit - MemInfo: [/proc/self/status]	VmLib:	   93984 kB
20220314 010901.559 INFO             PET1 PIOc_sync Exit - MemInfo: [/proc/self/status]	VmPTE:	     420 kB
20220314 010901.560 INFO             PET1 PIOc_sync Exit - MemInfo: [/proc/self/status]	VmPMD:	      12 kB
20220314 010901.560 INFO             PET1 PIOc_sync Exit - MemInfo: [/proc/self/status]	VmSwap:	       0 kB
20220314 010901.560 INFO             PET1 PIOc_sync Exit - MemInfo: [/proc/self/status]	VmRSSPercent: 0.0570519 %
20220314 010901.560 INFO             PET1 PIOc_sync Exit - MemInfo: [malloc] Non-mmapped space allocated:                26759168 Byte
20220314 010901.560 INFO             PET1 PIOc_sync Exit - MemInfo: [malloc] Space allocated in mmapped regions:          2887680 Byte
20220314 010901.560 INFO             PET1 PIOc_sync Exit - MemInfo: [malloc] Maximum total allocated space:                     0 Byte
20220314 010901.560 INFO             PET1 PIOc_sync Exit - MemInfo: [malloc] Space in freed fastbin blocks:                     0 Byte
20220314 010901.560 INFO             PET1 PIOc_sync Exit - MemInfo: [malloc] Total allocated space:                      11525680 Byte
20220314 010901.560 INFO             PET1 PIOc_sync Exit - MemInfo: [malloc] Total free space:                           15233488 Byte
20220314 010901.560 INFO             PET1 PIOc_sync Exit - MemInfo: [malloc] Top-most, releasable space:                  8521440 Byte
20220314 010901.560 INFO             PET1 PIOc_sync Exit - MemInfo: [malloc] Total space in use, mmap + non-mmap:        14413360 Byte
20220314 010901.560 INFO             PET1 PIOc_sync Exit - MemInfo: [malloc] Total space held (mmap + non-mmap):         29646848 Byte
20220314 010901.560 INFO             PET1 PIOc_sync Exit - MemInfo: [malloc] Total space used (mmap + non-mmap):         14421856 Byte
20220314 010901.560 INFO             PET1 PIOc_sync Exit - MemInfo: Wall-clock time since execution start:               0.235964 seconds
20220314 010901.560 INFO             PET1 PIOc_freedecomp Enter - MemInfo: [/proc/meminfo - SSI]	MemTotal:       65855856 kB
20220314 010901.560 INFO             PET1 PIOc_freedecomp Enter - MemInfo: [/proc/meminfo - SSI]	MemFree:        61207160 kB
20220314 010901.560 INFO             PET1 PIOc_freedecomp Enter - MemInfo: [/proc/meminfo - SSI]	MemAvailable:   60992984 kB
20220314 010901.560 INFO             PET1 PIOc_freedecomp Enter - MemInfo: [/proc/meminfo - SSI]	Committed_AS:    2974932 kB
20220314 010901.560 INFO             PET1 PIOc_freedecomp Enter - MemInfo: [/proc/meminfo - SSI]	CommittedPercent: 4.51734 %
20220314 010901.560 INFO             PET1 PIOc_freedecomp Enter - MemInfo: [/proc/self/status]	VmPeak:	  281228 kB
20220314 010901.560 INFO             PET1 PIOc_freedecomp Enter - MemInfo: [/proc/self/status]	VmSize:	  281204 kB
20220314 010901.560 INFO             PET1 PIOc_freedecomp Enter - MemInfo: [/proc/self/status]	VmLck:	       0 kB
20220314 010901.560 INFO             PET1 PIOc_freedecomp Enter - MemInfo: [/proc/self/status]	VmPin:	       0 kB
20220314 010901.560 INFO             PET1 PIOc_freedecomp Enter - MemInfo: [/proc/self/status]	VmHWM:	   37572 kB
20220314 010901.560 INFO             PET1 PIOc_freedecomp Enter - MemInfo: [/proc/self/status]	VmRSS:	   37572 kB
20220314 010901.560 INFO             PET1 PIOc_freedecomp Enter - MemInfo: [/proc/self/status]	VmData:	   49888 kB
20220314 010901.560 INFO             PET1 PIOc_freedecomp Enter - MemInfo: [/proc/self/status]	VmStk:	     508 kB
20220314 010901.560 INFO             PET1 PIOc_freedecomp Enter - MemInfo: [/proc/self/status]	VmExe:	    1924 kB
20220314 010901.560 INFO             PET1 PIOc_freedecomp Enter - MemInfo: [/proc/self/status]	VmLib:	   93984 kB
20220314 010901.560 INFO             PET1 PIOc_freedecomp Enter - MemInfo: [/proc/self/status]	VmPTE:	     420 kB
20220314 010901.560 INFO             PET1 PIOc_freedecomp Enter - MemInfo: [/proc/self/status]	VmPMD:	      12 kB
20220314 010901.560 INFO             PET1 PIOc_freedecomp Enter - MemInfo: [/proc/self/status]	VmSwap:	       0 kB
20220314 010901.560 INFO             PET1 PIOc_freedecomp Enter - MemInfo: [/proc/self/status]	VmRSSPercent: 0.0570519 %
20220314 010901.560 INFO             PET1 PIOc_freedecomp Enter - MemInfo: [malloc] Non-mmapped space allocated:                26759168 Byte
20220314 010901.560 INFO             PET1 PIOc_freedecomp Enter - MemInfo: [malloc] Space allocated in mmapped regions:          2887680 Byte
20220314 010901.560 INFO             PET1 PIOc_freedecomp Enter - MemInfo: [malloc] Maximum total allocated space:                     0 Byte
20220314 010901.560 INFO             PET1 PIOc_freedecomp Enter - MemInfo: [malloc] Space in freed fastbin blocks:                    96 Byte
20220314 010901.560 INFO             PET1 PIOc_freedecomp Enter - MemInfo: [malloc] Total allocated space:                      11526128 Byte
20220314 010901.560 INFO             PET1 PIOc_freedecomp Enter - MemInfo: [malloc] Total free space:                           15233040 Byte
20220314 010901.560 INFO             PET1 PIOc_freedecomp Enter - MemInfo: [malloc] Top-most, releasable space:                  8521440 Byte
20220314 010901.560 INFO             PET1 PIOc_freedecomp Enter - MemInfo: [malloc] Total space in use, mmap + non-mmap:        14413808 Byte
20220314 010901.560 INFO             PET1 PIOc_freedecomp Enter - MemInfo: [malloc] Total space held (mmap + non-mmap):         29646848 Byte
20220314 010901.560 INFO             PET1 PIOc_freedecomp Enter - MemInfo: [malloc] Total space used (mmap + non-mmap):         14422304 Byte
20220314 010901.560 INFO             PET1 PIOc_freedecomp Enter - MemInfo: Wall-clock time since execution start:               0.236389 seconds
20220314 010901.560 INFO             PET1 PIOc_freedecomp Exit - MemInfo: [/proc/meminfo - SSI]	MemTotal:       65855856 kB
20220314 010901.560 INFO             PET1 PIOc_freedecomp Exit - MemInfo: [/proc/meminfo - SSI]	MemFree:        61207160 kB
20220314 010901.560 INFO             PET1 PIOc_freedecomp Exit - MemInfo: [/proc/meminfo - SSI]	MemAvailable:   60992984 kB
20220314 010901.560 INFO             PET1 PIOc_freedecomp Exit - MemInfo: [/proc/meminfo - SSI]	Committed_AS:    2974932 kB
20220314 010901.560 INFO             PET1 PIOc_freedecomp Exit - MemInfo: [/proc/meminfo - SSI]	CommittedPercent: 4.51734 %
20220314 010901.560 INFO             PET1 PIOc_freedecomp Exit - MemInfo: [/proc/self/status]	VmPeak:	  281228 kB
20220314 010901.560 INFO             PET1 PIOc_freedecomp Exit - MemInfo: [/proc/self/status]	VmSize:	  281204 kB
20220314 010901.560 INFO             PET1 PIOc_freedecomp Exit - MemInfo: [/proc/self/status]	VmLck:	       0 kB
20220314 010901.560 INFO             PET1 PIOc_freedecomp Exit - MemInfo: [/proc/self/status]	VmPin:	       0 kB
20220314 010901.560 INFO             PET1 PIOc_freedecomp Exit - MemInfo: [/proc/self/status]	VmHWM:	   37572 kB
20220314 010901.560 INFO             PET1 PIOc_freedecomp Exit - MemInfo: [/proc/self/status]	VmRSS:	   37572 kB
20220314 010901.560 INFO             PET1 PIOc_freedecomp Exit - MemInfo: [/proc/self/status]	VmData:	   49888 kB
20220314 010901.560 INFO             PET1 PIOc_freedecomp Exit - MemInfo: [/proc/self/status]	VmStk:	     508 kB
20220314 010901.560 INFO             PET1 PIOc_freedecomp Exit - MemInfo: [/proc/self/status]	VmExe:	    1924 kB
20220314 010901.560 INFO             PET1 PIOc_freedecomp Exit - MemInfo: [/proc/self/status]	VmLib:	   93984 kB
20220314 010901.560 INFO             PET1 PIOc_freedecomp Exit - MemInfo: [/proc/self/status]	VmPTE:	     420 kB
20220314 010901.560 INFO             PET1 PIOc_freedecomp Exit - MemInfo: [/proc/self/status]	VmPMD:	      12 kB
20220314 010901.560 INFO             PET1 PIOc_freedecomp Exit - MemInfo: [/proc/self/status]	VmSwap:	       0 kB
20220314 010901.560 INFO             PET1 PIOc_freedecomp Exit - MemInfo: [/proc/self/status]	VmRSSPercent: 0.0570519 %
20220314 010901.560 INFO             PET1 PIOc_freedecomp Exit - MemInfo: [malloc] Non-mmapped space allocated:                26759168 Byte
20220314 010901.560 INFO             PET1 PIOc_freedecomp Exit - MemInfo: [malloc] Space allocated in mmapped regions:          2887680 Byte
20220314 010901.560 INFO             PET1 PIOc_freedecomp Exit - MemInfo: [malloc] Maximum total allocated space:                     0 Byte
20220314 010901.560 INFO             PET1 PIOc_freedecomp Exit - MemInfo: [malloc] Space in freed fastbin blocks:                   208 Byte
20220314 010901.560 INFO             PET1 PIOc_freedecomp Exit - MemInfo: [malloc] Total allocated space:                      11525712 Byte
20220314 010901.560 INFO             PET1 PIOc_freedecomp Exit - MemInfo: [malloc] Total free space:                           15233456 Byte
20220314 010901.560 INFO             PET1 PIOc_freedecomp Exit - MemInfo: [malloc] Top-most, releasable space:                  8521440 Byte
20220314 010901.560 INFO             PET1 PIOc_freedecomp Exit - MemInfo: [malloc] Total space in use, mmap + non-mmap:        14413392 Byte
20220314 010901.560 INFO             PET1 PIOc_freedecomp Exit - MemInfo: [malloc] Total space held (mmap + non-mmap):         29646848 Byte
20220314 010901.560 INFO             PET1 PIOc_freedecomp Exit - MemInfo: [malloc] Total space used (mmap + non-mmap):         14421952 Byte
20220314 010901.560 INFO             PET1 PIOc_freedecomp Exit - MemInfo: Wall-clock time since execution start:               0.236722 seconds
20220314 010901.562 INFO             PET1 PIOc_sync Enter - MemInfo: [/proc/meminfo - SSI]	MemTotal:       65855856 kB
20220314 010901.562 INFO             PET1 PIOc_sync Enter - MemInfo: [/proc/meminfo - SSI]	MemFree:        61207160 kB
20220314 010901.562 INFO             PET1 PIOc_sync Enter - MemInfo: [/proc/meminfo - SSI]	MemAvailable:   60992984 kB
20220314 010901.562 INFO             PET1 PIOc_sync Enter - MemInfo: [/proc/meminfo - SSI]	Committed_AS:    2974932 kB
20220314 010901.562 INFO             PET1 PIOc_sync Enter - MemInfo: [/proc/meminfo - SSI]	CommittedPercent: 4.51734 %
20220314 010901.562 INFO             PET1 PIOc_sync Enter - MemInfo: [/proc/self/status]	VmPeak:	  281228 kB
20220314 010901.562 INFO             PET1 PIOc_sync Enter - MemInfo: [/proc/self/status]	VmSize:	  281204 kB
20220314 010901.562 INFO             PET1 PIOc_sync Enter - MemInfo: [/proc/self/status]	VmLck:	       0 kB
20220314 010901.562 INFO             PET1 PIOc_sync Enter - MemInfo: [/proc/self/status]	VmPin:	       0 kB
20220314 010901.562 INFO             PET1 PIOc_sync Enter - MemInfo: [/proc/self/status]	VmHWM:	   37808 kB
20220314 010901.562 INFO             PET1 PIOc_sync Enter - MemInfo: [/proc/self/status]	VmRSS:	   37808 kB
20220314 010901.562 INFO             PET1 PIOc_sync Enter - MemInfo: [/proc/self/status]	VmData:	   49888 kB
20220314 010901.562 INFO             PET1 PIOc_sync Enter - MemInfo: [/proc/self/status]	VmStk:	     508 kB
20220314 010901.562 INFO             PET1 PIOc_sync Enter - MemInfo: [/proc/self/status]	VmExe:	    1924 kB
20220314 010901.562 INFO             PET1 PIOc_sync Enter - MemInfo: [/proc/self/status]	VmLib:	   93984 kB
20220314 010901.562 INFO             PET1 PIOc_sync Enter - MemInfo: [/proc/self/status]	VmPTE:	     424 kB
20220314 010901.562 INFO             PET1 PIOc_sync Enter - MemInfo: [/proc/self/status]	VmPMD:	      12 kB
20220314 010901.562 INFO             PET1 PIOc_sync Enter - MemInfo: [/proc/self/status]	VmSwap:	       0 kB
20220314 010901.562 INFO             PET1 PIOc_sync Enter - MemInfo: [/proc/self/status]	VmRSSPercent: 0.0574102 %
20220314 010901.562 INFO             PET1 PIOc_sync Enter - MemInfo: [malloc] Non-mmapped space allocated:                26759168 Byte
20220314 010901.562 INFO             PET1 PIOc_sync Enter - MemInfo: [malloc] Space allocated in mmapped regions:          2887680 Byte
20220314 010901.562 INFO             PET1 PIOc_sync Enter - MemInfo: [malloc] Maximum total allocated space:                     0 Byte
20220314 010901.562 INFO             PET1 PIOc_sync Enter - MemInfo: [malloc] Space in freed fastbin blocks:                    80 Byte
20220314 010901.562 INFO             PET1 PIOc_sync Enter - MemInfo: [malloc] Total allocated space:                      11528752 Byte
20220314 010901.562 INFO             PET1 PIOc_sync Enter - MemInfo: [malloc] Total free space:                           15230416 Byte
20220314 010901.562 INFO             PET1 PIOc_sync Enter - MemInfo: [malloc] Top-most, releasable space:                  8521440 Byte
20220314 010901.562 INFO             PET1 PIOc_sync Enter - MemInfo: [malloc] Total space in use, mmap + non-mmap:        14416432 Byte
20220314 010901.562 INFO             PET1 PIOc_sync Enter - MemInfo: [malloc] Total space held (mmap + non-mmap):         29646848 Byte
20220314 010901.562 INFO             PET1 PIOc_sync Enter - MemInfo: [malloc] Total space used (mmap + non-mmap):         14424640 Byte
20220314 010901.562 INFO             PET1 PIOc_sync Enter - MemInfo: Wall-clock time since execution start:               0.238295 seconds
20220314 010901.562 INFO             PET1 PIOc_sync Exit - MemInfo: [/proc/meminfo - SSI]	MemTotal:       65855856 kB
20220314 010901.562 INFO             PET1 PIOc_sync Exit - MemInfo: [/proc/meminfo - SSI]	MemFree:        61207160 kB
20220314 010901.562 INFO             PET1 PIOc_sync Exit - MemInfo: [/proc/meminfo - SSI]	MemAvailable:   60992984 kB
20220314 010901.562 INFO             PET1 PIOc_sync Exit - MemInfo: [/proc/meminfo - SSI]	Committed_AS:    2974932 kB
20220314 010901.562 INFO             PET1 PIOc_sync Exit - MemInfo: [/proc/meminfo - SSI]	CommittedPercent: 4.51734 %
20220314 010901.562 INFO             PET1 PIOc_sync Exit - MemInfo: [/proc/self/status]	VmPeak:	  281228 kB
20220314 010901.562 INFO             PET1 PIOc_sync Exit - MemInfo: [/proc/self/status]	VmSize:	  281204 kB
20220314 010901.562 INFO             PET1 PIOc_sync Exit - MemInfo: [/proc/self/status]	VmLck:	       0 kB
20220314 010901.562 INFO             PET1 PIOc_sync Exit - MemInfo: [/proc/self/status]	VmPin:	       0 kB
20220314 010901.562 INFO             PET1 PIOc_sync Exit - MemInfo: [/proc/self/status]	VmHWM:	   37808 kB
20220314 010901.562 INFO             PET1 PIOc_sync Exit - MemInfo: [/proc/self/status]	VmRSS:	   37808 kB
20220314 010901.562 INFO             PET1 PIOc_sync Exit - MemInfo: [/proc/self/status]	VmData:	   49888 kB
20220314 010901.562 INFO             PET1 PIOc_sync Exit - MemInfo: [/proc/self/status]	VmStk:	     508 kB
20220314 010901.562 INFO             PET1 PIOc_sync Exit - MemInfo: [/proc/self/status]	VmExe:	    1924 kB
20220314 010901.562 INFO             PET1 PIOc_sync Exit - MemInfo: [/proc/self/status]	VmLib:	   93984 kB
20220314 010901.562 INFO             PET1 PIOc_sync Exit - MemInfo: [/proc/self/status]	VmPTE:	     424 kB
20220314 010901.562 INFO             PET1 PIOc_sync Exit - MemInfo: [/proc/self/status]	VmPMD:	      12 kB
20220314 010901.562 INFO             PET1 PIOc_sync Exit - MemInfo: [/proc/self/status]	VmSwap:	       0 kB
20220314 010901.562 INFO             PET1 PIOc_sync Exit - MemInfo: [/proc/self/status]	VmRSSPercent: 0.0574102 %
20220314 010901.562 INFO             PET1 PIOc_sync Exit - MemInfo: [malloc] Non-mmapped space allocated:                26759168 Byte
20220314 010901.562 INFO             PET1 PIOc_sync Exit - MemInfo: [malloc] Space allocated in mmapped regions:          2887680 Byte
20220314 010901.562 INFO             PET1 PIOc_sync Exit - MemInfo: [malloc] Maximum total allocated space:                     0 Byte
20220314 010901.562 INFO             PET1 PIOc_sync Exit - MemInfo: [malloc] Space in freed fastbin blocks:                     0 Byte
20220314 010901.562 INFO             PET1 PIOc_sync Exit - MemInfo: [malloc] Total allocated space:                      11528832 Byte
20220314 010901.562 INFO             PET1 PIOc_sync Exit - MemInfo: [malloc] Total free space:                           15230336 Byte
20220314 010901.562 INFO             PET1 PIOc_sync Exit - MemInfo: [malloc] Top-most, releasable space:                  8521440 Byte
20220314 010901.562 INFO             PET1 PIOc_sync Exit - MemInfo: [malloc] Total space in use, mmap + non-mmap:        14416512 Byte
20220314 010901.562 INFO             PET1 PIOc_sync Exit - MemInfo: [malloc] Total space held (mmap + non-mmap):         29646848 Byte
20220314 010901.562 INFO             PET1 PIOc_sync Exit - MemInfo: [malloc] Total space used (mmap + non-mmap):         14424720 Byte
20220314 010901.562 INFO             PET1 PIOc_sync Exit - MemInfo: Wall-clock time since execution start:               0.238684 seconds
20220314 010901.563 INFO             PET1 PIOc_freedecomp Enter - MemInfo: [/proc/meminfo - SSI]	MemTotal:       65855856 kB
20220314 010901.563 INFO             PET1 PIOc_freedecomp Enter - MemInfo: [/proc/meminfo - SSI]	MemFree:        61207160 kB
20220314 010901.563 INFO             PET1 PIOc_freedecomp Enter - MemInfo: [/proc/meminfo - SSI]	MemAvailable:   60992984 kB
20220314 010901.563 INFO             PET1 PIOc_freedecomp Enter - MemInfo: [/proc/meminfo - SSI]	Committed_AS:    2974932 kB
20220314 010901.563 INFO             PET1 PIOc_freedecomp Enter - MemInfo: [/proc/meminfo - SSI]	CommittedPercent: 4.51734 %
20220314 010901.563 INFO             PET1 PIOc_freedecomp Enter - MemInfo: [/proc/self/status]	VmPeak:	  281228 kB
20220314 010901.563 INFO             PET1 PIOc_freedecomp Enter - MemInfo: [/proc/self/status]	VmSize:	  281204 kB
20220314 010901.563 INFO             PET1 PIOc_freedecomp Enter - MemInfo: [/proc/self/status]	VmLck:	       0 kB
20220314 010901.563 INFO             PET1 PIOc_freedecomp Enter - MemInfo: [/proc/self/status]	VmPin:	       0 kB
20220314 010901.563 INFO             PET1 PIOc_freedecomp Enter - MemInfo: [/proc/self/status]	VmHWM:	   37808 kB
20220314 010901.563 INFO             PET1 PIOc_freedecomp Enter - MemInfo: [/proc/self/status]	VmRSS:	   37808 kB
20220314 010901.563 INFO             PET1 PIOc_freedecomp Enter - MemInfo: [/proc/self/status]	VmData:	   49888 kB
20220314 010901.563 INFO             PET1 PIOc_freedecomp Enter - MemInfo: [/proc/self/status]	VmStk:	     508 kB
20220314 010901.563 INFO             PET1 PIOc_freedecomp Enter - MemInfo: [/proc/self/status]	VmExe:	    1924 kB
20220314 010901.563 INFO             PET1 PIOc_freedecomp Enter - MemInfo: [/proc/self/status]	VmLib:	   93984 kB
20220314 010901.563 INFO             PET1 PIOc_freedecomp Enter - MemInfo: [/proc/self/status]	VmPTE:	     424 kB
20220314 010901.563 INFO             PET1 PIOc_freedecomp Enter - MemInfo: [/proc/self/status]	VmPMD:	      12 kB
20220314 010901.563 INFO             PET1 PIOc_freedecomp Enter - MemInfo: [/proc/self/status]	VmSwap:	       0 kB
20220314 010901.563 INFO             PET1 PIOc_freedecomp Enter - MemInfo: [/proc/self/status]	VmRSSPercent: 0.0574102 %
20220314 010901.563 INFO             PET1 PIOc_freedecomp Enter - MemInfo: [malloc] Non-mmapped space allocated:                26759168 Byte
20220314 010901.563 INFO             PET1 PIOc_freedecomp Enter - MemInfo: [malloc] Space allocated in mmapped regions:          2887680 Byte
20220314 010901.563 INFO             PET1 PIOc_freedecomp Enter - MemInfo: [malloc] Maximum total allocated space:                     0 Byte
20220314 010901.563 INFO             PET1 PIOc_freedecomp Enter - MemInfo: [malloc] Space in freed fastbin blocks:                     0 Byte
20220314 010901.563 INFO             PET1 PIOc_freedecomp Enter - MemInfo: [malloc] Total allocated space:                      11528400 Byte
20220314 010901.563 INFO             PET1 PIOc_freedecomp Enter - MemInfo: [malloc] Total free space:                           15230768 Byte
20220314 010901.563 INFO             PET1 PIOc_freedecomp Enter - MemInfo: [malloc] Top-most, releasable space:                  8521440 Byte
20220314 010901.563 INFO             PET1 PIOc_freedecomp Enter - MemInfo: [malloc] Total space in use, mmap + non-mmap:        14416080 Byte
20220314 010901.563 INFO             PET1 PIOc_freedecomp Enter - MemInfo: [malloc] Total space held (mmap + non-mmap):         29646848 Byte
20220314 010901.563 INFO             PET1 PIOc_freedecomp Enter - MemInfo: [malloc] Total space used (mmap + non-mmap):         14424288 Byte
20220314 010901.563 INFO             PET1 PIOc_freedecomp Enter - MemInfo: Wall-clock time since execution start:               0.239114 seconds
20220314 010901.563 INFO             PET1 PIOc_freedecomp Exit - MemInfo: [/proc/meminfo - SSI]	MemTotal:       65855856 kB
20220314 010901.563 INFO             PET1 PIOc_freedecomp Exit - MemInfo: [/proc/meminfo - SSI]	MemFree:        61207160 kB
20220314 010901.563 INFO             PET1 PIOc_freedecomp Exit - MemInfo: [/proc/meminfo - SSI]	MemAvailable:   60992984 kB
20220314 010901.563 INFO             PET1 PIOc_freedecomp Exit - MemInfo: [/proc/meminfo - SSI]	Committed_AS:    2974932 kB
20220314 010901.563 INFO             PET1 PIOc_freedecomp Exit - MemInfo: [/proc/meminfo - SSI]	CommittedPercent: 4.51734 %
20220314 010901.563 INFO             PET1 PIOc_freedecomp Exit - MemInfo: [/proc/self/status]	VmPeak:	  281228 kB
20220314 010901.563 INFO             PET1 PIOc_freedecomp Exit - MemInfo: [/proc/self/status]	VmSize:	  281204 kB
20220314 010901.563 INFO             PET1 PIOc_freedecomp Exit - MemInfo: [/proc/self/status]	VmLck:	       0 kB
20220314 010901.563 INFO             PET1 PIOc_freedecomp Exit - MemInfo: [/proc/self/status]	VmPin:	       0 kB
20220314 010901.563 INFO             PET1 PIOc_freedecomp Exit - MemInfo: [/proc/self/status]	VmHWM:	   37808 kB
20220314 010901.563 INFO             PET1 PIOc_freedecomp Exit - MemInfo: [/proc/self/status]	VmRSS:	   37808 kB
20220314 010901.563 INFO             PET1 PIOc_freedecomp Exit - MemInfo: [/proc/self/status]	VmData:	   49888 kB
20220314 010901.563 INFO             PET1 PIOc_freedecomp Exit - MemInfo: [/proc/self/status]	VmStk:	     508 kB
20220314 010901.563 INFO             PET1 PIOc_freedecomp Exit - MemInfo: [/proc/self/status]	VmExe:	    1924 kB
20220314 010901.563 INFO             PET1 PIOc_freedecomp Exit - MemInfo: [/proc/self/status]	VmLib:	   93984 kB
20220314 010901.563 INFO             PET1 PIOc_freedecomp Exit - MemInfo: [/proc/self/status]	VmPTE:	     424 kB
20220314 010901.563 INFO             PET1 PIOc_freedecomp Exit - MemInfo: [/proc/self/status]	VmPMD:	      12 kB
20220314 010901.563 INFO             PET1 PIOc_freedecomp Exit - MemInfo: [/proc/self/status]	VmSwap:	       0 kB
20220314 010901.563 INFO             PET1 PIOc_freedecomp Exit - MemInfo: [/proc/self/status]	VmRSSPercent: 0.0574102 %
20220314 010901.563 INFO             PET1 PIOc_freedecomp Exit - MemInfo: [malloc] Non-mmapped space allocated:                26759168 Byte
20220314 010901.563 INFO             PET1 PIOc_freedecomp Exit - MemInfo: [malloc] Space allocated in mmapped regions:          2887680 Byte
20220314 010901.563 INFO             PET1 PIOc_freedecomp Exit - MemInfo: [malloc] Maximum total allocated space:                     0 Byte
20220314 010901.563 INFO             PET1 PIOc_freedecomp Exit - MemInfo: [malloc] Space in freed fastbin blocks:                   336 Byte
20220314 010901.563 INFO             PET1 PIOc_freedecomp Exit - MemInfo: [malloc] Total allocated space:                      11526704 Byte
20220314 010901.563 INFO             PET1 PIOc_freedecomp Exit - MemInfo: [malloc] Total free space:                           15232464 Byte
20220314 010901.563 INFO             PET1 PIOc_freedecomp Exit - MemInfo: [malloc] Top-most, releasable space:                  8521440 Byte
20220314 010901.563 INFO             PET1 PIOc_freedecomp Exit - MemInfo: [malloc] Total space in use, mmap + non-mmap:        14414384 Byte
20220314 010901.563 INFO             PET1 PIOc_freedecomp Exit - MemInfo: [malloc] Total space held (mmap + non-mmap):         29646848 Byte
20220314 010901.563 INFO             PET1 PIOc_freedecomp Exit - MemInfo: [malloc] Total space used (mmap + non-mmap):         14422592 Byte
20220314 010901.563 INFO             PET1 PIOc_freedecomp Exit - MemInfo: Wall-clock time since execution start:               0.239447 seconds
20220314 010901.564 INFO             PET1 PIOc_sync Enter - MemInfo: [/proc/meminfo - SSI]	MemTotal:       65855856 kB
20220314 010901.564 INFO             PET1 PIOc_sync Enter - MemInfo: [/proc/meminfo - SSI]	MemFree:        61207160 kB
20220314 010901.564 INFO             PET1 PIOc_sync Enter - MemInfo: [/proc/meminfo - SSI]	MemAvailable:   60992984 kB
20220314 010901.564 INFO             PET1 PIOc_sync Enter - MemInfo: [/proc/meminfo - SSI]	Committed_AS:    2974932 kB
20220314 010901.565 INFO             PET1 PIOc_sync Enter - MemInfo: [/proc/meminfo - SSI]	CommittedPercent: 4.51734 %
20220314 010901.565 INFO             PET1 PIOc_sync Enter - MemInfo: [/proc/self/status]	VmPeak:	  281228 kB
20220314 010901.565 INFO             PET1 PIOc_sync Enter - MemInfo: [/proc/self/status]	VmSize:	  281204 kB
20220314 010901.565 INFO             PET1 PIOc_sync Enter - MemInfo: [/proc/self/status]	VmLck:	       0 kB
20220314 010901.565 INFO             PET1 PIOc_sync Enter - MemInfo: [/proc/self/status]	VmPin:	       0 kB
20220314 010901.565 INFO             PET1 PIOc_sync Enter - MemInfo: [/proc/self/status]	VmHWM:	   37808 kB
20220314 010901.565 INFO             PET1 PIOc_sync Enter - MemInfo: [/proc/self/status]	VmRSS:	   37808 kB
20220314 010901.565 INFO             PET1 PIOc_sync Enter - MemInfo: [/proc/self/status]	VmData:	   49888 kB
20220314 010901.565 INFO             PET1 PIOc_sync Enter - MemInfo: [/proc/self/status]	VmStk:	     508 kB
20220314 010901.565 INFO             PET1 PIOc_sync Enter - MemInfo: [/proc/self/status]	VmExe:	    1924 kB
20220314 010901.565 INFO             PET1 PIOc_sync Enter - MemInfo: [/proc/self/status]	VmLib:	   93984 kB
20220314 010901.565 INFO             PET1 PIOc_sync Enter - MemInfo: [/proc/self/status]	VmPTE:	     424 kB
20220314 010901.565 INFO             PET1 PIOc_sync Enter - MemInfo: [/proc/self/status]	VmPMD:	      12 kB
20220314 010901.565 INFO             PET1 PIOc_sync Enter - MemInfo: [/proc/self/status]	VmSwap:	       0 kB
20220314 010901.565 INFO             PET1 PIOc_sync Enter - MemInfo: [/proc/self/status]	VmRSSPercent: 0.0574102 %
20220314 010901.565 INFO             PET1 PIOc_sync Enter - MemInfo: [malloc] Non-mmapped space allocated:                26759168 Byte
20220314 010901.565 INFO             PET1 PIOc_sync Enter - MemInfo: [malloc] Space allocated in mmapped regions:          2887680 Byte
20220314 010901.565 INFO             PET1 PIOc_sync Enter - MemInfo: [malloc] Maximum total allocated space:                     0 Byte
20220314 010901.565 INFO             PET1 PIOc_sync Enter - MemInfo: [malloc] Space in freed fastbin blocks:                    80 Byte
20220314 010901.565 INFO             PET1 PIOc_sync Enter - MemInfo: [malloc] Total allocated space:                      11528896 Byte
20220314 010901.565 INFO             PET1 PIOc_sync Enter - MemInfo: [malloc] Total free space:                           15230272 Byte
20220314 010901.565 INFO             PET1 PIOc_sync Enter - MemInfo: [malloc] Top-most, releasable space:                  8521440 Byte
20220314 010901.565 INFO             PET1 PIOc_sync Enter - MemInfo: [malloc] Total space in use, mmap + non-mmap:        14416576 Byte
20220314 010901.565 INFO             PET1 PIOc_sync Enter - MemInfo: [malloc] Total space held (mmap + non-mmap):         29646848 Byte
20220314 010901.565 INFO             PET1 PIOc_sync Enter - MemInfo: [malloc] Total space used (mmap + non-mmap):         14424784 Byte
20220314 010901.565 INFO             PET1 PIOc_sync Enter - MemInfo: Wall-clock time since execution start:               0.241032 seconds
20220314 010901.565 INFO             PET1 PIOc_sync Exit - MemInfo: [/proc/meminfo - SSI]	MemTotal:       65855856 kB
20220314 010901.565 INFO             PET1 PIOc_sync Exit - MemInfo: [/proc/meminfo - SSI]	MemFree:        61206656 kB
20220314 010901.565 INFO             PET1 PIOc_sync Exit - MemInfo: [/proc/meminfo - SSI]	MemAvailable:   60992480 kB
20220314 010901.565 INFO             PET1 PIOc_sync Exit - MemInfo: [/proc/meminfo - SSI]	Committed_AS:    2974932 kB
20220314 010901.565 INFO             PET1 PIOc_sync Exit - MemInfo: [/proc/meminfo - SSI]	CommittedPercent: 4.51734 %
20220314 010901.565 INFO             PET1 PIOc_sync Exit - MemInfo: [/proc/self/status]	VmPeak:	  281228 kB
20220314 010901.565 INFO             PET1 PIOc_sync Exit - MemInfo: [/proc/self/status]	VmSize:	  281204 kB
20220314 010901.565 INFO             PET1 PIOc_sync Exit - MemInfo: [/proc/self/status]	VmLck:	       0 kB
20220314 010901.565 INFO             PET1 PIOc_sync Exit - MemInfo: [/proc/self/status]	VmPin:	       0 kB
20220314 010901.565 INFO             PET1 PIOc_sync Exit - MemInfo: [/proc/self/status]	VmHWM:	   37808 kB
20220314 010901.565 INFO             PET1 PIOc_sync Exit - MemInfo: [/proc/self/status]	VmRSS:	   37808 kB
20220314 010901.565 INFO             PET1 PIOc_sync Exit - MemInfo: [/proc/self/status]	VmData:	   49888 kB
20220314 010901.565 INFO             PET1 PIOc_sync Exit - MemInfo: [/proc/self/status]	VmStk:	     508 kB
20220314 010901.565 INFO             PET1 PIOc_sync Exit - MemInfo: [/proc/self/status]	VmExe:	    1924 kB
20220314 010901.565 INFO             PET1 PIOc_sync Exit - MemInfo: [/proc/self/status]	VmLib:	   93984 kB
20220314 010901.565 INFO             PET1 PIOc_sync Exit - MemInfo: [/proc/self/status]	VmPTE:	     424 kB
20220314 010901.565 INFO             PET1 PIOc_sync Exit - MemInfo: [/proc/self/status]	VmPMD:	      12 kB
20220314 010901.565 INFO             PET1 PIOc_sync Exit - MemInfo: [/proc/self/status]	VmSwap:	       0 kB
20220314 010901.565 INFO             PET1 PIOc_sync Exit - MemInfo: [/proc/self/status]	VmRSSPercent: 0.0574102 %
20220314 010901.565 INFO             PET1 PIOc_sync Exit - MemInfo: [malloc] Non-mmapped space allocated:                26759168 Byte
20220314 010901.565 INFO             PET1 PIOc_sync Exit - MemInfo: [malloc] Space allocated in mmapped regions:          2887680 Byte
20220314 010901.565 INFO             PET1 PIOc_sync Exit - MemInfo: [malloc] Maximum total allocated space:                     0 Byte
20220314 010901.565 INFO             PET1 PIOc_sync Exit - MemInfo: [malloc] Space in freed fastbin blocks:                     0 Byte
20220314 010901.565 INFO             PET1 PIOc_sync Exit - MemInfo: [malloc] Total allocated space:                      11528976 Byte
20220314 010901.565 INFO             PET1 PIOc_sync Exit - MemInfo: [malloc] Total free space:                           15230192 Byte
20220314 010901.565 INFO             PET1 PIOc_sync Exit - MemInfo: [malloc] Top-most, releasable space:                  8521440 Byte
20220314 010901.565 INFO             PET1 PIOc_sync Exit - MemInfo: [malloc] Total space in use, mmap + non-mmap:        14416656 Byte
20220314 010901.565 INFO             PET1 PIOc_sync Exit - MemInfo: [malloc] Total space held (mmap + non-mmap):         29646848 Byte
20220314 010901.565 INFO             PET1 PIOc_sync Exit - MemInfo: [malloc] Total space used (mmap + non-mmap):         14424864 Byte
20220314 010901.565 INFO             PET1 PIOc_sync Exit - MemInfo: Wall-clock time since execution start:               0.241437 seconds
20220314 010901.565 INFO             PET1 PIOc_freedecomp Enter - MemInfo: [/proc/meminfo - SSI]	MemTotal:       65855856 kB
20220314 010901.565 INFO             PET1 PIOc_freedecomp Enter - MemInfo: [/proc/meminfo - SSI]	MemFree:        61206656 kB
20220314 010901.565 INFO             PET1 PIOc_freedecomp Enter - MemInfo: [/proc/meminfo - SSI]	MemAvailable:   60992480 kB
20220314 010901.565 INFO             PET1 PIOc_freedecomp Enter - MemInfo: [/proc/meminfo - SSI]	Committed_AS:    2974932 kB
20220314 010901.565 INFO             PET1 PIOc_freedecomp Enter - MemInfo: [/proc/meminfo - SSI]	CommittedPercent: 4.51734 %
20220314 010901.565 INFO             PET1 PIOc_freedecomp Enter - MemInfo: [/proc/self/status]	VmPeak:	  281228 kB
20220314 010901.565 INFO             PET1 PIOc_freedecomp Enter - MemInfo: [/proc/self/status]	VmSize:	  281204 kB
20220314 010901.565 INFO             PET1 PIOc_freedecomp Enter - MemInfo: [/proc/self/status]	VmLck:	       0 kB
20220314 010901.565 INFO             PET1 PIOc_freedecomp Enter - MemInfo: [/proc/self/status]	VmPin:	       0 kB
20220314 010901.565 INFO             PET1 PIOc_freedecomp Enter - MemInfo: [/proc/self/status]	VmHWM:	   37808 kB
20220314 010901.565 INFO             PET1 PIOc_freedecomp Enter - MemInfo: [/proc/self/status]	VmRSS:	   37808 kB
20220314 010901.565 INFO             PET1 PIOc_freedecomp Enter - MemInfo: [/proc/self/status]	VmData:	   49888 kB
20220314 010901.565 INFO             PET1 PIOc_freedecomp Enter - MemInfo: [/proc/self/status]	VmStk:	     508 kB
20220314 010901.565 INFO             PET1 PIOc_freedecomp Enter - MemInfo: [/proc/self/status]	VmExe:	    1924 kB
20220314 010901.565 INFO             PET1 PIOc_freedecomp Enter - MemInfo: [/proc/self/status]	VmLib:	   93984 kB
20220314 010901.565 INFO             PET1 PIOc_freedecomp Enter - MemInfo: [/proc/self/status]	VmPTE:	     424 kB
20220314 010901.565 INFO             PET1 PIOc_freedecomp Enter - MemInfo: [/proc/self/status]	VmPMD:	      12 kB
20220314 010901.565 INFO             PET1 PIOc_freedecomp Enter - MemInfo: [/proc/self/status]	VmSwap:	       0 kB
20220314 010901.565 INFO             PET1 PIOc_freedecomp Enter - MemInfo: [/proc/self/status]	VmRSSPercent: 0.0574102 %
20220314 010901.566 INFO             PET1 PIOc_freedecomp Enter - MemInfo: [malloc] Non-mmapped space allocated:                26759168 Byte
20220314 010901.566 INFO             PET1 PIOc_freedecomp Enter - MemInfo: [malloc] Space allocated in mmapped regions:          2887680 Byte
20220314 010901.566 INFO             PET1 PIOc_freedecomp Enter - MemInfo: [malloc] Maximum total allocated space:                     0 Byte
20220314 010901.566 INFO             PET1 PIOc_freedecomp Enter - MemInfo: [malloc] Space in freed fastbin blocks:                     0 Byte
20220314 010901.566 INFO             PET1 PIOc_freedecomp Enter - MemInfo: [malloc] Total allocated space:                      11528400 Byte
20220314 010901.566 INFO             PET1 PIOc_freedecomp Enter - MemInfo: [malloc] Total free space:                           15230768 Byte
20220314 010901.566 INFO             PET1 PIOc_freedecomp Enter - MemInfo: [malloc] Top-most, releasable space:                  8521440 Byte
20220314 010901.566 INFO             PET1 PIOc_freedecomp Enter - MemInfo: [malloc] Total space in use, mmap + non-mmap:        14416080 Byte
20220314 010901.566 INFO             PET1 PIOc_freedecomp Enter - MemInfo: [malloc] Total space held (mmap + non-mmap):         29646848 Byte
20220314 010901.566 INFO             PET1 PIOc_freedecomp Enter - MemInfo: [malloc] Total space used (mmap + non-mmap):         14424288 Byte
20220314 010901.566 INFO             PET1 PIOc_freedecomp Enter - MemInfo: Wall-clock time since execution start:               0.241878 seconds
20220314 010901.566 INFO             PET1 PIOc_freedecomp Exit - MemInfo: [/proc/meminfo - SSI]	MemTotal:       65855856 kB
20220314 010901.566 INFO             PET1 PIOc_freedecomp Exit - MemInfo: [/proc/meminfo - SSI]	MemFree:        61206656 kB
20220314 010901.566 INFO             PET1 PIOc_freedecomp Exit - MemInfo: [/proc/meminfo - SSI]	MemAvailable:   60992480 kB
20220314 010901.566 INFO             PET1 PIOc_freedecomp Exit - MemInfo: [/proc/meminfo - SSI]	Committed_AS:    2974932 kB
20220314 010901.566 INFO             PET1 PIOc_freedecomp Exit - MemInfo: [/proc/meminfo - SSI]	CommittedPercent: 4.51734 %
20220314 010901.566 INFO             PET1 PIOc_freedecomp Exit - MemInfo: [/proc/self/status]	VmPeak:	  281228 kB
20220314 010901.566 INFO             PET1 PIOc_freedecomp Exit - MemInfo: [/proc/self/status]	VmSize:	  281204 kB
20220314 010901.566 INFO             PET1 PIOc_freedecomp Exit - MemInfo: [/proc/self/status]	VmLck:	       0 kB
20220314 010901.566 INFO             PET1 PIOc_freedecomp Exit - MemInfo: [/proc/self/status]	VmPin:	       0 kB
20220314 010901.566 INFO             PET1 PIOc_freedecomp Exit - MemInfo: [/proc/self/status]	VmHWM:	   37808 kB
20220314 010901.566 INFO             PET1 PIOc_freedecomp Exit - MemInfo: [/proc/self/status]	VmRSS:	   37808 kB
20220314 010901.566 INFO             PET1 PIOc_freedecomp Exit - MemInfo: [/proc/self/status]	VmData:	   49888 kB
20220314 010901.566 INFO             PET1 PIOc_freedecomp Exit - MemInfo: [/proc/self/status]	VmStk:	     508 kB
20220314 010901.566 INFO             PET1 PIOc_freedecomp Exit - MemInfo: [/proc/self/status]	VmExe:	    1924 kB
20220314 010901.566 INFO             PET1 PIOc_freedecomp Exit - MemInfo: [/proc/self/status]	VmLib:	   93984 kB
20220314 010901.566 INFO             PET1 PIOc_freedecomp Exit - MemInfo: [/proc/self/status]	VmPTE:	     424 kB
20220314 010901.566 INFO             PET1 PIOc_freedecomp Exit - MemInfo: [/proc/self/status]	VmPMD:	      12 kB
20220314 010901.566 INFO             PET1 PIOc_freedecomp Exit - MemInfo: [/proc/self/status]	VmSwap:	       0 kB
20220314 010901.566 INFO             PET1 PIOc_freedecomp Exit - MemInfo: [/proc/self/status]	VmRSSPercent: 0.0574102 %
20220314 010901.566 INFO             PET1 PIOc_freedecomp Exit - MemInfo: [malloc] Non-mmapped space allocated:                26759168 Byte
20220314 010901.566 INFO             PET1 PIOc_freedecomp Exit - MemInfo: [malloc] Space allocated in mmapped regions:          2887680 Byte
20220314 010901.566 INFO             PET1 PIOc_freedecomp Exit - MemInfo: [malloc] Maximum total allocated space:                     0 Byte
20220314 010901.566 INFO             PET1 PIOc_freedecomp Exit - MemInfo: [malloc] Space in freed fastbin blocks:                   336 Byte
20220314 010901.566 INFO             PET1 PIOc_freedecomp Exit - MemInfo: [malloc] Total allocated space:                      11526704 Byte
20220314 010901.566 INFO             PET1 PIOc_freedecomp Exit - MemInfo: [malloc] Total free space:                           15232464 Byte
20220314 010901.566 INFO             PET1 PIOc_freedecomp Exit - MemInfo: [malloc] Top-most, releasable space:                  8521440 Byte
20220314 010901.566 INFO             PET1 PIOc_freedecomp Exit - MemInfo: [malloc] Total space in use, mmap + non-mmap:        14414384 Byte
20220314 010901.566 INFO             PET1 PIOc_freedecomp Exit - MemInfo: [malloc] Total space held (mmap + non-mmap):         29646848 Byte
20220314 010901.566 INFO             PET1 PIOc_freedecomp Exit - MemInfo: [malloc] Total space used (mmap + non-mmap):         14422592 Byte
20220314 010901.566 INFO             PET1 PIOc_freedecomp Exit - MemInfo: Wall-clock time since execution start:                0.24221 seconds
20220314 010901.568 INFO             PET1  PASS  ESMF_FieldRegridStoreFromFile Unit Test, ESMF_FieldSMMFromFileUTest.F90, line 315
20220314 010901.568 INFO             PET1  Ending Test, file ESMF_FieldSMMFromFileUTest.F90, line 322
20220314 010901.568 INFO             PET1 Finalizing ESMF
20220314 010901.399 INFO             PET2 !!!!!!!!!!!!!!!!!!!!!!!!!!!!!!!!!!!!!!!!!!!!!!!!!!!!!!
20220314 010901.399 INFO             PET2 !!! THE ESMF_LOG IS SET TO OUTPUT ALL LOG MESSAGES !!!
20220314 010901.399 INFO             PET2 !!!     THIS MAY CAUSE SLOWDOWN IN PERFORMANCE     !!!
20220314 010901.399 INFO             PET2 !!! FOR PRODUCTION RUNS, USE:                      !!!
20220314 010901.399 INFO             PET2 !!!                   ESMF_LOGKIND_Multi_On_Error  !!!
20220314 010901.399 INFO             PET2 !!!!!!!!!!!!!!!!!!!!!!!!!!!!!!!!!!!!!!!!!!!!!!!!!!!!!!
20220314 010901.399 INFO             PET2 Running with ESMF Version   : v8.3.0b09-96-g559b459836
20220314 010901.399 INFO             PET2 ESMF library build date/time: "Mar 14 2022" "00:43:16"
20220314 010901.399 INFO             PET2 ESMF library build location : /lustre/f2/dev/ncep/Mark.Potts/intel_2019.5_mpi_O_jedwards_pio_update2
20220314 010901.399 INFO             PET2 ESMF_COMM                   : mpi
20220314 010901.400 INFO             PET2 ESMF_MOAB                   : enabled
20220314 010901.400 INFO             PET2 ESMF_LAPACK                 : enabled
20220314 010901.400 INFO             PET2 ESMF_NETCDF                 : enabled
20220314 010901.400 INFO             PET2 ESMF_PNETCDF                : disabled
20220314 010901.400 INFO             PET2 ESMF_PIO                    : enabled
20220314 010901.400 INFO             PET2 ESMF_YAMLCPP                : enabled
20220314 010901.400 INFO             PET2  Beginning Test, file ESMF_FieldSMMFromFileUTest.F90, line 287
20220314 010901.400 INFO             PET2  NUMBER_OF_PROCESSORS           4
20220314 010901.529 INFO             PET2  PASS  ESMF_FieldSMMFromFile Unit Test, ESMF_FieldSMMFromFileUTest.F90, line 300
20220314 010901.559 INFO             PET2 PIOc_sync Enter - MemInfo: [/proc/meminfo - SSI]	MemTotal:       65855856 kB
20220314 010901.559 INFO             PET2 PIOc_sync Enter - MemInfo: [/proc/meminfo - SSI]	MemFree:        61207664 kB
20220314 010901.559 INFO             PET2 PIOc_sync Enter - MemInfo: [/proc/meminfo - SSI]	MemAvailable:   60993488 kB
20220314 010901.559 INFO             PET2 PIOc_sync Enter - MemInfo: [/proc/meminfo - SSI]	Committed_AS:    2974932 kB
20220314 010901.559 INFO             PET2 PIOc_sync Enter - MemInfo: [/proc/meminfo - SSI]	CommittedPercent: 4.51734 %
20220314 010901.559 INFO             PET2 PIOc_sync Enter - MemInfo: [/proc/self/status]	VmPeak:	  287372 kB
20220314 010901.559 INFO             PET2 PIOc_sync Enter - MemInfo: [/proc/self/status]	VmSize:	  287348 kB
20220314 010901.559 INFO             PET2 PIOc_sync Enter - MemInfo: [/proc/self/status]	VmLck:	       0 kB
20220314 010901.559 INFO             PET2 PIOc_sync Enter - MemInfo: [/proc/self/status]	VmPin:	       0 kB
20220314 010901.559 INFO             PET2 PIOc_sync Enter - MemInfo: [/proc/self/status]	VmHWM:	   37576 kB
20220314 010901.559 INFO             PET2 PIOc_sync Enter - MemInfo: [/proc/self/status]	VmRSS:	   37576 kB
20220314 010901.559 INFO             PET2 PIOc_sync Enter - MemInfo: [/proc/self/status]	VmData:	   49888 kB
20220314 010901.559 INFO             PET2 PIOc_sync Enter - MemInfo: [/proc/self/status]	VmStk:	     508 kB
20220314 010901.559 INFO             PET2 PIOc_sync Enter - MemInfo: [/proc/self/status]	VmExe:	    1924 kB
20220314 010901.559 INFO             PET2 PIOc_sync Enter - MemInfo: [/proc/self/status]	VmLib:	   93984 kB
20220314 010901.559 INFO             PET2 PIOc_sync Enter - MemInfo: [/proc/self/status]	VmPTE:	     424 kB
20220314 010901.559 INFO             PET2 PIOc_sync Enter - MemInfo: [/proc/self/status]	VmPMD:	      12 kB
20220314 010901.559 INFO             PET2 PIOc_sync Enter - MemInfo: [/proc/self/status]	VmSwap:	       0 kB
20220314 010901.559 INFO             PET2 PIOc_sync Enter - MemInfo: [/proc/self/status]	VmRSSPercent: 0.0570579 %
20220314 010901.559 INFO             PET2 PIOc_sync Enter - MemInfo: [malloc] Non-mmapped space allocated:                26759168 Byte
20220314 010901.559 INFO             PET2 PIOc_sync Enter - MemInfo: [malloc] Space allocated in mmapped regions:          2887680 Byte
20220314 010901.559 INFO             PET2 PIOc_sync Enter - MemInfo: [malloc] Maximum total allocated space:                     0 Byte
20220314 010901.559 INFO             PET2 PIOc_sync Enter - MemInfo: [malloc] Space in freed fastbin blocks:                    80 Byte
20220314 010901.559 INFO             PET2 PIOc_sync Enter - MemInfo: [malloc] Total allocated space:                      11522256 Byte
20220314 010901.559 INFO             PET2 PIOc_sync Enter - MemInfo: [malloc] Total free space:                           15236912 Byte
20220314 010901.559 INFO             PET2 PIOc_sync Enter - MemInfo: [malloc] Top-most, releasable space:                  8520688 Byte
20220314 010901.559 INFO             PET2 PIOc_sync Enter - MemInfo: [malloc] Total space in use, mmap + non-mmap:        14409936 Byte
20220314 010901.559 INFO             PET2 PIOc_sync Enter - MemInfo: [malloc] Total space held (mmap + non-mmap):         29646848 Byte
20220314 010901.559 INFO             PET2 PIOc_sync Enter - MemInfo: [malloc] Total space used (mmap + non-mmap):         14418848 Byte
20220314 010901.559 INFO             PET2 PIOc_sync Enter - MemInfo: Wall-clock time since execution start:               0.236103 seconds
20220314 010901.559 INFO             PET2 PIOc_sync Exit - MemInfo: [/proc/meminfo - SSI]	MemTotal:       65855856 kB
20220314 010901.559 INFO             PET2 PIOc_sync Exit - MemInfo: [/proc/meminfo - SSI]	MemFree:        61207160 kB
20220314 010901.559 INFO             PET2 PIOc_sync Exit - MemInfo: [/proc/meminfo - SSI]	MemAvailable:   60992984 kB
20220314 010901.559 INFO             PET2 PIOc_sync Exit - MemInfo: [/proc/meminfo - SSI]	Committed_AS:    2974932 kB
20220314 010901.559 INFO             PET2 PIOc_sync Exit - MemInfo: [/proc/meminfo - SSI]	CommittedPercent: 4.51734 %
20220314 010901.559 INFO             PET2 PIOc_sync Exit - MemInfo: [/proc/self/status]	VmPeak:	  287372 kB
20220314 010901.559 INFO             PET2 PIOc_sync Exit - MemInfo: [/proc/self/status]	VmSize:	  287348 kB
20220314 010901.559 INFO             PET2 PIOc_sync Exit - MemInfo: [/proc/self/status]	VmLck:	       0 kB
20220314 010901.559 INFO             PET2 PIOc_sync Exit - MemInfo: [/proc/self/status]	VmPin:	       0 kB
20220314 010901.559 INFO             PET2 PIOc_sync Exit - MemInfo: [/proc/self/status]	VmHWM:	   37576 kB
20220314 010901.559 INFO             PET2 PIOc_sync Exit - MemInfo: [/proc/self/status]	VmRSS:	   37576 kB
20220314 010901.559 INFO             PET2 PIOc_sync Exit - MemInfo: [/proc/self/status]	VmData:	   49888 kB
20220314 010901.559 INFO             PET2 PIOc_sync Exit - MemInfo: [/proc/self/status]	VmStk:	     508 kB
20220314 010901.559 INFO             PET2 PIOc_sync Exit - MemInfo: [/proc/self/status]	VmExe:	    1924 kB
20220314 010901.559 INFO             PET2 PIOc_sync Exit - MemInfo: [/proc/self/status]	VmLib:	   93984 kB
20220314 010901.559 INFO             PET2 PIOc_sync Exit - MemInfo: [/proc/self/status]	VmPTE:	     424 kB
