build time -- 2022-03-11 23:42:24
20220312 000115.970 INFO             PET0 !!!!!!!!!!!!!!!!!!!!!!!!!!!!!!!!!!!!!!!!!!!!!!!!!!!!!!
20220312 000115.970 INFO             PET0 !!! THE ESMF_LOG IS SET TO OUTPUT ALL LOG MESSAGES !!!
20220312 000115.970 INFO             PET0 !!!     THIS MAY CAUSE SLOWDOWN IN PERFORMANCE     !!!
20220312 000115.970 INFO             PET0 !!! FOR PRODUCTION RUNS, USE:                      !!!
20220312 000115.970 INFO             PET0 !!!                   ESMF_LOGKIND_Multi_On_Error  !!!
20220312 000115.970 INFO             PET0 !!!!!!!!!!!!!!!!!!!!!!!!!!!!!!!!!!!!!!!!!!!!!!!!!!!!!!
20220312 000115.970 INFO             PET0 Running with ESMF Version   : v8.3.0b09-96-g559b459836
20220312 000115.970 INFO             PET0 ESMF library build date/time: "Mar 11 2022" "23:40:33"
20220312 000115.970 INFO             PET0 ESMF library build location : /lustre/f2/dev/ncep/Mark.Potts/intel_2019.5_mpi_O_jedwards_pio_update2
20220312 000115.970 INFO             PET0 ESMF_COMM                   : mpi
20220312 000115.971 INFO             PET0 ESMF_MOAB                   : enabled
20220312 000115.971 INFO             PET0 ESMF_LAPACK                 : enabled
20220312 000115.971 INFO             PET0 ESMF_NETCDF                 : enabled
20220312 000115.971 INFO             PET0 ESMF_PNETCDF                : disabled
20220312 000115.971 INFO             PET0 ESMF_PIO                    : enabled
20220312 000115.971 INFO             PET0 ESMF_YAMLCPP                : enabled
20220312 000115.980 INFO             PET0  Beginning Test, file ESMF_RouteHandleAdvancedUTest.F90, line 346
20220312 000115.980 INFO             PET0  NUMBER_OF_PROCESSORS           4
20220312 000115.985 INFO             PET0 ESMF_FieldRedistStoreNF(): Just entered routine.
20220312 000116.068 INFO             PET0 ESMF_FieldRedistStoreNF(): Leaving routine.
20220312 000116.069 INFO             PET0  PASS  Create RouteHandle for the original petList, ESMF_RouteHandleAdvancedUTest.F90, line 511
20220312 000116.069 INFO             PET0  PASS  Test RouteHandleIsCreated(), ESMF_RouteHandleAdvancedUTest.F90, line 519
20220312 000116.069 INFO             PET0  PASS  Test RouteHandleIsCreated() return value, ESMF_RouteHandleAdvancedUTest.F90, line 526
20220312 000116.069 INFO             PET0  PASS  Test RouteHandleGet(), ESMF_RouteHandleAdvancedUTest.F90, line 534
20220312 000116.076 INFO             PET0  PASS  Test RouteHandleWrite(), ESMF_RouteHandleAdvancedUTest.F90, line 542
20220312 000116.076 INFO             PET0  PASS  Test RouteHandleDestroy(), ESMF_RouteHandleAdvancedUTest.F90, line 550
20220312 000116.079 INFO             PET0  PASS  Test RouteHandleCreate(from file), ESMF_RouteHandleAdvancedUTest.F90, line 558
20220312 000116.080 INFO             PET0  PASS  Apply the read in Routehandle, ESMF_RouteHandleAdvancedUTest.F90, line 567
20220312 000116.080 INFO             PET0  PASS  Test RouteHandleDestroy() for the read in Routehandle, ESMF_RouteHandleAdvancedUTest.F90, line 575
20220312 000116.080 INFO             PET0 ESMF_FieldRedistStoreNF(): Just entered routine.
20220312 000116.157 INFO             PET0 ESMF_FieldRedistStoreNF(): Leaving routine.
20220312 000116.157 INFO             PET0  PASS  Create RouteHandle for the original petList, ESMF_RouteHandleAdvancedUTest.F90, line 585
20220312 000116.157 INFO             PET0  PASS  Transfer RouteHandle to a different petList, ESMF_RouteHandleAdvancedUTest.F90, line 602
20220312 000116.181 INFO             PET0 PIOc_sync Enter - MemInfo: [/proc/meminfo - SSI]	MemTotal:       65855856 kB
20220312 000116.181 INFO             PET0 PIOc_sync Enter - MemInfo: [/proc/meminfo - SSI]	MemFree:        61110344 kB
20220312 000116.181 INFO             PET0 PIOc_sync Enter - MemInfo: [/proc/meminfo - SSI]	MemAvailable:   60897784 kB
20220312 000116.182 INFO             PET0 PIOc_sync Enter - MemInfo: [/proc/meminfo - SSI]	Committed_AS:    2994812 kB
20220312 000116.182 INFO             PET0 PIOc_sync Enter - MemInfo: [/proc/meminfo - SSI]	CommittedPercent: 4.54753 %
20220312 000116.182 INFO             PET0 PIOc_sync Enter - MemInfo: [/proc/self/status]	VmPeak:	  307460 kB
20220312 000116.182 INFO             PET0 PIOc_sync Enter - MemInfo: [/proc/self/status]	VmSize:	  307460 kB
20220312 000116.182 INFO             PET0 PIOc_sync Enter - MemInfo: [/proc/self/status]	VmLck:	       0 kB
20220312 000116.182 INFO             PET0 PIOc_sync Enter - MemInfo: [/proc/self/status]	VmPin:	       0 kB
20220312 000116.182 INFO             PET0 PIOc_sync Enter - MemInfo: [/proc/self/status]	VmHWM:	   37896 kB
20220312 000116.182 INFO             PET0 PIOc_sync Enter - MemInfo: [/proc/self/status]	VmRSS:	   37896 kB
20220312 000116.182 INFO             PET0 PIOc_sync Enter - MemInfo: [/proc/self/status]	VmData:	   45388 kB
20220312 000116.182 INFO             PET0 PIOc_sync Enter - MemInfo: [/proc/self/status]	VmStk:	     508 kB
20220312 000116.182 INFO             PET0 PIOc_sync Enter - MemInfo: [/proc/self/status]	VmExe:	    1936 kB
20220312 000116.182 INFO             PET0 PIOc_sync Enter - MemInfo: [/proc/self/status]	VmLib:	   93984 kB
20220312 000116.182 INFO             PET0 PIOc_sync Enter - MemInfo: [/proc/self/status]	VmPTE:	     460 kB
20220312 000116.182 INFO             PET0 PIOc_sync Enter - MemInfo: [/proc/self/status]	VmPMD:	      12 kB
20220312 000116.182 INFO             PET0 PIOc_sync Enter - MemInfo: [/proc/self/status]	VmSwap:	       0 kB
20220312 000116.182 INFO             PET0 PIOc_sync Enter - MemInfo: [/proc/self/status]	VmRSSPercent: 0.0575439 %
20220312 000116.182 INFO             PET0 PIOc_sync Enter - MemInfo: [malloc] Non-mmapped space allocated:                22007808 Byte
20220312 000116.182 INFO             PET0 PIOc_sync Enter - MemInfo: [malloc] Space allocated in mmapped regions:          3026944 Byte
20220312 000116.182 INFO             PET0 PIOc_sync Enter - MemInfo: [malloc] Maximum total allocated space:                     0 Byte
20220312 000116.182 INFO             PET0 PIOc_sync Enter - MemInfo: [malloc] Space in freed fastbin blocks:                     0 Byte
20220312 000116.182 INFO             PET0 PIOc_sync Enter - MemInfo: [malloc] Total allocated space:                      10896336 Byte
20220312 000116.182 INFO             PET0 PIOc_sync Enter - MemInfo: [malloc] Total free space:                           11111472 Byte
20220312 000116.182 INFO             PET0 PIOc_sync Enter - MemInfo: [malloc] Top-most, releasable space:                  6361712 Byte
20220312 000116.182 INFO             PET0 PIOc_sync Enter - MemInfo: [malloc] Total space in use, mmap + non-mmap:        13923280 Byte
20220312 000116.182 INFO             PET0 PIOc_sync Enter - MemInfo: [malloc] Total space held (mmap + non-mmap):         25034752 Byte
20220312 000116.182 INFO             PET0 PIOc_sync Enter - MemInfo: [malloc] Total space used (mmap + non-mmap):         13932368 Byte
20220312 000116.182 INFO             PET0 PIOc_sync Enter - MemInfo: Wall-clock time since execution start:               0.228099 seconds
20220312 000116.332 INFO             PET0 PIOc_sync Exit - MemInfo: [/proc/meminfo - SSI]	MemTotal:       65855856 kB
20220312 000116.332 INFO             PET0 PIOc_sync Exit - MemInfo: [/proc/meminfo - SSI]	MemFree:        61110968 kB
20220312 000116.332 INFO             PET0 PIOc_sync Exit - MemInfo: [/proc/meminfo - SSI]	MemAvailable:   60898436 kB
20220312 000116.332 INFO             PET0 PIOc_sync Exit - MemInfo: [/proc/meminfo - SSI]	Committed_AS:    2994812 kB
20220312 000116.332 INFO             PET0 PIOc_sync Exit - MemInfo: [/proc/meminfo - SSI]	CommittedPercent: 4.54753 %
20220312 000116.332 INFO             PET0 PIOc_sync Exit - MemInfo: [/proc/self/status]	VmPeak:	  307460 kB
20220312 000116.332 INFO             PET0 PIOc_sync Exit - MemInfo: [/proc/self/status]	VmSize:	  307460 kB
20220312 000116.332 INFO             PET0 PIOc_sync Exit - MemInfo: [/proc/self/status]	VmLck:	       0 kB
20220312 000116.332 INFO             PET0 PIOc_sync Exit - MemInfo: [/proc/self/status]	VmPin:	       0 kB
20220312 000116.332 INFO             PET0 PIOc_sync Exit - MemInfo: [/proc/self/status]	VmHWM:	   37896 kB
20220312 000116.332 INFO             PET0 PIOc_sync Exit - MemInfo: [/proc/self/status]	VmRSS:	   37896 kB
20220312 000116.332 INFO             PET0 PIOc_sync Exit - MemInfo: [/proc/self/status]	VmData:	   45388 kB
20220312 000116.333 INFO             PET0 PIOc_sync Exit - MemInfo: [/proc/self/status]	VmStk:	     508 kB
20220312 000116.333 INFO             PET0 PIOc_sync Exit - MemInfo: [/proc/self/status]	VmExe:	    1936 kB
20220312 000116.333 INFO             PET0 PIOc_sync Exit - MemInfo: [/proc/self/status]	VmLib:	   93984 kB
20220312 000116.333 INFO             PET0 PIOc_sync Exit - MemInfo: [/proc/self/status]	VmPTE:	     460 kB
20220312 000116.333 INFO             PET0 PIOc_sync Exit - MemInfo: [/proc/self/status]	VmPMD:	      12 kB
20220312 000116.333 INFO             PET0 PIOc_sync Exit - MemInfo: [/proc/self/status]	VmSwap:	       0 kB
20220312 000116.333 INFO             PET0 PIOc_sync Exit - MemInfo: [/proc/self/status]	VmRSSPercent: 0.0575439 %
20220312 000116.333 INFO             PET0 PIOc_sync Exit - MemInfo: [malloc] Non-mmapped space allocated:                22007808 Byte
20220312 000116.333 INFO             PET0 PIOc_sync Exit - MemInfo: [malloc] Space allocated in mmapped regions:          3026944 Byte
20220312 000116.333 INFO             PET0 PIOc_sync Exit - MemInfo: [malloc] Maximum total allocated space:                     0 Byte
20220312 000116.333 INFO             PET0 PIOc_sync Exit - MemInfo: [malloc] Space in freed fastbin blocks:                     0 Byte
20220312 000116.333 INFO             PET0 PIOc_sync Exit - MemInfo: [malloc] Total allocated space:                      11293808 Byte
20220312 000116.333 INFO             PET0 PIOc_sync Exit - MemInfo: [malloc] Total free space:                           10714000 Byte
20220312 000116.333 INFO             PET0 PIOc_sync Exit - MemInfo: [malloc] Top-most, releasable space:                  6361712 Byte
20220312 000116.333 INFO             PET0 PIOc_sync Exit - MemInfo: [malloc] Total space in use, mmap + non-mmap:        14320752 Byte
20220312 000116.333 INFO             PET0 PIOc_sync Exit - MemInfo: [malloc] Total space held (mmap + non-mmap):         25034752 Byte
20220312 000116.333 INFO             PET0 PIOc_sync Exit - MemInfo: [malloc] Total space used (mmap + non-mmap):         14329072 Byte
20220312 000116.333 INFO             PET0 PIOc_sync Exit - MemInfo: Wall-clock time since execution start:               0.378948 seconds
20220312 000116.333 INFO             PET0 PIOc_freedecomp Enter - MemInfo: [/proc/meminfo - SSI]	MemTotal:       65855856 kB
20220312 000116.333 INFO             PET0 PIOc_freedecomp Enter - MemInfo: [/proc/meminfo - SSI]	MemFree:        61110968 kB
20220312 000116.333 INFO             PET0 PIOc_freedecomp Enter - MemInfo: [/proc/meminfo - SSI]	MemAvailable:   60898436 kB
20220312 000116.333 INFO             PET0 PIOc_freedecomp Enter - MemInfo: [/proc/meminfo - SSI]	Committed_AS:    2994812 kB
20220312 000116.333 INFO             PET0 PIOc_freedecomp Enter - MemInfo: [/proc/meminfo - SSI]	CommittedPercent: 4.54753 %
20220312 000116.333 INFO             PET0 PIOc_freedecomp Enter - MemInfo: [/proc/self/status]	VmPeak:	  307460 kB
20220312 000116.333 INFO             PET0 PIOc_freedecomp Enter - MemInfo: [/proc/self/status]	VmSize:	  307460 kB
20220312 000116.333 INFO             PET0 PIOc_freedecomp Enter - MemInfo: [/proc/self/status]	VmLck:	       0 kB
20220312 000116.333 INFO             PET0 PIOc_freedecomp Enter - MemInfo: [/proc/self/status]	VmPin:	       0 kB
20220312 000116.333 INFO             PET0 PIOc_freedecomp Enter - MemInfo: [/proc/self/status]	VmHWM:	   38140 kB
20220312 000116.333 INFO             PET0 PIOc_freedecomp Enter - MemInfo: [/proc/self/status]	VmRSS:	   38140 kB
20220312 000116.333 INFO             PET0 PIOc_freedecomp Enter - MemInfo: [/proc/self/status]	VmData:	   45388 kB
20220312 000116.333 INFO             PET0 PIOc_freedecomp Enter - MemInfo: [/proc/self/status]	VmStk:	     508 kB
20220312 000116.333 INFO             PET0 PIOc_freedecomp Enter - MemInfo: [/proc/self/status]	VmExe:	    1936 kB
20220312 000116.333 INFO             PET0 PIOc_freedecomp Enter - MemInfo: [/proc/self/status]	VmLib:	   93984 kB
20220312 000116.333 INFO             PET0 PIOc_freedecomp Enter - MemInfo: [/proc/self/status]	VmPTE:	     460 kB
20220312 000116.333 INFO             PET0 PIOc_freedecomp Enter - MemInfo: [/proc/self/status]	VmPMD:	      12 kB
20220312 000116.333 INFO             PET0 PIOc_freedecomp Enter - MemInfo: [/proc/self/status]	VmSwap:	       0 kB
20220312 000116.333 INFO             PET0 PIOc_freedecomp Enter - MemInfo: [/proc/self/status]	VmRSSPercent: 0.0579144 %
20220312 000116.333 INFO             PET0 PIOc_freedecomp Enter - MemInfo: [malloc] Non-mmapped space allocated:                22007808 Byte
20220312 000116.333 INFO             PET0 PIOc_freedecomp Enter - MemInfo: [malloc] Space allocated in mmapped regions:          3026944 Byte
20220312 000116.333 INFO             PET0 PIOc_freedecomp Enter - MemInfo: [malloc] Maximum total allocated space:                     0 Byte
20220312 000116.333 INFO             PET0 PIOc_freedecomp Enter - MemInfo: [malloc] Space in freed fastbin blocks:                   112 Byte
20220312 000116.333 INFO             PET0 PIOc_freedecomp Enter - MemInfo: [malloc] Total allocated space:                       2370400 Byte
20220312 000116.333 INFO             PET0 PIOc_freedecomp Enter - MemInfo: [malloc] Total free space:                           19637408 Byte
20220312 000116.333 INFO             PET0 PIOc_freedecomp Enter - MemInfo: [malloc] Top-most, releasable space:                 14750336 Byte
20220312 000116.333 INFO             PET0 PIOc_freedecomp Enter - MemInfo: [malloc] Total space in use, mmap + non-mmap:         5397344 Byte
20220312 000116.333 INFO             PET0 PIOc_freedecomp Enter - MemInfo: [malloc] Total space held (mmap + non-mmap):         25034752 Byte
20220312 000116.333 INFO             PET0 PIOc_freedecomp Enter - MemInfo: [malloc] Total space used (mmap + non-mmap):          5405776 Byte
20220312 000116.333 INFO             PET0 PIOc_freedecomp Enter - MemInfo: Wall-clock time since execution start:               0.379429 seconds
20220312 000116.333 INFO             PET0 PIOc_freedecomp Exit - MemInfo: [/proc/meminfo - SSI]	MemTotal:       65855856 kB
20220312 000116.333 INFO             PET0 PIOc_freedecomp Exit - MemInfo: [/proc/meminfo - SSI]	MemFree:        61110968 kB
20220312 000116.333 INFO             PET0 PIOc_freedecomp Exit - MemInfo: [/proc/meminfo - SSI]	MemAvailable:   60898436 kB
20220312 000116.333 INFO             PET0 PIOc_freedecomp Exit - MemInfo: [/proc/meminfo - SSI]	Committed_AS:    2994812 kB
20220312 000116.333 INFO             PET0 PIOc_freedecomp Exit - MemInfo: [/proc/meminfo - SSI]	CommittedPercent: 4.54753 %
20220312 000116.333 INFO             PET0 PIOc_freedecomp Exit - MemInfo: [/proc/self/status]	VmPeak:	  307460 kB
20220312 000116.333 INFO             PET0 PIOc_freedecomp Exit - MemInfo: [/proc/self/status]	VmSize:	  307460 kB
20220312 000116.333 INFO             PET0 PIOc_freedecomp Exit - MemInfo: [/proc/self/status]	VmLck:	       0 kB
20220312 000116.333 INFO             PET0 PIOc_freedecomp Exit - MemInfo: [/proc/self/status]	VmPin:	       0 kB
20220312 000116.333 INFO             PET0 PIOc_freedecomp Exit - MemInfo: [/proc/self/status]	VmHWM:	   38140 kB
20220312 000116.333 INFO             PET0 PIOc_freedecomp Exit - MemInfo: [/proc/self/status]	VmRSS:	   38140 kB
20220312 000116.333 INFO             PET0 PIOc_freedecomp Exit - MemInfo: [/proc/self/status]	VmData:	   45388 kB
20220312 000116.333 INFO             PET0 PIOc_freedecomp Exit - MemInfo: [/proc/self/status]	VmStk:	     508 kB
20220312 000116.333 INFO             PET0 PIOc_freedecomp Exit - MemInfo: [/proc/self/status]	VmExe:	    1936 kB
20220312 000116.333 INFO             PET0 PIOc_freedecomp Exit - MemInfo: [/proc/self/status]	VmLib:	   93984 kB
20220312 000116.333 INFO             PET0 PIOc_freedecomp Exit - MemInfo: [/proc/self/status]	VmPTE:	     460 kB
20220312 000116.333 INFO             PET0 PIOc_freedecomp Exit - MemInfo: [/proc/self/status]	VmPMD:	      12 kB
20220312 000116.333 INFO             PET0 PIOc_freedecomp Exit - MemInfo: [/proc/self/status]	VmSwap:	       0 kB
20220312 000116.333 INFO             PET0 PIOc_freedecomp Exit - MemInfo: [/proc/self/status]	VmRSSPercent: 0.0579144 %
20220312 000116.333 INFO             PET0 PIOc_freedecomp Exit - MemInfo: [malloc] Non-mmapped space allocated:                22007808 Byte
20220312 000116.333 INFO             PET0 PIOc_freedecomp Exit - MemInfo: [malloc] Space allocated in mmapped regions:          3026944 Byte
20220312 000116.333 INFO             PET0 PIOc_freedecomp Exit - MemInfo: [malloc] Maximum total allocated space:                     0 Byte
20220312 000116.333 INFO             PET0 PIOc_freedecomp Exit - MemInfo: [malloc] Space in freed fastbin blocks:                   640 Byte
20220312 000116.333 INFO             PET0 PIOc_freedecomp Exit - MemInfo: [malloc] Total allocated space:                       2370320 Byte
20220312 000116.333 INFO             PET0 PIOc_freedecomp Exit - MemInfo: [malloc] Total free space:                           19637488 Byte
20220312 000116.333 INFO             PET0 PIOc_freedecomp Exit - MemInfo: [malloc] Top-most, releasable space:                 14750336 Byte
20220312 000116.333 INFO             PET0 PIOc_freedecomp Exit - MemInfo: [malloc] Total space in use, mmap + non-mmap:         5397264 Byte
20220312 000116.333 INFO             PET0 PIOc_freedecomp Exit - MemInfo: [malloc] Total space held (mmap + non-mmap):         25034752 Byte
20220312 000116.333 INFO             PET0 PIOc_freedecomp Exit - MemInfo: [malloc] Total space used (mmap + non-mmap):          5405472 Byte
20220312 000116.333 INFO             PET0 PIOc_freedecomp Exit - MemInfo: Wall-clock time since execution start:                0.37974 seconds
20220312 000116.335 INFO             PET0 PIOc_sync Enter - MemInfo: [/proc/meminfo - SSI]	MemTotal:       65855856 kB
20220312 000116.335 INFO             PET0 PIOc_sync Enter - MemInfo: [/proc/meminfo - SSI]	MemFree:        61110968 kB
20220312 000116.335 INFO             PET0 PIOc_sync Enter - MemInfo: [/proc/meminfo - SSI]	MemAvailable:   60898436 kB
20220312 000116.335 INFO             PET0 PIOc_sync Enter - MemInfo: [/proc/meminfo - SSI]	Committed_AS:    2994812 kB
20220312 000116.335 INFO             PET0 PIOc_sync Enter - MemInfo: [/proc/meminfo - SSI]	CommittedPercent: 4.54753 %
20220312 000116.335 INFO             PET0 PIOc_sync Enter - MemInfo: [/proc/self/status]	VmPeak:	  307460 kB
20220312 000116.335 INFO             PET0 PIOc_sync Enter - MemInfo: [/proc/self/status]	VmSize:	  307436 kB
20220312 000116.335 INFO             PET0 PIOc_sync Enter - MemInfo: [/proc/self/status]	VmLck:	       0 kB
20220312 000116.335 INFO             PET0 PIOc_sync Enter - MemInfo: [/proc/self/status]	VmPin:	       0 kB
20220312 000116.335 INFO             PET0 PIOc_sync Enter - MemInfo: [/proc/self/status]	VmHWM:	   38140 kB
20220312 000116.335 INFO             PET0 PIOc_sync Enter - MemInfo: [/proc/self/status]	VmRSS:	   38128 kB
20220312 000116.335 INFO             PET0 PIOc_sync Enter - MemInfo: [/proc/self/status]	VmData:	   45388 kB
20220312 000116.335 INFO             PET0 PIOc_sync Enter - MemInfo: [/proc/self/status]	VmStk:	     508 kB
20220312 000116.335 INFO             PET0 PIOc_sync Enter - MemInfo: [/proc/self/status]	VmExe:	    1936 kB
20220312 000116.335 INFO             PET0 PIOc_sync Enter - MemInfo: [/proc/self/status]	VmLib:	   93984 kB
20220312 000116.335 INFO             PET0 PIOc_sync Enter - MemInfo: [/proc/self/status]	VmPTE:	     460 kB
20220312 000116.335 INFO             PET0 PIOc_sync Enter - MemInfo: [/proc/self/status]	VmPMD:	      12 kB
20220312 000116.335 INFO             PET0 PIOc_sync Enter - MemInfo: [/proc/self/status]	VmSwap:	       0 kB
20220312 000116.335 INFO             PET0 PIOc_sync Enter - MemInfo: [/proc/self/status]	VmRSSPercent: 0.0578961 %
20220312 000116.335 INFO             PET0 PIOc_sync Enter - MemInfo: [malloc] Non-mmapped space allocated:                22007808 Byte
20220312 000116.335 INFO             PET0 PIOc_sync Enter - MemInfo: [malloc] Space allocated in mmapped regions:          3026944 Byte
20220312 000116.335 INFO             PET0 PIOc_sync Enter - MemInfo: [malloc] Maximum total allocated space:                     0 Byte
20220312 000116.335 INFO             PET0 PIOc_sync Enter - MemInfo: [malloc] Space in freed fastbin blocks:                   464 Byte
20220312 000116.335 INFO             PET0 PIOc_sync Enter - MemInfo: [malloc] Total allocated space:                      11296368 Byte
20220312 000116.335 INFO             PET0 PIOc_sync Enter - MemInfo: [malloc] Total free space:                           10711440 Byte
20220312 000116.335 INFO             PET0 PIOc_sync Enter - MemInfo: [malloc] Top-most, releasable space:                  6361712 Byte
20220312 000116.335 INFO             PET0 PIOc_sync Enter - MemInfo: [malloc] Total space in use, mmap + non-mmap:        14323312 Byte
20220312 000116.335 INFO             PET0 PIOc_sync Enter - MemInfo: [malloc] Total space held (mmap + non-mmap):         25034752 Byte
20220312 000116.335 INFO             PET0 PIOc_sync Enter - MemInfo: [malloc] Total space used (mmap + non-mmap):         14331520 Byte
20220312 000116.335 INFO             PET0 PIOc_sync Enter - MemInfo: Wall-clock time since execution start:               0.381503 seconds
20220312 000116.335 INFO             PET0 PIOc_sync Exit - MemInfo: [/proc/meminfo - SSI]	MemTotal:       65855856 kB
20220312 000116.335 INFO             PET0 PIOc_sync Exit - MemInfo: [/proc/meminfo - SSI]	MemFree:        61110968 kB
20220312 000116.335 INFO             PET0 PIOc_sync Exit - MemInfo: [/proc/meminfo - SSI]	MemAvailable:   60898436 kB
20220312 000116.335 INFO             PET0 PIOc_sync Exit - MemInfo: [/proc/meminfo - SSI]	Committed_AS:    2994812 kB
20220312 000116.335 INFO             PET0 PIOc_sync Exit - MemInfo: [/proc/meminfo - SSI]	CommittedPercent: 4.54753 %
20220312 000116.335 INFO             PET0 PIOc_sync Exit - MemInfo: [/proc/self/status]	VmPeak:	  307460 kB
20220312 000116.335 INFO             PET0 PIOc_sync Exit - MemInfo: [/proc/self/status]	VmSize:	  307436 kB
20220312 000116.335 INFO             PET0 PIOc_sync Exit - MemInfo: [/proc/self/status]	VmLck:	       0 kB
20220312 000116.335 INFO             PET0 PIOc_sync Exit - MemInfo: [/proc/self/status]	VmPin:	       0 kB
20220312 000116.335 INFO             PET0 PIOc_sync Exit - MemInfo: [/proc/self/status]	VmHWM:	   38140 kB
20220312 000116.335 INFO             PET0 PIOc_sync Exit - MemInfo: [/proc/self/status]	VmRSS:	   38128 kB
20220312 000116.335 INFO             PET0 PIOc_sync Exit - MemInfo: [/proc/self/status]	VmData:	   45388 kB
20220312 000116.335 INFO             PET0 PIOc_sync Exit - MemInfo: [/proc/self/status]	VmStk:	     508 kB
20220312 000116.335 INFO             PET0 PIOc_sync Exit - MemInfo: [/proc/self/status]	VmExe:	    1936 kB
20220312 000116.335 INFO             PET0 PIOc_sync Exit - MemInfo: [/proc/self/status]	VmLib:	   93984 kB
20220312 000116.335 INFO             PET0 PIOc_sync Exit - MemInfo: [/proc/self/status]	VmPTE:	     460 kB
20220312 000116.335 INFO             PET0 PIOc_sync Exit - MemInfo: [/proc/self/status]	VmPMD:	      12 kB
20220312 000116.335 INFO             PET0 PIOc_sync Exit - MemInfo: [/proc/self/status]	VmSwap:	       0 kB
20220312 000116.336 INFO             PET0 PIOc_sync Exit - MemInfo: [/proc/self/status]	VmRSSPercent: 0.0578961 %
20220312 000116.336 INFO             PET0 PIOc_sync Exit - MemInfo: [malloc] Non-mmapped space allocated:                22007808 Byte
20220312 000116.336 INFO             PET0 PIOc_sync Exit - MemInfo: [malloc] Space allocated in mmapped regions:          3026944 Byte
20220312 000116.336 INFO             PET0 PIOc_sync Exit - MemInfo: [malloc] Maximum total allocated space:                     0 Byte
20220312 000116.336 INFO             PET0 PIOc_sync Exit - MemInfo: [malloc] Space in freed fastbin blocks:                     0 Byte
20220312 000116.336 INFO             PET0 PIOc_sync Exit - MemInfo: [malloc] Total allocated space:                      11297648 Byte
20220312 000116.336 INFO             PET0 PIOc_sync Exit - MemInfo: [malloc] Total free space:                           10710160 Byte
20220312 000116.336 INFO             PET0 PIOc_sync Exit - MemInfo: [malloc] Top-most, releasable space:                  6361712 Byte
20220312 000116.336 INFO             PET0 PIOc_sync Exit - MemInfo: [malloc] Total space in use, mmap + non-mmap:        14324592 Byte
20220312 000116.336 INFO             PET0 PIOc_sync Exit - MemInfo: [malloc] Total space held (mmap + non-mmap):         25034752 Byte
20220312 000116.336 INFO             PET0 PIOc_sync Exit - MemInfo: [malloc] Total space used (mmap + non-mmap):         14332912 Byte
20220312 000116.336 INFO             PET0 PIOc_sync Exit - MemInfo: Wall-clock time since execution start:               0.381969 seconds
20220312 000116.336 INFO             PET0 PIOc_freedecomp Enter - MemInfo: [/proc/meminfo - SSI]	MemTotal:       65855856 kB
20220312 000116.336 INFO             PET0 PIOc_freedecomp Enter - MemInfo: [/proc/meminfo - SSI]	MemFree:        61110968 kB
20220312 000116.336 INFO             PET0 PIOc_freedecomp Enter - MemInfo: [/proc/meminfo - SSI]	MemAvailable:   60898436 kB
20220312 000116.336 INFO             PET0 PIOc_freedecomp Enter - MemInfo: [/proc/meminfo - SSI]	Committed_AS:    2994812 kB
20220312 000116.336 INFO             PET0 PIOc_freedecomp Enter - MemInfo: [/proc/meminfo - SSI]	CommittedPercent: 4.54753 %
20220312 000116.336 INFO             PET0 PIOc_freedecomp Enter - MemInfo: [/proc/self/status]	VmPeak:	  307460 kB
20220312 000116.336 INFO             PET0 PIOc_freedecomp Enter - MemInfo: [/proc/self/status]	VmSize:	  307436 kB
20220312 000116.336 INFO             PET0 PIOc_freedecomp Enter - MemInfo: [/proc/self/status]	VmLck:	       0 kB
20220312 000116.336 INFO             PET0 PIOc_freedecomp Enter - MemInfo: [/proc/self/status]	VmPin:	       0 kB
20220312 000116.336 INFO             PET0 PIOc_freedecomp Enter - MemInfo: [/proc/self/status]	VmHWM:	   38140 kB
20220312 000116.336 INFO             PET0 PIOc_freedecomp Enter - MemInfo: [/proc/self/status]	VmRSS:	   38128 kB
20220312 000116.336 INFO             PET0 PIOc_freedecomp Enter - MemInfo: [/proc/self/status]	VmData:	   45388 kB
20220312 000116.336 INFO             PET0 PIOc_freedecomp Enter - MemInfo: [/proc/self/status]	VmStk:	     508 kB
20220312 000116.336 INFO             PET0 PIOc_freedecomp Enter - MemInfo: [/proc/self/status]	VmExe:	    1936 kB
20220312 000116.336 INFO             PET0 PIOc_freedecomp Enter - MemInfo: [/proc/self/status]	VmLib:	   93984 kB
20220312 000116.336 INFO             PET0 PIOc_freedecomp Enter - MemInfo: [/proc/self/status]	VmPTE:	     460 kB
20220312 000116.336 INFO             PET0 PIOc_freedecomp Enter - MemInfo: [/proc/self/status]	VmPMD:	      12 kB
20220312 000116.336 INFO             PET0 PIOc_freedecomp Enter - MemInfo: [/proc/self/status]	VmSwap:	       0 kB
20220312 000116.336 INFO             PET0 PIOc_freedecomp Enter - MemInfo: [/proc/self/status]	VmRSSPercent: 0.0578961 %
20220312 000116.336 INFO             PET0 PIOc_freedecomp Enter - MemInfo: [malloc] Non-mmapped space allocated:                22007808 Byte
20220312 000116.336 INFO             PET0 PIOc_freedecomp Enter - MemInfo: [malloc] Space allocated in mmapped regions:          3026944 Byte
20220312 000116.336 INFO             PET0 PIOc_freedecomp Enter - MemInfo: [malloc] Maximum total allocated space:                     0 Byte
20220312 000116.336 INFO             PET0 PIOc_freedecomp Enter - MemInfo: [malloc] Space in freed fastbin blocks:                   272 Byte
20220312 000116.336 INFO             PET0 PIOc_freedecomp Enter - MemInfo: [malloc] Total allocated space:                       2373328 Byte
20220312 000116.336 INFO             PET0 PIOc_freedecomp Enter - MemInfo: [malloc] Total free space:                           19634480 Byte
20220312 000116.336 INFO             PET0 PIOc_freedecomp Enter - MemInfo: [malloc] Top-most, releasable space:                 14750336 Byte
20220312 000116.336 INFO             PET0 PIOc_freedecomp Enter - MemInfo: [malloc] Total space in use, mmap + non-mmap:         5400272 Byte
20220312 000116.336 INFO             PET0 PIOc_freedecomp Enter - MemInfo: [malloc] Total space held (mmap + non-mmap):         25034752 Byte
20220312 000116.336 INFO             PET0 PIOc_freedecomp Enter - MemInfo: [malloc] Total space used (mmap + non-mmap):          5408480 Byte
20220312 000116.336 INFO             PET0 PIOc_freedecomp Enter - MemInfo: Wall-clock time since execution start:               0.382414 seconds
20220312 000116.336 INFO             PET0 PIOc_freedecomp Exit - MemInfo: [/proc/meminfo - SSI]	MemTotal:       65855856 kB
20220312 000116.336 INFO             PET0 PIOc_freedecomp Exit - MemInfo: [/proc/meminfo - SSI]	MemFree:        61110968 kB
20220312 000116.336 INFO             PET0 PIOc_freedecomp Exit - MemInfo: [/proc/meminfo - SSI]	MemAvailable:   60898436 kB
20220312 000116.336 INFO             PET0 PIOc_freedecomp Exit - MemInfo: [/proc/meminfo - SSI]	Committed_AS:    2994812 kB
20220312 000116.336 INFO             PET0 PIOc_freedecomp Exit - MemInfo: [/proc/meminfo - SSI]	CommittedPercent: 4.54753 %
20220312 000116.336 INFO             PET0 PIOc_freedecomp Exit - MemInfo: [/proc/self/status]	VmPeak:	  307460 kB
20220312 000116.336 INFO             PET0 PIOc_freedecomp Exit - MemInfo: [/proc/self/status]	VmSize:	  307436 kB
20220312 000116.336 INFO             PET0 PIOc_freedecomp Exit - MemInfo: [/proc/self/status]	VmLck:	       0 kB
20220312 000116.336 INFO             PET0 PIOc_freedecomp Exit - MemInfo: [/proc/self/status]	VmPin:	       0 kB
20220312 000116.336 INFO             PET0 PIOc_freedecomp Exit - MemInfo: [/proc/self/status]	VmHWM:	   38140 kB
20220312 000116.336 INFO             PET0 PIOc_freedecomp Exit - MemInfo: [/proc/self/status]	VmRSS:	   38128 kB
20220312 000116.336 INFO             PET0 PIOc_freedecomp Exit - MemInfo: [/proc/self/status]	VmData:	   45388 kB
20220312 000116.336 INFO             PET0 PIOc_freedecomp Exit - MemInfo: [/proc/self/status]	VmStk:	     508 kB
20220312 000116.336 INFO             PET0 PIOc_freedecomp Exit - MemInfo: [/proc/self/status]	VmExe:	    1936 kB
20220312 000116.336 INFO             PET0 PIOc_freedecomp Exit - MemInfo: [/proc/self/status]	VmLib:	   93984 kB
20220312 000116.336 INFO             PET0 PIOc_freedecomp Exit - MemInfo: [/proc/self/status]	VmPTE:	     460 kB
20220312 000116.336 INFO             PET0 PIOc_freedecomp Exit - MemInfo: [/proc/self/status]	VmPMD:	      12 kB
20220312 000116.336 INFO             PET0 PIOc_freedecomp Exit - MemInfo: [/proc/self/status]	VmSwap:	       0 kB
20220312 000116.336 INFO             PET0 PIOc_freedecomp Exit - MemInfo: [/proc/self/status]	VmRSSPercent: 0.0578961 %
20220312 000116.336 INFO             PET0 PIOc_freedecomp Exit - MemInfo: [malloc] Non-mmapped space allocated:                22007808 Byte
20220312 000116.336 INFO             PET0 PIOc_freedecomp Exit - MemInfo: [malloc] Space allocated in mmapped regions:          3026944 Byte
20220312 000116.336 INFO             PET0 PIOc_freedecomp Exit - MemInfo: [malloc] Maximum total allocated space:                     0 Byte
20220312 000116.336 INFO             PET0 PIOc_freedecomp Exit - MemInfo: [malloc] Space in freed fastbin blocks:                  1344 Byte
20220312 000116.336 INFO             PET0 PIOc_freedecomp Exit - MemInfo: [malloc] Total allocated space:                       2371840 Byte
20220312 000116.336 INFO             PET0 PIOc_freedecomp Exit - MemInfo: [malloc] Total free space:                           19635968 Byte
20220312 000116.336 INFO             PET0 PIOc_freedecomp Exit - MemInfo: [malloc] Top-most, releasable space:                 14750336 Byte
20220312 000116.336 INFO             PET0 PIOc_freedecomp Exit - MemInfo: [malloc] Total space in use, mmap + non-mmap:         5398784 Byte
20220312 000116.336 INFO             PET0 PIOc_freedecomp Exit - MemInfo: [malloc] Total space held (mmap + non-mmap):         25034752 Byte
20220312 000116.336 INFO             PET0 PIOc_freedecomp Exit - MemInfo: [malloc] Total space used (mmap + non-mmap):          5406992 Byte
20220312 000116.336 INFO             PET0 PIOc_freedecomp Exit - MemInfo: Wall-clock time since execution start:                0.38268 seconds
20220312 000116.338 INFO             PET0 PIOc_sync Enter - MemInfo: [/proc/meminfo - SSI]	MemTotal:       65855856 kB
20220312 000116.338 INFO             PET0 PIOc_sync Enter - MemInfo: [/proc/meminfo - SSI]	MemFree:        61110968 kB
20220312 000116.338 INFO             PET0 PIOc_sync Enter - MemInfo: [/proc/meminfo - SSI]	MemAvailable:   60898436 kB
20220312 000116.338 INFO             PET0 PIOc_sync Enter - MemInfo: [/proc/meminfo - SSI]	Committed_AS:    2994812 kB
20220312 000116.338 INFO             PET0 PIOc_sync Enter - MemInfo: [/proc/meminfo - SSI]	CommittedPercent: 4.54753 %
20220312 000116.338 INFO             PET0 PIOc_sync Enter - MemInfo: [/proc/self/status]	VmPeak:	  307460 kB
20220312 000116.338 INFO             PET0 PIOc_sync Enter - MemInfo: [/proc/self/status]	VmSize:	  307436 kB
20220312 000116.338 INFO             PET0 PIOc_sync Enter - MemInfo: [/proc/self/status]	VmLck:	       0 kB
20220312 000116.338 INFO             PET0 PIOc_sync Enter - MemInfo: [/proc/self/status]	VmPin:	       0 kB
20220312 000116.338 INFO             PET0 PIOc_sync Enter - MemInfo: [/proc/self/status]	VmHWM:	   38140 kB
20220312 000116.338 INFO             PET0 PIOc_sync Enter - MemInfo: [/proc/self/status]	VmRSS:	   38128 kB
20220312 000116.338 INFO             PET0 PIOc_sync Enter - MemInfo: [/proc/self/status]	VmData:	   45388 kB
20220312 000116.338 INFO             PET0 PIOc_sync Enter - MemInfo: [/proc/self/status]	VmStk:	     508 kB
20220312 000116.338 INFO             PET0 PIOc_sync Enter - MemInfo: [/proc/self/status]	VmExe:	    1936 kB
20220312 000116.338 INFO             PET0 PIOc_sync Enter - MemInfo: [/proc/self/status]	VmLib:	   93984 kB
20220312 000116.338 INFO             PET0 PIOc_sync Enter - MemInfo: [/proc/self/status]	VmPTE:	     460 kB
20220312 000116.338 INFO             PET0 PIOc_sync Enter - MemInfo: [/proc/self/status]	VmPMD:	      12 kB
20220312 000116.338 INFO             PET0 PIOc_sync Enter - MemInfo: [/proc/self/status]	VmSwap:	       0 kB
20220312 000116.338 INFO             PET0 PIOc_sync Enter - MemInfo: [/proc/self/status]	VmRSSPercent: 0.0578961 %
20220312 000116.338 INFO             PET0 PIOc_sync Enter - MemInfo: [malloc] Non-mmapped space allocated:                22007808 Byte
20220312 000116.338 INFO             PET0 PIOc_sync Enter - MemInfo: [malloc] Space allocated in mmapped regions:          3026944 Byte
20220312 000116.338 INFO             PET0 PIOc_sync Enter - MemInfo: [malloc] Maximum total allocated space:                     0 Byte
20220312 000116.338 INFO             PET0 PIOc_sync Enter - MemInfo: [malloc] Space in freed fastbin blocks:                  1200 Byte
20220312 000116.338 INFO             PET0 PIOc_sync Enter - MemInfo: [malloc] Total allocated space:                      11299152 Byte
20220312 000116.338 INFO             PET0 PIOc_sync Enter - MemInfo: [malloc] Total free space:                           10708656 Byte
20220312 000116.338 INFO             PET0 PIOc_sync Enter - MemInfo: [malloc] Top-most, releasable space:                  6361712 Byte
20220312 000116.338 INFO             PET0 PIOc_sync Enter - MemInfo: [malloc] Total space in use, mmap + non-mmap:        14326096 Byte
20220312 000116.338 INFO             PET0 PIOc_sync Enter - MemInfo: [malloc] Total space held (mmap + non-mmap):         25034752 Byte
20220312 000116.338 INFO             PET0 PIOc_sync Enter - MemInfo: [malloc] Total space used (mmap + non-mmap):         14334304 Byte
20220312 000116.338 INFO             PET0 PIOc_sync Enter - MemInfo: Wall-clock time since execution start:               0.384243 seconds
20220312 000116.338 INFO             PET0 PIOc_sync Exit - MemInfo: [/proc/meminfo - SSI]	MemTotal:       65855856 kB
20220312 000116.338 INFO             PET0 PIOc_sync Exit - MemInfo: [/proc/meminfo - SSI]	MemFree:        61110968 kB
20220312 000116.338 INFO             PET0 PIOc_sync Exit - MemInfo: [/proc/meminfo - SSI]	MemAvailable:   60898436 kB
20220312 000116.338 INFO             PET0 PIOc_sync Exit - MemInfo: [/proc/meminfo - SSI]	Committed_AS:    2994812 kB
20220312 000116.338 INFO             PET0 PIOc_sync Exit - MemInfo: [/proc/meminfo - SSI]	CommittedPercent: 4.54753 %
20220312 000116.338 INFO             PET0 PIOc_sync Exit - MemInfo: [/proc/self/status]	VmPeak:	  307460 kB
20220312 000116.338 INFO             PET0 PIOc_sync Exit - MemInfo: [/proc/self/status]	VmSize:	  307436 kB
20220312 000116.338 INFO             PET0 PIOc_sync Exit - MemInfo: [/proc/self/status]	VmLck:	       0 kB
20220312 000116.338 INFO             PET0 PIOc_sync Exit - MemInfo: [/proc/self/status]	VmPin:	       0 kB
20220312 000116.338 INFO             PET0 PIOc_sync Exit - MemInfo: [/proc/self/status]	VmHWM:	   38140 kB
20220312 000116.338 INFO             PET0 PIOc_sync Exit - MemInfo: [/proc/self/status]	VmRSS:	   38128 kB
20220312 000116.338 INFO             PET0 PIOc_sync Exit - MemInfo: [/proc/self/status]	VmData:	   45388 kB
20220312 000116.338 INFO             PET0 PIOc_sync Exit - MemInfo: [/proc/self/status]	VmStk:	     508 kB
20220312 000116.338 INFO             PET0 PIOc_sync Exit - MemInfo: [/proc/self/status]	VmExe:	    1936 kB
20220312 000116.338 INFO             PET0 PIOc_sync Exit - MemInfo: [/proc/self/status]	VmLib:	   93984 kB
20220312 000116.338 INFO             PET0 PIOc_sync Exit - MemInfo: [/proc/self/status]	VmPTE:	     464 kB
20220312 000116.338 INFO             PET0 PIOc_sync Exit - MemInfo: [/proc/self/status]	VmPMD:	      12 kB
20220312 000116.338 INFO             PET0 PIOc_sync Exit - MemInfo: [/proc/self/status]	VmSwap:	       0 kB
20220312 000116.338 INFO             PET0 PIOc_sync Exit - MemInfo: [/proc/self/status]	VmRSSPercent: 0.0578961 %
20220312 000116.338 INFO             PET0 PIOc_sync Exit - MemInfo: [malloc] Non-mmapped space allocated:                22007808 Byte
20220312 000116.338 INFO             PET0 PIOc_sync Exit - MemInfo: [malloc] Space allocated in mmapped regions:          3026944 Byte
20220312 000116.338 INFO             PET0 PIOc_sync Exit - MemInfo: [malloc] Maximum total allocated space:                     0 Byte
20220312 000116.338 INFO             PET0 PIOc_sync Exit - MemInfo: [malloc] Space in freed fastbin blocks:                    32 Byte
20220312 000116.338 INFO             PET0 PIOc_sync Exit - MemInfo: [malloc] Total allocated space:                      11299904 Byte
20220312 000116.338 INFO             PET0 PIOc_sync Exit - MemInfo: [malloc] Total free space:                           10707904 Byte
20220312 000116.338 INFO             PET0 PIOc_sync Exit - MemInfo: [malloc] Top-most, releasable space:                  6361712 Byte
20220312 000116.338 INFO             PET0 PIOc_sync Exit - MemInfo: [malloc] Total space in use, mmap + non-mmap:        14326848 Byte
20220312 000116.338 INFO             PET0 PIOc_sync Exit - MemInfo: [malloc] Total space held (mmap + non-mmap):         25034752 Byte
20220312 000116.338 INFO             PET0 PIOc_sync Exit - MemInfo: [malloc] Total space used (mmap + non-mmap):         14335168 Byte
20220312 000116.338 INFO             PET0 PIOc_sync Exit - MemInfo: Wall-clock time since execution start:               0.384628 seconds
20220312 000116.338 INFO             PET0 PIOc_freedecomp Enter - MemInfo: [/proc/meminfo - SSI]	MemTotal:       65855856 kB
20220312 000116.338 INFO             PET0 PIOc_freedecomp Enter - MemInfo: [/proc/meminfo - SSI]	MemFree:        61110968 kB
20220312 000116.338 INFO             PET0 PIOc_freedecomp Enter - MemInfo: [/proc/meminfo - SSI]	MemAvailable:   60898436 kB
20220312 000116.338 INFO             PET0 PIOc_freedecomp Enter - MemInfo: [/proc/meminfo - SSI]	Committed_AS:    2994812 kB
20220312 000116.339 INFO             PET0 PIOc_freedecomp Enter - MemInfo: [/proc/meminfo - SSI]	CommittedPercent: 4.54753 %
20220312 000116.339 INFO             PET0 PIOc_freedecomp Enter - MemInfo: [/proc/self/status]	VmPeak:	  307460 kB
20220312 000116.339 INFO             PET0 PIOc_freedecomp Enter - MemInfo: [/proc/self/status]	VmSize:	  307436 kB
20220312 000116.339 INFO             PET0 PIOc_freedecomp Enter - MemInfo: [/proc/self/status]	VmLck:	       0 kB
20220312 000116.339 INFO             PET0 PIOc_freedecomp Enter - MemInfo: [/proc/self/status]	VmPin:	       0 kB
20220312 000116.339 INFO             PET0 PIOc_freedecomp Enter - MemInfo: [/proc/self/status]	VmHWM:	   38140 kB
20220312 000116.339 INFO             PET0 PIOc_freedecomp Enter - MemInfo: [/proc/self/status]	VmRSS:	   38128 kB
20220312 000116.339 INFO             PET0 PIOc_freedecomp Enter - MemInfo: [/proc/self/status]	VmData:	   45388 kB
20220312 000116.339 INFO             PET0 PIOc_freedecomp Enter - MemInfo: [/proc/self/status]	VmStk:	     508 kB
20220312 000116.339 INFO             PET0 PIOc_freedecomp Enter - MemInfo: [/proc/self/status]	VmExe:	    1936 kB
20220312 000116.339 INFO             PET0 PIOc_freedecomp Enter - MemInfo: [/proc/self/status]	VmLib:	   93984 kB
20220312 000116.339 INFO             PET0 PIOc_freedecomp Enter - MemInfo: [/proc/self/status]	VmPTE:	     464 kB
20220312 000116.339 INFO             PET0 PIOc_freedecomp Enter - MemInfo: [/proc/self/status]	VmPMD:	      12 kB
20220312 000116.339 INFO             PET0 PIOc_freedecomp Enter - MemInfo: [/proc/self/status]	VmSwap:	       0 kB
20220312 000116.339 INFO             PET0 PIOc_freedecomp Enter - MemInfo: [/proc/self/status]	VmRSSPercent: 0.0578961 %
20220312 000116.339 INFO             PET0 PIOc_freedecomp Enter - MemInfo: [malloc] Non-mmapped space allocated:                22007808 Byte
20220312 000116.339 INFO             PET0 PIOc_freedecomp Enter - MemInfo: [malloc] Space allocated in mmapped regions:          3026944 Byte
20220312 000116.339 INFO             PET0 PIOc_freedecomp Enter - MemInfo: [malloc] Maximum total allocated space:                     0 Byte
20220312 000116.339 INFO             PET0 PIOc_freedecomp Enter - MemInfo: [malloc] Space in freed fastbin blocks:                   272 Byte
20220312 000116.339 INFO             PET0 PIOc_freedecomp Enter - MemInfo: [malloc] Total allocated space:                       2374608 Byte
20220312 000116.339 INFO             PET0 PIOc_freedecomp Enter - MemInfo: [malloc] Total free space:                           19633200 Byte
20220312 000116.339 INFO             PET0 PIOc_freedecomp Enter - MemInfo: [malloc] Top-most, releasable space:                 14750336 Byte
20220312 000116.339 INFO             PET0 PIOc_freedecomp Enter - MemInfo: [malloc] Total space in use, mmap + non-mmap:         5401552 Byte
20220312 000116.339 INFO             PET0 PIOc_freedecomp Enter - MemInfo: [malloc] Total space held (mmap + non-mmap):         25034752 Byte
20220312 000116.339 INFO             PET0 PIOc_freedecomp Enter - MemInfo: [malloc] Total space used (mmap + non-mmap):          5409760 Byte
20220312 000116.339 INFO             PET0 PIOc_freedecomp Enter - MemInfo: Wall-clock time since execution start:               0.385064 seconds
20220312 000116.339 INFO             PET0 PIOc_freedecomp Exit - MemInfo: [/proc/meminfo - SSI]	MemTotal:       65855856 kB
20220312 000116.339 INFO             PET0 PIOc_freedecomp Exit - MemInfo: [/proc/meminfo - SSI]	MemFree:        61110968 kB
20220312 000116.339 INFO             PET0 PIOc_freedecomp Exit - MemInfo: [/proc/meminfo - SSI]	MemAvailable:   60898436 kB
20220312 000116.339 INFO             PET0 PIOc_freedecomp Exit - MemInfo: [/proc/meminfo - SSI]	Committed_AS:    2994812 kB
20220312 000116.339 INFO             PET0 PIOc_freedecomp Exit - MemInfo: [/proc/meminfo - SSI]	CommittedPercent: 4.54753 %
20220312 000116.339 INFO             PET0 PIOc_freedecomp Exit - MemInfo: [/proc/self/status]	VmPeak:	  307460 kB
20220312 000116.339 INFO             PET0 PIOc_freedecomp Exit - MemInfo: [/proc/self/status]	VmSize:	  307436 kB
20220312 000116.339 INFO             PET0 PIOc_freedecomp Exit - MemInfo: [/proc/self/status]	VmLck:	       0 kB
20220312 000116.339 INFO             PET0 PIOc_freedecomp Exit - MemInfo: [/proc/self/status]	VmPin:	       0 kB
20220312 000116.339 INFO             PET0 PIOc_freedecomp Exit - MemInfo: [/proc/self/status]	VmHWM:	   38140 kB
20220312 000116.339 INFO             PET0 PIOc_freedecomp Exit - MemInfo: [/proc/self/status]	VmRSS:	   38128 kB
20220312 000116.339 INFO             PET0 PIOc_freedecomp Exit - MemInfo: [/proc/self/status]	VmData:	   45388 kB
20220312 000116.339 INFO             PET0 PIOc_freedecomp Exit - MemInfo: [/proc/self/status]	VmStk:	     508 kB
20220312 000116.339 INFO             PET0 PIOc_freedecomp Exit - MemInfo: [/proc/self/status]	VmExe:	    1936 kB
20220312 000116.339 INFO             PET0 PIOc_freedecomp Exit - MemInfo: [/proc/self/status]	VmLib:	   93984 kB
20220312 000116.339 INFO             PET0 PIOc_freedecomp Exit - MemInfo: [/proc/self/status]	VmPTE:	     464 kB
20220312 000116.339 INFO             PET0 PIOc_freedecomp Exit - MemInfo: [/proc/self/status]	VmPMD:	      12 kB
20220312 000116.339 INFO             PET0 PIOc_freedecomp Exit - MemInfo: [/proc/self/status]	VmSwap:	       0 kB
20220312 000116.339 INFO             PET0 PIOc_freedecomp Exit - MemInfo: [/proc/self/status]	VmRSSPercent: 0.0578961 %
20220312 000116.339 INFO             PET0 PIOc_freedecomp Exit - MemInfo: [malloc] Non-mmapped space allocated:                22007808 Byte
20220312 000116.339 INFO             PET0 PIOc_freedecomp Exit - MemInfo: [malloc] Space allocated in mmapped regions:          3026944 Byte
20220312 000116.339 INFO             PET0 PIOc_freedecomp Exit - MemInfo: [malloc] Maximum total allocated space:                     0 Byte
20220312 000116.339 INFO             PET0 PIOc_freedecomp Exit - MemInfo: [malloc] Space in freed fastbin blocks:                  1328 Byte
20220312 000116.339 INFO             PET0 PIOc_freedecomp Exit - MemInfo: [malloc] Total allocated space:                       2373136 Byte
20220312 000116.339 INFO             PET0 PIOc_freedecomp Exit - MemInfo: [malloc] Total free space:                           19634672 Byte
20220312 000116.339 INFO             PET0 PIOc_freedecomp Exit - MemInfo: [malloc] Top-most, releasable space:                 14750336 Byte
20220312 000116.339 INFO             PET0 PIOc_freedecomp Exit - MemInfo: [malloc] Total space in use, mmap + non-mmap:         5400080 Byte
20220312 000116.339 INFO             PET0 PIOc_freedecomp Exit - MemInfo: [malloc] Total space held (mmap + non-mmap):         25034752 Byte
20220312 000116.339 INFO             PET0 PIOc_freedecomp Exit - MemInfo: [malloc] Total space used (mmap + non-mmap):          5408288 Byte
20220312 000116.339 INFO             PET0 PIOc_freedecomp Exit - MemInfo: Wall-clock time since execution start:               0.385351 seconds
20220312 000116.340 INFO             PET0 PIOc_sync Enter - MemInfo: [/proc/meminfo - SSI]	MemTotal:       65855856 kB
20220312 000116.340 INFO             PET0 PIOc_sync Enter - MemInfo: [/proc/meminfo - SSI]	MemFree:        61110968 kB
20220312 000116.340 INFO             PET0 PIOc_sync Enter - MemInfo: [/proc/meminfo - SSI]	MemAvailable:   60898436 kB
20220312 000116.340 INFO             PET0 PIOc_sync Enter - MemInfo: [/proc/meminfo - SSI]	Committed_AS:    2994812 kB
20220312 000116.340 INFO             PET0 PIOc_sync Enter - MemInfo: [/proc/meminfo - SSI]	CommittedPercent: 4.54753 %
20220312 000116.340 INFO             PET0 PIOc_sync Enter - MemInfo: [/proc/self/status]	VmPeak:	  307460 kB
20220312 000116.340 INFO             PET0 PIOc_sync Enter - MemInfo: [/proc/self/status]	VmSize:	  307436 kB
20220312 000116.340 INFO             PET0 PIOc_sync Enter - MemInfo: [/proc/self/status]	VmLck:	       0 kB
20220312 000116.340 INFO             PET0 PIOc_sync Enter - MemInfo: [/proc/self/status]	VmPin:	       0 kB
20220312 000116.340 INFO             PET0 PIOc_sync Enter - MemInfo: [/proc/self/status]	VmHWM:	   38140 kB
20220312 000116.340 INFO             PET0 PIOc_sync Enter - MemInfo: [/proc/self/status]	VmRSS:	   38128 kB
20220312 000116.340 INFO             PET0 PIOc_sync Enter - MemInfo: [/proc/self/status]	VmData:	   45388 kB
20220312 000116.340 INFO             PET0 PIOc_sync Enter - MemInfo: [/proc/self/status]	VmStk:	     508 kB
20220312 000116.340 INFO             PET0 PIOc_sync Enter - MemInfo: [/proc/self/status]	VmExe:	    1936 kB
20220312 000116.340 INFO             PET0 PIOc_sync Enter - MemInfo: [/proc/self/status]	VmLib:	   93984 kB
20220312 000116.340 INFO             PET0 PIOc_sync Enter - MemInfo: [/proc/self/status]	VmPTE:	     464 kB
20220312 000116.340 INFO             PET0 PIOc_sync Enter - MemInfo: [/proc/self/status]	VmPMD:	      12 kB
20220312 000116.340 INFO             PET0 PIOc_sync Enter - MemInfo: [/proc/self/status]	VmSwap:	       0 kB
20220312 000116.341 INFO             PET0 PIOc_sync Enter - MemInfo: [/proc/self/status]	VmRSSPercent: 0.0578961 %
20220312 000116.341 INFO             PET0 PIOc_sync Enter - MemInfo: [malloc] Non-mmapped space allocated:                22007808 Byte
20220312 000116.341 INFO             PET0 PIOc_sync Enter - MemInfo: [malloc] Space allocated in mmapped regions:          3026944 Byte
20220312 000116.341 INFO             PET0 PIOc_sync Enter - MemInfo: [malloc] Maximum total allocated space:                     0 Byte
20220312 000116.341 INFO             PET0 PIOc_sync Enter - MemInfo: [malloc] Space in freed fastbin blocks:                  1552 Byte
20220312 000116.341 INFO             PET0 PIOc_sync Enter - MemInfo: [malloc] Total allocated space:                      11300832 Byte
20220312 000116.341 INFO             PET0 PIOc_sync Enter - MemInfo: [malloc] Total free space:                           10706976 Byte
20220312 000116.341 INFO             PET0 PIOc_sync Enter - MemInfo: [malloc] Top-most, releasable space:                  6361712 Byte
20220312 000116.341 INFO             PET0 PIOc_sync Enter - MemInfo: [malloc] Total space in use, mmap + non-mmap:        14327776 Byte
20220312 000116.341 INFO             PET0 PIOc_sync Enter - MemInfo: [malloc] Total space held (mmap + non-mmap):         25034752 Byte
20220312 000116.341 INFO             PET0 PIOc_sync Enter - MemInfo: [malloc] Total space used (mmap + non-mmap):         14335984 Byte
20220312 000116.341 INFO             PET0 PIOc_sync Enter - MemInfo: Wall-clock time since execution start:               0.386908 seconds
20220312 000116.341 INFO             PET0 PIOc_sync Exit - MemInfo: [/proc/meminfo - SSI]	MemTotal:       65855856 kB
20220312 000116.341 INFO             PET0 PIOc_sync Exit - MemInfo: [/proc/meminfo - SSI]	MemFree:        61110968 kB
20220312 000116.341 INFO             PET0 PIOc_sync Exit - MemInfo: [/proc/meminfo - SSI]	MemAvailable:   60898436 kB
20220312 000116.341 INFO             PET0 PIOc_sync Exit - MemInfo: [/proc/meminfo - SSI]	Committed_AS:    2994812 kB
20220312 000116.341 INFO             PET0 PIOc_sync Exit - MemInfo: [/proc/meminfo - SSI]	CommittedPercent: 4.54753 %
20220312 000116.341 INFO             PET0 PIOc_sync Exit - MemInfo: [/proc/self/status]	VmPeak:	  307460 kB
20220312 000116.341 INFO             PET0 PIOc_sync Exit - MemInfo: [/proc/self/status]	VmSize:	  307436 kB
20220312 000116.341 INFO             PET0 PIOc_sync Exit - MemInfo: [/proc/self/status]	VmLck:	       0 kB
20220312 000116.341 INFO             PET0 PIOc_sync Exit - MemInfo: [/proc/self/status]	VmPin:	       0 kB
20220312 000116.341 INFO             PET0 PIOc_sync Exit - MemInfo: [/proc/self/status]	VmHWM:	   38140 kB
20220312 000116.341 INFO             PET0 PIOc_sync Exit - MemInfo: [/proc/self/status]	VmRSS:	   38128 kB
20220312 000116.341 INFO             PET0 PIOc_sync Exit - MemInfo: [/proc/self/status]	VmData:	   45388 kB
20220312 000116.341 INFO             PET0 PIOc_sync Exit - MemInfo: [/proc/self/status]	VmStk:	     508 kB
20220312 000116.341 INFO             PET0 PIOc_sync Exit - MemInfo: [/proc/self/status]	VmExe:	    1936 kB
20220312 000116.341 INFO             PET0 PIOc_sync Exit - MemInfo: [/proc/self/status]	VmLib:	   93984 kB
20220312 000116.341 INFO             PET0 PIOc_sync Exit - MemInfo: [/proc/self/status]	VmPTE:	     464 kB
20220312 000116.341 INFO             PET0 PIOc_sync Exit - MemInfo: [/proc/self/status]	VmPMD:	      12 kB
20220312 000116.341 INFO             PET0 PIOc_sync Exit - MemInfo: [/proc/self/status]	VmSwap:	       0 kB
20220312 000116.341 INFO             PET0 PIOc_sync Exit - MemInfo: [/proc/self/status]	VmRSSPercent: 0.0578961 %
20220312 000116.341 INFO             PET0 PIOc_sync Exit - MemInfo: [malloc] Non-mmapped space allocated:                22007808 Byte
20220312 000116.341 INFO             PET0 PIOc_sync Exit - MemInfo: [malloc] Space allocated in mmapped regions:          3026944 Byte
20220312 000116.341 INFO             PET0 PIOc_sync Exit - MemInfo: [malloc] Maximum total allocated space:                     0 Byte
20220312 000116.341 INFO             PET0 PIOc_sync Exit - MemInfo: [malloc] Space in freed fastbin blocks:                   144 Byte
20220312 000116.341 INFO             PET0 PIOc_sync Exit - MemInfo: [malloc] Total allocated space:                      11301840 Byte
20220312 000116.341 INFO             PET0 PIOc_sync Exit - MemInfo: [malloc] Total free space:                           10705968 Byte
20220312 000116.341 INFO             PET0 PIOc_sync Exit - MemInfo: [malloc] Top-most, releasable space:                  6361712 Byte
20220312 000116.341 INFO             PET0 PIOc_sync Exit - MemInfo: [malloc] Total space in use, mmap + non-mmap:        14328784 Byte
20220312 000116.341 INFO             PET0 PIOc_sync Exit - MemInfo: [malloc] Total space held (mmap + non-mmap):         25034752 Byte
20220312 000116.341 INFO             PET0 PIOc_sync Exit - MemInfo: [malloc] Total space used (mmap + non-mmap):         14337104 Byte
20220312 000116.341 INFO             PET0 PIOc_sync Exit - MemInfo: Wall-clock time since execution start:               0.387291 seconds
20220312 000116.341 INFO             PET0 PIOc_freedecomp Enter - MemInfo: [/proc/meminfo - SSI]	MemTotal:       65855856 kB
20220312 000116.341 INFO             PET0 PIOc_freedecomp Enter - MemInfo: [/proc/meminfo - SSI]	MemFree:        61110968 kB
20220312 000116.341 INFO             PET0 PIOc_freedecomp Enter - MemInfo: [/proc/meminfo - SSI]	MemAvailable:   60898436 kB
20220312 000116.341 INFO             PET0 PIOc_freedecomp Enter - MemInfo: [/proc/meminfo - SSI]	Committed_AS:    2994812 kB
20220312 000116.341 INFO             PET0 PIOc_freedecomp Enter - MemInfo: [/proc/meminfo - SSI]	CommittedPercent: 4.54753 %
20220312 000116.341 INFO             PET0 PIOc_freedecomp Enter - MemInfo: [/proc/self/status]	VmPeak:	  307460 kB
20220312 000116.341 INFO             PET0 PIOc_freedecomp Enter - MemInfo: [/proc/self/status]	VmSize:	  307436 kB
20220312 000116.341 INFO             PET0 PIOc_freedecomp Enter - MemInfo: [/proc/self/status]	VmLck:	       0 kB
20220312 000116.341 INFO             PET0 PIOc_freedecomp Enter - MemInfo: [/proc/self/status]	VmPin:	       0 kB
20220312 000116.341 INFO             PET0 PIOc_freedecomp Enter - MemInfo: [/proc/self/status]	VmHWM:	   38140 kB
20220312 000116.341 INFO             PET0 PIOc_freedecomp Enter - MemInfo: [/proc/self/status]	VmRSS:	   38128 kB
20220312 000116.341 INFO             PET0 PIOc_freedecomp Enter - MemInfo: [/proc/self/status]	VmData:	   45388 kB
20220312 000116.341 INFO             PET0 PIOc_freedecomp Enter - MemInfo: [/proc/self/status]	VmStk:	     508 kB
20220312 000116.341 INFO             PET0 PIOc_freedecomp Enter - MemInfo: [/proc/self/status]	VmExe:	    1936 kB
20220312 000116.342 INFO             PET0 PIOc_freedecomp Enter - MemInfo: [/proc/self/status]	VmLib:	   93984 kB
20220312 000116.342 INFO             PET0 PIOc_freedecomp Enter - MemInfo: [/proc/self/status]	VmPTE:	     464 kB
20220312 000116.342 INFO             PET0 PIOc_freedecomp Enter - MemInfo: [/proc/self/status]	VmPMD:	      12 kB
20220312 000116.342 INFO             PET0 PIOc_freedecomp Enter - MemInfo: [/proc/self/status]	VmSwap:	       0 kB
20220312 000116.342 INFO             PET0 PIOc_freedecomp Enter - MemInfo: [/proc/self/status]	VmRSSPercent: 0.0578961 %
20220312 000116.342 INFO             PET0 PIOc_freedecomp Enter - MemInfo: [malloc] Non-mmapped space allocated:                22007808 Byte
20220312 000116.342 INFO             PET0 PIOc_freedecomp Enter - MemInfo: [malloc] Space allocated in mmapped regions:          3026944 Byte
20220312 000116.342 INFO             PET0 PIOc_freedecomp Enter - MemInfo: [malloc] Maximum total allocated space:                     0 Byte
20220312 000116.342 INFO             PET0 PIOc_freedecomp Enter - MemInfo: [malloc] Space in freed fastbin blocks:                   272 Byte
20220312 000116.342 INFO             PET0 PIOc_freedecomp Enter - MemInfo: [malloc] Total allocated space:                       2375824 Byte
20220312 000116.342 INFO             PET0 PIOc_freedecomp Enter - MemInfo: [malloc] Total free space:                           19631984 Byte
20220312 000116.342 INFO             PET0 PIOc_freedecomp Enter - MemInfo: [malloc] Top-most, releasable space:                 14750336 Byte
20220312 000116.342 INFO             PET0 PIOc_freedecomp Enter - MemInfo: [malloc] Total space in use, mmap + non-mmap:         5402768 Byte
20220312 000116.342 INFO             PET0 PIOc_freedecomp Enter - MemInfo: [malloc] Total space held (mmap + non-mmap):         25034752 Byte
20220312 000116.342 INFO             PET0 PIOc_freedecomp Enter - MemInfo: [malloc] Total space used (mmap + non-mmap):          5410976 Byte
20220312 000116.342 INFO             PET0 PIOc_freedecomp Enter - MemInfo: Wall-clock time since execution start:               0.387981 seconds
20220312 000116.342 INFO             PET0 PIOc_freedecomp Exit - MemInfo: [/proc/meminfo - SSI]	MemTotal:       65855856 kB
20220312 000116.342 INFO             PET0 PIOc_freedecomp Exit - MemInfo: [/proc/meminfo - SSI]	MemFree:        61110968 kB
20220312 000116.342 INFO             PET0 PIOc_freedecomp Exit - MemInfo: [/proc/meminfo - SSI]	MemAvailable:   60898436 kB
20220312 000116.342 INFO             PET0 PIOc_freedecomp Exit - MemInfo: [/proc/meminfo - SSI]	Committed_AS:    2994812 kB
20220312 000116.342 INFO             PET0 PIOc_freedecomp Exit - MemInfo: [/proc/meminfo - SSI]	CommittedPercent: 4.54753 %
20220312 000116.342 INFO             PET0 PIOc_freedecomp Exit - MemInfo: [/proc/self/status]	VmPeak:	  307460 kB
20220312 000116.342 INFO             PET0 PIOc_freedecomp Exit - MemInfo: [/proc/self/status]	VmSize:	  307436 kB
20220312 000116.342 INFO             PET0 PIOc_freedecomp Exit - MemInfo: [/proc/self/status]	VmLck:	       0 kB
20220312 000116.342 INFO             PET0 PIOc_freedecomp Exit - MemInfo: [/proc/self/status]	VmPin:	       0 kB
20220312 000116.342 INFO             PET0 PIOc_freedecomp Exit - MemInfo: [/proc/self/status]	VmHWM:	   38140 kB
20220312 000116.342 INFO             PET0 PIOc_freedecomp Exit - MemInfo: [/proc/self/status]	VmRSS:	   38128 kB
20220312 000116.342 INFO             PET0 PIOc_freedecomp Exit - MemInfo: [/proc/self/status]	VmData:	   45388 kB
20220312 000116.342 INFO             PET0 PIOc_freedecomp Exit - MemInfo: [/proc/self/status]	VmStk:	     508 kB
20220312 000116.342 INFO             PET0 PIOc_freedecomp Exit - MemInfo: [/proc/self/status]	VmExe:	    1936 kB
20220312 000116.342 INFO             PET0 PIOc_freedecomp Exit - MemInfo: [/proc/self/status]	VmLib:	   93984 kB
20220312 000116.342 INFO             PET0 PIOc_freedecomp Exit - MemInfo: [/proc/self/status]	VmPTE:	     464 kB
20220312 000116.342 INFO             PET0 PIOc_freedecomp Exit - MemInfo: [/proc/self/status]	VmPMD:	      12 kB
20220312 000116.342 INFO             PET0 PIOc_freedecomp Exit - MemInfo: [/proc/self/status]	VmSwap:	       0 kB
20220312 000116.342 INFO             PET0 PIOc_freedecomp Exit - MemInfo: [/proc/self/status]	VmRSSPercent: 0.0578961 %
20220312 000116.342 INFO             PET0 PIOc_freedecomp Exit - MemInfo: [malloc] Non-mmapped space allocated:                22007808 Byte
20220312 000116.342 INFO             PET0 PIOc_freedecomp Exit - MemInfo: [malloc] Space allocated in mmapped regions:          3026944 Byte
20220312 000116.342 INFO             PET0 PIOc_freedecomp Exit - MemInfo: [malloc] Maximum total allocated space:                     0 Byte
20220312 000116.342 INFO             PET0 PIOc_freedecomp Exit - MemInfo: [malloc] Space in freed fastbin blocks:                  1568 Byte
20220312 000116.342 INFO             PET0 PIOc_freedecomp Exit - MemInfo: [malloc] Total allocated space:                       2374112 Byte
20220312 000116.342 INFO             PET0 PIOc_freedecomp Exit - MemInfo: [malloc] Total free space:                           19633696 Byte
20220312 000116.342 INFO             PET0 PIOc_freedecomp Exit - MemInfo: [malloc] Top-most, releasable space:                 14750336 Byte
20220312 000116.342 INFO             PET0 PIOc_freedecomp Exit - MemInfo: [malloc] Total space in use, mmap + non-mmap:         5401056 Byte
20220312 000116.342 INFO             PET0 PIOc_freedecomp Exit - MemInfo: [malloc] Total space held (mmap + non-mmap):         25034752 Byte
20220312 000116.342 INFO             PET0 PIOc_freedecomp Exit - MemInfo: [malloc] Total space used (mmap + non-mmap):          5409264 Byte
20220312 000116.342 INFO             PET0 PIOc_freedecomp Exit - MemInfo: Wall-clock time since execution start:               0.388252 seconds
20220312 000116.343 INFO             PET0  PASS  Test RouteHandleDestroy(), ESMF_RouteHandleAdvancedUTest.F90, line 633
20220312 000116.343 INFO             PET0  PASS  Apply the copied Routehandle, ESMF_RouteHandleAdvancedUTest.F90, line 643
20220312 000116.343 INFO             PET0  PASS  Test RouteHandleDestroy() for the copied Routehandle, ESMF_RouteHandleAdvancedUTest.F90, line 651
20220312 000116.343 INFO             PET0  PASS  Test ESMF_DynamicMaskSetR4R4R4(), ESMF_RouteHandleAdvancedUTest.F90, line 716
20220312 000116.343 INFO             PET0  PASS  Test ESMF_DynamicMaskSetR4R4R4V(), ESMF_RouteHandleAdvancedUTest.F90, line 725
20220312 000116.343 INFO             PET0  PASS  Test ESMF_DynamicMaskSetR4R8R4V(), ESMF_RouteHandleAdvancedUTest.F90, line 734
20220312 000116.343 INFO             PET0  Ending Test, file ESMF_RouteHandleAdvancedUTest.F90, line 749
20220312 000116.343 INFO             PET0 Finalizing ESMF
20220312 000115.978 INFO             PET1 !!!!!!!!!!!!!!!!!!!!!!!!!!!!!!!!!!!!!!!!!!!!!!!!!!!!!!
20220312 000115.978 INFO             PET1 !!! THE ESMF_LOG IS SET TO OUTPUT ALL LOG MESSAGES !!!
20220312 000115.978 INFO             PET1 !!!     THIS MAY CAUSE SLOWDOWN IN PERFORMANCE     !!!
20220312 000115.978 INFO             PET1 !!! FOR PRODUCTION RUNS, USE:                      !!!
20220312 000115.978 INFO             PET1 !!!                   ESMF_LOGKIND_Multi_On_Error  !!!
20220312 000115.978 INFO             PET1 !!!!!!!!!!!!!!!!!!!!!!!!!!!!!!!!!!!!!!!!!!!!!!!!!!!!!!
20220312 000115.978 INFO             PET1 Running with ESMF Version   : v8.3.0b09-96-g559b459836
20220312 000115.978 INFO             PET1 ESMF library build date/time: "Mar 11 2022" "23:40:33"
20220312 000115.978 INFO             PET1 ESMF library build location : /lustre/f2/dev/ncep/Mark.Potts/intel_2019.5_mpi_O_jedwards_pio_update2
20220312 000115.978 INFO             PET1 ESMF_COMM                   : mpi
20220312 000115.979 INFO             PET1 ESMF_MOAB                   : enabled
20220312 000115.979 INFO             PET1 ESMF_LAPACK                 : enabled
20220312 000115.979 INFO             PET1 ESMF_NETCDF                 : enabled
20220312 000115.979 INFO             PET1 ESMF_PNETCDF                : disabled
20220312 000115.979 INFO             PET1 ESMF_PIO                    : enabled
20220312 000115.979 INFO             PET1 ESMF_YAMLCPP                : enabled
20220312 000115.980 INFO             PET1  Beginning Test, file ESMF_RouteHandleAdvancedUTest.F90, line 346
20220312 000115.980 INFO             PET1  NUMBER_OF_PROCESSORS           4
20220312 000115.985 INFO             PET1 ESMF_FieldRedistStoreNF(): Just entered routine.
20220312 000116.068 INFO             PET1 ESMF_FieldRedistStoreNF(): Leaving routine.
20220312 000116.068 INFO             PET1  PASS  Create RouteHandle for the original petList, ESMF_RouteHandleAdvancedUTest.F90, line 511
20220312 000116.068 INFO             PET1  PASS  Test RouteHandleIsCreated(), ESMF_RouteHandleAdvancedUTest.F90, line 519
20220312 000116.069 INFO             PET1  PASS  Test RouteHandleIsCreated() return value, ESMF_RouteHandleAdvancedUTest.F90, line 526
20220312 000116.069 INFO             PET1  PASS  Test RouteHandleGet(), ESMF_RouteHandleAdvancedUTest.F90, line 534
20220312 000116.076 INFO             PET1  PASS  Test RouteHandleWrite(), ESMF_RouteHandleAdvancedUTest.F90, line 542
20220312 000116.076 INFO             PET1  PASS  Test RouteHandleDestroy(), ESMF_RouteHandleAdvancedUTest.F90, line 550
20220312 000116.079 INFO             PET1  PASS  Test RouteHandleCreate(from file), ESMF_RouteHandleAdvancedUTest.F90, line 558
20220312 000116.080 INFO             PET1  PASS  Apply the read in Routehandle, ESMF_RouteHandleAdvancedUTest.F90, line 567
20220312 000116.080 INFO             PET1  PASS  Test RouteHandleDestroy() for the read in Routehandle, ESMF_RouteHandleAdvancedUTest.F90, line 575
20220312 000116.080 INFO             PET1 ESMF_FieldRedistStoreNF(): Just entered routine.
20220312 000116.157 INFO             PET1 ESMF_FieldRedistStoreNF(): Leaving routine.
20220312 000116.157 INFO             PET1  PASS  Create RouteHandle for the original petList, ESMF_RouteHandleAdvancedUTest.F90, line 585
20220312 000116.157 INFO             PET1  PASS  Transfer RouteHandle to a different petList, ESMF_RouteHandleAdvancedUTest.F90, line 602
20220312 000116.181 INFO             PET1 PIOc_sync Enter - MemInfo: [/proc/meminfo - SSI]	MemTotal:       65855856 kB
20220312 000116.181 INFO             PET1 PIOc_sync Enter - MemInfo: [/proc/meminfo - SSI]	MemFree:        61110344 kB
20220312 000116.181 INFO             PET1 PIOc_sync Enter - MemInfo: [/proc/meminfo - SSI]	MemAvailable:   60897784 kB
20220312 000116.182 INFO             PET1 PIOc_sync Enter - MemInfo: [/proc/meminfo - SSI]	Committed_AS:    2994812 kB
20220312 000116.182 INFO             PET1 PIOc_sync Enter - MemInfo: [/proc/meminfo - SSI]	CommittedPercent: 4.54753 %
20220312 000116.182 INFO             PET1 PIOc_sync Enter - MemInfo: [/proc/self/status]	VmPeak:	  309120 kB
20220312 000116.182 INFO             PET1 PIOc_sync Enter - MemInfo: [/proc/self/status]	VmSize:	  309120 kB
20220312 000116.182 INFO             PET1 PIOc_sync Enter - MemInfo: [/proc/self/status]	VmLck:	       0 kB
20220312 000116.182 INFO             PET1 PIOc_sync Enter - MemInfo: [/proc/self/status]	VmPin:	       0 kB
20220312 000116.182 INFO             PET1 PIOc_sync Enter - MemInfo: [/proc/self/status]	VmHWM:	   34384 kB
20220312 000116.182 INFO             PET1 PIOc_sync Enter - MemInfo: [/proc/self/status]	VmRSS:	   34384 kB
20220312 000116.182 INFO             PET1 PIOc_sync Enter - MemInfo: [/proc/self/status]	VmData:	   47048 kB
20220312 000116.182 INFO             PET1 PIOc_sync Enter - MemInfo: [/proc/self/status]	VmStk:	     508 kB
20220312 000116.182 INFO             PET1 PIOc_sync Enter - MemInfo: [/proc/self/status]	VmExe:	    1936 kB
20220312 000116.182 INFO             PET1 PIOc_sync Enter - MemInfo: [/proc/self/status]	VmLib:	   93984 kB
20220312 000116.182 INFO             PET1 PIOc_sync Enter - MemInfo: [/proc/self/status]	VmPTE:	     436 kB
20220312 000116.182 INFO             PET1 PIOc_sync Enter - MemInfo: [/proc/self/status]	VmPMD:	      12 kB
20220312 000116.182 INFO             PET1 PIOc_sync Enter - MemInfo: [/proc/self/status]	VmSwap:	       0 kB
20220312 000116.182 INFO             PET1 PIOc_sync Enter - MemInfo: [/proc/self/status]	VmRSSPercent: 0.052211 %
20220312 000116.182 INFO             PET1 PIOc_sync Enter - MemInfo: [malloc] Non-mmapped space allocated:                22728704 Byte
20220312 000116.182 INFO             PET1 PIOc_sync Enter - MemInfo: [malloc] Space allocated in mmapped regions:          4005888 Byte
20220312 000116.182 INFO             PET1 PIOc_sync Enter - MemInfo: [malloc] Maximum total allocated space:                     0 Byte
20220312 000116.182 INFO             PET1 PIOc_sync Enter - MemInfo: [malloc] Space in freed fastbin blocks:                    32 Byte
20220312 000116.182 INFO             PET1 PIOc_sync Enter - MemInfo: [malloc] Total allocated space:                       1774320 Byte
20220312 000116.182 INFO             PET1 PIOc_sync Enter - MemInfo: [malloc] Total free space:                           20954384 Byte
20220312 000116.182 INFO             PET1 PIOc_sync Enter - MemInfo: [malloc] Top-most, releasable space:                 15412528 Byte
20220312 000116.182 INFO             PET1 PIOc_sync Enter - MemInfo: [malloc] Total space in use, mmap + non-mmap:         5780208 Byte
20220312 000116.182 INFO             PET1 PIOc_sync Enter - MemInfo: [malloc] Total space held (mmap + non-mmap):         26734592 Byte
20220312 000116.182 INFO             PET1 PIOc_sync Enter - MemInfo: [malloc] Total space used (mmap + non-mmap):          5789072 Byte
20220312 000116.182 INFO             PET1 PIOc_sync Enter - MemInfo: Wall-clock time since execution start:               0.227753 seconds
20220312 000116.332 INFO             PET1 PIOc_sync Exit - MemInfo: [/proc/meminfo - SSI]	MemTotal:       65855856 kB
20220312 000116.332 INFO             PET1 PIOc_sync Exit - MemInfo: [/proc/meminfo - SSI]	MemFree:        61110968 kB
20220312 000116.332 INFO             PET1 PIOc_sync Exit - MemInfo: [/proc/meminfo - SSI]	MemAvailable:   60898436 kB
20220312 000116.332 INFO             PET1 PIOc_sync Exit - MemInfo: [/proc/meminfo - SSI]	Committed_AS:    2994812 kB
20220312 000116.332 INFO             PET1 PIOc_sync Exit - MemInfo: [/proc/meminfo - SSI]	CommittedPercent: 4.54753 %
20220312 000116.332 INFO             PET1 PIOc_sync Exit - MemInfo: [/proc/self/status]	VmPeak:	  309120 kB
20220312 000116.332 INFO             PET1 PIOc_sync Exit - MemInfo: [/proc/self/status]	VmSize:	  309120 kB
20220312 000116.332 INFO             PET1 PIOc_sync Exit - MemInfo: [/proc/self/status]	VmLck:	       0 kB
20220312 000116.332 INFO             PET1 PIOc_sync Exit - MemInfo: [/proc/self/status]	VmPin:	       0 kB
20220312 000116.332 INFO             PET1 PIOc_sync Exit - MemInfo: [/proc/self/status]	VmHWM:	   34384 kB
20220312 000116.332 INFO             PET1 PIOc_sync Exit - MemInfo: [/proc/self/status]	VmRSS:	   34384 kB
20220312 000116.333 INFO             PET1 PIOc_sync Exit - MemInfo: [/proc/self/status]	VmData:	   47048 kB
20220312 000116.333 INFO             PET1 PIOc_sync Exit - MemInfo: [/proc/self/status]	VmStk:	     508 kB
20220312 000116.333 INFO             PET1 PIOc_sync Exit - MemInfo: [/proc/self/status]	VmExe:	    1936 kB
20220312 000116.333 INFO             PET1 PIOc_sync Exit - MemInfo: [/proc/self/status]	VmLib:	   93984 kB
20220312 000116.333 INFO             PET1 PIOc_sync Exit - MemInfo: [/proc/self/status]	VmPTE:	     436 kB
20220312 000116.333 INFO             PET1 PIOc_sync Exit - MemInfo: [/proc/self/status]	VmPMD:	      12 kB
20220312 000116.333 INFO             PET1 PIOc_sync Exit - MemInfo: [/proc/self/status]	VmSwap:	       0 kB
20220312 000116.333 INFO             PET1 PIOc_sync Exit - MemInfo: [/proc/self/status]	VmRSSPercent: 0.052211 %
20220312 000116.333 INFO             PET1 PIOc_sync Exit - MemInfo: [malloc] Non-mmapped space allocated:                22728704 Byte
20220312 000116.333 INFO             PET1 PIOc_sync Exit - MemInfo: [malloc] Space allocated in mmapped regions:          4005888 Byte
20220312 000116.333 INFO             PET1 PIOc_sync Exit - MemInfo: [malloc] Maximum total allocated space:                     0 Byte
20220312 000116.333 INFO             PET1 PIOc_sync Exit - MemInfo: [malloc] Space in freed fastbin blocks:                     0 Byte
20220312 000116.333 INFO             PET1 PIOc_sync Exit - MemInfo: [malloc] Total allocated space:                       1775648 Byte
20220312 000116.333 INFO             PET1 PIOc_sync Exit - MemInfo: [malloc] Total free space:                           20953056 Byte
20220312 000116.333 INFO             PET1 PIOc_sync Exit - MemInfo: [malloc] Top-most, releasable space:                 15412528 Byte
20220312 000116.333 INFO             PET1 PIOc_sync Exit - MemInfo: [malloc] Total space in use, mmap + non-mmap:         5781536 Byte
20220312 000116.333 INFO             PET1 PIOc_sync Exit - MemInfo: [malloc] Total space held (mmap + non-mmap):         26734592 Byte
20220312 000116.333 INFO             PET1 PIOc_sync Exit - MemInfo: [malloc] Total space used (mmap + non-mmap):          5789856 Byte
20220312 000116.333 INFO             PET1 PIOc_sync Exit - MemInfo: Wall-clock time since execution start:               0.378562 seconds
20220312 000116.333 INFO             PET1 PIOc_freedecomp Enter - MemInfo: [/proc/meminfo - SSI]	MemTotal:       65855856 kB
20220312 000116.333 INFO             PET1 PIOc_freedecomp Enter - MemInfo: [/proc/meminfo - SSI]	MemFree:        61110968 kB
20220312 000116.333 INFO             PET1 PIOc_freedecomp Enter - MemInfo: [/proc/meminfo - SSI]	MemAvailable:   60898436 kB
20220312 000116.333 INFO             PET1 PIOc_freedecomp Enter - MemInfo: [/proc/meminfo - SSI]	Committed_AS:    2994812 kB
20220312 000116.333 INFO             PET1 PIOc_freedecomp Enter - MemInfo: [/proc/meminfo - SSI]	CommittedPercent: 4.54753 %
20220312 000116.333 INFO             PET1 PIOc_freedecomp Enter - MemInfo: [/proc/self/status]	VmPeak:	  309120 kB
20220312 000116.333 INFO             PET1 PIOc_freedecomp Enter - MemInfo: [/proc/self/status]	VmSize:	  309120 kB
20220312 000116.333 INFO             PET1 PIOc_freedecomp Enter - MemInfo: [/proc/self/status]	VmLck:	       0 kB
20220312 000116.333 INFO             PET1 PIOc_freedecomp Enter - MemInfo: [/proc/self/status]	VmPin:	       0 kB
20220312 000116.333 INFO             PET1 PIOc_freedecomp Enter - MemInfo: [/proc/self/status]	VmHWM:	   34384 kB
20220312 000116.333 INFO             PET1 PIOc_freedecomp Enter - MemInfo: [/proc/self/status]	VmRSS:	   34384 kB
20220312 000116.333 INFO             PET1 PIOc_freedecomp Enter - MemInfo: [/proc/self/status]	VmData:	   47048 kB
20220312 000116.333 INFO             PET1 PIOc_freedecomp Enter - MemInfo: [/proc/self/status]	VmStk:	     508 kB
20220312 000116.333 INFO             PET1 PIOc_freedecomp Enter - MemInfo: [/proc/self/status]	VmExe:	    1936 kB
20220312 000116.333 INFO             PET1 PIOc_freedecomp Enter - MemInfo: [/proc/self/status]	VmLib:	   93984 kB
20220312 000116.333 INFO             PET1 PIOc_freedecomp Enter - MemInfo: [/proc/self/status]	VmPTE:	     436 kB
20220312 000116.333 INFO             PET1 PIOc_freedecomp Enter - MemInfo: [/proc/self/status]	VmPMD:	      12 kB
20220312 000116.333 INFO             PET1 PIOc_freedecomp Enter - MemInfo: [/proc/self/status]	VmSwap:	       0 kB
20220312 000116.333 INFO             PET1 PIOc_freedecomp Enter - MemInfo: [/proc/self/status]	VmRSSPercent: 0.052211 %
20220312 000116.333 INFO             PET1 PIOc_freedecomp Enter - MemInfo: [malloc] Non-mmapped space allocated:                22728704 Byte
20220312 000116.333 INFO             PET1 PIOc_freedecomp Enter - MemInfo: [malloc] Space allocated in mmapped regions:          4005888 Byte
20220312 000116.333 INFO             PET1 PIOc_freedecomp Enter - MemInfo: [malloc] Maximum total allocated space:                     0 Byte
20220312 000116.333 INFO             PET1 PIOc_freedecomp Enter - MemInfo: [malloc] Space in freed fastbin blocks:                     0 Byte
20220312 000116.333 INFO             PET1 PIOc_freedecomp Enter - MemInfo: [malloc] Total allocated space:                       1776128 Byte
20220312 000116.333 INFO             PET1 PIOc_freedecomp Enter - MemInfo: [malloc] Total free space:                           20952576 Byte
20220312 000116.333 INFO             PET1 PIOc_freedecomp Enter - MemInfo: [malloc] Top-most, releasable space:                 15412528 Byte
20220312 000116.333 INFO             PET1 PIOc_freedecomp Enter - MemInfo: [malloc] Total space in use, mmap + non-mmap:         5782016 Byte
20220312 000116.333 INFO             PET1 PIOc_freedecomp Enter - MemInfo: [malloc] Total space held (mmap + non-mmap):         26734592 Byte
20220312 000116.333 INFO             PET1 PIOc_freedecomp Enter - MemInfo: [malloc] Total space used (mmap + non-mmap):          5790480 Byte
20220312 000116.333 INFO             PET1 PIOc_freedecomp Enter - MemInfo: Wall-clock time since execution start:               0.379001 seconds
20220312 000116.333 INFO             PET1 PIOc_freedecomp Exit - MemInfo: [/proc/meminfo - SSI]	MemTotal:       65855856 kB
20220312 000116.333 INFO             PET1 PIOc_freedecomp Exit - MemInfo: [/proc/meminfo - SSI]	MemFree:        61110968 kB
20220312 000116.333 INFO             PET1 PIOc_freedecomp Exit - MemInfo: [/proc/meminfo - SSI]	MemAvailable:   60898436 kB
20220312 000116.333 INFO             PET1 PIOc_freedecomp Exit - MemInfo: [/proc/meminfo - SSI]	Committed_AS:    2994812 kB
20220312 000116.333 INFO             PET1 PIOc_freedecomp Exit - MemInfo: [/proc/meminfo - SSI]	CommittedPercent: 4.54753 %
20220312 000116.333 INFO             PET1 PIOc_freedecomp Exit - MemInfo: [/proc/self/status]	VmPeak:	  309120 kB
20220312 000116.333 INFO             PET1 PIOc_freedecomp Exit - MemInfo: [/proc/self/status]	VmSize:	  309120 kB
20220312 000116.333 INFO             PET1 PIOc_freedecomp Exit - MemInfo: [/proc/self/status]	VmLck:	       0 kB
20220312 000116.333 INFO             PET1 PIOc_freedecomp Exit - MemInfo: [/proc/self/status]	VmPin:	       0 kB
20220312 000116.333 INFO             PET1 PIOc_freedecomp Exit - MemInfo: [/proc/self/status]	VmHWM:	   34384 kB
20220312 000116.333 INFO             PET1 PIOc_freedecomp Exit - MemInfo: [/proc/self/status]	VmRSS:	   34384 kB
20220312 000116.333 INFO             PET1 PIOc_freedecomp Exit - MemInfo: [/proc/self/status]	VmData:	   47048 kB
20220312 000116.333 INFO             PET1 PIOc_freedecomp Exit - MemInfo: [/proc/self/status]	VmStk:	     508 kB
20220312 000116.333 INFO             PET1 PIOc_freedecomp Exit - MemInfo: [/proc/self/status]	VmExe:	    1936 kB
20220312 000116.333 INFO             PET1 PIOc_freedecomp Exit - MemInfo: [/proc/self/status]	VmLib:	   93984 kB
20220312 000116.333 INFO             PET1 PIOc_freedecomp Exit - MemInfo: [/proc/self/status]	VmPTE:	     436 kB
20220312 000116.333 INFO             PET1 PIOc_freedecomp Exit - MemInfo: [/proc/self/status]	VmPMD:	      12 kB
20220312 000116.333 INFO             PET1 PIOc_freedecomp Exit - MemInfo: [/proc/self/status]	VmSwap:	       0 kB
20220312 000116.333 INFO             PET1 PIOc_freedecomp Exit - MemInfo: [/proc/self/status]	VmRSSPercent: 0.052211 %
20220312 000116.333 INFO             PET1 PIOc_freedecomp Exit - MemInfo: [malloc] Non-mmapped space allocated:                22728704 Byte
20220312 000116.333 INFO             PET1 PIOc_freedecomp Exit - MemInfo: [malloc] Space allocated in mmapped regions:          4005888 Byte
20220312 000116.333 INFO             PET1 PIOc_freedecomp Exit - MemInfo: [malloc] Maximum total allocated space:                     0 Byte
20220312 000116.333 INFO             PET1 PIOc_freedecomp Exit - MemInfo: [malloc] Space in freed fastbin blocks:                   112 Byte
20220312 000116.333 INFO             PET1 PIOc_freedecomp Exit - MemInfo: [malloc] Total allocated space:                       1776608 Byte
20220312 000116.333 INFO             PET1 PIOc_freedecomp Exit - MemInfo: [malloc] Total free space:                           20952096 Byte
20220312 000116.333 INFO             PET1 PIOc_freedecomp Exit - MemInfo: [malloc] Top-most, releasable space:                 15412528 Byte
20220312 000116.333 INFO             PET1 PIOc_freedecomp Exit - MemInfo: [malloc] Total space in use, mmap + non-mmap:         5782496 Byte
20220312 000116.333 INFO             PET1 PIOc_freedecomp Exit - MemInfo: [malloc] Total space held (mmap + non-mmap):         26734592 Byte
20220312 000116.333 INFO             PET1 PIOc_freedecomp Exit - MemInfo: [malloc] Total space used (mmap + non-mmap):          5790816 Byte
20220312 000116.333 INFO             PET1 PIOc_freedecomp Exit - MemInfo: Wall-clock time since execution start:               0.379365 seconds
20220312 000116.335 INFO             PET1 PIOc_sync Enter - MemInfo: [/proc/meminfo - SSI]	MemTotal:       65855856 kB
20220312 000116.335 INFO             PET1 PIOc_sync Enter - MemInfo: [/proc/meminfo - SSI]	MemFree:        61110968 kB
20220312 000116.335 INFO             PET1 PIOc_sync Enter - MemInfo: [/proc/meminfo - SSI]	MemAvailable:   60898436 kB
20220312 000116.335 INFO             PET1 PIOc_sync Enter - MemInfo: [/proc/meminfo - SSI]	Committed_AS:    2994812 kB
20220312 000116.335 INFO             PET1 PIOc_sync Enter - MemInfo: [/proc/meminfo - SSI]	CommittedPercent: 4.54753 %
20220312 000116.335 INFO             PET1 PIOc_sync Enter - MemInfo: [/proc/self/status]	VmPeak:	  309120 kB
20220312 000116.335 INFO             PET1 PIOc_sync Enter - MemInfo: [/proc/self/status]	VmSize:	  309096 kB
20220312 000116.335 INFO             PET1 PIOc_sync Enter - MemInfo: [/proc/self/status]	VmLck:	       0 kB
20220312 000116.335 INFO             PET1 PIOc_sync Enter - MemInfo: [/proc/self/status]	VmPin:	       0 kB
20220312 000116.335 INFO             PET1 PIOc_sync Enter - MemInfo: [/proc/self/status]	VmHWM:	   34520 kB
20220312 000116.335 INFO             PET1 PIOc_sync Enter - MemInfo: [/proc/self/status]	VmRSS:	   34512 kB
20220312 000116.335 INFO             PET1 PIOc_sync Enter - MemInfo: [/proc/self/status]	VmData:	   47048 kB
20220312 000116.335 INFO             PET1 PIOc_sync Enter - MemInfo: [/proc/self/status]	VmStk:	     508 kB
20220312 000116.335 INFO             PET1 PIOc_sync Enter - MemInfo: [/proc/self/status]	VmExe:	    1936 kB
20220312 000116.335 INFO             PET1 PIOc_sync Enter - MemInfo: [/proc/self/status]	VmLib:	   93984 kB
20220312 000116.335 INFO             PET1 PIOc_sync Enter - MemInfo: [/proc/self/status]	VmPTE:	     440 kB
20220312 000116.335 INFO             PET1 PIOc_sync Enter - MemInfo: [/proc/self/status]	VmPMD:	      12 kB
20220312 000116.335 INFO             PET1 PIOc_sync Enter - MemInfo: [/proc/self/status]	VmSwap:	       0 kB
20220312 000116.335 INFO             PET1 PIOc_sync Enter - MemInfo: [/proc/self/status]	VmRSSPercent: 0.0524054 %
20220312 000116.335 INFO             PET1 PIOc_sync Enter - MemInfo: [malloc] Non-mmapped space allocated:                22728704 Byte
20220312 000116.335 INFO             PET1 PIOc_sync Enter - MemInfo: [malloc] Space allocated in mmapped regions:          4005888 Byte
20220312 000116.335 INFO             PET1 PIOc_sync Enter - MemInfo: [malloc] Maximum total allocated space:                     0 Byte
20220312 000116.335 INFO             PET1 PIOc_sync Enter - MemInfo: [malloc] Space in freed fastbin blocks:                    80 Byte
20220312 000116.335 INFO             PET1 PIOc_sync Enter - MemInfo: [malloc] Total allocated space:                       1777680 Byte
20220312 000116.335 INFO             PET1 PIOc_sync Enter - MemInfo: [malloc] Total free space:                           20951024 Byte
20220312 000116.335 INFO             PET1 PIOc_sync Enter - MemInfo: [malloc] Top-most, releasable space:                 15412528 Byte
20220312 000116.335 INFO             PET1 PIOc_sync Enter - MemInfo: [malloc] Total space in use, mmap + non-mmap:         5783568 Byte
20220312 000116.335 INFO             PET1 PIOc_sync Enter - MemInfo: [malloc] Total space held (mmap + non-mmap):         26734592 Byte
20220312 000116.335 INFO             PET1 PIOc_sync Enter - MemInfo: [malloc] Total space used (mmap + non-mmap):          5791776 Byte
20220312 000116.335 INFO             PET1 PIOc_sync Enter - MemInfo: Wall-clock time since execution start:               0.381144 seconds
20220312 000116.335 INFO             PET1 PIOc_sync Exit - MemInfo: [/proc/meminfo - SSI]	MemTotal:       65855856 kB
20220312 000116.335 INFO             PET1 PIOc_sync Exit - MemInfo: [/proc/meminfo - SSI]	MemFree:        61110968 kB
20220312 000116.335 INFO             PET1 PIOc_sync Exit - MemInfo: [/proc/meminfo - SSI]	MemAvailable:   60898436 kB
20220312 000116.335 INFO             PET1 PIOc_sync Exit - MemInfo: [/proc/meminfo - SSI]	Committed_AS:    2994812 kB
20220312 000116.335 INFO             PET1 PIOc_sync Exit - MemInfo: [/proc/meminfo - SSI]	CommittedPercent: 4.54753 %
20220312 000116.335 INFO             PET1 PIOc_sync Exit - MemInfo: [/proc/self/status]	VmPeak:	  309120 kB
20220312 000116.335 INFO             PET1 PIOc_sync Exit - MemInfo: [/proc/self/status]	VmSize:	  309096 kB
20220312 000116.335 INFO             PET1 PIOc_sync Exit - MemInfo: [/proc/self/status]	VmLck:	       0 kB
20220312 000116.335 INFO             PET1 PIOc_sync Exit - MemInfo: [/proc/self/status]	VmPin:	       0 kB
20220312 000116.335 INFO             PET1 PIOc_sync Exit - MemInfo: [/proc/self/status]	VmHWM:	   34520 kB
20220312 000116.335 INFO             PET1 PIOc_sync Exit - MemInfo: [/proc/self/status]	VmRSS:	   34512 kB
20220312 000116.335 INFO             PET1 PIOc_sync Exit - MemInfo: [/proc/self/status]	VmData:	   47048 kB
20220312 000116.335 INFO             PET1 PIOc_sync Exit - MemInfo: [/proc/self/status]	VmStk:	     508 kB
20220312 000116.335 INFO             PET1 PIOc_sync Exit - MemInfo: [/proc/self/status]	VmExe:	    1936 kB
20220312 000116.336 INFO             PET1 PIOc_sync Exit - MemInfo: [/proc/self/status]	VmLib:	   93984 kB
20220312 000116.336 INFO             PET1 PIOc_sync Exit - MemInfo: [/proc/self/status]	VmPTE:	     440 kB
20220312 000116.336 INFO             PET1 PIOc_sync Exit - MemInfo: [/proc/self/status]	VmPMD:	      12 kB
20220312 000116.336 INFO             PET1 PIOc_sync Exit - MemInfo: [/proc/self/status]	VmSwap:	       0 kB
20220312 000116.336 INFO             PET1 PIOc_sync Exit - MemInfo: [/proc/self/status]	VmRSSPercent: 0.0524054 %
20220312 000116.336 INFO             PET1 PIOc_sync Exit - MemInfo: [malloc] Non-mmapped space allocated:                22728704 Byte
20220312 000116.336 INFO             PET1 PIOc_sync Exit - MemInfo: [malloc] Space allocated in mmapped regions:          4005888 Byte
20220312 000116.336 INFO             PET1 PIOc_sync Exit - MemInfo: [malloc] Maximum total allocated space:                     0 Byte
20220312 000116.336 INFO             PET1 PIOc_sync Exit - MemInfo: [malloc] Space in freed fastbin blocks:                     0 Byte
20220312 000116.336 INFO             PET1 PIOc_sync Exit - MemInfo: [malloc] Total allocated space:                       1778144 Byte
20220312 000116.336 INFO             PET1 PIOc_sync Exit - MemInfo: [malloc] Total free space:                           20950560 Byte
20220312 000116.336 INFO             PET1 PIOc_sync Exit - MemInfo: [malloc] Top-most, releasable space:                 15412528 Byte
20220312 000116.336 INFO             PET1 PIOc_sync Exit - MemInfo: [malloc] Total space in use, mmap + non-mmap:         5784032 Byte
20220312 000116.336 INFO             PET1 PIOc_sync Exit - MemInfo: [malloc] Total space held (mmap + non-mmap):         26734592 Byte
20220312 000116.336 INFO             PET1 PIOc_sync Exit - MemInfo: [malloc] Total space used (mmap + non-mmap):          5792240 Byte
20220312 000116.336 INFO             PET1 PIOc_sync Exit - MemInfo: Wall-clock time since execution start:               0.381582 seconds
20220312 000116.336 INFO             PET1 PIOc_freedecomp Enter - MemInfo: [/proc/meminfo - SSI]	MemTotal:       65855856 kB
20220312 000116.336 INFO             PET1 PIOc_freedecomp Enter - MemInfo: [/proc/meminfo - SSI]	MemFree:        61110968 kB
20220312 000116.336 INFO             PET1 PIOc_freedecomp Enter - MemInfo: [/proc/meminfo - SSI]	MemAvailable:   60898436 kB
20220312 000116.336 INFO             PET1 PIOc_freedecomp Enter - MemInfo: [/proc/meminfo - SSI]	Committed_AS:    2994812 kB
20220312 000116.336 INFO             PET1 PIOc_freedecomp Enter - MemInfo: [/proc/meminfo - SSI]	CommittedPercent: 4.54753 %
20220312 000116.336 INFO             PET1 PIOc_freedecomp Enter - MemInfo: [/proc/self/status]	VmPeak:	  309120 kB
20220312 000116.336 INFO             PET1 PIOc_freedecomp Enter - MemInfo: [/proc/self/status]	VmSize:	  309096 kB
20220312 000116.336 INFO             PET1 PIOc_freedecomp Enter - MemInfo: [/proc/self/status]	VmLck:	       0 kB
20220312 000116.336 INFO             PET1 PIOc_freedecomp Enter - MemInfo: [/proc/self/status]	VmPin:	       0 kB
20220312 000116.336 INFO             PET1 PIOc_freedecomp Enter - MemInfo: [/proc/self/status]	VmHWM:	   34520 kB
20220312 000116.336 INFO             PET1 PIOc_freedecomp Enter - MemInfo: [/proc/self/status]	VmRSS:	   34512 kB
20220312 000116.336 INFO             PET1 PIOc_freedecomp Enter - MemInfo: [/proc/self/status]	VmData:	   47048 kB
20220312 000116.336 INFO             PET1 PIOc_freedecomp Enter - MemInfo: [/proc/self/status]	VmStk:	     508 kB
20220312 000116.336 INFO             PET1 PIOc_freedecomp Enter - MemInfo: [/proc/self/status]	VmExe:	    1936 kB
20220312 000116.336 INFO             PET1 PIOc_freedecomp Enter - MemInfo: [/proc/self/status]	VmLib:	   93984 kB
20220312 000116.336 INFO             PET1 PIOc_freedecomp Enter - MemInfo: [/proc/self/status]	VmPTE:	     440 kB
20220312 000116.336 INFO             PET1 PIOc_freedecomp Enter - MemInfo: [/proc/self/status]	VmPMD:	      12 kB
20220312 000116.336 INFO             PET1 PIOc_freedecomp Enter - MemInfo: [/proc/self/status]	VmSwap:	       0 kB
20220312 000116.336 INFO             PET1 PIOc_freedecomp Enter - MemInfo: [/proc/self/status]	VmRSSPercent: 0.0524054 %
20220312 000116.336 INFO             PET1 PIOc_freedecomp Enter - MemInfo: [malloc] Non-mmapped space allocated:                22728704 Byte
20220312 000116.336 INFO             PET1 PIOc_freedecomp Enter - MemInfo: [malloc] Space allocated in mmapped regions:          4005888 Byte
20220312 000116.336 INFO             PET1 PIOc_freedecomp Enter - MemInfo: [malloc] Maximum total allocated space:                     0 Byte
20220312 000116.336 INFO             PET1 PIOc_freedecomp Enter - MemInfo: [malloc] Space in freed fastbin blocks:                     0 Byte
20220312 000116.336 INFO             PET1 PIOc_freedecomp Enter - MemInfo: [malloc] Total allocated space:                       1778368 Byte
20220312 000116.336 INFO             PET1 PIOc_freedecomp Enter - MemInfo: [malloc] Total free space:                           20950336 Byte
20220312 000116.336 INFO             PET1 PIOc_freedecomp Enter - MemInfo: [malloc] Top-most, releasable space:                 15412528 Byte
20220312 000116.336 INFO             PET1 PIOc_freedecomp Enter - MemInfo: [malloc] Total space in use, mmap + non-mmap:         5784256 Byte
20220312 000116.336 INFO             PET1 PIOc_freedecomp Enter - MemInfo: [malloc] Total space held (mmap + non-mmap):         26734592 Byte
20220312 000116.336 INFO             PET1 PIOc_freedecomp Enter - MemInfo: [malloc] Total space used (mmap + non-mmap):          5792576 Byte
20220312 000116.336 INFO             PET1 PIOc_freedecomp Enter - MemInfo: Wall-clock time since execution start:               0.381992 seconds
20220312 000116.336 INFO             PET1 PIOc_freedecomp Exit - MemInfo: [/proc/meminfo - SSI]	MemTotal:       65855856 kB
20220312 000116.336 INFO             PET1 PIOc_freedecomp Exit - MemInfo: [/proc/meminfo - SSI]	MemFree:        61110968 kB
20220312 000116.336 INFO             PET1 PIOc_freedecomp Exit - MemInfo: [/proc/meminfo - SSI]	MemAvailable:   60898436 kB
20220312 000116.336 INFO             PET1 PIOc_freedecomp Exit - MemInfo: [/proc/meminfo - SSI]	Committed_AS:    2994812 kB
20220312 000116.336 INFO             PET1 PIOc_freedecomp Exit - MemInfo: [/proc/meminfo - SSI]	CommittedPercent: 4.54753 %
20220312 000116.336 INFO             PET1 PIOc_freedecomp Exit - MemInfo: [/proc/self/status]	VmPeak:	  309120 kB
20220312 000116.336 INFO             PET1 PIOc_freedecomp Exit - MemInfo: [/proc/self/status]	VmSize:	  309096 kB
20220312 000116.336 INFO             PET1 PIOc_freedecomp Exit - MemInfo: [/proc/self/status]	VmLck:	       0 kB
20220312 000116.336 INFO             PET1 PIOc_freedecomp Exit - MemInfo: [/proc/self/status]	VmPin:	       0 kB
20220312 000116.336 INFO             PET1 PIOc_freedecomp Exit - MemInfo: [/proc/self/status]	VmHWM:	   34520 kB
20220312 000116.336 INFO             PET1 PIOc_freedecomp Exit - MemInfo: [/proc/self/status]	VmRSS:	   34512 kB
20220312 000116.336 INFO             PET1 PIOc_freedecomp Exit - MemInfo: [/proc/self/status]	VmData:	   47048 kB
20220312 000116.336 INFO             PET1 PIOc_freedecomp Exit - MemInfo: [/proc/self/status]	VmStk:	     508 kB
20220312 000116.336 INFO             PET1 PIOc_freedecomp Exit - MemInfo: [/proc/self/status]	VmExe:	    1936 kB
20220312 000116.336 INFO             PET1 PIOc_freedecomp Exit - MemInfo: [/proc/self/status]	VmLib:	   93984 kB
20220312 000116.336 INFO             PET1 PIOc_freedecomp Exit - MemInfo: [/proc/self/status]	VmPTE:	     440 kB
20220312 000116.336 INFO             PET1 PIOc_freedecomp Exit - MemInfo: [/proc/self/status]	VmPMD:	      12 kB
20220312 000116.336 INFO             PET1 PIOc_freedecomp Exit - MemInfo: [/proc/self/status]	VmSwap:	       0 kB
20220312 000116.336 INFO             PET1 PIOc_freedecomp Exit - MemInfo: [/proc/self/status]	VmRSSPercent: 0.0524054 %
20220312 000116.336 INFO             PET1 PIOc_freedecomp Exit - MemInfo: [malloc] Non-mmapped space allocated:                22728704 Byte
20220312 000116.336 INFO             PET1 PIOc_freedecomp Exit - MemInfo: [malloc] Space allocated in mmapped regions:          4005888 Byte
20220312 000116.336 INFO             PET1 PIOc_freedecomp Exit - MemInfo: [malloc] Maximum total allocated space:                     0 Byte
20220312 000116.336 INFO             PET1 PIOc_freedecomp Exit - MemInfo: [malloc] Space in freed fastbin blocks:                   560 Byte
20220312 000116.336 INFO             PET1 PIOc_freedecomp Exit - MemInfo: [malloc] Total allocated space:                       1777920 Byte
20220312 000116.336 INFO             PET1 PIOc_freedecomp Exit - MemInfo: [malloc] Total free space:                           20950784 Byte
20220312 000116.336 INFO             PET1 PIOc_freedecomp Exit - MemInfo: [malloc] Top-most, releasable space:                 15412528 Byte
20220312 000116.336 INFO             PET1 PIOc_freedecomp Exit - MemInfo: [malloc] Total space in use, mmap + non-mmap:         5783808 Byte
20220312 000116.336 INFO             PET1 PIOc_freedecomp Exit - MemInfo: [malloc] Total space held (mmap + non-mmap):         26734592 Byte
20220312 000116.336 INFO             PET1 PIOc_freedecomp Exit - MemInfo: [malloc] Total space used (mmap + non-mmap):          5792016 Byte
20220312 000116.336 INFO             PET1 PIOc_freedecomp Exit - MemInfo: Wall-clock time since execution start:               0.382323 seconds
20220312 000116.338 INFO             PET1 PIOc_sync Enter - MemInfo: [/proc/meminfo - SSI]	MemTotal:       65855856 kB
20220312 000116.338 INFO             PET1 PIOc_sync Enter - MemInfo: [/proc/meminfo - SSI]	MemFree:        61110968 kB
20220312 000116.338 INFO             PET1 PIOc_sync Enter - MemInfo: [/proc/meminfo - SSI]	MemAvailable:   60898436 kB
20220312 000116.338 INFO             PET1 PIOc_sync Enter - MemInfo: [/proc/meminfo - SSI]	Committed_AS:    2994812 kB
20220312 000116.338 INFO             PET1 PIOc_sync Enter - MemInfo: [/proc/meminfo - SSI]	CommittedPercent: 4.54753 %
20220312 000116.338 INFO             PET1 PIOc_sync Enter - MemInfo: [/proc/self/status]	VmPeak:	  309120 kB
20220312 000116.338 INFO             PET1 PIOc_sync Enter - MemInfo: [/proc/self/status]	VmSize:	  309096 kB
20220312 000116.338 INFO             PET1 PIOc_sync Enter - MemInfo: [/proc/self/status]	VmLck:	       0 kB
20220312 000116.338 INFO             PET1 PIOc_sync Enter - MemInfo: [/proc/self/status]	VmPin:	       0 kB
20220312 000116.338 INFO             PET1 PIOc_sync Enter - MemInfo: [/proc/self/status]	VmHWM:	   34520 kB
20220312 000116.338 INFO             PET1 PIOc_sync Enter - MemInfo: [/proc/self/status]	VmRSS:	   34512 kB
20220312 000116.338 INFO             PET1 PIOc_sync Enter - MemInfo: [/proc/self/status]	VmData:	   47048 kB
20220312 000116.338 INFO             PET1 PIOc_sync Enter - MemInfo: [/proc/self/status]	VmStk:	     508 kB
20220312 000116.338 INFO             PET1 PIOc_sync Enter - MemInfo: [/proc/self/status]	VmExe:	    1936 kB
20220312 000116.338 INFO             PET1 PIOc_sync Enter - MemInfo: [/proc/self/status]	VmLib:	   93984 kB
20220312 000116.338 INFO             PET1 PIOc_sync Enter - MemInfo: [/proc/self/status]	VmPTE:	     440 kB
20220312 000116.338 INFO             PET1 PIOc_sync Enter - MemInfo: [/proc/self/status]	VmPMD:	      12 kB
20220312 000116.338 INFO             PET1 PIOc_sync Enter - MemInfo: [/proc/self/status]	VmSwap:	       0 kB
20220312 000116.338 INFO             PET1 PIOc_sync Enter - MemInfo: [/proc/self/status]	VmRSSPercent: 0.0524054 %
20220312 000116.338 INFO             PET1 PIOc_sync Enter - MemInfo: [malloc] Non-mmapped space allocated:                22728704 Byte
20220312 000116.338 INFO             PET1 PIOc_sync Enter - MemInfo: [malloc] Space allocated in mmapped regions:          4005888 Byte
20220312 000116.338 INFO             PET1 PIOc_sync Enter - MemInfo: [malloc] Maximum total allocated space:                     0 Byte
20220312 000116.338 INFO             PET1 PIOc_sync Enter - MemInfo: [malloc] Space in freed fastbin blocks:                    32 Byte
20220312 000116.338 INFO             PET1 PIOc_sync Enter - MemInfo: [malloc] Total allocated space:                       1779136 Byte
20220312 000116.338 INFO             PET1 PIOc_sync Enter - MemInfo: [malloc] Total free space:                           20949568 Byte
20220312 000116.338 INFO             PET1 PIOc_sync Enter - MemInfo: [malloc] Top-most, releasable space:                 15412528 Byte
20220312 000116.338 INFO             PET1 PIOc_sync Enter - MemInfo: [malloc] Total space in use, mmap + non-mmap:         5785024 Byte
20220312 000116.338 INFO             PET1 PIOc_sync Enter - MemInfo: [malloc] Total space held (mmap + non-mmap):         26734592 Byte
20220312 000116.338 INFO             PET1 PIOc_sync Enter - MemInfo: [malloc] Total space used (mmap + non-mmap):          5793232 Byte
