build time -- 2022-03-14 00:45:12
20220314 010525.421 INFO             PET0 !!!!!!!!!!!!!!!!!!!!!!!!!!!!!!!!!!!!!!!!!!!!!!!!!!!!!!
20220314 010525.421 INFO             PET0 !!! THE ESMF_LOG IS SET TO OUTPUT ALL LOG MESSAGES !!!
20220314 010525.421 INFO             PET0 !!!     THIS MAY CAUSE SLOWDOWN IN PERFORMANCE     !!!
20220314 010525.421 INFO             PET0 !!! FOR PRODUCTION RUNS, USE:                      !!!
20220314 010525.421 INFO             PET0 !!!                   ESMF_LOGKIND_Multi_On_Error  !!!
20220314 010525.421 INFO             PET0 !!!!!!!!!!!!!!!!!!!!!!!!!!!!!!!!!!!!!!!!!!!!!!!!!!!!!!
20220314 010525.421 INFO             PET0 Running with ESMF Version   : v8.3.0b09-96-g559b459836
20220314 010525.421 INFO             PET0 ESMF library build date/time: "Mar 14 2022" "00:43:16"
20220314 010525.421 INFO             PET0 ESMF library build location : /lustre/f2/dev/ncep/Mark.Potts/intel_2019.5_mpi_O_jedwards_pio_update2
20220314 010525.421 INFO             PET0 ESMF_COMM                   : mpi
20220314 010525.422 INFO             PET0 ESMF_MOAB                   : enabled
20220314 010525.422 INFO             PET0 ESMF_LAPACK                 : enabled
20220314 010525.422 INFO             PET0 ESMF_NETCDF                 : enabled
20220314 010525.422 INFO             PET0 ESMF_PNETCDF                : disabled
20220314 010525.422 INFO             PET0 ESMF_PIO                    : enabled
20220314 010525.422 INFO             PET0 ESMF_YAMLCPP                : enabled
20220314 010525.436 INFO             PET0  Beginning Test, file ESMF_ArrayIOUTest.F90, line 103
20220314 010525.436 INFO             PET0  NUMBER_OF_PROCESSORS           6
20220314 010525.437 INFO             PET0  PASS  dstDistgrid Create Test, ESMF_ArrayIOUTest.F90, line 137
20220314 010525.437 INFO             PET0  PASS  Array Spec Set Test, ESMF_ArrayIOUTest.F90, line 145
20220314 010525.437 INFO             PET0  PASS  Array with Halo Create Test, ESMF_ArrayIOUTest.F90, line 160
20220314 010525.437 INFO             PET0  PASS  Array without Halo Create Test, ESMF_ArrayIOUTest.F90, line 170
20220314 010525.437 INFO             PET0  PASS  Accessing Fortran pointers for Arrays Test, ESMF_ArrayIOUTest.F90, line 225
20220314 010525.471 INFO             PET0 PIOc_sync Enter - MemInfo: [/proc/meminfo - SSI]	MemTotal:       65855856 kB
20220314 010525.471 INFO             PET0 PIOc_sync Enter - MemInfo: [/proc/meminfo - SSI]	MemFree:        61263720 kB
20220314 010525.471 INFO             PET0 PIOc_sync Enter - MemInfo: [/proc/meminfo - SSI]	MemAvailable:   61046816 kB
20220314 010525.471 INFO             PET0 PIOc_sync Enter - MemInfo: [/proc/meminfo - SSI]	Committed_AS:    2921916 kB
20220314 010525.471 INFO             PET0 PIOc_sync Enter - MemInfo: [/proc/meminfo - SSI]	CommittedPercent: 4.43684 %
20220314 010525.472 INFO             PET0 PIOc_sync Enter - MemInfo: [/proc/self/status]	VmPeak:	  238148 kB
20220314 010525.472 INFO             PET0 PIOc_sync Enter - MemInfo: [/proc/self/status]	VmSize:	  238148 kB
20220314 010525.472 INFO             PET0 PIOc_sync Enter - MemInfo: [/proc/self/status]	VmLck:	       0 kB
20220314 010525.472 INFO             PET0 PIOc_sync Enter - MemInfo: [/proc/self/status]	VmPin:	       0 kB
20220314 010525.472 INFO             PET0 PIOc_sync Enter - MemInfo: [/proc/self/status]	VmHWM:	   30256 kB
20220314 010525.472 INFO             PET0 PIOc_sync Enter - MemInfo: [/proc/self/status]	VmRSS:	   30256 kB
20220314 010525.472 INFO             PET0 PIOc_sync Enter - MemInfo: [/proc/self/status]	VmData:	   34348 kB
20220314 010525.472 INFO             PET0 PIOc_sync Enter - MemInfo: [/proc/self/status]	VmStk:	     508 kB
20220314 010525.472 INFO             PET0 PIOc_sync Enter - MemInfo: [/proc/self/status]	VmExe:	    1824 kB
20220314 010525.472 INFO             PET0 PIOc_sync Enter - MemInfo: [/proc/self/status]	VmLib:	   93984 kB
20220314 010525.472 INFO             PET0 PIOc_sync Enter - MemInfo: [/proc/self/status]	VmPTE:	     364 kB
20220314 010525.472 INFO             PET0 PIOc_sync Enter - MemInfo: [/proc/self/status]	VmPMD:	      12 kB
20220314 010525.472 INFO             PET0 PIOc_sync Enter - MemInfo: [/proc/self/status]	VmSwap:	       0 kB
20220314 010525.472 INFO             PET0 PIOc_sync Enter - MemInfo: [/proc/self/status]	VmRSSPercent: 0.0459428 %
20220314 010525.472 INFO             PET0 PIOc_sync Enter - MemInfo: [malloc] Non-mmapped space allocated:                 1064960 Byte
20220314 010525.472 INFO             PET0 PIOc_sync Enter - MemInfo: [malloc] Space allocated in mmapped regions:         12787712 Byte
20220314 010525.472 INFO             PET0 PIOc_sync Enter - MemInfo: [malloc] Maximum total allocated space:                     0 Byte
20220314 010525.472 INFO             PET0 PIOc_sync Enter - MemInfo: [malloc] Space in freed fastbin blocks:                     0 Byte
20220314 010525.472 INFO             PET0 PIOc_sync Enter - MemInfo: [malloc] Total allocated space:                       1035968 Byte
20220314 010525.472 INFO             PET0 PIOc_sync Enter - MemInfo: [malloc] Total free space:                              28992 Byte
20220314 010525.472 INFO             PET0 PIOc_sync Enter - MemInfo: [malloc] Top-most, releasable space:                     2928 Byte
20220314 010525.472 INFO             PET0 PIOc_sync Enter - MemInfo: [malloc] Total space in use, mmap + non-mmap:        13823680 Byte
20220314 010525.472 INFO             PET0 PIOc_sync Enter - MemInfo: [malloc] Total space held (mmap + non-mmap):         13852672 Byte
20220314 010525.472 INFO             PET0 PIOc_sync Enter - MemInfo: [malloc] Total space used (mmap + non-mmap):         13833296 Byte
20220314 010525.472 INFO             PET0 PIOc_sync Enter - MemInfo: Wall-clock time since execution start:               0.064487 seconds
20220314 010525.472 INFO             PET0 PIOc_sync Exit - MemInfo: [/proc/meminfo - SSI]	MemTotal:       65855856 kB
20220314 010525.472 INFO             PET0 PIOc_sync Exit - MemInfo: [/proc/meminfo - SSI]	MemFree:        61263720 kB
20220314 010525.472 INFO             PET0 PIOc_sync Exit - MemInfo: [/proc/meminfo - SSI]	MemAvailable:   61046816 kB
20220314 010525.472 INFO             PET0 PIOc_sync Exit - MemInfo: [/proc/meminfo - SSI]	Committed_AS:    2921916 kB
20220314 010525.472 INFO             PET0 PIOc_sync Exit - MemInfo: [/proc/meminfo - SSI]	CommittedPercent: 4.43684 %
20220314 010525.472 INFO             PET0 PIOc_sync Exit - MemInfo: [/proc/self/status]	VmPeak:	  238664 kB
20220314 010525.472 INFO             PET0 PIOc_sync Exit - MemInfo: [/proc/self/status]	VmSize:	  238664 kB
20220314 010525.472 INFO             PET0 PIOc_sync Exit - MemInfo: [/proc/self/status]	VmLck:	       0 kB
20220314 010525.472 INFO             PET0 PIOc_sync Exit - MemInfo: [/proc/self/status]	VmPin:	       0 kB
20220314 010525.472 INFO             PET0 PIOc_sync Exit - MemInfo: [/proc/self/status]	VmHWM:	   30748 kB
20220314 010525.472 INFO             PET0 PIOc_sync Exit - MemInfo: [/proc/self/status]	VmRSS:	   30748 kB
20220314 010525.472 INFO             PET0 PIOc_sync Exit - MemInfo: [/proc/self/status]	VmData:	   34864 kB
20220314 010525.472 INFO             PET0 PIOc_sync Exit - MemInfo: [/proc/self/status]	VmStk:	     508 kB
20220314 010525.472 INFO             PET0 PIOc_sync Exit - MemInfo: [/proc/self/status]	VmExe:	    1824 kB
20220314 010525.472 INFO             PET0 PIOc_sync Exit - MemInfo: [/proc/self/status]	VmLib:	   93984 kB
20220314 010525.472 INFO             PET0 PIOc_sync Exit - MemInfo: [/proc/self/status]	VmPTE:	     380 kB
20220314 010525.472 INFO             PET0 PIOc_sync Exit - MemInfo: [/proc/self/status]	VmPMD:	      12 kB
20220314 010525.472 INFO             PET0 PIOc_sync Exit - MemInfo: [/proc/self/status]	VmSwap:	       0 kB
20220314 010525.472 INFO             PET0 PIOc_sync Exit - MemInfo: [/proc/self/status]	VmRSSPercent: 0.0466898 %
20220314 010525.472 INFO             PET0 PIOc_sync Exit - MemInfo: [malloc] Non-mmapped space allocated:                 1261568 Byte
20220314 010525.472 INFO             PET0 PIOc_sync Exit - MemInfo: [malloc] Space allocated in mmapped regions:         13119488 Byte
20220314 010525.472 INFO             PET0 PIOc_sync Exit - MemInfo: [malloc] Maximum total allocated space:                     0 Byte
20220314 010525.472 INFO             PET0 PIOc_sync Exit - MemInfo: [malloc] Space in freed fastbin blocks:                     0 Byte
20220314 010525.472 INFO             PET0 PIOc_sync Exit - MemInfo: [malloc] Total allocated space:                       1110176 Byte
20220314 010525.472 INFO             PET0 PIOc_sync Exit - MemInfo: [malloc] Total free space:                             151392 Byte
20220314 010525.472 INFO             PET0 PIOc_sync Exit - MemInfo: [malloc] Top-most, releasable space:                   133984 Byte
20220314 010525.472 INFO             PET0 PIOc_sync Exit - MemInfo: [malloc] Total space in use, mmap + non-mmap:        14229664 Byte
20220314 010525.472 INFO             PET0 PIOc_sync Exit - MemInfo: [malloc] Total space held (mmap + non-mmap):         14381056 Byte
20220314 010525.472 INFO             PET0 PIOc_sync Exit - MemInfo: [malloc] Total space used (mmap + non-mmap):         14238128 Byte
20220314 010525.472 INFO             PET0 PIOc_sync Exit - MemInfo: Wall-clock time since execution start:              0.0651219 seconds
20220314 010525.473 INFO             PET0 PIOc_freedecomp Enter - MemInfo: [/proc/meminfo - SSI]	MemTotal:       65855856 kB
20220314 010525.473 INFO             PET0 PIOc_freedecomp Enter - MemInfo: [/proc/meminfo - SSI]	MemFree:        61270776 kB
20220314 010525.473 INFO             PET0 PIOc_freedecomp Enter - MemInfo: [/proc/meminfo - SSI]	MemAvailable:   61053872 kB
20220314 010525.473 INFO             PET0 PIOc_freedecomp Enter - MemInfo: [/proc/meminfo - SSI]	Committed_AS:    2915196 kB
20220314 010525.473 INFO             PET0 PIOc_freedecomp Enter - MemInfo: [/proc/meminfo - SSI]	CommittedPercent: 4.42663 %
20220314 010525.473 INFO             PET0 PIOc_freedecomp Enter - MemInfo: [/proc/self/status]	VmPeak:	  238664 kB
20220314 010525.473 INFO             PET0 PIOc_freedecomp Enter - MemInfo: [/proc/self/status]	VmSize:	  229952 kB
20220314 010525.473 INFO             PET0 PIOc_freedecomp Enter - MemInfo: [/proc/self/status]	VmLck:	       0 kB
20220314 010525.473 INFO             PET0 PIOc_freedecomp Enter - MemInfo: [/proc/self/status]	VmPin:	       0 kB
20220314 010525.473 INFO             PET0 PIOc_freedecomp Enter - MemInfo: [/proc/self/status]	VmHWM:	   30748 kB
20220314 010525.473 INFO             PET0 PIOc_freedecomp Enter - MemInfo: [/proc/self/status]	VmRSS:	   22652 kB
20220314 010525.473 INFO             PET0 PIOc_freedecomp Enter - MemInfo: [/proc/self/status]	VmData:	   26152 kB
20220314 010525.473 INFO             PET0 PIOc_freedecomp Enter - MemInfo: [/proc/self/status]	VmStk:	     508 kB
20220314 010525.473 INFO             PET0 PIOc_freedecomp Enter - MemInfo: [/proc/self/status]	VmExe:	    1824 kB
20220314 010525.473 INFO             PET0 PIOc_freedecomp Enter - MemInfo: [/proc/self/status]	VmLib:	   93984 kB
20220314 010525.473 INFO             PET0 PIOc_freedecomp Enter - MemInfo: [/proc/self/status]	VmPTE:	     368 kB
20220314 010525.473 INFO             PET0 PIOc_freedecomp Enter - MemInfo: [/proc/self/status]	VmPMD:	      12 kB
20220314 010525.473 INFO             PET0 PIOc_freedecomp Enter - MemInfo: [/proc/self/status]	VmSwap:	       0 kB
20220314 010525.473 INFO             PET0 PIOc_freedecomp Enter - MemInfo: [/proc/self/status]	VmRSSPercent: 0.0343963 %
20220314 010525.473 INFO             PET0 PIOc_freedecomp Enter - MemInfo: [malloc] Non-mmapped space allocated:                 1261568 Byte
20220314 010525.473 INFO             PET0 PIOc_freedecomp Enter - MemInfo: [malloc] Space allocated in mmapped regions:          4198400 Byte
20220314 010525.473 INFO             PET0 PIOc_freedecomp Enter - MemInfo: [malloc] Maximum total allocated space:                     0 Byte
20220314 010525.473 INFO             PET0 PIOc_freedecomp Enter - MemInfo: [malloc] Space in freed fastbin blocks:                   608 Byte
20220314 010525.473 INFO             PET0 PIOc_freedecomp Enter - MemInfo: [malloc] Total allocated space:                       1099664 Byte
20220314 010525.473 INFO             PET0 PIOc_freedecomp Enter - MemInfo: [malloc] Total free space:                             161904 Byte
20220314 010525.473 INFO             PET0 PIOc_freedecomp Enter - MemInfo: [malloc] Top-most, releasable space:                   133984 Byte
20220314 010525.473 INFO             PET0 PIOc_freedecomp Enter - MemInfo: [malloc] Total space in use, mmap + non-mmap:         5298064 Byte
20220314 010525.473 INFO             PET0 PIOc_freedecomp Enter - MemInfo: [malloc] Total space held (mmap + non-mmap):          5459968 Byte
20220314 010525.473 INFO             PET0 PIOc_freedecomp Enter - MemInfo: [malloc] Total space used (mmap + non-mmap):          5306384 Byte
20220314 010525.473 INFO             PET0 PIOc_freedecomp Enter - MemInfo: Wall-clock time since execution start:               0.065835 seconds
20220314 010525.473 INFO             PET0 PIOc_freedecomp Exit - MemInfo: [/proc/meminfo - SSI]	MemTotal:       65855856 kB
20220314 010525.473 INFO             PET0 PIOc_freedecomp Exit - MemInfo: [/proc/meminfo - SSI]	MemFree:        61270776 kB
20220314 010525.473 INFO             PET0 PIOc_freedecomp Exit - MemInfo: [/proc/meminfo - SSI]	MemAvailable:   61053872 kB
20220314 010525.473 INFO             PET0 PIOc_freedecomp Exit - MemInfo: [/proc/meminfo - SSI]	Committed_AS:    2915196 kB
20220314 010525.473 INFO             PET0 PIOc_freedecomp Exit - MemInfo: [/proc/meminfo - SSI]	CommittedPercent: 4.42663 %
20220314 010525.473 INFO             PET0 PIOc_freedecomp Exit - MemInfo: [/proc/self/status]	VmPeak:	  238664 kB
20220314 010525.473 INFO             PET0 PIOc_freedecomp Exit - MemInfo: [/proc/self/status]	VmSize:	  229952 kB
20220314 010525.473 INFO             PET0 PIOc_freedecomp Exit - MemInfo: [/proc/self/status]	VmLck:	       0 kB
20220314 010525.473 INFO             PET0 PIOc_freedecomp Exit - MemInfo: [/proc/self/status]	VmPin:	       0 kB
20220314 010525.473 INFO             PET0 PIOc_freedecomp Exit - MemInfo: [/proc/self/status]	VmHWM:	   30748 kB
20220314 010525.473 INFO             PET0 PIOc_freedecomp Exit - MemInfo: [/proc/self/status]	VmRSS:	   22652 kB
20220314 010525.473 INFO             PET0 PIOc_freedecomp Exit - MemInfo: [/proc/self/status]	VmData:	   26152 kB
20220314 010525.473 INFO             PET0 PIOc_freedecomp Exit - MemInfo: [/proc/self/status]	VmStk:	     508 kB
20220314 010525.473 INFO             PET0 PIOc_freedecomp Exit - MemInfo: [/proc/self/status]	VmExe:	    1824 kB
20220314 010525.473 INFO             PET0 PIOc_freedecomp Exit - MemInfo: [/proc/self/status]	VmLib:	   93984 kB
20220314 010525.473 INFO             PET0 PIOc_freedecomp Exit - MemInfo: [/proc/self/status]	VmPTE:	     368 kB
20220314 010525.473 INFO             PET0 PIOc_freedecomp Exit - MemInfo: [/proc/self/status]	VmPMD:	      12 kB
20220314 010525.473 INFO             PET0 PIOc_freedecomp Exit - MemInfo: [/proc/self/status]	VmSwap:	       0 kB
20220314 010525.473 INFO             PET0 PIOc_freedecomp Exit - MemInfo: [/proc/self/status]	VmRSSPercent: 0.0343963 %
20220314 010525.473 INFO             PET0 PIOc_freedecomp Exit - MemInfo: [malloc] Non-mmapped space allocated:                 1261568 Byte
20220314 010525.473 INFO             PET0 PIOc_freedecomp Exit - MemInfo: [malloc] Space allocated in mmapped regions:          4198400 Byte
20220314 010525.473 INFO             PET0 PIOc_freedecomp Exit - MemInfo: [malloc] Maximum total allocated space:                     0 Byte
20220314 010525.473 INFO             PET0 PIOc_freedecomp Exit - MemInfo: [malloc] Space in freed fastbin blocks:                   160 Byte
20220314 010525.473 INFO             PET0 PIOc_freedecomp Exit - MemInfo: [malloc] Total allocated space:                       1086688 Byte
20220314 010525.473 INFO             PET0 PIOc_freedecomp Exit - MemInfo: [malloc] Total free space:                             174880 Byte
20220314 010525.473 INFO             PET0 PIOc_freedecomp Exit - MemInfo: [malloc] Top-most, releasable space:                   133984 Byte
20220314 010525.473 INFO             PET0 PIOc_freedecomp Exit - MemInfo: [malloc] Total space in use, mmap + non-mmap:         5285088 Byte
20220314 010525.473 INFO             PET0 PIOc_freedecomp Exit - MemInfo: [malloc] Total space held (mmap + non-mmap):          5459968 Byte
20220314 010525.473 INFO             PET0 PIOc_freedecomp Exit - MemInfo: [malloc] Total space used (mmap + non-mmap):          5293520 Byte
20220314 010525.473 INFO             PET0 PIOc_freedecomp Exit - MemInfo: Wall-clock time since execution start:              0.0661178 seconds
20220314 010525.473 INFO             PET0  PASS  Write ESMF_Array with Halo to NetCDF Test, ESMF_ArrayIOUTest.F90, line 236
20220314 010525.474 WARNING          PET0 ESMCI_PIO_Handler.C:1319 ESMCI::PIO_Handler::open()  Unable to create file: file3D_withhalo.nc, (PIO/NetCDF error = NetCDF: File exists && NC_NOCLOBBER)
20220314 010525.474 ERROR            PET0 ESMCI_PIO_Handler.C:779 ESMCI::PIO_Handler::arrayWrite() Unable to read from file  - file not open
20220314 010525.474 ERROR            PET0 ESMCI_IO.C:736 ESMCI::IO::write() Unable to read from file  - Internal subroutine call returned Error
20220314 010525.474 ERROR            PET0 ESMCI_IO.C:956 ESMCI::IO::close() Unable to close file  - Internal subroutine call returned Error
20220314 010525.474 ERROR            PET0 ESMCI_IO.C:494 ESMCI::IO::write() Unable to read from file  - Internal subroutine call returned Error
20220314 010525.474 ERROR            PET0 ESMCI_Array.C:4093 ESMCI::Array::write() Unable to write to file  - Internal subroutine call returned Error
20220314 010525.474 ERROR            PET0 ESMCI_Array_F.C:801 c_esmc_arraywrite() Unable to write to file  - Internal subroutine call returned Error
20220314 010525.474 ERROR            PET0 ESMF_Array.F90:3994 ESMF_ArrayWrite Unable to write to file  - Internal subroutine call returned Error
20220314 010525.474 INFO             PET0  PASS  Write ESMF_Array with Halo Test overwrite test, ESMF_ArrayIOUTest.F90, line 250
20220314 010525.474 ERROR            PET0 ESMCI_IO_Handler.C:164 ESMCI::IO_Handler::create() Unknown I/O Format
20220314 010525.474 ERROR            PET0 ESMCI_IO.C:469 ESMCI::IO::write() Invalid argument  - Internal subroutine call returned Error
20220314 010525.474 ERROR            PET0 ESMCI_Array.C:4093 ESMCI::Array::write() Invalid argument  - Internal subroutine call returned Error
20220314 010525.474 ERROR            PET0 ESMCI_Array_F.C:801 c_esmc_arraywrite() Invalid argument  - Internal subroutine call returned Error
20220314 010525.474 ERROR            PET0 ESMF_Array.F90:3994 ESMF_ArrayWrite Invalid argument  - Internal subroutine call returned Error
20220314 010525.474 INFO             PET0  PASS  Write ESMF_Array with Halo to binary Test, ESMF_ArrayIOUTest.F90, line 264
20220314 010525.483 INFO             PET0 PIOc_sync Enter - MemInfo: [/proc/meminfo - SSI]	MemTotal:       65855856 kB
20220314 010525.484 INFO             PET0 PIOc_sync Enter - MemInfo: [/proc/meminfo - SSI]	MemFree:        61263216 kB
20220314 010525.484 INFO             PET0 PIOc_sync Enter - MemInfo: [/proc/meminfo - SSI]	MemAvailable:   61046564 kB
20220314 010525.484 INFO             PET0 PIOc_sync Enter - MemInfo: [/proc/meminfo - SSI]	Committed_AS:    2923388 kB
20220314 010525.484 INFO             PET0 PIOc_sync Enter - MemInfo: [/proc/meminfo - SSI]	CommittedPercent: 4.43907 %
20220314 010525.484 INFO             PET0 PIOc_sync Enter - MemInfo: [/proc/self/status]	VmPeak:	  238664 kB
20220314 010525.484 INFO             PET0 PIOc_sync Enter - MemInfo: [/proc/self/status]	VmSize:	  238656 kB
20220314 010525.484 INFO             PET0 PIOc_sync Enter - MemInfo: [/proc/self/status]	VmLck:	       0 kB
20220314 010525.484 INFO             PET0 PIOc_sync Enter - MemInfo: [/proc/self/status]	VmPin:	       0 kB
20220314 010525.484 INFO             PET0 PIOc_sync Enter - MemInfo: [/proc/self/status]	VmHWM:	   31200 kB
20220314 010525.484 INFO             PET0 PIOc_sync Enter - MemInfo: [/proc/self/status]	VmRSS:	   31200 kB
20220314 010525.484 INFO             PET0 PIOc_sync Enter - MemInfo: [/proc/self/status]	VmData:	   34856 kB
20220314 010525.484 INFO             PET0 PIOc_sync Enter - MemInfo: [/proc/self/status]	VmStk:	     508 kB
20220314 010525.484 INFO             PET0 PIOc_sync Enter - MemInfo: [/proc/self/status]	VmExe:	    1824 kB
20220314 010525.484 INFO             PET0 PIOc_sync Enter - MemInfo: [/proc/self/status]	VmLib:	   93984 kB
20220314 010525.484 INFO             PET0 PIOc_sync Enter - MemInfo: [/proc/self/status]	VmPTE:	     384 kB
20220314 010525.484 INFO             PET0 PIOc_sync Enter - MemInfo: [/proc/self/status]	VmPMD:	      12 kB
20220314 010525.484 INFO             PET0 PIOc_sync Enter - MemInfo: [/proc/self/status]	VmSwap:	       0 kB
20220314 010525.484 INFO             PET0 PIOc_sync Enter - MemInfo: [/proc/self/status]	VmRSSPercent: 0.0473762 %
20220314 010525.484 INFO             PET0 PIOc_sync Enter - MemInfo: [malloc] Non-mmapped space allocated:                10174464 Byte
20220314 010525.484 INFO             PET0 PIOc_sync Enter - MemInfo: [malloc] Space allocated in mmapped regions:          4198400 Byte
20220314 010525.484 INFO             PET0 PIOc_sync Enter - MemInfo: [malloc] Maximum total allocated space:                     0 Byte
20220314 010525.484 INFO             PET0 PIOc_sync Enter - MemInfo: [malloc] Space in freed fastbin blocks:                     0 Byte
20220314 010525.484 INFO             PET0 PIOc_sync Enter - MemInfo: [malloc] Total allocated space:                      10016880 Byte
20220314 010525.484 INFO             PET0 PIOc_sync Enter - MemInfo: [malloc] Total free space:                             157584 Byte
20220314 010525.484 INFO             PET0 PIOc_sync Enter - MemInfo: [malloc] Top-most, releasable space:                   133952 Byte
20220314 010525.484 INFO             PET0 PIOc_sync Enter - MemInfo: [malloc] Total space in use, mmap + non-mmap:        14215280 Byte
20220314 010525.484 INFO             PET0 PIOc_sync Enter - MemInfo: [malloc] Total space held (mmap + non-mmap):         14372864 Byte
20220314 010525.484 INFO             PET0 PIOc_sync Enter - MemInfo: [malloc] Total space used (mmap + non-mmap):         14223600 Byte
20220314 010525.484 INFO             PET0 PIOc_sync Enter - MemInfo: Wall-clock time since execution start:              0.0765169 seconds
20220314 010525.484 INFO             PET0 PIOc_sync Exit - MemInfo: [/proc/meminfo - SSI]	MemTotal:       65855856 kB
20220314 010525.484 INFO             PET0 PIOc_sync Exit - MemInfo: [/proc/meminfo - SSI]	MemFree:        61263216 kB
20220314 010525.484 INFO             PET0 PIOc_sync Exit - MemInfo: [/proc/meminfo - SSI]	MemAvailable:   61046564 kB
20220314 010525.484 INFO             PET0 PIOc_sync Exit - MemInfo: [/proc/meminfo - SSI]	Committed_AS:    2923388 kB
20220314 010525.484 INFO             PET0 PIOc_sync Exit - MemInfo: [/proc/meminfo - SSI]	CommittedPercent: 4.43907 %
20220314 010525.484 INFO             PET0 PIOc_sync Exit - MemInfo: [/proc/self/status]	VmPeak:	  238664 kB
20220314 010525.484 INFO             PET0 PIOc_sync Exit - MemInfo: [/proc/self/status]	VmSize:	  238656 kB
20220314 010525.484 INFO             PET0 PIOc_sync Exit - MemInfo: [/proc/self/status]	VmLck:	       0 kB
20220314 010525.484 INFO             PET0 PIOc_sync Exit - MemInfo: [/proc/self/status]	VmPin:	       0 kB
20220314 010525.484 INFO             PET0 PIOc_sync Exit - MemInfo: [/proc/self/status]	VmHWM:	   31200 kB
20220314 010525.484 INFO             PET0 PIOc_sync Exit - MemInfo: [/proc/self/status]	VmRSS:	   31200 kB
20220314 010525.484 INFO             PET0 PIOc_sync Exit - MemInfo: [/proc/self/status]	VmData:	   34856 kB
20220314 010525.484 INFO             PET0 PIOc_sync Exit - MemInfo: [/proc/self/status]	VmStk:	     508 kB
20220314 010525.484 INFO             PET0 PIOc_sync Exit - MemInfo: [/proc/self/status]	VmExe:	    1824 kB
20220314 010525.484 INFO             PET0 PIOc_sync Exit - MemInfo: [/proc/self/status]	VmLib:	   93984 kB
20220314 010525.484 INFO             PET0 PIOc_sync Exit - MemInfo: [/proc/self/status]	VmPTE:	     384 kB
20220314 010525.484 INFO             PET0 PIOc_sync Exit - MemInfo: [/proc/self/status]	VmPMD:	      12 kB
20220314 010525.484 INFO             PET0 PIOc_sync Exit - MemInfo: [/proc/self/status]	VmSwap:	       0 kB
20220314 010525.484 INFO             PET0 PIOc_sync Exit - MemInfo: [/proc/self/status]	VmRSSPercent: 0.0473762 %
20220314 010525.484 INFO             PET0 PIOc_sync Exit - MemInfo: [malloc] Non-mmapped space allocated:                10174464 Byte
20220314 010525.484 INFO             PET0 PIOc_sync Exit - MemInfo: [malloc] Space allocated in mmapped regions:          4198400 Byte
20220314 010525.484 INFO             PET0 PIOc_sync Exit - MemInfo: [malloc] Maximum total allocated space:                     0 Byte
20220314 010525.484 INFO             PET0 PIOc_sync Exit - MemInfo: [malloc] Space in freed fastbin blocks:                     0 Byte
20220314 010525.484 INFO             PET0 PIOc_sync Exit - MemInfo: [malloc] Total allocated space:                      10018240 Byte
20220314 010525.484 INFO             PET0 PIOc_sync Exit - MemInfo: [malloc] Total free space:                             156224 Byte
20220314 010525.484 INFO             PET0 PIOc_sync Exit - MemInfo: [malloc] Top-most, releasable space:                   133952 Byte
20220314 010525.484 INFO             PET0 PIOc_sync Exit - MemInfo: [malloc] Total space in use, mmap + non-mmap:        14216640 Byte
20220314 010525.484 INFO             PET0 PIOc_sync Exit - MemInfo: [malloc] Total space held (mmap + non-mmap):         14372864 Byte
20220314 010525.484 INFO             PET0 PIOc_sync Exit - MemInfo: [malloc] Total space used (mmap + non-mmap):         14224960 Byte
20220314 010525.484 INFO             PET0 PIOc_sync Exit - MemInfo: Wall-clock time since execution start:              0.0769019 seconds
20220314 010525.484 INFO             PET0 PIOc_freedecomp Enter - MemInfo: [/proc/meminfo - SSI]	MemTotal:       65855856 kB
20220314 010525.484 INFO             PET0 PIOc_freedecomp Enter - MemInfo: [/proc/meminfo - SSI]	MemFree:        61263216 kB
20220314 010525.484 INFO             PET0 PIOc_freedecomp Enter - MemInfo: [/proc/meminfo - SSI]	MemAvailable:   61046564 kB
20220314 010525.484 INFO             PET0 PIOc_freedecomp Enter - MemInfo: [/proc/meminfo - SSI]	Committed_AS:    2923388 kB
20220314 010525.484 INFO             PET0 PIOc_freedecomp Enter - MemInfo: [/proc/meminfo - SSI]	CommittedPercent: 4.43907 %
20220314 010525.484 INFO             PET0 PIOc_freedecomp Enter - MemInfo: [/proc/self/status]	VmPeak:	  238664 kB
20220314 010525.484 INFO             PET0 PIOc_freedecomp Enter - MemInfo: [/proc/self/status]	VmSize:	  238656 kB
20220314 010525.484 INFO             PET0 PIOc_freedecomp Enter - MemInfo: [/proc/self/status]	VmLck:	       0 kB
20220314 010525.484 INFO             PET0 PIOc_freedecomp Enter - MemInfo: [/proc/self/status]	VmPin:	       0 kB
20220314 010525.484 INFO             PET0 PIOc_freedecomp Enter - MemInfo: [/proc/self/status]	VmHWM:	   31200 kB
20220314 010525.484 INFO             PET0 PIOc_freedecomp Enter - MemInfo: [/proc/self/status]	VmRSS:	   31200 kB
20220314 010525.485 INFO             PET0 PIOc_freedecomp Enter - MemInfo: [/proc/self/status]	VmData:	   34856 kB
20220314 010525.485 INFO             PET0 PIOc_freedecomp Enter - MemInfo: [/proc/self/status]	VmStk:	     508 kB
20220314 010525.485 INFO             PET0 PIOc_freedecomp Enter - MemInfo: [/proc/self/status]	VmExe:	    1824 kB
20220314 010525.485 INFO             PET0 PIOc_freedecomp Enter - MemInfo: [/proc/self/status]	VmLib:	   93984 kB
20220314 010525.485 INFO             PET0 PIOc_freedecomp Enter - MemInfo: [/proc/self/status]	VmPTE:	     384 kB
20220314 010525.485 INFO             PET0 PIOc_freedecomp Enter - MemInfo: [/proc/self/status]	VmPMD:	      12 kB
20220314 010525.485 INFO             PET0 PIOc_freedecomp Enter - MemInfo: [/proc/self/status]	VmSwap:	       0 kB
20220314 010525.485 INFO             PET0 PIOc_freedecomp Enter - MemInfo: [/proc/self/status]	VmRSSPercent: 0.0473762 %
20220314 010525.485 INFO             PET0 PIOc_freedecomp Enter - MemInfo: [malloc] Non-mmapped space allocated:                10174464 Byte
20220314 010525.485 INFO             PET0 PIOc_freedecomp Enter - MemInfo: [malloc] Space allocated in mmapped regions:          4198400 Byte
20220314 010525.485 INFO             PET0 PIOc_freedecomp Enter - MemInfo: [malloc] Maximum total allocated space:                     0 Byte
20220314 010525.485 INFO             PET0 PIOc_freedecomp Enter - MemInfo: [malloc] Space in freed fastbin blocks:                   160 Byte
20220314 010525.485 INFO             PET0 PIOc_freedecomp Enter - MemInfo: [malloc] Total allocated space:                       1094272 Byte
20220314 010525.485 INFO             PET0 PIOc_freedecomp Enter - MemInfo: [malloc] Total free space:                            9080192 Byte
20220314 010525.485 INFO             PET0 PIOc_freedecomp Enter - MemInfo: [malloc] Top-most, releasable space:                  9046880 Byte
20220314 010525.485 INFO             PET0 PIOc_freedecomp Enter - MemInfo: [malloc] Total space in use, mmap + non-mmap:         5292672 Byte
20220314 010525.485 INFO             PET0 PIOc_freedecomp Enter - MemInfo: [malloc] Total space held (mmap + non-mmap):         14372864 Byte
20220314 010525.485 INFO             PET0 PIOc_freedecomp Enter - MemInfo: [malloc] Total space used (mmap + non-mmap):          5300880 Byte
20220314 010525.485 INFO             PET0 PIOc_freedecomp Enter - MemInfo: Wall-clock time since execution start:               0.077369 seconds
20220314 010525.485 INFO             PET0 PIOc_freedecomp Exit - MemInfo: [/proc/meminfo - SSI]	MemTotal:       65855856 kB
20220314 010525.485 INFO             PET0 PIOc_freedecomp Exit - MemInfo: [/proc/meminfo - SSI]	MemFree:        61263216 kB
20220314 010525.485 INFO             PET0 PIOc_freedecomp Exit - MemInfo: [/proc/meminfo - SSI]	MemAvailable:   61046564 kB
20220314 010525.485 INFO             PET0 PIOc_freedecomp Exit - MemInfo: [/proc/meminfo - SSI]	Committed_AS:    2923388 kB
20220314 010525.485 INFO             PET0 PIOc_freedecomp Exit - MemInfo: [/proc/meminfo - SSI]	CommittedPercent: 4.43907 %
20220314 010525.485 INFO             PET0 PIOc_freedecomp Exit - MemInfo: [/proc/self/status]	VmPeak:	  238664 kB
20220314 010525.485 INFO             PET0 PIOc_freedecomp Exit - MemInfo: [/proc/self/status]	VmSize:	  238656 kB
20220314 010525.485 INFO             PET0 PIOc_freedecomp Exit - MemInfo: [/proc/self/status]	VmLck:	       0 kB
20220314 010525.485 INFO             PET0 PIOc_freedecomp Exit - MemInfo: [/proc/self/status]	VmPin:	       0 kB
20220314 010525.485 INFO             PET0 PIOc_freedecomp Exit - MemInfo: [/proc/self/status]	VmHWM:	   31200 kB
20220314 010525.485 INFO             PET0 PIOc_freedecomp Exit - MemInfo: [/proc/self/status]	VmRSS:	   31200 kB
20220314 010525.485 INFO             PET0 PIOc_freedecomp Exit - MemInfo: [/proc/self/status]	VmData:	   34856 kB
20220314 010525.485 INFO             PET0 PIOc_freedecomp Exit - MemInfo: [/proc/self/status]	VmStk:	     508 kB
20220314 010525.485 INFO             PET0 PIOc_freedecomp Exit - MemInfo: [/proc/self/status]	VmExe:	    1824 kB
20220314 010525.485 INFO             PET0 PIOc_freedecomp Exit - MemInfo: [/proc/self/status]	VmLib:	   93984 kB
20220314 010525.485 INFO             PET0 PIOc_freedecomp Exit - MemInfo: [/proc/self/status]	VmPTE:	     384 kB
20220314 010525.485 INFO             PET0 PIOc_freedecomp Exit - MemInfo: [/proc/self/status]	VmPMD:	      12 kB
20220314 010525.485 INFO             PET0 PIOc_freedecomp Exit - MemInfo: [/proc/self/status]	VmSwap:	       0 kB
20220314 010525.485 INFO             PET0 PIOc_freedecomp Exit - MemInfo: [/proc/self/status]	VmRSSPercent: 0.0473762 %
20220314 010525.485 INFO             PET0 PIOc_freedecomp Exit - MemInfo: [malloc] Non-mmapped space allocated:                10174464 Byte
20220314 010525.485 INFO             PET0 PIOc_freedecomp Exit - MemInfo: [malloc] Space allocated in mmapped regions:          4198400 Byte
20220314 010525.485 INFO             PET0 PIOc_freedecomp Exit - MemInfo: [malloc] Maximum total allocated space:                     0 Byte
20220314 010525.485 INFO             PET0 PIOc_freedecomp Exit - MemInfo: [malloc] Space in freed fastbin blocks:                   512 Byte
20220314 010525.485 INFO             PET0 PIOc_freedecomp Exit - MemInfo: [malloc] Total allocated space:                       1093440 Byte
20220314 010525.485 INFO             PET0 PIOc_freedecomp Exit - MemInfo: [malloc] Total free space:                            9081024 Byte
20220314 010525.485 INFO             PET0 PIOc_freedecomp Exit - MemInfo: [malloc] Top-most, releasable space:                  9046880 Byte
20220314 010525.485 INFO             PET0 PIOc_freedecomp Exit - MemInfo: [malloc] Total space in use, mmap + non-mmap:         5291840 Byte
20220314 010525.485 INFO             PET0 PIOc_freedecomp Exit - MemInfo: [malloc] Total space held (mmap + non-mmap):         14372864 Byte
20220314 010525.485 INFO             PET0 PIOc_freedecomp Exit - MemInfo: [malloc] Total space used (mmap + non-mmap):          5300048 Byte
20220314 010525.485 INFO             PET0 PIOc_freedecomp Exit - MemInfo: Wall-clock time since execution start:              0.0776479 seconds
20220314 010525.485 INFO             PET0  PASS  Write ESMF_Array without Halo to NetCDF Test, ESMF_ArrayIOUTest.F90, line 274
20220314 010525.485 INFO             PET0  PASS  Create Array without Halo for PIO Read, ESMF_ArrayIOUTest.F90, line 288
20220314 010525.485 INFO             PET0  PASS  Create Array with Halo for PIO Read, ESMF_ArrayIOUTest.F90, line 299
20220314 010525.486 INFO             PET0  PASS  Create Array with Halo for PIO Read, ESMF_ArrayIOUTest.F90, line 309
20220314 010525.487 WARNING          PET0 ESMCI_PIO_Handler.C:1344 ESMCI::PIO_Handler::open()  Unable to set fill on file: file3D_wouthalo.nc, (PIO/NetCDF error = NetCDF: Write to read only)
20220314 010525.487 INFO             PET0 PIOc_sync Enter - MemInfo: [/proc/meminfo - SSI]	MemTotal:       65855856 kB
20220314 010525.487 INFO             PET0 PIOc_sync Enter - MemInfo: [/proc/meminfo - SSI]	MemFree:        61263216 kB
20220314 010525.487 INFO             PET0 PIOc_sync Enter - MemInfo: [/proc/meminfo - SSI]	MemAvailable:   61046564 kB
20220314 010525.487 INFO             PET0 PIOc_sync Enter - MemInfo: [/proc/meminfo - SSI]	Committed_AS:    2923388 kB
20220314 010525.487 INFO             PET0 PIOc_sync Enter - MemInfo: [/proc/meminfo - SSI]	CommittedPercent: 4.43907 %
20220314 010525.487 INFO             PET0 PIOc_sync Enter - MemInfo: [/proc/self/status]	VmPeak:	  238664 kB
20220314 010525.487 INFO             PET0 PIOc_sync Enter - MemInfo: [/proc/self/status]	VmSize:	  238596 kB
20220314 010525.487 INFO             PET0 PIOc_sync Enter - MemInfo: [/proc/self/status]	VmLck:	       0 kB
20220314 010525.487 INFO             PET0 PIOc_sync Enter - MemInfo: [/proc/self/status]	VmPin:	       0 kB
20220314 010525.487 INFO             PET0 PIOc_sync Enter - MemInfo: [/proc/self/status]	VmHWM:	   31388 kB
20220314 010525.487 INFO             PET0 PIOc_sync Enter - MemInfo: [/proc/self/status]	VmRSS:	   31348 kB
20220314 010525.487 INFO             PET0 PIOc_sync Enter - MemInfo: [/proc/self/status]	VmData:	   34856 kB
20220314 010525.487 INFO             PET0 PIOc_sync Enter - MemInfo: [/proc/self/status]	VmStk:	     508 kB
20220314 010525.487 INFO             PET0 PIOc_sync Enter - MemInfo: [/proc/self/status]	VmExe:	    1824 kB
20220314 010525.487 INFO             PET0 PIOc_sync Enter - MemInfo: [/proc/self/status]	VmLib:	   93984 kB
20220314 010525.487 INFO             PET0 PIOc_sync Enter - MemInfo: [/proc/self/status]	VmPTE:	     384 kB
20220314 010525.487 INFO             PET0 PIOc_sync Enter - MemInfo: [/proc/self/status]	VmPMD:	      12 kB
20220314 010525.487 INFO             PET0 PIOc_sync Enter - MemInfo: [/proc/self/status]	VmSwap:	       0 kB
20220314 010525.487 INFO             PET0 PIOc_sync Enter - MemInfo: [/proc/self/status]	VmRSSPercent: 0.0476009 %
20220314 010525.487 INFO             PET0 PIOc_sync Enter - MemInfo: [malloc] Non-mmapped space allocated:                10174464 Byte
20220314 010525.487 INFO             PET0 PIOc_sync Enter - MemInfo: [malloc] Space allocated in mmapped regions:          4198400 Byte
20220314 010525.488 INFO             PET0 PIOc_sync Enter - MemInfo: [malloc] Maximum total allocated space:                     0 Byte
20220314 010525.488 INFO             PET0 PIOc_sync Enter - MemInfo: [malloc] Space in freed fastbin blocks:                     0 Byte
20220314 010525.488 INFO             PET0 PIOc_sync Enter - MemInfo: [malloc] Total allocated space:                      10051536 Byte
20220314 010525.488 INFO             PET0 PIOc_sync Enter - MemInfo: [malloc] Total free space:                             122928 Byte
20220314 010525.488 INFO             PET0 PIOc_sync Enter - MemInfo: [malloc] Top-most, releasable space:                   120496 Byte
20220314 010525.488 INFO             PET0 PIOc_sync Enter - MemInfo: [malloc] Total space in use, mmap + non-mmap:        14249936 Byte
20220314 010525.488 INFO             PET0 PIOc_sync Enter - MemInfo: [malloc] Total space held (mmap + non-mmap):         14372864 Byte
20220314 010525.488 INFO             PET0 PIOc_sync Enter - MemInfo: [malloc] Total space used (mmap + non-mmap):         14258256 Byte
20220314 010525.488 INFO             PET0 PIOc_sync Enter - MemInfo: Wall-clock time since execution start:               0.080261 seconds
20220314 010525.488 INFO             PET0 PIOc_sync Exit - MemInfo: [/proc/meminfo - SSI]	MemTotal:       65855856 kB
20220314 010525.488 INFO             PET0 PIOc_sync Exit - MemInfo: [/proc/meminfo - SSI]	MemFree:        61263216 kB
20220314 010525.488 INFO             PET0 PIOc_sync Exit - MemInfo: [/proc/meminfo - SSI]	MemAvailable:   61046564 kB
20220314 010525.488 INFO             PET0 PIOc_sync Exit - MemInfo: [/proc/meminfo - SSI]	Committed_AS:    2923388 kB
20220314 010525.488 INFO             PET0 PIOc_sync Exit - MemInfo: [/proc/meminfo - SSI]	CommittedPercent: 4.43907 %
20220314 010525.488 INFO             PET0 PIOc_sync Exit - MemInfo: [/proc/self/status]	VmPeak:	  238664 kB
20220314 010525.488 INFO             PET0 PIOc_sync Exit - MemInfo: [/proc/self/status]	VmSize:	  238596 kB
20220314 010525.488 INFO             PET0 PIOc_sync Exit - MemInfo: [/proc/self/status]	VmLck:	       0 kB
20220314 010525.488 INFO             PET0 PIOc_sync Exit - MemInfo: [/proc/self/status]	VmPin:	       0 kB
20220314 010525.488 INFO             PET0 PIOc_sync Exit - MemInfo: [/proc/self/status]	VmHWM:	   31388 kB
20220314 010525.488 INFO             PET0 PIOc_sync Exit - MemInfo: [/proc/self/status]	VmRSS:	   31348 kB
20220314 010525.488 INFO             PET0 PIOc_sync Exit - MemInfo: [/proc/self/status]	VmData:	   34856 kB
20220314 010525.488 INFO             PET0 PIOc_sync Exit - MemInfo: [/proc/self/status]	VmStk:	     508 kB
20220314 010525.488 INFO             PET0 PIOc_sync Exit - MemInfo: [/proc/self/status]	VmExe:	    1824 kB
20220314 010525.488 INFO             PET0 PIOc_sync Exit - MemInfo: [/proc/self/status]	VmLib:	   93984 kB
20220314 010525.488 INFO             PET0 PIOc_sync Exit - MemInfo: [/proc/self/status]	VmPTE:	     384 kB
20220314 010525.488 INFO             PET0 PIOc_sync Exit - MemInfo: [/proc/self/status]	VmPMD:	      12 kB
20220314 010525.488 INFO             PET0 PIOc_sync Exit - MemInfo: [/proc/self/status]	VmSwap:	       0 kB
20220314 010525.488 INFO             PET0 PIOc_sync Exit - MemInfo: [/proc/self/status]	VmRSSPercent: 0.0476009 %
20220314 010525.488 INFO             PET0 PIOc_sync Exit - MemInfo: [malloc] Non-mmapped space allocated:                10174464 Byte
20220314 010525.488 INFO             PET0 PIOc_sync Exit - MemInfo: [malloc] Space allocated in mmapped regions:          4198400 Byte
20220314 010525.488 INFO             PET0 PIOc_sync Exit - MemInfo: [malloc] Maximum total allocated space:                     0 Byte
20220314 010525.488 INFO             PET0 PIOc_sync Exit - MemInfo: [malloc] Space in freed fastbin blocks:                     0 Byte
20220314 010525.488 INFO             PET0 PIOc_sync Exit - MemInfo: [malloc] Total allocated space:                      10051648 Byte
20220314 010525.488 INFO             PET0 PIOc_sync Exit - MemInfo: [malloc] Total free space:                             122816 Byte
20220314 010525.488 INFO             PET0 PIOc_sync Exit - MemInfo: [malloc] Top-most, releasable space:                   120272 Byte
20220314 010525.488 INFO             PET0 PIOc_sync Exit - MemInfo: [malloc] Total space in use, mmap + non-mmap:        14250048 Byte
20220314 010525.488 INFO             PET0 PIOc_sync Exit - MemInfo: [malloc] Total space held (mmap + non-mmap):         14372864 Byte
20220314 010525.488 INFO             PET0 PIOc_sync Exit - MemInfo: [malloc] Total space used (mmap + non-mmap):         14258256 Byte
20220314 010525.488 INFO             PET0 PIOc_sync Exit - MemInfo: Wall-clock time since execution start:               0.080596 seconds
20220314 010525.488 INFO             PET0 PIOc_freedecomp Enter - MemInfo: [/proc/meminfo - SSI]	MemTotal:       65855856 kB
20220314 010525.488 INFO             PET0 PIOc_freedecomp Enter - MemInfo: [/proc/meminfo - SSI]	MemFree:        61263216 kB
20220314 010525.488 INFO             PET0 PIOc_freedecomp Enter - MemInfo: [/proc/meminfo - SSI]	MemAvailable:   61046564 kB
20220314 010525.488 INFO             PET0 PIOc_freedecomp Enter - MemInfo: [/proc/meminfo - SSI]	Committed_AS:    2923388 kB
20220314 010525.488 INFO             PET0 PIOc_freedecomp Enter - MemInfo: [/proc/meminfo - SSI]	CommittedPercent: 4.43907 %
20220314 010525.488 INFO             PET0 PIOc_freedecomp Enter - MemInfo: [/proc/self/status]	VmPeak:	  238664 kB
20220314 010525.488 INFO             PET0 PIOc_freedecomp Enter - MemInfo: [/proc/self/status]	VmSize:	  238596 kB
20220314 010525.488 INFO             PET0 PIOc_freedecomp Enter - MemInfo: [/proc/self/status]	VmLck:	       0 kB
20220314 010525.488 INFO             PET0 PIOc_freedecomp Enter - MemInfo: [/proc/self/status]	VmPin:	       0 kB
20220314 010525.488 INFO             PET0 PIOc_freedecomp Enter - MemInfo: [/proc/self/status]	VmHWM:	   31388 kB
20220314 010525.488 INFO             PET0 PIOc_freedecomp Enter - MemInfo: [/proc/self/status]	VmRSS:	   31348 kB
20220314 010525.488 INFO             PET0 PIOc_freedecomp Enter - MemInfo: [/proc/self/status]	VmData:	   34856 kB
20220314 010525.488 INFO             PET0 PIOc_freedecomp Enter - MemInfo: [/proc/self/status]	VmStk:	     508 kB
20220314 010525.488 INFO             PET0 PIOc_freedecomp Enter - MemInfo: [/proc/self/status]	VmExe:	    1824 kB
20220314 010525.488 INFO             PET0 PIOc_freedecomp Enter - MemInfo: [/proc/self/status]	VmLib:	   93984 kB
20220314 010525.488 INFO             PET0 PIOc_freedecomp Enter - MemInfo: [/proc/self/status]	VmPTE:	     384 kB
20220314 010525.488 INFO             PET0 PIOc_freedecomp Enter - MemInfo: [/proc/self/status]	VmPMD:	      12 kB
20220314 010525.488 INFO             PET0 PIOc_freedecomp Enter - MemInfo: [/proc/self/status]	VmSwap:	       0 kB
20220314 010525.488 INFO             PET0 PIOc_freedecomp Enter - MemInfo: [/proc/self/status]	VmRSSPercent: 0.0476009 %
20220314 010525.488 INFO             PET0 PIOc_freedecomp Enter - MemInfo: [malloc] Non-mmapped space allocated:                10174464 Byte
20220314 010525.488 INFO             PET0 PIOc_freedecomp Enter - MemInfo: [malloc] Space allocated in mmapped regions:          4198400 Byte
20220314 010525.488 INFO             PET0 PIOc_freedecomp Enter - MemInfo: [malloc] Maximum total allocated space:                     0 Byte
20220314 010525.488 INFO             PET0 PIOc_freedecomp Enter - MemInfo: [malloc] Space in freed fastbin blocks:                   128 Byte
20220314 010525.488 INFO             PET0 PIOc_freedecomp Enter - MemInfo: [malloc] Total allocated space:                       1127456 Byte
20220314 010525.488 INFO             PET0 PIOc_freedecomp Enter - MemInfo: [malloc] Total free space:                            9047008 Byte
20220314 010525.488 INFO             PET0 PIOc_freedecomp Enter - MemInfo: [malloc] Top-most, releasable space:                   120048 Byte
20220314 010525.488 INFO             PET0 PIOc_freedecomp Enter - MemInfo: [malloc] Total space in use, mmap + non-mmap:         5325856 Byte
20220314 010525.488 INFO             PET0 PIOc_freedecomp Enter - MemInfo: [malloc] Total space held (mmap + non-mmap):         14372864 Byte
20220314 010525.488 INFO             PET0 PIOc_freedecomp Enter - MemInfo: [malloc] Total space used (mmap + non-mmap):          5334064 Byte
20220314 010525.488 INFO             PET0 PIOc_freedecomp Enter - MemInfo: Wall-clock time since execution start:               0.081049 seconds
20220314 010525.488 INFO             PET0 PIOc_freedecomp Exit - MemInfo: [/proc/meminfo - SSI]	MemTotal:       65855856 kB
20220314 010525.488 INFO             PET0 PIOc_freedecomp Exit - MemInfo: [/proc/meminfo - SSI]	MemFree:        61262712 kB
20220314 010525.488 INFO             PET0 PIOc_freedecomp Exit - MemInfo: [/proc/meminfo - SSI]	MemAvailable:   61046060 kB
20220314 010525.488 INFO             PET0 PIOc_freedecomp Exit - MemInfo: [/proc/meminfo - SSI]	Committed_AS:    2923388 kB
20220314 010525.488 INFO             PET0 PIOc_freedecomp Exit - MemInfo: [/proc/meminfo - SSI]	CommittedPercent: 4.43907 %
20220314 010525.488 INFO             PET0 PIOc_freedecomp Exit - MemInfo: [/proc/self/status]	VmPeak:	  238664 kB
20220314 010525.488 INFO             PET0 PIOc_freedecomp Exit - MemInfo: [/proc/self/status]	VmSize:	  238596 kB
20220314 010525.488 INFO             PET0 PIOc_freedecomp Exit - MemInfo: [/proc/self/status]	VmLck:	       0 kB
20220314 010525.488 INFO             PET0 PIOc_freedecomp Exit - MemInfo: [/proc/self/status]	VmPin:	       0 kB
20220314 010525.488 INFO             PET0 PIOc_freedecomp Exit - MemInfo: [/proc/self/status]	VmHWM:	   31388 kB
20220314 010525.488 INFO             PET0 PIOc_freedecomp Exit - MemInfo: [/proc/self/status]	VmRSS:	   31348 kB
20220314 010525.488 INFO             PET0 PIOc_freedecomp Exit - MemInfo: [/proc/self/status]	VmData:	   34856 kB
20220314 010525.488 INFO             PET0 PIOc_freedecomp Exit - MemInfo: [/proc/self/status]	VmStk:	     508 kB
20220314 010525.489 INFO             PET0 PIOc_freedecomp Exit - MemInfo: [/proc/self/status]	VmExe:	    1824 kB
20220314 010525.489 INFO             PET0 PIOc_freedecomp Exit - MemInfo: [/proc/self/status]	VmLib:	   93984 kB
20220314 010525.489 INFO             PET0 PIOc_freedecomp Exit - MemInfo: [/proc/self/status]	VmPTE:	     384 kB
20220314 010525.489 INFO             PET0 PIOc_freedecomp Exit - MemInfo: [/proc/self/status]	VmPMD:	      12 kB
20220314 010525.489 INFO             PET0 PIOc_freedecomp Exit - MemInfo: [/proc/self/status]	VmSwap:	       0 kB
20220314 010525.489 INFO             PET0 PIOc_freedecomp Exit - MemInfo: [/proc/self/status]	VmRSSPercent: 0.0476009 %
20220314 010525.489 INFO             PET0 PIOc_freedecomp Exit - MemInfo: [malloc] Non-mmapped space allocated:                10174464 Byte
20220314 010525.489 INFO             PET0 PIOc_freedecomp Exit - MemInfo: [malloc] Space allocated in mmapped regions:          4198400 Byte
20220314 010525.489 INFO             PET0 PIOc_freedecomp Exit - MemInfo: [malloc] Maximum total allocated space:                     0 Byte
20220314 010525.489 INFO             PET0 PIOc_freedecomp Exit - MemInfo: [malloc] Space in freed fastbin blocks:                   432 Byte
20220314 010525.489 INFO             PET0 PIOc_freedecomp Exit - MemInfo: [malloc] Total allocated space:                       1127024 Byte
20220314 010525.489 INFO             PET0 PIOc_freedecomp Exit - MemInfo: [malloc] Total free space:                            9047440 Byte
20220314 010525.489 INFO             PET0 PIOc_freedecomp Exit - MemInfo: [malloc] Top-most, releasable space:                  9038448 Byte
20220314 010525.489 INFO             PET0 PIOc_freedecomp Exit - MemInfo: [malloc] Total space in use, mmap + non-mmap:         5325424 Byte
20220314 010525.489 INFO             PET0 PIOc_freedecomp Exit - MemInfo: [malloc] Total space held (mmap + non-mmap):         14372864 Byte
20220314 010525.489 INFO             PET0 PIOc_freedecomp Exit - MemInfo: [malloc] Total space used (mmap + non-mmap):          5333632 Byte
20220314 010525.489 INFO             PET0 PIOc_freedecomp Exit - MemInfo: Wall-clock time since execution start:              0.0813599 seconds
20220314 010525.489 INFO             PET0  PASS  Read ESMF_Array without Halo from NetCDF file Test, ESMF_ArrayIOUTest.F90, line 330
20220314 010525.489 INFO             PET0  PASS  Compare read in data to the existing data - 3D without halo, ESMF_ArrayIOUTest.F90, line 353
20220314 010525.490 WARNING          PET0 ESMCI_PIO_Handler.C:1344 ESMCI::PIO_Handler::open()  Unable to set fill on file: file3D_withhalo.nc, (PIO/NetCDF error = NetCDF: Write to read only)
20220314 010525.490 INFO             PET0 PIOc_sync Enter - MemInfo: [/proc/meminfo - SSI]	MemTotal:       65855856 kB
20220314 010525.490 INFO             PET0 PIOc_sync Enter - MemInfo: [/proc/meminfo - SSI]	MemFree:        61262712 kB
20220314 010525.490 INFO             PET0 PIOc_sync Enter - MemInfo: [/proc/meminfo - SSI]	MemAvailable:   61046060 kB
20220314 010525.490 INFO             PET0 PIOc_sync Enter - MemInfo: [/proc/meminfo - SSI]	Committed_AS:    2923388 kB
20220314 010525.490 INFO             PET0 PIOc_sync Enter - MemInfo: [/proc/meminfo - SSI]	CommittedPercent: 4.43907 %
20220314 010525.490 INFO             PET0 PIOc_sync Enter - MemInfo: [/proc/self/status]	VmPeak:	  238664 kB
20220314 010525.490 INFO             PET0 PIOc_sync Enter - MemInfo: [/proc/self/status]	VmSize:	  238596 kB
20220314 010525.490 INFO             PET0 PIOc_sync Enter - MemInfo: [/proc/self/status]	VmLck:	       0 kB
20220314 010525.490 INFO             PET0 PIOc_sync Enter - MemInfo: [/proc/self/status]	VmPin:	       0 kB
20220314 010525.490 INFO             PET0 PIOc_sync Enter - MemInfo: [/proc/self/status]	VmHWM:	   31388 kB
20220314 010525.490 INFO             PET0 PIOc_sync Enter - MemInfo: [/proc/self/status]	VmRSS:	   31348 kB
20220314 010525.490 INFO             PET0 PIOc_sync Enter - MemInfo: [/proc/self/status]	VmData:	   34856 kB
20220314 010525.490 INFO             PET0 PIOc_sync Enter - MemInfo: [/proc/self/status]	VmStk:	     508 kB
20220314 010525.490 INFO             PET0 PIOc_sync Enter - MemInfo: [/proc/self/status]	VmExe:	    1824 kB
20220314 010525.490 INFO             PET0 PIOc_sync Enter - MemInfo: [/proc/self/status]	VmLib:	   93984 kB
20220314 010525.490 INFO             PET0 PIOc_sync Enter - MemInfo: [/proc/self/status]	VmPTE:	     384 kB
20220314 010525.490 INFO             PET0 PIOc_sync Enter - MemInfo: [/proc/self/status]	VmPMD:	      12 kB
20220314 010525.490 INFO             PET0 PIOc_sync Enter - MemInfo: [/proc/self/status]	VmSwap:	       0 kB
20220314 010525.490 INFO             PET0 PIOc_sync Enter - MemInfo: [/proc/self/status]	VmRSSPercent: 0.0476009 %
20220314 010525.490 INFO             PET0 PIOc_sync Enter - MemInfo: [malloc] Non-mmapped space allocated:                10174464 Byte
20220314 010525.490 INFO             PET0 PIOc_sync Enter - MemInfo: [malloc] Space allocated in mmapped regions:          4198400 Byte
20220314 010525.490 INFO             PET0 PIOc_sync Enter - MemInfo: [malloc] Maximum total allocated space:                     0 Byte
20220314 010525.490 INFO             PET0 PIOc_sync Enter - MemInfo: [malloc] Space in freed fastbin blocks:                     0 Byte
20220314 010525.491 INFO             PET0 PIOc_sync Enter - MemInfo: [malloc] Total allocated space:                      10066368 Byte
20220314 010525.491 INFO             PET0 PIOc_sync Enter - MemInfo: [malloc] Total free space:                             108096 Byte
20220314 010525.491 INFO             PET0 PIOc_sync Enter - MemInfo: [malloc] Top-most, releasable space:                    66560 Byte
20220314 010525.491 INFO             PET0 PIOc_sync Enter - MemInfo: [malloc] Total space in use, mmap + non-mmap:        14264768 Byte
20220314 010525.491 INFO             PET0 PIOc_sync Enter - MemInfo: [malloc] Total space held (mmap + non-mmap):         14372864 Byte
20220314 010525.491 INFO             PET0 PIOc_sync Enter - MemInfo: [malloc] Total space used (mmap + non-mmap):         14273088 Byte
20220314 010525.491 INFO             PET0 PIOc_sync Enter - MemInfo: Wall-clock time since execution start:              0.0832639 seconds
20220314 010525.491 INFO             PET0 PIOc_sync Exit - MemInfo: [/proc/meminfo - SSI]	MemTotal:       65855856 kB
20220314 010525.491 INFO             PET0 PIOc_sync Exit - MemInfo: [/proc/meminfo - SSI]	MemFree:        61262712 kB
20220314 010525.491 INFO             PET0 PIOc_sync Exit - MemInfo: [/proc/meminfo - SSI]	MemAvailable:   61046060 kB
20220314 010525.491 INFO             PET0 PIOc_sync Exit - MemInfo: [/proc/meminfo - SSI]	Committed_AS:    2923388 kB
20220314 010525.491 INFO             PET0 PIOc_sync Exit - MemInfo: [/proc/meminfo - SSI]	CommittedPercent: 4.43907 %
20220314 010525.491 INFO             PET0 PIOc_sync Exit - MemInfo: [/proc/self/status]	VmPeak:	  238664 kB
20220314 010525.491 INFO             PET0 PIOc_sync Exit - MemInfo: [/proc/self/status]	VmSize:	  238596 kB
20220314 010525.491 INFO             PET0 PIOc_sync Exit - MemInfo: [/proc/self/status]	VmLck:	       0 kB
20220314 010525.491 INFO             PET0 PIOc_sync Exit - MemInfo: [/proc/self/status]	VmPin:	       0 kB
20220314 010525.491 INFO             PET0 PIOc_sync Exit - MemInfo: [/proc/self/status]	VmHWM:	   31388 kB
20220314 010525.491 INFO             PET0 PIOc_sync Exit - MemInfo: [/proc/self/status]	VmRSS:	   31348 kB
20220314 010525.491 INFO             PET0 PIOc_sync Exit - MemInfo: [/proc/self/status]	VmData:	   34856 kB
20220314 010525.491 INFO             PET0 PIOc_sync Exit - MemInfo: [/proc/self/status]	VmStk:	     508 kB
20220314 010525.491 INFO             PET0 PIOc_sync Exit - MemInfo: [/proc/self/status]	VmExe:	    1824 kB
20220314 010525.491 INFO             PET0 PIOc_sync Exit - MemInfo: [/proc/self/status]	VmLib:	   93984 kB
20220314 010525.491 INFO             PET0 PIOc_sync Exit - MemInfo: [/proc/self/status]	VmPTE:	     384 kB
20220314 010525.491 INFO             PET0 PIOc_sync Exit - MemInfo: [/proc/self/status]	VmPMD:	      12 kB
20220314 010525.491 INFO             PET0 PIOc_sync Exit - MemInfo: [/proc/self/status]	VmSwap:	       0 kB
20220314 010525.491 INFO             PET0 PIOc_sync Exit - MemInfo: [/proc/self/status]	VmRSSPercent: 0.0476009 %
20220314 010525.491 INFO             PET0 PIOc_sync Exit - MemInfo: [malloc] Non-mmapped space allocated:                10174464 Byte
20220314 010525.491 INFO             PET0 PIOc_sync Exit - MemInfo: [malloc] Space allocated in mmapped regions:          4198400 Byte
20220314 010525.491 INFO             PET0 PIOc_sync Exit - MemInfo: [malloc] Maximum total allocated space:                     0 Byte
20220314 010525.491 INFO             PET0 PIOc_sync Exit - MemInfo: [malloc] Space in freed fastbin blocks:                     0 Byte
20220314 010525.491 INFO             PET0 PIOc_sync Exit - MemInfo: [malloc] Total allocated space:                      10066480 Byte
20220314 010525.491 INFO             PET0 PIOc_sync Exit - MemInfo: [malloc] Total free space:                             107984 Byte
20220314 010525.491 INFO             PET0 PIOc_sync Exit - MemInfo: [malloc] Top-most, releasable space:                    66560 Byte
20220314 010525.491 INFO             PET0 PIOc_sync Exit - MemInfo: [malloc] Total space in use, mmap + non-mmap:        14264880 Byte
20220314 010525.491 INFO             PET0 PIOc_sync Exit - MemInfo: [malloc] Total space held (mmap + non-mmap):         14372864 Byte
20220314 010525.491 INFO             PET0 PIOc_sync Exit - MemInfo: [malloc] Total space used (mmap + non-mmap):         14273088 Byte
20220314 010525.491 INFO             PET0 PIOc_sync Exit - MemInfo: Wall-clock time since execution start:               0.083545 seconds
20220314 010525.491 INFO             PET0 PIOc_freedecomp Enter - MemInfo: [/proc/meminfo - SSI]	MemTotal:       65855856 kB
20220314 010525.491 INFO             PET0 PIOc_freedecomp Enter - MemInfo: [/proc/meminfo - SSI]	MemFree:        61262712 kB
20220314 010525.491 INFO             PET0 PIOc_freedecomp Enter - MemInfo: [/proc/meminfo - SSI]	MemAvailable:   61046060 kB
20220314 010525.491 INFO             PET0 PIOc_freedecomp Enter - MemInfo: [/proc/meminfo - SSI]	Committed_AS:    2923388 kB
20220314 010525.491 INFO             PET0 PIOc_freedecomp Enter - MemInfo: [/proc/meminfo - SSI]	CommittedPercent: 4.43907 %
20220314 010525.491 INFO             PET0 PIOc_freedecomp Enter - MemInfo: [/proc/self/status]	VmPeak:	  238664 kB
20220314 010525.491 INFO             PET0 PIOc_freedecomp Enter - MemInfo: [/proc/self/status]	VmSize:	  238596 kB
20220314 010525.491 INFO             PET0 PIOc_freedecomp Enter - MemInfo: [/proc/self/status]	VmLck:	       0 kB
20220314 010525.491 INFO             PET0 PIOc_freedecomp Enter - MemInfo: [/proc/self/status]	VmPin:	       0 kB
20220314 010525.491 INFO             PET0 PIOc_freedecomp Enter - MemInfo: [/proc/self/status]	VmHWM:	   31388 kB
20220314 010525.491 INFO             PET0 PIOc_freedecomp Enter - MemInfo: [/proc/self/status]	VmRSS:	   31348 kB
20220314 010525.491 INFO             PET0 PIOc_freedecomp Enter - MemInfo: [/proc/self/status]	VmData:	   34856 kB
20220314 010525.491 INFO             PET0 PIOc_freedecomp Enter - MemInfo: [/proc/self/status]	VmStk:	     508 kB
20220314 010525.491 INFO             PET0 PIOc_freedecomp Enter - MemInfo: [/proc/self/status]	VmExe:	    1824 kB
20220314 010525.491 INFO             PET0 PIOc_freedecomp Enter - MemInfo: [/proc/self/status]	VmLib:	   93984 kB
20220314 010525.491 INFO             PET0 PIOc_freedecomp Enter - MemInfo: [/proc/self/status]	VmPTE:	     384 kB
20220314 010525.491 INFO             PET0 PIOc_freedecomp Enter - MemInfo: [/proc/self/status]	VmPMD:	      12 kB
20220314 010525.491 INFO             PET0 PIOc_freedecomp Enter - MemInfo: [/proc/self/status]	VmSwap:	       0 kB
20220314 010525.491 INFO             PET0 PIOc_freedecomp Enter - MemInfo: [/proc/self/status]	VmRSSPercent: 0.0476009 %
20220314 010525.491 INFO             PET0 PIOc_freedecomp Enter - MemInfo: [malloc] Non-mmapped space allocated:                10174464 Byte
20220314 010525.491 INFO             PET0 PIOc_freedecomp Enter - MemInfo: [malloc] Space allocated in mmapped regions:          4198400 Byte
20220314 010525.491 INFO             PET0 PIOc_freedecomp Enter - MemInfo: [malloc] Maximum total allocated space:                     0 Byte
20220314 010525.491 INFO             PET0 PIOc_freedecomp Enter - MemInfo: [malloc] Space in freed fastbin blocks:                   128 Byte
20220314 010525.491 INFO             PET0 PIOc_freedecomp Enter - MemInfo: [malloc] Total allocated space:                       1142032 Byte
20220314 010525.491 INFO             PET0 PIOc_freedecomp Enter - MemInfo: [malloc] Total free space:                            9032432 Byte
20220314 010525.491 INFO             PET0 PIOc_freedecomp Enter - MemInfo: [malloc] Top-most, releasable space:                    66560 Byte
20220314 010525.491 INFO             PET0 PIOc_freedecomp Enter - MemInfo: [malloc] Total space in use, mmap + non-mmap:         5340432 Byte
20220314 010525.491 INFO             PET0 PIOc_freedecomp Enter - MemInfo: [malloc] Total space held (mmap + non-mmap):         14372864 Byte
20220314 010525.491 INFO             PET0 PIOc_freedecomp Enter - MemInfo: [malloc] Total space used (mmap + non-mmap):          5348640 Byte
20220314 010525.491 INFO             PET0 PIOc_freedecomp Enter - MemInfo: Wall-clock time since execution start:               0.083982 seconds
20220314 010525.491 INFO             PET0 PIOc_freedecomp Exit - MemInfo: [/proc/meminfo - SSI]	MemTotal:       65855856 kB
20220314 010525.491 INFO             PET0 PIOc_freedecomp Exit - MemInfo: [/proc/meminfo - SSI]	MemFree:        61262712 kB
20220314 010525.491 INFO             PET0 PIOc_freedecomp Exit - MemInfo: [/proc/meminfo - SSI]	MemAvailable:   61046060 kB
20220314 010525.491 INFO             PET0 PIOc_freedecomp Exit - MemInfo: [/proc/meminfo - SSI]	Committed_AS:    2923388 kB
20220314 010525.491 INFO             PET0 PIOc_freedecomp Exit - MemInfo: [/proc/meminfo - SSI]	CommittedPercent: 4.43907 %
20220314 010525.491 INFO             PET0 PIOc_freedecomp Exit - MemInfo: [/proc/self/status]	VmPeak:	  238664 kB
20220314 010525.491 INFO             PET0 PIOc_freedecomp Exit - MemInfo: [/proc/self/status]	VmSize:	  238596 kB
20220314 010525.491 INFO             PET0 PIOc_freedecomp Exit - MemInfo: [/proc/self/status]	VmLck:	       0 kB
20220314 010525.491 INFO             PET0 PIOc_freedecomp Exit - MemInfo: [/proc/self/status]	VmPin:	       0 kB
20220314 010525.491 INFO             PET0 PIOc_freedecomp Exit - MemInfo: [/proc/self/status]	VmHWM:	   31388 kB
20220314 010525.491 INFO             PET0 PIOc_freedecomp Exit - MemInfo: [/proc/self/status]	VmRSS:	   31348 kB
20220314 010525.492 INFO             PET0 PIOc_freedecomp Exit - MemInfo: [/proc/self/status]	VmData:	   34856 kB
20220314 010525.492 INFO             PET0 PIOc_freedecomp Exit - MemInfo: [/proc/self/status]	VmStk:	     508 kB
20220314 010525.492 INFO             PET0 PIOc_freedecomp Exit - MemInfo: [/proc/self/status]	VmExe:	    1824 kB
20220314 010525.492 INFO             PET0 PIOc_freedecomp Exit - MemInfo: [/proc/self/status]	VmLib:	   93984 kB
20220314 010525.492 INFO             PET0 PIOc_freedecomp Exit - MemInfo: [/proc/self/status]	VmPTE:	     384 kB
20220314 010525.492 INFO             PET0 PIOc_freedecomp Exit - MemInfo: [/proc/self/status]	VmPMD:	      12 kB
20220314 010525.492 INFO             PET0 PIOc_freedecomp Exit - MemInfo: [/proc/self/status]	VmSwap:	       0 kB
20220314 010525.492 INFO             PET0 PIOc_freedecomp Exit - MemInfo: [/proc/self/status]	VmRSSPercent: 0.0476009 %
20220314 010525.492 INFO             PET0 PIOc_freedecomp Exit - MemInfo: [malloc] Non-mmapped space allocated:                10174464 Byte
20220314 010525.492 INFO             PET0 PIOc_freedecomp Exit - MemInfo: [malloc] Space allocated in mmapped regions:          4198400 Byte
20220314 010525.492 INFO             PET0 PIOc_freedecomp Exit - MemInfo: [malloc] Maximum total allocated space:                     0 Byte
20220314 010525.492 INFO             PET0 PIOc_freedecomp Exit - MemInfo: [malloc] Space in freed fastbin blocks:                   304 Byte
20220314 010525.492 INFO             PET0 PIOc_freedecomp Exit - MemInfo: [malloc] Total allocated space:                       1129024 Byte
20220314 010525.492 INFO             PET0 PIOc_freedecomp Exit - MemInfo: [malloc] Total free space:                            9045440 Byte
20220314 010525.492 INFO             PET0 PIOc_freedecomp Exit - MemInfo: [malloc] Top-most, releasable space:                    66560 Byte
20220314 010525.492 INFO             PET0 PIOc_freedecomp Exit - MemInfo: [malloc] Total space in use, mmap + non-mmap:         5327424 Byte
20220314 010525.492 INFO             PET0 PIOc_freedecomp Exit - MemInfo: [malloc] Total space held (mmap + non-mmap):         14372864 Byte
20220314 010525.492 INFO             PET0 PIOc_freedecomp Exit - MemInfo: [malloc] Total space used (mmap + non-mmap):          5335632 Byte
20220314 010525.492 INFO             PET0 PIOc_freedecomp Exit - MemInfo: Wall-clock time since execution start:              0.0843358 seconds
20220314 010525.492 INFO             PET0  PASS  Read ESMF_Array with Halo from NetCDF Test, ESMF_ArrayIOUTest.F90, line 380
20220314 010525.492 ERROR            PET0 ESMCI_IO_Handler.C:164 ESMCI::IO_Handler::create() Unknown I/O Format
20220314 010525.492 ERROR            PET0 ESMCI_IO.C:264 ESMCI::IO::read() Invalid argument  - Internal subroutine call returned Error
20220314 010525.492 ERROR            PET0 ESMCI_Array.C:3933 ESMCI::Array::read() Invalid argument  - Internal subroutine call returned Error
20220314 010525.492 ERROR            PET0 ESMCI_Array_F.C:831 c_esmc_arrayread() Invalid argument  - Internal subroutine call returned Error
20220314 010525.492 ERROR            PET0 ESMF_ArrayHa.F90:723 ESMF_ArrayRead Invalid argument  - Internal subroutine call returned Error
20220314 010525.492 INFO             PET0  PASS  Read ESMF_Array with Halo from binary Test, ESMF_ArrayIOUTest.F90, line 394
20220314 010525.492 INFO             PET0  PASS  Compare read in data to the existing NetCDF data - 3D with halo, ESMF_ArrayIOUTest.F90, line 412
20220314 010525.492 ERROR            PET0 ESMCI_Array.C:3914 ESMCI::Array::read() Invalid argument  - Array variable name not allowed in binary mode
20220314 010525.492 ERROR            PET0 ESMCI_Array_F.C:831 c_esmc_arrayread() Invalid argument  - Internal subroutine call returned Error
20220314 010525.492 ERROR            PET0 ESMF_ArrayHa.F90:723 ESMF_ArrayRead Invalid argument  - Internal subroutine call returned Error
20220314 010525.492 INFO             PET0  PASS  Read ESMF_Array variable with Halo from binary Test, ESMF_ArrayIOUTest.F90, line 430
20220314 010525.494 INFO             PET0 PIOc_sync Enter - MemInfo: [/proc/meminfo - SSI]	MemTotal:       65855856 kB
20220314 010525.494 INFO             PET0 PIOc_sync Enter - MemInfo: [/proc/meminfo - SSI]	MemFree:        61262712 kB
20220314 010525.494 INFO             PET0 PIOc_sync Enter - MemInfo: [/proc/meminfo - SSI]	MemAvailable:   61046060 kB
20220314 010525.494 INFO             PET0 PIOc_sync Enter - MemInfo: [/proc/meminfo - SSI]	Committed_AS:    2923388 kB
20220314 010525.494 INFO             PET0 PIOc_sync Enter - MemInfo: [/proc/meminfo - SSI]	CommittedPercent: 4.43907 %
20220314 010525.494 INFO             PET0 PIOc_sync Enter - MemInfo: [/proc/self/status]	VmPeak:	  238664 kB
20220314 010525.494 INFO             PET0 PIOc_sync Enter - MemInfo: [/proc/self/status]	VmSize:	  238596 kB
20220314 010525.494 INFO             PET0 PIOc_sync Enter - MemInfo: [/proc/self/status]	VmLck:	       0 kB
20220314 010525.494 INFO             PET0 PIOc_sync Enter - MemInfo: [/proc/self/status]	VmPin:	       0 kB
20220314 010525.494 INFO             PET0 PIOc_sync Enter - MemInfo: [/proc/self/status]	VmHWM:	   31388 kB
20220314 010525.494 INFO             PET0 PIOc_sync Enter - MemInfo: [/proc/self/status]	VmRSS:	   31348 kB
20220314 010525.494 INFO             PET0 PIOc_sync Enter - MemInfo: [/proc/self/status]	VmData:	   34856 kB
20220314 010525.494 INFO             PET0 PIOc_sync Enter - MemInfo: [/proc/self/status]	VmStk:	     508 kB
20220314 010525.494 INFO             PET0 PIOc_sync Enter - MemInfo: [/proc/self/status]	VmExe:	    1824 kB
20220314 010525.494 INFO             PET0 PIOc_sync Enter - MemInfo: [/proc/self/status]	VmLib:	   93984 kB
20220314 010525.494 INFO             PET0 PIOc_sync Enter - MemInfo: [/proc/self/status]	VmPTE:	     384 kB
20220314 010525.494 INFO             PET0 PIOc_sync Enter - MemInfo: [/proc/self/status]	VmPMD:	      12 kB
20220314 010525.494 INFO             PET0 PIOc_sync Enter - MemInfo: [/proc/self/status]	VmSwap:	       0 kB
20220314 010525.494 INFO             PET0 PIOc_sync Enter - MemInfo: [/proc/self/status]	VmRSSPercent: 0.0476009 %
20220314 010525.494 INFO             PET0 PIOc_sync Enter - MemInfo: [malloc] Non-mmapped space allocated:                10174464 Byte
20220314 010525.494 INFO             PET0 PIOc_sync Enter - MemInfo: [malloc] Space allocated in mmapped regions:          4198400 Byte
20220314 010525.494 INFO             PET0 PIOc_sync Enter - MemInfo: [malloc] Maximum total allocated space:                     0 Byte
20220314 010525.494 INFO             PET0 PIOc_sync Enter - MemInfo: [malloc] Space in freed fastbin blocks:                     0 Byte
20220314 010525.494 INFO             PET0 PIOc_sync Enter - MemInfo: [malloc] Total allocated space:                      10072912 Byte
20220314 010525.494 INFO             PET0 PIOc_sync Enter - MemInfo: [malloc] Total free space:                             101552 Byte
20220314 010525.494 INFO             PET0 PIOc_sync Enter - MemInfo: [malloc] Top-most, releasable space:                    65632 Byte
20220314 010525.494 INFO             PET0 PIOc_sync Enter - MemInfo: [malloc] Total space in use, mmap + non-mmap:        14271312 Byte
20220314 010525.494 INFO             PET0 PIOc_sync Enter - MemInfo: [malloc] Total space held (mmap + non-mmap):         14372864 Byte
20220314 010525.494 INFO             PET0 PIOc_sync Enter - MemInfo: [malloc] Total space used (mmap + non-mmap):         14279632 Byte
20220314 010525.494 INFO             PET0 PIOc_sync Enter - MemInfo: Wall-clock time since execution start:              0.0865319 seconds
20220314 010525.494 INFO             PET0 PIOc_sync Exit - MemInfo: [/proc/meminfo - SSI]	MemTotal:       65855856 kB
20220314 010525.494 INFO             PET0 PIOc_sync Exit - MemInfo: [/proc/meminfo - SSI]	MemFree:        61262712 kB
20220314 010525.494 INFO             PET0 PIOc_sync Exit - MemInfo: [/proc/meminfo - SSI]	MemAvailable:   61046060 kB
20220314 010525.494 INFO             PET0 PIOc_sync Exit - MemInfo: [/proc/meminfo - SSI]	Committed_AS:    2923388 kB
20220314 010525.494 INFO             PET0 PIOc_sync Exit - MemInfo: [/proc/meminfo - SSI]	CommittedPercent: 4.43907 %
20220314 010525.494 INFO             PET0 PIOc_sync Exit - MemInfo: [/proc/self/status]	VmPeak:	  238664 kB
20220314 010525.494 INFO             PET0 PIOc_sync Exit - MemInfo: [/proc/self/status]	VmSize:	  238596 kB
20220314 010525.494 INFO             PET0 PIOc_sync Exit - MemInfo: [/proc/self/status]	VmLck:	       0 kB
20220314 010525.494 INFO             PET0 PIOc_sync Exit - MemInfo: [/proc/self/status]	VmPin:	       0 kB
20220314 010525.494 INFO             PET0 PIOc_sync Exit - MemInfo: [/proc/self/status]	VmHWM:	   31388 kB
20220314 010525.494 INFO             PET0 PIOc_sync Exit - MemInfo: [/proc/self/status]	VmRSS:	   31348 kB
20220314 010525.494 INFO             PET0 PIOc_sync Exit - MemInfo: [/proc/self/status]	VmData:	   34856 kB
20220314 010525.494 INFO             PET0 PIOc_sync Exit - MemInfo: [/proc/self/status]	VmStk:	     508 kB
20220314 010525.494 INFO             PET0 PIOc_sync Exit - MemInfo: [/proc/self/status]	VmExe:	    1824 kB
20220314 010525.494 INFO             PET0 PIOc_sync Exit - MemInfo: [/proc/self/status]	VmLib:	   93984 kB
20220314 010525.494 INFO             PET0 PIOc_sync Exit - MemInfo: [/proc/self/status]	VmPTE:	     384 kB
20220314 010525.494 INFO             PET0 PIOc_sync Exit - MemInfo: [/proc/self/status]	VmPMD:	      12 kB
20220314 010525.494 INFO             PET0 PIOc_sync Exit - MemInfo: [/proc/self/status]	VmSwap:	       0 kB
20220314 010525.494 INFO             PET0 PIOc_sync Exit - MemInfo: [/proc/self/status]	VmRSSPercent: 0.0476009 %
20220314 010525.494 INFO             PET0 PIOc_sync Exit - MemInfo: [malloc] Non-mmapped space allocated:                10174464 Byte
20220314 010525.494 INFO             PET0 PIOc_sync Exit - MemInfo: [malloc] Space allocated in mmapped regions:          4198400 Byte
20220314 010525.494 INFO             PET0 PIOc_sync Exit - MemInfo: [malloc] Maximum total allocated space:                     0 Byte
20220314 010525.494 INFO             PET0 PIOc_sync Exit - MemInfo: [malloc] Space in freed fastbin blocks:                    32 Byte
20220314 010525.494 INFO             PET0 PIOc_sync Exit - MemInfo: [malloc] Total allocated space:                      10070640 Byte
20220314 010525.494 INFO             PET0 PIOc_sync Exit - MemInfo: [malloc] Total free space:                             103824 Byte
20220314 010525.494 INFO             PET0 PIOc_sync Exit - MemInfo: [malloc] Top-most, releasable space:                    65632 Byte
20220314 010525.494 INFO             PET0 PIOc_sync Exit - MemInfo: [malloc] Total space in use, mmap + non-mmap:        14269040 Byte
20220314 010525.494 INFO             PET0 PIOc_sync Exit - MemInfo: [malloc] Total space held (mmap + non-mmap):         14372864 Byte
20220314 010525.494 INFO             PET0 PIOc_sync Exit - MemInfo: [malloc] Total space used (mmap + non-mmap):         14277360 Byte
20220314 010525.494 INFO             PET0 PIOc_sync Exit - MemInfo: Wall-clock time since execution start:              0.0868649 seconds
20220314 010525.494 INFO             PET0 PIOc_freedecomp Enter - MemInfo: [/proc/meminfo - SSI]	MemTotal:       65855856 kB
20220314 010525.494 INFO             PET0 PIOc_freedecomp Enter - MemInfo: [/proc/meminfo - SSI]	MemFree:        61262712 kB
20220314 010525.494 INFO             PET0 PIOc_freedecomp Enter - MemInfo: [/proc/meminfo - SSI]	MemAvailable:   61046060 kB
20220314 010525.494 INFO             PET0 PIOc_freedecomp Enter - MemInfo: [/proc/meminfo - SSI]	Committed_AS:    2923388 kB
20220314 010525.494 INFO             PET0 PIOc_freedecomp Enter - MemInfo: [/proc/meminfo - SSI]	CommittedPercent: 4.43907 %
20220314 010525.494 INFO             PET0 PIOc_freedecomp Enter - MemInfo: [/proc/self/status]	VmPeak:	  238664 kB
20220314 010525.494 INFO             PET0 PIOc_freedecomp Enter - MemInfo: [/proc/self/status]	VmSize:	  238596 kB
20220314 010525.494 INFO             PET0 PIOc_freedecomp Enter - MemInfo: [/proc/self/status]	VmLck:	       0 kB
20220314 010525.494 INFO             PET0 PIOc_freedecomp Enter - MemInfo: [/proc/self/status]	VmPin:	       0 kB
20220314 010525.494 INFO             PET0 PIOc_freedecomp Enter - MemInfo: [/proc/self/status]	VmHWM:	   31388 kB
20220314 010525.494 INFO             PET0 PIOc_freedecomp Enter - MemInfo: [/proc/self/status]	VmRSS:	   31348 kB
20220314 010525.494 INFO             PET0 PIOc_freedecomp Enter - MemInfo: [/proc/self/status]	VmData:	   34856 kB
20220314 010525.494 INFO             PET0 PIOc_freedecomp Enter - MemInfo: [/proc/self/status]	VmStk:	     508 kB
20220314 010525.495 INFO             PET0 PIOc_freedecomp Enter - MemInfo: [/proc/self/status]	VmExe:	    1824 kB
20220314 010525.495 INFO             PET0 PIOc_freedecomp Enter - MemInfo: [/proc/self/status]	VmLib:	   93984 kB
20220314 010525.495 INFO             PET0 PIOc_freedecomp Enter - MemInfo: [/proc/self/status]	VmPTE:	     384 kB
20220314 010525.495 INFO             PET0 PIOc_freedecomp Enter - MemInfo: [/proc/self/status]	VmPMD:	      12 kB
20220314 010525.495 INFO             PET0 PIOc_freedecomp Enter - MemInfo: [/proc/self/status]	VmSwap:	       0 kB
20220314 010525.495 INFO             PET0 PIOc_freedecomp Enter - MemInfo: [/proc/self/status]	VmRSSPercent: 0.0476009 %
20220314 010525.495 INFO             PET0 PIOc_freedecomp Enter - MemInfo: [malloc] Non-mmapped space allocated:                10174464 Byte
20220314 010525.495 INFO             PET0 PIOc_freedecomp Enter - MemInfo: [malloc] Space allocated in mmapped regions:          4198400 Byte
20220314 010525.495 INFO             PET0 PIOc_freedecomp Enter - MemInfo: [malloc] Maximum total allocated space:                     0 Byte
20220314 010525.495 INFO             PET0 PIOc_freedecomp Enter - MemInfo: [malloc] Space in freed fastbin blocks:                   160 Byte
20220314 010525.495 INFO             PET0 PIOc_freedecomp Enter - MemInfo: [malloc] Total allocated space:                       1145632 Byte
20220314 010525.495 INFO             PET0 PIOc_freedecomp Enter - MemInfo: [malloc] Total free space:                            9028832 Byte
20220314 010525.495 INFO             PET0 PIOc_freedecomp Enter - MemInfo: [malloc] Top-most, releasable space:                    65632 Byte
20220314 010525.495 INFO             PET0 PIOc_freedecomp Enter - MemInfo: [malloc] Total space in use, mmap + non-mmap:         5344032 Byte
20220314 010525.495 INFO             PET0 PIOc_freedecomp Enter - MemInfo: [malloc] Total space held (mmap + non-mmap):         14372864 Byte
20220314 010525.495 INFO             PET0 PIOc_freedecomp Enter - MemInfo: [malloc] Total space used (mmap + non-mmap):          5352240 Byte
20220314 010525.495 INFO             PET0 PIOc_freedecomp Enter - MemInfo: Wall-clock time since execution start:               0.087312 seconds
20220314 010525.495 INFO             PET0 PIOc_freedecomp Exit - MemInfo: [/proc/meminfo - SSI]	MemTotal:       65855856 kB
20220314 010525.495 INFO             PET0 PIOc_freedecomp Exit - MemInfo: [/proc/meminfo - SSI]	MemFree:        61262712 kB
20220314 010525.495 INFO             PET0 PIOc_freedecomp Exit - MemInfo: [/proc/meminfo - SSI]	MemAvailable:   61046060 kB
20220314 010525.495 INFO             PET0 PIOc_freedecomp Exit - MemInfo: [/proc/meminfo - SSI]	Committed_AS:    2923388 kB
20220314 010525.495 INFO             PET0 PIOc_freedecomp Exit - MemInfo: [/proc/meminfo - SSI]	CommittedPercent: 4.43907 %
20220314 010525.495 INFO             PET0 PIOc_freedecomp Exit - MemInfo: [/proc/self/status]	VmPeak:	  238664 kB
20220314 010525.495 INFO             PET0 PIOc_freedecomp Exit - MemInfo: [/proc/self/status]	VmSize:	  238596 kB
20220314 010525.495 INFO             PET0 PIOc_freedecomp Exit - MemInfo: [/proc/self/status]	VmLck:	       0 kB
20220314 010525.495 INFO             PET0 PIOc_freedecomp Exit - MemInfo: [/proc/self/status]	VmPin:	       0 kB
20220314 010525.495 INFO             PET0 PIOc_freedecomp Exit - MemInfo: [/proc/self/status]	VmHWM:	   31388 kB
20220314 010525.495 INFO             PET0 PIOc_freedecomp Exit - MemInfo: [/proc/self/status]	VmRSS:	   31348 kB
20220314 010525.495 INFO             PET0 PIOc_freedecomp Exit - MemInfo: [/proc/self/status]	VmData:	   34856 kB
20220314 010525.495 INFO             PET0 PIOc_freedecomp Exit - MemInfo: [/proc/self/status]	VmStk:	     508 kB
20220314 010525.495 INFO             PET0 PIOc_freedecomp Exit - MemInfo: [/proc/self/status]	VmExe:	    1824 kB
20220314 010525.495 INFO             PET0 PIOc_freedecomp Exit - MemInfo: [/proc/self/status]	VmLib:	   93984 kB
20220314 010525.495 INFO             PET0 PIOc_freedecomp Exit - MemInfo: [/proc/self/status]	VmPTE:	     384 kB
20220314 010525.495 INFO             PET0 PIOc_freedecomp Exit - MemInfo: [/proc/self/status]	VmPMD:	      12 kB
20220314 010525.495 INFO             PET0 PIOc_freedecomp Exit - MemInfo: [/proc/self/status]	VmSwap:	       0 kB
20220314 010525.495 INFO             PET0 PIOc_freedecomp Exit - MemInfo: [/proc/self/status]	VmRSSPercent: 0.0476009 %
20220314 010525.495 INFO             PET0 PIOc_freedecomp Exit - MemInfo: [malloc] Non-mmapped space allocated:                10174464 Byte
20220314 010525.495 INFO             PET0 PIOc_freedecomp Exit - MemInfo: [malloc] Space allocated in mmapped regions:          4198400 Byte
20220314 010525.495 INFO             PET0 PIOc_freedecomp Exit - MemInfo: [malloc] Maximum total allocated space:                     0 Byte
20220314 010525.495 INFO             PET0 PIOc_freedecomp Exit - MemInfo: [malloc] Space in freed fastbin blocks:                   464 Byte
20220314 010525.495 INFO             PET0 PIOc_freedecomp Exit - MemInfo: [malloc] Total allocated space:                       1131904 Byte
20220314 010525.495 INFO             PET0 PIOc_freedecomp Exit - MemInfo: [malloc] Total free space:                            9042560 Byte
20220314 010525.495 INFO             PET0 PIOc_freedecomp Exit - MemInfo: [malloc] Top-most, releasable space:                    65632 Byte
20220314 010525.495 INFO             PET0 PIOc_freedecomp Exit - MemInfo: [malloc] Total space in use, mmap + non-mmap:         5330304 Byte
20220314 010525.495 INFO             PET0 PIOc_freedecomp Exit - MemInfo: [malloc] Total space held (mmap + non-mmap):         14372864 Byte
20220314 010525.495 INFO             PET0 PIOc_freedecomp Exit - MemInfo: [malloc] Total space used (mmap + non-mmap):          5338512 Byte
20220314 010525.495 INFO             PET0 PIOc_freedecomp Exit - MemInfo: Wall-clock time since execution start:              0.0876019 seconds
20220314 010525.495 INFO             PET0  PASS  Write ESMF_Array with Halo to NetCDF variable copy Test, ESMF_ArrayIOUTest.F90, line 442
20220314 010525.495 INFO             PET0  PASS  Destroy Array with Halo, ESMF_ArrayIOUTest.F90, line 453
20220314 010525.495 INFO             PET0  PASS  Destroy Array without Halo, ESMF_ArrayIOUTest.F90, line 460
20220314 010525.495 INFO             PET0  PASS  Destroy DistGrid, ESMF_ArrayIOUTest.F90, line 467
20220314 010525.495 INFO             PET0  PASS  dstDistgrid Create Test, ESMF_ArrayIOUTest.F90, line 485
20220314 010525.495 INFO             PET0  PASS  Array Spec Set Test, ESMF_ArrayIOUTest.F90, line 493
20220314 010525.495 INFO             PET0  PASS  Array with Halo Create Test, ESMF_ArrayIOUTest.F90, line 507
20220314 010525.495 INFO             PET0  PASS  Array without Halo Create Test, ESMF_ArrayIOUTest.F90, line 517
20220314 010525.502 INFO             PET0 PIOc_sync Enter - MemInfo: [/proc/meminfo - SSI]	MemTotal:       65855856 kB
20220314 010525.502 INFO             PET0 PIOc_sync Enter - MemInfo: [/proc/meminfo - SSI]	MemFree:        61262712 kB
20220314 010525.502 INFO             PET0 PIOc_sync Enter - MemInfo: [/proc/meminfo - SSI]	MemAvailable:   61046312 kB
20220314 010525.502 INFO             PET0 PIOc_sync Enter - MemInfo: [/proc/meminfo - SSI]	Committed_AS:    2923388 kB
20220314 010525.503 INFO             PET0 PIOc_sync Enter - MemInfo: [/proc/meminfo - SSI]	CommittedPercent: 4.43907 %
20220314 010525.503 INFO             PET0 PIOc_sync Enter - MemInfo: [/proc/self/status]	VmPeak:	  238664 kB
20220314 010525.503 INFO             PET0 PIOc_sync Enter - MemInfo: [/proc/self/status]	VmSize:	  238596 kB
20220314 010525.503 INFO             PET0 PIOc_sync Enter - MemInfo: [/proc/self/status]	VmLck:	       0 kB
20220314 010525.503 INFO             PET0 PIOc_sync Enter - MemInfo: [/proc/self/status]	VmPin:	       0 kB
20220314 010525.503 INFO             PET0 PIOc_sync Enter - MemInfo: [/proc/self/status]	VmHWM:	   31604 kB
20220314 010525.503 INFO             PET0 PIOc_sync Enter - MemInfo: [/proc/self/status]	VmRSS:	   31604 kB
20220314 010525.503 INFO             PET0 PIOc_sync Enter - MemInfo: [/proc/self/status]	VmData:	   34856 kB
20220314 010525.503 INFO             PET0 PIOc_sync Enter - MemInfo: [/proc/self/status]	VmStk:	     508 kB
20220314 010525.503 INFO             PET0 PIOc_sync Enter - MemInfo: [/proc/self/status]	VmExe:	    1824 kB
20220314 010525.503 INFO             PET0 PIOc_sync Enter - MemInfo: [/proc/self/status]	VmLib:	   93984 kB
20220314 010525.503 INFO             PET0 PIOc_sync Enter - MemInfo: [/proc/self/status]	VmPTE:	     384 kB
20220314 010525.503 INFO             PET0 PIOc_sync Enter - MemInfo: [/proc/self/status]	VmPMD:	      12 kB
20220314 010525.503 INFO             PET0 PIOc_sync Enter - MemInfo: [/proc/self/status]	VmSwap:	       0 kB
20220314 010525.503 INFO             PET0 PIOc_sync Enter - MemInfo: [/proc/self/status]	VmRSSPercent: 0.0479897 %
20220314 010525.503 INFO             PET0 PIOc_sync Enter - MemInfo: [malloc] Non-mmapped space allocated:                10174464 Byte
20220314 010525.503 INFO             PET0 PIOc_sync Enter - MemInfo: [malloc] Space allocated in mmapped regions:          4198400 Byte
20220314 010525.503 INFO             PET0 PIOc_sync Enter - MemInfo: [malloc] Maximum total allocated space:                     0 Byte
20220314 010525.503 INFO             PET0 PIOc_sync Enter - MemInfo: [malloc] Space in freed fastbin blocks:                     0 Byte
20220314 010525.503 INFO             PET0 PIOc_sync Enter - MemInfo: [malloc] Total allocated space:                      10067664 Byte
20220314 010525.503 INFO             PET0 PIOc_sync Enter - MemInfo: [malloc] Total free space:                             106800 Byte
20220314 010525.503 INFO             PET0 PIOc_sync Enter - MemInfo: [malloc] Top-most, releasable space:                    65632 Byte
20220314 010525.503 INFO             PET0 PIOc_sync Enter - MemInfo: [malloc] Total space in use, mmap + non-mmap:        14266064 Byte
20220314 010525.503 INFO             PET0 PIOc_sync Enter - MemInfo: [malloc] Total space held (mmap + non-mmap):         14372864 Byte
20220314 010525.503 INFO             PET0 PIOc_sync Enter - MemInfo: [malloc] Total space used (mmap + non-mmap):         14274912 Byte
20220314 010525.503 INFO             PET0 PIOc_sync Enter - MemInfo: Wall-clock time since execution start:              0.0954049 seconds
20220314 010525.503 INFO             PET0 PIOc_sync Exit - MemInfo: [/proc/meminfo - SSI]	MemTotal:       65855856 kB
20220314 010525.503 INFO             PET0 PIOc_sync Exit - MemInfo: [/proc/meminfo - SSI]	MemFree:        61262712 kB
20220314 010525.503 INFO             PET0 PIOc_sync Exit - MemInfo: [/proc/meminfo - SSI]	MemAvailable:   61046312 kB
20220314 010525.503 INFO             PET0 PIOc_sync Exit - MemInfo: [/proc/meminfo - SSI]	Committed_AS:    2923388 kB
20220314 010525.503 INFO             PET0 PIOc_sync Exit - MemInfo: [/proc/meminfo - SSI]	CommittedPercent: 4.43907 %
20220314 010525.503 INFO             PET0 PIOc_sync Exit - MemInfo: [/proc/self/status]	VmPeak:	  238664 kB
20220314 010525.503 INFO             PET0 PIOc_sync Exit - MemInfo: [/proc/self/status]	VmSize:	  238596 kB
20220314 010525.503 INFO             PET0 PIOc_sync Exit - MemInfo: [/proc/self/status]	VmLck:	       0 kB
20220314 010525.503 INFO             PET0 PIOc_sync Exit - MemInfo: [/proc/self/status]	VmPin:	       0 kB
20220314 010525.503 INFO             PET0 PIOc_sync Exit - MemInfo: [/proc/self/status]	VmHWM:	   31604 kB
20220314 010525.503 INFO             PET0 PIOc_sync Exit - MemInfo: [/proc/self/status]	VmRSS:	   31604 kB
20220314 010525.503 INFO             PET0 PIOc_sync Exit - MemInfo: [/proc/self/status]	VmData:	   34856 kB
20220314 010525.503 INFO             PET0 PIOc_sync Exit - MemInfo: [/proc/self/status]	VmStk:	     508 kB
20220314 010525.503 INFO             PET0 PIOc_sync Exit - MemInfo: [/proc/self/status]	VmExe:	    1824 kB
20220314 010525.503 INFO             PET0 PIOc_sync Exit - MemInfo: [/proc/self/status]	VmLib:	   93984 kB
20220314 010525.503 INFO             PET0 PIOc_sync Exit - MemInfo: [/proc/self/status]	VmPTE:	     384 kB
20220314 010525.503 INFO             PET0 PIOc_sync Exit - MemInfo: [/proc/self/status]	VmPMD:	      12 kB
20220314 010525.503 INFO             PET0 PIOc_sync Exit - MemInfo: [/proc/self/status]	VmSwap:	       0 kB
20220314 010525.503 INFO             PET0 PIOc_sync Exit - MemInfo: [/proc/self/status]	VmRSSPercent: 0.0479897 %
20220314 010525.503 INFO             PET0 PIOc_sync Exit - MemInfo: [malloc] Non-mmapped space allocated:                10174464 Byte
20220314 010525.503 INFO             PET0 PIOc_sync Exit - MemInfo: [malloc] Space allocated in mmapped regions:          4198400 Byte
20220314 010525.503 INFO             PET0 PIOc_sync Exit - MemInfo: [malloc] Maximum total allocated space:                     0 Byte
20220314 010525.503 INFO             PET0 PIOc_sync Exit - MemInfo: [malloc] Space in freed fastbin blocks:                     0 Byte
20220314 010525.503 INFO             PET0 PIOc_sync Exit - MemInfo: [malloc] Total allocated space:                      10070800 Byte
20220314 010525.503 INFO             PET0 PIOc_sync Exit - MemInfo: [malloc] Total free space:                             103664 Byte
20220314 010525.503 INFO             PET0 PIOc_sync Exit - MemInfo: [malloc] Top-most, releasable space:                    65632 Byte
20220314 010525.503 INFO             PET0 PIOc_sync Exit - MemInfo: [malloc] Total space in use, mmap + non-mmap:        14269200 Byte
20220314 010525.503 INFO             PET0 PIOc_sync Exit - MemInfo: [malloc] Total space held (mmap + non-mmap):         14372864 Byte
20220314 010525.503 INFO             PET0 PIOc_sync Exit - MemInfo: [malloc] Total space used (mmap + non-mmap):         14277520 Byte
20220314 010525.503 INFO             PET0 PIOc_sync Exit - MemInfo: Wall-clock time since execution start:              0.0957959 seconds
20220314 010525.503 INFO             PET0 PIOc_freedecomp Enter - MemInfo: [/proc/meminfo - SSI]	MemTotal:       65855856 kB
20220314 010525.503 INFO             PET0 PIOc_freedecomp Enter - MemInfo: [/proc/meminfo - SSI]	MemFree:        61262712 kB
20220314 010525.503 INFO             PET0 PIOc_freedecomp Enter - MemInfo: [/proc/meminfo - SSI]	MemAvailable:   61046312 kB
20220314 010525.503 INFO             PET0 PIOc_freedecomp Enter - MemInfo: [/proc/meminfo - SSI]	Committed_AS:    2923388 kB
20220314 010525.503 INFO             PET0 PIOc_freedecomp Enter - MemInfo: [/proc/meminfo - SSI]	CommittedPercent: 4.43907 %
20220314 010525.503 INFO             PET0 PIOc_freedecomp Enter - MemInfo: [/proc/self/status]	VmPeak:	  238664 kB
20220314 010525.503 INFO             PET0 PIOc_freedecomp Enter - MemInfo: [/proc/self/status]	VmSize:	  238596 kB
20220314 010525.503 INFO             PET0 PIOc_freedecomp Enter - MemInfo: [/proc/self/status]	VmLck:	       0 kB
20220314 010525.503 INFO             PET0 PIOc_freedecomp Enter - MemInfo: [/proc/self/status]	VmPin:	       0 kB
20220314 010525.503 INFO             PET0 PIOc_freedecomp Enter - MemInfo: [/proc/self/status]	VmHWM:	   31604 kB
20220314 010525.503 INFO             PET0 PIOc_freedecomp Enter - MemInfo: [/proc/self/status]	VmRSS:	   31604 kB
20220314 010525.503 INFO             PET0 PIOc_freedecomp Enter - MemInfo: [/proc/self/status]	VmData:	   34856 kB
20220314 010525.503 INFO             PET0 PIOc_freedecomp Enter - MemInfo: [/proc/self/status]	VmStk:	     508 kB
20220314 010525.503 INFO             PET0 PIOc_freedecomp Enter - MemInfo: [/proc/self/status]	VmExe:	    1824 kB
20220314 010525.503 INFO             PET0 PIOc_freedecomp Enter - MemInfo: [/proc/self/status]	VmLib:	   93984 kB
20220314 010525.504 INFO             PET0 PIOc_freedecomp Enter - MemInfo: [/proc/self/status]	VmPTE:	     384 kB
20220314 010525.504 INFO             PET0 PIOc_freedecomp Enter - MemInfo: [/proc/self/status]	VmPMD:	      12 kB
20220314 010525.504 INFO             PET0 PIOc_freedecomp Enter - MemInfo: [/proc/self/status]	VmSwap:	       0 kB
20220314 010525.504 INFO             PET0 PIOc_freedecomp Enter - MemInfo: [/proc/self/status]	VmRSSPercent: 0.0479897 %
20220314 010525.504 INFO             PET0 PIOc_freedecomp Enter - MemInfo: [malloc] Non-mmapped space allocated:                10174464 Byte
20220314 010525.504 INFO             PET0 PIOc_freedecomp Enter - MemInfo: [malloc] Space allocated in mmapped regions:          4198400 Byte
20220314 010525.504 INFO             PET0 PIOc_freedecomp Enter - MemInfo: [malloc] Maximum total allocated space:                     0 Byte
20220314 010525.504 INFO             PET0 PIOc_freedecomp Enter - MemInfo: [malloc] Space in freed fastbin blocks:                   160 Byte
20220314 010525.504 INFO             PET0 PIOc_freedecomp Enter - MemInfo: [malloc] Total allocated space:                       1146448 Byte
20220314 010525.504 INFO             PET0 PIOc_freedecomp Enter - MemInfo: [malloc] Total free space:                            9028016 Byte
20220314 010525.504 INFO             PET0 PIOc_freedecomp Enter - MemInfo: [malloc] Top-most, releasable space:                    65632 Byte
20220314 010525.504 INFO             PET0 PIOc_freedecomp Enter - MemInfo: [malloc] Total space in use, mmap + non-mmap:         5344848 Byte
20220314 010525.504 INFO             PET0 PIOc_freedecomp Enter - MemInfo: [malloc] Total space held (mmap + non-mmap):         14372864 Byte
20220314 010525.504 INFO             PET0 PIOc_freedecomp Enter - MemInfo: [malloc] Total space used (mmap + non-mmap):          5353056 Byte
20220314 010525.504 INFO             PET0 PIOc_freedecomp Enter - MemInfo: Wall-clock time since execution start:               0.096313 seconds
20220314 010525.504 INFO             PET0 PIOc_freedecomp Exit - MemInfo: [/proc/meminfo - SSI]	MemTotal:       65855856 kB
20220314 010525.504 INFO             PET0 PIOc_freedecomp Exit - MemInfo: [/proc/meminfo - SSI]	MemFree:        61262460 kB
20220314 010525.504 INFO             PET0 PIOc_freedecomp Exit - MemInfo: [/proc/meminfo - SSI]	MemAvailable:   61046316 kB
20220314 010525.504 INFO             PET0 PIOc_freedecomp Exit - MemInfo: [/proc/meminfo - SSI]	Committed_AS:    2923388 kB
20220314 010525.504 INFO             PET0 PIOc_freedecomp Exit - MemInfo: [/proc/meminfo - SSI]	CommittedPercent: 4.43907 %
20220314 010525.504 INFO             PET0 PIOc_freedecomp Exit - MemInfo: [/proc/self/status]	VmPeak:	  238664 kB
20220314 010525.504 INFO             PET0 PIOc_freedecomp Exit - MemInfo: [/proc/self/status]	VmSize:	  238596 kB
20220314 010525.504 INFO             PET0 PIOc_freedecomp Exit - MemInfo: [/proc/self/status]	VmLck:	       0 kB
20220314 010525.504 INFO             PET0 PIOc_freedecomp Exit - MemInfo: [/proc/self/status]	VmPin:	       0 kB
20220314 010525.504 INFO             PET0 PIOc_freedecomp Exit - MemInfo: [/proc/self/status]	VmHWM:	   31604 kB
20220314 010525.504 INFO             PET0 PIOc_freedecomp Exit - MemInfo: [/proc/self/status]	VmRSS:	   31604 kB
20220314 010525.504 INFO             PET0 PIOc_freedecomp Exit - MemInfo: [/proc/self/status]	VmData:	   34856 kB
20220314 010525.504 INFO             PET0 PIOc_freedecomp Exit - MemInfo: [/proc/self/status]	VmStk:	     508 kB
20220314 010525.504 INFO             PET0 PIOc_freedecomp Exit - MemInfo: [/proc/self/status]	VmExe:	    1824 kB
20220314 010525.504 INFO             PET0 PIOc_freedecomp Exit - MemInfo: [/proc/self/status]	VmLib:	   93984 kB
20220314 010525.504 INFO             PET0 PIOc_freedecomp Exit - MemInfo: [/proc/self/status]	VmPTE:	     384 kB
20220314 010525.504 INFO             PET0 PIOc_freedecomp Exit - MemInfo: [/proc/self/status]	VmPMD:	      12 kB
20220314 010525.504 INFO             PET0 PIOc_freedecomp Exit - MemInfo: [/proc/self/status]	VmSwap:	       0 kB
20220314 010525.504 INFO             PET0 PIOc_freedecomp Exit - MemInfo: [/proc/self/status]	VmRSSPercent: 0.0479897 %
20220314 010525.504 INFO             PET0 PIOc_freedecomp Exit - MemInfo: [malloc] Non-mmapped space allocated:                10174464 Byte
20220314 010525.504 INFO             PET0 PIOc_freedecomp Exit - MemInfo: [malloc] Space allocated in mmapped regions:          4198400 Byte
20220314 010525.504 INFO             PET0 PIOc_freedecomp Exit - MemInfo: [malloc] Maximum total allocated space:                     0 Byte
20220314 010525.504 INFO             PET0 PIOc_freedecomp Exit - MemInfo: [malloc] Space in freed fastbin blocks:                   400 Byte
20220314 010525.504 INFO             PET0 PIOc_freedecomp Exit - MemInfo: [malloc] Total allocated space:                       1146048 Byte
20220314 010525.504 INFO             PET0 PIOc_freedecomp Exit - MemInfo: [malloc] Total free space:                            9028416 Byte
20220314 010525.504 INFO             PET0 PIOc_freedecomp Exit - MemInfo: [malloc] Top-most, releasable space:                    65632 Byte
20220314 010525.504 INFO             PET0 PIOc_freedecomp Exit - MemInfo: [malloc] Total space in use, mmap + non-mmap:         5344448 Byte
20220314 010525.504 INFO             PET0 PIOc_freedecomp Exit - MemInfo: [malloc] Total space held (mmap + non-mmap):         14372864 Byte
20220314 010525.504 INFO             PET0 PIOc_freedecomp Exit - MemInfo: [malloc] Total space used (mmap + non-mmap):          5352656 Byte
20220314 010525.504 INFO             PET0 PIOc_freedecomp Exit - MemInfo: Wall-clock time since execution start:              0.0966408 seconds
20220314 010525.504 INFO             PET0  PASS  Write 2D ESMF_Array with Halo to NetCDF Test, ESMF_ArrayIOUTest.F90, line 547
20220314 010525.505 WARNING          PET0 ESMCI_PIO_Handler.C:1344 ESMCI::PIO_Handler::open()  Unable to set fill on file: file2D_withhalo.nc, (PIO/NetCDF error = NetCDF: Write to read only)
20220314 010525.505 INFO             PET0 PIOc_sync Enter - MemInfo: [/proc/meminfo - SSI]	MemTotal:       65855856 kB
20220314 010525.506 INFO             PET0 PIOc_sync Enter - MemInfo: [/proc/meminfo - SSI]	MemFree:        61262460 kB
20220314 010525.506 INFO             PET0 PIOc_sync Enter - MemInfo: [/proc/meminfo - SSI]	MemAvailable:   61046316 kB
20220314 010525.506 INFO             PET0 PIOc_sync Enter - MemInfo: [/proc/meminfo - SSI]	Committed_AS:    2923388 kB
20220314 010525.506 INFO             PET0 PIOc_sync Enter - MemInfo: [/proc/meminfo - SSI]	CommittedPercent: 4.43907 %
20220314 010525.506 INFO             PET0 PIOc_sync Enter - MemInfo: [/proc/self/status]	VmPeak:	  238664 kB
20220314 010525.506 INFO             PET0 PIOc_sync Enter - MemInfo: [/proc/self/status]	VmSize:	  238596 kB
20220314 010525.506 INFO             PET0 PIOc_sync Enter - MemInfo: [/proc/self/status]	VmLck:	       0 kB
20220314 010525.506 INFO             PET0 PIOc_sync Enter - MemInfo: [/proc/self/status]	VmPin:	       0 kB
20220314 010525.506 INFO             PET0 PIOc_sync Enter - MemInfo: [/proc/self/status]	VmHWM:	   31604 kB
20220314 010525.506 INFO             PET0 PIOc_sync Enter - MemInfo: [/proc/self/status]	VmRSS:	   31604 kB
20220314 010525.506 INFO             PET0 PIOc_sync Enter - MemInfo: [/proc/self/status]	VmData:	   34856 kB
20220314 010525.506 INFO             PET0 PIOc_sync Enter - MemInfo: [/proc/self/status]	VmStk:	     508 kB
20220314 010525.506 INFO             PET0 PIOc_sync Enter - MemInfo: [/proc/self/status]	VmExe:	    1824 kB
20220314 010525.506 INFO             PET0 PIOc_sync Enter - MemInfo: [/proc/self/status]	VmLib:	   93984 kB
20220314 010525.506 INFO             PET0 PIOc_sync Enter - MemInfo: [/proc/self/status]	VmPTE:	     384 kB
20220314 010525.506 INFO             PET0 PIOc_sync Enter - MemInfo: [/proc/self/status]	VmPMD:	      12 kB
20220314 010525.506 INFO             PET0 PIOc_sync Enter - MemInfo: [/proc/self/status]	VmSwap:	       0 kB
20220314 010525.506 INFO             PET0 PIOc_sync Enter - MemInfo: [/proc/self/status]	VmRSSPercent: 0.0479897 %
20220314 010525.506 INFO             PET0 PIOc_sync Enter - MemInfo: [malloc] Non-mmapped space allocated:                10174464 Byte
20220314 010525.506 INFO             PET0 PIOc_sync Enter - MemInfo: [malloc] Space allocated in mmapped regions:          4198400 Byte
20220314 010525.506 INFO             PET0 PIOc_sync Enter - MemInfo: [malloc] Maximum total allocated space:                     0 Byte
20220314 010525.506 INFO             PET0 PIOc_sync Enter - MemInfo: [malloc] Space in freed fastbin blocks:                     0 Byte
20220314 010525.506 INFO             PET0 PIOc_sync Enter - MemInfo: [malloc] Total allocated space:                      10071584 Byte
