build time -- 2022-03-11 23:42:24
20220312 000536.701 INFO             PET0 !!!!!!!!!!!!!!!!!!!!!!!!!!!!!!!!!!!!!!!!!!!!!!!!!!!!!!
20220312 000536.701 INFO             PET0 !!! THE ESMF_LOG IS SET TO OUTPUT ALL LOG MESSAGES !!!
20220312 000536.701 INFO             PET0 !!!     THIS MAY CAUSE SLOWDOWN IN PERFORMANCE     !!!
20220312 000536.701 INFO             PET0 !!! FOR PRODUCTION RUNS, USE:                      !!!
20220312 000536.701 INFO             PET0 !!!                   ESMF_LOGKIND_Multi_On_Error  !!!
20220312 000536.701 INFO             PET0 !!!!!!!!!!!!!!!!!!!!!!!!!!!!!!!!!!!!!!!!!!!!!!!!!!!!!!
20220312 000536.701 INFO             PET0 Running with ESMF Version   : v8.3.0b09-96-g559b459836
20220312 000536.701 INFO             PET0 ESMF library build date/time: "Mar 11 2022" "23:40:33"
20220312 000536.701 INFO             PET0 ESMF library build location : /lustre/f2/dev/ncep/Mark.Potts/intel_2019.5_mpi_O_jedwards_pio_update2
20220312 000536.701 INFO             PET0 ESMF_COMM                   : mpi
20220312 000536.702 INFO             PET0 ESMF_MOAB                   : enabled
20220312 000536.702 INFO             PET0 ESMF_LAPACK                 : enabled
20220312 000536.702 INFO             PET0 ESMF_NETCDF                 : enabled
20220312 000536.702 INFO             PET0 ESMF_PNETCDF                : disabled
20220312 000536.702 INFO             PET0 ESMF_PIO                    : enabled
20220312 000536.702 INFO             PET0 ESMF_YAMLCPP                : enabled
20220312 000536.709 INFO             PET0  Beginning Test, file ESMF_FieldIOUTest.F90, line 123
20220312 000536.709 INFO             PET0  NUMBER_OF_PROCESSORS           4
20220312 000536.709 INFO             PET0  PASS  Array Spec Set, ESMF_FieldIOUTest.F90, line 146
20220312 000536.711 INFO             PET0  PASS  Creating a Grid to use in Field Tests, ESMF_FieldIOUTest.F90, line 157
20220312 000536.711 INFO             PET0  PASS  Create a field from grid and fortran dummy array, ESMF_FieldIOUTest.F90, line 179
20220312 000536.712 INFO             PET0  PASS  Get Farray_w from field, ESMF_FieldIOUTest.F90, line 190
20220312 000536.734 INFO             PET0 PIOc_sync Enter - MemInfo: [/proc/meminfo - SSI]	MemTotal:       65855856 kB
20220312 000536.734 INFO             PET0 PIOc_sync Enter - MemInfo: [/proc/meminfo - SSI]	MemFree:        61167104 kB
20220312 000536.734 INFO             PET0 PIOc_sync Enter - MemInfo: [/proc/meminfo - SSI]	MemAvailable:   60952356 kB
20220312 000536.734 INFO             PET0 PIOc_sync Enter - MemInfo: [/proc/meminfo - SSI]	Committed_AS:    2914908 kB
20220312 000536.734 INFO             PET0 PIOc_sync Enter - MemInfo: [/proc/meminfo - SSI]	CommittedPercent: 4.42619 %
20220312 000536.734 INFO             PET0 PIOc_sync Enter - MemInfo: [/proc/self/status]	VmPeak:	  227720 kB
20220312 000536.734 INFO             PET0 PIOc_sync Enter - MemInfo: [/proc/self/status]	VmSize:	  227720 kB
20220312 000536.734 INFO             PET0 PIOc_sync Enter - MemInfo: [/proc/self/status]	VmLck:	       0 kB
20220312 000536.734 INFO             PET0 PIOc_sync Enter - MemInfo: [/proc/self/status]	VmPin:	       0 kB
20220312 000536.734 INFO             PET0 PIOc_sync Enter - MemInfo: [/proc/self/status]	VmHWM:	   29628 kB
20220312 000536.734 INFO             PET0 PIOc_sync Enter - MemInfo: [/proc/self/status]	VmRSS:	   29628 kB
20220312 000536.735 INFO             PET0 PIOc_sync Enter - MemInfo: [/proc/self/status]	VmData:	   33372 kB
20220312 000536.735 INFO             PET0 PIOc_sync Enter - MemInfo: [/proc/self/status]	VmStk:	     508 kB
20220312 000536.735 INFO             PET0 PIOc_sync Enter - MemInfo: [/proc/self/status]	VmExe:	    1788 kB
20220312 000536.735 INFO             PET0 PIOc_sync Enter - MemInfo: [/proc/self/status]	VmLib:	   93984 kB
20220312 000536.735 INFO             PET0 PIOc_sync Enter - MemInfo: [/proc/self/status]	VmPTE:	     360 kB
20220312 000536.735 INFO             PET0 PIOc_sync Enter - MemInfo: [/proc/self/status]	VmPMD:	      12 kB
20220312 000536.735 INFO             PET0 PIOc_sync Enter - MemInfo: [/proc/self/status]	VmSwap:	       0 kB
20220312 000536.735 INFO             PET0 PIOc_sync Enter - MemInfo: [/proc/self/status]	VmRSSPercent: 0.0449892 %
20220312 000536.735 INFO             PET0 PIOc_sync Enter - MemInfo: [malloc] Non-mmapped space allocated:                 1044480 Byte
20220312 000536.735 INFO             PET0 PIOc_sync Enter - MemInfo: [malloc] Space allocated in mmapped regions:         11808768 Byte
20220312 000536.735 INFO             PET0 PIOc_sync Enter - MemInfo: [malloc] Maximum total allocated space:                     0 Byte
20220312 000536.735 INFO             PET0 PIOc_sync Enter - MemInfo: [malloc] Space in freed fastbin blocks:                     0 Byte
20220312 000536.735 INFO             PET0 PIOc_sync Enter - MemInfo: [malloc] Total allocated space:                        933456 Byte
20220312 000536.735 INFO             PET0 PIOc_sync Enter - MemInfo: [malloc] Total free space:                             111024 Byte
20220312 000536.735 INFO             PET0 PIOc_sync Enter - MemInfo: [malloc] Top-most, releasable space:                   111024 Byte
20220312 000536.735 INFO             PET0 PIOc_sync Enter - MemInfo: [malloc] Total space in use, mmap + non-mmap:        12742224 Byte
20220312 000536.735 INFO             PET0 PIOc_sync Enter - MemInfo: [malloc] Total space held (mmap + non-mmap):         12853248 Byte
20220312 000536.735 INFO             PET0 PIOc_sync Enter - MemInfo: [malloc] Total space used (mmap + non-mmap):         12751840 Byte
20220312 000536.735 INFO             PET0 PIOc_sync Enter - MemInfo: Wall-clock time since execution start:                0.05427 seconds
20220312 000536.735 INFO             PET0 PIOc_sync Exit - MemInfo: [/proc/meminfo - SSI]	MemTotal:       65855856 kB
20220312 000536.735 INFO             PET0 PIOc_sync Exit - MemInfo: [/proc/meminfo - SSI]	MemFree:        61166600 kB
20220312 000536.735 INFO             PET0 PIOc_sync Exit - MemInfo: [/proc/meminfo - SSI]	MemAvailable:   60951852 kB
20220312 000536.735 INFO             PET0 PIOc_sync Exit - MemInfo: [/proc/meminfo - SSI]	Committed_AS:    2914908 kB
20220312 000536.735 INFO             PET0 PIOc_sync Exit - MemInfo: [/proc/meminfo - SSI]	CommittedPercent: 4.42619 %
20220312 000536.735 INFO             PET0 PIOc_sync Exit - MemInfo: [/proc/self/status]	VmPeak:	  228044 kB
20220312 000536.735 INFO             PET0 PIOc_sync Exit - MemInfo: [/proc/self/status]	VmSize:	  228044 kB
20220312 000536.735 INFO             PET0 PIOc_sync Exit - MemInfo: [/proc/self/status]	VmLck:	       0 kB
20220312 000536.735 INFO             PET0 PIOc_sync Exit - MemInfo: [/proc/self/status]	VmPin:	       0 kB
20220312 000536.735 INFO             PET0 PIOc_sync Exit - MemInfo: [/proc/self/status]	VmHWM:	   30144 kB
20220312 000536.735 INFO             PET0 PIOc_sync Exit - MemInfo: [/proc/self/status]	VmRSS:	   30144 kB
20220312 000536.735 INFO             PET0 PIOc_sync Exit - MemInfo: [/proc/self/status]	VmData:	   33696 kB
20220312 000536.735 INFO             PET0 PIOc_sync Exit - MemInfo: [/proc/self/status]	VmStk:	     508 kB
20220312 000536.735 INFO             PET0 PIOc_sync Exit - MemInfo: [/proc/self/status]	VmExe:	    1788 kB
20220312 000536.735 INFO             PET0 PIOc_sync Exit - MemInfo: [/proc/self/status]	VmLib:	   93984 kB
20220312 000536.735 INFO             PET0 PIOc_sync Exit - MemInfo: [/proc/self/status]	VmPTE:	     368 kB
20220312 000536.735 INFO             PET0 PIOc_sync Exit - MemInfo: [/proc/self/status]	VmPMD:	      12 kB
20220312 000536.735 INFO             PET0 PIOc_sync Exit - MemInfo: [/proc/self/status]	VmSwap:	       0 kB
20220312 000536.735 INFO             PET0 PIOc_sync Exit - MemInfo: [/proc/self/status]	VmRSSPercent: 0.0457727 %
20220312 000536.735 INFO             PET0 PIOc_sync Exit - MemInfo: [malloc] Non-mmapped space allocated:                 1044480 Byte
20220312 000536.735 INFO             PET0 PIOc_sync Exit - MemInfo: [malloc] Space allocated in mmapped regions:         12140544 Byte
20220312 000536.735 INFO             PET0 PIOc_sync Exit - MemInfo: [malloc] Maximum total allocated space:                     0 Byte
20220312 000536.735 INFO             PET0 PIOc_sync Exit - MemInfo: [malloc] Space in freed fastbin blocks:                     0 Byte
20220312 000536.735 INFO             PET0 PIOc_sync Exit - MemInfo: [malloc] Total allocated space:                       1005584 Byte
20220312 000536.735 INFO             PET0 PIOc_sync Exit - MemInfo: [malloc] Total free space:                              38896 Byte
20220312 000536.735 INFO             PET0 PIOc_sync Exit - MemInfo: [malloc] Top-most, releasable space:                    37424 Byte
20220312 000536.735 INFO             PET0 PIOc_sync Exit - MemInfo: [malloc] Total space in use, mmap + non-mmap:        13146128 Byte
20220312 000536.735 INFO             PET0 PIOc_sync Exit - MemInfo: [malloc] Total space held (mmap + non-mmap):         13185024 Byte
20220312 000536.735 INFO             PET0 PIOc_sync Exit - MemInfo: [malloc] Total space used (mmap + non-mmap):         13154624 Byte
20220312 000536.735 INFO             PET0 PIOc_sync Exit - MemInfo: Wall-clock time since execution start:              0.0549178 seconds
20220312 000536.736 INFO             PET0 PIOc_freedecomp Enter - MemInfo: [/proc/meminfo - SSI]	MemTotal:       65855856 kB
20220312 000536.736 INFO             PET0 PIOc_freedecomp Enter - MemInfo: [/proc/meminfo - SSI]	MemFree:        61173656 kB
20220312 000536.736 INFO             PET0 PIOc_freedecomp Enter - MemInfo: [/proc/meminfo - SSI]	MemAvailable:   60958908 kB
20220312 000536.736 INFO             PET0 PIOc_freedecomp Enter - MemInfo: [/proc/meminfo - SSI]	Committed_AS:    2907036 kB
20220312 000536.736 INFO             PET0 PIOc_freedecomp Enter - MemInfo: [/proc/meminfo - SSI]	CommittedPercent: 4.41424 %
20220312 000536.736 INFO             PET0 PIOc_freedecomp Enter - MemInfo: [/proc/self/status]	VmPeak:	  228044 kB
20220312 000536.736 INFO             PET0 PIOc_freedecomp Enter - MemInfo: [/proc/self/status]	VmSize:	  219332 kB
20220312 000536.736 INFO             PET0 PIOc_freedecomp Enter - MemInfo: [/proc/self/status]	VmLck:	       0 kB
20220312 000536.736 INFO             PET0 PIOc_freedecomp Enter - MemInfo: [/proc/self/status]	VmPin:	       0 kB
20220312 000536.736 INFO             PET0 PIOc_freedecomp Enter - MemInfo: [/proc/self/status]	VmHWM:	   30144 kB
20220312 000536.736 INFO             PET0 PIOc_freedecomp Enter - MemInfo: [/proc/self/status]	VmRSS:	   22100 kB
20220312 000536.736 INFO             PET0 PIOc_freedecomp Enter - MemInfo: [/proc/self/status]	VmData:	   24984 kB
20220312 000536.736 INFO             PET0 PIOc_freedecomp Enter - MemInfo: [/proc/self/status]	VmStk:	     508 kB
20220312 000536.736 INFO             PET0 PIOc_freedecomp Enter - MemInfo: [/proc/self/status]	VmExe:	    1788 kB
20220312 000536.736 INFO             PET0 PIOc_freedecomp Enter - MemInfo: [/proc/self/status]	VmLib:	   93984 kB
20220312 000536.736 INFO             PET0 PIOc_freedecomp Enter - MemInfo: [/proc/self/status]	VmPTE:	     356 kB
20220312 000536.736 INFO             PET0 PIOc_freedecomp Enter - MemInfo: [/proc/self/status]	VmPMD:	      12 kB
20220312 000536.736 INFO             PET0 PIOc_freedecomp Enter - MemInfo: [/proc/self/status]	VmSwap:	       0 kB
20220312 000536.736 INFO             PET0 PIOc_freedecomp Enter - MemInfo: [/proc/self/status]	VmRSSPercent: 0.0335581 %
20220312 000536.736 INFO             PET0 PIOc_freedecomp Enter - MemInfo: [malloc] Non-mmapped space allocated:                 1044480 Byte
20220312 000536.736 INFO             PET0 PIOc_freedecomp Enter - MemInfo: [malloc] Space allocated in mmapped regions:          3219456 Byte
20220312 000536.736 INFO             PET0 PIOc_freedecomp Enter - MemInfo: [malloc] Maximum total allocated space:                     0 Byte
20220312 000536.736 INFO             PET0 PIOc_freedecomp Enter - MemInfo: [malloc] Space in freed fastbin blocks:                   352 Byte
20220312 000536.736 INFO             PET0 PIOc_freedecomp Enter - MemInfo: [malloc] Total allocated space:                        995360 Byte
20220312 000536.736 INFO             PET0 PIOc_freedecomp Enter - MemInfo: [malloc] Total free space:                              49120 Byte
20220312 000536.736 INFO             PET0 PIOc_freedecomp Enter - MemInfo: [malloc] Top-most, releasable space:                    37200 Byte
20220312 000536.736 INFO             PET0 PIOc_freedecomp Enter - MemInfo: [malloc] Total space in use, mmap + non-mmap:         4214816 Byte
20220312 000536.736 INFO             PET0 PIOc_freedecomp Enter - MemInfo: [malloc] Total space held (mmap + non-mmap):          4263936 Byte
20220312 000536.736 INFO             PET0 PIOc_freedecomp Enter - MemInfo: [malloc] Total space used (mmap + non-mmap):          4223248 Byte
20220312 000536.736 INFO             PET0 PIOc_freedecomp Enter - MemInfo: Wall-clock time since execution start:              0.0558789 seconds
20220312 000536.736 INFO             PET0 PIOc_freedecomp Exit - MemInfo: [/proc/meminfo - SSI]	MemTotal:       65855856 kB
20220312 000536.736 INFO             PET0 PIOc_freedecomp Exit - MemInfo: [/proc/meminfo - SSI]	MemFree:        61173656 kB
20220312 000536.736 INFO             PET0 PIOc_freedecomp Exit - MemInfo: [/proc/meminfo - SSI]	MemAvailable:   60958908 kB
20220312 000536.736 INFO             PET0 PIOc_freedecomp Exit - MemInfo: [/proc/meminfo - SSI]	Committed_AS:    2907036 kB
20220312 000536.736 INFO             PET0 PIOc_freedecomp Exit - MemInfo: [/proc/meminfo - SSI]	CommittedPercent: 4.41424 %
20220312 000536.736 INFO             PET0 PIOc_freedecomp Exit - MemInfo: [/proc/self/status]	VmPeak:	  228044 kB
20220312 000536.736 INFO             PET0 PIOc_freedecomp Exit - MemInfo: [/proc/self/status]	VmSize:	  219332 kB
20220312 000536.736 INFO             PET0 PIOc_freedecomp Exit - MemInfo: [/proc/self/status]	VmLck:	       0 kB
20220312 000536.736 INFO             PET0 PIOc_freedecomp Exit - MemInfo: [/proc/self/status]	VmPin:	       0 kB
20220312 000536.736 INFO             PET0 PIOc_freedecomp Exit - MemInfo: [/proc/self/status]	VmHWM:	   30144 kB
20220312 000536.736 INFO             PET0 PIOc_freedecomp Exit - MemInfo: [/proc/self/status]	VmRSS:	   22100 kB
20220312 000536.736 INFO             PET0 PIOc_freedecomp Exit - MemInfo: [/proc/self/status]	VmData:	   24984 kB
20220312 000536.736 INFO             PET0 PIOc_freedecomp Exit - MemInfo: [/proc/self/status]	VmStk:	     508 kB
20220312 000536.736 INFO             PET0 PIOc_freedecomp Exit - MemInfo: [/proc/self/status]	VmExe:	    1788 kB
20220312 000536.736 INFO             PET0 PIOc_freedecomp Exit - MemInfo: [/proc/self/status]	VmLib:	   93984 kB
20220312 000536.736 INFO             PET0 PIOc_freedecomp Exit - MemInfo: [/proc/self/status]	VmPTE:	     356 kB
20220312 000536.736 INFO             PET0 PIOc_freedecomp Exit - MemInfo: [/proc/self/status]	VmPMD:	      12 kB
20220312 000536.736 INFO             PET0 PIOc_freedecomp Exit - MemInfo: [/proc/self/status]	VmSwap:	       0 kB
20220312 000536.736 INFO             PET0 PIOc_freedecomp Exit - MemInfo: [/proc/self/status]	VmRSSPercent: 0.0335581 %
20220312 000536.736 INFO             PET0 PIOc_freedecomp Exit - MemInfo: [malloc] Non-mmapped space allocated:                 1044480 Byte
20220312 000536.736 INFO             PET0 PIOc_freedecomp Exit - MemInfo: [malloc] Space allocated in mmapped regions:          3219456 Byte
20220312 000536.736 INFO             PET0 PIOc_freedecomp Exit - MemInfo: [malloc] Maximum total allocated space:                     0 Byte
20220312 000536.736 INFO             PET0 PIOc_freedecomp Exit - MemInfo: [malloc] Space in freed fastbin blocks:                   576 Byte
20220312 000536.736 INFO             PET0 PIOc_freedecomp Exit - MemInfo: [malloc] Total allocated space:                        993360 Byte
20220312 000536.737 INFO             PET0 PIOc_freedecomp Exit - MemInfo: [malloc] Total free space:                              51120 Byte
20220312 000536.737 INFO             PET0 PIOc_freedecomp Exit - MemInfo: [malloc] Top-most, releasable space:                    37200 Byte
20220312 000536.737 INFO             PET0 PIOc_freedecomp Exit - MemInfo: [malloc] Total space in use, mmap + non-mmap:         4212816 Byte
20220312 000536.737 INFO             PET0 PIOc_freedecomp Exit - MemInfo: [malloc] Total space held (mmap + non-mmap):          4263936 Byte
20220312 000536.737 INFO             PET0 PIOc_freedecomp Exit - MemInfo: [malloc] Total space used (mmap + non-mmap):          4221248 Byte
20220312 000536.737 INFO             PET0 PIOc_freedecomp Exit - MemInfo: Wall-clock time since execution start:               0.056149 seconds
20220312 000536.737 INFO             PET0  PASS  Write Fortran array in Field, ESMF_FieldIOUTest.F90, line 219
20220312 000536.737 INFO             PET0  PASS  Create a field from grid and fortran dummy array without halo, ESMF_FieldIOUTest.F90, line 233
20220312 000536.737 INFO             PET0  PASS  Get Farray_w from nohalo field, ESMF_FieldIOUTest.F90, line 244
20220312 000536.742 INFO             PET0 PIOc_sync Enter - MemInfo: [/proc/meminfo - SSI]	MemTotal:       65855856 kB
20220312 000536.742 INFO             PET0 PIOc_sync Enter - MemInfo: [/proc/meminfo - SSI]	MemFree:        61166600 kB
20220312 000536.742 INFO             PET0 PIOc_sync Enter - MemInfo: [/proc/meminfo - SSI]	MemAvailable:   60951852 kB
20220312 000536.742 INFO             PET0 PIOc_sync Enter - MemInfo: [/proc/meminfo - SSI]	Committed_AS:    2915316 kB
20220312 000536.742 INFO             PET0 PIOc_sync Enter - MemInfo: [/proc/meminfo - SSI]	CommittedPercent: 4.42681 %
20220312 000536.742 INFO             PET0 PIOc_sync Enter - MemInfo: [/proc/self/status]	VmPeak:	  228128 kB
20220312 000536.742 INFO             PET0 PIOc_sync Enter - MemInfo: [/proc/self/status]	VmSize:	  228128 kB
20220312 000536.742 INFO             PET0 PIOc_sync Enter - MemInfo: [/proc/self/status]	VmLck:	       0 kB
20220312 000536.742 INFO             PET0 PIOc_sync Enter - MemInfo: [/proc/self/status]	VmPin:	       0 kB
20220312 000536.742 INFO             PET0 PIOc_sync Enter - MemInfo: [/proc/self/status]	VmHWM:	   30244 kB
20220312 000536.742 INFO             PET0 PIOc_sync Enter - MemInfo: [/proc/self/status]	VmRSS:	   30244 kB
20220312 000536.742 INFO             PET0 PIOc_sync Enter - MemInfo: [/proc/self/status]	VmData:	   33780 kB
20220312 000536.742 INFO             PET0 PIOc_sync Enter - MemInfo: [/proc/self/status]	VmStk:	     508 kB
20220312 000536.742 INFO             PET0 PIOc_sync Enter - MemInfo: [/proc/self/status]	VmExe:	    1788 kB
20220312 000536.742 INFO             PET0 PIOc_sync Enter - MemInfo: [/proc/self/status]	VmLib:	   93984 kB
20220312 000536.742 INFO             PET0 PIOc_sync Enter - MemInfo: [/proc/self/status]	VmPTE:	     372 kB
20220312 000536.742 INFO             PET0 PIOc_sync Enter - MemInfo: [/proc/self/status]	VmPMD:	      12 kB
20220312 000536.742 INFO             PET0 PIOc_sync Enter - MemInfo: [/proc/self/status]	VmSwap:	       0 kB
20220312 000536.742 INFO             PET0 PIOc_sync Enter - MemInfo: [/proc/self/status]	VmRSSPercent: 0.0459245 %
20220312 000536.742 INFO             PET0 PIOc_sync Enter - MemInfo: [malloc] Non-mmapped space allocated:                10051584 Byte
20220312 000536.742 INFO             PET0 PIOc_sync Enter - MemInfo: [malloc] Space allocated in mmapped regions:          3219456 Byte
20220312 000536.742 INFO             PET0 PIOc_sync Enter - MemInfo: [malloc] Maximum total allocated space:                     0 Byte
20220312 000536.742 INFO             PET0 PIOc_sync Enter - MemInfo: [malloc] Space in freed fastbin blocks:                     0 Byte
20220312 000536.742 INFO             PET0 PIOc_sync Enter - MemInfo: [malloc] Total allocated space:                       9927792 Byte
20220312 000536.742 INFO             PET0 PIOc_sync Enter - MemInfo: [malloc] Total free space:                             123792 Byte
20220312 000536.742 INFO             PET0 PIOc_sync Enter - MemInfo: [malloc] Top-most, releasable space:                   120880 Byte
20220312 000536.742 INFO             PET0 PIOc_sync Enter - MemInfo: [malloc] Total space in use, mmap + non-mmap:        13147248 Byte
20220312 000536.742 INFO             PET0 PIOc_sync Enter - MemInfo: [malloc] Total space held (mmap + non-mmap):         13271040 Byte
20220312 000536.742 INFO             PET0 PIOc_sync Enter - MemInfo: [malloc] Total space used (mmap + non-mmap):         13155568 Byte
20220312 000536.742 INFO             PET0 PIOc_sync Enter - MemInfo: Wall-clock time since execution start:              0.0620019 seconds
20220312 000536.743 INFO             PET0 PIOc_sync Exit - MemInfo: [/proc/meminfo - SSI]	MemTotal:       65855856 kB
20220312 000536.743 INFO             PET0 PIOc_sync Exit - MemInfo: [/proc/meminfo - SSI]	MemFree:        61166600 kB
20220312 000536.743 INFO             PET0 PIOc_sync Exit - MemInfo: [/proc/meminfo - SSI]	MemAvailable:   60951852 kB
20220312 000536.743 INFO             PET0 PIOc_sync Exit - MemInfo: [/proc/meminfo - SSI]	Committed_AS:    2915316 kB
20220312 000536.743 INFO             PET0 PIOc_sync Exit - MemInfo: [/proc/meminfo - SSI]	CommittedPercent: 4.42681 %
20220312 000536.743 INFO             PET0 PIOc_sync Exit - MemInfo: [/proc/self/status]	VmPeak:	  228128 kB
20220312 000536.743 INFO             PET0 PIOc_sync Exit - MemInfo: [/proc/self/status]	VmSize:	  228128 kB
20220312 000536.743 INFO             PET0 PIOc_sync Exit - MemInfo: [/proc/self/status]	VmLck:	       0 kB
20220312 000536.743 INFO             PET0 PIOc_sync Exit - MemInfo: [/proc/self/status]	VmPin:	       0 kB
20220312 000536.743 INFO             PET0 PIOc_sync Exit - MemInfo: [/proc/self/status]	VmHWM:	   30244 kB
20220312 000536.743 INFO             PET0 PIOc_sync Exit - MemInfo: [/proc/self/status]	VmRSS:	   30244 kB
20220312 000536.743 INFO             PET0 PIOc_sync Exit - MemInfo: [/proc/self/status]	VmData:	   33780 kB
20220312 000536.743 INFO             PET0 PIOc_sync Exit - MemInfo: [/proc/self/status]	VmStk:	     508 kB
20220312 000536.743 INFO             PET0 PIOc_sync Exit - MemInfo: [/proc/self/status]	VmExe:	    1788 kB
20220312 000536.743 INFO             PET0 PIOc_sync Exit - MemInfo: [/proc/self/status]	VmLib:	   93984 kB
20220312 000536.743 INFO             PET0 PIOc_sync Exit - MemInfo: [/proc/self/status]	VmPTE:	     372 kB
20220312 000536.743 INFO             PET0 PIOc_sync Exit - MemInfo: [/proc/self/status]	VmPMD:	      12 kB
20220312 000536.743 INFO             PET0 PIOc_sync Exit - MemInfo: [/proc/self/status]	VmSwap:	       0 kB
20220312 000536.743 INFO             PET0 PIOc_sync Exit - MemInfo: [/proc/self/status]	VmRSSPercent: 0.0459245 %
20220312 000536.743 INFO             PET0 PIOc_sync Exit - MemInfo: [malloc] Non-mmapped space allocated:                10051584 Byte
20220312 000536.743 INFO             PET0 PIOc_sync Exit - MemInfo: [malloc] Space allocated in mmapped regions:          3219456 Byte
20220312 000536.743 INFO             PET0 PIOc_sync Exit - MemInfo: [malloc] Maximum total allocated space:                     0 Byte
20220312 000536.743 INFO             PET0 PIOc_sync Exit - MemInfo: [malloc] Space in freed fastbin blocks:                     0 Byte
20220312 000536.743 INFO             PET0 PIOc_sync Exit - MemInfo: [malloc] Total allocated space:                       9929248 Byte
20220312 000536.743 INFO             PET0 PIOc_sync Exit - MemInfo: [malloc] Total free space:                             122336 Byte
20220312 000536.743 INFO             PET0 PIOc_sync Exit - MemInfo: [malloc] Top-most, releasable space:                   120656 Byte
20220312 000536.743 INFO             PET0 PIOc_sync Exit - MemInfo: [malloc] Total space in use, mmap + non-mmap:        13148704 Byte
20220312 000536.743 INFO             PET0 PIOc_sync Exit - MemInfo: [malloc] Total space held (mmap + non-mmap):         13271040 Byte
20220312 000536.743 INFO             PET0 PIOc_sync Exit - MemInfo: [malloc] Total space used (mmap + non-mmap):         13157024 Byte
20220312 000536.743 INFO             PET0 PIOc_sync Exit - MemInfo: Wall-clock time since execution start:               0.062355 seconds
20220312 000536.743 INFO             PET0 PIOc_freedecomp Enter - MemInfo: [/proc/meminfo - SSI]	MemTotal:       65855856 kB
20220312 000536.743 INFO             PET0 PIOc_freedecomp Enter - MemInfo: [/proc/meminfo - SSI]	MemFree:        61166600 kB
20220312 000536.743 INFO             PET0 PIOc_freedecomp Enter - MemInfo: [/proc/meminfo - SSI]	MemAvailable:   60951852 kB
20220312 000536.743 INFO             PET0 PIOc_freedecomp Enter - MemInfo: [/proc/meminfo - SSI]	Committed_AS:    2915316 kB
20220312 000536.743 INFO             PET0 PIOc_freedecomp Enter - MemInfo: [/proc/meminfo - SSI]	CommittedPercent: 4.42681 %
20220312 000536.743 INFO             PET0 PIOc_freedecomp Enter - MemInfo: [/proc/self/status]	VmPeak:	  228128 kB
20220312 000536.743 INFO             PET0 PIOc_freedecomp Enter - MemInfo: [/proc/self/status]	VmSize:	  228128 kB
20220312 000536.743 INFO             PET0 PIOc_freedecomp Enter - MemInfo: [/proc/self/status]	VmLck:	       0 kB
20220312 000536.743 INFO             PET0 PIOc_freedecomp Enter - MemInfo: [/proc/self/status]	VmPin:	       0 kB
20220312 000536.743 INFO             PET0 PIOc_freedecomp Enter - MemInfo: [/proc/self/status]	VmHWM:	   30244 kB
20220312 000536.743 INFO             PET0 PIOc_freedecomp Enter - MemInfo: [/proc/self/status]	VmRSS:	   30244 kB
20220312 000536.743 INFO             PET0 PIOc_freedecomp Enter - MemInfo: [/proc/self/status]	VmData:	   33780 kB
20220312 000536.743 INFO             PET0 PIOc_freedecomp Enter - MemInfo: [/proc/self/status]	VmStk:	     508 kB
20220312 000536.743 INFO             PET0 PIOc_freedecomp Enter - MemInfo: [/proc/self/status]	VmExe:	    1788 kB
20220312 000536.743 INFO             PET0 PIOc_freedecomp Enter - MemInfo: [/proc/self/status]	VmLib:	   93984 kB
20220312 000536.743 INFO             PET0 PIOc_freedecomp Enter - MemInfo: [/proc/self/status]	VmPTE:	     372 kB
20220312 000536.743 INFO             PET0 PIOc_freedecomp Enter - MemInfo: [/proc/self/status]	VmPMD:	      12 kB
20220312 000536.743 INFO             PET0 PIOc_freedecomp Enter - MemInfo: [/proc/self/status]	VmSwap:	       0 kB
20220312 000536.743 INFO             PET0 PIOc_freedecomp Enter - MemInfo: [/proc/self/status]	VmRSSPercent: 0.0459245 %
20220312 000536.743 INFO             PET0 PIOc_freedecomp Enter - MemInfo: [malloc] Non-mmapped space allocated:                10051584 Byte
20220312 000536.743 INFO             PET0 PIOc_freedecomp Enter - MemInfo: [malloc] Space allocated in mmapped regions:          3219456 Byte
20220312 000536.743 INFO             PET0 PIOc_freedecomp Enter - MemInfo: [malloc] Maximum total allocated space:                     0 Byte
20220312 000536.743 INFO             PET0 PIOc_freedecomp Enter - MemInfo: [malloc] Space in freed fastbin blocks:                   112 Byte
20220312 000536.743 INFO             PET0 PIOc_freedecomp Enter - MemInfo: [malloc] Total allocated space:                       1005744 Byte
20220312 000536.743 INFO             PET0 PIOc_freedecomp Enter - MemInfo: [malloc] Total free space:                            9045840 Byte
20220312 000536.743 INFO             PET0 PIOc_freedecomp Enter - MemInfo: [malloc] Top-most, releasable space:                   120432 Byte
20220312 000536.743 INFO             PET0 PIOc_freedecomp Enter - MemInfo: [malloc] Total space in use, mmap + non-mmap:         4225200 Byte
20220312 000536.743 INFO             PET0 PIOc_freedecomp Enter - MemInfo: [malloc] Total space held (mmap + non-mmap):         13271040 Byte
20220312 000536.743 INFO             PET0 PIOc_freedecomp Enter - MemInfo: [malloc] Total space used (mmap + non-mmap):          4233408 Byte
20220312 000536.743 INFO             PET0 PIOc_freedecomp Enter - MemInfo: Wall-clock time since execution start:              0.0628209 seconds
20220312 000536.743 INFO             PET0 PIOc_freedecomp Exit - MemInfo: [/proc/meminfo - SSI]	MemTotal:       65855856 kB
20220312 000536.743 INFO             PET0 PIOc_freedecomp Exit - MemInfo: [/proc/meminfo - SSI]	MemFree:        61166600 kB
20220312 000536.743 INFO             PET0 PIOc_freedecomp Exit - MemInfo: [/proc/meminfo - SSI]	MemAvailable:   60951852 kB
20220312 000536.743 INFO             PET0 PIOc_freedecomp Exit - MemInfo: [/proc/meminfo - SSI]	Committed_AS:    2915316 kB
20220312 000536.743 INFO             PET0 PIOc_freedecomp Exit - MemInfo: [/proc/meminfo - SSI]	CommittedPercent: 4.42681 %
20220312 000536.743 INFO             PET0 PIOc_freedecomp Exit - MemInfo: [/proc/self/status]	VmPeak:	  228128 kB
20220312 000536.743 INFO             PET0 PIOc_freedecomp Exit - MemInfo: [/proc/self/status]	VmSize:	  228128 kB
20220312 000536.743 INFO             PET0 PIOc_freedecomp Exit - MemInfo: [/proc/self/status]	VmLck:	       0 kB
20220312 000536.743 INFO             PET0 PIOc_freedecomp Exit - MemInfo: [/proc/self/status]	VmPin:	       0 kB
20220312 000536.743 INFO             PET0 PIOc_freedecomp Exit - MemInfo: [/proc/self/status]	VmHWM:	   30244 kB
20220312 000536.743 INFO             PET0 PIOc_freedecomp Exit - MemInfo: [/proc/self/status]	VmRSS:	   30244 kB
20220312 000536.743 INFO             PET0 PIOc_freedecomp Exit - MemInfo: [/proc/self/status]	VmData:	   33780 kB
20220312 000536.743 INFO             PET0 PIOc_freedecomp Exit - MemInfo: [/proc/self/status]	VmStk:	     508 kB
20220312 000536.743 INFO             PET0 PIOc_freedecomp Exit - MemInfo: [/proc/self/status]	VmExe:	    1788 kB
20220312 000536.743 INFO             PET0 PIOc_freedecomp Exit - MemInfo: [/proc/self/status]	VmLib:	   93984 kB
20220312 000536.743 INFO             PET0 PIOc_freedecomp Exit - MemInfo: [/proc/self/status]	VmPTE:	     372 kB
20220312 000536.743 INFO             PET0 PIOc_freedecomp Exit - MemInfo: [/proc/self/status]	VmPMD:	      12 kB
20220312 000536.743 INFO             PET0 PIOc_freedecomp Exit - MemInfo: [/proc/self/status]	VmSwap:	       0 kB
20220312 000536.743 INFO             PET0 PIOc_freedecomp Exit - MemInfo: [/proc/self/status]	VmRSSPercent: 0.0459245 %
20220312 000536.743 INFO             PET0 PIOc_freedecomp Exit - MemInfo: [malloc] Non-mmapped space allocated:                10051584 Byte
20220312 000536.743 INFO             PET0 PIOc_freedecomp Exit - MemInfo: [malloc] Space allocated in mmapped regions:          3219456 Byte
20220312 000536.743 INFO             PET0 PIOc_freedecomp Exit - MemInfo: [malloc] Maximum total allocated space:                     0 Byte
20220312 000536.743 INFO             PET0 PIOc_freedecomp Exit - MemInfo: [malloc] Space in freed fastbin blocks:                   912 Byte
20220312 000536.743 INFO             PET0 PIOc_freedecomp Exit - MemInfo: [malloc] Total allocated space:                       1003056 Byte
20220312 000536.744 INFO             PET0 PIOc_freedecomp Exit - MemInfo: [malloc] Total free space:                            9048528 Byte
20220312 000536.744 INFO             PET0 PIOc_freedecomp Exit - MemInfo: [malloc] Top-most, releasable space:                   120432 Byte
20220312 000536.744 INFO             PET0 PIOc_freedecomp Exit - MemInfo: [malloc] Total space in use, mmap + non-mmap:         4222512 Byte
20220312 000536.744 INFO             PET0 PIOc_freedecomp Exit - MemInfo: [malloc] Total space held (mmap + non-mmap):         13271040 Byte
20220312 000536.744 INFO             PET0 PIOc_freedecomp Exit - MemInfo: [malloc] Total space used (mmap + non-mmap):          4230720 Byte
20220312 000536.744 INFO             PET0 PIOc_freedecomp Exit - MemInfo: Wall-clock time since execution start:              0.0631549 seconds
20220312 000536.744 INFO             PET0  PASS  Write Fortran array in nohalo Field, ESMF_FieldIOUTest.F90, line 268
20220312 000536.744 INFO             PET0  PASS  Create a field from grid and fortran dummy array without halo, ESMF_FieldIOUTest.F90, line 281
20220312 000536.755 INFO             PET0 PIOc_sync Enter - MemInfo: [/proc/meminfo - SSI]	MemTotal:       65855856 kB
20220312 000536.755 INFO             PET0 PIOc_sync Enter - MemInfo: [/proc/meminfo - SSI]	MemFree:        61165932 kB
20220312 000536.755 INFO             PET0 PIOc_sync Enter - MemInfo: [/proc/meminfo - SSI]	MemAvailable:   60950932 kB
20220312 000536.755 INFO             PET0 PIOc_sync Enter - MemInfo: [/proc/meminfo - SSI]	Committed_AS:    2915316 kB
20220312 000536.755 INFO             PET0 PIOc_sync Enter - MemInfo: [/proc/meminfo - SSI]	CommittedPercent: 4.42681 %
20220312 000536.755 INFO             PET0 PIOc_sync Enter - MemInfo: [/proc/self/status]	VmPeak:	  228128 kB
20220312 000536.755 INFO             PET0 PIOc_sync Enter - MemInfo: [/proc/self/status]	VmSize:	  228104 kB
20220312 000536.755 INFO             PET0 PIOc_sync Enter - MemInfo: [/proc/self/status]	VmLck:	       0 kB
20220312 000536.755 INFO             PET0 PIOc_sync Enter - MemInfo: [/proc/self/status]	VmPin:	       0 kB
20220312 000536.755 INFO             PET0 PIOc_sync Enter - MemInfo: [/proc/self/status]	VmHWM:	   30596 kB
20220312 000536.755 INFO             PET0 PIOc_sync Enter - MemInfo: [/proc/self/status]	VmRSS:	   30596 kB
20220312 000536.755 INFO             PET0 PIOc_sync Enter - MemInfo: [/proc/self/status]	VmData:	   33780 kB
20220312 000536.755 INFO             PET0 PIOc_sync Enter - MemInfo: [/proc/self/status]	VmStk:	     508 kB
20220312 000536.755 INFO             PET0 PIOc_sync Enter - MemInfo: [/proc/self/status]	VmExe:	    1788 kB
20220312 000536.755 INFO             PET0 PIOc_sync Enter - MemInfo: [/proc/self/status]	VmLib:	   93984 kB
20220312 000536.755 INFO             PET0 PIOc_sync Enter - MemInfo: [/proc/self/status]	VmPTE:	     372 kB
20220312 000536.755 INFO             PET0 PIOc_sync Enter - MemInfo: [/proc/self/status]	VmPMD:	      12 kB
20220312 000536.755 INFO             PET0 PIOc_sync Enter - MemInfo: [/proc/self/status]	VmSwap:	       0 kB
20220312 000536.755 INFO             PET0 PIOc_sync Enter - MemInfo: [/proc/self/status]	VmRSSPercent: 0.046459 %
20220312 000536.755 INFO             PET0 PIOc_sync Enter - MemInfo: [malloc] Non-mmapped space allocated:                10051584 Byte
20220312 000536.755 INFO             PET0 PIOc_sync Enter - MemInfo: [malloc] Space allocated in mmapped regions:          3219456 Byte
20220312 000536.755 INFO             PET0 PIOc_sync Enter - MemInfo: [malloc] Maximum total allocated space:                     0 Byte
20220312 000536.755 INFO             PET0 PIOc_sync Enter - MemInfo: [malloc] Space in freed fastbin blocks:                     0 Byte
20220312 000536.755 INFO             PET0 PIOc_sync Enter - MemInfo: [malloc] Total allocated space:                       9933424 Byte
20220312 000536.755 INFO             PET0 PIOc_sync Enter - MemInfo: [malloc] Total free space:                             118160 Byte
20220312 000536.755 INFO             PET0 PIOc_sync Enter - MemInfo: [malloc] Top-most, releasable space:                   109936 Byte
20220312 000536.755 INFO             PET0 PIOc_sync Enter - MemInfo: [malloc] Total space in use, mmap + non-mmap:        13152880 Byte
20220312 000536.755 INFO             PET0 PIOc_sync Enter - MemInfo: [malloc] Total space held (mmap + non-mmap):         13271040 Byte
20220312 000536.755 INFO             PET0 PIOc_sync Enter - MemInfo: [malloc] Total space used (mmap + non-mmap):         13161328 Byte
20220312 000536.755 INFO             PET0 PIOc_sync Enter - MemInfo: Wall-clock time since execution start:              0.0745649 seconds
20220312 000536.755 INFO             PET0 PIOc_sync Exit - MemInfo: [/proc/meminfo - SSI]	MemTotal:       65855856 kB
20220312 000536.755 INFO             PET0 PIOc_sync Exit - MemInfo: [/proc/meminfo - SSI]	MemFree:        61165932 kB
20220312 000536.755 INFO             PET0 PIOc_sync Exit - MemInfo: [/proc/meminfo - SSI]	MemAvailable:   60950932 kB
20220312 000536.755 INFO             PET0 PIOc_sync Exit - MemInfo: [/proc/meminfo - SSI]	Committed_AS:    2915316 kB
20220312 000536.755 INFO             PET0 PIOc_sync Exit - MemInfo: [/proc/meminfo - SSI]	CommittedPercent: 4.42681 %
20220312 000536.755 INFO             PET0 PIOc_sync Exit - MemInfo: [/proc/self/status]	VmPeak:	  228128 kB
20220312 000536.755 INFO             PET0 PIOc_sync Exit - MemInfo: [/proc/self/status]	VmSize:	  228104 kB
20220312 000536.755 INFO             PET0 PIOc_sync Exit - MemInfo: [/proc/self/status]	VmLck:	       0 kB
20220312 000536.755 INFO             PET0 PIOc_sync Exit - MemInfo: [/proc/self/status]	VmPin:	       0 kB
20220312 000536.755 INFO             PET0 PIOc_sync Exit - MemInfo: [/proc/self/status]	VmHWM:	   30596 kB
20220312 000536.755 INFO             PET0 PIOc_sync Exit - MemInfo: [/proc/self/status]	VmRSS:	   30596 kB
20220312 000536.755 INFO             PET0 PIOc_sync Exit - MemInfo: [/proc/self/status]	VmData:	   33780 kB
20220312 000536.755 INFO             PET0 PIOc_sync Exit - MemInfo: [/proc/self/status]	VmStk:	     508 kB
20220312 000536.755 INFO             PET0 PIOc_sync Exit - MemInfo: [/proc/self/status]	VmExe:	    1788 kB
20220312 000536.755 INFO             PET0 PIOc_sync Exit - MemInfo: [/proc/self/status]	VmLib:	   93984 kB
20220312 000536.755 INFO             PET0 PIOc_sync Exit - MemInfo: [/proc/self/status]	VmPTE:	     372 kB
20220312 000536.755 INFO             PET0 PIOc_sync Exit - MemInfo: [/proc/self/status]	VmPMD:	      12 kB
20220312 000536.755 INFO             PET0 PIOc_sync Exit - MemInfo: [/proc/self/status]	VmSwap:	       0 kB
20220312 000536.755 INFO             PET0 PIOc_sync Exit - MemInfo: [/proc/self/status]	VmRSSPercent: 0.046459 %
20220312 000536.755 INFO             PET0 PIOc_sync Exit - MemInfo: [malloc] Non-mmapped space allocated:                10051584 Byte
20220312 000536.755 INFO             PET0 PIOc_sync Exit - MemInfo: [malloc] Space allocated in mmapped regions:          3219456 Byte
20220312 000536.755 INFO             PET0 PIOc_sync Exit - MemInfo: [malloc] Maximum total allocated space:                     0 Byte
20220312 000536.755 INFO             PET0 PIOc_sync Exit - MemInfo: [malloc] Space in freed fastbin blocks:                     0 Byte
20220312 000536.755 INFO             PET0 PIOc_sync Exit - MemInfo: [malloc] Total allocated space:                       9934960 Byte
20220312 000536.755 INFO             PET0 PIOc_sync Exit - MemInfo: [malloc] Total free space:                             116624 Byte
20220312 000536.755 INFO             PET0 PIOc_sync Exit - MemInfo: [malloc] Top-most, releasable space:                   109712 Byte
20220312 000536.755 INFO             PET0 PIOc_sync Exit - MemInfo: [malloc] Total space in use, mmap + non-mmap:        13154416 Byte
20220312 000536.755 INFO             PET0 PIOc_sync Exit - MemInfo: [malloc] Total space held (mmap + non-mmap):         13271040 Byte
20220312 000536.755 INFO             PET0 PIOc_sync Exit - MemInfo: [malloc] Total space used (mmap + non-mmap):         13162736 Byte
20220312 000536.755 INFO             PET0 PIOc_sync Exit - MemInfo: Wall-clock time since execution start:              0.0750248 seconds
20220312 000536.756 INFO             PET0 PIOc_freedecomp Enter - MemInfo: [/proc/meminfo - SSI]	MemTotal:       65855856 kB
20220312 000536.756 INFO             PET0 PIOc_freedecomp Enter - MemInfo: [/proc/meminfo - SSI]	MemFree:        61165932 kB
20220312 000536.756 INFO             PET0 PIOc_freedecomp Enter - MemInfo: [/proc/meminfo - SSI]	MemAvailable:   60950932 kB
20220312 000536.756 INFO             PET0 PIOc_freedecomp Enter - MemInfo: [/proc/meminfo - SSI]	Committed_AS:    2915316 kB
20220312 000536.756 INFO             PET0 PIOc_freedecomp Enter - MemInfo: [/proc/meminfo - SSI]	CommittedPercent: 4.42681 %
20220312 000536.756 INFO             PET0 PIOc_freedecomp Enter - MemInfo: [/proc/self/status]	VmPeak:	  228128 kB
20220312 000536.756 INFO             PET0 PIOc_freedecomp Enter - MemInfo: [/proc/self/status]	VmSize:	  228104 kB
20220312 000536.756 INFO             PET0 PIOc_freedecomp Enter - MemInfo: [/proc/self/status]	VmLck:	       0 kB
20220312 000536.756 INFO             PET0 PIOc_freedecomp Enter - MemInfo: [/proc/self/status]	VmPin:	       0 kB
20220312 000536.756 INFO             PET0 PIOc_freedecomp Enter - MemInfo: [/proc/self/status]	VmHWM:	   30596 kB
20220312 000536.756 INFO             PET0 PIOc_freedecomp Enter - MemInfo: [/proc/self/status]	VmRSS:	   30596 kB
20220312 000536.756 INFO             PET0 PIOc_freedecomp Enter - MemInfo: [/proc/self/status]	VmData:	   33780 kB
20220312 000536.756 INFO             PET0 PIOc_freedecomp Enter - MemInfo: [/proc/self/status]	VmStk:	     508 kB
20220312 000536.756 INFO             PET0 PIOc_freedecomp Enter - MemInfo: [/proc/self/status]	VmExe:	    1788 kB
20220312 000536.756 INFO             PET0 PIOc_freedecomp Enter - MemInfo: [/proc/self/status]	VmLib:	   93984 kB
20220312 000536.756 INFO             PET0 PIOc_freedecomp Enter - MemInfo: [/proc/self/status]	VmPTE:	     372 kB
20220312 000536.756 INFO             PET0 PIOc_freedecomp Enter - MemInfo: [/proc/self/status]	VmPMD:	      12 kB
20220312 000536.756 INFO             PET0 PIOc_freedecomp Enter - MemInfo: [/proc/self/status]	VmSwap:	       0 kB
20220312 000536.756 INFO             PET0 PIOc_freedecomp Enter - MemInfo: [/proc/self/status]	VmRSSPercent: 0.046459 %
20220312 000536.756 INFO             PET0 PIOc_freedecomp Enter - MemInfo: [malloc] Non-mmapped space allocated:                10051584 Byte
20220312 000536.756 INFO             PET0 PIOc_freedecomp Enter - MemInfo: [malloc] Space allocated in mmapped regions:          3219456 Byte
20220312 000536.756 INFO             PET0 PIOc_freedecomp Enter - MemInfo: [malloc] Maximum total allocated space:                     0 Byte
20220312 000536.756 INFO             PET0 PIOc_freedecomp Enter - MemInfo: [malloc] Space in freed fastbin blocks:                     0 Byte
20220312 000536.756 INFO             PET0 PIOc_freedecomp Enter - MemInfo: [malloc] Total allocated space:                       1011136 Byte
20220312 000536.756 INFO             PET0 PIOc_freedecomp Enter - MemInfo: [malloc] Total free space:                            9040448 Byte
20220312 000536.756 INFO             PET0 PIOc_freedecomp Enter - MemInfo: [malloc] Top-most, releasable space:                   109488 Byte
20220312 000536.756 INFO             PET0 PIOc_freedecomp Enter - MemInfo: [malloc] Total space in use, mmap + non-mmap:         4230592 Byte
20220312 000536.756 INFO             PET0 PIOc_freedecomp Enter - MemInfo: [malloc] Total space held (mmap + non-mmap):         13271040 Byte
20220312 000536.756 INFO             PET0 PIOc_freedecomp Enter - MemInfo: [malloc] Total space used (mmap + non-mmap):          4238800 Byte
20220312 000536.756 INFO             PET0 PIOc_freedecomp Enter - MemInfo: Wall-clock time since execution start:              0.0754828 seconds
20220312 000536.756 INFO             PET0 PIOc_freedecomp Exit - MemInfo: [/proc/meminfo - SSI]	MemTotal:       65855856 kB
20220312 000536.756 INFO             PET0 PIOc_freedecomp Exit - MemInfo: [/proc/meminfo - SSI]	MemFree:        61165932 kB
20220312 000536.756 INFO             PET0 PIOc_freedecomp Exit - MemInfo: [/proc/meminfo - SSI]	MemAvailable:   60950932 kB
20220312 000536.756 INFO             PET0 PIOc_freedecomp Exit - MemInfo: [/proc/meminfo - SSI]	Committed_AS:    2915316 kB
20220312 000536.756 INFO             PET0 PIOc_freedecomp Exit - MemInfo: [/proc/meminfo - SSI]	CommittedPercent: 4.42681 %
20220312 000536.756 INFO             PET0 PIOc_freedecomp Exit - MemInfo: [/proc/self/status]	VmPeak:	  228128 kB
20220312 000536.756 INFO             PET0 PIOc_freedecomp Exit - MemInfo: [/proc/self/status]	VmSize:	  228104 kB
20220312 000536.756 INFO             PET0 PIOc_freedecomp Exit - MemInfo: [/proc/self/status]	VmLck:	       0 kB
20220312 000536.756 INFO             PET0 PIOc_freedecomp Exit - MemInfo: [/proc/self/status]	VmPin:	       0 kB
20220312 000536.756 INFO             PET0 PIOc_freedecomp Exit - MemInfo: [/proc/self/status]	VmHWM:	   30596 kB
20220312 000536.756 INFO             PET0 PIOc_freedecomp Exit - MemInfo: [/proc/self/status]	VmRSS:	   30596 kB
20220312 000536.756 INFO             PET0 PIOc_freedecomp Exit - MemInfo: [/proc/self/status]	VmData:	   33780 kB
20220312 000536.756 INFO             PET0 PIOc_freedecomp Exit - MemInfo: [/proc/self/status]	VmStk:	     508 kB
20220312 000536.756 INFO             PET0 PIOc_freedecomp Exit - MemInfo: [/proc/self/status]	VmExe:	    1788 kB
20220312 000536.756 INFO             PET0 PIOc_freedecomp Exit - MemInfo: [/proc/self/status]	VmLib:	   93984 kB
20220312 000536.756 INFO             PET0 PIOc_freedecomp Exit - MemInfo: [/proc/self/status]	VmPTE:	     372 kB
20220312 000536.756 INFO             PET0 PIOc_freedecomp Exit - MemInfo: [/proc/self/status]	VmPMD:	      12 kB
20220312 000536.756 INFO             PET0 PIOc_freedecomp Exit - MemInfo: [/proc/self/status]	VmSwap:	       0 kB
20220312 000536.756 INFO             PET0 PIOc_freedecomp Exit - MemInfo: [/proc/self/status]	VmRSSPercent: 0.046459 %
20220312 000536.756 INFO             PET0 PIOc_freedecomp Exit - MemInfo: [malloc] Non-mmapped space allocated:                10051584 Byte
20220312 000536.756 INFO             PET0 PIOc_freedecomp Exit - MemInfo: [malloc] Space allocated in mmapped regions:          3219456 Byte
20220312 000536.756 INFO             PET0 PIOc_freedecomp Exit - MemInfo: [malloc] Maximum total allocated space:                     0 Byte
20220312 000536.756 INFO             PET0 PIOc_freedecomp Exit - MemInfo: [malloc] Space in freed fastbin blocks:                   720 Byte
20220312 000536.756 INFO             PET0 PIOc_freedecomp Exit - MemInfo: [malloc] Total allocated space:                       1008320 Byte
20220312 000536.756 INFO             PET0 PIOc_freedecomp Exit - MemInfo: [malloc] Total free space:                            9043264 Byte
20220312 000536.756 INFO             PET0 PIOc_freedecomp Exit - MemInfo: [malloc] Top-most, releasable space:                   120208 Byte
20220312 000536.756 INFO             PET0 PIOc_freedecomp Exit - MemInfo: [malloc] Total space in use, mmap + non-mmap:         4227776 Byte
20220312 000536.756 INFO             PET0 PIOc_freedecomp Exit - MemInfo: [malloc] Total space held (mmap + non-mmap):         13271040 Byte
20220312 000536.756 INFO             PET0 PIOc_freedecomp Exit - MemInfo: [malloc] Total space used (mmap + non-mmap):          4235984 Byte
20220312 000536.756 INFO             PET0 PIOc_freedecomp Exit - MemInfo: Wall-clock time since execution start:              0.0757489 seconds
20220312 000536.758 INFO             PET0 PIOc_sync Enter - MemInfo: [/proc/meminfo - SSI]	MemTotal:       65855856 kB
20220312 000536.758 INFO             PET0 PIOc_sync Enter - MemInfo: [/proc/meminfo - SSI]	MemFree:        61165932 kB
20220312 000536.758 INFO             PET0 PIOc_sync Enter - MemInfo: [/proc/meminfo - SSI]	MemAvailable:   60950932 kB
20220312 000536.758 INFO             PET0 PIOc_sync Enter - MemInfo: [/proc/meminfo - SSI]	Committed_AS:    2915316 kB
20220312 000536.758 INFO             PET0 PIOc_sync Enter - MemInfo: [/proc/meminfo - SSI]	CommittedPercent: 4.42681 %
20220312 000536.758 INFO             PET0 PIOc_sync Enter - MemInfo: [/proc/self/status]	VmPeak:	  228128 kB
20220312 000536.758 INFO             PET0 PIOc_sync Enter - MemInfo: [/proc/self/status]	VmSize:	  228092 kB
20220312 000536.758 INFO             PET0 PIOc_sync Enter - MemInfo: [/proc/self/status]	VmLck:	       0 kB
20220312 000536.758 INFO             PET0 PIOc_sync Enter - MemInfo: [/proc/self/status]	VmPin:	       0 kB
20220312 000536.758 INFO             PET0 PIOc_sync Enter - MemInfo: [/proc/self/status]	VmHWM:	   30836 kB
20220312 000536.758 INFO             PET0 PIOc_sync Enter - MemInfo: [/proc/self/status]	VmRSS:	   30836 kB
20220312 000536.758 INFO             PET0 PIOc_sync Enter - MemInfo: [/proc/self/status]	VmData:	   33780 kB
20220312 000536.758 INFO             PET0 PIOc_sync Enter - MemInfo: [/proc/self/status]	VmStk:	     508 kB
20220312 000536.758 INFO             PET0 PIOc_sync Enter - MemInfo: [/proc/self/status]	VmExe:	    1788 kB
20220312 000536.758 INFO             PET0 PIOc_sync Enter - MemInfo: [/proc/self/status]	VmLib:	   93984 kB
20220312 000536.758 INFO             PET0 PIOc_sync Enter - MemInfo: [/proc/self/status]	VmPTE:	     372 kB
20220312 000536.758 INFO             PET0 PIOc_sync Enter - MemInfo: [/proc/self/status]	VmPMD:	      12 kB
20220312 000536.758 INFO             PET0 PIOc_sync Enter - MemInfo: [/proc/self/status]	VmSwap:	       0 kB
20220312 000536.758 INFO             PET0 PIOc_sync Enter - MemInfo: [/proc/self/status]	VmRSSPercent: 0.0468235 %
20220312 000536.758 INFO             PET0 PIOc_sync Enter - MemInfo: [malloc] Non-mmapped space allocated:                10051584 Byte
20220312 000536.758 INFO             PET0 PIOc_sync Enter - MemInfo: [malloc] Space allocated in mmapped regions:          3219456 Byte
20220312 000536.758 INFO             PET0 PIOc_sync Enter - MemInfo: [malloc] Maximum total allocated space:                     0 Byte
20220312 000536.758 INFO             PET0 PIOc_sync Enter - MemInfo: [malloc] Space in freed fastbin blocks:                   576 Byte
20220312 000536.758 INFO             PET0 PIOc_sync Enter - MemInfo: [malloc] Total allocated space:                       9935520 Byte
20220312 000536.758 INFO             PET0 PIOc_sync Enter - MemInfo: [malloc] Total free space:                             116064 Byte
20220312 000536.758 INFO             PET0 PIOc_sync Enter - MemInfo: [malloc] Top-most, releasable space:                   113568 Byte
20220312 000536.758 INFO             PET0 PIOc_sync Enter - MemInfo: [malloc] Total space in use, mmap + non-mmap:        13154976 Byte
20220312 000536.758 INFO             PET0 PIOc_sync Enter - MemInfo: [malloc] Total space held (mmap + non-mmap):         13271040 Byte
20220312 000536.758 INFO             PET0 PIOc_sync Enter - MemInfo: [malloc] Total space used (mmap + non-mmap):         13163296 Byte
20220312 000536.758 INFO             PET0 PIOc_sync Enter - MemInfo: Wall-clock time since execution start:                0.07741 seconds
20220312 000536.758 INFO             PET0 PIOc_sync Exit - MemInfo: [/proc/meminfo - SSI]	MemTotal:       65855856 kB
20220312 000536.758 INFO             PET0 PIOc_sync Exit - MemInfo: [/proc/meminfo - SSI]	MemFree:        61165932 kB
20220312 000536.758 INFO             PET0 PIOc_sync Exit - MemInfo: [/proc/meminfo - SSI]	MemAvailable:   60950932 kB
20220312 000536.758 INFO             PET0 PIOc_sync Exit - MemInfo: [/proc/meminfo - SSI]	Committed_AS:    2915316 kB
20220312 000536.758 INFO             PET0 PIOc_sync Exit - MemInfo: [/proc/meminfo - SSI]	CommittedPercent: 4.42681 %
20220312 000536.758 INFO             PET0 PIOc_sync Exit - MemInfo: [/proc/self/status]	VmPeak:	  228128 kB
20220312 000536.758 INFO             PET0 PIOc_sync Exit - MemInfo: [/proc/self/status]	VmSize:	  228092 kB
20220312 000536.758 INFO             PET0 PIOc_sync Exit - MemInfo: [/proc/self/status]	VmLck:	       0 kB
20220312 000536.758 INFO             PET0 PIOc_sync Exit - MemInfo: [/proc/self/status]	VmPin:	       0 kB
20220312 000536.758 INFO             PET0 PIOc_sync Exit - MemInfo: [/proc/self/status]	VmHWM:	   30836 kB
20220312 000536.758 INFO             PET0 PIOc_sync Exit - MemInfo: [/proc/self/status]	VmRSS:	   30836 kB
20220312 000536.758 INFO             PET0 PIOc_sync Exit - MemInfo: [/proc/self/status]	VmData:	   33780 kB
20220312 000536.758 INFO             PET0 PIOc_sync Exit - MemInfo: [/proc/self/status]	VmStk:	     508 kB
20220312 000536.758 INFO             PET0 PIOc_sync Exit - MemInfo: [/proc/self/status]	VmExe:	    1788 kB
20220312 000536.758 INFO             PET0 PIOc_sync Exit - MemInfo: [/proc/self/status]	VmLib:	   93984 kB
20220312 000536.758 INFO             PET0 PIOc_sync Exit - MemInfo: [/proc/self/status]	VmPTE:	     372 kB
20220312 000536.758 INFO             PET0 PIOc_sync Exit - MemInfo: [/proc/self/status]	VmPMD:	      12 kB
20220312 000536.758 INFO             PET0 PIOc_sync Exit - MemInfo: [/proc/self/status]	VmSwap:	       0 kB
20220312 000536.758 INFO             PET0 PIOc_sync Exit - MemInfo: [/proc/self/status]	VmRSSPercent: 0.0468235 %
20220312 000536.758 INFO             PET0 PIOc_sync Exit - MemInfo: [malloc] Non-mmapped space allocated:                10051584 Byte
20220312 000536.758 INFO             PET0 PIOc_sync Exit - MemInfo: [malloc] Space allocated in mmapped regions:          3219456 Byte
20220312 000536.758 INFO             PET0 PIOc_sync Exit - MemInfo: [malloc] Maximum total allocated space:                     0 Byte
20220312 000536.758 INFO             PET0 PIOc_sync Exit - MemInfo: [malloc] Space in freed fastbin blocks:                     0 Byte
20220312 000536.758 INFO             PET0 PIOc_sync Exit - MemInfo: [malloc] Total allocated space:                       9936496 Byte
20220312 000536.758 INFO             PET0 PIOc_sync Exit - MemInfo: [malloc] Total free space:                             115088 Byte
20220312 000536.758 INFO             PET0 PIOc_sync Exit - MemInfo: [malloc] Top-most, releasable space:                   113344 Byte
20220312 000536.758 INFO             PET0 PIOc_sync Exit - MemInfo: [malloc] Total space in use, mmap + non-mmap:        13155952 Byte
20220312 000536.758 INFO             PET0 PIOc_sync Exit - MemInfo: [malloc] Total space held (mmap + non-mmap):         13271040 Byte
20220312 000536.758 INFO             PET0 PIOc_sync Exit - MemInfo: [malloc] Total space used (mmap + non-mmap):         13164272 Byte
20220312 000536.758 INFO             PET0 PIOc_sync Exit - MemInfo: Wall-clock time since execution start:              0.0777969 seconds
20220312 000536.758 INFO             PET0 PIOc_freedecomp Enter - MemInfo: [/proc/meminfo - SSI]	MemTotal:       65855856 kB
20220312 000536.758 INFO             PET0 PIOc_freedecomp Enter - MemInfo: [/proc/meminfo - SSI]	MemFree:        61165932 kB
20220312 000536.758 INFO             PET0 PIOc_freedecomp Enter - MemInfo: [/proc/meminfo - SSI]	MemAvailable:   60950932 kB
20220312 000536.758 INFO             PET0 PIOc_freedecomp Enter - MemInfo: [/proc/meminfo - SSI]	Committed_AS:    2915316 kB
20220312 000536.758 INFO             PET0 PIOc_freedecomp Enter - MemInfo: [/proc/meminfo - SSI]	CommittedPercent: 4.42681 %
20220312 000536.758 INFO             PET0 PIOc_freedecomp Enter - MemInfo: [/proc/self/status]	VmPeak:	  228128 kB
20220312 000536.758 INFO             PET0 PIOc_freedecomp Enter - MemInfo: [/proc/self/status]	VmSize:	  228092 kB
20220312 000536.758 INFO             PET0 PIOc_freedecomp Enter - MemInfo: [/proc/self/status]	VmLck:	       0 kB
20220312 000536.758 INFO             PET0 PIOc_freedecomp Enter - MemInfo: [/proc/self/status]	VmPin:	       0 kB
20220312 000536.758 INFO             PET0 PIOc_freedecomp Enter - MemInfo: [/proc/self/status]	VmHWM:	   30836 kB
20220312 000536.758 INFO             PET0 PIOc_freedecomp Enter - MemInfo: [/proc/self/status]	VmRSS:	   30836 kB
20220312 000536.758 INFO             PET0 PIOc_freedecomp Enter - MemInfo: [/proc/self/status]	VmData:	   33780 kB
20220312 000536.758 INFO             PET0 PIOc_freedecomp Enter - MemInfo: [/proc/self/status]	VmStk:	     508 kB
20220312 000536.759 INFO             PET0 PIOc_freedecomp Enter - MemInfo: [/proc/self/status]	VmExe:	    1788 kB
20220312 000536.759 INFO             PET0 PIOc_freedecomp Enter - MemInfo: [/proc/self/status]	VmLib:	   93984 kB
20220312 000536.759 INFO             PET0 PIOc_freedecomp Enter - MemInfo: [/proc/self/status]	VmPTE:	     372 kB
20220312 000536.759 INFO             PET0 PIOc_freedecomp Enter - MemInfo: [/proc/self/status]	VmPMD:	      12 kB
20220312 000536.759 INFO             PET0 PIOc_freedecomp Enter - MemInfo: [/proc/self/status]	VmSwap:	       0 kB
20220312 000536.759 INFO             PET0 PIOc_freedecomp Enter - MemInfo: [/proc/self/status]	VmRSSPercent: 0.0468235 %
20220312 000536.759 INFO             PET0 PIOc_freedecomp Enter - MemInfo: [malloc] Non-mmapped space allocated:                10051584 Byte
20220312 000536.759 INFO             PET0 PIOc_freedecomp Enter - MemInfo: [malloc] Space allocated in mmapped regions:          3219456 Byte
20220312 000536.759 INFO             PET0 PIOc_freedecomp Enter - MemInfo: [malloc] Maximum total allocated space:                     0 Byte
20220312 000536.759 INFO             PET0 PIOc_freedecomp Enter - MemInfo: [malloc] Space in freed fastbin blocks:                   112 Byte
20220312 000536.759 INFO             PET0 PIOc_freedecomp Enter - MemInfo: [malloc] Total allocated space:                       1012144 Byte
20220312 000536.759 INFO             PET0 PIOc_freedecomp Enter - MemInfo: [malloc] Total free space:                            9039440 Byte
20220312 000536.759 INFO             PET0 PIOc_freedecomp Enter - MemInfo: [malloc] Top-most, releasable space:                   113120 Byte
20220312 000536.759 INFO             PET0 PIOc_freedecomp Enter - MemInfo: [malloc] Total space in use, mmap + non-mmap:         4231600 Byte
20220312 000536.759 INFO             PET0 PIOc_freedecomp Enter - MemInfo: [malloc] Total space held (mmap + non-mmap):         13271040 Byte
20220312 000536.759 INFO             PET0 PIOc_freedecomp Enter - MemInfo: [malloc] Total space used (mmap + non-mmap):          4239808 Byte
20220312 000536.759 INFO             PET0 PIOc_freedecomp Enter - MemInfo: Wall-clock time since execution start:               0.078233 seconds
20220312 000536.759 INFO             PET0 PIOc_freedecomp Exit - MemInfo: [/proc/meminfo - SSI]	MemTotal:       65855856 kB
20220312 000536.759 INFO             PET0 PIOc_freedecomp Exit - MemInfo: [/proc/meminfo - SSI]	MemFree:        61165932 kB
20220312 000536.759 INFO             PET0 PIOc_freedecomp Exit - MemInfo: [/proc/meminfo - SSI]	MemAvailable:   60950932 kB
20220312 000536.759 INFO             PET0 PIOc_freedecomp Exit - MemInfo: [/proc/meminfo - SSI]	Committed_AS:    2915316 kB
20220312 000536.759 INFO             PET0 PIOc_freedecomp Exit - MemInfo: [/proc/meminfo - SSI]	CommittedPercent: 4.42681 %
20220312 000536.759 INFO             PET0 PIOc_freedecomp Exit - MemInfo: [/proc/self/status]	VmPeak:	  228128 kB
20220312 000536.759 INFO             PET0 PIOc_freedecomp Exit - MemInfo: [/proc/self/status]	VmSize:	  228092 kB
20220312 000536.759 INFO             PET0 PIOc_freedecomp Exit - MemInfo: [/proc/self/status]	VmLck:	       0 kB
20220312 000536.759 INFO             PET0 PIOc_freedecomp Exit - MemInfo: [/proc/self/status]	VmPin:	       0 kB
20220312 000536.759 INFO             PET0 PIOc_freedecomp Exit - MemInfo: [/proc/self/status]	VmHWM:	   30836 kB
20220312 000536.759 INFO             PET0 PIOc_freedecomp Exit - MemInfo: [/proc/self/status]	VmRSS:	   30836 kB
20220312 000536.759 INFO             PET0 PIOc_freedecomp Exit - MemInfo: [/proc/self/status]	VmData:	   33780 kB
20220312 000536.759 INFO             PET0 PIOc_freedecomp Exit - MemInfo: [/proc/self/status]	VmStk:	     508 kB
20220312 000536.759 INFO             PET0 PIOc_freedecomp Exit - MemInfo: [/proc/self/status]	VmExe:	    1788 kB
20220312 000536.759 INFO             PET0 PIOc_freedecomp Exit - MemInfo: [/proc/self/status]	VmLib:	   93984 kB
20220312 000536.759 INFO             PET0 PIOc_freedecomp Exit - MemInfo: [/proc/self/status]	VmPTE:	     372 kB
20220312 000536.759 INFO             PET0 PIOc_freedecomp Exit - MemInfo: [/proc/self/status]	VmPMD:	      12 kB
20220312 000536.759 INFO             PET0 PIOc_freedecomp Exit - MemInfo: [/proc/self/status]	VmSwap:	       0 kB
20220312 000536.759 INFO             PET0 PIOc_freedecomp Exit - MemInfo: [/proc/self/status]	VmRSSPercent: 0.0468235 %
20220312 000536.759 INFO             PET0 PIOc_freedecomp Exit - MemInfo: [malloc] Non-mmapped space allocated:                10051584 Byte
20220312 000536.759 INFO             PET0 PIOc_freedecomp Exit - MemInfo: [malloc] Space allocated in mmapped regions:          3219456 Byte
20220312 000536.759 INFO             PET0 PIOc_freedecomp Exit - MemInfo: [malloc] Maximum total allocated space:                     0 Byte
20220312 000536.759 INFO             PET0 PIOc_freedecomp Exit - MemInfo: [malloc] Space in freed fastbin blocks:                   192 Byte
20220312 000536.759 INFO             PET0 PIOc_freedecomp Exit - MemInfo: [malloc] Total allocated space:                       1009264 Byte
20220312 000536.759 INFO             PET0 PIOc_freedecomp Exit - MemInfo: [malloc] Total free space:                            9042320 Byte
20220312 000536.759 INFO             PET0 PIOc_freedecomp Exit - MemInfo: [malloc] Top-most, releasable space:                   120432 Byte
20220312 000536.759 INFO             PET0 PIOc_freedecomp Exit - MemInfo: [malloc] Total space in use, mmap + non-mmap:         4228720 Byte
20220312 000536.759 INFO             PET0 PIOc_freedecomp Exit - MemInfo: [malloc] Total space held (mmap + non-mmap):         13271040 Byte
20220312 000536.759 INFO             PET0 PIOc_freedecomp Exit - MemInfo: [malloc] Total space used (mmap + non-mmap):          4236928 Byte
20220312 000536.759 INFO             PET0 PIOc_freedecomp Exit - MemInfo: Wall-clock time since execution start:               0.078516 seconds
20220312 000536.759 INFO             PET0  PASS  Write multiple Fields with same dimensions to a file, ESMF_FieldIOUTest.F90, line 292
20220312 000536.759 INFO             PET0  PASS  Create grid for field metadata test, ESMF_FieldIOUTest.F90, line 309
20220312 000536.759 INFO             PET0  PASS  Create field with global indices, ESMF_FieldIOUTest.F90, line 316
20220312 000536.759 INFO             PET0  PASS  Get Farray_md from field, ESMF_FieldIOUTest.F90, line 324
20220312 000536.765 INFO             PET0 PIOc_sync Enter - MemInfo: [/proc/meminfo - SSI]	MemTotal:       65855856 kB
20220312 000536.765 INFO             PET0 PIOc_sync Enter - MemInfo: [/proc/meminfo - SSI]	MemFree:        61157356 kB
20220312 000536.765 INFO             PET0 PIOc_sync Enter - MemInfo: [/proc/meminfo - SSI]	MemAvailable:   60942356 kB
20220312 000536.765 INFO             PET0 PIOc_sync Enter - MemInfo: [/proc/meminfo - SSI]	Committed_AS:    2923524 kB
20220312 000536.766 INFO             PET0 PIOc_sync Enter - MemInfo: [/proc/meminfo - SSI]	CommittedPercent: 4.43928 %
20220312 000536.766 INFO             PET0 PIOc_sync Enter - MemInfo: [/proc/self/status]	VmPeak:	  236296 kB
20220312 000536.766 INFO             PET0 PIOc_sync Enter - MemInfo: [/proc/self/status]	VmSize:	  236296 kB
20220312 000536.766 INFO             PET0 PIOc_sync Enter - MemInfo: [/proc/self/status]	VmLck:	       0 kB
20220312 000536.766 INFO             PET0 PIOc_sync Enter - MemInfo: [/proc/self/status]	VmPin:	       0 kB
20220312 000536.766 INFO             PET0 PIOc_sync Enter - MemInfo: [/proc/self/status]	VmHWM:	   39016 kB
20220312 000536.766 INFO             PET0 PIOc_sync Enter - MemInfo: [/proc/self/status]	VmRSS:	   39016 kB
20220312 000536.766 INFO             PET0 PIOc_sync Enter - MemInfo: [/proc/self/status]	VmData:	   41984 kB
20220312 000536.766 INFO             PET0 PIOc_sync Enter - MemInfo: [/proc/self/status]	VmStk:	     508 kB
20220312 000536.766 INFO             PET0 PIOc_sync Enter - MemInfo: [/proc/self/status]	VmExe:	    1788 kB
20220312 000536.766 INFO             PET0 PIOc_sync Enter - MemInfo: [/proc/self/status]	VmLib:	   93984 kB
20220312 000536.766 INFO             PET0 PIOc_sync Enter - MemInfo: [/proc/self/status]	VmPTE:	     388 kB
20220312 000536.766 INFO             PET0 PIOc_sync Enter - MemInfo: [/proc/self/status]	VmPMD:	      12 kB
20220312 000536.766 INFO             PET0 PIOc_sync Enter - MemInfo: [/proc/self/status]	VmSwap:	       0 kB
20220312 000536.766 INFO             PET0 PIOc_sync Enter - MemInfo: [/proc/self/status]	VmRSSPercent: 0.0592445 %
20220312 000536.766 INFO             PET0 PIOc_sync Enter - MemInfo: [malloc] Non-mmapped space allocated:                18452480 Byte
20220312 000536.766 INFO             PET0 PIOc_sync Enter - MemInfo: [malloc] Space allocated in mmapped regions:          3219456 Byte
20220312 000536.766 INFO             PET0 PIOc_sync Enter - MemInfo: [malloc] Maximum total allocated space:                     0 Byte
20220312 000536.766 INFO             PET0 PIOc_sync Enter - MemInfo: [malloc] Space in freed fastbin blocks:                     0 Byte
20220312 000536.766 INFO             PET0 PIOc_sync Enter - MemInfo: [malloc] Total allocated space:                       9958144 Byte
20220312 000536.766 INFO             PET0 PIOc_sync Enter - MemInfo: [malloc] Total free space:                            8494336 Byte
20220312 000536.766 INFO             PET0 PIOc_sync Enter - MemInfo: [malloc] Top-most, releasable space:                   132704 Byte
20220312 000536.766 INFO             PET0 PIOc_sync Enter - MemInfo: [malloc] Total space in use, mmap + non-mmap:        13177600 Byte
20220312 000536.766 INFO             PET0 PIOc_sync Enter - MemInfo: [malloc] Total space held (mmap + non-mmap):         21671936 Byte
20220312 000536.766 INFO             PET0 PIOc_sync Enter - MemInfo: [malloc] Total space used (mmap + non-mmap):         13185920 Byte
20220312 000536.766 INFO             PET0 PIOc_sync Enter - MemInfo: Wall-clock time since execution start:              0.0853128 seconds
20220312 000536.766 INFO             PET0 PIOc_sync Exit - MemInfo: [/proc/meminfo - SSI]	MemTotal:       65855856 kB
20220312 000536.766 INFO             PET0 PIOc_sync Exit - MemInfo: [/proc/meminfo - SSI]	MemFree:        61157356 kB
20220312 000536.766 INFO             PET0 PIOc_sync Exit - MemInfo: [/proc/meminfo - SSI]	MemAvailable:   60942356 kB
20220312 000536.766 INFO             PET0 PIOc_sync Exit - MemInfo: [/proc/meminfo - SSI]	Committed_AS:    2923524 kB
20220312 000536.766 INFO             PET0 PIOc_sync Exit - MemInfo: [/proc/meminfo - SSI]	CommittedPercent: 4.43928 %
20220312 000536.766 INFO             PET0 PIOc_sync Exit - MemInfo: [/proc/self/status]	VmPeak:	  236296 kB
20220312 000536.766 INFO             PET0 PIOc_sync Exit - MemInfo: [/proc/self/status]	VmSize:	  236296 kB
20220312 000536.766 INFO             PET0 PIOc_sync Exit - MemInfo: [/proc/self/status]	VmLck:	       0 kB
20220312 000536.766 INFO             PET0 PIOc_sync Exit - MemInfo: [/proc/self/status]	VmPin:	       0 kB
20220312 000536.766 INFO             PET0 PIOc_sync Exit - MemInfo: [/proc/self/status]	VmHWM:	   39016 kB
20220312 000536.766 INFO             PET0 PIOc_sync Exit - MemInfo: [/proc/self/status]	VmRSS:	   39016 kB
20220312 000536.766 INFO             PET0 PIOc_sync Exit - MemInfo: [/proc/self/status]	VmData:	   41984 kB
20220312 000536.766 INFO             PET0 PIOc_sync Exit - MemInfo: [/proc/self/status]	VmStk:	     508 kB
20220312 000536.766 INFO             PET0 PIOc_sync Exit - MemInfo: [/proc/self/status]	VmExe:	    1788 kB
20220312 000536.766 INFO             PET0 PIOc_sync Exit - MemInfo: [/proc/self/status]	VmLib:	   93984 kB
20220312 000536.766 INFO             PET0 PIOc_sync Exit - MemInfo: [/proc/self/status]	VmPTE:	     388 kB
20220312 000536.766 INFO             PET0 PIOc_sync Exit - MemInfo: [/proc/self/status]	VmPMD:	      12 kB
20220312 000536.766 INFO             PET0 PIOc_sync Exit - MemInfo: [/proc/self/status]	VmSwap:	       0 kB
20220312 000536.766 INFO             PET0 PIOc_sync Exit - MemInfo: [/proc/self/status]	VmRSSPercent: 0.0592445 %
20220312 000536.766 INFO             PET0 PIOc_sync Exit - MemInfo: [malloc] Non-mmapped space allocated:                18452480 Byte
20220312 000536.766 INFO             PET0 PIOc_sync Exit - MemInfo: [malloc] Space allocated in mmapped regions:          3219456 Byte
20220312 000536.766 INFO             PET0 PIOc_sync Exit - MemInfo: [malloc] Maximum total allocated space:                     0 Byte
20220312 000536.766 INFO             PET0 PIOc_sync Exit - MemInfo: [malloc] Space in freed fastbin blocks:                     0 Byte
20220312 000536.766 INFO             PET0 PIOc_sync Exit - MemInfo: [malloc] Total allocated space:                       9974208 Byte
20220312 000536.766 INFO             PET0 PIOc_sync Exit - MemInfo: [malloc] Total free space:                            8478272 Byte
20220312 000536.766 INFO             PET0 PIOc_sync Exit - MemInfo: [malloc] Top-most, releasable space:                   132704 Byte
20220312 000536.766 INFO             PET0 PIOc_sync Exit - MemInfo: [malloc] Total space in use, mmap + non-mmap:        13193664 Byte
20220312 000536.766 INFO             PET0 PIOc_sync Exit - MemInfo: [malloc] Total space held (mmap + non-mmap):         21671936 Byte
20220312 000536.766 INFO             PET0 PIOc_sync Exit - MemInfo: [malloc] Total space used (mmap + non-mmap):         13201984 Byte
20220312 000536.766 INFO             PET0 PIOc_sync Exit - MemInfo: Wall-clock time since execution start:              0.0856419 seconds
20220312 000536.766 INFO             PET0 PIOc_freedecomp Enter - MemInfo: [/proc/meminfo - SSI]	MemTotal:       65855856 kB
20220312 000536.766 INFO             PET0 PIOc_freedecomp Enter - MemInfo: [/proc/meminfo - SSI]	MemFree:        61157356 kB
20220312 000536.766 INFO             PET0 PIOc_freedecomp Enter - MemInfo: [/proc/meminfo - SSI]	MemAvailable:   60942356 kB
20220312 000536.766 INFO             PET0 PIOc_freedecomp Enter - MemInfo: [/proc/meminfo - SSI]	Committed_AS:    2923524 kB
20220312 000536.766 INFO             PET0 PIOc_freedecomp Enter - MemInfo: [/proc/meminfo - SSI]	CommittedPercent: 4.43928 %
20220312 000536.766 INFO             PET0 PIOc_freedecomp Enter - MemInfo: [/proc/self/status]	VmPeak:	  236296 kB
20220312 000536.766 INFO             PET0 PIOc_freedecomp Enter - MemInfo: [/proc/self/status]	VmSize:	  236296 kB
20220312 000536.766 INFO             PET0 PIOc_freedecomp Enter - MemInfo: [/proc/self/status]	VmLck:	       0 kB
20220312 000536.766 INFO             PET0 PIOc_freedecomp Enter - MemInfo: [/proc/self/status]	VmPin:	       0 kB
20220312 000536.766 INFO             PET0 PIOc_freedecomp Enter - MemInfo: [/proc/self/status]	VmHWM:	   39016 kB
20220312 000536.766 INFO             PET0 PIOc_freedecomp Enter - MemInfo: [/proc/self/status]	VmRSS:	   39016 kB
20220312 000536.766 INFO             PET0 PIOc_freedecomp Enter - MemInfo: [/proc/self/status]	VmData:	   41984 kB
20220312 000536.766 INFO             PET0 PIOc_freedecomp Enter - MemInfo: [/proc/self/status]	VmStk:	     508 kB
20220312 000536.766 INFO             PET0 PIOc_freedecomp Enter - MemInfo: [/proc/self/status]	VmExe:	    1788 kB
20220312 000536.766 INFO             PET0 PIOc_freedecomp Enter - MemInfo: [/proc/self/status]	VmLib:	   93984 kB
20220312 000536.766 INFO             PET0 PIOc_freedecomp Enter - MemInfo: [/proc/self/status]	VmPTE:	     388 kB
20220312 000536.766 INFO             PET0 PIOc_freedecomp Enter - MemInfo: [/proc/self/status]	VmPMD:	      12 kB
20220312 000536.766 INFO             PET0 PIOc_freedecomp Enter - MemInfo: [/proc/self/status]	VmSwap:	       0 kB
20220312 000536.766 INFO             PET0 PIOc_freedecomp Enter - MemInfo: [/proc/self/status]	VmRSSPercent: 0.0592445 %
20220312 000536.766 INFO             PET0 PIOc_freedecomp Enter - MemInfo: [malloc] Non-mmapped space allocated:                18452480 Byte
20220312 000536.766 INFO             PET0 PIOc_freedecomp Enter - MemInfo: [malloc] Space allocated in mmapped regions:          3219456 Byte
20220312 000536.766 INFO             PET0 PIOc_freedecomp Enter - MemInfo: [malloc] Maximum total allocated space:                     0 Byte
20220312 000536.766 INFO             PET0 PIOc_freedecomp Enter - MemInfo: [malloc] Space in freed fastbin blocks:                   112 Byte
20220312 000536.766 INFO             PET0 PIOc_freedecomp Enter - MemInfo: [malloc] Total allocated space:                       1050208 Byte
20220312 000536.766 INFO             PET0 PIOc_freedecomp Enter - MemInfo: [malloc] Total free space:                           17402272 Byte
20220312 000536.766 INFO             PET0 PIOc_freedecomp Enter - MemInfo: [malloc] Top-most, releasable space:                  8521328 Byte
20220312 000536.766 INFO             PET0 PIOc_freedecomp Enter - MemInfo: [malloc] Total space in use, mmap + non-mmap:         4269664 Byte
20220312 000536.766 INFO             PET0 PIOc_freedecomp Enter - MemInfo: [malloc] Total space held (mmap + non-mmap):         21671936 Byte
20220312 000536.766 INFO             PET0 PIOc_freedecomp Enter - MemInfo: [malloc] Total space used (mmap + non-mmap):          4277872 Byte
20220312 000536.766 INFO             PET0 PIOc_freedecomp Enter - MemInfo: Wall-clock time since execution start:              0.0860739 seconds
20220312 000536.767 INFO             PET0 PIOc_freedecomp Exit - MemInfo: [/proc/meminfo - SSI]	MemTotal:       65855856 kB
20220312 000536.767 INFO             PET0 PIOc_freedecomp Exit - MemInfo: [/proc/meminfo - SSI]	MemFree:        61157356 kB
20220312 000536.767 INFO             PET0 PIOc_freedecomp Exit - MemInfo: [/proc/meminfo - SSI]	MemAvailable:   60942356 kB
20220312 000536.767 INFO             PET0 PIOc_freedecomp Exit - MemInfo: [/proc/meminfo - SSI]	Committed_AS:    2923524 kB
20220312 000536.767 INFO             PET0 PIOc_freedecomp Exit - MemInfo: [/proc/meminfo - SSI]	CommittedPercent: 4.43928 %
20220312 000536.767 INFO             PET0 PIOc_freedecomp Exit - MemInfo: [/proc/self/status]	VmPeak:	  236296 kB
20220312 000536.767 INFO             PET0 PIOc_freedecomp Exit - MemInfo: [/proc/self/status]	VmSize:	  236296 kB
20220312 000536.767 INFO             PET0 PIOc_freedecomp Exit - MemInfo: [/proc/self/status]	VmLck:	       0 kB
20220312 000536.767 INFO             PET0 PIOc_freedecomp Exit - MemInfo: [/proc/self/status]	VmPin:	       0 kB
20220312 000536.767 INFO             PET0 PIOc_freedecomp Exit - MemInfo: [/proc/self/status]	VmHWM:	   39016 kB
20220312 000536.767 INFO             PET0 PIOc_freedecomp Exit - MemInfo: [/proc/self/status]	VmRSS:	   39016 kB
20220312 000536.767 INFO             PET0 PIOc_freedecomp Exit - MemInfo: [/proc/self/status]	VmData:	   41984 kB
20220312 000536.767 INFO             PET0 PIOc_freedecomp Exit - MemInfo: [/proc/self/status]	VmStk:	     508 kB
20220312 000536.767 INFO             PET0 PIOc_freedecomp Exit - MemInfo: [/proc/self/status]	VmExe:	    1788 kB
20220312 000536.767 INFO             PET0 PIOc_freedecomp Exit - MemInfo: [/proc/self/status]	VmLib:	   93984 kB
20220312 000536.767 INFO             PET0 PIOc_freedecomp Exit - MemInfo: [/proc/self/status]	VmPTE:	     388 kB
20220312 000536.767 INFO             PET0 PIOc_freedecomp Exit - MemInfo: [/proc/self/status]	VmPMD:	      12 kB
20220312 000536.767 INFO             PET0 PIOc_freedecomp Exit - MemInfo: [/proc/self/status]	VmSwap:	       0 kB
20220312 000536.767 INFO             PET0 PIOc_freedecomp Exit - MemInfo: [/proc/self/status]	VmRSSPercent: 0.0592445 %
20220312 000536.767 INFO             PET0 PIOc_freedecomp Exit - MemInfo: [malloc] Non-mmapped space allocated:                18452480 Byte
20220312 000536.767 INFO             PET0 PIOc_freedecomp Exit - MemInfo: [malloc] Space allocated in mmapped regions:          3219456 Byte
20220312 000536.767 INFO             PET0 PIOc_freedecomp Exit - MemInfo: [malloc] Maximum total allocated space:                     0 Byte
20220312 000536.767 INFO             PET0 PIOc_freedecomp Exit - MemInfo: [malloc] Space in freed fastbin blocks:                   512 Byte
20220312 000536.767 INFO             PET0 PIOc_freedecomp Exit - MemInfo: [malloc] Total allocated space:                       1046080 Byte
20220312 000536.767 INFO             PET0 PIOc_freedecomp Exit - MemInfo: [malloc] Total free space:                           17406400 Byte
20220312 000536.767 INFO             PET0 PIOc_freedecomp Exit - MemInfo: [malloc] Top-most, releasable space:                  8521328 Byte
20220312 000536.767 INFO             PET0 PIOc_freedecomp Exit - MemInfo: [malloc] Total space in use, mmap + non-mmap:         4265536 Byte
20220312 000536.767 INFO             PET0 PIOc_freedecomp Exit - MemInfo: [malloc] Total space held (mmap + non-mmap):         21671936 Byte
20220312 000536.767 INFO             PET0 PIOc_freedecomp Exit - MemInfo: [malloc] Total space used (mmap + non-mmap):          4273744 Byte
20220312 000536.767 INFO             PET0 PIOc_freedecomp Exit - MemInfo: Wall-clock time since execution start:                0.08636 seconds
20220312 000536.767 INFO             PET0  PASS  Write Field to NetCDF file, ESMF_FieldIOUTest.F90, line 348
20220312 000536.768 INFO             PET0  PASS  Confirm NetCDF metadata - open file, ESMF_FieldIOUTest.F90, line 359
20220312 000536.768 INFO             PET0  PASS  Confirm NetCDF metadata - check dim 1, ESMF_FieldIOUTest.F90, line 369
20220312 000536.768 INFO             PET0  PASS  Confirm NetCDF metadata - check dim 1 len, ESMF_FieldIOUTest.F90, line 379
20220312 000536.768 INFO             PET0  PASS  Confirm NetCDF metadata - check dim 2, ESMF_FieldIOUTest.F90, line 389
20220312 000536.768 INFO             PET0  PASS  Confirm NetCDF metadata - check dim 2 len, ESMF_FieldIOUTest.F90, line 399
20220312 000536.768 INFO             PET0  PASS  Confirm NetCDF metadata - variable exists, ESMF_FieldIOUTest.F90, line 409
20220312 000536.768 INFO             PET0  PASS  Confirm NetCDF metadata - variable has expected dims, ESMF_FieldIOUTest.F90, line 420
20220312 000536.768 INFO             PET0  PASS  Confirm NetCDF data - check data for field, ESMF_FieldIOUTest.F90, line 445
20220312 000536.768 INFO             PET0  PASS  Confirm NetCDF data - close file, ESMF_FieldIOUTest.F90, line 456
20220312 000536.780 INFO             PET0 PIOc_sync Enter - MemInfo: [/proc/meminfo - SSI]	MemTotal:       65855856 kB
20220312 000536.780 INFO             PET0 PIOc_sync Enter - MemInfo: [/proc/meminfo - SSI]	MemFree:        61153656 kB
20220312 000536.780 INFO             PET0 PIOc_sync Enter - MemInfo: [/proc/meminfo - SSI]	MemAvailable:   60938328 kB
20220312 000536.780 INFO             PET0 PIOc_sync Enter - MemInfo: [/proc/meminfo - SSI]	Committed_AS:    2927908 kB
20220312 000536.781 INFO             PET0 PIOc_sync Enter - MemInfo: [/proc/meminfo - SSI]	CommittedPercent: 4.44593 %
20220312 000536.781 INFO             PET0 PIOc_sync Enter - MemInfo: [/proc/self/status]	VmPeak:	  236296 kB
20220312 000536.781 INFO             PET0 PIOc_sync Enter - MemInfo: [/proc/self/status]	VmSize:	  236296 kB
20220312 000536.781 INFO             PET0 PIOc_sync Enter - MemInfo: [/proc/self/status]	VmLck:	       0 kB
20220312 000536.781 INFO             PET0 PIOc_sync Enter - MemInfo: [/proc/self/status]	VmPin:	       0 kB
20220312 000536.781 INFO             PET0 PIOc_sync Enter - MemInfo: [/proc/self/status]	VmHWM:	   39016 kB
20220312 000536.781 INFO             PET0 PIOc_sync Enter - MemInfo: [/proc/self/status]	VmRSS:	   39016 kB
20220312 000536.781 INFO             PET0 PIOc_sync Enter - MemInfo: [/proc/self/status]	VmData:	   41984 kB
20220312 000536.781 INFO             PET0 PIOc_sync Enter - MemInfo: [/proc/self/status]	VmStk:	     508 kB
20220312 000536.781 INFO             PET0 PIOc_sync Enter - MemInfo: [/proc/self/status]	VmExe:	    1788 kB
20220312 000536.781 INFO             PET0 PIOc_sync Enter - MemInfo: [/proc/self/status]	VmLib:	   93984 kB
20220312 000536.781 INFO             PET0 PIOc_sync Enter - MemInfo: [/proc/self/status]	VmPTE:	     392 kB
20220312 000536.781 INFO             PET0 PIOc_sync Enter - MemInfo: [/proc/self/status]	VmPMD:	      12 kB
20220312 000536.781 INFO             PET0 PIOc_sync Enter - MemInfo: [/proc/self/status]	VmSwap:	       0 kB
20220312 000536.781 INFO             PET0 PIOc_sync Enter - MemInfo: [/proc/self/status]	VmRSSPercent: 0.0592445 %
20220312 000536.781 INFO             PET0 PIOc_sync Enter - MemInfo: [malloc] Non-mmapped space allocated:                18452480 Byte
20220312 000536.781 INFO             PET0 PIOc_sync Enter - MemInfo: [malloc] Space allocated in mmapped regions:          3219456 Byte
20220312 000536.781 INFO             PET0 PIOc_sync Enter - MemInfo: [malloc] Maximum total allocated space:                     0 Byte
20220312 000536.781 INFO             PET0 PIOc_sync Enter - MemInfo: [malloc] Space in freed fastbin blocks:                     0 Byte
20220312 000536.781 INFO             PET0 PIOc_sync Enter - MemInfo: [malloc] Total allocated space:                       9978608 Byte
20220312 000536.781 INFO             PET0 PIOc_sync Enter - MemInfo: [malloc] Total free space:                            8473872 Byte
20220312 000536.781 INFO             PET0 PIOc_sync Enter - MemInfo: [malloc] Top-most, releasable space:                   132704 Byte
20220312 000536.781 INFO             PET0 PIOc_sync Enter - MemInfo: [malloc] Total space in use, mmap + non-mmap:        13198064 Byte
20220312 000536.781 INFO             PET0 PIOc_sync Enter - MemInfo: [malloc] Total space held (mmap + non-mmap):         21671936 Byte
20220312 000536.781 INFO             PET0 PIOc_sync Enter - MemInfo: [malloc] Total space used (mmap + non-mmap):         13206384 Byte
20220312 000536.781 INFO             PET0 PIOc_sync Enter - MemInfo: Wall-clock time since execution start:                0.10028 seconds
20220312 000536.781 INFO             PET0 PIOc_sync Exit - MemInfo: [/proc/meminfo - SSI]	MemTotal:       65855856 kB
20220312 000536.781 INFO             PET0 PIOc_sync Exit - MemInfo: [/proc/meminfo - SSI]	MemFree:        61153656 kB
20220312 000536.781 INFO             PET0 PIOc_sync Exit - MemInfo: [/proc/meminfo - SSI]	MemAvailable:   60938328 kB
20220312 000536.781 INFO             PET0 PIOc_sync Exit - MemInfo: [/proc/meminfo - SSI]	Committed_AS:    2927908 kB
20220312 000536.781 INFO             PET0 PIOc_sync Exit - MemInfo: [/proc/meminfo - SSI]	CommittedPercent: 4.44593 %
20220312 000536.781 INFO             PET0 PIOc_sync Exit - MemInfo: [/proc/self/status]	VmPeak:	  236296 kB
20220312 000536.781 INFO             PET0 PIOc_sync Exit - MemInfo: [/proc/self/status]	VmSize:	  236296 kB
20220312 000536.781 INFO             PET0 PIOc_sync Exit - MemInfo: [/proc/self/status]	VmLck:	       0 kB
20220312 000536.781 INFO             PET0 PIOc_sync Exit - MemInfo: [/proc/self/status]	VmPin:	       0 kB
20220312 000536.781 INFO             PET0 PIOc_sync Exit - MemInfo: [/proc/self/status]	VmHWM:	   39016 kB
20220312 000536.781 INFO             PET0 PIOc_sync Exit - MemInfo: [/proc/self/status]	VmRSS:	   39016 kB
20220312 000536.781 INFO             PET0 PIOc_sync Exit - MemInfo: [/proc/self/status]	VmData:	   41984 kB
20220312 000536.781 INFO             PET0 PIOc_sync Exit - MemInfo: [/proc/self/status]	VmStk:	     508 kB
20220312 000536.781 INFO             PET0 PIOc_sync Exit - MemInfo: [/proc/self/status]	VmExe:	    1788 kB
20220312 000536.781 INFO             PET0 PIOc_sync Exit - MemInfo: [/proc/self/status]	VmLib:	   93984 kB
20220312 000536.781 INFO             PET0 PIOc_sync Exit - MemInfo: [/proc/self/status]	VmPTE:	     396 kB
20220312 000536.781 INFO             PET0 PIOc_sync Exit - MemInfo: [/proc/self/status]	VmPMD:	      12 kB
20220312 000536.781 INFO             PET0 PIOc_sync Exit - MemInfo: [/proc/self/status]	VmSwap:	       0 kB
20220312 000536.781 INFO             PET0 PIOc_sync Exit - MemInfo: [/proc/self/status]	VmRSSPercent: 0.0592445 %
20220312 000536.781 INFO             PET0 PIOc_sync Exit - MemInfo: [malloc] Non-mmapped space allocated:                18452480 Byte
20220312 000536.781 INFO             PET0 PIOc_sync Exit - MemInfo: [malloc] Space allocated in mmapped regions:          3219456 Byte
20220312 000536.781 INFO             PET0 PIOc_sync Exit - MemInfo: [malloc] Maximum total allocated space:                     0 Byte
20220312 000536.781 INFO             PET0 PIOc_sync Exit - MemInfo: [malloc] Space in freed fastbin blocks:                     0 Byte
20220312 000536.781 INFO             PET0 PIOc_sync Exit - MemInfo: [malloc] Total allocated space:                       9979872 Byte
20220312 000536.781 INFO             PET0 PIOc_sync Exit - MemInfo: [malloc] Total free space:                            8472608 Byte
20220312 000536.781 INFO             PET0 PIOc_sync Exit - MemInfo: [malloc] Top-most, releasable space:                   132704 Byte
20220312 000536.781 INFO             PET0 PIOc_sync Exit - MemInfo: [malloc] Total space in use, mmap + non-mmap:        13199328 Byte
20220312 000536.781 INFO             PET0 PIOc_sync Exit - MemInfo: [malloc] Total space held (mmap + non-mmap):         21671936 Byte
20220312 000536.781 INFO             PET0 PIOc_sync Exit - MemInfo: [malloc] Total space used (mmap + non-mmap):         13207648 Byte
20220312 000536.781 INFO             PET0 PIOc_sync Exit - MemInfo: Wall-clock time since execution start:               0.100666 seconds
20220312 000536.781 INFO             PET0 PIOc_freedecomp Enter - MemInfo: [/proc/meminfo - SSI]	MemTotal:       65855856 kB
20220312 000536.781 INFO             PET0 PIOc_freedecomp Enter - MemInfo: [/proc/meminfo - SSI]	MemFree:        61153656 kB
20220312 000536.781 INFO             PET0 PIOc_freedecomp Enter - MemInfo: [/proc/meminfo - SSI]	MemAvailable:   60938328 kB
20220312 000536.781 INFO             PET0 PIOc_freedecomp Enter - MemInfo: [/proc/meminfo - SSI]	Committed_AS:    2927908 kB
20220312 000536.781 INFO             PET0 PIOc_freedecomp Enter - MemInfo: [/proc/meminfo - SSI]	CommittedPercent: 4.44593 %
20220312 000536.781 INFO             PET0 PIOc_freedecomp Enter - MemInfo: [/proc/self/status]	VmPeak:	  236296 kB
20220312 000536.782 INFO             PET0 PIOc_freedecomp Enter - MemInfo: [/proc/self/status]	VmSize:	  236296 kB
20220312 000536.782 INFO             PET0 PIOc_freedecomp Enter - MemInfo: [/proc/self/status]	VmLck:	       0 kB
20220312 000536.782 INFO             PET0 PIOc_freedecomp Enter - MemInfo: [/proc/self/status]	VmPin:	       0 kB
20220312 000536.782 INFO             PET0 PIOc_freedecomp Enter - MemInfo: [/proc/self/status]	VmHWM:	   39016 kB
20220312 000536.782 INFO             PET0 PIOc_freedecomp Enter - MemInfo: [/proc/self/status]	VmRSS:	   39016 kB
20220312 000536.782 INFO             PET0 PIOc_freedecomp Enter - MemInfo: [/proc/self/status]	VmData:	   41984 kB
20220312 000536.782 INFO             PET0 PIOc_freedecomp Enter - MemInfo: [/proc/self/status]	VmStk:	     508 kB
20220312 000536.782 INFO             PET0 PIOc_freedecomp Enter - MemInfo: [/proc/self/status]	VmExe:	    1788 kB
20220312 000536.782 INFO             PET0 PIOc_freedecomp Enter - MemInfo: [/proc/self/status]	VmLib:	   93984 kB
20220312 000536.782 INFO             PET0 PIOc_freedecomp Enter - MemInfo: [/proc/self/status]	VmPTE:	     396 kB
20220312 000536.782 INFO             PET0 PIOc_freedecomp Enter - MemInfo: [/proc/self/status]	VmPMD:	      12 kB
20220312 000536.782 INFO             PET0 PIOc_freedecomp Enter - MemInfo: [/proc/self/status]	VmSwap:	       0 kB
20220312 000536.782 INFO             PET0 PIOc_freedecomp Enter - MemInfo: [/proc/self/status]	VmRSSPercent: 0.0592445 %
20220312 000536.782 INFO             PET0 PIOc_freedecomp Enter - MemInfo: [malloc] Non-mmapped space allocated:                18452480 Byte
20220312 000536.782 INFO             PET0 PIOc_freedecomp Enter - MemInfo: [malloc] Space allocated in mmapped regions:          3219456 Byte
20220312 000536.782 INFO             PET0 PIOc_freedecomp Enter - MemInfo: [malloc] Maximum total allocated space:                     0 Byte
20220312 000536.782 INFO             PET0 PIOc_freedecomp Enter - MemInfo: [malloc] Space in freed fastbin blocks:                   112 Byte
20220312 000536.782 INFO             PET0 PIOc_freedecomp Enter - MemInfo: [malloc] Total allocated space:                       1055728 Byte
20220312 000536.782 INFO             PET0 PIOc_freedecomp Enter - MemInfo: [malloc] Total free space:                           17396752 Byte
20220312 000536.782 INFO             PET0 PIOc_freedecomp Enter - MemInfo: [malloc] Top-most, releasable space:                  8521328 Byte
20220312 000536.782 INFO             PET0 PIOc_freedecomp Enter - MemInfo: [malloc] Total space in use, mmap + non-mmap:         4275184 Byte
20220312 000536.782 INFO             PET0 PIOc_freedecomp Enter - MemInfo: [malloc] Total space held (mmap + non-mmap):         21671936 Byte
20220312 000536.782 INFO             PET0 PIOc_freedecomp Enter - MemInfo: [malloc] Total space used (mmap + non-mmap):          4283392 Byte
20220312 000536.782 INFO             PET0 PIOc_freedecomp Enter - MemInfo: Wall-clock time since execution start:               0.101254 seconds
20220312 000536.782 INFO             PET0 PIOc_freedecomp Exit - MemInfo: [/proc/meminfo - SSI]	MemTotal:       65855856 kB
20220312 000536.782 INFO             PET0 PIOc_freedecomp Exit - MemInfo: [/proc/meminfo - SSI]	MemFree:        61153656 kB
20220312 000536.782 INFO             PET0 PIOc_freedecomp Exit - MemInfo: [/proc/meminfo - SSI]	MemAvailable:   60938328 kB
20220312 000536.782 INFO             PET0 PIOc_freedecomp Exit - MemInfo: [/proc/meminfo - SSI]	Committed_AS:    2927908 kB
20220312 000536.782 INFO             PET0 PIOc_freedecomp Exit - MemInfo: [/proc/meminfo - SSI]	CommittedPercent: 4.44593 %
20220312 000536.782 INFO             PET0 PIOc_freedecomp Exit - MemInfo: [/proc/self/status]	VmPeak:	  236296 kB
20220312 000536.782 INFO             PET0 PIOc_freedecomp Exit - MemInfo: [/proc/self/status]	VmSize:	  236296 kB
20220312 000536.782 INFO             PET0 PIOc_freedecomp Exit - MemInfo: [/proc/self/status]	VmLck:	       0 kB
20220312 000536.782 INFO             PET0 PIOc_freedecomp Exit - MemInfo: [/proc/self/status]	VmPin:	       0 kB
20220312 000536.782 INFO             PET0 PIOc_freedecomp Exit - MemInfo: [/proc/self/status]	VmHWM:	   39016 kB
20220312 000536.782 INFO             PET0 PIOc_freedecomp Exit - MemInfo: [/proc/self/status]	VmRSS:	   39016 kB
20220312 000536.782 INFO             PET0 PIOc_freedecomp Exit - MemInfo: [/proc/self/status]	VmData:	   41984 kB
20220312 000536.782 INFO             PET0 PIOc_freedecomp Exit - MemInfo: [/proc/self/status]	VmStk:	     508 kB
20220312 000536.782 INFO             PET0 PIOc_freedecomp Exit - MemInfo: [/proc/self/status]	VmExe:	    1788 kB
20220312 000536.782 INFO             PET0 PIOc_freedecomp Exit - MemInfo: [/proc/self/status]	VmLib:	   93984 kB
20220312 000536.782 INFO             PET0 PIOc_freedecomp Exit - MemInfo: [/proc/self/status]	VmPTE:	     396 kB
20220312 000536.782 INFO             PET0 PIOc_freedecomp Exit - MemInfo: [/proc/self/status]	VmPMD:	      12 kB
20220312 000536.782 INFO             PET0 PIOc_freedecomp Exit - MemInfo: [/proc/self/status]	VmSwap:	       0 kB
20220312 000536.782 INFO             PET0 PIOc_freedecomp Exit - MemInfo: [/proc/self/status]	VmRSSPercent: 0.0592445 %
20220312 000536.782 INFO             PET0 PIOc_freedecomp Exit - MemInfo: [malloc] Non-mmapped space allocated:                18452480 Byte
20220312 000536.782 INFO             PET0 PIOc_freedecomp Exit - MemInfo: [malloc] Space allocated in mmapped regions:          3219456 Byte
20220312 000536.782 INFO             PET0 PIOc_freedecomp Exit - MemInfo: [malloc] Maximum total allocated space:                     0 Byte
20220312 000536.782 INFO             PET0 PIOc_freedecomp Exit - MemInfo: [malloc] Space in freed fastbin blocks:                   752 Byte
20220312 000536.782 INFO             PET0 PIOc_freedecomp Exit - MemInfo: [malloc] Total allocated space:                       1053040 Byte
20220312 000536.782 INFO             PET0 PIOc_freedecomp Exit - MemInfo: [malloc] Total free space:                           17399440 Byte
20220312 000536.782 INFO             PET0 PIOc_freedecomp Exit - MemInfo: [malloc] Top-most, releasable space:                  8521328 Byte
20220312 000536.782 INFO             PET0 PIOc_freedecomp Exit - MemInfo: [malloc] Total space in use, mmap + non-mmap:         4272496 Byte
20220312 000536.782 INFO             PET0 PIOc_freedecomp Exit - MemInfo: [malloc] Total space held (mmap + non-mmap):         21671936 Byte
20220312 000536.782 INFO             PET0 PIOc_freedecomp Exit - MemInfo: [malloc] Total space used (mmap + non-mmap):          4280704 Byte
20220312 000536.782 INFO             PET0 PIOc_freedecomp Exit - MemInfo: Wall-clock time since execution start:               0.101535 seconds
20220312 000536.784 INFO             PET0 PIOc_sync Enter - MemInfo: [/proc/meminfo - SSI]	MemTotal:       65855856 kB
20220312 000536.784 INFO             PET0 PIOc_sync Enter - MemInfo: [/proc/meminfo - SSI]	MemFree:        61153656 kB
20220312 000536.784 INFO             PET0 PIOc_sync Enter - MemInfo: [/proc/meminfo - SSI]	MemAvailable:   60938328 kB
20220312 000536.784 INFO             PET0 PIOc_sync Enter - MemInfo: [/proc/meminfo - SSI]	Committed_AS:    2927908 kB
20220312 000536.784 INFO             PET0 PIOc_sync Enter - MemInfo: [/proc/meminfo - SSI]	CommittedPercent: 4.44593 %
20220312 000536.784 INFO             PET0 PIOc_sync Enter - MemInfo: [/proc/self/status]	VmPeak:	  236296 kB
20220312 000536.784 INFO             PET0 PIOc_sync Enter - MemInfo: [/proc/self/status]	VmSize:	  236296 kB
20220312 000536.784 INFO             PET0 PIOc_sync Enter - MemInfo: [/proc/self/status]	VmLck:	       0 kB
20220312 000536.784 INFO             PET0 PIOc_sync Enter - MemInfo: [/proc/self/status]	VmPin:	       0 kB
20220312 000536.784 INFO             PET0 PIOc_sync Enter - MemInfo: [/proc/self/status]	VmHWM:	   39272 kB
20220312 000536.784 INFO             PET0 PIOc_sync Enter - MemInfo: [/proc/self/status]	VmRSS:	   39272 kB
20220312 000536.784 INFO             PET0 PIOc_sync Enter - MemInfo: [/proc/self/status]	VmData:	   41984 kB
20220312 000536.784 INFO             PET0 PIOc_sync Enter - MemInfo: [/proc/self/status]	VmStk:	     508 kB
20220312 000536.784 INFO             PET0 PIOc_sync Enter - MemInfo: [/proc/self/status]	VmExe:	    1788 kB
20220312 000536.784 INFO             PET0 PIOc_sync Enter - MemInfo: [/proc/self/status]	VmLib:	   93984 kB
20220312 000536.784 INFO             PET0 PIOc_sync Enter - MemInfo: [/proc/self/status]	VmPTE:	     396 kB
20220312 000536.784 INFO             PET0 PIOc_sync Enter - MemInfo: [/proc/self/status]	VmPMD:	      12 kB
20220312 000536.784 INFO             PET0 PIOc_sync Enter - MemInfo: [/proc/self/status]	VmSwap:	       0 kB
20220312 000536.784 INFO             PET0 PIOc_sync Enter - MemInfo: [/proc/self/status]	VmRSSPercent: 0.0596333 %
20220312 000536.784 INFO             PET0 PIOc_sync Enter - MemInfo: [malloc] Non-mmapped space allocated:                18452480 Byte
20220312 000536.784 INFO             PET0 PIOc_sync Enter - MemInfo: [malloc] Space allocated in mmapped regions:          3219456 Byte
20220312 000536.784 INFO             PET0 PIOc_sync Enter - MemInfo: [malloc] Maximum total allocated space:                     0 Byte
20220312 000536.784 INFO             PET0 PIOc_sync Enter - MemInfo: [malloc] Space in freed fastbin blocks:                     0 Byte
20220312 000536.784 INFO             PET0 PIOc_sync Enter - MemInfo: [malloc] Total allocated space:                       9985632 Byte
20220312 000536.784 INFO             PET0 PIOc_sync Enter - MemInfo: [malloc] Total free space:                            8466848 Byte
20220312 000536.784 INFO             PET0 PIOc_sync Enter - MemInfo: [malloc] Top-most, releasable space:                   132704 Byte
20220312 000536.784 INFO             PET0 PIOc_sync Enter - MemInfo: [malloc] Total space in use, mmap + non-mmap:        13205088 Byte
20220312 000536.784 INFO             PET0 PIOc_sync Enter - MemInfo: [malloc] Total space held (mmap + non-mmap):         21671936 Byte
20220312 000536.784 INFO             PET0 PIOc_sync Enter - MemInfo: [malloc] Total space used (mmap + non-mmap):         13213408 Byte
20220312 000536.784 INFO             PET0 PIOc_sync Enter - MemInfo: Wall-clock time since execution start:               0.103956 seconds
20220312 000536.784 INFO             PET0 PIOc_sync Exit - MemInfo: [/proc/meminfo - SSI]	MemTotal:       65855856 kB
20220312 000536.785 INFO             PET0 PIOc_sync Exit - MemInfo: [/proc/meminfo - SSI]	MemFree:        61153656 kB
20220312 000536.785 INFO             PET0 PIOc_sync Exit - MemInfo: [/proc/meminfo - SSI]	MemAvailable:   60938328 kB
20220312 000536.785 INFO             PET0 PIOc_sync Exit - MemInfo: [/proc/meminfo - SSI]	Committed_AS:    2927908 kB
20220312 000536.785 INFO             PET0 PIOc_sync Exit - MemInfo: [/proc/meminfo - SSI]	CommittedPercent: 4.44593 %
20220312 000536.785 INFO             PET0 PIOc_sync Exit - MemInfo: [/proc/self/status]	VmPeak:	  236296 kB
20220312 000536.785 INFO             PET0 PIOc_sync Exit - MemInfo: [/proc/self/status]	VmSize:	  236296 kB
20220312 000536.785 INFO             PET0 PIOc_sync Exit - MemInfo: [/proc/self/status]	VmLck:	       0 kB
20220312 000536.785 INFO             PET0 PIOc_sync Exit - MemInfo: [/proc/self/status]	VmPin:	       0 kB
20220312 000536.785 INFO             PET0 PIOc_sync Exit - MemInfo: [/proc/self/status]	VmHWM:	   39272 kB
20220312 000536.785 INFO             PET0 PIOc_sync Exit - MemInfo: [/proc/self/status]	VmRSS:	   39272 kB
20220312 000536.785 INFO             PET0 PIOc_sync Exit - MemInfo: [/proc/self/status]	VmData:	   41984 kB
20220312 000536.785 INFO             PET0 PIOc_sync Exit - MemInfo: [/proc/self/status]	VmStk:	     508 kB
20220312 000536.785 INFO             PET0 PIOc_sync Exit - MemInfo: [/proc/self/status]	VmExe:	    1788 kB
20220312 000536.785 INFO             PET0 PIOc_sync Exit - MemInfo: [/proc/self/status]	VmLib:	   93984 kB
20220312 000536.785 INFO             PET0 PIOc_sync Exit - MemInfo: [/proc/self/status]	VmPTE:	     396 kB
20220312 000536.785 INFO             PET0 PIOc_sync Exit - MemInfo: [/proc/self/status]	VmPMD:	      12 kB
20220312 000536.785 INFO             PET0 PIOc_sync Exit - MemInfo: [/proc/self/status]	VmSwap:	       0 kB
20220312 000536.785 INFO             PET0 PIOc_sync Exit - MemInfo: [/proc/self/status]	VmRSSPercent: 0.0596333 %
20220312 000536.785 INFO             PET0 PIOc_sync Exit - MemInfo: [malloc] Non-mmapped space allocated:                18452480 Byte
20220312 000536.785 INFO             PET0 PIOc_sync Exit - MemInfo: [malloc] Space allocated in mmapped regions:          3219456 Byte
20220312 000536.785 INFO             PET0 PIOc_sync Exit - MemInfo: [malloc] Maximum total allocated space:                     0 Byte
20220312 000536.785 INFO             PET0 PIOc_sync Exit - MemInfo: [malloc] Space in freed fastbin blocks:                     0 Byte
20220312 000536.785 INFO             PET0 PIOc_sync Exit - MemInfo: [malloc] Total allocated space:                       9986832 Byte
20220312 000536.785 INFO             PET0 PIOc_sync Exit - MemInfo: [malloc] Total free space:                            8465648 Byte
20220312 000536.785 INFO             PET0 PIOc_sync Exit - MemInfo: [malloc] Top-most, releasable space:                   132704 Byte
20220312 000536.785 INFO             PET0 PIOc_sync Exit - MemInfo: [malloc] Total space in use, mmap + non-mmap:        13206288 Byte
20220312 000536.785 INFO             PET0 PIOc_sync Exit - MemInfo: [malloc] Total space held (mmap + non-mmap):         21671936 Byte
