build time -- 2022-03-11 23:42:24
20220312 000239.990 INFO             PET0 !!!!!!!!!!!!!!!!!!!!!!!!!!!!!!!!!!!!!!!!!!!!!!!!!!!!!!
20220312 000239.991 INFO             PET0 !!! THE ESMF_LOG IS SET TO OUTPUT ALL LOG MESSAGES !!!
20220312 000239.991 INFO             PET0 !!!     THIS MAY CAUSE SLOWDOWN IN PERFORMANCE     !!!
20220312 000239.991 INFO             PET0 !!! FOR PRODUCTION RUNS, USE:                      !!!
20220312 000239.991 INFO             PET0 !!!                   ESMF_LOGKIND_Multi_On_Error  !!!
20220312 000239.991 INFO             PET0 !!!!!!!!!!!!!!!!!!!!!!!!!!!!!!!!!!!!!!!!!!!!!!!!!!!!!!
20220312 000239.991 INFO             PET0 Running with ESMF Version   : v8.3.0b09-96-g559b459836
20220312 000239.991 INFO             PET0 ESMF library build date/time: "Mar 11 2022" "23:40:33"
20220312 000239.991 INFO             PET0 ESMF library build location : /lustre/f2/dev/ncep/Mark.Potts/intel_2019.5_mpi_O_jedwards_pio_update2
20220312 000239.991 INFO             PET0 ESMF_COMM                   : mpi
20220312 000239.992 INFO             PET0 ESMF_MOAB                   : enabled
20220312 000239.992 INFO             PET0 ESMF_LAPACK                 : enabled
20220312 000239.992 INFO             PET0 ESMF_NETCDF                 : enabled
20220312 000239.992 INFO             PET0 ESMF_PNETCDF                : disabled
20220312 000239.992 INFO             PET0 ESMF_PIO                    : enabled
20220312 000239.992 INFO             PET0 ESMF_YAMLCPP                : enabled
20220312 000239.994 INFO             PET0  Beginning Test, file ESMF_IOUTest.F90, line 57
20220312 000239.994 INFO             PET0  NUMBER_OF_PROCESSORS           4
20220312 000239.994 INFO             PET0 Starting Test:  ESMF_OutputWeightFile
20220312 000240.011 INFO             PET0 PIOc_sync Enter - MemInfo: [/proc/meminfo - SSI]	MemTotal:       65855856 kB
20220312 000240.011 INFO             PET0 PIOc_sync Enter - MemInfo: [/proc/meminfo - SSI]	MemFree:        61168388 kB
20220312 000240.011 INFO             PET0 PIOc_sync Enter - MemInfo: [/proc/meminfo - SSI]	MemAvailable:   60952612 kB
20220312 000240.011 INFO             PET0 PIOc_sync Enter - MemInfo: [/proc/meminfo - SSI]	Committed_AS:    2916516 kB
20220312 000240.011 INFO             PET0 PIOc_sync Enter - MemInfo: [/proc/meminfo - SSI]	CommittedPercent: 4.42864 %
20220312 000240.011 INFO             PET0 PIOc_sync Enter - MemInfo: [/proc/self/status]	VmPeak:	  227968 kB
20220312 000240.011 INFO             PET0 PIOc_sync Enter - MemInfo: [/proc/self/status]	VmSize:	  227968 kB
20220312 000240.011 INFO             PET0 PIOc_sync Enter - MemInfo: [/proc/self/status]	VmLck:	       0 kB
20220312 000240.011 INFO             PET0 PIOc_sync Enter - MemInfo: [/proc/self/status]	VmPin:	       0 kB
20220312 000240.011 INFO             PET0 PIOc_sync Enter - MemInfo: [/proc/self/status]	VmHWM:	   29224 kB
20220312 000240.011 INFO             PET0 PIOc_sync Enter - MemInfo: [/proc/self/status]	VmRSS:	   29224 kB
20220312 000240.011 INFO             PET0 PIOc_sync Enter - MemInfo: [/proc/self/status]	VmData:	   33484 kB
20220312 000240.011 INFO             PET0 PIOc_sync Enter - MemInfo: [/proc/self/status]	VmStk:	     508 kB
20220312 000240.011 INFO             PET0 PIOc_sync Enter - MemInfo: [/proc/self/status]	VmExe:	    1920 kB
20220312 000240.011 INFO             PET0 PIOc_sync Enter - MemInfo: [/proc/self/status]	VmLib:	   93984 kB
20220312 000240.011 INFO             PET0 PIOc_sync Enter - MemInfo: [/proc/self/status]	VmPTE:	     356 kB
20220312 000240.011 INFO             PET0 PIOc_sync Enter - MemInfo: [/proc/self/status]	VmPMD:	      12 kB
20220312 000240.011 INFO             PET0 PIOc_sync Enter - MemInfo: [/proc/self/status]	VmSwap:	       0 kB
20220312 000240.011 INFO             PET0 PIOc_sync Enter - MemInfo: [/proc/self/status]	VmRSSPercent: 0.0443757 %
20220312 000240.011 INFO             PET0 PIOc_sync Enter - MemInfo: [malloc] Non-mmapped space allocated:                 1040384 Byte
20220312 000240.011 INFO             PET0 PIOc_sync Enter - MemInfo: [malloc] Space allocated in mmapped regions:         11808768 Byte
20220312 000240.011 INFO             PET0 PIOc_sync Enter - MemInfo: [malloc] Maximum total allocated space:                     0 Byte
20220312 000240.011 INFO             PET0 PIOc_sync Enter - MemInfo: [malloc] Space in freed fastbin blocks:                     0 Byte
20220312 000240.011 INFO             PET0 PIOc_sync Enter - MemInfo: [malloc] Total allocated space:                        925312 Byte
20220312 000240.011 INFO             PET0 PIOc_sync Enter - MemInfo: [malloc] Total free space:                             115072 Byte
20220312 000240.011 INFO             PET0 PIOc_sync Enter - MemInfo: [malloc] Top-most, releasable space:                   115072 Byte
20220312 000240.011 INFO             PET0 PIOc_sync Enter - MemInfo: [malloc] Total space in use, mmap + non-mmap:        12734080 Byte
20220312 000240.011 INFO             PET0 PIOc_sync Enter - MemInfo: [malloc] Total space held (mmap + non-mmap):         12849152 Byte
20220312 000240.011 INFO             PET0 PIOc_sync Enter - MemInfo: [malloc] Total space used (mmap + non-mmap):         12743696 Byte
20220312 000240.011 INFO             PET0 PIOc_sync Enter - MemInfo: Wall-clock time since execution start:              0.0463691 seconds
20220312 000240.012 INFO             PET0 PIOc_sync Exit - MemInfo: [/proc/meminfo - SSI]	MemTotal:       65855856 kB
20220312 000240.012 INFO             PET0 PIOc_sync Exit - MemInfo: [/proc/meminfo - SSI]	MemFree:        61168144 kB
20220312 000240.012 INFO             PET0 PIOc_sync Exit - MemInfo: [/proc/meminfo - SSI]	MemAvailable:   60952380 kB
20220312 000240.012 INFO             PET0 PIOc_sync Exit - MemInfo: [/proc/meminfo - SSI]	Committed_AS:    2916516 kB
20220312 000240.012 INFO             PET0 PIOc_sync Exit - MemInfo: [/proc/meminfo - SSI]	CommittedPercent: 4.42864 %
20220312 000240.012 INFO             PET0 PIOc_sync Exit - MemInfo: [/proc/self/status]	VmPeak:	  228292 kB
20220312 000240.012 INFO             PET0 PIOc_sync Exit - MemInfo: [/proc/self/status]	VmSize:	  228292 kB
20220312 000240.012 INFO             PET0 PIOc_sync Exit - MemInfo: [/proc/self/status]	VmLck:	       0 kB
20220312 000240.012 INFO             PET0 PIOc_sync Exit - MemInfo: [/proc/self/status]	VmPin:	       0 kB
20220312 000240.012 INFO             PET0 PIOc_sync Exit - MemInfo: [/proc/self/status]	VmHWM:	   29728 kB
20220312 000240.012 INFO             PET0 PIOc_sync Exit - MemInfo: [/proc/self/status]	VmRSS:	   29728 kB
20220312 000240.012 INFO             PET0 PIOc_sync Exit - MemInfo: [/proc/self/status]	VmData:	   33808 kB
20220312 000240.012 INFO             PET0 PIOc_sync Exit - MemInfo: [/proc/self/status]	VmStk:	     508 kB
20220312 000240.012 INFO             PET0 PIOc_sync Exit - MemInfo: [/proc/self/status]	VmExe:	    1920 kB
20220312 000240.012 INFO             PET0 PIOc_sync Exit - MemInfo: [/proc/self/status]	VmLib:	   93984 kB
20220312 000240.012 INFO             PET0 PIOc_sync Exit - MemInfo: [/proc/self/status]	VmPTE:	     364 kB
20220312 000240.012 INFO             PET0 PIOc_sync Exit - MemInfo: [/proc/self/status]	VmPMD:	      12 kB
20220312 000240.012 INFO             PET0 PIOc_sync Exit - MemInfo: [/proc/self/status]	VmSwap:	       0 kB
20220312 000240.012 INFO             PET0 PIOc_sync Exit - MemInfo: [/proc/self/status]	VmRSSPercent: 0.045141 %
20220312 000240.012 INFO             PET0 PIOc_sync Exit - MemInfo: [malloc] Non-mmapped space allocated:                 1040384 Byte
20220312 000240.012 INFO             PET0 PIOc_sync Exit - MemInfo: [malloc] Space allocated in mmapped regions:         12140544 Byte
20220312 000240.012 INFO             PET0 PIOc_sync Exit - MemInfo: [malloc] Maximum total allocated space:                     0 Byte
20220312 000240.012 INFO             PET0 PIOc_sync Exit - MemInfo: [malloc] Space in freed fastbin blocks:                     0 Byte
20220312 000240.012 INFO             PET0 PIOc_sync Exit - MemInfo: [malloc] Total allocated space:                        995664 Byte
20220312 000240.012 INFO             PET0 PIOc_sync Exit - MemInfo: [malloc] Total free space:                              44720 Byte
20220312 000240.012 INFO             PET0 PIOc_sync Exit - MemInfo: [malloc] Top-most, releasable space:                    44720 Byte
20220312 000240.012 INFO             PET0 PIOc_sync Exit - MemInfo: [malloc] Total space in use, mmap + non-mmap:        13136208 Byte
20220312 000240.012 INFO             PET0 PIOc_sync Exit - MemInfo: [malloc] Total space held (mmap + non-mmap):         13180928 Byte
20220312 000240.012 INFO             PET0 PIOc_sync Exit - MemInfo: [malloc] Total space used (mmap + non-mmap):         13144704 Byte
20220312 000240.012 INFO             PET0 PIOc_sync Exit - MemInfo: Wall-clock time since execution start:              0.0470049 seconds
20220312 000240.012 INFO             PET0 PIOc_freedecomp Enter - MemInfo: [/proc/meminfo - SSI]	MemTotal:       65855856 kB
20220312 000240.013 INFO             PET0 PIOc_freedecomp Enter - MemInfo: [/proc/meminfo - SSI]	MemFree:        61175200 kB
20220312 000240.013 INFO             PET0 PIOc_freedecomp Enter - MemInfo: [/proc/meminfo - SSI]	MemAvailable:   60959436 kB
20220312 000240.013 INFO             PET0 PIOc_freedecomp Enter - MemInfo: [/proc/meminfo - SSI]	Committed_AS:    2908648 kB
20220312 000240.013 INFO             PET0 PIOc_freedecomp Enter - MemInfo: [/proc/meminfo - SSI]	CommittedPercent: 4.41669 %
20220312 000240.013 INFO             PET0 PIOc_freedecomp Enter - MemInfo: [/proc/self/status]	VmPeak:	  228292 kB
20220312 000240.013 INFO             PET0 PIOc_freedecomp Enter - MemInfo: [/proc/self/status]	VmSize:	  219580 kB
20220312 000240.013 INFO             PET0 PIOc_freedecomp Enter - MemInfo: [/proc/self/status]	VmLck:	       0 kB
20220312 000240.013 INFO             PET0 PIOc_freedecomp Enter - MemInfo: [/proc/self/status]	VmPin:	       0 kB
20220312 000240.013 INFO             PET0 PIOc_freedecomp Enter - MemInfo: [/proc/self/status]	VmHWM:	   29728 kB
20220312 000240.013 INFO             PET0 PIOc_freedecomp Enter - MemInfo: [/proc/self/status]	VmRSS:	   21732 kB
20220312 000240.013 INFO             PET0 PIOc_freedecomp Enter - MemInfo: [/proc/self/status]	VmData:	   25096 kB
20220312 000240.013 INFO             PET0 PIOc_freedecomp Enter - MemInfo: [/proc/self/status]	VmStk:	     508 kB
20220312 000240.013 INFO             PET0 PIOc_freedecomp Enter - MemInfo: [/proc/self/status]	VmExe:	    1920 kB
20220312 000240.013 INFO             PET0 PIOc_freedecomp Enter - MemInfo: [/proc/self/status]	VmLib:	   93984 kB
20220312 000240.013 INFO             PET0 PIOc_freedecomp Enter - MemInfo: [/proc/self/status]	VmPTE:	     352 kB
20220312 000240.013 INFO             PET0 PIOc_freedecomp Enter - MemInfo: [/proc/self/status]	VmPMD:	      12 kB
20220312 000240.013 INFO             PET0 PIOc_freedecomp Enter - MemInfo: [/proc/self/status]	VmSwap:	       0 kB
20220312 000240.013 INFO             PET0 PIOc_freedecomp Enter - MemInfo: [/proc/self/status]	VmRSSPercent: 0.0329993 %
20220312 000240.013 INFO             PET0 PIOc_freedecomp Enter - MemInfo: [malloc] Non-mmapped space allocated:                 1040384 Byte
20220312 000240.013 INFO             PET0 PIOc_freedecomp Enter - MemInfo: [malloc] Space allocated in mmapped regions:          3219456 Byte
20220312 000240.013 INFO             PET0 PIOc_freedecomp Enter - MemInfo: [malloc] Maximum total allocated space:                     0 Byte
20220312 000240.013 INFO             PET0 PIOc_freedecomp Enter - MemInfo: [malloc] Space in freed fastbin blocks:                   288 Byte
20220312 000240.013 INFO             PET0 PIOc_freedecomp Enter - MemInfo: [malloc] Total allocated space:                        985616 Byte
20220312 000240.013 INFO             PET0 PIOc_freedecomp Enter - MemInfo: [malloc] Total free space:                              54768 Byte
20220312 000240.013 INFO             PET0 PIOc_freedecomp Enter - MemInfo: [malloc] Top-most, releasable space:                    44096 Byte
20220312 000240.013 INFO             PET0 PIOc_freedecomp Enter - MemInfo: [malloc] Total space in use, mmap + non-mmap:         4205072 Byte
20220312 000240.013 INFO             PET0 PIOc_freedecomp Enter - MemInfo: [malloc] Total space held (mmap + non-mmap):          4259840 Byte
20220312 000240.013 INFO             PET0 PIOc_freedecomp Enter - MemInfo: [malloc] Total space used (mmap + non-mmap):          4213504 Byte
20220312 000240.013 INFO             PET0 PIOc_freedecomp Enter - MemInfo: Wall-clock time since execution start:              0.0477359 seconds
20220312 000240.013 INFO             PET0 PIOc_freedecomp Exit - MemInfo: [/proc/meminfo - SSI]	MemTotal:       65855856 kB
20220312 000240.013 INFO             PET0 PIOc_freedecomp Exit - MemInfo: [/proc/meminfo - SSI]	MemFree:        61175200 kB
20220312 000240.013 INFO             PET0 PIOc_freedecomp Exit - MemInfo: [/proc/meminfo - SSI]	MemAvailable:   60959436 kB
20220312 000240.013 INFO             PET0 PIOc_freedecomp Exit - MemInfo: [/proc/meminfo - SSI]	Committed_AS:    2908648 kB
20220312 000240.013 INFO             PET0 PIOc_freedecomp Exit - MemInfo: [/proc/meminfo - SSI]	CommittedPercent: 4.41669 %
20220312 000240.013 INFO             PET0 PIOc_freedecomp Exit - MemInfo: [/proc/self/status]	VmPeak:	  228292 kB
20220312 000240.013 INFO             PET0 PIOc_freedecomp Exit - MemInfo: [/proc/self/status]	VmSize:	  219580 kB
20220312 000240.013 INFO             PET0 PIOc_freedecomp Exit - MemInfo: [/proc/self/status]	VmLck:	       0 kB
20220312 000240.013 INFO             PET0 PIOc_freedecomp Exit - MemInfo: [/proc/self/status]	VmPin:	       0 kB
20220312 000240.013 INFO             PET0 PIOc_freedecomp Exit - MemInfo: [/proc/self/status]	VmHWM:	   29728 kB
20220312 000240.013 INFO             PET0 PIOc_freedecomp Exit - MemInfo: [/proc/self/status]	VmRSS:	   21732 kB
20220312 000240.013 INFO             PET0 PIOc_freedecomp Exit - MemInfo: [/proc/self/status]	VmData:	   25096 kB
20220312 000240.013 INFO             PET0 PIOc_freedecomp Exit - MemInfo: [/proc/self/status]	VmStk:	     508 kB
20220312 000240.013 INFO             PET0 PIOc_freedecomp Exit - MemInfo: [/proc/self/status]	VmExe:	    1920 kB
20220312 000240.013 INFO             PET0 PIOc_freedecomp Exit - MemInfo: [/proc/self/status]	VmLib:	   93984 kB
20220312 000240.013 INFO             PET0 PIOc_freedecomp Exit - MemInfo: [/proc/self/status]	VmPTE:	     352 kB
20220312 000240.013 INFO             PET0 PIOc_freedecomp Exit - MemInfo: [/proc/self/status]	VmPMD:	      12 kB
20220312 000240.013 INFO             PET0 PIOc_freedecomp Exit - MemInfo: [/proc/self/status]	VmSwap:	       0 kB
20220312 000240.013 INFO             PET0 PIOc_freedecomp Exit - MemInfo: [/proc/self/status]	VmRSSPercent: 0.0329993 %
20220312 000240.013 INFO             PET0 PIOc_freedecomp Exit - MemInfo: [malloc] Non-mmapped space allocated:                 1040384 Byte
20220312 000240.013 INFO             PET0 PIOc_freedecomp Exit - MemInfo: [malloc] Space allocated in mmapped regions:          3219456 Byte
20220312 000240.013 INFO             PET0 PIOc_freedecomp Exit - MemInfo: [malloc] Maximum total allocated space:                     0 Byte
20220312 000240.013 INFO             PET0 PIOc_freedecomp Exit - MemInfo: [malloc] Space in freed fastbin blocks:                  1072 Byte
20220312 000240.013 INFO             PET0 PIOc_freedecomp Exit - MemInfo: [malloc] Total allocated space:                        985216 Byte
20220312 000240.013 INFO             PET0 PIOc_freedecomp Exit - MemInfo: [malloc] Total free space:                              55168 Byte
20220312 000240.013 INFO             PET0 PIOc_freedecomp Exit - MemInfo: [malloc] Top-most, releasable space:                    44096 Byte
20220312 000240.013 INFO             PET0 PIOc_freedecomp Exit - MemInfo: [malloc] Total space in use, mmap + non-mmap:         4204672 Byte
20220312 000240.013 INFO             PET0 PIOc_freedecomp Exit - MemInfo: [malloc] Total space held (mmap + non-mmap):          4259840 Byte
20220312 000240.013 INFO             PET0 PIOc_freedecomp Exit - MemInfo: [malloc] Total space used (mmap + non-mmap):          4213104 Byte
20220312 000240.013 INFO             PET0 PIOc_freedecomp Exit - MemInfo: Wall-clock time since execution start:               0.047981 seconds
20220312 000240.017 INFO             PET0 PIOc_sync Enter - MemInfo: [/proc/meminfo - SSI]	MemTotal:       65855856 kB
20220312 000240.017 INFO             PET0 PIOc_sync Enter - MemInfo: [/proc/meminfo - SSI]	MemFree:        61171664 kB
20220312 000240.017 INFO             PET0 PIOc_sync Enter - MemInfo: [/proc/meminfo - SSI]	MemAvailable:   60955900 kB
20220312 000240.017 INFO             PET0 PIOc_sync Enter - MemInfo: [/proc/meminfo - SSI]	Committed_AS:    2916924 kB
20220312 000240.017 INFO             PET0 PIOc_sync Enter - MemInfo: [/proc/meminfo - SSI]	CommittedPercent: 4.42926 %
20220312 000240.017 INFO             PET0 PIOc_sync Enter - MemInfo: [/proc/self/status]	VmPeak:	  228372 kB
20220312 000240.017 INFO             PET0 PIOc_sync Enter - MemInfo: [/proc/self/status]	VmSize:	  228372 kB
20220312 000240.017 INFO             PET0 PIOc_sync Enter - MemInfo: [/proc/self/status]	VmLck:	       0 kB
20220312 000240.017 INFO             PET0 PIOc_sync Enter - MemInfo: [/proc/self/status]	VmPin:	       0 kB
20220312 000240.017 INFO             PET0 PIOc_sync Enter - MemInfo: [/proc/self/status]	VmHWM:	   29728 kB
20220312 000240.017 INFO             PET0 PIOc_sync Enter - MemInfo: [/proc/self/status]	VmRSS:	   25656 kB
20220312 000240.017 INFO             PET0 PIOc_sync Enter - MemInfo: [/proc/self/status]	VmData:	   33888 kB
20220312 000240.017 INFO             PET0 PIOc_sync Enter - MemInfo: [/proc/self/status]	VmStk:	     508 kB
20220312 000240.017 INFO             PET0 PIOc_sync Enter - MemInfo: [/proc/self/status]	VmExe:	    1920 kB
20220312 000240.017 INFO             PET0 PIOc_sync Enter - MemInfo: [/proc/self/status]	VmLib:	   93984 kB
20220312 000240.017 INFO             PET0 PIOc_sync Enter - MemInfo: [/proc/self/status]	VmPTE:	     364 kB
20220312 000240.017 INFO             PET0 PIOc_sync Enter - MemInfo: [/proc/self/status]	VmPMD:	      12 kB
20220312 000240.017 INFO             PET0 PIOc_sync Enter - MemInfo: [/proc/self/status]	VmSwap:	       0 kB
20220312 000240.017 INFO             PET0 PIOc_sync Enter - MemInfo: [/proc/self/status]	VmRSSPercent: 0.0389578 %
20220312 000240.017 INFO             PET0 PIOc_sync Enter - MemInfo: [malloc] Non-mmapped space allocated:                10043392 Byte
20220312 000240.017 INFO             PET0 PIOc_sync Enter - MemInfo: [malloc] Space allocated in mmapped regions:          3219456 Byte
20220312 000240.017 INFO             PET0 PIOc_sync Enter - MemInfo: [malloc] Maximum total allocated space:                     0 Byte
20220312 000240.017 INFO             PET0 PIOc_sync Enter - MemInfo: [malloc] Space in freed fastbin blocks:                    64 Byte
20220312 000240.017 INFO             PET0 PIOc_sync Enter - MemInfo: [malloc] Total allocated space:                       9912352 Byte
20220312 000240.017 INFO             PET0 PIOc_sync Enter - MemInfo: [malloc] Total free space:                             131040 Byte
20220312 000240.017 INFO             PET0 PIOc_sync Enter - MemInfo: [malloc] Top-most, releasable space:                   128928 Byte
20220312 000240.018 INFO             PET0 PIOc_sync Enter - MemInfo: [malloc] Total space in use, mmap + non-mmap:        13131808 Byte
20220312 000240.018 INFO             PET0 PIOc_sync Enter - MemInfo: [malloc] Total space held (mmap + non-mmap):         13262848 Byte
20220312 000240.018 INFO             PET0 PIOc_sync Enter - MemInfo: [malloc] Total space used (mmap + non-mmap):         13140128 Byte
20220312 000240.018 INFO             PET0 PIOc_sync Enter - MemInfo: Wall-clock time since execution start:               0.052511 seconds
20220312 000240.018 INFO             PET0 PIOc_sync Exit - MemInfo: [/proc/meminfo - SSI]	MemTotal:       65855856 kB
20220312 000240.018 INFO             PET0 PIOc_sync Exit - MemInfo: [/proc/meminfo - SSI]	MemFree:        61171664 kB
20220312 000240.018 INFO             PET0 PIOc_sync Exit - MemInfo: [/proc/meminfo - SSI]	MemAvailable:   60955900 kB
20220312 000240.018 INFO             PET0 PIOc_sync Exit - MemInfo: [/proc/meminfo - SSI]	Committed_AS:    2916924 kB
20220312 000240.018 INFO             PET0 PIOc_sync Exit - MemInfo: [/proc/meminfo - SSI]	CommittedPercent: 4.42926 %
20220312 000240.018 INFO             PET0 PIOc_sync Exit - MemInfo: [/proc/self/status]	VmPeak:	  228372 kB
20220312 000240.018 INFO             PET0 PIOc_sync Exit - MemInfo: [/proc/self/status]	VmSize:	  228372 kB
20220312 000240.018 INFO             PET0 PIOc_sync Exit - MemInfo: [/proc/self/status]	VmLck:	       0 kB
20220312 000240.018 INFO             PET0 PIOc_sync Exit - MemInfo: [/proc/self/status]	VmPin:	       0 kB
20220312 000240.018 INFO             PET0 PIOc_sync Exit - MemInfo: [/proc/self/status]	VmHWM:	   29728 kB
20220312 000240.018 INFO             PET0 PIOc_sync Exit - MemInfo: [/proc/self/status]	VmRSS:	   25656 kB
20220312 000240.018 INFO             PET0 PIOc_sync Exit - MemInfo: [/proc/self/status]	VmData:	   33888 kB
20220312 000240.018 INFO             PET0 PIOc_sync Exit - MemInfo: [/proc/self/status]	VmStk:	     508 kB
20220312 000240.018 INFO             PET0 PIOc_sync Exit - MemInfo: [/proc/self/status]	VmExe:	    1920 kB
20220312 000240.018 INFO             PET0 PIOc_sync Exit - MemInfo: [/proc/self/status]	VmLib:	   93984 kB
20220312 000240.018 INFO             PET0 PIOc_sync Exit - MemInfo: [/proc/self/status]	VmPTE:	     364 kB
20220312 000240.018 INFO             PET0 PIOc_sync Exit - MemInfo: [/proc/self/status]	VmPMD:	      12 kB
20220312 000240.018 INFO             PET0 PIOc_sync Exit - MemInfo: [/proc/self/status]	VmSwap:	       0 kB
20220312 000240.018 INFO             PET0 PIOc_sync Exit - MemInfo: [/proc/self/status]	VmRSSPercent: 0.0389578 %
20220312 000240.018 INFO             PET0 PIOc_sync Exit - MemInfo: [malloc] Non-mmapped space allocated:                10043392 Byte
20220312 000240.018 INFO             PET0 PIOc_sync Exit - MemInfo: [malloc] Space allocated in mmapped regions:          3219456 Byte
20220312 000240.018 INFO             PET0 PIOc_sync Exit - MemInfo: [malloc] Maximum total allocated space:                     0 Byte
20220312 000240.018 INFO             PET0 PIOc_sync Exit - MemInfo: [malloc] Space in freed fastbin blocks:                     0 Byte
20220312 000240.018 INFO             PET0 PIOc_sync Exit - MemInfo: [malloc] Total allocated space:                       9913488 Byte
20220312 000240.018 INFO             PET0 PIOc_sync Exit - MemInfo: [malloc] Total free space:                             129904 Byte
20220312 000240.018 INFO             PET0 PIOc_sync Exit - MemInfo: [malloc] Top-most, releasable space:                   128704 Byte
20220312 000240.018 INFO             PET0 PIOc_sync Exit - MemInfo: [malloc] Total space in use, mmap + non-mmap:        13132944 Byte
20220312 000240.018 INFO             PET0 PIOc_sync Exit - MemInfo: [malloc] Total space held (mmap + non-mmap):         13262848 Byte
20220312 000240.018 INFO             PET0 PIOc_sync Exit - MemInfo: [malloc] Total space used (mmap + non-mmap):         13141264 Byte
20220312 000240.018 INFO             PET0 PIOc_sync Exit - MemInfo: Wall-clock time since execution start:              0.0528882 seconds
20220312 000240.018 INFO             PET0 PIOc_freedecomp Enter - MemInfo: [/proc/meminfo - SSI]	MemTotal:       65855856 kB
20220312 000240.018 INFO             PET0 PIOc_freedecomp Enter - MemInfo: [/proc/meminfo - SSI]	MemFree:        61171664 kB
20220312 000240.018 INFO             PET0 PIOc_freedecomp Enter - MemInfo: [/proc/meminfo - SSI]	MemAvailable:   60955900 kB
20220312 000240.018 INFO             PET0 PIOc_freedecomp Enter - MemInfo: [/proc/meminfo - SSI]	Committed_AS:    2916924 kB
20220312 000240.018 INFO             PET0 PIOc_freedecomp Enter - MemInfo: [/proc/meminfo - SSI]	CommittedPercent: 4.42926 %
20220312 000240.018 INFO             PET0 PIOc_freedecomp Enter - MemInfo: [/proc/self/status]	VmPeak:	  228372 kB
20220312 000240.018 INFO             PET0 PIOc_freedecomp Enter - MemInfo: [/proc/self/status]	VmSize:	  228372 kB
20220312 000240.018 INFO             PET0 PIOc_freedecomp Enter - MemInfo: [/proc/self/status]	VmLck:	       0 kB
20220312 000240.018 INFO             PET0 PIOc_freedecomp Enter - MemInfo: [/proc/self/status]	VmPin:	       0 kB
20220312 000240.018 INFO             PET0 PIOc_freedecomp Enter - MemInfo: [/proc/self/status]	VmHWM:	   29728 kB
20220312 000240.018 INFO             PET0 PIOc_freedecomp Enter - MemInfo: [/proc/self/status]	VmRSS:	   25656 kB
20220312 000240.018 INFO             PET0 PIOc_freedecomp Enter - MemInfo: [/proc/self/status]	VmData:	   33888 kB
20220312 000240.018 INFO             PET0 PIOc_freedecomp Enter - MemInfo: [/proc/self/status]	VmStk:	     508 kB
20220312 000240.018 INFO             PET0 PIOc_freedecomp Enter - MemInfo: [/proc/self/status]	VmExe:	    1920 kB
20220312 000240.018 INFO             PET0 PIOc_freedecomp Enter - MemInfo: [/proc/self/status]	VmLib:	   93984 kB
20220312 000240.018 INFO             PET0 PIOc_freedecomp Enter - MemInfo: [/proc/self/status]	VmPTE:	     364 kB
20220312 000240.018 INFO             PET0 PIOc_freedecomp Enter - MemInfo: [/proc/self/status]	VmPMD:	      12 kB
20220312 000240.018 INFO             PET0 PIOc_freedecomp Enter - MemInfo: [/proc/self/status]	VmSwap:	       0 kB
20220312 000240.018 INFO             PET0 PIOc_freedecomp Enter - MemInfo: [/proc/self/status]	VmRSSPercent: 0.0389578 %
20220312 000240.018 INFO             PET0 PIOc_freedecomp Enter - MemInfo: [malloc] Non-mmapped space allocated:                10043392 Byte
20220312 000240.018 INFO             PET0 PIOc_freedecomp Enter - MemInfo: [malloc] Space allocated in mmapped regions:          3219456 Byte
20220312 000240.018 INFO             PET0 PIOc_freedecomp Enter - MemInfo: [malloc] Maximum total allocated space:                     0 Byte
20220312 000240.018 INFO             PET0 PIOc_freedecomp Enter - MemInfo: [malloc] Space in freed fastbin blocks:                   192 Byte
20220312 000240.018 INFO             PET0 PIOc_freedecomp Enter - MemInfo: [malloc] Total allocated space:                        989856 Byte
20220312 000240.018 INFO             PET0 PIOc_freedecomp Enter - MemInfo: [malloc] Total free space:                            9053536 Byte
20220312 000240.018 INFO             PET0 PIOc_freedecomp Enter - MemInfo: [malloc] Top-most, releasable space:                   128480 Byte
20220312 000240.018 INFO             PET0 PIOc_freedecomp Enter - MemInfo: [malloc] Total space in use, mmap + non-mmap:         4209312 Byte
20220312 000240.018 INFO             PET0 PIOc_freedecomp Enter - MemInfo: [malloc] Total space held (mmap + non-mmap):         13262848 Byte
20220312 000240.018 INFO             PET0 PIOc_freedecomp Enter - MemInfo: [malloc] Total space used (mmap + non-mmap):          4217520 Byte
20220312 000240.018 INFO             PET0 PIOc_freedecomp Enter - MemInfo: Wall-clock time since execution start:               0.053303 seconds
20220312 000240.018 INFO             PET0 PIOc_freedecomp Exit - MemInfo: [/proc/meminfo - SSI]	MemTotal:       65855856 kB
20220312 000240.018 INFO             PET0 PIOc_freedecomp Exit - MemInfo: [/proc/meminfo - SSI]	MemFree:        61171664 kB
20220312 000240.018 INFO             PET0 PIOc_freedecomp Exit - MemInfo: [/proc/meminfo - SSI]	MemAvailable:   60955900 kB
20220312 000240.018 INFO             PET0 PIOc_freedecomp Exit - MemInfo: [/proc/meminfo - SSI]	Committed_AS:    2916924 kB
20220312 000240.018 INFO             PET0 PIOc_freedecomp Exit - MemInfo: [/proc/meminfo - SSI]	CommittedPercent: 4.42926 %
20220312 000240.018 INFO             PET0 PIOc_freedecomp Exit - MemInfo: [/proc/self/status]	VmPeak:	  228372 kB
20220312 000240.018 INFO             PET0 PIOc_freedecomp Exit - MemInfo: [/proc/self/status]	VmSize:	  228372 kB
20220312 000240.018 INFO             PET0 PIOc_freedecomp Exit - MemInfo: [/proc/self/status]	VmLck:	       0 kB
20220312 000240.018 INFO             PET0 PIOc_freedecomp Exit - MemInfo: [/proc/self/status]	VmPin:	       0 kB
20220312 000240.018 INFO             PET0 PIOc_freedecomp Exit - MemInfo: [/proc/self/status]	VmHWM:	   29728 kB
20220312 000240.018 INFO             PET0 PIOc_freedecomp Exit - MemInfo: [/proc/self/status]	VmRSS:	   25656 kB
20220312 000240.018 INFO             PET0 PIOc_freedecomp Exit - MemInfo: [/proc/self/status]	VmData:	   33888 kB
20220312 000240.018 INFO             PET0 PIOc_freedecomp Exit - MemInfo: [/proc/self/status]	VmStk:	     508 kB
20220312 000240.018 INFO             PET0 PIOc_freedecomp Exit - MemInfo: [/proc/self/status]	VmExe:	    1920 kB
20220312 000240.018 INFO             PET0 PIOc_freedecomp Exit - MemInfo: [/proc/self/status]	VmLib:	   93984 kB
20220312 000240.018 INFO             PET0 PIOc_freedecomp Exit - MemInfo: [/proc/self/status]	VmPTE:	     364 kB
20220312 000240.018 INFO             PET0 PIOc_freedecomp Exit - MemInfo: [/proc/self/status]	VmPMD:	      12 kB
20220312 000240.018 INFO             PET0 PIOc_freedecomp Exit - MemInfo: [/proc/self/status]	VmSwap:	       0 kB
20220312 000240.019 INFO             PET0 PIOc_freedecomp Exit - MemInfo: [/proc/self/status]	VmRSSPercent: 0.0389578 %
20220312 000240.019 INFO             PET0 PIOc_freedecomp Exit - MemInfo: [malloc] Non-mmapped space allocated:                10043392 Byte
20220312 000240.019 INFO             PET0 PIOc_freedecomp Exit - MemInfo: [malloc] Space allocated in mmapped regions:          3219456 Byte
20220312 000240.019 INFO             PET0 PIOc_freedecomp Exit - MemInfo: [malloc] Maximum total allocated space:                     0 Byte
20220312 000240.019 INFO             PET0 PIOc_freedecomp Exit - MemInfo: [malloc] Space in freed fastbin blocks:                  1168 Byte
20220312 000240.019 INFO             PET0 PIOc_freedecomp Exit - MemInfo: [malloc] Total allocated space:                        988688 Byte
20220312 000240.019 INFO             PET0 PIOc_freedecomp Exit - MemInfo: [malloc] Total free space:                            9054704 Byte
20220312 000240.019 INFO             PET0 PIOc_freedecomp Exit - MemInfo: [malloc] Top-most, releasable space:                   128480 Byte
20220312 000240.019 INFO             PET0 PIOc_freedecomp Exit - MemInfo: [malloc] Total space in use, mmap + non-mmap:         4208144 Byte
20220312 000240.019 INFO             PET0 PIOc_freedecomp Exit - MemInfo: [malloc] Total space held (mmap + non-mmap):         13262848 Byte
20220312 000240.019 INFO             PET0 PIOc_freedecomp Exit - MemInfo: [malloc] Total space used (mmap + non-mmap):          4216352 Byte
20220312 000240.019 INFO             PET0 PIOc_freedecomp Exit - MemInfo: Wall-clock time since execution start:               0.053566 seconds
20220312 000240.021 INFO             PET0 PIOc_sync Enter - MemInfo: [/proc/meminfo - SSI]	MemTotal:       65855856 kB
20220312 000240.021 INFO             PET0 PIOc_sync Enter - MemInfo: [/proc/meminfo - SSI]	MemFree:        61171160 kB
20220312 000240.021 INFO             PET0 PIOc_sync Enter - MemInfo: [/proc/meminfo - SSI]	MemAvailable:   60955396 kB
20220312 000240.021 INFO             PET0 PIOc_sync Enter - MemInfo: [/proc/meminfo - SSI]	Committed_AS:    2916924 kB
20220312 000240.021 INFO             PET0 PIOc_sync Enter - MemInfo: [/proc/meminfo - SSI]	CommittedPercent: 4.42926 %
20220312 000240.021 INFO             PET0 PIOc_sync Enter - MemInfo: [/proc/self/status]	VmPeak:	  228372 kB
20220312 000240.021 INFO             PET0 PIOc_sync Enter - MemInfo: [/proc/self/status]	VmSize:	  228348 kB
20220312 000240.021 INFO             PET0 PIOc_sync Enter - MemInfo: [/proc/self/status]	VmLck:	       0 kB
20220312 000240.021 INFO             PET0 PIOc_sync Enter - MemInfo: [/proc/self/status]	VmPin:	       0 kB
20220312 000240.021 INFO             PET0 PIOc_sync Enter - MemInfo: [/proc/self/status]	VmHWM:	   29728 kB
20220312 000240.021 INFO             PET0 PIOc_sync Enter - MemInfo: [/proc/self/status]	VmRSS:	   26148 kB
20220312 000240.021 INFO             PET0 PIOc_sync Enter - MemInfo: [/proc/self/status]	VmData:	   33888 kB
20220312 000240.021 INFO             PET0 PIOc_sync Enter - MemInfo: [/proc/self/status]	VmStk:	     508 kB
20220312 000240.021 INFO             PET0 PIOc_sync Enter - MemInfo: [/proc/self/status]	VmExe:	    1920 kB
20220312 000240.021 INFO             PET0 PIOc_sync Enter - MemInfo: [/proc/self/status]	VmLib:	   93984 kB
20220312 000240.021 INFO             PET0 PIOc_sync Enter - MemInfo: [/proc/self/status]	VmPTE:	     364 kB
20220312 000240.021 INFO             PET0 PIOc_sync Enter - MemInfo: [/proc/self/status]	VmPMD:	      12 kB
20220312 000240.021 INFO             PET0 PIOc_sync Enter - MemInfo: [/proc/self/status]	VmSwap:	       0 kB
20220312 000240.021 INFO             PET0 PIOc_sync Enter - MemInfo: [/proc/self/status]	VmRSSPercent: 0.0397049 %
20220312 000240.021 INFO             PET0 PIOc_sync Enter - MemInfo: [malloc] Non-mmapped space allocated:                10043392 Byte
20220312 000240.021 INFO             PET0 PIOc_sync Enter - MemInfo: [malloc] Space allocated in mmapped regions:          3219456 Byte
20220312 000240.021 INFO             PET0 PIOc_sync Enter - MemInfo: [malloc] Maximum total allocated space:                     0 Byte
20220312 000240.021 INFO             PET0 PIOc_sync Enter - MemInfo: [malloc] Space in freed fastbin blocks:                   448 Byte
20220312 000240.021 INFO             PET0 PIOc_sync Enter - MemInfo: [malloc] Total allocated space:                       9914320 Byte
20220312 000240.021 INFO             PET0 PIOc_sync Enter - MemInfo: [malloc] Total free space:                             129072 Byte
20220312 000240.021 INFO             PET0 PIOc_sync Enter - MemInfo: [malloc] Top-most, releasable space:                   123232 Byte
20220312 000240.021 INFO             PET0 PIOc_sync Enter - MemInfo: [malloc] Total space in use, mmap + non-mmap:        13133776 Byte
20220312 000240.021 INFO             PET0 PIOc_sync Enter - MemInfo: [malloc] Total space held (mmap + non-mmap):         13262848 Byte
20220312 000240.021 INFO             PET0 PIOc_sync Enter - MemInfo: [malloc] Total space used (mmap + non-mmap):         13142096 Byte
20220312 000240.021 INFO             PET0 PIOc_sync Enter - MemInfo: Wall-clock time since execution start:              0.0557861 seconds
20220312 000240.021 INFO             PET0 PIOc_sync Exit - MemInfo: [/proc/meminfo - SSI]	MemTotal:       65855856 kB
20220312 000240.021 INFO             PET0 PIOc_sync Exit - MemInfo: [/proc/meminfo - SSI]	MemFree:        61171160 kB
20220312 000240.021 INFO             PET0 PIOc_sync Exit - MemInfo: [/proc/meminfo - SSI]	MemAvailable:   60955396 kB
20220312 000240.021 INFO             PET0 PIOc_sync Exit - MemInfo: [/proc/meminfo - SSI]	Committed_AS:    2916924 kB
20220312 000240.021 INFO             PET0 PIOc_sync Exit - MemInfo: [/proc/meminfo - SSI]	CommittedPercent: 4.42926 %
20220312 000240.021 INFO             PET0 PIOc_sync Exit - MemInfo: [/proc/self/status]	VmPeak:	  228372 kB
20220312 000240.021 INFO             PET0 PIOc_sync Exit - MemInfo: [/proc/self/status]	VmSize:	  228348 kB
20220312 000240.021 INFO             PET0 PIOc_sync Exit - MemInfo: [/proc/self/status]	VmLck:	       0 kB
20220312 000240.021 INFO             PET0 PIOc_sync Exit - MemInfo: [/proc/self/status]	VmPin:	       0 kB
20220312 000240.021 INFO             PET0 PIOc_sync Exit - MemInfo: [/proc/self/status]	VmHWM:	   29728 kB
20220312 000240.021 INFO             PET0 PIOc_sync Exit - MemInfo: [/proc/self/status]	VmRSS:	   26148 kB
20220312 000240.021 INFO             PET0 PIOc_sync Exit - MemInfo: [/proc/self/status]	VmData:	   33888 kB
20220312 000240.021 INFO             PET0 PIOc_sync Exit - MemInfo: [/proc/self/status]	VmStk:	     508 kB
20220312 000240.021 INFO             PET0 PIOc_sync Exit - MemInfo: [/proc/self/status]	VmExe:	    1920 kB
20220312 000240.021 INFO             PET0 PIOc_sync Exit - MemInfo: [/proc/self/status]	VmLib:	   93984 kB
20220312 000240.021 INFO             PET0 PIOc_sync Exit - MemInfo: [/proc/self/status]	VmPTE:	     364 kB
20220312 000240.021 INFO             PET0 PIOc_sync Exit - MemInfo: [/proc/self/status]	VmPMD:	      12 kB
20220312 000240.021 INFO             PET0 PIOc_sync Exit - MemInfo: [/proc/self/status]	VmSwap:	       0 kB
20220312 000240.021 INFO             PET0 PIOc_sync Exit - MemInfo: [/proc/self/status]	VmRSSPercent: 0.0397049 %
20220312 000240.021 INFO             PET0 PIOc_sync Exit - MemInfo: [malloc] Non-mmapped space allocated:                10043392 Byte
20220312 000240.021 INFO             PET0 PIOc_sync Exit - MemInfo: [malloc] Space allocated in mmapped regions:          3219456 Byte
20220312 000240.021 INFO             PET0 PIOc_sync Exit - MemInfo: [malloc] Maximum total allocated space:                     0 Byte
20220312 000240.021 INFO             PET0 PIOc_sync Exit - MemInfo: [malloc] Space in freed fastbin blocks:                   192 Byte
20220312 000240.021 INFO             PET0 PIOc_sync Exit - MemInfo: [malloc] Total allocated space:                       9915392 Byte
20220312 000240.021 INFO             PET0 PIOc_sync Exit - MemInfo: [malloc] Total free space:                             128000 Byte
20220312 000240.021 INFO             PET0 PIOc_sync Exit - MemInfo: [malloc] Top-most, releasable space:                   123008 Byte
20220312 000240.021 INFO             PET0 PIOc_sync Exit - MemInfo: [malloc] Total space in use, mmap + non-mmap:        13134848 Byte
20220312 000240.021 INFO             PET0 PIOc_sync Exit - MemInfo: [malloc] Total space held (mmap + non-mmap):         13262848 Byte
20220312 000240.021 INFO             PET0 PIOc_sync Exit - MemInfo: [malloc] Total space used (mmap + non-mmap):         13143168 Byte
20220312 000240.021 INFO             PET0 PIOc_sync Exit - MemInfo: Wall-clock time since execution start:               0.056159 seconds
20220312 000240.021 INFO             PET0 PIOc_freedecomp Enter - MemInfo: [/proc/meminfo - SSI]	MemTotal:       65855856 kB
20220312 000240.021 INFO             PET0 PIOc_freedecomp Enter - MemInfo: [/proc/meminfo - SSI]	MemFree:        61171160 kB
20220312 000240.021 INFO             PET0 PIOc_freedecomp Enter - MemInfo: [/proc/meminfo - SSI]	MemAvailable:   60955396 kB
20220312 000240.021 INFO             PET0 PIOc_freedecomp Enter - MemInfo: [/proc/meminfo - SSI]	Committed_AS:    2916924 kB
20220312 000240.021 INFO             PET0 PIOc_freedecomp Enter - MemInfo: [/proc/meminfo - SSI]	CommittedPercent: 4.42926 %
20220312 000240.021 INFO             PET0 PIOc_freedecomp Enter - MemInfo: [/proc/self/status]	VmPeak:	  228372 kB
20220312 000240.021 INFO             PET0 PIOc_freedecomp Enter - MemInfo: [/proc/self/status]	VmSize:	  228348 kB
20220312 000240.021 INFO             PET0 PIOc_freedecomp Enter - MemInfo: [/proc/self/status]	VmLck:	       0 kB
20220312 000240.021 INFO             PET0 PIOc_freedecomp Enter - MemInfo: [/proc/self/status]	VmPin:	       0 kB
20220312 000240.021 INFO             PET0 PIOc_freedecomp Enter - MemInfo: [/proc/self/status]	VmHWM:	   29728 kB
20220312 000240.021 INFO             PET0 PIOc_freedecomp Enter - MemInfo: [/proc/self/status]	VmRSS:	   26148 kB
20220312 000240.021 INFO             PET0 PIOc_freedecomp Enter - MemInfo: [/proc/self/status]	VmData:	   33888 kB
20220312 000240.021 INFO             PET0 PIOc_freedecomp Enter - MemInfo: [/proc/self/status]	VmStk:	     508 kB
20220312 000240.021 INFO             PET0 PIOc_freedecomp Enter - MemInfo: [/proc/self/status]	VmExe:	    1920 kB
20220312 000240.021 INFO             PET0 PIOc_freedecomp Enter - MemInfo: [/proc/self/status]	VmLib:	   93984 kB
20220312 000240.021 INFO             PET0 PIOc_freedecomp Enter - MemInfo: [/proc/self/status]	VmPTE:	     364 kB
20220312 000240.021 INFO             PET0 PIOc_freedecomp Enter - MemInfo: [/proc/self/status]	VmPMD:	      12 kB
20220312 000240.021 INFO             PET0 PIOc_freedecomp Enter - MemInfo: [/proc/self/status]	VmSwap:	       0 kB
20220312 000240.021 INFO             PET0 PIOc_freedecomp Enter - MemInfo: [/proc/self/status]	VmRSSPercent: 0.0397049 %
20220312 000240.022 INFO             PET0 PIOc_freedecomp Enter - MemInfo: [malloc] Non-mmapped space allocated:                10043392 Byte
20220312 000240.022 INFO             PET0 PIOc_freedecomp Enter - MemInfo: [malloc] Space allocated in mmapped regions:          3219456 Byte
20220312 000240.022 INFO             PET0 PIOc_freedecomp Enter - MemInfo: [malloc] Maximum total allocated space:                     0 Byte
20220312 000240.022 INFO             PET0 PIOc_freedecomp Enter - MemInfo: [malloc] Space in freed fastbin blocks:                   192 Byte
20220312 000240.022 INFO             PET0 PIOc_freedecomp Enter - MemInfo: [malloc] Total allocated space:                        990928 Byte
20220312 000240.022 INFO             PET0 PIOc_freedecomp Enter - MemInfo: [malloc] Total free space:                            9052464 Byte
20220312 000240.022 INFO             PET0 PIOc_freedecomp Enter - MemInfo: [malloc] Top-most, releasable space:                   122784 Byte
20220312 000240.022 INFO             PET0 PIOc_freedecomp Enter - MemInfo: [malloc] Total space in use, mmap + non-mmap:         4210384 Byte
20220312 000240.022 INFO             PET0 PIOc_freedecomp Enter - MemInfo: [malloc] Total space held (mmap + non-mmap):         13262848 Byte
20220312 000240.022 INFO             PET0 PIOc_freedecomp Enter - MemInfo: [malloc] Total space used (mmap + non-mmap):          4218592 Byte
20220312 000240.022 INFO             PET0 PIOc_freedecomp Enter - MemInfo: Wall-clock time since execution start:              0.0565791 seconds
20220312 000240.022 INFO             PET0 PIOc_freedecomp Exit - MemInfo: [/proc/meminfo - SSI]	MemTotal:       65855856 kB
20220312 000240.022 INFO             PET0 PIOc_freedecomp Exit - MemInfo: [/proc/meminfo - SSI]	MemFree:        61171160 kB
20220312 000240.022 INFO             PET0 PIOc_freedecomp Exit - MemInfo: [/proc/meminfo - SSI]	MemAvailable:   60955396 kB
20220312 000240.022 INFO             PET0 PIOc_freedecomp Exit - MemInfo: [/proc/meminfo - SSI]	Committed_AS:    2916924 kB
20220312 000240.022 INFO             PET0 PIOc_freedecomp Exit - MemInfo: [/proc/meminfo - SSI]	CommittedPercent: 4.42926 %
20220312 000240.022 INFO             PET0 PIOc_freedecomp Exit - MemInfo: [/proc/self/status]	VmPeak:	  228372 kB
20220312 000240.022 INFO             PET0 PIOc_freedecomp Exit - MemInfo: [/proc/self/status]	VmSize:	  228348 kB
20220312 000240.022 INFO             PET0 PIOc_freedecomp Exit - MemInfo: [/proc/self/status]	VmLck:	       0 kB
20220312 000240.022 INFO             PET0 PIOc_freedecomp Exit - MemInfo: [/proc/self/status]	VmPin:	       0 kB
20220312 000240.022 INFO             PET0 PIOc_freedecomp Exit - MemInfo: [/proc/self/status]	VmHWM:	   29728 kB
20220312 000240.022 INFO             PET0 PIOc_freedecomp Exit - MemInfo: [/proc/self/status]	VmRSS:	   26148 kB
20220312 000240.022 INFO             PET0 PIOc_freedecomp Exit - MemInfo: [/proc/self/status]	VmData:	   33888 kB
20220312 000240.022 INFO             PET0 PIOc_freedecomp Exit - MemInfo: [/proc/self/status]	VmStk:	     508 kB
20220312 000240.022 INFO             PET0 PIOc_freedecomp Exit - MemInfo: [/proc/self/status]	VmExe:	    1920 kB
20220312 000240.022 INFO             PET0 PIOc_freedecomp Exit - MemInfo: [/proc/self/status]	VmLib:	   93984 kB
20220312 000240.022 INFO             PET0 PIOc_freedecomp Exit - MemInfo: [/proc/self/status]	VmPTE:	     364 kB
20220312 000240.022 INFO             PET0 PIOc_freedecomp Exit - MemInfo: [/proc/self/status]	VmPMD:	      12 kB
20220312 000240.022 INFO             PET0 PIOc_freedecomp Exit - MemInfo: [/proc/self/status]	VmSwap:	       0 kB
20220312 000240.022 INFO             PET0 PIOc_freedecomp Exit - MemInfo: [/proc/self/status]	VmRSSPercent: 0.0397049 %
20220312 000240.022 INFO             PET0 PIOc_freedecomp Exit - MemInfo: [malloc] Non-mmapped space allocated:                10043392 Byte
20220312 000240.022 INFO             PET0 PIOc_freedecomp Exit - MemInfo: [malloc] Space allocated in mmapped regions:          3219456 Byte
20220312 000240.022 INFO             PET0 PIOc_freedecomp Exit - MemInfo: [malloc] Maximum total allocated space:                     0 Byte
20220312 000240.022 INFO             PET0 PIOc_freedecomp Exit - MemInfo: [malloc] Space in freed fastbin blocks:                  1184 Byte
20220312 000240.022 INFO             PET0 PIOc_freedecomp Exit - MemInfo: [malloc] Total allocated space:                        989744 Byte
20220312 000240.022 INFO             PET0 PIOc_freedecomp Exit - MemInfo: [malloc] Total free space:                            9053648 Byte
20220312 000240.022 INFO             PET0 PIOc_freedecomp Exit - MemInfo: [malloc] Top-most, releasable space:                   128480 Byte
20220312 000240.022 INFO             PET0 PIOc_freedecomp Exit - MemInfo: [malloc] Total space in use, mmap + non-mmap:         4209200 Byte
20220312 000240.022 INFO             PET0 PIOc_freedecomp Exit - MemInfo: [malloc] Total space held (mmap + non-mmap):         13262848 Byte
20220312 000240.022 INFO             PET0 PIOc_freedecomp Exit - MemInfo: [malloc] Total space used (mmap + non-mmap):          4217408 Byte
20220312 000240.022 INFO             PET0 PIOc_freedecomp Exit - MemInfo: Wall-clock time since execution start:              0.0568531 seconds
20220312 000240.022 INFO             PET0  PASS  ESMF_OutputWeightFile, ESMF_IOUTest.F90, line 81
20220312 000240.040 INFO             PET0  PASS  call ESMF_OutputWeightFile with empty factor list on four PETs, ESMF_IOUTest.F90, line 191
20220312 000240.040 INFO             PET0  Ending Test, file ESMF_IOUTest.F90, line 201
20220312 000240.040 INFO             PET0 Finalizing ESMF
20220312 000239.993 INFO             PET1 !!!!!!!!!!!!!!!!!!!!!!!!!!!!!!!!!!!!!!!!!!!!!!!!!!!!!!
20220312 000239.993 INFO             PET1 !!! THE ESMF_LOG IS SET TO OUTPUT ALL LOG MESSAGES !!!
20220312 000239.993 INFO             PET1 !!!     THIS MAY CAUSE SLOWDOWN IN PERFORMANCE     !!!
20220312 000239.993 INFO             PET1 !!! FOR PRODUCTION RUNS, USE:                      !!!
20220312 000239.993 INFO             PET1 !!!                   ESMF_LOGKIND_Multi_On_Error  !!!
20220312 000239.993 INFO             PET1 !!!!!!!!!!!!!!!!!!!!!!!!!!!!!!!!!!!!!!!!!!!!!!!!!!!!!!
20220312 000239.993 INFO             PET1 Running with ESMF Version   : v8.3.0b09-96-g559b459836
20220312 000239.993 INFO             PET1 ESMF library build date/time: "Mar 11 2022" "23:40:33"
20220312 000239.993 INFO             PET1 ESMF library build location : /lustre/f2/dev/ncep/Mark.Potts/intel_2019.5_mpi_O_jedwards_pio_update2
20220312 000239.993 INFO             PET1 ESMF_COMM                   : mpi
20220312 000239.994 INFO             PET1 ESMF_MOAB                   : enabled
20220312 000239.994 INFO             PET1 ESMF_LAPACK                 : enabled
20220312 000239.994 INFO             PET1 ESMF_NETCDF                 : enabled
20220312 000239.994 INFO             PET1 ESMF_PNETCDF                : disabled
20220312 000239.994 INFO             PET1 ESMF_PIO                    : enabled
20220312 000239.994 INFO             PET1 ESMF_YAMLCPP                : enabled
20220312 000239.994 INFO             PET1  Beginning Test, file ESMF_IOUTest.F90, line 57
20220312 000239.994 INFO             PET1  NUMBER_OF_PROCESSORS           4
20220312 000239.994 INFO             PET1 Starting Test:  ESMF_OutputWeightFile
20220312 000240.011 INFO             PET1 PIOc_sync Enter - MemInfo: [/proc/meminfo - SSI]	MemTotal:       65855856 kB
20220312 000240.011 INFO             PET1 PIOc_sync Enter - MemInfo: [/proc/meminfo - SSI]	MemFree:        61168388 kB
20220312 000240.011 INFO             PET1 PIOc_sync Enter - MemInfo: [/proc/meminfo - SSI]	MemAvailable:   60952612 kB
20220312 000240.011 INFO             PET1 PIOc_sync Enter - MemInfo: [/proc/meminfo - SSI]	Committed_AS:    2916516 kB
20220312 000240.011 INFO             PET1 PIOc_sync Enter - MemInfo: [/proc/meminfo - SSI]	CommittedPercent: 4.42864 %
20220312 000240.011 INFO             PET1 PIOc_sync Enter - MemInfo: [/proc/self/status]	VmPeak:	  218996 kB
20220312 000240.011 INFO             PET1 PIOc_sync Enter - MemInfo: [/proc/self/status]	VmSize:	  218996 kB
20220312 000240.011 INFO             PET1 PIOc_sync Enter - MemInfo: [/proc/self/status]	VmLck:	       0 kB
20220312 000240.011 INFO             PET1 PIOc_sync Enter - MemInfo: [/proc/self/status]	VmPin:	       0 kB
20220312 000240.011 INFO             PET1 PIOc_sync Enter - MemInfo: [/proc/self/status]	VmHWM:	   19580 kB
20220312 000240.011 INFO             PET1 PIOc_sync Enter - MemInfo: [/proc/self/status]	VmRSS:	   19580 kB
20220312 000240.011 INFO             PET1 PIOc_sync Enter - MemInfo: [/proc/self/status]	VmData:	   24512 kB
20220312 000240.011 INFO             PET1 PIOc_sync Enter - MemInfo: [/proc/self/status]	VmStk:	     508 kB
20220312 000240.011 INFO             PET1 PIOc_sync Enter - MemInfo: [/proc/self/status]	VmExe:	    1920 kB
20220312 000240.011 INFO             PET1 PIOc_sync Enter - MemInfo: [/proc/self/status]	VmLib:	   93984 kB
20220312 000240.011 INFO             PET1 PIOc_sync Enter - MemInfo: [/proc/self/status]	VmPTE:	     336 kB
20220312 000240.011 INFO             PET1 PIOc_sync Enter - MemInfo: [/proc/self/status]	VmPMD:	      12 kB
20220312 000240.011 INFO             PET1 PIOc_sync Enter - MemInfo: [/proc/self/status]	VmSwap:	       0 kB
20220312 000240.011 INFO             PET1 PIOc_sync Enter - MemInfo: [/proc/self/status]	VmRSSPercent: 0.0297316 %
20220312 000240.011 INFO             PET1 PIOc_sync Enter - MemInfo: [malloc] Non-mmapped space allocated:                  774144 Byte
20220312 000240.011 INFO             PET1 PIOc_sync Enter - MemInfo: [malloc] Space allocated in mmapped regions:          2887680 Byte
20220312 000240.011 INFO             PET1 PIOc_sync Enter - MemInfo: [malloc] Maximum total allocated space:                     0 Byte
20220312 000240.011 INFO             PET1 PIOc_sync Enter - MemInfo: [malloc] Space in freed fastbin blocks:                     0 Byte
20220312 000240.011 INFO             PET1 PIOc_sync Enter - MemInfo: [malloc] Total allocated space:                        653904 Byte
20220312 000240.011 INFO             PET1 PIOc_sync Enter - MemInfo: [malloc] Total free space:                             120240 Byte
20220312 000240.011 INFO             PET1 PIOc_sync Enter - MemInfo: [malloc] Top-most, releasable space:                   120240 Byte
20220312 000240.011 INFO             PET1 PIOc_sync Enter - MemInfo: [malloc] Total space in use, mmap + non-mmap:         3541584 Byte
20220312 000240.011 INFO             PET1 PIOc_sync Enter - MemInfo: [malloc] Total space held (mmap + non-mmap):          3661824 Byte
20220312 000240.011 INFO             PET1 PIOc_sync Enter - MemInfo: [malloc] Total space used (mmap + non-mmap):          3551200 Byte
20220312 000240.011 INFO             PET1 PIOc_sync Enter - MemInfo: Wall-clock time since execution start:               0.045665 seconds
20220312 000240.012 INFO             PET1 PIOc_sync Exit - MemInfo: [/proc/meminfo - SSI]	MemTotal:       65855856 kB
20220312 000240.012 INFO             PET1 PIOc_sync Exit - MemInfo: [/proc/meminfo - SSI]	MemFree:        61168144 kB
20220312 000240.012 INFO             PET1 PIOc_sync Exit - MemInfo: [/proc/meminfo - SSI]	MemAvailable:   60952380 kB
20220312 000240.012 INFO             PET1 PIOc_sync Exit - MemInfo: [/proc/meminfo - SSI]	Committed_AS:    2916516 kB
20220312 000240.012 INFO             PET1 PIOc_sync Exit - MemInfo: [/proc/meminfo - SSI]	CommittedPercent: 4.42864 %
20220312 000240.012 INFO             PET1 PIOc_sync Exit - MemInfo: [/proc/self/status]	VmPeak:	  218996 kB
20220312 000240.012 INFO             PET1 PIOc_sync Exit - MemInfo: [/proc/self/status]	VmSize:	  218996 kB
20220312 000240.012 INFO             PET1 PIOc_sync Exit - MemInfo: [/proc/self/status]	VmLck:	       0 kB
20220312 000240.012 INFO             PET1 PIOc_sync Exit - MemInfo: [/proc/self/status]	VmPin:	       0 kB
20220312 000240.012 INFO             PET1 PIOc_sync Exit - MemInfo: [/proc/self/status]	VmHWM:	   19580 kB
20220312 000240.012 INFO             PET1 PIOc_sync Exit - MemInfo: [/proc/self/status]	VmRSS:	   19580 kB
20220312 000240.012 INFO             PET1 PIOc_sync Exit - MemInfo: [/proc/self/status]	VmData:	   24512 kB
20220312 000240.012 INFO             PET1 PIOc_sync Exit - MemInfo: [/proc/self/status]	VmStk:	     508 kB
20220312 000240.012 INFO             PET1 PIOc_sync Exit - MemInfo: [/proc/self/status]	VmExe:	    1920 kB
20220312 000240.012 INFO             PET1 PIOc_sync Exit - MemInfo: [/proc/self/status]	VmLib:	   93984 kB
20220312 000240.012 INFO             PET1 PIOc_sync Exit - MemInfo: [/proc/self/status]	VmPTE:	     340 kB
20220312 000240.012 INFO             PET1 PIOc_sync Exit - MemInfo: [/proc/self/status]	VmPMD:	      12 kB
20220312 000240.012 INFO             PET1 PIOc_sync Exit - MemInfo: [/proc/self/status]	VmSwap:	       0 kB
20220312 000240.012 INFO             PET1 PIOc_sync Exit - MemInfo: [/proc/self/status]	VmRSSPercent: 0.0297316 %
20220312 000240.012 INFO             PET1 PIOc_sync Exit - MemInfo: [malloc] Non-mmapped space allocated:                  774144 Byte
20220312 000240.012 INFO             PET1 PIOc_sync Exit - MemInfo: [malloc] Space allocated in mmapped regions:          2887680 Byte
20220312 000240.012 INFO             PET1 PIOc_sync Exit - MemInfo: [malloc] Maximum total allocated space:                     0 Byte
20220312 000240.012 INFO             PET1 PIOc_sync Exit - MemInfo: [malloc] Space in freed fastbin blocks:                     0 Byte
20220312 000240.012 INFO             PET1 PIOc_sync Exit - MemInfo: [malloc] Total allocated space:                        656208 Byte
20220312 000240.012 INFO             PET1 PIOc_sync Exit - MemInfo: [malloc] Total free space:                             117936 Byte
20220312 000240.012 INFO             PET1 PIOc_sync Exit - MemInfo: [malloc] Top-most, releasable space:                   117936 Byte
20220312 000240.012 INFO             PET1 PIOc_sync Exit - MemInfo: [malloc] Total space in use, mmap + non-mmap:         3543888 Byte
20220312 000240.012 INFO             PET1 PIOc_sync Exit - MemInfo: [malloc] Total space held (mmap + non-mmap):          3661824 Byte
20220312 000240.012 INFO             PET1 PIOc_sync Exit - MemInfo: [malloc] Total space used (mmap + non-mmap):          3552384 Byte
20220312 000240.012 INFO             PET1 PIOc_sync Exit - MemInfo: Wall-clock time since execution start:              0.0463681 seconds
20220312 000240.012 INFO             PET1 PIOc_freedecomp Enter - MemInfo: [/proc/meminfo - SSI]	MemTotal:       65855856 kB
20220312 000240.013 INFO             PET1 PIOc_freedecomp Enter - MemInfo: [/proc/meminfo - SSI]	MemFree:        61175200 kB
20220312 000240.013 INFO             PET1 PIOc_freedecomp Enter - MemInfo: [/proc/meminfo - SSI]	MemAvailable:   60959436 kB
20220312 000240.013 INFO             PET1 PIOc_freedecomp Enter - MemInfo: [/proc/meminfo - SSI]	Committed_AS:    2908648 kB
20220312 000240.013 INFO             PET1 PIOc_freedecomp Enter - MemInfo: [/proc/meminfo - SSI]	CommittedPercent: 4.41669 %
20220312 000240.013 INFO             PET1 PIOc_freedecomp Enter - MemInfo: [/proc/self/status]	VmPeak:	  218996 kB
20220312 000240.013 INFO             PET1 PIOc_freedecomp Enter - MemInfo: [/proc/self/status]	VmSize:	  218996 kB
20220312 000240.013 INFO             PET1 PIOc_freedecomp Enter - MemInfo: [/proc/self/status]	VmLck:	       0 kB
20220312 000240.013 INFO             PET1 PIOc_freedecomp Enter - MemInfo: [/proc/self/status]	VmPin:	       0 kB
20220312 000240.013 INFO             PET1 PIOc_freedecomp Enter - MemInfo: [/proc/self/status]	VmHWM:	   19788 kB
20220312 000240.013 INFO             PET1 PIOc_freedecomp Enter - MemInfo: [/proc/self/status]	VmRSS:	   19788 kB
20220312 000240.013 INFO             PET1 PIOc_freedecomp Enter - MemInfo: [/proc/self/status]	VmData:	   24512 kB
20220312 000240.013 INFO             PET1 PIOc_freedecomp Enter - MemInfo: [/proc/self/status]	VmStk:	     508 kB
20220312 000240.013 INFO             PET1 PIOc_freedecomp Enter - MemInfo: [/proc/self/status]	VmExe:	    1920 kB
20220312 000240.013 INFO             PET1 PIOc_freedecomp Enter - MemInfo: [/proc/self/status]	VmLib:	   93984 kB
20220312 000240.013 INFO             PET1 PIOc_freedecomp Enter - MemInfo: [/proc/self/status]	VmPTE:	     340 kB
20220312 000240.013 INFO             PET1 PIOc_freedecomp Enter - MemInfo: [/proc/self/status]	VmPMD:	      12 kB
20220312 000240.013 INFO             PET1 PIOc_freedecomp Enter - MemInfo: [/proc/self/status]	VmSwap:	       0 kB
20220312 000240.013 INFO             PET1 PIOc_freedecomp Enter - MemInfo: [/proc/self/status]	VmRSSPercent: 0.0300474 %
20220312 000240.013 INFO             PET1 PIOc_freedecomp Enter - MemInfo: [malloc] Non-mmapped space allocated:                  774144 Byte
20220312 000240.013 INFO             PET1 PIOc_freedecomp Enter - MemInfo: [malloc] Space allocated in mmapped regions:          2887680 Byte
20220312 000240.013 INFO             PET1 PIOc_freedecomp Enter - MemInfo: [malloc] Maximum total allocated space:                     0 Byte
20220312 000240.013 INFO             PET1 PIOc_freedecomp Enter - MemInfo: [malloc] Space in freed fastbin blocks:                     0 Byte
20220312 000240.013 INFO             PET1 PIOc_freedecomp Enter - MemInfo: [malloc] Total allocated space:                        657008 Byte
20220312 000240.013 INFO             PET1 PIOc_freedecomp Enter - MemInfo: [malloc] Total free space:                             117136 Byte
20220312 000240.013 INFO             PET1 PIOc_freedecomp Enter - MemInfo: [malloc] Top-most, releasable space:                   117136 Byte
20220312 000240.013 INFO             PET1 PIOc_freedecomp Enter - MemInfo: [malloc] Total space in use, mmap + non-mmap:         3544688 Byte
20220312 000240.013 INFO             PET1 PIOc_freedecomp Enter - MemInfo: [malloc] Total space held (mmap + non-mmap):          3661824 Byte
20220312 000240.013 INFO             PET1 PIOc_freedecomp Enter - MemInfo: [malloc] Total space used (mmap + non-mmap):          3553184 Byte
20220312 000240.013 INFO             PET1 PIOc_freedecomp Enter - MemInfo: Wall-clock time since execution start:              0.0470791 seconds
20220312 000240.013 INFO             PET1 PIOc_freedecomp Exit - MemInfo: [/proc/meminfo - SSI]	MemTotal:       65855856 kB
20220312 000240.013 INFO             PET1 PIOc_freedecomp Exit - MemInfo: [/proc/meminfo - SSI]	MemFree:        61175200 kB
20220312 000240.013 INFO             PET1 PIOc_freedecomp Exit - MemInfo: [/proc/meminfo - SSI]	MemAvailable:   60959436 kB
20220312 000240.013 INFO             PET1 PIOc_freedecomp Exit - MemInfo: [/proc/meminfo - SSI]	Committed_AS:    2908648 kB
20220312 000240.013 INFO             PET1 PIOc_freedecomp Exit - MemInfo: [/proc/meminfo - SSI]	CommittedPercent: 4.41669 %
20220312 000240.013 INFO             PET1 PIOc_freedecomp Exit - MemInfo: [/proc/self/status]	VmPeak:	  218996 kB
20220312 000240.013 INFO             PET1 PIOc_freedecomp Exit - MemInfo: [/proc/self/status]	VmSize:	  218996 kB
20220312 000240.013 INFO             PET1 PIOc_freedecomp Exit - MemInfo: [/proc/self/status]	VmLck:	       0 kB
20220312 000240.013 INFO             PET1 PIOc_freedecomp Exit - MemInfo: [/proc/self/status]	VmPin:	       0 kB
20220312 000240.013 INFO             PET1 PIOc_freedecomp Exit - MemInfo: [/proc/self/status]	VmHWM:	   19788 kB
20220312 000240.013 INFO             PET1 PIOc_freedecomp Exit - MemInfo: [/proc/self/status]	VmRSS:	   19788 kB
20220312 000240.013 INFO             PET1 PIOc_freedecomp Exit - MemInfo: [/proc/self/status]	VmData:	   24512 kB
20220312 000240.013 INFO             PET1 PIOc_freedecomp Exit - MemInfo: [/proc/self/status]	VmStk:	     508 kB
20220312 000240.013 INFO             PET1 PIOc_freedecomp Exit - MemInfo: [/proc/self/status]	VmExe:	    1920 kB
20220312 000240.013 INFO             PET1 PIOc_freedecomp Exit - MemInfo: [/proc/self/status]	VmLib:	   93984 kB
20220312 000240.013 INFO             PET1 PIOc_freedecomp Exit - MemInfo: [/proc/self/status]	VmPTE:	     340 kB
20220312 000240.013 INFO             PET1 PIOc_freedecomp Exit - MemInfo: [/proc/self/status]	VmPMD:	      12 kB
20220312 000240.013 INFO             PET1 PIOc_freedecomp Exit - MemInfo: [/proc/self/status]	VmSwap:	       0 kB
20220312 000240.013 INFO             PET1 PIOc_freedecomp Exit - MemInfo: [/proc/self/status]	VmRSSPercent: 0.0300474 %
20220312 000240.013 INFO             PET1 PIOc_freedecomp Exit - MemInfo: [malloc] Non-mmapped space allocated:                  774144 Byte
20220312 000240.013 INFO             PET1 PIOc_freedecomp Exit - MemInfo: [malloc] Space allocated in mmapped regions:          2887680 Byte
20220312 000240.013 INFO             PET1 PIOc_freedecomp Exit - MemInfo: [malloc] Maximum total allocated space:                     0 Byte
20220312 000240.013 INFO             PET1 PIOc_freedecomp Exit - MemInfo: [malloc] Space in freed fastbin blocks:                   112 Byte
20220312 000240.013 INFO             PET1 PIOc_freedecomp Exit - MemInfo: [malloc] Total allocated space:                        657744 Byte
20220312 000240.013 INFO             PET1 PIOc_freedecomp Exit - MemInfo: [malloc] Total free space:                             116400 Byte
20220312 000240.013 INFO             PET1 PIOc_freedecomp Exit - MemInfo: [malloc] Top-most, releasable space:                   116288 Byte
20220312 000240.013 INFO             PET1 PIOc_freedecomp Exit - MemInfo: [malloc] Total space in use, mmap + non-mmap:         3545424 Byte
20220312 000240.013 INFO             PET1 PIOc_freedecomp Exit - MemInfo: [malloc] Total space held (mmap + non-mmap):          3661824 Byte
20220312 000240.013 INFO             PET1 PIOc_freedecomp Exit - MemInfo: [malloc] Total space used (mmap + non-mmap):          3553856 Byte
20220312 000240.013 INFO             PET1 PIOc_freedecomp Exit - MemInfo: Wall-clock time since execution start:              0.0473821 seconds
20220312 000240.017 INFO             PET1 PIOc_sync Enter - MemInfo: [/proc/meminfo - SSI]	MemTotal:       65855856 kB
20220312 000240.017 INFO             PET1 PIOc_sync Enter - MemInfo: [/proc/meminfo - SSI]	MemFree:        61171664 kB
20220312 000240.017 INFO             PET1 PIOc_sync Enter - MemInfo: [/proc/meminfo - SSI]	MemAvailable:   60955900 kB
20220312 000240.017 INFO             PET1 PIOc_sync Enter - MemInfo: [/proc/meminfo - SSI]	Committed_AS:    2916924 kB
20220312 000240.017 INFO             PET1 PIOc_sync Enter - MemInfo: [/proc/meminfo - SSI]	CommittedPercent: 4.42926 %
20220312 000240.017 INFO             PET1 PIOc_sync Enter - MemInfo: [/proc/self/status]	VmPeak:	  218996 kB
20220312 000240.017 INFO             PET1 PIOc_sync Enter - MemInfo: [/proc/self/status]	VmSize:	  218996 kB
20220312 000240.017 INFO             PET1 PIOc_sync Enter - MemInfo: [/proc/self/status]	VmLck:	       0 kB
20220312 000240.017 INFO             PET1 PIOc_sync Enter - MemInfo: [/proc/self/status]	VmPin:	       0 kB
20220312 000240.017 INFO             PET1 PIOc_sync Enter - MemInfo: [/proc/self/status]	VmHWM:	   19788 kB
20220312 000240.017 INFO             PET1 PIOc_sync Enter - MemInfo: [/proc/self/status]	VmRSS:	   19772 kB
20220312 000240.017 INFO             PET1 PIOc_sync Enter - MemInfo: [/proc/self/status]	VmData:	   24512 kB
20220312 000240.017 INFO             PET1 PIOc_sync Enter - MemInfo: [/proc/self/status]	VmStk:	     508 kB
20220312 000240.017 INFO             PET1 PIOc_sync Enter - MemInfo: [/proc/self/status]	VmExe:	    1920 kB
20220312 000240.017 INFO             PET1 PIOc_sync Enter - MemInfo: [/proc/self/status]	VmLib:	   93984 kB
20220312 000240.017 INFO             PET1 PIOc_sync Enter - MemInfo: [/proc/self/status]	VmPTE:	     340 kB
20220312 000240.017 INFO             PET1 PIOc_sync Enter - MemInfo: [/proc/self/status]	VmPMD:	      12 kB
20220312 000240.017 INFO             PET1 PIOc_sync Enter - MemInfo: [/proc/self/status]	VmSwap:	       0 kB
20220312 000240.017 INFO             PET1 PIOc_sync Enter - MemInfo: [/proc/self/status]	VmRSSPercent: 0.0300231 %
20220312 000240.018 INFO             PET1 PIOc_sync Enter - MemInfo: [malloc] Non-mmapped space allocated:                  774144 Byte
20220312 000240.018 INFO             PET1 PIOc_sync Enter - MemInfo: [malloc] Space allocated in mmapped regions:          2887680 Byte
20220312 000240.018 INFO             PET1 PIOc_sync Enter - MemInfo: [malloc] Maximum total allocated space:                     0 Byte
20220312 000240.018 INFO             PET1 PIOc_sync Enter - MemInfo: [malloc] Space in freed fastbin blocks:                     0 Byte
20220312 000240.018 INFO             PET1 PIOc_sync Enter - MemInfo: [malloc] Total allocated space:                        659584 Byte
20220312 000240.018 INFO             PET1 PIOc_sync Enter - MemInfo: [malloc] Total free space:                             114560 Byte
20220312 000240.018 INFO             PET1 PIOc_sync Enter - MemInfo: [malloc] Top-most, releasable space:                   113776 Byte
20220312 000240.018 INFO             PET1 PIOc_sync Enter - MemInfo: [malloc] Total space in use, mmap + non-mmap:         3547264 Byte
20220312 000240.018 INFO             PET1 PIOc_sync Enter - MemInfo: [malloc] Total space held (mmap + non-mmap):          3661824 Byte
20220312 000240.018 INFO             PET1 PIOc_sync Enter - MemInfo: [malloc] Total space used (mmap + non-mmap):          3555472 Byte
20220312 000240.018 INFO             PET1 PIOc_sync Enter - MemInfo: Wall-clock time since execution start:              0.0518711 seconds
20220312 000240.018 INFO             PET1 PIOc_sync Exit - MemInfo: [/proc/meminfo - SSI]	MemTotal:       65855856 kB
20220312 000240.018 INFO             PET1 PIOc_sync Exit - MemInfo: [/proc/meminfo - SSI]	MemFree:        61171664 kB
20220312 000240.018 INFO             PET1 PIOc_sync Exit - MemInfo: [/proc/meminfo - SSI]	MemAvailable:   60955900 kB
20220312 000240.018 INFO             PET1 PIOc_sync Exit - MemInfo: [/proc/meminfo - SSI]	Committed_AS:    2916924 kB
20220312 000240.018 INFO             PET1 PIOc_sync Exit - MemInfo: [/proc/meminfo - SSI]	CommittedPercent: 4.42926 %
20220312 000240.018 INFO             PET1 PIOc_sync Exit - MemInfo: [/proc/self/status]	VmPeak:	  218996 kB
20220312 000240.018 INFO             PET1 PIOc_sync Exit - MemInfo: [/proc/self/status]	VmSize:	  218996 kB
20220312 000240.018 INFO             PET1 PIOc_sync Exit - MemInfo: [/proc/self/status]	VmLck:	       0 kB
20220312 000240.018 INFO             PET1 PIOc_sync Exit - MemInfo: [/proc/self/status]	VmPin:	       0 kB
20220312 000240.018 INFO             PET1 PIOc_sync Exit - MemInfo: [/proc/self/status]	VmHWM:	   19788 kB
20220312 000240.018 INFO             PET1 PIOc_sync Exit - MemInfo: [/proc/self/status]	VmRSS:	   19772 kB
20220312 000240.018 INFO             PET1 PIOc_sync Exit - MemInfo: [/proc/self/status]	VmData:	   24512 kB
20220312 000240.018 INFO             PET1 PIOc_sync Exit - MemInfo: [/proc/self/status]	VmStk:	     508 kB
20220312 000240.018 INFO             PET1 PIOc_sync Exit - MemInfo: [/proc/self/status]	VmExe:	    1920 kB
20220312 000240.018 INFO             PET1 PIOc_sync Exit - MemInfo: [/proc/self/status]	VmLib:	   93984 kB
20220312 000240.018 INFO             PET1 PIOc_sync Exit - MemInfo: [/proc/self/status]	VmPTE:	     340 kB
20220312 000240.018 INFO             PET1 PIOc_sync Exit - MemInfo: [/proc/self/status]	VmPMD:	      12 kB
20220312 000240.018 INFO             PET1 PIOc_sync Exit - MemInfo: [/proc/self/status]	VmSwap:	       0 kB
20220312 000240.018 INFO             PET1 PIOc_sync Exit - MemInfo: [/proc/self/status]	VmRSSPercent: 0.0300231 %
20220312 000240.018 INFO             PET1 PIOc_sync Exit - MemInfo: [malloc] Non-mmapped space allocated:                  774144 Byte
20220312 000240.018 INFO             PET1 PIOc_sync Exit - MemInfo: [malloc] Space allocated in mmapped regions:          2887680 Byte
20220312 000240.018 INFO             PET1 PIOc_sync Exit - MemInfo: [malloc] Maximum total allocated space:                     0 Byte
20220312 000240.018 INFO             PET1 PIOc_sync Exit - MemInfo: [malloc] Space in freed fastbin blocks:                     0 Byte
20220312 000240.018 INFO             PET1 PIOc_sync Exit - MemInfo: [malloc] Total allocated space:                        660048 Byte
20220312 000240.018 INFO             PET1 PIOc_sync Exit - MemInfo: [malloc] Total free space:                             114096 Byte
20220312 000240.018 INFO             PET1 PIOc_sync Exit - MemInfo: [malloc] Top-most, releasable space:                   113552 Byte
20220312 000240.018 INFO             PET1 PIOc_sync Exit - MemInfo: [malloc] Total space in use, mmap + non-mmap:         3547728 Byte
20220312 000240.018 INFO             PET1 PIOc_sync Exit - MemInfo: [malloc] Total space held (mmap + non-mmap):          3661824 Byte
20220312 000240.018 INFO             PET1 PIOc_sync Exit - MemInfo: [malloc] Total space used (mmap + non-mmap):          3555936 Byte
20220312 000240.018 INFO             PET1 PIOc_sync Exit - MemInfo: Wall-clock time since execution start:              0.0522511 seconds
20220312 000240.018 INFO             PET1 PIOc_freedecomp Enter - MemInfo: [/proc/meminfo - SSI]	MemTotal:       65855856 kB
20220312 000240.018 INFO             PET1 PIOc_freedecomp Enter - MemInfo: [/proc/meminfo - SSI]	MemFree:        61171664 kB
20220312 000240.018 INFO             PET1 PIOc_freedecomp Enter - MemInfo: [/proc/meminfo - SSI]	MemAvailable:   60955900 kB
20220312 000240.018 INFO             PET1 PIOc_freedecomp Enter - MemInfo: [/proc/meminfo - SSI]	Committed_AS:    2916924 kB
20220312 000240.018 INFO             PET1 PIOc_freedecomp Enter - MemInfo: [/proc/meminfo - SSI]	CommittedPercent: 4.42926 %
20220312 000240.018 INFO             PET1 PIOc_freedecomp Enter - MemInfo: [/proc/self/status]	VmPeak:	  218996 kB
20220312 000240.018 INFO             PET1 PIOc_freedecomp Enter - MemInfo: [/proc/self/status]	VmSize:	  218996 kB
20220312 000240.018 INFO             PET1 PIOc_freedecomp Enter - MemInfo: [/proc/self/status]	VmLck:	       0 kB
20220312 000240.018 INFO             PET1 PIOc_freedecomp Enter - MemInfo: [/proc/self/status]	VmPin:	       0 kB
20220312 000240.018 INFO             PET1 PIOc_freedecomp Enter - MemInfo: [/proc/self/status]	VmHWM:	   19788 kB
20220312 000240.018 INFO             PET1 PIOc_freedecomp Enter - MemInfo: [/proc/self/status]	VmRSS:	   19772 kB
20220312 000240.018 INFO             PET1 PIOc_freedecomp Enter - MemInfo: [/proc/self/status]	VmData:	   24512 kB
20220312 000240.018 INFO             PET1 PIOc_freedecomp Enter - MemInfo: [/proc/self/status]	VmStk:	     508 kB
20220312 000240.018 INFO             PET1 PIOc_freedecomp Enter - MemInfo: [/proc/self/status]	VmExe:	    1920 kB
20220312 000240.018 INFO             PET1 PIOc_freedecomp Enter - MemInfo: [/proc/self/status]	VmLib:	   93984 kB
20220312 000240.018 INFO             PET1 PIOc_freedecomp Enter - MemInfo: [/proc/self/status]	VmPTE:	     340 kB
20220312 000240.018 INFO             PET1 PIOc_freedecomp Enter - MemInfo: [/proc/self/status]	VmPMD:	      12 kB
20220312 000240.018 INFO             PET1 PIOc_freedecomp Enter - MemInfo: [/proc/self/status]	VmSwap:	       0 kB
20220312 000240.018 INFO             PET1 PIOc_freedecomp Enter - MemInfo: [/proc/self/status]	VmRSSPercent: 0.0300231 %
20220312 000240.018 INFO             PET1 PIOc_freedecomp Enter - MemInfo: [malloc] Non-mmapped space allocated:                  774144 Byte
20220312 000240.018 INFO             PET1 PIOc_freedecomp Enter - MemInfo: [malloc] Space allocated in mmapped regions:          2887680 Byte
20220312 000240.018 INFO             PET1 PIOc_freedecomp Enter - MemInfo: [malloc] Maximum total allocated space:                     0 Byte
20220312 000240.018 INFO             PET1 PIOc_freedecomp Enter - MemInfo: [malloc] Space in freed fastbin blocks:                     0 Byte
20220312 000240.018 INFO             PET1 PIOc_freedecomp Enter - MemInfo: [malloc] Total allocated space:                        660272 Byte
20220312 000240.018 INFO             PET1 PIOc_freedecomp Enter - MemInfo: [malloc] Total free space:                             113872 Byte
20220312 000240.018 INFO             PET1 PIOc_freedecomp Enter - MemInfo: [malloc] Top-most, releasable space:                   113328 Byte
20220312 000240.018 INFO             PET1 PIOc_freedecomp Enter - MemInfo: [malloc] Total space in use, mmap + non-mmap:         3547952 Byte
20220312 000240.018 INFO             PET1 PIOc_freedecomp Enter - MemInfo: [malloc] Total space held (mmap + non-mmap):          3661824 Byte
20220312 000240.018 INFO             PET1 PIOc_freedecomp Enter - MemInfo: [malloc] Total space used (mmap + non-mmap):          3556160 Byte
20220312 000240.018 INFO             PET1 PIOc_freedecomp Enter - MemInfo: Wall-clock time since execution start:              0.0526581 seconds
20220312 000240.018 INFO             PET1 PIOc_freedecomp Exit - MemInfo: [/proc/meminfo - SSI]	MemTotal:       65855856 kB
20220312 000240.018 INFO             PET1 PIOc_freedecomp Exit - MemInfo: [/proc/meminfo - SSI]	MemFree:        61171664 kB
20220312 000240.018 INFO             PET1 PIOc_freedecomp Exit - MemInfo: [/proc/meminfo - SSI]	MemAvailable:   60955900 kB
20220312 000240.018 INFO             PET1 PIOc_freedecomp Exit - MemInfo: [/proc/meminfo - SSI]	Committed_AS:    2916924 kB
20220312 000240.018 INFO             PET1 PIOc_freedecomp Exit - MemInfo: [/proc/meminfo - SSI]	CommittedPercent: 4.42926 %
20220312 000240.018 INFO             PET1 PIOc_freedecomp Exit - MemInfo: [/proc/self/status]	VmPeak:	  218996 kB
20220312 000240.018 INFO             PET1 PIOc_freedecomp Exit - MemInfo: [/proc/self/status]	VmSize:	  218996 kB
20220312 000240.018 INFO             PET1 PIOc_freedecomp Exit - MemInfo: [/proc/self/status]	VmLck:	       0 kB
20220312 000240.019 INFO             PET1 PIOc_freedecomp Exit - MemInfo: [/proc/self/status]	VmPin:	       0 kB
20220312 000240.019 INFO             PET1 PIOc_freedecomp Exit - MemInfo: [/proc/self/status]	VmHWM:	   19788 kB
20220312 000240.019 INFO             PET1 PIOc_freedecomp Exit - MemInfo: [/proc/self/status]	VmRSS:	   19772 kB
20220312 000240.019 INFO             PET1 PIOc_freedecomp Exit - MemInfo: [/proc/self/status]	VmData:	   24512 kB
20220312 000240.019 INFO             PET1 PIOc_freedecomp Exit - MemInfo: [/proc/self/status]	VmStk:	     508 kB
20220312 000240.019 INFO             PET1 PIOc_freedecomp Exit - MemInfo: [/proc/self/status]	VmExe:	    1920 kB
20220312 000240.019 INFO             PET1 PIOc_freedecomp Exit - MemInfo: [/proc/self/status]	VmLib:	   93984 kB
20220312 000240.019 INFO             PET1 PIOc_freedecomp Exit - MemInfo: [/proc/self/status]	VmPTE:	     340 kB
20220312 000240.019 INFO             PET1 PIOc_freedecomp Exit - MemInfo: [/proc/self/status]	VmPMD:	      12 kB
20220312 000240.019 INFO             PET1 PIOc_freedecomp Exit - MemInfo: [/proc/self/status]	VmSwap:	       0 kB
20220312 000240.019 INFO             PET1 PIOc_freedecomp Exit - MemInfo: [/proc/self/status]	VmRSSPercent: 0.0300231 %
20220312 000240.019 INFO             PET1 PIOc_freedecomp Exit - MemInfo: [malloc] Non-mmapped space allocated:                  774144 Byte
20220312 000240.019 INFO             PET1 PIOc_freedecomp Exit - MemInfo: [malloc] Space allocated in mmapped regions:          2887680 Byte
20220312 000240.019 INFO             PET1 PIOc_freedecomp Exit - MemInfo: [malloc] Maximum total allocated space:                     0 Byte
20220312 000240.019 INFO             PET1 PIOc_freedecomp Exit - MemInfo: [malloc] Space in freed fastbin blocks:                   304 Byte
20220312 000240.019 INFO             PET1 PIOc_freedecomp Exit - MemInfo: [malloc] Total allocated space:                        659968 Byte
20220312 000240.019 INFO             PET1 PIOc_freedecomp Exit - MemInfo: [malloc] Total free space:                             114176 Byte
20220312 000240.019 INFO             PET1 PIOc_freedecomp Exit - MemInfo: [malloc] Top-most, releasable space:                   113104 Byte
20220312 000240.019 INFO             PET1 PIOc_freedecomp Exit - MemInfo: [malloc] Total space in use, mmap + non-mmap:         3547648 Byte
20220312 000240.019 INFO             PET1 PIOc_freedecomp Exit - MemInfo: [malloc] Total space held (mmap + non-mmap):          3661824 Byte
20220312 000240.019 INFO             PET1 PIOc_freedecomp Exit - MemInfo: [malloc] Total space used (mmap + non-mmap):          3555856 Byte
20220312 000240.019 INFO             PET1 PIOc_freedecomp Exit - MemInfo: Wall-clock time since execution start:               0.052989 seconds
20220312 000240.021 INFO             PET1 PIOc_sync Enter - MemInfo: [/proc/meminfo - SSI]	MemTotal:       65855856 kB
20220312 000240.021 INFO             PET1 PIOc_sync Enter - MemInfo: [/proc/meminfo - SSI]	MemFree:        61171160 kB
20220312 000240.021 INFO             PET1 PIOc_sync Enter - MemInfo: [/proc/meminfo - SSI]	MemAvailable:   60955396 kB
20220312 000240.021 INFO             PET1 PIOc_sync Enter - MemInfo: [/proc/meminfo - SSI]	Committed_AS:    2916924 kB
20220312 000240.021 INFO             PET1 PIOc_sync Enter - MemInfo: [/proc/meminfo - SSI]	CommittedPercent: 4.42926 %
20220312 000240.021 INFO             PET1 PIOc_sync Enter - MemInfo: [/proc/self/status]	VmPeak:	  218996 kB
20220312 000240.021 INFO             PET1 PIOc_sync Enter - MemInfo: [/proc/self/status]	VmSize:	  218972 kB
20220312 000240.021 INFO             PET1 PIOc_sync Enter - MemInfo: [/proc/self/status]	VmLck:	       0 kB
20220312 000240.021 INFO             PET1 PIOc_sync Enter - MemInfo: [/proc/self/status]	VmPin:	       0 kB
20220312 000240.021 INFO             PET1 PIOc_sync Enter - MemInfo: [/proc/self/status]	VmHWM:	   19808 kB
20220312 000240.021 INFO             PET1 PIOc_sync Enter - MemInfo: [/proc/self/status]	VmRSS:	   19792 kB
20220312 000240.021 INFO             PET1 PIOc_sync Enter - MemInfo: [/proc/self/status]	VmData:	   24512 kB
20220312 000240.021 INFO             PET1 PIOc_sync Enter - MemInfo: [/proc/self/status]	VmStk:	     508 kB
20220312 000240.021 INFO             PET1 PIOc_sync Enter - MemInfo: [/proc/self/status]	VmExe:	    1920 kB
20220312 000240.021 INFO             PET1 PIOc_sync Enter - MemInfo: [/proc/self/status]	VmLib:	   93984 kB
20220312 000240.021 INFO             PET1 PIOc_sync Enter - MemInfo: [/proc/self/status]	VmPTE:	     340 kB
20220312 000240.021 INFO             PET1 PIOc_sync Enter - MemInfo: [/proc/self/status]	VmPMD:	      12 kB
20220312 000240.021 INFO             PET1 PIOc_sync Enter - MemInfo: [/proc/self/status]	VmSwap:	       0 kB
20220312 000240.021 INFO             PET1 PIOc_sync Enter - MemInfo: [/proc/self/status]	VmRSSPercent: 0.0300535 %
20220312 000240.021 INFO             PET1 PIOc_sync Enter - MemInfo: [malloc] Non-mmapped space allocated:                  774144 Byte
20220312 000240.021 INFO             PET1 PIOc_sync Enter - MemInfo: [malloc] Space allocated in mmapped regions:          2887680 Byte
20220312 000240.021 INFO             PET1 PIOc_sync Enter - MemInfo: [malloc] Maximum total allocated space:                     0 Byte
20220312 000240.021 INFO             PET1 PIOc_sync Enter - MemInfo: [malloc] Space in freed fastbin blocks:                    48 Byte
20220312 000240.021 INFO             PET1 PIOc_sync Enter - MemInfo: [malloc] Total allocated space:                        660208 Byte
20220312 000240.021 INFO             PET1 PIOc_sync Enter - MemInfo: [malloc] Total free space:                             113936 Byte
20220312 000240.021 INFO             PET1 PIOc_sync Enter - MemInfo: [malloc] Top-most, releasable space:                   112880 Byte
20220312 000240.021 INFO             PET1 PIOc_sync Enter - MemInfo: [malloc] Total space in use, mmap + non-mmap:         3547888 Byte
20220312 000240.021 INFO             PET1 PIOc_sync Enter - MemInfo: [malloc] Total space held (mmap + non-mmap):          3661824 Byte
20220312 000240.021 INFO             PET1 PIOc_sync Enter - MemInfo: [malloc] Total space used (mmap + non-mmap):          3556096 Byte
20220312 000240.021 INFO             PET1 PIOc_sync Enter - MemInfo: Wall-clock time since execution start:              0.0551312 seconds
20220312 000240.021 INFO             PET1 PIOc_sync Exit - MemInfo: [/proc/meminfo - SSI]	MemTotal:       65855856 kB
20220312 000240.021 INFO             PET1 PIOc_sync Exit - MemInfo: [/proc/meminfo - SSI]	MemFree:        61171160 kB
20220312 000240.021 INFO             PET1 PIOc_sync Exit - MemInfo: [/proc/meminfo - SSI]	MemAvailable:   60955396 kB
20220312 000240.021 INFO             PET1 PIOc_sync Exit - MemInfo: [/proc/meminfo - SSI]	Committed_AS:    2916924 kB
20220312 000240.021 INFO             PET1 PIOc_sync Exit - MemInfo: [/proc/meminfo - SSI]	CommittedPercent: 4.42926 %
20220312 000240.021 INFO             PET1 PIOc_sync Exit - MemInfo: [/proc/self/status]	VmPeak:	  218996 kB
20220312 000240.021 INFO             PET1 PIOc_sync Exit - MemInfo: [/proc/self/status]	VmSize:	  218972 kB
20220312 000240.021 INFO             PET1 PIOc_sync Exit - MemInfo: [/proc/self/status]	VmLck:	       0 kB
20220312 000240.021 INFO             PET1 PIOc_sync Exit - MemInfo: [/proc/self/status]	VmPin:	       0 kB
20220312 000240.021 INFO             PET1 PIOc_sync Exit - MemInfo: [/proc/self/status]	VmHWM:	   19808 kB
20220312 000240.021 INFO             PET1 PIOc_sync Exit - MemInfo: [/proc/self/status]	VmRSS:	   19792 kB
20220312 000240.021 INFO             PET1 PIOc_sync Exit - MemInfo: [/proc/self/status]	VmData:	   24512 kB
20220312 000240.021 INFO             PET1 PIOc_sync Exit - MemInfo: [/proc/self/status]	VmStk:	     508 kB
20220312 000240.021 INFO             PET1 PIOc_sync Exit - MemInfo: [/proc/self/status]	VmExe:	    1920 kB
20220312 000240.021 INFO             PET1 PIOc_sync Exit - MemInfo: [/proc/self/status]	VmLib:	   93984 kB
20220312 000240.021 INFO             PET1 PIOc_sync Exit - MemInfo: [/proc/self/status]	VmPTE:	     340 kB
20220312 000240.021 INFO             PET1 PIOc_sync Exit - MemInfo: [/proc/self/status]	VmPMD:	      12 kB
20220312 000240.021 INFO             PET1 PIOc_sync Exit - MemInfo: [/proc/self/status]	VmSwap:	       0 kB
20220312 000240.021 INFO             PET1 PIOc_sync Exit - MemInfo: [/proc/self/status]	VmRSSPercent: 0.0300535 %
20220312 000240.021 INFO             PET1 PIOc_sync Exit - MemInfo: [malloc] Non-mmapped space allocated:                  774144 Byte
20220312 000240.021 INFO             PET1 PIOc_sync Exit - MemInfo: [malloc] Space allocated in mmapped regions:          2887680 Byte
20220312 000240.021 INFO             PET1 PIOc_sync Exit - MemInfo: [malloc] Maximum total allocated space:                     0 Byte
20220312 000240.021 INFO             PET1 PIOc_sync Exit - MemInfo: [malloc] Space in freed fastbin blocks:                     0 Byte
20220312 000240.021 INFO             PET1 PIOc_sync Exit - MemInfo: [malloc] Total allocated space:                        660448 Byte
20220312 000240.021 INFO             PET1 PIOc_sync Exit - MemInfo: [malloc] Total free space:                             113696 Byte
20220312 000240.021 INFO             PET1 PIOc_sync Exit - MemInfo: [malloc] Top-most, releasable space:                   112656 Byte
20220312 000240.021 INFO             PET1 PIOc_sync Exit - MemInfo: [malloc] Total space in use, mmap + non-mmap:         3548128 Byte
20220312 000240.021 INFO             PET1 PIOc_sync Exit - MemInfo: [malloc] Total space held (mmap + non-mmap):          3661824 Byte
20220312 000240.021 INFO             PET1 PIOc_sync Exit - MemInfo: [malloc] Total space used (mmap + non-mmap):          3556336 Byte
20220312 000240.021 INFO             PET1 PIOc_sync Exit - MemInfo: Wall-clock time since execution start:              0.0555091 seconds
20220312 000240.021 INFO             PET1 PIOc_freedecomp Enter - MemInfo: [/proc/meminfo - SSI]	MemTotal:       65855856 kB
20220312 000240.021 INFO             PET1 PIOc_freedecomp Enter - MemInfo: [/proc/meminfo - SSI]	MemFree:        61171160 kB
20220312 000240.021 INFO             PET1 PIOc_freedecomp Enter - MemInfo: [/proc/meminfo - SSI]	MemAvailable:   60955396 kB
20220312 000240.021 INFO             PET1 PIOc_freedecomp Enter - MemInfo: [/proc/meminfo - SSI]	Committed_AS:    2916924 kB
20220312 000240.021 INFO             PET1 PIOc_freedecomp Enter - MemInfo: [/proc/meminfo - SSI]	CommittedPercent: 4.42926 %
20220312 000240.021 INFO             PET1 PIOc_freedecomp Enter - MemInfo: [/proc/self/status]	VmPeak:	  218996 kB
20220312 000240.021 INFO             PET1 PIOc_freedecomp Enter - MemInfo: [/proc/self/status]	VmSize:	  218972 kB
20220312 000240.021 INFO             PET1 PIOc_freedecomp Enter - MemInfo: [/proc/self/status]	VmLck:	       0 kB
20220312 000240.021 INFO             PET1 PIOc_freedecomp Enter - MemInfo: [/proc/self/status]	VmPin:	       0 kB
20220312 000240.021 INFO             PET1 PIOc_freedecomp Enter - MemInfo: [/proc/self/status]	VmHWM:	   19808 kB
20220312 000240.021 INFO             PET1 PIOc_freedecomp Enter - MemInfo: [/proc/self/status]	VmRSS:	   19792 kB
20220312 000240.021 INFO             PET1 PIOc_freedecomp Enter - MemInfo: [/proc/self/status]	VmData:	   24512 kB
20220312 000240.021 INFO             PET1 PIOc_freedecomp Enter - MemInfo: [/proc/self/status]	VmStk:	     508 kB
20220312 000240.021 INFO             PET1 PIOc_freedecomp Enter - MemInfo: [/proc/self/status]	VmExe:	    1920 kB
20220312 000240.021 INFO             PET1 PIOc_freedecomp Enter - MemInfo: [/proc/self/status]	VmLib:	   93984 kB
20220312 000240.021 INFO             PET1 PIOc_freedecomp Enter - MemInfo: [/proc/self/status]	VmPTE:	     340 kB
20220312 000240.021 INFO             PET1 PIOc_freedecomp Enter - MemInfo: [/proc/self/status]	VmPMD:	      12 kB
20220312 000240.022 INFO             PET1 PIOc_freedecomp Enter - MemInfo: [/proc/self/status]	VmSwap:	       0 kB
20220312 000240.022 INFO             PET1 PIOc_freedecomp Enter - MemInfo: [/proc/self/status]	VmRSSPercent: 0.0300535 %
20220312 000240.022 INFO             PET1 PIOc_freedecomp Enter - MemInfo: [malloc] Non-mmapped space allocated:                  774144 Byte
20220312 000240.022 INFO             PET1 PIOc_freedecomp Enter - MemInfo: [malloc] Space allocated in mmapped regions:          2887680 Byte
20220312 000240.022 INFO             PET1 PIOc_freedecomp Enter - MemInfo: [malloc] Maximum total allocated space:                     0 Byte
20220312 000240.022 INFO             PET1 PIOc_freedecomp Enter - MemInfo: [malloc] Space in freed fastbin blocks:                     0 Byte
20220312 000240.022 INFO             PET1 PIOc_freedecomp Enter - MemInfo: [malloc] Total allocated space:                        660160 Byte
20220312 000240.022 INFO             PET1 PIOc_freedecomp Enter - MemInfo: [malloc] Total free space:                             113984 Byte
20220312 000240.022 INFO             PET1 PIOc_freedecomp Enter - MemInfo: [malloc] Top-most, releasable space:                   112432 Byte
20220312 000240.022 INFO             PET1 PIOc_freedecomp Enter - MemInfo: [malloc] Total space in use, mmap + non-mmap:         3547840 Byte
20220312 000240.022 INFO             PET1 PIOc_freedecomp Enter - MemInfo: [malloc] Total space held (mmap + non-mmap):          3661824 Byte
20220312 000240.022 INFO             PET1 PIOc_freedecomp Enter - MemInfo: [malloc] Total space used (mmap + non-mmap):          3556048 Byte
20220312 000240.022 INFO             PET1 PIOc_freedecomp Enter - MemInfo: Wall-clock time since execution start:              0.0559242 seconds
20220312 000240.022 INFO             PET1 PIOc_freedecomp Exit - MemInfo: [/proc/meminfo - SSI]	MemTotal:       65855856 kB
20220312 000240.022 INFO             PET1 PIOc_freedecomp Exit - MemInfo: [/proc/meminfo - SSI]	MemFree:        61171160 kB
20220312 000240.022 INFO             PET1 PIOc_freedecomp Exit - MemInfo: [/proc/meminfo - SSI]	MemAvailable:   60955396 kB
20220312 000240.022 INFO             PET1 PIOc_freedecomp Exit - MemInfo: [/proc/meminfo - SSI]	Committed_AS:    2916924 kB
20220312 000240.022 INFO             PET1 PIOc_freedecomp Exit - MemInfo: [/proc/meminfo - SSI]	CommittedPercent: 4.42926 %
20220312 000240.022 INFO             PET1 PIOc_freedecomp Exit - MemInfo: [/proc/self/status]	VmPeak:	  218996 kB
20220312 000240.022 INFO             PET1 PIOc_freedecomp Exit - MemInfo: [/proc/self/status]	VmSize:	  218972 kB
20220312 000240.022 INFO             PET1 PIOc_freedecomp Exit - MemInfo: [/proc/self/status]	VmLck:	       0 kB
20220312 000240.022 INFO             PET1 PIOc_freedecomp Exit - MemInfo: [/proc/self/status]	VmPin:	       0 kB
20220312 000240.022 INFO             PET1 PIOc_freedecomp Exit - MemInfo: [/proc/self/status]	VmHWM:	   19808 kB
20220312 000240.022 INFO             PET1 PIOc_freedecomp Exit - MemInfo: [/proc/self/status]	VmRSS:	   19792 kB
20220312 000240.022 INFO             PET1 PIOc_freedecomp Exit - MemInfo: [/proc/self/status]	VmData:	   24512 kB
20220312 000240.022 INFO             PET1 PIOc_freedecomp Exit - MemInfo: [/proc/self/status]	VmStk:	     508 kB
20220312 000240.022 INFO             PET1 PIOc_freedecomp Exit - MemInfo: [/proc/self/status]	VmExe:	    1920 kB
20220312 000240.022 INFO             PET1 PIOc_freedecomp Exit - MemInfo: [/proc/self/status]	VmLib:	   93984 kB
20220312 000240.022 INFO             PET1 PIOc_freedecomp Exit - MemInfo: [/proc/self/status]	VmPTE:	     340 kB
20220312 000240.022 INFO             PET1 PIOc_freedecomp Exit - MemInfo: [/proc/self/status]	VmPMD:	      12 kB
20220312 000240.022 INFO             PET1 PIOc_freedecomp Exit - MemInfo: [/proc/self/status]	VmSwap:	       0 kB
20220312 000240.022 INFO             PET1 PIOc_freedecomp Exit - MemInfo: [/proc/self/status]	VmRSSPercent: 0.0300535 %
20220312 000240.022 INFO             PET1 PIOc_freedecomp Exit - MemInfo: [malloc] Non-mmapped space allocated:                  774144 Byte
20220312 000240.022 INFO             PET1 PIOc_freedecomp Exit - MemInfo: [malloc] Space allocated in mmapped regions:          2887680 Byte
20220312 000240.022 INFO             PET1 PIOc_freedecomp Exit - MemInfo: [malloc] Maximum total allocated space:                     0 Byte
20220312 000240.022 INFO             PET1 PIOc_freedecomp Exit - MemInfo: [malloc] Space in freed fastbin blocks:                   480 Byte
20220312 000240.022 INFO             PET1 PIOc_freedecomp Exit - MemInfo: [malloc] Total allocated space:                        659680 Byte
20220312 000240.022 INFO             PET1 PIOc_freedecomp Exit - MemInfo: [malloc] Total free space:                             114464 Byte
20220312 000240.022 INFO             PET1 PIOc_freedecomp Exit - MemInfo: [malloc] Top-most, releasable space:                   112208 Byte
20220312 000240.022 INFO             PET1 PIOc_freedecomp Exit - MemInfo: [malloc] Total space in use, mmap + non-mmap:         3547360 Byte
20220312 000240.022 INFO             PET1 PIOc_freedecomp Exit - MemInfo: [malloc] Total space held (mmap + non-mmap):          3661824 Byte
20220312 000240.022 INFO             PET1 PIOc_freedecomp Exit - MemInfo: [malloc] Total space used (mmap + non-mmap):          3555568 Byte
20220312 000240.022 INFO             PET1 PIOc_freedecomp Exit - MemInfo: Wall-clock time since execution start:              0.0562541 seconds
20220312 000240.022 INFO             PET1  PASS  ESMF_OutputWeightFile, ESMF_IOUTest.F90, line 81
20220312 000240.044 INFO             PET1  PASS  call ESMF_OutputWeightFile with empty factor list on four PETs, ESMF_IOUTest.F90, line 191
20220312 000240.044 INFO             PET1  Ending Test, file ESMF_IOUTest.F90, line 201
20220312 000240.044 INFO             PET1 Finalizing ESMF
20220312 000239.987 INFO             PET2 !!!!!!!!!!!!!!!!!!!!!!!!!!!!!!!!!!!!!!!!!!!!!!!!!!!!!!
20220312 000239.987 INFO             PET2 !!! THE ESMF_LOG IS SET TO OUTPUT ALL LOG MESSAGES !!!
20220312 000239.987 INFO             PET2 !!!     THIS MAY CAUSE SLOWDOWN IN PERFORMANCE     !!!
20220312 000239.987 INFO             PET2 !!! FOR PRODUCTION RUNS, USE:                      !!!
20220312 000239.987 INFO             PET2 !!!                   ESMF_LOGKIND_Multi_On_Error  !!!
20220312 000239.987 INFO             PET2 !!!!!!!!!!!!!!!!!!!!!!!!!!!!!!!!!!!!!!!!!!!!!!!!!!!!!!
20220312 000239.987 INFO             PET2 Running with ESMF Version   : v8.3.0b09-96-g559b459836
20220312 000239.987 INFO             PET2 ESMF library build date/time: "Mar 11 2022" "23:40:33"
20220312 000239.987 INFO             PET2 ESMF library build location : /lustre/f2/dev/ncep/Mark.Potts/intel_2019.5_mpi_O_jedwards_pio_update2
20220312 000239.987 INFO             PET2 ESMF_COMM                   : mpi
20220312 000239.987 INFO             PET2 ESMF_MOAB                   : enabled
20220312 000239.987 INFO             PET2 ESMF_LAPACK                 : enabled
20220312 000239.987 INFO             PET2 ESMF_NETCDF                 : enabled
20220312 000239.987 INFO             PET2 ESMF_PNETCDF                : disabled
20220312 000239.987 INFO             PET2 ESMF_PIO                    : enabled
20220312 000239.987 INFO             PET2 ESMF_YAMLCPP                : enabled
20220312 000239.994 INFO             PET2  Beginning Test, file ESMF_IOUTest.F90, line 57
20220312 000239.994 INFO             PET2  NUMBER_OF_PROCESSORS           4
20220312 000239.994 INFO             PET2 Starting Test:  ESMF_OutputWeightFile
20220312 000240.011 INFO             PET2 PIOc_sync Enter - MemInfo: [/proc/meminfo - SSI]	MemTotal:       65855856 kB
20220312 000240.011 INFO             PET2 PIOc_sync Enter - MemInfo: [/proc/meminfo - SSI]	MemFree:        61168388 kB
20220312 000240.011 INFO             PET2 PIOc_sync Enter - MemInfo: [/proc/meminfo - SSI]	MemAvailable:   60952612 kB
20220312 000240.011 INFO             PET2 PIOc_sync Enter - MemInfo: [/proc/meminfo - SSI]	Committed_AS:    2916516 kB
20220312 000240.011 INFO             PET2 PIOc_sync Enter - MemInfo: [/proc/meminfo - SSI]	CommittedPercent: 4.42864 %
20220312 000240.011 INFO             PET2 PIOc_sync Enter - MemInfo: [/proc/self/status]	VmPeak:	  218996 kB
20220312 000240.011 INFO             PET2 PIOc_sync Enter - MemInfo: [/proc/self/status]	VmSize:	  218996 kB
20220312 000240.011 INFO             PET2 PIOc_sync Enter - MemInfo: [/proc/self/status]	VmLck:	       0 kB
20220312 000240.011 INFO             PET2 PIOc_sync Enter - MemInfo: [/proc/self/status]	VmPin:	       0 kB
20220312 000240.011 INFO             PET2 PIOc_sync Enter - MemInfo: [/proc/self/status]	VmHWM:	   19668 kB
20220312 000240.011 INFO             PET2 PIOc_sync Enter - MemInfo: [/proc/self/status]	VmRSS:	   19668 kB
20220312 000240.011 INFO             PET2 PIOc_sync Enter - MemInfo: [/proc/self/status]	VmData:	   24512 kB
20220312 000240.011 INFO             PET2 PIOc_sync Enter - MemInfo: [/proc/self/status]	VmStk:	     508 kB
20220312 000240.011 INFO             PET2 PIOc_sync Enter - MemInfo: [/proc/self/status]	VmExe:	    1920 kB
20220312 000240.011 INFO             PET2 PIOc_sync Enter - MemInfo: [/proc/self/status]	VmLib:	   93984 kB
20220312 000240.011 INFO             PET2 PIOc_sync Enter - MemInfo: [/proc/self/status]	VmPTE:	     336 kB
20220312 000240.011 INFO             PET2 PIOc_sync Enter - MemInfo: [/proc/self/status]	VmPMD:	      12 kB
20220312 000240.011 INFO             PET2 PIOc_sync Enter - MemInfo: [/proc/self/status]	VmSwap:	       0 kB
20220312 000240.011 INFO             PET2 PIOc_sync Enter - MemInfo: [/proc/self/status]	VmRSSPercent: 0.0298652 %
20220312 000240.011 INFO             PET2 PIOc_sync Enter - MemInfo: [malloc] Non-mmapped space allocated:                  774144 Byte
20220312 000240.011 INFO             PET2 PIOc_sync Enter - MemInfo: [malloc] Space allocated in mmapped regions:          2887680 Byte
20220312 000240.011 INFO             PET2 PIOc_sync Enter - MemInfo: [malloc] Maximum total allocated space:                     0 Byte
20220312 000240.011 INFO             PET2 PIOc_sync Enter - MemInfo: [malloc] Space in freed fastbin blocks:                     0 Byte
20220312 000240.011 INFO             PET2 PIOc_sync Enter - MemInfo: [malloc] Total allocated space:                        653904 Byte
20220312 000240.011 INFO             PET2 PIOc_sync Enter - MemInfo: [malloc] Total free space:                             120240 Byte
20220312 000240.011 INFO             PET2 PIOc_sync Enter - MemInfo: [malloc] Top-most, releasable space:                   120240 Byte
20220312 000240.011 INFO             PET2 PIOc_sync Enter - MemInfo: [malloc] Total space in use, mmap + non-mmap:         3541584 Byte
20220312 000240.011 INFO             PET2 PIOc_sync Enter - MemInfo: [malloc] Total space held (mmap + non-mmap):          3661824 Byte
20220312 000240.011 INFO             PET2 PIOc_sync Enter - MemInfo: [malloc] Total space used (mmap + non-mmap):          3551200 Byte
20220312 000240.011 INFO             PET2 PIOc_sync Enter - MemInfo: Wall-clock time since execution start:               0.046051 seconds
20220312 000240.012 INFO             PET2 PIOc_sync Exit - MemInfo: [/proc/meminfo - SSI]	MemTotal:       65855856 kB
20220312 000240.012 INFO             PET2 PIOc_sync Exit - MemInfo: [/proc/meminfo - SSI]	MemFree:        61168144 kB
20220312 000240.012 INFO             PET2 PIOc_sync Exit - MemInfo: [/proc/meminfo - SSI]	MemAvailable:   60952380 kB
20220312 000240.012 INFO             PET2 PIOc_sync Exit - MemInfo: [/proc/meminfo - SSI]	Committed_AS:    2916516 kB
20220312 000240.012 INFO             PET2 PIOc_sync Exit - MemInfo: [/proc/meminfo - SSI]	CommittedPercent: 4.42864 %
20220312 000240.012 INFO             PET2 PIOc_sync Exit - MemInfo: [/proc/self/status]	VmPeak:	  218996 kB
20220312 000240.012 INFO             PET2 PIOc_sync Exit - MemInfo: [/proc/self/status]	VmSize:	  218996 kB
20220312 000240.012 INFO             PET2 PIOc_sync Exit - MemInfo: [/proc/self/status]	VmLck:	       0 kB
20220312 000240.012 INFO             PET2 PIOc_sync Exit - MemInfo: [/proc/self/status]	VmPin:	       0 kB
20220312 000240.012 INFO             PET2 PIOc_sync Exit - MemInfo: [/proc/self/status]	VmHWM:	   19668 kB
20220312 000240.012 INFO             PET2 PIOc_sync Exit - MemInfo: [/proc/self/status]	VmRSS:	   19668 kB
20220312 000240.012 INFO             PET2 PIOc_sync Exit - MemInfo: [/proc/self/status]	VmData:	   24512 kB
20220312 000240.012 INFO             PET2 PIOc_sync Exit - MemInfo: [/proc/self/status]	VmStk:	     508 kB
20220312 000240.012 INFO             PET2 PIOc_sync Exit - MemInfo: [/proc/self/status]	VmExe:	    1920 kB
20220312 000240.012 INFO             PET2 PIOc_sync Exit - MemInfo: [/proc/self/status]	VmLib:	   93984 kB
20220312 000240.012 INFO             PET2 PIOc_sync Exit - MemInfo: [/proc/self/status]	VmPTE:	     336 kB
