build time -- 2022-03-14 00:45:12
20220314 012638.398 INFO             PET0 !!!!!!!!!!!!!!!!!!!!!!!!!!!!!!!!!!!!!!!!!!!!!!!!!!!!!!
20220314 012638.398 INFO             PET0 !!! THE ESMF_LOG IS SET TO OUTPUT ALL LOG MESSAGES !!!
20220314 012638.398 INFO             PET0 !!!     THIS MAY CAUSE SLOWDOWN IN PERFORMANCE     !!!
20220314 012638.398 INFO             PET0 !!! FOR PRODUCTION RUNS, USE:                      !!!
20220314 012638.398 INFO             PET0 !!!                   ESMF_LOGKIND_Multi_On_Error  !!!
20220314 012638.398 INFO             PET0 !!!!!!!!!!!!!!!!!!!!!!!!!!!!!!!!!!!!!!!!!!!!!!!!!!!!!!
20220314 012638.398 INFO             PET0 Running with ESMF Version   : v8.3.0b09-96-g559b459836
20220314 012638.398 INFO             PET0 ESMF library build date/time: "Mar 14 2022" "00:43:16"
20220314 012638.398 INFO             PET0 ESMF library build location : /lustre/f2/dev/ncep/Mark.Potts/intel_2019.5_mpi_O_jedwards_pio_update2
20220314 012638.398 INFO             PET0 ESMF_COMM                   : mpi
20220314 012638.399 INFO             PET0 ESMF_MOAB                   : enabled
20220314 012638.399 INFO             PET0 ESMF_LAPACK                 : enabled
20220314 012638.399 INFO             PET0 ESMF_NETCDF                 : enabled
20220314 012638.399 INFO             PET0 ESMF_PNETCDF                : disabled
20220314 012638.399 INFO             PET0 ESMF_PIO                    : enabled
20220314 012638.399 INFO             PET0 ESMF_YAMLCPP                : enabled
20220314 012638.427 INFO             PET0 PIOc_sync Enter - MemInfo: [/proc/meminfo - SSI]	MemTotal:       65855856 kB
20220314 012638.427 INFO             PET0 PIOc_sync Enter - MemInfo: [/proc/meminfo - SSI]	MemFree:        61276024 kB
20220314 012638.427 INFO             PET0 PIOc_sync Enter - MemInfo: [/proc/meminfo - SSI]	MemAvailable:   61058304 kB
20220314 012638.427 INFO             PET0 PIOc_sync Enter - MemInfo: [/proc/meminfo - SSI]	Committed_AS:    2862084 kB
20220314 012638.427 INFO             PET0 PIOc_sync Enter - MemInfo: [/proc/meminfo - SSI]	CommittedPercent: 4.34598 %
20220314 012638.427 INFO             PET0 PIOc_sync Enter - MemInfo: [/proc/self/status]	VmPeak:	  228408 kB
20220314 012638.427 INFO             PET0 PIOc_sync Enter - MemInfo: [/proc/self/status]	VmSize:	  228408 kB
20220314 012638.427 INFO             PET0 PIOc_sync Enter - MemInfo: [/proc/self/status]	VmLck:	       0 kB
20220314 012638.427 INFO             PET0 PIOc_sync Enter - MemInfo: [/proc/self/status]	VmPin:	       0 kB
20220314 012638.427 INFO             PET0 PIOc_sync Enter - MemInfo: [/proc/self/status]	VmHWM:	   29440 kB
20220314 012638.427 INFO             PET0 PIOc_sync Enter - MemInfo: [/proc/self/status]	VmRSS:	   29440 kB
20220314 012638.427 INFO             PET0 PIOc_sync Enter - MemInfo: [/proc/self/status]	VmData:	   33892 kB
20220314 012638.427 INFO             PET0 PIOc_sync Enter - MemInfo: [/proc/self/status]	VmStk:	     508 kB
20220314 012638.427 INFO             PET0 PIOc_sync Enter - MemInfo: [/proc/self/status]	VmExe:	    1952 kB
20220314 012638.427 INFO             PET0 PIOc_sync Enter - MemInfo: [/proc/self/status]	VmLib:	   93984 kB
20220314 012638.427 INFO             PET0 PIOc_sync Enter - MemInfo: [/proc/self/status]	VmPTE:	     356 kB
20220314 012638.427 INFO             PET0 PIOc_sync Enter - MemInfo: [/proc/self/status]	VmPMD:	      12 kB
20220314 012638.427 INFO             PET0 PIOc_sync Enter - MemInfo: [/proc/self/status]	VmSwap:	       0 kB
20220314 012638.427 INFO             PET0 PIOc_sync Enter - MemInfo: [/proc/self/status]	VmRSSPercent: 0.0447037 %
20220314 012638.427 INFO             PET0 PIOc_sync Enter - MemInfo: [malloc] Non-mmapped space allocated:                 1318912 Byte
20220314 012638.427 INFO             PET0 PIOc_sync Enter - MemInfo: [malloc] Space allocated in mmapped regions:         11948032 Byte
20220314 012638.427 INFO             PET0 PIOc_sync Enter - MemInfo: [malloc] Maximum total allocated space:                     0 Byte
20220314 012638.427 INFO             PET0 PIOc_sync Enter - MemInfo: [malloc] Space in freed fastbin blocks:                     0 Byte
20220314 012638.427 INFO             PET0 PIOc_sync Enter - MemInfo: [malloc] Total allocated space:                       1209424 Byte
20220314 012638.427 INFO             PET0 PIOc_sync Enter - MemInfo: [malloc] Total free space:                             109488 Byte
20220314 012638.427 INFO             PET0 PIOc_sync Enter - MemInfo: [malloc] Top-most, releasable space:                   109488 Byte
20220314 012638.427 INFO             PET0 PIOc_sync Enter - MemInfo: [malloc] Total space in use, mmap + non-mmap:        13157456 Byte
20220314 012638.427 INFO             PET0 PIOc_sync Enter - MemInfo: [malloc] Total space held (mmap + non-mmap):         13266944 Byte
20220314 012638.427 INFO             PET0 PIOc_sync Enter - MemInfo: [malloc] Total space used (mmap + non-mmap):         13167152 Byte
20220314 012638.427 INFO             PET0 PIOc_sync Enter - MemInfo: Wall-clock time since execution start:               0.050179 seconds
20220314 012639.905 INFO             PET0 PIOc_sync Exit - MemInfo: [/proc/meminfo - SSI]	MemTotal:       65855856 kB
20220314 012639.905 INFO             PET0 PIOc_sync Exit - MemInfo: [/proc/meminfo - SSI]	MemFree:        61274404 kB
20220314 012639.905 INFO             PET0 PIOc_sync Exit - MemInfo: [/proc/meminfo - SSI]	MemAvailable:   61057864 kB
20220314 012639.905 INFO             PET0 PIOc_sync Exit - MemInfo: [/proc/meminfo - SSI]	Committed_AS:    2862084 kB
20220314 012639.905 INFO             PET0 PIOc_sync Exit - MemInfo: [/proc/meminfo - SSI]	CommittedPercent: 4.34598 %
20220314 012639.905 INFO             PET0 PIOc_sync Exit - MemInfo: [/proc/self/status]	VmPeak:	  228732 kB
20220314 012639.905 INFO             PET0 PIOc_sync Exit - MemInfo: [/proc/self/status]	VmSize:	  228732 kB
20220314 012639.905 INFO             PET0 PIOc_sync Exit - MemInfo: [/proc/self/status]	VmLck:	       0 kB
20220314 012639.905 INFO             PET0 PIOc_sync Exit - MemInfo: [/proc/self/status]	VmPin:	       0 kB
20220314 012639.905 INFO             PET0 PIOc_sync Exit - MemInfo: [/proc/self/status]	VmHWM:	   29944 kB
20220314 012639.905 INFO             PET0 PIOc_sync Exit - MemInfo: [/proc/self/status]	VmRSS:	   29944 kB
20220314 012639.905 INFO             PET0 PIOc_sync Exit - MemInfo: [/proc/self/status]	VmData:	   34216 kB
20220314 012639.905 INFO             PET0 PIOc_sync Exit - MemInfo: [/proc/self/status]	VmStk:	     508 kB
20220314 012639.905 INFO             PET0 PIOc_sync Exit - MemInfo: [/proc/self/status]	VmExe:	    1952 kB
20220314 012639.905 INFO             PET0 PIOc_sync Exit - MemInfo: [/proc/self/status]	VmLib:	   93984 kB
20220314 012639.905 INFO             PET0 PIOc_sync Exit - MemInfo: [/proc/self/status]	VmPTE:	     356 kB
20220314 012639.905 INFO             PET0 PIOc_sync Exit - MemInfo: [/proc/self/status]	VmPMD:	      12 kB
20220314 012639.905 INFO             PET0 PIOc_sync Exit - MemInfo: [/proc/self/status]	VmSwap:	       0 kB
20220314 012639.905 INFO             PET0 PIOc_sync Exit - MemInfo: [/proc/self/status]	VmRSSPercent: 0.045469 %
20220314 012639.905 INFO             PET0 PIOc_sync Exit - MemInfo: [malloc] Non-mmapped space allocated:                 1318912 Byte
20220314 012639.905 INFO             PET0 PIOc_sync Exit - MemInfo: [malloc] Space allocated in mmapped regions:         12279808 Byte
20220314 012639.905 INFO             PET0 PIOc_sync Exit - MemInfo: [malloc] Maximum total allocated space:                     0 Byte
20220314 012639.905 INFO             PET0 PIOc_sync Exit - MemInfo: [malloc] Space in freed fastbin blocks:                     0 Byte
20220314 012639.905 INFO             PET0 PIOc_sync Exit - MemInfo: [malloc] Total allocated space:                       1279664 Byte
20220314 012639.905 INFO             PET0 PIOc_sync Exit - MemInfo: [malloc] Total free space:                              39248 Byte
20220314 012639.905 INFO             PET0 PIOc_sync Exit - MemInfo: [malloc] Top-most, releasable space:                    39248 Byte
20220314 012639.905 INFO             PET0 PIOc_sync Exit - MemInfo: [malloc] Total space in use, mmap + non-mmap:        13559472 Byte
20220314 012639.905 INFO             PET0 PIOc_sync Exit - MemInfo: [malloc] Total space held (mmap + non-mmap):         13598720 Byte
20220314 012639.905 INFO             PET0 PIOc_sync Exit - MemInfo: [malloc] Total space used (mmap + non-mmap):         13568048 Byte
20220314 012639.905 INFO             PET0 PIOc_sync Exit - MemInfo: Wall-clock time since execution start:                1.52783 seconds
20220314 012639.905 INFO             PET0 PIOc_freedecomp Enter - MemInfo: [/proc/meminfo - SSI]	MemTotal:       65855856 kB
20220314 012639.905 INFO             PET0 PIOc_freedecomp Enter - MemInfo: [/proc/meminfo - SSI]	MemFree:        61280956 kB
20220314 012639.905 INFO             PET0 PIOc_freedecomp Enter - MemInfo: [/proc/meminfo - SSI]	MemAvailable:   61064416 kB
20220314 012639.905 INFO             PET0 PIOc_freedecomp Enter - MemInfo: [/proc/meminfo - SSI]	Committed_AS:    2854220 kB
20220314 012639.905 INFO             PET0 PIOc_freedecomp Enter - MemInfo: [/proc/meminfo - SSI]	CommittedPercent: 4.33404 %
20220314 012639.905 INFO             PET0 PIOc_freedecomp Enter - MemInfo: [/proc/self/status]	VmPeak:	  228732 kB
20220314 012639.905 INFO             PET0 PIOc_freedecomp Enter - MemInfo: [/proc/self/status]	VmSize:	  220020 kB
20220314 012639.905 INFO             PET0 PIOc_freedecomp Enter - MemInfo: [/proc/self/status]	VmLck:	       0 kB
20220314 012639.905 INFO             PET0 PIOc_freedecomp Enter - MemInfo: [/proc/self/status]	VmPin:	       0 kB
20220314 012639.905 INFO             PET0 PIOc_freedecomp Enter - MemInfo: [/proc/self/status]	VmHWM:	   29944 kB
20220314 012639.906 INFO             PET0 PIOc_freedecomp Enter - MemInfo: [/proc/self/status]	VmRSS:	   21904 kB
20220314 012639.906 INFO             PET0 PIOc_freedecomp Enter - MemInfo: [/proc/self/status]	VmData:	   25504 kB
20220314 012639.906 INFO             PET0 PIOc_freedecomp Enter - MemInfo: [/proc/self/status]	VmStk:	     508 kB
20220314 012639.906 INFO             PET0 PIOc_freedecomp Enter - MemInfo: [/proc/self/status]	VmExe:	    1952 kB
20220314 012639.906 INFO             PET0 PIOc_freedecomp Enter - MemInfo: [/proc/self/status]	VmLib:	   93984 kB
20220314 012639.906 INFO             PET0 PIOc_freedecomp Enter - MemInfo: [/proc/self/status]	VmPTE:	     344 kB
20220314 012639.906 INFO             PET0 PIOc_freedecomp Enter - MemInfo: [/proc/self/status]	VmPMD:	      12 kB
20220314 012639.906 INFO             PET0 PIOc_freedecomp Enter - MemInfo: [/proc/self/status]	VmSwap:	       0 kB
20220314 012639.906 INFO             PET0 PIOc_freedecomp Enter - MemInfo: [/proc/self/status]	VmRSSPercent: 0.0332605 %
20220314 012639.906 INFO             PET0 PIOc_freedecomp Enter - MemInfo: [malloc] Non-mmapped space allocated:                 1318912 Byte
20220314 012639.906 INFO             PET0 PIOc_freedecomp Enter - MemInfo: [malloc] Space allocated in mmapped regions:          3358720 Byte
20220314 012639.906 INFO             PET0 PIOc_freedecomp Enter - MemInfo: [malloc] Maximum total allocated space:                     0 Byte
20220314 012639.906 INFO             PET0 PIOc_freedecomp Enter - MemInfo: [malloc] Space in freed fastbin blocks:                   288 Byte
20220314 012639.906 INFO             PET0 PIOc_freedecomp Enter - MemInfo: [malloc] Total allocated space:                       1269616 Byte
20220314 012639.906 INFO             PET0 PIOc_freedecomp Enter - MemInfo: [malloc] Total free space:                              49296 Byte
20220314 012639.906 INFO             PET0 PIOc_freedecomp Enter - MemInfo: [malloc] Top-most, releasable space:                    38512 Byte
20220314 012639.906 INFO             PET0 PIOc_freedecomp Enter - MemInfo: [malloc] Total space in use, mmap + non-mmap:         4628336 Byte
20220314 012639.906 INFO             PET0 PIOc_freedecomp Enter - MemInfo: [malloc] Total space held (mmap + non-mmap):          4677632 Byte
20220314 012639.906 INFO             PET0 PIOc_freedecomp Enter - MemInfo: [malloc] Total space used (mmap + non-mmap):          4636880 Byte
20220314 012639.906 INFO             PET0 PIOc_freedecomp Enter - MemInfo: Wall-clock time since execution start:                1.52851 seconds
20220314 012639.906 INFO             PET0 PIOc_freedecomp Exit - MemInfo: [/proc/meminfo - SSI]	MemTotal:       65855856 kB
20220314 012639.906 INFO             PET0 PIOc_freedecomp Exit - MemInfo: [/proc/meminfo - SSI]	MemFree:        61280956 kB
20220314 012639.906 INFO             PET0 PIOc_freedecomp Exit - MemInfo: [/proc/meminfo - SSI]	MemAvailable:   61064416 kB
20220314 012639.906 INFO             PET0 PIOc_freedecomp Exit - MemInfo: [/proc/meminfo - SSI]	Committed_AS:    2854220 kB
20220314 012639.906 INFO             PET0 PIOc_freedecomp Exit - MemInfo: [/proc/meminfo - SSI]	CommittedPercent: 4.33404 %
20220314 012639.906 INFO             PET0 PIOc_freedecomp Exit - MemInfo: [/proc/self/status]	VmPeak:	  228732 kB
20220314 012639.906 INFO             PET0 PIOc_freedecomp Exit - MemInfo: [/proc/self/status]	VmSize:	  220020 kB
20220314 012639.906 INFO             PET0 PIOc_freedecomp Exit - MemInfo: [/proc/self/status]	VmLck:	       0 kB
20220314 012639.906 INFO             PET0 PIOc_freedecomp Exit - MemInfo: [/proc/self/status]	VmPin:	       0 kB
20220314 012639.906 INFO             PET0 PIOc_freedecomp Exit - MemInfo: [/proc/self/status]	VmHWM:	   29944 kB
20220314 012639.906 INFO             PET0 PIOc_freedecomp Exit - MemInfo: [/proc/self/status]	VmRSS:	   21904 kB
20220314 012639.906 INFO             PET0 PIOc_freedecomp Exit - MemInfo: [/proc/self/status]	VmData:	   25504 kB
20220314 012639.906 INFO             PET0 PIOc_freedecomp Exit - MemInfo: [/proc/self/status]	VmStk:	     508 kB
20220314 012639.906 INFO             PET0 PIOc_freedecomp Exit - MemInfo: [/proc/self/status]	VmExe:	    1952 kB
20220314 012639.906 INFO             PET0 PIOc_freedecomp Exit - MemInfo: [/proc/self/status]	VmLib:	   93984 kB
20220314 012639.906 INFO             PET0 PIOc_freedecomp Exit - MemInfo: [/proc/self/status]	VmPTE:	     344 kB
20220314 012639.906 INFO             PET0 PIOc_freedecomp Exit - MemInfo: [/proc/self/status]	VmPMD:	      12 kB
20220314 012639.906 INFO             PET0 PIOc_freedecomp Exit - MemInfo: [/proc/self/status]	VmSwap:	       0 kB
20220314 012639.906 INFO             PET0 PIOc_freedecomp Exit - MemInfo: [/proc/self/status]	VmRSSPercent: 0.0332605 %
20220314 012639.906 INFO             PET0 PIOc_freedecomp Exit - MemInfo: [malloc] Non-mmapped space allocated:                 1318912 Byte
20220314 012639.906 INFO             PET0 PIOc_freedecomp Exit - MemInfo: [malloc] Space allocated in mmapped regions:          3358720 Byte
20220314 012639.906 INFO             PET0 PIOc_freedecomp Exit - MemInfo: [malloc] Maximum total allocated space:                     0 Byte
20220314 012639.906 INFO             PET0 PIOc_freedecomp Exit - MemInfo: [malloc] Space in freed fastbin blocks:                   688 Byte
20220314 012639.906 INFO             PET0 PIOc_freedecomp Exit - MemInfo: [malloc] Total allocated space:                       1269600 Byte
20220314 012639.906 INFO             PET0 PIOc_freedecomp Exit - MemInfo: [malloc] Total free space:                              49312 Byte
20220314 012639.906 INFO             PET0 PIOc_freedecomp Exit - MemInfo: [malloc] Top-most, releasable space:                    38512 Byte
20220314 012639.906 INFO             PET0 PIOc_freedecomp Exit - MemInfo: [malloc] Total space in use, mmap + non-mmap:         4628320 Byte
20220314 012639.906 INFO             PET0 PIOc_freedecomp Exit - MemInfo: [malloc] Total space held (mmap + non-mmap):          4677632 Byte
20220314 012639.906 INFO             PET0 PIOc_freedecomp Exit - MemInfo: [malloc] Total space used (mmap + non-mmap):          4636528 Byte
20220314 012639.906 INFO             PET0 PIOc_freedecomp Exit - MemInfo: Wall-clock time since execution start:                1.52876 seconds
20220314 012639.909 INFO             PET0 PIOc_sync Enter - MemInfo: [/proc/meminfo - SSI]	MemTotal:       65855856 kB
20220314 012639.909 INFO             PET0 PIOc_sync Enter - MemInfo: [/proc/meminfo - SSI]	MemFree:        61278436 kB
20220314 012639.909 INFO             PET0 PIOc_sync Enter - MemInfo: [/proc/meminfo - SSI]	MemAvailable:   61061896 kB
20220314 012639.909 INFO             PET0 PIOc_sync Enter - MemInfo: [/proc/meminfo - SSI]	Committed_AS:    2862500 kB
20220314 012639.909 INFO             PET0 PIOc_sync Enter - MemInfo: [/proc/meminfo - SSI]	CommittedPercent: 4.34661 %
20220314 012639.909 INFO             PET0 PIOc_sync Enter - MemInfo: [/proc/self/status]	VmPeak:	  228816 kB
20220314 012639.909 INFO             PET0 PIOc_sync Enter - MemInfo: [/proc/self/status]	VmSize:	  228816 kB
20220314 012639.909 INFO             PET0 PIOc_sync Enter - MemInfo: [/proc/self/status]	VmLck:	       0 kB
20220314 012639.909 INFO             PET0 PIOc_sync Enter - MemInfo: [/proc/self/status]	VmPin:	       0 kB
20220314 012639.909 INFO             PET0 PIOc_sync Enter - MemInfo: [/proc/self/status]	VmHWM:	   29944 kB
20220314 012639.910 INFO             PET0 PIOc_sync Enter - MemInfo: [/proc/self/status]	VmRSS:	   25828 kB
20220314 012639.910 INFO             PET0 PIOc_sync Enter - MemInfo: [/proc/self/status]	VmData:	   34300 kB
20220314 012639.910 INFO             PET0 PIOc_sync Enter - MemInfo: [/proc/self/status]	VmStk:	     508 kB
20220314 012639.910 INFO             PET0 PIOc_sync Enter - MemInfo: [/proc/self/status]	VmExe:	    1952 kB
20220314 012639.910 INFO             PET0 PIOc_sync Enter - MemInfo: [/proc/self/status]	VmLib:	   93984 kB
20220314 012639.910 INFO             PET0 PIOc_sync Enter - MemInfo: [/proc/self/status]	VmPTE:	     360 kB
20220314 012639.910 INFO             PET0 PIOc_sync Enter - MemInfo: [/proc/self/status]	VmPMD:	      12 kB
20220314 012639.910 INFO             PET0 PIOc_sync Enter - MemInfo: [/proc/self/status]	VmSwap:	       0 kB
20220314 012639.910 INFO             PET0 PIOc_sync Enter - MemInfo: [/proc/self/status]	VmRSSPercent: 0.039219 %
20220314 012639.910 INFO             PET0 PIOc_sync Enter - MemInfo: [malloc] Non-mmapped space allocated:                10326016 Byte
20220314 012639.910 INFO             PET0 PIOc_sync Enter - MemInfo: [malloc] Space allocated in mmapped regions:          3358720 Byte
20220314 012639.910 INFO             PET0 PIOc_sync Enter - MemInfo: [malloc] Maximum total allocated space:                     0 Byte
20220314 012639.910 INFO             PET0 PIOc_sync Enter - MemInfo: [malloc] Space in freed fastbin blocks:                   256 Byte
20220314 012639.910 INFO             PET0 PIOc_sync Enter - MemInfo: [malloc] Total allocated space:                      10196608 Byte
20220314 012639.910 INFO             PET0 PIOc_sync Enter - MemInfo: [malloc] Total free space:                             129408 Byte
20220314 012639.910 INFO             PET0 PIOc_sync Enter - MemInfo: [malloc] Top-most, releasable space:                   127440 Byte
20220314 012639.910 INFO             PET0 PIOc_sync Enter - MemInfo: [malloc] Total space in use, mmap + non-mmap:        13555328 Byte
20220314 012639.910 INFO             PET0 PIOc_sync Enter - MemInfo: [malloc] Total space held (mmap + non-mmap):         13684736 Byte
20220314 012639.910 INFO             PET0 PIOc_sync Enter - MemInfo: [malloc] Total space used (mmap + non-mmap):         13563648 Byte
20220314 012639.910 INFO             PET0 PIOc_sync Enter - MemInfo: Wall-clock time since execution start:                1.53257 seconds
20220314 012639.910 INFO             PET0 PIOc_sync Exit - MemInfo: [/proc/meminfo - SSI]	MemTotal:       65855856 kB
20220314 012639.910 INFO             PET0 PIOc_sync Exit - MemInfo: [/proc/meminfo - SSI]	MemFree:        61278436 kB
20220314 012639.910 INFO             PET0 PIOc_sync Exit - MemInfo: [/proc/meminfo - SSI]	MemAvailable:   61061896 kB
20220314 012639.910 INFO             PET0 PIOc_sync Exit - MemInfo: [/proc/meminfo - SSI]	Committed_AS:    2862500 kB
20220314 012639.910 INFO             PET0 PIOc_sync Exit - MemInfo: [/proc/meminfo - SSI]	CommittedPercent: 4.34661 %
20220314 012639.910 INFO             PET0 PIOc_sync Exit - MemInfo: [/proc/self/status]	VmPeak:	  228816 kB
20220314 012639.910 INFO             PET0 PIOc_sync Exit - MemInfo: [/proc/self/status]	VmSize:	  228816 kB
20220314 012639.910 INFO             PET0 PIOc_sync Exit - MemInfo: [/proc/self/status]	VmLck:	       0 kB
20220314 012639.910 INFO             PET0 PIOc_sync Exit - MemInfo: [/proc/self/status]	VmPin:	       0 kB
20220314 012639.910 INFO             PET0 PIOc_sync Exit - MemInfo: [/proc/self/status]	VmHWM:	   29944 kB
20220314 012639.910 INFO             PET0 PIOc_sync Exit - MemInfo: [/proc/self/status]	VmRSS:	   25828 kB
20220314 012639.910 INFO             PET0 PIOc_sync Exit - MemInfo: [/proc/self/status]	VmData:	   34300 kB
20220314 012639.910 INFO             PET0 PIOc_sync Exit - MemInfo: [/proc/self/status]	VmStk:	     508 kB
20220314 012639.910 INFO             PET0 PIOc_sync Exit - MemInfo: [/proc/self/status]	VmExe:	    1952 kB
20220314 012639.910 INFO             PET0 PIOc_sync Exit - MemInfo: [/proc/self/status]	VmLib:	   93984 kB
20220314 012639.910 INFO             PET0 PIOc_sync Exit - MemInfo: [/proc/self/status]	VmPTE:	     360 kB
20220314 012639.910 INFO             PET0 PIOc_sync Exit - MemInfo: [/proc/self/status]	VmPMD:	      12 kB
20220314 012639.910 INFO             PET0 PIOc_sync Exit - MemInfo: [/proc/self/status]	VmSwap:	       0 kB
20220314 012639.910 INFO             PET0 PIOc_sync Exit - MemInfo: [/proc/self/status]	VmRSSPercent: 0.039219 %
20220314 012639.910 INFO             PET0 PIOc_sync Exit - MemInfo: [malloc] Non-mmapped space allocated:                10326016 Byte
20220314 012639.910 INFO             PET0 PIOc_sync Exit - MemInfo: [malloc] Space allocated in mmapped regions:          3358720 Byte
20220314 012639.910 INFO             PET0 PIOc_sync Exit - MemInfo: [malloc] Maximum total allocated space:                     0 Byte
20220314 012639.910 INFO             PET0 PIOc_sync Exit - MemInfo: [malloc] Space in freed fastbin blocks:                     0 Byte
20220314 012639.910 INFO             PET0 PIOc_sync Exit - MemInfo: [malloc] Total allocated space:                      10197760 Byte
20220314 012639.910 INFO             PET0 PIOc_sync Exit - MemInfo: [malloc] Total free space:                             128256 Byte
20220314 012639.910 INFO             PET0 PIOc_sync Exit - MemInfo: [malloc] Top-most, releasable space:                   127216 Byte
20220314 012639.910 INFO             PET0 PIOc_sync Exit - MemInfo: [malloc] Total space in use, mmap + non-mmap:        13556480 Byte
20220314 012639.910 INFO             PET0 PIOc_sync Exit - MemInfo: [malloc] Total space held (mmap + non-mmap):         13684736 Byte
20220314 012639.910 INFO             PET0 PIOc_sync Exit - MemInfo: [malloc] Total space used (mmap + non-mmap):         13564800 Byte
20220314 012639.910 INFO             PET0 PIOc_sync Exit - MemInfo: Wall-clock time since execution start:                1.53288 seconds
20220314 012639.910 INFO             PET0 PIOc_freedecomp Enter - MemInfo: [/proc/meminfo - SSI]	MemTotal:       65855856 kB
20220314 012639.910 INFO             PET0 PIOc_freedecomp Enter - MemInfo: [/proc/meminfo - SSI]	MemFree:        61278436 kB
20220314 012639.910 INFO             PET0 PIOc_freedecomp Enter - MemInfo: [/proc/meminfo - SSI]	MemAvailable:   61061896 kB
20220314 012639.910 INFO             PET0 PIOc_freedecomp Enter - MemInfo: [/proc/meminfo - SSI]	Committed_AS:    2862500 kB
20220314 012639.910 INFO             PET0 PIOc_freedecomp Enter - MemInfo: [/proc/meminfo - SSI]	CommittedPercent: 4.34661 %
20220314 012639.910 INFO             PET0 PIOc_freedecomp Enter - MemInfo: [/proc/self/status]	VmPeak:	  228816 kB
20220314 012639.910 INFO             PET0 PIOc_freedecomp Enter - MemInfo: [/proc/self/status]	VmSize:	  228816 kB
20220314 012639.910 INFO             PET0 PIOc_freedecomp Enter - MemInfo: [/proc/self/status]	VmLck:	       0 kB
20220314 012639.910 INFO             PET0 PIOc_freedecomp Enter - MemInfo: [/proc/self/status]	VmPin:	       0 kB
20220314 012639.910 INFO             PET0 PIOc_freedecomp Enter - MemInfo: [/proc/self/status]	VmHWM:	   29944 kB
20220314 012639.910 INFO             PET0 PIOc_freedecomp Enter - MemInfo: [/proc/self/status]	VmRSS:	   25828 kB
20220314 012639.910 INFO             PET0 PIOc_freedecomp Enter - MemInfo: [/proc/self/status]	VmData:	   34300 kB
20220314 012639.910 INFO             PET0 PIOc_freedecomp Enter - MemInfo: [/proc/self/status]	VmStk:	     508 kB
20220314 012639.910 INFO             PET0 PIOc_freedecomp Enter - MemInfo: [/proc/self/status]	VmExe:	    1952 kB
20220314 012639.910 INFO             PET0 PIOc_freedecomp Enter - MemInfo: [/proc/self/status]	VmLib:	   93984 kB
20220314 012639.910 INFO             PET0 PIOc_freedecomp Enter - MemInfo: [/proc/self/status]	VmPTE:	     360 kB
20220314 012639.910 INFO             PET0 PIOc_freedecomp Enter - MemInfo: [/proc/self/status]	VmPMD:	      12 kB
20220314 012639.910 INFO             PET0 PIOc_freedecomp Enter - MemInfo: [/proc/self/status]	VmSwap:	       0 kB
20220314 012639.910 INFO             PET0 PIOc_freedecomp Enter - MemInfo: [/proc/self/status]	VmRSSPercent: 0.039219 %
20220314 012639.910 INFO             PET0 PIOc_freedecomp Enter - MemInfo: [malloc] Non-mmapped space allocated:                10326016 Byte
20220314 012639.910 INFO             PET0 PIOc_freedecomp Enter - MemInfo: [malloc] Space allocated in mmapped regions:          3358720 Byte
20220314 012639.910 INFO             PET0 PIOc_freedecomp Enter - MemInfo: [malloc] Maximum total allocated space:                     0 Byte
20220314 012639.910 INFO             PET0 PIOc_freedecomp Enter - MemInfo: [malloc] Space in freed fastbin blocks:                   112 Byte
20220314 012639.910 INFO             PET0 PIOc_freedecomp Enter - MemInfo: [malloc] Total allocated space:                       1273776 Byte
20220314 012639.910 INFO             PET0 PIOc_freedecomp Enter - MemInfo: [malloc] Total free space:                            9052240 Byte
20220314 012639.910 INFO             PET0 PIOc_freedecomp Enter - MemInfo: [malloc] Top-most, releasable space:                   126992 Byte
20220314 012639.910 INFO             PET0 PIOc_freedecomp Enter - MemInfo: [malloc] Total space in use, mmap + non-mmap:         4632496 Byte
20220314 012639.910 INFO             PET0 PIOc_freedecomp Enter - MemInfo: [malloc] Total space held (mmap + non-mmap):         13684736 Byte
20220314 012639.910 INFO             PET0 PIOc_freedecomp Enter - MemInfo: [malloc] Total space used (mmap + non-mmap):          4640704 Byte
20220314 012639.910 INFO             PET0 PIOc_freedecomp Enter - MemInfo: Wall-clock time since execution start:                1.53327 seconds
20220314 012639.910 INFO             PET0 PIOc_freedecomp Exit - MemInfo: [/proc/meminfo - SSI]	MemTotal:       65855856 kB
20220314 012639.910 INFO             PET0 PIOc_freedecomp Exit - MemInfo: [/proc/meminfo - SSI]	MemFree:        61278436 kB
20220314 012639.910 INFO             PET0 PIOc_freedecomp Exit - MemInfo: [/proc/meminfo - SSI]	MemAvailable:   61061896 kB
20220314 012639.910 INFO             PET0 PIOc_freedecomp Exit - MemInfo: [/proc/meminfo - SSI]	Committed_AS:    2862500 kB
20220314 012639.910 INFO             PET0 PIOc_freedecomp Exit - MemInfo: [/proc/meminfo - SSI]	CommittedPercent: 4.34661 %
20220314 012639.910 INFO             PET0 PIOc_freedecomp Exit - MemInfo: [/proc/self/status]	VmPeak:	  228816 kB
20220314 012639.910 INFO             PET0 PIOc_freedecomp Exit - MemInfo: [/proc/self/status]	VmSize:	  228816 kB
20220314 012639.910 INFO             PET0 PIOc_freedecomp Exit - MemInfo: [/proc/self/status]	VmLck:	       0 kB
20220314 012639.910 INFO             PET0 PIOc_freedecomp Exit - MemInfo: [/proc/self/status]	VmPin:	       0 kB
20220314 012639.910 INFO             PET0 PIOc_freedecomp Exit - MemInfo: [/proc/self/status]	VmHWM:	   29944 kB
20220314 012639.910 INFO             PET0 PIOc_freedecomp Exit - MemInfo: [/proc/self/status]	VmRSS:	   25828 kB
20220314 012639.911 INFO             PET0 PIOc_freedecomp Exit - MemInfo: [/proc/self/status]	VmData:	   34300 kB
20220314 012639.911 INFO             PET0 PIOc_freedecomp Exit - MemInfo: [/proc/self/status]	VmStk:	     508 kB
20220314 012639.911 INFO             PET0 PIOc_freedecomp Exit - MemInfo: [/proc/self/status]	VmExe:	    1952 kB
20220314 012639.911 INFO             PET0 PIOc_freedecomp Exit - MemInfo: [/proc/self/status]	VmLib:	   93984 kB
20220314 012639.911 INFO             PET0 PIOc_freedecomp Exit - MemInfo: [/proc/self/status]	VmPTE:	     360 kB
20220314 012639.911 INFO             PET0 PIOc_freedecomp Exit - MemInfo: [/proc/self/status]	VmPMD:	      12 kB
20220314 012639.911 INFO             PET0 PIOc_freedecomp Exit - MemInfo: [/proc/self/status]	VmSwap:	       0 kB
20220314 012639.911 INFO             PET0 PIOc_freedecomp Exit - MemInfo: [/proc/self/status]	VmRSSPercent: 0.039219 %
20220314 012639.911 INFO             PET0 PIOc_freedecomp Exit - MemInfo: [malloc] Non-mmapped space allocated:                10326016 Byte
20220314 012639.911 INFO             PET0 PIOc_freedecomp Exit - MemInfo: [malloc] Space allocated in mmapped regions:          3358720 Byte
20220314 012639.911 INFO             PET0 PIOc_freedecomp Exit - MemInfo: [malloc] Maximum total allocated space:                     0 Byte
20220314 012639.911 INFO             PET0 PIOc_freedecomp Exit - MemInfo: [malloc] Space in freed fastbin blocks:                  1264 Byte
20220314 012639.911 INFO             PET0 PIOc_freedecomp Exit - MemInfo: [malloc] Total allocated space:                       1272368 Byte
20220314 012639.911 INFO             PET0 PIOc_freedecomp Exit - MemInfo: [malloc] Total free space:                            9053648 Byte
20220314 012639.911 INFO             PET0 PIOc_freedecomp Exit - MemInfo: [malloc] Top-most, releasable space:                   126992 Byte
20220314 012639.911 INFO             PET0 PIOc_freedecomp Exit - MemInfo: [malloc] Total space in use, mmap + non-mmap:         4631088 Byte
20220314 012639.911 INFO             PET0 PIOc_freedecomp Exit - MemInfo: [malloc] Total space held (mmap + non-mmap):         13684736 Byte
20220314 012639.911 INFO             PET0 PIOc_freedecomp Exit - MemInfo: [malloc] Total space used (mmap + non-mmap):          4639296 Byte
20220314 012639.911 INFO             PET0 PIOc_freedecomp Exit - MemInfo: Wall-clock time since execution start:                1.53352 seconds
20220314 012639.912 INFO             PET0 PIOc_sync Enter - MemInfo: [/proc/meminfo - SSI]	MemTotal:       65855856 kB
20220314 012639.912 INFO             PET0 PIOc_sync Enter - MemInfo: [/proc/meminfo - SSI]	MemFree:        61277932 kB
20220314 012639.912 INFO             PET0 PIOc_sync Enter - MemInfo: [/proc/meminfo - SSI]	MemAvailable:   61061392 kB
20220314 012639.912 INFO             PET0 PIOc_sync Enter - MemInfo: [/proc/meminfo - SSI]	Committed_AS:    2862500 kB
20220314 012639.913 INFO             PET0 PIOc_sync Enter - MemInfo: [/proc/meminfo - SSI]	CommittedPercent: 4.34661 %
20220314 012639.913 INFO             PET0 PIOc_sync Enter - MemInfo: [/proc/self/status]	VmPeak:	  228816 kB
20220314 012639.913 INFO             PET0 PIOc_sync Enter - MemInfo: [/proc/self/status]	VmSize:	  228792 kB
20220314 012639.913 INFO             PET0 PIOc_sync Enter - MemInfo: [/proc/self/status]	VmLck:	       0 kB
20220314 012639.913 INFO             PET0 PIOc_sync Enter - MemInfo: [/proc/self/status]	VmPin:	       0 kB
20220314 012639.913 INFO             PET0 PIOc_sync Enter - MemInfo: [/proc/self/status]	VmHWM:	   29944 kB
20220314 012639.913 INFO             PET0 PIOc_sync Enter - MemInfo: [/proc/self/status]	VmRSS:	   26308 kB
20220314 012639.913 INFO             PET0 PIOc_sync Enter - MemInfo: [/proc/self/status]	VmData:	   34300 kB
20220314 012639.913 INFO             PET0 PIOc_sync Enter - MemInfo: [/proc/self/status]	VmStk:	     508 kB
20220314 012639.913 INFO             PET0 PIOc_sync Enter - MemInfo: [/proc/self/status]	VmExe:	    1952 kB
20220314 012639.913 INFO             PET0 PIOc_sync Enter - MemInfo: [/proc/self/status]	VmLib:	   93984 kB
20220314 012639.913 INFO             PET0 PIOc_sync Enter - MemInfo: [/proc/self/status]	VmPTE:	     360 kB
20220314 012639.913 INFO             PET0 PIOc_sync Enter - MemInfo: [/proc/self/status]	VmPMD:	      12 kB
20220314 012639.913 INFO             PET0 PIOc_sync Enter - MemInfo: [/proc/self/status]	VmSwap:	       0 kB
20220314 012639.913 INFO             PET0 PIOc_sync Enter - MemInfo: [/proc/self/status]	VmRSSPercent: 0.0399479 %
20220314 012639.913 INFO             PET0 PIOc_sync Enter - MemInfo: [malloc] Non-mmapped space allocated:                10326016 Byte
20220314 012639.913 INFO             PET0 PIOc_sync Enter - MemInfo: [malloc] Space allocated in mmapped regions:          3358720 Byte
20220314 012639.913 INFO             PET0 PIOc_sync Enter - MemInfo: [malloc] Maximum total allocated space:                     0 Byte
20220314 012639.913 INFO             PET0 PIOc_sync Enter - MemInfo: [malloc] Space in freed fastbin blocks:                   736 Byte
20220314 012639.913 INFO             PET0 PIOc_sync Enter - MemInfo: [malloc] Total allocated space:                      10198928 Byte
20220314 012639.913 INFO             PET0 PIOc_sync Enter - MemInfo: [malloc] Total free space:                             127088 Byte
20220314 012639.913 INFO             PET0 PIOc_sync Enter - MemInfo: [malloc] Top-most, releasable space:                   121744 Byte
20220314 012639.913 INFO             PET0 PIOc_sync Enter - MemInfo: [malloc] Total space in use, mmap + non-mmap:        13557648 Byte
20220314 012639.913 INFO             PET0 PIOc_sync Enter - MemInfo: [malloc] Total space held (mmap + non-mmap):         13684736 Byte
20220314 012639.913 INFO             PET0 PIOc_sync Enter - MemInfo: [malloc] Total space used (mmap + non-mmap):         13565856 Byte
20220314 012639.913 INFO             PET0 PIOc_sync Enter - MemInfo: Wall-clock time since execution start:                1.53561 seconds
20220314 012639.913 INFO             PET0 PIOc_sync Exit - MemInfo: [/proc/meminfo - SSI]	MemTotal:       65855856 kB
20220314 012639.913 INFO             PET0 PIOc_sync Exit - MemInfo: [/proc/meminfo - SSI]	MemFree:        61277932 kB
20220314 012639.913 INFO             PET0 PIOc_sync Exit - MemInfo: [/proc/meminfo - SSI]	MemAvailable:   61061392 kB
20220314 012639.913 INFO             PET0 PIOc_sync Exit - MemInfo: [/proc/meminfo - SSI]	Committed_AS:    2862500 kB
20220314 012639.913 INFO             PET0 PIOc_sync Exit - MemInfo: [/proc/meminfo - SSI]	CommittedPercent: 4.34661 %
20220314 012639.913 INFO             PET0 PIOc_sync Exit - MemInfo: [/proc/self/status]	VmPeak:	  228816 kB
20220314 012639.913 INFO             PET0 PIOc_sync Exit - MemInfo: [/proc/self/status]	VmSize:	  228792 kB
20220314 012639.913 INFO             PET0 PIOc_sync Exit - MemInfo: [/proc/self/status]	VmLck:	       0 kB
20220314 012639.913 INFO             PET0 PIOc_sync Exit - MemInfo: [/proc/self/status]	VmPin:	       0 kB
20220314 012639.913 INFO             PET0 PIOc_sync Exit - MemInfo: [/proc/self/status]	VmHWM:	   29944 kB
20220314 012639.913 INFO             PET0 PIOc_sync Exit - MemInfo: [/proc/self/status]	VmRSS:	   26308 kB
20220314 012639.913 INFO             PET0 PIOc_sync Exit - MemInfo: [/proc/self/status]	VmData:	   34300 kB
20220314 012639.913 INFO             PET0 PIOc_sync Exit - MemInfo: [/proc/self/status]	VmStk:	     508 kB
20220314 012639.913 INFO             PET0 PIOc_sync Exit - MemInfo: [/proc/self/status]	VmExe:	    1952 kB
20220314 012639.913 INFO             PET0 PIOc_sync Exit - MemInfo: [/proc/self/status]	VmLib:	   93984 kB
20220314 012639.913 INFO             PET0 PIOc_sync Exit - MemInfo: [/proc/self/status]	VmPTE:	     360 kB
20220314 012639.913 INFO             PET0 PIOc_sync Exit - MemInfo: [/proc/self/status]	VmPMD:	      12 kB
20220314 012639.913 INFO             PET0 PIOc_sync Exit - MemInfo: [/proc/self/status]	VmSwap:	       0 kB
20220314 012639.913 INFO             PET0 PIOc_sync Exit - MemInfo: [/proc/self/status]	VmRSSPercent: 0.0399479 %
20220314 012639.913 INFO             PET0 PIOc_sync Exit - MemInfo: [malloc] Non-mmapped space allocated:                10326016 Byte
20220314 012639.913 INFO             PET0 PIOc_sync Exit - MemInfo: [malloc] Space allocated in mmapped regions:          3358720 Byte
20220314 012639.913 INFO             PET0 PIOc_sync Exit - MemInfo: [malloc] Maximum total allocated space:                     0 Byte
20220314 012639.913 INFO             PET0 PIOc_sync Exit - MemInfo: [malloc] Space in freed fastbin blocks:                    32 Byte
20220314 012639.913 INFO             PET0 PIOc_sync Exit - MemInfo: [malloc] Total allocated space:                      10199584 Byte
20220314 012639.913 INFO             PET0 PIOc_sync Exit - MemInfo: [malloc] Total free space:                             126432 Byte
20220314 012639.913 INFO             PET0 PIOc_sync Exit - MemInfo: [malloc] Top-most, releasable space:                   121520 Byte
20220314 012639.913 INFO             PET0 PIOc_sync Exit - MemInfo: [malloc] Total space in use, mmap + non-mmap:        13558304 Byte
20220314 012639.913 INFO             PET0 PIOc_sync Exit - MemInfo: [malloc] Total space held (mmap + non-mmap):         13684736 Byte
20220314 012639.913 INFO             PET0 PIOc_sync Exit - MemInfo: [malloc] Total space used (mmap + non-mmap):         13566624 Byte
20220314 012639.913 INFO             PET0 PIOc_sync Exit - MemInfo: Wall-clock time since execution start:                1.53588 seconds
20220314 012639.913 INFO             PET0 PIOc_freedecomp Enter - MemInfo: [/proc/meminfo - SSI]	MemTotal:       65855856 kB
20220314 012639.913 INFO             PET0 PIOc_freedecomp Enter - MemInfo: [/proc/meminfo - SSI]	MemFree:        61277932 kB
20220314 012639.913 INFO             PET0 PIOc_freedecomp Enter - MemInfo: [/proc/meminfo - SSI]	MemAvailable:   61061392 kB
20220314 012639.913 INFO             PET0 PIOc_freedecomp Enter - MemInfo: [/proc/meminfo - SSI]	Committed_AS:    2862500 kB
20220314 012639.913 INFO             PET0 PIOc_freedecomp Enter - MemInfo: [/proc/meminfo - SSI]	CommittedPercent: 4.34661 %
20220314 012639.913 INFO             PET0 PIOc_freedecomp Enter - MemInfo: [/proc/self/status]	VmPeak:	  228816 kB
20220314 012639.913 INFO             PET0 PIOc_freedecomp Enter - MemInfo: [/proc/self/status]	VmSize:	  228792 kB
20220314 012639.913 INFO             PET0 PIOc_freedecomp Enter - MemInfo: [/proc/self/status]	VmLck:	       0 kB
20220314 012639.913 INFO             PET0 PIOc_freedecomp Enter - MemInfo: [/proc/self/status]	VmPin:	       0 kB
20220314 012639.913 INFO             PET0 PIOc_freedecomp Enter - MemInfo: [/proc/self/status]	VmHWM:	   29944 kB
20220314 012639.913 INFO             PET0 PIOc_freedecomp Enter - MemInfo: [/proc/self/status]	VmRSS:	   26308 kB
20220314 012639.913 INFO             PET0 PIOc_freedecomp Enter - MemInfo: [/proc/self/status]	VmData:	   34300 kB
20220314 012639.913 INFO             PET0 PIOc_freedecomp Enter - MemInfo: [/proc/self/status]	VmStk:	     508 kB
20220314 012639.913 INFO             PET0 PIOc_freedecomp Enter - MemInfo: [/proc/self/status]	VmExe:	    1952 kB
20220314 012639.913 INFO             PET0 PIOc_freedecomp Enter - MemInfo: [/proc/self/status]	VmLib:	   93984 kB
20220314 012639.913 INFO             PET0 PIOc_freedecomp Enter - MemInfo: [/proc/self/status]	VmPTE:	     360 kB
20220314 012639.913 INFO             PET0 PIOc_freedecomp Enter - MemInfo: [/proc/self/status]	VmPMD:	      12 kB
20220314 012639.913 INFO             PET0 PIOc_freedecomp Enter - MemInfo: [/proc/self/status]	VmSwap:	       0 kB
20220314 012639.913 INFO             PET0 PIOc_freedecomp Enter - MemInfo: [/proc/self/status]	VmRSSPercent: 0.0399479 %
20220314 012639.913 INFO             PET0 PIOc_freedecomp Enter - MemInfo: [malloc] Non-mmapped space allocated:                10326016 Byte
20220314 012639.913 INFO             PET0 PIOc_freedecomp Enter - MemInfo: [malloc] Space allocated in mmapped regions:          3358720 Byte
20220314 012639.913 INFO             PET0 PIOc_freedecomp Enter - MemInfo: [malloc] Maximum total allocated space:                     0 Byte
20220314 012639.913 INFO             PET0 PIOc_freedecomp Enter - MemInfo: [malloc] Space in freed fastbin blocks:                     0 Byte
20220314 012639.913 INFO             PET0 PIOc_freedecomp Enter - MemInfo: [malloc] Total allocated space:                       1274320 Byte
20220314 012639.913 INFO             PET0 PIOc_freedecomp Enter - MemInfo: [malloc] Total free space:                            9051696 Byte
20220314 012639.913 INFO             PET0 PIOc_freedecomp Enter - MemInfo: [malloc] Top-most, releasable space:                   121296 Byte
20220314 012639.913 INFO             PET0 PIOc_freedecomp Enter - MemInfo: [malloc] Total space in use, mmap + non-mmap:         4633040 Byte
20220314 012639.913 INFO             PET0 PIOc_freedecomp Enter - MemInfo: [malloc] Total space held (mmap + non-mmap):         13684736 Byte
20220314 012639.913 INFO             PET0 PIOc_freedecomp Enter - MemInfo: [malloc] Total space used (mmap + non-mmap):          4641248 Byte
20220314 012639.913 INFO             PET0 PIOc_freedecomp Enter - MemInfo: Wall-clock time since execution start:                1.53628 seconds
20220314 012639.913 INFO             PET0 PIOc_freedecomp Exit - MemInfo: [/proc/meminfo - SSI]	MemTotal:       65855856 kB
20220314 012639.913 INFO             PET0 PIOc_freedecomp Exit - MemInfo: [/proc/meminfo - SSI]	MemFree:        61277932 kB
20220314 012639.913 INFO             PET0 PIOc_freedecomp Exit - MemInfo: [/proc/meminfo - SSI]	MemAvailable:   61061392 kB
20220314 012639.913 INFO             PET0 PIOc_freedecomp Exit - MemInfo: [/proc/meminfo - SSI]	Committed_AS:    2862500 kB
20220314 012639.913 INFO             PET0 PIOc_freedecomp Exit - MemInfo: [/proc/meminfo - SSI]	CommittedPercent: 4.34661 %
20220314 012639.914 INFO             PET0 PIOc_freedecomp Exit - MemInfo: [/proc/self/status]	VmPeak:	  228816 kB
20220314 012639.914 INFO             PET0 PIOc_freedecomp Exit - MemInfo: [/proc/self/status]	VmSize:	  228792 kB
20220314 012639.914 INFO             PET0 PIOc_freedecomp Exit - MemInfo: [/proc/self/status]	VmLck:	       0 kB
20220314 012639.914 INFO             PET0 PIOc_freedecomp Exit - MemInfo: [/proc/self/status]	VmPin:	       0 kB
20220314 012639.914 INFO             PET0 PIOc_freedecomp Exit - MemInfo: [/proc/self/status]	VmHWM:	   29944 kB
20220314 012639.914 INFO             PET0 PIOc_freedecomp Exit - MemInfo: [/proc/self/status]	VmRSS:	   26308 kB
20220314 012639.914 INFO             PET0 PIOc_freedecomp Exit - MemInfo: [/proc/self/status]	VmData:	   34300 kB
20220314 012639.914 INFO             PET0 PIOc_freedecomp Exit - MemInfo: [/proc/self/status]	VmStk:	     508 kB
20220314 012639.914 INFO             PET0 PIOc_freedecomp Exit - MemInfo: [/proc/self/status]	VmExe:	    1952 kB
20220314 012639.914 INFO             PET0 PIOc_freedecomp Exit - MemInfo: [/proc/self/status]	VmLib:	   93984 kB
20220314 012639.914 INFO             PET0 PIOc_freedecomp Exit - MemInfo: [/proc/self/status]	VmPTE:	     360 kB
20220314 012639.914 INFO             PET0 PIOc_freedecomp Exit - MemInfo: [/proc/self/status]	VmPMD:	      12 kB
20220314 012639.914 INFO             PET0 PIOc_freedecomp Exit - MemInfo: [/proc/self/status]	VmSwap:	       0 kB
20220314 012639.914 INFO             PET0 PIOc_freedecomp Exit - MemInfo: [/proc/self/status]	VmRSSPercent: 0.0399479 %
20220314 012639.914 INFO             PET0 PIOc_freedecomp Exit - MemInfo: [malloc] Non-mmapped space allocated:                10326016 Byte
20220314 012639.914 INFO             PET0 PIOc_freedecomp Exit - MemInfo: [malloc] Space allocated in mmapped regions:          3358720 Byte
20220314 012639.914 INFO             PET0 PIOc_freedecomp Exit - MemInfo: [malloc] Maximum total allocated space:                     0 Byte
20220314 012639.914 INFO             PET0 PIOc_freedecomp Exit - MemInfo: [malloc] Space in freed fastbin blocks:                  1456 Byte
20220314 012639.914 INFO             PET0 PIOc_freedecomp Exit - MemInfo: [malloc] Total allocated space:                       1272720 Byte
20220314 012639.914 INFO             PET0 PIOc_freedecomp Exit - MemInfo: [malloc] Total free space:                            9053296 Byte
20220314 012639.914 INFO             PET0 PIOc_freedecomp Exit - MemInfo: [malloc] Top-most, releasable space:                   126992 Byte
20220314 012639.914 INFO             PET0 PIOc_freedecomp Exit - MemInfo: [malloc] Total space in use, mmap + non-mmap:         4631440 Byte
20220314 012639.914 INFO             PET0 PIOc_freedecomp Exit - MemInfo: [malloc] Total space held (mmap + non-mmap):         13684736 Byte
20220314 012639.914 INFO             PET0 PIOc_freedecomp Exit - MemInfo: [malloc] Total space used (mmap + non-mmap):          4639648 Byte
20220314 012639.914 INFO             PET0 PIOc_freedecomp Exit - MemInfo: Wall-clock time since execution start:                1.53654 seconds
20220314 012639.917 INFO             PET0 PIOc_sync Enter - MemInfo: [/proc/meminfo - SSI]	MemTotal:       65855856 kB
20220314 012639.917 INFO             PET0 PIOc_sync Enter - MemInfo: [/proc/meminfo - SSI]	MemFree:        61273396 kB
20220314 012639.917 INFO             PET0 PIOc_sync Enter - MemInfo: [/proc/meminfo - SSI]	MemAvailable:   61056856 kB
20220314 012639.917 INFO             PET0 PIOc_sync Enter - MemInfo: [/proc/meminfo - SSI]	Committed_AS:    2870704 kB
20220314 012639.917 INFO             PET0 PIOc_sync Enter - MemInfo: [/proc/meminfo - SSI]	CommittedPercent: 4.35907 %
20220314 012639.917 INFO             PET0 PIOc_sync Enter - MemInfo: [/proc/self/status]	VmPeak:	  236980 kB
20220314 012639.917 INFO             PET0 PIOc_sync Enter - MemInfo: [/proc/self/status]	VmSize:	  236980 kB
20220314 012639.917 INFO             PET0 PIOc_sync Enter - MemInfo: [/proc/self/status]	VmLck:	       0 kB
20220314 012639.917 INFO             PET0 PIOc_sync Enter - MemInfo: [/proc/self/status]	VmPin:	       0 kB
20220314 012639.917 INFO             PET0 PIOc_sync Enter - MemInfo: [/proc/self/status]	VmHWM:	   30496 kB
20220314 012639.917 INFO             PET0 PIOc_sync Enter - MemInfo: [/proc/self/status]	VmRSS:	   30496 kB
20220314 012639.917 INFO             PET0 PIOc_sync Enter - MemInfo: [/proc/self/status]	VmData:	   42500 kB
20220314 012639.917 INFO             PET0 PIOc_sync Enter - MemInfo: [/proc/self/status]	VmStk:	     508 kB
20220314 012639.917 INFO             PET0 PIOc_sync Enter - MemInfo: [/proc/self/status]	VmExe:	    1952 kB
20220314 012639.917 INFO             PET0 PIOc_sync Enter - MemInfo: [/proc/self/status]	VmLib:	   93984 kB
20220314 012639.917 INFO             PET0 PIOc_sync Enter - MemInfo: [/proc/self/status]	VmPTE:	     372 kB
20220314 012639.917 INFO             PET0 PIOc_sync Enter - MemInfo: [/proc/self/status]	VmPMD:	      12 kB
20220314 012639.917 INFO             PET0 PIOc_sync Enter - MemInfo: [/proc/self/status]	VmSwap:	       0 kB
20220314 012639.917 INFO             PET0 PIOc_sync Enter - MemInfo: [/proc/self/status]	VmRSSPercent: 0.0463072 %
20220314 012639.917 INFO             PET0 PIOc_sync Enter - MemInfo: [malloc] Non-mmapped space allocated:                18722816 Byte
20220314 012639.917 INFO             PET0 PIOc_sync Enter - MemInfo: [malloc] Space allocated in mmapped regions:          3358720 Byte
20220314 012639.917 INFO             PET0 PIOc_sync Enter - MemInfo: [malloc] Maximum total allocated space:                     0 Byte
20220314 012639.917 INFO             PET0 PIOc_sync Enter - MemInfo: [malloc] Space in freed fastbin blocks:                  1616 Byte
20220314 012639.917 INFO             PET0 PIOc_sync Enter - MemInfo: [malloc] Total allocated space:                      10199952 Byte
20220314 012639.917 INFO             PET0 PIOc_sync Enter - MemInfo: [malloc] Total free space:                            8522864 Byte
20220314 012639.917 INFO             PET0 PIOc_sync Enter - MemInfo: [malloc] Top-most, releasable space:                   135168 Byte
20220314 012639.917 INFO             PET0 PIOc_sync Enter - MemInfo: [malloc] Total space in use, mmap + non-mmap:        13558672 Byte
20220314 012639.917 INFO             PET0 PIOc_sync Enter - MemInfo: [malloc] Total space held (mmap + non-mmap):         22081536 Byte
20220314 012639.917 INFO             PET0 PIOc_sync Enter - MemInfo: [malloc] Total space used (mmap + non-mmap):         13566880 Byte
20220314 012639.917 INFO             PET0 PIOc_sync Enter - MemInfo: Wall-clock time since execution start:                1.54033 seconds
20220314 012639.918 INFO             PET0 PIOc_sync Exit - MemInfo: [/proc/meminfo - SSI]	MemTotal:       65855856 kB
20220314 012639.918 INFO             PET0 PIOc_sync Exit - MemInfo: [/proc/meminfo - SSI]	MemFree:        61273396 kB
20220314 012639.918 INFO             PET0 PIOc_sync Exit - MemInfo: [/proc/meminfo - SSI]	MemAvailable:   61056856 kB
20220314 012639.918 INFO             PET0 PIOc_sync Exit - MemInfo: [/proc/meminfo - SSI]	Committed_AS:    2870704 kB
20220314 012639.918 INFO             PET0 PIOc_sync Exit - MemInfo: [/proc/meminfo - SSI]	CommittedPercent: 4.35907 %
20220314 012639.918 INFO             PET0 PIOc_sync Exit - MemInfo: [/proc/self/status]	VmPeak:	  236980 kB
20220314 012639.918 INFO             PET0 PIOc_sync Exit - MemInfo: [/proc/self/status]	VmSize:	  236980 kB
20220314 012639.918 INFO             PET0 PIOc_sync Exit - MemInfo: [/proc/self/status]	VmLck:	       0 kB
20220314 012639.918 INFO             PET0 PIOc_sync Exit - MemInfo: [/proc/self/status]	VmPin:	       0 kB
20220314 012639.918 INFO             PET0 PIOc_sync Exit - MemInfo: [/proc/self/status]	VmHWM:	   30496 kB
20220314 012639.918 INFO             PET0 PIOc_sync Exit - MemInfo: [/proc/self/status]	VmRSS:	   30496 kB
20220314 012639.918 INFO             PET0 PIOc_sync Exit - MemInfo: [/proc/self/status]	VmData:	   42500 kB
20220314 012639.918 INFO             PET0 PIOc_sync Exit - MemInfo: [/proc/self/status]	VmStk:	     508 kB
20220314 012639.918 INFO             PET0 PIOc_sync Exit - MemInfo: [/proc/self/status]	VmExe:	    1952 kB
20220314 012639.918 INFO             PET0 PIOc_sync Exit - MemInfo: [/proc/self/status]	VmLib:	   93984 kB
20220314 012639.918 INFO             PET0 PIOc_sync Exit - MemInfo: [/proc/self/status]	VmPTE:	     372 kB
20220314 012639.918 INFO             PET0 PIOc_sync Exit - MemInfo: [/proc/self/status]	VmPMD:	      12 kB
20220314 012639.918 INFO             PET0 PIOc_sync Exit - MemInfo: [/proc/self/status]	VmSwap:	       0 kB
20220314 012639.918 INFO             PET0 PIOc_sync Exit - MemInfo: [/proc/self/status]	VmRSSPercent: 0.0463072 %
20220314 012639.918 INFO             PET0 PIOc_sync Exit - MemInfo: [malloc] Non-mmapped space allocated:                18722816 Byte
20220314 012639.918 INFO             PET0 PIOc_sync Exit - MemInfo: [malloc] Space allocated in mmapped regions:          3358720 Byte
20220314 012639.918 INFO             PET0 PIOc_sync Exit - MemInfo: [malloc] Maximum total allocated space:                     0 Byte
20220314 012639.918 INFO             PET0 PIOc_sync Exit - MemInfo: [malloc] Space in freed fastbin blocks:                   272 Byte
20220314 012639.918 INFO             PET0 PIOc_sync Exit - MemInfo: [malloc] Total allocated space:                      10200960 Byte
20220314 012639.918 INFO             PET0 PIOc_sync Exit - MemInfo: [malloc] Total free space:                            8521856 Byte
20220314 012639.918 INFO             PET0 PIOc_sync Exit - MemInfo: [malloc] Top-most, releasable space:                   135168 Byte
20220314 012639.918 INFO             PET0 PIOc_sync Exit - MemInfo: [malloc] Total space in use, mmap + non-mmap:        13559680 Byte
20220314 012639.918 INFO             PET0 PIOc_sync Exit - MemInfo: [malloc] Total space held (mmap + non-mmap):         22081536 Byte
20220314 012639.918 INFO             PET0 PIOc_sync Exit - MemInfo: [malloc] Total space used (mmap + non-mmap):         13568000 Byte
20220314 012639.918 INFO             PET0 PIOc_sync Exit - MemInfo: Wall-clock time since execution start:                1.54062 seconds
20220314 012639.918 INFO             PET0 PIOc_freedecomp Enter - MemInfo: [/proc/meminfo - SSI]	MemTotal:       65855856 kB
20220314 012639.918 INFO             PET0 PIOc_freedecomp Enter - MemInfo: [/proc/meminfo - SSI]	MemFree:        61273396 kB
20220314 012639.918 INFO             PET0 PIOc_freedecomp Enter - MemInfo: [/proc/meminfo - SSI]	MemAvailable:   61056856 kB
20220314 012639.918 INFO             PET0 PIOc_freedecomp Enter - MemInfo: [/proc/meminfo - SSI]	Committed_AS:    2870704 kB
20220314 012639.918 INFO             PET0 PIOc_freedecomp Enter - MemInfo: [/proc/meminfo - SSI]	CommittedPercent: 4.35907 %
20220314 012639.918 INFO             PET0 PIOc_freedecomp Enter - MemInfo: [/proc/self/status]	VmPeak:	  236980 kB
20220314 012639.918 INFO             PET0 PIOc_freedecomp Enter - MemInfo: [/proc/self/status]	VmSize:	  236980 kB
20220314 012639.918 INFO             PET0 PIOc_freedecomp Enter - MemInfo: [/proc/self/status]	VmLck:	       0 kB
20220314 012639.918 INFO             PET0 PIOc_freedecomp Enter - MemInfo: [/proc/self/status]	VmPin:	       0 kB
20220314 012639.918 INFO             PET0 PIOc_freedecomp Enter - MemInfo: [/proc/self/status]	VmHWM:	   30496 kB
20220314 012639.918 INFO             PET0 PIOc_freedecomp Enter - MemInfo: [/proc/self/status]	VmRSS:	   30496 kB
20220314 012639.918 INFO             PET0 PIOc_freedecomp Enter - MemInfo: [/proc/self/status]	VmData:	   42500 kB
20220314 012639.918 INFO             PET0 PIOc_freedecomp Enter - MemInfo: [/proc/self/status]	VmStk:	     508 kB
20220314 012639.918 INFO             PET0 PIOc_freedecomp Enter - MemInfo: [/proc/self/status]	VmExe:	    1952 kB
20220314 012639.918 INFO             PET0 PIOc_freedecomp Enter - MemInfo: [/proc/self/status]	VmLib:	   93984 kB
20220314 012639.918 INFO             PET0 PIOc_freedecomp Enter - MemInfo: [/proc/self/status]	VmPTE:	     372 kB
20220314 012639.918 INFO             PET0 PIOc_freedecomp Enter - MemInfo: [/proc/self/status]	VmPMD:	      12 kB
20220314 012639.918 INFO             PET0 PIOc_freedecomp Enter - MemInfo: [/proc/self/status]	VmSwap:	       0 kB
20220314 012639.918 INFO             PET0 PIOc_freedecomp Enter - MemInfo: [/proc/self/status]	VmRSSPercent: 0.0463072 %
20220314 012639.918 INFO             PET0 PIOc_freedecomp Enter - MemInfo: [malloc] Non-mmapped space allocated:                18722816 Byte
20220314 012639.918 INFO             PET0 PIOc_freedecomp Enter - MemInfo: [malloc] Space allocated in mmapped regions:          3358720 Byte
20220314 012639.918 INFO             PET0 PIOc_freedecomp Enter - MemInfo: [malloc] Maximum total allocated space:                     0 Byte
20220314 012639.918 INFO             PET0 PIOc_freedecomp Enter - MemInfo: [malloc] Space in freed fastbin blocks:                   272 Byte
20220314 012639.918 INFO             PET0 PIOc_freedecomp Enter - MemInfo: [malloc] Total allocated space:                       1274768 Byte
20220314 012639.918 INFO             PET0 PIOc_freedecomp Enter - MemInfo: [malloc] Total free space:                           17448048 Byte
20220314 012639.918 INFO             PET0 PIOc_freedecomp Enter - MemInfo: [malloc] Top-most, releasable space:                  8523792 Byte
20220314 012639.918 INFO             PET0 PIOc_freedecomp Enter - MemInfo: [malloc] Total space in use, mmap + non-mmap:         4633488 Byte
20220314 012639.918 INFO             PET0 PIOc_freedecomp Enter - MemInfo: [malloc] Total space held (mmap + non-mmap):         22081536 Byte
20220314 012639.918 INFO             PET0 PIOc_freedecomp Enter - MemInfo: [malloc] Total space used (mmap + non-mmap):          4641696 Byte
20220314 012639.918 INFO             PET0 PIOc_freedecomp Enter - MemInfo: Wall-clock time since execution start:                1.54103 seconds
20220314 012639.918 INFO             PET0 PIOc_freedecomp Exit - MemInfo: [/proc/meminfo - SSI]	MemTotal:       65855856 kB
20220314 012639.918 INFO             PET0 PIOc_freedecomp Exit - MemInfo: [/proc/meminfo - SSI]	MemFree:        61273396 kB
20220314 012639.918 INFO             PET0 PIOc_freedecomp Exit - MemInfo: [/proc/meminfo - SSI]	MemAvailable:   61056856 kB
20220314 012639.918 INFO             PET0 PIOc_freedecomp Exit - MemInfo: [/proc/meminfo - SSI]	Committed_AS:    2870704 kB
20220314 012639.918 INFO             PET0 PIOc_freedecomp Exit - MemInfo: [/proc/meminfo - SSI]	CommittedPercent: 4.35907 %
20220314 012639.918 INFO             PET0 PIOc_freedecomp Exit - MemInfo: [/proc/self/status]	VmPeak:	  236980 kB
20220314 012639.918 INFO             PET0 PIOc_freedecomp Exit - MemInfo: [/proc/self/status]	VmSize:	  236980 kB
20220314 012639.918 INFO             PET0 PIOc_freedecomp Exit - MemInfo: [/proc/self/status]	VmLck:	       0 kB
20220314 012639.918 INFO             PET0 PIOc_freedecomp Exit - MemInfo: [/proc/self/status]	VmPin:	       0 kB
20220314 012639.918 INFO             PET0 PIOc_freedecomp Exit - MemInfo: [/proc/self/status]	VmHWM:	   30496 kB
20220314 012639.918 INFO             PET0 PIOc_freedecomp Exit - MemInfo: [/proc/self/status]	VmRSS:	   30496 kB
20220314 012639.918 INFO             PET0 PIOc_freedecomp Exit - MemInfo: [/proc/self/status]	VmData:	   42500 kB
20220314 012639.918 INFO             PET0 PIOc_freedecomp Exit - MemInfo: [/proc/self/status]	VmStk:	     508 kB
20220314 012639.918 INFO             PET0 PIOc_freedecomp Exit - MemInfo: [/proc/self/status]	VmExe:	    1952 kB
20220314 012639.918 INFO             PET0 PIOc_freedecomp Exit - MemInfo: [/proc/self/status]	VmLib:	   93984 kB
20220314 012639.918 INFO             PET0 PIOc_freedecomp Exit - MemInfo: [/proc/self/status]	VmPTE:	     372 kB
20220314 012639.918 INFO             PET0 PIOc_freedecomp Exit - MemInfo: [/proc/self/status]	VmPMD:	      12 kB
20220314 012639.918 INFO             PET0 PIOc_freedecomp Exit - MemInfo: [/proc/self/status]	VmSwap:	       0 kB
20220314 012639.918 INFO             PET0 PIOc_freedecomp Exit - MemInfo: [/proc/self/status]	VmRSSPercent: 0.0463072 %
20220314 012639.918 INFO             PET0 PIOc_freedecomp Exit - MemInfo: [malloc] Non-mmapped space allocated:                18722816 Byte
20220314 012639.918 INFO             PET0 PIOc_freedecomp Exit - MemInfo: [malloc] Space allocated in mmapped regions:          3358720 Byte
20220314 012639.918 INFO             PET0 PIOc_freedecomp Exit - MemInfo: [malloc] Maximum total allocated space:                     0 Byte
20220314 012639.918 INFO             PET0 PIOc_freedecomp Exit - MemInfo: [malloc] Space in freed fastbin blocks:                  1568 Byte
20220314 012639.918 INFO             PET0 PIOc_freedecomp Exit - MemInfo: [malloc] Total allocated space:                       1273056 Byte
20220314 012639.918 INFO             PET0 PIOc_freedecomp Exit - MemInfo: [malloc] Total free space:                           17449760 Byte
20220314 012639.918 INFO             PET0 PIOc_freedecomp Exit - MemInfo: [malloc] Top-most, releasable space:                  8523792 Byte
20220314 012639.918 INFO             PET0 PIOc_freedecomp Exit - MemInfo: [malloc] Total space in use, mmap + non-mmap:         4631776 Byte
20220314 012639.918 INFO             PET0 PIOc_freedecomp Exit - MemInfo: [malloc] Total space held (mmap + non-mmap):         22081536 Byte
20220314 012639.918 INFO             PET0 PIOc_freedecomp Exit - MemInfo: [malloc] Total space used (mmap + non-mmap):          4639984 Byte
20220314 012639.918 INFO             PET0 PIOc_freedecomp Exit - MemInfo: Wall-clock time since execution start:                1.54127 seconds
20220314 012639.937 INFO             PET0  NUMBER_OF_PROCESSORS           4
20220314 012639.937 INFO             PET0  PASS  Example ESMF_RHandleBitForBitEx, ESMF_RHandleBitForBitEx.F90, line 1557
20220314 012639.937 INFO             PET0 Finalizing ESMF
20220314 012638.400 INFO             PET1 !!!!!!!!!!!!!!!!!!!!!!!!!!!!!!!!!!!!!!!!!!!!!!!!!!!!!!
20220314 012638.400 INFO             PET1 !!! THE ESMF_LOG IS SET TO OUTPUT ALL LOG MESSAGES !!!
20220314 012638.400 INFO             PET1 !!!     THIS MAY CAUSE SLOWDOWN IN PERFORMANCE     !!!
20220314 012638.400 INFO             PET1 !!! FOR PRODUCTION RUNS, USE:                      !!!
20220314 012638.400 INFO             PET1 !!!                   ESMF_LOGKIND_Multi_On_Error  !!!
20220314 012638.400 INFO             PET1 !!!!!!!!!!!!!!!!!!!!!!!!!!!!!!!!!!!!!!!!!!!!!!!!!!!!!!
20220314 012638.400 INFO             PET1 Running with ESMF Version   : v8.3.0b09-96-g559b459836
20220314 012638.400 INFO             PET1 ESMF library build date/time: "Mar 14 2022" "00:43:16"
20220314 012638.400 INFO             PET1 ESMF library build location : /lustre/f2/dev/ncep/Mark.Potts/intel_2019.5_mpi_O_jedwards_pio_update2
20220314 012638.400 INFO             PET1 ESMF_COMM                   : mpi
20220314 012638.401 INFO             PET1 ESMF_MOAB                   : enabled
20220314 012638.401 INFO             PET1 ESMF_LAPACK                 : enabled
20220314 012638.401 INFO             PET1 ESMF_NETCDF                 : enabled
20220314 012638.401 INFO             PET1 ESMF_PNETCDF                : disabled
20220314 012638.401 INFO             PET1 ESMF_PIO                    : enabled
20220314 012638.401 INFO             PET1 ESMF_YAMLCPP                : enabled
20220314 012638.427 INFO             PET1 PIOc_sync Enter - MemInfo: [/proc/meminfo - SSI]	MemTotal:       65855856 kB
20220314 012638.427 INFO             PET1 PIOc_sync Enter - MemInfo: [/proc/meminfo - SSI]	MemFree:        61276024 kB
20220314 012638.427 INFO             PET1 PIOc_sync Enter - MemInfo: [/proc/meminfo - SSI]	MemAvailable:   61058304 kB
20220314 012638.427 INFO             PET1 PIOc_sync Enter - MemInfo: [/proc/meminfo - SSI]	Committed_AS:    2862084 kB
20220314 012638.427 INFO             PET1 PIOc_sync Enter - MemInfo: [/proc/meminfo - SSI]	CommittedPercent: 4.34598 %
20220314 012638.427 INFO             PET1 PIOc_sync Enter - MemInfo: [/proc/self/status]	VmPeak:	  219456 kB
20220314 012638.427 INFO             PET1 PIOc_sync Enter - MemInfo: [/proc/self/status]	VmSize:	  219336 kB
20220314 012638.427 INFO             PET1 PIOc_sync Enter - MemInfo: [/proc/self/status]	VmLck:	       0 kB
20220314 012638.427 INFO             PET1 PIOc_sync Enter - MemInfo: [/proc/self/status]	VmPin:	       0 kB
20220314 012638.427 INFO             PET1 PIOc_sync Enter - MemInfo: [/proc/self/status]	VmHWM:	   19636 kB
20220314 012638.427 INFO             PET1 PIOc_sync Enter - MemInfo: [/proc/self/status]	VmRSS:	   19636 kB
20220314 012638.427 INFO             PET1 PIOc_sync Enter - MemInfo: [/proc/self/status]	VmData:	   24820 kB
20220314 012638.427 INFO             PET1 PIOc_sync Enter - MemInfo: [/proc/self/status]	VmStk:	     508 kB
20220314 012638.427 INFO             PET1 PIOc_sync Enter - MemInfo: [/proc/self/status]	VmExe:	    1952 kB
20220314 012638.427 INFO             PET1 PIOc_sync Enter - MemInfo: [/proc/self/status]	VmLib:	   93984 kB
20220314 012638.427 INFO             PET1 PIOc_sync Enter - MemInfo: [/proc/self/status]	VmPTE:	     328 kB
20220314 012638.427 INFO             PET1 PIOc_sync Enter - MemInfo: [/proc/self/status]	VmPMD:	      12 kB
20220314 012638.427 INFO             PET1 PIOc_sync Enter - MemInfo: [/proc/self/status]	VmSwap:	       0 kB
20220314 012638.427 INFO             PET1 PIOc_sync Enter - MemInfo: [/proc/self/status]	VmRSSPercent: 0.0298166 %
20220314 012638.427 INFO             PET1 PIOc_sync Enter - MemInfo: [malloc] Non-mmapped space allocated:                  950272 Byte
20220314 012638.427 INFO             PET1 PIOc_sync Enter - MemInfo: [malloc] Space allocated in mmapped regions:          3026944 Byte
20220314 012638.427 INFO             PET1 PIOc_sync Enter - MemInfo: [malloc] Maximum total allocated space:                     0 Byte
20220314 012638.427 INFO             PET1 PIOc_sync Enter - MemInfo: [malloc] Space in freed fastbin blocks:                     0 Byte
20220314 012638.427 INFO             PET1 PIOc_sync Enter - MemInfo: [malloc] Total allocated space:                        835712 Byte
20220314 012638.427 INFO             PET1 PIOc_sync Enter - MemInfo: [malloc] Total free space:                             114560 Byte
20220314 012638.427 INFO             PET1 PIOc_sync Enter - MemInfo: [malloc] Top-most, releasable space:                   114528 Byte
20220314 012638.427 INFO             PET1 PIOc_sync Enter - MemInfo: [malloc] Total space in use, mmap + non-mmap:         3862656 Byte
20220314 012638.427 INFO             PET1 PIOc_sync Enter - MemInfo: [malloc] Total space held (mmap + non-mmap):          3977216 Byte
20220314 012638.427 INFO             PET1 PIOc_sync Enter - MemInfo: [malloc] Total space used (mmap + non-mmap):          3872352 Byte
20220314 012638.427 INFO             PET1 PIOc_sync Enter - MemInfo: Wall-clock time since execution start:              0.0500741 seconds
20220314 012639.905 INFO             PET1 PIOc_sync Exit - MemInfo: [/proc/meminfo - SSI]	MemTotal:       65855856 kB
20220314 012639.905 INFO             PET1 PIOc_sync Exit - MemInfo: [/proc/meminfo - SSI]	MemFree:        61274404 kB
20220314 012639.905 INFO             PET1 PIOc_sync Exit - MemInfo: [/proc/meminfo - SSI]	MemAvailable:   61057864 kB
20220314 012639.905 INFO             PET1 PIOc_sync Exit - MemInfo: [/proc/meminfo - SSI]	Committed_AS:    2862084 kB
20220314 012639.905 INFO             PET1 PIOc_sync Exit - MemInfo: [/proc/meminfo - SSI]	CommittedPercent: 4.34598 %
20220314 012639.905 INFO             PET1 PIOc_sync Exit - MemInfo: [/proc/self/status]	VmPeak:	  219456 kB
20220314 012639.905 INFO             PET1 PIOc_sync Exit - MemInfo: [/proc/self/status]	VmSize:	  219336 kB
20220314 012639.905 INFO             PET1 PIOc_sync Exit - MemInfo: [/proc/self/status]	VmLck:	       0 kB
20220314 012639.905 INFO             PET1 PIOc_sync Exit - MemInfo: [/proc/self/status]	VmPin:	       0 kB
20220314 012639.905 INFO             PET1 PIOc_sync Exit - MemInfo: [/proc/self/status]	VmHWM:	   19636 kB
20220314 012639.905 INFO             PET1 PIOc_sync Exit - MemInfo: [/proc/self/status]	VmRSS:	   19636 kB
20220314 012639.905 INFO             PET1 PIOc_sync Exit - MemInfo: [/proc/self/status]	VmData:	   24820 kB
20220314 012639.905 INFO             PET1 PIOc_sync Exit - MemInfo: [/proc/self/status]	VmStk:	     508 kB
20220314 012639.905 INFO             PET1 PIOc_sync Exit - MemInfo: [/proc/self/status]	VmExe:	    1952 kB
20220314 012639.905 INFO             PET1 PIOc_sync Exit - MemInfo: [/proc/self/status]	VmLib:	   93984 kB
20220314 012639.905 INFO             PET1 PIOc_sync Exit - MemInfo: [/proc/self/status]	VmPTE:	     328 kB
20220314 012639.905 INFO             PET1 PIOc_sync Exit - MemInfo: [/proc/self/status]	VmPMD:	      12 kB
20220314 012639.905 INFO             PET1 PIOc_sync Exit - MemInfo: [/proc/self/status]	VmSwap:	       0 kB
20220314 012639.905 INFO             PET1 PIOc_sync Exit - MemInfo: [/proc/self/status]	VmRSSPercent: 0.0298166 %
20220314 012639.905 INFO             PET1 PIOc_sync Exit - MemInfo: [malloc] Non-mmapped space allocated:                  950272 Byte
20220314 012639.905 INFO             PET1 PIOc_sync Exit - MemInfo: [malloc] Space allocated in mmapped regions:          3026944 Byte
20220314 012639.905 INFO             PET1 PIOc_sync Exit - MemInfo: [malloc] Maximum total allocated space:                     0 Byte
20220314 012639.905 INFO             PET1 PIOc_sync Exit - MemInfo: [malloc] Space in freed fastbin blocks:                     0 Byte
20220314 012639.905 INFO             PET1 PIOc_sync Exit - MemInfo: [malloc] Total allocated space:                        838240 Byte
20220314 012639.905 INFO             PET1 PIOc_sync Exit - MemInfo: [malloc] Total free space:                             112032 Byte
20220314 012639.905 INFO             PET1 PIOc_sync Exit - MemInfo: [malloc] Top-most, releasable space:                   112032 Byte
20220314 012639.905 INFO             PET1 PIOc_sync Exit - MemInfo: [malloc] Total space in use, mmap + non-mmap:         3865184 Byte
20220314 012639.905 INFO             PET1 PIOc_sync Exit - MemInfo: [malloc] Total space held (mmap + non-mmap):          3977216 Byte
20220314 012639.905 INFO             PET1 PIOc_sync Exit - MemInfo: [malloc] Total space used (mmap + non-mmap):          3873728 Byte
20220314 012639.905 INFO             PET1 PIOc_sync Exit - MemInfo: Wall-clock time since execution start:                 1.5277 seconds
20220314 012639.905 INFO             PET1 PIOc_freedecomp Enter - MemInfo: [/proc/meminfo - SSI]	MemTotal:       65855856 kB
20220314 012639.905 INFO             PET1 PIOc_freedecomp Enter - MemInfo: [/proc/meminfo - SSI]	MemFree:        61280956 kB
20220314 012639.905 INFO             PET1 PIOc_freedecomp Enter - MemInfo: [/proc/meminfo - SSI]	MemAvailable:   61064416 kB
20220314 012639.905 INFO             PET1 PIOc_freedecomp Enter - MemInfo: [/proc/meminfo - SSI]	Committed_AS:    2854220 kB
20220314 012639.905 INFO             PET1 PIOc_freedecomp Enter - MemInfo: [/proc/meminfo - SSI]	CommittedPercent: 4.33404 %
20220314 012639.905 INFO             PET1 PIOc_freedecomp Enter - MemInfo: [/proc/self/status]	VmPeak:	  219456 kB
20220314 012639.905 INFO             PET1 PIOc_freedecomp Enter - MemInfo: [/proc/self/status]	VmSize:	  219336 kB
20220314 012639.905 INFO             PET1 PIOc_freedecomp Enter - MemInfo: [/proc/self/status]	VmLck:	       0 kB
20220314 012639.905 INFO             PET1 PIOc_freedecomp Enter - MemInfo: [/proc/self/status]	VmPin:	       0 kB
20220314 012639.905 INFO             PET1 PIOc_freedecomp Enter - MemInfo: [/proc/self/status]	VmHWM:	   19636 kB
20220314 012639.906 INFO             PET1 PIOc_freedecomp Enter - MemInfo: [/proc/self/status]	VmRSS:	   19636 kB
20220314 012639.906 INFO             PET1 PIOc_freedecomp Enter - MemInfo: [/proc/self/status]	VmData:	   24820 kB
20220314 012639.906 INFO             PET1 PIOc_freedecomp Enter - MemInfo: [/proc/self/status]	VmStk:	     508 kB
20220314 012639.906 INFO             PET1 PIOc_freedecomp Enter - MemInfo: [/proc/self/status]	VmExe:	    1952 kB
20220314 012639.906 INFO             PET1 PIOc_freedecomp Enter - MemInfo: [/proc/self/status]	VmLib:	   93984 kB
20220314 012639.906 INFO             PET1 PIOc_freedecomp Enter - MemInfo: [/proc/self/status]	VmPTE:	     328 kB
20220314 012639.906 INFO             PET1 PIOc_freedecomp Enter - MemInfo: [/proc/self/status]	VmPMD:	      12 kB
20220314 012639.906 INFO             PET1 PIOc_freedecomp Enter - MemInfo: [/proc/self/status]	VmSwap:	       0 kB
20220314 012639.906 INFO             PET1 PIOc_freedecomp Enter - MemInfo: [/proc/self/status]	VmRSSPercent: 0.0298166 %
20220314 012639.906 INFO             PET1 PIOc_freedecomp Enter - MemInfo: [malloc] Non-mmapped space allocated:                  950272 Byte
20220314 012639.906 INFO             PET1 PIOc_freedecomp Enter - MemInfo: [malloc] Space allocated in mmapped regions:          3026944 Byte
20220314 012639.906 INFO             PET1 PIOc_freedecomp Enter - MemInfo: [malloc] Maximum total allocated space:                     0 Byte
20220314 012639.906 INFO             PET1 PIOc_freedecomp Enter - MemInfo: [malloc] Space in freed fastbin blocks:                     0 Byte
20220314 012639.906 INFO             PET1 PIOc_freedecomp Enter - MemInfo: [malloc] Total allocated space:                        839008 Byte
20220314 012639.906 INFO             PET1 PIOc_freedecomp Enter - MemInfo: [malloc] Total free space:                             111264 Byte
20220314 012639.906 INFO             PET1 PIOc_freedecomp Enter - MemInfo: [malloc] Top-most, releasable space:                   111264 Byte
20220314 012639.906 INFO             PET1 PIOc_freedecomp Enter - MemInfo: [malloc] Total space in use, mmap + non-mmap:         3865952 Byte
20220314 012639.906 INFO             PET1 PIOc_freedecomp Enter - MemInfo: [malloc] Total space held (mmap + non-mmap):          3977216 Byte
20220314 012639.906 INFO             PET1 PIOc_freedecomp Enter - MemInfo: [malloc] Total space used (mmap + non-mmap):          3874528 Byte
20220314 012639.906 INFO             PET1 PIOc_freedecomp Enter - MemInfo: Wall-clock time since execution start:                1.52837 seconds
20220314 012639.906 INFO             PET1 PIOc_freedecomp Exit - MemInfo: [/proc/meminfo - SSI]	MemTotal:       65855856 kB
20220314 012639.906 INFO             PET1 PIOc_freedecomp Exit - MemInfo: [/proc/meminfo - SSI]	MemFree:        61280956 kB
20220314 012639.906 INFO             PET1 PIOc_freedecomp Exit - MemInfo: [/proc/meminfo - SSI]	MemAvailable:   61064416 kB
20220314 012639.906 INFO             PET1 PIOc_freedecomp Exit - MemInfo: [/proc/meminfo - SSI]	Committed_AS:    2854220 kB
20220314 012639.906 INFO             PET1 PIOc_freedecomp Exit - MemInfo: [/proc/meminfo - SSI]	CommittedPercent: 4.33404 %
20220314 012639.906 INFO             PET1 PIOc_freedecomp Exit - MemInfo: [/proc/self/status]	VmPeak:	  219456 kB
20220314 012639.906 INFO             PET1 PIOc_freedecomp Exit - MemInfo: [/proc/self/status]	VmSize:	  219336 kB
20220314 012639.906 INFO             PET1 PIOc_freedecomp Exit - MemInfo: [/proc/self/status]	VmLck:	       0 kB
20220314 012639.906 INFO             PET1 PIOc_freedecomp Exit - MemInfo: [/proc/self/status]	VmPin:	       0 kB
20220314 012639.906 INFO             PET1 PIOc_freedecomp Exit - MemInfo: [/proc/self/status]	VmHWM:	   19636 kB
20220314 012639.906 INFO             PET1 PIOc_freedecomp Exit - MemInfo: [/proc/self/status]	VmRSS:	   19636 kB
20220314 012639.906 INFO             PET1 PIOc_freedecomp Exit - MemInfo: [/proc/self/status]	VmData:	   24820 kB
20220314 012639.906 INFO             PET1 PIOc_freedecomp Exit - MemInfo: [/proc/self/status]	VmStk:	     508 kB
20220314 012639.906 INFO             PET1 PIOc_freedecomp Exit - MemInfo: [/proc/self/status]	VmExe:	    1952 kB
20220314 012639.906 INFO             PET1 PIOc_freedecomp Exit - MemInfo: [/proc/self/status]	VmLib:	   93984 kB
20220314 012639.906 INFO             PET1 PIOc_freedecomp Exit - MemInfo: [/proc/self/status]	VmPTE:	     328 kB
20220314 012639.906 INFO             PET1 PIOc_freedecomp Exit - MemInfo: [/proc/self/status]	VmPMD:	      12 kB
20220314 012639.906 INFO             PET1 PIOc_freedecomp Exit - MemInfo: [/proc/self/status]	VmSwap:	       0 kB
20220314 012639.906 INFO             PET1 PIOc_freedecomp Exit - MemInfo: [/proc/self/status]	VmRSSPercent: 0.0298166 %
20220314 012639.906 INFO             PET1 PIOc_freedecomp Exit - MemInfo: [malloc] Non-mmapped space allocated:                  950272 Byte
20220314 012639.906 INFO             PET1 PIOc_freedecomp Exit - MemInfo: [malloc] Space allocated in mmapped regions:          3026944 Byte
20220314 012639.906 INFO             PET1 PIOc_freedecomp Exit - MemInfo: [malloc] Maximum total allocated space:                     0 Byte
20220314 012639.906 INFO             PET1 PIOc_freedecomp Exit - MemInfo: [malloc] Space in freed fastbin blocks:                   112 Byte
20220314 012639.906 INFO             PET1 PIOc_freedecomp Exit - MemInfo: [malloc] Total allocated space:                        839744 Byte
20220314 012639.906 INFO             PET1 PIOc_freedecomp Exit - MemInfo: [malloc] Total free space:                             110528 Byte
20220314 012639.906 INFO             PET1 PIOc_freedecomp Exit - MemInfo: [malloc] Top-most, releasable space:                   110416 Byte
20220314 012639.906 INFO             PET1 PIOc_freedecomp Exit - MemInfo: [malloc] Total space in use, mmap + non-mmap:         3866688 Byte
20220314 012639.906 INFO             PET1 PIOc_freedecomp Exit - MemInfo: [malloc] Total space held (mmap + non-mmap):          3977216 Byte
20220314 012639.906 INFO             PET1 PIOc_freedecomp Exit - MemInfo: [malloc] Total space used (mmap + non-mmap):          3875232 Byte
20220314 012639.906 INFO             PET1 PIOc_freedecomp Exit - MemInfo: Wall-clock time since execution start:                1.52864 seconds
20220314 012639.909 INFO             PET1 PIOc_sync Enter - MemInfo: [/proc/meminfo - SSI]	MemTotal:       65855856 kB
20220314 012639.909 INFO             PET1 PIOc_sync Enter - MemInfo: [/proc/meminfo - SSI]	MemFree:        61278436 kB
20220314 012639.909 INFO             PET1 PIOc_sync Enter - MemInfo: [/proc/meminfo - SSI]	MemAvailable:   61061896 kB
20220314 012639.909 INFO             PET1 PIOc_sync Enter - MemInfo: [/proc/meminfo - SSI]	Committed_AS:    2862500 kB
20220314 012639.909 INFO             PET1 PIOc_sync Enter - MemInfo: [/proc/meminfo - SSI]	CommittedPercent: 4.34661 %
20220314 012639.909 INFO             PET1 PIOc_sync Enter - MemInfo: [/proc/self/status]	VmPeak:	  219456 kB
20220314 012639.909 INFO             PET1 PIOc_sync Enter - MemInfo: [/proc/self/status]	VmSize:	  219336 kB
20220314 012639.909 INFO             PET1 PIOc_sync Enter - MemInfo: [/proc/self/status]	VmLck:	       0 kB
20220314 012639.909 INFO             PET1 PIOc_sync Enter - MemInfo: [/proc/self/status]	VmPin:	       0 kB
20220314 012639.909 INFO             PET1 PIOc_sync Enter - MemInfo: [/proc/self/status]	VmHWM:	   19748 kB
20220314 012639.910 INFO             PET1 PIOc_sync Enter - MemInfo: [/proc/self/status]	VmRSS:	   19732 kB
20220314 012639.910 INFO             PET1 PIOc_sync Enter - MemInfo: [/proc/self/status]	VmData:	   24820 kB
20220314 012639.910 INFO             PET1 PIOc_sync Enter - MemInfo: [/proc/self/status]	VmStk:	     508 kB
20220314 012639.910 INFO             PET1 PIOc_sync Enter - MemInfo: [/proc/self/status]	VmExe:	    1952 kB
20220314 012639.910 INFO             PET1 PIOc_sync Enter - MemInfo: [/proc/self/status]	VmLib:	   93984 kB
20220314 012639.910 INFO             PET1 PIOc_sync Enter - MemInfo: [/proc/self/status]	VmPTE:	     328 kB
20220314 012639.910 INFO             PET1 PIOc_sync Enter - MemInfo: [/proc/self/status]	VmPMD:	      12 kB
20220314 012639.910 INFO             PET1 PIOc_sync Enter - MemInfo: [/proc/self/status]	VmSwap:	       0 kB
20220314 012639.910 INFO             PET1 PIOc_sync Enter - MemInfo: [/proc/self/status]	VmRSSPercent: 0.0299624 %
20220314 012639.910 INFO             PET1 PIOc_sync Enter - MemInfo: [malloc] Non-mmapped space allocated:                  950272 Byte
20220314 012639.910 INFO             PET1 PIOc_sync Enter - MemInfo: [malloc] Space allocated in mmapped regions:          3026944 Byte
20220314 012639.910 INFO             PET1 PIOc_sync Enter - MemInfo: [malloc] Maximum total allocated space:                     0 Byte
20220314 012639.910 INFO             PET1 PIOc_sync Enter - MemInfo: [malloc] Space in freed fastbin blocks:                    32 Byte
20220314 012639.910 INFO             PET1 PIOc_sync Enter - MemInfo: [malloc] Total allocated space:                        841696 Byte
20220314 012639.910 INFO             PET1 PIOc_sync Enter - MemInfo: [malloc] Total free space:                             108576 Byte
20220314 012639.910 INFO             PET1 PIOc_sync Enter - MemInfo: [malloc] Top-most, releasable space:                   107968 Byte
20220314 012639.910 INFO             PET1 PIOc_sync Enter - MemInfo: [malloc] Total space in use, mmap + non-mmap:         3868640 Byte
20220314 012639.910 INFO             PET1 PIOc_sync Enter - MemInfo: [malloc] Total space held (mmap + non-mmap):          3977216 Byte
20220314 012639.910 INFO             PET1 PIOc_sync Enter - MemInfo: [malloc] Total space used (mmap + non-mmap):          3876848 Byte
20220314 012639.910 INFO             PET1 PIOc_sync Enter - MemInfo: Wall-clock time since execution start:                1.53245 seconds
20220314 012639.910 INFO             PET1 PIOc_sync Exit - MemInfo: [/proc/meminfo - SSI]	MemTotal:       65855856 kB
20220314 012639.910 INFO             PET1 PIOc_sync Exit - MemInfo: [/proc/meminfo - SSI]	MemFree:        61278436 kB
20220314 012639.910 INFO             PET1 PIOc_sync Exit - MemInfo: [/proc/meminfo - SSI]	MemAvailable:   61061896 kB
20220314 012639.910 INFO             PET1 PIOc_sync Exit - MemInfo: [/proc/meminfo - SSI]	Committed_AS:    2862500 kB
20220314 012639.910 INFO             PET1 PIOc_sync Exit - MemInfo: [/proc/meminfo - SSI]	CommittedPercent: 4.34661 %
20220314 012639.910 INFO             PET1 PIOc_sync Exit - MemInfo: [/proc/self/status]	VmPeak:	  219456 kB
20220314 012639.910 INFO             PET1 PIOc_sync Exit - MemInfo: [/proc/self/status]	VmSize:	  219336 kB
20220314 012639.910 INFO             PET1 PIOc_sync Exit - MemInfo: [/proc/self/status]	VmLck:	       0 kB
20220314 012639.910 INFO             PET1 PIOc_sync Exit - MemInfo: [/proc/self/status]	VmPin:	       0 kB
20220314 012639.910 INFO             PET1 PIOc_sync Exit - MemInfo: [/proc/self/status]	VmHWM:	   19748 kB
20220314 012639.910 INFO             PET1 PIOc_sync Exit - MemInfo: [/proc/self/status]	VmRSS:	   19732 kB
20220314 012639.910 INFO             PET1 PIOc_sync Exit - MemInfo: [/proc/self/status]	VmData:	   24820 kB
20220314 012639.910 INFO             PET1 PIOc_sync Exit - MemInfo: [/proc/self/status]	VmStk:	     508 kB
20220314 012639.910 INFO             PET1 PIOc_sync Exit - MemInfo: [/proc/self/status]	VmExe:	    1952 kB
20220314 012639.910 INFO             PET1 PIOc_sync Exit - MemInfo: [/proc/self/status]	VmLib:	   93984 kB
20220314 012639.910 INFO             PET1 PIOc_sync Exit - MemInfo: [/proc/self/status]	VmPTE:	     332 kB
20220314 012639.910 INFO             PET1 PIOc_sync Exit - MemInfo: [/proc/self/status]	VmPMD:	      12 kB
20220314 012639.910 INFO             PET1 PIOc_sync Exit - MemInfo: [/proc/self/status]	VmSwap:	       0 kB
20220314 012639.910 INFO             PET1 PIOc_sync Exit - MemInfo: [/proc/self/status]	VmRSSPercent: 0.0299624 %
20220314 012639.910 INFO             PET1 PIOc_sync Exit - MemInfo: [malloc] Non-mmapped space allocated:                  950272 Byte
20220314 012639.910 INFO             PET1 PIOc_sync Exit - MemInfo: [malloc] Space allocated in mmapped regions:          3026944 Byte
20220314 012639.910 INFO             PET1 PIOc_sync Exit - MemInfo: [malloc] Maximum total allocated space:                     0 Byte
20220314 012639.910 INFO             PET1 PIOc_sync Exit - MemInfo: [malloc] Space in freed fastbin blocks:                     0 Byte
20220314 012639.910 INFO             PET1 PIOc_sync Exit - MemInfo: [malloc] Total allocated space:                        842160 Byte
20220314 012639.910 INFO             PET1 PIOc_sync Exit - MemInfo: [malloc] Total free space:                             108112 Byte
20220314 012639.910 INFO             PET1 PIOc_sync Exit - MemInfo: [malloc] Top-most, releasable space:                   107744 Byte
20220314 012639.910 INFO             PET1 PIOc_sync Exit - MemInfo: [malloc] Total space in use, mmap + non-mmap:         3869104 Byte
20220314 012639.910 INFO             PET1 PIOc_sync Exit - MemInfo: [malloc] Total space held (mmap + non-mmap):          3977216 Byte
20220314 012639.910 INFO             PET1 PIOc_sync Exit - MemInfo: [malloc] Total space used (mmap + non-mmap):          3877312 Byte
20220314 012639.910 INFO             PET1 PIOc_sync Exit - MemInfo: Wall-clock time since execution start:                1.53276 seconds
20220314 012639.910 INFO             PET1 PIOc_freedecomp Enter - MemInfo: [/proc/meminfo - SSI]	MemTotal:       65855856 kB
20220314 012639.910 INFO             PET1 PIOc_freedecomp Enter - MemInfo: [/proc/meminfo - SSI]	MemFree:        61278436 kB
20220314 012639.910 INFO             PET1 PIOc_freedecomp Enter - MemInfo: [/proc/meminfo - SSI]	MemAvailable:   61061896 kB
20220314 012639.910 INFO             PET1 PIOc_freedecomp Enter - MemInfo: [/proc/meminfo - SSI]	Committed_AS:    2862500 kB
20220314 012639.910 INFO             PET1 PIOc_freedecomp Enter - MemInfo: [/proc/meminfo - SSI]	CommittedPercent: 4.34661 %
20220314 012639.910 INFO             PET1 PIOc_freedecomp Enter - MemInfo: [/proc/self/status]	VmPeak:	  219456 kB
20220314 012639.910 INFO             PET1 PIOc_freedecomp Enter - MemInfo: [/proc/self/status]	VmSize:	  219336 kB
20220314 012639.910 INFO             PET1 PIOc_freedecomp Enter - MemInfo: [/proc/self/status]	VmLck:	       0 kB
20220314 012639.910 INFO             PET1 PIOc_freedecomp Enter - MemInfo: [/proc/self/status]	VmPin:	       0 kB
20220314 012639.910 INFO             PET1 PIOc_freedecomp Enter - MemInfo: [/proc/self/status]	VmHWM:	   19748 kB
20220314 012639.910 INFO             PET1 PIOc_freedecomp Enter - MemInfo: [/proc/self/status]	VmRSS:	   19732 kB
20220314 012639.910 INFO             PET1 PIOc_freedecomp Enter - MemInfo: [/proc/self/status]	VmData:	   24820 kB
20220314 012639.910 INFO             PET1 PIOc_freedecomp Enter - MemInfo: [/proc/self/status]	VmStk:	     508 kB
20220314 012639.910 INFO             PET1 PIOc_freedecomp Enter - MemInfo: [/proc/self/status]	VmExe:	    1952 kB
20220314 012639.910 INFO             PET1 PIOc_freedecomp Enter - MemInfo: [/proc/self/status]	VmLib:	   93984 kB
20220314 012639.910 INFO             PET1 PIOc_freedecomp Enter - MemInfo: [/proc/self/status]	VmPTE:	     332 kB
20220314 012639.910 INFO             PET1 PIOc_freedecomp Enter - MemInfo: [/proc/self/status]	VmPMD:	      12 kB
20220314 012639.910 INFO             PET1 PIOc_freedecomp Enter - MemInfo: [/proc/self/status]	VmSwap:	       0 kB
20220314 012639.910 INFO             PET1 PIOc_freedecomp Enter - MemInfo: [/proc/self/status]	VmRSSPercent: 0.0299624 %
20220314 012639.910 INFO             PET1 PIOc_freedecomp Enter - MemInfo: [malloc] Non-mmapped space allocated:                  950272 Byte
20220314 012639.910 INFO             PET1 PIOc_freedecomp Enter - MemInfo: [malloc] Space allocated in mmapped regions:          3026944 Byte
20220314 012639.910 INFO             PET1 PIOc_freedecomp Enter - MemInfo: [malloc] Maximum total allocated space:                     0 Byte
20220314 012639.910 INFO             PET1 PIOc_freedecomp Enter - MemInfo: [malloc] Space in freed fastbin blocks:                     0 Byte
20220314 012639.910 INFO             PET1 PIOc_freedecomp Enter - MemInfo: [malloc] Total allocated space:                        842240 Byte
20220314 012639.910 INFO             PET1 PIOc_freedecomp Enter - MemInfo: [malloc] Total free space:                             108032 Byte
20220314 012639.910 INFO             PET1 PIOc_freedecomp Enter - MemInfo: [malloc] Top-most, releasable space:                   107520 Byte
20220314 012639.910 INFO             PET1 PIOc_freedecomp Enter - MemInfo: [malloc] Total space in use, mmap + non-mmap:         3869184 Byte
20220314 012639.910 INFO             PET1 PIOc_freedecomp Enter - MemInfo: [malloc] Total space held (mmap + non-mmap):          3977216 Byte
20220314 012639.910 INFO             PET1 PIOc_freedecomp Enter - MemInfo: [malloc] Total space used (mmap + non-mmap):          3877392 Byte
20220314 012639.910 INFO             PET1 PIOc_freedecomp Enter - MemInfo: Wall-clock time since execution start:                1.53314 seconds
20220314 012639.910 INFO             PET1 PIOc_freedecomp Exit - MemInfo: [/proc/meminfo - SSI]	MemTotal:       65855856 kB
20220314 012639.910 INFO             PET1 PIOc_freedecomp Exit - MemInfo: [/proc/meminfo - SSI]	MemFree:        61278436 kB
20220314 012639.910 INFO             PET1 PIOc_freedecomp Exit - MemInfo: [/proc/meminfo - SSI]	MemAvailable:   61061896 kB
20220314 012639.910 INFO             PET1 PIOc_freedecomp Exit - MemInfo: [/proc/meminfo - SSI]	Committed_AS:    2862500 kB
20220314 012639.910 INFO             PET1 PIOc_freedecomp Exit - MemInfo: [/proc/meminfo - SSI]	CommittedPercent: 4.34661 %
20220314 012639.910 INFO             PET1 PIOc_freedecomp Exit - MemInfo: [/proc/self/status]	VmPeak:	  219456 kB
20220314 012639.910 INFO             PET1 PIOc_freedecomp Exit - MemInfo: [/proc/self/status]	VmSize:	  219336 kB
20220314 012639.910 INFO             PET1 PIOc_freedecomp Exit - MemInfo: [/proc/self/status]	VmLck:	       0 kB
20220314 012639.910 INFO             PET1 PIOc_freedecomp Exit - MemInfo: [/proc/self/status]	VmPin:	       0 kB
20220314 012639.910 INFO             PET1 PIOc_freedecomp Exit - MemInfo: [/proc/self/status]	VmHWM:	   19748 kB
20220314 012639.910 INFO             PET1 PIOc_freedecomp Exit - MemInfo: [/proc/self/status]	VmRSS:	   19732 kB
20220314 012639.910 INFO             PET1 PIOc_freedecomp Exit - MemInfo: [/proc/self/status]	VmData:	   24820 kB
20220314 012639.910 INFO             PET1 PIOc_freedecomp Exit - MemInfo: [/proc/self/status]	VmStk:	     508 kB
20220314 012639.910 INFO             PET1 PIOc_freedecomp Exit - MemInfo: [/proc/self/status]	VmExe:	    1952 kB
20220314 012639.910 INFO             PET1 PIOc_freedecomp Exit - MemInfo: [/proc/self/status]	VmLib:	   93984 kB
20220314 012639.910 INFO             PET1 PIOc_freedecomp Exit - MemInfo: [/proc/self/status]	VmPTE:	     332 kB
20220314 012639.910 INFO             PET1 PIOc_freedecomp Exit - MemInfo: [/proc/self/status]	VmPMD:	      12 kB
20220314 012639.910 INFO             PET1 PIOc_freedecomp Exit - MemInfo: [/proc/self/status]	VmSwap:	       0 kB
20220314 012639.911 INFO             PET1 PIOc_freedecomp Exit - MemInfo: [/proc/self/status]	VmRSSPercent: 0.0299624 %
20220314 012639.911 INFO             PET1 PIOc_freedecomp Exit - MemInfo: [malloc] Non-mmapped space allocated:                  950272 Byte
20220314 012639.911 INFO             PET1 PIOc_freedecomp Exit - MemInfo: [malloc] Space allocated in mmapped regions:          3026944 Byte
20220314 012639.911 INFO             PET1 PIOc_freedecomp Exit - MemInfo: [malloc] Maximum total allocated space:                     0 Byte
20220314 012639.911 INFO             PET1 PIOc_freedecomp Exit - MemInfo: [malloc] Space in freed fastbin blocks:                   416 Byte
20220314 012639.911 INFO             PET1 PIOc_freedecomp Exit - MemInfo: [malloc] Total allocated space:                        841824 Byte
20220314 012639.911 INFO             PET1 PIOc_freedecomp Exit - MemInfo: [malloc] Total free space:                             108448 Byte
20220314 012639.911 INFO             PET1 PIOc_freedecomp Exit - MemInfo: [malloc] Top-most, releasable space:                   107296 Byte
20220314 012639.911 INFO             PET1 PIOc_freedecomp Exit - MemInfo: [malloc] Total space in use, mmap + non-mmap:         3868768 Byte
20220314 012639.911 INFO             PET1 PIOc_freedecomp Exit - MemInfo: [malloc] Total space held (mmap + non-mmap):          3977216 Byte
20220314 012639.911 INFO             PET1 PIOc_freedecomp Exit - MemInfo: [malloc] Total space used (mmap + non-mmap):          3876976 Byte
20220314 012639.911 INFO             PET1 PIOc_freedecomp Exit - MemInfo: Wall-clock time since execution start:                1.53339 seconds
20220314 012639.912 INFO             PET1 PIOc_sync Enter - MemInfo: [/proc/meminfo - SSI]	MemTotal:       65855856 kB
20220314 012639.912 INFO             PET1 PIOc_sync Enter - MemInfo: [/proc/meminfo - SSI]	MemFree:        61277932 kB
20220314 012639.912 INFO             PET1 PIOc_sync Enter - MemInfo: [/proc/meminfo - SSI]	MemAvailable:   61061392 kB
20220314 012639.912 INFO             PET1 PIOc_sync Enter - MemInfo: [/proc/meminfo - SSI]	Committed_AS:    2862500 kB
20220314 012639.912 INFO             PET1 PIOc_sync Enter - MemInfo: [/proc/meminfo - SSI]	CommittedPercent: 4.34661 %
20220314 012639.913 INFO             PET1 PIOc_sync Enter - MemInfo: [/proc/self/status]	VmPeak:	  219456 kB
20220314 012639.913 INFO             PET1 PIOc_sync Enter - MemInfo: [/proc/self/status]	VmSize:	  219312 kB
20220314 012639.913 INFO             PET1 PIOc_sync Enter - MemInfo: [/proc/self/status]	VmLck:	       0 kB
20220314 012639.913 INFO             PET1 PIOc_sync Enter - MemInfo: [/proc/self/status]	VmPin:	       0 kB
20220314 012639.913 INFO             PET1 PIOc_sync Enter - MemInfo: [/proc/self/status]	VmHWM:	   19756 kB
20220314 012639.913 INFO             PET1 PIOc_sync Enter - MemInfo: [/proc/self/status]	VmRSS:	   19740 kB
20220314 012639.913 INFO             PET1 PIOc_sync Enter - MemInfo: [/proc/self/status]	VmData:	   24820 kB
20220314 012639.913 INFO             PET1 PIOc_sync Enter - MemInfo: [/proc/self/status]	VmStk:	     508 kB
20220314 012639.913 INFO             PET1 PIOc_sync Enter - MemInfo: [/proc/self/status]	VmExe:	    1952 kB
20220314 012639.913 INFO             PET1 PIOc_sync Enter - MemInfo: [/proc/self/status]	VmLib:	   93984 kB
20220314 012639.913 INFO             PET1 PIOc_sync Enter - MemInfo: [/proc/self/status]	VmPTE:	     332 kB
20220314 012639.913 INFO             PET1 PIOc_sync Enter - MemInfo: [/proc/self/status]	VmPMD:	      12 kB
20220314 012639.913 INFO             PET1 PIOc_sync Enter - MemInfo: [/proc/self/status]	VmSwap:	       0 kB
20220314 012639.913 INFO             PET1 PIOc_sync Enter - MemInfo: [/proc/self/status]	VmRSSPercent: 0.0299746 %
20220314 012639.913 INFO             PET1 PIOc_sync Enter - MemInfo: [malloc] Non-mmapped space allocated:                  950272 Byte
20220314 012639.913 INFO             PET1 PIOc_sync Enter - MemInfo: [malloc] Space allocated in mmapped regions:          3026944 Byte
20220314 012639.913 INFO             PET1 PIOc_sync Enter - MemInfo: [malloc] Maximum total allocated space:                     0 Byte
20220314 012639.913 INFO             PET1 PIOc_sync Enter - MemInfo: [malloc] Space in freed fastbin blocks:                    80 Byte
20220314 012639.913 INFO             PET1 PIOc_sync Enter - MemInfo: [malloc] Total allocated space:                        842208 Byte
20220314 012639.913 INFO             PET1 PIOc_sync Enter - MemInfo: [malloc] Total free space:                             108064 Byte
20220314 012639.913 INFO             PET1 PIOc_sync Enter - MemInfo: [malloc] Top-most, releasable space:                   107072 Byte
20220314 012639.913 INFO             PET1 PIOc_sync Enter - MemInfo: [malloc] Total space in use, mmap + non-mmap:         3869152 Byte
20220314 012639.913 INFO             PET1 PIOc_sync Enter - MemInfo: [malloc] Total space held (mmap + non-mmap):          3977216 Byte
20220314 012639.913 INFO             PET1 PIOc_sync Enter - MemInfo: [malloc] Total space used (mmap + non-mmap):          3877360 Byte
20220314 012639.913 INFO             PET1 PIOc_sync Enter - MemInfo: Wall-clock time since execution start:                1.53547 seconds
20220314 012639.913 INFO             PET1 PIOc_sync Exit - MemInfo: [/proc/meminfo - SSI]	MemTotal:       65855856 kB
20220314 012639.913 INFO             PET1 PIOc_sync Exit - MemInfo: [/proc/meminfo - SSI]	MemFree:        61277932 kB
20220314 012639.913 INFO             PET1 PIOc_sync Exit - MemInfo: [/proc/meminfo - SSI]	MemAvailable:   61061392 kB
20220314 012639.913 INFO             PET1 PIOc_sync Exit - MemInfo: [/proc/meminfo - SSI]	Committed_AS:    2862500 kB
20220314 012639.913 INFO             PET1 PIOc_sync Exit - MemInfo: [/proc/meminfo - SSI]	CommittedPercent: 4.34661 %
20220314 012639.913 INFO             PET1 PIOc_sync Exit - MemInfo: [/proc/self/status]	VmPeak:	  219456 kB
20220314 012639.913 INFO             PET1 PIOc_sync Exit - MemInfo: [/proc/self/status]	VmSize:	  219312 kB
20220314 012639.913 INFO             PET1 PIOc_sync Exit - MemInfo: [/proc/self/status]	VmLck:	       0 kB
20220314 012639.913 INFO             PET1 PIOc_sync Exit - MemInfo: [/proc/self/status]	VmPin:	       0 kB
20220314 012639.913 INFO             PET1 PIOc_sync Exit - MemInfo: [/proc/self/status]	VmHWM:	   19756 kB
20220314 012639.913 INFO             PET1 PIOc_sync Exit - MemInfo: [/proc/self/status]	VmRSS:	   19740 kB
20220314 012639.913 INFO             PET1 PIOc_sync Exit - MemInfo: [/proc/self/status]	VmData:	   24820 kB
20220314 012639.913 INFO             PET1 PIOc_sync Exit - MemInfo: [/proc/self/status]	VmStk:	     508 kB
20220314 012639.913 INFO             PET1 PIOc_sync Exit - MemInfo: [/proc/self/status]	VmExe:	    1952 kB
20220314 012639.913 INFO             PET1 PIOc_sync Exit - MemInfo: [/proc/self/status]	VmLib:	   93984 kB
20220314 012639.913 INFO             PET1 PIOc_sync Exit - MemInfo: [/proc/self/status]	VmPTE:	     332 kB
20220314 012639.913 INFO             PET1 PIOc_sync Exit - MemInfo: [/proc/self/status]	VmPMD:	      12 kB
20220314 012639.913 INFO             PET1 PIOc_sync Exit - MemInfo: [/proc/self/status]	VmSwap:	       0 kB
20220314 012639.913 INFO             PET1 PIOc_sync Exit - MemInfo: [/proc/self/status]	VmRSSPercent: 0.0299746 %
20220314 012639.913 INFO             PET1 PIOc_sync Exit - MemInfo: [malloc] Non-mmapped space allocated:                  950272 Byte
20220314 012639.913 INFO             PET1 PIOc_sync Exit - MemInfo: [malloc] Space allocated in mmapped regions:          3026944 Byte
20220314 012639.913 INFO             PET1 PIOc_sync Exit - MemInfo: [malloc] Maximum total allocated space:                     0 Byte
20220314 012639.913 INFO             PET1 PIOc_sync Exit - MemInfo: [malloc] Space in freed fastbin blocks:                     0 Byte
20220314 012639.913 INFO             PET1 PIOc_sync Exit - MemInfo: [malloc] Total allocated space:                        842448 Byte
20220314 012639.913 INFO             PET1 PIOc_sync Exit - MemInfo: [malloc] Total free space:                             107824 Byte
20220314 012639.913 INFO             PET1 PIOc_sync Exit - MemInfo: [malloc] Top-most, releasable space:                   106848 Byte
20220314 012639.913 INFO             PET1 PIOc_sync Exit - MemInfo: [malloc] Total space in use, mmap + non-mmap:         3869392 Byte
20220314 012639.913 INFO             PET1 PIOc_sync Exit - MemInfo: [malloc] Total space held (mmap + non-mmap):          3977216 Byte
20220314 012639.913 INFO             PET1 PIOc_sync Exit - MemInfo: [malloc] Total space used (mmap + non-mmap):          3877600 Byte
20220314 012639.913 INFO             PET1 PIOc_sync Exit - MemInfo: Wall-clock time since execution start:                1.53576 seconds
20220314 012639.913 INFO             PET1 PIOc_freedecomp Enter - MemInfo: [/proc/meminfo - SSI]	MemTotal:       65855856 kB
20220314 012639.913 INFO             PET1 PIOc_freedecomp Enter - MemInfo: [/proc/meminfo - SSI]	MemFree:        61277932 kB
20220314 012639.913 INFO             PET1 PIOc_freedecomp Enter - MemInfo: [/proc/meminfo - SSI]	MemAvailable:   61061392 kB
20220314 012639.913 INFO             PET1 PIOc_freedecomp Enter - MemInfo: [/proc/meminfo - SSI]	Committed_AS:    2862500 kB
20220314 012639.913 INFO             PET1 PIOc_freedecomp Enter - MemInfo: [/proc/meminfo - SSI]	CommittedPercent: 4.34661 %
20220314 012639.913 INFO             PET1 PIOc_freedecomp Enter - MemInfo: [/proc/self/status]	VmPeak:	  219456 kB
20220314 012639.913 INFO             PET1 PIOc_freedecomp Enter - MemInfo: [/proc/self/status]	VmSize:	  219312 kB
