build time -- 2022-03-12 23:46:11
20220313 002541.094 INFO             PET0 !!!!!!!!!!!!!!!!!!!!!!!!!!!!!!!!!!!!!!!!!!!!!!!!!!!!!!
20220313 002541.094 INFO             PET0 !!! THE ESMF_LOG IS SET TO OUTPUT ALL LOG MESSAGES !!!
20220313 002541.094 INFO             PET0 !!!     THIS MAY CAUSE SLOWDOWN IN PERFORMANCE     !!!
20220313 002541.094 INFO             PET0 !!! FOR PRODUCTION RUNS, USE:                      !!!
20220313 002541.094 INFO             PET0 !!!                   ESMF_LOGKIND_Multi_On_Error  !!!
20220313 002541.094 INFO             PET0 !!!!!!!!!!!!!!!!!!!!!!!!!!!!!!!!!!!!!!!!!!!!!!!!!!!!!!
20220313 002541.094 INFO             PET0 Running with ESMF Version   : v8.3.0b09-96-g559b459836
20220313 002541.094 INFO             PET0 ESMF library build date/time: "Mar 12 2022" "23:42:39"
20220313 002541.094 INFO             PET0 ESMF library build location : /lustre/f2/dev/ncep/Mark.Potts/intel_2019.5_mpi_O_jedwards_pio_update2
20220313 002541.094 INFO             PET0 ESMF_COMM                   : mpi
20220313 002541.095 INFO             PET0 ESMF_MOAB                   : enabled
20220313 002541.095 INFO             PET0 ESMF_LAPACK                 : enabled
20220313 002541.095 INFO             PET0 ESMF_NETCDF                 : enabled
20220313 002541.095 INFO             PET0 ESMF_PNETCDF                : disabled
20220313 002541.095 INFO             PET0 ESMF_PIO                    : enabled
20220313 002541.095 INFO             PET0 ESMF_YAMLCPP                : enabled
20220313 002541.127 INFO             PET0 PIOc_sync Enter - MemInfo: [/proc/meminfo - SSI]	MemTotal:       65855856 kB
20220313 002541.127 INFO             PET0 PIOc_sync Enter - MemInfo: [/proc/meminfo - SSI]	MemFree:        61207184 kB
20220313 002541.127 INFO             PET0 PIOc_sync Enter - MemInfo: [/proc/meminfo - SSI]	MemAvailable:   60989204 kB
20220313 002541.127 INFO             PET0 PIOc_sync Enter - MemInfo: [/proc/meminfo - SSI]	Committed_AS:    2922776 kB
20220313 002541.127 INFO             PET0 PIOc_sync Enter - MemInfo: [/proc/meminfo - SSI]	CommittedPercent: 4.43814 %
20220313 002541.127 INFO             PET0 PIOc_sync Enter - MemInfo: [/proc/self/status]	VmPeak:	  228404 kB
20220313 002541.127 INFO             PET0 PIOc_sync Enter - MemInfo: [/proc/self/status]	VmSize:	  228404 kB
20220313 002541.127 INFO             PET0 PIOc_sync Enter - MemInfo: [/proc/self/status]	VmLck:	       0 kB
20220313 002541.127 INFO             PET0 PIOc_sync Enter - MemInfo: [/proc/self/status]	VmPin:	       0 kB
20220313 002541.127 INFO             PET0 PIOc_sync Enter - MemInfo: [/proc/self/status]	VmHWM:	   29416 kB
20220313 002541.127 INFO             PET0 PIOc_sync Enter - MemInfo: [/proc/self/status]	VmRSS:	   29416 kB
20220313 002541.127 INFO             PET0 PIOc_sync Enter - MemInfo: [/proc/self/status]	VmData:	   33888 kB
20220313 002541.127 INFO             PET0 PIOc_sync Enter - MemInfo: [/proc/self/status]	VmStk:	     508 kB
20220313 002541.127 INFO             PET0 PIOc_sync Enter - MemInfo: [/proc/self/status]	VmExe:	    1952 kB
20220313 002541.127 INFO             PET0 PIOc_sync Enter - MemInfo: [/proc/self/status]	VmLib:	   93984 kB
20220313 002541.127 INFO             PET0 PIOc_sync Enter - MemInfo: [/proc/self/status]	VmPTE:	     356 kB
20220313 002541.127 INFO             PET0 PIOc_sync Enter - MemInfo: [/proc/self/status]	VmPMD:	      12 kB
20220313 002541.127 INFO             PET0 PIOc_sync Enter - MemInfo: [/proc/self/status]	VmSwap:	       0 kB
20220313 002541.127 INFO             PET0 PIOc_sync Enter - MemInfo: [/proc/self/status]	VmRSSPercent: 0.0446673 %
20220313 002541.127 INFO             PET0 PIOc_sync Enter - MemInfo: [malloc] Non-mmapped space allocated:                 1314816 Byte
20220313 002541.127 INFO             PET0 PIOc_sync Enter - MemInfo: [malloc] Space allocated in mmapped regions:         11948032 Byte
20220313 002541.127 INFO             PET0 PIOc_sync Enter - MemInfo: [malloc] Maximum total allocated space:                     0 Byte
20220313 002541.127 INFO             PET0 PIOc_sync Enter - MemInfo: [malloc] Space in freed fastbin blocks:                     0 Byte
20220313 002541.127 INFO             PET0 PIOc_sync Enter - MemInfo: [malloc] Total allocated space:                       1208448 Byte
20220313 002541.127 INFO             PET0 PIOc_sync Enter - MemInfo: [malloc] Total free space:                             106368 Byte
20220313 002541.127 INFO             PET0 PIOc_sync Enter - MemInfo: [malloc] Top-most, releasable space:                   106368 Byte
20220313 002541.127 INFO             PET0 PIOc_sync Enter - MemInfo: [malloc] Total space in use, mmap + non-mmap:        13156480 Byte
20220313 002541.127 INFO             PET0 PIOc_sync Enter - MemInfo: [malloc] Total space held (mmap + non-mmap):         13262848 Byte
20220313 002541.127 INFO             PET0 PIOc_sync Enter - MemInfo: [malloc] Total space used (mmap + non-mmap):         13166176 Byte
20220313 002541.127 INFO             PET0 PIOc_sync Enter - MemInfo: Wall-clock time since execution start:              0.0583279 seconds
20220313 002543.140 INFO             PET0 PIOc_sync Exit - MemInfo: [/proc/meminfo - SSI]	MemTotal:       65855856 kB
20220313 002543.140 INFO             PET0 PIOc_sync Exit - MemInfo: [/proc/meminfo - SSI]	MemFree:        61203720 kB
20220313 002543.140 INFO             PET0 PIOc_sync Exit - MemInfo: [/proc/meminfo - SSI]	MemAvailable:   60987132 kB
20220313 002543.140 INFO             PET0 PIOc_sync Exit - MemInfo: [/proc/meminfo - SSI]	Committed_AS:    2922776 kB
20220313 002543.140 INFO             PET0 PIOc_sync Exit - MemInfo: [/proc/meminfo - SSI]	CommittedPercent: 4.43814 %
20220313 002543.140 INFO             PET0 PIOc_sync Exit - MemInfo: [/proc/self/status]	VmPeak:	  228728 kB
20220313 002543.140 INFO             PET0 PIOc_sync Exit - MemInfo: [/proc/self/status]	VmSize:	  228728 kB
20220313 002543.140 INFO             PET0 PIOc_sync Exit - MemInfo: [/proc/self/status]	VmLck:	       0 kB
20220313 002543.140 INFO             PET0 PIOc_sync Exit - MemInfo: [/proc/self/status]	VmPin:	       0 kB
20220313 002543.140 INFO             PET0 PIOc_sync Exit - MemInfo: [/proc/self/status]	VmHWM:	   29920 kB
20220313 002543.140 INFO             PET0 PIOc_sync Exit - MemInfo: [/proc/self/status]	VmRSS:	   29920 kB
20220313 002543.140 INFO             PET0 PIOc_sync Exit - MemInfo: [/proc/self/status]	VmData:	   34212 kB
20220313 002543.140 INFO             PET0 PIOc_sync Exit - MemInfo: [/proc/self/status]	VmStk:	     508 kB
20220313 002543.140 INFO             PET0 PIOc_sync Exit - MemInfo: [/proc/self/status]	VmExe:	    1952 kB
20220313 002543.140 INFO             PET0 PIOc_sync Exit - MemInfo: [/proc/self/status]	VmLib:	   93984 kB
20220313 002543.140 INFO             PET0 PIOc_sync Exit - MemInfo: [/proc/self/status]	VmPTE:	     356 kB
20220313 002543.140 INFO             PET0 PIOc_sync Exit - MemInfo: [/proc/self/status]	VmPMD:	      12 kB
20220313 002543.140 INFO             PET0 PIOc_sync Exit - MemInfo: [/proc/self/status]	VmSwap:	       0 kB
20220313 002543.140 INFO             PET0 PIOc_sync Exit - MemInfo: [/proc/self/status]	VmRSSPercent: 0.0454326 %
20220313 002543.140 INFO             PET0 PIOc_sync Exit - MemInfo: [malloc] Non-mmapped space allocated:                 1314816 Byte
20220313 002543.141 INFO             PET0 PIOc_sync Exit - MemInfo: [malloc] Space allocated in mmapped regions:         12279808 Byte
20220313 002543.141 INFO             PET0 PIOc_sync Exit - MemInfo: [malloc] Maximum total allocated space:                     0 Byte
20220313 002543.141 INFO             PET0 PIOc_sync Exit - MemInfo: [malloc] Space in freed fastbin blocks:                     0 Byte
20220313 002543.141 INFO             PET0 PIOc_sync Exit - MemInfo: [malloc] Total allocated space:                       1278736 Byte
20220313 002543.141 INFO             PET0 PIOc_sync Exit - MemInfo: [malloc] Total free space:                              36080 Byte
20220313 002543.141 INFO             PET0 PIOc_sync Exit - MemInfo: [malloc] Top-most, releasable space:                    36080 Byte
20220313 002543.141 INFO             PET0 PIOc_sync Exit - MemInfo: [malloc] Total space in use, mmap + non-mmap:        13558544 Byte
20220313 002543.141 INFO             PET0 PIOc_sync Exit - MemInfo: [malloc] Total space held (mmap + non-mmap):         13594624 Byte
20220313 002543.141 INFO             PET0 PIOc_sync Exit - MemInfo: [malloc] Total space used (mmap + non-mmap):         13567120 Byte
20220313 002543.141 INFO             PET0 PIOc_sync Exit - MemInfo: Wall-clock time since execution start:                2.07179 seconds
20220313 002543.141 INFO             PET0 PIOc_freedecomp Enter - MemInfo: [/proc/meminfo - SSI]	MemTotal:       65855856 kB
20220313 002543.141 INFO             PET0 PIOc_freedecomp Enter - MemInfo: [/proc/meminfo - SSI]	MemFree:        61210776 kB
20220313 002543.141 INFO             PET0 PIOc_freedecomp Enter - MemInfo: [/proc/meminfo - SSI]	MemAvailable:   60994188 kB
20220313 002543.141 INFO             PET0 PIOc_freedecomp Enter - MemInfo: [/proc/meminfo - SSI]	Committed_AS:    2914912 kB
20220313 002543.141 INFO             PET0 PIOc_freedecomp Enter - MemInfo: [/proc/meminfo - SSI]	CommittedPercent: 4.4262 %
20220313 002543.141 INFO             PET0 PIOc_freedecomp Enter - MemInfo: [/proc/self/status]	VmPeak:	  228728 kB
20220313 002543.141 INFO             PET0 PIOc_freedecomp Enter - MemInfo: [/proc/self/status]	VmSize:	  220016 kB
20220313 002543.141 INFO             PET0 PIOc_freedecomp Enter - MemInfo: [/proc/self/status]	VmLck:	       0 kB
20220313 002543.141 INFO             PET0 PIOc_freedecomp Enter - MemInfo: [/proc/self/status]	VmPin:	       0 kB
20220313 002543.141 INFO             PET0 PIOc_freedecomp Enter - MemInfo: [/proc/self/status]	VmHWM:	   29920 kB
20220313 002543.141 INFO             PET0 PIOc_freedecomp Enter - MemInfo: [/proc/self/status]	VmRSS:	   21880 kB
20220313 002543.141 INFO             PET0 PIOc_freedecomp Enter - MemInfo: [/proc/self/status]	VmData:	   25500 kB
20220313 002543.141 INFO             PET0 PIOc_freedecomp Enter - MemInfo: [/proc/self/status]	VmStk:	     508 kB
20220313 002543.141 INFO             PET0 PIOc_freedecomp Enter - MemInfo: [/proc/self/status]	VmExe:	    1952 kB
20220313 002543.141 INFO             PET0 PIOc_freedecomp Enter - MemInfo: [/proc/self/status]	VmLib:	   93984 kB
20220313 002543.141 INFO             PET0 PIOc_freedecomp Enter - MemInfo: [/proc/self/status]	VmPTE:	     344 kB
20220313 002543.141 INFO             PET0 PIOc_freedecomp Enter - MemInfo: [/proc/self/status]	VmPMD:	      12 kB
20220313 002543.141 INFO             PET0 PIOc_freedecomp Enter - MemInfo: [/proc/self/status]	VmSwap:	       0 kB
20220313 002543.141 INFO             PET0 PIOc_freedecomp Enter - MemInfo: [/proc/self/status]	VmRSSPercent: 0.0332241 %
20220313 002543.141 INFO             PET0 PIOc_freedecomp Enter - MemInfo: [malloc] Non-mmapped space allocated:                 1314816 Byte
20220313 002543.141 INFO             PET0 PIOc_freedecomp Enter - MemInfo: [malloc] Space allocated in mmapped regions:          3358720 Byte
20220313 002543.141 INFO             PET0 PIOc_freedecomp Enter - MemInfo: [malloc] Maximum total allocated space:                     0 Byte
20220313 002543.141 INFO             PET0 PIOc_freedecomp Enter - MemInfo: [malloc] Space in freed fastbin blocks:                   288 Byte
20220313 002543.141 INFO             PET0 PIOc_freedecomp Enter - MemInfo: [malloc] Total allocated space:                       1268688 Byte
20220313 002543.141 INFO             PET0 PIOc_freedecomp Enter - MemInfo: [malloc] Total free space:                              46128 Byte
20220313 002543.141 INFO             PET0 PIOc_freedecomp Enter - MemInfo: [malloc] Top-most, releasable space:                    35344 Byte
20220313 002543.141 INFO             PET0 PIOc_freedecomp Enter - MemInfo: [malloc] Total space in use, mmap + non-mmap:         4627408 Byte
20220313 002543.141 INFO             PET0 PIOc_freedecomp Enter - MemInfo: [malloc] Total space held (mmap + non-mmap):          4673536 Byte
20220313 002543.141 INFO             PET0 PIOc_freedecomp Enter - MemInfo: [malloc] Total space used (mmap + non-mmap):          4635952 Byte
20220313 002543.141 INFO             PET0 PIOc_freedecomp Enter - MemInfo: Wall-clock time since execution start:                2.07247 seconds
20220313 002543.141 INFO             PET0 PIOc_freedecomp Exit - MemInfo: [/proc/meminfo - SSI]	MemTotal:       65855856 kB
20220313 002543.141 INFO             PET0 PIOc_freedecomp Exit - MemInfo: [/proc/meminfo - SSI]	MemFree:        61210776 kB
20220313 002543.141 INFO             PET0 PIOc_freedecomp Exit - MemInfo: [/proc/meminfo - SSI]	MemAvailable:   60994188 kB
20220313 002543.141 INFO             PET0 PIOc_freedecomp Exit - MemInfo: [/proc/meminfo - SSI]	Committed_AS:    2914912 kB
20220313 002543.141 INFO             PET0 PIOc_freedecomp Exit - MemInfo: [/proc/meminfo - SSI]	CommittedPercent: 4.4262 %
20220313 002543.141 INFO             PET0 PIOc_freedecomp Exit - MemInfo: [/proc/self/status]	VmPeak:	  228728 kB
20220313 002543.141 INFO             PET0 PIOc_freedecomp Exit - MemInfo: [/proc/self/status]	VmSize:	  220016 kB
20220313 002543.141 INFO             PET0 PIOc_freedecomp Exit - MemInfo: [/proc/self/status]	VmLck:	       0 kB
20220313 002543.141 INFO             PET0 PIOc_freedecomp Exit - MemInfo: [/proc/self/status]	VmPin:	       0 kB
20220313 002543.141 INFO             PET0 PIOc_freedecomp Exit - MemInfo: [/proc/self/status]	VmHWM:	   29920 kB
20220313 002543.141 INFO             PET0 PIOc_freedecomp Exit - MemInfo: [/proc/self/status]	VmRSS:	   21880 kB
20220313 002543.141 INFO             PET0 PIOc_freedecomp Exit - MemInfo: [/proc/self/status]	VmData:	   25500 kB
20220313 002543.141 INFO             PET0 PIOc_freedecomp Exit - MemInfo: [/proc/self/status]	VmStk:	     508 kB
20220313 002543.141 INFO             PET0 PIOc_freedecomp Exit - MemInfo: [/proc/self/status]	VmExe:	    1952 kB
20220313 002543.141 INFO             PET0 PIOc_freedecomp Exit - MemInfo: [/proc/self/status]	VmLib:	   93984 kB
20220313 002543.141 INFO             PET0 PIOc_freedecomp Exit - MemInfo: [/proc/self/status]	VmPTE:	     344 kB
20220313 002543.141 INFO             PET0 PIOc_freedecomp Exit - MemInfo: [/proc/self/status]	VmPMD:	      12 kB
20220313 002543.141 INFO             PET0 PIOc_freedecomp Exit - MemInfo: [/proc/self/status]	VmSwap:	       0 kB
20220313 002543.141 INFO             PET0 PIOc_freedecomp Exit - MemInfo: [/proc/self/status]	VmRSSPercent: 0.0332241 %
20220313 002543.141 INFO             PET0 PIOc_freedecomp Exit - MemInfo: [malloc] Non-mmapped space allocated:                 1314816 Byte
20220313 002543.141 INFO             PET0 PIOc_freedecomp Exit - MemInfo: [malloc] Space allocated in mmapped regions:          3358720 Byte
20220313 002543.141 INFO             PET0 PIOc_freedecomp Exit - MemInfo: [malloc] Maximum total allocated space:                     0 Byte
20220313 002543.141 INFO             PET0 PIOc_freedecomp Exit - MemInfo: [malloc] Space in freed fastbin blocks:                   688 Byte
20220313 002543.141 INFO             PET0 PIOc_freedecomp Exit - MemInfo: [malloc] Total allocated space:                       1268672 Byte
20220313 002543.141 INFO             PET0 PIOc_freedecomp Exit - MemInfo: [malloc] Total free space:                              46144 Byte
20220313 002543.141 INFO             PET0 PIOc_freedecomp Exit - MemInfo: [malloc] Top-most, releasable space:                    35120 Byte
20220313 002543.141 INFO             PET0 PIOc_freedecomp Exit - MemInfo: [malloc] Total space in use, mmap + non-mmap:         4627392 Byte
20220313 002543.141 INFO             PET0 PIOc_freedecomp Exit - MemInfo: [malloc] Total space held (mmap + non-mmap):          4673536 Byte
20220313 002543.141 INFO             PET0 PIOc_freedecomp Exit - MemInfo: [malloc] Total space used (mmap + non-mmap):          4635600 Byte
20220313 002543.141 INFO             PET0 PIOc_freedecomp Exit - MemInfo: Wall-clock time since execution start:                2.07271 seconds
20220313 002543.145 INFO             PET0 PIOc_sync Enter - MemInfo: [/proc/meminfo - SSI]	MemTotal:       65855856 kB
20220313 002543.145 INFO             PET0 PIOc_sync Enter - MemInfo: [/proc/meminfo - SSI]	MemFree:        61208256 kB
20220313 002543.145 INFO             PET0 PIOc_sync Enter - MemInfo: [/proc/meminfo - SSI]	MemAvailable:   60991668 kB
20220313 002543.145 INFO             PET0 PIOc_sync Enter - MemInfo: [/proc/meminfo - SSI]	Committed_AS:    2923196 kB
20220313 002543.145 INFO             PET0 PIOc_sync Enter - MemInfo: [/proc/meminfo - SSI]	CommittedPercent: 4.43878 %
20220313 002543.145 INFO             PET0 PIOc_sync Enter - MemInfo: [/proc/self/status]	VmPeak:	  228816 kB
20220313 002543.145 INFO             PET0 PIOc_sync Enter - MemInfo: [/proc/self/status]	VmSize:	  228816 kB
20220313 002543.145 INFO             PET0 PIOc_sync Enter - MemInfo: [/proc/self/status]	VmLck:	       0 kB
20220313 002543.145 INFO             PET0 PIOc_sync Enter - MemInfo: [/proc/self/status]	VmPin:	       0 kB
20220313 002543.145 INFO             PET0 PIOc_sync Enter - MemInfo: [/proc/self/status]	VmHWM:	   29920 kB
20220313 002543.145 INFO             PET0 PIOc_sync Enter - MemInfo: [/proc/self/status]	VmRSS:	   25804 kB
20220313 002543.145 INFO             PET0 PIOc_sync Enter - MemInfo: [/proc/self/status]	VmData:	   34300 kB
20220313 002543.145 INFO             PET0 PIOc_sync Enter - MemInfo: [/proc/self/status]	VmStk:	     508 kB
20220313 002543.145 INFO             PET0 PIOc_sync Enter - MemInfo: [/proc/self/status]	VmExe:	    1952 kB
20220313 002543.145 INFO             PET0 PIOc_sync Enter - MemInfo: [/proc/self/status]	VmLib:	   93984 kB
20220313 002543.145 INFO             PET0 PIOc_sync Enter - MemInfo: [/proc/self/status]	VmPTE:	     360 kB
20220313 002543.145 INFO             PET0 PIOc_sync Enter - MemInfo: [/proc/self/status]	VmPMD:	      12 kB
20220313 002543.145 INFO             PET0 PIOc_sync Enter - MemInfo: [/proc/self/status]	VmSwap:	       0 kB
20220313 002543.145 INFO             PET0 PIOc_sync Enter - MemInfo: [/proc/self/status]	VmRSSPercent: 0.0391825 %
20220313 002543.145 INFO             PET0 PIOc_sync Enter - MemInfo: [malloc] Non-mmapped space allocated:                10326016 Byte
20220313 002543.145 INFO             PET0 PIOc_sync Enter - MemInfo: [malloc] Space allocated in mmapped regions:          3358720 Byte
20220313 002543.145 INFO             PET0 PIOc_sync Enter - MemInfo: [malloc] Maximum total allocated space:                     0 Byte
20220313 002543.145 INFO             PET0 PIOc_sync Enter - MemInfo: [malloc] Space in freed fastbin blocks:                   256 Byte
20220313 002543.145 INFO             PET0 PIOc_sync Enter - MemInfo: [malloc] Total allocated space:                      10195808 Byte
20220313 002543.145 INFO             PET0 PIOc_sync Enter - MemInfo: [malloc] Total free space:                             130208 Byte
20220313 002543.145 INFO             PET0 PIOc_sync Enter - MemInfo: [malloc] Top-most, releasable space:                   127920 Byte
20220313 002543.145 INFO             PET0 PIOc_sync Enter - MemInfo: [malloc] Total space in use, mmap + non-mmap:        13554528 Byte
20220313 002543.145 INFO             PET0 PIOc_sync Enter - MemInfo: [malloc] Total space held (mmap + non-mmap):         13684736 Byte
20220313 002543.145 INFO             PET0 PIOc_sync Enter - MemInfo: [malloc] Total space used (mmap + non-mmap):         13562848 Byte
20220313 002543.145 INFO             PET0 PIOc_sync Enter - MemInfo: Wall-clock time since execution start:                2.07612 seconds
20220313 002543.145 INFO             PET0 PIOc_sync Exit - MemInfo: [/proc/meminfo - SSI]	MemTotal:       65855856 kB
20220313 002543.145 INFO             PET0 PIOc_sync Exit - MemInfo: [/proc/meminfo - SSI]	MemFree:        61208256 kB
20220313 002543.145 INFO             PET0 PIOc_sync Exit - MemInfo: [/proc/meminfo - SSI]	MemAvailable:   60991668 kB
20220313 002543.145 INFO             PET0 PIOc_sync Exit - MemInfo: [/proc/meminfo - SSI]	Committed_AS:    2923196 kB
20220313 002543.145 INFO             PET0 PIOc_sync Exit - MemInfo: [/proc/meminfo - SSI]	CommittedPercent: 4.43878 %
20220313 002543.145 INFO             PET0 PIOc_sync Exit - MemInfo: [/proc/self/status]	VmPeak:	  228816 kB
20220313 002543.145 INFO             PET0 PIOc_sync Exit - MemInfo: [/proc/self/status]	VmSize:	  228816 kB
20220313 002543.145 INFO             PET0 PIOc_sync Exit - MemInfo: [/proc/self/status]	VmLck:	       0 kB
20220313 002543.145 INFO             PET0 PIOc_sync Exit - MemInfo: [/proc/self/status]	VmPin:	       0 kB
20220313 002543.145 INFO             PET0 PIOc_sync Exit - MemInfo: [/proc/self/status]	VmHWM:	   29920 kB
20220313 002543.145 INFO             PET0 PIOc_sync Exit - MemInfo: [/proc/self/status]	VmRSS:	   25804 kB
20220313 002543.145 INFO             PET0 PIOc_sync Exit - MemInfo: [/proc/self/status]	VmData:	   34300 kB
20220313 002543.145 INFO             PET0 PIOc_sync Exit - MemInfo: [/proc/self/status]	VmStk:	     508 kB
20220313 002543.145 INFO             PET0 PIOc_sync Exit - MemInfo: [/proc/self/status]	VmExe:	    1952 kB
20220313 002543.145 INFO             PET0 PIOc_sync Exit - MemInfo: [/proc/self/status]	VmLib:	   93984 kB
20220313 002543.145 INFO             PET0 PIOc_sync Exit - MemInfo: [/proc/self/status]	VmPTE:	     360 kB
20220313 002543.145 INFO             PET0 PIOc_sync Exit - MemInfo: [/proc/self/status]	VmPMD:	      12 kB
20220313 002543.145 INFO             PET0 PIOc_sync Exit - MemInfo: [/proc/self/status]	VmSwap:	       0 kB
20220313 002543.145 INFO             PET0 PIOc_sync Exit - MemInfo: [/proc/self/status]	VmRSSPercent: 0.0391825 %
20220313 002543.145 INFO             PET0 PIOc_sync Exit - MemInfo: [malloc] Non-mmapped space allocated:                10326016 Byte
20220313 002543.145 INFO             PET0 PIOc_sync Exit - MemInfo: [malloc] Space allocated in mmapped regions:          3358720 Byte
20220313 002543.145 INFO             PET0 PIOc_sync Exit - MemInfo: [malloc] Maximum total allocated space:                     0 Byte
20220313 002543.145 INFO             PET0 PIOc_sync Exit - MemInfo: [malloc] Space in freed fastbin blocks:                     0 Byte
20220313 002543.145 INFO             PET0 PIOc_sync Exit - MemInfo: [malloc] Total allocated space:                      10196976 Byte
20220313 002543.145 INFO             PET0 PIOc_sync Exit - MemInfo: [malloc] Total free space:                             129040 Byte
20220313 002543.145 INFO             PET0 PIOc_sync Exit - MemInfo: [malloc] Top-most, releasable space:                   127696 Byte
20220313 002543.145 INFO             PET0 PIOc_sync Exit - MemInfo: [malloc] Total space in use, mmap + non-mmap:        13555696 Byte
20220313 002543.145 INFO             PET0 PIOc_sync Exit - MemInfo: [malloc] Total space held (mmap + non-mmap):         13684736 Byte
20220313 002543.145 INFO             PET0 PIOc_sync Exit - MemInfo: [malloc] Total space used (mmap + non-mmap):         13564016 Byte
20220313 002543.145 INFO             PET0 PIOc_sync Exit - MemInfo: Wall-clock time since execution start:                2.07643 seconds
20220313 002543.145 INFO             PET0 PIOc_freedecomp Enter - MemInfo: [/proc/meminfo - SSI]	MemTotal:       65855856 kB
20220313 002543.145 INFO             PET0 PIOc_freedecomp Enter - MemInfo: [/proc/meminfo - SSI]	MemFree:        61208256 kB
20220313 002543.145 INFO             PET0 PIOc_freedecomp Enter - MemInfo: [/proc/meminfo - SSI]	MemAvailable:   60991668 kB
20220313 002543.145 INFO             PET0 PIOc_freedecomp Enter - MemInfo: [/proc/meminfo - SSI]	Committed_AS:    2923196 kB
20220313 002543.145 INFO             PET0 PIOc_freedecomp Enter - MemInfo: [/proc/meminfo - SSI]	CommittedPercent: 4.43878 %
20220313 002543.145 INFO             PET0 PIOc_freedecomp Enter - MemInfo: [/proc/self/status]	VmPeak:	  228816 kB
20220313 002543.145 INFO             PET0 PIOc_freedecomp Enter - MemInfo: [/proc/self/status]	VmSize:	  228816 kB
20220313 002543.145 INFO             PET0 PIOc_freedecomp Enter - MemInfo: [/proc/self/status]	VmLck:	       0 kB
20220313 002543.145 INFO             PET0 PIOc_freedecomp Enter - MemInfo: [/proc/self/status]	VmPin:	       0 kB
20220313 002543.145 INFO             PET0 PIOc_freedecomp Enter - MemInfo: [/proc/self/status]	VmHWM:	   29920 kB
20220313 002543.145 INFO             PET0 PIOc_freedecomp Enter - MemInfo: [/proc/self/status]	VmRSS:	   25804 kB
20220313 002543.145 INFO             PET0 PIOc_freedecomp Enter - MemInfo: [/proc/self/status]	VmData:	   34300 kB
20220313 002543.145 INFO             PET0 PIOc_freedecomp Enter - MemInfo: [/proc/self/status]	VmStk:	     508 kB
20220313 002543.145 INFO             PET0 PIOc_freedecomp Enter - MemInfo: [/proc/self/status]	VmExe:	    1952 kB
20220313 002543.145 INFO             PET0 PIOc_freedecomp Enter - MemInfo: [/proc/self/status]	VmLib:	   93984 kB
20220313 002543.145 INFO             PET0 PIOc_freedecomp Enter - MemInfo: [/proc/self/status]	VmPTE:	     360 kB
20220313 002543.145 INFO             PET0 PIOc_freedecomp Enter - MemInfo: [/proc/self/status]	VmPMD:	      12 kB
20220313 002543.145 INFO             PET0 PIOc_freedecomp Enter - MemInfo: [/proc/self/status]	VmSwap:	       0 kB
20220313 002543.145 INFO             PET0 PIOc_freedecomp Enter - MemInfo: [/proc/self/status]	VmRSSPercent: 0.0391825 %
20220313 002543.145 INFO             PET0 PIOc_freedecomp Enter - MemInfo: [malloc] Non-mmapped space allocated:                10326016 Byte
20220313 002543.146 INFO             PET0 PIOc_freedecomp Enter - MemInfo: [malloc] Space allocated in mmapped regions:          3358720 Byte
20220313 002543.146 INFO             PET0 PIOc_freedecomp Enter - MemInfo: [malloc] Maximum total allocated space:                     0 Byte
20220313 002543.146 INFO             PET0 PIOc_freedecomp Enter - MemInfo: [malloc] Space in freed fastbin blocks:                   112 Byte
20220313 002543.146 INFO             PET0 PIOc_freedecomp Enter - MemInfo: [malloc] Total allocated space:                       1272992 Byte
20220313 002543.146 INFO             PET0 PIOc_freedecomp Enter - MemInfo: [malloc] Total free space:                            9053024 Byte
20220313 002543.146 INFO             PET0 PIOc_freedecomp Enter - MemInfo: [malloc] Top-most, releasable space:                   127472 Byte
20220313 002543.146 INFO             PET0 PIOc_freedecomp Enter - MemInfo: [malloc] Total space in use, mmap + non-mmap:         4631712 Byte
20220313 002543.146 INFO             PET0 PIOc_freedecomp Enter - MemInfo: [malloc] Total space held (mmap + non-mmap):         13684736 Byte
20220313 002543.146 INFO             PET0 PIOc_freedecomp Enter - MemInfo: [malloc] Total space used (mmap + non-mmap):          4639920 Byte
20220313 002543.146 INFO             PET0 PIOc_freedecomp Enter - MemInfo: Wall-clock time since execution start:                2.07681 seconds
20220313 002543.146 INFO             PET0 PIOc_freedecomp Exit - MemInfo: [/proc/meminfo - SSI]	MemTotal:       65855856 kB
20220313 002543.146 INFO             PET0 PIOc_freedecomp Exit - MemInfo: [/proc/meminfo - SSI]	MemFree:        61208256 kB
20220313 002543.146 INFO             PET0 PIOc_freedecomp Exit - MemInfo: [/proc/meminfo - SSI]	MemAvailable:   60991668 kB
20220313 002543.146 INFO             PET0 PIOc_freedecomp Exit - MemInfo: [/proc/meminfo - SSI]	Committed_AS:    2923196 kB
20220313 002543.146 INFO             PET0 PIOc_freedecomp Exit - MemInfo: [/proc/meminfo - SSI]	CommittedPercent: 4.43878 %
20220313 002543.146 INFO             PET0 PIOc_freedecomp Exit - MemInfo: [/proc/self/status]	VmPeak:	  228816 kB
20220313 002543.146 INFO             PET0 PIOc_freedecomp Exit - MemInfo: [/proc/self/status]	VmSize:	  228816 kB
20220313 002543.146 INFO             PET0 PIOc_freedecomp Exit - MemInfo: [/proc/self/status]	VmLck:	       0 kB
20220313 002543.146 INFO             PET0 PIOc_freedecomp Exit - MemInfo: [/proc/self/status]	VmPin:	       0 kB
20220313 002543.146 INFO             PET0 PIOc_freedecomp Exit - MemInfo: [/proc/self/status]	VmHWM:	   29920 kB
20220313 002543.146 INFO             PET0 PIOc_freedecomp Exit - MemInfo: [/proc/self/status]	VmRSS:	   25804 kB
20220313 002543.146 INFO             PET0 PIOc_freedecomp Exit - MemInfo: [/proc/self/status]	VmData:	   34300 kB
20220313 002543.146 INFO             PET0 PIOc_freedecomp Exit - MemInfo: [/proc/self/status]	VmStk:	     508 kB
20220313 002543.146 INFO             PET0 PIOc_freedecomp Exit - MemInfo: [/proc/self/status]	VmExe:	    1952 kB
20220313 002543.146 INFO             PET0 PIOc_freedecomp Exit - MemInfo: [/proc/self/status]	VmLib:	   93984 kB
20220313 002543.146 INFO             PET0 PIOc_freedecomp Exit - MemInfo: [/proc/self/status]	VmPTE:	     360 kB
20220313 002543.146 INFO             PET0 PIOc_freedecomp Exit - MemInfo: [/proc/self/status]	VmPMD:	      12 kB
20220313 002543.146 INFO             PET0 PIOc_freedecomp Exit - MemInfo: [/proc/self/status]	VmSwap:	       0 kB
20220313 002543.146 INFO             PET0 PIOc_freedecomp Exit - MemInfo: [/proc/self/status]	VmRSSPercent: 0.0391825 %
20220313 002543.146 INFO             PET0 PIOc_freedecomp Exit - MemInfo: [malloc] Non-mmapped space allocated:                10326016 Byte
20220313 002543.146 INFO             PET0 PIOc_freedecomp Exit - MemInfo: [malloc] Space allocated in mmapped regions:          3358720 Byte
20220313 002543.146 INFO             PET0 PIOc_freedecomp Exit - MemInfo: [malloc] Maximum total allocated space:                     0 Byte
20220313 002543.146 INFO             PET0 PIOc_freedecomp Exit - MemInfo: [malloc] Space in freed fastbin blocks:                  1152 Byte
20220313 002543.146 INFO             PET0 PIOc_freedecomp Exit - MemInfo: [malloc] Total allocated space:                       1271696 Byte
20220313 002543.146 INFO             PET0 PIOc_freedecomp Exit - MemInfo: [malloc] Total free space:                            9054320 Byte
20220313 002543.146 INFO             PET0 PIOc_freedecomp Exit - MemInfo: [malloc] Top-most, releasable space:                   127472 Byte
20220313 002543.146 INFO             PET0 PIOc_freedecomp Exit - MemInfo: [malloc] Total space in use, mmap + non-mmap:         4630416 Byte
20220313 002543.146 INFO             PET0 PIOc_freedecomp Exit - MemInfo: [malloc] Total space held (mmap + non-mmap):         13684736 Byte
20220313 002543.146 INFO             PET0 PIOc_freedecomp Exit - MemInfo: [malloc] Total space used (mmap + non-mmap):          4638624 Byte
20220313 002543.146 INFO             PET0 PIOc_freedecomp Exit - MemInfo: Wall-clock time since execution start:                2.07706 seconds
20220313 002543.148 INFO             PET0 PIOc_sync Enter - MemInfo: [/proc/meminfo - SSI]	MemTotal:       65855856 kB
20220313 002543.148 INFO             PET0 PIOc_sync Enter - MemInfo: [/proc/meminfo - SSI]	MemFree:        61207752 kB
20220313 002543.148 INFO             PET0 PIOc_sync Enter - MemInfo: [/proc/meminfo - SSI]	MemAvailable:   60991164 kB
20220313 002543.148 INFO             PET0 PIOc_sync Enter - MemInfo: [/proc/meminfo - SSI]	Committed_AS:    2923196 kB
20220313 002543.148 INFO             PET0 PIOc_sync Enter - MemInfo: [/proc/meminfo - SSI]	CommittedPercent: 4.43878 %
20220313 002543.148 INFO             PET0 PIOc_sync Enter - MemInfo: [/proc/self/status]	VmPeak:	  228816 kB
20220313 002543.148 INFO             PET0 PIOc_sync Enter - MemInfo: [/proc/self/status]	VmSize:	  228792 kB
20220313 002543.148 INFO             PET0 PIOc_sync Enter - MemInfo: [/proc/self/status]	VmLck:	       0 kB
20220313 002543.148 INFO             PET0 PIOc_sync Enter - MemInfo: [/proc/self/status]	VmPin:	       0 kB
20220313 002543.148 INFO             PET0 PIOc_sync Enter - MemInfo: [/proc/self/status]	VmHWM:	   29920 kB
20220313 002543.148 INFO             PET0 PIOc_sync Enter - MemInfo: [/proc/self/status]	VmRSS:	   26272 kB
20220313 002543.148 INFO             PET0 PIOc_sync Enter - MemInfo: [/proc/self/status]	VmData:	   34300 kB
20220313 002543.148 INFO             PET0 PIOc_sync Enter - MemInfo: [/proc/self/status]	VmStk:	     508 kB
20220313 002543.148 INFO             PET0 PIOc_sync Enter - MemInfo: [/proc/self/status]	VmExe:	    1952 kB
20220313 002543.148 INFO             PET0 PIOc_sync Enter - MemInfo: [/proc/self/status]	VmLib:	   93984 kB
20220313 002543.148 INFO             PET0 PIOc_sync Enter - MemInfo: [/proc/self/status]	VmPTE:	     360 kB
20220313 002543.148 INFO             PET0 PIOc_sync Enter - MemInfo: [/proc/self/status]	VmPMD:	      12 kB
20220313 002543.148 INFO             PET0 PIOc_sync Enter - MemInfo: [/proc/self/status]	VmSwap:	       0 kB
20220313 002543.148 INFO             PET0 PIOc_sync Enter - MemInfo: [/proc/self/status]	VmRSSPercent: 0.0398932 %
20220313 002543.148 INFO             PET0 PIOc_sync Enter - MemInfo: [malloc] Non-mmapped space allocated:                10326016 Byte
20220313 002543.148 INFO             PET0 PIOc_sync Enter - MemInfo: [malloc] Space allocated in mmapped regions:          3358720 Byte
20220313 002543.148 INFO             PET0 PIOc_sync Enter - MemInfo: [malloc] Maximum total allocated space:                     0 Byte
20220313 002543.148 INFO             PET0 PIOc_sync Enter - MemInfo: [malloc] Space in freed fastbin blocks:                   832 Byte
20220313 002543.148 INFO             PET0 PIOc_sync Enter - MemInfo: [malloc] Total allocated space:                      10198080 Byte
20220313 002543.148 INFO             PET0 PIOc_sync Enter - MemInfo: [malloc] Total free space:                             127936 Byte
20220313 002543.148 INFO             PET0 PIOc_sync Enter - MemInfo: [malloc] Top-most, releasable space:                   122224 Byte
20220313 002543.148 INFO             PET0 PIOc_sync Enter - MemInfo: [malloc] Total space in use, mmap + non-mmap:        13556800 Byte
20220313 002543.148 INFO             PET0 PIOc_sync Enter - MemInfo: [malloc] Total space held (mmap + non-mmap):         13684736 Byte
20220313 002543.148 INFO             PET0 PIOc_sync Enter - MemInfo: [malloc] Total space used (mmap + non-mmap):         13565008 Byte
20220313 002543.148 INFO             PET0 PIOc_sync Enter - MemInfo: Wall-clock time since execution start:                2.07922 seconds
20220313 002543.148 INFO             PET0 PIOc_sync Exit - MemInfo: [/proc/meminfo - SSI]	MemTotal:       65855856 kB
20220313 002543.148 INFO             PET0 PIOc_sync Exit - MemInfo: [/proc/meminfo - SSI]	MemFree:        61207248 kB
20220313 002543.148 INFO             PET0 PIOc_sync Exit - MemInfo: [/proc/meminfo - SSI]	MemAvailable:   60990660 kB
20220313 002543.148 INFO             PET0 PIOc_sync Exit - MemInfo: [/proc/meminfo - SSI]	Committed_AS:    2923196 kB
20220313 002543.148 INFO             PET0 PIOc_sync Exit - MemInfo: [/proc/meminfo - SSI]	CommittedPercent: 4.43878 %
20220313 002543.148 INFO             PET0 PIOc_sync Exit - MemInfo: [/proc/self/status]	VmPeak:	  228816 kB
20220313 002543.148 INFO             PET0 PIOc_sync Exit - MemInfo: [/proc/self/status]	VmSize:	  228792 kB
20220313 002543.148 INFO             PET0 PIOc_sync Exit - MemInfo: [/proc/self/status]	VmLck:	       0 kB
20220313 002543.148 INFO             PET0 PIOc_sync Exit - MemInfo: [/proc/self/status]	VmPin:	       0 kB
20220313 002543.148 INFO             PET0 PIOc_sync Exit - MemInfo: [/proc/self/status]	VmHWM:	   29920 kB
20220313 002543.148 INFO             PET0 PIOc_sync Exit - MemInfo: [/proc/self/status]	VmRSS:	   26272 kB
20220313 002543.148 INFO             PET0 PIOc_sync Exit - MemInfo: [/proc/self/status]	VmData:	   34300 kB
20220313 002543.148 INFO             PET0 PIOc_sync Exit - MemInfo: [/proc/self/status]	VmStk:	     508 kB
20220313 002543.148 INFO             PET0 PIOc_sync Exit - MemInfo: [/proc/self/status]	VmExe:	    1952 kB
20220313 002543.148 INFO             PET0 PIOc_sync Exit - MemInfo: [/proc/self/status]	VmLib:	   93984 kB
20220313 002543.148 INFO             PET0 PIOc_sync Exit - MemInfo: [/proc/self/status]	VmPTE:	     360 kB
20220313 002543.148 INFO             PET0 PIOc_sync Exit - MemInfo: [/proc/self/status]	VmPMD:	      12 kB
20220313 002543.148 INFO             PET0 PIOc_sync Exit - MemInfo: [/proc/self/status]	VmSwap:	       0 kB
20220313 002543.148 INFO             PET0 PIOc_sync Exit - MemInfo: [/proc/self/status]	VmRSSPercent: 0.0398932 %
20220313 002543.148 INFO             PET0 PIOc_sync Exit - MemInfo: [malloc] Non-mmapped space allocated:                10326016 Byte
20220313 002543.148 INFO             PET0 PIOc_sync Exit - MemInfo: [malloc] Space allocated in mmapped regions:          3358720 Byte
20220313 002543.148 INFO             PET0 PIOc_sync Exit - MemInfo: [malloc] Maximum total allocated space:                     0 Byte
20220313 002543.148 INFO             PET0 PIOc_sync Exit - MemInfo: [malloc] Space in freed fastbin blocks:                    32 Byte
20220313 002543.148 INFO             PET0 PIOc_sync Exit - MemInfo: [malloc] Total allocated space:                      10198592 Byte
20220313 002543.148 INFO             PET0 PIOc_sync Exit - MemInfo: [malloc] Total free space:                             127424 Byte
20220313 002543.148 INFO             PET0 PIOc_sync Exit - MemInfo: [malloc] Top-most, releasable space:                   122000 Byte
20220313 002543.148 INFO             PET0 PIOc_sync Exit - MemInfo: [malloc] Total space in use, mmap + non-mmap:        13557312 Byte
20220313 002543.148 INFO             PET0 PIOc_sync Exit - MemInfo: [malloc] Total space held (mmap + non-mmap):         13684736 Byte
20220313 002543.148 INFO             PET0 PIOc_sync Exit - MemInfo: [malloc] Total space used (mmap + non-mmap):         13565632 Byte
20220313 002543.148 INFO             PET0 PIOc_sync Exit - MemInfo: Wall-clock time since execution start:                 2.0795 seconds
20220313 002543.148 INFO             PET0 PIOc_freedecomp Enter - MemInfo: [/proc/meminfo - SSI]	MemTotal:       65855856 kB
20220313 002543.148 INFO             PET0 PIOc_freedecomp Enter - MemInfo: [/proc/meminfo - SSI]	MemFree:        61207248 kB
20220313 002543.148 INFO             PET0 PIOc_freedecomp Enter - MemInfo: [/proc/meminfo - SSI]	MemAvailable:   60990660 kB
20220313 002543.148 INFO             PET0 PIOc_freedecomp Enter - MemInfo: [/proc/meminfo - SSI]	Committed_AS:    2923196 kB
20220313 002543.148 INFO             PET0 PIOc_freedecomp Enter - MemInfo: [/proc/meminfo - SSI]	CommittedPercent: 4.43878 %
20220313 002543.148 INFO             PET0 PIOc_freedecomp Enter - MemInfo: [/proc/self/status]	VmPeak:	  228816 kB
20220313 002543.148 INFO             PET0 PIOc_freedecomp Enter - MemInfo: [/proc/self/status]	VmSize:	  228792 kB
20220313 002543.148 INFO             PET0 PIOc_freedecomp Enter - MemInfo: [/proc/self/status]	VmLck:	       0 kB
20220313 002543.148 INFO             PET0 PIOc_freedecomp Enter - MemInfo: [/proc/self/status]	VmPin:	       0 kB
20220313 002543.148 INFO             PET0 PIOc_freedecomp Enter - MemInfo: [/proc/self/status]	VmHWM:	   29920 kB
20220313 002543.149 INFO             PET0 PIOc_freedecomp Enter - MemInfo: [/proc/self/status]	VmRSS:	   26272 kB
20220313 002543.149 INFO             PET0 PIOc_freedecomp Enter - MemInfo: [/proc/self/status]	VmData:	   34300 kB
20220313 002543.149 INFO             PET0 PIOc_freedecomp Enter - MemInfo: [/proc/self/status]	VmStk:	     508 kB
20220313 002543.149 INFO             PET0 PIOc_freedecomp Enter - MemInfo: [/proc/self/status]	VmExe:	    1952 kB
20220313 002543.149 INFO             PET0 PIOc_freedecomp Enter - MemInfo: [/proc/self/status]	VmLib:	   93984 kB
20220313 002543.149 INFO             PET0 PIOc_freedecomp Enter - MemInfo: [/proc/self/status]	VmPTE:	     360 kB
20220313 002543.149 INFO             PET0 PIOc_freedecomp Enter - MemInfo: [/proc/self/status]	VmPMD:	      12 kB
20220313 002543.149 INFO             PET0 PIOc_freedecomp Enter - MemInfo: [/proc/self/status]	VmSwap:	       0 kB
20220313 002543.149 INFO             PET0 PIOc_freedecomp Enter - MemInfo: [/proc/self/status]	VmRSSPercent: 0.0398932 %
20220313 002543.149 INFO             PET0 PIOc_freedecomp Enter - MemInfo: [malloc] Non-mmapped space allocated:                10326016 Byte
20220313 002543.149 INFO             PET0 PIOc_freedecomp Enter - MemInfo: [malloc] Space allocated in mmapped regions:          3358720 Byte
20220313 002543.149 INFO             PET0 PIOc_freedecomp Enter - MemInfo: [malloc] Maximum total allocated space:                     0 Byte
20220313 002543.149 INFO             PET0 PIOc_freedecomp Enter - MemInfo: [malloc] Space in freed fastbin blocks:                   192 Byte
20220313 002543.149 INFO             PET0 PIOc_freedecomp Enter - MemInfo: [malloc] Total allocated space:                       1273328 Byte
20220313 002543.149 INFO             PET0 PIOc_freedecomp Enter - MemInfo: [malloc] Total free space:                            9052688 Byte
20220313 002543.149 INFO             PET0 PIOc_freedecomp Enter - MemInfo: [malloc] Top-most, releasable space:                   121776 Byte
20220313 002543.149 INFO             PET0 PIOc_freedecomp Enter - MemInfo: [malloc] Total space in use, mmap + non-mmap:         4632048 Byte
20220313 002543.149 INFO             PET0 PIOc_freedecomp Enter - MemInfo: [malloc] Total space held (mmap + non-mmap):         13684736 Byte
20220313 002543.149 INFO             PET0 PIOc_freedecomp Enter - MemInfo: [malloc] Total space used (mmap + non-mmap):          4640256 Byte
20220313 002543.149 INFO             PET0 PIOc_freedecomp Enter - MemInfo: Wall-clock time since execution start:                2.07987 seconds
20220313 002543.149 INFO             PET0 PIOc_freedecomp Exit - MemInfo: [/proc/meminfo - SSI]	MemTotal:       65855856 kB
20220313 002543.149 INFO             PET0 PIOc_freedecomp Exit - MemInfo: [/proc/meminfo - SSI]	MemFree:        61207248 kB
20220313 002543.149 INFO             PET0 PIOc_freedecomp Exit - MemInfo: [/proc/meminfo - SSI]	MemAvailable:   60990660 kB
20220313 002543.149 INFO             PET0 PIOc_freedecomp Exit - MemInfo: [/proc/meminfo - SSI]	Committed_AS:    2923196 kB
20220313 002543.149 INFO             PET0 PIOc_freedecomp Exit - MemInfo: [/proc/meminfo - SSI]	CommittedPercent: 4.43878 %
20220313 002543.149 INFO             PET0 PIOc_freedecomp Exit - MemInfo: [/proc/self/status]	VmPeak:	  228816 kB
20220313 002543.149 INFO             PET0 PIOc_freedecomp Exit - MemInfo: [/proc/self/status]	VmSize:	  228792 kB
20220313 002543.149 INFO             PET0 PIOc_freedecomp Exit - MemInfo: [/proc/self/status]	VmLck:	       0 kB
20220313 002543.149 INFO             PET0 PIOc_freedecomp Exit - MemInfo: [/proc/self/status]	VmPin:	       0 kB
20220313 002543.149 INFO             PET0 PIOc_freedecomp Exit - MemInfo: [/proc/self/status]	VmHWM:	   29920 kB
20220313 002543.149 INFO             PET0 PIOc_freedecomp Exit - MemInfo: [/proc/self/status]	VmRSS:	   26272 kB
20220313 002543.149 INFO             PET0 PIOc_freedecomp Exit - MemInfo: [/proc/self/status]	VmData:	   34300 kB
20220313 002543.149 INFO             PET0 PIOc_freedecomp Exit - MemInfo: [/proc/self/status]	VmStk:	     508 kB
20220313 002543.149 INFO             PET0 PIOc_freedecomp Exit - MemInfo: [/proc/self/status]	VmExe:	    1952 kB
20220313 002543.149 INFO             PET0 PIOc_freedecomp Exit - MemInfo: [/proc/self/status]	VmLib:	   93984 kB
20220313 002543.149 INFO             PET0 PIOc_freedecomp Exit - MemInfo: [/proc/self/status]	VmPTE:	     360 kB
20220313 002543.149 INFO             PET0 PIOc_freedecomp Exit - MemInfo: [/proc/self/status]	VmPMD:	      12 kB
20220313 002543.149 INFO             PET0 PIOc_freedecomp Exit - MemInfo: [/proc/self/status]	VmSwap:	       0 kB
20220313 002543.149 INFO             PET0 PIOc_freedecomp Exit - MemInfo: [/proc/self/status]	VmRSSPercent: 0.0398932 %
20220313 002543.149 INFO             PET0 PIOc_freedecomp Exit - MemInfo: [malloc] Non-mmapped space allocated:                10326016 Byte
20220313 002543.149 INFO             PET0 PIOc_freedecomp Exit - MemInfo: [malloc] Space allocated in mmapped regions:          3358720 Byte
20220313 002543.149 INFO             PET0 PIOc_freedecomp Exit - MemInfo: [malloc] Maximum total allocated space:                     0 Byte
20220313 002543.149 INFO             PET0 PIOc_freedecomp Exit - MemInfo: [malloc] Space in freed fastbin blocks:                  1472 Byte
20220313 002543.149 INFO             PET0 PIOc_freedecomp Exit - MemInfo: [malloc] Total allocated space:                       1271712 Byte
20220313 002543.149 INFO             PET0 PIOc_freedecomp Exit - MemInfo: [malloc] Total free space:                            9054304 Byte
20220313 002543.149 INFO             PET0 PIOc_freedecomp Exit - MemInfo: [malloc] Top-most, releasable space:                   127472 Byte
20220313 002543.149 INFO             PET0 PIOc_freedecomp Exit - MemInfo: [malloc] Total space in use, mmap + non-mmap:         4630432 Byte
20220313 002543.149 INFO             PET0 PIOc_freedecomp Exit - MemInfo: [malloc] Total space held (mmap + non-mmap):         13684736 Byte
20220313 002543.149 INFO             PET0 PIOc_freedecomp Exit - MemInfo: [malloc] Total space used (mmap + non-mmap):          4638640 Byte
20220313 002543.149 INFO             PET0 PIOc_freedecomp Exit - MemInfo: Wall-clock time since execution start:                2.08011 seconds
20220313 002543.151 INFO             PET0 PIOc_sync Enter - MemInfo: [/proc/meminfo - SSI]	MemTotal:       65855856 kB
20220313 002543.151 INFO             PET0 PIOc_sync Enter - MemInfo: [/proc/meminfo - SSI]	MemFree:        61207248 kB
20220313 002543.151 INFO             PET0 PIOc_sync Enter - MemInfo: [/proc/meminfo - SSI]	MemAvailable:   60990660 kB
20220313 002543.151 INFO             PET0 PIOc_sync Enter - MemInfo: [/proc/meminfo - SSI]	Committed_AS:    2923196 kB
20220313 002543.151 INFO             PET0 PIOc_sync Enter - MemInfo: [/proc/meminfo - SSI]	CommittedPercent: 4.43878 %
20220313 002543.151 INFO             PET0 PIOc_sync Enter - MemInfo: [/proc/self/status]	VmPeak:	  228816 kB
20220313 002543.151 INFO             PET0 PIOc_sync Enter - MemInfo: [/proc/self/status]	VmSize:	  228780 kB
20220313 002543.151 INFO             PET0 PIOc_sync Enter - MemInfo: [/proc/self/status]	VmLck:	       0 kB
20220313 002543.151 INFO             PET0 PIOc_sync Enter - MemInfo: [/proc/self/status]	VmPin:	       0 kB
20220313 002543.151 INFO             PET0 PIOc_sync Enter - MemInfo: [/proc/self/status]	VmHWM:	   29920 kB
20220313 002543.151 INFO             PET0 PIOc_sync Enter - MemInfo: [/proc/self/status]	VmRSS:	   26500 kB
20220313 002543.151 INFO             PET0 PIOc_sync Enter - MemInfo: [/proc/self/status]	VmData:	   34300 kB
20220313 002543.151 INFO             PET0 PIOc_sync Enter - MemInfo: [/proc/self/status]	VmStk:	     508 kB
20220313 002543.151 INFO             PET0 PIOc_sync Enter - MemInfo: [/proc/self/status]	VmExe:	    1952 kB
20220313 002543.151 INFO             PET0 PIOc_sync Enter - MemInfo: [/proc/self/status]	VmLib:	   93984 kB
20220313 002543.151 INFO             PET0 PIOc_sync Enter - MemInfo: [/proc/self/status]	VmPTE:	     360 kB
20220313 002543.151 INFO             PET0 PIOc_sync Enter - MemInfo: [/proc/self/status]	VmPMD:	      12 kB
20220313 002543.151 INFO             PET0 PIOc_sync Enter - MemInfo: [/proc/self/status]	VmSwap:	       0 kB
20220313 002543.151 INFO             PET0 PIOc_sync Enter - MemInfo: [/proc/self/status]	VmRSSPercent: 0.0402394 %
20220313 002543.151 INFO             PET0 PIOc_sync Enter - MemInfo: [malloc] Non-mmapped space allocated:                10326016 Byte
20220313 002543.151 INFO             PET0 PIOc_sync Enter - MemInfo: [malloc] Space allocated in mmapped regions:          3358720 Byte
20220313 002543.151 INFO             PET0 PIOc_sync Enter - MemInfo: [malloc] Maximum total allocated space:                     0 Byte
20220313 002543.151 INFO             PET0 PIOc_sync Enter - MemInfo: [malloc] Space in freed fastbin blocks:                  1600 Byte
20220313 002543.151 INFO             PET0 PIOc_sync Enter - MemInfo: [malloc] Total allocated space:                      10199456 Byte
20220313 002543.151 INFO             PET0 PIOc_sync Enter - MemInfo: [malloc] Total free space:                             126560 Byte
20220313 002543.151 INFO             PET0 PIOc_sync Enter - MemInfo: [malloc] Top-most, releasable space:                   122224 Byte
20220313 002543.151 INFO             PET0 PIOc_sync Enter - MemInfo: [malloc] Total space in use, mmap + non-mmap:        13558176 Byte
20220313 002543.151 INFO             PET0 PIOc_sync Enter - MemInfo: [malloc] Total space held (mmap + non-mmap):         13684736 Byte
20220313 002543.151 INFO             PET0 PIOc_sync Enter - MemInfo: [malloc] Total space used (mmap + non-mmap):         13566384 Byte
20220313 002543.151 INFO             PET0 PIOc_sync Enter - MemInfo: Wall-clock time since execution start:                2.08253 seconds
20220313 002543.151 INFO             PET0 PIOc_sync Exit - MemInfo: [/proc/meminfo - SSI]	MemTotal:       65855856 kB
20220313 002543.151 INFO             PET0 PIOc_sync Exit - MemInfo: [/proc/meminfo - SSI]	MemFree:        61207248 kB
20220313 002543.151 INFO             PET0 PIOc_sync Exit - MemInfo: [/proc/meminfo - SSI]	MemAvailable:   60990660 kB
20220313 002543.151 INFO             PET0 PIOc_sync Exit - MemInfo: [/proc/meminfo - SSI]	Committed_AS:    2923196 kB
20220313 002543.151 INFO             PET0 PIOc_sync Exit - MemInfo: [/proc/meminfo - SSI]	CommittedPercent: 4.43878 %
20220313 002543.151 INFO             PET0 PIOc_sync Exit - MemInfo: [/proc/self/status]	VmPeak:	  228816 kB
20220313 002543.151 INFO             PET0 PIOc_sync Exit - MemInfo: [/proc/self/status]	VmSize:	  228780 kB
20220313 002543.151 INFO             PET0 PIOc_sync Exit - MemInfo: [/proc/self/status]	VmLck:	       0 kB
20220313 002543.151 INFO             PET0 PIOc_sync Exit - MemInfo: [/proc/self/status]	VmPin:	       0 kB
20220313 002543.151 INFO             PET0 PIOc_sync Exit - MemInfo: [/proc/self/status]	VmHWM:	   29920 kB
20220313 002543.152 INFO             PET0 PIOc_sync Exit - MemInfo: [/proc/self/status]	VmRSS:	   26500 kB
20220313 002543.152 INFO             PET0 PIOc_sync Exit - MemInfo: [/proc/self/status]	VmData:	   34300 kB
20220313 002543.152 INFO             PET0 PIOc_sync Exit - MemInfo: [/proc/self/status]	VmStk:	     508 kB
20220313 002543.152 INFO             PET0 PIOc_sync Exit - MemInfo: [/proc/self/status]	VmExe:	    1952 kB
20220313 002543.152 INFO             PET0 PIOc_sync Exit - MemInfo: [/proc/self/status]	VmLib:	   93984 kB
20220313 002543.152 INFO             PET0 PIOc_sync Exit - MemInfo: [/proc/self/status]	VmPTE:	     360 kB
20220313 002543.152 INFO             PET0 PIOc_sync Exit - MemInfo: [/proc/self/status]	VmPMD:	      12 kB
20220313 002543.152 INFO             PET0 PIOc_sync Exit - MemInfo: [/proc/self/status]	VmSwap:	       0 kB
20220313 002543.152 INFO             PET0 PIOc_sync Exit - MemInfo: [/proc/self/status]	VmRSSPercent: 0.0402394 %
20220313 002543.152 INFO             PET0 PIOc_sync Exit - MemInfo: [malloc] Non-mmapped space allocated:                10326016 Byte
20220313 002543.152 INFO             PET0 PIOc_sync Exit - MemInfo: [malloc] Space allocated in mmapped regions:          3358720 Byte
20220313 002543.152 INFO             PET0 PIOc_sync Exit - MemInfo: [malloc] Maximum total allocated space:                     0 Byte
20220313 002543.152 INFO             PET0 PIOc_sync Exit - MemInfo: [malloc] Space in freed fastbin blocks:                    80 Byte
20220313 002543.152 INFO             PET0 PIOc_sync Exit - MemInfo: [malloc] Total allocated space:                      10200464 Byte
20220313 002543.152 INFO             PET0 PIOc_sync Exit - MemInfo: [malloc] Total free space:                             125552 Byte
20220313 002543.152 INFO             PET0 PIOc_sync Exit - MemInfo: [malloc] Top-most, releasable space:                   122000 Byte
20220313 002543.152 INFO             PET0 PIOc_sync Exit - MemInfo: [malloc] Total space in use, mmap + non-mmap:        13559184 Byte
20220313 002543.152 INFO             PET0 PIOc_sync Exit - MemInfo: [malloc] Total space held (mmap + non-mmap):         13684736 Byte
20220313 002543.152 INFO             PET0 PIOc_sync Exit - MemInfo: [malloc] Total space used (mmap + non-mmap):         13567504 Byte
20220313 002543.152 INFO             PET0 PIOc_sync Exit - MemInfo: Wall-clock time since execution start:                2.08284 seconds
20220313 002543.152 INFO             PET0 PIOc_freedecomp Enter - MemInfo: [/proc/meminfo - SSI]	MemTotal:       65855856 kB
20220313 002543.152 INFO             PET0 PIOc_freedecomp Enter - MemInfo: [/proc/meminfo - SSI]	MemFree:        61207248 kB
20220313 002543.152 INFO             PET0 PIOc_freedecomp Enter - MemInfo: [/proc/meminfo - SSI]	MemAvailable:   60990660 kB
20220313 002543.152 INFO             PET0 PIOc_freedecomp Enter - MemInfo: [/proc/meminfo - SSI]	Committed_AS:    2923196 kB
20220313 002543.152 INFO             PET0 PIOc_freedecomp Enter - MemInfo: [/proc/meminfo - SSI]	CommittedPercent: 4.43878 %
20220313 002543.152 INFO             PET0 PIOc_freedecomp Enter - MemInfo: [/proc/self/status]	VmPeak:	  228816 kB
20220313 002543.152 INFO             PET0 PIOc_freedecomp Enter - MemInfo: [/proc/self/status]	VmSize:	  228780 kB
20220313 002543.152 INFO             PET0 PIOc_freedecomp Enter - MemInfo: [/proc/self/status]	VmLck:	       0 kB
20220313 002543.152 INFO             PET0 PIOc_freedecomp Enter - MemInfo: [/proc/self/status]	VmPin:	       0 kB
20220313 002543.152 INFO             PET0 PIOc_freedecomp Enter - MemInfo: [/proc/self/status]	VmHWM:	   29920 kB
20220313 002543.152 INFO             PET0 PIOc_freedecomp Enter - MemInfo: [/proc/self/status]	VmRSS:	   26500 kB
20220313 002543.152 INFO             PET0 PIOc_freedecomp Enter - MemInfo: [/proc/self/status]	VmData:	   34300 kB
20220313 002543.152 INFO             PET0 PIOc_freedecomp Enter - MemInfo: [/proc/self/status]	VmStk:	     508 kB
20220313 002543.152 INFO             PET0 PIOc_freedecomp Enter - MemInfo: [/proc/self/status]	VmExe:	    1952 kB
20220313 002543.152 INFO             PET0 PIOc_freedecomp Enter - MemInfo: [/proc/self/status]	VmLib:	   93984 kB
20220313 002543.152 INFO             PET0 PIOc_freedecomp Enter - MemInfo: [/proc/self/status]	VmPTE:	     360 kB
20220313 002543.152 INFO             PET0 PIOc_freedecomp Enter - MemInfo: [/proc/self/status]	VmPMD:	      12 kB
20220313 002543.152 INFO             PET0 PIOc_freedecomp Enter - MemInfo: [/proc/self/status]	VmSwap:	       0 kB
20220313 002543.152 INFO             PET0 PIOc_freedecomp Enter - MemInfo: [/proc/self/status]	VmRSSPercent: 0.0402394 %
20220313 002543.152 INFO             PET0 PIOc_freedecomp Enter - MemInfo: [malloc] Non-mmapped space allocated:                10326016 Byte
20220313 002543.152 INFO             PET0 PIOc_freedecomp Enter - MemInfo: [malloc] Space allocated in mmapped regions:          3358720 Byte
20220313 002543.152 INFO             PET0 PIOc_freedecomp Enter - MemInfo: [malloc] Maximum total allocated space:                     0 Byte
20220313 002543.152 INFO             PET0 PIOc_freedecomp Enter - MemInfo: [malloc] Space in freed fastbin blocks:                   272 Byte
20220313 002543.152 INFO             PET0 PIOc_freedecomp Enter - MemInfo: [malloc] Total allocated space:                       1274272 Byte
20220313 002543.152 INFO             PET0 PIOc_freedecomp Enter - MemInfo: [malloc] Total free space:                            9051744 Byte
20220313 002543.152 INFO             PET0 PIOc_freedecomp Enter - MemInfo: [malloc] Top-most, releasable space:                   121776 Byte
20220313 002543.152 INFO             PET0 PIOc_freedecomp Enter - MemInfo: [malloc] Total space in use, mmap + non-mmap:         4632992 Byte
20220313 002543.152 INFO             PET0 PIOc_freedecomp Enter - MemInfo: [malloc] Total space held (mmap + non-mmap):         13684736 Byte
20220313 002543.152 INFO             PET0 PIOc_freedecomp Enter - MemInfo: [malloc] Total space used (mmap + non-mmap):          4641200 Byte
20220313 002543.152 INFO             PET0 PIOc_freedecomp Enter - MemInfo: Wall-clock time since execution start:                2.08326 seconds
20220313 002543.152 INFO             PET0 PIOc_freedecomp Exit - MemInfo: [/proc/meminfo - SSI]	MemTotal:       65855856 kB
20220313 002543.152 INFO             PET0 PIOc_freedecomp Exit - MemInfo: [/proc/meminfo - SSI]	MemFree:        61207248 kB
20220313 002543.152 INFO             PET0 PIOc_freedecomp Exit - MemInfo: [/proc/meminfo - SSI]	MemAvailable:   60990660 kB
20220313 002543.152 INFO             PET0 PIOc_freedecomp Exit - MemInfo: [/proc/meminfo - SSI]	Committed_AS:    2923196 kB
20220313 002543.152 INFO             PET0 PIOc_freedecomp Exit - MemInfo: [/proc/meminfo - SSI]	CommittedPercent: 4.43878 %
20220313 002543.152 INFO             PET0 PIOc_freedecomp Exit - MemInfo: [/proc/self/status]	VmPeak:	  228816 kB
20220313 002543.152 INFO             PET0 PIOc_freedecomp Exit - MemInfo: [/proc/self/status]	VmSize:	  228780 kB
20220313 002543.152 INFO             PET0 PIOc_freedecomp Exit - MemInfo: [/proc/self/status]	VmLck:	       0 kB
20220313 002543.152 INFO             PET0 PIOc_freedecomp Exit - MemInfo: [/proc/self/status]	VmPin:	       0 kB
20220313 002543.152 INFO             PET0 PIOc_freedecomp Exit - MemInfo: [/proc/self/status]	VmHWM:	   29920 kB
20220313 002543.152 INFO             PET0 PIOc_freedecomp Exit - MemInfo: [/proc/self/status]	VmRSS:	   26500 kB
20220313 002543.152 INFO             PET0 PIOc_freedecomp Exit - MemInfo: [/proc/self/status]	VmData:	   34300 kB
20220313 002543.152 INFO             PET0 PIOc_freedecomp Exit - MemInfo: [/proc/self/status]	VmStk:	     508 kB
20220313 002543.152 INFO             PET0 PIOc_freedecomp Exit - MemInfo: [/proc/self/status]	VmExe:	    1952 kB
20220313 002543.152 INFO             PET0 PIOc_freedecomp Exit - MemInfo: [/proc/self/status]	VmLib:	   93984 kB
20220313 002543.152 INFO             PET0 PIOc_freedecomp Exit - MemInfo: [/proc/self/status]	VmPTE:	     360 kB
20220313 002543.152 INFO             PET0 PIOc_freedecomp Exit - MemInfo: [/proc/self/status]	VmPMD:	      12 kB
20220313 002543.152 INFO             PET0 PIOc_freedecomp Exit - MemInfo: [/proc/self/status]	VmSwap:	       0 kB
20220313 002543.152 INFO             PET0 PIOc_freedecomp Exit - MemInfo: [/proc/self/status]	VmRSSPercent: 0.0402394 %
20220313 002543.152 INFO             PET0 PIOc_freedecomp Exit - MemInfo: [malloc] Non-mmapped space allocated:                10326016 Byte
20220313 002543.152 INFO             PET0 PIOc_freedecomp Exit - MemInfo: [malloc] Space allocated in mmapped regions:          3358720 Byte
20220313 002543.152 INFO             PET0 PIOc_freedecomp Exit - MemInfo: [malloc] Maximum total allocated space:                     0 Byte
20220313 002543.152 INFO             PET0 PIOc_freedecomp Exit - MemInfo: [malloc] Space in freed fastbin blocks:                  1584 Byte
20220313 002543.152 INFO             PET0 PIOc_freedecomp Exit - MemInfo: [malloc] Total allocated space:                       1272544 Byte
20220313 002543.152 INFO             PET0 PIOc_freedecomp Exit - MemInfo: [malloc] Total free space:                            9053472 Byte
20220313 002543.152 INFO             PET0 PIOc_freedecomp Exit - MemInfo: [malloc] Top-most, releasable space:                   127472 Byte
20220313 002543.152 INFO             PET0 PIOc_freedecomp Exit - MemInfo: [malloc] Total space in use, mmap + non-mmap:         4631264 Byte
20220313 002543.152 INFO             PET0 PIOc_freedecomp Exit - MemInfo: [malloc] Total space held (mmap + non-mmap):         13684736 Byte
20220313 002543.152 INFO             PET0 PIOc_freedecomp Exit - MemInfo: [malloc] Total space used (mmap + non-mmap):          4639472 Byte
20220313 002543.152 INFO             PET0 PIOc_freedecomp Exit - MemInfo: Wall-clock time since execution start:                 2.0835 seconds
20220313 002543.177 INFO             PET0  NUMBER_OF_PROCESSORS           4
20220313 002543.177 INFO             PET0  PASS  Example ESMF_RHandleBitForBitEx, ESMF_RHandleBitForBitEx.F90, line 1557
20220313 002543.177 INFO             PET0 Finalizing ESMF
20220313 002541.079 INFO             PET1 !!!!!!!!!!!!!!!!!!!!!!!!!!!!!!!!!!!!!!!!!!!!!!!!!!!!!!
20220313 002541.079 INFO             PET1 !!! THE ESMF_LOG IS SET TO OUTPUT ALL LOG MESSAGES !!!
20220313 002541.079 INFO             PET1 !!!     THIS MAY CAUSE SLOWDOWN IN PERFORMANCE     !!!
20220313 002541.079 INFO             PET1 !!! FOR PRODUCTION RUNS, USE:                      !!!
20220313 002541.079 INFO             PET1 !!!                   ESMF_LOGKIND_Multi_On_Error  !!!
20220313 002541.079 INFO             PET1 !!!!!!!!!!!!!!!!!!!!!!!!!!!!!!!!!!!!!!!!!!!!!!!!!!!!!!
20220313 002541.079 INFO             PET1 Running with ESMF Version   : v8.3.0b09-96-g559b459836
20220313 002541.079 INFO             PET1 ESMF library build date/time: "Mar 12 2022" "23:42:39"
20220313 002541.079 INFO             PET1 ESMF library build location : /lustre/f2/dev/ncep/Mark.Potts/intel_2019.5_mpi_O_jedwards_pio_update2
20220313 002541.079 INFO             PET1 ESMF_COMM                   : mpi
20220313 002541.080 INFO             PET1 ESMF_MOAB                   : enabled
20220313 002541.080 INFO             PET1 ESMF_LAPACK                 : enabled
20220313 002541.080 INFO             PET1 ESMF_NETCDF                 : enabled
20220313 002541.080 INFO             PET1 ESMF_PNETCDF                : disabled
20220313 002541.080 INFO             PET1 ESMF_PIO                    : enabled
20220313 002541.080 INFO             PET1 ESMF_YAMLCPP                : enabled
20220313 002541.127 INFO             PET1 PIOc_sync Enter - MemInfo: [/proc/meminfo - SSI]	MemTotal:       65855856 kB
20220313 002541.127 INFO             PET1 PIOc_sync Enter - MemInfo: [/proc/meminfo - SSI]	MemFree:        61207184 kB
20220313 002541.127 INFO             PET1 PIOc_sync Enter - MemInfo: [/proc/meminfo - SSI]	MemAvailable:   60989204 kB
20220313 002541.127 INFO             PET1 PIOc_sync Enter - MemInfo: [/proc/meminfo - SSI]	Committed_AS:    2922776 kB
20220313 002541.127 INFO             PET1 PIOc_sync Enter - MemInfo: [/proc/meminfo - SSI]	CommittedPercent: 4.43814 %
20220313 002541.127 INFO             PET1 PIOc_sync Enter - MemInfo: [/proc/self/status]	VmPeak:	  219456 kB
20220313 002541.127 INFO             PET1 PIOc_sync Enter - MemInfo: [/proc/self/status]	VmSize:	  219336 kB
20220313 002541.127 INFO             PET1 PIOc_sync Enter - MemInfo: [/proc/self/status]	VmLck:	       0 kB
20220313 002541.127 INFO             PET1 PIOc_sync Enter - MemInfo: [/proc/self/status]	VmPin:	       0 kB
20220313 002541.127 INFO             PET1 PIOc_sync Enter - MemInfo: [/proc/self/status]	VmHWM:	   19448 kB
20220313 002541.127 INFO             PET1 PIOc_sync Enter - MemInfo: [/proc/self/status]	VmRSS:	   19448 kB
20220313 002541.127 INFO             PET1 PIOc_sync Enter - MemInfo: [/proc/self/status]	VmData:	   24820 kB
20220313 002541.127 INFO             PET1 PIOc_sync Enter - MemInfo: [/proc/self/status]	VmStk:	     508 kB
20220313 002541.127 INFO             PET1 PIOc_sync Enter - MemInfo: [/proc/self/status]	VmExe:	    1952 kB
20220313 002541.127 INFO             PET1 PIOc_sync Enter - MemInfo: [/proc/self/status]	VmLib:	   93984 kB
20220313 002541.127 INFO             PET1 PIOc_sync Enter - MemInfo: [/proc/self/status]	VmPTE:	     328 kB
20220313 002541.127 INFO             PET1 PIOc_sync Enter - MemInfo: [/proc/self/status]	VmPMD:	      12 kB
20220313 002541.127 INFO             PET1 PIOc_sync Enter - MemInfo: [/proc/self/status]	VmSwap:	       0 kB
20220313 002541.127 INFO             PET1 PIOc_sync Enter - MemInfo: [/proc/self/status]	VmRSSPercent: 0.0295312 %
20220313 002541.127 INFO             PET1 PIOc_sync Enter - MemInfo: [malloc] Non-mmapped space allocated:                  950272 Byte
20220313 002541.127 INFO             PET1 PIOc_sync Enter - MemInfo: [malloc] Space allocated in mmapped regions:          3026944 Byte
20220313 002541.127 INFO             PET1 PIOc_sync Enter - MemInfo: [malloc] Maximum total allocated space:                     0 Byte
20220313 002541.127 INFO             PET1 PIOc_sync Enter - MemInfo: [malloc] Space in freed fastbin blocks:                     0 Byte
20220313 002541.127 INFO             PET1 PIOc_sync Enter - MemInfo: [malloc] Total allocated space:                        835664 Byte
20220313 002541.127 INFO             PET1 PIOc_sync Enter - MemInfo: [malloc] Total free space:                             114608 Byte
20220313 002541.127 INFO             PET1 PIOc_sync Enter - MemInfo: [malloc] Top-most, releasable space:                   114576 Byte
20220313 002541.127 INFO             PET1 PIOc_sync Enter - MemInfo: [malloc] Total space in use, mmap + non-mmap:         3862608 Byte
20220313 002541.127 INFO             PET1 PIOc_sync Enter - MemInfo: [malloc] Total space held (mmap + non-mmap):          3977216 Byte
20220313 002541.127 INFO             PET1 PIOc_sync Enter - MemInfo: [malloc] Total space used (mmap + non-mmap):          3872304 Byte
20220313 002541.127 INFO             PET1 PIOc_sync Enter - MemInfo: Wall-clock time since execution start:               0.058341 seconds
20220313 002543.140 INFO             PET1 PIOc_sync Exit - MemInfo: [/proc/meminfo - SSI]	MemTotal:       65855856 kB
20220313 002543.140 INFO             PET1 PIOc_sync Exit - MemInfo: [/proc/meminfo - SSI]	MemFree:        61203720 kB
20220313 002543.140 INFO             PET1 PIOc_sync Exit - MemInfo: [/proc/meminfo - SSI]	MemAvailable:   60987132 kB
20220313 002543.140 INFO             PET1 PIOc_sync Exit - MemInfo: [/proc/meminfo - SSI]	Committed_AS:    2922776 kB
20220313 002543.140 INFO             PET1 PIOc_sync Exit - MemInfo: [/proc/meminfo - SSI]	CommittedPercent: 4.43814 %
20220313 002543.140 INFO             PET1 PIOc_sync Exit - MemInfo: [/proc/self/status]	VmPeak:	  219456 kB
20220313 002543.140 INFO             PET1 PIOc_sync Exit - MemInfo: [/proc/self/status]	VmSize:	  219336 kB
20220313 002543.140 INFO             PET1 PIOc_sync Exit - MemInfo: [/proc/self/status]	VmLck:	       0 kB
20220313 002543.140 INFO             PET1 PIOc_sync Exit - MemInfo: [/proc/self/status]	VmPin:	       0 kB
20220313 002543.140 INFO             PET1 PIOc_sync Exit - MemInfo: [/proc/self/status]	VmHWM:	   19648 kB
20220313 002543.140 INFO             PET1 PIOc_sync Exit - MemInfo: [/proc/self/status]	VmRSS:	   19648 kB
20220313 002543.140 INFO             PET1 PIOc_sync Exit - MemInfo: [/proc/self/status]	VmData:	   24820 kB
20220313 002543.140 INFO             PET1 PIOc_sync Exit - MemInfo: [/proc/self/status]	VmStk:	     508 kB
20220313 002543.140 INFO             PET1 PIOc_sync Exit - MemInfo: [/proc/self/status]	VmExe:	    1952 kB
20220313 002543.140 INFO             PET1 PIOc_sync Exit - MemInfo: [/proc/self/status]	VmLib:	   93984 kB
20220313 002543.140 INFO             PET1 PIOc_sync Exit - MemInfo: [/proc/self/status]	VmPTE:	     328 kB
20220313 002543.140 INFO             PET1 PIOc_sync Exit - MemInfo: [/proc/self/status]	VmPMD:	      12 kB
20220313 002543.140 INFO             PET1 PIOc_sync Exit - MemInfo: [/proc/self/status]	VmSwap:	       0 kB
20220313 002543.140 INFO             PET1 PIOc_sync Exit - MemInfo: [/proc/self/status]	VmRSSPercent: 0.0298349 %
20220313 002543.140 INFO             PET1 PIOc_sync Exit - MemInfo: [malloc] Non-mmapped space allocated:                  950272 Byte
20220313 002543.141 INFO             PET1 PIOc_sync Exit - MemInfo: [malloc] Space allocated in mmapped regions:          3026944 Byte
20220313 002543.141 INFO             PET1 PIOc_sync Exit - MemInfo: [malloc] Maximum total allocated space:                     0 Byte
20220313 002543.141 INFO             PET1 PIOc_sync Exit - MemInfo: [malloc] Space in freed fastbin blocks:                     0 Byte
20220313 002543.141 INFO             PET1 PIOc_sync Exit - MemInfo: [malloc] Total allocated space:                        838192 Byte
20220313 002543.141 INFO             PET1 PIOc_sync Exit - MemInfo: [malloc] Total free space:                             112080 Byte
20220313 002543.141 INFO             PET1 PIOc_sync Exit - MemInfo: [malloc] Top-most, releasable space:                   112080 Byte
20220313 002543.141 INFO             PET1 PIOc_sync Exit - MemInfo: [malloc] Total space in use, mmap + non-mmap:         3865136 Byte
20220313 002543.141 INFO             PET1 PIOc_sync Exit - MemInfo: [malloc] Total space held (mmap + non-mmap):          3977216 Byte
20220313 002543.141 INFO             PET1 PIOc_sync Exit - MemInfo: [malloc] Total space used (mmap + non-mmap):          3873680 Byte
20220313 002543.141 INFO             PET1 PIOc_sync Exit - MemInfo: Wall-clock time since execution start:                2.07182 seconds
20220313 002543.141 INFO             PET1 PIOc_freedecomp Enter - MemInfo: [/proc/meminfo - SSI]	MemTotal:       65855856 kB
20220313 002543.141 INFO             PET1 PIOc_freedecomp Enter - MemInfo: [/proc/meminfo - SSI]	MemFree:        61210776 kB
20220313 002543.141 INFO             PET1 PIOc_freedecomp Enter - MemInfo: [/proc/meminfo - SSI]	MemAvailable:   60994188 kB
20220313 002543.141 INFO             PET1 PIOc_freedecomp Enter - MemInfo: [/proc/meminfo - SSI]	Committed_AS:    2914912 kB
20220313 002543.141 INFO             PET1 PIOc_freedecomp Enter - MemInfo: [/proc/meminfo - SSI]	CommittedPercent: 4.4262 %
20220313 002543.141 INFO             PET1 PIOc_freedecomp Enter - MemInfo: [/proc/self/status]	VmPeak:	  219456 kB
20220313 002543.141 INFO             PET1 PIOc_freedecomp Enter - MemInfo: [/proc/self/status]	VmSize:	  219336 kB
20220313 002543.141 INFO             PET1 PIOc_freedecomp Enter - MemInfo: [/proc/self/status]	VmLck:	       0 kB
20220313 002543.141 INFO             PET1 PIOc_freedecomp Enter - MemInfo: [/proc/self/status]	VmPin:	       0 kB
20220313 002543.141 INFO             PET1 PIOc_freedecomp Enter - MemInfo: [/proc/self/status]	VmHWM:	   19648 kB
20220313 002543.141 INFO             PET1 PIOc_freedecomp Enter - MemInfo: [/proc/self/status]	VmRSS:	   19648 kB
20220313 002543.141 INFO             PET1 PIOc_freedecomp Enter - MemInfo: [/proc/self/status]	VmData:	   24820 kB
20220313 002543.141 INFO             PET1 PIOc_freedecomp Enter - MemInfo: [/proc/self/status]	VmStk:	     508 kB
20220313 002543.141 INFO             PET1 PIOc_freedecomp Enter - MemInfo: [/proc/self/status]	VmExe:	    1952 kB
20220313 002543.141 INFO             PET1 PIOc_freedecomp Enter - MemInfo: [/proc/self/status]	VmLib:	   93984 kB
20220313 002543.141 INFO             PET1 PIOc_freedecomp Enter - MemInfo: [/proc/self/status]	VmPTE:	     328 kB
20220313 002543.141 INFO             PET1 PIOc_freedecomp Enter - MemInfo: [/proc/self/status]	VmPMD:	      12 kB
20220313 002543.141 INFO             PET1 PIOc_freedecomp Enter - MemInfo: [/proc/self/status]	VmSwap:	       0 kB
20220313 002543.141 INFO             PET1 PIOc_freedecomp Enter - MemInfo: [/proc/self/status]	VmRSSPercent: 0.0298349 %
20220313 002543.141 INFO             PET1 PIOc_freedecomp Enter - MemInfo: [malloc] Non-mmapped space allocated:                  950272 Byte
20220313 002543.141 INFO             PET1 PIOc_freedecomp Enter - MemInfo: [malloc] Space allocated in mmapped regions:          3026944 Byte
20220313 002543.141 INFO             PET1 PIOc_freedecomp Enter - MemInfo: [malloc] Maximum total allocated space:                     0 Byte
20220313 002543.141 INFO             PET1 PIOc_freedecomp Enter - MemInfo: [malloc] Space in freed fastbin blocks:                     0 Byte
20220313 002543.141 INFO             PET1 PIOc_freedecomp Enter - MemInfo: [malloc] Total allocated space:                        839104 Byte
20220313 002543.141 INFO             PET1 PIOc_freedecomp Enter - MemInfo: [malloc] Total free space:                             111168 Byte
20220313 002543.141 INFO             PET1 PIOc_freedecomp Enter - MemInfo: [malloc] Top-most, releasable space:                   111168 Byte
20220313 002543.141 INFO             PET1 PIOc_freedecomp Enter - MemInfo: [malloc] Total space in use, mmap + non-mmap:         3866048 Byte
20220313 002543.141 INFO             PET1 PIOc_freedecomp Enter - MemInfo: [malloc] Total space held (mmap + non-mmap):          3977216 Byte
20220313 002543.141 INFO             PET1 PIOc_freedecomp Enter - MemInfo: [malloc] Total space used (mmap + non-mmap):          3874624 Byte
20220313 002543.141 INFO             PET1 PIOc_freedecomp Enter - MemInfo: Wall-clock time since execution start:                 2.0725 seconds
20220313 002543.141 INFO             PET1 PIOc_freedecomp Exit - MemInfo: [/proc/meminfo - SSI]	MemTotal:       65855856 kB
20220313 002543.141 INFO             PET1 PIOc_freedecomp Exit - MemInfo: [/proc/meminfo - SSI]	MemFree:        61210776 kB
20220313 002543.141 INFO             PET1 PIOc_freedecomp Exit - MemInfo: [/proc/meminfo - SSI]	MemAvailable:   60994188 kB
20220313 002543.141 INFO             PET1 PIOc_freedecomp Exit - MemInfo: [/proc/meminfo - SSI]	Committed_AS:    2914912 kB
20220313 002543.141 INFO             PET1 PIOc_freedecomp Exit - MemInfo: [/proc/meminfo - SSI]	CommittedPercent: 4.4262 %
20220313 002543.141 INFO             PET1 PIOc_freedecomp Exit - MemInfo: [/proc/self/status]	VmPeak:	  219456 kB
20220313 002543.141 INFO             PET1 PIOc_freedecomp Exit - MemInfo: [/proc/self/status]	VmSize:	  219336 kB
20220313 002543.141 INFO             PET1 PIOc_freedecomp Exit - MemInfo: [/proc/self/status]	VmLck:	       0 kB
20220313 002543.141 INFO             PET1 PIOc_freedecomp Exit - MemInfo: [/proc/self/status]	VmPin:	       0 kB
20220313 002543.141 INFO             PET1 PIOc_freedecomp Exit - MemInfo: [/proc/self/status]	VmHWM:	   19648 kB
20220313 002543.141 INFO             PET1 PIOc_freedecomp Exit - MemInfo: [/proc/self/status]	VmRSS:	   19648 kB
20220313 002543.141 INFO             PET1 PIOc_freedecomp Exit - MemInfo: [/proc/self/status]	VmData:	   24820 kB
20220313 002543.141 INFO             PET1 PIOc_freedecomp Exit - MemInfo: [/proc/self/status]	VmStk:	     508 kB
20220313 002543.141 INFO             PET1 PIOc_freedecomp Exit - MemInfo: [/proc/self/status]	VmExe:	    1952 kB
20220313 002543.141 INFO             PET1 PIOc_freedecomp Exit - MemInfo: [/proc/self/status]	VmLib:	   93984 kB
20220313 002543.141 INFO             PET1 PIOc_freedecomp Exit - MemInfo: [/proc/self/status]	VmPTE:	     328 kB
20220313 002543.141 INFO             PET1 PIOc_freedecomp Exit - MemInfo: [/proc/self/status]	VmPMD:	      12 kB
20220313 002543.141 INFO             PET1 PIOc_freedecomp Exit - MemInfo: [/proc/self/status]	VmSwap:	       0 kB
20220313 002543.141 INFO             PET1 PIOc_freedecomp Exit - MemInfo: [/proc/self/status]	VmRSSPercent: 0.0298349 %
20220313 002543.141 INFO             PET1 PIOc_freedecomp Exit - MemInfo: [malloc] Non-mmapped space allocated:                  950272 Byte
20220313 002543.142 INFO             PET1 PIOc_freedecomp Exit - MemInfo: [malloc] Space allocated in mmapped regions:          3026944 Byte
20220313 002543.142 INFO             PET1 PIOc_freedecomp Exit - MemInfo: [malloc] Maximum total allocated space:                     0 Byte
20220313 002543.142 INFO             PET1 PIOc_freedecomp Exit - MemInfo: [malloc] Space in freed fastbin blocks:                   112 Byte
20220313 002543.142 INFO             PET1 PIOc_freedecomp Exit - MemInfo: [malloc] Total allocated space:                        839840 Byte
20220313 002543.142 INFO             PET1 PIOc_freedecomp Exit - MemInfo: [malloc] Total free space:                             110432 Byte
20220313 002543.142 INFO             PET1 PIOc_freedecomp Exit - MemInfo: [malloc] Top-most, releasable space:                   110320 Byte
20220313 002543.142 INFO             PET1 PIOc_freedecomp Exit - MemInfo: [malloc] Total space in use, mmap + non-mmap:         3866784 Byte
20220313 002543.142 INFO             PET1 PIOc_freedecomp Exit - MemInfo: [malloc] Total space held (mmap + non-mmap):          3977216 Byte
20220313 002543.142 INFO             PET1 PIOc_freedecomp Exit - MemInfo: [malloc] Total space used (mmap + non-mmap):          3875328 Byte
20220313 002543.142 INFO             PET1 PIOc_freedecomp Exit - MemInfo: Wall-clock time since execution start:                2.07279 seconds
20220313 002543.145 INFO             PET1 PIOc_sync Enter - MemInfo: [/proc/meminfo - SSI]	MemTotal:       65855856 kB
20220313 002543.145 INFO             PET1 PIOc_sync Enter - MemInfo: [/proc/meminfo - SSI]	MemFree:        61208256 kB
20220313 002543.145 INFO             PET1 PIOc_sync Enter - MemInfo: [/proc/meminfo - SSI]	MemAvailable:   60991668 kB
20220313 002543.145 INFO             PET1 PIOc_sync Enter - MemInfo: [/proc/meminfo - SSI]	Committed_AS:    2923196 kB
20220313 002543.145 INFO             PET1 PIOc_sync Enter - MemInfo: [/proc/meminfo - SSI]	CommittedPercent: 4.43878 %
20220313 002543.145 INFO             PET1 PIOc_sync Enter - MemInfo: [/proc/self/status]	VmPeak:	  219456 kB
20220313 002543.145 INFO             PET1 PIOc_sync Enter - MemInfo: [/proc/self/status]	VmSize:	  219336 kB
20220313 002543.145 INFO             PET1 PIOc_sync Enter - MemInfo: [/proc/self/status]	VmLck:	       0 kB
20220313 002543.145 INFO             PET1 PIOc_sync Enter - MemInfo: [/proc/self/status]	VmPin:	       0 kB
20220313 002543.145 INFO             PET1 PIOc_sync Enter - MemInfo: [/proc/self/status]	VmHWM:	   19744 kB
20220313 002543.145 INFO             PET1 PIOc_sync Enter - MemInfo: [/proc/self/status]	VmRSS:	   19728 kB
20220313 002543.145 INFO             PET1 PIOc_sync Enter - MemInfo: [/proc/self/status]	VmData:	   24820 kB
20220313 002543.145 INFO             PET1 PIOc_sync Enter - MemInfo: [/proc/self/status]	VmStk:	     508 kB
20220313 002543.145 INFO             PET1 PIOc_sync Enter - MemInfo: [/proc/self/status]	VmExe:	    1952 kB
20220313 002543.145 INFO             PET1 PIOc_sync Enter - MemInfo: [/proc/self/status]	VmLib:	   93984 kB
20220313 002543.145 INFO             PET1 PIOc_sync Enter - MemInfo: [/proc/self/status]	VmPTE:	     328 kB
20220313 002543.145 INFO             PET1 PIOc_sync Enter - MemInfo: [/proc/self/status]	VmPMD:	      12 kB
20220313 002543.145 INFO             PET1 PIOc_sync Enter - MemInfo: [/proc/self/status]	VmSwap:	       0 kB
20220313 002543.145 INFO             PET1 PIOc_sync Enter - MemInfo: [/proc/self/status]	VmRSSPercent: 0.0299563 %
20220313 002543.145 INFO             PET1 PIOc_sync Enter - MemInfo: [malloc] Non-mmapped space allocated:                  950272 Byte
20220313 002543.145 INFO             PET1 PIOc_sync Enter - MemInfo: [malloc] Space allocated in mmapped regions:          3026944 Byte
20220313 002543.145 INFO             PET1 PIOc_sync Enter - MemInfo: [malloc] Maximum total allocated space:                     0 Byte
20220313 002543.145 INFO             PET1 PIOc_sync Enter - MemInfo: [malloc] Space in freed fastbin blocks:                    32 Byte
20220313 002543.145 INFO             PET1 PIOc_sync Enter - MemInfo: [malloc] Total allocated space:                        841792 Byte
20220313 002543.145 INFO             PET1 PIOc_sync Enter - MemInfo: [malloc] Total free space:                             108480 Byte
20220313 002543.145 INFO             PET1 PIOc_sync Enter - MemInfo: [malloc] Top-most, releasable space:                   107872 Byte
20220313 002543.145 INFO             PET1 PIOc_sync Enter - MemInfo: [malloc] Total space in use, mmap + non-mmap:         3868736 Byte
20220313 002543.145 INFO             PET1 PIOc_sync Enter - MemInfo: [malloc] Total space held (mmap + non-mmap):          3977216 Byte
20220313 002543.145 INFO             PET1 PIOc_sync Enter - MemInfo: [malloc] Total space used (mmap + non-mmap):          3876944 Byte
20220313 002543.145 INFO             PET1 PIOc_sync Enter - MemInfo: Wall-clock time since execution start:                2.07615 seconds
20220313 002543.145 INFO             PET1 PIOc_sync Exit - MemInfo: [/proc/meminfo - SSI]	MemTotal:       65855856 kB
20220313 002543.145 INFO             PET1 PIOc_sync Exit - MemInfo: [/proc/meminfo - SSI]	MemFree:        61208256 kB
20220313 002543.145 INFO             PET1 PIOc_sync Exit - MemInfo: [/proc/meminfo - SSI]	MemAvailable:   60991668 kB
20220313 002543.145 INFO             PET1 PIOc_sync Exit - MemInfo: [/proc/meminfo - SSI]	Committed_AS:    2923196 kB
20220313 002543.145 INFO             PET1 PIOc_sync Exit - MemInfo: [/proc/meminfo - SSI]	CommittedPercent: 4.43878 %
20220313 002543.145 INFO             PET1 PIOc_sync Exit - MemInfo: [/proc/self/status]	VmPeak:	  219456 kB
20220313 002543.145 INFO             PET1 PIOc_sync Exit - MemInfo: [/proc/self/status]	VmSize:	  219336 kB
20220313 002543.145 INFO             PET1 PIOc_sync Exit - MemInfo: [/proc/self/status]	VmLck:	       0 kB
20220313 002543.145 INFO             PET1 PIOc_sync Exit - MemInfo: [/proc/self/status]	VmPin:	       0 kB
20220313 002543.145 INFO             PET1 PIOc_sync Exit - MemInfo: [/proc/self/status]	VmHWM:	   19744 kB
20220313 002543.145 INFO             PET1 PIOc_sync Exit - MemInfo: [/proc/self/status]	VmRSS:	   19728 kB
20220313 002543.145 INFO             PET1 PIOc_sync Exit - MemInfo: [/proc/self/status]	VmData:	   24820 kB
20220313 002543.145 INFO             PET1 PIOc_sync Exit - MemInfo: [/proc/self/status]	VmStk:	     508 kB
20220313 002543.145 INFO             PET1 PIOc_sync Exit - MemInfo: [/proc/self/status]	VmExe:	    1952 kB
20220313 002543.145 INFO             PET1 PIOc_sync Exit - MemInfo: [/proc/self/status]	VmLib:	   93984 kB
20220313 002543.145 INFO             PET1 PIOc_sync Exit - MemInfo: [/proc/self/status]	VmPTE:	     328 kB
20220313 002543.145 INFO             PET1 PIOc_sync Exit - MemInfo: [/proc/self/status]	VmPMD:	      12 kB
20220313 002543.145 INFO             PET1 PIOc_sync Exit - MemInfo: [/proc/self/status]	VmSwap:	       0 kB
20220313 002543.145 INFO             PET1 PIOc_sync Exit - MemInfo: [/proc/self/status]	VmRSSPercent: 0.0299563 %
20220313 002543.145 INFO             PET1 PIOc_sync Exit - MemInfo: [malloc] Non-mmapped space allocated:                  950272 Byte
20220313 002543.145 INFO             PET1 PIOc_sync Exit - MemInfo: [malloc] Space allocated in mmapped regions:          3026944 Byte
20220313 002543.145 INFO             PET1 PIOc_sync Exit - MemInfo: [malloc] Maximum total allocated space:                     0 Byte
20220313 002543.145 INFO             PET1 PIOc_sync Exit - MemInfo: [malloc] Space in freed fastbin blocks:                     0 Byte
20220313 002543.145 INFO             PET1 PIOc_sync Exit - MemInfo: [malloc] Total allocated space:                        842256 Byte
20220313 002543.145 INFO             PET1 PIOc_sync Exit - MemInfo: [malloc] Total free space:                             108016 Byte
20220313 002543.145 INFO             PET1 PIOc_sync Exit - MemInfo: [malloc] Top-most, releasable space:                   107648 Byte
20220313 002543.145 INFO             PET1 PIOc_sync Exit - MemInfo: [malloc] Total space in use, mmap + non-mmap:         3869200 Byte
20220313 002543.145 INFO             PET1 PIOc_sync Exit - MemInfo: [malloc] Total space held (mmap + non-mmap):          3977216 Byte
20220313 002543.145 INFO             PET1 PIOc_sync Exit - MemInfo: [malloc] Total space used (mmap + non-mmap):          3877408 Byte
20220313 002543.145 INFO             PET1 PIOc_sync Exit - MemInfo: Wall-clock time since execution start:                2.07647 seconds
20220313 002543.145 INFO             PET1 PIOc_freedecomp Enter - MemInfo: [/proc/meminfo - SSI]	MemTotal:       65855856 kB
20220313 002543.145 INFO             PET1 PIOc_freedecomp Enter - MemInfo: [/proc/meminfo - SSI]	MemFree:        61208256 kB
20220313 002543.145 INFO             PET1 PIOc_freedecomp Enter - MemInfo: [/proc/meminfo - SSI]	MemAvailable:   60991668 kB
20220313 002543.145 INFO             PET1 PIOc_freedecomp Enter - MemInfo: [/proc/meminfo - SSI]	Committed_AS:    2923196 kB
20220313 002543.145 INFO             PET1 PIOc_freedecomp Enter - MemInfo: [/proc/meminfo - SSI]	CommittedPercent: 4.43878 %
20220313 002543.145 INFO             PET1 PIOc_freedecomp Enter - MemInfo: [/proc/self/status]	VmPeak:	  219456 kB
20220313 002543.145 INFO             PET1 PIOc_freedecomp Enter - MemInfo: [/proc/self/status]	VmSize:	  219336 kB
20220313 002543.145 INFO             PET1 PIOc_freedecomp Enter - MemInfo: [/proc/self/status]	VmLck:	       0 kB
20220313 002543.145 INFO             PET1 PIOc_freedecomp Enter - MemInfo: [/proc/self/status]	VmPin:	       0 kB
20220313 002543.145 INFO             PET1 PIOc_freedecomp Enter - MemInfo: [/proc/self/status]	VmHWM:	   19744 kB
20220313 002543.145 INFO             PET1 PIOc_freedecomp Enter - MemInfo: [/proc/self/status]	VmRSS:	   19728 kB
20220313 002543.145 INFO             PET1 PIOc_freedecomp Enter - MemInfo: [/proc/self/status]	VmData:	   24820 kB
20220313 002543.145 INFO             PET1 PIOc_freedecomp Enter - MemInfo: [/proc/self/status]	VmStk:	     508 kB
20220313 002543.145 INFO             PET1 PIOc_freedecomp Enter - MemInfo: [/proc/self/status]	VmExe:	    1952 kB
20220313 002543.145 INFO             PET1 PIOc_freedecomp Enter - MemInfo: [/proc/self/status]	VmLib:	   93984 kB
20220313 002543.145 INFO             PET1 PIOc_freedecomp Enter - MemInfo: [/proc/self/status]	VmPTE:	     328 kB
20220313 002543.145 INFO             PET1 PIOc_freedecomp Enter - MemInfo: [/proc/self/status]	VmPMD:	      12 kB
20220313 002543.145 INFO             PET1 PIOc_freedecomp Enter - MemInfo: [/proc/self/status]	VmSwap:	       0 kB
20220313 002543.146 INFO             PET1 PIOc_freedecomp Enter - MemInfo: [/proc/self/status]	VmRSSPercent: 0.0299563 %
20220313 002543.146 INFO             PET1 PIOc_freedecomp Enter - MemInfo: [malloc] Non-mmapped space allocated:                  950272 Byte
20220313 002543.146 INFO             PET1 PIOc_freedecomp Enter - MemInfo: [malloc] Space allocated in mmapped regions:          3026944 Byte
20220313 002543.146 INFO             PET1 PIOc_freedecomp Enter - MemInfo: [malloc] Maximum total allocated space:                     0 Byte
20220313 002543.146 INFO             PET1 PIOc_freedecomp Enter - MemInfo: [malloc] Space in freed fastbin blocks:                     0 Byte
20220313 002543.146 INFO             PET1 PIOc_freedecomp Enter - MemInfo: [malloc] Total allocated space:                        842336 Byte
20220313 002543.146 INFO             PET1 PIOc_freedecomp Enter - MemInfo: [malloc] Total free space:                             107936 Byte
20220313 002543.146 INFO             PET1 PIOc_freedecomp Enter - MemInfo: [malloc] Top-most, releasable space:                   107424 Byte
20220313 002543.146 INFO             PET1 PIOc_freedecomp Enter - MemInfo: [malloc] Total space in use, mmap + non-mmap:         3869280 Byte
20220313 002543.146 INFO             PET1 PIOc_freedecomp Enter - MemInfo: [malloc] Total space held (mmap + non-mmap):          3977216 Byte
20220313 002543.146 INFO             PET1 PIOc_freedecomp Enter - MemInfo: [malloc] Total space used (mmap + non-mmap):          3877488 Byte
20220313 002543.146 INFO             PET1 PIOc_freedecomp Enter - MemInfo: Wall-clock time since execution start:                2.07684 seconds
20220313 002543.146 INFO             PET1 PIOc_freedecomp Exit - MemInfo: [/proc/meminfo - SSI]	MemTotal:       65855856 kB
20220313 002543.146 INFO             PET1 PIOc_freedecomp Exit - MemInfo: [/proc/meminfo - SSI]	MemFree:        61208256 kB
20220313 002543.146 INFO             PET1 PIOc_freedecomp Exit - MemInfo: [/proc/meminfo - SSI]	MemAvailable:   60991668 kB
20220313 002543.146 INFO             PET1 PIOc_freedecomp Exit - MemInfo: [/proc/meminfo - SSI]	Committed_AS:    2923196 kB
20220313 002543.146 INFO             PET1 PIOc_freedecomp Exit - MemInfo: [/proc/meminfo - SSI]	CommittedPercent: 4.43878 %
20220313 002543.146 INFO             PET1 PIOc_freedecomp Exit - MemInfo: [/proc/self/status]	VmPeak:	  219456 kB
20220313 002543.146 INFO             PET1 PIOc_freedecomp Exit - MemInfo: [/proc/self/status]	VmSize:	  219336 kB
20220313 002543.146 INFO             PET1 PIOc_freedecomp Exit - MemInfo: [/proc/self/status]	VmLck:	       0 kB
20220313 002543.146 INFO             PET1 PIOc_freedecomp Exit - MemInfo: [/proc/self/status]	VmPin:	       0 kB
20220313 002543.146 INFO             PET1 PIOc_freedecomp Exit - MemInfo: [/proc/self/status]	VmHWM:	   19744 kB
20220313 002543.146 INFO             PET1 PIOc_freedecomp Exit - MemInfo: [/proc/self/status]	VmRSS:	   19728 kB
20220313 002543.146 INFO             PET1 PIOc_freedecomp Exit - MemInfo: [/proc/self/status]	VmData:	   24820 kB
20220313 002543.146 INFO             PET1 PIOc_freedecomp Exit - MemInfo: [/proc/self/status]	VmStk:	     508 kB
20220313 002543.146 INFO             PET1 PIOc_freedecomp Exit - MemInfo: [/proc/self/status]	VmExe:	    1952 kB
20220313 002543.146 INFO             PET1 PIOc_freedecomp Exit - MemInfo: [/proc/self/status]	VmLib:	   93984 kB
20220313 002543.146 INFO             PET1 PIOc_freedecomp Exit - MemInfo: [/proc/self/status]	VmPTE:	     328 kB
20220313 002543.146 INFO             PET1 PIOc_freedecomp Exit - MemInfo: [/proc/self/status]	VmPMD:	      12 kB
20220313 002543.146 INFO             PET1 PIOc_freedecomp Exit - MemInfo: [/proc/self/status]	VmSwap:	       0 kB
20220313 002543.146 INFO             PET1 PIOc_freedecomp Exit - MemInfo: [/proc/self/status]	VmRSSPercent: 0.0299563 %
20220313 002543.146 INFO             PET1 PIOc_freedecomp Exit - MemInfo: [malloc] Non-mmapped space allocated:                  950272 Byte
20220313 002543.146 INFO             PET1 PIOc_freedecomp Exit - MemInfo: [malloc] Space allocated in mmapped regions:          3026944 Byte
20220313 002543.146 INFO             PET1 PIOc_freedecomp Exit - MemInfo: [malloc] Maximum total allocated space:                     0 Byte
20220313 002543.146 INFO             PET1 PIOc_freedecomp Exit - MemInfo: [malloc] Space in freed fastbin blocks:                   416 Byte
20220313 002543.146 INFO             PET1 PIOc_freedecomp Exit - MemInfo: [malloc] Total allocated space:                        841920 Byte
20220313 002543.146 INFO             PET1 PIOc_freedecomp Exit - MemInfo: [malloc] Total free space:                             108352 Byte
20220313 002543.146 INFO             PET1 PIOc_freedecomp Exit - MemInfo: [malloc] Top-most, releasable space:                   107200 Byte
20220313 002543.146 INFO             PET1 PIOc_freedecomp Exit - MemInfo: [malloc] Total space in use, mmap + non-mmap:         3868864 Byte
20220313 002543.146 INFO             PET1 PIOc_freedecomp Exit - MemInfo: [malloc] Total space held (mmap + non-mmap):          3977216 Byte
20220313 002543.146 INFO             PET1 PIOc_freedecomp Exit - MemInfo: [malloc] Total space used (mmap + non-mmap):          3877072 Byte
20220313 002543.146 INFO             PET1 PIOc_freedecomp Exit - MemInfo: Wall-clock time since execution start:                2.07711 seconds
20220313 002543.148 INFO             PET1 PIOc_sync Enter - MemInfo: [/proc/meminfo - SSI]	MemTotal:       65855856 kB
20220313 002543.148 INFO             PET1 PIOc_sync Enter - MemInfo: [/proc/meminfo - SSI]	MemFree:        61207752 kB
20220313 002543.148 INFO             PET1 PIOc_sync Enter - MemInfo: [/proc/meminfo - SSI]	MemAvailable:   60991164 kB
20220313 002543.148 INFO             PET1 PIOc_sync Enter - MemInfo: [/proc/meminfo - SSI]	Committed_AS:    2923196 kB
20220313 002543.148 INFO             PET1 PIOc_sync Enter - MemInfo: [/proc/meminfo - SSI]	CommittedPercent: 4.43878 %
20220313 002543.148 INFO             PET1 PIOc_sync Enter - MemInfo: [/proc/self/status]	VmPeak:	  219456 kB
20220313 002543.148 INFO             PET1 PIOc_sync Enter - MemInfo: [/proc/self/status]	VmSize:	  219312 kB
20220313 002543.148 INFO             PET1 PIOc_sync Enter - MemInfo: [/proc/self/status]	VmLck:	       0 kB
20220313 002543.148 INFO             PET1 PIOc_sync Enter - MemInfo: [/proc/self/status]	VmPin:	       0 kB
20220313 002543.148 INFO             PET1 PIOc_sync Enter - MemInfo: [/proc/self/status]	VmHWM:	   19748 kB
20220313 002543.148 INFO             PET1 PIOc_sync Enter - MemInfo: [/proc/self/status]	VmRSS:	   19732 kB
20220313 002543.148 INFO             PET1 PIOc_sync Enter - MemInfo: [/proc/self/status]	VmData:	   24820 kB
20220313 002543.148 INFO             PET1 PIOc_sync Enter - MemInfo: [/proc/self/status]	VmStk:	     508 kB
20220313 002543.148 INFO             PET1 PIOc_sync Enter - MemInfo: [/proc/self/status]	VmExe:	    1952 kB
20220313 002543.148 INFO             PET1 PIOc_sync Enter - MemInfo: [/proc/self/status]	VmLib:	   93984 kB
20220313 002543.148 INFO             PET1 PIOc_sync Enter - MemInfo: [/proc/self/status]	VmPTE:	     328 kB
20220313 002543.148 INFO             PET1 PIOc_sync Enter - MemInfo: [/proc/self/status]	VmPMD:	      12 kB
20220313 002543.148 INFO             PET1 PIOc_sync Enter - MemInfo: [/proc/self/status]	VmSwap:	       0 kB
20220313 002543.148 INFO             PET1 PIOc_sync Enter - MemInfo: [/proc/self/status]	VmRSSPercent: 0.0299624 %
20220313 002543.148 INFO             PET1 PIOc_sync Enter - MemInfo: [malloc] Non-mmapped space allocated:                  950272 Byte
20220313 002543.148 INFO             PET1 PIOc_sync Enter - MemInfo: [malloc] Space allocated in mmapped regions:          3026944 Byte
20220313 002543.148 INFO             PET1 PIOc_sync Enter - MemInfo: [malloc] Maximum total allocated space:                     0 Byte
20220313 002543.148 INFO             PET1 PIOc_sync Enter - MemInfo: [malloc] Space in freed fastbin blocks:                    80 Byte
20220313 002543.148 INFO             PET1 PIOc_sync Enter - MemInfo: [malloc] Total allocated space:                        842304 Byte
20220313 002543.148 INFO             PET1 PIOc_sync Enter - MemInfo: [malloc] Total free space:                             107968 Byte
20220313 002543.148 INFO             PET1 PIOc_sync Enter - MemInfo: [malloc] Top-most, releasable space:                   106976 Byte
20220313 002543.148 INFO             PET1 PIOc_sync Enter - MemInfo: [malloc] Total space in use, mmap + non-mmap:         3869248 Byte
20220313 002543.148 INFO             PET1 PIOc_sync Enter - MemInfo: [malloc] Total space held (mmap + non-mmap):          3977216 Byte
20220313 002543.148 INFO             PET1 PIOc_sync Enter - MemInfo: [malloc] Total space used (mmap + non-mmap):          3877456 Byte
20220313 002543.148 INFO             PET1 PIOc_sync Enter - MemInfo: Wall-clock time since execution start:                2.07924 seconds
20220313 002543.148 INFO             PET1 PIOc_sync Exit - MemInfo: [/proc/meminfo - SSI]	MemTotal:       65855856 kB
20220313 002543.148 INFO             PET1 PIOc_sync Exit - MemInfo: [/proc/meminfo - SSI]	MemFree:        61207248 kB
20220313 002543.148 INFO             PET1 PIOc_sync Exit - MemInfo: [/proc/meminfo - SSI]	MemAvailable:   60990660 kB
20220313 002543.148 INFO             PET1 PIOc_sync Exit - MemInfo: [/proc/meminfo - SSI]	Committed_AS:    2923196 kB
20220313 002543.148 INFO             PET1 PIOc_sync Exit - MemInfo: [/proc/meminfo - SSI]	CommittedPercent: 4.43878 %
20220313 002543.148 INFO             PET1 PIOc_sync Exit - MemInfo: [/proc/self/status]	VmPeak:	  219456 kB
20220313 002543.148 INFO             PET1 PIOc_sync Exit - MemInfo: [/proc/self/status]	VmSize:	  219312 kB
20220313 002543.148 INFO             PET1 PIOc_sync Exit - MemInfo: [/proc/self/status]	VmLck:	       0 kB
20220313 002543.148 INFO             PET1 PIOc_sync Exit - MemInfo: [/proc/self/status]	VmPin:	       0 kB
20220313 002543.148 INFO             PET1 PIOc_sync Exit - MemInfo: [/proc/self/status]	VmHWM:	   19748 kB
20220313 002543.148 INFO             PET1 PIOc_sync Exit - MemInfo: [/proc/self/status]	VmRSS:	   19732 kB
20220313 002543.148 INFO             PET1 PIOc_sync Exit - MemInfo: [/proc/self/status]	VmData:	   24820 kB
20220313 002543.148 INFO             PET1 PIOc_sync Exit - MemInfo: [/proc/self/status]	VmStk:	     508 kB
20220313 002543.148 INFO             PET1 PIOc_sync Exit - MemInfo: [/proc/self/status]	VmExe:	    1952 kB
20220313 002543.148 INFO             PET1 PIOc_sync Exit - MemInfo: [/proc/self/status]	VmLib:	   93984 kB
20220313 002543.148 INFO             PET1 PIOc_sync Exit - MemInfo: [/proc/self/status]	VmPTE:	     328 kB
20220313 002543.148 INFO             PET1 PIOc_sync Exit - MemInfo: [/proc/self/status]	VmPMD:	      12 kB
20220313 002543.148 INFO             PET1 PIOc_sync Exit - MemInfo: [/proc/self/status]	VmSwap:	       0 kB
20220313 002543.148 INFO             PET1 PIOc_sync Exit - MemInfo: [/proc/self/status]	VmRSSPercent: 0.0299624 %
20220313 002543.148 INFO             PET1 PIOc_sync Exit - MemInfo: [malloc] Non-mmapped space allocated:                  950272 Byte
20220313 002543.148 INFO             PET1 PIOc_sync Exit - MemInfo: [malloc] Space allocated in mmapped regions:          3026944 Byte
20220313 002543.148 INFO             PET1 PIOc_sync Exit - MemInfo: [malloc] Maximum total allocated space:                     0 Byte
20220313 002543.148 INFO             PET1 PIOc_sync Exit - MemInfo: [malloc] Space in freed fastbin blocks:                     0 Byte
20220313 002543.148 INFO             PET1 PIOc_sync Exit - MemInfo: [malloc] Total allocated space:                        842544 Byte
20220313 002543.148 INFO             PET1 PIOc_sync Exit - MemInfo: [malloc] Total free space:                             107728 Byte
20220313 002543.148 INFO             PET1 PIOc_sync Exit - MemInfo: [malloc] Top-most, releasable space:                   106752 Byte
20220313 002543.148 INFO             PET1 PIOc_sync Exit - MemInfo: [malloc] Total space in use, mmap + non-mmap:         3869488 Byte
20220313 002543.148 INFO             PET1 PIOc_sync Exit - MemInfo: [malloc] Total space held (mmap + non-mmap):          3977216 Byte
20220313 002543.148 INFO             PET1 PIOc_sync Exit - MemInfo: [malloc] Total space used (mmap + non-mmap):          3877696 Byte
20220313 002543.148 INFO             PET1 PIOc_sync Exit - MemInfo: Wall-clock time since execution start:                2.07953 seconds
20220313 002543.148 INFO             PET1 PIOc_freedecomp Enter - MemInfo: [/proc/meminfo - SSI]	MemTotal:       65855856 kB
20220313 002543.148 INFO             PET1 PIOc_freedecomp Enter - MemInfo: [/proc/meminfo - SSI]	MemFree:        61207248 kB
20220313 002543.148 INFO             PET1 PIOc_freedecomp Enter - MemInfo: [/proc/meminfo - SSI]	MemAvailable:   60990660 kB
20220313 002543.148 INFO             PET1 PIOc_freedecomp Enter - MemInfo: [/proc/meminfo - SSI]	Committed_AS:    2923196 kB
20220313 002543.148 INFO             PET1 PIOc_freedecomp Enter - MemInfo: [/proc/meminfo - SSI]	CommittedPercent: 4.43878 %
20220313 002543.148 INFO             PET1 PIOc_freedecomp Enter - MemInfo: [/proc/self/status]	VmPeak:	  219456 kB
20220313 002543.148 INFO             PET1 PIOc_freedecomp Enter - MemInfo: [/proc/self/status]	VmSize:	  219312 kB
