build time -- 2022-03-11 23:42:24
20220312 002157.201 INFO             PET0 !!!!!!!!!!!!!!!!!!!!!!!!!!!!!!!!!!!!!!!!!!!!!!!!!!!!!!
20220312 002157.201 INFO             PET0 !!! THE ESMF_LOG IS SET TO OUTPUT ALL LOG MESSAGES !!!
20220312 002157.201 INFO             PET0 !!!     THIS MAY CAUSE SLOWDOWN IN PERFORMANCE     !!!
20220312 002157.201 INFO             PET0 !!! FOR PRODUCTION RUNS, USE:                      !!!
20220312 002157.201 INFO             PET0 !!!                   ESMF_LOGKIND_Multi_On_Error  !!!
20220312 002157.201 INFO             PET0 !!!!!!!!!!!!!!!!!!!!!!!!!!!!!!!!!!!!!!!!!!!!!!!!!!!!!!
20220312 002157.201 INFO             PET0 Running with ESMF Version   : v8.3.0b09-96-g559b459836
20220312 002157.201 INFO             PET0 ESMF library build date/time: "Mar 11 2022" "23:40:33"
20220312 002157.201 INFO             PET0 ESMF library build location : /lustre/f2/dev/ncep/Mark.Potts/intel_2019.5_mpi_O_jedwards_pio_update2
20220312 002157.201 INFO             PET0 ESMF_COMM                   : mpi
20220312 002157.203 INFO             PET0 ESMF_MOAB                   : enabled
20220312 002157.203 INFO             PET0 ESMF_LAPACK                 : enabled
20220312 002157.203 INFO             PET0 ESMF_NETCDF                 : enabled
20220312 002157.203 INFO             PET0 ESMF_PNETCDF                : disabled
20220312 002157.203 INFO             PET0 ESMF_PIO                    : enabled
20220312 002157.203 INFO             PET0 ESMF_YAMLCPP                : enabled
20220312 002157.222 INFO             PET0 PIOc_sync Enter - MemInfo: [/proc/meminfo - SSI]	MemTotal:       65855856 kB
20220312 002157.222 INFO             PET0 PIOc_sync Enter - MemInfo: [/proc/meminfo - SSI]	MemFree:        61161996 kB
20220312 002157.222 INFO             PET0 PIOc_sync Enter - MemInfo: [/proc/meminfo - SSI]	MemAvailable:   60946128 kB
20220312 002157.222 INFO             PET0 PIOc_sync Enter - MemInfo: [/proc/meminfo - SSI]	Committed_AS:    2935932 kB
20220312 002157.222 INFO             PET0 PIOc_sync Enter - MemInfo: [/proc/meminfo - SSI]	CommittedPercent: 4.45812 %
20220312 002157.222 INFO             PET0 PIOc_sync Enter - MemInfo: [/proc/self/status]	VmPeak:	  228408 kB
20220312 002157.222 INFO             PET0 PIOc_sync Enter - MemInfo: [/proc/self/status]	VmSize:	  228408 kB
20220312 002157.222 INFO             PET0 PIOc_sync Enter - MemInfo: [/proc/self/status]	VmLck:	       0 kB
20220312 002157.222 INFO             PET0 PIOc_sync Enter - MemInfo: [/proc/self/status]	VmPin:	       0 kB
20220312 002157.222 INFO             PET0 PIOc_sync Enter - MemInfo: [/proc/self/status]	VmHWM:	   29428 kB
20220312 002157.222 INFO             PET0 PIOc_sync Enter - MemInfo: [/proc/self/status]	VmRSS:	   29428 kB
20220312 002157.222 INFO             PET0 PIOc_sync Enter - MemInfo: [/proc/self/status]	VmData:	   33892 kB
20220312 002157.222 INFO             PET0 PIOc_sync Enter - MemInfo: [/proc/self/status]	VmStk:	     508 kB
20220312 002157.222 INFO             PET0 PIOc_sync Enter - MemInfo: [/proc/self/status]	VmExe:	    1952 kB
20220312 002157.222 INFO             PET0 PIOc_sync Enter - MemInfo: [/proc/self/status]	VmLib:	   93984 kB
20220312 002157.222 INFO             PET0 PIOc_sync Enter - MemInfo: [/proc/self/status]	VmPTE:	     352 kB
20220312 002157.222 INFO             PET0 PIOc_sync Enter - MemInfo: [/proc/self/status]	VmPMD:	      12 kB
20220312 002157.222 INFO             PET0 PIOc_sync Enter - MemInfo: [/proc/self/status]	VmSwap:	       0 kB
20220312 002157.222 INFO             PET0 PIOc_sync Enter - MemInfo: [/proc/self/status]	VmRSSPercent: 0.0446855 %
20220312 002157.222 INFO             PET0 PIOc_sync Enter - MemInfo: [malloc] Non-mmapped space allocated:                 1318912 Byte
20220312 002157.222 INFO             PET0 PIOc_sync Enter - MemInfo: [malloc] Space allocated in mmapped regions:         11948032 Byte
20220312 002157.222 INFO             PET0 PIOc_sync Enter - MemInfo: [malloc] Maximum total allocated space:                     0 Byte
20220312 002157.222 INFO             PET0 PIOc_sync Enter - MemInfo: [malloc] Space in freed fastbin blocks:                     0 Byte
20220312 002157.222 INFO             PET0 PIOc_sync Enter - MemInfo: [malloc] Total allocated space:                       1209376 Byte
20220312 002157.222 INFO             PET0 PIOc_sync Enter - MemInfo: [malloc] Total free space:                             109536 Byte
20220312 002157.222 INFO             PET0 PIOc_sync Enter - MemInfo: [malloc] Top-most, releasable space:                   109536 Byte
20220312 002157.222 INFO             PET0 PIOc_sync Enter - MemInfo: [malloc] Total space in use, mmap + non-mmap:        13157408 Byte
20220312 002157.222 INFO             PET0 PIOc_sync Enter - MemInfo: [malloc] Total space held (mmap + non-mmap):         13266944 Byte
20220312 002157.222 INFO             PET0 PIOc_sync Enter - MemInfo: [malloc] Total space used (mmap + non-mmap):         13167104 Byte
20220312 002157.222 INFO             PET0 PIOc_sync Enter - MemInfo: Wall-clock time since execution start:              0.0467131 seconds
20220312 002158.188 INFO             PET0 PIOc_sync Exit - MemInfo: [/proc/meminfo - SSI]	MemTotal:       65855856 kB
20220312 002158.188 INFO             PET0 PIOc_sync Exit - MemInfo: [/proc/meminfo - SSI]	MemFree:        61161316 kB
20220312 002158.188 INFO             PET0 PIOc_sync Exit - MemInfo: [/proc/meminfo - SSI]	MemAvailable:   60946584 kB
20220312 002158.188 INFO             PET0 PIOc_sync Exit - MemInfo: [/proc/meminfo - SSI]	Committed_AS:    2935932 kB
20220312 002158.188 INFO             PET0 PIOc_sync Exit - MemInfo: [/proc/meminfo - SSI]	CommittedPercent: 4.45812 %
20220312 002158.188 INFO             PET0 PIOc_sync Exit - MemInfo: [/proc/self/status]	VmPeak:	  228732 kB
20220312 002158.188 INFO             PET0 PIOc_sync Exit - MemInfo: [/proc/self/status]	VmSize:	  228732 kB
20220312 002158.188 INFO             PET0 PIOc_sync Exit - MemInfo: [/proc/self/status]	VmLck:	       0 kB
20220312 002158.188 INFO             PET0 PIOc_sync Exit - MemInfo: [/proc/self/status]	VmPin:	       0 kB
20220312 002158.188 INFO             PET0 PIOc_sync Exit - MemInfo: [/proc/self/status]	VmHWM:	   29936 kB
20220312 002158.188 INFO             PET0 PIOc_sync Exit - MemInfo: [/proc/self/status]	VmRSS:	   29936 kB
20220312 002158.188 INFO             PET0 PIOc_sync Exit - MemInfo: [/proc/self/status]	VmData:	   34216 kB
20220312 002158.188 INFO             PET0 PIOc_sync Exit - MemInfo: [/proc/self/status]	VmStk:	     508 kB
20220312 002158.188 INFO             PET0 PIOc_sync Exit - MemInfo: [/proc/self/status]	VmExe:	    1952 kB
20220312 002158.188 INFO             PET0 PIOc_sync Exit - MemInfo: [/proc/self/status]	VmLib:	   93984 kB
20220312 002158.188 INFO             PET0 PIOc_sync Exit - MemInfo: [/proc/self/status]	VmPTE:	     356 kB
20220312 002158.188 INFO             PET0 PIOc_sync Exit - MemInfo: [/proc/self/status]	VmPMD:	      12 kB
20220312 002158.188 INFO             PET0 PIOc_sync Exit - MemInfo: [/proc/self/status]	VmSwap:	       0 kB
20220312 002158.188 INFO             PET0 PIOc_sync Exit - MemInfo: [/proc/self/status]	VmRSSPercent: 0.0454569 %
20220312 002158.188 INFO             PET0 PIOc_sync Exit - MemInfo: [malloc] Non-mmapped space allocated:                 1318912 Byte
20220312 002158.188 INFO             PET0 PIOc_sync Exit - MemInfo: [malloc] Space allocated in mmapped regions:         12279808 Byte
20220312 002158.188 INFO             PET0 PIOc_sync Exit - MemInfo: [malloc] Maximum total allocated space:                     0 Byte
20220312 002158.188 INFO             PET0 PIOc_sync Exit - MemInfo: [malloc] Space in freed fastbin blocks:                     0 Byte
20220312 002158.188 INFO             PET0 PIOc_sync Exit - MemInfo: [malloc] Total allocated space:                       1279664 Byte
20220312 002158.188 INFO             PET0 PIOc_sync Exit - MemInfo: [malloc] Total free space:                              39248 Byte
20220312 002158.188 INFO             PET0 PIOc_sync Exit - MemInfo: [malloc] Top-most, releasable space:                    39248 Byte
20220312 002158.188 INFO             PET0 PIOc_sync Exit - MemInfo: [malloc] Total space in use, mmap + non-mmap:        13559472 Byte
20220312 002158.188 INFO             PET0 PIOc_sync Exit - MemInfo: [malloc] Total space held (mmap + non-mmap):         13598720 Byte
20220312 002158.188 INFO             PET0 PIOc_sync Exit - MemInfo: [malloc] Total space used (mmap + non-mmap):         13568048 Byte
20220312 002158.188 INFO             PET0 PIOc_sync Exit - MemInfo: Wall-clock time since execution start:                1.01338 seconds
20220312 002158.189 INFO             PET0 PIOc_freedecomp Enter - MemInfo: [/proc/meminfo - SSI]	MemTotal:       65855856 kB
20220312 002158.189 INFO             PET0 PIOc_freedecomp Enter - MemInfo: [/proc/meminfo - SSI]	MemFree:        61168372 kB
20220312 002158.189 INFO             PET0 PIOc_freedecomp Enter - MemInfo: [/proc/meminfo - SSI]	MemAvailable:   60953640 kB
20220312 002158.189 INFO             PET0 PIOc_freedecomp Enter - MemInfo: [/proc/meminfo - SSI]	Committed_AS:    2928064 kB
20220312 002158.189 INFO             PET0 PIOc_freedecomp Enter - MemInfo: [/proc/meminfo - SSI]	CommittedPercent: 4.44617 %
20220312 002158.189 INFO             PET0 PIOc_freedecomp Enter - MemInfo: [/proc/self/status]	VmPeak:	  228732 kB
20220312 002158.189 INFO             PET0 PIOc_freedecomp Enter - MemInfo: [/proc/self/status]	VmSize:	  220020 kB
20220312 002158.189 INFO             PET0 PIOc_freedecomp Enter - MemInfo: [/proc/self/status]	VmLck:	       0 kB
20220312 002158.189 INFO             PET0 PIOc_freedecomp Enter - MemInfo: [/proc/self/status]	VmPin:	       0 kB
20220312 002158.189 INFO             PET0 PIOc_freedecomp Enter - MemInfo: [/proc/self/status]	VmHWM:	   29936 kB
20220312 002158.189 INFO             PET0 PIOc_freedecomp Enter - MemInfo: [/proc/self/status]	VmRSS:	   21876 kB
20220312 002158.189 INFO             PET0 PIOc_freedecomp Enter - MemInfo: [/proc/self/status]	VmData:	   25504 kB
20220312 002158.189 INFO             PET0 PIOc_freedecomp Enter - MemInfo: [/proc/self/status]	VmStk:	     508 kB
20220312 002158.189 INFO             PET0 PIOc_freedecomp Enter - MemInfo: [/proc/self/status]	VmExe:	    1952 kB
20220312 002158.189 INFO             PET0 PIOc_freedecomp Enter - MemInfo: [/proc/self/status]	VmLib:	   93984 kB
20220312 002158.189 INFO             PET0 PIOc_freedecomp Enter - MemInfo: [/proc/self/status]	VmPTE:	     344 kB
20220312 002158.189 INFO             PET0 PIOc_freedecomp Enter - MemInfo: [/proc/self/status]	VmPMD:	      12 kB
20220312 002158.189 INFO             PET0 PIOc_freedecomp Enter - MemInfo: [/proc/self/status]	VmSwap:	       0 kB
20220312 002158.189 INFO             PET0 PIOc_freedecomp Enter - MemInfo: [/proc/self/status]	VmRSSPercent: 0.033218 %
20220312 002158.189 INFO             PET0 PIOc_freedecomp Enter - MemInfo: [malloc] Non-mmapped space allocated:                 1318912 Byte
20220312 002158.189 INFO             PET0 PIOc_freedecomp Enter - MemInfo: [malloc] Space allocated in mmapped regions:          3358720 Byte
20220312 002158.189 INFO             PET0 PIOc_freedecomp Enter - MemInfo: [malloc] Maximum total allocated space:                     0 Byte
20220312 002158.189 INFO             PET0 PIOc_freedecomp Enter - MemInfo: [malloc] Space in freed fastbin blocks:                   288 Byte
20220312 002158.189 INFO             PET0 PIOc_freedecomp Enter - MemInfo: [malloc] Total allocated space:                       1269616 Byte
20220312 002158.189 INFO             PET0 PIOc_freedecomp Enter - MemInfo: [malloc] Total free space:                              49296 Byte
20220312 002158.189 INFO             PET0 PIOc_freedecomp Enter - MemInfo: [malloc] Top-most, releasable space:                    38512 Byte
20220312 002158.189 INFO             PET0 PIOc_freedecomp Enter - MemInfo: [malloc] Total space in use, mmap + non-mmap:         4628336 Byte
20220312 002158.189 INFO             PET0 PIOc_freedecomp Enter - MemInfo: [malloc] Total space held (mmap + non-mmap):          4677632 Byte
20220312 002158.189 INFO             PET0 PIOc_freedecomp Enter - MemInfo: [malloc] Total space used (mmap + non-mmap):          4636768 Byte
20220312 002158.189 INFO             PET0 PIOc_freedecomp Enter - MemInfo: Wall-clock time since execution start:                1.01408 seconds
20220312 002158.189 INFO             PET0 PIOc_freedecomp Exit - MemInfo: [/proc/meminfo - SSI]	MemTotal:       65855856 kB
20220312 002158.189 INFO             PET0 PIOc_freedecomp Exit - MemInfo: [/proc/meminfo - SSI]	MemFree:        61168372 kB
20220312 002158.189 INFO             PET0 PIOc_freedecomp Exit - MemInfo: [/proc/meminfo - SSI]	MemAvailable:   60953640 kB
20220312 002158.189 INFO             PET0 PIOc_freedecomp Exit - MemInfo: [/proc/meminfo - SSI]	Committed_AS:    2928064 kB
20220312 002158.189 INFO             PET0 PIOc_freedecomp Exit - MemInfo: [/proc/meminfo - SSI]	CommittedPercent: 4.44617 %
20220312 002158.189 INFO             PET0 PIOc_freedecomp Exit - MemInfo: [/proc/self/status]	VmPeak:	  228732 kB
20220312 002158.189 INFO             PET0 PIOc_freedecomp Exit - MemInfo: [/proc/self/status]	VmSize:	  220020 kB
20220312 002158.189 INFO             PET0 PIOc_freedecomp Exit - MemInfo: [/proc/self/status]	VmLck:	       0 kB
20220312 002158.189 INFO             PET0 PIOc_freedecomp Exit - MemInfo: [/proc/self/status]	VmPin:	       0 kB
20220312 002158.189 INFO             PET0 PIOc_freedecomp Exit - MemInfo: [/proc/self/status]	VmHWM:	   29936 kB
20220312 002158.189 INFO             PET0 PIOc_freedecomp Exit - MemInfo: [/proc/self/status]	VmRSS:	   21876 kB
20220312 002158.189 INFO             PET0 PIOc_freedecomp Exit - MemInfo: [/proc/self/status]	VmData:	   25504 kB
20220312 002158.189 INFO             PET0 PIOc_freedecomp Exit - MemInfo: [/proc/self/status]	VmStk:	     508 kB
20220312 002158.189 INFO             PET0 PIOc_freedecomp Exit - MemInfo: [/proc/self/status]	VmExe:	    1952 kB
20220312 002158.189 INFO             PET0 PIOc_freedecomp Exit - MemInfo: [/proc/self/status]	VmLib:	   93984 kB
20220312 002158.189 INFO             PET0 PIOc_freedecomp Exit - MemInfo: [/proc/self/status]	VmPTE:	     344 kB
20220312 002158.189 INFO             PET0 PIOc_freedecomp Exit - MemInfo: [/proc/self/status]	VmPMD:	      12 kB
20220312 002158.189 INFO             PET0 PIOc_freedecomp Exit - MemInfo: [/proc/self/status]	VmSwap:	       0 kB
20220312 002158.189 INFO             PET0 PIOc_freedecomp Exit - MemInfo: [/proc/self/status]	VmRSSPercent: 0.033218 %
20220312 002158.189 INFO             PET0 PIOc_freedecomp Exit - MemInfo: [malloc] Non-mmapped space allocated:                 1318912 Byte
20220312 002158.189 INFO             PET0 PIOc_freedecomp Exit - MemInfo: [malloc] Space allocated in mmapped regions:          3358720 Byte
20220312 002158.189 INFO             PET0 PIOc_freedecomp Exit - MemInfo: [malloc] Maximum total allocated space:                     0 Byte
20220312 002158.189 INFO             PET0 PIOc_freedecomp Exit - MemInfo: [malloc] Space in freed fastbin blocks:                   720 Byte
20220312 002158.189 INFO             PET0 PIOc_freedecomp Exit - MemInfo: [malloc] Total allocated space:                       1269456 Byte
20220312 002158.189 INFO             PET0 PIOc_freedecomp Exit - MemInfo: [malloc] Total free space:                              49456 Byte
20220312 002158.189 INFO             PET0 PIOc_freedecomp Exit - MemInfo: [malloc] Top-most, releasable space:                    38288 Byte
20220312 002158.189 INFO             PET0 PIOc_freedecomp Exit - MemInfo: [malloc] Total space in use, mmap + non-mmap:         4628176 Byte
20220312 002158.189 INFO             PET0 PIOc_freedecomp Exit - MemInfo: [malloc] Total space held (mmap + non-mmap):          4677632 Byte
20220312 002158.189 INFO             PET0 PIOc_freedecomp Exit - MemInfo: [malloc] Total space used (mmap + non-mmap):          4636384 Byte
20220312 002158.189 INFO             PET0 PIOc_freedecomp Exit - MemInfo: Wall-clock time since execution start:                1.01432 seconds
20220312 002158.193 INFO             PET0 PIOc_sync Enter - MemInfo: [/proc/meminfo - SSI]	MemTotal:       65855856 kB
20220312 002158.193 INFO             PET0 PIOc_sync Enter - MemInfo: [/proc/meminfo - SSI]	MemFree:        61165852 kB
20220312 002158.193 INFO             PET0 PIOc_sync Enter - MemInfo: [/proc/meminfo - SSI]	MemAvailable:   60951120 kB
20220312 002158.193 INFO             PET0 PIOc_sync Enter - MemInfo: [/proc/meminfo - SSI]	Committed_AS:    2936308 kB
20220312 002158.193 INFO             PET0 PIOc_sync Enter - MemInfo: [/proc/meminfo - SSI]	CommittedPercent: 4.45869 %
20220312 002158.193 INFO             PET0 PIOc_sync Enter - MemInfo: [/proc/self/status]	VmPeak:	  228816 kB
20220312 002158.193 INFO             PET0 PIOc_sync Enter - MemInfo: [/proc/self/status]	VmSize:	  228816 kB
20220312 002158.193 INFO             PET0 PIOc_sync Enter - MemInfo: [/proc/self/status]	VmLck:	       0 kB
20220312 002158.193 INFO             PET0 PIOc_sync Enter - MemInfo: [/proc/self/status]	VmPin:	       0 kB
20220312 002158.193 INFO             PET0 PIOc_sync Enter - MemInfo: [/proc/self/status]	VmHWM:	   29936 kB
20220312 002158.193 INFO             PET0 PIOc_sync Enter - MemInfo: [/proc/self/status]	VmRSS:	   25800 kB
20220312 002158.193 INFO             PET0 PIOc_sync Enter - MemInfo: [/proc/self/status]	VmData:	   34300 kB
20220312 002158.193 INFO             PET0 PIOc_sync Enter - MemInfo: [/proc/self/status]	VmStk:	     508 kB
20220312 002158.193 INFO             PET0 PIOc_sync Enter - MemInfo: [/proc/self/status]	VmExe:	    1952 kB
20220312 002158.193 INFO             PET0 PIOc_sync Enter - MemInfo: [/proc/self/status]	VmLib:	   93984 kB
20220312 002158.193 INFO             PET0 PIOc_sync Enter - MemInfo: [/proc/self/status]	VmPTE:	     360 kB
20220312 002158.193 INFO             PET0 PIOc_sync Enter - MemInfo: [/proc/self/status]	VmPMD:	      12 kB
20220312 002158.193 INFO             PET0 PIOc_sync Enter - MemInfo: [/proc/self/status]	VmSwap:	       0 kB
20220312 002158.193 INFO             PET0 PIOc_sync Enter - MemInfo: [/proc/self/status]	VmRSSPercent: 0.0391765 %
20220312 002158.193 INFO             PET0 PIOc_sync Enter - MemInfo: [malloc] Non-mmapped space allocated:                10326016 Byte
20220312 002158.193 INFO             PET0 PIOc_sync Enter - MemInfo: [malloc] Space allocated in mmapped regions:          3358720 Byte
20220312 002158.193 INFO             PET0 PIOc_sync Enter - MemInfo: [malloc] Maximum total allocated space:                     0 Byte
20220312 002158.193 INFO             PET0 PIOc_sync Enter - MemInfo: [malloc] Space in freed fastbin blocks:                   160 Byte
20220312 002158.193 INFO             PET0 PIOc_sync Enter - MemInfo: [malloc] Total allocated space:                      10196448 Byte
20220312 002158.193 INFO             PET0 PIOc_sync Enter - MemInfo: [malloc] Total free space:                             129568 Byte
20220312 002158.193 INFO             PET0 PIOc_sync Enter - MemInfo: [malloc] Top-most, releasable space:                   126992 Byte
20220312 002158.193 INFO             PET0 PIOc_sync Enter - MemInfo: [malloc] Total space in use, mmap + non-mmap:        13555168 Byte
20220312 002158.193 INFO             PET0 PIOc_sync Enter - MemInfo: [malloc] Total space held (mmap + non-mmap):         13684736 Byte
20220312 002158.193 INFO             PET0 PIOc_sync Enter - MemInfo: [malloc] Total space used (mmap + non-mmap):         13563488 Byte
20220312 002158.193 INFO             PET0 PIOc_sync Enter - MemInfo: Wall-clock time since execution start:                1.01798 seconds
20220312 002158.193 INFO             PET0 PIOc_sync Exit - MemInfo: [/proc/meminfo - SSI]	MemTotal:       65855856 kB
20220312 002158.193 INFO             PET0 PIOc_sync Exit - MemInfo: [/proc/meminfo - SSI]	MemFree:        61165852 kB
20220312 002158.193 INFO             PET0 PIOc_sync Exit - MemInfo: [/proc/meminfo - SSI]	MemAvailable:   60951120 kB
20220312 002158.193 INFO             PET0 PIOc_sync Exit - MemInfo: [/proc/meminfo - SSI]	Committed_AS:    2936308 kB
20220312 002158.193 INFO             PET0 PIOc_sync Exit - MemInfo: [/proc/meminfo - SSI]	CommittedPercent: 4.45869 %
20220312 002158.193 INFO             PET0 PIOc_sync Exit - MemInfo: [/proc/self/status]	VmPeak:	  228816 kB
20220312 002158.193 INFO             PET0 PIOc_sync Exit - MemInfo: [/proc/self/status]	VmSize:	  228816 kB
20220312 002158.193 INFO             PET0 PIOc_sync Exit - MemInfo: [/proc/self/status]	VmLck:	       0 kB
20220312 002158.193 INFO             PET0 PIOc_sync Exit - MemInfo: [/proc/self/status]	VmPin:	       0 kB
20220312 002158.193 INFO             PET0 PIOc_sync Exit - MemInfo: [/proc/self/status]	VmHWM:	   29936 kB
20220312 002158.193 INFO             PET0 PIOc_sync Exit - MemInfo: [/proc/self/status]	VmRSS:	   25800 kB
20220312 002158.193 INFO             PET0 PIOc_sync Exit - MemInfo: [/proc/self/status]	VmData:	   34300 kB
20220312 002158.193 INFO             PET0 PIOc_sync Exit - MemInfo: [/proc/self/status]	VmStk:	     508 kB
20220312 002158.193 INFO             PET0 PIOc_sync Exit - MemInfo: [/proc/self/status]	VmExe:	    1952 kB
20220312 002158.193 INFO             PET0 PIOc_sync Exit - MemInfo: [/proc/self/status]	VmLib:	   93984 kB
20220312 002158.193 INFO             PET0 PIOc_sync Exit - MemInfo: [/proc/self/status]	VmPTE:	     360 kB
20220312 002158.193 INFO             PET0 PIOc_sync Exit - MemInfo: [/proc/self/status]	VmPMD:	      12 kB
20220312 002158.193 INFO             PET0 PIOc_sync Exit - MemInfo: [/proc/self/status]	VmSwap:	       0 kB
20220312 002158.193 INFO             PET0 PIOc_sync Exit - MemInfo: [/proc/self/status]	VmRSSPercent: 0.0391765 %
20220312 002158.193 INFO             PET0 PIOc_sync Exit - MemInfo: [malloc] Non-mmapped space allocated:                10326016 Byte
20220312 002158.193 INFO             PET0 PIOc_sync Exit - MemInfo: [malloc] Space allocated in mmapped regions:          3358720 Byte
20220312 002158.193 INFO             PET0 PIOc_sync Exit - MemInfo: [malloc] Maximum total allocated space:                     0 Byte
20220312 002158.193 INFO             PET0 PIOc_sync Exit - MemInfo: [malloc] Space in freed fastbin blocks:                     0 Byte
20220312 002158.193 INFO             PET0 PIOc_sync Exit - MemInfo: [malloc] Total allocated space:                      10197600 Byte
20220312 002158.193 INFO             PET0 PIOc_sync Exit - MemInfo: [malloc] Total free space:                             128416 Byte
20220312 002158.193 INFO             PET0 PIOc_sync Exit - MemInfo: [malloc] Top-most, releasable space:                   126768 Byte
20220312 002158.193 INFO             PET0 PIOc_sync Exit - MemInfo: [malloc] Total space in use, mmap + non-mmap:        13556320 Byte
20220312 002158.193 INFO             PET0 PIOc_sync Exit - MemInfo: [malloc] Total space held (mmap + non-mmap):         13684736 Byte
20220312 002158.193 INFO             PET0 PIOc_sync Exit - MemInfo: [malloc] Total space used (mmap + non-mmap):         13564640 Byte
20220312 002158.193 INFO             PET0 PIOc_sync Exit - MemInfo: Wall-clock time since execution start:                1.01825 seconds
20220312 002158.193 INFO             PET0 PIOc_freedecomp Enter - MemInfo: [/proc/meminfo - SSI]	MemTotal:       65855856 kB
20220312 002158.193 INFO             PET0 PIOc_freedecomp Enter - MemInfo: [/proc/meminfo - SSI]	MemFree:        61165852 kB
20220312 002158.193 INFO             PET0 PIOc_freedecomp Enter - MemInfo: [/proc/meminfo - SSI]	MemAvailable:   60951120 kB
20220312 002158.193 INFO             PET0 PIOc_freedecomp Enter - MemInfo: [/proc/meminfo - SSI]	Committed_AS:    2936308 kB
20220312 002158.193 INFO             PET0 PIOc_freedecomp Enter - MemInfo: [/proc/meminfo - SSI]	CommittedPercent: 4.45869 %
20220312 002158.194 INFO             PET0 PIOc_freedecomp Enter - MemInfo: [/proc/self/status]	VmPeak:	  228816 kB
20220312 002158.194 INFO             PET0 PIOc_freedecomp Enter - MemInfo: [/proc/self/status]	VmSize:	  228816 kB
20220312 002158.194 INFO             PET0 PIOc_freedecomp Enter - MemInfo: [/proc/self/status]	VmLck:	       0 kB
20220312 002158.194 INFO             PET0 PIOc_freedecomp Enter - MemInfo: [/proc/self/status]	VmPin:	       0 kB
20220312 002158.194 INFO             PET0 PIOc_freedecomp Enter - MemInfo: [/proc/self/status]	VmHWM:	   29936 kB
20220312 002158.194 INFO             PET0 PIOc_freedecomp Enter - MemInfo: [/proc/self/status]	VmRSS:	   25800 kB
20220312 002158.194 INFO             PET0 PIOc_freedecomp Enter - MemInfo: [/proc/self/status]	VmData:	   34300 kB
20220312 002158.194 INFO             PET0 PIOc_freedecomp Enter - MemInfo: [/proc/self/status]	VmStk:	     508 kB
20220312 002158.194 INFO             PET0 PIOc_freedecomp Enter - MemInfo: [/proc/self/status]	VmExe:	    1952 kB
20220312 002158.194 INFO             PET0 PIOc_freedecomp Enter - MemInfo: [/proc/self/status]	VmLib:	   93984 kB
20220312 002158.194 INFO             PET0 PIOc_freedecomp Enter - MemInfo: [/proc/self/status]	VmPTE:	     360 kB
20220312 002158.194 INFO             PET0 PIOc_freedecomp Enter - MemInfo: [/proc/self/status]	VmPMD:	      12 kB
20220312 002158.194 INFO             PET0 PIOc_freedecomp Enter - MemInfo: [/proc/self/status]	VmSwap:	       0 kB
20220312 002158.194 INFO             PET0 PIOc_freedecomp Enter - MemInfo: [/proc/self/status]	VmRSSPercent: 0.0391765 %
20220312 002158.194 INFO             PET0 PIOc_freedecomp Enter - MemInfo: [malloc] Non-mmapped space allocated:                10326016 Byte
20220312 002158.194 INFO             PET0 PIOc_freedecomp Enter - MemInfo: [malloc] Space allocated in mmapped regions:          3358720 Byte
20220312 002158.194 INFO             PET0 PIOc_freedecomp Enter - MemInfo: [malloc] Maximum total allocated space:                     0 Byte
20220312 002158.194 INFO             PET0 PIOc_freedecomp Enter - MemInfo: [malloc] Space in freed fastbin blocks:                   112 Byte
20220312 002158.194 INFO             PET0 PIOc_freedecomp Enter - MemInfo: [malloc] Total allocated space:                       1273616 Byte
20220312 002158.194 INFO             PET0 PIOc_freedecomp Enter - MemInfo: [malloc] Total free space:                            9052400 Byte
20220312 002158.194 INFO             PET0 PIOc_freedecomp Enter - MemInfo: [malloc] Top-most, releasable space:                   126544 Byte
20220312 002158.194 INFO             PET0 PIOc_freedecomp Enter - MemInfo: [malloc] Total space in use, mmap + non-mmap:         4632336 Byte
20220312 002158.194 INFO             PET0 PIOc_freedecomp Enter - MemInfo: [malloc] Total space held (mmap + non-mmap):         13684736 Byte
20220312 002158.194 INFO             PET0 PIOc_freedecomp Enter - MemInfo: [malloc] Total space used (mmap + non-mmap):          4640544 Byte
20220312 002158.194 INFO             PET0 PIOc_freedecomp Enter - MemInfo: Wall-clock time since execution start:                1.01862 seconds
20220312 002158.194 INFO             PET0 PIOc_freedecomp Exit - MemInfo: [/proc/meminfo - SSI]	MemTotal:       65855856 kB
20220312 002158.194 INFO             PET0 PIOc_freedecomp Exit - MemInfo: [/proc/meminfo - SSI]	MemFree:        61165852 kB
20220312 002158.194 INFO             PET0 PIOc_freedecomp Exit - MemInfo: [/proc/meminfo - SSI]	MemAvailable:   60951120 kB
20220312 002158.194 INFO             PET0 PIOc_freedecomp Exit - MemInfo: [/proc/meminfo - SSI]	Committed_AS:    2936308 kB
20220312 002158.194 INFO             PET0 PIOc_freedecomp Exit - MemInfo: [/proc/meminfo - SSI]	CommittedPercent: 4.45869 %
20220312 002158.194 INFO             PET0 PIOc_freedecomp Exit - MemInfo: [/proc/self/status]	VmPeak:	  228816 kB
20220312 002158.194 INFO             PET0 PIOc_freedecomp Exit - MemInfo: [/proc/self/status]	VmSize:	  228816 kB
20220312 002158.194 INFO             PET0 PIOc_freedecomp Exit - MemInfo: [/proc/self/status]	VmLck:	       0 kB
20220312 002158.194 INFO             PET0 PIOc_freedecomp Exit - MemInfo: [/proc/self/status]	VmPin:	       0 kB
20220312 002158.194 INFO             PET0 PIOc_freedecomp Exit - MemInfo: [/proc/self/status]	VmHWM:	   29936 kB
20220312 002158.194 INFO             PET0 PIOc_freedecomp Exit - MemInfo: [/proc/self/status]	VmRSS:	   25800 kB
20220312 002158.194 INFO             PET0 PIOc_freedecomp Exit - MemInfo: [/proc/self/status]	VmData:	   34300 kB
20220312 002158.194 INFO             PET0 PIOc_freedecomp Exit - MemInfo: [/proc/self/status]	VmStk:	     508 kB
20220312 002158.194 INFO             PET0 PIOc_freedecomp Exit - MemInfo: [/proc/self/status]	VmExe:	    1952 kB
20220312 002158.194 INFO             PET0 PIOc_freedecomp Exit - MemInfo: [/proc/self/status]	VmLib:	   93984 kB
20220312 002158.194 INFO             PET0 PIOc_freedecomp Exit - MemInfo: [/proc/self/status]	VmPTE:	     360 kB
20220312 002158.194 INFO             PET0 PIOc_freedecomp Exit - MemInfo: [/proc/self/status]	VmPMD:	      12 kB
20220312 002158.194 INFO             PET0 PIOc_freedecomp Exit - MemInfo: [/proc/self/status]	VmSwap:	       0 kB
20220312 002158.194 INFO             PET0 PIOc_freedecomp Exit - MemInfo: [/proc/self/status]	VmRSSPercent: 0.0391765 %
20220312 002158.194 INFO             PET0 PIOc_freedecomp Exit - MemInfo: [malloc] Non-mmapped space allocated:                10326016 Byte
20220312 002158.194 INFO             PET0 PIOc_freedecomp Exit - MemInfo: [malloc] Space allocated in mmapped regions:          3358720 Byte
20220312 002158.194 INFO             PET0 PIOc_freedecomp Exit - MemInfo: [malloc] Maximum total allocated space:                     0 Byte
20220312 002158.194 INFO             PET0 PIOc_freedecomp Exit - MemInfo: [malloc] Space in freed fastbin blocks:                  1120 Byte
20220312 002158.194 INFO             PET0 PIOc_freedecomp Exit - MemInfo: [malloc] Total allocated space:                       1272352 Byte
20220312 002158.194 INFO             PET0 PIOc_freedecomp Exit - MemInfo: [malloc] Total free space:                            9053664 Byte
20220312 002158.194 INFO             PET0 PIOc_freedecomp Exit - MemInfo: [malloc] Top-most, releasable space:                   126544 Byte
20220312 002158.194 INFO             PET0 PIOc_freedecomp Exit - MemInfo: [malloc] Total space in use, mmap + non-mmap:         4631072 Byte
20220312 002158.194 INFO             PET0 PIOc_freedecomp Exit - MemInfo: [malloc] Total space held (mmap + non-mmap):         13684736 Byte
20220312 002158.194 INFO             PET0 PIOc_freedecomp Exit - MemInfo: [malloc] Total space used (mmap + non-mmap):          4639280 Byte
20220312 002158.194 INFO             PET0 PIOc_freedecomp Exit - MemInfo: Wall-clock time since execution start:                1.01886 seconds
20220312 002158.196 INFO             PET0 PIOc_sync Enter - MemInfo: [/proc/meminfo - SSI]	MemTotal:       65855856 kB
20220312 002158.196 INFO             PET0 PIOc_sync Enter - MemInfo: [/proc/meminfo - SSI]	MemFree:        61165348 kB
20220312 002158.196 INFO             PET0 PIOc_sync Enter - MemInfo: [/proc/meminfo - SSI]	MemAvailable:   60950616 kB
20220312 002158.196 INFO             PET0 PIOc_sync Enter - MemInfo: [/proc/meminfo - SSI]	Committed_AS:    2936308 kB
20220312 002158.196 INFO             PET0 PIOc_sync Enter - MemInfo: [/proc/meminfo - SSI]	CommittedPercent: 4.45869 %
20220312 002158.196 INFO             PET0 PIOc_sync Enter - MemInfo: [/proc/self/status]	VmPeak:	  228816 kB
20220312 002158.196 INFO             PET0 PIOc_sync Enter - MemInfo: [/proc/self/status]	VmSize:	  228792 kB
20220312 002158.196 INFO             PET0 PIOc_sync Enter - MemInfo: [/proc/self/status]	VmLck:	       0 kB
20220312 002158.196 INFO             PET0 PIOc_sync Enter - MemInfo: [/proc/self/status]	VmPin:	       0 kB
20220312 002158.196 INFO             PET0 PIOc_sync Enter - MemInfo: [/proc/self/status]	VmHWM:	   29936 kB
20220312 002158.196 INFO             PET0 PIOc_sync Enter - MemInfo: [/proc/self/status]	VmRSS:	   26284 kB
20220312 002158.196 INFO             PET0 PIOc_sync Enter - MemInfo: [/proc/self/status]	VmData:	   34300 kB
20220312 002158.196 INFO             PET0 PIOc_sync Enter - MemInfo: [/proc/self/status]	VmStk:	     508 kB
20220312 002158.196 INFO             PET0 PIOc_sync Enter - MemInfo: [/proc/self/status]	VmExe:	    1952 kB
20220312 002158.196 INFO             PET0 PIOc_sync Enter - MemInfo: [/proc/self/status]	VmLib:	   93984 kB
20220312 002158.196 INFO             PET0 PIOc_sync Enter - MemInfo: [/proc/self/status]	VmPTE:	     360 kB
20220312 002158.196 INFO             PET0 PIOc_sync Enter - MemInfo: [/proc/self/status]	VmPMD:	      12 kB
20220312 002158.196 INFO             PET0 PIOc_sync Enter - MemInfo: [/proc/self/status]	VmSwap:	       0 kB
20220312 002158.196 INFO             PET0 PIOc_sync Enter - MemInfo: [/proc/self/status]	VmRSSPercent: 0.0399114 %
20220312 002158.196 INFO             PET0 PIOc_sync Enter - MemInfo: [malloc] Non-mmapped space allocated:                10326016 Byte
20220312 002158.196 INFO             PET0 PIOc_sync Enter - MemInfo: [malloc] Space allocated in mmapped regions:          3358720 Byte
20220312 002158.196 INFO             PET0 PIOc_sync Enter - MemInfo: [malloc] Maximum total allocated space:                     0 Byte
20220312 002158.196 INFO             PET0 PIOc_sync Enter - MemInfo: [malloc] Space in freed fastbin blocks:                   880 Byte
20220312 002158.196 INFO             PET0 PIOc_sync Enter - MemInfo: [malloc] Total allocated space:                      10198800 Byte
20220312 002158.196 INFO             PET0 PIOc_sync Enter - MemInfo: [malloc] Total free space:                             127216 Byte
20220312 002158.196 INFO             PET0 PIOc_sync Enter - MemInfo: [malloc] Top-most, releasable space:                   121296 Byte
20220312 002158.196 INFO             PET0 PIOc_sync Enter - MemInfo: [malloc] Total space in use, mmap + non-mmap:        13557520 Byte
20220312 002158.196 INFO             PET0 PIOc_sync Enter - MemInfo: [malloc] Total space held (mmap + non-mmap):         13684736 Byte
20220312 002158.196 INFO             PET0 PIOc_sync Enter - MemInfo: [malloc] Total space used (mmap + non-mmap):         13565728 Byte
20220312 002158.196 INFO             PET0 PIOc_sync Enter - MemInfo: Wall-clock time since execution start:                 1.0208 seconds
20220312 002158.196 INFO             PET0 PIOc_sync Exit - MemInfo: [/proc/meminfo - SSI]	MemTotal:       65855856 kB
20220312 002158.196 INFO             PET0 PIOc_sync Exit - MemInfo: [/proc/meminfo - SSI]	MemFree:        61165348 kB
20220312 002158.196 INFO             PET0 PIOc_sync Exit - MemInfo: [/proc/meminfo - SSI]	MemAvailable:   60950616 kB
20220312 002158.196 INFO             PET0 PIOc_sync Exit - MemInfo: [/proc/meminfo - SSI]	Committed_AS:    2936308 kB
20220312 002158.196 INFO             PET0 PIOc_sync Exit - MemInfo: [/proc/meminfo - SSI]	CommittedPercent: 4.45869 %
20220312 002158.196 INFO             PET0 PIOc_sync Exit - MemInfo: [/proc/self/status]	VmPeak:	  228816 kB
20220312 002158.196 INFO             PET0 PIOc_sync Exit - MemInfo: [/proc/self/status]	VmSize:	  228792 kB
20220312 002158.196 INFO             PET0 PIOc_sync Exit - MemInfo: [/proc/self/status]	VmLck:	       0 kB
20220312 002158.196 INFO             PET0 PIOc_sync Exit - MemInfo: [/proc/self/status]	VmPin:	       0 kB
20220312 002158.196 INFO             PET0 PIOc_sync Exit - MemInfo: [/proc/self/status]	VmHWM:	   29936 kB
20220312 002158.196 INFO             PET0 PIOc_sync Exit - MemInfo: [/proc/self/status]	VmRSS:	   26284 kB
20220312 002158.196 INFO             PET0 PIOc_sync Exit - MemInfo: [/proc/self/status]	VmData:	   34300 kB
20220312 002158.196 INFO             PET0 PIOc_sync Exit - MemInfo: [/proc/self/status]	VmStk:	     508 kB
20220312 002158.196 INFO             PET0 PIOc_sync Exit - MemInfo: [/proc/self/status]	VmExe:	    1952 kB
20220312 002158.196 INFO             PET0 PIOc_sync Exit - MemInfo: [/proc/self/status]	VmLib:	   93984 kB
20220312 002158.196 INFO             PET0 PIOc_sync Exit - MemInfo: [/proc/self/status]	VmPTE:	     360 kB
20220312 002158.196 INFO             PET0 PIOc_sync Exit - MemInfo: [/proc/self/status]	VmPMD:	      12 kB
20220312 002158.196 INFO             PET0 PIOc_sync Exit - MemInfo: [/proc/self/status]	VmSwap:	       0 kB
20220312 002158.196 INFO             PET0 PIOc_sync Exit - MemInfo: [/proc/self/status]	VmRSSPercent: 0.0399114 %
20220312 002158.196 INFO             PET0 PIOc_sync Exit - MemInfo: [malloc] Non-mmapped space allocated:                10326016 Byte
20220312 002158.196 INFO             PET0 PIOc_sync Exit - MemInfo: [malloc] Space allocated in mmapped regions:          3358720 Byte
20220312 002158.196 INFO             PET0 PIOc_sync Exit - MemInfo: [malloc] Maximum total allocated space:                     0 Byte
20220312 002158.196 INFO             PET0 PIOc_sync Exit - MemInfo: [malloc] Space in freed fastbin blocks:                    32 Byte
20220312 002158.196 INFO             PET0 PIOc_sync Exit - MemInfo: [malloc] Total allocated space:                      10199472 Byte
20220312 002158.196 INFO             PET0 PIOc_sync Exit - MemInfo: [malloc] Total free space:                             126544 Byte
20220312 002158.196 INFO             PET0 PIOc_sync Exit - MemInfo: [malloc] Top-most, releasable space:                   121072 Byte
20220312 002158.196 INFO             PET0 PIOc_sync Exit - MemInfo: [malloc] Total space in use, mmap + non-mmap:        13558192 Byte
20220312 002158.196 INFO             PET0 PIOc_sync Exit - MemInfo: [malloc] Total space held (mmap + non-mmap):         13684736 Byte
20220312 002158.196 INFO             PET0 PIOc_sync Exit - MemInfo: [malloc] Total space used (mmap + non-mmap):         13566512 Byte
20220312 002158.196 INFO             PET0 PIOc_sync Exit - MemInfo: Wall-clock time since execution start:                1.02106 seconds
20220312 002158.196 INFO             PET0 PIOc_freedecomp Enter - MemInfo: [/proc/meminfo - SSI]	MemTotal:       65855856 kB
20220312 002158.196 INFO             PET0 PIOc_freedecomp Enter - MemInfo: [/proc/meminfo - SSI]	MemFree:        61165348 kB
20220312 002158.196 INFO             PET0 PIOc_freedecomp Enter - MemInfo: [/proc/meminfo - SSI]	MemAvailable:   60950616 kB
20220312 002158.196 INFO             PET0 PIOc_freedecomp Enter - MemInfo: [/proc/meminfo - SSI]	Committed_AS:    2936308 kB
20220312 002158.196 INFO             PET0 PIOc_freedecomp Enter - MemInfo: [/proc/meminfo - SSI]	CommittedPercent: 4.45869 %
20220312 002158.196 INFO             PET0 PIOc_freedecomp Enter - MemInfo: [/proc/self/status]	VmPeak:	  228816 kB
20220312 002158.196 INFO             PET0 PIOc_freedecomp Enter - MemInfo: [/proc/self/status]	VmSize:	  228792 kB
20220312 002158.196 INFO             PET0 PIOc_freedecomp Enter - MemInfo: [/proc/self/status]	VmLck:	       0 kB
20220312 002158.196 INFO             PET0 PIOc_freedecomp Enter - MemInfo: [/proc/self/status]	VmPin:	       0 kB
20220312 002158.196 INFO             PET0 PIOc_freedecomp Enter - MemInfo: [/proc/self/status]	VmHWM:	   29936 kB
20220312 002158.196 INFO             PET0 PIOc_freedecomp Enter - MemInfo: [/proc/self/status]	VmRSS:	   26284 kB
20220312 002158.196 INFO             PET0 PIOc_freedecomp Enter - MemInfo: [/proc/self/status]	VmData:	   34300 kB
20220312 002158.196 INFO             PET0 PIOc_freedecomp Enter - MemInfo: [/proc/self/status]	VmStk:	     508 kB
20220312 002158.196 INFO             PET0 PIOc_freedecomp Enter - MemInfo: [/proc/self/status]	VmExe:	    1952 kB
20220312 002158.196 INFO             PET0 PIOc_freedecomp Enter - MemInfo: [/proc/self/status]	VmLib:	   93984 kB
20220312 002158.196 INFO             PET0 PIOc_freedecomp Enter - MemInfo: [/proc/self/status]	VmPTE:	     360 kB
20220312 002158.196 INFO             PET0 PIOc_freedecomp Enter - MemInfo: [/proc/self/status]	VmPMD:	      12 kB
20220312 002158.196 INFO             PET0 PIOc_freedecomp Enter - MemInfo: [/proc/self/status]	VmSwap:	       0 kB
20220312 002158.196 INFO             PET0 PIOc_freedecomp Enter - MemInfo: [/proc/self/status]	VmRSSPercent: 0.0399114 %
20220312 002158.196 INFO             PET0 PIOc_freedecomp Enter - MemInfo: [malloc] Non-mmapped space allocated:                10326016 Byte
20220312 002158.196 INFO             PET0 PIOc_freedecomp Enter - MemInfo: [malloc] Space allocated in mmapped regions:          3358720 Byte
20220312 002158.196 INFO             PET0 PIOc_freedecomp Enter - MemInfo: [malloc] Maximum total allocated space:                     0 Byte
20220312 002158.196 INFO             PET0 PIOc_freedecomp Enter - MemInfo: [malloc] Space in freed fastbin blocks:                   112 Byte
20220312 002158.196 INFO             PET0 PIOc_freedecomp Enter - MemInfo: [malloc] Total allocated space:                       1274288 Byte
20220312 002158.196 INFO             PET0 PIOc_freedecomp Enter - MemInfo: [malloc] Total free space:                            9051728 Byte
20220312 002158.196 INFO             PET0 PIOc_freedecomp Enter - MemInfo: [malloc] Top-most, releasable space:                   120848 Byte
20220312 002158.196 INFO             PET0 PIOc_freedecomp Enter - MemInfo: [malloc] Total space in use, mmap + non-mmap:         4633008 Byte
20220312 002158.196 INFO             PET0 PIOc_freedecomp Enter - MemInfo: [malloc] Total space held (mmap + non-mmap):         13684736 Byte
20220312 002158.196 INFO             PET0 PIOc_freedecomp Enter - MemInfo: [malloc] Total space used (mmap + non-mmap):          4641216 Byte
20220312 002158.196 INFO             PET0 PIOc_freedecomp Enter - MemInfo: Wall-clock time since execution start:                1.02144 seconds
20220312 002158.197 INFO             PET0 PIOc_freedecomp Exit - MemInfo: [/proc/meminfo - SSI]	MemTotal:       65855856 kB
20220312 002158.197 INFO             PET0 PIOc_freedecomp Exit - MemInfo: [/proc/meminfo - SSI]	MemFree:        61165348 kB
20220312 002158.197 INFO             PET0 PIOc_freedecomp Exit - MemInfo: [/proc/meminfo - SSI]	MemAvailable:   60950616 kB
20220312 002158.197 INFO             PET0 PIOc_freedecomp Exit - MemInfo: [/proc/meminfo - SSI]	Committed_AS:    2936308 kB
20220312 002158.197 INFO             PET0 PIOc_freedecomp Exit - MemInfo: [/proc/meminfo - SSI]	CommittedPercent: 4.45869 %
20220312 002158.197 INFO             PET0 PIOc_freedecomp Exit - MemInfo: [/proc/self/status]	VmPeak:	  228816 kB
20220312 002158.197 INFO             PET0 PIOc_freedecomp Exit - MemInfo: [/proc/self/status]	VmSize:	  228792 kB
20220312 002158.197 INFO             PET0 PIOc_freedecomp Exit - MemInfo: [/proc/self/status]	VmLck:	       0 kB
20220312 002158.197 INFO             PET0 PIOc_freedecomp Exit - MemInfo: [/proc/self/status]	VmPin:	       0 kB
20220312 002158.197 INFO             PET0 PIOc_freedecomp Exit - MemInfo: [/proc/self/status]	VmHWM:	   29936 kB
20220312 002158.197 INFO             PET0 PIOc_freedecomp Exit - MemInfo: [/proc/self/status]	VmRSS:	   26284 kB
20220312 002158.197 INFO             PET0 PIOc_freedecomp Exit - MemInfo: [/proc/self/status]	VmData:	   34300 kB
20220312 002158.197 INFO             PET0 PIOc_freedecomp Exit - MemInfo: [/proc/self/status]	VmStk:	     508 kB
20220312 002158.197 INFO             PET0 PIOc_freedecomp Exit - MemInfo: [/proc/self/status]	VmExe:	    1952 kB
20220312 002158.197 INFO             PET0 PIOc_freedecomp Exit - MemInfo: [/proc/self/status]	VmLib:	   93984 kB
20220312 002158.197 INFO             PET0 PIOc_freedecomp Exit - MemInfo: [/proc/self/status]	VmPTE:	     360 kB
20220312 002158.197 INFO             PET0 PIOc_freedecomp Exit - MemInfo: [/proc/self/status]	VmPMD:	      12 kB
20220312 002158.197 INFO             PET0 PIOc_freedecomp Exit - MemInfo: [/proc/self/status]	VmSwap:	       0 kB
20220312 002158.197 INFO             PET0 PIOc_freedecomp Exit - MemInfo: [/proc/self/status]	VmRSSPercent: 0.0399114 %
20220312 002158.197 INFO             PET0 PIOc_freedecomp Exit - MemInfo: [malloc] Non-mmapped space allocated:                10326016 Byte
20220312 002158.197 INFO             PET0 PIOc_freedecomp Exit - MemInfo: [malloc] Space allocated in mmapped regions:          3358720 Byte
20220312 002158.197 INFO             PET0 PIOc_freedecomp Exit - MemInfo: [malloc] Maximum total allocated space:                     0 Byte
20220312 002158.197 INFO             PET0 PIOc_freedecomp Exit - MemInfo: [malloc] Space in freed fastbin blocks:                  1456 Byte
20220312 002158.197 INFO             PET0 PIOc_freedecomp Exit - MemInfo: [malloc] Total allocated space:                       1272688 Byte
20220312 002158.197 INFO             PET0 PIOc_freedecomp Exit - MemInfo: [malloc] Total free space:                            9053328 Byte
20220312 002158.197 INFO             PET0 PIOc_freedecomp Exit - MemInfo: [malloc] Top-most, releasable space:                   126544 Byte
20220312 002158.197 INFO             PET0 PIOc_freedecomp Exit - MemInfo: [malloc] Total space in use, mmap + non-mmap:         4631408 Byte
20220312 002158.197 INFO             PET0 PIOc_freedecomp Exit - MemInfo: [malloc] Total space held (mmap + non-mmap):         13684736 Byte
20220312 002158.197 INFO             PET0 PIOc_freedecomp Exit - MemInfo: [malloc] Total space used (mmap + non-mmap):          4639616 Byte
20220312 002158.197 INFO             PET0 PIOc_freedecomp Exit - MemInfo: Wall-clock time since execution start:                1.02168 seconds
20220312 002158.200 INFO             PET0 PIOc_sync Enter - MemInfo: [/proc/meminfo - SSI]	MemTotal:       65855856 kB
20220312 002158.200 INFO             PET0 PIOc_sync Enter - MemInfo: [/proc/meminfo - SSI]	MemFree:        61160812 kB
20220312 002158.200 INFO             PET0 PIOc_sync Enter - MemInfo: [/proc/meminfo - SSI]	MemAvailable:   60946080 kB
20220312 002158.200 INFO             PET0 PIOc_sync Enter - MemInfo: [/proc/meminfo - SSI]	Committed_AS:    2944476 kB
20220312 002158.200 INFO             PET0 PIOc_sync Enter - MemInfo: [/proc/meminfo - SSI]	CommittedPercent: 4.47109 %
20220312 002158.200 INFO             PET0 PIOc_sync Enter - MemInfo: [/proc/self/status]	VmPeak:	  236980 kB
20220312 002158.200 INFO             PET0 PIOc_sync Enter - MemInfo: [/proc/self/status]	VmSize:	  236980 kB
20220312 002158.200 INFO             PET0 PIOc_sync Enter - MemInfo: [/proc/self/status]	VmLck:	       0 kB
20220312 002158.200 INFO             PET0 PIOc_sync Enter - MemInfo: [/proc/self/status]	VmPin:	       0 kB
20220312 002158.200 INFO             PET0 PIOc_sync Enter - MemInfo: [/proc/self/status]	VmHWM:	   30464 kB
20220312 002158.201 INFO             PET0 PIOc_sync Enter - MemInfo: [/proc/self/status]	VmRSS:	   30464 kB
20220312 002158.201 INFO             PET0 PIOc_sync Enter - MemInfo: [/proc/self/status]	VmData:	   42500 kB
20220312 002158.201 INFO             PET0 PIOc_sync Enter - MemInfo: [/proc/self/status]	VmStk:	     508 kB
20220312 002158.201 INFO             PET0 PIOc_sync Enter - MemInfo: [/proc/self/status]	VmExe:	    1952 kB
20220312 002158.201 INFO             PET0 PIOc_sync Enter - MemInfo: [/proc/self/status]	VmLib:	   93984 kB
20220312 002158.201 INFO             PET0 PIOc_sync Enter - MemInfo: [/proc/self/status]	VmPTE:	     372 kB
20220312 002158.201 INFO             PET0 PIOc_sync Enter - MemInfo: [/proc/self/status]	VmPMD:	      12 kB
20220312 002158.201 INFO             PET0 PIOc_sync Enter - MemInfo: [/proc/self/status]	VmSwap:	       0 kB
20220312 002158.201 INFO             PET0 PIOc_sync Enter - MemInfo: [/proc/self/status]	VmRSSPercent: 0.0462586 %
20220312 002158.201 INFO             PET0 PIOc_sync Enter - MemInfo: [malloc] Non-mmapped space allocated:                18722816 Byte
20220312 002158.201 INFO             PET0 PIOc_sync Enter - MemInfo: [malloc] Space allocated in mmapped regions:          3358720 Byte
20220312 002158.201 INFO             PET0 PIOc_sync Enter - MemInfo: [malloc] Maximum total allocated space:                     0 Byte
20220312 002158.201 INFO             PET0 PIOc_sync Enter - MemInfo: [malloc] Space in freed fastbin blocks:                  1584 Byte
20220312 002158.201 INFO             PET0 PIOc_sync Enter - MemInfo: [malloc] Total allocated space:                      10199984 Byte
20220312 002158.201 INFO             PET0 PIOc_sync Enter - MemInfo: [malloc] Total free space:                            8522832 Byte
20220312 002158.201 INFO             PET0 PIOc_sync Enter - MemInfo: [malloc] Top-most, releasable space:                   134720 Byte
20220312 002158.201 INFO             PET0 PIOc_sync Enter - MemInfo: [malloc] Total space in use, mmap + non-mmap:        13558704 Byte
20220312 002158.201 INFO             PET0 PIOc_sync Enter - MemInfo: [malloc] Total space held (mmap + non-mmap):         22081536 Byte
20220312 002158.201 INFO             PET0 PIOc_sync Enter - MemInfo: [malloc] Total space used (mmap + non-mmap):         13566912 Byte
20220312 002158.201 INFO             PET0 PIOc_sync Enter - MemInfo: Wall-clock time since execution start:                1.02555 seconds
20220312 002158.201 INFO             PET0 PIOc_sync Exit - MemInfo: [/proc/meminfo - SSI]	MemTotal:       65855856 kB
20220312 002158.201 INFO             PET0 PIOc_sync Exit - MemInfo: [/proc/meminfo - SSI]	MemFree:        61160812 kB
20220312 002158.201 INFO             PET0 PIOc_sync Exit - MemInfo: [/proc/meminfo - SSI]	MemAvailable:   60946080 kB
20220312 002158.201 INFO             PET0 PIOc_sync Exit - MemInfo: [/proc/meminfo - SSI]	Committed_AS:    2944476 kB
20220312 002158.201 INFO             PET0 PIOc_sync Exit - MemInfo: [/proc/meminfo - SSI]	CommittedPercent: 4.47109 %
20220312 002158.201 INFO             PET0 PIOc_sync Exit - MemInfo: [/proc/self/status]	VmPeak:	  236980 kB
20220312 002158.201 INFO             PET0 PIOc_sync Exit - MemInfo: [/proc/self/status]	VmSize:	  236980 kB
20220312 002158.201 INFO             PET0 PIOc_sync Exit - MemInfo: [/proc/self/status]	VmLck:	       0 kB
20220312 002158.201 INFO             PET0 PIOc_sync Exit - MemInfo: [/proc/self/status]	VmPin:	       0 kB
20220312 002158.201 INFO             PET0 PIOc_sync Exit - MemInfo: [/proc/self/status]	VmHWM:	   30464 kB
20220312 002158.201 INFO             PET0 PIOc_sync Exit - MemInfo: [/proc/self/status]	VmRSS:	   30464 kB
20220312 002158.201 INFO             PET0 PIOc_sync Exit - MemInfo: [/proc/self/status]	VmData:	   42500 kB
20220312 002158.201 INFO             PET0 PIOc_sync Exit - MemInfo: [/proc/self/status]	VmStk:	     508 kB
20220312 002158.201 INFO             PET0 PIOc_sync Exit - MemInfo: [/proc/self/status]	VmExe:	    1952 kB
20220312 002158.201 INFO             PET0 PIOc_sync Exit - MemInfo: [/proc/self/status]	VmLib:	   93984 kB
20220312 002158.201 INFO             PET0 PIOc_sync Exit - MemInfo: [/proc/self/status]	VmPTE:	     372 kB
20220312 002158.201 INFO             PET0 PIOc_sync Exit - MemInfo: [/proc/self/status]	VmPMD:	      12 kB
20220312 002158.201 INFO             PET0 PIOc_sync Exit - MemInfo: [/proc/self/status]	VmSwap:	       0 kB
20220312 002158.201 INFO             PET0 PIOc_sync Exit - MemInfo: [/proc/self/status]	VmRSSPercent: 0.0462586 %
20220312 002158.201 INFO             PET0 PIOc_sync Exit - MemInfo: [malloc] Non-mmapped space allocated:                18722816 Byte
20220312 002158.201 INFO             PET0 PIOc_sync Exit - MemInfo: [malloc] Space allocated in mmapped regions:          3358720 Byte
20220312 002158.201 INFO             PET0 PIOc_sync Exit - MemInfo: [malloc] Maximum total allocated space:                     0 Byte
20220312 002158.201 INFO             PET0 PIOc_sync Exit - MemInfo: [malloc] Space in freed fastbin blocks:                    64 Byte
20220312 002158.201 INFO             PET0 PIOc_sync Exit - MemInfo: [malloc] Total allocated space:                      10201024 Byte
20220312 002158.201 INFO             PET0 PIOc_sync Exit - MemInfo: [malloc] Total free space:                            8521792 Byte
20220312 002158.201 INFO             PET0 PIOc_sync Exit - MemInfo: [malloc] Top-most, releasable space:                   134720 Byte
20220312 002158.201 INFO             PET0 PIOc_sync Exit - MemInfo: [malloc] Total space in use, mmap + non-mmap:        13559744 Byte
20220312 002158.201 INFO             PET0 PIOc_sync Exit - MemInfo: [malloc] Total space held (mmap + non-mmap):         22081536 Byte
20220312 002158.201 INFO             PET0 PIOc_sync Exit - MemInfo: [malloc] Total space used (mmap + non-mmap):         13568064 Byte
20220312 002158.201 INFO             PET0 PIOc_sync Exit - MemInfo: Wall-clock time since execution start:                1.02586 seconds
20220312 002158.201 INFO             PET0 PIOc_freedecomp Enter - MemInfo: [/proc/meminfo - SSI]	MemTotal:       65855856 kB
20220312 002158.201 INFO             PET0 PIOc_freedecomp Enter - MemInfo: [/proc/meminfo - SSI]	MemFree:        61160812 kB
20220312 002158.201 INFO             PET0 PIOc_freedecomp Enter - MemInfo: [/proc/meminfo - SSI]	MemAvailable:   60946080 kB
20220312 002158.201 INFO             PET0 PIOc_freedecomp Enter - MemInfo: [/proc/meminfo - SSI]	Committed_AS:    2944476 kB
20220312 002158.201 INFO             PET0 PIOc_freedecomp Enter - MemInfo: [/proc/meminfo - SSI]	CommittedPercent: 4.47109 %
20220312 002158.201 INFO             PET0 PIOc_freedecomp Enter - MemInfo: [/proc/self/status]	VmPeak:	  236980 kB
20220312 002158.201 INFO             PET0 PIOc_freedecomp Enter - MemInfo: [/proc/self/status]	VmSize:	  236980 kB
20220312 002158.201 INFO             PET0 PIOc_freedecomp Enter - MemInfo: [/proc/self/status]	VmLck:	       0 kB
20220312 002158.201 INFO             PET0 PIOc_freedecomp Enter - MemInfo: [/proc/self/status]	VmPin:	       0 kB
20220312 002158.201 INFO             PET0 PIOc_freedecomp Enter - MemInfo: [/proc/self/status]	VmHWM:	   30464 kB
20220312 002158.201 INFO             PET0 PIOc_freedecomp Enter - MemInfo: [/proc/self/status]	VmRSS:	   30464 kB
20220312 002158.201 INFO             PET0 PIOc_freedecomp Enter - MemInfo: [/proc/self/status]	VmData:	   42500 kB
20220312 002158.201 INFO             PET0 PIOc_freedecomp Enter - MemInfo: [/proc/self/status]	VmStk:	     508 kB
20220312 002158.201 INFO             PET0 PIOc_freedecomp Enter - MemInfo: [/proc/self/status]	VmExe:	    1952 kB
20220312 002158.201 INFO             PET0 PIOc_freedecomp Enter - MemInfo: [/proc/self/status]	VmLib:	   93984 kB
20220312 002158.201 INFO             PET0 PIOc_freedecomp Enter - MemInfo: [/proc/self/status]	VmPTE:	     372 kB
20220312 002158.201 INFO             PET0 PIOc_freedecomp Enter - MemInfo: [/proc/self/status]	VmPMD:	      12 kB
20220312 002158.201 INFO             PET0 PIOc_freedecomp Enter - MemInfo: [/proc/self/status]	VmSwap:	       0 kB
20220312 002158.201 INFO             PET0 PIOc_freedecomp Enter - MemInfo: [/proc/self/status]	VmRSSPercent: 0.0462586 %
20220312 002158.201 INFO             PET0 PIOc_freedecomp Enter - MemInfo: [malloc] Non-mmapped space allocated:                18722816 Byte
20220312 002158.201 INFO             PET0 PIOc_freedecomp Enter - MemInfo: [malloc] Space allocated in mmapped regions:          3358720 Byte
20220312 002158.201 INFO             PET0 PIOc_freedecomp Enter - MemInfo: [malloc] Maximum total allocated space:                     0 Byte
20220312 002158.201 INFO             PET0 PIOc_freedecomp Enter - MemInfo: [malloc] Space in freed fastbin blocks:                   272 Byte
20220312 002158.201 INFO             PET0 PIOc_freedecomp Enter - MemInfo: [malloc] Total allocated space:                       1274816 Byte
20220312 002158.201 INFO             PET0 PIOc_freedecomp Enter - MemInfo: [malloc] Total free space:                           17448000 Byte
20220312 002158.201 INFO             PET0 PIOc_freedecomp Enter - MemInfo: [malloc] Top-most, releasable space:                  8523344 Byte
20220312 002158.201 INFO             PET0 PIOc_freedecomp Enter - MemInfo: [malloc] Total space in use, mmap + non-mmap:         4633536 Byte
20220312 002158.201 INFO             PET0 PIOc_freedecomp Enter - MemInfo: [malloc] Total space held (mmap + non-mmap):         22081536 Byte
20220312 002158.201 INFO             PET0 PIOc_freedecomp Enter - MemInfo: [malloc] Total space used (mmap + non-mmap):          4641744 Byte
20220312 002158.201 INFO             PET0 PIOc_freedecomp Enter - MemInfo: Wall-clock time since execution start:                1.02631 seconds
20220312 002158.201 INFO             PET0 PIOc_freedecomp Exit - MemInfo: [/proc/meminfo - SSI]	MemTotal:       65855856 kB
20220312 002158.201 INFO             PET0 PIOc_freedecomp Exit - MemInfo: [/proc/meminfo - SSI]	MemFree:        61160812 kB
20220312 002158.201 INFO             PET0 PIOc_freedecomp Exit - MemInfo: [/proc/meminfo - SSI]	MemAvailable:   60946080 kB
20220312 002158.201 INFO             PET0 PIOc_freedecomp Exit - MemInfo: [/proc/meminfo - SSI]	Committed_AS:    2944476 kB
20220312 002158.201 INFO             PET0 PIOc_freedecomp Exit - MemInfo: [/proc/meminfo - SSI]	CommittedPercent: 4.47109 %
20220312 002158.201 INFO             PET0 PIOc_freedecomp Exit - MemInfo: [/proc/self/status]	VmPeak:	  236980 kB
20220312 002158.201 INFO             PET0 PIOc_freedecomp Exit - MemInfo: [/proc/self/status]	VmSize:	  236980 kB
20220312 002158.201 INFO             PET0 PIOc_freedecomp Exit - MemInfo: [/proc/self/status]	VmLck:	       0 kB
20220312 002158.201 INFO             PET0 PIOc_freedecomp Exit - MemInfo: [/proc/self/status]	VmPin:	       0 kB
20220312 002158.201 INFO             PET0 PIOc_freedecomp Exit - MemInfo: [/proc/self/status]	VmHWM:	   30464 kB
20220312 002158.202 INFO             PET0 PIOc_freedecomp Exit - MemInfo: [/proc/self/status]	VmRSS:	   30464 kB
20220312 002158.202 INFO             PET0 PIOc_freedecomp Exit - MemInfo: [/proc/self/status]	VmData:	   42500 kB
20220312 002158.202 INFO             PET0 PIOc_freedecomp Exit - MemInfo: [/proc/self/status]	VmStk:	     508 kB
20220312 002158.202 INFO             PET0 PIOc_freedecomp Exit - MemInfo: [/proc/self/status]	VmExe:	    1952 kB
20220312 002158.202 INFO             PET0 PIOc_freedecomp Exit - MemInfo: [/proc/self/status]	VmLib:	   93984 kB
20220312 002158.202 INFO             PET0 PIOc_freedecomp Exit - MemInfo: [/proc/self/status]	VmPTE:	     372 kB
20220312 002158.202 INFO             PET0 PIOc_freedecomp Exit - MemInfo: [/proc/self/status]	VmPMD:	      12 kB
20220312 002158.202 INFO             PET0 PIOc_freedecomp Exit - MemInfo: [/proc/self/status]	VmSwap:	       0 kB
20220312 002158.202 INFO             PET0 PIOc_freedecomp Exit - MemInfo: [/proc/self/status]	VmRSSPercent: 0.0462586 %
20220312 002158.202 INFO             PET0 PIOc_freedecomp Exit - MemInfo: [malloc] Non-mmapped space allocated:                18722816 Byte
20220312 002158.202 INFO             PET0 PIOc_freedecomp Exit - MemInfo: [malloc] Space allocated in mmapped regions:          3358720 Byte
20220312 002158.202 INFO             PET0 PIOc_freedecomp Exit - MemInfo: [malloc] Maximum total allocated space:                     0 Byte
20220312 002158.202 INFO             PET0 PIOc_freedecomp Exit - MemInfo: [malloc] Space in freed fastbin blocks:                  1472 Byte
20220312 002158.202 INFO             PET0 PIOc_freedecomp Exit - MemInfo: [malloc] Total allocated space:                       1273200 Byte
20220312 002158.202 INFO             PET0 PIOc_freedecomp Exit - MemInfo: [malloc] Total free space:                           17449616 Byte
20220312 002158.202 INFO             PET0 PIOc_freedecomp Exit - MemInfo: [malloc] Top-most, releasable space:                  8523344 Byte
20220312 002158.202 INFO             PET0 PIOc_freedecomp Exit - MemInfo: [malloc] Total space in use, mmap + non-mmap:         4631920 Byte
20220312 002158.202 INFO             PET0 PIOc_freedecomp Exit - MemInfo: [malloc] Total space held (mmap + non-mmap):         22081536 Byte
20220312 002158.202 INFO             PET0 PIOc_freedecomp Exit - MemInfo: [malloc] Total space used (mmap + non-mmap):          4640128 Byte
20220312 002158.202 INFO             PET0 PIOc_freedecomp Exit - MemInfo: Wall-clock time since execution start:                1.02654 seconds
20220312 002158.221 INFO             PET0  NUMBER_OF_PROCESSORS           4
20220312 002158.221 INFO             PET0  PASS  Example ESMF_RHandleBitForBitEx, ESMF_RHandleBitForBitEx.F90, line 1557
20220312 002158.221 INFO             PET0 Finalizing ESMF
20220312 002157.185 INFO             PET1 !!!!!!!!!!!!!!!!!!!!!!!!!!!!!!!!!!!!!!!!!!!!!!!!!!!!!!
20220312 002157.185 INFO             PET1 !!! THE ESMF_LOG IS SET TO OUTPUT ALL LOG MESSAGES !!!
20220312 002157.185 INFO             PET1 !!!     THIS MAY CAUSE SLOWDOWN IN PERFORMANCE     !!!
20220312 002157.185 INFO             PET1 !!! FOR PRODUCTION RUNS, USE:                      !!!
20220312 002157.185 INFO             PET1 !!!                   ESMF_LOGKIND_Multi_On_Error  !!!
20220312 002157.185 INFO             PET1 !!!!!!!!!!!!!!!!!!!!!!!!!!!!!!!!!!!!!!!!!!!!!!!!!!!!!!
20220312 002157.185 INFO             PET1 Running with ESMF Version   : v8.3.0b09-96-g559b459836
20220312 002157.185 INFO             PET1 ESMF library build date/time: "Mar 11 2022" "23:40:33"
20220312 002157.185 INFO             PET1 ESMF library build location : /lustre/f2/dev/ncep/Mark.Potts/intel_2019.5_mpi_O_jedwards_pio_update2
20220312 002157.185 INFO             PET1 ESMF_COMM                   : mpi
20220312 002157.187 INFO             PET1 ESMF_MOAB                   : enabled
20220312 002157.187 INFO             PET1 ESMF_LAPACK                 : enabled
20220312 002157.187 INFO             PET1 ESMF_NETCDF                 : enabled
20220312 002157.187 INFO             PET1 ESMF_PNETCDF                : disabled
20220312 002157.187 INFO             PET1 ESMF_PIO                    : enabled
20220312 002157.187 INFO             PET1 ESMF_YAMLCPP                : enabled
20220312 002157.222 INFO             PET1 PIOc_sync Enter - MemInfo: [/proc/meminfo - SSI]	MemTotal:       65855856 kB
20220312 002157.222 INFO             PET1 PIOc_sync Enter - MemInfo: [/proc/meminfo - SSI]	MemFree:        61161996 kB
20220312 002157.222 INFO             PET1 PIOc_sync Enter - MemInfo: [/proc/meminfo - SSI]	MemAvailable:   60946128 kB
20220312 002157.222 INFO             PET1 PIOc_sync Enter - MemInfo: [/proc/meminfo - SSI]	Committed_AS:    2935932 kB
20220312 002157.222 INFO             PET1 PIOc_sync Enter - MemInfo: [/proc/meminfo - SSI]	CommittedPercent: 4.45812 %
20220312 002157.222 INFO             PET1 PIOc_sync Enter - MemInfo: [/proc/self/status]	VmPeak:	  219456 kB
20220312 002157.222 INFO             PET1 PIOc_sync Enter - MemInfo: [/proc/self/status]	VmSize:	  219336 kB
20220312 002157.222 INFO             PET1 PIOc_sync Enter - MemInfo: [/proc/self/status]	VmLck:	       0 kB
20220312 002157.222 INFO             PET1 PIOc_sync Enter - MemInfo: [/proc/self/status]	VmPin:	       0 kB
20220312 002157.222 INFO             PET1 PIOc_sync Enter - MemInfo: [/proc/self/status]	VmHWM:	   19416 kB
20220312 002157.222 INFO             PET1 PIOc_sync Enter - MemInfo: [/proc/self/status]	VmRSS:	   19416 kB
20220312 002157.222 INFO             PET1 PIOc_sync Enter - MemInfo: [/proc/self/status]	VmData:	   24820 kB
20220312 002157.222 INFO             PET1 PIOc_sync Enter - MemInfo: [/proc/self/status]	VmStk:	     508 kB
20220312 002157.222 INFO             PET1 PIOc_sync Enter - MemInfo: [/proc/self/status]	VmExe:	    1952 kB
20220312 002157.222 INFO             PET1 PIOc_sync Enter - MemInfo: [/proc/self/status]	VmLib:	   93984 kB
20220312 002157.222 INFO             PET1 PIOc_sync Enter - MemInfo: [/proc/self/status]	VmPTE:	     328 kB
20220312 002157.222 INFO             PET1 PIOc_sync Enter - MemInfo: [/proc/self/status]	VmPMD:	      12 kB
20220312 002157.222 INFO             PET1 PIOc_sync Enter - MemInfo: [/proc/self/status]	VmSwap:	       0 kB
20220312 002157.222 INFO             PET1 PIOc_sync Enter - MemInfo: [/proc/self/status]	VmRSSPercent: 0.0294826 %
20220312 002157.222 INFO             PET1 PIOc_sync Enter - MemInfo: [malloc] Non-mmapped space allocated:                  950272 Byte
20220312 002157.222 INFO             PET1 PIOc_sync Enter - MemInfo: [malloc] Space allocated in mmapped regions:          3026944 Byte
20220312 002157.222 INFO             PET1 PIOc_sync Enter - MemInfo: [malloc] Maximum total allocated space:                     0 Byte
20220312 002157.222 INFO             PET1 PIOc_sync Enter - MemInfo: [malloc] Space in freed fastbin blocks:                     0 Byte
20220312 002157.222 INFO             PET1 PIOc_sync Enter - MemInfo: [malloc] Total allocated space:                        835712 Byte
20220312 002157.222 INFO             PET1 PIOc_sync Enter - MemInfo: [malloc] Total free space:                             114560 Byte
20220312 002157.222 INFO             PET1 PIOc_sync Enter - MemInfo: [malloc] Top-most, releasable space:                   114528 Byte
20220312 002157.222 INFO             PET1 PIOc_sync Enter - MemInfo: [malloc] Total space in use, mmap + non-mmap:         3862656 Byte
20220312 002157.222 INFO             PET1 PIOc_sync Enter - MemInfo: [malloc] Total space held (mmap + non-mmap):          3977216 Byte
20220312 002157.222 INFO             PET1 PIOc_sync Enter - MemInfo: [malloc] Total space used (mmap + non-mmap):          3872352 Byte
20220312 002157.222 INFO             PET1 PIOc_sync Enter - MemInfo: Wall-clock time since execution start:               0.046927 seconds
20220312 002158.188 INFO             PET1 PIOc_sync Exit - MemInfo: [/proc/meminfo - SSI]	MemTotal:       65855856 kB
20220312 002158.188 INFO             PET1 PIOc_sync Exit - MemInfo: [/proc/meminfo - SSI]	MemFree:        61161316 kB
20220312 002158.188 INFO             PET1 PIOc_sync Exit - MemInfo: [/proc/meminfo - SSI]	MemAvailable:   60946584 kB
20220312 002158.188 INFO             PET1 PIOc_sync Exit - MemInfo: [/proc/meminfo - SSI]	Committed_AS:    2935932 kB
20220312 002158.188 INFO             PET1 PIOc_sync Exit - MemInfo: [/proc/meminfo - SSI]	CommittedPercent: 4.45812 %
20220312 002158.188 INFO             PET1 PIOc_sync Exit - MemInfo: [/proc/self/status]	VmPeak:	  219456 kB
20220312 002158.188 INFO             PET1 PIOc_sync Exit - MemInfo: [/proc/self/status]	VmSize:	  219336 kB
20220312 002158.188 INFO             PET1 PIOc_sync Exit - MemInfo: [/proc/self/status]	VmLck:	       0 kB
20220312 002158.188 INFO             PET1 PIOc_sync Exit - MemInfo: [/proc/self/status]	VmPin:	       0 kB
20220312 002158.188 INFO             PET1 PIOc_sync Exit - MemInfo: [/proc/self/status]	VmHWM:	   19632 kB
20220312 002158.188 INFO             PET1 PIOc_sync Exit - MemInfo: [/proc/self/status]	VmRSS:	   19632 kB
20220312 002158.188 INFO             PET1 PIOc_sync Exit - MemInfo: [/proc/self/status]	VmData:	   24820 kB
20220312 002158.188 INFO             PET1 PIOc_sync Exit - MemInfo: [/proc/self/status]	VmStk:	     508 kB
20220312 002158.188 INFO             PET1 PIOc_sync Exit - MemInfo: [/proc/self/status]	VmExe:	    1952 kB
20220312 002158.188 INFO             PET1 PIOc_sync Exit - MemInfo: [/proc/self/status]	VmLib:	   93984 kB
20220312 002158.188 INFO             PET1 PIOc_sync Exit - MemInfo: [/proc/self/status]	VmPTE:	     332 kB
20220312 002158.188 INFO             PET1 PIOc_sync Exit - MemInfo: [/proc/self/status]	VmPMD:	      12 kB
20220312 002158.188 INFO             PET1 PIOc_sync Exit - MemInfo: [/proc/self/status]	VmSwap:	       0 kB
20220312 002158.188 INFO             PET1 PIOc_sync Exit - MemInfo: [/proc/self/status]	VmRSSPercent: 0.0298106 %
20220312 002158.188 INFO             PET1 PIOc_sync Exit - MemInfo: [malloc] Non-mmapped space allocated:                  950272 Byte
20220312 002158.188 INFO             PET1 PIOc_sync Exit - MemInfo: [malloc] Space allocated in mmapped regions:          3026944 Byte
20220312 002158.188 INFO             PET1 PIOc_sync Exit - MemInfo: [malloc] Maximum total allocated space:                     0 Byte
20220312 002158.188 INFO             PET1 PIOc_sync Exit - MemInfo: [malloc] Space in freed fastbin blocks:                     0 Byte
20220312 002158.188 INFO             PET1 PIOc_sync Exit - MemInfo: [malloc] Total allocated space:                        838240 Byte
20220312 002158.188 INFO             PET1 PIOc_sync Exit - MemInfo: [malloc] Total free space:                             112032 Byte
20220312 002158.188 INFO             PET1 PIOc_sync Exit - MemInfo: [malloc] Top-most, releasable space:                   112032 Byte
20220312 002158.188 INFO             PET1 PIOc_sync Exit - MemInfo: [malloc] Total space in use, mmap + non-mmap:         3865184 Byte
20220312 002158.188 INFO             PET1 PIOc_sync Exit - MemInfo: [malloc] Total space held (mmap + non-mmap):          3977216 Byte
20220312 002158.188 INFO             PET1 PIOc_sync Exit - MemInfo: [malloc] Total space used (mmap + non-mmap):          3873728 Byte
20220312 002158.188 INFO             PET1 PIOc_sync Exit - MemInfo: Wall-clock time since execution start:                1.01359 seconds
20220312 002158.189 INFO             PET1 PIOc_freedecomp Enter - MemInfo: [/proc/meminfo - SSI]	MemTotal:       65855856 kB
20220312 002158.189 INFO             PET1 PIOc_freedecomp Enter - MemInfo: [/proc/meminfo - SSI]	MemFree:        61168372 kB
20220312 002158.189 INFO             PET1 PIOc_freedecomp Enter - MemInfo: [/proc/meminfo - SSI]	MemAvailable:   60953640 kB
20220312 002158.189 INFO             PET1 PIOc_freedecomp Enter - MemInfo: [/proc/meminfo - SSI]	Committed_AS:    2928064 kB
20220312 002158.189 INFO             PET1 PIOc_freedecomp Enter - MemInfo: [/proc/meminfo - SSI]	CommittedPercent: 4.44617 %
20220312 002158.189 INFO             PET1 PIOc_freedecomp Enter - MemInfo: [/proc/self/status]	VmPeak:	  219456 kB
20220312 002158.189 INFO             PET1 PIOc_freedecomp Enter - MemInfo: [/proc/self/status]	VmSize:	  219336 kB
20220312 002158.189 INFO             PET1 PIOc_freedecomp Enter - MemInfo: [/proc/self/status]	VmLck:	       0 kB
20220312 002158.189 INFO             PET1 PIOc_freedecomp Enter - MemInfo: [/proc/self/status]	VmPin:	       0 kB
20220312 002158.189 INFO             PET1 PIOc_freedecomp Enter - MemInfo: [/proc/self/status]	VmHWM:	   19632 kB
20220312 002158.189 INFO             PET1 PIOc_freedecomp Enter - MemInfo: [/proc/self/status]	VmRSS:	   19632 kB
20220312 002158.189 INFO             PET1 PIOc_freedecomp Enter - MemInfo: [/proc/self/status]	VmData:	   24820 kB
20220312 002158.189 INFO             PET1 PIOc_freedecomp Enter - MemInfo: [/proc/self/status]	VmStk:	     508 kB
20220312 002158.189 INFO             PET1 PIOc_freedecomp Enter - MemInfo: [/proc/self/status]	VmExe:	    1952 kB
20220312 002158.189 INFO             PET1 PIOc_freedecomp Enter - MemInfo: [/proc/self/status]	VmLib:	   93984 kB
20220312 002158.189 INFO             PET1 PIOc_freedecomp Enter - MemInfo: [/proc/self/status]	VmPTE:	     332 kB
20220312 002158.189 INFO             PET1 PIOc_freedecomp Enter - MemInfo: [/proc/self/status]	VmPMD:	      12 kB
20220312 002158.189 INFO             PET1 PIOc_freedecomp Enter - MemInfo: [/proc/self/status]	VmSwap:	       0 kB
20220312 002158.189 INFO             PET1 PIOc_freedecomp Enter - MemInfo: [/proc/self/status]	VmRSSPercent: 0.0298106 %
20220312 002158.189 INFO             PET1 PIOc_freedecomp Enter - MemInfo: [malloc] Non-mmapped space allocated:                  950272 Byte
20220312 002158.189 INFO             PET1 PIOc_freedecomp Enter - MemInfo: [malloc] Space allocated in mmapped regions:          3026944 Byte
20220312 002158.189 INFO             PET1 PIOc_freedecomp Enter - MemInfo: [malloc] Maximum total allocated space:                     0 Byte
20220312 002158.189 INFO             PET1 PIOc_freedecomp Enter - MemInfo: [malloc] Space in freed fastbin blocks:                     0 Byte
20220312 002158.189 INFO             PET1 PIOc_freedecomp Enter - MemInfo: [malloc] Total allocated space:                        839008 Byte
20220312 002158.189 INFO             PET1 PIOc_freedecomp Enter - MemInfo: [malloc] Total free space:                             111264 Byte
20220312 002158.189 INFO             PET1 PIOc_freedecomp Enter - MemInfo: [malloc] Top-most, releasable space:                   111264 Byte
20220312 002158.189 INFO             PET1 PIOc_freedecomp Enter - MemInfo: [malloc] Total space in use, mmap + non-mmap:         3865952 Byte
20220312 002158.189 INFO             PET1 PIOc_freedecomp Enter - MemInfo: [malloc] Total space held (mmap + non-mmap):          3977216 Byte
20220312 002158.189 INFO             PET1 PIOc_freedecomp Enter - MemInfo: [malloc] Total space used (mmap + non-mmap):          3874528 Byte
20220312 002158.189 INFO             PET1 PIOc_freedecomp Enter - MemInfo: Wall-clock time since execution start:                1.01429 seconds
20220312 002158.189 INFO             PET1 PIOc_freedecomp Exit - MemInfo: [/proc/meminfo - SSI]	MemTotal:       65855856 kB
20220312 002158.189 INFO             PET1 PIOc_freedecomp Exit - MemInfo: [/proc/meminfo - SSI]	MemFree:        61168372 kB
20220312 002158.189 INFO             PET1 PIOc_freedecomp Exit - MemInfo: [/proc/meminfo - SSI]	MemAvailable:   60953640 kB
20220312 002158.189 INFO             PET1 PIOc_freedecomp Exit - MemInfo: [/proc/meminfo - SSI]	Committed_AS:    2928064 kB
20220312 002158.189 INFO             PET1 PIOc_freedecomp Exit - MemInfo: [/proc/meminfo - SSI]	CommittedPercent: 4.44617 %
20220312 002158.189 INFO             PET1 PIOc_freedecomp Exit - MemInfo: [/proc/self/status]	VmPeak:	  219456 kB
20220312 002158.189 INFO             PET1 PIOc_freedecomp Exit - MemInfo: [/proc/self/status]	VmSize:	  219336 kB
20220312 002158.189 INFO             PET1 PIOc_freedecomp Exit - MemInfo: [/proc/self/status]	VmLck:	       0 kB
20220312 002158.189 INFO             PET1 PIOc_freedecomp Exit - MemInfo: [/proc/self/status]	VmPin:	       0 kB
20220312 002158.189 INFO             PET1 PIOc_freedecomp Exit - MemInfo: [/proc/self/status]	VmHWM:	   19632 kB
20220312 002158.189 INFO             PET1 PIOc_freedecomp Exit - MemInfo: [/proc/self/status]	VmRSS:	   19632 kB
20220312 002158.189 INFO             PET1 PIOc_freedecomp Exit - MemInfo: [/proc/self/status]	VmData:	   24820 kB
20220312 002158.189 INFO             PET1 PIOc_freedecomp Exit - MemInfo: [/proc/self/status]	VmStk:	     508 kB
20220312 002158.189 INFO             PET1 PIOc_freedecomp Exit - MemInfo: [/proc/self/status]	VmExe:	    1952 kB
20220312 002158.189 INFO             PET1 PIOc_freedecomp Exit - MemInfo: [/proc/self/status]	VmLib:	   93984 kB
20220312 002158.189 INFO             PET1 PIOc_freedecomp Exit - MemInfo: [/proc/self/status]	VmPTE:	     332 kB
20220312 002158.189 INFO             PET1 PIOc_freedecomp Exit - MemInfo: [/proc/self/status]	VmPMD:	      12 kB
20220312 002158.189 INFO             PET1 PIOc_freedecomp Exit - MemInfo: [/proc/self/status]	VmSwap:	       0 kB
20220312 002158.189 INFO             PET1 PIOc_freedecomp Exit - MemInfo: [/proc/self/status]	VmRSSPercent: 0.0298106 %
20220312 002158.189 INFO             PET1 PIOc_freedecomp Exit - MemInfo: [malloc] Non-mmapped space allocated:                  950272 Byte
20220312 002158.189 INFO             PET1 PIOc_freedecomp Exit - MemInfo: [malloc] Space allocated in mmapped regions:          3026944 Byte
20220312 002158.189 INFO             PET1 PIOc_freedecomp Exit - MemInfo: [malloc] Maximum total allocated space:                     0 Byte
20220312 002158.189 INFO             PET1 PIOc_freedecomp Exit - MemInfo: [malloc] Space in freed fastbin blocks:                   112 Byte
20220312 002158.189 INFO             PET1 PIOc_freedecomp Exit - MemInfo: [malloc] Total allocated space:                        839744 Byte
20220312 002158.189 INFO             PET1 PIOc_freedecomp Exit - MemInfo: [malloc] Total free space:                             110528 Byte
20220312 002158.189 INFO             PET1 PIOc_freedecomp Exit - MemInfo: [malloc] Top-most, releasable space:                   110416 Byte
20220312 002158.189 INFO             PET1 PIOc_freedecomp Exit - MemInfo: [malloc] Total space in use, mmap + non-mmap:         3866688 Byte
20220312 002158.189 INFO             PET1 PIOc_freedecomp Exit - MemInfo: [malloc] Total space held (mmap + non-mmap):          3977216 Byte
20220312 002158.189 INFO             PET1 PIOc_freedecomp Exit - MemInfo: [malloc] Total space used (mmap + non-mmap):          3875232 Byte
20220312 002158.189 INFO             PET1 PIOc_freedecomp Exit - MemInfo: Wall-clock time since execution start:                1.01453 seconds
20220312 002158.193 INFO             PET1 PIOc_sync Enter - MemInfo: [/proc/meminfo - SSI]	MemTotal:       65855856 kB
20220312 002158.193 INFO             PET1 PIOc_sync Enter - MemInfo: [/proc/meminfo - SSI]	MemFree:        61165852 kB
20220312 002158.193 INFO             PET1 PIOc_sync Enter - MemInfo: [/proc/meminfo - SSI]	MemAvailable:   60951120 kB
20220312 002158.193 INFO             PET1 PIOc_sync Enter - MemInfo: [/proc/meminfo - SSI]	Committed_AS:    2936308 kB
20220312 002158.193 INFO             PET1 PIOc_sync Enter - MemInfo: [/proc/meminfo - SSI]	CommittedPercent: 4.45869 %
20220312 002158.193 INFO             PET1 PIOc_sync Enter - MemInfo: [/proc/self/status]	VmPeak:	  219456 kB
20220312 002158.193 INFO             PET1 PIOc_sync Enter - MemInfo: [/proc/self/status]	VmSize:	  219336 kB
20220312 002158.193 INFO             PET1 PIOc_sync Enter - MemInfo: [/proc/self/status]	VmLck:	       0 kB
20220312 002158.193 INFO             PET1 PIOc_sync Enter - MemInfo: [/proc/self/status]	VmPin:	       0 kB
20220312 002158.193 INFO             PET1 PIOc_sync Enter - MemInfo: [/proc/self/status]	VmHWM:	   19720 kB
20220312 002158.193 INFO             PET1 PIOc_sync Enter - MemInfo: [/proc/self/status]	VmRSS:	   19704 kB
20220312 002158.193 INFO             PET1 PIOc_sync Enter - MemInfo: [/proc/self/status]	VmData:	   24820 kB
20220312 002158.193 INFO             PET1 PIOc_sync Enter - MemInfo: [/proc/self/status]	VmStk:	     508 kB
20220312 002158.193 INFO             PET1 PIOc_sync Enter - MemInfo: [/proc/self/status]	VmExe:	    1952 kB
20220312 002158.193 INFO             PET1 PIOc_sync Enter - MemInfo: [/proc/self/status]	VmLib:	   93984 kB
20220312 002158.193 INFO             PET1 PIOc_sync Enter - MemInfo: [/proc/self/status]	VmPTE:	     332 kB
20220312 002158.193 INFO             PET1 PIOc_sync Enter - MemInfo: [/proc/self/status]	VmPMD:	      12 kB
20220312 002158.193 INFO             PET1 PIOc_sync Enter - MemInfo: [/proc/self/status]	VmSwap:	       0 kB
20220312 002158.193 INFO             PET1 PIOc_sync Enter - MemInfo: [/proc/self/status]	VmRSSPercent: 0.0299199 %
20220312 002158.193 INFO             PET1 PIOc_sync Enter - MemInfo: [malloc] Non-mmapped space allocated:                  950272 Byte
20220312 002158.193 INFO             PET1 PIOc_sync Enter - MemInfo: [malloc] Space allocated in mmapped regions:          3026944 Byte
20220312 002158.193 INFO             PET1 PIOc_sync Enter - MemInfo: [malloc] Maximum total allocated space:                     0 Byte
20220312 002158.193 INFO             PET1 PIOc_sync Enter - MemInfo: [malloc] Space in freed fastbin blocks:                    32 Byte
20220312 002158.193 INFO             PET1 PIOc_sync Enter - MemInfo: [malloc] Total allocated space:                        841696 Byte
20220312 002158.193 INFO             PET1 PIOc_sync Enter - MemInfo: [malloc] Total free space:                             108576 Byte
20220312 002158.193 INFO             PET1 PIOc_sync Enter - MemInfo: [malloc] Top-most, releasable space:                   107968 Byte
20220312 002158.193 INFO             PET1 PIOc_sync Enter - MemInfo: [malloc] Total space in use, mmap + non-mmap:         3868640 Byte
20220312 002158.193 INFO             PET1 PIOc_sync Enter - MemInfo: [malloc] Total space held (mmap + non-mmap):          3977216 Byte
20220312 002158.193 INFO             PET1 PIOc_sync Enter - MemInfo: [malloc] Total space used (mmap + non-mmap):          3876848 Byte
20220312 002158.193 INFO             PET1 PIOc_sync Enter - MemInfo: Wall-clock time since execution start:                1.01819 seconds
20220312 002158.193 INFO             PET1 PIOc_sync Exit - MemInfo: [/proc/meminfo - SSI]	MemTotal:       65855856 kB
20220312 002158.193 INFO             PET1 PIOc_sync Exit - MemInfo: [/proc/meminfo - SSI]	MemFree:        61165852 kB
20220312 002158.193 INFO             PET1 PIOc_sync Exit - MemInfo: [/proc/meminfo - SSI]	MemAvailable:   60951120 kB
20220312 002158.193 INFO             PET1 PIOc_sync Exit - MemInfo: [/proc/meminfo - SSI]	Committed_AS:    2936308 kB
20220312 002158.193 INFO             PET1 PIOc_sync Exit - MemInfo: [/proc/meminfo - SSI]	CommittedPercent: 4.45869 %
20220312 002158.193 INFO             PET1 PIOc_sync Exit - MemInfo: [/proc/self/status]	VmPeak:	  219456 kB
20220312 002158.193 INFO             PET1 PIOc_sync Exit - MemInfo: [/proc/self/status]	VmSize:	  219336 kB
20220312 002158.193 INFO             PET1 PIOc_sync Exit - MemInfo: [/proc/self/status]	VmLck:	       0 kB
20220312 002158.193 INFO             PET1 PIOc_sync Exit - MemInfo: [/proc/self/status]	VmPin:	       0 kB
20220312 002158.193 INFO             PET1 PIOc_sync Exit - MemInfo: [/proc/self/status]	VmHWM:	   19720 kB
20220312 002158.193 INFO             PET1 PIOc_sync Exit - MemInfo: [/proc/self/status]	VmRSS:	   19704 kB
20220312 002158.193 INFO             PET1 PIOc_sync Exit - MemInfo: [/proc/self/status]	VmData:	   24820 kB
20220312 002158.193 INFO             PET1 PIOc_sync Exit - MemInfo: [/proc/self/status]	VmStk:	     508 kB
20220312 002158.193 INFO             PET1 PIOc_sync Exit - MemInfo: [/proc/self/status]	VmExe:	    1952 kB
20220312 002158.193 INFO             PET1 PIOc_sync Exit - MemInfo: [/proc/self/status]	VmLib:	   93984 kB
20220312 002158.193 INFO             PET1 PIOc_sync Exit - MemInfo: [/proc/self/status]	VmPTE:	     332 kB
20220312 002158.193 INFO             PET1 PIOc_sync Exit - MemInfo: [/proc/self/status]	VmPMD:	      12 kB
20220312 002158.193 INFO             PET1 PIOc_sync Exit - MemInfo: [/proc/self/status]	VmSwap:	       0 kB
20220312 002158.193 INFO             PET1 PIOc_sync Exit - MemInfo: [/proc/self/status]	VmRSSPercent: 0.0299199 %
20220312 002158.193 INFO             PET1 PIOc_sync Exit - MemInfo: [malloc] Non-mmapped space allocated:                  950272 Byte
20220312 002158.193 INFO             PET1 PIOc_sync Exit - MemInfo: [malloc] Space allocated in mmapped regions:          3026944 Byte
20220312 002158.193 INFO             PET1 PIOc_sync Exit - MemInfo: [malloc] Maximum total allocated space:                     0 Byte
20220312 002158.193 INFO             PET1 PIOc_sync Exit - MemInfo: [malloc] Space in freed fastbin blocks:                     0 Byte
20220312 002158.193 INFO             PET1 PIOc_sync Exit - MemInfo: [malloc] Total allocated space:                        842160 Byte
20220312 002158.193 INFO             PET1 PIOc_sync Exit - MemInfo: [malloc] Total free space:                             108112 Byte
20220312 002158.193 INFO             PET1 PIOc_sync Exit - MemInfo: [malloc] Top-most, releasable space:                   107744 Byte
20220312 002158.193 INFO             PET1 PIOc_sync Exit - MemInfo: [malloc] Total space in use, mmap + non-mmap:         3869104 Byte
20220312 002158.193 INFO             PET1 PIOc_sync Exit - MemInfo: [malloc] Total space held (mmap + non-mmap):          3977216 Byte
20220312 002158.193 INFO             PET1 PIOc_sync Exit - MemInfo: [malloc] Total space used (mmap + non-mmap):          3877312 Byte
20220312 002158.193 INFO             PET1 PIOc_sync Exit - MemInfo: Wall-clock time since execution start:                1.01849 seconds
20220312 002158.193 INFO             PET1 PIOc_freedecomp Enter - MemInfo: [/proc/meminfo - SSI]	MemTotal:       65855856 kB
20220312 002158.193 INFO             PET1 PIOc_freedecomp Enter - MemInfo: [/proc/meminfo - SSI]	MemFree:        61165852 kB
20220312 002158.193 INFO             PET1 PIOc_freedecomp Enter - MemInfo: [/proc/meminfo - SSI]	MemAvailable:   60951120 kB
20220312 002158.193 INFO             PET1 PIOc_freedecomp Enter - MemInfo: [/proc/meminfo - SSI]	Committed_AS:    2936308 kB
20220312 002158.193 INFO             PET1 PIOc_freedecomp Enter - MemInfo: [/proc/meminfo - SSI]	CommittedPercent: 4.45869 %
20220312 002158.193 INFO             PET1 PIOc_freedecomp Enter - MemInfo: [/proc/self/status]	VmPeak:	  219456 kB
20220312 002158.194 INFO             PET1 PIOc_freedecomp Enter - MemInfo: [/proc/self/status]	VmSize:	  219336 kB
20220312 002158.194 INFO             PET1 PIOc_freedecomp Enter - MemInfo: [/proc/self/status]	VmLck:	       0 kB
20220312 002158.194 INFO             PET1 PIOc_freedecomp Enter - MemInfo: [/proc/self/status]	VmPin:	       0 kB
20220312 002158.194 INFO             PET1 PIOc_freedecomp Enter - MemInfo: [/proc/self/status]	VmHWM:	   19720 kB
20220312 002158.194 INFO             PET1 PIOc_freedecomp Enter - MemInfo: [/proc/self/status]	VmRSS:	   19704 kB
20220312 002158.194 INFO             PET1 PIOc_freedecomp Enter - MemInfo: [/proc/self/status]	VmData:	   24820 kB
20220312 002158.194 INFO             PET1 PIOc_freedecomp Enter - MemInfo: [/proc/self/status]	VmStk:	     508 kB
20220312 002158.194 INFO             PET1 PIOc_freedecomp Enter - MemInfo: [/proc/self/status]	VmExe:	    1952 kB
20220312 002158.194 INFO             PET1 PIOc_freedecomp Enter - MemInfo: [/proc/self/status]	VmLib:	   93984 kB
20220312 002158.194 INFO             PET1 PIOc_freedecomp Enter - MemInfo: [/proc/self/status]	VmPTE:	     332 kB
20220312 002158.194 INFO             PET1 PIOc_freedecomp Enter - MemInfo: [/proc/self/status]	VmPMD:	      12 kB
20220312 002158.194 INFO             PET1 PIOc_freedecomp Enter - MemInfo: [/proc/self/status]	VmSwap:	       0 kB
20220312 002158.194 INFO             PET1 PIOc_freedecomp Enter - MemInfo: [/proc/self/status]	VmRSSPercent: 0.0299199 %
20220312 002158.194 INFO             PET1 PIOc_freedecomp Enter - MemInfo: [malloc] Non-mmapped space allocated:                  950272 Byte
20220312 002158.194 INFO             PET1 PIOc_freedecomp Enter - MemInfo: [malloc] Space allocated in mmapped regions:          3026944 Byte
20220312 002158.194 INFO             PET1 PIOc_freedecomp Enter - MemInfo: [malloc] Maximum total allocated space:                     0 Byte
20220312 002158.194 INFO             PET1 PIOc_freedecomp Enter - MemInfo: [malloc] Space in freed fastbin blocks:                     0 Byte
20220312 002158.194 INFO             PET1 PIOc_freedecomp Enter - MemInfo: [malloc] Total allocated space:                        842240 Byte
20220312 002158.194 INFO             PET1 PIOc_freedecomp Enter - MemInfo: [malloc] Total free space:                             108032 Byte
20220312 002158.194 INFO             PET1 PIOc_freedecomp Enter - MemInfo: [malloc] Top-most, releasable space:                   107520 Byte
20220312 002158.194 INFO             PET1 PIOc_freedecomp Enter - MemInfo: [malloc] Total space in use, mmap + non-mmap:         3869184 Byte
20220312 002158.194 INFO             PET1 PIOc_freedecomp Enter - MemInfo: [malloc] Total space held (mmap + non-mmap):          3977216 Byte
20220312 002158.194 INFO             PET1 PIOc_freedecomp Enter - MemInfo: [malloc] Total space used (mmap + non-mmap):          3877392 Byte
20220312 002158.194 INFO             PET1 PIOc_freedecomp Enter - MemInfo: Wall-clock time since execution start:                1.01883 seconds
20220312 002158.194 INFO             PET1 PIOc_freedecomp Exit - MemInfo: [/proc/meminfo - SSI]	MemTotal:       65855856 kB
20220312 002158.194 INFO             PET1 PIOc_freedecomp Exit - MemInfo: [/proc/meminfo - SSI]	MemFree:        61165852 kB
20220312 002158.194 INFO             PET1 PIOc_freedecomp Exit - MemInfo: [/proc/meminfo - SSI]	MemAvailable:   60951120 kB
20220312 002158.194 INFO             PET1 PIOc_freedecomp Exit - MemInfo: [/proc/meminfo - SSI]	Committed_AS:    2936308 kB
20220312 002158.194 INFO             PET1 PIOc_freedecomp Exit - MemInfo: [/proc/meminfo - SSI]	CommittedPercent: 4.45869 %
20220312 002158.194 INFO             PET1 PIOc_freedecomp Exit - MemInfo: [/proc/self/status]	VmPeak:	  219456 kB
20220312 002158.194 INFO             PET1 PIOc_freedecomp Exit - MemInfo: [/proc/self/status]	VmSize:	  219336 kB
20220312 002158.194 INFO             PET1 PIOc_freedecomp Exit - MemInfo: [/proc/self/status]	VmLck:	       0 kB
20220312 002158.194 INFO             PET1 PIOc_freedecomp Exit - MemInfo: [/proc/self/status]	VmPin:	       0 kB
20220312 002158.194 INFO             PET1 PIOc_freedecomp Exit - MemInfo: [/proc/self/status]	VmHWM:	   19720 kB
20220312 002158.194 INFO             PET1 PIOc_freedecomp Exit - MemInfo: [/proc/self/status]	VmRSS:	   19704 kB
20220312 002158.194 INFO             PET1 PIOc_freedecomp Exit - MemInfo: [/proc/self/status]	VmData:	   24820 kB
20220312 002158.194 INFO             PET1 PIOc_freedecomp Exit - MemInfo: [/proc/self/status]	VmStk:	     508 kB
20220312 002158.194 INFO             PET1 PIOc_freedecomp Exit - MemInfo: [/proc/self/status]	VmExe:	    1952 kB
20220312 002158.194 INFO             PET1 PIOc_freedecomp Exit - MemInfo: [/proc/self/status]	VmLib:	   93984 kB
20220312 002158.194 INFO             PET1 PIOc_freedecomp Exit - MemInfo: [/proc/self/status]	VmPTE:	     332 kB
20220312 002158.194 INFO             PET1 PIOc_freedecomp Exit - MemInfo: [/proc/self/status]	VmPMD:	      12 kB
20220312 002158.194 INFO             PET1 PIOc_freedecomp Exit - MemInfo: [/proc/self/status]	VmSwap:	       0 kB
20220312 002158.194 INFO             PET1 PIOc_freedecomp Exit - MemInfo: [/proc/self/status]	VmRSSPercent: 0.0299199 %
20220312 002158.194 INFO             PET1 PIOc_freedecomp Exit - MemInfo: [malloc] Non-mmapped space allocated:                  950272 Byte
20220312 002158.194 INFO             PET1 PIOc_freedecomp Exit - MemInfo: [malloc] Space allocated in mmapped regions:          3026944 Byte
20220312 002158.194 INFO             PET1 PIOc_freedecomp Exit - MemInfo: [malloc] Maximum total allocated space:                     0 Byte
20220312 002158.194 INFO             PET1 PIOc_freedecomp Exit - MemInfo: [malloc] Space in freed fastbin blocks:                   416 Byte
20220312 002158.194 INFO             PET1 PIOc_freedecomp Exit - MemInfo: [malloc] Total allocated space:                        841824 Byte
20220312 002158.194 INFO             PET1 PIOc_freedecomp Exit - MemInfo: [malloc] Total free space:                             108448 Byte
20220312 002158.194 INFO             PET1 PIOc_freedecomp Exit - MemInfo: [malloc] Top-most, releasable space:                   107296 Byte
20220312 002158.194 INFO             PET1 PIOc_freedecomp Exit - MemInfo: [malloc] Total space in use, mmap + non-mmap:         3868768 Byte
20220312 002158.194 INFO             PET1 PIOc_freedecomp Exit - MemInfo: [malloc] Total space held (mmap + non-mmap):          3977216 Byte
20220312 002158.194 INFO             PET1 PIOc_freedecomp Exit - MemInfo: [malloc] Total space used (mmap + non-mmap):          3876976 Byte
20220312 002158.194 INFO             PET1 PIOc_freedecomp Exit - MemInfo: Wall-clock time since execution start:                1.01907 seconds
20220312 002158.196 INFO             PET1 PIOc_sync Enter - MemInfo: [/proc/meminfo - SSI]	MemTotal:       65855856 kB
20220312 002158.196 INFO             PET1 PIOc_sync Enter - MemInfo: [/proc/meminfo - SSI]	MemFree:        61165348 kB
20220312 002158.196 INFO             PET1 PIOc_sync Enter - MemInfo: [/proc/meminfo - SSI]	MemAvailable:   60950616 kB
20220312 002158.196 INFO             PET1 PIOc_sync Enter - MemInfo: [/proc/meminfo - SSI]	Committed_AS:    2936308 kB
20220312 002158.196 INFO             PET1 PIOc_sync Enter - MemInfo: [/proc/meminfo - SSI]	CommittedPercent: 4.45869 %
20220312 002158.196 INFO             PET1 PIOc_sync Enter - MemInfo: [/proc/self/status]	VmPeak:	  219456 kB
20220312 002158.196 INFO             PET1 PIOc_sync Enter - MemInfo: [/proc/self/status]	VmSize:	  219312 kB
20220312 002158.196 INFO             PET1 PIOc_sync Enter - MemInfo: [/proc/self/status]	VmLck:	       0 kB
20220312 002158.196 INFO             PET1 PIOc_sync Enter - MemInfo: [/proc/self/status]	VmPin:	       0 kB
20220312 002158.196 INFO             PET1 PIOc_sync Enter - MemInfo: [/proc/self/status]	VmHWM:	   19728 kB
20220312 002158.196 INFO             PET1 PIOc_sync Enter - MemInfo: [/proc/self/status]	VmRSS:	   19712 kB
20220312 002158.196 INFO             PET1 PIOc_sync Enter - MemInfo: [/proc/self/status]	VmData:	   24820 kB
20220312 002158.196 INFO             PET1 PIOc_sync Enter - MemInfo: [/proc/self/status]	VmStk:	     508 kB
20220312 002158.196 INFO             PET1 PIOc_sync Enter - MemInfo: [/proc/self/status]	VmExe:	    1952 kB
20220312 002158.196 INFO             PET1 PIOc_sync Enter - MemInfo: [/proc/self/status]	VmLib:	   93984 kB
20220312 002158.196 INFO             PET1 PIOc_sync Enter - MemInfo: [/proc/self/status]	VmPTE:	     332 kB
20220312 002158.196 INFO             PET1 PIOc_sync Enter - MemInfo: [/proc/self/status]	VmPMD:	      12 kB
20220312 002158.196 INFO             PET1 PIOc_sync Enter - MemInfo: [/proc/self/status]	VmSwap:	       0 kB
20220312 002158.196 INFO             PET1 PIOc_sync Enter - MemInfo: [/proc/self/status]	VmRSSPercent: 0.029932 %
20220312 002158.196 INFO             PET1 PIOc_sync Enter - MemInfo: [malloc] Non-mmapped space allocated:                  950272 Byte
20220312 002158.196 INFO             PET1 PIOc_sync Enter - MemInfo: [malloc] Space allocated in mmapped regions:          3026944 Byte
20220312 002158.196 INFO             PET1 PIOc_sync Enter - MemInfo: [malloc] Maximum total allocated space:                     0 Byte
20220312 002158.196 INFO             PET1 PIOc_sync Enter - MemInfo: [malloc] Space in freed fastbin blocks:                    80 Byte
20220312 002158.196 INFO             PET1 PIOc_sync Enter - MemInfo: [malloc] Total allocated space:                        842208 Byte
20220312 002158.196 INFO             PET1 PIOc_sync Enter - MemInfo: [malloc] Total free space:                             108064 Byte
20220312 002158.196 INFO             PET1 PIOc_sync Enter - MemInfo: [malloc] Top-most, releasable space:                   107072 Byte
20220312 002158.196 INFO             PET1 PIOc_sync Enter - MemInfo: [malloc] Total space in use, mmap + non-mmap:         3869152 Byte
20220312 002158.196 INFO             PET1 PIOc_sync Enter - MemInfo: [malloc] Total space held (mmap + non-mmap):          3977216 Byte
20220312 002158.196 INFO             PET1 PIOc_sync Enter - MemInfo: [malloc] Total space used (mmap + non-mmap):          3877360 Byte
20220312 002158.196 INFO             PET1 PIOc_sync Enter - MemInfo: Wall-clock time since execution start:                1.02102 seconds
20220312 002158.196 INFO             PET1 PIOc_sync Exit - MemInfo: [/proc/meminfo - SSI]	MemTotal:       65855856 kB
20220312 002158.196 INFO             PET1 PIOc_sync Exit - MemInfo: [/proc/meminfo - SSI]	MemFree:        61165348 kB
20220312 002158.196 INFO             PET1 PIOc_sync Exit - MemInfo: [/proc/meminfo - SSI]	MemAvailable:   60950616 kB
20220312 002158.196 INFO             PET1 PIOc_sync Exit - MemInfo: [/proc/meminfo - SSI]	Committed_AS:    2936308 kB
20220312 002158.196 INFO             PET1 PIOc_sync Exit - MemInfo: [/proc/meminfo - SSI]	CommittedPercent: 4.45869 %
20220312 002158.196 INFO             PET1 PIOc_sync Exit - MemInfo: [/proc/self/status]	VmPeak:	  219456 kB
20220312 002158.196 INFO             PET1 PIOc_sync Exit - MemInfo: [/proc/self/status]	VmSize:	  219312 kB
20220312 002158.196 INFO             PET1 PIOc_sync Exit - MemInfo: [/proc/self/status]	VmLck:	       0 kB
20220312 002158.196 INFO             PET1 PIOc_sync Exit - MemInfo: [/proc/self/status]	VmPin:	       0 kB
20220312 002158.196 INFO             PET1 PIOc_sync Exit - MemInfo: [/proc/self/status]	VmHWM:	   19728 kB
20220312 002158.196 INFO             PET1 PIOc_sync Exit - MemInfo: [/proc/self/status]	VmRSS:	   19712 kB
20220312 002158.196 INFO             PET1 PIOc_sync Exit - MemInfo: [/proc/self/status]	VmData:	   24820 kB
20220312 002158.196 INFO             PET1 PIOc_sync Exit - MemInfo: [/proc/self/status]	VmStk:	     508 kB
20220312 002158.196 INFO             PET1 PIOc_sync Exit - MemInfo: [/proc/self/status]	VmExe:	    1952 kB
20220312 002158.196 INFO             PET1 PIOc_sync Exit - MemInfo: [/proc/self/status]	VmLib:	   93984 kB
20220312 002158.196 INFO             PET1 PIOc_sync Exit - MemInfo: [/proc/self/status]	VmPTE:	     332 kB
20220312 002158.196 INFO             PET1 PIOc_sync Exit - MemInfo: [/proc/self/status]	VmPMD:	      12 kB
20220312 002158.196 INFO             PET1 PIOc_sync Exit - MemInfo: [/proc/self/status]	VmSwap:	       0 kB
20220312 002158.196 INFO             PET1 PIOc_sync Exit - MemInfo: [/proc/self/status]	VmRSSPercent: 0.029932 %
20220312 002158.196 INFO             PET1 PIOc_sync Exit - MemInfo: [malloc] Non-mmapped space allocated:                  950272 Byte
20220312 002158.196 INFO             PET1 PIOc_sync Exit - MemInfo: [malloc] Space allocated in mmapped regions:          3026944 Byte
20220312 002158.196 INFO             PET1 PIOc_sync Exit - MemInfo: [malloc] Maximum total allocated space:                     0 Byte
20220312 002158.196 INFO             PET1 PIOc_sync Exit - MemInfo: [malloc] Space in freed fastbin blocks:                     0 Byte
20220312 002158.196 INFO             PET1 PIOc_sync Exit - MemInfo: [malloc] Total allocated space:                        842448 Byte
20220312 002158.196 INFO             PET1 PIOc_sync Exit - MemInfo: [malloc] Total free space:                             107824 Byte
20220312 002158.196 INFO             PET1 PIOc_sync Exit - MemInfo: [malloc] Top-most, releasable space:                   106848 Byte
20220312 002158.196 INFO             PET1 PIOc_sync Exit - MemInfo: [malloc] Total space in use, mmap + non-mmap:         3869392 Byte
20220312 002158.196 INFO             PET1 PIOc_sync Exit - MemInfo: [malloc] Total space held (mmap + non-mmap):          3977216 Byte
20220312 002158.196 INFO             PET1 PIOc_sync Exit - MemInfo: [malloc] Total space used (mmap + non-mmap):          3877600 Byte
20220312 002158.196 INFO             PET1 PIOc_sync Exit - MemInfo: Wall-clock time since execution start:                1.02129 seconds
20220312 002158.196 INFO             PET1 PIOc_freedecomp Enter - MemInfo: [/proc/meminfo - SSI]	MemTotal:       65855856 kB
20220312 002158.196 INFO             PET1 PIOc_freedecomp Enter - MemInfo: [/proc/meminfo - SSI]	MemFree:        61165348 kB
20220312 002158.196 INFO             PET1 PIOc_freedecomp Enter - MemInfo: [/proc/meminfo - SSI]	MemAvailable:   60950616 kB
20220312 002158.196 INFO             PET1 PIOc_freedecomp Enter - MemInfo: [/proc/meminfo - SSI]	Committed_AS:    2936308 kB
20220312 002158.196 INFO             PET1 PIOc_freedecomp Enter - MemInfo: [/proc/meminfo - SSI]	CommittedPercent: 4.45869 %
20220312 002158.196 INFO             PET1 PIOc_freedecomp Enter - MemInfo: [/proc/self/status]	VmPeak:	  219456 kB
20220312 002158.196 INFO             PET1 PIOc_freedecomp Enter - MemInfo: [/proc/self/status]	VmSize:	  219312 kB
