build time -- 2022-03-14 06:01:47.684404
20220314 063041.015 INFO             PET0 !!!!!!!!!!!!!!!!!!!!!!!!!!!!!!!!!!!!!!!!!!!!!!!!!!!!!!
20220314 063041.015 INFO             PET0 !!! THE ESMF_LOG IS SET TO OUTPUT ALL LOG MESSAGES !!!
20220314 063041.015 INFO             PET0 !!!     THIS MAY CAUSE SLOWDOWN IN PERFORMANCE     !!!
20220314 063041.015 INFO             PET0 !!! FOR PRODUCTION RUNS, USE:                      !!!
20220314 063041.015 INFO             PET0 !!!                   ESMF_LOGKIND_Multi_On_Error  !!!
20220314 063041.015 INFO             PET0 !!!!!!!!!!!!!!!!!!!!!!!!!!!!!!!!!!!!!!!!!!!!!!!!!!!!!!
20220314 063041.015 INFO             PET0 Running with ESMF Version   : v8.3.0b09-96-g559b459836
20220314 063041.015 INFO             PET0 ESMF library build date/time: "Mar 14 2022" "05:59:48"
20220314 063041.015 INFO             PET0 ESMF library build location : /glade/scratch/rlong/esmf-testing/gfortran_9.1.0_openmpi_O_jedwards_pio_update2
20220314 063041.015 INFO             PET0 ESMF_COMM                   : openmpi
20220314 063041.015 INFO             PET0 ESMF_MOAB                   : enabled
20220314 063041.015 INFO             PET0 ESMF_LAPACK                 : enabled
20220314 063041.015 INFO             PET0 ESMF_NETCDF                 : enabled
20220314 063041.015 INFO             PET0 ESMF_PNETCDF                : disabled
20220314 063041.015 INFO             PET0 ESMF_PIO                    : enabled
20220314 063041.015 INFO             PET0 ESMF_YAMLCPP                : enabled
20220314 063041.028 INFO             PET0 PIOc_sync Enter - MemInfo: [/proc/meminfo - SSI]	MemTotal:       65507008 kB
20220314 063041.028 INFO             PET0 PIOc_sync Enter - MemInfo: [/proc/meminfo - SSI]	MemFree:        49873584 kB
20220314 063041.028 INFO             PET0 PIOc_sync Enter - MemInfo: [/proc/meminfo - SSI]	MemAvailable:   49645916 kB
20220314 063041.028 INFO             PET0 PIOc_sync Enter - MemInfo: [/proc/meminfo - SSI]	Committed_AS:   12980304 kB
20220314 063041.028 INFO             PET0 PIOc_sync Enter - MemInfo: [/proc/meminfo - SSI]	CommittedPercent: 19.8151 %
20220314 063041.028 INFO             PET0 PIOc_sync Enter - MemInfo: [/proc/self/status]	VmPeak:	  523808 kB
20220314 063041.028 INFO             PET0 PIOc_sync Enter - MemInfo: [/proc/self/status]	VmSize:	  523808 kB
20220314 063041.028 INFO             PET0 PIOc_sync Enter - MemInfo: [/proc/self/status]	VmLck:	       0 kB
20220314 063041.028 INFO             PET0 PIOc_sync Enter - MemInfo: [/proc/self/status]	VmPin:	       0 kB
20220314 063041.028 INFO             PET0 PIOc_sync Enter - MemInfo: [/proc/self/status]	VmHWM:	   64796 kB
20220314 063041.028 INFO             PET0 PIOc_sync Enter - MemInfo: [/proc/self/status]	VmRSS:	   36148 kB
20220314 063041.028 INFO             PET0 PIOc_sync Enter - MemInfo: [/proc/self/status]	VmData:	   32220 kB
20220314 063041.028 INFO             PET0 PIOc_sync Enter - MemInfo: [/proc/self/status]	VmStk:	     148 kB
20220314 063041.028 INFO             PET0 PIOc_sync Enter - MemInfo: [/proc/self/status]	VmExe:	     216 kB
20220314 063041.028 INFO             PET0 PIOc_sync Enter - MemInfo: [/proc/self/status]	VmLib:	   49404 kB
20220314 063041.028 INFO             PET0 PIOc_sync Enter - MemInfo: [/proc/self/status]	VmPTE:	     764 kB
20220314 063041.028 INFO             PET0 PIOc_sync Enter - MemInfo: [/proc/self/status]	VmPMD:	      16 kB
20220314 063041.028 INFO             PET0 PIOc_sync Enter - MemInfo: [/proc/self/status]	VmSwap:	       0 kB
20220314 063041.028 INFO             PET0 PIOc_sync Enter - MemInfo: [/proc/self/status]	VmRSSPercent: 0.0551819 %
20220314 063041.028 INFO             PET0 PIOc_sync Enter - MemInfo: [malloc] Non-mmapped space allocated:                 3346432 Byte
20220314 063041.028 INFO             PET0 PIOc_sync Enter - MemInfo: [malloc] Space allocated in mmapped regions:         18890752 Byte
20220314 063041.028 INFO             PET0 PIOc_sync Enter - MemInfo: [malloc] Maximum total allocated space:                     0 Byte
20220314 063041.028 INFO             PET0 PIOc_sync Enter - MemInfo: [malloc] Space in freed fastbin blocks:                  1808 Byte
20220314 063041.028 INFO             PET0 PIOc_sync Enter - MemInfo: [malloc] Total allocated space:                       3060624 Byte
20220314 063041.028 INFO             PET0 PIOc_sync Enter - MemInfo: [malloc] Total free space:                             285808 Byte
20220314 063041.028 INFO             PET0 PIOc_sync Enter - MemInfo: [malloc] Top-most, releasable space:                    85952 Byte
20220314 063041.028 INFO             PET0 PIOc_sync Enter - MemInfo: [malloc] Total space in use, mmap + non-mmap:        21951376 Byte
20220314 063041.028 INFO             PET0 PIOc_sync Enter - MemInfo: [malloc] Total space held (mmap + non-mmap):         22237184 Byte
20220314 063041.028 INFO             PET0 PIOc_sync Enter - MemInfo: [malloc] Total space used (mmap + non-mmap):         21960768 Byte
20220314 063041.028 INFO             PET0 PIOc_sync Enter - MemInfo: Wall-clock time since execution start:              0.0142649 seconds
20220314 063041.031 INFO             PET0 PIOc_sync Exit - MemInfo: [/proc/meminfo - SSI]	MemTotal:       65507008 kB
20220314 063041.031 INFO             PET0 PIOc_sync Exit - MemInfo: [/proc/meminfo - SSI]	MemFree:        49873584 kB
20220314 063041.031 INFO             PET0 PIOc_sync Exit - MemInfo: [/proc/meminfo - SSI]	MemAvailable:   49645916 kB
20220314 063041.031 INFO             PET0 PIOc_sync Exit - MemInfo: [/proc/meminfo - SSI]	Committed_AS:   12980304 kB
20220314 063041.031 INFO             PET0 PIOc_sync Exit - MemInfo: [/proc/meminfo - SSI]	CommittedPercent: 19.8151 %
20220314 063041.031 INFO             PET0 PIOc_sync Exit - MemInfo: [/proc/self/status]	VmPeak:	  523808 kB
20220314 063041.031 INFO             PET0 PIOc_sync Exit - MemInfo: [/proc/self/status]	VmSize:	  523808 kB
20220314 063041.031 INFO             PET0 PIOc_sync Exit - MemInfo: [/proc/self/status]	VmLck:	       0 kB
20220314 063041.031 INFO             PET0 PIOc_sync Exit - MemInfo: [/proc/self/status]	VmPin:	       0 kB
20220314 063041.031 INFO             PET0 PIOc_sync Exit - MemInfo: [/proc/self/status]	VmHWM:	   64796 kB
20220314 063041.031 INFO             PET0 PIOc_sync Exit - MemInfo: [/proc/self/status]	VmRSS:	   36264 kB
20220314 063041.031 INFO             PET0 PIOc_sync Exit - MemInfo: [/proc/self/status]	VmData:	   32220 kB
20220314 063041.031 INFO             PET0 PIOc_sync Exit - MemInfo: [/proc/self/status]	VmStk:	     148 kB
20220314 063041.031 INFO             PET0 PIOc_sync Exit - MemInfo: [/proc/self/status]	VmExe:	     216 kB
20220314 063041.031 INFO             PET0 PIOc_sync Exit - MemInfo: [/proc/self/status]	VmLib:	   49404 kB
20220314 063041.031 INFO             PET0 PIOc_sync Exit - MemInfo: [/proc/self/status]	VmPTE:	     764 kB
20220314 063041.031 INFO             PET0 PIOc_sync Exit - MemInfo: [/proc/self/status]	VmPMD:	      16 kB
20220314 063041.031 INFO             PET0 PIOc_sync Exit - MemInfo: [/proc/self/status]	VmSwap:	       0 kB
20220314 063041.031 INFO             PET0 PIOc_sync Exit - MemInfo: [/proc/self/status]	VmRSSPercent: 0.055359 %
20220314 063041.031 INFO             PET0 PIOc_sync Exit - MemInfo: [malloc] Non-mmapped space allocated:                 3346432 Byte
20220314 063041.031 INFO             PET0 PIOc_sync Exit - MemInfo: [malloc] Space allocated in mmapped regions:         18890752 Byte
20220314 063041.031 INFO             PET0 PIOc_sync Exit - MemInfo: [malloc] Maximum total allocated space:                     0 Byte
20220314 063041.031 INFO             PET0 PIOc_sync Exit - MemInfo: [malloc] Space in freed fastbin blocks:                  1952 Byte
20220314 063041.031 INFO             PET0 PIOc_sync Exit - MemInfo: [malloc] Total allocated space:                       3065376 Byte
20220314 063041.031 INFO             PET0 PIOc_sync Exit - MemInfo: [malloc] Total free space:                             281056 Byte
20220314 063041.031 INFO             PET0 PIOc_sync Exit - MemInfo: [malloc] Top-most, releasable space:                    76976 Byte
20220314 063041.031 INFO             PET0 PIOc_sync Exit - MemInfo: [malloc] Total space in use, mmap + non-mmap:        21956128 Byte
20220314 063041.031 INFO             PET0 PIOc_sync Exit - MemInfo: [malloc] Total space held (mmap + non-mmap):         22237184 Byte
20220314 063041.031 INFO             PET0 PIOc_sync Exit - MemInfo: [malloc] Total space used (mmap + non-mmap):         21965520 Byte
20220314 063041.031 INFO             PET0 PIOc_sync Exit - MemInfo: Wall-clock time since execution start:              0.0170623 seconds
20220314 063041.031 INFO             PET0 PIOc_freedecomp Enter - MemInfo: [/proc/meminfo - SSI]	MemTotal:       65507008 kB
20220314 063041.031 INFO             PET0 PIOc_freedecomp Enter - MemInfo: [/proc/meminfo - SSI]	MemFree:        49888704 kB
20220314 063041.031 INFO             PET0 PIOc_freedecomp Enter - MemInfo: [/proc/meminfo - SSI]	MemAvailable:   49661036 kB
20220314 063041.031 INFO             PET0 PIOc_freedecomp Enter - MemInfo: [/proc/meminfo - SSI]	Committed_AS:   12963916 kB
20220314 063041.031 INFO             PET0 PIOc_freedecomp Enter - MemInfo: [/proc/meminfo - SSI]	CommittedPercent: 19.7901 %
20220314 063041.032 INFO             PET0 PIOc_freedecomp Enter - MemInfo: [/proc/self/status]	VmPeak:	  523808 kB
20220314 063041.032 INFO             PET0 PIOc_freedecomp Enter - MemInfo: [/proc/self/status]	VmSize:	  506904 kB
20220314 063041.032 INFO             PET0 PIOc_freedecomp Enter - MemInfo: [/proc/self/status]	VmLck:	       0 kB
20220314 063041.032 INFO             PET0 PIOc_freedecomp Enter - MemInfo: [/proc/self/status]	VmPin:	       0 kB
20220314 063041.032 INFO             PET0 PIOc_freedecomp Enter - MemInfo: [/proc/self/status]	VmHWM:	   64796 kB
20220314 063041.032 INFO             PET0 PIOc_freedecomp Enter - MemInfo: [/proc/self/status]	VmRSS:	   19880 kB
20220314 063041.032 INFO             PET0 PIOc_freedecomp Enter - MemInfo: [/proc/self/status]	VmData:	   15316 kB
20220314 063041.032 INFO             PET0 PIOc_freedecomp Enter - MemInfo: [/proc/self/status]	VmStk:	     148 kB
20220314 063041.032 INFO             PET0 PIOc_freedecomp Enter - MemInfo: [/proc/self/status]	VmExe:	     216 kB
20220314 063041.032 INFO             PET0 PIOc_freedecomp Enter - MemInfo: [/proc/self/status]	VmLib:	   49404 kB
20220314 063041.032 INFO             PET0 PIOc_freedecomp Enter - MemInfo: [/proc/self/status]	VmPTE:	     732 kB
20220314 063041.032 INFO             PET0 PIOc_freedecomp Enter - MemInfo: [/proc/self/status]	VmPMD:	      16 kB
20220314 063041.032 INFO             PET0 PIOc_freedecomp Enter - MemInfo: [/proc/self/status]	VmSwap:	       0 kB
20220314 063041.032 INFO             PET0 PIOc_freedecomp Enter - MemInfo: [/proc/self/status]	VmRSSPercent: 0.0303479 %
20220314 063041.032 INFO             PET0 PIOc_freedecomp Enter - MemInfo: [malloc] Non-mmapped space allocated:                 3346432 Byte
20220314 063041.032 INFO             PET0 PIOc_freedecomp Enter - MemInfo: [malloc] Space allocated in mmapped regions:          1581056 Byte
20220314 063041.032 INFO             PET0 PIOc_freedecomp Enter - MemInfo: [malloc] Maximum total allocated space:                     0 Byte
20220314 063041.032 INFO             PET0 PIOc_freedecomp Enter - MemInfo: [malloc] Space in freed fastbin blocks:                  3888 Byte
20220314 063041.032 INFO             PET0 PIOc_freedecomp Enter - MemInfo: [malloc] Total allocated space:                       3052080 Byte
20220314 063041.032 INFO             PET0 PIOc_freedecomp Enter - MemInfo: [malloc] Total free space:                             294352 Byte
20220314 063041.032 INFO             PET0 PIOc_freedecomp Enter - MemInfo: [malloc] Top-most, releasable space:                    77072 Byte
20220314 063041.032 INFO             PET0 PIOc_freedecomp Enter - MemInfo: [malloc] Total space in use, mmap + non-mmap:         4633136 Byte
20220314 063041.032 INFO             PET0 PIOc_freedecomp Enter - MemInfo: [malloc] Total space held (mmap + non-mmap):          4927488 Byte
20220314 063041.032 INFO             PET0 PIOc_freedecomp Enter - MemInfo: [malloc] Total space used (mmap + non-mmap):          4642512 Byte
20220314 063041.032 INFO             PET0 PIOc_freedecomp Enter - MemInfo: Wall-clock time since execution start:              0.0179677 seconds
20220314 063041.032 INFO             PET0 PIOc_freedecomp Exit - MemInfo: [/proc/meminfo - SSI]	MemTotal:       65507008 kB
20220314 063041.032 INFO             PET0 PIOc_freedecomp Exit - MemInfo: [/proc/meminfo - SSI]	MemFree:        49888704 kB
20220314 063041.032 INFO             PET0 PIOc_freedecomp Exit - MemInfo: [/proc/meminfo - SSI]	MemAvailable:   49661036 kB
20220314 063041.032 INFO             PET0 PIOc_freedecomp Exit - MemInfo: [/proc/meminfo - SSI]	Committed_AS:   12963916 kB
20220314 063041.032 INFO             PET0 PIOc_freedecomp Exit - MemInfo: [/proc/meminfo - SSI]	CommittedPercent: 19.7901 %
20220314 063041.032 INFO             PET0 PIOc_freedecomp Exit - MemInfo: [/proc/self/status]	VmPeak:	  523808 kB
20220314 063041.032 INFO             PET0 PIOc_freedecomp Exit - MemInfo: [/proc/self/status]	VmSize:	  506904 kB
20220314 063041.032 INFO             PET0 PIOc_freedecomp Exit - MemInfo: [/proc/self/status]	VmLck:	       0 kB
20220314 063041.032 INFO             PET0 PIOc_freedecomp Exit - MemInfo: [/proc/self/status]	VmPin:	       0 kB
20220314 063041.032 INFO             PET0 PIOc_freedecomp Exit - MemInfo: [/proc/self/status]	VmHWM:	   64796 kB
20220314 063041.032 INFO             PET0 PIOc_freedecomp Exit - MemInfo: [/proc/self/status]	VmRSS:	   19884 kB
20220314 063041.032 INFO             PET0 PIOc_freedecomp Exit - MemInfo: [/proc/self/status]	VmData:	   15316 kB
20220314 063041.032 INFO             PET0 PIOc_freedecomp Exit - MemInfo: [/proc/self/status]	VmStk:	     148 kB
20220314 063041.032 INFO             PET0 PIOc_freedecomp Exit - MemInfo: [/proc/self/status]	VmExe:	     216 kB
20220314 063041.032 INFO             PET0 PIOc_freedecomp Exit - MemInfo: [/proc/self/status]	VmLib:	   49404 kB
20220314 063041.032 INFO             PET0 PIOc_freedecomp Exit - MemInfo: [/proc/self/status]	VmPTE:	     732 kB
20220314 063041.032 INFO             PET0 PIOc_freedecomp Exit - MemInfo: [/proc/self/status]	VmPMD:	      16 kB
20220314 063041.032 INFO             PET0 PIOc_freedecomp Exit - MemInfo: [/proc/self/status]	VmSwap:	       0 kB
20220314 063041.032 INFO             PET0 PIOc_freedecomp Exit - MemInfo: [/proc/self/status]	VmRSSPercent: 0.030354 %
20220314 063041.032 INFO             PET0 PIOc_freedecomp Exit - MemInfo: [malloc] Non-mmapped space allocated:                 3346432 Byte
20220314 063041.032 INFO             PET0 PIOc_freedecomp Exit - MemInfo: [malloc] Space allocated in mmapped regions:          1581056 Byte
20220314 063041.032 INFO             PET0 PIOc_freedecomp Exit - MemInfo: [malloc] Maximum total allocated space:                     0 Byte
20220314 063041.032 INFO             PET0 PIOc_freedecomp Exit - MemInfo: [malloc] Space in freed fastbin blocks:                  3824 Byte
20220314 063041.032 INFO             PET0 PIOc_freedecomp Exit - MemInfo: [malloc] Total allocated space:                       3045312 Byte
20220314 063041.032 INFO             PET0 PIOc_freedecomp Exit - MemInfo: [malloc] Total free space:                             301120 Byte
20220314 063041.032 INFO             PET0 PIOc_freedecomp Exit - MemInfo: [malloc] Top-most, releasable space:                    81376 Byte
20220314 063041.032 INFO             PET0 PIOc_freedecomp Exit - MemInfo: [malloc] Total space in use, mmap + non-mmap:         4626368 Byte
20220314 063041.032 INFO             PET0 PIOc_freedecomp Exit - MemInfo: [malloc] Total space held (mmap + non-mmap):          4927488 Byte
20220314 063041.032 INFO             PET0 PIOc_freedecomp Exit - MemInfo: [malloc] Total space used (mmap + non-mmap):          4635760 Byte
20220314 063041.032 INFO             PET0 PIOc_freedecomp Exit - MemInfo: Wall-clock time since execution start:              0.0181876 seconds
20220314 063041.035 INFO             PET0 PIOc_sync Enter - MemInfo: [/proc/meminfo - SSI]	MemTotal:       65507008 kB
20220314 063041.035 INFO             PET0 PIOc_sync Enter - MemInfo: [/proc/meminfo - SSI]	MemFree:        49881648 kB
20220314 063041.035 INFO             PET0 PIOc_sync Enter - MemInfo: [/proc/meminfo - SSI]	MemAvailable:   49653980 kB
20220314 063041.035 INFO             PET0 PIOc_sync Enter - MemInfo: [/proc/meminfo - SSI]	Committed_AS:   12980324 kB
20220314 063041.035 INFO             PET0 PIOc_sync Enter - MemInfo: [/proc/meminfo - SSI]	CommittedPercent: 19.8152 %
20220314 063041.035 INFO             PET0 PIOc_sync Enter - MemInfo: [/proc/self/status]	VmPeak:	  523828 kB
20220314 063041.035 INFO             PET0 PIOc_sync Enter - MemInfo: [/proc/self/status]	VmSize:	  523828 kB
20220314 063041.035 INFO             PET0 PIOc_sync Enter - MemInfo: [/proc/self/status]	VmLck:	       0 kB
20220314 063041.035 INFO             PET0 PIOc_sync Enter - MemInfo: [/proc/self/status]	VmPin:	       0 kB
20220314 063041.035 INFO             PET0 PIOc_sync Enter - MemInfo: [/proc/self/status]	VmHWM:	   64796 kB
20220314 063041.035 INFO             PET0 PIOc_sync Enter - MemInfo: [/proc/self/status]	VmRSS:	   28204 kB
20220314 063041.035 INFO             PET0 PIOc_sync Enter - MemInfo: [/proc/self/status]	VmData:	   32240 kB
20220314 063041.035 INFO             PET0 PIOc_sync Enter - MemInfo: [/proc/self/status]	VmStk:	     148 kB
20220314 063041.035 INFO             PET0 PIOc_sync Enter - MemInfo: [/proc/self/status]	VmExe:	     216 kB
20220314 063041.035 INFO             PET0 PIOc_sync Enter - MemInfo: [/proc/self/status]	VmLib:	   49404 kB
20220314 063041.035 INFO             PET0 PIOc_sync Enter - MemInfo: [/proc/self/status]	VmPTE:	     756 kB
20220314 063041.035 INFO             PET0 PIOc_sync Enter - MemInfo: [/proc/self/status]	VmPMD:	      16 kB
20220314 063041.035 INFO             PET0 PIOc_sync Enter - MemInfo: [/proc/self/status]	VmSwap:	       0 kB
20220314 063041.035 INFO             PET0 PIOc_sync Enter - MemInfo: [/proc/self/status]	VmRSSPercent: 0.0430549 %
20220314 063041.035 INFO             PET0 PIOc_sync Enter - MemInfo: [malloc] Non-mmapped space allocated:                20676608 Byte
20220314 063041.035 INFO             PET0 PIOc_sync Enter - MemInfo: [malloc] Space allocated in mmapped regions:          1581056 Byte
20220314 063041.035 INFO             PET0 PIOc_sync Enter - MemInfo: [malloc] Maximum total allocated space:                     0 Byte
20220314 063041.035 INFO             PET0 PIOc_sync Enter - MemInfo: [malloc] Space in freed fastbin blocks:                  2400 Byte
20220314 063041.035 INFO             PET0 PIOc_sync Enter - MemInfo: [malloc] Total allocated space:                      20362928 Byte
20220314 063041.035 INFO             PET0 PIOc_sync Enter - MemInfo: [malloc] Total free space:                             313680 Byte
20220314 063041.035 INFO             PET0 PIOc_sync Enter - MemInfo: [malloc] Top-most, releasable space:                   113184 Byte
20220314 063041.035 INFO             PET0 PIOc_sync Enter - MemInfo: [malloc] Total space in use, mmap + non-mmap:        21943984 Byte
20220314 063041.035 INFO             PET0 PIOc_sync Enter - MemInfo: [malloc] Total space held (mmap + non-mmap):         22257664 Byte
20220314 063041.035 INFO             PET0 PIOc_sync Enter - MemInfo: [malloc] Total space used (mmap + non-mmap):         21953376 Byte
20220314 063041.035 INFO             PET0 PIOc_sync Enter - MemInfo: Wall-clock time since execution start:              0.0217724 seconds
20220314 063041.036 INFO             PET0 PIOc_sync Exit - MemInfo: [/proc/meminfo - SSI]	MemTotal:       65507008 kB
20220314 063041.036 INFO             PET0 PIOc_sync Exit - MemInfo: [/proc/meminfo - SSI]	MemFree:        49881648 kB
20220314 063041.036 INFO             PET0 PIOc_sync Exit - MemInfo: [/proc/meminfo - SSI]	MemAvailable:   49653980 kB
20220314 063041.036 INFO             PET0 PIOc_sync Exit - MemInfo: [/proc/meminfo - SSI]	Committed_AS:   12980324 kB
20220314 063041.036 INFO             PET0 PIOc_sync Exit - MemInfo: [/proc/meminfo - SSI]	CommittedPercent: 19.8152 %
20220314 063041.036 INFO             PET0 PIOc_sync Exit - MemInfo: [/proc/self/status]	VmPeak:	  523828 kB
20220314 063041.036 INFO             PET0 PIOc_sync Exit - MemInfo: [/proc/self/status]	VmSize:	  523828 kB
20220314 063041.036 INFO             PET0 PIOc_sync Exit - MemInfo: [/proc/self/status]	VmLck:	       0 kB
20220314 063041.036 INFO             PET0 PIOc_sync Exit - MemInfo: [/proc/self/status]	VmPin:	       0 kB
20220314 063041.036 INFO             PET0 PIOc_sync Exit - MemInfo: [/proc/self/status]	VmHWM:	   64796 kB
20220314 063041.036 INFO             PET0 PIOc_sync Exit - MemInfo: [/proc/self/status]	VmRSS:	   28216 kB
20220314 063041.036 INFO             PET0 PIOc_sync Exit - MemInfo: [/proc/self/status]	VmData:	   32240 kB
20220314 063041.036 INFO             PET0 PIOc_sync Exit - MemInfo: [/proc/self/status]	VmStk:	     148 kB
20220314 063041.036 INFO             PET0 PIOc_sync Exit - MemInfo: [/proc/self/status]	VmExe:	     216 kB
20220314 063041.036 INFO             PET0 PIOc_sync Exit - MemInfo: [/proc/self/status]	VmLib:	   49404 kB
20220314 063041.036 INFO             PET0 PIOc_sync Exit - MemInfo: [/proc/self/status]	VmPTE:	     756 kB
20220314 063041.036 INFO             PET0 PIOc_sync Exit - MemInfo: [/proc/self/status]	VmPMD:	      16 kB
20220314 063041.036 INFO             PET0 PIOc_sync Exit - MemInfo: [/proc/self/status]	VmSwap:	       0 kB
20220314 063041.036 INFO             PET0 PIOc_sync Exit - MemInfo: [/proc/self/status]	VmRSSPercent: 0.0430733 %
20220314 063041.036 INFO             PET0 PIOc_sync Exit - MemInfo: [malloc] Non-mmapped space allocated:                20676608 Byte
20220314 063041.036 INFO             PET0 PIOc_sync Exit - MemInfo: [malloc] Space allocated in mmapped regions:          1581056 Byte
20220314 063041.036 INFO             PET0 PIOc_sync Exit - MemInfo: [malloc] Maximum total allocated space:                     0 Byte
20220314 063041.036 INFO             PET0 PIOc_sync Exit - MemInfo: [malloc] Space in freed fastbin blocks:                  2048 Byte
20220314 063041.036 INFO             PET0 PIOc_sync Exit - MemInfo: [malloc] Total allocated space:                      20367696 Byte
20220314 063041.036 INFO             PET0 PIOc_sync Exit - MemInfo: [malloc] Total free space:                             308912 Byte
20220314 063041.036 INFO             PET0 PIOc_sync Exit - MemInfo: [malloc] Top-most, releasable space:                   105936 Byte
20220314 063041.036 INFO             PET0 PIOc_sync Exit - MemInfo: [malloc] Total space in use, mmap + non-mmap:        21948752 Byte
20220314 063041.036 INFO             PET0 PIOc_sync Exit - MemInfo: [malloc] Total space held (mmap + non-mmap):         22257664 Byte
20220314 063041.036 INFO             PET0 PIOc_sync Exit - MemInfo: [malloc] Total space used (mmap + non-mmap):         21958144 Byte
20220314 063041.036 INFO             PET0 PIOc_sync Exit - MemInfo: Wall-clock time since execution start:              0.0220594 seconds
20220314 063041.036 INFO             PET0 PIOc_freedecomp Enter - MemInfo: [/proc/meminfo - SSI]	MemTotal:       65507008 kB
20220314 063041.036 INFO             PET0 PIOc_freedecomp Enter - MemInfo: [/proc/meminfo - SSI]	MemFree:        49881648 kB
20220314 063041.036 INFO             PET0 PIOc_freedecomp Enter - MemInfo: [/proc/meminfo - SSI]	MemAvailable:   49653980 kB
20220314 063041.036 INFO             PET0 PIOc_freedecomp Enter - MemInfo: [/proc/meminfo - SSI]	Committed_AS:   12980324 kB
20220314 063041.036 INFO             PET0 PIOc_freedecomp Enter - MemInfo: [/proc/meminfo - SSI]	CommittedPercent: 19.8152 %
20220314 063041.036 INFO             PET0 PIOc_freedecomp Enter - MemInfo: [/proc/self/status]	VmPeak:	  523828 kB
20220314 063041.036 INFO             PET0 PIOc_freedecomp Enter - MemInfo: [/proc/self/status]	VmSize:	  523828 kB
20220314 063041.036 INFO             PET0 PIOc_freedecomp Enter - MemInfo: [/proc/self/status]	VmLck:	       0 kB
20220314 063041.036 INFO             PET0 PIOc_freedecomp Enter - MemInfo: [/proc/self/status]	VmPin:	       0 kB
20220314 063041.036 INFO             PET0 PIOc_freedecomp Enter - MemInfo: [/proc/self/status]	VmHWM:	   64796 kB
20220314 063041.036 INFO             PET0 PIOc_freedecomp Enter - MemInfo: [/proc/self/status]	VmRSS:	   28220 kB
20220314 063041.036 INFO             PET0 PIOc_freedecomp Enter - MemInfo: [/proc/self/status]	VmData:	   32240 kB
20220314 063041.036 INFO             PET0 PIOc_freedecomp Enter - MemInfo: [/proc/self/status]	VmStk:	     148 kB
20220314 063041.036 INFO             PET0 PIOc_freedecomp Enter - MemInfo: [/proc/self/status]	VmExe:	     216 kB
20220314 063041.036 INFO             PET0 PIOc_freedecomp Enter - MemInfo: [/proc/self/status]	VmLib:	   49404 kB
20220314 063041.036 INFO             PET0 PIOc_freedecomp Enter - MemInfo: [/proc/self/status]	VmPTE:	     756 kB
20220314 063041.036 INFO             PET0 PIOc_freedecomp Enter - MemInfo: [/proc/self/status]	VmPMD:	      16 kB
20220314 063041.036 INFO             PET0 PIOc_freedecomp Enter - MemInfo: [/proc/self/status]	VmSwap:	       0 kB
20220314 063041.036 INFO             PET0 PIOc_freedecomp Enter - MemInfo: [/proc/self/status]	VmRSSPercent: 0.0430794 %
20220314 063041.036 INFO             PET0 PIOc_freedecomp Enter - MemInfo: [malloc] Non-mmapped space allocated:                20676608 Byte
20220314 063041.036 INFO             PET0 PIOc_freedecomp Enter - MemInfo: [malloc] Space allocated in mmapped regions:          1581056 Byte
20220314 063041.036 INFO             PET0 PIOc_freedecomp Enter - MemInfo: [malloc] Maximum total allocated space:                     0 Byte
20220314 063041.036 INFO             PET0 PIOc_freedecomp Enter - MemInfo: [malloc] Space in freed fastbin blocks:                  1808 Byte
20220314 063041.036 INFO             PET0 PIOc_freedecomp Enter - MemInfo: [malloc] Total allocated space:                       3052048 Byte
20220314 063041.036 INFO             PET0 PIOc_freedecomp Enter - MemInfo: [malloc] Total free space:                           17624560 Byte
20220314 063041.036 INFO             PET0 PIOc_freedecomp Enter - MemInfo: [malloc] Top-most, releasable space:                   110272 Byte
20220314 063041.036 INFO             PET0 PIOc_freedecomp Enter - MemInfo: [malloc] Total space in use, mmap + non-mmap:         4633104 Byte
20220314 063041.036 INFO             PET0 PIOc_freedecomp Enter - MemInfo: [malloc] Total space held (mmap + non-mmap):         22257664 Byte
20220314 063041.036 INFO             PET0 PIOc_freedecomp Enter - MemInfo: [malloc] Total space used (mmap + non-mmap):          4642480 Byte
20220314 063041.036 INFO             PET0 PIOc_freedecomp Enter - MemInfo: Wall-clock time since execution start:              0.0223005 seconds
20220314 063041.036 INFO             PET0 PIOc_freedecomp Exit - MemInfo: [/proc/meminfo - SSI]	MemTotal:       65507008 kB
20220314 063041.036 INFO             PET0 PIOc_freedecomp Exit - MemInfo: [/proc/meminfo - SSI]	MemFree:        49881648 kB
20220314 063041.036 INFO             PET0 PIOc_freedecomp Exit - MemInfo: [/proc/meminfo - SSI]	MemAvailable:   49653980 kB
20220314 063041.036 INFO             PET0 PIOc_freedecomp Exit - MemInfo: [/proc/meminfo - SSI]	Committed_AS:   12980324 kB
20220314 063041.036 INFO             PET0 PIOc_freedecomp Exit - MemInfo: [/proc/meminfo - SSI]	CommittedPercent: 19.8152 %
20220314 063041.036 INFO             PET0 PIOc_freedecomp Exit - MemInfo: [/proc/self/status]	VmPeak:	  523828 kB
20220314 063041.036 INFO             PET0 PIOc_freedecomp Exit - MemInfo: [/proc/self/status]	VmSize:	  523828 kB
20220314 063041.036 INFO             PET0 PIOc_freedecomp Exit - MemInfo: [/proc/self/status]	VmLck:	       0 kB
20220314 063041.036 INFO             PET0 PIOc_freedecomp Exit - MemInfo: [/proc/self/status]	VmPin:	       0 kB
20220314 063041.036 INFO             PET0 PIOc_freedecomp Exit - MemInfo: [/proc/self/status]	VmHWM:	   64796 kB
20220314 063041.036 INFO             PET0 PIOc_freedecomp Exit - MemInfo: [/proc/self/status]	VmRSS:	   28220 kB
20220314 063041.036 INFO             PET0 PIOc_freedecomp Exit - MemInfo: [/proc/self/status]	VmData:	   32240 kB
20220314 063041.036 INFO             PET0 PIOc_freedecomp Exit - MemInfo: [/proc/self/status]	VmStk:	     148 kB
20220314 063041.036 INFO             PET0 PIOc_freedecomp Exit - MemInfo: [/proc/self/status]	VmExe:	     216 kB
20220314 063041.036 INFO             PET0 PIOc_freedecomp Exit - MemInfo: [/proc/self/status]	VmLib:	   49404 kB
20220314 063041.036 INFO             PET0 PIOc_freedecomp Exit - MemInfo: [/proc/self/status]	VmPTE:	     756 kB
20220314 063041.036 INFO             PET0 PIOc_freedecomp Exit - MemInfo: [/proc/self/status]	VmPMD:	      16 kB
20220314 063041.036 INFO             PET0 PIOc_freedecomp Exit - MemInfo: [/proc/self/status]	VmSwap:	       0 kB
20220314 063041.036 INFO             PET0 PIOc_freedecomp Exit - MemInfo: [/proc/self/status]	VmRSSPercent: 0.0430794 %
20220314 063041.036 INFO             PET0 PIOc_freedecomp Exit - MemInfo: [malloc] Non-mmapped space allocated:                20676608 Byte
20220314 063041.036 INFO             PET0 PIOc_freedecomp Exit - MemInfo: [malloc] Space allocated in mmapped regions:          1581056 Byte
20220314 063041.036 INFO             PET0 PIOc_freedecomp Exit - MemInfo: [malloc] Maximum total allocated space:                     0 Byte
20220314 063041.036 INFO             PET0 PIOc_freedecomp Exit - MemInfo: [malloc] Space in freed fastbin blocks:                  2336 Byte
20220314 063041.036 INFO             PET0 PIOc_freedecomp Exit - MemInfo: [malloc] Total allocated space:                       3045264 Byte
20220314 063041.036 INFO             PET0 PIOc_freedecomp Exit - MemInfo: [malloc] Total free space:                           17631344 Byte
20220314 063041.036 INFO             PET0 PIOc_freedecomp Exit - MemInfo: [malloc] Top-most, releasable space:                   110272 Byte
20220314 063041.036 INFO             PET0 PIOc_freedecomp Exit - MemInfo: [malloc] Total space in use, mmap + non-mmap:         4626320 Byte
20220314 063041.036 INFO             PET0 PIOc_freedecomp Exit - MemInfo: [malloc] Total space held (mmap + non-mmap):         22257664 Byte
20220314 063041.036 INFO             PET0 PIOc_freedecomp Exit - MemInfo: [malloc] Total space used (mmap + non-mmap):          4635696 Byte
20220314 063041.036 INFO             PET0 PIOc_freedecomp Exit - MemInfo: Wall-clock time since execution start:              0.0225177 seconds
20220314 063041.037 INFO             PET0 PIOc_sync Enter - MemInfo: [/proc/meminfo - SSI]	MemTotal:       65507008 kB
20220314 063041.037 INFO             PET0 PIOc_sync Enter - MemInfo: [/proc/meminfo - SSI]	MemFree:        49881144 kB
20220314 063041.037 INFO             PET0 PIOc_sync Enter - MemInfo: [/proc/meminfo - SSI]	MemAvailable:   49653476 kB
20220314 063041.037 INFO             PET0 PIOc_sync Enter - MemInfo: [/proc/meminfo - SSI]	Committed_AS:   12980324 kB
20220314 063041.037 INFO             PET0 PIOc_sync Enter - MemInfo: [/proc/meminfo - SSI]	CommittedPercent: 19.8152 %
20220314 063041.037 INFO             PET0 PIOc_sync Enter - MemInfo: [/proc/self/status]	VmPeak:	  532016 kB
20220314 063041.037 INFO             PET0 PIOc_sync Enter - MemInfo: [/proc/self/status]	VmSize:	  523828 kB
20220314 063041.037 INFO             PET0 PIOc_sync Enter - MemInfo: [/proc/self/status]	VmLck:	       0 kB
20220314 063041.037 INFO             PET0 PIOc_sync Enter - MemInfo: [/proc/self/status]	VmPin:	       0 kB
20220314 063041.037 INFO             PET0 PIOc_sync Enter - MemInfo: [/proc/self/status]	VmHWM:	   64796 kB
20220314 063041.037 INFO             PET0 PIOc_sync Enter - MemInfo: [/proc/self/status]	VmRSS:	   28624 kB
20220314 063041.037 INFO             PET0 PIOc_sync Enter - MemInfo: [/proc/self/status]	VmData:	   32240 kB
20220314 063041.037 INFO             PET0 PIOc_sync Enter - MemInfo: [/proc/self/status]	VmStk:	     148 kB
20220314 063041.037 INFO             PET0 PIOc_sync Enter - MemInfo: [/proc/self/status]	VmExe:	     216 kB
20220314 063041.037 INFO             PET0 PIOc_sync Enter - MemInfo: [/proc/self/status]	VmLib:	   49404 kB
20220314 063041.037 INFO             PET0 PIOc_sync Enter - MemInfo: [/proc/self/status]	VmPTE:	     756 kB
20220314 063041.037 INFO             PET0 PIOc_sync Enter - MemInfo: [/proc/self/status]	VmPMD:	      16 kB
20220314 063041.037 INFO             PET0 PIOc_sync Enter - MemInfo: [/proc/self/status]	VmSwap:	       0 kB
20220314 063041.037 INFO             PET0 PIOc_sync Enter - MemInfo: [/proc/self/status]	VmRSSPercent: 0.0436961 %
20220314 063041.037 INFO             PET0 PIOc_sync Enter - MemInfo: [malloc] Non-mmapped space allocated:                20676608 Byte
20220314 063041.037 INFO             PET0 PIOc_sync Enter - MemInfo: [malloc] Space allocated in mmapped regions:          1581056 Byte
20220314 063041.037 INFO             PET0 PIOc_sync Enter - MemInfo: [malloc] Maximum total allocated space:                     0 Byte
20220314 063041.037 INFO             PET0 PIOc_sync Enter - MemInfo: [malloc] Space in freed fastbin blocks:                  2704 Byte
20220314 063041.037 INFO             PET0 PIOc_sync Enter - MemInfo: [malloc] Total allocated space:                      20363712 Byte
20220314 063041.037 INFO             PET0 PIOc_sync Enter - MemInfo: [malloc] Total free space:                             312896 Byte
20220314 063041.037 INFO             PET0 PIOc_sync Enter - MemInfo: [malloc] Top-most, releasable space:                   112096 Byte
20220314 063041.037 INFO             PET0 PIOc_sync Enter - MemInfo: [malloc] Total space in use, mmap + non-mmap:        21944768 Byte
20220314 063041.037 INFO             PET0 PIOc_sync Enter - MemInfo: [malloc] Total space held (mmap + non-mmap):         22257664 Byte
20220314 063041.037 INFO             PET0 PIOc_sync Enter - MemInfo: [malloc] Total space used (mmap + non-mmap):         21954160 Byte
20220314 063041.037 INFO             PET0 PIOc_sync Enter - MemInfo: Wall-clock time since execution start:              0.0236703 seconds
20220314 063041.037 INFO             PET0 PIOc_sync Exit - MemInfo: [/proc/meminfo - SSI]	MemTotal:       65507008 kB
20220314 063041.037 INFO             PET0 PIOc_sync Exit - MemInfo: [/proc/meminfo - SSI]	MemFree:        49881144 kB
20220314 063041.037 INFO             PET0 PIOc_sync Exit - MemInfo: [/proc/meminfo - SSI]	MemAvailable:   49653476 kB
20220314 063041.037 INFO             PET0 PIOc_sync Exit - MemInfo: [/proc/meminfo - SSI]	Committed_AS:   12980324 kB
20220314 063041.037 INFO             PET0 PIOc_sync Exit - MemInfo: [/proc/meminfo - SSI]	CommittedPercent: 19.8152 %
20220314 063041.037 INFO             PET0 PIOc_sync Exit - MemInfo: [/proc/self/status]	VmPeak:	  532016 kB
20220314 063041.037 INFO             PET0 PIOc_sync Exit - MemInfo: [/proc/self/status]	VmSize:	  523828 kB
20220314 063041.037 INFO             PET0 PIOc_sync Exit - MemInfo: [/proc/self/status]	VmLck:	       0 kB
20220314 063041.037 INFO             PET0 PIOc_sync Exit - MemInfo: [/proc/self/status]	VmPin:	       0 kB
20220314 063041.038 INFO             PET0 PIOc_sync Exit - MemInfo: [/proc/self/status]	VmHWM:	   64796 kB
20220314 063041.038 INFO             PET0 PIOc_sync Exit - MemInfo: [/proc/self/status]	VmRSS:	   28624 kB
20220314 063041.038 INFO             PET0 PIOc_sync Exit - MemInfo: [/proc/self/status]	VmData:	   32240 kB
20220314 063041.038 INFO             PET0 PIOc_sync Exit - MemInfo: [/proc/self/status]	VmStk:	     148 kB
20220314 063041.038 INFO             PET0 PIOc_sync Exit - MemInfo: [/proc/self/status]	VmExe:	     216 kB
20220314 063041.038 INFO             PET0 PIOc_sync Exit - MemInfo: [/proc/self/status]	VmLib:	   49404 kB
20220314 063041.038 INFO             PET0 PIOc_sync Exit - MemInfo: [/proc/self/status]	VmPTE:	     756 kB
20220314 063041.038 INFO             PET0 PIOc_sync Exit - MemInfo: [/proc/self/status]	VmPMD:	      16 kB
20220314 063041.038 INFO             PET0 PIOc_sync Exit - MemInfo: [/proc/self/status]	VmSwap:	       0 kB
20220314 063041.038 INFO             PET0 PIOc_sync Exit - MemInfo: [/proc/self/status]	VmRSSPercent: 0.0436961 %
20220314 063041.038 INFO             PET0 PIOc_sync Exit - MemInfo: [malloc] Non-mmapped space allocated:                20676608 Byte
20220314 063041.038 INFO             PET0 PIOc_sync Exit - MemInfo: [malloc] Space allocated in mmapped regions:          1581056 Byte
20220314 063041.038 INFO             PET0 PIOc_sync Exit - MemInfo: [malloc] Maximum total allocated space:                     0 Byte
20220314 063041.038 INFO             PET0 PIOc_sync Exit - MemInfo: [malloc] Space in freed fastbin blocks:                  2064 Byte
20220314 063041.038 INFO             PET0 PIOc_sync Exit - MemInfo: [malloc] Total allocated space:                      20368528 Byte
20220314 063041.038 INFO             PET0 PIOc_sync Exit - MemInfo: [malloc] Total free space:                             308080 Byte
20220314 063041.038 INFO             PET0 PIOc_sync Exit - MemInfo: [malloc] Top-most, releasable space:                   105312 Byte
20220314 063041.038 INFO             PET0 PIOc_sync Exit - MemInfo: [malloc] Total space in use, mmap + non-mmap:        21949584 Byte
20220314 063041.038 INFO             PET0 PIOc_sync Exit - MemInfo: [malloc] Total space held (mmap + non-mmap):         22257664 Byte
20220314 063041.038 INFO             PET0 PIOc_sync Exit - MemInfo: [malloc] Total space used (mmap + non-mmap):         21958976 Byte
20220314 063041.038 INFO             PET0 PIOc_sync Exit - MemInfo: Wall-clock time since execution start:              0.0239476 seconds
20220314 063041.038 INFO             PET0 PIOc_freedecomp Enter - MemInfo: [/proc/meminfo - SSI]	MemTotal:       65507008 kB
20220314 063041.038 INFO             PET0 PIOc_freedecomp Enter - MemInfo: [/proc/meminfo - SSI]	MemFree:        49881144 kB
20220314 063041.038 INFO             PET0 PIOc_freedecomp Enter - MemInfo: [/proc/meminfo - SSI]	MemAvailable:   49653476 kB
20220314 063041.038 INFO             PET0 PIOc_freedecomp Enter - MemInfo: [/proc/meminfo - SSI]	Committed_AS:   12980324 kB
20220314 063041.038 INFO             PET0 PIOc_freedecomp Enter - MemInfo: [/proc/meminfo - SSI]	CommittedPercent: 19.8152 %
20220314 063041.038 INFO             PET0 PIOc_freedecomp Enter - MemInfo: [/proc/self/status]	VmPeak:	  532016 kB
20220314 063041.038 INFO             PET0 PIOc_freedecomp Enter - MemInfo: [/proc/self/status]	VmSize:	  523828 kB
20220314 063041.038 INFO             PET0 PIOc_freedecomp Enter - MemInfo: [/proc/self/status]	VmLck:	       0 kB
20220314 063041.038 INFO             PET0 PIOc_freedecomp Enter - MemInfo: [/proc/self/status]	VmPin:	       0 kB
20220314 063041.038 INFO             PET0 PIOc_freedecomp Enter - MemInfo: [/proc/self/status]	VmHWM:	   64796 kB
20220314 063041.038 INFO             PET0 PIOc_freedecomp Enter - MemInfo: [/proc/self/status]	VmRSS:	   28628 kB
20220314 063041.038 INFO             PET0 PIOc_freedecomp Enter - MemInfo: [/proc/self/status]	VmData:	   32240 kB
20220314 063041.038 INFO             PET0 PIOc_freedecomp Enter - MemInfo: [/proc/self/status]	VmStk:	     148 kB
20220314 063041.038 INFO             PET0 PIOc_freedecomp Enter - MemInfo: [/proc/self/status]	VmExe:	     216 kB
20220314 063041.038 INFO             PET0 PIOc_freedecomp Enter - MemInfo: [/proc/self/status]	VmLib:	   49404 kB
20220314 063041.038 INFO             PET0 PIOc_freedecomp Enter - MemInfo: [/proc/self/status]	VmPTE:	     756 kB
20220314 063041.038 INFO             PET0 PIOc_freedecomp Enter - MemInfo: [/proc/self/status]	VmPMD:	      16 kB
20220314 063041.038 INFO             PET0 PIOc_freedecomp Enter - MemInfo: [/proc/self/status]	VmSwap:	       0 kB
20220314 063041.038 INFO             PET0 PIOc_freedecomp Enter - MemInfo: [/proc/self/status]	VmRSSPercent: 0.0437022 %
20220314 063041.038 INFO             PET0 PIOc_freedecomp Enter - MemInfo: [malloc] Non-mmapped space allocated:                20676608 Byte
20220314 063041.038 INFO             PET0 PIOc_freedecomp Enter - MemInfo: [malloc] Space allocated in mmapped regions:          1581056 Byte
20220314 063041.038 INFO             PET0 PIOc_freedecomp Enter - MemInfo: [malloc] Maximum total allocated space:                     0 Byte
20220314 063041.038 INFO             PET0 PIOc_freedecomp Enter - MemInfo: [malloc] Space in freed fastbin blocks:                  2032 Byte
20220314 063041.038 INFO             PET0 PIOc_freedecomp Enter - MemInfo: [malloc] Total allocated space:                       3052144 Byte
20220314 063041.038 INFO             PET0 PIOc_freedecomp Enter - MemInfo: [malloc] Total free space:                           17624464 Byte
20220314 063041.038 INFO             PET0 PIOc_freedecomp Enter - MemInfo: [malloc] Top-most, releasable space:                   109648 Byte
20220314 063041.038 INFO             PET0 PIOc_freedecomp Enter - MemInfo: [malloc] Total space in use, mmap + non-mmap:         4633200 Byte
20220314 063041.038 INFO             PET0 PIOc_freedecomp Enter - MemInfo: [malloc] Total space held (mmap + non-mmap):         22257664 Byte
20220314 063041.038 INFO             PET0 PIOc_freedecomp Enter - MemInfo: [malloc] Total space used (mmap + non-mmap):          4642576 Byte
20220314 063041.038 INFO             PET0 PIOc_freedecomp Enter - MemInfo: Wall-clock time since execution start:              0.0241908 seconds
20220314 063041.038 INFO             PET0 PIOc_freedecomp Exit - MemInfo: [/proc/meminfo - SSI]	MemTotal:       65507008 kB
20220314 063041.038 INFO             PET0 PIOc_freedecomp Exit - MemInfo: [/proc/meminfo - SSI]	MemFree:        49881144 kB
20220314 063041.038 INFO             PET0 PIOc_freedecomp Exit - MemInfo: [/proc/meminfo - SSI]	MemAvailable:   49653476 kB
20220314 063041.038 INFO             PET0 PIOc_freedecomp Exit - MemInfo: [/proc/meminfo - SSI]	Committed_AS:   12980324 kB
20220314 063041.038 INFO             PET0 PIOc_freedecomp Exit - MemInfo: [/proc/meminfo - SSI]	CommittedPercent: 19.8152 %
20220314 063041.038 INFO             PET0 PIOc_freedecomp Exit - MemInfo: [/proc/self/status]	VmPeak:	  532016 kB
20220314 063041.038 INFO             PET0 PIOc_freedecomp Exit - MemInfo: [/proc/self/status]	VmSize:	  523828 kB
20220314 063041.038 INFO             PET0 PIOc_freedecomp Exit - MemInfo: [/proc/self/status]	VmLck:	       0 kB
20220314 063041.038 INFO             PET0 PIOc_freedecomp Exit - MemInfo: [/proc/self/status]	VmPin:	       0 kB
20220314 063041.038 INFO             PET0 PIOc_freedecomp Exit - MemInfo: [/proc/self/status]	VmHWM:	   64796 kB
20220314 063041.038 INFO             PET0 PIOc_freedecomp Exit - MemInfo: [/proc/self/status]	VmRSS:	   28628 kB
20220314 063041.038 INFO             PET0 PIOc_freedecomp Exit - MemInfo: [/proc/self/status]	VmData:	   32240 kB
20220314 063041.038 INFO             PET0 PIOc_freedecomp Exit - MemInfo: [/proc/self/status]	VmStk:	     148 kB
20220314 063041.038 INFO             PET0 PIOc_freedecomp Exit - MemInfo: [/proc/self/status]	VmExe:	     216 kB
20220314 063041.038 INFO             PET0 PIOc_freedecomp Exit - MemInfo: [/proc/self/status]	VmLib:	   49404 kB
20220314 063041.038 INFO             PET0 PIOc_freedecomp Exit - MemInfo: [/proc/self/status]	VmPTE:	     756 kB
20220314 063041.038 INFO             PET0 PIOc_freedecomp Exit - MemInfo: [/proc/self/status]	VmPMD:	      16 kB
20220314 063041.038 INFO             PET0 PIOc_freedecomp Exit - MemInfo: [/proc/self/status]	VmSwap:	       0 kB
20220314 063041.038 INFO             PET0 PIOc_freedecomp Exit - MemInfo: [/proc/self/status]	VmRSSPercent: 0.0437022 %
20220314 063041.038 INFO             PET0 PIOc_freedecomp Exit - MemInfo: [malloc] Non-mmapped space allocated:                20676608 Byte
20220314 063041.038 INFO             PET0 PIOc_freedecomp Exit - MemInfo: [malloc] Space allocated in mmapped regions:          1581056 Byte
20220314 063041.038 INFO             PET0 PIOc_freedecomp Exit - MemInfo: [malloc] Maximum total allocated space:                     0 Byte
20220314 063041.038 INFO             PET0 PIOc_freedecomp Exit - MemInfo: [malloc] Space in freed fastbin blocks:                  4064 Byte
20220314 063041.038 INFO             PET0 PIOc_freedecomp Exit - MemInfo: [malloc] Total allocated space:                       3045312 Byte
20220314 063041.038 INFO             PET0 PIOc_freedecomp Exit - MemInfo: [malloc] Total free space:                           17631296 Byte
20220314 063041.038 INFO             PET0 PIOc_freedecomp Exit - MemInfo: [malloc] Top-most, releasable space:                   109648 Byte
20220314 063041.038 INFO             PET0 PIOc_freedecomp Exit - MemInfo: [malloc] Total space in use, mmap + non-mmap:         4626368 Byte
20220314 063041.038 INFO             PET0 PIOc_freedecomp Exit - MemInfo: [malloc] Total space held (mmap + non-mmap):         22257664 Byte
20220314 063041.038 INFO             PET0 PIOc_freedecomp Exit - MemInfo: [malloc] Total space used (mmap + non-mmap):          4635744 Byte
20220314 063041.038 INFO             PET0 PIOc_freedecomp Exit - MemInfo: Wall-clock time since execution start:              0.0244039 seconds
20220314 063041.039 INFO             PET0 PIOc_sync Enter - MemInfo: [/proc/meminfo - SSI]	MemTotal:       65507008 kB
20220314 063041.039 INFO             PET0 PIOc_sync Enter - MemInfo: [/proc/meminfo - SSI]	MemFree:        49881144 kB
20220314 063041.039 INFO             PET0 PIOc_sync Enter - MemInfo: [/proc/meminfo - SSI]	MemAvailable:   49653476 kB
20220314 063041.039 INFO             PET0 PIOc_sync Enter - MemInfo: [/proc/meminfo - SSI]	Committed_AS:   12980324 kB
20220314 063041.039 INFO             PET0 PIOc_sync Enter - MemInfo: [/proc/meminfo - SSI]	CommittedPercent: 19.8152 %
20220314 063041.039 INFO             PET0 PIOc_sync Enter - MemInfo: [/proc/self/status]	VmPeak:	  532016 kB
20220314 063041.039 INFO             PET0 PIOc_sync Enter - MemInfo: [/proc/self/status]	VmSize:	  523828 kB
20220314 063041.039 INFO             PET0 PIOc_sync Enter - MemInfo: [/proc/self/status]	VmLck:	       0 kB
20220314 063041.039 INFO             PET0 PIOc_sync Enter - MemInfo: [/proc/self/status]	VmPin:	       0 kB
20220314 063041.039 INFO             PET0 PIOc_sync Enter - MemInfo: [/proc/self/status]	VmHWM:	   64796 kB
20220314 063041.039 INFO             PET0 PIOc_sync Enter - MemInfo: [/proc/self/status]	VmRSS:	   28628 kB
20220314 063041.039 INFO             PET0 PIOc_sync Enter - MemInfo: [/proc/self/status]	VmData:	   32240 kB
20220314 063041.039 INFO             PET0 PIOc_sync Enter - MemInfo: [/proc/self/status]	VmStk:	     148 kB
20220314 063041.039 INFO             PET0 PIOc_sync Enter - MemInfo: [/proc/self/status]	VmExe:	     216 kB
20220314 063041.039 INFO             PET0 PIOc_sync Enter - MemInfo: [/proc/self/status]	VmLib:	   49404 kB
20220314 063041.039 INFO             PET0 PIOc_sync Enter - MemInfo: [/proc/self/status]	VmPTE:	     756 kB
20220314 063041.039 INFO             PET0 PIOc_sync Enter - MemInfo: [/proc/self/status]	VmPMD:	      16 kB
20220314 063041.039 INFO             PET0 PIOc_sync Enter - MemInfo: [/proc/self/status]	VmSwap:	       0 kB
20220314 063041.039 INFO             PET0 PIOc_sync Enter - MemInfo: [/proc/self/status]	VmRSSPercent: 0.0437022 %
20220314 063041.039 INFO             PET0 PIOc_sync Enter - MemInfo: [malloc] Non-mmapped space allocated:                20676608 Byte
20220314 063041.039 INFO             PET0 PIOc_sync Enter - MemInfo: [malloc] Space allocated in mmapped regions:          1581056 Byte
20220314 063041.039 INFO             PET0 PIOc_sync Enter - MemInfo: [malloc] Maximum total allocated space:                     0 Byte
20220314 063041.039 INFO             PET0 PIOc_sync Enter - MemInfo: [malloc] Space in freed fastbin blocks:                   912 Byte
20220314 063041.039 INFO             PET0 PIOc_sync Enter - MemInfo: [malloc] Total allocated space:                      20364400 Byte
20220314 063041.039 INFO             PET0 PIOc_sync Enter - MemInfo: [malloc] Total free space:                             312208 Byte
20220314 063041.039 INFO             PET0 PIOc_sync Enter - MemInfo: [malloc] Top-most, releasable space:                   112416 Byte
20220314 063041.039 INFO             PET0 PIOc_sync Enter - MemInfo: [malloc] Total space in use, mmap + non-mmap:        21945456 Byte
20220314 063041.039 INFO             PET0 PIOc_sync Enter - MemInfo: [malloc] Total space held (mmap + non-mmap):         22257664 Byte
20220314 063041.039 INFO             PET0 PIOc_sync Enter - MemInfo: [malloc] Total space used (mmap + non-mmap):         21954848 Byte
20220314 063041.039 INFO             PET0 PIOc_sync Enter - MemInfo: Wall-clock time since execution start:              0.0255063 seconds
20220314 063041.039 INFO             PET0 PIOc_sync Exit - MemInfo: [/proc/meminfo - SSI]	MemTotal:       65507008 kB
20220314 063041.039 INFO             PET0 PIOc_sync Exit - MemInfo: [/proc/meminfo - SSI]	MemFree:        49881144 kB
20220314 063041.039 INFO             PET0 PIOc_sync Exit - MemInfo: [/proc/meminfo - SSI]	MemAvailable:   49653476 kB
20220314 063041.039 INFO             PET0 PIOc_sync Exit - MemInfo: [/proc/meminfo - SSI]	Committed_AS:   12980324 kB
20220314 063041.039 INFO             PET0 PIOc_sync Exit - MemInfo: [/proc/meminfo - SSI]	CommittedPercent: 19.8152 %
20220314 063041.039 INFO             PET0 PIOc_sync Exit - MemInfo: [/proc/self/status]	VmPeak:	  532016 kB
20220314 063041.039 INFO             PET0 PIOc_sync Exit - MemInfo: [/proc/self/status]	VmSize:	  523828 kB
20220314 063041.039 INFO             PET0 PIOc_sync Exit - MemInfo: [/proc/self/status]	VmLck:	       0 kB
20220314 063041.039 INFO             PET0 PIOc_sync Exit - MemInfo: [/proc/self/status]	VmPin:	       0 kB
20220314 063041.039 INFO             PET0 PIOc_sync Exit - MemInfo: [/proc/self/status]	VmHWM:	   64796 kB
20220314 063041.039 INFO             PET0 PIOc_sync Exit - MemInfo: [/proc/self/status]	VmRSS:	   28628 kB
20220314 063041.039 INFO             PET0 PIOc_sync Exit - MemInfo: [/proc/self/status]	VmData:	   32240 kB
20220314 063041.039 INFO             PET0 PIOc_sync Exit - MemInfo: [/proc/self/status]	VmStk:	     148 kB
20220314 063041.039 INFO             PET0 PIOc_sync Exit - MemInfo: [/proc/self/status]	VmExe:	     216 kB
20220314 063041.039 INFO             PET0 PIOc_sync Exit - MemInfo: [/proc/self/status]	VmLib:	   49404 kB
20220314 063041.039 INFO             PET0 PIOc_sync Exit - MemInfo: [/proc/self/status]	VmPTE:	     756 kB
20220314 063041.039 INFO             PET0 PIOc_sync Exit - MemInfo: [/proc/self/status]	VmPMD:	      16 kB
20220314 063041.039 INFO             PET0 PIOc_sync Exit - MemInfo: [/proc/self/status]	VmSwap:	       0 kB
20220314 063041.039 INFO             PET0 PIOc_sync Exit - MemInfo: [/proc/self/status]	VmRSSPercent: 0.0437022 %
20220314 063041.039 INFO             PET0 PIOc_sync Exit - MemInfo: [malloc] Non-mmapped space allocated:                20676608 Byte
20220314 063041.039 INFO             PET0 PIOc_sync Exit - MemInfo: [malloc] Space allocated in mmapped regions:          1581056 Byte
20220314 063041.039 INFO             PET0 PIOc_sync Exit - MemInfo: [malloc] Maximum total allocated space:                     0 Byte
20220314 063041.039 INFO             PET0 PIOc_sync Exit - MemInfo: [malloc] Space in freed fastbin blocks:                  2400 Byte
20220314 063041.039 INFO             PET0 PIOc_sync Exit - MemInfo: [malloc] Total allocated space:                      20369184 Byte
20220314 063041.039 INFO             PET0 PIOc_sync Exit - MemInfo: [malloc] Total free space:                             307424 Byte
20220314 063041.039 INFO             PET0 PIOc_sync Exit - MemInfo: [malloc] Top-most, releasable space:                   103216 Byte
20220314 063041.039 INFO             PET0 PIOc_sync Exit - MemInfo: [malloc] Total space in use, mmap + non-mmap:        21950240 Byte
20220314 063041.039 INFO             PET0 PIOc_sync Exit - MemInfo: [malloc] Total space held (mmap + non-mmap):         22257664 Byte
20220314 063041.039 INFO             PET0 PIOc_sync Exit - MemInfo: [malloc] Total space used (mmap + non-mmap):         21959632 Byte
20220314 063041.039 INFO             PET0 PIOc_sync Exit - MemInfo: Wall-clock time since execution start:              0.0257834 seconds
20220314 063041.040 INFO             PET0 PIOc_freedecomp Enter - MemInfo: [/proc/meminfo - SSI]	MemTotal:       65507008 kB
20220314 063041.040 INFO             PET0 PIOc_freedecomp Enter - MemInfo: [/proc/meminfo - SSI]	MemFree:        49881144 kB
20220314 063041.040 INFO             PET0 PIOc_freedecomp Enter - MemInfo: [/proc/meminfo - SSI]	MemAvailable:   49653476 kB
20220314 063041.040 INFO             PET0 PIOc_freedecomp Enter - MemInfo: [/proc/meminfo - SSI]	Committed_AS:   12980324 kB
20220314 063041.040 INFO             PET0 PIOc_freedecomp Enter - MemInfo: [/proc/meminfo - SSI]	CommittedPercent: 19.8152 %
20220314 063041.040 INFO             PET0 PIOc_freedecomp Enter - MemInfo: [/proc/self/status]	VmPeak:	  532016 kB
20220314 063041.040 INFO             PET0 PIOc_freedecomp Enter - MemInfo: [/proc/self/status]	VmSize:	  523828 kB
20220314 063041.040 INFO             PET0 PIOc_freedecomp Enter - MemInfo: [/proc/self/status]	VmLck:	       0 kB
20220314 063041.040 INFO             PET0 PIOc_freedecomp Enter - MemInfo: [/proc/self/status]	VmPin:	       0 kB
20220314 063041.040 INFO             PET0 PIOc_freedecomp Enter - MemInfo: [/proc/self/status]	VmHWM:	   64796 kB
20220314 063041.040 INFO             PET0 PIOc_freedecomp Enter - MemInfo: [/proc/self/status]	VmRSS:	   28628 kB
20220314 063041.040 INFO             PET0 PIOc_freedecomp Enter - MemInfo: [/proc/self/status]	VmData:	   32240 kB
20220314 063041.040 INFO             PET0 PIOc_freedecomp Enter - MemInfo: [/proc/self/status]	VmStk:	     148 kB
20220314 063041.040 INFO             PET0 PIOc_freedecomp Enter - MemInfo: [/proc/self/status]	VmExe:	     216 kB
20220314 063041.040 INFO             PET0 PIOc_freedecomp Enter - MemInfo: [/proc/self/status]	VmLib:	   49404 kB
20220314 063041.040 INFO             PET0 PIOc_freedecomp Enter - MemInfo: [/proc/self/status]	VmPTE:	     756 kB
20220314 063041.040 INFO             PET0 PIOc_freedecomp Enter - MemInfo: [/proc/self/status]	VmPMD:	      16 kB
20220314 063041.040 INFO             PET0 PIOc_freedecomp Enter - MemInfo: [/proc/self/status]	VmSwap:	       0 kB
20220314 063041.040 INFO             PET0 PIOc_freedecomp Enter - MemInfo: [/proc/self/status]	VmRSSPercent: 0.0437022 %
20220314 063041.040 INFO             PET0 PIOc_freedecomp Enter - MemInfo: [malloc] Non-mmapped space allocated:                20676608 Byte
20220314 063041.040 INFO             PET0 PIOc_freedecomp Enter - MemInfo: [malloc] Space allocated in mmapped regions:          1581056 Byte
20220314 063041.040 INFO             PET0 PIOc_freedecomp Enter - MemInfo: [malloc] Maximum total allocated space:                     0 Byte
20220314 063041.040 INFO             PET0 PIOc_freedecomp Enter - MemInfo: [malloc] Space in freed fastbin blocks:                  1808 Byte
20220314 063041.040 INFO             PET0 PIOc_freedecomp Enter - MemInfo: [malloc] Total allocated space:                       3052080 Byte
20220314 063041.040 INFO             PET0 PIOc_freedecomp Enter - MemInfo: [malloc] Total free space:                           17624528 Byte
20220314 063041.040 INFO             PET0 PIOc_freedecomp Enter - MemInfo: [malloc] Top-most, releasable space:                   107616 Byte
20220314 063041.040 INFO             PET0 PIOc_freedecomp Enter - MemInfo: [malloc] Total space in use, mmap + non-mmap:         4633136 Byte
20220314 063041.040 INFO             PET0 PIOc_freedecomp Enter - MemInfo: [malloc] Total space held (mmap + non-mmap):         22257664 Byte
20220314 063041.040 INFO             PET0 PIOc_freedecomp Enter - MemInfo: [malloc] Total space used (mmap + non-mmap):          4642512 Byte
20220314 063041.040 INFO             PET0 PIOc_freedecomp Enter - MemInfo: Wall-clock time since execution start:              0.0260353 seconds
20220314 063041.040 INFO             PET0 PIOc_freedecomp Exit - MemInfo: [/proc/meminfo - SSI]	MemTotal:       65507008 kB
20220314 063041.040 INFO             PET0 PIOc_freedecomp Exit - MemInfo: [/proc/meminfo - SSI]	MemFree:        49881144 kB
20220314 063041.040 INFO             PET0 PIOc_freedecomp Exit - MemInfo: [/proc/meminfo - SSI]	MemAvailable:   49653476 kB
20220314 063041.040 INFO             PET0 PIOc_freedecomp Exit - MemInfo: [/proc/meminfo - SSI]	Committed_AS:   12980324 kB
20220314 063041.040 INFO             PET0 PIOc_freedecomp Exit - MemInfo: [/proc/meminfo - SSI]	CommittedPercent: 19.8152 %
20220314 063041.040 INFO             PET0 PIOc_freedecomp Exit - MemInfo: [/proc/self/status]	VmPeak:	  532016 kB
20220314 063041.040 INFO             PET0 PIOc_freedecomp Exit - MemInfo: [/proc/self/status]	VmSize:	  523828 kB
20220314 063041.040 INFO             PET0 PIOc_freedecomp Exit - MemInfo: [/proc/self/status]	VmLck:	       0 kB
20220314 063041.040 INFO             PET0 PIOc_freedecomp Exit - MemInfo: [/proc/self/status]	VmPin:	       0 kB
20220314 063041.040 INFO             PET0 PIOc_freedecomp Exit - MemInfo: [/proc/self/status]	VmHWM:	   64796 kB
20220314 063041.040 INFO             PET0 PIOc_freedecomp Exit - MemInfo: [/proc/self/status]	VmRSS:	   28628 kB
20220314 063041.040 INFO             PET0 PIOc_freedecomp Exit - MemInfo: [/proc/self/status]	VmData:	   32240 kB
20220314 063041.040 INFO             PET0 PIOc_freedecomp Exit - MemInfo: [/proc/self/status]	VmStk:	     148 kB
20220314 063041.040 INFO             PET0 PIOc_freedecomp Exit - MemInfo: [/proc/self/status]	VmExe:	     216 kB
20220314 063041.040 INFO             PET0 PIOc_freedecomp Exit - MemInfo: [/proc/self/status]	VmLib:	   49404 kB
20220314 063041.040 INFO             PET0 PIOc_freedecomp Exit - MemInfo: [/proc/self/status]	VmPTE:	     756 kB
20220314 063041.040 INFO             PET0 PIOc_freedecomp Exit - MemInfo: [/proc/self/status]	VmPMD:	      16 kB
20220314 063041.040 INFO             PET0 PIOc_freedecomp Exit - MemInfo: [/proc/self/status]	VmSwap:	       0 kB
20220314 063041.040 INFO             PET0 PIOc_freedecomp Exit - MemInfo: [/proc/self/status]	VmRSSPercent: 0.0437022 %
20220314 063041.040 INFO             PET0 PIOc_freedecomp Exit - MemInfo: [malloc] Non-mmapped space allocated:                20676608 Byte
20220314 063041.040 INFO             PET0 PIOc_freedecomp Exit - MemInfo: [malloc] Space allocated in mmapped regions:          1581056 Byte
20220314 063041.040 INFO             PET0 PIOc_freedecomp Exit - MemInfo: [malloc] Maximum total allocated space:                     0 Byte
20220314 063041.040 INFO             PET0 PIOc_freedecomp Exit - MemInfo: [malloc] Space in freed fastbin blocks:                  1808 Byte
20220314 063041.040 INFO             PET0 PIOc_freedecomp Exit - MemInfo: [malloc] Total allocated space:                       3045296 Byte
20220314 063041.040 INFO             PET0 PIOc_freedecomp Exit - MemInfo: [malloc] Total free space:                           17631312 Byte
20220314 063041.040 INFO             PET0 PIOc_freedecomp Exit - MemInfo: [malloc] Top-most, releasable space:                   115312 Byte
20220314 063041.040 INFO             PET0 PIOc_freedecomp Exit - MemInfo: [malloc] Total space in use, mmap + non-mmap:         4626352 Byte
20220314 063041.040 INFO             PET0 PIOc_freedecomp Exit - MemInfo: [malloc] Total space held (mmap + non-mmap):         22257664 Byte
20220314 063041.040 INFO             PET0 PIOc_freedecomp Exit - MemInfo: [malloc] Total space used (mmap + non-mmap):          4635728 Byte
20220314 063041.040 INFO             PET0 PIOc_freedecomp Exit - MemInfo: Wall-clock time since execution start:              0.0262498 seconds
20220314 063041.047 INFO             PET0  NUMBER_OF_PROCESSORS           4
20220314 063041.047 INFO             PET0  PASS  Example ESMF_RHandleBitForBitEx, ESMF_RHandleBitForBitEx.F90, line 1557
20220314 063041.047 INFO             PET0 Finalizing ESMF
20220314 063041.015 INFO             PET1 !!!!!!!!!!!!!!!!!!!!!!!!!!!!!!!!!!!!!!!!!!!!!!!!!!!!!!
20220314 063041.015 INFO             PET1 !!! THE ESMF_LOG IS SET TO OUTPUT ALL LOG MESSAGES !!!
20220314 063041.015 INFO             PET1 !!!     THIS MAY CAUSE SLOWDOWN IN PERFORMANCE     !!!
20220314 063041.015 INFO             PET1 !!! FOR PRODUCTION RUNS, USE:                      !!!
20220314 063041.015 INFO             PET1 !!!                   ESMF_LOGKIND_Multi_On_Error  !!!
20220314 063041.015 INFO             PET1 !!!!!!!!!!!!!!!!!!!!!!!!!!!!!!!!!!!!!!!!!!!!!!!!!!!!!!
20220314 063041.015 INFO             PET1 Running with ESMF Version   : v8.3.0b09-96-g559b459836
20220314 063041.015 INFO             PET1 ESMF library build date/time: "Mar 14 2022" "05:59:48"
20220314 063041.015 INFO             PET1 ESMF library build location : /glade/scratch/rlong/esmf-testing/gfortran_9.1.0_openmpi_O_jedwards_pio_update2
20220314 063041.015 INFO             PET1 ESMF_COMM                   : openmpi
20220314 063041.015 INFO             PET1 ESMF_MOAB                   : enabled
20220314 063041.015 INFO             PET1 ESMF_LAPACK                 : enabled
20220314 063041.015 INFO             PET1 ESMF_NETCDF                 : enabled
20220314 063041.015 INFO             PET1 ESMF_PNETCDF                : disabled
20220314 063041.015 INFO             PET1 ESMF_PIO                    : enabled
20220314 063041.015 INFO             PET1 ESMF_YAMLCPP                : enabled
20220314 063041.028 INFO             PET1 PIOc_sync Enter - MemInfo: [/proc/meminfo - SSI]	MemTotal:       65507008 kB
20220314 063041.028 INFO             PET1 PIOc_sync Enter - MemInfo: [/proc/meminfo - SSI]	MemFree:        49873584 kB
20220314 063041.028 INFO             PET1 PIOc_sync Enter - MemInfo: [/proc/meminfo - SSI]	MemAvailable:   49645916 kB
20220314 063041.028 INFO             PET1 PIOc_sync Enter - MemInfo: [/proc/meminfo - SSI]	Committed_AS:   12980304 kB
20220314 063041.028 INFO             PET1 PIOc_sync Enter - MemInfo: [/proc/meminfo - SSI]	CommittedPercent: 19.8151 %
20220314 063041.028 INFO             PET1 PIOc_sync Enter - MemInfo: [/proc/self/status]	VmPeak:	  506828 kB
20220314 063041.028 INFO             PET1 PIOc_sync Enter - MemInfo: [/proc/self/status]	VmSize:	  506828 kB
20220314 063041.028 INFO             PET1 PIOc_sync Enter - MemInfo: [/proc/self/status]	VmLck:	       0 kB
20220314 063041.028 INFO             PET1 PIOc_sync Enter - MemInfo: [/proc/self/status]	VmPin:	       0 kB
20220314 063041.028 INFO             PET1 PIOc_sync Enter - MemInfo: [/proc/self/status]	VmHWM:	   64804 kB
20220314 063041.028 INFO             PET1 PIOc_sync Enter - MemInfo: [/proc/self/status]	VmRSS:	   18364 kB
20220314 063041.028 INFO             PET1 PIOc_sync Enter - MemInfo: [/proc/self/status]	VmData:	   15240 kB
20220314 063041.028 INFO             PET1 PIOc_sync Enter - MemInfo: [/proc/self/status]	VmStk:	     148 kB
20220314 063041.028 INFO             PET1 PIOc_sync Enter - MemInfo: [/proc/self/status]	VmExe:	     216 kB
20220314 063041.028 INFO             PET1 PIOc_sync Enter - MemInfo: [/proc/self/status]	VmLib:	   49404 kB
20220314 063041.028 INFO             PET1 PIOc_sync Enter - MemInfo: [/proc/self/status]	VmPTE:	     732 kB
20220314 063041.028 INFO             PET1 PIOc_sync Enter - MemInfo: [/proc/self/status]	VmPMD:	      12 kB
20220314 063041.028 INFO             PET1 PIOc_sync Enter - MemInfo: [/proc/self/status]	VmSwap:	       0 kB
20220314 063041.028 INFO             PET1 PIOc_sync Enter - MemInfo: [/proc/self/status]	VmRSSPercent: 0.0280336 %
20220314 063041.028 INFO             PET1 PIOc_sync Enter - MemInfo: [malloc] Non-mmapped space allocated:                 3268608 Byte
20220314 063041.028 INFO             PET1 PIOc_sync Enter - MemInfo: [malloc] Space allocated in mmapped regions:          1581056 Byte
20220314 063041.028 INFO             PET1 PIOc_sync Enter - MemInfo: [malloc] Maximum total allocated space:                     0 Byte
20220314 063041.028 INFO             PET1 PIOc_sync Enter - MemInfo: [malloc] Space in freed fastbin blocks:                  1168 Byte
20220314 063041.028 INFO             PET1 PIOc_sync Enter - MemInfo: [malloc] Total allocated space:                       2700912 Byte
20220314 063041.028 INFO             PET1 PIOc_sync Enter - MemInfo: [malloc] Total free space:                             567696 Byte
20220314 063041.028 INFO             PET1 PIOc_sync Enter - MemInfo: [malloc] Top-most, releasable space:                   135152 Byte
20220314 063041.028 INFO             PET1 PIOc_sync Enter - MemInfo: [malloc] Total space in use, mmap + non-mmap:         4281968 Byte
20220314 063041.028 INFO             PET1 PIOc_sync Enter - MemInfo: [malloc] Total space held (mmap + non-mmap):          4849664 Byte
20220314 063041.028 INFO             PET1 PIOc_sync Enter - MemInfo: [malloc] Total space used (mmap + non-mmap):          4291360 Byte
20220314 063041.028 INFO             PET1 PIOc_sync Enter - MemInfo: Wall-clock time since execution start:              0.0144199 seconds
20220314 063041.031 INFO             PET1 PIOc_sync Exit - MemInfo: [/proc/meminfo - SSI]	MemTotal:       65507008 kB
20220314 063041.031 INFO             PET1 PIOc_sync Exit - MemInfo: [/proc/meminfo - SSI]	MemFree:        49873584 kB
20220314 063041.031 INFO             PET1 PIOc_sync Exit - MemInfo: [/proc/meminfo - SSI]	MemAvailable:   49645916 kB
20220314 063041.031 INFO             PET1 PIOc_sync Exit - MemInfo: [/proc/meminfo - SSI]	Committed_AS:   12980304 kB
20220314 063041.031 INFO             PET1 PIOc_sync Exit - MemInfo: [/proc/meminfo - SSI]	CommittedPercent: 19.8151 %
20220314 063041.031 INFO             PET1 PIOc_sync Exit - MemInfo: [/proc/self/status]	VmPeak:	  506828 kB
20220314 063041.031 INFO             PET1 PIOc_sync Exit - MemInfo: [/proc/self/status]	VmSize:	  506828 kB
20220314 063041.031 INFO             PET1 PIOc_sync Exit - MemInfo: [/proc/self/status]	VmLck:	       0 kB
20220314 063041.031 INFO             PET1 PIOc_sync Exit - MemInfo: [/proc/self/status]	VmPin:	       0 kB
20220314 063041.031 INFO             PET1 PIOc_sync Exit - MemInfo: [/proc/self/status]	VmHWM:	   64804 kB
20220314 063041.031 INFO             PET1 PIOc_sync Exit - MemInfo: [/proc/self/status]	VmRSS:	   18448 kB
20220314 063041.031 INFO             PET1 PIOc_sync Exit - MemInfo: [/proc/self/status]	VmData:	   15240 kB
20220314 063041.031 INFO             PET1 PIOc_sync Exit - MemInfo: [/proc/self/status]	VmStk:	     148 kB
20220314 063041.031 INFO             PET1 PIOc_sync Exit - MemInfo: [/proc/self/status]	VmExe:	     216 kB
20220314 063041.031 INFO             PET1 PIOc_sync Exit - MemInfo: [/proc/self/status]	VmLib:	   49404 kB
20220314 063041.031 INFO             PET1 PIOc_sync Exit - MemInfo: [/proc/self/status]	VmPTE:	     732 kB
20220314 063041.031 INFO             PET1 PIOc_sync Exit - MemInfo: [/proc/self/status]	VmPMD:	      12 kB
20220314 063041.031 INFO             PET1 PIOc_sync Exit - MemInfo: [/proc/self/status]	VmSwap:	       0 kB
20220314 063041.031 INFO             PET1 PIOc_sync Exit - MemInfo: [/proc/self/status]	VmRSSPercent: 0.0281619 %
20220314 063041.031 INFO             PET1 PIOc_sync Exit - MemInfo: [malloc] Non-mmapped space allocated:                 3268608 Byte
20220314 063041.031 INFO             PET1 PIOc_sync Exit - MemInfo: [malloc] Space allocated in mmapped regions:          1581056 Byte
20220314 063041.031 INFO             PET1 PIOc_sync Exit - MemInfo: [malloc] Maximum total allocated space:                     0 Byte
20220314 063041.031 INFO             PET1 PIOc_sync Exit - MemInfo: [malloc] Space in freed fastbin blocks:                  2816 Byte
20220314 063041.031 INFO             PET1 PIOc_sync Exit - MemInfo: [malloc] Total allocated space:                       2700832 Byte
20220314 063041.031 INFO             PET1 PIOc_sync Exit - MemInfo: [malloc] Total free space:                             567776 Byte
20220314 063041.031 INFO             PET1 PIOc_sync Exit - MemInfo: [malloc] Top-most, releasable space:                   135152 Byte
20220314 063041.031 INFO             PET1 PIOc_sync Exit - MemInfo: [malloc] Total space in use, mmap + non-mmap:         4281888 Byte
20220314 063041.031 INFO             PET1 PIOc_sync Exit - MemInfo: [malloc] Total space held (mmap + non-mmap):          4849664 Byte
20220314 063041.031 INFO             PET1 PIOc_sync Exit - MemInfo: [malloc] Total space used (mmap + non-mmap):          4291280 Byte
20220314 063041.031 INFO             PET1 PIOc_sync Exit - MemInfo: Wall-clock time since execution start:               0.017197 seconds
20220314 063041.031 INFO             PET1 PIOc_freedecomp Enter - MemInfo: [/proc/meminfo - SSI]	MemTotal:       65507008 kB
20220314 063041.031 INFO             PET1 PIOc_freedecomp Enter - MemInfo: [/proc/meminfo - SSI]	MemFree:        49888704 kB
20220314 063041.031 INFO             PET1 PIOc_freedecomp Enter - MemInfo: [/proc/meminfo - SSI]	MemAvailable:   49661036 kB
20220314 063041.031 INFO             PET1 PIOc_freedecomp Enter - MemInfo: [/proc/meminfo - SSI]	Committed_AS:   12963916 kB
20220314 063041.031 INFO             PET1 PIOc_freedecomp Enter - MemInfo: [/proc/meminfo - SSI]	CommittedPercent: 19.7901 %
20220314 063041.032 INFO             PET1 PIOc_freedecomp Enter - MemInfo: [/proc/self/status]	VmPeak:	  506828 kB
20220314 063041.032 INFO             PET1 PIOc_freedecomp Enter - MemInfo: [/proc/self/status]	VmSize:	  506828 kB
20220314 063041.032 INFO             PET1 PIOc_freedecomp Enter - MemInfo: [/proc/self/status]	VmLck:	       0 kB
20220314 063041.032 INFO             PET1 PIOc_freedecomp Enter - MemInfo: [/proc/self/status]	VmPin:	       0 kB
20220314 063041.032 INFO             PET1 PIOc_freedecomp Enter - MemInfo: [/proc/self/status]	VmHWM:	   64804 kB
20220314 063041.032 INFO             PET1 PIOc_freedecomp Enter - MemInfo: [/proc/self/status]	VmRSS:	   18448 kB
20220314 063041.032 INFO             PET1 PIOc_freedecomp Enter - MemInfo: [/proc/self/status]	VmData:	   15240 kB
20220314 063041.032 INFO             PET1 PIOc_freedecomp Enter - MemInfo: [/proc/self/status]	VmStk:	     148 kB
20220314 063041.032 INFO             PET1 PIOc_freedecomp Enter - MemInfo: [/proc/self/status]	VmExe:	     216 kB
20220314 063041.032 INFO             PET1 PIOc_freedecomp Enter - MemInfo: [/proc/self/status]	VmLib:	   49404 kB
20220314 063041.032 INFO             PET1 PIOc_freedecomp Enter - MemInfo: [/proc/self/status]	VmPTE:	     732 kB
20220314 063041.032 INFO             PET1 PIOc_freedecomp Enter - MemInfo: [/proc/self/status]	VmPMD:	      12 kB
20220314 063041.032 INFO             PET1 PIOc_freedecomp Enter - MemInfo: [/proc/self/status]	VmSwap:	       0 kB
20220314 063041.032 INFO             PET1 PIOc_freedecomp Enter - MemInfo: [/proc/self/status]	VmRSSPercent: 0.0281619 %
20220314 063041.032 INFO             PET1 PIOc_freedecomp Enter - MemInfo: [malloc] Non-mmapped space allocated:                 3268608 Byte
20220314 063041.032 INFO             PET1 PIOc_freedecomp Enter - MemInfo: [malloc] Space allocated in mmapped regions:          1581056 Byte
20220314 063041.032 INFO             PET1 PIOc_freedecomp Enter - MemInfo: [malloc] Maximum total allocated space:                     0 Byte
20220314 063041.032 INFO             PET1 PIOc_freedecomp Enter - MemInfo: [malloc] Space in freed fastbin blocks:                  2528 Byte
20220314 063041.032 INFO             PET1 PIOc_freedecomp Enter - MemInfo: [malloc] Total allocated space:                       2699216 Byte
20220314 063041.032 INFO             PET1 PIOc_freedecomp Enter - MemInfo: [malloc] Total free space:                             569392 Byte
20220314 063041.032 INFO             PET1 PIOc_freedecomp Enter - MemInfo: [malloc] Top-most, releasable space:                   135152 Byte
20220314 063041.032 INFO             PET1 PIOc_freedecomp Enter - MemInfo: [malloc] Total space in use, mmap + non-mmap:         4280272 Byte
20220314 063041.032 INFO             PET1 PIOc_freedecomp Enter - MemInfo: [malloc] Total space held (mmap + non-mmap):          4849664 Byte
20220314 063041.032 INFO             PET1 PIOc_freedecomp Enter - MemInfo: [malloc] Total space used (mmap + non-mmap):          4289648 Byte
20220314 063041.032 INFO             PET1 PIOc_freedecomp Enter - MemInfo: Wall-clock time since execution start:              0.0181034 seconds
20220314 063041.032 INFO             PET1 PIOc_freedecomp Exit - MemInfo: [/proc/meminfo - SSI]	MemTotal:       65507008 kB
20220314 063041.032 INFO             PET1 PIOc_freedecomp Exit - MemInfo: [/proc/meminfo - SSI]	MemFree:        49888704 kB
20220314 063041.032 INFO             PET1 PIOc_freedecomp Exit - MemInfo: [/proc/meminfo - SSI]	MemAvailable:   49661036 kB
20220314 063041.032 INFO             PET1 PIOc_freedecomp Exit - MemInfo: [/proc/meminfo - SSI]	Committed_AS:   12963916 kB
20220314 063041.032 INFO             PET1 PIOc_freedecomp Exit - MemInfo: [/proc/meminfo - SSI]	CommittedPercent: 19.7901 %
20220314 063041.032 INFO             PET1 PIOc_freedecomp Exit - MemInfo: [/proc/self/status]	VmPeak:	  506828 kB
20220314 063041.032 INFO             PET1 PIOc_freedecomp Exit - MemInfo: [/proc/self/status]	VmSize:	  506828 kB
20220314 063041.032 INFO             PET1 PIOc_freedecomp Exit - MemInfo: [/proc/self/status]	VmLck:	       0 kB
20220314 063041.032 INFO             PET1 PIOc_freedecomp Exit - MemInfo: [/proc/self/status]	VmPin:	       0 kB
20220314 063041.032 INFO             PET1 PIOc_freedecomp Exit - MemInfo: [/proc/self/status]	VmHWM:	   64804 kB
20220314 063041.032 INFO             PET1 PIOc_freedecomp Exit - MemInfo: [/proc/self/status]	VmRSS:	   18452 kB
20220314 063041.032 INFO             PET1 PIOc_freedecomp Exit - MemInfo: [/proc/self/status]	VmData:	   15240 kB
20220314 063041.032 INFO             PET1 PIOc_freedecomp Exit - MemInfo: [/proc/self/status]	VmStk:	     148 kB
20220314 063041.032 INFO             PET1 PIOc_freedecomp Exit - MemInfo: [/proc/self/status]	VmExe:	     216 kB
20220314 063041.032 INFO             PET1 PIOc_freedecomp Exit - MemInfo: [/proc/self/status]	VmLib:	   49404 kB
20220314 063041.032 INFO             PET1 PIOc_freedecomp Exit - MemInfo: [/proc/self/status]	VmPTE:	     732 kB
20220314 063041.032 INFO             PET1 PIOc_freedecomp Exit - MemInfo: [/proc/self/status]	VmPMD:	      12 kB
20220314 063041.032 INFO             PET1 PIOc_freedecomp Exit - MemInfo: [/proc/self/status]	VmSwap:	       0 kB
20220314 063041.032 INFO             PET1 PIOc_freedecomp Exit - MemInfo: [/proc/self/status]	VmRSSPercent: 0.028168 %
20220314 063041.032 INFO             PET1 PIOc_freedecomp Exit - MemInfo: [malloc] Non-mmapped space allocated:                 3268608 Byte
20220314 063041.032 INFO             PET1 PIOc_freedecomp Exit - MemInfo: [malloc] Space allocated in mmapped regions:          1581056 Byte
20220314 063041.032 INFO             PET1 PIOc_freedecomp Exit - MemInfo: [malloc] Maximum total allocated space:                     0 Byte
20220314 063041.032 INFO             PET1 PIOc_freedecomp Exit - MemInfo: [malloc] Space in freed fastbin blocks:                  3120 Byte
20220314 063041.032 INFO             PET1 PIOc_freedecomp Exit - MemInfo: [malloc] Total allocated space:                       2697248 Byte
20220314 063041.032 INFO             PET1 PIOc_freedecomp Exit - MemInfo: [malloc] Total free space:                             571360 Byte
20220314 063041.032 INFO             PET1 PIOc_freedecomp Exit - MemInfo: [malloc] Top-most, releasable space:                   135152 Byte
20220314 063041.032 INFO             PET1 PIOc_freedecomp Exit - MemInfo: [malloc] Total space in use, mmap + non-mmap:         4278304 Byte
20220314 063041.032 INFO             PET1 PIOc_freedecomp Exit - MemInfo: [malloc] Total space held (mmap + non-mmap):          4849664 Byte
20220314 063041.032 INFO             PET1 PIOc_freedecomp Exit - MemInfo: [malloc] Total space used (mmap + non-mmap):          4287680 Byte
20220314 063041.032 INFO             PET1 PIOc_freedecomp Exit - MemInfo: Wall-clock time since execution start:              0.0183408 seconds
20220314 063041.035 INFO             PET1 PIOc_sync Enter - MemInfo: [/proc/meminfo - SSI]	MemTotal:       65507008 kB
20220314 063041.035 INFO             PET1 PIOc_sync Enter - MemInfo: [/proc/meminfo - SSI]	MemFree:        49881648 kB
20220314 063041.035 INFO             PET1 PIOc_sync Enter - MemInfo: [/proc/meminfo - SSI]	MemAvailable:   49653980 kB
20220314 063041.035 INFO             PET1 PIOc_sync Enter - MemInfo: [/proc/meminfo - SSI]	Committed_AS:   12980324 kB
20220314 063041.035 INFO             PET1 PIOc_sync Enter - MemInfo: [/proc/meminfo - SSI]	CommittedPercent: 19.8152 %
20220314 063041.035 INFO             PET1 PIOc_sync Enter - MemInfo: [/proc/self/status]	VmPeak:	  506828 kB
20220314 063041.035 INFO             PET1 PIOc_sync Enter - MemInfo: [/proc/self/status]	VmSize:	  506828 kB
20220314 063041.035 INFO             PET1 PIOc_sync Enter - MemInfo: [/proc/self/status]	VmLck:	       0 kB
20220314 063041.035 INFO             PET1 PIOc_sync Enter - MemInfo: [/proc/self/status]	VmPin:	       0 kB
20220314 063041.035 INFO             PET1 PIOc_sync Enter - MemInfo: [/proc/self/status]	VmHWM:	   64804 kB
20220314 063041.035 INFO             PET1 PIOc_sync Enter - MemInfo: [/proc/self/status]	VmRSS:	   18480 kB
20220314 063041.035 INFO             PET1 PIOc_sync Enter - MemInfo: [/proc/self/status]	VmData:	   15240 kB
20220314 063041.035 INFO             PET1 PIOc_sync Enter - MemInfo: [/proc/self/status]	VmStk:	     148 kB
20220314 063041.035 INFO             PET1 PIOc_sync Enter - MemInfo: [/proc/self/status]	VmExe:	     216 kB
20220314 063041.035 INFO             PET1 PIOc_sync Enter - MemInfo: [/proc/self/status]	VmLib:	   49404 kB
20220314 063041.035 INFO             PET1 PIOc_sync Enter - MemInfo: [/proc/self/status]	VmPTE:	     732 kB
20220314 063041.035 INFO             PET1 PIOc_sync Enter - MemInfo: [/proc/self/status]	VmPMD:	      12 kB
20220314 063041.035 INFO             PET1 PIOc_sync Enter - MemInfo: [/proc/self/status]	VmSwap:	       0 kB
20220314 063041.035 INFO             PET1 PIOc_sync Enter - MemInfo: [/proc/self/status]	VmRSSPercent: 0.0282107 %
20220314 063041.035 INFO             PET1 PIOc_sync Enter - MemInfo: [malloc] Non-mmapped space allocated:                 3268608 Byte
20220314 063041.035 INFO             PET1 PIOc_sync Enter - MemInfo: [malloc] Space allocated in mmapped regions:          1581056 Byte
20220314 063041.035 INFO             PET1 PIOc_sync Enter - MemInfo: [malloc] Maximum total allocated space:                     0 Byte
20220314 063041.035 INFO             PET1 PIOc_sync Enter - MemInfo: [malloc] Space in freed fastbin blocks:                  1168 Byte
20220314 063041.035 INFO             PET1 PIOc_sync Enter - MemInfo: [malloc] Total allocated space:                       2758624 Byte
20220314 063041.035 INFO             PET1 PIOc_sync Enter - MemInfo: [malloc] Total free space:                             509984 Byte
20220314 063041.035 INFO             PET1 PIOc_sync Enter - MemInfo: [malloc] Top-most, releasable space:                   135152 Byte
20220314 063041.035 INFO             PET1 PIOc_sync Enter - MemInfo: [malloc] Total space in use, mmap + non-mmap:         4339680 Byte
20220314 063041.035 INFO             PET1 PIOc_sync Enter - MemInfo: [malloc] Total space held (mmap + non-mmap):          4849664 Byte
20220314 063041.035 INFO             PET1 PIOc_sync Enter - MemInfo: [malloc] Total space used (mmap + non-mmap):          4349072 Byte
20220314 063041.035 INFO             PET1 PIOc_sync Enter - MemInfo: Wall-clock time since execution start:               0.021919 seconds
20220314 063041.036 INFO             PET1 PIOc_sync Exit - MemInfo: [/proc/meminfo - SSI]	MemTotal:       65507008 kB
20220314 063041.036 INFO             PET1 PIOc_sync Exit - MemInfo: [/proc/meminfo - SSI]	MemFree:        49881648 kB
20220314 063041.036 INFO             PET1 PIOc_sync Exit - MemInfo: [/proc/meminfo - SSI]	MemAvailable:   49653980 kB
20220314 063041.036 INFO             PET1 PIOc_sync Exit - MemInfo: [/proc/meminfo - SSI]	Committed_AS:   12980324 kB
20220314 063041.036 INFO             PET1 PIOc_sync Exit - MemInfo: [/proc/meminfo - SSI]	CommittedPercent: 19.8152 %
20220314 063041.036 INFO             PET1 PIOc_sync Exit - MemInfo: [/proc/self/status]	VmPeak:	  506828 kB
20220314 063041.036 INFO             PET1 PIOc_sync Exit - MemInfo: [/proc/self/status]	VmSize:	  506828 kB
20220314 063041.036 INFO             PET1 PIOc_sync Exit - MemInfo: [/proc/self/status]	VmLck:	       0 kB
20220314 063041.036 INFO             PET1 PIOc_sync Exit - MemInfo: [/proc/self/status]	VmPin:	       0 kB
20220314 063041.036 INFO             PET1 PIOc_sync Exit - MemInfo: [/proc/self/status]	VmHWM:	   64804 kB
20220314 063041.036 INFO             PET1 PIOc_sync Exit - MemInfo: [/proc/self/status]	VmRSS:	   18492 kB
20220314 063041.036 INFO             PET1 PIOc_sync Exit - MemInfo: [/proc/self/status]	VmData:	   15240 kB
20220314 063041.036 INFO             PET1 PIOc_sync Exit - MemInfo: [/proc/self/status]	VmStk:	     148 kB
20220314 063041.036 INFO             PET1 PIOc_sync Exit - MemInfo: [/proc/self/status]	VmExe:	     216 kB
20220314 063041.036 INFO             PET1 PIOc_sync Exit - MemInfo: [/proc/self/status]	VmLib:	   49404 kB
20220314 063041.036 INFO             PET1 PIOc_sync Exit - MemInfo: [/proc/self/status]	VmPTE:	     732 kB
20220314 063041.036 INFO             PET1 PIOc_sync Exit - MemInfo: [/proc/self/status]	VmPMD:	      12 kB
20220314 063041.036 INFO             PET1 PIOc_sync Exit - MemInfo: [/proc/self/status]	VmSwap:	       0 kB
20220314 063041.036 INFO             PET1 PIOc_sync Exit - MemInfo: [/proc/self/status]	VmRSSPercent: 0.028229 %
20220314 063041.036 INFO             PET1 PIOc_sync Exit - MemInfo: [malloc] Non-mmapped space allocated:                 3268608 Byte
20220314 063041.036 INFO             PET1 PIOc_sync Exit - MemInfo: [malloc] Space allocated in mmapped regions:          1581056 Byte
20220314 063041.036 INFO             PET1 PIOc_sync Exit - MemInfo: [malloc] Maximum total allocated space:                     0 Byte
20220314 063041.036 INFO             PET1 PIOc_sync Exit - MemInfo: [malloc] Space in freed fastbin blocks:                  2704 Byte
20220314 063041.036 INFO             PET1 PIOc_sync Exit - MemInfo: [malloc] Total allocated space:                       2758544 Byte
20220314 063041.036 INFO             PET1 PIOc_sync Exit - MemInfo: [malloc] Total free space:                             510064 Byte
20220314 063041.036 INFO             PET1 PIOc_sync Exit - MemInfo: [malloc] Top-most, releasable space:                   135152 Byte
20220314 063041.036 INFO             PET1 PIOc_sync Exit - MemInfo: [malloc] Total space in use, mmap + non-mmap:         4339600 Byte
20220314 063041.036 INFO             PET1 PIOc_sync Exit - MemInfo: [malloc] Total space held (mmap + non-mmap):          4849664 Byte
20220314 063041.036 INFO             PET1 PIOc_sync Exit - MemInfo: [malloc] Total space used (mmap + non-mmap):          4348992 Byte
20220314 063041.036 INFO             PET1 PIOc_sync Exit - MemInfo: Wall-clock time since execution start:              0.0221919 seconds
20220314 063041.036 INFO             PET1 PIOc_freedecomp Enter - MemInfo: [/proc/meminfo - SSI]	MemTotal:       65507008 kB
20220314 063041.036 INFO             PET1 PIOc_freedecomp Enter - MemInfo: [/proc/meminfo - SSI]	MemFree:        49881648 kB
20220314 063041.036 INFO             PET1 PIOc_freedecomp Enter - MemInfo: [/proc/meminfo - SSI]	MemAvailable:   49653980 kB
20220314 063041.036 INFO             PET1 PIOc_freedecomp Enter - MemInfo: [/proc/meminfo - SSI]	Committed_AS:   12980324 kB
20220314 063041.036 INFO             PET1 PIOc_freedecomp Enter - MemInfo: [/proc/meminfo - SSI]	CommittedPercent: 19.8152 %
20220314 063041.036 INFO             PET1 PIOc_freedecomp Enter - MemInfo: [/proc/self/status]	VmPeak:	  506828 kB
20220314 063041.036 INFO             PET1 PIOc_freedecomp Enter - MemInfo: [/proc/self/status]	VmSize:	  506828 kB
20220314 063041.036 INFO             PET1 PIOc_freedecomp Enter - MemInfo: [/proc/self/status]	VmLck:	       0 kB
20220314 063041.036 INFO             PET1 PIOc_freedecomp Enter - MemInfo: [/proc/self/status]	VmPin:	       0 kB
20220314 063041.036 INFO             PET1 PIOc_freedecomp Enter - MemInfo: [/proc/self/status]	VmHWM:	   64804 kB
20220314 063041.036 INFO             PET1 PIOc_freedecomp Enter - MemInfo: [/proc/self/status]	VmRSS:	   18492 kB
20220314 063041.036 INFO             PET1 PIOc_freedecomp Enter - MemInfo: [/proc/self/status]	VmData:	   15240 kB
20220314 063041.036 INFO             PET1 PIOc_freedecomp Enter - MemInfo: [/proc/self/status]	VmStk:	     148 kB
20220314 063041.036 INFO             PET1 PIOc_freedecomp Enter - MemInfo: [/proc/self/status]	VmExe:	     216 kB
20220314 063041.036 INFO             PET1 PIOc_freedecomp Enter - MemInfo: [/proc/self/status]	VmLib:	   49404 kB
20220314 063041.036 INFO             PET1 PIOc_freedecomp Enter - MemInfo: [/proc/self/status]	VmPTE:	     732 kB
20220314 063041.036 INFO             PET1 PIOc_freedecomp Enter - MemInfo: [/proc/self/status]	VmPMD:	      12 kB
20220314 063041.036 INFO             PET1 PIOc_freedecomp Enter - MemInfo: [/proc/self/status]	VmSwap:	       0 kB
20220314 063041.036 INFO             PET1 PIOc_freedecomp Enter - MemInfo: [/proc/self/status]	VmRSSPercent: 0.028229 %
20220314 063041.036 INFO             PET1 PIOc_freedecomp Enter - MemInfo: [malloc] Non-mmapped space allocated:                 3268608 Byte
20220314 063041.036 INFO             PET1 PIOc_freedecomp Enter - MemInfo: [malloc] Space allocated in mmapped regions:          1581056 Byte
20220314 063041.036 INFO             PET1 PIOc_freedecomp Enter - MemInfo: [malloc] Maximum total allocated space:                     0 Byte
20220314 063041.036 INFO             PET1 PIOc_freedecomp Enter - MemInfo: [malloc] Space in freed fastbin blocks:                  2560 Byte
20220314 063041.036 INFO             PET1 PIOc_freedecomp Enter - MemInfo: [malloc] Total allocated space:                       2756784 Byte
20220314 063041.036 INFO             PET1 PIOc_freedecomp Enter - MemInfo: [malloc] Total free space:                             511824 Byte
20220314 063041.036 INFO             PET1 PIOc_freedecomp Enter - MemInfo: [malloc] Top-most, releasable space:                   135152 Byte
20220314 063041.036 INFO             PET1 PIOc_freedecomp Enter - MemInfo: [malloc] Total space in use, mmap + non-mmap:         4337840 Byte
20220314 063041.036 INFO             PET1 PIOc_freedecomp Enter - MemInfo: [malloc] Total space held (mmap + non-mmap):          4849664 Byte
20220314 063041.036 INFO             PET1 PIOc_freedecomp Enter - MemInfo: [malloc] Total space used (mmap + non-mmap):          4347216 Byte
20220314 063041.036 INFO             PET1 PIOc_freedecomp Enter - MemInfo: Wall-clock time since execution start:              0.0224474 seconds
20220314 063041.036 INFO             PET1 PIOc_freedecomp Exit - MemInfo: [/proc/meminfo - SSI]	MemTotal:       65507008 kB
20220314 063041.036 INFO             PET1 PIOc_freedecomp Exit - MemInfo: [/proc/meminfo - SSI]	MemFree:        49881648 kB
20220314 063041.036 INFO             PET1 PIOc_freedecomp Exit - MemInfo: [/proc/meminfo - SSI]	MemAvailable:   49653980 kB
20220314 063041.036 INFO             PET1 PIOc_freedecomp Exit - MemInfo: [/proc/meminfo - SSI]	Committed_AS:   12980324 kB
20220314 063041.036 INFO             PET1 PIOc_freedecomp Exit - MemInfo: [/proc/meminfo - SSI]	CommittedPercent: 19.8152 %
20220314 063041.036 INFO             PET1 PIOc_freedecomp Exit - MemInfo: [/proc/self/status]	VmPeak:	  506828 kB
20220314 063041.036 INFO             PET1 PIOc_freedecomp Exit - MemInfo: [/proc/self/status]	VmSize:	  506828 kB
20220314 063041.036 INFO             PET1 PIOc_freedecomp Exit - MemInfo: [/proc/self/status]	VmLck:	       0 kB
20220314 063041.036 INFO             PET1 PIOc_freedecomp Exit - MemInfo: [/proc/self/status]	VmPin:	       0 kB
20220314 063041.036 INFO             PET1 PIOc_freedecomp Exit - MemInfo: [/proc/self/status]	VmHWM:	   64804 kB
20220314 063041.036 INFO             PET1 PIOc_freedecomp Exit - MemInfo: [/proc/self/status]	VmRSS:	   18492 kB
20220314 063041.036 INFO             PET1 PIOc_freedecomp Exit - MemInfo: [/proc/self/status]	VmData:	   15240 kB
20220314 063041.036 INFO             PET1 PIOc_freedecomp Exit - MemInfo: [/proc/self/status]	VmStk:	     148 kB
20220314 063041.036 INFO             PET1 PIOc_freedecomp Exit - MemInfo: [/proc/self/status]	VmExe:	     216 kB
20220314 063041.036 INFO             PET1 PIOc_freedecomp Exit - MemInfo: [/proc/self/status]	VmLib:	   49404 kB
20220314 063041.036 INFO             PET1 PIOc_freedecomp Exit - MemInfo: [/proc/self/status]	VmPTE:	     732 kB
20220314 063041.036 INFO             PET1 PIOc_freedecomp Exit - MemInfo: [/proc/self/status]	VmPMD:	      12 kB
20220314 063041.036 INFO             PET1 PIOc_freedecomp Exit - MemInfo: [/proc/self/status]	VmSwap:	       0 kB
20220314 063041.036 INFO             PET1 PIOc_freedecomp Exit - MemInfo: [/proc/self/status]	VmRSSPercent: 0.028229 %
20220314 063041.036 INFO             PET1 PIOc_freedecomp Exit - MemInfo: [malloc] Non-mmapped space allocated:                 3268608 Byte
20220314 063041.036 INFO             PET1 PIOc_freedecomp Exit - MemInfo: [malloc] Space allocated in mmapped regions:          1581056 Byte
20220314 063041.036 INFO             PET1 PIOc_freedecomp Exit - MemInfo: [malloc] Maximum total allocated space:                     0 Byte
20220314 063041.036 INFO             PET1 PIOc_freedecomp Exit - MemInfo: [malloc] Space in freed fastbin blocks:                  3008 Byte
20220314 063041.036 INFO             PET1 PIOc_freedecomp Exit - MemInfo: [malloc] Total allocated space:                       2754816 Byte
20220314 063041.036 INFO             PET1 PIOc_freedecomp Exit - MemInfo: [malloc] Total free space:                             513792 Byte
20220314 063041.036 INFO             PET1 PIOc_freedecomp Exit - MemInfo: [malloc] Top-most, releasable space:                   135152 Byte
20220314 063041.036 INFO             PET1 PIOc_freedecomp Exit - MemInfo: [malloc] Total space in use, mmap + non-mmap:         4335872 Byte
20220314 063041.036 INFO             PET1 PIOc_freedecomp Exit - MemInfo: [malloc] Total space held (mmap + non-mmap):          4849664 Byte
20220314 063041.036 INFO             PET1 PIOc_freedecomp Exit - MemInfo: [malloc] Total space used (mmap + non-mmap):          4345248 Byte
20220314 063041.036 INFO             PET1 PIOc_freedecomp Exit - MemInfo: Wall-clock time since execution start:              0.0226564 seconds
20220314 063041.037 INFO             PET1 PIOc_sync Enter - MemInfo: [/proc/meminfo - SSI]	MemTotal:       65507008 kB
20220314 063041.037 INFO             PET1 PIOc_sync Enter - MemInfo: [/proc/meminfo - SSI]	MemFree:        49881144 kB
20220314 063041.037 INFO             PET1 PIOc_sync Enter - MemInfo: [/proc/meminfo - SSI]	MemAvailable:   49653476 kB
20220314 063041.037 INFO             PET1 PIOc_sync Enter - MemInfo: [/proc/meminfo - SSI]	Committed_AS:   12980324 kB
20220314 063041.037 INFO             PET1 PIOc_sync Enter - MemInfo: [/proc/meminfo - SSI]	CommittedPercent: 19.8152 %
20220314 063041.037 INFO             PET1 PIOc_sync Enter - MemInfo: [/proc/self/status]	VmPeak:	  506828 kB
20220314 063041.037 INFO             PET1 PIOc_sync Enter - MemInfo: [/proc/self/status]	VmSize:	  506828 kB
20220314 063041.037 INFO             PET1 PIOc_sync Enter - MemInfo: [/proc/self/status]	VmLck:	       0 kB
20220314 063041.037 INFO             PET1 PIOc_sync Enter - MemInfo: [/proc/self/status]	VmPin:	       0 kB
20220314 063041.037 INFO             PET1 PIOc_sync Enter - MemInfo: [/proc/self/status]	VmHWM:	   64804 kB
20220314 063041.037 INFO             PET1 PIOc_sync Enter - MemInfo: [/proc/self/status]	VmRSS:	   18492 kB
20220314 063041.037 INFO             PET1 PIOc_sync Enter - MemInfo: [/proc/self/status]	VmData:	   15240 kB
20220314 063041.037 INFO             PET1 PIOc_sync Enter - MemInfo: [/proc/self/status]	VmStk:	     148 kB
20220314 063041.037 INFO             PET1 PIOc_sync Enter - MemInfo: [/proc/self/status]	VmExe:	     216 kB
20220314 063041.037 INFO             PET1 PIOc_sync Enter - MemInfo: [/proc/self/status]	VmLib:	   49404 kB
20220314 063041.037 INFO             PET1 PIOc_sync Enter - MemInfo: [/proc/self/status]	VmPTE:	     732 kB
20220314 063041.037 INFO             PET1 PIOc_sync Enter - MemInfo: [/proc/self/status]	VmPMD:	      12 kB
20220314 063041.037 INFO             PET1 PIOc_sync Enter - MemInfo: [/proc/self/status]	VmSwap:	       0 kB
20220314 063041.037 INFO             PET1 PIOc_sync Enter - MemInfo: [/proc/self/status]	VmRSSPercent: 0.028229 %
20220314 063041.037 INFO             PET1 PIOc_sync Enter - MemInfo: [malloc] Non-mmapped space allocated:                 3268608 Byte
20220314 063041.037 INFO             PET1 PIOc_sync Enter - MemInfo: [malloc] Space allocated in mmapped regions:          1581056 Byte
20220314 063041.037 INFO             PET1 PIOc_sync Enter - MemInfo: [malloc] Maximum total allocated space:                     0 Byte
20220314 063041.037 INFO             PET1 PIOc_sync Enter - MemInfo: [malloc] Space in freed fastbin blocks:                  1376 Byte
20220314 063041.037 INFO             PET1 PIOc_sync Enter - MemInfo: [malloc] Total allocated space:                       2758800 Byte
20220314 063041.037 INFO             PET1 PIOc_sync Enter - MemInfo: [malloc] Total free space:                             509808 Byte
20220314 063041.037 INFO             PET1 PIOc_sync Enter - MemInfo: [malloc] Top-most, releasable space:                   135152 Byte
20220314 063041.037 INFO             PET1 PIOc_sync Enter - MemInfo: [malloc] Total space in use, mmap + non-mmap:         4339856 Byte
20220314 063041.037 INFO             PET1 PIOc_sync Enter - MemInfo: [malloc] Total space held (mmap + non-mmap):          4849664 Byte
20220314 063041.037 INFO             PET1 PIOc_sync Enter - MemInfo: [malloc] Total space used (mmap + non-mmap):          4349248 Byte
20220314 063041.037 INFO             PET1 PIOc_sync Enter - MemInfo: Wall-clock time since execution start:               0.023807 seconds
20220314 063041.037 INFO             PET1 PIOc_sync Exit - MemInfo: [/proc/meminfo - SSI]	MemTotal:       65507008 kB
20220314 063041.037 INFO             PET1 PIOc_sync Exit - MemInfo: [/proc/meminfo - SSI]	MemFree:        49881144 kB
20220314 063041.037 INFO             PET1 PIOc_sync Exit - MemInfo: [/proc/meminfo - SSI]	MemAvailable:   49653476 kB
20220314 063041.037 INFO             PET1 PIOc_sync Exit - MemInfo: [/proc/meminfo - SSI]	Committed_AS:   12980324 kB
20220314 063041.037 INFO             PET1 PIOc_sync Exit - MemInfo: [/proc/meminfo - SSI]	CommittedPercent: 19.8152 %
20220314 063041.037 INFO             PET1 PIOc_sync Exit - MemInfo: [/proc/self/status]	VmPeak:	  506828 kB
20220314 063041.037 INFO             PET1 PIOc_sync Exit - MemInfo: [/proc/self/status]	VmSize:	  506828 kB
20220314 063041.037 INFO             PET1 PIOc_sync Exit - MemInfo: [/proc/self/status]	VmLck:	       0 kB
20220314 063041.037 INFO             PET1 PIOc_sync Exit - MemInfo: [/proc/self/status]	VmPin:	       0 kB
20220314 063041.037 INFO             PET1 PIOc_sync Exit - MemInfo: [/proc/self/status]	VmHWM:	   64804 kB
20220314 063041.038 INFO             PET1 PIOc_sync Exit - MemInfo: [/proc/self/status]	VmRSS:	   18492 kB
20220314 063041.038 INFO             PET1 PIOc_sync Exit - MemInfo: [/proc/self/status]	VmData:	   15240 kB
20220314 063041.038 INFO             PET1 PIOc_sync Exit - MemInfo: [/proc/self/status]	VmStk:	     148 kB
20220314 063041.038 INFO             PET1 PIOc_sync Exit - MemInfo: [/proc/self/status]	VmExe:	     216 kB
20220314 063041.038 INFO             PET1 PIOc_sync Exit - MemInfo: [/proc/self/status]	VmLib:	   49404 kB
20220314 063041.038 INFO             PET1 PIOc_sync Exit - MemInfo: [/proc/self/status]	VmPTE:	     732 kB
20220314 063041.038 INFO             PET1 PIOc_sync Exit - MemInfo: [/proc/self/status]	VmPMD:	      12 kB
20220314 063041.038 INFO             PET1 PIOc_sync Exit - MemInfo: [/proc/self/status]	VmSwap:	       0 kB
20220314 063041.038 INFO             PET1 PIOc_sync Exit - MemInfo: [/proc/self/status]	VmRSSPercent: 0.028229 %
20220314 063041.038 INFO             PET1 PIOc_sync Exit - MemInfo: [malloc] Non-mmapped space allocated:                 3268608 Byte
20220314 063041.038 INFO             PET1 PIOc_sync Exit - MemInfo: [malloc] Space allocated in mmapped regions:          1581056 Byte
20220314 063041.038 INFO             PET1 PIOc_sync Exit - MemInfo: [malloc] Maximum total allocated space:                     0 Byte
20220314 063041.038 INFO             PET1 PIOc_sync Exit - MemInfo: [malloc] Space in freed fastbin blocks:                  2880 Byte
20220314 063041.038 INFO             PET1 PIOc_sync Exit - MemInfo: [malloc] Total allocated space:                       2758720 Byte
20220314 063041.038 INFO             PET1 PIOc_sync Exit - MemInfo: [malloc] Total free space:                             509888 Byte
20220314 063041.038 INFO             PET1 PIOc_sync Exit - MemInfo: [malloc] Top-most, releasable space:                   135152 Byte
20220314 063041.038 INFO             PET1 PIOc_sync Exit - MemInfo: [malloc] Total space in use, mmap + non-mmap:         4339776 Byte
20220314 063041.038 INFO             PET1 PIOc_sync Exit - MemInfo: [malloc] Total space held (mmap + non-mmap):          4849664 Byte
20220314 063041.038 INFO             PET1 PIOc_sync Exit - MemInfo: [malloc] Total space used (mmap + non-mmap):          4349168 Byte
20220314 063041.038 INFO             PET1 PIOc_sync Exit - MemInfo: Wall-clock time since execution start:              0.0240843 seconds
20220314 063041.038 INFO             PET1 PIOc_freedecomp Enter - MemInfo: [/proc/meminfo - SSI]	MemTotal:       65507008 kB
20220314 063041.038 INFO             PET1 PIOc_freedecomp Enter - MemInfo: [/proc/meminfo - SSI]	MemFree:        49881144 kB
20220314 063041.038 INFO             PET1 PIOc_freedecomp Enter - MemInfo: [/proc/meminfo - SSI]	MemAvailable:   49653476 kB
20220314 063041.038 INFO             PET1 PIOc_freedecomp Enter - MemInfo: [/proc/meminfo - SSI]	Committed_AS:   12980324 kB
20220314 063041.038 INFO             PET1 PIOc_freedecomp Enter - MemInfo: [/proc/meminfo - SSI]	CommittedPercent: 19.8152 %
20220314 063041.038 INFO             PET1 PIOc_freedecomp Enter - MemInfo: [/proc/self/status]	VmPeak:	  506828 kB
20220314 063041.038 INFO             PET1 PIOc_freedecomp Enter - MemInfo: [/proc/self/status]	VmSize:	  506828 kB
