build time -- 2022-03-13 06:01:57.957279
20220313 063049.657 INFO             PET0 !!!!!!!!!!!!!!!!!!!!!!!!!!!!!!!!!!!!!!!!!!!!!!!!!!!!!!
20220313 063049.657 INFO             PET0 !!! THE ESMF_LOG IS SET TO OUTPUT ALL LOG MESSAGES !!!
20220313 063049.657 INFO             PET0 !!!     THIS MAY CAUSE SLOWDOWN IN PERFORMANCE     !!!
20220313 063049.657 INFO             PET0 !!! FOR PRODUCTION RUNS, USE:                      !!!
20220313 063049.657 INFO             PET0 !!!                   ESMF_LOGKIND_Multi_On_Error  !!!
20220313 063049.657 INFO             PET0 !!!!!!!!!!!!!!!!!!!!!!!!!!!!!!!!!!!!!!!!!!!!!!!!!!!!!!
20220313 063049.657 INFO             PET0 Running with ESMF Version   : v8.3.0b09-96-g559b459836
20220313 063049.657 INFO             PET0 ESMF library build date/time: "Mar 13 2022" "05:59:55"
20220313 063049.657 INFO             PET0 ESMF library build location : /glade/scratch/rlong/esmf-testing/gfortran_9.1.0_openmpi_O_jedwards_pio_update2
20220313 063049.657 INFO             PET0 ESMF_COMM                   : openmpi
20220313 063049.657 INFO             PET0 ESMF_MOAB                   : enabled
20220313 063049.657 INFO             PET0 ESMF_LAPACK                 : enabled
20220313 063049.657 INFO             PET0 ESMF_NETCDF                 : enabled
20220313 063049.657 INFO             PET0 ESMF_PNETCDF                : disabled
20220313 063049.657 INFO             PET0 ESMF_PIO                    : enabled
20220313 063049.657 INFO             PET0 ESMF_YAMLCPP                : enabled
20220313 063049.669 INFO             PET0 PIOc_sync Enter - MemInfo: [/proc/meminfo - SSI]	MemTotal:       65507008 kB
20220313 063049.669 INFO             PET0 PIOc_sync Enter - MemInfo: [/proc/meminfo - SSI]	MemFree:        50218668 kB
20220313 063049.669 INFO             PET0 PIOc_sync Enter - MemInfo: [/proc/meminfo - SSI]	MemAvailable:   49990448 kB
20220313 063049.669 INFO             PET0 PIOc_sync Enter - MemInfo: [/proc/meminfo - SSI]	Committed_AS:   12878780 kB
20220313 063049.669 INFO             PET0 PIOc_sync Enter - MemInfo: [/proc/meminfo - SSI]	CommittedPercent: 19.6602 %
20220313 063049.669 INFO             PET0 PIOc_sync Enter - MemInfo: [/proc/self/status]	VmPeak:	  523344 kB
20220313 063049.669 INFO             PET0 PIOc_sync Enter - MemInfo: [/proc/self/status]	VmSize:	  523344 kB
20220313 063049.669 INFO             PET0 PIOc_sync Enter - MemInfo: [/proc/self/status]	VmLck:	       0 kB
20220313 063049.669 INFO             PET0 PIOc_sync Enter - MemInfo: [/proc/self/status]	VmPin:	       0 kB
20220313 063049.669 INFO             PET0 PIOc_sync Enter - MemInfo: [/proc/self/status]	VmHWM:	   64796 kB
20220313 063049.669 INFO             PET0 PIOc_sync Enter - MemInfo: [/proc/self/status]	VmRSS:	   36164 kB
20220313 063049.669 INFO             PET0 PIOc_sync Enter - MemInfo: [/proc/self/status]	VmData:	   32220 kB
20220313 063049.669 INFO             PET0 PIOc_sync Enter - MemInfo: [/proc/self/status]	VmStk:	     148 kB
20220313 063049.669 INFO             PET0 PIOc_sync Enter - MemInfo: [/proc/self/status]	VmExe:	     216 kB
20220313 063049.669 INFO             PET0 PIOc_sync Enter - MemInfo: [/proc/self/status]	VmLib:	   49404 kB
20220313 063049.669 INFO             PET0 PIOc_sync Enter - MemInfo: [/proc/self/status]	VmPTE:	     764 kB
20220313 063049.669 INFO             PET0 PIOc_sync Enter - MemInfo: [/proc/self/status]	VmPMD:	      16 kB
20220313 063049.669 INFO             PET0 PIOc_sync Enter - MemInfo: [/proc/self/status]	VmSwap:	       0 kB
20220313 063049.669 INFO             PET0 PIOc_sync Enter - MemInfo: [/proc/self/status]	VmRSSPercent: 0.0552063 %
20220313 063049.669 INFO             PET0 PIOc_sync Enter - MemInfo: [malloc] Non-mmapped space allocated:                 3346432 Byte
20220313 063049.669 INFO             PET0 PIOc_sync Enter - MemInfo: [malloc] Space allocated in mmapped regions:         18890752 Byte
20220313 063049.669 INFO             PET0 PIOc_sync Enter - MemInfo: [malloc] Maximum total allocated space:                     0 Byte
20220313 063049.669 INFO             PET0 PIOc_sync Enter - MemInfo: [malloc] Space in freed fastbin blocks:                  1808 Byte
20220313 063049.669 INFO             PET0 PIOc_sync Enter - MemInfo: [malloc] Total allocated space:                       3060512 Byte
20220313 063049.669 INFO             PET0 PIOc_sync Enter - MemInfo: [malloc] Total free space:                             285920 Byte
20220313 063049.669 INFO             PET0 PIOc_sync Enter - MemInfo: [malloc] Top-most, releasable space:                    86064 Byte
20220313 063049.669 INFO             PET0 PIOc_sync Enter - MemInfo: [malloc] Total space in use, mmap + non-mmap:        21951264 Byte
20220313 063049.669 INFO             PET0 PIOc_sync Enter - MemInfo: [malloc] Total space held (mmap + non-mmap):         22237184 Byte
20220313 063049.669 INFO             PET0 PIOc_sync Enter - MemInfo: [malloc] Total space used (mmap + non-mmap):         21960656 Byte
20220313 063049.669 INFO             PET0 PIOc_sync Enter - MemInfo: Wall-clock time since execution start:              0.0141041 seconds
20220313 063049.672 INFO             PET0 PIOc_sync Exit - MemInfo: [/proc/meminfo - SSI]	MemTotal:       65507008 kB
20220313 063049.672 INFO             PET0 PIOc_sync Exit - MemInfo: [/proc/meminfo - SSI]	MemFree:        50218164 kB
20220313 063049.672 INFO             PET0 PIOc_sync Exit - MemInfo: [/proc/meminfo - SSI]	MemAvailable:   49989944 kB
20220313 063049.672 INFO             PET0 PIOc_sync Exit - MemInfo: [/proc/meminfo - SSI]	Committed_AS:   12878780 kB
20220313 063049.672 INFO             PET0 PIOc_sync Exit - MemInfo: [/proc/meminfo - SSI]	CommittedPercent: 19.6602 %
20220313 063049.672 INFO             PET0 PIOc_sync Exit - MemInfo: [/proc/self/status]	VmPeak:	  523344 kB
20220313 063049.672 INFO             PET0 PIOc_sync Exit - MemInfo: [/proc/self/status]	VmSize:	  523344 kB
20220313 063049.672 INFO             PET0 PIOc_sync Exit - MemInfo: [/proc/self/status]	VmLck:	       0 kB
20220313 063049.672 INFO             PET0 PIOc_sync Exit - MemInfo: [/proc/self/status]	VmPin:	       0 kB
20220313 063049.672 INFO             PET0 PIOc_sync Exit - MemInfo: [/proc/self/status]	VmHWM:	   64796 kB
20220313 063049.672 INFO             PET0 PIOc_sync Exit - MemInfo: [/proc/self/status]	VmRSS:	   36280 kB
20220313 063049.672 INFO             PET0 PIOc_sync Exit - MemInfo: [/proc/self/status]	VmData:	   32220 kB
20220313 063049.672 INFO             PET0 PIOc_sync Exit - MemInfo: [/proc/self/status]	VmStk:	     148 kB
20220313 063049.672 INFO             PET0 PIOc_sync Exit - MemInfo: [/proc/self/status]	VmExe:	     216 kB
20220313 063049.672 INFO             PET0 PIOc_sync Exit - MemInfo: [/proc/self/status]	VmLib:	   49404 kB
20220313 063049.672 INFO             PET0 PIOc_sync Exit - MemInfo: [/proc/self/status]	VmPTE:	     764 kB
20220313 063049.672 INFO             PET0 PIOc_sync Exit - MemInfo: [/proc/self/status]	VmPMD:	      16 kB
20220313 063049.672 INFO             PET0 PIOc_sync Exit - MemInfo: [/proc/self/status]	VmSwap:	       0 kB
20220313 063049.672 INFO             PET0 PIOc_sync Exit - MemInfo: [/proc/self/status]	VmRSSPercent: 0.0553834 %
20220313 063049.672 INFO             PET0 PIOc_sync Exit - MemInfo: [malloc] Non-mmapped space allocated:                 3346432 Byte
20220313 063049.672 INFO             PET0 PIOc_sync Exit - MemInfo: [malloc] Space allocated in mmapped regions:         18890752 Byte
20220313 063049.672 INFO             PET0 PIOc_sync Exit - MemInfo: [malloc] Maximum total allocated space:                     0 Byte
20220313 063049.672 INFO             PET0 PIOc_sync Exit - MemInfo: [malloc] Space in freed fastbin blocks:                  1952 Byte
20220313 063049.672 INFO             PET0 PIOc_sync Exit - MemInfo: [malloc] Total allocated space:                       3065264 Byte
20220313 063049.672 INFO             PET0 PIOc_sync Exit - MemInfo: [malloc] Total free space:                             281168 Byte
20220313 063049.672 INFO             PET0 PIOc_sync Exit - MemInfo: [malloc] Top-most, releasable space:                    77088 Byte
20220313 063049.672 INFO             PET0 PIOc_sync Exit - MemInfo: [malloc] Total space in use, mmap + non-mmap:        21956016 Byte
20220313 063049.672 INFO             PET0 PIOc_sync Exit - MemInfo: [malloc] Total space held (mmap + non-mmap):         22237184 Byte
20220313 063049.672 INFO             PET0 PIOc_sync Exit - MemInfo: [malloc] Total space used (mmap + non-mmap):         21965408 Byte
20220313 063049.672 INFO             PET0 PIOc_sync Exit - MemInfo: Wall-clock time since execution start:              0.0174294 seconds
20220313 063049.673 INFO             PET0 PIOc_freedecomp Enter - MemInfo: [/proc/meminfo - SSI]	MemTotal:       65507008 kB
20220313 063049.673 INFO             PET0 PIOc_freedecomp Enter - MemInfo: [/proc/meminfo - SSI]	MemFree:        50233284 kB
20220313 063049.673 INFO             PET0 PIOc_freedecomp Enter - MemInfo: [/proc/meminfo - SSI]	MemAvailable:   50005064 kB
20220313 063049.673 INFO             PET0 PIOc_freedecomp Enter - MemInfo: [/proc/meminfo - SSI]	Committed_AS:   12862392 kB
20220313 063049.673 INFO             PET0 PIOc_freedecomp Enter - MemInfo: [/proc/meminfo - SSI]	CommittedPercent: 19.6351 %
20220313 063049.673 INFO             PET0 PIOc_freedecomp Enter - MemInfo: [/proc/self/status]	VmPeak:	  523344 kB
20220313 063049.673 INFO             PET0 PIOc_freedecomp Enter - MemInfo: [/proc/self/status]	VmSize:	  506440 kB
20220313 063049.673 INFO             PET0 PIOc_freedecomp Enter - MemInfo: [/proc/self/status]	VmLck:	       0 kB
20220313 063049.673 INFO             PET0 PIOc_freedecomp Enter - MemInfo: [/proc/self/status]	VmPin:	       0 kB
20220313 063049.673 INFO             PET0 PIOc_freedecomp Enter - MemInfo: [/proc/self/status]	VmHWM:	   64796 kB
20220313 063049.673 INFO             PET0 PIOc_freedecomp Enter - MemInfo: [/proc/self/status]	VmRSS:	   19896 kB
20220313 063049.673 INFO             PET0 PIOc_freedecomp Enter - MemInfo: [/proc/self/status]	VmData:	   15316 kB
20220313 063049.673 INFO             PET0 PIOc_freedecomp Enter - MemInfo: [/proc/self/status]	VmStk:	     148 kB
20220313 063049.673 INFO             PET0 PIOc_freedecomp Enter - MemInfo: [/proc/self/status]	VmExe:	     216 kB
20220313 063049.673 INFO             PET0 PIOc_freedecomp Enter - MemInfo: [/proc/self/status]	VmLib:	   49404 kB
20220313 063049.673 INFO             PET0 PIOc_freedecomp Enter - MemInfo: [/proc/self/status]	VmPTE:	     732 kB
20220313 063049.673 INFO             PET0 PIOc_freedecomp Enter - MemInfo: [/proc/self/status]	VmPMD:	      16 kB
20220313 063049.673 INFO             PET0 PIOc_freedecomp Enter - MemInfo: [/proc/self/status]	VmSwap:	       0 kB
20220313 063049.673 INFO             PET0 PIOc_freedecomp Enter - MemInfo: [/proc/self/status]	VmRSSPercent: 0.0303723 %
20220313 063049.673 INFO             PET0 PIOc_freedecomp Enter - MemInfo: [malloc] Non-mmapped space allocated:                 3346432 Byte
20220313 063049.673 INFO             PET0 PIOc_freedecomp Enter - MemInfo: [malloc] Space allocated in mmapped regions:          1581056 Byte
20220313 063049.673 INFO             PET0 PIOc_freedecomp Enter - MemInfo: [malloc] Maximum total allocated space:                     0 Byte
20220313 063049.673 INFO             PET0 PIOc_freedecomp Enter - MemInfo: [malloc] Space in freed fastbin blocks:                  3888 Byte
20220313 063049.673 INFO             PET0 PIOc_freedecomp Enter - MemInfo: [malloc] Total allocated space:                       3051968 Byte
20220313 063049.673 INFO             PET0 PIOc_freedecomp Enter - MemInfo: [malloc] Total free space:                             294464 Byte
20220313 063049.673 INFO             PET0 PIOc_freedecomp Enter - MemInfo: [malloc] Top-most, releasable space:                    77184 Byte
20220313 063049.673 INFO             PET0 PIOc_freedecomp Enter - MemInfo: [malloc] Total space in use, mmap + non-mmap:         4633024 Byte
20220313 063049.673 INFO             PET0 PIOc_freedecomp Enter - MemInfo: [malloc] Total space held (mmap + non-mmap):          4927488 Byte
20220313 063049.673 INFO             PET0 PIOc_freedecomp Enter - MemInfo: [malloc] Total space used (mmap + non-mmap):          4642400 Byte
20220313 063049.673 INFO             PET0 PIOc_freedecomp Enter - MemInfo: Wall-clock time since execution start:              0.0184135 seconds
20220313 063049.673 INFO             PET0 PIOc_freedecomp Exit - MemInfo: [/proc/meminfo - SSI]	MemTotal:       65507008 kB
20220313 063049.673 INFO             PET0 PIOc_freedecomp Exit - MemInfo: [/proc/meminfo - SSI]	MemFree:        50233284 kB
20220313 063049.673 INFO             PET0 PIOc_freedecomp Exit - MemInfo: [/proc/meminfo - SSI]	MemAvailable:   50005064 kB
20220313 063049.673 INFO             PET0 PIOc_freedecomp Exit - MemInfo: [/proc/meminfo - SSI]	Committed_AS:   12862392 kB
20220313 063049.673 INFO             PET0 PIOc_freedecomp Exit - MemInfo: [/proc/meminfo - SSI]	CommittedPercent: 19.6351 %
20220313 063049.673 INFO             PET0 PIOc_freedecomp Exit - MemInfo: [/proc/self/status]	VmPeak:	  523344 kB
20220313 063049.673 INFO             PET0 PIOc_freedecomp Exit - MemInfo: [/proc/self/status]	VmSize:	  506440 kB
20220313 063049.673 INFO             PET0 PIOc_freedecomp Exit - MemInfo: [/proc/self/status]	VmLck:	       0 kB
20220313 063049.673 INFO             PET0 PIOc_freedecomp Exit - MemInfo: [/proc/self/status]	VmPin:	       0 kB
20220313 063049.673 INFO             PET0 PIOc_freedecomp Exit - MemInfo: [/proc/self/status]	VmHWM:	   64796 kB
20220313 063049.673 INFO             PET0 PIOc_freedecomp Exit - MemInfo: [/proc/self/status]	VmRSS:	   19900 kB
20220313 063049.673 INFO             PET0 PIOc_freedecomp Exit - MemInfo: [/proc/self/status]	VmData:	   15316 kB
20220313 063049.673 INFO             PET0 PIOc_freedecomp Exit - MemInfo: [/proc/self/status]	VmStk:	     148 kB
20220313 063049.673 INFO             PET0 PIOc_freedecomp Exit - MemInfo: [/proc/self/status]	VmExe:	     216 kB
20220313 063049.673 INFO             PET0 PIOc_freedecomp Exit - MemInfo: [/proc/self/status]	VmLib:	   49404 kB
20220313 063049.673 INFO             PET0 PIOc_freedecomp Exit - MemInfo: [/proc/self/status]	VmPTE:	     732 kB
20220313 063049.673 INFO             PET0 PIOc_freedecomp Exit - MemInfo: [/proc/self/status]	VmPMD:	      16 kB
20220313 063049.673 INFO             PET0 PIOc_freedecomp Exit - MemInfo: [/proc/self/status]	VmSwap:	       0 kB
20220313 063049.673 INFO             PET0 PIOc_freedecomp Exit - MemInfo: [/proc/self/status]	VmRSSPercent: 0.0303784 %
20220313 063049.673 INFO             PET0 PIOc_freedecomp Exit - MemInfo: [malloc] Non-mmapped space allocated:                 3346432 Byte
20220313 063049.674 INFO             PET0 PIOc_freedecomp Exit - MemInfo: [malloc] Space allocated in mmapped regions:          1581056 Byte
20220313 063049.674 INFO             PET0 PIOc_freedecomp Exit - MemInfo: [malloc] Maximum total allocated space:                     0 Byte
20220313 063049.674 INFO             PET0 PIOc_freedecomp Exit - MemInfo: [malloc] Space in freed fastbin blocks:                  3824 Byte
20220313 063049.674 INFO             PET0 PIOc_freedecomp Exit - MemInfo: [malloc] Total allocated space:                       3045200 Byte
20220313 063049.674 INFO             PET0 PIOc_freedecomp Exit - MemInfo: [malloc] Total free space:                             301232 Byte
20220313 063049.674 INFO             PET0 PIOc_freedecomp Exit - MemInfo: [malloc] Top-most, releasable space:                    81488 Byte
20220313 063049.674 INFO             PET0 PIOc_freedecomp Exit - MemInfo: [malloc] Total space in use, mmap + non-mmap:         4626256 Byte
20220313 063049.674 INFO             PET0 PIOc_freedecomp Exit - MemInfo: [malloc] Total space held (mmap + non-mmap):          4927488 Byte
20220313 063049.674 INFO             PET0 PIOc_freedecomp Exit - MemInfo: [malloc] Total space used (mmap + non-mmap):          4635648 Byte
20220313 063049.674 INFO             PET0 PIOc_freedecomp Exit - MemInfo: Wall-clock time since execution start:              0.0186333 seconds
20220313 063049.677 INFO             PET0 PIOc_sync Enter - MemInfo: [/proc/meminfo - SSI]	MemTotal:       65507008 kB
20220313 063049.677 INFO             PET0 PIOc_sync Enter - MemInfo: [/proc/meminfo - SSI]	MemFree:        50226732 kB
20220313 063049.677 INFO             PET0 PIOc_sync Enter - MemInfo: [/proc/meminfo - SSI]	MemAvailable:   49998512 kB
20220313 063049.677 INFO             PET0 PIOc_sync Enter - MemInfo: [/proc/meminfo - SSI]	Committed_AS:   12878800 kB
20220313 063049.677 INFO             PET0 PIOc_sync Enter - MemInfo: [/proc/meminfo - SSI]	CommittedPercent: 19.6602 %
20220313 063049.677 INFO             PET0 PIOc_sync Enter - MemInfo: [/proc/self/status]	VmPeak:	  523364 kB
20220313 063049.677 INFO             PET0 PIOc_sync Enter - MemInfo: [/proc/self/status]	VmSize:	  523364 kB
20220313 063049.677 INFO             PET0 PIOc_sync Enter - MemInfo: [/proc/self/status]	VmLck:	       0 kB
20220313 063049.677 INFO             PET0 PIOc_sync Enter - MemInfo: [/proc/self/status]	VmPin:	       0 kB
20220313 063049.677 INFO             PET0 PIOc_sync Enter - MemInfo: [/proc/self/status]	VmHWM:	   64796 kB
20220313 063049.677 INFO             PET0 PIOc_sync Enter - MemInfo: [/proc/self/status]	VmRSS:	   28220 kB
20220313 063049.677 INFO             PET0 PIOc_sync Enter - MemInfo: [/proc/self/status]	VmData:	   32240 kB
20220313 063049.677 INFO             PET0 PIOc_sync Enter - MemInfo: [/proc/self/status]	VmStk:	     148 kB
20220313 063049.677 INFO             PET0 PIOc_sync Enter - MemInfo: [/proc/self/status]	VmExe:	     216 kB
20220313 063049.677 INFO             PET0 PIOc_sync Enter - MemInfo: [/proc/self/status]	VmLib:	   49404 kB
20220313 063049.677 INFO             PET0 PIOc_sync Enter - MemInfo: [/proc/self/status]	VmPTE:	     756 kB
20220313 063049.677 INFO             PET0 PIOc_sync Enter - MemInfo: [/proc/self/status]	VmPMD:	      16 kB
20220313 063049.677 INFO             PET0 PIOc_sync Enter - MemInfo: [/proc/self/status]	VmSwap:	       0 kB
20220313 063049.677 INFO             PET0 PIOc_sync Enter - MemInfo: [/proc/self/status]	VmRSSPercent: 0.0430794 %
20220313 063049.677 INFO             PET0 PIOc_sync Enter - MemInfo: [malloc] Non-mmapped space allocated:                20676608 Byte
20220313 063049.678 INFO             PET0 PIOc_sync Enter - MemInfo: [malloc] Space allocated in mmapped regions:          1581056 Byte
20220313 063049.678 INFO             PET0 PIOc_sync Enter - MemInfo: [malloc] Maximum total allocated space:                     0 Byte
20220313 063049.678 INFO             PET0 PIOc_sync Enter - MemInfo: [malloc] Space in freed fastbin blocks:                  2400 Byte
20220313 063049.678 INFO             PET0 PIOc_sync Enter - MemInfo: [malloc] Total allocated space:                      20362816 Byte
20220313 063049.678 INFO             PET0 PIOc_sync Enter - MemInfo: [malloc] Total free space:                             313792 Byte
20220313 063049.678 INFO             PET0 PIOc_sync Enter - MemInfo: [malloc] Top-most, releasable space:                   113296 Byte
20220313 063049.678 INFO             PET0 PIOc_sync Enter - MemInfo: [malloc] Total space in use, mmap + non-mmap:        21943872 Byte
20220313 063049.678 INFO             PET0 PIOc_sync Enter - MemInfo: [malloc] Total space held (mmap + non-mmap):         22257664 Byte
20220313 063049.678 INFO             PET0 PIOc_sync Enter - MemInfo: [malloc] Total space used (mmap + non-mmap):         21953264 Byte
20220313 063049.678 INFO             PET0 PIOc_sync Enter - MemInfo: Wall-clock time since execution start:              0.0226458 seconds
20220313 063049.678 INFO             PET0 PIOc_sync Exit - MemInfo: [/proc/meminfo - SSI]	MemTotal:       65507008 kB
20220313 063049.678 INFO             PET0 PIOc_sync Exit - MemInfo: [/proc/meminfo - SSI]	MemFree:        50226732 kB
20220313 063049.678 INFO             PET0 PIOc_sync Exit - MemInfo: [/proc/meminfo - SSI]	MemAvailable:   49998512 kB
20220313 063049.678 INFO             PET0 PIOc_sync Exit - MemInfo: [/proc/meminfo - SSI]	Committed_AS:   12878800 kB
20220313 063049.678 INFO             PET0 PIOc_sync Exit - MemInfo: [/proc/meminfo - SSI]	CommittedPercent: 19.6602 %
20220313 063049.678 INFO             PET0 PIOc_sync Exit - MemInfo: [/proc/self/status]	VmPeak:	  523364 kB
20220313 063049.678 INFO             PET0 PIOc_sync Exit - MemInfo: [/proc/self/status]	VmSize:	  523364 kB
20220313 063049.678 INFO             PET0 PIOc_sync Exit - MemInfo: [/proc/self/status]	VmLck:	       0 kB
20220313 063049.678 INFO             PET0 PIOc_sync Exit - MemInfo: [/proc/self/status]	VmPin:	       0 kB
20220313 063049.678 INFO             PET0 PIOc_sync Exit - MemInfo: [/proc/self/status]	VmHWM:	   64796 kB
20220313 063049.678 INFO             PET0 PIOc_sync Exit - MemInfo: [/proc/self/status]	VmRSS:	   28232 kB
20220313 063049.678 INFO             PET0 PIOc_sync Exit - MemInfo: [/proc/self/status]	VmData:	   32240 kB
20220313 063049.678 INFO             PET0 PIOc_sync Exit - MemInfo: [/proc/self/status]	VmStk:	     148 kB
20220313 063049.678 INFO             PET0 PIOc_sync Exit - MemInfo: [/proc/self/status]	VmExe:	     216 kB
20220313 063049.678 INFO             PET0 PIOc_sync Exit - MemInfo: [/proc/self/status]	VmLib:	   49404 kB
20220313 063049.678 INFO             PET0 PIOc_sync Exit - MemInfo: [/proc/self/status]	VmPTE:	     756 kB
20220313 063049.678 INFO             PET0 PIOc_sync Exit - MemInfo: [/proc/self/status]	VmPMD:	      16 kB
20220313 063049.678 INFO             PET0 PIOc_sync Exit - MemInfo: [/proc/self/status]	VmSwap:	       0 kB
20220313 063049.678 INFO             PET0 PIOc_sync Exit - MemInfo: [/proc/self/status]	VmRSSPercent: 0.0430977 %
20220313 063049.678 INFO             PET0 PIOc_sync Exit - MemInfo: [malloc] Non-mmapped space allocated:                20676608 Byte
20220313 063049.678 INFO             PET0 PIOc_sync Exit - MemInfo: [malloc] Space allocated in mmapped regions:          1581056 Byte
20220313 063049.678 INFO             PET0 PIOc_sync Exit - MemInfo: [malloc] Maximum total allocated space:                     0 Byte
20220313 063049.678 INFO             PET0 PIOc_sync Exit - MemInfo: [malloc] Space in freed fastbin blocks:                  2048 Byte
20220313 063049.678 INFO             PET0 PIOc_sync Exit - MemInfo: [malloc] Total allocated space:                      20367584 Byte
20220313 063049.678 INFO             PET0 PIOc_sync Exit - MemInfo: [malloc] Total free space:                             309024 Byte
20220313 063049.678 INFO             PET0 PIOc_sync Exit - MemInfo: [malloc] Top-most, releasable space:                   106048 Byte
20220313 063049.678 INFO             PET0 PIOc_sync Exit - MemInfo: [malloc] Total space in use, mmap + non-mmap:        21948640 Byte
20220313 063049.678 INFO             PET0 PIOc_sync Exit - MemInfo: [malloc] Total space held (mmap + non-mmap):         22257664 Byte
20220313 063049.678 INFO             PET0 PIOc_sync Exit - MemInfo: [malloc] Total space used (mmap + non-mmap):         21958032 Byte
20220313 063049.678 INFO             PET0 PIOc_sync Exit - MemInfo: Wall-clock time since execution start:              0.0229321 seconds
20220313 063049.678 INFO             PET0 PIOc_freedecomp Enter - MemInfo: [/proc/meminfo - SSI]	MemTotal:       65507008 kB
20220313 063049.678 INFO             PET0 PIOc_freedecomp Enter - MemInfo: [/proc/meminfo - SSI]	MemFree:        50226732 kB
20220313 063049.678 INFO             PET0 PIOc_freedecomp Enter - MemInfo: [/proc/meminfo - SSI]	MemAvailable:   49998512 kB
20220313 063049.678 INFO             PET0 PIOc_freedecomp Enter - MemInfo: [/proc/meminfo - SSI]	Committed_AS:   12878800 kB
20220313 063049.678 INFO             PET0 PIOc_freedecomp Enter - MemInfo: [/proc/meminfo - SSI]	CommittedPercent: 19.6602 %
20220313 063049.678 INFO             PET0 PIOc_freedecomp Enter - MemInfo: [/proc/self/status]	VmPeak:	  523364 kB
20220313 063049.678 INFO             PET0 PIOc_freedecomp Enter - MemInfo: [/proc/self/status]	VmSize:	  523364 kB
20220313 063049.678 INFO             PET0 PIOc_freedecomp Enter - MemInfo: [/proc/self/status]	VmLck:	       0 kB
20220313 063049.678 INFO             PET0 PIOc_freedecomp Enter - MemInfo: [/proc/self/status]	VmPin:	       0 kB
20220313 063049.678 INFO             PET0 PIOc_freedecomp Enter - MemInfo: [/proc/self/status]	VmHWM:	   64796 kB
20220313 063049.678 INFO             PET0 PIOc_freedecomp Enter - MemInfo: [/proc/self/status]	VmRSS:	   28236 kB
20220313 063049.678 INFO             PET0 PIOc_freedecomp Enter - MemInfo: [/proc/self/status]	VmData:	   32240 kB
20220313 063049.678 INFO             PET0 PIOc_freedecomp Enter - MemInfo: [/proc/self/status]	VmStk:	     148 kB
20220313 063049.678 INFO             PET0 PIOc_freedecomp Enter - MemInfo: [/proc/self/status]	VmExe:	     216 kB
20220313 063049.678 INFO             PET0 PIOc_freedecomp Enter - MemInfo: [/proc/self/status]	VmLib:	   49404 kB
20220313 063049.678 INFO             PET0 PIOc_freedecomp Enter - MemInfo: [/proc/self/status]	VmPTE:	     756 kB
20220313 063049.678 INFO             PET0 PIOc_freedecomp Enter - MemInfo: [/proc/self/status]	VmPMD:	      16 kB
20220313 063049.678 INFO             PET0 PIOc_freedecomp Enter - MemInfo: [/proc/self/status]	VmSwap:	       0 kB
20220313 063049.678 INFO             PET0 PIOc_freedecomp Enter - MemInfo: [/proc/self/status]	VmRSSPercent: 0.0431038 %
20220313 063049.678 INFO             PET0 PIOc_freedecomp Enter - MemInfo: [malloc] Non-mmapped space allocated:                20676608 Byte
20220313 063049.678 INFO             PET0 PIOc_freedecomp Enter - MemInfo: [malloc] Space allocated in mmapped regions:          1581056 Byte
20220313 063049.678 INFO             PET0 PIOc_freedecomp Enter - MemInfo: [malloc] Maximum total allocated space:                     0 Byte
20220313 063049.678 INFO             PET0 PIOc_freedecomp Enter - MemInfo: [malloc] Space in freed fastbin blocks:                  1808 Byte
20220313 063049.678 INFO             PET0 PIOc_freedecomp Enter - MemInfo: [malloc] Total allocated space:                       3051936 Byte
20220313 063049.678 INFO             PET0 PIOc_freedecomp Enter - MemInfo: [malloc] Total free space:                           17624672 Byte
20220313 063049.678 INFO             PET0 PIOc_freedecomp Enter - MemInfo: [malloc] Top-most, releasable space:                   110384 Byte
20220313 063049.678 INFO             PET0 PIOc_freedecomp Enter - MemInfo: [malloc] Total space in use, mmap + non-mmap:         4632992 Byte
20220313 063049.678 INFO             PET0 PIOc_freedecomp Enter - MemInfo: [malloc] Total space held (mmap + non-mmap):         22257664 Byte
20220313 063049.678 INFO             PET0 PIOc_freedecomp Enter - MemInfo: [malloc] Total space used (mmap + non-mmap):          4642368 Byte
20220313 063049.678 INFO             PET0 PIOc_freedecomp Enter - MemInfo: Wall-clock time since execution start:              0.0231785 seconds
20220313 063049.678 INFO             PET0 PIOc_freedecomp Exit - MemInfo: [/proc/meminfo - SSI]	MemTotal:       65507008 kB
20220313 063049.678 INFO             PET0 PIOc_freedecomp Exit - MemInfo: [/proc/meminfo - SSI]	MemFree:        50226732 kB
20220313 063049.678 INFO             PET0 PIOc_freedecomp Exit - MemInfo: [/proc/meminfo - SSI]	MemAvailable:   49998512 kB
20220313 063049.678 INFO             PET0 PIOc_freedecomp Exit - MemInfo: [/proc/meminfo - SSI]	Committed_AS:   12878800 kB
20220313 063049.678 INFO             PET0 PIOc_freedecomp Exit - MemInfo: [/proc/meminfo - SSI]	CommittedPercent: 19.6602 %
20220313 063049.678 INFO             PET0 PIOc_freedecomp Exit - MemInfo: [/proc/self/status]	VmPeak:	  523364 kB
20220313 063049.678 INFO             PET0 PIOc_freedecomp Exit - MemInfo: [/proc/self/status]	VmSize:	  523364 kB
20220313 063049.678 INFO             PET0 PIOc_freedecomp Exit - MemInfo: [/proc/self/status]	VmLck:	       0 kB
20220313 063049.678 INFO             PET0 PIOc_freedecomp Exit - MemInfo: [/proc/self/status]	VmPin:	       0 kB
20220313 063049.678 INFO             PET0 PIOc_freedecomp Exit - MemInfo: [/proc/self/status]	VmHWM:	   64796 kB
20220313 063049.678 INFO             PET0 PIOc_freedecomp Exit - MemInfo: [/proc/self/status]	VmRSS:	   28236 kB
20220313 063049.678 INFO             PET0 PIOc_freedecomp Exit - MemInfo: [/proc/self/status]	VmData:	   32240 kB
20220313 063049.678 INFO             PET0 PIOc_freedecomp Exit - MemInfo: [/proc/self/status]	VmStk:	     148 kB
20220313 063049.678 INFO             PET0 PIOc_freedecomp Exit - MemInfo: [/proc/self/status]	VmExe:	     216 kB
20220313 063049.678 INFO             PET0 PIOc_freedecomp Exit - MemInfo: [/proc/self/status]	VmLib:	   49404 kB
20220313 063049.678 INFO             PET0 PIOc_freedecomp Exit - MemInfo: [/proc/self/status]	VmPTE:	     756 kB
20220313 063049.678 INFO             PET0 PIOc_freedecomp Exit - MemInfo: [/proc/self/status]	VmPMD:	      16 kB
20220313 063049.678 INFO             PET0 PIOc_freedecomp Exit - MemInfo: [/proc/self/status]	VmSwap:	       0 kB
20220313 063049.678 INFO             PET0 PIOc_freedecomp Exit - MemInfo: [/proc/self/status]	VmRSSPercent: 0.0431038 %
20220313 063049.678 INFO             PET0 PIOc_freedecomp Exit - MemInfo: [malloc] Non-mmapped space allocated:                20676608 Byte
20220313 063049.678 INFO             PET0 PIOc_freedecomp Exit - MemInfo: [malloc] Space allocated in mmapped regions:          1581056 Byte
20220313 063049.678 INFO             PET0 PIOc_freedecomp Exit - MemInfo: [malloc] Maximum total allocated space:                     0 Byte
20220313 063049.678 INFO             PET0 PIOc_freedecomp Exit - MemInfo: [malloc] Space in freed fastbin blocks:                  2336 Byte
20220313 063049.678 INFO             PET0 PIOc_freedecomp Exit - MemInfo: [malloc] Total allocated space:                       3045152 Byte
20220313 063049.678 INFO             PET0 PIOc_freedecomp Exit - MemInfo: [malloc] Total free space:                           17631456 Byte
20220313 063049.678 INFO             PET0 PIOc_freedecomp Exit - MemInfo: [malloc] Top-most, releasable space:                   110384 Byte
20220313 063049.678 INFO             PET0 PIOc_freedecomp Exit - MemInfo: [malloc] Total space in use, mmap + non-mmap:         4626208 Byte
20220313 063049.678 INFO             PET0 PIOc_freedecomp Exit - MemInfo: [malloc] Total space held (mmap + non-mmap):         22257664 Byte
20220313 063049.678 INFO             PET0 PIOc_freedecomp Exit - MemInfo: [malloc] Total space used (mmap + non-mmap):          4635584 Byte
20220313 063049.678 INFO             PET0 PIOc_freedecomp Exit - MemInfo: Wall-clock time since execution start:              0.0233918 seconds
20220313 063049.679 INFO             PET0 PIOc_sync Enter - MemInfo: [/proc/meminfo - SSI]	MemTotal:       65507008 kB
20220313 063049.679 INFO             PET0 PIOc_sync Enter - MemInfo: [/proc/meminfo - SSI]	MemFree:        50226228 kB
20220313 063049.679 INFO             PET0 PIOc_sync Enter - MemInfo: [/proc/meminfo - SSI]	MemAvailable:   49998008 kB
20220313 063049.679 INFO             PET0 PIOc_sync Enter - MemInfo: [/proc/meminfo - SSI]	Committed_AS:   12878800 kB
20220313 063049.679 INFO             PET0 PIOc_sync Enter - MemInfo: [/proc/meminfo - SSI]	CommittedPercent: 19.6602 %
20220313 063049.679 INFO             PET0 PIOc_sync Enter - MemInfo: [/proc/self/status]	VmPeak:	  531552 kB
20220313 063049.679 INFO             PET0 PIOc_sync Enter - MemInfo: [/proc/self/status]	VmSize:	  523364 kB
20220313 063049.679 INFO             PET0 PIOc_sync Enter - MemInfo: [/proc/self/status]	VmLck:	       0 kB
20220313 063049.679 INFO             PET0 PIOc_sync Enter - MemInfo: [/proc/self/status]	VmPin:	       0 kB
20220313 063049.679 INFO             PET0 PIOc_sync Enter - MemInfo: [/proc/self/status]	VmHWM:	   64796 kB
20220313 063049.679 INFO             PET0 PIOc_sync Enter - MemInfo: [/proc/self/status]	VmRSS:	   28640 kB
20220313 063049.679 INFO             PET0 PIOc_sync Enter - MemInfo: [/proc/self/status]	VmData:	   32240 kB
20220313 063049.679 INFO             PET0 PIOc_sync Enter - MemInfo: [/proc/self/status]	VmStk:	     148 kB
20220313 063049.679 INFO             PET0 PIOc_sync Enter - MemInfo: [/proc/self/status]	VmExe:	     216 kB
20220313 063049.679 INFO             PET0 PIOc_sync Enter - MemInfo: [/proc/self/status]	VmLib:	   49404 kB
20220313 063049.679 INFO             PET0 PIOc_sync Enter - MemInfo: [/proc/self/status]	VmPTE:	     756 kB
20220313 063049.679 INFO             PET0 PIOc_sync Enter - MemInfo: [/proc/self/status]	VmPMD:	      16 kB
20220313 063049.679 INFO             PET0 PIOc_sync Enter - MemInfo: [/proc/self/status]	VmSwap:	       0 kB
20220313 063049.679 INFO             PET0 PIOc_sync Enter - MemInfo: [/proc/self/status]	VmRSSPercent: 0.0437205 %
20220313 063049.679 INFO             PET0 PIOc_sync Enter - MemInfo: [malloc] Non-mmapped space allocated:                20676608 Byte
20220313 063049.679 INFO             PET0 PIOc_sync Enter - MemInfo: [malloc] Space allocated in mmapped regions:          1581056 Byte
20220313 063049.679 INFO             PET0 PIOc_sync Enter - MemInfo: [malloc] Maximum total allocated space:                     0 Byte
20220313 063049.679 INFO             PET0 PIOc_sync Enter - MemInfo: [malloc] Space in freed fastbin blocks:                  2704 Byte
20220313 063049.679 INFO             PET0 PIOc_sync Enter - MemInfo: [malloc] Total allocated space:                      20363600 Byte
20220313 063049.679 INFO             PET0 PIOc_sync Enter - MemInfo: [malloc] Total free space:                             313008 Byte
20220313 063049.679 INFO             PET0 PIOc_sync Enter - MemInfo: [malloc] Top-most, releasable space:                   112208 Byte
20220313 063049.679 INFO             PET0 PIOc_sync Enter - MemInfo: [malloc] Total space in use, mmap + non-mmap:        21944656 Byte
20220313 063049.679 INFO             PET0 PIOc_sync Enter - MemInfo: [malloc] Total space held (mmap + non-mmap):         22257664 Byte
20220313 063049.679 INFO             PET0 PIOc_sync Enter - MemInfo: [malloc] Total space used (mmap + non-mmap):         21954048 Byte
20220313 063049.679 INFO             PET0 PIOc_sync Enter - MemInfo: Wall-clock time since execution start:              0.0245539 seconds
20220313 063049.680 INFO             PET0 PIOc_sync Exit - MemInfo: [/proc/meminfo - SSI]	MemTotal:       65507008 kB
20220313 063049.680 INFO             PET0 PIOc_sync Exit - MemInfo: [/proc/meminfo - SSI]	MemFree:        50226228 kB
20220313 063049.680 INFO             PET0 PIOc_sync Exit - MemInfo: [/proc/meminfo - SSI]	MemAvailable:   49998008 kB
20220313 063049.680 INFO             PET0 PIOc_sync Exit - MemInfo: [/proc/meminfo - SSI]	Committed_AS:   12878800 kB
20220313 063049.680 INFO             PET0 PIOc_sync Exit - MemInfo: [/proc/meminfo - SSI]	CommittedPercent: 19.6602 %
20220313 063049.680 INFO             PET0 PIOc_sync Exit - MemInfo: [/proc/self/status]	VmPeak:	  531552 kB
20220313 063049.680 INFO             PET0 PIOc_sync Exit - MemInfo: [/proc/self/status]	VmSize:	  523364 kB
20220313 063049.680 INFO             PET0 PIOc_sync Exit - MemInfo: [/proc/self/status]	VmLck:	       0 kB
20220313 063049.680 INFO             PET0 PIOc_sync Exit - MemInfo: [/proc/self/status]	VmPin:	       0 kB
20220313 063049.680 INFO             PET0 PIOc_sync Exit - MemInfo: [/proc/self/status]	VmHWM:	   64796 kB
20220313 063049.680 INFO             PET0 PIOc_sync Exit - MemInfo: [/proc/self/status]	VmRSS:	   28640 kB
20220313 063049.680 INFO             PET0 PIOc_sync Exit - MemInfo: [/proc/self/status]	VmData:	   32240 kB
20220313 063049.680 INFO             PET0 PIOc_sync Exit - MemInfo: [/proc/self/status]	VmStk:	     148 kB
20220313 063049.680 INFO             PET0 PIOc_sync Exit - MemInfo: [/proc/self/status]	VmExe:	     216 kB
20220313 063049.680 INFO             PET0 PIOc_sync Exit - MemInfo: [/proc/self/status]	VmLib:	   49404 kB
20220313 063049.680 INFO             PET0 PIOc_sync Exit - MemInfo: [/proc/self/status]	VmPTE:	     756 kB
20220313 063049.680 INFO             PET0 PIOc_sync Exit - MemInfo: [/proc/self/status]	VmPMD:	      16 kB
20220313 063049.680 INFO             PET0 PIOc_sync Exit - MemInfo: [/proc/self/status]	VmSwap:	       0 kB
20220313 063049.680 INFO             PET0 PIOc_sync Exit - MemInfo: [/proc/self/status]	VmRSSPercent: 0.0437205 %
20220313 063049.680 INFO             PET0 PIOc_sync Exit - MemInfo: [malloc] Non-mmapped space allocated:                20676608 Byte
20220313 063049.680 INFO             PET0 PIOc_sync Exit - MemInfo: [malloc] Space allocated in mmapped regions:          1581056 Byte
20220313 063049.680 INFO             PET0 PIOc_sync Exit - MemInfo: [malloc] Maximum total allocated space:                     0 Byte
20220313 063049.680 INFO             PET0 PIOc_sync Exit - MemInfo: [malloc] Space in freed fastbin blocks:                  2064 Byte
20220313 063049.680 INFO             PET0 PIOc_sync Exit - MemInfo: [malloc] Total allocated space:                      20368416 Byte
20220313 063049.680 INFO             PET0 PIOc_sync Exit - MemInfo: [malloc] Total free space:                             308192 Byte
20220313 063049.680 INFO             PET0 PIOc_sync Exit - MemInfo: [malloc] Top-most, releasable space:                   105424 Byte
20220313 063049.680 INFO             PET0 PIOc_sync Exit - MemInfo: [malloc] Total space in use, mmap + non-mmap:        21949472 Byte
20220313 063049.680 INFO             PET0 PIOc_sync Exit - MemInfo: [malloc] Total space held (mmap + non-mmap):         22257664 Byte
20220313 063049.680 INFO             PET0 PIOc_sync Exit - MemInfo: [malloc] Total space used (mmap + non-mmap):         21958864 Byte
20220313 063049.680 INFO             PET0 PIOc_sync Exit - MemInfo: Wall-clock time since execution start:              0.0248306 seconds
20220313 063049.680 INFO             PET0 PIOc_freedecomp Enter - MemInfo: [/proc/meminfo - SSI]	MemTotal:       65507008 kB
20220313 063049.680 INFO             PET0 PIOc_freedecomp Enter - MemInfo: [/proc/meminfo - SSI]	MemFree:        50226228 kB
20220313 063049.680 INFO             PET0 PIOc_freedecomp Enter - MemInfo: [/proc/meminfo - SSI]	MemAvailable:   49998008 kB
20220313 063049.680 INFO             PET0 PIOc_freedecomp Enter - MemInfo: [/proc/meminfo - SSI]	Committed_AS:   12878800 kB
20220313 063049.680 INFO             PET0 PIOc_freedecomp Enter - MemInfo: [/proc/meminfo - SSI]	CommittedPercent: 19.6602 %
20220313 063049.680 INFO             PET0 PIOc_freedecomp Enter - MemInfo: [/proc/self/status]	VmPeak:	  531552 kB
20220313 063049.680 INFO             PET0 PIOc_freedecomp Enter - MemInfo: [/proc/self/status]	VmSize:	  523364 kB
20220313 063049.680 INFO             PET0 PIOc_freedecomp Enter - MemInfo: [/proc/self/status]	VmLck:	       0 kB
20220313 063049.680 INFO             PET0 PIOc_freedecomp Enter - MemInfo: [/proc/self/status]	VmPin:	       0 kB
20220313 063049.680 INFO             PET0 PIOc_freedecomp Enter - MemInfo: [/proc/self/status]	VmHWM:	   64796 kB
20220313 063049.680 INFO             PET0 PIOc_freedecomp Enter - MemInfo: [/proc/self/status]	VmRSS:	   28644 kB
20220313 063049.680 INFO             PET0 PIOc_freedecomp Enter - MemInfo: [/proc/self/status]	VmData:	   32240 kB
20220313 063049.680 INFO             PET0 PIOc_freedecomp Enter - MemInfo: [/proc/self/status]	VmStk:	     148 kB
20220313 063049.680 INFO             PET0 PIOc_freedecomp Enter - MemInfo: [/proc/self/status]	VmExe:	     216 kB
20220313 063049.680 INFO             PET0 PIOc_freedecomp Enter - MemInfo: [/proc/self/status]	VmLib:	   49404 kB
20220313 063049.680 INFO             PET0 PIOc_freedecomp Enter - MemInfo: [/proc/self/status]	VmPTE:	     756 kB
20220313 063049.680 INFO             PET0 PIOc_freedecomp Enter - MemInfo: [/proc/self/status]	VmPMD:	      16 kB
20220313 063049.680 INFO             PET0 PIOc_freedecomp Enter - MemInfo: [/proc/self/status]	VmSwap:	       0 kB
20220313 063049.680 INFO             PET0 PIOc_freedecomp Enter - MemInfo: [/proc/self/status]	VmRSSPercent: 0.0437266 %
20220313 063049.680 INFO             PET0 PIOc_freedecomp Enter - MemInfo: [malloc] Non-mmapped space allocated:                20676608 Byte
20220313 063049.680 INFO             PET0 PIOc_freedecomp Enter - MemInfo: [malloc] Space allocated in mmapped regions:          1581056 Byte
20220313 063049.680 INFO             PET0 PIOc_freedecomp Enter - MemInfo: [malloc] Maximum total allocated space:                     0 Byte
20220313 063049.680 INFO             PET0 PIOc_freedecomp Enter - MemInfo: [malloc] Space in freed fastbin blocks:                  2032 Byte
20220313 063049.680 INFO             PET0 PIOc_freedecomp Enter - MemInfo: [malloc] Total allocated space:                       3052032 Byte
20220313 063049.680 INFO             PET0 PIOc_freedecomp Enter - MemInfo: [malloc] Total free space:                           17624576 Byte
20220313 063049.680 INFO             PET0 PIOc_freedecomp Enter - MemInfo: [malloc] Top-most, releasable space:                   109760 Byte
20220313 063049.680 INFO             PET0 PIOc_freedecomp Enter - MemInfo: [malloc] Total space in use, mmap + non-mmap:         4633088 Byte
20220313 063049.680 INFO             PET0 PIOc_freedecomp Enter - MemInfo: [malloc] Total space held (mmap + non-mmap):         22257664 Byte
20220313 063049.680 INFO             PET0 PIOc_freedecomp Enter - MemInfo: [malloc] Total space used (mmap + non-mmap):          4642464 Byte
20220313 063049.680 INFO             PET0 PIOc_freedecomp Enter - MemInfo: Wall-clock time since execution start:              0.0250729 seconds
20220313 063049.680 INFO             PET0 PIOc_freedecomp Exit - MemInfo: [/proc/meminfo - SSI]	MemTotal:       65507008 kB
20220313 063049.680 INFO             PET0 PIOc_freedecomp Exit - MemInfo: [/proc/meminfo - SSI]	MemFree:        50226228 kB
20220313 063049.680 INFO             PET0 PIOc_freedecomp Exit - MemInfo: [/proc/meminfo - SSI]	MemAvailable:   49998008 kB
20220313 063049.680 INFO             PET0 PIOc_freedecomp Exit - MemInfo: [/proc/meminfo - SSI]	Committed_AS:   12878800 kB
20220313 063049.680 INFO             PET0 PIOc_freedecomp Exit - MemInfo: [/proc/meminfo - SSI]	CommittedPercent: 19.6602 %
20220313 063049.680 INFO             PET0 PIOc_freedecomp Exit - MemInfo: [/proc/self/status]	VmPeak:	  531552 kB
20220313 063049.680 INFO             PET0 PIOc_freedecomp Exit - MemInfo: [/proc/self/status]	VmSize:	  523364 kB
20220313 063049.680 INFO             PET0 PIOc_freedecomp Exit - MemInfo: [/proc/self/status]	VmLck:	       0 kB
20220313 063049.680 INFO             PET0 PIOc_freedecomp Exit - MemInfo: [/proc/self/status]	VmPin:	       0 kB
20220313 063049.680 INFO             PET0 PIOc_freedecomp Exit - MemInfo: [/proc/self/status]	VmHWM:	   64796 kB
20220313 063049.680 INFO             PET0 PIOc_freedecomp Exit - MemInfo: [/proc/self/status]	VmRSS:	   28644 kB
20220313 063049.680 INFO             PET0 PIOc_freedecomp Exit - MemInfo: [/proc/self/status]	VmData:	   32240 kB
20220313 063049.680 INFO             PET0 PIOc_freedecomp Exit - MemInfo: [/proc/self/status]	VmStk:	     148 kB
20220313 063049.680 INFO             PET0 PIOc_freedecomp Exit - MemInfo: [/proc/self/status]	VmExe:	     216 kB
20220313 063049.680 INFO             PET0 PIOc_freedecomp Exit - MemInfo: [/proc/self/status]	VmLib:	   49404 kB
20220313 063049.680 INFO             PET0 PIOc_freedecomp Exit - MemInfo: [/proc/self/status]	VmPTE:	     756 kB
20220313 063049.680 INFO             PET0 PIOc_freedecomp Exit - MemInfo: [/proc/self/status]	VmPMD:	      16 kB
20220313 063049.680 INFO             PET0 PIOc_freedecomp Exit - MemInfo: [/proc/self/status]	VmSwap:	       0 kB
20220313 063049.680 INFO             PET0 PIOc_freedecomp Exit - MemInfo: [/proc/self/status]	VmRSSPercent: 0.0437266 %
20220313 063049.680 INFO             PET0 PIOc_freedecomp Exit - MemInfo: [malloc] Non-mmapped space allocated:                20676608 Byte
20220313 063049.680 INFO             PET0 PIOc_freedecomp Exit - MemInfo: [malloc] Space allocated in mmapped regions:          1581056 Byte
20220313 063049.680 INFO             PET0 PIOc_freedecomp Exit - MemInfo: [malloc] Maximum total allocated space:                     0 Byte
20220313 063049.680 INFO             PET0 PIOc_freedecomp Exit - MemInfo: [malloc] Space in freed fastbin blocks:                  4064 Byte
20220313 063049.680 INFO             PET0 PIOc_freedecomp Exit - MemInfo: [malloc] Total allocated space:                       3045200 Byte
20220313 063049.680 INFO             PET0 PIOc_freedecomp Exit - MemInfo: [malloc] Total free space:                           17631408 Byte
20220313 063049.680 INFO             PET0 PIOc_freedecomp Exit - MemInfo: [malloc] Top-most, releasable space:                   109760 Byte
20220313 063049.680 INFO             PET0 PIOc_freedecomp Exit - MemInfo: [malloc] Total space in use, mmap + non-mmap:         4626256 Byte
20220313 063049.680 INFO             PET0 PIOc_freedecomp Exit - MemInfo: [malloc] Total space held (mmap + non-mmap):         22257664 Byte
20220313 063049.680 INFO             PET0 PIOc_freedecomp Exit - MemInfo: [malloc] Total space used (mmap + non-mmap):          4635632 Byte
20220313 063049.680 INFO             PET0 PIOc_freedecomp Exit - MemInfo: Wall-clock time since execution start:               0.025283 seconds
20220313 063049.681 INFO             PET0 PIOc_sync Enter - MemInfo: [/proc/meminfo - SSI]	MemTotal:       65507008 kB
20220313 063049.681 INFO             PET0 PIOc_sync Enter - MemInfo: [/proc/meminfo - SSI]	MemFree:        50226228 kB
20220313 063049.681 INFO             PET0 PIOc_sync Enter - MemInfo: [/proc/meminfo - SSI]	MemAvailable:   49998008 kB
20220313 063049.681 INFO             PET0 PIOc_sync Enter - MemInfo: [/proc/meminfo - SSI]	Committed_AS:   12878800 kB
20220313 063049.681 INFO             PET0 PIOc_sync Enter - MemInfo: [/proc/meminfo - SSI]	CommittedPercent: 19.6602 %
20220313 063049.681 INFO             PET0 PIOc_sync Enter - MemInfo: [/proc/self/status]	VmPeak:	  531552 kB
20220313 063049.681 INFO             PET0 PIOc_sync Enter - MemInfo: [/proc/self/status]	VmSize:	  523364 kB
20220313 063049.681 INFO             PET0 PIOc_sync Enter - MemInfo: [/proc/self/status]	VmLck:	       0 kB
20220313 063049.681 INFO             PET0 PIOc_sync Enter - MemInfo: [/proc/self/status]	VmPin:	       0 kB
20220313 063049.681 INFO             PET0 PIOc_sync Enter - MemInfo: [/proc/self/status]	VmHWM:	   64796 kB
20220313 063049.681 INFO             PET0 PIOc_sync Enter - MemInfo: [/proc/self/status]	VmRSS:	   28644 kB
20220313 063049.681 INFO             PET0 PIOc_sync Enter - MemInfo: [/proc/self/status]	VmData:	   32240 kB
20220313 063049.681 INFO             PET0 PIOc_sync Enter - MemInfo: [/proc/self/status]	VmStk:	     148 kB
20220313 063049.681 INFO             PET0 PIOc_sync Enter - MemInfo: [/proc/self/status]	VmExe:	     216 kB
20220313 063049.681 INFO             PET0 PIOc_sync Enter - MemInfo: [/proc/self/status]	VmLib:	   49404 kB
20220313 063049.681 INFO             PET0 PIOc_sync Enter - MemInfo: [/proc/self/status]	VmPTE:	     756 kB
20220313 063049.681 INFO             PET0 PIOc_sync Enter - MemInfo: [/proc/self/status]	VmPMD:	      16 kB
20220313 063049.681 INFO             PET0 PIOc_sync Enter - MemInfo: [/proc/self/status]	VmSwap:	       0 kB
20220313 063049.681 INFO             PET0 PIOc_sync Enter - MemInfo: [/proc/self/status]	VmRSSPercent: 0.0437266 %
20220313 063049.681 INFO             PET0 PIOc_sync Enter - MemInfo: [malloc] Non-mmapped space allocated:                20676608 Byte
20220313 063049.681 INFO             PET0 PIOc_sync Enter - MemInfo: [malloc] Space allocated in mmapped regions:          1581056 Byte
20220313 063049.681 INFO             PET0 PIOc_sync Enter - MemInfo: [malloc] Maximum total allocated space:                     0 Byte
20220313 063049.681 INFO             PET0 PIOc_sync Enter - MemInfo: [malloc] Space in freed fastbin blocks:                   912 Byte
20220313 063049.681 INFO             PET0 PIOc_sync Enter - MemInfo: [malloc] Total allocated space:                      20364288 Byte
20220313 063049.681 INFO             PET0 PIOc_sync Enter - MemInfo: [malloc] Total free space:                             312320 Byte
20220313 063049.681 INFO             PET0 PIOc_sync Enter - MemInfo: [malloc] Top-most, releasable space:                   112528 Byte
20220313 063049.681 INFO             PET0 PIOc_sync Enter - MemInfo: [malloc] Total space in use, mmap + non-mmap:        21945344 Byte
20220313 063049.681 INFO             PET0 PIOc_sync Enter - MemInfo: [malloc] Total space held (mmap + non-mmap):         22257664 Byte
20220313 063049.681 INFO             PET0 PIOc_sync Enter - MemInfo: [malloc] Total space used (mmap + non-mmap):         21954736 Byte
20220313 063049.681 INFO             PET0 PIOc_sync Enter - MemInfo: Wall-clock time since execution start:              0.0263087 seconds
20220313 063049.681 INFO             PET0 PIOc_sync Exit - MemInfo: [/proc/meminfo - SSI]	MemTotal:       65507008 kB
20220313 063049.681 INFO             PET0 PIOc_sync Exit - MemInfo: [/proc/meminfo - SSI]	MemFree:        50226228 kB
20220313 063049.681 INFO             PET0 PIOc_sync Exit - MemInfo: [/proc/meminfo - SSI]	MemAvailable:   49998008 kB
20220313 063049.681 INFO             PET0 PIOc_sync Exit - MemInfo: [/proc/meminfo - SSI]	Committed_AS:   12878800 kB
20220313 063049.681 INFO             PET0 PIOc_sync Exit - MemInfo: [/proc/meminfo - SSI]	CommittedPercent: 19.6602 %
20220313 063049.681 INFO             PET0 PIOc_sync Exit - MemInfo: [/proc/self/status]	VmPeak:	  531552 kB
20220313 063049.681 INFO             PET0 PIOc_sync Exit - MemInfo: [/proc/self/status]	VmSize:	  523364 kB
20220313 063049.681 INFO             PET0 PIOc_sync Exit - MemInfo: [/proc/self/status]	VmLck:	       0 kB
20220313 063049.681 INFO             PET0 PIOc_sync Exit - MemInfo: [/proc/self/status]	VmPin:	       0 kB
20220313 063049.681 INFO             PET0 PIOc_sync Exit - MemInfo: [/proc/self/status]	VmHWM:	   64796 kB
20220313 063049.681 INFO             PET0 PIOc_sync Exit - MemInfo: [/proc/self/status]	VmRSS:	   28644 kB
20220313 063049.681 INFO             PET0 PIOc_sync Exit - MemInfo: [/proc/self/status]	VmData:	   32240 kB
20220313 063049.681 INFO             PET0 PIOc_sync Exit - MemInfo: [/proc/self/status]	VmStk:	     148 kB
20220313 063049.681 INFO             PET0 PIOc_sync Exit - MemInfo: [/proc/self/status]	VmExe:	     216 kB
20220313 063049.681 INFO             PET0 PIOc_sync Exit - MemInfo: [/proc/self/status]	VmLib:	   49404 kB
20220313 063049.681 INFO             PET0 PIOc_sync Exit - MemInfo: [/proc/self/status]	VmPTE:	     756 kB
20220313 063049.681 INFO             PET0 PIOc_sync Exit - MemInfo: [/proc/self/status]	VmPMD:	      16 kB
20220313 063049.681 INFO             PET0 PIOc_sync Exit - MemInfo: [/proc/self/status]	VmSwap:	       0 kB
20220313 063049.681 INFO             PET0 PIOc_sync Exit - MemInfo: [/proc/self/status]	VmRSSPercent: 0.0437266 %
20220313 063049.681 INFO             PET0 PIOc_sync Exit - MemInfo: [malloc] Non-mmapped space allocated:                20676608 Byte
20220313 063049.681 INFO             PET0 PIOc_sync Exit - MemInfo: [malloc] Space allocated in mmapped regions:          1581056 Byte
20220313 063049.681 INFO             PET0 PIOc_sync Exit - MemInfo: [malloc] Maximum total allocated space:                     0 Byte
20220313 063049.681 INFO             PET0 PIOc_sync Exit - MemInfo: [malloc] Space in freed fastbin blocks:                  2400 Byte
20220313 063049.681 INFO             PET0 PIOc_sync Exit - MemInfo: [malloc] Total allocated space:                      20369072 Byte
20220313 063049.681 INFO             PET0 PIOc_sync Exit - MemInfo: [malloc] Total free space:                             307536 Byte
20220313 063049.681 INFO             PET0 PIOc_sync Exit - MemInfo: [malloc] Top-most, releasable space:                   103328 Byte
20220313 063049.681 INFO             PET0 PIOc_sync Exit - MemInfo: [malloc] Total space in use, mmap + non-mmap:        21950128 Byte
20220313 063049.681 INFO             PET0 PIOc_sync Exit - MemInfo: [malloc] Total space held (mmap + non-mmap):         22257664 Byte
20220313 063049.681 INFO             PET0 PIOc_sync Exit - MemInfo: [malloc] Total space used (mmap + non-mmap):         21959520 Byte
20220313 063049.681 INFO             PET0 PIOc_sync Exit - MemInfo: Wall-clock time since execution start:              0.0265856 seconds
20220313 063049.682 INFO             PET0 PIOc_freedecomp Enter - MemInfo: [/proc/meminfo - SSI]	MemTotal:       65507008 kB
20220313 063049.682 INFO             PET0 PIOc_freedecomp Enter - MemInfo: [/proc/meminfo - SSI]	MemFree:        50226228 kB
20220313 063049.682 INFO             PET0 PIOc_freedecomp Enter - MemInfo: [/proc/meminfo - SSI]	MemAvailable:   49998008 kB
20220313 063049.682 INFO             PET0 PIOc_freedecomp Enter - MemInfo: [/proc/meminfo - SSI]	Committed_AS:   12878800 kB
20220313 063049.682 INFO             PET0 PIOc_freedecomp Enter - MemInfo: [/proc/meminfo - SSI]	CommittedPercent: 19.6602 %
20220313 063049.682 INFO             PET0 PIOc_freedecomp Enter - MemInfo: [/proc/self/status]	VmPeak:	  531552 kB
20220313 063049.682 INFO             PET0 PIOc_freedecomp Enter - MemInfo: [/proc/self/status]	VmSize:	  523364 kB
20220313 063049.682 INFO             PET0 PIOc_freedecomp Enter - MemInfo: [/proc/self/status]	VmLck:	       0 kB
20220313 063049.682 INFO             PET0 PIOc_freedecomp Enter - MemInfo: [/proc/self/status]	VmPin:	       0 kB
20220313 063049.682 INFO             PET0 PIOc_freedecomp Enter - MemInfo: [/proc/self/status]	VmHWM:	   64796 kB
20220313 063049.682 INFO             PET0 PIOc_freedecomp Enter - MemInfo: [/proc/self/status]	VmRSS:	   28644 kB
20220313 063049.682 INFO             PET0 PIOc_freedecomp Enter - MemInfo: [/proc/self/status]	VmData:	   32240 kB
20220313 063049.682 INFO             PET0 PIOc_freedecomp Enter - MemInfo: [/proc/self/status]	VmStk:	     148 kB
20220313 063049.682 INFO             PET0 PIOc_freedecomp Enter - MemInfo: [/proc/self/status]	VmExe:	     216 kB
20220313 063049.682 INFO             PET0 PIOc_freedecomp Enter - MemInfo: [/proc/self/status]	VmLib:	   49404 kB
20220313 063049.682 INFO             PET0 PIOc_freedecomp Enter - MemInfo: [/proc/self/status]	VmPTE:	     756 kB
20220313 063049.682 INFO             PET0 PIOc_freedecomp Enter - MemInfo: [/proc/self/status]	VmPMD:	      16 kB
20220313 063049.682 INFO             PET0 PIOc_freedecomp Enter - MemInfo: [/proc/self/status]	VmSwap:	       0 kB
20220313 063049.682 INFO             PET0 PIOc_freedecomp Enter - MemInfo: [/proc/self/status]	VmRSSPercent: 0.0437266 %
20220313 063049.682 INFO             PET0 PIOc_freedecomp Enter - MemInfo: [malloc] Non-mmapped space allocated:                20676608 Byte
20220313 063049.682 INFO             PET0 PIOc_freedecomp Enter - MemInfo: [malloc] Space allocated in mmapped regions:          1581056 Byte
20220313 063049.682 INFO             PET0 PIOc_freedecomp Enter - MemInfo: [malloc] Maximum total allocated space:                     0 Byte
20220313 063049.682 INFO             PET0 PIOc_freedecomp Enter - MemInfo: [malloc] Space in freed fastbin blocks:                  1808 Byte
20220313 063049.682 INFO             PET0 PIOc_freedecomp Enter - MemInfo: [malloc] Total allocated space:                       3051968 Byte
20220313 063049.682 INFO             PET0 PIOc_freedecomp Enter - MemInfo: [malloc] Total free space:                           17624640 Byte
20220313 063049.682 INFO             PET0 PIOc_freedecomp Enter - MemInfo: [malloc] Top-most, releasable space:                   107728 Byte
20220313 063049.682 INFO             PET0 PIOc_freedecomp Enter - MemInfo: [malloc] Total space in use, mmap + non-mmap:         4633024 Byte
20220313 063049.682 INFO             PET0 PIOc_freedecomp Enter - MemInfo: [malloc] Total space held (mmap + non-mmap):         22257664 Byte
20220313 063049.682 INFO             PET0 PIOc_freedecomp Enter - MemInfo: [malloc] Total space used (mmap + non-mmap):          4642400 Byte
20220313 063049.682 INFO             PET0 PIOc_freedecomp Enter - MemInfo: Wall-clock time since execution start:              0.0268354 seconds
20220313 063049.682 INFO             PET0 PIOc_freedecomp Exit - MemInfo: [/proc/meminfo - SSI]	MemTotal:       65507008 kB
20220313 063049.682 INFO             PET0 PIOc_freedecomp Exit - MemInfo: [/proc/meminfo - SSI]	MemFree:        50226228 kB
20220313 063049.682 INFO             PET0 PIOc_freedecomp Exit - MemInfo: [/proc/meminfo - SSI]	MemAvailable:   49998008 kB
20220313 063049.682 INFO             PET0 PIOc_freedecomp Exit - MemInfo: [/proc/meminfo - SSI]	Committed_AS:   12878800 kB
20220313 063049.682 INFO             PET0 PIOc_freedecomp Exit - MemInfo: [/proc/meminfo - SSI]	CommittedPercent: 19.6602 %
20220313 063049.682 INFO             PET0 PIOc_freedecomp Exit - MemInfo: [/proc/self/status]	VmPeak:	  531552 kB
20220313 063049.682 INFO             PET0 PIOc_freedecomp Exit - MemInfo: [/proc/self/status]	VmSize:	  523364 kB
20220313 063049.682 INFO             PET0 PIOc_freedecomp Exit - MemInfo: [/proc/self/status]	VmLck:	       0 kB
20220313 063049.682 INFO             PET0 PIOc_freedecomp Exit - MemInfo: [/proc/self/status]	VmPin:	       0 kB
20220313 063049.682 INFO             PET0 PIOc_freedecomp Exit - MemInfo: [/proc/self/status]	VmHWM:	   64796 kB
20220313 063049.682 INFO             PET0 PIOc_freedecomp Exit - MemInfo: [/proc/self/status]	VmRSS:	   28644 kB
20220313 063049.682 INFO             PET0 PIOc_freedecomp Exit - MemInfo: [/proc/self/status]	VmData:	   32240 kB
20220313 063049.682 INFO             PET0 PIOc_freedecomp Exit - MemInfo: [/proc/self/status]	VmStk:	     148 kB
20220313 063049.682 INFO             PET0 PIOc_freedecomp Exit - MemInfo: [/proc/self/status]	VmExe:	     216 kB
20220313 063049.682 INFO             PET0 PIOc_freedecomp Exit - MemInfo: [/proc/self/status]	VmLib:	   49404 kB
20220313 063049.682 INFO             PET0 PIOc_freedecomp Exit - MemInfo: [/proc/self/status]	VmPTE:	     756 kB
20220313 063049.682 INFO             PET0 PIOc_freedecomp Exit - MemInfo: [/proc/self/status]	VmPMD:	      16 kB
20220313 063049.682 INFO             PET0 PIOc_freedecomp Exit - MemInfo: [/proc/self/status]	VmSwap:	       0 kB
20220313 063049.682 INFO             PET0 PIOc_freedecomp Exit - MemInfo: [/proc/self/status]	VmRSSPercent: 0.0437266 %
20220313 063049.682 INFO             PET0 PIOc_freedecomp Exit - MemInfo: [malloc] Non-mmapped space allocated:                20676608 Byte
20220313 063049.682 INFO             PET0 PIOc_freedecomp Exit - MemInfo: [malloc] Space allocated in mmapped regions:          1581056 Byte
20220313 063049.682 INFO             PET0 PIOc_freedecomp Exit - MemInfo: [malloc] Maximum total allocated space:                     0 Byte
20220313 063049.682 INFO             PET0 PIOc_freedecomp Exit - MemInfo: [malloc] Space in freed fastbin blocks:                  1808 Byte
20220313 063049.682 INFO             PET0 PIOc_freedecomp Exit - MemInfo: [malloc] Total allocated space:                       3045184 Byte
20220313 063049.682 INFO             PET0 PIOc_freedecomp Exit - MemInfo: [malloc] Total free space:                           17631424 Byte
20220313 063049.682 INFO             PET0 PIOc_freedecomp Exit - MemInfo: [malloc] Top-most, releasable space:                   115424 Byte
20220313 063049.682 INFO             PET0 PIOc_freedecomp Exit - MemInfo: [malloc] Total space in use, mmap + non-mmap:         4626240 Byte
20220313 063049.682 INFO             PET0 PIOc_freedecomp Exit - MemInfo: [malloc] Total space held (mmap + non-mmap):         22257664 Byte
20220313 063049.682 INFO             PET0 PIOc_freedecomp Exit - MemInfo: [malloc] Total space used (mmap + non-mmap):          4635616 Byte
20220313 063049.682 INFO             PET0 PIOc_freedecomp Exit - MemInfo: Wall-clock time since execution start:              0.0270487 seconds
20220313 063049.689 INFO             PET0  NUMBER_OF_PROCESSORS           4
20220313 063049.689 INFO             PET0  PASS  Example ESMF_RHandleBitForBitEx, ESMF_RHandleBitForBitEx.F90, line 1557
20220313 063049.689 INFO             PET0 Finalizing ESMF
20220313 063049.657 INFO             PET1 !!!!!!!!!!!!!!!!!!!!!!!!!!!!!!!!!!!!!!!!!!!!!!!!!!!!!!
20220313 063049.657 INFO             PET1 !!! THE ESMF_LOG IS SET TO OUTPUT ALL LOG MESSAGES !!!
20220313 063049.657 INFO             PET1 !!!     THIS MAY CAUSE SLOWDOWN IN PERFORMANCE     !!!
20220313 063049.657 INFO             PET1 !!! FOR PRODUCTION RUNS, USE:                      !!!
20220313 063049.657 INFO             PET1 !!!                   ESMF_LOGKIND_Multi_On_Error  !!!
20220313 063049.657 INFO             PET1 !!!!!!!!!!!!!!!!!!!!!!!!!!!!!!!!!!!!!!!!!!!!!!!!!!!!!!
20220313 063049.657 INFO             PET1 Running with ESMF Version   : v8.3.0b09-96-g559b459836
20220313 063049.657 INFO             PET1 ESMF library build date/time: "Mar 13 2022" "05:59:55"
20220313 063049.657 INFO             PET1 ESMF library build location : /glade/scratch/rlong/esmf-testing/gfortran_9.1.0_openmpi_O_jedwards_pio_update2
20220313 063049.657 INFO             PET1 ESMF_COMM                   : openmpi
20220313 063049.657 INFO             PET1 ESMF_MOAB                   : enabled
20220313 063049.657 INFO             PET1 ESMF_LAPACK                 : enabled
20220313 063049.657 INFO             PET1 ESMF_NETCDF                 : enabled
20220313 063049.657 INFO             PET1 ESMF_PNETCDF                : disabled
20220313 063049.657 INFO             PET1 ESMF_PIO                    : enabled
20220313 063049.657 INFO             PET1 ESMF_YAMLCPP                : enabled
20220313 063049.669 INFO             PET1 PIOc_sync Enter - MemInfo: [/proc/meminfo - SSI]	MemTotal:       65507008 kB
20220313 063049.669 INFO             PET1 PIOc_sync Enter - MemInfo: [/proc/meminfo - SSI]	MemFree:        50218668 kB
20220313 063049.669 INFO             PET1 PIOc_sync Enter - MemInfo: [/proc/meminfo - SSI]	MemAvailable:   49990448 kB
20220313 063049.669 INFO             PET1 PIOc_sync Enter - MemInfo: [/proc/meminfo - SSI]	Committed_AS:   12878780 kB
20220313 063049.669 INFO             PET1 PIOc_sync Enter - MemInfo: [/proc/meminfo - SSI]	CommittedPercent: 19.6602 %
20220313 063049.669 INFO             PET1 PIOc_sync Enter - MemInfo: [/proc/self/status]	VmPeak:	  506364 kB
20220313 063049.669 INFO             PET1 PIOc_sync Enter - MemInfo: [/proc/self/status]	VmSize:	  506364 kB
20220313 063049.669 INFO             PET1 PIOc_sync Enter - MemInfo: [/proc/self/status]	VmLck:	       0 kB
20220313 063049.669 INFO             PET1 PIOc_sync Enter - MemInfo: [/proc/self/status]	VmPin:	       0 kB
20220313 063049.669 INFO             PET1 PIOc_sync Enter - MemInfo: [/proc/self/status]	VmHWM:	   64796 kB
20220313 063049.669 INFO             PET1 PIOc_sync Enter - MemInfo: [/proc/self/status]	VmRSS:	   18368 kB
20220313 063049.669 INFO             PET1 PIOc_sync Enter - MemInfo: [/proc/self/status]	VmData:	   15240 kB
20220313 063049.669 INFO             PET1 PIOc_sync Enter - MemInfo: [/proc/self/status]	VmStk:	     148 kB
20220313 063049.669 INFO             PET1 PIOc_sync Enter - MemInfo: [/proc/self/status]	VmExe:	     216 kB
20220313 063049.669 INFO             PET1 PIOc_sync Enter - MemInfo: [/proc/self/status]	VmLib:	   49404 kB
20220313 063049.669 INFO             PET1 PIOc_sync Enter - MemInfo: [/proc/self/status]	VmPTE:	     724 kB
20220313 063049.669 INFO             PET1 PIOc_sync Enter - MemInfo: [/proc/self/status]	VmPMD:	      12 kB
20220313 063049.669 INFO             PET1 PIOc_sync Enter - MemInfo: [/proc/self/status]	VmSwap:	       0 kB
20220313 063049.669 INFO             PET1 PIOc_sync Enter - MemInfo: [/proc/self/status]	VmRSSPercent: 0.0280397 %
20220313 063049.669 INFO             PET1 PIOc_sync Enter - MemInfo: [malloc] Non-mmapped space allocated:                 3268608 Byte
20220313 063049.669 INFO             PET1 PIOc_sync Enter - MemInfo: [malloc] Space allocated in mmapped regions:          1581056 Byte
20220313 063049.669 INFO             PET1 PIOc_sync Enter - MemInfo: [malloc] Maximum total allocated space:                     0 Byte
20220313 063049.669 INFO             PET1 PIOc_sync Enter - MemInfo: [malloc] Space in freed fastbin blocks:                  1184 Byte
20220313 063049.669 INFO             PET1 PIOc_sync Enter - MemInfo: [malloc] Total allocated space:                       2700832 Byte
20220313 063049.669 INFO             PET1 PIOc_sync Enter - MemInfo: [malloc] Total free space:                             567776 Byte
20220313 063049.669 INFO             PET1 PIOc_sync Enter - MemInfo: [malloc] Top-most, releasable space:                   135216 Byte
20220313 063049.669 INFO             PET1 PIOc_sync Enter - MemInfo: [malloc] Total space in use, mmap + non-mmap:         4281888 Byte
20220313 063049.669 INFO             PET1 PIOc_sync Enter - MemInfo: [malloc] Total space held (mmap + non-mmap):          4849664 Byte
20220313 063049.669 INFO             PET1 PIOc_sync Enter - MemInfo: [malloc] Total space used (mmap + non-mmap):          4291280 Byte
20220313 063049.669 INFO             PET1 PIOc_sync Enter - MemInfo: Wall-clock time since execution start:              0.0139638 seconds
20220313 063049.672 INFO             PET1 PIOc_sync Exit - MemInfo: [/proc/meminfo - SSI]	MemTotal:       65507008 kB
20220313 063049.672 INFO             PET1 PIOc_sync Exit - MemInfo: [/proc/meminfo - SSI]	MemFree:        50218164 kB
20220313 063049.672 INFO             PET1 PIOc_sync Exit - MemInfo: [/proc/meminfo - SSI]	MemAvailable:   49989944 kB
20220313 063049.672 INFO             PET1 PIOc_sync Exit - MemInfo: [/proc/meminfo - SSI]	Committed_AS:   12878780 kB
20220313 063049.672 INFO             PET1 PIOc_sync Exit - MemInfo: [/proc/meminfo - SSI]	CommittedPercent: 19.6602 %
20220313 063049.672 INFO             PET1 PIOc_sync Exit - MemInfo: [/proc/self/status]	VmPeak:	  506364 kB
20220313 063049.672 INFO             PET1 PIOc_sync Exit - MemInfo: [/proc/self/status]	VmSize:	  506364 kB
20220313 063049.672 INFO             PET1 PIOc_sync Exit - MemInfo: [/proc/self/status]	VmLck:	       0 kB
20220313 063049.672 INFO             PET1 PIOc_sync Exit - MemInfo: [/proc/self/status]	VmPin:	       0 kB
20220313 063049.672 INFO             PET1 PIOc_sync Exit - MemInfo: [/proc/self/status]	VmHWM:	   64796 kB
20220313 063049.672 INFO             PET1 PIOc_sync Exit - MemInfo: [/proc/self/status]	VmRSS:	   18452 kB
20220313 063049.672 INFO             PET1 PIOc_sync Exit - MemInfo: [/proc/self/status]	VmData:	   15240 kB
20220313 063049.672 INFO             PET1 PIOc_sync Exit - MemInfo: [/proc/self/status]	VmStk:	     148 kB
20220313 063049.672 INFO             PET1 PIOc_sync Exit - MemInfo: [/proc/self/status]	VmExe:	     216 kB
20220313 063049.672 INFO             PET1 PIOc_sync Exit - MemInfo: [/proc/self/status]	VmLib:	   49404 kB
20220313 063049.672 INFO             PET1 PIOc_sync Exit - MemInfo: [/proc/self/status]	VmPTE:	     724 kB
20220313 063049.672 INFO             PET1 PIOc_sync Exit - MemInfo: [/proc/self/status]	VmPMD:	      12 kB
20220313 063049.672 INFO             PET1 PIOc_sync Exit - MemInfo: [/proc/self/status]	VmSwap:	       0 kB
20220313 063049.672 INFO             PET1 PIOc_sync Exit - MemInfo: [/proc/self/status]	VmRSSPercent: 0.028168 %
20220313 063049.672 INFO             PET1 PIOc_sync Exit - MemInfo: [malloc] Non-mmapped space allocated:                 3268608 Byte
20220313 063049.672 INFO             PET1 PIOc_sync Exit - MemInfo: [malloc] Space allocated in mmapped regions:          1581056 Byte
20220313 063049.672 INFO             PET1 PIOc_sync Exit - MemInfo: [malloc] Maximum total allocated space:                     0 Byte
20220313 063049.672 INFO             PET1 PIOc_sync Exit - MemInfo: [malloc] Space in freed fastbin blocks:                  2688 Byte
20220313 063049.672 INFO             PET1 PIOc_sync Exit - MemInfo: [malloc] Total allocated space:                       2700752 Byte
20220313 063049.672 INFO             PET1 PIOc_sync Exit - MemInfo: [malloc] Total free space:                             567856 Byte
20220313 063049.672 INFO             PET1 PIOc_sync Exit - MemInfo: [malloc] Top-most, releasable space:                   135216 Byte
20220313 063049.672 INFO             PET1 PIOc_sync Exit - MemInfo: [malloc] Total space in use, mmap + non-mmap:         4281808 Byte
20220313 063049.672 INFO             PET1 PIOc_sync Exit - MemInfo: [malloc] Total space held (mmap + non-mmap):          4849664 Byte
20220313 063049.672 INFO             PET1 PIOc_sync Exit - MemInfo: [malloc] Total space used (mmap + non-mmap):          4291200 Byte
20220313 063049.672 INFO             PET1 PIOc_sync Exit - MemInfo: Wall-clock time since execution start:              0.0172934 seconds
20220313 063049.673 INFO             PET1 PIOc_freedecomp Enter - MemInfo: [/proc/meminfo - SSI]	MemTotal:       65507008 kB
20220313 063049.673 INFO             PET1 PIOc_freedecomp Enter - MemInfo: [/proc/meminfo - SSI]	MemFree:        50233284 kB
20220313 063049.673 INFO             PET1 PIOc_freedecomp Enter - MemInfo: [/proc/meminfo - SSI]	MemAvailable:   50005064 kB
20220313 063049.673 INFO             PET1 PIOc_freedecomp Enter - MemInfo: [/proc/meminfo - SSI]	Committed_AS:   12862392 kB
20220313 063049.673 INFO             PET1 PIOc_freedecomp Enter - MemInfo: [/proc/meminfo - SSI]	CommittedPercent: 19.6351 %
20220313 063049.673 INFO             PET1 PIOc_freedecomp Enter - MemInfo: [/proc/self/status]	VmPeak:	  506364 kB
20220313 063049.673 INFO             PET1 PIOc_freedecomp Enter - MemInfo: [/proc/self/status]	VmSize:	  506364 kB
20220313 063049.673 INFO             PET1 PIOc_freedecomp Enter - MemInfo: [/proc/self/status]	VmLck:	       0 kB
20220313 063049.673 INFO             PET1 PIOc_freedecomp Enter - MemInfo: [/proc/self/status]	VmPin:	       0 kB
20220313 063049.673 INFO             PET1 PIOc_freedecomp Enter - MemInfo: [/proc/self/status]	VmHWM:	   64796 kB
20220313 063049.673 INFO             PET1 PIOc_freedecomp Enter - MemInfo: [/proc/self/status]	VmRSS:	   18452 kB
20220313 063049.673 INFO             PET1 PIOc_freedecomp Enter - MemInfo: [/proc/self/status]	VmData:	   15240 kB
20220313 063049.673 INFO             PET1 PIOc_freedecomp Enter - MemInfo: [/proc/self/status]	VmStk:	     148 kB
20220313 063049.673 INFO             PET1 PIOc_freedecomp Enter - MemInfo: [/proc/self/status]	VmExe:	     216 kB
20220313 063049.673 INFO             PET1 PIOc_freedecomp Enter - MemInfo: [/proc/self/status]	VmLib:	   49404 kB
20220313 063049.673 INFO             PET1 PIOc_freedecomp Enter - MemInfo: [/proc/self/status]	VmPTE:	     724 kB
20220313 063049.673 INFO             PET1 PIOc_freedecomp Enter - MemInfo: [/proc/self/status]	VmPMD:	      12 kB
20220313 063049.673 INFO             PET1 PIOc_freedecomp Enter - MemInfo: [/proc/self/status]	VmSwap:	       0 kB
20220313 063049.673 INFO             PET1 PIOc_freedecomp Enter - MemInfo: [/proc/self/status]	VmRSSPercent: 0.028168 %
20220313 063049.673 INFO             PET1 PIOc_freedecomp Enter - MemInfo: [malloc] Non-mmapped space allocated:                 3268608 Byte
20220313 063049.673 INFO             PET1 PIOc_freedecomp Enter - MemInfo: [malloc] Space allocated in mmapped regions:          1581056 Byte
20220313 063049.673 INFO             PET1 PIOc_freedecomp Enter - MemInfo: [malloc] Maximum total allocated space:                     0 Byte
20220313 063049.673 INFO             PET1 PIOc_freedecomp Enter - MemInfo: [malloc] Space in freed fastbin blocks:                  2560 Byte
20220313 063049.673 INFO             PET1 PIOc_freedecomp Enter - MemInfo: [malloc] Total allocated space:                       2699136 Byte
20220313 063049.673 INFO             PET1 PIOc_freedecomp Enter - MemInfo: [malloc] Total free space:                             569472 Byte
20220313 063049.673 INFO             PET1 PIOc_freedecomp Enter - MemInfo: [malloc] Top-most, releasable space:                   135216 Byte
20220313 063049.673 INFO             PET1 PIOc_freedecomp Enter - MemInfo: [malloc] Total space in use, mmap + non-mmap:         4280192 Byte
20220313 063049.673 INFO             PET1 PIOc_freedecomp Enter - MemInfo: [malloc] Total space held (mmap + non-mmap):          4849664 Byte
20220313 063049.673 INFO             PET1 PIOc_freedecomp Enter - MemInfo: [malloc] Total space used (mmap + non-mmap):          4289568 Byte
20220313 063049.673 INFO             PET1 PIOc_freedecomp Enter - MemInfo: Wall-clock time since execution start:              0.0182701 seconds
20220313 063049.673 INFO             PET1 PIOc_freedecomp Exit - MemInfo: [/proc/meminfo - SSI]	MemTotal:       65507008 kB
20220313 063049.673 INFO             PET1 PIOc_freedecomp Exit - MemInfo: [/proc/meminfo - SSI]	MemFree:        50233284 kB
20220313 063049.673 INFO             PET1 PIOc_freedecomp Exit - MemInfo: [/proc/meminfo - SSI]	MemAvailable:   50005064 kB
20220313 063049.673 INFO             PET1 PIOc_freedecomp Exit - MemInfo: [/proc/meminfo - SSI]	Committed_AS:   12862392 kB
20220313 063049.673 INFO             PET1 PIOc_freedecomp Exit - MemInfo: [/proc/meminfo - SSI]	CommittedPercent: 19.6351 %
20220313 063049.673 INFO             PET1 PIOc_freedecomp Exit - MemInfo: [/proc/self/status]	VmPeak:	  506364 kB
20220313 063049.673 INFO             PET1 PIOc_freedecomp Exit - MemInfo: [/proc/self/status]	VmSize:	  506364 kB
20220313 063049.673 INFO             PET1 PIOc_freedecomp Exit - MemInfo: [/proc/self/status]	VmLck:	       0 kB
20220313 063049.673 INFO             PET1 PIOc_freedecomp Exit - MemInfo: [/proc/self/status]	VmPin:	       0 kB
20220313 063049.673 INFO             PET1 PIOc_freedecomp Exit - MemInfo: [/proc/self/status]	VmHWM:	   64796 kB
20220313 063049.673 INFO             PET1 PIOc_freedecomp Exit - MemInfo: [/proc/self/status]	VmRSS:	   18456 kB
20220313 063049.673 INFO             PET1 PIOc_freedecomp Exit - MemInfo: [/proc/self/status]	VmData:	   15240 kB
20220313 063049.673 INFO             PET1 PIOc_freedecomp Exit - MemInfo: [/proc/self/status]	VmStk:	     148 kB
20220313 063049.673 INFO             PET1 PIOc_freedecomp Exit - MemInfo: [/proc/self/status]	VmExe:	     216 kB
20220313 063049.673 INFO             PET1 PIOc_freedecomp Exit - MemInfo: [/proc/self/status]	VmLib:	   49404 kB
20220313 063049.673 INFO             PET1 PIOc_freedecomp Exit - MemInfo: [/proc/self/status]	VmPTE:	     724 kB
20220313 063049.673 INFO             PET1 PIOc_freedecomp Exit - MemInfo: [/proc/self/status]	VmPMD:	      12 kB
20220313 063049.673 INFO             PET1 PIOc_freedecomp Exit - MemInfo: [/proc/self/status]	VmSwap:	       0 kB
20220313 063049.673 INFO             PET1 PIOc_freedecomp Exit - MemInfo: [/proc/self/status]	VmRSSPercent: 0.0281741 %
20220313 063049.673 INFO             PET1 PIOc_freedecomp Exit - MemInfo: [malloc] Non-mmapped space allocated:                 3268608 Byte
20220313 063049.674 INFO             PET1 PIOc_freedecomp Exit - MemInfo: [malloc] Space allocated in mmapped regions:          1581056 Byte
20220313 063049.674 INFO             PET1 PIOc_freedecomp Exit - MemInfo: [malloc] Maximum total allocated space:                     0 Byte
20220313 063049.674 INFO             PET1 PIOc_freedecomp Exit - MemInfo: [malloc] Space in freed fastbin blocks:                  3008 Byte
20220313 063049.674 INFO             PET1 PIOc_freedecomp Exit - MemInfo: [malloc] Total allocated space:                       2697168 Byte
20220313 063049.674 INFO             PET1 PIOc_freedecomp Exit - MemInfo: [malloc] Total free space:                             571440 Byte
20220313 063049.674 INFO             PET1 PIOc_freedecomp Exit - MemInfo: [malloc] Top-most, releasable space:                   135216 Byte
20220313 063049.674 INFO             PET1 PIOc_freedecomp Exit - MemInfo: [malloc] Total space in use, mmap + non-mmap:         4278224 Byte
20220313 063049.674 INFO             PET1 PIOc_freedecomp Exit - MemInfo: [malloc] Total space held (mmap + non-mmap):          4849664 Byte
20220313 063049.674 INFO             PET1 PIOc_freedecomp Exit - MemInfo: [malloc] Total space used (mmap + non-mmap):          4287600 Byte
20220313 063049.674 INFO             PET1 PIOc_freedecomp Exit - MemInfo: Wall-clock time since execution start:              0.0184916 seconds
20220313 063049.677 INFO             PET1 PIOc_sync Enter - MemInfo: [/proc/meminfo - SSI]	MemTotal:       65507008 kB
20220313 063049.677 INFO             PET1 PIOc_sync Enter - MemInfo: [/proc/meminfo - SSI]	MemFree:        50226732 kB
20220313 063049.677 INFO             PET1 PIOc_sync Enter - MemInfo: [/proc/meminfo - SSI]	MemAvailable:   49998512 kB
20220313 063049.677 INFO             PET1 PIOc_sync Enter - MemInfo: [/proc/meminfo - SSI]	Committed_AS:   12878800 kB
20220313 063049.677 INFO             PET1 PIOc_sync Enter - MemInfo: [/proc/meminfo - SSI]	CommittedPercent: 19.6602 %
20220313 063049.677 INFO             PET1 PIOc_sync Enter - MemInfo: [/proc/self/status]	VmPeak:	  506364 kB
20220313 063049.677 INFO             PET1 PIOc_sync Enter - MemInfo: [/proc/self/status]	VmSize:	  506364 kB
20220313 063049.677 INFO             PET1 PIOc_sync Enter - MemInfo: [/proc/self/status]	VmLck:	       0 kB
20220313 063049.677 INFO             PET1 PIOc_sync Enter - MemInfo: [/proc/self/status]	VmPin:	       0 kB
20220313 063049.677 INFO             PET1 PIOc_sync Enter - MemInfo: [/proc/self/status]	VmHWM:	   64796 kB
20220313 063049.677 INFO             PET1 PIOc_sync Enter - MemInfo: [/proc/self/status]	VmRSS:	   18472 kB
20220313 063049.677 INFO             PET1 PIOc_sync Enter - MemInfo: [/proc/self/status]	VmData:	   15240 kB
20220313 063049.677 INFO             PET1 PIOc_sync Enter - MemInfo: [/proc/self/status]	VmStk:	     148 kB
20220313 063049.677 INFO             PET1 PIOc_sync Enter - MemInfo: [/proc/self/status]	VmExe:	     216 kB
20220313 063049.677 INFO             PET1 PIOc_sync Enter - MemInfo: [/proc/self/status]	VmLib:	   49404 kB
20220313 063049.677 INFO             PET1 PIOc_sync Enter - MemInfo: [/proc/self/status]	VmPTE:	     724 kB
20220313 063049.677 INFO             PET1 PIOc_sync Enter - MemInfo: [/proc/self/status]	VmPMD:	      12 kB
20220313 063049.677 INFO             PET1 PIOc_sync Enter - MemInfo: [/proc/self/status]	VmSwap:	       0 kB
20220313 063049.677 INFO             PET1 PIOc_sync Enter - MemInfo: [/proc/self/status]	VmRSSPercent: 0.0281985 %
20220313 063049.677 INFO             PET1 PIOc_sync Enter - MemInfo: [malloc] Non-mmapped space allocated:                 3268608 Byte
20220313 063049.677 INFO             PET1 PIOc_sync Enter - MemInfo: [malloc] Space allocated in mmapped regions:          1581056 Byte
20220313 063049.677 INFO             PET1 PIOc_sync Enter - MemInfo: [malloc] Maximum total allocated space:                     0 Byte
20220313 063049.678 INFO             PET1 PIOc_sync Enter - MemInfo: [malloc] Space in freed fastbin blocks:                  1296 Byte
20220313 063049.678 INFO             PET1 PIOc_sync Enter - MemInfo: [malloc] Total allocated space:                       2701008 Byte
20220313 063049.678 INFO             PET1 PIOc_sync Enter - MemInfo: [malloc] Total free space:                             567600 Byte
20220313 063049.678 INFO             PET1 PIOc_sync Enter - MemInfo: [malloc] Top-most, releasable space:                   135216 Byte
20220313 063049.678 INFO             PET1 PIOc_sync Enter - MemInfo: [malloc] Total space in use, mmap + non-mmap:         4282064 Byte
20220313 063049.678 INFO             PET1 PIOc_sync Enter - MemInfo: [malloc] Total space held (mmap + non-mmap):          4849664 Byte
20220313 063049.678 INFO             PET1 PIOc_sync Enter - MemInfo: [malloc] Total space used (mmap + non-mmap):          4291456 Byte
20220313 063049.678 INFO             PET1 PIOc_sync Enter - MemInfo: Wall-clock time since execution start:               0.022486 seconds
20220313 063049.678 INFO             PET1 PIOc_sync Exit - MemInfo: [/proc/meminfo - SSI]	MemTotal:       65507008 kB
20220313 063049.678 INFO             PET1 PIOc_sync Exit - MemInfo: [/proc/meminfo - SSI]	MemFree:        50226732 kB
20220313 063049.678 INFO             PET1 PIOc_sync Exit - MemInfo: [/proc/meminfo - SSI]	MemAvailable:   49998512 kB
20220313 063049.678 INFO             PET1 PIOc_sync Exit - MemInfo: [/proc/meminfo - SSI]	Committed_AS:   12878800 kB
20220313 063049.678 INFO             PET1 PIOc_sync Exit - MemInfo: [/proc/meminfo - SSI]	CommittedPercent: 19.6602 %
20220313 063049.678 INFO             PET1 PIOc_sync Exit - MemInfo: [/proc/self/status]	VmPeak:	  506364 kB
20220313 063049.678 INFO             PET1 PIOc_sync Exit - MemInfo: [/proc/self/status]	VmSize:	  506364 kB
20220313 063049.678 INFO             PET1 PIOc_sync Exit - MemInfo: [/proc/self/status]	VmLck:	       0 kB
20220313 063049.678 INFO             PET1 PIOc_sync Exit - MemInfo: [/proc/self/status]	VmPin:	       0 kB
20220313 063049.678 INFO             PET1 PIOc_sync Exit - MemInfo: [/proc/self/status]	VmHWM:	   64796 kB
20220313 063049.678 INFO             PET1 PIOc_sync Exit - MemInfo: [/proc/self/status]	VmRSS:	   18472 kB
20220313 063049.678 INFO             PET1 PIOc_sync Exit - MemInfo: [/proc/self/status]	VmData:	   15240 kB
20220313 063049.678 INFO             PET1 PIOc_sync Exit - MemInfo: [/proc/self/status]	VmStk:	     148 kB
20220313 063049.678 INFO             PET1 PIOc_sync Exit - MemInfo: [/proc/self/status]	VmExe:	     216 kB
20220313 063049.678 INFO             PET1 PIOc_sync Exit - MemInfo: [/proc/self/status]	VmLib:	   49404 kB
20220313 063049.678 INFO             PET1 PIOc_sync Exit - MemInfo: [/proc/self/status]	VmPTE:	     724 kB
20220313 063049.678 INFO             PET1 PIOc_sync Exit - MemInfo: [/proc/self/status]	VmPMD:	      12 kB
20220313 063049.678 INFO             PET1 PIOc_sync Exit - MemInfo: [/proc/self/status]	VmSwap:	       0 kB
20220313 063049.678 INFO             PET1 PIOc_sync Exit - MemInfo: [/proc/self/status]	VmRSSPercent: 0.0281985 %
20220313 063049.678 INFO             PET1 PIOc_sync Exit - MemInfo: [malloc] Non-mmapped space allocated:                 3268608 Byte
20220313 063049.678 INFO             PET1 PIOc_sync Exit - MemInfo: [malloc] Space allocated in mmapped regions:          1581056 Byte
20220313 063049.678 INFO             PET1 PIOc_sync Exit - MemInfo: [malloc] Maximum total allocated space:                     0 Byte
20220313 063049.678 INFO             PET1 PIOc_sync Exit - MemInfo: [malloc] Space in freed fastbin blocks:                  2704 Byte
20220313 063049.678 INFO             PET1 PIOc_sync Exit - MemInfo: [malloc] Total allocated space:                       2700944 Byte
20220313 063049.678 INFO             PET1 PIOc_sync Exit - MemInfo: [malloc] Total free space:                             567664 Byte
20220313 063049.678 INFO             PET1 PIOc_sync Exit - MemInfo: [malloc] Top-most, releasable space:                   135216 Byte
20220313 063049.678 INFO             PET1 PIOc_sync Exit - MemInfo: [malloc] Total space in use, mmap + non-mmap:         4282000 Byte
20220313 063049.678 INFO             PET1 PIOc_sync Exit - MemInfo: [malloc] Total space held (mmap + non-mmap):          4849664 Byte
20220313 063049.678 INFO             PET1 PIOc_sync Exit - MemInfo: [malloc] Total space used (mmap + non-mmap):          4291392 Byte
20220313 063049.678 INFO             PET1 PIOc_sync Exit - MemInfo: Wall-clock time since execution start:              0.0227803 seconds
20220313 063049.678 INFO             PET1 PIOc_freedecomp Enter - MemInfo: [/proc/meminfo - SSI]	MemTotal:       65507008 kB
20220313 063049.678 INFO             PET1 PIOc_freedecomp Enter - MemInfo: [/proc/meminfo - SSI]	MemFree:        50226732 kB
20220313 063049.678 INFO             PET1 PIOc_freedecomp Enter - MemInfo: [/proc/meminfo - SSI]	MemAvailable:   49998512 kB
20220313 063049.678 INFO             PET1 PIOc_freedecomp Enter - MemInfo: [/proc/meminfo - SSI]	Committed_AS:   12878800 kB
20220313 063049.678 INFO             PET1 PIOc_freedecomp Enter - MemInfo: [/proc/meminfo - SSI]	CommittedPercent: 19.6602 %
20220313 063049.678 INFO             PET1 PIOc_freedecomp Enter - MemInfo: [/proc/self/status]	VmPeak:	  506364 kB
20220313 063049.678 INFO             PET1 PIOc_freedecomp Enter - MemInfo: [/proc/self/status]	VmSize:	  506364 kB
20220313 063049.678 INFO             PET1 PIOc_freedecomp Enter - MemInfo: [/proc/self/status]	VmLck:	       0 kB
20220313 063049.678 INFO             PET1 PIOc_freedecomp Enter - MemInfo: [/proc/self/status]	VmPin:	       0 kB
20220313 063049.678 INFO             PET1 PIOc_freedecomp Enter - MemInfo: [/proc/self/status]	VmHWM:	   64796 kB
20220313 063049.678 INFO             PET1 PIOc_freedecomp Enter - MemInfo: [/proc/self/status]	VmRSS:	   18472 kB
20220313 063049.678 INFO             PET1 PIOc_freedecomp Enter - MemInfo: [/proc/self/status]	VmData:	   15240 kB
20220313 063049.678 INFO             PET1 PIOc_freedecomp Enter - MemInfo: [/proc/self/status]	VmStk:	     148 kB
20220313 063049.678 INFO             PET1 PIOc_freedecomp Enter - MemInfo: [/proc/self/status]	VmExe:	     216 kB
20220313 063049.678 INFO             PET1 PIOc_freedecomp Enter - MemInfo: [/proc/self/status]	VmLib:	   49404 kB
20220313 063049.678 INFO             PET1 PIOc_freedecomp Enter - MemInfo: [/proc/self/status]	VmPTE:	     724 kB
20220313 063049.678 INFO             PET1 PIOc_freedecomp Enter - MemInfo: [/proc/self/status]	VmPMD:	      12 kB
20220313 063049.678 INFO             PET1 PIOc_freedecomp Enter - MemInfo: [/proc/self/status]	VmSwap:	       0 kB
20220313 063049.678 INFO             PET1 PIOc_freedecomp Enter - MemInfo: [/proc/self/status]	VmRSSPercent: 0.0281985 %
20220313 063049.678 INFO             PET1 PIOc_freedecomp Enter - MemInfo: [malloc] Non-mmapped space allocated:                 3268608 Byte
20220313 063049.678 INFO             PET1 PIOc_freedecomp Enter - MemInfo: [malloc] Space allocated in mmapped regions:          1581056 Byte
20220313 063049.678 INFO             PET1 PIOc_freedecomp Enter - MemInfo: [malloc] Maximum total allocated space:                     0 Byte
20220313 063049.678 INFO             PET1 PIOc_freedecomp Enter - MemInfo: [malloc] Space in freed fastbin blocks:                  2416 Byte
20220313 063049.678 INFO             PET1 PIOc_freedecomp Enter - MemInfo: [malloc] Total allocated space:                       2699184 Byte
20220313 063049.678 INFO             PET1 PIOc_freedecomp Enter - MemInfo: [malloc] Total free space:                             569424 Byte
20220313 063049.678 INFO             PET1 PIOc_freedecomp Enter - MemInfo: [malloc] Top-most, releasable space:                   135216 Byte
20220313 063049.678 INFO             PET1 PIOc_freedecomp Enter - MemInfo: [malloc] Total space in use, mmap + non-mmap:         4280240 Byte
20220313 063049.678 INFO             PET1 PIOc_freedecomp Enter - MemInfo: [malloc] Total space held (mmap + non-mmap):          4849664 Byte
20220313 063049.678 INFO             PET1 PIOc_freedecomp Enter - MemInfo: [malloc] Total space used (mmap + non-mmap):          4289616 Byte
20220313 063049.678 INFO             PET1 PIOc_freedecomp Enter - MemInfo: Wall-clock time since execution start:              0.0230386 seconds
20220313 063049.678 INFO             PET1 PIOc_freedecomp Exit - MemInfo: [/proc/meminfo - SSI]	MemTotal:       65507008 kB
20220313 063049.678 INFO             PET1 PIOc_freedecomp Exit - MemInfo: [/proc/meminfo - SSI]	MemFree:        50226732 kB
20220313 063049.678 INFO             PET1 PIOc_freedecomp Exit - MemInfo: [/proc/meminfo - SSI]	MemAvailable:   49998512 kB
20220313 063049.678 INFO             PET1 PIOc_freedecomp Exit - MemInfo: [/proc/meminfo - SSI]	Committed_AS:   12878800 kB
20220313 063049.678 INFO             PET1 PIOc_freedecomp Exit - MemInfo: [/proc/meminfo - SSI]	CommittedPercent: 19.6602 %
20220313 063049.678 INFO             PET1 PIOc_freedecomp Exit - MemInfo: [/proc/self/status]	VmPeak:	  506364 kB
20220313 063049.678 INFO             PET1 PIOc_freedecomp Exit - MemInfo: [/proc/self/status]	VmSize:	  506364 kB
20220313 063049.678 INFO             PET1 PIOc_freedecomp Exit - MemInfo: [/proc/self/status]	VmLck:	       0 kB
20220313 063049.678 INFO             PET1 PIOc_freedecomp Exit - MemInfo: [/proc/self/status]	VmPin:	       0 kB
20220313 063049.678 INFO             PET1 PIOc_freedecomp Exit - MemInfo: [/proc/self/status]	VmHWM:	   64796 kB
20220313 063049.678 INFO             PET1 PIOc_freedecomp Exit - MemInfo: [/proc/self/status]	VmRSS:	   18472 kB
20220313 063049.678 INFO             PET1 PIOc_freedecomp Exit - MemInfo: [/proc/self/status]	VmData:	   15240 kB
20220313 063049.678 INFO             PET1 PIOc_freedecomp Exit - MemInfo: [/proc/self/status]	VmStk:	     148 kB
20220313 063049.678 INFO             PET1 PIOc_freedecomp Exit - MemInfo: [/proc/self/status]	VmExe:	     216 kB
20220313 063049.678 INFO             PET1 PIOc_freedecomp Exit - MemInfo: [/proc/self/status]	VmLib:	   49404 kB
20220313 063049.678 INFO             PET1 PIOc_freedecomp Exit - MemInfo: [/proc/self/status]	VmPTE:	     724 kB
20220313 063049.678 INFO             PET1 PIOc_freedecomp Exit - MemInfo: [/proc/self/status]	VmPMD:	      12 kB
20220313 063049.678 INFO             PET1 PIOc_freedecomp Exit - MemInfo: [/proc/self/status]	VmSwap:	       0 kB
20220313 063049.678 INFO             PET1 PIOc_freedecomp Exit - MemInfo: [/proc/self/status]	VmRSSPercent: 0.0281985 %
20220313 063049.678 INFO             PET1 PIOc_freedecomp Exit - MemInfo: [malloc] Non-mmapped space allocated:                 3268608 Byte
20220313 063049.678 INFO             PET1 PIOc_freedecomp Exit - MemInfo: [malloc] Space allocated in mmapped regions:          1581056 Byte
20220313 063049.678 INFO             PET1 PIOc_freedecomp Exit - MemInfo: [malloc] Maximum total allocated space:                     0 Byte
20220313 063049.678 INFO             PET1 PIOc_freedecomp Exit - MemInfo: [malloc] Space in freed fastbin blocks:                  3136 Byte
20220313 063049.678 INFO             PET1 PIOc_freedecomp Exit - MemInfo: [malloc] Total allocated space:                       2697200 Byte
20220313 063049.678 INFO             PET1 PIOc_freedecomp Exit - MemInfo: [malloc] Total free space:                             571408 Byte
20220313 063049.678 INFO             PET1 PIOc_freedecomp Exit - MemInfo: [malloc] Top-most, releasable space:                   135216 Byte
20220313 063049.678 INFO             PET1 PIOc_freedecomp Exit - MemInfo: [malloc] Total space in use, mmap + non-mmap:         4278256 Byte
20220313 063049.678 INFO             PET1 PIOc_freedecomp Exit - MemInfo: [malloc] Total space held (mmap + non-mmap):          4849664 Byte
20220313 063049.678 INFO             PET1 PIOc_freedecomp Exit - MemInfo: [malloc] Total space used (mmap + non-mmap):          4287632 Byte
20220313 063049.678 INFO             PET1 PIOc_freedecomp Exit - MemInfo: Wall-clock time since execution start:              0.0232459 seconds
20220313 063049.679 INFO             PET1 PIOc_sync Enter - MemInfo: [/proc/meminfo - SSI]	MemTotal:       65507008 kB
20220313 063049.679 INFO             PET1 PIOc_sync Enter - MemInfo: [/proc/meminfo - SSI]	MemFree:        50226228 kB
20220313 063049.679 INFO             PET1 PIOc_sync Enter - MemInfo: [/proc/meminfo - SSI]	MemAvailable:   49998008 kB
20220313 063049.679 INFO             PET1 PIOc_sync Enter - MemInfo: [/proc/meminfo - SSI]	Committed_AS:   12878800 kB
20220313 063049.679 INFO             PET1 PIOc_sync Enter - MemInfo: [/proc/meminfo - SSI]	CommittedPercent: 19.6602 %
20220313 063049.679 INFO             PET1 PIOc_sync Enter - MemInfo: [/proc/self/status]	VmPeak:	  506364 kB
20220313 063049.679 INFO             PET1 PIOc_sync Enter - MemInfo: [/proc/self/status]	VmSize:	  506364 kB
20220313 063049.679 INFO             PET1 PIOc_sync Enter - MemInfo: [/proc/self/status]	VmLck:	       0 kB
20220313 063049.679 INFO             PET1 PIOc_sync Enter - MemInfo: [/proc/self/status]	VmPin:	       0 kB
20220313 063049.679 INFO             PET1 PIOc_sync Enter - MemInfo: [/proc/self/status]	VmHWM:	   64796 kB
20220313 063049.679 INFO             PET1 PIOc_sync Enter - MemInfo: [/proc/self/status]	VmRSS:	   18472 kB
20220313 063049.679 INFO             PET1 PIOc_sync Enter - MemInfo: [/proc/self/status]	VmData:	   15240 kB
20220313 063049.679 INFO             PET1 PIOc_sync Enter - MemInfo: [/proc/self/status]	VmStk:	     148 kB
20220313 063049.679 INFO             PET1 PIOc_sync Enter - MemInfo: [/proc/self/status]	VmExe:	     216 kB
20220313 063049.679 INFO             PET1 PIOc_sync Enter - MemInfo: [/proc/self/status]	VmLib:	   49404 kB
20220313 063049.679 INFO             PET1 PIOc_sync Enter - MemInfo: [/proc/self/status]	VmPTE:	     724 kB
20220313 063049.679 INFO             PET1 PIOc_sync Enter - MemInfo: [/proc/self/status]	VmPMD:	      12 kB
20220313 063049.679 INFO             PET1 PIOc_sync Enter - MemInfo: [/proc/self/status]	VmSwap:	       0 kB
20220313 063049.679 INFO             PET1 PIOc_sync Enter - MemInfo: [/proc/self/status]	VmRSSPercent: 0.0281985 %
20220313 063049.679 INFO             PET1 PIOc_sync Enter - MemInfo: [malloc] Non-mmapped space allocated:                 3268608 Byte
20220313 063049.679 INFO             PET1 PIOc_sync Enter - MemInfo: [malloc] Space allocated in mmapped regions:          1581056 Byte
20220313 063049.679 INFO             PET1 PIOc_sync Enter - MemInfo: [malloc] Maximum total allocated space:                     0 Byte
20220313 063049.679 INFO             PET1 PIOc_sync Enter - MemInfo: [malloc] Space in freed fastbin blocks:                  1200 Byte
20220313 063049.679 INFO             PET1 PIOc_sync Enter - MemInfo: [malloc] Total allocated space:                       2701120 Byte
20220313 063049.679 INFO             PET1 PIOc_sync Enter - MemInfo: [malloc] Total free space:                             567488 Byte
20220313 063049.679 INFO             PET1 PIOc_sync Enter - MemInfo: [malloc] Top-most, releasable space:                   135216 Byte
20220313 063049.679 INFO             PET1 PIOc_sync Enter - MemInfo: [malloc] Total space in use, mmap + non-mmap:         4282176 Byte
20220313 063049.679 INFO             PET1 PIOc_sync Enter - MemInfo: [malloc] Total space held (mmap + non-mmap):          4849664 Byte
20220313 063049.679 INFO             PET1 PIOc_sync Enter - MemInfo: [malloc] Total space used (mmap + non-mmap):          4291568 Byte
20220313 063049.679 INFO             PET1 PIOc_sync Enter - MemInfo: Wall-clock time since execution start:              0.0243941 seconds
20220313 063049.680 INFO             PET1 PIOc_sync Exit - MemInfo: [/proc/meminfo - SSI]	MemTotal:       65507008 kB
20220313 063049.680 INFO             PET1 PIOc_sync Exit - MemInfo: [/proc/meminfo - SSI]	MemFree:        50226228 kB
20220313 063049.680 INFO             PET1 PIOc_sync Exit - MemInfo: [/proc/meminfo - SSI]	MemAvailable:   49998008 kB
20220313 063049.680 INFO             PET1 PIOc_sync Exit - MemInfo: [/proc/meminfo - SSI]	Committed_AS:   12878800 kB
20220313 063049.680 INFO             PET1 PIOc_sync Exit - MemInfo: [/proc/meminfo - SSI]	CommittedPercent: 19.6602 %
20220313 063049.680 INFO             PET1 PIOc_sync Exit - MemInfo: [/proc/self/status]	VmPeak:	  506364 kB
20220313 063049.680 INFO             PET1 PIOc_sync Exit - MemInfo: [/proc/self/status]	VmSize:	  506364 kB
20220313 063049.680 INFO             PET1 PIOc_sync Exit - MemInfo: [/proc/self/status]	VmLck:	       0 kB
20220313 063049.680 INFO             PET1 PIOc_sync Exit - MemInfo: [/proc/self/status]	VmPin:	       0 kB
20220313 063049.680 INFO             PET1 PIOc_sync Exit - MemInfo: [/proc/self/status]	VmHWM:	   64796 kB
20220313 063049.680 INFO             PET1 PIOc_sync Exit - MemInfo: [/proc/self/status]	VmRSS:	   18472 kB
20220313 063049.680 INFO             PET1 PIOc_sync Exit - MemInfo: [/proc/self/status]	VmData:	   15240 kB
20220313 063049.680 INFO             PET1 PIOc_sync Exit - MemInfo: [/proc/self/status]	VmStk:	     148 kB
20220313 063049.680 INFO             PET1 PIOc_sync Exit - MemInfo: [/proc/self/status]	VmExe:	     216 kB
20220313 063049.680 INFO             PET1 PIOc_sync Exit - MemInfo: [/proc/self/status]	VmLib:	   49404 kB
20220313 063049.680 INFO             PET1 PIOc_sync Exit - MemInfo: [/proc/self/status]	VmPTE:	     724 kB
20220313 063049.680 INFO             PET1 PIOc_sync Exit - MemInfo: [/proc/self/status]	VmPMD:	      12 kB
20220313 063049.680 INFO             PET1 PIOc_sync Exit - MemInfo: [/proc/self/status]	VmSwap:	       0 kB
20220313 063049.680 INFO             PET1 PIOc_sync Exit - MemInfo: [/proc/self/status]	VmRSSPercent: 0.0281985 %
20220313 063049.680 INFO             PET1 PIOc_sync Exit - MemInfo: [malloc] Non-mmapped space allocated:                 3268608 Byte
20220313 063049.680 INFO             PET1 PIOc_sync Exit - MemInfo: [malloc] Space allocated in mmapped regions:          1581056 Byte
20220313 063049.680 INFO             PET1 PIOc_sync Exit - MemInfo: [malloc] Maximum total allocated space:                     0 Byte
20220313 063049.680 INFO             PET1 PIOc_sync Exit - MemInfo: [malloc] Space in freed fastbin blocks:                  2800 Byte
20220313 063049.680 INFO             PET1 PIOc_sync Exit - MemInfo: [malloc] Total allocated space:                       2701040 Byte
20220313 063049.680 INFO             PET1 PIOc_sync Exit - MemInfo: [malloc] Total free space:                             567568 Byte
20220313 063049.680 INFO             PET1 PIOc_sync Exit - MemInfo: [malloc] Top-most, releasable space:                   135216 Byte
20220313 063049.680 INFO             PET1 PIOc_sync Exit - MemInfo: [malloc] Total space in use, mmap + non-mmap:         4282096 Byte
20220313 063049.680 INFO             PET1 PIOc_sync Exit - MemInfo: [malloc] Total space held (mmap + non-mmap):          4849664 Byte
20220313 063049.680 INFO             PET1 PIOc_sync Exit - MemInfo: [malloc] Total space used (mmap + non-mmap):          4291488 Byte
20220313 063049.680 INFO             PET1 PIOc_sync Exit - MemInfo: Wall-clock time since execution start:              0.0246785 seconds
20220313 063049.680 INFO             PET1 PIOc_freedecomp Enter - MemInfo: [/proc/meminfo - SSI]	MemTotal:       65507008 kB
20220313 063049.680 INFO             PET1 PIOc_freedecomp Enter - MemInfo: [/proc/meminfo - SSI]	MemFree:        50226228 kB
20220313 063049.680 INFO             PET1 PIOc_freedecomp Enter - MemInfo: [/proc/meminfo - SSI]	MemAvailable:   49998008 kB
20220313 063049.680 INFO             PET1 PIOc_freedecomp Enter - MemInfo: [/proc/meminfo - SSI]	Committed_AS:   12878800 kB
20220313 063049.680 INFO             PET1 PIOc_freedecomp Enter - MemInfo: [/proc/meminfo - SSI]	CommittedPercent: 19.6602 %
20220313 063049.680 INFO             PET1 PIOc_freedecomp Enter - MemInfo: [/proc/self/status]	VmPeak:	  506364 kB
20220313 063049.680 INFO             PET1 PIOc_freedecomp Enter - MemInfo: [/proc/self/status]	VmSize:	  506364 kB
