build time -- 2022-03-14 01:19:40.925249
20220314 013652.747 INFO             PET0 !!!!!!!!!!!!!!!!!!!!!!!!!!!!!!!!!!!!!!!!!!!!!!!!!!!!!!
20220314 013652.747 INFO             PET0 !!! THE ESMF_LOG IS SET TO OUTPUT ALL LOG MESSAGES !!!
20220314 013652.747 INFO             PET0 !!!     THIS MAY CAUSE SLOWDOWN IN PERFORMANCE     !!!
20220314 013652.747 INFO             PET0 !!! FOR PRODUCTION RUNS, USE:                      !!!
20220314 013652.747 INFO             PET0 !!!                   ESMF_LOGKIND_Multi_On_Error  !!!
20220314 013652.747 INFO             PET0 !!!!!!!!!!!!!!!!!!!!!!!!!!!!!!!!!!!!!!!!!!!!!!!!!!!!!!
20220314 013652.747 INFO             PET0 Running with ESMF Version   : v8.3.0b09-96-g559b459836
20220314 013652.747 INFO             PET0 ESMF library build date/time: "Mar 14 2022" "01:16:57"
20220314 013652.747 INFO             PET0 ESMF library build location : /gpfsm/dnb04/projects/p98/mpotts/esmf/intel_2020_intelmpi_g_jedwards_pio_update2
20220314 013652.747 INFO             PET0 ESMF_COMM                   : intelmpi
20220314 013652.748 INFO             PET0 ESMF_MOAB                   : enabled
20220314 013652.748 INFO             PET0 ESMF_LAPACK                 : enabled
20220314 013652.748 INFO             PET0 ESMF_NETCDF                 : enabled
20220314 013652.748 INFO             PET0 ESMF_PNETCDF                : disabled
20220314 013652.748 INFO             PET0 ESMF_PIO                    : enabled
20220314 013652.748 INFO             PET0 ESMF_YAMLCPP                : enabled
20220314 013652.748 INFO             PET0 Beginning Test, file ESMC_FieldGridRegridCsrvUTest.C, line 69
20220314 013652.748 INFO             PET0 Beginning Test, file ESMC_FieldGridRegridCsrvUTest.C, line 69NUMBER_OF_PROCESSORS 1
20220314 013652.750 INFO             PET0 PASS GridCreate, ESMC_FieldGridRegridCsrvUTest.C, line 114
20220314 013652.751 INFO             PET0 PASS GridAddCoord, ESMC_FieldGridRegridCsrvUTest.C, line 130
20220314 013652.751 INFO             PET0 PASS GridAddItem, ESMC_FieldGridRegridCsrvUTest.C, line 140
20220314 013652.751 INFO             PET0 PASS GridGetItem - mask, ESMC_FieldGridRegridCsrvUTest.C, line 151
20220314 013652.751 INFO             PET0 PASS GridGetCoord - X, ESMC_FieldGridRegridCsrvUTest.C, line 176
20220314 013652.751 INFO             PET0 PASS GridGetCoord - Y, ESMC_FieldGridRegridCsrvUTest.C, line 199
20220314 013652.751 INFO             PET0 PASS GridGetCoord - X, ESMC_FieldGridRegridCsrvUTest.C, line 224
20220314 013652.751 INFO             PET0 PASS GridGetCoord - Y, ESMC_FieldGridRegridCsrvUTest.C, line 247
20220314 013652.752 INFO             PET0 PASS GridAddItem - area, ESMC_FieldGridRegridCsrvUTest.C, line 271
20220314 013652.752 INFO             PET0 PASS GridGetItem - area, ESMC_FieldGridRegridCsrvUTest.C, line 282
20220314 013652.752 INFO             PET0 PASS MeshCreate, ESMC_FieldGridRegridCsrvUTest.C, line 366
20220314 013652.752 INFO             PET0 PASS MeshAddNodes, ESMC_FieldGridRegridCsrvUTest.C, line 374
20220314 013652.755 INFO             PET0 PASS MeshAddElements, ESMC_FieldGridRegridCsrvUTest.C, line 388
20220314 013652.755 INFO             PET0 PASS MeshGetLocalNodeCount, ESMC_FieldGridRegridCsrvUTest.C, line 398
20220314 013652.755 INFO             PET0 PASS MeshGetLocalElementCount, ESMC_FieldGridRegridCsrvUTest.C, line 409
20220314 013652.756 INFO             PET0 PASS Create ESMC_Field object from a Grid via TypeKind, ESMC_FieldGridRegridCsrvUTest.C, line 424
20220314 013652.757 INFO             PET0 PASS Create ESMC_Field object from a Mesh via TypeKind, ESMC_FieldGridRegridCsrvUTest.C, line 433
20220314 013652.757 INFO             PET0 PASS Get a void * C pointer to data from ESMC_Field object, ESMC_FieldGridRegridCsrvUTest.C, line 446
20220314 013652.757 INFO             PET0 PASS Get a void * C pointer to data from ESMC_Field object, ESMC_FieldGridRegridCsrvUTest.C, line 470
20220314 013652.757 INFO             PET0 PASS Create an InterArray for maskValues in ESMC_FieldRegridStore(), ESMC_FieldGridRegridCsrvUTest.C, line 485
20220314 013652.765 INFO             PET0 PASS Create an ESMC_RouteHandle via ESMC_FieldRegridStore(), ESMC_FieldGridRegridCsrvUTest.C, line 510
20220314 013652.766 INFO             PET0 PASS Execute ESMC_FieldRegrid(), ESMC_FieldGridRegridCsrvUTest.C, line 518
20220314 013652.770 INFO             PET0 PIOc_sync Enter - MemInfo: [/proc/meminfo - SSI]	MemTotal:       131394444 kB
20220314 013652.771 INFO             PET0 PIOc_sync Enter - MemInfo: [/proc/meminfo - SSI]	MemFree:        122640688 kB
20220314 013652.771 INFO             PET0 PIOc_sync Enter - MemInfo: [/proc/meminfo - SSI]	MemAvailable:   122305936 kB
20220314 013652.771 INFO             PET0 PIOc_sync Enter - MemInfo: [/proc/meminfo - SSI]	Committed_AS:    5614432 kB
20220314 013652.771 INFO             PET0 PIOc_sync Enter - MemInfo: [/proc/meminfo - SSI]	CommittedPercent: 4.27296 %
20220314 013652.771 INFO             PET0 PIOc_sync Enter - MemInfo: [/proc/self/status]	VmPeak:	 2675896 kB
20220314 013652.771 INFO             PET0 PIOc_sync Enter - MemInfo: [/proc/self/status]	VmSize:	 2664608 kB
20220314 013652.771 INFO             PET0 PIOc_sync Enter - MemInfo: [/proc/self/status]	VmLck:	       0 kB
20220314 013652.771 INFO             PET0 PIOc_sync Enter - MemInfo: [/proc/self/status]	VmPin:	   71516 kB
20220314 013652.771 INFO             PET0 PIOc_sync Enter - MemInfo: [/proc/self/status]	VmHWM:	  164288 kB
20220314 013652.771 INFO             PET0 PIOc_sync Enter - MemInfo: [/proc/self/status]	VmRSS:	  164288 kB
20220314 013652.771 INFO             PET0 PIOc_sync Enter - MemInfo: [/proc/self/status]	VmData:	 2404992 kB
20220314 013652.771 INFO             PET0 PIOc_sync Enter - MemInfo: [/proc/self/status]	VmStk:	     512 kB
20220314 013652.771 INFO             PET0 PIOc_sync Enter - MemInfo: [/proc/self/status]	VmExe:	     532 kB
20220314 013652.771 INFO             PET0 PIOc_sync Enter - MemInfo: [/proc/self/status]	VmLib:	  156408 kB
20220314 013652.771 INFO             PET0 PIOc_sync Enter - MemInfo: [/proc/self/status]	VmPTE:	     736 kB
20220314 013652.771 INFO             PET0 PIOc_sync Enter - MemInfo: [/proc/self/status]	VmPMD:	      32 kB
20220314 013652.771 INFO             PET0 PIOc_sync Enter - MemInfo: [/proc/self/status]	VmSwap:	       0 kB
20220314 013652.771 INFO             PET0 PIOc_sync Enter - MemInfo: [/proc/self/status]	VmRSSPercent: 0.125034 %
20220314 013652.771 INFO             PET0 PIOc_sync Enter - MemInfo: [malloc] Non-mmapped space allocated:                 3276800 Byte
20220314 013652.771 INFO             PET0 PIOc_sync Enter - MemInfo: [malloc] Space allocated in mmapped regions:         76042240 Byte
20220314 013652.771 INFO             PET0 PIOc_sync Enter - MemInfo: [malloc] Maximum total allocated space:                     0 Byte
20220314 013652.771 INFO             PET0 PIOc_sync Enter - MemInfo: [malloc] Space in freed fastbin blocks:                   512 Byte
20220314 013652.771 INFO             PET0 PIOc_sync Enter - MemInfo: [malloc] Total allocated space:                       3073968 Byte
20220314 013652.771 INFO             PET0 PIOc_sync Enter - MemInfo: [malloc] Total free space:                             202832 Byte
20220314 013652.771 INFO             PET0 PIOc_sync Enter - MemInfo: [malloc] Top-most, releasable space:                    69072 Byte
20220314 013652.771 INFO             PET0 PIOc_sync Enter - MemInfo: [malloc] Total space in use, mmap + non-mmap:        79116208 Byte
20220314 013652.771 INFO             PET0 PIOc_sync Enter - MemInfo: [malloc] Total space held (mmap + non-mmap):         79319040 Byte
20220314 013652.771 INFO             PET0 PIOc_sync Enter - MemInfo: [malloc] Total space used (mmap + non-mmap):         79125568 Byte
20220314 013652.771 INFO             PET0 PIOc_sync Enter - MemInfo: Wall-clock time since execution start:              0.0301306 seconds
20220314 013652.772 INFO             PET0 PIOc_sync Exit - MemInfo: [/proc/meminfo - SSI]	MemTotal:       131394444 kB
20220314 013652.772 INFO             PET0 PIOc_sync Exit - MemInfo: [/proc/meminfo - SSI]	MemFree:        122640688 kB
20220314 013652.772 INFO             PET0 PIOc_sync Exit - MemInfo: [/proc/meminfo - SSI]	MemAvailable:   122305936 kB
20220314 013652.772 INFO             PET0 PIOc_sync Exit - MemInfo: [/proc/meminfo - SSI]	Committed_AS:    5614432 kB
20220314 013652.772 INFO             PET0 PIOc_sync Exit - MemInfo: [/proc/meminfo - SSI]	CommittedPercent: 4.27296 %
20220314 013652.772 INFO             PET0 PIOc_sync Exit - MemInfo: [/proc/self/status]	VmPeak:	 2675896 kB
20220314 013652.772 INFO             PET0 PIOc_sync Exit - MemInfo: [/proc/self/status]	VmSize:	 2664608 kB
20220314 013652.772 INFO             PET0 PIOc_sync Exit - MemInfo: [/proc/self/status]	VmLck:	       0 kB
20220314 013652.772 INFO             PET0 PIOc_sync Exit - MemInfo: [/proc/self/status]	VmPin:	   71516 kB
20220314 013652.772 INFO             PET0 PIOc_sync Exit - MemInfo: [/proc/self/status]	VmHWM:	  164412 kB
20220314 013652.772 INFO             PET0 PIOc_sync Exit - MemInfo: [/proc/self/status]	VmRSS:	  164412 kB
20220314 013652.772 INFO             PET0 PIOc_sync Exit - MemInfo: [/proc/self/status]	VmData:	 2404992 kB
20220314 013652.772 INFO             PET0 PIOc_sync Exit - MemInfo: [/proc/self/status]	VmStk:	     512 kB
20220314 013652.772 INFO             PET0 PIOc_sync Exit - MemInfo: [/proc/self/status]	VmExe:	     532 kB
20220314 013652.772 INFO             PET0 PIOc_sync Exit - MemInfo: [/proc/self/status]	VmLib:	  156408 kB
20220314 013652.772 INFO             PET0 PIOc_sync Exit - MemInfo: [/proc/self/status]	VmPTE:	     736 kB
20220314 013652.772 INFO             PET0 PIOc_sync Exit - MemInfo: [/proc/self/status]	VmPMD:	      32 kB
20220314 013652.772 INFO             PET0 PIOc_sync Exit - MemInfo: [/proc/self/status]	VmSwap:	       0 kB
20220314 013652.772 INFO             PET0 PIOc_sync Exit - MemInfo: [/proc/self/status]	VmRSSPercent: 0.125129 %
20220314 013652.772 INFO             PET0 PIOc_sync Exit - MemInfo: [malloc] Non-mmapped space allocated:                 3276800 Byte
20220314 013652.772 INFO             PET0 PIOc_sync Exit - MemInfo: [malloc] Space allocated in mmapped regions:         76042240 Byte
20220314 013652.772 INFO             PET0 PIOc_sync Exit - MemInfo: [malloc] Maximum total allocated space:                     0 Byte
20220314 013652.772 INFO             PET0 PIOc_sync Exit - MemInfo: [malloc] Space in freed fastbin blocks:                   144 Byte
20220314 013652.772 INFO             PET0 PIOc_sync Exit - MemInfo: [malloc] Total allocated space:                       3073232 Byte
20220314 013652.772 INFO             PET0 PIOc_sync Exit - MemInfo: [malloc] Total free space:                             203568 Byte
20220314 013652.772 INFO             PET0 PIOc_sync Exit - MemInfo: [malloc] Top-most, releasable space:                    69776 Byte
20220314 013652.772 INFO             PET0 PIOc_sync Exit - MemInfo: [malloc] Total space in use, mmap + non-mmap:        79115472 Byte
20220314 013652.772 INFO             PET0 PIOc_sync Exit - MemInfo: [malloc] Total space held (mmap + non-mmap):         79319040 Byte
20220314 013652.772 INFO             PET0 PIOc_sync Exit - MemInfo: [malloc] Total space used (mmap + non-mmap):         79124832 Byte
20220314 013652.772 INFO             PET0 PIOc_sync Exit - MemInfo: Wall-clock time since execution start:              0.0311604 seconds
20220314 013652.773 INFO             PET0 PIOc_freedecomp Enter - MemInfo: [/proc/meminfo - SSI]	MemTotal:       131394444 kB
20220314 013652.773 INFO             PET0 PIOc_freedecomp Enter - MemInfo: [/proc/meminfo - SSI]	MemFree:        122641496 kB
20220314 013652.773 INFO             PET0 PIOc_freedecomp Enter - MemInfo: [/proc/meminfo - SSI]	MemAvailable:   122306744 kB
20220314 013652.773 INFO             PET0 PIOc_freedecomp Enter - MemInfo: [/proc/meminfo - SSI]	Committed_AS:    5614432 kB
20220314 013652.773 INFO             PET0 PIOc_freedecomp Enter - MemInfo: [/proc/meminfo - SSI]	CommittedPercent: 4.27296 %
20220314 013652.773 INFO             PET0 PIOc_freedecomp Enter - MemInfo: [/proc/self/status]	VmPeak:	 2675896 kB
20220314 013652.773 INFO             PET0 PIOc_freedecomp Enter - MemInfo: [/proc/self/status]	VmSize:	 2662040 kB
20220314 013652.773 INFO             PET0 PIOc_freedecomp Enter - MemInfo: [/proc/self/status]	VmLck:	       0 kB
20220314 013652.773 INFO             PET0 PIOc_freedecomp Enter - MemInfo: [/proc/self/status]	VmPin:	   71516 kB
20220314 013652.773 INFO             PET0 PIOc_freedecomp Enter - MemInfo: [/proc/self/status]	VmHWM:	  164412 kB
20220314 013652.773 INFO             PET0 PIOc_freedecomp Enter - MemInfo: [/proc/self/status]	VmRSS:	  162360 kB
20220314 013652.773 INFO             PET0 PIOc_freedecomp Enter - MemInfo: [/proc/self/status]	VmData:	 2402424 kB
20220314 013652.773 INFO             PET0 PIOc_freedecomp Enter - MemInfo: [/proc/self/status]	VmStk:	     512 kB
20220314 013652.773 INFO             PET0 PIOc_freedecomp Enter - MemInfo: [/proc/self/status]	VmExe:	     532 kB
20220314 013652.773 INFO             PET0 PIOc_freedecomp Enter - MemInfo: [/proc/self/status]	VmLib:	  156408 kB
20220314 013652.773 INFO             PET0 PIOc_freedecomp Enter - MemInfo: [/proc/self/status]	VmPTE:	     728 kB
20220314 013652.773 INFO             PET0 PIOc_freedecomp Enter - MemInfo: [/proc/self/status]	VmPMD:	      32 kB
20220314 013652.773 INFO             PET0 PIOc_freedecomp Enter - MemInfo: [/proc/self/status]	VmSwap:	       0 kB
20220314 013652.773 INFO             PET0 PIOc_freedecomp Enter - MemInfo: [/proc/self/status]	VmRSSPercent: 0.123567 %
20220314 013652.773 INFO             PET0 PIOc_freedecomp Enter - MemInfo: [malloc] Non-mmapped space allocated:                 3276800 Byte
20220314 013652.773 INFO             PET0 PIOc_freedecomp Enter - MemInfo: [malloc] Space allocated in mmapped regions:         73412608 Byte
20220314 013652.773 INFO             PET0 PIOc_freedecomp Enter - MemInfo: [malloc] Maximum total allocated space:                     0 Byte
20220314 013652.773 INFO             PET0 PIOc_freedecomp Enter - MemInfo: [malloc] Space in freed fastbin blocks:                  1216 Byte
20220314 013652.773 INFO             PET0 PIOc_freedecomp Enter - MemInfo: [malloc] Total allocated space:                       3059952 Byte
20220314 013652.773 INFO             PET0 PIOc_freedecomp Enter - MemInfo: [malloc] Total free space:                             216848 Byte
20220314 013652.773 INFO             PET0 PIOc_freedecomp Enter - MemInfo: [malloc] Top-most, releasable space:                    69776 Byte
20220314 013652.773 INFO             PET0 PIOc_freedecomp Enter - MemInfo: [malloc] Total space in use, mmap + non-mmap:        76472560 Byte
20220314 013652.773 INFO             PET0 PIOc_freedecomp Enter - MemInfo: [malloc] Total space held (mmap + non-mmap):         76689408 Byte
20220314 013652.773 INFO             PET0 PIOc_freedecomp Enter - MemInfo: [malloc] Total space used (mmap + non-mmap):         76481920 Byte
20220314 013652.773 INFO             PET0 PIOc_freedecomp Enter - MemInfo: Wall-clock time since execution start:              0.0321198 seconds
20220314 013652.773 INFO             PET0 PIOc_freedecomp Exit - MemInfo: [/proc/meminfo - SSI]	MemTotal:       131394444 kB
20220314 013652.773 INFO             PET0 PIOc_freedecomp Exit - MemInfo: [/proc/meminfo - SSI]	MemFree:        122641496 kB
20220314 013652.773 INFO             PET0 PIOc_freedecomp Exit - MemInfo: [/proc/meminfo - SSI]	MemAvailable:   122306744 kB
20220314 013652.773 INFO             PET0 PIOc_freedecomp Exit - MemInfo: [/proc/meminfo - SSI]	Committed_AS:    5614432 kB
20220314 013652.773 INFO             PET0 PIOc_freedecomp Exit - MemInfo: [/proc/meminfo - SSI]	CommittedPercent: 4.27296 %
20220314 013652.774 INFO             PET0 PIOc_freedecomp Exit - MemInfo: [/proc/self/status]	VmPeak:	 2675896 kB
20220314 013652.774 INFO             PET0 PIOc_freedecomp Exit - MemInfo: [/proc/self/status]	VmSize:	 2662040 kB
20220314 013652.774 INFO             PET0 PIOc_freedecomp Exit - MemInfo: [/proc/self/status]	VmLck:	       0 kB
20220314 013652.774 INFO             PET0 PIOc_freedecomp Exit - MemInfo: [/proc/self/status]	VmPin:	   71516 kB
20220314 013652.774 INFO             PET0 PIOc_freedecomp Exit - MemInfo: [/proc/self/status]	VmHWM:	  164412 kB
20220314 013652.774 INFO             PET0 PIOc_freedecomp Exit - MemInfo: [/proc/self/status]	VmRSS:	  162360 kB
20220314 013652.774 INFO             PET0 PIOc_freedecomp Exit - MemInfo: [/proc/self/status]	VmData:	 2402424 kB
20220314 013652.774 INFO             PET0 PIOc_freedecomp Exit - MemInfo: [/proc/self/status]	VmStk:	     512 kB
20220314 013652.774 INFO             PET0 PIOc_freedecomp Exit - MemInfo: [/proc/self/status]	VmExe:	     532 kB
20220314 013652.774 INFO             PET0 PIOc_freedecomp Exit - MemInfo: [/proc/self/status]	VmLib:	  156408 kB
20220314 013652.774 INFO             PET0 PIOc_freedecomp Exit - MemInfo: [/proc/self/status]	VmPTE:	     728 kB
20220314 013652.774 INFO             PET0 PIOc_freedecomp Exit - MemInfo: [/proc/self/status]	VmPMD:	      32 kB
20220314 013652.774 INFO             PET0 PIOc_freedecomp Exit - MemInfo: [/proc/self/status]	VmSwap:	       0 kB
20220314 013652.774 INFO             PET0 PIOc_freedecomp Exit - MemInfo: [/proc/self/status]	VmRSSPercent: 0.123567 %
20220314 013652.774 INFO             PET0 PIOc_freedecomp Exit - MemInfo: [malloc] Non-mmapped space allocated:                 3276800 Byte
20220314 013652.774 INFO             PET0 PIOc_freedecomp Exit - MemInfo: [malloc] Space allocated in mmapped regions:         73412608 Byte
20220314 013652.774 INFO             PET0 PIOc_freedecomp Exit - MemInfo: [malloc] Maximum total allocated space:                     0 Byte
20220314 013652.774 INFO             PET0 PIOc_freedecomp Exit - MemInfo: [malloc] Space in freed fastbin blocks:                   144 Byte
20220314 013652.774 INFO             PET0 PIOc_freedecomp Exit - MemInfo: [malloc] Total allocated space:                       3058640 Byte
20220314 013652.774 INFO             PET0 PIOc_freedecomp Exit - MemInfo: [malloc] Total free space:                             218160 Byte
20220314 013652.774 INFO             PET0 PIOc_freedecomp Exit - MemInfo: [malloc] Top-most, releasable space:                    83136 Byte
20220314 013652.774 INFO             PET0 PIOc_freedecomp Exit - MemInfo: [malloc] Total space in use, mmap + non-mmap:        76471248 Byte
20220314 013652.774 INFO             PET0 PIOc_freedecomp Exit - MemInfo: [malloc] Total space held (mmap + non-mmap):         76689408 Byte
20220314 013652.774 INFO             PET0 PIOc_freedecomp Exit - MemInfo: [malloc] Total space used (mmap + non-mmap):         76480608 Byte
20220314 013652.774 INFO             PET0 PIOc_freedecomp Exit - MemInfo: Wall-clock time since execution start:              0.0329048 seconds
20220314 013652.775 INFO             PET0 PIOc_sync Enter - MemInfo: [/proc/meminfo - SSI]	MemTotal:       131394444 kB
20220314 013652.775 INFO             PET0 PIOc_sync Enter - MemInfo: [/proc/meminfo - SSI]	MemFree:        122641496 kB
20220314 013652.775 INFO             PET0 PIOc_sync Enter - MemInfo: [/proc/meminfo - SSI]	MemAvailable:   122306744 kB
20220314 013652.775 INFO             PET0 PIOc_sync Enter - MemInfo: [/proc/meminfo - SSI]	Committed_AS:    5614432 kB
20220314 013652.775 INFO             PET0 PIOc_sync Enter - MemInfo: [/proc/meminfo - SSI]	CommittedPercent: 4.27296 %
20220314 013652.775 INFO             PET0 PIOc_sync Enter - MemInfo: [/proc/self/status]	VmPeak:	 2675896 kB
20220314 013652.775 INFO             PET0 PIOc_sync Enter - MemInfo: [/proc/self/status]	VmSize:	 2664648 kB
20220314 013652.775 INFO             PET0 PIOc_sync Enter - MemInfo: [/proc/self/status]	VmLck:	       0 kB
20220314 013652.775 INFO             PET0 PIOc_sync Enter - MemInfo: [/proc/self/status]	VmPin:	   71516 kB
20220314 013652.775 INFO             PET0 PIOc_sync Enter - MemInfo: [/proc/self/status]	VmHWM:	  164412 kB
20220314 013652.775 INFO             PET0 PIOc_sync Enter - MemInfo: [/proc/self/status]	VmRSS:	  163496 kB
20220314 013652.775 INFO             PET0 PIOc_sync Enter - MemInfo: [/proc/self/status]	VmData:	 2405032 kB
20220314 013652.775 INFO             PET0 PIOc_sync Enter - MemInfo: [/proc/self/status]	VmStk:	     512 kB
20220314 013652.775 INFO             PET0 PIOc_sync Enter - MemInfo: [/proc/self/status]	VmExe:	     532 kB
20220314 013652.775 INFO             PET0 PIOc_sync Enter - MemInfo: [/proc/self/status]	VmLib:	  156408 kB
20220314 013652.775 INFO             PET0 PIOc_sync Enter - MemInfo: [/proc/self/status]	VmPTE:	     736 kB
20220314 013652.775 INFO             PET0 PIOc_sync Enter - MemInfo: [/proc/self/status]	VmPMD:	      32 kB
20220314 013652.776 INFO             PET0 PIOc_sync Enter - MemInfo: [/proc/self/status]	VmSwap:	       0 kB
20220314 013652.776 INFO             PET0 PIOc_sync Enter - MemInfo: [/proc/self/status]	VmRSSPercent: 0.124431 %
20220314 013652.776 INFO             PET0 PIOc_sync Enter - MemInfo: [malloc] Non-mmapped space allocated:                 5947392 Byte
20220314 013652.776 INFO             PET0 PIOc_sync Enter - MemInfo: [malloc] Space allocated in mmapped regions:         73412608 Byte
20220314 013652.776 INFO             PET0 PIOc_sync Enter - MemInfo: [malloc] Maximum total allocated space:                     0 Byte
20220314 013652.776 INFO             PET0 PIOc_sync Enter - MemInfo: [malloc] Space in freed fastbin blocks:                   160 Byte
20220314 013652.776 INFO             PET0 PIOc_sync Enter - MemInfo: [malloc] Total allocated space:                       5696192 Byte
20220314 013652.776 INFO             PET0 PIOc_sync Enter - MemInfo: [malloc] Total free space:                             251200 Byte
20220314 013652.776 INFO             PET0 PIOc_sync Enter - MemInfo: [malloc] Top-most, releasable space:                   117472 Byte
20220314 013652.776 INFO             PET0 PIOc_sync Enter - MemInfo: [malloc] Total space in use, mmap + non-mmap:        79108800 Byte
20220314 013652.776 INFO             PET0 PIOc_sync Enter - MemInfo: [malloc] Total space held (mmap + non-mmap):         79360000 Byte
20220314 013652.776 INFO             PET0 PIOc_sync Enter - MemInfo: [malloc] Total space used (mmap + non-mmap):         79118160 Byte
20220314 013652.776 INFO             PET0 PIOc_sync Enter - MemInfo: Wall-clock time since execution start:              0.0346351 seconds
20220314 013652.776 INFO             PET0 PIOc_sync Exit - MemInfo: [/proc/meminfo - SSI]	MemTotal:       131394444 kB
20220314 013652.776 INFO             PET0 PIOc_sync Exit - MemInfo: [/proc/meminfo - SSI]	MemFree:        122641496 kB
20220314 013652.776 INFO             PET0 PIOc_sync Exit - MemInfo: [/proc/meminfo - SSI]	MemAvailable:   122306744 kB
20220314 013652.776 INFO             PET0 PIOc_sync Exit - MemInfo: [/proc/meminfo - SSI]	Committed_AS:    5614432 kB
20220314 013652.776 INFO             PET0 PIOc_sync Exit - MemInfo: [/proc/meminfo - SSI]	CommittedPercent: 4.27296 %
20220314 013652.776 INFO             PET0 PIOc_sync Exit - MemInfo: [/proc/self/status]	VmPeak:	 2675896 kB
20220314 013652.776 INFO             PET0 PIOc_sync Exit - MemInfo: [/proc/self/status]	VmSize:	 2664648 kB
20220314 013652.776 INFO             PET0 PIOc_sync Exit - MemInfo: [/proc/self/status]	VmLck:	       0 kB
20220314 013652.776 INFO             PET0 PIOc_sync Exit - MemInfo: [/proc/self/status]	VmPin:	   71516 kB
20220314 013652.776 INFO             PET0 PIOc_sync Exit - MemInfo: [/proc/self/status]	VmHWM:	  164412 kB
20220314 013652.776 INFO             PET0 PIOc_sync Exit - MemInfo: [/proc/self/status]	VmRSS:	  163504 kB
20220314 013652.776 INFO             PET0 PIOc_sync Exit - MemInfo: [/proc/self/status]	VmData:	 2405032 kB
20220314 013652.776 INFO             PET0 PIOc_sync Exit - MemInfo: [/proc/self/status]	VmStk:	     512 kB
20220314 013652.776 INFO             PET0 PIOc_sync Exit - MemInfo: [/proc/self/status]	VmExe:	     532 kB
20220314 013652.776 INFO             PET0 PIOc_sync Exit - MemInfo: [/proc/self/status]	VmLib:	  156408 kB
20220314 013652.776 INFO             PET0 PIOc_sync Exit - MemInfo: [/proc/self/status]	VmPTE:	     736 kB
20220314 013652.776 INFO             PET0 PIOc_sync Exit - MemInfo: [/proc/self/status]	VmPMD:	      32 kB
20220314 013652.776 INFO             PET0 PIOc_sync Exit - MemInfo: [/proc/self/status]	VmSwap:	       0 kB
20220314 013652.776 INFO             PET0 PIOc_sync Exit - MemInfo: [/proc/self/status]	VmRSSPercent: 0.124438 %
20220314 013652.776 INFO             PET0 PIOc_sync Exit - MemInfo: [malloc] Non-mmapped space allocated:                 5947392 Byte
20220314 013652.776 INFO             PET0 PIOc_sync Exit - MemInfo: [malloc] Space allocated in mmapped regions:         73412608 Byte
20220314 013652.776 INFO             PET0 PIOc_sync Exit - MemInfo: [malloc] Maximum total allocated space:                     0 Byte
20220314 013652.776 INFO             PET0 PIOc_sync Exit - MemInfo: [malloc] Space in freed fastbin blocks:                   160 Byte
20220314 013652.776 INFO             PET0 PIOc_sync Exit - MemInfo: [malloc] Total allocated space:                       5695456 Byte
20220314 013652.777 INFO             PET0 PIOc_sync Exit - MemInfo: [malloc] Total free space:                             251936 Byte
20220314 013652.777 INFO             PET0 PIOc_sync Exit - MemInfo: [malloc] Top-most, releasable space:                   118096 Byte
20220314 013652.777 INFO             PET0 PIOc_sync Exit - MemInfo: [malloc] Total space in use, mmap + non-mmap:        79108064 Byte
20220314 013652.777 INFO             PET0 PIOc_sync Exit - MemInfo: [malloc] Total space held (mmap + non-mmap):         79360000 Byte
20220314 013652.777 INFO             PET0 PIOc_sync Exit - MemInfo: [malloc] Total space used (mmap + non-mmap):         79117424 Byte
20220314 013652.777 INFO             PET0 PIOc_sync Exit - MemInfo: Wall-clock time since execution start:               0.035453 seconds
20220314 013652.777 INFO             PET0 PIOc_freedecomp Enter - MemInfo: [/proc/meminfo - SSI]	MemTotal:       131394444 kB
20220314 013652.777 INFO             PET0 PIOc_freedecomp Enter - MemInfo: [/proc/meminfo - SSI]	MemFree:        122641496 kB
20220314 013652.777 INFO             PET0 PIOc_freedecomp Enter - MemInfo: [/proc/meminfo - SSI]	MemAvailable:   122306744 kB
20220314 013652.777 INFO             PET0 PIOc_freedecomp Enter - MemInfo: [/proc/meminfo - SSI]	Committed_AS:    5614432 kB
20220314 013652.777 INFO             PET0 PIOc_freedecomp Enter - MemInfo: [/proc/meminfo - SSI]	CommittedPercent: 4.27296 %
20220314 013652.777 INFO             PET0 PIOc_freedecomp Enter - MemInfo: [/proc/self/status]	VmPeak:	 2675896 kB
20220314 013652.777 INFO             PET0 PIOc_freedecomp Enter - MemInfo: [/proc/self/status]	VmSize:	 2664648 kB
20220314 013652.777 INFO             PET0 PIOc_freedecomp Enter - MemInfo: [/proc/self/status]	VmLck:	       0 kB
20220314 013652.777 INFO             PET0 PIOc_freedecomp Enter - MemInfo: [/proc/self/status]	VmPin:	   71516 kB
20220314 013652.777 INFO             PET0 PIOc_freedecomp Enter - MemInfo: [/proc/self/status]	VmHWM:	  164412 kB
20220314 013652.777 INFO             PET0 PIOc_freedecomp Enter - MemInfo: [/proc/self/status]	VmRSS:	  163504 kB
20220314 013652.777 INFO             PET0 PIOc_freedecomp Enter - MemInfo: [/proc/self/status]	VmData:	 2405032 kB
20220314 013652.777 INFO             PET0 PIOc_freedecomp Enter - MemInfo: [/proc/self/status]	VmStk:	     512 kB
20220314 013652.777 INFO             PET0 PIOc_freedecomp Enter - MemInfo: [/proc/self/status]	VmExe:	     532 kB
20220314 013652.777 INFO             PET0 PIOc_freedecomp Enter - MemInfo: [/proc/self/status]	VmLib:	  156408 kB
20220314 013652.777 INFO             PET0 PIOc_freedecomp Enter - MemInfo: [/proc/self/status]	VmPTE:	     736 kB
20220314 013652.777 INFO             PET0 PIOc_freedecomp Enter - MemInfo: [/proc/self/status]	VmPMD:	      32 kB
20220314 013652.777 INFO             PET0 PIOc_freedecomp Enter - MemInfo: [/proc/self/status]	VmSwap:	       0 kB
20220314 013652.777 INFO             PET0 PIOc_freedecomp Enter - MemInfo: [/proc/self/status]	VmRSSPercent: 0.124438 %
20220314 013652.777 INFO             PET0 PIOc_freedecomp Enter - MemInfo: [malloc] Non-mmapped space allocated:                 5947392 Byte
20220314 013652.777 INFO             PET0 PIOc_freedecomp Enter - MemInfo: [malloc] Space allocated in mmapped regions:         73412608 Byte
20220314 013652.777 INFO             PET0 PIOc_freedecomp Enter - MemInfo: [malloc] Maximum total allocated space:                     0 Byte
20220314 013652.777 INFO             PET0 PIOc_freedecomp Enter - MemInfo: [malloc] Space in freed fastbin blocks:                   240 Byte
20220314 013652.777 INFO             PET0 PIOc_freedecomp Enter - MemInfo: [malloc] Total allocated space:                       3059952 Byte
20220314 013652.777 INFO             PET0 PIOc_freedecomp Enter - MemInfo: [malloc] Total free space:                            2887440 Byte
20220314 013652.777 INFO             PET0 PIOc_freedecomp Enter - MemInfo: [malloc] Top-most, releasable space:                   118384 Byte
20220314 013652.777 INFO             PET0 PIOc_freedecomp Enter - MemInfo: [malloc] Total space in use, mmap + non-mmap:        76472560 Byte
20220314 013652.777 INFO             PET0 PIOc_freedecomp Enter - MemInfo: [malloc] Total space held (mmap + non-mmap):         79360000 Byte
20220314 013652.777 INFO             PET0 PIOc_freedecomp Enter - MemInfo: [malloc] Total space used (mmap + non-mmap):         76481920 Byte
20220314 013652.777 INFO             PET0 PIOc_freedecomp Enter - MemInfo: Wall-clock time since execution start:              0.0362399 seconds
20220314 013652.777 INFO             PET0 PIOc_freedecomp Exit - MemInfo: [/proc/meminfo - SSI]	MemTotal:       131394444 kB
20220314 013652.778 INFO             PET0 PIOc_freedecomp Exit - MemInfo: [/proc/meminfo - SSI]	MemFree:        122641496 kB
20220314 013652.778 INFO             PET0 PIOc_freedecomp Exit - MemInfo: [/proc/meminfo - SSI]	MemAvailable:   122306744 kB
20220314 013652.778 INFO             PET0 PIOc_freedecomp Exit - MemInfo: [/proc/meminfo - SSI]	Committed_AS:    5614432 kB
20220314 013652.778 INFO             PET0 PIOc_freedecomp Exit - MemInfo: [/proc/meminfo - SSI]	CommittedPercent: 4.27296 %
20220314 013652.778 INFO             PET0 PIOc_freedecomp Exit - MemInfo: [/proc/self/status]	VmPeak:	 2675896 kB
20220314 013652.778 INFO             PET0 PIOc_freedecomp Exit - MemInfo: [/proc/self/status]	VmSize:	 2664648 kB
20220314 013652.778 INFO             PET0 PIOc_freedecomp Exit - MemInfo: [/proc/self/status]	VmLck:	       0 kB
20220314 013652.778 INFO             PET0 PIOc_freedecomp Exit - MemInfo: [/proc/self/status]	VmPin:	   71516 kB
20220314 013652.778 INFO             PET0 PIOc_freedecomp Exit - MemInfo: [/proc/self/status]	VmHWM:	  164412 kB
20220314 013652.778 INFO             PET0 PIOc_freedecomp Exit - MemInfo: [/proc/self/status]	VmRSS:	  163504 kB
20220314 013652.778 INFO             PET0 PIOc_freedecomp Exit - MemInfo: [/proc/self/status]	VmData:	 2405032 kB
20220314 013652.778 INFO             PET0 PIOc_freedecomp Exit - MemInfo: [/proc/self/status]	VmStk:	     512 kB
20220314 013652.778 INFO             PET0 PIOc_freedecomp Exit - MemInfo: [/proc/self/status]	VmExe:	     532 kB
20220314 013652.778 INFO             PET0 PIOc_freedecomp Exit - MemInfo: [/proc/self/status]	VmLib:	  156408 kB
20220314 013652.778 INFO             PET0 PIOc_freedecomp Exit - MemInfo: [/proc/self/status]	VmPTE:	     736 kB
20220314 013652.778 INFO             PET0 PIOc_freedecomp Exit - MemInfo: [/proc/self/status]	VmPMD:	      32 kB
20220314 013652.778 INFO             PET0 PIOc_freedecomp Exit - MemInfo: [/proc/self/status]	VmSwap:	       0 kB
20220314 013652.778 INFO             PET0 PIOc_freedecomp Exit - MemInfo: [/proc/self/status]	VmRSSPercent: 0.124438 %
20220314 013652.778 INFO             PET0 PIOc_freedecomp Exit - MemInfo: [malloc] Non-mmapped space allocated:                 5947392 Byte
20220314 013652.778 INFO             PET0 PIOc_freedecomp Exit - MemInfo: [malloc] Space allocated in mmapped regions:         73412608 Byte
20220314 013652.778 INFO             PET0 PIOc_freedecomp Exit - MemInfo: [malloc] Maximum total allocated space:                     0 Byte
20220314 013652.778 INFO             PET0 PIOc_freedecomp Exit - MemInfo: [malloc] Space in freed fastbin blocks:                   720 Byte
20220314 013652.778 INFO             PET0 PIOc_freedecomp Exit - MemInfo: [malloc] Total allocated space:                       3058640 Byte
20220314 013652.778 INFO             PET0 PIOc_freedecomp Exit - MemInfo: [malloc] Total free space:                            2888752 Byte
20220314 013652.778 INFO             PET0 PIOc_freedecomp Exit - MemInfo: [malloc] Top-most, releasable space:                   118384 Byte
20220314 013652.778 INFO             PET0 PIOc_freedecomp Exit - MemInfo: [malloc] Total space in use, mmap + non-mmap:        76471248 Byte
20220314 013652.778 INFO             PET0 PIOc_freedecomp Exit - MemInfo: [malloc] Total space held (mmap + non-mmap):         79360000 Byte
20220314 013652.778 INFO             PET0 PIOc_freedecomp Exit - MemInfo: [malloc] Total space used (mmap + non-mmap):         76480608 Byte
20220314 013652.778 INFO             PET0 PIOc_freedecomp Exit - MemInfo: Wall-clock time since execution start:              0.0369837 seconds
20220314 013652.780 INFO             PET0 PIOc_sync Enter - MemInfo: [/proc/meminfo - SSI]	MemTotal:       131394444 kB
20220314 013652.780 INFO             PET0 PIOc_sync Enter - MemInfo: [/proc/meminfo - SSI]	MemFree:        122641060 kB
20220314 013652.780 INFO             PET0 PIOc_sync Enter - MemInfo: [/proc/meminfo - SSI]	MemAvailable:   122306308 kB
20220314 013652.780 INFO             PET0 PIOc_sync Enter - MemInfo: [/proc/meminfo - SSI]	Committed_AS:    5614432 kB
20220314 013652.780 INFO             PET0 PIOc_sync Enter - MemInfo: [/proc/meminfo - SSI]	CommittedPercent: 4.27296 %
20220314 013652.780 INFO             PET0 PIOc_sync Enter - MemInfo: [/proc/self/status]	VmPeak:	 2675896 kB
20220314 013652.780 INFO             PET0 PIOc_sync Enter - MemInfo: [/proc/self/status]	VmSize:	 2664648 kB
20220314 013652.780 INFO             PET0 PIOc_sync Enter - MemInfo: [/proc/self/status]	VmLck:	       0 kB
20220314 013652.780 INFO             PET0 PIOc_sync Enter - MemInfo: [/proc/self/status]	VmPin:	   71516 kB
20220314 013652.780 INFO             PET0 PIOc_sync Enter - MemInfo: [/proc/self/status]	VmHWM:	  164412 kB
20220314 013652.780 INFO             PET0 PIOc_sync Enter - MemInfo: [/proc/self/status]	VmRSS:	  163928 kB
20220314 013652.780 INFO             PET0 PIOc_sync Enter - MemInfo: [/proc/self/status]	VmData:	 2405032 kB
20220314 013652.780 INFO             PET0 PIOc_sync Enter - MemInfo: [/proc/self/status]	VmStk:	     512 kB
20220314 013652.780 INFO             PET0 PIOc_sync Enter - MemInfo: [/proc/self/status]	VmExe:	     532 kB
20220314 013652.780 INFO             PET0 PIOc_sync Enter - MemInfo: [/proc/self/status]	VmLib:	  156408 kB
20220314 013652.780 INFO             PET0 PIOc_sync Enter - MemInfo: [/proc/self/status]	VmPTE:	     736 kB
20220314 013652.780 INFO             PET0 PIOc_sync Enter - MemInfo: [/proc/self/status]	VmPMD:	      32 kB
20220314 013652.780 INFO             PET0 PIOc_sync Enter - MemInfo: [/proc/self/status]	VmSwap:	       0 kB
20220314 013652.780 INFO             PET0 PIOc_sync Enter - MemInfo: [/proc/self/status]	VmRSSPercent: 0.12476 %
20220314 013652.780 INFO             PET0 PIOc_sync Enter - MemInfo: [malloc] Non-mmapped space allocated:                 5947392 Byte
20220314 013652.780 INFO             PET0 PIOc_sync Enter - MemInfo: [malloc] Space allocated in mmapped regions:         73412608 Byte
20220314 013652.780 INFO             PET0 PIOc_sync Enter - MemInfo: [malloc] Maximum total allocated space:                     0 Byte
20220314 013652.780 INFO             PET0 PIOc_sync Enter - MemInfo: [malloc] Space in freed fastbin blocks:                   144 Byte
20220314 013652.780 INFO             PET0 PIOc_sync Enter - MemInfo: [malloc] Total allocated space:                       5696944 Byte
20220314 013652.781 INFO             PET0 PIOc_sync Enter - MemInfo: [malloc] Total free space:                             250448 Byte
20220314 013652.781 INFO             PET0 PIOc_sync Enter - MemInfo: [malloc] Top-most, releasable space:                   116224 Byte
20220314 013652.781 INFO             PET0 PIOc_sync Enter - MemInfo: [malloc] Total space in use, mmap + non-mmap:        79109552 Byte
20220314 013652.781 INFO             PET0 PIOc_sync Enter - MemInfo: [malloc] Total space held (mmap + non-mmap):         79360000 Byte
20220314 013652.781 INFO             PET0 PIOc_sync Enter - MemInfo: [malloc] Total space used (mmap + non-mmap):         79118912 Byte
20220314 013652.781 INFO             PET0 PIOc_sync Enter - MemInfo: Wall-clock time since execution start:              0.0394595 seconds
20220314 013652.781 INFO             PET0 PIOc_sync Exit - MemInfo: [/proc/meminfo - SSI]	MemTotal:       131394444 kB
20220314 013652.781 INFO             PET0 PIOc_sync Exit - MemInfo: [/proc/meminfo - SSI]	MemFree:        122641060 kB
20220314 013652.781 INFO             PET0 PIOc_sync Exit - MemInfo: [/proc/meminfo - SSI]	MemAvailable:   122306308 kB
20220314 013652.781 INFO             PET0 PIOc_sync Exit - MemInfo: [/proc/meminfo - SSI]	Committed_AS:    5614432 kB
20220314 013652.781 INFO             PET0 PIOc_sync Exit - MemInfo: [/proc/meminfo - SSI]	CommittedPercent: 4.27296 %
20220314 013652.781 INFO             PET0 PIOc_sync Exit - MemInfo: [/proc/self/status]	VmPeak:	 2675896 kB
20220314 013652.781 INFO             PET0 PIOc_sync Exit - MemInfo: [/proc/self/status]	VmSize:	 2664648 kB
20220314 013652.781 INFO             PET0 PIOc_sync Exit - MemInfo: [/proc/self/status]	VmLck:	       0 kB
20220314 013652.781 INFO             PET0 PIOc_sync Exit - MemInfo: [/proc/self/status]	VmPin:	   71516 kB
20220314 013652.781 INFO             PET0 PIOc_sync Exit - MemInfo: [/proc/self/status]	VmHWM:	  164412 kB
20220314 013652.781 INFO             PET0 PIOc_sync Exit - MemInfo: [/proc/self/status]	VmRSS:	  163928 kB
20220314 013652.781 INFO             PET0 PIOc_sync Exit - MemInfo: [/proc/self/status]	VmData:	 2405032 kB
20220314 013652.781 INFO             PET0 PIOc_sync Exit - MemInfo: [/proc/self/status]	VmStk:	     512 kB
20220314 013652.781 INFO             PET0 PIOc_sync Exit - MemInfo: [/proc/self/status]	VmExe:	     532 kB
20220314 013652.781 INFO             PET0 PIOc_sync Exit - MemInfo: [/proc/self/status]	VmLib:	  156408 kB
20220314 013652.781 INFO             PET0 PIOc_sync Exit - MemInfo: [/proc/self/status]	VmPTE:	     736 kB
20220314 013652.781 INFO             PET0 PIOc_sync Exit - MemInfo: [/proc/self/status]	VmPMD:	      32 kB
20220314 013652.781 INFO             PET0 PIOc_sync Exit - MemInfo: [/proc/self/status]	VmSwap:	       0 kB
20220314 013652.781 INFO             PET0 PIOc_sync Exit - MemInfo: [/proc/self/status]	VmRSSPercent: 0.12476 %
20220314 013652.781 INFO             PET0 PIOc_sync Exit - MemInfo: [malloc] Non-mmapped space allocated:                 5947392 Byte
20220314 013652.781 INFO             PET0 PIOc_sync Exit - MemInfo: [malloc] Space allocated in mmapped regions:         73412608 Byte
20220314 013652.781 INFO             PET0 PIOc_sync Exit - MemInfo: [malloc] Maximum total allocated space:                     0 Byte
20220314 013652.781 INFO             PET0 PIOc_sync Exit - MemInfo: [malloc] Space in freed fastbin blocks:                   144 Byte
20220314 013652.781 INFO             PET0 PIOc_sync Exit - MemInfo: [malloc] Total allocated space:                       5696224 Byte
20220314 013652.781 INFO             PET0 PIOc_sync Exit - MemInfo: [malloc] Total free space:                             251168 Byte
20220314 013652.781 INFO             PET0 PIOc_sync Exit - MemInfo: [malloc] Top-most, releasable space:                   116848 Byte
20220314 013652.781 INFO             PET0 PIOc_sync Exit - MemInfo: [malloc] Total space in use, mmap + non-mmap:        79108832 Byte
20220314 013652.781 INFO             PET0 PIOc_sync Exit - MemInfo: [malloc] Total space held (mmap + non-mmap):         79360000 Byte
20220314 013652.781 INFO             PET0 PIOc_sync Exit - MemInfo: [malloc] Total space used (mmap + non-mmap):         79118192 Byte
20220314 013652.781 INFO             PET0 PIOc_sync Exit - MemInfo: Wall-clock time since execution start:              0.0402749 seconds
20220314 013652.782 INFO             PET0 PIOc_freedecomp Enter - MemInfo: [/proc/meminfo - SSI]	MemTotal:       131394444 kB
20220314 013652.782 INFO             PET0 PIOc_freedecomp Enter - MemInfo: [/proc/meminfo - SSI]	MemFree:        122641060 kB
20220314 013652.782 INFO             PET0 PIOc_freedecomp Enter - MemInfo: [/proc/meminfo - SSI]	MemAvailable:   122306308 kB
20220314 013652.782 INFO             PET0 PIOc_freedecomp Enter - MemInfo: [/proc/meminfo - SSI]	Committed_AS:    5614432 kB
20220314 013652.782 INFO             PET0 PIOc_freedecomp Enter - MemInfo: [/proc/meminfo - SSI]	CommittedPercent: 4.27296 %
20220314 013652.782 INFO             PET0 PIOc_freedecomp Enter - MemInfo: [/proc/self/status]	VmPeak:	 2675896 kB
20220314 013652.782 INFO             PET0 PIOc_freedecomp Enter - MemInfo: [/proc/self/status]	VmSize:	 2664648 kB
20220314 013652.782 INFO             PET0 PIOc_freedecomp Enter - MemInfo: [/proc/self/status]	VmLck:	       0 kB
20220314 013652.782 INFO             PET0 PIOc_freedecomp Enter - MemInfo: [/proc/self/status]	VmPin:	   71516 kB
20220314 013652.782 INFO             PET0 PIOc_freedecomp Enter - MemInfo: [/proc/self/status]	VmHWM:	  164412 kB
20220314 013652.782 INFO             PET0 PIOc_freedecomp Enter - MemInfo: [/proc/self/status]	VmRSS:	  163928 kB
20220314 013652.782 INFO             PET0 PIOc_freedecomp Enter - MemInfo: [/proc/self/status]	VmData:	 2405032 kB
20220314 013652.782 INFO             PET0 PIOc_freedecomp Enter - MemInfo: [/proc/self/status]	VmStk:	     512 kB
20220314 013652.782 INFO             PET0 PIOc_freedecomp Enter - MemInfo: [/proc/self/status]	VmExe:	     532 kB
20220314 013652.782 INFO             PET0 PIOc_freedecomp Enter - MemInfo: [/proc/self/status]	VmLib:	  156408 kB
20220314 013652.782 INFO             PET0 PIOc_freedecomp Enter - MemInfo: [/proc/self/status]	VmPTE:	     736 kB
20220314 013652.782 INFO             PET0 PIOc_freedecomp Enter - MemInfo: [/proc/self/status]	VmPMD:	      32 kB
20220314 013652.782 INFO             PET0 PIOc_freedecomp Enter - MemInfo: [/proc/self/status]	VmSwap:	       0 kB
20220314 013652.782 INFO             PET0 PIOc_freedecomp Enter - MemInfo: [/proc/self/status]	VmRSSPercent: 0.12476 %
20220314 013652.782 INFO             PET0 PIOc_freedecomp Enter - MemInfo: [malloc] Non-mmapped space allocated:                 5947392 Byte
20220314 013652.782 INFO             PET0 PIOc_freedecomp Enter - MemInfo: [malloc] Space allocated in mmapped regions:         73412608 Byte
20220314 013652.782 INFO             PET0 PIOc_freedecomp Enter - MemInfo: [malloc] Maximum total allocated space:                     0 Byte
20220314 013652.782 INFO             PET0 PIOc_freedecomp Enter - MemInfo: [malloc] Space in freed fastbin blocks:                   240 Byte
20220314 013652.782 INFO             PET0 PIOc_freedecomp Enter - MemInfo: [malloc] Total allocated space:                       3059952 Byte
20220314 013652.782 INFO             PET0 PIOc_freedecomp Enter - MemInfo: [malloc] Total free space:                            2887440 Byte
20220314 013652.782 INFO             PET0 PIOc_freedecomp Enter - MemInfo: [malloc] Top-most, releasable space:                   119152 Byte
20220314 013652.782 INFO             PET0 PIOc_freedecomp Enter - MemInfo: [malloc] Total space in use, mmap + non-mmap:        76472560 Byte
20220314 013652.782 INFO             PET0 PIOc_freedecomp Enter - MemInfo: [malloc] Total space held (mmap + non-mmap):         79360000 Byte
20220314 013652.782 INFO             PET0 PIOc_freedecomp Enter - MemInfo: [malloc] Total space used (mmap + non-mmap):         76481920 Byte
20220314 013652.782 INFO             PET0 PIOc_freedecomp Enter - MemInfo: Wall-clock time since execution start:              0.0411776 seconds
20220314 013652.782 INFO             PET0 PIOc_freedecomp Exit - MemInfo: [/proc/meminfo - SSI]	MemTotal:       131394444 kB
20220314 013652.782 INFO             PET0 PIOc_freedecomp Exit - MemInfo: [/proc/meminfo - SSI]	MemFree:        122641060 kB
20220314 013652.783 INFO             PET0 PIOc_freedecomp Exit - MemInfo: [/proc/meminfo - SSI]	MemAvailable:   122306308 kB
20220314 013652.783 INFO             PET0 PIOc_freedecomp Exit - MemInfo: [/proc/meminfo - SSI]	Committed_AS:    5614432 kB
20220314 013652.783 INFO             PET0 PIOc_freedecomp Exit - MemInfo: [/proc/meminfo - SSI]	CommittedPercent: 4.27296 %
20220314 013652.783 INFO             PET0 PIOc_freedecomp Exit - MemInfo: [/proc/self/status]	VmPeak:	 2675896 kB
20220314 013652.783 INFO             PET0 PIOc_freedecomp Exit - MemInfo: [/proc/self/status]	VmSize:	 2664648 kB
20220314 013652.783 INFO             PET0 PIOc_freedecomp Exit - MemInfo: [/proc/self/status]	VmLck:	       0 kB
20220314 013652.783 INFO             PET0 PIOc_freedecomp Exit - MemInfo: [/proc/self/status]	VmPin:	   71516 kB
20220314 013652.783 INFO             PET0 PIOc_freedecomp Exit - MemInfo: [/proc/self/status]	VmHWM:	  164412 kB
20220314 013652.783 INFO             PET0 PIOc_freedecomp Exit - MemInfo: [/proc/self/status]	VmRSS:	  163928 kB
20220314 013652.783 INFO             PET0 PIOc_freedecomp Exit - MemInfo: [/proc/self/status]	VmData:	 2405032 kB
20220314 013652.783 INFO             PET0 PIOc_freedecomp Exit - MemInfo: [/proc/self/status]	VmStk:	     512 kB
20220314 013652.783 INFO             PET0 PIOc_freedecomp Exit - MemInfo: [/proc/self/status]	VmExe:	     532 kB
20220314 013652.783 INFO             PET0 PIOc_freedecomp Exit - MemInfo: [/proc/self/status]	VmLib:	  156408 kB
20220314 013652.783 INFO             PET0 PIOc_freedecomp Exit - MemInfo: [/proc/self/status]	VmPTE:	     736 kB
20220314 013652.783 INFO             PET0 PIOc_freedecomp Exit - MemInfo: [/proc/self/status]	VmPMD:	      32 kB
20220314 013652.783 INFO             PET0 PIOc_freedecomp Exit - MemInfo: [/proc/self/status]	VmSwap:	       0 kB
20220314 013652.783 INFO             PET0 PIOc_freedecomp Exit - MemInfo: [/proc/self/status]	VmRSSPercent: 0.12476 %
20220314 013652.783 INFO             PET0 PIOc_freedecomp Exit - MemInfo: [malloc] Non-mmapped space allocated:                 5947392 Byte
20220314 013652.783 INFO             PET0 PIOc_freedecomp Exit - MemInfo: [malloc] Space allocated in mmapped regions:         73412608 Byte
20220314 013652.783 INFO             PET0 PIOc_freedecomp Exit - MemInfo: [malloc] Maximum total allocated space:                     0 Byte
20220314 013652.783 INFO             PET0 PIOc_freedecomp Exit - MemInfo: [malloc] Space in freed fastbin blocks:                   144 Byte
20220314 013652.783 INFO             PET0 PIOc_freedecomp Exit - MemInfo: [malloc] Total allocated space:                       3058640 Byte
20220314 013652.783 INFO             PET0 PIOc_freedecomp Exit - MemInfo: [malloc] Total free space:                            2888752 Byte
20220314 013652.783 INFO             PET0 PIOc_freedecomp Exit - MemInfo: [malloc] Top-most, releasable space:                  2753728 Byte
20220314 013652.783 INFO             PET0 PIOc_freedecomp Exit - MemInfo: [malloc] Total space in use, mmap + non-mmap:        76471248 Byte
20220314 013652.783 INFO             PET0 PIOc_freedecomp Exit - MemInfo: [malloc] Total space held (mmap + non-mmap):         79360000 Byte
20220314 013652.783 INFO             PET0 PIOc_freedecomp Exit - MemInfo: [malloc] Total space used (mmap + non-mmap):         76480608 Byte
20220314 013652.783 INFO             PET0 PIOc_freedecomp Exit - MemInfo: Wall-clock time since execution start:              0.0419593 seconds
20220314 013652.784 INFO             PET0 PIOc_sync Enter - MemInfo: [/proc/meminfo - SSI]	MemTotal:       131394444 kB
20220314 013652.784 INFO             PET0 PIOc_sync Enter - MemInfo: [/proc/meminfo - SSI]	MemFree:        122641060 kB
20220314 013652.784 INFO             PET0 PIOc_sync Enter - MemInfo: [/proc/meminfo - SSI]	MemAvailable:   122306308 kB
20220314 013652.784 INFO             PET0 PIOc_sync Enter - MemInfo: [/proc/meminfo - SSI]	Committed_AS:    5614432 kB
20220314 013652.784 INFO             PET0 PIOc_sync Enter - MemInfo: [/proc/meminfo - SSI]	CommittedPercent: 4.27296 %
20220314 013652.784 INFO             PET0 PIOc_sync Enter - MemInfo: [/proc/self/status]	VmPeak:	 2675896 kB
20220314 013652.784 INFO             PET0 PIOc_sync Enter - MemInfo: [/proc/self/status]	VmSize:	 2664648 kB
20220314 013652.784 INFO             PET0 PIOc_sync Enter - MemInfo: [/proc/self/status]	VmLck:	       0 kB
20220314 013652.784 INFO             PET0 PIOc_sync Enter - MemInfo: [/proc/self/status]	VmPin:	   71516 kB
20220314 013652.784 INFO             PET0 PIOc_sync Enter - MemInfo: [/proc/self/status]	VmHWM:	  164412 kB
20220314 013652.784 INFO             PET0 PIOc_sync Enter - MemInfo: [/proc/self/status]	VmRSS:	  163928 kB
20220314 013652.784 INFO             PET0 PIOc_sync Enter - MemInfo: [/proc/self/status]	VmData:	 2405032 kB
20220314 013652.784 INFO             PET0 PIOc_sync Enter - MemInfo: [/proc/self/status]	VmStk:	     512 kB
20220314 013652.784 INFO             PET0 PIOc_sync Enter - MemInfo: [/proc/self/status]	VmExe:	     532 kB
20220314 013652.784 INFO             PET0 PIOc_sync Enter - MemInfo: [/proc/self/status]	VmLib:	  156408 kB
20220314 013652.784 INFO             PET0 PIOc_sync Enter - MemInfo: [/proc/self/status]	VmPTE:	     736 kB
20220314 013652.784 INFO             PET0 PIOc_sync Enter - MemInfo: [/proc/self/status]	VmPMD:	      32 kB
20220314 013652.784 INFO             PET0 PIOc_sync Enter - MemInfo: [/proc/self/status]	VmSwap:	       0 kB
20220314 013652.784 INFO             PET0 PIOc_sync Enter - MemInfo: [/proc/self/status]	VmRSSPercent: 0.12476 %
20220314 013652.784 INFO             PET0 PIOc_sync Enter - MemInfo: [malloc] Non-mmapped space allocated:                 5947392 Byte
20220314 013652.784 INFO             PET0 PIOc_sync Enter - MemInfo: [malloc] Space allocated in mmapped regions:         73412608 Byte
20220314 013652.784 INFO             PET0 PIOc_sync Enter - MemInfo: [malloc] Maximum total allocated space:                     0 Byte
20220314 013652.784 INFO             PET0 PIOc_sync Enter - MemInfo: [malloc] Space in freed fastbin blocks:                   144 Byte
20220314 013652.784 INFO             PET0 PIOc_sync Enter - MemInfo: [malloc] Total allocated space:                       5697664 Byte
20220314 013652.784 INFO             PET0 PIOc_sync Enter - MemInfo: [malloc] Total free space:                             249728 Byte
20220314 013652.784 INFO             PET0 PIOc_sync Enter - MemInfo: [malloc] Top-most, releasable space:                   114816 Byte
20220314 013652.784 INFO             PET0 PIOc_sync Enter - MemInfo: [malloc] Total space in use, mmap + non-mmap:        79110272 Byte
20220314 013652.784 INFO             PET0 PIOc_sync Enter - MemInfo: [malloc] Total space held (mmap + non-mmap):         79360000 Byte
20220314 013652.784 INFO             PET0 PIOc_sync Enter - MemInfo: [malloc] Total space used (mmap + non-mmap):         79119632 Byte
20220314 013652.784 INFO             PET0 PIOc_sync Enter - MemInfo: Wall-clock time since execution start:              0.0432796 seconds
20220314 013652.785 INFO             PET0 PIOc_sync Exit - MemInfo: [/proc/meminfo - SSI]	MemTotal:       131394444 kB
20220314 013652.785 INFO             PET0 PIOc_sync Exit - MemInfo: [/proc/meminfo - SSI]	MemFree:        122641060 kB
20220314 013652.785 INFO             PET0 PIOc_sync Exit - MemInfo: [/proc/meminfo - SSI]	MemAvailable:   122306308 kB
20220314 013652.785 INFO             PET0 PIOc_sync Exit - MemInfo: [/proc/meminfo - SSI]	Committed_AS:    5614432 kB
20220314 013652.785 INFO             PET0 PIOc_sync Exit - MemInfo: [/proc/meminfo - SSI]	CommittedPercent: 4.27296 %
20220314 013652.785 INFO             PET0 PIOc_sync Exit - MemInfo: [/proc/self/status]	VmPeak:	 2675896 kB
20220314 013652.785 INFO             PET0 PIOc_sync Exit - MemInfo: [/proc/self/status]	VmSize:	 2664648 kB
20220314 013652.785 INFO             PET0 PIOc_sync Exit - MemInfo: [/proc/self/status]	VmLck:	       0 kB
20220314 013652.785 INFO             PET0 PIOc_sync Exit - MemInfo: [/proc/self/status]	VmPin:	   71516 kB
20220314 013652.785 INFO             PET0 PIOc_sync Exit - MemInfo: [/proc/self/status]	VmHWM:	  164412 kB
20220314 013652.785 INFO             PET0 PIOc_sync Exit - MemInfo: [/proc/self/status]	VmRSS:	  163932 kB
20220314 013652.785 INFO             PET0 PIOc_sync Exit - MemInfo: [/proc/self/status]	VmData:	 2405032 kB
20220314 013652.785 INFO             PET0 PIOc_sync Exit - MemInfo: [/proc/self/status]	VmStk:	     512 kB
20220314 013652.785 INFO             PET0 PIOc_sync Exit - MemInfo: [/proc/self/status]	VmExe:	     532 kB
20220314 013652.785 INFO             PET0 PIOc_sync Exit - MemInfo: [/proc/self/status]	VmLib:	  156408 kB
20220314 013652.785 INFO             PET0 PIOc_sync Exit - MemInfo: [/proc/self/status]	VmPTE:	     736 kB
20220314 013652.785 INFO             PET0 PIOc_sync Exit - MemInfo: [/proc/self/status]	VmPMD:	      32 kB
20220314 013652.785 INFO             PET0 PIOc_sync Exit - MemInfo: [/proc/self/status]	VmSwap:	       0 kB
20220314 013652.785 INFO             PET0 PIOc_sync Exit - MemInfo: [/proc/self/status]	VmRSSPercent: 0.124763 %
20220314 013652.785 INFO             PET0 PIOc_sync Exit - MemInfo: [malloc] Non-mmapped space allocated:                 5947392 Byte
20220314 013652.785 INFO             PET0 PIOc_sync Exit - MemInfo: [malloc] Space allocated in mmapped regions:         73412608 Byte
20220314 013652.785 INFO             PET0 PIOc_sync Exit - MemInfo: [malloc] Maximum total allocated space:                     0 Byte
20220314 013652.785 INFO             PET0 PIOc_sync Exit - MemInfo: [malloc] Space in freed fastbin blocks:                   352 Byte
20220314 013652.785 INFO             PET0 PIOc_sync Exit - MemInfo: [malloc] Total allocated space:                       5696944 Byte
20220314 013652.785 INFO             PET0 PIOc_sync Exit - MemInfo: [malloc] Total free space:                             250448 Byte
20220314 013652.785 INFO             PET0 PIOc_sync Exit - MemInfo: [malloc] Top-most, releasable space:                   115440 Byte
20220314 013652.785 INFO             PET0 PIOc_sync Exit - MemInfo: [malloc] Total space in use, mmap + non-mmap:        79109552 Byte
20220314 013652.785 INFO             PET0 PIOc_sync Exit - MemInfo: [malloc] Total space held (mmap + non-mmap):         79360000 Byte
20220314 013652.785 INFO             PET0 PIOc_sync Exit - MemInfo: [malloc] Total space used (mmap + non-mmap):         79118912 Byte
20220314 013652.785 INFO             PET0 PIOc_sync Exit - MemInfo: Wall-clock time since execution start:              0.0440674 seconds
20220314 013652.785 INFO             PET0 PIOc_freedecomp Enter - MemInfo: [/proc/meminfo - SSI]	MemTotal:       131394444 kB
20220314 013652.785 INFO             PET0 PIOc_freedecomp Enter - MemInfo: [/proc/meminfo - SSI]	MemFree:        122641060 kB
20220314 013652.785 INFO             PET0 PIOc_freedecomp Enter - MemInfo: [/proc/meminfo - SSI]	MemAvailable:   122306308 kB
20220314 013652.785 INFO             PET0 PIOc_freedecomp Enter - MemInfo: [/proc/meminfo - SSI]	Committed_AS:    5614432 kB
20220314 013652.785 INFO             PET0 PIOc_freedecomp Enter - MemInfo: [/proc/meminfo - SSI]	CommittedPercent: 4.27296 %
20220314 013652.785 INFO             PET0 PIOc_freedecomp Enter - MemInfo: [/proc/self/status]	VmPeak:	 2675896 kB
20220314 013652.786 INFO             PET0 PIOc_freedecomp Enter - MemInfo: [/proc/self/status]	VmSize:	 2664648 kB
20220314 013652.786 INFO             PET0 PIOc_freedecomp Enter - MemInfo: [/proc/self/status]	VmLck:	       0 kB
20220314 013652.786 INFO             PET0 PIOc_freedecomp Enter - MemInfo: [/proc/self/status]	VmPin:	   71516 kB
20220314 013652.786 INFO             PET0 PIOc_freedecomp Enter - MemInfo: [/proc/self/status]	VmHWM:	  164412 kB
20220314 013652.786 INFO             PET0 PIOc_freedecomp Enter - MemInfo: [/proc/self/status]	VmRSS:	  163932 kB
20220314 013652.786 INFO             PET0 PIOc_freedecomp Enter - MemInfo: [/proc/self/status]	VmData:	 2405032 kB
20220314 013652.786 INFO             PET0 PIOc_freedecomp Enter - MemInfo: [/proc/self/status]	VmStk:	     512 kB
20220314 013652.786 INFO             PET0 PIOc_freedecomp Enter - MemInfo: [/proc/self/status]	VmExe:	     532 kB
20220314 013652.786 INFO             PET0 PIOc_freedecomp Enter - MemInfo: [/proc/self/status]	VmLib:	  156408 kB
20220314 013652.786 INFO             PET0 PIOc_freedecomp Enter - MemInfo: [/proc/self/status]	VmPTE:	     736 kB
20220314 013652.786 INFO             PET0 PIOc_freedecomp Enter - MemInfo: [/proc/self/status]	VmPMD:	      32 kB
20220314 013652.786 INFO             PET0 PIOc_freedecomp Enter - MemInfo: [/proc/self/status]	VmSwap:	       0 kB
20220314 013652.786 INFO             PET0 PIOc_freedecomp Enter - MemInfo: [/proc/self/status]	VmRSSPercent: 0.124763 %
20220314 013652.786 INFO             PET0 PIOc_freedecomp Enter - MemInfo: [malloc] Non-mmapped space allocated:                 5947392 Byte
20220314 013652.786 INFO             PET0 PIOc_freedecomp Enter - MemInfo: [malloc] Space allocated in mmapped regions:         73412608 Byte
20220314 013652.786 INFO             PET0 PIOc_freedecomp Enter - MemInfo: [malloc] Maximum total allocated space:                     0 Byte
20220314 013652.786 INFO             PET0 PIOc_freedecomp Enter - MemInfo: [malloc] Space in freed fastbin blocks:                   368 Byte
20220314 013652.786 INFO             PET0 PIOc_freedecomp Enter - MemInfo: [malloc] Total allocated space:                       3059952 Byte
20220314 013652.786 INFO             PET0 PIOc_freedecomp Enter - MemInfo: [malloc] Total free space:                            2887440 Byte
20220314 013652.786 INFO             PET0 PIOc_freedecomp Enter - MemInfo: [malloc] Top-most, releasable space:                   118416 Byte
20220314 013652.786 INFO             PET0 PIOc_freedecomp Enter - MemInfo: [malloc] Total space in use, mmap + non-mmap:        76472560 Byte
20220314 013652.786 INFO             PET0 PIOc_freedecomp Enter - MemInfo: [malloc] Total space held (mmap + non-mmap):         79360000 Byte
20220314 013652.786 INFO             PET0 PIOc_freedecomp Enter - MemInfo: [malloc] Total space used (mmap + non-mmap):         76481920 Byte
20220314 013652.786 INFO             PET0 PIOc_freedecomp Enter - MemInfo: Wall-clock time since execution start:              0.0448276 seconds
20220314 013652.786 INFO             PET0 PIOc_freedecomp Exit - MemInfo: [/proc/meminfo - SSI]	MemTotal:       131394444 kB
20220314 013652.786 INFO             PET0 PIOc_freedecomp Exit - MemInfo: [/proc/meminfo - SSI]	MemFree:        122641060 kB
20220314 013652.786 INFO             PET0 PIOc_freedecomp Exit - MemInfo: [/proc/meminfo - SSI]	MemAvailable:   122306308 kB
20220314 013652.786 INFO             PET0 PIOc_freedecomp Exit - MemInfo: [/proc/meminfo - SSI]	Committed_AS:    5614432 kB
20220314 013652.786 INFO             PET0 PIOc_freedecomp Exit - MemInfo: [/proc/meminfo - SSI]	CommittedPercent: 4.27296 %
20220314 013652.786 INFO             PET0 PIOc_freedecomp Exit - MemInfo: [/proc/self/status]	VmPeak:	 2675896 kB
20220314 013652.786 INFO             PET0 PIOc_freedecomp Exit - MemInfo: [/proc/self/status]	VmSize:	 2664648 kB
20220314 013652.786 INFO             PET0 PIOc_freedecomp Exit - MemInfo: [/proc/self/status]	VmLck:	       0 kB
20220314 013652.786 INFO             PET0 PIOc_freedecomp Exit - MemInfo: [/proc/self/status]	VmPin:	   71516 kB
20220314 013652.786 INFO             PET0 PIOc_freedecomp Exit - MemInfo: [/proc/self/status]	VmHWM:	  164412 kB
20220314 013652.786 INFO             PET0 PIOc_freedecomp Exit - MemInfo: [/proc/self/status]	VmRSS:	  163932 kB
20220314 013652.786 INFO             PET0 PIOc_freedecomp Exit - MemInfo: [/proc/self/status]	VmData:	 2405032 kB
20220314 013652.786 INFO             PET0 PIOc_freedecomp Exit - MemInfo: [/proc/self/status]	VmStk:	     512 kB
20220314 013652.786 INFO             PET0 PIOc_freedecomp Exit - MemInfo: [/proc/self/status]	VmExe:	     532 kB
20220314 013652.786 INFO             PET0 PIOc_freedecomp Exit - MemInfo: [/proc/self/status]	VmLib:	  156408 kB
20220314 013652.786 INFO             PET0 PIOc_freedecomp Exit - MemInfo: [/proc/self/status]	VmPTE:	     736 kB
20220314 013652.786 INFO             PET0 PIOc_freedecomp Exit - MemInfo: [/proc/self/status]	VmPMD:	      32 kB
20220314 013652.786 INFO             PET0 PIOc_freedecomp Exit - MemInfo: [/proc/self/status]	VmSwap:	       0 kB
20220314 013652.787 INFO             PET0 PIOc_freedecomp Exit - MemInfo: [/proc/self/status]	VmRSSPercent: 0.124763 %
20220314 013652.787 INFO             PET0 PIOc_freedecomp Exit - MemInfo: [malloc] Non-mmapped space allocated:                 5947392 Byte
20220314 013652.787 INFO             PET0 PIOc_freedecomp Exit - MemInfo: [malloc] Space allocated in mmapped regions:         73412608 Byte
20220314 013652.787 INFO             PET0 PIOc_freedecomp Exit - MemInfo: [malloc] Maximum total allocated space:                     0 Byte
20220314 013652.787 INFO             PET0 PIOc_freedecomp Exit - MemInfo: [malloc] Space in freed fastbin blocks:                   224 Byte
20220314 013652.787 INFO             PET0 PIOc_freedecomp Exit - MemInfo: [malloc] Total allocated space:                       3058640 Byte
20220314 013652.787 INFO             PET0 PIOc_freedecomp Exit - MemInfo: [malloc] Total free space:                            2888752 Byte
20220314 013652.787 INFO             PET0 PIOc_freedecomp Exit - MemInfo: [malloc] Top-most, releasable space:                   118944 Byte
20220314 013652.787 INFO             PET0 PIOc_freedecomp Exit - MemInfo: [malloc] Total space in use, mmap + non-mmap:        76471248 Byte
20220314 013652.787 INFO             PET0 PIOc_freedecomp Exit - MemInfo: [malloc] Total space held (mmap + non-mmap):         79360000 Byte
20220314 013652.787 INFO             PET0 PIOc_freedecomp Exit - MemInfo: [malloc] Total space used (mmap + non-mmap):         76480608 Byte
20220314 013652.787 INFO             PET0 PIOc_freedecomp Exit - MemInfo: Wall-clock time since execution start:              0.0455901 seconds
20220314 013652.787 INFO             PET0 PASS Execute ESMC_RouteHandlePrint(), ESMC_FieldGridRegridCsrvUTest.C, line 526
20220314 013652.787 INFO             PET0 PASS Release an ESMC_RouteHandle via ESMC_FieldRegridRelease(), ESMC_FieldGridRegridCsrvUTest.C, line 534
20220314 013652.790 INFO             PET0 PASS Execute ESMC_FieldRegridGetArea() - source, ESMC_FieldGridRegridCsrvUTest.C, line 584
20220314 013652.791 INFO             PET0 PASS Execute ESMC_FieldRegridGetArea() - destination, ESMC_FieldGridRegridCsrvUTest.C, line 606
20220314 013652.791 INFO             PET0 PASS Regridding Validation, ESMC_FieldGridRegridCsrvUTest.C, line 671
20220314 013652.791 INFO             PET0 PASS Destroy ESMC_Field object, ESMC_FieldGridRegridCsrvUTest.C, line 685
20220314 013652.791 INFO             PET0 PASS Destroy ESMC_Field object, ESMC_FieldGridRegridCsrvUTest.C, line 693
20220314 013652.791 INFO             PET0 PASS Destroy ESMC_Grid object, ESMC_FieldGridRegridCsrvUTest.C, line 701
20220314 013652.791 INFO             PET0 PASS Destroy ESMC_Mesh object, ESMC_FieldGridRegridCsrvUTest.C, line 709
20220314 013652.791 INFO             PET0 Ending Test, file ESMC_FieldGridRegridCsrvUTest.C, line 714
20220314 013652.791 INFO             PET0 Finalizing ESMF
