build time -- 2022-03-13 01:18:47.579298
20220313 013211.289 INFO             PET0 !!!!!!!!!!!!!!!!!!!!!!!!!!!!!!!!!!!!!!!!!!!!!!!!!!!!!!
20220313 013211.289 INFO             PET0 !!! THE ESMF_LOG IS SET TO OUTPUT ALL LOG MESSAGES !!!
20220313 013211.289 INFO             PET0 !!!     THIS MAY CAUSE SLOWDOWN IN PERFORMANCE     !!!
20220313 013211.289 INFO             PET0 !!! FOR PRODUCTION RUNS, USE:                      !!!
20220313 013211.289 INFO             PET0 !!!                   ESMF_LOGKIND_Multi_On_Error  !!!
20220313 013211.289 INFO             PET0 !!!!!!!!!!!!!!!!!!!!!!!!!!!!!!!!!!!!!!!!!!!!!!!!!!!!!!
20220313 013211.289 INFO             PET0 Running with ESMF Version   : v8.3.0b09-96-g559b459836
20220313 013211.290 INFO             PET0 ESMF library build date/time: "Mar 13 2022" "01:16:11"
20220313 013211.290 INFO             PET0 ESMF library build location : /gpfsm/dnb04/projects/p98/mpotts/esmf/intel_2020_intelmpi_g_jedwards_pio_update2
20220313 013211.290 INFO             PET0 ESMF_COMM                   : intelmpi
20220313 013211.290 INFO             PET0 ESMF_MOAB                   : enabled
20220313 013211.290 INFO             PET0 ESMF_LAPACK                 : enabled
20220313 013211.290 INFO             PET0 ESMF_NETCDF                 : enabled
20220313 013211.290 INFO             PET0 ESMF_PNETCDF                : disabled
20220313 013211.290 INFO             PET0 ESMF_PIO                    : enabled
20220313 013211.290 INFO             PET0 ESMF_YAMLCPP                : enabled
20220313 013211.291 INFO             PET0  Beginning Test, file ESMF_ArrayIOUTest.F90, line 103
20220313 013211.291 INFO             PET0  NUMBER_OF_PROCESSORS           6
20220313 013211.291 INFO             PET0  PASS  dstDistgrid Create Test, ESMF_ArrayIOUTest.F90, line 137
20220313 013211.291 INFO             PET0  PASS  Array Spec Set Test, ESMF_ArrayIOUTest.F90, line 145
20220313 013211.293 INFO             PET0  PASS  Array with Halo Create Test, ESMF_ArrayIOUTest.F90, line 160
20220313 013211.293 INFO             PET0  PASS  Array without Halo Create Test, ESMF_ArrayIOUTest.F90, line 170
20220313 013211.294 INFO             PET0  PASS  Accessing Fortran pointers for Arrays Test, ESMF_ArrayIOUTest.F90, line 225
20220313 013211.300 INFO             PET0 PIOc_sync Enter - MemInfo: [/proc/meminfo - SSI]	MemTotal:       131394444 kB
20220313 013211.300 INFO             PET0 PIOc_sync Enter - MemInfo: [/proc/meminfo - SSI]	MemFree:        123456072 kB
20220313 013211.300 INFO             PET0 PIOc_sync Enter - MemInfo: [/proc/meminfo - SSI]	MemAvailable:   123167456 kB
20220313 013211.300 INFO             PET0 PIOc_sync Enter - MemInfo: [/proc/meminfo - SSI]	Committed_AS:    4856180 kB
20220313 013211.300 INFO             PET0 PIOc_sync Enter - MemInfo: [/proc/meminfo - SSI]	CommittedPercent: 3.69588 %
20220313 013211.300 INFO             PET0 PIOc_sync Enter - MemInfo: [/proc/self/status]	VmPeak:	 3940160 kB
20220313 013211.300 INFO             PET0 PIOc_sync Enter - MemInfo: [/proc/self/status]	VmSize:	 3929184 kB
20220313 013211.300 INFO             PET0 PIOc_sync Enter - MemInfo: [/proc/self/status]	VmLck:	       0 kB
20220313 013211.300 INFO             PET0 PIOc_sync Enter - MemInfo: [/proc/self/status]	VmPin:	   72156 kB
20220313 013211.300 INFO             PET0 PIOc_sync Enter - MemInfo: [/proc/self/status]	VmHWM:	  158436 kB
20220313 013211.300 INFO             PET0 PIOc_sync Enter - MemInfo: [/proc/self/status]	VmRSS:	  158436 kB
20220313 013211.300 INFO             PET0 PIOc_sync Enter - MemInfo: [/proc/self/status]	VmData:	  259360 kB
20220313 013211.300 INFO             PET0 PIOc_sync Enter - MemInfo: [/proc/self/status]	VmStk:	     512 kB
20220313 013211.300 INFO             PET0 PIOc_sync Enter - MemInfo: [/proc/self/status]	VmExe:	    1992 kB
20220313 013211.300 INFO             PET0 PIOc_sync Enter - MemInfo: [/proc/self/status]	VmLib:	  156408 kB
20220313 013211.300 INFO             PET0 PIOc_sync Enter - MemInfo: [/proc/self/status]	VmPTE:	     828 kB
20220313 013211.300 INFO             PET0 PIOc_sync Enter - MemInfo: [/proc/self/status]	VmPMD:	      32 kB
20220313 013211.300 INFO             PET0 PIOc_sync Enter - MemInfo: [/proc/self/status]	VmSwap:	       0 kB
20220313 013211.300 INFO             PET0 PIOc_sync Enter - MemInfo: [/proc/self/status]	VmRSSPercent: 0.12058 %
20220313 013211.300 INFO             PET0 PIOc_sync Enter - MemInfo: [malloc] Non-mmapped space allocated:                 2973696 Byte
20220313 013211.300 INFO             PET0 PIOc_sync Enter - MemInfo: [malloc] Space allocated in mmapped regions:         76042240 Byte
20220313 013211.300 INFO             PET0 PIOc_sync Enter - MemInfo: [malloc] Maximum total allocated space:                     0 Byte
20220313 013211.300 INFO             PET0 PIOc_sync Enter - MemInfo: [malloc] Space in freed fastbin blocks:                   368 Byte
20220313 013211.300 INFO             PET0 PIOc_sync Enter - MemInfo: [malloc] Total allocated space:                       2812496 Byte
20220313 013211.300 INFO             PET0 PIOc_sync Enter - MemInfo: [malloc] Total free space:                             161200 Byte
20220313 013211.300 INFO             PET0 PIOc_sync Enter - MemInfo: [malloc] Top-most, releasable space:                    24864 Byte
20220313 013211.300 INFO             PET0 PIOc_sync Enter - MemInfo: [malloc] Total space in use, mmap + non-mmap:        78854736 Byte
20220313 013211.300 INFO             PET0 PIOc_sync Enter - MemInfo: [malloc] Total space held (mmap + non-mmap):         79015936 Byte
20220313 013211.300 INFO             PET0 PIOc_sync Enter - MemInfo: [malloc] Total space used (mmap + non-mmap):         78864096 Byte
20220313 013211.300 INFO             PET0 PIOc_sync Enter - MemInfo: Wall-clock time since execution start:              0.0200222 seconds
20220313 013211.304 INFO             PET0 PIOc_sync Exit - MemInfo: [/proc/meminfo - SSI]	MemTotal:       131394444 kB
20220313 013211.304 INFO             PET0 PIOc_sync Exit - MemInfo: [/proc/meminfo - SSI]	MemFree:        123456072 kB
20220313 013211.304 INFO             PET0 PIOc_sync Exit - MemInfo: [/proc/meminfo - SSI]	MemAvailable:   123167456 kB
20220313 013211.304 INFO             PET0 PIOc_sync Exit - MemInfo: [/proc/meminfo - SSI]	Committed_AS:    4856180 kB
20220313 013211.304 INFO             PET0 PIOc_sync Exit - MemInfo: [/proc/meminfo - SSI]	CommittedPercent: 3.69588 %
20220313 013211.304 INFO             PET0 PIOc_sync Exit - MemInfo: [/proc/self/status]	VmPeak:	 3940160 kB
20220313 013211.304 INFO             PET0 PIOc_sync Exit - MemInfo: [/proc/self/status]	VmSize:	 3929184 kB
20220313 013211.304 INFO             PET0 PIOc_sync Exit - MemInfo: [/proc/self/status]	VmLck:	       0 kB
20220313 013211.304 INFO             PET0 PIOc_sync Exit - MemInfo: [/proc/self/status]	VmPin:	   72156 kB
20220313 013211.304 INFO             PET0 PIOc_sync Exit - MemInfo: [/proc/self/status]	VmHWM:	  158640 kB
20220313 013211.304 INFO             PET0 PIOc_sync Exit - MemInfo: [/proc/self/status]	VmRSS:	  158640 kB
20220313 013211.304 INFO             PET0 PIOc_sync Exit - MemInfo: [/proc/self/status]	VmData:	  259360 kB
20220313 013211.304 INFO             PET0 PIOc_sync Exit - MemInfo: [/proc/self/status]	VmStk:	     512 kB
20220313 013211.304 INFO             PET0 PIOc_sync Exit - MemInfo: [/proc/self/status]	VmExe:	    1992 kB
20220313 013211.304 INFO             PET0 PIOc_sync Exit - MemInfo: [/proc/self/status]	VmLib:	  156408 kB
20220313 013211.304 INFO             PET0 PIOc_sync Exit - MemInfo: [/proc/self/status]	VmPTE:	     828 kB
20220313 013211.304 INFO             PET0 PIOc_sync Exit - MemInfo: [/proc/self/status]	VmPMD:	      32 kB
20220313 013211.304 INFO             PET0 PIOc_sync Exit - MemInfo: [/proc/self/status]	VmSwap:	       0 kB
20220313 013211.304 INFO             PET0 PIOc_sync Exit - MemInfo: [/proc/self/status]	VmRSSPercent: 0.120736 %
20220313 013211.304 INFO             PET0 PIOc_sync Exit - MemInfo: [malloc] Non-mmapped space allocated:                 2973696 Byte
20220313 013211.304 INFO             PET0 PIOc_sync Exit - MemInfo: [malloc] Space allocated in mmapped regions:         76042240 Byte
20220313 013211.304 INFO             PET0 PIOc_sync Exit - MemInfo: [malloc] Maximum total allocated space:                     0 Byte
20220313 013211.304 INFO             PET0 PIOc_sync Exit - MemInfo: [malloc] Space in freed fastbin blocks:                   656 Byte
20220313 013211.304 INFO             PET0 PIOc_sync Exit - MemInfo: [malloc] Total allocated space:                       2808608 Byte
20220313 013211.304 INFO             PET0 PIOc_sync Exit - MemInfo: [malloc] Total free space:                             165088 Byte
20220313 013211.304 INFO             PET0 PIOc_sync Exit - MemInfo: [malloc] Top-most, releasable space:                    24864 Byte
20220313 013211.304 INFO             PET0 PIOc_sync Exit - MemInfo: [malloc] Total space in use, mmap + non-mmap:        78850848 Byte
20220313 013211.304 INFO             PET0 PIOc_sync Exit - MemInfo: [malloc] Total space held (mmap + non-mmap):         79015936 Byte
20220313 013211.304 INFO             PET0 PIOc_sync Exit - MemInfo: [malloc] Total space used (mmap + non-mmap):         78860208 Byte
20220313 013211.304 INFO             PET0 PIOc_sync Exit - MemInfo: Wall-clock time since execution start:              0.0240864 seconds
20220313 013211.305 INFO             PET0 PIOc_freedecomp Enter - MemInfo: [/proc/meminfo - SSI]	MemTotal:       131394444 kB
20220313 013211.305 INFO             PET0 PIOc_freedecomp Enter - MemInfo: [/proc/meminfo - SSI]	MemFree:        123457284 kB
20220313 013211.305 INFO             PET0 PIOc_freedecomp Enter - MemInfo: [/proc/meminfo - SSI]	MemAvailable:   123168668 kB
20220313 013211.305 INFO             PET0 PIOc_freedecomp Enter - MemInfo: [/proc/meminfo - SSI]	Committed_AS:    4856180 kB
20220313 013211.305 INFO             PET0 PIOc_freedecomp Enter - MemInfo: [/proc/meminfo - SSI]	CommittedPercent: 3.69588 %
20220313 013211.305 INFO             PET0 PIOc_freedecomp Enter - MemInfo: [/proc/self/status]	VmPeak:	 3940160 kB
20220313 013211.305 INFO             PET0 PIOc_freedecomp Enter - MemInfo: [/proc/self/status]	VmSize:	 3926616 kB
20220313 013211.305 INFO             PET0 PIOc_freedecomp Enter - MemInfo: [/proc/self/status]	VmLck:	       0 kB
20220313 013211.305 INFO             PET0 PIOc_freedecomp Enter - MemInfo: [/proc/self/status]	VmPin:	   72156 kB
20220313 013211.305 INFO             PET0 PIOc_freedecomp Enter - MemInfo: [/proc/self/status]	VmHWM:	  158640 kB
20220313 013211.305 INFO             PET0 PIOc_freedecomp Enter - MemInfo: [/proc/self/status]	VmRSS:	  156588 kB
20220313 013211.305 INFO             PET0 PIOc_freedecomp Enter - MemInfo: [/proc/self/status]	VmData:	  256792 kB
20220313 013211.305 INFO             PET0 PIOc_freedecomp Enter - MemInfo: [/proc/self/status]	VmStk:	     512 kB
20220313 013211.305 INFO             PET0 PIOc_freedecomp Enter - MemInfo: [/proc/self/status]	VmExe:	    1992 kB
20220313 013211.305 INFO             PET0 PIOc_freedecomp Enter - MemInfo: [/proc/self/status]	VmLib:	  156408 kB
20220313 013211.305 INFO             PET0 PIOc_freedecomp Enter - MemInfo: [/proc/self/status]	VmPTE:	     824 kB
20220313 013211.305 INFO             PET0 PIOc_freedecomp Enter - MemInfo: [/proc/self/status]	VmPMD:	      32 kB
20220313 013211.305 INFO             PET0 PIOc_freedecomp Enter - MemInfo: [/proc/self/status]	VmSwap:	       0 kB
20220313 013211.305 INFO             PET0 PIOc_freedecomp Enter - MemInfo: [/proc/self/status]	VmRSSPercent: 0.119174 %
20220313 013211.305 INFO             PET0 PIOc_freedecomp Enter - MemInfo: [malloc] Non-mmapped space allocated:                 2973696 Byte
20220313 013211.305 INFO             PET0 PIOc_freedecomp Enter - MemInfo: [malloc] Space allocated in mmapped regions:         73412608 Byte
20220313 013211.305 INFO             PET0 PIOc_freedecomp Enter - MemInfo: [malloc] Maximum total allocated space:                     0 Byte
20220313 013211.305 INFO             PET0 PIOc_freedecomp Enter - MemInfo: [malloc] Space in freed fastbin blocks:                  1456 Byte
20220313 013211.305 INFO             PET0 PIOc_freedecomp Enter - MemInfo: [malloc] Total allocated space:                       2795280 Byte
20220313 013211.305 INFO             PET0 PIOc_freedecomp Enter - MemInfo: [malloc] Total free space:                             178416 Byte
20220313 013211.305 INFO             PET0 PIOc_freedecomp Enter - MemInfo: [malloc] Top-most, releasable space:                    24864 Byte
20220313 013211.305 INFO             PET0 PIOc_freedecomp Enter - MemInfo: [malloc] Total space in use, mmap + non-mmap:        76207888 Byte
20220313 013211.305 INFO             PET0 PIOc_freedecomp Enter - MemInfo: [malloc] Total space held (mmap + non-mmap):         76386304 Byte
20220313 013211.305 INFO             PET0 PIOc_freedecomp Enter - MemInfo: [malloc] Total space used (mmap + non-mmap):         76217248 Byte
20220313 013211.305 INFO             PET0 PIOc_freedecomp Enter - MemInfo: Wall-clock time since execution start:              0.0250558 seconds
20220313 013211.305 INFO             PET0 PIOc_freedecomp Exit - MemInfo: [/proc/meminfo - SSI]	MemTotal:       131394444 kB
20220313 013211.305 INFO             PET0 PIOc_freedecomp Exit - MemInfo: [/proc/meminfo - SSI]	MemFree:        123457284 kB
20220313 013211.305 INFO             PET0 PIOc_freedecomp Exit - MemInfo: [/proc/meminfo - SSI]	MemAvailable:   123168668 kB
20220313 013211.305 INFO             PET0 PIOc_freedecomp Exit - MemInfo: [/proc/meminfo - SSI]	Committed_AS:    4856180 kB
20220313 013211.305 INFO             PET0 PIOc_freedecomp Exit - MemInfo: [/proc/meminfo - SSI]	CommittedPercent: 3.69588 %
20220313 013211.305 INFO             PET0 PIOc_freedecomp Exit - MemInfo: [/proc/self/status]	VmPeak:	 3940160 kB
20220313 013211.305 INFO             PET0 PIOc_freedecomp Exit - MemInfo: [/proc/self/status]	VmSize:	 3926616 kB
20220313 013211.305 INFO             PET0 PIOc_freedecomp Exit - MemInfo: [/proc/self/status]	VmLck:	       0 kB
20220313 013211.305 INFO             PET0 PIOc_freedecomp Exit - MemInfo: [/proc/self/status]	VmPin:	   72156 kB
20220313 013211.305 INFO             PET0 PIOc_freedecomp Exit - MemInfo: [/proc/self/status]	VmHWM:	  158640 kB
20220313 013211.306 INFO             PET0 PIOc_freedecomp Exit - MemInfo: [/proc/self/status]	VmRSS:	  156588 kB
20220313 013211.306 INFO             PET0 PIOc_freedecomp Exit - MemInfo: [/proc/self/status]	VmData:	  256792 kB
20220313 013211.306 INFO             PET0 PIOc_freedecomp Exit - MemInfo: [/proc/self/status]	VmStk:	     512 kB
20220313 013211.306 INFO             PET0 PIOc_freedecomp Exit - MemInfo: [/proc/self/status]	VmExe:	    1992 kB
20220313 013211.306 INFO             PET0 PIOc_freedecomp Exit - MemInfo: [/proc/self/status]	VmLib:	  156408 kB
20220313 013211.306 INFO             PET0 PIOc_freedecomp Exit - MemInfo: [/proc/self/status]	VmPTE:	     824 kB
20220313 013211.306 INFO             PET0 PIOc_freedecomp Exit - MemInfo: [/proc/self/status]	VmPMD:	      32 kB
20220313 013211.306 INFO             PET0 PIOc_freedecomp Exit - MemInfo: [/proc/self/status]	VmSwap:	       0 kB
20220313 013211.306 INFO             PET0 PIOc_freedecomp Exit - MemInfo: [/proc/self/status]	VmRSSPercent: 0.119174 %
20220313 013211.306 INFO             PET0 PIOc_freedecomp Exit - MemInfo: [malloc] Non-mmapped space allocated:                 2973696 Byte
20220313 013211.306 INFO             PET0 PIOc_freedecomp Exit - MemInfo: [malloc] Space allocated in mmapped regions:         73412608 Byte
20220313 013211.306 INFO             PET0 PIOc_freedecomp Exit - MemInfo: [malloc] Maximum total allocated space:                     0 Byte
20220313 013211.306 INFO             PET0 PIOc_freedecomp Exit - MemInfo: [malloc] Space in freed fastbin blocks:                   768 Byte
20220313 013211.306 INFO             PET0 PIOc_freedecomp Exit - MemInfo: [malloc] Total allocated space:                       2780336 Byte
20220313 013211.306 INFO             PET0 PIOc_freedecomp Exit - MemInfo: [malloc] Total free space:                             193360 Byte
20220313 013211.306 INFO             PET0 PIOc_freedecomp Exit - MemInfo: [malloc] Top-most, releasable space:                    36416 Byte
20220313 013211.306 INFO             PET0 PIOc_freedecomp Exit - MemInfo: [malloc] Total space in use, mmap + non-mmap:        76192944 Byte
20220313 013211.306 INFO             PET0 PIOc_freedecomp Exit - MemInfo: [malloc] Total space held (mmap + non-mmap):         76386304 Byte
20220313 013211.306 INFO             PET0 PIOc_freedecomp Exit - MemInfo: [malloc] Total space used (mmap + non-mmap):         76202304 Byte
20220313 013211.306 INFO             PET0 PIOc_freedecomp Exit - MemInfo: Wall-clock time since execution start:              0.0256439 seconds
20220313 013211.306 INFO             PET0  PASS  Write ESMF_Array with Halo to NetCDF Test, ESMF_ArrayIOUTest.F90, line 236
20220313 013211.306 WARNING          PET0 ESMCI_PIO_Handler.C:1319 ESMCI::PIO_Handler::open()  Unable to create file: file3D_withhalo.nc, (PIO/NetCDF error = NetCDF: File exists && NC_NOCLOBBER)
20220313 013211.307 ERROR            PET0 ESMCI_PIO_Handler.C:779 ESMCI::PIO_Handler::arrayWrite() Unable to read from file  - file not open
20220313 013211.307 ERROR            PET0 ESMCI_IO.C:736 ESMCI::IO::write() Unable to read from file  - Internal subroutine call returned Error
20220313 013211.307 ERROR            PET0 ESMCI_IO.C:956 ESMCI::IO::close() Unable to close file  - Internal subroutine call returned Error
20220313 013211.307 ERROR            PET0 ESMCI_IO.C:494 ESMCI::IO::write() Unable to read from file  - Internal subroutine call returned Error
20220313 013211.307 ERROR            PET0 ESMCI_Array.C:4093 ESMCI::Array::write() Unable to write to file  - Internal subroutine call returned Error
20220313 013211.307 ERROR            PET0 ESMCI_Array_F.C:801 c_esmc_arraywrite() Unable to write to file  - Internal subroutine call returned Error
20220313 013211.307 ERROR            PET0 ESMF_Array.F90:3994 ESMF_ArrayWrite Unable to write to file  - Internal subroutine call returned Error
20220313 013211.307 INFO             PET0  PASS  Write ESMF_Array with Halo Test overwrite test, ESMF_ArrayIOUTest.F90, line 250
20220313 013211.307 ERROR            PET0 ESMCI_IO_Handler.C:164 ESMCI::IO_Handler::create() Unknown I/O Format
20220313 013211.307 ERROR            PET0 ESMCI_IO.C:469 ESMCI::IO::write() Invalid argument  - Internal subroutine call returned Error
20220313 013211.307 ERROR            PET0 ESMCI_Array.C:4093 ESMCI::Array::write() Invalid argument  - Internal subroutine call returned Error
20220313 013211.307 ERROR            PET0 ESMCI_Array_F.C:801 c_esmc_arraywrite() Invalid argument  - Internal subroutine call returned Error
20220313 013211.307 ERROR            PET0 ESMF_Array.F90:3994 ESMF_ArrayWrite Invalid argument  - Internal subroutine call returned Error
20220313 013211.307 INFO             PET0  PASS  Write ESMF_Array with Halo to binary Test, ESMF_ArrayIOUTest.F90, line 264
20220313 013211.309 INFO             PET0 PIOc_sync Enter - MemInfo: [/proc/meminfo - SSI]	MemTotal:       131394444 kB
20220313 013211.309 INFO             PET0 PIOc_sync Enter - MemInfo: [/proc/meminfo - SSI]	MemFree:        123455824 kB
20220313 013211.309 INFO             PET0 PIOc_sync Enter - MemInfo: [/proc/meminfo - SSI]	MemAvailable:   123167208 kB
20220313 013211.309 INFO             PET0 PIOc_sync Enter - MemInfo: [/proc/meminfo - SSI]	Committed_AS:    4856180 kB
20220313 013211.309 INFO             PET0 PIOc_sync Enter - MemInfo: [/proc/meminfo - SSI]	CommittedPercent: 3.69588 %
20220313 013211.309 INFO             PET0 PIOc_sync Enter - MemInfo: [/proc/self/status]	VmPeak:	 3940160 kB
20220313 013211.309 INFO             PET0 PIOc_sync Enter - MemInfo: [/proc/self/status]	VmSize:	 3929252 kB
20220313 013211.309 INFO             PET0 PIOc_sync Enter - MemInfo: [/proc/self/status]	VmLck:	       0 kB
20220313 013211.309 INFO             PET0 PIOc_sync Enter - MemInfo: [/proc/self/status]	VmPin:	   72156 kB
20220313 013211.309 INFO             PET0 PIOc_sync Enter - MemInfo: [/proc/self/status]	VmHWM:	  159268 kB
20220313 013211.309 INFO             PET0 PIOc_sync Enter - MemInfo: [/proc/self/status]	VmRSS:	  159268 kB
20220313 013211.309 INFO             PET0 PIOc_sync Enter - MemInfo: [/proc/self/status]	VmData:	  259428 kB
20220313 013211.309 INFO             PET0 PIOc_sync Enter - MemInfo: [/proc/self/status]	VmStk:	     512 kB
20220313 013211.309 INFO             PET0 PIOc_sync Enter - MemInfo: [/proc/self/status]	VmExe:	    1992 kB
20220313 013211.309 INFO             PET0 PIOc_sync Enter - MemInfo: [/proc/self/status]	VmLib:	  156408 kB
20220313 013211.309 INFO             PET0 PIOc_sync Enter - MemInfo: [/proc/self/status]	VmPTE:	     828 kB
20220313 013211.309 INFO             PET0 PIOc_sync Enter - MemInfo: [/proc/self/status]	VmPMD:	      32 kB
20220313 013211.309 INFO             PET0 PIOc_sync Enter - MemInfo: [/proc/self/status]	VmSwap:	       0 kB
20220313 013211.309 INFO             PET0 PIOc_sync Enter - MemInfo: [/proc/self/status]	VmRSSPercent: 0.121214 %
20220313 013211.309 INFO             PET0 PIOc_sync Enter - MemInfo: [malloc] Non-mmapped space allocated:                 5672960 Byte
20220313 013211.309 INFO             PET0 PIOc_sync Enter - MemInfo: [malloc] Space allocated in mmapped regions:         73412608 Byte
20220313 013211.309 INFO             PET0 PIOc_sync Enter - MemInfo: [malloc] Maximum total allocated space:                     0 Byte
20220313 013211.309 INFO             PET0 PIOc_sync Enter - MemInfo: [malloc] Space in freed fastbin blocks:                   448 Byte
20220313 013211.309 INFO             PET0 PIOc_sync Enter - MemInfo: [malloc] Total allocated space:                       5418720 Byte
20220313 013211.309 INFO             PET0 PIOc_sync Enter - MemInfo: [malloc] Total free space:                             254240 Byte
20220313 013211.309 INFO             PET0 PIOc_sync Enter - MemInfo: [malloc] Top-most, releasable space:                   122272 Byte
20220313 013211.309 INFO             PET0 PIOc_sync Enter - MemInfo: [malloc] Total space in use, mmap + non-mmap:        78831328 Byte
20220313 013211.309 INFO             PET0 PIOc_sync Enter - MemInfo: [malloc] Total space held (mmap + non-mmap):         79085568 Byte
20220313 013211.309 INFO             PET0 PIOc_sync Enter - MemInfo: [malloc] Total space used (mmap + non-mmap):         78840688 Byte
20220313 013211.309 INFO             PET0 PIOc_sync Enter - MemInfo: Wall-clock time since execution start:              0.0291455 seconds
20220313 013211.310 INFO             PET0 PIOc_sync Exit - MemInfo: [/proc/meminfo - SSI]	MemTotal:       131394444 kB
20220313 013211.310 INFO             PET0 PIOc_sync Exit - MemInfo: [/proc/meminfo - SSI]	MemFree:        123455824 kB
20220313 013211.310 INFO             PET0 PIOc_sync Exit - MemInfo: [/proc/meminfo - SSI]	MemAvailable:   123167208 kB
20220313 013211.310 INFO             PET0 PIOc_sync Exit - MemInfo: [/proc/meminfo - SSI]	Committed_AS:    4856180 kB
20220313 013211.310 INFO             PET0 PIOc_sync Exit - MemInfo: [/proc/meminfo - SSI]	CommittedPercent: 3.69588 %
20220313 013211.310 INFO             PET0 PIOc_sync Exit - MemInfo: [/proc/self/status]	VmPeak:	 3940160 kB
20220313 013211.310 INFO             PET0 PIOc_sync Exit - MemInfo: [/proc/self/status]	VmSize:	 3929252 kB
20220313 013211.310 INFO             PET0 PIOc_sync Exit - MemInfo: [/proc/self/status]	VmLck:	       0 kB
20220313 013211.310 INFO             PET0 PIOc_sync Exit - MemInfo: [/proc/self/status]	VmPin:	   72156 kB
20220313 013211.310 INFO             PET0 PIOc_sync Exit - MemInfo: [/proc/self/status]	VmHWM:	  159332 kB
20220313 013211.310 INFO             PET0 PIOc_sync Exit - MemInfo: [/proc/self/status]	VmRSS:	  159332 kB
20220313 013211.310 INFO             PET0 PIOc_sync Exit - MemInfo: [/proc/self/status]	VmData:	  259428 kB
20220313 013211.310 INFO             PET0 PIOc_sync Exit - MemInfo: [/proc/self/status]	VmStk:	     512 kB
20220313 013211.310 INFO             PET0 PIOc_sync Exit - MemInfo: [/proc/self/status]	VmExe:	    1992 kB
20220313 013211.310 INFO             PET0 PIOc_sync Exit - MemInfo: [/proc/self/status]	VmLib:	  156408 kB
20220313 013211.310 INFO             PET0 PIOc_sync Exit - MemInfo: [/proc/self/status]	VmPTE:	     828 kB
20220313 013211.310 INFO             PET0 PIOc_sync Exit - MemInfo: [/proc/self/status]	VmPMD:	      32 kB
20220313 013211.310 INFO             PET0 PIOc_sync Exit - MemInfo: [/proc/self/status]	VmSwap:	       0 kB
20220313 013211.310 INFO             PET0 PIOc_sync Exit - MemInfo: [/proc/self/status]	VmRSSPercent: 0.121262 %
20220313 013211.310 INFO             PET0 PIOc_sync Exit - MemInfo: [malloc] Non-mmapped space allocated:                 5672960 Byte
20220313 013211.310 INFO             PET0 PIOc_sync Exit - MemInfo: [malloc] Space allocated in mmapped regions:         73412608 Byte
20220313 013211.310 INFO             PET0 PIOc_sync Exit - MemInfo: [malloc] Maximum total allocated space:                     0 Byte
20220313 013211.310 INFO             PET0 PIOc_sync Exit - MemInfo: [malloc] Space in freed fastbin blocks:                   144 Byte
20220313 013211.310 INFO             PET0 PIOc_sync Exit - MemInfo: [malloc] Total allocated space:                       5417920 Byte
20220313 013211.310 INFO             PET0 PIOc_sync Exit - MemInfo: [malloc] Total free space:                             255040 Byte
20220313 013211.310 INFO             PET0 PIOc_sync Exit - MemInfo: [malloc] Top-most, releasable space:                   122272 Byte
20220313 013211.310 INFO             PET0 PIOc_sync Exit - MemInfo: [malloc] Total space in use, mmap + non-mmap:        78830528 Byte
20220313 013211.310 INFO             PET0 PIOc_sync Exit - MemInfo: [malloc] Total space held (mmap + non-mmap):         79085568 Byte
20220313 013211.310 INFO             PET0 PIOc_sync Exit - MemInfo: [malloc] Total space used (mmap + non-mmap):         78839888 Byte
20220313 013211.310 INFO             PET0 PIOc_sync Exit - MemInfo: Wall-clock time since execution start:              0.0301972 seconds
20220313 013211.311 INFO             PET0 PIOc_freedecomp Enter - MemInfo: [/proc/meminfo - SSI]	MemTotal:       131394444 kB
20220313 013211.311 INFO             PET0 PIOc_freedecomp Enter - MemInfo: [/proc/meminfo - SSI]	MemFree:        123455824 kB
20220313 013211.311 INFO             PET0 PIOc_freedecomp Enter - MemInfo: [/proc/meminfo - SSI]	MemAvailable:   123167208 kB
20220313 013211.311 INFO             PET0 PIOc_freedecomp Enter - MemInfo: [/proc/meminfo - SSI]	Committed_AS:    4856180 kB
20220313 013211.311 INFO             PET0 PIOc_freedecomp Enter - MemInfo: [/proc/meminfo - SSI]	CommittedPercent: 3.69588 %
20220313 013211.311 INFO             PET0 PIOc_freedecomp Enter - MemInfo: [/proc/self/status]	VmPeak:	 3940160 kB
20220313 013211.311 INFO             PET0 PIOc_freedecomp Enter - MemInfo: [/proc/self/status]	VmSize:	 3929252 kB
20220313 013211.311 INFO             PET0 PIOc_freedecomp Enter - MemInfo: [/proc/self/status]	VmLck:	       0 kB
20220313 013211.311 INFO             PET0 PIOc_freedecomp Enter - MemInfo: [/proc/self/status]	VmPin:	   72156 kB
20220313 013211.311 INFO             PET0 PIOc_freedecomp Enter - MemInfo: [/proc/self/status]	VmHWM:	  159332 kB
20220313 013211.311 INFO             PET0 PIOc_freedecomp Enter - MemInfo: [/proc/self/status]	VmRSS:	  159332 kB
20220313 013211.311 INFO             PET0 PIOc_freedecomp Enter - MemInfo: [/proc/self/status]	VmData:	  259428 kB
20220313 013211.311 INFO             PET0 PIOc_freedecomp Enter - MemInfo: [/proc/self/status]	VmStk:	     512 kB
20220313 013211.311 INFO             PET0 PIOc_freedecomp Enter - MemInfo: [/proc/self/status]	VmExe:	    1992 kB
20220313 013211.311 INFO             PET0 PIOc_freedecomp Enter - MemInfo: [/proc/self/status]	VmLib:	  156408 kB
20220313 013211.311 INFO             PET0 PIOc_freedecomp Enter - MemInfo: [/proc/self/status]	VmPTE:	     828 kB
20220313 013211.311 INFO             PET0 PIOc_freedecomp Enter - MemInfo: [/proc/self/status]	VmPMD:	      32 kB
20220313 013211.311 INFO             PET0 PIOc_freedecomp Enter - MemInfo: [/proc/self/status]	VmSwap:	       0 kB
20220313 013211.311 INFO             PET0 PIOc_freedecomp Enter - MemInfo: [/proc/self/status]	VmRSSPercent: 0.121262 %
20220313 013211.311 INFO             PET0 PIOc_freedecomp Enter - MemInfo: [malloc] Non-mmapped space allocated:                 5672960 Byte
20220313 013211.311 INFO             PET0 PIOc_freedecomp Enter - MemInfo: [malloc] Space allocated in mmapped regions:         73412608 Byte
20220313 013211.311 INFO             PET0 PIOc_freedecomp Enter - MemInfo: [malloc] Maximum total allocated space:                     0 Byte
20220313 013211.311 INFO             PET0 PIOc_freedecomp Enter - MemInfo: [malloc] Space in freed fastbin blocks:                   608 Byte
20220313 013211.311 INFO             PET0 PIOc_freedecomp Enter - MemInfo: [malloc] Total allocated space:                       2783104 Byte
20220313 013211.311 INFO             PET0 PIOc_freedecomp Enter - MemInfo: [malloc] Total free space:                            2889856 Byte
20220313 013211.311 INFO             PET0 PIOc_freedecomp Enter - MemInfo: [malloc] Top-most, releasable space:                  2754240 Byte
20220313 013211.311 INFO             PET0 PIOc_freedecomp Enter - MemInfo: [malloc] Total space in use, mmap + non-mmap:        76195712 Byte
20220313 013211.311 INFO             PET0 PIOc_freedecomp Enter - MemInfo: [malloc] Total space held (mmap + non-mmap):         79085568 Byte
20220313 013211.311 INFO             PET0 PIOc_freedecomp Enter - MemInfo: [malloc] Total space used (mmap + non-mmap):         76205072 Byte
20220313 013211.311 INFO             PET0 PIOc_freedecomp Enter - MemInfo: Wall-clock time since execution start:              0.0309013 seconds
20220313 013211.311 INFO             PET0 PIOc_freedecomp Exit - MemInfo: [/proc/meminfo - SSI]	MemTotal:       131394444 kB
20220313 013211.311 INFO             PET0 PIOc_freedecomp Exit - MemInfo: [/proc/meminfo - SSI]	MemFree:        123455824 kB
20220313 013211.311 INFO             PET0 PIOc_freedecomp Exit - MemInfo: [/proc/meminfo - SSI]	MemAvailable:   123167208 kB
20220313 013211.311 INFO             PET0 PIOc_freedecomp Exit - MemInfo: [/proc/meminfo - SSI]	Committed_AS:    4856180 kB
20220313 013211.311 INFO             PET0 PIOc_freedecomp Exit - MemInfo: [/proc/meminfo - SSI]	CommittedPercent: 3.69588 %
20220313 013211.311 INFO             PET0 PIOc_freedecomp Exit - MemInfo: [/proc/self/status]	VmPeak:	 3940160 kB
20220313 013211.311 INFO             PET0 PIOc_freedecomp Exit - MemInfo: [/proc/self/status]	VmSize:	 3929252 kB
20220313 013211.311 INFO             PET0 PIOc_freedecomp Exit - MemInfo: [/proc/self/status]	VmLck:	       0 kB
20220313 013211.311 INFO             PET0 PIOc_freedecomp Exit - MemInfo: [/proc/self/status]	VmPin:	   72156 kB
20220313 013211.311 INFO             PET0 PIOc_freedecomp Exit - MemInfo: [/proc/self/status]	VmHWM:	  159332 kB
20220313 013211.311 INFO             PET0 PIOc_freedecomp Exit - MemInfo: [/proc/self/status]	VmRSS:	  159332 kB
20220313 013211.311 INFO             PET0 PIOc_freedecomp Exit - MemInfo: [/proc/self/status]	VmData:	  259428 kB
20220313 013211.311 INFO             PET0 PIOc_freedecomp Exit - MemInfo: [/proc/self/status]	VmStk:	     512 kB
20220313 013211.311 INFO             PET0 PIOc_freedecomp Exit - MemInfo: [/proc/self/status]	VmExe:	    1992 kB
20220313 013211.311 INFO             PET0 PIOc_freedecomp Exit - MemInfo: [/proc/self/status]	VmLib:	  156408 kB
20220313 013211.311 INFO             PET0 PIOc_freedecomp Exit - MemInfo: [/proc/self/status]	VmPTE:	     828 kB
20220313 013211.311 INFO             PET0 PIOc_freedecomp Exit - MemInfo: [/proc/self/status]	VmPMD:	      32 kB
20220313 013211.311 INFO             PET0 PIOc_freedecomp Exit - MemInfo: [/proc/self/status]	VmSwap:	       0 kB
20220313 013211.312 INFO             PET0 PIOc_freedecomp Exit - MemInfo: [/proc/self/status]	VmRSSPercent: 0.121262 %
20220313 013211.312 INFO             PET0 PIOc_freedecomp Exit - MemInfo: [malloc] Non-mmapped space allocated:                 5672960 Byte
20220313 013211.312 INFO             PET0 PIOc_freedecomp Exit - MemInfo: [malloc] Space allocated in mmapped regions:         73412608 Byte
20220313 013211.312 INFO             PET0 PIOc_freedecomp Exit - MemInfo: [malloc] Maximum total allocated space:                     0 Byte
20220313 013211.312 INFO             PET0 PIOc_freedecomp Exit - MemInfo: [malloc] Space in freed fastbin blocks:                   784 Byte
20220313 013211.312 INFO             PET0 PIOc_freedecomp Exit - MemInfo: [malloc] Total allocated space:                       2780336 Byte
20220313 013211.312 INFO             PET0 PIOc_freedecomp Exit - MemInfo: [malloc] Total free space:                            2892624 Byte
20220313 013211.312 INFO             PET0 PIOc_freedecomp Exit - MemInfo: [malloc] Top-most, releasable space:                  2754240 Byte
20220313 013211.312 INFO             PET0 PIOc_freedecomp Exit - MemInfo: [malloc] Total space in use, mmap + non-mmap:        76192944 Byte
20220313 013211.312 INFO             PET0 PIOc_freedecomp Exit - MemInfo: [malloc] Total space held (mmap + non-mmap):         79085568 Byte
20220313 013211.312 INFO             PET0 PIOc_freedecomp Exit - MemInfo: [malloc] Total space used (mmap + non-mmap):         76202304 Byte
20220313 013211.312 INFO             PET0 PIOc_freedecomp Exit - MemInfo: Wall-clock time since execution start:              0.0315278 seconds
20220313 013211.312 INFO             PET0  PASS  Write ESMF_Array without Halo to NetCDF Test, ESMF_ArrayIOUTest.F90, line 274
20220313 013211.312 INFO             PET0  PASS  Create Array without Halo for PIO Read, ESMF_ArrayIOUTest.F90, line 288
20220313 013211.313 INFO             PET0  PASS  Create Array with Halo for PIO Read, ESMF_ArrayIOUTest.F90, line 299
20220313 013211.314 INFO             PET0  PASS  Create Array with Halo for PIO Read, ESMF_ArrayIOUTest.F90, line 309
20220313 013211.315 WARNING          PET0 ESMCI_PIO_Handler.C:1344 ESMCI::PIO_Handler::open()  Unable to set fill on file: file3D_wouthalo.nc, (PIO/NetCDF error = NetCDF: Write to read only)
20220313 013211.316 INFO             PET0 PIOc_sync Enter - MemInfo: [/proc/meminfo - SSI]	MemTotal:       131394444 kB
20220313 013211.316 INFO             PET0 PIOc_sync Enter - MemInfo: [/proc/meminfo - SSI]	MemFree:        123455328 kB
20220313 013211.316 INFO             PET0 PIOc_sync Enter - MemInfo: [/proc/meminfo - SSI]	MemAvailable:   123166712 kB
20220313 013211.316 INFO             PET0 PIOc_sync Enter - MemInfo: [/proc/meminfo - SSI]	Committed_AS:    4856180 kB
20220313 013211.316 INFO             PET0 PIOc_sync Enter - MemInfo: [/proc/meminfo - SSI]	CommittedPercent: 3.69588 %
20220313 013211.316 INFO             PET0 PIOc_sync Enter - MemInfo: [/proc/self/status]	VmPeak:	 3940160 kB
20220313 013211.316 INFO             PET0 PIOc_sync Enter - MemInfo: [/proc/self/status]	VmSize:	 3929252 kB
20220313 013211.316 INFO             PET0 PIOc_sync Enter - MemInfo: [/proc/self/status]	VmLck:	       0 kB
20220313 013211.316 INFO             PET0 PIOc_sync Enter - MemInfo: [/proc/self/status]	VmPin:	   72156 kB
20220313 013211.316 INFO             PET0 PIOc_sync Enter - MemInfo: [/proc/self/status]	VmHWM:	  159552 kB
20220313 013211.316 INFO             PET0 PIOc_sync Enter - MemInfo: [/proc/self/status]	VmRSS:	  159552 kB
20220313 013211.316 INFO             PET0 PIOc_sync Enter - MemInfo: [/proc/self/status]	VmData:	  259428 kB
20220313 013211.316 INFO             PET0 PIOc_sync Enter - MemInfo: [/proc/self/status]	VmStk:	     512 kB
20220313 013211.316 INFO             PET0 PIOc_sync Enter - MemInfo: [/proc/self/status]	VmExe:	    1992 kB
20220313 013211.316 INFO             PET0 PIOc_sync Enter - MemInfo: [/proc/self/status]	VmLib:	  156408 kB
20220313 013211.316 INFO             PET0 PIOc_sync Enter - MemInfo: [/proc/self/status]	VmPTE:	     828 kB
20220313 013211.316 INFO             PET0 PIOc_sync Enter - MemInfo: [/proc/self/status]	VmPMD:	      32 kB
20220313 013211.316 INFO             PET0 PIOc_sync Enter - MemInfo: [/proc/self/status]	VmSwap:	       0 kB
20220313 013211.316 INFO             PET0 PIOc_sync Enter - MemInfo: [/proc/self/status]	VmRSSPercent: 0.12143 %
20220313 013211.316 INFO             PET0 PIOc_sync Enter - MemInfo: [malloc] Non-mmapped space allocated:                 5672960 Byte
20220313 013211.316 INFO             PET0 PIOc_sync Enter - MemInfo: [malloc] Space allocated in mmapped regions:         73412608 Byte
20220313 013211.316 INFO             PET0 PIOc_sync Enter - MemInfo: [malloc] Maximum total allocated space:                     0 Byte
20220313 013211.316 INFO             PET0 PIOc_sync Enter - MemInfo: [malloc] Space in freed fastbin blocks:                   336 Byte
20220313 013211.316 INFO             PET0 PIOc_sync Enter - MemInfo: [malloc] Total allocated space:                       5451280 Byte
20220313 013211.316 INFO             PET0 PIOc_sync Enter - MemInfo: [malloc] Total free space:                             221680 Byte
20220313 013211.316 INFO             PET0 PIOc_sync Enter - MemInfo: [malloc] Top-most, releasable space:                    89248 Byte
20220313 013211.316 INFO             PET0 PIOc_sync Enter - MemInfo: [malloc] Total space in use, mmap + non-mmap:        78863888 Byte
20220313 013211.316 INFO             PET0 PIOc_sync Enter - MemInfo: [malloc] Total space held (mmap + non-mmap):         79085568 Byte
20220313 013211.316 INFO             PET0 PIOc_sync Enter - MemInfo: [malloc] Total space used (mmap + non-mmap):         78873248 Byte
20220313 013211.316 INFO             PET0 PIOc_sync Enter - MemInfo: Wall-clock time since execution start:              0.0362681 seconds
20220313 013211.317 INFO             PET0 PIOc_sync Exit - MemInfo: [/proc/meminfo - SSI]	MemTotal:       131394444 kB
20220313 013211.317 INFO             PET0 PIOc_sync Exit - MemInfo: [/proc/meminfo - SSI]	MemFree:        123454832 kB
20220313 013211.317 INFO             PET0 PIOc_sync Exit - MemInfo: [/proc/meminfo - SSI]	MemAvailable:   123166216 kB
20220313 013211.317 INFO             PET0 PIOc_sync Exit - MemInfo: [/proc/meminfo - SSI]	Committed_AS:    4856180 kB
20220313 013211.317 INFO             PET0 PIOc_sync Exit - MemInfo: [/proc/meminfo - SSI]	CommittedPercent: 3.69588 %
20220313 013211.317 INFO             PET0 PIOc_sync Exit - MemInfo: [/proc/self/status]	VmPeak:	 3940160 kB
20220313 013211.317 INFO             PET0 PIOc_sync Exit - MemInfo: [/proc/self/status]	VmSize:	 3929252 kB
20220313 013211.317 INFO             PET0 PIOc_sync Exit - MemInfo: [/proc/self/status]	VmLck:	       0 kB
20220313 013211.317 INFO             PET0 PIOc_sync Exit - MemInfo: [/proc/self/status]	VmPin:	   72156 kB
20220313 013211.317 INFO             PET0 PIOc_sync Exit - MemInfo: [/proc/self/status]	VmHWM:	  159560 kB
20220313 013211.317 INFO             PET0 PIOc_sync Exit - MemInfo: [/proc/self/status]	VmRSS:	  159560 kB
20220313 013211.317 INFO             PET0 PIOc_sync Exit - MemInfo: [/proc/self/status]	VmData:	  259428 kB
20220313 013211.317 INFO             PET0 PIOc_sync Exit - MemInfo: [/proc/self/status]	VmStk:	     512 kB
20220313 013211.317 INFO             PET0 PIOc_sync Exit - MemInfo: [/proc/self/status]	VmExe:	    1992 kB
20220313 013211.317 INFO             PET0 PIOc_sync Exit - MemInfo: [/proc/self/status]	VmLib:	  156408 kB
20220313 013211.317 INFO             PET0 PIOc_sync Exit - MemInfo: [/proc/self/status]	VmPTE:	     828 kB
20220313 013211.317 INFO             PET0 PIOc_sync Exit - MemInfo: [/proc/self/status]	VmPMD:	      32 kB
20220313 013211.317 INFO             PET0 PIOc_sync Exit - MemInfo: [/proc/self/status]	VmSwap:	       0 kB
20220313 013211.317 INFO             PET0 PIOc_sync Exit - MemInfo: [/proc/self/status]	VmRSSPercent: 0.121436 %
20220313 013211.317 INFO             PET0 PIOc_sync Exit - MemInfo: [malloc] Non-mmapped space allocated:                 5672960 Byte
20220313 013211.317 INFO             PET0 PIOc_sync Exit - MemInfo: [malloc] Space allocated in mmapped regions:         73412608 Byte
20220313 013211.317 INFO             PET0 PIOc_sync Exit - MemInfo: [malloc] Maximum total allocated space:                     0 Byte
20220313 013211.317 INFO             PET0 PIOc_sync Exit - MemInfo: [malloc] Space in freed fastbin blocks:                   368 Byte
20220313 013211.317 INFO             PET0 PIOc_sync Exit - MemInfo: [malloc] Total allocated space:                       5451280 Byte
20220313 013211.317 INFO             PET0 PIOc_sync Exit - MemInfo: [malloc] Total free space:                             221680 Byte
20220313 013211.317 INFO             PET0 PIOc_sync Exit - MemInfo: [malloc] Top-most, releasable space:                    89248 Byte
20220313 013211.317 INFO             PET0 PIOc_sync Exit - MemInfo: [malloc] Total space in use, mmap + non-mmap:        78863888 Byte
20220313 013211.317 INFO             PET0 PIOc_sync Exit - MemInfo: [malloc] Total space held (mmap + non-mmap):         79085568 Byte
20220313 013211.317 INFO             PET0 PIOc_sync Exit - MemInfo: [malloc] Total space used (mmap + non-mmap):         78873248 Byte
20220313 013211.317 INFO             PET0 PIOc_sync Exit - MemInfo: Wall-clock time since execution start:              0.0368413 seconds
20220313 013211.317 INFO             PET0 PIOc_freedecomp Enter - MemInfo: [/proc/meminfo - SSI]	MemTotal:       131394444 kB
20220313 013211.317 INFO             PET0 PIOc_freedecomp Enter - MemInfo: [/proc/meminfo - SSI]	MemFree:        123454832 kB
20220313 013211.317 INFO             PET0 PIOc_freedecomp Enter - MemInfo: [/proc/meminfo - SSI]	MemAvailable:   123166216 kB
20220313 013211.317 INFO             PET0 PIOc_freedecomp Enter - MemInfo: [/proc/meminfo - SSI]	Committed_AS:    4856180 kB
20220313 013211.317 INFO             PET0 PIOc_freedecomp Enter - MemInfo: [/proc/meminfo - SSI]	CommittedPercent: 3.69588 %
20220313 013211.317 INFO             PET0 PIOc_freedecomp Enter - MemInfo: [/proc/self/status]	VmPeak:	 3940160 kB
20220313 013211.317 INFO             PET0 PIOc_freedecomp Enter - MemInfo: [/proc/self/status]	VmSize:	 3929252 kB
20220313 013211.317 INFO             PET0 PIOc_freedecomp Enter - MemInfo: [/proc/self/status]	VmLck:	       0 kB
20220313 013211.317 INFO             PET0 PIOc_freedecomp Enter - MemInfo: [/proc/self/status]	VmPin:	   72156 kB
20220313 013211.317 INFO             PET0 PIOc_freedecomp Enter - MemInfo: [/proc/self/status]	VmHWM:	  159560 kB
20220313 013211.317 INFO             PET0 PIOc_freedecomp Enter - MemInfo: [/proc/self/status]	VmRSS:	  159560 kB
20220313 013211.317 INFO             PET0 PIOc_freedecomp Enter - MemInfo: [/proc/self/status]	VmData:	  259428 kB
20220313 013211.317 INFO             PET0 PIOc_freedecomp Enter - MemInfo: [/proc/self/status]	VmStk:	     512 kB
20220313 013211.317 INFO             PET0 PIOc_freedecomp Enter - MemInfo: [/proc/self/status]	VmExe:	    1992 kB
20220313 013211.317 INFO             PET0 PIOc_freedecomp Enter - MemInfo: [/proc/self/status]	VmLib:	  156408 kB
20220313 013211.317 INFO             PET0 PIOc_freedecomp Enter - MemInfo: [/proc/self/status]	VmPTE:	     828 kB
20220313 013211.317 INFO             PET0 PIOc_freedecomp Enter - MemInfo: [/proc/self/status]	VmPMD:	      32 kB
20220313 013211.317 INFO             PET0 PIOc_freedecomp Enter - MemInfo: [/proc/self/status]	VmSwap:	       0 kB
20220313 013211.317 INFO             PET0 PIOc_freedecomp Enter - MemInfo: [/proc/self/status]	VmRSSPercent: 0.121436 %
20220313 013211.317 INFO             PET0 PIOc_freedecomp Enter - MemInfo: [malloc] Non-mmapped space allocated:                 5672960 Byte
20220313 013211.317 INFO             PET0 PIOc_freedecomp Enter - MemInfo: [malloc] Space allocated in mmapped regions:         73412608 Byte
20220313 013211.317 INFO             PET0 PIOc_freedecomp Enter - MemInfo: [malloc] Maximum total allocated space:                     0 Byte
20220313 013211.318 INFO             PET0 PIOc_freedecomp Enter - MemInfo: [malloc] Space in freed fastbin blocks:                   528 Byte
20220313 013211.318 INFO             PET0 PIOc_freedecomp Enter - MemInfo: [malloc] Total allocated space:                       2816512 Byte
20220313 013211.318 INFO             PET0 PIOc_freedecomp Enter - MemInfo: [malloc] Total free space:                            2856448 Byte
20220313 013211.318 INFO             PET0 PIOc_freedecomp Enter - MemInfo: [malloc] Top-most, releasable space:                    89248 Byte
20220313 013211.318 INFO             PET0 PIOc_freedecomp Enter - MemInfo: [malloc] Total space in use, mmap + non-mmap:        76229120 Byte
20220313 013211.318 INFO             PET0 PIOc_freedecomp Enter - MemInfo: [malloc] Total space held (mmap + non-mmap):         79085568 Byte
20220313 013211.318 INFO             PET0 PIOc_freedecomp Enter - MemInfo: [malloc] Total space used (mmap + non-mmap):         76238480 Byte
20220313 013211.318 INFO             PET0 PIOc_freedecomp Enter - MemInfo: Wall-clock time since execution start:              0.0374396 seconds
20220313 013211.318 INFO             PET0 PIOc_freedecomp Exit - MemInfo: [/proc/meminfo - SSI]	MemTotal:       131394444 kB
20220313 013211.318 INFO             PET0 PIOc_freedecomp Exit - MemInfo: [/proc/meminfo - SSI]	MemFree:        123454832 kB
20220313 013211.318 INFO             PET0 PIOc_freedecomp Exit - MemInfo: [/proc/meminfo - SSI]	MemAvailable:   123166216 kB
20220313 013211.318 INFO             PET0 PIOc_freedecomp Exit - MemInfo: [/proc/meminfo - SSI]	Committed_AS:    4856180 kB
20220313 013211.318 INFO             PET0 PIOc_freedecomp Exit - MemInfo: [/proc/meminfo - SSI]	CommittedPercent: 3.69588 %
20220313 013211.318 INFO             PET0 PIOc_freedecomp Exit - MemInfo: [/proc/self/status]	VmPeak:	 3940160 kB
20220313 013211.318 INFO             PET0 PIOc_freedecomp Exit - MemInfo: [/proc/self/status]	VmSize:	 3929252 kB
20220313 013211.318 INFO             PET0 PIOc_freedecomp Exit - MemInfo: [/proc/self/status]	VmLck:	       0 kB
20220313 013211.318 INFO             PET0 PIOc_freedecomp Exit - MemInfo: [/proc/self/status]	VmPin:	   72156 kB
20220313 013211.318 INFO             PET0 PIOc_freedecomp Exit - MemInfo: [/proc/self/status]	VmHWM:	  159560 kB
20220313 013211.318 INFO             PET0 PIOc_freedecomp Exit - MemInfo: [/proc/self/status]	VmRSS:	  159560 kB
20220313 013211.318 INFO             PET0 PIOc_freedecomp Exit - MemInfo: [/proc/self/status]	VmData:	  259428 kB
20220313 013211.318 INFO             PET0 PIOc_freedecomp Exit - MemInfo: [/proc/self/status]	VmStk:	     512 kB
20220313 013211.318 INFO             PET0 PIOc_freedecomp Exit - MemInfo: [/proc/self/status]	VmExe:	    1992 kB
20220313 013211.318 INFO             PET0 PIOc_freedecomp Exit - MemInfo: [/proc/self/status]	VmLib:	  156408 kB
20220313 013211.318 INFO             PET0 PIOc_freedecomp Exit - MemInfo: [/proc/self/status]	VmPTE:	     828 kB
20220313 013211.318 INFO             PET0 PIOc_freedecomp Exit - MemInfo: [/proc/self/status]	VmPMD:	      32 kB
20220313 013211.318 INFO             PET0 PIOc_freedecomp Exit - MemInfo: [/proc/self/status]	VmSwap:	       0 kB
20220313 013211.318 INFO             PET0 PIOc_freedecomp Exit - MemInfo: [/proc/self/status]	VmRSSPercent: 0.121436 %
20220313 013211.318 INFO             PET0 PIOc_freedecomp Exit - MemInfo: [malloc] Non-mmapped space allocated:                 5672960 Byte
20220313 013211.318 INFO             PET0 PIOc_freedecomp Exit - MemInfo: [malloc] Space allocated in mmapped regions:         73412608 Byte
20220313 013211.318 INFO             PET0 PIOc_freedecomp Exit - MemInfo: [malloc] Maximum total allocated space:                     0 Byte
20220313 013211.318 INFO             PET0 PIOc_freedecomp Exit - MemInfo: [malloc] Space in freed fastbin blocks:                   352 Byte
20220313 013211.318 INFO             PET0 PIOc_freedecomp Exit - MemInfo: [malloc] Total allocated space:                       2813776 Byte
20220313 013211.318 INFO             PET0 PIOc_freedecomp Exit - MemInfo: [malloc] Total free space:                            2859184 Byte
20220313 013211.318 INFO             PET0 PIOc_freedecomp Exit - MemInfo: [malloc] Top-most, releasable space:                  2723392 Byte
20220313 013211.318 INFO             PET0 PIOc_freedecomp Exit - MemInfo: [malloc] Total space in use, mmap + non-mmap:        76226384 Byte
20220313 013211.318 INFO             PET0 PIOc_freedecomp Exit - MemInfo: [malloc] Total space held (mmap + non-mmap):         79085568 Byte
20220313 013211.318 INFO             PET0 PIOc_freedecomp Exit - MemInfo: [malloc] Total space used (mmap + non-mmap):         76235744 Byte
20220313 013211.318 INFO             PET0 PIOc_freedecomp Exit - MemInfo: Wall-clock time since execution start:              0.0380155 seconds
20220313 013211.318 INFO             PET0  PASS  Read ESMF_Array without Halo from NetCDF file Test, ESMF_ArrayIOUTest.F90, line 330
20220313 013211.318 INFO             PET0  PASS  Compare read in data to the existing data - 3D without halo, ESMF_ArrayIOUTest.F90, line 353
20220313 013211.319 WARNING          PET0 ESMCI_PIO_Handler.C:1344 ESMCI::PIO_Handler::open()  Unable to set fill on file: file3D_withhalo.nc, (PIO/NetCDF error = NetCDF: Write to read only)
20220313 013211.320 INFO             PET0 PIOc_sync Enter - MemInfo: [/proc/meminfo - SSI]	MemTotal:       131394444 kB
20220313 013211.320 INFO             PET0 PIOc_sync Enter - MemInfo: [/proc/meminfo - SSI]	MemFree:        123454832 kB
20220313 013211.320 INFO             PET0 PIOc_sync Enter - MemInfo: [/proc/meminfo - SSI]	MemAvailable:   123166216 kB
20220313 013211.320 INFO             PET0 PIOc_sync Enter - MemInfo: [/proc/meminfo - SSI]	Committed_AS:    4856180 kB
20220313 013211.320 INFO             PET0 PIOc_sync Enter - MemInfo: [/proc/meminfo - SSI]	CommittedPercent: 3.69588 %
20220313 013211.320 INFO             PET0 PIOc_sync Enter - MemInfo: [/proc/self/status]	VmPeak:	 3940160 kB
20220313 013211.320 INFO             PET0 PIOc_sync Enter - MemInfo: [/proc/self/status]	VmSize:	 3929252 kB
20220313 013211.321 INFO             PET0 PIOc_sync Enter - MemInfo: [/proc/self/status]	VmLck:	       0 kB
20220313 013211.321 INFO             PET0 PIOc_sync Enter - MemInfo: [/proc/self/status]	VmPin:	   72156 kB
20220313 013211.321 INFO             PET0 PIOc_sync Enter - MemInfo: [/proc/self/status]	VmHWM:	  159720 kB
20220313 013211.321 INFO             PET0 PIOc_sync Enter - MemInfo: [/proc/self/status]	VmRSS:	  159720 kB
20220313 013211.321 INFO             PET0 PIOc_sync Enter - MemInfo: [/proc/self/status]	VmData:	  259428 kB
20220313 013211.321 INFO             PET0 PIOc_sync Enter - MemInfo: [/proc/self/status]	VmStk:	     512 kB
20220313 013211.321 INFO             PET0 PIOc_sync Enter - MemInfo: [/proc/self/status]	VmExe:	    1992 kB
20220313 013211.321 INFO             PET0 PIOc_sync Enter - MemInfo: [/proc/self/status]	VmLib:	  156408 kB
20220313 013211.321 INFO             PET0 PIOc_sync Enter - MemInfo: [/proc/self/status]	VmPTE:	     828 kB
20220313 013211.321 INFO             PET0 PIOc_sync Enter - MemInfo: [/proc/self/status]	VmPMD:	      32 kB
20220313 013211.321 INFO             PET0 PIOc_sync Enter - MemInfo: [/proc/self/status]	VmSwap:	       0 kB
20220313 013211.321 INFO             PET0 PIOc_sync Enter - MemInfo: [/proc/self/status]	VmRSSPercent: 0.121558 %
20220313 013211.321 INFO             PET0 PIOc_sync Enter - MemInfo: [malloc] Non-mmapped space allocated:                 5672960 Byte
20220313 013211.321 INFO             PET0 PIOc_sync Enter - MemInfo: [malloc] Space allocated in mmapped regions:         73412608 Byte
20220313 013211.321 INFO             PET0 PIOc_sync Enter - MemInfo: [malloc] Maximum total allocated space:                     0 Byte
20220313 013211.321 INFO             PET0 PIOc_sync Enter - MemInfo: [malloc] Space in freed fastbin blocks:                   688 Byte
20220313 013211.321 INFO             PET0 PIOc_sync Enter - MemInfo: [malloc] Total allocated space:                       5463488 Byte
20220313 013211.321 INFO             PET0 PIOc_sync Enter - MemInfo: [malloc] Total free space:                             209472 Byte
20220313 013211.321 INFO             PET0 PIOc_sync Enter - MemInfo: [malloc] Top-most, releasable space:                    56480 Byte
20220313 013211.321 INFO             PET0 PIOc_sync Enter - MemInfo: [malloc] Total space in use, mmap + non-mmap:        78876096 Byte
20220313 013211.321 INFO             PET0 PIOc_sync Enter - MemInfo: [malloc] Total space held (mmap + non-mmap):         79085568 Byte
20220313 013211.321 INFO             PET0 PIOc_sync Enter - MemInfo: [malloc] Total space used (mmap + non-mmap):         78885456 Byte
20220313 013211.321 INFO             PET0 PIOc_sync Enter - MemInfo: Wall-clock time since execution start:              0.0406713 seconds
20220313 013211.321 INFO             PET0 PIOc_sync Exit - MemInfo: [/proc/meminfo - SSI]	MemTotal:       131394444 kB
20220313 013211.321 INFO             PET0 PIOc_sync Exit - MemInfo: [/proc/meminfo - SSI]	MemFree:        123454832 kB
20220313 013211.321 INFO             PET0 PIOc_sync Exit - MemInfo: [/proc/meminfo - SSI]	MemAvailable:   123166216 kB
20220313 013211.321 INFO             PET0 PIOc_sync Exit - MemInfo: [/proc/meminfo - SSI]	Committed_AS:    4856180 kB
20220313 013211.321 INFO             PET0 PIOc_sync Exit - MemInfo: [/proc/meminfo - SSI]	CommittedPercent: 3.69588 %
20220313 013211.321 INFO             PET0 PIOc_sync Exit - MemInfo: [/proc/self/status]	VmPeak:	 3940160 kB
20220313 013211.321 INFO             PET0 PIOc_sync Exit - MemInfo: [/proc/self/status]	VmSize:	 3929252 kB
20220313 013211.321 INFO             PET0 PIOc_sync Exit - MemInfo: [/proc/self/status]	VmLck:	       0 kB
20220313 013211.321 INFO             PET0 PIOc_sync Exit - MemInfo: [/proc/self/status]	VmPin:	   72156 kB
20220313 013211.321 INFO             PET0 PIOc_sync Exit - MemInfo: [/proc/self/status]	VmHWM:	  159720 kB
20220313 013211.321 INFO             PET0 PIOc_sync Exit - MemInfo: [/proc/self/status]	VmRSS:	  159720 kB
20220313 013211.321 INFO             PET0 PIOc_sync Exit - MemInfo: [/proc/self/status]	VmData:	  259428 kB
20220313 013211.321 INFO             PET0 PIOc_sync Exit - MemInfo: [/proc/self/status]	VmStk:	     512 kB
20220313 013211.321 INFO             PET0 PIOc_sync Exit - MemInfo: [/proc/self/status]	VmExe:	    1992 kB
20220313 013211.321 INFO             PET0 PIOc_sync Exit - MemInfo: [/proc/self/status]	VmLib:	  156408 kB
20220313 013211.321 INFO             PET0 PIOc_sync Exit - MemInfo: [/proc/self/status]	VmPTE:	     828 kB
20220313 013211.321 INFO             PET0 PIOc_sync Exit - MemInfo: [/proc/self/status]	VmPMD:	      32 kB
20220313 013211.321 INFO             PET0 PIOc_sync Exit - MemInfo: [/proc/self/status]	VmSwap:	       0 kB
20220313 013211.321 INFO             PET0 PIOc_sync Exit - MemInfo: [/proc/self/status]	VmRSSPercent: 0.121558 %
20220313 013211.321 INFO             PET0 PIOc_sync Exit - MemInfo: [malloc] Non-mmapped space allocated:                 5672960 Byte
20220313 013211.321 INFO             PET0 PIOc_sync Exit - MemInfo: [malloc] Space allocated in mmapped regions:         73412608 Byte
20220313 013211.321 INFO             PET0 PIOc_sync Exit - MemInfo: [malloc] Maximum total allocated space:                     0 Byte
20220313 013211.321 INFO             PET0 PIOc_sync Exit - MemInfo: [malloc] Space in freed fastbin blocks:                   368 Byte
20220313 013211.321 INFO             PET0 PIOc_sync Exit - MemInfo: [malloc] Total allocated space:                       5463488 Byte
20220313 013211.321 INFO             PET0 PIOc_sync Exit - MemInfo: [malloc] Total free space:                             209472 Byte
20220313 013211.321 INFO             PET0 PIOc_sync Exit - MemInfo: [malloc] Top-most, releasable space:                    56480 Byte
20220313 013211.321 INFO             PET0 PIOc_sync Exit - MemInfo: [malloc] Total space in use, mmap + non-mmap:        78876096 Byte
20220313 013211.321 INFO             PET0 PIOc_sync Exit - MemInfo: [malloc] Total space held (mmap + non-mmap):         79085568 Byte
20220313 013211.321 INFO             PET0 PIOc_sync Exit - MemInfo: [malloc] Total space used (mmap + non-mmap):         78885456 Byte
20220313 013211.321 INFO             PET0 PIOc_sync Exit - MemInfo: Wall-clock time since execution start:              0.0412444 seconds
20220313 013211.322 INFO             PET0 PIOc_freedecomp Enter - MemInfo: [/proc/meminfo - SSI]	MemTotal:       131394444 kB
20220313 013211.322 INFO             PET0 PIOc_freedecomp Enter - MemInfo: [/proc/meminfo - SSI]	MemFree:        123454832 kB
20220313 013211.322 INFO             PET0 PIOc_freedecomp Enter - MemInfo: [/proc/meminfo - SSI]	MemAvailable:   123166216 kB
20220313 013211.322 INFO             PET0 PIOc_freedecomp Enter - MemInfo: [/proc/meminfo - SSI]	Committed_AS:    4856180 kB
20220313 013211.322 INFO             PET0 PIOc_freedecomp Enter - MemInfo: [/proc/meminfo - SSI]	CommittedPercent: 3.69588 %
20220313 013211.322 INFO             PET0 PIOc_freedecomp Enter - MemInfo: [/proc/self/status]	VmPeak:	 3940160 kB
20220313 013211.322 INFO             PET0 PIOc_freedecomp Enter - MemInfo: [/proc/self/status]	VmSize:	 3929252 kB
20220313 013211.322 INFO             PET0 PIOc_freedecomp Enter - MemInfo: [/proc/self/status]	VmLck:	       0 kB
20220313 013211.322 INFO             PET0 PIOc_freedecomp Enter - MemInfo: [/proc/self/status]	VmPin:	   72156 kB
20220313 013211.322 INFO             PET0 PIOc_freedecomp Enter - MemInfo: [/proc/self/status]	VmHWM:	  159720 kB
20220313 013211.322 INFO             PET0 PIOc_freedecomp Enter - MemInfo: [/proc/self/status]	VmRSS:	  159720 kB
20220313 013211.322 INFO             PET0 PIOc_freedecomp Enter - MemInfo: [/proc/self/status]	VmData:	  259428 kB
20220313 013211.322 INFO             PET0 PIOc_freedecomp Enter - MemInfo: [/proc/self/status]	VmStk:	     512 kB
20220313 013211.322 INFO             PET0 PIOc_freedecomp Enter - MemInfo: [/proc/self/status]	VmExe:	    1992 kB
20220313 013211.322 INFO             PET0 PIOc_freedecomp Enter - MemInfo: [/proc/self/status]	VmLib:	  156408 kB
20220313 013211.322 INFO             PET0 PIOc_freedecomp Enter - MemInfo: [/proc/self/status]	VmPTE:	     828 kB
20220313 013211.322 INFO             PET0 PIOc_freedecomp Enter - MemInfo: [/proc/self/status]	VmPMD:	      32 kB
20220313 013211.322 INFO             PET0 PIOc_freedecomp Enter - MemInfo: [/proc/self/status]	VmSwap:	       0 kB
20220313 013211.322 INFO             PET0 PIOc_freedecomp Enter - MemInfo: [/proc/self/status]	VmRSSPercent: 0.121558 %
20220313 013211.322 INFO             PET0 PIOc_freedecomp Enter - MemInfo: [malloc] Non-mmapped space allocated:                 5672960 Byte
20220313 013211.322 INFO             PET0 PIOc_freedecomp Enter - MemInfo: [malloc] Space allocated in mmapped regions:         73412608 Byte
20220313 013211.322 INFO             PET0 PIOc_freedecomp Enter - MemInfo: [malloc] Maximum total allocated space:                     0 Byte
20220313 013211.322 INFO             PET0 PIOc_freedecomp Enter - MemInfo: [malloc] Space in freed fastbin blocks:                   656 Byte
20220313 013211.322 INFO             PET0 PIOc_freedecomp Enter - MemInfo: [malloc] Total allocated space:                       2828720 Byte
20220313 013211.322 INFO             PET0 PIOc_freedecomp Enter - MemInfo: [malloc] Total free space:                            2844240 Byte
20220313 013211.322 INFO             PET0 PIOc_freedecomp Enter - MemInfo: [malloc] Top-most, releasable space:                    56480 Byte
20220313 013211.322 INFO             PET0 PIOc_freedecomp Enter - MemInfo: [malloc] Total space in use, mmap + non-mmap:        76241328 Byte
20220313 013211.322 INFO             PET0 PIOc_freedecomp Enter - MemInfo: [malloc] Total space held (mmap + non-mmap):         79085568 Byte
20220313 013211.322 INFO             PET0 PIOc_freedecomp Enter - MemInfo: [malloc] Total space used (mmap + non-mmap):         76250688 Byte
20220313 013211.322 INFO             PET0 PIOc_freedecomp Enter - MemInfo: Wall-clock time since execution start:              0.0418433 seconds
20220313 013211.322 INFO             PET0 PIOc_freedecomp Exit - MemInfo: [/proc/meminfo - SSI]	MemTotal:       131394444 kB
20220313 013211.322 INFO             PET0 PIOc_freedecomp Exit - MemInfo: [/proc/meminfo - SSI]	MemFree:        123454832 kB
20220313 013211.322 INFO             PET0 PIOc_freedecomp Exit - MemInfo: [/proc/meminfo - SSI]	MemAvailable:   123166216 kB
20220313 013211.322 INFO             PET0 PIOc_freedecomp Exit - MemInfo: [/proc/meminfo - SSI]	Committed_AS:    4856180 kB
20220313 013211.322 INFO             PET0 PIOc_freedecomp Exit - MemInfo: [/proc/meminfo - SSI]	CommittedPercent: 3.69588 %
20220313 013211.322 INFO             PET0 PIOc_freedecomp Exit - MemInfo: [/proc/self/status]	VmPeak:	 3940160 kB
20220313 013211.322 INFO             PET0 PIOc_freedecomp Exit - MemInfo: [/proc/self/status]	VmSize:	 3929252 kB
20220313 013211.322 INFO             PET0 PIOc_freedecomp Exit - MemInfo: [/proc/self/status]	VmLck:	       0 kB
20220313 013211.322 INFO             PET0 PIOc_freedecomp Exit - MemInfo: [/proc/self/status]	VmPin:	   72156 kB
20220313 013211.322 INFO             PET0 PIOc_freedecomp Exit - MemInfo: [/proc/self/status]	VmHWM:	  159720 kB
20220313 013211.322 INFO             PET0 PIOc_freedecomp Exit - MemInfo: [/proc/self/status]	VmRSS:	  159720 kB
20220313 013211.322 INFO             PET0 PIOc_freedecomp Exit - MemInfo: [/proc/self/status]	VmData:	  259428 kB
20220313 013211.322 INFO             PET0 PIOc_freedecomp Exit - MemInfo: [/proc/self/status]	VmStk:	     512 kB
20220313 013211.322 INFO             PET0 PIOc_freedecomp Exit - MemInfo: [/proc/self/status]	VmExe:	    1992 kB
20220313 013211.322 INFO             PET0 PIOc_freedecomp Exit - MemInfo: [/proc/self/status]	VmLib:	  156408 kB
20220313 013211.322 INFO             PET0 PIOc_freedecomp Exit - MemInfo: [/proc/self/status]	VmPTE:	     828 kB
20220313 013211.322 INFO             PET0 PIOc_freedecomp Exit - MemInfo: [/proc/self/status]	VmPMD:	      32 kB
20220313 013211.322 INFO             PET0 PIOc_freedecomp Exit - MemInfo: [/proc/self/status]	VmSwap:	       0 kB
20220313 013211.322 INFO             PET0 PIOc_freedecomp Exit - MemInfo: [/proc/self/status]	VmRSSPercent: 0.121558 %
20220313 013211.322 INFO             PET0 PIOc_freedecomp Exit - MemInfo: [malloc] Non-mmapped space allocated:                 5672960 Byte
20220313 013211.322 INFO             PET0 PIOc_freedecomp Exit - MemInfo: [malloc] Space allocated in mmapped regions:         73412608 Byte
20220313 013211.322 INFO             PET0 PIOc_freedecomp Exit - MemInfo: [malloc] Maximum total allocated space:                     0 Byte
20220313 013211.323 INFO             PET0 PIOc_freedecomp Exit - MemInfo: [malloc] Space in freed fastbin blocks:                   448 Byte
20220313 013211.323 INFO             PET0 PIOc_freedecomp Exit - MemInfo: [malloc] Total allocated space:                       2813776 Byte
20220313 013211.323 INFO             PET0 PIOc_freedecomp Exit - MemInfo: [malloc] Total free space:                            2859184 Byte
20220313 013211.323 INFO             PET0 PIOc_freedecomp Exit - MemInfo: [malloc] Top-most, releasable space:                  2723392 Byte
20220313 013211.323 INFO             PET0 PIOc_freedecomp Exit - MemInfo: [malloc] Total space in use, mmap + non-mmap:        76226384 Byte
20220313 013211.323 INFO             PET0 PIOc_freedecomp Exit - MemInfo: [malloc] Total space held (mmap + non-mmap):         79085568 Byte
20220313 013211.323 INFO             PET0 PIOc_freedecomp Exit - MemInfo: [malloc] Total space used (mmap + non-mmap):         76235744 Byte
20220313 013211.323 INFO             PET0 PIOc_freedecomp Exit - MemInfo: Wall-clock time since execution start:              0.0424307 seconds
20220313 013211.323 INFO             PET0  PASS  Read ESMF_Array with Halo from NetCDF Test, ESMF_ArrayIOUTest.F90, line 380
20220313 013211.323 ERROR            PET0 ESMCI_IO_Handler.C:164 ESMCI::IO_Handler::create() Unknown I/O Format
20220313 013211.323 ERROR            PET0 ESMCI_IO.C:264 ESMCI::IO::read() Invalid argument  - Internal subroutine call returned Error
20220313 013211.323 ERROR            PET0 ESMCI_Array.C:3933 ESMCI::Array::read() Invalid argument  - Internal subroutine call returned Error
20220313 013211.323 ERROR            PET0 ESMCI_Array_F.C:831 c_esmc_arrayread() Invalid argument  - Internal subroutine call returned Error
20220313 013211.323 ERROR            PET0 ESMF_ArrayHa.F90:723 ESMF_ArrayRead Invalid argument  - Internal subroutine call returned Error
20220313 013211.323 INFO             PET0  PASS  Read ESMF_Array with Halo from binary Test, ESMF_ArrayIOUTest.F90, line 394
20220313 013211.323 INFO             PET0  PASS  Compare read in data to the existing NetCDF data - 3D with halo, ESMF_ArrayIOUTest.F90, line 412
20220313 013211.323 ERROR            PET0 ESMCI_Array.C:3914 ESMCI::Array::read() Invalid argument  - Array variable name not allowed in binary mode
20220313 013211.323 ERROR            PET0 ESMCI_Array_F.C:831 c_esmc_arrayread() Invalid argument  - Internal subroutine call returned Error
20220313 013211.323 ERROR            PET0 ESMF_ArrayHa.F90:723 ESMF_ArrayRead Invalid argument  - Internal subroutine call returned Error
20220313 013211.323 INFO             PET0  PASS  Read ESMF_Array variable with Halo from binary Test, ESMF_ArrayIOUTest.F90, line 430
20220313 013211.325 INFO             PET0 PIOc_sync Enter - MemInfo: [/proc/meminfo - SSI]	MemTotal:       131394444 kB
20220313 013211.325 INFO             PET0 PIOc_sync Enter - MemInfo: [/proc/meminfo - SSI]	MemFree:        123454832 kB
20220313 013211.325 INFO             PET0 PIOc_sync Enter - MemInfo: [/proc/meminfo - SSI]	MemAvailable:   123166216 kB
20220313 013211.325 INFO             PET0 PIOc_sync Enter - MemInfo: [/proc/meminfo - SSI]	Committed_AS:    4856180 kB
20220313 013211.325 INFO             PET0 PIOc_sync Enter - MemInfo: [/proc/meminfo - SSI]	CommittedPercent: 3.69588 %
20220313 013211.325 INFO             PET0 PIOc_sync Enter - MemInfo: [/proc/self/status]	VmPeak:	 3940160 kB
20220313 013211.325 INFO             PET0 PIOc_sync Enter - MemInfo: [/proc/self/status]	VmSize:	 3929252 kB
20220313 013211.325 INFO             PET0 PIOc_sync Enter - MemInfo: [/proc/self/status]	VmLck:	       0 kB
20220313 013211.325 INFO             PET0 PIOc_sync Enter - MemInfo: [/proc/self/status]	VmPin:	   72156 kB
20220313 013211.325 INFO             PET0 PIOc_sync Enter - MemInfo: [/proc/self/status]	VmHWM:	  159808 kB
20220313 013211.325 INFO             PET0 PIOc_sync Enter - MemInfo: [/proc/self/status]	VmRSS:	  159808 kB
20220313 013211.325 INFO             PET0 PIOc_sync Enter - MemInfo: [/proc/self/status]	VmData:	  259428 kB
20220313 013211.325 INFO             PET0 PIOc_sync Enter - MemInfo: [/proc/self/status]	VmStk:	     512 kB
20220313 013211.325 INFO             PET0 PIOc_sync Enter - MemInfo: [/proc/self/status]	VmExe:	    1992 kB
20220313 013211.325 INFO             PET0 PIOc_sync Enter - MemInfo: [/proc/self/status]	VmLib:	  156408 kB
20220313 013211.325 INFO             PET0 PIOc_sync Enter - MemInfo: [/proc/self/status]	VmPTE:	     828 kB
20220313 013211.325 INFO             PET0 PIOc_sync Enter - MemInfo: [/proc/self/status]	VmPMD:	      32 kB
20220313 013211.325 INFO             PET0 PIOc_sync Enter - MemInfo: [/proc/self/status]	VmSwap:	       0 kB
20220313 013211.325 INFO             PET0 PIOc_sync Enter - MemInfo: [/proc/self/status]	VmRSSPercent: 0.121625 %
20220313 013211.325 INFO             PET0 PIOc_sync Enter - MemInfo: [malloc] Non-mmapped space allocated:                 5672960 Byte
20220313 013211.325 INFO             PET0 PIOc_sync Enter - MemInfo: [malloc] Space allocated in mmapped regions:         73412608 Byte
20220313 013211.325 INFO             PET0 PIOc_sync Enter - MemInfo: [malloc] Maximum total allocated space:                     0 Byte
20220313 013211.325 INFO             PET0 PIOc_sync Enter - MemInfo: [malloc] Space in freed fastbin blocks:                   448 Byte
20220313 013211.325 INFO             PET0 PIOc_sync Enter - MemInfo: [malloc] Total allocated space:                       5468336 Byte
20220313 013211.325 INFO             PET0 PIOc_sync Enter - MemInfo: [malloc] Total free space:                             204624 Byte
20220313 013211.325 INFO             PET0 PIOc_sync Enter - MemInfo: [malloc] Top-most, releasable space:                    56480 Byte
20220313 013211.325 INFO             PET0 PIOc_sync Enter - MemInfo: [malloc] Total space in use, mmap + non-mmap:        78880944 Byte
20220313 013211.325 INFO             PET0 PIOc_sync Enter - MemInfo: [malloc] Total space held (mmap + non-mmap):         79085568 Byte
20220313 013211.325 INFO             PET0 PIOc_sync Enter - MemInfo: [malloc] Total space used (mmap + non-mmap):         78890304 Byte
20220313 013211.326 INFO             PET0 PIOc_sync Enter - MemInfo: Wall-clock time since execution start:               0.045303 seconds
20220313 013211.326 INFO             PET0 PIOc_sync Exit - MemInfo: [/proc/meminfo - SSI]	MemTotal:       131394444 kB
20220313 013211.326 INFO             PET0 PIOc_sync Exit - MemInfo: [/proc/meminfo - SSI]	MemFree:        123454832 kB
20220313 013211.326 INFO             PET0 PIOc_sync Exit - MemInfo: [/proc/meminfo - SSI]	MemAvailable:   123166216 kB
20220313 013211.326 INFO             PET0 PIOc_sync Exit - MemInfo: [/proc/meminfo - SSI]	Committed_AS:    4856180 kB
20220313 013211.326 INFO             PET0 PIOc_sync Exit - MemInfo: [/proc/meminfo - SSI]	CommittedPercent: 3.69588 %
20220313 013211.326 INFO             PET0 PIOc_sync Exit - MemInfo: [/proc/self/status]	VmPeak:	 3940160 kB
20220313 013211.326 INFO             PET0 PIOc_sync Exit - MemInfo: [/proc/self/status]	VmSize:	 3929252 kB
20220313 013211.326 INFO             PET0 PIOc_sync Exit - MemInfo: [/proc/self/status]	VmLck:	       0 kB
20220313 013211.326 INFO             PET0 PIOc_sync Exit - MemInfo: [/proc/self/status]	VmPin:	   72156 kB
20220313 013211.326 INFO             PET0 PIOc_sync Exit - MemInfo: [/proc/self/status]	VmHWM:	  159868 kB
20220313 013211.326 INFO             PET0 PIOc_sync Exit - MemInfo: [/proc/self/status]	VmRSS:	  159868 kB
20220313 013211.326 INFO             PET0 PIOc_sync Exit - MemInfo: [/proc/self/status]	VmData:	  259428 kB
20220313 013211.326 INFO             PET0 PIOc_sync Exit - MemInfo: [/proc/self/status]	VmStk:	     512 kB
20220313 013211.326 INFO             PET0 PIOc_sync Exit - MemInfo: [/proc/self/status]	VmExe:	    1992 kB
20220313 013211.326 INFO             PET0 PIOc_sync Exit - MemInfo: [/proc/self/status]	VmLib:	  156408 kB
20220313 013211.326 INFO             PET0 PIOc_sync Exit - MemInfo: [/proc/self/status]	VmPTE:	     828 kB
20220313 013211.326 INFO             PET0 PIOc_sync Exit - MemInfo: [/proc/self/status]	VmPMD:	      32 kB
20220313 013211.326 INFO             PET0 PIOc_sync Exit - MemInfo: [/proc/self/status]	VmSwap:	       0 kB
20220313 013211.326 INFO             PET0 PIOc_sync Exit - MemInfo: [/proc/self/status]	VmRSSPercent: 0.12167 %
20220313 013211.326 INFO             PET0 PIOc_sync Exit - MemInfo: [malloc] Non-mmapped space allocated:                 5672960 Byte
20220313 013211.326 INFO             PET0 PIOc_sync Exit - MemInfo: [malloc] Space allocated in mmapped regions:         73412608 Byte
20220313 013211.326 INFO             PET0 PIOc_sync Exit - MemInfo: [malloc] Maximum total allocated space:                     0 Byte
20220313 013211.326 INFO             PET0 PIOc_sync Exit - MemInfo: [malloc] Space in freed fastbin blocks:                   656 Byte
20220313 013211.326 INFO             PET0 PIOc_sync Exit - MemInfo: [malloc] Total allocated space:                       5464464 Byte
20220313 013211.326 INFO             PET0 PIOc_sync Exit - MemInfo: [malloc] Total free space:                             208496 Byte
20220313 013211.326 INFO             PET0 PIOc_sync Exit - MemInfo: [malloc] Top-most, releasable space:                    56480 Byte
20220313 013211.326 INFO             PET0 PIOc_sync Exit - MemInfo: [malloc] Total space in use, mmap + non-mmap:        78877072 Byte
20220313 013211.326 INFO             PET0 PIOc_sync Exit - MemInfo: [malloc] Total space held (mmap + non-mmap):         79085568 Byte
20220313 013211.326 INFO             PET0 PIOc_sync Exit - MemInfo: [malloc] Total space used (mmap + non-mmap):         78886432 Byte
20220313 013211.326 INFO             PET0 PIOc_sync Exit - MemInfo: Wall-clock time since execution start:              0.0460168 seconds
20220313 013211.326 INFO             PET0 PIOc_freedecomp Enter - MemInfo: [/proc/meminfo - SSI]	MemTotal:       131394444 kB
20220313 013211.326 INFO             PET0 PIOc_freedecomp Enter - MemInfo: [/proc/meminfo - SSI]	MemFree:        123454832 kB
20220313 013211.326 INFO             PET0 PIOc_freedecomp Enter - MemInfo: [/proc/meminfo - SSI]	MemAvailable:   123166216 kB
20220313 013211.326 INFO             PET0 PIOc_freedecomp Enter - MemInfo: [/proc/meminfo - SSI]	Committed_AS:    4856180 kB
20220313 013211.326 INFO             PET0 PIOc_freedecomp Enter - MemInfo: [/proc/meminfo - SSI]	CommittedPercent: 3.69588 %
20220313 013211.326 INFO             PET0 PIOc_freedecomp Enter - MemInfo: [/proc/self/status]	VmPeak:	 3940160 kB
20220313 013211.326 INFO             PET0 PIOc_freedecomp Enter - MemInfo: [/proc/self/status]	VmSize:	 3929252 kB
20220313 013211.326 INFO             PET0 PIOc_freedecomp Enter - MemInfo: [/proc/self/status]	VmLck:	       0 kB
20220313 013211.326 INFO             PET0 PIOc_freedecomp Enter - MemInfo: [/proc/self/status]	VmPin:	   72156 kB
20220313 013211.326 INFO             PET0 PIOc_freedecomp Enter - MemInfo: [/proc/self/status]	VmHWM:	  159868 kB
20220313 013211.326 INFO             PET0 PIOc_freedecomp Enter - MemInfo: [/proc/self/status]	VmRSS:	  159868 kB
20220313 013211.327 INFO             PET0 PIOc_freedecomp Enter - MemInfo: [/proc/self/status]	VmData:	  259428 kB
20220313 013211.327 INFO             PET0 PIOc_freedecomp Enter - MemInfo: [/proc/self/status]	VmStk:	     512 kB
20220313 013211.327 INFO             PET0 PIOc_freedecomp Enter - MemInfo: [/proc/self/status]	VmExe:	    1992 kB
20220313 013211.327 INFO             PET0 PIOc_freedecomp Enter - MemInfo: [/proc/self/status]	VmLib:	  156408 kB
20220313 013211.327 INFO             PET0 PIOc_freedecomp Enter - MemInfo: [/proc/self/status]	VmPTE:	     828 kB
20220313 013211.327 INFO             PET0 PIOc_freedecomp Enter - MemInfo: [/proc/self/status]	VmPMD:	      32 kB
20220313 013211.327 INFO             PET0 PIOc_freedecomp Enter - MemInfo: [/proc/self/status]	VmSwap:	       0 kB
20220313 013211.327 INFO             PET0 PIOc_freedecomp Enter - MemInfo: [/proc/self/status]	VmRSSPercent: 0.12167 %
20220313 013211.327 INFO             PET0 PIOc_freedecomp Enter - MemInfo: [malloc] Non-mmapped space allocated:                 5672960 Byte
20220313 013211.327 INFO             PET0 PIOc_freedecomp Enter - MemInfo: [malloc] Space allocated in mmapped regions:         73412608 Byte
20220313 013211.327 INFO             PET0 PIOc_freedecomp Enter - MemInfo: [malloc] Maximum total allocated space:                     0 Byte
20220313 013211.327 INFO             PET0 PIOc_freedecomp Enter - MemInfo: [malloc] Space in freed fastbin blocks:                   608 Byte
20220313 013211.327 INFO             PET0 PIOc_freedecomp Enter - MemInfo: [malloc] Total allocated space:                       2828832 Byte
20220313 013211.327 INFO             PET0 PIOc_freedecomp Enter - MemInfo: [malloc] Total free space:                            2844128 Byte
20220313 013211.327 INFO             PET0 PIOc_freedecomp Enter - MemInfo: [malloc] Top-most, releasable space:                    56480 Byte
20220313 013211.327 INFO             PET0 PIOc_freedecomp Enter - MemInfo: [malloc] Total space in use, mmap + non-mmap:        76241440 Byte
20220313 013211.327 INFO             PET0 PIOc_freedecomp Enter - MemInfo: [malloc] Total space held (mmap + non-mmap):         79085568 Byte
20220313 013211.327 INFO             PET0 PIOc_freedecomp Enter - MemInfo: [malloc] Total space used (mmap + non-mmap):         76250800 Byte
20220313 013211.327 INFO             PET0 PIOc_freedecomp Enter - MemInfo: Wall-clock time since execution start:              0.0466077 seconds
20220313 013211.327 INFO             PET0 PIOc_freedecomp Exit - MemInfo: [/proc/meminfo - SSI]	MemTotal:       131394444 kB
20220313 013211.327 INFO             PET0 PIOc_freedecomp Exit - MemInfo: [/proc/meminfo - SSI]	MemFree:        123454832 kB
20220313 013211.327 INFO             PET0 PIOc_freedecomp Exit - MemInfo: [/proc/meminfo - SSI]	MemAvailable:   123166216 kB
20220313 013211.327 INFO             PET0 PIOc_freedecomp Exit - MemInfo: [/proc/meminfo - SSI]	Committed_AS:    4856180 kB
20220313 013211.327 INFO             PET0 PIOc_freedecomp Exit - MemInfo: [/proc/meminfo - SSI]	CommittedPercent: 3.69588 %
20220313 013211.327 INFO             PET0 PIOc_freedecomp Exit - MemInfo: [/proc/self/status]	VmPeak:	 3940160 kB
20220313 013211.327 INFO             PET0 PIOc_freedecomp Exit - MemInfo: [/proc/self/status]	VmSize:	 3929252 kB
20220313 013211.327 INFO             PET0 PIOc_freedecomp Exit - MemInfo: [/proc/self/status]	VmLck:	       0 kB
20220313 013211.327 INFO             PET0 PIOc_freedecomp Exit - MemInfo: [/proc/self/status]	VmPin:	   72156 kB
20220313 013211.327 INFO             PET0 PIOc_freedecomp Exit - MemInfo: [/proc/self/status]	VmHWM:	  159868 kB
20220313 013211.327 INFO             PET0 PIOc_freedecomp Exit - MemInfo: [/proc/self/status]	VmRSS:	  159868 kB
20220313 013211.327 INFO             PET0 PIOc_freedecomp Exit - MemInfo: [/proc/self/status]	VmData:	  259428 kB
20220313 013211.327 INFO             PET0 PIOc_freedecomp Exit - MemInfo: [/proc/self/status]	VmStk:	     512 kB
20220313 013211.327 INFO             PET0 PIOc_freedecomp Exit - MemInfo: [/proc/self/status]	VmExe:	    1992 kB
20220313 013211.327 INFO             PET0 PIOc_freedecomp Exit - MemInfo: [/proc/self/status]	VmLib:	  156408 kB
20220313 013211.327 INFO             PET0 PIOc_freedecomp Exit - MemInfo: [/proc/self/status]	VmPTE:	     828 kB
20220313 013211.327 INFO             PET0 PIOc_freedecomp Exit - MemInfo: [/proc/self/status]	VmPMD:	      32 kB
20220313 013211.327 INFO             PET0 PIOc_freedecomp Exit - MemInfo: [/proc/self/status]	VmSwap:	       0 kB
20220313 013211.327 INFO             PET0 PIOc_freedecomp Exit - MemInfo: [/proc/self/status]	VmRSSPercent: 0.12167 %
20220313 013211.327 INFO             PET0 PIOc_freedecomp Exit - MemInfo: [malloc] Non-mmapped space allocated:                 5672960 Byte
20220313 013211.327 INFO             PET0 PIOc_freedecomp Exit - MemInfo: [malloc] Space allocated in mmapped regions:         73412608 Byte
20220313 013211.327 INFO             PET0 PIOc_freedecomp Exit - MemInfo: [malloc] Maximum total allocated space:                     0 Byte
20220313 013211.327 INFO             PET0 PIOc_freedecomp Exit - MemInfo: [malloc] Space in freed fastbin blocks:                   352 Byte
20220313 013211.327 INFO             PET0 PIOc_freedecomp Exit - MemInfo: [malloc] Total allocated space:                       2813888 Byte
20220313 013211.327 INFO             PET0 PIOc_freedecomp Exit - MemInfo: [malloc] Total free space:                            2859072 Byte
20220313 013211.327 INFO             PET0 PIOc_freedecomp Exit - MemInfo: [malloc] Top-most, releasable space:                  2723392 Byte
20220313 013211.327 INFO             PET0 PIOc_freedecomp Exit - MemInfo: [malloc] Total space in use, mmap + non-mmap:        76226496 Byte
20220313 013211.327 INFO             PET0 PIOc_freedecomp Exit - MemInfo: [malloc] Total space held (mmap + non-mmap):         79085568 Byte
20220313 013211.327 INFO             PET0 PIOc_freedecomp Exit - MemInfo: [malloc] Total space used (mmap + non-mmap):         76235856 Byte
20220313 013211.327 INFO             PET0 PIOc_freedecomp Exit - MemInfo: Wall-clock time since execution start:              0.0472082 seconds
20220313 013211.327 INFO             PET0  PASS  Write ESMF_Array with Halo to NetCDF variable copy Test, ESMF_ArrayIOUTest.F90, line 442
20220313 013211.328 INFO             PET0  PASS  Destroy Array with Halo, ESMF_ArrayIOUTest.F90, line 453
20220313 013211.328 INFO             PET0  PASS  Destroy Array without Halo, ESMF_ArrayIOUTest.F90, line 460
20220313 013211.328 INFO             PET0  PASS  Destroy DistGrid, ESMF_ArrayIOUTest.F90, line 467
20220313 013211.328 INFO             PET0  PASS  dstDistgrid Create Test, ESMF_ArrayIOUTest.F90, line 485
20220313 013211.328 INFO             PET0  PASS  Array Spec Set Test, ESMF_ArrayIOUTest.F90, line 493
20220313 013211.328 INFO             PET0  PASS  Array with Halo Create Test, ESMF_ArrayIOUTest.F90, line 507
20220313 013211.328 INFO             PET0  PASS  Array without Halo Create Test, ESMF_ArrayIOUTest.F90, line 517
20220313 013211.330 INFO             PET0 PIOc_sync Enter - MemInfo: [/proc/meminfo - SSI]	MemTotal:       131394444 kB
20220313 013211.330 INFO             PET0 PIOc_sync Enter - MemInfo: [/proc/meminfo - SSI]	MemFree:        123454832 kB
20220313 013211.330 INFO             PET0 PIOc_sync Enter - MemInfo: [/proc/meminfo - SSI]	MemAvailable:   123166216 kB
20220313 013211.330 INFO             PET0 PIOc_sync Enter - MemInfo: [/proc/meminfo - SSI]	Committed_AS:    4856180 kB
20220313 013211.330 INFO             PET0 PIOc_sync Enter - MemInfo: [/proc/meminfo - SSI]	CommittedPercent: 3.69588 %
20220313 013211.330 INFO             PET0 PIOc_sync Enter - MemInfo: [/proc/self/status]	VmPeak:	 3940160 kB
20220313 013211.330 INFO             PET0 PIOc_sync Enter - MemInfo: [/proc/self/status]	VmSize:	 3929252 kB
20220313 013211.330 INFO             PET0 PIOc_sync Enter - MemInfo: [/proc/self/status]	VmLck:	       0 kB
20220313 013211.330 INFO             PET0 PIOc_sync Enter - MemInfo: [/proc/self/status]	VmPin:	   72156 kB
20220313 013211.330 INFO             PET0 PIOc_sync Enter - MemInfo: [/proc/self/status]	VmHWM:	  160088 kB
20220313 013211.330 INFO             PET0 PIOc_sync Enter - MemInfo: [/proc/self/status]	VmRSS:	  160088 kB
20220313 013211.330 INFO             PET0 PIOc_sync Enter - MemInfo: [/proc/self/status]	VmData:	  259428 kB
20220313 013211.330 INFO             PET0 PIOc_sync Enter - MemInfo: [/proc/self/status]	VmStk:	     512 kB
20220313 013211.330 INFO             PET0 PIOc_sync Enter - MemInfo: [/proc/self/status]	VmExe:	    1992 kB
20220313 013211.330 INFO             PET0 PIOc_sync Enter - MemInfo: [/proc/self/status]	VmLib:	  156408 kB
20220313 013211.330 INFO             PET0 PIOc_sync Enter - MemInfo: [/proc/self/status]	VmPTE:	     828 kB
20220313 013211.330 INFO             PET0 PIOc_sync Enter - MemInfo: [/proc/self/status]	VmPMD:	      32 kB
20220313 013211.330 INFO             PET0 PIOc_sync Enter - MemInfo: [/proc/self/status]	VmSwap:	       0 kB
20220313 013211.330 INFO             PET0 PIOc_sync Enter - MemInfo: [/proc/self/status]	VmRSSPercent: 0.121838 %
20220313 013211.330 INFO             PET0 PIOc_sync Enter - MemInfo: [malloc] Non-mmapped space allocated:                 5672960 Byte
20220313 013211.330 INFO             PET0 PIOc_sync Enter - MemInfo: [malloc] Space allocated in mmapped regions:         73412608 Byte
20220313 013211.330 INFO             PET0 PIOc_sync Enter - MemInfo: [malloc] Maximum total allocated space:                     0 Byte
20220313 013211.330 INFO             PET0 PIOc_sync Enter - MemInfo: [malloc] Space in freed fastbin blocks:                   448 Byte
20220313 013211.330 INFO             PET0 PIOc_sync Enter - MemInfo: [malloc] Total allocated space:                       5460128 Byte
20220313 013211.330 INFO             PET0 PIOc_sync Enter - MemInfo: [malloc] Total free space:                             212832 Byte
20220313 013211.330 INFO             PET0 PIOc_sync Enter - MemInfo: [malloc] Top-most, releasable space:                    80224 Byte
20220313 013211.330 INFO             PET0 PIOc_sync Enter - MemInfo: [malloc] Total space in use, mmap + non-mmap:        78872736 Byte
20220313 013211.330 INFO             PET0 PIOc_sync Enter - MemInfo: [malloc] Total space held (mmap + non-mmap):         79085568 Byte
20220313 013211.330 INFO             PET0 PIOc_sync Enter - MemInfo: [malloc] Total space used (mmap + non-mmap):         78882096 Byte
20220313 013211.330 INFO             PET0 PIOc_sync Enter - MemInfo: Wall-clock time since execution start:              0.0501477 seconds
20220313 013211.331 INFO             PET0 PIOc_sync Exit - MemInfo: [/proc/meminfo - SSI]	MemTotal:       131394444 kB
20220313 013211.331 INFO             PET0 PIOc_sync Exit - MemInfo: [/proc/meminfo - SSI]	MemFree:        123454832 kB
20220313 013211.331 INFO             PET0 PIOc_sync Exit - MemInfo: [/proc/meminfo - SSI]	MemAvailable:   123166216 kB
20220313 013211.331 INFO             PET0 PIOc_sync Exit - MemInfo: [/proc/meminfo - SSI]	Committed_AS:    4856180 kB
20220313 013211.331 INFO             PET0 PIOc_sync Exit - MemInfo: [/proc/meminfo - SSI]	CommittedPercent: 3.69588 %
20220313 013211.331 INFO             PET0 PIOc_sync Exit - MemInfo: [/proc/self/status]	VmPeak:	 3940160 kB
20220313 013211.331 INFO             PET0 PIOc_sync Exit - MemInfo: [/proc/self/status]	VmSize:	 3929252 kB
20220313 013211.331 INFO             PET0 PIOc_sync Exit - MemInfo: [/proc/self/status]	VmLck:	       0 kB
20220313 013211.331 INFO             PET0 PIOc_sync Exit - MemInfo: [/proc/self/status]	VmPin:	   72156 kB
20220313 013211.331 INFO             PET0 PIOc_sync Exit - MemInfo: [/proc/self/status]	VmHWM:	  160164 kB
20220313 013211.331 INFO             PET0 PIOc_sync Exit - MemInfo: [/proc/self/status]	VmRSS:	  160164 kB
20220313 013211.331 INFO             PET0 PIOc_sync Exit - MemInfo: [/proc/self/status]	VmData:	  259428 kB
20220313 013211.331 INFO             PET0 PIOc_sync Exit - MemInfo: [/proc/self/status]	VmStk:	     512 kB
20220313 013211.331 INFO             PET0 PIOc_sync Exit - MemInfo: [/proc/self/status]	VmExe:	    1992 kB
20220313 013211.331 INFO             PET0 PIOc_sync Exit - MemInfo: [/proc/self/status]	VmLib:	  156408 kB
20220313 013211.331 INFO             PET0 PIOc_sync Exit - MemInfo: [/proc/self/status]	VmPTE:	     828 kB
20220313 013211.331 INFO             PET0 PIOc_sync Exit - MemInfo: [/proc/self/status]	VmPMD:	      32 kB
20220313 013211.331 INFO             PET0 PIOc_sync Exit - MemInfo: [/proc/self/status]	VmSwap:	       0 kB
20220313 013211.331 INFO             PET0 PIOc_sync Exit - MemInfo: [/proc/self/status]	VmRSSPercent: 0.121896 %
20220313 013211.331 INFO             PET0 PIOc_sync Exit - MemInfo: [malloc] Non-mmapped space allocated:                 5672960 Byte
20220313 013211.331 INFO             PET0 PIOc_sync Exit - MemInfo: [malloc] Space allocated in mmapped regions:         73412608 Byte
20220313 013211.331 INFO             PET0 PIOc_sync Exit - MemInfo: [malloc] Maximum total allocated space:                     0 Byte
20220313 013211.331 INFO             PET0 PIOc_sync Exit - MemInfo: [malloc] Space in freed fastbin blocks:                   688 Byte
20220313 013211.331 INFO             PET0 PIOc_sync Exit - MemInfo: [malloc] Total allocated space:                       5458704 Byte
20220313 013211.331 INFO             PET0 PIOc_sync Exit - MemInfo: [malloc] Total free space:                             214256 Byte
20220313 013211.331 INFO             PET0 PIOc_sync Exit - MemInfo: [malloc] Top-most, releasable space:                    80224 Byte
20220313 013211.331 INFO             PET0 PIOc_sync Exit - MemInfo: [malloc] Total space in use, mmap + non-mmap:        78871312 Byte
20220313 013211.331 INFO             PET0 PIOc_sync Exit - MemInfo: [malloc] Total space held (mmap + non-mmap):         79085568 Byte
20220313 013211.331 INFO             PET0 PIOc_sync Exit - MemInfo: [malloc] Total space used (mmap + non-mmap):         78880672 Byte
20220313 013211.331 INFO             PET0 PIOc_sync Exit - MemInfo: Wall-clock time since execution start:              0.0509231 seconds
20220313 013211.331 INFO             PET0 PIOc_freedecomp Enter - MemInfo: [/proc/meminfo - SSI]	MemTotal:       131394444 kB
20220313 013211.331 INFO             PET0 PIOc_freedecomp Enter - MemInfo: [/proc/meminfo - SSI]	MemFree:        123454832 kB
20220313 013211.331 INFO             PET0 PIOc_freedecomp Enter - MemInfo: [/proc/meminfo - SSI]	MemAvailable:   123166216 kB
20220313 013211.331 INFO             PET0 PIOc_freedecomp Enter - MemInfo: [/proc/meminfo - SSI]	Committed_AS:    4856180 kB
20220313 013211.331 INFO             PET0 PIOc_freedecomp Enter - MemInfo: [/proc/meminfo - SSI]	CommittedPercent: 3.69588 %
20220313 013211.331 INFO             PET0 PIOc_freedecomp Enter - MemInfo: [/proc/self/status]	VmPeak:	 3940160 kB
20220313 013211.331 INFO             PET0 PIOc_freedecomp Enter - MemInfo: [/proc/self/status]	VmSize:	 3929252 kB
20220313 013211.331 INFO             PET0 PIOc_freedecomp Enter - MemInfo: [/proc/self/status]	VmLck:	       0 kB
20220313 013211.331 INFO             PET0 PIOc_freedecomp Enter - MemInfo: [/proc/self/status]	VmPin:	   72156 kB
20220313 013211.331 INFO             PET0 PIOc_freedecomp Enter - MemInfo: [/proc/self/status]	VmHWM:	  160164 kB
20220313 013211.331 INFO             PET0 PIOc_freedecomp Enter - MemInfo: [/proc/self/status]	VmRSS:	  160164 kB
20220313 013211.331 INFO             PET0 PIOc_freedecomp Enter - MemInfo: [/proc/self/status]	VmData:	  259428 kB
20220313 013211.331 INFO             PET0 PIOc_freedecomp Enter - MemInfo: [/proc/self/status]	VmStk:	     512 kB
20220313 013211.331 INFO             PET0 PIOc_freedecomp Enter - MemInfo: [/proc/self/status]	VmExe:	    1992 kB
20220313 013211.331 INFO             PET0 PIOc_freedecomp Enter - MemInfo: [/proc/self/status]	VmLib:	  156408 kB
20220313 013211.332 INFO             PET0 PIOc_freedecomp Enter - MemInfo: [/proc/self/status]	VmPTE:	     828 kB
20220313 013211.332 INFO             PET0 PIOc_freedecomp Enter - MemInfo: [/proc/self/status]	VmPMD:	      32 kB
20220313 013211.332 INFO             PET0 PIOc_freedecomp Enter - MemInfo: [/proc/self/status]	VmSwap:	       0 kB
20220313 013211.332 INFO             PET0 PIOc_freedecomp Enter - MemInfo: [/proc/self/status]	VmRSSPercent: 0.121896 %
20220313 013211.332 INFO             PET0 PIOc_freedecomp Enter - MemInfo: [malloc] Non-mmapped space allocated:                 5672960 Byte
20220313 013211.332 INFO             PET0 PIOc_freedecomp Enter - MemInfo: [malloc] Space allocated in mmapped regions:         73412608 Byte
20220313 013211.332 INFO             PET0 PIOc_freedecomp Enter - MemInfo: [malloc] Maximum total allocated space:                     0 Byte
20220313 013211.332 INFO             PET0 PIOc_freedecomp Enter - MemInfo: [malloc] Space in freed fastbin blocks:                   272 Byte
20220313 013211.332 INFO             PET0 PIOc_freedecomp Enter - MemInfo: [malloc] Total allocated space:                       2823968 Byte
20220313 013211.332 INFO             PET0 PIOc_freedecomp Enter - MemInfo: [malloc] Total free space:                            2848992 Byte
20220313 013211.332 INFO             PET0 PIOc_freedecomp Enter - MemInfo: [malloc] Top-most, releasable space:                    90720 Byte
20220313 013211.332 INFO             PET0 PIOc_freedecomp Enter - MemInfo: [malloc] Total space in use, mmap + non-mmap:        76236576 Byte
20220313 013211.332 INFO             PET0 PIOc_freedecomp Enter - MemInfo: [malloc] Total space held (mmap + non-mmap):         79085568 Byte
20220313 013211.332 INFO             PET0 PIOc_freedecomp Enter - MemInfo: [malloc] Total space used (mmap + non-mmap):         76245936 Byte
20220313 013211.332 INFO             PET0 PIOc_freedecomp Enter - MemInfo: Wall-clock time since execution start:              0.0515693 seconds
20220313 013211.332 INFO             PET0 PIOc_freedecomp Exit - MemInfo: [/proc/meminfo - SSI]	MemTotal:       131394444 kB
20220313 013211.332 INFO             PET0 PIOc_freedecomp Exit - MemInfo: [/proc/meminfo - SSI]	MemFree:        123454832 kB
20220313 013211.332 INFO             PET0 PIOc_freedecomp Exit - MemInfo: [/proc/meminfo - SSI]	MemAvailable:   123166216 kB
20220313 013211.332 INFO             PET0 PIOc_freedecomp Exit - MemInfo: [/proc/meminfo - SSI]	Committed_AS:    4856180 kB
20220313 013211.332 INFO             PET0 PIOc_freedecomp Exit - MemInfo: [/proc/meminfo - SSI]	CommittedPercent: 3.69588 %
20220313 013211.332 INFO             PET0 PIOc_freedecomp Exit - MemInfo: [/proc/self/status]	VmPeak:	 3940160 kB
20220313 013211.332 INFO             PET0 PIOc_freedecomp Exit - MemInfo: [/proc/self/status]	VmSize:	 3929252 kB
20220313 013211.332 INFO             PET0 PIOc_freedecomp Exit - MemInfo: [/proc/self/status]	VmLck:	       0 kB
20220313 013211.332 INFO             PET0 PIOc_freedecomp Exit - MemInfo: [/proc/self/status]	VmPin:	   72156 kB
20220313 013211.332 INFO             PET0 PIOc_freedecomp Exit - MemInfo: [/proc/self/status]	VmHWM:	  160164 kB
20220313 013211.332 INFO             PET0 PIOc_freedecomp Exit - MemInfo: [/proc/self/status]	VmRSS:	  160164 kB
20220313 013211.332 INFO             PET0 PIOc_freedecomp Exit - MemInfo: [/proc/self/status]	VmData:	  259428 kB
20220313 013211.332 INFO             PET0 PIOc_freedecomp Exit - MemInfo: [/proc/self/status]	VmStk:	     512 kB
20220313 013211.332 INFO             PET0 PIOc_freedecomp Exit - MemInfo: [/proc/self/status]	VmExe:	    1992 kB
20220313 013211.332 INFO             PET0 PIOc_freedecomp Exit - MemInfo: [/proc/self/status]	VmLib:	  156408 kB
20220313 013211.332 INFO             PET0 PIOc_freedecomp Exit - MemInfo: [/proc/self/status]	VmPTE:	     828 kB
20220313 013211.332 INFO             PET0 PIOc_freedecomp Exit - MemInfo: [/proc/self/status]	VmPMD:	      32 kB
20220313 013211.332 INFO             PET0 PIOc_freedecomp Exit - MemInfo: [/proc/self/status]	VmSwap:	       0 kB
20220313 013211.332 INFO             PET0 PIOc_freedecomp Exit - MemInfo: [/proc/self/status]	VmRSSPercent: 0.121896 %
20220313 013211.332 INFO             PET0 PIOc_freedecomp Exit - MemInfo: [malloc] Non-mmapped space allocated:                 5672960 Byte
20220313 013211.332 INFO             PET0 PIOc_freedecomp Exit - MemInfo: [malloc] Space allocated in mmapped regions:         73412608 Byte
20220313 013211.332 INFO             PET0 PIOc_freedecomp Exit - MemInfo: [malloc] Maximum total allocated space:                     0 Byte
20220313 013211.332 INFO             PET0 PIOc_freedecomp Exit - MemInfo: [malloc] Space in freed fastbin blocks:                   272 Byte
20220313 013211.332 INFO             PET0 PIOc_freedecomp Exit - MemInfo: [malloc] Total allocated space:                       2821104 Byte
20220313 013211.332 INFO             PET0 PIOc_freedecomp Exit - MemInfo: [malloc] Total free space:                            2851856 Byte
20220313 013211.332 INFO             PET0 PIOc_freedecomp Exit - MemInfo: [malloc] Top-most, releasable space:                  2719920 Byte
20220313 013211.332 INFO             PET0 PIOc_freedecomp Exit - MemInfo: [malloc] Total space in use, mmap + non-mmap:        76233712 Byte
20220313 013211.332 INFO             PET0 PIOc_freedecomp Exit - MemInfo: [malloc] Total space held (mmap + non-mmap):         79085568 Byte
20220313 013211.332 INFO             PET0 PIOc_freedecomp Exit - MemInfo: [malloc] Total space used (mmap + non-mmap):         76243072 Byte
20220313 013211.332 INFO             PET0 PIOc_freedecomp Exit - MemInfo: Wall-clock time since execution start:              0.0521368 seconds
20220313 013211.332 INFO             PET0  PASS  Write 2D ESMF_Array with Halo to NetCDF Test, ESMF_ArrayIOUTest.F90, line 547
20220313 013211.333 WARNING          PET0 ESMCI_PIO_Handler.C:1344 ESMCI::PIO_Handler::open()  Unable to set fill on file: file2D_withhalo.nc, (PIO/NetCDF error = NetCDF: Write to read only)
20220313 013211.334 INFO             PET0 PIOc_sync Enter - MemInfo: [/proc/meminfo - SSI]	MemTotal:       131394444 kB
20220313 013211.334 INFO             PET0 PIOc_sync Enter - MemInfo: [/proc/meminfo - SSI]	MemFree:        123454832 kB
20220313 013211.334 INFO             PET0 PIOc_sync Enter - MemInfo: [/proc/meminfo - SSI]	MemAvailable:   123166216 kB
20220313 013211.334 INFO             PET0 PIOc_sync Enter - MemInfo: [/proc/meminfo - SSI]	Committed_AS:    4856180 kB
20220313 013211.334 INFO             PET0 PIOc_sync Enter - MemInfo: [/proc/meminfo - SSI]	CommittedPercent: 3.69588 %
20220313 013211.334 INFO             PET0 PIOc_sync Enter - MemInfo: [/proc/self/status]	VmPeak:	 3940160 kB
20220313 013211.334 INFO             PET0 PIOc_sync Enter - MemInfo: [/proc/self/status]	VmSize:	 3929252 kB
20220313 013211.334 INFO             PET0 PIOc_sync Enter - MemInfo: [/proc/self/status]	VmLck:	       0 kB
20220313 013211.334 INFO             PET0 PIOc_sync Enter - MemInfo: [/proc/self/status]	VmPin:	   72156 kB
20220313 013211.334 INFO             PET0 PIOc_sync Enter - MemInfo: [/proc/self/status]	VmHWM:	  160300 kB
20220313 013211.334 INFO             PET0 PIOc_sync Enter - MemInfo: [/proc/self/status]	VmRSS:	  160300 kB
20220313 013211.334 INFO             PET0 PIOc_sync Enter - MemInfo: [/proc/self/status]	VmData:	  259428 kB
20220313 013211.334 INFO             PET0 PIOc_sync Enter - MemInfo: [/proc/self/status]	VmStk:	     512 kB
20220313 013211.334 INFO             PET0 PIOc_sync Enter - MemInfo: [/proc/self/status]	VmExe:	    1992 kB
20220313 013211.334 INFO             PET0 PIOc_sync Enter - MemInfo: [/proc/self/status]	VmLib:	  156408 kB
20220313 013211.334 INFO             PET0 PIOc_sync Enter - MemInfo: [/proc/self/status]	VmPTE:	     828 kB
20220313 013211.334 INFO             PET0 PIOc_sync Enter - MemInfo: [/proc/self/status]	VmPMD:	      32 kB
20220313 013211.334 INFO             PET0 PIOc_sync Enter - MemInfo: [/proc/self/status]	VmSwap:	       0 kB
20220313 013211.334 INFO             PET0 PIOc_sync Enter - MemInfo: [/proc/self/status]	VmRSSPercent: 0.121999 %
20220313 013211.334 INFO             PET0 PIOc_sync Enter - MemInfo: [malloc] Non-mmapped space allocated:                 5672960 Byte
20220313 013211.334 INFO             PET0 PIOc_sync Enter - MemInfo: [malloc] Space allocated in mmapped regions:         73412608 Byte
20220313 013211.334 INFO             PET0 PIOc_sync Enter - MemInfo: [malloc] Maximum total allocated space:                     0 Byte
20220313 013211.334 INFO             PET0 PIOc_sync Enter - MemInfo: [malloc] Space in freed fastbin blocks:                   464 Byte
20220313 013211.334 INFO             PET0 PIOc_sync Enter - MemInfo: [malloc] Total allocated space:                       5457264 Byte
