build time -- 2022-03-12 01:18:16.332562
20220312 013723.277 INFO             PET0 !!!!!!!!!!!!!!!!!!!!!!!!!!!!!!!!!!!!!!!!!!!!!!!!!!!!!!
20220312 013723.277 INFO             PET0 !!! THE ESMF_LOG IS SET TO OUTPUT ALL LOG MESSAGES !!!
20220312 013723.277 INFO             PET0 !!!     THIS MAY CAUSE SLOWDOWN IN PERFORMANCE     !!!
20220312 013723.277 INFO             PET0 !!! FOR PRODUCTION RUNS, USE:                      !!!
20220312 013723.277 INFO             PET0 !!!                   ESMF_LOGKIND_Multi_On_Error  !!!
20220312 013723.277 INFO             PET0 !!!!!!!!!!!!!!!!!!!!!!!!!!!!!!!!!!!!!!!!!!!!!!!!!!!!!!
20220312 013723.277 INFO             PET0 Running with ESMF Version   : v8.3.0b09-96-g559b459836
20220312 013723.277 INFO             PET0 ESMF library build date/time: "Mar 12 2022" "01:15:37"
20220312 013723.277 INFO             PET0 ESMF library build location : /gpfsm/dnb04/projects/p98/mpotts/esmf/intel_2020_intelmpi_g_jedwards_pio_update2
20220312 013723.277 INFO             PET0 ESMF_COMM                   : intelmpi
20220312 013723.277 INFO             PET0 ESMF_MOAB                   : enabled
20220312 013723.278 INFO             PET0 ESMF_LAPACK                 : enabled
20220312 013723.278 INFO             PET0 ESMF_NETCDF                 : enabled
20220312 013723.278 INFO             PET0 ESMF_PNETCDF                : disabled
20220312 013723.278 INFO             PET0 ESMF_PIO                    : enabled
20220312 013723.278 INFO             PET0 ESMF_YAMLCPP                : enabled
20220312 013723.278 INFO             PET0  Beginning Test, file ESMF_FieldIOUTest.F90, line 123
20220312 013723.278 INFO             PET0  NUMBER_OF_PROCESSORS           4
20220312 013723.278 INFO             PET0  PASS  Array Spec Set, ESMF_FieldIOUTest.F90, line 146
20220312 013723.279 INFO             PET0  PASS  Creating a Grid to use in Field Tests, ESMF_FieldIOUTest.F90, line 157
20220312 013723.281 INFO             PET0  PASS  Create a field from grid and fortran dummy array, ESMF_FieldIOUTest.F90, line 179
20220312 013723.281 INFO             PET0  PASS  Get Farray_w from field, ESMF_FieldIOUTest.F90, line 190
20220312 013723.286 INFO             PET0 PIOc_sync Enter - MemInfo: [/proc/meminfo - SSI]	MemTotal:       131394452 kB
20220312 013723.286 INFO             PET0 PIOc_sync Enter - MemInfo: [/proc/meminfo - SSI]	MemFree:        122291424 kB
20220312 013723.286 INFO             PET0 PIOc_sync Enter - MemInfo: [/proc/meminfo - SSI]	MemAvailable:   121947844 kB
20220312 013723.286 INFO             PET0 PIOc_sync Enter - MemInfo: [/proc/meminfo - SSI]	Committed_AS:    4264332 kB
20220312 013723.286 INFO             PET0 PIOc_sync Enter - MemInfo: [/proc/meminfo - SSI]	CommittedPercent: 3.24544 %
20220312 013723.286 INFO             PET0 PIOc_sync Enter - MemInfo: [/proc/self/status]	VmPeak:	 3854828 kB
20220312 013723.286 INFO             PET0 PIOc_sync Enter - MemInfo: [/proc/self/status]	VmSize:	 3854828 kB
20220312 013723.286 INFO             PET0 PIOc_sync Enter - MemInfo: [/proc/self/status]	VmLck:	       0 kB
20220312 013723.286 INFO             PET0 PIOc_sync Enter - MemInfo: [/proc/self/status]	VmPin:	   82140 kB
20220312 013723.286 INFO             PET0 PIOc_sync Enter - MemInfo: [/proc/self/status]	VmHWM:	  169164 kB
20220312 013723.286 INFO             PET0 PIOc_sync Enter - MemInfo: [/proc/self/status]	VmRSS:	  169164 kB
20220312 013723.286 INFO             PET0 PIOc_sync Enter - MemInfo: [/proc/self/status]	VmData:	  271328 kB
20220312 013723.286 INFO             PET0 PIOc_sync Enter - MemInfo: [/proc/self/status]	VmStk:	     512 kB
20220312 013723.286 INFO             PET0 PIOc_sync Enter - MemInfo: [/proc/self/status]	VmExe:	    1944 kB
20220312 013723.286 INFO             PET0 PIOc_sync Enter - MemInfo: [/proc/self/status]	VmLib:	  156408 kB
20220312 013723.286 INFO             PET0 PIOc_sync Enter - MemInfo: [/proc/self/status]	VmPTE:	     824 kB
20220312 013723.286 INFO             PET0 PIOc_sync Enter - MemInfo: [/proc/self/status]	VmPMD:	      32 kB
20220312 013723.286 INFO             PET0 PIOc_sync Enter - MemInfo: [/proc/self/status]	VmSwap:	       0 kB
20220312 013723.286 INFO             PET0 PIOc_sync Enter - MemInfo: [/proc/self/status]	VmRSSPercent: 0.128745 %
20220312 013723.286 INFO             PET0 PIOc_sync Enter - MemInfo: [malloc] Non-mmapped space allocated:                 2904064 Byte
20220312 013723.286 INFO             PET0 PIOc_sync Enter - MemInfo: [malloc] Space allocated in mmapped regions:         88629248 Byte
20220312 013723.286 INFO             PET0 PIOc_sync Enter - MemInfo: [malloc] Maximum total allocated space:                     0 Byte
20220312 013723.286 INFO             PET0 PIOc_sync Enter - MemInfo: [malloc] Space in freed fastbin blocks:                   448 Byte
20220312 013723.286 INFO             PET0 PIOc_sync Enter - MemInfo: [malloc] Total allocated space:                       2723456 Byte
20220312 013723.286 INFO             PET0 PIOc_sync Enter - MemInfo: [malloc] Total free space:                             180608 Byte
20220312 013723.286 INFO             PET0 PIOc_sync Enter - MemInfo: [malloc] Top-most, releasable space:                    48048 Byte
20220312 013723.286 INFO             PET0 PIOc_sync Enter - MemInfo: [malloc] Total space in use, mmap + non-mmap:        91352704 Byte
20220312 013723.286 INFO             PET0 PIOc_sync Enter - MemInfo: [malloc] Total space held (mmap + non-mmap):         91533312 Byte
20220312 013723.286 INFO             PET0 PIOc_sync Enter - MemInfo: [malloc] Total space used (mmap + non-mmap):         91362064 Byte
20220312 013723.286 INFO             PET0 PIOc_sync Enter - MemInfo: Wall-clock time since execution start:              0.0171424 seconds
20220312 013723.287 INFO             PET0 PIOc_sync Exit - MemInfo: [/proc/meminfo - SSI]	MemTotal:       131394452 kB
20220312 013723.287 INFO             PET0 PIOc_sync Exit - MemInfo: [/proc/meminfo - SSI]	MemFree:        122291424 kB
20220312 013723.287 INFO             PET0 PIOc_sync Exit - MemInfo: [/proc/meminfo - SSI]	MemAvailable:   121947844 kB
20220312 013723.287 INFO             PET0 PIOc_sync Exit - MemInfo: [/proc/meminfo - SSI]	Committed_AS:    4264332 kB
20220312 013723.287 INFO             PET0 PIOc_sync Exit - MemInfo: [/proc/meminfo - SSI]	CommittedPercent: 3.24544 %
20220312 013723.287 INFO             PET0 PIOc_sync Exit - MemInfo: [/proc/self/status]	VmPeak:	 3854828 kB
20220312 013723.288 INFO             PET0 PIOc_sync Exit - MemInfo: [/proc/self/status]	VmSize:	 3854828 kB
20220312 013723.288 INFO             PET0 PIOc_sync Exit - MemInfo: [/proc/self/status]	VmLck:	       0 kB
20220312 013723.288 INFO             PET0 PIOc_sync Exit - MemInfo: [/proc/self/status]	VmPin:	   82140 kB
20220312 013723.288 INFO             PET0 PIOc_sync Exit - MemInfo: [/proc/self/status]	VmHWM:	  169388 kB
20220312 013723.288 INFO             PET0 PIOc_sync Exit - MemInfo: [/proc/self/status]	VmRSS:	  169388 kB
20220312 013723.288 INFO             PET0 PIOc_sync Exit - MemInfo: [/proc/self/status]	VmData:	  271328 kB
20220312 013723.288 INFO             PET0 PIOc_sync Exit - MemInfo: [/proc/self/status]	VmStk:	     512 kB
20220312 013723.288 INFO             PET0 PIOc_sync Exit - MemInfo: [/proc/self/status]	VmExe:	    1944 kB
20220312 013723.288 INFO             PET0 PIOc_sync Exit - MemInfo: [/proc/self/status]	VmLib:	  156408 kB
20220312 013723.288 INFO             PET0 PIOc_sync Exit - MemInfo: [/proc/self/status]	VmPTE:	     824 kB
20220312 013723.288 INFO             PET0 PIOc_sync Exit - MemInfo: [/proc/self/status]	VmPMD:	      32 kB
20220312 013723.288 INFO             PET0 PIOc_sync Exit - MemInfo: [/proc/self/status]	VmSwap:	       0 kB
20220312 013723.288 INFO             PET0 PIOc_sync Exit - MemInfo: [/proc/self/status]	VmRSSPercent: 0.128916 %
20220312 013723.288 INFO             PET0 PIOc_sync Exit - MemInfo: [malloc] Non-mmapped space allocated:                 2904064 Byte
20220312 013723.288 INFO             PET0 PIOc_sync Exit - MemInfo: [malloc] Space allocated in mmapped regions:         88629248 Byte
20220312 013723.288 INFO             PET0 PIOc_sync Exit - MemInfo: [malloc] Maximum total allocated space:                     0 Byte
20220312 013723.288 INFO             PET0 PIOc_sync Exit - MemInfo: [malloc] Space in freed fastbin blocks:                   544 Byte
20220312 013723.288 INFO             PET0 PIOc_sync Exit - MemInfo: [malloc] Total allocated space:                       2722048 Byte
20220312 013723.288 INFO             PET0 PIOc_sync Exit - MemInfo: [malloc] Total free space:                             182016 Byte
20220312 013723.288 INFO             PET0 PIOc_sync Exit - MemInfo: [malloc] Top-most, releasable space:                    48784 Byte
20220312 013723.288 INFO             PET0 PIOc_sync Exit - MemInfo: [malloc] Total space in use, mmap + non-mmap:        91351296 Byte
20220312 013723.288 INFO             PET0 PIOc_sync Exit - MemInfo: [malloc] Total space held (mmap + non-mmap):         91533312 Byte
20220312 013723.288 INFO             PET0 PIOc_sync Exit - MemInfo: [malloc] Total space used (mmap + non-mmap):         91360656 Byte
20220312 013723.288 INFO             PET0 PIOc_sync Exit - MemInfo: Wall-clock time since execution start:              0.0186802 seconds
20220312 013723.288 INFO             PET0 PIOc_freedecomp Enter - MemInfo: [/proc/meminfo - SSI]	MemTotal:       131394452 kB
20220312 013723.288 INFO             PET0 PIOc_freedecomp Enter - MemInfo: [/proc/meminfo - SSI]	MemFree:        122292636 kB
20220312 013723.288 INFO             PET0 PIOc_freedecomp Enter - MemInfo: [/proc/meminfo - SSI]	MemAvailable:   121949056 kB
20220312 013723.288 INFO             PET0 PIOc_freedecomp Enter - MemInfo: [/proc/meminfo - SSI]	Committed_AS:    4264332 kB
20220312 013723.288 INFO             PET0 PIOc_freedecomp Enter - MemInfo: [/proc/meminfo - SSI]	CommittedPercent: 3.24544 %
20220312 013723.288 INFO             PET0 PIOc_freedecomp Enter - MemInfo: [/proc/self/status]	VmPeak:	 3854828 kB
20220312 013723.288 INFO             PET0 PIOc_freedecomp Enter - MemInfo: [/proc/self/status]	VmSize:	 3852260 kB
20220312 013723.288 INFO             PET0 PIOc_freedecomp Enter - MemInfo: [/proc/self/status]	VmLck:	       0 kB
20220312 013723.288 INFO             PET0 PIOc_freedecomp Enter - MemInfo: [/proc/self/status]	VmPin:	   82140 kB
20220312 013723.288 INFO             PET0 PIOc_freedecomp Enter - MemInfo: [/proc/self/status]	VmHWM:	  169388 kB
20220312 013723.288 INFO             PET0 PIOc_freedecomp Enter - MemInfo: [/proc/self/status]	VmRSS:	  167336 kB
20220312 013723.288 INFO             PET0 PIOc_freedecomp Enter - MemInfo: [/proc/self/status]	VmData:	  268760 kB
20220312 013723.288 INFO             PET0 PIOc_freedecomp Enter - MemInfo: [/proc/self/status]	VmStk:	     512 kB
20220312 013723.288 INFO             PET0 PIOc_freedecomp Enter - MemInfo: [/proc/self/status]	VmExe:	    1944 kB
20220312 013723.288 INFO             PET0 PIOc_freedecomp Enter - MemInfo: [/proc/self/status]	VmLib:	  156408 kB
20220312 013723.288 INFO             PET0 PIOc_freedecomp Enter - MemInfo: [/proc/self/status]	VmPTE:	     820 kB
20220312 013723.288 INFO             PET0 PIOc_freedecomp Enter - MemInfo: [/proc/self/status]	VmPMD:	      32 kB
20220312 013723.288 INFO             PET0 PIOc_freedecomp Enter - MemInfo: [/proc/self/status]	VmSwap:	       0 kB
20220312 013723.288 INFO             PET0 PIOc_freedecomp Enter - MemInfo: [/proc/self/status]	VmRSSPercent: 0.127354 %
20220312 013723.288 INFO             PET0 PIOc_freedecomp Enter - MemInfo: [malloc] Non-mmapped space allocated:                 2904064 Byte
20220312 013723.288 INFO             PET0 PIOc_freedecomp Enter - MemInfo: [malloc] Space allocated in mmapped regions:         85999616 Byte
20220312 013723.288 INFO             PET0 PIOc_freedecomp Enter - MemInfo: [malloc] Maximum total allocated space:                     0 Byte
20220312 013723.288 INFO             PET0 PIOc_freedecomp Enter - MemInfo: [malloc] Space in freed fastbin blocks:                  1408 Byte
20220312 013723.288 INFO             PET0 PIOc_freedecomp Enter - MemInfo: [malloc] Total allocated space:                       2708768 Byte
20220312 013723.288 INFO             PET0 PIOc_freedecomp Enter - MemInfo: [malloc] Total free space:                             195296 Byte
20220312 013723.288 INFO             PET0 PIOc_freedecomp Enter - MemInfo: [malloc] Top-most, releasable space:                    59280 Byte
20220312 013723.288 INFO             PET0 PIOc_freedecomp Enter - MemInfo: [malloc] Total space in use, mmap + non-mmap:        88708384 Byte
20220312 013723.289 INFO             PET0 PIOc_freedecomp Enter - MemInfo: [malloc] Total space held (mmap + non-mmap):         88903680 Byte
20220312 013723.289 INFO             PET0 PIOc_freedecomp Enter - MemInfo: [malloc] Total space used (mmap + non-mmap):         88717744 Byte
20220312 013723.289 INFO             PET0 PIOc_freedecomp Enter - MemInfo: Wall-clock time since execution start:              0.0193775 seconds
20220312 013723.289 INFO             PET0 PIOc_freedecomp Exit - MemInfo: [/proc/meminfo - SSI]	MemTotal:       131394452 kB
20220312 013723.289 INFO             PET0 PIOc_freedecomp Exit - MemInfo: [/proc/meminfo - SSI]	MemFree:        122292636 kB
20220312 013723.289 INFO             PET0 PIOc_freedecomp Exit - MemInfo: [/proc/meminfo - SSI]	MemAvailable:   121949056 kB
20220312 013723.289 INFO             PET0 PIOc_freedecomp Exit - MemInfo: [/proc/meminfo - SSI]	Committed_AS:    4264332 kB
20220312 013723.289 INFO             PET0 PIOc_freedecomp Exit - MemInfo: [/proc/meminfo - SSI]	CommittedPercent: 3.24544 %
20220312 013723.289 INFO             PET0 PIOc_freedecomp Exit - MemInfo: [/proc/self/status]	VmPeak:	 3854828 kB
20220312 013723.289 INFO             PET0 PIOc_freedecomp Exit - MemInfo: [/proc/self/status]	VmSize:	 3852260 kB
20220312 013723.289 INFO             PET0 PIOc_freedecomp Exit - MemInfo: [/proc/self/status]	VmLck:	       0 kB
20220312 013723.289 INFO             PET0 PIOc_freedecomp Exit - MemInfo: [/proc/self/status]	VmPin:	   82140 kB
20220312 013723.289 INFO             PET0 PIOc_freedecomp Exit - MemInfo: [/proc/self/status]	VmHWM:	  169388 kB
20220312 013723.289 INFO             PET0 PIOc_freedecomp Exit - MemInfo: [/proc/self/status]	VmRSS:	  167340 kB
20220312 013723.289 INFO             PET0 PIOc_freedecomp Exit - MemInfo: [/proc/self/status]	VmData:	  268760 kB
20220312 013723.289 INFO             PET0 PIOc_freedecomp Exit - MemInfo: [/proc/self/status]	VmStk:	     512 kB
20220312 013723.289 INFO             PET0 PIOc_freedecomp Exit - MemInfo: [/proc/self/status]	VmExe:	    1944 kB
20220312 013723.289 INFO             PET0 PIOc_freedecomp Exit - MemInfo: [/proc/self/status]	VmLib:	  156408 kB
20220312 013723.289 INFO             PET0 PIOc_freedecomp Exit - MemInfo: [/proc/self/status]	VmPTE:	     820 kB
20220312 013723.289 INFO             PET0 PIOc_freedecomp Exit - MemInfo: [/proc/self/status]	VmPMD:	      32 kB
20220312 013723.289 INFO             PET0 PIOc_freedecomp Exit - MemInfo: [/proc/self/status]	VmSwap:	       0 kB
20220312 013723.289 INFO             PET0 PIOc_freedecomp Exit - MemInfo: [/proc/self/status]	VmRSSPercent: 0.127357 %
20220312 013723.289 INFO             PET0 PIOc_freedecomp Exit - MemInfo: [malloc] Non-mmapped space allocated:                 2904064 Byte
20220312 013723.289 INFO             PET0 PIOc_freedecomp Exit - MemInfo: [malloc] Space allocated in mmapped regions:         85999616 Byte
20220312 013723.289 INFO             PET0 PIOc_freedecomp Exit - MemInfo: [malloc] Maximum total allocated space:                     0 Byte
20220312 013723.289 INFO             PET0 PIOc_freedecomp Exit - MemInfo: [malloc] Space in freed fastbin blocks:                   800 Byte
20220312 013723.289 INFO             PET0 PIOc_freedecomp Exit - MemInfo: [malloc] Total allocated space:                       2704416 Byte
20220312 013723.289 INFO             PET0 PIOc_freedecomp Exit - MemInfo: [malloc] Total free space:                             199648 Byte
20220312 013723.289 INFO             PET0 PIOc_freedecomp Exit - MemInfo: [malloc] Top-most, releasable space:                    60016 Byte
20220312 013723.289 INFO             PET0 PIOc_freedecomp Exit - MemInfo: [malloc] Total space in use, mmap + non-mmap:        88704032 Byte
20220312 013723.289 INFO             PET0 PIOc_freedecomp Exit - MemInfo: [malloc] Total space held (mmap + non-mmap):         88903680 Byte
20220312 013723.289 INFO             PET0 PIOc_freedecomp Exit - MemInfo: [malloc] Total space used (mmap + non-mmap):         88713392 Byte
20220312 013723.289 INFO             PET0 PIOc_freedecomp Exit - MemInfo: Wall-clock time since execution start:              0.0198703 seconds
20220312 013723.289 INFO             PET0  PASS  Write Fortran array in Field, ESMF_FieldIOUTest.F90, line 219
20220312 013723.290 INFO             PET0  PASS  Create a field from grid and fortran dummy array without halo, ESMF_FieldIOUTest.F90, line 233
20220312 013723.290 INFO             PET0  PASS  Get Farray_w from nohalo field, ESMF_FieldIOUTest.F90, line 244
20220312 013723.292 INFO             PET0 PIOc_sync Enter - MemInfo: [/proc/meminfo - SSI]	MemTotal:       131394452 kB
20220312 013723.292 INFO             PET0 PIOc_sync Enter - MemInfo: [/proc/meminfo - SSI]	MemFree:        122291788 kB
20220312 013723.292 INFO             PET0 PIOc_sync Enter - MemInfo: [/proc/meminfo - SSI]	MemAvailable:   121948208 kB
20220312 013723.292 INFO             PET0 PIOc_sync Enter - MemInfo: [/proc/meminfo - SSI]	Committed_AS:    4264332 kB
20220312 013723.292 INFO             PET0 PIOc_sync Enter - MemInfo: [/proc/meminfo - SSI]	CommittedPercent: 3.24544 %
20220312 013723.292 INFO             PET0 PIOc_sync Enter - MemInfo: [/proc/self/status]	VmPeak:	 3854892 kB
20220312 013723.292 INFO             PET0 PIOc_sync Enter - MemInfo: [/proc/self/status]	VmSize:	 3854892 kB
20220312 013723.292 INFO             PET0 PIOc_sync Enter - MemInfo: [/proc/self/status]	VmLck:	       0 kB
20220312 013723.292 INFO             PET0 PIOc_sync Enter - MemInfo: [/proc/self/status]	VmPin:	   82140 kB
20220312 013723.292 INFO             PET0 PIOc_sync Enter - MemInfo: [/proc/self/status]	VmHWM:	  169532 kB
20220312 013723.292 INFO             PET0 PIOc_sync Enter - MemInfo: [/proc/self/status]	VmRSS:	  169532 kB
20220312 013723.292 INFO             PET0 PIOc_sync Enter - MemInfo: [/proc/self/status]	VmData:	  271392 kB
20220312 013723.292 INFO             PET0 PIOc_sync Enter - MemInfo: [/proc/self/status]	VmStk:	     512 kB
20220312 013723.292 INFO             PET0 PIOc_sync Enter - MemInfo: [/proc/self/status]	VmExe:	    1944 kB
20220312 013723.292 INFO             PET0 PIOc_sync Enter - MemInfo: [/proc/self/status]	VmLib:	  156408 kB
20220312 013723.292 INFO             PET0 PIOc_sync Enter - MemInfo: [/proc/self/status]	VmPTE:	     824 kB
20220312 013723.292 INFO             PET0 PIOc_sync Enter - MemInfo: [/proc/self/status]	VmPMD:	      32 kB
20220312 013723.292 INFO             PET0 PIOc_sync Enter - MemInfo: [/proc/self/status]	VmSwap:	       0 kB
20220312 013723.292 INFO             PET0 PIOc_sync Enter - MemInfo: [/proc/self/status]	VmRSSPercent: 0.129025 %
20220312 013723.292 INFO             PET0 PIOc_sync Enter - MemInfo: [malloc] Non-mmapped space allocated:                 5599232 Byte
20220312 013723.292 INFO             PET0 PIOc_sync Enter - MemInfo: [malloc] Space allocated in mmapped regions:         85999616 Byte
20220312 013723.292 INFO             PET0 PIOc_sync Enter - MemInfo: [malloc] Maximum total allocated space:                     0 Byte
20220312 013723.292 INFO             PET0 PIOc_sync Enter - MemInfo: [malloc] Space in freed fastbin blocks:                   144 Byte
20220312 013723.292 INFO             PET0 PIOc_sync Enter - MemInfo: [malloc] Total allocated space:                       5348000 Byte
20220312 013723.292 INFO             PET0 PIOc_sync Enter - MemInfo: [malloc] Total free space:                             251232 Byte
20220312 013723.292 INFO             PET0 PIOc_sync Enter - MemInfo: [malloc] Top-most, releasable space:                   118928 Byte
20220312 013723.292 INFO             PET0 PIOc_sync Enter - MemInfo: [malloc] Total space in use, mmap + non-mmap:        91347616 Byte
20220312 013723.292 INFO             PET0 PIOc_sync Enter - MemInfo: [malloc] Total space held (mmap + non-mmap):         91598848 Byte
20220312 013723.292 INFO             PET0 PIOc_sync Enter - MemInfo: [malloc] Total space used (mmap + non-mmap):         91356976 Byte
20220312 013723.292 INFO             PET0 PIOc_sync Enter - MemInfo: Wall-clock time since execution start:              0.0230837 seconds
20220312 013723.293 INFO             PET0 PIOc_sync Exit - MemInfo: [/proc/meminfo - SSI]	MemTotal:       131394452 kB
20220312 013723.293 INFO             PET0 PIOc_sync Exit - MemInfo: [/proc/meminfo - SSI]	MemFree:        122291788 kB
20220312 013723.293 INFO             PET0 PIOc_sync Exit - MemInfo: [/proc/meminfo - SSI]	MemAvailable:   121948208 kB
20220312 013723.293 INFO             PET0 PIOc_sync Exit - MemInfo: [/proc/meminfo - SSI]	Committed_AS:    4264332 kB
20220312 013723.293 INFO             PET0 PIOc_sync Exit - MemInfo: [/proc/meminfo - SSI]	CommittedPercent: 3.24544 %
20220312 013723.293 INFO             PET0 PIOc_sync Exit - MemInfo: [/proc/self/status]	VmPeak:	 3854892 kB
20220312 013723.293 INFO             PET0 PIOc_sync Exit - MemInfo: [/proc/self/status]	VmSize:	 3854892 kB
20220312 013723.293 INFO             PET0 PIOc_sync Exit - MemInfo: [/proc/self/status]	VmLck:	       0 kB
20220312 013723.293 INFO             PET0 PIOc_sync Exit - MemInfo: [/proc/self/status]	VmPin:	   82140 kB
20220312 013723.293 INFO             PET0 PIOc_sync Exit - MemInfo: [/proc/self/status]	VmHWM:	  169572 kB
20220312 013723.293 INFO             PET0 PIOc_sync Exit - MemInfo: [/proc/self/status]	VmRSS:	  169572 kB
20220312 013723.293 INFO             PET0 PIOc_sync Exit - MemInfo: [/proc/self/status]	VmData:	  271392 kB
20220312 013723.293 INFO             PET0 PIOc_sync Exit - MemInfo: [/proc/self/status]	VmStk:	     512 kB
20220312 013723.293 INFO             PET0 PIOc_sync Exit - MemInfo: [/proc/self/status]	VmExe:	    1944 kB
20220312 013723.293 INFO             PET0 PIOc_sync Exit - MemInfo: [/proc/self/status]	VmLib:	  156408 kB
20220312 013723.293 INFO             PET0 PIOc_sync Exit - MemInfo: [/proc/self/status]	VmPTE:	     824 kB
20220312 013723.293 INFO             PET0 PIOc_sync Exit - MemInfo: [/proc/self/status]	VmPMD:	      32 kB
20220312 013723.293 INFO             PET0 PIOc_sync Exit - MemInfo: [/proc/self/status]	VmSwap:	       0 kB
20220312 013723.293 INFO             PET0 PIOc_sync Exit - MemInfo: [/proc/self/status]	VmRSSPercent: 0.129056 %
20220312 013723.293 INFO             PET0 PIOc_sync Exit - MemInfo: [malloc] Non-mmapped space allocated:                 5599232 Byte
20220312 013723.293 INFO             PET0 PIOc_sync Exit - MemInfo: [malloc] Space allocated in mmapped regions:         85999616 Byte
20220312 013723.293 INFO             PET0 PIOc_sync Exit - MemInfo: [malloc] Maximum total allocated space:                     0 Byte
20220312 013723.293 INFO             PET0 PIOc_sync Exit - MemInfo: [malloc] Space in freed fastbin blocks:                   144 Byte
20220312 013723.293 INFO             PET0 PIOc_sync Exit - MemInfo: [malloc] Total allocated space:                       5346912 Byte
20220312 013723.293 INFO             PET0 PIOc_sync Exit - MemInfo: [malloc] Total free space:                             252320 Byte
20220312 013723.293 INFO             PET0 PIOc_sync Exit - MemInfo: [malloc] Top-most, releasable space:                   119872 Byte
20220312 013723.293 INFO             PET0 PIOc_sync Exit - MemInfo: [malloc] Total space in use, mmap + non-mmap:        91346528 Byte
20220312 013723.293 INFO             PET0 PIOc_sync Exit - MemInfo: [malloc] Total space held (mmap + non-mmap):         91598848 Byte
20220312 013723.293 INFO             PET0 PIOc_sync Exit - MemInfo: [malloc] Total space used (mmap + non-mmap):         91355888 Byte
20220312 013723.293 INFO             PET0 PIOc_sync Exit - MemInfo: Wall-clock time since execution start:              0.0239452 seconds
20220312 013723.293 INFO             PET0 PIOc_freedecomp Enter - MemInfo: [/proc/meminfo - SSI]	MemTotal:       131394452 kB
20220312 013723.293 INFO             PET0 PIOc_freedecomp Enter - MemInfo: [/proc/meminfo - SSI]	MemFree:        122291788 kB
20220312 013723.293 INFO             PET0 PIOc_freedecomp Enter - MemInfo: [/proc/meminfo - SSI]	MemAvailable:   121948208 kB
20220312 013723.293 INFO             PET0 PIOc_freedecomp Enter - MemInfo: [/proc/meminfo - SSI]	Committed_AS:    4264332 kB
20220312 013723.293 INFO             PET0 PIOc_freedecomp Enter - MemInfo: [/proc/meminfo - SSI]	CommittedPercent: 3.24544 %
20220312 013723.293 INFO             PET0 PIOc_freedecomp Enter - MemInfo: [/proc/self/status]	VmPeak:	 3854892 kB
20220312 013723.293 INFO             PET0 PIOc_freedecomp Enter - MemInfo: [/proc/self/status]	VmSize:	 3854892 kB
20220312 013723.293 INFO             PET0 PIOc_freedecomp Enter - MemInfo: [/proc/self/status]	VmLck:	       0 kB
20220312 013723.293 INFO             PET0 PIOc_freedecomp Enter - MemInfo: [/proc/self/status]	VmPin:	   82140 kB
20220312 013723.293 INFO             PET0 PIOc_freedecomp Enter - MemInfo: [/proc/self/status]	VmHWM:	  169572 kB
20220312 013723.293 INFO             PET0 PIOc_freedecomp Enter - MemInfo: [/proc/self/status]	VmRSS:	  169572 kB
20220312 013723.293 INFO             PET0 PIOc_freedecomp Enter - MemInfo: [/proc/self/status]	VmData:	  271392 kB
20220312 013723.293 INFO             PET0 PIOc_freedecomp Enter - MemInfo: [/proc/self/status]	VmStk:	     512 kB
20220312 013723.293 INFO             PET0 PIOc_freedecomp Enter - MemInfo: [/proc/self/status]	VmExe:	    1944 kB
20220312 013723.293 INFO             PET0 PIOc_freedecomp Enter - MemInfo: [/proc/self/status]	VmLib:	  156408 kB
20220312 013723.294 INFO             PET0 PIOc_freedecomp Enter - MemInfo: [/proc/self/status]	VmPTE:	     824 kB
20220312 013723.294 INFO             PET0 PIOc_freedecomp Enter - MemInfo: [/proc/self/status]	VmPMD:	      32 kB
20220312 013723.294 INFO             PET0 PIOc_freedecomp Enter - MemInfo: [/proc/self/status]	VmSwap:	       0 kB
20220312 013723.294 INFO             PET0 PIOc_freedecomp Enter - MemInfo: [/proc/self/status]	VmRSSPercent: 0.129056 %
20220312 013723.294 INFO             PET0 PIOc_freedecomp Enter - MemInfo: [malloc] Non-mmapped space allocated:                 5599232 Byte
20220312 013723.294 INFO             PET0 PIOc_freedecomp Enter - MemInfo: [malloc] Space allocated in mmapped regions:         85999616 Byte
20220312 013723.294 INFO             PET0 PIOc_freedecomp Enter - MemInfo: [malloc] Maximum total allocated space:                     0 Byte
20220312 013723.294 INFO             PET0 PIOc_freedecomp Enter - MemInfo: [malloc] Space in freed fastbin blocks:                   496 Byte
20220312 013723.294 INFO             PET0 PIOc_freedecomp Enter - MemInfo: [malloc] Total allocated space:                       2712144 Byte
20220312 013723.294 INFO             PET0 PIOc_freedecomp Enter - MemInfo: [malloc] Total free space:                            2887088 Byte
20220312 013723.294 INFO             PET0 PIOc_freedecomp Enter - MemInfo: [malloc] Top-most, releasable space:                   130368 Byte
20220312 013723.294 INFO             PET0 PIOc_freedecomp Enter - MemInfo: [malloc] Total space in use, mmap + non-mmap:        88711760 Byte
20220312 013723.294 INFO             PET0 PIOc_freedecomp Enter - MemInfo: [malloc] Total space held (mmap + non-mmap):         91598848 Byte
20220312 013723.294 INFO             PET0 PIOc_freedecomp Enter - MemInfo: [malloc] Total space used (mmap + non-mmap):         88721120 Byte
20220312 013723.294 INFO             PET0 PIOc_freedecomp Enter - MemInfo: Wall-clock time since execution start:              0.0245717 seconds
20220312 013723.294 INFO             PET0 PIOc_freedecomp Exit - MemInfo: [/proc/meminfo - SSI]	MemTotal:       131394452 kB
20220312 013723.294 INFO             PET0 PIOc_freedecomp Exit - MemInfo: [/proc/meminfo - SSI]	MemFree:        122291788 kB
20220312 013723.294 INFO             PET0 PIOc_freedecomp Exit - MemInfo: [/proc/meminfo - SSI]	MemAvailable:   121948208 kB
20220312 013723.294 INFO             PET0 PIOc_freedecomp Exit - MemInfo: [/proc/meminfo - SSI]	Committed_AS:    4264332 kB
20220312 013723.294 INFO             PET0 PIOc_freedecomp Exit - MemInfo: [/proc/meminfo - SSI]	CommittedPercent: 3.24544 %
20220312 013723.294 INFO             PET0 PIOc_freedecomp Exit - MemInfo: [/proc/self/status]	VmPeak:	 3854892 kB
20220312 013723.294 INFO             PET0 PIOc_freedecomp Exit - MemInfo: [/proc/self/status]	VmSize:	 3854892 kB
20220312 013723.294 INFO             PET0 PIOc_freedecomp Exit - MemInfo: [/proc/self/status]	VmLck:	       0 kB
20220312 013723.294 INFO             PET0 PIOc_freedecomp Exit - MemInfo: [/proc/self/status]	VmPin:	   82140 kB
20220312 013723.294 INFO             PET0 PIOc_freedecomp Exit - MemInfo: [/proc/self/status]	VmHWM:	  169572 kB
20220312 013723.294 INFO             PET0 PIOc_freedecomp Exit - MemInfo: [/proc/self/status]	VmRSS:	  169572 kB
20220312 013723.294 INFO             PET0 PIOc_freedecomp Exit - MemInfo: [/proc/self/status]	VmData:	  271392 kB
20220312 013723.294 INFO             PET0 PIOc_freedecomp Exit - MemInfo: [/proc/self/status]	VmStk:	     512 kB
20220312 013723.294 INFO             PET0 PIOc_freedecomp Exit - MemInfo: [/proc/self/status]	VmExe:	    1944 kB
20220312 013723.294 INFO             PET0 PIOc_freedecomp Exit - MemInfo: [/proc/self/status]	VmLib:	  156408 kB
20220312 013723.294 INFO             PET0 PIOc_freedecomp Exit - MemInfo: [/proc/self/status]	VmPTE:	     824 kB
20220312 013723.294 INFO             PET0 PIOc_freedecomp Exit - MemInfo: [/proc/self/status]	VmPMD:	      32 kB
20220312 013723.294 INFO             PET0 PIOc_freedecomp Exit - MemInfo: [/proc/self/status]	VmSwap:	       0 kB
20220312 013723.294 INFO             PET0 PIOc_freedecomp Exit - MemInfo: [/proc/self/status]	VmRSSPercent: 0.129056 %
20220312 013723.294 INFO             PET0 PIOc_freedecomp Exit - MemInfo: [malloc] Non-mmapped space allocated:                 5599232 Byte
20220312 013723.294 INFO             PET0 PIOc_freedecomp Exit - MemInfo: [malloc] Space allocated in mmapped regions:         85999616 Byte
20220312 013723.294 INFO             PET0 PIOc_freedecomp Exit - MemInfo: [malloc] Maximum total allocated space:                     0 Byte
20220312 013723.294 INFO             PET0 PIOc_freedecomp Exit - MemInfo: [malloc] Space in freed fastbin blocks:                   432 Byte
20220312 013723.294 INFO             PET0 PIOc_freedecomp Exit - MemInfo: [malloc] Total allocated space:                       2708480 Byte
20220312 013723.294 INFO             PET0 PIOc_freedecomp Exit - MemInfo: [malloc] Total free space:                            2890752 Byte
20220312 013723.294 INFO             PET0 PIOc_freedecomp Exit - MemInfo: [malloc] Top-most, releasable space:                  2755216 Byte
20220312 013723.294 INFO             PET0 PIOc_freedecomp Exit - MemInfo: [malloc] Total space in use, mmap + non-mmap:        88708096 Byte
20220312 013723.294 INFO             PET0 PIOc_freedecomp Exit - MemInfo: [malloc] Total space held (mmap + non-mmap):         91598848 Byte
20220312 013723.294 INFO             PET0 PIOc_freedecomp Exit - MemInfo: [malloc] Total space used (mmap + non-mmap):         88717472 Byte
20220312 013723.294 INFO             PET0 PIOc_freedecomp Exit - MemInfo: Wall-clock time since execution start:              0.0250756 seconds
20220312 013723.294 INFO             PET0  PASS  Write Fortran array in nohalo Field, ESMF_FieldIOUTest.F90, line 268
20220312 013723.295 INFO             PET0  PASS  Create a field from grid and fortran dummy array without halo, ESMF_FieldIOUTest.F90, line 281
20220312 013723.296 INFO             PET0 PIOc_sync Enter - MemInfo: [/proc/meminfo - SSI]	MemTotal:       131394452 kB
20220312 013723.296 INFO             PET0 PIOc_sync Enter - MemInfo: [/proc/meminfo - SSI]	MemFree:        122291292 kB
20220312 013723.296 INFO             PET0 PIOc_sync Enter - MemInfo: [/proc/meminfo - SSI]	MemAvailable:   121947712 kB
20220312 013723.296 INFO             PET0 PIOc_sync Enter - MemInfo: [/proc/meminfo - SSI]	Committed_AS:    4264332 kB
20220312 013723.296 INFO             PET0 PIOc_sync Enter - MemInfo: [/proc/meminfo - SSI]	CommittedPercent: 3.24544 %
20220312 013723.296 INFO             PET0 PIOc_sync Enter - MemInfo: [/proc/self/status]	VmPeak:	 3854892 kB
20220312 013723.296 INFO             PET0 PIOc_sync Enter - MemInfo: [/proc/self/status]	VmSize:	 3854892 kB
20220312 013723.296 INFO             PET0 PIOc_sync Enter - MemInfo: [/proc/self/status]	VmLck:	       0 kB
20220312 013723.296 INFO             PET0 PIOc_sync Enter - MemInfo: [/proc/self/status]	VmPin:	   82140 kB
20220312 013723.296 INFO             PET0 PIOc_sync Enter - MemInfo: [/proc/self/status]	VmHWM:	  170100 kB
20220312 013723.296 INFO             PET0 PIOc_sync Enter - MemInfo: [/proc/self/status]	VmRSS:	  170100 kB
20220312 013723.296 INFO             PET0 PIOc_sync Enter - MemInfo: [/proc/self/status]	VmData:	  271392 kB
20220312 013723.296 INFO             PET0 PIOc_sync Enter - MemInfo: [/proc/self/status]	VmStk:	     512 kB
20220312 013723.296 INFO             PET0 PIOc_sync Enter - MemInfo: [/proc/self/status]	VmExe:	    1944 kB
20220312 013723.296 INFO             PET0 PIOc_sync Enter - MemInfo: [/proc/self/status]	VmLib:	  156408 kB
20220312 013723.296 INFO             PET0 PIOc_sync Enter - MemInfo: [/proc/self/status]	VmPTE:	     824 kB
20220312 013723.296 INFO             PET0 PIOc_sync Enter - MemInfo: [/proc/self/status]	VmPMD:	      32 kB
20220312 013723.296 INFO             PET0 PIOc_sync Enter - MemInfo: [/proc/self/status]	VmSwap:	       0 kB
20220312 013723.296 INFO             PET0 PIOc_sync Enter - MemInfo: [/proc/self/status]	VmRSSPercent: 0.129458 %
20220312 013723.296 INFO             PET0 PIOc_sync Enter - MemInfo: [malloc] Non-mmapped space allocated:                 5599232 Byte
20220312 013723.296 INFO             PET0 PIOc_sync Enter - MemInfo: [malloc] Space allocated in mmapped regions:         85999616 Byte
20220312 013723.296 INFO             PET0 PIOc_sync Enter - MemInfo: [malloc] Maximum total allocated space:                     0 Byte
20220312 013723.296 INFO             PET0 PIOc_sync Enter - MemInfo: [malloc] Space in freed fastbin blocks:                   144 Byte
20220312 013723.296 INFO             PET0 PIOc_sync Enter - MemInfo: [malloc] Total allocated space:                       5352976 Byte
20220312 013723.296 INFO             PET0 PIOc_sync Enter - MemInfo: [malloc] Total free space:                             246256 Byte
20220312 013723.296 INFO             PET0 PIOc_sync Enter - MemInfo: [malloc] Top-most, releasable space:                   113664 Byte
20220312 013723.296 INFO             PET0 PIOc_sync Enter - MemInfo: [malloc] Total space in use, mmap + non-mmap:        91352592 Byte
20220312 013723.296 INFO             PET0 PIOc_sync Enter - MemInfo: [malloc] Total space held (mmap + non-mmap):         91598848 Byte
20220312 013723.296 INFO             PET0 PIOc_sync Enter - MemInfo: [malloc] Total space used (mmap + non-mmap):         91361952 Byte
20220312 013723.296 INFO             PET0 PIOc_sync Enter - MemInfo: Wall-clock time since execution start:              0.0272417 seconds
20220312 013723.297 INFO             PET0 PIOc_sync Exit - MemInfo: [/proc/meminfo - SSI]	MemTotal:       131394452 kB
20220312 013723.297 INFO             PET0 PIOc_sync Exit - MemInfo: [/proc/meminfo - SSI]	MemFree:        122291292 kB
20220312 013723.297 INFO             PET0 PIOc_sync Exit - MemInfo: [/proc/meminfo - SSI]	MemAvailable:   121947712 kB
20220312 013723.297 INFO             PET0 PIOc_sync Exit - MemInfo: [/proc/meminfo - SSI]	Committed_AS:    4264332 kB
20220312 013723.297 INFO             PET0 PIOc_sync Exit - MemInfo: [/proc/meminfo - SSI]	CommittedPercent: 3.24544 %
20220312 013723.297 INFO             PET0 PIOc_sync Exit - MemInfo: [/proc/self/status]	VmPeak:	 3854892 kB
20220312 013723.297 INFO             PET0 PIOc_sync Exit - MemInfo: [/proc/self/status]	VmSize:	 3854892 kB
20220312 013723.297 INFO             PET0 PIOc_sync Exit - MemInfo: [/proc/self/status]	VmLck:	       0 kB
20220312 013723.297 INFO             PET0 PIOc_sync Exit - MemInfo: [/proc/self/status]	VmPin:	   82140 kB
20220312 013723.297 INFO             PET0 PIOc_sync Exit - MemInfo: [/proc/self/status]	VmHWM:	  170128 kB
20220312 013723.297 INFO             PET0 PIOc_sync Exit - MemInfo: [/proc/self/status]	VmRSS:	  170128 kB
20220312 013723.297 INFO             PET0 PIOc_sync Exit - MemInfo: [/proc/self/status]	VmData:	  271392 kB
20220312 013723.297 INFO             PET0 PIOc_sync Exit - MemInfo: [/proc/self/status]	VmStk:	     512 kB
20220312 013723.297 INFO             PET0 PIOc_sync Exit - MemInfo: [/proc/self/status]	VmExe:	    1944 kB
20220312 013723.297 INFO             PET0 PIOc_sync Exit - MemInfo: [/proc/self/status]	VmLib:	  156408 kB
20220312 013723.297 INFO             PET0 PIOc_sync Exit - MemInfo: [/proc/self/status]	VmPTE:	     824 kB
20220312 013723.297 INFO             PET0 PIOc_sync Exit - MemInfo: [/proc/self/status]	VmPMD:	      32 kB
20220312 013723.297 INFO             PET0 PIOc_sync Exit - MemInfo: [/proc/self/status]	VmSwap:	       0 kB
20220312 013723.297 INFO             PET0 PIOc_sync Exit - MemInfo: [/proc/self/status]	VmRSSPercent: 0.129479 %
20220312 013723.297 INFO             PET0 PIOc_sync Exit - MemInfo: [malloc] Non-mmapped space allocated:                 5599232 Byte
20220312 013723.297 INFO             PET0 PIOc_sync Exit - MemInfo: [malloc] Space allocated in mmapped regions:         85999616 Byte
20220312 013723.297 INFO             PET0 PIOc_sync Exit - MemInfo: [malloc] Maximum total allocated space:                     0 Byte
20220312 013723.297 INFO             PET0 PIOc_sync Exit - MemInfo: [malloc] Space in freed fastbin blocks:                   352 Byte
20220312 013723.297 INFO             PET0 PIOc_sync Exit - MemInfo: [malloc] Total allocated space:                       5351568 Byte
20220312 013723.297 INFO             PET0 PIOc_sync Exit - MemInfo: [malloc] Total free space:                             247664 Byte
20220312 013723.297 INFO             PET0 PIOc_sync Exit - MemInfo: [malloc] Top-most, releasable space:                   114400 Byte
20220312 013723.297 INFO             PET0 PIOc_sync Exit - MemInfo: [malloc] Total space in use, mmap + non-mmap:        91351184 Byte
20220312 013723.297 INFO             PET0 PIOc_sync Exit - MemInfo: [malloc] Total space held (mmap + non-mmap):         91598848 Byte
20220312 013723.297 INFO             PET0 PIOc_sync Exit - MemInfo: [malloc] Total space used (mmap + non-mmap):         91360544 Byte
20220312 013723.297 INFO             PET0 PIOc_sync Exit - MemInfo: Wall-clock time since execution start:              0.0281067 seconds
20220312 013723.297 INFO             PET0 PIOc_freedecomp Enter - MemInfo: [/proc/meminfo - SSI]	MemTotal:       131394452 kB
20220312 013723.297 INFO             PET0 PIOc_freedecomp Enter - MemInfo: [/proc/meminfo - SSI]	MemFree:        122291292 kB
20220312 013723.297 INFO             PET0 PIOc_freedecomp Enter - MemInfo: [/proc/meminfo - SSI]	MemAvailable:   121947712 kB
20220312 013723.297 INFO             PET0 PIOc_freedecomp Enter - MemInfo: [/proc/meminfo - SSI]	Committed_AS:    4264332 kB
20220312 013723.298 INFO             PET0 PIOc_freedecomp Enter - MemInfo: [/proc/meminfo - SSI]	CommittedPercent: 3.24544 %
20220312 013723.298 INFO             PET0 PIOc_freedecomp Enter - MemInfo: [/proc/self/status]	VmPeak:	 3854892 kB
20220312 013723.298 INFO             PET0 PIOc_freedecomp Enter - MemInfo: [/proc/self/status]	VmSize:	 3854892 kB
20220312 013723.298 INFO             PET0 PIOc_freedecomp Enter - MemInfo: [/proc/self/status]	VmLck:	       0 kB
20220312 013723.298 INFO             PET0 PIOc_freedecomp Enter - MemInfo: [/proc/self/status]	VmPin:	   82140 kB
20220312 013723.298 INFO             PET0 PIOc_freedecomp Enter - MemInfo: [/proc/self/status]	VmHWM:	  170128 kB
20220312 013723.298 INFO             PET0 PIOc_freedecomp Enter - MemInfo: [/proc/self/status]	VmRSS:	  170128 kB
20220312 013723.298 INFO             PET0 PIOc_freedecomp Enter - MemInfo: [/proc/self/status]	VmData:	  271392 kB
20220312 013723.298 INFO             PET0 PIOc_freedecomp Enter - MemInfo: [/proc/self/status]	VmStk:	     512 kB
20220312 013723.298 INFO             PET0 PIOc_freedecomp Enter - MemInfo: [/proc/self/status]	VmExe:	    1944 kB
20220312 013723.298 INFO             PET0 PIOc_freedecomp Enter - MemInfo: [/proc/self/status]	VmLib:	  156408 kB
20220312 013723.298 INFO             PET0 PIOc_freedecomp Enter - MemInfo: [/proc/self/status]	VmPTE:	     824 kB
20220312 013723.298 INFO             PET0 PIOc_freedecomp Enter - MemInfo: [/proc/self/status]	VmPMD:	      32 kB
20220312 013723.298 INFO             PET0 PIOc_freedecomp Enter - MemInfo: [/proc/self/status]	VmSwap:	       0 kB
20220312 013723.298 INFO             PET0 PIOc_freedecomp Enter - MemInfo: [/proc/self/status]	VmRSSPercent: 0.129479 %
20220312 013723.298 INFO             PET0 PIOc_freedecomp Enter - MemInfo: [malloc] Non-mmapped space allocated:                 5599232 Byte
20220312 013723.298 INFO             PET0 PIOc_freedecomp Enter - MemInfo: [malloc] Space allocated in mmapped regions:         85999616 Byte
20220312 013723.298 INFO             PET0 PIOc_freedecomp Enter - MemInfo: [malloc] Maximum total allocated space:                     0 Byte
20220312 013723.298 INFO             PET0 PIOc_freedecomp Enter - MemInfo: [malloc] Space in freed fastbin blocks:                   592 Byte
20220312 013723.298 INFO             PET0 PIOc_freedecomp Enter - MemInfo: [malloc] Total allocated space:                       2716784 Byte
20220312 013723.298 INFO             PET0 PIOc_freedecomp Enter - MemInfo: [malloc] Total free space:                            2882448 Byte
20220312 013723.298 INFO             PET0 PIOc_freedecomp Enter - MemInfo: [malloc] Top-most, releasable space:                   124896 Byte
20220312 013723.298 INFO             PET0 PIOc_freedecomp Enter - MemInfo: [malloc] Total space in use, mmap + non-mmap:        88716400 Byte
20220312 013723.298 INFO             PET0 PIOc_freedecomp Enter - MemInfo: [malloc] Total space held (mmap + non-mmap):         91598848 Byte
20220312 013723.298 INFO             PET0 PIOc_freedecomp Enter - MemInfo: [malloc] Total space used (mmap + non-mmap):         88725760 Byte
20220312 013723.298 INFO             PET0 PIOc_freedecomp Enter - MemInfo: Wall-clock time since execution start:              0.0287607 seconds
20220312 013723.298 INFO             PET0 PIOc_freedecomp Exit - MemInfo: [/proc/meminfo - SSI]	MemTotal:       131394452 kB
20220312 013723.298 INFO             PET0 PIOc_freedecomp Exit - MemInfo: [/proc/meminfo - SSI]	MemFree:        122291292 kB
20220312 013723.298 INFO             PET0 PIOc_freedecomp Exit - MemInfo: [/proc/meminfo - SSI]	MemAvailable:   121947712 kB
20220312 013723.298 INFO             PET0 PIOc_freedecomp Exit - MemInfo: [/proc/meminfo - SSI]	Committed_AS:    4264332 kB
20220312 013723.298 INFO             PET0 PIOc_freedecomp Exit - MemInfo: [/proc/meminfo - SSI]	CommittedPercent: 3.24544 %
20220312 013723.298 INFO             PET0 PIOc_freedecomp Exit - MemInfo: [/proc/self/status]	VmPeak:	 3854892 kB
20220312 013723.298 INFO             PET0 PIOc_freedecomp Exit - MemInfo: [/proc/self/status]	VmSize:	 3854892 kB
20220312 013723.298 INFO             PET0 PIOc_freedecomp Exit - MemInfo: [/proc/self/status]	VmLck:	       0 kB
20220312 013723.298 INFO             PET0 PIOc_freedecomp Exit - MemInfo: [/proc/self/status]	VmPin:	   82140 kB
20220312 013723.298 INFO             PET0 PIOc_freedecomp Exit - MemInfo: [/proc/self/status]	VmHWM:	  170128 kB
20220312 013723.298 INFO             PET0 PIOc_freedecomp Exit - MemInfo: [/proc/self/status]	VmRSS:	  170128 kB
20220312 013723.298 INFO             PET0 PIOc_freedecomp Exit - MemInfo: [/proc/self/status]	VmData:	  271392 kB
20220312 013723.298 INFO             PET0 PIOc_freedecomp Exit - MemInfo: [/proc/self/status]	VmStk:	     512 kB
20220312 013723.298 INFO             PET0 PIOc_freedecomp Exit - MemInfo: [/proc/self/status]	VmExe:	    1944 kB
20220312 013723.298 INFO             PET0 PIOc_freedecomp Exit - MemInfo: [/proc/self/status]	VmLib:	  156408 kB
20220312 013723.298 INFO             PET0 PIOc_freedecomp Exit - MemInfo: [/proc/self/status]	VmPTE:	     824 kB
20220312 013723.298 INFO             PET0 PIOc_freedecomp Exit - MemInfo: [/proc/self/status]	VmPMD:	      32 kB
20220312 013723.298 INFO             PET0 PIOc_freedecomp Exit - MemInfo: [/proc/self/status]	VmSwap:	       0 kB
20220312 013723.298 INFO             PET0 PIOc_freedecomp Exit - MemInfo: [/proc/self/status]	VmRSSPercent: 0.129479 %
20220312 013723.298 INFO             PET0 PIOc_freedecomp Exit - MemInfo: [malloc] Non-mmapped space allocated:                 5599232 Byte
20220312 013723.298 INFO             PET0 PIOc_freedecomp Exit - MemInfo: [malloc] Space allocated in mmapped regions:         85999616 Byte
20220312 013723.298 INFO             PET0 PIOc_freedecomp Exit - MemInfo: [malloc] Maximum total allocated space:                     0 Byte
20220312 013723.298 INFO             PET0 PIOc_freedecomp Exit - MemInfo: [malloc] Space in freed fastbin blocks:                   144 Byte
20220312 013723.298 INFO             PET0 PIOc_freedecomp Exit - MemInfo: [malloc] Total allocated space:                       2712464 Byte
20220312 013723.298 INFO             PET0 PIOc_freedecomp Exit - MemInfo: [malloc] Total free space:                            2886768 Byte
20220312 013723.298 INFO             PET0 PIOc_freedecomp Exit - MemInfo: [malloc] Top-most, releasable space:                  2754000 Byte
20220312 013723.298 INFO             PET0 PIOc_freedecomp Exit - MemInfo: [malloc] Total space in use, mmap + non-mmap:        88712080 Byte
20220312 013723.298 INFO             PET0 PIOc_freedecomp Exit - MemInfo: [malloc] Total space held (mmap + non-mmap):         91598848 Byte
20220312 013723.298 INFO             PET0 PIOc_freedecomp Exit - MemInfo: [malloc] Total space used (mmap + non-mmap):         88721440 Byte
20220312 013723.298 INFO             PET0 PIOc_freedecomp Exit - MemInfo: Wall-clock time since execution start:              0.0292617 seconds
20220312 013723.299 INFO             PET0 PIOc_sync Enter - MemInfo: [/proc/meminfo - SSI]	MemTotal:       131394452 kB
20220312 013723.299 INFO             PET0 PIOc_sync Enter - MemInfo: [/proc/meminfo - SSI]	MemFree:        122291292 kB
20220312 013723.299 INFO             PET0 PIOc_sync Enter - MemInfo: [/proc/meminfo - SSI]	MemAvailable:   121947712 kB
20220312 013723.299 INFO             PET0 PIOc_sync Enter - MemInfo: [/proc/meminfo - SSI]	Committed_AS:    4264332 kB
20220312 013723.299 INFO             PET0 PIOc_sync Enter - MemInfo: [/proc/meminfo - SSI]	CommittedPercent: 3.24544 %
20220312 013723.299 INFO             PET0 PIOc_sync Enter - MemInfo: [/proc/self/status]	VmPeak:	 3855912 kB
20220312 013723.299 INFO             PET0 PIOc_sync Enter - MemInfo: [/proc/self/status]	VmSize:	 3854892 kB
20220312 013723.299 INFO             PET0 PIOc_sync Enter - MemInfo: [/proc/self/status]	VmLck:	       0 kB
20220312 013723.299 INFO             PET0 PIOc_sync Enter - MemInfo: [/proc/self/status]	VmPin:	   82140 kB
20220312 013723.299 INFO             PET0 PIOc_sync Enter - MemInfo: [/proc/self/status]	VmHWM:	  170200 kB
20220312 013723.299 INFO             PET0 PIOc_sync Enter - MemInfo: [/proc/self/status]	VmRSS:	  170200 kB
20220312 013723.299 INFO             PET0 PIOc_sync Enter - MemInfo: [/proc/self/status]	VmData:	  271392 kB
20220312 013723.299 INFO             PET0 PIOc_sync Enter - MemInfo: [/proc/self/status]	VmStk:	     512 kB
20220312 013723.299 INFO             PET0 PIOc_sync Enter - MemInfo: [/proc/self/status]	VmExe:	    1944 kB
20220312 013723.299 INFO             PET0 PIOc_sync Enter - MemInfo: [/proc/self/status]	VmLib:	  156408 kB
20220312 013723.299 INFO             PET0 PIOc_sync Enter - MemInfo: [/proc/self/status]	VmPTE:	     824 kB
20220312 013723.299 INFO             PET0 PIOc_sync Enter - MemInfo: [/proc/self/status]	VmPMD:	      32 kB
20220312 013723.299 INFO             PET0 PIOc_sync Enter - MemInfo: [/proc/self/status]	VmSwap:	       0 kB
20220312 013723.300 INFO             PET0 PIOc_sync Enter - MemInfo: [/proc/self/status]	VmRSSPercent: 0.129534 %
20220312 013723.300 INFO             PET0 PIOc_sync Enter - MemInfo: [malloc] Non-mmapped space allocated:                 5599232 Byte
20220312 013723.300 INFO             PET0 PIOc_sync Enter - MemInfo: [malloc] Space allocated in mmapped regions:         85999616 Byte
20220312 013723.300 INFO             PET0 PIOc_sync Enter - MemInfo: [malloc] Maximum total allocated space:                     0 Byte
20220312 013723.300 INFO             PET0 PIOc_sync Enter - MemInfo: [malloc] Space in freed fastbin blocks:                   144 Byte
20220312 013723.300 INFO             PET0 PIOc_sync Enter - MemInfo: [malloc] Total allocated space:                       5352656 Byte
20220312 013723.300 INFO             PET0 PIOc_sync Enter - MemInfo: [malloc] Total free space:                             246576 Byte
20220312 013723.300 INFO             PET0 PIOc_sync Enter - MemInfo: [malloc] Top-most, releasable space:                   113632 Byte
20220312 013723.300 INFO             PET0 PIOc_sync Enter - MemInfo: [malloc] Total space in use, mmap + non-mmap:        91352272 Byte
20220312 013723.300 INFO             PET0 PIOc_sync Enter - MemInfo: [malloc] Total space held (mmap + non-mmap):         91598848 Byte
20220312 013723.300 INFO             PET0 PIOc_sync Enter - MemInfo: [malloc] Total space used (mmap + non-mmap):         91361632 Byte
20220312 013723.300 INFO             PET0 PIOc_sync Enter - MemInfo: Wall-clock time since execution start:              0.0305156 seconds
20220312 013723.300 INFO             PET0 PIOc_sync Exit - MemInfo: [/proc/meminfo - SSI]	MemTotal:       131394452 kB
20220312 013723.300 INFO             PET0 PIOc_sync Exit - MemInfo: [/proc/meminfo - SSI]	MemFree:        122291292 kB
20220312 013723.300 INFO             PET0 PIOc_sync Exit - MemInfo: [/proc/meminfo - SSI]	MemAvailable:   121947712 kB
20220312 013723.300 INFO             PET0 PIOc_sync Exit - MemInfo: [/proc/meminfo - SSI]	Committed_AS:    4264332 kB
20220312 013723.300 INFO             PET0 PIOc_sync Exit - MemInfo: [/proc/meminfo - SSI]	CommittedPercent: 3.24544 %
20220312 013723.300 INFO             PET0 PIOc_sync Exit - MemInfo: [/proc/self/status]	VmPeak:	 3855912 kB
20220312 013723.300 INFO             PET0 PIOc_sync Exit - MemInfo: [/proc/self/status]	VmSize:	 3854892 kB
20220312 013723.300 INFO             PET0 PIOc_sync Exit - MemInfo: [/proc/self/status]	VmLck:	       0 kB
20220312 013723.300 INFO             PET0 PIOc_sync Exit - MemInfo: [/proc/self/status]	VmPin:	   82140 kB
20220312 013723.300 INFO             PET0 PIOc_sync Exit - MemInfo: [/proc/self/status]	VmHWM:	  170232 kB
20220312 013723.300 INFO             PET0 PIOc_sync Exit - MemInfo: [/proc/self/status]	VmRSS:	  170232 kB
20220312 013723.300 INFO             PET0 PIOc_sync Exit - MemInfo: [/proc/self/status]	VmData:	  271392 kB
20220312 013723.300 INFO             PET0 PIOc_sync Exit - MemInfo: [/proc/self/status]	VmStk:	     512 kB
20220312 013723.300 INFO             PET0 PIOc_sync Exit - MemInfo: [/proc/self/status]	VmExe:	    1944 kB
20220312 013723.300 INFO             PET0 PIOc_sync Exit - MemInfo: [/proc/self/status]	VmLib:	  156408 kB
20220312 013723.300 INFO             PET0 PIOc_sync Exit - MemInfo: [/proc/self/status]	VmPTE:	     824 kB
20220312 013723.300 INFO             PET0 PIOc_sync Exit - MemInfo: [/proc/self/status]	VmPMD:	      32 kB
20220312 013723.300 INFO             PET0 PIOc_sync Exit - MemInfo: [/proc/self/status]	VmSwap:	       0 kB
20220312 013723.300 INFO             PET0 PIOc_sync Exit - MemInfo: [/proc/self/status]	VmRSSPercent: 0.129558 %
20220312 013723.300 INFO             PET0 PIOc_sync Exit - MemInfo: [malloc] Non-mmapped space allocated:                 5599232 Byte
20220312 013723.300 INFO             PET0 PIOc_sync Exit - MemInfo: [malloc] Space allocated in mmapped regions:         85999616 Byte
20220312 013723.300 INFO             PET0 PIOc_sync Exit - MemInfo: [malloc] Maximum total allocated space:                     0 Byte
20220312 013723.300 INFO             PET0 PIOc_sync Exit - MemInfo: [malloc] Space in freed fastbin blocks:                   144 Byte
20220312 013723.300 INFO             PET0 PIOc_sync Exit - MemInfo: [malloc] Total allocated space:                       5351536 Byte
20220312 013723.300 INFO             PET0 PIOc_sync Exit - MemInfo: [malloc] Total free space:                             247696 Byte
20220312 013723.300 INFO             PET0 PIOc_sync Exit - MemInfo: [malloc] Top-most, releasable space:                   114576 Byte
20220312 013723.300 INFO             PET0 PIOc_sync Exit - MemInfo: [malloc] Total space in use, mmap + non-mmap:        91351152 Byte
20220312 013723.300 INFO             PET0 PIOc_sync Exit - MemInfo: [malloc] Total space held (mmap + non-mmap):         91598848 Byte
20220312 013723.300 INFO             PET0 PIOc_sync Exit - MemInfo: [malloc] Total space used (mmap + non-mmap):         91360512 Byte
20220312 013723.300 INFO             PET0 PIOc_sync Exit - MemInfo: Wall-clock time since execution start:              0.0311444 seconds
20220312 013723.300 INFO             PET0 PIOc_freedecomp Enter - MemInfo: [/proc/meminfo - SSI]	MemTotal:       131394452 kB
20220312 013723.300 INFO             PET0 PIOc_freedecomp Enter - MemInfo: [/proc/meminfo - SSI]	MemFree:        122291292 kB
20220312 013723.300 INFO             PET0 PIOc_freedecomp Enter - MemInfo: [/proc/meminfo - SSI]	MemAvailable:   121947712 kB
20220312 013723.300 INFO             PET0 PIOc_freedecomp Enter - MemInfo: [/proc/meminfo - SSI]	Committed_AS:    4264332 kB
20220312 013723.300 INFO             PET0 PIOc_freedecomp Enter - MemInfo: [/proc/meminfo - SSI]	CommittedPercent: 3.24544 %
20220312 013723.300 INFO             PET0 PIOc_freedecomp Enter - MemInfo: [/proc/self/status]	VmPeak:	 3855912 kB
20220312 013723.300 INFO             PET0 PIOc_freedecomp Enter - MemInfo: [/proc/self/status]	VmSize:	 3854892 kB
20220312 013723.301 INFO             PET0 PIOc_freedecomp Enter - MemInfo: [/proc/self/status]	VmLck:	       0 kB
20220312 013723.301 INFO             PET0 PIOc_freedecomp Enter - MemInfo: [/proc/self/status]	VmPin:	   82140 kB
20220312 013723.301 INFO             PET0 PIOc_freedecomp Enter - MemInfo: [/proc/self/status]	VmHWM:	  170232 kB
20220312 013723.301 INFO             PET0 PIOc_freedecomp Enter - MemInfo: [/proc/self/status]	VmRSS:	  170232 kB
20220312 013723.301 INFO             PET0 PIOc_freedecomp Enter - MemInfo: [/proc/self/status]	VmData:	  271392 kB
20220312 013723.301 INFO             PET0 PIOc_freedecomp Enter - MemInfo: [/proc/self/status]	VmStk:	     512 kB
20220312 013723.301 INFO             PET0 PIOc_freedecomp Enter - MemInfo: [/proc/self/status]	VmExe:	    1944 kB
20220312 013723.301 INFO             PET0 PIOc_freedecomp Enter - MemInfo: [/proc/self/status]	VmLib:	  156408 kB
20220312 013723.301 INFO             PET0 PIOc_freedecomp Enter - MemInfo: [/proc/self/status]	VmPTE:	     824 kB
20220312 013723.301 INFO             PET0 PIOc_freedecomp Enter - MemInfo: [/proc/self/status]	VmPMD:	      32 kB
20220312 013723.301 INFO             PET0 PIOc_freedecomp Enter - MemInfo: [/proc/self/status]	VmSwap:	       0 kB
20220312 013723.301 INFO             PET0 PIOc_freedecomp Enter - MemInfo: [/proc/self/status]	VmRSSPercent: 0.129558 %
20220312 013723.301 INFO             PET0 PIOc_freedecomp Enter - MemInfo: [malloc] Non-mmapped space allocated:                 5599232 Byte
20220312 013723.301 INFO             PET0 PIOc_freedecomp Enter - MemInfo: [malloc] Space allocated in mmapped regions:         85999616 Byte
20220312 013723.301 INFO             PET0 PIOc_freedecomp Enter - MemInfo: [malloc] Maximum total allocated space:                     0 Byte
20220312 013723.301 INFO             PET0 PIOc_freedecomp Enter - MemInfo: [malloc] Space in freed fastbin blocks:                   656 Byte
20220312 013723.301 INFO             PET0 PIOc_freedecomp Enter - MemInfo: [malloc] Total allocated space:                       2716128 Byte
20220312 013723.301 INFO             PET0 PIOc_freedecomp Enter - MemInfo: [malloc] Total free space:                            2883104 Byte
20220312 013723.301 INFO             PET0 PIOc_freedecomp Enter - MemInfo: [malloc] Top-most, releasable space:                   114576 Byte
20220312 013723.301 INFO             PET0 PIOc_freedecomp Enter - MemInfo: [malloc] Total space in use, mmap + non-mmap:        88715744 Byte
20220312 013723.301 INFO             PET0 PIOc_freedecomp Enter - MemInfo: [malloc] Total space held (mmap + non-mmap):         91598848 Byte
20220312 013723.301 INFO             PET0 PIOc_freedecomp Enter - MemInfo: [malloc] Total space used (mmap + non-mmap):         88725104 Byte
20220312 013723.301 INFO             PET0 PIOc_freedecomp Enter - MemInfo: Wall-clock time since execution start:              0.0316468 seconds
20220312 013723.301 INFO             PET0 PIOc_freedecomp Exit - MemInfo: [/proc/meminfo - SSI]	MemTotal:       131394452 kB
20220312 013723.301 INFO             PET0 PIOc_freedecomp Exit - MemInfo: [/proc/meminfo - SSI]	MemFree:        122291292 kB
20220312 013723.301 INFO             PET0 PIOc_freedecomp Exit - MemInfo: [/proc/meminfo - SSI]	MemAvailable:   121947712 kB
20220312 013723.301 INFO             PET0 PIOc_freedecomp Exit - MemInfo: [/proc/meminfo - SSI]	Committed_AS:    4264332 kB
20220312 013723.301 INFO             PET0 PIOc_freedecomp Exit - MemInfo: [/proc/meminfo - SSI]	CommittedPercent: 3.24544 %
20220312 013723.301 INFO             PET0 PIOc_freedecomp Exit - MemInfo: [/proc/self/status]	VmPeak:	 3855912 kB
20220312 013723.301 INFO             PET0 PIOc_freedecomp Exit - MemInfo: [/proc/self/status]	VmSize:	 3854892 kB
20220312 013723.301 INFO             PET0 PIOc_freedecomp Exit - MemInfo: [/proc/self/status]	VmLck:	       0 kB
20220312 013723.301 INFO             PET0 PIOc_freedecomp Exit - MemInfo: [/proc/self/status]	VmPin:	   82140 kB
20220312 013723.301 INFO             PET0 PIOc_freedecomp Exit - MemInfo: [/proc/self/status]	VmHWM:	  170232 kB
20220312 013723.301 INFO             PET0 PIOc_freedecomp Exit - MemInfo: [/proc/self/status]	VmRSS:	  170232 kB
20220312 013723.301 INFO             PET0 PIOc_freedecomp Exit - MemInfo: [/proc/self/status]	VmData:	  271392 kB
20220312 013723.301 INFO             PET0 PIOc_freedecomp Exit - MemInfo: [/proc/self/status]	VmStk:	     512 kB
20220312 013723.301 INFO             PET0 PIOc_freedecomp Exit - MemInfo: [/proc/self/status]	VmExe:	    1944 kB
20220312 013723.301 INFO             PET0 PIOc_freedecomp Exit - MemInfo: [/proc/self/status]	VmLib:	  156408 kB
20220312 013723.301 INFO             PET0 PIOc_freedecomp Exit - MemInfo: [/proc/self/status]	VmPTE:	     824 kB
20220312 013723.301 INFO             PET0 PIOc_freedecomp Exit - MemInfo: [/proc/self/status]	VmPMD:	      32 kB
20220312 013723.301 INFO             PET0 PIOc_freedecomp Exit - MemInfo: [/proc/self/status]	VmSwap:	       0 kB
20220312 013723.301 INFO             PET0 PIOc_freedecomp Exit - MemInfo: [/proc/self/status]	VmRSSPercent: 0.129558 %
20220312 013723.301 INFO             PET0 PIOc_freedecomp Exit - MemInfo: [malloc] Non-mmapped space allocated:                 5599232 Byte
20220312 013723.301 INFO             PET0 PIOc_freedecomp Exit - MemInfo: [malloc] Space allocated in mmapped regions:         85999616 Byte
20220312 013723.301 INFO             PET0 PIOc_freedecomp Exit - MemInfo: [malloc] Maximum total allocated space:                     0 Byte
20220312 013723.301 INFO             PET0 PIOc_freedecomp Exit - MemInfo: [malloc] Space in freed fastbin blocks:                   272 Byte
20220312 013723.301 INFO             PET0 PIOc_freedecomp Exit - MemInfo: [malloc] Total allocated space:                       2712464 Byte
20220312 013723.301 INFO             PET0 PIOc_freedecomp Exit - MemInfo: [malloc] Total free space:                            2886768 Byte
20220312 013723.301 INFO             PET0 PIOc_freedecomp Exit - MemInfo: [malloc] Top-most, releasable space:                   120544 Byte
20220312 013723.301 INFO             PET0 PIOc_freedecomp Exit - MemInfo: [malloc] Total space in use, mmap + non-mmap:        88712080 Byte
20220312 013723.301 INFO             PET0 PIOc_freedecomp Exit - MemInfo: [malloc] Total space held (mmap + non-mmap):         91598848 Byte
20220312 013723.301 INFO             PET0 PIOc_freedecomp Exit - MemInfo: [malloc] Total space used (mmap + non-mmap):         88721440 Byte
20220312 013723.301 INFO             PET0 PIOc_freedecomp Exit - MemInfo: Wall-clock time since execution start:              0.0321208 seconds
20220312 013723.301 INFO             PET0  PASS  Write multiple Fields with same dimensions to a file, ESMF_FieldIOUTest.F90, line 292
20220312 013723.302 INFO             PET0  PASS  Create grid for field metadata test, ESMF_FieldIOUTest.F90, line 309
20220312 013723.302 INFO             PET0  PASS  Create field with global indices, ESMF_FieldIOUTest.F90, line 316
20220312 013723.303 INFO             PET0  PASS  Get Farray_md from field, ESMF_FieldIOUTest.F90, line 324
20220312 013723.305 INFO             PET0 PIOc_sync Enter - MemInfo: [/proc/meminfo - SSI]	MemTotal:       131394452 kB
20220312 013723.305 INFO             PET0 PIOc_sync Enter - MemInfo: [/proc/meminfo - SSI]	MemFree:        122289216 kB
20220312 013723.305 INFO             PET0 PIOc_sync Enter - MemInfo: [/proc/meminfo - SSI]	MemAvailable:   121945636 kB
20220312 013723.305 INFO             PET0 PIOc_sync Enter - MemInfo: [/proc/meminfo - SSI]	Committed_AS:    4264332 kB
20220312 013723.305 INFO             PET0 PIOc_sync Enter - MemInfo: [/proc/meminfo - SSI]	CommittedPercent: 3.24544 %
20220312 013723.305 INFO             PET0 PIOc_sync Enter - MemInfo: [/proc/self/status]	VmPeak:	 3856952 kB
20220312 013723.305 INFO             PET0 PIOc_sync Enter - MemInfo: [/proc/self/status]	VmSize:	 3856952 kB
20220312 013723.305 INFO             PET0 PIOc_sync Enter - MemInfo: [/proc/self/status]	VmLck:	       0 kB
20220312 013723.305 INFO             PET0 PIOc_sync Enter - MemInfo: [/proc/self/status]	VmPin:	   82140 kB
20220312 013723.305 INFO             PET0 PIOc_sync Enter - MemInfo: [/proc/self/status]	VmHWM:	  172320 kB
20220312 013723.305 INFO             PET0 PIOc_sync Enter - MemInfo: [/proc/self/status]	VmRSS:	  172320 kB
20220312 013723.305 INFO             PET0 PIOc_sync Enter - MemInfo: [/proc/self/status]	VmData:	  273452 kB
20220312 013723.305 INFO             PET0 PIOc_sync Enter - MemInfo: [/proc/self/status]	VmStk:	     512 kB
20220312 013723.305 INFO             PET0 PIOc_sync Enter - MemInfo: [/proc/self/status]	VmExe:	    1944 kB
20220312 013723.305 INFO             PET0 PIOc_sync Enter - MemInfo: [/proc/self/status]	VmLib:	  156408 kB
20220312 013723.305 INFO             PET0 PIOc_sync Enter - MemInfo: [/proc/self/status]	VmPTE:	     828 kB
20220312 013723.305 INFO             PET0 PIOc_sync Enter - MemInfo: [/proc/self/status]	VmPMD:	      32 kB
20220312 013723.305 INFO             PET0 PIOc_sync Enter - MemInfo: [/proc/self/status]	VmSwap:	       0 kB
20220312 013723.305 INFO             PET0 PIOc_sync Enter - MemInfo: [/proc/self/status]	VmRSSPercent: 0.131147 %
20220312 013723.305 INFO             PET0 PIOc_sync Enter - MemInfo: [malloc] Non-mmapped space allocated:                 7708672 Byte
20220312 013723.305 INFO             PET0 PIOc_sync Enter - MemInfo: [malloc] Space allocated in mmapped regions:         85999616 Byte
20220312 013723.305 INFO             PET0 PIOc_sync Enter - MemInfo: [malloc] Maximum total allocated space:                     0 Byte
20220312 013723.305 INFO             PET0 PIOc_sync Enter - MemInfo: [malloc] Space in freed fastbin blocks:                   448 Byte
20220312 013723.305 INFO             PET0 PIOc_sync Enter - MemInfo: [malloc] Total allocated space:                       5370800 Byte
20220312 013723.305 INFO             PET0 PIOc_sync Enter - MemInfo: [malloc] Total free space:                            2337872 Byte
20220312 013723.305 INFO             PET0 PIOc_sync Enter - MemInfo: [malloc] Top-most, releasable space:                   132816 Byte
20220312 013723.305 INFO             PET0 PIOc_sync Enter - MemInfo: [malloc] Total space in use, mmap + non-mmap:        91370416 Byte
20220312 013723.305 INFO             PET0 PIOc_sync Enter - MemInfo: [malloc] Total space held (mmap + non-mmap):         93708288 Byte
20220312 013723.305 INFO             PET0 PIOc_sync Enter - MemInfo: [malloc] Total space used (mmap + non-mmap):         91379776 Byte
20220312 013723.305 INFO             PET0 PIOc_sync Enter - MemInfo: Wall-clock time since execution start:              0.0360352 seconds
20220312 013723.306 INFO             PET0 PIOc_sync Exit - MemInfo: [/proc/meminfo - SSI]	MemTotal:       131394452 kB
20220312 013723.306 INFO             PET0 PIOc_sync Exit - MemInfo: [/proc/meminfo - SSI]	MemFree:        122288720 kB
20220312 013723.306 INFO             PET0 PIOc_sync Exit - MemInfo: [/proc/meminfo - SSI]	MemAvailable:   121945140 kB
20220312 013723.306 INFO             PET0 PIOc_sync Exit - MemInfo: [/proc/meminfo - SSI]	Committed_AS:    4264332 kB
20220312 013723.306 INFO             PET0 PIOc_sync Exit - MemInfo: [/proc/meminfo - SSI]	CommittedPercent: 3.24544 %
20220312 013723.306 INFO             PET0 PIOc_sync Exit - MemInfo: [/proc/self/status]	VmPeak:	 3856952 kB
20220312 013723.306 INFO             PET0 PIOc_sync Exit - MemInfo: [/proc/self/status]	VmSize:	 3856952 kB
20220312 013723.306 INFO             PET0 PIOc_sync Exit - MemInfo: [/proc/self/status]	VmLck:	       0 kB
20220312 013723.306 INFO             PET0 PIOc_sync Exit - MemInfo: [/proc/self/status]	VmPin:	   82140 kB
20220312 013723.306 INFO             PET0 PIOc_sync Exit - MemInfo: [/proc/self/status]	VmHWM:	  172352 kB
20220312 013723.306 INFO             PET0 PIOc_sync Exit - MemInfo: [/proc/self/status]	VmRSS:	  172352 kB
20220312 013723.306 INFO             PET0 PIOc_sync Exit - MemInfo: [/proc/self/status]	VmData:	  273452 kB
20220312 013723.306 INFO             PET0 PIOc_sync Exit - MemInfo: [/proc/self/status]	VmStk:	     512 kB
20220312 013723.306 INFO             PET0 PIOc_sync Exit - MemInfo: [/proc/self/status]	VmExe:	    1944 kB
20220312 013723.306 INFO             PET0 PIOc_sync Exit - MemInfo: [/proc/self/status]	VmLib:	  156408 kB
20220312 013723.306 INFO             PET0 PIOc_sync Exit - MemInfo: [/proc/self/status]	VmPTE:	     828 kB
20220312 013723.306 INFO             PET0 PIOc_sync Exit - MemInfo: [/proc/self/status]	VmPMD:	      32 kB
20220312 013723.306 INFO             PET0 PIOc_sync Exit - MemInfo: [/proc/self/status]	VmSwap:	       0 kB
20220312 013723.306 INFO             PET0 PIOc_sync Exit - MemInfo: [/proc/self/status]	VmRSSPercent: 0.131171 %
20220312 013723.306 INFO             PET0 PIOc_sync Exit - MemInfo: [malloc] Non-mmapped space allocated:                 7708672 Byte
20220312 013723.306 INFO             PET0 PIOc_sync Exit - MemInfo: [malloc] Space allocated in mmapped regions:         85999616 Byte
20220312 013723.306 INFO             PET0 PIOc_sync Exit - MemInfo: [malloc] Maximum total allocated space:                     0 Byte
20220312 013723.306 INFO             PET0 PIOc_sync Exit - MemInfo: [malloc] Space in freed fastbin blocks:                   384 Byte
20220312 013723.306 INFO             PET0 PIOc_sync Exit - MemInfo: [malloc] Total allocated space:                       5369168 Byte
20220312 013723.306 INFO             PET0 PIOc_sync Exit - MemInfo: [malloc] Total free space:                            2339504 Byte
20220312 013723.306 INFO             PET0 PIOc_sync Exit - MemInfo: [malloc] Top-most, releasable space:                   132816 Byte
20220312 013723.306 INFO             PET0 PIOc_sync Exit - MemInfo: [malloc] Total space in use, mmap + non-mmap:        91368784 Byte
20220312 013723.306 INFO             PET0 PIOc_sync Exit - MemInfo: [malloc] Total space held (mmap + non-mmap):         93708288 Byte
20220312 013723.306 INFO             PET0 PIOc_sync Exit - MemInfo: [malloc] Total space used (mmap + non-mmap):         91378144 Byte
20220312 013723.306 INFO             PET0 PIOc_sync Exit - MemInfo: Wall-clock time since execution start:              0.0369473 seconds
20220312 013723.306 INFO             PET0 PIOc_freedecomp Enter - MemInfo: [/proc/meminfo - SSI]	MemTotal:       131394452 kB
20220312 013723.306 INFO             PET0 PIOc_freedecomp Enter - MemInfo: [/proc/meminfo - SSI]	MemFree:        122288720 kB
20220312 013723.306 INFO             PET0 PIOc_freedecomp Enter - MemInfo: [/proc/meminfo - SSI]	MemAvailable:   121945140 kB
20220312 013723.306 INFO             PET0 PIOc_freedecomp Enter - MemInfo: [/proc/meminfo - SSI]	Committed_AS:    4264332 kB
20220312 013723.306 INFO             PET0 PIOc_freedecomp Enter - MemInfo: [/proc/meminfo - SSI]	CommittedPercent: 3.24544 %
20220312 013723.306 INFO             PET0 PIOc_freedecomp Enter - MemInfo: [/proc/self/status]	VmPeak:	 3856952 kB
20220312 013723.306 INFO             PET0 PIOc_freedecomp Enter - MemInfo: [/proc/self/status]	VmSize:	 3856952 kB
20220312 013723.306 INFO             PET0 PIOc_freedecomp Enter - MemInfo: [/proc/self/status]	VmLck:	       0 kB
20220312 013723.306 INFO             PET0 PIOc_freedecomp Enter - MemInfo: [/proc/self/status]	VmPin:	   82140 kB
20220312 013723.306 INFO             PET0 PIOc_freedecomp Enter - MemInfo: [/proc/self/status]	VmHWM:	  172352 kB
20220312 013723.306 INFO             PET0 PIOc_freedecomp Enter - MemInfo: [/proc/self/status]	VmRSS:	  172352 kB
20220312 013723.306 INFO             PET0 PIOc_freedecomp Enter - MemInfo: [/proc/self/status]	VmData:	  273452 kB
20220312 013723.306 INFO             PET0 PIOc_freedecomp Enter - MemInfo: [/proc/self/status]	VmStk:	     512 kB
20220312 013723.306 INFO             PET0 PIOc_freedecomp Enter - MemInfo: [/proc/self/status]	VmExe:	    1944 kB
20220312 013723.306 INFO             PET0 PIOc_freedecomp Enter - MemInfo: [/proc/self/status]	VmLib:	  156408 kB
20220312 013723.306 INFO             PET0 PIOc_freedecomp Enter - MemInfo: [/proc/self/status]	VmPTE:	     828 kB
20220312 013723.306 INFO             PET0 PIOc_freedecomp Enter - MemInfo: [/proc/self/status]	VmPMD:	      32 kB
20220312 013723.306 INFO             PET0 PIOc_freedecomp Enter - MemInfo: [/proc/self/status]	VmSwap:	       0 kB
20220312 013723.307 INFO             PET0 PIOc_freedecomp Enter - MemInfo: [/proc/self/status]	VmRSSPercent: 0.131171 %
20220312 013723.307 INFO             PET0 PIOc_freedecomp Enter - MemInfo: [malloc] Non-mmapped space allocated:                 7708672 Byte
20220312 013723.307 INFO             PET0 PIOc_freedecomp Enter - MemInfo: [malloc] Space allocated in mmapped regions:         85999616 Byte
20220312 013723.307 INFO             PET0 PIOc_freedecomp Enter - MemInfo: [malloc] Maximum total allocated space:                     0 Byte
20220312 013723.307 INFO             PET0 PIOc_freedecomp Enter - MemInfo: [malloc] Space in freed fastbin blocks:                   288 Byte
20220312 013723.307 INFO             PET0 PIOc_freedecomp Enter - MemInfo: [malloc] Total allocated space:                       2734368 Byte
20220312 013723.307 INFO             PET0 PIOc_freedecomp Enter - MemInfo: [malloc] Total free space:                            4974304 Byte
20220312 013723.307 INFO             PET0 PIOc_freedecomp Enter - MemInfo: [malloc] Top-most, releasable space:                  2229984 Byte
20220312 013723.307 INFO             PET0 PIOc_freedecomp Enter - MemInfo: [malloc] Total space in use, mmap + non-mmap:        88733984 Byte
20220312 013723.307 INFO             PET0 PIOc_freedecomp Enter - MemInfo: [malloc] Total space held (mmap + non-mmap):         93708288 Byte
20220312 013723.307 INFO             PET0 PIOc_freedecomp Enter - MemInfo: [malloc] Total space used (mmap + non-mmap):         88743344 Byte
20220312 013723.307 INFO             PET0 PIOc_freedecomp Enter - MemInfo: Wall-clock time since execution start:              0.0375235 seconds
20220312 013723.307 INFO             PET0 PIOc_freedecomp Exit - MemInfo: [/proc/meminfo - SSI]	MemTotal:       131394452 kB
20220312 013723.307 INFO             PET0 PIOc_freedecomp Exit - MemInfo: [/proc/meminfo - SSI]	MemFree:        122288720 kB
20220312 013723.307 INFO             PET0 PIOc_freedecomp Exit - MemInfo: [/proc/meminfo - SSI]	MemAvailable:   121945140 kB
20220312 013723.307 INFO             PET0 PIOc_freedecomp Exit - MemInfo: [/proc/meminfo - SSI]	Committed_AS:    4264332 kB
20220312 013723.307 INFO             PET0 PIOc_freedecomp Exit - MemInfo: [/proc/meminfo - SSI]	CommittedPercent: 3.24544 %
20220312 013723.307 INFO             PET0 PIOc_freedecomp Exit - MemInfo: [/proc/self/status]	VmPeak:	 3856952 kB
20220312 013723.307 INFO             PET0 PIOc_freedecomp Exit - MemInfo: [/proc/self/status]	VmSize:	 3856952 kB
20220312 013723.307 INFO             PET0 PIOc_freedecomp Exit - MemInfo: [/proc/self/status]	VmLck:	       0 kB
20220312 013723.307 INFO             PET0 PIOc_freedecomp Exit - MemInfo: [/proc/self/status]	VmPin:	   82140 kB
20220312 013723.307 INFO             PET0 PIOc_freedecomp Exit - MemInfo: [/proc/self/status]	VmHWM:	  172352 kB
20220312 013723.307 INFO             PET0 PIOc_freedecomp Exit - MemInfo: [/proc/self/status]	VmRSS:	  172352 kB
20220312 013723.307 INFO             PET0 PIOc_freedecomp Exit - MemInfo: [/proc/self/status]	VmData:	  273452 kB
20220312 013723.307 INFO             PET0 PIOc_freedecomp Exit - MemInfo: [/proc/self/status]	VmStk:	     512 kB
20220312 013723.307 INFO             PET0 PIOc_freedecomp Exit - MemInfo: [/proc/self/status]	VmExe:	    1944 kB
20220312 013723.307 INFO             PET0 PIOc_freedecomp Exit - MemInfo: [/proc/self/status]	VmLib:	  156408 kB
20220312 013723.307 INFO             PET0 PIOc_freedecomp Exit - MemInfo: [/proc/self/status]	VmPTE:	     828 kB
20220312 013723.307 INFO             PET0 PIOc_freedecomp Exit - MemInfo: [/proc/self/status]	VmPMD:	      32 kB
20220312 013723.307 INFO             PET0 PIOc_freedecomp Exit - MemInfo: [/proc/self/status]	VmSwap:	       0 kB
20220312 013723.307 INFO             PET0 PIOc_freedecomp Exit - MemInfo: [/proc/self/status]	VmRSSPercent: 0.131171 %
20220312 013723.307 INFO             PET0 PIOc_freedecomp Exit - MemInfo: [malloc] Non-mmapped space allocated:                 7708672 Byte
20220312 013723.307 INFO             PET0 PIOc_freedecomp Exit - MemInfo: [malloc] Space allocated in mmapped regions:         85999616 Byte
20220312 013723.307 INFO             PET0 PIOc_freedecomp Exit - MemInfo: [malloc] Maximum total allocated space:                     0 Byte
20220312 013723.307 INFO             PET0 PIOc_freedecomp Exit - MemInfo: [malloc] Space in freed fastbin blocks:                   272 Byte
20220312 013723.307 INFO             PET0 PIOc_freedecomp Exit - MemInfo: [malloc] Total allocated space:                       2727552 Byte
20220312 013723.307 INFO             PET0 PIOc_freedecomp Exit - MemInfo: [malloc] Total free space:                            4981120 Byte
20220312 013723.307 INFO             PET0 PIOc_freedecomp Exit - MemInfo: [malloc] Top-most, releasable space:                  2229984 Byte
20220312 013723.307 INFO             PET0 PIOc_freedecomp Exit - MemInfo: [malloc] Total space in use, mmap + non-mmap:        88727168 Byte
20220312 013723.307 INFO             PET0 PIOc_freedecomp Exit - MemInfo: [malloc] Total space held (mmap + non-mmap):         93708288 Byte
20220312 013723.307 INFO             PET0 PIOc_freedecomp Exit - MemInfo: [malloc] Total space used (mmap + non-mmap):         88736528 Byte
20220312 013723.307 INFO             PET0 PIOc_freedecomp Exit - MemInfo: Wall-clock time since execution start:              0.0380144 seconds
20220312 013723.307 INFO             PET0  PASS  Write Field to NetCDF file, ESMF_FieldIOUTest.F90, line 348
20220312 013723.307 INFO             PET0  PASS  Confirm NetCDF metadata - open file, ESMF_FieldIOUTest.F90, line 359
20220312 013723.308 INFO             PET0  PASS  Confirm NetCDF metadata - check dim 1, ESMF_FieldIOUTest.F90, line 369
20220312 013723.308 INFO             PET0  PASS  Confirm NetCDF metadata - check dim 1 len, ESMF_FieldIOUTest.F90, line 379
20220312 013723.308 INFO             PET0  PASS  Confirm NetCDF metadata - check dim 2, ESMF_FieldIOUTest.F90, line 389
20220312 013723.308 INFO             PET0  PASS  Confirm NetCDF metadata - check dim 2 len, ESMF_FieldIOUTest.F90, line 399
20220312 013723.308 INFO             PET0  PASS  Confirm NetCDF metadata - variable exists, ESMF_FieldIOUTest.F90, line 409
20220312 013723.308 INFO             PET0  PASS  Confirm NetCDF metadata - variable has expected dims, ESMF_FieldIOUTest.F90, line 420
20220312 013723.308 INFO             PET0  PASS  Confirm NetCDF data - check data for field, ESMF_FieldIOUTest.F90, line 445
20220312 013723.308 INFO             PET0  PASS  Confirm NetCDF data - close file, ESMF_FieldIOUTest.F90, line 456
20220312 013723.312 INFO             PET0 PIOc_sync Enter - MemInfo: [/proc/meminfo - SSI]	MemTotal:       131394452 kB
20220312 013723.312 INFO             PET0 PIOc_sync Enter - MemInfo: [/proc/meminfo - SSI]	MemFree:        122284164 kB
20220312 013723.312 INFO             PET0 PIOc_sync Enter - MemInfo: [/proc/meminfo - SSI]	MemAvailable:   121940584 kB
20220312 013723.312 INFO             PET0 PIOc_sync Enter - MemInfo: [/proc/meminfo - SSI]	Committed_AS:    4264332 kB
20220312 013723.312 INFO             PET0 PIOc_sync Enter - MemInfo: [/proc/meminfo - SSI]	CommittedPercent: 3.24544 %
20220312 013723.312 INFO             PET0 PIOc_sync Enter - MemInfo: [/proc/self/status]	VmPeak:	 3857972 kB
20220312 013723.312 INFO             PET0 PIOc_sync Enter - MemInfo: [/proc/self/status]	VmSize:	 3856952 kB
20220312 013723.312 INFO             PET0 PIOc_sync Enter - MemInfo: [/proc/self/status]	VmLck:	       0 kB
20220312 013723.312 INFO             PET0 PIOc_sync Enter - MemInfo: [/proc/self/status]	VmPin:	   82140 kB
20220312 013723.312 INFO             PET0 PIOc_sync Enter - MemInfo: [/proc/self/status]	VmHWM:	  172544 kB
20220312 013723.312 INFO             PET0 PIOc_sync Enter - MemInfo: [/proc/self/status]	VmRSS:	  172544 kB
20220312 013723.312 INFO             PET0 PIOc_sync Enter - MemInfo: [/proc/self/status]	VmData:	  273452 kB
20220312 013723.312 INFO             PET0 PIOc_sync Enter - MemInfo: [/proc/self/status]	VmStk:	     512 kB
20220312 013723.312 INFO             PET0 PIOc_sync Enter - MemInfo: [/proc/self/status]	VmExe:	    1944 kB
20220312 013723.312 INFO             PET0 PIOc_sync Enter - MemInfo: [/proc/self/status]	VmLib:	  156408 kB
20220312 013723.312 INFO             PET0 PIOc_sync Enter - MemInfo: [/proc/self/status]	VmPTE:	     828 kB
20220312 013723.312 INFO             PET0 PIOc_sync Enter - MemInfo: [/proc/self/status]	VmPMD:	      32 kB
20220312 013723.312 INFO             PET0 PIOc_sync Enter - MemInfo: [/proc/self/status]	VmSwap:	       0 kB
20220312 013723.312 INFO             PET0 PIOc_sync Enter - MemInfo: [/proc/self/status]	VmRSSPercent: 0.131318 %
20220312 013723.312 INFO             PET0 PIOc_sync Enter - MemInfo: [malloc] Non-mmapped space allocated:                 7708672 Byte
20220312 013723.312 INFO             PET0 PIOc_sync Enter - MemInfo: [malloc] Space allocated in mmapped regions:         85999616 Byte
20220312 013723.312 INFO             PET0 PIOc_sync Enter - MemInfo: [malloc] Maximum total allocated space:                     0 Byte
20220312 013723.312 INFO             PET0 PIOc_sync Enter - MemInfo: [malloc] Space in freed fastbin blocks:                   448 Byte
20220312 013723.312 INFO             PET0 PIOc_sync Enter - MemInfo: [malloc] Total allocated space:                       5372976 Byte
20220312 013723.312 INFO             PET0 PIOc_sync Enter - MemInfo: [malloc] Total free space:                            2335696 Byte
20220312 013723.312 INFO             PET0 PIOc_sync Enter - MemInfo: [malloc] Top-most, releasable space:                   132816 Byte
20220312 013723.312 INFO             PET0 PIOc_sync Enter - MemInfo: [malloc] Total space in use, mmap + non-mmap:        91372592 Byte
20220312 013723.312 INFO             PET0 PIOc_sync Enter - MemInfo: [malloc] Total space held (mmap + non-mmap):         93708288 Byte
20220312 013723.312 INFO             PET0 PIOc_sync Enter - MemInfo: [malloc] Total space used (mmap + non-mmap):         91381952 Byte
20220312 013723.312 INFO             PET0 PIOc_sync Enter - MemInfo: Wall-clock time since execution start:              0.0428435 seconds
20220312 013723.312 INFO             PET0 PIOc_sync Exit - MemInfo: [/proc/meminfo - SSI]	MemTotal:       131394452 kB
20220312 013723.312 INFO             PET0 PIOc_sync Exit - MemInfo: [/proc/meminfo - SSI]	MemFree:        122284164 kB
20220312 013723.312 INFO             PET0 PIOc_sync Exit - MemInfo: [/proc/meminfo - SSI]	MemAvailable:   121940584 kB
20220312 013723.312 INFO             PET0 PIOc_sync Exit - MemInfo: [/proc/meminfo - SSI]	Committed_AS:    4264332 kB
20220312 013723.313 INFO             PET0 PIOc_sync Exit - MemInfo: [/proc/meminfo - SSI]	CommittedPercent: 3.24544 %
20220312 013723.313 INFO             PET0 PIOc_sync Exit - MemInfo: [/proc/self/status]	VmPeak:	 3857972 kB
20220312 013723.313 INFO             PET0 PIOc_sync Exit - MemInfo: [/proc/self/status]	VmSize:	 3856952 kB
20220312 013723.313 INFO             PET0 PIOc_sync Exit - MemInfo: [/proc/self/status]	VmLck:	       0 kB
20220312 013723.313 INFO             PET0 PIOc_sync Exit - MemInfo: [/proc/self/status]	VmPin:	   82140 kB
20220312 013723.313 INFO             PET0 PIOc_sync Exit - MemInfo: [/proc/self/status]	VmHWM:	  172576 kB
20220312 013723.313 INFO             PET0 PIOc_sync Exit - MemInfo: [/proc/self/status]	VmRSS:	  172576 kB
20220312 013723.313 INFO             PET0 PIOc_sync Exit - MemInfo: [/proc/self/status]	VmData:	  273452 kB
20220312 013723.313 INFO             PET0 PIOc_sync Exit - MemInfo: [/proc/self/status]	VmStk:	     512 kB
20220312 013723.313 INFO             PET0 PIOc_sync Exit - MemInfo: [/proc/self/status]	VmExe:	    1944 kB
20220312 013723.313 INFO             PET0 PIOc_sync Exit - MemInfo: [/proc/self/status]	VmLib:	  156408 kB
20220312 013723.313 INFO             PET0 PIOc_sync Exit - MemInfo: [/proc/self/status]	VmPTE:	     828 kB
20220312 013723.313 INFO             PET0 PIOc_sync Exit - MemInfo: [/proc/self/status]	VmPMD:	      32 kB
20220312 013723.313 INFO             PET0 PIOc_sync Exit - MemInfo: [/proc/self/status]	VmSwap:	       0 kB
20220312 013723.313 INFO             PET0 PIOc_sync Exit - MemInfo: [/proc/self/status]	VmRSSPercent: 0.131342 %
20220312 013723.313 INFO             PET0 PIOc_sync Exit - MemInfo: [malloc] Non-mmapped space allocated:                 7708672 Byte
20220312 013723.313 INFO             PET0 PIOc_sync Exit - MemInfo: [malloc] Space allocated in mmapped regions:         85999616 Byte
20220312 013723.313 INFO             PET0 PIOc_sync Exit - MemInfo: [malloc] Maximum total allocated space:                     0 Byte
20220312 013723.313 INFO             PET0 PIOc_sync Exit - MemInfo: [malloc] Space in freed fastbin blocks:                   384 Byte
20220312 013723.313 INFO             PET0 PIOc_sync Exit - MemInfo: [malloc] Total allocated space:                       5371536 Byte
20220312 013723.313 INFO             PET0 PIOc_sync Exit - MemInfo: [malloc] Total free space:                            2337136 Byte
20220312 013723.313 INFO             PET0 PIOc_sync Exit - MemInfo: [malloc] Top-most, releasable space:                   132816 Byte
20220312 013723.313 INFO             PET0 PIOc_sync Exit - MemInfo: [malloc] Total space in use, mmap + non-mmap:        91371152 Byte
20220312 013723.313 INFO             PET0 PIOc_sync Exit - MemInfo: [malloc] Total space held (mmap + non-mmap):         93708288 Byte
20220312 013723.313 INFO             PET0 PIOc_sync Exit - MemInfo: [malloc] Total space used (mmap + non-mmap):         91380512 Byte
20220312 013723.313 INFO             PET0 PIOc_sync Exit - MemInfo: Wall-clock time since execution start:               0.043714 seconds
20220312 013723.313 INFO             PET0 PIOc_freedecomp Enter - MemInfo: [/proc/meminfo - SSI]	MemTotal:       131394452 kB
20220312 013723.313 INFO             PET0 PIOc_freedecomp Enter - MemInfo: [/proc/meminfo - SSI]	MemFree:        122284164 kB
20220312 013723.313 INFO             PET0 PIOc_freedecomp Enter - MemInfo: [/proc/meminfo - SSI]	MemAvailable:   121940584 kB
20220312 013723.313 INFO             PET0 PIOc_freedecomp Enter - MemInfo: [/proc/meminfo - SSI]	Committed_AS:    4264332 kB
20220312 013723.313 INFO             PET0 PIOc_freedecomp Enter - MemInfo: [/proc/meminfo - SSI]	CommittedPercent: 3.24544 %
20220312 013723.313 INFO             PET0 PIOc_freedecomp Enter - MemInfo: [/proc/self/status]	VmPeak:	 3857972 kB
20220312 013723.313 INFO             PET0 PIOc_freedecomp Enter - MemInfo: [/proc/self/status]	VmSize:	 3856952 kB
20220312 013723.313 INFO             PET0 PIOc_freedecomp Enter - MemInfo: [/proc/self/status]	VmLck:	       0 kB
20220312 013723.313 INFO             PET0 PIOc_freedecomp Enter - MemInfo: [/proc/self/status]	VmPin:	   82140 kB
20220312 013723.313 INFO             PET0 PIOc_freedecomp Enter - MemInfo: [/proc/self/status]	VmHWM:	  172576 kB
20220312 013723.313 INFO             PET0 PIOc_freedecomp Enter - MemInfo: [/proc/self/status]	VmRSS:	  172576 kB
20220312 013723.313 INFO             PET0 PIOc_freedecomp Enter - MemInfo: [/proc/self/status]	VmData:	  273452 kB
20220312 013723.313 INFO             PET0 PIOc_freedecomp Enter - MemInfo: [/proc/self/status]	VmStk:	     512 kB
20220312 013723.313 INFO             PET0 PIOc_freedecomp Enter - MemInfo: [/proc/self/status]	VmExe:	    1944 kB
20220312 013723.313 INFO             PET0 PIOc_freedecomp Enter - MemInfo: [/proc/self/status]	VmLib:	  156408 kB
20220312 013723.313 INFO             PET0 PIOc_freedecomp Enter - MemInfo: [/proc/self/status]	VmPTE:	     828 kB
20220312 013723.313 INFO             PET0 PIOc_freedecomp Enter - MemInfo: [/proc/self/status]	VmPMD:	      32 kB
20220312 013723.313 INFO             PET0 PIOc_freedecomp Enter - MemInfo: [/proc/self/status]	VmSwap:	       0 kB
20220312 013723.313 INFO             PET0 PIOc_freedecomp Enter - MemInfo: [/proc/self/status]	VmRSSPercent: 0.131342 %
20220312 013723.313 INFO             PET0 PIOc_freedecomp Enter - MemInfo: [malloc] Non-mmapped space allocated:                 7708672 Byte
20220312 013723.313 INFO             PET0 PIOc_freedecomp Enter - MemInfo: [malloc] Space allocated in mmapped regions:         85999616 Byte
20220312 013723.313 INFO             PET0 PIOc_freedecomp Enter - MemInfo: [malloc] Maximum total allocated space:                     0 Byte
20220312 013723.313 INFO             PET0 PIOc_freedecomp Enter - MemInfo: [malloc] Space in freed fastbin blocks:                   576 Byte
20220312 013723.313 INFO             PET0 PIOc_freedecomp Enter - MemInfo: [malloc] Total allocated space:                       2736688 Byte
20220312 013723.313 INFO             PET0 PIOc_freedecomp Enter - MemInfo: [malloc] Total free space:                            4971984 Byte
20220312 013723.313 INFO             PET0 PIOc_freedecomp Enter - MemInfo: [malloc] Top-most, releasable space:                  2229984 Byte
20220312 013723.313 INFO             PET0 PIOc_freedecomp Enter - MemInfo: [malloc] Total space in use, mmap + non-mmap:        88736304 Byte
20220312 013723.313 INFO             PET0 PIOc_freedecomp Enter - MemInfo: [malloc] Total space held (mmap + non-mmap):         93708288 Byte
20220312 013723.313 INFO             PET0 PIOc_freedecomp Enter - MemInfo: [malloc] Total space used (mmap + non-mmap):         88745664 Byte
20220312 013723.313 INFO             PET0 PIOc_freedecomp Enter - MemInfo: Wall-clock time since execution start:              0.0443345 seconds
20220312 013723.314 INFO             PET0 PIOc_freedecomp Exit - MemInfo: [/proc/meminfo - SSI]	MemTotal:       131394452 kB
20220312 013723.314 INFO             PET0 PIOc_freedecomp Exit - MemInfo: [/proc/meminfo - SSI]	MemFree:        122284164 kB
20220312 013723.314 INFO             PET0 PIOc_freedecomp Exit - MemInfo: [/proc/meminfo - SSI]	MemAvailable:   121940584 kB
20220312 013723.314 INFO             PET0 PIOc_freedecomp Exit - MemInfo: [/proc/meminfo - SSI]	Committed_AS:    4264332 kB
20220312 013723.314 INFO             PET0 PIOc_freedecomp Exit - MemInfo: [/proc/meminfo - SSI]	CommittedPercent: 3.24544 %
20220312 013723.314 INFO             PET0 PIOc_freedecomp Exit - MemInfo: [/proc/self/status]	VmPeak:	 3857972 kB
20220312 013723.314 INFO             PET0 PIOc_freedecomp Exit - MemInfo: [/proc/self/status]	VmSize:	 3856952 kB
20220312 013723.314 INFO             PET0 PIOc_freedecomp Exit - MemInfo: [/proc/self/status]	VmLck:	       0 kB
20220312 013723.314 INFO             PET0 PIOc_freedecomp Exit - MemInfo: [/proc/self/status]	VmPin:	   82140 kB
20220312 013723.314 INFO             PET0 PIOc_freedecomp Exit - MemInfo: [/proc/self/status]	VmHWM:	  172576 kB
20220312 013723.314 INFO             PET0 PIOc_freedecomp Exit - MemInfo: [/proc/self/status]	VmRSS:	  172576 kB
20220312 013723.314 INFO             PET0 PIOc_freedecomp Exit - MemInfo: [/proc/self/status]	VmData:	  273452 kB
20220312 013723.314 INFO             PET0 PIOc_freedecomp Exit - MemInfo: [/proc/self/status]	VmStk:	     512 kB
20220312 013723.314 INFO             PET0 PIOc_freedecomp Exit - MemInfo: [/proc/self/status]	VmExe:	    1944 kB
20220312 013723.314 INFO             PET0 PIOc_freedecomp Exit - MemInfo: [/proc/self/status]	VmLib:	  156408 kB
20220312 013723.314 INFO             PET0 PIOc_freedecomp Exit - MemInfo: [/proc/self/status]	VmPTE:	     828 kB
20220312 013723.314 INFO             PET0 PIOc_freedecomp Exit - MemInfo: [/proc/self/status]	VmPMD:	      32 kB
20220312 013723.314 INFO             PET0 PIOc_freedecomp Exit - MemInfo: [/proc/self/status]	VmSwap:	       0 kB
20220312 013723.314 INFO             PET0 PIOc_freedecomp Exit - MemInfo: [/proc/self/status]	VmRSSPercent: 0.131342 %
20220312 013723.314 INFO             PET0 PIOc_freedecomp Exit - MemInfo: [malloc] Non-mmapped space allocated:                 7708672 Byte
20220312 013723.314 INFO             PET0 PIOc_freedecomp Exit - MemInfo: [malloc] Space allocated in mmapped regions:         85999616 Byte
20220312 013723.314 INFO             PET0 PIOc_freedecomp Exit - MemInfo: [malloc] Maximum total allocated space:                     0 Byte
20220312 013723.314 INFO             PET0 PIOc_freedecomp Exit - MemInfo: [malloc] Space in freed fastbin blocks:                   272 Byte
20220312 013723.314 INFO             PET0 PIOc_freedecomp Exit - MemInfo: [malloc] Total allocated space:                       2732384 Byte
20220312 013723.314 INFO             PET0 PIOc_freedecomp Exit - MemInfo: [malloc] Total free space:                            4976288 Byte
20220312 013723.314 INFO             PET0 PIOc_freedecomp Exit - MemInfo: [malloc] Top-most, releasable space:                  2229984 Byte
20220312 013723.314 INFO             PET0 PIOc_freedecomp Exit - MemInfo: [malloc] Total space in use, mmap + non-mmap:        88732000 Byte
20220312 013723.314 INFO             PET0 PIOc_freedecomp Exit - MemInfo: [malloc] Total space held (mmap + non-mmap):         93708288 Byte
20220312 013723.314 INFO             PET0 PIOc_freedecomp Exit - MemInfo: [malloc] Total space used (mmap + non-mmap):         88741360 Byte
20220312 013723.314 INFO             PET0 PIOc_freedecomp Exit - MemInfo: Wall-clock time since execution start:              0.0448362 seconds
20220312 013723.316 INFO             PET0 PIOc_sync Enter - MemInfo: [/proc/meminfo - SSI]	MemTotal:       131394452 kB
20220312 013723.316 INFO             PET0 PIOc_sync Enter - MemInfo: [/proc/meminfo - SSI]	MemFree:        122284164 kB
20220312 013723.316 INFO             PET0 PIOc_sync Enter - MemInfo: [/proc/meminfo - SSI]	MemAvailable:   121940584 kB
20220312 013723.316 INFO             PET0 PIOc_sync Enter - MemInfo: [/proc/meminfo - SSI]	Committed_AS:    4264332 kB
20220312 013723.316 INFO             PET0 PIOc_sync Enter - MemInfo: [/proc/meminfo - SSI]	CommittedPercent: 3.24544 %
20220312 013723.316 INFO             PET0 PIOc_sync Enter - MemInfo: [/proc/self/status]	VmPeak:	 3857972 kB
20220312 013723.316 INFO             PET0 PIOc_sync Enter - MemInfo: [/proc/self/status]	VmSize:	 3856952 kB
20220312 013723.316 INFO             PET0 PIOc_sync Enter - MemInfo: [/proc/self/status]	VmLck:	       0 kB
20220312 013723.316 INFO             PET0 PIOc_sync Enter - MemInfo: [/proc/self/status]	VmPin:	   82140 kB
20220312 013723.316 INFO             PET0 PIOc_sync Enter - MemInfo: [/proc/self/status]	VmHWM:	  172852 kB
20220312 013723.316 INFO             PET0 PIOc_sync Enter - MemInfo: [/proc/self/status]	VmRSS:	  172852 kB
20220312 013723.316 INFO             PET0 PIOc_sync Enter - MemInfo: [/proc/self/status]	VmData:	  273452 kB
20220312 013723.316 INFO             PET0 PIOc_sync Enter - MemInfo: [/proc/self/status]	VmStk:	     512 kB
20220312 013723.316 INFO             PET0 PIOc_sync Enter - MemInfo: [/proc/self/status]	VmExe:	    1944 kB
20220312 013723.316 INFO             PET0 PIOc_sync Enter - MemInfo: [/proc/self/status]	VmLib:	  156408 kB
20220312 013723.316 INFO             PET0 PIOc_sync Enter - MemInfo: [/proc/self/status]	VmPTE:	     828 kB
20220312 013723.316 INFO             PET0 PIOc_sync Enter - MemInfo: [/proc/self/status]	VmPMD:	      32 kB
20220312 013723.316 INFO             PET0 PIOc_sync Enter - MemInfo: [/proc/self/status]	VmSwap:	       0 kB
20220312 013723.316 INFO             PET0 PIOc_sync Enter - MemInfo: [/proc/self/status]	VmRSSPercent: 0.131552 %
20220312 013723.316 INFO             PET0 PIOc_sync Enter - MemInfo: [malloc] Non-mmapped space allocated:                 7708672 Byte
20220312 013723.316 INFO             PET0 PIOc_sync Enter - MemInfo: [malloc] Space allocated in mmapped regions:         85999616 Byte
20220312 013723.316 INFO             PET0 PIOc_sync Enter - MemInfo: [malloc] Maximum total allocated space:                     0 Byte
20220312 013723.316 INFO             PET0 PIOc_sync Enter - MemInfo: [malloc] Space in freed fastbin blocks:                   448 Byte
20220312 013723.316 INFO             PET0 PIOc_sync Enter - MemInfo: [malloc] Total allocated space:                       5376096 Byte
20220312 013723.316 INFO             PET0 PIOc_sync Enter - MemInfo: [malloc] Total free space:                            2332576 Byte
20220312 013723.316 INFO             PET0 PIOc_sync Enter - MemInfo: [malloc] Top-most, releasable space:                   132816 Byte
20220312 013723.316 INFO             PET0 PIOc_sync Enter - MemInfo: [malloc] Total space in use, mmap + non-mmap:        91375712 Byte
20220312 013723.316 INFO             PET0 PIOc_sync Enter - MemInfo: [malloc] Total space held (mmap + non-mmap):         93708288 Byte
20220312 013723.316 INFO             PET0 PIOc_sync Enter - MemInfo: [malloc] Total space used (mmap + non-mmap):         91385072 Byte
20220312 013723.316 INFO             PET0 PIOc_sync Enter - MemInfo: Wall-clock time since execution start:              0.0469615 seconds
20220312 013723.317 INFO             PET0 PIOc_sync Exit - MemInfo: [/proc/meminfo - SSI]	MemTotal:       131394452 kB
20220312 013723.317 INFO             PET0 PIOc_sync Exit - MemInfo: [/proc/meminfo - SSI]	MemFree:        122284164 kB
20220312 013723.317 INFO             PET0 PIOc_sync Exit - MemInfo: [/proc/meminfo - SSI]	MemAvailable:   121940584 kB
20220312 013723.317 INFO             PET0 PIOc_sync Exit - MemInfo: [/proc/meminfo - SSI]	Committed_AS:    4264332 kB
20220312 013723.317 INFO             PET0 PIOc_sync Exit - MemInfo: [/proc/meminfo - SSI]	CommittedPercent: 3.24544 %
20220312 013723.317 INFO             PET0 PIOc_sync Exit - MemInfo: [/proc/self/status]	VmPeak:	 3857972 kB
20220312 013723.317 INFO             PET0 PIOc_sync Exit - MemInfo: [/proc/self/status]	VmSize:	 3856952 kB
20220312 013723.317 INFO             PET0 PIOc_sync Exit - MemInfo: [/proc/self/status]	VmLck:	       0 kB
20220312 013723.317 INFO             PET0 PIOc_sync Exit - MemInfo: [/proc/self/status]	VmPin:	   82140 kB
20220312 013723.317 INFO             PET0 PIOc_sync Exit - MemInfo: [/proc/self/status]	VmHWM:	  172880 kB
20220312 013723.317 INFO             PET0 PIOc_sync Exit - MemInfo: [/proc/self/status]	VmRSS:	  172880 kB
20220312 013723.317 INFO             PET0 PIOc_sync Exit - MemInfo: [/proc/self/status]	VmData:	  273452 kB
20220312 013723.317 INFO             PET0 PIOc_sync Exit - MemInfo: [/proc/self/status]	VmStk:	     512 kB
20220312 013723.317 INFO             PET0 PIOc_sync Exit - MemInfo: [/proc/self/status]	VmExe:	    1944 kB
20220312 013723.317 INFO             PET0 PIOc_sync Exit - MemInfo: [/proc/self/status]	VmLib:	  156408 kB
20220312 013723.317 INFO             PET0 PIOc_sync Exit - MemInfo: [/proc/self/status]	VmPTE:	     828 kB
20220312 013723.317 INFO             PET0 PIOc_sync Exit - MemInfo: [/proc/self/status]	VmPMD:	      32 kB
20220312 013723.317 INFO             PET0 PIOc_sync Exit - MemInfo: [/proc/self/status]	VmSwap:	       0 kB
20220312 013723.317 INFO             PET0 PIOc_sync Exit - MemInfo: [/proc/self/status]	VmRSSPercent: 0.131573 %
20220312 013723.317 INFO             PET0 PIOc_sync Exit - MemInfo: [malloc] Non-mmapped space allocated:                 7708672 Byte
20220312 013723.317 INFO             PET0 PIOc_sync Exit - MemInfo: [malloc] Space allocated in mmapped regions:         85999616 Byte
20220312 013723.317 INFO             PET0 PIOc_sync Exit - MemInfo: [malloc] Maximum total allocated space:                     0 Byte
20220312 013723.317 INFO             PET0 PIOc_sync Exit - MemInfo: [malloc] Space in freed fastbin blocks:                   384 Byte
20220312 013723.317 INFO             PET0 PIOc_sync Exit - MemInfo: [malloc] Total allocated space:                       5374976 Byte
20220312 013723.317 INFO             PET0 PIOc_sync Exit - MemInfo: [malloc] Total free space:                            2333696 Byte
20220312 013723.317 INFO             PET0 PIOc_sync Exit - MemInfo: [malloc] Top-most, releasable space:                   132816 Byte
20220312 013723.317 INFO             PET0 PIOc_sync Exit - MemInfo: [malloc] Total space in use, mmap + non-mmap:        91374592 Byte
