build time -- 2022-03-14 01:19:40.925249
20220314 013817.507 INFO             PET0 !!!!!!!!!!!!!!!!!!!!!!!!!!!!!!!!!!!!!!!!!!!!!!!!!!!!!!
20220314 013817.507 INFO             PET0 !!! THE ESMF_LOG IS SET TO OUTPUT ALL LOG MESSAGES !!!
20220314 013817.507 INFO             PET0 !!!     THIS MAY CAUSE SLOWDOWN IN PERFORMANCE     !!!
20220314 013817.507 INFO             PET0 !!! FOR PRODUCTION RUNS, USE:                      !!!
20220314 013817.507 INFO             PET0 !!!                   ESMF_LOGKIND_Multi_On_Error  !!!
20220314 013817.507 INFO             PET0 !!!!!!!!!!!!!!!!!!!!!!!!!!!!!!!!!!!!!!!!!!!!!!!!!!!!!!
20220314 013817.507 INFO             PET0 Running with ESMF Version   : v8.3.0b09-96-g559b459836
20220314 013817.507 INFO             PET0 ESMF library build date/time: "Mar 14 2022" "01:16:57"
20220314 013817.507 INFO             PET0 ESMF library build location : /gpfsm/dnb04/projects/p98/mpotts/esmf/intel_2020_intelmpi_g_jedwards_pio_update2
20220314 013817.507 INFO             PET0 ESMF_COMM                   : intelmpi
20220314 013817.508 INFO             PET0 ESMF_MOAB                   : enabled
20220314 013817.508 INFO             PET0 ESMF_LAPACK                 : enabled
20220314 013817.508 INFO             PET0 ESMF_NETCDF                 : enabled
20220314 013817.508 INFO             PET0 ESMF_PNETCDF                : disabled
20220314 013817.508 INFO             PET0 ESMF_PIO                    : enabled
20220314 013817.508 INFO             PET0 ESMF_YAMLCPP                : enabled
20220314 013817.509 INFO             PET0  Beginning Test, file ESMF_FieldIOUTest.F90, line 123
20220314 013817.509 INFO             PET0  NUMBER_OF_PROCESSORS           4
20220314 013817.509 INFO             PET0  PASS  Array Spec Set, ESMF_FieldIOUTest.F90, line 146
20220314 013817.510 INFO             PET0  PASS  Creating a Grid to use in Field Tests, ESMF_FieldIOUTest.F90, line 157
20220314 013817.512 INFO             PET0  PASS  Create a field from grid and fortran dummy array, ESMF_FieldIOUTest.F90, line 179
20220314 013817.512 INFO             PET0  PASS  Get Farray_w from field, ESMF_FieldIOUTest.F90, line 190
20220314 013817.518 INFO             PET0 PIOc_sync Enter - MemInfo: [/proc/meminfo - SSI]	MemTotal:       131394444 kB
20220314 013817.518 INFO             PET0 PIOc_sync Enter - MemInfo: [/proc/meminfo - SSI]	MemFree:        122220912 kB
20220314 013817.518 INFO             PET0 PIOc_sync Enter - MemInfo: [/proc/meminfo - SSI]	MemAvailable:   121891848 kB
20220314 013817.518 INFO             PET0 PIOc_sync Enter - MemInfo: [/proc/meminfo - SSI]	Committed_AS:    4221052 kB
20220314 013817.518 INFO             PET0 PIOc_sync Enter - MemInfo: [/proc/meminfo - SSI]	CommittedPercent: 3.2125 %
20220314 013817.518 INFO             PET0 PIOc_sync Enter - MemInfo: [/proc/self/status]	VmPeak:	 3852780 kB
20220314 013817.518 INFO             PET0 PIOc_sync Enter - MemInfo: [/proc/self/status]	VmSize:	 3852780 kB
20220314 013817.518 INFO             PET0 PIOc_sync Enter - MemInfo: [/proc/self/status]	VmLck:	       0 kB
20220314 013817.518 INFO             PET0 PIOc_sync Enter - MemInfo: [/proc/self/status]	VmPin:	   82140 kB
20220314 013817.518 INFO             PET0 PIOc_sync Enter - MemInfo: [/proc/self/status]	VmHWM:	  169124 kB
20220314 013817.518 INFO             PET0 PIOc_sync Enter - MemInfo: [/proc/self/status]	VmRSS:	  169124 kB
20220314 013817.518 INFO             PET0 PIOc_sync Enter - MemInfo: [/proc/self/status]	VmData:	  269280 kB
20220314 013817.518 INFO             PET0 PIOc_sync Enter - MemInfo: [/proc/self/status]	VmStk:	     512 kB
20220314 013817.518 INFO             PET0 PIOc_sync Enter - MemInfo: [/proc/self/status]	VmExe:	    1944 kB
20220314 013817.518 INFO             PET0 PIOc_sync Enter - MemInfo: [/proc/self/status]	VmLib:	  156408 kB
20220314 013817.518 INFO             PET0 PIOc_sync Enter - MemInfo: [/proc/self/status]	VmPTE:	     824 kB
20220314 013817.518 INFO             PET0 PIOc_sync Enter - MemInfo: [/proc/self/status]	VmPMD:	      32 kB
20220314 013817.518 INFO             PET0 PIOc_sync Enter - MemInfo: [/proc/self/status]	VmSwap:	       0 kB
20220314 013817.518 INFO             PET0 PIOc_sync Enter - MemInfo: [/proc/self/status]	VmRSSPercent: 0.128715 %
20220314 013817.518 INFO             PET0 PIOc_sync Enter - MemInfo: [malloc] Non-mmapped space allocated:                 2904064 Byte
20220314 013817.518 INFO             PET0 PIOc_sync Enter - MemInfo: [malloc] Space allocated in mmapped regions:         88629248 Byte
20220314 013817.518 INFO             PET0 PIOc_sync Enter - MemInfo: [malloc] Maximum total allocated space:                     0 Byte
20220314 013817.518 INFO             PET0 PIOc_sync Enter - MemInfo: [malloc] Space in freed fastbin blocks:                   448 Byte
20220314 013817.518 INFO             PET0 PIOc_sync Enter - MemInfo: [malloc] Total allocated space:                       2723456 Byte
20220314 013817.518 INFO             PET0 PIOc_sync Enter - MemInfo: [malloc] Total free space:                             180608 Byte
20220314 013817.519 INFO             PET0 PIOc_sync Enter - MemInfo: [malloc] Top-most, releasable space:                    48048 Byte
20220314 013817.519 INFO             PET0 PIOc_sync Enter - MemInfo: [malloc] Total space in use, mmap + non-mmap:        91352704 Byte
20220314 013817.519 INFO             PET0 PIOc_sync Enter - MemInfo: [malloc] Total space held (mmap + non-mmap):         91533312 Byte
20220314 013817.519 INFO             PET0 PIOc_sync Enter - MemInfo: [malloc] Total space used (mmap + non-mmap):         91362064 Byte
20220314 013817.519 INFO             PET0 PIOc_sync Enter - MemInfo: Wall-clock time since execution start:               0.020957 seconds
20220314 013817.521 INFO             PET0 PIOc_sync Exit - MemInfo: [/proc/meminfo - SSI]	MemTotal:       131394444 kB
20220314 013817.521 INFO             PET0 PIOc_sync Exit - MemInfo: [/proc/meminfo - SSI]	MemFree:        122220912 kB
20220314 013817.521 INFO             PET0 PIOc_sync Exit - MemInfo: [/proc/meminfo - SSI]	MemAvailable:   121891848 kB
20220314 013817.521 INFO             PET0 PIOc_sync Exit - MemInfo: [/proc/meminfo - SSI]	Committed_AS:    4221052 kB
20220314 013817.521 INFO             PET0 PIOc_sync Exit - MemInfo: [/proc/meminfo - SSI]	CommittedPercent: 3.2125 %
20220314 013817.521 INFO             PET0 PIOc_sync Exit - MemInfo: [/proc/self/status]	VmPeak:	 3852780 kB
20220314 013817.521 INFO             PET0 PIOc_sync Exit - MemInfo: [/proc/self/status]	VmSize:	 3852780 kB
20220314 013817.521 INFO             PET0 PIOc_sync Exit - MemInfo: [/proc/self/status]	VmLck:	       0 kB
20220314 013817.521 INFO             PET0 PIOc_sync Exit - MemInfo: [/proc/self/status]	VmPin:	   82140 kB
20220314 013817.521 INFO             PET0 PIOc_sync Exit - MemInfo: [/proc/self/status]	VmHWM:	  169320 kB
20220314 013817.521 INFO             PET0 PIOc_sync Exit - MemInfo: [/proc/self/status]	VmRSS:	  169320 kB
20220314 013817.521 INFO             PET0 PIOc_sync Exit - MemInfo: [/proc/self/status]	VmData:	  269280 kB
20220314 013817.521 INFO             PET0 PIOc_sync Exit - MemInfo: [/proc/self/status]	VmStk:	     512 kB
20220314 013817.521 INFO             PET0 PIOc_sync Exit - MemInfo: [/proc/self/status]	VmExe:	    1944 kB
20220314 013817.521 INFO             PET0 PIOc_sync Exit - MemInfo: [/proc/self/status]	VmLib:	  156408 kB
20220314 013817.521 INFO             PET0 PIOc_sync Exit - MemInfo: [/proc/self/status]	VmPTE:	     824 kB
20220314 013817.521 INFO             PET0 PIOc_sync Exit - MemInfo: [/proc/self/status]	VmPMD:	      32 kB
20220314 013817.521 INFO             PET0 PIOc_sync Exit - MemInfo: [/proc/self/status]	VmSwap:	       0 kB
20220314 013817.521 INFO             PET0 PIOc_sync Exit - MemInfo: [/proc/self/status]	VmRSSPercent: 0.128864 %
20220314 013817.521 INFO             PET0 PIOc_sync Exit - MemInfo: [malloc] Non-mmapped space allocated:                 2904064 Byte
20220314 013817.521 INFO             PET0 PIOc_sync Exit - MemInfo: [malloc] Space allocated in mmapped regions:         88629248 Byte
20220314 013817.521 INFO             PET0 PIOc_sync Exit - MemInfo: [malloc] Maximum total allocated space:                     0 Byte
20220314 013817.521 INFO             PET0 PIOc_sync Exit - MemInfo: [malloc] Space in freed fastbin blocks:                   544 Byte
20220314 013817.521 INFO             PET0 PIOc_sync Exit - MemInfo: [malloc] Total allocated space:                       2722048 Byte
20220314 013817.521 INFO             PET0 PIOc_sync Exit - MemInfo: [malloc] Total free space:                             182016 Byte
20220314 013817.521 INFO             PET0 PIOc_sync Exit - MemInfo: [malloc] Top-most, releasable space:                    48784 Byte
20220314 013817.521 INFO             PET0 PIOc_sync Exit - MemInfo: [malloc] Total space in use, mmap + non-mmap:        91351296 Byte
20220314 013817.521 INFO             PET0 PIOc_sync Exit - MemInfo: [malloc] Total space held (mmap + non-mmap):         91533312 Byte
20220314 013817.521 INFO             PET0 PIOc_sync Exit - MemInfo: [malloc] Total space used (mmap + non-mmap):         91360656 Byte
20220314 013817.521 INFO             PET0 PIOc_sync Exit - MemInfo: Wall-clock time since execution start:              0.0235025 seconds
20220314 013817.521 INFO             PET0 PIOc_freedecomp Enter - MemInfo: [/proc/meminfo - SSI]	MemTotal:       131394444 kB
20220314 013817.521 INFO             PET0 PIOc_freedecomp Enter - MemInfo: [/proc/meminfo - SSI]	MemFree:        122221720 kB
20220314 013817.522 INFO             PET0 PIOc_freedecomp Enter - MemInfo: [/proc/meminfo - SSI]	MemAvailable:   121892656 kB
20220314 013817.522 INFO             PET0 PIOc_freedecomp Enter - MemInfo: [/proc/meminfo - SSI]	Committed_AS:    4221052 kB
20220314 013817.522 INFO             PET0 PIOc_freedecomp Enter - MemInfo: [/proc/meminfo - SSI]	CommittedPercent: 3.2125 %
20220314 013817.522 INFO             PET0 PIOc_freedecomp Enter - MemInfo: [/proc/self/status]	VmPeak:	 3852780 kB
20220314 013817.522 INFO             PET0 PIOc_freedecomp Enter - MemInfo: [/proc/self/status]	VmSize:	 3850212 kB
20220314 013817.522 INFO             PET0 PIOc_freedecomp Enter - MemInfo: [/proc/self/status]	VmLck:	       0 kB
20220314 013817.522 INFO             PET0 PIOc_freedecomp Enter - MemInfo: [/proc/self/status]	VmPin:	   82140 kB
20220314 013817.522 INFO             PET0 PIOc_freedecomp Enter - MemInfo: [/proc/self/status]	VmHWM:	  169320 kB
20220314 013817.522 INFO             PET0 PIOc_freedecomp Enter - MemInfo: [/proc/self/status]	VmRSS:	  167268 kB
20220314 013817.522 INFO             PET0 PIOc_freedecomp Enter - MemInfo: [/proc/self/status]	VmData:	  266712 kB
20220314 013817.522 INFO             PET0 PIOc_freedecomp Enter - MemInfo: [/proc/self/status]	VmStk:	     512 kB
20220314 013817.522 INFO             PET0 PIOc_freedecomp Enter - MemInfo: [/proc/self/status]	VmExe:	    1944 kB
20220314 013817.522 INFO             PET0 PIOc_freedecomp Enter - MemInfo: [/proc/self/status]	VmLib:	  156408 kB
20220314 013817.522 INFO             PET0 PIOc_freedecomp Enter - MemInfo: [/proc/self/status]	VmPTE:	     820 kB
20220314 013817.522 INFO             PET0 PIOc_freedecomp Enter - MemInfo: [/proc/self/status]	VmPMD:	      32 kB
20220314 013817.522 INFO             PET0 PIOc_freedecomp Enter - MemInfo: [/proc/self/status]	VmSwap:	       0 kB
20220314 013817.522 INFO             PET0 PIOc_freedecomp Enter - MemInfo: [/proc/self/status]	VmRSSPercent: 0.127302 %
20220314 013817.522 INFO             PET0 PIOc_freedecomp Enter - MemInfo: [malloc] Non-mmapped space allocated:                 2904064 Byte
20220314 013817.522 INFO             PET0 PIOc_freedecomp Enter - MemInfo: [malloc] Space allocated in mmapped regions:         85999616 Byte
20220314 013817.522 INFO             PET0 PIOc_freedecomp Enter - MemInfo: [malloc] Maximum total allocated space:                     0 Byte
20220314 013817.522 INFO             PET0 PIOc_freedecomp Enter - MemInfo: [malloc] Space in freed fastbin blocks:                  1408 Byte
20220314 013817.522 INFO             PET0 PIOc_freedecomp Enter - MemInfo: [malloc] Total allocated space:                       2708768 Byte
20220314 013817.522 INFO             PET0 PIOc_freedecomp Enter - MemInfo: [malloc] Total free space:                             195296 Byte
20220314 013817.522 INFO             PET0 PIOc_freedecomp Enter - MemInfo: [malloc] Top-most, releasable space:                    59280 Byte
20220314 013817.522 INFO             PET0 PIOc_freedecomp Enter - MemInfo: [malloc] Total space in use, mmap + non-mmap:        88708384 Byte
20220314 013817.522 INFO             PET0 PIOc_freedecomp Enter - MemInfo: [malloc] Total space held (mmap + non-mmap):         88903680 Byte
20220314 013817.522 INFO             PET0 PIOc_freedecomp Enter - MemInfo: [malloc] Total space used (mmap + non-mmap):         88717744 Byte
20220314 013817.522 INFO             PET0 PIOc_freedecomp Enter - MemInfo: Wall-clock time since execution start:              0.0243307 seconds
20220314 013817.522 INFO             PET0 PIOc_freedecomp Exit - MemInfo: [/proc/meminfo - SSI]	MemTotal:       131394444 kB
20220314 013817.522 INFO             PET0 PIOc_freedecomp Exit - MemInfo: [/proc/meminfo - SSI]	MemFree:        122221720 kB
20220314 013817.522 INFO             PET0 PIOc_freedecomp Exit - MemInfo: [/proc/meminfo - SSI]	MemAvailable:   121892656 kB
20220314 013817.522 INFO             PET0 PIOc_freedecomp Exit - MemInfo: [/proc/meminfo - SSI]	Committed_AS:    4221052 kB
20220314 013817.522 INFO             PET0 PIOc_freedecomp Exit - MemInfo: [/proc/meminfo - SSI]	CommittedPercent: 3.2125 %
20220314 013817.522 INFO             PET0 PIOc_freedecomp Exit - MemInfo: [/proc/self/status]	VmPeak:	 3852780 kB
20220314 013817.522 INFO             PET0 PIOc_freedecomp Exit - MemInfo: [/proc/self/status]	VmSize:	 3850212 kB
20220314 013817.522 INFO             PET0 PIOc_freedecomp Exit - MemInfo: [/proc/self/status]	VmLck:	       0 kB
20220314 013817.522 INFO             PET0 PIOc_freedecomp Exit - MemInfo: [/proc/self/status]	VmPin:	   82140 kB
20220314 013817.522 INFO             PET0 PIOc_freedecomp Exit - MemInfo: [/proc/self/status]	VmHWM:	  169320 kB
20220314 013817.522 INFO             PET0 PIOc_freedecomp Exit - MemInfo: [/proc/self/status]	VmRSS:	  167272 kB
20220314 013817.522 INFO             PET0 PIOc_freedecomp Exit - MemInfo: [/proc/self/status]	VmData:	  266712 kB
20220314 013817.522 INFO             PET0 PIOc_freedecomp Exit - MemInfo: [/proc/self/status]	VmStk:	     512 kB
20220314 013817.522 INFO             PET0 PIOc_freedecomp Exit - MemInfo: [/proc/self/status]	VmExe:	    1944 kB
20220314 013817.522 INFO             PET0 PIOc_freedecomp Exit - MemInfo: [/proc/self/status]	VmLib:	  156408 kB
20220314 013817.522 INFO             PET0 PIOc_freedecomp Exit - MemInfo: [/proc/self/status]	VmPTE:	     820 kB
20220314 013817.522 INFO             PET0 PIOc_freedecomp Exit - MemInfo: [/proc/self/status]	VmPMD:	      32 kB
20220314 013817.522 INFO             PET0 PIOc_freedecomp Exit - MemInfo: [/proc/self/status]	VmSwap:	       0 kB
20220314 013817.522 INFO             PET0 PIOc_freedecomp Exit - MemInfo: [/proc/self/status]	VmRSSPercent: 0.127305 %
20220314 013817.522 INFO             PET0 PIOc_freedecomp Exit - MemInfo: [malloc] Non-mmapped space allocated:                 2904064 Byte
20220314 013817.522 INFO             PET0 PIOc_freedecomp Exit - MemInfo: [malloc] Space allocated in mmapped regions:         85999616 Byte
20220314 013817.522 INFO             PET0 PIOc_freedecomp Exit - MemInfo: [malloc] Maximum total allocated space:                     0 Byte
20220314 013817.522 INFO             PET0 PIOc_freedecomp Exit - MemInfo: [malloc] Space in freed fastbin blocks:                   800 Byte
20220314 013817.522 INFO             PET0 PIOc_freedecomp Exit - MemInfo: [malloc] Total allocated space:                       2704416 Byte
20220314 013817.523 INFO             PET0 PIOc_freedecomp Exit - MemInfo: [malloc] Total free space:                             199648 Byte
20220314 013817.523 INFO             PET0 PIOc_freedecomp Exit - MemInfo: [malloc] Top-most, releasable space:                    60016 Byte
20220314 013817.523 INFO             PET0 PIOc_freedecomp Exit - MemInfo: [malloc] Total space in use, mmap + non-mmap:        88704032 Byte
20220314 013817.523 INFO             PET0 PIOc_freedecomp Exit - MemInfo: [malloc] Total space held (mmap + non-mmap):         88903680 Byte
20220314 013817.523 INFO             PET0 PIOc_freedecomp Exit - MemInfo: [malloc] Total space used (mmap + non-mmap):         88713392 Byte
20220314 013817.523 INFO             PET0 PIOc_freedecomp Exit - MemInfo: Wall-clock time since execution start:              0.0249276 seconds
20220314 013817.523 INFO             PET0  PASS  Write Fortran array in Field, ESMF_FieldIOUTest.F90, line 219
20220314 013817.523 INFO             PET0  PASS  Create a field from grid and fortran dummy array without halo, ESMF_FieldIOUTest.F90, line 233
20220314 013817.524 INFO             PET0  PASS  Get Farray_w from nohalo field, ESMF_FieldIOUTest.F90, line 244
20220314 013817.526 INFO             PET0 PIOc_sync Enter - MemInfo: [/proc/meminfo - SSI]	MemTotal:       131394444 kB
20220314 013817.526 INFO             PET0 PIOc_sync Enter - MemInfo: [/proc/meminfo - SSI]	MemFree:        122220788 kB
20220314 013817.526 INFO             PET0 PIOc_sync Enter - MemInfo: [/proc/meminfo - SSI]	MemAvailable:   121891724 kB
20220314 013817.526 INFO             PET0 PIOc_sync Enter - MemInfo: [/proc/meminfo - SSI]	Committed_AS:    4221052 kB
20220314 013817.526 INFO             PET0 PIOc_sync Enter - MemInfo: [/proc/meminfo - SSI]	CommittedPercent: 3.2125 %
20220314 013817.526 INFO             PET0 PIOc_sync Enter - MemInfo: [/proc/self/status]	VmPeak:	 3852844 kB
20220314 013817.526 INFO             PET0 PIOc_sync Enter - MemInfo: [/proc/self/status]	VmSize:	 3852844 kB
20220314 013817.526 INFO             PET0 PIOc_sync Enter - MemInfo: [/proc/self/status]	VmLck:	       0 kB
20220314 013817.526 INFO             PET0 PIOc_sync Enter - MemInfo: [/proc/self/status]	VmPin:	   82140 kB
20220314 013817.526 INFO             PET0 PIOc_sync Enter - MemInfo: [/proc/self/status]	VmHWM:	  169456 kB
20220314 013817.526 INFO             PET0 PIOc_sync Enter - MemInfo: [/proc/self/status]	VmRSS:	  169456 kB
20220314 013817.526 INFO             PET0 PIOc_sync Enter - MemInfo: [/proc/self/status]	VmData:	  269344 kB
20220314 013817.526 INFO             PET0 PIOc_sync Enter - MemInfo: [/proc/self/status]	VmStk:	     512 kB
20220314 013817.526 INFO             PET0 PIOc_sync Enter - MemInfo: [/proc/self/status]	VmExe:	    1944 kB
20220314 013817.526 INFO             PET0 PIOc_sync Enter - MemInfo: [/proc/self/status]	VmLib:	  156408 kB
20220314 013817.526 INFO             PET0 PIOc_sync Enter - MemInfo: [/proc/self/status]	VmPTE:	     824 kB
20220314 013817.526 INFO             PET0 PIOc_sync Enter - MemInfo: [/proc/self/status]	VmPMD:	      32 kB
20220314 013817.526 INFO             PET0 PIOc_sync Enter - MemInfo: [/proc/self/status]	VmSwap:	       0 kB
20220314 013817.526 INFO             PET0 PIOc_sync Enter - MemInfo: [/proc/self/status]	VmRSSPercent: 0.128967 %
20220314 013817.526 INFO             PET0 PIOc_sync Enter - MemInfo: [malloc] Non-mmapped space allocated:                 5599232 Byte
20220314 013817.526 INFO             PET0 PIOc_sync Enter - MemInfo: [malloc] Space allocated in mmapped regions:         85999616 Byte
20220314 013817.526 INFO             PET0 PIOc_sync Enter - MemInfo: [malloc] Maximum total allocated space:                     0 Byte
20220314 013817.526 INFO             PET0 PIOc_sync Enter - MemInfo: [malloc] Space in freed fastbin blocks:                   144 Byte
20220314 013817.526 INFO             PET0 PIOc_sync Enter - MemInfo: [malloc] Total allocated space:                       5348000 Byte
20220314 013817.526 INFO             PET0 PIOc_sync Enter - MemInfo: [malloc] Total free space:                             251232 Byte
20220314 013817.527 INFO             PET0 PIOc_sync Enter - MemInfo: [malloc] Top-most, releasable space:                   118928 Byte
20220314 013817.527 INFO             PET0 PIOc_sync Enter - MemInfo: [malloc] Total space in use, mmap + non-mmap:        91347616 Byte
20220314 013817.527 INFO             PET0 PIOc_sync Enter - MemInfo: [malloc] Total space held (mmap + non-mmap):         91598848 Byte
20220314 013817.527 INFO             PET0 PIOc_sync Enter - MemInfo: [malloc] Total space used (mmap + non-mmap):         91356976 Byte
20220314 013817.527 INFO             PET0 PIOc_sync Enter - MemInfo: Wall-clock time since execution start:              0.0289422 seconds
20220314 013817.527 INFO             PET0 PIOc_sync Exit - MemInfo: [/proc/meminfo - SSI]	MemTotal:       131394444 kB
20220314 013817.527 INFO             PET0 PIOc_sync Exit - MemInfo: [/proc/meminfo - SSI]	MemFree:        122220292 kB
20220314 013817.527 INFO             PET0 PIOc_sync Exit - MemInfo: [/proc/meminfo - SSI]	MemAvailable:   121891228 kB
20220314 013817.527 INFO             PET0 PIOc_sync Exit - MemInfo: [/proc/meminfo - SSI]	Committed_AS:    4221052 kB
20220314 013817.527 INFO             PET0 PIOc_sync Exit - MemInfo: [/proc/meminfo - SSI]	CommittedPercent: 3.2125 %
20220314 013817.527 INFO             PET0 PIOc_sync Exit - MemInfo: [/proc/self/status]	VmPeak:	 3852844 kB
20220314 013817.527 INFO             PET0 PIOc_sync Exit - MemInfo: [/proc/self/status]	VmSize:	 3852844 kB
20220314 013817.527 INFO             PET0 PIOc_sync Exit - MemInfo: [/proc/self/status]	VmLck:	       0 kB
20220314 013817.527 INFO             PET0 PIOc_sync Exit - MemInfo: [/proc/self/status]	VmPin:	   82140 kB
20220314 013817.527 INFO             PET0 PIOc_sync Exit - MemInfo: [/proc/self/status]	VmHWM:	  169512 kB
20220314 013817.527 INFO             PET0 PIOc_sync Exit - MemInfo: [/proc/self/status]	VmRSS:	  169512 kB
20220314 013817.527 INFO             PET0 PIOc_sync Exit - MemInfo: [/proc/self/status]	VmData:	  269344 kB
20220314 013817.527 INFO             PET0 PIOc_sync Exit - MemInfo: [/proc/self/status]	VmStk:	     512 kB
20220314 013817.527 INFO             PET0 PIOc_sync Exit - MemInfo: [/proc/self/status]	VmExe:	    1944 kB
20220314 013817.527 INFO             PET0 PIOc_sync Exit - MemInfo: [/proc/self/status]	VmLib:	  156408 kB
20220314 013817.527 INFO             PET0 PIOc_sync Exit - MemInfo: [/proc/self/status]	VmPTE:	     824 kB
20220314 013817.527 INFO             PET0 PIOc_sync Exit - MemInfo: [/proc/self/status]	VmPMD:	      32 kB
20220314 013817.527 INFO             PET0 PIOc_sync Exit - MemInfo: [/proc/self/status]	VmSwap:	       0 kB
20220314 013817.527 INFO             PET0 PIOc_sync Exit - MemInfo: [/proc/self/status]	VmRSSPercent: 0.12901 %
20220314 013817.527 INFO             PET0 PIOc_sync Exit - MemInfo: [malloc] Non-mmapped space allocated:                 5599232 Byte
20220314 013817.527 INFO             PET0 PIOc_sync Exit - MemInfo: [malloc] Space allocated in mmapped regions:         85999616 Byte
20220314 013817.528 INFO             PET0 PIOc_sync Exit - MemInfo: [malloc] Maximum total allocated space:                     0 Byte
20220314 013817.528 INFO             PET0 PIOc_sync Exit - MemInfo: [malloc] Space in freed fastbin blocks:                   144 Byte
20220314 013817.528 INFO             PET0 PIOc_sync Exit - MemInfo: [malloc] Total allocated space:                       5346912 Byte
20220314 013817.528 INFO             PET0 PIOc_sync Exit - MemInfo: [malloc] Total free space:                             252320 Byte
20220314 013817.528 INFO             PET0 PIOc_sync Exit - MemInfo: [malloc] Top-most, releasable space:                   119872 Byte
20220314 013817.528 INFO             PET0 PIOc_sync Exit - MemInfo: [malloc] Total space in use, mmap + non-mmap:        91346528 Byte
20220314 013817.528 INFO             PET0 PIOc_sync Exit - MemInfo: [malloc] Total space held (mmap + non-mmap):         91598848 Byte
20220314 013817.528 INFO             PET0 PIOc_sync Exit - MemInfo: [malloc] Total space used (mmap + non-mmap):         91355888 Byte
20220314 013817.528 INFO             PET0 PIOc_sync Exit - MemInfo: Wall-clock time since execution start:              0.0299793 seconds
20220314 013817.528 INFO             PET0 PIOc_freedecomp Enter - MemInfo: [/proc/meminfo - SSI]	MemTotal:       131394444 kB
20220314 013817.528 INFO             PET0 PIOc_freedecomp Enter - MemInfo: [/proc/meminfo - SSI]	MemFree:        122220292 kB
20220314 013817.528 INFO             PET0 PIOc_freedecomp Enter - MemInfo: [/proc/meminfo - SSI]	MemAvailable:   121891228 kB
20220314 013817.528 INFO             PET0 PIOc_freedecomp Enter - MemInfo: [/proc/meminfo - SSI]	Committed_AS:    4221052 kB
20220314 013817.528 INFO             PET0 PIOc_freedecomp Enter - MemInfo: [/proc/meminfo - SSI]	CommittedPercent: 3.2125 %
20220314 013817.528 INFO             PET0 PIOc_freedecomp Enter - MemInfo: [/proc/self/status]	VmPeak:	 3852844 kB
20220314 013817.528 INFO             PET0 PIOc_freedecomp Enter - MemInfo: [/proc/self/status]	VmSize:	 3852844 kB
20220314 013817.528 INFO             PET0 PIOc_freedecomp Enter - MemInfo: [/proc/self/status]	VmLck:	       0 kB
20220314 013817.528 INFO             PET0 PIOc_freedecomp Enter - MemInfo: [/proc/self/status]	VmPin:	   82140 kB
20220314 013817.528 INFO             PET0 PIOc_freedecomp Enter - MemInfo: [/proc/self/status]	VmHWM:	  169512 kB
20220314 013817.528 INFO             PET0 PIOc_freedecomp Enter - MemInfo: [/proc/self/status]	VmRSS:	  169512 kB
20220314 013817.528 INFO             PET0 PIOc_freedecomp Enter - MemInfo: [/proc/self/status]	VmData:	  269344 kB
20220314 013817.528 INFO             PET0 PIOc_freedecomp Enter - MemInfo: [/proc/self/status]	VmStk:	     512 kB
20220314 013817.528 INFO             PET0 PIOc_freedecomp Enter - MemInfo: [/proc/self/status]	VmExe:	    1944 kB
20220314 013817.528 INFO             PET0 PIOc_freedecomp Enter - MemInfo: [/proc/self/status]	VmLib:	  156408 kB
20220314 013817.528 INFO             PET0 PIOc_freedecomp Enter - MemInfo: [/proc/self/status]	VmPTE:	     824 kB
20220314 013817.528 INFO             PET0 PIOc_freedecomp Enter - MemInfo: [/proc/self/status]	VmPMD:	      32 kB
20220314 013817.528 INFO             PET0 PIOc_freedecomp Enter - MemInfo: [/proc/self/status]	VmSwap:	       0 kB
20220314 013817.528 INFO             PET0 PIOc_freedecomp Enter - MemInfo: [/proc/self/status]	VmRSSPercent: 0.12901 %
20220314 013817.528 INFO             PET0 PIOc_freedecomp Enter - MemInfo: [malloc] Non-mmapped space allocated:                 5599232 Byte
20220314 013817.528 INFO             PET0 PIOc_freedecomp Enter - MemInfo: [malloc] Space allocated in mmapped regions:         85999616 Byte
20220314 013817.528 INFO             PET0 PIOc_freedecomp Enter - MemInfo: [malloc] Maximum total allocated space:                     0 Byte
20220314 013817.528 INFO             PET0 PIOc_freedecomp Enter - MemInfo: [malloc] Space in freed fastbin blocks:                   496 Byte
20220314 013817.528 INFO             PET0 PIOc_freedecomp Enter - MemInfo: [malloc] Total allocated space:                       2712144 Byte
20220314 013817.528 INFO             PET0 PIOc_freedecomp Enter - MemInfo: [malloc] Total free space:                            2887088 Byte
20220314 013817.528 INFO             PET0 PIOc_freedecomp Enter - MemInfo: [malloc] Top-most, releasable space:                   130368 Byte
20220314 013817.528 INFO             PET0 PIOc_freedecomp Enter - MemInfo: [malloc] Total space in use, mmap + non-mmap:        88711760 Byte
20220314 013817.528 INFO             PET0 PIOc_freedecomp Enter - MemInfo: [malloc] Total space held (mmap + non-mmap):         91598848 Byte
20220314 013817.528 INFO             PET0 PIOc_freedecomp Enter - MemInfo: [malloc] Total space used (mmap + non-mmap):         88721120 Byte
20220314 013817.528 INFO             PET0 PIOc_freedecomp Enter - MemInfo: Wall-clock time since execution start:              0.0306838 seconds
20220314 013817.528 INFO             PET0 PIOc_freedecomp Exit - MemInfo: [/proc/meminfo - SSI]	MemTotal:       131394444 kB
20220314 013817.528 INFO             PET0 PIOc_freedecomp Exit - MemInfo: [/proc/meminfo - SSI]	MemFree:        122220292 kB
20220314 013817.528 INFO             PET0 PIOc_freedecomp Exit - MemInfo: [/proc/meminfo - SSI]	MemAvailable:   121891228 kB
20220314 013817.528 INFO             PET0 PIOc_freedecomp Exit - MemInfo: [/proc/meminfo - SSI]	Committed_AS:    4221052 kB
20220314 013817.528 INFO             PET0 PIOc_freedecomp Exit - MemInfo: [/proc/meminfo - SSI]	CommittedPercent: 3.2125 %
20220314 013817.529 INFO             PET0 PIOc_freedecomp Exit - MemInfo: [/proc/self/status]	VmPeak:	 3852844 kB
20220314 013817.529 INFO             PET0 PIOc_freedecomp Exit - MemInfo: [/proc/self/status]	VmSize:	 3852844 kB
20220314 013817.529 INFO             PET0 PIOc_freedecomp Exit - MemInfo: [/proc/self/status]	VmLck:	       0 kB
20220314 013817.529 INFO             PET0 PIOc_freedecomp Exit - MemInfo: [/proc/self/status]	VmPin:	   82140 kB
20220314 013817.529 INFO             PET0 PIOc_freedecomp Exit - MemInfo: [/proc/self/status]	VmHWM:	  169512 kB
20220314 013817.529 INFO             PET0 PIOc_freedecomp Exit - MemInfo: [/proc/self/status]	VmRSS:	  169512 kB
20220314 013817.529 INFO             PET0 PIOc_freedecomp Exit - MemInfo: [/proc/self/status]	VmData:	  269344 kB
20220314 013817.529 INFO             PET0 PIOc_freedecomp Exit - MemInfo: [/proc/self/status]	VmStk:	     512 kB
20220314 013817.529 INFO             PET0 PIOc_freedecomp Exit - MemInfo: [/proc/self/status]	VmExe:	    1944 kB
20220314 013817.529 INFO             PET0 PIOc_freedecomp Exit - MemInfo: [/proc/self/status]	VmLib:	  156408 kB
20220314 013817.529 INFO             PET0 PIOc_freedecomp Exit - MemInfo: [/proc/self/status]	VmPTE:	     824 kB
20220314 013817.529 INFO             PET0 PIOc_freedecomp Exit - MemInfo: [/proc/self/status]	VmPMD:	      32 kB
20220314 013817.529 INFO             PET0 PIOc_freedecomp Exit - MemInfo: [/proc/self/status]	VmSwap:	       0 kB
20220314 013817.529 INFO             PET0 PIOc_freedecomp Exit - MemInfo: [/proc/self/status]	VmRSSPercent: 0.12901 %
20220314 013817.529 INFO             PET0 PIOc_freedecomp Exit - MemInfo: [malloc] Non-mmapped space allocated:                 5599232 Byte
20220314 013817.529 INFO             PET0 PIOc_freedecomp Exit - MemInfo: [malloc] Space allocated in mmapped regions:         85999616 Byte
20220314 013817.529 INFO             PET0 PIOc_freedecomp Exit - MemInfo: [malloc] Maximum total allocated space:                     0 Byte
20220314 013817.529 INFO             PET0 PIOc_freedecomp Exit - MemInfo: [malloc] Space in freed fastbin blocks:                   432 Byte
20220314 013817.529 INFO             PET0 PIOc_freedecomp Exit - MemInfo: [malloc] Total allocated space:                       2708480 Byte
20220314 013817.529 INFO             PET0 PIOc_freedecomp Exit - MemInfo: [malloc] Total free space:                            2890752 Byte
20220314 013817.529 INFO             PET0 PIOc_freedecomp Exit - MemInfo: [malloc] Top-most, releasable space:                  2755216 Byte
20220314 013817.529 INFO             PET0 PIOc_freedecomp Exit - MemInfo: [malloc] Total space in use, mmap + non-mmap:        88708096 Byte
20220314 013817.529 INFO             PET0 PIOc_freedecomp Exit - MemInfo: [malloc] Total space held (mmap + non-mmap):         91598848 Byte
20220314 013817.529 INFO             PET0 PIOc_freedecomp Exit - MemInfo: [malloc] Total space used (mmap + non-mmap):         88717472 Byte
20220314 013817.529 INFO             PET0 PIOc_freedecomp Exit - MemInfo: Wall-clock time since execution start:              0.0312427 seconds
20220314 013817.529 INFO             PET0  PASS  Write Fortran array in nohalo Field, ESMF_FieldIOUTest.F90, line 268
20220314 013817.530 INFO             PET0  PASS  Create a field from grid and fortran dummy array without halo, ESMF_FieldIOUTest.F90, line 281
20220314 013817.531 INFO             PET0 PIOc_sync Enter - MemInfo: [/proc/meminfo - SSI]	MemTotal:       131394444 kB
20220314 013817.531 INFO             PET0 PIOc_sync Enter - MemInfo: [/proc/meminfo - SSI]	MemFree:        122220292 kB
20220314 013817.531 INFO             PET0 PIOc_sync Enter - MemInfo: [/proc/meminfo - SSI]	MemAvailable:   121891228 kB
20220314 013817.531 INFO             PET0 PIOc_sync Enter - MemInfo: [/proc/meminfo - SSI]	Committed_AS:    4221052 kB
20220314 013817.531 INFO             PET0 PIOc_sync Enter - MemInfo: [/proc/meminfo - SSI]	CommittedPercent: 3.2125 %
20220314 013817.531 INFO             PET0 PIOc_sync Enter - MemInfo: [/proc/self/status]	VmPeak:	 3852844 kB
20220314 013817.531 INFO             PET0 PIOc_sync Enter - MemInfo: [/proc/self/status]	VmSize:	 3852844 kB
20220314 013817.531 INFO             PET0 PIOc_sync Enter - MemInfo: [/proc/self/status]	VmLck:	       0 kB
20220314 013817.531 INFO             PET0 PIOc_sync Enter - MemInfo: [/proc/self/status]	VmPin:	   82140 kB
20220314 013817.531 INFO             PET0 PIOc_sync Enter - MemInfo: [/proc/self/status]	VmHWM:	  170040 kB
20220314 013817.531 INFO             PET0 PIOc_sync Enter - MemInfo: [/proc/self/status]	VmRSS:	  170040 kB
20220314 013817.531 INFO             PET0 PIOc_sync Enter - MemInfo: [/proc/self/status]	VmData:	  269344 kB
20220314 013817.531 INFO             PET0 PIOc_sync Enter - MemInfo: [/proc/self/status]	VmStk:	     512 kB
20220314 013817.531 INFO             PET0 PIOc_sync Enter - MemInfo: [/proc/self/status]	VmExe:	    1944 kB
20220314 013817.531 INFO             PET0 PIOc_sync Enter - MemInfo: [/proc/self/status]	VmLib:	  156408 kB
20220314 013817.531 INFO             PET0 PIOc_sync Enter - MemInfo: [/proc/self/status]	VmPTE:	     824 kB
20220314 013817.531 INFO             PET0 PIOc_sync Enter - MemInfo: [/proc/self/status]	VmPMD:	      32 kB
20220314 013817.531 INFO             PET0 PIOc_sync Enter - MemInfo: [/proc/self/status]	VmSwap:	       0 kB
20220314 013817.531 INFO             PET0 PIOc_sync Enter - MemInfo: [/proc/self/status]	VmRSSPercent: 0.129412 %
20220314 013817.531 INFO             PET0 PIOc_sync Enter - MemInfo: [malloc] Non-mmapped space allocated:                 5599232 Byte
20220314 013817.532 INFO             PET0 PIOc_sync Enter - MemInfo: [malloc] Space allocated in mmapped regions:         85999616 Byte
20220314 013817.532 INFO             PET0 PIOc_sync Enter - MemInfo: [malloc] Maximum total allocated space:                     0 Byte
20220314 013817.532 INFO             PET0 PIOc_sync Enter - MemInfo: [malloc] Space in freed fastbin blocks:                   144 Byte
20220314 013817.532 INFO             PET0 PIOc_sync Enter - MemInfo: [malloc] Total allocated space:                       5352976 Byte
20220314 013817.532 INFO             PET0 PIOc_sync Enter - MemInfo: [malloc] Total free space:                             246256 Byte
20220314 013817.532 INFO             PET0 PIOc_sync Enter - MemInfo: [malloc] Top-most, releasable space:                   113664 Byte
20220314 013817.532 INFO             PET0 PIOc_sync Enter - MemInfo: [malloc] Total space in use, mmap + non-mmap:        91352592 Byte
20220314 013817.532 INFO             PET0 PIOc_sync Enter - MemInfo: [malloc] Total space held (mmap + non-mmap):         91598848 Byte
20220314 013817.532 INFO             PET0 PIOc_sync Enter - MemInfo: [malloc] Total space used (mmap + non-mmap):         91361952 Byte
20220314 013817.532 INFO             PET0 PIOc_sync Enter - MemInfo: Wall-clock time since execution start:              0.0340013 seconds
20220314 013817.532 INFO             PET0 PIOc_sync Exit - MemInfo: [/proc/meminfo - SSI]	MemTotal:       131394444 kB
20220314 013817.532 INFO             PET0 PIOc_sync Exit - MemInfo: [/proc/meminfo - SSI]	MemFree:        122219796 kB
20220314 013817.532 INFO             PET0 PIOc_sync Exit - MemInfo: [/proc/meminfo - SSI]	MemAvailable:   121890732 kB
20220314 013817.532 INFO             PET0 PIOc_sync Exit - MemInfo: [/proc/meminfo - SSI]	Committed_AS:    4221052 kB
20220314 013817.532 INFO             PET0 PIOc_sync Exit - MemInfo: [/proc/meminfo - SSI]	CommittedPercent: 3.2125 %
20220314 013817.532 INFO             PET0 PIOc_sync Exit - MemInfo: [/proc/self/status]	VmPeak:	 3852844 kB
20220314 013817.532 INFO             PET0 PIOc_sync Exit - MemInfo: [/proc/self/status]	VmSize:	 3852844 kB
20220314 013817.532 INFO             PET0 PIOc_sync Exit - MemInfo: [/proc/self/status]	VmLck:	       0 kB
20220314 013817.532 INFO             PET0 PIOc_sync Exit - MemInfo: [/proc/self/status]	VmPin:	   82140 kB
20220314 013817.532 INFO             PET0 PIOc_sync Exit - MemInfo: [/proc/self/status]	VmHWM:	  170072 kB
20220314 013817.532 INFO             PET0 PIOc_sync Exit - MemInfo: [/proc/self/status]	VmRSS:	  170072 kB
20220314 013817.532 INFO             PET0 PIOc_sync Exit - MemInfo: [/proc/self/status]	VmData:	  269344 kB
20220314 013817.532 INFO             PET0 PIOc_sync Exit - MemInfo: [/proc/self/status]	VmStk:	     512 kB
20220314 013817.532 INFO             PET0 PIOc_sync Exit - MemInfo: [/proc/self/status]	VmExe:	    1944 kB
20220314 013817.532 INFO             PET0 PIOc_sync Exit - MemInfo: [/proc/self/status]	VmLib:	  156408 kB
20220314 013817.532 INFO             PET0 PIOc_sync Exit - MemInfo: [/proc/self/status]	VmPTE:	     824 kB
20220314 013817.532 INFO             PET0 PIOc_sync Exit - MemInfo: [/proc/self/status]	VmPMD:	      32 kB
20220314 013817.532 INFO             PET0 PIOc_sync Exit - MemInfo: [/proc/self/status]	VmSwap:	       0 kB
20220314 013817.533 INFO             PET0 PIOc_sync Exit - MemInfo: [/proc/self/status]	VmRSSPercent: 0.129436 %
20220314 013817.533 INFO             PET0 PIOc_sync Exit - MemInfo: [malloc] Non-mmapped space allocated:                 5599232 Byte
20220314 013817.533 INFO             PET0 PIOc_sync Exit - MemInfo: [malloc] Space allocated in mmapped regions:         85999616 Byte
20220314 013817.533 INFO             PET0 PIOc_sync Exit - MemInfo: [malloc] Maximum total allocated space:                     0 Byte
20220314 013817.533 INFO             PET0 PIOc_sync Exit - MemInfo: [malloc] Space in freed fastbin blocks:                   352 Byte
20220314 013817.533 INFO             PET0 PIOc_sync Exit - MemInfo: [malloc] Total allocated space:                       5351568 Byte
20220314 013817.533 INFO             PET0 PIOc_sync Exit - MemInfo: [malloc] Total free space:                             247664 Byte
20220314 013817.533 INFO             PET0 PIOc_sync Exit - MemInfo: [malloc] Top-most, releasable space:                   114400 Byte
20220314 013817.533 INFO             PET0 PIOc_sync Exit - MemInfo: [malloc] Total space in use, mmap + non-mmap:        91351184 Byte
20220314 013817.533 INFO             PET0 PIOc_sync Exit - MemInfo: [malloc] Total space held (mmap + non-mmap):         91598848 Byte
20220314 013817.533 INFO             PET0 PIOc_sync Exit - MemInfo: [malloc] Total space used (mmap + non-mmap):         91360544 Byte
20220314 013817.533 INFO             PET0 PIOc_sync Exit - MemInfo: Wall-clock time since execution start:              0.0350404 seconds
20220314 013817.533 INFO             PET0 PIOc_freedecomp Enter - MemInfo: [/proc/meminfo - SSI]	MemTotal:       131394444 kB
20220314 013817.533 INFO             PET0 PIOc_freedecomp Enter - MemInfo: [/proc/meminfo - SSI]	MemFree:        122219796 kB
20220314 013817.533 INFO             PET0 PIOc_freedecomp Enter - MemInfo: [/proc/meminfo - SSI]	MemAvailable:   121890732 kB
20220314 013817.533 INFO             PET0 PIOc_freedecomp Enter - MemInfo: [/proc/meminfo - SSI]	Committed_AS:    4221052 kB
20220314 013817.533 INFO             PET0 PIOc_freedecomp Enter - MemInfo: [/proc/meminfo - SSI]	CommittedPercent: 3.2125 %
20220314 013817.533 INFO             PET0 PIOc_freedecomp Enter - MemInfo: [/proc/self/status]	VmPeak:	 3852844 kB
20220314 013817.533 INFO             PET0 PIOc_freedecomp Enter - MemInfo: [/proc/self/status]	VmSize:	 3852844 kB
20220314 013817.533 INFO             PET0 PIOc_freedecomp Enter - MemInfo: [/proc/self/status]	VmLck:	       0 kB
20220314 013817.533 INFO             PET0 PIOc_freedecomp Enter - MemInfo: [/proc/self/status]	VmPin:	   82140 kB
20220314 013817.533 INFO             PET0 PIOc_freedecomp Enter - MemInfo: [/proc/self/status]	VmHWM:	  170072 kB
20220314 013817.533 INFO             PET0 PIOc_freedecomp Enter - MemInfo: [/proc/self/status]	VmRSS:	  170072 kB
20220314 013817.533 INFO             PET0 PIOc_freedecomp Enter - MemInfo: [/proc/self/status]	VmData:	  269344 kB
20220314 013817.533 INFO             PET0 PIOc_freedecomp Enter - MemInfo: [/proc/self/status]	VmStk:	     512 kB
20220314 013817.533 INFO             PET0 PIOc_freedecomp Enter - MemInfo: [/proc/self/status]	VmExe:	    1944 kB
20220314 013817.533 INFO             PET0 PIOc_freedecomp Enter - MemInfo: [/proc/self/status]	VmLib:	  156408 kB
20220314 013817.533 INFO             PET0 PIOc_freedecomp Enter - MemInfo: [/proc/self/status]	VmPTE:	     824 kB
20220314 013817.533 INFO             PET0 PIOc_freedecomp Enter - MemInfo: [/proc/self/status]	VmPMD:	      32 kB
20220314 013817.533 INFO             PET0 PIOc_freedecomp Enter - MemInfo: [/proc/self/status]	VmSwap:	       0 kB
20220314 013817.533 INFO             PET0 PIOc_freedecomp Enter - MemInfo: [/proc/self/status]	VmRSSPercent: 0.129436 %
20220314 013817.533 INFO             PET0 PIOc_freedecomp Enter - MemInfo: [malloc] Non-mmapped space allocated:                 5599232 Byte
20220314 013817.533 INFO             PET0 PIOc_freedecomp Enter - MemInfo: [malloc] Space allocated in mmapped regions:         85999616 Byte
20220314 013817.533 INFO             PET0 PIOc_freedecomp Enter - MemInfo: [malloc] Maximum total allocated space:                     0 Byte
20220314 013817.533 INFO             PET0 PIOc_freedecomp Enter - MemInfo: [malloc] Space in freed fastbin blocks:                   592 Byte
20220314 013817.533 INFO             PET0 PIOc_freedecomp Enter - MemInfo: [malloc] Total allocated space:                       2716784 Byte
20220314 013817.533 INFO             PET0 PIOc_freedecomp Enter - MemInfo: [malloc] Total free space:                            2882448 Byte
20220314 013817.533 INFO             PET0 PIOc_freedecomp Enter - MemInfo: [malloc] Top-most, releasable space:                   124896 Byte
20220314 013817.533 INFO             PET0 PIOc_freedecomp Enter - MemInfo: [malloc] Total space in use, mmap + non-mmap:        88716400 Byte
20220314 013817.533 INFO             PET0 PIOc_freedecomp Enter - MemInfo: [malloc] Total space held (mmap + non-mmap):         91598848 Byte
20220314 013817.533 INFO             PET0 PIOc_freedecomp Enter - MemInfo: [malloc] Total space used (mmap + non-mmap):         88725760 Byte
20220314 013817.533 INFO             PET0 PIOc_freedecomp Enter - MemInfo: Wall-clock time since execution start:              0.0357142 seconds
20220314 013817.533 INFO             PET0 PIOc_freedecomp Exit - MemInfo: [/proc/meminfo - SSI]	MemTotal:       131394444 kB
20220314 013817.533 INFO             PET0 PIOc_freedecomp Exit - MemInfo: [/proc/meminfo - SSI]	MemFree:        122219796 kB
20220314 013817.533 INFO             PET0 PIOc_freedecomp Exit - MemInfo: [/proc/meminfo - SSI]	MemAvailable:   121890732 kB
20220314 013817.533 INFO             PET0 PIOc_freedecomp Exit - MemInfo: [/proc/meminfo - SSI]	Committed_AS:    4221052 kB
20220314 013817.534 INFO             PET0 PIOc_freedecomp Exit - MemInfo: [/proc/meminfo - SSI]	CommittedPercent: 3.2125 %
20220314 013817.534 INFO             PET0 PIOc_freedecomp Exit - MemInfo: [/proc/self/status]	VmPeak:	 3852844 kB
20220314 013817.534 INFO             PET0 PIOc_freedecomp Exit - MemInfo: [/proc/self/status]	VmSize:	 3852844 kB
20220314 013817.534 INFO             PET0 PIOc_freedecomp Exit - MemInfo: [/proc/self/status]	VmLck:	       0 kB
20220314 013817.534 INFO             PET0 PIOc_freedecomp Exit - MemInfo: [/proc/self/status]	VmPin:	   82140 kB
20220314 013817.534 INFO             PET0 PIOc_freedecomp Exit - MemInfo: [/proc/self/status]	VmHWM:	  170072 kB
20220314 013817.534 INFO             PET0 PIOc_freedecomp Exit - MemInfo: [/proc/self/status]	VmRSS:	  170072 kB
20220314 013817.534 INFO             PET0 PIOc_freedecomp Exit - MemInfo: [/proc/self/status]	VmData:	  269344 kB
20220314 013817.534 INFO             PET0 PIOc_freedecomp Exit - MemInfo: [/proc/self/status]	VmStk:	     512 kB
20220314 013817.534 INFO             PET0 PIOc_freedecomp Exit - MemInfo: [/proc/self/status]	VmExe:	    1944 kB
20220314 013817.534 INFO             PET0 PIOc_freedecomp Exit - MemInfo: [/proc/self/status]	VmLib:	  156408 kB
20220314 013817.534 INFO             PET0 PIOc_freedecomp Exit - MemInfo: [/proc/self/status]	VmPTE:	     824 kB
20220314 013817.534 INFO             PET0 PIOc_freedecomp Exit - MemInfo: [/proc/self/status]	VmPMD:	      32 kB
20220314 013817.534 INFO             PET0 PIOc_freedecomp Exit - MemInfo: [/proc/self/status]	VmSwap:	       0 kB
20220314 013817.534 INFO             PET0 PIOc_freedecomp Exit - MemInfo: [/proc/self/status]	VmRSSPercent: 0.129436 %
20220314 013817.534 INFO             PET0 PIOc_freedecomp Exit - MemInfo: [malloc] Non-mmapped space allocated:                 5599232 Byte
20220314 013817.534 INFO             PET0 PIOc_freedecomp Exit - MemInfo: [malloc] Space allocated in mmapped regions:         85999616 Byte
20220314 013817.534 INFO             PET0 PIOc_freedecomp Exit - MemInfo: [malloc] Maximum total allocated space:                     0 Byte
20220314 013817.534 INFO             PET0 PIOc_freedecomp Exit - MemInfo: [malloc] Space in freed fastbin blocks:                   144 Byte
20220314 013817.534 INFO             PET0 PIOc_freedecomp Exit - MemInfo: [malloc] Total allocated space:                       2712464 Byte
20220314 013817.534 INFO             PET0 PIOc_freedecomp Exit - MemInfo: [malloc] Total free space:                            2886768 Byte
20220314 013817.534 INFO             PET0 PIOc_freedecomp Exit - MemInfo: [malloc] Top-most, releasable space:                  2754000 Byte
20220314 013817.534 INFO             PET0 PIOc_freedecomp Exit - MemInfo: [malloc] Total space in use, mmap + non-mmap:        88712080 Byte
20220314 013817.534 INFO             PET0 PIOc_freedecomp Exit - MemInfo: [malloc] Total space held (mmap + non-mmap):         91598848 Byte
20220314 013817.534 INFO             PET0 PIOc_freedecomp Exit - MemInfo: [malloc] Total space used (mmap + non-mmap):         88721440 Byte
20220314 013817.534 INFO             PET0 PIOc_freedecomp Exit - MemInfo: Wall-clock time since execution start:              0.0362695 seconds
20220314 013817.535 INFO             PET0 PIOc_sync Enter - MemInfo: [/proc/meminfo - SSI]	MemTotal:       131394444 kB
20220314 013817.535 INFO             PET0 PIOc_sync Enter - MemInfo: [/proc/meminfo - SSI]	MemFree:        122219796 kB
20220314 013817.535 INFO             PET0 PIOc_sync Enter - MemInfo: [/proc/meminfo - SSI]	MemAvailable:   121890732 kB
20220314 013817.535 INFO             PET0 PIOc_sync Enter - MemInfo: [/proc/meminfo - SSI]	Committed_AS:    4221052 kB
20220314 013817.535 INFO             PET0 PIOc_sync Enter - MemInfo: [/proc/meminfo - SSI]	CommittedPercent: 3.2125 %
20220314 013817.535 INFO             PET0 PIOc_sync Enter - MemInfo: [/proc/self/status]	VmPeak:	 3853864 kB
20220314 013817.535 INFO             PET0 PIOc_sync Enter - MemInfo: [/proc/self/status]	VmSize:	 3852844 kB
20220314 013817.535 INFO             PET0 PIOc_sync Enter - MemInfo: [/proc/self/status]	VmLck:	       0 kB
20220314 013817.535 INFO             PET0 PIOc_sync Enter - MemInfo: [/proc/self/status]	VmPin:	   82140 kB
20220314 013817.535 INFO             PET0 PIOc_sync Enter - MemInfo: [/proc/self/status]	VmHWM:	  170144 kB
20220314 013817.535 INFO             PET0 PIOc_sync Enter - MemInfo: [/proc/self/status]	VmRSS:	  170144 kB
20220314 013817.535 INFO             PET0 PIOc_sync Enter - MemInfo: [/proc/self/status]	VmData:	  269344 kB
20220314 013817.535 INFO             PET0 PIOc_sync Enter - MemInfo: [/proc/self/status]	VmStk:	     512 kB
20220314 013817.535 INFO             PET0 PIOc_sync Enter - MemInfo: [/proc/self/status]	VmExe:	    1944 kB
20220314 013817.535 INFO             PET0 PIOc_sync Enter - MemInfo: [/proc/self/status]	VmLib:	  156408 kB
20220314 013817.535 INFO             PET0 PIOc_sync Enter - MemInfo: [/proc/self/status]	VmPTE:	     824 kB
20220314 013817.535 INFO             PET0 PIOc_sync Enter - MemInfo: [/proc/self/status]	VmPMD:	      32 kB
20220314 013817.535 INFO             PET0 PIOc_sync Enter - MemInfo: [/proc/self/status]	VmSwap:	       0 kB
20220314 013817.535 INFO             PET0 PIOc_sync Enter - MemInfo: [/proc/self/status]	VmRSSPercent: 0.129491 %
20220314 013817.535 INFO             PET0 PIOc_sync Enter - MemInfo: [malloc] Non-mmapped space allocated:                 5599232 Byte
20220314 013817.535 INFO             PET0 PIOc_sync Enter - MemInfo: [malloc] Space allocated in mmapped regions:         85999616 Byte
20220314 013817.536 INFO             PET0 PIOc_sync Enter - MemInfo: [malloc] Maximum total allocated space:                     0 Byte
20220314 013817.536 INFO             PET0 PIOc_sync Enter - MemInfo: [malloc] Space in freed fastbin blocks:                   144 Byte
20220314 013817.536 INFO             PET0 PIOc_sync Enter - MemInfo: [malloc] Total allocated space:                       5352656 Byte
20220314 013817.536 INFO             PET0 PIOc_sync Enter - MemInfo: [malloc] Total free space:                             246576 Byte
20220314 013817.536 INFO             PET0 PIOc_sync Enter - MemInfo: [malloc] Top-most, releasable space:                   113632 Byte
20220314 013817.536 INFO             PET0 PIOc_sync Enter - MemInfo: [malloc] Total space in use, mmap + non-mmap:        91352272 Byte
20220314 013817.536 INFO             PET0 PIOc_sync Enter - MemInfo: [malloc] Total space held (mmap + non-mmap):         91598848 Byte
20220314 013817.536 INFO             PET0 PIOc_sync Enter - MemInfo: [malloc] Total space used (mmap + non-mmap):         91361632 Byte
20220314 013817.536 INFO             PET0 PIOc_sync Enter - MemInfo: Wall-clock time since execution start:              0.0379724 seconds
20220314 013817.536 INFO             PET0 PIOc_sync Exit - MemInfo: [/proc/meminfo - SSI]	MemTotal:       131394444 kB
20220314 013817.536 INFO             PET0 PIOc_sync Exit - MemInfo: [/proc/meminfo - SSI]	MemFree:        122219796 kB
20220314 013817.536 INFO             PET0 PIOc_sync Exit - MemInfo: [/proc/meminfo - SSI]	MemAvailable:   121890732 kB
20220314 013817.536 INFO             PET0 PIOc_sync Exit - MemInfo: [/proc/meminfo - SSI]	Committed_AS:    4221052 kB
20220314 013817.536 INFO             PET0 PIOc_sync Exit - MemInfo: [/proc/meminfo - SSI]	CommittedPercent: 3.2125 %
20220314 013817.536 INFO             PET0 PIOc_sync Exit - MemInfo: [/proc/self/status]	VmPeak:	 3853864 kB
20220314 013817.536 INFO             PET0 PIOc_sync Exit - MemInfo: [/proc/self/status]	VmSize:	 3852844 kB
20220314 013817.536 INFO             PET0 PIOc_sync Exit - MemInfo: [/proc/self/status]	VmLck:	       0 kB
20220314 013817.536 INFO             PET0 PIOc_sync Exit - MemInfo: [/proc/self/status]	VmPin:	   82140 kB
20220314 013817.536 INFO             PET0 PIOc_sync Exit - MemInfo: [/proc/self/status]	VmHWM:	  170176 kB
20220314 013817.536 INFO             PET0 PIOc_sync Exit - MemInfo: [/proc/self/status]	VmRSS:	  170176 kB
20220314 013817.536 INFO             PET0 PIOc_sync Exit - MemInfo: [/proc/self/status]	VmData:	  269344 kB
20220314 013817.536 INFO             PET0 PIOc_sync Exit - MemInfo: [/proc/self/status]	VmStk:	     512 kB
20220314 013817.536 INFO             PET0 PIOc_sync Exit - MemInfo: [/proc/self/status]	VmExe:	    1944 kB
20220314 013817.536 INFO             PET0 PIOc_sync Exit - MemInfo: [/proc/self/status]	VmLib:	  156408 kB
20220314 013817.536 INFO             PET0 PIOc_sync Exit - MemInfo: [/proc/self/status]	VmPTE:	     824 kB
20220314 013817.536 INFO             PET0 PIOc_sync Exit - MemInfo: [/proc/self/status]	VmPMD:	      32 kB
20220314 013817.536 INFO             PET0 PIOc_sync Exit - MemInfo: [/proc/self/status]	VmSwap:	       0 kB
20220314 013817.536 INFO             PET0 PIOc_sync Exit - MemInfo: [/proc/self/status]	VmRSSPercent: 0.129515 %
20220314 013817.536 INFO             PET0 PIOc_sync Exit - MemInfo: [malloc] Non-mmapped space allocated:                 5599232 Byte
20220314 013817.536 INFO             PET0 PIOc_sync Exit - MemInfo: [malloc] Space allocated in mmapped regions:         85999616 Byte
20220314 013817.536 INFO             PET0 PIOc_sync Exit - MemInfo: [malloc] Maximum total allocated space:                     0 Byte
20220314 013817.536 INFO             PET0 PIOc_sync Exit - MemInfo: [malloc] Space in freed fastbin blocks:                   144 Byte
20220314 013817.536 INFO             PET0 PIOc_sync Exit - MemInfo: [malloc] Total allocated space:                       5351536 Byte
20220314 013817.536 INFO             PET0 PIOc_sync Exit - MemInfo: [malloc] Total free space:                             247696 Byte
20220314 013817.536 INFO             PET0 PIOc_sync Exit - MemInfo: [malloc] Top-most, releasable space:                   114576 Byte
20220314 013817.536 INFO             PET0 PIOc_sync Exit - MemInfo: [malloc] Total space in use, mmap + non-mmap:        91351152 Byte
20220314 013817.536 INFO             PET0 PIOc_sync Exit - MemInfo: [malloc] Total space held (mmap + non-mmap):         91598848 Byte
20220314 013817.536 INFO             PET0 PIOc_sync Exit - MemInfo: [malloc] Total space used (mmap + non-mmap):         91360512 Byte
20220314 013817.536 INFO             PET0 PIOc_sync Exit - MemInfo: Wall-clock time since execution start:               0.038716 seconds
20220314 013817.536 INFO             PET0 PIOc_freedecomp Enter - MemInfo: [/proc/meminfo - SSI]	MemTotal:       131394444 kB
20220314 013817.536 INFO             PET0 PIOc_freedecomp Enter - MemInfo: [/proc/meminfo - SSI]	MemFree:        122219796 kB
20220314 013817.537 INFO             PET0 PIOc_freedecomp Enter - MemInfo: [/proc/meminfo - SSI]	MemAvailable:   121890732 kB
20220314 013817.537 INFO             PET0 PIOc_freedecomp Enter - MemInfo: [/proc/meminfo - SSI]	Committed_AS:    4221052 kB
20220314 013817.537 INFO             PET0 PIOc_freedecomp Enter - MemInfo: [/proc/meminfo - SSI]	CommittedPercent: 3.2125 %
20220314 013817.537 INFO             PET0 PIOc_freedecomp Enter - MemInfo: [/proc/self/status]	VmPeak:	 3853864 kB
20220314 013817.537 INFO             PET0 PIOc_freedecomp Enter - MemInfo: [/proc/self/status]	VmSize:	 3852844 kB
20220314 013817.537 INFO             PET0 PIOc_freedecomp Enter - MemInfo: [/proc/self/status]	VmLck:	       0 kB
20220314 013817.537 INFO             PET0 PIOc_freedecomp Enter - MemInfo: [/proc/self/status]	VmPin:	   82140 kB
20220314 013817.537 INFO             PET0 PIOc_freedecomp Enter - MemInfo: [/proc/self/status]	VmHWM:	  170176 kB
20220314 013817.537 INFO             PET0 PIOc_freedecomp Enter - MemInfo: [/proc/self/status]	VmRSS:	  170176 kB
20220314 013817.537 INFO             PET0 PIOc_freedecomp Enter - MemInfo: [/proc/self/status]	VmData:	  269344 kB
20220314 013817.537 INFO             PET0 PIOc_freedecomp Enter - MemInfo: [/proc/self/status]	VmStk:	     512 kB
20220314 013817.537 INFO             PET0 PIOc_freedecomp Enter - MemInfo: [/proc/self/status]	VmExe:	    1944 kB
20220314 013817.537 INFO             PET0 PIOc_freedecomp Enter - MemInfo: [/proc/self/status]	VmLib:	  156408 kB
20220314 013817.537 INFO             PET0 PIOc_freedecomp Enter - MemInfo: [/proc/self/status]	VmPTE:	     824 kB
20220314 013817.537 INFO             PET0 PIOc_freedecomp Enter - MemInfo: [/proc/self/status]	VmPMD:	      32 kB
20220314 013817.537 INFO             PET0 PIOc_freedecomp Enter - MemInfo: [/proc/self/status]	VmSwap:	       0 kB
20220314 013817.537 INFO             PET0 PIOc_freedecomp Enter - MemInfo: [/proc/self/status]	VmRSSPercent: 0.129515 %
20220314 013817.537 INFO             PET0 PIOc_freedecomp Enter - MemInfo: [malloc] Non-mmapped space allocated:                 5599232 Byte
20220314 013817.537 INFO             PET0 PIOc_freedecomp Enter - MemInfo: [malloc] Space allocated in mmapped regions:         85999616 Byte
20220314 013817.537 INFO             PET0 PIOc_freedecomp Enter - MemInfo: [malloc] Maximum total allocated space:                     0 Byte
20220314 013817.537 INFO             PET0 PIOc_freedecomp Enter - MemInfo: [malloc] Space in freed fastbin blocks:                   656 Byte
20220314 013817.537 INFO             PET0 PIOc_freedecomp Enter - MemInfo: [malloc] Total allocated space:                       2716128 Byte
20220314 013817.537 INFO             PET0 PIOc_freedecomp Enter - MemInfo: [malloc] Total free space:                            2883104 Byte
20220314 013817.537 INFO             PET0 PIOc_freedecomp Enter - MemInfo: [malloc] Top-most, releasable space:                   114576 Byte
20220314 013817.537 INFO             PET0 PIOc_freedecomp Enter - MemInfo: [malloc] Total space in use, mmap + non-mmap:        88715744 Byte
20220314 013817.537 INFO             PET0 PIOc_freedecomp Enter - MemInfo: [malloc] Total space held (mmap + non-mmap):         91598848 Byte
20220314 013817.537 INFO             PET0 PIOc_freedecomp Enter - MemInfo: [malloc] Total space used (mmap + non-mmap):         88725104 Byte
20220314 013817.537 INFO             PET0 PIOc_freedecomp Enter - MemInfo: Wall-clock time since execution start:              0.0393134 seconds
20220314 013817.537 INFO             PET0 PIOc_freedecomp Exit - MemInfo: [/proc/meminfo - SSI]	MemTotal:       131394444 kB
20220314 013817.537 INFO             PET0 PIOc_freedecomp Exit - MemInfo: [/proc/meminfo - SSI]	MemFree:        122219796 kB
20220314 013817.537 INFO             PET0 PIOc_freedecomp Exit - MemInfo: [/proc/meminfo - SSI]	MemAvailable:   121890732 kB
20220314 013817.537 INFO             PET0 PIOc_freedecomp Exit - MemInfo: [/proc/meminfo - SSI]	Committed_AS:    4221052 kB
20220314 013817.537 INFO             PET0 PIOc_freedecomp Exit - MemInfo: [/proc/meminfo - SSI]	CommittedPercent: 3.2125 %
20220314 013817.537 INFO             PET0 PIOc_freedecomp Exit - MemInfo: [/proc/self/status]	VmPeak:	 3853864 kB
20220314 013817.537 INFO             PET0 PIOc_freedecomp Exit - MemInfo: [/proc/self/status]	VmSize:	 3852844 kB
20220314 013817.537 INFO             PET0 PIOc_freedecomp Exit - MemInfo: [/proc/self/status]	VmLck:	       0 kB
20220314 013817.537 INFO             PET0 PIOc_freedecomp Exit - MemInfo: [/proc/self/status]	VmPin:	   82140 kB
20220314 013817.537 INFO             PET0 PIOc_freedecomp Exit - MemInfo: [/proc/self/status]	VmHWM:	  170176 kB
20220314 013817.537 INFO             PET0 PIOc_freedecomp Exit - MemInfo: [/proc/self/status]	VmRSS:	  170176 kB
20220314 013817.537 INFO             PET0 PIOc_freedecomp Exit - MemInfo: [/proc/self/status]	VmData:	  269344 kB
20220314 013817.537 INFO             PET0 PIOc_freedecomp Exit - MemInfo: [/proc/self/status]	VmStk:	     512 kB
20220314 013817.537 INFO             PET0 PIOc_freedecomp Exit - MemInfo: [/proc/self/status]	VmExe:	    1944 kB
20220314 013817.537 INFO             PET0 PIOc_freedecomp Exit - MemInfo: [/proc/self/status]	VmLib:	  156408 kB
20220314 013817.537 INFO             PET0 PIOc_freedecomp Exit - MemInfo: [/proc/self/status]	VmPTE:	     824 kB
20220314 013817.537 INFO             PET0 PIOc_freedecomp Exit - MemInfo: [/proc/self/status]	VmPMD:	      32 kB
20220314 013817.537 INFO             PET0 PIOc_freedecomp Exit - MemInfo: [/proc/self/status]	VmSwap:	       0 kB
20220314 013817.537 INFO             PET0 PIOc_freedecomp Exit - MemInfo: [/proc/self/status]	VmRSSPercent: 0.129515 %
20220314 013817.537 INFO             PET0 PIOc_freedecomp Exit - MemInfo: [malloc] Non-mmapped space allocated:                 5599232 Byte
20220314 013817.537 INFO             PET0 PIOc_freedecomp Exit - MemInfo: [malloc] Space allocated in mmapped regions:         85999616 Byte
20220314 013817.537 INFO             PET0 PIOc_freedecomp Exit - MemInfo: [malloc] Maximum total allocated space:                     0 Byte
20220314 013817.537 INFO             PET0 PIOc_freedecomp Exit - MemInfo: [malloc] Space in freed fastbin blocks:                   272 Byte
20220314 013817.537 INFO             PET0 PIOc_freedecomp Exit - MemInfo: [malloc] Total allocated space:                       2712464 Byte
20220314 013817.537 INFO             PET0 PIOc_freedecomp Exit - MemInfo: [malloc] Total free space:                            2886768 Byte
20220314 013817.537 INFO             PET0 PIOc_freedecomp Exit - MemInfo: [malloc] Top-most, releasable space:                   120544 Byte
20220314 013817.537 INFO             PET0 PIOc_freedecomp Exit - MemInfo: [malloc] Total space in use, mmap + non-mmap:        88712080 Byte
20220314 013817.538 INFO             PET0 PIOc_freedecomp Exit - MemInfo: [malloc] Total space held (mmap + non-mmap):         91598848 Byte
20220314 013817.538 INFO             PET0 PIOc_freedecomp Exit - MemInfo: [malloc] Total space used (mmap + non-mmap):         88721440 Byte
20220314 013817.538 INFO             PET0 PIOc_freedecomp Exit - MemInfo: Wall-clock time since execution start:              0.0398726 seconds
20220314 013817.538 INFO             PET0  PASS  Write multiple Fields with same dimensions to a file, ESMF_FieldIOUTest.F90, line 292
20220314 013817.538 INFO             PET0  PASS  Create grid for field metadata test, ESMF_FieldIOUTest.F90, line 309
20220314 013817.539 INFO             PET0  PASS  Create field with global indices, ESMF_FieldIOUTest.F90, line 316
20220314 013817.539 INFO             PET0  PASS  Get Farray_md from field, ESMF_FieldIOUTest.F90, line 324
20220314 013817.541 INFO             PET0 PIOc_sync Enter - MemInfo: [/proc/meminfo - SSI]	MemTotal:       131394444 kB
20220314 013817.542 INFO             PET0 PIOc_sync Enter - MemInfo: [/proc/meminfo - SSI]	MemFree:        122217812 kB
20220314 013817.542 INFO             PET0 PIOc_sync Enter - MemInfo: [/proc/meminfo - SSI]	MemAvailable:   121888748 kB
20220314 013817.542 INFO             PET0 PIOc_sync Enter - MemInfo: [/proc/meminfo - SSI]	Committed_AS:    4221052 kB
20220314 013817.542 INFO             PET0 PIOc_sync Enter - MemInfo: [/proc/meminfo - SSI]	CommittedPercent: 3.2125 %
20220314 013817.542 INFO             PET0 PIOc_sync Enter - MemInfo: [/proc/self/status]	VmPeak:	 3854904 kB
20220314 013817.542 INFO             PET0 PIOc_sync Enter - MemInfo: [/proc/self/status]	VmSize:	 3854904 kB
20220314 013817.542 INFO             PET0 PIOc_sync Enter - MemInfo: [/proc/self/status]	VmLck:	       0 kB
20220314 013817.542 INFO             PET0 PIOc_sync Enter - MemInfo: [/proc/self/status]	VmPin:	   82140 kB
20220314 013817.542 INFO             PET0 PIOc_sync Enter - MemInfo: [/proc/self/status]	VmHWM:	  172268 kB
20220314 013817.542 INFO             PET0 PIOc_sync Enter - MemInfo: [/proc/self/status]	VmRSS:	  172268 kB
20220314 013817.542 INFO             PET0 PIOc_sync Enter - MemInfo: [/proc/self/status]	VmData:	  271404 kB
20220314 013817.542 INFO             PET0 PIOc_sync Enter - MemInfo: [/proc/self/status]	VmStk:	     512 kB
20220314 013817.542 INFO             PET0 PIOc_sync Enter - MemInfo: [/proc/self/status]	VmExe:	    1944 kB
20220314 013817.542 INFO             PET0 PIOc_sync Enter - MemInfo: [/proc/self/status]	VmLib:	  156408 kB
20220314 013817.542 INFO             PET0 PIOc_sync Enter - MemInfo: [/proc/self/status]	VmPTE:	     828 kB
20220314 013817.542 INFO             PET0 PIOc_sync Enter - MemInfo: [/proc/self/status]	VmPMD:	      32 kB
20220314 013817.542 INFO             PET0 PIOc_sync Enter - MemInfo: [/proc/self/status]	VmSwap:	       0 kB
20220314 013817.542 INFO             PET0 PIOc_sync Enter - MemInfo: [/proc/self/status]	VmRSSPercent: 0.131108 %
20220314 013817.542 INFO             PET0 PIOc_sync Enter - MemInfo: [malloc] Non-mmapped space allocated:                 7708672 Byte
20220314 013817.542 INFO             PET0 PIOc_sync Enter - MemInfo: [malloc] Space allocated in mmapped regions:         85999616 Byte
20220314 013817.542 INFO             PET0 PIOc_sync Enter - MemInfo: [malloc] Maximum total allocated space:                     0 Byte
20220314 013817.542 INFO             PET0 PIOc_sync Enter - MemInfo: [malloc] Space in freed fastbin blocks:                   448 Byte
20220314 013817.542 INFO             PET0 PIOc_sync Enter - MemInfo: [malloc] Total allocated space:                       5370800 Byte
20220314 013817.542 INFO             PET0 PIOc_sync Enter - MemInfo: [malloc] Total free space:                            2337872 Byte
20220314 013817.542 INFO             PET0 PIOc_sync Enter - MemInfo: [malloc] Top-most, releasable space:                   132816 Byte
20220314 013817.542 INFO             PET0 PIOc_sync Enter - MemInfo: [malloc] Total space in use, mmap + non-mmap:        91370416 Byte
20220314 013817.542 INFO             PET0 PIOc_sync Enter - MemInfo: [malloc] Total space held (mmap + non-mmap):         93708288 Byte
20220314 013817.542 INFO             PET0 PIOc_sync Enter - MemInfo: [malloc] Total space used (mmap + non-mmap):         91379776 Byte
20220314 013817.542 INFO             PET0 PIOc_sync Enter - MemInfo: Wall-clock time since execution start:              0.0443567 seconds
20220314 013817.543 INFO             PET0 PIOc_sync Exit - MemInfo: [/proc/meminfo - SSI]	MemTotal:       131394444 kB
20220314 013817.543 INFO             PET0 PIOc_sync Exit - MemInfo: [/proc/meminfo - SSI]	MemFree:        122215764 kB
20220314 013817.543 INFO             PET0 PIOc_sync Exit - MemInfo: [/proc/meminfo - SSI]	MemAvailable:   121886700 kB
20220314 013817.543 INFO             PET0 PIOc_sync Exit - MemInfo: [/proc/meminfo - SSI]	Committed_AS:    4221052 kB
20220314 013817.543 INFO             PET0 PIOc_sync Exit - MemInfo: [/proc/meminfo - SSI]	CommittedPercent: 3.2125 %
20220314 013817.543 INFO             PET0 PIOc_sync Exit - MemInfo: [/proc/self/status]	VmPeak:	 3854904 kB
20220314 013817.543 INFO             PET0 PIOc_sync Exit - MemInfo: [/proc/self/status]	VmSize:	 3854904 kB
20220314 013817.543 INFO             PET0 PIOc_sync Exit - MemInfo: [/proc/self/status]	VmLck:	       0 kB
20220314 013817.543 INFO             PET0 PIOc_sync Exit - MemInfo: [/proc/self/status]	VmPin:	   82140 kB
20220314 013817.543 INFO             PET0 PIOc_sync Exit - MemInfo: [/proc/self/status]	VmHWM:	  174360 kB
20220314 013817.543 INFO             PET0 PIOc_sync Exit - MemInfo: [/proc/self/status]	VmRSS:	  174360 kB
20220314 013817.543 INFO             PET0 PIOc_sync Exit - MemInfo: [/proc/self/status]	VmData:	  271404 kB
20220314 013817.543 INFO             PET0 PIOc_sync Exit - MemInfo: [/proc/self/status]	VmStk:	     512 kB
20220314 013817.543 INFO             PET0 PIOc_sync Exit - MemInfo: [/proc/self/status]	VmExe:	    1944 kB
20220314 013817.543 INFO             PET0 PIOc_sync Exit - MemInfo: [/proc/self/status]	VmLib:	  156408 kB
20220314 013817.543 INFO             PET0 PIOc_sync Exit - MemInfo: [/proc/self/status]	VmPTE:	     832 kB
20220314 013817.543 INFO             PET0 PIOc_sync Exit - MemInfo: [/proc/self/status]	VmPMD:	      32 kB
20220314 013817.543 INFO             PET0 PIOc_sync Exit - MemInfo: [/proc/self/status]	VmSwap:	       0 kB
20220314 013817.543 INFO             PET0 PIOc_sync Exit - MemInfo: [/proc/self/status]	VmRSSPercent: 0.1327 %
20220314 013817.543 INFO             PET0 PIOc_sync Exit - MemInfo: [malloc] Non-mmapped space allocated:                 7708672 Byte
20220314 013817.543 INFO             PET0 PIOc_sync Exit - MemInfo: [malloc] Space allocated in mmapped regions:         85999616 Byte
20220314 013817.543 INFO             PET0 PIOc_sync Exit - MemInfo: [malloc] Maximum total allocated space:                     0 Byte
20220314 013817.543 INFO             PET0 PIOc_sync Exit - MemInfo: [malloc] Space in freed fastbin blocks:                   384 Byte
20220314 013817.543 INFO             PET0 PIOc_sync Exit - MemInfo: [malloc] Total allocated space:                       5369168 Byte
20220314 013817.543 INFO             PET0 PIOc_sync Exit - MemInfo: [malloc] Total free space:                            2339504 Byte
20220314 013817.543 INFO             PET0 PIOc_sync Exit - MemInfo: [malloc] Top-most, releasable space:                   132816 Byte
20220314 013817.543 INFO             PET0 PIOc_sync Exit - MemInfo: [malloc] Total space in use, mmap + non-mmap:        91368784 Byte
20220314 013817.543 INFO             PET0 PIOc_sync Exit - MemInfo: [malloc] Total space held (mmap + non-mmap):         93708288 Byte
20220314 013817.543 INFO             PET0 PIOc_sync Exit - MemInfo: [malloc] Total space used (mmap + non-mmap):         91378144 Byte
20220314 013817.543 INFO             PET0 PIOc_sync Exit - MemInfo: Wall-clock time since execution start:              0.0458222 seconds
20220314 013817.544 INFO             PET0 PIOc_freedecomp Enter - MemInfo: [/proc/meminfo - SSI]	MemTotal:       131394444 kB
20220314 013817.544 INFO             PET0 PIOc_freedecomp Enter - MemInfo: [/proc/meminfo - SSI]	MemFree:        122215764 kB
20220314 013817.544 INFO             PET0 PIOc_freedecomp Enter - MemInfo: [/proc/meminfo - SSI]	MemAvailable:   121886700 kB
20220314 013817.544 INFO             PET0 PIOc_freedecomp Enter - MemInfo: [/proc/meminfo - SSI]	Committed_AS:    4221052 kB
20220314 013817.544 INFO             PET0 PIOc_freedecomp Enter - MemInfo: [/proc/meminfo - SSI]	CommittedPercent: 3.2125 %
20220314 013817.544 INFO             PET0 PIOc_freedecomp Enter - MemInfo: [/proc/self/status]	VmPeak:	 3854904 kB
20220314 013817.544 INFO             PET0 PIOc_freedecomp Enter - MemInfo: [/proc/self/status]	VmSize:	 3854904 kB
20220314 013817.544 INFO             PET0 PIOc_freedecomp Enter - MemInfo: [/proc/self/status]	VmLck:	       0 kB
20220314 013817.544 INFO             PET0 PIOc_freedecomp Enter - MemInfo: [/proc/self/status]	VmPin:	   82140 kB
20220314 013817.544 INFO             PET0 PIOc_freedecomp Enter - MemInfo: [/proc/self/status]	VmHWM:	  174360 kB
20220314 013817.544 INFO             PET0 PIOc_freedecomp Enter - MemInfo: [/proc/self/status]	VmRSS:	  174360 kB
20220314 013817.544 INFO             PET0 PIOc_freedecomp Enter - MemInfo: [/proc/self/status]	VmData:	  271404 kB
20220314 013817.544 INFO             PET0 PIOc_freedecomp Enter - MemInfo: [/proc/self/status]	VmStk:	     512 kB
20220314 013817.544 INFO             PET0 PIOc_freedecomp Enter - MemInfo: [/proc/self/status]	VmExe:	    1944 kB
20220314 013817.544 INFO             PET0 PIOc_freedecomp Enter - MemInfo: [/proc/self/status]	VmLib:	  156408 kB
20220314 013817.544 INFO             PET0 PIOc_freedecomp Enter - MemInfo: [/proc/self/status]	VmPTE:	     832 kB
20220314 013817.544 INFO             PET0 PIOc_freedecomp Enter - MemInfo: [/proc/self/status]	VmPMD:	      32 kB
20220314 013817.544 INFO             PET0 PIOc_freedecomp Enter - MemInfo: [/proc/self/status]	VmSwap:	       0 kB
20220314 013817.544 INFO             PET0 PIOc_freedecomp Enter - MemInfo: [/proc/self/status]	VmRSSPercent: 0.1327 %
20220314 013817.544 INFO             PET0 PIOc_freedecomp Enter - MemInfo: [malloc] Non-mmapped space allocated:                 7708672 Byte
20220314 013817.544 INFO             PET0 PIOc_freedecomp Enter - MemInfo: [malloc] Space allocated in mmapped regions:         85999616 Byte
20220314 013817.544 INFO             PET0 PIOc_freedecomp Enter - MemInfo: [malloc] Maximum total allocated space:                     0 Byte
20220314 013817.544 INFO             PET0 PIOc_freedecomp Enter - MemInfo: [malloc] Space in freed fastbin blocks:                   288 Byte
20220314 013817.544 INFO             PET0 PIOc_freedecomp Enter - MemInfo: [malloc] Total allocated space:                       2734368 Byte
20220314 013817.544 INFO             PET0 PIOc_freedecomp Enter - MemInfo: [malloc] Total free space:                            4974304 Byte
20220314 013817.544 INFO             PET0 PIOc_freedecomp Enter - MemInfo: [malloc] Top-most, releasable space:                  2229984 Byte
20220314 013817.544 INFO             PET0 PIOc_freedecomp Enter - MemInfo: [malloc] Total space in use, mmap + non-mmap:        88733984 Byte
20220314 013817.544 INFO             PET0 PIOc_freedecomp Enter - MemInfo: [malloc] Total space held (mmap + non-mmap):         93708288 Byte
20220314 013817.544 INFO             PET0 PIOc_freedecomp Enter - MemInfo: [malloc] Total space used (mmap + non-mmap):         88743344 Byte
20220314 013817.544 INFO             PET0 PIOc_freedecomp Enter - MemInfo: Wall-clock time since execution start:              0.0465063 seconds
20220314 013817.544 INFO             PET0 PIOc_freedecomp Exit - MemInfo: [/proc/meminfo - SSI]	MemTotal:       131394444 kB
20220314 013817.544 INFO             PET0 PIOc_freedecomp Exit - MemInfo: [/proc/meminfo - SSI]	MemFree:        122215764 kB
20220314 013817.544 INFO             PET0 PIOc_freedecomp Exit - MemInfo: [/proc/meminfo - SSI]	MemAvailable:   121886700 kB
20220314 013817.544 INFO             PET0 PIOc_freedecomp Exit - MemInfo: [/proc/meminfo - SSI]	Committed_AS:    4221052 kB
20220314 013817.544 INFO             PET0 PIOc_freedecomp Exit - MemInfo: [/proc/meminfo - SSI]	CommittedPercent: 3.2125 %
20220314 013817.544 INFO             PET0 PIOc_freedecomp Exit - MemInfo: [/proc/self/status]	VmPeak:	 3854904 kB
20220314 013817.544 INFO             PET0 PIOc_freedecomp Exit - MemInfo: [/proc/self/status]	VmSize:	 3854904 kB
20220314 013817.544 INFO             PET0 PIOc_freedecomp Exit - MemInfo: [/proc/self/status]	VmLck:	       0 kB
20220314 013817.544 INFO             PET0 PIOc_freedecomp Exit - MemInfo: [/proc/self/status]	VmPin:	   82140 kB
20220314 013817.544 INFO             PET0 PIOc_freedecomp Exit - MemInfo: [/proc/self/status]	VmHWM:	  174360 kB
20220314 013817.544 INFO             PET0 PIOc_freedecomp Exit - MemInfo: [/proc/self/status]	VmRSS:	  174360 kB
20220314 013817.544 INFO             PET0 PIOc_freedecomp Exit - MemInfo: [/proc/self/status]	VmData:	  271404 kB
20220314 013817.544 INFO             PET0 PIOc_freedecomp Exit - MemInfo: [/proc/self/status]	VmStk:	     512 kB
20220314 013817.544 INFO             PET0 PIOc_freedecomp Exit - MemInfo: [/proc/self/status]	VmExe:	    1944 kB
20220314 013817.544 INFO             PET0 PIOc_freedecomp Exit - MemInfo: [/proc/self/status]	VmLib:	  156408 kB
20220314 013817.544 INFO             PET0 PIOc_freedecomp Exit - MemInfo: [/proc/self/status]	VmPTE:	     832 kB
20220314 013817.544 INFO             PET0 PIOc_freedecomp Exit - MemInfo: [/proc/self/status]	VmPMD:	      32 kB
20220314 013817.545 INFO             PET0 PIOc_freedecomp Exit - MemInfo: [/proc/self/status]	VmSwap:	       0 kB
20220314 013817.545 INFO             PET0 PIOc_freedecomp Exit - MemInfo: [/proc/self/status]	VmRSSPercent: 0.1327 %
20220314 013817.545 INFO             PET0 PIOc_freedecomp Exit - MemInfo: [malloc] Non-mmapped space allocated:                 7708672 Byte
20220314 013817.545 INFO             PET0 PIOc_freedecomp Exit - MemInfo: [malloc] Space allocated in mmapped regions:         85999616 Byte
20220314 013817.545 INFO             PET0 PIOc_freedecomp Exit - MemInfo: [malloc] Maximum total allocated space:                     0 Byte
20220314 013817.545 INFO             PET0 PIOc_freedecomp Exit - MemInfo: [malloc] Space in freed fastbin blocks:                   272 Byte
20220314 013817.545 INFO             PET0 PIOc_freedecomp Exit - MemInfo: [malloc] Total allocated space:                       2727552 Byte
20220314 013817.545 INFO             PET0 PIOc_freedecomp Exit - MemInfo: [malloc] Total free space:                            4981120 Byte
20220314 013817.545 INFO             PET0 PIOc_freedecomp Exit - MemInfo: [malloc] Top-most, releasable space:                  2229984 Byte
20220314 013817.545 INFO             PET0 PIOc_freedecomp Exit - MemInfo: [malloc] Total space in use, mmap + non-mmap:        88727168 Byte
20220314 013817.545 INFO             PET0 PIOc_freedecomp Exit - MemInfo: [malloc] Total space held (mmap + non-mmap):         93708288 Byte
20220314 013817.545 INFO             PET0 PIOc_freedecomp Exit - MemInfo: [malloc] Total space used (mmap + non-mmap):         88736528 Byte
20220314 013817.545 INFO             PET0 PIOc_freedecomp Exit - MemInfo: Wall-clock time since execution start:              0.0470559 seconds
20220314 013817.545 INFO             PET0  PASS  Write Field to NetCDF file, ESMF_FieldIOUTest.F90, line 348
20220314 013817.545 INFO             PET0  PASS  Confirm NetCDF metadata - open file, ESMF_FieldIOUTest.F90, line 359
20220314 013817.545 INFO             PET0  PASS  Confirm NetCDF metadata - check dim 1, ESMF_FieldIOUTest.F90, line 369
20220314 013817.545 INFO             PET0  PASS  Confirm NetCDF metadata - check dim 1 len, ESMF_FieldIOUTest.F90, line 379
20220314 013817.545 INFO             PET0  PASS  Confirm NetCDF metadata - check dim 2, ESMF_FieldIOUTest.F90, line 389
20220314 013817.545 INFO             PET0  PASS  Confirm NetCDF metadata - check dim 2 len, ESMF_FieldIOUTest.F90, line 399
20220314 013817.545 INFO             PET0  PASS  Confirm NetCDF metadata - variable exists, ESMF_FieldIOUTest.F90, line 409
20220314 013817.546 INFO             PET0  PASS  Confirm NetCDF metadata - variable has expected dims, ESMF_FieldIOUTest.F90, line 420
20220314 013817.546 INFO             PET0  PASS  Confirm NetCDF data - check data for field, ESMF_FieldIOUTest.F90, line 445
20220314 013817.546 INFO             PET0  PASS  Confirm NetCDF data - close file, ESMF_FieldIOUTest.F90, line 456
20220314 013817.550 INFO             PET0 PIOc_sync Enter - MemInfo: [/proc/meminfo - SSI]	MemTotal:       131394444 kB
20220314 013817.550 INFO             PET0 PIOc_sync Enter - MemInfo: [/proc/meminfo - SSI]	MemFree:        122211300 kB
20220314 013817.550 INFO             PET0 PIOc_sync Enter - MemInfo: [/proc/meminfo - SSI]	MemAvailable:   121882236 kB
20220314 013817.550 INFO             PET0 PIOc_sync Enter - MemInfo: [/proc/meminfo - SSI]	Committed_AS:    4221052 kB
20220314 013817.550 INFO             PET0 PIOc_sync Enter - MemInfo: [/proc/meminfo - SSI]	CommittedPercent: 3.2125 %
20220314 013817.550 INFO             PET0 PIOc_sync Enter - MemInfo: [/proc/self/status]	VmPeak:	 3855924 kB
20220314 013817.550 INFO             PET0 PIOc_sync Enter - MemInfo: [/proc/self/status]	VmSize:	 3854904 kB
20220314 013817.550 INFO             PET0 PIOc_sync Enter - MemInfo: [/proc/self/status]	VmLck:	       0 kB
20220314 013817.550 INFO             PET0 PIOc_sync Enter - MemInfo: [/proc/self/status]	VmPin:	   82140 kB
20220314 013817.550 INFO             PET0 PIOc_sync Enter - MemInfo: [/proc/self/status]	VmHWM:	  174548 kB
20220314 013817.550 INFO             PET0 PIOc_sync Enter - MemInfo: [/proc/self/status]	VmRSS:	  174548 kB
20220314 013817.550 INFO             PET0 PIOc_sync Enter - MemInfo: [/proc/self/status]	VmData:	  271404 kB
20220314 013817.550 INFO             PET0 PIOc_sync Enter - MemInfo: [/proc/self/status]	VmStk:	     512 kB
20220314 013817.550 INFO             PET0 PIOc_sync Enter - MemInfo: [/proc/self/status]	VmExe:	    1944 kB
20220314 013817.550 INFO             PET0 PIOc_sync Enter - MemInfo: [/proc/self/status]	VmLib:	  156408 kB
20220314 013817.550 INFO             PET0 PIOc_sync Enter - MemInfo: [/proc/self/status]	VmPTE:	     832 kB
20220314 013817.550 INFO             PET0 PIOc_sync Enter - MemInfo: [/proc/self/status]	VmPMD:	      32 kB
20220314 013817.550 INFO             PET0 PIOc_sync Enter - MemInfo: [/proc/self/status]	VmSwap:	       0 kB
20220314 013817.550 INFO             PET0 PIOc_sync Enter - MemInfo: [/proc/self/status]	VmRSSPercent: 0.132843 %
20220314 013817.550 INFO             PET0 PIOc_sync Enter - MemInfo: [malloc] Non-mmapped space allocated:                 7708672 Byte
20220314 013817.550 INFO             PET0 PIOc_sync Enter - MemInfo: [malloc] Space allocated in mmapped regions:         85999616 Byte
20220314 013817.550 INFO             PET0 PIOc_sync Enter - MemInfo: [malloc] Maximum total allocated space:                     0 Byte
20220314 013817.551 INFO             PET0 PIOc_sync Enter - MemInfo: [malloc] Space in freed fastbin blocks:                   448 Byte
20220314 013817.551 INFO             PET0 PIOc_sync Enter - MemInfo: [malloc] Total allocated space:                       5372976 Byte
20220314 013817.551 INFO             PET0 PIOc_sync Enter - MemInfo: [malloc] Total free space:                            2335696 Byte
20220314 013817.551 INFO             PET0 PIOc_sync Enter - MemInfo: [malloc] Top-most, releasable space:                   132816 Byte
20220314 013817.551 INFO             PET0 PIOc_sync Enter - MemInfo: [malloc] Total space in use, mmap + non-mmap:        91372592 Byte
20220314 013817.551 INFO             PET0 PIOc_sync Enter - MemInfo: [malloc] Total space held (mmap + non-mmap):         93708288 Byte
20220314 013817.551 INFO             PET0 PIOc_sync Enter - MemInfo: [malloc] Total space used (mmap + non-mmap):         91381952 Byte
20220314 013817.551 INFO             PET0 PIOc_sync Enter - MemInfo: Wall-clock time since execution start:                0.05296 seconds
20220314 013817.551 INFO             PET0 PIOc_sync Exit - MemInfo: [/proc/meminfo - SSI]	MemTotal:       131394444 kB
20220314 013817.551 INFO             PET0 PIOc_sync Exit - MemInfo: [/proc/meminfo - SSI]	MemFree:        122211300 kB
20220314 013817.551 INFO             PET0 PIOc_sync Exit - MemInfo: [/proc/meminfo - SSI]	MemAvailable:   121882236 kB
20220314 013817.551 INFO             PET0 PIOc_sync Exit - MemInfo: [/proc/meminfo - SSI]	Committed_AS:    4221052 kB
20220314 013817.551 INFO             PET0 PIOc_sync Exit - MemInfo: [/proc/meminfo - SSI]	CommittedPercent: 3.2125 %
20220314 013817.551 INFO             PET0 PIOc_sync Exit - MemInfo: [/proc/self/status]	VmPeak:	 3855924 kB
20220314 013817.551 INFO             PET0 PIOc_sync Exit - MemInfo: [/proc/self/status]	VmSize:	 3854904 kB
20220314 013817.551 INFO             PET0 PIOc_sync Exit - MemInfo: [/proc/self/status]	VmLck:	       0 kB
20220314 013817.551 INFO             PET0 PIOc_sync Exit - MemInfo: [/proc/self/status]	VmPin:	   82140 kB
20220314 013817.551 INFO             PET0 PIOc_sync Exit - MemInfo: [/proc/self/status]	VmHWM:	  174580 kB
20220314 013817.551 INFO             PET0 PIOc_sync Exit - MemInfo: [/proc/self/status]	VmRSS:	  174580 kB
20220314 013817.551 INFO             PET0 PIOc_sync Exit - MemInfo: [/proc/self/status]	VmData:	  271404 kB
20220314 013817.551 INFO             PET0 PIOc_sync Exit - MemInfo: [/proc/self/status]	VmStk:	     512 kB
20220314 013817.551 INFO             PET0 PIOc_sync Exit - MemInfo: [/proc/self/status]	VmExe:	    1944 kB
20220314 013817.551 INFO             PET0 PIOc_sync Exit - MemInfo: [/proc/self/status]	VmLib:	  156408 kB
20220314 013817.551 INFO             PET0 PIOc_sync Exit - MemInfo: [/proc/self/status]	VmPTE:	     832 kB
20220314 013817.551 INFO             PET0 PIOc_sync Exit - MemInfo: [/proc/self/status]	VmPMD:	      32 kB
20220314 013817.551 INFO             PET0 PIOc_sync Exit - MemInfo: [/proc/self/status]	VmSwap:	       0 kB
20220314 013817.552 INFO             PET0 PIOc_sync Exit - MemInfo: [/proc/self/status]	VmRSSPercent: 0.132867 %
20220314 013817.552 INFO             PET0 PIOc_sync Exit - MemInfo: [malloc] Non-mmapped space allocated:                 7708672 Byte
20220314 013817.552 INFO             PET0 PIOc_sync Exit - MemInfo: [malloc] Space allocated in mmapped regions:         85999616 Byte
20220314 013817.552 INFO             PET0 PIOc_sync Exit - MemInfo: [malloc] Maximum total allocated space:                     0 Byte
20220314 013817.552 INFO             PET0 PIOc_sync Exit - MemInfo: [malloc] Space in freed fastbin blocks:                   384 Byte
20220314 013817.552 INFO             PET0 PIOc_sync Exit - MemInfo: [malloc] Total allocated space:                       5371536 Byte
20220314 013817.552 INFO             PET0 PIOc_sync Exit - MemInfo: [malloc] Total free space:                            2337136 Byte
20220314 013817.552 INFO             PET0 PIOc_sync Exit - MemInfo: [malloc] Top-most, releasable space:                   132816 Byte
20220314 013817.552 INFO             PET0 PIOc_sync Exit - MemInfo: [malloc] Total space in use, mmap + non-mmap:        91371152 Byte
20220314 013817.552 INFO             PET0 PIOc_sync Exit - MemInfo: [malloc] Total space held (mmap + non-mmap):         93708288 Byte
20220314 013817.552 INFO             PET0 PIOc_sync Exit - MemInfo: [malloc] Total space used (mmap + non-mmap):         91380512 Byte
20220314 013817.552 INFO             PET0 PIOc_sync Exit - MemInfo: Wall-clock time since execution start:              0.0540304 seconds
20220314 013817.552 INFO             PET0 PIOc_freedecomp Enter - MemInfo: [/proc/meminfo - SSI]	MemTotal:       131394444 kB
20220314 013817.552 INFO             PET0 PIOc_freedecomp Enter - MemInfo: [/proc/meminfo - SSI]	MemFree:        122211300 kB
20220314 013817.552 INFO             PET0 PIOc_freedecomp Enter - MemInfo: [/proc/meminfo - SSI]	MemAvailable:   121882236 kB
20220314 013817.552 INFO             PET0 PIOc_freedecomp Enter - MemInfo: [/proc/meminfo - SSI]	Committed_AS:    4221052 kB
20220314 013817.552 INFO             PET0 PIOc_freedecomp Enter - MemInfo: [/proc/meminfo - SSI]	CommittedPercent: 3.2125 %
20220314 013817.552 INFO             PET0 PIOc_freedecomp Enter - MemInfo: [/proc/self/status]	VmPeak:	 3855924 kB
20220314 013817.552 INFO             PET0 PIOc_freedecomp Enter - MemInfo: [/proc/self/status]	VmSize:	 3854904 kB
20220314 013817.552 INFO             PET0 PIOc_freedecomp Enter - MemInfo: [/proc/self/status]	VmLck:	       0 kB
20220314 013817.552 INFO             PET0 PIOc_freedecomp Enter - MemInfo: [/proc/self/status]	VmPin:	   82140 kB
20220314 013817.552 INFO             PET0 PIOc_freedecomp Enter - MemInfo: [/proc/self/status]	VmHWM:	  174580 kB
20220314 013817.552 INFO             PET0 PIOc_freedecomp Enter - MemInfo: [/proc/self/status]	VmRSS:	  174580 kB
20220314 013817.552 INFO             PET0 PIOc_freedecomp Enter - MemInfo: [/proc/self/status]	VmData:	  271404 kB
20220314 013817.552 INFO             PET0 PIOc_freedecomp Enter - MemInfo: [/proc/self/status]	VmStk:	     512 kB
20220314 013817.552 INFO             PET0 PIOc_freedecomp Enter - MemInfo: [/proc/self/status]	VmExe:	    1944 kB
20220314 013817.552 INFO             PET0 PIOc_freedecomp Enter - MemInfo: [/proc/self/status]	VmLib:	  156408 kB
20220314 013817.552 INFO             PET0 PIOc_freedecomp Enter - MemInfo: [/proc/self/status]	VmPTE:	     832 kB
20220314 013817.552 INFO             PET0 PIOc_freedecomp Enter - MemInfo: [/proc/self/status]	VmPMD:	      32 kB
20220314 013817.552 INFO             PET0 PIOc_freedecomp Enter - MemInfo: [/proc/self/status]	VmSwap:	       0 kB
20220314 013817.552 INFO             PET0 PIOc_freedecomp Enter - MemInfo: [/proc/self/status]	VmRSSPercent: 0.132867 %
20220314 013817.552 INFO             PET0 PIOc_freedecomp Enter - MemInfo: [malloc] Non-mmapped space allocated:                 7708672 Byte
20220314 013817.552 INFO             PET0 PIOc_freedecomp Enter - MemInfo: [malloc] Space allocated in mmapped regions:         85999616 Byte
20220314 013817.552 INFO             PET0 PIOc_freedecomp Enter - MemInfo: [malloc] Maximum total allocated space:                     0 Byte
20220314 013817.552 INFO             PET0 PIOc_freedecomp Enter - MemInfo: [malloc] Space in freed fastbin blocks:                   576 Byte
20220314 013817.552 INFO             PET0 PIOc_freedecomp Enter - MemInfo: [malloc] Total allocated space:                       2736688 Byte
20220314 013817.552 INFO             PET0 PIOc_freedecomp Enter - MemInfo: [malloc] Total free space:                            4971984 Byte
20220314 013817.552 INFO             PET0 PIOc_freedecomp Enter - MemInfo: [malloc] Top-most, releasable space:                  2229984 Byte
20220314 013817.552 INFO             PET0 PIOc_freedecomp Enter - MemInfo: [malloc] Total space in use, mmap + non-mmap:        88736304 Byte
20220314 013817.552 INFO             PET0 PIOc_freedecomp Enter - MemInfo: [malloc] Total space held (mmap + non-mmap):         93708288 Byte
20220314 013817.552 INFO             PET0 PIOc_freedecomp Enter - MemInfo: [malloc] Total space used (mmap + non-mmap):         88745664 Byte
20220314 013817.552 INFO             PET0 PIOc_freedecomp Enter - MemInfo: Wall-clock time since execution start:              0.0547076 seconds
20220314 013817.552 INFO             PET0 PIOc_freedecomp Exit - MemInfo: [/proc/meminfo - SSI]	MemTotal:       131394444 kB
20220314 013817.552 INFO             PET0 PIOc_freedecomp Exit - MemInfo: [/proc/meminfo - SSI]	MemFree:        122211300 kB
20220314 013817.552 INFO             PET0 PIOc_freedecomp Exit - MemInfo: [/proc/meminfo - SSI]	MemAvailable:   121882236 kB
20220314 013817.552 INFO             PET0 PIOc_freedecomp Exit - MemInfo: [/proc/meminfo - SSI]	Committed_AS:    4221052 kB
20220314 013817.553 INFO             PET0 PIOc_freedecomp Exit - MemInfo: [/proc/meminfo - SSI]	CommittedPercent: 3.2125 %
20220314 013817.553 INFO             PET0 PIOc_freedecomp Exit - MemInfo: [/proc/self/status]	VmPeak:	 3855924 kB
20220314 013817.553 INFO             PET0 PIOc_freedecomp Exit - MemInfo: [/proc/self/status]	VmSize:	 3854904 kB
20220314 013817.553 INFO             PET0 PIOc_freedecomp Exit - MemInfo: [/proc/self/status]	VmLck:	       0 kB
20220314 013817.553 INFO             PET0 PIOc_freedecomp Exit - MemInfo: [/proc/self/status]	VmPin:	   82140 kB
20220314 013817.553 INFO             PET0 PIOc_freedecomp Exit - MemInfo: [/proc/self/status]	VmHWM:	  174580 kB
20220314 013817.553 INFO             PET0 PIOc_freedecomp Exit - MemInfo: [/proc/self/status]	VmRSS:	  174580 kB
20220314 013817.553 INFO             PET0 PIOc_freedecomp Exit - MemInfo: [/proc/self/status]	VmData:	  271404 kB
20220314 013817.553 INFO             PET0 PIOc_freedecomp Exit - MemInfo: [/proc/self/status]	VmStk:	     512 kB
20220314 013817.553 INFO             PET0 PIOc_freedecomp Exit - MemInfo: [/proc/self/status]	VmExe:	    1944 kB
20220314 013817.553 INFO             PET0 PIOc_freedecomp Exit - MemInfo: [/proc/self/status]	VmLib:	  156408 kB
20220314 013817.553 INFO             PET0 PIOc_freedecomp Exit - MemInfo: [/proc/self/status]	VmPTE:	     832 kB
20220314 013817.553 INFO             PET0 PIOc_freedecomp Exit - MemInfo: [/proc/self/status]	VmPMD:	      32 kB
20220314 013817.553 INFO             PET0 PIOc_freedecomp Exit - MemInfo: [/proc/self/status]	VmSwap:	       0 kB
20220314 013817.553 INFO             PET0 PIOc_freedecomp Exit - MemInfo: [/proc/self/status]	VmRSSPercent: 0.132867 %
20220314 013817.553 INFO             PET0 PIOc_freedecomp Exit - MemInfo: [malloc] Non-mmapped space allocated:                 7708672 Byte
20220314 013817.553 INFO             PET0 PIOc_freedecomp Exit - MemInfo: [malloc] Space allocated in mmapped regions:         85999616 Byte
20220314 013817.553 INFO             PET0 PIOc_freedecomp Exit - MemInfo: [malloc] Maximum total allocated space:                     0 Byte
20220314 013817.553 INFO             PET0 PIOc_freedecomp Exit - MemInfo: [malloc] Space in freed fastbin blocks:                   272 Byte
20220314 013817.553 INFO             PET0 PIOc_freedecomp Exit - MemInfo: [malloc] Total allocated space:                       2732384 Byte
20220314 013817.553 INFO             PET0 PIOc_freedecomp Exit - MemInfo: [malloc] Total free space:                            4976288 Byte
20220314 013817.553 INFO             PET0 PIOc_freedecomp Exit - MemInfo: [malloc] Top-most, releasable space:                  2229984 Byte
20220314 013817.553 INFO             PET0 PIOc_freedecomp Exit - MemInfo: [malloc] Total space in use, mmap + non-mmap:        88732000 Byte
20220314 013817.553 INFO             PET0 PIOc_freedecomp Exit - MemInfo: [malloc] Total space held (mmap + non-mmap):         93708288 Byte
20220314 013817.553 INFO             PET0 PIOc_freedecomp Exit - MemInfo: [malloc] Total space used (mmap + non-mmap):         88741360 Byte
20220314 013817.553 INFO             PET0 PIOc_freedecomp Exit - MemInfo: Wall-clock time since execution start:              0.0552504 seconds
20220314 013817.555 INFO             PET0 PIOc_sync Enter - MemInfo: [/proc/meminfo - SSI]	MemTotal:       131394444 kB
20220314 013817.555 INFO             PET0 PIOc_sync Enter - MemInfo: [/proc/meminfo - SSI]	MemFree:        122211300 kB
20220314 013817.555 INFO             PET0 PIOc_sync Enter - MemInfo: [/proc/meminfo - SSI]	MemAvailable:   121882236 kB
20220314 013817.555 INFO             PET0 PIOc_sync Enter - MemInfo: [/proc/meminfo - SSI]	Committed_AS:    4221052 kB
20220314 013817.555 INFO             PET0 PIOc_sync Enter - MemInfo: [/proc/meminfo - SSI]	CommittedPercent: 3.2125 %
20220314 013817.555 INFO             PET0 PIOc_sync Enter - MemInfo: [/proc/self/status]	VmPeak:	 3855924 kB
20220314 013817.555 INFO             PET0 PIOc_sync Enter - MemInfo: [/proc/self/status]	VmSize:	 3854904 kB
20220314 013817.555 INFO             PET0 PIOc_sync Enter - MemInfo: [/proc/self/status]	VmLck:	       0 kB
20220314 013817.556 INFO             PET0 PIOc_sync Enter - MemInfo: [/proc/self/status]	VmPin:	   82140 kB
20220314 013817.556 INFO             PET0 PIOc_sync Enter - MemInfo: [/proc/self/status]	VmHWM:	  174856 kB
20220314 013817.556 INFO             PET0 PIOc_sync Enter - MemInfo: [/proc/self/status]	VmRSS:	  174856 kB
20220314 013817.556 INFO             PET0 PIOc_sync Enter - MemInfo: [/proc/self/status]	VmData:	  271404 kB
20220314 013817.556 INFO             PET0 PIOc_sync Enter - MemInfo: [/proc/self/status]	VmStk:	     512 kB
20220314 013817.556 INFO             PET0 PIOc_sync Enter - MemInfo: [/proc/self/status]	VmExe:	    1944 kB
20220314 013817.556 INFO             PET0 PIOc_sync Enter - MemInfo: [/proc/self/status]	VmLib:	  156408 kB
20220314 013817.556 INFO             PET0 PIOc_sync Enter - MemInfo: [/proc/self/status]	VmPTE:	     832 kB
20220314 013817.556 INFO             PET0 PIOc_sync Enter - MemInfo: [/proc/self/status]	VmPMD:	      32 kB
20220314 013817.556 INFO             PET0 PIOc_sync Enter - MemInfo: [/proc/self/status]	VmSwap:	       0 kB
20220314 013817.556 INFO             PET0 PIOc_sync Enter - MemInfo: [/proc/self/status]	VmRSSPercent: 0.133077 %
20220314 013817.556 INFO             PET0 PIOc_sync Enter - MemInfo: [malloc] Non-mmapped space allocated:                 7708672 Byte
20220314 013817.556 INFO             PET0 PIOc_sync Enter - MemInfo: [malloc] Space allocated in mmapped regions:         85999616 Byte
20220314 013817.556 INFO             PET0 PIOc_sync Enter - MemInfo: [malloc] Maximum total allocated space:                     0 Byte
20220314 013817.556 INFO             PET0 PIOc_sync Enter - MemInfo: [malloc] Space in freed fastbin blocks:                   448 Byte
20220314 013817.556 INFO             PET0 PIOc_sync Enter - MemInfo: [malloc] Total allocated space:                       5376096 Byte
20220314 013817.556 INFO             PET0 PIOc_sync Enter - MemInfo: [malloc] Total free space:                            2332576 Byte
20220314 013817.556 INFO             PET0 PIOc_sync Enter - MemInfo: [malloc] Top-most, releasable space:                   132816 Byte
20220314 013817.556 INFO             PET0 PIOc_sync Enter - MemInfo: [malloc] Total space in use, mmap + non-mmap:        91375712 Byte
20220314 013817.556 INFO             PET0 PIOc_sync Enter - MemInfo: [malloc] Total space held (mmap + non-mmap):         93708288 Byte
20220314 013817.556 INFO             PET0 PIOc_sync Enter - MemInfo: [malloc] Total space used (mmap + non-mmap):         91385072 Byte
20220314 013817.556 INFO             PET0 PIOc_sync Enter - MemInfo: Wall-clock time since execution start:              0.0581725 seconds
20220314 013817.556 INFO             PET0 PIOc_sync Exit - MemInfo: [/proc/meminfo - SSI]	MemTotal:       131394444 kB
20220314 013817.556 INFO             PET0 PIOc_sync Exit - MemInfo: [/proc/meminfo - SSI]	MemFree:        122211300 kB
20220314 013817.556 INFO             PET0 PIOc_sync Exit - MemInfo: [/proc/meminfo - SSI]	MemAvailable:   121882236 kB
20220314 013817.556 INFO             PET0 PIOc_sync Exit - MemInfo: [/proc/meminfo - SSI]	Committed_AS:    4221052 kB
20220314 013817.556 INFO             PET0 PIOc_sync Exit - MemInfo: [/proc/meminfo - SSI]	CommittedPercent: 3.2125 %
20220314 013817.556 INFO             PET0 PIOc_sync Exit - MemInfo: [/proc/self/status]	VmPeak:	 3855924 kB
20220314 013817.557 INFO             PET0 PIOc_sync Exit - MemInfo: [/proc/self/status]	VmSize:	 3854904 kB
20220314 013817.557 INFO             PET0 PIOc_sync Exit - MemInfo: [/proc/self/status]	VmLck:	       0 kB
20220314 013817.557 INFO             PET0 PIOc_sync Exit - MemInfo: [/proc/self/status]	VmPin:	   82140 kB
20220314 013817.557 INFO             PET0 PIOc_sync Exit - MemInfo: [/proc/self/status]	VmHWM:	  174884 kB
20220314 013817.557 INFO             PET0 PIOc_sync Exit - MemInfo: [/proc/self/status]	VmRSS:	  174884 kB
20220314 013817.557 INFO             PET0 PIOc_sync Exit - MemInfo: [/proc/self/status]	VmData:	  271404 kB
20220314 013817.557 INFO             PET0 PIOc_sync Exit - MemInfo: [/proc/self/status]	VmStk:	     512 kB
20220314 013817.557 INFO             PET0 PIOc_sync Exit - MemInfo: [/proc/self/status]	VmExe:	    1944 kB
20220314 013817.557 INFO             PET0 PIOc_sync Exit - MemInfo: [/proc/self/status]	VmLib:	  156408 kB
20220314 013817.557 INFO             PET0 PIOc_sync Exit - MemInfo: [/proc/self/status]	VmPTE:	     832 kB
20220314 013817.557 INFO             PET0 PIOc_sync Exit - MemInfo: [/proc/self/status]	VmPMD:	      32 kB
20220314 013817.557 INFO             PET0 PIOc_sync Exit - MemInfo: [/proc/self/status]	VmSwap:	       0 kB
20220314 013817.557 INFO             PET0 PIOc_sync Exit - MemInfo: [/proc/self/status]	VmRSSPercent: 0.133098 %
20220314 013817.557 INFO             PET0 PIOc_sync Exit - MemInfo: [malloc] Non-mmapped space allocated:                 7708672 Byte
20220314 013817.557 INFO             PET0 PIOc_sync Exit - MemInfo: [malloc] Space allocated in mmapped regions:         85999616 Byte
20220314 013817.557 INFO             PET0 PIOc_sync Exit - MemInfo: [malloc] Maximum total allocated space:                     0 Byte
20220314 013817.557 INFO             PET0 PIOc_sync Exit - MemInfo: [malloc] Space in freed fastbin blocks:                   384 Byte
20220314 013817.557 INFO             PET0 PIOc_sync Exit - MemInfo: [malloc] Total allocated space:                       5374976 Byte
20220314 013817.557 INFO             PET0 PIOc_sync Exit - MemInfo: [malloc] Total free space:                            2333696 Byte
20220314 013817.557 INFO             PET0 PIOc_sync Exit - MemInfo: [malloc] Top-most, releasable space:                   132816 Byte
20220314 013817.557 INFO             PET0 PIOc_sync Exit - MemInfo: [malloc] Total space in use, mmap + non-mmap:        91374592 Byte
