build time -- 2022-03-13 01:18:47.579298
20220313 013145.663 INFO             PET0 !!!!!!!!!!!!!!!!!!!!!!!!!!!!!!!!!!!!!!!!!!!!!!!!!!!!!!
20220313 013145.663 INFO             PET0 !!! THE ESMF_LOG IS SET TO OUTPUT ALL LOG MESSAGES !!!
20220313 013145.663 INFO             PET0 !!!     THIS MAY CAUSE SLOWDOWN IN PERFORMANCE     !!!
20220313 013145.663 INFO             PET0 !!! FOR PRODUCTION RUNS, USE:                      !!!
20220313 013145.663 INFO             PET0 !!!                   ESMF_LOGKIND_Multi_On_Error  !!!
20220313 013145.663 INFO             PET0 !!!!!!!!!!!!!!!!!!!!!!!!!!!!!!!!!!!!!!!!!!!!!!!!!!!!!!
20220313 013145.663 INFO             PET0 Running with ESMF Version   : v8.3.0b09-96-g559b459836
20220313 013145.663 INFO             PET0 ESMF library build date/time: "Mar 13 2022" "01:16:11"
20220313 013145.663 INFO             PET0 ESMF library build location : /gpfsm/dnb04/projects/p98/mpotts/esmf/intel_2020_intelmpi_g_jedwards_pio_update2
20220313 013145.663 INFO             PET0 ESMF_COMM                   : intelmpi
20220313 013145.664 INFO             PET0 ESMF_MOAB                   : enabled
20220313 013145.664 INFO             PET0 ESMF_LAPACK                 : enabled
20220313 013145.664 INFO             PET0 ESMF_NETCDF                 : enabled
20220313 013145.664 INFO             PET0 ESMF_PNETCDF                : disabled
20220313 013145.664 INFO             PET0 ESMF_PIO                    : enabled
20220313 013145.664 INFO             PET0 ESMF_YAMLCPP                : enabled
20220313 013145.664 INFO             PET0  Beginning Test, file ESMF_RouteHandleAdvancedUTest.F90, line 346
20220313 013145.664 INFO             PET0  NUMBER_OF_PROCESSORS           4
20220313 013145.693 INFO             PET0 ESMF_FieldRedistStoreNF(): Just entered routine.
20220313 013146.464 INFO             PET0 ESMF_FieldRedistStoreNF(): Leaving routine.
20220313 013146.464 INFO             PET0  PASS  Create RouteHandle for the original petList, ESMF_RouteHandleAdvancedUTest.F90, line 511
20220313 013146.464 INFO             PET0  PASS  Test RouteHandleIsCreated(), ESMF_RouteHandleAdvancedUTest.F90, line 519
20220313 013146.465 INFO             PET0  PASS  Test RouteHandleIsCreated() return value, ESMF_RouteHandleAdvancedUTest.F90, line 526
20220313 013146.465 INFO             PET0  PASS  Test RouteHandleGet(), ESMF_RouteHandleAdvancedUTest.F90, line 534
20220313 013146.473 INFO             PET0  PASS  Test RouteHandleWrite(), ESMF_RouteHandleAdvancedUTest.F90, line 542
20220313 013146.474 INFO             PET0  PASS  Test RouteHandleDestroy(), ESMF_RouteHandleAdvancedUTest.F90, line 550
20220313 013146.476 INFO             PET0  PASS  Test RouteHandleCreate(from file), ESMF_RouteHandleAdvancedUTest.F90, line 558
20220313 013146.476 INFO             PET0  PASS  Apply the read in Routehandle, ESMF_RouteHandleAdvancedUTest.F90, line 567
20220313 013146.476 INFO             PET0  PASS  Test RouteHandleDestroy() for the read in Routehandle, ESMF_RouteHandleAdvancedUTest.F90, line 575
20220313 013146.476 INFO             PET0 ESMF_FieldRedistStoreNF(): Just entered routine.
20220313 013147.253 INFO             PET0 ESMF_FieldRedistStoreNF(): Leaving routine.
20220313 013147.253 INFO             PET0  PASS  Create RouteHandle for the original petList, ESMF_RouteHandleAdvancedUTest.F90, line 585
20220313 013147.254 INFO             PET0  PASS  Transfer RouteHandle to a different petList, ESMF_RouteHandleAdvancedUTest.F90, line 602
20220313 013147.294 INFO             PET0 PIOc_sync Enter - MemInfo: [/proc/meminfo - SSI]	MemTotal:       131394444 kB
20220313 013147.294 INFO             PET0 PIOc_sync Enter - MemInfo: [/proc/meminfo - SSI]	MemFree:        123698068 kB
20220313 013147.294 INFO             PET0 PIOc_sync Enter - MemInfo: [/proc/meminfo - SSI]	MemAvailable:   123402584 kB
20220313 013147.294 INFO             PET0 PIOc_sync Enter - MemInfo: [/proc/meminfo - SSI]	Committed_AS:    4449348 kB
20220313 013147.294 INFO             PET0 PIOc_sync Enter - MemInfo: [/proc/meminfo - SSI]	CommittedPercent: 3.38625 %
20220313 013147.294 INFO             PET0 PIOc_sync Enter - MemInfo: [/proc/self/status]	VmPeak:	 3878952 kB
20220313 013147.294 INFO             PET0 PIOc_sync Enter - MemInfo: [/proc/self/status]	VmSize:	 3878952 kB
20220313 013147.294 INFO             PET0 PIOc_sync Enter - MemInfo: [/proc/self/status]	VmLck:	       0 kB
20220313 013147.294 INFO             PET0 PIOc_sync Enter - MemInfo: [/proc/self/status]	VmPin:	   82140 kB
20220313 013147.294 INFO             PET0 PIOc_sync Enter - MemInfo: [/proc/self/status]	VmHWM:	  193796 kB
20220313 013147.294 INFO             PET0 PIOc_sync Enter - MemInfo: [/proc/self/status]	VmRSS:	  193796 kB
20220313 013147.294 INFO             PET0 PIOc_sync Enter - MemInfo: [/proc/self/status]	VmData:	  295604 kB
20220313 013147.294 INFO             PET0 PIOc_sync Enter - MemInfo: [/proc/self/status]	VmStk:	     512 kB
20220313 013147.294 INFO             PET0 PIOc_sync Enter - MemInfo: [/proc/self/status]	VmExe:	    1800 kB
20220313 013147.294 INFO             PET0 PIOc_sync Enter - MemInfo: [/proc/self/status]	VmLib:	  156408 kB
20220313 013147.294 INFO             PET0 PIOc_sync Enter - MemInfo: [/proc/self/status]	VmPTE:	     868 kB
20220313 013147.294 INFO             PET0 PIOc_sync Enter - MemInfo: [/proc/self/status]	VmPMD:	      32 kB
20220313 013147.294 INFO             PET0 PIOc_sync Enter - MemInfo: [/proc/self/status]	VmSwap:	       0 kB
20220313 013147.294 INFO             PET0 PIOc_sync Enter - MemInfo: [/proc/self/status]	VmRSSPercent: 0.147492 %
20220313 013147.295 INFO             PET0 PIOc_sync Enter - MemInfo: [malloc] Non-mmapped space allocated:                13615104 Byte
20220313 013147.295 INFO             PET0 PIOc_sync Enter - MemInfo: [malloc] Space allocated in mmapped regions:         85999616 Byte
20220313 013147.295 INFO             PET0 PIOc_sync Enter - MemInfo: [malloc] Maximum total allocated space:                     0 Byte
20220313 013147.295 INFO             PET0 PIOc_sync Enter - MemInfo: [malloc] Space in freed fastbin blocks:                   512 Byte
20220313 013147.295 INFO             PET0 PIOc_sync Enter - MemInfo: [malloc] Total allocated space:                       6413632 Byte
20220313 013147.295 INFO             PET0 PIOc_sync Enter - MemInfo: [malloc] Total free space:                            7201472 Byte
20220313 013147.295 INFO             PET0 PIOc_sync Enter - MemInfo: [malloc] Top-most, releasable space:                  2492912 Byte
20220313 013147.295 INFO             PET0 PIOc_sync Enter - MemInfo: [malloc] Total space in use, mmap + non-mmap:        92413248 Byte
20220313 013147.295 INFO             PET0 PIOc_sync Enter - MemInfo: [malloc] Total space held (mmap + non-mmap):         99614720 Byte
20220313 013147.295 INFO             PET0 PIOc_sync Enter - MemInfo: [malloc] Total space used (mmap + non-mmap):         92422608 Byte
20220313 013147.295 INFO             PET0 PIOc_sync Enter - MemInfo: Wall-clock time since execution start:                1.63924 seconds
20220313 013147.297 INFO             PET0 PIOc_sync Exit - MemInfo: [/proc/meminfo - SSI]	MemTotal:       131394444 kB
20220313 013147.297 INFO             PET0 PIOc_sync Exit - MemInfo: [/proc/meminfo - SSI]	MemFree:        123695648 kB
20220313 013147.297 INFO             PET0 PIOc_sync Exit - MemInfo: [/proc/meminfo - SSI]	MemAvailable:   123400164 kB
20220313 013147.297 INFO             PET0 PIOc_sync Exit - MemInfo: [/proc/meminfo - SSI]	Committed_AS:    4449348 kB
20220313 013147.297 INFO             PET0 PIOc_sync Exit - MemInfo: [/proc/meminfo - SSI]	CommittedPercent: 3.38625 %
20220313 013147.297 INFO             PET0 PIOc_sync Exit - MemInfo: [/proc/self/status]	VmPeak:	 3881000 kB
20220313 013147.297 INFO             PET0 PIOc_sync Exit - MemInfo: [/proc/self/status]	VmSize:	 3881000 kB
20220313 013147.297 INFO             PET0 PIOc_sync Exit - MemInfo: [/proc/self/status]	VmLck:	       0 kB
20220313 013147.297 INFO             PET0 PIOc_sync Exit - MemInfo: [/proc/self/status]	VmPin:	   82140 kB
20220313 013147.297 INFO             PET0 PIOc_sync Exit - MemInfo: [/proc/self/status]	VmHWM:	  196024 kB
20220313 013147.297 INFO             PET0 PIOc_sync Exit - MemInfo: [/proc/self/status]	VmRSS:	  196024 kB
20220313 013147.297 INFO             PET0 PIOc_sync Exit - MemInfo: [/proc/self/status]	VmData:	  297652 kB
20220313 013147.297 INFO             PET0 PIOc_sync Exit - MemInfo: [/proc/self/status]	VmStk:	     512 kB
20220313 013147.297 INFO             PET0 PIOc_sync Exit - MemInfo: [/proc/self/status]	VmExe:	    1800 kB
20220313 013147.297 INFO             PET0 PIOc_sync Exit - MemInfo: [/proc/self/status]	VmLib:	  156408 kB
20220313 013147.297 INFO             PET0 PIOc_sync Exit - MemInfo: [/proc/self/status]	VmPTE:	     872 kB
20220313 013147.297 INFO             PET0 PIOc_sync Exit - MemInfo: [/proc/self/status]	VmPMD:	      32 kB
20220313 013147.297 INFO             PET0 PIOc_sync Exit - MemInfo: [/proc/self/status]	VmSwap:	       0 kB
20220313 013147.297 INFO             PET0 PIOc_sync Exit - MemInfo: [/proc/self/status]	VmRSSPercent: 0.149187 %
20220313 013147.297 INFO             PET0 PIOc_sync Exit - MemInfo: [malloc] Non-mmapped space allocated:                13615104 Byte
20220313 013147.297 INFO             PET0 PIOc_sync Exit - MemInfo: [malloc] Space allocated in mmapped regions:         85999616 Byte
20220313 013147.297 INFO             PET0 PIOc_sync Exit - MemInfo: [malloc] Maximum total allocated space:                     0 Byte
20220313 013147.297 INFO             PET0 PIOc_sync Exit - MemInfo: [malloc] Space in freed fastbin blocks:                   560 Byte
20220313 013147.297 INFO             PET0 PIOc_sync Exit - MemInfo: [malloc] Total allocated space:                       6412896 Byte
20220313 013147.297 INFO             PET0 PIOc_sync Exit - MemInfo: [malloc] Total free space:                            7202208 Byte
20220313 013147.297 INFO             PET0 PIOc_sync Exit - MemInfo: [malloc] Top-most, releasable space:                  2492912 Byte
20220313 013147.297 INFO             PET0 PIOc_sync Exit - MemInfo: [malloc] Total space in use, mmap + non-mmap:        92412512 Byte
20220313 013147.297 INFO             PET0 PIOc_sync Exit - MemInfo: [malloc] Total space held (mmap + non-mmap):         99614720 Byte
20220313 013147.297 INFO             PET0 PIOc_sync Exit - MemInfo: [malloc] Total space used (mmap + non-mmap):         92421872 Byte
20220313 013147.297 INFO             PET0 PIOc_sync Exit - MemInfo: Wall-clock time since execution start:                1.64162 seconds
20220313 013147.297 INFO             PET0 PIOc_freedecomp Enter - MemInfo: [/proc/meminfo - SSI]	MemTotal:       131394444 kB
20220313 013147.297 INFO             PET0 PIOc_freedecomp Enter - MemInfo: [/proc/meminfo - SSI]	MemFree:        123695648 kB
20220313 013147.297 INFO             PET0 PIOc_freedecomp Enter - MemInfo: [/proc/meminfo - SSI]	MemAvailable:   123400164 kB
20220313 013147.297 INFO             PET0 PIOc_freedecomp Enter - MemInfo: [/proc/meminfo - SSI]	Committed_AS:    4449348 kB
20220313 013147.297 INFO             PET0 PIOc_freedecomp Enter - MemInfo: [/proc/meminfo - SSI]	CommittedPercent: 3.38625 %
20220313 013147.297 INFO             PET0 PIOc_freedecomp Enter - MemInfo: [/proc/self/status]	VmPeak:	 3881000 kB
20220313 013147.297 INFO             PET0 PIOc_freedecomp Enter - MemInfo: [/proc/self/status]	VmSize:	 3881000 kB
20220313 013147.297 INFO             PET0 PIOc_freedecomp Enter - MemInfo: [/proc/self/status]	VmLck:	       0 kB
20220313 013147.297 INFO             PET0 PIOc_freedecomp Enter - MemInfo: [/proc/self/status]	VmPin:	   82140 kB
20220313 013147.297 INFO             PET0 PIOc_freedecomp Enter - MemInfo: [/proc/self/status]	VmHWM:	  196028 kB
20220313 013147.297 INFO             PET0 PIOc_freedecomp Enter - MemInfo: [/proc/self/status]	VmRSS:	  196028 kB
20220313 013147.297 INFO             PET0 PIOc_freedecomp Enter - MemInfo: [/proc/self/status]	VmData:	  297652 kB
20220313 013147.297 INFO             PET0 PIOc_freedecomp Enter - MemInfo: [/proc/self/status]	VmStk:	     512 kB
20220313 013147.297 INFO             PET0 PIOc_freedecomp Enter - MemInfo: [/proc/self/status]	VmExe:	    1800 kB
20220313 013147.297 INFO             PET0 PIOc_freedecomp Enter - MemInfo: [/proc/self/status]	VmLib:	  156408 kB
20220313 013147.297 INFO             PET0 PIOc_freedecomp Enter - MemInfo: [/proc/self/status]	VmPTE:	     872 kB
20220313 013147.297 INFO             PET0 PIOc_freedecomp Enter - MemInfo: [/proc/self/status]	VmPMD:	      32 kB
20220313 013147.297 INFO             PET0 PIOc_freedecomp Enter - MemInfo: [/proc/self/status]	VmSwap:	       0 kB
20220313 013147.297 INFO             PET0 PIOc_freedecomp Enter - MemInfo: [/proc/self/status]	VmRSSPercent: 0.14919 %
20220313 013147.297 INFO             PET0 PIOc_freedecomp Enter - MemInfo: [malloc] Non-mmapped space allocated:                13615104 Byte
20220313 013147.298 INFO             PET0 PIOc_freedecomp Enter - MemInfo: [malloc] Space allocated in mmapped regions:         85999616 Byte
20220313 013147.298 INFO             PET0 PIOc_freedecomp Enter - MemInfo: [malloc] Maximum total allocated space:                     0 Byte
20220313 013147.298 INFO             PET0 PIOc_freedecomp Enter - MemInfo: [malloc] Space in freed fastbin blocks:                   272 Byte
20220313 013147.298 INFO             PET0 PIOc_freedecomp Enter - MemInfo: [malloc] Total allocated space:                       3778144 Byte
20220313 013147.298 INFO             PET0 PIOc_freedecomp Enter - MemInfo: [malloc] Total free space:                            9836960 Byte
20220313 013147.298 INFO             PET0 PIOc_freedecomp Enter - MemInfo: [malloc] Top-most, releasable space:                  2492912 Byte
20220313 013147.298 INFO             PET0 PIOc_freedecomp Enter - MemInfo: [malloc] Total space in use, mmap + non-mmap:        89777760 Byte
20220313 013147.298 INFO             PET0 PIOc_freedecomp Enter - MemInfo: [malloc] Total space held (mmap + non-mmap):         99614720 Byte
20220313 013147.298 INFO             PET0 PIOc_freedecomp Enter - MemInfo: [malloc] Total space used (mmap + non-mmap):         89787120 Byte
20220313 013147.298 INFO             PET0 PIOc_freedecomp Enter - MemInfo: Wall-clock time since execution start:                 1.6422 seconds
20220313 013147.298 INFO             PET0 PIOc_freedecomp Exit - MemInfo: [/proc/meminfo - SSI]	MemTotal:       131394444 kB
20220313 013147.298 INFO             PET0 PIOc_freedecomp Exit - MemInfo: [/proc/meminfo - SSI]	MemFree:        123695648 kB
20220313 013147.298 INFO             PET0 PIOc_freedecomp Exit - MemInfo: [/proc/meminfo - SSI]	MemAvailable:   123400164 kB
20220313 013147.298 INFO             PET0 PIOc_freedecomp Exit - MemInfo: [/proc/meminfo - SSI]	Committed_AS:    4449348 kB
20220313 013147.298 INFO             PET0 PIOc_freedecomp Exit - MemInfo: [/proc/meminfo - SSI]	CommittedPercent: 3.38625 %
20220313 013147.298 INFO             PET0 PIOc_freedecomp Exit - MemInfo: [/proc/self/status]	VmPeak:	 3881000 kB
20220313 013147.298 INFO             PET0 PIOc_freedecomp Exit - MemInfo: [/proc/self/status]	VmSize:	 3881000 kB
20220313 013147.298 INFO             PET0 PIOc_freedecomp Exit - MemInfo: [/proc/self/status]	VmLck:	       0 kB
20220313 013147.298 INFO             PET0 PIOc_freedecomp Exit - MemInfo: [/proc/self/status]	VmPin:	   82140 kB
20220313 013147.298 INFO             PET0 PIOc_freedecomp Exit - MemInfo: [/proc/self/status]	VmHWM:	  196032 kB
20220313 013147.298 INFO             PET0 PIOc_freedecomp Exit - MemInfo: [/proc/self/status]	VmRSS:	  196032 kB
20220313 013147.298 INFO             PET0 PIOc_freedecomp Exit - MemInfo: [/proc/self/status]	VmData:	  297652 kB
20220313 013147.298 INFO             PET0 PIOc_freedecomp Exit - MemInfo: [/proc/self/status]	VmStk:	     512 kB
20220313 013147.298 INFO             PET0 PIOc_freedecomp Exit - MemInfo: [/proc/self/status]	VmExe:	    1800 kB
20220313 013147.298 INFO             PET0 PIOc_freedecomp Exit - MemInfo: [/proc/self/status]	VmLib:	  156408 kB
20220313 013147.298 INFO             PET0 PIOc_freedecomp Exit - MemInfo: [/proc/self/status]	VmPTE:	     872 kB
20220313 013147.298 INFO             PET0 PIOc_freedecomp Exit - MemInfo: [/proc/self/status]	VmPMD:	      32 kB
20220313 013147.298 INFO             PET0 PIOc_freedecomp Exit - MemInfo: [/proc/self/status]	VmSwap:	       0 kB
20220313 013147.298 INFO             PET0 PIOc_freedecomp Exit - MemInfo: [/proc/self/status]	VmRSSPercent: 0.149194 %
20220313 013147.298 INFO             PET0 PIOc_freedecomp Exit - MemInfo: [malloc] Non-mmapped space allocated:                13615104 Byte
20220313 013147.298 INFO             PET0 PIOc_freedecomp Exit - MemInfo: [malloc] Space allocated in mmapped regions:         85999616 Byte
20220313 013147.298 INFO             PET0 PIOc_freedecomp Exit - MemInfo: [malloc] Maximum total allocated space:                     0 Byte
20220313 013147.298 INFO             PET0 PIOc_freedecomp Exit - MemInfo: [malloc] Space in freed fastbin blocks:                   272 Byte
20220313 013147.298 INFO             PET0 PIOc_freedecomp Exit - MemInfo: [malloc] Total allocated space:                       3776688 Byte
20220313 013147.298 INFO             PET0 PIOc_freedecomp Exit - MemInfo: [malloc] Total free space:                            9838416 Byte
20220313 013147.298 INFO             PET0 PIOc_freedecomp Exit - MemInfo: [malloc] Top-most, releasable space:                  2492912 Byte
20220313 013147.298 INFO             PET0 PIOc_freedecomp Exit - MemInfo: [malloc] Total space in use, mmap + non-mmap:        89776304 Byte
20220313 013147.298 INFO             PET0 PIOc_freedecomp Exit - MemInfo: [malloc] Total space held (mmap + non-mmap):         99614720 Byte
20220313 013147.298 INFO             PET0 PIOc_freedecomp Exit - MemInfo: [malloc] Total space used (mmap + non-mmap):         89785664 Byte
20220313 013147.298 INFO             PET0 PIOc_freedecomp Exit - MemInfo: Wall-clock time since execution start:                1.64274 seconds
20220313 013147.299 INFO             PET0 PIOc_sync Enter - MemInfo: [/proc/meminfo - SSI]	MemTotal:       131394444 kB
20220313 013147.299 INFO             PET0 PIOc_sync Enter - MemInfo: [/proc/meminfo - SSI]	MemFree:        123695648 kB
20220313 013147.299 INFO             PET0 PIOc_sync Enter - MemInfo: [/proc/meminfo - SSI]	MemAvailable:   123400164 kB
20220313 013147.299 INFO             PET0 PIOc_sync Enter - MemInfo: [/proc/meminfo - SSI]	Committed_AS:    4449348 kB
20220313 013147.299 INFO             PET0 PIOc_sync Enter - MemInfo: [/proc/meminfo - SSI]	CommittedPercent: 3.38625 %
20220313 013147.299 INFO             PET0 PIOc_sync Enter - MemInfo: [/proc/self/status]	VmPeak:	 3882020 kB
20220313 013147.299 INFO             PET0 PIOc_sync Enter - MemInfo: [/proc/self/status]	VmSize:	 3881000 kB
20220313 013147.299 INFO             PET0 PIOc_sync Enter - MemInfo: [/proc/self/status]	VmLck:	       0 kB
20220313 013147.299 INFO             PET0 PIOc_sync Enter - MemInfo: [/proc/self/status]	VmPin:	   82140 kB
20220313 013147.299 INFO             PET0 PIOc_sync Enter - MemInfo: [/proc/self/status]	VmHWM:	  196100 kB
20220313 013147.299 INFO             PET0 PIOc_sync Enter - MemInfo: [/proc/self/status]	VmRSS:	  196100 kB
20220313 013147.299 INFO             PET0 PIOc_sync Enter - MemInfo: [/proc/self/status]	VmData:	  297652 kB
20220313 013147.299 INFO             PET0 PIOc_sync Enter - MemInfo: [/proc/self/status]	VmStk:	     512 kB
20220313 013147.299 INFO             PET0 PIOc_sync Enter - MemInfo: [/proc/self/status]	VmExe:	    1800 kB
20220313 013147.299 INFO             PET0 PIOc_sync Enter - MemInfo: [/proc/self/status]	VmLib:	  156408 kB
20220313 013147.299 INFO             PET0 PIOc_sync Enter - MemInfo: [/proc/self/status]	VmPTE:	     872 kB
20220313 013147.299 INFO             PET0 PIOc_sync Enter - MemInfo: [/proc/self/status]	VmPMD:	      32 kB
20220313 013147.300 INFO             PET0 PIOc_sync Enter - MemInfo: [/proc/self/status]	VmSwap:	       0 kB
20220313 013147.300 INFO             PET0 PIOc_sync Enter - MemInfo: [/proc/self/status]	VmRSSPercent: 0.149245 %
20220313 013147.300 INFO             PET0 PIOc_sync Enter - MemInfo: [malloc] Non-mmapped space allocated:                13615104 Byte
20220313 013147.300 INFO             PET0 PIOc_sync Enter - MemInfo: [malloc] Space allocated in mmapped regions:         85999616 Byte
20220313 013147.300 INFO             PET0 PIOc_sync Enter - MemInfo: [malloc] Maximum total allocated space:                     0 Byte
20220313 013147.300 INFO             PET0 PIOc_sync Enter - MemInfo: [malloc] Space in freed fastbin blocks:                   144 Byte
20220313 013147.300 INFO             PET0 PIOc_sync Enter - MemInfo: [malloc] Total allocated space:                       6414384 Byte
20220313 013147.300 INFO             PET0 PIOc_sync Enter - MemInfo: [malloc] Total free space:                            7200720 Byte
20220313 013147.300 INFO             PET0 PIOc_sync Enter - MemInfo: [malloc] Top-most, releasable space:                  2492912 Byte
20220313 013147.300 INFO             PET0 PIOc_sync Enter - MemInfo: [malloc] Total space in use, mmap + non-mmap:        92414000 Byte
20220313 013147.300 INFO             PET0 PIOc_sync Enter - MemInfo: [malloc] Total space held (mmap + non-mmap):         99614720 Byte
20220313 013147.300 INFO             PET0 PIOc_sync Enter - MemInfo: [malloc] Total space used (mmap + non-mmap):         92423360 Byte
20220313 013147.300 INFO             PET0 PIOc_sync Enter - MemInfo: Wall-clock time since execution start:                1.64427 seconds
20220313 013147.300 INFO             PET0 PIOc_sync Exit - MemInfo: [/proc/meminfo - SSI]	MemTotal:       131394444 kB
20220313 013147.300 INFO             PET0 PIOc_sync Exit - MemInfo: [/proc/meminfo - SSI]	MemFree:        123695648 kB
20220313 013147.300 INFO             PET0 PIOc_sync Exit - MemInfo: [/proc/meminfo - SSI]	MemAvailable:   123400164 kB
20220313 013147.300 INFO             PET0 PIOc_sync Exit - MemInfo: [/proc/meminfo - SSI]	Committed_AS:    4449348 kB
20220313 013147.300 INFO             PET0 PIOc_sync Exit - MemInfo: [/proc/meminfo - SSI]	CommittedPercent: 3.38625 %
20220313 013147.300 INFO             PET0 PIOc_sync Exit - MemInfo: [/proc/self/status]	VmPeak:	 3882020 kB
20220313 013147.300 INFO             PET0 PIOc_sync Exit - MemInfo: [/proc/self/status]	VmSize:	 3881000 kB
20220313 013147.300 INFO             PET0 PIOc_sync Exit - MemInfo: [/proc/self/status]	VmLck:	       0 kB
20220313 013147.300 INFO             PET0 PIOc_sync Exit - MemInfo: [/proc/self/status]	VmPin:	   82140 kB
20220313 013147.300 INFO             PET0 PIOc_sync Exit - MemInfo: [/proc/self/status]	VmHWM:	  196128 kB
20220313 013147.300 INFO             PET0 PIOc_sync Exit - MemInfo: [/proc/self/status]	VmRSS:	  196128 kB
20220313 013147.300 INFO             PET0 PIOc_sync Exit - MemInfo: [/proc/self/status]	VmData:	  297652 kB
20220313 013147.300 INFO             PET0 PIOc_sync Exit - MemInfo: [/proc/self/status]	VmStk:	     512 kB
20220313 013147.300 INFO             PET0 PIOc_sync Exit - MemInfo: [/proc/self/status]	VmExe:	    1800 kB
20220313 013147.300 INFO             PET0 PIOc_sync Exit - MemInfo: [/proc/self/status]	VmLib:	  156408 kB
20220313 013147.301 INFO             PET0 PIOc_sync Exit - MemInfo: [/proc/self/status]	VmPTE:	     872 kB
20220313 013147.301 INFO             PET0 PIOc_sync Exit - MemInfo: [/proc/self/status]	VmPMD:	      32 kB
20220313 013147.301 INFO             PET0 PIOc_sync Exit - MemInfo: [/proc/self/status]	VmSwap:	       0 kB
20220313 013147.301 INFO             PET0 PIOc_sync Exit - MemInfo: [/proc/self/status]	VmRSSPercent: 0.149267 %
20220313 013147.301 INFO             PET0 PIOc_sync Exit - MemInfo: [malloc] Non-mmapped space allocated:                13615104 Byte
20220313 013147.301 INFO             PET0 PIOc_sync Exit - MemInfo: [malloc] Space allocated in mmapped regions:         85999616 Byte
20220313 013147.301 INFO             PET0 PIOc_sync Exit - MemInfo: [malloc] Maximum total allocated space:                     0 Byte
20220313 013147.301 INFO             PET0 PIOc_sync Exit - MemInfo: [malloc] Space in freed fastbin blocks:                   736 Byte
20220313 013147.301 INFO             PET0 PIOc_sync Exit - MemInfo: [malloc] Total allocated space:                       6413648 Byte
20220313 013147.301 INFO             PET0 PIOc_sync Exit - MemInfo: [malloc] Total free space:                            7201456 Byte
20220313 013147.301 INFO             PET0 PIOc_sync Exit - MemInfo: [malloc] Top-most, releasable space:                  2492912 Byte
20220313 013147.301 INFO             PET0 PIOc_sync Exit - MemInfo: [malloc] Total space in use, mmap + non-mmap:        92413264 Byte
20220313 013147.301 INFO             PET0 PIOc_sync Exit - MemInfo: [malloc] Total space held (mmap + non-mmap):         99614720 Byte
20220313 013147.301 INFO             PET0 PIOc_sync Exit - MemInfo: [malloc] Total space used (mmap + non-mmap):         92422624 Byte
20220313 013147.301 INFO             PET0 PIOc_sync Exit - MemInfo: Wall-clock time since execution start:                 1.6453 seconds
20220313 013147.302 INFO             PET0 PIOc_freedecomp Enter - MemInfo: [/proc/meminfo - SSI]	MemTotal:       131394444 kB
20220313 013147.302 INFO             PET0 PIOc_freedecomp Enter - MemInfo: [/proc/meminfo - SSI]	MemFree:        123695648 kB
20220313 013147.302 INFO             PET0 PIOc_freedecomp Enter - MemInfo: [/proc/meminfo - SSI]	MemAvailable:   123400164 kB
20220313 013147.302 INFO             PET0 PIOc_freedecomp Enter - MemInfo: [/proc/meminfo - SSI]	Committed_AS:    4449348 kB
20220313 013147.302 INFO             PET0 PIOc_freedecomp Enter - MemInfo: [/proc/meminfo - SSI]	CommittedPercent: 3.38625 %
20220313 013147.302 INFO             PET0 PIOc_freedecomp Enter - MemInfo: [/proc/self/status]	VmPeak:	 3882020 kB
20220313 013147.302 INFO             PET0 PIOc_freedecomp Enter - MemInfo: [/proc/self/status]	VmSize:	 3881000 kB
20220313 013147.302 INFO             PET0 PIOc_freedecomp Enter - MemInfo: [/proc/self/status]	VmLck:	       0 kB
20220313 013147.302 INFO             PET0 PIOc_freedecomp Enter - MemInfo: [/proc/self/status]	VmPin:	   82140 kB
20220313 013147.302 INFO             PET0 PIOc_freedecomp Enter - MemInfo: [/proc/self/status]	VmHWM:	  196128 kB
20220313 013147.302 INFO             PET0 PIOc_freedecomp Enter - MemInfo: [/proc/self/status]	VmRSS:	  196128 kB
20220313 013147.302 INFO             PET0 PIOc_freedecomp Enter - MemInfo: [/proc/self/status]	VmData:	  297652 kB
20220313 013147.302 INFO             PET0 PIOc_freedecomp Enter - MemInfo: [/proc/self/status]	VmStk:	     512 kB
20220313 013147.302 INFO             PET0 PIOc_freedecomp Enter - MemInfo: [/proc/self/status]	VmExe:	    1800 kB
20220313 013147.302 INFO             PET0 PIOc_freedecomp Enter - MemInfo: [/proc/self/status]	VmLib:	  156408 kB
20220313 013147.302 INFO             PET0 PIOc_freedecomp Enter - MemInfo: [/proc/self/status]	VmPTE:	     872 kB
20220313 013147.302 INFO             PET0 PIOc_freedecomp Enter - MemInfo: [/proc/self/status]	VmPMD:	      32 kB
20220313 013147.302 INFO             PET0 PIOc_freedecomp Enter - MemInfo: [/proc/self/status]	VmSwap:	       0 kB
20220313 013147.302 INFO             PET0 PIOc_freedecomp Enter - MemInfo: [/proc/self/status]	VmRSSPercent: 0.149267 %
20220313 013147.302 INFO             PET0 PIOc_freedecomp Enter - MemInfo: [malloc] Non-mmapped space allocated:                13615104 Byte
20220313 013147.302 INFO             PET0 PIOc_freedecomp Enter - MemInfo: [malloc] Space allocated in mmapped regions:         85999616 Byte
20220313 013147.302 INFO             PET0 PIOc_freedecomp Enter - MemInfo: [malloc] Maximum total allocated space:                     0 Byte
20220313 013147.302 INFO             PET0 PIOc_freedecomp Enter - MemInfo: [malloc] Space in freed fastbin blocks:                   368 Byte
20220313 013147.302 INFO             PET0 PIOc_freedecomp Enter - MemInfo: [malloc] Total allocated space:                       3778144 Byte
20220313 013147.302 INFO             PET0 PIOc_freedecomp Enter - MemInfo: [malloc] Total free space:                            9836960 Byte
20220313 013147.302 INFO             PET0 PIOc_freedecomp Enter - MemInfo: [malloc] Top-most, releasable space:                  2492912 Byte
20220313 013147.302 INFO             PET0 PIOc_freedecomp Enter - MemInfo: [malloc] Total space in use, mmap + non-mmap:        89777760 Byte
20220313 013147.302 INFO             PET0 PIOc_freedecomp Enter - MemInfo: [malloc] Total space held (mmap + non-mmap):         99614720 Byte
20220313 013147.302 INFO             PET0 PIOc_freedecomp Enter - MemInfo: [malloc] Total space used (mmap + non-mmap):         89787120 Byte
20220313 013147.302 INFO             PET0 PIOc_freedecomp Enter - MemInfo: Wall-clock time since execution start:                1.64693 seconds
20220313 013147.302 INFO             PET0 PIOc_freedecomp Exit - MemInfo: [/proc/meminfo - SSI]	MemTotal:       131394444 kB
20220313 013147.302 INFO             PET0 PIOc_freedecomp Exit - MemInfo: [/proc/meminfo - SSI]	MemFree:        123695648 kB
20220313 013147.302 INFO             PET0 PIOc_freedecomp Exit - MemInfo: [/proc/meminfo - SSI]	MemAvailable:   123400164 kB
20220313 013147.302 INFO             PET0 PIOc_freedecomp Exit - MemInfo: [/proc/meminfo - SSI]	Committed_AS:    4449348 kB
20220313 013147.303 INFO             PET0 PIOc_freedecomp Exit - MemInfo: [/proc/meminfo - SSI]	CommittedPercent: 3.38625 %
20220313 013147.303 INFO             PET0 PIOc_freedecomp Exit - MemInfo: [/proc/self/status]	VmPeak:	 3882020 kB
20220313 013147.303 INFO             PET0 PIOc_freedecomp Exit - MemInfo: [/proc/self/status]	VmSize:	 3881000 kB
20220313 013147.303 INFO             PET0 PIOc_freedecomp Exit - MemInfo: [/proc/self/status]	VmLck:	       0 kB
20220313 013147.303 INFO             PET0 PIOc_freedecomp Exit - MemInfo: [/proc/self/status]	VmPin:	   82140 kB
20220313 013147.303 INFO             PET0 PIOc_freedecomp Exit - MemInfo: [/proc/self/status]	VmHWM:	  196128 kB
20220313 013147.303 INFO             PET0 PIOc_freedecomp Exit - MemInfo: [/proc/self/status]	VmRSS:	  196128 kB
20220313 013147.303 INFO             PET0 PIOc_freedecomp Exit - MemInfo: [/proc/self/status]	VmData:	  297652 kB
20220313 013147.303 INFO             PET0 PIOc_freedecomp Exit - MemInfo: [/proc/self/status]	VmStk:	     512 kB
20220313 013147.303 INFO             PET0 PIOc_freedecomp Exit - MemInfo: [/proc/self/status]	VmExe:	    1800 kB
20220313 013147.303 INFO             PET0 PIOc_freedecomp Exit - MemInfo: [/proc/self/status]	VmLib:	  156408 kB
20220313 013147.303 INFO             PET0 PIOc_freedecomp Exit - MemInfo: [/proc/self/status]	VmPTE:	     872 kB
20220313 013147.303 INFO             PET0 PIOc_freedecomp Exit - MemInfo: [/proc/self/status]	VmPMD:	      32 kB
20220313 013147.303 INFO             PET0 PIOc_freedecomp Exit - MemInfo: [/proc/self/status]	VmSwap:	       0 kB
20220313 013147.303 INFO             PET0 PIOc_freedecomp Exit - MemInfo: [/proc/self/status]	VmRSSPercent: 0.149267 %
20220313 013147.303 INFO             PET0 PIOc_freedecomp Exit - MemInfo: [malloc] Non-mmapped space allocated:                13615104 Byte
20220313 013147.303 INFO             PET0 PIOc_freedecomp Exit - MemInfo: [malloc] Space allocated in mmapped regions:         85999616 Byte
20220313 013147.303 INFO             PET0 PIOc_freedecomp Exit - MemInfo: [malloc] Maximum total allocated space:                     0 Byte
20220313 013147.303 INFO             PET0 PIOc_freedecomp Exit - MemInfo: [malloc] Space in freed fastbin blocks:                   352 Byte
20220313 013147.303 INFO             PET0 PIOc_freedecomp Exit - MemInfo: [malloc] Total allocated space:                       3776688 Byte
20220313 013147.303 INFO             PET0 PIOc_freedecomp Exit - MemInfo: [malloc] Total free space:                            9838416 Byte
20220313 013147.303 INFO             PET0 PIOc_freedecomp Exit - MemInfo: [malloc] Top-most, releasable space:                  2492912 Byte
20220313 013147.303 INFO             PET0 PIOc_freedecomp Exit - MemInfo: [malloc] Total space in use, mmap + non-mmap:        89776304 Byte
20220313 013147.303 INFO             PET0 PIOc_freedecomp Exit - MemInfo: [malloc] Total space held (mmap + non-mmap):         99614720 Byte
20220313 013147.303 INFO             PET0 PIOc_freedecomp Exit - MemInfo: [malloc] Total space used (mmap + non-mmap):         89785664 Byte
20220313 013147.303 INFO             PET0 PIOc_freedecomp Exit - MemInfo: Wall-clock time since execution start:                1.64746 seconds
20220313 013147.304 INFO             PET0 PIOc_sync Enter - MemInfo: [/proc/meminfo - SSI]	MemTotal:       131394444 kB
20220313 013147.304 INFO             PET0 PIOc_sync Enter - MemInfo: [/proc/meminfo - SSI]	MemFree:        123695648 kB
20220313 013147.304 INFO             PET0 PIOc_sync Enter - MemInfo: [/proc/meminfo - SSI]	MemAvailable:   123400164 kB
20220313 013147.304 INFO             PET0 PIOc_sync Enter - MemInfo: [/proc/meminfo - SSI]	Committed_AS:    4449348 kB
20220313 013147.304 INFO             PET0 PIOc_sync Enter - MemInfo: [/proc/meminfo - SSI]	CommittedPercent: 3.38625 %
20220313 013147.304 INFO             PET0 PIOc_sync Enter - MemInfo: [/proc/self/status]	VmPeak:	 3882020 kB
20220313 013147.304 INFO             PET0 PIOc_sync Enter - MemInfo: [/proc/self/status]	VmSize:	 3881000 kB
20220313 013147.304 INFO             PET0 PIOc_sync Enter - MemInfo: [/proc/self/status]	VmLck:	       0 kB
20220313 013147.304 INFO             PET0 PIOc_sync Enter - MemInfo: [/proc/self/status]	VmPin:	   82140 kB
20220313 013147.304 INFO             PET0 PIOc_sync Enter - MemInfo: [/proc/self/status]	VmHWM:	  196188 kB
20220313 013147.304 INFO             PET0 PIOc_sync Enter - MemInfo: [/proc/self/status]	VmRSS:	  196188 kB
20220313 013147.304 INFO             PET0 PIOc_sync Enter - MemInfo: [/proc/self/status]	VmData:	  297652 kB
20220313 013147.304 INFO             PET0 PIOc_sync Enter - MemInfo: [/proc/self/status]	VmStk:	     512 kB
20220313 013147.304 INFO             PET0 PIOc_sync Enter - MemInfo: [/proc/self/status]	VmExe:	    1800 kB
20220313 013147.304 INFO             PET0 PIOc_sync Enter - MemInfo: [/proc/self/status]	VmLib:	  156408 kB
20220313 013147.304 INFO             PET0 PIOc_sync Enter - MemInfo: [/proc/self/status]	VmPTE:	     872 kB
20220313 013147.304 INFO             PET0 PIOc_sync Enter - MemInfo: [/proc/self/status]	VmPMD:	      32 kB
20220313 013147.304 INFO             PET0 PIOc_sync Enter - MemInfo: [/proc/self/status]	VmSwap:	       0 kB
20220313 013147.304 INFO             PET0 PIOc_sync Enter - MemInfo: [/proc/self/status]	VmRSSPercent: 0.149312 %
20220313 013147.304 INFO             PET0 PIOc_sync Enter - MemInfo: [malloc] Non-mmapped space allocated:                13615104 Byte
20220313 013147.304 INFO             PET0 PIOc_sync Enter - MemInfo: [malloc] Space allocated in mmapped regions:         85999616 Byte
20220313 013147.304 INFO             PET0 PIOc_sync Enter - MemInfo: [malloc] Maximum total allocated space:                     0 Byte
20220313 013147.304 INFO             PET0 PIOc_sync Enter - MemInfo: [malloc] Space in freed fastbin blocks:                   144 Byte
20220313 013147.304 INFO             PET0 PIOc_sync Enter - MemInfo: [malloc] Total allocated space:                       6415136 Byte
20220313 013147.304 INFO             PET0 PIOc_sync Enter - MemInfo: [malloc] Total free space:                            7199968 Byte
20220313 013147.304 INFO             PET0 PIOc_sync Enter - MemInfo: [malloc] Top-most, releasable space:                  2492912 Byte
20220313 013147.304 INFO             PET0 PIOc_sync Enter - MemInfo: [malloc] Total space in use, mmap + non-mmap:        92414752 Byte
20220313 013147.304 INFO             PET0 PIOc_sync Enter - MemInfo: [malloc] Total space held (mmap + non-mmap):         99614720 Byte
20220313 013147.304 INFO             PET0 PIOc_sync Enter - MemInfo: [malloc] Total space used (mmap + non-mmap):         92424112 Byte
20220313 013147.304 INFO             PET0 PIOc_sync Enter - MemInfo: Wall-clock time since execution start:                1.64885 seconds
20220313 013147.305 INFO             PET0 PIOc_sync Exit - MemInfo: [/proc/meminfo - SSI]	MemTotal:       131394444 kB
20220313 013147.305 INFO             PET0 PIOc_sync Exit - MemInfo: [/proc/meminfo - SSI]	MemFree:        123695648 kB
20220313 013147.305 INFO             PET0 PIOc_sync Exit - MemInfo: [/proc/meminfo - SSI]	MemAvailable:   123400164 kB
20220313 013147.305 INFO             PET0 PIOc_sync Exit - MemInfo: [/proc/meminfo - SSI]	Committed_AS:    4449348 kB
20220313 013147.305 INFO             PET0 PIOc_sync Exit - MemInfo: [/proc/meminfo - SSI]	CommittedPercent: 3.38625 %
20220313 013147.305 INFO             PET0 PIOc_sync Exit - MemInfo: [/proc/self/status]	VmPeak:	 3882020 kB
20220313 013147.305 INFO             PET0 PIOc_sync Exit - MemInfo: [/proc/self/status]	VmSize:	 3881000 kB
20220313 013147.305 INFO             PET0 PIOc_sync Exit - MemInfo: [/proc/self/status]	VmLck:	       0 kB
20220313 013147.305 INFO             PET0 PIOc_sync Exit - MemInfo: [/proc/self/status]	VmPin:	   82140 kB
20220313 013147.305 INFO             PET0 PIOc_sync Exit - MemInfo: [/proc/self/status]	VmHWM:	  196220 kB
20220313 013147.305 INFO             PET0 PIOc_sync Exit - MemInfo: [/proc/self/status]	VmRSS:	  196220 kB
20220313 013147.305 INFO             PET0 PIOc_sync Exit - MemInfo: [/proc/self/status]	VmData:	  297652 kB
20220313 013147.305 INFO             PET0 PIOc_sync Exit - MemInfo: [/proc/self/status]	VmStk:	     512 kB
20220313 013147.305 INFO             PET0 PIOc_sync Exit - MemInfo: [/proc/self/status]	VmExe:	    1800 kB
20220313 013147.305 INFO             PET0 PIOc_sync Exit - MemInfo: [/proc/self/status]	VmLib:	  156408 kB
20220313 013147.305 INFO             PET0 PIOc_sync Exit - MemInfo: [/proc/self/status]	VmPTE:	     872 kB
20220313 013147.305 INFO             PET0 PIOc_sync Exit - MemInfo: [/proc/self/status]	VmPMD:	      32 kB
20220313 013147.305 INFO             PET0 PIOc_sync Exit - MemInfo: [/proc/self/status]	VmSwap:	       0 kB
20220313 013147.305 INFO             PET0 PIOc_sync Exit - MemInfo: [/proc/self/status]	VmRSSPercent: 0.149337 %
20220313 013147.305 INFO             PET0 PIOc_sync Exit - MemInfo: [malloc] Non-mmapped space allocated:                13615104 Byte
20220313 013147.305 INFO             PET0 PIOc_sync Exit - MemInfo: [malloc] Space allocated in mmapped regions:         85999616 Byte
20220313 013147.305 INFO             PET0 PIOc_sync Exit - MemInfo: [malloc] Maximum total allocated space:                     0 Byte
20220313 013147.305 INFO             PET0 PIOc_sync Exit - MemInfo: [malloc] Space in freed fastbin blocks:                   352 Byte
20220313 013147.305 INFO             PET0 PIOc_sync Exit - MemInfo: [malloc] Total allocated space:                       6414416 Byte
20220313 013147.305 INFO             PET0 PIOc_sync Exit - MemInfo: [malloc] Total free space:                            7200688 Byte
20220313 013147.305 INFO             PET0 PIOc_sync Exit - MemInfo: [malloc] Top-most, releasable space:                  2492912 Byte
20220313 013147.305 INFO             PET0 PIOc_sync Exit - MemInfo: [malloc] Total space in use, mmap + non-mmap:        92414032 Byte
20220313 013147.305 INFO             PET0 PIOc_sync Exit - MemInfo: [malloc] Total space held (mmap + non-mmap):         99614720 Byte
20220313 013147.305 INFO             PET0 PIOc_sync Exit - MemInfo: [malloc] Total space used (mmap + non-mmap):         92423392 Byte
20220313 013147.305 INFO             PET0 PIOc_sync Exit - MemInfo: Wall-clock time since execution start:                1.64952 seconds
20220313 013147.305 INFO             PET0 PIOc_freedecomp Enter - MemInfo: [/proc/meminfo - SSI]	MemTotal:       131394444 kB
20220313 013147.305 INFO             PET0 PIOc_freedecomp Enter - MemInfo: [/proc/meminfo - SSI]	MemFree:        123695648 kB
20220313 013147.305 INFO             PET0 PIOc_freedecomp Enter - MemInfo: [/proc/meminfo - SSI]	MemAvailable:   123400164 kB
20220313 013147.305 INFO             PET0 PIOc_freedecomp Enter - MemInfo: [/proc/meminfo - SSI]	Committed_AS:    4449348 kB
20220313 013147.305 INFO             PET0 PIOc_freedecomp Enter - MemInfo: [/proc/meminfo - SSI]	CommittedPercent: 3.38625 %
20220313 013147.305 INFO             PET0 PIOc_freedecomp Enter - MemInfo: [/proc/self/status]	VmPeak:	 3882020 kB
20220313 013147.305 INFO             PET0 PIOc_freedecomp Enter - MemInfo: [/proc/self/status]	VmSize:	 3881000 kB
20220313 013147.305 INFO             PET0 PIOc_freedecomp Enter - MemInfo: [/proc/self/status]	VmLck:	       0 kB
20220313 013147.305 INFO             PET0 PIOc_freedecomp Enter - MemInfo: [/proc/self/status]	VmPin:	   82140 kB
20220313 013147.305 INFO             PET0 PIOc_freedecomp Enter - MemInfo: [/proc/self/status]	VmHWM:	  196220 kB
20220313 013147.305 INFO             PET0 PIOc_freedecomp Enter - MemInfo: [/proc/self/status]	VmRSS:	  196220 kB
20220313 013147.305 INFO             PET0 PIOc_freedecomp Enter - MemInfo: [/proc/self/status]	VmData:	  297652 kB
20220313 013147.305 INFO             PET0 PIOc_freedecomp Enter - MemInfo: [/proc/self/status]	VmStk:	     512 kB
20220313 013147.305 INFO             PET0 PIOc_freedecomp Enter - MemInfo: [/proc/self/status]	VmExe:	    1800 kB
20220313 013147.305 INFO             PET0 PIOc_freedecomp Enter - MemInfo: [/proc/self/status]	VmLib:	  156408 kB
20220313 013147.305 INFO             PET0 PIOc_freedecomp Enter - MemInfo: [/proc/self/status]	VmPTE:	     872 kB
20220313 013147.305 INFO             PET0 PIOc_freedecomp Enter - MemInfo: [/proc/self/status]	VmPMD:	      32 kB
20220313 013147.305 INFO             PET0 PIOc_freedecomp Enter - MemInfo: [/proc/self/status]	VmSwap:	       0 kB
20220313 013147.305 INFO             PET0 PIOc_freedecomp Enter - MemInfo: [/proc/self/status]	VmRSSPercent: 0.149337 %
20220313 013147.305 INFO             PET0 PIOc_freedecomp Enter - MemInfo: [malloc] Non-mmapped space allocated:                13615104 Byte
20220313 013147.305 INFO             PET0 PIOc_freedecomp Enter - MemInfo: [malloc] Space allocated in mmapped regions:         85999616 Byte
20220313 013147.305 INFO             PET0 PIOc_freedecomp Enter - MemInfo: [malloc] Maximum total allocated space:                     0 Byte
20220313 013147.305 INFO             PET0 PIOc_freedecomp Enter - MemInfo: [malloc] Space in freed fastbin blocks:                   368 Byte
20220313 013147.305 INFO             PET0 PIOc_freedecomp Enter - MemInfo: [malloc] Total allocated space:                       3778144 Byte
20220313 013147.305 INFO             PET0 PIOc_freedecomp Enter - MemInfo: [malloc] Total free space:                            9836960 Byte
20220313 013147.305 INFO             PET0 PIOc_freedecomp Enter - MemInfo: [malloc] Top-most, releasable space:                  2492912 Byte
20220313 013147.305 INFO             PET0 PIOc_freedecomp Enter - MemInfo: [malloc] Total space in use, mmap + non-mmap:        89777760 Byte
20220313 013147.305 INFO             PET0 PIOc_freedecomp Enter - MemInfo: [malloc] Total space held (mmap + non-mmap):         99614720 Byte
20220313 013147.306 INFO             PET0 PIOc_freedecomp Enter - MemInfo: [malloc] Total space used (mmap + non-mmap):         89787120 Byte
20220313 013147.306 INFO             PET0 PIOc_freedecomp Enter - MemInfo: Wall-clock time since execution start:                1.65007 seconds
20220313 013147.306 INFO             PET0 PIOc_freedecomp Exit - MemInfo: [/proc/meminfo - SSI]	MemTotal:       131394444 kB
20220313 013147.306 INFO             PET0 PIOc_freedecomp Exit - MemInfo: [/proc/meminfo - SSI]	MemFree:        123695648 kB
20220313 013147.306 INFO             PET0 PIOc_freedecomp Exit - MemInfo: [/proc/meminfo - SSI]	MemAvailable:   123400164 kB
20220313 013147.306 INFO             PET0 PIOc_freedecomp Exit - MemInfo: [/proc/meminfo - SSI]	Committed_AS:    4449348 kB
20220313 013147.306 INFO             PET0 PIOc_freedecomp Exit - MemInfo: [/proc/meminfo - SSI]	CommittedPercent: 3.38625 %
20220313 013147.306 INFO             PET0 PIOc_freedecomp Exit - MemInfo: [/proc/self/status]	VmPeak:	 3882020 kB
20220313 013147.306 INFO             PET0 PIOc_freedecomp Exit - MemInfo: [/proc/self/status]	VmSize:	 3881000 kB
20220313 013147.306 INFO             PET0 PIOc_freedecomp Exit - MemInfo: [/proc/self/status]	VmLck:	       0 kB
20220313 013147.306 INFO             PET0 PIOc_freedecomp Exit - MemInfo: [/proc/self/status]	VmPin:	   82140 kB
20220313 013147.306 INFO             PET0 PIOc_freedecomp Exit - MemInfo: [/proc/self/status]	VmHWM:	  196220 kB
20220313 013147.306 INFO             PET0 PIOc_freedecomp Exit - MemInfo: [/proc/self/status]	VmRSS:	  196220 kB
20220313 013147.306 INFO             PET0 PIOc_freedecomp Exit - MemInfo: [/proc/self/status]	VmData:	  297652 kB
20220313 013147.306 INFO             PET0 PIOc_freedecomp Exit - MemInfo: [/proc/self/status]	VmStk:	     512 kB
20220313 013147.306 INFO             PET0 PIOc_freedecomp Exit - MemInfo: [/proc/self/status]	VmExe:	    1800 kB
20220313 013147.306 INFO             PET0 PIOc_freedecomp Exit - MemInfo: [/proc/self/status]	VmLib:	  156408 kB
20220313 013147.306 INFO             PET0 PIOc_freedecomp Exit - MemInfo: [/proc/self/status]	VmPTE:	     872 kB
20220313 013147.306 INFO             PET0 PIOc_freedecomp Exit - MemInfo: [/proc/self/status]	VmPMD:	      32 kB
20220313 013147.306 INFO             PET0 PIOc_freedecomp Exit - MemInfo: [/proc/self/status]	VmSwap:	       0 kB
20220313 013147.306 INFO             PET0 PIOc_freedecomp Exit - MemInfo: [/proc/self/status]	VmRSSPercent: 0.149337 %
20220313 013147.306 INFO             PET0 PIOc_freedecomp Exit - MemInfo: [malloc] Non-mmapped space allocated:                13615104 Byte
20220313 013147.306 INFO             PET0 PIOc_freedecomp Exit - MemInfo: [malloc] Space allocated in mmapped regions:         85999616 Byte
20220313 013147.306 INFO             PET0 PIOc_freedecomp Exit - MemInfo: [malloc] Maximum total allocated space:                     0 Byte
20220313 013147.306 INFO             PET0 PIOc_freedecomp Exit - MemInfo: [malloc] Space in freed fastbin blocks:                   352 Byte
20220313 013147.306 INFO             PET0 PIOc_freedecomp Exit - MemInfo: [malloc] Total allocated space:                       3776688 Byte
20220313 013147.306 INFO             PET0 PIOc_freedecomp Exit - MemInfo: [malloc] Total free space:                            9838416 Byte
20220313 013147.306 INFO             PET0 PIOc_freedecomp Exit - MemInfo: [malloc] Top-most, releasable space:                  2492912 Byte
20220313 013147.306 INFO             PET0 PIOc_freedecomp Exit - MemInfo: [malloc] Total space in use, mmap + non-mmap:        89776304 Byte
20220313 013147.306 INFO             PET0 PIOc_freedecomp Exit - MemInfo: [malloc] Total space held (mmap + non-mmap):         99614720 Byte
20220313 013147.306 INFO             PET0 PIOc_freedecomp Exit - MemInfo: [malloc] Total space used (mmap + non-mmap):         89785664 Byte
20220313 013147.306 INFO             PET0 PIOc_freedecomp Exit - MemInfo: Wall-clock time since execution start:                1.65059 seconds
20220313 013147.307 INFO             PET0 PIOc_sync Enter - MemInfo: [/proc/meminfo - SSI]	MemTotal:       131394444 kB
20220313 013147.307 INFO             PET0 PIOc_sync Enter - MemInfo: [/proc/meminfo - SSI]	MemFree:        123695648 kB
20220313 013147.307 INFO             PET0 PIOc_sync Enter - MemInfo: [/proc/meminfo - SSI]	MemAvailable:   123400164 kB
20220313 013147.307 INFO             PET0 PIOc_sync Enter - MemInfo: [/proc/meminfo - SSI]	Committed_AS:    4449348 kB
20220313 013147.307 INFO             PET0 PIOc_sync Enter - MemInfo: [/proc/meminfo - SSI]	CommittedPercent: 3.38625 %
20220313 013147.307 INFO             PET0 PIOc_sync Enter - MemInfo: [/proc/self/status]	VmPeak:	 3882020 kB
20220313 013147.307 INFO             PET0 PIOc_sync Enter - MemInfo: [/proc/self/status]	VmSize:	 3881000 kB
20220313 013147.307 INFO             PET0 PIOc_sync Enter - MemInfo: [/proc/self/status]	VmLck:	       0 kB
20220313 013147.307 INFO             PET0 PIOc_sync Enter - MemInfo: [/proc/self/status]	VmPin:	   82140 kB
20220313 013147.307 INFO             PET0 PIOc_sync Enter - MemInfo: [/proc/self/status]	VmHWM:	  196260 kB
20220313 013147.307 INFO             PET0 PIOc_sync Enter - MemInfo: [/proc/self/status]	VmRSS:	  196260 kB
20220313 013147.307 INFO             PET0 PIOc_sync Enter - MemInfo: [/proc/self/status]	VmData:	  297652 kB
20220313 013147.307 INFO             PET0 PIOc_sync Enter - MemInfo: [/proc/self/status]	VmStk:	     512 kB
20220313 013147.307 INFO             PET0 PIOc_sync Enter - MemInfo: [/proc/self/status]	VmExe:	    1800 kB
20220313 013147.307 INFO             PET0 PIOc_sync Enter - MemInfo: [/proc/self/status]	VmLib:	  156408 kB
20220313 013147.307 INFO             PET0 PIOc_sync Enter - MemInfo: [/proc/self/status]	VmPTE:	     872 kB
20220313 013147.307 INFO             PET0 PIOc_sync Enter - MemInfo: [/proc/self/status]	VmPMD:	      32 kB
20220313 013147.307 INFO             PET0 PIOc_sync Enter - MemInfo: [/proc/self/status]	VmSwap:	       0 kB
20220313 013147.307 INFO             PET0 PIOc_sync Enter - MemInfo: [/proc/self/status]	VmRSSPercent: 0.149367 %
20220313 013147.307 INFO             PET0 PIOc_sync Enter - MemInfo: [malloc] Non-mmapped space allocated:                13615104 Byte
20220313 013147.307 INFO             PET0 PIOc_sync Enter - MemInfo: [malloc] Space allocated in mmapped regions:         85999616 Byte
20220313 013147.307 INFO             PET0 PIOc_sync Enter - MemInfo: [malloc] Maximum total allocated space:                     0 Byte
20220313 013147.307 INFO             PET0 PIOc_sync Enter - MemInfo: [malloc] Space in freed fastbin blocks:                   144 Byte
20220313 013147.307 INFO             PET0 PIOc_sync Enter - MemInfo: [malloc] Total allocated space:                       6415856 Byte
20220313 013147.307 INFO             PET0 PIOc_sync Enter - MemInfo: [malloc] Total free space:                            7199248 Byte
20220313 013147.307 INFO             PET0 PIOc_sync Enter - MemInfo: [malloc] Top-most, releasable space:                  2492912 Byte
20220313 013147.307 INFO             PET0 PIOc_sync Enter - MemInfo: [malloc] Total space in use, mmap + non-mmap:        92415472 Byte
20220313 013147.307 INFO             PET0 PIOc_sync Enter - MemInfo: [malloc] Total space held (mmap + non-mmap):         99614720 Byte
20220313 013147.307 INFO             PET0 PIOc_sync Enter - MemInfo: [malloc] Total space used (mmap + non-mmap):         92424832 Byte
20220313 013147.307 INFO             PET0 PIOc_sync Enter - MemInfo: Wall-clock time since execution start:                  1.652 seconds
20220313 013147.308 INFO             PET0 PIOc_sync Exit - MemInfo: [/proc/meminfo - SSI]	MemTotal:       131394444 kB
20220313 013147.308 INFO             PET0 PIOc_sync Exit - MemInfo: [/proc/meminfo - SSI]	MemFree:        123695648 kB
20220313 013147.308 INFO             PET0 PIOc_sync Exit - MemInfo: [/proc/meminfo - SSI]	MemAvailable:   123400164 kB
20220313 013147.308 INFO             PET0 PIOc_sync Exit - MemInfo: [/proc/meminfo - SSI]	Committed_AS:    4449348 kB
20220313 013147.308 INFO             PET0 PIOc_sync Exit - MemInfo: [/proc/meminfo - SSI]	CommittedPercent: 3.38625 %
20220313 013147.308 INFO             PET0 PIOc_sync Exit - MemInfo: [/proc/self/status]	VmPeak:	 3882020 kB
20220313 013147.308 INFO             PET0 PIOc_sync Exit - MemInfo: [/proc/self/status]	VmSize:	 3881000 kB
20220313 013147.308 INFO             PET0 PIOc_sync Exit - MemInfo: [/proc/self/status]	VmLck:	       0 kB
20220313 013147.308 INFO             PET0 PIOc_sync Exit - MemInfo: [/proc/self/status]	VmPin:	   82140 kB
20220313 013147.308 INFO             PET0 PIOc_sync Exit - MemInfo: [/proc/self/status]	VmHWM:	  196288 kB
20220313 013147.308 INFO             PET0 PIOc_sync Exit - MemInfo: [/proc/self/status]	VmRSS:	  196288 kB
20220313 013147.308 INFO             PET0 PIOc_sync Exit - MemInfo: [/proc/self/status]	VmData:	  297652 kB
20220313 013147.308 INFO             PET0 PIOc_sync Exit - MemInfo: [/proc/self/status]	VmStk:	     512 kB
20220313 013147.308 INFO             PET0 PIOc_sync Exit - MemInfo: [/proc/self/status]	VmExe:	    1800 kB
20220313 013147.308 INFO             PET0 PIOc_sync Exit - MemInfo: [/proc/self/status]	VmLib:	  156408 kB
20220313 013147.308 INFO             PET0 PIOc_sync Exit - MemInfo: [/proc/self/status]	VmPTE:	     872 kB
20220313 013147.308 INFO             PET0 PIOc_sync Exit - MemInfo: [/proc/self/status]	VmPMD:	      32 kB
20220313 013147.308 INFO             PET0 PIOc_sync Exit - MemInfo: [/proc/self/status]	VmSwap:	       0 kB
20220313 013147.308 INFO             PET0 PIOc_sync Exit - MemInfo: [/proc/self/status]	VmRSSPercent: 0.149388 %
20220313 013147.308 INFO             PET0 PIOc_sync Exit - MemInfo: [malloc] Non-mmapped space allocated:                13615104 Byte
20220313 013147.308 INFO             PET0 PIOc_sync Exit - MemInfo: [malloc] Space allocated in mmapped regions:         85999616 Byte
20220313 013147.308 INFO             PET0 PIOc_sync Exit - MemInfo: [malloc] Maximum total allocated space:                     0 Byte
20220313 013147.308 INFO             PET0 PIOc_sync Exit - MemInfo: [malloc] Space in freed fastbin blocks:                   352 Byte
20220313 013147.308 INFO             PET0 PIOc_sync Exit - MemInfo: [malloc] Total allocated space:                       6415136 Byte
20220313 013147.308 INFO             PET0 PIOc_sync Exit - MemInfo: [malloc] Total free space:                            7199968 Byte
20220313 013147.308 INFO             PET0 PIOc_sync Exit - MemInfo: [malloc] Top-most, releasable space:                  2492912 Byte
20220313 013147.308 INFO             PET0 PIOc_sync Exit - MemInfo: [malloc] Total space in use, mmap + non-mmap:        92414752 Byte
20220313 013147.308 INFO             PET0 PIOc_sync Exit - MemInfo: [malloc] Total space held (mmap + non-mmap):         99614720 Byte
20220313 013147.308 INFO             PET0 PIOc_sync Exit - MemInfo: [malloc] Total space used (mmap + non-mmap):         92424112 Byte
20220313 013147.308 INFO             PET0 PIOc_sync Exit - MemInfo: Wall-clock time since execution start:                1.65271 seconds
20220313 013147.308 INFO             PET0 PIOc_freedecomp Enter - MemInfo: [/proc/meminfo - SSI]	MemTotal:       131394444 kB
20220313 013147.308 INFO             PET0 PIOc_freedecomp Enter - MemInfo: [/proc/meminfo - SSI]	MemFree:        123695648 kB
20220313 013147.308 INFO             PET0 PIOc_freedecomp Enter - MemInfo: [/proc/meminfo - SSI]	MemAvailable:   123400164 kB
20220313 013147.308 INFO             PET0 PIOc_freedecomp Enter - MemInfo: [/proc/meminfo - SSI]	Committed_AS:    4449348 kB
20220313 013147.308 INFO             PET0 PIOc_freedecomp Enter - MemInfo: [/proc/meminfo - SSI]	CommittedPercent: 3.38625 %
20220313 013147.308 INFO             PET0 PIOc_freedecomp Enter - MemInfo: [/proc/self/status]	VmPeak:	 3882020 kB
20220313 013147.308 INFO             PET0 PIOc_freedecomp Enter - MemInfo: [/proc/self/status]	VmSize:	 3881000 kB
20220313 013147.308 INFO             PET0 PIOc_freedecomp Enter - MemInfo: [/proc/self/status]	VmLck:	       0 kB
20220313 013147.308 INFO             PET0 PIOc_freedecomp Enter - MemInfo: [/proc/self/status]	VmPin:	   82140 kB
20220313 013147.308 INFO             PET0 PIOc_freedecomp Enter - MemInfo: [/proc/self/status]	VmHWM:	  196288 kB
20220313 013147.308 INFO             PET0 PIOc_freedecomp Enter - MemInfo: [/proc/self/status]	VmRSS:	  196288 kB
20220313 013147.308 INFO             PET0 PIOc_freedecomp Enter - MemInfo: [/proc/self/status]	VmData:	  297652 kB
20220313 013147.308 INFO             PET0 PIOc_freedecomp Enter - MemInfo: [/proc/self/status]	VmStk:	     512 kB
20220313 013147.308 INFO             PET0 PIOc_freedecomp Enter - MemInfo: [/proc/self/status]	VmExe:	    1800 kB
20220313 013147.308 INFO             PET0 PIOc_freedecomp Enter - MemInfo: [/proc/self/status]	VmLib:	  156408 kB
20220313 013147.308 INFO             PET0 PIOc_freedecomp Enter - MemInfo: [/proc/self/status]	VmPTE:	     872 kB
20220313 013147.308 INFO             PET0 PIOc_freedecomp Enter - MemInfo: [/proc/self/status]	VmPMD:	      32 kB
20220313 013147.309 INFO             PET0 PIOc_freedecomp Enter - MemInfo: [/proc/self/status]	VmSwap:	       0 kB
20220313 013147.309 INFO             PET0 PIOc_freedecomp Enter - MemInfo: [/proc/self/status]	VmRSSPercent: 0.149388 %
20220313 013147.309 INFO             PET0 PIOc_freedecomp Enter - MemInfo: [malloc] Non-mmapped space allocated:                13615104 Byte
20220313 013147.309 INFO             PET0 PIOc_freedecomp Enter - MemInfo: [malloc] Space allocated in mmapped regions:         85999616 Byte
20220313 013147.309 INFO             PET0 PIOc_freedecomp Enter - MemInfo: [malloc] Maximum total allocated space:                     0 Byte
20220313 013147.309 INFO             PET0 PIOc_freedecomp Enter - MemInfo: [malloc] Space in freed fastbin blocks:                   368 Byte
20220313 013147.309 INFO             PET0 PIOc_freedecomp Enter - MemInfo: [malloc] Total allocated space:                       3778144 Byte
20220313 013147.309 INFO             PET0 PIOc_freedecomp Enter - MemInfo: [malloc] Total free space:                            9836960 Byte
20220313 013147.309 INFO             PET0 PIOc_freedecomp Enter - MemInfo: [malloc] Top-most, releasable space:                  2492912 Byte
20220313 013147.309 INFO             PET0 PIOc_freedecomp Enter - MemInfo: [malloc] Total space in use, mmap + non-mmap:        89777760 Byte
20220313 013147.309 INFO             PET0 PIOc_freedecomp Enter - MemInfo: [malloc] Total space held (mmap + non-mmap):         99614720 Byte
20220313 013147.309 INFO             PET0 PIOc_freedecomp Enter - MemInfo: [malloc] Total space used (mmap + non-mmap):         89787120 Byte
20220313 013147.309 INFO             PET0 PIOc_freedecomp Enter - MemInfo: Wall-clock time since execution start:                1.65326 seconds
20220313 013147.309 INFO             PET0 PIOc_freedecomp Exit - MemInfo: [/proc/meminfo - SSI]	MemTotal:       131394444 kB
20220313 013147.309 INFO             PET0 PIOc_freedecomp Exit - MemInfo: [/proc/meminfo - SSI]	MemFree:        123695648 kB
20220313 013147.309 INFO             PET0 PIOc_freedecomp Exit - MemInfo: [/proc/meminfo - SSI]	MemAvailable:   123400164 kB
20220313 013147.309 INFO             PET0 PIOc_freedecomp Exit - MemInfo: [/proc/meminfo - SSI]	Committed_AS:    4449348 kB
20220313 013147.309 INFO             PET0 PIOc_freedecomp Exit - MemInfo: [/proc/meminfo - SSI]	CommittedPercent: 3.38625 %
20220313 013147.309 INFO             PET0 PIOc_freedecomp Exit - MemInfo: [/proc/self/status]	VmPeak:	 3882020 kB
20220313 013147.309 INFO             PET0 PIOc_freedecomp Exit - MemInfo: [/proc/self/status]	VmSize:	 3881000 kB
20220313 013147.309 INFO             PET0 PIOc_freedecomp Exit - MemInfo: [/proc/self/status]	VmLck:	       0 kB
20220313 013147.309 INFO             PET0 PIOc_freedecomp Exit - MemInfo: [/proc/self/status]	VmPin:	   82140 kB
20220313 013147.309 INFO             PET0 PIOc_freedecomp Exit - MemInfo: [/proc/self/status]	VmHWM:	  196288 kB
20220313 013147.309 INFO             PET0 PIOc_freedecomp Exit - MemInfo: [/proc/self/status]	VmRSS:	  196288 kB
20220313 013147.309 INFO             PET0 PIOc_freedecomp Exit - MemInfo: [/proc/self/status]	VmData:	  297652 kB
20220313 013147.309 INFO             PET0 PIOc_freedecomp Exit - MemInfo: [/proc/self/status]	VmStk:	     512 kB
20220313 013147.309 INFO             PET0 PIOc_freedecomp Exit - MemInfo: [/proc/self/status]	VmExe:	    1800 kB
20220313 013147.309 INFO             PET0 PIOc_freedecomp Exit - MemInfo: [/proc/self/status]	VmLib:	  156408 kB
20220313 013147.309 INFO             PET0 PIOc_freedecomp Exit - MemInfo: [/proc/self/status]	VmPTE:	     872 kB
20220313 013147.309 INFO             PET0 PIOc_freedecomp Exit - MemInfo: [/proc/self/status]	VmPMD:	      32 kB
20220313 013147.309 INFO             PET0 PIOc_freedecomp Exit - MemInfo: [/proc/self/status]	VmSwap:	       0 kB
20220313 013147.309 INFO             PET0 PIOc_freedecomp Exit - MemInfo: [/proc/self/status]	VmRSSPercent: 0.149388 %
20220313 013147.309 INFO             PET0 PIOc_freedecomp Exit - MemInfo: [malloc] Non-mmapped space allocated:                13615104 Byte
20220313 013147.309 INFO             PET0 PIOc_freedecomp Exit - MemInfo: [malloc] Space allocated in mmapped regions:         85999616 Byte
20220313 013147.309 INFO             PET0 PIOc_freedecomp Exit - MemInfo: [malloc] Maximum total allocated space:                     0 Byte
20220313 013147.309 INFO             PET0 PIOc_freedecomp Exit - MemInfo: [malloc] Space in freed fastbin blocks:                   848 Byte
20220313 013147.309 INFO             PET0 PIOc_freedecomp Exit - MemInfo: [malloc] Total allocated space:                       3776688 Byte
20220313 013147.309 INFO             PET0 PIOc_freedecomp Exit - MemInfo: [malloc] Total free space:                            9838416 Byte
20220313 013147.309 INFO             PET0 PIOc_freedecomp Exit - MemInfo: [malloc] Top-most, releasable space:                  2492912 Byte
20220313 013147.309 INFO             PET0 PIOc_freedecomp Exit - MemInfo: [malloc] Total space in use, mmap + non-mmap:        89776304 Byte
20220313 013147.309 INFO             PET0 PIOc_freedecomp Exit - MemInfo: [malloc] Total space held (mmap + non-mmap):         99614720 Byte
20220313 013147.309 INFO             PET0 PIOc_freedecomp Exit - MemInfo: [malloc] Total space used (mmap + non-mmap):         89785664 Byte
20220313 013147.309 INFO             PET0 PIOc_freedecomp Exit - MemInfo: Wall-clock time since execution start:                1.65378 seconds
20220313 013147.313 INFO             PET0  PASS  Test RouteHandleDestroy(), ESMF_RouteHandleAdvancedUTest.F90, line 633
20220313 013147.313 INFO             PET0  PASS  Apply the copied Routehandle, ESMF_RouteHandleAdvancedUTest.F90, line 643
20220313 013147.313 INFO             PET0  PASS  Test RouteHandleDestroy() for the copied Routehandle, ESMF_RouteHandleAdvancedUTest.F90, line 651
20220313 013147.314 INFO             PET0  PASS  Test ESMF_DynamicMaskSetR4R4R4(), ESMF_RouteHandleAdvancedUTest.F90, line 716
20220313 013147.314 INFO             PET0  PASS  Test ESMF_DynamicMaskSetR4R4R4V(), ESMF_RouteHandleAdvancedUTest.F90, line 725
20220313 013147.314 INFO             PET0  PASS  Test ESMF_DynamicMaskSetR4R8R4V(), ESMF_RouteHandleAdvancedUTest.F90, line 734
20220313 013147.314 INFO             PET0  Ending Test, file ESMF_RouteHandleAdvancedUTest.F90, line 749
20220313 013147.314 INFO             PET0 Finalizing ESMF
20220313 013145.663 INFO             PET1 !!!!!!!!!!!!!!!!!!!!!!!!!!!!!!!!!!!!!!!!!!!!!!!!!!!!!!
20220313 013145.663 INFO             PET1 !!! THE ESMF_LOG IS SET TO OUTPUT ALL LOG MESSAGES !!!
20220313 013145.663 INFO             PET1 !!!     THIS MAY CAUSE SLOWDOWN IN PERFORMANCE     !!!
20220313 013145.663 INFO             PET1 !!! FOR PRODUCTION RUNS, USE:                      !!!
20220313 013145.663 INFO             PET1 !!!                   ESMF_LOGKIND_Multi_On_Error  !!!
20220313 013145.663 INFO             PET1 !!!!!!!!!!!!!!!!!!!!!!!!!!!!!!!!!!!!!!!!!!!!!!!!!!!!!!
20220313 013145.663 INFO             PET1 Running with ESMF Version   : v8.3.0b09-96-g559b459836
20220313 013145.663 INFO             PET1 ESMF library build date/time: "Mar 13 2022" "01:16:11"
20220313 013145.663 INFO             PET1 ESMF library build location : /gpfsm/dnb04/projects/p98/mpotts/esmf/intel_2020_intelmpi_g_jedwards_pio_update2
20220313 013145.663 INFO             PET1 ESMF_COMM                   : intelmpi
20220313 013145.664 INFO             PET1 ESMF_MOAB                   : enabled
20220313 013145.664 INFO             PET1 ESMF_LAPACK                 : enabled
20220313 013145.664 INFO             PET1 ESMF_NETCDF                 : enabled
20220313 013145.664 INFO             PET1 ESMF_PNETCDF                : disabled
20220313 013145.664 INFO             PET1 ESMF_PIO                    : enabled
20220313 013145.664 INFO             PET1 ESMF_YAMLCPP                : enabled
20220313 013145.664 INFO             PET1  Beginning Test, file ESMF_RouteHandleAdvancedUTest.F90, line 346
20220313 013145.664 INFO             PET1  NUMBER_OF_PROCESSORS           4
20220313 013145.693 INFO             PET1 ESMF_FieldRedistStoreNF(): Just entered routine.
20220313 013146.464 INFO             PET1 ESMF_FieldRedistStoreNF(): Leaving routine.
20220313 013146.464 INFO             PET1  PASS  Create RouteHandle for the original petList, ESMF_RouteHandleAdvancedUTest.F90, line 511
20220313 013146.464 INFO             PET1  PASS  Test RouteHandleIsCreated(), ESMF_RouteHandleAdvancedUTest.F90, line 519
20220313 013146.464 INFO             PET1  PASS  Test RouteHandleIsCreated() return value, ESMF_RouteHandleAdvancedUTest.F90, line 526
20220313 013146.464 INFO             PET1  PASS  Test RouteHandleGet(), ESMF_RouteHandleAdvancedUTest.F90, line 534
20220313 013146.473 INFO             PET1  PASS  Test RouteHandleWrite(), ESMF_RouteHandleAdvancedUTest.F90, line 542
20220313 013146.474 INFO             PET1  PASS  Test RouteHandleDestroy(), ESMF_RouteHandleAdvancedUTest.F90, line 550
20220313 013146.476 INFO             PET1  PASS  Test RouteHandleCreate(from file), ESMF_RouteHandleAdvancedUTest.F90, line 558
20220313 013146.476 INFO             PET1  PASS  Apply the read in Routehandle, ESMF_RouteHandleAdvancedUTest.F90, line 567
20220313 013146.476 INFO             PET1  PASS  Test RouteHandleDestroy() for the read in Routehandle, ESMF_RouteHandleAdvancedUTest.F90, line 575
20220313 013146.476 INFO             PET1 ESMF_FieldRedistStoreNF(): Just entered routine.
20220313 013147.253 INFO             PET1 ESMF_FieldRedistStoreNF(): Leaving routine.
20220313 013147.253 INFO             PET1  PASS  Create RouteHandle for the original petList, ESMF_RouteHandleAdvancedUTest.F90, line 585
20220313 013147.253 INFO             PET1  PASS  Transfer RouteHandle to a different petList, ESMF_RouteHandleAdvancedUTest.F90, line 602
20220313 013147.294 INFO             PET1 PIOc_sync Enter - MemInfo: [/proc/meminfo - SSI]	MemTotal:       131394444 kB
20220313 013147.294 INFO             PET1 PIOc_sync Enter - MemInfo: [/proc/meminfo - SSI]	MemFree:        123698068 kB
20220313 013147.294 INFO             PET1 PIOc_sync Enter - MemInfo: [/proc/meminfo - SSI]	MemAvailable:   123402584 kB
20220313 013147.294 INFO             PET1 PIOc_sync Enter - MemInfo: [/proc/meminfo - SSI]	Committed_AS:    4449348 kB
20220313 013147.294 INFO             PET1 PIOc_sync Enter - MemInfo: [/proc/meminfo - SSI]	CommittedPercent: 3.38625 %
20220313 013147.294 INFO             PET1 PIOc_sync Enter - MemInfo: [/proc/self/status]	VmPeak:	 3866652 kB
20220313 013147.294 INFO             PET1 PIOc_sync Enter - MemInfo: [/proc/self/status]	VmSize:	 3866652 kB
20220313 013147.294 INFO             PET1 PIOc_sync Enter - MemInfo: [/proc/self/status]	VmLck:	       0 kB
20220313 013147.294 INFO             PET1 PIOc_sync Enter - MemInfo: [/proc/self/status]	VmPin:	   71900 kB
20220313 013147.294 INFO             PET1 PIOc_sync Enter - MemInfo: [/proc/self/status]	VmHWM:	  180016 kB
20220313 013147.294 INFO             PET1 PIOc_sync Enter - MemInfo: [/proc/self/status]	VmRSS:	  180016 kB
20220313 013147.294 INFO             PET1 PIOc_sync Enter - MemInfo: [/proc/self/status]	VmData:	  283304 kB
20220313 013147.294 INFO             PET1 PIOc_sync Enter - MemInfo: [/proc/self/status]	VmStk:	     512 kB
20220313 013147.294 INFO             PET1 PIOc_sync Enter - MemInfo: [/proc/self/status]	VmExe:	    1800 kB
20220313 013147.294 INFO             PET1 PIOc_sync Enter - MemInfo: [/proc/self/status]	VmLib:	  156408 kB
20220313 013147.294 INFO             PET1 PIOc_sync Enter - MemInfo: [/proc/self/status]	VmPTE:	     824 kB
20220313 013147.294 INFO             PET1 PIOc_sync Enter - MemInfo: [/proc/self/status]	VmPMD:	      28 kB
20220313 013147.294 INFO             PET1 PIOc_sync Enter - MemInfo: [/proc/self/status]	VmSwap:	       0 kB
20220313 013147.294 INFO             PET1 PIOc_sync Enter - MemInfo: [/proc/self/status]	VmRSSPercent: 0.137004 %
20220313 013147.295 INFO             PET1 PIOc_sync Enter - MemInfo: [malloc] Non-mmapped space allocated:                13606912 Byte
20220313 013147.295 INFO             PET1 PIOc_sync Enter - MemInfo: [malloc] Space allocated in mmapped regions:         73412608 Byte
20220313 013147.295 INFO             PET1 PIOc_sync Enter - MemInfo: [malloc] Maximum total allocated space:                     0 Byte
20220313 013147.295 INFO             PET1 PIOc_sync Enter - MemInfo: [malloc] Space in freed fastbin blocks:                   512 Byte
20220313 013147.295 INFO             PET1 PIOc_sync Enter - MemInfo: [malloc] Total allocated space:                       3327072 Byte
20220313 013147.295 INFO             PET1 PIOc_sync Enter - MemInfo: [malloc] Total free space:                           10279840 Byte
20220313 013147.295 INFO             PET1 PIOc_sync Enter - MemInfo: [malloc] Top-most, releasable space:                  2492992 Byte
20220313 013147.295 INFO             PET1 PIOc_sync Enter - MemInfo: [malloc] Total space in use, mmap + non-mmap:        76739680 Byte
20220313 013147.295 INFO             PET1 PIOc_sync Enter - MemInfo: [malloc] Total space held (mmap + non-mmap):         87019520 Byte
20220313 013147.295 INFO             PET1 PIOc_sync Enter - MemInfo: [malloc] Total space used (mmap + non-mmap):         76749040 Byte
20220313 013147.295 INFO             PET1 PIOc_sync Enter - MemInfo: Wall-clock time since execution start:                1.64035 seconds
20220313 013147.297 INFO             PET1 PIOc_sync Exit - MemInfo: [/proc/meminfo - SSI]	MemTotal:       131394444 kB
20220313 013147.297 INFO             PET1 PIOc_sync Exit - MemInfo: [/proc/meminfo - SSI]	MemFree:        123695648 kB
20220313 013147.297 INFO             PET1 PIOc_sync Exit - MemInfo: [/proc/meminfo - SSI]	MemAvailable:   123400164 kB
20220313 013147.297 INFO             PET1 PIOc_sync Exit - MemInfo: [/proc/meminfo - SSI]	Committed_AS:    4449348 kB
20220313 013147.297 INFO             PET1 PIOc_sync Exit - MemInfo: [/proc/meminfo - SSI]	CommittedPercent: 3.38625 %
20220313 013147.297 INFO             PET1 PIOc_sync Exit - MemInfo: [/proc/self/status]	VmPeak:	 3866652 kB
20220313 013147.297 INFO             PET1 PIOc_sync Exit - MemInfo: [/proc/self/status]	VmSize:	 3866652 kB
20220313 013147.297 INFO             PET1 PIOc_sync Exit - MemInfo: [/proc/self/status]	VmLck:	       0 kB
20220313 013147.297 INFO             PET1 PIOc_sync Exit - MemInfo: [/proc/self/status]	VmPin:	   71900 kB
20220313 013147.297 INFO             PET1 PIOc_sync Exit - MemInfo: [/proc/self/status]	VmHWM:	  180096 kB
20220313 013147.297 INFO             PET1 PIOc_sync Exit - MemInfo: [/proc/self/status]	VmRSS:	  180096 kB
20220313 013147.297 INFO             PET1 PIOc_sync Exit - MemInfo: [/proc/self/status]	VmData:	  283304 kB
20220313 013147.297 INFO             PET1 PIOc_sync Exit - MemInfo: [/proc/self/status]	VmStk:	     512 kB
20220313 013147.297 INFO             PET1 PIOc_sync Exit - MemInfo: [/proc/self/status]	VmExe:	    1800 kB
20220313 013147.297 INFO             PET1 PIOc_sync Exit - MemInfo: [/proc/self/status]	VmLib:	  156408 kB
20220313 013147.297 INFO             PET1 PIOc_sync Exit - MemInfo: [/proc/self/status]	VmPTE:	     824 kB
20220313 013147.297 INFO             PET1 PIOc_sync Exit - MemInfo: [/proc/self/status]	VmPMD:	      28 kB
20220313 013147.297 INFO             PET1 PIOc_sync Exit - MemInfo: [/proc/self/status]	VmSwap:	       0 kB
20220313 013147.297 INFO             PET1 PIOc_sync Exit - MemInfo: [/proc/self/status]	VmRSSPercent: 0.137065 %
20220313 013147.297 INFO             PET1 PIOc_sync Exit - MemInfo: [malloc] Non-mmapped space allocated:                13606912 Byte
20220313 013147.297 INFO             PET1 PIOc_sync Exit - MemInfo: [malloc] Space allocated in mmapped regions:         73412608 Byte
20220313 013147.297 INFO             PET1 PIOc_sync Exit - MemInfo: [malloc] Maximum total allocated space:                     0 Byte
20220313 013147.297 INFO             PET1 PIOc_sync Exit - MemInfo: [malloc] Space in freed fastbin blocks:                   144 Byte
20220313 013147.297 INFO             PET1 PIOc_sync Exit - MemInfo: [malloc] Total allocated space:                       3326304 Byte
20220313 013147.297 INFO             PET1 PIOc_sync Exit - MemInfo: [malloc] Total free space:                           10280608 Byte
20220313 013147.297 INFO             PET1 PIOc_sync Exit - MemInfo: [malloc] Top-most, releasable space:                  2492992 Byte
20220313 013147.297 INFO             PET1 PIOc_sync Exit - MemInfo: [malloc] Total space in use, mmap + non-mmap:        76738912 Byte
20220313 013147.297 INFO             PET1 PIOc_sync Exit - MemInfo: [malloc] Total space held (mmap + non-mmap):         87019520 Byte
20220313 013147.297 INFO             PET1 PIOc_sync Exit - MemInfo: [malloc] Total space used (mmap + non-mmap):         76748272 Byte
20220313 013147.297 INFO             PET1 PIOc_sync Exit - MemInfo: Wall-clock time since execution start:                1.64274 seconds
20220313 013147.297 INFO             PET1 PIOc_freedecomp Enter - MemInfo: [/proc/meminfo - SSI]	MemTotal:       131394444 kB
20220313 013147.297 INFO             PET1 PIOc_freedecomp Enter - MemInfo: [/proc/meminfo - SSI]	MemFree:        123695648 kB
20220313 013147.297 INFO             PET1 PIOc_freedecomp Enter - MemInfo: [/proc/meminfo - SSI]	MemAvailable:   123400164 kB
20220313 013147.297 INFO             PET1 PIOc_freedecomp Enter - MemInfo: [/proc/meminfo - SSI]	Committed_AS:    4449348 kB
20220313 013147.297 INFO             PET1 PIOc_freedecomp Enter - MemInfo: [/proc/meminfo - SSI]	CommittedPercent: 3.38625 %
20220313 013147.297 INFO             PET1 PIOc_freedecomp Enter - MemInfo: [/proc/self/status]	VmPeak:	 3866652 kB
20220313 013147.297 INFO             PET1 PIOc_freedecomp Enter - MemInfo: [/proc/self/status]	VmSize:	 3866652 kB
20220313 013147.297 INFO             PET1 PIOc_freedecomp Enter - MemInfo: [/proc/self/status]	VmLck:	       0 kB
20220313 013147.297 INFO             PET1 PIOc_freedecomp Enter - MemInfo: [/proc/self/status]	VmPin:	   71900 kB
20220313 013147.297 INFO             PET1 PIOc_freedecomp Enter - MemInfo: [/proc/self/status]	VmHWM:	  180100 kB
20220313 013147.297 INFO             PET1 PIOc_freedecomp Enter - MemInfo: [/proc/self/status]	VmRSS:	  180100 kB
20220313 013147.297 INFO             PET1 PIOc_freedecomp Enter - MemInfo: [/proc/self/status]	VmData:	  283304 kB
20220313 013147.297 INFO             PET1 PIOc_freedecomp Enter - MemInfo: [/proc/self/status]	VmStk:	     512 kB
20220313 013147.297 INFO             PET1 PIOc_freedecomp Enter - MemInfo: [/proc/self/status]	VmExe:	    1800 kB
20220313 013147.297 INFO             PET1 PIOc_freedecomp Enter - MemInfo: [/proc/self/status]	VmLib:	  156408 kB
20220313 013147.297 INFO             PET1 PIOc_freedecomp Enter - MemInfo: [/proc/self/status]	VmPTE:	     824 kB
20220313 013147.297 INFO             PET1 PIOc_freedecomp Enter - MemInfo: [/proc/self/status]	VmPMD:	      28 kB
20220313 013147.297 INFO             PET1 PIOc_freedecomp Enter - MemInfo: [/proc/self/status]	VmSwap:	       0 kB
20220313 013147.297 INFO             PET1 PIOc_freedecomp Enter - MemInfo: [/proc/self/status]	VmRSSPercent: 0.137068 %
20220313 013147.297 INFO             PET1 PIOc_freedecomp Enter - MemInfo: [malloc] Non-mmapped space allocated:                13606912 Byte
20220313 013147.298 INFO             PET1 PIOc_freedecomp Enter - MemInfo: [malloc] Space allocated in mmapped regions:         73412608 Byte
20220313 013147.298 INFO             PET1 PIOc_freedecomp Enter - MemInfo: [malloc] Maximum total allocated space:                     0 Byte
20220313 013147.298 INFO             PET1 PIOc_freedecomp Enter - MemInfo: [malloc] Space in freed fastbin blocks:                   368 Byte
20220313 013147.298 INFO             PET1 PIOc_freedecomp Enter - MemInfo: [malloc] Total allocated space:                       3324688 Byte
20220313 013147.298 INFO             PET1 PIOc_freedecomp Enter - MemInfo: [malloc] Total free space:                           10282224 Byte
20220313 013147.298 INFO             PET1 PIOc_freedecomp Enter - MemInfo: [malloc] Top-most, releasable space:                  2492992 Byte
20220313 013147.298 INFO             PET1 PIOc_freedecomp Enter - MemInfo: [malloc] Total space in use, mmap + non-mmap:        76737296 Byte
20220313 013147.298 INFO             PET1 PIOc_freedecomp Enter - MemInfo: [malloc] Total space held (mmap + non-mmap):         87019520 Byte
20220313 013147.298 INFO             PET1 PIOc_freedecomp Enter - MemInfo: [malloc] Total space used (mmap + non-mmap):         76746656 Byte
20220313 013147.298 INFO             PET1 PIOc_freedecomp Enter - MemInfo: Wall-clock time since execution start:                1.64332 seconds
20220313 013147.298 INFO             PET1 PIOc_freedecomp Exit - MemInfo: [/proc/meminfo - SSI]	MemTotal:       131394444 kB
20220313 013147.298 INFO             PET1 PIOc_freedecomp Exit - MemInfo: [/proc/meminfo - SSI]	MemFree:        123695648 kB
20220313 013147.298 INFO             PET1 PIOc_freedecomp Exit - MemInfo: [/proc/meminfo - SSI]	MemAvailable:   123400164 kB
20220313 013147.298 INFO             PET1 PIOc_freedecomp Exit - MemInfo: [/proc/meminfo - SSI]	Committed_AS:    4449348 kB
20220313 013147.298 INFO             PET1 PIOc_freedecomp Exit - MemInfo: [/proc/meminfo - SSI]	CommittedPercent: 3.38625 %
20220313 013147.298 INFO             PET1 PIOc_freedecomp Exit - MemInfo: [/proc/self/status]	VmPeak:	 3866652 kB
20220313 013147.298 INFO             PET1 PIOc_freedecomp Exit - MemInfo: [/proc/self/status]	VmSize:	 3866652 kB
20220313 013147.298 INFO             PET1 PIOc_freedecomp Exit - MemInfo: [/proc/self/status]	VmLck:	       0 kB
20220313 013147.298 INFO             PET1 PIOc_freedecomp Exit - MemInfo: [/proc/self/status]	VmPin:	   71900 kB
20220313 013147.298 INFO             PET1 PIOc_freedecomp Exit - MemInfo: [/proc/self/status]	VmHWM:	  180104 kB
20220313 013147.298 INFO             PET1 PIOc_freedecomp Exit - MemInfo: [/proc/self/status]	VmRSS:	  180104 kB
20220313 013147.298 INFO             PET1 PIOc_freedecomp Exit - MemInfo: [/proc/self/status]	VmData:	  283304 kB
20220313 013147.298 INFO             PET1 PIOc_freedecomp Exit - MemInfo: [/proc/self/status]	VmStk:	     512 kB
20220313 013147.298 INFO             PET1 PIOc_freedecomp Exit - MemInfo: [/proc/self/status]	VmExe:	    1800 kB
20220313 013147.298 INFO             PET1 PIOc_freedecomp Exit - MemInfo: [/proc/self/status]	VmLib:	  156408 kB
20220313 013147.298 INFO             PET1 PIOc_freedecomp Exit - MemInfo: [/proc/self/status]	VmPTE:	     824 kB
20220313 013147.298 INFO             PET1 PIOc_freedecomp Exit - MemInfo: [/proc/self/status]	VmPMD:	      28 kB
20220313 013147.298 INFO             PET1 PIOc_freedecomp Exit - MemInfo: [/proc/self/status]	VmSwap:	       0 kB
20220313 013147.298 INFO             PET1 PIOc_freedecomp Exit - MemInfo: [/proc/self/status]	VmRSSPercent: 0.137071 %
20220313 013147.298 INFO             PET1 PIOc_freedecomp Exit - MemInfo: [malloc] Non-mmapped space allocated:                13606912 Byte
20220313 013147.298 INFO             PET1 PIOc_freedecomp Exit - MemInfo: [malloc] Space allocated in mmapped regions:         73412608 Byte
20220313 013147.298 INFO             PET1 PIOc_freedecomp Exit - MemInfo: [malloc] Maximum total allocated space:                     0 Byte
20220313 013147.298 INFO             PET1 PIOc_freedecomp Exit - MemInfo: [malloc] Space in freed fastbin blocks:                   816 Byte
20220313 013147.298 INFO             PET1 PIOc_freedecomp Exit - MemInfo: [malloc] Total allocated space:                       3323408 Byte
20220313 013147.298 INFO             PET1 PIOc_freedecomp Exit - MemInfo: [malloc] Total free space:                           10283504 Byte
20220313 013147.298 INFO             PET1 PIOc_freedecomp Exit - MemInfo: [malloc] Top-most, releasable space:                  2492992 Byte
20220313 013147.298 INFO             PET1 PIOc_freedecomp Exit - MemInfo: [malloc] Total space in use, mmap + non-mmap:        76736016 Byte
20220313 013147.298 INFO             PET1 PIOc_freedecomp Exit - MemInfo: [malloc] Total space held (mmap + non-mmap):         87019520 Byte
20220313 013147.298 INFO             PET1 PIOc_freedecomp Exit - MemInfo: [malloc] Total space used (mmap + non-mmap):         76745376 Byte
20220313 013147.298 INFO             PET1 PIOc_freedecomp Exit - MemInfo: Wall-clock time since execution start:                1.64386 seconds
20220313 013147.299 INFO             PET1 PIOc_sync Enter - MemInfo: [/proc/meminfo - SSI]	MemTotal:       131394444 kB
20220313 013147.299 INFO             PET1 PIOc_sync Enter - MemInfo: [/proc/meminfo - SSI]	MemFree:        123695648 kB
20220313 013147.299 INFO             PET1 PIOc_sync Enter - MemInfo: [/proc/meminfo - SSI]	MemAvailable:   123400164 kB
20220313 013147.299 INFO             PET1 PIOc_sync Enter - MemInfo: [/proc/meminfo - SSI]	Committed_AS:    4449348 kB
20220313 013147.299 INFO             PET1 PIOc_sync Enter - MemInfo: [/proc/meminfo - SSI]	CommittedPercent: 3.38625 %
20220313 013147.299 INFO             PET1 PIOc_sync Enter - MemInfo: [/proc/self/status]	VmPeak:	 3866652 kB
20220313 013147.299 INFO             PET1 PIOc_sync Enter - MemInfo: [/proc/self/status]	VmSize:	 3866652 kB
20220313 013147.299 INFO             PET1 PIOc_sync Enter - MemInfo: [/proc/self/status]	VmLck:	       0 kB
20220313 013147.299 INFO             PET1 PIOc_sync Enter - MemInfo: [/proc/self/status]	VmPin:	   71900 kB
20220313 013147.299 INFO             PET1 PIOc_sync Enter - MemInfo: [/proc/self/status]	VmHWM:	  180168 kB
20220313 013147.299 INFO             PET1 PIOc_sync Enter - MemInfo: [/proc/self/status]	VmRSS:	  180168 kB
20220313 013147.299 INFO             PET1 PIOc_sync Enter - MemInfo: [/proc/self/status]	VmData:	  283304 kB
20220313 013147.299 INFO             PET1 PIOc_sync Enter - MemInfo: [/proc/self/status]	VmStk:	     512 kB
20220313 013147.299 INFO             PET1 PIOc_sync Enter - MemInfo: [/proc/self/status]	VmExe:	    1800 kB
20220313 013147.299 INFO             PET1 PIOc_sync Enter - MemInfo: [/proc/self/status]	VmLib:	  156408 kB
20220313 013147.299 INFO             PET1 PIOc_sync Enter - MemInfo: [/proc/self/status]	VmPTE:	     824 kB
20220313 013147.299 INFO             PET1 PIOc_sync Enter - MemInfo: [/proc/self/status]	VmPMD:	      28 kB
20220313 013147.300 INFO             PET1 PIOc_sync Enter - MemInfo: [/proc/self/status]	VmSwap:	       0 kB
20220313 013147.300 INFO             PET1 PIOc_sync Enter - MemInfo: [/proc/self/status]	VmRSSPercent: 0.13712 %
20220313 013147.300 INFO             PET1 PIOc_sync Enter - MemInfo: [malloc] Non-mmapped space allocated:                13606912 Byte
20220313 013147.300 INFO             PET1 PIOc_sync Enter - MemInfo: [malloc] Space allocated in mmapped regions:         73412608 Byte
20220313 013147.300 INFO             PET1 PIOc_sync Enter - MemInfo: [malloc] Maximum total allocated space:                     0 Byte
20220313 013147.300 INFO             PET1 PIOc_sync Enter - MemInfo: [malloc] Space in freed fastbin blocks:                   512 Byte
20220313 013147.300 INFO             PET1 PIOc_sync Enter - MemInfo: [malloc] Total allocated space:                       3327232 Byte
20220313 013147.300 INFO             PET1 PIOc_sync Enter - MemInfo: [malloc] Total free space:                           10279680 Byte
20220313 013147.300 INFO             PET1 PIOc_sync Enter - MemInfo: [malloc] Top-most, releasable space:                  2492992 Byte
20220313 013147.300 INFO             PET1 PIOc_sync Enter - MemInfo: [malloc] Total space in use, mmap + non-mmap:        76739840 Byte
20220313 013147.300 INFO             PET1 PIOc_sync Enter - MemInfo: [malloc] Total space held (mmap + non-mmap):         87019520 Byte
20220313 013147.300 INFO             PET1 PIOc_sync Enter - MemInfo: [malloc] Total space used (mmap + non-mmap):         76749200 Byte
20220313 013147.300 INFO             PET1 PIOc_sync Enter - MemInfo: Wall-clock time since execution start:                1.64538 seconds
20220313 013147.300 INFO             PET1 PIOc_sync Exit - MemInfo: [/proc/meminfo - SSI]	MemTotal:       131394444 kB
20220313 013147.300 INFO             PET1 PIOc_sync Exit - MemInfo: [/proc/meminfo - SSI]	MemFree:        123695648 kB
20220313 013147.300 INFO             PET1 PIOc_sync Exit - MemInfo: [/proc/meminfo - SSI]	MemAvailable:   123400164 kB
20220313 013147.300 INFO             PET1 PIOc_sync Exit - MemInfo: [/proc/meminfo - SSI]	Committed_AS:    4449348 kB
20220313 013147.300 INFO             PET1 PIOc_sync Exit - MemInfo: [/proc/meminfo - SSI]	CommittedPercent: 3.38625 %
20220313 013147.300 INFO             PET1 PIOc_sync Exit - MemInfo: [/proc/self/status]	VmPeak:	 3866652 kB
20220313 013147.300 INFO             PET1 PIOc_sync Exit - MemInfo: [/proc/self/status]	VmSize:	 3866652 kB
20220313 013147.300 INFO             PET1 PIOc_sync Exit - MemInfo: [/proc/self/status]	VmLck:	       0 kB
20220313 013147.300 INFO             PET1 PIOc_sync Exit - MemInfo: [/proc/self/status]	VmPin:	   71900 kB
20220313 013147.300 INFO             PET1 PIOc_sync Exit - MemInfo: [/proc/self/status]	VmHWM:	  180172 kB
20220313 013147.300 INFO             PET1 PIOc_sync Exit - MemInfo: [/proc/self/status]	VmRSS:	  180172 kB
20220313 013147.300 INFO             PET1 PIOc_sync Exit - MemInfo: [/proc/self/status]	VmData:	  283304 kB
20220313 013147.300 INFO             PET1 PIOc_sync Exit - MemInfo: [/proc/self/status]	VmStk:	     512 kB
20220313 013147.300 INFO             PET1 PIOc_sync Exit - MemInfo: [/proc/self/status]	VmExe:	    1800 kB
20220313 013147.300 INFO             PET1 PIOc_sync Exit - MemInfo: [/proc/self/status]	VmLib:	  156408 kB
20220313 013147.301 INFO             PET1 PIOc_sync Exit - MemInfo: [/proc/self/status]	VmPTE:	     824 kB
20220313 013147.301 INFO             PET1 PIOc_sync Exit - MemInfo: [/proc/self/status]	VmPMD:	      28 kB
20220313 013147.301 INFO             PET1 PIOc_sync Exit - MemInfo: [/proc/self/status]	VmSwap:	       0 kB
20220313 013147.301 INFO             PET1 PIOc_sync Exit - MemInfo: [/proc/self/status]	VmRSSPercent: 0.137123 %
20220313 013147.301 INFO             PET1 PIOc_sync Exit - MemInfo: [malloc] Non-mmapped space allocated:                13606912 Byte
20220313 013147.301 INFO             PET1 PIOc_sync Exit - MemInfo: [malloc] Space allocated in mmapped regions:         73412608 Byte
20220313 013147.301 INFO             PET1 PIOc_sync Exit - MemInfo: [malloc] Maximum total allocated space:                     0 Byte
20220313 013147.301 INFO             PET1 PIOc_sync Exit - MemInfo: [malloc] Space in freed fastbin blocks:                   288 Byte
20220313 013147.301 INFO             PET1 PIOc_sync Exit - MemInfo: [malloc] Total allocated space:                       3326448 Byte
20220313 013147.301 INFO             PET1 PIOc_sync Exit - MemInfo: [malloc] Total free space:                           10280464 Byte
20220313 013147.301 INFO             PET1 PIOc_sync Exit - MemInfo: [malloc] Top-most, releasable space:                  2492992 Byte
20220313 013147.301 INFO             PET1 PIOc_sync Exit - MemInfo: [malloc] Total space in use, mmap + non-mmap:        76739056 Byte
20220313 013147.301 INFO             PET1 PIOc_sync Exit - MemInfo: [malloc] Total space held (mmap + non-mmap):         87019520 Byte
20220313 013147.301 INFO             PET1 PIOc_sync Exit - MemInfo: [malloc] Total space used (mmap + non-mmap):         76748416 Byte
20220313 013147.301 INFO             PET1 PIOc_sync Exit - MemInfo: Wall-clock time since execution start:                1.64641 seconds
20220313 013147.302 INFO             PET1 PIOc_freedecomp Enter - MemInfo: [/proc/meminfo - SSI]	MemTotal:       131394444 kB
20220313 013147.302 INFO             PET1 PIOc_freedecomp Enter - MemInfo: [/proc/meminfo - SSI]	MemFree:        123695648 kB
20220313 013147.302 INFO             PET1 PIOc_freedecomp Enter - MemInfo: [/proc/meminfo - SSI]	MemAvailable:   123400164 kB
20220313 013147.302 INFO             PET1 PIOc_freedecomp Enter - MemInfo: [/proc/meminfo - SSI]	Committed_AS:    4449348 kB
20220313 013147.302 INFO             PET1 PIOc_freedecomp Enter - MemInfo: [/proc/meminfo - SSI]	CommittedPercent: 3.38625 %
20220313 013147.302 INFO             PET1 PIOc_freedecomp Enter - MemInfo: [/proc/self/status]	VmPeak:	 3866652 kB
20220313 013147.302 INFO             PET1 PIOc_freedecomp Enter - MemInfo: [/proc/self/status]	VmSize:	 3866652 kB
20220313 013147.302 INFO             PET1 PIOc_freedecomp Enter - MemInfo: [/proc/self/status]	VmLck:	       0 kB
20220313 013147.302 INFO             PET1 PIOc_freedecomp Enter - MemInfo: [/proc/self/status]	VmPin:	   71900 kB
20220313 013147.302 INFO             PET1 PIOc_freedecomp Enter - MemInfo: [/proc/self/status]	VmHWM:	  180172 kB
20220313 013147.302 INFO             PET1 PIOc_freedecomp Enter - MemInfo: [/proc/self/status]	VmRSS:	  180172 kB
20220313 013147.302 INFO             PET1 PIOc_freedecomp Enter - MemInfo: [/proc/self/status]	VmData:	  283304 kB
20220313 013147.302 INFO             PET1 PIOc_freedecomp Enter - MemInfo: [/proc/self/status]	VmStk:	     512 kB
20220313 013147.302 INFO             PET1 PIOc_freedecomp Enter - MemInfo: [/proc/self/status]	VmExe:	    1800 kB
20220313 013147.302 INFO             PET1 PIOc_freedecomp Enter - MemInfo: [/proc/self/status]	VmLib:	  156408 kB
20220313 013147.302 INFO             PET1 PIOc_freedecomp Enter - MemInfo: [/proc/self/status]	VmPTE:	     824 kB
20220313 013147.302 INFO             PET1 PIOc_freedecomp Enter - MemInfo: [/proc/self/status]	VmPMD:	      28 kB
20220313 013147.302 INFO             PET1 PIOc_freedecomp Enter - MemInfo: [/proc/self/status]	VmSwap:	       0 kB
20220313 013147.302 INFO             PET1 PIOc_freedecomp Enter - MemInfo: [/proc/self/status]	VmRSSPercent: 0.137123 %
20220313 013147.302 INFO             PET1 PIOc_freedecomp Enter - MemInfo: [malloc] Non-mmapped space allocated:                13606912 Byte
20220313 013147.302 INFO             PET1 PIOc_freedecomp Enter - MemInfo: [malloc] Space allocated in mmapped regions:         73412608 Byte
20220313 013147.302 INFO             PET1 PIOc_freedecomp Enter - MemInfo: [malloc] Maximum total allocated space:                     0 Byte
20220313 013147.302 INFO             PET1 PIOc_freedecomp Enter - MemInfo: [malloc] Space in freed fastbin blocks:                   448 Byte
20220313 013147.302 INFO             PET1 PIOc_freedecomp Enter - MemInfo: [malloc] Total allocated space:                       3324688 Byte
20220313 013147.302 INFO             PET1 PIOc_freedecomp Enter - MemInfo: [malloc] Total free space:                           10282224 Byte
20220313 013147.302 INFO             PET1 PIOc_freedecomp Enter - MemInfo: [malloc] Top-most, releasable space:                  2492992 Byte
20220313 013147.302 INFO             PET1 PIOc_freedecomp Enter - MemInfo: [malloc] Total space in use, mmap + non-mmap:        76737296 Byte
20220313 013147.302 INFO             PET1 PIOc_freedecomp Enter - MemInfo: [malloc] Total space held (mmap + non-mmap):         87019520 Byte
20220313 013147.302 INFO             PET1 PIOc_freedecomp Enter - MemInfo: [malloc] Total space used (mmap + non-mmap):         76746656 Byte
20220313 013147.302 INFO             PET1 PIOc_freedecomp Enter - MemInfo: Wall-clock time since execution start:                1.64805 seconds
20220313 013147.302 INFO             PET1 PIOc_freedecomp Exit - MemInfo: [/proc/meminfo - SSI]	MemTotal:       131394444 kB
20220313 013147.302 INFO             PET1 PIOc_freedecomp Exit - MemInfo: [/proc/meminfo - SSI]	MemFree:        123695648 kB
20220313 013147.302 INFO             PET1 PIOc_freedecomp Exit - MemInfo: [/proc/meminfo - SSI]	MemAvailable:   123400164 kB
20220313 013147.302 INFO             PET1 PIOc_freedecomp Exit - MemInfo: [/proc/meminfo - SSI]	Committed_AS:    4449348 kB
20220313 013147.303 INFO             PET1 PIOc_freedecomp Exit - MemInfo: [/proc/meminfo - SSI]	CommittedPercent: 3.38625 %
20220313 013147.303 INFO             PET1 PIOc_freedecomp Exit - MemInfo: [/proc/self/status]	VmPeak:	 3866652 kB
20220313 013147.303 INFO             PET1 PIOc_freedecomp Exit - MemInfo: [/proc/self/status]	VmSize:	 3866652 kB
20220313 013147.303 INFO             PET1 PIOc_freedecomp Exit - MemInfo: [/proc/self/status]	VmLck:	       0 kB
20220313 013147.303 INFO             PET1 PIOc_freedecomp Exit - MemInfo: [/proc/self/status]	VmPin:	   71900 kB
20220313 013147.303 INFO             PET1 PIOc_freedecomp Exit - MemInfo: [/proc/self/status]	VmHWM:	  180172 kB
20220313 013147.303 INFO             PET1 PIOc_freedecomp Exit - MemInfo: [/proc/self/status]	VmRSS:	  180172 kB
20220313 013147.303 INFO             PET1 PIOc_freedecomp Exit - MemInfo: [/proc/self/status]	VmData:	  283304 kB
20220313 013147.303 INFO             PET1 PIOc_freedecomp Exit - MemInfo: [/proc/self/status]	VmStk:	     512 kB
20220313 013147.303 INFO             PET1 PIOc_freedecomp Exit - MemInfo: [/proc/self/status]	VmExe:	    1800 kB
20220313 013147.303 INFO             PET1 PIOc_freedecomp Exit - MemInfo: [/proc/self/status]	VmLib:	  156408 kB
20220313 013147.303 INFO             PET1 PIOc_freedecomp Exit - MemInfo: [/proc/self/status]	VmPTE:	     824 kB
20220313 013147.303 INFO             PET1 PIOc_freedecomp Exit - MemInfo: [/proc/self/status]	VmPMD:	      28 kB
20220313 013147.303 INFO             PET1 PIOc_freedecomp Exit - MemInfo: [/proc/self/status]	VmSwap:	       0 kB
20220313 013147.303 INFO             PET1 PIOc_freedecomp Exit - MemInfo: [/proc/self/status]	VmRSSPercent: 0.137123 %
20220313 013147.303 INFO             PET1 PIOc_freedecomp Exit - MemInfo: [malloc] Non-mmapped space allocated:                13606912 Byte
20220313 013147.303 INFO             PET1 PIOc_freedecomp Exit - MemInfo: [malloc] Space allocated in mmapped regions:         73412608 Byte
20220313 013147.303 INFO             PET1 PIOc_freedecomp Exit - MemInfo: [malloc] Maximum total allocated space:                     0 Byte
20220313 013147.303 INFO             PET1 PIOc_freedecomp Exit - MemInfo: [malloc] Space in freed fastbin blocks:                   816 Byte
20220313 013147.303 INFO             PET1 PIOc_freedecomp Exit - MemInfo: [malloc] Total allocated space:                       3323408 Byte
20220313 013147.303 INFO             PET1 PIOc_freedecomp Exit - MemInfo: [malloc] Total free space:                           10283504 Byte
20220313 013147.303 INFO             PET1 PIOc_freedecomp Exit - MemInfo: [malloc] Top-most, releasable space:                  2492992 Byte
20220313 013147.303 INFO             PET1 PIOc_freedecomp Exit - MemInfo: [malloc] Total space in use, mmap + non-mmap:        76736016 Byte
20220313 013147.303 INFO             PET1 PIOc_freedecomp Exit - MemInfo: [malloc] Total space held (mmap + non-mmap):         87019520 Byte
20220313 013147.303 INFO             PET1 PIOc_freedecomp Exit - MemInfo: [malloc] Total space used (mmap + non-mmap):         76745376 Byte
20220313 013147.303 INFO             PET1 PIOc_freedecomp Exit - MemInfo: Wall-clock time since execution start:                1.64857 seconds
20220313 013147.304 INFO             PET1 PIOc_sync Enter - MemInfo: [/proc/meminfo - SSI]	MemTotal:       131394444 kB
20220313 013147.304 INFO             PET1 PIOc_sync Enter - MemInfo: [/proc/meminfo - SSI]	MemFree:        123695648 kB
20220313 013147.304 INFO             PET1 PIOc_sync Enter - MemInfo: [/proc/meminfo - SSI]	MemAvailable:   123400164 kB
20220313 013147.304 INFO             PET1 PIOc_sync Enter - MemInfo: [/proc/meminfo - SSI]	Committed_AS:    4449348 kB
20220313 013147.304 INFO             PET1 PIOc_sync Enter - MemInfo: [/proc/meminfo - SSI]	CommittedPercent: 3.38625 %
20220313 013147.304 INFO             PET1 PIOc_sync Enter - MemInfo: [/proc/self/status]	VmPeak:	 3866652 kB
20220313 013147.304 INFO             PET1 PIOc_sync Enter - MemInfo: [/proc/self/status]	VmSize:	 3866652 kB
20220313 013147.304 INFO             PET1 PIOc_sync Enter - MemInfo: [/proc/self/status]	VmLck:	       0 kB
20220313 013147.304 INFO             PET1 PIOc_sync Enter - MemInfo: [/proc/self/status]	VmPin:	   71900 kB
20220313 013147.304 INFO             PET1 PIOc_sync Enter - MemInfo: [/proc/self/status]	VmHWM:	  180220 kB
20220313 013147.304 INFO             PET1 PIOc_sync Enter - MemInfo: [/proc/self/status]	VmRSS:	  180220 kB
20220313 013147.304 INFO             PET1 PIOc_sync Enter - MemInfo: [/proc/self/status]	VmData:	  283304 kB
20220313 013147.304 INFO             PET1 PIOc_sync Enter - MemInfo: [/proc/self/status]	VmStk:	     512 kB
20220313 013147.304 INFO             PET1 PIOc_sync Enter - MemInfo: [/proc/self/status]	VmExe:	    1800 kB
20220313 013147.304 INFO             PET1 PIOc_sync Enter - MemInfo: [/proc/self/status]	VmLib:	  156408 kB
20220313 013147.304 INFO             PET1 PIOc_sync Enter - MemInfo: [/proc/self/status]	VmPTE:	     824 kB
20220313 013147.304 INFO             PET1 PIOc_sync Enter - MemInfo: [/proc/self/status]	VmPMD:	      28 kB
20220313 013147.304 INFO             PET1 PIOc_sync Enter - MemInfo: [/proc/self/status]	VmSwap:	       0 kB
20220313 013147.304 INFO             PET1 PIOc_sync Enter - MemInfo: [/proc/self/status]	VmRSSPercent: 0.13716 %
20220313 013147.304 INFO             PET1 PIOc_sync Enter - MemInfo: [malloc] Non-mmapped space allocated:                13606912 Byte
20220313 013147.304 INFO             PET1 PIOc_sync Enter - MemInfo: [malloc] Space allocated in mmapped regions:         73412608 Byte
20220313 013147.304 INFO             PET1 PIOc_sync Enter - MemInfo: [malloc] Maximum total allocated space:                     0 Byte
20220313 013147.304 INFO             PET1 PIOc_sync Enter - MemInfo: [malloc] Space in freed fastbin blocks:                   512 Byte
20220313 013147.304 INFO             PET1 PIOc_sync Enter - MemInfo: [malloc] Total allocated space:                       3327360 Byte
20220313 013147.304 INFO             PET1 PIOc_sync Enter - MemInfo: [malloc] Total free space:                           10279552 Byte
20220313 013147.304 INFO             PET1 PIOc_sync Enter - MemInfo: [malloc] Top-most, releasable space:                  2492992 Byte
20220313 013147.304 INFO             PET1 PIOc_sync Enter - MemInfo: [malloc] Total space in use, mmap + non-mmap:        76739968 Byte
20220313 013147.304 INFO             PET1 PIOc_sync Enter - MemInfo: [malloc] Total space held (mmap + non-mmap):         87019520 Byte
