build time -- 2022-03-12 01:18:16.332562
20220312 013836.495 INFO             PET0 !!!!!!!!!!!!!!!!!!!!!!!!!!!!!!!!!!!!!!!!!!!!!!!!!!!!!!
20220312 013836.495 INFO             PET0 !!! THE ESMF_LOG IS SET TO OUTPUT ALL LOG MESSAGES !!!
20220312 013836.495 INFO             PET0 !!!     THIS MAY CAUSE SLOWDOWN IN PERFORMANCE     !!!
20220312 013836.495 INFO             PET0 !!! FOR PRODUCTION RUNS, USE:                      !!!
20220312 013836.495 INFO             PET0 !!!                   ESMF_LOGKIND_Multi_On_Error  !!!
20220312 013836.495 INFO             PET0 !!!!!!!!!!!!!!!!!!!!!!!!!!!!!!!!!!!!!!!!!!!!!!!!!!!!!!
20220312 013836.495 INFO             PET0 Running with ESMF Version   : v8.3.0b09-96-g559b459836
20220312 013836.495 INFO             PET0 ESMF library build date/time: "Mar 12 2022" "01:15:37"
20220312 013836.495 INFO             PET0 ESMF library build location : /gpfsm/dnb04/projects/p98/mpotts/esmf/intel_2020_intelmpi_g_jedwards_pio_update2
20220312 013836.495 INFO             PET0 ESMF_COMM                   : intelmpi
20220312 013836.495 INFO             PET0 ESMF_MOAB                   : enabled
20220312 013836.495 INFO             PET0 ESMF_LAPACK                 : enabled
20220312 013836.495 INFO             PET0 ESMF_NETCDF                 : enabled
20220312 013836.495 INFO             PET0 ESMF_PNETCDF                : disabled
20220312 013836.495 INFO             PET0 ESMF_PIO                    : enabled
20220312 013836.495 INFO             PET0 ESMF_YAMLCPP                : enabled
20220312 013836.496 INFO             PET0  Beginning Test, file ESMF_FieldSMMFromFileUTest.F90, line 287
20220312 013836.496 INFO             PET0  NUMBER_OF_PROCESSORS           4
20220312 013837.108 INFO             PET0  PASS  ESMF_FieldSMMFromFile Unit Test, ESMF_FieldSMMFromFileUTest.F90, line 300
20220312 013837.122 INFO             PET0 PIOc_sync Enter - MemInfo: [/proc/meminfo - SSI]	MemTotal:       131394452 kB
20220312 013837.122 INFO             PET0 PIOc_sync Enter - MemInfo: [/proc/meminfo - SSI]	MemFree:        122252332 kB
20220312 013837.122 INFO             PET0 PIOc_sync Enter - MemInfo: [/proc/meminfo - SSI]	MemAvailable:   121916396 kB
20220312 013837.122 INFO             PET0 PIOc_sync Enter - MemInfo: [/proc/meminfo - SSI]	Committed_AS:    4206008 kB
20220312 013837.122 INFO             PET0 PIOc_sync Enter - MemInfo: [/proc/meminfo - SSI]	CommittedPercent: 3.20105 %
20220312 013837.122 INFO             PET0 PIOc_sync Enter - MemInfo: [/proc/self/status]	VmPeak:	 3866428 kB
20220312 013837.122 INFO             PET0 PIOc_sync Enter - MemInfo: [/proc/self/status]	VmSize:	 3865408 kB
20220312 013837.122 INFO             PET0 PIOc_sync Enter - MemInfo: [/proc/self/status]	VmLck:	       0 kB
20220312 013837.122 INFO             PET0 PIOc_sync Enter - MemInfo: [/proc/self/status]	VmPin:	   82140 kB
20220312 013837.122 INFO             PET0 PIOc_sync Enter - MemInfo: [/proc/self/status]	VmHWM:	  188176 kB
20220312 013837.122 INFO             PET0 PIOc_sync Enter - MemInfo: [/proc/self/status]	VmRSS:	  188176 kB
20220312 013837.122 INFO             PET0 PIOc_sync Enter - MemInfo: [/proc/self/status]	VmData:	  282092 kB
20220312 013837.122 INFO             PET0 PIOc_sync Enter - MemInfo: [/proc/self/status]	VmStk:	     512 kB
20220312 013837.122 INFO             PET0 PIOc_sync Enter - MemInfo: [/proc/self/status]	VmExe:	    1768 kB
20220312 013837.122 INFO             PET0 PIOc_sync Enter - MemInfo: [/proc/self/status]	VmLib:	  156408 kB
20220312 013837.122 INFO             PET0 PIOc_sync Enter - MemInfo: [/proc/self/status]	VmPTE:	     860 kB
20220312 013837.122 INFO             PET0 PIOc_sync Enter - MemInfo: [/proc/self/status]	VmPMD:	      32 kB
20220312 013837.122 INFO             PET0 PIOc_sync Enter - MemInfo: [/proc/self/status]	VmSwap:	       0 kB
20220312 013837.122 INFO             PET0 PIOc_sync Enter - MemInfo: [/proc/self/status]	VmRSSPercent: 0.143215 %
20220312 013837.122 INFO             PET0 PIOc_sync Enter - MemInfo: [malloc] Non-mmapped space allocated:                16556032 Byte
20220312 013837.122 INFO             PET0 PIOc_sync Enter - MemInfo: [malloc] Space allocated in mmapped regions:         85999616 Byte
20220312 013837.122 INFO             PET0 PIOc_sync Enter - MemInfo: [malloc] Maximum total allocated space:                     0 Byte
20220312 013837.122 INFO             PET0 PIOc_sync Enter - MemInfo: [malloc] Space in freed fastbin blocks:                   512 Byte
20220312 013837.122 INFO             PET0 PIOc_sync Enter - MemInfo: [malloc] Total allocated space:                      12196240 Byte
20220312 013837.122 INFO             PET0 PIOc_sync Enter - MemInfo: [malloc] Total free space:                            4359792 Byte
20220312 013837.122 INFO             PET0 PIOc_sync Enter - MemInfo: [malloc] Top-most, releasable space:                  2231232 Byte
20220312 013837.122 INFO             PET0 PIOc_sync Enter - MemInfo: [malloc] Total space in use, mmap + non-mmap:        98195856 Byte
20220312 013837.122 INFO             PET0 PIOc_sync Enter - MemInfo: [malloc] Total space held (mmap + non-mmap):        102555648 Byte
20220312 013837.122 INFO             PET0 PIOc_sync Enter - MemInfo: [malloc] Total space used (mmap + non-mmap):         98205216 Byte
20220312 013837.122 INFO             PET0 PIOc_sync Enter - MemInfo: Wall-clock time since execution start:               0.639008 seconds
20220312 013837.123 INFO             PET0 PIOc_sync Exit - MemInfo: [/proc/meminfo - SSI]	MemTotal:       131394452 kB
20220312 013837.123 INFO             PET0 PIOc_sync Exit - MemInfo: [/proc/meminfo - SSI]	MemFree:        122252332 kB
20220312 013837.123 INFO             PET0 PIOc_sync Exit - MemInfo: [/proc/meminfo - SSI]	MemAvailable:   121916396 kB
20220312 013837.123 INFO             PET0 PIOc_sync Exit - MemInfo: [/proc/meminfo - SSI]	Committed_AS:    4206008 kB
20220312 013837.123 INFO             PET0 PIOc_sync Exit - MemInfo: [/proc/meminfo - SSI]	CommittedPercent: 3.20105 %
20220312 013837.123 INFO             PET0 PIOc_sync Exit - MemInfo: [/proc/self/status]	VmPeak:	 3866428 kB
20220312 013837.123 INFO             PET0 PIOc_sync Exit - MemInfo: [/proc/self/status]	VmSize:	 3865408 kB
20220312 013837.123 INFO             PET0 PIOc_sync Exit - MemInfo: [/proc/self/status]	VmLck:	       0 kB
20220312 013837.123 INFO             PET0 PIOc_sync Exit - MemInfo: [/proc/self/status]	VmPin:	   82140 kB
20220312 013837.123 INFO             PET0 PIOc_sync Exit - MemInfo: [/proc/self/status]	VmHWM:	  188280 kB
20220312 013837.123 INFO             PET0 PIOc_sync Exit - MemInfo: [/proc/self/status]	VmRSS:	  188280 kB
20220312 013837.123 INFO             PET0 PIOc_sync Exit - MemInfo: [/proc/self/status]	VmData:	  282092 kB
20220312 013837.123 INFO             PET0 PIOc_sync Exit - MemInfo: [/proc/self/status]	VmStk:	     512 kB
20220312 013837.123 INFO             PET0 PIOc_sync Exit - MemInfo: [/proc/self/status]	VmExe:	    1768 kB
20220312 013837.123 INFO             PET0 PIOc_sync Exit - MemInfo: [/proc/self/status]	VmLib:	  156408 kB
20220312 013837.123 INFO             PET0 PIOc_sync Exit - MemInfo: [/proc/self/status]	VmPTE:	     860 kB
20220312 013837.123 INFO             PET0 PIOc_sync Exit - MemInfo: [/proc/self/status]	VmPMD:	      32 kB
20220312 013837.123 INFO             PET0 PIOc_sync Exit - MemInfo: [/proc/self/status]	VmSwap:	       0 kB
20220312 013837.123 INFO             PET0 PIOc_sync Exit - MemInfo: [/proc/self/status]	VmRSSPercent: 0.143294 %
20220312 013837.123 INFO             PET0 PIOc_sync Exit - MemInfo: [malloc] Non-mmapped space allocated:                16556032 Byte
20220312 013837.123 INFO             PET0 PIOc_sync Exit - MemInfo: [malloc] Space allocated in mmapped regions:         85999616 Byte
20220312 013837.123 INFO             PET0 PIOc_sync Exit - MemInfo: [malloc] Maximum total allocated space:                     0 Byte
20220312 013837.123 INFO             PET0 PIOc_sync Exit - MemInfo: [malloc] Space in freed fastbin blocks:                   384 Byte
20220312 013837.123 INFO             PET0 PIOc_sync Exit - MemInfo: [malloc] Total allocated space:                      12195008 Byte
20220312 013837.123 INFO             PET0 PIOc_sync Exit - MemInfo: [malloc] Total free space:                            4361024 Byte
20220312 013837.123 INFO             PET0 PIOc_sync Exit - MemInfo: [malloc] Top-most, releasable space:                  2231232 Byte
20220312 013837.123 INFO             PET0 PIOc_sync Exit - MemInfo: [malloc] Total space in use, mmap + non-mmap:        98194624 Byte
20220312 013837.123 INFO             PET0 PIOc_sync Exit - MemInfo: [malloc] Total space held (mmap + non-mmap):        102555648 Byte
20220312 013837.123 INFO             PET0 PIOc_sync Exit - MemInfo: [malloc] Total space used (mmap + non-mmap):         98203984 Byte
20220312 013837.123 INFO             PET0 PIOc_sync Exit - MemInfo: Wall-clock time since execution start:               0.639948 seconds
20220312 013837.123 INFO             PET0 PIOc_freedecomp Enter - MemInfo: [/proc/meminfo - SSI]	MemTotal:       131394452 kB
20220312 013837.123 INFO             PET0 PIOc_freedecomp Enter - MemInfo: [/proc/meminfo - SSI]	MemFree:        122252332 kB
20220312 013837.123 INFO             PET0 PIOc_freedecomp Enter - MemInfo: [/proc/meminfo - SSI]	MemAvailable:   121916396 kB
20220312 013837.123 INFO             PET0 PIOc_freedecomp Enter - MemInfo: [/proc/meminfo - SSI]	Committed_AS:    4206008 kB
20220312 013837.123 INFO             PET0 PIOc_freedecomp Enter - MemInfo: [/proc/meminfo - SSI]	CommittedPercent: 3.20105 %
20220312 013837.123 INFO             PET0 PIOc_freedecomp Enter - MemInfo: [/proc/self/status]	VmPeak:	 3866428 kB
20220312 013837.124 INFO             PET0 PIOc_freedecomp Enter - MemInfo: [/proc/self/status]	VmSize:	 3865408 kB
20220312 013837.124 INFO             PET0 PIOc_freedecomp Enter - MemInfo: [/proc/self/status]	VmLck:	       0 kB
20220312 013837.124 INFO             PET0 PIOc_freedecomp Enter - MemInfo: [/proc/self/status]	VmPin:	   82140 kB
20220312 013837.124 INFO             PET0 PIOc_freedecomp Enter - MemInfo: [/proc/self/status]	VmHWM:	  188284 kB
20220312 013837.124 INFO             PET0 PIOc_freedecomp Enter - MemInfo: [/proc/self/status]	VmRSS:	  188284 kB
20220312 013837.124 INFO             PET0 PIOc_freedecomp Enter - MemInfo: [/proc/self/status]	VmData:	  282092 kB
20220312 013837.124 INFO             PET0 PIOc_freedecomp Enter - MemInfo: [/proc/self/status]	VmStk:	     512 kB
20220312 013837.124 INFO             PET0 PIOc_freedecomp Enter - MemInfo: [/proc/self/status]	VmExe:	    1768 kB
20220312 013837.124 INFO             PET0 PIOc_freedecomp Enter - MemInfo: [/proc/self/status]	VmLib:	  156408 kB
20220312 013837.124 INFO             PET0 PIOc_freedecomp Enter - MemInfo: [/proc/self/status]	VmPTE:	     860 kB
20220312 013837.124 INFO             PET0 PIOc_freedecomp Enter - MemInfo: [/proc/self/status]	VmPMD:	      32 kB
20220312 013837.124 INFO             PET0 PIOc_freedecomp Enter - MemInfo: [/proc/self/status]	VmSwap:	       0 kB
20220312 013837.124 INFO             PET0 PIOc_freedecomp Enter - MemInfo: [/proc/self/status]	VmRSSPercent: 0.143297 %
20220312 013837.124 INFO             PET0 PIOc_freedecomp Enter - MemInfo: [malloc] Non-mmapped space allocated:                16556032 Byte
20220312 013837.124 INFO             PET0 PIOc_freedecomp Enter - MemInfo: [malloc] Space allocated in mmapped regions:         85999616 Byte
20220312 013837.124 INFO             PET0 PIOc_freedecomp Enter - MemInfo: [malloc] Maximum total allocated space:                     0 Byte
20220312 013837.124 INFO             PET0 PIOc_freedecomp Enter - MemInfo: [malloc] Space in freed fastbin blocks:                   992 Byte
20220312 013837.124 INFO             PET0 PIOc_freedecomp Enter - MemInfo: [malloc] Total allocated space:                      10084736 Byte
20220312 013837.124 INFO             PET0 PIOc_freedecomp Enter - MemInfo: [malloc] Total free space:                            6471296 Byte
20220312 013837.124 INFO             PET0 PIOc_freedecomp Enter - MemInfo: [malloc] Top-most, releasable space:                  2231232 Byte
20220312 013837.124 INFO             PET0 PIOc_freedecomp Enter - MemInfo: [malloc] Total space in use, mmap + non-mmap:        96084352 Byte
20220312 013837.124 INFO             PET0 PIOc_freedecomp Enter - MemInfo: [malloc] Total space held (mmap + non-mmap):        102555648 Byte
20220312 013837.124 INFO             PET0 PIOc_freedecomp Enter - MemInfo: [malloc] Total space used (mmap + non-mmap):         96093712 Byte
20220312 013837.124 INFO             PET0 PIOc_freedecomp Enter - MemInfo: Wall-clock time since execution start:               0.640568 seconds
20220312 013837.124 INFO             PET0 PIOc_freedecomp Exit - MemInfo: [/proc/meminfo - SSI]	MemTotal:       131394452 kB
20220312 013837.124 INFO             PET0 PIOc_freedecomp Exit - MemInfo: [/proc/meminfo - SSI]	MemFree:        122252332 kB
20220312 013837.124 INFO             PET0 PIOc_freedecomp Exit - MemInfo: [/proc/meminfo - SSI]	MemAvailable:   121916396 kB
20220312 013837.124 INFO             PET0 PIOc_freedecomp Exit - MemInfo: [/proc/meminfo - SSI]	Committed_AS:    4206008 kB
20220312 013837.124 INFO             PET0 PIOc_freedecomp Exit - MemInfo: [/proc/meminfo - SSI]	CommittedPercent: 3.20105 %
20220312 013837.124 INFO             PET0 PIOc_freedecomp Exit - MemInfo: [/proc/self/status]	VmPeak:	 3866428 kB
20220312 013837.124 INFO             PET0 PIOc_freedecomp Exit - MemInfo: [/proc/self/status]	VmSize:	 3865408 kB
20220312 013837.124 INFO             PET0 PIOc_freedecomp Exit - MemInfo: [/proc/self/status]	VmLck:	       0 kB
20220312 013837.124 INFO             PET0 PIOc_freedecomp Exit - MemInfo: [/proc/self/status]	VmPin:	   82140 kB
20220312 013837.124 INFO             PET0 PIOc_freedecomp Exit - MemInfo: [/proc/self/status]	VmHWM:	  188284 kB
20220312 013837.124 INFO             PET0 PIOc_freedecomp Exit - MemInfo: [/proc/self/status]	VmRSS:	  188284 kB
20220312 013837.124 INFO             PET0 PIOc_freedecomp Exit - MemInfo: [/proc/self/status]	VmData:	  282092 kB
20220312 013837.124 INFO             PET0 PIOc_freedecomp Exit - MemInfo: [/proc/self/status]	VmStk:	     512 kB
20220312 013837.124 INFO             PET0 PIOc_freedecomp Exit - MemInfo: [/proc/self/status]	VmExe:	    1768 kB
20220312 013837.124 INFO             PET0 PIOc_freedecomp Exit - MemInfo: [/proc/self/status]	VmLib:	  156408 kB
20220312 013837.124 INFO             PET0 PIOc_freedecomp Exit - MemInfo: [/proc/self/status]	VmPTE:	     860 kB
20220312 013837.124 INFO             PET0 PIOc_freedecomp Exit - MemInfo: [/proc/self/status]	VmPMD:	      32 kB
20220312 013837.124 INFO             PET0 PIOc_freedecomp Exit - MemInfo: [/proc/self/status]	VmSwap:	       0 kB
20220312 013837.124 INFO             PET0 PIOc_freedecomp Exit - MemInfo: [/proc/self/status]	VmRSSPercent: 0.143297 %
20220312 013837.124 INFO             PET0 PIOc_freedecomp Exit - MemInfo: [malloc] Non-mmapped space allocated:                16556032 Byte
20220312 013837.124 INFO             PET0 PIOc_freedecomp Exit - MemInfo: [malloc] Space allocated in mmapped regions:         85999616 Byte
20220312 013837.124 INFO             PET0 PIOc_freedecomp Exit - MemInfo: [malloc] Maximum total allocated space:                     0 Byte
20220312 013837.124 INFO             PET0 PIOc_freedecomp Exit - MemInfo: [malloc] Space in freed fastbin blocks:                   752 Byte
20220312 013837.124 INFO             PET0 PIOc_freedecomp Exit - MemInfo: [malloc] Total allocated space:                      10080400 Byte
20220312 013837.124 INFO             PET0 PIOc_freedecomp Exit - MemInfo: [malloc] Total free space:                            6475632 Byte
20220312 013837.124 INFO             PET0 PIOc_freedecomp Exit - MemInfo: [malloc] Top-most, releasable space:                  2231232 Byte
20220312 013837.124 INFO             PET0 PIOc_freedecomp Exit - MemInfo: [malloc] Total space in use, mmap + non-mmap:        96080016 Byte
20220312 013837.124 INFO             PET0 PIOc_freedecomp Exit - MemInfo: [malloc] Total space held (mmap + non-mmap):        102555648 Byte
20220312 013837.124 INFO             PET0 PIOc_freedecomp Exit - MemInfo: [malloc] Total space used (mmap + non-mmap):         96089376 Byte
20220312 013837.124 INFO             PET0 PIOc_freedecomp Exit - MemInfo: Wall-clock time since execution start:               0.641079 seconds
20220312 013837.125 INFO             PET0 PIOc_sync Enter - MemInfo: [/proc/meminfo - SSI]	MemTotal:       131394452 kB
20220312 013837.125 INFO             PET0 PIOc_sync Enter - MemInfo: [/proc/meminfo - SSI]	MemFree:        122252332 kB
20220312 013837.125 INFO             PET0 PIOc_sync Enter - MemInfo: [/proc/meminfo - SSI]	MemAvailable:   121916396 kB
20220312 013837.125 INFO             PET0 PIOc_sync Enter - MemInfo: [/proc/meminfo - SSI]	Committed_AS:    4206008 kB
20220312 013837.125 INFO             PET0 PIOc_sync Enter - MemInfo: [/proc/meminfo - SSI]	CommittedPercent: 3.20105 %
20220312 013837.126 INFO             PET0 PIOc_sync Enter - MemInfo: [/proc/self/status]	VmPeak:	 3866428 kB
20220312 013837.126 INFO             PET0 PIOc_sync Enter - MemInfo: [/proc/self/status]	VmSize:	 3865408 kB
20220312 013837.126 INFO             PET0 PIOc_sync Enter - MemInfo: [/proc/self/status]	VmLck:	       0 kB
20220312 013837.126 INFO             PET0 PIOc_sync Enter - MemInfo: [/proc/self/status]	VmPin:	   82140 kB
20220312 013837.126 INFO             PET0 PIOc_sync Enter - MemInfo: [/proc/self/status]	VmHWM:	  188300 kB
20220312 013837.126 INFO             PET0 PIOc_sync Enter - MemInfo: [/proc/self/status]	VmRSS:	  188300 kB
20220312 013837.126 INFO             PET0 PIOc_sync Enter - MemInfo: [/proc/self/status]	VmData:	  282092 kB
20220312 013837.126 INFO             PET0 PIOc_sync Enter - MemInfo: [/proc/self/status]	VmStk:	     512 kB
20220312 013837.126 INFO             PET0 PIOc_sync Enter - MemInfo: [/proc/self/status]	VmExe:	    1768 kB
20220312 013837.126 INFO             PET0 PIOc_sync Enter - MemInfo: [/proc/self/status]	VmLib:	  156408 kB
20220312 013837.126 INFO             PET0 PIOc_sync Enter - MemInfo: [/proc/self/status]	VmPTE:	     860 kB
20220312 013837.126 INFO             PET0 PIOc_sync Enter - MemInfo: [/proc/self/status]	VmPMD:	      32 kB
20220312 013837.126 INFO             PET0 PIOc_sync Enter - MemInfo: [/proc/self/status]	VmSwap:	       0 kB
20220312 013837.126 INFO             PET0 PIOc_sync Enter - MemInfo: [/proc/self/status]	VmRSSPercent: 0.143309 %
20220312 013837.126 INFO             PET0 PIOc_sync Enter - MemInfo: [malloc] Non-mmapped space allocated:                16556032 Byte
20220312 013837.126 INFO             PET0 PIOc_sync Enter - MemInfo: [malloc] Space allocated in mmapped regions:         85999616 Byte
20220312 013837.126 INFO             PET0 PIOc_sync Enter - MemInfo: [malloc] Maximum total allocated space:                     0 Byte
20220312 013837.126 INFO             PET0 PIOc_sync Enter - MemInfo: [malloc] Space in freed fastbin blocks:                   608 Byte
20220312 013837.126 INFO             PET0 PIOc_sync Enter - MemInfo: [malloc] Total allocated space:                      12196368 Byte
20220312 013837.126 INFO             PET0 PIOc_sync Enter - MemInfo: [malloc] Total free space:                            4359664 Byte
20220312 013837.126 INFO             PET0 PIOc_sync Enter - MemInfo: [malloc] Top-most, releasable space:                  2231232 Byte
20220312 013837.126 INFO             PET0 PIOc_sync Enter - MemInfo: [malloc] Total space in use, mmap + non-mmap:        98195984 Byte
20220312 013837.126 INFO             PET0 PIOc_sync Enter - MemInfo: [malloc] Total space held (mmap + non-mmap):        102555648 Byte
20220312 013837.126 INFO             PET0 PIOc_sync Enter - MemInfo: [malloc] Total space used (mmap + non-mmap):         98205344 Byte
20220312 013837.126 INFO             PET0 PIOc_sync Enter - MemInfo: Wall-clock time since execution start:               0.642638 seconds
20220312 013837.126 INFO             PET0 PIOc_sync Exit - MemInfo: [/proc/meminfo - SSI]	MemTotal:       131394452 kB
20220312 013837.126 INFO             PET0 PIOc_sync Exit - MemInfo: [/proc/meminfo - SSI]	MemFree:        122252332 kB
20220312 013837.126 INFO             PET0 PIOc_sync Exit - MemInfo: [/proc/meminfo - SSI]	MemAvailable:   121916396 kB
20220312 013837.126 INFO             PET0 PIOc_sync Exit - MemInfo: [/proc/meminfo - SSI]	Committed_AS:    4206008 kB
20220312 013837.126 INFO             PET0 PIOc_sync Exit - MemInfo: [/proc/meminfo - SSI]	CommittedPercent: 3.20105 %
20220312 013837.126 INFO             PET0 PIOc_sync Exit - MemInfo: [/proc/self/status]	VmPeak:	 3866428 kB
20220312 013837.126 INFO             PET0 PIOc_sync Exit - MemInfo: [/proc/self/status]	VmSize:	 3865408 kB
20220312 013837.126 INFO             PET0 PIOc_sync Exit - MemInfo: [/proc/self/status]	VmLck:	       0 kB
20220312 013837.126 INFO             PET0 PIOc_sync Exit - MemInfo: [/proc/self/status]	VmPin:	   82140 kB
20220312 013837.126 INFO             PET0 PIOc_sync Exit - MemInfo: [/proc/self/status]	VmHWM:	  188328 kB
20220312 013837.126 INFO             PET0 PIOc_sync Exit - MemInfo: [/proc/self/status]	VmRSS:	  188328 kB
20220312 013837.126 INFO             PET0 PIOc_sync Exit - MemInfo: [/proc/self/status]	VmData:	  282092 kB
20220312 013837.126 INFO             PET0 PIOc_sync Exit - MemInfo: [/proc/self/status]	VmStk:	     512 kB
20220312 013837.126 INFO             PET0 PIOc_sync Exit - MemInfo: [/proc/self/status]	VmExe:	    1768 kB
20220312 013837.126 INFO             PET0 PIOc_sync Exit - MemInfo: [/proc/self/status]	VmLib:	  156408 kB
20220312 013837.126 INFO             PET0 PIOc_sync Exit - MemInfo: [/proc/self/status]	VmPTE:	     860 kB
20220312 013837.126 INFO             PET0 PIOc_sync Exit - MemInfo: [/proc/self/status]	VmPMD:	      32 kB
20220312 013837.126 INFO             PET0 PIOc_sync Exit - MemInfo: [/proc/self/status]	VmSwap:	       0 kB
20220312 013837.126 INFO             PET0 PIOc_sync Exit - MemInfo: [/proc/self/status]	VmRSSPercent: 0.14333 %
20220312 013837.126 INFO             PET0 PIOc_sync Exit - MemInfo: [malloc] Non-mmapped space allocated:                16556032 Byte
20220312 013837.126 INFO             PET0 PIOc_sync Exit - MemInfo: [malloc] Space allocated in mmapped regions:         85999616 Byte
20220312 013837.126 INFO             PET0 PIOc_sync Exit - MemInfo: [malloc] Maximum total allocated space:                     0 Byte
20220312 013837.126 INFO             PET0 PIOc_sync Exit - MemInfo: [malloc] Space in freed fastbin blocks:                   384 Byte
20220312 013837.126 INFO             PET0 PIOc_sync Exit - MemInfo: [malloc] Total allocated space:                      12195392 Byte
20220312 013837.126 INFO             PET0 PIOc_sync Exit - MemInfo: [malloc] Total free space:                            4360640 Byte
20220312 013837.126 INFO             PET0 PIOc_sync Exit - MemInfo: [malloc] Top-most, releasable space:                  2231232 Byte
20220312 013837.126 INFO             PET0 PIOc_sync Exit - MemInfo: [malloc] Total space in use, mmap + non-mmap:        98195008 Byte
20220312 013837.127 INFO             PET0 PIOc_sync Exit - MemInfo: [malloc] Total space held (mmap + non-mmap):        102555648 Byte
20220312 013837.127 INFO             PET0 PIOc_sync Exit - MemInfo: [malloc] Total space used (mmap + non-mmap):         98204368 Byte
20220312 013837.127 INFO             PET0 PIOc_sync Exit - MemInfo: Wall-clock time since execution start:               0.643262 seconds
20220312 013837.127 INFO             PET0 PIOc_freedecomp Enter - MemInfo: [/proc/meminfo - SSI]	MemTotal:       131394452 kB
20220312 013837.127 INFO             PET0 PIOc_freedecomp Enter - MemInfo: [/proc/meminfo - SSI]	MemFree:        122252332 kB
20220312 013837.127 INFO             PET0 PIOc_freedecomp Enter - MemInfo: [/proc/meminfo - SSI]	MemAvailable:   121916396 kB
20220312 013837.127 INFO             PET0 PIOc_freedecomp Enter - MemInfo: [/proc/meminfo - SSI]	Committed_AS:    4206008 kB
20220312 013837.127 INFO             PET0 PIOc_freedecomp Enter - MemInfo: [/proc/meminfo - SSI]	CommittedPercent: 3.20105 %
20220312 013837.127 INFO             PET0 PIOc_freedecomp Enter - MemInfo: [/proc/self/status]	VmPeak:	 3866428 kB
20220312 013837.127 INFO             PET0 PIOc_freedecomp Enter - MemInfo: [/proc/self/status]	VmSize:	 3865408 kB
20220312 013837.127 INFO             PET0 PIOc_freedecomp Enter - MemInfo: [/proc/self/status]	VmLck:	       0 kB
20220312 013837.127 INFO             PET0 PIOc_freedecomp Enter - MemInfo: [/proc/self/status]	VmPin:	   82140 kB
20220312 013837.127 INFO             PET0 PIOc_freedecomp Enter - MemInfo: [/proc/self/status]	VmHWM:	  188328 kB
20220312 013837.127 INFO             PET0 PIOc_freedecomp Enter - MemInfo: [/proc/self/status]	VmRSS:	  188328 kB
20220312 013837.127 INFO             PET0 PIOc_freedecomp Enter - MemInfo: [/proc/self/status]	VmData:	  282092 kB
20220312 013837.127 INFO             PET0 PIOc_freedecomp Enter - MemInfo: [/proc/self/status]	VmStk:	     512 kB
20220312 013837.127 INFO             PET0 PIOc_freedecomp Enter - MemInfo: [/proc/self/status]	VmExe:	    1768 kB
20220312 013837.127 INFO             PET0 PIOc_freedecomp Enter - MemInfo: [/proc/self/status]	VmLib:	  156408 kB
20220312 013837.127 INFO             PET0 PIOc_freedecomp Enter - MemInfo: [/proc/self/status]	VmPTE:	     860 kB
20220312 013837.127 INFO             PET0 PIOc_freedecomp Enter - MemInfo: [/proc/self/status]	VmPMD:	      32 kB
20220312 013837.127 INFO             PET0 PIOc_freedecomp Enter - MemInfo: [/proc/self/status]	VmSwap:	       0 kB
20220312 013837.127 INFO             PET0 PIOc_freedecomp Enter - MemInfo: [/proc/self/status]	VmRSSPercent: 0.14333 %
20220312 013837.127 INFO             PET0 PIOc_freedecomp Enter - MemInfo: [malloc] Non-mmapped space allocated:                16556032 Byte
20220312 013837.127 INFO             PET0 PIOc_freedecomp Enter - MemInfo: [malloc] Space allocated in mmapped regions:         85999616 Byte
20220312 013837.127 INFO             PET0 PIOc_freedecomp Enter - MemInfo: [malloc] Maximum total allocated space:                     0 Byte
20220312 013837.127 INFO             PET0 PIOc_freedecomp Enter - MemInfo: [malloc] Space in freed fastbin blocks:                  1200 Byte
20220312 013837.127 INFO             PET0 PIOc_freedecomp Enter - MemInfo: [malloc] Total allocated space:                      10084720 Byte
20220312 013837.127 INFO             PET0 PIOc_freedecomp Enter - MemInfo: [malloc] Total free space:                            6471312 Byte
20220312 013837.127 INFO             PET0 PIOc_freedecomp Enter - MemInfo: [malloc] Top-most, releasable space:                  2231232 Byte
20220312 013837.127 INFO             PET0 PIOc_freedecomp Enter - MemInfo: [malloc] Total space in use, mmap + non-mmap:        96084336 Byte
20220312 013837.127 INFO             PET0 PIOc_freedecomp Enter - MemInfo: [malloc] Total space held (mmap + non-mmap):        102555648 Byte
20220312 013837.127 INFO             PET0 PIOc_freedecomp Enter - MemInfo: [malloc] Total space used (mmap + non-mmap):         96093696 Byte
20220312 013837.127 INFO             PET0 PIOc_freedecomp Enter - MemInfo: Wall-clock time since execution start:               0.643781 seconds
20220312 013837.127 INFO             PET0 PIOc_freedecomp Exit - MemInfo: [/proc/meminfo - SSI]	MemTotal:       131394452 kB
20220312 013837.127 INFO             PET0 PIOc_freedecomp Exit - MemInfo: [/proc/meminfo - SSI]	MemFree:        122252332 kB
20220312 013837.127 INFO             PET0 PIOc_freedecomp Exit - MemInfo: [/proc/meminfo - SSI]	MemAvailable:   121916396 kB
20220312 013837.127 INFO             PET0 PIOc_freedecomp Exit - MemInfo: [/proc/meminfo - SSI]	Committed_AS:    4206008 kB
20220312 013837.127 INFO             PET0 PIOc_freedecomp Exit - MemInfo: [/proc/meminfo - SSI]	CommittedPercent: 3.20105 %
20220312 013837.127 INFO             PET0 PIOc_freedecomp Exit - MemInfo: [/proc/self/status]	VmPeak:	 3866428 kB
20220312 013837.127 INFO             PET0 PIOc_freedecomp Exit - MemInfo: [/proc/self/status]	VmSize:	 3865408 kB
20220312 013837.127 INFO             PET0 PIOc_freedecomp Exit - MemInfo: [/proc/self/status]	VmLck:	       0 kB
20220312 013837.127 INFO             PET0 PIOc_freedecomp Exit - MemInfo: [/proc/self/status]	VmPin:	   82140 kB
20220312 013837.127 INFO             PET0 PIOc_freedecomp Exit - MemInfo: [/proc/self/status]	VmHWM:	  188328 kB
20220312 013837.127 INFO             PET0 PIOc_freedecomp Exit - MemInfo: [/proc/self/status]	VmRSS:	  188328 kB
20220312 013837.127 INFO             PET0 PIOc_freedecomp Exit - MemInfo: [/proc/self/status]	VmData:	  282092 kB
20220312 013837.127 INFO             PET0 PIOc_freedecomp Exit - MemInfo: [/proc/self/status]	VmStk:	     512 kB
20220312 013837.127 INFO             PET0 PIOc_freedecomp Exit - MemInfo: [/proc/self/status]	VmExe:	    1768 kB
20220312 013837.127 INFO             PET0 PIOc_freedecomp Exit - MemInfo: [/proc/self/status]	VmLib:	  156408 kB
20220312 013837.127 INFO             PET0 PIOc_freedecomp Exit - MemInfo: [/proc/self/status]	VmPTE:	     860 kB
20220312 013837.127 INFO             PET0 PIOc_freedecomp Exit - MemInfo: [/proc/self/status]	VmPMD:	      32 kB
20220312 013837.127 INFO             PET0 PIOc_freedecomp Exit - MemInfo: [/proc/self/status]	VmSwap:	       0 kB
20220312 013837.127 INFO             PET0 PIOc_freedecomp Exit - MemInfo: [/proc/self/status]	VmRSSPercent: 0.14333 %
20220312 013837.127 INFO             PET0 PIOc_freedecomp Exit - MemInfo: [malloc] Non-mmapped space allocated:                16556032 Byte
20220312 013837.127 INFO             PET0 PIOc_freedecomp Exit - MemInfo: [malloc] Space allocated in mmapped regions:         85999616 Byte
20220312 013837.127 INFO             PET0 PIOc_freedecomp Exit - MemInfo: [malloc] Maximum total allocated space:                     0 Byte
20220312 013837.127 INFO             PET0 PIOc_freedecomp Exit - MemInfo: [malloc] Space in freed fastbin blocks:                   832 Byte
20220312 013837.127 INFO             PET0 PIOc_freedecomp Exit - MemInfo: [malloc] Total allocated space:                      10080368 Byte
20220312 013837.127 INFO             PET0 PIOc_freedecomp Exit - MemInfo: [malloc] Total free space:                            6475664 Byte
20220312 013837.127 INFO             PET0 PIOc_freedecomp Exit - MemInfo: [malloc] Top-most, releasable space:                  2231232 Byte
20220312 013837.127 INFO             PET0 PIOc_freedecomp Exit - MemInfo: [malloc] Total space in use, mmap + non-mmap:        96079984 Byte
20220312 013837.128 INFO             PET0 PIOc_freedecomp Exit - MemInfo: [malloc] Total space held (mmap + non-mmap):        102555648 Byte
20220312 013837.128 INFO             PET0 PIOc_freedecomp Exit - MemInfo: [malloc] Total space used (mmap + non-mmap):         96089344 Byte
20220312 013837.128 INFO             PET0 PIOc_freedecomp Exit - MemInfo: Wall-clock time since execution start:               0.644274 seconds
20220312 013837.129 INFO             PET0 PIOc_sync Enter - MemInfo: [/proc/meminfo - SSI]	MemTotal:       131394452 kB
20220312 013837.129 INFO             PET0 PIOc_sync Enter - MemInfo: [/proc/meminfo - SSI]	MemFree:        122252332 kB
20220312 013837.129 INFO             PET0 PIOc_sync Enter - MemInfo: [/proc/meminfo - SSI]	MemAvailable:   121916396 kB
20220312 013837.129 INFO             PET0 PIOc_sync Enter - MemInfo: [/proc/meminfo - SSI]	Committed_AS:    4206008 kB
20220312 013837.129 INFO             PET0 PIOc_sync Enter - MemInfo: [/proc/meminfo - SSI]	CommittedPercent: 3.20105 %
20220312 013837.129 INFO             PET0 PIOc_sync Enter - MemInfo: [/proc/self/status]	VmPeak:	 3866428 kB
20220312 013837.129 INFO             PET0 PIOc_sync Enter - MemInfo: [/proc/self/status]	VmSize:	 3865408 kB
20220312 013837.129 INFO             PET0 PIOc_sync Enter - MemInfo: [/proc/self/status]	VmLck:	       0 kB
20220312 013837.129 INFO             PET0 PIOc_sync Enter - MemInfo: [/proc/self/status]	VmPin:	   82140 kB
20220312 013837.129 INFO             PET0 PIOc_sync Enter - MemInfo: [/proc/self/status]	VmHWM:	  188352 kB
20220312 013837.129 INFO             PET0 PIOc_sync Enter - MemInfo: [/proc/self/status]	VmRSS:	  188352 kB
20220312 013837.129 INFO             PET0 PIOc_sync Enter - MemInfo: [/proc/self/status]	VmData:	  282092 kB
20220312 013837.129 INFO             PET0 PIOc_sync Enter - MemInfo: [/proc/self/status]	VmStk:	     512 kB
20220312 013837.129 INFO             PET0 PIOc_sync Enter - MemInfo: [/proc/self/status]	VmExe:	    1768 kB
20220312 013837.129 INFO             PET0 PIOc_sync Enter - MemInfo: [/proc/self/status]	VmLib:	  156408 kB
20220312 013837.129 INFO             PET0 PIOc_sync Enter - MemInfo: [/proc/self/status]	VmPTE:	     860 kB
20220312 013837.129 INFO             PET0 PIOc_sync Enter - MemInfo: [/proc/self/status]	VmPMD:	      32 kB
20220312 013837.129 INFO             PET0 PIOc_sync Enter - MemInfo: [/proc/self/status]	VmSwap:	       0 kB
20220312 013837.129 INFO             PET0 PIOc_sync Enter - MemInfo: [/proc/self/status]	VmRSSPercent: 0.143349 %
20220312 013837.129 INFO             PET0 PIOc_sync Enter - MemInfo: [malloc] Non-mmapped space allocated:                16556032 Byte
20220312 013837.129 INFO             PET0 PIOc_sync Enter - MemInfo: [malloc] Space allocated in mmapped regions:         85999616 Byte
20220312 013837.129 INFO             PET0 PIOc_sync Enter - MemInfo: [malloc] Maximum total allocated space:                     0 Byte
20220312 013837.129 INFO             PET0 PIOc_sync Enter - MemInfo: [malloc] Space in freed fastbin blocks:                   800 Byte
20220312 013837.129 INFO             PET0 PIOc_sync Enter - MemInfo: [malloc] Total allocated space:                      12196784 Byte
20220312 013837.129 INFO             PET0 PIOc_sync Enter - MemInfo: [malloc] Total free space:                            4359248 Byte
20220312 013837.129 INFO             PET0 PIOc_sync Enter - MemInfo: [malloc] Top-most, releasable space:                  2231232 Byte
20220312 013837.129 INFO             PET0 PIOc_sync Enter - MemInfo: [malloc] Total space in use, mmap + non-mmap:        98196400 Byte
20220312 013837.129 INFO             PET0 PIOc_sync Enter - MemInfo: [malloc] Total space held (mmap + non-mmap):        102555648 Byte
20220312 013837.129 INFO             PET0 PIOc_sync Enter - MemInfo: [malloc] Total space used (mmap + non-mmap):         98205760 Byte
20220312 013837.129 INFO             PET0 PIOc_sync Enter - MemInfo: Wall-clock time since execution start:               0.645714 seconds
20220312 013837.129 INFO             PET0 PIOc_sync Exit - MemInfo: [/proc/meminfo - SSI]	MemTotal:       131394452 kB
20220312 013837.129 INFO             PET0 PIOc_sync Exit - MemInfo: [/proc/meminfo - SSI]	MemFree:        122252332 kB
20220312 013837.129 INFO             PET0 PIOc_sync Exit - MemInfo: [/proc/meminfo - SSI]	MemAvailable:   121916396 kB
20220312 013837.129 INFO             PET0 PIOc_sync Exit - MemInfo: [/proc/meminfo - SSI]	Committed_AS:    4206008 kB
20220312 013837.129 INFO             PET0 PIOc_sync Exit - MemInfo: [/proc/meminfo - SSI]	CommittedPercent: 3.20105 %
20220312 013837.129 INFO             PET0 PIOc_sync Exit - MemInfo: [/proc/self/status]	VmPeak:	 3866428 kB
20220312 013837.129 INFO             PET0 PIOc_sync Exit - MemInfo: [/proc/self/status]	VmSize:	 3865408 kB
20220312 013837.129 INFO             PET0 PIOc_sync Exit - MemInfo: [/proc/self/status]	VmLck:	       0 kB
20220312 013837.129 INFO             PET0 PIOc_sync Exit - MemInfo: [/proc/self/status]	VmPin:	   82140 kB
20220312 013837.129 INFO             PET0 PIOc_sync Exit - MemInfo: [/proc/self/status]	VmHWM:	  188376 kB
20220312 013837.129 INFO             PET0 PIOc_sync Exit - MemInfo: [/proc/self/status]	VmRSS:	  188376 kB
20220312 013837.129 INFO             PET0 PIOc_sync Exit - MemInfo: [/proc/self/status]	VmData:	  282092 kB
20220312 013837.129 INFO             PET0 PIOc_sync Exit - MemInfo: [/proc/self/status]	VmStk:	     512 kB
20220312 013837.129 INFO             PET0 PIOc_sync Exit - MemInfo: [/proc/self/status]	VmExe:	    1768 kB
20220312 013837.129 INFO             PET0 PIOc_sync Exit - MemInfo: [/proc/self/status]	VmLib:	  156408 kB
20220312 013837.129 INFO             PET0 PIOc_sync Exit - MemInfo: [/proc/self/status]	VmPTE:	     860 kB
20220312 013837.129 INFO             PET0 PIOc_sync Exit - MemInfo: [/proc/self/status]	VmPMD:	      32 kB
20220312 013837.129 INFO             PET0 PIOc_sync Exit - MemInfo: [/proc/self/status]	VmSwap:	       0 kB
20220312 013837.130 INFO             PET0 PIOc_sync Exit - MemInfo: [/proc/self/status]	VmRSSPercent: 0.143367 %
20220312 013837.130 INFO             PET0 PIOc_sync Exit - MemInfo: [malloc] Non-mmapped space allocated:                16556032 Byte
20220312 013837.130 INFO             PET0 PIOc_sync Exit - MemInfo: [malloc] Space allocated in mmapped regions:         85999616 Byte
20220312 013837.130 INFO             PET0 PIOc_sync Exit - MemInfo: [malloc] Maximum total allocated space:                     0 Byte
20220312 013837.130 INFO             PET0 PIOc_sync Exit - MemInfo: [malloc] Space in freed fastbin blocks:                   352 Byte
20220312 013837.130 INFO             PET0 PIOc_sync Exit - MemInfo: [malloc] Total allocated space:                      12195808 Byte
20220312 013837.130 INFO             PET0 PIOc_sync Exit - MemInfo: [malloc] Total free space:                            4360224 Byte
20220312 013837.130 INFO             PET0 PIOc_sync Exit - MemInfo: [malloc] Top-most, releasable space:                  2231232 Byte
20220312 013837.130 INFO             PET0 PIOc_sync Exit - MemInfo: [malloc] Total space in use, mmap + non-mmap:        98195424 Byte
20220312 013837.130 INFO             PET0 PIOc_sync Exit - MemInfo: [malloc] Total space held (mmap + non-mmap):        102555648 Byte
20220312 013837.130 INFO             PET0 PIOc_sync Exit - MemInfo: [malloc] Total space used (mmap + non-mmap):         98204784 Byte
20220312 013837.130 INFO             PET0 PIOc_sync Exit - MemInfo: Wall-clock time since execution start:               0.646433 seconds
20220312 013837.130 INFO             PET0 PIOc_freedecomp Enter - MemInfo: [/proc/meminfo - SSI]	MemTotal:       131394452 kB
20220312 013837.130 INFO             PET0 PIOc_freedecomp Enter - MemInfo: [/proc/meminfo - SSI]	MemFree:        122252332 kB
20220312 013837.130 INFO             PET0 PIOc_freedecomp Enter - MemInfo: [/proc/meminfo - SSI]	MemAvailable:   121916396 kB
20220312 013837.130 INFO             PET0 PIOc_freedecomp Enter - MemInfo: [/proc/meminfo - SSI]	Committed_AS:    4206008 kB
20220312 013837.130 INFO             PET0 PIOc_freedecomp Enter - MemInfo: [/proc/meminfo - SSI]	CommittedPercent: 3.20105 %
20220312 013837.130 INFO             PET0 PIOc_freedecomp Enter - MemInfo: [/proc/self/status]	VmPeak:	 3866428 kB
20220312 013837.130 INFO             PET0 PIOc_freedecomp Enter - MemInfo: [/proc/self/status]	VmSize:	 3865408 kB
20220312 013837.130 INFO             PET0 PIOc_freedecomp Enter - MemInfo: [/proc/self/status]	VmLck:	       0 kB
20220312 013837.130 INFO             PET0 PIOc_freedecomp Enter - MemInfo: [/proc/self/status]	VmPin:	   82140 kB
20220312 013837.130 INFO             PET0 PIOc_freedecomp Enter - MemInfo: [/proc/self/status]	VmHWM:	  188376 kB
20220312 013837.130 INFO             PET0 PIOc_freedecomp Enter - MemInfo: [/proc/self/status]	VmRSS:	  188376 kB
20220312 013837.130 INFO             PET0 PIOc_freedecomp Enter - MemInfo: [/proc/self/status]	VmData:	  282092 kB
20220312 013837.130 INFO             PET0 PIOc_freedecomp Enter - MemInfo: [/proc/self/status]	VmStk:	     512 kB
20220312 013837.130 INFO             PET0 PIOc_freedecomp Enter - MemInfo: [/proc/self/status]	VmExe:	    1768 kB
20220312 013837.130 INFO             PET0 PIOc_freedecomp Enter - MemInfo: [/proc/self/status]	VmLib:	  156408 kB
20220312 013837.130 INFO             PET0 PIOc_freedecomp Enter - MemInfo: [/proc/self/status]	VmPTE:	     860 kB
20220312 013837.130 INFO             PET0 PIOc_freedecomp Enter - MemInfo: [/proc/self/status]	VmPMD:	      32 kB
20220312 013837.130 INFO             PET0 PIOc_freedecomp Enter - MemInfo: [/proc/self/status]	VmSwap:	       0 kB
20220312 013837.130 INFO             PET0 PIOc_freedecomp Enter - MemInfo: [/proc/self/status]	VmRSSPercent: 0.143367 %
20220312 013837.130 INFO             PET0 PIOc_freedecomp Enter - MemInfo: [malloc] Non-mmapped space allocated:                16556032 Byte
20220312 013837.130 INFO             PET0 PIOc_freedecomp Enter - MemInfo: [malloc] Space allocated in mmapped regions:         85999616 Byte
20220312 013837.130 INFO             PET0 PIOc_freedecomp Enter - MemInfo: [malloc] Maximum total allocated space:                     0 Byte
20220312 013837.130 INFO             PET0 PIOc_freedecomp Enter - MemInfo: [malloc] Space in freed fastbin blocks:                  1392 Byte
20220312 013837.130 INFO             PET0 PIOc_freedecomp Enter - MemInfo: [malloc] Total allocated space:                      10084720 Byte
20220312 013837.130 INFO             PET0 PIOc_freedecomp Enter - MemInfo: [malloc] Total free space:                            6471312 Byte
20220312 013837.130 INFO             PET0 PIOc_freedecomp Enter - MemInfo: [malloc] Top-most, releasable space:                  2231232 Byte
20220312 013837.130 INFO             PET0 PIOc_freedecomp Enter - MemInfo: [malloc] Total space in use, mmap + non-mmap:        96084336 Byte
20220312 013837.130 INFO             PET0 PIOc_freedecomp Enter - MemInfo: [malloc] Total space held (mmap + non-mmap):        102555648 Byte
20220312 013837.130 INFO             PET0 PIOc_freedecomp Enter - MemInfo: [malloc] Total space used (mmap + non-mmap):         96093696 Byte
20220312 013837.130 INFO             PET0 PIOc_freedecomp Enter - MemInfo: Wall-clock time since execution start:               0.646951 seconds
20220312 013837.130 INFO             PET0 PIOc_freedecomp Exit - MemInfo: [/proc/meminfo - SSI]	MemTotal:       131394452 kB
20220312 013837.130 INFO             PET0 PIOc_freedecomp Exit - MemInfo: [/proc/meminfo - SSI]	MemFree:        122252332 kB
20220312 013837.130 INFO             PET0 PIOc_freedecomp Exit - MemInfo: [/proc/meminfo - SSI]	MemAvailable:   121916396 kB
20220312 013837.130 INFO             PET0 PIOc_freedecomp Exit - MemInfo: [/proc/meminfo - SSI]	Committed_AS:    4206008 kB
20220312 013837.130 INFO             PET0 PIOc_freedecomp Exit - MemInfo: [/proc/meminfo - SSI]	CommittedPercent: 3.20105 %
20220312 013837.130 INFO             PET0 PIOc_freedecomp Exit - MemInfo: [/proc/self/status]	VmPeak:	 3866428 kB
20220312 013837.130 INFO             PET0 PIOc_freedecomp Exit - MemInfo: [/proc/self/status]	VmSize:	 3865408 kB
20220312 013837.130 INFO             PET0 PIOc_freedecomp Exit - MemInfo: [/proc/self/status]	VmLck:	       0 kB
20220312 013837.130 INFO             PET0 PIOc_freedecomp Exit - MemInfo: [/proc/self/status]	VmPin:	   82140 kB
20220312 013837.130 INFO             PET0 PIOc_freedecomp Exit - MemInfo: [/proc/self/status]	VmHWM:	  188376 kB
20220312 013837.130 INFO             PET0 PIOc_freedecomp Exit - MemInfo: [/proc/self/status]	VmRSS:	  188376 kB
20220312 013837.130 INFO             PET0 PIOc_freedecomp Exit - MemInfo: [/proc/self/status]	VmData:	  282092 kB
20220312 013837.130 INFO             PET0 PIOc_freedecomp Exit - MemInfo: [/proc/self/status]	VmStk:	     512 kB
20220312 013837.130 INFO             PET0 PIOc_freedecomp Exit - MemInfo: [/proc/self/status]	VmExe:	    1768 kB
20220312 013837.130 INFO             PET0 PIOc_freedecomp Exit - MemInfo: [/proc/self/status]	VmLib:	  156408 kB
20220312 013837.131 INFO             PET0 PIOc_freedecomp Exit - MemInfo: [/proc/self/status]	VmPTE:	     860 kB
20220312 013837.131 INFO             PET0 PIOc_freedecomp Exit - MemInfo: [/proc/self/status]	VmPMD:	      32 kB
20220312 013837.131 INFO             PET0 PIOc_freedecomp Exit - MemInfo: [/proc/self/status]	VmSwap:	       0 kB
20220312 013837.131 INFO             PET0 PIOc_freedecomp Exit - MemInfo: [/proc/self/status]	VmRSSPercent: 0.143367 %
20220312 013837.131 INFO             PET0 PIOc_freedecomp Exit - MemInfo: [malloc] Non-mmapped space allocated:                16556032 Byte
20220312 013837.131 INFO             PET0 PIOc_freedecomp Exit - MemInfo: [malloc] Space allocated in mmapped regions:         85999616 Byte
20220312 013837.131 INFO             PET0 PIOc_freedecomp Exit - MemInfo: [malloc] Maximum total allocated space:                     0 Byte
20220312 013837.131 INFO             PET0 PIOc_freedecomp Exit - MemInfo: [malloc] Space in freed fastbin blocks:                   768 Byte
20220312 013837.131 INFO             PET0 PIOc_freedecomp Exit - MemInfo: [malloc] Total allocated space:                      10080368 Byte
20220312 013837.131 INFO             PET0 PIOc_freedecomp Exit - MemInfo: [malloc] Total free space:                            6475664 Byte
20220312 013837.131 INFO             PET0 PIOc_freedecomp Exit - MemInfo: [malloc] Top-most, releasable space:                  2231232 Byte
20220312 013837.131 INFO             PET0 PIOc_freedecomp Exit - MemInfo: [malloc] Total space in use, mmap + non-mmap:        96079984 Byte
20220312 013837.131 INFO             PET0 PIOc_freedecomp Exit - MemInfo: [malloc] Total space held (mmap + non-mmap):        102555648 Byte
20220312 013837.131 INFO             PET0 PIOc_freedecomp Exit - MemInfo: [malloc] Total space used (mmap + non-mmap):         96089344 Byte
20220312 013837.131 INFO             PET0 PIOc_freedecomp Exit - MemInfo: Wall-clock time since execution start:               0.647443 seconds
20220312 013837.135 INFO             PET0  PASS  ESMF_FieldRegridStoreFromFile Unit Test, ESMF_FieldSMMFromFileUTest.F90, line 315
20220312 013837.135 INFO             PET0  Ending Test, file ESMF_FieldSMMFromFileUTest.F90, line 322
20220312 013837.135 INFO             PET0 Finalizing ESMF
20220312 013836.495 INFO             PET1 !!!!!!!!!!!!!!!!!!!!!!!!!!!!!!!!!!!!!!!!!!!!!!!!!!!!!!
20220312 013836.495 INFO             PET1 !!! THE ESMF_LOG IS SET TO OUTPUT ALL LOG MESSAGES !!!
20220312 013836.495 INFO             PET1 !!!     THIS MAY CAUSE SLOWDOWN IN PERFORMANCE     !!!
20220312 013836.495 INFO             PET1 !!! FOR PRODUCTION RUNS, USE:                      !!!
20220312 013836.495 INFO             PET1 !!!                   ESMF_LOGKIND_Multi_On_Error  !!!
20220312 013836.495 INFO             PET1 !!!!!!!!!!!!!!!!!!!!!!!!!!!!!!!!!!!!!!!!!!!!!!!!!!!!!!
20220312 013836.495 INFO             PET1 Running with ESMF Version   : v8.3.0b09-96-g559b459836
20220312 013836.495 INFO             PET1 ESMF library build date/time: "Mar 12 2022" "01:15:37"
20220312 013836.495 INFO             PET1 ESMF library build location : /gpfsm/dnb04/projects/p98/mpotts/esmf/intel_2020_intelmpi_g_jedwards_pio_update2
20220312 013836.495 INFO             PET1 ESMF_COMM                   : intelmpi
20220312 013836.495 INFO             PET1 ESMF_MOAB                   : enabled
20220312 013836.495 INFO             PET1 ESMF_LAPACK                 : enabled
20220312 013836.495 INFO             PET1 ESMF_NETCDF                 : enabled
20220312 013836.495 INFO             PET1 ESMF_PNETCDF                : disabled
20220312 013836.495 INFO             PET1 ESMF_PIO                    : enabled
20220312 013836.495 INFO             PET1 ESMF_YAMLCPP                : enabled
20220312 013836.496 INFO             PET1  Beginning Test, file ESMF_FieldSMMFromFileUTest.F90, line 287
20220312 013836.496 INFO             PET1  NUMBER_OF_PROCESSORS           4
20220312 013837.106 INFO             PET1  PASS  ESMF_FieldSMMFromFile Unit Test, ESMF_FieldSMMFromFileUTest.F90, line 300
20220312 013837.122 INFO             PET1 PIOc_sync Enter - MemInfo: [/proc/meminfo - SSI]	MemTotal:       131394452 kB
20220312 013837.122 INFO             PET1 PIOc_sync Enter - MemInfo: [/proc/meminfo - SSI]	MemFree:        122252332 kB
20220312 013837.122 INFO             PET1 PIOc_sync Enter - MemInfo: [/proc/meminfo - SSI]	MemAvailable:   121916396 kB
20220312 013837.122 INFO             PET1 PIOc_sync Enter - MemInfo: [/proc/meminfo - SSI]	Committed_AS:    4206008 kB
20220312 013837.122 INFO             PET1 PIOc_sync Enter - MemInfo: [/proc/meminfo - SSI]	CommittedPercent: 3.20105 %
20220312 013837.122 INFO             PET1 PIOc_sync Enter - MemInfo: [/proc/self/status]	VmPeak:	 3853900 kB
20220312 013837.122 INFO             PET1 PIOc_sync Enter - MemInfo: [/proc/self/status]	VmSize:	 3846996 kB
20220312 013837.122 INFO             PET1 PIOc_sync Enter - MemInfo: [/proc/self/status]	VmLck:	       0 kB
20220312 013837.122 INFO             PET1 PIOc_sync Enter - MemInfo: [/proc/self/status]	VmPin:	   71900 kB
20220312 013837.122 INFO             PET1 PIOc_sync Enter - MemInfo: [/proc/self/status]	VmHWM:	  170052 kB
20220312 013837.122 INFO             PET1 PIOc_sync Enter - MemInfo: [/proc/self/status]	VmRSS:	  170052 kB
20220312 013837.122 INFO             PET1 PIOc_sync Enter - MemInfo: [/proc/self/status]	VmData:	  263680 kB
20220312 013837.122 INFO             PET1 PIOc_sync Enter - MemInfo: [/proc/self/status]	VmStk:	     512 kB
20220312 013837.122 INFO             PET1 PIOc_sync Enter - MemInfo: [/proc/self/status]	VmExe:	    1768 kB
20220312 013837.122 INFO             PET1 PIOc_sync Enter - MemInfo: [/proc/self/status]	VmLib:	  156408 kB
20220312 013837.122 INFO             PET1 PIOc_sync Enter - MemInfo: [/proc/self/status]	VmPTE:	     820 kB
20220312 013837.122 INFO             PET1 PIOc_sync Enter - MemInfo: [/proc/self/status]	VmPMD:	      28 kB
20220312 013837.122 INFO             PET1 PIOc_sync Enter - MemInfo: [/proc/self/status]	VmSwap:	       0 kB
20220312 013837.122 INFO             PET1 PIOc_sync Enter - MemInfo: [/proc/self/status]	VmRSSPercent: 0.129421 %
20220312 013837.122 INFO             PET1 PIOc_sync Enter - MemInfo: [malloc] Non-mmapped space allocated:                10289152 Byte
20220312 013837.122 INFO             PET1 PIOc_sync Enter - MemInfo: [malloc] Space allocated in mmapped regions:         73412608 Byte
20220312 013837.122 INFO             PET1 PIOc_sync Enter - MemInfo: [malloc] Maximum total allocated space:                     0 Byte
20220312 013837.122 INFO             PET1 PIOc_sync Enter - MemInfo: [malloc] Space in freed fastbin blocks:                  2448 Byte
20220312 013837.122 INFO             PET1 PIOc_sync Enter - MemInfo: [malloc] Total allocated space:                       5943808 Byte
20220312 013837.122 INFO             PET1 PIOc_sync Enter - MemInfo: [malloc] Total free space:                            4345344 Byte
20220312 013837.122 INFO             PET1 PIOc_sync Enter - MemInfo: [malloc] Top-most, releasable space:                  2228352 Byte
20220312 013837.122 INFO             PET1 PIOc_sync Enter - MemInfo: [malloc] Total space in use, mmap + non-mmap:        79356416 Byte
20220312 013837.122 INFO             PET1 PIOc_sync Enter - MemInfo: [malloc] Total space held (mmap + non-mmap):         83701760 Byte
20220312 013837.122 INFO             PET1 PIOc_sync Enter - MemInfo: [malloc] Total space used (mmap + non-mmap):         79365776 Byte
20220312 013837.122 INFO             PET1 PIOc_sync Enter - MemInfo: Wall-clock time since execution start:               0.639932 seconds
20220312 013837.123 INFO             PET1 PIOc_sync Exit - MemInfo: [/proc/meminfo - SSI]	MemTotal:       131394452 kB
20220312 013837.123 INFO             PET1 PIOc_sync Exit - MemInfo: [/proc/meminfo - SSI]	MemFree:        122252332 kB
20220312 013837.123 INFO             PET1 PIOc_sync Exit - MemInfo: [/proc/meminfo - SSI]	MemAvailable:   121916396 kB
20220312 013837.123 INFO             PET1 PIOc_sync Exit - MemInfo: [/proc/meminfo - SSI]	Committed_AS:    4206008 kB
20220312 013837.123 INFO             PET1 PIOc_sync Exit - MemInfo: [/proc/meminfo - SSI]	CommittedPercent: 3.20105 %
20220312 013837.123 INFO             PET1 PIOc_sync Exit - MemInfo: [/proc/self/status]	VmPeak:	 3853900 kB
20220312 013837.123 INFO             PET1 PIOc_sync Exit - MemInfo: [/proc/self/status]	VmSize:	 3846996 kB
20220312 013837.123 INFO             PET1 PIOc_sync Exit - MemInfo: [/proc/self/status]	VmLck:	       0 kB
20220312 013837.123 INFO             PET1 PIOc_sync Exit - MemInfo: [/proc/self/status]	VmPin:	   71900 kB
20220312 013837.123 INFO             PET1 PIOc_sync Exit - MemInfo: [/proc/self/status]	VmHWM:	  170108 kB
20220312 013837.123 INFO             PET1 PIOc_sync Exit - MemInfo: [/proc/self/status]	VmRSS:	  170108 kB
20220312 013837.123 INFO             PET1 PIOc_sync Exit - MemInfo: [/proc/self/status]	VmData:	  263680 kB
20220312 013837.123 INFO             PET1 PIOc_sync Exit - MemInfo: [/proc/self/status]	VmStk:	     512 kB
20220312 013837.123 INFO             PET1 PIOc_sync Exit - MemInfo: [/proc/self/status]	VmExe:	    1768 kB
20220312 013837.123 INFO             PET1 PIOc_sync Exit - MemInfo: [/proc/self/status]	VmLib:	  156408 kB
20220312 013837.123 INFO             PET1 PIOc_sync Exit - MemInfo: [/proc/self/status]	VmPTE:	     820 kB
20220312 013837.123 INFO             PET1 PIOc_sync Exit - MemInfo: [/proc/self/status]	VmPMD:	      28 kB
20220312 013837.123 INFO             PET1 PIOc_sync Exit - MemInfo: [/proc/self/status]	VmSwap:	       0 kB
20220312 013837.123 INFO             PET1 PIOc_sync Exit - MemInfo: [/proc/self/status]	VmRSSPercent: 0.129464 %
20220312 013837.123 INFO             PET1 PIOc_sync Exit - MemInfo: [malloc] Non-mmapped space allocated:                10289152 Byte
20220312 013837.123 INFO             PET1 PIOc_sync Exit - MemInfo: [malloc] Space allocated in mmapped regions:         73412608 Byte
20220312 013837.123 INFO             PET1 PIOc_sync Exit - MemInfo: [malloc] Maximum total allocated space:                     0 Byte
20220312 013837.123 INFO             PET1 PIOc_sync Exit - MemInfo: [malloc] Space in freed fastbin blocks:                   480 Byte
20220312 013837.123 INFO             PET1 PIOc_sync Exit - MemInfo: [malloc] Total allocated space:                       5942544 Byte
20220312 013837.123 INFO             PET1 PIOc_sync Exit - MemInfo: [malloc] Total free space:                            4346608 Byte
20220312 013837.123 INFO             PET1 PIOc_sync Exit - MemInfo: [malloc] Top-most, releasable space:                  2228352 Byte
20220312 013837.123 INFO             PET1 PIOc_sync Exit - MemInfo: [malloc] Total space in use, mmap + non-mmap:        79355152 Byte
20220312 013837.123 INFO             PET1 PIOc_sync Exit - MemInfo: [malloc] Total space held (mmap + non-mmap):         83701760 Byte
20220312 013837.123 INFO             PET1 PIOc_sync Exit - MemInfo: [malloc] Total space used (mmap + non-mmap):         79364512 Byte
20220312 013837.123 INFO             PET1 PIOc_sync Exit - MemInfo: Wall-clock time since execution start:                0.64087 seconds
20220312 013837.123 INFO             PET1 PIOc_freedecomp Enter - MemInfo: [/proc/meminfo - SSI]	MemTotal:       131394452 kB
20220312 013837.123 INFO             PET1 PIOc_freedecomp Enter - MemInfo: [/proc/meminfo - SSI]	MemFree:        122252332 kB
20220312 013837.123 INFO             PET1 PIOc_freedecomp Enter - MemInfo: [/proc/meminfo - SSI]	MemAvailable:   121916396 kB
20220312 013837.123 INFO             PET1 PIOc_freedecomp Enter - MemInfo: [/proc/meminfo - SSI]	Committed_AS:    4206008 kB
20220312 013837.123 INFO             PET1 PIOc_freedecomp Enter - MemInfo: [/proc/meminfo - SSI]	CommittedPercent: 3.20105 %
20220312 013837.123 INFO             PET1 PIOc_freedecomp Enter - MemInfo: [/proc/self/status]	VmPeak:	 3853900 kB
20220312 013837.123 INFO             PET1 PIOc_freedecomp Enter - MemInfo: [/proc/self/status]	VmSize:	 3846996 kB
20220312 013837.124 INFO             PET1 PIOc_freedecomp Enter - MemInfo: [/proc/self/status]	VmLck:	       0 kB
20220312 013837.124 INFO             PET1 PIOc_freedecomp Enter - MemInfo: [/proc/self/status]	VmPin:	   71900 kB
20220312 013837.124 INFO             PET1 PIOc_freedecomp Enter - MemInfo: [/proc/self/status]	VmHWM:	  170112 kB
20220312 013837.124 INFO             PET1 PIOc_freedecomp Enter - MemInfo: [/proc/self/status]	VmRSS:	  170112 kB
20220312 013837.124 INFO             PET1 PIOc_freedecomp Enter - MemInfo: [/proc/self/status]	VmData:	  263680 kB
20220312 013837.124 INFO             PET1 PIOc_freedecomp Enter - MemInfo: [/proc/self/status]	VmStk:	     512 kB
20220312 013837.124 INFO             PET1 PIOc_freedecomp Enter - MemInfo: [/proc/self/status]	VmExe:	    1768 kB
20220312 013837.124 INFO             PET1 PIOc_freedecomp Enter - MemInfo: [/proc/self/status]	VmLib:	  156408 kB
20220312 013837.124 INFO             PET1 PIOc_freedecomp Enter - MemInfo: [/proc/self/status]	VmPTE:	     820 kB
20220312 013837.124 INFO             PET1 PIOc_freedecomp Enter - MemInfo: [/proc/self/status]	VmPMD:	      28 kB
20220312 013837.124 INFO             PET1 PIOc_freedecomp Enter - MemInfo: [/proc/self/status]	VmSwap:	       0 kB
20220312 013837.124 INFO             PET1 PIOc_freedecomp Enter - MemInfo: [/proc/self/status]	VmRSSPercent: 0.129467 %
20220312 013837.124 INFO             PET1 PIOc_freedecomp Enter - MemInfo: [malloc] Non-mmapped space allocated:                10289152 Byte
20220312 013837.124 INFO             PET1 PIOc_freedecomp Enter - MemInfo: [malloc] Space allocated in mmapped regions:         73412608 Byte
20220312 013837.124 INFO             PET1 PIOc_freedecomp Enter - MemInfo: [malloc] Maximum total allocated space:                     0 Byte
20220312 013837.124 INFO             PET1 PIOc_freedecomp Enter - MemInfo: [malloc] Space in freed fastbin blocks:                   576 Byte
20220312 013837.124 INFO             PET1 PIOc_freedecomp Enter - MemInfo: [malloc] Total allocated space:                       5940928 Byte
20220312 013837.124 INFO             PET1 PIOc_freedecomp Enter - MemInfo: [malloc] Total free space:                            4348224 Byte
20220312 013837.124 INFO             PET1 PIOc_freedecomp Enter - MemInfo: [malloc] Top-most, releasable space:                  2228352 Byte
20220312 013837.124 INFO             PET1 PIOc_freedecomp Enter - MemInfo: [malloc] Total space in use, mmap + non-mmap:        79353536 Byte
20220312 013837.124 INFO             PET1 PIOc_freedecomp Enter - MemInfo: [malloc] Total space held (mmap + non-mmap):         83701760 Byte
20220312 013837.124 INFO             PET1 PIOc_freedecomp Enter - MemInfo: [malloc] Total space used (mmap + non-mmap):         79362896 Byte
20220312 013837.124 INFO             PET1 PIOc_freedecomp Enter - MemInfo: Wall-clock time since execution start:               0.641486 seconds
20220312 013837.124 INFO             PET1 PIOc_freedecomp Exit - MemInfo: [/proc/meminfo - SSI]	MemTotal:       131394452 kB
20220312 013837.124 INFO             PET1 PIOc_freedecomp Exit - MemInfo: [/proc/meminfo - SSI]	MemFree:        122252332 kB
20220312 013837.124 INFO             PET1 PIOc_freedecomp Exit - MemInfo: [/proc/meminfo - SSI]	MemAvailable:   121916396 kB
20220312 013837.124 INFO             PET1 PIOc_freedecomp Exit - MemInfo: [/proc/meminfo - SSI]	Committed_AS:    4206008 kB
20220312 013837.124 INFO             PET1 PIOc_freedecomp Exit - MemInfo: [/proc/meminfo - SSI]	CommittedPercent: 3.20105 %
20220312 013837.124 INFO             PET1 PIOc_freedecomp Exit - MemInfo: [/proc/self/status]	VmPeak:	 3853900 kB
20220312 013837.124 INFO             PET1 PIOc_freedecomp Exit - MemInfo: [/proc/self/status]	VmSize:	 3846996 kB
20220312 013837.124 INFO             PET1 PIOc_freedecomp Exit - MemInfo: [/proc/self/status]	VmLck:	       0 kB
20220312 013837.124 INFO             PET1 PIOc_freedecomp Exit - MemInfo: [/proc/self/status]	VmPin:	   71900 kB
20220312 013837.124 INFO             PET1 PIOc_freedecomp Exit - MemInfo: [/proc/self/status]	VmHWM:	  170112 kB
20220312 013837.124 INFO             PET1 PIOc_freedecomp Exit - MemInfo: [/proc/self/status]	VmRSS:	  170112 kB
20220312 013837.124 INFO             PET1 PIOc_freedecomp Exit - MemInfo: [/proc/self/status]	VmData:	  263680 kB
20220312 013837.124 INFO             PET1 PIOc_freedecomp Exit - MemInfo: [/proc/self/status]	VmStk:	     512 kB
20220312 013837.124 INFO             PET1 PIOc_freedecomp Exit - MemInfo: [/proc/self/status]	VmExe:	    1768 kB
20220312 013837.124 INFO             PET1 PIOc_freedecomp Exit - MemInfo: [/proc/self/status]	VmLib:	  156408 kB
20220312 013837.124 INFO             PET1 PIOc_freedecomp Exit - MemInfo: [/proc/self/status]	VmPTE:	     820 kB
20220312 013837.124 INFO             PET1 PIOc_freedecomp Exit - MemInfo: [/proc/self/status]	VmPMD:	      28 kB
20220312 013837.124 INFO             PET1 PIOc_freedecomp Exit - MemInfo: [/proc/self/status]	VmSwap:	       0 kB
20220312 013837.124 INFO             PET1 PIOc_freedecomp Exit - MemInfo: [/proc/self/status]	VmRSSPercent: 0.129467 %
20220312 013837.124 INFO             PET1 PIOc_freedecomp Exit - MemInfo: [malloc] Non-mmapped space allocated:                10289152 Byte
20220312 013837.124 INFO             PET1 PIOc_freedecomp Exit - MemInfo: [malloc] Space allocated in mmapped regions:         73412608 Byte
20220312 013837.124 INFO             PET1 PIOc_freedecomp Exit - MemInfo: [malloc] Maximum total allocated space:                     0 Byte
20220312 013837.124 INFO             PET1 PIOc_freedecomp Exit - MemInfo: [malloc] Space in freed fastbin blocks:                   720 Byte
20220312 013837.124 INFO             PET1 PIOc_freedecomp Exit - MemInfo: [malloc] Total allocated space:                       5938688 Byte
20220312 013837.124 INFO             PET1 PIOc_freedecomp Exit - MemInfo: [malloc] Total free space:                            4350464 Byte
20220312 013837.124 INFO             PET1 PIOc_freedecomp Exit - MemInfo: [malloc] Top-most, releasable space:                  2228352 Byte
20220312 013837.124 INFO             PET1 PIOc_freedecomp Exit - MemInfo: [malloc] Total space in use, mmap + non-mmap:        79351296 Byte
20220312 013837.124 INFO             PET1 PIOc_freedecomp Exit - MemInfo: [malloc] Total space held (mmap + non-mmap):         83701760 Byte
20220312 013837.124 INFO             PET1 PIOc_freedecomp Exit - MemInfo: [malloc] Total space used (mmap + non-mmap):         79360656 Byte
20220312 013837.124 INFO             PET1 PIOc_freedecomp Exit - MemInfo: Wall-clock time since execution start:               0.641985 seconds
20220312 013837.125 INFO             PET1 PIOc_sync Enter - MemInfo: [/proc/meminfo - SSI]	MemTotal:       131394452 kB
20220312 013837.125 INFO             PET1 PIOc_sync Enter - MemInfo: [/proc/meminfo - SSI]	MemFree:        122252332 kB
20220312 013837.125 INFO             PET1 PIOc_sync Enter - MemInfo: [/proc/meminfo - SSI]	MemAvailable:   121916396 kB
20220312 013837.125 INFO             PET1 PIOc_sync Enter - MemInfo: [/proc/meminfo - SSI]	Committed_AS:    4206008 kB
20220312 013837.125 INFO             PET1 PIOc_sync Enter - MemInfo: [/proc/meminfo - SSI]	CommittedPercent: 3.20105 %
20220312 013837.126 INFO             PET1 PIOc_sync Enter - MemInfo: [/proc/self/status]	VmPeak:	 3853900 kB
20220312 013837.126 INFO             PET1 PIOc_sync Enter - MemInfo: [/proc/self/status]	VmSize:	 3846996 kB
20220312 013837.126 INFO             PET1 PIOc_sync Enter - MemInfo: [/proc/self/status]	VmLck:	       0 kB
20220312 013837.126 INFO             PET1 PIOc_sync Enter - MemInfo: [/proc/self/status]	VmPin:	   71900 kB
20220312 013837.126 INFO             PET1 PIOc_sync Enter - MemInfo: [/proc/self/status]	VmHWM:	  170176 kB
20220312 013837.126 INFO             PET1 PIOc_sync Enter - MemInfo: [/proc/self/status]	VmRSS:	  170176 kB
20220312 013837.126 INFO             PET1 PIOc_sync Enter - MemInfo: [/proc/self/status]	VmData:	  263680 kB
20220312 013837.126 INFO             PET1 PIOc_sync Enter - MemInfo: [/proc/self/status]	VmStk:	     512 kB
20220312 013837.126 INFO             PET1 PIOc_sync Enter - MemInfo: [/proc/self/status]	VmExe:	    1768 kB
20220312 013837.126 INFO             PET1 PIOc_sync Enter - MemInfo: [/proc/self/status]	VmLib:	  156408 kB
20220312 013837.126 INFO             PET1 PIOc_sync Enter - MemInfo: [/proc/self/status]	VmPTE:	     820 kB
20220312 013837.126 INFO             PET1 PIOc_sync Enter - MemInfo: [/proc/self/status]	VmPMD:	      28 kB
20220312 013837.126 INFO             PET1 PIOc_sync Enter - MemInfo: [/proc/self/status]	VmSwap:	       0 kB
20220312 013837.126 INFO             PET1 PIOc_sync Enter - MemInfo: [/proc/self/status]	VmRSSPercent: 0.129515 %
20220312 013837.126 INFO             PET1 PIOc_sync Enter - MemInfo: [malloc] Non-mmapped space allocated:                10289152 Byte
20220312 013837.126 INFO             PET1 PIOc_sync Enter - MemInfo: [malloc] Space allocated in mmapped regions:         73412608 Byte
20220312 013837.126 INFO             PET1 PIOc_sync Enter - MemInfo: [malloc] Maximum total allocated space:                     0 Byte
20220312 013837.126 INFO             PET1 PIOc_sync Enter - MemInfo: [malloc] Space in freed fastbin blocks:                  2672 Byte
20220312 013837.126 INFO             PET1 PIOc_sync Enter - MemInfo: [malloc] Total allocated space:                       5943680 Byte
20220312 013837.126 INFO             PET1 PIOc_sync Enter - MemInfo: [malloc] Total free space:                            4345472 Byte
20220312 013837.126 INFO             PET1 PIOc_sync Enter - MemInfo: [malloc] Top-most, releasable space:                  2228352 Byte
20220312 013837.126 INFO             PET1 PIOc_sync Enter - MemInfo: [malloc] Total space in use, mmap + non-mmap:        79356288 Byte
20220312 013837.126 INFO             PET1 PIOc_sync Enter - MemInfo: [malloc] Total space held (mmap + non-mmap):         83701760 Byte
20220312 013837.126 INFO             PET1 PIOc_sync Enter - MemInfo: [malloc] Total space used (mmap + non-mmap):         79365648 Byte
20220312 013837.126 INFO             PET1 PIOc_sync Enter - MemInfo: Wall-clock time since execution start:               0.643566 seconds
20220312 013837.126 INFO             PET1 PIOc_sync Exit - MemInfo: [/proc/meminfo - SSI]	MemTotal:       131394452 kB
20220312 013837.126 INFO             PET1 PIOc_sync Exit - MemInfo: [/proc/meminfo - SSI]	MemFree:        122252332 kB
20220312 013837.126 INFO             PET1 PIOc_sync Exit - MemInfo: [/proc/meminfo - SSI]	MemAvailable:   121916396 kB
20220312 013837.126 INFO             PET1 PIOc_sync Exit - MemInfo: [/proc/meminfo - SSI]	Committed_AS:    4206008 kB
20220312 013837.126 INFO             PET1 PIOc_sync Exit - MemInfo: [/proc/meminfo - SSI]	CommittedPercent: 3.20105 %
20220312 013837.126 INFO             PET1 PIOc_sync Exit - MemInfo: [/proc/self/status]	VmPeak:	 3853900 kB
20220312 013837.126 INFO             PET1 PIOc_sync Exit - MemInfo: [/proc/self/status]	VmSize:	 3846996 kB
20220312 013837.126 INFO             PET1 PIOc_sync Exit - MemInfo: [/proc/self/status]	VmLck:	       0 kB
20220312 013837.126 INFO             PET1 PIOc_sync Exit - MemInfo: [/proc/self/status]	VmPin:	   71900 kB
20220312 013837.126 INFO             PET1 PIOc_sync Exit - MemInfo: [/proc/self/status]	VmHWM:	  170176 kB
20220312 013837.126 INFO             PET1 PIOc_sync Exit - MemInfo: [/proc/self/status]	VmRSS:	  170176 kB
20220312 013837.126 INFO             PET1 PIOc_sync Exit - MemInfo: [/proc/self/status]	VmData:	  263680 kB
20220312 013837.126 INFO             PET1 PIOc_sync Exit - MemInfo: [/proc/self/status]	VmStk:	     512 kB
20220312 013837.126 INFO             PET1 PIOc_sync Exit - MemInfo: [/proc/self/status]	VmExe:	    1768 kB
20220312 013837.126 INFO             PET1 PIOc_sync Exit - MemInfo: [/proc/self/status]	VmLib:	  156408 kB
20220312 013837.126 INFO             PET1 PIOc_sync Exit - MemInfo: [/proc/self/status]	VmPTE:	     820 kB
20220312 013837.126 INFO             PET1 PIOc_sync Exit - MemInfo: [/proc/self/status]	VmPMD:	      28 kB
20220312 013837.126 INFO             PET1 PIOc_sync Exit - MemInfo: [/proc/self/status]	VmSwap:	       0 kB
20220312 013837.126 INFO             PET1 PIOc_sync Exit - MemInfo: [/proc/self/status]	VmRSSPercent: 0.129515 %
20220312 013837.126 INFO             PET1 PIOc_sync Exit - MemInfo: [malloc] Non-mmapped space allocated:                10289152 Byte
20220312 013837.126 INFO             PET1 PIOc_sync Exit - MemInfo: [malloc] Space allocated in mmapped regions:         73412608 Byte
20220312 013837.126 INFO             PET1 PIOc_sync Exit - MemInfo: [malloc] Maximum total allocated space:                     0 Byte
20220312 013837.126 INFO             PET1 PIOc_sync Exit - MemInfo: [malloc] Space in freed fastbin blocks:                   608 Byte
20220312 013837.126 INFO             PET1 PIOc_sync Exit - MemInfo: [malloc] Total allocated space:                       5942672 Byte
20220312 013837.126 INFO             PET1 PIOc_sync Exit - MemInfo: [malloc] Total free space:                            4346480 Byte
20220312 013837.126 INFO             PET1 PIOc_sync Exit - MemInfo: [malloc] Top-most, releasable space:                  2228352 Byte
20220312 013837.126 INFO             PET1 PIOc_sync Exit - MemInfo: [malloc] Total space in use, mmap + non-mmap:        79355280 Byte
20220312 013837.126 INFO             PET1 PIOc_sync Exit - MemInfo: [malloc] Total space held (mmap + non-mmap):         83701760 Byte
20220312 013837.127 INFO             PET1 PIOc_sync Exit - MemInfo: [malloc] Total space used (mmap + non-mmap):         79364640 Byte
20220312 013837.127 INFO             PET1 PIOc_sync Exit - MemInfo: Wall-clock time since execution start:               0.644186 seconds
20220312 013837.127 INFO             PET1 PIOc_freedecomp Enter - MemInfo: [/proc/meminfo - SSI]	MemTotal:       131394452 kB
20220312 013837.127 INFO             PET1 PIOc_freedecomp Enter - MemInfo: [/proc/meminfo - SSI]	MemFree:        122252332 kB
20220312 013837.127 INFO             PET1 PIOc_freedecomp Enter - MemInfo: [/proc/meminfo - SSI]	MemAvailable:   121916396 kB
20220312 013837.127 INFO             PET1 PIOc_freedecomp Enter - MemInfo: [/proc/meminfo - SSI]	Committed_AS:    4206008 kB
20220312 013837.127 INFO             PET1 PIOc_freedecomp Enter - MemInfo: [/proc/meminfo - SSI]	CommittedPercent: 3.20105 %
20220312 013837.127 INFO             PET1 PIOc_freedecomp Enter - MemInfo: [/proc/self/status]	VmPeak:	 3853900 kB
20220312 013837.127 INFO             PET1 PIOc_freedecomp Enter - MemInfo: [/proc/self/status]	VmSize:	 3846996 kB
20220312 013837.127 INFO             PET1 PIOc_freedecomp Enter - MemInfo: [/proc/self/status]	VmLck:	       0 kB
20220312 013837.127 INFO             PET1 PIOc_freedecomp Enter - MemInfo: [/proc/self/status]	VmPin:	   71900 kB
20220312 013837.127 INFO             PET1 PIOc_freedecomp Enter - MemInfo: [/proc/self/status]	VmHWM:	  170176 kB
20220312 013837.127 INFO             PET1 PIOc_freedecomp Enter - MemInfo: [/proc/self/status]	VmRSS:	  170176 kB
20220312 013837.127 INFO             PET1 PIOc_freedecomp Enter - MemInfo: [/proc/self/status]	VmData:	  263680 kB
20220312 013837.127 INFO             PET1 PIOc_freedecomp Enter - MemInfo: [/proc/self/status]	VmStk:	     512 kB
20220312 013837.127 INFO             PET1 PIOc_freedecomp Enter - MemInfo: [/proc/self/status]	VmExe:	    1768 kB
20220312 013837.127 INFO             PET1 PIOc_freedecomp Enter - MemInfo: [/proc/self/status]	VmLib:	  156408 kB
20220312 013837.127 INFO             PET1 PIOc_freedecomp Enter - MemInfo: [/proc/self/status]	VmPTE:	     820 kB
20220312 013837.127 INFO             PET1 PIOc_freedecomp Enter - MemInfo: [/proc/self/status]	VmPMD:	      28 kB
20220312 013837.127 INFO             PET1 PIOc_freedecomp Enter - MemInfo: [/proc/self/status]	VmSwap:	       0 kB
20220312 013837.127 INFO             PET1 PIOc_freedecomp Enter - MemInfo: [/proc/self/status]	VmRSSPercent: 0.129515 %
20220312 013837.127 INFO             PET1 PIOc_freedecomp Enter - MemInfo: [malloc] Non-mmapped space allocated:                10289152 Byte
20220312 013837.127 INFO             PET1 PIOc_freedecomp Enter - MemInfo: [malloc] Space allocated in mmapped regions:         73412608 Byte
20220312 013837.127 INFO             PET1 PIOc_freedecomp Enter - MemInfo: [malloc] Maximum total allocated space:                     0 Byte
20220312 013837.127 INFO             PET1 PIOc_freedecomp Enter - MemInfo: [malloc] Space in freed fastbin blocks:                   704 Byte
20220312 013837.127 INFO             PET1 PIOc_freedecomp Enter - MemInfo: [malloc] Total allocated space:                       5940912 Byte
20220312 013837.127 INFO             PET1 PIOc_freedecomp Enter - MemInfo: [malloc] Total free space:                            4348240 Byte
20220312 013837.127 INFO             PET1 PIOc_freedecomp Enter - MemInfo: [malloc] Top-most, releasable space:                  2228352 Byte
20220312 013837.127 INFO             PET1 PIOc_freedecomp Enter - MemInfo: [malloc] Total space in use, mmap + non-mmap:        79353520 Byte
20220312 013837.127 INFO             PET1 PIOc_freedecomp Enter - MemInfo: [malloc] Total space held (mmap + non-mmap):         83701760 Byte
20220312 013837.127 INFO             PET1 PIOc_freedecomp Enter - MemInfo: [malloc] Total space used (mmap + non-mmap):         79362880 Byte
20220312 013837.127 INFO             PET1 PIOc_freedecomp Enter - MemInfo: Wall-clock time since execution start:               0.644704 seconds
20220312 013837.127 INFO             PET1 PIOc_freedecomp Exit - MemInfo: [/proc/meminfo - SSI]	MemTotal:       131394452 kB
20220312 013837.127 INFO             PET1 PIOc_freedecomp Exit - MemInfo: [/proc/meminfo - SSI]	MemFree:        122252332 kB
20220312 013837.127 INFO             PET1 PIOc_freedecomp Exit - MemInfo: [/proc/meminfo - SSI]	MemAvailable:   121916396 kB
20220312 013837.127 INFO             PET1 PIOc_freedecomp Exit - MemInfo: [/proc/meminfo - SSI]	Committed_AS:    4206008 kB
20220312 013837.127 INFO             PET1 PIOc_freedecomp Exit - MemInfo: [/proc/meminfo - SSI]	CommittedPercent: 3.20105 %
20220312 013837.127 INFO             PET1 PIOc_freedecomp Exit - MemInfo: [/proc/self/status]	VmPeak:	 3853900 kB
20220312 013837.127 INFO             PET1 PIOc_freedecomp Exit - MemInfo: [/proc/self/status]	VmSize:	 3846996 kB
20220312 013837.127 INFO             PET1 PIOc_freedecomp Exit - MemInfo: [/proc/self/status]	VmLck:	       0 kB
20220312 013837.127 INFO             PET1 PIOc_freedecomp Exit - MemInfo: [/proc/self/status]	VmPin:	   71900 kB
20220312 013837.127 INFO             PET1 PIOc_freedecomp Exit - MemInfo: [/proc/self/status]	VmHWM:	  170176 kB
20220312 013837.127 INFO             PET1 PIOc_freedecomp Exit - MemInfo: [/proc/self/status]	VmRSS:	  170176 kB
20220312 013837.127 INFO             PET1 PIOc_freedecomp Exit - MemInfo: [/proc/self/status]	VmData:	  263680 kB
20220312 013837.127 INFO             PET1 PIOc_freedecomp Exit - MemInfo: [/proc/self/status]	VmStk:	     512 kB
20220312 013837.127 INFO             PET1 PIOc_freedecomp Exit - MemInfo: [/proc/self/status]	VmExe:	    1768 kB
20220312 013837.127 INFO             PET1 PIOc_freedecomp Exit - MemInfo: [/proc/self/status]	VmLib:	  156408 kB
20220312 013837.127 INFO             PET1 PIOc_freedecomp Exit - MemInfo: [/proc/self/status]	VmPTE:	     820 kB
20220312 013837.127 INFO             PET1 PIOc_freedecomp Exit - MemInfo: [/proc/self/status]	VmPMD:	      28 kB
20220312 013837.127 INFO             PET1 PIOc_freedecomp Exit - MemInfo: [/proc/self/status]	VmSwap:	       0 kB
20220312 013837.127 INFO             PET1 PIOc_freedecomp Exit - MemInfo: [/proc/self/status]	VmRSSPercent: 0.129515 %
20220312 013837.127 INFO             PET1 PIOc_freedecomp Exit - MemInfo: [malloc] Non-mmapped space allocated:                10289152 Byte
20220312 013837.127 INFO             PET1 PIOc_freedecomp Exit - MemInfo: [malloc] Space allocated in mmapped regions:         73412608 Byte
20220312 013837.127 INFO             PET1 PIOc_freedecomp Exit - MemInfo: [malloc] Maximum total allocated space:                     0 Byte
20220312 013837.127 INFO             PET1 PIOc_freedecomp Exit - MemInfo: [malloc] Space in freed fastbin blocks:                   720 Byte
20220312 013837.127 INFO             PET1 PIOc_freedecomp Exit - MemInfo: [malloc] Total allocated space:                       5938656 Byte
20220312 013837.127 INFO             PET1 PIOc_freedecomp Exit - MemInfo: [malloc] Total free space:                            4350496 Byte
20220312 013837.127 INFO             PET1 PIOc_freedecomp Exit - MemInfo: [malloc] Top-most, releasable space:                  2228352 Byte
20220312 013837.127 INFO             PET1 PIOc_freedecomp Exit - MemInfo: [malloc] Total space in use, mmap + non-mmap:        79351264 Byte
20220312 013837.127 INFO             PET1 PIOc_freedecomp Exit - MemInfo: [malloc] Total space held (mmap + non-mmap):         83701760 Byte
20220312 013837.128 INFO             PET1 PIOc_freedecomp Exit - MemInfo: [malloc] Total space used (mmap + non-mmap):         79360624 Byte
20220312 013837.128 INFO             PET1 PIOc_freedecomp Exit - MemInfo: Wall-clock time since execution start:               0.645188 seconds
20220312 013837.129 INFO             PET1 PIOc_sync Enter - MemInfo: [/proc/meminfo - SSI]	MemTotal:       131394452 kB
20220312 013837.129 INFO             PET1 PIOc_sync Enter - MemInfo: [/proc/meminfo - SSI]	MemFree:        122252332 kB
20220312 013837.129 INFO             PET1 PIOc_sync Enter - MemInfo: [/proc/meminfo - SSI]	MemAvailable:   121916396 kB
20220312 013837.129 INFO             PET1 PIOc_sync Enter - MemInfo: [/proc/meminfo - SSI]	Committed_AS:    4206008 kB
20220312 013837.129 INFO             PET1 PIOc_sync Enter - MemInfo: [/proc/meminfo - SSI]	CommittedPercent: 3.20105 %
20220312 013837.129 INFO             PET1 PIOc_sync Enter - MemInfo: [/proc/self/status]	VmPeak:	 3853900 kB
20220312 013837.129 INFO             PET1 PIOc_sync Enter - MemInfo: [/proc/self/status]	VmSize:	 3846996 kB
20220312 013837.129 INFO             PET1 PIOc_sync Enter - MemInfo: [/proc/self/status]	VmLck:	       0 kB
20220312 013837.129 INFO             PET1 PIOc_sync Enter - MemInfo: [/proc/self/status]	VmPin:	   71900 kB
20220312 013837.129 INFO             PET1 PIOc_sync Enter - MemInfo: [/proc/self/status]	VmHWM:	  170244 kB
20220312 013837.129 INFO             PET1 PIOc_sync Enter - MemInfo: [/proc/self/status]	VmRSS:	  170244 kB
20220312 013837.129 INFO             PET1 PIOc_sync Enter - MemInfo: [/proc/self/status]	VmData:	  263680 kB
20220312 013837.129 INFO             PET1 PIOc_sync Enter - MemInfo: [/proc/self/status]	VmStk:	     512 kB
20220312 013837.129 INFO             PET1 PIOc_sync Enter - MemInfo: [/proc/self/status]	VmExe:	    1768 kB
20220312 013837.129 INFO             PET1 PIOc_sync Enter - MemInfo: [/proc/self/status]	VmLib:	  156408 kB
20220312 013837.129 INFO             PET1 PIOc_sync Enter - MemInfo: [/proc/self/status]	VmPTE:	     820 kB
20220312 013837.129 INFO             PET1 PIOc_sync Enter - MemInfo: [/proc/self/status]	VmPMD:	      28 kB
20220312 013837.129 INFO             PET1 PIOc_sync Enter - MemInfo: [/proc/self/status]	VmSwap:	       0 kB
20220312 013837.129 INFO             PET1 PIOc_sync Enter - MemInfo: [/proc/self/status]	VmRSSPercent: 0.129567 %
20220312 013837.129 INFO             PET1 PIOc_sync Enter - MemInfo: [malloc] Non-mmapped space allocated:                10289152 Byte
20220312 013837.129 INFO             PET1 PIOc_sync Enter - MemInfo: [malloc] Space allocated in mmapped regions:         73412608 Byte
20220312 013837.129 INFO             PET1 PIOc_sync Enter - MemInfo: [malloc] Maximum total allocated space:                     0 Byte
20220312 013837.129 INFO             PET1 PIOc_sync Enter - MemInfo: [malloc] Space in freed fastbin blocks:                  2592 Byte
20220312 013837.129 INFO             PET1 PIOc_sync Enter - MemInfo: [malloc] Total allocated space:                       5943808 Byte
20220312 013837.129 INFO             PET1 PIOc_sync Enter - MemInfo: [malloc] Total free space:                            4345344 Byte
20220312 013837.129 INFO             PET1 PIOc_sync Enter - MemInfo: [malloc] Top-most, releasable space:                  2228352 Byte
20220312 013837.129 INFO             PET1 PIOc_sync Enter - MemInfo: [malloc] Total space in use, mmap + non-mmap:        79356416 Byte
20220312 013837.129 INFO             PET1 PIOc_sync Enter - MemInfo: [malloc] Total space held (mmap + non-mmap):         83701760 Byte
20220312 013837.129 INFO             PET1 PIOc_sync Enter - MemInfo: [malloc] Total space used (mmap + non-mmap):         79365776 Byte
20220312 013837.129 INFO             PET1 PIOc_sync Enter - MemInfo: Wall-clock time since execution start:                0.64665 seconds
20220312 013837.129 INFO             PET1 PIOc_sync Exit - MemInfo: [/proc/meminfo - SSI]	MemTotal:       131394452 kB
20220312 013837.129 INFO             PET1 PIOc_sync Exit - MemInfo: [/proc/meminfo - SSI]	MemFree:        122252332 kB
20220312 013837.129 INFO             PET1 PIOc_sync Exit - MemInfo: [/proc/meminfo - SSI]	MemAvailable:   121916396 kB
20220312 013837.129 INFO             PET1 PIOc_sync Exit - MemInfo: [/proc/meminfo - SSI]	Committed_AS:    4206008 kB
20220312 013837.129 INFO             PET1 PIOc_sync Exit - MemInfo: [/proc/meminfo - SSI]	CommittedPercent: 3.20105 %
20220312 013837.129 INFO             PET1 PIOc_sync Exit - MemInfo: [/proc/self/status]	VmPeak:	 3853900 kB
20220312 013837.129 INFO             PET1 PIOc_sync Exit - MemInfo: [/proc/self/status]	VmSize:	 3846996 kB
20220312 013837.129 INFO             PET1 PIOc_sync Exit - MemInfo: [/proc/self/status]	VmLck:	       0 kB
20220312 013837.129 INFO             PET1 PIOc_sync Exit - MemInfo: [/proc/self/status]	VmPin:	   71900 kB
20220312 013837.129 INFO             PET1 PIOc_sync Exit - MemInfo: [/proc/self/status]	VmHWM:	  170244 kB
20220312 013837.129 INFO             PET1 PIOc_sync Exit - MemInfo: [/proc/self/status]	VmRSS:	  170244 kB
20220312 013837.129 INFO             PET1 PIOc_sync Exit - MemInfo: [/proc/self/status]	VmData:	  263680 kB
20220312 013837.129 INFO             PET1 PIOc_sync Exit - MemInfo: [/proc/self/status]	VmStk:	     512 kB
20220312 013837.129 INFO             PET1 PIOc_sync Exit - MemInfo: [/proc/self/status]	VmExe:	    1768 kB
20220312 013837.129 INFO             PET1 PIOc_sync Exit - MemInfo: [/proc/self/status]	VmLib:	  156408 kB
20220312 013837.129 INFO             PET1 PIOc_sync Exit - MemInfo: [/proc/self/status]	VmPTE:	     820 kB
20220312 013837.129 INFO             PET1 PIOc_sync Exit - MemInfo: [/proc/self/status]	VmPMD:	      28 kB
20220312 013837.129 INFO             PET1 PIOc_sync Exit - MemInfo: [/proc/self/status]	VmSwap:	       0 kB
20220312 013837.130 INFO             PET1 PIOc_sync Exit - MemInfo: [/proc/self/status]	VmRSSPercent: 0.129567 %
20220312 013837.130 INFO             PET1 PIOc_sync Exit - MemInfo: [malloc] Non-mmapped space allocated:                10289152 Byte
20220312 013837.130 INFO             PET1 PIOc_sync Exit - MemInfo: [malloc] Space allocated in mmapped regions:         73412608 Byte
20220312 013837.130 INFO             PET1 PIOc_sync Exit - MemInfo: [malloc] Maximum total allocated space:                     0 Byte
20220312 013837.130 INFO             PET1 PIOc_sync Exit - MemInfo: [malloc] Space in freed fastbin blocks:                   608 Byte
20220312 013837.130 INFO             PET1 PIOc_sync Exit - MemInfo: [malloc] Total allocated space:                       5942800 Byte
20220312 013837.130 INFO             PET1 PIOc_sync Exit - MemInfo: [malloc] Total free space:                            4346352 Byte
20220312 013837.130 INFO             PET1 PIOc_sync Exit - MemInfo: [malloc] Top-most, releasable space:                  2228352 Byte
20220312 013837.130 INFO             PET1 PIOc_sync Exit - MemInfo: [malloc] Total space in use, mmap + non-mmap:        79355408 Byte
20220312 013837.130 INFO             PET1 PIOc_sync Exit - MemInfo: [malloc] Total space held (mmap + non-mmap):         83701760 Byte
20220312 013837.130 INFO             PET1 PIOc_sync Exit - MemInfo: [malloc] Total space used (mmap + non-mmap):         79364768 Byte
20220312 013837.130 INFO             PET1 PIOc_sync Exit - MemInfo: Wall-clock time since execution start:               0.647366 seconds
20220312 013837.130 INFO             PET1 PIOc_freedecomp Enter - MemInfo: [/proc/meminfo - SSI]	MemTotal:       131394452 kB
20220312 013837.130 INFO             PET1 PIOc_freedecomp Enter - MemInfo: [/proc/meminfo - SSI]	MemFree:        122252332 kB
20220312 013837.130 INFO             PET1 PIOc_freedecomp Enter - MemInfo: [/proc/meminfo - SSI]	MemAvailable:   121916396 kB
20220312 013837.130 INFO             PET1 PIOc_freedecomp Enter - MemInfo: [/proc/meminfo - SSI]	Committed_AS:    4206008 kB
20220312 013837.130 INFO             PET1 PIOc_freedecomp Enter - MemInfo: [/proc/meminfo - SSI]	CommittedPercent: 3.20105 %
20220312 013837.130 INFO             PET1 PIOc_freedecomp Enter - MemInfo: [/proc/self/status]	VmPeak:	 3853900 kB
20220312 013837.130 INFO             PET1 PIOc_freedecomp Enter - MemInfo: [/proc/self/status]	VmSize:	 3846996 kB
20220312 013837.130 INFO             PET1 PIOc_freedecomp Enter - MemInfo: [/proc/self/status]	VmLck:	       0 kB
20220312 013837.130 INFO             PET1 PIOc_freedecomp Enter - MemInfo: [/proc/self/status]	VmPin:	   71900 kB
20220312 013837.130 INFO             PET1 PIOc_freedecomp Enter - MemInfo: [/proc/self/status]	VmHWM:	  170244 kB
20220312 013837.130 INFO             PET1 PIOc_freedecomp Enter - MemInfo: [/proc/self/status]	VmRSS:	  170244 kB
20220312 013837.130 INFO             PET1 PIOc_freedecomp Enter - MemInfo: [/proc/self/status]	VmData:	  263680 kB
20220312 013837.130 INFO             PET1 PIOc_freedecomp Enter - MemInfo: [/proc/self/status]	VmStk:	     512 kB
20220312 013837.130 INFO             PET1 PIOc_freedecomp Enter - MemInfo: [/proc/self/status]	VmExe:	    1768 kB
20220312 013837.130 INFO             PET1 PIOc_freedecomp Enter - MemInfo: [/proc/self/status]	VmLib:	  156408 kB
20220312 013837.130 INFO             PET1 PIOc_freedecomp Enter - MemInfo: [/proc/self/status]	VmPTE:	     820 kB
20220312 013837.130 INFO             PET1 PIOc_freedecomp Enter - MemInfo: [/proc/self/status]	VmPMD:	      28 kB
20220312 013837.130 INFO             PET1 PIOc_freedecomp Enter - MemInfo: [/proc/self/status]	VmSwap:	       0 kB
20220312 013837.130 INFO             PET1 PIOc_freedecomp Enter - MemInfo: [/proc/self/status]	VmRSSPercent: 0.129567 %
20220312 013837.130 INFO             PET1 PIOc_freedecomp Enter - MemInfo: [malloc] Non-mmapped space allocated:                10289152 Byte
20220312 013837.130 INFO             PET1 PIOc_freedecomp Enter - MemInfo: [malloc] Space allocated in mmapped regions:         73412608 Byte
20220312 013837.130 INFO             PET1 PIOc_freedecomp Enter - MemInfo: [malloc] Maximum total allocated space:                     0 Byte
20220312 013837.130 INFO             PET1 PIOc_freedecomp Enter - MemInfo: [malloc] Space in freed fastbin blocks:                   800 Byte
20220312 013837.130 INFO             PET1 PIOc_freedecomp Enter - MemInfo: [malloc] Total allocated space:                       5940896 Byte
20220312 013837.130 INFO             PET1 PIOc_freedecomp Enter - MemInfo: [malloc] Total free space:                            4348256 Byte
20220312 013837.130 INFO             PET1 PIOc_freedecomp Enter - MemInfo: [malloc] Top-most, releasable space:                  2228352 Byte
20220312 013837.130 INFO             PET1 PIOc_freedecomp Enter - MemInfo: [malloc] Total space in use, mmap + non-mmap:        79353504 Byte
20220312 013837.130 INFO             PET1 PIOc_freedecomp Enter - MemInfo: [malloc] Total space held (mmap + non-mmap):         83701760 Byte
20220312 013837.130 INFO             PET1 PIOc_freedecomp Enter - MemInfo: [malloc] Total space used (mmap + non-mmap):         79362864 Byte
20220312 013837.130 INFO             PET1 PIOc_freedecomp Enter - MemInfo: Wall-clock time since execution start:               0.647877 seconds
20220312 013837.130 INFO             PET1 PIOc_freedecomp Exit - MemInfo: [/proc/meminfo - SSI]	MemTotal:       131394452 kB
20220312 013837.130 INFO             PET1 PIOc_freedecomp Exit - MemInfo: [/proc/meminfo - SSI]	MemFree:        122252332 kB
20220312 013837.130 INFO             PET1 PIOc_freedecomp Exit - MemInfo: [/proc/meminfo - SSI]	MemAvailable:   121916396 kB
20220312 013837.130 INFO             PET1 PIOc_freedecomp Exit - MemInfo: [/proc/meminfo - SSI]	Committed_AS:    4206008 kB
20220312 013837.130 INFO             PET1 PIOc_freedecomp Exit - MemInfo: [/proc/meminfo - SSI]	CommittedPercent: 3.20105 %
20220312 013837.130 INFO             PET1 PIOc_freedecomp Exit - MemInfo: [/proc/self/status]	VmPeak:	 3853900 kB
20220312 013837.130 INFO             PET1 PIOc_freedecomp Exit - MemInfo: [/proc/self/status]	VmSize:	 3846996 kB
20220312 013837.130 INFO             PET1 PIOc_freedecomp Exit - MemInfo: [/proc/self/status]	VmLck:	       0 kB
20220312 013837.130 INFO             PET1 PIOc_freedecomp Exit - MemInfo: [/proc/self/status]	VmPin:	   71900 kB
20220312 013837.130 INFO             PET1 PIOc_freedecomp Exit - MemInfo: [/proc/self/status]	VmHWM:	  170244 kB
20220312 013837.130 INFO             PET1 PIOc_freedecomp Exit - MemInfo: [/proc/self/status]	VmRSS:	  170244 kB
20220312 013837.130 INFO             PET1 PIOc_freedecomp Exit - MemInfo: [/proc/self/status]	VmData:	  263680 kB
20220312 013837.130 INFO             PET1 PIOc_freedecomp Exit - MemInfo: [/proc/self/status]	VmStk:	     512 kB
20220312 013837.130 INFO             PET1 PIOc_freedecomp Exit - MemInfo: [/proc/self/status]	VmExe:	    1768 kB
20220312 013837.130 INFO             PET1 PIOc_freedecomp Exit - MemInfo: [/proc/self/status]	VmLib:	  156408 kB
20220312 013837.130 INFO             PET1 PIOc_freedecomp Exit - MemInfo: [/proc/self/status]	VmPTE:	     820 kB
20220312 013837.130 INFO             PET1 PIOc_freedecomp Exit - MemInfo: [/proc/self/status]	VmPMD:	      28 kB
20220312 013837.131 INFO             PET1 PIOc_freedecomp Exit - MemInfo: [/proc/self/status]	VmSwap:	       0 kB
20220312 013837.131 INFO             PET1 PIOc_freedecomp Exit - MemInfo: [/proc/self/status]	VmRSSPercent: 0.129567 %
20220312 013837.131 INFO             PET1 PIOc_freedecomp Exit - MemInfo: [malloc] Non-mmapped space allocated:                10289152 Byte
20220312 013837.131 INFO             PET1 PIOc_freedecomp Exit - MemInfo: [malloc] Space allocated in mmapped regions:         73412608 Byte
20220312 013837.131 INFO             PET1 PIOc_freedecomp Exit - MemInfo: [malloc] Maximum total allocated space:                     0 Byte
20220312 013837.131 INFO             PET1 PIOc_freedecomp Exit - MemInfo: [malloc] Space in freed fastbin blocks:                   592 Byte
20220312 013837.131 INFO             PET1 PIOc_freedecomp Exit - MemInfo: [malloc] Total allocated space:                       5938656 Byte
20220312 013837.131 INFO             PET1 PIOc_freedecomp Exit - MemInfo: [malloc] Total free space:                            4350496 Byte
20220312 013837.131 INFO             PET1 PIOc_freedecomp Exit - MemInfo: [malloc] Top-most, releasable space:                  2228352 Byte
20220312 013837.131 INFO             PET1 PIOc_freedecomp Exit - MemInfo: [malloc] Total space in use, mmap + non-mmap:        79351264 Byte
20220312 013837.131 INFO             PET1 PIOc_freedecomp Exit - MemInfo: [malloc] Total space held (mmap + non-mmap):         83701760 Byte
20220312 013837.131 INFO             PET1 PIOc_freedecomp Exit - MemInfo: [malloc] Total space used (mmap + non-mmap):         79360624 Byte
20220312 013837.131 INFO             PET1 PIOc_freedecomp Exit - MemInfo: Wall-clock time since execution start:               0.648361 seconds
20220312 013837.135 INFO             PET1  PASS  ESMF_FieldRegridStoreFromFile Unit Test, ESMF_FieldSMMFromFileUTest.F90, line 315
20220312 013837.135 INFO             PET1  Ending Test, file ESMF_FieldSMMFromFileUTest.F90, line 322
20220312 013837.135 INFO             PET1 Finalizing ESMF
20220312 013836.495 INFO             PET2 !!!!!!!!!!!!!!!!!!!!!!!!!!!!!!!!!!!!!!!!!!!!!!!!!!!!!!
20220312 013836.495 INFO             PET2 !!! THE ESMF_LOG IS SET TO OUTPUT ALL LOG MESSAGES !!!
20220312 013836.495 INFO             PET2 !!!     THIS MAY CAUSE SLOWDOWN IN PERFORMANCE     !!!
20220312 013836.495 INFO             PET2 !!! FOR PRODUCTION RUNS, USE:                      !!!
20220312 013836.495 INFO             PET2 !!!                   ESMF_LOGKIND_Multi_On_Error  !!!
20220312 013836.495 INFO             PET2 !!!!!!!!!!!!!!!!!!!!!!!!!!!!!!!!!!!!!!!!!!!!!!!!!!!!!!
20220312 013836.495 INFO             PET2 Running with ESMF Version   : v8.3.0b09-96-g559b459836
20220312 013836.495 INFO             PET2 ESMF library build date/time: "Mar 12 2022" "01:15:37"
20220312 013836.495 INFO             PET2 ESMF library build location : /gpfsm/dnb04/projects/p98/mpotts/esmf/intel_2020_intelmpi_g_jedwards_pio_update2
20220312 013836.495 INFO             PET2 ESMF_COMM                   : intelmpi
20220312 013836.496 INFO             PET2 ESMF_MOAB                   : enabled
20220312 013836.496 INFO             PET2 ESMF_LAPACK                 : enabled
20220312 013836.496 INFO             PET2 ESMF_NETCDF                 : enabled
20220312 013836.496 INFO             PET2 ESMF_PNETCDF                : disabled
20220312 013836.496 INFO             PET2 ESMF_PIO                    : enabled
20220312 013836.496 INFO             PET2 ESMF_YAMLCPP                : enabled
20220312 013836.496 INFO             PET2  Beginning Test, file ESMF_FieldSMMFromFileUTest.F90, line 287
20220312 013836.496 INFO             PET2  NUMBER_OF_PROCESSORS           4
20220312 013837.106 INFO             PET2  PASS  ESMF_FieldSMMFromFile Unit Test, ESMF_FieldSMMFromFileUTest.F90, line 300
20220312 013837.122 INFO             PET2 PIOc_sync Enter - MemInfo: [/proc/meminfo - SSI]	MemTotal:       131394452 kB
20220312 013837.122 INFO             PET2 PIOc_sync Enter - MemInfo: [/proc/meminfo - SSI]	MemFree:        122252332 kB
20220312 013837.122 INFO             PET2 PIOc_sync Enter - MemInfo: [/proc/meminfo - SSI]	MemAvailable:   121916396 kB
20220312 013837.122 INFO             PET2 PIOc_sync Enter - MemInfo: [/proc/meminfo - SSI]	Committed_AS:    4206008 kB
20220312 013837.122 INFO             PET2 PIOc_sync Enter - MemInfo: [/proc/meminfo - SSI]	CommittedPercent: 3.20105 %
20220312 013837.122 INFO             PET2 PIOc_sync Enter - MemInfo: [/proc/self/status]	VmPeak:	 3874668 kB
20220312 013837.122 INFO             PET2 PIOc_sync Enter - MemInfo: [/proc/self/status]	VmSize:	 3836712 kB
20220312 013837.122 INFO             PET2 PIOc_sync Enter - MemInfo: [/proc/self/status]	VmLck:	       0 kB
20220312 013837.122 INFO             PET2 PIOc_sync Enter - MemInfo: [/proc/self/status]	VmPin:	   82140 kB
20220312 013837.122 INFO             PET2 PIOc_sync Enter - MemInfo: [/proc/self/status]	VmHWM:	  181824 kB
20220312 013837.122 INFO             PET2 PIOc_sync Enter - MemInfo: [/proc/self/status]	VmRSS:	  181824 kB
20220312 013837.122 INFO             PET2 PIOc_sync Enter - MemInfo: [/proc/self/status]	VmData:	  253396 kB
20220312 013837.122 INFO             PET2 PIOc_sync Enter - MemInfo: [/proc/self/status]	VmStk:	     512 kB
20220312 013837.122 INFO             PET2 PIOc_sync Enter - MemInfo: [/proc/self/status]	VmExe:	    1768 kB
20220312 013837.122 INFO             PET2 PIOc_sync Enter - MemInfo: [/proc/self/status]	VmLib:	  156408 kB
20220312 013837.122 INFO             PET2 PIOc_sync Enter - MemInfo: [/proc/self/status]	VmPTE:	     860 kB
20220312 013837.122 INFO             PET2 PIOc_sync Enter - MemInfo: [/proc/self/status]	VmPMD:	      32 kB
20220312 013837.122 INFO             PET2 PIOc_sync Enter - MemInfo: [/proc/self/status]	VmSwap:	       0 kB
20220312 013837.122 INFO             PET2 PIOc_sync Enter - MemInfo: [/proc/self/status]	VmRSSPercent: 0.13838 %
20220312 013837.122 INFO             PET2 PIOc_sync Enter - MemInfo: [malloc] Non-mmapped space allocated:                33312768 Byte
20220312 013837.122 INFO             PET2 PIOc_sync Enter - MemInfo: [malloc] Space allocated in mmapped regions:         62926848 Byte
20220312 013837.122 INFO             PET2 PIOc_sync Enter - MemInfo: [malloc] Maximum total allocated space:                     0 Byte
20220312 013837.122 INFO             PET2 PIOc_sync Enter - MemInfo: [malloc] Space in freed fastbin blocks:                  2464 Byte
20220312 013837.122 INFO             PET2 PIOc_sync Enter - MemInfo: [malloc] Total allocated space:                      26915920 Byte
20220312 013837.122 INFO             PET2 PIOc_sync Enter - MemInfo: [malloc] Total free space:                            6396848 Byte
20220312 013837.122 INFO             PET2 PIOc_sync Enter - MemInfo: [malloc] Top-most, releasable space:                  2231600 Byte
20220312 013837.122 INFO             PET2 PIOc_sync Enter - MemInfo: [malloc] Total space in use, mmap + non-mmap:        89842768 Byte
20220312 013837.122 INFO             PET2 PIOc_sync Enter - MemInfo: [malloc] Total space held (mmap + non-mmap):         96239616 Byte
20220312 013837.122 INFO             PET2 PIOc_sync Enter - MemInfo: [malloc] Total space used (mmap + non-mmap):         89852128 Byte
20220312 013837.122 INFO             PET2 PIOc_sync Enter - MemInfo: Wall-clock time since execution start:               0.635471 seconds
20220312 013837.123 INFO             PET2 PIOc_sync Exit - MemInfo: [/proc/meminfo - SSI]	MemTotal:       131394452 kB
20220312 013837.123 INFO             PET2 PIOc_sync Exit - MemInfo: [/proc/meminfo - SSI]	MemFree:        122252332 kB
20220312 013837.123 INFO             PET2 PIOc_sync Exit - MemInfo: [/proc/meminfo - SSI]	MemAvailable:   121916396 kB
20220312 013837.123 INFO             PET2 PIOc_sync Exit - MemInfo: [/proc/meminfo - SSI]	Committed_AS:    4206008 kB
20220312 013837.123 INFO             PET2 PIOc_sync Exit - MemInfo: [/proc/meminfo - SSI]	CommittedPercent: 3.20105 %
20220312 013837.123 INFO             PET2 PIOc_sync Exit - MemInfo: [/proc/self/status]	VmPeak:	 3874668 kB
20220312 013837.123 INFO             PET2 PIOc_sync Exit - MemInfo: [/proc/self/status]	VmSize:	 3836712 kB
20220312 013837.123 INFO             PET2 PIOc_sync Exit - MemInfo: [/proc/self/status]	VmLck:	       0 kB
20220312 013837.123 INFO             PET2 PIOc_sync Exit - MemInfo: [/proc/self/status]	VmPin:	   82140 kB
20220312 013837.123 INFO             PET2 PIOc_sync Exit - MemInfo: [/proc/self/status]	VmHWM:	  181880 kB
20220312 013837.123 INFO             PET2 PIOc_sync Exit - MemInfo: [/proc/self/status]	VmRSS:	  181880 kB
20220312 013837.123 INFO             PET2 PIOc_sync Exit - MemInfo: [/proc/self/status]	VmData:	  253396 kB
20220312 013837.123 INFO             PET2 PIOc_sync Exit - MemInfo: [/proc/self/status]	VmStk:	     512 kB
20220312 013837.123 INFO             PET2 PIOc_sync Exit - MemInfo: [/proc/self/status]	VmExe:	    1768 kB
20220312 013837.123 INFO             PET2 PIOc_sync Exit - MemInfo: [/proc/self/status]	VmLib:	  156408 kB
