build time -- 2022-03-14 01:19:40.925249
20220314 013947.562 INFO             PET0 !!!!!!!!!!!!!!!!!!!!!!!!!!!!!!!!!!!!!!!!!!!!!!!!!!!!!!
20220314 013947.562 INFO             PET0 !!! THE ESMF_LOG IS SET TO OUTPUT ALL LOG MESSAGES !!!
20220314 013947.562 INFO             PET0 !!!     THIS MAY CAUSE SLOWDOWN IN PERFORMANCE     !!!
20220314 013947.562 INFO             PET0 !!! FOR PRODUCTION RUNS, USE:                      !!!
20220314 013947.562 INFO             PET0 !!!                   ESMF_LOGKIND_Multi_On_Error  !!!
20220314 013947.562 INFO             PET0 !!!!!!!!!!!!!!!!!!!!!!!!!!!!!!!!!!!!!!!!!!!!!!!!!!!!!!
20220314 013947.562 INFO             PET0 Running with ESMF Version   : v8.3.0b09-96-g559b459836
20220314 013947.562 INFO             PET0 ESMF library build date/time: "Mar 14 2022" "01:16:57"
20220314 013947.562 INFO             PET0 ESMF library build location : /gpfsm/dnb04/projects/p98/mpotts/esmf/intel_2020_intelmpi_g_jedwards_pio_update2
20220314 013947.562 INFO             PET0 ESMF_COMM                   : intelmpi
20220314 013947.563 INFO             PET0 ESMF_MOAB                   : enabled
20220314 013947.563 INFO             PET0 ESMF_LAPACK                 : enabled
20220314 013947.563 INFO             PET0 ESMF_NETCDF                 : enabled
20220314 013947.563 INFO             PET0 ESMF_PNETCDF                : disabled
20220314 013947.563 INFO             PET0 ESMF_PIO                    : enabled
20220314 013947.563 INFO             PET0 ESMF_YAMLCPP                : enabled
20220314 013947.564 INFO             PET0  Beginning Test, file ESMF_FieldBundleIOUTest.F90, line 71
20220314 013947.564 INFO             PET0  NUMBER_OF_PROCESSORS           4
20220314 013947.565 INFO             PET0  PASS  Creating a Grid to use in Field Tests, ESMF_FieldBundleIOUTest.F90, line 92
20220314 013947.566 INFO             PET0  PASS  Create dimensions attribute package on shared Grid Test, ESMF_FieldBundleIOUTest.F90, line 102
20220314 013947.567 INFO             PET0  PASS  Set dimensions attribute package on Grid Test, ESMF_FieldBundleIOUTest.F90, line 113
20220314 013947.567 INFO             PET0  PASS  Creating a 2 DE/PET Grid to use in Field Tests, ESMF_FieldBundleIOUTest.F90, line 123
20220314 013947.568 INFO             PET0  PASS  Create dimensions attribute package on 2 DE/PET Grid Test, ESMF_FieldBundleIOUTest.F90, line 133
20220314 013947.568 INFO             PET0  PASS  Set dimensions attribute package on Grid Test, ESMF_FieldBundleIOUTest.F90, line 144
20220314 013947.569 INFO             PET0  PASS  Create a field from grid and fortran dummy array, ESMF_FieldBundleIOUTest.F90, line 182
20220314 013947.570 INFO             PET0  PASS  Create attribute package on Field(1) Test, ESMF_FieldBundleIOUTest.F90, line 195
20220314 013947.570 INFO             PET0  PASS  Set attribute values on Field(1) Test, ESMF_FieldBundleIOUTest.F90, line 208
20220314 013947.571 INFO             PET0  PASS  Create a field from grid and fortran dummy array, ESMF_FieldBundleIOUTest.F90, line 218
20220314 013947.571 INFO             PET0  PASS  Create attribute package on Field(2) Test, ESMF_FieldBundleIOUTest.F90, line 230
20220314 013947.571 INFO             PET0  PASS  Set attribute values on Field(2) Test, ESMF_FieldBundleIOUTest.F90, line 243
20220314 013947.571 INFO             PET0  PASS  Array Spec Set, ESMF_FieldBundleIOUTest.F90, line 253
20220314 013947.572 INFO             PET0  PASS  Create a field from 2 DE/PET grid, ESMF_FieldBundleIOUTest.F90, line 263
20220314 013947.572 INFO             PET0  PASS  Create attribute package on Field(3) Test, ESMF_FieldBundleIOUTest.F90, line 275
20220314 013947.572 INFO             PET0  PASS  Set attribute values on Field(3) Test, ESMF_FieldBundleIOUTest.F90, line 288
20220314 013947.572 INFO             PET0  PASS  Get and fill Farray_w from field DE 0, ESMF_FieldBundleIOUTest.F90, line 298
20220314 013947.572 INFO             PET0  PASS  Get and fill Farray_w from field DE 1, ESMF_FieldBundleIOUTest.F90, line 308
20220314 013947.573 INFO             PET0  PASS  Create a bundle from 3 fields, ESMF_FieldBundleIOUTest.F90, line 317
20220314 013947.573 INFO             PET0  PASS  Create attribute package on FieldBundle single Test, ESMF_FieldBundleIOUTest.F90, line 329
20220314 013947.573 INFO             PET0  PASS  Set attribute values on FieldBundle single Test, ESMF_FieldBundleIOUTest.F90, line 342
20220314 013947.586 INFO             PET0 PIOc_sync Enter - MemInfo: [/proc/meminfo - SSI]	MemTotal:       131394444 kB
20220314 013947.586 INFO             PET0 PIOc_sync Enter - MemInfo: [/proc/meminfo - SSI]	MemFree:        122200832 kB
20220314 013947.586 INFO             PET0 PIOc_sync Enter - MemInfo: [/proc/meminfo - SSI]	MemAvailable:   121884728 kB
20220314 013947.586 INFO             PET0 PIOc_sync Enter - MemInfo: [/proc/meminfo - SSI]	Committed_AS:    4285132 kB
20220314 013947.586 INFO             PET0 PIOc_sync Enter - MemInfo: [/proc/meminfo - SSI]	CommittedPercent: 3.26127 %
20220314 013947.586 INFO             PET0 PIOc_sync Enter - MemInfo: [/proc/self/status]	VmPeak:	 3855652 kB
20220314 013947.586 INFO             PET0 PIOc_sync Enter - MemInfo: [/proc/self/status]	VmSize:	 3855652 kB
20220314 013947.586 INFO             PET0 PIOc_sync Enter - MemInfo: [/proc/self/status]	VmLck:	       0 kB
20220314 013947.586 INFO             PET0 PIOc_sync Enter - MemInfo: [/proc/self/status]	VmPin:	   82140 kB
20220314 013947.586 INFO             PET0 PIOc_sync Enter - MemInfo: [/proc/self/status]	VmHWM:	  175320 kB
20220314 013947.586 INFO             PET0 PIOc_sync Enter - MemInfo: [/proc/self/status]	VmRSS:	  175320 kB
20220314 013947.586 INFO             PET0 PIOc_sync Enter - MemInfo: [/proc/self/status]	VmData:	  272272 kB
20220314 013947.586 INFO             PET0 PIOc_sync Enter - MemInfo: [/proc/self/status]	VmStk:	     512 kB
20220314 013947.586 INFO             PET0 PIOc_sync Enter - MemInfo: [/proc/self/status]	VmExe:	    1828 kB
20220314 013947.586 INFO             PET0 PIOc_sync Enter - MemInfo: [/proc/self/status]	VmLib:	  156408 kB
20220314 013947.586 INFO             PET0 PIOc_sync Enter - MemInfo: [/proc/self/status]	VmPTE:	     840 kB
20220314 013947.586 INFO             PET0 PIOc_sync Enter - MemInfo: [/proc/self/status]	VmPMD:	      32 kB
20220314 013947.586 INFO             PET0 PIOc_sync Enter - MemInfo: [/proc/self/status]	VmSwap:	       0 kB
20220314 013947.586 INFO             PET0 PIOc_sync Enter - MemInfo: [/proc/self/status]	VmRSSPercent: 0.13343 %
20220314 013947.586 INFO             PET0 PIOc_sync Enter - MemInfo: [malloc] Non-mmapped space allocated:                 3870720 Byte
20220314 013947.586 INFO             PET0 PIOc_sync Enter - MemInfo: [malloc] Space allocated in mmapped regions:         88629248 Byte
20220314 013947.586 INFO             PET0 PIOc_sync Enter - MemInfo: [malloc] Maximum total allocated space:                     0 Byte
20220314 013947.586 INFO             PET0 PIOc_sync Enter - MemInfo: [malloc] Space in freed fastbin blocks:                  2256 Byte
20220314 013947.586 INFO             PET0 PIOc_sync Enter - MemInfo: [malloc] Total allocated space:                       3270480 Byte
20220314 013947.586 INFO             PET0 PIOc_sync Enter - MemInfo: [malloc] Total free space:                             600240 Byte
20220314 013947.586 INFO             PET0 PIOc_sync Enter - MemInfo: [malloc] Top-most, releasable space:                   452512 Byte
20220314 013947.586 INFO             PET0 PIOc_sync Enter - MemInfo: [malloc] Total space in use, mmap + non-mmap:        91899728 Byte
20220314 013947.586 INFO             PET0 PIOc_sync Enter - MemInfo: [malloc] Total space held (mmap + non-mmap):         92499968 Byte
20220314 013947.586 INFO             PET0 PIOc_sync Enter - MemInfo: [malloc] Total space used (mmap + non-mmap):         91909088 Byte
20220314 013947.586 INFO             PET0 PIOc_sync Enter - MemInfo: Wall-clock time since execution start:               0.033941 seconds
20220314 013947.587 INFO             PET0 PIOc_sync Exit - MemInfo: [/proc/meminfo - SSI]	MemTotal:       131394444 kB
20220314 013947.587 INFO             PET0 PIOc_sync Exit - MemInfo: [/proc/meminfo - SSI]	MemFree:        122200832 kB
20220314 013947.587 INFO             PET0 PIOc_sync Exit - MemInfo: [/proc/meminfo - SSI]	MemAvailable:   121884728 kB
20220314 013947.587 INFO             PET0 PIOc_sync Exit - MemInfo: [/proc/meminfo - SSI]	Committed_AS:    4285132 kB
20220314 013947.587 INFO             PET0 PIOc_sync Exit - MemInfo: [/proc/meminfo - SSI]	CommittedPercent: 3.26127 %
20220314 013947.587 INFO             PET0 PIOc_sync Exit - MemInfo: [/proc/self/status]	VmPeak:	 3855652 kB
20220314 013947.587 INFO             PET0 PIOc_sync Exit - MemInfo: [/proc/self/status]	VmSize:	 3855652 kB
20220314 013947.587 INFO             PET0 PIOc_sync Exit - MemInfo: [/proc/self/status]	VmLck:	       0 kB
20220314 013947.587 INFO             PET0 PIOc_sync Exit - MemInfo: [/proc/self/status]	VmPin:	   82140 kB
20220314 013947.587 INFO             PET0 PIOc_sync Exit - MemInfo: [/proc/self/status]	VmHWM:	  175536 kB
20220314 013947.587 INFO             PET0 PIOc_sync Exit - MemInfo: [/proc/self/status]	VmRSS:	  175536 kB
20220314 013947.587 INFO             PET0 PIOc_sync Exit - MemInfo: [/proc/self/status]	VmData:	  272272 kB
20220314 013947.587 INFO             PET0 PIOc_sync Exit - MemInfo: [/proc/self/status]	VmStk:	     512 kB
20220314 013947.587 INFO             PET0 PIOc_sync Exit - MemInfo: [/proc/self/status]	VmExe:	    1828 kB
20220314 013947.587 INFO             PET0 PIOc_sync Exit - MemInfo: [/proc/self/status]	VmLib:	  156408 kB
20220314 013947.587 INFO             PET0 PIOc_sync Exit - MemInfo: [/proc/self/status]	VmPTE:	     840 kB
20220314 013947.587 INFO             PET0 PIOc_sync Exit - MemInfo: [/proc/self/status]	VmPMD:	      32 kB
20220314 013947.587 INFO             PET0 PIOc_sync Exit - MemInfo: [/proc/self/status]	VmSwap:	       0 kB
20220314 013947.587 INFO             PET0 PIOc_sync Exit - MemInfo: [/proc/self/status]	VmRSSPercent: 0.133595 %
20220314 013947.587 INFO             PET0 PIOc_sync Exit - MemInfo: [malloc] Non-mmapped space allocated:                 3870720 Byte
20220314 013947.587 INFO             PET0 PIOc_sync Exit - MemInfo: [malloc] Space allocated in mmapped regions:         88629248 Byte
20220314 013947.587 INFO             PET0 PIOc_sync Exit - MemInfo: [malloc] Maximum total allocated space:                     0 Byte
20220314 013947.587 INFO             PET0 PIOc_sync Exit - MemInfo: [malloc] Space in freed fastbin blocks:                   640 Byte
20220314 013947.587 INFO             PET0 PIOc_sync Exit - MemInfo: [malloc] Total allocated space:                       3268256 Byte
20220314 013947.587 INFO             PET0 PIOc_sync Exit - MemInfo: [malloc] Total free space:                             602464 Byte
20220314 013947.587 INFO             PET0 PIOc_sync Exit - MemInfo: [malloc] Top-most, releasable space:                   452512 Byte
20220314 013947.587 INFO             PET0 PIOc_sync Exit - MemInfo: [malloc] Total space in use, mmap + non-mmap:        91897504 Byte
20220314 013947.587 INFO             PET0 PIOc_sync Exit - MemInfo: [malloc] Total space held (mmap + non-mmap):         92499968 Byte
20220314 013947.587 INFO             PET0 PIOc_sync Exit - MemInfo: [malloc] Total space used (mmap + non-mmap):         91906864 Byte
20220314 013947.587 INFO             PET0 PIOc_sync Exit - MemInfo: Wall-clock time since execution start:              0.0349986 seconds
20220314 013947.588 INFO             PET0 PIOc_freedecomp Enter - MemInfo: [/proc/meminfo - SSI]	MemTotal:       131394444 kB
20220314 013947.588 INFO             PET0 PIOc_freedecomp Enter - MemInfo: [/proc/meminfo - SSI]	MemFree:        122202044 kB
20220314 013947.588 INFO             PET0 PIOc_freedecomp Enter - MemInfo: [/proc/meminfo - SSI]	MemAvailable:   121885940 kB
20220314 013947.588 INFO             PET0 PIOc_freedecomp Enter - MemInfo: [/proc/meminfo - SSI]	Committed_AS:    4285132 kB
20220314 013947.588 INFO             PET0 PIOc_freedecomp Enter - MemInfo: [/proc/meminfo - SSI]	CommittedPercent: 3.26127 %
20220314 013947.588 INFO             PET0 PIOc_freedecomp Enter - MemInfo: [/proc/self/status]	VmPeak:	 3855652 kB
20220314 013947.588 INFO             PET0 PIOc_freedecomp Enter - MemInfo: [/proc/self/status]	VmSize:	 3853084 kB
20220314 013947.588 INFO             PET0 PIOc_freedecomp Enter - MemInfo: [/proc/self/status]	VmLck:	       0 kB
20220314 013947.588 INFO             PET0 PIOc_freedecomp Enter - MemInfo: [/proc/self/status]	VmPin:	   82140 kB
20220314 013947.588 INFO             PET0 PIOc_freedecomp Enter - MemInfo: [/proc/self/status]	VmHWM:	  175536 kB
20220314 013947.588 INFO             PET0 PIOc_freedecomp Enter - MemInfo: [/proc/self/status]	VmRSS:	  173488 kB
20220314 013947.588 INFO             PET0 PIOc_freedecomp Enter - MemInfo: [/proc/self/status]	VmData:	  269704 kB
20220314 013947.588 INFO             PET0 PIOc_freedecomp Enter - MemInfo: [/proc/self/status]	VmStk:	     512 kB
20220314 013947.588 INFO             PET0 PIOc_freedecomp Enter - MemInfo: [/proc/self/status]	VmExe:	    1828 kB
20220314 013947.588 INFO             PET0 PIOc_freedecomp Enter - MemInfo: [/proc/self/status]	VmLib:	  156408 kB
20220314 013947.588 INFO             PET0 PIOc_freedecomp Enter - MemInfo: [/proc/self/status]	VmPTE:	     836 kB
20220314 013947.588 INFO             PET0 PIOc_freedecomp Enter - MemInfo: [/proc/self/status]	VmPMD:	      32 kB
20220314 013947.588 INFO             PET0 PIOc_freedecomp Enter - MemInfo: [/proc/self/status]	VmSwap:	       0 kB
20220314 013947.589 INFO             PET0 PIOc_freedecomp Enter - MemInfo: [/proc/self/status]	VmRSSPercent: 0.132036 %
20220314 013947.589 INFO             PET0 PIOc_freedecomp Enter - MemInfo: [malloc] Non-mmapped space allocated:                 3870720 Byte
20220314 013947.589 INFO             PET0 PIOc_freedecomp Enter - MemInfo: [malloc] Space allocated in mmapped regions:         85999616 Byte
20220314 013947.589 INFO             PET0 PIOc_freedecomp Enter - MemInfo: [malloc] Maximum total allocated space:                     0 Byte
20220314 013947.589 INFO             PET0 PIOc_freedecomp Enter - MemInfo: [malloc] Space in freed fastbin blocks:                  3184 Byte
20220314 013947.589 INFO             PET0 PIOc_freedecomp Enter - MemInfo: [malloc] Total allocated space:                       3252832 Byte
20220314 013947.589 INFO             PET0 PIOc_freedecomp Enter - MemInfo: [malloc] Total free space:                             617888 Byte
20220314 013947.589 INFO             PET0 PIOc_freedecomp Enter - MemInfo: [malloc] Top-most, releasable space:                   452512 Byte
20220314 013947.589 INFO             PET0 PIOc_freedecomp Enter - MemInfo: [malloc] Total space in use, mmap + non-mmap:        89252448 Byte
20220314 013947.589 INFO             PET0 PIOc_freedecomp Enter - MemInfo: [malloc] Total space held (mmap + non-mmap):         89870336 Byte
20220314 013947.589 INFO             PET0 PIOc_freedecomp Enter - MemInfo: [malloc] Total space used (mmap + non-mmap):         89261808 Byte
20220314 013947.589 INFO             PET0 PIOc_freedecomp Enter - MemInfo: Wall-clock time since execution start:              0.0362843 seconds
20220314 013947.589 INFO             PET0 PIOc_freedecomp Exit - MemInfo: [/proc/meminfo - SSI]	MemTotal:       131394444 kB
20220314 013947.589 INFO             PET0 PIOc_freedecomp Exit - MemInfo: [/proc/meminfo - SSI]	MemFree:        122202044 kB
20220314 013947.589 INFO             PET0 PIOc_freedecomp Exit - MemInfo: [/proc/meminfo - SSI]	MemAvailable:   121885940 kB
20220314 013947.589 INFO             PET0 PIOc_freedecomp Exit - MemInfo: [/proc/meminfo - SSI]	Committed_AS:    4285132 kB
20220314 013947.589 INFO             PET0 PIOc_freedecomp Exit - MemInfo: [/proc/meminfo - SSI]	CommittedPercent: 3.26127 %
20220314 013947.589 INFO             PET0 PIOc_freedecomp Exit - MemInfo: [/proc/self/status]	VmPeak:	 3855652 kB
20220314 013947.589 INFO             PET0 PIOc_freedecomp Exit - MemInfo: [/proc/self/status]	VmSize:	 3853084 kB
20220314 013947.589 INFO             PET0 PIOc_freedecomp Exit - MemInfo: [/proc/self/status]	VmLck:	       0 kB
20220314 013947.589 INFO             PET0 PIOc_freedecomp Exit - MemInfo: [/proc/self/status]	VmPin:	   82140 kB
20220314 013947.589 INFO             PET0 PIOc_freedecomp Exit - MemInfo: [/proc/self/status]	VmHWM:	  175536 kB
20220314 013947.589 INFO             PET0 PIOc_freedecomp Exit - MemInfo: [/proc/self/status]	VmRSS:	  173488 kB
20220314 013947.589 INFO             PET0 PIOc_freedecomp Exit - MemInfo: [/proc/self/status]	VmData:	  269704 kB
20220314 013947.589 INFO             PET0 PIOc_freedecomp Exit - MemInfo: [/proc/self/status]	VmStk:	     512 kB
20220314 013947.589 INFO             PET0 PIOc_freedecomp Exit - MemInfo: [/proc/self/status]	VmExe:	    1828 kB
20220314 013947.589 INFO             PET0 PIOc_freedecomp Exit - MemInfo: [/proc/self/status]	VmLib:	  156408 kB
20220314 013947.589 INFO             PET0 PIOc_freedecomp Exit - MemInfo: [/proc/self/status]	VmPTE:	     836 kB
20220314 013947.589 INFO             PET0 PIOc_freedecomp Exit - MemInfo: [/proc/self/status]	VmPMD:	      32 kB
20220314 013947.589 INFO             PET0 PIOc_freedecomp Exit - MemInfo: [/proc/self/status]	VmSwap:	       0 kB
20220314 013947.589 INFO             PET0 PIOc_freedecomp Exit - MemInfo: [/proc/self/status]	VmRSSPercent: 0.132036 %
20220314 013947.589 INFO             PET0 PIOc_freedecomp Exit - MemInfo: [malloc] Non-mmapped space allocated:                 3870720 Byte
20220314 013947.589 INFO             PET0 PIOc_freedecomp Exit - MemInfo: [malloc] Space allocated in mmapped regions:         85999616 Byte
20220314 013947.589 INFO             PET0 PIOc_freedecomp Exit - MemInfo: [malloc] Maximum total allocated space:                     0 Byte
20220314 013947.589 INFO             PET0 PIOc_freedecomp Exit - MemInfo: [malloc] Space in freed fastbin blocks:                   672 Byte
20220314 013947.589 INFO             PET0 PIOc_freedecomp Exit - MemInfo: [malloc] Total allocated space:                       3249776 Byte
20220314 013947.589 INFO             PET0 PIOc_freedecomp Exit - MemInfo: [malloc] Total free space:                             620944 Byte
20220314 013947.589 INFO             PET0 PIOc_freedecomp Exit - MemInfo: [malloc] Top-most, releasable space:                   452512 Byte
20220314 013947.589 INFO             PET0 PIOc_freedecomp Exit - MemInfo: [malloc] Total space in use, mmap + non-mmap:        89249392 Byte
20220314 013947.589 INFO             PET0 PIOc_freedecomp Exit - MemInfo: [malloc] Total space held (mmap + non-mmap):         89870336 Byte
20220314 013947.589 INFO             PET0 PIOc_freedecomp Exit - MemInfo: [malloc] Total space used (mmap + non-mmap):         89258752 Byte
20220314 013947.589 INFO             PET0 PIOc_freedecomp Exit - MemInfo: Wall-clock time since execution start:               0.036884 seconds
20220314 013947.589 INFO             PET0 PIOc_freedecomp Enter - MemInfo: [/proc/meminfo - SSI]	MemTotal:       131394444 kB
20220314 013947.589 INFO             PET0 PIOc_freedecomp Enter - MemInfo: [/proc/meminfo - SSI]	MemFree:        122202044 kB
20220314 013947.589 INFO             PET0 PIOc_freedecomp Enter - MemInfo: [/proc/meminfo - SSI]	MemAvailable:   121885940 kB
20220314 013947.589 INFO             PET0 PIOc_freedecomp Enter - MemInfo: [/proc/meminfo - SSI]	Committed_AS:    4285132 kB
20220314 013947.589 INFO             PET0 PIOc_freedecomp Enter - MemInfo: [/proc/meminfo - SSI]	CommittedPercent: 3.26127 %
20220314 013947.590 INFO             PET0 PIOc_freedecomp Enter - MemInfo: [/proc/self/status]	VmPeak:	 3855652 kB
20220314 013947.590 INFO             PET0 PIOc_freedecomp Enter - MemInfo: [/proc/self/status]	VmSize:	 3853084 kB
20220314 013947.590 INFO             PET0 PIOc_freedecomp Enter - MemInfo: [/proc/self/status]	VmLck:	       0 kB
20220314 013947.590 INFO             PET0 PIOc_freedecomp Enter - MemInfo: [/proc/self/status]	VmPin:	   82140 kB
20220314 013947.590 INFO             PET0 PIOc_freedecomp Enter - MemInfo: [/proc/self/status]	VmHWM:	  175536 kB
20220314 013947.590 INFO             PET0 PIOc_freedecomp Enter - MemInfo: [/proc/self/status]	VmRSS:	  173488 kB
20220314 013947.590 INFO             PET0 PIOc_freedecomp Enter - MemInfo: [/proc/self/status]	VmData:	  269704 kB
20220314 013947.590 INFO             PET0 PIOc_freedecomp Enter - MemInfo: [/proc/self/status]	VmStk:	     512 kB
20220314 013947.590 INFO             PET0 PIOc_freedecomp Enter - MemInfo: [/proc/self/status]	VmExe:	    1828 kB
20220314 013947.590 INFO             PET0 PIOc_freedecomp Enter - MemInfo: [/proc/self/status]	VmLib:	  156408 kB
20220314 013947.590 INFO             PET0 PIOc_freedecomp Enter - MemInfo: [/proc/self/status]	VmPTE:	     836 kB
20220314 013947.590 INFO             PET0 PIOc_freedecomp Enter - MemInfo: [/proc/self/status]	VmPMD:	      32 kB
20220314 013947.590 INFO             PET0 PIOc_freedecomp Enter - MemInfo: [/proc/self/status]	VmSwap:	       0 kB
20220314 013947.590 INFO             PET0 PIOc_freedecomp Enter - MemInfo: [/proc/self/status]	VmRSSPercent: 0.132036 %
20220314 013947.590 INFO             PET0 PIOc_freedecomp Enter - MemInfo: [malloc] Non-mmapped space allocated:                 3870720 Byte
20220314 013947.590 INFO             PET0 PIOc_freedecomp Enter - MemInfo: [malloc] Space allocated in mmapped regions:         85999616 Byte
20220314 013947.590 INFO             PET0 PIOc_freedecomp Enter - MemInfo: [malloc] Maximum total allocated space:                     0 Byte
20220314 013947.590 INFO             PET0 PIOc_freedecomp Enter - MemInfo: [malloc] Space in freed fastbin blocks:                   496 Byte
20220314 013947.590 INFO             PET0 PIOc_freedecomp Enter - MemInfo: [malloc] Total allocated space:                       3249648 Byte
20220314 013947.590 INFO             PET0 PIOc_freedecomp Enter - MemInfo: [malloc] Total free space:                             621072 Byte
20220314 013947.590 INFO             PET0 PIOc_freedecomp Enter - MemInfo: [malloc] Top-most, releasable space:                   452512 Byte
20220314 013947.590 INFO             PET0 PIOc_freedecomp Enter - MemInfo: [malloc] Total space in use, mmap + non-mmap:        89249264 Byte
20220314 013947.590 INFO             PET0 PIOc_freedecomp Enter - MemInfo: [malloc] Total space held (mmap + non-mmap):         89870336 Byte
20220314 013947.590 INFO             PET0 PIOc_freedecomp Enter - MemInfo: [malloc] Total space used (mmap + non-mmap):         89258624 Byte
20220314 013947.590 INFO             PET0 PIOc_freedecomp Enter - MemInfo: Wall-clock time since execution start:              0.0374855 seconds
20220314 013947.590 INFO             PET0 PIOc_freedecomp Exit - MemInfo: [/proc/meminfo - SSI]	MemTotal:       131394444 kB
20220314 013947.590 INFO             PET0 PIOc_freedecomp Exit - MemInfo: [/proc/meminfo - SSI]	MemFree:        122202044 kB
20220314 013947.590 INFO             PET0 PIOc_freedecomp Exit - MemInfo: [/proc/meminfo - SSI]	MemAvailable:   121885940 kB
20220314 013947.590 INFO             PET0 PIOc_freedecomp Exit - MemInfo: [/proc/meminfo - SSI]	Committed_AS:    4285132 kB
20220314 013947.590 INFO             PET0 PIOc_freedecomp Exit - MemInfo: [/proc/meminfo - SSI]	CommittedPercent: 3.26127 %
20220314 013947.590 INFO             PET0 PIOc_freedecomp Exit - MemInfo: [/proc/self/status]	VmPeak:	 3855652 kB
20220314 013947.590 INFO             PET0 PIOc_freedecomp Exit - MemInfo: [/proc/self/status]	VmSize:	 3853084 kB
20220314 013947.590 INFO             PET0 PIOc_freedecomp Exit - MemInfo: [/proc/self/status]	VmLck:	       0 kB
20220314 013947.590 INFO             PET0 PIOc_freedecomp Exit - MemInfo: [/proc/self/status]	VmPin:	   82140 kB
20220314 013947.590 INFO             PET0 PIOc_freedecomp Exit - MemInfo: [/proc/self/status]	VmHWM:	  175536 kB
20220314 013947.590 INFO             PET0 PIOc_freedecomp Exit - MemInfo: [/proc/self/status]	VmRSS:	  173488 kB
20220314 013947.590 INFO             PET0 PIOc_freedecomp Exit - MemInfo: [/proc/self/status]	VmData:	  269704 kB
20220314 013947.590 INFO             PET0 PIOc_freedecomp Exit - MemInfo: [/proc/self/status]	VmStk:	     512 kB
20220314 013947.590 INFO             PET0 PIOc_freedecomp Exit - MemInfo: [/proc/self/status]	VmExe:	    1828 kB
20220314 013947.590 INFO             PET0 PIOc_freedecomp Exit - MemInfo: [/proc/self/status]	VmLib:	  156408 kB
20220314 013947.590 INFO             PET0 PIOc_freedecomp Exit - MemInfo: [/proc/self/status]	VmPTE:	     836 kB
20220314 013947.590 INFO             PET0 PIOc_freedecomp Exit - MemInfo: [/proc/self/status]	VmPMD:	      32 kB
20220314 013947.590 INFO             PET0 PIOc_freedecomp Exit - MemInfo: [/proc/self/status]	VmSwap:	       0 kB
20220314 013947.590 INFO             PET0 PIOc_freedecomp Exit - MemInfo: [/proc/self/status]	VmRSSPercent: 0.132036 %
20220314 013947.590 INFO             PET0 PIOc_freedecomp Exit - MemInfo: [malloc] Non-mmapped space allocated:                 3870720 Byte
20220314 013947.590 INFO             PET0 PIOc_freedecomp Exit - MemInfo: [malloc] Space allocated in mmapped regions:         85999616 Byte
20220314 013947.590 INFO             PET0 PIOc_freedecomp Exit - MemInfo: [malloc] Maximum total allocated space:                     0 Byte
20220314 013947.590 INFO             PET0 PIOc_freedecomp Exit - MemInfo: [malloc] Space in freed fastbin blocks:                   672 Byte
20220314 013947.590 INFO             PET0 PIOc_freedecomp Exit - MemInfo: [malloc] Total allocated space:                       3246432 Byte
20220314 013947.590 INFO             PET0 PIOc_freedecomp Exit - MemInfo: [malloc] Total free space:                             624288 Byte
20220314 013947.590 INFO             PET0 PIOc_freedecomp Exit - MemInfo: [malloc] Top-most, releasable space:                   452512 Byte
20220314 013947.591 INFO             PET0 PIOc_freedecomp Exit - MemInfo: [malloc] Total space in use, mmap + non-mmap:        89246048 Byte
20220314 013947.591 INFO             PET0 PIOc_freedecomp Exit - MemInfo: [malloc] Total space held (mmap + non-mmap):         89870336 Byte
20220314 013947.591 INFO             PET0 PIOc_freedecomp Exit - MemInfo: [malloc] Total space used (mmap + non-mmap):         89255408 Byte
20220314 013947.591 INFO             PET0 PIOc_freedecomp Exit - MemInfo: Wall-clock time since execution start:              0.0381337 seconds
20220314 013947.591 INFO             PET0 PIOc_freedecomp Enter - MemInfo: [/proc/meminfo - SSI]	MemTotal:       131394444 kB
20220314 013947.591 INFO             PET0 PIOc_freedecomp Enter - MemInfo: [/proc/meminfo - SSI]	MemFree:        122202044 kB
20220314 013947.591 INFO             PET0 PIOc_freedecomp Enter - MemInfo: [/proc/meminfo - SSI]	MemAvailable:   121885940 kB
20220314 013947.591 INFO             PET0 PIOc_freedecomp Enter - MemInfo: [/proc/meminfo - SSI]	Committed_AS:    4285132 kB
20220314 013947.591 INFO             PET0 PIOc_freedecomp Enter - MemInfo: [/proc/meminfo - SSI]	CommittedPercent: 3.26127 %
20220314 013947.591 INFO             PET0 PIOc_freedecomp Enter - MemInfo: [/proc/self/status]	VmPeak:	 3855652 kB
20220314 013947.591 INFO             PET0 PIOc_freedecomp Enter - MemInfo: [/proc/self/status]	VmSize:	 3853084 kB
20220314 013947.591 INFO             PET0 PIOc_freedecomp Enter - MemInfo: [/proc/self/status]	VmLck:	       0 kB
20220314 013947.591 INFO             PET0 PIOc_freedecomp Enter - MemInfo: [/proc/self/status]	VmPin:	   82140 kB
20220314 013947.591 INFO             PET0 PIOc_freedecomp Enter - MemInfo: [/proc/self/status]	VmHWM:	  175536 kB
20220314 013947.591 INFO             PET0 PIOc_freedecomp Enter - MemInfo: [/proc/self/status]	VmRSS:	  173488 kB
20220314 013947.591 INFO             PET0 PIOc_freedecomp Enter - MemInfo: [/proc/self/status]	VmData:	  269704 kB
20220314 013947.591 INFO             PET0 PIOc_freedecomp Enter - MemInfo: [/proc/self/status]	VmStk:	     512 kB
20220314 013947.591 INFO             PET0 PIOc_freedecomp Enter - MemInfo: [/proc/self/status]	VmExe:	    1828 kB
20220314 013947.591 INFO             PET0 PIOc_freedecomp Enter - MemInfo: [/proc/self/status]	VmLib:	  156408 kB
20220314 013947.591 INFO             PET0 PIOc_freedecomp Enter - MemInfo: [/proc/self/status]	VmPTE:	     836 kB
20220314 013947.591 INFO             PET0 PIOc_freedecomp Enter - MemInfo: [/proc/self/status]	VmPMD:	      32 kB
20220314 013947.591 INFO             PET0 PIOc_freedecomp Enter - MemInfo: [/proc/self/status]	VmSwap:	       0 kB
20220314 013947.591 INFO             PET0 PIOc_freedecomp Enter - MemInfo: [/proc/self/status]	VmRSSPercent: 0.132036 %
20220314 013947.591 INFO             PET0 PIOc_freedecomp Enter - MemInfo: [malloc] Non-mmapped space allocated:                 3870720 Byte
20220314 013947.591 INFO             PET0 PIOc_freedecomp Enter - MemInfo: [malloc] Space allocated in mmapped regions:         85999616 Byte
20220314 013947.591 INFO             PET0 PIOc_freedecomp Enter - MemInfo: [malloc] Maximum total allocated space:                     0 Byte
20220314 013947.591 INFO             PET0 PIOc_freedecomp Enter - MemInfo: [malloc] Space in freed fastbin blocks:                   496 Byte
20220314 013947.591 INFO             PET0 PIOc_freedecomp Enter - MemInfo: [malloc] Total allocated space:                       3246304 Byte
20220314 013947.591 INFO             PET0 PIOc_freedecomp Enter - MemInfo: [malloc] Total free space:                             624416 Byte
20220314 013947.591 INFO             PET0 PIOc_freedecomp Enter - MemInfo: [malloc] Top-most, releasable space:                   452512 Byte
20220314 013947.591 INFO             PET0 PIOc_freedecomp Enter - MemInfo: [malloc] Total space in use, mmap + non-mmap:        89245920 Byte
20220314 013947.591 INFO             PET0 PIOc_freedecomp Enter - MemInfo: [malloc] Total space held (mmap + non-mmap):         89870336 Byte
20220314 013947.591 INFO             PET0 PIOc_freedecomp Enter - MemInfo: [malloc] Total space used (mmap + non-mmap):         89255280 Byte
20220314 013947.591 INFO             PET0 PIOc_freedecomp Enter - MemInfo: Wall-clock time since execution start:              0.0387497 seconds
20220314 013947.591 INFO             PET0 PIOc_freedecomp Exit - MemInfo: [/proc/meminfo - SSI]	MemTotal:       131394444 kB
20220314 013947.591 INFO             PET0 PIOc_freedecomp Exit - MemInfo: [/proc/meminfo - SSI]	MemFree:        122202044 kB
20220314 013947.591 INFO             PET0 PIOc_freedecomp Exit - MemInfo: [/proc/meminfo - SSI]	MemAvailable:   121885940 kB
20220314 013947.591 INFO             PET0 PIOc_freedecomp Exit - MemInfo: [/proc/meminfo - SSI]	Committed_AS:    4285132 kB
20220314 013947.591 INFO             PET0 PIOc_freedecomp Exit - MemInfo: [/proc/meminfo - SSI]	CommittedPercent: 3.26127 %
20220314 013947.591 INFO             PET0 PIOc_freedecomp Exit - MemInfo: [/proc/self/status]	VmPeak:	 3855652 kB
20220314 013947.591 INFO             PET0 PIOc_freedecomp Exit - MemInfo: [/proc/self/status]	VmSize:	 3853084 kB
20220314 013947.591 INFO             PET0 PIOc_freedecomp Exit - MemInfo: [/proc/self/status]	VmLck:	       0 kB
20220314 013947.591 INFO             PET0 PIOc_freedecomp Exit - MemInfo: [/proc/self/status]	VmPin:	   82140 kB
20220314 013947.591 INFO             PET0 PIOc_freedecomp Exit - MemInfo: [/proc/self/status]	VmHWM:	  175536 kB
20220314 013947.591 INFO             PET0 PIOc_freedecomp Exit - MemInfo: [/proc/self/status]	VmRSS:	  173488 kB
20220314 013947.591 INFO             PET0 PIOc_freedecomp Exit - MemInfo: [/proc/self/status]	VmData:	  269704 kB
20220314 013947.591 INFO             PET0 PIOc_freedecomp Exit - MemInfo: [/proc/self/status]	VmStk:	     512 kB
20220314 013947.592 INFO             PET0 PIOc_freedecomp Exit - MemInfo: [/proc/self/status]	VmExe:	    1828 kB
20220314 013947.592 INFO             PET0 PIOc_freedecomp Exit - MemInfo: [/proc/self/status]	VmLib:	  156408 kB
20220314 013947.592 INFO             PET0 PIOc_freedecomp Exit - MemInfo: [/proc/self/status]	VmPTE:	     836 kB
20220314 013947.592 INFO             PET0 PIOc_freedecomp Exit - MemInfo: [/proc/self/status]	VmPMD:	      32 kB
20220314 013947.592 INFO             PET0 PIOc_freedecomp Exit - MemInfo: [/proc/self/status]	VmSwap:	       0 kB
20220314 013947.592 INFO             PET0 PIOc_freedecomp Exit - MemInfo: [/proc/self/status]	VmRSSPercent: 0.132036 %
20220314 013947.592 INFO             PET0 PIOc_freedecomp Exit - MemInfo: [malloc] Non-mmapped space allocated:                 3870720 Byte
20220314 013947.592 INFO             PET0 PIOc_freedecomp Exit - MemInfo: [malloc] Space allocated in mmapped regions:         85999616 Byte
20220314 013947.592 INFO             PET0 PIOc_freedecomp Exit - MemInfo: [malloc] Maximum total allocated space:                     0 Byte
20220314 013947.592 INFO             PET0 PIOc_freedecomp Exit - MemInfo: [malloc] Space in freed fastbin blocks:                   752 Byte
20220314 013947.592 INFO             PET0 PIOc_freedecomp Exit - MemInfo: [malloc] Total allocated space:                       3242640 Byte
20220314 013947.592 INFO             PET0 PIOc_freedecomp Exit - MemInfo: [malloc] Total free space:                             628080 Byte
20220314 013947.592 INFO             PET0 PIOc_freedecomp Exit - MemInfo: [malloc] Top-most, releasable space:                   452512 Byte
20220314 013947.592 INFO             PET0 PIOc_freedecomp Exit - MemInfo: [malloc] Total space in use, mmap + non-mmap:        89242256 Byte
20220314 013947.592 INFO             PET0 PIOc_freedecomp Exit - MemInfo: [malloc] Total space held (mmap + non-mmap):         89870336 Byte
20220314 013947.592 INFO             PET0 PIOc_freedecomp Exit - MemInfo: [malloc] Total space used (mmap + non-mmap):         89251616 Byte
20220314 013947.592 INFO             PET0 PIOc_freedecomp Exit - MemInfo: Wall-clock time since execution start:               0.039355 seconds
20220314 013947.592 INFO             PET0  PASS  Writing a FieldBundle to a single file Test, ESMF_FieldBundleIOUTest.F90, line 355
20220314 013947.595 INFO             PET0 PIOc_sync Enter - MemInfo: [/proc/meminfo - SSI]	MemTotal:       131394444 kB
20220314 013947.596 INFO             PET0 PIOc_sync Enter - MemInfo: [/proc/meminfo - SSI]	MemFree:        122200584 kB
20220314 013947.596 INFO             PET0 PIOc_sync Enter - MemInfo: [/proc/meminfo - SSI]	MemAvailable:   121884480 kB
20220314 013947.596 INFO             PET0 PIOc_sync Enter - MemInfo: [/proc/meminfo - SSI]	Committed_AS:    4285132 kB
20220314 013947.596 INFO             PET0 PIOc_sync Enter - MemInfo: [/proc/meminfo - SSI]	CommittedPercent: 3.26127 %
20220314 013947.596 INFO             PET0 PIOc_sync Enter - MemInfo: [/proc/self/status]	VmPeak:	 3855652 kB
20220314 013947.596 INFO             PET0 PIOc_sync Enter - MemInfo: [/proc/self/status]	VmSize:	 3855332 kB
20220314 013947.596 INFO             PET0 PIOc_sync Enter - MemInfo: [/proc/self/status]	VmLck:	       0 kB
20220314 013947.596 INFO             PET0 PIOc_sync Enter - MemInfo: [/proc/self/status]	VmPin:	   82140 kB
20220314 013947.596 INFO             PET0 PIOc_sync Enter - MemInfo: [/proc/self/status]	VmHWM:	  176080 kB
20220314 013947.596 INFO             PET0 PIOc_sync Enter - MemInfo: [/proc/self/status]	VmRSS:	  176080 kB
20220314 013947.596 INFO             PET0 PIOc_sync Enter - MemInfo: [/proc/self/status]	VmData:	  271952 kB
20220314 013947.596 INFO             PET0 PIOc_sync Enter - MemInfo: [/proc/self/status]	VmStk:	     512 kB
20220314 013947.596 INFO             PET0 PIOc_sync Enter - MemInfo: [/proc/self/status]	VmExe:	    1828 kB
20220314 013947.596 INFO             PET0 PIOc_sync Enter - MemInfo: [/proc/self/status]	VmLib:	  156408 kB
20220314 013947.596 INFO             PET0 PIOc_sync Enter - MemInfo: [/proc/self/status]	VmPTE:	     840 kB
20220314 013947.596 INFO             PET0 PIOc_sync Enter - MemInfo: [/proc/self/status]	VmPMD:	      32 kB
20220314 013947.596 INFO             PET0 PIOc_sync Enter - MemInfo: [/proc/self/status]	VmSwap:	       0 kB
20220314 013947.596 INFO             PET0 PIOc_sync Enter - MemInfo: [/proc/self/status]	VmRSSPercent: 0.134009 %
20220314 013947.596 INFO             PET0 PIOc_sync Enter - MemInfo: [malloc] Non-mmapped space allocated:                 6172672 Byte
20220314 013947.596 INFO             PET0 PIOc_sync Enter - MemInfo: [malloc] Space allocated in mmapped regions:         85999616 Byte
20220314 013947.596 INFO             PET0 PIOc_sync Enter - MemInfo: [malloc] Maximum total allocated space:                     0 Byte
20220314 013947.596 INFO             PET0 PIOc_sync Enter - MemInfo: [malloc] Space in freed fastbin blocks:                  1504 Byte
20220314 013947.596 INFO             PET0 PIOc_sync Enter - MemInfo: [malloc] Total allocated space:                       5893632 Byte
20220314 013947.596 INFO             PET0 PIOc_sync Enter - MemInfo: [malloc] Total free space:                             279040 Byte
20220314 013947.596 INFO             PET0 PIOc_sync Enter - MemInfo: [malloc] Top-most, releasable space:                   132992 Byte
20220314 013947.596 INFO             PET0 PIOc_sync Enter - MemInfo: [malloc] Total space in use, mmap + non-mmap:        91893248 Byte
20220314 013947.596 INFO             PET0 PIOc_sync Enter - MemInfo: [malloc] Total space held (mmap + non-mmap):         92172288 Byte
20220314 013947.596 INFO             PET0 PIOc_sync Enter - MemInfo: [malloc] Total space used (mmap + non-mmap):         91902608 Byte
20220314 013947.596 INFO             PET0 PIOc_sync Enter - MemInfo: Wall-clock time since execution start:              0.0436173 seconds
20220314 013947.597 INFO             PET0 PIOc_sync Exit - MemInfo: [/proc/meminfo - SSI]	MemTotal:       131394444 kB
20220314 013947.597 INFO             PET0 PIOc_sync Exit - MemInfo: [/proc/meminfo - SSI]	MemFree:        122200088 kB
20220314 013947.597 INFO             PET0 PIOc_sync Exit - MemInfo: [/proc/meminfo - SSI]	MemAvailable:   121883984 kB
20220314 013947.597 INFO             PET0 PIOc_sync Exit - MemInfo: [/proc/meminfo - SSI]	Committed_AS:    4285132 kB
20220314 013947.597 INFO             PET0 PIOc_sync Exit - MemInfo: [/proc/meminfo - SSI]	CommittedPercent: 3.26127 %
20220314 013947.597 INFO             PET0 PIOc_sync Exit - MemInfo: [/proc/self/status]	VmPeak:	 3855652 kB
20220314 013947.597 INFO             PET0 PIOc_sync Exit - MemInfo: [/proc/self/status]	VmSize:	 3855332 kB
20220314 013947.597 INFO             PET0 PIOc_sync Exit - MemInfo: [/proc/self/status]	VmLck:	       0 kB
20220314 013947.597 INFO             PET0 PIOc_sync Exit - MemInfo: [/proc/self/status]	VmPin:	   82140 kB
20220314 013947.597 INFO             PET0 PIOc_sync Exit - MemInfo: [/proc/self/status]	VmHWM:	  176128 kB
20220314 013947.597 INFO             PET0 PIOc_sync Exit - MemInfo: [/proc/self/status]	VmRSS:	  176128 kB
20220314 013947.597 INFO             PET0 PIOc_sync Exit - MemInfo: [/proc/self/status]	VmData:	  271952 kB
20220314 013947.597 INFO             PET0 PIOc_sync Exit - MemInfo: [/proc/self/status]	VmStk:	     512 kB
20220314 013947.597 INFO             PET0 PIOc_sync Exit - MemInfo: [/proc/self/status]	VmExe:	    1828 kB
20220314 013947.597 INFO             PET0 PIOc_sync Exit - MemInfo: [/proc/self/status]	VmLib:	  156408 kB
20220314 013947.597 INFO             PET0 PIOc_sync Exit - MemInfo: [/proc/self/status]	VmPTE:	     840 kB
20220314 013947.597 INFO             PET0 PIOc_sync Exit - MemInfo: [/proc/self/status]	VmPMD:	      32 kB
20220314 013947.597 INFO             PET0 PIOc_sync Exit - MemInfo: [/proc/self/status]	VmSwap:	       0 kB
20220314 013947.597 INFO             PET0 PIOc_sync Exit - MemInfo: [/proc/self/status]	VmRSSPercent: 0.134045 %
20220314 013947.597 INFO             PET0 PIOc_sync Exit - MemInfo: [malloc] Non-mmapped space allocated:                 6172672 Byte
20220314 013947.597 INFO             PET0 PIOc_sync Exit - MemInfo: [malloc] Space allocated in mmapped regions:         85999616 Byte
20220314 013947.598 INFO             PET0 PIOc_sync Exit - MemInfo: [malloc] Maximum total allocated space:                     0 Byte
20220314 013947.598 INFO             PET0 PIOc_sync Exit - MemInfo: [malloc] Space in freed fastbin blocks:                   432 Byte
20220314 013947.598 INFO             PET0 PIOc_sync Exit - MemInfo: [malloc] Total allocated space:                       5891312 Byte
20220314 013947.598 INFO             PET0 PIOc_sync Exit - MemInfo: [malloc] Total free space:                             281360 Byte
20220314 013947.598 INFO             PET0 PIOc_sync Exit - MemInfo: [malloc] Top-most, releasable space:                   132992 Byte
20220314 013947.598 INFO             PET0 PIOc_sync Exit - MemInfo: [malloc] Total space in use, mmap + non-mmap:        91890928 Byte
20220314 013947.598 INFO             PET0 PIOc_sync Exit - MemInfo: [malloc] Total space held (mmap + non-mmap):         92172288 Byte
20220314 013947.598 INFO             PET0 PIOc_sync Exit - MemInfo: [malloc] Total space used (mmap + non-mmap):         91900288 Byte
20220314 013947.598 INFO             PET0 PIOc_sync Exit - MemInfo: Wall-clock time since execution start:              0.0452242 seconds
20220314 013947.598 INFO             PET0 PIOc_freedecomp Enter - MemInfo: [/proc/meminfo - SSI]	MemTotal:       131394444 kB
20220314 013947.598 INFO             PET0 PIOc_freedecomp Enter - MemInfo: [/proc/meminfo - SSI]	MemFree:        122200088 kB
20220314 013947.598 INFO             PET0 PIOc_freedecomp Enter - MemInfo: [/proc/meminfo - SSI]	MemAvailable:   121883984 kB
20220314 013947.598 INFO             PET0 PIOc_freedecomp Enter - MemInfo: [/proc/meminfo - SSI]	Committed_AS:    4285132 kB
20220314 013947.598 INFO             PET0 PIOc_freedecomp Enter - MemInfo: [/proc/meminfo - SSI]	CommittedPercent: 3.26127 %
20220314 013947.598 INFO             PET0 PIOc_freedecomp Enter - MemInfo: [/proc/self/status]	VmPeak:	 3855652 kB
20220314 013947.598 INFO             PET0 PIOc_freedecomp Enter - MemInfo: [/proc/self/status]	VmSize:	 3855332 kB
20220314 013947.598 INFO             PET0 PIOc_freedecomp Enter - MemInfo: [/proc/self/status]	VmLck:	       0 kB
20220314 013947.598 INFO             PET0 PIOc_freedecomp Enter - MemInfo: [/proc/self/status]	VmPin:	   82140 kB
20220314 013947.598 INFO             PET0 PIOc_freedecomp Enter - MemInfo: [/proc/self/status]	VmHWM:	  176128 kB
20220314 013947.598 INFO             PET0 PIOc_freedecomp Enter - MemInfo: [/proc/self/status]	VmRSS:	  176128 kB
20220314 013947.598 INFO             PET0 PIOc_freedecomp Enter - MemInfo: [/proc/self/status]	VmData:	  271952 kB
20220314 013947.599 INFO             PET0 PIOc_freedecomp Enter - MemInfo: [/proc/self/status]	VmStk:	     512 kB
20220314 013947.599 INFO             PET0 PIOc_freedecomp Enter - MemInfo: [/proc/self/status]	VmExe:	    1828 kB
20220314 013947.599 INFO             PET0 PIOc_freedecomp Enter - MemInfo: [/proc/self/status]	VmLib:	  156408 kB
20220314 013947.599 INFO             PET0 PIOc_freedecomp Enter - MemInfo: [/proc/self/status]	VmPTE:	     840 kB
20220314 013947.599 INFO             PET0 PIOc_freedecomp Enter - MemInfo: [/proc/self/status]	VmPMD:	      32 kB
20220314 013947.599 INFO             PET0 PIOc_freedecomp Enter - MemInfo: [/proc/self/status]	VmSwap:	       0 kB
20220314 013947.599 INFO             PET0 PIOc_freedecomp Enter - MemInfo: [/proc/self/status]	VmRSSPercent: 0.134045 %
20220314 013947.599 INFO             PET0 PIOc_freedecomp Enter - MemInfo: [malloc] Non-mmapped space allocated:                 6172672 Byte
20220314 013947.599 INFO             PET0 PIOc_freedecomp Enter - MemInfo: [malloc] Space allocated in mmapped regions:         85999616 Byte
20220314 013947.599 INFO             PET0 PIOc_freedecomp Enter - MemInfo: [malloc] Maximum total allocated space:                     0 Byte
20220314 013947.599 INFO             PET0 PIOc_freedecomp Enter - MemInfo: [malloc] Space in freed fastbin blocks:                   720 Byte
20220314 013947.599 INFO             PET0 PIOc_freedecomp Enter - MemInfo: [malloc] Total allocated space:                       3254928 Byte
20220314 013947.599 INFO             PET0 PIOc_freedecomp Enter - MemInfo: [malloc] Total free space:                            2917744 Byte
20220314 013947.599 INFO             PET0 PIOc_freedecomp Enter - MemInfo: [malloc] Top-most, releasable space:                  2754464 Byte
20220314 013947.599 INFO             PET0 PIOc_freedecomp Enter - MemInfo: [malloc] Total space in use, mmap + non-mmap:        89254544 Byte
20220314 013947.599 INFO             PET0 PIOc_freedecomp Enter - MemInfo: [malloc] Total space held (mmap + non-mmap):         92172288 Byte
20220314 013947.599 INFO             PET0 PIOc_freedecomp Enter - MemInfo: [malloc] Total space used (mmap + non-mmap):         89263904 Byte
20220314 013947.599 INFO             PET0 PIOc_freedecomp Enter - MemInfo: Wall-clock time since execution start:              0.0464187 seconds
20220314 013947.599 INFO             PET0 PIOc_freedecomp Exit - MemInfo: [/proc/meminfo - SSI]	MemTotal:       131394444 kB
20220314 013947.599 INFO             PET0 PIOc_freedecomp Exit - MemInfo: [/proc/meminfo - SSI]	MemFree:        122200088 kB
20220314 013947.599 INFO             PET0 PIOc_freedecomp Exit - MemInfo: [/proc/meminfo - SSI]	MemAvailable:   121883984 kB
20220314 013947.599 INFO             PET0 PIOc_freedecomp Exit - MemInfo: [/proc/meminfo - SSI]	Committed_AS:    4285132 kB
20220314 013947.599 INFO             PET0 PIOc_freedecomp Exit - MemInfo: [/proc/meminfo - SSI]	CommittedPercent: 3.26127 %
20220314 013947.599 INFO             PET0 PIOc_freedecomp Exit - MemInfo: [/proc/self/status]	VmPeak:	 3855652 kB
20220314 013947.599 INFO             PET0 PIOc_freedecomp Exit - MemInfo: [/proc/self/status]	VmSize:	 3855332 kB
20220314 013947.599 INFO             PET0 PIOc_freedecomp Exit - MemInfo: [/proc/self/status]	VmLck:	       0 kB
20220314 013947.599 INFO             PET0 PIOc_freedecomp Exit - MemInfo: [/proc/self/status]	VmPin:	   82140 kB
20220314 013947.599 INFO             PET0 PIOc_freedecomp Exit - MemInfo: [/proc/self/status]	VmHWM:	  176128 kB
20220314 013947.599 INFO             PET0 PIOc_freedecomp Exit - MemInfo: [/proc/self/status]	VmRSS:	  176128 kB
20220314 013947.599 INFO             PET0 PIOc_freedecomp Exit - MemInfo: [/proc/self/status]	VmData:	  271952 kB
20220314 013947.599 INFO             PET0 PIOc_freedecomp Exit - MemInfo: [/proc/self/status]	VmStk:	     512 kB
20220314 013947.599 INFO             PET0 PIOc_freedecomp Exit - MemInfo: [/proc/self/status]	VmExe:	    1828 kB
20220314 013947.599 INFO             PET0 PIOc_freedecomp Exit - MemInfo: [/proc/self/status]	VmLib:	  156408 kB
20220314 013947.599 INFO             PET0 PIOc_freedecomp Exit - MemInfo: [/proc/self/status]	VmPTE:	     840 kB
20220314 013947.599 INFO             PET0 PIOc_freedecomp Exit - MemInfo: [/proc/self/status]	VmPMD:	      32 kB
20220314 013947.599 INFO             PET0 PIOc_freedecomp Exit - MemInfo: [/proc/self/status]	VmSwap:	       0 kB
20220314 013947.599 INFO             PET0 PIOc_freedecomp Exit - MemInfo: [/proc/self/status]	VmRSSPercent: 0.134045 %
20220314 013947.599 INFO             PET0 PIOc_freedecomp Exit - MemInfo: [malloc] Non-mmapped space allocated:                 6172672 Byte
20220314 013947.599 INFO             PET0 PIOc_freedecomp Exit - MemInfo: [malloc] Space allocated in mmapped regions:         85999616 Byte
20220314 013947.599 INFO             PET0 PIOc_freedecomp Exit - MemInfo: [malloc] Maximum total allocated space:                     0 Byte
20220314 013947.599 INFO             PET0 PIOc_freedecomp Exit - MemInfo: [malloc] Space in freed fastbin blocks:                   560 Byte
20220314 013947.599 INFO             PET0 PIOc_freedecomp Exit - MemInfo: [malloc] Total allocated space:                       3251856 Byte
20220314 013947.599 INFO             PET0 PIOc_freedecomp Exit - MemInfo: [malloc] Total free space:                            2920816 Byte
20220314 013947.599 INFO             PET0 PIOc_freedecomp Exit - MemInfo: [malloc] Top-most, releasable space:                  2754464 Byte
20220314 013947.599 INFO             PET0 PIOc_freedecomp Exit - MemInfo: [malloc] Total space in use, mmap + non-mmap:        89251472 Byte
20220314 013947.599 INFO             PET0 PIOc_freedecomp Exit - MemInfo: [malloc] Total space held (mmap + non-mmap):         92172288 Byte
20220314 013947.599 INFO             PET0 PIOc_freedecomp Exit - MemInfo: [malloc] Total space used (mmap + non-mmap):         89260832 Byte
20220314 013947.599 INFO             PET0 PIOc_freedecomp Exit - MemInfo: Wall-clock time since execution start:              0.0469997 seconds
20220314 013947.599 INFO             PET0 PIOc_freedecomp Enter - MemInfo: [/proc/meminfo - SSI]	MemTotal:       131394444 kB
20220314 013947.600 INFO             PET0 PIOc_freedecomp Enter - MemInfo: [/proc/meminfo - SSI]	MemFree:        122200088 kB
20220314 013947.600 INFO             PET0 PIOc_freedecomp Enter - MemInfo: [/proc/meminfo - SSI]	MemAvailable:   121883984 kB
20220314 013947.600 INFO             PET0 PIOc_freedecomp Enter - MemInfo: [/proc/meminfo - SSI]	Committed_AS:    4285132 kB
20220314 013947.600 INFO             PET0 PIOc_freedecomp Enter - MemInfo: [/proc/meminfo - SSI]	CommittedPercent: 3.26127 %
20220314 013947.600 INFO             PET0 PIOc_freedecomp Enter - MemInfo: [/proc/self/status]	VmPeak:	 3855652 kB
20220314 013947.600 INFO             PET0 PIOc_freedecomp Enter - MemInfo: [/proc/self/status]	VmSize:	 3855332 kB
20220314 013947.600 INFO             PET0 PIOc_freedecomp Enter - MemInfo: [/proc/self/status]	VmLck:	       0 kB
20220314 013947.600 INFO             PET0 PIOc_freedecomp Enter - MemInfo: [/proc/self/status]	VmPin:	   82140 kB
20220314 013947.600 INFO             PET0 PIOc_freedecomp Enter - MemInfo: [/proc/self/status]	VmHWM:	  176128 kB
20220314 013947.600 INFO             PET0 PIOc_freedecomp Enter - MemInfo: [/proc/self/status]	VmRSS:	  176128 kB
20220314 013947.600 INFO             PET0 PIOc_freedecomp Enter - MemInfo: [/proc/self/status]	VmData:	  271952 kB
20220314 013947.600 INFO             PET0 PIOc_freedecomp Enter - MemInfo: [/proc/self/status]	VmStk:	     512 kB
20220314 013947.600 INFO             PET0 PIOc_freedecomp Enter - MemInfo: [/proc/self/status]	VmExe:	    1828 kB
20220314 013947.600 INFO             PET0 PIOc_freedecomp Enter - MemInfo: [/proc/self/status]	VmLib:	  156408 kB
20220314 013947.600 INFO             PET0 PIOc_freedecomp Enter - MemInfo: [/proc/self/status]	VmPTE:	     840 kB
20220314 013947.600 INFO             PET0 PIOc_freedecomp Enter - MemInfo: [/proc/self/status]	VmPMD:	      32 kB
20220314 013947.600 INFO             PET0 PIOc_freedecomp Enter - MemInfo: [/proc/self/status]	VmSwap:	       0 kB
20220314 013947.600 INFO             PET0 PIOc_freedecomp Enter - MemInfo: [/proc/self/status]	VmRSSPercent: 0.134045 %
20220314 013947.600 INFO             PET0 PIOc_freedecomp Enter - MemInfo: [malloc] Non-mmapped space allocated:                 6172672 Byte
20220314 013947.600 INFO             PET0 PIOc_freedecomp Enter - MemInfo: [malloc] Space allocated in mmapped regions:         85999616 Byte
20220314 013947.600 INFO             PET0 PIOc_freedecomp Enter - MemInfo: [malloc] Maximum total allocated space:                     0 Byte
20220314 013947.600 INFO             PET0 PIOc_freedecomp Enter - MemInfo: [malloc] Space in freed fastbin blocks:                   368 Byte
20220314 013947.600 INFO             PET0 PIOc_freedecomp Enter - MemInfo: [malloc] Total allocated space:                       3251728 Byte
20220314 013947.600 INFO             PET0 PIOc_freedecomp Enter - MemInfo: [malloc] Total free space:                            2920944 Byte
20220314 013947.600 INFO             PET0 PIOc_freedecomp Enter - MemInfo: [malloc] Top-most, releasable space:                  2754464 Byte
20220314 013947.600 INFO             PET0 PIOc_freedecomp Enter - MemInfo: [malloc] Total space in use, mmap + non-mmap:        89251344 Byte
20220314 013947.600 INFO             PET0 PIOc_freedecomp Enter - MemInfo: [malloc] Total space held (mmap + non-mmap):         92172288 Byte
20220314 013947.600 INFO             PET0 PIOc_freedecomp Enter - MemInfo: [malloc] Total space used (mmap + non-mmap):         89260704 Byte
20220314 013947.600 INFO             PET0 PIOc_freedecomp Enter - MemInfo: Wall-clock time since execution start:              0.0475787 seconds
20220314 013947.600 INFO             PET0 PIOc_freedecomp Exit - MemInfo: [/proc/meminfo - SSI]	MemTotal:       131394444 kB
20220314 013947.600 INFO             PET0 PIOc_freedecomp Exit - MemInfo: [/proc/meminfo - SSI]	MemFree:        122200088 kB
20220314 013947.600 INFO             PET0 PIOc_freedecomp Exit - MemInfo: [/proc/meminfo - SSI]	MemAvailable:   121883984 kB
20220314 013947.600 INFO             PET0 PIOc_freedecomp Exit - MemInfo: [/proc/meminfo - SSI]	Committed_AS:    4285132 kB
20220314 013947.600 INFO             PET0 PIOc_freedecomp Exit - MemInfo: [/proc/meminfo - SSI]	CommittedPercent: 3.26127 %
20220314 013947.600 INFO             PET0 PIOc_freedecomp Exit - MemInfo: [/proc/self/status]	VmPeak:	 3855652 kB
20220314 013947.600 INFO             PET0 PIOc_freedecomp Exit - MemInfo: [/proc/self/status]	VmSize:	 3855332 kB
20220314 013947.600 INFO             PET0 PIOc_freedecomp Exit - MemInfo: [/proc/self/status]	VmLck:	       0 kB
20220314 013947.600 INFO             PET0 PIOc_freedecomp Exit - MemInfo: [/proc/self/status]	VmPin:	   82140 kB
20220314 013947.600 INFO             PET0 PIOc_freedecomp Exit - MemInfo: [/proc/self/status]	VmHWM:	  176128 kB
20220314 013947.600 INFO             PET0 PIOc_freedecomp Exit - MemInfo: [/proc/self/status]	VmRSS:	  176128 kB
20220314 013947.600 INFO             PET0 PIOc_freedecomp Exit - MemInfo: [/proc/self/status]	VmData:	  271952 kB
20220314 013947.600 INFO             PET0 PIOc_freedecomp Exit - MemInfo: [/proc/self/status]	VmStk:	     512 kB
20220314 013947.600 INFO             PET0 PIOc_freedecomp Exit - MemInfo: [/proc/self/status]	VmExe:	    1828 kB
20220314 013947.600 INFO             PET0 PIOc_freedecomp Exit - MemInfo: [/proc/self/status]	VmLib:	  156408 kB
20220314 013947.600 INFO             PET0 PIOc_freedecomp Exit - MemInfo: [/proc/self/status]	VmPTE:	     840 kB
20220314 013947.600 INFO             PET0 PIOc_freedecomp Exit - MemInfo: [/proc/self/status]	VmPMD:	      32 kB
20220314 013947.600 INFO             PET0 PIOc_freedecomp Exit - MemInfo: [/proc/self/status]	VmSwap:	       0 kB
20220314 013947.600 INFO             PET0 PIOc_freedecomp Exit - MemInfo: [/proc/self/status]	VmRSSPercent: 0.134045 %
20220314 013947.600 INFO             PET0 PIOc_freedecomp Exit - MemInfo: [malloc] Non-mmapped space allocated:                 6172672 Byte
20220314 013947.600 INFO             PET0 PIOc_freedecomp Exit - MemInfo: [malloc] Space allocated in mmapped regions:         85999616 Byte
20220314 013947.600 INFO             PET0 PIOc_freedecomp Exit - MemInfo: [malloc] Maximum total allocated space:                     0 Byte
20220314 013947.600 INFO             PET0 PIOc_freedecomp Exit - MemInfo: [malloc] Space in freed fastbin blocks:                   544 Byte
20220314 013947.600 INFO             PET0 PIOc_freedecomp Exit - MemInfo: [malloc] Total allocated space:                       3248512 Byte
20220314 013947.601 INFO             PET0 PIOc_freedecomp Exit - MemInfo: [malloc] Total free space:                            2924160 Byte
20220314 013947.601 INFO             PET0 PIOc_freedecomp Exit - MemInfo: [malloc] Top-most, releasable space:                  2754464 Byte
20220314 013947.601 INFO             PET0 PIOc_freedecomp Exit - MemInfo: [malloc] Total space in use, mmap + non-mmap:        89248128 Byte
20220314 013947.601 INFO             PET0 PIOc_freedecomp Exit - MemInfo: [malloc] Total space held (mmap + non-mmap):         92172288 Byte
20220314 013947.601 INFO             PET0 PIOc_freedecomp Exit - MemInfo: [malloc] Total space used (mmap + non-mmap):         89257488 Byte
20220314 013947.601 INFO             PET0 PIOc_freedecomp Exit - MemInfo: Wall-clock time since execution start:              0.0481547 seconds
20220314 013947.601 INFO             PET0 PIOc_freedecomp Enter - MemInfo: [/proc/meminfo - SSI]	MemTotal:       131394444 kB
20220314 013947.601 INFO             PET0 PIOc_freedecomp Enter - MemInfo: [/proc/meminfo - SSI]	MemFree:        122200088 kB
20220314 013947.601 INFO             PET0 PIOc_freedecomp Enter - MemInfo: [/proc/meminfo - SSI]	MemAvailable:   121883984 kB
20220314 013947.601 INFO             PET0 PIOc_freedecomp Enter - MemInfo: [/proc/meminfo - SSI]	Committed_AS:    4285132 kB
20220314 013947.601 INFO             PET0 PIOc_freedecomp Enter - MemInfo: [/proc/meminfo - SSI]	CommittedPercent: 3.26127 %
20220314 013947.601 INFO             PET0 PIOc_freedecomp Enter - MemInfo: [/proc/self/status]	VmPeak:	 3855652 kB
20220314 013947.601 INFO             PET0 PIOc_freedecomp Enter - MemInfo: [/proc/self/status]	VmSize:	 3855332 kB
20220314 013947.601 INFO             PET0 PIOc_freedecomp Enter - MemInfo: [/proc/self/status]	VmLck:	       0 kB
20220314 013947.601 INFO             PET0 PIOc_freedecomp Enter - MemInfo: [/proc/self/status]	VmPin:	   82140 kB
20220314 013947.601 INFO             PET0 PIOc_freedecomp Enter - MemInfo: [/proc/self/status]	VmHWM:	  176128 kB
20220314 013947.601 INFO             PET0 PIOc_freedecomp Enter - MemInfo: [/proc/self/status]	VmRSS:	  176128 kB
20220314 013947.601 INFO             PET0 PIOc_freedecomp Enter - MemInfo: [/proc/self/status]	VmData:	  271952 kB
20220314 013947.601 INFO             PET0 PIOc_freedecomp Enter - MemInfo: [/proc/self/status]	VmStk:	     512 kB
20220314 013947.601 INFO             PET0 PIOc_freedecomp Enter - MemInfo: [/proc/self/status]	VmExe:	    1828 kB
20220314 013947.601 INFO             PET0 PIOc_freedecomp Enter - MemInfo: [/proc/self/status]	VmLib:	  156408 kB
20220314 013947.601 INFO             PET0 PIOc_freedecomp Enter - MemInfo: [/proc/self/status]	VmPTE:	     840 kB
20220314 013947.601 INFO             PET0 PIOc_freedecomp Enter - MemInfo: [/proc/self/status]	VmPMD:	      32 kB
20220314 013947.601 INFO             PET0 PIOc_freedecomp Enter - MemInfo: [/proc/self/status]	VmSwap:	       0 kB
20220314 013947.601 INFO             PET0 PIOc_freedecomp Enter - MemInfo: [/proc/self/status]	VmRSSPercent: 0.134045 %
20220314 013947.601 INFO             PET0 PIOc_freedecomp Enter - MemInfo: [malloc] Non-mmapped space allocated:                 6172672 Byte
20220314 013947.601 INFO             PET0 PIOc_freedecomp Enter - MemInfo: [malloc] Space allocated in mmapped regions:         85999616 Byte
20220314 013947.601 INFO             PET0 PIOc_freedecomp Enter - MemInfo: [malloc] Maximum total allocated space:                     0 Byte
20220314 013947.601 INFO             PET0 PIOc_freedecomp Enter - MemInfo: [malloc] Space in freed fastbin blocks:                   368 Byte
20220314 013947.601 INFO             PET0 PIOc_freedecomp Enter - MemInfo: [malloc] Total allocated space:                       3248384 Byte
20220314 013947.601 INFO             PET0 PIOc_freedecomp Enter - MemInfo: [malloc] Total free space:                            2924288 Byte
20220314 013947.601 INFO             PET0 PIOc_freedecomp Enter - MemInfo: [malloc] Top-most, releasable space:                  2754464 Byte
20220314 013947.601 INFO             PET0 PIOc_freedecomp Enter - MemInfo: [malloc] Total space in use, mmap + non-mmap:        89248000 Byte
20220314 013947.601 INFO             PET0 PIOc_freedecomp Enter - MemInfo: [malloc] Total space held (mmap + non-mmap):         92172288 Byte
20220314 013947.601 INFO             PET0 PIOc_freedecomp Enter - MemInfo: [malloc] Total space used (mmap + non-mmap):         89257360 Byte
20220314 013947.601 INFO             PET0 PIOc_freedecomp Enter - MemInfo: Wall-clock time since execution start:              0.0487298 seconds
20220314 013947.601 INFO             PET0 PIOc_freedecomp Exit - MemInfo: [/proc/meminfo - SSI]	MemTotal:       131394444 kB
20220314 013947.601 INFO             PET0 PIOc_freedecomp Exit - MemInfo: [/proc/meminfo - SSI]	MemFree:        122200088 kB
20220314 013947.601 INFO             PET0 PIOc_freedecomp Exit - MemInfo: [/proc/meminfo - SSI]	MemAvailable:   121883984 kB
20220314 013947.601 INFO             PET0 PIOc_freedecomp Exit - MemInfo: [/proc/meminfo - SSI]	Committed_AS:    4285132 kB
20220314 013947.601 INFO             PET0 PIOc_freedecomp Exit - MemInfo: [/proc/meminfo - SSI]	CommittedPercent: 3.26127 %
20220314 013947.601 INFO             PET0 PIOc_freedecomp Exit - MemInfo: [/proc/self/status]	VmPeak:	 3855652 kB
20220314 013947.601 INFO             PET0 PIOc_freedecomp Exit - MemInfo: [/proc/self/status]	VmSize:	 3855332 kB
20220314 013947.601 INFO             PET0 PIOc_freedecomp Exit - MemInfo: [/proc/self/status]	VmLck:	       0 kB
20220314 013947.601 INFO             PET0 PIOc_freedecomp Exit - MemInfo: [/proc/self/status]	VmPin:	   82140 kB
20220314 013947.601 INFO             PET0 PIOc_freedecomp Exit - MemInfo: [/proc/self/status]	VmHWM:	  176128 kB
20220314 013947.601 INFO             PET0 PIOc_freedecomp Exit - MemInfo: [/proc/self/status]	VmRSS:	  176128 kB
20220314 013947.601 INFO             PET0 PIOc_freedecomp Exit - MemInfo: [/proc/self/status]	VmData:	  271952 kB
20220314 013947.601 INFO             PET0 PIOc_freedecomp Exit - MemInfo: [/proc/self/status]	VmStk:	     512 kB
20220314 013947.601 INFO             PET0 PIOc_freedecomp Exit - MemInfo: [/proc/self/status]	VmExe:	    1828 kB
20220314 013947.601 INFO             PET0 PIOc_freedecomp Exit - MemInfo: [/proc/self/status]	VmLib:	  156408 kB
20220314 013947.602 INFO             PET0 PIOc_freedecomp Exit - MemInfo: [/proc/self/status]	VmPTE:	     840 kB
20220314 013947.602 INFO             PET0 PIOc_freedecomp Exit - MemInfo: [/proc/self/status]	VmPMD:	      32 kB
20220314 013947.602 INFO             PET0 PIOc_freedecomp Exit - MemInfo: [/proc/self/status]	VmSwap:	       0 kB
20220314 013947.602 INFO             PET0 PIOc_freedecomp Exit - MemInfo: [/proc/self/status]	VmRSSPercent: 0.134045 %
20220314 013947.602 INFO             PET0 PIOc_freedecomp Exit - MemInfo: [malloc] Non-mmapped space allocated:                 6172672 Byte
20220314 013947.602 INFO             PET0 PIOc_freedecomp Exit - MemInfo: [malloc] Space allocated in mmapped regions:         85999616 Byte
20220314 013947.602 INFO             PET0 PIOc_freedecomp Exit - MemInfo: [malloc] Maximum total allocated space:                     0 Byte
20220314 013947.602 INFO             PET0 PIOc_freedecomp Exit - MemInfo: [malloc] Space in freed fastbin blocks:                   640 Byte
20220314 013947.602 INFO             PET0 PIOc_freedecomp Exit - MemInfo: [malloc] Total allocated space:                       3244688 Byte
20220314 013947.602 INFO             PET0 PIOc_freedecomp Exit - MemInfo: [malloc] Total free space:                            2927984 Byte
20220314 013947.602 INFO             PET0 PIOc_freedecomp Exit - MemInfo: [malloc] Top-most, releasable space:                  2754464 Byte
20220314 013947.602 INFO             PET0 PIOc_freedecomp Exit - MemInfo: [malloc] Total space in use, mmap + non-mmap:        89244304 Byte
20220314 013947.602 INFO             PET0 PIOc_freedecomp Exit - MemInfo: [malloc] Total space held (mmap + non-mmap):         92172288 Byte
20220314 013947.602 INFO             PET0 PIOc_freedecomp Exit - MemInfo: [malloc] Total space used (mmap + non-mmap):         89253664 Byte
20220314 013947.602 INFO             PET0 PIOc_freedecomp Exit - MemInfo: Wall-clock time since execution start:              0.0493365 seconds
20220314 013947.602 INFO             PET0  PASS  Writing a FieldBundle to a single file with timeslice Test, ESMF_FieldBundleIOUTest.F90, line 370
20220314 013947.604 INFO             PET0 PIOc_sync Enter - MemInfo: [/proc/meminfo - SSI]	MemTotal:       131394444 kB
20220314 013947.604 INFO             PET0 PIOc_sync Enter - MemInfo: [/proc/meminfo - SSI]	MemFree:        122200088 kB
20220314 013947.604 INFO             PET0 PIOc_sync Enter - MemInfo: [/proc/meminfo - SSI]	MemAvailable:   121883984 kB
20220314 013947.604 INFO             PET0 PIOc_sync Enter - MemInfo: [/proc/meminfo - SSI]	Committed_AS:    4285132 kB
20220314 013947.604 INFO             PET0 PIOc_sync Enter - MemInfo: [/proc/meminfo - SSI]	CommittedPercent: 3.26127 %
20220314 013947.604 INFO             PET0 PIOc_sync Enter - MemInfo: [/proc/self/status]	VmPeak:	 3856352 kB
20220314 013947.604 INFO             PET0 PIOc_sync Enter - MemInfo: [/proc/self/status]	VmSize:	 3855332 kB
20220314 013947.604 INFO             PET0 PIOc_sync Enter - MemInfo: [/proc/self/status]	VmLck:	       0 kB
20220314 013947.604 INFO             PET0 PIOc_sync Enter - MemInfo: [/proc/self/status]	VmPin:	   82140 kB
20220314 013947.604 INFO             PET0 PIOc_sync Enter - MemInfo: [/proc/self/status]	VmHWM:	  176304 kB
20220314 013947.604 INFO             PET0 PIOc_sync Enter - MemInfo: [/proc/self/status]	VmRSS:	  176304 kB
20220314 013947.604 INFO             PET0 PIOc_sync Enter - MemInfo: [/proc/self/status]	VmData:	  271952 kB
20220314 013947.604 INFO             PET0 PIOc_sync Enter - MemInfo: [/proc/self/status]	VmStk:	     512 kB
20220314 013947.604 INFO             PET0 PIOc_sync Enter - MemInfo: [/proc/self/status]	VmExe:	    1828 kB
20220314 013947.604 INFO             PET0 PIOc_sync Enter - MemInfo: [/proc/self/status]	VmLib:	  156408 kB
20220314 013947.604 INFO             PET0 PIOc_sync Enter - MemInfo: [/proc/self/status]	VmPTE:	     840 kB
20220314 013947.604 INFO             PET0 PIOc_sync Enter - MemInfo: [/proc/self/status]	VmPMD:	      32 kB
20220314 013947.604 INFO             PET0 PIOc_sync Enter - MemInfo: [/proc/self/status]	VmSwap:	       0 kB
20220314 013947.604 INFO             PET0 PIOc_sync Enter - MemInfo: [/proc/self/status]	VmRSSPercent: 0.134179 %
20220314 013947.604 INFO             PET0 PIOc_sync Enter - MemInfo: [malloc] Non-mmapped space allocated:                 6172672 Byte
20220314 013947.604 INFO             PET0 PIOc_sync Enter - MemInfo: [malloc] Space allocated in mmapped regions:         85999616 Byte
20220314 013947.604 INFO             PET0 PIOc_sync Enter - MemInfo: [malloc] Maximum total allocated space:                     0 Byte
20220314 013947.604 INFO             PET0 PIOc_sync Enter - MemInfo: [malloc] Space in freed fastbin blocks:                  1856 Byte
20220314 013947.604 INFO             PET0 PIOc_sync Enter - MemInfo: [malloc] Total allocated space:                       5899152 Byte
20220314 013947.604 INFO             PET0 PIOc_sync Enter - MemInfo: [malloc] Total free space:                             273520 Byte
20220314 013947.604 INFO             PET0 PIOc_sync Enter - MemInfo: [malloc] Top-most, releasable space:                   132992 Byte
20220314 013947.604 INFO             PET0 PIOc_sync Enter - MemInfo: [malloc] Total space in use, mmap + non-mmap:        91898768 Byte
20220314 013947.605 INFO             PET0 PIOc_sync Enter - MemInfo: [malloc] Total space held (mmap + non-mmap):         92172288 Byte
20220314 013947.605 INFO             PET0 PIOc_sync Enter - MemInfo: [malloc] Total space used (mmap + non-mmap):         91908128 Byte
20220314 013947.605 INFO             PET0 PIOc_sync Enter - MemInfo: Wall-clock time since execution start:              0.0521105 seconds
20220314 013947.605 INFO             PET0 PIOc_sync Exit - MemInfo: [/proc/meminfo - SSI]	MemTotal:       131394444 kB
20220314 013947.605 INFO             PET0 PIOc_sync Exit - MemInfo: [/proc/meminfo - SSI]	MemFree:        122200088 kB
20220314 013947.605 INFO             PET0 PIOc_sync Exit - MemInfo: [/proc/meminfo - SSI]	MemAvailable:   121883984 kB
20220314 013947.605 INFO             PET0 PIOc_sync Exit - MemInfo: [/proc/meminfo - SSI]	Committed_AS:    4285132 kB
20220314 013947.605 INFO             PET0 PIOc_sync Exit - MemInfo: [/proc/meminfo - SSI]	CommittedPercent: 3.26127 %
20220314 013947.605 INFO             PET0 PIOc_sync Exit - MemInfo: [/proc/self/status]	VmPeak:	 3856352 kB
20220314 013947.605 INFO             PET0 PIOc_sync Exit - MemInfo: [/proc/self/status]	VmSize:	 3855332 kB
20220314 013947.605 INFO             PET0 PIOc_sync Exit - MemInfo: [/proc/self/status]	VmLck:	       0 kB
20220314 013947.605 INFO             PET0 PIOc_sync Exit - MemInfo: [/proc/self/status]	VmPin:	   82140 kB
20220314 013947.605 INFO             PET0 PIOc_sync Exit - MemInfo: [/proc/self/status]	VmHWM:	  176360 kB
20220314 013947.605 INFO             PET0 PIOc_sync Exit - MemInfo: [/proc/self/status]	VmRSS:	  176360 kB
20220314 013947.605 INFO             PET0 PIOc_sync Exit - MemInfo: [/proc/self/status]	VmData:	  271952 kB
20220314 013947.605 INFO             PET0 PIOc_sync Exit - MemInfo: [/proc/self/status]	VmStk:	     512 kB
20220314 013947.605 INFO             PET0 PIOc_sync Exit - MemInfo: [/proc/self/status]	VmExe:	    1828 kB
20220314 013947.605 INFO             PET0 PIOc_sync Exit - MemInfo: [/proc/self/status]	VmLib:	  156408 kB
20220314 013947.605 INFO             PET0 PIOc_sync Exit - MemInfo: [/proc/self/status]	VmPTE:	     840 kB
20220314 013947.605 INFO             PET0 PIOc_sync Exit - MemInfo: [/proc/self/status]	VmPMD:	      32 kB
20220314 013947.605 INFO             PET0 PIOc_sync Exit - MemInfo: [/proc/self/status]	VmSwap:	       0 kB
20220314 013947.605 INFO             PET0 PIOc_sync Exit - MemInfo: [/proc/self/status]	VmRSSPercent: 0.134222 %
20220314 013947.605 INFO             PET0 PIOc_sync Exit - MemInfo: [malloc] Non-mmapped space allocated:                 6172672 Byte
20220314 013947.605 INFO             PET0 PIOc_sync Exit - MemInfo: [malloc] Space allocated in mmapped regions:         85999616 Byte
20220314 013947.605 INFO             PET0 PIOc_sync Exit - MemInfo: [malloc] Maximum total allocated space:                     0 Byte
20220314 013947.605 INFO             PET0 PIOc_sync Exit - MemInfo: [malloc] Space in freed fastbin blocks:                   560 Byte
20220314 013947.605 INFO             PET0 PIOc_sync Exit - MemInfo: [malloc] Total allocated space:                       5896832 Byte
20220314 013947.605 INFO             PET0 PIOc_sync Exit - MemInfo: [malloc] Total free space:                             275840 Byte
20220314 013947.605 INFO             PET0 PIOc_sync Exit - MemInfo: [malloc] Top-most, releasable space:                   132992 Byte
20220314 013947.605 INFO             PET0 PIOc_sync Exit - MemInfo: [malloc] Total space in use, mmap + non-mmap:        91896448 Byte
20220314 013947.605 INFO             PET0 PIOc_sync Exit - MemInfo: [malloc] Total space held (mmap + non-mmap):         92172288 Byte
20220314 013947.605 INFO             PET0 PIOc_sync Exit - MemInfo: [malloc] Total space used (mmap + non-mmap):         91905808 Byte
20220314 013947.605 INFO             PET0 PIOc_sync Exit - MemInfo: Wall-clock time since execution start:              0.0529326 seconds
20220314 013947.605 INFO             PET0 PIOc_freedecomp Enter - MemInfo: [/proc/meminfo - SSI]	MemTotal:       131394444 kB
20220314 013947.605 INFO             PET0 PIOc_freedecomp Enter - MemInfo: [/proc/meminfo - SSI]	MemFree:        122200088 kB
20220314 013947.606 INFO             PET0 PIOc_freedecomp Enter - MemInfo: [/proc/meminfo - SSI]	MemAvailable:   121883984 kB
20220314 013947.606 INFO             PET0 PIOc_freedecomp Enter - MemInfo: [/proc/meminfo - SSI]	Committed_AS:    4285132 kB
20220314 013947.606 INFO             PET0 PIOc_freedecomp Enter - MemInfo: [/proc/meminfo - SSI]	CommittedPercent: 3.26127 %
20220314 013947.606 INFO             PET0 PIOc_freedecomp Enter - MemInfo: [/proc/self/status]	VmPeak:	 3856352 kB
20220314 013947.606 INFO             PET0 PIOc_freedecomp Enter - MemInfo: [/proc/self/status]	VmSize:	 3855332 kB
20220314 013947.606 INFO             PET0 PIOc_freedecomp Enter - MemInfo: [/proc/self/status]	VmLck:	       0 kB
20220314 013947.606 INFO             PET0 PIOc_freedecomp Enter - MemInfo: [/proc/self/status]	VmPin:	   82140 kB
20220314 013947.606 INFO             PET0 PIOc_freedecomp Enter - MemInfo: [/proc/self/status]	VmHWM:	  176360 kB
20220314 013947.606 INFO             PET0 PIOc_freedecomp Enter - MemInfo: [/proc/self/status]	VmRSS:	  176360 kB
20220314 013947.606 INFO             PET0 PIOc_freedecomp Enter - MemInfo: [/proc/self/status]	VmData:	  271952 kB
20220314 013947.606 INFO             PET0 PIOc_freedecomp Enter - MemInfo: [/proc/self/status]	VmStk:	     512 kB
20220314 013947.606 INFO             PET0 PIOc_freedecomp Enter - MemInfo: [/proc/self/status]	VmExe:	    1828 kB
20220314 013947.606 INFO             PET0 PIOc_freedecomp Enter - MemInfo: [/proc/self/status]	VmLib:	  156408 kB
20220314 013947.606 INFO             PET0 PIOc_freedecomp Enter - MemInfo: [/proc/self/status]	VmPTE:	     840 kB
20220314 013947.606 INFO             PET0 PIOc_freedecomp Enter - MemInfo: [/proc/self/status]	VmPMD:	      32 kB
20220314 013947.606 INFO             PET0 PIOc_freedecomp Enter - MemInfo: [/proc/self/status]	VmSwap:	       0 kB
20220314 013947.606 INFO             PET0 PIOc_freedecomp Enter - MemInfo: [/proc/self/status]	VmRSSPercent: 0.134222 %
20220314 013947.606 INFO             PET0 PIOc_freedecomp Enter - MemInfo: [malloc] Non-mmapped space allocated:                 6172672 Byte
20220314 013947.606 INFO             PET0 PIOc_freedecomp Enter - MemInfo: [malloc] Space allocated in mmapped regions:         85999616 Byte
20220314 013947.606 INFO             PET0 PIOc_freedecomp Enter - MemInfo: [malloc] Maximum total allocated space:                     0 Byte
20220314 013947.606 INFO             PET0 PIOc_freedecomp Enter - MemInfo: [malloc] Space in freed fastbin blocks:                   672 Byte
20220314 013947.606 INFO             PET0 PIOc_freedecomp Enter - MemInfo: [malloc] Total allocated space:                       3260432 Byte
20220314 013947.606 INFO             PET0 PIOc_freedecomp Enter - MemInfo: [malloc] Total free space:                            2912240 Byte
20220314 013947.606 INFO             PET0 PIOc_freedecomp Enter - MemInfo: [malloc] Top-most, releasable space:                  2754464 Byte
20220314 013947.606 INFO             PET0 PIOc_freedecomp Enter - MemInfo: [malloc] Total space in use, mmap + non-mmap:        89260048 Byte
20220314 013947.606 INFO             PET0 PIOc_freedecomp Enter - MemInfo: [malloc] Total space held (mmap + non-mmap):         92172288 Byte
20220314 013947.606 INFO             PET0 PIOc_freedecomp Enter - MemInfo: [malloc] Total space used (mmap + non-mmap):         89269408 Byte
20220314 013947.606 INFO             PET0 PIOc_freedecomp Enter - MemInfo: Wall-clock time since execution start:               0.053546 seconds
20220314 013947.606 INFO             PET0 PIOc_freedecomp Exit - MemInfo: [/proc/meminfo - SSI]	MemTotal:       131394444 kB
20220314 013947.606 INFO             PET0 PIOc_freedecomp Exit - MemInfo: [/proc/meminfo - SSI]	MemFree:        122200088 kB
20220314 013947.606 INFO             PET0 PIOc_freedecomp Exit - MemInfo: [/proc/meminfo - SSI]	MemAvailable:   121883984 kB
20220314 013947.606 INFO             PET0 PIOc_freedecomp Exit - MemInfo: [/proc/meminfo - SSI]	Committed_AS:    4285132 kB
20220314 013947.606 INFO             PET0 PIOc_freedecomp Exit - MemInfo: [/proc/meminfo - SSI]	CommittedPercent: 3.26127 %
20220314 013947.606 INFO             PET0 PIOc_freedecomp Exit - MemInfo: [/proc/self/status]	VmPeak:	 3856352 kB
20220314 013947.606 INFO             PET0 PIOc_freedecomp Exit - MemInfo: [/proc/self/status]	VmSize:	 3855332 kB
20220314 013947.606 INFO             PET0 PIOc_freedecomp Exit - MemInfo: [/proc/self/status]	VmLck:	       0 kB
20220314 013947.606 INFO             PET0 PIOc_freedecomp Exit - MemInfo: [/proc/self/status]	VmPin:	   82140 kB
20220314 013947.606 INFO             PET0 PIOc_freedecomp Exit - MemInfo: [/proc/self/status]	VmHWM:	  176360 kB
20220314 013947.606 INFO             PET0 PIOc_freedecomp Exit - MemInfo: [/proc/self/status]	VmRSS:	  176360 kB
20220314 013947.606 INFO             PET0 PIOc_freedecomp Exit - MemInfo: [/proc/self/status]	VmData:	  271952 kB
20220314 013947.606 INFO             PET0 PIOc_freedecomp Exit - MemInfo: [/proc/self/status]	VmStk:	     512 kB
20220314 013947.606 INFO             PET0 PIOc_freedecomp Exit - MemInfo: [/proc/self/status]	VmExe:	    1828 kB
20220314 013947.606 INFO             PET0 PIOc_freedecomp Exit - MemInfo: [/proc/self/status]	VmLib:	  156408 kB
20220314 013947.606 INFO             PET0 PIOc_freedecomp Exit - MemInfo: [/proc/self/status]	VmPTE:	     840 kB
20220314 013947.606 INFO             PET0 PIOc_freedecomp Exit - MemInfo: [/proc/self/status]	VmPMD:	      32 kB
20220314 013947.606 INFO             PET0 PIOc_freedecomp Exit - MemInfo: [/proc/self/status]	VmSwap:	       0 kB
20220314 013947.606 INFO             PET0 PIOc_freedecomp Exit - MemInfo: [/proc/self/status]	VmRSSPercent: 0.134222 %
20220314 013947.606 INFO             PET0 PIOc_freedecomp Exit - MemInfo: [malloc] Non-mmapped space allocated:                 6172672 Byte
20220314 013947.606 INFO             PET0 PIOc_freedecomp Exit - MemInfo: [malloc] Space allocated in mmapped regions:         85999616 Byte
20220314 013947.606 INFO             PET0 PIOc_freedecomp Exit - MemInfo: [malloc] Maximum total allocated space:                     0 Byte
20220314 013947.606 INFO             PET0 PIOc_freedecomp Exit - MemInfo: [malloc] Space in freed fastbin blocks:                   672 Byte
20220314 013947.606 INFO             PET0 PIOc_freedecomp Exit - MemInfo: [malloc] Total allocated space:                       3257376 Byte
20220314 013947.607 INFO             PET0 PIOc_freedecomp Exit - MemInfo: [malloc] Total free space:                            2915296 Byte
20220314 013947.607 INFO             PET0 PIOc_freedecomp Exit - MemInfo: [malloc] Top-most, releasable space:                  2754464 Byte
20220314 013947.607 INFO             PET0 PIOc_freedecomp Exit - MemInfo: [malloc] Total space in use, mmap + non-mmap:        89256992 Byte
20220314 013947.607 INFO             PET0 PIOc_freedecomp Exit - MemInfo: [malloc] Total space held (mmap + non-mmap):         92172288 Byte
20220314 013947.607 INFO             PET0 PIOc_freedecomp Exit - MemInfo: [malloc] Total space used (mmap + non-mmap):         89266352 Byte
20220314 013947.607 INFO             PET0 PIOc_freedecomp Exit - MemInfo: Wall-clock time since execution start:              0.0541544 seconds
20220314 013947.607 INFO             PET0 PIOc_freedecomp Enter - MemInfo: [/proc/meminfo - SSI]	MemTotal:       131394444 kB
20220314 013947.607 INFO             PET0 PIOc_freedecomp Enter - MemInfo: [/proc/meminfo - SSI]	MemFree:        122200088 kB
20220314 013947.607 INFO             PET0 PIOc_freedecomp Enter - MemInfo: [/proc/meminfo - SSI]	MemAvailable:   121883984 kB
20220314 013947.607 INFO             PET0 PIOc_freedecomp Enter - MemInfo: [/proc/meminfo - SSI]	Committed_AS:    4285132 kB
20220314 013947.607 INFO             PET0 PIOc_freedecomp Enter - MemInfo: [/proc/meminfo - SSI]	CommittedPercent: 3.26127 %
20220314 013947.607 INFO             PET0 PIOc_freedecomp Enter - MemInfo: [/proc/self/status]	VmPeak:	 3856352 kB
20220314 013947.607 INFO             PET0 PIOc_freedecomp Enter - MemInfo: [/proc/self/status]	VmSize:	 3855332 kB
20220314 013947.607 INFO             PET0 PIOc_freedecomp Enter - MemInfo: [/proc/self/status]	VmLck:	       0 kB
20220314 013947.607 INFO             PET0 PIOc_freedecomp Enter - MemInfo: [/proc/self/status]	VmPin:	   82140 kB
20220314 013947.607 INFO             PET0 PIOc_freedecomp Enter - MemInfo: [/proc/self/status]	VmHWM:	  176360 kB
20220314 013947.607 INFO             PET0 PIOc_freedecomp Enter - MemInfo: [/proc/self/status]	VmRSS:	  176360 kB
20220314 013947.607 INFO             PET0 PIOc_freedecomp Enter - MemInfo: [/proc/self/status]	VmData:	  271952 kB
20220314 013947.607 INFO             PET0 PIOc_freedecomp Enter - MemInfo: [/proc/self/status]	VmStk:	     512 kB
20220314 013947.607 INFO             PET0 PIOc_freedecomp Enter - MemInfo: [/proc/self/status]	VmExe:	    1828 kB
20220314 013947.607 INFO             PET0 PIOc_freedecomp Enter - MemInfo: [/proc/self/status]	VmLib:	  156408 kB
20220314 013947.607 INFO             PET0 PIOc_freedecomp Enter - MemInfo: [/proc/self/status]	VmPTE:	     840 kB
20220314 013947.607 INFO             PET0 PIOc_freedecomp Enter - MemInfo: [/proc/self/status]	VmPMD:	      32 kB
20220314 013947.607 INFO             PET0 PIOc_freedecomp Enter - MemInfo: [/proc/self/status]	VmSwap:	       0 kB
20220314 013947.607 INFO             PET0 PIOc_freedecomp Enter - MemInfo: [/proc/self/status]	VmRSSPercent: 0.134222 %
20220314 013947.607 INFO             PET0 PIOc_freedecomp Enter - MemInfo: [malloc] Non-mmapped space allocated:                 6172672 Byte
20220314 013947.607 INFO             PET0 PIOc_freedecomp Enter - MemInfo: [malloc] Space allocated in mmapped regions:         85999616 Byte
20220314 013947.607 INFO             PET0 PIOc_freedecomp Enter - MemInfo: [malloc] Maximum total allocated space:                     0 Byte
20220314 013947.607 INFO             PET0 PIOc_freedecomp Enter - MemInfo: [malloc] Space in freed fastbin blocks:                   496 Byte
20220314 013947.607 INFO             PET0 PIOc_freedecomp Enter - MemInfo: [malloc] Total allocated space:                       3257248 Byte
20220314 013947.607 INFO             PET0 PIOc_freedecomp Enter - MemInfo: [malloc] Total free space:                            2915424 Byte
20220314 013947.607 INFO             PET0 PIOc_freedecomp Enter - MemInfo: [malloc] Top-most, releasable space:                  2754464 Byte
20220314 013947.607 INFO             PET0 PIOc_freedecomp Enter - MemInfo: [malloc] Total space in use, mmap + non-mmap:        89256864 Byte
20220314 013947.607 INFO             PET0 PIOc_freedecomp Enter - MemInfo: [malloc] Total space held (mmap + non-mmap):         92172288 Byte
20220314 013947.607 INFO             PET0 PIOc_freedecomp Enter - MemInfo: [malloc] Total space used (mmap + non-mmap):         89266224 Byte
20220314 013947.607 INFO             PET0 PIOc_freedecomp Enter - MemInfo: Wall-clock time since execution start:               0.054734 seconds
20220314 013947.607 INFO             PET0 PIOc_freedecomp Exit - MemInfo: [/proc/meminfo - SSI]	MemTotal:       131394444 kB
20220314 013947.607 INFO             PET0 PIOc_freedecomp Exit - MemInfo: [/proc/meminfo - SSI]	MemFree:        122200088 kB
20220314 013947.607 INFO             PET0 PIOc_freedecomp Exit - MemInfo: [/proc/meminfo - SSI]	MemAvailable:   121883984 kB
20220314 013947.607 INFO             PET0 PIOc_freedecomp Exit - MemInfo: [/proc/meminfo - SSI]	Committed_AS:    4285132 kB
20220314 013947.607 INFO             PET0 PIOc_freedecomp Exit - MemInfo: [/proc/meminfo - SSI]	CommittedPercent: 3.26127 %
20220314 013947.607 INFO             PET0 PIOc_freedecomp Exit - MemInfo: [/proc/self/status]	VmPeak:	 3856352 kB
20220314 013947.607 INFO             PET0 PIOc_freedecomp Exit - MemInfo: [/proc/self/status]	VmSize:	 3855332 kB
20220314 013947.607 INFO             PET0 PIOc_freedecomp Exit - MemInfo: [/proc/self/status]	VmLck:	       0 kB
20220314 013947.607 INFO             PET0 PIOc_freedecomp Exit - MemInfo: [/proc/self/status]	VmPin:	   82140 kB
20220314 013947.607 INFO             PET0 PIOc_freedecomp Exit - MemInfo: [/proc/self/status]	VmHWM:	  176360 kB
20220314 013947.607 INFO             PET0 PIOc_freedecomp Exit - MemInfo: [/proc/self/status]	VmRSS:	  176360 kB
20220314 013947.607 INFO             PET0 PIOc_freedecomp Exit - MemInfo: [/proc/self/status]	VmData:	  271952 kB
20220314 013947.607 INFO             PET0 PIOc_freedecomp Exit - MemInfo: [/proc/self/status]	VmStk:	     512 kB
20220314 013947.607 INFO             PET0 PIOc_freedecomp Exit - MemInfo: [/proc/self/status]	VmExe:	    1828 kB
20220314 013947.607 INFO             PET0 PIOc_freedecomp Exit - MemInfo: [/proc/self/status]	VmLib:	  156408 kB
20220314 013947.608 INFO             PET0 PIOc_freedecomp Exit - MemInfo: [/proc/self/status]	VmPTE:	     840 kB
20220314 013947.608 INFO             PET0 PIOc_freedecomp Exit - MemInfo: [/proc/self/status]	VmPMD:	      32 kB
20220314 013947.608 INFO             PET0 PIOc_freedecomp Exit - MemInfo: [/proc/self/status]	VmSwap:	       0 kB
20220314 013947.608 INFO             PET0 PIOc_freedecomp Exit - MemInfo: [/proc/self/status]	VmRSSPercent: 0.134222 %
20220314 013947.608 INFO             PET0 PIOc_freedecomp Exit - MemInfo: [malloc] Non-mmapped space allocated:                 6172672 Byte
20220314 013947.608 INFO             PET0 PIOc_freedecomp Exit - MemInfo: [malloc] Space allocated in mmapped regions:         85999616 Byte
20220314 013947.608 INFO             PET0 PIOc_freedecomp Exit - MemInfo: [malloc] Maximum total allocated space:                     0 Byte
20220314 013947.608 INFO             PET0 PIOc_freedecomp Exit - MemInfo: [malloc] Space in freed fastbin blocks:                   672 Byte
20220314 013947.608 INFO             PET0 PIOc_freedecomp Exit - MemInfo: [malloc] Total allocated space:                       3254032 Byte
20220314 013947.608 INFO             PET0 PIOc_freedecomp Exit - MemInfo: [malloc] Total free space:                            2918640 Byte
20220314 013947.608 INFO             PET0 PIOc_freedecomp Exit - MemInfo: [malloc] Top-most, releasable space:                  2754464 Byte
20220314 013947.608 INFO             PET0 PIOc_freedecomp Exit - MemInfo: [malloc] Total space in use, mmap + non-mmap:        89253648 Byte
20220314 013947.608 INFO             PET0 PIOc_freedecomp Exit - MemInfo: [malloc] Total space held (mmap + non-mmap):         92172288 Byte
20220314 013947.608 INFO             PET0 PIOc_freedecomp Exit - MemInfo: [malloc] Total space used (mmap + non-mmap):         89263008 Byte
20220314 013947.608 INFO             PET0 PIOc_freedecomp Exit - MemInfo: Wall-clock time since execution start:              0.0553102 seconds
20220314 013947.608 INFO             PET0 PIOc_freedecomp Enter - MemInfo: [/proc/meminfo - SSI]	MemTotal:       131394444 kB
20220314 013947.608 INFO             PET0 PIOc_freedecomp Enter - MemInfo: [/proc/meminfo - SSI]	MemFree:        122200088 kB
20220314 013947.608 INFO             PET0 PIOc_freedecomp Enter - MemInfo: [/proc/meminfo - SSI]	MemAvailable:   121883984 kB
20220314 013947.608 INFO             PET0 PIOc_freedecomp Enter - MemInfo: [/proc/meminfo - SSI]	Committed_AS:    4285132 kB
20220314 013947.608 INFO             PET0 PIOc_freedecomp Enter - MemInfo: [/proc/meminfo - SSI]	CommittedPercent: 3.26127 %
20220314 013947.608 INFO             PET0 PIOc_freedecomp Enter - MemInfo: [/proc/self/status]	VmPeak:	 3856352 kB
20220314 013947.608 INFO             PET0 PIOc_freedecomp Enter - MemInfo: [/proc/self/status]	VmSize:	 3855332 kB
20220314 013947.608 INFO             PET0 PIOc_freedecomp Enter - MemInfo: [/proc/self/status]	VmLck:	       0 kB
20220314 013947.608 INFO             PET0 PIOc_freedecomp Enter - MemInfo: [/proc/self/status]	VmPin:	   82140 kB
20220314 013947.608 INFO             PET0 PIOc_freedecomp Enter - MemInfo: [/proc/self/status]	VmHWM:	  176360 kB
20220314 013947.608 INFO             PET0 PIOc_freedecomp Enter - MemInfo: [/proc/self/status]	VmRSS:	  176360 kB
20220314 013947.608 INFO             PET0 PIOc_freedecomp Enter - MemInfo: [/proc/self/status]	VmData:	  271952 kB
20220314 013947.608 INFO             PET0 PIOc_freedecomp Enter - MemInfo: [/proc/self/status]	VmStk:	     512 kB
20220314 013947.608 INFO             PET0 PIOc_freedecomp Enter - MemInfo: [/proc/self/status]	VmExe:	    1828 kB
20220314 013947.608 INFO             PET0 PIOc_freedecomp Enter - MemInfo: [/proc/self/status]	VmLib:	  156408 kB
20220314 013947.608 INFO             PET0 PIOc_freedecomp Enter - MemInfo: [/proc/self/status]	VmPTE:	     840 kB
20220314 013947.608 INFO             PET0 PIOc_freedecomp Enter - MemInfo: [/proc/self/status]	VmPMD:	      32 kB
20220314 013947.608 INFO             PET0 PIOc_freedecomp Enter - MemInfo: [/proc/self/status]	VmSwap:	       0 kB
20220314 013947.608 INFO             PET0 PIOc_freedecomp Enter - MemInfo: [/proc/self/status]	VmRSSPercent: 0.134222 %
20220314 013947.608 INFO             PET0 PIOc_freedecomp Enter - MemInfo: [malloc] Non-mmapped space allocated:                 6172672 Byte
20220314 013947.608 INFO             PET0 PIOc_freedecomp Enter - MemInfo: [malloc] Space allocated in mmapped regions:         85999616 Byte
20220314 013947.608 INFO             PET0 PIOc_freedecomp Enter - MemInfo: [malloc] Maximum total allocated space:                     0 Byte
20220314 013947.608 INFO             PET0 PIOc_freedecomp Enter - MemInfo: [malloc] Space in freed fastbin blocks:                   496 Byte
20220314 013947.608 INFO             PET0 PIOc_freedecomp Enter - MemInfo: [malloc] Total allocated space:                       3253904 Byte
20220314 013947.608 INFO             PET0 PIOc_freedecomp Enter - MemInfo: [malloc] Total free space:                            2918768 Byte
20220314 013947.608 INFO             PET0 PIOc_freedecomp Enter - MemInfo: [malloc] Top-most, releasable space:                  2754464 Byte
20220314 013947.608 INFO             PET0 PIOc_freedecomp Enter - MemInfo: [malloc] Total space in use, mmap + non-mmap:        89253520 Byte
20220314 013947.608 INFO             PET0 PIOc_freedecomp Enter - MemInfo: [malloc] Total space held (mmap + non-mmap):         92172288 Byte
20220314 013947.608 INFO             PET0 PIOc_freedecomp Enter - MemInfo: [malloc] Total space used (mmap + non-mmap):         89262880 Byte
20220314 013947.608 INFO             PET0 PIOc_freedecomp Enter - MemInfo: Wall-clock time since execution start:              0.0558745 seconds
20220314 013947.608 INFO             PET0 PIOc_freedecomp Exit - MemInfo: [/proc/meminfo - SSI]	MemTotal:       131394444 kB
20220314 013947.608 INFO             PET0 PIOc_freedecomp Exit - MemInfo: [/proc/meminfo - SSI]	MemFree:        122200088 kB
20220314 013947.608 INFO             PET0 PIOc_freedecomp Exit - MemInfo: [/proc/meminfo - SSI]	MemAvailable:   121883984 kB
20220314 013947.608 INFO             PET0 PIOc_freedecomp Exit - MemInfo: [/proc/meminfo - SSI]	Committed_AS:    4285132 kB
20220314 013947.608 INFO             PET0 PIOc_freedecomp Exit - MemInfo: [/proc/meminfo - SSI]	CommittedPercent: 3.26127 %
20220314 013947.608 INFO             PET0 PIOc_freedecomp Exit - MemInfo: [/proc/self/status]	VmPeak:	 3856352 kB
20220314 013947.609 INFO             PET0 PIOc_freedecomp Exit - MemInfo: [/proc/self/status]	VmSize:	 3855332 kB
20220314 013947.609 INFO             PET0 PIOc_freedecomp Exit - MemInfo: [/proc/self/status]	VmLck:	       0 kB
20220314 013947.609 INFO             PET0 PIOc_freedecomp Exit - MemInfo: [/proc/self/status]	VmPin:	   82140 kB
20220314 013947.609 INFO             PET0 PIOc_freedecomp Exit - MemInfo: [/proc/self/status]	VmHWM:	  176360 kB
20220314 013947.609 INFO             PET0 PIOc_freedecomp Exit - MemInfo: [/proc/self/status]	VmRSS:	  176360 kB
20220314 013947.609 INFO             PET0 PIOc_freedecomp Exit - MemInfo: [/proc/self/status]	VmData:	  271952 kB
20220314 013947.609 INFO             PET0 PIOc_freedecomp Exit - MemInfo: [/proc/self/status]	VmStk:	     512 kB
20220314 013947.609 INFO             PET0 PIOc_freedecomp Exit - MemInfo: [/proc/self/status]	VmExe:	    1828 kB
20220314 013947.609 INFO             PET0 PIOc_freedecomp Exit - MemInfo: [/proc/self/status]	VmLib:	  156408 kB
20220314 013947.609 INFO             PET0 PIOc_freedecomp Exit - MemInfo: [/proc/self/status]	VmPTE:	     840 kB
20220314 013947.609 INFO             PET0 PIOc_freedecomp Exit - MemInfo: [/proc/self/status]	VmPMD:	      32 kB
20220314 013947.609 INFO             PET0 PIOc_freedecomp Exit - MemInfo: [/proc/self/status]	VmSwap:	       0 kB
20220314 013947.609 INFO             PET0 PIOc_freedecomp Exit - MemInfo: [/proc/self/status]	VmRSSPercent: 0.134222 %
20220314 013947.609 INFO             PET0 PIOc_freedecomp Exit - MemInfo: [malloc] Non-mmapped space allocated:                 6172672 Byte
20220314 013947.609 INFO             PET0 PIOc_freedecomp Exit - MemInfo: [malloc] Space allocated in mmapped regions:         85999616 Byte
20220314 013947.609 INFO             PET0 PIOc_freedecomp Exit - MemInfo: [malloc] Maximum total allocated space:                     0 Byte
20220314 013947.609 INFO             PET0 PIOc_freedecomp Exit - MemInfo: [malloc] Space in freed fastbin blocks:                   752 Byte
20220314 013947.609 INFO             PET0 PIOc_freedecomp Exit - MemInfo: [malloc] Total allocated space:                       3250240 Byte
20220314 013947.609 INFO             PET0 PIOc_freedecomp Exit - MemInfo: [malloc] Total free space:                            2922432 Byte
20220314 013947.609 INFO             PET0 PIOc_freedecomp Exit - MemInfo: [malloc] Top-most, releasable space:                  2754464 Byte
20220314 013947.609 INFO             PET0 PIOc_freedecomp Exit - MemInfo: [malloc] Total space in use, mmap + non-mmap:        89249856 Byte
20220314 013947.609 INFO             PET0 PIOc_freedecomp Exit - MemInfo: [malloc] Total space held (mmap + non-mmap):         92172288 Byte
20220314 013947.609 INFO             PET0 PIOc_freedecomp Exit - MemInfo: [malloc] Total space used (mmap + non-mmap):         89259216 Byte
20220314 013947.609 INFO             PET0 PIOc_freedecomp Exit - MemInfo: Wall-clock time since execution start:              0.0564614 seconds
20220314 013947.609 INFO             PET0  PASS  Writing a FieldBundle to a single file with timeslice Test, ESMF_FieldBundleIOUTest.F90, line 388
20220314 013947.609 INFO             PET0  PASS  Create attribute package on FieldBundle multi Test, ESMF_FieldBundleIOUTest.F90, line 404
20220314 013947.609 INFO             PET0  PASS  Set attribute values on FieldBundle multi Test, ESMF_FieldBundleIOUTest.F90, line 417
20220314 013947.611 INFO             PET0 PIOc_sync Enter - MemInfo: [/proc/meminfo - SSI]	MemTotal:       131394444 kB
20220314 013947.611 INFO             PET0 PIOc_sync Enter - MemInfo: [/proc/meminfo - SSI]	MemFree:        122200088 kB
20220314 013947.611 INFO             PET0 PIOc_sync Enter - MemInfo: [/proc/meminfo - SSI]	MemAvailable:   121883984 kB
20220314 013947.611 INFO             PET0 PIOc_sync Enter - MemInfo: [/proc/meminfo - SSI]	Committed_AS:    4285132 kB
20220314 013947.611 INFO             PET0 PIOc_sync Enter - MemInfo: [/proc/meminfo - SSI]	CommittedPercent: 3.26127 %
20220314 013947.611 INFO             PET0 PIOc_sync Enter - MemInfo: [/proc/self/status]	VmPeak:	 3856352 kB
20220314 013947.611 INFO             PET0 PIOc_sync Enter - MemInfo: [/proc/self/status]	VmSize:	 3855332 kB
20220314 013947.611 INFO             PET0 PIOc_sync Enter - MemInfo: [/proc/self/status]	VmLck:	       0 kB
20220314 013947.611 INFO             PET0 PIOc_sync Enter - MemInfo: [/proc/self/status]	VmPin:	   82140 kB
20220314 013947.611 INFO             PET0 PIOc_sync Enter - MemInfo: [/proc/self/status]	VmHWM:	  176424 kB
20220314 013947.611 INFO             PET0 PIOc_sync Enter - MemInfo: [/proc/self/status]	VmRSS:	  176424 kB
20220314 013947.611 INFO             PET0 PIOc_sync Enter - MemInfo: [/proc/self/status]	VmData:	  271952 kB
20220314 013947.611 INFO             PET0 PIOc_sync Enter - MemInfo: [/proc/self/status]	VmStk:	     512 kB
20220314 013947.611 INFO             PET0 PIOc_sync Enter - MemInfo: [/proc/self/status]	VmExe:	    1828 kB
20220314 013947.612 INFO             PET0 PIOc_sync Enter - MemInfo: [/proc/self/status]	VmLib:	  156408 kB
20220314 013947.612 INFO             PET0 PIOc_sync Enter - MemInfo: [/proc/self/status]	VmPTE:	     840 kB
20220314 013947.612 INFO             PET0 PIOc_sync Enter - MemInfo: [/proc/self/status]	VmPMD:	      32 kB
20220314 013947.612 INFO             PET0 PIOc_sync Enter - MemInfo: [/proc/self/status]	VmSwap:	       0 kB
20220314 013947.612 INFO             PET0 PIOc_sync Enter - MemInfo: [/proc/self/status]	VmRSSPercent: 0.134271 %
20220314 013947.612 INFO             PET0 PIOc_sync Enter - MemInfo: [malloc] Non-mmapped space allocated:                 6172672 Byte
20220314 013947.612 INFO             PET0 PIOc_sync Enter - MemInfo: [malloc] Space allocated in mmapped regions:         85999616 Byte
20220314 013947.612 INFO             PET0 PIOc_sync Enter - MemInfo: [malloc] Maximum total allocated space:                     0 Byte
20220314 013947.612 INFO             PET0 PIOc_sync Enter - MemInfo: [malloc] Space in freed fastbin blocks:                   896 Byte
20220314 013947.612 INFO             PET0 PIOc_sync Enter - MemInfo: [malloc] Total allocated space:                       5891136 Byte
20220314 013947.612 INFO             PET0 PIOc_sync Enter - MemInfo: [malloc] Total free space:                             281536 Byte
20220314 013947.612 INFO             PET0 PIOc_sync Enter - MemInfo: [malloc] Top-most, releasable space:                   132992 Byte
20220314 013947.612 INFO             PET0 PIOc_sync Enter - MemInfo: [malloc] Total space in use, mmap + non-mmap:        91890752 Byte
20220314 013947.612 INFO             PET0 PIOc_sync Enter - MemInfo: [malloc] Total space held (mmap + non-mmap):         92172288 Byte
20220314 013947.612 INFO             PET0 PIOc_sync Enter - MemInfo: [malloc] Total space used (mmap + non-mmap):         91900112 Byte
20220314 013947.612 INFO             PET0 PIOc_sync Enter - MemInfo: Wall-clock time since execution start:              0.0593481 seconds
20220314 013947.613 INFO             PET0 PIOc_sync Exit - MemInfo: [/proc/meminfo - SSI]	MemTotal:       131394444 kB
20220314 013947.613 INFO             PET0 PIOc_sync Exit - MemInfo: [/proc/meminfo - SSI]	MemFree:        122200088 kB
20220314 013947.613 INFO             PET0 PIOc_sync Exit - MemInfo: [/proc/meminfo - SSI]	MemAvailable:   121883984 kB
20220314 013947.613 INFO             PET0 PIOc_sync Exit - MemInfo: [/proc/meminfo - SSI]	Committed_AS:    4285132 kB
20220314 013947.613 INFO             PET0 PIOc_sync Exit - MemInfo: [/proc/meminfo - SSI]	CommittedPercent: 3.26127 %
20220314 013947.613 INFO             PET0 PIOc_sync Exit - MemInfo: [/proc/self/status]	VmPeak:	 3856352 kB
20220314 013947.613 INFO             PET0 PIOc_sync Exit - MemInfo: [/proc/self/status]	VmSize:	 3855332 kB
20220314 013947.613 INFO             PET0 PIOc_sync Exit - MemInfo: [/proc/self/status]	VmLck:	       0 kB
20220314 013947.613 INFO             PET0 PIOc_sync Exit - MemInfo: [/proc/self/status]	VmPin:	   82140 kB
20220314 013947.613 INFO             PET0 PIOc_sync Exit - MemInfo: [/proc/self/status]	VmHWM:	  176456 kB
20220314 013947.613 INFO             PET0 PIOc_sync Exit - MemInfo: [/proc/self/status]	VmRSS:	  176456 kB
20220314 013947.613 INFO             PET0 PIOc_sync Exit - MemInfo: [/proc/self/status]	VmData:	  271952 kB
20220314 013947.613 INFO             PET0 PIOc_sync Exit - MemInfo: [/proc/self/status]	VmStk:	     512 kB
