build time -- 2022-03-12 01:18:16.332562
20220312 013851.538 INFO             PET0 !!!!!!!!!!!!!!!!!!!!!!!!!!!!!!!!!!!!!!!!!!!!!!!!!!!!!!
20220312 013851.538 INFO             PET0 !!! THE ESMF_LOG IS SET TO OUTPUT ALL LOG MESSAGES !!!
20220312 013851.538 INFO             PET0 !!!     THIS MAY CAUSE SLOWDOWN IN PERFORMANCE     !!!
20220312 013851.538 INFO             PET0 !!! FOR PRODUCTION RUNS, USE:                      !!!
20220312 013851.538 INFO             PET0 !!!                   ESMF_LOGKIND_Multi_On_Error  !!!
20220312 013851.538 INFO             PET0 !!!!!!!!!!!!!!!!!!!!!!!!!!!!!!!!!!!!!!!!!!!!!!!!!!!!!!
20220312 013851.538 INFO             PET0 Running with ESMF Version   : v8.3.0b09-96-g559b459836
20220312 013851.538 INFO             PET0 ESMF library build date/time: "Mar 12 2022" "01:15:37"
20220312 013851.538 INFO             PET0 ESMF library build location : /gpfsm/dnb04/projects/p98/mpotts/esmf/intel_2020_intelmpi_g_jedwards_pio_update2
20220312 013851.538 INFO             PET0 ESMF_COMM                   : intelmpi
20220312 013851.539 INFO             PET0 ESMF_MOAB                   : enabled
20220312 013851.539 INFO             PET0 ESMF_LAPACK                 : enabled
20220312 013851.539 INFO             PET0 ESMF_NETCDF                 : enabled
20220312 013851.539 INFO             PET0 ESMF_PNETCDF                : disabled
20220312 013851.539 INFO             PET0 ESMF_PIO                    : enabled
20220312 013851.539 INFO             PET0 ESMF_YAMLCPP                : enabled
20220312 013851.540 INFO             PET0  Beginning Test, file ESMF_FieldBundleIOUTest.F90, line 71
20220312 013851.540 INFO             PET0  NUMBER_OF_PROCESSORS           4
20220312 013851.541 INFO             PET0  PASS  Creating a Grid to use in Field Tests, ESMF_FieldBundleIOUTest.F90, line 92
20220312 013851.541 INFO             PET0  PASS  Create dimensions attribute package on shared Grid Test, ESMF_FieldBundleIOUTest.F90, line 102
20220312 013851.542 INFO             PET0  PASS  Set dimensions attribute package on Grid Test, ESMF_FieldBundleIOUTest.F90, line 113
20220312 013851.542 INFO             PET0  PASS  Creating a 2 DE/PET Grid to use in Field Tests, ESMF_FieldBundleIOUTest.F90, line 123
20220312 013851.542 INFO             PET0  PASS  Create dimensions attribute package on 2 DE/PET Grid Test, ESMF_FieldBundleIOUTest.F90, line 133
20220312 013851.542 INFO             PET0  PASS  Set dimensions attribute package on Grid Test, ESMF_FieldBundleIOUTest.F90, line 144
20220312 013851.544 INFO             PET0  PASS  Create a field from grid and fortran dummy array, ESMF_FieldBundleIOUTest.F90, line 182
20220312 013851.544 INFO             PET0  PASS  Create attribute package on Field(1) Test, ESMF_FieldBundleIOUTest.F90, line 195
20220312 013851.544 INFO             PET0  PASS  Set attribute values on Field(1) Test, ESMF_FieldBundleIOUTest.F90, line 208
20220312 013851.545 INFO             PET0  PASS  Create a field from grid and fortran dummy array, ESMF_FieldBundleIOUTest.F90, line 218
20220312 013851.545 INFO             PET0  PASS  Create attribute package on Field(2) Test, ESMF_FieldBundleIOUTest.F90, line 230
20220312 013851.545 INFO             PET0  PASS  Set attribute values on Field(2) Test, ESMF_FieldBundleIOUTest.F90, line 243
20220312 013851.545 INFO             PET0  PASS  Array Spec Set, ESMF_FieldBundleIOUTest.F90, line 253
20220312 013851.546 INFO             PET0  PASS  Create a field from 2 DE/PET grid, ESMF_FieldBundleIOUTest.F90, line 263
20220312 013851.546 INFO             PET0  PASS  Create attribute package on Field(3) Test, ESMF_FieldBundleIOUTest.F90, line 275
20220312 013851.546 INFO             PET0  PASS  Set attribute values on Field(3) Test, ESMF_FieldBundleIOUTest.F90, line 288
20220312 013851.546 INFO             PET0  PASS  Get and fill Farray_w from field DE 0, ESMF_FieldBundleIOUTest.F90, line 298
20220312 013851.547 INFO             PET0  PASS  Get and fill Farray_w from field DE 1, ESMF_FieldBundleIOUTest.F90, line 308
20220312 013851.547 INFO             PET0  PASS  Create a bundle from 3 fields, ESMF_FieldBundleIOUTest.F90, line 317
20220312 013851.547 INFO             PET0  PASS  Create attribute package on FieldBundle single Test, ESMF_FieldBundleIOUTest.F90, line 329
20220312 013851.547 INFO             PET0  PASS  Set attribute values on FieldBundle single Test, ESMF_FieldBundleIOUTest.F90, line 342
20220312 013851.558 INFO             PET0 PIOc_sync Enter - MemInfo: [/proc/meminfo - SSI]	MemTotal:       131394452 kB
20220312 013851.558 INFO             PET0 PIOc_sync Enter - MemInfo: [/proc/meminfo - SSI]	MemFree:        122264692 kB
20220312 013851.558 INFO             PET0 PIOc_sync Enter - MemInfo: [/proc/meminfo - SSI]	MemAvailable:   121935120 kB
20220312 013851.558 INFO             PET0 PIOc_sync Enter - MemInfo: [/proc/meminfo - SSI]	Committed_AS:    4278220 kB
20220312 013851.558 INFO             PET0 PIOc_sync Enter - MemInfo: [/proc/meminfo - SSI]	CommittedPercent: 3.25601 %
20220312 013851.558 INFO             PET0 PIOc_sync Enter - MemInfo: [/proc/self/status]	VmPeak:	 3855652 kB
20220312 013851.558 INFO             PET0 PIOc_sync Enter - MemInfo: [/proc/self/status]	VmSize:	 3855652 kB
20220312 013851.558 INFO             PET0 PIOc_sync Enter - MemInfo: [/proc/self/status]	VmLck:	       0 kB
20220312 013851.558 INFO             PET0 PIOc_sync Enter - MemInfo: [/proc/self/status]	VmPin:	   82140 kB
20220312 013851.558 INFO             PET0 PIOc_sync Enter - MemInfo: [/proc/self/status]	VmHWM:	  175304 kB
20220312 013851.558 INFO             PET0 PIOc_sync Enter - MemInfo: [/proc/self/status]	VmRSS:	  175304 kB
20220312 013851.558 INFO             PET0 PIOc_sync Enter - MemInfo: [/proc/self/status]	VmData:	  272272 kB
20220312 013851.558 INFO             PET0 PIOc_sync Enter - MemInfo: [/proc/self/status]	VmStk:	     512 kB
20220312 013851.558 INFO             PET0 PIOc_sync Enter - MemInfo: [/proc/self/status]	VmExe:	    1828 kB
20220312 013851.558 INFO             PET0 PIOc_sync Enter - MemInfo: [/proc/self/status]	VmLib:	  156408 kB
20220312 013851.558 INFO             PET0 PIOc_sync Enter - MemInfo: [/proc/self/status]	VmPTE:	     840 kB
20220312 013851.558 INFO             PET0 PIOc_sync Enter - MemInfo: [/proc/self/status]	VmPMD:	      32 kB
20220312 013851.558 INFO             PET0 PIOc_sync Enter - MemInfo: [/proc/self/status]	VmSwap:	       0 kB
20220312 013851.558 INFO             PET0 PIOc_sync Enter - MemInfo: [/proc/self/status]	VmRSSPercent: 0.133418 %
20220312 013851.558 INFO             PET0 PIOc_sync Enter - MemInfo: [malloc] Non-mmapped space allocated:                 3870720 Byte
20220312 013851.558 INFO             PET0 PIOc_sync Enter - MemInfo: [malloc] Space allocated in mmapped regions:         88629248 Byte
20220312 013851.558 INFO             PET0 PIOc_sync Enter - MemInfo: [malloc] Maximum total allocated space:                     0 Byte
20220312 013851.558 INFO             PET0 PIOc_sync Enter - MemInfo: [malloc] Space in freed fastbin blocks:                  2256 Byte
20220312 013851.558 INFO             PET0 PIOc_sync Enter - MemInfo: [malloc] Total allocated space:                       3270480 Byte
20220312 013851.558 INFO             PET0 PIOc_sync Enter - MemInfo: [malloc] Total free space:                             600240 Byte
20220312 013851.558 INFO             PET0 PIOc_sync Enter - MemInfo: [malloc] Top-most, releasable space:                   452512 Byte
20220312 013851.558 INFO             PET0 PIOc_sync Enter - MemInfo: [malloc] Total space in use, mmap + non-mmap:        91899728 Byte
20220312 013851.558 INFO             PET0 PIOc_sync Enter - MemInfo: [malloc] Total space held (mmap + non-mmap):         92499968 Byte
20220312 013851.558 INFO             PET0 PIOc_sync Enter - MemInfo: [malloc] Total space used (mmap + non-mmap):         91909088 Byte
20220312 013851.558 INFO             PET0 PIOc_sync Enter - MemInfo: Wall-clock time since execution start:              0.0272324 seconds
20220312 013851.559 INFO             PET0 PIOc_sync Exit - MemInfo: [/proc/meminfo - SSI]	MemTotal:       131394452 kB
20220312 013851.559 INFO             PET0 PIOc_sync Exit - MemInfo: [/proc/meminfo - SSI]	MemFree:        122264692 kB
20220312 013851.559 INFO             PET0 PIOc_sync Exit - MemInfo: [/proc/meminfo - SSI]	MemAvailable:   121935120 kB
20220312 013851.559 INFO             PET0 PIOc_sync Exit - MemInfo: [/proc/meminfo - SSI]	Committed_AS:    4278220 kB
20220312 013851.559 INFO             PET0 PIOc_sync Exit - MemInfo: [/proc/meminfo - SSI]	CommittedPercent: 3.25601 %
20220312 013851.559 INFO             PET0 PIOc_sync Exit - MemInfo: [/proc/self/status]	VmPeak:	 3855652 kB
20220312 013851.559 INFO             PET0 PIOc_sync Exit - MemInfo: [/proc/self/status]	VmSize:	 3855652 kB
20220312 013851.559 INFO             PET0 PIOc_sync Exit - MemInfo: [/proc/self/status]	VmLck:	       0 kB
20220312 013851.559 INFO             PET0 PIOc_sync Exit - MemInfo: [/proc/self/status]	VmPin:	   82140 kB
20220312 013851.559 INFO             PET0 PIOc_sync Exit - MemInfo: [/proc/self/status]	VmHWM:	  175520 kB
20220312 013851.559 INFO             PET0 PIOc_sync Exit - MemInfo: [/proc/self/status]	VmRSS:	  175520 kB
20220312 013851.559 INFO             PET0 PIOc_sync Exit - MemInfo: [/proc/self/status]	VmData:	  272272 kB
20220312 013851.559 INFO             PET0 PIOc_sync Exit - MemInfo: [/proc/self/status]	VmStk:	     512 kB
20220312 013851.559 INFO             PET0 PIOc_sync Exit - MemInfo: [/proc/self/status]	VmExe:	    1828 kB
20220312 013851.559 INFO             PET0 PIOc_sync Exit - MemInfo: [/proc/self/status]	VmLib:	  156408 kB
20220312 013851.559 INFO             PET0 PIOc_sync Exit - MemInfo: [/proc/self/status]	VmPTE:	     840 kB
20220312 013851.559 INFO             PET0 PIOc_sync Exit - MemInfo: [/proc/self/status]	VmPMD:	      32 kB
20220312 013851.559 INFO             PET0 PIOc_sync Exit - MemInfo: [/proc/self/status]	VmSwap:	       0 kB
20220312 013851.559 INFO             PET0 PIOc_sync Exit - MemInfo: [/proc/self/status]	VmRSSPercent: 0.133583 %
20220312 013851.559 INFO             PET0 PIOc_sync Exit - MemInfo: [malloc] Non-mmapped space allocated:                 3870720 Byte
20220312 013851.559 INFO             PET0 PIOc_sync Exit - MemInfo: [malloc] Space allocated in mmapped regions:         88629248 Byte
20220312 013851.559 INFO             PET0 PIOc_sync Exit - MemInfo: [malloc] Maximum total allocated space:                     0 Byte
20220312 013851.559 INFO             PET0 PIOc_sync Exit - MemInfo: [malloc] Space in freed fastbin blocks:                   640 Byte
20220312 013851.559 INFO             PET0 PIOc_sync Exit - MemInfo: [malloc] Total allocated space:                       3268256 Byte
20220312 013851.559 INFO             PET0 PIOc_sync Exit - MemInfo: [malloc] Total free space:                             602464 Byte
20220312 013851.559 INFO             PET0 PIOc_sync Exit - MemInfo: [malloc] Top-most, releasable space:                   452512 Byte
20220312 013851.559 INFO             PET0 PIOc_sync Exit - MemInfo: [malloc] Total space in use, mmap + non-mmap:        91897504 Byte
20220312 013851.559 INFO             PET0 PIOc_sync Exit - MemInfo: [malloc] Total space held (mmap + non-mmap):         92499968 Byte
20220312 013851.559 INFO             PET0 PIOc_sync Exit - MemInfo: [malloc] Total space used (mmap + non-mmap):         91906864 Byte
20220312 013851.559 INFO             PET0 PIOc_sync Exit - MemInfo: Wall-clock time since execution start:               0.028061 seconds
20220312 013851.560 INFO             PET0 PIOc_freedecomp Enter - MemInfo: [/proc/meminfo - SSI]	MemTotal:       131394452 kB
20220312 013851.560 INFO             PET0 PIOc_freedecomp Enter - MemInfo: [/proc/meminfo - SSI]	MemFree:        122265904 kB
20220312 013851.560 INFO             PET0 PIOc_freedecomp Enter - MemInfo: [/proc/meminfo - SSI]	MemAvailable:   121936332 kB
20220312 013851.560 INFO             PET0 PIOc_freedecomp Enter - MemInfo: [/proc/meminfo - SSI]	Committed_AS:    4278220 kB
20220312 013851.560 INFO             PET0 PIOc_freedecomp Enter - MemInfo: [/proc/meminfo - SSI]	CommittedPercent: 3.25601 %
20220312 013851.560 INFO             PET0 PIOc_freedecomp Enter - MemInfo: [/proc/self/status]	VmPeak:	 3855652 kB
20220312 013851.560 INFO             PET0 PIOc_freedecomp Enter - MemInfo: [/proc/self/status]	VmSize:	 3853084 kB
20220312 013851.560 INFO             PET0 PIOc_freedecomp Enter - MemInfo: [/proc/self/status]	VmLck:	       0 kB
20220312 013851.560 INFO             PET0 PIOc_freedecomp Enter - MemInfo: [/proc/self/status]	VmPin:	   82140 kB
20220312 013851.560 INFO             PET0 PIOc_freedecomp Enter - MemInfo: [/proc/self/status]	VmHWM:	  175520 kB
20220312 013851.560 INFO             PET0 PIOc_freedecomp Enter - MemInfo: [/proc/self/status]	VmRSS:	  173472 kB
20220312 013851.560 INFO             PET0 PIOc_freedecomp Enter - MemInfo: [/proc/self/status]	VmData:	  269704 kB
20220312 013851.560 INFO             PET0 PIOc_freedecomp Enter - MemInfo: [/proc/self/status]	VmStk:	     512 kB
20220312 013851.560 INFO             PET0 PIOc_freedecomp Enter - MemInfo: [/proc/self/status]	VmExe:	    1828 kB
20220312 013851.560 INFO             PET0 PIOc_freedecomp Enter - MemInfo: [/proc/self/status]	VmLib:	  156408 kB
20220312 013851.560 INFO             PET0 PIOc_freedecomp Enter - MemInfo: [/proc/self/status]	VmPTE:	     836 kB
20220312 013851.560 INFO             PET0 PIOc_freedecomp Enter - MemInfo: [/proc/self/status]	VmPMD:	      32 kB
20220312 013851.560 INFO             PET0 PIOc_freedecomp Enter - MemInfo: [/proc/self/status]	VmSwap:	       0 kB
20220312 013851.560 INFO             PET0 PIOc_freedecomp Enter - MemInfo: [/proc/self/status]	VmRSSPercent: 0.132024 %
20220312 013851.560 INFO             PET0 PIOc_freedecomp Enter - MemInfo: [malloc] Non-mmapped space allocated:                 3870720 Byte
20220312 013851.560 INFO             PET0 PIOc_freedecomp Enter - MemInfo: [malloc] Space allocated in mmapped regions:         85999616 Byte
20220312 013851.560 INFO             PET0 PIOc_freedecomp Enter - MemInfo: [malloc] Maximum total allocated space:                     0 Byte
20220312 013851.560 INFO             PET0 PIOc_freedecomp Enter - MemInfo: [malloc] Space in freed fastbin blocks:                  3184 Byte
20220312 013851.560 INFO             PET0 PIOc_freedecomp Enter - MemInfo: [malloc] Total allocated space:                       3252832 Byte
20220312 013851.560 INFO             PET0 PIOc_freedecomp Enter - MemInfo: [malloc] Total free space:                             617888 Byte
20220312 013851.560 INFO             PET0 PIOc_freedecomp Enter - MemInfo: [malloc] Top-most, releasable space:                   452512 Byte
20220312 013851.560 INFO             PET0 PIOc_freedecomp Enter - MemInfo: [malloc] Total space in use, mmap + non-mmap:        89252448 Byte
20220312 013851.560 INFO             PET0 PIOc_freedecomp Enter - MemInfo: [malloc] Total space held (mmap + non-mmap):         89870336 Byte
20220312 013851.560 INFO             PET0 PIOc_freedecomp Enter - MemInfo: [malloc] Total space used (mmap + non-mmap):         89261808 Byte
20220312 013851.560 INFO             PET0 PIOc_freedecomp Enter - MemInfo: Wall-clock time since execution start:              0.0291609 seconds
20220312 013851.560 INFO             PET0 PIOc_freedecomp Exit - MemInfo: [/proc/meminfo - SSI]	MemTotal:       131394452 kB
20220312 013851.560 INFO             PET0 PIOc_freedecomp Exit - MemInfo: [/proc/meminfo - SSI]	MemFree:        122265904 kB
20220312 013851.560 INFO             PET0 PIOc_freedecomp Exit - MemInfo: [/proc/meminfo - SSI]	MemAvailable:   121936332 kB
20220312 013851.560 INFO             PET0 PIOc_freedecomp Exit - MemInfo: [/proc/meminfo - SSI]	Committed_AS:    4278220 kB
20220312 013851.560 INFO             PET0 PIOc_freedecomp Exit - MemInfo: [/proc/meminfo - SSI]	CommittedPercent: 3.25601 %
20220312 013851.560 INFO             PET0 PIOc_freedecomp Exit - MemInfo: [/proc/self/status]	VmPeak:	 3855652 kB
20220312 013851.560 INFO             PET0 PIOc_freedecomp Exit - MemInfo: [/proc/self/status]	VmSize:	 3853084 kB
20220312 013851.560 INFO             PET0 PIOc_freedecomp Exit - MemInfo: [/proc/self/status]	VmLck:	       0 kB
20220312 013851.560 INFO             PET0 PIOc_freedecomp Exit - MemInfo: [/proc/self/status]	VmPin:	   82140 kB
20220312 013851.560 INFO             PET0 PIOc_freedecomp Exit - MemInfo: [/proc/self/status]	VmHWM:	  175520 kB
20220312 013851.560 INFO             PET0 PIOc_freedecomp Exit - MemInfo: [/proc/self/status]	VmRSS:	  173472 kB
20220312 013851.560 INFO             PET0 PIOc_freedecomp Exit - MemInfo: [/proc/self/status]	VmData:	  269704 kB
20220312 013851.560 INFO             PET0 PIOc_freedecomp Exit - MemInfo: [/proc/self/status]	VmStk:	     512 kB
20220312 013851.560 INFO             PET0 PIOc_freedecomp Exit - MemInfo: [/proc/self/status]	VmExe:	    1828 kB
20220312 013851.560 INFO             PET0 PIOc_freedecomp Exit - MemInfo: [/proc/self/status]	VmLib:	  156408 kB
20220312 013851.560 INFO             PET0 PIOc_freedecomp Exit - MemInfo: [/proc/self/status]	VmPTE:	     836 kB
20220312 013851.560 INFO             PET0 PIOc_freedecomp Exit - MemInfo: [/proc/self/status]	VmPMD:	      32 kB
20220312 013851.560 INFO             PET0 PIOc_freedecomp Exit - MemInfo: [/proc/self/status]	VmSwap:	       0 kB
20220312 013851.560 INFO             PET0 PIOc_freedecomp Exit - MemInfo: [/proc/self/status]	VmRSSPercent: 0.132024 %
20220312 013851.560 INFO             PET0 PIOc_freedecomp Exit - MemInfo: [malloc] Non-mmapped space allocated:                 3870720 Byte
20220312 013851.560 INFO             PET0 PIOc_freedecomp Exit - MemInfo: [malloc] Space allocated in mmapped regions:         85999616 Byte
20220312 013851.560 INFO             PET0 PIOc_freedecomp Exit - MemInfo: [malloc] Maximum total allocated space:                     0 Byte
20220312 013851.560 INFO             PET0 PIOc_freedecomp Exit - MemInfo: [malloc] Space in freed fastbin blocks:                   672 Byte
20220312 013851.560 INFO             PET0 PIOc_freedecomp Exit - MemInfo: [malloc] Total allocated space:                       3249776 Byte
20220312 013851.560 INFO             PET0 PIOc_freedecomp Exit - MemInfo: [malloc] Total free space:                             620944 Byte
20220312 013851.561 INFO             PET0 PIOc_freedecomp Exit - MemInfo: [malloc] Top-most, releasable space:                   452512 Byte
20220312 013851.561 INFO             PET0 PIOc_freedecomp Exit - MemInfo: [malloc] Total space in use, mmap + non-mmap:        89249392 Byte
20220312 013851.561 INFO             PET0 PIOc_freedecomp Exit - MemInfo: [malloc] Total space held (mmap + non-mmap):         89870336 Byte
20220312 013851.561 INFO             PET0 PIOc_freedecomp Exit - MemInfo: [malloc] Total space used (mmap + non-mmap):         89258752 Byte
20220312 013851.561 INFO             PET0 PIOc_freedecomp Exit - MemInfo: Wall-clock time since execution start:              0.0296301 seconds
20220312 013851.561 INFO             PET0 PIOc_freedecomp Enter - MemInfo: [/proc/meminfo - SSI]	MemTotal:       131394452 kB
20220312 013851.561 INFO             PET0 PIOc_freedecomp Enter - MemInfo: [/proc/meminfo - SSI]	MemFree:        122265904 kB
20220312 013851.561 INFO             PET0 PIOc_freedecomp Enter - MemInfo: [/proc/meminfo - SSI]	MemAvailable:   121936332 kB
20220312 013851.561 INFO             PET0 PIOc_freedecomp Enter - MemInfo: [/proc/meminfo - SSI]	Committed_AS:    4278220 kB
20220312 013851.561 INFO             PET0 PIOc_freedecomp Enter - MemInfo: [/proc/meminfo - SSI]	CommittedPercent: 3.25601 %
20220312 013851.561 INFO             PET0 PIOc_freedecomp Enter - MemInfo: [/proc/self/status]	VmPeak:	 3855652 kB
20220312 013851.561 INFO             PET0 PIOc_freedecomp Enter - MemInfo: [/proc/self/status]	VmSize:	 3853084 kB
20220312 013851.561 INFO             PET0 PIOc_freedecomp Enter - MemInfo: [/proc/self/status]	VmLck:	       0 kB
20220312 013851.561 INFO             PET0 PIOc_freedecomp Enter - MemInfo: [/proc/self/status]	VmPin:	   82140 kB
20220312 013851.561 INFO             PET0 PIOc_freedecomp Enter - MemInfo: [/proc/self/status]	VmHWM:	  175520 kB
20220312 013851.561 INFO             PET0 PIOc_freedecomp Enter - MemInfo: [/proc/self/status]	VmRSS:	  173472 kB
20220312 013851.561 INFO             PET0 PIOc_freedecomp Enter - MemInfo: [/proc/self/status]	VmData:	  269704 kB
20220312 013851.561 INFO             PET0 PIOc_freedecomp Enter - MemInfo: [/proc/self/status]	VmStk:	     512 kB
20220312 013851.561 INFO             PET0 PIOc_freedecomp Enter - MemInfo: [/proc/self/status]	VmExe:	    1828 kB
20220312 013851.561 INFO             PET0 PIOc_freedecomp Enter - MemInfo: [/proc/self/status]	VmLib:	  156408 kB
20220312 013851.561 INFO             PET0 PIOc_freedecomp Enter - MemInfo: [/proc/self/status]	VmPTE:	     836 kB
20220312 013851.561 INFO             PET0 PIOc_freedecomp Enter - MemInfo: [/proc/self/status]	VmPMD:	      32 kB
20220312 013851.561 INFO             PET0 PIOc_freedecomp Enter - MemInfo: [/proc/self/status]	VmSwap:	       0 kB
20220312 013851.561 INFO             PET0 PIOc_freedecomp Enter - MemInfo: [/proc/self/status]	VmRSSPercent: 0.132024 %
20220312 013851.561 INFO             PET0 PIOc_freedecomp Enter - MemInfo: [malloc] Non-mmapped space allocated:                 3870720 Byte
20220312 013851.561 INFO             PET0 PIOc_freedecomp Enter - MemInfo: [malloc] Space allocated in mmapped regions:         85999616 Byte
20220312 013851.561 INFO             PET0 PIOc_freedecomp Enter - MemInfo: [malloc] Maximum total allocated space:                     0 Byte
20220312 013851.561 INFO             PET0 PIOc_freedecomp Enter - MemInfo: [malloc] Space in freed fastbin blocks:                   496 Byte
20220312 013851.561 INFO             PET0 PIOc_freedecomp Enter - MemInfo: [malloc] Total allocated space:                       3249648 Byte
20220312 013851.561 INFO             PET0 PIOc_freedecomp Enter - MemInfo: [malloc] Total free space:                             621072 Byte
20220312 013851.561 INFO             PET0 PIOc_freedecomp Enter - MemInfo: [malloc] Top-most, releasable space:                   452512 Byte
20220312 013851.561 INFO             PET0 PIOc_freedecomp Enter - MemInfo: [malloc] Total space in use, mmap + non-mmap:        89249264 Byte
20220312 013851.561 INFO             PET0 PIOc_freedecomp Enter - MemInfo: [malloc] Total space held (mmap + non-mmap):         89870336 Byte
20220312 013851.561 INFO             PET0 PIOc_freedecomp Enter - MemInfo: [malloc] Total space used (mmap + non-mmap):         89258624 Byte
20220312 013851.561 INFO             PET0 PIOc_freedecomp Enter - MemInfo: Wall-clock time since execution start:              0.0300986 seconds
20220312 013851.561 INFO             PET0 PIOc_freedecomp Exit - MemInfo: [/proc/meminfo - SSI]	MemTotal:       131394452 kB
20220312 013851.561 INFO             PET0 PIOc_freedecomp Exit - MemInfo: [/proc/meminfo - SSI]	MemFree:        122265904 kB
20220312 013851.561 INFO             PET0 PIOc_freedecomp Exit - MemInfo: [/proc/meminfo - SSI]	MemAvailable:   121936332 kB
20220312 013851.561 INFO             PET0 PIOc_freedecomp Exit - MemInfo: [/proc/meminfo - SSI]	Committed_AS:    4278220 kB
20220312 013851.561 INFO             PET0 PIOc_freedecomp Exit - MemInfo: [/proc/meminfo - SSI]	CommittedPercent: 3.25601 %
20220312 013851.561 INFO             PET0 PIOc_freedecomp Exit - MemInfo: [/proc/self/status]	VmPeak:	 3855652 kB
20220312 013851.561 INFO             PET0 PIOc_freedecomp Exit - MemInfo: [/proc/self/status]	VmSize:	 3853084 kB
20220312 013851.561 INFO             PET0 PIOc_freedecomp Exit - MemInfo: [/proc/self/status]	VmLck:	       0 kB
20220312 013851.561 INFO             PET0 PIOc_freedecomp Exit - MemInfo: [/proc/self/status]	VmPin:	   82140 kB
20220312 013851.561 INFO             PET0 PIOc_freedecomp Exit - MemInfo: [/proc/self/status]	VmHWM:	  175520 kB
20220312 013851.561 INFO             PET0 PIOc_freedecomp Exit - MemInfo: [/proc/self/status]	VmRSS:	  173472 kB
20220312 013851.561 INFO             PET0 PIOc_freedecomp Exit - MemInfo: [/proc/self/status]	VmData:	  269704 kB
20220312 013851.561 INFO             PET0 PIOc_freedecomp Exit - MemInfo: [/proc/self/status]	VmStk:	     512 kB
20220312 013851.561 INFO             PET0 PIOc_freedecomp Exit - MemInfo: [/proc/self/status]	VmExe:	    1828 kB
20220312 013851.561 INFO             PET0 PIOc_freedecomp Exit - MemInfo: [/proc/self/status]	VmLib:	  156408 kB
20220312 013851.561 INFO             PET0 PIOc_freedecomp Exit - MemInfo: [/proc/self/status]	VmPTE:	     836 kB
20220312 013851.561 INFO             PET0 PIOc_freedecomp Exit - MemInfo: [/proc/self/status]	VmPMD:	      32 kB
20220312 013851.561 INFO             PET0 PIOc_freedecomp Exit - MemInfo: [/proc/self/status]	VmSwap:	       0 kB
20220312 013851.561 INFO             PET0 PIOc_freedecomp Exit - MemInfo: [/proc/self/status]	VmRSSPercent: 0.132024 %
20220312 013851.561 INFO             PET0 PIOc_freedecomp Exit - MemInfo: [malloc] Non-mmapped space allocated:                 3870720 Byte
20220312 013851.561 INFO             PET0 PIOc_freedecomp Exit - MemInfo: [malloc] Space allocated in mmapped regions:         85999616 Byte
20220312 013851.561 INFO             PET0 PIOc_freedecomp Exit - MemInfo: [malloc] Maximum total allocated space:                     0 Byte
20220312 013851.561 INFO             PET0 PIOc_freedecomp Exit - MemInfo: [malloc] Space in freed fastbin blocks:                   672 Byte
20220312 013851.561 INFO             PET0 PIOc_freedecomp Exit - MemInfo: [malloc] Total allocated space:                       3246432 Byte
20220312 013851.561 INFO             PET0 PIOc_freedecomp Exit - MemInfo: [malloc] Total free space:                             624288 Byte
20220312 013851.561 INFO             PET0 PIOc_freedecomp Exit - MemInfo: [malloc] Top-most, releasable space:                   452512 Byte
20220312 013851.562 INFO             PET0 PIOc_freedecomp Exit - MemInfo: [malloc] Total space in use, mmap + non-mmap:        89246048 Byte
20220312 013851.562 INFO             PET0 PIOc_freedecomp Exit - MemInfo: [malloc] Total space held (mmap + non-mmap):         89870336 Byte
20220312 013851.562 INFO             PET0 PIOc_freedecomp Exit - MemInfo: [malloc] Total space used (mmap + non-mmap):         89255408 Byte
20220312 013851.562 INFO             PET0 PIOc_freedecomp Exit - MemInfo: Wall-clock time since execution start:              0.0306165 seconds
20220312 013851.562 INFO             PET0 PIOc_freedecomp Enter - MemInfo: [/proc/meminfo - SSI]	MemTotal:       131394452 kB
20220312 013851.562 INFO             PET0 PIOc_freedecomp Enter - MemInfo: [/proc/meminfo - SSI]	MemFree:        122265904 kB
20220312 013851.562 INFO             PET0 PIOc_freedecomp Enter - MemInfo: [/proc/meminfo - SSI]	MemAvailable:   121936332 kB
20220312 013851.562 INFO             PET0 PIOc_freedecomp Enter - MemInfo: [/proc/meminfo - SSI]	Committed_AS:    4278220 kB
20220312 013851.562 INFO             PET0 PIOc_freedecomp Enter - MemInfo: [/proc/meminfo - SSI]	CommittedPercent: 3.25601 %
20220312 013851.562 INFO             PET0 PIOc_freedecomp Enter - MemInfo: [/proc/self/status]	VmPeak:	 3855652 kB
20220312 013851.562 INFO             PET0 PIOc_freedecomp Enter - MemInfo: [/proc/self/status]	VmSize:	 3853084 kB
20220312 013851.562 INFO             PET0 PIOc_freedecomp Enter - MemInfo: [/proc/self/status]	VmLck:	       0 kB
20220312 013851.562 INFO             PET0 PIOc_freedecomp Enter - MemInfo: [/proc/self/status]	VmPin:	   82140 kB
20220312 013851.562 INFO             PET0 PIOc_freedecomp Enter - MemInfo: [/proc/self/status]	VmHWM:	  175520 kB
20220312 013851.562 INFO             PET0 PIOc_freedecomp Enter - MemInfo: [/proc/self/status]	VmRSS:	  173472 kB
20220312 013851.562 INFO             PET0 PIOc_freedecomp Enter - MemInfo: [/proc/self/status]	VmData:	  269704 kB
20220312 013851.562 INFO             PET0 PIOc_freedecomp Enter - MemInfo: [/proc/self/status]	VmStk:	     512 kB
20220312 013851.562 INFO             PET0 PIOc_freedecomp Enter - MemInfo: [/proc/self/status]	VmExe:	    1828 kB
20220312 013851.562 INFO             PET0 PIOc_freedecomp Enter - MemInfo: [/proc/self/status]	VmLib:	  156408 kB
20220312 013851.562 INFO             PET0 PIOc_freedecomp Enter - MemInfo: [/proc/self/status]	VmPTE:	     836 kB
20220312 013851.562 INFO             PET0 PIOc_freedecomp Enter - MemInfo: [/proc/self/status]	VmPMD:	      32 kB
20220312 013851.562 INFO             PET0 PIOc_freedecomp Enter - MemInfo: [/proc/self/status]	VmSwap:	       0 kB
20220312 013851.562 INFO             PET0 PIOc_freedecomp Enter - MemInfo: [/proc/self/status]	VmRSSPercent: 0.132024 %
20220312 013851.562 INFO             PET0 PIOc_freedecomp Enter - MemInfo: [malloc] Non-mmapped space allocated:                 3870720 Byte
20220312 013851.562 INFO             PET0 PIOc_freedecomp Enter - MemInfo: [malloc] Space allocated in mmapped regions:         85999616 Byte
20220312 013851.562 INFO             PET0 PIOc_freedecomp Enter - MemInfo: [malloc] Maximum total allocated space:                     0 Byte
20220312 013851.562 INFO             PET0 PIOc_freedecomp Enter - MemInfo: [malloc] Space in freed fastbin blocks:                   496 Byte
20220312 013851.562 INFO             PET0 PIOc_freedecomp Enter - MemInfo: [malloc] Total allocated space:                       3246304 Byte
20220312 013851.562 INFO             PET0 PIOc_freedecomp Enter - MemInfo: [malloc] Total free space:                             624416 Byte
20220312 013851.562 INFO             PET0 PIOc_freedecomp Enter - MemInfo: [malloc] Top-most, releasable space:                   452512 Byte
20220312 013851.562 INFO             PET0 PIOc_freedecomp Enter - MemInfo: [malloc] Total space in use, mmap + non-mmap:        89245920 Byte
20220312 013851.562 INFO             PET0 PIOc_freedecomp Enter - MemInfo: [malloc] Total space held (mmap + non-mmap):         89870336 Byte
20220312 013851.562 INFO             PET0 PIOc_freedecomp Enter - MemInfo: [malloc] Total space used (mmap + non-mmap):         89255280 Byte
20220312 013851.562 INFO             PET0 PIOc_freedecomp Enter - MemInfo: Wall-clock time since execution start:              0.0311154 seconds
20220312 013851.562 INFO             PET0 PIOc_freedecomp Exit - MemInfo: [/proc/meminfo - SSI]	MemTotal:       131394452 kB
20220312 013851.562 INFO             PET0 PIOc_freedecomp Exit - MemInfo: [/proc/meminfo - SSI]	MemFree:        122265904 kB
20220312 013851.562 INFO             PET0 PIOc_freedecomp Exit - MemInfo: [/proc/meminfo - SSI]	MemAvailable:   121936332 kB
20220312 013851.562 INFO             PET0 PIOc_freedecomp Exit - MemInfo: [/proc/meminfo - SSI]	Committed_AS:    4278220 kB
20220312 013851.562 INFO             PET0 PIOc_freedecomp Exit - MemInfo: [/proc/meminfo - SSI]	CommittedPercent: 3.25601 %
20220312 013851.562 INFO             PET0 PIOc_freedecomp Exit - MemInfo: [/proc/self/status]	VmPeak:	 3855652 kB
20220312 013851.562 INFO             PET0 PIOc_freedecomp Exit - MemInfo: [/proc/self/status]	VmSize:	 3853084 kB
20220312 013851.562 INFO             PET0 PIOc_freedecomp Exit - MemInfo: [/proc/self/status]	VmLck:	       0 kB
20220312 013851.562 INFO             PET0 PIOc_freedecomp Exit - MemInfo: [/proc/self/status]	VmPin:	   82140 kB
20220312 013851.562 INFO             PET0 PIOc_freedecomp Exit - MemInfo: [/proc/self/status]	VmHWM:	  175520 kB
20220312 013851.562 INFO             PET0 PIOc_freedecomp Exit - MemInfo: [/proc/self/status]	VmRSS:	  173472 kB
20220312 013851.562 INFO             PET0 PIOc_freedecomp Exit - MemInfo: [/proc/self/status]	VmData:	  269704 kB
20220312 013851.562 INFO             PET0 PIOc_freedecomp Exit - MemInfo: [/proc/self/status]	VmStk:	     512 kB
20220312 013851.562 INFO             PET0 PIOc_freedecomp Exit - MemInfo: [/proc/self/status]	VmExe:	    1828 kB
20220312 013851.562 INFO             PET0 PIOc_freedecomp Exit - MemInfo: [/proc/self/status]	VmLib:	  156408 kB
20220312 013851.562 INFO             PET0 PIOc_freedecomp Exit - MemInfo: [/proc/self/status]	VmPTE:	     836 kB
20220312 013851.562 INFO             PET0 PIOc_freedecomp Exit - MemInfo: [/proc/self/status]	VmPMD:	      32 kB
20220312 013851.562 INFO             PET0 PIOc_freedecomp Exit - MemInfo: [/proc/self/status]	VmSwap:	       0 kB
20220312 013851.562 INFO             PET0 PIOc_freedecomp Exit - MemInfo: [/proc/self/status]	VmRSSPercent: 0.132024 %
20220312 013851.562 INFO             PET0 PIOc_freedecomp Exit - MemInfo: [malloc] Non-mmapped space allocated:                 3870720 Byte
20220312 013851.562 INFO             PET0 PIOc_freedecomp Exit - MemInfo: [malloc] Space allocated in mmapped regions:         85999616 Byte
20220312 013851.562 INFO             PET0 PIOc_freedecomp Exit - MemInfo: [malloc] Maximum total allocated space:                     0 Byte
20220312 013851.562 INFO             PET0 PIOc_freedecomp Exit - MemInfo: [malloc] Space in freed fastbin blocks:                   752 Byte
20220312 013851.562 INFO             PET0 PIOc_freedecomp Exit - MemInfo: [malloc] Total allocated space:                       3242640 Byte
20220312 013851.562 INFO             PET0 PIOc_freedecomp Exit - MemInfo: [malloc] Total free space:                             628080 Byte
20220312 013851.562 INFO             PET0 PIOc_freedecomp Exit - MemInfo: [malloc] Top-most, releasable space:                   452512 Byte
20220312 013851.562 INFO             PET0 PIOc_freedecomp Exit - MemInfo: [malloc] Total space in use, mmap + non-mmap:        89242256 Byte
20220312 013851.562 INFO             PET0 PIOc_freedecomp Exit - MemInfo: [malloc] Total space held (mmap + non-mmap):         89870336 Byte
20220312 013851.563 INFO             PET0 PIOc_freedecomp Exit - MemInfo: [malloc] Total space used (mmap + non-mmap):         89251616 Byte
20220312 013851.563 INFO             PET0 PIOc_freedecomp Exit - MemInfo: Wall-clock time since execution start:              0.0315767 seconds
20220312 013851.563 INFO             PET0  PASS  Writing a FieldBundle to a single file Test, ESMF_FieldBundleIOUTest.F90, line 355
20220312 013851.565 INFO             PET0 PIOc_sync Enter - MemInfo: [/proc/meminfo - SSI]	MemTotal:       131394452 kB
20220312 013851.566 INFO             PET0 PIOc_sync Enter - MemInfo: [/proc/meminfo - SSI]	MemFree:        122264444 kB
20220312 013851.566 INFO             PET0 PIOc_sync Enter - MemInfo: [/proc/meminfo - SSI]	MemAvailable:   121934872 kB
20220312 013851.566 INFO             PET0 PIOc_sync Enter - MemInfo: [/proc/meminfo - SSI]	Committed_AS:    4278220 kB
20220312 013851.566 INFO             PET0 PIOc_sync Enter - MemInfo: [/proc/meminfo - SSI]	CommittedPercent: 3.25601 %
20220312 013851.566 INFO             PET0 PIOc_sync Enter - MemInfo: [/proc/self/status]	VmPeak:	 3855652 kB
20220312 013851.566 INFO             PET0 PIOc_sync Enter - MemInfo: [/proc/self/status]	VmSize:	 3855332 kB
20220312 013851.566 INFO             PET0 PIOc_sync Enter - MemInfo: [/proc/self/status]	VmLck:	       0 kB
20220312 013851.566 INFO             PET0 PIOc_sync Enter - MemInfo: [/proc/self/status]	VmPin:	   82140 kB
20220312 013851.566 INFO             PET0 PIOc_sync Enter - MemInfo: [/proc/self/status]	VmHWM:	  176064 kB
20220312 013851.566 INFO             PET0 PIOc_sync Enter - MemInfo: [/proc/self/status]	VmRSS:	  176064 kB
20220312 013851.566 INFO             PET0 PIOc_sync Enter - MemInfo: [/proc/self/status]	VmData:	  271952 kB
20220312 013851.566 INFO             PET0 PIOc_sync Enter - MemInfo: [/proc/self/status]	VmStk:	     512 kB
20220312 013851.566 INFO             PET0 PIOc_sync Enter - MemInfo: [/proc/self/status]	VmExe:	    1828 kB
20220312 013851.566 INFO             PET0 PIOc_sync Enter - MemInfo: [/proc/self/status]	VmLib:	  156408 kB
20220312 013851.566 INFO             PET0 PIOc_sync Enter - MemInfo: [/proc/self/status]	VmPTE:	     840 kB
20220312 013851.566 INFO             PET0 PIOc_sync Enter - MemInfo: [/proc/self/status]	VmPMD:	      32 kB
20220312 013851.566 INFO             PET0 PIOc_sync Enter - MemInfo: [/proc/self/status]	VmSwap:	       0 kB
20220312 013851.566 INFO             PET0 PIOc_sync Enter - MemInfo: [/proc/self/status]	VmRSSPercent: 0.133997 %
20220312 013851.566 INFO             PET0 PIOc_sync Enter - MemInfo: [malloc] Non-mmapped space allocated:                 6172672 Byte
20220312 013851.566 INFO             PET0 PIOc_sync Enter - MemInfo: [malloc] Space allocated in mmapped regions:         85999616 Byte
20220312 013851.566 INFO             PET0 PIOc_sync Enter - MemInfo: [malloc] Maximum total allocated space:                     0 Byte
20220312 013851.566 INFO             PET0 PIOc_sync Enter - MemInfo: [malloc] Space in freed fastbin blocks:                  1504 Byte
20220312 013851.566 INFO             PET0 PIOc_sync Enter - MemInfo: [malloc] Total allocated space:                       5893632 Byte
20220312 013851.566 INFO             PET0 PIOc_sync Enter - MemInfo: [malloc] Total free space:                             279040 Byte
20220312 013851.566 INFO             PET0 PIOc_sync Enter - MemInfo: [malloc] Top-most, releasable space:                   132992 Byte
20220312 013851.566 INFO             PET0 PIOc_sync Enter - MemInfo: [malloc] Total space in use, mmap + non-mmap:        91893248 Byte
20220312 013851.566 INFO             PET0 PIOc_sync Enter - MemInfo: [malloc] Total space held (mmap + non-mmap):         92172288 Byte
20220312 013851.566 INFO             PET0 PIOc_sync Enter - MemInfo: [malloc] Total space used (mmap + non-mmap):         91902608 Byte
20220312 013851.566 INFO             PET0 PIOc_sync Enter - MemInfo: Wall-clock time since execution start:              0.0350294 seconds
20220312 013851.566 INFO             PET0 PIOc_sync Exit - MemInfo: [/proc/meminfo - SSI]	MemTotal:       131394452 kB
20220312 013851.567 INFO             PET0 PIOc_sync Exit - MemInfo: [/proc/meminfo - SSI]	MemFree:        122264444 kB
20220312 013851.567 INFO             PET0 PIOc_sync Exit - MemInfo: [/proc/meminfo - SSI]	MemAvailable:   121934872 kB
20220312 013851.567 INFO             PET0 PIOc_sync Exit - MemInfo: [/proc/meminfo - SSI]	Committed_AS:    4278220 kB
20220312 013851.567 INFO             PET0 PIOc_sync Exit - MemInfo: [/proc/meminfo - SSI]	CommittedPercent: 3.25601 %
20220312 013851.567 INFO             PET0 PIOc_sync Exit - MemInfo: [/proc/self/status]	VmPeak:	 3855652 kB
20220312 013851.567 INFO             PET0 PIOc_sync Exit - MemInfo: [/proc/self/status]	VmSize:	 3855332 kB
20220312 013851.567 INFO             PET0 PIOc_sync Exit - MemInfo: [/proc/self/status]	VmLck:	       0 kB
20220312 013851.567 INFO             PET0 PIOc_sync Exit - MemInfo: [/proc/self/status]	VmPin:	   82140 kB
20220312 013851.567 INFO             PET0 PIOc_sync Exit - MemInfo: [/proc/self/status]	VmHWM:	  176112 kB
20220312 013851.567 INFO             PET0 PIOc_sync Exit - MemInfo: [/proc/self/status]	VmRSS:	  176112 kB
20220312 013851.567 INFO             PET0 PIOc_sync Exit - MemInfo: [/proc/self/status]	VmData:	  271952 kB
20220312 013851.567 INFO             PET0 PIOc_sync Exit - MemInfo: [/proc/self/status]	VmStk:	     512 kB
20220312 013851.567 INFO             PET0 PIOc_sync Exit - MemInfo: [/proc/self/status]	VmExe:	    1828 kB
20220312 013851.567 INFO             PET0 PIOc_sync Exit - MemInfo: [/proc/self/status]	VmLib:	  156408 kB
20220312 013851.567 INFO             PET0 PIOc_sync Exit - MemInfo: [/proc/self/status]	VmPTE:	     840 kB
20220312 013851.567 INFO             PET0 PIOc_sync Exit - MemInfo: [/proc/self/status]	VmPMD:	      32 kB
20220312 013851.567 INFO             PET0 PIOc_sync Exit - MemInfo: [/proc/self/status]	VmSwap:	       0 kB
20220312 013851.567 INFO             PET0 PIOc_sync Exit - MemInfo: [/proc/self/status]	VmRSSPercent: 0.134033 %
20220312 013851.567 INFO             PET0 PIOc_sync Exit - MemInfo: [malloc] Non-mmapped space allocated:                 6172672 Byte
20220312 013851.567 INFO             PET0 PIOc_sync Exit - MemInfo: [malloc] Space allocated in mmapped regions:         85999616 Byte
20220312 013851.567 INFO             PET0 PIOc_sync Exit - MemInfo: [malloc] Maximum total allocated space:                     0 Byte
20220312 013851.567 INFO             PET0 PIOc_sync Exit - MemInfo: [malloc] Space in freed fastbin blocks:                   432 Byte
20220312 013851.567 INFO             PET0 PIOc_sync Exit - MemInfo: [malloc] Total allocated space:                       5891312 Byte
20220312 013851.567 INFO             PET0 PIOc_sync Exit - MemInfo: [malloc] Total free space:                             281360 Byte
20220312 013851.567 INFO             PET0 PIOc_sync Exit - MemInfo: [malloc] Top-most, releasable space:                   132992 Byte
20220312 013851.567 INFO             PET0 PIOc_sync Exit - MemInfo: [malloc] Total space in use, mmap + non-mmap:        91890928 Byte
20220312 013851.567 INFO             PET0 PIOc_sync Exit - MemInfo: [malloc] Total space held (mmap + non-mmap):         92172288 Byte
20220312 013851.567 INFO             PET0 PIOc_sync Exit - MemInfo: [malloc] Total space used (mmap + non-mmap):         91900288 Byte
20220312 013851.567 INFO             PET0 PIOc_sync Exit - MemInfo: Wall-clock time since execution start:              0.0360035 seconds
20220312 013851.567 INFO             PET0 PIOc_freedecomp Enter - MemInfo: [/proc/meminfo - SSI]	MemTotal:       131394452 kB
20220312 013851.567 INFO             PET0 PIOc_freedecomp Enter - MemInfo: [/proc/meminfo - SSI]	MemFree:        122263948 kB
20220312 013851.567 INFO             PET0 PIOc_freedecomp Enter - MemInfo: [/proc/meminfo - SSI]	MemAvailable:   121934376 kB
20220312 013851.567 INFO             PET0 PIOc_freedecomp Enter - MemInfo: [/proc/meminfo - SSI]	Committed_AS:    4278220 kB
20220312 013851.567 INFO             PET0 PIOc_freedecomp Enter - MemInfo: [/proc/meminfo - SSI]	CommittedPercent: 3.25601 %
20220312 013851.567 INFO             PET0 PIOc_freedecomp Enter - MemInfo: [/proc/self/status]	VmPeak:	 3855652 kB
20220312 013851.567 INFO             PET0 PIOc_freedecomp Enter - MemInfo: [/proc/self/status]	VmSize:	 3855332 kB
20220312 013851.567 INFO             PET0 PIOc_freedecomp Enter - MemInfo: [/proc/self/status]	VmLck:	       0 kB
20220312 013851.567 INFO             PET0 PIOc_freedecomp Enter - MemInfo: [/proc/self/status]	VmPin:	   82140 kB
20220312 013851.567 INFO             PET0 PIOc_freedecomp Enter - MemInfo: [/proc/self/status]	VmHWM:	  176112 kB
20220312 013851.567 INFO             PET0 PIOc_freedecomp Enter - MemInfo: [/proc/self/status]	VmRSS:	  176112 kB
20220312 013851.567 INFO             PET0 PIOc_freedecomp Enter - MemInfo: [/proc/self/status]	VmData:	  271952 kB
20220312 013851.567 INFO             PET0 PIOc_freedecomp Enter - MemInfo: [/proc/self/status]	VmStk:	     512 kB
20220312 013851.567 INFO             PET0 PIOc_freedecomp Enter - MemInfo: [/proc/self/status]	VmExe:	    1828 kB
20220312 013851.567 INFO             PET0 PIOc_freedecomp Enter - MemInfo: [/proc/self/status]	VmLib:	  156408 kB
20220312 013851.567 INFO             PET0 PIOc_freedecomp Enter - MemInfo: [/proc/self/status]	VmPTE:	     840 kB
20220312 013851.567 INFO             PET0 PIOc_freedecomp Enter - MemInfo: [/proc/self/status]	VmPMD:	      32 kB
20220312 013851.567 INFO             PET0 PIOc_freedecomp Enter - MemInfo: [/proc/self/status]	VmSwap:	       0 kB
20220312 013851.567 INFO             PET0 PIOc_freedecomp Enter - MemInfo: [/proc/self/status]	VmRSSPercent: 0.134033 %
20220312 013851.567 INFO             PET0 PIOc_freedecomp Enter - MemInfo: [malloc] Non-mmapped space allocated:                 6172672 Byte
20220312 013851.567 INFO             PET0 PIOc_freedecomp Enter - MemInfo: [malloc] Space allocated in mmapped regions:         85999616 Byte
20220312 013851.567 INFO             PET0 PIOc_freedecomp Enter - MemInfo: [malloc] Maximum total allocated space:                     0 Byte
20220312 013851.567 INFO             PET0 PIOc_freedecomp Enter - MemInfo: [malloc] Space in freed fastbin blocks:                   720 Byte
20220312 013851.567 INFO             PET0 PIOc_freedecomp Enter - MemInfo: [malloc] Total allocated space:                       3254928 Byte
20220312 013851.567 INFO             PET0 PIOc_freedecomp Enter - MemInfo: [malloc] Total free space:                            2917744 Byte
20220312 013851.567 INFO             PET0 PIOc_freedecomp Enter - MemInfo: [malloc] Top-most, releasable space:                  2754464 Byte
20220312 013851.567 INFO             PET0 PIOc_freedecomp Enter - MemInfo: [malloc] Total space in use, mmap + non-mmap:        89254544 Byte
20220312 013851.568 INFO             PET0 PIOc_freedecomp Enter - MemInfo: [malloc] Total space held (mmap + non-mmap):         92172288 Byte
20220312 013851.568 INFO             PET0 PIOc_freedecomp Enter - MemInfo: [malloc] Total space used (mmap + non-mmap):         89263904 Byte
20220312 013851.568 INFO             PET0 PIOc_freedecomp Enter - MemInfo: Wall-clock time since execution start:              0.0365931 seconds
20220312 013851.568 INFO             PET0 PIOc_freedecomp Exit - MemInfo: [/proc/meminfo - SSI]	MemTotal:       131394452 kB
20220312 013851.568 INFO             PET0 PIOc_freedecomp Exit - MemInfo: [/proc/meminfo - SSI]	MemFree:        122263948 kB
20220312 013851.568 INFO             PET0 PIOc_freedecomp Exit - MemInfo: [/proc/meminfo - SSI]	MemAvailable:   121934376 kB
20220312 013851.568 INFO             PET0 PIOc_freedecomp Exit - MemInfo: [/proc/meminfo - SSI]	Committed_AS:    4278220 kB
20220312 013851.568 INFO             PET0 PIOc_freedecomp Exit - MemInfo: [/proc/meminfo - SSI]	CommittedPercent: 3.25601 %
20220312 013851.568 INFO             PET0 PIOc_freedecomp Exit - MemInfo: [/proc/self/status]	VmPeak:	 3855652 kB
20220312 013851.568 INFO             PET0 PIOc_freedecomp Exit - MemInfo: [/proc/self/status]	VmSize:	 3855332 kB
20220312 013851.568 INFO             PET0 PIOc_freedecomp Exit - MemInfo: [/proc/self/status]	VmLck:	       0 kB
20220312 013851.568 INFO             PET0 PIOc_freedecomp Exit - MemInfo: [/proc/self/status]	VmPin:	   82140 kB
20220312 013851.568 INFO             PET0 PIOc_freedecomp Exit - MemInfo: [/proc/self/status]	VmHWM:	  176112 kB
20220312 013851.568 INFO             PET0 PIOc_freedecomp Exit - MemInfo: [/proc/self/status]	VmRSS:	  176112 kB
20220312 013851.568 INFO             PET0 PIOc_freedecomp Exit - MemInfo: [/proc/self/status]	VmData:	  271952 kB
20220312 013851.568 INFO             PET0 PIOc_freedecomp Exit - MemInfo: [/proc/self/status]	VmStk:	     512 kB
20220312 013851.568 INFO             PET0 PIOc_freedecomp Exit - MemInfo: [/proc/self/status]	VmExe:	    1828 kB
20220312 013851.568 INFO             PET0 PIOc_freedecomp Exit - MemInfo: [/proc/self/status]	VmLib:	  156408 kB
20220312 013851.568 INFO             PET0 PIOc_freedecomp Exit - MemInfo: [/proc/self/status]	VmPTE:	     840 kB
20220312 013851.568 INFO             PET0 PIOc_freedecomp Exit - MemInfo: [/proc/self/status]	VmPMD:	      32 kB
20220312 013851.568 INFO             PET0 PIOc_freedecomp Exit - MemInfo: [/proc/self/status]	VmSwap:	       0 kB
20220312 013851.568 INFO             PET0 PIOc_freedecomp Exit - MemInfo: [/proc/self/status]	VmRSSPercent: 0.134033 %
20220312 013851.568 INFO             PET0 PIOc_freedecomp Exit - MemInfo: [malloc] Non-mmapped space allocated:                 6172672 Byte
20220312 013851.568 INFO             PET0 PIOc_freedecomp Exit - MemInfo: [malloc] Space allocated in mmapped regions:         85999616 Byte
20220312 013851.568 INFO             PET0 PIOc_freedecomp Exit - MemInfo: [malloc] Maximum total allocated space:                     0 Byte
20220312 013851.568 INFO             PET0 PIOc_freedecomp Exit - MemInfo: [malloc] Space in freed fastbin blocks:                   560 Byte
20220312 013851.568 INFO             PET0 PIOc_freedecomp Exit - MemInfo: [malloc] Total allocated space:                       3251856 Byte
20220312 013851.568 INFO             PET0 PIOc_freedecomp Exit - MemInfo: [malloc] Total free space:                            2920816 Byte
20220312 013851.568 INFO             PET0 PIOc_freedecomp Exit - MemInfo: [malloc] Top-most, releasable space:                  2754464 Byte
20220312 013851.568 INFO             PET0 PIOc_freedecomp Exit - MemInfo: [malloc] Total space in use, mmap + non-mmap:        89251472 Byte
20220312 013851.568 INFO             PET0 PIOc_freedecomp Exit - MemInfo: [malloc] Total space held (mmap + non-mmap):         92172288 Byte
20220312 013851.568 INFO             PET0 PIOc_freedecomp Exit - MemInfo: [malloc] Total space used (mmap + non-mmap):         89260832 Byte
20220312 013851.568 INFO             PET0 PIOc_freedecomp Exit - MemInfo: Wall-clock time since execution start:               0.037074 seconds
20220312 013851.568 INFO             PET0 PIOc_freedecomp Enter - MemInfo: [/proc/meminfo - SSI]	MemTotal:       131394452 kB
20220312 013851.568 INFO             PET0 PIOc_freedecomp Enter - MemInfo: [/proc/meminfo - SSI]	MemFree:        122263948 kB
20220312 013851.568 INFO             PET0 PIOc_freedecomp Enter - MemInfo: [/proc/meminfo - SSI]	MemAvailable:   121934376 kB
20220312 013851.568 INFO             PET0 PIOc_freedecomp Enter - MemInfo: [/proc/meminfo - SSI]	Committed_AS:    4278220 kB
20220312 013851.568 INFO             PET0 PIOc_freedecomp Enter - MemInfo: [/proc/meminfo - SSI]	CommittedPercent: 3.25601 %
20220312 013851.568 INFO             PET0 PIOc_freedecomp Enter - MemInfo: [/proc/self/status]	VmPeak:	 3855652 kB
20220312 013851.568 INFO             PET0 PIOc_freedecomp Enter - MemInfo: [/proc/self/status]	VmSize:	 3855332 kB
20220312 013851.568 INFO             PET0 PIOc_freedecomp Enter - MemInfo: [/proc/self/status]	VmLck:	       0 kB
20220312 013851.568 INFO             PET0 PIOc_freedecomp Enter - MemInfo: [/proc/self/status]	VmPin:	   82140 kB
20220312 013851.568 INFO             PET0 PIOc_freedecomp Enter - MemInfo: [/proc/self/status]	VmHWM:	  176112 kB
20220312 013851.568 INFO             PET0 PIOc_freedecomp Enter - MemInfo: [/proc/self/status]	VmRSS:	  176112 kB
20220312 013851.568 INFO             PET0 PIOc_freedecomp Enter - MemInfo: [/proc/self/status]	VmData:	  271952 kB
20220312 013851.568 INFO             PET0 PIOc_freedecomp Enter - MemInfo: [/proc/self/status]	VmStk:	     512 kB
20220312 013851.568 INFO             PET0 PIOc_freedecomp Enter - MemInfo: [/proc/self/status]	VmExe:	    1828 kB
20220312 013851.568 INFO             PET0 PIOc_freedecomp Enter - MemInfo: [/proc/self/status]	VmLib:	  156408 kB
20220312 013851.568 INFO             PET0 PIOc_freedecomp Enter - MemInfo: [/proc/self/status]	VmPTE:	     840 kB
20220312 013851.568 INFO             PET0 PIOc_freedecomp Enter - MemInfo: [/proc/self/status]	VmPMD:	      32 kB
20220312 013851.568 INFO             PET0 PIOc_freedecomp Enter - MemInfo: [/proc/self/status]	VmSwap:	       0 kB
20220312 013851.568 INFO             PET0 PIOc_freedecomp Enter - MemInfo: [/proc/self/status]	VmRSSPercent: 0.134033 %
20220312 013851.568 INFO             PET0 PIOc_freedecomp Enter - MemInfo: [malloc] Non-mmapped space allocated:                 6172672 Byte
20220312 013851.568 INFO             PET0 PIOc_freedecomp Enter - MemInfo: [malloc] Space allocated in mmapped regions:         85999616 Byte
20220312 013851.568 INFO             PET0 PIOc_freedecomp Enter - MemInfo: [malloc] Maximum total allocated space:                     0 Byte
20220312 013851.568 INFO             PET0 PIOc_freedecomp Enter - MemInfo: [malloc] Space in freed fastbin blocks:                   368 Byte
20220312 013851.568 INFO             PET0 PIOc_freedecomp Enter - MemInfo: [malloc] Total allocated space:                       3251728 Byte
20220312 013851.568 INFO             PET0 PIOc_freedecomp Enter - MemInfo: [malloc] Total free space:                            2920944 Byte
20220312 013851.568 INFO             PET0 PIOc_freedecomp Enter - MemInfo: [malloc] Top-most, releasable space:                  2754464 Byte
20220312 013851.568 INFO             PET0 PIOc_freedecomp Enter - MemInfo: [malloc] Total space in use, mmap + non-mmap:        89251344 Byte
20220312 013851.568 INFO             PET0 PIOc_freedecomp Enter - MemInfo: [malloc] Total space held (mmap + non-mmap):         92172288 Byte
20220312 013851.568 INFO             PET0 PIOc_freedecomp Enter - MemInfo: [malloc] Total space used (mmap + non-mmap):         89260704 Byte
20220312 013851.568 INFO             PET0 PIOc_freedecomp Enter - MemInfo: Wall-clock time since execution start:              0.0375404 seconds
20220312 013851.569 INFO             PET0 PIOc_freedecomp Exit - MemInfo: [/proc/meminfo - SSI]	MemTotal:       131394452 kB
20220312 013851.569 INFO             PET0 PIOc_freedecomp Exit - MemInfo: [/proc/meminfo - SSI]	MemFree:        122263948 kB
20220312 013851.569 INFO             PET0 PIOc_freedecomp Exit - MemInfo: [/proc/meminfo - SSI]	MemAvailable:   121934376 kB
20220312 013851.569 INFO             PET0 PIOc_freedecomp Exit - MemInfo: [/proc/meminfo - SSI]	Committed_AS:    4278220 kB
20220312 013851.569 INFO             PET0 PIOc_freedecomp Exit - MemInfo: [/proc/meminfo - SSI]	CommittedPercent: 3.25601 %
20220312 013851.569 INFO             PET0 PIOc_freedecomp Exit - MemInfo: [/proc/self/status]	VmPeak:	 3855652 kB
20220312 013851.569 INFO             PET0 PIOc_freedecomp Exit - MemInfo: [/proc/self/status]	VmSize:	 3855332 kB
20220312 013851.569 INFO             PET0 PIOc_freedecomp Exit - MemInfo: [/proc/self/status]	VmLck:	       0 kB
20220312 013851.569 INFO             PET0 PIOc_freedecomp Exit - MemInfo: [/proc/self/status]	VmPin:	   82140 kB
20220312 013851.569 INFO             PET0 PIOc_freedecomp Exit - MemInfo: [/proc/self/status]	VmHWM:	  176112 kB
20220312 013851.569 INFO             PET0 PIOc_freedecomp Exit - MemInfo: [/proc/self/status]	VmRSS:	  176112 kB
20220312 013851.569 INFO             PET0 PIOc_freedecomp Exit - MemInfo: [/proc/self/status]	VmData:	  271952 kB
20220312 013851.569 INFO             PET0 PIOc_freedecomp Exit - MemInfo: [/proc/self/status]	VmStk:	     512 kB
20220312 013851.569 INFO             PET0 PIOc_freedecomp Exit - MemInfo: [/proc/self/status]	VmExe:	    1828 kB
20220312 013851.569 INFO             PET0 PIOc_freedecomp Exit - MemInfo: [/proc/self/status]	VmLib:	  156408 kB
20220312 013851.569 INFO             PET0 PIOc_freedecomp Exit - MemInfo: [/proc/self/status]	VmPTE:	     840 kB
20220312 013851.569 INFO             PET0 PIOc_freedecomp Exit - MemInfo: [/proc/self/status]	VmPMD:	      32 kB
20220312 013851.569 INFO             PET0 PIOc_freedecomp Exit - MemInfo: [/proc/self/status]	VmSwap:	       0 kB
20220312 013851.569 INFO             PET0 PIOc_freedecomp Exit - MemInfo: [/proc/self/status]	VmRSSPercent: 0.134033 %
20220312 013851.569 INFO             PET0 PIOc_freedecomp Exit - MemInfo: [malloc] Non-mmapped space allocated:                 6172672 Byte
20220312 013851.569 INFO             PET0 PIOc_freedecomp Exit - MemInfo: [malloc] Space allocated in mmapped regions:         85999616 Byte
20220312 013851.569 INFO             PET0 PIOc_freedecomp Exit - MemInfo: [malloc] Maximum total allocated space:                     0 Byte
20220312 013851.569 INFO             PET0 PIOc_freedecomp Exit - MemInfo: [malloc] Space in freed fastbin blocks:                   544 Byte
20220312 013851.569 INFO             PET0 PIOc_freedecomp Exit - MemInfo: [malloc] Total allocated space:                       3248512 Byte
20220312 013851.569 INFO             PET0 PIOc_freedecomp Exit - MemInfo: [malloc] Total free space:                            2924160 Byte
20220312 013851.569 INFO             PET0 PIOc_freedecomp Exit - MemInfo: [malloc] Top-most, releasable space:                  2754464 Byte
20220312 013851.569 INFO             PET0 PIOc_freedecomp Exit - MemInfo: [malloc] Total space in use, mmap + non-mmap:        89248128 Byte
20220312 013851.569 INFO             PET0 PIOc_freedecomp Exit - MemInfo: [malloc] Total space held (mmap + non-mmap):         92172288 Byte
20220312 013851.569 INFO             PET0 PIOc_freedecomp Exit - MemInfo: [malloc] Total space used (mmap + non-mmap):         89257488 Byte
20220312 013851.569 INFO             PET0 PIOc_freedecomp Exit - MemInfo: Wall-clock time since execution start:              0.0380145 seconds
20220312 013851.569 INFO             PET0 PIOc_freedecomp Enter - MemInfo: [/proc/meminfo - SSI]	MemTotal:       131394452 kB
20220312 013851.569 INFO             PET0 PIOc_freedecomp Enter - MemInfo: [/proc/meminfo - SSI]	MemFree:        122263948 kB
20220312 013851.569 INFO             PET0 PIOc_freedecomp Enter - MemInfo: [/proc/meminfo - SSI]	MemAvailable:   121934376 kB
20220312 013851.569 INFO             PET0 PIOc_freedecomp Enter - MemInfo: [/proc/meminfo - SSI]	Committed_AS:    4278220 kB
20220312 013851.569 INFO             PET0 PIOc_freedecomp Enter - MemInfo: [/proc/meminfo - SSI]	CommittedPercent: 3.25601 %
20220312 013851.569 INFO             PET0 PIOc_freedecomp Enter - MemInfo: [/proc/self/status]	VmPeak:	 3855652 kB
20220312 013851.569 INFO             PET0 PIOc_freedecomp Enter - MemInfo: [/proc/self/status]	VmSize:	 3855332 kB
20220312 013851.569 INFO             PET0 PIOc_freedecomp Enter - MemInfo: [/proc/self/status]	VmLck:	       0 kB
20220312 013851.569 INFO             PET0 PIOc_freedecomp Enter - MemInfo: [/proc/self/status]	VmPin:	   82140 kB
20220312 013851.569 INFO             PET0 PIOc_freedecomp Enter - MemInfo: [/proc/self/status]	VmHWM:	  176112 kB
20220312 013851.569 INFO             PET0 PIOc_freedecomp Enter - MemInfo: [/proc/self/status]	VmRSS:	  176112 kB
20220312 013851.569 INFO             PET0 PIOc_freedecomp Enter - MemInfo: [/proc/self/status]	VmData:	  271952 kB
20220312 013851.569 INFO             PET0 PIOc_freedecomp Enter - MemInfo: [/proc/self/status]	VmStk:	     512 kB
20220312 013851.569 INFO             PET0 PIOc_freedecomp Enter - MemInfo: [/proc/self/status]	VmExe:	    1828 kB
20220312 013851.569 INFO             PET0 PIOc_freedecomp Enter - MemInfo: [/proc/self/status]	VmLib:	  156408 kB
20220312 013851.569 INFO             PET0 PIOc_freedecomp Enter - MemInfo: [/proc/self/status]	VmPTE:	     840 kB
20220312 013851.569 INFO             PET0 PIOc_freedecomp Enter - MemInfo: [/proc/self/status]	VmPMD:	      32 kB
20220312 013851.569 INFO             PET0 PIOc_freedecomp Enter - MemInfo: [/proc/self/status]	VmSwap:	       0 kB
20220312 013851.569 INFO             PET0 PIOc_freedecomp Enter - MemInfo: [/proc/self/status]	VmRSSPercent: 0.134033 %
20220312 013851.569 INFO             PET0 PIOc_freedecomp Enter - MemInfo: [malloc] Non-mmapped space allocated:                 6172672 Byte
20220312 013851.569 INFO             PET0 PIOc_freedecomp Enter - MemInfo: [malloc] Space allocated in mmapped regions:         85999616 Byte
20220312 013851.569 INFO             PET0 PIOc_freedecomp Enter - MemInfo: [malloc] Maximum total allocated space:                     0 Byte
20220312 013851.569 INFO             PET0 PIOc_freedecomp Enter - MemInfo: [malloc] Space in freed fastbin blocks:                   368 Byte
20220312 013851.569 INFO             PET0 PIOc_freedecomp Enter - MemInfo: [malloc] Total allocated space:                       3248384 Byte
20220312 013851.569 INFO             PET0 PIOc_freedecomp Enter - MemInfo: [malloc] Total free space:                            2924288 Byte
20220312 013851.569 INFO             PET0 PIOc_freedecomp Enter - MemInfo: [malloc] Top-most, releasable space:                  2754464 Byte
20220312 013851.569 INFO             PET0 PIOc_freedecomp Enter - MemInfo: [malloc] Total space in use, mmap + non-mmap:        89248000 Byte
20220312 013851.569 INFO             PET0 PIOc_freedecomp Enter - MemInfo: [malloc] Total space held (mmap + non-mmap):         92172288 Byte
20220312 013851.569 INFO             PET0 PIOc_freedecomp Enter - MemInfo: [malloc] Total space used (mmap + non-mmap):         89257360 Byte
20220312 013851.569 INFO             PET0 PIOc_freedecomp Enter - MemInfo: Wall-clock time since execution start:              0.0385216 seconds
20220312 013851.570 INFO             PET0 PIOc_freedecomp Exit - MemInfo: [/proc/meminfo - SSI]	MemTotal:       131394452 kB
20220312 013851.570 INFO             PET0 PIOc_freedecomp Exit - MemInfo: [/proc/meminfo - SSI]	MemFree:        122263948 kB
20220312 013851.570 INFO             PET0 PIOc_freedecomp Exit - MemInfo: [/proc/meminfo - SSI]	MemAvailable:   121934376 kB
20220312 013851.570 INFO             PET0 PIOc_freedecomp Exit - MemInfo: [/proc/meminfo - SSI]	Committed_AS:    4278220 kB
20220312 013851.570 INFO             PET0 PIOc_freedecomp Exit - MemInfo: [/proc/meminfo - SSI]	CommittedPercent: 3.25601 %
20220312 013851.570 INFO             PET0 PIOc_freedecomp Exit - MemInfo: [/proc/self/status]	VmPeak:	 3855652 kB
20220312 013851.570 INFO             PET0 PIOc_freedecomp Exit - MemInfo: [/proc/self/status]	VmSize:	 3855332 kB
20220312 013851.570 INFO             PET0 PIOc_freedecomp Exit - MemInfo: [/proc/self/status]	VmLck:	       0 kB
20220312 013851.570 INFO             PET0 PIOc_freedecomp Exit - MemInfo: [/proc/self/status]	VmPin:	   82140 kB
20220312 013851.570 INFO             PET0 PIOc_freedecomp Exit - MemInfo: [/proc/self/status]	VmHWM:	  176112 kB
20220312 013851.570 INFO             PET0 PIOc_freedecomp Exit - MemInfo: [/proc/self/status]	VmRSS:	  176112 kB
20220312 013851.570 INFO             PET0 PIOc_freedecomp Exit - MemInfo: [/proc/self/status]	VmData:	  271952 kB
20220312 013851.570 INFO             PET0 PIOc_freedecomp Exit - MemInfo: [/proc/self/status]	VmStk:	     512 kB
20220312 013851.570 INFO             PET0 PIOc_freedecomp Exit - MemInfo: [/proc/self/status]	VmExe:	    1828 kB
20220312 013851.570 INFO             PET0 PIOc_freedecomp Exit - MemInfo: [/proc/self/status]	VmLib:	  156408 kB
20220312 013851.570 INFO             PET0 PIOc_freedecomp Exit - MemInfo: [/proc/self/status]	VmPTE:	     840 kB
20220312 013851.570 INFO             PET0 PIOc_freedecomp Exit - MemInfo: [/proc/self/status]	VmPMD:	      32 kB
20220312 013851.570 INFO             PET0 PIOc_freedecomp Exit - MemInfo: [/proc/self/status]	VmSwap:	       0 kB
20220312 013851.570 INFO             PET0 PIOc_freedecomp Exit - MemInfo: [/proc/self/status]	VmRSSPercent: 0.134033 %
20220312 013851.570 INFO             PET0 PIOc_freedecomp Exit - MemInfo: [malloc] Non-mmapped space allocated:                 6172672 Byte
20220312 013851.570 INFO             PET0 PIOc_freedecomp Exit - MemInfo: [malloc] Space allocated in mmapped regions:         85999616 Byte
20220312 013851.570 INFO             PET0 PIOc_freedecomp Exit - MemInfo: [malloc] Maximum total allocated space:                     0 Byte
20220312 013851.570 INFO             PET0 PIOc_freedecomp Exit - MemInfo: [malloc] Space in freed fastbin blocks:                   640 Byte
20220312 013851.570 INFO             PET0 PIOc_freedecomp Exit - MemInfo: [malloc] Total allocated space:                       3244688 Byte
20220312 013851.570 INFO             PET0 PIOc_freedecomp Exit - MemInfo: [malloc] Total free space:                            2927984 Byte
20220312 013851.570 INFO             PET0 PIOc_freedecomp Exit - MemInfo: [malloc] Top-most, releasable space:                  2754464 Byte
20220312 013851.570 INFO             PET0 PIOc_freedecomp Exit - MemInfo: [malloc] Total space in use, mmap + non-mmap:        89244304 Byte
20220312 013851.570 INFO             PET0 PIOc_freedecomp Exit - MemInfo: [malloc] Total space held (mmap + non-mmap):         92172288 Byte
20220312 013851.570 INFO             PET0 PIOc_freedecomp Exit - MemInfo: [malloc] Total space used (mmap + non-mmap):         89253664 Byte
20220312 013851.570 INFO             PET0 PIOc_freedecomp Exit - MemInfo: Wall-clock time since execution start:              0.0390283 seconds
20220312 013851.570 INFO             PET0  PASS  Writing a FieldBundle to a single file with timeslice Test, ESMF_FieldBundleIOUTest.F90, line 370
20220312 013851.572 INFO             PET0 PIOc_sync Enter - MemInfo: [/proc/meminfo - SSI]	MemTotal:       131394452 kB
20220312 013851.572 INFO             PET0 PIOc_sync Enter - MemInfo: [/proc/meminfo - SSI]	MemFree:        122263948 kB
20220312 013851.572 INFO             PET0 PIOc_sync Enter - MemInfo: [/proc/meminfo - SSI]	MemAvailable:   121934376 kB
20220312 013851.572 INFO             PET0 PIOc_sync Enter - MemInfo: [/proc/meminfo - SSI]	Committed_AS:    4278220 kB
20220312 013851.572 INFO             PET0 PIOc_sync Enter - MemInfo: [/proc/meminfo - SSI]	CommittedPercent: 3.25601 %
20220312 013851.572 INFO             PET0 PIOc_sync Enter - MemInfo: [/proc/self/status]	VmPeak:	 3856352 kB
20220312 013851.572 INFO             PET0 PIOc_sync Enter - MemInfo: [/proc/self/status]	VmSize:	 3855332 kB
20220312 013851.572 INFO             PET0 PIOc_sync Enter - MemInfo: [/proc/self/status]	VmLck:	       0 kB
20220312 013851.572 INFO             PET0 PIOc_sync Enter - MemInfo: [/proc/self/status]	VmPin:	   82140 kB
20220312 013851.572 INFO             PET0 PIOc_sync Enter - MemInfo: [/proc/self/status]	VmHWM:	  176284 kB
20220312 013851.572 INFO             PET0 PIOc_sync Enter - MemInfo: [/proc/self/status]	VmRSS:	  176284 kB
20220312 013851.572 INFO             PET0 PIOc_sync Enter - MemInfo: [/proc/self/status]	VmData:	  271952 kB
20220312 013851.572 INFO             PET0 PIOc_sync Enter - MemInfo: [/proc/self/status]	VmStk:	     512 kB
20220312 013851.572 INFO             PET0 PIOc_sync Enter - MemInfo: [/proc/self/status]	VmExe:	    1828 kB
20220312 013851.572 INFO             PET0 PIOc_sync Enter - MemInfo: [/proc/self/status]	VmLib:	  156408 kB
20220312 013851.572 INFO             PET0 PIOc_sync Enter - MemInfo: [/proc/self/status]	VmPTE:	     840 kB
20220312 013851.572 INFO             PET0 PIOc_sync Enter - MemInfo: [/proc/self/status]	VmPMD:	      32 kB
20220312 013851.572 INFO             PET0 PIOc_sync Enter - MemInfo: [/proc/self/status]	VmSwap:	       0 kB
20220312 013851.572 INFO             PET0 PIOc_sync Enter - MemInfo: [/proc/self/status]	VmRSSPercent: 0.134164 %
20220312 013851.572 INFO             PET0 PIOc_sync Enter - MemInfo: [malloc] Non-mmapped space allocated:                 6172672 Byte
20220312 013851.572 INFO             PET0 PIOc_sync Enter - MemInfo: [malloc] Space allocated in mmapped regions:         85999616 Byte
20220312 013851.572 INFO             PET0 PIOc_sync Enter - MemInfo: [malloc] Maximum total allocated space:                     0 Byte
20220312 013851.572 INFO             PET0 PIOc_sync Enter - MemInfo: [malloc] Space in freed fastbin blocks:                  1856 Byte
20220312 013851.572 INFO             PET0 PIOc_sync Enter - MemInfo: [malloc] Total allocated space:                       5899152 Byte
20220312 013851.572 INFO             PET0 PIOc_sync Enter - MemInfo: [malloc] Total free space:                             273520 Byte
20220312 013851.572 INFO             PET0 PIOc_sync Enter - MemInfo: [malloc] Top-most, releasable space:                   132992 Byte
20220312 013851.572 INFO             PET0 PIOc_sync Enter - MemInfo: [malloc] Total space in use, mmap + non-mmap:        91898768 Byte
20220312 013851.572 INFO             PET0 PIOc_sync Enter - MemInfo: [malloc] Total space held (mmap + non-mmap):         92172288 Byte
20220312 013851.572 INFO             PET0 PIOc_sync Enter - MemInfo: [malloc] Total space used (mmap + non-mmap):         91908128 Byte
20220312 013851.572 INFO             PET0 PIOc_sync Enter - MemInfo: Wall-clock time since execution start:              0.0414078 seconds
20220312 013851.573 INFO             PET0 PIOc_sync Exit - MemInfo: [/proc/meminfo - SSI]	MemTotal:       131394452 kB
20220312 013851.573 INFO             PET0 PIOc_sync Exit - MemInfo: [/proc/meminfo - SSI]	MemFree:        122263948 kB
20220312 013851.573 INFO             PET0 PIOc_sync Exit - MemInfo: [/proc/meminfo - SSI]	MemAvailable:   121934376 kB
20220312 013851.573 INFO             PET0 PIOc_sync Exit - MemInfo: [/proc/meminfo - SSI]	Committed_AS:    4278220 kB
20220312 013851.573 INFO             PET0 PIOc_sync Exit - MemInfo: [/proc/meminfo - SSI]	CommittedPercent: 3.25601 %
20220312 013851.573 INFO             PET0 PIOc_sync Exit - MemInfo: [/proc/self/status]	VmPeak:	 3856352 kB
20220312 013851.573 INFO             PET0 PIOc_sync Exit - MemInfo: [/proc/self/status]	VmSize:	 3855332 kB
20220312 013851.573 INFO             PET0 PIOc_sync Exit - MemInfo: [/proc/self/status]	VmLck:	       0 kB
20220312 013851.573 INFO             PET0 PIOc_sync Exit - MemInfo: [/proc/self/status]	VmPin:	   82140 kB
20220312 013851.573 INFO             PET0 PIOc_sync Exit - MemInfo: [/proc/self/status]	VmHWM:	  176340 kB
20220312 013851.573 INFO             PET0 PIOc_sync Exit - MemInfo: [/proc/self/status]	VmRSS:	  176340 kB
20220312 013851.573 INFO             PET0 PIOc_sync Exit - MemInfo: [/proc/self/status]	VmData:	  271952 kB
20220312 013851.573 INFO             PET0 PIOc_sync Exit - MemInfo: [/proc/self/status]	VmStk:	     512 kB
20220312 013851.573 INFO             PET0 PIOc_sync Exit - MemInfo: [/proc/self/status]	VmExe:	    1828 kB
20220312 013851.573 INFO             PET0 PIOc_sync Exit - MemInfo: [/proc/self/status]	VmLib:	  156408 kB
20220312 013851.573 INFO             PET0 PIOc_sync Exit - MemInfo: [/proc/self/status]	VmPTE:	     840 kB
20220312 013851.573 INFO             PET0 PIOc_sync Exit - MemInfo: [/proc/self/status]	VmPMD:	      32 kB
20220312 013851.573 INFO             PET0 PIOc_sync Exit - MemInfo: [/proc/self/status]	VmSwap:	       0 kB
20220312 013851.573 INFO             PET0 PIOc_sync Exit - MemInfo: [/proc/self/status]	VmRSSPercent: 0.134207 %
20220312 013851.573 INFO             PET0 PIOc_sync Exit - MemInfo: [malloc] Non-mmapped space allocated:                 6172672 Byte
20220312 013851.573 INFO             PET0 PIOc_sync Exit - MemInfo: [malloc] Space allocated in mmapped regions:         85999616 Byte
20220312 013851.573 INFO             PET0 PIOc_sync Exit - MemInfo: [malloc] Maximum total allocated space:                     0 Byte
20220312 013851.573 INFO             PET0 PIOc_sync Exit - MemInfo: [malloc] Space in freed fastbin blocks:                   560 Byte
20220312 013851.573 INFO             PET0 PIOc_sync Exit - MemInfo: [malloc] Total allocated space:                       5896832 Byte
20220312 013851.573 INFO             PET0 PIOc_sync Exit - MemInfo: [malloc] Total free space:                             275840 Byte
20220312 013851.573 INFO             PET0 PIOc_sync Exit - MemInfo: [malloc] Top-most, releasable space:                   132992 Byte
20220312 013851.573 INFO             PET0 PIOc_sync Exit - MemInfo: [malloc] Total space in use, mmap + non-mmap:        91896448 Byte
20220312 013851.573 INFO             PET0 PIOc_sync Exit - MemInfo: [malloc] Total space held (mmap + non-mmap):         92172288 Byte
20220312 013851.573 INFO             PET0 PIOc_sync Exit - MemInfo: [malloc] Total space used (mmap + non-mmap):         91905808 Byte
20220312 013851.573 INFO             PET0 PIOc_sync Exit - MemInfo: Wall-clock time since execution start:              0.0420979 seconds
20220312 013851.573 INFO             PET0 PIOc_freedecomp Enter - MemInfo: [/proc/meminfo - SSI]	MemTotal:       131394452 kB
20220312 013851.573 INFO             PET0 PIOc_freedecomp Enter - MemInfo: [/proc/meminfo - SSI]	MemFree:        122263948 kB
20220312 013851.573 INFO             PET0 PIOc_freedecomp Enter - MemInfo: [/proc/meminfo - SSI]	MemAvailable:   121934376 kB
20220312 013851.573 INFO             PET0 PIOc_freedecomp Enter - MemInfo: [/proc/meminfo - SSI]	Committed_AS:    4278220 kB
20220312 013851.573 INFO             PET0 PIOc_freedecomp Enter - MemInfo: [/proc/meminfo - SSI]	CommittedPercent: 3.25601 %
20220312 013851.573 INFO             PET0 PIOc_freedecomp Enter - MemInfo: [/proc/self/status]	VmPeak:	 3856352 kB
20220312 013851.573 INFO             PET0 PIOc_freedecomp Enter - MemInfo: [/proc/self/status]	VmSize:	 3855332 kB
20220312 013851.573 INFO             PET0 PIOc_freedecomp Enter - MemInfo: [/proc/self/status]	VmLck:	       0 kB
20220312 013851.573 INFO             PET0 PIOc_freedecomp Enter - MemInfo: [/proc/self/status]	VmPin:	   82140 kB
20220312 013851.573 INFO             PET0 PIOc_freedecomp Enter - MemInfo: [/proc/self/status]	VmHWM:	  176340 kB
20220312 013851.573 INFO             PET0 PIOc_freedecomp Enter - MemInfo: [/proc/self/status]	VmRSS:	  176340 kB
20220312 013851.573 INFO             PET0 PIOc_freedecomp Enter - MemInfo: [/proc/self/status]	VmData:	  271952 kB
20220312 013851.573 INFO             PET0 PIOc_freedecomp Enter - MemInfo: [/proc/self/status]	VmStk:	     512 kB
20220312 013851.573 INFO             PET0 PIOc_freedecomp Enter - MemInfo: [/proc/self/status]	VmExe:	    1828 kB
20220312 013851.573 INFO             PET0 PIOc_freedecomp Enter - MemInfo: [/proc/self/status]	VmLib:	  156408 kB
20220312 013851.573 INFO             PET0 PIOc_freedecomp Enter - MemInfo: [/proc/self/status]	VmPTE:	     840 kB
20220312 013851.573 INFO             PET0 PIOc_freedecomp Enter - MemInfo: [/proc/self/status]	VmPMD:	      32 kB
20220312 013851.573 INFO             PET0 PIOc_freedecomp Enter - MemInfo: [/proc/self/status]	VmSwap:	       0 kB
20220312 013851.573 INFO             PET0 PIOc_freedecomp Enter - MemInfo: [/proc/self/status]	VmRSSPercent: 0.134207 %
20220312 013851.573 INFO             PET0 PIOc_freedecomp Enter - MemInfo: [malloc] Non-mmapped space allocated:                 6172672 Byte
20220312 013851.573 INFO             PET0 PIOc_freedecomp Enter - MemInfo: [malloc] Space allocated in mmapped regions:         85999616 Byte
20220312 013851.574 INFO             PET0 PIOc_freedecomp Enter - MemInfo: [malloc] Maximum total allocated space:                     0 Byte
20220312 013851.574 INFO             PET0 PIOc_freedecomp Enter - MemInfo: [malloc] Space in freed fastbin blocks:                   672 Byte
20220312 013851.574 INFO             PET0 PIOc_freedecomp Enter - MemInfo: [malloc] Total allocated space:                       3260432 Byte
20220312 013851.574 INFO             PET0 PIOc_freedecomp Enter - MemInfo: [malloc] Total free space:                            2912240 Byte
20220312 013851.574 INFO             PET0 PIOc_freedecomp Enter - MemInfo: [malloc] Top-most, releasable space:                  2754464 Byte
20220312 013851.574 INFO             PET0 PIOc_freedecomp Enter - MemInfo: [malloc] Total space in use, mmap + non-mmap:        89260048 Byte
20220312 013851.574 INFO             PET0 PIOc_freedecomp Enter - MemInfo: [malloc] Total space held (mmap + non-mmap):         92172288 Byte
20220312 013851.574 INFO             PET0 PIOc_freedecomp Enter - MemInfo: [malloc] Total space used (mmap + non-mmap):         89269408 Byte
20220312 013851.574 INFO             PET0 PIOc_freedecomp Enter - MemInfo: Wall-clock time since execution start:              0.0426774 seconds
20220312 013851.574 INFO             PET0 PIOc_freedecomp Exit - MemInfo: [/proc/meminfo - SSI]	MemTotal:       131394452 kB
20220312 013851.574 INFO             PET0 PIOc_freedecomp Exit - MemInfo: [/proc/meminfo - SSI]	MemFree:        122263948 kB
20220312 013851.574 INFO             PET0 PIOc_freedecomp Exit - MemInfo: [/proc/meminfo - SSI]	MemAvailable:   121934376 kB
20220312 013851.574 INFO             PET0 PIOc_freedecomp Exit - MemInfo: [/proc/meminfo - SSI]	Committed_AS:    4278220 kB
20220312 013851.574 INFO             PET0 PIOc_freedecomp Exit - MemInfo: [/proc/meminfo - SSI]	CommittedPercent: 3.25601 %
20220312 013851.574 INFO             PET0 PIOc_freedecomp Exit - MemInfo: [/proc/self/status]	VmPeak:	 3856352 kB
20220312 013851.574 INFO             PET0 PIOc_freedecomp Exit - MemInfo: [/proc/self/status]	VmSize:	 3855332 kB
20220312 013851.574 INFO             PET0 PIOc_freedecomp Exit - MemInfo: [/proc/self/status]	VmLck:	       0 kB
20220312 013851.574 INFO             PET0 PIOc_freedecomp Exit - MemInfo: [/proc/self/status]	VmPin:	   82140 kB
20220312 013851.574 INFO             PET0 PIOc_freedecomp Exit - MemInfo: [/proc/self/status]	VmHWM:	  176340 kB
20220312 013851.574 INFO             PET0 PIOc_freedecomp Exit - MemInfo: [/proc/self/status]	VmRSS:	  176340 kB
20220312 013851.574 INFO             PET0 PIOc_freedecomp Exit - MemInfo: [/proc/self/status]	VmData:	  271952 kB
20220312 013851.574 INFO             PET0 PIOc_freedecomp Exit - MemInfo: [/proc/self/status]	VmStk:	     512 kB
20220312 013851.574 INFO             PET0 PIOc_freedecomp Exit - MemInfo: [/proc/self/status]	VmExe:	    1828 kB
20220312 013851.574 INFO             PET0 PIOc_freedecomp Exit - MemInfo: [/proc/self/status]	VmLib:	  156408 kB
20220312 013851.574 INFO             PET0 PIOc_freedecomp Exit - MemInfo: [/proc/self/status]	VmPTE:	     840 kB
20220312 013851.574 INFO             PET0 PIOc_freedecomp Exit - MemInfo: [/proc/self/status]	VmPMD:	      32 kB
20220312 013851.574 INFO             PET0 PIOc_freedecomp Exit - MemInfo: [/proc/self/status]	VmSwap:	       0 kB
20220312 013851.574 INFO             PET0 PIOc_freedecomp Exit - MemInfo: [/proc/self/status]	VmRSSPercent: 0.134207 %
20220312 013851.574 INFO             PET0 PIOc_freedecomp Exit - MemInfo: [malloc] Non-mmapped space allocated:                 6172672 Byte
20220312 013851.574 INFO             PET0 PIOc_freedecomp Exit - MemInfo: [malloc] Space allocated in mmapped regions:         85999616 Byte
20220312 013851.574 INFO             PET0 PIOc_freedecomp Exit - MemInfo: [malloc] Maximum total allocated space:                     0 Byte
20220312 013851.574 INFO             PET0 PIOc_freedecomp Exit - MemInfo: [malloc] Space in freed fastbin blocks:                   672 Byte
20220312 013851.574 INFO             PET0 PIOc_freedecomp Exit - MemInfo: [malloc] Total allocated space:                       3257376 Byte
20220312 013851.574 INFO             PET0 PIOc_freedecomp Exit - MemInfo: [malloc] Total free space:                            2915296 Byte
20220312 013851.574 INFO             PET0 PIOc_freedecomp Exit - MemInfo: [malloc] Top-most, releasable space:                  2754464 Byte
20220312 013851.574 INFO             PET0 PIOc_freedecomp Exit - MemInfo: [malloc] Total space in use, mmap + non-mmap:        89256992 Byte
20220312 013851.574 INFO             PET0 PIOc_freedecomp Exit - MemInfo: [malloc] Total space held (mmap + non-mmap):         92172288 Byte
20220312 013851.574 INFO             PET0 PIOc_freedecomp Exit - MemInfo: [malloc] Total space used (mmap + non-mmap):         89266352 Byte
20220312 013851.574 INFO             PET0 PIOc_freedecomp Exit - MemInfo: Wall-clock time since execution start:              0.0431614 seconds
20220312 013851.574 INFO             PET0 PIOc_freedecomp Enter - MemInfo: [/proc/meminfo - SSI]	MemTotal:       131394452 kB
20220312 013851.574 INFO             PET0 PIOc_freedecomp Enter - MemInfo: [/proc/meminfo - SSI]	MemFree:        122263948 kB
20220312 013851.574 INFO             PET0 PIOc_freedecomp Enter - MemInfo: [/proc/meminfo - SSI]	MemAvailable:   121934376 kB
20220312 013851.574 INFO             PET0 PIOc_freedecomp Enter - MemInfo: [/proc/meminfo - SSI]	Committed_AS:    4278220 kB
20220312 013851.574 INFO             PET0 PIOc_freedecomp Enter - MemInfo: [/proc/meminfo - SSI]	CommittedPercent: 3.25601 %
20220312 013851.574 INFO             PET0 PIOc_freedecomp Enter - MemInfo: [/proc/self/status]	VmPeak:	 3856352 kB
20220312 013851.574 INFO             PET0 PIOc_freedecomp Enter - MemInfo: [/proc/self/status]	VmSize:	 3855332 kB
20220312 013851.574 INFO             PET0 PIOc_freedecomp Enter - MemInfo: [/proc/self/status]	VmLck:	       0 kB
20220312 013851.574 INFO             PET0 PIOc_freedecomp Enter - MemInfo: [/proc/self/status]	VmPin:	   82140 kB
20220312 013851.574 INFO             PET0 PIOc_freedecomp Enter - MemInfo: [/proc/self/status]	VmHWM:	  176340 kB
20220312 013851.574 INFO             PET0 PIOc_freedecomp Enter - MemInfo: [/proc/self/status]	VmRSS:	  176340 kB
20220312 013851.574 INFO             PET0 PIOc_freedecomp Enter - MemInfo: [/proc/self/status]	VmData:	  271952 kB
20220312 013851.574 INFO             PET0 PIOc_freedecomp Enter - MemInfo: [/proc/self/status]	VmStk:	     512 kB
20220312 013851.574 INFO             PET0 PIOc_freedecomp Enter - MemInfo: [/proc/self/status]	VmExe:	    1828 kB
20220312 013851.574 INFO             PET0 PIOc_freedecomp Enter - MemInfo: [/proc/self/status]	VmLib:	  156408 kB
20220312 013851.574 INFO             PET0 PIOc_freedecomp Enter - MemInfo: [/proc/self/status]	VmPTE:	     840 kB
20220312 013851.574 INFO             PET0 PIOc_freedecomp Enter - MemInfo: [/proc/self/status]	VmPMD:	      32 kB
20220312 013851.574 INFO             PET0 PIOc_freedecomp Enter - MemInfo: [/proc/self/status]	VmSwap:	       0 kB
20220312 013851.574 INFO             PET0 PIOc_freedecomp Enter - MemInfo: [/proc/self/status]	VmRSSPercent: 0.134207 %
20220312 013851.574 INFO             PET0 PIOc_freedecomp Enter - MemInfo: [malloc] Non-mmapped space allocated:                 6172672 Byte
20220312 013851.574 INFO             PET0 PIOc_freedecomp Enter - MemInfo: [malloc] Space allocated in mmapped regions:         85999616 Byte
20220312 013851.574 INFO             PET0 PIOc_freedecomp Enter - MemInfo: [malloc] Maximum total allocated space:                     0 Byte
20220312 013851.574 INFO             PET0 PIOc_freedecomp Enter - MemInfo: [malloc] Space in freed fastbin blocks:                   496 Byte
20220312 013851.574 INFO             PET0 PIOc_freedecomp Enter - MemInfo: [malloc] Total allocated space:                       3257248 Byte
20220312 013851.574 INFO             PET0 PIOc_freedecomp Enter - MemInfo: [malloc] Total free space:                            2915424 Byte
20220312 013851.575 INFO             PET0 PIOc_freedecomp Enter - MemInfo: [malloc] Top-most, releasable space:                  2754464 Byte
20220312 013851.575 INFO             PET0 PIOc_freedecomp Enter - MemInfo: [malloc] Total space in use, mmap + non-mmap:        89256864 Byte
20220312 013851.575 INFO             PET0 PIOc_freedecomp Enter - MemInfo: [malloc] Total space held (mmap + non-mmap):         92172288 Byte
20220312 013851.575 INFO             PET0 PIOc_freedecomp Enter - MemInfo: [malloc] Total space used (mmap + non-mmap):         89266224 Byte
20220312 013851.575 INFO             PET0 PIOc_freedecomp Enter - MemInfo: Wall-clock time since execution start:              0.0436227 seconds
20220312 013851.575 INFO             PET0 PIOc_freedecomp Exit - MemInfo: [/proc/meminfo - SSI]	MemTotal:       131394452 kB
20220312 013851.575 INFO             PET0 PIOc_freedecomp Exit - MemInfo: [/proc/meminfo - SSI]	MemFree:        122263948 kB
20220312 013851.575 INFO             PET0 PIOc_freedecomp Exit - MemInfo: [/proc/meminfo - SSI]	MemAvailable:   121934376 kB
20220312 013851.575 INFO             PET0 PIOc_freedecomp Exit - MemInfo: [/proc/meminfo - SSI]	Committed_AS:    4278220 kB
20220312 013851.575 INFO             PET0 PIOc_freedecomp Exit - MemInfo: [/proc/meminfo - SSI]	CommittedPercent: 3.25601 %
20220312 013851.575 INFO             PET0 PIOc_freedecomp Exit - MemInfo: [/proc/self/status]	VmPeak:	 3856352 kB
20220312 013851.575 INFO             PET0 PIOc_freedecomp Exit - MemInfo: [/proc/self/status]	VmSize:	 3855332 kB
20220312 013851.575 INFO             PET0 PIOc_freedecomp Exit - MemInfo: [/proc/self/status]	VmLck:	       0 kB
20220312 013851.575 INFO             PET0 PIOc_freedecomp Exit - MemInfo: [/proc/self/status]	VmPin:	   82140 kB
20220312 013851.575 INFO             PET0 PIOc_freedecomp Exit - MemInfo: [/proc/self/status]	VmHWM:	  176340 kB
20220312 013851.575 INFO             PET0 PIOc_freedecomp Exit - MemInfo: [/proc/self/status]	VmRSS:	  176340 kB
20220312 013851.575 INFO             PET0 PIOc_freedecomp Exit - MemInfo: [/proc/self/status]	VmData:	  271952 kB
20220312 013851.575 INFO             PET0 PIOc_freedecomp Exit - MemInfo: [/proc/self/status]	VmStk:	     512 kB
20220312 013851.575 INFO             PET0 PIOc_freedecomp Exit - MemInfo: [/proc/self/status]	VmExe:	    1828 kB
20220312 013851.575 INFO             PET0 PIOc_freedecomp Exit - MemInfo: [/proc/self/status]	VmLib:	  156408 kB
20220312 013851.575 INFO             PET0 PIOc_freedecomp Exit - MemInfo: [/proc/self/status]	VmPTE:	     840 kB
20220312 013851.575 INFO             PET0 PIOc_freedecomp Exit - MemInfo: [/proc/self/status]	VmPMD:	      32 kB
20220312 013851.575 INFO             PET0 PIOc_freedecomp Exit - MemInfo: [/proc/self/status]	VmSwap:	       0 kB
20220312 013851.575 INFO             PET0 PIOc_freedecomp Exit - MemInfo: [/proc/self/status]	VmRSSPercent: 0.134207 %
20220312 013851.575 INFO             PET0 PIOc_freedecomp Exit - MemInfo: [malloc] Non-mmapped space allocated:                 6172672 Byte
20220312 013851.575 INFO             PET0 PIOc_freedecomp Exit - MemInfo: [malloc] Space allocated in mmapped regions:         85999616 Byte
20220312 013851.575 INFO             PET0 PIOc_freedecomp Exit - MemInfo: [malloc] Maximum total allocated space:                     0 Byte
20220312 013851.575 INFO             PET0 PIOc_freedecomp Exit - MemInfo: [malloc] Space in freed fastbin blocks:                   672 Byte
20220312 013851.575 INFO             PET0 PIOc_freedecomp Exit - MemInfo: [malloc] Total allocated space:                       3254032 Byte
20220312 013851.575 INFO             PET0 PIOc_freedecomp Exit - MemInfo: [malloc] Total free space:                            2918640 Byte
20220312 013851.575 INFO             PET0 PIOc_freedecomp Exit - MemInfo: [malloc] Top-most, releasable space:                  2754464 Byte
20220312 013851.575 INFO             PET0 PIOc_freedecomp Exit - MemInfo: [malloc] Total space in use, mmap + non-mmap:        89253648 Byte
20220312 013851.575 INFO             PET0 PIOc_freedecomp Exit - MemInfo: [malloc] Total space held (mmap + non-mmap):         92172288 Byte
20220312 013851.575 INFO             PET0 PIOc_freedecomp Exit - MemInfo: [malloc] Total space used (mmap + non-mmap):         89263008 Byte
20220312 013851.575 INFO             PET0 PIOc_freedecomp Exit - MemInfo: Wall-clock time since execution start:              0.0440865 seconds
20220312 013851.575 INFO             PET0 PIOc_freedecomp Enter - MemInfo: [/proc/meminfo - SSI]	MemTotal:       131394452 kB
20220312 013851.575 INFO             PET0 PIOc_freedecomp Enter - MemInfo: [/proc/meminfo - SSI]	MemFree:        122263948 kB
20220312 013851.575 INFO             PET0 PIOc_freedecomp Enter - MemInfo: [/proc/meminfo - SSI]	MemAvailable:   121934376 kB
20220312 013851.575 INFO             PET0 PIOc_freedecomp Enter - MemInfo: [/proc/meminfo - SSI]	Committed_AS:    4278220 kB
20220312 013851.575 INFO             PET0 PIOc_freedecomp Enter - MemInfo: [/proc/meminfo - SSI]	CommittedPercent: 3.25601 %
20220312 013851.575 INFO             PET0 PIOc_freedecomp Enter - MemInfo: [/proc/self/status]	VmPeak:	 3856352 kB
20220312 013851.575 INFO             PET0 PIOc_freedecomp Enter - MemInfo: [/proc/self/status]	VmSize:	 3855332 kB
20220312 013851.575 INFO             PET0 PIOc_freedecomp Enter - MemInfo: [/proc/self/status]	VmLck:	       0 kB
20220312 013851.575 INFO             PET0 PIOc_freedecomp Enter - MemInfo: [/proc/self/status]	VmPin:	   82140 kB
20220312 013851.575 INFO             PET0 PIOc_freedecomp Enter - MemInfo: [/proc/self/status]	VmHWM:	  176340 kB
20220312 013851.575 INFO             PET0 PIOc_freedecomp Enter - MemInfo: [/proc/self/status]	VmRSS:	  176340 kB
20220312 013851.575 INFO             PET0 PIOc_freedecomp Enter - MemInfo: [/proc/self/status]	VmData:	  271952 kB
20220312 013851.575 INFO             PET0 PIOc_freedecomp Enter - MemInfo: [/proc/self/status]	VmStk:	     512 kB
20220312 013851.575 INFO             PET0 PIOc_freedecomp Enter - MemInfo: [/proc/self/status]	VmExe:	    1828 kB
20220312 013851.575 INFO             PET0 PIOc_freedecomp Enter - MemInfo: [/proc/self/status]	VmLib:	  156408 kB
20220312 013851.575 INFO             PET0 PIOc_freedecomp Enter - MemInfo: [/proc/self/status]	VmPTE:	     840 kB
20220312 013851.575 INFO             PET0 PIOc_freedecomp Enter - MemInfo: [/proc/self/status]	VmPMD:	      32 kB
20220312 013851.575 INFO             PET0 PIOc_freedecomp Enter - MemInfo: [/proc/self/status]	VmSwap:	       0 kB
20220312 013851.575 INFO             PET0 PIOc_freedecomp Enter - MemInfo: [/proc/self/status]	VmRSSPercent: 0.134207 %
20220312 013851.575 INFO             PET0 PIOc_freedecomp Enter - MemInfo: [malloc] Non-mmapped space allocated:                 6172672 Byte
20220312 013851.575 INFO             PET0 PIOc_freedecomp Enter - MemInfo: [malloc] Space allocated in mmapped regions:         85999616 Byte
20220312 013851.575 INFO             PET0 PIOc_freedecomp Enter - MemInfo: [malloc] Maximum total allocated space:                     0 Byte
20220312 013851.575 INFO             PET0 PIOc_freedecomp Enter - MemInfo: [malloc] Space in freed fastbin blocks:                   496 Byte
20220312 013851.575 INFO             PET0 PIOc_freedecomp Enter - MemInfo: [malloc] Total allocated space:                       3253904 Byte
20220312 013851.575 INFO             PET0 PIOc_freedecomp Enter - MemInfo: [malloc] Total free space:                            2918768 Byte
20220312 013851.575 INFO             PET0 PIOc_freedecomp Enter - MemInfo: [malloc] Top-most, releasable space:                  2754464 Byte
20220312 013851.575 INFO             PET0 PIOc_freedecomp Enter - MemInfo: [malloc] Total space in use, mmap + non-mmap:        89253520 Byte
20220312 013851.575 INFO             PET0 PIOc_freedecomp Enter - MemInfo: [malloc] Total space held (mmap + non-mmap):         92172288 Byte
20220312 013851.575 INFO             PET0 PIOc_freedecomp Enter - MemInfo: [malloc] Total space used (mmap + non-mmap):         89262880 Byte
20220312 013851.576 INFO             PET0 PIOc_freedecomp Enter - MemInfo: Wall-clock time since execution start:              0.0445528 seconds
20220312 013851.576 INFO             PET0 PIOc_freedecomp Exit - MemInfo: [/proc/meminfo - SSI]	MemTotal:       131394452 kB
20220312 013851.576 INFO             PET0 PIOc_freedecomp Exit - MemInfo: [/proc/meminfo - SSI]	MemFree:        122263948 kB
20220312 013851.576 INFO             PET0 PIOc_freedecomp Exit - MemInfo: [/proc/meminfo - SSI]	MemAvailable:   121934376 kB
20220312 013851.576 INFO             PET0 PIOc_freedecomp Exit - MemInfo: [/proc/meminfo - SSI]	Committed_AS:    4278220 kB
20220312 013851.576 INFO             PET0 PIOc_freedecomp Exit - MemInfo: [/proc/meminfo - SSI]	CommittedPercent: 3.25601 %
20220312 013851.576 INFO             PET0 PIOc_freedecomp Exit - MemInfo: [/proc/self/status]	VmPeak:	 3856352 kB
20220312 013851.576 INFO             PET0 PIOc_freedecomp Exit - MemInfo: [/proc/self/status]	VmSize:	 3855332 kB
20220312 013851.576 INFO             PET0 PIOc_freedecomp Exit - MemInfo: [/proc/self/status]	VmLck:	       0 kB
20220312 013851.576 INFO             PET0 PIOc_freedecomp Exit - MemInfo: [/proc/self/status]	VmPin:	   82140 kB
20220312 013851.576 INFO             PET0 PIOc_freedecomp Exit - MemInfo: [/proc/self/status]	VmHWM:	  176340 kB
20220312 013851.576 INFO             PET0 PIOc_freedecomp Exit - MemInfo: [/proc/self/status]	VmRSS:	  176340 kB
20220312 013851.576 INFO             PET0 PIOc_freedecomp Exit - MemInfo: [/proc/self/status]	VmData:	  271952 kB
20220312 013851.576 INFO             PET0 PIOc_freedecomp Exit - MemInfo: [/proc/self/status]	VmStk:	     512 kB
20220312 013851.576 INFO             PET0 PIOc_freedecomp Exit - MemInfo: [/proc/self/status]	VmExe:	    1828 kB
20220312 013851.576 INFO             PET0 PIOc_freedecomp Exit - MemInfo: [/proc/self/status]	VmLib:	  156408 kB
20220312 013851.576 INFO             PET0 PIOc_freedecomp Exit - MemInfo: [/proc/self/status]	VmPTE:	     840 kB
20220312 013851.576 INFO             PET0 PIOc_freedecomp Exit - MemInfo: [/proc/self/status]	VmPMD:	      32 kB
20220312 013851.576 INFO             PET0 PIOc_freedecomp Exit - MemInfo: [/proc/self/status]	VmSwap:	       0 kB
20220312 013851.576 INFO             PET0 PIOc_freedecomp Exit - MemInfo: [/proc/self/status]	VmRSSPercent: 0.134207 %
20220312 013851.576 INFO             PET0 PIOc_freedecomp Exit - MemInfo: [malloc] Non-mmapped space allocated:                 6172672 Byte
20220312 013851.576 INFO             PET0 PIOc_freedecomp Exit - MemInfo: [malloc] Space allocated in mmapped regions:         85999616 Byte
20220312 013851.576 INFO             PET0 PIOc_freedecomp Exit - MemInfo: [malloc] Maximum total allocated space:                     0 Byte
20220312 013851.576 INFO             PET0 PIOc_freedecomp Exit - MemInfo: [malloc] Space in freed fastbin blocks:                   752 Byte
20220312 013851.576 INFO             PET0 PIOc_freedecomp Exit - MemInfo: [malloc] Total allocated space:                       3250240 Byte
20220312 013851.576 INFO             PET0 PIOc_freedecomp Exit - MemInfo: [malloc] Total free space:                            2922432 Byte
20220312 013851.576 INFO             PET0 PIOc_freedecomp Exit - MemInfo: [malloc] Top-most, releasable space:                  2754464 Byte
20220312 013851.576 INFO             PET0 PIOc_freedecomp Exit - MemInfo: [malloc] Total space in use, mmap + non-mmap:        89249856 Byte
20220312 013851.576 INFO             PET0 PIOc_freedecomp Exit - MemInfo: [malloc] Total space held (mmap + non-mmap):         92172288 Byte
20220312 013851.576 INFO             PET0 PIOc_freedecomp Exit - MemInfo: [malloc] Total space used (mmap + non-mmap):         89259216 Byte
20220312 013851.576 INFO             PET0 PIOc_freedecomp Exit - MemInfo: Wall-clock time since execution start:              0.0450276 seconds
20220312 013851.576 INFO             PET0  PASS  Writing a FieldBundle to a single file with timeslice Test, ESMF_FieldBundleIOUTest.F90, line 388
20220312 013851.576 INFO             PET0  PASS  Create attribute package on FieldBundle multi Test, ESMF_FieldBundleIOUTest.F90, line 404
20220312 013851.576 INFO             PET0  PASS  Set attribute values on FieldBundle multi Test, ESMF_FieldBundleIOUTest.F90, line 417
20220312 013851.579 INFO             PET0 PIOc_sync Enter - MemInfo: [/proc/meminfo - SSI]	MemTotal:       131394452 kB
20220312 013851.579 INFO             PET0 PIOc_sync Enter - MemInfo: [/proc/meminfo - SSI]	MemFree:        122263948 kB
20220312 013851.579 INFO             PET0 PIOc_sync Enter - MemInfo: [/proc/meminfo - SSI]	MemAvailable:   121934376 kB
20220312 013851.579 INFO             PET0 PIOc_sync Enter - MemInfo: [/proc/meminfo - SSI]	Committed_AS:    4278220 kB
20220312 013851.579 INFO             PET0 PIOc_sync Enter - MemInfo: [/proc/meminfo - SSI]	CommittedPercent: 3.25601 %
20220312 013851.579 INFO             PET0 PIOc_sync Enter - MemInfo: [/proc/self/status]	VmPeak:	 3856352 kB
20220312 013851.579 INFO             PET0 PIOc_sync Enter - MemInfo: [/proc/self/status]	VmSize:	 3855332 kB
20220312 013851.579 INFO             PET0 PIOc_sync Enter - MemInfo: [/proc/self/status]	VmLck:	       0 kB
20220312 013851.579 INFO             PET0 PIOc_sync Enter - MemInfo: [/proc/self/status]	VmPin:	   82140 kB
20220312 013851.579 INFO             PET0 PIOc_sync Enter - MemInfo: [/proc/self/status]	VmHWM:	  176404 kB
20220312 013851.579 INFO             PET0 PIOc_sync Enter - MemInfo: [/proc/self/status]	VmRSS:	  176404 kB
20220312 013851.579 INFO             PET0 PIOc_sync Enter - MemInfo: [/proc/self/status]	VmData:	  271952 kB
20220312 013851.579 INFO             PET0 PIOc_sync Enter - MemInfo: [/proc/self/status]	VmStk:	     512 kB
20220312 013851.579 INFO             PET0 PIOc_sync Enter - MemInfo: [/proc/self/status]	VmExe:	    1828 kB
20220312 013851.579 INFO             PET0 PIOc_sync Enter - MemInfo: [/proc/self/status]	VmLib:	  156408 kB
20220312 013851.579 INFO             PET0 PIOc_sync Enter - MemInfo: [/proc/self/status]	VmPTE:	     840 kB
20220312 013851.579 INFO             PET0 PIOc_sync Enter - MemInfo: [/proc/self/status]	VmPMD:	      32 kB
20220312 013851.579 INFO             PET0 PIOc_sync Enter - MemInfo: [/proc/self/status]	VmSwap:	       0 kB
20220312 013851.579 INFO             PET0 PIOc_sync Enter - MemInfo: [/proc/self/status]	VmRSSPercent: 0.134255 %
20220312 013851.579 INFO             PET0 PIOc_sync Enter - MemInfo: [malloc] Non-mmapped space allocated:                 6172672 Byte
20220312 013851.579 INFO             PET0 PIOc_sync Enter - MemInfo: [malloc] Space allocated in mmapped regions:         85999616 Byte
20220312 013851.579 INFO             PET0 PIOc_sync Enter - MemInfo: [malloc] Maximum total allocated space:                     0 Byte
20220312 013851.579 INFO             PET0 PIOc_sync Enter - MemInfo: [malloc] Space in freed fastbin blocks:                   896 Byte
20220312 013851.579 INFO             PET0 PIOc_sync Enter - MemInfo: [malloc] Total allocated space:                       5891136 Byte
20220312 013851.579 INFO             PET0 PIOc_sync Enter - MemInfo: [malloc] Total free space:                             281536 Byte
20220312 013851.579 INFO             PET0 PIOc_sync Enter - MemInfo: [malloc] Top-most, releasable space:                   132992 Byte
20220312 013851.579 INFO             PET0 PIOc_sync Enter - MemInfo: [malloc] Total space in use, mmap + non-mmap:        91890752 Byte
20220312 013851.579 INFO             PET0 PIOc_sync Enter - MemInfo: [malloc] Total space held (mmap + non-mmap):         92172288 Byte
20220312 013851.579 INFO             PET0 PIOc_sync Enter - MemInfo: [malloc] Total space used (mmap + non-mmap):         91900112 Byte
20220312 013851.579 INFO             PET0 PIOc_sync Enter - MemInfo: Wall-clock time since execution start:              0.0481128 seconds
20220312 013851.579 INFO             PET0 PIOc_sync Exit - MemInfo: [/proc/meminfo - SSI]	MemTotal:       131394452 kB
20220312 013851.580 INFO             PET0 PIOc_sync Exit - MemInfo: [/proc/meminfo - SSI]	MemFree:        122263948 kB
20220312 013851.580 INFO             PET0 PIOc_sync Exit - MemInfo: [/proc/meminfo - SSI]	MemAvailable:   121934376 kB
20220312 013851.580 INFO             PET0 PIOc_sync Exit - MemInfo: [/proc/meminfo - SSI]	Committed_AS:    4278220 kB
20220312 013851.580 INFO             PET0 PIOc_sync Exit - MemInfo: [/proc/meminfo - SSI]	CommittedPercent: 3.25601 %
20220312 013851.580 INFO             PET0 PIOc_sync Exit - MemInfo: [/proc/self/status]	VmPeak:	 3856352 kB
20220312 013851.580 INFO             PET0 PIOc_sync Exit - MemInfo: [/proc/self/status]	VmSize:	 3855332 kB
20220312 013851.580 INFO             PET0 PIOc_sync Exit - MemInfo: [/proc/self/status]	VmLck:	       0 kB
20220312 013851.580 INFO             PET0 PIOc_sync Exit - MemInfo: [/proc/self/status]	VmPin:	   82140 kB
20220312 013851.580 INFO             PET0 PIOc_sync Exit - MemInfo: [/proc/self/status]	VmHWM:	  176436 kB
20220312 013851.580 INFO             PET0 PIOc_sync Exit - MemInfo: [/proc/self/status]	VmRSS:	  176436 kB
20220312 013851.580 INFO             PET0 PIOc_sync Exit - MemInfo: [/proc/self/status]	VmData:	  271952 kB
20220312 013851.580 INFO             PET0 PIOc_sync Exit - MemInfo: [/proc/self/status]	VmStk:	     512 kB
