build time -- 2022-03-13 01:18:47.579298
20220313 013835.254 INFO             PET0 !!!!!!!!!!!!!!!!!!!!!!!!!!!!!!!!!!!!!!!!!!!!!!!!!!!!!!
20220313 013835.254 INFO             PET0 !!! THE ESMF_LOG IS SET TO OUTPUT ALL LOG MESSAGES !!!
20220313 013835.254 INFO             PET0 !!!     THIS MAY CAUSE SLOWDOWN IN PERFORMANCE     !!!
20220313 013835.254 INFO             PET0 !!! FOR PRODUCTION RUNS, USE:                      !!!
20220313 013835.254 INFO             PET0 !!!                   ESMF_LOGKIND_Multi_On_Error  !!!
20220313 013835.254 INFO             PET0 !!!!!!!!!!!!!!!!!!!!!!!!!!!!!!!!!!!!!!!!!!!!!!!!!!!!!!
20220313 013835.254 INFO             PET0 Running with ESMF Version   : v8.3.0b09-96-g559b459836
20220313 013835.254 INFO             PET0 ESMF library build date/time: "Mar 13 2022" "01:16:11"
20220313 013835.254 INFO             PET0 ESMF library build location : /gpfsm/dnb04/projects/p98/mpotts/esmf/intel_2020_intelmpi_g_jedwards_pio_update2
20220313 013835.254 INFO             PET0 ESMF_COMM                   : intelmpi
20220313 013835.255 INFO             PET0 ESMF_MOAB                   : enabled
20220313 013835.255 INFO             PET0 ESMF_LAPACK                 : enabled
20220313 013835.255 INFO             PET0 ESMF_NETCDF                 : enabled
20220313 013835.255 INFO             PET0 ESMF_PNETCDF                : disabled
20220313 013835.255 INFO             PET0 ESMF_PIO                    : enabled
20220313 013835.255 INFO             PET0 ESMF_YAMLCPP                : enabled
20220313 013835.255 INFO             PET0  Beginning Test, file ESMF_FieldSMMFromFileUTest.F90, line 287
20220313 013835.255 INFO             PET0  NUMBER_OF_PROCESSORS           4
20220313 013835.875 INFO             PET0  PASS  ESMF_FieldSMMFromFile Unit Test, ESMF_FieldSMMFromFileUTest.F90, line 300
20220313 013835.890 INFO             PET0 PIOc_sync Enter - MemInfo: [/proc/meminfo - SSI]	MemTotal:       131394444 kB
20220313 013835.890 INFO             PET0 PIOc_sync Enter - MemInfo: [/proc/meminfo - SSI]	MemFree:        123749644 kB
20220313 013835.890 INFO             PET0 PIOc_sync Enter - MemInfo: [/proc/meminfo - SSI]	MemAvailable:   123400660 kB
20220313 013835.890 INFO             PET0 PIOc_sync Enter - MemInfo: [/proc/meminfo - SSI]	Committed_AS:    4273828 kB
20220313 013835.890 INFO             PET0 PIOc_sync Enter - MemInfo: [/proc/meminfo - SSI]	CommittedPercent: 3.25267 %
20220313 013835.890 INFO             PET0 PIOc_sync Enter - MemInfo: [/proc/self/status]	VmPeak:	 3856184 kB
20220313 013835.890 INFO             PET0 PIOc_sync Enter - MemInfo: [/proc/self/status]	VmSize:	 3855164 kB
20220313 013835.890 INFO             PET0 PIOc_sync Enter - MemInfo: [/proc/self/status]	VmLck:	       0 kB
20220313 013835.890 INFO             PET0 PIOc_sync Enter - MemInfo: [/proc/self/status]	VmPin:	   71900 kB
20220313 013835.890 INFO             PET0 PIOc_sync Enter - MemInfo: [/proc/self/status]	VmHWM:	  177996 kB
20220313 013835.890 INFO             PET0 PIOc_sync Enter - MemInfo: [/proc/self/status]	VmRSS:	  177996 kB
20220313 013835.890 INFO             PET0 PIOc_sync Enter - MemInfo: [/proc/self/status]	VmData:	  271848 kB
20220313 013835.890 INFO             PET0 PIOc_sync Enter - MemInfo: [/proc/self/status]	VmStk:	     512 kB
20220313 013835.890 INFO             PET0 PIOc_sync Enter - MemInfo: [/proc/self/status]	VmExe:	    1768 kB
20220313 013835.890 INFO             PET0 PIOc_sync Enter - MemInfo: [/proc/self/status]	VmLib:	  156408 kB
20220313 013835.890 INFO             PET0 PIOc_sync Enter - MemInfo: [/proc/self/status]	VmPTE:	     840 kB
20220313 013835.890 INFO             PET0 PIOc_sync Enter - MemInfo: [/proc/self/status]	VmPMD:	      32 kB
20220313 013835.890 INFO             PET0 PIOc_sync Enter - MemInfo: [/proc/self/status]	VmSwap:	       0 kB
20220313 013835.890 INFO             PET0 PIOc_sync Enter - MemInfo: [/proc/self/status]	VmRSSPercent: 0.135467 %
20220313 013835.890 INFO             PET0 PIOc_sync Enter - MemInfo: [malloc] Non-mmapped space allocated:                16556032 Byte
20220313 013835.890 INFO             PET0 PIOc_sync Enter - MemInfo: [malloc] Space allocated in mmapped regions:         73412608 Byte
20220313 013835.890 INFO             PET0 PIOc_sync Enter - MemInfo: [malloc] Maximum total allocated space:                     0 Byte
20220313 013835.890 INFO             PET0 PIOc_sync Enter - MemInfo: [malloc] Space in freed fastbin blocks:                   400 Byte
20220313 013835.890 INFO             PET0 PIOc_sync Enter - MemInfo: [malloc] Total allocated space:                      12195952 Byte
20220313 013835.890 INFO             PET0 PIOc_sync Enter - MemInfo: [malloc] Total free space:                            4360080 Byte
20220313 013835.890 INFO             PET0 PIOc_sync Enter - MemInfo: [malloc] Top-most, releasable space:                  2231488 Byte
20220313 013835.890 INFO             PET0 PIOc_sync Enter - MemInfo: [malloc] Total space in use, mmap + non-mmap:        85608560 Byte
20220313 013835.890 INFO             PET0 PIOc_sync Enter - MemInfo: [malloc] Total space held (mmap + non-mmap):         89968640 Byte
20220313 013835.890 INFO             PET0 PIOc_sync Enter - MemInfo: [malloc] Total space used (mmap + non-mmap):         85617920 Byte
20220313 013835.890 INFO             PET0 PIOc_sync Enter - MemInfo: Wall-clock time since execution start:               0.647982 seconds
20220313 013835.891 INFO             PET0 PIOc_sync Exit - MemInfo: [/proc/meminfo - SSI]	MemTotal:       131394444 kB
20220313 013835.891 INFO             PET0 PIOc_sync Exit - MemInfo: [/proc/meminfo - SSI]	MemFree:        123749644 kB
20220313 013835.891 INFO             PET0 PIOc_sync Exit - MemInfo: [/proc/meminfo - SSI]	MemAvailable:   123400660 kB
20220313 013835.891 INFO             PET0 PIOc_sync Exit - MemInfo: [/proc/meminfo - SSI]	Committed_AS:    4273828 kB
20220313 013835.891 INFO             PET0 PIOc_sync Exit - MemInfo: [/proc/meminfo - SSI]	CommittedPercent: 3.25267 %
20220313 013835.891 INFO             PET0 PIOc_sync Exit - MemInfo: [/proc/self/status]	VmPeak:	 3856184 kB
20220313 013835.891 INFO             PET0 PIOc_sync Exit - MemInfo: [/proc/self/status]	VmSize:	 3855164 kB
20220313 013835.891 INFO             PET0 PIOc_sync Exit - MemInfo: [/proc/self/status]	VmLck:	       0 kB
20220313 013835.891 INFO             PET0 PIOc_sync Exit - MemInfo: [/proc/self/status]	VmPin:	   71900 kB
20220313 013835.891 INFO             PET0 PIOc_sync Exit - MemInfo: [/proc/self/status]	VmHWM:	  178100 kB
20220313 013835.891 INFO             PET0 PIOc_sync Exit - MemInfo: [/proc/self/status]	VmRSS:	  178100 kB
20220313 013835.891 INFO             PET0 PIOc_sync Exit - MemInfo: [/proc/self/status]	VmData:	  271848 kB
20220313 013835.891 INFO             PET0 PIOc_sync Exit - MemInfo: [/proc/self/status]	VmStk:	     512 kB
20220313 013835.891 INFO             PET0 PIOc_sync Exit - MemInfo: [/proc/self/status]	VmExe:	    1768 kB
20220313 013835.891 INFO             PET0 PIOc_sync Exit - MemInfo: [/proc/self/status]	VmLib:	  156408 kB
20220313 013835.891 INFO             PET0 PIOc_sync Exit - MemInfo: [/proc/self/status]	VmPTE:	     840 kB
20220313 013835.891 INFO             PET0 PIOc_sync Exit - MemInfo: [/proc/self/status]	VmPMD:	      32 kB
20220313 013835.891 INFO             PET0 PIOc_sync Exit - MemInfo: [/proc/self/status]	VmSwap:	       0 kB
20220313 013835.891 INFO             PET0 PIOc_sync Exit - MemInfo: [/proc/self/status]	VmRSSPercent: 0.135546 %
20220313 013835.891 INFO             PET0 PIOc_sync Exit - MemInfo: [malloc] Non-mmapped space allocated:                16556032 Byte
20220313 013835.891 INFO             PET0 PIOc_sync Exit - MemInfo: [malloc] Space allocated in mmapped regions:         73412608 Byte
20220313 013835.891 INFO             PET0 PIOc_sync Exit - MemInfo: [malloc] Maximum total allocated space:                     0 Byte
20220313 013835.891 INFO             PET0 PIOc_sync Exit - MemInfo: [malloc] Space in freed fastbin blocks:                   432 Byte
20220313 013835.891 INFO             PET0 PIOc_sync Exit - MemInfo: [malloc] Total allocated space:                      12194720 Byte
20220313 013835.891 INFO             PET0 PIOc_sync Exit - MemInfo: [malloc] Total free space:                            4361312 Byte
20220313 013835.891 INFO             PET0 PIOc_sync Exit - MemInfo: [malloc] Top-most, releasable space:                  2231488 Byte
20220313 013835.891 INFO             PET0 PIOc_sync Exit - MemInfo: [malloc] Total space in use, mmap + non-mmap:        85607328 Byte
20220313 013835.891 INFO             PET0 PIOc_sync Exit - MemInfo: [malloc] Total space held (mmap + non-mmap):         89968640 Byte
20220313 013835.891 INFO             PET0 PIOc_sync Exit - MemInfo: [malloc] Total space used (mmap + non-mmap):         85616688 Byte
20220313 013835.891 INFO             PET0 PIOc_sync Exit - MemInfo: Wall-clock time since execution start:               0.648947 seconds
20220313 013835.891 INFO             PET0 PIOc_freedecomp Enter - MemInfo: [/proc/meminfo - SSI]	MemTotal:       131394444 kB
20220313 013835.891 INFO             PET0 PIOc_freedecomp Enter - MemInfo: [/proc/meminfo - SSI]	MemFree:        123749644 kB
20220313 013835.891 INFO             PET0 PIOc_freedecomp Enter - MemInfo: [/proc/meminfo - SSI]	MemAvailable:   123400660 kB
20220313 013835.891 INFO             PET0 PIOc_freedecomp Enter - MemInfo: [/proc/meminfo - SSI]	Committed_AS:    4273828 kB
20220313 013835.891 INFO             PET0 PIOc_freedecomp Enter - MemInfo: [/proc/meminfo - SSI]	CommittedPercent: 3.25267 %
20220313 013835.891 INFO             PET0 PIOc_freedecomp Enter - MemInfo: [/proc/self/status]	VmPeak:	 3856184 kB
20220313 013835.891 INFO             PET0 PIOc_freedecomp Enter - MemInfo: [/proc/self/status]	VmSize:	 3855164 kB
20220313 013835.891 INFO             PET0 PIOc_freedecomp Enter - MemInfo: [/proc/self/status]	VmLck:	       0 kB
20220313 013835.891 INFO             PET0 PIOc_freedecomp Enter - MemInfo: [/proc/self/status]	VmPin:	   71900 kB
20220313 013835.891 INFO             PET0 PIOc_freedecomp Enter - MemInfo: [/proc/self/status]	VmHWM:	  178104 kB
20220313 013835.891 INFO             PET0 PIOc_freedecomp Enter - MemInfo: [/proc/self/status]	VmRSS:	  178104 kB
20220313 013835.891 INFO             PET0 PIOc_freedecomp Enter - MemInfo: [/proc/self/status]	VmData:	  271848 kB
20220313 013835.891 INFO             PET0 PIOc_freedecomp Enter - MemInfo: [/proc/self/status]	VmStk:	     512 kB
20220313 013835.891 INFO             PET0 PIOc_freedecomp Enter - MemInfo: [/proc/self/status]	VmExe:	    1768 kB
20220313 013835.891 INFO             PET0 PIOc_freedecomp Enter - MemInfo: [/proc/self/status]	VmLib:	  156408 kB
20220313 013835.891 INFO             PET0 PIOc_freedecomp Enter - MemInfo: [/proc/self/status]	VmPTE:	     840 kB
20220313 013835.892 INFO             PET0 PIOc_freedecomp Enter - MemInfo: [/proc/self/status]	VmPMD:	      32 kB
20220313 013835.892 INFO             PET0 PIOc_freedecomp Enter - MemInfo: [/proc/self/status]	VmSwap:	       0 kB
20220313 013835.892 INFO             PET0 PIOc_freedecomp Enter - MemInfo: [/proc/self/status]	VmRSSPercent: 0.135549 %
20220313 013835.892 INFO             PET0 PIOc_freedecomp Enter - MemInfo: [malloc] Non-mmapped space allocated:                16556032 Byte
20220313 013835.892 INFO             PET0 PIOc_freedecomp Enter - MemInfo: [malloc] Space allocated in mmapped regions:         73412608 Byte
20220313 013835.892 INFO             PET0 PIOc_freedecomp Enter - MemInfo: [malloc] Maximum total allocated space:                     0 Byte
20220313 013835.892 INFO             PET0 PIOc_freedecomp Enter - MemInfo: [malloc] Space in freed fastbin blocks:                  1056 Byte
20220313 013835.892 INFO             PET0 PIOc_freedecomp Enter - MemInfo: [malloc] Total allocated space:                      10084448 Byte
20220313 013835.892 INFO             PET0 PIOc_freedecomp Enter - MemInfo: [malloc] Total free space:                            6471584 Byte
20220313 013835.892 INFO             PET0 PIOc_freedecomp Enter - MemInfo: [malloc] Top-most, releasable space:                  2231488 Byte
20220313 013835.892 INFO             PET0 PIOc_freedecomp Enter - MemInfo: [malloc] Total space in use, mmap + non-mmap:        83497056 Byte
20220313 013835.892 INFO             PET0 PIOc_freedecomp Enter - MemInfo: [malloc] Total space held (mmap + non-mmap):         89968640 Byte
20220313 013835.892 INFO             PET0 PIOc_freedecomp Enter - MemInfo: [malloc] Total space used (mmap + non-mmap):         83506416 Byte
20220313 013835.892 INFO             PET0 PIOc_freedecomp Enter - MemInfo: Wall-clock time since execution start:               0.649648 seconds
20220313 013835.892 INFO             PET0 PIOc_freedecomp Exit - MemInfo: [/proc/meminfo - SSI]	MemTotal:       131394444 kB
20220313 013835.892 INFO             PET0 PIOc_freedecomp Exit - MemInfo: [/proc/meminfo - SSI]	MemFree:        123749644 kB
20220313 013835.892 INFO             PET0 PIOc_freedecomp Exit - MemInfo: [/proc/meminfo - SSI]	MemAvailable:   123400660 kB
20220313 013835.892 INFO             PET0 PIOc_freedecomp Exit - MemInfo: [/proc/meminfo - SSI]	Committed_AS:    4273828 kB
20220313 013835.892 INFO             PET0 PIOc_freedecomp Exit - MemInfo: [/proc/meminfo - SSI]	CommittedPercent: 3.25267 %
20220313 013835.892 INFO             PET0 PIOc_freedecomp Exit - MemInfo: [/proc/self/status]	VmPeak:	 3856184 kB
20220313 013835.892 INFO             PET0 PIOc_freedecomp Exit - MemInfo: [/proc/self/status]	VmSize:	 3855164 kB
20220313 013835.892 INFO             PET0 PIOc_freedecomp Exit - MemInfo: [/proc/self/status]	VmLck:	       0 kB
20220313 013835.892 INFO             PET0 PIOc_freedecomp Exit - MemInfo: [/proc/self/status]	VmPin:	   71900 kB
20220313 013835.892 INFO             PET0 PIOc_freedecomp Exit - MemInfo: [/proc/self/status]	VmHWM:	  178104 kB
20220313 013835.892 INFO             PET0 PIOc_freedecomp Exit - MemInfo: [/proc/self/status]	VmRSS:	  178104 kB
20220313 013835.892 INFO             PET0 PIOc_freedecomp Exit - MemInfo: [/proc/self/status]	VmData:	  271848 kB
20220313 013835.892 INFO             PET0 PIOc_freedecomp Exit - MemInfo: [/proc/self/status]	VmStk:	     512 kB
20220313 013835.892 INFO             PET0 PIOc_freedecomp Exit - MemInfo: [/proc/self/status]	VmExe:	    1768 kB
20220313 013835.892 INFO             PET0 PIOc_freedecomp Exit - MemInfo: [/proc/self/status]	VmLib:	  156408 kB
20220313 013835.892 INFO             PET0 PIOc_freedecomp Exit - MemInfo: [/proc/self/status]	VmPTE:	     840 kB
20220313 013835.892 INFO             PET0 PIOc_freedecomp Exit - MemInfo: [/proc/self/status]	VmPMD:	      32 kB
20220313 013835.892 INFO             PET0 PIOc_freedecomp Exit - MemInfo: [/proc/self/status]	VmSwap:	       0 kB
20220313 013835.892 INFO             PET0 PIOc_freedecomp Exit - MemInfo: [/proc/self/status]	VmRSSPercent: 0.135549 %
20220313 013835.892 INFO             PET0 PIOc_freedecomp Exit - MemInfo: [malloc] Non-mmapped space allocated:                16556032 Byte
20220313 013835.892 INFO             PET0 PIOc_freedecomp Exit - MemInfo: [malloc] Space allocated in mmapped regions:         73412608 Byte
20220313 013835.892 INFO             PET0 PIOc_freedecomp Exit - MemInfo: [malloc] Maximum total allocated space:                     0 Byte
20220313 013835.892 INFO             PET0 PIOc_freedecomp Exit - MemInfo: [malloc] Space in freed fastbin blocks:                   880 Byte
20220313 013835.892 INFO             PET0 PIOc_freedecomp Exit - MemInfo: [malloc] Total allocated space:                      10080112 Byte
20220313 013835.892 INFO             PET0 PIOc_freedecomp Exit - MemInfo: [malloc] Total free space:                            6475920 Byte
20220313 013835.892 INFO             PET0 PIOc_freedecomp Exit - MemInfo: [malloc] Top-most, releasable space:                  2231488 Byte
20220313 013835.892 INFO             PET0 PIOc_freedecomp Exit - MemInfo: [malloc] Total space in use, mmap + non-mmap:        83492720 Byte
20220313 013835.892 INFO             PET0 PIOc_freedecomp Exit - MemInfo: [malloc] Total space held (mmap + non-mmap):         89968640 Byte
20220313 013835.892 INFO             PET0 PIOc_freedecomp Exit - MemInfo: [malloc] Total space used (mmap + non-mmap):         83502080 Byte
20220313 013835.892 INFO             PET0 PIOc_freedecomp Exit - MemInfo: Wall-clock time since execution start:               0.650173 seconds
20220313 013835.893 INFO             PET0 PIOc_sync Enter - MemInfo: [/proc/meminfo - SSI]	MemTotal:       131394444 kB
20220313 013835.893 INFO             PET0 PIOc_sync Enter - MemInfo: [/proc/meminfo - SSI]	MemFree:        123749644 kB
20220313 013835.893 INFO             PET0 PIOc_sync Enter - MemInfo: [/proc/meminfo - SSI]	MemAvailable:   123400660 kB
20220313 013835.893 INFO             PET0 PIOc_sync Enter - MemInfo: [/proc/meminfo - SSI]	Committed_AS:    4273828 kB
20220313 013835.893 INFO             PET0 PIOc_sync Enter - MemInfo: [/proc/meminfo - SSI]	CommittedPercent: 3.25267 %
20220313 013835.893 INFO             PET0 PIOc_sync Enter - MemInfo: [/proc/self/status]	VmPeak:	 3856184 kB
20220313 013835.893 INFO             PET0 PIOc_sync Enter - MemInfo: [/proc/self/status]	VmSize:	 3855164 kB
20220313 013835.893 INFO             PET0 PIOc_sync Enter - MemInfo: [/proc/self/status]	VmLck:	       0 kB
20220313 013835.893 INFO             PET0 PIOc_sync Enter - MemInfo: [/proc/self/status]	VmPin:	   71900 kB
20220313 013835.893 INFO             PET0 PIOc_sync Enter - MemInfo: [/proc/self/status]	VmHWM:	  178124 kB
20220313 013835.893 INFO             PET0 PIOc_sync Enter - MemInfo: [/proc/self/status]	VmRSS:	  178124 kB
20220313 013835.893 INFO             PET0 PIOc_sync Enter - MemInfo: [/proc/self/status]	VmData:	  271848 kB
20220313 013835.893 INFO             PET0 PIOc_sync Enter - MemInfo: [/proc/self/status]	VmStk:	     512 kB
20220313 013835.893 INFO             PET0 PIOc_sync Enter - MemInfo: [/proc/self/status]	VmExe:	    1768 kB
20220313 013835.893 INFO             PET0 PIOc_sync Enter - MemInfo: [/proc/self/status]	VmLib:	  156408 kB
20220313 013835.893 INFO             PET0 PIOc_sync Enter - MemInfo: [/proc/self/status]	VmPTE:	     840 kB
20220313 013835.893 INFO             PET0 PIOc_sync Enter - MemInfo: [/proc/self/status]	VmPMD:	      32 kB
20220313 013835.894 INFO             PET0 PIOc_sync Enter - MemInfo: [/proc/self/status]	VmSwap:	       0 kB
20220313 013835.894 INFO             PET0 PIOc_sync Enter - MemInfo: [/proc/self/status]	VmRSSPercent: 0.135564 %
20220313 013835.894 INFO             PET0 PIOc_sync Enter - MemInfo: [malloc] Non-mmapped space allocated:                16556032 Byte
20220313 013835.894 INFO             PET0 PIOc_sync Enter - MemInfo: [malloc] Space allocated in mmapped regions:         73412608 Byte
20220313 013835.894 INFO             PET0 PIOc_sync Enter - MemInfo: [malloc] Maximum total allocated space:                     0 Byte
20220313 013835.894 INFO             PET0 PIOc_sync Enter - MemInfo: [malloc] Space in freed fastbin blocks:                   544 Byte
20220313 013835.894 INFO             PET0 PIOc_sync Enter - MemInfo: [malloc] Total allocated space:                      12196160 Byte
20220313 013835.894 INFO             PET0 PIOc_sync Enter - MemInfo: [malloc] Total free space:                            4359872 Byte
20220313 013835.894 INFO             PET0 PIOc_sync Enter - MemInfo: [malloc] Top-most, releasable space:                  2231488 Byte
20220313 013835.894 INFO             PET0 PIOc_sync Enter - MemInfo: [malloc] Total space in use, mmap + non-mmap:        85608768 Byte
20220313 013835.894 INFO             PET0 PIOc_sync Enter - MemInfo: [malloc] Total space held (mmap + non-mmap):         89968640 Byte
20220313 013835.894 INFO             PET0 PIOc_sync Enter - MemInfo: [malloc] Total space used (mmap + non-mmap):         85618128 Byte
20220313 013835.894 INFO             PET0 PIOc_sync Enter - MemInfo: Wall-clock time since execution start:               0.651613 seconds
20220313 013835.894 INFO             PET0 PIOc_sync Exit - MemInfo: [/proc/meminfo - SSI]	MemTotal:       131394444 kB
20220313 013835.894 INFO             PET0 PIOc_sync Exit - MemInfo: [/proc/meminfo - SSI]	MemFree:        123749644 kB
20220313 013835.894 INFO             PET0 PIOc_sync Exit - MemInfo: [/proc/meminfo - SSI]	MemAvailable:   123400660 kB
20220313 013835.894 INFO             PET0 PIOc_sync Exit - MemInfo: [/proc/meminfo - SSI]	Committed_AS:    4273828 kB
20220313 013835.894 INFO             PET0 PIOc_sync Exit - MemInfo: [/proc/meminfo - SSI]	CommittedPercent: 3.25267 %
20220313 013835.894 INFO             PET0 PIOc_sync Exit - MemInfo: [/proc/self/status]	VmPeak:	 3856184 kB
20220313 013835.894 INFO             PET0 PIOc_sync Exit - MemInfo: [/proc/self/status]	VmSize:	 3855164 kB
20220313 013835.894 INFO             PET0 PIOc_sync Exit - MemInfo: [/proc/self/status]	VmLck:	       0 kB
20220313 013835.894 INFO             PET0 PIOc_sync Exit - MemInfo: [/proc/self/status]	VmPin:	   71900 kB
20220313 013835.894 INFO             PET0 PIOc_sync Exit - MemInfo: [/proc/self/status]	VmHWM:	  178148 kB
20220313 013835.894 INFO             PET0 PIOc_sync Exit - MemInfo: [/proc/self/status]	VmRSS:	  178148 kB
20220313 013835.894 INFO             PET0 PIOc_sync Exit - MemInfo: [/proc/self/status]	VmData:	  271848 kB
20220313 013835.894 INFO             PET0 PIOc_sync Exit - MemInfo: [/proc/self/status]	VmStk:	     512 kB
20220313 013835.894 INFO             PET0 PIOc_sync Exit - MemInfo: [/proc/self/status]	VmExe:	    1768 kB
20220313 013835.894 INFO             PET0 PIOc_sync Exit - MemInfo: [/proc/self/status]	VmLib:	  156408 kB
20220313 013835.894 INFO             PET0 PIOc_sync Exit - MemInfo: [/proc/self/status]	VmPTE:	     840 kB
20220313 013835.894 INFO             PET0 PIOc_sync Exit - MemInfo: [/proc/self/status]	VmPMD:	      32 kB
20220313 013835.894 INFO             PET0 PIOc_sync Exit - MemInfo: [/proc/self/status]	VmSwap:	       0 kB
20220313 013835.894 INFO             PET0 PIOc_sync Exit - MemInfo: [/proc/self/status]	VmRSSPercent: 0.135583 %
20220313 013835.894 INFO             PET0 PIOc_sync Exit - MemInfo: [malloc] Non-mmapped space allocated:                16556032 Byte
20220313 013835.894 INFO             PET0 PIOc_sync Exit - MemInfo: [malloc] Space allocated in mmapped regions:         73412608 Byte
20220313 013835.894 INFO             PET0 PIOc_sync Exit - MemInfo: [malloc] Maximum total allocated space:                     0 Byte
20220313 013835.894 INFO             PET0 PIOc_sync Exit - MemInfo: [malloc] Space in freed fastbin blocks:                   384 Byte
20220313 013835.894 INFO             PET0 PIOc_sync Exit - MemInfo: [malloc] Total allocated space:                      12195184 Byte
20220313 013835.894 INFO             PET0 PIOc_sync Exit - MemInfo: [malloc] Total free space:                            4360848 Byte
20220313 013835.894 INFO             PET0 PIOc_sync Exit - MemInfo: [malloc] Top-most, releasable space:                  2231488 Byte
20220313 013835.894 INFO             PET0 PIOc_sync Exit - MemInfo: [malloc] Total space in use, mmap + non-mmap:        85607792 Byte
20220313 013835.894 INFO             PET0 PIOc_sync Exit - MemInfo: [malloc] Total space held (mmap + non-mmap):         89968640 Byte
20220313 013835.894 INFO             PET0 PIOc_sync Exit - MemInfo: [malloc] Total space used (mmap + non-mmap):         85617152 Byte
20220313 013835.894 INFO             PET0 PIOc_sync Exit - MemInfo: Wall-clock time since execution start:                0.65229 seconds
20220313 013835.894 INFO             PET0 PIOc_freedecomp Enter - MemInfo: [/proc/meminfo - SSI]	MemTotal:       131394444 kB
20220313 013835.894 INFO             PET0 PIOc_freedecomp Enter - MemInfo: [/proc/meminfo - SSI]	MemFree:        123749644 kB
20220313 013835.894 INFO             PET0 PIOc_freedecomp Enter - MemInfo: [/proc/meminfo - SSI]	MemAvailable:   123400660 kB
20220313 013835.894 INFO             PET0 PIOc_freedecomp Enter - MemInfo: [/proc/meminfo - SSI]	Committed_AS:    4273828 kB
20220313 013835.895 INFO             PET0 PIOc_freedecomp Enter - MemInfo: [/proc/meminfo - SSI]	CommittedPercent: 3.25267 %
20220313 013835.895 INFO             PET0 PIOc_freedecomp Enter - MemInfo: [/proc/self/status]	VmPeak:	 3856184 kB
20220313 013835.895 INFO             PET0 PIOc_freedecomp Enter - MemInfo: [/proc/self/status]	VmSize:	 3855164 kB
20220313 013835.895 INFO             PET0 PIOc_freedecomp Enter - MemInfo: [/proc/self/status]	VmLck:	       0 kB
20220313 013835.895 INFO             PET0 PIOc_freedecomp Enter - MemInfo: [/proc/self/status]	VmPin:	   71900 kB
20220313 013835.895 INFO             PET0 PIOc_freedecomp Enter - MemInfo: [/proc/self/status]	VmHWM:	  178148 kB
20220313 013835.895 INFO             PET0 PIOc_freedecomp Enter - MemInfo: [/proc/self/status]	VmRSS:	  178148 kB
20220313 013835.895 INFO             PET0 PIOc_freedecomp Enter - MemInfo: [/proc/self/status]	VmData:	  271848 kB
20220313 013835.895 INFO             PET0 PIOc_freedecomp Enter - MemInfo: [/proc/self/status]	VmStk:	     512 kB
20220313 013835.895 INFO             PET0 PIOc_freedecomp Enter - MemInfo: [/proc/self/status]	VmExe:	    1768 kB
20220313 013835.895 INFO             PET0 PIOc_freedecomp Enter - MemInfo: [/proc/self/status]	VmLib:	  156408 kB
20220313 013835.895 INFO             PET0 PIOc_freedecomp Enter - MemInfo: [/proc/self/status]	VmPTE:	     840 kB
20220313 013835.895 INFO             PET0 PIOc_freedecomp Enter - MemInfo: [/proc/self/status]	VmPMD:	      32 kB
20220313 013835.895 INFO             PET0 PIOc_freedecomp Enter - MemInfo: [/proc/self/status]	VmSwap:	       0 kB
20220313 013835.895 INFO             PET0 PIOc_freedecomp Enter - MemInfo: [/proc/self/status]	VmRSSPercent: 0.135583 %
20220313 013835.895 INFO             PET0 PIOc_freedecomp Enter - MemInfo: [malloc] Non-mmapped space allocated:                16556032 Byte
20220313 013835.895 INFO             PET0 PIOc_freedecomp Enter - MemInfo: [malloc] Space allocated in mmapped regions:         73412608 Byte
20220313 013835.895 INFO             PET0 PIOc_freedecomp Enter - MemInfo: [malloc] Maximum total allocated space:                     0 Byte
20220313 013835.895 INFO             PET0 PIOc_freedecomp Enter - MemInfo: [malloc] Space in freed fastbin blocks:                  1248 Byte
20220313 013835.895 INFO             PET0 PIOc_freedecomp Enter - MemInfo: [malloc] Total allocated space:                      10084464 Byte
20220313 013835.895 INFO             PET0 PIOc_freedecomp Enter - MemInfo: [malloc] Total free space:                            6471568 Byte
20220313 013835.895 INFO             PET0 PIOc_freedecomp Enter - MemInfo: [malloc] Top-most, releasable space:                  2231488 Byte
20220313 013835.895 INFO             PET0 PIOc_freedecomp Enter - MemInfo: [malloc] Total space in use, mmap + non-mmap:        83497072 Byte
20220313 013835.895 INFO             PET0 PIOc_freedecomp Enter - MemInfo: [malloc] Total space held (mmap + non-mmap):         89968640 Byte
20220313 013835.895 INFO             PET0 PIOc_freedecomp Enter - MemInfo: [malloc] Total space used (mmap + non-mmap):         83506432 Byte
20220313 013835.895 INFO             PET0 PIOc_freedecomp Enter - MemInfo: Wall-clock time since execution start:               0.652836 seconds
20220313 013835.895 INFO             PET0 PIOc_freedecomp Exit - MemInfo: [/proc/meminfo - SSI]	MemTotal:       131394444 kB
20220313 013835.895 INFO             PET0 PIOc_freedecomp Exit - MemInfo: [/proc/meminfo - SSI]	MemFree:        123749644 kB
20220313 013835.895 INFO             PET0 PIOc_freedecomp Exit - MemInfo: [/proc/meminfo - SSI]	MemAvailable:   123400660 kB
20220313 013835.895 INFO             PET0 PIOc_freedecomp Exit - MemInfo: [/proc/meminfo - SSI]	Committed_AS:    4273828 kB
20220313 013835.895 INFO             PET0 PIOc_freedecomp Exit - MemInfo: [/proc/meminfo - SSI]	CommittedPercent: 3.25267 %
20220313 013835.895 INFO             PET0 PIOc_freedecomp Exit - MemInfo: [/proc/self/status]	VmPeak:	 3856184 kB
20220313 013835.895 INFO             PET0 PIOc_freedecomp Exit - MemInfo: [/proc/self/status]	VmSize:	 3855164 kB
20220313 013835.895 INFO             PET0 PIOc_freedecomp Exit - MemInfo: [/proc/self/status]	VmLck:	       0 kB
20220313 013835.895 INFO             PET0 PIOc_freedecomp Exit - MemInfo: [/proc/self/status]	VmPin:	   71900 kB
20220313 013835.895 INFO             PET0 PIOc_freedecomp Exit - MemInfo: [/proc/self/status]	VmHWM:	  178148 kB
20220313 013835.895 INFO             PET0 PIOc_freedecomp Exit - MemInfo: [/proc/self/status]	VmRSS:	  178148 kB
20220313 013835.895 INFO             PET0 PIOc_freedecomp Exit - MemInfo: [/proc/self/status]	VmData:	  271848 kB
20220313 013835.895 INFO             PET0 PIOc_freedecomp Exit - MemInfo: [/proc/self/status]	VmStk:	     512 kB
20220313 013835.895 INFO             PET0 PIOc_freedecomp Exit - MemInfo: [/proc/self/status]	VmExe:	    1768 kB
20220313 013835.895 INFO             PET0 PIOc_freedecomp Exit - MemInfo: [/proc/self/status]	VmLib:	  156408 kB
20220313 013835.895 INFO             PET0 PIOc_freedecomp Exit - MemInfo: [/proc/self/status]	VmPTE:	     840 kB
20220313 013835.895 INFO             PET0 PIOc_freedecomp Exit - MemInfo: [/proc/self/status]	VmPMD:	      32 kB
20220313 013835.895 INFO             PET0 PIOc_freedecomp Exit - MemInfo: [/proc/self/status]	VmSwap:	       0 kB
20220313 013835.895 INFO             PET0 PIOc_freedecomp Exit - MemInfo: [/proc/self/status]	VmRSSPercent: 0.135583 %
20220313 013835.895 INFO             PET0 PIOc_freedecomp Exit - MemInfo: [malloc] Non-mmapped space allocated:                16556032 Byte
20220313 013835.895 INFO             PET0 PIOc_freedecomp Exit - MemInfo: [malloc] Space allocated in mmapped regions:         73412608 Byte
20220313 013835.895 INFO             PET0 PIOc_freedecomp Exit - MemInfo: [malloc] Maximum total allocated space:                     0 Byte
20220313 013835.895 INFO             PET0 PIOc_freedecomp Exit - MemInfo: [malloc] Space in freed fastbin blocks:                  1088 Byte
20220313 013835.895 INFO             PET0 PIOc_freedecomp Exit - MemInfo: [malloc] Total allocated space:                      10080112 Byte
20220313 013835.895 INFO             PET0 PIOc_freedecomp Exit - MemInfo: [malloc] Total free space:                            6475920 Byte
20220313 013835.895 INFO             PET0 PIOc_freedecomp Exit - MemInfo: [malloc] Top-most, releasable space:                  2231488 Byte
20220313 013835.895 INFO             PET0 PIOc_freedecomp Exit - MemInfo: [malloc] Total space in use, mmap + non-mmap:        83492720 Byte
20220313 013835.895 INFO             PET0 PIOc_freedecomp Exit - MemInfo: [malloc] Total space held (mmap + non-mmap):         89968640 Byte
20220313 013835.895 INFO             PET0 PIOc_freedecomp Exit - MemInfo: [malloc] Total space used (mmap + non-mmap):         83502096 Byte
20220313 013835.895 INFO             PET0 PIOc_freedecomp Exit - MemInfo: Wall-clock time since execution start:               0.653398 seconds
20220313 013835.897 INFO             PET0 PIOc_sync Enter - MemInfo: [/proc/meminfo - SSI]	MemTotal:       131394444 kB
20220313 013835.897 INFO             PET0 PIOc_sync Enter - MemInfo: [/proc/meminfo - SSI]	MemFree:        123749644 kB
20220313 013835.897 INFO             PET0 PIOc_sync Enter - MemInfo: [/proc/meminfo - SSI]	MemAvailable:   123400660 kB
20220313 013835.897 INFO             PET0 PIOc_sync Enter - MemInfo: [/proc/meminfo - SSI]	Committed_AS:    4273828 kB
20220313 013835.897 INFO             PET0 PIOc_sync Enter - MemInfo: [/proc/meminfo - SSI]	CommittedPercent: 3.25267 %
20220313 013835.897 INFO             PET0 PIOc_sync Enter - MemInfo: [/proc/self/status]	VmPeak:	 3856184 kB
20220313 013835.897 INFO             PET0 PIOc_sync Enter - MemInfo: [/proc/self/status]	VmSize:	 3855164 kB
20220313 013835.897 INFO             PET0 PIOc_sync Enter - MemInfo: [/proc/self/status]	VmLck:	       0 kB
20220313 013835.897 INFO             PET0 PIOc_sync Enter - MemInfo: [/proc/self/status]	VmPin:	   71900 kB
20220313 013835.897 INFO             PET0 PIOc_sync Enter - MemInfo: [/proc/self/status]	VmHWM:	  178172 kB
20220313 013835.897 INFO             PET0 PIOc_sync Enter - MemInfo: [/proc/self/status]	VmRSS:	  178172 kB
20220313 013835.897 INFO             PET0 PIOc_sync Enter - MemInfo: [/proc/self/status]	VmData:	  271848 kB
20220313 013835.897 INFO             PET0 PIOc_sync Enter - MemInfo: [/proc/self/status]	VmStk:	     512 kB
20220313 013835.897 INFO             PET0 PIOc_sync Enter - MemInfo: [/proc/self/status]	VmExe:	    1768 kB
20220313 013835.897 INFO             PET0 PIOc_sync Enter - MemInfo: [/proc/self/status]	VmLib:	  156408 kB
20220313 013835.897 INFO             PET0 PIOc_sync Enter - MemInfo: [/proc/self/status]	VmPTE:	     840 kB
20220313 013835.897 INFO             PET0 PIOc_sync Enter - MemInfo: [/proc/self/status]	VmPMD:	      32 kB
20220313 013835.897 INFO             PET0 PIOc_sync Enter - MemInfo: [/proc/self/status]	VmSwap:	       0 kB
20220313 013835.897 INFO             PET0 PIOc_sync Enter - MemInfo: [/proc/self/status]	VmRSSPercent: 0.135601 %
20220313 013835.897 INFO             PET0 PIOc_sync Enter - MemInfo: [malloc] Non-mmapped space allocated:                16556032 Byte
20220313 013835.897 INFO             PET0 PIOc_sync Enter - MemInfo: [malloc] Space allocated in mmapped regions:         73412608 Byte
20220313 013835.897 INFO             PET0 PIOc_sync Enter - MemInfo: [malloc] Maximum total allocated space:                     0 Byte
20220313 013835.897 INFO             PET0 PIOc_sync Enter - MemInfo: [malloc] Space in freed fastbin blocks:                   800 Byte
20220313 013835.897 INFO             PET0 PIOc_sync Enter - MemInfo: [malloc] Total allocated space:                      12196608 Byte
20220313 013835.897 INFO             PET0 PIOc_sync Enter - MemInfo: [malloc] Total free space:                            4359424 Byte
20220313 013835.897 INFO             PET0 PIOc_sync Enter - MemInfo: [malloc] Top-most, releasable space:                  2231488 Byte
20220313 013835.897 INFO             PET0 PIOc_sync Enter - MemInfo: [malloc] Total space in use, mmap + non-mmap:        85609216 Byte
20220313 013835.897 INFO             PET0 PIOc_sync Enter - MemInfo: [malloc] Total space held (mmap + non-mmap):         89968640 Byte
20220313 013835.897 INFO             PET0 PIOc_sync Enter - MemInfo: [malloc] Total space used (mmap + non-mmap):         85618576 Byte
20220313 013835.897 INFO             PET0 PIOc_sync Enter - MemInfo: Wall-clock time since execution start:               0.654975 seconds
20220313 013835.897 INFO             PET0 PIOc_sync Exit - MemInfo: [/proc/meminfo - SSI]	MemTotal:       131394444 kB
20220313 013835.897 INFO             PET0 PIOc_sync Exit - MemInfo: [/proc/meminfo - SSI]	MemFree:        123749644 kB
20220313 013835.897 INFO             PET0 PIOc_sync Exit - MemInfo: [/proc/meminfo - SSI]	MemAvailable:   123400660 kB
20220313 013835.897 INFO             PET0 PIOc_sync Exit - MemInfo: [/proc/meminfo - SSI]	Committed_AS:    4273828 kB
20220313 013835.897 INFO             PET0 PIOc_sync Exit - MemInfo: [/proc/meminfo - SSI]	CommittedPercent: 3.25267 %
20220313 013835.897 INFO             PET0 PIOc_sync Exit - MemInfo: [/proc/self/status]	VmPeak:	 3856184 kB
20220313 013835.897 INFO             PET0 PIOc_sync Exit - MemInfo: [/proc/self/status]	VmSize:	 3855164 kB
20220313 013835.897 INFO             PET0 PIOc_sync Exit - MemInfo: [/proc/self/status]	VmLck:	       0 kB
20220313 013835.897 INFO             PET0 PIOc_sync Exit - MemInfo: [/proc/self/status]	VmPin:	   71900 kB
20220313 013835.897 INFO             PET0 PIOc_sync Exit - MemInfo: [/proc/self/status]	VmHWM:	  178196 kB
20220313 013835.897 INFO             PET0 PIOc_sync Exit - MemInfo: [/proc/self/status]	VmRSS:	  178196 kB
20220313 013835.897 INFO             PET0 PIOc_sync Exit - MemInfo: [/proc/self/status]	VmData:	  271848 kB
20220313 013835.897 INFO             PET0 PIOc_sync Exit - MemInfo: [/proc/self/status]	VmStk:	     512 kB
20220313 013835.897 INFO             PET0 PIOc_sync Exit - MemInfo: [/proc/self/status]	VmExe:	    1768 kB
20220313 013835.898 INFO             PET0 PIOc_sync Exit - MemInfo: [/proc/self/status]	VmLib:	  156408 kB
20220313 013835.898 INFO             PET0 PIOc_sync Exit - MemInfo: [/proc/self/status]	VmPTE:	     840 kB
20220313 013835.898 INFO             PET0 PIOc_sync Exit - MemInfo: [/proc/self/status]	VmPMD:	      32 kB
20220313 013835.898 INFO             PET0 PIOc_sync Exit - MemInfo: [/proc/self/status]	VmSwap:	       0 kB
20220313 013835.898 INFO             PET0 PIOc_sync Exit - MemInfo: [/proc/self/status]	VmRSSPercent: 0.135619 %
20220313 013835.898 INFO             PET0 PIOc_sync Exit - MemInfo: [malloc] Non-mmapped space allocated:                16556032 Byte
20220313 013835.898 INFO             PET0 PIOc_sync Exit - MemInfo: [malloc] Space allocated in mmapped regions:         73412608 Byte
20220313 013835.898 INFO             PET0 PIOc_sync Exit - MemInfo: [malloc] Maximum total allocated space:                     0 Byte
20220313 013835.898 INFO             PET0 PIOc_sync Exit - MemInfo: [malloc] Space in freed fastbin blocks:                   352 Byte
20220313 013835.898 INFO             PET0 PIOc_sync Exit - MemInfo: [malloc] Total allocated space:                      12195632 Byte
20220313 013835.898 INFO             PET0 PIOc_sync Exit - MemInfo: [malloc] Total free space:                            4360400 Byte
20220313 013835.898 INFO             PET0 PIOc_sync Exit - MemInfo: [malloc] Top-most, releasable space:                  2231488 Byte
20220313 013835.898 INFO             PET0 PIOc_sync Exit - MemInfo: [malloc] Total space in use, mmap + non-mmap:        85608240 Byte
20220313 013835.898 INFO             PET0 PIOc_sync Exit - MemInfo: [malloc] Total space held (mmap + non-mmap):         89968640 Byte
20220313 013835.898 INFO             PET0 PIOc_sync Exit - MemInfo: [malloc] Total space used (mmap + non-mmap):         85617600 Byte
20220313 013835.898 INFO             PET0 PIOc_sync Exit - MemInfo: Wall-clock time since execution start:                0.65565 seconds
20220313 013835.898 INFO             PET0 PIOc_freedecomp Enter - MemInfo: [/proc/meminfo - SSI]	MemTotal:       131394444 kB
20220313 013835.898 INFO             PET0 PIOc_freedecomp Enter - MemInfo: [/proc/meminfo - SSI]	MemFree:        123749644 kB
20220313 013835.898 INFO             PET0 PIOc_freedecomp Enter - MemInfo: [/proc/meminfo - SSI]	MemAvailable:   123400660 kB
20220313 013835.898 INFO             PET0 PIOc_freedecomp Enter - MemInfo: [/proc/meminfo - SSI]	Committed_AS:    4273828 kB
20220313 013835.898 INFO             PET0 PIOc_freedecomp Enter - MemInfo: [/proc/meminfo - SSI]	CommittedPercent: 3.25267 %
20220313 013835.898 INFO             PET0 PIOc_freedecomp Enter - MemInfo: [/proc/self/status]	VmPeak:	 3856184 kB
20220313 013835.898 INFO             PET0 PIOc_freedecomp Enter - MemInfo: [/proc/self/status]	VmSize:	 3855164 kB
20220313 013835.898 INFO             PET0 PIOc_freedecomp Enter - MemInfo: [/proc/self/status]	VmLck:	       0 kB
20220313 013835.898 INFO             PET0 PIOc_freedecomp Enter - MemInfo: [/proc/self/status]	VmPin:	   71900 kB
20220313 013835.898 INFO             PET0 PIOc_freedecomp Enter - MemInfo: [/proc/self/status]	VmHWM:	  178196 kB
20220313 013835.898 INFO             PET0 PIOc_freedecomp Enter - MemInfo: [/proc/self/status]	VmRSS:	  178196 kB
20220313 013835.898 INFO             PET0 PIOc_freedecomp Enter - MemInfo: [/proc/self/status]	VmData:	  271848 kB
20220313 013835.898 INFO             PET0 PIOc_freedecomp Enter - MemInfo: [/proc/self/status]	VmStk:	     512 kB
20220313 013835.898 INFO             PET0 PIOc_freedecomp Enter - MemInfo: [/proc/self/status]	VmExe:	    1768 kB
20220313 013835.898 INFO             PET0 PIOc_freedecomp Enter - MemInfo: [/proc/self/status]	VmLib:	  156408 kB
20220313 013835.898 INFO             PET0 PIOc_freedecomp Enter - MemInfo: [/proc/self/status]	VmPTE:	     840 kB
20220313 013835.898 INFO             PET0 PIOc_freedecomp Enter - MemInfo: [/proc/self/status]	VmPMD:	      32 kB
20220313 013835.898 INFO             PET0 PIOc_freedecomp Enter - MemInfo: [/proc/self/status]	VmSwap:	       0 kB
20220313 013835.898 INFO             PET0 PIOc_freedecomp Enter - MemInfo: [/proc/self/status]	VmRSSPercent: 0.135619 %
20220313 013835.898 INFO             PET0 PIOc_freedecomp Enter - MemInfo: [malloc] Non-mmapped space allocated:                16556032 Byte
20220313 013835.898 INFO             PET0 PIOc_freedecomp Enter - MemInfo: [malloc] Space allocated in mmapped regions:         73412608 Byte
20220313 013835.898 INFO             PET0 PIOc_freedecomp Enter - MemInfo: [malloc] Maximum total allocated space:                     0 Byte
20220313 013835.898 INFO             PET0 PIOc_freedecomp Enter - MemInfo: [malloc] Space in freed fastbin blocks:                  1472 Byte
20220313 013835.898 INFO             PET0 PIOc_freedecomp Enter - MemInfo: [malloc] Total allocated space:                      10084464 Byte
20220313 013835.898 INFO             PET0 PIOc_freedecomp Enter - MemInfo: [malloc] Total free space:                            6471568 Byte
20220313 013835.898 INFO             PET0 PIOc_freedecomp Enter - MemInfo: [malloc] Top-most, releasable space:                  2231488 Byte
20220313 013835.898 INFO             PET0 PIOc_freedecomp Enter - MemInfo: [malloc] Total space in use, mmap + non-mmap:        83497072 Byte
20220313 013835.898 INFO             PET0 PIOc_freedecomp Enter - MemInfo: [malloc] Total space held (mmap + non-mmap):         89968640 Byte
20220313 013835.898 INFO             PET0 PIOc_freedecomp Enter - MemInfo: [malloc] Total space used (mmap + non-mmap):         83506432 Byte
20220313 013835.898 INFO             PET0 PIOc_freedecomp Enter - MemInfo: Wall-clock time since execution start:               0.656398 seconds
20220313 013835.899 INFO             PET0 PIOc_freedecomp Exit - MemInfo: [/proc/meminfo - SSI]	MemTotal:       131394444 kB
20220313 013835.899 INFO             PET0 PIOc_freedecomp Exit - MemInfo: [/proc/meminfo - SSI]	MemFree:        123749644 kB
20220313 013835.899 INFO             PET0 PIOc_freedecomp Exit - MemInfo: [/proc/meminfo - SSI]	MemAvailable:   123400660 kB
20220313 013835.899 INFO             PET0 PIOc_freedecomp Exit - MemInfo: [/proc/meminfo - SSI]	Committed_AS:    4273828 kB
20220313 013835.899 INFO             PET0 PIOc_freedecomp Exit - MemInfo: [/proc/meminfo - SSI]	CommittedPercent: 3.25267 %
20220313 013835.899 INFO             PET0 PIOc_freedecomp Exit - MemInfo: [/proc/self/status]	VmPeak:	 3856184 kB
20220313 013835.899 INFO             PET0 PIOc_freedecomp Exit - MemInfo: [/proc/self/status]	VmSize:	 3855164 kB
20220313 013835.899 INFO             PET0 PIOc_freedecomp Exit - MemInfo: [/proc/self/status]	VmLck:	       0 kB
20220313 013835.899 INFO             PET0 PIOc_freedecomp Exit - MemInfo: [/proc/self/status]	VmPin:	   71900 kB
20220313 013835.899 INFO             PET0 PIOc_freedecomp Exit - MemInfo: [/proc/self/status]	VmHWM:	  178196 kB
20220313 013835.899 INFO             PET0 PIOc_freedecomp Exit - MemInfo: [/proc/self/status]	VmRSS:	  178196 kB
20220313 013835.899 INFO             PET0 PIOc_freedecomp Exit - MemInfo: [/proc/self/status]	VmData:	  271848 kB
20220313 013835.899 INFO             PET0 PIOc_freedecomp Exit - MemInfo: [/proc/self/status]	VmStk:	     512 kB
20220313 013835.899 INFO             PET0 PIOc_freedecomp Exit - MemInfo: [/proc/self/status]	VmExe:	    1768 kB
20220313 013835.899 INFO             PET0 PIOc_freedecomp Exit - MemInfo: [/proc/self/status]	VmLib:	  156408 kB
20220313 013835.899 INFO             PET0 PIOc_freedecomp Exit - MemInfo: [/proc/self/status]	VmPTE:	     840 kB
20220313 013835.899 INFO             PET0 PIOc_freedecomp Exit - MemInfo: [/proc/self/status]	VmPMD:	      32 kB
20220313 013835.899 INFO             PET0 PIOc_freedecomp Exit - MemInfo: [/proc/self/status]	VmSwap:	       0 kB
20220313 013835.899 INFO             PET0 PIOc_freedecomp Exit - MemInfo: [/proc/self/status]	VmRSSPercent: 0.135619 %
20220313 013835.899 INFO             PET0 PIOc_freedecomp Exit - MemInfo: [malloc] Non-mmapped space allocated:                16556032 Byte
20220313 013835.899 INFO             PET0 PIOc_freedecomp Exit - MemInfo: [malloc] Space allocated in mmapped regions:         73412608 Byte
20220313 013835.899 INFO             PET0 PIOc_freedecomp Exit - MemInfo: [malloc] Maximum total allocated space:                     0 Byte
20220313 013835.899 INFO             PET0 PIOc_freedecomp Exit - MemInfo: [malloc] Space in freed fastbin blocks:                   768 Byte
20220313 013835.899 INFO             PET0 PIOc_freedecomp Exit - MemInfo: [malloc] Total allocated space:                      10080112 Byte
20220313 013835.899 INFO             PET0 PIOc_freedecomp Exit - MemInfo: [malloc] Total free space:                            6475920 Byte
20220313 013835.899 INFO             PET0 PIOc_freedecomp Exit - MemInfo: [malloc] Top-most, releasable space:                  2231488 Byte
20220313 013835.899 INFO             PET0 PIOc_freedecomp Exit - MemInfo: [malloc] Total space in use, mmap + non-mmap:        83492720 Byte
20220313 013835.899 INFO             PET0 PIOc_freedecomp Exit - MemInfo: [malloc] Total space held (mmap + non-mmap):         89968640 Byte
20220313 013835.899 INFO             PET0 PIOc_freedecomp Exit - MemInfo: [malloc] Total space used (mmap + non-mmap):         83502080 Byte
20220313 013835.899 INFO             PET0 PIOc_freedecomp Exit - MemInfo: Wall-clock time since execution start:               0.656932 seconds
20220313 013835.903 INFO             PET0  PASS  ESMF_FieldRegridStoreFromFile Unit Test, ESMF_FieldSMMFromFileUTest.F90, line 315
20220313 013835.903 INFO             PET0  Ending Test, file ESMF_FieldSMMFromFileUTest.F90, line 322
20220313 013835.903 INFO             PET0 Finalizing ESMF
20220313 013835.255 INFO             PET1 !!!!!!!!!!!!!!!!!!!!!!!!!!!!!!!!!!!!!!!!!!!!!!!!!!!!!!
20220313 013835.255 INFO             PET1 !!! THE ESMF_LOG IS SET TO OUTPUT ALL LOG MESSAGES !!!
20220313 013835.255 INFO             PET1 !!!     THIS MAY CAUSE SLOWDOWN IN PERFORMANCE     !!!
20220313 013835.255 INFO             PET1 !!! FOR PRODUCTION RUNS, USE:                      !!!
20220313 013835.255 INFO             PET1 !!!                   ESMF_LOGKIND_Multi_On_Error  !!!
20220313 013835.255 INFO             PET1 !!!!!!!!!!!!!!!!!!!!!!!!!!!!!!!!!!!!!!!!!!!!!!!!!!!!!!
20220313 013835.255 INFO             PET1 Running with ESMF Version   : v8.3.0b09-96-g559b459836
20220313 013835.255 INFO             PET1 ESMF library build date/time: "Mar 13 2022" "01:16:11"
20220313 013835.255 INFO             PET1 ESMF library build location : /gpfsm/dnb04/projects/p98/mpotts/esmf/intel_2020_intelmpi_g_jedwards_pio_update2
20220313 013835.255 INFO             PET1 ESMF_COMM                   : intelmpi
20220313 013835.255 INFO             PET1 ESMF_MOAB                   : enabled
20220313 013835.255 INFO             PET1 ESMF_LAPACK                 : enabled
20220313 013835.255 INFO             PET1 ESMF_NETCDF                 : enabled
20220313 013835.255 INFO             PET1 ESMF_PNETCDF                : disabled
20220313 013835.255 INFO             PET1 ESMF_PIO                    : enabled
20220313 013835.255 INFO             PET1 ESMF_YAMLCPP                : enabled
20220313 013835.255 INFO             PET1  Beginning Test, file ESMF_FieldSMMFromFileUTest.F90, line 287
20220313 013835.255 INFO             PET1  NUMBER_OF_PROCESSORS           4
20220313 013835.874 INFO             PET1  PASS  ESMF_FieldSMMFromFile Unit Test, ESMF_FieldSMMFromFileUTest.F90, line 300
20220313 013835.890 INFO             PET1 PIOc_sync Enter - MemInfo: [/proc/meminfo - SSI]	MemTotal:       131394444 kB
20220313 013835.890 INFO             PET1 PIOc_sync Enter - MemInfo: [/proc/meminfo - SSI]	MemFree:        123749644 kB
20220313 013835.890 INFO             PET1 PIOc_sync Enter - MemInfo: [/proc/meminfo - SSI]	MemAvailable:   123400660 kB
20220313 013835.890 INFO             PET1 PIOc_sync Enter - MemInfo: [/proc/meminfo - SSI]	Committed_AS:    4273828 kB
20220313 013835.890 INFO             PET1 PIOc_sync Enter - MemInfo: [/proc/meminfo - SSI]	CommittedPercent: 3.25267 %
20220313 013835.890 INFO             PET1 PIOc_sync Enter - MemInfo: [/proc/self/status]	VmPeak:	 3860312 kB
20220313 013835.890 INFO             PET1 PIOc_sync Enter - MemInfo: [/proc/self/status]	VmSize:	 3859292 kB
20220313 013835.890 INFO             PET1 PIOc_sync Enter - MemInfo: [/proc/self/status]	VmLck:	       0 kB
20220313 013835.890 INFO             PET1 PIOc_sync Enter - MemInfo: [/proc/self/status]	VmPin:	   82140 kB
20220313 013835.890 INFO             PET1 PIOc_sync Enter - MemInfo: [/proc/self/status]	VmHWM:	  180504 kB
20220313 013835.890 INFO             PET1 PIOc_sync Enter - MemInfo: [/proc/self/status]	VmRSS:	  180504 kB
20220313 013835.890 INFO             PET1 PIOc_sync Enter - MemInfo: [/proc/self/status]	VmData:	  275976 kB
20220313 013835.890 INFO             PET1 PIOc_sync Enter - MemInfo: [/proc/self/status]	VmStk:	     512 kB
20220313 013835.890 INFO             PET1 PIOc_sync Enter - MemInfo: [/proc/self/status]	VmExe:	    1768 kB
20220313 013835.890 INFO             PET1 PIOc_sync Enter - MemInfo: [/proc/self/status]	VmLib:	  156408 kB
20220313 013835.890 INFO             PET1 PIOc_sync Enter - MemInfo: [/proc/self/status]	VmPTE:	     840 kB
20220313 013835.890 INFO             PET1 PIOc_sync Enter - MemInfo: [/proc/self/status]	VmPMD:	      28 kB
20220313 013835.890 INFO             PET1 PIOc_sync Enter - MemInfo: [/proc/self/status]	VmSwap:	       0 kB
20220313 013835.890 INFO             PET1 PIOc_sync Enter - MemInfo: [/proc/self/status]	VmRSSPercent: 0.137376 %
20220313 013835.890 INFO             PET1 PIOc_sync Enter - MemInfo: [malloc] Non-mmapped space allocated:                10293248 Byte
20220313 013835.890 INFO             PET1 PIOc_sync Enter - MemInfo: [malloc] Space allocated in mmapped regions:         85999616 Byte
20220313 013835.890 INFO             PET1 PIOc_sync Enter - MemInfo: [malloc] Maximum total allocated space:                     0 Byte
20220313 013835.890 INFO             PET1 PIOc_sync Enter - MemInfo: [malloc] Space in freed fastbin blocks:                  2496 Byte
20220313 013835.890 INFO             PET1 PIOc_sync Enter - MemInfo: [malloc] Total allocated space:                       5944176 Byte
20220313 013835.890 INFO             PET1 PIOc_sync Enter - MemInfo: [malloc] Total free space:                            4349072 Byte
20220313 013835.890 INFO             PET1 PIOc_sync Enter - MemInfo: [malloc] Top-most, releasable space:                  2232112 Byte
20220313 013835.890 INFO             PET1 PIOc_sync Enter - MemInfo: [malloc] Total space in use, mmap + non-mmap:        91943792 Byte
20220313 013835.890 INFO             PET1 PIOc_sync Enter - MemInfo: [malloc] Total space held (mmap + non-mmap):         96292864 Byte
20220313 013835.890 INFO             PET1 PIOc_sync Enter - MemInfo: [malloc] Total space used (mmap + non-mmap):         91953152 Byte
20220313 013835.890 INFO             PET1 PIOc_sync Enter - MemInfo: Wall-clock time since execution start:               0.648937 seconds
20220313 013835.891 INFO             PET1 PIOc_sync Exit - MemInfo: [/proc/meminfo - SSI]	MemTotal:       131394444 kB
20220313 013835.891 INFO             PET1 PIOc_sync Exit - MemInfo: [/proc/meminfo - SSI]	MemFree:        123749644 kB
20220313 013835.891 INFO             PET1 PIOc_sync Exit - MemInfo: [/proc/meminfo - SSI]	MemAvailable:   123400660 kB
20220313 013835.891 INFO             PET1 PIOc_sync Exit - MemInfo: [/proc/meminfo - SSI]	Committed_AS:    4273828 kB
20220313 013835.891 INFO             PET1 PIOc_sync Exit - MemInfo: [/proc/meminfo - SSI]	CommittedPercent: 3.25267 %
20220313 013835.891 INFO             PET1 PIOc_sync Exit - MemInfo: [/proc/self/status]	VmPeak:	 3860312 kB
20220313 013835.891 INFO             PET1 PIOc_sync Exit - MemInfo: [/proc/self/status]	VmSize:	 3859292 kB
20220313 013835.891 INFO             PET1 PIOc_sync Exit - MemInfo: [/proc/self/status]	VmLck:	       0 kB
20220313 013835.891 INFO             PET1 PIOc_sync Exit - MemInfo: [/proc/self/status]	VmPin:	   82140 kB
20220313 013835.891 INFO             PET1 PIOc_sync Exit - MemInfo: [/proc/self/status]	VmHWM:	  180560 kB
20220313 013835.891 INFO             PET1 PIOc_sync Exit - MemInfo: [/proc/self/status]	VmRSS:	  180560 kB
20220313 013835.891 INFO             PET1 PIOc_sync Exit - MemInfo: [/proc/self/status]	VmData:	  275976 kB
20220313 013835.891 INFO             PET1 PIOc_sync Exit - MemInfo: [/proc/self/status]	VmStk:	     512 kB
20220313 013835.891 INFO             PET1 PIOc_sync Exit - MemInfo: [/proc/self/status]	VmExe:	    1768 kB
20220313 013835.891 INFO             PET1 PIOc_sync Exit - MemInfo: [/proc/self/status]	VmLib:	  156408 kB
20220313 013835.891 INFO             PET1 PIOc_sync Exit - MemInfo: [/proc/self/status]	VmPTE:	     840 kB
20220313 013835.891 INFO             PET1 PIOc_sync Exit - MemInfo: [/proc/self/status]	VmPMD:	      28 kB
20220313 013835.891 INFO             PET1 PIOc_sync Exit - MemInfo: [/proc/self/status]	VmSwap:	       0 kB
20220313 013835.891 INFO             PET1 PIOc_sync Exit - MemInfo: [/proc/self/status]	VmRSSPercent: 0.137418 %
20220313 013835.891 INFO             PET1 PIOc_sync Exit - MemInfo: [malloc] Non-mmapped space allocated:                10293248 Byte
20220313 013835.891 INFO             PET1 PIOc_sync Exit - MemInfo: [malloc] Space allocated in mmapped regions:         85999616 Byte
20220313 013835.891 INFO             PET1 PIOc_sync Exit - MemInfo: [malloc] Maximum total allocated space:                     0 Byte
20220313 013835.891 INFO             PET1 PIOc_sync Exit - MemInfo: [malloc] Space in freed fastbin blocks:                   608 Byte
20220313 013835.891 INFO             PET1 PIOc_sync Exit - MemInfo: [malloc] Total allocated space:                       5942912 Byte
20220313 013835.891 INFO             PET1 PIOc_sync Exit - MemInfo: [malloc] Total free space:                            4350336 Byte
20220313 013835.891 INFO             PET1 PIOc_sync Exit - MemInfo: [malloc] Top-most, releasable space:                  2232112 Byte
20220313 013835.891 INFO             PET1 PIOc_sync Exit - MemInfo: [malloc] Total space in use, mmap + non-mmap:        91942528 Byte
20220313 013835.891 INFO             PET1 PIOc_sync Exit - MemInfo: [malloc] Total space held (mmap + non-mmap):         96292864 Byte
20220313 013835.891 INFO             PET1 PIOc_sync Exit - MemInfo: [malloc] Total space used (mmap + non-mmap):         91951888 Byte
20220313 013835.891 INFO             PET1 PIOc_sync Exit - MemInfo: Wall-clock time since execution start:               0.649887 seconds
20220313 013835.891 INFO             PET1 PIOc_freedecomp Enter - MemInfo: [/proc/meminfo - SSI]	MemTotal:       131394444 kB
20220313 013835.891 INFO             PET1 PIOc_freedecomp Enter - MemInfo: [/proc/meminfo - SSI]	MemFree:        123749644 kB
20220313 013835.891 INFO             PET1 PIOc_freedecomp Enter - MemInfo: [/proc/meminfo - SSI]	MemAvailable:   123400660 kB
20220313 013835.891 INFO             PET1 PIOc_freedecomp Enter - MemInfo: [/proc/meminfo - SSI]	Committed_AS:    4273828 kB
20220313 013835.891 INFO             PET1 PIOc_freedecomp Enter - MemInfo: [/proc/meminfo - SSI]	CommittedPercent: 3.25267 %
20220313 013835.891 INFO             PET1 PIOc_freedecomp Enter - MemInfo: [/proc/self/status]	VmPeak:	 3860312 kB
20220313 013835.891 INFO             PET1 PIOc_freedecomp Enter - MemInfo: [/proc/self/status]	VmSize:	 3859292 kB
20220313 013835.891 INFO             PET1 PIOc_freedecomp Enter - MemInfo: [/proc/self/status]	VmLck:	       0 kB
20220313 013835.891 INFO             PET1 PIOc_freedecomp Enter - MemInfo: [/proc/self/status]	VmPin:	   82140 kB
20220313 013835.891 INFO             PET1 PIOc_freedecomp Enter - MemInfo: [/proc/self/status]	VmHWM:	  180564 kB
20220313 013835.891 INFO             PET1 PIOc_freedecomp Enter - MemInfo: [/proc/self/status]	VmRSS:	  180564 kB
20220313 013835.891 INFO             PET1 PIOc_freedecomp Enter - MemInfo: [/proc/self/status]	VmData:	  275976 kB
20220313 013835.891 INFO             PET1 PIOc_freedecomp Enter - MemInfo: [/proc/self/status]	VmStk:	     512 kB
20220313 013835.891 INFO             PET1 PIOc_freedecomp Enter - MemInfo: [/proc/self/status]	VmExe:	    1768 kB
20220313 013835.891 INFO             PET1 PIOc_freedecomp Enter - MemInfo: [/proc/self/status]	VmLib:	  156408 kB
20220313 013835.891 INFO             PET1 PIOc_freedecomp Enter - MemInfo: [/proc/self/status]	VmPTE:	     840 kB
20220313 013835.891 INFO             PET1 PIOc_freedecomp Enter - MemInfo: [/proc/self/status]	VmPMD:	      28 kB
20220313 013835.891 INFO             PET1 PIOc_freedecomp Enter - MemInfo: [/proc/self/status]	VmSwap:	       0 kB
20220313 013835.892 INFO             PET1 PIOc_freedecomp Enter - MemInfo: [/proc/self/status]	VmRSSPercent: 0.137421 %
20220313 013835.892 INFO             PET1 PIOc_freedecomp Enter - MemInfo: [malloc] Non-mmapped space allocated:                10293248 Byte
20220313 013835.892 INFO             PET1 PIOc_freedecomp Enter - MemInfo: [malloc] Space allocated in mmapped regions:         85999616 Byte
20220313 013835.892 INFO             PET1 PIOc_freedecomp Enter - MemInfo: [malloc] Maximum total allocated space:                     0 Byte
20220313 013835.892 INFO             PET1 PIOc_freedecomp Enter - MemInfo: [malloc] Space in freed fastbin blocks:                   704 Byte
20220313 013835.892 INFO             PET1 PIOc_freedecomp Enter - MemInfo: [malloc] Total allocated space:                       5941296 Byte
20220313 013835.892 INFO             PET1 PIOc_freedecomp Enter - MemInfo: [malloc] Total free space:                            4351952 Byte
20220313 013835.892 INFO             PET1 PIOc_freedecomp Enter - MemInfo: [malloc] Top-most, releasable space:                  2232112 Byte
20220313 013835.892 INFO             PET1 PIOc_freedecomp Enter - MemInfo: [malloc] Total space in use, mmap + non-mmap:        91940912 Byte
20220313 013835.892 INFO             PET1 PIOc_freedecomp Enter - MemInfo: [malloc] Total space held (mmap + non-mmap):         96292864 Byte
20220313 013835.892 INFO             PET1 PIOc_freedecomp Enter - MemInfo: [malloc] Total space used (mmap + non-mmap):         91950272 Byte
20220313 013835.892 INFO             PET1 PIOc_freedecomp Enter - MemInfo: Wall-clock time since execution start:               0.650571 seconds
20220313 013835.892 INFO             PET1 PIOc_freedecomp Exit - MemInfo: [/proc/meminfo - SSI]	MemTotal:       131394444 kB
20220313 013835.892 INFO             PET1 PIOc_freedecomp Exit - MemInfo: [/proc/meminfo - SSI]	MemFree:        123749644 kB
20220313 013835.892 INFO             PET1 PIOc_freedecomp Exit - MemInfo: [/proc/meminfo - SSI]	MemAvailable:   123400660 kB
20220313 013835.892 INFO             PET1 PIOc_freedecomp Exit - MemInfo: [/proc/meminfo - SSI]	Committed_AS:    4273828 kB
20220313 013835.892 INFO             PET1 PIOc_freedecomp Exit - MemInfo: [/proc/meminfo - SSI]	CommittedPercent: 3.25267 %
20220313 013835.892 INFO             PET1 PIOc_freedecomp Exit - MemInfo: [/proc/self/status]	VmPeak:	 3860312 kB
20220313 013835.892 INFO             PET1 PIOc_freedecomp Exit - MemInfo: [/proc/self/status]	VmSize:	 3859292 kB
20220313 013835.892 INFO             PET1 PIOc_freedecomp Exit - MemInfo: [/proc/self/status]	VmLck:	       0 kB
20220313 013835.892 INFO             PET1 PIOc_freedecomp Exit - MemInfo: [/proc/self/status]	VmPin:	   82140 kB
20220313 013835.892 INFO             PET1 PIOc_freedecomp Exit - MemInfo: [/proc/self/status]	VmHWM:	  180564 kB
20220313 013835.892 INFO             PET1 PIOc_freedecomp Exit - MemInfo: [/proc/self/status]	VmRSS:	  180564 kB
20220313 013835.892 INFO             PET1 PIOc_freedecomp Exit - MemInfo: [/proc/self/status]	VmData:	  275976 kB
20220313 013835.892 INFO             PET1 PIOc_freedecomp Exit - MemInfo: [/proc/self/status]	VmStk:	     512 kB
20220313 013835.892 INFO             PET1 PIOc_freedecomp Exit - MemInfo: [/proc/self/status]	VmExe:	    1768 kB
20220313 013835.892 INFO             PET1 PIOc_freedecomp Exit - MemInfo: [/proc/self/status]	VmLib:	  156408 kB
20220313 013835.892 INFO             PET1 PIOc_freedecomp Exit - MemInfo: [/proc/self/status]	VmPTE:	     840 kB
20220313 013835.892 INFO             PET1 PIOc_freedecomp Exit - MemInfo: [/proc/self/status]	VmPMD:	      28 kB
20220313 013835.892 INFO             PET1 PIOc_freedecomp Exit - MemInfo: [/proc/self/status]	VmSwap:	       0 kB
20220313 013835.892 INFO             PET1 PIOc_freedecomp Exit - MemInfo: [/proc/self/status]	VmRSSPercent: 0.137421 %
20220313 013835.892 INFO             PET1 PIOc_freedecomp Exit - MemInfo: [malloc] Non-mmapped space allocated:                10293248 Byte
20220313 013835.892 INFO             PET1 PIOc_freedecomp Exit - MemInfo: [malloc] Space allocated in mmapped regions:         85999616 Byte
20220313 013835.892 INFO             PET1 PIOc_freedecomp Exit - MemInfo: [malloc] Maximum total allocated space:                     0 Byte
20220313 013835.892 INFO             PET1 PIOc_freedecomp Exit - MemInfo: [malloc] Space in freed fastbin blocks:                   720 Byte
20220313 013835.892 INFO             PET1 PIOc_freedecomp Exit - MemInfo: [malloc] Total allocated space:                       5939056 Byte
20220313 013835.892 INFO             PET1 PIOc_freedecomp Exit - MemInfo: [malloc] Total free space:                            4354192 Byte
20220313 013835.892 INFO             PET1 PIOc_freedecomp Exit - MemInfo: [malloc] Top-most, releasable space:                  2232112 Byte
20220313 013835.892 INFO             PET1 PIOc_freedecomp Exit - MemInfo: [malloc] Total space in use, mmap + non-mmap:        91938672 Byte
20220313 013835.892 INFO             PET1 PIOc_freedecomp Exit - MemInfo: [malloc] Total space held (mmap + non-mmap):         96292864 Byte
20220313 013835.892 INFO             PET1 PIOc_freedecomp Exit - MemInfo: [malloc] Total space used (mmap + non-mmap):         91948032 Byte
20220313 013835.892 INFO             PET1 PIOc_freedecomp Exit - MemInfo: Wall-clock time since execution start:               0.651069 seconds
20220313 013835.893 INFO             PET1 PIOc_sync Enter - MemInfo: [/proc/meminfo - SSI]	MemTotal:       131394444 kB
20220313 013835.893 INFO             PET1 PIOc_sync Enter - MemInfo: [/proc/meminfo - SSI]	MemFree:        123749644 kB
20220313 013835.893 INFO             PET1 PIOc_sync Enter - MemInfo: [/proc/meminfo - SSI]	MemAvailable:   123400660 kB
20220313 013835.893 INFO             PET1 PIOc_sync Enter - MemInfo: [/proc/meminfo - SSI]	Committed_AS:    4273828 kB
20220313 013835.893 INFO             PET1 PIOc_sync Enter - MemInfo: [/proc/meminfo - SSI]	CommittedPercent: 3.25267 %
20220313 013835.893 INFO             PET1 PIOc_sync Enter - MemInfo: [/proc/self/status]	VmPeak:	 3860312 kB
20220313 013835.893 INFO             PET1 PIOc_sync Enter - MemInfo: [/proc/self/status]	VmSize:	 3859292 kB
20220313 013835.893 INFO             PET1 PIOc_sync Enter - MemInfo: [/proc/self/status]	VmLck:	       0 kB
20220313 013835.893 INFO             PET1 PIOc_sync Enter - MemInfo: [/proc/self/status]	VmPin:	   82140 kB
20220313 013835.893 INFO             PET1 PIOc_sync Enter - MemInfo: [/proc/self/status]	VmHWM:	  180676 kB
20220313 013835.893 INFO             PET1 PIOc_sync Enter - MemInfo: [/proc/self/status]	VmRSS:	  180676 kB
20220313 013835.893 INFO             PET1 PIOc_sync Enter - MemInfo: [/proc/self/status]	VmData:	  275976 kB
20220313 013835.893 INFO             PET1 PIOc_sync Enter - MemInfo: [/proc/self/status]	VmStk:	     512 kB
20220313 013835.893 INFO             PET1 PIOc_sync Enter - MemInfo: [/proc/self/status]	VmExe:	    1768 kB
20220313 013835.893 INFO             PET1 PIOc_sync Enter - MemInfo: [/proc/self/status]	VmLib:	  156408 kB
20220313 013835.893 INFO             PET1 PIOc_sync Enter - MemInfo: [/proc/self/status]	VmPTE:	     840 kB
20220313 013835.893 INFO             PET1 PIOc_sync Enter - MemInfo: [/proc/self/status]	VmPMD:	      28 kB
20220313 013835.894 INFO             PET1 PIOc_sync Enter - MemInfo: [/proc/self/status]	VmSwap:	       0 kB
20220313 013835.894 INFO             PET1 PIOc_sync Enter - MemInfo: [/proc/self/status]	VmRSSPercent: 0.137507 %
20220313 013835.894 INFO             PET1 PIOc_sync Enter - MemInfo: [malloc] Non-mmapped space allocated:                10293248 Byte
20220313 013835.894 INFO             PET1 PIOc_sync Enter - MemInfo: [malloc] Space allocated in mmapped regions:         85999616 Byte
20220313 013835.894 INFO             PET1 PIOc_sync Enter - MemInfo: [malloc] Maximum total allocated space:                     0 Byte
20220313 013835.894 INFO             PET1 PIOc_sync Enter - MemInfo: [malloc] Space in freed fastbin blocks:                  2544 Byte
20220313 013835.894 INFO             PET1 PIOc_sync Enter - MemInfo: [malloc] Total allocated space:                       5944048 Byte
20220313 013835.894 INFO             PET1 PIOc_sync Enter - MemInfo: [malloc] Total free space:                            4349200 Byte
20220313 013835.894 INFO             PET1 PIOc_sync Enter - MemInfo: [malloc] Top-most, releasable space:                  2232112 Byte
20220313 013835.894 INFO             PET1 PIOc_sync Enter - MemInfo: [malloc] Total space in use, mmap + non-mmap:        91943664 Byte
20220313 013835.894 INFO             PET1 PIOc_sync Enter - MemInfo: [malloc] Total space held (mmap + non-mmap):         96292864 Byte
20220313 013835.894 INFO             PET1 PIOc_sync Enter - MemInfo: [malloc] Total space used (mmap + non-mmap):         91953024 Byte
20220313 013835.894 INFO             PET1 PIOc_sync Enter - MemInfo: Wall-clock time since execution start:               0.652569 seconds
20220313 013835.894 INFO             PET1 PIOc_sync Exit - MemInfo: [/proc/meminfo - SSI]	MemTotal:       131394444 kB
20220313 013835.894 INFO             PET1 PIOc_sync Exit - MemInfo: [/proc/meminfo - SSI]	MemFree:        123749644 kB
20220313 013835.894 INFO             PET1 PIOc_sync Exit - MemInfo: [/proc/meminfo - SSI]	MemAvailable:   123400660 kB
20220313 013835.894 INFO             PET1 PIOc_sync Exit - MemInfo: [/proc/meminfo - SSI]	Committed_AS:    4273828 kB
20220313 013835.894 INFO             PET1 PIOc_sync Exit - MemInfo: [/proc/meminfo - SSI]	CommittedPercent: 3.25267 %
20220313 013835.894 INFO             PET1 PIOc_sync Exit - MemInfo: [/proc/self/status]	VmPeak:	 3860312 kB
20220313 013835.894 INFO             PET1 PIOc_sync Exit - MemInfo: [/proc/self/status]	VmSize:	 3859292 kB
20220313 013835.894 INFO             PET1 PIOc_sync Exit - MemInfo: [/proc/self/status]	VmLck:	       0 kB
20220313 013835.894 INFO             PET1 PIOc_sync Exit - MemInfo: [/proc/self/status]	VmPin:	   82140 kB
20220313 013835.894 INFO             PET1 PIOc_sync Exit - MemInfo: [/proc/self/status]	VmHWM:	  180676 kB
20220313 013835.894 INFO             PET1 PIOc_sync Exit - MemInfo: [/proc/self/status]	VmRSS:	  180676 kB
20220313 013835.894 INFO             PET1 PIOc_sync Exit - MemInfo: [/proc/self/status]	VmData:	  275976 kB
20220313 013835.894 INFO             PET1 PIOc_sync Exit - MemInfo: [/proc/self/status]	VmStk:	     512 kB
20220313 013835.894 INFO             PET1 PIOc_sync Exit - MemInfo: [/proc/self/status]	VmExe:	    1768 kB
20220313 013835.894 INFO             PET1 PIOc_sync Exit - MemInfo: [/proc/self/status]	VmLib:	  156408 kB
20220313 013835.894 INFO             PET1 PIOc_sync Exit - MemInfo: [/proc/self/status]	VmPTE:	     840 kB
20220313 013835.894 INFO             PET1 PIOc_sync Exit - MemInfo: [/proc/self/status]	VmPMD:	      28 kB
20220313 013835.894 INFO             PET1 PIOc_sync Exit - MemInfo: [/proc/self/status]	VmSwap:	       0 kB
20220313 013835.894 INFO             PET1 PIOc_sync Exit - MemInfo: [/proc/self/status]	VmRSSPercent: 0.137507 %
20220313 013835.894 INFO             PET1 PIOc_sync Exit - MemInfo: [malloc] Non-mmapped space allocated:                10293248 Byte
20220313 013835.894 INFO             PET1 PIOc_sync Exit - MemInfo: [malloc] Space allocated in mmapped regions:         85999616 Byte
20220313 013835.894 INFO             PET1 PIOc_sync Exit - MemInfo: [malloc] Maximum total allocated space:                     0 Byte
20220313 013835.894 INFO             PET1 PIOc_sync Exit - MemInfo: [malloc] Space in freed fastbin blocks:                   608 Byte
20220313 013835.894 INFO             PET1 PIOc_sync Exit - MemInfo: [malloc] Total allocated space:                       5943040 Byte
20220313 013835.894 INFO             PET1 PIOc_sync Exit - MemInfo: [malloc] Total free space:                            4350208 Byte
20220313 013835.894 INFO             PET1 PIOc_sync Exit - MemInfo: [malloc] Top-most, releasable space:                  2232112 Byte
20220313 013835.894 INFO             PET1 PIOc_sync Exit - MemInfo: [malloc] Total space in use, mmap + non-mmap:        91942656 Byte
20220313 013835.894 INFO             PET1 PIOc_sync Exit - MemInfo: [malloc] Total space held (mmap + non-mmap):         96292864 Byte
20220313 013835.894 INFO             PET1 PIOc_sync Exit - MemInfo: [malloc] Total space used (mmap + non-mmap):         91952016 Byte
20220313 013835.894 INFO             PET1 PIOc_sync Exit - MemInfo: Wall-clock time since execution start:               0.653231 seconds
20220313 013835.894 INFO             PET1 PIOc_freedecomp Enter - MemInfo: [/proc/meminfo - SSI]	MemTotal:       131394444 kB
20220313 013835.894 INFO             PET1 PIOc_freedecomp Enter - MemInfo: [/proc/meminfo - SSI]	MemFree:        123749644 kB
20220313 013835.894 INFO             PET1 PIOc_freedecomp Enter - MemInfo: [/proc/meminfo - SSI]	MemAvailable:   123400660 kB
20220313 013835.894 INFO             PET1 PIOc_freedecomp Enter - MemInfo: [/proc/meminfo - SSI]	Committed_AS:    4273828 kB
20220313 013835.895 INFO             PET1 PIOc_freedecomp Enter - MemInfo: [/proc/meminfo - SSI]	CommittedPercent: 3.25267 %
20220313 013835.895 INFO             PET1 PIOc_freedecomp Enter - MemInfo: [/proc/self/status]	VmPeak:	 3860312 kB
20220313 013835.895 INFO             PET1 PIOc_freedecomp Enter - MemInfo: [/proc/self/status]	VmSize:	 3859292 kB
20220313 013835.895 INFO             PET1 PIOc_freedecomp Enter - MemInfo: [/proc/self/status]	VmLck:	       0 kB
20220313 013835.895 INFO             PET1 PIOc_freedecomp Enter - MemInfo: [/proc/self/status]	VmPin:	   82140 kB
20220313 013835.895 INFO             PET1 PIOc_freedecomp Enter - MemInfo: [/proc/self/status]	VmHWM:	  180676 kB
20220313 013835.895 INFO             PET1 PIOc_freedecomp Enter - MemInfo: [/proc/self/status]	VmRSS:	  180676 kB
20220313 013835.895 INFO             PET1 PIOc_freedecomp Enter - MemInfo: [/proc/self/status]	VmData:	  275976 kB
20220313 013835.895 INFO             PET1 PIOc_freedecomp Enter - MemInfo: [/proc/self/status]	VmStk:	     512 kB
20220313 013835.895 INFO             PET1 PIOc_freedecomp Enter - MemInfo: [/proc/self/status]	VmExe:	    1768 kB
20220313 013835.895 INFO             PET1 PIOc_freedecomp Enter - MemInfo: [/proc/self/status]	VmLib:	  156408 kB
20220313 013835.895 INFO             PET1 PIOc_freedecomp Enter - MemInfo: [/proc/self/status]	VmPTE:	     840 kB
20220313 013835.895 INFO             PET1 PIOc_freedecomp Enter - MemInfo: [/proc/self/status]	VmPMD:	      28 kB
20220313 013835.895 INFO             PET1 PIOc_freedecomp Enter - MemInfo: [/proc/self/status]	VmSwap:	       0 kB
20220313 013835.895 INFO             PET1 PIOc_freedecomp Enter - MemInfo: [/proc/self/status]	VmRSSPercent: 0.137507 %
20220313 013835.895 INFO             PET1 PIOc_freedecomp Enter - MemInfo: [malloc] Non-mmapped space allocated:                10293248 Byte
20220313 013835.895 INFO             PET1 PIOc_freedecomp Enter - MemInfo: [malloc] Space allocated in mmapped regions:         85999616 Byte
20220313 013835.895 INFO             PET1 PIOc_freedecomp Enter - MemInfo: [malloc] Maximum total allocated space:                     0 Byte
20220313 013835.895 INFO             PET1 PIOc_freedecomp Enter - MemInfo: [malloc] Space in freed fastbin blocks:                   704 Byte
20220313 013835.895 INFO             PET1 PIOc_freedecomp Enter - MemInfo: [malloc] Total allocated space:                       5941280 Byte
20220313 013835.895 INFO             PET1 PIOc_freedecomp Enter - MemInfo: [malloc] Total free space:                            4351968 Byte
20220313 013835.895 INFO             PET1 PIOc_freedecomp Enter - MemInfo: [malloc] Top-most, releasable space:                  2232112 Byte
20220313 013835.895 INFO             PET1 PIOc_freedecomp Enter - MemInfo: [malloc] Total space in use, mmap + non-mmap:        91940896 Byte
20220313 013835.895 INFO             PET1 PIOc_freedecomp Enter - MemInfo: [malloc] Total space held (mmap + non-mmap):         96292864 Byte
20220313 013835.895 INFO             PET1 PIOc_freedecomp Enter - MemInfo: [malloc] Total space used (mmap + non-mmap):         91950256 Byte
20220313 013835.895 INFO             PET1 PIOc_freedecomp Enter - MemInfo: Wall-clock time since execution start:                0.65377 seconds
20220313 013835.895 INFO             PET1 PIOc_freedecomp Exit - MemInfo: [/proc/meminfo - SSI]	MemTotal:       131394444 kB
20220313 013835.895 INFO             PET1 PIOc_freedecomp Exit - MemInfo: [/proc/meminfo - SSI]	MemFree:        123749644 kB
20220313 013835.895 INFO             PET1 PIOc_freedecomp Exit - MemInfo: [/proc/meminfo - SSI]	MemAvailable:   123400660 kB
20220313 013835.895 INFO             PET1 PIOc_freedecomp Exit - MemInfo: [/proc/meminfo - SSI]	Committed_AS:    4273828 kB
20220313 013835.895 INFO             PET1 PIOc_freedecomp Exit - MemInfo: [/proc/meminfo - SSI]	CommittedPercent: 3.25267 %
20220313 013835.895 INFO             PET1 PIOc_freedecomp Exit - MemInfo: [/proc/self/status]	VmPeak:	 3860312 kB
20220313 013835.895 INFO             PET1 PIOc_freedecomp Exit - MemInfo: [/proc/self/status]	VmSize:	 3859292 kB
20220313 013835.895 INFO             PET1 PIOc_freedecomp Exit - MemInfo: [/proc/self/status]	VmLck:	       0 kB
20220313 013835.895 INFO             PET1 PIOc_freedecomp Exit - MemInfo: [/proc/self/status]	VmPin:	   82140 kB
20220313 013835.895 INFO             PET1 PIOc_freedecomp Exit - MemInfo: [/proc/self/status]	VmHWM:	  180676 kB
20220313 013835.895 INFO             PET1 PIOc_freedecomp Exit - MemInfo: [/proc/self/status]	VmRSS:	  180676 kB
20220313 013835.895 INFO             PET1 PIOc_freedecomp Exit - MemInfo: [/proc/self/status]	VmData:	  275976 kB
20220313 013835.895 INFO             PET1 PIOc_freedecomp Exit - MemInfo: [/proc/self/status]	VmStk:	     512 kB
20220313 013835.895 INFO             PET1 PIOc_freedecomp Exit - MemInfo: [/proc/self/status]	VmExe:	    1768 kB
20220313 013835.895 INFO             PET1 PIOc_freedecomp Exit - MemInfo: [/proc/self/status]	VmLib:	  156408 kB
20220313 013835.895 INFO             PET1 PIOc_freedecomp Exit - MemInfo: [/proc/self/status]	VmPTE:	     840 kB
20220313 013835.895 INFO             PET1 PIOc_freedecomp Exit - MemInfo: [/proc/self/status]	VmPMD:	      28 kB
20220313 013835.895 INFO             PET1 PIOc_freedecomp Exit - MemInfo: [/proc/self/status]	VmSwap:	       0 kB
20220313 013835.895 INFO             PET1 PIOc_freedecomp Exit - MemInfo: [/proc/self/status]	VmRSSPercent: 0.137507 %
20220313 013835.895 INFO             PET1 PIOc_freedecomp Exit - MemInfo: [malloc] Non-mmapped space allocated:                10293248 Byte
20220313 013835.895 INFO             PET1 PIOc_freedecomp Exit - MemInfo: [malloc] Space allocated in mmapped regions:         85999616 Byte
20220313 013835.895 INFO             PET1 PIOc_freedecomp Exit - MemInfo: [malloc] Maximum total allocated space:                     0 Byte
20220313 013835.895 INFO             PET1 PIOc_freedecomp Exit - MemInfo: [malloc] Space in freed fastbin blocks:                   720 Byte
20220313 013835.895 INFO             PET1 PIOc_freedecomp Exit - MemInfo: [malloc] Total allocated space:                       5939040 Byte
20220313 013835.895 INFO             PET1 PIOc_freedecomp Exit - MemInfo: [malloc] Total free space:                            4354208 Byte
20220313 013835.895 INFO             PET1 PIOc_freedecomp Exit - MemInfo: [malloc] Top-most, releasable space:                  2232112 Byte
20220313 013835.895 INFO             PET1 PIOc_freedecomp Exit - MemInfo: [malloc] Total space in use, mmap + non-mmap:        91938656 Byte
20220313 013835.895 INFO             PET1 PIOc_freedecomp Exit - MemInfo: [malloc] Total space held (mmap + non-mmap):         96292864 Byte
20220313 013835.895 INFO             PET1 PIOc_freedecomp Exit - MemInfo: [malloc] Total space used (mmap + non-mmap):         91948016 Byte
20220313 013835.895 INFO             PET1 PIOc_freedecomp Exit - MemInfo: Wall-clock time since execution start:                 0.6543 seconds
20220313 013835.897 INFO             PET1 PIOc_sync Enter - MemInfo: [/proc/meminfo - SSI]	MemTotal:       131394444 kB
20220313 013835.897 INFO             PET1 PIOc_sync Enter - MemInfo: [/proc/meminfo - SSI]	MemFree:        123749644 kB
20220313 013835.897 INFO             PET1 PIOc_sync Enter - MemInfo: [/proc/meminfo - SSI]	MemAvailable:   123400660 kB
20220313 013835.897 INFO             PET1 PIOc_sync Enter - MemInfo: [/proc/meminfo - SSI]	Committed_AS:    4273828 kB
20220313 013835.897 INFO             PET1 PIOc_sync Enter - MemInfo: [/proc/meminfo - SSI]	CommittedPercent: 3.25267 %
20220313 013835.897 INFO             PET1 PIOc_sync Enter - MemInfo: [/proc/self/status]	VmPeak:	 3860312 kB
20220313 013835.897 INFO             PET1 PIOc_sync Enter - MemInfo: [/proc/self/status]	VmSize:	 3859292 kB
20220313 013835.897 INFO             PET1 PIOc_sync Enter - MemInfo: [/proc/self/status]	VmLck:	       0 kB
20220313 013835.897 INFO             PET1 PIOc_sync Enter - MemInfo: [/proc/self/status]	VmPin:	   82140 kB
20220313 013835.897 INFO             PET1 PIOc_sync Enter - MemInfo: [/proc/self/status]	VmHWM:	  180700 kB
20220313 013835.897 INFO             PET1 PIOc_sync Enter - MemInfo: [/proc/self/status]	VmRSS:	  180700 kB
20220313 013835.897 INFO             PET1 PIOc_sync Enter - MemInfo: [/proc/self/status]	VmData:	  275976 kB
20220313 013835.897 INFO             PET1 PIOc_sync Enter - MemInfo: [/proc/self/status]	VmStk:	     512 kB
20220313 013835.897 INFO             PET1 PIOc_sync Enter - MemInfo: [/proc/self/status]	VmExe:	    1768 kB
20220313 013835.897 INFO             PET1 PIOc_sync Enter - MemInfo: [/proc/self/status]	VmLib:	  156408 kB
20220313 013835.897 INFO             PET1 PIOc_sync Enter - MemInfo: [/proc/self/status]	VmPTE:	     840 kB
20220313 013835.897 INFO             PET1 PIOc_sync Enter - MemInfo: [/proc/self/status]	VmPMD:	      28 kB
20220313 013835.897 INFO             PET1 PIOc_sync Enter - MemInfo: [/proc/self/status]	VmSwap:	       0 kB
20220313 013835.897 INFO             PET1 PIOc_sync Enter - MemInfo: [/proc/self/status]	VmRSSPercent: 0.137525 %
20220313 013835.897 INFO             PET1 PIOc_sync Enter - MemInfo: [malloc] Non-mmapped space allocated:                10293248 Byte
20220313 013835.897 INFO             PET1 PIOc_sync Enter - MemInfo: [malloc] Space allocated in mmapped regions:         85999616 Byte
20220313 013835.897 INFO             PET1 PIOc_sync Enter - MemInfo: [malloc] Maximum total allocated space:                     0 Byte
20220313 013835.897 INFO             PET1 PIOc_sync Enter - MemInfo: [malloc] Space in freed fastbin blocks:                  2432 Byte
20220313 013835.897 INFO             PET1 PIOc_sync Enter - MemInfo: [malloc] Total allocated space:                       5944208 Byte
20220313 013835.897 INFO             PET1 PIOc_sync Enter - MemInfo: [malloc] Total free space:                            4349040 Byte
20220313 013835.897 INFO             PET1 PIOc_sync Enter - MemInfo: [malloc] Top-most, releasable space:                  2232112 Byte
20220313 013835.897 INFO             PET1 PIOc_sync Enter - MemInfo: [malloc] Total space in use, mmap + non-mmap:        91943824 Byte
20220313 013835.897 INFO             PET1 PIOc_sync Enter - MemInfo: [malloc] Total space held (mmap + non-mmap):         96292864 Byte
20220313 013835.897 INFO             PET1 PIOc_sync Enter - MemInfo: [malloc] Total space used (mmap + non-mmap):         91953184 Byte
20220313 013835.897 INFO             PET1 PIOc_sync Enter - MemInfo: Wall-clock time since execution start:               0.655918 seconds
20220313 013835.897 INFO             PET1 PIOc_sync Exit - MemInfo: [/proc/meminfo - SSI]	MemTotal:       131394444 kB
20220313 013835.897 INFO             PET1 PIOc_sync Exit - MemInfo: [/proc/meminfo - SSI]	MemFree:        123749644 kB
20220313 013835.897 INFO             PET1 PIOc_sync Exit - MemInfo: [/proc/meminfo - SSI]	MemAvailable:   123400660 kB
20220313 013835.897 INFO             PET1 PIOc_sync Exit - MemInfo: [/proc/meminfo - SSI]	Committed_AS:    4273828 kB
20220313 013835.897 INFO             PET1 PIOc_sync Exit - MemInfo: [/proc/meminfo - SSI]	CommittedPercent: 3.25267 %
20220313 013835.897 INFO             PET1 PIOc_sync Exit - MemInfo: [/proc/self/status]	VmPeak:	 3860312 kB
20220313 013835.897 INFO             PET1 PIOc_sync Exit - MemInfo: [/proc/self/status]	VmSize:	 3859292 kB
20220313 013835.897 INFO             PET1 PIOc_sync Exit - MemInfo: [/proc/self/status]	VmLck:	       0 kB
20220313 013835.897 INFO             PET1 PIOc_sync Exit - MemInfo: [/proc/self/status]	VmPin:	   82140 kB
20220313 013835.897 INFO             PET1 PIOc_sync Exit - MemInfo: [/proc/self/status]	VmHWM:	  180700 kB
20220313 013835.897 INFO             PET1 PIOc_sync Exit - MemInfo: [/proc/self/status]	VmRSS:	  180700 kB
20220313 013835.897 INFO             PET1 PIOc_sync Exit - MemInfo: [/proc/self/status]	VmData:	  275976 kB
20220313 013835.897 INFO             PET1 PIOc_sync Exit - MemInfo: [/proc/self/status]	VmStk:	     512 kB
20220313 013835.897 INFO             PET1 PIOc_sync Exit - MemInfo: [/proc/self/status]	VmExe:	    1768 kB
20220313 013835.897 INFO             PET1 PIOc_sync Exit - MemInfo: [/proc/self/status]	VmLib:	  156408 kB
20220313 013835.898 INFO             PET1 PIOc_sync Exit - MemInfo: [/proc/self/status]	VmPTE:	     840 kB
20220313 013835.898 INFO             PET1 PIOc_sync Exit - MemInfo: [/proc/self/status]	VmPMD:	      28 kB
20220313 013835.898 INFO             PET1 PIOc_sync Exit - MemInfo: [/proc/self/status]	VmSwap:	       0 kB
20220313 013835.898 INFO             PET1 PIOc_sync Exit - MemInfo: [/proc/self/status]	VmRSSPercent: 0.137525 %
20220313 013835.898 INFO             PET1 PIOc_sync Exit - MemInfo: [malloc] Non-mmapped space allocated:                10293248 Byte
20220313 013835.898 INFO             PET1 PIOc_sync Exit - MemInfo: [malloc] Space allocated in mmapped regions:         85999616 Byte
20220313 013835.898 INFO             PET1 PIOc_sync Exit - MemInfo: [malloc] Maximum total allocated space:                     0 Byte
20220313 013835.898 INFO             PET1 PIOc_sync Exit - MemInfo: [malloc] Space in freed fastbin blocks:                   608 Byte
20220313 013835.898 INFO             PET1 PIOc_sync Exit - MemInfo: [malloc] Total allocated space:                       5943200 Byte
20220313 013835.898 INFO             PET1 PIOc_sync Exit - MemInfo: [malloc] Total free space:                            4350048 Byte
20220313 013835.898 INFO             PET1 PIOc_sync Exit - MemInfo: [malloc] Top-most, releasable space:                  2232112 Byte
20220313 013835.898 INFO             PET1 PIOc_sync Exit - MemInfo: [malloc] Total space in use, mmap + non-mmap:        91942816 Byte
20220313 013835.898 INFO             PET1 PIOc_sync Exit - MemInfo: [malloc] Total space held (mmap + non-mmap):         96292864 Byte
20220313 013835.898 INFO             PET1 PIOc_sync Exit - MemInfo: [malloc] Total space used (mmap + non-mmap):         91952176 Byte
20220313 013835.898 INFO             PET1 PIOc_sync Exit - MemInfo: Wall-clock time since execution start:               0.656584 seconds
20220313 013835.898 INFO             PET1 PIOc_freedecomp Enter - MemInfo: [/proc/meminfo - SSI]	MemTotal:       131394444 kB
20220313 013835.898 INFO             PET1 PIOc_freedecomp Enter - MemInfo: [/proc/meminfo - SSI]	MemFree:        123749644 kB
20220313 013835.898 INFO             PET1 PIOc_freedecomp Enter - MemInfo: [/proc/meminfo - SSI]	MemAvailable:   123400660 kB
20220313 013835.898 INFO             PET1 PIOc_freedecomp Enter - MemInfo: [/proc/meminfo - SSI]	Committed_AS:    4273828 kB
20220313 013835.898 INFO             PET1 PIOc_freedecomp Enter - MemInfo: [/proc/meminfo - SSI]	CommittedPercent: 3.25267 %
20220313 013835.898 INFO             PET1 PIOc_freedecomp Enter - MemInfo: [/proc/self/status]	VmPeak:	 3860312 kB
20220313 013835.898 INFO             PET1 PIOc_freedecomp Enter - MemInfo: [/proc/self/status]	VmSize:	 3859292 kB
20220313 013835.898 INFO             PET1 PIOc_freedecomp Enter - MemInfo: [/proc/self/status]	VmLck:	       0 kB
20220313 013835.898 INFO             PET1 PIOc_freedecomp Enter - MemInfo: [/proc/self/status]	VmPin:	   82140 kB
20220313 013835.898 INFO             PET1 PIOc_freedecomp Enter - MemInfo: [/proc/self/status]	VmHWM:	  180700 kB
20220313 013835.898 INFO             PET1 PIOc_freedecomp Enter - MemInfo: [/proc/self/status]	VmRSS:	  180700 kB
20220313 013835.898 INFO             PET1 PIOc_freedecomp Enter - MemInfo: [/proc/self/status]	VmData:	  275976 kB
20220313 013835.898 INFO             PET1 PIOc_freedecomp Enter - MemInfo: [/proc/self/status]	VmStk:	     512 kB
20220313 013835.898 INFO             PET1 PIOc_freedecomp Enter - MemInfo: [/proc/self/status]	VmExe:	    1768 kB
20220313 013835.898 INFO             PET1 PIOc_freedecomp Enter - MemInfo: [/proc/self/status]	VmLib:	  156408 kB
20220313 013835.898 INFO             PET1 PIOc_freedecomp Enter - MemInfo: [/proc/self/status]	VmPTE:	     840 kB
20220313 013835.898 INFO             PET1 PIOc_freedecomp Enter - MemInfo: [/proc/self/status]	VmPMD:	      28 kB
20220313 013835.898 INFO             PET1 PIOc_freedecomp Enter - MemInfo: [/proc/self/status]	VmSwap:	       0 kB
20220313 013835.898 INFO             PET1 PIOc_freedecomp Enter - MemInfo: [/proc/self/status]	VmRSSPercent: 0.137525 %
20220313 013835.898 INFO             PET1 PIOc_freedecomp Enter - MemInfo: [malloc] Non-mmapped space allocated:                10293248 Byte
20220313 013835.898 INFO             PET1 PIOc_freedecomp Enter - MemInfo: [malloc] Space allocated in mmapped regions:         85999616 Byte
20220313 013835.898 INFO             PET1 PIOc_freedecomp Enter - MemInfo: [malloc] Maximum total allocated space:                     0 Byte
20220313 013835.898 INFO             PET1 PIOc_freedecomp Enter - MemInfo: [malloc] Space in freed fastbin blocks:                   704 Byte
20220313 013835.898 INFO             PET1 PIOc_freedecomp Enter - MemInfo: [malloc] Total allocated space:                       5941280 Byte
20220313 013835.898 INFO             PET1 PIOc_freedecomp Enter - MemInfo: [malloc] Total free space:                            4351968 Byte
20220313 013835.898 INFO             PET1 PIOc_freedecomp Enter - MemInfo: [malloc] Top-most, releasable space:                  2232112 Byte
20220313 013835.898 INFO             PET1 PIOc_freedecomp Enter - MemInfo: [malloc] Total space in use, mmap + non-mmap:        91940896 Byte
20220313 013835.898 INFO             PET1 PIOc_freedecomp Enter - MemInfo: [malloc] Total space held (mmap + non-mmap):         96292864 Byte
20220313 013835.898 INFO             PET1 PIOc_freedecomp Enter - MemInfo: [malloc] Total space used (mmap + non-mmap):         91950256 Byte
20220313 013835.898 INFO             PET1 PIOc_freedecomp Enter - MemInfo: Wall-clock time since execution start:               0.657124 seconds
20220313 013835.898 INFO             PET1 PIOc_freedecomp Exit - MemInfo: [/proc/meminfo - SSI]	MemTotal:       131394444 kB
20220313 013835.898 INFO             PET1 PIOc_freedecomp Exit - MemInfo: [/proc/meminfo - SSI]	MemFree:        123749644 kB
20220313 013835.898 INFO             PET1 PIOc_freedecomp Exit - MemInfo: [/proc/meminfo - SSI]	MemAvailable:   123400660 kB
20220313 013835.898 INFO             PET1 PIOc_freedecomp Exit - MemInfo: [/proc/meminfo - SSI]	Committed_AS:    4273828 kB
20220313 013835.898 INFO             PET1 PIOc_freedecomp Exit - MemInfo: [/proc/meminfo - SSI]	CommittedPercent: 3.25267 %
20220313 013835.898 INFO             PET1 PIOc_freedecomp Exit - MemInfo: [/proc/self/status]	VmPeak:	 3860312 kB
20220313 013835.898 INFO             PET1 PIOc_freedecomp Exit - MemInfo: [/proc/self/status]	VmSize:	 3859292 kB
20220313 013835.898 INFO             PET1 PIOc_freedecomp Exit - MemInfo: [/proc/self/status]	VmLck:	       0 kB
20220313 013835.898 INFO             PET1 PIOc_freedecomp Exit - MemInfo: [/proc/self/status]	VmPin:	   82140 kB
20220313 013835.898 INFO             PET1 PIOc_freedecomp Exit - MemInfo: [/proc/self/status]	VmHWM:	  180700 kB
20220313 013835.898 INFO             PET1 PIOc_freedecomp Exit - MemInfo: [/proc/self/status]	VmRSS:	  180700 kB
20220313 013835.898 INFO             PET1 PIOc_freedecomp Exit - MemInfo: [/proc/self/status]	VmData:	  275976 kB
20220313 013835.898 INFO             PET1 PIOc_freedecomp Exit - MemInfo: [/proc/self/status]	VmStk:	     512 kB
20220313 013835.899 INFO             PET1 PIOc_freedecomp Exit - MemInfo: [/proc/self/status]	VmExe:	    1768 kB
20220313 013835.899 INFO             PET1 PIOc_freedecomp Exit - MemInfo: [/proc/self/status]	VmLib:	  156408 kB
20220313 013835.899 INFO             PET1 PIOc_freedecomp Exit - MemInfo: [/proc/self/status]	VmPTE:	     840 kB
20220313 013835.899 INFO             PET1 PIOc_freedecomp Exit - MemInfo: [/proc/self/status]	VmPMD:	      28 kB
20220313 013835.899 INFO             PET1 PIOc_freedecomp Exit - MemInfo: [/proc/self/status]	VmSwap:	       0 kB
20220313 013835.899 INFO             PET1 PIOc_freedecomp Exit - MemInfo: [/proc/self/status]	VmRSSPercent: 0.137525 %
20220313 013835.899 INFO             PET1 PIOc_freedecomp Exit - MemInfo: [malloc] Non-mmapped space allocated:                10293248 Byte
20220313 013835.899 INFO             PET1 PIOc_freedecomp Exit - MemInfo: [malloc] Space allocated in mmapped regions:         85999616 Byte
20220313 013835.899 INFO             PET1 PIOc_freedecomp Exit - MemInfo: [malloc] Maximum total allocated space:                     0 Byte
20220313 013835.899 INFO             PET1 PIOc_freedecomp Exit - MemInfo: [malloc] Space in freed fastbin blocks:                   720 Byte
20220313 013835.899 INFO             PET1 PIOc_freedecomp Exit - MemInfo: [malloc] Total allocated space:                       5939040 Byte
20220313 013835.899 INFO             PET1 PIOc_freedecomp Exit - MemInfo: [malloc] Total free space:                            4354208 Byte
20220313 013835.899 INFO             PET1 PIOc_freedecomp Exit - MemInfo: [malloc] Top-most, releasable space:                  2232112 Byte
20220313 013835.899 INFO             PET1 PIOc_freedecomp Exit - MemInfo: [malloc] Total space in use, mmap + non-mmap:        91938656 Byte
20220313 013835.899 INFO             PET1 PIOc_freedecomp Exit - MemInfo: [malloc] Total space held (mmap + non-mmap):         96292864 Byte
20220313 013835.899 INFO             PET1 PIOc_freedecomp Exit - MemInfo: [malloc] Total space used (mmap + non-mmap):         91948016 Byte
20220313 013835.899 INFO             PET1 PIOc_freedecomp Exit - MemInfo: Wall-clock time since execution start:                0.65762 seconds
20220313 013835.903 INFO             PET1  PASS  ESMF_FieldRegridStoreFromFile Unit Test, ESMF_FieldSMMFromFileUTest.F90, line 315
20220313 013835.903 INFO             PET1  Ending Test, file ESMF_FieldSMMFromFileUTest.F90, line 322
20220313 013835.903 INFO             PET1 Finalizing ESMF
20220313 013835.254 INFO             PET2 !!!!!!!!!!!!!!!!!!!!!!!!!!!!!!!!!!!!!!!!!!!!!!!!!!!!!!
20220313 013835.254 INFO             PET2 !!! THE ESMF_LOG IS SET TO OUTPUT ALL LOG MESSAGES !!!
20220313 013835.254 INFO             PET2 !!!     THIS MAY CAUSE SLOWDOWN IN PERFORMANCE     !!!
20220313 013835.254 INFO             PET2 !!! FOR PRODUCTION RUNS, USE:                      !!!
20220313 013835.254 INFO             PET2 !!!                   ESMF_LOGKIND_Multi_On_Error  !!!
20220313 013835.254 INFO             PET2 !!!!!!!!!!!!!!!!!!!!!!!!!!!!!!!!!!!!!!!!!!!!!!!!!!!!!!
20220313 013835.254 INFO             PET2 Running with ESMF Version   : v8.3.0b09-96-g559b459836
20220313 013835.254 INFO             PET2 ESMF library build date/time: "Mar 13 2022" "01:16:11"
20220313 013835.254 INFO             PET2 ESMF library build location : /gpfsm/dnb04/projects/p98/mpotts/esmf/intel_2020_intelmpi_g_jedwards_pio_update2
20220313 013835.254 INFO             PET2 ESMF_COMM                   : intelmpi
20220313 013835.255 INFO             PET2 ESMF_MOAB                   : enabled
20220313 013835.255 INFO             PET2 ESMF_LAPACK                 : enabled
20220313 013835.255 INFO             PET2 ESMF_NETCDF                 : enabled
20220313 013835.255 INFO             PET2 ESMF_PNETCDF                : disabled
20220313 013835.255 INFO             PET2 ESMF_PIO                    : enabled
20220313 013835.255 INFO             PET2 ESMF_YAMLCPP                : enabled
20220313 013835.255 INFO             PET2  Beginning Test, file ESMF_FieldSMMFromFileUTest.F90, line 287
20220313 013835.255 INFO             PET2  NUMBER_OF_PROCESSORS           4
20220313 013835.873 INFO             PET2  PASS  ESMF_FieldSMMFromFile Unit Test, ESMF_FieldSMMFromFileUTest.F90, line 300
20220313 013835.890 INFO             PET2 PIOc_sync Enter - MemInfo: [/proc/meminfo - SSI]	MemTotal:       131394444 kB
20220313 013835.890 INFO             PET2 PIOc_sync Enter - MemInfo: [/proc/meminfo - SSI]	MemFree:        123749644 kB
20220313 013835.890 INFO             PET2 PIOc_sync Enter - MemInfo: [/proc/meminfo - SSI]	MemAvailable:   123400660 kB
20220313 013835.890 INFO             PET2 PIOc_sync Enter - MemInfo: [/proc/meminfo - SSI]	Committed_AS:    4273828 kB
20220313 013835.890 INFO             PET2 PIOc_sync Enter - MemInfo: [/proc/meminfo - SSI]	CommittedPercent: 3.25267 %
20220313 013835.890 INFO             PET2 PIOc_sync Enter - MemInfo: [/proc/self/status]	VmPeak:	 3872620 kB
20220313 013835.890 INFO             PET2 PIOc_sync Enter - MemInfo: [/proc/self/status]	VmSize:	 3834664 kB
20220313 013835.890 INFO             PET2 PIOc_sync Enter - MemInfo: [/proc/self/status]	VmLck:	       0 kB
20220313 013835.890 INFO             PET2 PIOc_sync Enter - MemInfo: [/proc/self/status]	VmPin:	   82140 kB
20220313 013835.890 INFO             PET2 PIOc_sync Enter - MemInfo: [/proc/self/status]	VmHWM:	  183840 kB
20220313 013835.890 INFO             PET2 PIOc_sync Enter - MemInfo: [/proc/self/status]	VmRSS:	  183840 kB
20220313 013835.890 INFO             PET2 PIOc_sync Enter - MemInfo: [/proc/self/status]	VmData:	  251348 kB
20220313 013835.890 INFO             PET2 PIOc_sync Enter - MemInfo: [/proc/self/status]	VmStk:	     512 kB
20220313 013835.890 INFO             PET2 PIOc_sync Enter - MemInfo: [/proc/self/status]	VmExe:	    1768 kB
20220313 013835.890 INFO             PET2 PIOc_sync Enter - MemInfo: [/proc/self/status]	VmLib:	  156408 kB
20220313 013835.890 INFO             PET2 PIOc_sync Enter - MemInfo: [/proc/self/status]	VmPTE:	     864 kB
20220313 013835.890 INFO             PET2 PIOc_sync Enter - MemInfo: [/proc/self/status]	VmPMD:	      32 kB
20220313 013835.890 INFO             PET2 PIOc_sync Enter - MemInfo: [/proc/self/status]	VmSwap:	       0 kB
20220313 013835.890 INFO             PET2 PIOc_sync Enter - MemInfo: [/proc/self/status]	VmRSSPercent: 0.139915 %
20220313 013835.890 INFO             PET2 PIOc_sync Enter - MemInfo: [malloc] Non-mmapped space allocated:                33312768 Byte
20220313 013835.890 INFO             PET2 PIOc_sync Enter - MemInfo: [malloc] Space allocated in mmapped regions:         62926848 Byte
20220313 013835.890 INFO             PET2 PIOc_sync Enter - MemInfo: [malloc] Maximum total allocated space:                     0 Byte
20220313 013835.890 INFO             PET2 PIOc_sync Enter - MemInfo: [malloc] Space in freed fastbin blocks:                  2464 Byte
20220313 013835.890 INFO             PET2 PIOc_sync Enter - MemInfo: [malloc] Total allocated space:                      26915920 Byte
20220313 013835.890 INFO             PET2 PIOc_sync Enter - MemInfo: [malloc] Total free space:                            6396848 Byte
20220313 013835.890 INFO             PET2 PIOc_sync Enter - MemInfo: [malloc] Top-most, releasable space:                  2231600 Byte
20220313 013835.890 INFO             PET2 PIOc_sync Enter - MemInfo: [malloc] Total space in use, mmap + non-mmap:        89842768 Byte
20220313 013835.890 INFO             PET2 PIOc_sync Enter - MemInfo: [malloc] Total space held (mmap + non-mmap):         96239616 Byte
20220313 013835.890 INFO             PET2 PIOc_sync Enter - MemInfo: [malloc] Total space used (mmap + non-mmap):         89852128 Byte
20220313 013835.890 INFO             PET2 PIOc_sync Enter - MemInfo: Wall-clock time since execution start:               0.644115 seconds
20220313 013835.891 INFO             PET2 PIOc_sync Exit - MemInfo: [/proc/meminfo - SSI]	MemTotal:       131394444 kB
20220313 013835.891 INFO             PET2 PIOc_sync Exit - MemInfo: [/proc/meminfo - SSI]	MemFree:        123749644 kB
20220313 013835.891 INFO             PET2 PIOc_sync Exit - MemInfo: [/proc/meminfo - SSI]	MemAvailable:   123400660 kB
20220313 013835.891 INFO             PET2 PIOc_sync Exit - MemInfo: [/proc/meminfo - SSI]	Committed_AS:    4273828 kB
20220313 013835.891 INFO             PET2 PIOc_sync Exit - MemInfo: [/proc/meminfo - SSI]	CommittedPercent: 3.25267 %
20220313 013835.891 INFO             PET2 PIOc_sync Exit - MemInfo: [/proc/self/status]	VmPeak:	 3872620 kB
20220313 013835.891 INFO             PET2 PIOc_sync Exit - MemInfo: [/proc/self/status]	VmSize:	 3834664 kB
20220313 013835.891 INFO             PET2 PIOc_sync Exit - MemInfo: [/proc/self/status]	VmLck:	       0 kB
20220313 013835.891 INFO             PET2 PIOc_sync Exit - MemInfo: [/proc/self/status]	VmPin:	   82140 kB
20220313 013835.891 INFO             PET2 PIOc_sync Exit - MemInfo: [/proc/self/status]	VmHWM:	  183896 kB
20220313 013835.891 INFO             PET2 PIOc_sync Exit - MemInfo: [/proc/self/status]	VmRSS:	  183896 kB
20220313 013835.891 INFO             PET2 PIOc_sync Exit - MemInfo: [/proc/self/status]	VmData:	  251348 kB
20220313 013835.891 INFO             PET2 PIOc_sync Exit - MemInfo: [/proc/self/status]	VmStk:	     512 kB
20220313 013835.891 INFO             PET2 PIOc_sync Exit - MemInfo: [/proc/self/status]	VmExe:	    1768 kB
20220313 013835.891 INFO             PET2 PIOc_sync Exit - MemInfo: [/proc/self/status]	VmLib:	  156408 kB
