build time -- 2022-03-13 01:18:47.579298
20220313 013240.002 INFO             PET0 !!!!!!!!!!!!!!!!!!!!!!!!!!!!!!!!!!!!!!!!!!!!!!!!!!!!!!
20220313 013240.002 INFO             PET0 !!! THE ESMF_LOG IS SET TO OUTPUT ALL LOG MESSAGES !!!
20220313 013240.002 INFO             PET0 !!!     THIS MAY CAUSE SLOWDOWN IN PERFORMANCE     !!!
20220313 013240.002 INFO             PET0 !!! FOR PRODUCTION RUNS, USE:                      !!!
20220313 013240.002 INFO             PET0 !!!                   ESMF_LOGKIND_Multi_On_Error  !!!
20220313 013240.002 INFO             PET0 !!!!!!!!!!!!!!!!!!!!!!!!!!!!!!!!!!!!!!!!!!!!!!!!!!!!!!
20220313 013240.002 INFO             PET0 Running with ESMF Version   : v8.3.0b09-96-g559b459836
20220313 013240.002 INFO             PET0 ESMF library build date/time: "Mar 13 2022" "01:16:11"
20220313 013240.002 INFO             PET0 ESMF library build location : /gpfsm/dnb04/projects/p98/mpotts/esmf/intel_2020_intelmpi_g_jedwards_pio_update2
20220313 013240.002 INFO             PET0 ESMF_COMM                   : intelmpi
20220313 013240.003 INFO             PET0 ESMF_MOAB                   : enabled
20220313 013240.003 INFO             PET0 ESMF_LAPACK                 : enabled
20220313 013240.003 INFO             PET0 ESMF_NETCDF                 : enabled
20220313 013240.003 INFO             PET0 ESMF_PNETCDF                : disabled
20220313 013240.003 INFO             PET0 ESMF_PIO                    : enabled
20220313 013240.003 INFO             PET0 ESMF_YAMLCPP                : enabled
20220313 013240.006 INFO             PET0  Beginning Test, file ESMF_ArrayBundleIOUTest.F90, line 70
20220313 013240.006 INFO             PET0  NUMBER_OF_PROCESSORS           4
20220313 013240.007 INFO             PET0  PASS  ArrayCreate Allocate 2D ESMF_TYPEKIND_R8 Test, ESMF_ArrayBundleIOUTest.F90, line 109
20220313 013240.007 INFO             PET0  PASS  Obtain real Fortran Array Pointer for array 1, ESMF_ArrayBundleIOUTest.F90, line 117
20220313 013240.007 INFO             PET0  PASS  ArrayCreate Allocate 2D ESMF_TYPEKIND_I4 Test, ESMF_ArrayBundleIOUTest.F90, line 125
20220313 013240.007 INFO             PET0  PASS  Obtain integer Fortran Array Pointer for array 2, ESMF_ArrayBundleIOUTest.F90, line 133
20220313 013240.007 INFO             PET0  PASS  ArrayCreate Allocate 3D ESMF_TYPEKIND_I4 Test, ESMF_ArrayBundleIOUTest.F90, line 141
20220313 013240.007 INFO             PET0  PASS  Obtain Integer Fortran Array Pointer for array 2, ESMF_ArrayBundleIOUTest.F90, line 149
20220313 013240.008 INFO             PET0  PASS  ArrayBundleCreate Test, ESMF_ArrayBundleIOUTest.F90, line 158
20220313 013240.013 INFO             PET0 PIOc_sync Enter - MemInfo: [/proc/meminfo - SSI]	MemTotal:       131394444 kB
20220313 013240.013 INFO             PET0 PIOc_sync Enter - MemInfo: [/proc/meminfo - SSI]	MemFree:        123729252 kB
20220313 013240.013 INFO             PET0 PIOc_sync Enter - MemInfo: [/proc/meminfo - SSI]	MemAvailable:   123447400 kB
20220313 013240.013 INFO             PET0 PIOc_sync Enter - MemInfo: [/proc/meminfo - SSI]	Committed_AS:    4281096 kB
20220313 013240.013 INFO             PET0 PIOc_sync Enter - MemInfo: [/proc/meminfo - SSI]	CommittedPercent: 3.2582 %
20220313 013240.013 INFO             PET0 PIOc_sync Enter - MemInfo: [/proc/self/status]	VmPeak:	 3854688 kB
20220313 013240.013 INFO             PET0 PIOc_sync Enter - MemInfo: [/proc/self/status]	VmSize:	 3854688 kB
20220313 013240.013 INFO             PET0 PIOc_sync Enter - MemInfo: [/proc/self/status]	VmLck:	       0 kB
20220313 013240.013 INFO             PET0 PIOc_sync Enter - MemInfo: [/proc/self/status]	VmPin:	   82140 kB
20220313 013240.013 INFO             PET0 PIOc_sync Enter - MemInfo: [/proc/self/status]	VmHWM:	  168520 kB
20220313 013240.013 INFO             PET0 PIOc_sync Enter - MemInfo: [/proc/self/status]	VmRSS:	  168520 kB
20220313 013240.013 INFO             PET0 PIOc_sync Enter - MemInfo: [/proc/self/status]	VmData:	  271328 kB
20220313 013240.013 INFO             PET0 PIOc_sync Enter - MemInfo: [/proc/self/status]	VmStk:	     512 kB
20220313 013240.013 INFO             PET0 PIOc_sync Enter - MemInfo: [/proc/self/status]	VmExe:	    1808 kB
20220313 013240.013 INFO             PET0 PIOc_sync Enter - MemInfo: [/proc/self/status]	VmLib:	  156408 kB
20220313 013240.013 INFO             PET0 PIOc_sync Enter - MemInfo: [/proc/self/status]	VmPTE:	     816 kB
20220313 013240.013 INFO             PET0 PIOc_sync Enter - MemInfo: [/proc/self/status]	VmPMD:	      32 kB
20220313 013240.013 INFO             PET0 PIOc_sync Enter - MemInfo: [/proc/self/status]	VmSwap:	       0 kB
20220313 013240.013 INFO             PET0 PIOc_sync Enter - MemInfo: [/proc/self/status]	VmRSSPercent: 0.128255 %
20220313 013240.013 INFO             PET0 PIOc_sync Enter - MemInfo: [malloc] Non-mmapped space allocated:                 2904064 Byte
20220313 013240.013 INFO             PET0 PIOc_sync Enter - MemInfo: [malloc] Space allocated in mmapped regions:         88629248 Byte
20220313 013240.013 INFO             PET0 PIOc_sync Enter - MemInfo: [malloc] Maximum total allocated space:                     0 Byte
20220313 013240.013 INFO             PET0 PIOc_sync Enter - MemInfo: [malloc] Space in freed fastbin blocks:                   384 Byte
20220313 013240.013 INFO             PET0 PIOc_sync Enter - MemInfo: [malloc] Total allocated space:                       2749808 Byte
20220313 013240.013 INFO             PET0 PIOc_sync Enter - MemInfo: [malloc] Total free space:                             154256 Byte
20220313 013240.013 INFO             PET0 PIOc_sync Enter - MemInfo: [malloc] Top-most, releasable space:                    15168 Byte
20220313 013240.013 INFO             PET0 PIOc_sync Enter - MemInfo: [malloc] Total space in use, mmap + non-mmap:        91379056 Byte
20220313 013240.013 INFO             PET0 PIOc_sync Enter - MemInfo: [malloc] Total space held (mmap + non-mmap):         91533312 Byte
20220313 013240.013 INFO             PET0 PIOc_sync Enter - MemInfo: [malloc] Total space used (mmap + non-mmap):         91388432 Byte
20220313 013240.013 INFO             PET0 PIOc_sync Enter - MemInfo: Wall-clock time since execution start:              0.0241436 seconds
20220313 013240.014 INFO             PET0 PIOc_sync Exit - MemInfo: [/proc/meminfo - SSI]	MemTotal:       131394444 kB
20220313 013240.014 INFO             PET0 PIOc_sync Exit - MemInfo: [/proc/meminfo - SSI]	MemFree:        123727204 kB
20220313 013240.014 INFO             PET0 PIOc_sync Exit - MemInfo: [/proc/meminfo - SSI]	MemAvailable:   123445352 kB
20220313 013240.014 INFO             PET0 PIOc_sync Exit - MemInfo: [/proc/meminfo - SSI]	Committed_AS:    4281096 kB
20220313 013240.014 INFO             PET0 PIOc_sync Exit - MemInfo: [/proc/meminfo - SSI]	CommittedPercent: 3.2582 %
20220313 013240.014 INFO             PET0 PIOc_sync Exit - MemInfo: [/proc/self/status]	VmPeak:	 3856736 kB
20220313 013240.014 INFO             PET0 PIOc_sync Exit - MemInfo: [/proc/self/status]	VmSize:	 3856736 kB
20220313 013240.014 INFO             PET0 PIOc_sync Exit - MemInfo: [/proc/self/status]	VmLck:	       0 kB
20220313 013240.014 INFO             PET0 PIOc_sync Exit - MemInfo: [/proc/self/status]	VmPin:	   82140 kB
20220313 013240.014 INFO             PET0 PIOc_sync Exit - MemInfo: [/proc/self/status]	VmHWM:	  170816 kB
20220313 013240.014 INFO             PET0 PIOc_sync Exit - MemInfo: [/proc/self/status]	VmRSS:	  170816 kB
20220313 013240.014 INFO             PET0 PIOc_sync Exit - MemInfo: [/proc/self/status]	VmData:	  273376 kB
20220313 013240.014 INFO             PET0 PIOc_sync Exit - MemInfo: [/proc/self/status]	VmStk:	     512 kB
20220313 013240.014 INFO             PET0 PIOc_sync Exit - MemInfo: [/proc/self/status]	VmExe:	    1808 kB
20220313 013240.014 INFO             PET0 PIOc_sync Exit - MemInfo: [/proc/self/status]	VmLib:	  156408 kB
20220313 013240.014 INFO             PET0 PIOc_sync Exit - MemInfo: [/proc/self/status]	VmPTE:	     820 kB
20220313 013240.014 INFO             PET0 PIOc_sync Exit - MemInfo: [/proc/self/status]	VmPMD:	      32 kB
20220313 013240.014 INFO             PET0 PIOc_sync Exit - MemInfo: [/proc/self/status]	VmSwap:	       0 kB
20220313 013240.014 INFO             PET0 PIOc_sync Exit - MemInfo: [/proc/self/status]	VmRSSPercent: 0.130002 %
20220313 013240.014 INFO             PET0 PIOc_sync Exit - MemInfo: [malloc] Non-mmapped space allocated:                 2904064 Byte
20220313 013240.014 INFO             PET0 PIOc_sync Exit - MemInfo: [malloc] Space allocated in mmapped regions:         88629248 Byte
20220313 013240.014 INFO             PET0 PIOc_sync Exit - MemInfo: [malloc] Maximum total allocated space:                     0 Byte
20220313 013240.014 INFO             PET0 PIOc_sync Exit - MemInfo: [malloc] Space in freed fastbin blocks:                   384 Byte
20220313 013240.014 INFO             PET0 PIOc_sync Exit - MemInfo: [malloc] Total allocated space:                       2746656 Byte
20220313 013240.014 INFO             PET0 PIOc_sync Exit - MemInfo: [malloc] Total free space:                             157408 Byte
20220313 013240.014 INFO             PET0 PIOc_sync Exit - MemInfo: [malloc] Top-most, releasable space:                    15168 Byte
20220313 013240.014 INFO             PET0 PIOc_sync Exit - MemInfo: [malloc] Total space in use, mmap + non-mmap:        91375904 Byte
20220313 013240.014 INFO             PET0 PIOc_sync Exit - MemInfo: [malloc] Total space held (mmap + non-mmap):         91533312 Byte
20220313 013240.014 INFO             PET0 PIOc_sync Exit - MemInfo: [malloc] Total space used (mmap + non-mmap):         91385280 Byte
20220313 013240.014 INFO             PET0 PIOc_sync Exit - MemInfo: Wall-clock time since execution start:              0.0254034 seconds
20220313 013240.015 INFO             PET0 PIOc_freedecomp Enter - MemInfo: [/proc/meminfo - SSI]	MemTotal:       131394444 kB
20220313 013240.015 INFO             PET0 PIOc_freedecomp Enter - MemInfo: [/proc/meminfo - SSI]	MemFree:        123728416 kB
20220313 013240.015 INFO             PET0 PIOc_freedecomp Enter - MemInfo: [/proc/meminfo - SSI]	MemAvailable:   123446564 kB
20220313 013240.015 INFO             PET0 PIOc_freedecomp Enter - MemInfo: [/proc/meminfo - SSI]	Committed_AS:    4281096 kB
20220313 013240.015 INFO             PET0 PIOc_freedecomp Enter - MemInfo: [/proc/meminfo - SSI]	CommittedPercent: 3.2582 %
20220313 013240.015 INFO             PET0 PIOc_freedecomp Enter - MemInfo: [/proc/self/status]	VmPeak:	 3856736 kB
20220313 013240.015 INFO             PET0 PIOc_freedecomp Enter - MemInfo: [/proc/self/status]	VmSize:	 3854168 kB
20220313 013240.015 INFO             PET0 PIOc_freedecomp Enter - MemInfo: [/proc/self/status]	VmLck:	       0 kB
20220313 013240.015 INFO             PET0 PIOc_freedecomp Enter - MemInfo: [/proc/self/status]	VmPin:	   82140 kB
20220313 013240.015 INFO             PET0 PIOc_freedecomp Enter - MemInfo: [/proc/self/status]	VmHWM:	  170816 kB
20220313 013240.015 INFO             PET0 PIOc_freedecomp Enter - MemInfo: [/proc/self/status]	VmRSS:	  168764 kB
20220313 013240.015 INFO             PET0 PIOc_freedecomp Enter - MemInfo: [/proc/self/status]	VmData:	  270808 kB
20220313 013240.015 INFO             PET0 PIOc_freedecomp Enter - MemInfo: [/proc/self/status]	VmStk:	     512 kB
20220313 013240.015 INFO             PET0 PIOc_freedecomp Enter - MemInfo: [/proc/self/status]	VmExe:	    1808 kB
20220313 013240.015 INFO             PET0 PIOc_freedecomp Enter - MemInfo: [/proc/self/status]	VmLib:	  156408 kB
20220313 013240.015 INFO             PET0 PIOc_freedecomp Enter - MemInfo: [/proc/self/status]	VmPTE:	     816 kB
20220313 013240.015 INFO             PET0 PIOc_freedecomp Enter - MemInfo: [/proc/self/status]	VmPMD:	      32 kB
20220313 013240.015 INFO             PET0 PIOc_freedecomp Enter - MemInfo: [/proc/self/status]	VmSwap:	       0 kB
20220313 013240.015 INFO             PET0 PIOc_freedecomp Enter - MemInfo: [/proc/self/status]	VmRSSPercent: 0.128441 %
20220313 013240.015 INFO             PET0 PIOc_freedecomp Enter - MemInfo: [malloc] Non-mmapped space allocated:                 2904064 Byte
20220313 013240.015 INFO             PET0 PIOc_freedecomp Enter - MemInfo: [malloc] Space allocated in mmapped regions:         85999616 Byte
20220313 013240.015 INFO             PET0 PIOc_freedecomp Enter - MemInfo: [malloc] Maximum total allocated space:                     0 Byte
20220313 013240.015 INFO             PET0 PIOc_freedecomp Enter - MemInfo: [malloc] Space in freed fastbin blocks:                  2592 Byte
20220313 013240.015 INFO             PET0 PIOc_freedecomp Enter - MemInfo: [malloc] Total allocated space:                       2731904 Byte
20220313 013240.015 INFO             PET0 PIOc_freedecomp Enter - MemInfo: [malloc] Total free space:                             172160 Byte
20220313 013240.015 INFO             PET0 PIOc_freedecomp Enter - MemInfo: [malloc] Top-most, releasable space:                    15168 Byte
20220313 013240.015 INFO             PET0 PIOc_freedecomp Enter - MemInfo: [malloc] Total space in use, mmap + non-mmap:        88731520 Byte
20220313 013240.015 INFO             PET0 PIOc_freedecomp Enter - MemInfo: [malloc] Total space held (mmap + non-mmap):         88903680 Byte
20220313 013240.015 INFO             PET0 PIOc_freedecomp Enter - MemInfo: [malloc] Total space used (mmap + non-mmap):         88740896 Byte
20220313 013240.015 INFO             PET0 PIOc_freedecomp Enter - MemInfo: Wall-clock time since execution start:              0.0261523 seconds
20220313 013240.015 INFO             PET0 PIOc_freedecomp Exit - MemInfo: [/proc/meminfo - SSI]	MemTotal:       131394444 kB
20220313 013240.015 INFO             PET0 PIOc_freedecomp Exit - MemInfo: [/proc/meminfo - SSI]	MemFree:        123728416 kB
20220313 013240.015 INFO             PET0 PIOc_freedecomp Exit - MemInfo: [/proc/meminfo - SSI]	MemAvailable:   123446564 kB
20220313 013240.015 INFO             PET0 PIOc_freedecomp Exit - MemInfo: [/proc/meminfo - SSI]	Committed_AS:    4281096 kB
20220313 013240.015 INFO             PET0 PIOc_freedecomp Exit - MemInfo: [/proc/meminfo - SSI]	CommittedPercent: 3.2582 %
20220313 013240.015 INFO             PET0 PIOc_freedecomp Exit - MemInfo: [/proc/self/status]	VmPeak:	 3856736 kB
20220313 013240.015 INFO             PET0 PIOc_freedecomp Exit - MemInfo: [/proc/self/status]	VmSize:	 3854168 kB
20220313 013240.015 INFO             PET0 PIOc_freedecomp Exit - MemInfo: [/proc/self/status]	VmLck:	       0 kB
20220313 013240.015 INFO             PET0 PIOc_freedecomp Exit - MemInfo: [/proc/self/status]	VmPin:	   82140 kB
20220313 013240.015 INFO             PET0 PIOc_freedecomp Exit - MemInfo: [/proc/self/status]	VmHWM:	  170816 kB
20220313 013240.015 INFO             PET0 PIOc_freedecomp Exit - MemInfo: [/proc/self/status]	VmRSS:	  168768 kB
20220313 013240.015 INFO             PET0 PIOc_freedecomp Exit - MemInfo: [/proc/self/status]	VmData:	  270808 kB
20220313 013240.015 INFO             PET0 PIOc_freedecomp Exit - MemInfo: [/proc/self/status]	VmStk:	     512 kB
20220313 013240.015 INFO             PET0 PIOc_freedecomp Exit - MemInfo: [/proc/self/status]	VmExe:	    1808 kB
20220313 013240.015 INFO             PET0 PIOc_freedecomp Exit - MemInfo: [/proc/self/status]	VmLib:	  156408 kB
20220313 013240.015 INFO             PET0 PIOc_freedecomp Exit - MemInfo: [/proc/self/status]	VmPTE:	     816 kB
20220313 013240.016 INFO             PET0 PIOc_freedecomp Exit - MemInfo: [/proc/self/status]	VmPMD:	      32 kB
20220313 013240.016 INFO             PET0 PIOc_freedecomp Exit - MemInfo: [/proc/self/status]	VmSwap:	       0 kB
20220313 013240.016 INFO             PET0 PIOc_freedecomp Exit - MemInfo: [/proc/self/status]	VmRSSPercent: 0.128444 %
20220313 013240.016 INFO             PET0 PIOc_freedecomp Exit - MemInfo: [malloc] Non-mmapped space allocated:                 2904064 Byte
20220313 013240.016 INFO             PET0 PIOc_freedecomp Exit - MemInfo: [malloc] Space allocated in mmapped regions:         85999616 Byte
20220313 013240.016 INFO             PET0 PIOc_freedecomp Exit - MemInfo: [malloc] Maximum total allocated space:                     0 Byte
20220313 013240.016 INFO             PET0 PIOc_freedecomp Exit - MemInfo: [malloc] Space in freed fastbin blocks:                   704 Byte
20220313 013240.016 INFO             PET0 PIOc_freedecomp Exit - MemInfo: [malloc] Total allocated space:                       2718288 Byte
20220313 013240.016 INFO             PET0 PIOc_freedecomp Exit - MemInfo: [malloc] Total free space:                             185776 Byte
20220313 013240.016 INFO             PET0 PIOc_freedecomp Exit - MemInfo: [malloc] Top-most, releasable space:                    33904 Byte
20220313 013240.016 INFO             PET0 PIOc_freedecomp Exit - MemInfo: [malloc] Total space in use, mmap + non-mmap:        88717904 Byte
20220313 013240.016 INFO             PET0 PIOc_freedecomp Exit - MemInfo: [malloc] Total space held (mmap + non-mmap):         88903680 Byte
20220313 013240.016 INFO             PET0 PIOc_freedecomp Exit - MemInfo: [malloc] Total space used (mmap + non-mmap):         88727264 Byte
20220313 013240.016 INFO             PET0 PIOc_freedecomp Exit - MemInfo: Wall-clock time since execution start:              0.0267378 seconds
20220313 013240.016 INFO             PET0 PIOc_freedecomp Enter - MemInfo: [/proc/meminfo - SSI]	MemTotal:       131394444 kB
20220313 013240.016 INFO             PET0 PIOc_freedecomp Enter - MemInfo: [/proc/meminfo - SSI]	MemFree:        123728416 kB
20220313 013240.016 INFO             PET0 PIOc_freedecomp Enter - MemInfo: [/proc/meminfo - SSI]	MemAvailable:   123446564 kB
20220313 013240.016 INFO             PET0 PIOc_freedecomp Enter - MemInfo: [/proc/meminfo - SSI]	Committed_AS:    4281096 kB
20220313 013240.016 INFO             PET0 PIOc_freedecomp Enter - MemInfo: [/proc/meminfo - SSI]	CommittedPercent: 3.2582 %
20220313 013240.016 INFO             PET0 PIOc_freedecomp Enter - MemInfo: [/proc/self/status]	VmPeak:	 3856736 kB
20220313 013240.016 INFO             PET0 PIOc_freedecomp Enter - MemInfo: [/proc/self/status]	VmSize:	 3854168 kB
20220313 013240.016 INFO             PET0 PIOc_freedecomp Enter - MemInfo: [/proc/self/status]	VmLck:	       0 kB
20220313 013240.016 INFO             PET0 PIOc_freedecomp Enter - MemInfo: [/proc/self/status]	VmPin:	   82140 kB
20220313 013240.016 INFO             PET0 PIOc_freedecomp Enter - MemInfo: [/proc/self/status]	VmHWM:	  170816 kB
20220313 013240.016 INFO             PET0 PIOc_freedecomp Enter - MemInfo: [/proc/self/status]	VmRSS:	  168768 kB
20220313 013240.016 INFO             PET0 PIOc_freedecomp Enter - MemInfo: [/proc/self/status]	VmData:	  270808 kB
20220313 013240.016 INFO             PET0 PIOc_freedecomp Enter - MemInfo: [/proc/self/status]	VmStk:	     512 kB
20220313 013240.016 INFO             PET0 PIOc_freedecomp Enter - MemInfo: [/proc/self/status]	VmExe:	    1808 kB
20220313 013240.016 INFO             PET0 PIOc_freedecomp Enter - MemInfo: [/proc/self/status]	VmLib:	  156408 kB
20220313 013240.016 INFO             PET0 PIOc_freedecomp Enter - MemInfo: [/proc/self/status]	VmPTE:	     816 kB
20220313 013240.016 INFO             PET0 PIOc_freedecomp Enter - MemInfo: [/proc/self/status]	VmPMD:	      32 kB
20220313 013240.016 INFO             PET0 PIOc_freedecomp Enter - MemInfo: [/proc/self/status]	VmSwap:	       0 kB
20220313 013240.016 INFO             PET0 PIOc_freedecomp Enter - MemInfo: [/proc/self/status]	VmRSSPercent: 0.128444 %
20220313 013240.016 INFO             PET0 PIOc_freedecomp Enter - MemInfo: [malloc] Non-mmapped space allocated:                 2904064 Byte
20220313 013240.016 INFO             PET0 PIOc_freedecomp Enter - MemInfo: [malloc] Space allocated in mmapped regions:         85999616 Byte
20220313 013240.016 INFO             PET0 PIOc_freedecomp Enter - MemInfo: [malloc] Maximum total allocated space:                     0 Byte
20220313 013240.016 INFO             PET0 PIOc_freedecomp Enter - MemInfo: [malloc] Space in freed fastbin blocks:                   512 Byte
20220313 013240.016 INFO             PET0 PIOc_freedecomp Enter - MemInfo: [malloc] Total allocated space:                       2718144 Byte
20220313 013240.016 INFO             PET0 PIOc_freedecomp Enter - MemInfo: [malloc] Total free space:                             185920 Byte
20220313 013240.016 INFO             PET0 PIOc_freedecomp Enter - MemInfo: [malloc] Top-most, releasable space:                    33904 Byte
20220313 013240.016 INFO             PET0 PIOc_freedecomp Enter - MemInfo: [malloc] Total space in use, mmap + non-mmap:        88717760 Byte
20220313 013240.016 INFO             PET0 PIOc_freedecomp Enter - MemInfo: [malloc] Total space held (mmap + non-mmap):         88903680 Byte
20220313 013240.016 INFO             PET0 PIOc_freedecomp Enter - MemInfo: [malloc] Total space used (mmap + non-mmap):         88727120 Byte
20220313 013240.016 INFO             PET0 PIOc_freedecomp Enter - MemInfo: Wall-clock time since execution start:              0.0272602 seconds
20220313 013240.016 INFO             PET0 PIOc_freedecomp Exit - MemInfo: [/proc/meminfo - SSI]	MemTotal:       131394444 kB
20220313 013240.016 INFO             PET0 PIOc_freedecomp Exit - MemInfo: [/proc/meminfo - SSI]	MemFree:        123728416 kB
20220313 013240.016 INFO             PET0 PIOc_freedecomp Exit - MemInfo: [/proc/meminfo - SSI]	MemAvailable:   123446564 kB
20220313 013240.016 INFO             PET0 PIOc_freedecomp Exit - MemInfo: [/proc/meminfo - SSI]	Committed_AS:    4281096 kB
20220313 013240.016 INFO             PET0 PIOc_freedecomp Exit - MemInfo: [/proc/meminfo - SSI]	CommittedPercent: 3.2582 %
20220313 013240.016 INFO             PET0 PIOc_freedecomp Exit - MemInfo: [/proc/self/status]	VmPeak:	 3856736 kB
20220313 013240.016 INFO             PET0 PIOc_freedecomp Exit - MemInfo: [/proc/self/status]	VmSize:	 3854168 kB
20220313 013240.016 INFO             PET0 PIOc_freedecomp Exit - MemInfo: [/proc/self/status]	VmLck:	       0 kB
20220313 013240.016 INFO             PET0 PIOc_freedecomp Exit - MemInfo: [/proc/self/status]	VmPin:	   82140 kB
20220313 013240.016 INFO             PET0 PIOc_freedecomp Exit - MemInfo: [/proc/self/status]	VmHWM:	  170816 kB
20220313 013240.016 INFO             PET0 PIOc_freedecomp Exit - MemInfo: [/proc/self/status]	VmRSS:	  168768 kB
20220313 013240.017 INFO             PET0 PIOc_freedecomp Exit - MemInfo: [/proc/self/status]	VmData:	  270808 kB
20220313 013240.017 INFO             PET0 PIOc_freedecomp Exit - MemInfo: [/proc/self/status]	VmStk:	     512 kB
20220313 013240.017 INFO             PET0 PIOc_freedecomp Exit - MemInfo: [/proc/self/status]	VmExe:	    1808 kB
20220313 013240.017 INFO             PET0 PIOc_freedecomp Exit - MemInfo: [/proc/self/status]	VmLib:	  156408 kB
20220313 013240.017 INFO             PET0 PIOc_freedecomp Exit - MemInfo: [/proc/self/status]	VmPTE:	     816 kB
20220313 013240.017 INFO             PET0 PIOc_freedecomp Exit - MemInfo: [/proc/self/status]	VmPMD:	      32 kB
20220313 013240.017 INFO             PET0 PIOc_freedecomp Exit - MemInfo: [/proc/self/status]	VmSwap:	       0 kB
20220313 013240.017 INFO             PET0 PIOc_freedecomp Exit - MemInfo: [/proc/self/status]	VmRSSPercent: 0.128444 %
20220313 013240.017 INFO             PET0 PIOc_freedecomp Exit - MemInfo: [malloc] Non-mmapped space allocated:                 2904064 Byte
20220313 013240.017 INFO             PET0 PIOc_freedecomp Exit - MemInfo: [malloc] Space allocated in mmapped regions:         85999616 Byte
20220313 013240.017 INFO             PET0 PIOc_freedecomp Exit - MemInfo: [malloc] Maximum total allocated space:                     0 Byte
20220313 013240.017 INFO             PET0 PIOc_freedecomp Exit - MemInfo: [malloc] Space in freed fastbin blocks:                   704 Byte
20220313 013240.017 INFO             PET0 PIOc_freedecomp Exit - MemInfo: [malloc] Total allocated space:                       2713168 Byte
20220313 013240.017 INFO             PET0 PIOc_freedecomp Exit - MemInfo: [malloc] Total free space:                             190896 Byte
20220313 013240.017 INFO             PET0 PIOc_freedecomp Exit - MemInfo: [malloc] Top-most, releasable space:                    37456 Byte
20220313 013240.017 INFO             PET0 PIOc_freedecomp Exit - MemInfo: [malloc] Total space in use, mmap + non-mmap:        88712784 Byte
20220313 013240.017 INFO             PET0 PIOc_freedecomp Exit - MemInfo: [malloc] Total space held (mmap + non-mmap):         88903680 Byte
20220313 013240.017 INFO             PET0 PIOc_freedecomp Exit - MemInfo: [malloc] Total space used (mmap + non-mmap):         88722144 Byte
20220313 013240.017 INFO             PET0 PIOc_freedecomp Exit - MemInfo: Wall-clock time since execution start:              0.0277762 seconds
20220313 013240.017 INFO             PET0 PIOc_freedecomp Enter - MemInfo: [/proc/meminfo - SSI]	MemTotal:       131394444 kB
20220313 013240.017 INFO             PET0 PIOc_freedecomp Enter - MemInfo: [/proc/meminfo - SSI]	MemFree:        123728416 kB
20220313 013240.017 INFO             PET0 PIOc_freedecomp Enter - MemInfo: [/proc/meminfo - SSI]	MemAvailable:   123446564 kB
20220313 013240.017 INFO             PET0 PIOc_freedecomp Enter - MemInfo: [/proc/meminfo - SSI]	Committed_AS:    4281096 kB
20220313 013240.017 INFO             PET0 PIOc_freedecomp Enter - MemInfo: [/proc/meminfo - SSI]	CommittedPercent: 3.2582 %
20220313 013240.017 INFO             PET0 PIOc_freedecomp Enter - MemInfo: [/proc/self/status]	VmPeak:	 3856736 kB
20220313 013240.017 INFO             PET0 PIOc_freedecomp Enter - MemInfo: [/proc/self/status]	VmSize:	 3854168 kB
20220313 013240.017 INFO             PET0 PIOc_freedecomp Enter - MemInfo: [/proc/self/status]	VmLck:	       0 kB
20220313 013240.017 INFO             PET0 PIOc_freedecomp Enter - MemInfo: [/proc/self/status]	VmPin:	   82140 kB
20220313 013240.017 INFO             PET0 PIOc_freedecomp Enter - MemInfo: [/proc/self/status]	VmHWM:	  170816 kB
20220313 013240.017 INFO             PET0 PIOc_freedecomp Enter - MemInfo: [/proc/self/status]	VmRSS:	  168768 kB
20220313 013240.017 INFO             PET0 PIOc_freedecomp Enter - MemInfo: [/proc/self/status]	VmData:	  270808 kB
20220313 013240.017 INFO             PET0 PIOc_freedecomp Enter - MemInfo: [/proc/self/status]	VmStk:	     512 kB
20220313 013240.017 INFO             PET0 PIOc_freedecomp Enter - MemInfo: [/proc/self/status]	VmExe:	    1808 kB
20220313 013240.017 INFO             PET0 PIOc_freedecomp Enter - MemInfo: [/proc/self/status]	VmLib:	  156408 kB
20220313 013240.017 INFO             PET0 PIOc_freedecomp Enter - MemInfo: [/proc/self/status]	VmPTE:	     816 kB
20220313 013240.017 INFO             PET0 PIOc_freedecomp Enter - MemInfo: [/proc/self/status]	VmPMD:	      32 kB
20220313 013240.017 INFO             PET0 PIOc_freedecomp Enter - MemInfo: [/proc/self/status]	VmSwap:	       0 kB
20220313 013240.017 INFO             PET0 PIOc_freedecomp Enter - MemInfo: [/proc/self/status]	VmRSSPercent: 0.128444 %
20220313 013240.017 INFO             PET0 PIOc_freedecomp Enter - MemInfo: [malloc] Non-mmapped space allocated:                 2904064 Byte
20220313 013240.017 INFO             PET0 PIOc_freedecomp Enter - MemInfo: [malloc] Space allocated in mmapped regions:         85999616 Byte
20220313 013240.017 INFO             PET0 PIOc_freedecomp Enter - MemInfo: [malloc] Maximum total allocated space:                     0 Byte
20220313 013240.017 INFO             PET0 PIOc_freedecomp Enter - MemInfo: [malloc] Space in freed fastbin blocks:                   496 Byte
20220313 013240.017 INFO             PET0 PIOc_freedecomp Enter - MemInfo: [malloc] Total allocated space:                       2713040 Byte
20220313 013240.017 INFO             PET0 PIOc_freedecomp Enter - MemInfo: [malloc] Total free space:                             191024 Byte
20220313 013240.017 INFO             PET0 PIOc_freedecomp Enter - MemInfo: [malloc] Top-most, releasable space:                    40944 Byte
20220313 013240.017 INFO             PET0 PIOc_freedecomp Enter - MemInfo: [malloc] Total space in use, mmap + non-mmap:        88712656 Byte
20220313 013240.017 INFO             PET0 PIOc_freedecomp Enter - MemInfo: [malloc] Total space held (mmap + non-mmap):         88903680 Byte
20220313 013240.017 INFO             PET0 PIOc_freedecomp Enter - MemInfo: [malloc] Total space used (mmap + non-mmap):         88722016 Byte
20220313 013240.017 INFO             PET0 PIOc_freedecomp Enter - MemInfo: Wall-clock time since execution start:              0.0282955 seconds
20220313 013240.017 INFO             PET0 PIOc_freedecomp Exit - MemInfo: [/proc/meminfo - SSI]	MemTotal:       131394444 kB
20220313 013240.017 INFO             PET0 PIOc_freedecomp Exit - MemInfo: [/proc/meminfo - SSI]	MemFree:        123728416 kB
20220313 013240.017 INFO             PET0 PIOc_freedecomp Exit - MemInfo: [/proc/meminfo - SSI]	MemAvailable:   123446564 kB
20220313 013240.017 INFO             PET0 PIOc_freedecomp Exit - MemInfo: [/proc/meminfo - SSI]	Committed_AS:    4281096 kB
20220313 013240.017 INFO             PET0 PIOc_freedecomp Exit - MemInfo: [/proc/meminfo - SSI]	CommittedPercent: 3.2582 %
20220313 013240.017 INFO             PET0 PIOc_freedecomp Exit - MemInfo: [/proc/self/status]	VmPeak:	 3856736 kB
20220313 013240.017 INFO             PET0 PIOc_freedecomp Exit - MemInfo: [/proc/self/status]	VmSize:	 3854168 kB
20220313 013240.017 INFO             PET0 PIOc_freedecomp Exit - MemInfo: [/proc/self/status]	VmLck:	       0 kB
20220313 013240.018 INFO             PET0 PIOc_freedecomp Exit - MemInfo: [/proc/self/status]	VmPin:	   82140 kB
20220313 013240.018 INFO             PET0 PIOc_freedecomp Exit - MemInfo: [/proc/self/status]	VmHWM:	  170816 kB
20220313 013240.018 INFO             PET0 PIOc_freedecomp Exit - MemInfo: [/proc/self/status]	VmRSS:	  168768 kB
20220313 013240.018 INFO             PET0 PIOc_freedecomp Exit - MemInfo: [/proc/self/status]	VmData:	  270808 kB
20220313 013240.018 INFO             PET0 PIOc_freedecomp Exit - MemInfo: [/proc/self/status]	VmStk:	     512 kB
20220313 013240.018 INFO             PET0 PIOc_freedecomp Exit - MemInfo: [/proc/self/status]	VmExe:	    1808 kB
20220313 013240.018 INFO             PET0 PIOc_freedecomp Exit - MemInfo: [/proc/self/status]	VmLib:	  156408 kB
20220313 013240.018 INFO             PET0 PIOc_freedecomp Exit - MemInfo: [/proc/self/status]	VmPTE:	     816 kB
20220313 013240.018 INFO             PET0 PIOc_freedecomp Exit - MemInfo: [/proc/self/status]	VmPMD:	      32 kB
20220313 013240.018 INFO             PET0 PIOc_freedecomp Exit - MemInfo: [/proc/self/status]	VmSwap:	       0 kB
20220313 013240.018 INFO             PET0 PIOc_freedecomp Exit - MemInfo: [/proc/self/status]	VmRSSPercent: 0.128444 %
20220313 013240.018 INFO             PET0 PIOc_freedecomp Exit - MemInfo: [malloc] Non-mmapped space allocated:                 2904064 Byte
20220313 013240.018 INFO             PET0 PIOc_freedecomp Exit - MemInfo: [malloc] Space allocated in mmapped regions:         85999616 Byte
20220313 013240.018 INFO             PET0 PIOc_freedecomp Exit - MemInfo: [malloc] Maximum total allocated space:                     0 Byte
20220313 013240.018 INFO             PET0 PIOc_freedecomp Exit - MemInfo: [malloc] Space in freed fastbin blocks:                   784 Byte
20220313 013240.018 INFO             PET0 PIOc_freedecomp Exit - MemInfo: [malloc] Total allocated space:                       2707456 Byte
20220313 013240.018 INFO             PET0 PIOc_freedecomp Exit - MemInfo: [malloc] Total free space:                             196608 Byte
20220313 013240.018 INFO             PET0 PIOc_freedecomp Exit - MemInfo: [malloc] Top-most, releasable space:                    40944 Byte
20220313 013240.018 INFO             PET0 PIOc_freedecomp Exit - MemInfo: [malloc] Total space in use, mmap + non-mmap:        88707072 Byte
20220313 013240.018 INFO             PET0 PIOc_freedecomp Exit - MemInfo: [malloc] Total space held (mmap + non-mmap):         88903680 Byte
20220313 013240.018 INFO             PET0 PIOc_freedecomp Exit - MemInfo: [malloc] Total space used (mmap + non-mmap):         88716448 Byte
20220313 013240.018 INFO             PET0 PIOc_freedecomp Exit - MemInfo: Wall-clock time since execution start:              0.0288313 seconds
20220313 013240.018 INFO             PET0  PASS  ArrayBundleWrite Single file Test, ESMF_ArrayBundleIOUTest.F90, line 167
20220313 013240.022 INFO             PET0 PIOc_sync Enter - MemInfo: [/proc/meminfo - SSI]	MemTotal:       131394444 kB
20220313 013240.022 INFO             PET0 PIOc_sync Enter - MemInfo: [/proc/meminfo - SSI]	MemFree:        123728120 kB
20220313 013240.022 INFO             PET0 PIOc_sync Enter - MemInfo: [/proc/meminfo - SSI]	MemAvailable:   123445308 kB
20220313 013240.022 INFO             PET0 PIOc_sync Enter - MemInfo: [/proc/meminfo - SSI]	Committed_AS:    4281096 kB
20220313 013240.022 INFO             PET0 PIOc_sync Enter - MemInfo: [/proc/meminfo - SSI]	CommittedPercent: 3.2582 %
20220313 013240.022 INFO             PET0 PIOc_sync Enter - MemInfo: [/proc/self/status]	VmPeak:	 3856800 kB
20220313 013240.022 INFO             PET0 PIOc_sync Enter - MemInfo: [/proc/self/status]	VmSize:	 3856800 kB
20220313 013240.022 INFO             PET0 PIOc_sync Enter - MemInfo: [/proc/self/status]	VmLck:	       0 kB
20220313 013240.022 INFO             PET0 PIOc_sync Enter - MemInfo: [/proc/self/status]	VmPin:	   82140 kB
20220313 013240.022 INFO             PET0 PIOc_sync Enter - MemInfo: [/proc/self/status]	VmHWM:	  171100 kB
20220313 013240.022 INFO             PET0 PIOc_sync Enter - MemInfo: [/proc/self/status]	VmRSS:	  171100 kB
20220313 013240.022 INFO             PET0 PIOc_sync Enter - MemInfo: [/proc/self/status]	VmData:	  273440 kB
20220313 013240.022 INFO             PET0 PIOc_sync Enter - MemInfo: [/proc/self/status]	VmStk:	     512 kB
20220313 013240.022 INFO             PET0 PIOc_sync Enter - MemInfo: [/proc/self/status]	VmExe:	    1808 kB
20220313 013240.022 INFO             PET0 PIOc_sync Enter - MemInfo: [/proc/self/status]	VmLib:	  156408 kB
20220313 013240.023 INFO             PET0 PIOc_sync Enter - MemInfo: [/proc/self/status]	VmPTE:	     820 kB
20220313 013240.023 INFO             PET0 PIOc_sync Enter - MemInfo: [/proc/self/status]	VmPMD:	      32 kB
20220313 013240.023 INFO             PET0 PIOc_sync Enter - MemInfo: [/proc/self/status]	VmSwap:	       0 kB
20220313 013240.023 INFO             PET0 PIOc_sync Enter - MemInfo: [/proc/self/status]	VmRSSPercent: 0.130219 %
20220313 013240.023 INFO             PET0 PIOc_sync Enter - MemInfo: [malloc] Non-mmapped space allocated:                 5599232 Byte
20220313 013240.023 INFO             PET0 PIOc_sync Enter - MemInfo: [malloc] Space allocated in mmapped regions:         85999616 Byte
20220313 013240.023 INFO             PET0 PIOc_sync Enter - MemInfo: [malloc] Maximum total allocated space:                     0 Byte
20220313 013240.023 INFO             PET0 PIOc_sync Enter - MemInfo: [malloc] Space in freed fastbin blocks:                   368 Byte
20220313 013240.023 INFO             PET0 PIOc_sync Enter - MemInfo: [malloc] Total allocated space:                       5371568 Byte
20220313 013240.023 INFO             PET0 PIOc_sync Enter - MemInfo: [malloc] Total free space:                             227664 Byte
20220313 013240.023 INFO             PET0 PIOc_sync Enter - MemInfo: [malloc] Top-most, releasable space:                    88704 Byte
20220313 013240.023 INFO             PET0 PIOc_sync Enter - MemInfo: [malloc] Total space in use, mmap + non-mmap:        91371184 Byte
20220313 013240.023 INFO             PET0 PIOc_sync Enter - MemInfo: [malloc] Total space held (mmap + non-mmap):         91598848 Byte
20220313 013240.023 INFO             PET0 PIOc_sync Enter - MemInfo: [malloc] Total space used (mmap + non-mmap):         91380544 Byte
20220313 013240.023 INFO             PET0 PIOc_sync Enter - MemInfo: Wall-clock time since execution start:              0.0337447 seconds
20220313 013240.023 INFO             PET0 PIOc_sync Exit - MemInfo: [/proc/meminfo - SSI]	MemTotal:       131394444 kB
20220313 013240.023 INFO             PET0 PIOc_sync Exit - MemInfo: [/proc/meminfo - SSI]	MemFree:        123728120 kB
20220313 013240.023 INFO             PET0 PIOc_sync Exit - MemInfo: [/proc/meminfo - SSI]	MemAvailable:   123445308 kB
20220313 013240.023 INFO             PET0 PIOc_sync Exit - MemInfo: [/proc/meminfo - SSI]	Committed_AS:    4281096 kB
20220313 013240.023 INFO             PET0 PIOc_sync Exit - MemInfo: [/proc/meminfo - SSI]	CommittedPercent: 3.2582 %
20220313 013240.023 INFO             PET0 PIOc_sync Exit - MemInfo: [/proc/self/status]	VmPeak:	 3856800 kB
20220313 013240.023 INFO             PET0 PIOc_sync Exit - MemInfo: [/proc/self/status]	VmSize:	 3856800 kB
20220313 013240.023 INFO             PET0 PIOc_sync Exit - MemInfo: [/proc/self/status]	VmLck:	       0 kB
20220313 013240.023 INFO             PET0 PIOc_sync Exit - MemInfo: [/proc/self/status]	VmPin:	   82140 kB
20220313 013240.023 INFO             PET0 PIOc_sync Exit - MemInfo: [/proc/self/status]	VmHWM:	  171160 kB
20220313 013240.023 INFO             PET0 PIOc_sync Exit - MemInfo: [/proc/self/status]	VmRSS:	  171160 kB
20220313 013240.023 INFO             PET0 PIOc_sync Exit - MemInfo: [/proc/self/status]	VmData:	  273440 kB
20220313 013240.023 INFO             PET0 PIOc_sync Exit - MemInfo: [/proc/self/status]	VmStk:	     512 kB
20220313 013240.023 INFO             PET0 PIOc_sync Exit - MemInfo: [/proc/self/status]	VmExe:	    1808 kB
20220313 013240.024 INFO             PET0 PIOc_sync Exit - MemInfo: [/proc/self/status]	VmLib:	  156408 kB
20220313 013240.024 INFO             PET0 PIOc_sync Exit - MemInfo: [/proc/self/status]	VmPTE:	     820 kB
20220313 013240.024 INFO             PET0 PIOc_sync Exit - MemInfo: [/proc/self/status]	VmPMD:	      32 kB
20220313 013240.024 INFO             PET0 PIOc_sync Exit - MemInfo: [/proc/self/status]	VmSwap:	       0 kB
20220313 013240.024 INFO             PET0 PIOc_sync Exit - MemInfo: [/proc/self/status]	VmRSSPercent: 0.130264 %
20220313 013240.024 INFO             PET0 PIOc_sync Exit - MemInfo: [malloc] Non-mmapped space allocated:                 5599232 Byte
20220313 013240.024 INFO             PET0 PIOc_sync Exit - MemInfo: [malloc] Space allocated in mmapped regions:         85999616 Byte
20220313 013240.024 INFO             PET0 PIOc_sync Exit - MemInfo: [malloc] Maximum total allocated space:                     0 Byte
20220313 013240.024 INFO             PET0 PIOc_sync Exit - MemInfo: [malloc] Space in freed fastbin blocks:                   400 Byte
20220313 013240.024 INFO             PET0 PIOc_sync Exit - MemInfo: [malloc] Total allocated space:                       5368256 Byte
20220313 013240.024 INFO             PET0 PIOc_sync Exit - MemInfo: [malloc] Total free space:                             230976 Byte
20220313 013240.024 INFO             PET0 PIOc_sync Exit - MemInfo: [malloc] Top-most, releasable space:                    88704 Byte
20220313 013240.024 INFO             PET0 PIOc_sync Exit - MemInfo: [malloc] Total space in use, mmap + non-mmap:        91367872 Byte
20220313 013240.024 INFO             PET0 PIOc_sync Exit - MemInfo: [malloc] Total space held (mmap + non-mmap):         91598848 Byte
20220313 013240.024 INFO             PET0 PIOc_sync Exit - MemInfo: [malloc] Total space used (mmap + non-mmap):         91377232 Byte
20220313 013240.024 INFO             PET0 PIOc_sync Exit - MemInfo: Wall-clock time since execution start:              0.0347684 seconds
20220313 013240.024 INFO             PET0 PIOc_freedecomp Enter - MemInfo: [/proc/meminfo - SSI]	MemTotal:       131394444 kB
20220313 013240.024 INFO             PET0 PIOc_freedecomp Enter - MemInfo: [/proc/meminfo - SSI]	MemFree:        123728120 kB
20220313 013240.024 INFO             PET0 PIOc_freedecomp Enter - MemInfo: [/proc/meminfo - SSI]	MemAvailable:   123445308 kB
20220313 013240.024 INFO             PET0 PIOc_freedecomp Enter - MemInfo: [/proc/meminfo - SSI]	Committed_AS:    4281096 kB
20220313 013240.024 INFO             PET0 PIOc_freedecomp Enter - MemInfo: [/proc/meminfo - SSI]	CommittedPercent: 3.2582 %
20220313 013240.024 INFO             PET0 PIOc_freedecomp Enter - MemInfo: [/proc/self/status]	VmPeak:	 3856800 kB
20220313 013240.024 INFO             PET0 PIOc_freedecomp Enter - MemInfo: [/proc/self/status]	VmSize:	 3856800 kB
20220313 013240.024 INFO             PET0 PIOc_freedecomp Enter - MemInfo: [/proc/self/status]	VmLck:	       0 kB
20220313 013240.024 INFO             PET0 PIOc_freedecomp Enter - MemInfo: [/proc/self/status]	VmPin:	   82140 kB
20220313 013240.024 INFO             PET0 PIOc_freedecomp Enter - MemInfo: [/proc/self/status]	VmHWM:	  171160 kB
20220313 013240.024 INFO             PET0 PIOc_freedecomp Enter - MemInfo: [/proc/self/status]	VmRSS:	  171160 kB
20220313 013240.024 INFO             PET0 PIOc_freedecomp Enter - MemInfo: [/proc/self/status]	VmData:	  273440 kB
20220313 013240.024 INFO             PET0 PIOc_freedecomp Enter - MemInfo: [/proc/self/status]	VmStk:	     512 kB
20220313 013240.024 INFO             PET0 PIOc_freedecomp Enter - MemInfo: [/proc/self/status]	VmExe:	    1808 kB
20220313 013240.024 INFO             PET0 PIOc_freedecomp Enter - MemInfo: [/proc/self/status]	VmLib:	  156408 kB
20220313 013240.024 INFO             PET0 PIOc_freedecomp Enter - MemInfo: [/proc/self/status]	VmPTE:	     820 kB
20220313 013240.024 INFO             PET0 PIOc_freedecomp Enter - MemInfo: [/proc/self/status]	VmPMD:	      32 kB
20220313 013240.024 INFO             PET0 PIOc_freedecomp Enter - MemInfo: [/proc/self/status]	VmSwap:	       0 kB
20220313 013240.024 INFO             PET0 PIOc_freedecomp Enter - MemInfo: [/proc/self/status]	VmRSSPercent: 0.130264 %
20220313 013240.024 INFO             PET0 PIOc_freedecomp Enter - MemInfo: [malloc] Non-mmapped space allocated:                 5599232 Byte
20220313 013240.024 INFO             PET0 PIOc_freedecomp Enter - MemInfo: [malloc] Space allocated in mmapped regions:         85999616 Byte
20220313 013240.024 INFO             PET0 PIOc_freedecomp Enter - MemInfo: [malloc] Maximum total allocated space:                     0 Byte
20220313 013240.024 INFO             PET0 PIOc_freedecomp Enter - MemInfo: [malloc] Space in freed fastbin blocks:                   688 Byte
20220313 013240.024 INFO             PET0 PIOc_freedecomp Enter - MemInfo: [malloc] Total allocated space:                       2731888 Byte
20220313 013240.024 INFO             PET0 PIOc_freedecomp Enter - MemInfo: [malloc] Total free space:                            2867344 Byte
20220313 013240.024 INFO             PET0 PIOc_freedecomp Enter - MemInfo: [malloc] Top-most, releasable space:                    88704 Byte
20220313 013240.024 INFO             PET0 PIOc_freedecomp Enter - MemInfo: [malloc] Total space in use, mmap + non-mmap:        88731504 Byte
20220313 013240.024 INFO             PET0 PIOc_freedecomp Enter - MemInfo: [malloc] Total space held (mmap + non-mmap):         91598848 Byte
20220313 013240.024 INFO             PET0 PIOc_freedecomp Enter - MemInfo: [malloc] Total space used (mmap + non-mmap):         88740864 Byte
20220313 013240.024 INFO             PET0 PIOc_freedecomp Enter - MemInfo: Wall-clock time since execution start:              0.0353919 seconds
20220313 013240.024 INFO             PET0 PIOc_freedecomp Exit - MemInfo: [/proc/meminfo - SSI]	MemTotal:       131394444 kB
20220313 013240.024 INFO             PET0 PIOc_freedecomp Exit - MemInfo: [/proc/meminfo - SSI]	MemFree:        123728120 kB
20220313 013240.024 INFO             PET0 PIOc_freedecomp Exit - MemInfo: [/proc/meminfo - SSI]	MemAvailable:   123445308 kB
20220313 013240.024 INFO             PET0 PIOc_freedecomp Exit - MemInfo: [/proc/meminfo - SSI]	Committed_AS:    4281096 kB
20220313 013240.025 INFO             PET0 PIOc_freedecomp Exit - MemInfo: [/proc/meminfo - SSI]	CommittedPercent: 3.2582 %
20220313 013240.025 INFO             PET0 PIOc_freedecomp Exit - MemInfo: [/proc/self/status]	VmPeak:	 3856800 kB
20220313 013240.025 INFO             PET0 PIOc_freedecomp Exit - MemInfo: [/proc/self/status]	VmSize:	 3856800 kB
20220313 013240.025 INFO             PET0 PIOc_freedecomp Exit - MemInfo: [/proc/self/status]	VmLck:	       0 kB
20220313 013240.025 INFO             PET0 PIOc_freedecomp Exit - MemInfo: [/proc/self/status]	VmPin:	   82140 kB
20220313 013240.025 INFO             PET0 PIOc_freedecomp Exit - MemInfo: [/proc/self/status]	VmHWM:	  171160 kB
20220313 013240.025 INFO             PET0 PIOc_freedecomp Exit - MemInfo: [/proc/self/status]	VmRSS:	  171160 kB
20220313 013240.025 INFO             PET0 PIOc_freedecomp Exit - MemInfo: [/proc/self/status]	VmData:	  273440 kB
20220313 013240.025 INFO             PET0 PIOc_freedecomp Exit - MemInfo: [/proc/self/status]	VmStk:	     512 kB
20220313 013240.025 INFO             PET0 PIOc_freedecomp Exit - MemInfo: [/proc/self/status]	VmExe:	    1808 kB
20220313 013240.025 INFO             PET0 PIOc_freedecomp Exit - MemInfo: [/proc/self/status]	VmLib:	  156408 kB
20220313 013240.025 INFO             PET0 PIOc_freedecomp Exit - MemInfo: [/proc/self/status]	VmPTE:	     820 kB
20220313 013240.025 INFO             PET0 PIOc_freedecomp Exit - MemInfo: [/proc/self/status]	VmPMD:	      32 kB
20220313 013240.025 INFO             PET0 PIOc_freedecomp Exit - MemInfo: [/proc/self/status]	VmSwap:	       0 kB
20220313 013240.025 INFO             PET0 PIOc_freedecomp Exit - MemInfo: [/proc/self/status]	VmRSSPercent: 0.130264 %
20220313 013240.025 INFO             PET0 PIOc_freedecomp Exit - MemInfo: [malloc] Non-mmapped space allocated:                 5599232 Byte
20220313 013240.025 INFO             PET0 PIOc_freedecomp Exit - MemInfo: [malloc] Space allocated in mmapped regions:         85999616 Byte
20220313 013240.025 INFO             PET0 PIOc_freedecomp Exit - MemInfo: [malloc] Maximum total allocated space:                     0 Byte
20220313 013240.025 INFO             PET0 PIOc_freedecomp Exit - MemInfo: [malloc] Space in freed fastbin blocks:                   352 Byte
20220313 013240.025 INFO             PET0 PIOc_freedecomp Exit - MemInfo: [malloc] Total allocated space:                       2718288 Byte
20220313 013240.025 INFO             PET0 PIOc_freedecomp Exit - MemInfo: [malloc] Total free space:                            2880944 Byte
20220313 013240.025 INFO             PET0 PIOc_freedecomp Exit - MemInfo: [malloc] Top-most, releasable space:                   107440 Byte
20220313 013240.025 INFO             PET0 PIOc_freedecomp Exit - MemInfo: [malloc] Total space in use, mmap + non-mmap:        88717904 Byte
20220313 013240.025 INFO             PET0 PIOc_freedecomp Exit - MemInfo: [malloc] Total space held (mmap + non-mmap):         91598848 Byte
20220313 013240.025 INFO             PET0 PIOc_freedecomp Exit - MemInfo: [malloc] Total space used (mmap + non-mmap):         88727264 Byte
20220313 013240.025 INFO             PET0 PIOc_freedecomp Exit - MemInfo: Wall-clock time since execution start:              0.0359176 seconds
20220313 013240.025 INFO             PET0 PIOc_freedecomp Enter - MemInfo: [/proc/meminfo - SSI]	MemTotal:       131394444 kB
20220313 013240.025 INFO             PET0 PIOc_freedecomp Enter - MemInfo: [/proc/meminfo - SSI]	MemFree:        123728120 kB
20220313 013240.025 INFO             PET0 PIOc_freedecomp Enter - MemInfo: [/proc/meminfo - SSI]	MemAvailable:   123445308 kB
20220313 013240.025 INFO             PET0 PIOc_freedecomp Enter - MemInfo: [/proc/meminfo - SSI]	Committed_AS:    4281096 kB
20220313 013240.025 INFO             PET0 PIOc_freedecomp Enter - MemInfo: [/proc/meminfo - SSI]	CommittedPercent: 3.2582 %
20220313 013240.025 INFO             PET0 PIOc_freedecomp Enter - MemInfo: [/proc/self/status]	VmPeak:	 3856800 kB
20220313 013240.025 INFO             PET0 PIOc_freedecomp Enter - MemInfo: [/proc/self/status]	VmSize:	 3856800 kB
20220313 013240.025 INFO             PET0 PIOc_freedecomp Enter - MemInfo: [/proc/self/status]	VmLck:	       0 kB
20220313 013240.025 INFO             PET0 PIOc_freedecomp Enter - MemInfo: [/proc/self/status]	VmPin:	   82140 kB
20220313 013240.025 INFO             PET0 PIOc_freedecomp Enter - MemInfo: [/proc/self/status]	VmHWM:	  171160 kB
20220313 013240.025 INFO             PET0 PIOc_freedecomp Enter - MemInfo: [/proc/self/status]	VmRSS:	  171160 kB
20220313 013240.025 INFO             PET0 PIOc_freedecomp Enter - MemInfo: [/proc/self/status]	VmData:	  273440 kB
20220313 013240.025 INFO             PET0 PIOc_freedecomp Enter - MemInfo: [/proc/self/status]	VmStk:	     512 kB
20220313 013240.025 INFO             PET0 PIOc_freedecomp Enter - MemInfo: [/proc/self/status]	VmExe:	    1808 kB
20220313 013240.025 INFO             PET0 PIOc_freedecomp Enter - MemInfo: [/proc/self/status]	VmLib:	  156408 kB
20220313 013240.025 INFO             PET0 PIOc_freedecomp Enter - MemInfo: [/proc/self/status]	VmPTE:	     820 kB
20220313 013240.025 INFO             PET0 PIOc_freedecomp Enter - MemInfo: [/proc/self/status]	VmPMD:	      32 kB
20220313 013240.025 INFO             PET0 PIOc_freedecomp Enter - MemInfo: [/proc/self/status]	VmSwap:	       0 kB
20220313 013240.025 INFO             PET0 PIOc_freedecomp Enter - MemInfo: [/proc/self/status]	VmRSSPercent: 0.130264 %
20220313 013240.025 INFO             PET0 PIOc_freedecomp Enter - MemInfo: [malloc] Non-mmapped space allocated:                 5599232 Byte
20220313 013240.025 INFO             PET0 PIOc_freedecomp Enter - MemInfo: [malloc] Space allocated in mmapped regions:         85999616 Byte
20220313 013240.025 INFO             PET0 PIOc_freedecomp Enter - MemInfo: [malloc] Maximum total allocated space:                     0 Byte
20220313 013240.025 INFO             PET0 PIOc_freedecomp Enter - MemInfo: [malloc] Space in freed fastbin blocks:                   512 Byte
20220313 013240.025 INFO             PET0 PIOc_freedecomp Enter - MemInfo: [malloc] Total allocated space:                       2718144 Byte
20220313 013240.025 INFO             PET0 PIOc_freedecomp Enter - MemInfo: [malloc] Total free space:                            2881088 Byte
20220313 013240.025 INFO             PET0 PIOc_freedecomp Enter - MemInfo: [malloc] Top-most, releasable space:                   107440 Byte
20220313 013240.025 INFO             PET0 PIOc_freedecomp Enter - MemInfo: [malloc] Total space in use, mmap + non-mmap:        88717760 Byte
20220313 013240.025 INFO             PET0 PIOc_freedecomp Enter - MemInfo: [malloc] Total space held (mmap + non-mmap):         91598848 Byte
20220313 013240.025 INFO             PET0 PIOc_freedecomp Enter - MemInfo: [malloc] Total space used (mmap + non-mmap):         88727120 Byte
20220313 013240.025 INFO             PET0 PIOc_freedecomp Enter - MemInfo: Wall-clock time since execution start:              0.0364368 seconds
20220313 013240.025 INFO             PET0 PIOc_freedecomp Exit - MemInfo: [/proc/meminfo - SSI]	MemTotal:       131394444 kB
20220313 013240.026 INFO             PET0 PIOc_freedecomp Exit - MemInfo: [/proc/meminfo - SSI]	MemFree:        123728120 kB
20220313 013240.026 INFO             PET0 PIOc_freedecomp Exit - MemInfo: [/proc/meminfo - SSI]	MemAvailable:   123445308 kB
20220313 013240.026 INFO             PET0 PIOc_freedecomp Exit - MemInfo: [/proc/meminfo - SSI]	Committed_AS:    4281096 kB
20220313 013240.026 INFO             PET0 PIOc_freedecomp Exit - MemInfo: [/proc/meminfo - SSI]	CommittedPercent: 3.2582 %
20220313 013240.026 INFO             PET0 PIOc_freedecomp Exit - MemInfo: [/proc/self/status]	VmPeak:	 3856800 kB
20220313 013240.026 INFO             PET0 PIOc_freedecomp Exit - MemInfo: [/proc/self/status]	VmSize:	 3856800 kB
20220313 013240.026 INFO             PET0 PIOc_freedecomp Exit - MemInfo: [/proc/self/status]	VmLck:	       0 kB
20220313 013240.026 INFO             PET0 PIOc_freedecomp Exit - MemInfo: [/proc/self/status]	VmPin:	   82140 kB
20220313 013240.026 INFO             PET0 PIOc_freedecomp Exit - MemInfo: [/proc/self/status]	VmHWM:	  171160 kB
20220313 013240.026 INFO             PET0 PIOc_freedecomp Exit - MemInfo: [/proc/self/status]	VmRSS:	  171160 kB
20220313 013240.026 INFO             PET0 PIOc_freedecomp Exit - MemInfo: [/proc/self/status]	VmData:	  273440 kB
20220313 013240.026 INFO             PET0 PIOc_freedecomp Exit - MemInfo: [/proc/self/status]	VmStk:	     512 kB
20220313 013240.026 INFO             PET0 PIOc_freedecomp Exit - MemInfo: [/proc/self/status]	VmExe:	    1808 kB
20220313 013240.026 INFO             PET0 PIOc_freedecomp Exit - MemInfo: [/proc/self/status]	VmLib:	  156408 kB
20220313 013240.026 INFO             PET0 PIOc_freedecomp Exit - MemInfo: [/proc/self/status]	VmPTE:	     820 kB
20220313 013240.026 INFO             PET0 PIOc_freedecomp Exit - MemInfo: [/proc/self/status]	VmPMD:	      32 kB
20220313 013240.026 INFO             PET0 PIOc_freedecomp Exit - MemInfo: [/proc/self/status]	VmSwap:	       0 kB
20220313 013240.026 INFO             PET0 PIOc_freedecomp Exit - MemInfo: [/proc/self/status]	VmRSSPercent: 0.130264 %
20220313 013240.026 INFO             PET0 PIOc_freedecomp Exit - MemInfo: [malloc] Non-mmapped space allocated:                 5599232 Byte
20220313 013240.026 INFO             PET0 PIOc_freedecomp Exit - MemInfo: [malloc] Space allocated in mmapped regions:         85999616 Byte
20220313 013240.026 INFO             PET0 PIOc_freedecomp Exit - MemInfo: [malloc] Maximum total allocated space:                     0 Byte
20220313 013240.026 INFO             PET0 PIOc_freedecomp Exit - MemInfo: [malloc] Space in freed fastbin blocks:                   352 Byte
20220313 013240.026 INFO             PET0 PIOc_freedecomp Exit - MemInfo: [malloc] Total allocated space:                       2713184 Byte
20220313 013240.026 INFO             PET0 PIOc_freedecomp Exit - MemInfo: [malloc] Total free space:                            2886048 Byte
20220313 013240.026 INFO             PET0 PIOc_freedecomp Exit - MemInfo: [malloc] Top-most, releasable space:                   111248 Byte
20220313 013240.026 INFO             PET0 PIOc_freedecomp Exit - MemInfo: [malloc] Total space in use, mmap + non-mmap:        88712800 Byte
20220313 013240.026 INFO             PET0 PIOc_freedecomp Exit - MemInfo: [malloc] Total space held (mmap + non-mmap):         91598848 Byte
20220313 013240.026 INFO             PET0 PIOc_freedecomp Exit - MemInfo: [malloc] Total space used (mmap + non-mmap):         88722160 Byte
20220313 013240.026 INFO             PET0 PIOc_freedecomp Exit - MemInfo: Wall-clock time since execution start:              0.0369562 seconds
20220313 013240.026 INFO             PET0 PIOc_freedecomp Enter - MemInfo: [/proc/meminfo - SSI]	MemTotal:       131394444 kB
20220313 013240.026 INFO             PET0 PIOc_freedecomp Enter - MemInfo: [/proc/meminfo - SSI]	MemFree:        123728120 kB
20220313 013240.026 INFO             PET0 PIOc_freedecomp Enter - MemInfo: [/proc/meminfo - SSI]	MemAvailable:   123445308 kB
20220313 013240.026 INFO             PET0 PIOc_freedecomp Enter - MemInfo: [/proc/meminfo - SSI]	Committed_AS:    4281096 kB
20220313 013240.026 INFO             PET0 PIOc_freedecomp Enter - MemInfo: [/proc/meminfo - SSI]	CommittedPercent: 3.2582 %
20220313 013240.026 INFO             PET0 PIOc_freedecomp Enter - MemInfo: [/proc/self/status]	VmPeak:	 3856800 kB
20220313 013240.026 INFO             PET0 PIOc_freedecomp Enter - MemInfo: [/proc/self/status]	VmSize:	 3856800 kB
20220313 013240.026 INFO             PET0 PIOc_freedecomp Enter - MemInfo: [/proc/self/status]	VmLck:	       0 kB
20220313 013240.026 INFO             PET0 PIOc_freedecomp Enter - MemInfo: [/proc/self/status]	VmPin:	   82140 kB
20220313 013240.026 INFO             PET0 PIOc_freedecomp Enter - MemInfo: [/proc/self/status]	VmHWM:	  171160 kB
20220313 013240.026 INFO             PET0 PIOc_freedecomp Enter - MemInfo: [/proc/self/status]	VmRSS:	  171160 kB
20220313 013240.026 INFO             PET0 PIOc_freedecomp Enter - MemInfo: [/proc/self/status]	VmData:	  273440 kB
20220313 013240.026 INFO             PET0 PIOc_freedecomp Enter - MemInfo: [/proc/self/status]	VmStk:	     512 kB
20220313 013240.026 INFO             PET0 PIOc_freedecomp Enter - MemInfo: [/proc/self/status]	VmExe:	    1808 kB
20220313 013240.026 INFO             PET0 PIOc_freedecomp Enter - MemInfo: [/proc/self/status]	VmLib:	  156408 kB
20220313 013240.026 INFO             PET0 PIOc_freedecomp Enter - MemInfo: [/proc/self/status]	VmPTE:	     820 kB
20220313 013240.026 INFO             PET0 PIOc_freedecomp Enter - MemInfo: [/proc/self/status]	VmPMD:	      32 kB
20220313 013240.026 INFO             PET0 PIOc_freedecomp Enter - MemInfo: [/proc/self/status]	VmSwap:	       0 kB
20220313 013240.026 INFO             PET0 PIOc_freedecomp Enter - MemInfo: [/proc/self/status]	VmRSSPercent: 0.130264 %
20220313 013240.026 INFO             PET0 PIOc_freedecomp Enter - MemInfo: [malloc] Non-mmapped space allocated:                 5599232 Byte
20220313 013240.026 INFO             PET0 PIOc_freedecomp Enter - MemInfo: [malloc] Space allocated in mmapped regions:         85999616 Byte
20220313 013240.026 INFO             PET0 PIOc_freedecomp Enter - MemInfo: [malloc] Maximum total allocated space:                     0 Byte
20220313 013240.026 INFO             PET0 PIOc_freedecomp Enter - MemInfo: [malloc] Space in freed fastbin blocks:                   512 Byte
20220313 013240.026 INFO             PET0 PIOc_freedecomp Enter - MemInfo: [malloc] Total allocated space:                       2713040 Byte
20220313 013240.026 INFO             PET0 PIOc_freedecomp Enter - MemInfo: [malloc] Total free space:                            2886192 Byte
20220313 013240.026 INFO             PET0 PIOc_freedecomp Enter - MemInfo: [malloc] Top-most, releasable space:                   111248 Byte
20220313 013240.026 INFO             PET0 PIOc_freedecomp Enter - MemInfo: [malloc] Total space in use, mmap + non-mmap:        88712656 Byte
20220313 013240.026 INFO             PET0 PIOc_freedecomp Enter - MemInfo: [malloc] Total space held (mmap + non-mmap):         91598848 Byte
20220313 013240.026 INFO             PET0 PIOc_freedecomp Enter - MemInfo: [malloc] Total space used (mmap + non-mmap):         88722032 Byte
20220313 013240.026 INFO             PET0 PIOc_freedecomp Enter - MemInfo: Wall-clock time since execution start:               0.037472 seconds
20220313 013240.027 INFO             PET0 PIOc_freedecomp Exit - MemInfo: [/proc/meminfo - SSI]	MemTotal:       131394444 kB
20220313 013240.027 INFO             PET0 PIOc_freedecomp Exit - MemInfo: [/proc/meminfo - SSI]	MemFree:        123728120 kB
20220313 013240.027 INFO             PET0 PIOc_freedecomp Exit - MemInfo: [/proc/meminfo - SSI]	MemAvailable:   123445308 kB
20220313 013240.027 INFO             PET0 PIOc_freedecomp Exit - MemInfo: [/proc/meminfo - SSI]	Committed_AS:    4281096 kB
20220313 013240.027 INFO             PET0 PIOc_freedecomp Exit - MemInfo: [/proc/meminfo - SSI]	CommittedPercent: 3.2582 %
20220313 013240.027 INFO             PET0 PIOc_freedecomp Exit - MemInfo: [/proc/self/status]	VmPeak:	 3856800 kB
20220313 013240.027 INFO             PET0 PIOc_freedecomp Exit - MemInfo: [/proc/self/status]	VmSize:	 3856800 kB
20220313 013240.027 INFO             PET0 PIOc_freedecomp Exit - MemInfo: [/proc/self/status]	VmLck:	       0 kB
20220313 013240.027 INFO             PET0 PIOc_freedecomp Exit - MemInfo: [/proc/self/status]	VmPin:	   82140 kB
20220313 013240.027 INFO             PET0 PIOc_freedecomp Exit - MemInfo: [/proc/self/status]	VmHWM:	  171160 kB
20220313 013240.027 INFO             PET0 PIOc_freedecomp Exit - MemInfo: [/proc/self/status]	VmRSS:	  171160 kB
20220313 013240.027 INFO             PET0 PIOc_freedecomp Exit - MemInfo: [/proc/self/status]	VmData:	  273440 kB
20220313 013240.027 INFO             PET0 PIOc_freedecomp Exit - MemInfo: [/proc/self/status]	VmStk:	     512 kB
20220313 013240.027 INFO             PET0 PIOc_freedecomp Exit - MemInfo: [/proc/self/status]	VmExe:	    1808 kB
20220313 013240.027 INFO             PET0 PIOc_freedecomp Exit - MemInfo: [/proc/self/status]	VmLib:	  156408 kB
20220313 013240.027 INFO             PET0 PIOc_freedecomp Exit - MemInfo: [/proc/self/status]	VmPTE:	     820 kB
20220313 013240.027 INFO             PET0 PIOc_freedecomp Exit - MemInfo: [/proc/self/status]	VmPMD:	      32 kB
20220313 013240.027 INFO             PET0 PIOc_freedecomp Exit - MemInfo: [/proc/self/status]	VmSwap:	       0 kB
20220313 013240.027 INFO             PET0 PIOc_freedecomp Exit - MemInfo: [/proc/self/status]	VmRSSPercent: 0.130264 %
20220313 013240.027 INFO             PET0 PIOc_freedecomp Exit - MemInfo: [malloc] Non-mmapped space allocated:                 5599232 Byte
20220313 013240.027 INFO             PET0 PIOc_freedecomp Exit - MemInfo: [malloc] Space allocated in mmapped regions:         85999616 Byte
20220313 013240.027 INFO             PET0 PIOc_freedecomp Exit - MemInfo: [malloc] Maximum total allocated space:                     0 Byte
20220313 013240.027 INFO             PET0 PIOc_freedecomp Exit - MemInfo: [malloc] Space in freed fastbin blocks:                   352 Byte
20220313 013240.027 INFO             PET0 PIOc_freedecomp Exit - MemInfo: [malloc] Total allocated space:                       2707456 Byte
20220313 013240.027 INFO             PET0 PIOc_freedecomp Exit - MemInfo: [malloc] Total free space:                            2891776 Byte
20220313 013240.027 INFO             PET0 PIOc_freedecomp Exit - MemInfo: [malloc] Top-most, releasable space:                  2753744 Byte
20220313 013240.027 INFO             PET0 PIOc_freedecomp Exit - MemInfo: [malloc] Total space in use, mmap + non-mmap:        88707072 Byte
20220313 013240.027 INFO             PET0 PIOc_freedecomp Exit - MemInfo: [malloc] Total space held (mmap + non-mmap):         91598848 Byte
20220313 013240.027 INFO             PET0 PIOc_freedecomp Exit - MemInfo: [malloc] Total space used (mmap + non-mmap):         88716432 Byte
20220313 013240.027 INFO             PET0 PIOc_freedecomp Exit - MemInfo: Wall-clock time since execution start:              0.0380129 seconds
20220313 013240.027 INFO             PET0  PASS  ArrayBundleWrite Single file with timeslice Test, ESMF_ArrayBundleIOUTest.F90, line 180
20220313 013240.028 INFO             PET0 PIOc_sync Enter - MemInfo: [/proc/meminfo - SSI]	MemTotal:       131394444 kB
20220313 013240.028 INFO             PET0 PIOc_sync Enter - MemInfo: [/proc/meminfo - SSI]	MemFree:        123727624 kB
20220313 013240.028 INFO             PET0 PIOc_sync Enter - MemInfo: [/proc/meminfo - SSI]	MemAvailable:   123444812 kB
20220313 013240.028 INFO             PET0 PIOc_sync Enter - MemInfo: [/proc/meminfo - SSI]	Committed_AS:    4281096 kB
20220313 013240.028 INFO             PET0 PIOc_sync Enter - MemInfo: [/proc/meminfo - SSI]	CommittedPercent: 3.2582 %
20220313 013240.028 INFO             PET0 PIOc_sync Enter - MemInfo: [/proc/self/status]	VmPeak:	 3856800 kB
20220313 013240.028 INFO             PET0 PIOc_sync Enter - MemInfo: [/proc/self/status]	VmSize:	 3856800 kB
20220313 013240.028 INFO             PET0 PIOc_sync Enter - MemInfo: [/proc/self/status]	VmLck:	       0 kB
20220313 013240.028 INFO             PET0 PIOc_sync Enter - MemInfo: [/proc/self/status]	VmPin:	   82140 kB
20220313 013240.028 INFO             PET0 PIOc_sync Enter - MemInfo: [/proc/self/status]	VmHWM:	  171680 kB
20220313 013240.028 INFO             PET0 PIOc_sync Enter - MemInfo: [/proc/self/status]	VmRSS:	  171680 kB
20220313 013240.028 INFO             PET0 PIOc_sync Enter - MemInfo: [/proc/self/status]	VmData:	  273440 kB
20220313 013240.028 INFO             PET0 PIOc_sync Enter - MemInfo: [/proc/self/status]	VmStk:	     512 kB
20220313 013240.028 INFO             PET0 PIOc_sync Enter - MemInfo: [/proc/self/status]	VmExe:	    1808 kB
20220313 013240.028 INFO             PET0 PIOc_sync Enter - MemInfo: [/proc/self/status]	VmLib:	  156408 kB
20220313 013240.028 INFO             PET0 PIOc_sync Enter - MemInfo: [/proc/self/status]	VmPTE:	     820 kB
20220313 013240.028 INFO             PET0 PIOc_sync Enter - MemInfo: [/proc/self/status]	VmPMD:	      32 kB
20220313 013240.029 INFO             PET0 PIOc_sync Enter - MemInfo: [/proc/self/status]	VmSwap:	       0 kB
20220313 013240.029 INFO             PET0 PIOc_sync Enter - MemInfo: [/proc/self/status]	VmRSSPercent: 0.13066 %
20220313 013240.029 INFO             PET0 PIOc_sync Enter - MemInfo: [malloc] Non-mmapped space allocated:                 5599232 Byte
20220313 013240.029 INFO             PET0 PIOc_sync Enter - MemInfo: [malloc] Space allocated in mmapped regions:         85999616 Byte
20220313 013240.029 INFO             PET0 PIOc_sync Enter - MemInfo: [malloc] Maximum total allocated space:                     0 Byte
20220313 013240.029 INFO             PET0 PIOc_sync Enter - MemInfo: [malloc] Space in freed fastbin blocks:                   448 Byte
20220313 013240.029 INFO             PET0 PIOc_sync Enter - MemInfo: [malloc] Total allocated space:                       5349664 Byte
20220313 013240.029 INFO             PET0 PIOc_sync Enter - MemInfo: [malloc] Total free space:                             249568 Byte
20220313 013240.029 INFO             PET0 PIOc_sync Enter - MemInfo: [malloc] Top-most, releasable space:                   115792 Byte
20220313 013240.029 INFO             PET0 PIOc_sync Enter - MemInfo: [malloc] Total space in use, mmap + non-mmap:        91349280 Byte
20220313 013240.029 INFO             PET0 PIOc_sync Enter - MemInfo: [malloc] Total space held (mmap + non-mmap):         91598848 Byte
20220313 013240.029 INFO             PET0 PIOc_sync Enter - MemInfo: [malloc] Total space used (mmap + non-mmap):         91358640 Byte
20220313 013240.029 INFO             PET0 PIOc_sync Enter - MemInfo: Wall-clock time since execution start:              0.0397168 seconds
20220313 013240.029 INFO             PET0 PIOc_sync Exit - MemInfo: [/proc/meminfo - SSI]	MemTotal:       131394444 kB
20220313 013240.029 INFO             PET0 PIOc_sync Exit - MemInfo: [/proc/meminfo - SSI]	MemFree:        123727624 kB
20220313 013240.029 INFO             PET0 PIOc_sync Exit - MemInfo: [/proc/meminfo - SSI]	MemAvailable:   123444812 kB
20220313 013240.029 INFO             PET0 PIOc_sync Exit - MemInfo: [/proc/meminfo - SSI]	Committed_AS:    4281096 kB
20220313 013240.029 INFO             PET0 PIOc_sync Exit - MemInfo: [/proc/meminfo - SSI]	CommittedPercent: 3.2582 %
20220313 013240.029 INFO             PET0 PIOc_sync Exit - MemInfo: [/proc/self/status]	VmPeak:	 3856800 kB
20220313 013240.029 INFO             PET0 PIOc_sync Exit - MemInfo: [/proc/self/status]	VmSize:	 3856800 kB
20220313 013240.029 INFO             PET0 PIOc_sync Exit - MemInfo: [/proc/self/status]	VmLck:	       0 kB
20220313 013240.029 INFO             PET0 PIOc_sync Exit - MemInfo: [/proc/self/status]	VmPin:	   82140 kB
20220313 013240.029 INFO             PET0 PIOc_sync Exit - MemInfo: [/proc/self/status]	VmHWM:	  171724 kB
20220313 013240.029 INFO             PET0 PIOc_sync Exit - MemInfo: [/proc/self/status]	VmRSS:	  171724 kB
20220313 013240.029 INFO             PET0 PIOc_sync Exit - MemInfo: [/proc/self/status]	VmData:	  273440 kB
20220313 013240.029 INFO             PET0 PIOc_sync Exit - MemInfo: [/proc/self/status]	VmStk:	     512 kB
20220313 013240.029 INFO             PET0 PIOc_sync Exit - MemInfo: [/proc/self/status]	VmExe:	    1808 kB
20220313 013240.029 INFO             PET0 PIOc_sync Exit - MemInfo: [/proc/self/status]	VmLib:	  156408 kB
20220313 013240.029 INFO             PET0 PIOc_sync Exit - MemInfo: [/proc/self/status]	VmPTE:	     820 kB
20220313 013240.029 INFO             PET0 PIOc_sync Exit - MemInfo: [/proc/self/status]	VmPMD:	      32 kB
20220313 013240.029 INFO             PET0 PIOc_sync Exit - MemInfo: [/proc/self/status]	VmSwap:	       0 kB
20220313 013240.029 INFO             PET0 PIOc_sync Exit - MemInfo: [/proc/self/status]	VmRSSPercent: 0.130694 %
20220313 013240.029 INFO             PET0 PIOc_sync Exit - MemInfo: [malloc] Non-mmapped space allocated:                 5599232 Byte
20220313 013240.029 INFO             PET0 PIOc_sync Exit - MemInfo: [malloc] Space allocated in mmapped regions:         85999616 Byte
20220313 013240.029 INFO             PET0 PIOc_sync Exit - MemInfo: [malloc] Maximum total allocated space:                     0 Byte
20220313 013240.029 INFO             PET0 PIOc_sync Exit - MemInfo: [malloc] Space in freed fastbin blocks:                   352 Byte
20220313 013240.030 INFO             PET0 PIOc_sync Exit - MemInfo: [malloc] Total allocated space:                       5348192 Byte
20220313 013240.030 INFO             PET0 PIOc_sync Exit - MemInfo: [malloc] Total free space:                             251040 Byte
20220313 013240.030 INFO             PET0 PIOc_sync Exit - MemInfo: [malloc] Top-most, releasable space:                   115792 Byte
20220313 013240.030 INFO             PET0 PIOc_sync Exit - MemInfo: [malloc] Total space in use, mmap + non-mmap:        91347808 Byte
20220313 013240.030 INFO             PET0 PIOc_sync Exit - MemInfo: [malloc] Total space held (mmap + non-mmap):         91598848 Byte
20220313 013240.030 INFO             PET0 PIOc_sync Exit - MemInfo: [malloc] Total space used (mmap + non-mmap):         91357168 Byte
20220313 013240.030 INFO             PET0 PIOc_sync Exit - MemInfo: Wall-clock time since execution start:              0.0406036 seconds
20220313 013240.030 WARNING          PET0 ESMCI_PIO_Handler.C:1501 ESMCI::PIO_Handler::isOpen() File, sep.nc000, closed by PIO
20220313 013240.030 WARNING          PET0 ESMCI_PIO_Handler.C:1501 ESMCI::PIO_Handler::isOpen() File, sep.nc000, closed by PIO
20220313 013240.030 WARNING          PET0 ESMCI_PIO_Handler.C:1501 ESMCI::PIO_Handler::isOpen() File, sep.nc000, closed by PIO
20220313 013240.030 WARNING          PET0 ESMCI_PIO_Handler.C:1501 ESMCI::PIO_Handler::isOpen() File, sep.nc001, closed by PIO
20220313 013240.030 INFO             PET0 PIOc_sync Enter - MemInfo: [/proc/meminfo - SSI]	MemTotal:       131394444 kB
20220313 013240.030 INFO             PET0 PIOc_sync Enter - MemInfo: [/proc/meminfo - SSI]	MemFree:        123727624 kB
20220313 013240.030 INFO             PET0 PIOc_sync Enter - MemInfo: [/proc/meminfo - SSI]	MemAvailable:   123444812 kB
20220313 013240.030 INFO             PET0 PIOc_sync Enter - MemInfo: [/proc/meminfo - SSI]	Committed_AS:    4281096 kB
20220313 013240.030 INFO             PET0 PIOc_sync Enter - MemInfo: [/proc/meminfo - SSI]	CommittedPercent: 3.2582 %
20220313 013240.030 INFO             PET0 PIOc_sync Enter - MemInfo: [/proc/self/status]	VmPeak:	 3856800 kB
20220313 013240.030 INFO             PET0 PIOc_sync Enter - MemInfo: [/proc/self/status]	VmSize:	 3856800 kB
20220313 013240.031 INFO             PET0 PIOc_sync Enter - MemInfo: [/proc/self/status]	VmLck:	       0 kB
20220313 013240.031 INFO             PET0 PIOc_sync Enter - MemInfo: [/proc/self/status]	VmPin:	   82140 kB
20220313 013240.031 INFO             PET0 PIOc_sync Enter - MemInfo: [/proc/self/status]	VmHWM:	  171740 kB
20220313 013240.031 INFO             PET0 PIOc_sync Enter - MemInfo: [/proc/self/status]	VmRSS:	  171740 kB
20220313 013240.031 INFO             PET0 PIOc_sync Enter - MemInfo: [/proc/self/status]	VmData:	  273440 kB
20220313 013240.031 INFO             PET0 PIOc_sync Enter - MemInfo: [/proc/self/status]	VmStk:	     512 kB
20220313 013240.031 INFO             PET0 PIOc_sync Enter - MemInfo: [/proc/self/status]	VmExe:	    1808 kB
20220313 013240.031 INFO             PET0 PIOc_sync Enter - MemInfo: [/proc/self/status]	VmLib:	  156408 kB
20220313 013240.031 INFO             PET0 PIOc_sync Enter - MemInfo: [/proc/self/status]	VmPTE:	     820 kB
20220313 013240.031 INFO             PET0 PIOc_sync Enter - MemInfo: [/proc/self/status]	VmPMD:	      32 kB
20220313 013240.031 INFO             PET0 PIOc_sync Enter - MemInfo: [/proc/self/status]	VmSwap:	       0 kB
20220313 013240.031 INFO             PET0 PIOc_sync Enter - MemInfo: [/proc/self/status]	VmRSSPercent: 0.130706 %
20220313 013240.031 INFO             PET0 PIOc_sync Enter - MemInfo: [malloc] Non-mmapped space allocated:                 5599232 Byte
20220313 013240.031 INFO             PET0 PIOc_sync Enter - MemInfo: [malloc] Space allocated in mmapped regions:         85999616 Byte
20220313 013240.031 INFO             PET0 PIOc_sync Enter - MemInfo: [malloc] Maximum total allocated space:                     0 Byte
20220313 013240.031 INFO             PET0 PIOc_sync Enter - MemInfo: [malloc] Space in freed fastbin blocks:                   448 Byte
20220313 013240.031 INFO             PET0 PIOc_sync Enter - MemInfo: [malloc] Total allocated space:                       5354432 Byte
20220313 013240.031 INFO             PET0 PIOc_sync Enter - MemInfo: [malloc] Total free space:                             244800 Byte
20220313 013240.031 INFO             PET0 PIOc_sync Enter - MemInfo: [malloc] Top-most, releasable space:                   110048 Byte
20220313 013240.031 INFO             PET0 PIOc_sync Enter - MemInfo: [malloc] Total space in use, mmap + non-mmap:        91354048 Byte
20220313 013240.031 INFO             PET0 PIOc_sync Enter - MemInfo: [malloc] Total space held (mmap + non-mmap):         91598848 Byte
20220313 013240.031 INFO             PET0 PIOc_sync Enter - MemInfo: [malloc] Total space used (mmap + non-mmap):         91363408 Byte
20220313 013240.031 INFO             PET0 PIOc_sync Enter - MemInfo: Wall-clock time since execution start:              0.0418496 seconds
20220313 013240.031 INFO             PET0 PIOc_sync Exit - MemInfo: [/proc/meminfo - SSI]	MemTotal:       131394444 kB
20220313 013240.031 INFO             PET0 PIOc_sync Exit - MemInfo: [/proc/meminfo - SSI]	MemFree:        123727624 kB
20220313 013240.031 INFO             PET0 PIOc_sync Exit - MemInfo: [/proc/meminfo - SSI]	MemAvailable:   123444812 kB
20220313 013240.031 INFO             PET0 PIOc_sync Exit - MemInfo: [/proc/meminfo - SSI]	Committed_AS:    4281096 kB
20220313 013240.031 INFO             PET0 PIOc_sync Exit - MemInfo: [/proc/meminfo - SSI]	CommittedPercent: 3.2582 %
20220313 013240.031 INFO             PET0 PIOc_sync Exit - MemInfo: [/proc/self/status]	VmPeak:	 3856800 kB
20220313 013240.031 INFO             PET0 PIOc_sync Exit - MemInfo: [/proc/self/status]	VmSize:	 3856800 kB
20220313 013240.031 INFO             PET0 PIOc_sync Exit - MemInfo: [/proc/self/status]	VmLck:	       0 kB
20220313 013240.031 INFO             PET0 PIOc_sync Exit - MemInfo: [/proc/self/status]	VmPin:	   82140 kB
20220313 013240.031 INFO             PET0 PIOc_sync Exit - MemInfo: [/proc/self/status]	VmHWM:	  171744 kB
20220313 013240.031 INFO             PET0 PIOc_sync Exit - MemInfo: [/proc/self/status]	VmRSS:	  171744 kB
20220313 013240.031 INFO             PET0 PIOc_sync Exit - MemInfo: [/proc/self/status]	VmData:	  273440 kB
20220313 013240.031 INFO             PET0 PIOc_sync Exit - MemInfo: [/proc/self/status]	VmStk:	     512 kB
20220313 013240.031 INFO             PET0 PIOc_sync Exit - MemInfo: [/proc/self/status]	VmExe:	    1808 kB
20220313 013240.031 INFO             PET0 PIOc_sync Exit - MemInfo: [/proc/self/status]	VmLib:	  156408 kB
20220313 013240.031 INFO             PET0 PIOc_sync Exit - MemInfo: [/proc/self/status]	VmPTE:	     820 kB
20220313 013240.032 INFO             PET0 PIOc_sync Exit - MemInfo: [/proc/self/status]	VmPMD:	      32 kB
20220313 013240.032 INFO             PET0 PIOc_sync Exit - MemInfo: [/proc/self/status]	VmSwap:	       0 kB
20220313 013240.032 INFO             PET0 PIOc_sync Exit - MemInfo: [/proc/self/status]	VmRSSPercent: 0.130709 %
20220313 013240.032 INFO             PET0 PIOc_sync Exit - MemInfo: [malloc] Non-mmapped space allocated:                 5599232 Byte
20220313 013240.032 INFO             PET0 PIOc_sync Exit - MemInfo: [malloc] Space allocated in mmapped regions:         85999616 Byte
20220313 013240.032 INFO             PET0 PIOc_sync Exit - MemInfo: [malloc] Maximum total allocated space:                     0 Byte
20220313 013240.032 INFO             PET0 PIOc_sync Exit - MemInfo: [malloc] Space in freed fastbin blocks:                   352 Byte
20220313 013240.032 INFO             PET0 PIOc_sync Exit - MemInfo: [malloc] Total allocated space:                       5353360 Byte
20220313 013240.032 INFO             PET0 PIOc_sync Exit - MemInfo: [malloc] Total free space:                             245872 Byte
20220313 013240.032 INFO             PET0 PIOc_sync Exit - MemInfo: [malloc] Top-most, releasable space:                   110048 Byte
20220313 013240.032 INFO             PET0 PIOc_sync Exit - MemInfo: [malloc] Total space in use, mmap + non-mmap:        91352976 Byte
20220313 013240.032 INFO             PET0 PIOc_sync Exit - MemInfo: [malloc] Total space held (mmap + non-mmap):         91598848 Byte
20220313 013240.032 INFO             PET0 PIOc_sync Exit - MemInfo: [malloc] Total space used (mmap + non-mmap):         91362336 Byte
20220313 013240.032 INFO             PET0 PIOc_sync Exit - MemInfo: Wall-clock time since execution start:              0.0427376 seconds
20220313 013240.032 WARNING          PET0 ESMCI_PIO_Handler.C:1501 ESMCI::PIO_Handler::isOpen() File, sep.nc001, closed by PIO
20220313 013240.032 WARNING          PET0 ESMCI_PIO_Handler.C:1501 ESMCI::PIO_Handler::isOpen() File, sep.nc001, closed by PIO
20220313 013240.032 WARNING          PET0 ESMCI_PIO_Handler.C:1501 ESMCI::PIO_Handler::isOpen() File, sep.nc001, closed by PIO
20220313 013240.032 WARNING          PET0 ESMCI_PIO_Handler.C:1501 ESMCI::PIO_Handler::isOpen() File, sep.nc002, closed by PIO
20220313 013240.033 INFO             PET0 PIOc_sync Enter - MemInfo: [/proc/meminfo - SSI]	MemTotal:       131394444 kB
20220313 013240.033 INFO             PET0 PIOc_sync Enter - MemInfo: [/proc/meminfo - SSI]	MemFree:        123727624 kB
20220313 013240.033 INFO             PET0 PIOc_sync Enter - MemInfo: [/proc/meminfo - SSI]	MemAvailable:   123444812 kB
20220313 013240.033 INFO             PET0 PIOc_sync Enter - MemInfo: [/proc/meminfo - SSI]	Committed_AS:    4281096 kB
20220313 013240.033 INFO             PET0 PIOc_sync Enter - MemInfo: [/proc/meminfo - SSI]	CommittedPercent: 3.2582 %
20220313 013240.033 INFO             PET0 PIOc_sync Enter - MemInfo: [/proc/self/status]	VmPeak:	 3856800 kB
20220313 013240.033 INFO             PET0 PIOc_sync Enter - MemInfo: [/proc/self/status]	VmSize:	 3856800 kB
20220313 013240.033 INFO             PET0 PIOc_sync Enter - MemInfo: [/proc/self/status]	VmLck:	       0 kB
20220313 013240.033 INFO             PET0 PIOc_sync Enter - MemInfo: [/proc/self/status]	VmPin:	   82140 kB
20220313 013240.033 INFO             PET0 PIOc_sync Enter - MemInfo: [/proc/self/status]	VmHWM:	  171756 kB
20220313 013240.033 INFO             PET0 PIOc_sync Enter - MemInfo: [/proc/self/status]	VmRSS:	  171756 kB
20220313 013240.033 INFO             PET0 PIOc_sync Enter - MemInfo: [/proc/self/status]	VmData:	  273440 kB
20220313 013240.033 INFO             PET0 PIOc_sync Enter - MemInfo: [/proc/self/status]	VmStk:	     512 kB
20220313 013240.033 INFO             PET0 PIOc_sync Enter - MemInfo: [/proc/self/status]	VmExe:	    1808 kB
20220313 013240.033 INFO             PET0 PIOc_sync Enter - MemInfo: [/proc/self/status]	VmLib:	  156408 kB
20220313 013240.033 INFO             PET0 PIOc_sync Enter - MemInfo: [/proc/self/status]	VmPTE:	     820 kB
20220313 013240.033 INFO             PET0 PIOc_sync Enter - MemInfo: [/proc/self/status]	VmPMD:	      32 kB
20220313 013240.033 INFO             PET0 PIOc_sync Enter - MemInfo: [/proc/self/status]	VmSwap:	       0 kB
20220313 013240.033 INFO             PET0 PIOc_sync Enter - MemInfo: [/proc/self/status]	VmRSSPercent: 0.130718 %
20220313 013240.033 INFO             PET0 PIOc_sync Enter - MemInfo: [malloc] Non-mmapped space allocated:                 5599232 Byte
20220313 013240.033 INFO             PET0 PIOc_sync Enter - MemInfo: [malloc] Space allocated in mmapped regions:         85999616 Byte
20220313 013240.033 INFO             PET0 PIOc_sync Enter - MemInfo: [malloc] Maximum total allocated space:                     0 Byte
20220313 013240.033 INFO             PET0 PIOc_sync Enter - MemInfo: [malloc] Space in freed fastbin blocks:                   352 Byte
20220313 013240.033 INFO             PET0 PIOc_sync Enter - MemInfo: [malloc] Total allocated space:                       5368992 Byte
20220313 013240.033 INFO             PET0 PIOc_sync Enter - MemInfo: [malloc] Total free space:                             230240 Byte
20220313 013240.033 INFO             PET0 PIOc_sync Enter - MemInfo: [malloc] Top-most, releasable space:                    90160 Byte
20220313 013240.033 INFO             PET0 PIOc_sync Enter - MemInfo: [malloc] Total space in use, mmap + non-mmap:        91368608 Byte
20220313 013240.033 INFO             PET0 PIOc_sync Enter - MemInfo: [malloc] Total space held (mmap + non-mmap):         91598848 Byte
20220313 013240.033 INFO             PET0 PIOc_sync Enter - MemInfo: [malloc] Total space used (mmap + non-mmap):         91377968 Byte
20220313 013240.033 INFO             PET0 PIOc_sync Enter - MemInfo: Wall-clock time since execution start:              0.0441481 seconds
20220313 013240.034 INFO             PET0 PIOc_sync Exit - MemInfo: [/proc/meminfo - SSI]	MemTotal:       131394444 kB
20220313 013240.034 INFO             PET0 PIOc_sync Exit - MemInfo: [/proc/meminfo - SSI]	MemFree:        123727128 kB
20220313 013240.034 INFO             PET0 PIOc_sync Exit - MemInfo: [/proc/meminfo - SSI]	MemAvailable:   123444316 kB
20220313 013240.034 INFO             PET0 PIOc_sync Exit - MemInfo: [/proc/meminfo - SSI]	Committed_AS:    4281096 kB
20220313 013240.034 INFO             PET0 PIOc_sync Exit - MemInfo: [/proc/meminfo - SSI]	CommittedPercent: 3.2582 %
20220313 013240.034 INFO             PET0 PIOc_sync Exit - MemInfo: [/proc/self/status]	VmPeak:	 3856800 kB
20220313 013240.034 INFO             PET0 PIOc_sync Exit - MemInfo: [/proc/self/status]	VmSize:	 3856800 kB
20220313 013240.034 INFO             PET0 PIOc_sync Exit - MemInfo: [/proc/self/status]	VmLck:	       0 kB
20220313 013240.034 INFO             PET0 PIOc_sync Exit - MemInfo: [/proc/self/status]	VmPin:	   82140 kB
20220313 013240.034 INFO             PET0 PIOc_sync Exit - MemInfo: [/proc/self/status]	VmHWM:	  171760 kB
20220313 013240.034 INFO             PET0 PIOc_sync Exit - MemInfo: [/proc/self/status]	VmRSS:	  171760 kB
20220313 013240.034 INFO             PET0 PIOc_sync Exit - MemInfo: [/proc/self/status]	VmData:	  273440 kB
20220313 013240.034 INFO             PET0 PIOc_sync Exit - MemInfo: [/proc/self/status]	VmStk:	     512 kB
20220313 013240.034 INFO             PET0 PIOc_sync Exit - MemInfo: [/proc/self/status]	VmExe:	    1808 kB
20220313 013240.034 INFO             PET0 PIOc_sync Exit - MemInfo: [/proc/self/status]	VmLib:	  156408 kB
20220313 013240.034 INFO             PET0 PIOc_sync Exit - MemInfo: [/proc/self/status]	VmPTE:	     820 kB
20220313 013240.034 INFO             PET0 PIOc_sync Exit - MemInfo: [/proc/self/status]	VmPMD:	      32 kB
20220313 013240.034 INFO             PET0 PIOc_sync Exit - MemInfo: [/proc/self/status]	VmSwap:	       0 kB
20220313 013240.034 INFO             PET0 PIOc_sync Exit - MemInfo: [/proc/self/status]	VmRSSPercent: 0.130721 %
20220313 013240.034 INFO             PET0 PIOc_sync Exit - MemInfo: [malloc] Non-mmapped space allocated:                 5599232 Byte
20220313 013240.034 INFO             PET0 PIOc_sync Exit - MemInfo: [malloc] Space allocated in mmapped regions:         85999616 Byte
20220313 013240.034 INFO             PET0 PIOc_sync Exit - MemInfo: [malloc] Maximum total allocated space:                     0 Byte
20220313 013240.034 INFO             PET0 PIOc_sync Exit - MemInfo: [malloc] Space in freed fastbin blocks:                   352 Byte
20220313 013240.034 INFO             PET0 PIOc_sync Exit - MemInfo: [malloc] Total allocated space:                       5367136 Byte
20220313 013240.034 INFO             PET0 PIOc_sync Exit - MemInfo: [malloc] Total free space:                             232096 Byte
20220313 013240.034 INFO             PET0 PIOc_sync Exit - MemInfo: [malloc] Top-most, releasable space:                    90160 Byte
20220313 013240.034 INFO             PET0 PIOc_sync Exit - MemInfo: [malloc] Total space in use, mmap + non-mmap:        91366752 Byte
20220313 013240.034 INFO             PET0 PIOc_sync Exit - MemInfo: [malloc] Total space held (mmap + non-mmap):         91598848 Byte
20220313 013240.034 INFO             PET0 PIOc_sync Exit - MemInfo: [malloc] Total space used (mmap + non-mmap):         91376112 Byte
20220313 013240.034 INFO             PET0 PIOc_sync Exit - MemInfo: Wall-clock time since execution start:              0.0450297 seconds
20220313 013240.034 INFO             PET0 PIOc_freedecomp Enter - MemInfo: [/proc/meminfo - SSI]	MemTotal:       131394444 kB
20220313 013240.034 INFO             PET0 PIOc_freedecomp Enter - MemInfo: [/proc/meminfo - SSI]	MemFree:        123727128 kB
20220313 013240.034 INFO             PET0 PIOc_freedecomp Enter - MemInfo: [/proc/meminfo - SSI]	MemAvailable:   123444316 kB
20220313 013240.034 INFO             PET0 PIOc_freedecomp Enter - MemInfo: [/proc/meminfo - SSI]	Committed_AS:    4281096 kB
20220313 013240.034 INFO             PET0 PIOc_freedecomp Enter - MemInfo: [/proc/meminfo - SSI]	CommittedPercent: 3.2582 %
20220313 013240.034 INFO             PET0 PIOc_freedecomp Enter - MemInfo: [/proc/self/status]	VmPeak:	 3856800 kB
20220313 013240.034 INFO             PET0 PIOc_freedecomp Enter - MemInfo: [/proc/self/status]	VmSize:	 3856800 kB
20220313 013240.034 INFO             PET0 PIOc_freedecomp Enter - MemInfo: [/proc/self/status]	VmLck:	       0 kB
20220313 013240.034 INFO             PET0 PIOc_freedecomp Enter - MemInfo: [/proc/self/status]	VmPin:	   82140 kB
20220313 013240.034 INFO             PET0 PIOc_freedecomp Enter - MemInfo: [/proc/self/status]	VmHWM:	  171760 kB
20220313 013240.034 INFO             PET0 PIOc_freedecomp Enter - MemInfo: [/proc/self/status]	VmRSS:	  171760 kB
20220313 013240.034 INFO             PET0 PIOc_freedecomp Enter - MemInfo: [/proc/self/status]	VmData:	  273440 kB
20220313 013240.034 INFO             PET0 PIOc_freedecomp Enter - MemInfo: [/proc/self/status]	VmStk:	     512 kB
20220313 013240.034 INFO             PET0 PIOc_freedecomp Enter - MemInfo: [/proc/self/status]	VmExe:	    1808 kB
20220313 013240.034 INFO             PET0 PIOc_freedecomp Enter - MemInfo: [/proc/self/status]	VmLib:	  156408 kB
20220313 013240.034 INFO             PET0 PIOc_freedecomp Enter - MemInfo: [/proc/self/status]	VmPTE:	     820 kB
20220313 013240.034 INFO             PET0 PIOc_freedecomp Enter - MemInfo: [/proc/self/status]	VmPMD:	      32 kB
20220313 013240.034 INFO             PET0 PIOc_freedecomp Enter - MemInfo: [/proc/self/status]	VmSwap:	       0 kB
20220313 013240.034 INFO             PET0 PIOc_freedecomp Enter - MemInfo: [/proc/self/status]	VmRSSPercent: 0.130721 %
20220313 013240.035 INFO             PET0 PIOc_freedecomp Enter - MemInfo: [malloc] Non-mmapped space allocated:                 5599232 Byte
20220313 013240.035 INFO             PET0 PIOc_freedecomp Enter - MemInfo: [malloc] Space allocated in mmapped regions:         85999616 Byte
20220313 013240.035 INFO             PET0 PIOc_freedecomp Enter - MemInfo: [malloc] Maximum total allocated space:                     0 Byte
20220313 013240.035 INFO             PET0 PIOc_freedecomp Enter - MemInfo: [malloc] Space in freed fastbin blocks:                   528 Byte
20220313 013240.035 INFO             PET0 PIOc_freedecomp Enter - MemInfo: [malloc] Total allocated space:                       2731632 Byte
20220313 013240.035 INFO             PET0 PIOc_freedecomp Enter - MemInfo: [malloc] Total free space:                            2867600 Byte
20220313 013240.035 INFO             PET0 PIOc_freedecomp Enter - MemInfo: [malloc] Top-most, releasable space:                   100656 Byte
20220313 013240.035 INFO             PET0 PIOc_freedecomp Enter - MemInfo: [malloc] Total space in use, mmap + non-mmap:        88731248 Byte
20220313 013240.035 INFO             PET0 PIOc_freedecomp Enter - MemInfo: [malloc] Total space held (mmap + non-mmap):         91598848 Byte
20220313 013240.035 INFO             PET0 PIOc_freedecomp Enter - MemInfo: [malloc] Total space used (mmap + non-mmap):         88740608 Byte
20220313 013240.035 INFO             PET0 PIOc_freedecomp Enter - MemInfo: Wall-clock time since execution start:              0.0456741 seconds
20220313 013240.035 INFO             PET0 PIOc_freedecomp Exit - MemInfo: [/proc/meminfo - SSI]	MemTotal:       131394444 kB
20220313 013240.035 INFO             PET0 PIOc_freedecomp Exit - MemInfo: [/proc/meminfo - SSI]	MemFree:        123727128 kB
20220313 013240.035 INFO             PET0 PIOc_freedecomp Exit - MemInfo: [/proc/meminfo - SSI]	MemAvailable:   123444316 kB
20220313 013240.035 INFO             PET0 PIOc_freedecomp Exit - MemInfo: [/proc/meminfo - SSI]	Committed_AS:    4281096 kB
20220313 013240.035 INFO             PET0 PIOc_freedecomp Exit - MemInfo: [/proc/meminfo - SSI]	CommittedPercent: 3.2582 %
20220313 013240.035 INFO             PET0 PIOc_freedecomp Exit - MemInfo: [/proc/self/status]	VmPeak:	 3856800 kB
20220313 013240.035 INFO             PET0 PIOc_freedecomp Exit - MemInfo: [/proc/self/status]	VmSize:	 3856800 kB
20220313 013240.035 INFO             PET0 PIOc_freedecomp Exit - MemInfo: [/proc/self/status]	VmLck:	       0 kB
20220313 013240.035 INFO             PET0 PIOc_freedecomp Exit - MemInfo: [/proc/self/status]	VmPin:	   82140 kB
20220313 013240.035 INFO             PET0 PIOc_freedecomp Exit - MemInfo: [/proc/self/status]	VmHWM:	  171760 kB
20220313 013240.035 INFO             PET0 PIOc_freedecomp Exit - MemInfo: [/proc/self/status]	VmRSS:	  171760 kB
20220313 013240.035 INFO             PET0 PIOc_freedecomp Exit - MemInfo: [/proc/self/status]	VmData:	  273440 kB
20220313 013240.035 INFO             PET0 PIOc_freedecomp Exit - MemInfo: [/proc/self/status]	VmStk:	     512 kB
20220313 013240.035 INFO             PET0 PIOc_freedecomp Exit - MemInfo: [/proc/self/status]	VmExe:	    1808 kB
20220313 013240.035 INFO             PET0 PIOc_freedecomp Exit - MemInfo: [/proc/self/status]	VmLib:	  156408 kB
20220313 013240.035 INFO             PET0 PIOc_freedecomp Exit - MemInfo: [/proc/self/status]	VmPTE:	     820 kB
20220313 013240.035 INFO             PET0 PIOc_freedecomp Exit - MemInfo: [/proc/self/status]	VmPMD:	      32 kB
20220313 013240.035 INFO             PET0 PIOc_freedecomp Exit - MemInfo: [/proc/self/status]	VmSwap:	       0 kB
20220313 013240.035 INFO             PET0 PIOc_freedecomp Exit - MemInfo: [/proc/self/status]	VmRSSPercent: 0.130721 %
20220313 013240.035 INFO             PET0 PIOc_freedecomp Exit - MemInfo: [malloc] Non-mmapped space allocated:                 5599232 Byte
20220313 013240.035 INFO             PET0 PIOc_freedecomp Exit - MemInfo: [malloc] Space allocated in mmapped regions:         85999616 Byte
20220313 013240.035 INFO             PET0 PIOc_freedecomp Exit - MemInfo: [malloc] Maximum total allocated space:                     0 Byte
20220313 013240.035 INFO             PET0 PIOc_freedecomp Exit - MemInfo: [malloc] Space in freed fastbin blocks:                   352 Byte
20220313 013240.035 INFO             PET0 PIOc_freedecomp Exit - MemInfo: [malloc] Total allocated space:                       2718032 Byte
20220313 013240.035 INFO             PET0 PIOc_freedecomp Exit - MemInfo: [malloc] Total free space:                            2881200 Byte
20220313 013240.035 INFO             PET0 PIOc_freedecomp Exit - MemInfo: [malloc] Top-most, releasable space:                   120544 Byte
20220313 013240.035 INFO             PET0 PIOc_freedecomp Exit - MemInfo: [malloc] Total space in use, mmap + non-mmap:        88717648 Byte
20220313 013240.035 INFO             PET0 PIOc_freedecomp Exit - MemInfo: [malloc] Total space held (mmap + non-mmap):         91598848 Byte
20220313 013240.035 INFO             PET0 PIOc_freedecomp Exit - MemInfo: [malloc] Total space used (mmap + non-mmap):         88727008 Byte
20220313 013240.035 INFO             PET0 PIOc_freedecomp Exit - MemInfo: Wall-clock time since execution start:              0.0462202 seconds
20220313 013240.035 INFO             PET0 PIOc_freedecomp Enter - MemInfo: [/proc/meminfo - SSI]	MemTotal:       131394444 kB
20220313 013240.035 INFO             PET0 PIOc_freedecomp Enter - MemInfo: [/proc/meminfo - SSI]	MemFree:        123727128 kB
20220313 013240.035 INFO             PET0 PIOc_freedecomp Enter - MemInfo: [/proc/meminfo - SSI]	MemAvailable:   123444316 kB
20220313 013240.035 INFO             PET0 PIOc_freedecomp Enter - MemInfo: [/proc/meminfo - SSI]	Committed_AS:    4281096 kB
20220313 013240.035 INFO             PET0 PIOc_freedecomp Enter - MemInfo: [/proc/meminfo - SSI]	CommittedPercent: 3.2582 %
20220313 013240.035 INFO             PET0 PIOc_freedecomp Enter - MemInfo: [/proc/self/status]	VmPeak:	 3856800 kB
20220313 013240.035 INFO             PET0 PIOc_freedecomp Enter - MemInfo: [/proc/self/status]	VmSize:	 3856800 kB
20220313 013240.035 INFO             PET0 PIOc_freedecomp Enter - MemInfo: [/proc/self/status]	VmLck:	       0 kB
20220313 013240.035 INFO             PET0 PIOc_freedecomp Enter - MemInfo: [/proc/self/status]	VmPin:	   82140 kB
20220313 013240.035 INFO             PET0 PIOc_freedecomp Enter - MemInfo: [/proc/self/status]	VmHWM:	  171760 kB
20220313 013240.035 INFO             PET0 PIOc_freedecomp Enter - MemInfo: [/proc/self/status]	VmRSS:	  171760 kB
20220313 013240.036 INFO             PET0 PIOc_freedecomp Enter - MemInfo: [/proc/self/status]	VmData:	  273440 kB
20220313 013240.036 INFO             PET0 PIOc_freedecomp Enter - MemInfo: [/proc/self/status]	VmStk:	     512 kB
20220313 013240.036 INFO             PET0 PIOc_freedecomp Enter - MemInfo: [/proc/self/status]	VmExe:	    1808 kB
20220313 013240.036 INFO             PET0 PIOc_freedecomp Enter - MemInfo: [/proc/self/status]	VmLib:	  156408 kB
20220313 013240.036 INFO             PET0 PIOc_freedecomp Enter - MemInfo: [/proc/self/status]	VmPTE:	     820 kB
20220313 013240.036 INFO             PET0 PIOc_freedecomp Enter - MemInfo: [/proc/self/status]	VmPMD:	      32 kB
20220313 013240.036 INFO             PET0 PIOc_freedecomp Enter - MemInfo: [/proc/self/status]	VmSwap:	       0 kB
20220313 013240.036 INFO             PET0 PIOc_freedecomp Enter - MemInfo: [/proc/self/status]	VmRSSPercent: 0.130721 %
20220313 013240.036 INFO             PET0 PIOc_freedecomp Enter - MemInfo: [malloc] Non-mmapped space allocated:                 5599232 Byte
20220313 013240.036 INFO             PET0 PIOc_freedecomp Enter - MemInfo: [malloc] Space allocated in mmapped regions:         85999616 Byte
20220313 013240.036 INFO             PET0 PIOc_freedecomp Enter - MemInfo: [malloc] Maximum total allocated space:                     0 Byte
20220313 013240.036 INFO             PET0 PIOc_freedecomp Enter - MemInfo: [malloc] Space in freed fastbin blocks:                   496 Byte
20220313 013240.036 INFO             PET0 PIOc_freedecomp Enter - MemInfo: [malloc] Total allocated space:                       2717904 Byte
20220313 013240.036 INFO             PET0 PIOc_freedecomp Enter - MemInfo: [malloc] Total free space:                            2881328 Byte
20220313 013240.036 INFO             PET0 PIOc_freedecomp Enter - MemInfo: [malloc] Top-most, releasable space:                   120544 Byte
20220313 013240.036 INFO             PET0 PIOc_freedecomp Enter - MemInfo: [malloc] Total space in use, mmap + non-mmap:        88717520 Byte
20220313 013240.036 INFO             PET0 PIOc_freedecomp Enter - MemInfo: [malloc] Total space held (mmap + non-mmap):         91598848 Byte
20220313 013240.036 INFO             PET0 PIOc_freedecomp Enter - MemInfo: [malloc] Total space used (mmap + non-mmap):         88726880 Byte
20220313 013240.036 INFO             PET0 PIOc_freedecomp Enter - MemInfo: Wall-clock time since execution start:              0.0468214 seconds
20220313 013240.036 INFO             PET0 PIOc_freedecomp Exit - MemInfo: [/proc/meminfo - SSI]	MemTotal:       131394444 kB
20220313 013240.036 INFO             PET0 PIOc_freedecomp Exit - MemInfo: [/proc/meminfo - SSI]	MemFree:        123727128 kB
20220313 013240.036 INFO             PET0 PIOc_freedecomp Exit - MemInfo: [/proc/meminfo - SSI]	MemAvailable:   123444316 kB
20220313 013240.036 INFO             PET0 PIOc_freedecomp Exit - MemInfo: [/proc/meminfo - SSI]	Committed_AS:    4281096 kB
20220313 013240.036 INFO             PET0 PIOc_freedecomp Exit - MemInfo: [/proc/meminfo - SSI]	CommittedPercent: 3.2582 %
20220313 013240.036 INFO             PET0 PIOc_freedecomp Exit - MemInfo: [/proc/self/status]	VmPeak:	 3856800 kB
20220313 013240.036 INFO             PET0 PIOc_freedecomp Exit - MemInfo: [/proc/self/status]	VmSize:	 3856800 kB
20220313 013240.036 INFO             PET0 PIOc_freedecomp Exit - MemInfo: [/proc/self/status]	VmLck:	       0 kB
20220313 013240.036 INFO             PET0 PIOc_freedecomp Exit - MemInfo: [/proc/self/status]	VmPin:	   82140 kB
20220313 013240.036 INFO             PET0 PIOc_freedecomp Exit - MemInfo: [/proc/self/status]	VmHWM:	  171760 kB
20220313 013240.036 INFO             PET0 PIOc_freedecomp Exit - MemInfo: [/proc/self/status]	VmRSS:	  171760 kB
20220313 013240.036 INFO             PET0 PIOc_freedecomp Exit - MemInfo: [/proc/self/status]	VmData:	  273440 kB
20220313 013240.036 INFO             PET0 PIOc_freedecomp Exit - MemInfo: [/proc/self/status]	VmStk:	     512 kB
20220313 013240.036 INFO             PET0 PIOc_freedecomp Exit - MemInfo: [/proc/self/status]	VmExe:	    1808 kB
20220313 013240.036 INFO             PET0 PIOc_freedecomp Exit - MemInfo: [/proc/self/status]	VmLib:	  156408 kB
20220313 013240.036 INFO             PET0 PIOc_freedecomp Exit - MemInfo: [/proc/self/status]	VmPTE:	     820 kB
20220313 013240.036 INFO             PET0 PIOc_freedecomp Exit - MemInfo: [/proc/self/status]	VmPMD:	      32 kB
20220313 013240.036 INFO             PET0 PIOc_freedecomp Exit - MemInfo: [/proc/self/status]	VmSwap:	       0 kB
20220313 013240.036 INFO             PET0 PIOc_freedecomp Exit - MemInfo: [/proc/self/status]	VmRSSPercent: 0.130721 %
20220313 013240.036 INFO             PET0 PIOc_freedecomp Exit - MemInfo: [malloc] Non-mmapped space allocated:                 5599232 Byte
20220313 013240.036 INFO             PET0 PIOc_freedecomp Exit - MemInfo: [malloc] Space allocated in mmapped regions:         85999616 Byte
20220313 013240.036 INFO             PET0 PIOc_freedecomp Exit - MemInfo: [malloc] Maximum total allocated space:                     0 Byte
20220313 013240.036 INFO             PET0 PIOc_freedecomp Exit - MemInfo: [malloc] Space in freed fastbin blocks:                   352 Byte
20220313 013240.036 INFO             PET0 PIOc_freedecomp Exit - MemInfo: [malloc] Total allocated space:                       2712944 Byte
20220313 013240.036 INFO             PET0 PIOc_freedecomp Exit - MemInfo: [malloc] Total free space:                            2886288 Byte
20220313 013240.036 INFO             PET0 PIOc_freedecomp Exit - MemInfo: [malloc] Top-most, releasable space:                   126288 Byte
