build time -- 2022-03-12 01:18:16.332562
20220312 013254.198 INFO             PET0 !!!!!!!!!!!!!!!!!!!!!!!!!!!!!!!!!!!!!!!!!!!!!!!!!!!!!!
20220312 013254.198 INFO             PET0 !!! THE ESMF_LOG IS SET TO OUTPUT ALL LOG MESSAGES !!!
20220312 013254.198 INFO             PET0 !!!     THIS MAY CAUSE SLOWDOWN IN PERFORMANCE     !!!
20220312 013254.198 INFO             PET0 !!! FOR PRODUCTION RUNS, USE:                      !!!
20220312 013254.198 INFO             PET0 !!!                   ESMF_LOGKIND_Multi_On_Error  !!!
20220312 013254.198 INFO             PET0 !!!!!!!!!!!!!!!!!!!!!!!!!!!!!!!!!!!!!!!!!!!!!!!!!!!!!!
20220312 013254.198 INFO             PET0 Running with ESMF Version   : v8.3.0b09-96-g559b459836
20220312 013254.198 INFO             PET0 ESMF library build date/time: "Mar 12 2022" "01:15:37"
20220312 013254.198 INFO             PET0 ESMF library build location : /gpfsm/dnb04/projects/p98/mpotts/esmf/intel_2020_intelmpi_g_jedwards_pio_update2
20220312 013254.198 INFO             PET0 ESMF_COMM                   : intelmpi
20220312 013254.199 INFO             PET0 ESMF_MOAB                   : enabled
20220312 013254.199 INFO             PET0 ESMF_LAPACK                 : enabled
20220312 013254.199 INFO             PET0 ESMF_NETCDF                 : enabled
20220312 013254.199 INFO             PET0 ESMF_PNETCDF                : disabled
20220312 013254.199 INFO             PET0 ESMF_PIO                    : enabled
20220312 013254.199 INFO             PET0 ESMF_YAMLCPP                : enabled
20220312 013254.199 INFO             PET0  Beginning Test, file ESMF_IOUTest.F90, line 57
20220312 013254.199 INFO             PET0  NUMBER_OF_PROCESSORS           4
20220312 013254.199 INFO             PET0 Starting Test:  ESMF_OutputWeightFile
20220312 013254.207 INFO             PET0 PIOc_sync Enter - MemInfo: [/proc/meminfo - SSI]	MemTotal:       131394452 kB
20220312 013254.207 INFO             PET0 PIOc_sync Enter - MemInfo: [/proc/meminfo - SSI]	MemFree:        122295232 kB
20220312 013254.207 INFO             PET0 PIOc_sync Enter - MemInfo: [/proc/meminfo - SSI]	MemAvailable:   121956736 kB
20220312 013254.207 INFO             PET0 PIOc_sync Enter - MemInfo: [/proc/meminfo - SSI]	Committed_AS:    4257156 kB
20220312 013254.207 INFO             PET0 PIOc_sync Enter - MemInfo: [/proc/meminfo - SSI]	CommittedPercent: 3.23998 %
20220312 013254.207 INFO             PET0 PIOc_sync Enter - MemInfo: [/proc/self/status]	VmPeak:	 3854640 kB
20220312 013254.207 INFO             PET0 PIOc_sync Enter - MemInfo: [/proc/self/status]	VmSize:	 3854640 kB
20220312 013254.207 INFO             PET0 PIOc_sync Enter - MemInfo: [/proc/self/status]	VmLck:	       0 kB
20220312 013254.207 INFO             PET0 PIOc_sync Enter - MemInfo: [/proc/self/status]	VmPin:	   82140 kB
20220312 013254.207 INFO             PET0 PIOc_sync Enter - MemInfo: [/proc/self/status]	VmHWM:	  168844 kB
20220312 013254.207 INFO             PET0 PIOc_sync Enter - MemInfo: [/proc/self/status]	VmRSS:	  168844 kB
20220312 013254.207 INFO             PET0 PIOc_sync Enter - MemInfo: [/proc/self/status]	VmData:	  271328 kB
20220312 013254.207 INFO             PET0 PIOc_sync Enter - MemInfo: [/proc/self/status]	VmStk:	     512 kB
20220312 013254.208 INFO             PET0 PIOc_sync Enter - MemInfo: [/proc/self/status]	VmExe:	    1764 kB
20220312 013254.208 INFO             PET0 PIOc_sync Enter - MemInfo: [/proc/self/status]	VmLib:	  156408 kB
20220312 013254.208 INFO             PET0 PIOc_sync Enter - MemInfo: [/proc/self/status]	VmPTE:	     820 kB
20220312 013254.208 INFO             PET0 PIOc_sync Enter - MemInfo: [/proc/self/status]	VmPMD:	      32 kB
20220312 013254.208 INFO             PET0 PIOc_sync Enter - MemInfo: [/proc/self/status]	VmSwap:	       0 kB
20220312 013254.208 INFO             PET0 PIOc_sync Enter - MemInfo: [/proc/self/status]	VmRSSPercent: 0.128502 %
20220312 013254.208 INFO             PET0 PIOc_sync Enter - MemInfo: [malloc] Non-mmapped space allocated:                 2904064 Byte
20220312 013254.208 INFO             PET0 PIOc_sync Enter - MemInfo: [malloc] Space allocated in mmapped regions:         88629248 Byte
20220312 013254.208 INFO             PET0 PIOc_sync Enter - MemInfo: [malloc] Maximum total allocated space:                     0 Byte
20220312 013254.208 INFO             PET0 PIOc_sync Enter - MemInfo: [malloc] Space in freed fastbin blocks:                   352 Byte
20220312 013254.208 INFO             PET0 PIOc_sync Enter - MemInfo: [malloc] Total allocated space:                       2718064 Byte
20220312 013254.208 INFO             PET0 PIOc_sync Enter - MemInfo: [malloc] Total free space:                             186000 Byte
20220312 013254.208 INFO             PET0 PIOc_sync Enter - MemInfo: [malloc] Top-most, releasable space:                    53632 Byte
20220312 013254.208 INFO             PET0 PIOc_sync Enter - MemInfo: [malloc] Total space in use, mmap + non-mmap:        91347312 Byte
20220312 013254.208 INFO             PET0 PIOc_sync Enter - MemInfo: [malloc] Total space held (mmap + non-mmap):         91533312 Byte
20220312 013254.208 INFO             PET0 PIOc_sync Enter - MemInfo: [malloc] Total space used (mmap + non-mmap):         91356672 Byte
20220312 013254.208 INFO             PET0 PIOc_sync Enter - MemInfo: Wall-clock time since execution start:              0.0183689 seconds
20220312 013254.209 INFO             PET0 PIOc_sync Exit - MemInfo: [/proc/meminfo - SSI]	MemTotal:       131394452 kB
20220312 013254.209 INFO             PET0 PIOc_sync Exit - MemInfo: [/proc/meminfo - SSI]	MemFree:        122295232 kB
20220312 013254.209 INFO             PET0 PIOc_sync Exit - MemInfo: [/proc/meminfo - SSI]	MemAvailable:   121956736 kB
20220312 013254.209 INFO             PET0 PIOc_sync Exit - MemInfo: [/proc/meminfo - SSI]	Committed_AS:    4257156 kB
20220312 013254.209 INFO             PET0 PIOc_sync Exit - MemInfo: [/proc/meminfo - SSI]	CommittedPercent: 3.23998 %
20220312 013254.209 INFO             PET0 PIOc_sync Exit - MemInfo: [/proc/self/status]	VmPeak:	 3854640 kB
20220312 013254.209 INFO             PET0 PIOc_sync Exit - MemInfo: [/proc/self/status]	VmSize:	 3854640 kB
20220312 013254.209 INFO             PET0 PIOc_sync Exit - MemInfo: [/proc/self/status]	VmLck:	       0 kB
20220312 013254.209 INFO             PET0 PIOc_sync Exit - MemInfo: [/proc/self/status]	VmPin:	   82140 kB
20220312 013254.209 INFO             PET0 PIOc_sync Exit - MemInfo: [/proc/self/status]	VmHWM:	  169132 kB
20220312 013254.209 INFO             PET0 PIOc_sync Exit - MemInfo: [/proc/self/status]	VmRSS:	  169132 kB
20220312 013254.209 INFO             PET0 PIOc_sync Exit - MemInfo: [/proc/self/status]	VmData:	  271328 kB
20220312 013254.209 INFO             PET0 PIOc_sync Exit - MemInfo: [/proc/self/status]	VmStk:	     512 kB
20220312 013254.209 INFO             PET0 PIOc_sync Exit - MemInfo: [/proc/self/status]	VmExe:	    1764 kB
20220312 013254.209 INFO             PET0 PIOc_sync Exit - MemInfo: [/proc/self/status]	VmLib:	  156408 kB
20220312 013254.209 INFO             PET0 PIOc_sync Exit - MemInfo: [/proc/self/status]	VmPTE:	     820 kB
20220312 013254.209 INFO             PET0 PIOc_sync Exit - MemInfo: [/proc/self/status]	VmPMD:	      32 kB
20220312 013254.209 INFO             PET0 PIOc_sync Exit - MemInfo: [/proc/self/status]	VmSwap:	       0 kB
20220312 013254.209 INFO             PET0 PIOc_sync Exit - MemInfo: [/proc/self/status]	VmRSSPercent: 0.128721 %
20220312 013254.209 INFO             PET0 PIOc_sync Exit - MemInfo: [malloc] Non-mmapped space allocated:                 2904064 Byte
20220312 013254.209 INFO             PET0 PIOc_sync Exit - MemInfo: [malloc] Space allocated in mmapped regions:         88629248 Byte
20220312 013254.209 INFO             PET0 PIOc_sync Exit - MemInfo: [malloc] Maximum total allocated space:                     0 Byte
20220312 013254.209 INFO             PET0 PIOc_sync Exit - MemInfo: [malloc] Space in freed fastbin blocks:                   720 Byte
20220312 013254.209 INFO             PET0 PIOc_sync Exit - MemInfo: [malloc] Total allocated space:                       2717264 Byte
20220312 013254.209 INFO             PET0 PIOc_sync Exit - MemInfo: [malloc] Total free space:                             186800 Byte
20220312 013254.209 INFO             PET0 PIOc_sync Exit - MemInfo: [malloc] Top-most, releasable space:                    53296 Byte
20220312 013254.209 INFO             PET0 PIOc_sync Exit - MemInfo: [malloc] Total space in use, mmap + non-mmap:        91346512 Byte
20220312 013254.209 INFO             PET0 PIOc_sync Exit - MemInfo: [malloc] Total space held (mmap + non-mmap):         91533312 Byte
20220312 013254.209 INFO             PET0 PIOc_sync Exit - MemInfo: [malloc] Total space used (mmap + non-mmap):         91355872 Byte
20220312 013254.209 INFO             PET0 PIOc_sync Exit - MemInfo: Wall-clock time since execution start:              0.0197872 seconds
20220312 013254.209 INFO             PET0 PIOc_freedecomp Enter - MemInfo: [/proc/meminfo - SSI]	MemTotal:       131394452 kB
20220312 013254.209 INFO             PET0 PIOc_freedecomp Enter - MemInfo: [/proc/meminfo - SSI]	MemFree:        122296444 kB
20220312 013254.210 INFO             PET0 PIOc_freedecomp Enter - MemInfo: [/proc/meminfo - SSI]	MemAvailable:   121957948 kB
20220312 013254.210 INFO             PET0 PIOc_freedecomp Enter - MemInfo: [/proc/meminfo - SSI]	Committed_AS:    4257156 kB
20220312 013254.210 INFO             PET0 PIOc_freedecomp Enter - MemInfo: [/proc/meminfo - SSI]	CommittedPercent: 3.23998 %
20220312 013254.210 INFO             PET0 PIOc_freedecomp Enter - MemInfo: [/proc/self/status]	VmPeak:	 3854640 kB
20220312 013254.210 INFO             PET0 PIOc_freedecomp Enter - MemInfo: [/proc/self/status]	VmSize:	 3852072 kB
20220312 013254.210 INFO             PET0 PIOc_freedecomp Enter - MemInfo: [/proc/self/status]	VmLck:	       0 kB
20220312 013254.210 INFO             PET0 PIOc_freedecomp Enter - MemInfo: [/proc/self/status]	VmPin:	   82140 kB
20220312 013254.210 INFO             PET0 PIOc_freedecomp Enter - MemInfo: [/proc/self/status]	VmHWM:	  169132 kB
20220312 013254.210 INFO             PET0 PIOc_freedecomp Enter - MemInfo: [/proc/self/status]	VmRSS:	  167080 kB
20220312 013254.210 INFO             PET0 PIOc_freedecomp Enter - MemInfo: [/proc/self/status]	VmData:	  268760 kB
20220312 013254.210 INFO             PET0 PIOc_freedecomp Enter - MemInfo: [/proc/self/status]	VmStk:	     512 kB
20220312 013254.210 INFO             PET0 PIOc_freedecomp Enter - MemInfo: [/proc/self/status]	VmExe:	    1764 kB
20220312 013254.210 INFO             PET0 PIOc_freedecomp Enter - MemInfo: [/proc/self/status]	VmLib:	  156408 kB
20220312 013254.210 INFO             PET0 PIOc_freedecomp Enter - MemInfo: [/proc/self/status]	VmPTE:	     816 kB
20220312 013254.210 INFO             PET0 PIOc_freedecomp Enter - MemInfo: [/proc/self/status]	VmPMD:	      32 kB
20220312 013254.210 INFO             PET0 PIOc_freedecomp Enter - MemInfo: [/proc/self/status]	VmSwap:	       0 kB
20220312 013254.210 INFO             PET0 PIOc_freedecomp Enter - MemInfo: [/proc/self/status]	VmRSSPercent: 0.127159 %
20220312 013254.210 INFO             PET0 PIOc_freedecomp Enter - MemInfo: [malloc] Non-mmapped space allocated:                 2904064 Byte
20220312 013254.210 INFO             PET0 PIOc_freedecomp Enter - MemInfo: [malloc] Space allocated in mmapped regions:         85999616 Byte
20220312 013254.210 INFO             PET0 PIOc_freedecomp Enter - MemInfo: [malloc] Maximum total allocated space:                     0 Byte
20220312 013254.210 INFO             PET0 PIOc_freedecomp Enter - MemInfo: [malloc] Space in freed fastbin blocks:                  1216 Byte
20220312 013254.210 INFO             PET0 PIOc_freedecomp Enter - MemInfo: [malloc] Total allocated space:                       2704160 Byte
20220312 013254.210 INFO             PET0 PIOc_freedecomp Enter - MemInfo: [malloc] Total free space:                             199904 Byte
20220312 013254.210 INFO             PET0 PIOc_freedecomp Enter - MemInfo: [malloc] Top-most, releasable space:                    53664 Byte
20220312 013254.210 INFO             PET0 PIOc_freedecomp Enter - MemInfo: [malloc] Total space in use, mmap + non-mmap:        88703776 Byte
20220312 013254.210 INFO             PET0 PIOc_freedecomp Enter - MemInfo: [malloc] Total space held (mmap + non-mmap):         88903680 Byte
20220312 013254.210 INFO             PET0 PIOc_freedecomp Enter - MemInfo: [malloc] Total space used (mmap + non-mmap):         88713136 Byte
20220312 013254.210 INFO             PET0 PIOc_freedecomp Enter - MemInfo: Wall-clock time since execution start:              0.0205282 seconds
20220312 013254.210 INFO             PET0 PIOc_freedecomp Exit - MemInfo: [/proc/meminfo - SSI]	MemTotal:       131394452 kB
20220312 013254.210 INFO             PET0 PIOc_freedecomp Exit - MemInfo: [/proc/meminfo - SSI]	MemFree:        122296444 kB
20220312 013254.210 INFO             PET0 PIOc_freedecomp Exit - MemInfo: [/proc/meminfo - SSI]	MemAvailable:   121957948 kB
20220312 013254.210 INFO             PET0 PIOc_freedecomp Exit - MemInfo: [/proc/meminfo - SSI]	Committed_AS:    4257156 kB
20220312 013254.210 INFO             PET0 PIOc_freedecomp Exit - MemInfo: [/proc/meminfo - SSI]	CommittedPercent: 3.23998 %
20220312 013254.210 INFO             PET0 PIOc_freedecomp Exit - MemInfo: [/proc/self/status]	VmPeak:	 3854640 kB
20220312 013254.210 INFO             PET0 PIOc_freedecomp Exit - MemInfo: [/proc/self/status]	VmSize:	 3852072 kB
20220312 013254.210 INFO             PET0 PIOc_freedecomp Exit - MemInfo: [/proc/self/status]	VmLck:	       0 kB
20220312 013254.210 INFO             PET0 PIOc_freedecomp Exit - MemInfo: [/proc/self/status]	VmPin:	   82140 kB
20220312 013254.210 INFO             PET0 PIOc_freedecomp Exit - MemInfo: [/proc/self/status]	VmHWM:	  169132 kB
20220312 013254.210 INFO             PET0 PIOc_freedecomp Exit - MemInfo: [/proc/self/status]	VmRSS:	  167084 kB
20220312 013254.210 INFO             PET0 PIOc_freedecomp Exit - MemInfo: [/proc/self/status]	VmData:	  268760 kB
20220312 013254.210 INFO             PET0 PIOc_freedecomp Exit - MemInfo: [/proc/self/status]	VmStk:	     512 kB
20220312 013254.210 INFO             PET0 PIOc_freedecomp Exit - MemInfo: [/proc/self/status]	VmExe:	    1764 kB
20220312 013254.210 INFO             PET0 PIOc_freedecomp Exit - MemInfo: [/proc/self/status]	VmLib:	  156408 kB
20220312 013254.210 INFO             PET0 PIOc_freedecomp Exit - MemInfo: [/proc/self/status]	VmPTE:	     816 kB
20220312 013254.210 INFO             PET0 PIOc_freedecomp Exit - MemInfo: [/proc/self/status]	VmPMD:	      32 kB
20220312 013254.210 INFO             PET0 PIOc_freedecomp Exit - MemInfo: [/proc/self/status]	VmSwap:	       0 kB
20220312 013254.210 INFO             PET0 PIOc_freedecomp Exit - MemInfo: [/proc/self/status]	VmRSSPercent: 0.127162 %
20220312 013254.210 INFO             PET0 PIOc_freedecomp Exit - MemInfo: [malloc] Non-mmapped space allocated:                 2904064 Byte
20220312 013254.210 INFO             PET0 PIOc_freedecomp Exit - MemInfo: [malloc] Space allocated in mmapped regions:         85999616 Byte
20220312 013254.210 INFO             PET0 PIOc_freedecomp Exit - MemInfo: [malloc] Maximum total allocated space:                     0 Byte
20220312 013254.210 INFO             PET0 PIOc_freedecomp Exit - MemInfo: [malloc] Space in freed fastbin blocks:                   944 Byte
20220312 013254.210 INFO             PET0 PIOc_freedecomp Exit - MemInfo: [malloc] Total allocated space:                       2702416 Byte
20220312 013254.210 INFO             PET0 PIOc_freedecomp Exit - MemInfo: [malloc] Total free space:                             201648 Byte
20220312 013254.210 INFO             PET0 PIOc_freedecomp Exit - MemInfo: [malloc] Top-most, releasable space:                    53664 Byte
20220312 013254.210 INFO             PET0 PIOc_freedecomp Exit - MemInfo: [malloc] Total space in use, mmap + non-mmap:        88702032 Byte
20220312 013254.210 INFO             PET0 PIOc_freedecomp Exit - MemInfo: [malloc] Total space held (mmap + non-mmap):         88903680 Byte
20220312 013254.210 INFO             PET0 PIOc_freedecomp Exit - MemInfo: [malloc] Total space used (mmap + non-mmap):         88711392 Byte
20220312 013254.210 INFO             PET0 PIOc_freedecomp Exit - MemInfo: Wall-clock time since execution start:              0.0210325 seconds
20220312 013254.212 INFO             PET0 PIOc_sync Enter - MemInfo: [/proc/meminfo - SSI]	MemTotal:       131394452 kB
20220312 013254.212 INFO             PET0 PIOc_sync Enter - MemInfo: [/proc/meminfo - SSI]	MemFree:        122296444 kB
20220312 013254.212 INFO             PET0 PIOc_sync Enter - MemInfo: [/proc/meminfo - SSI]	MemAvailable:   121957948 kB
20220312 013254.212 INFO             PET0 PIOc_sync Enter - MemInfo: [/proc/meminfo - SSI]	Committed_AS:    4257156 kB
20220312 013254.212 INFO             PET0 PIOc_sync Enter - MemInfo: [/proc/meminfo - SSI]	CommittedPercent: 3.23998 %
20220312 013254.212 INFO             PET0 PIOc_sync Enter - MemInfo: [/proc/self/status]	VmPeak:	 3854696 kB
20220312 013254.212 INFO             PET0 PIOc_sync Enter - MemInfo: [/proc/self/status]	VmSize:	 3854696 kB
20220312 013254.212 INFO             PET0 PIOc_sync Enter - MemInfo: [/proc/self/status]	VmLck:	       0 kB
20220312 013254.212 INFO             PET0 PIOc_sync Enter - MemInfo: [/proc/self/status]	VmPin:	   82140 kB
20220312 013254.212 INFO             PET0 PIOc_sync Enter - MemInfo: [/proc/self/status]	VmHWM:	  169132 kB
20220312 013254.212 INFO             PET0 PIOc_sync Enter - MemInfo: [/proc/self/status]	VmRSS:	  168268 kB
20220312 013254.212 INFO             PET0 PIOc_sync Enter - MemInfo: [/proc/self/status]	VmData:	  271384 kB
20220312 013254.212 INFO             PET0 PIOc_sync Enter - MemInfo: [/proc/self/status]	VmStk:	     512 kB
20220312 013254.212 INFO             PET0 PIOc_sync Enter - MemInfo: [/proc/self/status]	VmExe:	    1764 kB
20220312 013254.212 INFO             PET0 PIOc_sync Enter - MemInfo: [/proc/self/status]	VmLib:	  156408 kB
20220312 013254.212 INFO             PET0 PIOc_sync Enter - MemInfo: [/proc/self/status]	VmPTE:	     820 kB
20220312 013254.212 INFO             PET0 PIOc_sync Enter - MemInfo: [/proc/self/status]	VmPMD:	      32 kB
20220312 013254.212 INFO             PET0 PIOc_sync Enter - MemInfo: [/proc/self/status]	VmSwap:	       0 kB
20220312 013254.212 INFO             PET0 PIOc_sync Enter - MemInfo: [/proc/self/status]	VmRSSPercent: 0.128063 %
20220312 013254.212 INFO             PET0 PIOc_sync Enter - MemInfo: [malloc] Non-mmapped space allocated:                 5591040 Byte
20220312 013254.212 INFO             PET0 PIOc_sync Enter - MemInfo: [malloc] Space allocated in mmapped regions:         85999616 Byte
20220312 013254.212 INFO             PET0 PIOc_sync Enter - MemInfo: [malloc] Maximum total allocated space:                     0 Byte
20220312 013254.212 INFO             PET0 PIOc_sync Enter - MemInfo: [malloc] Space in freed fastbin blocks:                   144 Byte
20220312 013254.212 INFO             PET0 PIOc_sync Enter - MemInfo: [malloc] Total allocated space:                       5339872 Byte
20220312 013254.212 INFO             PET0 PIOc_sync Enter - MemInfo: [malloc] Total free space:                             251168 Byte
20220312 013254.212 INFO             PET0 PIOc_sync Enter - MemInfo: [malloc] Top-most, releasable space:                   118880 Byte
20220312 013254.212 INFO             PET0 PIOc_sync Enter - MemInfo: [malloc] Total space in use, mmap + non-mmap:        91339488 Byte
20220312 013254.212 INFO             PET0 PIOc_sync Enter - MemInfo: [malloc] Total space held (mmap + non-mmap):         91590656 Byte
20220312 013254.212 INFO             PET0 PIOc_sync Enter - MemInfo: [malloc] Total space used (mmap + non-mmap):         91348848 Byte
20220312 013254.212 INFO             PET0 PIOc_sync Enter - MemInfo: Wall-clock time since execution start:              0.0227632 seconds
20220312 013254.212 INFO             PET0 PIOc_sync Exit - MemInfo: [/proc/meminfo - SSI]	MemTotal:       131394452 kB
20220312 013254.212 INFO             PET0 PIOc_sync Exit - MemInfo: [/proc/meminfo - SSI]	MemFree:        122296444 kB
20220312 013254.212 INFO             PET0 PIOc_sync Exit - MemInfo: [/proc/meminfo - SSI]	MemAvailable:   121957948 kB
20220312 013254.212 INFO             PET0 PIOc_sync Exit - MemInfo: [/proc/meminfo - SSI]	Committed_AS:    4257156 kB
20220312 013254.212 INFO             PET0 PIOc_sync Exit - MemInfo: [/proc/meminfo - SSI]	CommittedPercent: 3.23998 %
20220312 013254.213 INFO             PET0 PIOc_sync Exit - MemInfo: [/proc/self/status]	VmPeak:	 3854696 kB
20220312 013254.213 INFO             PET0 PIOc_sync Exit - MemInfo: [/proc/self/status]	VmSize:	 3854696 kB
20220312 013254.213 INFO             PET0 PIOc_sync Exit - MemInfo: [/proc/self/status]	VmLck:	       0 kB
20220312 013254.213 INFO             PET0 PIOc_sync Exit - MemInfo: [/proc/self/status]	VmPin:	   82140 kB
20220312 013254.213 INFO             PET0 PIOc_sync Exit - MemInfo: [/proc/self/status]	VmHWM:	  169132 kB
20220312 013254.213 INFO             PET0 PIOc_sync Exit - MemInfo: [/proc/self/status]	VmRSS:	  168312 kB
20220312 013254.213 INFO             PET0 PIOc_sync Exit - MemInfo: [/proc/self/status]	VmData:	  271384 kB
20220312 013254.213 INFO             PET0 PIOc_sync Exit - MemInfo: [/proc/self/status]	VmStk:	     512 kB
20220312 013254.213 INFO             PET0 PIOc_sync Exit - MemInfo: [/proc/self/status]	VmExe:	    1764 kB
20220312 013254.213 INFO             PET0 PIOc_sync Exit - MemInfo: [/proc/self/status]	VmLib:	  156408 kB
20220312 013254.213 INFO             PET0 PIOc_sync Exit - MemInfo: [/proc/self/status]	VmPTE:	     820 kB
20220312 013254.213 INFO             PET0 PIOc_sync Exit - MemInfo: [/proc/self/status]	VmPMD:	      32 kB
20220312 013254.213 INFO             PET0 PIOc_sync Exit - MemInfo: [/proc/self/status]	VmSwap:	       0 kB
20220312 013254.213 INFO             PET0 PIOc_sync Exit - MemInfo: [/proc/self/status]	VmRSSPercent: 0.128097 %
20220312 013254.213 INFO             PET0 PIOc_sync Exit - MemInfo: [malloc] Non-mmapped space allocated:                 5591040 Byte
20220312 013254.213 INFO             PET0 PIOc_sync Exit - MemInfo: [malloc] Space allocated in mmapped regions:         85999616 Byte
20220312 013254.213 INFO             PET0 PIOc_sync Exit - MemInfo: [malloc] Maximum total allocated space:                     0 Byte
20220312 013254.213 INFO             PET0 PIOc_sync Exit - MemInfo: [malloc] Space in freed fastbin blocks:                   144 Byte
20220312 013254.213 INFO             PET0 PIOc_sync Exit - MemInfo: [malloc] Total allocated space:                       5339120 Byte
20220312 013254.213 INFO             PET0 PIOc_sync Exit - MemInfo: [malloc] Total free space:                             251920 Byte
20220312 013254.213 INFO             PET0 PIOc_sync Exit - MemInfo: [malloc] Top-most, releasable space:                   119408 Byte
20220312 013254.213 INFO             PET0 PIOc_sync Exit - MemInfo: [malloc] Total space in use, mmap + non-mmap:        91338736 Byte
20220312 013254.213 INFO             PET0 PIOc_sync Exit - MemInfo: [malloc] Total space held (mmap + non-mmap):         91590656 Byte
20220312 013254.213 INFO             PET0 PIOc_sync Exit - MemInfo: [malloc] Total space used (mmap + non-mmap):         91348096 Byte
20220312 013254.213 INFO             PET0 PIOc_sync Exit - MemInfo: Wall-clock time since execution start:              0.0234241 seconds
20220312 013254.213 INFO             PET0 PIOc_freedecomp Enter - MemInfo: [/proc/meminfo - SSI]	MemTotal:       131394452 kB
20220312 013254.213 INFO             PET0 PIOc_freedecomp Enter - MemInfo: [/proc/meminfo - SSI]	MemFree:        122296444 kB
20220312 013254.213 INFO             PET0 PIOc_freedecomp Enter - MemInfo: [/proc/meminfo - SSI]	MemAvailable:   121957948 kB
20220312 013254.213 INFO             PET0 PIOc_freedecomp Enter - MemInfo: [/proc/meminfo - SSI]	Committed_AS:    4257156 kB
20220312 013254.213 INFO             PET0 PIOc_freedecomp Enter - MemInfo: [/proc/meminfo - SSI]	CommittedPercent: 3.23998 %
20220312 013254.213 INFO             PET0 PIOc_freedecomp Enter - MemInfo: [/proc/self/status]	VmPeak:	 3854696 kB
20220312 013254.213 INFO             PET0 PIOc_freedecomp Enter - MemInfo: [/proc/self/status]	VmSize:	 3854696 kB
20220312 013254.213 INFO             PET0 PIOc_freedecomp Enter - MemInfo: [/proc/self/status]	VmLck:	       0 kB
20220312 013254.213 INFO             PET0 PIOc_freedecomp Enter - MemInfo: [/proc/self/status]	VmPin:	   82140 kB
20220312 013254.213 INFO             PET0 PIOc_freedecomp Enter - MemInfo: [/proc/self/status]	VmHWM:	  169132 kB
20220312 013254.213 INFO             PET0 PIOc_freedecomp Enter - MemInfo: [/proc/self/status]	VmRSS:	  168312 kB
20220312 013254.213 INFO             PET0 PIOc_freedecomp Enter - MemInfo: [/proc/self/status]	VmData:	  271384 kB
20220312 013254.213 INFO             PET0 PIOc_freedecomp Enter - MemInfo: [/proc/self/status]	VmStk:	     512 kB
20220312 013254.213 INFO             PET0 PIOc_freedecomp Enter - MemInfo: [/proc/self/status]	VmExe:	    1764 kB
20220312 013254.213 INFO             PET0 PIOc_freedecomp Enter - MemInfo: [/proc/self/status]	VmLib:	  156408 kB
20220312 013254.213 INFO             PET0 PIOc_freedecomp Enter - MemInfo: [/proc/self/status]	VmPTE:	     820 kB
20220312 013254.213 INFO             PET0 PIOc_freedecomp Enter - MemInfo: [/proc/self/status]	VmPMD:	      32 kB
20220312 013254.213 INFO             PET0 PIOc_freedecomp Enter - MemInfo: [/proc/self/status]	VmSwap:	       0 kB
20220312 013254.213 INFO             PET0 PIOc_freedecomp Enter - MemInfo: [/proc/self/status]	VmRSSPercent: 0.128097 %
20220312 013254.213 INFO             PET0 PIOc_freedecomp Enter - MemInfo: [malloc] Non-mmapped space allocated:                 5591040 Byte
20220312 013254.213 INFO             PET0 PIOc_freedecomp Enter - MemInfo: [malloc] Space allocated in mmapped regions:         85999616 Byte
20220312 013254.213 INFO             PET0 PIOc_freedecomp Enter - MemInfo: [malloc] Maximum total allocated space:                     0 Byte
20220312 013254.213 INFO             PET0 PIOc_freedecomp Enter - MemInfo: [malloc] Space in freed fastbin blocks:                   368 Byte
20220312 013254.213 INFO             PET0 PIOc_freedecomp Enter - MemInfo: [malloc] Total allocated space:                       2704176 Byte
20220312 013254.213 INFO             PET0 PIOc_freedecomp Enter - MemInfo: [malloc] Total free space:                            2886864 Byte
20220312 013254.213 INFO             PET0 PIOc_freedecomp Enter - MemInfo: [malloc] Top-most, releasable space:                   120320 Byte
20220312 013254.213 INFO             PET0 PIOc_freedecomp Enter - MemInfo: [malloc] Total space in use, mmap + non-mmap:        88703792 Byte
20220312 013254.213 INFO             PET0 PIOc_freedecomp Enter - MemInfo: [malloc] Total space held (mmap + non-mmap):         91590656 Byte
20220312 013254.213 INFO             PET0 PIOc_freedecomp Enter - MemInfo: [malloc] Total space used (mmap + non-mmap):         88713152 Byte
20220312 013254.213 INFO             PET0 PIOc_freedecomp Enter - MemInfo: Wall-clock time since execution start:              0.0239633 seconds
20220312 013254.213 INFO             PET0 PIOc_freedecomp Exit - MemInfo: [/proc/meminfo - SSI]	MemTotal:       131394452 kB
20220312 013254.213 INFO             PET0 PIOc_freedecomp Exit - MemInfo: [/proc/meminfo - SSI]	MemFree:        122296444 kB
20220312 013254.213 INFO             PET0 PIOc_freedecomp Exit - MemInfo: [/proc/meminfo - SSI]	MemAvailable:   121957948 kB
20220312 013254.213 INFO             PET0 PIOc_freedecomp Exit - MemInfo: [/proc/meminfo - SSI]	Committed_AS:    4257156 kB
20220312 013254.214 INFO             PET0 PIOc_freedecomp Exit - MemInfo: [/proc/meminfo - SSI]	CommittedPercent: 3.23998 %
20220312 013254.214 INFO             PET0 PIOc_freedecomp Exit - MemInfo: [/proc/self/status]	VmPeak:	 3854696 kB
20220312 013254.214 INFO             PET0 PIOc_freedecomp Exit - MemInfo: [/proc/self/status]	VmSize:	 3854696 kB
20220312 013254.214 INFO             PET0 PIOc_freedecomp Exit - MemInfo: [/proc/self/status]	VmLck:	       0 kB
20220312 013254.214 INFO             PET0 PIOc_freedecomp Exit - MemInfo: [/proc/self/status]	VmPin:	   82140 kB
20220312 013254.214 INFO             PET0 PIOc_freedecomp Exit - MemInfo: [/proc/self/status]	VmHWM:	  169132 kB
20220312 013254.214 INFO             PET0 PIOc_freedecomp Exit - MemInfo: [/proc/self/status]	VmRSS:	  168312 kB
20220312 013254.214 INFO             PET0 PIOc_freedecomp Exit - MemInfo: [/proc/self/status]	VmData:	  271384 kB
20220312 013254.214 INFO             PET0 PIOc_freedecomp Exit - MemInfo: [/proc/self/status]	VmStk:	     512 kB
20220312 013254.214 INFO             PET0 PIOc_freedecomp Exit - MemInfo: [/proc/self/status]	VmExe:	    1764 kB
20220312 013254.214 INFO             PET0 PIOc_freedecomp Exit - MemInfo: [/proc/self/status]	VmLib:	  156408 kB
20220312 013254.214 INFO             PET0 PIOc_freedecomp Exit - MemInfo: [/proc/self/status]	VmPTE:	     820 kB
20220312 013254.214 INFO             PET0 PIOc_freedecomp Exit - MemInfo: [/proc/self/status]	VmPMD:	      32 kB
20220312 013254.214 INFO             PET0 PIOc_freedecomp Exit - MemInfo: [/proc/self/status]	VmSwap:	       0 kB
20220312 013254.214 INFO             PET0 PIOc_freedecomp Exit - MemInfo: [/proc/self/status]	VmRSSPercent: 0.128097 %
20220312 013254.214 INFO             PET0 PIOc_freedecomp Exit - MemInfo: [malloc] Non-mmapped space allocated:                 5591040 Byte
20220312 013254.214 INFO             PET0 PIOc_freedecomp Exit - MemInfo: [malloc] Space allocated in mmapped regions:         85999616 Byte
20220312 013254.214 INFO             PET0 PIOc_freedecomp Exit - MemInfo: [malloc] Maximum total allocated space:                     0 Byte
20220312 013254.214 INFO             PET0 PIOc_freedecomp Exit - MemInfo: [malloc] Space in freed fastbin blocks:                   144 Byte
20220312 013254.214 INFO             PET0 PIOc_freedecomp Exit - MemInfo: [malloc] Total allocated space:                       2702416 Byte
20220312 013254.214 INFO             PET0 PIOc_freedecomp Exit - MemInfo: [malloc] Total free space:                            2888624 Byte
20220312 013254.214 INFO             PET0 PIOc_freedecomp Exit - MemInfo: [malloc] Top-most, releasable space:                  2754576 Byte
20220312 013254.214 INFO             PET0 PIOc_freedecomp Exit - MemInfo: [malloc] Total space in use, mmap + non-mmap:        88702032 Byte
20220312 013254.214 INFO             PET0 PIOc_freedecomp Exit - MemInfo: [malloc] Total space held (mmap + non-mmap):         91590656 Byte
20220312 013254.214 INFO             PET0 PIOc_freedecomp Exit - MemInfo: [malloc] Total space used (mmap + non-mmap):         88711392 Byte
20220312 013254.214 INFO             PET0 PIOc_freedecomp Exit - MemInfo: Wall-clock time since execution start:              0.0244732 seconds
20220312 013254.215 INFO             PET0 PIOc_sync Enter - MemInfo: [/proc/meminfo - SSI]	MemTotal:       131394452 kB
20220312 013254.215 INFO             PET0 PIOc_sync Enter - MemInfo: [/proc/meminfo - SSI]	MemFree:        122295976 kB
20220312 013254.215 INFO             PET0 PIOc_sync Enter - MemInfo: [/proc/meminfo - SSI]	MemAvailable:   121957480 kB
20220312 013254.215 INFO             PET0 PIOc_sync Enter - MemInfo: [/proc/meminfo - SSI]	Committed_AS:    4257156 kB
20220312 013254.215 INFO             PET0 PIOc_sync Enter - MemInfo: [/proc/meminfo - SSI]	CommittedPercent: 3.23998 %
20220312 013254.215 INFO             PET0 PIOc_sync Enter - MemInfo: [/proc/self/status]	VmPeak:	 3855716 kB
20220312 013254.215 INFO             PET0 PIOc_sync Enter - MemInfo: [/proc/self/status]	VmSize:	 3854696 kB
20220312 013254.215 INFO             PET0 PIOc_sync Enter - MemInfo: [/proc/self/status]	VmLck:	       0 kB
20220312 013254.215 INFO             PET0 PIOc_sync Enter - MemInfo: [/proc/self/status]	VmPin:	   82140 kB
20220312 013254.215 INFO             PET0 PIOc_sync Enter - MemInfo: [/proc/self/status]	VmHWM:	  169132 kB
20220312 013254.215 INFO             PET0 PIOc_sync Enter - MemInfo: [/proc/self/status]	VmRSS:	  168816 kB
20220312 013254.215 INFO             PET0 PIOc_sync Enter - MemInfo: [/proc/self/status]	VmData:	  271384 kB
20220312 013254.215 INFO             PET0 PIOc_sync Enter - MemInfo: [/proc/self/status]	VmStk:	     512 kB
20220312 013254.215 INFO             PET0 PIOc_sync Enter - MemInfo: [/proc/self/status]	VmExe:	    1764 kB
20220312 013254.215 INFO             PET0 PIOc_sync Enter - MemInfo: [/proc/self/status]	VmLib:	  156408 kB
20220312 013254.215 INFO             PET0 PIOc_sync Enter - MemInfo: [/proc/self/status]	VmPTE:	     820 kB
20220312 013254.215 INFO             PET0 PIOc_sync Enter - MemInfo: [/proc/self/status]	VmPMD:	      32 kB
20220312 013254.215 INFO             PET0 PIOc_sync Enter - MemInfo: [/proc/self/status]	VmSwap:	       0 kB
20220312 013254.215 INFO             PET0 PIOc_sync Enter - MemInfo: [/proc/self/status]	VmRSSPercent: 0.12848 %
20220312 013254.215 INFO             PET0 PIOc_sync Enter - MemInfo: [malloc] Non-mmapped space allocated:                 5591040 Byte
20220312 013254.215 INFO             PET0 PIOc_sync Enter - MemInfo: [malloc] Space allocated in mmapped regions:         85999616 Byte
20220312 013254.215 INFO             PET0 PIOc_sync Enter - MemInfo: [malloc] Maximum total allocated space:                     0 Byte
20220312 013254.215 INFO             PET0 PIOc_sync Enter - MemInfo: [malloc] Space in freed fastbin blocks:                   144 Byte
20220312 013254.215 INFO             PET0 PIOc_sync Enter - MemInfo: [malloc] Total allocated space:                       5340320 Byte
20220312 013254.215 INFO             PET0 PIOc_sync Enter - MemInfo: [malloc] Total free space:                             250720 Byte
20220312 013254.216 INFO             PET0 PIOc_sync Enter - MemInfo: [malloc] Top-most, releasable space:                   118256 Byte
20220312 013254.216 INFO             PET0 PIOc_sync Enter - MemInfo: [malloc] Total space in use, mmap + non-mmap:        91339936 Byte
20220312 013254.216 INFO             PET0 PIOc_sync Enter - MemInfo: [malloc] Total space held (mmap + non-mmap):         91590656 Byte
20220312 013254.216 INFO             PET0 PIOc_sync Enter - MemInfo: [malloc] Total space used (mmap + non-mmap):         91349296 Byte
20220312 013254.216 INFO             PET0 PIOc_sync Enter - MemInfo: Wall-clock time since execution start:              0.0261495 seconds
20220312 013254.216 INFO             PET0 PIOc_sync Exit - MemInfo: [/proc/meminfo - SSI]	MemTotal:       131394452 kB
20220312 013254.216 INFO             PET0 PIOc_sync Exit - MemInfo: [/proc/meminfo - SSI]	MemFree:        122295976 kB
20220312 013254.216 INFO             PET0 PIOc_sync Exit - MemInfo: [/proc/meminfo - SSI]	MemAvailable:   121957480 kB
20220312 013254.216 INFO             PET0 PIOc_sync Exit - MemInfo: [/proc/meminfo - SSI]	Committed_AS:    4257156 kB
20220312 013254.216 INFO             PET0 PIOc_sync Exit - MemInfo: [/proc/meminfo - SSI]	CommittedPercent: 3.23998 %
20220312 013254.216 INFO             PET0 PIOc_sync Exit - MemInfo: [/proc/self/status]	VmPeak:	 3855716 kB
20220312 013254.216 INFO             PET0 PIOc_sync Exit - MemInfo: [/proc/self/status]	VmSize:	 3854696 kB
20220312 013254.216 INFO             PET0 PIOc_sync Exit - MemInfo: [/proc/self/status]	VmLck:	       0 kB
20220312 013254.216 INFO             PET0 PIOc_sync Exit - MemInfo: [/proc/self/status]	VmPin:	   82140 kB
20220312 013254.216 INFO             PET0 PIOc_sync Exit - MemInfo: [/proc/self/status]	VmHWM:	  169132 kB
20220312 013254.216 INFO             PET0 PIOc_sync Exit - MemInfo: [/proc/self/status]	VmRSS:	  168848 kB
20220312 013254.216 INFO             PET0 PIOc_sync Exit - MemInfo: [/proc/self/status]	VmData:	  271384 kB
20220312 013254.216 INFO             PET0 PIOc_sync Exit - MemInfo: [/proc/self/status]	VmStk:	     512 kB
20220312 013254.216 INFO             PET0 PIOc_sync Exit - MemInfo: [/proc/self/status]	VmExe:	    1764 kB
20220312 013254.216 INFO             PET0 PIOc_sync Exit - MemInfo: [/proc/self/status]	VmLib:	  156408 kB
20220312 013254.216 INFO             PET0 PIOc_sync Exit - MemInfo: [/proc/self/status]	VmPTE:	     820 kB
20220312 013254.216 INFO             PET0 PIOc_sync Exit - MemInfo: [/proc/self/status]	VmPMD:	      32 kB
20220312 013254.216 INFO             PET0 PIOc_sync Exit - MemInfo: [/proc/self/status]	VmSwap:	       0 kB
20220312 013254.216 INFO             PET0 PIOc_sync Exit - MemInfo: [/proc/self/status]	VmRSSPercent: 0.128505 %
20220312 013254.216 INFO             PET0 PIOc_sync Exit - MemInfo: [malloc] Non-mmapped space allocated:                 5591040 Byte
20220312 013254.216 INFO             PET0 PIOc_sync Exit - MemInfo: [malloc] Space allocated in mmapped regions:         85999616 Byte
20220312 013254.216 INFO             PET0 PIOc_sync Exit - MemInfo: [malloc] Maximum total allocated space:                     0 Byte
20220312 013254.216 INFO             PET0 PIOc_sync Exit - MemInfo: [malloc] Space in freed fastbin blocks:                   144 Byte
20220312 013254.216 INFO             PET0 PIOc_sync Exit - MemInfo: [malloc] Total allocated space:                       5339568 Byte
20220312 013254.216 INFO             PET0 PIOc_sync Exit - MemInfo: [malloc] Total free space:                             251472 Byte
20220312 013254.216 INFO             PET0 PIOc_sync Exit - MemInfo: [malloc] Top-most, releasable space:                   118784 Byte
20220312 013254.216 INFO             PET0 PIOc_sync Exit - MemInfo: [malloc] Total space in use, mmap + non-mmap:        91339184 Byte
20220312 013254.216 INFO             PET0 PIOc_sync Exit - MemInfo: [malloc] Total space held (mmap + non-mmap):         91590656 Byte
20220312 013254.216 INFO             PET0 PIOc_sync Exit - MemInfo: [malloc] Total space used (mmap + non-mmap):         91348544 Byte
20220312 013254.216 INFO             PET0 PIOc_sync Exit - MemInfo: Wall-clock time since execution start:              0.0268225 seconds
20220312 013254.216 INFO             PET0 PIOc_freedecomp Enter - MemInfo: [/proc/meminfo - SSI]	MemTotal:       131394452 kB
20220312 013254.216 INFO             PET0 PIOc_freedecomp Enter - MemInfo: [/proc/meminfo - SSI]	MemFree:        122295976 kB
20220312 013254.216 INFO             PET0 PIOc_freedecomp Enter - MemInfo: [/proc/meminfo - SSI]	MemAvailable:   121957480 kB
20220312 013254.216 INFO             PET0 PIOc_freedecomp Enter - MemInfo: [/proc/meminfo - SSI]	Committed_AS:    4257156 kB
20220312 013254.216 INFO             PET0 PIOc_freedecomp Enter - MemInfo: [/proc/meminfo - SSI]	CommittedPercent: 3.23998 %
20220312 013254.216 INFO             PET0 PIOc_freedecomp Enter - MemInfo: [/proc/self/status]	VmPeak:	 3855716 kB
20220312 013254.216 INFO             PET0 PIOc_freedecomp Enter - MemInfo: [/proc/self/status]	VmSize:	 3854696 kB
20220312 013254.216 INFO             PET0 PIOc_freedecomp Enter - MemInfo: [/proc/self/status]	VmLck:	       0 kB
20220312 013254.216 INFO             PET0 PIOc_freedecomp Enter - MemInfo: [/proc/self/status]	VmPin:	   82140 kB
20220312 013254.216 INFO             PET0 PIOc_freedecomp Enter - MemInfo: [/proc/self/status]	VmHWM:	  169132 kB
20220312 013254.216 INFO             PET0 PIOc_freedecomp Enter - MemInfo: [/proc/self/status]	VmRSS:	  168848 kB
20220312 013254.217 INFO             PET0 PIOc_freedecomp Enter - MemInfo: [/proc/self/status]	VmData:	  271384 kB
20220312 013254.217 INFO             PET0 PIOc_freedecomp Enter - MemInfo: [/proc/self/status]	VmStk:	     512 kB
20220312 013254.217 INFO             PET0 PIOc_freedecomp Enter - MemInfo: [/proc/self/status]	VmExe:	    1764 kB
20220312 013254.217 INFO             PET0 PIOc_freedecomp Enter - MemInfo: [/proc/self/status]	VmLib:	  156408 kB
20220312 013254.217 INFO             PET0 PIOc_freedecomp Enter - MemInfo: [/proc/self/status]	VmPTE:	     820 kB
20220312 013254.217 INFO             PET0 PIOc_freedecomp Enter - MemInfo: [/proc/self/status]	VmPMD:	      32 kB
20220312 013254.217 INFO             PET0 PIOc_freedecomp Enter - MemInfo: [/proc/self/status]	VmSwap:	       0 kB
20220312 013254.217 INFO             PET0 PIOc_freedecomp Enter - MemInfo: [/proc/self/status]	VmRSSPercent: 0.128505 %
20220312 013254.217 INFO             PET0 PIOc_freedecomp Enter - MemInfo: [malloc] Non-mmapped space allocated:                 5591040 Byte
20220312 013254.217 INFO             PET0 PIOc_freedecomp Enter - MemInfo: [malloc] Space allocated in mmapped regions:         85999616 Byte
20220312 013254.217 INFO             PET0 PIOc_freedecomp Enter - MemInfo: [malloc] Maximum total allocated space:                     0 Byte
20220312 013254.217 INFO             PET0 PIOc_freedecomp Enter - MemInfo: [malloc] Space in freed fastbin blocks:                   368 Byte
20220312 013254.217 INFO             PET0 PIOc_freedecomp Enter - MemInfo: [malloc] Total allocated space:                       2704160 Byte
20220312 013254.217 INFO             PET0 PIOc_freedecomp Enter - MemInfo: [malloc] Total free space:                            2886880 Byte
20220312 013254.217 INFO             PET0 PIOc_freedecomp Enter - MemInfo: [malloc] Top-most, releasable space:                   119888 Byte
20220312 013254.217 INFO             PET0 PIOc_freedecomp Enter - MemInfo: [malloc] Total space in use, mmap + non-mmap:        88703776 Byte
20220312 013254.217 INFO             PET0 PIOc_freedecomp Enter - MemInfo: [malloc] Total space held (mmap + non-mmap):         91590656 Byte
20220312 013254.217 INFO             PET0 PIOc_freedecomp Enter - MemInfo: [malloc] Total space used (mmap + non-mmap):         88713136 Byte
20220312 013254.217 INFO             PET0 PIOc_freedecomp Enter - MemInfo: Wall-clock time since execution start:              0.0273498 seconds
20220312 013254.217 INFO             PET0 PIOc_freedecomp Exit - MemInfo: [/proc/meminfo - SSI]	MemTotal:       131394452 kB
20220312 013254.217 INFO             PET0 PIOc_freedecomp Exit - MemInfo: [/proc/meminfo - SSI]	MemFree:        122295976 kB
20220312 013254.217 INFO             PET0 PIOc_freedecomp Exit - MemInfo: [/proc/meminfo - SSI]	MemAvailable:   121957480 kB
20220312 013254.217 INFO             PET0 PIOc_freedecomp Exit - MemInfo: [/proc/meminfo - SSI]	Committed_AS:    4257156 kB
20220312 013254.217 INFO             PET0 PIOc_freedecomp Exit - MemInfo: [/proc/meminfo - SSI]	CommittedPercent: 3.23998 %
20220312 013254.217 INFO             PET0 PIOc_freedecomp Exit - MemInfo: [/proc/self/status]	VmPeak:	 3855716 kB
20220312 013254.217 INFO             PET0 PIOc_freedecomp Exit - MemInfo: [/proc/self/status]	VmSize:	 3854696 kB
20220312 013254.217 INFO             PET0 PIOc_freedecomp Exit - MemInfo: [/proc/self/status]	VmLck:	       0 kB
20220312 013254.217 INFO             PET0 PIOc_freedecomp Exit - MemInfo: [/proc/self/status]	VmPin:	   82140 kB
20220312 013254.217 INFO             PET0 PIOc_freedecomp Exit - MemInfo: [/proc/self/status]	VmHWM:	  169132 kB
20220312 013254.217 INFO             PET0 PIOc_freedecomp Exit - MemInfo: [/proc/self/status]	VmRSS:	  168848 kB
20220312 013254.217 INFO             PET0 PIOc_freedecomp Exit - MemInfo: [/proc/self/status]	VmData:	  271384 kB
20220312 013254.217 INFO             PET0 PIOc_freedecomp Exit - MemInfo: [/proc/self/status]	VmStk:	     512 kB
20220312 013254.217 INFO             PET0 PIOc_freedecomp Exit - MemInfo: [/proc/self/status]	VmExe:	    1764 kB
20220312 013254.217 INFO             PET0 PIOc_freedecomp Exit - MemInfo: [/proc/self/status]	VmLib:	  156408 kB
20220312 013254.217 INFO             PET0 PIOc_freedecomp Exit - MemInfo: [/proc/self/status]	VmPTE:	     820 kB
20220312 013254.217 INFO             PET0 PIOc_freedecomp Exit - MemInfo: [/proc/self/status]	VmPMD:	      32 kB
20220312 013254.217 INFO             PET0 PIOc_freedecomp Exit - MemInfo: [/proc/self/status]	VmSwap:	       0 kB
20220312 013254.217 INFO             PET0 PIOc_freedecomp Exit - MemInfo: [/proc/self/status]	VmRSSPercent: 0.128505 %
20220312 013254.217 INFO             PET0 PIOc_freedecomp Exit - MemInfo: [malloc] Non-mmapped space allocated:                 5591040 Byte
20220312 013254.217 INFO             PET0 PIOc_freedecomp Exit - MemInfo: [malloc] Space allocated in mmapped regions:         85999616 Byte
20220312 013254.217 INFO             PET0 PIOc_freedecomp Exit - MemInfo: [malloc] Maximum total allocated space:                     0 Byte
20220312 013254.217 INFO             PET0 PIOc_freedecomp Exit - MemInfo: [malloc] Space in freed fastbin blocks:                   272 Byte
20220312 013254.217 INFO             PET0 PIOc_freedecomp Exit - MemInfo: [malloc] Total allocated space:                       2702416 Byte
20220312 013254.217 INFO             PET0 PIOc_freedecomp Exit - MemInfo: [malloc] Total free space:                            2888624 Byte
20220312 013254.217 INFO             PET0 PIOc_freedecomp Exit - MemInfo: [malloc] Top-most, releasable space:                  2754576 Byte
20220312 013254.217 INFO             PET0 PIOc_freedecomp Exit - MemInfo: [malloc] Total space in use, mmap + non-mmap:        88702032 Byte
20220312 013254.217 INFO             PET0 PIOc_freedecomp Exit - MemInfo: [malloc] Total space held (mmap + non-mmap):         91590656 Byte
20220312 013254.217 INFO             PET0 PIOc_freedecomp Exit - MemInfo: [malloc] Total space used (mmap + non-mmap):         88711392 Byte
20220312 013254.217 INFO             PET0 PIOc_freedecomp Exit - MemInfo: Wall-clock time since execution start:              0.0278491 seconds
20220312 013254.217 INFO             PET0  PASS  ESMF_OutputWeightFile, ESMF_IOUTest.F90, line 81
20220312 013254.219 INFO             PET0  PASS  call ESMF_OutputWeightFile with empty factor list on four PETs, ESMF_IOUTest.F90, line 191
20220312 013254.219 INFO             PET0  Ending Test, file ESMF_IOUTest.F90, line 201
20220312 013254.220 INFO             PET0 Finalizing ESMF
20220312 013254.198 INFO             PET1 !!!!!!!!!!!!!!!!!!!!!!!!!!!!!!!!!!!!!!!!!!!!!!!!!!!!!!
20220312 013254.198 INFO             PET1 !!! THE ESMF_LOG IS SET TO OUTPUT ALL LOG MESSAGES !!!
20220312 013254.198 INFO             PET1 !!!     THIS MAY CAUSE SLOWDOWN IN PERFORMANCE     !!!
20220312 013254.198 INFO             PET1 !!! FOR PRODUCTION RUNS, USE:                      !!!
20220312 013254.198 INFO             PET1 !!!                   ESMF_LOGKIND_Multi_On_Error  !!!
20220312 013254.198 INFO             PET1 !!!!!!!!!!!!!!!!!!!!!!!!!!!!!!!!!!!!!!!!!!!!!!!!!!!!!!
20220312 013254.198 INFO             PET1 Running with ESMF Version   : v8.3.0b09-96-g559b459836
20220312 013254.198 INFO             PET1 ESMF library build date/time: "Mar 12 2022" "01:15:37"
20220312 013254.198 INFO             PET1 ESMF library build location : /gpfsm/dnb04/projects/p98/mpotts/esmf/intel_2020_intelmpi_g_jedwards_pio_update2
20220312 013254.198 INFO             PET1 ESMF_COMM                   : intelmpi
20220312 013254.199 INFO             PET1 ESMF_MOAB                   : enabled
20220312 013254.199 INFO             PET1 ESMF_LAPACK                 : enabled
20220312 013254.199 INFO             PET1 ESMF_NETCDF                 : enabled
20220312 013254.199 INFO             PET1 ESMF_PNETCDF                : disabled
20220312 013254.199 INFO             PET1 ESMF_PIO                    : enabled
20220312 013254.199 INFO             PET1 ESMF_YAMLCPP                : enabled
20220312 013254.199 INFO             PET1  Beginning Test, file ESMF_IOUTest.F90, line 57
20220312 013254.199 INFO             PET1  NUMBER_OF_PROCESSORS           4
20220312 013254.199 INFO             PET1 Starting Test:  ESMF_OutputWeightFile
20220312 013254.207 INFO             PET1 PIOc_sync Enter - MemInfo: [/proc/meminfo - SSI]	MemTotal:       131394452 kB
20220312 013254.207 INFO             PET1 PIOc_sync Enter - MemInfo: [/proc/meminfo - SSI]	MemFree:        122295232 kB
20220312 013254.207 INFO             PET1 PIOc_sync Enter - MemInfo: [/proc/meminfo - SSI]	MemAvailable:   121956736 kB
20220312 013254.207 INFO             PET1 PIOc_sync Enter - MemInfo: [/proc/meminfo - SSI]	Committed_AS:    4257156 kB
20220312 013254.207 INFO             PET1 PIOc_sync Enter - MemInfo: [/proc/meminfo - SSI]	CommittedPercent: 3.23998 %
20220312 013254.207 INFO             PET1 PIOc_sync Enter - MemInfo: [/proc/self/status]	VmPeak:	 3853764 kB
20220312 013254.207 INFO             PET1 PIOc_sync Enter - MemInfo: [/proc/self/status]	VmSize:	 3839376 kB
20220312 013254.207 INFO             PET1 PIOc_sync Enter - MemInfo: [/proc/self/status]	VmLck:	       0 kB
20220312 013254.207 INFO             PET1 PIOc_sync Enter - MemInfo: [/proc/self/status]	VmPin:	   71900 kB
20220312 013254.207 INFO             PET1 PIOc_sync Enter - MemInfo: [/proc/self/status]	VmHWM:	  154280 kB
20220312 013254.207 INFO             PET1 PIOc_sync Enter - MemInfo: [/proc/self/status]	VmRSS:	  154280 kB
20220312 013254.207 INFO             PET1 PIOc_sync Enter - MemInfo: [/proc/self/status]	VmData:	  256064 kB
20220312 013254.207 INFO             PET1 PIOc_sync Enter - MemInfo: [/proc/self/status]	VmStk:	     512 kB
20220312 013254.208 INFO             PET1 PIOc_sync Enter - MemInfo: [/proc/self/status]	VmExe:	    1764 kB
20220312 013254.208 INFO             PET1 PIOc_sync Enter - MemInfo: [/proc/self/status]	VmLib:	  156408 kB
20220312 013254.208 INFO             PET1 PIOc_sync Enter - MemInfo: [/proc/self/status]	VmPTE:	     776 kB
20220312 013254.208 INFO             PET1 PIOc_sync Enter - MemInfo: [/proc/self/status]	VmPMD:	      28 kB
20220312 013254.208 INFO             PET1 PIOc_sync Enter - MemInfo: [/proc/self/status]	VmSwap:	       0 kB
20220312 013254.208 INFO             PET1 PIOc_sync Enter - MemInfo: [/proc/self/status]	VmRSSPercent: 0.117417 %
20220312 013254.208 INFO             PET1 PIOc_sync Enter - MemInfo: [malloc] Non-mmapped space allocated:                 2490368 Byte
20220312 013254.208 INFO             PET1 PIOc_sync Enter - MemInfo: [malloc] Space allocated in mmapped regions:         73412608 Byte
20220312 013254.208 INFO             PET1 PIOc_sync Enter - MemInfo: [malloc] Maximum total allocated space:                     0 Byte
20220312 013254.208 INFO             PET1 PIOc_sync Enter - MemInfo: [malloc] Space in freed fastbin blocks:                   672 Byte
20220312 013254.208 INFO             PET1 PIOc_sync Enter - MemInfo: [malloc] Total allocated space:                       2253184 Byte
20220312 013254.208 INFO             PET1 PIOc_sync Enter - MemInfo: [malloc] Total free space:                             237184 Byte
20220312 013254.208 INFO             PET1 PIOc_sync Enter - MemInfo: [malloc] Top-most, releasable space:                   104096 Byte
20220312 013254.208 INFO             PET1 PIOc_sync Enter - MemInfo: [malloc] Total space in use, mmap + non-mmap:        75665792 Byte
20220312 013254.208 INFO             PET1 PIOc_sync Enter - MemInfo: [malloc] Total space held (mmap + non-mmap):         75902976 Byte
20220312 013254.208 INFO             PET1 PIOc_sync Enter - MemInfo: [malloc] Total space used (mmap + non-mmap):         75675152 Byte
20220312 013254.208 INFO             PET1 PIOc_sync Enter - MemInfo: Wall-clock time since execution start:              0.0189931 seconds
20220312 013254.209 INFO             PET1 PIOc_sync Exit - MemInfo: [/proc/meminfo - SSI]	MemTotal:       131394452 kB
20220312 013254.209 INFO             PET1 PIOc_sync Exit - MemInfo: [/proc/meminfo - SSI]	MemFree:        122295232 kB
20220312 013254.209 INFO             PET1 PIOc_sync Exit - MemInfo: [/proc/meminfo - SSI]	MemAvailable:   121956736 kB
20220312 013254.209 INFO             PET1 PIOc_sync Exit - MemInfo: [/proc/meminfo - SSI]	Committed_AS:    4257156 kB
20220312 013254.209 INFO             PET1 PIOc_sync Exit - MemInfo: [/proc/meminfo - SSI]	CommittedPercent: 3.23998 %
20220312 013254.209 INFO             PET1 PIOc_sync Exit - MemInfo: [/proc/self/status]	VmPeak:	 3853764 kB
20220312 013254.209 INFO             PET1 PIOc_sync Exit - MemInfo: [/proc/self/status]	VmSize:	 3839376 kB
20220312 013254.209 INFO             PET1 PIOc_sync Exit - MemInfo: [/proc/self/status]	VmLck:	       0 kB
20220312 013254.209 INFO             PET1 PIOc_sync Exit - MemInfo: [/proc/self/status]	VmPin:	   71900 kB
20220312 013254.209 INFO             PET1 PIOc_sync Exit - MemInfo: [/proc/self/status]	VmHWM:	  154432 kB
20220312 013254.209 INFO             PET1 PIOc_sync Exit - MemInfo: [/proc/self/status]	VmRSS:	  154432 kB
20220312 013254.209 INFO             PET1 PIOc_sync Exit - MemInfo: [/proc/self/status]	VmData:	  256064 kB
20220312 013254.209 INFO             PET1 PIOc_sync Exit - MemInfo: [/proc/self/status]	VmStk:	     512 kB
20220312 013254.209 INFO             PET1 PIOc_sync Exit - MemInfo: [/proc/self/status]	VmExe:	    1764 kB
20220312 013254.209 INFO             PET1 PIOc_sync Exit - MemInfo: [/proc/self/status]	VmLib:	  156408 kB
20220312 013254.209 INFO             PET1 PIOc_sync Exit - MemInfo: [/proc/self/status]	VmPTE:	     776 kB
20220312 013254.209 INFO             PET1 PIOc_sync Exit - MemInfo: [/proc/self/status]	VmPMD:	      28 kB
20220312 013254.209 INFO             PET1 PIOc_sync Exit - MemInfo: [/proc/self/status]	VmSwap:	       0 kB
20220312 013254.209 INFO             PET1 PIOc_sync Exit - MemInfo: [/proc/self/status]	VmRSSPercent: 0.117533 %
20220312 013254.209 INFO             PET1 PIOc_sync Exit - MemInfo: [malloc] Non-mmapped space allocated:                 2490368 Byte
20220312 013254.209 INFO             PET1 PIOc_sync Exit - MemInfo: [malloc] Space allocated in mmapped regions:         73412608 Byte
20220312 013254.209 INFO             PET1 PIOc_sync Exit - MemInfo: [malloc] Maximum total allocated space:                     0 Byte
20220312 013254.209 INFO             PET1 PIOc_sync Exit - MemInfo: [malloc] Space in freed fastbin blocks:                   192 Byte
20220312 013254.209 INFO             PET1 PIOc_sync Exit - MemInfo: [malloc] Total allocated space:                       2252352 Byte
20220312 013254.209 INFO             PET1 PIOc_sync Exit - MemInfo: [malloc] Total free space:                             238016 Byte
20220312 013254.209 INFO             PET1 PIOc_sync Exit - MemInfo: [malloc] Top-most, releasable space:                   105504 Byte
20220312 013254.209 INFO             PET1 PIOc_sync Exit - MemInfo: [malloc] Total space in use, mmap + non-mmap:        75664960 Byte
20220312 013254.209 INFO             PET1 PIOc_sync Exit - MemInfo: [malloc] Total space held (mmap + non-mmap):         75902976 Byte
20220312 013254.209 INFO             PET1 PIOc_sync Exit - MemInfo: [malloc] Total space used (mmap + non-mmap):         75674320 Byte
20220312 013254.209 INFO             PET1 PIOc_sync Exit - MemInfo: Wall-clock time since execution start:              0.0203946 seconds
20220312 013254.209 INFO             PET1 PIOc_freedecomp Enter - MemInfo: [/proc/meminfo - SSI]	MemTotal:       131394452 kB
20220312 013254.209 INFO             PET1 PIOc_freedecomp Enter - MemInfo: [/proc/meminfo - SSI]	MemFree:        122296444 kB
20220312 013254.209 INFO             PET1 PIOc_freedecomp Enter - MemInfo: [/proc/meminfo - SSI]	MemAvailable:   121957948 kB
20220312 013254.210 INFO             PET1 PIOc_freedecomp Enter - MemInfo: [/proc/meminfo - SSI]	Committed_AS:    4257156 kB
20220312 013254.210 INFO             PET1 PIOc_freedecomp Enter - MemInfo: [/proc/meminfo - SSI]	CommittedPercent: 3.23998 %
20220312 013254.210 INFO             PET1 PIOc_freedecomp Enter - MemInfo: [/proc/self/status]	VmPeak:	 3853764 kB
20220312 013254.210 INFO             PET1 PIOc_freedecomp Enter - MemInfo: [/proc/self/status]	VmSize:	 3839376 kB
20220312 013254.210 INFO             PET1 PIOc_freedecomp Enter - MemInfo: [/proc/self/status]	VmLck:	       0 kB
20220312 013254.210 INFO             PET1 PIOc_freedecomp Enter - MemInfo: [/proc/self/status]	VmPin:	   71900 kB
20220312 013254.210 INFO             PET1 PIOc_freedecomp Enter - MemInfo: [/proc/self/status]	VmHWM:	  154436 kB
20220312 013254.210 INFO             PET1 PIOc_freedecomp Enter - MemInfo: [/proc/self/status]	VmRSS:	  154436 kB
20220312 013254.210 INFO             PET1 PIOc_freedecomp Enter - MemInfo: [/proc/self/status]	VmData:	  256064 kB
20220312 013254.210 INFO             PET1 PIOc_freedecomp Enter - MemInfo: [/proc/self/status]	VmStk:	     512 kB
20220312 013254.210 INFO             PET1 PIOc_freedecomp Enter - MemInfo: [/proc/self/status]	VmExe:	    1764 kB
20220312 013254.210 INFO             PET1 PIOc_freedecomp Enter - MemInfo: [/proc/self/status]	VmLib:	  156408 kB
20220312 013254.210 INFO             PET1 PIOc_freedecomp Enter - MemInfo: [/proc/self/status]	VmPTE:	     776 kB
20220312 013254.210 INFO             PET1 PIOc_freedecomp Enter - MemInfo: [/proc/self/status]	VmPMD:	      28 kB
20220312 013254.210 INFO             PET1 PIOc_freedecomp Enter - MemInfo: [/proc/self/status]	VmSwap:	       0 kB
20220312 013254.210 INFO             PET1 PIOc_freedecomp Enter - MemInfo: [/proc/self/status]	VmRSSPercent: 0.117536 %
20220312 013254.210 INFO             PET1 PIOc_freedecomp Enter - MemInfo: [malloc] Non-mmapped space allocated:                 2490368 Byte
20220312 013254.210 INFO             PET1 PIOc_freedecomp Enter - MemInfo: [malloc] Space allocated in mmapped regions:         73412608 Byte
20220312 013254.210 INFO             PET1 PIOc_freedecomp Enter - MemInfo: [malloc] Maximum total allocated space:                     0 Byte
20220312 013254.210 INFO             PET1 PIOc_freedecomp Enter - MemInfo: [malloc] Space in freed fastbin blocks:                   368 Byte
20220312 013254.210 INFO             PET1 PIOc_freedecomp Enter - MemInfo: [malloc] Total allocated space:                       2250752 Byte
20220312 013254.210 INFO             PET1 PIOc_freedecomp Enter - MemInfo: [malloc] Total free space:                             239616 Byte
20220312 013254.210 INFO             PET1 PIOc_freedecomp Enter - MemInfo: [malloc] Top-most, releasable space:                   106336 Byte
20220312 013254.210 INFO             PET1 PIOc_freedecomp Enter - MemInfo: [malloc] Total space in use, mmap + non-mmap:        75663360 Byte
20220312 013254.210 INFO             PET1 PIOc_freedecomp Enter - MemInfo: [malloc] Total space held (mmap + non-mmap):         75902976 Byte
20220312 013254.210 INFO             PET1 PIOc_freedecomp Enter - MemInfo: [malloc] Total space used (mmap + non-mmap):         75672720 Byte
20220312 013254.210 INFO             PET1 PIOc_freedecomp Enter - MemInfo: Wall-clock time since execution start:              0.0211302 seconds
20220312 013254.210 INFO             PET1 PIOc_freedecomp Exit - MemInfo: [/proc/meminfo - SSI]	MemTotal:       131394452 kB
20220312 013254.210 INFO             PET1 PIOc_freedecomp Exit - MemInfo: [/proc/meminfo - SSI]	MemFree:        122296444 kB
20220312 013254.210 INFO             PET1 PIOc_freedecomp Exit - MemInfo: [/proc/meminfo - SSI]	MemAvailable:   121957948 kB
20220312 013254.210 INFO             PET1 PIOc_freedecomp Exit - MemInfo: [/proc/meminfo - SSI]	Committed_AS:    4257156 kB
20220312 013254.210 INFO             PET1 PIOc_freedecomp Exit - MemInfo: [/proc/meminfo - SSI]	CommittedPercent: 3.23998 %
20220312 013254.210 INFO             PET1 PIOc_freedecomp Exit - MemInfo: [/proc/self/status]	VmPeak:	 3853764 kB
20220312 013254.210 INFO             PET1 PIOc_freedecomp Exit - MemInfo: [/proc/self/status]	VmSize:	 3839376 kB
20220312 013254.210 INFO             PET1 PIOc_freedecomp Exit - MemInfo: [/proc/self/status]	VmLck:	       0 kB
20220312 013254.210 INFO             PET1 PIOc_freedecomp Exit - MemInfo: [/proc/self/status]	VmPin:	   71900 kB
20220312 013254.210 INFO             PET1 PIOc_freedecomp Exit - MemInfo: [/proc/self/status]	VmHWM:	  154440 kB
20220312 013254.210 INFO             PET1 PIOc_freedecomp Exit - MemInfo: [/proc/self/status]	VmRSS:	  154440 kB
20220312 013254.210 INFO             PET1 PIOc_freedecomp Exit - MemInfo: [/proc/self/status]	VmData:	  256064 kB
20220312 013254.210 INFO             PET1 PIOc_freedecomp Exit - MemInfo: [/proc/self/status]	VmStk:	     512 kB
20220312 013254.210 INFO             PET1 PIOc_freedecomp Exit - MemInfo: [/proc/self/status]	VmExe:	    1764 kB
20220312 013254.210 INFO             PET1 PIOc_freedecomp Exit - MemInfo: [/proc/self/status]	VmLib:	  156408 kB
20220312 013254.210 INFO             PET1 PIOc_freedecomp Exit - MemInfo: [/proc/self/status]	VmPTE:	     776 kB
20220312 013254.210 INFO             PET1 PIOc_freedecomp Exit - MemInfo: [/proc/self/status]	VmPMD:	      28 kB
20220312 013254.210 INFO             PET1 PIOc_freedecomp Exit - MemInfo: [/proc/self/status]	VmSwap:	       0 kB
20220312 013254.210 INFO             PET1 PIOc_freedecomp Exit - MemInfo: [/proc/self/status]	VmRSSPercent: 0.117539 %
20220312 013254.210 INFO             PET1 PIOc_freedecomp Exit - MemInfo: [malloc] Non-mmapped space allocated:                 2490368 Byte
20220312 013254.210 INFO             PET1 PIOc_freedecomp Exit - MemInfo: [malloc] Space allocated in mmapped regions:         73412608 Byte
20220312 013254.210 INFO             PET1 PIOc_freedecomp Exit - MemInfo: [malloc] Maximum total allocated space:                     0 Byte
20220312 013254.210 INFO             PET1 PIOc_freedecomp Exit - MemInfo: [malloc] Space in freed fastbin blocks:                   352 Byte
20220312 013254.210 INFO             PET1 PIOc_freedecomp Exit - MemInfo: [malloc] Total allocated space:                       2249376 Byte
20220312 013254.210 INFO             PET1 PIOc_freedecomp Exit - MemInfo: [malloc] Total free space:                             240992 Byte
20220312 013254.210 INFO             PET1 PIOc_freedecomp Exit - MemInfo: [malloc] Top-most, releasable space:                   106992 Byte
20220312 013254.210 INFO             PET1 PIOc_freedecomp Exit - MemInfo: [malloc] Total space in use, mmap + non-mmap:        75661984 Byte
20220312 013254.210 INFO             PET1 PIOc_freedecomp Exit - MemInfo: [malloc] Total space held (mmap + non-mmap):         75902976 Byte
20220312 013254.210 INFO             PET1 PIOc_freedecomp Exit - MemInfo: [malloc] Total space used (mmap + non-mmap):         75671344 Byte
20220312 013254.210 INFO             PET1 PIOc_freedecomp Exit - MemInfo: Wall-clock time since execution start:              0.0216277 seconds
20220312 013254.212 INFO             PET1 PIOc_sync Enter - MemInfo: [/proc/meminfo - SSI]	MemTotal:       131394452 kB
20220312 013254.212 INFO             PET1 PIOc_sync Enter - MemInfo: [/proc/meminfo - SSI]	MemFree:        122296444 kB
20220312 013254.212 INFO             PET1 PIOc_sync Enter - MemInfo: [/proc/meminfo - SSI]	MemAvailable:   121957948 kB
20220312 013254.212 INFO             PET1 PIOc_sync Enter - MemInfo: [/proc/meminfo - SSI]	Committed_AS:    4257156 kB
20220312 013254.212 INFO             PET1 PIOc_sync Enter - MemInfo: [/proc/meminfo - SSI]	CommittedPercent: 3.23998 %
20220312 013254.212 INFO             PET1 PIOc_sync Enter - MemInfo: [/proc/self/status]	VmPeak:	 3853764 kB
20220312 013254.212 INFO             PET1 PIOc_sync Enter - MemInfo: [/proc/self/status]	VmSize:	 3839376 kB
20220312 013254.212 INFO             PET1 PIOc_sync Enter - MemInfo: [/proc/self/status]	VmLck:	       0 kB
20220312 013254.212 INFO             PET1 PIOc_sync Enter - MemInfo: [/proc/self/status]	VmPin:	   71900 kB
20220312 013254.212 INFO             PET1 PIOc_sync Enter - MemInfo: [/proc/self/status]	VmHWM:	  154600 kB
20220312 013254.212 INFO             PET1 PIOc_sync Enter - MemInfo: [/proc/self/status]	VmRSS:	  154600 kB
20220312 013254.212 INFO             PET1 PIOc_sync Enter - MemInfo: [/proc/self/status]	VmData:	  256064 kB
20220312 013254.212 INFO             PET1 PIOc_sync Enter - MemInfo: [/proc/self/status]	VmStk:	     512 kB
20220312 013254.212 INFO             PET1 PIOc_sync Enter - MemInfo: [/proc/self/status]	VmExe:	    1764 kB
20220312 013254.212 INFO             PET1 PIOc_sync Enter - MemInfo: [/proc/self/status]	VmLib:	  156408 kB
20220312 013254.212 INFO             PET1 PIOc_sync Enter - MemInfo: [/proc/self/status]	VmPTE:	     776 kB
20220312 013254.212 INFO             PET1 PIOc_sync Enter - MemInfo: [/proc/self/status]	VmPMD:	      28 kB
20220312 013254.212 INFO             PET1 PIOc_sync Enter - MemInfo: [/proc/self/status]	VmSwap:	       0 kB
20220312 013254.212 INFO             PET1 PIOc_sync Enter - MemInfo: [/proc/self/status]	VmRSSPercent: 0.117661 %
20220312 013254.212 INFO             PET1 PIOc_sync Enter - MemInfo: [malloc] Non-mmapped space allocated:                 2490368 Byte
20220312 013254.212 INFO             PET1 PIOc_sync Enter - MemInfo: [malloc] Space allocated in mmapped regions:         73412608 Byte
20220312 013254.212 INFO             PET1 PIOc_sync Enter - MemInfo: [malloc] Maximum total allocated space:                     0 Byte
20220312 013254.212 INFO             PET1 PIOc_sync Enter - MemInfo: [malloc] Space in freed fastbin blocks:                   896 Byte
20220312 013254.212 INFO             PET1 PIOc_sync Enter - MemInfo: [malloc] Total allocated space:                       2253280 Byte
20220312 013254.212 INFO             PET1 PIOc_sync Enter - MemInfo: [malloc] Total free space:                             237088 Byte
20220312 013254.212 INFO             PET1 PIOc_sync Enter - MemInfo: [malloc] Top-most, releasable space:                   103776 Byte
20220312 013254.212 INFO             PET1 PIOc_sync Enter - MemInfo: [malloc] Total space in use, mmap + non-mmap:        75665888 Byte
20220312 013254.212 INFO             PET1 PIOc_sync Enter - MemInfo: [malloc] Total space held (mmap + non-mmap):         75902976 Byte
20220312 013254.212 INFO             PET1 PIOc_sync Enter - MemInfo: [malloc] Total space used (mmap + non-mmap):         75675248 Byte
20220312 013254.212 INFO             PET1 PIOc_sync Enter - MemInfo: Wall-clock time since execution start:               0.023367 seconds
20220312 013254.212 INFO             PET1 PIOc_sync Exit - MemInfo: [/proc/meminfo - SSI]	MemTotal:       131394452 kB
20220312 013254.212 INFO             PET1 PIOc_sync Exit - MemInfo: [/proc/meminfo - SSI]	MemFree:        122296444 kB
20220312 013254.212 INFO             PET1 PIOc_sync Exit - MemInfo: [/proc/meminfo - SSI]	MemAvailable:   121957948 kB
20220312 013254.212 INFO             PET1 PIOc_sync Exit - MemInfo: [/proc/meminfo - SSI]	Committed_AS:    4257156 kB
20220312 013254.212 INFO             PET1 PIOc_sync Exit - MemInfo: [/proc/meminfo - SSI]	CommittedPercent: 3.23998 %
20220312 013254.212 INFO             PET1 PIOc_sync Exit - MemInfo: [/proc/self/status]	VmPeak:	 3853764 kB
20220312 013254.213 INFO             PET1 PIOc_sync Exit - MemInfo: [/proc/self/status]	VmSize:	 3839376 kB
20220312 013254.213 INFO             PET1 PIOc_sync Exit - MemInfo: [/proc/self/status]	VmLck:	       0 kB
20220312 013254.213 INFO             PET1 PIOc_sync Exit - MemInfo: [/proc/self/status]	VmPin:	   71900 kB
20220312 013254.213 INFO             PET1 PIOc_sync Exit - MemInfo: [/proc/self/status]	VmHWM:	  154604 kB
20220312 013254.213 INFO             PET1 PIOc_sync Exit - MemInfo: [/proc/self/status]	VmRSS:	  154604 kB
20220312 013254.213 INFO             PET1 PIOc_sync Exit - MemInfo: [/proc/self/status]	VmData:	  256064 kB
20220312 013254.213 INFO             PET1 PIOc_sync Exit - MemInfo: [/proc/self/status]	VmStk:	     512 kB
20220312 013254.213 INFO             PET1 PIOc_sync Exit - MemInfo: [/proc/self/status]	VmExe:	    1764 kB
20220312 013254.213 INFO             PET1 PIOc_sync Exit - MemInfo: [/proc/self/status]	VmLib:	  156408 kB
20220312 013254.213 INFO             PET1 PIOc_sync Exit - MemInfo: [/proc/self/status]	VmPTE:	     776 kB
20220312 013254.213 INFO             PET1 PIOc_sync Exit - MemInfo: [/proc/self/status]	VmPMD:	      28 kB
20220312 013254.213 INFO             PET1 PIOc_sync Exit - MemInfo: [/proc/self/status]	VmSwap:	       0 kB
20220312 013254.213 INFO             PET1 PIOc_sync Exit - MemInfo: [/proc/self/status]	VmRSSPercent: 0.117664 %
20220312 013254.213 INFO             PET1 PIOc_sync Exit - MemInfo: [malloc] Non-mmapped space allocated:                 2490368 Byte
20220312 013254.213 INFO             PET1 PIOc_sync Exit - MemInfo: [malloc] Space allocated in mmapped regions:         73412608 Byte
20220312 013254.213 INFO             PET1 PIOc_sync Exit - MemInfo: [malloc] Maximum total allocated space:                     0 Byte
20220312 013254.213 INFO             PET1 PIOc_sync Exit - MemInfo: [malloc] Space in freed fastbin blocks:                   144 Byte
20220312 013254.213 INFO             PET1 PIOc_sync Exit - MemInfo: [malloc] Total allocated space:                       2252496 Byte
20220312 013254.213 INFO             PET1 PIOc_sync Exit - MemInfo: [malloc] Total free space:                             237872 Byte
20220312 013254.213 INFO             PET1 PIOc_sync Exit - MemInfo: [malloc] Top-most, releasable space:                   105104 Byte
20220312 013254.213 INFO             PET1 PIOc_sync Exit - MemInfo: [malloc] Total space in use, mmap + non-mmap:        75665104 Byte
20220312 013254.213 INFO             PET1 PIOc_sync Exit - MemInfo: [malloc] Total space held (mmap + non-mmap):         75902976 Byte
20220312 013254.213 INFO             PET1 PIOc_sync Exit - MemInfo: [malloc] Total space used (mmap + non-mmap):         75674464 Byte
20220312 013254.213 INFO             PET1 PIOc_sync Exit - MemInfo: Wall-clock time since execution start:              0.0240264 seconds
20220312 013254.213 INFO             PET1 PIOc_freedecomp Enter - MemInfo: [/proc/meminfo - SSI]	MemTotal:       131394452 kB
20220312 013254.213 INFO             PET1 PIOc_freedecomp Enter - MemInfo: [/proc/meminfo - SSI]	MemFree:        122296444 kB
20220312 013254.213 INFO             PET1 PIOc_freedecomp Enter - MemInfo: [/proc/meminfo - SSI]	MemAvailable:   121957948 kB
20220312 013254.213 INFO             PET1 PIOc_freedecomp Enter - MemInfo: [/proc/meminfo - SSI]	Committed_AS:    4257156 kB
20220312 013254.213 INFO             PET1 PIOc_freedecomp Enter - MemInfo: [/proc/meminfo - SSI]	CommittedPercent: 3.23998 %
20220312 013254.213 INFO             PET1 PIOc_freedecomp Enter - MemInfo: [/proc/self/status]	VmPeak:	 3853764 kB
20220312 013254.213 INFO             PET1 PIOc_freedecomp Enter - MemInfo: [/proc/self/status]	VmSize:	 3839376 kB
20220312 013254.213 INFO             PET1 PIOc_freedecomp Enter - MemInfo: [/proc/self/status]	VmLck:	       0 kB
20220312 013254.213 INFO             PET1 PIOc_freedecomp Enter - MemInfo: [/proc/self/status]	VmPin:	   71900 kB
20220312 013254.213 INFO             PET1 PIOc_freedecomp Enter - MemInfo: [/proc/self/status]	VmHWM:	  154604 kB
20220312 013254.213 INFO             PET1 PIOc_freedecomp Enter - MemInfo: [/proc/self/status]	VmRSS:	  154604 kB
20220312 013254.213 INFO             PET1 PIOc_freedecomp Enter - MemInfo: [/proc/self/status]	VmData:	  256064 kB
20220312 013254.213 INFO             PET1 PIOc_freedecomp Enter - MemInfo: [/proc/self/status]	VmStk:	     512 kB
20220312 013254.213 INFO             PET1 PIOc_freedecomp Enter - MemInfo: [/proc/self/status]	VmExe:	    1764 kB
20220312 013254.213 INFO             PET1 PIOc_freedecomp Enter - MemInfo: [/proc/self/status]	VmLib:	  156408 kB
20220312 013254.213 INFO             PET1 PIOc_freedecomp Enter - MemInfo: [/proc/self/status]	VmPTE:	     776 kB
20220312 013254.213 INFO             PET1 PIOc_freedecomp Enter - MemInfo: [/proc/self/status]	VmPMD:	      28 kB
20220312 013254.213 INFO             PET1 PIOc_freedecomp Enter - MemInfo: [/proc/self/status]	VmSwap:	       0 kB
20220312 013254.213 INFO             PET1 PIOc_freedecomp Enter - MemInfo: [/proc/self/status]	VmRSSPercent: 0.117664 %
20220312 013254.213 INFO             PET1 PIOc_freedecomp Enter - MemInfo: [malloc] Non-mmapped space allocated:                 2490368 Byte
20220312 013254.213 INFO             PET1 PIOc_freedecomp Enter - MemInfo: [malloc] Space allocated in mmapped regions:         73412608 Byte
20220312 013254.213 INFO             PET1 PIOc_freedecomp Enter - MemInfo: [malloc] Maximum total allocated space:                     0 Byte
20220312 013254.213 INFO             PET1 PIOc_freedecomp Enter - MemInfo: [malloc] Space in freed fastbin blocks:                   368 Byte
20220312 013254.213 INFO             PET1 PIOc_freedecomp Enter - MemInfo: [malloc] Total allocated space:                       2250736 Byte
20220312 013254.213 INFO             PET1 PIOc_freedecomp Enter - MemInfo: [malloc] Total free space:                             239632 Byte
20220312 013254.213 INFO             PET1 PIOc_freedecomp Enter - MemInfo: [malloc] Top-most, releasable space:                   105408 Byte
20220312 013254.213 INFO             PET1 PIOc_freedecomp Enter - MemInfo: [malloc] Total space in use, mmap + non-mmap:        75663344 Byte
20220312 013254.213 INFO             PET1 PIOc_freedecomp Enter - MemInfo: [malloc] Total space held (mmap + non-mmap):         75902976 Byte
20220312 013254.213 INFO             PET1 PIOc_freedecomp Enter - MemInfo: [malloc] Total space used (mmap + non-mmap):         75672704 Byte
20220312 013254.213 INFO             PET1 PIOc_freedecomp Enter - MemInfo: Wall-clock time since execution start:              0.0246466 seconds
20220312 013254.214 INFO             PET1 PIOc_freedecomp Exit - MemInfo: [/proc/meminfo - SSI]	MemTotal:       131394452 kB
20220312 013254.214 INFO             PET1 PIOc_freedecomp Exit - MemInfo: [/proc/meminfo - SSI]	MemFree:        122296444 kB
20220312 013254.214 INFO             PET1 PIOc_freedecomp Exit - MemInfo: [/proc/meminfo - SSI]	MemAvailable:   121957948 kB
20220312 013254.214 INFO             PET1 PIOc_freedecomp Exit - MemInfo: [/proc/meminfo - SSI]	Committed_AS:    4257156 kB
20220312 013254.214 INFO             PET1 PIOc_freedecomp Exit - MemInfo: [/proc/meminfo - SSI]	CommittedPercent: 3.23998 %
20220312 013254.214 INFO             PET1 PIOc_freedecomp Exit - MemInfo: [/proc/self/status]	VmPeak:	 3853764 kB
20220312 013254.214 INFO             PET1 PIOc_freedecomp Exit - MemInfo: [/proc/self/status]	VmSize:	 3839376 kB
20220312 013254.214 INFO             PET1 PIOc_freedecomp Exit - MemInfo: [/proc/self/status]	VmLck:	       0 kB
20220312 013254.214 INFO             PET1 PIOc_freedecomp Exit - MemInfo: [/proc/self/status]	VmPin:	   71900 kB
20220312 013254.214 INFO             PET1 PIOc_freedecomp Exit - MemInfo: [/proc/self/status]	VmHWM:	  154604 kB
20220312 013254.214 INFO             PET1 PIOc_freedecomp Exit - MemInfo: [/proc/self/status]	VmRSS:	  154604 kB
20220312 013254.214 INFO             PET1 PIOc_freedecomp Exit - MemInfo: [/proc/self/status]	VmData:	  256064 kB
20220312 013254.214 INFO             PET1 PIOc_freedecomp Exit - MemInfo: [/proc/self/status]	VmStk:	     512 kB
20220312 013254.214 INFO             PET1 PIOc_freedecomp Exit - MemInfo: [/proc/self/status]	VmExe:	    1764 kB
20220312 013254.214 INFO             PET1 PIOc_freedecomp Exit - MemInfo: [/proc/self/status]	VmLib:	  156408 kB
20220312 013254.214 INFO             PET1 PIOc_freedecomp Exit - MemInfo: [/proc/self/status]	VmPTE:	     776 kB
20220312 013254.214 INFO             PET1 PIOc_freedecomp Exit - MemInfo: [/proc/self/status]	VmPMD:	      28 kB
20220312 013254.214 INFO             PET1 PIOc_freedecomp Exit - MemInfo: [/proc/self/status]	VmSwap:	       0 kB
20220312 013254.214 INFO             PET1 PIOc_freedecomp Exit - MemInfo: [/proc/self/status]	VmRSSPercent: 0.117664 %
20220312 013254.214 INFO             PET1 PIOc_freedecomp Exit - MemInfo: [malloc] Non-mmapped space allocated:                 2490368 Byte
20220312 013254.214 INFO             PET1 PIOc_freedecomp Exit - MemInfo: [malloc] Space allocated in mmapped regions:         73412608 Byte
20220312 013254.214 INFO             PET1 PIOc_freedecomp Exit - MemInfo: [malloc] Maximum total allocated space:                     0 Byte
20220312 013254.214 INFO             PET1 PIOc_freedecomp Exit - MemInfo: [malloc] Space in freed fastbin blocks:                   320 Byte
20220312 013254.214 INFO             PET1 PIOc_freedecomp Exit - MemInfo: [malloc] Total allocated space:                       2249376 Byte
20220312 013254.214 INFO             PET1 PIOc_freedecomp Exit - MemInfo: [malloc] Total free space:                             240992 Byte
20220312 013254.214 INFO             PET1 PIOc_freedecomp Exit - MemInfo: [malloc] Top-most, releasable space:                   105936 Byte
20220312 013254.214 INFO             PET1 PIOc_freedecomp Exit - MemInfo: [malloc] Total space in use, mmap + non-mmap:        75661984 Byte
20220312 013254.214 INFO             PET1 PIOc_freedecomp Exit - MemInfo: [malloc] Total space held (mmap + non-mmap):         75902976 Byte
20220312 013254.214 INFO             PET1 PIOc_freedecomp Exit - MemInfo: [malloc] Total space used (mmap + non-mmap):         75671344 Byte
20220312 013254.214 INFO             PET1 PIOc_freedecomp Exit - MemInfo: Wall-clock time since execution start:              0.0251532 seconds
20220312 013254.215 INFO             PET1 PIOc_sync Enter - MemInfo: [/proc/meminfo - SSI]	MemTotal:       131394452 kB
20220312 013254.215 INFO             PET1 PIOc_sync Enter - MemInfo: [/proc/meminfo - SSI]	MemFree:        122295976 kB
20220312 013254.215 INFO             PET1 PIOc_sync Enter - MemInfo: [/proc/meminfo - SSI]	MemAvailable:   121957480 kB
20220312 013254.215 INFO             PET1 PIOc_sync Enter - MemInfo: [/proc/meminfo - SSI]	Committed_AS:    4257156 kB
20220312 013254.215 INFO             PET1 PIOc_sync Enter - MemInfo: [/proc/meminfo - SSI]	CommittedPercent: 3.23998 %
20220312 013254.215 INFO             PET1 PIOc_sync Enter - MemInfo: [/proc/self/status]	VmPeak:	 3853764 kB
20220312 013254.215 INFO             PET1 PIOc_sync Enter - MemInfo: [/proc/self/status]	VmSize:	 3839376 kB
20220312 013254.215 INFO             PET1 PIOc_sync Enter - MemInfo: [/proc/self/status]	VmLck:	       0 kB
20220312 013254.215 INFO             PET1 PIOc_sync Enter - MemInfo: [/proc/self/status]	VmPin:	   71900 kB
20220312 013254.215 INFO             PET1 PIOc_sync Enter - MemInfo: [/proc/self/status]	VmHWM:	  154812 kB
20220312 013254.215 INFO             PET1 PIOc_sync Enter - MemInfo: [/proc/self/status]	VmRSS:	  154812 kB
20220312 013254.215 INFO             PET1 PIOc_sync Enter - MemInfo: [/proc/self/status]	VmData:	  256064 kB
20220312 013254.215 INFO             PET1 PIOc_sync Enter - MemInfo: [/proc/self/status]	VmStk:	     512 kB
20220312 013254.215 INFO             PET1 PIOc_sync Enter - MemInfo: [/proc/self/status]	VmExe:	    1764 kB
20220312 013254.215 INFO             PET1 PIOc_sync Enter - MemInfo: [/proc/self/status]	VmLib:	  156408 kB
20220312 013254.215 INFO             PET1 PIOc_sync Enter - MemInfo: [/proc/self/status]	VmPTE:	     776 kB
20220312 013254.215 INFO             PET1 PIOc_sync Enter - MemInfo: [/proc/self/status]	VmPMD:	      28 kB
20220312 013254.215 INFO             PET1 PIOc_sync Enter - MemInfo: [/proc/self/status]	VmSwap:	       0 kB
20220312 013254.215 INFO             PET1 PIOc_sync Enter - MemInfo: [/proc/self/status]	VmRSSPercent: 0.117822 %
20220312 013254.215 INFO             PET1 PIOc_sync Enter - MemInfo: [malloc] Non-mmapped space allocated:                 2490368 Byte
20220312 013254.215 INFO             PET1 PIOc_sync Enter - MemInfo: [malloc] Space allocated in mmapped regions:         73412608 Byte
20220312 013254.215 INFO             PET1 PIOc_sync Enter - MemInfo: [malloc] Maximum total allocated space:                     0 Byte
20220312 013254.215 INFO             PET1 PIOc_sync Enter - MemInfo: [malloc] Space in freed fastbin blocks:                   144 Byte
20220312 013254.215 INFO             PET1 PIOc_sync Enter - MemInfo: [malloc] Total allocated space:                       2253424 Byte
20220312 013254.215 INFO             PET1 PIOc_sync Enter - MemInfo: [malloc] Total free space:                             236944 Byte
20220312 013254.215 INFO             PET1 PIOc_sync Enter - MemInfo: [malloc] Top-most, releasable space:                   104240 Byte
20220312 013254.216 INFO             PET1 PIOc_sync Enter - MemInfo: [malloc] Total space in use, mmap + non-mmap:        75666032 Byte
20220312 013254.216 INFO             PET1 PIOc_sync Enter - MemInfo: [malloc] Total space held (mmap + non-mmap):         75902976 Byte
20220312 013254.216 INFO             PET1 PIOc_sync Enter - MemInfo: [malloc] Total space used (mmap + non-mmap):         75675392 Byte
20220312 013254.216 INFO             PET1 PIOc_sync Enter - MemInfo: Wall-clock time since execution start:              0.0267578 seconds
20220312 013254.216 INFO             PET1 PIOc_sync Exit - MemInfo: [/proc/meminfo - SSI]	MemTotal:       131394452 kB
20220312 013254.216 INFO             PET1 PIOc_sync Exit - MemInfo: [/proc/meminfo - SSI]	MemFree:        122295976 kB
20220312 013254.216 INFO             PET1 PIOc_sync Exit - MemInfo: [/proc/meminfo - SSI]	MemAvailable:   121957480 kB
20220312 013254.216 INFO             PET1 PIOc_sync Exit - MemInfo: [/proc/meminfo - SSI]	Committed_AS:    4257156 kB
20220312 013254.216 INFO             PET1 PIOc_sync Exit - MemInfo: [/proc/meminfo - SSI]	CommittedPercent: 3.23998 %
20220312 013254.216 INFO             PET1 PIOc_sync Exit - MemInfo: [/proc/self/status]	VmPeak:	 3853764 kB
20220312 013254.216 INFO             PET1 PIOc_sync Exit - MemInfo: [/proc/self/status]	VmSize:	 3839376 kB
20220312 013254.216 INFO             PET1 PIOc_sync Exit - MemInfo: [/proc/self/status]	VmLck:	       0 kB
20220312 013254.216 INFO             PET1 PIOc_sync Exit - MemInfo: [/proc/self/status]	VmPin:	   71900 kB
20220312 013254.216 INFO             PET1 PIOc_sync Exit - MemInfo: [/proc/self/status]	VmHWM:	  154812 kB
20220312 013254.216 INFO             PET1 PIOc_sync Exit - MemInfo: [/proc/self/status]	VmRSS:	  154812 kB
20220312 013254.216 INFO             PET1 PIOc_sync Exit - MemInfo: [/proc/self/status]	VmData:	  256064 kB
20220312 013254.216 INFO             PET1 PIOc_sync Exit - MemInfo: [/proc/self/status]	VmStk:	     512 kB
20220312 013254.216 INFO             PET1 PIOc_sync Exit - MemInfo: [/proc/self/status]	VmExe:	    1764 kB
20220312 013254.216 INFO             PET1 PIOc_sync Exit - MemInfo: [/proc/self/status]	VmLib:	  156408 kB
20220312 013254.216 INFO             PET1 PIOc_sync Exit - MemInfo: [/proc/self/status]	VmPTE:	     776 kB
20220312 013254.216 INFO             PET1 PIOc_sync Exit - MemInfo: [/proc/self/status]	VmPMD:	      28 kB
20220312 013254.216 INFO             PET1 PIOc_sync Exit - MemInfo: [/proc/self/status]	VmSwap:	       0 kB
20220312 013254.216 INFO             PET1 PIOc_sync Exit - MemInfo: [/proc/self/status]	VmRSSPercent: 0.117822 %
20220312 013254.216 INFO             PET1 PIOc_sync Exit - MemInfo: [malloc] Non-mmapped space allocated:                 2490368 Byte
20220312 013254.216 INFO             PET1 PIOc_sync Exit - MemInfo: [malloc] Space allocated in mmapped regions:         73412608 Byte
20220312 013254.216 INFO             PET1 PIOc_sync Exit - MemInfo: [malloc] Maximum total allocated space:                     0 Byte
20220312 013254.216 INFO             PET1 PIOc_sync Exit - MemInfo: [malloc] Space in freed fastbin blocks:                   144 Byte
20220312 013254.216 INFO             PET1 PIOc_sync Exit - MemInfo: [malloc] Total allocated space:                       2252640 Byte
20220312 013254.216 INFO             PET1 PIOc_sync Exit - MemInfo: [malloc] Total free space:                             237728 Byte
20220312 013254.216 INFO             PET1 PIOc_sync Exit - MemInfo: [malloc] Top-most, releasable space:                   104896 Byte
20220312 013254.216 INFO             PET1 PIOc_sync Exit - MemInfo: [malloc] Total space in use, mmap + non-mmap:        75665248 Byte
20220312 013254.216 INFO             PET1 PIOc_sync Exit - MemInfo: [malloc] Total space held (mmap + non-mmap):         75902976 Byte
20220312 013254.216 INFO             PET1 PIOc_sync Exit - MemInfo: [malloc] Total space used (mmap + non-mmap):         75674608 Byte
20220312 013254.216 INFO             PET1 PIOc_sync Exit - MemInfo: Wall-clock time since execution start:              0.0274276 seconds
20220312 013254.216 INFO             PET1 PIOc_freedecomp Enter - MemInfo: [/proc/meminfo - SSI]	MemTotal:       131394452 kB
20220312 013254.216 INFO             PET1 PIOc_freedecomp Enter - MemInfo: [/proc/meminfo - SSI]	MemFree:        122295976 kB
20220312 013254.216 INFO             PET1 PIOc_freedecomp Enter - MemInfo: [/proc/meminfo - SSI]	MemAvailable:   121957480 kB
20220312 013254.216 INFO             PET1 PIOc_freedecomp Enter - MemInfo: [/proc/meminfo - SSI]	Committed_AS:    4257156 kB
20220312 013254.216 INFO             PET1 PIOc_freedecomp Enter - MemInfo: [/proc/meminfo - SSI]	CommittedPercent: 3.23998 %
20220312 013254.216 INFO             PET1 PIOc_freedecomp Enter - MemInfo: [/proc/self/status]	VmPeak:	 3853764 kB
20220312 013254.216 INFO             PET1 PIOc_freedecomp Enter - MemInfo: [/proc/self/status]	VmSize:	 3839376 kB
20220312 013254.216 INFO             PET1 PIOc_freedecomp Enter - MemInfo: [/proc/self/status]	VmLck:	       0 kB
20220312 013254.216 INFO             PET1 PIOc_freedecomp Enter - MemInfo: [/proc/self/status]	VmPin:	   71900 kB
20220312 013254.216 INFO             PET1 PIOc_freedecomp Enter - MemInfo: [/proc/self/status]	VmHWM:	  154812 kB
20220312 013254.216 INFO             PET1 PIOc_freedecomp Enter - MemInfo: [/proc/self/status]	VmRSS:	  154812 kB
20220312 013254.216 INFO             PET1 PIOc_freedecomp Enter - MemInfo: [/proc/self/status]	VmData:	  256064 kB
20220312 013254.217 INFO             PET1 PIOc_freedecomp Enter - MemInfo: [/proc/self/status]	VmStk:	     512 kB
20220312 013254.217 INFO             PET1 PIOc_freedecomp Enter - MemInfo: [/proc/self/status]	VmExe:	    1764 kB
20220312 013254.217 INFO             PET1 PIOc_freedecomp Enter - MemInfo: [/proc/self/status]	VmLib:	  156408 kB
20220312 013254.217 INFO             PET1 PIOc_freedecomp Enter - MemInfo: [/proc/self/status]	VmPTE:	     776 kB
20220312 013254.217 INFO             PET1 PIOc_freedecomp Enter - MemInfo: [/proc/self/status]	VmPMD:	      28 kB
20220312 013254.217 INFO             PET1 PIOc_freedecomp Enter - MemInfo: [/proc/self/status]	VmSwap:	       0 kB
20220312 013254.217 INFO             PET1 PIOc_freedecomp Enter - MemInfo: [/proc/self/status]	VmRSSPercent: 0.117822 %
20220312 013254.217 INFO             PET1 PIOc_freedecomp Enter - MemInfo: [malloc] Non-mmapped space allocated:                 2490368 Byte
20220312 013254.217 INFO             PET1 PIOc_freedecomp Enter - MemInfo: [malloc] Space allocated in mmapped regions:         73412608 Byte
20220312 013254.217 INFO             PET1 PIOc_freedecomp Enter - MemInfo: [malloc] Maximum total allocated space:                     0 Byte
20220312 013254.217 INFO             PET1 PIOc_freedecomp Enter - MemInfo: [malloc] Space in freed fastbin blocks:                   240 Byte
20220312 013254.217 INFO             PET1 PIOc_freedecomp Enter - MemInfo: [malloc] Total allocated space:                       2250752 Byte
20220312 013254.217 INFO             PET1 PIOc_freedecomp Enter - MemInfo: [malloc] Total free space:                             239616 Byte
20220312 013254.217 INFO             PET1 PIOc_freedecomp Enter - MemInfo: [malloc] Top-most, releasable space:                   105200 Byte
20220312 013254.217 INFO             PET1 PIOc_freedecomp Enter - MemInfo: [malloc] Total space in use, mmap + non-mmap:        75663360 Byte
20220312 013254.217 INFO             PET1 PIOc_freedecomp Enter - MemInfo: [malloc] Total space held (mmap + non-mmap):         75902976 Byte
20220312 013254.217 INFO             PET1 PIOc_freedecomp Enter - MemInfo: [malloc] Total space used (mmap + non-mmap):         75672720 Byte
20220312 013254.217 INFO             PET1 PIOc_freedecomp Enter - MemInfo: Wall-clock time since execution start:              0.0279484 seconds
20220312 013254.217 INFO             PET1 PIOc_freedecomp Exit - MemInfo: [/proc/meminfo - SSI]	MemTotal:       131394452 kB
20220312 013254.217 INFO             PET1 PIOc_freedecomp Exit - MemInfo: [/proc/meminfo - SSI]	MemFree:        122295976 kB
20220312 013254.217 INFO             PET1 PIOc_freedecomp Exit - MemInfo: [/proc/meminfo - SSI]	MemAvailable:   121957480 kB
20220312 013254.217 INFO             PET1 PIOc_freedecomp Exit - MemInfo: [/proc/meminfo - SSI]	Committed_AS:    4257156 kB
20220312 013254.217 INFO             PET1 PIOc_freedecomp Exit - MemInfo: [/proc/meminfo - SSI]	CommittedPercent: 3.23998 %
20220312 013254.217 INFO             PET1 PIOc_freedecomp Exit - MemInfo: [/proc/self/status]	VmPeak:	 3853764 kB
20220312 013254.217 INFO             PET1 PIOc_freedecomp Exit - MemInfo: [/proc/self/status]	VmSize:	 3839376 kB
20220312 013254.217 INFO             PET1 PIOc_freedecomp Exit - MemInfo: [/proc/self/status]	VmLck:	       0 kB
20220312 013254.217 INFO             PET1 PIOc_freedecomp Exit - MemInfo: [/proc/self/status]	VmPin:	   71900 kB
20220312 013254.217 INFO             PET1 PIOc_freedecomp Exit - MemInfo: [/proc/self/status]	VmHWM:	  154812 kB
20220312 013254.217 INFO             PET1 PIOc_freedecomp Exit - MemInfo: [/proc/self/status]	VmRSS:	  154812 kB
20220312 013254.217 INFO             PET1 PIOc_freedecomp Exit - MemInfo: [/proc/self/status]	VmData:	  256064 kB
20220312 013254.217 INFO             PET1 PIOc_freedecomp Exit - MemInfo: [/proc/self/status]	VmStk:	     512 kB
20220312 013254.217 INFO             PET1 PIOc_freedecomp Exit - MemInfo: [/proc/self/status]	VmExe:	    1764 kB
20220312 013254.217 INFO             PET1 PIOc_freedecomp Exit - MemInfo: [/proc/self/status]	VmLib:	  156408 kB
20220312 013254.217 INFO             PET1 PIOc_freedecomp Exit - MemInfo: [/proc/self/status]	VmPTE:	     776 kB
20220312 013254.217 INFO             PET1 PIOc_freedecomp Exit - MemInfo: [/proc/self/status]	VmPMD:	      28 kB
20220312 013254.217 INFO             PET1 PIOc_freedecomp Exit - MemInfo: [/proc/self/status]	VmSwap:	       0 kB
20220312 013254.217 INFO             PET1 PIOc_freedecomp Exit - MemInfo: [/proc/self/status]	VmRSSPercent: 0.117822 %
20220312 013254.217 INFO             PET1 PIOc_freedecomp Exit - MemInfo: [malloc] Non-mmapped space allocated:                 2490368 Byte
20220312 013254.217 INFO             PET1 PIOc_freedecomp Exit - MemInfo: [malloc] Space allocated in mmapped regions:         73412608 Byte
20220312 013254.217 INFO             PET1 PIOc_freedecomp Exit - MemInfo: [malloc] Maximum total allocated space:                     0 Byte
20220312 013254.217 INFO             PET1 PIOc_freedecomp Exit - MemInfo: [malloc] Space in freed fastbin blocks:                   352 Byte
20220312 013254.217 INFO             PET1 PIOc_freedecomp Exit - MemInfo: [malloc] Total allocated space:                       2249376 Byte
20220312 013254.217 INFO             PET1 PIOc_freedecomp Exit - MemInfo: [malloc] Total free space:                             240992 Byte
20220312 013254.217 INFO             PET1 PIOc_freedecomp Exit - MemInfo: [malloc] Top-most, releasable space:                   105728 Byte
20220312 013254.217 INFO             PET1 PIOc_freedecomp Exit - MemInfo: [malloc] Total space in use, mmap + non-mmap:        75661984 Byte
20220312 013254.217 INFO             PET1 PIOc_freedecomp Exit - MemInfo: [malloc] Total space held (mmap + non-mmap):         75902976 Byte
20220312 013254.217 INFO             PET1 PIOc_freedecomp Exit - MemInfo: [malloc] Total space used (mmap + non-mmap):         75671344 Byte
20220312 013254.217 INFO             PET1 PIOc_freedecomp Exit - MemInfo: Wall-clock time since execution start:              0.0284304 seconds
20220312 013254.217 INFO             PET1  PASS  ESMF_OutputWeightFile, ESMF_IOUTest.F90, line 81
20220312 013254.221 INFO             PET1  PASS  call ESMF_OutputWeightFile with empty factor list on four PETs, ESMF_IOUTest.F90, line 191
20220312 013254.221 INFO             PET1  Ending Test, file ESMF_IOUTest.F90, line 201
20220312 013254.221 INFO             PET1 Finalizing ESMF
20220312 013254.198 INFO             PET2 !!!!!!!!!!!!!!!!!!!!!!!!!!!!!!!!!!!!!!!!!!!!!!!!!!!!!!
20220312 013254.198 INFO             PET2 !!! THE ESMF_LOG IS SET TO OUTPUT ALL LOG MESSAGES !!!
20220312 013254.198 INFO             PET2 !!!     THIS MAY CAUSE SLOWDOWN IN PERFORMANCE     !!!
20220312 013254.198 INFO             PET2 !!! FOR PRODUCTION RUNS, USE:                      !!!
20220312 013254.198 INFO             PET2 !!!                   ESMF_LOGKIND_Multi_On_Error  !!!
20220312 013254.198 INFO             PET2 !!!!!!!!!!!!!!!!!!!!!!!!!!!!!!!!!!!!!!!!!!!!!!!!!!!!!!
20220312 013254.198 INFO             PET2 Running with ESMF Version   : v8.3.0b09-96-g559b459836
20220312 013254.198 INFO             PET2 ESMF library build date/time: "Mar 12 2022" "01:15:37"
20220312 013254.198 INFO             PET2 ESMF library build location : /gpfsm/dnb04/projects/p98/mpotts/esmf/intel_2020_intelmpi_g_jedwards_pio_update2
20220312 013254.198 INFO             PET2 ESMF_COMM                   : intelmpi
20220312 013254.199 INFO             PET2 ESMF_MOAB                   : enabled
20220312 013254.199 INFO             PET2 ESMF_LAPACK                 : enabled
20220312 013254.199 INFO             PET2 ESMF_NETCDF                 : enabled
20220312 013254.199 INFO             PET2 ESMF_PNETCDF                : disabled
20220312 013254.199 INFO             PET2 ESMF_PIO                    : enabled
20220312 013254.199 INFO             PET2 ESMF_YAMLCPP                : enabled
20220312 013254.199 INFO             PET2  Beginning Test, file ESMF_IOUTest.F90, line 57
20220312 013254.199 INFO             PET2  NUMBER_OF_PROCESSORS           4
20220312 013254.199 INFO             PET2 Starting Test:  ESMF_OutputWeightFile
20220312 013254.207 INFO             PET2 PIOc_sync Enter - MemInfo: [/proc/meminfo - SSI]	MemTotal:       131394452 kB
20220312 013254.207 INFO             PET2 PIOc_sync Enter - MemInfo: [/proc/meminfo - SSI]	MemFree:        122295232 kB
20220312 013254.207 INFO             PET2 PIOc_sync Enter - MemInfo: [/proc/meminfo - SSI]	MemAvailable:   121956736 kB
20220312 013254.207 INFO             PET2 PIOc_sync Enter - MemInfo: [/proc/meminfo - SSI]	Committed_AS:    4257156 kB
20220312 013254.207 INFO             PET2 PIOc_sync Enter - MemInfo: [/proc/meminfo - SSI]	CommittedPercent: 3.23998 %
20220312 013254.207 INFO             PET2 PIOc_sync Enter - MemInfo: [/proc/self/status]	VmPeak:	 3854160 kB
20220312 013254.207 INFO             PET2 PIOc_sync Enter - MemInfo: [/proc/self/status]	VmSize:	 3829136 kB
20220312 013254.207 INFO             PET2 PIOc_sync Enter - MemInfo: [/proc/self/status]	VmLck:	       0 kB
20220312 013254.207 INFO             PET2 PIOc_sync Enter - MemInfo: [/proc/self/status]	VmPin:	   82140 kB
20220312 013254.207 INFO             PET2 PIOc_sync Enter - MemInfo: [/proc/self/status]	VmHWM:	  166928 kB
20220312 013254.208 INFO             PET2 PIOc_sync Enter - MemInfo: [/proc/self/status]	VmRSS:	  166928 kB
20220312 013254.208 INFO             PET2 PIOc_sync Enter - MemInfo: [/proc/self/status]	VmData:	  245824 kB
20220312 013254.208 INFO             PET2 PIOc_sync Enter - MemInfo: [/proc/self/status]	VmStk:	     512 kB
20220312 013254.208 INFO             PET2 PIOc_sync Enter - MemInfo: [/proc/self/status]	VmExe:	    1764 kB
20220312 013254.208 INFO             PET2 PIOc_sync Enter - MemInfo: [/proc/self/status]	VmLib:	  156408 kB
20220312 013254.208 INFO             PET2 PIOc_sync Enter - MemInfo: [/proc/self/status]	VmPTE:	     816 kB
20220312 013254.208 INFO             PET2 PIOc_sync Enter - MemInfo: [/proc/self/status]	VmPMD:	      32 kB
20220312 013254.208 INFO             PET2 PIOc_sync Enter - MemInfo: [/proc/self/status]	VmSwap:	       0 kB
20220312 013254.208 INFO             PET2 PIOc_sync Enter - MemInfo: [/proc/self/status]	VmRSSPercent: 0.127043 %
20220312 013254.208 INFO             PET2 PIOc_sync Enter - MemInfo: [malloc] Non-mmapped space allocated:                25559040 Byte
20220312 013254.208 INFO             PET2 PIOc_sync Enter - MemInfo: [malloc] Space allocated in mmapped regions:         62926848 Byte
20220312 013254.208 INFO             PET2 PIOc_sync Enter - MemInfo: [malloc] Maximum total allocated space:                     0 Byte
20220312 013254.208 INFO             PET2 PIOc_sync Enter - MemInfo: [malloc] Space in freed fastbin blocks:                   672 Byte
20220312 013254.208 INFO             PET2 PIOc_sync Enter - MemInfo: [malloc] Total allocated space:                      23225024 Byte
20220312 013254.208 INFO             PET2 PIOc_sync Enter - MemInfo: [malloc] Total free space:                            2334016 Byte
20220312 013254.208 INFO             PET2 PIOc_sync Enter - MemInfo: [malloc] Top-most, releasable space:                   102960 Byte
20220312 013254.208 INFO             PET2 PIOc_sync Enter - MemInfo: [malloc] Total space in use, mmap + non-mmap:        86151872 Byte
20220312 013254.208 INFO             PET2 PIOc_sync Enter - MemInfo: [malloc] Total space held (mmap + non-mmap):         88485888 Byte
20220312 013254.208 INFO             PET2 PIOc_sync Enter - MemInfo: [malloc] Total space used (mmap + non-mmap):         86161232 Byte
20220312 013254.208 INFO             PET2 PIOc_sync Enter - MemInfo: Wall-clock time since execution start:               0.019084 seconds
20220312 013254.209 INFO             PET2 PIOc_sync Exit - MemInfo: [/proc/meminfo - SSI]	MemTotal:       131394452 kB
20220312 013254.209 INFO             PET2 PIOc_sync Exit - MemInfo: [/proc/meminfo - SSI]	MemFree:        122295232 kB
20220312 013254.209 INFO             PET2 PIOc_sync Exit - MemInfo: [/proc/meminfo - SSI]	MemAvailable:   121956736 kB
20220312 013254.209 INFO             PET2 PIOc_sync Exit - MemInfo: [/proc/meminfo - SSI]	Committed_AS:    4257156 kB
20220312 013254.209 INFO             PET2 PIOc_sync Exit - MemInfo: [/proc/meminfo - SSI]	CommittedPercent: 3.23998 %
20220312 013254.209 INFO             PET2 PIOc_sync Exit - MemInfo: [/proc/self/status]	VmPeak:	 3854160 kB
20220312 013254.209 INFO             PET2 PIOc_sync Exit - MemInfo: [/proc/self/status]	VmSize:	 3829136 kB
20220312 013254.209 INFO             PET2 PIOc_sync Exit - MemInfo: [/proc/self/status]	VmLck:	       0 kB
20220312 013254.209 INFO             PET2 PIOc_sync Exit - MemInfo: [/proc/self/status]	VmPin:	   82140 kB
20220312 013254.209 INFO             PET2 PIOc_sync Exit - MemInfo: [/proc/self/status]	VmHWM:	  167084 kB
20220312 013254.209 INFO             PET2 PIOc_sync Exit - MemInfo: [/proc/self/status]	VmRSS:	  167084 kB
20220312 013254.209 INFO             PET2 PIOc_sync Exit - MemInfo: [/proc/self/status]	VmData:	  245824 kB
20220312 013254.209 INFO             PET2 PIOc_sync Exit - MemInfo: [/proc/self/status]	VmStk:	     512 kB
20220312 013254.209 INFO             PET2 PIOc_sync Exit - MemInfo: [/proc/self/status]	VmExe:	    1764 kB
20220312 013254.209 INFO             PET2 PIOc_sync Exit - MemInfo: [/proc/self/status]	VmLib:	  156408 kB
