build time -- 2022-03-14 01:19:40.925249
20220314 013931.429 INFO             PET0 !!!!!!!!!!!!!!!!!!!!!!!!!!!!!!!!!!!!!!!!!!!!!!!!!!!!!!
20220314 013931.429 INFO             PET0 !!! THE ESMF_LOG IS SET TO OUTPUT ALL LOG MESSAGES !!!
20220314 013931.429 INFO             PET0 !!!     THIS MAY CAUSE SLOWDOWN IN PERFORMANCE     !!!
20220314 013931.429 INFO             PET0 !!! FOR PRODUCTION RUNS, USE:                      !!!
20220314 013931.429 INFO             PET0 !!!                   ESMF_LOGKIND_Multi_On_Error  !!!
20220314 013931.429 INFO             PET0 !!!!!!!!!!!!!!!!!!!!!!!!!!!!!!!!!!!!!!!!!!!!!!!!!!!!!!
20220314 013931.429 INFO             PET0 Running with ESMF Version   : v8.3.0b09-96-g559b459836
20220314 013931.429 INFO             PET0 ESMF library build date/time: "Mar 14 2022" "01:16:57"
20220314 013931.429 INFO             PET0 ESMF library build location : /gpfsm/dnb04/projects/p98/mpotts/esmf/intel_2020_intelmpi_g_jedwards_pio_update2
20220314 013931.429 INFO             PET0 ESMF_COMM                   : intelmpi
20220314 013931.430 INFO             PET0 ESMF_MOAB                   : enabled
20220314 013931.430 INFO             PET0 ESMF_LAPACK                 : enabled
20220314 013931.430 INFO             PET0 ESMF_NETCDF                 : enabled
20220314 013931.430 INFO             PET0 ESMF_PNETCDF                : disabled
20220314 013931.430 INFO             PET0 ESMF_PIO                    : enabled
20220314 013931.430 INFO             PET0 ESMF_YAMLCPP                : enabled
20220314 013931.430 INFO             PET0  Beginning Test, file ESMF_FieldSMMFromFileUTest.F90, line 287
20220314 013931.430 INFO             PET0  NUMBER_OF_PROCESSORS           4
20220314 013932.058 INFO             PET0  PASS  ESMF_FieldSMMFromFile Unit Test, ESMF_FieldSMMFromFileUTest.F90, line 300
20220314 013932.072 INFO             PET0 PIOc_sync Enter - MemInfo: [/proc/meminfo - SSI]	MemTotal:       131394444 kB
20220314 013932.072 INFO             PET0 PIOc_sync Enter - MemInfo: [/proc/meminfo - SSI]	MemFree:        122188980 kB
20220314 013932.072 INFO             PET0 PIOc_sync Enter - MemInfo: [/proc/meminfo - SSI]	MemAvailable:   121864520 kB
20220314 013932.072 INFO             PET0 PIOc_sync Enter - MemInfo: [/proc/meminfo - SSI]	Committed_AS:    4284492 kB
20220314 013932.072 INFO             PET0 PIOc_sync Enter - MemInfo: [/proc/meminfo - SSI]	CommittedPercent: 3.26079 %
20220314 013932.072 INFO             PET0 PIOc_sync Enter - MemInfo: [/proc/self/status]	VmPeak:	 3864380 kB
20220314 013932.072 INFO             PET0 PIOc_sync Enter - MemInfo: [/proc/self/status]	VmSize:	 3863360 kB
20220314 013932.072 INFO             PET0 PIOc_sync Enter - MemInfo: [/proc/self/status]	VmLck:	       0 kB
20220314 013932.072 INFO             PET0 PIOc_sync Enter - MemInfo: [/proc/self/status]	VmPin:	   82140 kB
20220314 013932.072 INFO             PET0 PIOc_sync Enter - MemInfo: [/proc/self/status]	VmHWM:	  186204 kB
20220314 013932.072 INFO             PET0 PIOc_sync Enter - MemInfo: [/proc/self/status]	VmRSS:	  186204 kB
20220314 013932.072 INFO             PET0 PIOc_sync Enter - MemInfo: [/proc/self/status]	VmData:	  280044 kB
20220314 013932.072 INFO             PET0 PIOc_sync Enter - MemInfo: [/proc/self/status]	VmStk:	     512 kB
20220314 013932.072 INFO             PET0 PIOc_sync Enter - MemInfo: [/proc/self/status]	VmExe:	    1768 kB
20220314 013932.072 INFO             PET0 PIOc_sync Enter - MemInfo: [/proc/self/status]	VmLib:	  156408 kB
20220314 013932.072 INFO             PET0 PIOc_sync Enter - MemInfo: [/proc/self/status]	VmPTE:	     856 kB
20220314 013932.072 INFO             PET0 PIOc_sync Enter - MemInfo: [/proc/self/status]	VmPMD:	      32 kB
20220314 013932.072 INFO             PET0 PIOc_sync Enter - MemInfo: [/proc/self/status]	VmSwap:	       0 kB
20220314 013932.072 INFO             PET0 PIOc_sync Enter - MemInfo: [/proc/self/status]	VmRSSPercent: 0.141714 %
20220314 013932.072 INFO             PET0 PIOc_sync Enter - MemInfo: [malloc] Non-mmapped space allocated:                16556032 Byte
20220314 013932.072 INFO             PET0 PIOc_sync Enter - MemInfo: [malloc] Space allocated in mmapped regions:         85999616 Byte
20220314 013932.072 INFO             PET0 PIOc_sync Enter - MemInfo: [malloc] Maximum total allocated space:                     0 Byte
20220314 013932.072 INFO             PET0 PIOc_sync Enter - MemInfo: [malloc] Space in freed fastbin blocks:                   416 Byte
20220314 013932.072 INFO             PET0 PIOc_sync Enter - MemInfo: [malloc] Total allocated space:                      12196192 Byte
20220314 013932.072 INFO             PET0 PIOc_sync Enter - MemInfo: [malloc] Total free space:                            4359840 Byte
20220314 013932.072 INFO             PET0 PIOc_sync Enter - MemInfo: [malloc] Top-most, releasable space:                  2231248 Byte
20220314 013932.072 INFO             PET0 PIOc_sync Enter - MemInfo: [malloc] Total space in use, mmap + non-mmap:        98195808 Byte
20220314 013932.072 INFO             PET0 PIOc_sync Enter - MemInfo: [malloc] Total space held (mmap + non-mmap):        102555648 Byte
20220314 013932.072 INFO             PET0 PIOc_sync Enter - MemInfo: [malloc] Total space used (mmap + non-mmap):         98205168 Byte
20220314 013932.073 INFO             PET0 PIOc_sync Enter - MemInfo: Wall-clock time since execution start:               0.651402 seconds
20220314 013932.073 INFO             PET0 PIOc_sync Exit - MemInfo: [/proc/meminfo - SSI]	MemTotal:       131394444 kB
20220314 013932.073 INFO             PET0 PIOc_sync Exit - MemInfo: [/proc/meminfo - SSI]	MemFree:        122186684 kB
20220314 013932.073 INFO             PET0 PIOc_sync Exit - MemInfo: [/proc/meminfo - SSI]	MemAvailable:   121862224 kB
20220314 013932.073 INFO             PET0 PIOc_sync Exit - MemInfo: [/proc/meminfo - SSI]	Committed_AS:    4284492 kB
20220314 013932.073 INFO             PET0 PIOc_sync Exit - MemInfo: [/proc/meminfo - SSI]	CommittedPercent: 3.26079 %
20220314 013932.073 INFO             PET0 PIOc_sync Exit - MemInfo: [/proc/self/status]	VmPeak:	 3864380 kB
20220314 013932.073 INFO             PET0 PIOc_sync Exit - MemInfo: [/proc/self/status]	VmSize:	 3863360 kB
20220314 013932.074 INFO             PET0 PIOc_sync Exit - MemInfo: [/proc/self/status]	VmLck:	       0 kB
20220314 013932.074 INFO             PET0 PIOc_sync Exit - MemInfo: [/proc/self/status]	VmPin:	   82140 kB
20220314 013932.074 INFO             PET0 PIOc_sync Exit - MemInfo: [/proc/self/status]	VmHWM:	  188356 kB
20220314 013932.074 INFO             PET0 PIOc_sync Exit - MemInfo: [/proc/self/status]	VmRSS:	  188356 kB
20220314 013932.074 INFO             PET0 PIOc_sync Exit - MemInfo: [/proc/self/status]	VmData:	  280044 kB
20220314 013932.074 INFO             PET0 PIOc_sync Exit - MemInfo: [/proc/self/status]	VmStk:	     512 kB
20220314 013932.074 INFO             PET0 PIOc_sync Exit - MemInfo: [/proc/self/status]	VmExe:	    1768 kB
20220314 013932.074 INFO             PET0 PIOc_sync Exit - MemInfo: [/proc/self/status]	VmLib:	  156408 kB
20220314 013932.074 INFO             PET0 PIOc_sync Exit - MemInfo: [/proc/self/status]	VmPTE:	     860 kB
20220314 013932.074 INFO             PET0 PIOc_sync Exit - MemInfo: [/proc/self/status]	VmPMD:	      32 kB
20220314 013932.074 INFO             PET0 PIOc_sync Exit - MemInfo: [/proc/self/status]	VmSwap:	       0 kB
20220314 013932.074 INFO             PET0 PIOc_sync Exit - MemInfo: [/proc/self/status]	VmRSSPercent: 0.143352 %
20220314 013932.074 INFO             PET0 PIOc_sync Exit - MemInfo: [malloc] Non-mmapped space allocated:                16556032 Byte
20220314 013932.074 INFO             PET0 PIOc_sync Exit - MemInfo: [malloc] Space allocated in mmapped regions:         85999616 Byte
20220314 013932.074 INFO             PET0 PIOc_sync Exit - MemInfo: [malloc] Maximum total allocated space:                     0 Byte
20220314 013932.074 INFO             PET0 PIOc_sync Exit - MemInfo: [malloc] Space in freed fastbin blocks:                   384 Byte
20220314 013932.074 INFO             PET0 PIOc_sync Exit - MemInfo: [malloc] Total allocated space:                      12194960 Byte
20220314 013932.074 INFO             PET0 PIOc_sync Exit - MemInfo: [malloc] Total free space:                            4361072 Byte
20220314 013932.074 INFO             PET0 PIOc_sync Exit - MemInfo: [malloc] Top-most, releasable space:                  2231248 Byte
20220314 013932.074 INFO             PET0 PIOc_sync Exit - MemInfo: [malloc] Total space in use, mmap + non-mmap:        98194576 Byte
20220314 013932.074 INFO             PET0 PIOc_sync Exit - MemInfo: [malloc] Total space held (mmap + non-mmap):        102555648 Byte
20220314 013932.074 INFO             PET0 PIOc_sync Exit - MemInfo: [malloc] Total space used (mmap + non-mmap):         98203936 Byte
20220314 013932.074 INFO             PET0 PIOc_sync Exit - MemInfo: Wall-clock time since execution start:               0.652745 seconds
20220314 013932.074 INFO             PET0 PIOc_freedecomp Enter - MemInfo: [/proc/meminfo - SSI]	MemTotal:       131394444 kB
20220314 013932.074 INFO             PET0 PIOc_freedecomp Enter - MemInfo: [/proc/meminfo - SSI]	MemFree:        122186684 kB
20220314 013932.074 INFO             PET0 PIOc_freedecomp Enter - MemInfo: [/proc/meminfo - SSI]	MemAvailable:   121862224 kB
20220314 013932.074 INFO             PET0 PIOc_freedecomp Enter - MemInfo: [/proc/meminfo - SSI]	Committed_AS:    4284492 kB
20220314 013932.074 INFO             PET0 PIOc_freedecomp Enter - MemInfo: [/proc/meminfo - SSI]	CommittedPercent: 3.26079 %
20220314 013932.074 INFO             PET0 PIOc_freedecomp Enter - MemInfo: [/proc/self/status]	VmPeak:	 3864380 kB
20220314 013932.074 INFO             PET0 PIOc_freedecomp Enter - MemInfo: [/proc/self/status]	VmSize:	 3863360 kB
20220314 013932.074 INFO             PET0 PIOc_freedecomp Enter - MemInfo: [/proc/self/status]	VmLck:	       0 kB
20220314 013932.074 INFO             PET0 PIOc_freedecomp Enter - MemInfo: [/proc/self/status]	VmPin:	   82140 kB
20220314 013932.074 INFO             PET0 PIOc_freedecomp Enter - MemInfo: [/proc/self/status]	VmHWM:	  188360 kB
20220314 013932.074 INFO             PET0 PIOc_freedecomp Enter - MemInfo: [/proc/self/status]	VmRSS:	  188360 kB
20220314 013932.074 INFO             PET0 PIOc_freedecomp Enter - MemInfo: [/proc/self/status]	VmData:	  280044 kB
20220314 013932.074 INFO             PET0 PIOc_freedecomp Enter - MemInfo: [/proc/self/status]	VmStk:	     512 kB
20220314 013932.074 INFO             PET0 PIOc_freedecomp Enter - MemInfo: [/proc/self/status]	VmExe:	    1768 kB
20220314 013932.074 INFO             PET0 PIOc_freedecomp Enter - MemInfo: [/proc/self/status]	VmLib:	  156408 kB
20220314 013932.074 INFO             PET0 PIOc_freedecomp Enter - MemInfo: [/proc/self/status]	VmPTE:	     860 kB
20220314 013932.074 INFO             PET0 PIOc_freedecomp Enter - MemInfo: [/proc/self/status]	VmPMD:	      32 kB
20220314 013932.074 INFO             PET0 PIOc_freedecomp Enter - MemInfo: [/proc/self/status]	VmSwap:	       0 kB
20220314 013932.074 INFO             PET0 PIOc_freedecomp Enter - MemInfo: [/proc/self/status]	VmRSSPercent: 0.143355 %
20220314 013932.074 INFO             PET0 PIOc_freedecomp Enter - MemInfo: [malloc] Non-mmapped space allocated:                16556032 Byte
20220314 013932.074 INFO             PET0 PIOc_freedecomp Enter - MemInfo: [malloc] Space allocated in mmapped regions:         85999616 Byte
20220314 013932.074 INFO             PET0 PIOc_freedecomp Enter - MemInfo: [malloc] Maximum total allocated space:                     0 Byte
20220314 013932.074 INFO             PET0 PIOc_freedecomp Enter - MemInfo: [malloc] Space in freed fastbin blocks:                   992 Byte
20220314 013932.074 INFO             PET0 PIOc_freedecomp Enter - MemInfo: [malloc] Total allocated space:                      10084672 Byte
20220314 013932.074 INFO             PET0 PIOc_freedecomp Enter - MemInfo: [malloc] Total free space:                            6471360 Byte
20220314 013932.074 INFO             PET0 PIOc_freedecomp Enter - MemInfo: [malloc] Top-most, releasable space:                  2231248 Byte
20220314 013932.074 INFO             PET0 PIOc_freedecomp Enter - MemInfo: [malloc] Total space in use, mmap + non-mmap:        96084288 Byte
20220314 013932.074 INFO             PET0 PIOc_freedecomp Enter - MemInfo: [malloc] Total space held (mmap + non-mmap):        102555648 Byte
20220314 013932.074 INFO             PET0 PIOc_freedecomp Enter - MemInfo: [malloc] Total space used (mmap + non-mmap):         96093648 Byte
20220314 013932.075 INFO             PET0 PIOc_freedecomp Enter - MemInfo: Wall-clock time since execution start:               0.653412 seconds
20220314 013932.075 INFO             PET0 PIOc_freedecomp Exit - MemInfo: [/proc/meminfo - SSI]	MemTotal:       131394444 kB
20220314 013932.075 INFO             PET0 PIOc_freedecomp Exit - MemInfo: [/proc/meminfo - SSI]	MemFree:        122186684 kB
20220314 013932.075 INFO             PET0 PIOc_freedecomp Exit - MemInfo: [/proc/meminfo - SSI]	MemAvailable:   121862224 kB
20220314 013932.075 INFO             PET0 PIOc_freedecomp Exit - MemInfo: [/proc/meminfo - SSI]	Committed_AS:    4284492 kB
20220314 013932.075 INFO             PET0 PIOc_freedecomp Exit - MemInfo: [/proc/meminfo - SSI]	CommittedPercent: 3.26079 %
20220314 013932.075 INFO             PET0 PIOc_freedecomp Exit - MemInfo: [/proc/self/status]	VmPeak:	 3864380 kB
20220314 013932.075 INFO             PET0 PIOc_freedecomp Exit - MemInfo: [/proc/self/status]	VmSize:	 3863360 kB
20220314 013932.075 INFO             PET0 PIOc_freedecomp Exit - MemInfo: [/proc/self/status]	VmLck:	       0 kB
20220314 013932.075 INFO             PET0 PIOc_freedecomp Exit - MemInfo: [/proc/self/status]	VmPin:	   82140 kB
20220314 013932.075 INFO             PET0 PIOc_freedecomp Exit - MemInfo: [/proc/self/status]	VmHWM:	  188360 kB
20220314 013932.075 INFO             PET0 PIOc_freedecomp Exit - MemInfo: [/proc/self/status]	VmRSS:	  188360 kB
20220314 013932.075 INFO             PET0 PIOc_freedecomp Exit - MemInfo: [/proc/self/status]	VmData:	  280044 kB
20220314 013932.075 INFO             PET0 PIOc_freedecomp Exit - MemInfo: [/proc/self/status]	VmStk:	     512 kB
20220314 013932.075 INFO             PET0 PIOc_freedecomp Exit - MemInfo: [/proc/self/status]	VmExe:	    1768 kB
20220314 013932.075 INFO             PET0 PIOc_freedecomp Exit - MemInfo: [/proc/self/status]	VmLib:	  156408 kB
20220314 013932.075 INFO             PET0 PIOc_freedecomp Exit - MemInfo: [/proc/self/status]	VmPTE:	     860 kB
20220314 013932.075 INFO             PET0 PIOc_freedecomp Exit - MemInfo: [/proc/self/status]	VmPMD:	      32 kB
20220314 013932.075 INFO             PET0 PIOc_freedecomp Exit - MemInfo: [/proc/self/status]	VmSwap:	       0 kB
20220314 013932.075 INFO             PET0 PIOc_freedecomp Exit - MemInfo: [/proc/self/status]	VmRSSPercent: 0.143355 %
20220314 013932.075 INFO             PET0 PIOc_freedecomp Exit - MemInfo: [malloc] Non-mmapped space allocated:                16556032 Byte
20220314 013932.075 INFO             PET0 PIOc_freedecomp Exit - MemInfo: [malloc] Space allocated in mmapped regions:         85999616 Byte
20220314 013932.075 INFO             PET0 PIOc_freedecomp Exit - MemInfo: [malloc] Maximum total allocated space:                     0 Byte
20220314 013932.075 INFO             PET0 PIOc_freedecomp Exit - MemInfo: [malloc] Space in freed fastbin blocks:                   880 Byte
20220314 013932.075 INFO             PET0 PIOc_freedecomp Exit - MemInfo: [malloc] Total allocated space:                      10080320 Byte
20220314 013932.075 INFO             PET0 PIOc_freedecomp Exit - MemInfo: [malloc] Total free space:                            6475712 Byte
20220314 013932.075 INFO             PET0 PIOc_freedecomp Exit - MemInfo: [malloc] Top-most, releasable space:                  2231248 Byte
20220314 013932.075 INFO             PET0 PIOc_freedecomp Exit - MemInfo: [malloc] Total space in use, mmap + non-mmap:        96079936 Byte
20220314 013932.075 INFO             PET0 PIOc_freedecomp Exit - MemInfo: [malloc] Total space held (mmap + non-mmap):        102555648 Byte
20220314 013932.075 INFO             PET0 PIOc_freedecomp Exit - MemInfo: [malloc] Total space used (mmap + non-mmap):         96089296 Byte
20220314 013932.075 INFO             PET0 PIOc_freedecomp Exit - MemInfo: Wall-clock time since execution start:               0.653948 seconds
20220314 013932.076 INFO             PET0 PIOc_sync Enter - MemInfo: [/proc/meminfo - SSI]	MemTotal:       131394444 kB
20220314 013932.076 INFO             PET0 PIOc_sync Enter - MemInfo: [/proc/meminfo - SSI]	MemFree:        122186684 kB
20220314 013932.076 INFO             PET0 PIOc_sync Enter - MemInfo: [/proc/meminfo - SSI]	MemAvailable:   121862224 kB
20220314 013932.076 INFO             PET0 PIOc_sync Enter - MemInfo: [/proc/meminfo - SSI]	Committed_AS:    4284492 kB
20220314 013932.076 INFO             PET0 PIOc_sync Enter - MemInfo: [/proc/meminfo - SSI]	CommittedPercent: 3.26079 %
20220314 013932.076 INFO             PET0 PIOc_sync Enter - MemInfo: [/proc/self/status]	VmPeak:	 3864380 kB
20220314 013932.076 INFO             PET0 PIOc_sync Enter - MemInfo: [/proc/self/status]	VmSize:	 3863360 kB
20220314 013932.076 INFO             PET0 PIOc_sync Enter - MemInfo: [/proc/self/status]	VmLck:	       0 kB
20220314 013932.076 INFO             PET0 PIOc_sync Enter - MemInfo: [/proc/self/status]	VmPin:	   82140 kB
20220314 013932.076 INFO             PET0 PIOc_sync Enter - MemInfo: [/proc/self/status]	VmHWM:	  188380 kB
20220314 013932.076 INFO             PET0 PIOc_sync Enter - MemInfo: [/proc/self/status]	VmRSS:	  188380 kB
20220314 013932.076 INFO             PET0 PIOc_sync Enter - MemInfo: [/proc/self/status]	VmData:	  280044 kB
20220314 013932.076 INFO             PET0 PIOc_sync Enter - MemInfo: [/proc/self/status]	VmStk:	     512 kB
20220314 013932.076 INFO             PET0 PIOc_sync Enter - MemInfo: [/proc/self/status]	VmExe:	    1768 kB
20220314 013932.076 INFO             PET0 PIOc_sync Enter - MemInfo: [/proc/self/status]	VmLib:	  156408 kB
20220314 013932.076 INFO             PET0 PIOc_sync Enter - MemInfo: [/proc/self/status]	VmPTE:	     860 kB
20220314 013932.076 INFO             PET0 PIOc_sync Enter - MemInfo: [/proc/self/status]	VmPMD:	      32 kB
20220314 013932.076 INFO             PET0 PIOc_sync Enter - MemInfo: [/proc/self/status]	VmSwap:	       0 kB
20220314 013932.076 INFO             PET0 PIOc_sync Enter - MemInfo: [/proc/self/status]	VmRSSPercent: 0.14337 %
20220314 013932.076 INFO             PET0 PIOc_sync Enter - MemInfo: [malloc] Non-mmapped space allocated:                16556032 Byte
20220314 013932.076 INFO             PET0 PIOc_sync Enter - MemInfo: [malloc] Space allocated in mmapped regions:         85999616 Byte
20220314 013932.076 INFO             PET0 PIOc_sync Enter - MemInfo: [malloc] Maximum total allocated space:                     0 Byte
20220314 013932.076 INFO             PET0 PIOc_sync Enter - MemInfo: [malloc] Space in freed fastbin blocks:                   544 Byte
20220314 013932.076 INFO             PET0 PIOc_sync Enter - MemInfo: [malloc] Total allocated space:                      12196352 Byte
20220314 013932.076 INFO             PET0 PIOc_sync Enter - MemInfo: [malloc] Total free space:                            4359680 Byte
20220314 013932.076 INFO             PET0 PIOc_sync Enter - MemInfo: [malloc] Top-most, releasable space:                  2231248 Byte
20220314 013932.076 INFO             PET0 PIOc_sync Enter - MemInfo: [malloc] Total space in use, mmap + non-mmap:        98195968 Byte
20220314 013932.076 INFO             PET0 PIOc_sync Enter - MemInfo: [malloc] Total space held (mmap + non-mmap):        102555648 Byte
20220314 013932.076 INFO             PET0 PIOc_sync Enter - MemInfo: [malloc] Total space used (mmap + non-mmap):         98205328 Byte
20220314 013932.076 INFO             PET0 PIOc_sync Enter - MemInfo: Wall-clock time since execution start:               0.655324 seconds
20220314 013932.077 INFO             PET0 PIOc_sync Exit - MemInfo: [/proc/meminfo - SSI]	MemTotal:       131394444 kB
20220314 013932.077 INFO             PET0 PIOc_sync Exit - MemInfo: [/proc/meminfo - SSI]	MemFree:        122186684 kB
20220314 013932.077 INFO             PET0 PIOc_sync Exit - MemInfo: [/proc/meminfo - SSI]	MemAvailable:   121862224 kB
20220314 013932.077 INFO             PET0 PIOc_sync Exit - MemInfo: [/proc/meminfo - SSI]	Committed_AS:    4284492 kB
20220314 013932.077 INFO             PET0 PIOc_sync Exit - MemInfo: [/proc/meminfo - SSI]	CommittedPercent: 3.26079 %
20220314 013932.077 INFO             PET0 PIOc_sync Exit - MemInfo: [/proc/self/status]	VmPeak:	 3864380 kB
20220314 013932.077 INFO             PET0 PIOc_sync Exit - MemInfo: [/proc/self/status]	VmSize:	 3863360 kB
20220314 013932.077 INFO             PET0 PIOc_sync Exit - MemInfo: [/proc/self/status]	VmLck:	       0 kB
20220314 013932.077 INFO             PET0 PIOc_sync Exit - MemInfo: [/proc/self/status]	VmPin:	   82140 kB
20220314 013932.077 INFO             PET0 PIOc_sync Exit - MemInfo: [/proc/self/status]	VmHWM:	  188404 kB
20220314 013932.077 INFO             PET0 PIOc_sync Exit - MemInfo: [/proc/self/status]	VmRSS:	  188404 kB
20220314 013932.077 INFO             PET0 PIOc_sync Exit - MemInfo: [/proc/self/status]	VmData:	  280044 kB
20220314 013932.077 INFO             PET0 PIOc_sync Exit - MemInfo: [/proc/self/status]	VmStk:	     512 kB
20220314 013932.077 INFO             PET0 PIOc_sync Exit - MemInfo: [/proc/self/status]	VmExe:	    1768 kB
20220314 013932.077 INFO             PET0 PIOc_sync Exit - MemInfo: [/proc/self/status]	VmLib:	  156408 kB
20220314 013932.077 INFO             PET0 PIOc_sync Exit - MemInfo: [/proc/self/status]	VmPTE:	     860 kB
20220314 013932.077 INFO             PET0 PIOc_sync Exit - MemInfo: [/proc/self/status]	VmPMD:	      32 kB
20220314 013932.077 INFO             PET0 PIOc_sync Exit - MemInfo: [/proc/self/status]	VmSwap:	       0 kB
20220314 013932.077 INFO             PET0 PIOc_sync Exit - MemInfo: [/proc/self/status]	VmRSSPercent: 0.143388 %
20220314 013932.077 INFO             PET0 PIOc_sync Exit - MemInfo: [malloc] Non-mmapped space allocated:                16556032 Byte
20220314 013932.077 INFO             PET0 PIOc_sync Exit - MemInfo: [malloc] Space allocated in mmapped regions:         85999616 Byte
20220314 013932.077 INFO             PET0 PIOc_sync Exit - MemInfo: [malloc] Maximum total allocated space:                     0 Byte
20220314 013932.077 INFO             PET0 PIOc_sync Exit - MemInfo: [malloc] Space in freed fastbin blocks:                   384 Byte
20220314 013932.077 INFO             PET0 PIOc_sync Exit - MemInfo: [malloc] Total allocated space:                      12195376 Byte
20220314 013932.077 INFO             PET0 PIOc_sync Exit - MemInfo: [malloc] Total free space:                            4360656 Byte
20220314 013932.077 INFO             PET0 PIOc_sync Exit - MemInfo: [malloc] Top-most, releasable space:                  2231248 Byte
20220314 013932.077 INFO             PET0 PIOc_sync Exit - MemInfo: [malloc] Total space in use, mmap + non-mmap:        98194992 Byte
20220314 013932.077 INFO             PET0 PIOc_sync Exit - MemInfo: [malloc] Total space held (mmap + non-mmap):        102555648 Byte
20220314 013932.077 INFO             PET0 PIOc_sync Exit - MemInfo: [malloc] Total space used (mmap + non-mmap):         98204352 Byte
20220314 013932.077 INFO             PET0 PIOc_sync Exit - MemInfo: Wall-clock time since execution start:               0.655994 seconds
20220314 013932.077 INFO             PET0 PIOc_freedecomp Enter - MemInfo: [/proc/meminfo - SSI]	MemTotal:       131394444 kB
20220314 013932.077 INFO             PET0 PIOc_freedecomp Enter - MemInfo: [/proc/meminfo - SSI]	MemFree:        122186684 kB
20220314 013932.077 INFO             PET0 PIOc_freedecomp Enter - MemInfo: [/proc/meminfo - SSI]	MemAvailable:   121862224 kB
20220314 013932.077 INFO             PET0 PIOc_freedecomp Enter - MemInfo: [/proc/meminfo - SSI]	Committed_AS:    4284492 kB
20220314 013932.077 INFO             PET0 PIOc_freedecomp Enter - MemInfo: [/proc/meminfo - SSI]	CommittedPercent: 3.26079 %
20220314 013932.077 INFO             PET0 PIOc_freedecomp Enter - MemInfo: [/proc/self/status]	VmPeak:	 3864380 kB
20220314 013932.077 INFO             PET0 PIOc_freedecomp Enter - MemInfo: [/proc/self/status]	VmSize:	 3863360 kB
20220314 013932.077 INFO             PET0 PIOc_freedecomp Enter - MemInfo: [/proc/self/status]	VmLck:	       0 kB
20220314 013932.077 INFO             PET0 PIOc_freedecomp Enter - MemInfo: [/proc/self/status]	VmPin:	   82140 kB
20220314 013932.077 INFO             PET0 PIOc_freedecomp Enter - MemInfo: [/proc/self/status]	VmHWM:	  188404 kB
20220314 013932.077 INFO             PET0 PIOc_freedecomp Enter - MemInfo: [/proc/self/status]	VmRSS:	  188404 kB
20220314 013932.077 INFO             PET0 PIOc_freedecomp Enter - MemInfo: [/proc/self/status]	VmData:	  280044 kB
20220314 013932.077 INFO             PET0 PIOc_freedecomp Enter - MemInfo: [/proc/self/status]	VmStk:	     512 kB
20220314 013932.077 INFO             PET0 PIOc_freedecomp Enter - MemInfo: [/proc/self/status]	VmExe:	    1768 kB
20220314 013932.077 INFO             PET0 PIOc_freedecomp Enter - MemInfo: [/proc/self/status]	VmLib:	  156408 kB
20220314 013932.077 INFO             PET0 PIOc_freedecomp Enter - MemInfo: [/proc/self/status]	VmPTE:	     860 kB
20220314 013932.077 INFO             PET0 PIOc_freedecomp Enter - MemInfo: [/proc/self/status]	VmPMD:	      32 kB
20220314 013932.077 INFO             PET0 PIOc_freedecomp Enter - MemInfo: [/proc/self/status]	VmSwap:	       0 kB
20220314 013932.077 INFO             PET0 PIOc_freedecomp Enter - MemInfo: [/proc/self/status]	VmRSSPercent: 0.143388 %
20220314 013932.077 INFO             PET0 PIOc_freedecomp Enter - MemInfo: [malloc] Non-mmapped space allocated:                16556032 Byte
20220314 013932.077 INFO             PET0 PIOc_freedecomp Enter - MemInfo: [malloc] Space allocated in mmapped regions:         85999616 Byte
20220314 013932.077 INFO             PET0 PIOc_freedecomp Enter - MemInfo: [malloc] Maximum total allocated space:                     0 Byte
20220314 013932.078 INFO             PET0 PIOc_freedecomp Enter - MemInfo: [malloc] Space in freed fastbin blocks:                  1312 Byte
20220314 013932.078 INFO             PET0 PIOc_freedecomp Enter - MemInfo: [malloc] Total allocated space:                      10084688 Byte
20220314 013932.078 INFO             PET0 PIOc_freedecomp Enter - MemInfo: [malloc] Total free space:                            6471344 Byte
20220314 013932.078 INFO             PET0 PIOc_freedecomp Enter - MemInfo: [malloc] Top-most, releasable space:                  2231248 Byte
20220314 013932.078 INFO             PET0 PIOc_freedecomp Enter - MemInfo: [malloc] Total space in use, mmap + non-mmap:        96084304 Byte
20220314 013932.078 INFO             PET0 PIOc_freedecomp Enter - MemInfo: [malloc] Total space held (mmap + non-mmap):        102555648 Byte
20220314 013932.078 INFO             PET0 PIOc_freedecomp Enter - MemInfo: [malloc] Total space used (mmap + non-mmap):         96093664 Byte
20220314 013932.078 INFO             PET0 PIOc_freedecomp Enter - MemInfo: Wall-clock time since execution start:               0.656525 seconds
20220314 013932.078 INFO             PET0 PIOc_freedecomp Exit - MemInfo: [/proc/meminfo - SSI]	MemTotal:       131394444 kB
20220314 013932.078 INFO             PET0 PIOc_freedecomp Exit - MemInfo: [/proc/meminfo - SSI]	MemFree:        122186684 kB
20220314 013932.078 INFO             PET0 PIOc_freedecomp Exit - MemInfo: [/proc/meminfo - SSI]	MemAvailable:   121862224 kB
20220314 013932.078 INFO             PET0 PIOc_freedecomp Exit - MemInfo: [/proc/meminfo - SSI]	Committed_AS:    4284492 kB
20220314 013932.078 INFO             PET0 PIOc_freedecomp Exit - MemInfo: [/proc/meminfo - SSI]	CommittedPercent: 3.26079 %
20220314 013932.078 INFO             PET0 PIOc_freedecomp Exit - MemInfo: [/proc/self/status]	VmPeak:	 3864380 kB
20220314 013932.078 INFO             PET0 PIOc_freedecomp Exit - MemInfo: [/proc/self/status]	VmSize:	 3863360 kB
20220314 013932.078 INFO             PET0 PIOc_freedecomp Exit - MemInfo: [/proc/self/status]	VmLck:	       0 kB
20220314 013932.078 INFO             PET0 PIOc_freedecomp Exit - MemInfo: [/proc/self/status]	VmPin:	   82140 kB
20220314 013932.078 INFO             PET0 PIOc_freedecomp Exit - MemInfo: [/proc/self/status]	VmHWM:	  188404 kB
20220314 013932.078 INFO             PET0 PIOc_freedecomp Exit - MemInfo: [/proc/self/status]	VmRSS:	  188404 kB
20220314 013932.078 INFO             PET0 PIOc_freedecomp Exit - MemInfo: [/proc/self/status]	VmData:	  280044 kB
20220314 013932.078 INFO             PET0 PIOc_freedecomp Exit - MemInfo: [/proc/self/status]	VmStk:	     512 kB
20220314 013932.078 INFO             PET0 PIOc_freedecomp Exit - MemInfo: [/proc/self/status]	VmExe:	    1768 kB
20220314 013932.078 INFO             PET0 PIOc_freedecomp Exit - MemInfo: [/proc/self/status]	VmLib:	  156408 kB
20220314 013932.078 INFO             PET0 PIOc_freedecomp Exit - MemInfo: [/proc/self/status]	VmPTE:	     860 kB
20220314 013932.078 INFO             PET0 PIOc_freedecomp Exit - MemInfo: [/proc/self/status]	VmPMD:	      32 kB
20220314 013932.078 INFO             PET0 PIOc_freedecomp Exit - MemInfo: [/proc/self/status]	VmSwap:	       0 kB
20220314 013932.078 INFO             PET0 PIOc_freedecomp Exit - MemInfo: [/proc/self/status]	VmRSSPercent: 0.143388 %
20220314 013932.078 INFO             PET0 PIOc_freedecomp Exit - MemInfo: [malloc] Non-mmapped space allocated:                16556032 Byte
20220314 013932.078 INFO             PET0 PIOc_freedecomp Exit - MemInfo: [malloc] Space allocated in mmapped regions:         85999616 Byte
20220314 013932.078 INFO             PET0 PIOc_freedecomp Exit - MemInfo: [malloc] Maximum total allocated space:                     0 Byte
20220314 013932.078 INFO             PET0 PIOc_freedecomp Exit - MemInfo: [malloc] Space in freed fastbin blocks:                   848 Byte
20220314 013932.078 INFO             PET0 PIOc_freedecomp Exit - MemInfo: [malloc] Total allocated space:                      10080320 Byte
20220314 013932.078 INFO             PET0 PIOc_freedecomp Exit - MemInfo: [malloc] Total free space:                            6475712 Byte
20220314 013932.078 INFO             PET0 PIOc_freedecomp Exit - MemInfo: [malloc] Top-most, releasable space:                  2231248 Byte
20220314 013932.078 INFO             PET0 PIOc_freedecomp Exit - MemInfo: [malloc] Total space in use, mmap + non-mmap:        96079936 Byte
20220314 013932.078 INFO             PET0 PIOc_freedecomp Exit - MemInfo: [malloc] Total space held (mmap + non-mmap):        102555648 Byte
20220314 013932.078 INFO             PET0 PIOc_freedecomp Exit - MemInfo: [malloc] Total space used (mmap + non-mmap):         96089296 Byte
20220314 013932.078 INFO             PET0 PIOc_freedecomp Exit - MemInfo: Wall-clock time since execution start:               0.657029 seconds
20220314 013932.079 INFO             PET0 PIOc_sync Enter - MemInfo: [/proc/meminfo - SSI]	MemTotal:       131394444 kB
20220314 013932.079 INFO             PET0 PIOc_sync Enter - MemInfo: [/proc/meminfo - SSI]	MemFree:        122186684 kB
20220314 013932.079 INFO             PET0 PIOc_sync Enter - MemInfo: [/proc/meminfo - SSI]	MemAvailable:   121862224 kB
20220314 013932.079 INFO             PET0 PIOc_sync Enter - MemInfo: [/proc/meminfo - SSI]	Committed_AS:    4284492 kB
20220314 013932.079 INFO             PET0 PIOc_sync Enter - MemInfo: [/proc/meminfo - SSI]	CommittedPercent: 3.26079 %
20220314 013932.079 INFO             PET0 PIOc_sync Enter - MemInfo: [/proc/self/status]	VmPeak:	 3864380 kB
20220314 013932.079 INFO             PET0 PIOc_sync Enter - MemInfo: [/proc/self/status]	VmSize:	 3863360 kB
20220314 013932.079 INFO             PET0 PIOc_sync Enter - MemInfo: [/proc/self/status]	VmLck:	       0 kB
20220314 013932.079 INFO             PET0 PIOc_sync Enter - MemInfo: [/proc/self/status]	VmPin:	   82140 kB
20220314 013932.079 INFO             PET0 PIOc_sync Enter - MemInfo: [/proc/self/status]	VmHWM:	  188424 kB
20220314 013932.079 INFO             PET0 PIOc_sync Enter - MemInfo: [/proc/self/status]	VmRSS:	  188424 kB
20220314 013932.079 INFO             PET0 PIOc_sync Enter - MemInfo: [/proc/self/status]	VmData:	  280044 kB
20220314 013932.079 INFO             PET0 PIOc_sync Enter - MemInfo: [/proc/self/status]	VmStk:	     512 kB
20220314 013932.079 INFO             PET0 PIOc_sync Enter - MemInfo: [/proc/self/status]	VmExe:	    1768 kB
20220314 013932.079 INFO             PET0 PIOc_sync Enter - MemInfo: [/proc/self/status]	VmLib:	  156408 kB
20220314 013932.079 INFO             PET0 PIOc_sync Enter - MemInfo: [/proc/self/status]	VmPTE:	     860 kB
20220314 013932.079 INFO             PET0 PIOc_sync Enter - MemInfo: [/proc/self/status]	VmPMD:	      32 kB
20220314 013932.079 INFO             PET0 PIOc_sync Enter - MemInfo: [/proc/self/status]	VmSwap:	       0 kB
20220314 013932.079 INFO             PET0 PIOc_sync Enter - MemInfo: [/proc/self/status]	VmRSSPercent: 0.143403 %
20220314 013932.079 INFO             PET0 PIOc_sync Enter - MemInfo: [malloc] Non-mmapped space allocated:                16556032 Byte
20220314 013932.079 INFO             PET0 PIOc_sync Enter - MemInfo: [malloc] Space allocated in mmapped regions:         85999616 Byte
20220314 013932.079 INFO             PET0 PIOc_sync Enter - MemInfo: [malloc] Maximum total allocated space:                     0 Byte
20220314 013932.079 INFO             PET0 PIOc_sync Enter - MemInfo: [malloc] Space in freed fastbin blocks:                   848 Byte
20220314 013932.080 INFO             PET0 PIOc_sync Enter - MemInfo: [malloc] Total allocated space:                      12196784 Byte
20220314 013932.080 INFO             PET0 PIOc_sync Enter - MemInfo: [malloc] Total free space:                            4359248 Byte
20220314 013932.080 INFO             PET0 PIOc_sync Enter - MemInfo: [malloc] Top-most, releasable space:                  2231248 Byte
20220314 013932.080 INFO             PET0 PIOc_sync Enter - MemInfo: [malloc] Total space in use, mmap + non-mmap:        98196400 Byte
20220314 013932.080 INFO             PET0 PIOc_sync Enter - MemInfo: [malloc] Total space held (mmap + non-mmap):        102555648 Byte
20220314 013932.080 INFO             PET0 PIOc_sync Enter - MemInfo: [malloc] Total space used (mmap + non-mmap):         98205760 Byte
20220314 013932.080 INFO             PET0 PIOc_sync Enter - MemInfo: Wall-clock time since execution start:               0.658509 seconds
20220314 013932.080 INFO             PET0 PIOc_sync Exit - MemInfo: [/proc/meminfo - SSI]	MemTotal:       131394444 kB
20220314 013932.080 INFO             PET0 PIOc_sync Exit - MemInfo: [/proc/meminfo - SSI]	MemFree:        122186684 kB
20220314 013932.080 INFO             PET0 PIOc_sync Exit - MemInfo: [/proc/meminfo - SSI]	MemAvailable:   121862224 kB
20220314 013932.080 INFO             PET0 PIOc_sync Exit - MemInfo: [/proc/meminfo - SSI]	Committed_AS:    4284492 kB
20220314 013932.080 INFO             PET0 PIOc_sync Exit - MemInfo: [/proc/meminfo - SSI]	CommittedPercent: 3.26079 %
20220314 013932.080 INFO             PET0 PIOc_sync Exit - MemInfo: [/proc/self/status]	VmPeak:	 3864380 kB
20220314 013932.080 INFO             PET0 PIOc_sync Exit - MemInfo: [/proc/self/status]	VmSize:	 3863360 kB
20220314 013932.080 INFO             PET0 PIOc_sync Exit - MemInfo: [/proc/self/status]	VmLck:	       0 kB
20220314 013932.080 INFO             PET0 PIOc_sync Exit - MemInfo: [/proc/self/status]	VmPin:	   82140 kB
20220314 013932.080 INFO             PET0 PIOc_sync Exit - MemInfo: [/proc/self/status]	VmHWM:	  188444 kB
20220314 013932.080 INFO             PET0 PIOc_sync Exit - MemInfo: [/proc/self/status]	VmRSS:	  188444 kB
20220314 013932.080 INFO             PET0 PIOc_sync Exit - MemInfo: [/proc/self/status]	VmData:	  280044 kB
20220314 013932.080 INFO             PET0 PIOc_sync Exit - MemInfo: [/proc/self/status]	VmStk:	     512 kB
20220314 013932.080 INFO             PET0 PIOc_sync Exit - MemInfo: [/proc/self/status]	VmExe:	    1768 kB
20220314 013932.080 INFO             PET0 PIOc_sync Exit - MemInfo: [/proc/self/status]	VmLib:	  156408 kB
20220314 013932.080 INFO             PET0 PIOc_sync Exit - MemInfo: [/proc/self/status]	VmPTE:	     860 kB
20220314 013932.080 INFO             PET0 PIOc_sync Exit - MemInfo: [/proc/self/status]	VmPMD:	      32 kB
20220314 013932.080 INFO             PET0 PIOc_sync Exit - MemInfo: [/proc/self/status]	VmSwap:	       0 kB
20220314 013932.080 INFO             PET0 PIOc_sync Exit - MemInfo: [/proc/self/status]	VmRSSPercent: 0.143419 %
20220314 013932.080 INFO             PET0 PIOc_sync Exit - MemInfo: [malloc] Non-mmapped space allocated:                16556032 Byte
20220314 013932.080 INFO             PET0 PIOc_sync Exit - MemInfo: [malloc] Space allocated in mmapped regions:         85999616 Byte
20220314 013932.080 INFO             PET0 PIOc_sync Exit - MemInfo: [malloc] Maximum total allocated space:                     0 Byte
20220314 013932.080 INFO             PET0 PIOc_sync Exit - MemInfo: [malloc] Space in freed fastbin blocks:                   384 Byte
20220314 013932.080 INFO             PET0 PIOc_sync Exit - MemInfo: [malloc] Total allocated space:                      12195808 Byte
20220314 013932.080 INFO             PET0 PIOc_sync Exit - MemInfo: [malloc] Total free space:                            4360224 Byte
20220314 013932.080 INFO             PET0 PIOc_sync Exit - MemInfo: [malloc] Top-most, releasable space:                  2231248 Byte
20220314 013932.080 INFO             PET0 PIOc_sync Exit - MemInfo: [malloc] Total space in use, mmap + non-mmap:        98195424 Byte
20220314 013932.080 INFO             PET0 PIOc_sync Exit - MemInfo: [malloc] Total space held (mmap + non-mmap):        102555648 Byte
20220314 013932.080 INFO             PET0 PIOc_sync Exit - MemInfo: [malloc] Total space used (mmap + non-mmap):         98204784 Byte
20220314 013932.080 INFO             PET0 PIOc_sync Exit - MemInfo: Wall-clock time since execution start:               0.659165 seconds
20220314 013932.080 INFO             PET0 PIOc_freedecomp Enter - MemInfo: [/proc/meminfo - SSI]	MemTotal:       131394444 kB
20220314 013932.080 INFO             PET0 PIOc_freedecomp Enter - MemInfo: [/proc/meminfo - SSI]	MemFree:        122186684 kB
20220314 013932.080 INFO             PET0 PIOc_freedecomp Enter - MemInfo: [/proc/meminfo - SSI]	MemAvailable:   121862224 kB
20220314 013932.080 INFO             PET0 PIOc_freedecomp Enter - MemInfo: [/proc/meminfo - SSI]	Committed_AS:    4284492 kB
20220314 013932.080 INFO             PET0 PIOc_freedecomp Enter - MemInfo: [/proc/meminfo - SSI]	CommittedPercent: 3.26079 %
20220314 013932.080 INFO             PET0 PIOc_freedecomp Enter - MemInfo: [/proc/self/status]	VmPeak:	 3864380 kB
20220314 013932.080 INFO             PET0 PIOc_freedecomp Enter - MemInfo: [/proc/self/status]	VmSize:	 3863360 kB
20220314 013932.080 INFO             PET0 PIOc_freedecomp Enter - MemInfo: [/proc/self/status]	VmLck:	       0 kB
20220314 013932.080 INFO             PET0 PIOc_freedecomp Enter - MemInfo: [/proc/self/status]	VmPin:	   82140 kB
20220314 013932.080 INFO             PET0 PIOc_freedecomp Enter - MemInfo: [/proc/self/status]	VmHWM:	  188444 kB
20220314 013932.080 INFO             PET0 PIOc_freedecomp Enter - MemInfo: [/proc/self/status]	VmRSS:	  188444 kB
20220314 013932.081 INFO             PET0 PIOc_freedecomp Enter - MemInfo: [/proc/self/status]	VmData:	  280044 kB
20220314 013932.081 INFO             PET0 PIOc_freedecomp Enter - MemInfo: [/proc/self/status]	VmStk:	     512 kB
20220314 013932.081 INFO             PET0 PIOc_freedecomp Enter - MemInfo: [/proc/self/status]	VmExe:	    1768 kB
20220314 013932.081 INFO             PET0 PIOc_freedecomp Enter - MemInfo: [/proc/self/status]	VmLib:	  156408 kB
20220314 013932.081 INFO             PET0 PIOc_freedecomp Enter - MemInfo: [/proc/self/status]	VmPTE:	     860 kB
20220314 013932.081 INFO             PET0 PIOc_freedecomp Enter - MemInfo: [/proc/self/status]	VmPMD:	      32 kB
20220314 013932.081 INFO             PET0 PIOc_freedecomp Enter - MemInfo: [/proc/self/status]	VmSwap:	       0 kB
20220314 013932.081 INFO             PET0 PIOc_freedecomp Enter - MemInfo: [/proc/self/status]	VmRSSPercent: 0.143419 %
20220314 013932.081 INFO             PET0 PIOc_freedecomp Enter - MemInfo: [malloc] Non-mmapped space allocated:                16556032 Byte
20220314 013932.081 INFO             PET0 PIOc_freedecomp Enter - MemInfo: [malloc] Space allocated in mmapped regions:         85999616 Byte
20220314 013932.081 INFO             PET0 PIOc_freedecomp Enter - MemInfo: [malloc] Maximum total allocated space:                     0 Byte
20220314 013932.081 INFO             PET0 PIOc_freedecomp Enter - MemInfo: [malloc] Space in freed fastbin blocks:                  1408 Byte
20220314 013932.081 INFO             PET0 PIOc_freedecomp Enter - MemInfo: [malloc] Total allocated space:                      10084704 Byte
20220314 013932.081 INFO             PET0 PIOc_freedecomp Enter - MemInfo: [malloc] Total free space:                            6471328 Byte
20220314 013932.081 INFO             PET0 PIOc_freedecomp Enter - MemInfo: [malloc] Top-most, releasable space:                  2231248 Byte
20220314 013932.081 INFO             PET0 PIOc_freedecomp Enter - MemInfo: [malloc] Total space in use, mmap + non-mmap:        96084320 Byte
20220314 013932.081 INFO             PET0 PIOc_freedecomp Enter - MemInfo: [malloc] Total space held (mmap + non-mmap):        102555648 Byte
20220314 013932.081 INFO             PET0 PIOc_freedecomp Enter - MemInfo: [malloc] Total space used (mmap + non-mmap):         96093680 Byte
20220314 013932.081 INFO             PET0 PIOc_freedecomp Enter - MemInfo: Wall-clock time since execution start:               0.659692 seconds
20220314 013932.081 INFO             PET0 PIOc_freedecomp Exit - MemInfo: [/proc/meminfo - SSI]	MemTotal:       131394444 kB
20220314 013932.081 INFO             PET0 PIOc_freedecomp Exit - MemInfo: [/proc/meminfo - SSI]	MemFree:        122186684 kB
20220314 013932.081 INFO             PET0 PIOc_freedecomp Exit - MemInfo: [/proc/meminfo - SSI]	MemAvailable:   121862224 kB
20220314 013932.081 INFO             PET0 PIOc_freedecomp Exit - MemInfo: [/proc/meminfo - SSI]	Committed_AS:    4284492 kB
20220314 013932.081 INFO             PET0 PIOc_freedecomp Exit - MemInfo: [/proc/meminfo - SSI]	CommittedPercent: 3.26079 %
20220314 013932.081 INFO             PET0 PIOc_freedecomp Exit - MemInfo: [/proc/self/status]	VmPeak:	 3864380 kB
20220314 013932.081 INFO             PET0 PIOc_freedecomp Exit - MemInfo: [/proc/self/status]	VmSize:	 3863360 kB
20220314 013932.081 INFO             PET0 PIOc_freedecomp Exit - MemInfo: [/proc/self/status]	VmLck:	       0 kB
20220314 013932.081 INFO             PET0 PIOc_freedecomp Exit - MemInfo: [/proc/self/status]	VmPin:	   82140 kB
20220314 013932.081 INFO             PET0 PIOc_freedecomp Exit - MemInfo: [/proc/self/status]	VmHWM:	  188444 kB
20220314 013932.081 INFO             PET0 PIOc_freedecomp Exit - MemInfo: [/proc/self/status]	VmRSS:	  188444 kB
20220314 013932.081 INFO             PET0 PIOc_freedecomp Exit - MemInfo: [/proc/self/status]	VmData:	  280044 kB
20220314 013932.081 INFO             PET0 PIOc_freedecomp Exit - MemInfo: [/proc/self/status]	VmStk:	     512 kB
20220314 013932.081 INFO             PET0 PIOc_freedecomp Exit - MemInfo: [/proc/self/status]	VmExe:	    1768 kB
20220314 013932.081 INFO             PET0 PIOc_freedecomp Exit - MemInfo: [/proc/self/status]	VmLib:	  156408 kB
20220314 013932.081 INFO             PET0 PIOc_freedecomp Exit - MemInfo: [/proc/self/status]	VmPTE:	     860 kB
20220314 013932.081 INFO             PET0 PIOc_freedecomp Exit - MemInfo: [/proc/self/status]	VmPMD:	      32 kB
20220314 013932.081 INFO             PET0 PIOc_freedecomp Exit - MemInfo: [/proc/self/status]	VmSwap:	       0 kB
20220314 013932.081 INFO             PET0 PIOc_freedecomp Exit - MemInfo: [/proc/self/status]	VmRSSPercent: 0.143419 %
20220314 013932.081 INFO             PET0 PIOc_freedecomp Exit - MemInfo: [malloc] Non-mmapped space allocated:                16556032 Byte
20220314 013932.081 INFO             PET0 PIOc_freedecomp Exit - MemInfo: [malloc] Space allocated in mmapped regions:         85999616 Byte
20220314 013932.081 INFO             PET0 PIOc_freedecomp Exit - MemInfo: [malloc] Maximum total allocated space:                     0 Byte
20220314 013932.081 INFO             PET0 PIOc_freedecomp Exit - MemInfo: [malloc] Space in freed fastbin blocks:                   816 Byte
20220314 013932.081 INFO             PET0 PIOc_freedecomp Exit - MemInfo: [malloc] Total allocated space:                      10080336 Byte
20220314 013932.081 INFO             PET0 PIOc_freedecomp Exit - MemInfo: [malloc] Total free space:                            6475696 Byte
20220314 013932.081 INFO             PET0 PIOc_freedecomp Exit - MemInfo: [malloc] Top-most, releasable space:                  2231248 Byte
20220314 013932.081 INFO             PET0 PIOc_freedecomp Exit - MemInfo: [malloc] Total space in use, mmap + non-mmap:        96079952 Byte
20220314 013932.081 INFO             PET0 PIOc_freedecomp Exit - MemInfo: [malloc] Total space held (mmap + non-mmap):        102555648 Byte
20220314 013932.081 INFO             PET0 PIOc_freedecomp Exit - MemInfo: [malloc] Total space used (mmap + non-mmap):         96089312 Byte
20220314 013932.081 INFO             PET0 PIOc_freedecomp Exit - MemInfo: Wall-clock time since execution start:               0.660197 seconds
20220314 013932.086 INFO             PET0  PASS  ESMF_FieldRegridStoreFromFile Unit Test, ESMF_FieldSMMFromFileUTest.F90, line 315
20220314 013932.086 INFO             PET0  Ending Test, file ESMF_FieldSMMFromFileUTest.F90, line 322
20220314 013932.086 INFO             PET0 Finalizing ESMF
20220314 013931.429 INFO             PET1 !!!!!!!!!!!!!!!!!!!!!!!!!!!!!!!!!!!!!!!!!!!!!!!!!!!!!!
20220314 013931.429 INFO             PET1 !!! THE ESMF_LOG IS SET TO OUTPUT ALL LOG MESSAGES !!!
20220314 013931.429 INFO             PET1 !!!     THIS MAY CAUSE SLOWDOWN IN PERFORMANCE     !!!
20220314 013931.429 INFO             PET1 !!! FOR PRODUCTION RUNS, USE:                      !!!
20220314 013931.429 INFO             PET1 !!!                   ESMF_LOGKIND_Multi_On_Error  !!!
20220314 013931.429 INFO             PET1 !!!!!!!!!!!!!!!!!!!!!!!!!!!!!!!!!!!!!!!!!!!!!!!!!!!!!!
20220314 013931.429 INFO             PET1 Running with ESMF Version   : v8.3.0b09-96-g559b459836
20220314 013931.429 INFO             PET1 ESMF library build date/time: "Mar 14 2022" "01:16:57"
20220314 013931.429 INFO             PET1 ESMF library build location : /gpfsm/dnb04/projects/p98/mpotts/esmf/intel_2020_intelmpi_g_jedwards_pio_update2
20220314 013931.429 INFO             PET1 ESMF_COMM                   : intelmpi
20220314 013931.429 INFO             PET1 ESMF_MOAB                   : enabled
20220314 013931.429 INFO             PET1 ESMF_LAPACK                 : enabled
20220314 013931.429 INFO             PET1 ESMF_NETCDF                 : enabled
20220314 013931.429 INFO             PET1 ESMF_PNETCDF                : disabled
20220314 013931.429 INFO             PET1 ESMF_PIO                    : enabled
20220314 013931.429 INFO             PET1 ESMF_YAMLCPP                : enabled
20220314 013931.430 INFO             PET1  Beginning Test, file ESMF_FieldSMMFromFileUTest.F90, line 287
20220314 013931.430 INFO             PET1  NUMBER_OF_PROCESSORS           4
20220314 013932.056 INFO             PET1  PASS  ESMF_FieldSMMFromFile Unit Test, ESMF_FieldSMMFromFileUTest.F90, line 300
20220314 013932.072 INFO             PET1 PIOc_sync Enter - MemInfo: [/proc/meminfo - SSI]	MemTotal:       131394444 kB
20220314 013932.072 INFO             PET1 PIOc_sync Enter - MemInfo: [/proc/meminfo - SSI]	MemFree:        122188980 kB
20220314 013932.072 INFO             PET1 PIOc_sync Enter - MemInfo: [/proc/meminfo - SSI]	MemAvailable:   121864520 kB
20220314 013932.072 INFO             PET1 PIOc_sync Enter - MemInfo: [/proc/meminfo - SSI]	Committed_AS:    4284492 kB
20220314 013932.072 INFO             PET1 PIOc_sync Enter - MemInfo: [/proc/meminfo - SSI]	CommittedPercent: 3.26079 %
20220314 013932.072 INFO             PET1 PIOc_sync Enter - MemInfo: [/proc/self/status]	VmPeak:	 3860312 kB
20220314 013932.072 INFO             PET1 PIOc_sync Enter - MemInfo: [/proc/self/status]	VmSize:	 3859292 kB
20220314 013932.072 INFO             PET1 PIOc_sync Enter - MemInfo: [/proc/self/status]	VmLck:	       0 kB
20220314 013932.072 INFO             PET1 PIOc_sync Enter - MemInfo: [/proc/self/status]	VmPin:	   82140 kB
20220314 013932.072 INFO             PET1 PIOc_sync Enter - MemInfo: [/proc/self/status]	VmHWM:	  180496 kB
20220314 013932.072 INFO             PET1 PIOc_sync Enter - MemInfo: [/proc/self/status]	VmRSS:	  180496 kB
20220314 013932.072 INFO             PET1 PIOc_sync Enter - MemInfo: [/proc/self/status]	VmData:	  275976 kB
20220314 013932.072 INFO             PET1 PIOc_sync Enter - MemInfo: [/proc/self/status]	VmStk:	     512 kB
20220314 013932.072 INFO             PET1 PIOc_sync Enter - MemInfo: [/proc/self/status]	VmExe:	    1768 kB
20220314 013932.072 INFO             PET1 PIOc_sync Enter - MemInfo: [/proc/self/status]	VmLib:	  156408 kB
20220314 013932.072 INFO             PET1 PIOc_sync Enter - MemInfo: [/proc/self/status]	VmPTE:	     840 kB
20220314 013932.072 INFO             PET1 PIOc_sync Enter - MemInfo: [/proc/self/status]	VmPMD:	      28 kB
20220314 013932.072 INFO             PET1 PIOc_sync Enter - MemInfo: [/proc/self/status]	VmSwap:	       0 kB
20220314 013932.072 INFO             PET1 PIOc_sync Enter - MemInfo: [/proc/self/status]	VmRSSPercent: 0.13737 %
20220314 013932.072 INFO             PET1 PIOc_sync Enter - MemInfo: [malloc] Non-mmapped space allocated:                10293248 Byte
20220314 013932.072 INFO             PET1 PIOc_sync Enter - MemInfo: [malloc] Space allocated in mmapped regions:         85999616 Byte
20220314 013932.072 INFO             PET1 PIOc_sync Enter - MemInfo: [malloc] Maximum total allocated space:                     0 Byte
20220314 013932.072 INFO             PET1 PIOc_sync Enter - MemInfo: [malloc] Space in freed fastbin blocks:                  2432 Byte
20220314 013932.072 INFO             PET1 PIOc_sync Enter - MemInfo: [malloc] Total allocated space:                       5944192 Byte
20220314 013932.072 INFO             PET1 PIOc_sync Enter - MemInfo: [malloc] Total free space:                            4349056 Byte
20220314 013932.072 INFO             PET1 PIOc_sync Enter - MemInfo: [malloc] Top-most, releasable space:                  2232096 Byte
20220314 013932.072 INFO             PET1 PIOc_sync Enter - MemInfo: [malloc] Total space in use, mmap + non-mmap:        91943808 Byte
20220314 013932.072 INFO             PET1 PIOc_sync Enter - MemInfo: [malloc] Total space held (mmap + non-mmap):         96292864 Byte
20220314 013932.072 INFO             PET1 PIOc_sync Enter - MemInfo: [malloc] Total space used (mmap + non-mmap):         91953168 Byte
20220314 013932.073 INFO             PET1 PIOc_sync Enter - MemInfo: Wall-clock time since execution start:               0.652284 seconds
20220314 013932.073 INFO             PET1 PIOc_sync Exit - MemInfo: [/proc/meminfo - SSI]	MemTotal:       131394444 kB
20220314 013932.073 INFO             PET1 PIOc_sync Exit - MemInfo: [/proc/meminfo - SSI]	MemFree:        122186684 kB
20220314 013932.073 INFO             PET1 PIOc_sync Exit - MemInfo: [/proc/meminfo - SSI]	MemAvailable:   121862224 kB
20220314 013932.073 INFO             PET1 PIOc_sync Exit - MemInfo: [/proc/meminfo - SSI]	Committed_AS:    4284492 kB
20220314 013932.073 INFO             PET1 PIOc_sync Exit - MemInfo: [/proc/meminfo - SSI]	CommittedPercent: 3.26079 %
20220314 013932.073 INFO             PET1 PIOc_sync Exit - MemInfo: [/proc/self/status]	VmPeak:	 3860312 kB
20220314 013932.073 INFO             PET1 PIOc_sync Exit - MemInfo: [/proc/self/status]	VmSize:	 3859292 kB
20220314 013932.073 INFO             PET1 PIOc_sync Exit - MemInfo: [/proc/self/status]	VmLck:	       0 kB
20220314 013932.073 INFO             PET1 PIOc_sync Exit - MemInfo: [/proc/self/status]	VmPin:	   82140 kB
20220314 013932.074 INFO             PET1 PIOc_sync Exit - MemInfo: [/proc/self/status]	VmHWM:	  180564 kB
20220314 013932.074 INFO             PET1 PIOc_sync Exit - MemInfo: [/proc/self/status]	VmRSS:	  180564 kB
20220314 013932.074 INFO             PET1 PIOc_sync Exit - MemInfo: [/proc/self/status]	VmData:	  275976 kB
20220314 013932.074 INFO             PET1 PIOc_sync Exit - MemInfo: [/proc/self/status]	VmStk:	     512 kB
20220314 013932.074 INFO             PET1 PIOc_sync Exit - MemInfo: [/proc/self/status]	VmExe:	    1768 kB
20220314 013932.074 INFO             PET1 PIOc_sync Exit - MemInfo: [/proc/self/status]	VmLib:	  156408 kB
20220314 013932.074 INFO             PET1 PIOc_sync Exit - MemInfo: [/proc/self/status]	VmPTE:	     840 kB
20220314 013932.074 INFO             PET1 PIOc_sync Exit - MemInfo: [/proc/self/status]	VmPMD:	      28 kB
20220314 013932.074 INFO             PET1 PIOc_sync Exit - MemInfo: [/proc/self/status]	VmSwap:	       0 kB
20220314 013932.074 INFO             PET1 PIOc_sync Exit - MemInfo: [/proc/self/status]	VmRSSPercent: 0.137421 %
20220314 013932.074 INFO             PET1 PIOc_sync Exit - MemInfo: [malloc] Non-mmapped space allocated:                10293248 Byte
20220314 013932.074 INFO             PET1 PIOc_sync Exit - MemInfo: [malloc] Space allocated in mmapped regions:         85999616 Byte
20220314 013932.074 INFO             PET1 PIOc_sync Exit - MemInfo: [malloc] Maximum total allocated space:                     0 Byte
20220314 013932.074 INFO             PET1 PIOc_sync Exit - MemInfo: [malloc] Space in freed fastbin blocks:                   608 Byte
20220314 013932.074 INFO             PET1 PIOc_sync Exit - MemInfo: [malloc] Total allocated space:                       5942928 Byte
20220314 013932.074 INFO             PET1 PIOc_sync Exit - MemInfo: [malloc] Total free space:                            4350320 Byte
20220314 013932.074 INFO             PET1 PIOc_sync Exit - MemInfo: [malloc] Top-most, releasable space:                  2232096 Byte
20220314 013932.074 INFO             PET1 PIOc_sync Exit - MemInfo: [malloc] Total space in use, mmap + non-mmap:        91942544 Byte
20220314 013932.074 INFO             PET1 PIOc_sync Exit - MemInfo: [malloc] Total space held (mmap + non-mmap):         96292864 Byte
20220314 013932.074 INFO             PET1 PIOc_sync Exit - MemInfo: [malloc] Total space used (mmap + non-mmap):         91951904 Byte
20220314 013932.074 INFO             PET1 PIOc_sync Exit - MemInfo: Wall-clock time since execution start:               0.653611 seconds
20220314 013932.074 INFO             PET1 PIOc_freedecomp Enter - MemInfo: [/proc/meminfo - SSI]	MemTotal:       131394444 kB
20220314 013932.074 INFO             PET1 PIOc_freedecomp Enter - MemInfo: [/proc/meminfo - SSI]	MemFree:        122186684 kB
20220314 013932.074 INFO             PET1 PIOc_freedecomp Enter - MemInfo: [/proc/meminfo - SSI]	MemAvailable:   121862224 kB
20220314 013932.074 INFO             PET1 PIOc_freedecomp Enter - MemInfo: [/proc/meminfo - SSI]	Committed_AS:    4284492 kB
20220314 013932.074 INFO             PET1 PIOc_freedecomp Enter - MemInfo: [/proc/meminfo - SSI]	CommittedPercent: 3.26079 %
20220314 013932.074 INFO             PET1 PIOc_freedecomp Enter - MemInfo: [/proc/self/status]	VmPeak:	 3860312 kB
20220314 013932.074 INFO             PET1 PIOc_freedecomp Enter - MemInfo: [/proc/self/status]	VmSize:	 3859292 kB
20220314 013932.074 INFO             PET1 PIOc_freedecomp Enter - MemInfo: [/proc/self/status]	VmLck:	       0 kB
20220314 013932.074 INFO             PET1 PIOc_freedecomp Enter - MemInfo: [/proc/self/status]	VmPin:	   82140 kB
20220314 013932.074 INFO             PET1 PIOc_freedecomp Enter - MemInfo: [/proc/self/status]	VmHWM:	  180568 kB
20220314 013932.074 INFO             PET1 PIOc_freedecomp Enter - MemInfo: [/proc/self/status]	VmRSS:	  180568 kB
20220314 013932.074 INFO             PET1 PIOc_freedecomp Enter - MemInfo: [/proc/self/status]	VmData:	  275976 kB
20220314 013932.074 INFO             PET1 PIOc_freedecomp Enter - MemInfo: [/proc/self/status]	VmStk:	     512 kB
20220314 013932.074 INFO             PET1 PIOc_freedecomp Enter - MemInfo: [/proc/self/status]	VmExe:	    1768 kB
20220314 013932.074 INFO             PET1 PIOc_freedecomp Enter - MemInfo: [/proc/self/status]	VmLib:	  156408 kB
20220314 013932.074 INFO             PET1 PIOc_freedecomp Enter - MemInfo: [/proc/self/status]	VmPTE:	     840 kB
20220314 013932.074 INFO             PET1 PIOc_freedecomp Enter - MemInfo: [/proc/self/status]	VmPMD:	      28 kB
20220314 013932.074 INFO             PET1 PIOc_freedecomp Enter - MemInfo: [/proc/self/status]	VmSwap:	       0 kB
20220314 013932.074 INFO             PET1 PIOc_freedecomp Enter - MemInfo: [/proc/self/status]	VmRSSPercent: 0.137424 %
20220314 013932.074 INFO             PET1 PIOc_freedecomp Enter - MemInfo: [malloc] Non-mmapped space allocated:                10293248 Byte
20220314 013932.074 INFO             PET1 PIOc_freedecomp Enter - MemInfo: [malloc] Space allocated in mmapped regions:         85999616 Byte
20220314 013932.074 INFO             PET1 PIOc_freedecomp Enter - MemInfo: [malloc] Maximum total allocated space:                     0 Byte
20220314 013932.074 INFO             PET1 PIOc_freedecomp Enter - MemInfo: [malloc] Space in freed fastbin blocks:                   704 Byte
20220314 013932.074 INFO             PET1 PIOc_freedecomp Enter - MemInfo: [malloc] Total allocated space:                       5941296 Byte
20220314 013932.074 INFO             PET1 PIOc_freedecomp Enter - MemInfo: [malloc] Total free space:                            4351952 Byte
20220314 013932.074 INFO             PET1 PIOc_freedecomp Enter - MemInfo: [malloc] Top-most, releasable space:                  2232096 Byte
20220314 013932.074 INFO             PET1 PIOc_freedecomp Enter - MemInfo: [malloc] Total space in use, mmap + non-mmap:        91940912 Byte
20220314 013932.074 INFO             PET1 PIOc_freedecomp Enter - MemInfo: [malloc] Total space held (mmap + non-mmap):         96292864 Byte
20220314 013932.074 INFO             PET1 PIOc_freedecomp Enter - MemInfo: [malloc] Total space used (mmap + non-mmap):         91950272 Byte
20220314 013932.074 INFO             PET1 PIOc_freedecomp Enter - MemInfo: Wall-clock time since execution start:               0.654243 seconds
20220314 013932.075 INFO             PET1 PIOc_freedecomp Exit - MemInfo: [/proc/meminfo - SSI]	MemTotal:       131394444 kB
20220314 013932.075 INFO             PET1 PIOc_freedecomp Exit - MemInfo: [/proc/meminfo - SSI]	MemFree:        122186684 kB
20220314 013932.075 INFO             PET1 PIOc_freedecomp Exit - MemInfo: [/proc/meminfo - SSI]	MemAvailable:   121862224 kB
20220314 013932.075 INFO             PET1 PIOc_freedecomp Exit - MemInfo: [/proc/meminfo - SSI]	Committed_AS:    4284492 kB
20220314 013932.075 INFO             PET1 PIOc_freedecomp Exit - MemInfo: [/proc/meminfo - SSI]	CommittedPercent: 3.26079 %
20220314 013932.075 INFO             PET1 PIOc_freedecomp Exit - MemInfo: [/proc/self/status]	VmPeak:	 3860312 kB
20220314 013932.075 INFO             PET1 PIOc_freedecomp Exit - MemInfo: [/proc/self/status]	VmSize:	 3859292 kB
20220314 013932.075 INFO             PET1 PIOc_freedecomp Exit - MemInfo: [/proc/self/status]	VmLck:	       0 kB
20220314 013932.075 INFO             PET1 PIOc_freedecomp Exit - MemInfo: [/proc/self/status]	VmPin:	   82140 kB
20220314 013932.075 INFO             PET1 PIOc_freedecomp Exit - MemInfo: [/proc/self/status]	VmHWM:	  180568 kB
20220314 013932.075 INFO             PET1 PIOc_freedecomp Exit - MemInfo: [/proc/self/status]	VmRSS:	  180568 kB
20220314 013932.075 INFO             PET1 PIOc_freedecomp Exit - MemInfo: [/proc/self/status]	VmData:	  275976 kB
20220314 013932.075 INFO             PET1 PIOc_freedecomp Exit - MemInfo: [/proc/self/status]	VmStk:	     512 kB
20220314 013932.075 INFO             PET1 PIOc_freedecomp Exit - MemInfo: [/proc/self/status]	VmExe:	    1768 kB
20220314 013932.075 INFO             PET1 PIOc_freedecomp Exit - MemInfo: [/proc/self/status]	VmLib:	  156408 kB
20220314 013932.075 INFO             PET1 PIOc_freedecomp Exit - MemInfo: [/proc/self/status]	VmPTE:	     840 kB
20220314 013932.075 INFO             PET1 PIOc_freedecomp Exit - MemInfo: [/proc/self/status]	VmPMD:	      28 kB
20220314 013932.075 INFO             PET1 PIOc_freedecomp Exit - MemInfo: [/proc/self/status]	VmSwap:	       0 kB
20220314 013932.075 INFO             PET1 PIOc_freedecomp Exit - MemInfo: [/proc/self/status]	VmRSSPercent: 0.137424 %
20220314 013932.075 INFO             PET1 PIOc_freedecomp Exit - MemInfo: [malloc] Non-mmapped space allocated:                10293248 Byte
20220314 013932.075 INFO             PET1 PIOc_freedecomp Exit - MemInfo: [malloc] Space allocated in mmapped regions:         85999616 Byte
20220314 013932.075 INFO             PET1 PIOc_freedecomp Exit - MemInfo: [malloc] Maximum total allocated space:                     0 Byte
20220314 013932.075 INFO             PET1 PIOc_freedecomp Exit - MemInfo: [malloc] Space in freed fastbin blocks:                   720 Byte
20220314 013932.075 INFO             PET1 PIOc_freedecomp Exit - MemInfo: [malloc] Total allocated space:                       5939056 Byte
20220314 013932.075 INFO             PET1 PIOc_freedecomp Exit - MemInfo: [malloc] Total free space:                            4354192 Byte
20220314 013932.075 INFO             PET1 PIOc_freedecomp Exit - MemInfo: [malloc] Top-most, releasable space:                  2232096 Byte
20220314 013932.075 INFO             PET1 PIOc_freedecomp Exit - MemInfo: [malloc] Total space in use, mmap + non-mmap:        91938672 Byte
20220314 013932.075 INFO             PET1 PIOc_freedecomp Exit - MemInfo: [malloc] Total space held (mmap + non-mmap):         96292864 Byte
20220314 013932.075 INFO             PET1 PIOc_freedecomp Exit - MemInfo: [malloc] Total space used (mmap + non-mmap):         91948032 Byte
20220314 013932.075 INFO             PET1 PIOc_freedecomp Exit - MemInfo: Wall-clock time since execution start:               0.654776 seconds
20220314 013932.076 INFO             PET1 PIOc_sync Enter - MemInfo: [/proc/meminfo - SSI]	MemTotal:       131394444 kB
20220314 013932.076 INFO             PET1 PIOc_sync Enter - MemInfo: [/proc/meminfo - SSI]	MemFree:        122186684 kB
20220314 013932.076 INFO             PET1 PIOc_sync Enter - MemInfo: [/proc/meminfo - SSI]	MemAvailable:   121862224 kB
20220314 013932.076 INFO             PET1 PIOc_sync Enter - MemInfo: [/proc/meminfo - SSI]	Committed_AS:    4284492 kB
20220314 013932.076 INFO             PET1 PIOc_sync Enter - MemInfo: [/proc/meminfo - SSI]	CommittedPercent: 3.26079 %
20220314 013932.076 INFO             PET1 PIOc_sync Enter - MemInfo: [/proc/self/status]	VmPeak:	 3860312 kB
20220314 013932.076 INFO             PET1 PIOc_sync Enter - MemInfo: [/proc/self/status]	VmSize:	 3859292 kB
20220314 013932.076 INFO             PET1 PIOc_sync Enter - MemInfo: [/proc/self/status]	VmLck:	       0 kB
20220314 013932.076 INFO             PET1 PIOc_sync Enter - MemInfo: [/proc/self/status]	VmPin:	   82140 kB
20220314 013932.076 INFO             PET1 PIOc_sync Enter - MemInfo: [/proc/self/status]	VmHWM:	  180628 kB
20220314 013932.076 INFO             PET1 PIOc_sync Enter - MemInfo: [/proc/self/status]	VmRSS:	  180628 kB
20220314 013932.076 INFO             PET1 PIOc_sync Enter - MemInfo: [/proc/self/status]	VmData:	  275976 kB
20220314 013932.076 INFO             PET1 PIOc_sync Enter - MemInfo: [/proc/self/status]	VmStk:	     512 kB
20220314 013932.076 INFO             PET1 PIOc_sync Enter - MemInfo: [/proc/self/status]	VmExe:	    1768 kB
20220314 013932.076 INFO             PET1 PIOc_sync Enter - MemInfo: [/proc/self/status]	VmLib:	  156408 kB
20220314 013932.076 INFO             PET1 PIOc_sync Enter - MemInfo: [/proc/self/status]	VmPTE:	     840 kB
20220314 013932.076 INFO             PET1 PIOc_sync Enter - MemInfo: [/proc/self/status]	VmPMD:	      28 kB
20220314 013932.076 INFO             PET1 PIOc_sync Enter - MemInfo: [/proc/self/status]	VmSwap:	       0 kB
20220314 013932.076 INFO             PET1 PIOc_sync Enter - MemInfo: [/proc/self/status]	VmRSSPercent: 0.13747 %
20220314 013932.076 INFO             PET1 PIOc_sync Enter - MemInfo: [malloc] Non-mmapped space allocated:                10293248 Byte
20220314 013932.076 INFO             PET1 PIOc_sync Enter - MemInfo: [malloc] Space allocated in mmapped regions:         85999616 Byte
20220314 013932.076 INFO             PET1 PIOc_sync Enter - MemInfo: [malloc] Maximum total allocated space:                     0 Byte
20220314 013932.076 INFO             PET1 PIOc_sync Enter - MemInfo: [malloc] Space in freed fastbin blocks:                  2688 Byte
20220314 013932.076 INFO             PET1 PIOc_sync Enter - MemInfo: [malloc] Total allocated space:                       5944048 Byte
20220314 013932.076 INFO             PET1 PIOc_sync Enter - MemInfo: [malloc] Total free space:                            4349200 Byte
20220314 013932.076 INFO             PET1 PIOc_sync Enter - MemInfo: [malloc] Top-most, releasable space:                  2232096 Byte
20220314 013932.076 INFO             PET1 PIOc_sync Enter - MemInfo: [malloc] Total space in use, mmap + non-mmap:        91943664 Byte
20220314 013932.076 INFO             PET1 PIOc_sync Enter - MemInfo: [malloc] Total space held (mmap + non-mmap):         96292864 Byte
20220314 013932.076 INFO             PET1 PIOc_sync Enter - MemInfo: [malloc] Total space used (mmap + non-mmap):         91953024 Byte
20220314 013932.076 INFO             PET1 PIOc_sync Enter - MemInfo: Wall-clock time since execution start:               0.656199 seconds
20220314 013932.077 INFO             PET1 PIOc_sync Exit - MemInfo: [/proc/meminfo - SSI]	MemTotal:       131394444 kB
20220314 013932.077 INFO             PET1 PIOc_sync Exit - MemInfo: [/proc/meminfo - SSI]	MemFree:        122186684 kB
20220314 013932.077 INFO             PET1 PIOc_sync Exit - MemInfo: [/proc/meminfo - SSI]	MemAvailable:   121862224 kB
20220314 013932.077 INFO             PET1 PIOc_sync Exit - MemInfo: [/proc/meminfo - SSI]	Committed_AS:    4284492 kB
20220314 013932.077 INFO             PET1 PIOc_sync Exit - MemInfo: [/proc/meminfo - SSI]	CommittedPercent: 3.26079 %
20220314 013932.077 INFO             PET1 PIOc_sync Exit - MemInfo: [/proc/self/status]	VmPeak:	 3860312 kB
20220314 013932.077 INFO             PET1 PIOc_sync Exit - MemInfo: [/proc/self/status]	VmSize:	 3859292 kB
20220314 013932.077 INFO             PET1 PIOc_sync Exit - MemInfo: [/proc/self/status]	VmLck:	       0 kB
20220314 013932.077 INFO             PET1 PIOc_sync Exit - MemInfo: [/proc/self/status]	VmPin:	   82140 kB
20220314 013932.077 INFO             PET1 PIOc_sync Exit - MemInfo: [/proc/self/status]	VmHWM:	  180628 kB
20220314 013932.077 INFO             PET1 PIOc_sync Exit - MemInfo: [/proc/self/status]	VmRSS:	  180628 kB
20220314 013932.077 INFO             PET1 PIOc_sync Exit - MemInfo: [/proc/self/status]	VmData:	  275976 kB
20220314 013932.077 INFO             PET1 PIOc_sync Exit - MemInfo: [/proc/self/status]	VmStk:	     512 kB
20220314 013932.077 INFO             PET1 PIOc_sync Exit - MemInfo: [/proc/self/status]	VmExe:	    1768 kB
20220314 013932.077 INFO             PET1 PIOc_sync Exit - MemInfo: [/proc/self/status]	VmLib:	  156408 kB
20220314 013932.077 INFO             PET1 PIOc_sync Exit - MemInfo: [/proc/self/status]	VmPTE:	     840 kB
20220314 013932.077 INFO             PET1 PIOc_sync Exit - MemInfo: [/proc/self/status]	VmPMD:	      28 kB
20220314 013932.077 INFO             PET1 PIOc_sync Exit - MemInfo: [/proc/self/status]	VmSwap:	       0 kB
20220314 013932.077 INFO             PET1 PIOc_sync Exit - MemInfo: [/proc/self/status]	VmRSSPercent: 0.13747 %
20220314 013932.077 INFO             PET1 PIOc_sync Exit - MemInfo: [malloc] Non-mmapped space allocated:                10293248 Byte
20220314 013932.077 INFO             PET1 PIOc_sync Exit - MemInfo: [malloc] Space allocated in mmapped regions:         85999616 Byte
20220314 013932.077 INFO             PET1 PIOc_sync Exit - MemInfo: [malloc] Maximum total allocated space:                     0 Byte
20220314 013932.077 INFO             PET1 PIOc_sync Exit - MemInfo: [malloc] Space in freed fastbin blocks:                   608 Byte
20220314 013932.077 INFO             PET1 PIOc_sync Exit - MemInfo: [malloc] Total allocated space:                       5943040 Byte
20220314 013932.077 INFO             PET1 PIOc_sync Exit - MemInfo: [malloc] Total free space:                            4350208 Byte
20220314 013932.077 INFO             PET1 PIOc_sync Exit - MemInfo: [malloc] Top-most, releasable space:                  2232096 Byte
20220314 013932.077 INFO             PET1 PIOc_sync Exit - MemInfo: [malloc] Total space in use, mmap + non-mmap:        91942656 Byte
20220314 013932.077 INFO             PET1 PIOc_sync Exit - MemInfo: [malloc] Total space held (mmap + non-mmap):         96292864 Byte
20220314 013932.077 INFO             PET1 PIOc_sync Exit - MemInfo: [malloc] Total space used (mmap + non-mmap):         91952016 Byte
20220314 013932.077 INFO             PET1 PIOc_sync Exit - MemInfo: Wall-clock time since execution start:               0.656852 seconds
20220314 013932.077 INFO             PET1 PIOc_freedecomp Enter - MemInfo: [/proc/meminfo - SSI]	MemTotal:       131394444 kB
20220314 013932.077 INFO             PET1 PIOc_freedecomp Enter - MemInfo: [/proc/meminfo - SSI]	MemFree:        122186684 kB
20220314 013932.077 INFO             PET1 PIOc_freedecomp Enter - MemInfo: [/proc/meminfo - SSI]	MemAvailable:   121862224 kB
20220314 013932.077 INFO             PET1 PIOc_freedecomp Enter - MemInfo: [/proc/meminfo - SSI]	Committed_AS:    4284492 kB
20220314 013932.077 INFO             PET1 PIOc_freedecomp Enter - MemInfo: [/proc/meminfo - SSI]	CommittedPercent: 3.26079 %
20220314 013932.077 INFO             PET1 PIOc_freedecomp Enter - MemInfo: [/proc/self/status]	VmPeak:	 3860312 kB
20220314 013932.077 INFO             PET1 PIOc_freedecomp Enter - MemInfo: [/proc/self/status]	VmSize:	 3859292 kB
20220314 013932.077 INFO             PET1 PIOc_freedecomp Enter - MemInfo: [/proc/self/status]	VmLck:	       0 kB
20220314 013932.077 INFO             PET1 PIOc_freedecomp Enter - MemInfo: [/proc/self/status]	VmPin:	   82140 kB
20220314 013932.077 INFO             PET1 PIOc_freedecomp Enter - MemInfo: [/proc/self/status]	VmHWM:	  180628 kB
20220314 013932.077 INFO             PET1 PIOc_freedecomp Enter - MemInfo: [/proc/self/status]	VmRSS:	  180628 kB
20220314 013932.077 INFO             PET1 PIOc_freedecomp Enter - MemInfo: [/proc/self/status]	VmData:	  275976 kB
20220314 013932.077 INFO             PET1 PIOc_freedecomp Enter - MemInfo: [/proc/self/status]	VmStk:	     512 kB
20220314 013932.077 INFO             PET1 PIOc_freedecomp Enter - MemInfo: [/proc/self/status]	VmExe:	    1768 kB
20220314 013932.077 INFO             PET1 PIOc_freedecomp Enter - MemInfo: [/proc/self/status]	VmLib:	  156408 kB
20220314 013932.077 INFO             PET1 PIOc_freedecomp Enter - MemInfo: [/proc/self/status]	VmPTE:	     840 kB
20220314 013932.077 INFO             PET1 PIOc_freedecomp Enter - MemInfo: [/proc/self/status]	VmPMD:	      28 kB
20220314 013932.077 INFO             PET1 PIOc_freedecomp Enter - MemInfo: [/proc/self/status]	VmSwap:	       0 kB
20220314 013932.077 INFO             PET1 PIOc_freedecomp Enter - MemInfo: [/proc/self/status]	VmRSSPercent: 0.13747 %
20220314 013932.077 INFO             PET1 PIOc_freedecomp Enter - MemInfo: [malloc] Non-mmapped space allocated:                10293248 Byte
20220314 013932.077 INFO             PET1 PIOc_freedecomp Enter - MemInfo: [malloc] Space allocated in mmapped regions:         85999616 Byte
20220314 013932.077 INFO             PET1 PIOc_freedecomp Enter - MemInfo: [malloc] Maximum total allocated space:                     0 Byte
20220314 013932.077 INFO             PET1 PIOc_freedecomp Enter - MemInfo: [malloc] Space in freed fastbin blocks:                   896 Byte
20220314 013932.078 INFO             PET1 PIOc_freedecomp Enter - MemInfo: [malloc] Total allocated space:                       5941264 Byte
20220314 013932.078 INFO             PET1 PIOc_freedecomp Enter - MemInfo: [malloc] Total free space:                            4351984 Byte
20220314 013932.078 INFO             PET1 PIOc_freedecomp Enter - MemInfo: [malloc] Top-most, releasable space:                  2232096 Byte
20220314 013932.078 INFO             PET1 PIOc_freedecomp Enter - MemInfo: [malloc] Total space in use, mmap + non-mmap:        91940880 Byte
20220314 013932.078 INFO             PET1 PIOc_freedecomp Enter - MemInfo: [malloc] Total space held (mmap + non-mmap):         96292864 Byte
20220314 013932.078 INFO             PET1 PIOc_freedecomp Enter - MemInfo: [malloc] Total space used (mmap + non-mmap):         91950240 Byte
20220314 013932.078 INFO             PET1 PIOc_freedecomp Enter - MemInfo: Wall-clock time since execution start:               0.657397 seconds
20220314 013932.078 INFO             PET1 PIOc_freedecomp Exit - MemInfo: [/proc/meminfo - SSI]	MemTotal:       131394444 kB
20220314 013932.078 INFO             PET1 PIOc_freedecomp Exit - MemInfo: [/proc/meminfo - SSI]	MemFree:        122186684 kB
20220314 013932.078 INFO             PET1 PIOc_freedecomp Exit - MemInfo: [/proc/meminfo - SSI]	MemAvailable:   121862224 kB
20220314 013932.078 INFO             PET1 PIOc_freedecomp Exit - MemInfo: [/proc/meminfo - SSI]	Committed_AS:    4284492 kB
20220314 013932.078 INFO             PET1 PIOc_freedecomp Exit - MemInfo: [/proc/meminfo - SSI]	CommittedPercent: 3.26079 %
20220314 013932.078 INFO             PET1 PIOc_freedecomp Exit - MemInfo: [/proc/self/status]	VmPeak:	 3860312 kB
20220314 013932.078 INFO             PET1 PIOc_freedecomp Exit - MemInfo: [/proc/self/status]	VmSize:	 3859292 kB
20220314 013932.078 INFO             PET1 PIOc_freedecomp Exit - MemInfo: [/proc/self/status]	VmLck:	       0 kB
20220314 013932.078 INFO             PET1 PIOc_freedecomp Exit - MemInfo: [/proc/self/status]	VmPin:	   82140 kB
20220314 013932.078 INFO             PET1 PIOc_freedecomp Exit - MemInfo: [/proc/self/status]	VmHWM:	  180628 kB
20220314 013932.078 INFO             PET1 PIOc_freedecomp Exit - MemInfo: [/proc/self/status]	VmRSS:	  180628 kB
20220314 013932.078 INFO             PET1 PIOc_freedecomp Exit - MemInfo: [/proc/self/status]	VmData:	  275976 kB
20220314 013932.078 INFO             PET1 PIOc_freedecomp Exit - MemInfo: [/proc/self/status]	VmStk:	     512 kB
20220314 013932.078 INFO             PET1 PIOc_freedecomp Exit - MemInfo: [/proc/self/status]	VmExe:	    1768 kB
20220314 013932.078 INFO             PET1 PIOc_freedecomp Exit - MemInfo: [/proc/self/status]	VmLib:	  156408 kB
20220314 013932.078 INFO             PET1 PIOc_freedecomp Exit - MemInfo: [/proc/self/status]	VmPTE:	     840 kB
20220314 013932.078 INFO             PET1 PIOc_freedecomp Exit - MemInfo: [/proc/self/status]	VmPMD:	      28 kB
20220314 013932.078 INFO             PET1 PIOc_freedecomp Exit - MemInfo: [/proc/self/status]	VmSwap:	       0 kB
20220314 013932.078 INFO             PET1 PIOc_freedecomp Exit - MemInfo: [/proc/self/status]	VmRSSPercent: 0.13747 %
20220314 013932.078 INFO             PET1 PIOc_freedecomp Exit - MemInfo: [malloc] Non-mmapped space allocated:                10293248 Byte
20220314 013932.078 INFO             PET1 PIOc_freedecomp Exit - MemInfo: [malloc] Space allocated in mmapped regions:         85999616 Byte
20220314 013932.078 INFO             PET1 PIOc_freedecomp Exit - MemInfo: [malloc] Maximum total allocated space:                     0 Byte
20220314 013932.078 INFO             PET1 PIOc_freedecomp Exit - MemInfo: [malloc] Space in freed fastbin blocks:                   720 Byte
20220314 013932.078 INFO             PET1 PIOc_freedecomp Exit - MemInfo: [malloc] Total allocated space:                       5939024 Byte
20220314 013932.078 INFO             PET1 PIOc_freedecomp Exit - MemInfo: [malloc] Total free space:                            4354224 Byte
20220314 013932.078 INFO             PET1 PIOc_freedecomp Exit - MemInfo: [malloc] Top-most, releasable space:                  2232096 Byte
20220314 013932.078 INFO             PET1 PIOc_freedecomp Exit - MemInfo: [malloc] Total space in use, mmap + non-mmap:        91938640 Byte
20220314 013932.078 INFO             PET1 PIOc_freedecomp Exit - MemInfo: [malloc] Total space held (mmap + non-mmap):         96292864 Byte
20220314 013932.078 INFO             PET1 PIOc_freedecomp Exit - MemInfo: [malloc] Total space used (mmap + non-mmap):         91948000 Byte
20220314 013932.078 INFO             PET1 PIOc_freedecomp Exit - MemInfo: Wall-clock time since execution start:               0.657889 seconds
20220314 013932.079 INFO             PET1 PIOc_sync Enter - MemInfo: [/proc/meminfo - SSI]	MemTotal:       131394444 kB
20220314 013932.079 INFO             PET1 PIOc_sync Enter - MemInfo: [/proc/meminfo - SSI]	MemFree:        122186684 kB
20220314 013932.079 INFO             PET1 PIOc_sync Enter - MemInfo: [/proc/meminfo - SSI]	MemAvailable:   121862224 kB
20220314 013932.079 INFO             PET1 PIOc_sync Enter - MemInfo: [/proc/meminfo - SSI]	Committed_AS:    4284492 kB
20220314 013932.079 INFO             PET1 PIOc_sync Enter - MemInfo: [/proc/meminfo - SSI]	CommittedPercent: 3.26079 %
20220314 013932.079 INFO             PET1 PIOc_sync Enter - MemInfo: [/proc/self/status]	VmPeak:	 3860312 kB
20220314 013932.079 INFO             PET1 PIOc_sync Enter - MemInfo: [/proc/self/status]	VmSize:	 3859292 kB
20220314 013932.079 INFO             PET1 PIOc_sync Enter - MemInfo: [/proc/self/status]	VmLck:	       0 kB
20220314 013932.079 INFO             PET1 PIOc_sync Enter - MemInfo: [/proc/self/status]	VmPin:	   82140 kB
20220314 013932.079 INFO             PET1 PIOc_sync Enter - MemInfo: [/proc/self/status]	VmHWM:	  180652 kB
20220314 013932.079 INFO             PET1 PIOc_sync Enter - MemInfo: [/proc/self/status]	VmRSS:	  180652 kB
20220314 013932.079 INFO             PET1 PIOc_sync Enter - MemInfo: [/proc/self/status]	VmData:	  275976 kB
20220314 013932.079 INFO             PET1 PIOc_sync Enter - MemInfo: [/proc/self/status]	VmStk:	     512 kB
20220314 013932.079 INFO             PET1 PIOc_sync Enter - MemInfo: [/proc/self/status]	VmExe:	    1768 kB
20220314 013932.079 INFO             PET1 PIOc_sync Enter - MemInfo: [/proc/self/status]	VmLib:	  156408 kB
20220314 013932.079 INFO             PET1 PIOc_sync Enter - MemInfo: [/proc/self/status]	VmPTE:	     840 kB
20220314 013932.079 INFO             PET1 PIOc_sync Enter - MemInfo: [/proc/self/status]	VmPMD:	      28 kB
20220314 013932.079 INFO             PET1 PIOc_sync Enter - MemInfo: [/proc/self/status]	VmSwap:	       0 kB
20220314 013932.079 INFO             PET1 PIOc_sync Enter - MemInfo: [/proc/self/status]	VmRSSPercent: 0.137488 %
20220314 013932.079 INFO             PET1 PIOc_sync Enter - MemInfo: [malloc] Non-mmapped space allocated:                10293248 Byte
20220314 013932.079 INFO             PET1 PIOc_sync Enter - MemInfo: [malloc] Space allocated in mmapped regions:         85999616 Byte
20220314 013932.079 INFO             PET1 PIOc_sync Enter - MemInfo: [malloc] Maximum total allocated space:                     0 Byte
20220314 013932.079 INFO             PET1 PIOc_sync Enter - MemInfo: [malloc] Space in freed fastbin blocks:                  2560 Byte
20220314 013932.079 INFO             PET1 PIOc_sync Enter - MemInfo: [malloc] Total allocated space:                       5944208 Byte
20220314 013932.080 INFO             PET1 PIOc_sync Enter - MemInfo: [malloc] Total free space:                            4349040 Byte
20220314 013932.080 INFO             PET1 PIOc_sync Enter - MemInfo: [malloc] Top-most, releasable space:                  2232096 Byte
20220314 013932.080 INFO             PET1 PIOc_sync Enter - MemInfo: [malloc] Total space in use, mmap + non-mmap:        91943824 Byte
20220314 013932.080 INFO             PET1 PIOc_sync Enter - MemInfo: [malloc] Total space held (mmap + non-mmap):         96292864 Byte
20220314 013932.080 INFO             PET1 PIOc_sync Enter - MemInfo: [malloc] Total space used (mmap + non-mmap):         91953184 Byte
20220314 013932.080 INFO             PET1 PIOc_sync Enter - MemInfo: Wall-clock time since execution start:               0.659385 seconds
20220314 013932.080 INFO             PET1 PIOc_sync Exit - MemInfo: [/proc/meminfo - SSI]	MemTotal:       131394444 kB
20220314 013932.080 INFO             PET1 PIOc_sync Exit - MemInfo: [/proc/meminfo - SSI]	MemFree:        122186684 kB
20220314 013932.080 INFO             PET1 PIOc_sync Exit - MemInfo: [/proc/meminfo - SSI]	MemAvailable:   121862224 kB
20220314 013932.080 INFO             PET1 PIOc_sync Exit - MemInfo: [/proc/meminfo - SSI]	Committed_AS:    4284492 kB
20220314 013932.080 INFO             PET1 PIOc_sync Exit - MemInfo: [/proc/meminfo - SSI]	CommittedPercent: 3.26079 %
20220314 013932.080 INFO             PET1 PIOc_sync Exit - MemInfo: [/proc/self/status]	VmPeak:	 3860312 kB
20220314 013932.080 INFO             PET1 PIOc_sync Exit - MemInfo: [/proc/self/status]	VmSize:	 3859292 kB
20220314 013932.080 INFO             PET1 PIOc_sync Exit - MemInfo: [/proc/self/status]	VmLck:	       0 kB
20220314 013932.080 INFO             PET1 PIOc_sync Exit - MemInfo: [/proc/self/status]	VmPin:	   82140 kB
20220314 013932.080 INFO             PET1 PIOc_sync Exit - MemInfo: [/proc/self/status]	VmHWM:	  180652 kB
20220314 013932.080 INFO             PET1 PIOc_sync Exit - MemInfo: [/proc/self/status]	VmRSS:	  180652 kB
20220314 013932.080 INFO             PET1 PIOc_sync Exit - MemInfo: [/proc/self/status]	VmData:	  275976 kB
20220314 013932.080 INFO             PET1 PIOc_sync Exit - MemInfo: [/proc/self/status]	VmStk:	     512 kB
20220314 013932.080 INFO             PET1 PIOc_sync Exit - MemInfo: [/proc/self/status]	VmExe:	    1768 kB
20220314 013932.080 INFO             PET1 PIOc_sync Exit - MemInfo: [/proc/self/status]	VmLib:	  156408 kB
20220314 013932.080 INFO             PET1 PIOc_sync Exit - MemInfo: [/proc/self/status]	VmPTE:	     840 kB
20220314 013932.080 INFO             PET1 PIOc_sync Exit - MemInfo: [/proc/self/status]	VmPMD:	      28 kB
20220314 013932.080 INFO             PET1 PIOc_sync Exit - MemInfo: [/proc/self/status]	VmSwap:	       0 kB
20220314 013932.080 INFO             PET1 PIOc_sync Exit - MemInfo: [/proc/self/status]	VmRSSPercent: 0.137488 %
20220314 013932.080 INFO             PET1 PIOc_sync Exit - MemInfo: [malloc] Non-mmapped space allocated:                10293248 Byte
20220314 013932.080 INFO             PET1 PIOc_sync Exit - MemInfo: [malloc] Space allocated in mmapped regions:         85999616 Byte
20220314 013932.080 INFO             PET1 PIOc_sync Exit - MemInfo: [malloc] Maximum total allocated space:                     0 Byte
20220314 013932.080 INFO             PET1 PIOc_sync Exit - MemInfo: [malloc] Space in freed fastbin blocks:                   608 Byte
20220314 013932.080 INFO             PET1 PIOc_sync Exit - MemInfo: [malloc] Total allocated space:                       5943200 Byte
20220314 013932.080 INFO             PET1 PIOc_sync Exit - MemInfo: [malloc] Total free space:                            4350048 Byte
20220314 013932.080 INFO             PET1 PIOc_sync Exit - MemInfo: [malloc] Top-most, releasable space:                  2232096 Byte
20220314 013932.080 INFO             PET1 PIOc_sync Exit - MemInfo: [malloc] Total space in use, mmap + non-mmap:        91942816 Byte
20220314 013932.080 INFO             PET1 PIOc_sync Exit - MemInfo: [malloc] Total space held (mmap + non-mmap):         96292864 Byte
20220314 013932.080 INFO             PET1 PIOc_sync Exit - MemInfo: [malloc] Total space used (mmap + non-mmap):         91952192 Byte
20220314 013932.080 INFO             PET1 PIOc_sync Exit - MemInfo: Wall-clock time since execution start:               0.660031 seconds
20220314 013932.080 INFO             PET1 PIOc_freedecomp Enter - MemInfo: [/proc/meminfo - SSI]	MemTotal:       131394444 kB
20220314 013932.080 INFO             PET1 PIOc_freedecomp Enter - MemInfo: [/proc/meminfo - SSI]	MemFree:        122186684 kB
20220314 013932.080 INFO             PET1 PIOc_freedecomp Enter - MemInfo: [/proc/meminfo - SSI]	MemAvailable:   121862224 kB
20220314 013932.080 INFO             PET1 PIOc_freedecomp Enter - MemInfo: [/proc/meminfo - SSI]	Committed_AS:    4284492 kB
20220314 013932.080 INFO             PET1 PIOc_freedecomp Enter - MemInfo: [/proc/meminfo - SSI]	CommittedPercent: 3.26079 %
20220314 013932.080 INFO             PET1 PIOc_freedecomp Enter - MemInfo: [/proc/self/status]	VmPeak:	 3860312 kB
20220314 013932.080 INFO             PET1 PIOc_freedecomp Enter - MemInfo: [/proc/self/status]	VmSize:	 3859292 kB
20220314 013932.080 INFO             PET1 PIOc_freedecomp Enter - MemInfo: [/proc/self/status]	VmLck:	       0 kB
20220314 013932.080 INFO             PET1 PIOc_freedecomp Enter - MemInfo: [/proc/self/status]	VmPin:	   82140 kB
20220314 013932.080 INFO             PET1 PIOc_freedecomp Enter - MemInfo: [/proc/self/status]	VmHWM:	  180652 kB
20220314 013932.080 INFO             PET1 PIOc_freedecomp Enter - MemInfo: [/proc/self/status]	VmRSS:	  180652 kB
20220314 013932.081 INFO             PET1 PIOc_freedecomp Enter - MemInfo: [/proc/self/status]	VmData:	  275976 kB
20220314 013932.081 INFO             PET1 PIOc_freedecomp Enter - MemInfo: [/proc/self/status]	VmStk:	     512 kB
20220314 013932.081 INFO             PET1 PIOc_freedecomp Enter - MemInfo: [/proc/self/status]	VmExe:	    1768 kB
20220314 013932.081 INFO             PET1 PIOc_freedecomp Enter - MemInfo: [/proc/self/status]	VmLib:	  156408 kB
20220314 013932.081 INFO             PET1 PIOc_freedecomp Enter - MemInfo: [/proc/self/status]	VmPTE:	     840 kB
20220314 013932.081 INFO             PET1 PIOc_freedecomp Enter - MemInfo: [/proc/self/status]	VmPMD:	      28 kB
20220314 013932.081 INFO             PET1 PIOc_freedecomp Enter - MemInfo: [/proc/self/status]	VmSwap:	       0 kB
20220314 013932.081 INFO             PET1 PIOc_freedecomp Enter - MemInfo: [/proc/self/status]	VmRSSPercent: 0.137488 %
20220314 013932.081 INFO             PET1 PIOc_freedecomp Enter - MemInfo: [malloc] Non-mmapped space allocated:                10293248 Byte
20220314 013932.081 INFO             PET1 PIOc_freedecomp Enter - MemInfo: [malloc] Space allocated in mmapped regions:         85999616 Byte
20220314 013932.081 INFO             PET1 PIOc_freedecomp Enter - MemInfo: [malloc] Maximum total allocated space:                     0 Byte
20220314 013932.081 INFO             PET1 PIOc_freedecomp Enter - MemInfo: [malloc] Space in freed fastbin blocks:                   720 Byte
20220314 013932.081 INFO             PET1 PIOc_freedecomp Enter - MemInfo: [malloc] Total allocated space:                       5941264 Byte
20220314 013932.081 INFO             PET1 PIOc_freedecomp Enter - MemInfo: [malloc] Total free space:                            4351984 Byte
20220314 013932.081 INFO             PET1 PIOc_freedecomp Enter - MemInfo: [malloc] Top-most, releasable space:                  2232096 Byte
20220314 013932.081 INFO             PET1 PIOc_freedecomp Enter - MemInfo: [malloc] Total space in use, mmap + non-mmap:        91940880 Byte
20220314 013932.081 INFO             PET1 PIOc_freedecomp Enter - MemInfo: [malloc] Total space held (mmap + non-mmap):         96292864 Byte
20220314 013932.081 INFO             PET1 PIOc_freedecomp Enter - MemInfo: [malloc] Total space used (mmap + non-mmap):         91950256 Byte
20220314 013932.081 INFO             PET1 PIOc_freedecomp Enter - MemInfo: Wall-clock time since execution start:               0.660565 seconds
20220314 013932.081 INFO             PET1 PIOc_freedecomp Exit - MemInfo: [/proc/meminfo - SSI]	MemTotal:       131394444 kB
20220314 013932.081 INFO             PET1 PIOc_freedecomp Exit - MemInfo: [/proc/meminfo - SSI]	MemFree:        122186684 kB
20220314 013932.081 INFO             PET1 PIOc_freedecomp Exit - MemInfo: [/proc/meminfo - SSI]	MemAvailable:   121862224 kB
20220314 013932.081 INFO             PET1 PIOc_freedecomp Exit - MemInfo: [/proc/meminfo - SSI]	Committed_AS:    4284492 kB
20220314 013932.081 INFO             PET1 PIOc_freedecomp Exit - MemInfo: [/proc/meminfo - SSI]	CommittedPercent: 3.26079 %
20220314 013932.081 INFO             PET1 PIOc_freedecomp Exit - MemInfo: [/proc/self/status]	VmPeak:	 3860312 kB
20220314 013932.081 INFO             PET1 PIOc_freedecomp Exit - MemInfo: [/proc/self/status]	VmSize:	 3859292 kB
20220314 013932.081 INFO             PET1 PIOc_freedecomp Exit - MemInfo: [/proc/self/status]	VmLck:	       0 kB
20220314 013932.081 INFO             PET1 PIOc_freedecomp Exit - MemInfo: [/proc/self/status]	VmPin:	   82140 kB
20220314 013932.081 INFO             PET1 PIOc_freedecomp Exit - MemInfo: [/proc/self/status]	VmHWM:	  180652 kB
20220314 013932.081 INFO             PET1 PIOc_freedecomp Exit - MemInfo: [/proc/self/status]	VmRSS:	  180652 kB
20220314 013932.081 INFO             PET1 PIOc_freedecomp Exit - MemInfo: [/proc/self/status]	VmData:	  275976 kB
20220314 013932.081 INFO             PET1 PIOc_freedecomp Exit - MemInfo: [/proc/self/status]	VmStk:	     512 kB
20220314 013932.081 INFO             PET1 PIOc_freedecomp Exit - MemInfo: [/proc/self/status]	VmExe:	    1768 kB
20220314 013932.081 INFO             PET1 PIOc_freedecomp Exit - MemInfo: [/proc/self/status]	VmLib:	  156408 kB
20220314 013932.081 INFO             PET1 PIOc_freedecomp Exit - MemInfo: [/proc/self/status]	VmPTE:	     840 kB
20220314 013932.081 INFO             PET1 PIOc_freedecomp Exit - MemInfo: [/proc/self/status]	VmPMD:	      28 kB
20220314 013932.081 INFO             PET1 PIOc_freedecomp Exit - MemInfo: [/proc/self/status]	VmSwap:	       0 kB
20220314 013932.081 INFO             PET1 PIOc_freedecomp Exit - MemInfo: [/proc/self/status]	VmRSSPercent: 0.137488 %
20220314 013932.081 INFO             PET1 PIOc_freedecomp Exit - MemInfo: [malloc] Non-mmapped space allocated:                10293248 Byte
20220314 013932.081 INFO             PET1 PIOc_freedecomp Exit - MemInfo: [malloc] Space allocated in mmapped regions:         85999616 Byte
20220314 013932.081 INFO             PET1 PIOc_freedecomp Exit - MemInfo: [malloc] Maximum total allocated space:                     0 Byte
20220314 013932.081 INFO             PET1 PIOc_freedecomp Exit - MemInfo: [malloc] Space in freed fastbin blocks:                   720 Byte
20220314 013932.081 INFO             PET1 PIOc_freedecomp Exit - MemInfo: [malloc] Total allocated space:                       5939024 Byte
20220314 013932.081 INFO             PET1 PIOc_freedecomp Exit - MemInfo: [malloc] Total free space:                            4354224 Byte
20220314 013932.081 INFO             PET1 PIOc_freedecomp Exit - MemInfo: [malloc] Top-most, releasable space:                  2232096 Byte
20220314 013932.081 INFO             PET1 PIOc_freedecomp Exit - MemInfo: [malloc] Total space in use, mmap + non-mmap:        91938640 Byte
20220314 013932.081 INFO             PET1 PIOc_freedecomp Exit - MemInfo: [malloc] Total space held (mmap + non-mmap):         96292864 Byte
20220314 013932.081 INFO             PET1 PIOc_freedecomp Exit - MemInfo: [malloc] Total space used (mmap + non-mmap):         91948000 Byte
20220314 013932.081 INFO             PET1 PIOc_freedecomp Exit - MemInfo: Wall-clock time since execution start:                0.66105 seconds
20220314 013932.086 INFO             PET1  PASS  ESMF_FieldRegridStoreFromFile Unit Test, ESMF_FieldSMMFromFileUTest.F90, line 315
20220314 013932.086 INFO             PET1  Ending Test, file ESMF_FieldSMMFromFileUTest.F90, line 322
20220314 013932.086 INFO             PET1 Finalizing ESMF
20220314 013931.429 INFO             PET2 !!!!!!!!!!!!!!!!!!!!!!!!!!!!!!!!!!!!!!!!!!!!!!!!!!!!!!
20220314 013931.429 INFO             PET2 !!! THE ESMF_LOG IS SET TO OUTPUT ALL LOG MESSAGES !!!
20220314 013931.429 INFO             PET2 !!!     THIS MAY CAUSE SLOWDOWN IN PERFORMANCE     !!!
20220314 013931.429 INFO             PET2 !!! FOR PRODUCTION RUNS, USE:                      !!!
20220314 013931.429 INFO             PET2 !!!                   ESMF_LOGKIND_Multi_On_Error  !!!
20220314 013931.429 INFO             PET2 !!!!!!!!!!!!!!!!!!!!!!!!!!!!!!!!!!!!!!!!!!!!!!!!!!!!!!
20220314 013931.429 INFO             PET2 Running with ESMF Version   : v8.3.0b09-96-g559b459836
20220314 013931.429 INFO             PET2 ESMF library build date/time: "Mar 14 2022" "01:16:57"
20220314 013931.429 INFO             PET2 ESMF library build location : /gpfsm/dnb04/projects/p98/mpotts/esmf/intel_2020_intelmpi_g_jedwards_pio_update2
20220314 013931.429 INFO             PET2 ESMF_COMM                   : intelmpi
20220314 013931.429 INFO             PET2 ESMF_MOAB                   : enabled
20220314 013931.429 INFO             PET2 ESMF_LAPACK                 : enabled
20220314 013931.429 INFO             PET2 ESMF_NETCDF                 : enabled
20220314 013931.429 INFO             PET2 ESMF_PNETCDF                : disabled
20220314 013931.429 INFO             PET2 ESMF_PIO                    : enabled
20220314 013931.429 INFO             PET2 ESMF_YAMLCPP                : enabled
20220314 013931.430 INFO             PET2  Beginning Test, file ESMF_FieldSMMFromFileUTest.F90, line 287
20220314 013931.430 INFO             PET2  NUMBER_OF_PROCESSORS           4
20220314 013932.056 INFO             PET2  PASS  ESMF_FieldSMMFromFile Unit Test, ESMF_FieldSMMFromFileUTest.F90, line 300
20220314 013932.072 INFO             PET2 PIOc_sync Enter - MemInfo: [/proc/meminfo - SSI]	MemTotal:       131394444 kB
20220314 013932.072 INFO             PET2 PIOc_sync Enter - MemInfo: [/proc/meminfo - SSI]	MemFree:        122188980 kB
20220314 013932.072 INFO             PET2 PIOc_sync Enter - MemInfo: [/proc/meminfo - SSI]	MemAvailable:   121864520 kB
20220314 013932.072 INFO             PET2 PIOc_sync Enter - MemInfo: [/proc/meminfo - SSI]	Committed_AS:    4284492 kB
20220314 013932.072 INFO             PET2 PIOc_sync Enter - MemInfo: [/proc/meminfo - SSI]	CommittedPercent: 3.26079 %
20220314 013932.072 INFO             PET2 PIOc_sync Enter - MemInfo: [/proc/self/status]	VmPeak:	 3854164 kB
20220314 013932.072 INFO             PET2 PIOc_sync Enter - MemInfo: [/proc/self/status]	VmSize:	 3824420 kB
20220314 013932.072 INFO             PET2 PIOc_sync Enter - MemInfo: [/proc/self/status]	VmLck:	       0 kB
20220314 013932.072 INFO             PET2 PIOc_sync Enter - MemInfo: [/proc/self/status]	VmPin:	   71900 kB
20220314 013932.072 INFO             PET2 PIOc_sync Enter - MemInfo: [/proc/self/status]	VmHWM:	  171636 kB
20220314 013932.072 INFO             PET2 PIOc_sync Enter - MemInfo: [/proc/self/status]	VmRSS:	  171636 kB
20220314 013932.072 INFO             PET2 PIOc_sync Enter - MemInfo: [/proc/self/status]	VmData:	  241104 kB
20220314 013932.072 INFO             PET2 PIOc_sync Enter - MemInfo: [/proc/self/status]	VmStk:	     512 kB
20220314 013932.072 INFO             PET2 PIOc_sync Enter - MemInfo: [/proc/self/status]	VmExe:	    1768 kB
20220314 013932.072 INFO             PET2 PIOc_sync Enter - MemInfo: [/proc/self/status]	VmLib:	  156408 kB
20220314 013932.072 INFO             PET2 PIOc_sync Enter - MemInfo: [/proc/self/status]	VmPTE:	     836 kB
20220314 013932.072 INFO             PET2 PIOc_sync Enter - MemInfo: [/proc/self/status]	VmPMD:	      32 kB
20220314 013932.072 INFO             PET2 PIOc_sync Enter - MemInfo: [/proc/self/status]	VmSwap:	       0 kB
20220314 013932.072 INFO             PET2 PIOc_sync Enter - MemInfo: [/proc/self/status]	VmRSSPercent: 0.130627 %
20220314 013932.072 INFO             PET2 PIOc_sync Enter - MemInfo: [malloc] Non-mmapped space allocated:                33312768 Byte
20220314 013932.072 INFO             PET2 PIOc_sync Enter - MemInfo: [malloc] Space allocated in mmapped regions:         50339840 Byte
20220314 013932.072 INFO             PET2 PIOc_sync Enter - MemInfo: [malloc] Maximum total allocated space:                     0 Byte
20220314 013932.072 INFO             PET2 PIOc_sync Enter - MemInfo: [malloc] Space in freed fastbin blocks:                  2464 Byte
20220314 013932.072 INFO             PET2 PIOc_sync Enter - MemInfo: [malloc] Total allocated space:                      26915632 Byte
20220314 013932.072 INFO             PET2 PIOc_sync Enter - MemInfo: [malloc] Total free space:                            6397136 Byte
20220314 013932.073 INFO             PET2 PIOc_sync Enter - MemInfo: [malloc] Top-most, releasable space:                  2231888 Byte
20220314 013932.073 INFO             PET2 PIOc_sync Enter - MemInfo: [malloc] Total space in use, mmap + non-mmap:        77255472 Byte
20220314 013932.073 INFO             PET2 PIOc_sync Enter - MemInfo: [malloc] Total space held (mmap + non-mmap):         83652608 Byte
20220314 013932.073 INFO             PET2 PIOc_sync Enter - MemInfo: [malloc] Total space used (mmap + non-mmap):         77264832 Byte
20220314 013932.073 INFO             PET2 PIOc_sync Enter - MemInfo: Wall-clock time since execution start:               0.652348 seconds
20220314 013932.073 INFO             PET2 PIOc_sync Exit - MemInfo: [/proc/meminfo - SSI]	MemTotal:       131394444 kB
20220314 013932.073 INFO             PET2 PIOc_sync Exit - MemInfo: [/proc/meminfo - SSI]	MemFree:        122186684 kB
20220314 013932.073 INFO             PET2 PIOc_sync Exit - MemInfo: [/proc/meminfo - SSI]	MemAvailable:   121862224 kB
20220314 013932.073 INFO             PET2 PIOc_sync Exit - MemInfo: [/proc/meminfo - SSI]	Committed_AS:    4284492 kB
20220314 013932.073 INFO             PET2 PIOc_sync Exit - MemInfo: [/proc/meminfo - SSI]	CommittedPercent: 3.26079 %
20220314 013932.073 INFO             PET2 PIOc_sync Exit - MemInfo: [/proc/self/status]	VmPeak:	 3854164 kB
20220314 013932.074 INFO             PET2 PIOc_sync Exit - MemInfo: [/proc/self/status]	VmSize:	 3824420 kB
20220314 013932.074 INFO             PET2 PIOc_sync Exit - MemInfo: [/proc/self/status]	VmLck:	       0 kB
20220314 013932.074 INFO             PET2 PIOc_sync Exit - MemInfo: [/proc/self/status]	VmPin:	   71900 kB
20220314 013932.074 INFO             PET2 PIOc_sync Exit - MemInfo: [/proc/self/status]	VmHWM:	  171692 kB
20220314 013932.074 INFO             PET2 PIOc_sync Exit - MemInfo: [/proc/self/status]	VmRSS:	  171692 kB
20220314 013932.074 INFO             PET2 PIOc_sync Exit - MemInfo: [/proc/self/status]	VmData:	  241104 kB
20220314 013932.074 INFO             PET2 PIOc_sync Exit - MemInfo: [/proc/self/status]	VmStk:	     512 kB
20220314 013932.074 INFO             PET2 PIOc_sync Exit - MemInfo: [/proc/self/status]	VmExe:	    1768 kB
20220314 013932.074 INFO             PET2 PIOc_sync Exit - MemInfo: [/proc/self/status]	VmLib:	  156408 kB
