build time -- 2022-03-14 01:19:40.925249
20220314 013347.187 INFO             PET0 !!!!!!!!!!!!!!!!!!!!!!!!!!!!!!!!!!!!!!!!!!!!!!!!!!!!!!
20220314 013347.187 INFO             PET0 !!! THE ESMF_LOG IS SET TO OUTPUT ALL LOG MESSAGES !!!
20220314 013347.187 INFO             PET0 !!!     THIS MAY CAUSE SLOWDOWN IN PERFORMANCE     !!!
20220314 013347.187 INFO             PET0 !!! FOR PRODUCTION RUNS, USE:                      !!!
20220314 013347.187 INFO             PET0 !!!                   ESMF_LOGKIND_Multi_On_Error  !!!
20220314 013347.187 INFO             PET0 !!!!!!!!!!!!!!!!!!!!!!!!!!!!!!!!!!!!!!!!!!!!!!!!!!!!!!
20220314 013347.187 INFO             PET0 Running with ESMF Version   : v8.3.0b09-96-g559b459836
20220314 013347.187 INFO             PET0 ESMF library build date/time: "Mar 14 2022" "01:16:57"
20220314 013347.187 INFO             PET0 ESMF library build location : /gpfsm/dnb04/projects/p98/mpotts/esmf/intel_2020_intelmpi_g_jedwards_pio_update2
20220314 013347.187 INFO             PET0 ESMF_COMM                   : intelmpi
20220314 013347.188 INFO             PET0 ESMF_MOAB                   : enabled
20220314 013347.188 INFO             PET0 ESMF_LAPACK                 : enabled
20220314 013347.188 INFO             PET0 ESMF_NETCDF                 : enabled
20220314 013347.188 INFO             PET0 ESMF_PNETCDF                : disabled
20220314 013347.188 INFO             PET0 ESMF_PIO                    : enabled
20220314 013347.188 INFO             PET0 ESMF_YAMLCPP                : enabled
20220314 013347.188 INFO             PET0  Beginning Test, file ESMF_IOUTest.F90, line 57
20220314 013347.188 INFO             PET0  NUMBER_OF_PROCESSORS           4
20220314 013347.188 INFO             PET0 Starting Test:  ESMF_OutputWeightFile
20220314 013347.195 INFO             PET0 PIOc_sync Enter - MemInfo: [/proc/meminfo - SSI]	MemTotal:       131394444 kB
20220314 013347.195 INFO             PET0 PIOc_sync Enter - MemInfo: [/proc/meminfo - SSI]	MemFree:        122173148 kB
20220314 013347.195 INFO             PET0 PIOc_sync Enter - MemInfo: [/proc/meminfo - SSI]	MemAvailable:   121899944 kB
20220314 013347.195 INFO             PET0 PIOc_sync Enter - MemInfo: [/proc/meminfo - SSI]	Committed_AS:    4339976 kB
20220314 013347.195 INFO             PET0 PIOc_sync Enter - MemInfo: [/proc/meminfo - SSI]	CommittedPercent: 3.30301 %
20220314 013347.195 INFO             PET0 PIOc_sync Enter - MemInfo: [/proc/self/status]	VmPeak:	 3853648 kB
20220314 013347.195 INFO             PET0 PIOc_sync Enter - MemInfo: [/proc/self/status]	VmSize:	 3844396 kB
20220314 013347.195 INFO             PET0 PIOc_sync Enter - MemInfo: [/proc/self/status]	VmLck:	       0 kB
20220314 013347.195 INFO             PET0 PIOc_sync Enter - MemInfo: [/proc/self/status]	VmPin:	   71900 kB
20220314 013347.195 INFO             PET0 PIOc_sync Enter - MemInfo: [/proc/self/status]	VmHWM:	  160648 kB
20220314 013347.195 INFO             PET0 PIOc_sync Enter - MemInfo: [/proc/self/status]	VmRSS:	  160648 kB
20220314 013347.195 INFO             PET0 PIOc_sync Enter - MemInfo: [/proc/self/status]	VmData:	  261084 kB
20220314 013347.195 INFO             PET0 PIOc_sync Enter - MemInfo: [/proc/self/status]	VmStk:	     512 kB
20220314 013347.195 INFO             PET0 PIOc_sync Enter - MemInfo: [/proc/self/status]	VmExe:	    1764 kB
20220314 013347.195 INFO             PET0 PIOc_sync Enter - MemInfo: [/proc/self/status]	VmLib:	  156408 kB
20220314 013347.195 INFO             PET0 PIOc_sync Enter - MemInfo: [/proc/self/status]	VmPTE:	     804 kB
20220314 013347.195 INFO             PET0 PIOc_sync Enter - MemInfo: [/proc/self/status]	VmPMD:	      32 kB
20220314 013347.195 INFO             PET0 PIOc_sync Enter - MemInfo: [/proc/self/status]	VmSwap:	       0 kB
20220314 013347.195 INFO             PET0 PIOc_sync Enter - MemInfo: [/proc/self/status]	VmRSSPercent: 0.122264 %
20220314 013347.195 INFO             PET0 PIOc_sync Enter - MemInfo: [malloc] Non-mmapped space allocated:                 2904064 Byte
20220314 013347.195 INFO             PET0 PIOc_sync Enter - MemInfo: [malloc] Space allocated in mmapped regions:         76042240 Byte
20220314 013347.195 INFO             PET0 PIOc_sync Enter - MemInfo: [malloc] Maximum total allocated space:                     0 Byte
20220314 013347.195 INFO             PET0 PIOc_sync Enter - MemInfo: [malloc] Space in freed fastbin blocks:                   352 Byte
20220314 013347.195 INFO             PET0 PIOc_sync Enter - MemInfo: [malloc] Total allocated space:                       2717808 Byte
20220314 013347.195 INFO             PET0 PIOc_sync Enter - MemInfo: [malloc] Total free space:                             186256 Byte
20220314 013347.195 INFO             PET0 PIOc_sync Enter - MemInfo: [malloc] Top-most, releasable space:                    53888 Byte
20220314 013347.195 INFO             PET0 PIOc_sync Enter - MemInfo: [malloc] Total space in use, mmap + non-mmap:        78760048 Byte
20220314 013347.195 INFO             PET0 PIOc_sync Enter - MemInfo: [malloc] Total space held (mmap + non-mmap):         78946304 Byte
20220314 013347.195 INFO             PET0 PIOc_sync Enter - MemInfo: [malloc] Total space used (mmap + non-mmap):         78769408 Byte
20220314 013347.195 INFO             PET0 PIOc_sync Enter - MemInfo: Wall-clock time since execution start:               0.020042 seconds
20220314 013347.196 INFO             PET0 PIOc_sync Exit - MemInfo: [/proc/meminfo - SSI]	MemTotal:       131394444 kB
20220314 013347.196 INFO             PET0 PIOc_sync Exit - MemInfo: [/proc/meminfo - SSI]	MemFree:        122172652 kB
20220314 013347.196 INFO             PET0 PIOc_sync Exit - MemInfo: [/proc/meminfo - SSI]	MemAvailable:   121899448 kB
20220314 013347.196 INFO             PET0 PIOc_sync Exit - MemInfo: [/proc/meminfo - SSI]	Committed_AS:    4339976 kB
20220314 013347.196 INFO             PET0 PIOc_sync Exit - MemInfo: [/proc/meminfo - SSI]	CommittedPercent: 3.30301 %
20220314 013347.197 INFO             PET0 PIOc_sync Exit - MemInfo: [/proc/self/status]	VmPeak:	 3853648 kB
20220314 013347.197 INFO             PET0 PIOc_sync Exit - MemInfo: [/proc/self/status]	VmSize:	 3844396 kB
20220314 013347.197 INFO             PET0 PIOc_sync Exit - MemInfo: [/proc/self/status]	VmLck:	       0 kB
20220314 013347.197 INFO             PET0 PIOc_sync Exit - MemInfo: [/proc/self/status]	VmPin:	   71900 kB
20220314 013347.197 INFO             PET0 PIOc_sync Exit - MemInfo: [/proc/self/status]	VmHWM:	  160932 kB
20220314 013347.197 INFO             PET0 PIOc_sync Exit - MemInfo: [/proc/self/status]	VmRSS:	  160932 kB
20220314 013347.197 INFO             PET0 PIOc_sync Exit - MemInfo: [/proc/self/status]	VmData:	  261084 kB
20220314 013347.197 INFO             PET0 PIOc_sync Exit - MemInfo: [/proc/self/status]	VmStk:	     512 kB
20220314 013347.197 INFO             PET0 PIOc_sync Exit - MemInfo: [/proc/self/status]	VmExe:	    1764 kB
20220314 013347.197 INFO             PET0 PIOc_sync Exit - MemInfo: [/proc/self/status]	VmLib:	  156408 kB
20220314 013347.197 INFO             PET0 PIOc_sync Exit - MemInfo: [/proc/self/status]	VmPTE:	     804 kB
20220314 013347.197 INFO             PET0 PIOc_sync Exit - MemInfo: [/proc/self/status]	VmPMD:	      32 kB
20220314 013347.197 INFO             PET0 PIOc_sync Exit - MemInfo: [/proc/self/status]	VmSwap:	       0 kB
20220314 013347.197 INFO             PET0 PIOc_sync Exit - MemInfo: [/proc/self/status]	VmRSSPercent: 0.12248 %
20220314 013347.197 INFO             PET0 PIOc_sync Exit - MemInfo: [malloc] Non-mmapped space allocated:                 2904064 Byte
20220314 013347.197 INFO             PET0 PIOc_sync Exit - MemInfo: [malloc] Space allocated in mmapped regions:         76042240 Byte
20220314 013347.197 INFO             PET0 PIOc_sync Exit - MemInfo: [malloc] Maximum total allocated space:                     0 Byte
20220314 013347.197 INFO             PET0 PIOc_sync Exit - MemInfo: [malloc] Space in freed fastbin blocks:                   720 Byte
20220314 013347.197 INFO             PET0 PIOc_sync Exit - MemInfo: [malloc] Total allocated space:                       2717008 Byte
20220314 013347.197 INFO             PET0 PIOc_sync Exit - MemInfo: [malloc] Total free space:                             187056 Byte
20220314 013347.197 INFO             PET0 PIOc_sync Exit - MemInfo: [malloc] Top-most, releasable space:                    53552 Byte
20220314 013347.197 INFO             PET0 PIOc_sync Exit - MemInfo: [malloc] Total space in use, mmap + non-mmap:        78759248 Byte
20220314 013347.197 INFO             PET0 PIOc_sync Exit - MemInfo: [malloc] Total space held (mmap + non-mmap):         78946304 Byte
20220314 013347.197 INFO             PET0 PIOc_sync Exit - MemInfo: [malloc] Total space used (mmap + non-mmap):         78768608 Byte
20220314 013347.197 INFO             PET0 PIOc_sync Exit - MemInfo: Wall-clock time since execution start:              0.0216544 seconds
20220314 013347.197 INFO             PET0 PIOc_freedecomp Enter - MemInfo: [/proc/meminfo - SSI]	MemTotal:       131394444 kB
20220314 013347.197 INFO             PET0 PIOc_freedecomp Enter - MemInfo: [/proc/meminfo - SSI]	MemFree:        122173864 kB
20220314 013347.198 INFO             PET0 PIOc_freedecomp Enter - MemInfo: [/proc/meminfo - SSI]	MemAvailable:   121900660 kB
20220314 013347.198 INFO             PET0 PIOc_freedecomp Enter - MemInfo: [/proc/meminfo - SSI]	Committed_AS:    4339976 kB
20220314 013347.198 INFO             PET0 PIOc_freedecomp Enter - MemInfo: [/proc/meminfo - SSI]	CommittedPercent: 3.30301 %
20220314 013347.198 INFO             PET0 PIOc_freedecomp Enter - MemInfo: [/proc/self/status]	VmPeak:	 3853648 kB
20220314 013347.198 INFO             PET0 PIOc_freedecomp Enter - MemInfo: [/proc/self/status]	VmSize:	 3841828 kB
20220314 013347.198 INFO             PET0 PIOc_freedecomp Enter - MemInfo: [/proc/self/status]	VmLck:	       0 kB
20220314 013347.198 INFO             PET0 PIOc_freedecomp Enter - MemInfo: [/proc/self/status]	VmPin:	   71900 kB
20220314 013347.198 INFO             PET0 PIOc_freedecomp Enter - MemInfo: [/proc/self/status]	VmHWM:	  160932 kB
20220314 013347.198 INFO             PET0 PIOc_freedecomp Enter - MemInfo: [/proc/self/status]	VmRSS:	  158880 kB
20220314 013347.198 INFO             PET0 PIOc_freedecomp Enter - MemInfo: [/proc/self/status]	VmData:	  258516 kB
20220314 013347.198 INFO             PET0 PIOc_freedecomp Enter - MemInfo: [/proc/self/status]	VmStk:	     512 kB
20220314 013347.198 INFO             PET0 PIOc_freedecomp Enter - MemInfo: [/proc/self/status]	VmExe:	    1764 kB
20220314 013347.198 INFO             PET0 PIOc_freedecomp Enter - MemInfo: [/proc/self/status]	VmLib:	  156408 kB
20220314 013347.198 INFO             PET0 PIOc_freedecomp Enter - MemInfo: [/proc/self/status]	VmPTE:	     800 kB
20220314 013347.198 INFO             PET0 PIOc_freedecomp Enter - MemInfo: [/proc/self/status]	VmPMD:	      32 kB
20220314 013347.198 INFO             PET0 PIOc_freedecomp Enter - MemInfo: [/proc/self/status]	VmSwap:	       0 kB
20220314 013347.198 INFO             PET0 PIOc_freedecomp Enter - MemInfo: [/proc/self/status]	VmRSSPercent: 0.120918 %
20220314 013347.198 INFO             PET0 PIOc_freedecomp Enter - MemInfo: [malloc] Non-mmapped space allocated:                 2904064 Byte
20220314 013347.198 INFO             PET0 PIOc_freedecomp Enter - MemInfo: [malloc] Space allocated in mmapped regions:         73412608 Byte
20220314 013347.198 INFO             PET0 PIOc_freedecomp Enter - MemInfo: [malloc] Maximum total allocated space:                     0 Byte
20220314 013347.198 INFO             PET0 PIOc_freedecomp Enter - MemInfo: [malloc] Space in freed fastbin blocks:                  1216 Byte
20220314 013347.198 INFO             PET0 PIOc_freedecomp Enter - MemInfo: [malloc] Total allocated space:                       2703904 Byte
20220314 013347.198 INFO             PET0 PIOc_freedecomp Enter - MemInfo: [malloc] Total free space:                             200160 Byte
20220314 013347.198 INFO             PET0 PIOc_freedecomp Enter - MemInfo: [malloc] Top-most, releasable space:                    53920 Byte
20220314 013347.198 INFO             PET0 PIOc_freedecomp Enter - MemInfo: [malloc] Total space in use, mmap + non-mmap:        76116512 Byte
20220314 013347.198 INFO             PET0 PIOc_freedecomp Enter - MemInfo: [malloc] Total space held (mmap + non-mmap):         76316672 Byte
20220314 013347.198 INFO             PET0 PIOc_freedecomp Enter - MemInfo: [malloc] Total space used (mmap + non-mmap):         76125872 Byte
20220314 013347.198 INFO             PET0 PIOc_freedecomp Enter - MemInfo: Wall-clock time since execution start:              0.0227308 seconds
20220314 013347.198 INFO             PET0 PIOc_freedecomp Exit - MemInfo: [/proc/meminfo - SSI]	MemTotal:       131394444 kB
20220314 013347.198 INFO             PET0 PIOc_freedecomp Exit - MemInfo: [/proc/meminfo - SSI]	MemFree:        122173864 kB
20220314 013347.198 INFO             PET0 PIOc_freedecomp Exit - MemInfo: [/proc/meminfo - SSI]	MemAvailable:   121900660 kB
20220314 013347.198 INFO             PET0 PIOc_freedecomp Exit - MemInfo: [/proc/meminfo - SSI]	Committed_AS:    4339976 kB
20220314 013347.198 INFO             PET0 PIOc_freedecomp Exit - MemInfo: [/proc/meminfo - SSI]	CommittedPercent: 3.30301 %
20220314 013347.198 INFO             PET0 PIOc_freedecomp Exit - MemInfo: [/proc/self/status]	VmPeak:	 3853648 kB
20220314 013347.198 INFO             PET0 PIOc_freedecomp Exit - MemInfo: [/proc/self/status]	VmSize:	 3841828 kB
20220314 013347.198 INFO             PET0 PIOc_freedecomp Exit - MemInfo: [/proc/self/status]	VmLck:	       0 kB
20220314 013347.198 INFO             PET0 PIOc_freedecomp Exit - MemInfo: [/proc/self/status]	VmPin:	   71900 kB
20220314 013347.198 INFO             PET0 PIOc_freedecomp Exit - MemInfo: [/proc/self/status]	VmHWM:	  160932 kB
20220314 013347.198 INFO             PET0 PIOc_freedecomp Exit - MemInfo: [/proc/self/status]	VmRSS:	  158884 kB
20220314 013347.198 INFO             PET0 PIOc_freedecomp Exit - MemInfo: [/proc/self/status]	VmData:	  258516 kB
20220314 013347.198 INFO             PET0 PIOc_freedecomp Exit - MemInfo: [/proc/self/status]	VmStk:	     512 kB
20220314 013347.198 INFO             PET0 PIOc_freedecomp Exit - MemInfo: [/proc/self/status]	VmExe:	    1764 kB
20220314 013347.198 INFO             PET0 PIOc_freedecomp Exit - MemInfo: [/proc/self/status]	VmLib:	  156408 kB
20220314 013347.198 INFO             PET0 PIOc_freedecomp Exit - MemInfo: [/proc/self/status]	VmPTE:	     800 kB
20220314 013347.198 INFO             PET0 PIOc_freedecomp Exit - MemInfo: [/proc/self/status]	VmPMD:	      32 kB
20220314 013347.198 INFO             PET0 PIOc_freedecomp Exit - MemInfo: [/proc/self/status]	VmSwap:	       0 kB
20220314 013347.198 INFO             PET0 PIOc_freedecomp Exit - MemInfo: [/proc/self/status]	VmRSSPercent: 0.120921 %
20220314 013347.198 INFO             PET0 PIOc_freedecomp Exit - MemInfo: [malloc] Non-mmapped space allocated:                 2904064 Byte
20220314 013347.198 INFO             PET0 PIOc_freedecomp Exit - MemInfo: [malloc] Space allocated in mmapped regions:         73412608 Byte
20220314 013347.198 INFO             PET0 PIOc_freedecomp Exit - MemInfo: [malloc] Maximum total allocated space:                     0 Byte
20220314 013347.198 INFO             PET0 PIOc_freedecomp Exit - MemInfo: [malloc] Space in freed fastbin blocks:                   944 Byte
20220314 013347.198 INFO             PET0 PIOc_freedecomp Exit - MemInfo: [malloc] Total allocated space:                       2702160 Byte
20220314 013347.198 INFO             PET0 PIOc_freedecomp Exit - MemInfo: [malloc] Total free space:                             201904 Byte
20220314 013347.198 INFO             PET0 PIOc_freedecomp Exit - MemInfo: [malloc] Top-most, releasable space:                    53920 Byte
20220314 013347.198 INFO             PET0 PIOc_freedecomp Exit - MemInfo: [malloc] Total space in use, mmap + non-mmap:        76114768 Byte
20220314 013347.198 INFO             PET0 PIOc_freedecomp Exit - MemInfo: [malloc] Total space held (mmap + non-mmap):         76316672 Byte
20220314 013347.198 INFO             PET0 PIOc_freedecomp Exit - MemInfo: [malloc] Total space used (mmap + non-mmap):         76124128 Byte
20220314 013347.198 INFO             PET0 PIOc_freedecomp Exit - MemInfo: Wall-clock time since execution start:              0.0232255 seconds
20220314 013347.200 INFO             PET0 PIOc_sync Enter - MemInfo: [/proc/meminfo - SSI]	MemTotal:       131394444 kB
20220314 013347.200 INFO             PET0 PIOc_sync Enter - MemInfo: [/proc/meminfo - SSI]	MemFree:        122173864 kB
20220314 013347.200 INFO             PET0 PIOc_sync Enter - MemInfo: [/proc/meminfo - SSI]	MemAvailable:   121900660 kB
20220314 013347.200 INFO             PET0 PIOc_sync Enter - MemInfo: [/proc/meminfo - SSI]	Committed_AS:    4339976 kB
20220314 013347.200 INFO             PET0 PIOc_sync Enter - MemInfo: [/proc/meminfo - SSI]	CommittedPercent: 3.30301 %
20220314 013347.200 INFO             PET0 PIOc_sync Enter - MemInfo: [/proc/self/status]	VmPeak:	 3853648 kB
20220314 013347.200 INFO             PET0 PIOc_sync Enter - MemInfo: [/proc/self/status]	VmSize:	 3844452 kB
20220314 013347.200 INFO             PET0 PIOc_sync Enter - MemInfo: [/proc/self/status]	VmLck:	       0 kB
20220314 013347.200 INFO             PET0 PIOc_sync Enter - MemInfo: [/proc/self/status]	VmPin:	   71900 kB
20220314 013347.200 INFO             PET0 PIOc_sync Enter - MemInfo: [/proc/self/status]	VmHWM:	  160932 kB
20220314 013347.200 INFO             PET0 PIOc_sync Enter - MemInfo: [/proc/self/status]	VmRSS:	  160060 kB
20220314 013347.200 INFO             PET0 PIOc_sync Enter - MemInfo: [/proc/self/status]	VmData:	  261140 kB
20220314 013347.200 INFO             PET0 PIOc_sync Enter - MemInfo: [/proc/self/status]	VmStk:	     512 kB
20220314 013347.200 INFO             PET0 PIOc_sync Enter - MemInfo: [/proc/self/status]	VmExe:	    1764 kB
20220314 013347.200 INFO             PET0 PIOc_sync Enter - MemInfo: [/proc/self/status]	VmLib:	  156408 kB
20220314 013347.200 INFO             PET0 PIOc_sync Enter - MemInfo: [/proc/self/status]	VmPTE:	     804 kB
20220314 013347.200 INFO             PET0 PIOc_sync Enter - MemInfo: [/proc/self/status]	VmPMD:	      32 kB
20220314 013347.200 INFO             PET0 PIOc_sync Enter - MemInfo: [/proc/self/status]	VmSwap:	       0 kB
20220314 013347.200 INFO             PET0 PIOc_sync Enter - MemInfo: [/proc/self/status]	VmRSSPercent: 0.121816 %
20220314 013347.200 INFO             PET0 PIOc_sync Enter - MemInfo: [malloc] Non-mmapped space allocated:                 5591040 Byte
20220314 013347.200 INFO             PET0 PIOc_sync Enter - MemInfo: [malloc] Space allocated in mmapped regions:         73412608 Byte
20220314 013347.200 INFO             PET0 PIOc_sync Enter - MemInfo: [malloc] Maximum total allocated space:                     0 Byte
20220314 013347.200 INFO             PET0 PIOc_sync Enter - MemInfo: [malloc] Space in freed fastbin blocks:                   144 Byte
20220314 013347.200 INFO             PET0 PIOc_sync Enter - MemInfo: [malloc] Total allocated space:                       5339616 Byte
20220314 013347.200 INFO             PET0 PIOc_sync Enter - MemInfo: [malloc] Total free space:                             251424 Byte
20220314 013347.200 INFO             PET0 PIOc_sync Enter - MemInfo: [malloc] Top-most, releasable space:                   119136 Byte
20220314 013347.200 INFO             PET0 PIOc_sync Enter - MemInfo: [malloc] Total space in use, mmap + non-mmap:        78752224 Byte
20220314 013347.200 INFO             PET0 PIOc_sync Enter - MemInfo: [malloc] Total space held (mmap + non-mmap):         79003648 Byte
20220314 013347.200 INFO             PET0 PIOc_sync Enter - MemInfo: [malloc] Total space used (mmap + non-mmap):         78761584 Byte
20220314 013347.200 INFO             PET0 PIOc_sync Enter - MemInfo: Wall-clock time since execution start:              0.0251531 seconds
20220314 013347.201 INFO             PET0 PIOc_sync Exit - MemInfo: [/proc/meminfo - SSI]	MemTotal:       131394444 kB
20220314 013347.201 INFO             PET0 PIOc_sync Exit - MemInfo: [/proc/meminfo - SSI]	MemFree:        122173864 kB
20220314 013347.201 INFO             PET0 PIOc_sync Exit - MemInfo: [/proc/meminfo - SSI]	MemAvailable:   121900660 kB
20220314 013347.201 INFO             PET0 PIOc_sync Exit - MemInfo: [/proc/meminfo - SSI]	Committed_AS:    4339976 kB
20220314 013347.201 INFO             PET0 PIOc_sync Exit - MemInfo: [/proc/meminfo - SSI]	CommittedPercent: 3.30301 %
20220314 013347.201 INFO             PET0 PIOc_sync Exit - MemInfo: [/proc/self/status]	VmPeak:	 3853648 kB
20220314 013347.201 INFO             PET0 PIOc_sync Exit - MemInfo: [/proc/self/status]	VmSize:	 3844452 kB
20220314 013347.201 INFO             PET0 PIOc_sync Exit - MemInfo: [/proc/self/status]	VmLck:	       0 kB
20220314 013347.201 INFO             PET0 PIOc_sync Exit - MemInfo: [/proc/self/status]	VmPin:	   71900 kB
20220314 013347.201 INFO             PET0 PIOc_sync Exit - MemInfo: [/proc/self/status]	VmHWM:	  160932 kB
20220314 013347.201 INFO             PET0 PIOc_sync Exit - MemInfo: [/proc/self/status]	VmRSS:	  160104 kB
20220314 013347.201 INFO             PET0 PIOc_sync Exit - MemInfo: [/proc/self/status]	VmData:	  261140 kB
20220314 013347.201 INFO             PET0 PIOc_sync Exit - MemInfo: [/proc/self/status]	VmStk:	     512 kB
20220314 013347.201 INFO             PET0 PIOc_sync Exit - MemInfo: [/proc/self/status]	VmExe:	    1764 kB
20220314 013347.201 INFO             PET0 PIOc_sync Exit - MemInfo: [/proc/self/status]	VmLib:	  156408 kB
20220314 013347.201 INFO             PET0 PIOc_sync Exit - MemInfo: [/proc/self/status]	VmPTE:	     804 kB
20220314 013347.201 INFO             PET0 PIOc_sync Exit - MemInfo: [/proc/self/status]	VmPMD:	      32 kB
20220314 013347.201 INFO             PET0 PIOc_sync Exit - MemInfo: [/proc/self/status]	VmSwap:	       0 kB
20220314 013347.201 INFO             PET0 PIOc_sync Exit - MemInfo: [/proc/self/status]	VmRSSPercent: 0.12185 %
20220314 013347.201 INFO             PET0 PIOc_sync Exit - MemInfo: [malloc] Non-mmapped space allocated:                 5591040 Byte
20220314 013347.201 INFO             PET0 PIOc_sync Exit - MemInfo: [malloc] Space allocated in mmapped regions:         73412608 Byte
20220314 013347.201 INFO             PET0 PIOc_sync Exit - MemInfo: [malloc] Maximum total allocated space:                     0 Byte
20220314 013347.201 INFO             PET0 PIOc_sync Exit - MemInfo: [malloc] Space in freed fastbin blocks:                   144 Byte
20220314 013347.201 INFO             PET0 PIOc_sync Exit - MemInfo: [malloc] Total allocated space:                       5338864 Byte
20220314 013347.201 INFO             PET0 PIOc_sync Exit - MemInfo: [malloc] Total free space:                             252176 Byte
20220314 013347.201 INFO             PET0 PIOc_sync Exit - MemInfo: [malloc] Top-most, releasable space:                   119664 Byte
20220314 013347.201 INFO             PET0 PIOc_sync Exit - MemInfo: [malloc] Total space in use, mmap + non-mmap:        78751472 Byte
20220314 013347.201 INFO             PET0 PIOc_sync Exit - MemInfo: [malloc] Total space held (mmap + non-mmap):         79003648 Byte
20220314 013347.201 INFO             PET0 PIOc_sync Exit - MemInfo: [malloc] Total space used (mmap + non-mmap):         78760832 Byte
20220314 013347.201 INFO             PET0 PIOc_sync Exit - MemInfo: Wall-clock time since execution start:              0.0257952 seconds
20220314 013347.201 INFO             PET0 PIOc_freedecomp Enter - MemInfo: [/proc/meminfo - SSI]	MemTotal:       131394444 kB
20220314 013347.201 INFO             PET0 PIOc_freedecomp Enter - MemInfo: [/proc/meminfo - SSI]	MemFree:        122173864 kB
20220314 013347.201 INFO             PET0 PIOc_freedecomp Enter - MemInfo: [/proc/meminfo - SSI]	MemAvailable:   121900660 kB
20220314 013347.201 INFO             PET0 PIOc_freedecomp Enter - MemInfo: [/proc/meminfo - SSI]	Committed_AS:    4339976 kB
20220314 013347.201 INFO             PET0 PIOc_freedecomp Enter - MemInfo: [/proc/meminfo - SSI]	CommittedPercent: 3.30301 %
20220314 013347.201 INFO             PET0 PIOc_freedecomp Enter - MemInfo: [/proc/self/status]	VmPeak:	 3853648 kB
20220314 013347.201 INFO             PET0 PIOc_freedecomp Enter - MemInfo: [/proc/self/status]	VmSize:	 3844452 kB
20220314 013347.201 INFO             PET0 PIOc_freedecomp Enter - MemInfo: [/proc/self/status]	VmLck:	       0 kB
20220314 013347.201 INFO             PET0 PIOc_freedecomp Enter - MemInfo: [/proc/self/status]	VmPin:	   71900 kB
20220314 013347.201 INFO             PET0 PIOc_freedecomp Enter - MemInfo: [/proc/self/status]	VmHWM:	  160932 kB
20220314 013347.201 INFO             PET0 PIOc_freedecomp Enter - MemInfo: [/proc/self/status]	VmRSS:	  160104 kB
20220314 013347.201 INFO             PET0 PIOc_freedecomp Enter - MemInfo: [/proc/self/status]	VmData:	  261140 kB
20220314 013347.201 INFO             PET0 PIOc_freedecomp Enter - MemInfo: [/proc/self/status]	VmStk:	     512 kB
20220314 013347.201 INFO             PET0 PIOc_freedecomp Enter - MemInfo: [/proc/self/status]	VmExe:	    1764 kB
20220314 013347.201 INFO             PET0 PIOc_freedecomp Enter - MemInfo: [/proc/self/status]	VmLib:	  156408 kB
20220314 013347.201 INFO             PET0 PIOc_freedecomp Enter - MemInfo: [/proc/self/status]	VmPTE:	     804 kB
20220314 013347.201 INFO             PET0 PIOc_freedecomp Enter - MemInfo: [/proc/self/status]	VmPMD:	      32 kB
20220314 013347.201 INFO             PET0 PIOc_freedecomp Enter - MemInfo: [/proc/self/status]	VmSwap:	       0 kB
20220314 013347.201 INFO             PET0 PIOc_freedecomp Enter - MemInfo: [/proc/self/status]	VmRSSPercent: 0.12185 %
20220314 013347.201 INFO             PET0 PIOc_freedecomp Enter - MemInfo: [malloc] Non-mmapped space allocated:                 5591040 Byte
20220314 013347.201 INFO             PET0 PIOc_freedecomp Enter - MemInfo: [malloc] Space allocated in mmapped regions:         73412608 Byte
20220314 013347.201 INFO             PET0 PIOc_freedecomp Enter - MemInfo: [malloc] Maximum total allocated space:                     0 Byte
20220314 013347.201 INFO             PET0 PIOc_freedecomp Enter - MemInfo: [malloc] Space in freed fastbin blocks:                   240 Byte
20220314 013347.201 INFO             PET0 PIOc_freedecomp Enter - MemInfo: [malloc] Total allocated space:                       2703920 Byte
20220314 013347.201 INFO             PET0 PIOc_freedecomp Enter - MemInfo: [malloc] Total free space:                            2887120 Byte
20220314 013347.201 INFO             PET0 PIOc_freedecomp Enter - MemInfo: [malloc] Top-most, releasable space:                   120576 Byte
20220314 013347.201 INFO             PET0 PIOc_freedecomp Enter - MemInfo: [malloc] Total space in use, mmap + non-mmap:        76116528 Byte
20220314 013347.201 INFO             PET0 PIOc_freedecomp Enter - MemInfo: [malloc] Total space held (mmap + non-mmap):         79003648 Byte
20220314 013347.201 INFO             PET0 PIOc_freedecomp Enter - MemInfo: [malloc] Total space used (mmap + non-mmap):         76125888 Byte
20220314 013347.201 INFO             PET0 PIOc_freedecomp Enter - MemInfo: Wall-clock time since execution start:              0.0262991 seconds
20220314 013347.202 INFO             PET0 PIOc_freedecomp Exit - MemInfo: [/proc/meminfo - SSI]	MemTotal:       131394444 kB
20220314 013347.202 INFO             PET0 PIOc_freedecomp Exit - MemInfo: [/proc/meminfo - SSI]	MemFree:        122173864 kB
20220314 013347.202 INFO             PET0 PIOc_freedecomp Exit - MemInfo: [/proc/meminfo - SSI]	MemAvailable:   121900660 kB
20220314 013347.202 INFO             PET0 PIOc_freedecomp Exit - MemInfo: [/proc/meminfo - SSI]	Committed_AS:    4339976 kB
20220314 013347.202 INFO             PET0 PIOc_freedecomp Exit - MemInfo: [/proc/meminfo - SSI]	CommittedPercent: 3.30301 %
20220314 013347.202 INFO             PET0 PIOc_freedecomp Exit - MemInfo: [/proc/self/status]	VmPeak:	 3853648 kB
20220314 013347.202 INFO             PET0 PIOc_freedecomp Exit - MemInfo: [/proc/self/status]	VmSize:	 3844452 kB
20220314 013347.202 INFO             PET0 PIOc_freedecomp Exit - MemInfo: [/proc/self/status]	VmLck:	       0 kB
20220314 013347.202 INFO             PET0 PIOc_freedecomp Exit - MemInfo: [/proc/self/status]	VmPin:	   71900 kB
20220314 013347.202 INFO             PET0 PIOc_freedecomp Exit - MemInfo: [/proc/self/status]	VmHWM:	  160932 kB
20220314 013347.202 INFO             PET0 PIOc_freedecomp Exit - MemInfo: [/proc/self/status]	VmRSS:	  160104 kB
20220314 013347.202 INFO             PET0 PIOc_freedecomp Exit - MemInfo: [/proc/self/status]	VmData:	  261140 kB
20220314 013347.202 INFO             PET0 PIOc_freedecomp Exit - MemInfo: [/proc/self/status]	VmStk:	     512 kB
20220314 013347.202 INFO             PET0 PIOc_freedecomp Exit - MemInfo: [/proc/self/status]	VmExe:	    1764 kB
20220314 013347.202 INFO             PET0 PIOc_freedecomp Exit - MemInfo: [/proc/self/status]	VmLib:	  156408 kB
20220314 013347.202 INFO             PET0 PIOc_freedecomp Exit - MemInfo: [/proc/self/status]	VmPTE:	     804 kB
20220314 013347.202 INFO             PET0 PIOc_freedecomp Exit - MemInfo: [/proc/self/status]	VmPMD:	      32 kB
20220314 013347.202 INFO             PET0 PIOc_freedecomp Exit - MemInfo: [/proc/self/status]	VmSwap:	       0 kB
20220314 013347.202 INFO             PET0 PIOc_freedecomp Exit - MemInfo: [/proc/self/status]	VmRSSPercent: 0.12185 %
20220314 013347.202 INFO             PET0 PIOc_freedecomp Exit - MemInfo: [malloc] Non-mmapped space allocated:                 5591040 Byte
20220314 013347.202 INFO             PET0 PIOc_freedecomp Exit - MemInfo: [malloc] Space allocated in mmapped regions:         73412608 Byte
20220314 013347.202 INFO             PET0 PIOc_freedecomp Exit - MemInfo: [malloc] Maximum total allocated space:                     0 Byte
20220314 013347.202 INFO             PET0 PIOc_freedecomp Exit - MemInfo: [malloc] Space in freed fastbin blocks:                   144 Byte
20220314 013347.202 INFO             PET0 PIOc_freedecomp Exit - MemInfo: [malloc] Total allocated space:                       2702160 Byte
20220314 013347.202 INFO             PET0 PIOc_freedecomp Exit - MemInfo: [malloc] Total free space:                            2888880 Byte
20220314 013347.202 INFO             PET0 PIOc_freedecomp Exit - MemInfo: [malloc] Top-most, releasable space:                  2754832 Byte
20220314 013347.202 INFO             PET0 PIOc_freedecomp Exit - MemInfo: [malloc] Total space in use, mmap + non-mmap:        76114768 Byte
20220314 013347.202 INFO             PET0 PIOc_freedecomp Exit - MemInfo: [malloc] Total space held (mmap + non-mmap):         79003648 Byte
20220314 013347.202 INFO             PET0 PIOc_freedecomp Exit - MemInfo: [malloc] Total space used (mmap + non-mmap):         76124128 Byte
20220314 013347.202 INFO             PET0 PIOc_freedecomp Exit - MemInfo: Wall-clock time since execution start:              0.0267875 seconds
20220314 013347.203 INFO             PET0 PIOc_sync Enter - MemInfo: [/proc/meminfo - SSI]	MemTotal:       131394444 kB
20220314 013347.203 INFO             PET0 PIOc_sync Enter - MemInfo: [/proc/meminfo - SSI]	MemFree:        122173396 kB
20220314 013347.203 INFO             PET0 PIOc_sync Enter - MemInfo: [/proc/meminfo - SSI]	MemAvailable:   121900192 kB
20220314 013347.203 INFO             PET0 PIOc_sync Enter - MemInfo: [/proc/meminfo - SSI]	Committed_AS:    4339976 kB
20220314 013347.203 INFO             PET0 PIOc_sync Enter - MemInfo: [/proc/meminfo - SSI]	CommittedPercent: 3.30301 %
20220314 013347.203 INFO             PET0 PIOc_sync Enter - MemInfo: [/proc/self/status]	VmPeak:	 3853648 kB
20220314 013347.203 INFO             PET0 PIOc_sync Enter - MemInfo: [/proc/self/status]	VmSize:	 3844452 kB
20220314 013347.203 INFO             PET0 PIOc_sync Enter - MemInfo: [/proc/self/status]	VmLck:	       0 kB
20220314 013347.203 INFO             PET0 PIOc_sync Enter - MemInfo: [/proc/self/status]	VmPin:	   71900 kB
20220314 013347.203 INFO             PET0 PIOc_sync Enter - MemInfo: [/proc/self/status]	VmHWM:	  160932 kB
20220314 013347.203 INFO             PET0 PIOc_sync Enter - MemInfo: [/proc/self/status]	VmRSS:	  160604 kB
20220314 013347.203 INFO             PET0 PIOc_sync Enter - MemInfo: [/proc/self/status]	VmData:	  261140 kB
20220314 013347.203 INFO             PET0 PIOc_sync Enter - MemInfo: [/proc/self/status]	VmStk:	     512 kB
20220314 013347.203 INFO             PET0 PIOc_sync Enter - MemInfo: [/proc/self/status]	VmExe:	    1764 kB
20220314 013347.203 INFO             PET0 PIOc_sync Enter - MemInfo: [/proc/self/status]	VmLib:	  156408 kB
20220314 013347.203 INFO             PET0 PIOc_sync Enter - MemInfo: [/proc/self/status]	VmPTE:	     804 kB
20220314 013347.203 INFO             PET0 PIOc_sync Enter - MemInfo: [/proc/self/status]	VmPMD:	      32 kB
20220314 013347.203 INFO             PET0 PIOc_sync Enter - MemInfo: [/proc/self/status]	VmSwap:	       0 kB
20220314 013347.204 INFO             PET0 PIOc_sync Enter - MemInfo: [/proc/self/status]	VmRSSPercent: 0.12223 %
20220314 013347.204 INFO             PET0 PIOc_sync Enter - MemInfo: [malloc] Non-mmapped space allocated:                 5591040 Byte
20220314 013347.204 INFO             PET0 PIOc_sync Enter - MemInfo: [malloc] Space allocated in mmapped regions:         73412608 Byte
20220314 013347.204 INFO             PET0 PIOc_sync Enter - MemInfo: [malloc] Maximum total allocated space:                     0 Byte
20220314 013347.204 INFO             PET0 PIOc_sync Enter - MemInfo: [malloc] Space in freed fastbin blocks:                   144 Byte
20220314 013347.204 INFO             PET0 PIOc_sync Enter - MemInfo: [malloc] Total allocated space:                       5340032 Byte
20220314 013347.204 INFO             PET0 PIOc_sync Enter - MemInfo: [malloc] Total free space:                             251008 Byte
20220314 013347.204 INFO             PET0 PIOc_sync Enter - MemInfo: [malloc] Top-most, releasable space:                   118496 Byte
20220314 013347.204 INFO             PET0 PIOc_sync Enter - MemInfo: [malloc] Total space in use, mmap + non-mmap:        78752640 Byte
20220314 013347.204 INFO             PET0 PIOc_sync Enter - MemInfo: [malloc] Total space held (mmap + non-mmap):         79003648 Byte
20220314 013347.204 INFO             PET0 PIOc_sync Enter - MemInfo: [malloc] Total space used (mmap + non-mmap):         78762000 Byte
20220314 013347.204 INFO             PET0 PIOc_sync Enter - MemInfo: Wall-clock time since execution start:              0.0284971 seconds
20220314 013347.204 INFO             PET0 PIOc_sync Exit - MemInfo: [/proc/meminfo - SSI]	MemTotal:       131394444 kB
20220314 013347.204 INFO             PET0 PIOc_sync Exit - MemInfo: [/proc/meminfo - SSI]	MemFree:        122173396 kB
20220314 013347.204 INFO             PET0 PIOc_sync Exit - MemInfo: [/proc/meminfo - SSI]	MemAvailable:   121900192 kB
20220314 013347.204 INFO             PET0 PIOc_sync Exit - MemInfo: [/proc/meminfo - SSI]	Committed_AS:    4339976 kB
20220314 013347.204 INFO             PET0 PIOc_sync Exit - MemInfo: [/proc/meminfo - SSI]	CommittedPercent: 3.30301 %
20220314 013347.204 INFO             PET0 PIOc_sync Exit - MemInfo: [/proc/self/status]	VmPeak:	 3853648 kB
20220314 013347.204 INFO             PET0 PIOc_sync Exit - MemInfo: [/proc/self/status]	VmSize:	 3844452 kB
20220314 013347.204 INFO             PET0 PIOc_sync Exit - MemInfo: [/proc/self/status]	VmLck:	       0 kB
20220314 013347.204 INFO             PET0 PIOc_sync Exit - MemInfo: [/proc/self/status]	VmPin:	   71900 kB
20220314 013347.204 INFO             PET0 PIOc_sync Exit - MemInfo: [/proc/self/status]	VmHWM:	  160932 kB
20220314 013347.204 INFO             PET0 PIOc_sync Exit - MemInfo: [/proc/self/status]	VmRSS:	  160636 kB
20220314 013347.204 INFO             PET0 PIOc_sync Exit - MemInfo: [/proc/self/status]	VmData:	  261140 kB
20220314 013347.204 INFO             PET0 PIOc_sync Exit - MemInfo: [/proc/self/status]	VmStk:	     512 kB
20220314 013347.204 INFO             PET0 PIOc_sync Exit - MemInfo: [/proc/self/status]	VmExe:	    1764 kB
20220314 013347.204 INFO             PET0 PIOc_sync Exit - MemInfo: [/proc/self/status]	VmLib:	  156408 kB
20220314 013347.204 INFO             PET0 PIOc_sync Exit - MemInfo: [/proc/self/status]	VmPTE:	     804 kB
20220314 013347.204 INFO             PET0 PIOc_sync Exit - MemInfo: [/proc/self/status]	VmPMD:	      32 kB
20220314 013347.204 INFO             PET0 PIOc_sync Exit - MemInfo: [/proc/self/status]	VmSwap:	       0 kB
20220314 013347.204 INFO             PET0 PIOc_sync Exit - MemInfo: [/proc/self/status]	VmRSSPercent: 0.122255 %
20220314 013347.204 INFO             PET0 PIOc_sync Exit - MemInfo: [malloc] Non-mmapped space allocated:                 5591040 Byte
20220314 013347.204 INFO             PET0 PIOc_sync Exit - MemInfo: [malloc] Space allocated in mmapped regions:         73412608 Byte
20220314 013347.204 INFO             PET0 PIOc_sync Exit - MemInfo: [malloc] Maximum total allocated space:                     0 Byte
20220314 013347.204 INFO             PET0 PIOc_sync Exit - MemInfo: [malloc] Space in freed fastbin blocks:                   144 Byte
20220314 013347.204 INFO             PET0 PIOc_sync Exit - MemInfo: [malloc] Total allocated space:                       5339280 Byte
20220314 013347.204 INFO             PET0 PIOc_sync Exit - MemInfo: [malloc] Total free space:                             251760 Byte
20220314 013347.204 INFO             PET0 PIOc_sync Exit - MemInfo: [malloc] Top-most, releasable space:                   119024 Byte
20220314 013347.204 INFO             PET0 PIOc_sync Exit - MemInfo: [malloc] Total space in use, mmap + non-mmap:        78751888 Byte
20220314 013347.204 INFO             PET0 PIOc_sync Exit - MemInfo: [malloc] Total space held (mmap + non-mmap):         79003648 Byte
20220314 013347.204 INFO             PET0 PIOc_sync Exit - MemInfo: [malloc] Total space used (mmap + non-mmap):         78761248 Byte
20220314 013347.204 INFO             PET0 PIOc_sync Exit - MemInfo: Wall-clock time since execution start:              0.0291641 seconds
20220314 013347.204 INFO             PET0 PIOc_freedecomp Enter - MemInfo: [/proc/meminfo - SSI]	MemTotal:       131394444 kB
20220314 013347.204 INFO             PET0 PIOc_freedecomp Enter - MemInfo: [/proc/meminfo - SSI]	MemFree:        122173396 kB
20220314 013347.204 INFO             PET0 PIOc_freedecomp Enter - MemInfo: [/proc/meminfo - SSI]	MemAvailable:   121900192 kB
20220314 013347.204 INFO             PET0 PIOc_freedecomp Enter - MemInfo: [/proc/meminfo - SSI]	Committed_AS:    4339976 kB
20220314 013347.204 INFO             PET0 PIOc_freedecomp Enter - MemInfo: [/proc/meminfo - SSI]	CommittedPercent: 3.30301 %
20220314 013347.205 INFO             PET0 PIOc_freedecomp Enter - MemInfo: [/proc/self/status]	VmPeak:	 3853648 kB
20220314 013347.205 INFO             PET0 PIOc_freedecomp Enter - MemInfo: [/proc/self/status]	VmSize:	 3844452 kB
20220314 013347.205 INFO             PET0 PIOc_freedecomp Enter - MemInfo: [/proc/self/status]	VmLck:	       0 kB
20220314 013347.205 INFO             PET0 PIOc_freedecomp Enter - MemInfo: [/proc/self/status]	VmPin:	   71900 kB
20220314 013347.205 INFO             PET0 PIOc_freedecomp Enter - MemInfo: [/proc/self/status]	VmHWM:	  160932 kB
20220314 013347.205 INFO             PET0 PIOc_freedecomp Enter - MemInfo: [/proc/self/status]	VmRSS:	  160636 kB
20220314 013347.205 INFO             PET0 PIOc_freedecomp Enter - MemInfo: [/proc/self/status]	VmData:	  261140 kB
20220314 013347.205 INFO             PET0 PIOc_freedecomp Enter - MemInfo: [/proc/self/status]	VmStk:	     512 kB
20220314 013347.205 INFO             PET0 PIOc_freedecomp Enter - MemInfo: [/proc/self/status]	VmExe:	    1764 kB
20220314 013347.205 INFO             PET0 PIOc_freedecomp Enter - MemInfo: [/proc/self/status]	VmLib:	  156408 kB
20220314 013347.205 INFO             PET0 PIOc_freedecomp Enter - MemInfo: [/proc/self/status]	VmPTE:	     804 kB
20220314 013347.205 INFO             PET0 PIOc_freedecomp Enter - MemInfo: [/proc/self/status]	VmPMD:	      32 kB
20220314 013347.205 INFO             PET0 PIOc_freedecomp Enter - MemInfo: [/proc/self/status]	VmSwap:	       0 kB
20220314 013347.205 INFO             PET0 PIOc_freedecomp Enter - MemInfo: [/proc/self/status]	VmRSSPercent: 0.122255 %
20220314 013347.205 INFO             PET0 PIOc_freedecomp Enter - MemInfo: [malloc] Non-mmapped space allocated:                 5591040 Byte
20220314 013347.205 INFO             PET0 PIOc_freedecomp Enter - MemInfo: [malloc] Space allocated in mmapped regions:         73412608 Byte
20220314 013347.205 INFO             PET0 PIOc_freedecomp Enter - MemInfo: [malloc] Maximum total allocated space:                     0 Byte
20220314 013347.205 INFO             PET0 PIOc_freedecomp Enter - MemInfo: [malloc] Space in freed fastbin blocks:                   496 Byte
20220314 013347.205 INFO             PET0 PIOc_freedecomp Enter - MemInfo: [malloc] Total allocated space:                       2703888 Byte
20220314 013347.205 INFO             PET0 PIOc_freedecomp Enter - MemInfo: [malloc] Total free space:                            2887152 Byte
20220314 013347.205 INFO             PET0 PIOc_freedecomp Enter - MemInfo: [malloc] Top-most, releasable space:                   119664 Byte
20220314 013347.205 INFO             PET0 PIOc_freedecomp Enter - MemInfo: [malloc] Total space in use, mmap + non-mmap:        76116496 Byte
20220314 013347.205 INFO             PET0 PIOc_freedecomp Enter - MemInfo: [malloc] Total space held (mmap + non-mmap):         79003648 Byte
20220314 013347.205 INFO             PET0 PIOc_freedecomp Enter - MemInfo: [malloc] Total space used (mmap + non-mmap):         76125856 Byte
20220314 013347.205 INFO             PET0 PIOc_freedecomp Enter - MemInfo: Wall-clock time since execution start:              0.0297004 seconds
20220314 013347.205 INFO             PET0 PIOc_freedecomp Exit - MemInfo: [/proc/meminfo - SSI]	MemTotal:       131394444 kB
20220314 013347.205 INFO             PET0 PIOc_freedecomp Exit - MemInfo: [/proc/meminfo - SSI]	MemFree:        122173396 kB
20220314 013347.205 INFO             PET0 PIOc_freedecomp Exit - MemInfo: [/proc/meminfo - SSI]	MemAvailable:   121900192 kB
20220314 013347.205 INFO             PET0 PIOc_freedecomp Exit - MemInfo: [/proc/meminfo - SSI]	Committed_AS:    4339976 kB
20220314 013347.205 INFO             PET0 PIOc_freedecomp Exit - MemInfo: [/proc/meminfo - SSI]	CommittedPercent: 3.30301 %
20220314 013347.205 INFO             PET0 PIOc_freedecomp Exit - MemInfo: [/proc/self/status]	VmPeak:	 3853648 kB
20220314 013347.205 INFO             PET0 PIOc_freedecomp Exit - MemInfo: [/proc/self/status]	VmSize:	 3844452 kB
20220314 013347.205 INFO             PET0 PIOc_freedecomp Exit - MemInfo: [/proc/self/status]	VmLck:	       0 kB
20220314 013347.205 INFO             PET0 PIOc_freedecomp Exit - MemInfo: [/proc/self/status]	VmPin:	   71900 kB
20220314 013347.205 INFO             PET0 PIOc_freedecomp Exit - MemInfo: [/proc/self/status]	VmHWM:	  160932 kB
20220314 013347.205 INFO             PET0 PIOc_freedecomp Exit - MemInfo: [/proc/self/status]	VmRSS:	  160636 kB
20220314 013347.205 INFO             PET0 PIOc_freedecomp Exit - MemInfo: [/proc/self/status]	VmData:	  261140 kB
20220314 013347.205 INFO             PET0 PIOc_freedecomp Exit - MemInfo: [/proc/self/status]	VmStk:	     512 kB
20220314 013347.205 INFO             PET0 PIOc_freedecomp Exit - MemInfo: [/proc/self/status]	VmExe:	    1764 kB
20220314 013347.205 INFO             PET0 PIOc_freedecomp Exit - MemInfo: [/proc/self/status]	VmLib:	  156408 kB
20220314 013347.205 INFO             PET0 PIOc_freedecomp Exit - MemInfo: [/proc/self/status]	VmPTE:	     804 kB
20220314 013347.205 INFO             PET0 PIOc_freedecomp Exit - MemInfo: [/proc/self/status]	VmPMD:	      32 kB
20220314 013347.205 INFO             PET0 PIOc_freedecomp Exit - MemInfo: [/proc/self/status]	VmSwap:	       0 kB
20220314 013347.205 INFO             PET0 PIOc_freedecomp Exit - MemInfo: [/proc/self/status]	VmRSSPercent: 0.122255 %
20220314 013347.205 INFO             PET0 PIOc_freedecomp Exit - MemInfo: [malloc] Non-mmapped space allocated:                 5591040 Byte
20220314 013347.205 INFO             PET0 PIOc_freedecomp Exit - MemInfo: [malloc] Space allocated in mmapped regions:         73412608 Byte
20220314 013347.205 INFO             PET0 PIOc_freedecomp Exit - MemInfo: [malloc] Maximum total allocated space:                     0 Byte
20220314 013347.205 INFO             PET0 PIOc_freedecomp Exit - MemInfo: [malloc] Space in freed fastbin blocks:                   944 Byte
20220314 013347.205 INFO             PET0 PIOc_freedecomp Exit - MemInfo: [malloc] Total allocated space:                       2702144 Byte
20220314 013347.205 INFO             PET0 PIOc_freedecomp Exit - MemInfo: [malloc] Total free space:                            2888896 Byte
20220314 013347.205 INFO             PET0 PIOc_freedecomp Exit - MemInfo: [malloc] Top-most, releasable space:                   119664 Byte
20220314 013347.205 INFO             PET0 PIOc_freedecomp Exit - MemInfo: [malloc] Total space in use, mmap + non-mmap:        76114752 Byte
20220314 013347.205 INFO             PET0 PIOc_freedecomp Exit - MemInfo: [malloc] Total space held (mmap + non-mmap):         79003648 Byte
20220314 013347.205 INFO             PET0 PIOc_freedecomp Exit - MemInfo: [malloc] Total space used (mmap + non-mmap):         76124112 Byte
20220314 013347.205 INFO             PET0 PIOc_freedecomp Exit - MemInfo: Wall-clock time since execution start:              0.0302117 seconds
20220314 013347.205 INFO             PET0  PASS  ESMF_OutputWeightFile, ESMF_IOUTest.F90, line 81
20220314 013347.207 INFO             PET0  PASS  call ESMF_OutputWeightFile with empty factor list on four PETs, ESMF_IOUTest.F90, line 191
20220314 013347.208 INFO             PET0  Ending Test, file ESMF_IOUTest.F90, line 201
20220314 013347.208 INFO             PET0 Finalizing ESMF
20220314 013347.187 INFO             PET1 !!!!!!!!!!!!!!!!!!!!!!!!!!!!!!!!!!!!!!!!!!!!!!!!!!!!!!
20220314 013347.187 INFO             PET1 !!! THE ESMF_LOG IS SET TO OUTPUT ALL LOG MESSAGES !!!
20220314 013347.187 INFO             PET1 !!!     THIS MAY CAUSE SLOWDOWN IN PERFORMANCE     !!!
20220314 013347.187 INFO             PET1 !!! FOR PRODUCTION RUNS, USE:                      !!!
20220314 013347.187 INFO             PET1 !!!                   ESMF_LOGKIND_Multi_On_Error  !!!
20220314 013347.187 INFO             PET1 !!!!!!!!!!!!!!!!!!!!!!!!!!!!!!!!!!!!!!!!!!!!!!!!!!!!!!
20220314 013347.187 INFO             PET1 Running with ESMF Version   : v8.3.0b09-96-g559b459836
20220314 013347.187 INFO             PET1 ESMF library build date/time: "Mar 14 2022" "01:16:57"
20220314 013347.187 INFO             PET1 ESMF library build location : /gpfsm/dnb04/projects/p98/mpotts/esmf/intel_2020_intelmpi_g_jedwards_pio_update2
20220314 013347.187 INFO             PET1 ESMF_COMM                   : intelmpi
20220314 013347.188 INFO             PET1 ESMF_MOAB                   : enabled
20220314 013347.188 INFO             PET1 ESMF_LAPACK                 : enabled
20220314 013347.188 INFO             PET1 ESMF_NETCDF                 : enabled
20220314 013347.188 INFO             PET1 ESMF_PNETCDF                : disabled
20220314 013347.188 INFO             PET1 ESMF_PIO                    : enabled
20220314 013347.188 INFO             PET1 ESMF_YAMLCPP                : enabled
20220314 013347.188 INFO             PET1  Beginning Test, file ESMF_IOUTest.F90, line 57
20220314 013347.188 INFO             PET1  NUMBER_OF_PROCESSORS           4
20220314 013347.188 INFO             PET1 Starting Test:  ESMF_OutputWeightFile
20220314 013347.195 INFO             PET1 PIOc_sync Enter - MemInfo: [/proc/meminfo - SSI]	MemTotal:       131394444 kB
20220314 013347.195 INFO             PET1 PIOc_sync Enter - MemInfo: [/proc/meminfo - SSI]	MemFree:        122173148 kB
20220314 013347.195 INFO             PET1 PIOc_sync Enter - MemInfo: [/proc/meminfo - SSI]	MemAvailable:   121899944 kB
20220314 013347.195 INFO             PET1 PIOc_sync Enter - MemInfo: [/proc/meminfo - SSI]	Committed_AS:    4339976 kB
20220314 013347.195 INFO             PET1 PIOc_sync Enter - MemInfo: [/proc/meminfo - SSI]	CommittedPercent: 3.30301 %
20220314 013347.195 INFO             PET1 PIOc_sync Enter - MemInfo: [/proc/self/status]	VmPeak:	 3854160 kB
20220314 013347.195 INFO             PET1 PIOc_sync Enter - MemInfo: [/proc/self/status]	VmSize:	 3851668 kB
20220314 013347.195 INFO             PET1 PIOc_sync Enter - MemInfo: [/proc/self/status]	VmLck:	       0 kB
20220314 013347.195 INFO             PET1 PIOc_sync Enter - MemInfo: [/proc/self/status]	VmPin:	   82140 kB
20220314 013347.195 INFO             PET1 PIOc_sync Enter - MemInfo: [/proc/self/status]	VmHWM:	  164524 kB
20220314 013347.195 INFO             PET1 PIOc_sync Enter - MemInfo: [/proc/self/status]	VmRSS:	  164524 kB
20220314 013347.195 INFO             PET1 PIOc_sync Enter - MemInfo: [/proc/self/status]	VmData:	  268356 kB
20220314 013347.195 INFO             PET1 PIOc_sync Enter - MemInfo: [/proc/self/status]	VmStk:	     512 kB
20220314 013347.195 INFO             PET1 PIOc_sync Enter - MemInfo: [/proc/self/status]	VmExe:	    1764 kB
20220314 013347.195 INFO             PET1 PIOc_sync Enter - MemInfo: [/proc/self/status]	VmLib:	  156408 kB
20220314 013347.195 INFO             PET1 PIOc_sync Enter - MemInfo: [/proc/self/status]	VmPTE:	     796 kB
20220314 013347.195 INFO             PET1 PIOc_sync Enter - MemInfo: [/proc/self/status]	VmPMD:	      28 kB
20220314 013347.195 INFO             PET1 PIOc_sync Enter - MemInfo: [/proc/self/status]	VmSwap:	       0 kB
20220314 013347.195 INFO             PET1 PIOc_sync Enter - MemInfo: [/proc/self/status]	VmRSSPercent: 0.125214 %
20220314 013347.195 INFO             PET1 PIOc_sync Enter - MemInfo: [malloc] Non-mmapped space allocated:                 2490368 Byte
20220314 013347.195 INFO             PET1 PIOc_sync Enter - MemInfo: [malloc] Space allocated in mmapped regions:         85999616 Byte
20220314 013347.195 INFO             PET1 PIOc_sync Enter - MemInfo: [malloc] Maximum total allocated space:                     0 Byte
20220314 013347.195 INFO             PET1 PIOc_sync Enter - MemInfo: [malloc] Space in freed fastbin blocks:                   672 Byte
20220314 013347.195 INFO             PET1 PIOc_sync Enter - MemInfo: [malloc] Total allocated space:                       2253456 Byte
20220314 013347.195 INFO             PET1 PIOc_sync Enter - MemInfo: [malloc] Total free space:                             236912 Byte
20220314 013347.195 INFO             PET1 PIOc_sync Enter - MemInfo: [malloc] Top-most, releasable space:                   102992 Byte
20220314 013347.195 INFO             PET1 PIOc_sync Enter - MemInfo: [malloc] Total space in use, mmap + non-mmap:        88253072 Byte
20220314 013347.195 INFO             PET1 PIOc_sync Enter - MemInfo: [malloc] Total space held (mmap + non-mmap):         88489984 Byte
20220314 013347.195 INFO             PET1 PIOc_sync Enter - MemInfo: [malloc] Total space used (mmap + non-mmap):         88262432 Byte
20220314 013347.195 INFO             PET1 PIOc_sync Enter - MemInfo: Wall-clock time since execution start:              0.0209487 seconds
20220314 013347.196 INFO             PET1 PIOc_sync Exit - MemInfo: [/proc/meminfo - SSI]	MemTotal:       131394444 kB
20220314 013347.196 INFO             PET1 PIOc_sync Exit - MemInfo: [/proc/meminfo - SSI]	MemFree:        122172652 kB
20220314 013347.196 INFO             PET1 PIOc_sync Exit - MemInfo: [/proc/meminfo - SSI]	MemAvailable:   121899448 kB
20220314 013347.196 INFO             PET1 PIOc_sync Exit - MemInfo: [/proc/meminfo - SSI]	Committed_AS:    4339976 kB
20220314 013347.196 INFO             PET1 PIOc_sync Exit - MemInfo: [/proc/meminfo - SSI]	CommittedPercent: 3.30301 %
20220314 013347.197 INFO             PET1 PIOc_sync Exit - MemInfo: [/proc/self/status]	VmPeak:	 3854160 kB
20220314 013347.197 INFO             PET1 PIOc_sync Exit - MemInfo: [/proc/self/status]	VmSize:	 3851668 kB
20220314 013347.197 INFO             PET1 PIOc_sync Exit - MemInfo: [/proc/self/status]	VmLck:	       0 kB
20220314 013347.197 INFO             PET1 PIOc_sync Exit - MemInfo: [/proc/self/status]	VmPin:	   82140 kB
20220314 013347.197 INFO             PET1 PIOc_sync Exit - MemInfo: [/proc/self/status]	VmHWM:	  164676 kB
20220314 013347.197 INFO             PET1 PIOc_sync Exit - MemInfo: [/proc/self/status]	VmRSS:	  164676 kB
20220314 013347.197 INFO             PET1 PIOc_sync Exit - MemInfo: [/proc/self/status]	VmData:	  268356 kB
20220314 013347.197 INFO             PET1 PIOc_sync Exit - MemInfo: [/proc/self/status]	VmStk:	     512 kB
20220314 013347.197 INFO             PET1 PIOc_sync Exit - MemInfo: [/proc/self/status]	VmExe:	    1764 kB
20220314 013347.197 INFO             PET1 PIOc_sync Exit - MemInfo: [/proc/self/status]	VmLib:	  156408 kB
20220314 013347.197 INFO             PET1 PIOc_sync Exit - MemInfo: [/proc/self/status]	VmPTE:	     796 kB
20220314 013347.197 INFO             PET1 PIOc_sync Exit - MemInfo: [/proc/self/status]	VmPMD:	      28 kB
20220314 013347.197 INFO             PET1 PIOc_sync Exit - MemInfo: [/proc/self/status]	VmSwap:	       0 kB
20220314 013347.197 INFO             PET1 PIOc_sync Exit - MemInfo: [/proc/self/status]	VmRSSPercent: 0.12533 %
20220314 013347.197 INFO             PET1 PIOc_sync Exit - MemInfo: [malloc] Non-mmapped space allocated:                 2490368 Byte
20220314 013347.197 INFO             PET1 PIOc_sync Exit - MemInfo: [malloc] Space allocated in mmapped regions:         85999616 Byte
20220314 013347.197 INFO             PET1 PIOc_sync Exit - MemInfo: [malloc] Maximum total allocated space:                     0 Byte
20220314 013347.197 INFO             PET1 PIOc_sync Exit - MemInfo: [malloc] Space in freed fastbin blocks:                   192 Byte
20220314 013347.197 INFO             PET1 PIOc_sync Exit - MemInfo: [malloc] Total allocated space:                       2252624 Byte
20220314 013347.197 INFO             PET1 PIOc_sync Exit - MemInfo: [malloc] Total free space:                             237744 Byte
20220314 013347.197 INFO             PET1 PIOc_sync Exit - MemInfo: [malloc] Top-most, releasable space:                   104400 Byte
20220314 013347.197 INFO             PET1 PIOc_sync Exit - MemInfo: [malloc] Total space in use, mmap + non-mmap:        88252240 Byte
20220314 013347.197 INFO             PET1 PIOc_sync Exit - MemInfo: [malloc] Total space held (mmap + non-mmap):         88489984 Byte
20220314 013347.197 INFO             PET1 PIOc_sync Exit - MemInfo: [malloc] Total space used (mmap + non-mmap):         88261600 Byte
20220314 013347.197 INFO             PET1 PIOc_sync Exit - MemInfo: Wall-clock time since execution start:              0.0225529 seconds
20220314 013347.197 INFO             PET1 PIOc_freedecomp Enter - MemInfo: [/proc/meminfo - SSI]	MemTotal:       131394444 kB
20220314 013347.197 INFO             PET1 PIOc_freedecomp Enter - MemInfo: [/proc/meminfo - SSI]	MemFree:        122173864 kB
20220314 013347.197 INFO             PET1 PIOc_freedecomp Enter - MemInfo: [/proc/meminfo - SSI]	MemAvailable:   121900660 kB
20220314 013347.198 INFO             PET1 PIOc_freedecomp Enter - MemInfo: [/proc/meminfo - SSI]	Committed_AS:    4339976 kB
20220314 013347.198 INFO             PET1 PIOc_freedecomp Enter - MemInfo: [/proc/meminfo - SSI]	CommittedPercent: 3.30301 %
20220314 013347.198 INFO             PET1 PIOc_freedecomp Enter - MemInfo: [/proc/self/status]	VmPeak:	 3854160 kB
20220314 013347.198 INFO             PET1 PIOc_freedecomp Enter - MemInfo: [/proc/self/status]	VmSize:	 3851668 kB
20220314 013347.198 INFO             PET1 PIOc_freedecomp Enter - MemInfo: [/proc/self/status]	VmLck:	       0 kB
20220314 013347.198 INFO             PET1 PIOc_freedecomp Enter - MemInfo: [/proc/self/status]	VmPin:	   82140 kB
20220314 013347.198 INFO             PET1 PIOc_freedecomp Enter - MemInfo: [/proc/self/status]	VmHWM:	  164680 kB
20220314 013347.198 INFO             PET1 PIOc_freedecomp Enter - MemInfo: [/proc/self/status]	VmRSS:	  164680 kB
20220314 013347.198 INFO             PET1 PIOc_freedecomp Enter - MemInfo: [/proc/self/status]	VmData:	  268356 kB
20220314 013347.198 INFO             PET1 PIOc_freedecomp Enter - MemInfo: [/proc/self/status]	VmStk:	     512 kB
20220314 013347.198 INFO             PET1 PIOc_freedecomp Enter - MemInfo: [/proc/self/status]	VmExe:	    1764 kB
20220314 013347.198 INFO             PET1 PIOc_freedecomp Enter - MemInfo: [/proc/self/status]	VmLib:	  156408 kB
20220314 013347.198 INFO             PET1 PIOc_freedecomp Enter - MemInfo: [/proc/self/status]	VmPTE:	     796 kB
20220314 013347.198 INFO             PET1 PIOc_freedecomp Enter - MemInfo: [/proc/self/status]	VmPMD:	      28 kB
20220314 013347.198 INFO             PET1 PIOc_freedecomp Enter - MemInfo: [/proc/self/status]	VmSwap:	       0 kB
20220314 013347.198 INFO             PET1 PIOc_freedecomp Enter - MemInfo: [/proc/self/status]	VmRSSPercent: 0.125333 %
20220314 013347.198 INFO             PET1 PIOc_freedecomp Enter - MemInfo: [malloc] Non-mmapped space allocated:                 2490368 Byte
20220314 013347.198 INFO             PET1 PIOc_freedecomp Enter - MemInfo: [malloc] Space allocated in mmapped regions:         85999616 Byte
20220314 013347.198 INFO             PET1 PIOc_freedecomp Enter - MemInfo: [malloc] Maximum total allocated space:                     0 Byte
20220314 013347.198 INFO             PET1 PIOc_freedecomp Enter - MemInfo: [malloc] Space in freed fastbin blocks:                   368 Byte
20220314 013347.198 INFO             PET1 PIOc_freedecomp Enter - MemInfo: [malloc] Total allocated space:                       2251024 Byte
20220314 013347.198 INFO             PET1 PIOc_freedecomp Enter - MemInfo: [malloc] Total free space:                             239344 Byte
20220314 013347.198 INFO             PET1 PIOc_freedecomp Enter - MemInfo: [malloc] Top-most, releasable space:                   105232 Byte
20220314 013347.198 INFO             PET1 PIOc_freedecomp Enter - MemInfo: [malloc] Total space in use, mmap + non-mmap:        88250640 Byte
20220314 013347.198 INFO             PET1 PIOc_freedecomp Enter - MemInfo: [malloc] Total space held (mmap + non-mmap):         88489984 Byte
20220314 013347.198 INFO             PET1 PIOc_freedecomp Enter - MemInfo: [malloc] Total space used (mmap + non-mmap):         88260000 Byte
20220314 013347.198 INFO             PET1 PIOc_freedecomp Enter - MemInfo: Wall-clock time since execution start:              0.0236221 seconds
20220314 013347.198 INFO             PET1 PIOc_freedecomp Exit - MemInfo: [/proc/meminfo - SSI]	MemTotal:       131394444 kB
20220314 013347.198 INFO             PET1 PIOc_freedecomp Exit - MemInfo: [/proc/meminfo - SSI]	MemFree:        122173864 kB
20220314 013347.198 INFO             PET1 PIOc_freedecomp Exit - MemInfo: [/proc/meminfo - SSI]	MemAvailable:   121900660 kB
20220314 013347.198 INFO             PET1 PIOc_freedecomp Exit - MemInfo: [/proc/meminfo - SSI]	Committed_AS:    4339976 kB
20220314 013347.198 INFO             PET1 PIOc_freedecomp Exit - MemInfo: [/proc/meminfo - SSI]	CommittedPercent: 3.30301 %
20220314 013347.198 INFO             PET1 PIOc_freedecomp Exit - MemInfo: [/proc/self/status]	VmPeak:	 3854160 kB
20220314 013347.198 INFO             PET1 PIOc_freedecomp Exit - MemInfo: [/proc/self/status]	VmSize:	 3851668 kB
20220314 013347.198 INFO             PET1 PIOc_freedecomp Exit - MemInfo: [/proc/self/status]	VmLck:	       0 kB
20220314 013347.198 INFO             PET1 PIOc_freedecomp Exit - MemInfo: [/proc/self/status]	VmPin:	   82140 kB
20220314 013347.198 INFO             PET1 PIOc_freedecomp Exit - MemInfo: [/proc/self/status]	VmHWM:	  164684 kB
20220314 013347.198 INFO             PET1 PIOc_freedecomp Exit - MemInfo: [/proc/self/status]	VmRSS:	  164684 kB
20220314 013347.198 INFO             PET1 PIOc_freedecomp Exit - MemInfo: [/proc/self/status]	VmData:	  268356 kB
20220314 013347.198 INFO             PET1 PIOc_freedecomp Exit - MemInfo: [/proc/self/status]	VmStk:	     512 kB
20220314 013347.198 INFO             PET1 PIOc_freedecomp Exit - MemInfo: [/proc/self/status]	VmExe:	    1764 kB
20220314 013347.198 INFO             PET1 PIOc_freedecomp Exit - MemInfo: [/proc/self/status]	VmLib:	  156408 kB
20220314 013347.198 INFO             PET1 PIOc_freedecomp Exit - MemInfo: [/proc/self/status]	VmPTE:	     796 kB
20220314 013347.198 INFO             PET1 PIOc_freedecomp Exit - MemInfo: [/proc/self/status]	VmPMD:	      28 kB
20220314 013347.198 INFO             PET1 PIOc_freedecomp Exit - MemInfo: [/proc/self/status]	VmSwap:	       0 kB
20220314 013347.198 INFO             PET1 PIOc_freedecomp Exit - MemInfo: [/proc/self/status]	VmRSSPercent: 0.125336 %
20220314 013347.198 INFO             PET1 PIOc_freedecomp Exit - MemInfo: [malloc] Non-mmapped space allocated:                 2490368 Byte
20220314 013347.198 INFO             PET1 PIOc_freedecomp Exit - MemInfo: [malloc] Space allocated in mmapped regions:         85999616 Byte
20220314 013347.198 INFO             PET1 PIOc_freedecomp Exit - MemInfo: [malloc] Maximum total allocated space:                     0 Byte
20220314 013347.198 INFO             PET1 PIOc_freedecomp Exit - MemInfo: [malloc] Space in freed fastbin blocks:                   352 Byte
20220314 013347.198 INFO             PET1 PIOc_freedecomp Exit - MemInfo: [malloc] Total allocated space:                       2249648 Byte
20220314 013347.198 INFO             PET1 PIOc_freedecomp Exit - MemInfo: [malloc] Total free space:                             240720 Byte
20220314 013347.198 INFO             PET1 PIOc_freedecomp Exit - MemInfo: [malloc] Top-most, releasable space:                   105888 Byte
20220314 013347.198 INFO             PET1 PIOc_freedecomp Exit - MemInfo: [malloc] Total space in use, mmap + non-mmap:        88249264 Byte
20220314 013347.198 INFO             PET1 PIOc_freedecomp Exit - MemInfo: [malloc] Total space held (mmap + non-mmap):         88489984 Byte
20220314 013347.198 INFO             PET1 PIOc_freedecomp Exit - MemInfo: [malloc] Total space used (mmap + non-mmap):         88258624 Byte
20220314 013347.198 INFO             PET1 PIOc_freedecomp Exit - MemInfo: Wall-clock time since execution start:               0.024119 seconds
20220314 013347.200 INFO             PET1 PIOc_sync Enter - MemInfo: [/proc/meminfo - SSI]	MemTotal:       131394444 kB
20220314 013347.200 INFO             PET1 PIOc_sync Enter - MemInfo: [/proc/meminfo - SSI]	MemFree:        122173864 kB
20220314 013347.200 INFO             PET1 PIOc_sync Enter - MemInfo: [/proc/meminfo - SSI]	MemAvailable:   121900660 kB
20220314 013347.200 INFO             PET1 PIOc_sync Enter - MemInfo: [/proc/meminfo - SSI]	Committed_AS:    4339976 kB
20220314 013347.200 INFO             PET1 PIOc_sync Enter - MemInfo: [/proc/meminfo - SSI]	CommittedPercent: 3.30301 %
20220314 013347.200 INFO             PET1 PIOc_sync Enter - MemInfo: [/proc/self/status]	VmPeak:	 3854160 kB
20220314 013347.200 INFO             PET1 PIOc_sync Enter - MemInfo: [/proc/self/status]	VmSize:	 3851668 kB
20220314 013347.200 INFO             PET1 PIOc_sync Enter - MemInfo: [/proc/self/status]	VmLck:	       0 kB
20220314 013347.200 INFO             PET1 PIOc_sync Enter - MemInfo: [/proc/self/status]	VmPin:	   82140 kB
20220314 013347.200 INFO             PET1 PIOc_sync Enter - MemInfo: [/proc/self/status]	VmHWM:	  164848 kB
20220314 013347.200 INFO             PET1 PIOc_sync Enter - MemInfo: [/proc/self/status]	VmRSS:	  164848 kB
20220314 013347.200 INFO             PET1 PIOc_sync Enter - MemInfo: [/proc/self/status]	VmData:	  268356 kB
20220314 013347.200 INFO             PET1 PIOc_sync Enter - MemInfo: [/proc/self/status]	VmStk:	     512 kB
20220314 013347.200 INFO             PET1 PIOc_sync Enter - MemInfo: [/proc/self/status]	VmExe:	    1764 kB
20220314 013347.200 INFO             PET1 PIOc_sync Enter - MemInfo: [/proc/self/status]	VmLib:	  156408 kB
20220314 013347.200 INFO             PET1 PIOc_sync Enter - MemInfo: [/proc/self/status]	VmPTE:	     796 kB
20220314 013347.200 INFO             PET1 PIOc_sync Enter - MemInfo: [/proc/self/status]	VmPMD:	      28 kB
20220314 013347.200 INFO             PET1 PIOc_sync Enter - MemInfo: [/proc/self/status]	VmSwap:	       0 kB
20220314 013347.200 INFO             PET1 PIOc_sync Enter - MemInfo: [/proc/self/status]	VmRSSPercent: 0.12546 %
20220314 013347.200 INFO             PET1 PIOc_sync Enter - MemInfo: [malloc] Non-mmapped space allocated:                 2490368 Byte
20220314 013347.200 INFO             PET1 PIOc_sync Enter - MemInfo: [malloc] Space allocated in mmapped regions:         85999616 Byte
20220314 013347.200 INFO             PET1 PIOc_sync Enter - MemInfo: [malloc] Maximum total allocated space:                     0 Byte
20220314 013347.200 INFO             PET1 PIOc_sync Enter - MemInfo: [malloc] Space in freed fastbin blocks:                   896 Byte
20220314 013347.200 INFO             PET1 PIOc_sync Enter - MemInfo: [malloc] Total allocated space:                       2253552 Byte
20220314 013347.200 INFO             PET1 PIOc_sync Enter - MemInfo: [malloc] Total free space:                             236816 Byte
20220314 013347.200 INFO             PET1 PIOc_sync Enter - MemInfo: [malloc] Top-most, releasable space:                   102672 Byte
20220314 013347.200 INFO             PET1 PIOc_sync Enter - MemInfo: [malloc] Total space in use, mmap + non-mmap:        88253168 Byte
20220314 013347.200 INFO             PET1 PIOc_sync Enter - MemInfo: [malloc] Total space held (mmap + non-mmap):         88489984 Byte
20220314 013347.200 INFO             PET1 PIOc_sync Enter - MemInfo: [malloc] Total space used (mmap + non-mmap):         88262528 Byte
20220314 013347.200 INFO             PET1 PIOc_sync Enter - MemInfo: Wall-clock time since execution start:              0.0260558 seconds
20220314 013347.201 INFO             PET1 PIOc_sync Exit - MemInfo: [/proc/meminfo - SSI]	MemTotal:       131394444 kB
20220314 013347.201 INFO             PET1 PIOc_sync Exit - MemInfo: [/proc/meminfo - SSI]	MemFree:        122173864 kB
20220314 013347.201 INFO             PET1 PIOc_sync Exit - MemInfo: [/proc/meminfo - SSI]	MemAvailable:   121900660 kB
20220314 013347.201 INFO             PET1 PIOc_sync Exit - MemInfo: [/proc/meminfo - SSI]	Committed_AS:    4339976 kB
20220314 013347.201 INFO             PET1 PIOc_sync Exit - MemInfo: [/proc/meminfo - SSI]	CommittedPercent: 3.30301 %
20220314 013347.201 INFO             PET1 PIOc_sync Exit - MemInfo: [/proc/self/status]	VmPeak:	 3854160 kB
20220314 013347.201 INFO             PET1 PIOc_sync Exit - MemInfo: [/proc/self/status]	VmSize:	 3851668 kB
20220314 013347.201 INFO             PET1 PIOc_sync Exit - MemInfo: [/proc/self/status]	VmLck:	       0 kB
20220314 013347.201 INFO             PET1 PIOc_sync Exit - MemInfo: [/proc/self/status]	VmPin:	   82140 kB
20220314 013347.201 INFO             PET1 PIOc_sync Exit - MemInfo: [/proc/self/status]	VmHWM:	  164848 kB
20220314 013347.201 INFO             PET1 PIOc_sync Exit - MemInfo: [/proc/self/status]	VmRSS:	  164848 kB
20220314 013347.201 INFO             PET1 PIOc_sync Exit - MemInfo: [/proc/self/status]	VmData:	  268356 kB
20220314 013347.201 INFO             PET1 PIOc_sync Exit - MemInfo: [/proc/self/status]	VmStk:	     512 kB
20220314 013347.201 INFO             PET1 PIOc_sync Exit - MemInfo: [/proc/self/status]	VmExe:	    1764 kB
20220314 013347.201 INFO             PET1 PIOc_sync Exit - MemInfo: [/proc/self/status]	VmLib:	  156408 kB
20220314 013347.201 INFO             PET1 PIOc_sync Exit - MemInfo: [/proc/self/status]	VmPTE:	     796 kB
20220314 013347.201 INFO             PET1 PIOc_sync Exit - MemInfo: [/proc/self/status]	VmPMD:	      28 kB
20220314 013347.201 INFO             PET1 PIOc_sync Exit - MemInfo: [/proc/self/status]	VmSwap:	       0 kB
20220314 013347.201 INFO             PET1 PIOc_sync Exit - MemInfo: [/proc/self/status]	VmRSSPercent: 0.12546 %
20220314 013347.201 INFO             PET1 PIOc_sync Exit - MemInfo: [malloc] Non-mmapped space allocated:                 2490368 Byte
20220314 013347.201 INFO             PET1 PIOc_sync Exit - MemInfo: [malloc] Space allocated in mmapped regions:         85999616 Byte
20220314 013347.201 INFO             PET1 PIOc_sync Exit - MemInfo: [malloc] Maximum total allocated space:                     0 Byte
20220314 013347.201 INFO             PET1 PIOc_sync Exit - MemInfo: [malloc] Space in freed fastbin blocks:                   144 Byte
20220314 013347.201 INFO             PET1 PIOc_sync Exit - MemInfo: [malloc] Total allocated space:                       2252768 Byte
20220314 013347.201 INFO             PET1 PIOc_sync Exit - MemInfo: [malloc] Total free space:                             237600 Byte
20220314 013347.201 INFO             PET1 PIOc_sync Exit - MemInfo: [malloc] Top-most, releasable space:                   104000 Byte
20220314 013347.201 INFO             PET1 PIOc_sync Exit - MemInfo: [malloc] Total space in use, mmap + non-mmap:        88252384 Byte
20220314 013347.201 INFO             PET1 PIOc_sync Exit - MemInfo: [malloc] Total space held (mmap + non-mmap):         88489984 Byte
20220314 013347.201 INFO             PET1 PIOc_sync Exit - MemInfo: [malloc] Total space used (mmap + non-mmap):         88261744 Byte
20220314 013347.201 INFO             PET1 PIOc_sync Exit - MemInfo: Wall-clock time since execution start:              0.0266957 seconds
20220314 013347.201 INFO             PET1 PIOc_freedecomp Enter - MemInfo: [/proc/meminfo - SSI]	MemTotal:       131394444 kB
20220314 013347.201 INFO             PET1 PIOc_freedecomp Enter - MemInfo: [/proc/meminfo - SSI]	MemFree:        122173864 kB
20220314 013347.201 INFO             PET1 PIOc_freedecomp Enter - MemInfo: [/proc/meminfo - SSI]	MemAvailable:   121900660 kB
20220314 013347.201 INFO             PET1 PIOc_freedecomp Enter - MemInfo: [/proc/meminfo - SSI]	Committed_AS:    4339976 kB
20220314 013347.201 INFO             PET1 PIOc_freedecomp Enter - MemInfo: [/proc/meminfo - SSI]	CommittedPercent: 3.30301 %
20220314 013347.201 INFO             PET1 PIOc_freedecomp Enter - MemInfo: [/proc/self/status]	VmPeak:	 3854160 kB
20220314 013347.201 INFO             PET1 PIOc_freedecomp Enter - MemInfo: [/proc/self/status]	VmSize:	 3851668 kB
20220314 013347.201 INFO             PET1 PIOc_freedecomp Enter - MemInfo: [/proc/self/status]	VmLck:	       0 kB
20220314 013347.201 INFO             PET1 PIOc_freedecomp Enter - MemInfo: [/proc/self/status]	VmPin:	   82140 kB
20220314 013347.201 INFO             PET1 PIOc_freedecomp Enter - MemInfo: [/proc/self/status]	VmHWM:	  164848 kB
20220314 013347.201 INFO             PET1 PIOc_freedecomp Enter - MemInfo: [/proc/self/status]	VmRSS:	  164848 kB
20220314 013347.201 INFO             PET1 PIOc_freedecomp Enter - MemInfo: [/proc/self/status]	VmData:	  268356 kB
20220314 013347.201 INFO             PET1 PIOc_freedecomp Enter - MemInfo: [/proc/self/status]	VmStk:	     512 kB
20220314 013347.201 INFO             PET1 PIOc_freedecomp Enter - MemInfo: [/proc/self/status]	VmExe:	    1764 kB
20220314 013347.201 INFO             PET1 PIOc_freedecomp Enter - MemInfo: [/proc/self/status]	VmLib:	  156408 kB
20220314 013347.201 INFO             PET1 PIOc_freedecomp Enter - MemInfo: [/proc/self/status]	VmPTE:	     796 kB
20220314 013347.201 INFO             PET1 PIOc_freedecomp Enter - MemInfo: [/proc/self/status]	VmPMD:	      28 kB
20220314 013347.201 INFO             PET1 PIOc_freedecomp Enter - MemInfo: [/proc/self/status]	VmSwap:	       0 kB
20220314 013347.201 INFO             PET1 PIOc_freedecomp Enter - MemInfo: [/proc/self/status]	VmRSSPercent: 0.12546 %
20220314 013347.201 INFO             PET1 PIOc_freedecomp Enter - MemInfo: [malloc] Non-mmapped space allocated:                 2490368 Byte
20220314 013347.201 INFO             PET1 PIOc_freedecomp Enter - MemInfo: [malloc] Space allocated in mmapped regions:         85999616 Byte
20220314 013347.201 INFO             PET1 PIOc_freedecomp Enter - MemInfo: [malloc] Maximum total allocated space:                     0 Byte
20220314 013347.201 INFO             PET1 PIOc_freedecomp Enter - MemInfo: [malloc] Space in freed fastbin blocks:                   368 Byte
20220314 013347.201 INFO             PET1 PIOc_freedecomp Enter - MemInfo: [malloc] Total allocated space:                       2251008 Byte
20220314 013347.201 INFO             PET1 PIOc_freedecomp Enter - MemInfo: [malloc] Total free space:                             239360 Byte
20220314 013347.201 INFO             PET1 PIOc_freedecomp Enter - MemInfo: [malloc] Top-most, releasable space:                   104304 Byte
20220314 013347.201 INFO             PET1 PIOc_freedecomp Enter - MemInfo: [malloc] Total space in use, mmap + non-mmap:        88250624 Byte
20220314 013347.201 INFO             PET1 PIOc_freedecomp Enter - MemInfo: [malloc] Total space held (mmap + non-mmap):         88489984 Byte
20220314 013347.201 INFO             PET1 PIOc_freedecomp Enter - MemInfo: [malloc] Total space used (mmap + non-mmap):         88259984 Byte
20220314 013347.201 INFO             PET1 PIOc_freedecomp Enter - MemInfo: Wall-clock time since execution start:              0.0272067 seconds
20220314 013347.202 INFO             PET1 PIOc_freedecomp Exit - MemInfo: [/proc/meminfo - SSI]	MemTotal:       131394444 kB
20220314 013347.202 INFO             PET1 PIOc_freedecomp Exit - MemInfo: [/proc/meminfo - SSI]	MemFree:        122173864 kB
20220314 013347.202 INFO             PET1 PIOc_freedecomp Exit - MemInfo: [/proc/meminfo - SSI]	MemAvailable:   121900660 kB
20220314 013347.202 INFO             PET1 PIOc_freedecomp Exit - MemInfo: [/proc/meminfo - SSI]	Committed_AS:    4339976 kB
20220314 013347.202 INFO             PET1 PIOc_freedecomp Exit - MemInfo: [/proc/meminfo - SSI]	CommittedPercent: 3.30301 %
20220314 013347.202 INFO             PET1 PIOc_freedecomp Exit - MemInfo: [/proc/self/status]	VmPeak:	 3854160 kB
20220314 013347.202 INFO             PET1 PIOc_freedecomp Exit - MemInfo: [/proc/self/status]	VmSize:	 3851668 kB
20220314 013347.202 INFO             PET1 PIOc_freedecomp Exit - MemInfo: [/proc/self/status]	VmLck:	       0 kB
20220314 013347.202 INFO             PET1 PIOc_freedecomp Exit - MemInfo: [/proc/self/status]	VmPin:	   82140 kB
20220314 013347.202 INFO             PET1 PIOc_freedecomp Exit - MemInfo: [/proc/self/status]	VmHWM:	  164848 kB
20220314 013347.202 INFO             PET1 PIOc_freedecomp Exit - MemInfo: [/proc/self/status]	VmRSS:	  164848 kB
20220314 013347.202 INFO             PET1 PIOc_freedecomp Exit - MemInfo: [/proc/self/status]	VmData:	  268356 kB
20220314 013347.202 INFO             PET1 PIOc_freedecomp Exit - MemInfo: [/proc/self/status]	VmStk:	     512 kB
20220314 013347.202 INFO             PET1 PIOc_freedecomp Exit - MemInfo: [/proc/self/status]	VmExe:	    1764 kB
20220314 013347.202 INFO             PET1 PIOc_freedecomp Exit - MemInfo: [/proc/self/status]	VmLib:	  156408 kB
20220314 013347.202 INFO             PET1 PIOc_freedecomp Exit - MemInfo: [/proc/self/status]	VmPTE:	     796 kB
20220314 013347.202 INFO             PET1 PIOc_freedecomp Exit - MemInfo: [/proc/self/status]	VmPMD:	      28 kB
20220314 013347.202 INFO             PET1 PIOc_freedecomp Exit - MemInfo: [/proc/self/status]	VmSwap:	       0 kB
20220314 013347.202 INFO             PET1 PIOc_freedecomp Exit - MemInfo: [/proc/self/status]	VmRSSPercent: 0.12546 %
20220314 013347.202 INFO             PET1 PIOc_freedecomp Exit - MemInfo: [malloc] Non-mmapped space allocated:                 2490368 Byte
20220314 013347.202 INFO             PET1 PIOc_freedecomp Exit - MemInfo: [malloc] Space allocated in mmapped regions:         85999616 Byte
20220314 013347.202 INFO             PET1 PIOc_freedecomp Exit - MemInfo: [malloc] Maximum total allocated space:                     0 Byte
20220314 013347.202 INFO             PET1 PIOc_freedecomp Exit - MemInfo: [malloc] Space in freed fastbin blocks:                   320 Byte
20220314 013347.202 INFO             PET1 PIOc_freedecomp Exit - MemInfo: [malloc] Total allocated space:                       2249648 Byte
20220314 013347.202 INFO             PET1 PIOc_freedecomp Exit - MemInfo: [malloc] Total free space:                             240720 Byte
20220314 013347.202 INFO             PET1 PIOc_freedecomp Exit - MemInfo: [malloc] Top-most, releasable space:                   104832 Byte
20220314 013347.202 INFO             PET1 PIOc_freedecomp Exit - MemInfo: [malloc] Total space in use, mmap + non-mmap:        88249264 Byte
20220314 013347.202 INFO             PET1 PIOc_freedecomp Exit - MemInfo: [malloc] Total space held (mmap + non-mmap):         88489984 Byte
20220314 013347.202 INFO             PET1 PIOc_freedecomp Exit - MemInfo: [malloc] Total space used (mmap + non-mmap):         88258624 Byte
20220314 013347.202 INFO             PET1 PIOc_freedecomp Exit - MemInfo: Wall-clock time since execution start:               0.027698 seconds
20220314 013347.203 INFO             PET1 PIOc_sync Enter - MemInfo: [/proc/meminfo - SSI]	MemTotal:       131394444 kB
20220314 013347.203 INFO             PET1 PIOc_sync Enter - MemInfo: [/proc/meminfo - SSI]	MemFree:        122173396 kB
20220314 013347.203 INFO             PET1 PIOc_sync Enter - MemInfo: [/proc/meminfo - SSI]	MemAvailable:   121900192 kB
20220314 013347.203 INFO             PET1 PIOc_sync Enter - MemInfo: [/proc/meminfo - SSI]	Committed_AS:    4339976 kB
20220314 013347.203 INFO             PET1 PIOc_sync Enter - MemInfo: [/proc/meminfo - SSI]	CommittedPercent: 3.30301 %
20220314 013347.203 INFO             PET1 PIOc_sync Enter - MemInfo: [/proc/self/status]	VmPeak:	 3854160 kB
20220314 013347.203 INFO             PET1 PIOc_sync Enter - MemInfo: [/proc/self/status]	VmSize:	 3851668 kB
20220314 013347.203 INFO             PET1 PIOc_sync Enter - MemInfo: [/proc/self/status]	VmLck:	       0 kB
20220314 013347.203 INFO             PET1 PIOc_sync Enter - MemInfo: [/proc/self/status]	VmPin:	   82140 kB
20220314 013347.203 INFO             PET1 PIOc_sync Enter - MemInfo: [/proc/self/status]	VmHWM:	  165056 kB
20220314 013347.203 INFO             PET1 PIOc_sync Enter - MemInfo: [/proc/self/status]	VmRSS:	  165056 kB
20220314 013347.203 INFO             PET1 PIOc_sync Enter - MemInfo: [/proc/self/status]	VmData:	  268356 kB
20220314 013347.203 INFO             PET1 PIOc_sync Enter - MemInfo: [/proc/self/status]	VmStk:	     512 kB
20220314 013347.203 INFO             PET1 PIOc_sync Enter - MemInfo: [/proc/self/status]	VmExe:	    1764 kB
20220314 013347.203 INFO             PET1 PIOc_sync Enter - MemInfo: [/proc/self/status]	VmLib:	  156408 kB
20220314 013347.203 INFO             PET1 PIOc_sync Enter - MemInfo: [/proc/self/status]	VmPTE:	     796 kB
20220314 013347.203 INFO             PET1 PIOc_sync Enter - MemInfo: [/proc/self/status]	VmPMD:	      28 kB
20220314 013347.203 INFO             PET1 PIOc_sync Enter - MemInfo: [/proc/self/status]	VmSwap:	       0 kB
20220314 013347.204 INFO             PET1 PIOc_sync Enter - MemInfo: [/proc/self/status]	VmRSSPercent: 0.125619 %
20220314 013347.204 INFO             PET1 PIOc_sync Enter - MemInfo: [malloc] Non-mmapped space allocated:                 2490368 Byte
20220314 013347.204 INFO             PET1 PIOc_sync Enter - MemInfo: [malloc] Space allocated in mmapped regions:         85999616 Byte
20220314 013347.204 INFO             PET1 PIOc_sync Enter - MemInfo: [malloc] Maximum total allocated space:                     0 Byte
20220314 013347.204 INFO             PET1 PIOc_sync Enter - MemInfo: [malloc] Space in freed fastbin blocks:                   144 Byte
20220314 013347.204 INFO             PET1 PIOc_sync Enter - MemInfo: [malloc] Total allocated space:                       2253696 Byte
20220314 013347.204 INFO             PET1 PIOc_sync Enter - MemInfo: [malloc] Total free space:                             236672 Byte
20220314 013347.204 INFO             PET1 PIOc_sync Enter - MemInfo: [malloc] Top-most, releasable space:                   103136 Byte
20220314 013347.204 INFO             PET1 PIOc_sync Enter - MemInfo: [malloc] Total space in use, mmap + non-mmap:        88253312 Byte
20220314 013347.204 INFO             PET1 PIOc_sync Enter - MemInfo: [malloc] Total space held (mmap + non-mmap):         88489984 Byte
20220314 013347.204 INFO             PET1 PIOc_sync Enter - MemInfo: [malloc] Total space used (mmap + non-mmap):         88262672 Byte
20220314 013347.204 INFO             PET1 PIOc_sync Enter - MemInfo: Wall-clock time since execution start:              0.0294051 seconds
20220314 013347.204 INFO             PET1 PIOc_sync Exit - MemInfo: [/proc/meminfo - SSI]	MemTotal:       131394444 kB
20220314 013347.204 INFO             PET1 PIOc_sync Exit - MemInfo: [/proc/meminfo - SSI]	MemFree:        122173396 kB
20220314 013347.204 INFO             PET1 PIOc_sync Exit - MemInfo: [/proc/meminfo - SSI]	MemAvailable:   121900192 kB
20220314 013347.204 INFO             PET1 PIOc_sync Exit - MemInfo: [/proc/meminfo - SSI]	Committed_AS:    4339976 kB
20220314 013347.204 INFO             PET1 PIOc_sync Exit - MemInfo: [/proc/meminfo - SSI]	CommittedPercent: 3.30301 %
20220314 013347.204 INFO             PET1 PIOc_sync Exit - MemInfo: [/proc/self/status]	VmPeak:	 3854160 kB
20220314 013347.204 INFO             PET1 PIOc_sync Exit - MemInfo: [/proc/self/status]	VmSize:	 3851668 kB
20220314 013347.204 INFO             PET1 PIOc_sync Exit - MemInfo: [/proc/self/status]	VmLck:	       0 kB
20220314 013347.204 INFO             PET1 PIOc_sync Exit - MemInfo: [/proc/self/status]	VmPin:	   82140 kB
20220314 013347.204 INFO             PET1 PIOc_sync Exit - MemInfo: [/proc/self/status]	VmHWM:	  165056 kB
20220314 013347.204 INFO             PET1 PIOc_sync Exit - MemInfo: [/proc/self/status]	VmRSS:	  165056 kB
20220314 013347.204 INFO             PET1 PIOc_sync Exit - MemInfo: [/proc/self/status]	VmData:	  268356 kB
20220314 013347.204 INFO             PET1 PIOc_sync Exit - MemInfo: [/proc/self/status]	VmStk:	     512 kB
20220314 013347.204 INFO             PET1 PIOc_sync Exit - MemInfo: [/proc/self/status]	VmExe:	    1764 kB
20220314 013347.204 INFO             PET1 PIOc_sync Exit - MemInfo: [/proc/self/status]	VmLib:	  156408 kB
20220314 013347.204 INFO             PET1 PIOc_sync Exit - MemInfo: [/proc/self/status]	VmPTE:	     796 kB
20220314 013347.204 INFO             PET1 PIOc_sync Exit - MemInfo: [/proc/self/status]	VmPMD:	      28 kB
20220314 013347.204 INFO             PET1 PIOc_sync Exit - MemInfo: [/proc/self/status]	VmSwap:	       0 kB
20220314 013347.204 INFO             PET1 PIOc_sync Exit - MemInfo: [/proc/self/status]	VmRSSPercent: 0.125619 %
20220314 013347.204 INFO             PET1 PIOc_sync Exit - MemInfo: [malloc] Non-mmapped space allocated:                 2490368 Byte
20220314 013347.204 INFO             PET1 PIOc_sync Exit - MemInfo: [malloc] Space allocated in mmapped regions:         85999616 Byte
20220314 013347.204 INFO             PET1 PIOc_sync Exit - MemInfo: [malloc] Maximum total allocated space:                     0 Byte
20220314 013347.204 INFO             PET1 PIOc_sync Exit - MemInfo: [malloc] Space in freed fastbin blocks:                   144 Byte
20220314 013347.204 INFO             PET1 PIOc_sync Exit - MemInfo: [malloc] Total allocated space:                       2252912 Byte
20220314 013347.204 INFO             PET1 PIOc_sync Exit - MemInfo: [malloc] Total free space:                             237456 Byte
20220314 013347.204 INFO             PET1 PIOc_sync Exit - MemInfo: [malloc] Top-most, releasable space:                   103792 Byte
20220314 013347.204 INFO             PET1 PIOc_sync Exit - MemInfo: [malloc] Total space in use, mmap + non-mmap:        88252528 Byte
20220314 013347.204 INFO             PET1 PIOc_sync Exit - MemInfo: [malloc] Total space held (mmap + non-mmap):         88489984 Byte
20220314 013347.204 INFO             PET1 PIOc_sync Exit - MemInfo: [malloc] Total space used (mmap + non-mmap):         88261888 Byte
20220314 013347.204 INFO             PET1 PIOc_sync Exit - MemInfo: Wall-clock time since execution start:              0.0300577 seconds
20220314 013347.204 INFO             PET1 PIOc_freedecomp Enter - MemInfo: [/proc/meminfo - SSI]	MemTotal:       131394444 kB
20220314 013347.204 INFO             PET1 PIOc_freedecomp Enter - MemInfo: [/proc/meminfo - SSI]	MemFree:        122173396 kB
20220314 013347.204 INFO             PET1 PIOc_freedecomp Enter - MemInfo: [/proc/meminfo - SSI]	MemAvailable:   121900192 kB
20220314 013347.204 INFO             PET1 PIOc_freedecomp Enter - MemInfo: [/proc/meminfo - SSI]	Committed_AS:    4339976 kB
20220314 013347.204 INFO             PET1 PIOc_freedecomp Enter - MemInfo: [/proc/meminfo - SSI]	CommittedPercent: 3.30301 %
20220314 013347.205 INFO             PET1 PIOc_freedecomp Enter - MemInfo: [/proc/self/status]	VmPeak:	 3854160 kB
20220314 013347.205 INFO             PET1 PIOc_freedecomp Enter - MemInfo: [/proc/self/status]	VmSize:	 3851668 kB
20220314 013347.205 INFO             PET1 PIOc_freedecomp Enter - MemInfo: [/proc/self/status]	VmLck:	       0 kB
20220314 013347.205 INFO             PET1 PIOc_freedecomp Enter - MemInfo: [/proc/self/status]	VmPin:	   82140 kB
20220314 013347.205 INFO             PET1 PIOc_freedecomp Enter - MemInfo: [/proc/self/status]	VmHWM:	  165056 kB
20220314 013347.205 INFO             PET1 PIOc_freedecomp Enter - MemInfo: [/proc/self/status]	VmRSS:	  165056 kB
20220314 013347.205 INFO             PET1 PIOc_freedecomp Enter - MemInfo: [/proc/self/status]	VmData:	  268356 kB
20220314 013347.205 INFO             PET1 PIOc_freedecomp Enter - MemInfo: [/proc/self/status]	VmStk:	     512 kB
20220314 013347.205 INFO             PET1 PIOc_freedecomp Enter - MemInfo: [/proc/self/status]	VmExe:	    1764 kB
20220314 013347.205 INFO             PET1 PIOc_freedecomp Enter - MemInfo: [/proc/self/status]	VmLib:	  156408 kB
20220314 013347.205 INFO             PET1 PIOc_freedecomp Enter - MemInfo: [/proc/self/status]	VmPTE:	     796 kB
20220314 013347.205 INFO             PET1 PIOc_freedecomp Enter - MemInfo: [/proc/self/status]	VmPMD:	      28 kB
20220314 013347.205 INFO             PET1 PIOc_freedecomp Enter - MemInfo: [/proc/self/status]	VmSwap:	       0 kB
20220314 013347.205 INFO             PET1 PIOc_freedecomp Enter - MemInfo: [/proc/self/status]	VmRSSPercent: 0.125619 %
20220314 013347.205 INFO             PET1 PIOc_freedecomp Enter - MemInfo: [malloc] Non-mmapped space allocated:                 2490368 Byte
20220314 013347.205 INFO             PET1 PIOc_freedecomp Enter - MemInfo: [malloc] Space allocated in mmapped regions:         85999616 Byte
20220314 013347.205 INFO             PET1 PIOc_freedecomp Enter - MemInfo: [malloc] Maximum total allocated space:                     0 Byte
20220314 013347.205 INFO             PET1 PIOc_freedecomp Enter - MemInfo: [malloc] Space in freed fastbin blocks:                   240 Byte
20220314 013347.205 INFO             PET1 PIOc_freedecomp Enter - MemInfo: [malloc] Total allocated space:                       2251024 Byte
20220314 013347.205 INFO             PET1 PIOc_freedecomp Enter - MemInfo: [malloc] Total free space:                             239344 Byte
20220314 013347.205 INFO             PET1 PIOc_freedecomp Enter - MemInfo: [malloc] Top-most, releasable space:                   104096 Byte
20220314 013347.205 INFO             PET1 PIOc_freedecomp Enter - MemInfo: [malloc] Total space in use, mmap + non-mmap:        88250640 Byte
20220314 013347.205 INFO             PET1 PIOc_freedecomp Enter - MemInfo: [malloc] Total space held (mmap + non-mmap):         88489984 Byte
20220314 013347.205 INFO             PET1 PIOc_freedecomp Enter - MemInfo: [malloc] Total space used (mmap + non-mmap):         88260000 Byte
20220314 013347.205 INFO             PET1 PIOc_freedecomp Enter - MemInfo: Wall-clock time since execution start:              0.0305959 seconds
20220314 013347.205 INFO             PET1 PIOc_freedecomp Exit - MemInfo: [/proc/meminfo - SSI]	MemTotal:       131394444 kB
20220314 013347.205 INFO             PET1 PIOc_freedecomp Exit - MemInfo: [/proc/meminfo - SSI]	MemFree:        122173396 kB
20220314 013347.205 INFO             PET1 PIOc_freedecomp Exit - MemInfo: [/proc/meminfo - SSI]	MemAvailable:   121900192 kB
20220314 013347.205 INFO             PET1 PIOc_freedecomp Exit - MemInfo: [/proc/meminfo - SSI]	Committed_AS:    4339976 kB
20220314 013347.205 INFO             PET1 PIOc_freedecomp Exit - MemInfo: [/proc/meminfo - SSI]	CommittedPercent: 3.30301 %
20220314 013347.205 INFO             PET1 PIOc_freedecomp Exit - MemInfo: [/proc/self/status]	VmPeak:	 3854160 kB
20220314 013347.205 INFO             PET1 PIOc_freedecomp Exit - MemInfo: [/proc/self/status]	VmSize:	 3851668 kB
20220314 013347.205 INFO             PET1 PIOc_freedecomp Exit - MemInfo: [/proc/self/status]	VmLck:	       0 kB
20220314 013347.205 INFO             PET1 PIOc_freedecomp Exit - MemInfo: [/proc/self/status]	VmPin:	   82140 kB
20220314 013347.205 INFO             PET1 PIOc_freedecomp Exit - MemInfo: [/proc/self/status]	VmHWM:	  165056 kB
20220314 013347.205 INFO             PET1 PIOc_freedecomp Exit - MemInfo: [/proc/self/status]	VmRSS:	  165056 kB
20220314 013347.205 INFO             PET1 PIOc_freedecomp Exit - MemInfo: [/proc/self/status]	VmData:	  268356 kB
20220314 013347.205 INFO             PET1 PIOc_freedecomp Exit - MemInfo: [/proc/self/status]	VmStk:	     512 kB
20220314 013347.205 INFO             PET1 PIOc_freedecomp Exit - MemInfo: [/proc/self/status]	VmExe:	    1764 kB
20220314 013347.205 INFO             PET1 PIOc_freedecomp Exit - MemInfo: [/proc/self/status]	VmLib:	  156408 kB
20220314 013347.205 INFO             PET1 PIOc_freedecomp Exit - MemInfo: [/proc/self/status]	VmPTE:	     796 kB
20220314 013347.205 INFO             PET1 PIOc_freedecomp Exit - MemInfo: [/proc/self/status]	VmPMD:	      28 kB
20220314 013347.205 INFO             PET1 PIOc_freedecomp Exit - MemInfo: [/proc/self/status]	VmSwap:	       0 kB
20220314 013347.205 INFO             PET1 PIOc_freedecomp Exit - MemInfo: [/proc/self/status]	VmRSSPercent: 0.125619 %
20220314 013347.205 INFO             PET1 PIOc_freedecomp Exit - MemInfo: [malloc] Non-mmapped space allocated:                 2490368 Byte
20220314 013347.205 INFO             PET1 PIOc_freedecomp Exit - MemInfo: [malloc] Space allocated in mmapped regions:         85999616 Byte
20220314 013347.205 INFO             PET1 PIOc_freedecomp Exit - MemInfo: [malloc] Maximum total allocated space:                     0 Byte
20220314 013347.205 INFO             PET1 PIOc_freedecomp Exit - MemInfo: [malloc] Space in freed fastbin blocks:                   352 Byte
20220314 013347.205 INFO             PET1 PIOc_freedecomp Exit - MemInfo: [malloc] Total allocated space:                       2249648 Byte
20220314 013347.205 INFO             PET1 PIOc_freedecomp Exit - MemInfo: [malloc] Total free space:                             240720 Byte
20220314 013347.205 INFO             PET1 PIOc_freedecomp Exit - MemInfo: [malloc] Top-most, releasable space:                   104624 Byte
20220314 013347.205 INFO             PET1 PIOc_freedecomp Exit - MemInfo: [malloc] Total space in use, mmap + non-mmap:        88249264 Byte
20220314 013347.205 INFO             PET1 PIOc_freedecomp Exit - MemInfo: [malloc] Total space held (mmap + non-mmap):         88489984 Byte
20220314 013347.205 INFO             PET1 PIOc_freedecomp Exit - MemInfo: [malloc] Total space used (mmap + non-mmap):         88258624 Byte
20220314 013347.205 INFO             PET1 PIOc_freedecomp Exit - MemInfo: Wall-clock time since execution start:              0.0311032 seconds
20220314 013347.206 INFO             PET1  PASS  ESMF_OutputWeightFile, ESMF_IOUTest.F90, line 81
20220314 013347.209 INFO             PET1  PASS  call ESMF_OutputWeightFile with empty factor list on four PETs, ESMF_IOUTest.F90, line 191
20220314 013347.209 INFO             PET1  Ending Test, file ESMF_IOUTest.F90, line 201
20220314 013347.209 INFO             PET1 Finalizing ESMF
20220314 013347.187 INFO             PET2 !!!!!!!!!!!!!!!!!!!!!!!!!!!!!!!!!!!!!!!!!!!!!!!!!!!!!!
20220314 013347.187 INFO             PET2 !!! THE ESMF_LOG IS SET TO OUTPUT ALL LOG MESSAGES !!!
20220314 013347.187 INFO             PET2 !!!     THIS MAY CAUSE SLOWDOWN IN PERFORMANCE     !!!
20220314 013347.187 INFO             PET2 !!! FOR PRODUCTION RUNS, USE:                      !!!
20220314 013347.187 INFO             PET2 !!!                   ESMF_LOGKIND_Multi_On_Error  !!!
20220314 013347.187 INFO             PET2 !!!!!!!!!!!!!!!!!!!!!!!!!!!!!!!!!!!!!!!!!!!!!!!!!!!!!!
20220314 013347.187 INFO             PET2 Running with ESMF Version   : v8.3.0b09-96-g559b459836
20220314 013347.187 INFO             PET2 ESMF library build date/time: "Mar 14 2022" "01:16:57"
20220314 013347.187 INFO             PET2 ESMF library build location : /gpfsm/dnb04/projects/p98/mpotts/esmf/intel_2020_intelmpi_g_jedwards_pio_update2
20220314 013347.187 INFO             PET2 ESMF_COMM                   : intelmpi
20220314 013347.188 INFO             PET2 ESMF_MOAB                   : enabled
20220314 013347.188 INFO             PET2 ESMF_LAPACK                 : enabled
20220314 013347.188 INFO             PET2 ESMF_NETCDF                 : enabled
20220314 013347.188 INFO             PET2 ESMF_PNETCDF                : disabled
20220314 013347.188 INFO             PET2 ESMF_PIO                    : enabled
20220314 013347.188 INFO             PET2 ESMF_YAMLCPP                : enabled
20220314 013347.188 INFO             PET2  Beginning Test, file ESMF_IOUTest.F90, line 57
20220314 013347.188 INFO             PET2  NUMBER_OF_PROCESSORS           4
20220314 013347.188 INFO             PET2 Starting Test:  ESMF_OutputWeightFile
20220314 013347.195 INFO             PET2 PIOc_sync Enter - MemInfo: [/proc/meminfo - SSI]	MemTotal:       131394444 kB
20220314 013347.195 INFO             PET2 PIOc_sync Enter - MemInfo: [/proc/meminfo - SSI]	MemFree:        122173148 kB
20220314 013347.195 INFO             PET2 PIOc_sync Enter - MemInfo: [/proc/meminfo - SSI]	MemAvailable:   121899944 kB
20220314 013347.195 INFO             PET2 PIOc_sync Enter - MemInfo: [/proc/meminfo - SSI]	Committed_AS:    4339976 kB
20220314 013347.195 INFO             PET2 PIOc_sync Enter - MemInfo: [/proc/meminfo - SSI]	CommittedPercent: 3.30301 %
20220314 013347.195 INFO             PET2 PIOc_sync Enter - MemInfo: [/proc/self/status]	VmPeak:	 3854160 kB
20220314 013347.195 INFO             PET2 PIOc_sync Enter - MemInfo: [/proc/self/status]	VmSize:	 3829136 kB
20220314 013347.195 INFO             PET2 PIOc_sync Enter - MemInfo: [/proc/self/status]	VmLck:	       0 kB
20220314 013347.195 INFO             PET2 PIOc_sync Enter - MemInfo: [/proc/self/status]	VmPin:	   82140 kB
20220314 013347.195 INFO             PET2 PIOc_sync Enter - MemInfo: [/proc/self/status]	VmHWM:	  166936 kB
20220314 013347.195 INFO             PET2 PIOc_sync Enter - MemInfo: [/proc/self/status]	VmRSS:	  166936 kB
20220314 013347.195 INFO             PET2 PIOc_sync Enter - MemInfo: [/proc/self/status]	VmData:	  245824 kB
20220314 013347.195 INFO             PET2 PIOc_sync Enter - MemInfo: [/proc/self/status]	VmStk:	     512 kB
20220314 013347.195 INFO             PET2 PIOc_sync Enter - MemInfo: [/proc/self/status]	VmExe:	    1764 kB
20220314 013347.195 INFO             PET2 PIOc_sync Enter - MemInfo: [/proc/self/status]	VmLib:	  156408 kB
20220314 013347.195 INFO             PET2 PIOc_sync Enter - MemInfo: [/proc/self/status]	VmPTE:	     816 kB
20220314 013347.195 INFO             PET2 PIOc_sync Enter - MemInfo: [/proc/self/status]	VmPMD:	      32 kB
20220314 013347.195 INFO             PET2 PIOc_sync Enter - MemInfo: [/proc/self/status]	VmSwap:	       0 kB
20220314 013347.195 INFO             PET2 PIOc_sync Enter - MemInfo: [/proc/self/status]	VmRSSPercent: 0.12705 %
20220314 013347.195 INFO             PET2 PIOc_sync Enter - MemInfo: [malloc] Non-mmapped space allocated:                25559040 Byte
20220314 013347.195 INFO             PET2 PIOc_sync Enter - MemInfo: [malloc] Space allocated in mmapped regions:         62926848 Byte
20220314 013347.195 INFO             PET2 PIOc_sync Enter - MemInfo: [malloc] Maximum total allocated space:                     0 Byte
20220314 013347.195 INFO             PET2 PIOc_sync Enter - MemInfo: [malloc] Space in freed fastbin blocks:                   672 Byte
20220314 013347.195 INFO             PET2 PIOc_sync Enter - MemInfo: [malloc] Total allocated space:                      23224992 Byte
20220314 013347.195 INFO             PET2 PIOc_sync Enter - MemInfo: [malloc] Total free space:                            2334048 Byte
20220314 013347.195 INFO             PET2 PIOc_sync Enter - MemInfo: [malloc] Top-most, releasable space:                   102992 Byte
20220314 013347.195 INFO             PET2 PIOc_sync Enter - MemInfo: [malloc] Total space in use, mmap + non-mmap:        86151840 Byte
20220314 013347.195 INFO             PET2 PIOc_sync Enter - MemInfo: [malloc] Total space held (mmap + non-mmap):         88485888 Byte
20220314 013347.195 INFO             PET2 PIOc_sync Enter - MemInfo: [malloc] Total space used (mmap + non-mmap):         86161200 Byte
20220314 013347.195 INFO             PET2 PIOc_sync Enter - MemInfo: Wall-clock time since execution start:              0.0167911 seconds
20220314 013347.196 INFO             PET2 PIOc_sync Exit - MemInfo: [/proc/meminfo - SSI]	MemTotal:       131394444 kB
20220314 013347.196 INFO             PET2 PIOc_sync Exit - MemInfo: [/proc/meminfo - SSI]	MemFree:        122172652 kB
20220314 013347.196 INFO             PET2 PIOc_sync Exit - MemInfo: [/proc/meminfo - SSI]	MemAvailable:   121899448 kB
20220314 013347.196 INFO             PET2 PIOc_sync Exit - MemInfo: [/proc/meminfo - SSI]	Committed_AS:    4339976 kB
20220314 013347.197 INFO             PET2 PIOc_sync Exit - MemInfo: [/proc/meminfo - SSI]	CommittedPercent: 3.30301 %
20220314 013347.197 INFO             PET2 PIOc_sync Exit - MemInfo: [/proc/self/status]	VmPeak:	 3854160 kB
20220314 013347.197 INFO             PET2 PIOc_sync Exit - MemInfo: [/proc/self/status]	VmSize:	 3829136 kB
20220314 013347.197 INFO             PET2 PIOc_sync Exit - MemInfo: [/proc/self/status]	VmLck:	       0 kB
20220314 013347.197 INFO             PET2 PIOc_sync Exit - MemInfo: [/proc/self/status]	VmPin:	   82140 kB
20220314 013347.197 INFO             PET2 PIOc_sync Exit - MemInfo: [/proc/self/status]	VmHWM:	  167092 kB
20220314 013347.197 INFO             PET2 PIOc_sync Exit - MemInfo: [/proc/self/status]	VmRSS:	  167092 kB
20220314 013347.197 INFO             PET2 PIOc_sync Exit - MemInfo: [/proc/self/status]	VmData:	  245824 kB
20220314 013347.197 INFO             PET2 PIOc_sync Exit - MemInfo: [/proc/self/status]	VmStk:	     512 kB
20220314 013347.197 INFO             PET2 PIOc_sync Exit - MemInfo: [/proc/self/status]	VmExe:	    1764 kB
20220314 013347.197 INFO             PET2 PIOc_sync Exit - MemInfo: [/proc/self/status]	VmLib:	  156408 kB
